Java HotSpot(TM) 64-Bit Server VM (24.80-b11) for linux-amd64 JRE (1.7.0_80-b15), built on Apr 10 2015 19:53:14 by "java_re" with gcc 4.3.0 20080428 (Red Hat 4.3.0-8)
Memory: 4k page, physical 8000092k(6104240k free), swap 8218620k(8218620k free)
CommandLine flags: -XX:InitialHeapSize=128001472 -XX:MaxHeapSize=2048023552 -XX:+PrintGC -XX:+PrintGCApplicationConcurrentTime -XX:+PrintGCApplicationStoppedTime -XX:+PrintGCDetails -XX:+PrintGCTimeStamps -XX:+UseCompressedOops -XX:+UseParNewGC 
1.007: Application time: 0.9869450 seconds
1.007: Total time for which application threads were stopped: 0.0000450 seconds, Stopping threads took: 0.0000120 seconds
4.025: Application time: 3.0184270 seconds
4.025: Total time for which application threads were stopped: 0.0000650 seconds, Stopping threads took: 0.0000100 seconds
14.979: Application time: 10.9533270 seconds
14.979: Total time for which application threads were stopped: 0.0000330 seconds, Stopping threads took: 0.0000180 seconds
14.979: Application time: 0.0000890 seconds
14.979: Total time for which application threads were stopped: 0.0000090 seconds, Stopping threads took: 0.0000040 seconds
14.980: Application time: 0.0015110 seconds
14.980: Total time for which application threads were stopped: 0.0000240 seconds, Stopping threads took: 0.0000080 seconds
14.999: Application time: 0.0185040 seconds
14.999: Total time for which application threads were stopped: 0.0000410 seconds, Stopping threads took: 0.0000100 seconds
15.013: Application time: 0.0140070 seconds
15.013: [Full GC15.013: [Tenured: 0K->3145K(83392K), 0.0088510 secs] 11089K->3145K(120896K), [Perm : 5076K->5076K(21248K)], 0.0089110 secs] [Times: user=0.00 sys=0.01, real=0.01 secs] 
15.022: Total time for which application threads were stopped: 0.0089780 seconds, Stopping threads took: 0.0000180 seconds
15.022: Application time: 0.0000760 seconds
15.022: [Full GC15.022: [Tenured: 3145K->3145K(83392K), 0.0057280 secs] 3145K->3145K(120960K), [Perm : 5076K->5076K(21248K)], 0.0057550 secs] [Times: user=0.01 sys=0.00, real=0.01 secs] 
15.028: Total time for which application threads were stopped: 0.0058140 seconds, Stopping threads took: 0.0000190 seconds
15.028: Application time: 0.0001830 seconds
15.028: Total time for which application threads were stopped: 0.0000600 seconds, Stopping threads took: 0.0000360 seconds
15.028: Application time: 0.0000590 seconds
15.028: Total time for which application threads were stopped: 0.0000280 seconds, Stopping threads took: 0.0000210 seconds
15.028: Application time: 0.0000570 seconds
15.028: Total time for which application threads were stopped: 0.0000530 seconds, Stopping threads took: 0.0000450 seconds
15.028: Application time: 0.0000310 seconds
15.028: Total time for which application threads were stopped: 0.0000200 seconds, Stopping threads took: 0.0000160 seconds
15.028: Application time: 0.0000110 seconds
15.028: Total time for which application threads were stopped: 0.0000150 seconds, Stopping threads took: 0.0000110 seconds
15.028: Application time: 0.0000130 seconds
15.028: Total time for which application threads were stopped: 0.0000150 seconds, Stopping threads took: 0.0000120 seconds
15.028: Application time: 0.0000120 seconds
15.028: Total time for which application threads were stopped: 0.0000150 seconds, Stopping threads took: 0.0000110 seconds
15.028: Application time: 0.0000110 seconds
15.028: Total time for which application threads were stopped: 0.0000130 seconds, Stopping threads took: 0.0000100 seconds
15.028: Application time: 0.0000100 seconds
15.028: Total time for which application threads were stopped: 0.0000140 seconds, Stopping threads took: 0.0000110 seconds
15.028: Application time: 0.0000110 seconds
15.028: Total time for which application threads were stopped: 0.0000190 seconds, Stopping threads took: 0.0000150 seconds
15.028: Application time: 0.0000100 seconds
15.028: Total time for which application threads were stopped: 0.0000150 seconds, Stopping threads took: 0.0000120 seconds
15.028: Application time: 0.0000110 seconds
15.028: Total time for which application threads were stopped: 0.0000120 seconds, Stopping threads took: 0.0000080 seconds
15.028: Application time: 0.0000100 seconds
15.028: Total time for which application threads were stopped: 0.0000120 seconds, Stopping threads took: 0.0000080 seconds
15.028: Application time: 0.0000090 seconds
15.028: Total time for which application threads were stopped: 0.0000110 seconds, Stopping threads took: 0.0000080 seconds
15.028: Application time: 0.0000100 seconds
15.028: Total time for which application threads were stopped: 0.0000120 seconds, Stopping threads took: 0.0000080 seconds
15.028: Application time: 0.0000100 seconds
15.028: Total time for which application threads were stopped: 0.0000130 seconds, Stopping threads took: 0.0000100 seconds
15.028: Application time: 0.0000090 seconds
15.028: Total time for which application threads were stopped: 0.0000110 seconds, Stopping threads took: 0.0000080 seconds
15.028: Application time: 0.0000100 seconds
15.028: Total time for which application threads were stopped: 0.0000110 seconds, Stopping threads took: 0.0000080 seconds
15.028: Application time: 0.0000100 seconds
15.028: Total time for which application threads were stopped: 0.0000130 seconds, Stopping threads took: 0.0000090 seconds
15.029: Application time: 0.0000110 seconds
15.029: Total time for which application threads were stopped: 0.0000170 seconds, Stopping threads took: 0.0000090 seconds
15.031: Application time: 0.0022670 seconds
15.031: Total time for which application threads were stopped: 0.0000320 seconds, Stopping threads took: 0.0000260 seconds
15.031: Application time: 0.0002170 seconds
15.031: Total time for which application threads were stopped: 0.0000600 seconds, Stopping threads took: 0.0000480 seconds
15.032: Application time: 0.0007520 seconds
15.032: Total time for which application threads were stopped: 0.0000330 seconds, Stopping threads took: 0.0000220 seconds
15.038: Application time: 0.0064460 seconds
15.038: Total time for which application threads were stopped: 0.0000720 seconds, Stopping threads took: 0.0000520 seconds
15.141: Application time: 0.1023950 seconds
15.141: [GC15.141: [ParNew: 33351K->3872K(37568K), 0.0011250 secs] 36496K->8554K(120960K), 0.0011630 secs] [Times: user=0.00 sys=0.00, real=0.00 secs] 
15.142: Total time for which application threads were stopped: 0.0013250 seconds, Stopping threads took: 0.0000770 seconds
15.142: Application time: 0.0002840 seconds
15.143: Total time for which application threads were stopped: 0.0007940 seconds, Stopping threads took: 0.0007740 seconds
15.143: Application time: 0.0000730 seconds
15.144: Total time for which application threads were stopped: 0.0002620 seconds, Stopping threads took: 0.0002520 seconds
15.144: Application time: 0.0000730 seconds
15.144: Total time for which application threads were stopped: 0.0000300 seconds, Stopping threads took: 0.0000220 seconds
15.144: Application time: 0.0000450 seconds
15.144: Total time for which application threads were stopped: 0.0000380 seconds, Stopping threads took: 0.0000320 seconds
15.144: Application time: 0.0000340 seconds
15.144: Total time for which application threads were stopped: 0.0000300 seconds, Stopping threads took: 0.0000240 seconds
15.144: Application time: 0.0000360 seconds
15.144: Total time for which application threads were stopped: 0.0000240 seconds, Stopping threads took: 0.0000190 seconds
15.144: Application time: 0.0000110 seconds
15.144: Total time for which application threads were stopped: 0.0000220 seconds, Stopping threads took: 0.0000180 seconds
15.144: Application time: 0.0000100 seconds
15.144: Total time for which application threads were stopped: 0.0000070 seconds, Stopping threads took: 0.0000030 seconds
15.144: Application time: 0.0000100 seconds
15.144: Total time for which application threads were stopped: 0.0000200 seconds, Stopping threads took: 0.0000150 seconds
15.144: Application time: 0.0000110 seconds
15.144: Total time for which application threads were stopped: 0.0000260 seconds, Stopping threads took: 0.0000200 seconds
15.144: Application time: 0.0000110 seconds
15.144: Total time for which application threads were stopped: 0.0000230 seconds, Stopping threads took: 0.0000190 seconds
15.144: Application time: 0.0000100 seconds
15.144: Total time for which application threads were stopped: 0.0000240 seconds, Stopping threads took: 0.0000200 seconds
15.144: Application time: 0.0000100 seconds
15.144: Total time for which application threads were stopped: 0.0000200 seconds, Stopping threads took: 0.0000160 seconds
15.144: Application time: 0.0000100 seconds
15.144: Total time for which application threads were stopped: 0.0000260 seconds, Stopping threads took: 0.0000200 seconds
15.222: Application time: 0.0777000 seconds
15.222: [GC15.222: [ParNew: 37038K->1067K(37568K), 0.0011000 secs] 41720K->9609K(120960K), 0.0011440 secs] [Times: user=0.01 sys=0.01, real=0.00 secs] 
15.223: Total time for which application threads were stopped: 0.0012780 seconds, Stopping threads took: 0.0000710 seconds
15.307: Application time: 0.0841170 seconds
15.307: [GC15.307: [ParNew: 34433K->1548K(37568K), 0.0006750 secs] 42975K->10089K(120960K), 0.0007050 secs] [Times: user=0.01 sys=0.00, real=0.00 secs] 
15.308: Total time for which application threads were stopped: 0.0008250 seconds, Stopping threads took: 0.0000620 seconds
15.392: Application time: 0.0839100 seconds
15.392: [GC15.392: [ParNew: 34709K->1552K(37568K), 0.0005780 secs] 43251K->10093K(120960K), 0.0006070 secs] [Times: user=0.00 sys=0.00, real=0.00 secs] 
15.393: Total time for which application threads were stopped: 0.0008300 seconds, Stopping threads took: 0.0001640 seconds
15.479: Application time: 0.0859320 seconds
15.483: [GC15.483: [ParNew: 34579K->1548K(37568K), 0.0006720 secs] 43121K->10089K(120960K), 0.0007060 secs] [Times: user=0.01 sys=0.00, real=0.00 secs] 
15.484: Total time for which application threads were stopped: 0.0051260 seconds, Stopping threads took: 0.0043530 seconds
15.567: Application time: 0.0833890 seconds
15.567: [GC15.567: [ParNew: 34635K->1550K(37568K), 0.0006430 secs] 43177K->10091K(120960K), 0.0006700 secs] [Times: user=0.01 sys=0.00, real=0.00 secs] 
15.568: Total time for which application threads were stopped: 0.0007830 seconds, Stopping threads took: 0.0000570 seconds
15.651: Application time: 0.0833940 seconds
15.652: [GC15.652: [ParNew: 34544K->1550K(37568K), 0.0005890 secs] 43086K->10091K(120960K), 0.0006180 secs] [Times: user=0.01 sys=0.00, real=0.00 secs] 
15.652: Total time for which application threads were stopped: 0.0007400 seconds, Stopping threads took: 0.0000640 seconds
15.736: Application time: 0.0834110 seconds
15.736: [GC15.736: [ParNew: 34543K->2062K(37568K), 0.0007580 secs] 43085K->10603K(120960K), 0.0007870 secs] [Times: user=0.00 sys=0.00, real=0.00 secs] 
15.737: Total time for which application threads were stopped: 0.0009120 seconds, Stopping threads took: 0.0000690 seconds
15.820: Application time: 0.0834750 seconds
15.820: [GC15.820: [ParNew: 35142K->1264K(37568K), 0.0005060 secs] 43684K->9806K(120960K), 0.0005350 secs] [Times: user=0.00 sys=0.00, real=0.00 secs] 
15.821: Total time for which application threads were stopped: 0.0006550 seconds, Stopping threads took: 0.0000680 seconds
15.906: Application time: 0.0849410 seconds
15.906: [GC15.906: [ParNew: 34213K->2288K(37568K), 0.0010090 secs] 42755K->10830K(120960K), 0.0010470 secs] [Times: user=0.00 sys=0.00, real=0.00 secs] 
15.907: Total time for which application threads were stopped: 0.0011950 seconds, Stopping threads took: 0.0000800 seconds
16.001: Application time: 0.0939230 seconds
16.001: [GC16.001: [ParNew: 35252K->528K(37568K), 0.0003820 secs] 43794K->9338K(120960K), 0.0004100 secs] [Times: user=0.00 sys=0.00, real=0.00 secs] 
16.001: Total time for which application threads were stopped: 0.0005240 seconds, Stopping threads took: 0.0000520 seconds
16.085: Application time: 0.0835720 seconds
16.085: [GC16.085: [ParNew: 33481K->528K(37568K), 0.0003830 secs] 42291K->9338K(120960K), 0.0004120 secs] [Times: user=0.01 sys=0.00, real=0.00 secs] 
16.085: Total time for which application threads were stopped: 0.0005210 seconds, Stopping threads took: 0.0000520 seconds
16.168: Application time: 0.0830530 seconds
16.168: [GC16.169: [ParNew: 33477K->528K(37568K), 0.0003410 secs] 42287K->9338K(120960K), 0.0003760 secs] [Times: user=0.00 sys=0.00, real=0.00 secs] 
16.169: Total time for which application threads were stopped: 0.0004860 seconds, Stopping threads took: 0.0000520 seconds
16.252: Application time: 0.0829640 seconds
16.252: [GC16.252: [ParNew: 33477K->526K(37568K), 0.0002990 secs] 42287K->9336K(120960K), 0.0003260 secs] [Times: user=0.00 sys=0.00, real=0.00 secs] 
16.252: Total time for which application threads were stopped: 0.0004350 seconds, Stopping threads took: 0.0000540 seconds
16.335: Application time: 0.0829180 seconds
16.335: [GC16.335: [ParNew: 33475K->526K(37568K), 0.0003470 secs] 42285K->9336K(120960K), 0.0003740 secs] [Times: user=0.00 sys=0.00, real=0.00 secs] 
16.336: Total time for which application threads were stopped: 0.0004790 seconds, Stopping threads took: 0.0000520 seconds
16.418: Application time: 0.0826800 seconds
16.419: [GC16.419: [ParNew: 33553K->556K(37568K), 0.0003470 secs] 42364K->9366K(120960K), 0.0003710 secs] [Times: user=0.00 sys=0.00, real=0.00 secs] 
16.419: Total time for which application threads were stopped: 0.0006940 seconds, Stopping threads took: 0.0002720 seconds
16.498: Application time: 0.0792610 seconds
16.498: [GC16.498: [ParNew: 33531K->2802K(37568K), 0.0010580 secs] 42341K->11612K(120960K), 0.0010920 secs] [Times: user=0.01 sys=0.00, real=0.00 secs] 
16.500: Total time for which application threads were stopped: 0.0012240 seconds, Stopping threads took: 0.0000700 seconds
16.582: Application time: 0.0824070 seconds
16.582: [GC16.582: [ParNew: 35752K->2576K(37568K), 0.0010250 secs] 44562K->11658K(120960K), 0.0010590 secs] [Times: user=0.01 sys=0.00, real=0.00 secs] 
16.583: Total time for which application threads were stopped: 0.0012060 seconds, Stopping threads took: 0.0000730 seconds
16.667: Application time: 0.0836330 seconds
16.667: [GC16.667: [ParNew: 35527K->2058K(37568K), 0.0007830 secs] 44610K->11140K(120960K), 0.0008130 secs] [Times: user=0.01 sys=0.00, real=0.01 secs] 
16.668: Total time for which application threads were stopped: 0.0009360 seconds, Stopping threads took: 0.0000630 seconds
16.752: Application time: 0.0841590 seconds
16.752: [GC16.752: [ParNew: 35009K->1550K(37568K), 0.0005450 secs] 44092K->10632K(120960K), 0.0005750 secs] [Times: user=0.01 sys=0.00, real=0.00 secs] 
16.753: Total time for which application threads were stopped: 0.0008690 seconds, Stopping threads took: 0.0002390 seconds
16.836: Application time: 0.0833000 seconds
16.836: [GC16.836: [ParNew: 34499K->1550K(37568K), 0.0005640 secs] 43581K->10632K(120960K), 0.0005860 secs] [Times: user=0.00 sys=0.00, real=0.00 secs] 
16.837: Total time for which application threads were stopped: 0.0007810 seconds, Stopping threads took: 0.0001400 seconds
16.920: Application time: 0.0831810 seconds
16.920: [GC16.920: [ParNew: 34499K->1550K(37568K), 0.0006020 secs] 43581K->10632K(120960K), 0.0006310 secs] [Times: user=0.00 sys=0.00, real=0.00 secs] 
16.921: Total time for which application threads were stopped: 0.0007540 seconds, Stopping threads took: 0.0000650 seconds
17.004: Application time: 0.0831090 seconds
17.004: [GC17.004: [ParNew: 34499K->1548K(37568K), 0.0006260 secs] 43581K->10630K(120960K), 0.0006530 secs] [Times: user=0.00 sys=0.00, real=0.00 secs] 
17.005: Total time for which application threads were stopped: 0.0007690 seconds, Stopping threads took: 0.0000580 seconds
17.087: Application time: 0.0828180 seconds
17.088: [GC17.088: [ParNew: 34497K->1550K(37568K), 0.0006040 secs] 43579K->10632K(120960K), 0.0006300 secs] [Times: user=0.00 sys=0.00, real=0.00 secs] 
17.088: Total time for which application threads were stopped: 0.0007480 seconds, Stopping threads took: 0.0000500 seconds
17.169: Application time: 0.0811390 seconds
17.170: [GC17.170: [ParNew: 34611K->1776K(37568K), 0.0006710 secs] 43694K->10858K(120960K), 0.0006970 secs] [Times: user=0.01 sys=0.00, real=0.00 secs] 
17.170: Total time for which application threads were stopped: 0.0009340 seconds, Stopping threads took: 0.0001690 seconds
17.253: Application time: 0.0826940 seconds
17.253: [GC17.253: [ParNew: 34723K->2286K(37568K), 0.0009050 secs] 43806K->11368K(120960K), 0.0009370 secs] [Times: user=0.00 sys=0.00, real=0.00 secs] 
17.254: Total time for which application threads were stopped: 0.0010560 seconds, Stopping threads took: 0.0000580 seconds
17.336: Application time: 0.0823400 seconds
17.337: [GC17.337: [ParNew: 35235K->2060K(37568K), 0.0008270 secs] 44318K->11410K(120960K), 0.0008580 secs] [Times: user=0.01 sys=0.00, real=0.00 secs] 
17.337: Total time for which application threads were stopped: 0.0009730 seconds, Stopping threads took: 0.0000560 seconds
17.420: Application time: 0.0829330 seconds
17.420: [GC17.420: [ParNew: 35009K->2058K(37568K), 0.0008310 secs] 44360K->11408K(120960K), 0.0008620 secs] [Times: user=0.01 sys=0.00, real=0.00 secs] 
17.421: Total time for which application threads were stopped: 0.0009830 seconds, Stopping threads took: 0.0000590 seconds
17.505: Application time: 0.0833810 seconds
17.505: [GC17.505: [ParNew: 35007K->1546K(37568K), 0.0006790 secs] 44358K->10896K(120960K), 0.0007060 secs] [Times: user=0.01 sys=0.00, real=0.00 secs] 
17.506: Total time for which application threads were stopped: 0.0008990 seconds, Stopping threads took: 0.0001350 seconds
17.589: Application time: 0.0829880 seconds
17.589: [GC17.589: [ParNew: 34495K->2062K(37568K), 0.0008210 secs] 43846K->11412K(120960K), 0.0008510 secs] [Times: user=0.01 sys=0.00, real=0.00 secs] 
17.590: Total time for which application threads were stopped: 0.0009820 seconds, Stopping threads took: 0.0000650 seconds
17.672: Application time: 0.0826390 seconds
17.672: [GC17.672: [ParNew: 35011K->2060K(37568K), 0.0008110 secs] 44362K->11410K(120960K), 0.0008390 secs] [Times: user=0.01 sys=0.00, real=0.00 secs] 
17.673: Total time for which application threads were stopped: 0.0009870 seconds, Stopping threads took: 0.0000910 seconds
17.756: Application time: 0.0827990 seconds
17.756: [GC17.756: [ParNew: 35009K->2062K(37568K), 0.0008100 secs] 44360K->11412K(120960K), 0.0008410 secs] [Times: user=0.00 sys=0.00, real=0.00 secs] 
17.757: Total time for which application threads were stopped: 0.0010860 seconds, Stopping threads took: 0.0001830 seconds
17.839: Application time: 0.0823910 seconds
17.840: [GC17.840: [ParNew: 35125K->1776K(37568K), 0.0007270 secs] 44476K->11127K(120960K), 0.0007570 secs] [Times: user=0.01 sys=0.00, real=0.00 secs] 
17.840: Total time for which application threads were stopped: 0.0009540 seconds, Stopping threads took: 0.0001400 seconds
17.924: Application time: 0.0837680 seconds
17.924: [GC17.924: [ParNew: 34723K->2284K(37568K), 0.0009230 secs] 44074K->11635K(120960K), 0.0009530 secs] [Times: user=0.00 sys=0.00, real=0.00 secs] 
17.925: Total time for which application threads were stopped: 0.0010740 seconds, Stopping threads took: 0.0000610 seconds
18.008: Application time: 0.0830470 seconds
18.008: [GC18.008: [ParNew: 35233K->2060K(37568K), 0.0009070 secs] 44584K->11675K(120960K), 0.0009370 secs] [Times: user=0.00 sys=0.00, real=0.00 secs] 
18.009: Total time for which application threads were stopped: 0.0010540 seconds, Stopping threads took: 0.0000560 seconds
18.092: Application time: 0.0830830 seconds
18.093: [GC18.093: [ParNew: 35009K->2056K(37568K), 0.0008100 secs] 44624K->11671K(120960K), 0.0008380 secs] [Times: user=0.00 sys=0.00, real=0.00 secs] 
18.093: Total time for which application threads were stopped: 0.0009750 seconds, Stopping threads took: 0.0000640 seconds
18.176: Application time: 0.0827830 seconds
18.176: [GC18.176: [ParNew: 35007K->1550K(37568K), 0.0005830 secs] 44622K->11165K(120960K), 0.0006110 secs] [Times: user=0.00 sys=0.00, real=0.00 secs] 
18.177: Total time for which application threads were stopped: 0.0007530 seconds, Stopping threads took: 0.0000860 seconds
18.261: Application time: 0.0838180 seconds
18.261: [GC18.261: [ParNew: 34499K->1552K(37568K), 0.0006030 secs] 44114K->11167K(120960K), 0.0006290 secs] [Times: user=0.00 sys=0.00, real=0.00 secs] 
18.262: Total time for which application threads were stopped: 0.0007740 seconds, Stopping threads took: 0.0000800 seconds
18.343: Application time: 0.0814150 seconds
18.343: [GC18.343: [ParNew: 34501K->1552K(37568K), 0.0006380 secs] 44116K->11167K(120960K), 0.0006670 secs] [Times: user=0.01 sys=0.00, real=0.00 secs] 
18.344: Total time for which application threads were stopped: 0.0007950 seconds, Stopping threads took: 0.0000660 seconds
18.427: Application time: 0.0835210 seconds
18.427: [GC18.427: [ParNew: 34501K->1546K(37568K), 0.0006040 secs] 44116K->11161K(120960K), 0.0006330 secs] [Times: user=0.01 sys=0.00, real=0.00 secs] 
18.428: Total time for which application threads were stopped: 0.0007520 seconds, Stopping threads took: 0.0000620 seconds
18.510: Application time: 0.0815570 seconds
18.510: [GC18.510: [ParNew: 34607K->1776K(37568K), 0.0006910 secs] 44223K->11391K(120960K), 0.0007200 secs] [Times: user=0.00 sys=0.00, real=0.00 secs] 
18.510: Total time for which application threads were stopped: 0.0008520 seconds, Stopping threads took: 0.0000740 seconds
18.594: Application time: 0.0834670 seconds
18.594: [GC18.594: [ParNew: 34725K->1776K(37568K), 0.0006590 secs] 44340K->11391K(120960K), 0.0006890 secs] [Times: user=0.00 sys=0.00, real=0.00 secs] 
18.595: Total time for which application threads were stopped: 0.0008240 seconds, Stopping threads took: 0.0000690 seconds
18.678: Application time: 0.0828810 seconds
18.678: [GC18.678: [ParNew: 34725K->1776K(37568K), 0.0007180 secs] 44340K->11391K(120960K), 0.0007440 secs] [Times: user=0.00 sys=0.00, real=0.00 secs] 
18.679: Total time for which application threads were stopped: 0.0008750 seconds, Stopping threads took: 0.0000750 seconds
18.761: Application time: 0.0827710 seconds
18.762: [GC18.762: [ParNew: 34725K->1778K(37568K), 0.0006730 secs] 44340K->11393K(120960K), 0.0007060 secs] [Times: user=0.01 sys=0.00, real=0.00 secs] 
18.762: Total time for which application threads were stopped: 0.0009460 seconds, Stopping threads took: 0.0001820 seconds
18.845: Application time: 0.0826730 seconds
18.845: [GC18.845: [ParNew: 34725K->2288K(37568K), 0.0008190 secs] 44340K->11903K(120960K), 0.0008530 secs] [Times: user=0.01 sys=0.00, real=0.00 secs] 
18.846: Total time for which application threads were stopped: 0.0009730 seconds, Stopping threads took: 0.0000610 seconds
18.929: Application time: 0.0827740 seconds
18.929: [GC18.929: [ParNew: 35237K->2062K(37568K), 0.0008340 secs] 44852K->11949K(120960K), 0.0008650 secs] [Times: user=0.00 sys=0.00, real=0.00 secs] 
18.930: Total time for which application threads were stopped: 0.0009930 seconds, Stopping threads took: 0.0000670 seconds
19.015: Application time: 0.0850950 seconds
19.015: [GC19.015: [ParNew: 35011K->2064K(37568K), 0.0007980 secs] 44898K->11951K(120960K), 0.0008300 secs] [Times: user=0.01 sys=0.00, real=0.01 secs] 
19.016: Total time for which application threads were stopped: 0.0009620 seconds, Stopping threads took: 0.0000730 seconds
19.102: Application time: 0.0857840 seconds
19.102: [GC19.102: [ParNew: 35093K->1578K(37568K), 0.0006420 secs] 44981K->11465K(120960K), 0.0006710 secs] [Times: user=0.00 sys=0.00, real=0.00 secs] 
19.102: Total time for which application threads were stopped: 0.0008030 seconds, Stopping threads took: 0.0000650 seconds
19.184: Application time: 0.0818530 seconds
19.184: [GC19.184: [ParNew: 34563K->1262K(37568K), 0.0006330 secs] 44451K->11149K(120960K), 0.0006590 secs] [Times: user=0.00 sys=0.00, real=0.00 secs] 
19.185: Total time for which application threads were stopped: 0.0007720 seconds, Stopping threads took: 0.0000580 seconds
19.268: Application time: 0.0825800 seconds
19.268: [GC19.268: [ParNew: 34209K->1772K(37568K), 0.0007620 secs] 44097K->11659K(120960K), 0.0007900 secs] [Times: user=0.01 sys=0.00, real=0.00 secs] 
19.268: Total time for which application threads were stopped: 0.0009160 seconds, Stopping threads took: 0.0000680 seconds
19.351: Application time: 0.0825080 seconds
19.351: [GC19.351: [ParNew: 34721K->1774K(37568K), 0.0007790 secs] 44609K->11661K(120960K), 0.0008200 secs] [Times: user=0.00 sys=0.00, real=0.00 secs] 
19.352: Total time for which application threads were stopped: 0.0009320 seconds, Stopping threads took: 0.0000550 seconds
19.436: Application time: 0.0836250 seconds
19.436: [GC19.436: [ParNew: 34725K->1262K(37568K), 0.0005850 secs] 44613K->11149K(120960K), 0.0006130 secs] [Times: user=0.00 sys=0.00, real=0.00 secs] 
19.436: Total time for which application threads were stopped: 0.0007430 seconds, Stopping threads took: 0.0000770 seconds
19.519: Application time: 0.0828230 seconds
19.519: [GC19.519: [ParNew: 34211K->1264K(37568K), 0.0005080 secs] 44099K->11151K(120960K), 0.0005320 secs] [Times: user=0.00 sys=0.00, real=0.00 secs] 
19.520: Total time for which application threads were stopped: 0.0008450 seconds, Stopping threads took: 0.0002390 seconds
19.604: Application time: 0.0835670 seconds
19.604: [GC19.604: [ParNew: 34209K->2288K(37568K), 0.0008470 secs] 44097K->12175K(120960K), 0.0008820 secs] [Times: user=0.01 sys=0.00, real=0.00 secs] 
19.605: Total time for which application threads were stopped: 0.0010080 seconds, Stopping threads took: 0.0000550 seconds
19.688: Application time: 0.0830420 seconds
19.688: [GC19.688: [ParNew: 35237K->2064K(37568K), 0.0008300 secs] 45125K->12215K(120960K), 0.0008600 secs] [Times: user=0.01 sys=0.00, real=0.00 secs] 
19.689: Total time for which application threads were stopped: 0.0009890 seconds, Stopping threads took: 0.0000710 seconds
19.771: Application time: 0.0821660 seconds
19.771: [GC19.771: [ParNew: 35013K->2062K(37568K), 0.0007920 secs] 45165K->12213K(120960K), 0.0008200 secs] [Times: user=0.01 sys=0.00, real=0.00 secs] 
19.772: Total time for which application threads were stopped: 0.0009470 seconds, Stopping threads took: 0.0000690 seconds
19.855: Application time: 0.0832690 seconds
19.855: [GC19.855: [ParNew: 35126K->1776K(37568K), 0.0006650 secs] 45277K->11928K(120960K), 0.0007010 secs] [Times: user=0.00 sys=0.00, real=0.01 secs] 
19.856: Total time for which application threads were stopped: 0.0008420 seconds, Stopping threads took: 0.0000820 seconds
19.939: Application time: 0.0831320 seconds
19.939: [GC19.939: [ParNew: 34725K->1264K(37568K), 0.0005400 secs] 44877K->11416K(120960K), 0.0005680 secs] [Times: user=0.01 sys=0.00, real=0.00 secs] 
19.940: Total time for which application threads were stopped: 0.0007140 seconds, Stopping threads took: 0.0000900 seconds
20.023: Application time: 0.0829450 seconds
20.023: [GC20.023: [ParNew: 34215K->1264K(37568K), 0.0005390 secs] 44367K->11416K(120960K), 0.0005680 secs] [Times: user=0.00 sys=0.00, real=0.00 secs] 
20.023: Total time for which application threads were stopped: 0.0006950 seconds, Stopping threads took: 0.0000740 seconds
20.105: Application time: 0.0820870 seconds
20.105: [GC20.106: [ParNew: 34209K->2288K(37568K), 0.0008370 secs] 44361K->12440K(120960K), 0.0008690 secs] [Times: user=0.00 sys=0.00, real=0.00 secs] 
20.106: Total time for which application threads were stopped: 0.0010130 seconds, Stopping threads took: 0.0000770 seconds
20.189: Application time: 0.0825200 seconds
20.189: [GC20.189: [ParNew: 35235K->2064K(37568K), 0.0008310 secs] 45387K->12492K(120960K), 0.0008610 secs] [Times: user=0.01 sys=0.00, real=0.00 secs] 
20.190: Total time for which application threads were stopped: 0.0010620 seconds, Stopping threads took: 0.0001410 seconds
20.273: Application time: 0.0826920 seconds
20.273: [GC20.273: [ParNew: 35015K->2060K(37568K), 0.0008430 secs] 45443K->12488K(120960K), 0.0008740 secs] [Times: user=0.01 sys=0.00, real=0.00 secs] 
20.274: Total time for which application threads were stopped: 0.0010050 seconds, Stopping threads took: 0.0000720 seconds
20.356: Application time: 0.0825810 seconds
20.356: [GC20.356: [ParNew: 35009K->2060K(37568K), 0.0008810 secs] 45437K->12488K(120960K), 0.0009090 secs] [Times: user=0.00 sys=0.00, real=0.00 secs] 
20.357: Total time for which application threads were stopped: 0.0010630 seconds, Stopping threads took: 0.0000940 seconds
20.441: Application time: 0.0831920 seconds
20.441: [GC20.441: [ParNew: 35007K->2572K(37568K), 0.0009810 secs] 45435K->13000K(120960K), 0.0010210 secs] [Times: user=0.00 sys=0.00, real=0.00 secs] 
20.442: Total time for which application threads were stopped: 0.0011520 seconds, Stopping threads took: 0.0000690 seconds
20.525: Application time: 0.0831710 seconds
20.525: [GC20.525: [ParNew: 35633K->2798K(37568K), 0.0011310 secs] 46061K->13226K(120960K), 0.0011680 secs] [Times: user=0.01 sys=0.00, real=0.00 secs] 
20.526: Total time for which application threads were stopped: 0.0012960 seconds, Stopping threads took: 0.0000630 seconds
20.609: Application time: 0.0827780 seconds
20.609: [GC20.609: [ParNew: 35747K->2572K(37568K), 0.0010680 secs] 46175K->13268K(120960K), 0.0010990 secs] [Times: user=0.01 sys=0.00, real=0.00 secs] 
20.610: Total time for which application threads were stopped: 0.0012350 seconds, Stopping threads took: 0.0000670 seconds
20.693: Application time: 0.0828280 seconds
20.693: [GC20.693: [ParNew: 35521K->2572K(37568K), 0.0009350 secs] 46217K->13268K(120960K), 0.0009640 secs] [Times: user=0.00 sys=0.00, real=0.00 secs] 
20.694: Total time for which application threads were stopped: 0.0010900 seconds, Stopping threads took: 0.0000690 seconds
20.777: Application time: 0.0829880 seconds
20.777: [GC20.777: [ParNew: 35525K->1546K(37568K), 0.0007150 secs] 46221K->12242K(120960K), 0.0007410 secs] [Times: user=0.00 sys=0.00, real=0.00 secs] 
20.778: Total time for which application threads were stopped: 0.0010390 seconds, Stopping threads took: 0.0002420 seconds
20.861: Application time: 0.0828250 seconds
20.861: [GC20.861: [ParNew: 34493K->2058K(37568K), 0.0007580 secs] 45189K->12754K(120960K), 0.0007880 secs] [Times: user=0.01 sys=0.00, real=0.00 secs] 
20.862: Total time for which application threads were stopped: 0.0010110 seconds, Stopping threads took: 0.0001630 seconds
20.945: Application time: 0.0828770 seconds
20.945: [GC20.945: [ParNew: 35009K->1550K(37568K), 0.0005800 secs] 45705K->12246K(120960K), 0.0006090 secs] [Times: user=0.01 sys=0.00, real=0.00 secs] 
20.946: Total time for which application threads were stopped: 0.0007720 seconds, Stopping threads took: 0.0001070 seconds
21.028: Application time: 0.0821130 seconds
21.028: [GC21.028: [ParNew: 34499K->1550K(37568K), 0.0005960 secs] 45195K->12246K(120960K), 0.0006230 secs] [Times: user=0.01 sys=0.00, real=0.00 secs] 
21.029: Total time for which application threads were stopped: 0.0008710 seconds, Stopping threads took: 0.0001910 seconds
21.112: Application time: 0.0831780 seconds
21.112: [GC21.112: [ParNew: 34499K->1546K(37568K), 0.0006490 secs] 45195K->12242K(120960K), 0.0006770 secs] [Times: user=0.01 sys=0.00, real=0.00 secs] 
21.113: Total time for which application threads were stopped: 0.0008090 seconds, Stopping threads took: 0.0000650 seconds
21.194: Application time: 0.0809470 seconds
21.194: [GC21.194: [ParNew: 34607K->1776K(37568K), 0.0006720 secs] 45304K->12472K(120960K), 0.0007010 secs] [Times: user=0.01 sys=0.00, real=0.00 secs] 
21.194: Total time for which application threads were stopped: 0.0008140 seconds, Stopping threads took: 0.0000550 seconds
21.277: Application time: 0.0826290 seconds
21.277: [GC21.277: [ParNew: 34725K->1776K(37568K), 0.0006860 secs] 45422K->12472K(120960K), 0.0007140 secs] [Times: user=0.00 sys=0.00, real=0.00 secs] 
21.278: Total time for which application threads were stopped: 0.0008400 seconds, Stopping threads took: 0.0000680 seconds
21.360: Application time: 0.0823710 seconds
21.360: [GC21.360: [ParNew: 34725K->1776K(37568K), 0.0006750 secs] 45422K->12472K(120960K), 0.0007050 secs] [Times: user=0.01 sys=0.00, real=0.00 secs] 
21.361: Total time for which application threads were stopped: 0.0008240 seconds, Stopping threads took: 0.0000610 seconds
21.446: Application time: 0.0850260 seconds
21.446: [GC21.446: [ParNew: 34727K->1264K(37568K), 0.0005500 secs] 45424K->11960K(120960K), 0.0005770 secs] [Times: user=0.01 sys=0.00, real=0.00 secs] 
21.447: Total time for which application threads were stopped: 0.0007710 seconds, Stopping threads took: 0.0001400 seconds
21.529: Application time: 0.0825670 seconds
21.529: [GC21.530: [ParNew: 34213K->1264K(37568K), 0.0005320 secs] 44910K->11960K(120960K), 0.0005680 secs] [Times: user=0.00 sys=0.00, real=0.00 secs] 
21.530: Total time for which application threads were stopped: 0.0006990 seconds, Stopping threads took: 0.0000760 seconds
21.613: Application time: 0.0826560 seconds
21.613: [GC21.613: [ParNew: 34213K->1264K(37568K), 0.0005640 secs] 44909K->11960K(120960K), 0.0005920 secs] [Times: user=0.01 sys=0.00, real=0.00 secs] 
21.613: Total time for which application threads were stopped: 0.0007340 seconds, Stopping threads took: 0.0000790 seconds
21.695: Application time: 0.0814080 seconds
21.695: [GC21.695: [ParNew: 34211K->1774K(37568K), 0.0007720 secs] 44907K->12470K(120960K), 0.0008010 secs] [Times: user=0.00 sys=0.00, real=0.01 secs] 
21.696: Total time for which application threads were stopped: 0.0009150 seconds, Stopping threads took: 0.0000570 seconds
21.779: Application time: 0.0828460 seconds
21.779: [GC21.779: [ParNew: 34723K->1776K(37568K), 0.0006740 secs] 45420K->12472K(120960K), 0.0007060 secs] [Times: user=0.01 sys=0.00, real=0.00 secs] 
21.779: Total time for which application threads were stopped: 0.0008320 seconds, Stopping threads took: 0.0000670 seconds
21.860: Application time: 0.0803060 seconds
21.860: [GC21.860: [ParNew: 34838K->1776K(37568K), 0.0007020 secs] 45534K->12472K(120960K), 0.0007320 secs] [Times: user=0.00 sys=0.00, real=0.00 secs] 
21.861: Total time for which application threads were stopped: 0.0010120 seconds, Stopping threads took: 0.0002210 seconds
21.944: Application time: 0.0827260 seconds
21.944: [GC21.944: [ParNew: 34725K->1776K(37568K), 0.0007270 secs] 45422K->12472K(120960K), 0.0007560 secs] [Times: user=0.01 sys=0.00, real=0.00 secs] 
21.944: Total time for which application threads were stopped: 0.0009070 seconds, Stopping threads took: 0.0000910 seconds
22.027: Application time: 0.0827540 seconds
22.027: [GC22.027: [ParNew: 34725K->1776K(37568K), 0.0006580 secs] 45422K->12472K(120960K), 0.0006860 secs] [Times: user=0.01 sys=0.00, real=0.00 secs] 
22.028: Total time for which application threads were stopped: 0.0008150 seconds, Stopping threads took: 0.0000700 seconds
22.110: Application time: 0.0824510 seconds
22.111: [GC22.111: [ParNew: 34725K->1776K(37568K), 0.0007010 secs] 45422K->12472K(120960K), 0.0007300 secs] [Times: user=0.00 sys=0.00, real=0.00 secs] 
22.111: Total time for which application threads were stopped: 0.0008560 seconds, Stopping threads took: 0.0000690 seconds
22.195: Application time: 0.0839000 seconds
22.195: [GC22.195: [ParNew: 34725K->1776K(37568K), 0.0007040 secs] 45422K->12472K(120960K), 0.0007330 secs] [Times: user=0.01 sys=0.00, real=0.00 secs] 
22.196: Total time for which application threads were stopped: 0.0008540 seconds, Stopping threads took: 0.0000540 seconds
22.280: Application time: 0.0835420 seconds
22.280: [GC22.280: [ParNew: 34727K->1264K(37568K), 0.0005520 secs] 45424K->11960K(120960K), 0.0005790 secs] [Times: user=0.01 sys=0.00, real=0.00 secs] 
22.280: Total time for which application threads were stopped: 0.0006890 seconds, Stopping threads took: 0.0000560 seconds
22.363: Application time: 0.0826490 seconds
22.363: [GC22.363: [ParNew: 34215K->752K(37568K), 0.0003970 secs] 44912K->11448K(120960K), 0.0004220 secs] [Times: user=0.00 sys=0.00, real=0.00 secs] 
22.364: Total time for which application threads were stopped: 0.0005580 seconds, Stopping threads took: 0.0000810 seconds
22.446: Application time: 0.0826720 seconds
22.446: [GC22.446: [ParNew: 33779K->752K(37568K), 0.0004260 secs] 44476K->11496K(120960K), 0.0004520 secs] [Times: user=0.00 sys=0.00, real=0.00 secs] 
22.447: Total time for which application threads were stopped: 0.0005680 seconds, Stopping threads took: 0.0000630 seconds
22.527: Application time: 0.0798020 seconds
22.527: [GC22.527: [ParNew: 33729K->2288K(37568K), 0.0008670 secs] 44474K->13032K(120960K), 0.0008990 secs] [Times: user=0.00 sys=0.00, real=0.01 secs] 
22.528: Total time for which application threads were stopped: 0.0010380 seconds, Stopping threads took: 0.0000690 seconds
22.611: Application time: 0.0835580 seconds
22.611: [GC22.611: [ParNew: 35237K->1548K(37568K), 0.0006980 secs] 45982K->12568K(120960K), 0.0007270 secs] [Times: user=0.00 sys=0.00, real=0.00 secs] 
22.612: Total time for which application threads were stopped: 0.0008780 seconds, Stopping threads took: 0.0000920 seconds
22.695: Application time: 0.0830040 seconds
22.695: [GC22.695: [ParNew: 34499K->1550K(37568K), 0.0006330 secs] 45520K->12570K(120960K), 0.0006610 secs] [Times: user=0.00 sys=0.00, real=0.00 secs] 
22.696: Total time for which application threads were stopped: 0.0007790 seconds, Stopping threads took: 0.0000620 seconds
22.779: Application time: 0.0830010 seconds
22.779: [GC22.779: [ParNew: 34499K->1552K(37568K), 0.0006550 secs] 45519K->12572K(120960K), 0.0006850 secs] [Times: user=0.01 sys=0.00, real=0.00 secs] 
22.780: Total time for which application threads were stopped: 0.0008160 seconds, Stopping threads took: 0.0000620 seconds
22.865: Application time: 0.0850650 seconds
22.865: [GC22.865: [ParNew: 34503K->1036K(37568K), 0.0004710 secs] 45524K->12056K(120960K), 0.0004970 secs] [Times: user=0.00 sys=0.00, real=0.00 secs] 
22.865: Total time for which application threads were stopped: 0.0006100 seconds, Stopping threads took: 0.0000560 seconds
22.948: Application time: 0.0828390 seconds
22.948: [GC22.948: [ParNew: 33983K->1038K(37568K), 0.0005250 secs] 45003K->12058K(120960K), 0.0005500 secs] [Times: user=0.00 sys=0.00, real=0.00 secs] 
22.949: Total time for which application threads were stopped: 0.0007230 seconds, Stopping threads took: 0.0001170 seconds
23.032: Application time: 0.0833800 seconds
23.032: [GC23.032: [ParNew: 33987K->1548K(37568K), 0.0006610 secs] 45007K->12568K(120960K), 0.0006920 secs] [Times: user=0.00 sys=0.00, real=0.00 secs] 
23.033: Total time for which application threads were stopped: 0.0008310 seconds, Stopping threads took: 0.0000810 seconds
23.116: Application time: 0.0831280 seconds
23.116: [GC23.116: [ParNew: 34497K->1550K(37568K), 0.0006440 secs] 45517K->12570K(120960K), 0.0006730 secs] [Times: user=0.00 sys=0.00, real=0.00 secs] 
23.117: Total time for which application threads were stopped: 0.0007920 seconds, Stopping threads took: 0.0000620 seconds
23.200: Application time: 0.0827530 seconds
23.200: [GC23.200: [ParNew: 34613K->1262K(37568K), 0.0006010 secs] 45634K->12283K(120960K), 0.0006270 secs] [Times: user=0.00 sys=0.00, real=0.00 secs] 
23.201: Total time for which application threads were stopped: 0.0007380 seconds, Stopping threads took: 0.0000570 seconds
23.283: Application time: 0.0828740 seconds
23.284: [GC23.284: [ParNew: 34211K->1264K(37568K), 0.0005650 secs] 45232K->12285K(120960K), 0.0005950 secs] [Times: user=0.01 sys=0.00, real=0.00 secs] 
23.284: Total time for which application threads were stopped: 0.0007110 seconds, Stopping threads took: 0.0000490 seconds
23.367: Application time: 0.0828210 seconds
23.367: [GC23.367: [ParNew: 34209K->2288K(37568K), 0.0008610 secs] 45230K->13309K(120960K), 0.0008950 secs] [Times: user=0.01 sys=0.00, real=0.01 secs] 
23.368: Total time for which application threads were stopped: 0.0010230 seconds, Stopping threads took: 0.0000690 seconds
23.450: Application time: 0.0822210 seconds
23.450: [GC23.450: [ParNew: 35235K->2574K(37568K), 0.0010030 secs] 46256K->13863K(120960K), 0.0010320 secs] [Times: user=0.00 sys=0.00, real=0.00 secs] 
23.451: Total time for which application threads were stopped: 0.0011450 seconds, Stopping threads took: 0.0000550 seconds
23.534: Application time: 0.0822960 seconds
23.534: [GC23.534: [ParNew: 35523K->2574K(37568K), 0.0009380 secs] 46812K->13863K(120960K), 0.0009710 secs] [Times: user=0.01 sys=0.00, real=0.00 secs] 
23.535: Total time for which application threads were stopped: 0.0010940 seconds, Stopping threads took: 0.0000590 seconds
23.618: Application time: 0.0832240 seconds
23.618: [GC23.618: [ParNew: 35523K->2572K(37568K), 0.0009560 secs] 46812K->13861K(120960K), 0.0009870 secs] [Times: user=0.01 sys=0.00, real=0.00 secs] 
23.619: Total time for which application threads were stopped: 0.0011370 seconds, Stopping threads took: 0.0000710 seconds
23.702: Application time: 0.0825750 seconds
23.702: [GC23.702: [ParNew: 35521K->2576K(37568K), 0.0009300 secs] 46810K->13865K(120960K), 0.0009620 secs] [Times: user=0.00 sys=0.00, real=0.00 secs] 
23.703: Total time for which application threads were stopped: 0.0010810 seconds, Stopping threads took: 0.0000580 seconds
23.786: Application time: 0.0827990 seconds
23.786: [GC23.786: [ParNew: 35525K->2572K(37568K), 0.0009600 secs] 46814K->13861K(120960K), 0.0009920 secs] [Times: user=0.01 sys=0.00, real=0.00 secs] 
23.787: Total time for which application threads were stopped: 0.0011370 seconds, Stopping threads took: 0.0000730 seconds
23.870: Application time: 0.0833800 seconds
23.870: [GC23.870: [ParNew: 35636K->2288K(37568K), 0.0008740 secs] 46925K->13577K(120960K), 0.0009060 secs] [Times: user=0.01 sys=0.00, real=0.00 secs] 
23.871: Total time for which application threads were stopped: 0.0010400 seconds, Stopping threads took: 0.0000730 seconds
23.954: Application time: 0.0826240 seconds
23.954: [GC23.954: [ParNew: 35237K->2062K(37568K), 0.0008660 secs] 46526K->13623K(120960K), 0.0008990 secs] [Times: user=0.00 sys=0.00, real=0.00 secs] 
23.955: Total time for which application threads were stopped: 0.0010220 seconds, Stopping threads took: 0.0000630 seconds
24.038: Application time: 0.0833140 seconds
24.038: [GC24.038: [ParNew: 35013K->1550K(37568K), 0.0006360 secs] 46574K->13111K(120960K), 0.0006660 secs] [Times: user=0.00 sys=0.00, real=0.00 secs] 
24.039: Total time for which application threads were stopped: 0.0008500 seconds, Stopping threads took: 0.0001270 seconds
24.122: Application time: 0.0830820 seconds
24.122: [GC24.122: [ParNew: 34499K->1550K(37568K), 0.0006340 secs] 46060K->13111K(120960K), 0.0006620 secs] [Times: user=0.00 sys=0.00, real=0.00 secs] 
24.123: Total time for which application threads were stopped: 0.0007840 seconds, Stopping threads took: 0.0000650 seconds
24.206: Application time: 0.0827680 seconds
24.206: [GC24.206: [ParNew: 34499K->1550K(37568K), 0.0006570 secs] 46060K->13111K(120960K), 0.0006850 secs] [Times: user=0.01 sys=0.00, real=0.00 secs] 
24.206: Total time for which application threads were stopped: 0.0007970 seconds, Stopping threads took: 0.0000550 seconds
24.290: Application time: 0.0840420 seconds
24.291: [GC24.291: [ParNew: 34501K->1036K(37568K), 0.0004610 secs] 46062K->12597K(120960K), 0.0004890 secs] [Times: user=0.00 sys=0.00, real=0.00 secs] 
24.291: Total time for which application threads were stopped: 0.0007190 seconds, Stopping threads took: 0.0001630 seconds
24.374: Application time: 0.0827550 seconds
24.374: [GC24.374: [ParNew: 33983K->1548K(37568K), 0.0006090 secs] 45544K->13109K(120960K), 0.0006360 secs] [Times: user=0.01 sys=0.00, real=0.00 secs] 
24.375: Total time for which application threads were stopped: 0.0007560 seconds, Stopping threads took: 0.0000650 seconds
24.457: Application time: 0.0827810 seconds
24.458: [GC24.458: [ParNew: 34497K->1548K(37568K), 0.0006190 secs] 46058K->13109K(120960K), 0.0006450 secs] [Times: user=0.01 sys=0.00, real=0.00 secs] 
24.458: Total time for which application threads were stopped: 0.0007570 seconds, Stopping threads took: 0.0000590 seconds
24.541: Application time: 0.0828760 seconds
24.541: [GC24.541: [ParNew: 34605K->2800K(37568K), 0.0009780 secs] 46167K->14361K(120960K), 0.0010140 secs] [Times: user=0.00 sys=0.00, real=0.00 secs] 
24.542: Total time for which application threads were stopped: 0.0011410 seconds, Stopping threads took: 0.0000640 seconds
24.626: Application time: 0.0834070 seconds
24.626: [GC24.626: [ParNew: 35749K->2572K(37568K), 0.0010980 secs] 47311K->14393K(120960K), 0.0011300 secs] [Times: user=0.01 sys=0.00, real=0.00 secs] 
24.627: Total time for which application threads were stopped: 0.0012600 seconds, Stopping threads took: 0.0000670 seconds
24.710: Application time: 0.0834970 seconds
24.711: [GC24.711: [ParNew: 35523K->2058K(37568K), 0.0008060 secs] 47345K->13879K(120960K), 0.0008450 secs] [Times: user=0.00 sys=0.00, real=0.00 secs] 
24.711: Total time for which application threads were stopped: 0.0009820 seconds, Stopping threads took: 0.0000770 seconds
24.795: Application time: 0.0833580 seconds
24.795: [GC24.795: [ParNew: 35007K->2058K(37568K), 0.0008080 secs] 46829K->13879K(120960K), 0.0008350 secs] [Times: user=0.00 sys=0.00, real=0.01 secs] 
24.796: Total time for which application threads were stopped: 0.0009650 seconds, Stopping threads took: 0.0000630 seconds
24.878: Application time: 0.0827070 seconds
24.879: [GC24.879: [ParNew: 35007K->2064K(37568K), 0.0007790 secs] 46828K->13885K(120960K), 0.0008090 secs] [Times: user=0.00 sys=0.00, real=0.00 secs] 
24.879: Total time for which application threads were stopped: 0.0009360 seconds, Stopping threads took: 0.0000680 seconds
24.962: Application time: 0.0828400 seconds
24.962: [GC24.962: [ParNew: 35013K->2060K(37568K), 0.0008000 secs] 46835K->13881K(120960K), 0.0008320 secs] [Times: user=0.00 sys=0.00, real=0.00 secs] 
24.963: Total time for which application threads were stopped: 0.0009920 seconds, Stopping threads took: 0.0001000 seconds
25.046: Application time: 0.0827910 seconds
25.046: [GC25.046: [ParNew: 35009K->2062K(37568K), 0.0007560 secs] 46831K->13883K(120960K), 0.0007860 secs] [Times: user=0.01 sys=0.00, real=0.00 secs] 
25.047: Total time for which application threads were stopped: 0.0009170 seconds, Stopping threads took: 0.0000720 seconds
25.130: Application time: 0.0833700 seconds
25.130: [GC25.130: [ParNew: 35011K->2064K(37568K), 0.0007720 secs] 46832K->13885K(120960K), 0.0008020 secs] [Times: user=0.00 sys=0.00, real=0.00 secs] 
25.131: Total time for which application threads were stopped: 0.0009330 seconds, Stopping threads took: 0.0000720 seconds
25.214: Application time: 0.0829860 seconds
25.214: [GC25.214: [ParNew: 35127K->1774K(37568K), 0.0007370 secs] 46949K->13596K(120960K), 0.0007660 secs] [Times: user=0.00 sys=0.00, real=0.00 secs] 
25.215: Total time for which application threads were stopped: 0.0009030 seconds, Stopping threads took: 0.0000740 seconds
25.298: Application time: 0.0830430 seconds
25.298: [GC25.298: [ParNew: 34723K->1776K(37568K), 0.0006770 secs] 46545K->13598K(120960K), 0.0007060 secs] [Times: user=0.01 sys=0.00, real=0.00 secs] 
25.299: Total time for which application threads were stopped: 0.0008350 seconds, Stopping threads took: 0.0000600 seconds
25.382: Application time: 0.0833110 seconds
25.382: [GC25.382: [ParNew: 34727K->1264K(37568K), 0.0005460 secs] 46549K->13086K(120960K), 0.0005720 secs] [Times: user=0.00 sys=0.00, real=0.00 secs] 
25.383: Total time for which application threads were stopped: 0.0006860 seconds, Stopping threads took: 0.0000580 seconds
25.465: Application time: 0.0818750 seconds
25.465: [GC25.465: [ParNew: 34211K->1776K(37568K), 0.0007000 secs] 46033K->13598K(120960K), 0.0007280 secs] [Times: user=0.01 sys=0.00, real=0.00 secs] 
25.466: Total time for which application threads were stopped: 0.0008490 seconds, Stopping threads took: 0.0000620 seconds
25.548: Application time: 0.0824780 seconds
25.548: [GC25.548: [ParNew: 34723K->2286K(37568K), 0.0009360 secs] 46545K->14108K(120960K), 0.0009700 secs] [Times: user=0.00 sys=0.00, real=0.00 secs] 
25.549: Total time for which application threads were stopped: 0.0010950 seconds, Stopping threads took: 0.0000640 seconds
25.632: Application time: 0.0829760 seconds
25.632: [GC25.632: [ParNew: 35235K->2062K(37568K), 0.0008360 secs] 47057K->14160K(120960K), 0.0008670 secs] [Times: user=0.00 sys=0.00, real=0.00 secs] 
25.633: Total time for which application threads were stopped: 0.0009960 seconds, Stopping threads took: 0.0000680 seconds
25.717: Application time: 0.0835240 seconds
25.717: [GC25.717: [ParNew: 35011K->2062K(37568K), 0.0007710 secs] 47109K->14160K(120960K), 0.0008020 secs] [Times: user=0.00 sys=0.00, real=0.00 secs] 
25.718: Total time for which application threads were stopped: 0.0009280 seconds, Stopping threads took: 0.0000690 seconds
25.802: Application time: 0.0839390 seconds
25.802: [GC25.802: [ParNew: 35013K->1548K(37568K), 0.0006260 secs] 47111K->13645K(120960K), 0.0006620 secs] [Times: user=0.00 sys=0.00, real=0.00 secs] 
25.803: Total time for which application threads were stopped: 0.0008670 seconds, Stopping threads took: 0.0001400 seconds
25.884: Application time: 0.0816930 seconds
25.884: [GC25.884: [ParNew: 34531K->1748K(37568K), 0.0006790 secs] 46629K->13846K(120960K), 0.0007090 secs] [Times: user=0.01 sys=0.00, real=0.00 secs] 
25.885: Total time for which application threads were stopped: 0.0008360 seconds, Stopping threads took: 0.0000690 seconds
25.968: Application time: 0.0828980 seconds
25.968: [GC25.968: [ParNew: 34775K->1774K(37568K), 0.0007540 secs] 46873K->13872K(120960K), 0.0007860 secs] [Times: user=0.01 sys=0.00, real=0.00 secs] 
25.969: Total time for which application threads were stopped: 0.0009150 seconds, Stopping threads took: 0.0000700 seconds
26.052: Application time: 0.0827930 seconds
26.052: [GC26.052: [ParNew: 34723K->1776K(37568K), 0.0006990 secs] 46821K->13874K(120960K), 0.0007250 secs] [Times: user=0.00 sys=0.00, real=0.00 secs] 
26.053: Total time for which application threads were stopped: 0.0008470 seconds, Stopping threads took: 0.0000660 seconds
26.135: Application time: 0.0828120 seconds
26.136: [GC26.136: [ParNew: 34727K->1264K(37568K), 0.0005680 secs] 46825K->13362K(120960K), 0.0005940 secs] [Times: user=0.00 sys=0.00, real=0.00 secs] 
26.136: Total time for which application threads were stopped: 0.0008750 seconds, Stopping threads took: 0.0002250 seconds
26.219: Application time: 0.0827910 seconds
26.219: [GC26.219: [ParNew: 34213K->1264K(37568K), 0.0005580 secs] 46311K->13362K(120960K), 0.0005850 secs] [Times: user=0.01 sys=0.00, real=0.00 secs] 
26.220: Total time for which application threads were stopped: 0.0007030 seconds, Stopping threads took: 0.0000580 seconds
26.303: Application time: 0.0829600 seconds
26.303: [GC26.303: [ParNew: 34213K->1264K(37568K), 0.0005550 secs] 46311K->13362K(120960K), 0.0005820 secs] [Times: user=0.00 sys=0.00, real=0.00 secs] 
26.304: Total time for which application threads were stopped: 0.0008700 seconds, Stopping threads took: 0.0002230 seconds
26.387: Application time: 0.0830340 seconds
26.387: [GC26.387: [ParNew: 34215K->752K(37568K), 0.0003720 secs] 46313K->12850K(120960K), 0.0003990 secs] [Times: user=0.00 sys=0.00, real=0.01 secs] 
26.387: Total time for which application threads were stopped: 0.0006850 seconds, Stopping threads took: 0.0002320 seconds
26.470: Application time: 0.0830440 seconds
26.470: [GC26.470: [ParNew: 33779K->752K(37568K), 0.0003710 secs] 45877K->12850K(120960K), 0.0003990 secs] [Times: user=0.01 sys=0.00, real=0.00 secs] 
26.471: Total time for which application threads were stopped: 0.0005390 seconds, Stopping threads took: 0.0000860 seconds
26.552: Application time: 0.0814410 seconds
26.552: [GC26.552: [ParNew: 33658K->752K(37568K), 0.0004800 secs] 45755K->12850K(120960K), 0.0005050 secs] [Times: user=0.00 sys=0.00, real=0.00 secs] 
26.553: Total time for which application threads were stopped: 0.0006140 seconds, Stopping threads took: 0.0000570 seconds
26.635: Application time: 0.0820390 seconds
26.635: [GC26.635: [ParNew: 33777K->1260K(37568K), 0.0006170 secs] 45875K->13358K(120960K), 0.0006450 secs] [Times: user=0.00 sys=0.00, real=0.01 secs] 
26.636: Total time for which application threads were stopped: 0.0007630 seconds, Stopping threads took: 0.0000630 seconds
26.720: Application time: 0.0843470 seconds
26.720: [GC26.720: [ParNew: 34211K->752K(37568K), 0.0004210 secs] 46309K->12850K(120960K), 0.0004470 secs] [Times: user=0.00 sys=0.00, real=0.00 secs] 
26.721: Total time for which application threads were stopped: 0.0005830 seconds, Stopping threads took: 0.0000800 seconds
26.802: Application time: 0.0816050 seconds
26.802: [GC26.802: [ParNew: 33699K->1264K(37568K), 0.0005470 secs] 45797K->13362K(120960K), 0.0005750 secs] [Times: user=0.00 sys=0.00, real=0.00 secs] 
26.803: Total time for which application threads were stopped: 0.0006840 seconds, Stopping threads took: 0.0000540 seconds
26.885: Application time: 0.0821390 seconds
26.885: [GC26.885: [ParNew: 34213K->1266K(37568K), 0.0005490 secs] 46311K->13364K(120960K), 0.0005830 secs] [Times: user=0.00 sys=0.00, real=0.00 secs] 
26.886: Total time for which application threads were stopped: 0.0007180 seconds, Stopping threads took: 0.0000740 seconds
26.969: Application time: 0.0836000 seconds
26.969: [GC26.969: [ParNew: 34215K->1264K(37568K), 0.0005440 secs] 46313K->13362K(120960K), 0.0005730 secs] [Times: user=0.01 sys=0.00, real=0.00 secs] 
26.970: Total time for which application threads were stopped: 0.0006890 seconds, Stopping threads took: 0.0000600 seconds
27.053: Application time: 0.0829000 seconds
27.053: [GC27.053: [ParNew: 34213K->1264K(37568K), 0.0005470 secs] 46311K->13362K(120960K), 0.0005750 secs] [Times: user=0.00 sys=0.00, real=0.00 secs] 
27.054: Total time for which application threads were stopped: 0.0006910 seconds, Stopping threads took: 0.0000600 seconds
27.136: Application time: 0.0820950 seconds
27.136: [GC27.136: [ParNew: 34205K->2800K(37568K), 0.0010170 secs] 46303K->14922K(120960K), 0.0010490 secs] [Times: user=0.01 sys=0.00, real=0.00 secs] 
27.137: Total time for which application threads were stopped: 0.0011990 seconds, Stopping threads took: 0.0000890 seconds
27.218: Application time: 0.0814240 seconds
27.218: [GC27.219: [ParNew: 35784K->2772K(37568K), 0.0010230 secs] 47905K->14950K(120960K), 0.0010580 secs] [Times: user=0.00 sys=0.00, real=0.00 secs] 
27.220: Total time for which application threads were stopped: 0.0011830 seconds, Stopping threads took: 0.0000650 seconds
27.304: Application time: 0.0845170 seconds
27.304: [GC27.304: [ParNew: 35802K->2090K(37568K), 0.0008860 secs] 47980K->14512K(120960K), 0.0009170 secs] [Times: user=0.00 sys=0.00, real=0.00 secs] 
27.305: Total time for which application threads were stopped: 0.0010400 seconds, Stopping threads took: 0.0000630 seconds
27.388: Application time: 0.0831630 seconds
27.389: [GC27.389: [ParNew: 35039K->2090K(37568K), 0.0007760 secs] 47461K->14512K(120960K), 0.0008090 secs] [Times: user=0.00 sys=0.00, real=0.00 secs] 
27.389: Total time for which application threads were stopped: 0.0010680 seconds, Stopping threads took: 0.0001910 seconds
27.472: Application time: 0.0824920 seconds
27.472: [GC27.472: [ParNew: 35037K->2092K(37568K), 0.0007670 secs] 47459K->14514K(120960K), 0.0007980 secs] [Times: user=0.01 sys=0.00, real=0.00 secs] 
27.473: Total time for which application threads were stopped: 0.0009730 seconds, Stopping threads took: 0.0001160 seconds
27.555: Application time: 0.0825470 seconds
27.555: [GC27.555: [ParNew: 35041K->2604K(37568K), 0.0009320 secs] 47463K->15026K(120960K), 0.0009660 secs] [Times: user=0.00 sys=0.00, real=0.00 secs] 
27.556: Total time for which application threads were stopped: 0.0010830 seconds, Stopping threads took: 0.0000560 seconds
27.639: Application time: 0.0827980 seconds
27.639: [GC27.639: [ParNew: 35553K->2576K(37568K), 0.0009600 secs] 47975K->15054K(120960K), 0.0009920 secs] [Times: user=0.00 sys=0.00, real=0.00 secs] 
27.640: Total time for which application threads were stopped: 0.0011360 seconds, Stopping threads took: 0.0000820 seconds
27.724: Application time: 0.0833380 seconds
27.724: [GC27.724: [ParNew: 35527K->2060K(37568K), 0.0008290 secs] 48005K->14538K(120960K), 0.0008590 secs] [Times: user=0.01 sys=0.00, real=0.00 secs] 
27.725: Total time for which application threads were stopped: 0.0011480 seconds, Stopping threads took: 0.0002310 seconds
27.808: Application time: 0.0832370 seconds
27.808: [GC27.808: [ParNew: 35009K->2062K(37568K), 0.0007860 secs] 47487K->14540K(120960K), 0.0008160 secs] [Times: user=0.01 sys=0.00, real=0.00 secs] 
27.809: Total time for which application threads were stopped: 0.0009350 seconds, Stopping threads took: 0.0000610 seconds
27.891: Application time: 0.0819440 seconds
27.891: [GC27.891: [ParNew: 34969K->1720K(37568K), 0.0006660 secs] 47447K->14198K(120960K), 0.0006940 secs] [Times: user=0.00 sys=0.00, real=0.00 secs] 
27.892: Total time for which application threads were stopped: 0.0011560 seconds, Stopping threads took: 0.0003840 seconds
27.975: Application time: 0.0831230 seconds
27.975: [GC27.975: [ParNew: 34826K->1776K(37568K), 0.0006780 secs] 47304K->14254K(120960K), 0.0007090 secs] [Times: user=0.00 sys=0.00, real=0.00 secs] 
27.976: Total time for which application threads were stopped: 0.0008230 seconds, Stopping threads took: 0.0000540 seconds
28.059: Application time: 0.0830760 seconds
28.059: [GC28.059: [ParNew: 34725K->1776K(37568K), 0.0006770 secs] 47203K->14254K(120960K), 0.0007060 secs] [Times: user=0.00 sys=0.00, real=0.00 secs] 
28.060: Total time for which application threads were stopped: 0.0008460 seconds, Stopping threads took: 0.0000820 seconds
28.143: Application time: 0.0833460 seconds
28.144: [GC28.144: [ParNew: 34727K->1264K(37568K), 0.0005330 secs] 47206K->13742K(120960K), 0.0005600 secs] [Times: user=0.00 sys=0.00, real=0.00 secs] 
28.144: Total time for which application threads were stopped: 0.0006810 seconds, Stopping threads took: 0.0000670 seconds
28.230: Application time: 0.0856880 seconds
28.231: [GC28.231: [ParNew: 34215K->748K(37568K), 0.0006820 secs] 46693K->13226K(120960K), 0.0007110 secs] [Times: user=0.00 sys=0.00, real=0.00 secs] 
28.232: Total time for which application threads were stopped: 0.0020850 seconds, Stopping threads took: 0.0013140 seconds
28.325: Application time: 0.0932290 seconds
28.325: [GC28.325: [ParNew: 33685K->2284K(37568K), 0.0009100 secs] 46163K->14762K(120960K), 0.0009400 secs] [Times: user=0.01 sys=0.00, real=0.00 secs] 
28.326: Total time for which application threads were stopped: 0.0011100 seconds, Stopping threads took: 0.0000890 seconds
28.408: Application time: 0.0821710 seconds
28.408: [GC28.409: [ParNew: 35217K->2060K(37568K), 0.0008330 secs] 47695K->14814K(120960K), 0.0008650 secs] [Times: user=0.01 sys=0.00, real=0.00 secs] 
28.409: Total time for which application threads were stopped: 0.0010020 seconds, Stopping threads took: 0.0000650 seconds
28.490: Application time: 0.0810370 seconds
28.491: [GC28.491: [ParNew: 34992K->2058K(37568K), 0.0007740 secs] 47747K->14812K(120960K), 0.0008060 secs] [Times: user=0.00 sys=0.00, real=0.00 secs] 
28.491: Total time for which application threads were stopped: 0.0009390 seconds, Stopping threads took: 0.0000730 seconds
28.573: Application time: 0.0812850 seconds
28.573: [GC28.573: [ParNew: 35464K->2744K(37568K), 0.0009860 secs] 48219K->15498K(120960K), 0.0010190 secs] [Times: user=0.01 sys=0.00, real=0.00 secs] 
28.574: Total time for which application threads were stopped: 0.0011700 seconds, Stopping threads took: 0.0000870 seconds
28.655: Application time: 0.0814100 seconds
28.655: [GC28.655: [ParNew: 35839K->2120K(37568K), 0.0008610 secs] 48594K->15086K(120960K), 0.0008920 secs] [Times: user=0.00 sys=0.00, real=0.00 secs] 
28.656: Total time for which application threads were stopped: 0.0010230 seconds, Stopping threads took: 0.0000710 seconds
28.738: Application time: 0.0822120 seconds
28.739: [GC28.739: [ParNew: 35061K->1036K(37568K), 0.0005060 secs] 48027K->14114K(120960K), 0.0005350 secs] [Times: user=0.00 sys=0.00, real=0.00 secs] 
28.739: Total time for which application threads were stopped: 0.0006790 seconds, Stopping threads took: 0.0000900 seconds
28.820: Application time: 0.0813210 seconds
28.821: [GC28.821: [ParNew: 33968K->1030K(37568K), 0.0004800 secs] 47047K->14108K(120960K), 0.0005060 secs] [Times: user=0.00 sys=0.00, real=0.00 secs] 
28.821: Total time for which application threads were stopped: 0.0006200 seconds, Stopping threads took: 0.0000630 seconds
28.902: Application time: 0.0810410 seconds
28.902: [GC28.902: [ParNew: 33962K->1036K(37568K), 0.0004850 secs] 47041K->14114K(120960K), 0.0005110 secs] [Times: user=0.00 sys=0.00, real=0.00 secs] 
28.903: Total time for which application threads were stopped: 0.0006420 seconds, Stopping threads took: 0.0000780 seconds
28.984: Application time: 0.0812110 seconds
28.984: [GC28.984: [ParNew: 33968K->1036K(37568K), 0.0004340 secs] 47047K->14114K(120960K), 0.0004610 secs] [Times: user=0.01 sys=0.00, real=0.00 secs] 
28.985: Total time for which application threads were stopped: 0.0005910 seconds, Stopping threads took: 0.0000610 seconds
29.066: Application time: 0.0811770 seconds
29.066: [GC29.066: [ParNew: 33968K->1032K(37568K), 0.0004820 secs] 47047K->14110K(120960K), 0.0005070 secs] [Times: user=0.00 sys=0.00, real=0.00 secs] 
29.066: Total time for which application threads were stopped: 0.0006270 seconds, Stopping threads took: 0.0000690 seconds
29.148: Application time: 0.0813520 seconds
29.148: [GC29.148: [ParNew: 34044K->1064K(37568K), 0.0004480 secs] 47123K->14142K(120960K), 0.0004730 secs] [Times: user=0.00 sys=0.00, real=0.00 secs] 
29.148: Total time for which application threads were stopped: 0.0005950 seconds, Stopping threads took: 0.0000700 seconds
29.230: Application time: 0.0814200 seconds
29.230: [GC29.230: [ParNew: 34394K->1208K(37568K), 0.0005320 secs] 47473K->14287K(120960K), 0.0005580 secs] [Times: user=0.01 sys=0.00, real=0.00 secs] 
29.230: Total time for which application threads were stopped: 0.0006690 seconds, Stopping threads took: 0.0000560 seconds
29.312: Application time: 0.0811970 seconds
29.312: [GC29.312: [ParNew: 34297K->1264K(37568K), 0.0005550 secs] 47376K->14343K(120960K), 0.0005800 secs] [Times: user=0.01 sys=0.00, real=0.00 secs] 
29.312: Total time for which application threads were stopped: 0.0007040 seconds, Stopping threads took: 0.0000700 seconds
29.394: Application time: 0.0820910 seconds
29.395: [GC29.395: [ParNew: 34196K->752K(37568K), 0.0004170 secs] 47275K->13831K(120960K), 0.0004500 secs] [Times: user=0.00 sys=0.00, real=0.01 secs] 
29.395: Total time for which application threads were stopped: 0.0006670 seconds, Stopping threads took: 0.0001640 seconds
29.477: Application time: 0.0814180 seconds
29.477: [GC29.477: [ParNew: 33682K->1264K(37568K), 0.0005260 secs] 46761K->14343K(120960K), 0.0005520 secs] [Times: user=0.01 sys=0.00, real=0.00 secs] 
29.477: Total time for which application threads were stopped: 0.0007030 seconds, Stopping threads took: 0.0000960 seconds
29.558: Application time: 0.0805750 seconds
29.558: [GC29.558: [ParNew: 34196K->1776K(37568K), 0.0006940 secs] 47275K->14855K(120960K), 0.0007220 secs] [Times: user=0.00 sys=0.00, real=0.00 secs] 
29.559: Total time for which application threads were stopped: 0.0008550 seconds, Stopping threads took: 0.0000670 seconds
29.639: Application time: 0.0805990 seconds
29.639: [GC29.639: [ParNew: 34709K->1776K(37568K), 0.0006650 secs] 47787K->14855K(120960K), 0.0006940 secs] [Times: user=0.00 sys=0.00, real=0.00 secs] 
29.640: Total time for which application threads were stopped: 0.0008220 seconds, Stopping threads took: 0.0000700 seconds
29.721: Application time: 0.0806470 seconds
29.721: [GC29.721: [ParNew: 34707K->2288K(37568K), 0.0009320 secs] 47785K->15367K(120960K), 0.0009640 secs] [Times: user=0.00 sys=0.00, real=0.00 secs] 
29.722: Total time for which application threads were stopped: 0.0011070 seconds, Stopping threads took: 0.0000830 seconds
29.803: Application time: 0.0808310 seconds
29.803: [GC29.803: [ParNew: 35301K->2090K(37568K), 0.0008970 secs] 48380K->15409K(120960K), 0.0009290 secs] [Times: user=0.01 sys=0.00, real=0.00 secs] 
29.804: Total time for which application threads were stopped: 0.0011020 seconds, Stopping threads took: 0.0001130 seconds
29.884: Application time: 0.0802540 seconds
29.884: [GC29.884: [ParNew: 35418K->2744K(37568K), 0.0009940 secs] 48737K->16063K(120960K), 0.0010250 secs] [Times: user=0.01 sys=0.00, real=0.00 secs] 
29.885: Total time for which application threads were stopped: 0.0011590 seconds, Stopping threads took: 0.0000740 seconds
29.967: Application time: 0.0817160 seconds
29.967: [GC29.967: [ParNew: 35839K->2116K(37568K), 0.0009850 secs] 49158K->15635K(120960K), 0.0010170 secs] [Times: user=0.00 sys=0.00, real=0.01 secs] 
29.968: Total time for which application threads were stopped: 0.0011440 seconds, Stopping threads took: 0.0000670 seconds
30.050: Application time: 0.0816540 seconds
30.050: [GC30.050: [ParNew: 35048K->2058K(37568K), 0.0008010 secs] 48568K->15673K(120960K), 0.0008290 secs] [Times: user=0.01 sys=0.01, real=0.00 secs] 
30.051: Total time for which application threads were stopped: 0.0009500 seconds, Stopping threads took: 0.0000610 seconds
30.133: Application time: 0.0820200 seconds
30.133: [GC30.133: [ParNew: 34990K->2058K(37568K), 0.0007990 secs] 48606K->15673K(120960K), 0.0008270 secs] [Times: user=0.00 sys=0.00, real=0.00 secs] 
30.134: Total time for which application threads were stopped: 0.0009510 seconds, Stopping threads took: 0.0000580 seconds
30.215: Application time: 0.0809280 seconds
30.215: [GC30.215: [ParNew: 34990K->2058K(37568K), 0.0008050 secs] 48606K->15673K(120960K), 0.0008330 secs] [Times: user=0.01 sys=0.00, real=0.01 secs] 
30.216: Total time for which application threads were stopped: 0.0009600 seconds, Stopping threads took: 0.0000700 seconds
30.296: Application time: 0.0809120 seconds
30.297: [GC30.297: [ParNew: 34986K->3084K(37568K), 0.0011590 secs] 48601K->16699K(120960K), 0.0011900 secs] [Times: user=0.00 sys=0.00, real=0.00 secs] 
30.298: Total time for which application threads were stopped: 0.0013250 seconds, Stopping threads took: 0.0000720 seconds
30.379: Application time: 0.0813740 seconds
30.379: [GC30.379: [ParNew: 36016K->2570K(37568K), 0.0009970 secs] 49632K->16185K(120960K), 0.0010250 secs] [Times: user=0.00 sys=0.00, real=0.00 secs] 
30.380: Total time for which application threads were stopped: 0.0011960 seconds, Stopping threads took: 0.0001120 seconds
30.462: Application time: 0.0811870 seconds
30.462: [GC30.462: [ParNew: 35587K->2604K(37568K), 0.0009330 secs] 49202K->16219K(120960K), 0.0009610 secs] [Times: user=0.01 sys=0.00, real=0.00 secs] 
30.463: Total time for which application threads were stopped: 0.0011590 seconds, Stopping threads took: 0.0001380 seconds
30.544: Application time: 0.0812840 seconds
30.544: [GC30.544: [ParNew: 35934K->3228K(37568K), 0.0012390 secs] 49549K->16907K(120960K), 0.0012750 secs] [Times: user=0.01 sys=0.00, real=0.00 secs] 
30.545: Total time for which application threads were stopped: 0.0014120 seconds, Stopping threads took: 0.0000730 seconds
30.627: Application time: 0.0818610 seconds
30.627: [GC30.627: [ParNew: 36321K->2630K(37568K), 0.0010400 secs] 50001K->16493K(120960K), 0.0010760 secs] [Times: user=0.01 sys=0.00, real=0.00 secs] 
30.629: Total time for which application threads were stopped: 0.0012990 seconds, Stopping threads took: 0.0001600 seconds
30.710: Application time: 0.0813880 seconds
30.710: [GC30.710: [ParNew: 35562K->3084K(37568K), 0.0011870 secs] 49426K->17043K(120960K), 0.0012220 secs] [Times: user=0.01 sys=0.00, real=0.00 secs] 
30.711: Total time for which application threads were stopped: 0.0013690 seconds, Stopping threads took: 0.0000790 seconds
30.792: Application time: 0.0810840 seconds
30.793: [GC30.793: [ParNew: 36016K->3084K(37568K), 0.0011470 secs] 49976K->17043K(120960K), 0.0011760 secs] [Times: user=0.01 sys=0.00, real=0.00 secs] 
30.794: Total time for which application threads were stopped: 0.0013120 seconds, Stopping threads took: 0.0000730 seconds
30.875: Application time: 0.0815360 seconds
30.875: [GC30.875: [ParNew: 36016K->2570K(37568K), 0.0009490 secs] 49976K->16529K(120960K), 0.0009770 secs] [Times: user=0.01 sys=0.00, real=0.00 secs] 
30.876: Total time for which application threads were stopped: 0.0011550 seconds, Stopping threads took: 0.0001160 seconds
30.959: Application time: 0.0824480 seconds
30.959: [GC30.959: [ParNew: 35510K->2058K(37568K), 0.0007860 secs] 49470K->16017K(120960K), 0.0008160 secs] [Times: user=0.00 sys=0.00, real=0.00 secs] 
30.960: Total time for which application threads were stopped: 0.0009480 seconds, Stopping threads took: 0.0000710 seconds
31.041: Application time: 0.0813260 seconds
31.041: [GC31.041: [ParNew: 34990K->2058K(37568K), 0.0008550 secs] 48950K->16017K(120960K), 0.0008850 secs] [Times: user=0.01 sys=0.00, real=0.00 secs] 
31.042: Total time for which application threads were stopped: 0.0010150 seconds, Stopping threads took: 0.0000710 seconds
31.128: Application time: 0.0856360 seconds
31.128: [GC31.128: [ParNew: 35087K->38K(37568K), 0.0002750 secs] 49046K->13997K(120960K), 0.0003090 secs] [Times: user=0.00 sys=0.00, real=0.00 secs] 
31.128: Total time for which application threads were stopped: 0.0004390 seconds, Stopping threads took: 0.0000810 seconds
31.210: Application time: 0.0822360 seconds
31.211: [GC31.211: [ParNew: 33368K->184K(37568K), 0.0002650 secs] 47327K->14143K(120960K), 0.0002910 secs] [Times: user=0.00 sys=0.00, real=0.00 secs] 
31.211: Total time for which application threads were stopped: 0.0004160 seconds, Stopping threads took: 0.0000620 seconds
31.292: Application time: 0.0807910 seconds
31.292: [GC31.292: [ParNew: 33275K->240K(37568K), 0.0003280 secs] 47234K->14200K(120960K), 0.0003530 secs] [Times: user=0.00 sys=0.00, real=0.00 secs] 
31.292: Total time for which application threads were stopped: 0.0004760 seconds, Stopping threads took: 0.0000720 seconds
31.374: Application time: 0.0813510 seconds
31.374: [GC31.374: [ParNew: 33176K->240K(37568K), 0.0002770 secs] 47136K->14200K(120960K), 0.0003020 secs] [Times: user=0.00 sys=0.00, real=0.00 secs] 
31.374: Total time for which application threads were stopped: 0.0004180 seconds, Stopping threads took: 0.0000640 seconds
31.455: Application time: 0.0814190 seconds
31.455: [GC31.455: [ParNew: 33172K->234K(37568K), 0.0003670 secs] 47132K->14194K(120960K), 0.0003910 secs] [Times: user=0.00 sys=0.00, real=0.00 secs] 
31.456: Total time for which application threads were stopped: 0.0004920 seconds, Stopping threads took: 0.0000540 seconds
31.537: Application time: 0.0814980 seconds
31.537: [GC31.537: [ParNew: 33166K->240K(37568K), 0.0003410 secs] 47126K->14200K(120960K), 0.0003660 secs] [Times: user=0.01 sys=0.00, real=0.00 secs] 
31.538: Total time for which application threads were stopped: 0.0004760 seconds, Stopping threads took: 0.0000590 seconds
31.619: Application time: 0.0814420 seconds
31.619: [GC31.619: [ParNew: 33172K->240K(37568K), 0.0003310 secs] 47132K->14200K(120960K), 0.0003570 secs] [Times: user=0.00 sys=0.00, real=0.00 secs] 
31.620: Total time for which application threads were stopped: 0.0004630 seconds, Stopping threads took: 0.0000560 seconds
31.700: Application time: 0.0805460 seconds
31.700: [GC31.700: [ParNew: 33168K->1264K(37568K), 0.0005130 secs] 47128K->15224K(120960K), 0.0005390 secs] [Times: user=0.00 sys=0.00, real=0.00 secs] 
31.701: Total time for which application threads were stopped: 0.0006600 seconds, Stopping threads took: 0.0000640 seconds
31.783: Application time: 0.0818790 seconds
31.783: [GC31.783: [ParNew: 34281K->752K(37568K), 0.0003810 secs] 48240K->14712K(120960K), 0.0004070 secs] [Times: user=0.01 sys=0.00, real=0.00 secs] 
31.783: Total time for which application threads were stopped: 0.0006330 seconds, Stopping threads took: 0.0001680 seconds
31.864: Application time: 0.0809200 seconds
31.864: [GC31.865: [ParNew: 34082K->750K(37568K), 0.0004690 secs] 48042K->14710K(120960K), 0.0004950 secs] [Times: user=0.01 sys=0.00, real=0.00 secs] 
31.865: Total time for which application threads were stopped: 0.0006180 seconds, Stopping threads took: 0.0000680 seconds
31.945: Application time: 0.0798680 seconds
31.945: [GC31.945: [ParNew: 33839K->1770K(37568K), 0.0008010 secs] 47799K->15730K(120960K), 0.0008290 secs] [Times: user=0.00 sys=0.00, real=0.00 secs] 
31.946: Total time for which application threads were stopped: 0.0009600 seconds, Stopping threads took: 0.0000740 seconds
32.025: Application time: 0.0794730 seconds
32.025: [GC32.025: [ParNew: 34703K->1776K(37568K), 0.0006910 secs] 48662K->15736K(120960K), 0.0007170 secs] [Times: user=0.00 sys=0.00, real=0.00 secs] 
32.026: Total time for which application threads were stopped: 0.0008390 seconds, Stopping threads took: 0.0000670 seconds
32.107: Application time: 0.0806010 seconds
32.107: [GC32.107: [ParNew: 34704K->2800K(37568K), 0.0010610 secs] 48664K->16760K(120960K), 0.0010930 secs] [Times: user=0.01 sys=0.00, real=0.01 secs] 
32.108: Total time for which application threads were stopped: 0.0012280 seconds, Stopping threads took: 0.0000730 seconds
32.189: Application time: 0.0811870 seconds
32.189: [GC32.189: [ParNew: 35733K->2576K(37568K), 0.0010610 secs] 49692K->16804K(120960K), 0.0011020 secs] [Times: user=0.01 sys=0.00, real=0.00 secs] 
32.190: Total time for which application threads were stopped: 0.0012360 seconds, Stopping threads took: 0.0000730 seconds
32.272: Application time: 0.0812980 seconds
32.272: [GC32.272: [ParNew: 35508K->2574K(37568K), 0.0009940 secs] 49736K->16802K(120960K), 0.0010240 secs] [Times: user=0.00 sys=0.00, real=0.00 secs] 
32.273: Total time for which application threads were stopped: 0.0011470 seconds, Stopping threads took: 0.0000650 seconds
32.354: Application time: 0.0814440 seconds
32.354: [GC32.354: [ParNew: 35506K->2574K(37568K), 0.0009480 secs] 49734K->16802K(120960K), 0.0009820 secs] [Times: user=0.01 sys=0.00, real=0.01 secs] 
32.355: Total time for which application threads were stopped: 0.0011190 seconds, Stopping threads took: 0.0000690 seconds
32.436: Application time: 0.0810340 seconds
32.437: [GC32.437: [ParNew: 35591K->2090K(37568K), 0.0008120 secs] 49818K->16318K(120960K), 0.0008390 secs] [Times: user=0.00 sys=0.00, real=0.00 secs] 
32.437: Total time for which application threads were stopped: 0.0009560 seconds, Stopping threads took: 0.0000600 seconds
32.518: Application time: 0.0809260 seconds
32.518: [GC32.518: [ParNew: 35422K->2232K(37568K), 0.0008370 secs] 49650K->16460K(120960K), 0.0008710 secs] [Times: user=0.01 sys=0.00, real=0.00 secs] 
32.519: Total time for which application threads were stopped: 0.0009960 seconds, Stopping threads took: 0.0000640 seconds
32.601: Application time: 0.0817830 seconds
32.601: [GC32.601: [ParNew: 35327K->1608K(37568K), 0.0006900 secs] 49555K->16056K(120960K), 0.0007200 secs] [Times: user=0.01 sys=0.00, real=0.00 secs] 
32.602: Total time for which application threads were stopped: 0.0008420 seconds, Stopping threads took: 0.0000620 seconds
32.683: Application time: 0.0810380 seconds
32.683: [GC32.683: [ParNew: 34540K->1606K(37568K), 0.0006440 secs] 48988K->16054K(120960K), 0.0006710 secs] [Times: user=0.01 sys=0.00, real=0.00 secs] 
32.684: Total time for which application threads were stopped: 0.0007930 seconds, Stopping threads took: 0.0000590 seconds
32.765: Application time: 0.0808140 seconds
32.765: [GC32.765: [ParNew: 34538K->1604K(37568K), 0.0007110 secs] 48986K->16052K(120960K), 0.0007370 secs] [Times: user=0.01 sys=0.00, real=0.00 secs] 
32.765: Total time for which application threads were stopped: 0.0008500 seconds, Stopping threads took: 0.0000590 seconds
32.845: Application time: 0.0799860 seconds
32.846: [GC32.846: [ParNew: 34536K->1608K(37568K), 0.0006380 secs] 48984K->16056K(120960K), 0.0006680 secs] [Times: user=0.00 sys=0.00, real=0.00 secs] 
32.846: Total time for which application threads were stopped: 0.0007990 seconds, Stopping threads took: 0.0000720 seconds
32.927: Application time: 0.0810450 seconds
32.927: [GC32.927: [ParNew: 34536K->2632K(37568K), 0.0009790 secs] 48984K->17080K(120960K), 0.0010110 secs] [Times: user=0.01 sys=0.00, real=0.00 secs] 
32.928: Total time for which application threads were stopped: 0.0011640 seconds, Stopping threads took: 0.0000830 seconds
33.009: Application time: 0.0808330 seconds
33.009: [GC33.009: [ParNew: 35564K->2570K(37568K), 0.0009650 secs] 50013K->17130K(120960K), 0.0009960 secs] [Times: user=0.00 sys=0.00, real=0.00 secs] 
33.010: Total time for which application threads were stopped: 0.0011260 seconds, Stopping threads took: 0.0000700 seconds
33.092: Application time: 0.0814440 seconds
33.092: [GC33.092: [ParNew: 35585K->2600K(37568K), 0.0009340 secs] 50145K->17160K(120960K), 0.0009640 secs] [Times: user=0.01 sys=0.00, real=0.00 secs] 
33.093: Total time for which application threads were stopped: 0.0011200 seconds, Stopping threads took: 0.0000960 seconds
33.174: Application time: 0.0811970 seconds
33.174: [GC33.174: [ParNew: 35930K->2716K(37568K), 0.0010440 secs] 50490K->17348K(120960K), 0.0010780 secs] [Times: user=0.00 sys=0.00, real=0.01 secs] 
33.175: Total time for which application threads were stopped: 0.0012110 seconds, Stopping threads took: 0.0000640 seconds
33.257: Application time: 0.0814650 seconds
33.257: [GC33.257: [ParNew: 35811K->2118K(37568K), 0.0008320 secs] 50444K->16930K(120960K), 0.0008630 secs] [Times: user=0.00 sys=0.00, real=0.00 secs] 
33.258: Total time for which application threads were stopped: 0.0009960 seconds, Stopping threads took: 0.0000720 seconds
33.339: Application time: 0.0812110 seconds
33.339: [GC33.339: [ParNew: 35050K->2058K(37568K), 0.0008480 secs] 49863K->16974K(120960K), 0.0008770 secs] [Times: user=0.01 sys=0.00, real=0.00 secs] 
33.340: Total time for which application threads were stopped: 0.0010030 seconds, Stopping threads took: 0.0000690 seconds
33.421: Application time: 0.0809080 seconds
33.421: [GC33.421: [ParNew: 34990K->2060K(37568K), 0.0007630 secs] 49907K->16976K(120960K), 0.0007910 secs] [Times: user=0.01 sys=0.00, real=0.00 secs] 
33.422: Total time for which application threads were stopped: 0.0009190 seconds, Stopping threads took: 0.0000700 seconds
33.504: Application time: 0.0821400 seconds
33.507: [GC33.507: [ParNew: 34990K->2570K(37568K), 0.0010260 secs] 49907K->17486K(120960K), 0.0010570 secs] [Times: user=0.01 sys=0.00, real=0.00 secs] 
33.508: Total time for which application threads were stopped: 0.0041990 seconds, Stopping threads took: 0.0030680 seconds
33.594: Application time: 0.0855510 seconds
33.594: [GC33.594: [ParNew: 35512K->1544K(37568K), 0.0006790 secs] 50429K->16460K(120960K), 0.0007060 secs] [Times: user=0.00 sys=0.00, real=0.00 secs] 
33.595: Total time for which application threads were stopped: 0.0008300 seconds, Stopping threads took: 0.0000710 seconds
33.676: Application time: 0.0809630 seconds
33.676: [GC33.676: [ParNew: 34476K->1544K(37568K), 0.0006600 secs] 49393K->16460K(120960K), 0.0006860 secs] [Times: user=0.00 sys=0.00, real=0.00 secs] 
33.676: Total time for which application threads were stopped: 0.0007970 seconds, Stopping threads took: 0.0000610 seconds
33.757: Application time: 0.0806700 seconds
33.757: [GC33.757: [ParNew: 34476K->1546K(37568K), 0.0006880 secs] 49393K->16462K(120960K), 0.0007130 secs] [Times: user=0.00 sys=0.00, real=0.00 secs] 
33.758: Total time for which application threads were stopped: 0.0008330 seconds, Stopping threads took: 0.0000660 seconds
33.838: Application time: 0.0796330 seconds
33.838: [GC33.838: [ParNew: 34442K->1718K(37568K), 0.0007310 secs] 49359K->16634K(120960K), 0.0007590 secs] [Times: user=0.00 sys=0.00, real=0.00 secs] 
33.838: Total time for which application threads were stopped: 0.0009010 seconds, Stopping threads took: 0.0000880 seconds
33.921: Application time: 0.0822850 seconds
33.921: [GC33.921: [ParNew: 34811K->1776K(37568K), 0.0006590 secs] 49728K->16692K(120960K), 0.0006880 secs] [Times: user=0.01 sys=0.00, real=0.00 secs] 
33.922: Total time for which application threads were stopped: 0.0008360 seconds, Stopping threads took: 0.0000900 seconds
34.003: Application time: 0.0818470 seconds
34.004: [GC34.004: [ParNew: 34709K->1776K(37568K), 0.0006600 secs] 49625K->16692K(120960K), 0.0006870 secs] [Times: user=0.01 sys=0.00, real=0.00 secs] 
34.004: Total time for which application threads were stopped: 0.0008090 seconds, Stopping threads took: 0.0000690 seconds
34.086: Application time: 0.0815090 seconds
34.086: [GC34.086: [ParNew: 34709K->1776K(37568K), 0.0006710 secs] 49625K->16692K(120960K), 0.0006960 secs] [Times: user=0.00 sys=0.00, real=0.00 secs] 
34.087: Total time for which application threads were stopped: 0.0008380 seconds, Stopping threads took: 0.0000750 seconds
34.168: Application time: 0.0814400 seconds
34.168: [GC34.168: [ParNew: 34709K->1772K(37568K), 0.0007460 secs] 49625K->16688K(120960K), 0.0007720 secs] [Times: user=0.01 sys=0.00, real=0.00 secs] 
34.169: Total time for which application threads were stopped: 0.0008870 seconds, Stopping threads took: 0.0000610 seconds
34.250: Application time: 0.0812280 seconds
34.250: [GC34.250: [ParNew: 34702K->2800K(37568K), 0.0010490 secs] 49619K->17717K(120960K), 0.0010810 secs] [Times: user=0.01 sys=0.00, real=0.00 secs] 
34.251: Total time for which application threads were stopped: 0.0012140 seconds, Stopping threads took: 0.0000620 seconds
34.332: Application time: 0.0808050 seconds
34.332: [GC34.332: [ParNew: 35733K->2574K(37568K), 0.0010240 secs] 50649K->17762K(120960K), 0.0010600 secs] [Times: user=0.01 sys=0.00, real=0.00 secs] 
34.333: Total time for which application threads were stopped: 0.0012150 seconds, Stopping threads took: 0.0000910 seconds
34.421: Application time: 0.0876660 seconds
34.421: [GC34.421: [ParNew: 35523K->1546K(37568K), 0.0005420 secs] 50711K->16734K(120960K), 0.0005670 secs] [Times: user=0.01 sys=0.00, real=0.00 secs] 
34.422: Total time for which application threads were stopped: 0.0006790 seconds, Stopping threads took: 0.0000610 seconds
34.502: Application time: 0.0800900 seconds
34.502: [GC34.502: [ParNew: 34952K->2232K(37568K), 0.0008230 secs] 50141K->17421K(120960K), 0.0008550 secs] [Times: user=0.01 sys=0.00, real=0.00 secs] 
34.503: Total time for which application threads were stopped: 0.0010000 seconds, Stopping threads took: 0.0000860 seconds
34.585: Application time: 0.0817710 seconds
34.585: [GC34.585: [ParNew: 35329K->1608K(37568K), 0.0006990 secs] 50518K->17013K(120960K), 0.0007290 secs] [Times: user=0.01 sys=0.00, real=0.00 secs] 
34.586: Total time for which application threads were stopped: 0.0009130 seconds, Stopping threads took: 0.0001250 seconds
34.666: Application time: 0.0808510 seconds
34.666: [GC34.667: [ParNew: 34540K->2120K(37568K), 0.0008020 secs] 49945K->17525K(120960K), 0.0008340 secs] [Times: user=0.01 sys=0.00, real=0.01 secs] 
34.667: Total time for which application threads were stopped: 0.0009670 seconds, Stopping threads took: 0.0000680 seconds
34.750: Application time: 0.0829480 seconds
34.750: [GC34.750: [ParNew: 35065K->522K(37568K), 0.0003240 secs] 50470K->16039K(120960K), 0.0003490 secs] [Times: user=0.00 sys=0.00, real=0.00 secs] 
34.751: Total time for which application threads were stopped: 0.0004810 seconds, Stopping threads took: 0.0000800 seconds
34.832: Application time: 0.0812390 seconds
34.832: [GC34.832: [ParNew: 33450K->522K(37568K), 0.0003120 secs] 48967K->16039K(120960K), 0.0003380 secs] [Times: user=0.00 sys=0.00, real=0.00 secs] 
34.833: Total time for which application threads were stopped: 0.0005210 seconds, Stopping threads took: 0.0001320 seconds
34.912: Application time: 0.0795790 seconds
34.912: [GC34.912: [ParNew: 33452K->2060K(37568K), 0.0007730 secs] 48969K->17577K(120960K), 0.0008020 secs] [Times: user=0.00 sys=0.00, real=0.00 secs] 
34.913: Total time for which application threads were stopped: 0.0009360 seconds, Stopping threads took: 0.0000760 seconds
34.995: Application time: 0.0819570 seconds
34.995: [GC34.995: [ParNew: 34992K->2060K(37568K), 0.0008320 secs] 50509K->17577K(120960K), 0.0008640 secs] [Times: user=0.01 sys=0.00, real=0.00 secs] 
34.996: Total time for which application threads were stopped: 0.0009930 seconds, Stopping threads took: 0.0000690 seconds
35.079: Application time: 0.0829880 seconds
35.079: [GC35.079: [ParNew: 34996K->1546K(37568K), 0.0007330 secs] 50513K->17063K(120960K), 0.0007630 secs] [Times: user=0.00 sys=0.00, real=0.00 secs] 
35.080: Total time for which application threads were stopped: 0.0009040 seconds, Stopping threads took: 0.0000820 seconds
35.161: Application time: 0.0810960 seconds
35.161: [GC35.161: [ParNew: 34952K->1720K(37568K), 0.0007160 secs] 50469K->17237K(120960K), 0.0007470 secs] [Times: user=0.01 sys=0.00, real=0.00 secs] 
35.162: Total time for which application threads were stopped: 0.0008660 seconds, Stopping threads took: 0.0000590 seconds
35.242: Application time: 0.0799170 seconds
35.242: [GC35.242: [ParNew: 34811K->1776K(37568K), 0.0007210 secs] 50328K->17293K(120960K), 0.0007490 secs] [Times: user=0.00 sys=0.00, real=0.00 secs] 
35.243: Total time for which application threads were stopped: 0.0008960 seconds, Stopping threads took: 0.0000800 seconds
35.324: Application time: 0.0810050 seconds
35.324: [GC35.324: [ParNew: 34707K->2288K(37568K), 0.0008600 secs] 50224K->17805K(120960K), 0.0008910 secs] [Times: user=0.01 sys=0.00, real=0.00 secs] 
35.325: Total time for which application threads were stopped: 0.0010190 seconds, Stopping threads took: 0.0000680 seconds
35.407: Application time: 0.0818650 seconds
35.407: [GC35.407: [ParNew: 35221K->1550K(37568K), 0.0006970 secs] 50738K->17335K(120960K), 0.0007250 secs] [Times: user=0.01 sys=0.00, real=0.01 secs] 
35.407: Total time for which application threads were stopped: 0.0008810 seconds, Stopping threads took: 0.0000960 seconds
35.490: Application time: 0.0821690 seconds
35.490: [GC35.490: [ParNew: 34490K->1034K(37568K), 0.0004310 secs] 50276K->16819K(120960K), 0.0004560 secs] [Times: user=0.00 sys=0.00, real=0.00 secs] 
35.490: Total time for which application threads were stopped: 0.0005690 seconds, Stopping threads took: 0.0000600 seconds
35.571: Application time: 0.0812950 seconds
35.572: [GC35.572: [ParNew: 33962K->2058K(37568K), 0.0008720 secs] 49747K->17843K(120960K), 0.0009020 secs] [Times: user=0.01 sys=0.00, real=0.00 secs] 
35.573: Total time for which application threads were stopped: 0.0010480 seconds, Stopping threads took: 0.0000870 seconds
35.653: Application time: 0.0805540 seconds
35.653: [GC35.653: [ParNew: 34990K->2060K(37568K), 0.0008250 secs] 50776K->17845K(120960K), 0.0008580 secs] [Times: user=0.01 sys=0.00, real=0.00 secs] 
35.654: Total time for which application threads were stopped: 0.0009920 seconds, Stopping threads took: 0.0000740 seconds
35.735: Application time: 0.0809290 seconds
35.735: [GC35.735: [ParNew: 34988K->3086K(37568K), 0.0011120 secs] 50773K->18871K(120960K), 0.0011450 secs] [Times: user=0.01 sys=0.00, real=0.00 secs] 
35.736: Total time for which application threads were stopped: 0.0012810 seconds, Stopping threads took: 0.0000740 seconds
35.817: Application time: 0.0802920 seconds
35.817: [GC35.817: [ParNew: 36494K->3256K(37568K), 0.0011850 secs] 52279K->19041K(120960K), 0.0012190 secs] [Times: user=0.01 sys=0.00, real=0.00 secs] 
35.818: Total time for which application threads were stopped: 0.0013680 seconds, Stopping threads took: 0.0000720 seconds
35.900: Application time: 0.0819880 seconds
35.900: [GC35.900: [ParNew: 36351K->3142K(37568K), 0.0012840 secs] 52137K->19135K(120960K), 0.0013150 secs] [Times: user=0.00 sys=0.00, real=0.00 secs] 
35.901: Total time for which application threads were stopped: 0.0014510 seconds, Stopping threads took: 0.0000730 seconds
35.982: Application time: 0.0806670 seconds
35.982: [GC35.982: [ParNew: 36074K->3084K(37568K), 0.0011700 secs] 52068K->19181K(120960K), 0.0012040 secs] [Times: user=0.01 sys=0.00, real=0.00 secs] 
35.983: Total time for which application threads were stopped: 0.0013400 seconds, Stopping threads took: 0.0000750 seconds
36.065: Application time: 0.0816580 seconds
36.065: [GC36.065: [ParNew: 36016K->3084K(37568K), 0.0011100 secs] 52114K->19181K(120960K), 0.0011430 secs] [Times: user=0.01 sys=0.00, real=0.00 secs] 
36.066: Total time for which application threads were stopped: 0.0012730 seconds, Stopping threads took: 0.0000700 seconds
36.148: Application time: 0.0815810 seconds
36.148: [GC36.148: [ParNew: 36016K->3084K(37568K), 0.0011200 secs] 52114K->19181K(120960K), 0.0011490 secs] [Times: user=0.01 sys=0.00, real=0.00 secs] 
36.149: Total time for which application threads were stopped: 0.0012930 seconds, Stopping threads took: 0.0000850 seconds
36.231: Application time: 0.0817060 seconds
36.231: [GC36.231: [ParNew: 36016K->3084K(37568K), 0.0010730 secs] 52114K->19181K(120960K), 0.0011040 secs] [Times: user=0.01 sys=0.00, real=0.00 secs] 
36.232: Total time for which application threads were stopped: 0.0012590 seconds, Stopping threads took: 0.0000870 seconds
36.315: Application time: 0.0823770 seconds
36.315: [GC36.315: [ParNew: 36016K->3084K(37568K), 0.0010960 secs] 52114K->19181K(120960K), 0.0011280 secs] [Times: user=0.01 sys=0.00, real=0.01 secs] 
36.316: Total time for which application threads were stopped: 0.0012560 seconds, Stopping threads took: 0.0000660 seconds
36.396: Application time: 0.0805750 seconds
36.397: [GC36.397: [ParNew: 36016K->3084K(37568K), 0.0010690 secs] 52114K->19181K(120960K), 0.0011100 secs] [Times: user=0.01 sys=0.00, real=0.00 secs] 
36.398: Total time for which application threads were stopped: 0.0012530 seconds, Stopping threads took: 0.0000720 seconds
36.478: Application time: 0.0802650 seconds
36.478: [GC36.478: [ParNew: 35982K->3256K(37568K), 0.0011320 secs] 52080K->19354K(120960K), 0.0011660 secs] [Times: user=0.01 sys=0.00, real=0.00 secs] 
36.479: Total time for which application threads were stopped: 0.0012940 seconds, Stopping threads took: 0.0000630 seconds
36.559: Application time: 0.0799800 seconds
36.559: [GC36.559: [ParNew: 36349K->3140K(37568K), 0.0011590 secs] 52447K->19450K(120960K), 0.0011910 secs] [Times: user=0.01 sys=0.00, real=0.00 secs] 
36.561: Total time for which application threads were stopped: 0.0013180 seconds, Stopping threads took: 0.0000650 seconds
36.641: Application time: 0.0803900 seconds
36.641: [GC36.641: [ParNew: 36072K->3084K(37568K), 0.0011550 secs] 52382K->19498K(120960K), 0.0011880 secs] [Times: user=0.01 sys=0.00, real=0.00 secs] 
36.642: Total time for which application threads were stopped: 0.0013270 seconds, Stopping threads took: 0.0000760 seconds
36.723: Application time: 0.0805540 seconds
36.723: [GC36.723: [ParNew: 36016K->3084K(37568K), 0.0011450 secs] 52430K->19498K(120960K), 0.0011800 secs] [Times: user=0.01 sys=0.00, real=0.00 secs] 
36.724: Total time for which application threads were stopped: 0.0013150 seconds, Stopping threads took: 0.0000720 seconds
36.804: Application time: 0.0798760 seconds
36.804: [GC36.804: [ParNew: 36016K->3084K(37568K), 0.0011400 secs] 52430K->19498K(120960K), 0.0011720 secs] [Times: user=0.01 sys=0.00, real=0.00 secs] 
36.805: Total time for which application threads were stopped: 0.0013020 seconds, Stopping threads took: 0.0000700 seconds
36.886: Application time: 0.0807360 seconds
36.886: [GC36.886: [ParNew: 36016K->3084K(37568K), 0.0011320 secs] 52430K->19498K(120960K), 0.0011630 secs] [Times: user=0.01 sys=0.00, real=0.01 secs] 
36.887: Total time for which application threads were stopped: 0.0013150 seconds, Stopping threads took: 0.0000910 seconds
36.969: Application time: 0.0818310 seconds
36.969: [GC36.969: [ParNew: 36018K->3084K(37568K), 0.0011260 secs] 52432K->19498K(120960K), 0.0011600 secs] [Times: user=0.00 sys=0.00, real=0.00 secs] 
36.970: Total time for which application threads were stopped: 0.0012920 seconds, Stopping threads took: 0.0000620 seconds
37.051: Application time: 0.0808990 seconds
37.055: [GC37.055: [ParNew: 36020K->2058K(37568K), 0.0007570 secs] 52434K->18472K(120960K), 0.0007870 secs] [Times: user=0.01 sys=0.00, real=0.00 secs] 
37.056: Total time for which application threads were stopped: 0.0045790 seconds, Stopping threads took: 0.0037310 seconds
37.137: Application time: 0.0806030 seconds
37.137: [GC37.137: [ParNew: 35464K->2744K(37568K), 0.0009550 secs] 51878K->19158K(120960K), 0.0009860 secs] [Times: user=0.01 sys=0.00, real=0.00 secs] 
37.138: Total time for which application threads were stopped: 0.0011380 seconds, Stopping threads took: 0.0000910 seconds
37.220: Application time: 0.0819560 seconds
37.220: [GC37.220: [ParNew: 35837K->2628K(37568K), 0.0010580 secs] 52251K->19250K(120960K), 0.0010900 secs] [Times: user=0.01 sys=0.00, real=0.00 secs] 
37.221: Total time for which application threads were stopped: 0.0012480 seconds, Stopping threads took: 0.0000980 seconds
37.303: Application time: 0.0823490 seconds
37.303: [GC37.303: [ParNew: 35566K->2058K(37568K), 0.0008070 secs] 52189K->18784K(120960K), 0.0008360 secs] [Times: user=0.01 sys=0.00, real=0.00 secs] 
37.304: Total time for which application threads were stopped: 0.0009820 seconds, Stopping threads took: 0.0000850 seconds
37.385: Application time: 0.0805440 seconds
37.385: [GC37.385: [ParNew: 34990K->1544K(37568K), 0.0006220 secs] 51716K->18270K(120960K), 0.0006460 secs] [Times: user=0.00 sys=0.00, real=0.00 secs] 
37.386: Total time for which application threads were stopped: 0.0008600 seconds, Stopping threads took: 0.0001580 seconds
37.467: Application time: 0.0809520 seconds
37.467: [GC37.467: [ParNew: 34484K->1034K(37568K), 0.0005350 secs] 51210K->17760K(120960K), 0.0005710 secs] [Times: user=0.00 sys=0.00, real=0.01 secs] 
37.467: Total time for which application threads were stopped: 0.0006950 seconds, Stopping threads took: 0.0000690 seconds
37.549: Application time: 0.0816990 seconds
37.549: [GC37.549: [ParNew: 33964K->1546K(37568K), 0.0006080 secs] 50690K->18272K(120960K), 0.0006360 secs] [Times: user=0.01 sys=0.00, real=0.00 secs] 
37.550: Total time for which application threads were stopped: 0.0007840 seconds, Stopping threads took: 0.0000850 seconds
37.630: Application time: 0.0804050 seconds
37.630: [GC37.630: [ParNew: 34478K->1546K(37568K), 0.0006200 secs] 51204K->18272K(120960K), 0.0006490 secs] [Times: user=0.00 sys=0.00, real=0.00 secs] 
37.631: Total time for which application threads were stopped: 0.0007770 seconds, Stopping threads took: 0.0000690 seconds
37.712: Application time: 0.0806940 seconds
37.712: [GC37.712: [ParNew: 34562K->1064K(37568K), 0.0004910 secs] 51289K->17790K(120960K), 0.0005170 secs] [Times: user=0.00 sys=0.00, real=0.00 secs] 
37.712: Total time for which application threads were stopped: 0.0006390 seconds, Stopping threads took: 0.0000680 seconds
37.793: Application time: 0.0810810 seconds
37.794: [GC37.794: [ParNew: 34398K->696K(37568K), 0.0003810 secs] 51124K->17422K(120960K), 0.0004080 secs] [Times: user=0.00 sys=0.00, real=0.00 secs] 
37.794: Total time for which application threads were stopped: 0.0005270 seconds, Stopping threads took: 0.0000650 seconds
37.874: Application time: 0.0804690 seconds
37.875: [GC37.875: [ParNew: 33785K->1776K(37568K), 0.0007300 secs] 50511K->18502K(120960K), 0.0007560 secs] [Times: user=0.00 sys=0.00, real=0.01 secs] 
37.875: Total time for which application threads were stopped: 0.0008950 seconds, Stopping threads took: 0.0000820 seconds
37.956: Application time: 0.0802470 seconds
37.956: [GC37.956: [ParNew: 34706K->2288K(37568K), 0.0008520 secs] 51433K->19014K(120960K), 0.0008850 secs] [Times: user=0.01 sys=0.00, real=0.00 secs] 
37.957: Total time for which application threads were stopped: 0.0010440 seconds, Stopping threads took: 0.0000980 seconds
38.039: Application time: 0.0825370 seconds
38.039: [GC38.039: [ParNew: 35223K->2060K(37568K), 0.0008840 secs] 51949K->19058K(120960K), 0.0009140 secs] [Times: user=0.01 sys=0.00, real=0.00 secs] 
38.040: Total time for which application threads were stopped: 0.0010400 seconds, Stopping threads took: 0.0000650 seconds
38.122: Application time: 0.0821910 seconds
38.123: [GC38.123: [ParNew: 34996K->1546K(37568K), 0.0006510 secs] 51995K->18544K(120960K), 0.0006800 secs] [Times: user=0.01 sys=0.00, real=0.00 secs] 
38.123: Total time for which application threads were stopped: 0.0008260 seconds, Stopping threads took: 0.0000790 seconds
38.204: Application time: 0.0811560 seconds
38.204: [GC38.204: [ParNew: 34478K->1548K(37568K), 0.0006530 secs] 51477K->18546K(120960K), 0.0006800 secs] [Times: user=0.00 sys=0.00, real=0.00 secs] 
38.205: Total time for which application threads were stopped: 0.0008000 seconds, Stopping threads took: 0.0000640 seconds
38.287: Application time: 0.0820400 seconds
38.287: [GC38.287: [ParNew: 34480K->1546K(37568K), 0.0006220 secs] 51479K->18544K(120960K), 0.0006490 secs] [Times: user=0.00 sys=0.00, real=0.00 secs] 
38.288: Total time for which application threads were stopped: 0.0007780 seconds, Stopping threads took: 0.0000730 seconds
38.369: Application time: 0.0814930 seconds
38.370: [GC38.370: [ParNew: 34558K->1578K(37568K), 0.0006490 secs] 51557K->18576K(120960K), 0.0006750 secs] [Times: user=0.01 sys=0.00, real=0.00 secs] 
38.370: Total time for which application threads were stopped: 0.0008070 seconds, Stopping threads took: 0.0000780 seconds
38.451: Application time: 0.0809560 seconds
38.451: [GC38.451: [ParNew: 34906K->1720K(37568K), 0.0005970 secs] 51904K->18718K(120960K), 0.0006240 secs] [Times: user=0.01 sys=0.00, real=0.00 secs] 
38.452: Total time for which application threads were stopped: 0.0007570 seconds, Stopping threads took: 0.0000670 seconds
38.534: Application time: 0.0816180 seconds
38.534: [GC38.534: [ParNew: 34811K->1774K(37568K), 0.0007450 secs] 51810K->18773K(120960K), 0.0007740 secs] [Times: user=0.01 sys=0.00, real=0.00 secs] 
38.535: Total time for which application threads were stopped: 0.0008810 seconds, Stopping threads took: 0.0000500 seconds
38.616: Application time: 0.0815720 seconds
38.616: [GC38.616: [ParNew: 34707K->1776K(37568K), 0.0006770 secs] 51705K->18775K(120960K), 0.0007070 secs] [Times: user=0.00 sys=0.00, real=0.00 secs] 
38.617: Total time for which application threads were stopped: 0.0008340 seconds, Stopping threads took: 0.0000690 seconds
38.698: Application time: 0.0814340 seconds
38.698: [GC38.698: [ParNew: 34713K->1260K(37568K), 0.0005800 secs] 51711K->18258K(120960K), 0.0006140 secs] [Times: user=0.00 sys=0.00, real=0.00 secs] 
38.699: Total time for which application threads were stopped: 0.0007430 seconds, Stopping threads took: 0.0000660 seconds
38.781: Application time: 0.0815470 seconds
38.781: [GC38.781: [ParNew: 34192K->1776K(37568K), 0.0007270 secs] 51191K->18775K(120960K), 0.0007570 secs] [Times: user=0.00 sys=0.00, real=0.00 secs] 
38.782: Total time for which application threads were stopped: 0.0008730 seconds, Stopping threads took: 0.0000600 seconds
38.862: Application time: 0.0807530 seconds
38.862: [GC38.862: [ParNew: 34707K->2288K(37568K), 0.0009350 secs] 51705K->19287K(120960K), 0.0009670 secs] [Times: user=0.00 sys=0.00, real=0.00 secs] 
38.863: Total time for which application threads were stopped: 0.0010990 seconds, Stopping threads took: 0.0000710 seconds
38.945: Application time: 0.0813650 seconds
38.945: [GC38.945: [ParNew: 35225K->1548K(37568K), 0.0007290 secs] 52223K->18818K(120960K), 0.0007560 secs] [Times: user=0.01 sys=0.00, real=0.00 secs] 
38.946: Total time for which application threads were stopped: 0.0008830 seconds, Stopping threads took: 0.0000690 seconds
39.027: Application time: 0.0815020 seconds
39.027: [GC39.027: [ParNew: 34559K->1578K(37568K), 0.0006150 secs] 51829K->18848K(120960K), 0.0006420 secs] [Times: user=0.00 sys=0.00, real=0.00 secs] 
39.028: Total time for which application threads were stopped: 0.0007540 seconds, Stopping threads took: 0.0000580 seconds
39.110: Application time: 0.0821090 seconds
39.110: [GC39.110: [ParNew: 34908K->1208K(37568K), 0.0005030 secs] 52179K->18479K(120960K), 0.0005300 secs] [Times: user=0.00 sys=0.00, real=0.00 secs] 
39.111: Total time for which application threads were stopped: 0.0006520 seconds, Stopping threads took: 0.0000670 seconds
39.191: Application time: 0.0807530 seconds
39.192: [GC39.192: [ParNew: 34299K->1264K(37568K), 0.0005140 secs] 51570K->18535K(120960K), 0.0005430 secs] [Times: user=0.00 sys=0.00, real=0.00 secs] 
39.192: Total time for which application threads were stopped: 0.0006680 seconds, Stopping threads took: 0.0000690 seconds
39.275: Application time: 0.0828320 seconds
39.275: [GC39.275: [ParNew: 34199K->1264K(37568K), 0.0005170 secs] 51469K->18535K(120960K), 0.0005470 secs] [Times: user=0.00 sys=0.00, real=0.01 secs] 
39.276: Total time for which application threads were stopped: 0.0006760 seconds, Stopping threads took: 0.0000670 seconds
39.356: Application time: 0.0802570 seconds
39.356: [GC39.356: [ParNew: 34196K->1264K(37568K), 0.0005330 secs] 51467K->18535K(120960K), 0.0005600 secs] [Times: user=0.00 sys=0.00, real=0.00 secs] 
39.357: Total time for which application threads were stopped: 0.0006780 seconds, Stopping threads took: 0.0000650 seconds
39.439: Application time: 0.0823540 seconds
39.439: [GC39.439: [ParNew: 34196K->1264K(37568K), 0.0005430 secs] 51467K->18535K(120960K), 0.0005700 secs] [Times: user=0.01 sys=0.00, real=0.00 secs] 
39.440: Total time for which application threads were stopped: 0.0006870 seconds, Stopping threads took: 0.0000660 seconds
39.522: Application time: 0.0822410 seconds
39.522: [GC39.522: [ParNew: 34201K->752K(37568K), 0.0004330 secs] 51471K->18023K(120960K), 0.0004610 secs] [Times: user=0.00 sys=0.00, real=0.00 secs] 
39.522: Total time for which application threads were stopped: 0.0005780 seconds, Stopping threads took: 0.0000540 seconds
39.603: Application time: 0.0802950 seconds
39.603: [GC39.603: [ParNew: 33684K->752K(37568K), 0.0004310 secs] 50955K->18023K(120960K), 0.0004590 secs] [Times: user=0.00 sys=0.00, real=0.00 secs] 
39.603: Total time for which application threads were stopped: 0.0005760 seconds, Stopping threads took: 0.0000660 seconds
39.683: Application time: 0.0798100 seconds
39.683: [GC39.683: [ParNew: 33761K->1262K(37568K), 0.0006120 secs] 51032K->18533K(120960K), 0.0006370 secs] [Times: user=0.01 sys=0.00, real=0.00 secs] 
39.684: Total time for which application threads were stopped: 0.0007530 seconds, Stopping threads took: 0.0000630 seconds
39.765: Application time: 0.0816100 seconds
39.766: [GC39.766: [ParNew: 34592K->1262K(37568K), 0.0006490 secs] 51863K->18533K(120960K), 0.0006750 secs] [Times: user=0.01 sys=0.00, real=0.00 secs] 
39.766: Total time for which application threads were stopped: 0.0007970 seconds, Stopping threads took: 0.0000670 seconds
39.848: Application time: 0.0812780 seconds
39.848: [GC39.848: [ParNew: 34353K->1776K(37568K), 0.0007180 secs] 51624K->19047K(120960K), 0.0007450 secs] [Times: user=0.01 sys=0.00, real=0.00 secs] 
39.848: Total time for which application threads were stopped: 0.0008880 seconds, Stopping threads took: 0.0000770 seconds
39.929: Application time: 0.0808710 seconds
39.929: [GC39.929: [ParNew: 34709K->1776K(37568K), 0.0007320 secs] 51979K->19047K(120960K), 0.0007600 secs] [Times: user=0.01 sys=0.00, real=0.00 secs] 
39.930: Total time for which application threads were stopped: 0.0008740 seconds, Stopping threads took: 0.0000580 seconds
40.012: Application time: 0.0818970 seconds
40.012: [GC40.012: [ParNew: 34707K->1776K(37568K), 0.0006830 secs] 51977K->19047K(120960K), 0.0007120 secs] [Times: user=0.00 sys=0.00, real=0.00 secs] 
40.013: Total time for which application threads were stopped: 0.0008780 seconds, Stopping threads took: 0.0001070 seconds
40.094: Application time: 0.0808640 seconds
40.094: [GC40.094: [ParNew: 34709K->2288K(37568K), 0.0009510 secs] 51979K->19559K(120960K), 0.0009800 secs] [Times: user=0.01 sys=0.00, real=0.00 secs] 
40.095: Total time for which application threads were stopped: 0.0011200 seconds, Stopping threads took: 0.0000810 seconds
40.176: Application time: 0.0807880 seconds
40.176: [GC40.176: [ParNew: 35221K->2060K(37568K), 0.0008390 secs] 52491K->19603K(120960K), 0.0008690 secs] [Times: user=0.01 sys=0.00, real=0.00 secs] 
40.177: Total time for which application threads were stopped: 0.0009970 seconds, Stopping threads took: 0.0000680 seconds
40.258: Application time: 0.0810380 seconds
40.258: [GC40.258: [ParNew: 34992K->2058K(37568K), 0.0007640 secs] 52535K->19601K(120960K), 0.0007930 secs] [Times: user=0.00 sys=0.00, real=0.00 secs] 
40.259: Total time for which application threads were stopped: 0.0009240 seconds, Stopping threads took: 0.0000740 seconds
40.340: Application time: 0.0810560 seconds
40.340: [GC40.340: [ParNew: 35070K->2090K(37568K), 0.0007630 secs] 52614K->19633K(120960K), 0.0007910 secs] [Times: user=0.01 sys=0.00, real=0.00 secs] 
40.341: Total time for which application threads were stopped: 0.0009240 seconds, Stopping threads took: 0.0000740 seconds
40.422: Application time: 0.0810590 seconds
40.422: [GC40.422: [ParNew: 35420K->2232K(37568K), 0.0008310 secs] 52963K->19775K(120960K), 0.0008600 secs] [Times: user=0.01 sys=0.00, real=0.00 secs] 
40.423: Total time for which application threads were stopped: 0.0009950 seconds, Stopping threads took: 0.0000670 seconds
40.505: Application time: 0.0823810 seconds
40.505: [GC40.505: [ParNew: 35325K->2118K(37568K), 0.0009630 secs] 52868K->19873K(120960K), 0.0009930 secs] [Times: user=0.00 sys=0.00, real=0.00 secs] 
40.506: Total time for which application threads were stopped: 0.0011190 seconds, Stopping threads took: 0.0000660 seconds
40.587: Application time: 0.0805500 seconds
40.587: [GC40.587: [ParNew: 35050K->2058K(37568K), 0.0008010 secs] 52806K->19917K(120960K), 0.0008370 secs] [Times: user=0.00 sys=0.00, real=0.01 secs] 
40.588: Total time for which application threads were stopped: 0.0009630 seconds, Stopping threads took: 0.0000630 seconds
40.668: Application time: 0.0801540 seconds
40.668: [GC40.668: [ParNew: 34988K->2574K(37568K), 0.0010350 secs] 52848K->20433K(120960K), 0.0010680 secs] [Times: user=0.01 sys=0.00, real=0.00 secs] 
40.669: Total time for which application threads were stopped: 0.0012030 seconds, Stopping threads took: 0.0000750 seconds
40.751: Application time: 0.0823520 seconds
40.752: [GC40.752: [ParNew: 35514K->1546K(37568K), 0.0006380 secs] 53374K->19405K(120960K), 0.0006640 secs] [Times: user=0.00 sys=0.00, real=0.00 secs] 
40.752: Total time for which application threads were stopped: 0.0008810 seconds, Stopping threads took: 0.0001610 seconds
40.834: Application time: 0.0813900 seconds
40.834: [GC40.834: [ParNew: 34478K->1546K(37568K), 0.0006220 secs] 52338K->19405K(120960K), 0.0006500 secs] [Times: user=0.01 sys=0.00, real=0.00 secs] 
40.835: Total time for which application threads were stopped: 0.0008360 seconds, Stopping threads took: 0.0001300 seconds
40.916: Application time: 0.0810960 seconds
40.916: [GC40.916: [ParNew: 34478K->1544K(37568K), 0.0006400 secs] 52338K->19403K(120960K), 0.0006690 secs] [Times: user=0.00 sys=0.00, real=0.00 secs] 
40.916: Total time for which application threads were stopped: 0.0008220 seconds, Stopping threads took: 0.0000970 seconds
40.998: Application time: 0.0812130 seconds
40.998: [GC40.998: [ParNew: 34556K->1574K(37568K), 0.0006890 secs] 52416K->19433K(120960K), 0.0007150 secs] [Times: user=0.01 sys=0.00, real=0.00 secs] 
40.999: Total time for which application threads were stopped: 0.0008480 seconds, Stopping threads took: 0.0000710 seconds
41.080: Application time: 0.0814190 seconds
41.080: [GC41.080: [ParNew: 34902K->1718K(37568K), 0.0007120 secs] 52761K->19577K(120960K), 0.0007400 secs] [Times: user=0.00 sys=0.00, real=0.00 secs] 
41.081: Total time for which application threads were stopped: 0.0008760 seconds, Stopping threads took: 0.0000800 seconds
41.163: Application time: 0.0822020 seconds
41.163: [GC41.163: [ParNew: 34811K->1772K(37568K), 0.0007700 secs] 52670K->19631K(120960K), 0.0007990 secs] [Times: user=0.00 sys=0.00, real=0.00 secs] 
41.164: Total time for which application threads were stopped: 0.0009330 seconds, Stopping threads took: 0.0000770 seconds
41.246: Application time: 0.0824070 seconds
41.246: [GC41.247: [ParNew: 34705K->1776K(37568K), 0.0007230 secs] 52564K->19635K(120960K), 0.0007510 secs] [Times: user=0.00 sys=0.00, real=0.01 secs] 
41.247: Total time for which application threads were stopped: 0.0008710 seconds, Stopping threads took: 0.0000620 seconds
41.329: Application time: 0.0817720 seconds
41.329: [GC41.329: [ParNew: 34709K->1776K(37568K), 0.0006840 secs] 52568K->19635K(120960K), 0.0007130 secs] [Times: user=0.00 sys=0.00, real=0.00 secs] 
41.330: Total time for which application threads were stopped: 0.0008370 seconds, Stopping threads took: 0.0000660 seconds
41.411: Application time: 0.0813590 seconds
41.411: [GC41.411: [ParNew: 34709K->1776K(37568K), 0.0006720 secs] 52568K->19635K(120960K), 0.0006990 secs] [Times: user=0.00 sys=0.00, real=0.00 secs] 
41.412: Total time for which application threads were stopped: 0.0008250 seconds, Stopping threads took: 0.0000670 seconds
41.493: Application time: 0.0812950 seconds
41.493: [GC41.493: [ParNew: 34709K->1776K(37568K), 0.0006940 secs] 52568K->19635K(120960K), 0.0007230 secs] [Times: user=0.00 sys=0.00, real=0.00 secs] 
41.494: Total time for which application threads were stopped: 0.0008480 seconds, Stopping threads took: 0.0000640 seconds
41.575: Application time: 0.0810790 seconds
41.575: [GC41.575: [ParNew: 34709K->1776K(37568K), 0.0007380 secs] 52568K->19635K(120960K), 0.0007670 secs] [Times: user=0.01 sys=0.00, real=0.00 secs] 
41.576: Total time for which application threads were stopped: 0.0008960 seconds, Stopping threads took: 0.0000650 seconds
41.657: Application time: 0.0808170 seconds
41.657: [GC41.657: [ParNew: 34789K->1776K(37568K), 0.0007340 secs] 52648K->19635K(120960K), 0.0007710 secs] [Times: user=0.01 sys=0.00, real=0.00 secs] 
41.658: Total time for which application threads were stopped: 0.0009090 seconds, Stopping threads took: 0.0000800 seconds
41.740: Application time: 0.0817390 seconds
41.740: [GC41.740: [ParNew: 35102K->1776K(37568K), 0.0006920 secs] 52962K->19635K(120960K), 0.0007210 secs] [Times: user=0.01 sys=0.00, real=0.00 secs] 
41.741: Total time for which application threads were stopped: 0.0008430 seconds, Stopping threads took: 0.0000650 seconds
41.822: Application time: 0.0810370 seconds
41.822: [GC41.822: [ParNew: 34869K->1772K(37568K), 0.0007500 secs] 52729K->19631K(120960K), 0.0007810 secs] [Times: user=0.01 sys=0.00, real=0.00 secs] 
41.822: Total time for which application threads were stopped: 0.0009250 seconds, Stopping threads took: 0.0000860 seconds
41.904: Application time: 0.0811070 seconds
41.904: [GC41.904: [ParNew: 34705K->1774K(37568K), 0.0007620 secs] 52564K->19633K(120960K), 0.0007890 secs] [Times: user=0.01 sys=0.00, real=0.00 secs] 
41.904: Total time for which application threads were stopped: 0.0009030 seconds, Stopping threads took: 0.0000580 seconds
41.986: Application time: 0.0810700 seconds
41.986: [GC41.986: [ParNew: 34707K->1776K(37568K), 0.0007170 secs] 52566K->19635K(120960K), 0.0007460 secs] [Times: user=0.00 sys=0.00, real=0.00 secs] 
41.986: Total time for which application threads were stopped: 0.0008610 seconds, Stopping threads took: 0.0000580 seconds
42.069: Application time: 0.0823470 seconds
42.069: [GC42.069: [ParNew: 34709K->1264K(37568K), 0.0005440 secs] 52568K->19123K(120960K), 0.0005710 secs] [Times: user=0.00 sys=0.00, real=0.00 secs] 
42.069: Total time for which application threads were stopped: 0.0007140 seconds, Stopping threads took: 0.0000870 seconds
42.151: Application time: 0.0810220 seconds
42.151: [GC42.151: [ParNew: 34201K->1262K(37568K), 0.0006170 secs] 52060K->19121K(120960K), 0.0006470 secs] [Times: user=0.00 sys=0.00, real=0.00 secs] 
42.151: Total time for which application threads were stopped: 0.0007800 seconds, Stopping threads took: 0.0000690 seconds
42.232: Application time: 0.0809100 seconds
42.232: [GC42.232: [ParNew: 34194K->1264K(37568K), 0.0005170 secs] 52054K->19147K(120960K), 0.0005450 secs] [Times: user=0.00 sys=0.00, real=0.00 secs] 
42.233: Total time for which application threads were stopped: 0.0006550 seconds, Stopping threads took: 0.0000520 seconds
42.314: Application time: 0.0816260 seconds
42.315: [GC42.315: [ParNew: 34277K->1262K(37568K), 0.0005710 secs] 52160K->19169K(120960K), 0.0005990 secs] [Times: user=0.00 sys=0.00, real=0.01 secs] 
42.315: Total time for which application threads were stopped: 0.0007150 seconds, Stopping threads took: 0.0000640 seconds
42.396: Application time: 0.0809250 seconds
42.396: [GC42.396: [ParNew: 34586K->1264K(37568K), 0.0005510 secs] 52494K->19187K(120960K), 0.0005770 secs] [Times: user=0.00 sys=0.00, real=0.00 secs] 
42.397: Total time for which application threads were stopped: 0.0006970 seconds, Stopping threads took: 0.0000660 seconds
42.478: Application time: 0.0810430 seconds
42.478: [GC42.478: [ParNew: 34357K->1264K(37568K), 0.0005570 secs] 52280K->19187K(120960K), 0.0005850 secs] [Times: user=0.00 sys=0.00, real=0.00 secs] 
42.479: Total time for which application threads were stopped: 0.0007030 seconds, Stopping threads took: 0.0000630 seconds
42.559: Application time: 0.0806050 seconds
42.559: [GC42.559: [ParNew: 34196K->1262K(37568K), 0.0005650 secs] 52120K->19185K(120960K), 0.0005950 secs] [Times: user=0.00 sys=0.00, real=0.00 secs] 
42.560: Total time for which application threads were stopped: 0.0007140 seconds, Stopping threads took: 0.0000650 seconds
42.641: Application time: 0.0808910 seconds
42.641: [GC42.641: [ParNew: 34194K->1264K(37568K), 0.0006090 secs] 52118K->19187K(120960K), 0.0006370 secs] [Times: user=0.00 sys=0.00, real=0.00 secs] 
42.642: Total time for which application threads were stopped: 0.0007760 seconds, Stopping threads took: 0.0000830 seconds
42.723: Application time: 0.0809700 seconds
42.723: [GC42.723: [ParNew: 34196K->1264K(37568K), 0.0005700 secs] 52120K->19187K(120960K), 0.0006110 secs] [Times: user=0.00 sys=0.00, real=0.00 secs] 
42.723: Total time for which application threads were stopped: 0.0007430 seconds, Stopping threads took: 0.0000650 seconds
42.804: Application time: 0.0810540 seconds
42.804: [GC42.804: [ParNew: 34196K->1262K(37568K), 0.0005860 secs] 52120K->19185K(120960K), 0.0006110 secs] [Times: user=0.00 sys=0.00, real=0.00 secs] 
42.805: Total time for which application threads were stopped: 0.0007340 seconds, Stopping threads took: 0.0000700 seconds
42.886: Application time: 0.0810200 seconds
42.886: [GC42.886: [ParNew: 34194K->1262K(37568K), 0.0006010 secs] 52118K->19193K(120960K), 0.0006300 secs] [Times: user=0.01 sys=0.00, real=0.00 secs] 
42.887: Total time for which application threads were stopped: 0.0007400 seconds, Stopping threads took: 0.0000570 seconds
42.968: Application time: 0.0807640 seconds
42.968: [GC42.968: [ParNew: 34275K->1264K(37568K), 0.0005540 secs] 52206K->19203K(120960K), 0.0005820 secs] [Times: user=0.01 sys=0.00, real=0.00 secs] 
42.968: Total time for which application threads were stopped: 0.0007020 seconds, Stopping threads took: 0.0000690 seconds
43.049: Application time: 0.0805770 seconds
43.049: [GC43.049: [ParNew: 34588K->1772K(37568K), 0.0007660 secs] 52528K->19719K(120960K), 0.0007950 secs] [Times: user=0.00 sys=0.00, real=0.00 secs] 
43.050: Total time for which application threads were stopped: 0.0009260 seconds, Stopping threads took: 0.0000730 seconds
43.130: Application time: 0.0804360 seconds
43.130: [GC43.130: [ParNew: 34861K->2800K(37568K), 0.0010440 secs] 52809K->20747K(120960K), 0.0010760 secs] [Times: user=0.00 sys=0.00, real=0.00 secs] 
43.131: Total time for which application threads were stopped: 0.0012050 seconds, Stopping threads took: 0.0000700 seconds
43.212: Application time: 0.0809510 seconds
43.213: [GC43.213: [ParNew: 35733K->2572K(37568K), 0.0011140 secs] 53680K->20791K(120960K), 0.0011440 secs] [Times: user=0.01 sys=0.00, real=0.00 secs] 
43.214: Total time for which application threads were stopped: 0.0012920 seconds, Stopping threads took: 0.0000890 seconds
43.295: Application time: 0.0809080 seconds
43.295: [GC43.295: [ParNew: 35504K->2572K(37568K), 0.0009720 secs] 53724K->20791K(120960K), 0.0010010 secs] [Times: user=0.00 sys=0.00, real=0.01 secs] 
43.296: Total time for which application threads were stopped: 0.0011540 seconds, Stopping threads took: 0.0000880 seconds
43.377: Application time: 0.0807830 seconds
43.377: [GC43.377: [ParNew: 35504K->2572K(37568K), 0.0009560 secs] 53724K->20791K(120960K), 0.0009850 secs] [Times: user=0.01 sys=0.00, real=0.00 secs] 
43.378: Total time for which application threads were stopped: 0.0011060 seconds, Stopping threads took: 0.0000630 seconds
43.458: Application time: 0.0802360 seconds
43.458: [GC43.458: [ParNew: 35502K->3086K(37568K), 0.0011570 secs] 53722K->21305K(120960K), 0.0011910 secs] [Times: user=0.00 sys=0.00, real=0.00 secs] 
43.459: Total time for which application threads were stopped: 0.0013290 seconds, Stopping threads took: 0.0000750 seconds
43.540: Application time: 0.0810220 seconds
43.540: [GC43.540: [ParNew: 36018K->3084K(37568K), 0.0012180 secs] 54238K->21303K(120960K), 0.0012500 secs] [Times: user=0.01 sys=0.00, real=0.00 secs] 
43.542: Total time for which application threads were stopped: 0.0013800 seconds, Stopping threads took: 0.0000670 seconds
43.623: Application time: 0.0808940 seconds
43.623: [GC43.623: [ParNew: 36016K->3084K(37568K), 0.0011380 secs] 54236K->21303K(120960K), 0.0011730 secs] [Times: user=0.01 sys=0.00, real=0.00 secs] 
43.624: Total time for which application threads were stopped: 0.0013100 seconds, Stopping threads took: 0.0000740 seconds
43.705: Application time: 0.0812540 seconds
43.705: [GC43.705: [ParNew: 35980K->3256K(37568K), 0.0012320 secs] 54200K->21476K(120960K), 0.0012650 secs] [Times: user=0.01 sys=0.00, real=0.00 secs] 
43.707: Total time for which application threads were stopped: 0.0014260 seconds, Stopping threads took: 0.0000960 seconds
43.788: Application time: 0.0817550 seconds
43.788: [GC43.788: [ParNew: 36347K->3142K(37568K), 0.0012990 secs] 54567K->21574K(120960K), 0.0013440 secs] [Times: user=0.01 sys=0.00, real=0.00 secs] 
43.790: Total time for which application threads were stopped: 0.0015020 seconds, Stopping threads took: 0.0000940 seconds
43.871: Application time: 0.0816220 seconds
43.872: [GC43.872: [ParNew: 36072K->3598K(37568K), 0.0014200 secs] 54504K->22134K(120960K), 0.0014520 secs] [Times: user=0.01 sys=0.00, real=0.00 secs] 
43.873: Total time for which application threads were stopped: 0.0016010 seconds, Stopping threads took: 0.0000800 seconds
43.954: Application time: 0.0813060 seconds
43.954: [GC43.954: [ParNew: 36530K->3598K(37568K), 0.0012530 secs] 55066K->22134K(120960K), 0.0012820 secs] [Times: user=0.01 sys=0.00, real=0.01 secs] 
43.956: Total time for which application threads were stopped: 0.0014120 seconds, Stopping threads took: 0.0000690 seconds
44.038: Application time: 0.0823030 seconds
44.038: [GC44.038: [ParNew: 36530K->3600K(37568K), 0.0012980 secs] 55066K->22136K(120960K), 0.0013310 secs] [Times: user=0.01 sys=0.00, real=0.00 secs] 
44.040: Total time for which application threads were stopped: 0.0015130 seconds, Stopping threads took: 0.0001190 seconds
44.121: Application time: 0.0817180 seconds
44.121: [GC44.121: [ParNew: 36532K->3600K(37568K), 0.0013520 secs] 55068K->22136K(120960K), 0.0013830 secs] [Times: user=0.01 sys=0.00, real=0.00 secs] 
44.123: Total time for which application threads were stopped: 0.0015380 seconds, Stopping threads took: 0.0000930 seconds
44.205: Application time: 0.0818520 seconds
44.205: [GC44.205: [ParNew: 36532K->3598K(37568K), 0.0013580 secs] 55068K->22134K(120960K), 0.0013910 secs] [Times: user=0.01 sys=0.00, real=0.00 secs] 
44.206: Total time for which application threads were stopped: 0.0015450 seconds, Stopping threads took: 0.0000930 seconds
44.288: Application time: 0.0817850 seconds
44.288: [GC44.288: [ParNew: 36530K->3600K(37568K), 0.0013950 secs] 55066K->22136K(120960K), 0.0014260 secs] [Times: user=0.01 sys=0.00, real=0.00 secs] 
44.290: Total time for which application threads were stopped: 0.0015640 seconds, Stopping threads took: 0.0000770 seconds
44.371: Application time: 0.0815010 seconds
44.371: [GC44.371: [ParNew: 37006K->3768K(37568K), 0.0013460 secs] 55542K->22304K(120960K), 0.0013780 secs] [Times: user=0.01 sys=0.00, real=0.00 secs] 
44.373: Total time for which application threads were stopped: 0.0015150 seconds, Stopping threads took: 0.0000760 seconds
44.457: Application time: 0.0844600 seconds
44.457: [GC44.457: [ParNew: 36868K->2632K(37568K), 0.0009440 secs] 55404K->21384K(120960K), 0.0009780 secs] [Times: user=0.01 sys=0.00, real=0.00 secs] 
44.458: Total time for which application threads were stopped: 0.0011300 seconds, Stopping threads took: 0.0000820 seconds
44.541: Application time: 0.0823340 seconds
44.541: [GC44.541: [ParNew: 35564K->2570K(37568K), 0.0009980 secs] 54317K->21434K(120960K), 0.0010290 secs] [Times: user=0.00 sys=0.00, real=0.00 secs] 
44.542: Total time for which application threads were stopped: 0.0011690 seconds, Stopping threads took: 0.0000810 seconds
44.623: Application time: 0.0816640 seconds
44.623: [GC44.623: [ParNew: 35502K->2570K(37568K), 0.0010130 secs] 54367K->21434K(120960K), 0.0010430 secs] [Times: user=0.00 sys=0.00, real=0.00 secs] 
44.625: Total time for which application threads were stopped: 0.0011820 seconds, Stopping threads took: 0.0000770 seconds
44.706: Application time: 0.0815550 seconds
44.706: [GC44.706: [ParNew: 35504K->2572K(37568K), 0.0009870 secs] 54369K->21436K(120960K), 0.0010190 secs] [Times: user=0.01 sys=0.00, real=0.01 secs] 
44.707: Total time for which application threads were stopped: 0.0011570 seconds, Stopping threads took: 0.0000750 seconds
44.788: Application time: 0.0810840 seconds
44.788: [GC44.788: [ParNew: 35504K->2570K(37568K), 0.0009480 secs] 54369K->21434K(120960K), 0.0009790 secs] [Times: user=0.00 sys=0.00, real=0.00 secs] 
44.789: Total time for which application threads were stopped: 0.0011090 seconds, Stopping threads took: 0.0000580 seconds
44.870: Application time: 0.0805690 seconds
44.870: [GC44.870: [ParNew: 35500K->3086K(37568K), 0.0011420 secs] 54365K->21950K(120960K), 0.0011760 secs] [Times: user=0.01 sys=0.00, real=0.00 secs] 
44.871: Total time for which application threads were stopped: 0.0013330 seconds, Stopping threads took: 0.0000960 seconds
44.953: Application time: 0.0812870 seconds
44.953: [GC44.953: [ParNew: 36018K->3084K(37568K), 0.0011540 secs] 54883K->21948K(120960K), 0.0011860 secs] [Times: user=0.01 sys=0.00, real=0.00 secs] 
44.954: Total time for which application threads were stopped: 0.0013240 seconds, Stopping threads took: 0.0000730 seconds
45.035: Application time: 0.0815290 seconds
45.036: [GC45.036: [ParNew: 35980K->2744K(37568K), 0.0010200 secs] 54844K->21608K(120960K), 0.0010530 secs] [Times: user=0.01 sys=0.00, real=0.00 secs] 
45.037: Total time for which application threads were stopped: 0.0012040 seconds, Stopping threads took: 0.0000800 seconds
45.118: Application time: 0.0814670 seconds
45.118: [GC45.118: [ParNew: 35835K->2632K(37568K), 0.0010450 secs] 54700K->21708K(120960K), 0.0010790 secs] [Times: user=0.01 sys=0.00, real=0.00 secs] 
45.119: Total time for which application threads were stopped: 0.0012140 seconds, Stopping threads took: 0.0000720 seconds
45.201: Application time: 0.0816030 seconds
45.201: [GC45.201: [ParNew: 35567K->2572K(37568K), 0.0009890 secs] 54643K->21760K(120960K), 0.0010210 secs] [Times: user=0.00 sys=0.00, real=0.00 secs] 
45.202: Total time for which application threads were stopped: 0.0012420 seconds, Stopping threads took: 0.0001600 seconds
45.283: Application time: 0.0811840 seconds
45.284: [GC45.284: [ParNew: 35502K->3084K(37568K), 0.0011680 secs] 54691K->22272K(120960K), 0.0012010 secs] [Times: user=0.01 sys=0.00, real=0.00 secs] 
45.285: Total time for which application threads were stopped: 0.0013200 seconds, Stopping threads took: 0.0000580 seconds
45.366: Application time: 0.0812910 seconds
45.366: [GC45.366: [ParNew: 36016K->2572K(37568K), 0.0009840 secs] 55205K->21760K(120960K), 0.0010150 secs] [Times: user=0.01 sys=0.00, real=0.01 secs] 
45.367: Total time for which application threads were stopped: 0.0011860 seconds, Stopping threads took: 0.0001080 seconds
45.448: Application time: 0.0809980 seconds
45.448: [GC45.448: [ParNew: 35504K->3086K(37568K), 0.0011010 secs] 54693K->22274K(120960K), 0.0011310 secs] [Times: user=0.01 sys=0.00, real=0.00 secs] 
45.450: Total time for which application threads were stopped: 0.0012670 seconds, Stopping threads took: 0.0000750 seconds
45.530: Application time: 0.0809590 seconds
45.531: [GC45.531: [ParNew: 36022K->2574K(37568K), 0.0009770 secs] 55211K->21762K(120960K), 0.0010090 secs] [Times: user=0.01 sys=0.00, real=0.00 secs] 
45.532: Total time for which application threads were stopped: 0.0011630 seconds, Stopping threads took: 0.0000950 seconds
45.612: Application time: 0.0807550 seconds
45.613: [GC45.613: [ParNew: 35508K->2570K(37568K), 0.0009770 secs] 54697K->21758K(120960K), 0.0010110 secs] [Times: user=0.00 sys=0.00, real=0.00 secs] 
45.614: Total time for which application threads were stopped: 0.0011670 seconds, Stopping threads took: 0.0000860 seconds
45.694: Application time: 0.0800700 seconds
45.694: [GC45.694: [ParNew: 35466K->2744K(37568K), 0.0026070 secs] 54655K->21933K(120960K), 0.0026420 secs] [Times: user=0.01 sys=0.00, real=0.01 secs] 
45.696: Total time for which application threads were stopped: 0.0027760 seconds, Stopping threads took: 0.0000700 seconds
45.777: Application time: 0.0806110 seconds
45.777: [GC45.777: [ParNew: 35837K->2632K(37568K), 0.0010290 secs] 55026K->22029K(120960K), 0.0010610 secs] [Times: user=0.00 sys=0.00, real=0.00 secs] 
45.778: Total time for which application threads were stopped: 0.0011990 seconds, Stopping threads took: 0.0000750 seconds
45.859: Application time: 0.0805080 seconds
45.859: [GC45.859: [ParNew: 35564K->2570K(37568K), 0.0010010 secs] 54961K->22078K(120960K), 0.0010410 secs] [Times: user=0.00 sys=0.00, real=0.00 secs] 
45.860: Total time for which application threads were stopped: 0.0011800 seconds, Stopping threads took: 0.0000800 seconds
45.941: Application time: 0.0811350 seconds
45.941: [GC45.941: [ParNew: 35502K->2570K(37568K), 0.0009430 secs] 55011K->22078K(120960K), 0.0009740 secs] [Times: user=0.01 sys=0.00, real=0.00 secs] 
45.942: Total time for which application threads were stopped: 0.0011150 seconds, Stopping threads took: 0.0000770 seconds
46.024: Application time: 0.0823080 seconds
46.025: [GC46.025: [ParNew: 35502K->2570K(37568K), 0.0009400 secs] 55011K->22078K(120960K), 0.0009720 secs] [Times: user=0.01 sys=0.00, real=0.00 secs] 
46.026: Total time for which application threads were stopped: 0.0011030 seconds, Stopping threads took: 0.0000720 seconds
46.107: Application time: 0.0818940 seconds
46.108: [GC46.108: [ParNew: 35502K->2570K(37568K), 0.0010220 secs] 55011K->22078K(120960K), 0.0010510 secs] [Times: user=0.01 sys=0.00, real=0.00 secs] 
46.109: Total time for which application threads were stopped: 0.0011820 seconds, Stopping threads took: 0.0000740 seconds
46.189: Application time: 0.0805550 seconds
46.189: [GC46.189: [ParNew: 35502K->2570K(37568K), 0.0009830 secs] 55011K->22078K(120960K), 0.0010130 secs] [Times: user=0.01 sys=0.00, real=0.00 secs] 
46.190: Total time for which application threads were stopped: 0.0011630 seconds, Stopping threads took: 0.0000790 seconds
46.271: Application time: 0.0807130 seconds
46.271: [GC46.271: [ParNew: 35502K->2570K(37568K), 0.0010210 secs] 55011K->22078K(120960K), 0.0010510 secs] [Times: user=0.01 sys=0.00, real=0.00 secs] 
46.272: Total time for which application threads were stopped: 0.0011740 seconds, Stopping threads took: 0.0000640 seconds
46.353: Application time: 0.0811860 seconds
46.354: [GC46.354: [ParNew: 35466K->2230K(37568K), 0.0008930 secs] 54975K->21739K(120960K), 0.0009250 secs] [Times: user=0.01 sys=0.00, real=0.00 secs] 
46.355: Total time for which application threads were stopped: 0.0010610 seconds, Stopping threads took: 0.0000750 seconds
46.436: Application time: 0.0813550 seconds
46.436: [GC46.436: [ParNew: 35323K->2118K(37568K), 0.0009170 secs] 54832K->21835K(120960K), 0.0009480 secs] [Times: user=0.00 sys=0.00, real=0.00 secs] 
46.437: Total time for which application threads were stopped: 0.0010740 seconds, Stopping threads took: 0.0000670 seconds
46.518: Application time: 0.0806130 seconds
46.518: [GC46.518: [ParNew: 35052K->2058K(37568K), 0.0007970 secs] 54769K->21879K(120960K), 0.0008300 secs] [Times: user=0.00 sys=0.00, real=0.00 secs] 
46.519: Total time for which application threads were stopped: 0.0009600 seconds, Stopping threads took: 0.0000720 seconds
46.600: Application time: 0.0813520 seconds
46.600: [GC46.600: [ParNew: 34990K->2060K(37568K), 0.0008140 secs] 54811K->21881K(120960K), 0.0008460 secs] [Times: user=0.01 sys=0.00, real=0.00 secs] 
46.601: Total time for which application threads were stopped: 0.0009960 seconds, Stopping threads took: 0.0000880 seconds
46.682: Application time: 0.0814560 seconds
46.682: [GC46.682: [ParNew: 34992K->2058K(37568K), 0.0008250 secs] 54813K->21879K(120960K), 0.0008560 secs] [Times: user=0.01 sys=0.00, real=0.00 secs] 
46.683: Total time for which application threads were stopped: 0.0009740 seconds, Stopping threads took: 0.0000610 seconds
46.766: Application time: 0.0823330 seconds
46.766: [GC46.766: [ParNew: 34990K->2060K(37568K), 0.0008430 secs] 54811K->21881K(120960K), 0.0008720 secs] [Times: user=0.01 sys=0.00, real=0.00 secs] 
46.767: Total time for which application threads were stopped: 0.0010030 seconds, Stopping threads took: 0.0000650 seconds
46.848: Application time: 0.0815450 seconds
46.848: [GC46.848: [ParNew: 34992K->2058K(37568K), 0.0008120 secs] 54813K->21879K(120960K), 0.0008430 secs] [Times: user=0.01 sys=0.00, real=0.00 secs] 
46.849: Total time for which application threads were stopped: 0.0009660 seconds, Stopping threads took: 0.0000640 seconds
46.931: Application time: 0.0813760 seconds
46.931: [GC46.931: [ParNew: 34990K->2058K(37568K), 0.0008030 secs] 54811K->21879K(120960K), 0.0008420 secs] [Times: user=0.01 sys=0.00, real=0.00 secs] 
46.932: Total time for which application threads were stopped: 0.0009690 seconds, Stopping threads took: 0.0000680 seconds
47.011: Application time: 0.0797350 seconds
47.011: [GC47.011: [ParNew: 34956K->1720K(37568K), 0.0007100 secs] 54777K->21541K(120960K), 0.0007370 secs] [Times: user=0.01 sys=0.00, real=0.00 secs] 
47.012: Total time for which application threads were stopped: 0.0008800 seconds, Stopping threads took: 0.0000880 seconds
47.093: Application time: 0.0812790 seconds
47.094: [GC47.094: [ParNew: 34813K->1776K(37568K), 0.0007280 secs] 54634K->21597K(120960K), 0.0007570 secs] [Times: user=0.00 sys=0.00, real=0.00 secs] 
47.094: Total time for which application threads were stopped: 0.0008730 seconds, Stopping threads took: 0.0000590 seconds
47.175: Application time: 0.0803850 seconds
47.175: [GC47.175: [ParNew: 34709K->1776K(37568K), 0.0007170 secs] 54530K->21597K(120960K), 0.0007480 secs] [Times: user=0.00 sys=0.00, real=0.01 secs] 
47.176: Total time for which application threads were stopped: 0.0008760 seconds, Stopping threads took: 0.0000720 seconds
47.256: Application time: 0.0805580 seconds
47.256: [GC47.256: [ParNew: 34709K->1774K(37568K), 0.0006830 secs] 54530K->21595K(120960K), 0.0007110 secs] [Times: user=0.00 sys=0.00, real=0.00 secs] 
47.257: Total time for which application threads were stopped: 0.0008390 seconds, Stopping threads took: 0.0000710 seconds
47.338: Application time: 0.0811890 seconds
47.338: [GC47.338: [ParNew: 34707K->1776K(37568K), 0.0007010 secs] 54528K->21597K(120960K), 0.0007290 secs] [Times: user=0.01 sys=0.00, real=0.00 secs] 
47.339: Total time for which application threads were stopped: 0.0008610 seconds, Stopping threads took: 0.0000660 seconds
47.421: Application time: 0.0816430 seconds
47.421: [GC47.421: [ParNew: 34711K->1776K(37568K), 0.0007260 secs] 54532K->21597K(120960K), 0.0007560 secs] [Times: user=0.00 sys=0.00, real=0.00 secs] 
47.422: Total time for which application threads were stopped: 0.0008780 seconds, Stopping threads took: 0.0000650 seconds
47.505: Application time: 0.0837750 seconds
47.505: [GC47.505: [ParNew: 34717K->1264K(37568K), 0.0005480 secs] 54538K->21085K(120960K), 0.0005760 secs] [Times: user=0.00 sys=0.00, real=0.00 secs] 
47.506: Total time for which application threads were stopped: 0.0006990 seconds, Stopping threads took: 0.0000680 seconds
47.587: Application time: 0.0807800 seconds
47.587: [GC47.587: [ParNew: 34196K->1262K(37568K), 0.0005830 secs] 54018K->21083K(120960K), 0.0006150 secs] [Times: user=0.00 sys=0.00, real=0.01 secs] 
47.588: Total time for which application threads were stopped: 0.0008440 seconds, Stopping threads took: 0.0001740 seconds
47.669: Application time: 0.0816790 seconds
47.669: [GC47.669: [ParNew: 34159K->752K(37568K), 0.0005130 secs] 53980K->20573K(120960K), 0.0005390 secs] [Times: user=0.00 sys=0.00, real=0.00 secs] 
47.670: Total time for which application threads were stopped: 0.0007270 seconds, Stopping threads took: 0.0001340 seconds
47.751: Application time: 0.0812520 seconds
47.751: [GC47.751: [ParNew: 33843K->1264K(37568K), 0.0005920 secs] 53664K->21085K(120960K), 0.0006180 secs] [Times: user=0.01 sys=0.00, real=0.00 secs] 
47.752: Total time for which application threads were stopped: 0.0007500 seconds, Stopping threads took: 0.0000760 seconds
47.833: Application time: 0.0805460 seconds
47.833: [GC47.833: [ParNew: 34196K->1264K(37568K), 0.0005130 secs] 54018K->21085K(120960K), 0.0005400 secs] [Times: user=0.00 sys=0.00, real=0.00 secs] 
47.833: Total time for which application threads were stopped: 0.0006520 seconds, Stopping threads took: 0.0000580 seconds
47.914: Application time: 0.0804470 seconds
47.914: [GC47.914: [ParNew: 34196K->1264K(37568K), 0.0005240 secs] 54018K->21085K(120960K), 0.0005510 secs] [Times: user=0.00 sys=0.00, real=0.00 secs] 
47.914: Total time for which application threads were stopped: 0.0006820 seconds, Stopping threads took: 0.0000680 seconds
47.995: Application time: 0.0806970 seconds
47.995: [GC47.995: [ParNew: 34196K->1264K(37568K), 0.0005200 secs] 54018K->21085K(120960K), 0.0005540 secs] [Times: user=0.00 sys=0.00, real=0.00 secs] 
47.996: Total time for which application threads were stopped: 0.0006820 seconds, Stopping threads took: 0.0000740 seconds
48.077: Application time: 0.0808260 seconds
48.077: [GC48.077: [ParNew: 34196K->1264K(37568K), 0.0005590 secs] 54018K->21085K(120960K), 0.0005850 secs] [Times: user=0.01 sys=0.00, real=0.00 secs] 
48.077: Total time for which application threads were stopped: 0.0007230 seconds, Stopping threads took: 0.0000850 seconds
48.158: Application time: 0.0806920 seconds
48.158: [GC48.158: [ParNew: 34196K->1264K(37568K), 0.0005360 secs] 54018K->21085K(120960K), 0.0005640 secs] [Times: user=0.01 sys=0.00, real=0.00 secs] 
48.159: Total time for which application threads were stopped: 0.0006850 seconds, Stopping threads took: 0.0000660 seconds
48.240: Application time: 0.0808580 seconds
48.240: [GC48.240: [ParNew: 34192K->2288K(37568K), 0.0008560 secs] 54013K->22125K(120960K), 0.0008860 secs] [Times: user=0.01 sys=0.00, real=0.00 secs] 
48.241: Total time for which application threads were stopped: 0.0011000 seconds, Stopping threads took: 0.0001460 seconds
48.322: Application time: 0.0809770 seconds
48.322: [GC48.322: [ParNew: 35688K->3252K(37568K), 0.0013000 secs] 55525K->23169K(120960K), 0.0013420 secs] [Times: user=0.01 sys=0.00, real=0.00 secs] 
48.323: Total time for which application threads were stopped: 0.0014780 seconds, Stopping threads took: 0.0000720 seconds
48.404: Application time: 0.0812780 seconds
48.405: [GC48.405: [ParNew: 36345K->3142K(37568K), 0.0013180 secs] 56262K->23267K(120960K), 0.0013560 secs] [Times: user=0.01 sys=0.00, real=0.00 secs] 
48.406: Total time for which application threads were stopped: 0.0015140 seconds, Stopping threads took: 0.0000960 seconds
48.487: Application time: 0.0806910 seconds
48.487: [GC48.487: [ParNew: 36074K->3086K(37568K), 0.0011510 secs] 56200K->23315K(120960K), 0.0011850 secs] [Times: user=0.01 sys=0.00, real=0.01 secs] 
48.488: Total time for which application threads were stopped: 0.0013320 seconds, Stopping threads took: 0.0000760 seconds
48.569: Application time: 0.0812800 seconds
48.569: [GC48.569: [ParNew: 36018K->3086K(37568K), 0.0011150 secs] 56248K->23315K(120960K), 0.0011460 secs] [Times: user=0.01 sys=0.00, real=0.00 secs] 
48.571: Total time for which application threads were stopped: 0.0013060 seconds, Stopping threads took: 0.0000970 seconds
48.652: Application time: 0.0814410 seconds
48.652: [GC48.652: [ParNew: 36018K->3086K(37568K), 0.0011480 secs] 56248K->23315K(120960K), 0.0011800 secs] [Times: user=0.01 sys=0.00, real=0.00 secs] 
48.653: Total time for which application threads were stopped: 0.0013180 seconds, Stopping threads took: 0.0000750 seconds
48.736: Application time: 0.0829640 seconds
48.736: [GC48.736: [ParNew: 36022K->2058K(37568K), 0.0007750 secs] 56252K->22287K(120960K), 0.0008030 secs] [Times: user=0.01 sys=0.00, real=0.00 secs] 
48.737: Total time for which application threads were stopped: 0.0009860 seconds, Stopping threads took: 0.0001250 seconds
48.818: Application time: 0.0811290 seconds
48.818: [GC48.819: [ParNew: 34994K->2058K(37568K), 0.0007780 secs] 55224K->22287K(120960K), 0.0008100 secs] [Times: user=0.01 sys=0.00, real=0.00 secs] 
48.819: Total time for which application threads were stopped: 0.0009420 seconds, Stopping threads took: 0.0000720 seconds
48.902: Application time: 0.0821920 seconds
48.902: [GC48.902: [ParNew: 34990K->2060K(37568K), 0.0008030 secs] 55220K->22289K(120960K), 0.0008320 secs] [Times: user=0.01 sys=0.00, real=0.00 secs] 
48.902: Total time for which application threads were stopped: 0.0009810 seconds, Stopping threads took: 0.0000890 seconds
48.983: Application time: 0.0808870 seconds
48.983: [GC48.984: [ParNew: 35462K->2744K(37568K), 0.0010310 secs] 55692K->22973K(120960K), 0.0010640 secs] [Times: user=0.01 sys=0.00, real=0.00 secs] 
48.985: Total time for which application threads were stopped: 0.0011900 seconds, Stopping threads took: 0.0000630 seconds
49.066: Application time: 0.0813300 seconds
49.066: [GC49.066: [ParNew: 35835K->2632K(37568K), 0.0010890 secs] 56065K->23069K(120960K), 0.0011310 secs] [Times: user=0.00 sys=0.00, real=0.01 secs] 
49.067: Total time for which application threads were stopped: 0.0012780 seconds, Stopping threads took: 0.0000740 seconds
49.148: Application time: 0.0809470 seconds
49.148: [GC49.148: [ParNew: 35564K->2572K(37568K), 0.0010430 secs] 56002K->23121K(120960K), 0.0010740 secs] [Times: user=0.01 sys=0.00, real=0.00 secs] 
49.149: Total time for which application threads were stopped: 0.0012240 seconds, Stopping threads took: 0.0000890 seconds
49.231: Application time: 0.0812500 seconds
49.231: [GC49.231: [ParNew: 35504K->2576K(37568K), 0.0009610 secs] 56054K->23125K(120960K), 0.0009920 secs] [Times: user=0.00 sys=0.00, real=0.00 secs] 
49.232: Total time for which application threads were stopped: 0.0011430 seconds, Stopping threads took: 0.0000910 seconds
49.313: Application time: 0.0812470 seconds
49.313: [GC49.313: [ParNew: 35508K->2574K(37568K), 0.0009540 secs] 56058K->23123K(120960K), 0.0009850 secs] [Times: user=0.01 sys=0.00, real=0.00 secs] 
49.314: Total time for which application threads were stopped: 0.0011180 seconds, Stopping threads took: 0.0000710 seconds
49.395: Application time: 0.0809040 seconds
49.395: [GC49.395: [ParNew: 35510K->2060K(37568K), 0.0008590 secs] 56060K->22609K(120960K), 0.0008880 secs] [Times: user=0.00 sys=0.00, real=0.00 secs] 
49.396: Total time for which application threads were stopped: 0.0010600 seconds, Stopping threads took: 0.0001140 seconds
49.477: Application time: 0.0812270 seconds
49.477: [GC49.477: [ParNew: 34996K->1548K(37568K), 0.0005910 secs] 55546K->22097K(120960K), 0.0006200 secs] [Times: user=0.00 sys=0.00, real=0.00 secs] 
49.478: Total time for which application threads were stopped: 0.0007600 seconds, Stopping threads took: 0.0000820 seconds
49.559: Application time: 0.0813860 seconds
49.560: [GC49.560: [ParNew: 34484K->1032K(37568K), 0.0004700 secs] 55034K->21581K(120960K), 0.0004970 secs] [Times: user=0.00 sys=0.00, real=0.00 secs] 
49.560: Total time for which application threads were stopped: 0.0006170 seconds, Stopping threads took: 0.0000650 seconds
49.641: Application time: 0.0812120 seconds
49.641: [GC49.641: [ParNew: 34440K->1720K(37568K), 0.0006650 secs] 54989K->22270K(120960K), 0.0006950 secs] [Times: user=0.00 sys=0.00, real=0.00 secs] 
49.642: Total time for which application threads were stopped: 0.0008270 seconds, Stopping threads took: 0.0000620 seconds
49.724: Application time: 0.0814130 seconds
49.724: [GC49.724: [ParNew: 34811K->1776K(37568K), 0.0007570 secs] 55361K->22326K(120960K), 0.0007850 secs] [Times: user=0.01 sys=0.00, real=0.00 secs] 
49.724: Total time for which application threads were stopped: 0.0009160 seconds, Stopping threads took: 0.0000740 seconds
49.806: Application time: 0.0819370 seconds
49.807: [GC49.807: [ParNew: 34713K->1262K(37568K), 0.0006060 secs] 55262K->21812K(120960K), 0.0006310 secs] [Times: user=0.00 sys=0.00, real=0.01 secs] 
49.807: Total time for which application threads were stopped: 0.0007480 seconds, Stopping threads took: 0.0000650 seconds
49.889: Application time: 0.0818730 seconds
49.889: [GC49.889: [ParNew: 34199K->748K(37568K), 0.0004870 secs] 54748K->21298K(120960K), 0.0005100 secs] [Times: user=0.00 sys=0.00, real=0.00 secs] 
49.890: Total time for which application threads were stopped: 0.0006140 seconds, Stopping threads took: 0.0000540 seconds
49.971: Application time: 0.0813160 seconds
49.971: [GC49.971: [ParNew: 33680K->752K(37568K), 0.0003840 secs] 54230K->21302K(120960K), 0.0004140 secs] [Times: user=0.00 sys=0.01, real=0.00 secs] 
49.971: Total time for which application threads were stopped: 0.0005250 seconds, Stopping threads took: 0.0000590 seconds
50.052: Application time: 0.0806320 seconds
50.052: [GC50.052: [ParNew: 33684K->752K(37568K), 0.0004040 secs] 54234K->21302K(120960K), 0.0004280 secs] [Times: user=0.01 sys=0.00, real=0.00 secs] 
50.053: Total time for which application threads were stopped: 0.0005470 seconds, Stopping threads took: 0.0000600 seconds
50.134: Application time: 0.0810150 seconds
50.134: [GC50.134: [ParNew: 33682K->1264K(37568K), 0.0005550 secs] 54232K->21814K(120960K), 0.0005840 secs] [Times: user=0.00 sys=0.00, real=0.00 secs] 
50.134: Total time for which application threads were stopped: 0.0007080 seconds, Stopping threads took: 0.0000680 seconds
50.215: Application time: 0.0808660 seconds
50.215: [GC50.215: [ParNew: 34196K->1264K(37568K), 0.0005200 secs] 54746K->21814K(120960K), 0.0005470 secs] [Times: user=0.01 sys=0.00, real=0.00 secs] 
50.216: Total time for which application threads were stopped: 0.0006780 seconds, Stopping threads took: 0.0000690 seconds
50.296: Application time: 0.0804710 seconds
50.297: [GC50.297: [ParNew: 34672K->1264K(37568K), 0.0005470 secs] 55222K->21814K(120960K), 0.0005750 secs] [Times: user=0.00 sys=0.00, real=0.00 secs] 
50.297: Total time for which application threads were stopped: 0.0007010 seconds, Stopping threads took: 0.0000700 seconds
50.380: Application time: 0.0826610 seconds
50.380: [GC50.380: [ParNew: 34355K->1264K(37568K), 0.0005270 secs] 54905K->21814K(120960K), 0.0005560 secs] [Times: user=0.01 sys=0.00, real=0.00 secs] 
50.380: Total time for which application threads were stopped: 0.0006800 seconds, Stopping threads took: 0.0000670 seconds
50.461: Application time: 0.0809040 seconds
50.461: [GC50.461: [ParNew: 34196K->1264K(37568K), 0.0005380 secs] 54746K->21814K(120960K), 0.0005670 secs] [Times: user=0.00 sys=0.00, real=0.00 secs] 
50.462: Total time for which application threads were stopped: 0.0006860 seconds, Stopping threads took: 0.0000640 seconds
50.543: Application time: 0.0809850 seconds
50.543: [GC50.543: [ParNew: 34196K->1264K(37568K), 0.0005390 secs] 54746K->21814K(120960K), 0.0005660 secs] [Times: user=0.00 sys=0.00, real=0.00 secs] 
50.544: Total time for which application threads were stopped: 0.0006840 seconds, Stopping threads took: 0.0000600 seconds
50.625: Application time: 0.0812280 seconds
50.625: [GC50.625: [ParNew: 34196K->1264K(37568K), 0.0005200 secs] 54746K->21814K(120960K), 0.0005470 secs] [Times: user=0.00 sys=0.00, real=0.00 secs] 
50.626: Total time for which application threads were stopped: 0.0006640 seconds, Stopping threads took: 0.0000610 seconds
50.707: Application time: 0.0808840 seconds
50.707: [GC50.707: [ParNew: 34196K->1264K(37568K), 0.0005820 secs] 54746K->21814K(120960K), 0.0006140 secs] [Times: user=0.01 sys=0.00, real=0.01 secs] 
50.707: Total time for which application threads were stopped: 0.0007830 seconds, Stopping threads took: 0.0001130 seconds
50.788: Application time: 0.0810310 seconds
50.788: [GC50.788: [ParNew: 34196K->1264K(37568K), 0.0005240 secs] 54746K->21814K(120960K), 0.0005500 secs] [Times: user=0.00 sys=0.00, real=0.00 secs] 
50.789: Total time for which application threads were stopped: 0.0006760 seconds, Stopping threads took: 0.0000620 seconds
50.870: Application time: 0.0813110 seconds
50.870: [GC50.870: [ParNew: 34197K->1262K(37568K), 0.0005920 secs] 54746K->21828K(120960K), 0.0006180 secs] [Times: user=0.00 sys=0.00, real=0.00 secs] 
50.871: Total time for which application threads were stopped: 0.0007500 seconds, Stopping threads took: 0.0000700 seconds
50.952: Application time: 0.0806050 seconds
50.952: [GC50.952: [ParNew: 34161K->750K(37568K), 0.0004670 secs] 54726K->21332K(120960K), 0.0004920 secs] [Times: user=0.01 sys=0.00, real=0.00 secs] 
50.952: Total time for which application threads were stopped: 0.0006960 seconds, Stopping threads took: 0.0001530 seconds
51.033: Application time: 0.0805720 seconds
51.033: [GC51.033: [ParNew: 33839K->1264K(37568K), 0.0005500 secs] 54421K->21846K(120960K), 0.0005770 secs] [Times: user=0.01 sys=0.00, real=0.00 secs] 
51.034: Total time for which application threads were stopped: 0.0006970 seconds, Stopping threads took: 0.0000650 seconds
51.114: Application time: 0.0799320 seconds
51.114: [GC51.114: [ParNew: 34196K->1264K(37568K), 0.0005480 secs] 54778K->21846K(120960K), 0.0005840 secs] [Times: user=0.01 sys=0.00, real=0.00 secs] 
51.114: Total time for which application threads were stopped: 0.0007180 seconds, Stopping threads took: 0.0000800 seconds
51.195: Application time: 0.0804640 seconds
51.195: [GC51.195: [ParNew: 34196K->1264K(37568K), 0.0005560 secs] 54778K->21846K(120960K), 0.0005840 secs] [Times: user=0.01 sys=0.00, real=0.01 secs] 
51.195: Total time for which application threads were stopped: 0.0007280 seconds, Stopping threads took: 0.0000900 seconds
51.276: Application time: 0.0809130 seconds
51.277: [GC51.277: [ParNew: 34194K->1776K(37568K), 0.0006680 secs] 54776K->22358K(120960K), 0.0006960 secs] [Times: user=0.01 sys=0.00, real=0.00 secs] 
51.277: Total time for which application threads were stopped: 0.0008230 seconds, Stopping threads took: 0.0000690 seconds
51.359: Application time: 0.0816550 seconds
51.359: [GC51.359: [ParNew: 34709K->1774K(37568K), 0.0007580 secs] 55290K->22356K(120960K), 0.0007870 secs] [Times: user=0.00 sys=0.00, real=0.00 secs] 
51.360: Total time for which application threads were stopped: 0.0009260 seconds, Stopping threads took: 0.0000720 seconds
51.441: Application time: 0.0809300 seconds
51.441: [GC51.441: [ParNew: 34704K->2288K(37568K), 0.0008550 secs] 55286K->22870K(120960K), 0.0008830 secs] [Times: user=0.01 sys=0.00, real=0.00 secs] 
51.442: Total time for which application threads were stopped: 0.0010140 seconds, Stopping threads took: 0.0000720 seconds
51.523: Application time: 0.0807360 seconds
51.523: [GC51.523: [ParNew: 35221K->2058K(37568K), 0.0008490 secs] 55802K->22908K(120960K), 0.0008800 secs] [Times: user=0.01 sys=0.00, real=0.00 secs] 
51.524: Total time for which application threads were stopped: 0.0010210 seconds, Stopping threads took: 0.0000800 seconds
51.604: Application time: 0.0806940 seconds
51.604: [GC51.604: [ParNew: 35464K->2232K(37568K), 0.0008440 secs] 56314K->23082K(120960K), 0.0008750 secs] [Times: user=0.01 sys=0.00, real=0.00 secs] 
51.605: Total time for which application threads were stopped: 0.0010030 seconds, Stopping threads took: 0.0000670 seconds
51.686: Application time: 0.0805760 seconds
51.686: [GC51.686: [ParNew: 35323K->2118K(37568K), 0.0008450 secs] 56173K->23188K(120960K), 0.0008850 secs] [Times: user=0.00 sys=0.00, real=0.00 secs] 
51.687: Total time for which application threads were stopped: 0.0010140 seconds, Stopping threads took: 0.0000680 seconds
51.769: Application time: 0.0822260 seconds
51.769: [GC51.769: [ParNew: 35052K->2060K(37568K), 0.0007880 secs] 56123K->23226K(120960K), 0.0008170 secs] [Times: user=0.01 sys=0.00, real=0.00 secs] 
51.770: Total time for which application threads were stopped: 0.0009500 seconds, Stopping threads took: 0.0000700 seconds
51.851: Application time: 0.0813590 seconds
51.851: [GC51.851: [ParNew: 34992K->2056K(37568K), 0.0007830 secs] 56159K->23222K(120960K), 0.0008100 secs] [Times: user=0.00 sys=0.00, real=0.00 secs] 
51.852: Total time for which application threads were stopped: 0.0009230 seconds, Stopping threads took: 0.0000540 seconds
51.934: Application time: 0.0816990 seconds
51.934: [GC51.934: [ParNew: 34986K->2572K(37568K), 0.0009630 secs] 56152K->23738K(120960K), 0.0009930 secs] [Times: user=0.01 sys=0.00, real=0.01 secs] 
51.935: Total time for which application threads were stopped: 0.0011390 seconds, Stopping threads took: 0.0000770 seconds
52.017: Application time: 0.0814780 seconds
52.017: [GC52.017: [ParNew: 35504K->2058K(37568K), 0.0007840 secs] 56671K->23224K(120960K), 0.0008110 secs] [Times: user=0.01 sys=0.00, real=0.00 secs] 
52.018: Total time for which application threads were stopped: 0.0009460 seconds, Stopping threads took: 0.0000780 seconds
52.099: Application time: 0.0811210 seconds
52.099: [GC52.099: [ParNew: 34992K->2574K(37568K), 0.0009570 secs] 56159K->23740K(120960K), 0.0009880 secs] [Times: user=0.01 sys=0.00, real=0.00 secs] 
52.100: Total time for which application threads were stopped: 0.0011170 seconds, Stopping threads took: 0.0000700 seconds
52.182: Application time: 0.0822770 seconds
52.182: [GC52.182: [ParNew: 35514K->2060K(37568K), 0.0007810 secs] 56681K->23226K(120960K), 0.0008180 secs] [Times: user=0.00 sys=0.00, real=0.00 secs] 
52.183: Total time for which application threads were stopped: 0.0009840 seconds, Stopping threads took: 0.0001070 seconds
52.264: Application time: 0.0810500 seconds
52.264: [GC52.264: [ParNew: 35468K->2232K(37568K), 0.0008390 secs] 56634K->23398K(120960K), 0.0008700 secs] [Times: user=0.01 sys=0.00, real=0.00 secs] 
52.265: Total time for which application threads were stopped: 0.0010040 seconds, Stopping threads took: 0.0000740 seconds
52.347: Application time: 0.0815160 seconds
52.347: [GC52.347: [ParNew: 35329K->1606K(37568K), 0.0007350 secs] 56496K->22988K(120960K), 0.0007650 secs] [Times: user=0.00 sys=0.00, real=0.01 secs] 
52.348: Total time for which application threads were stopped: 0.0008800 seconds, Stopping threads took: 0.0000570 seconds
52.429: Application time: 0.0817370 seconds
52.429: [GC52.429: [ParNew: 34540K->1606K(37568K), 0.0006470 secs] 55923K->22988K(120960K), 0.0006760 secs] [Times: user=0.00 sys=0.00, real=0.00 secs] 
52.430: Total time for which application threads were stopped: 0.0008960 seconds, Stopping threads took: 0.0001640 seconds
52.512: Application time: 0.0816320 seconds
52.512: [GC52.512: [ParNew: 34536K->2118K(37568K), 0.0008000 secs] 55919K->23500K(120960K), 0.0008320 secs] [Times: user=0.01 sys=0.00, real=0.00 secs] 
52.513: Total time for which application threads were stopped: 0.0009710 seconds, Stopping threads took: 0.0000710 seconds
52.594: Application time: 0.0810180 seconds
52.594: [GC52.594: [ParNew: 35050K->2060K(37568K), 0.0008350 secs] 56433K->23554K(120960K), 0.0008650 secs] [Times: user=0.01 sys=0.00, real=0.00 secs] 
52.595: Total time for which application threads were stopped: 0.0010080 seconds, Stopping threads took: 0.0000840 seconds
52.676: Application time: 0.0808270 seconds
52.676: [GC52.676: [ParNew: 34992K->2060K(37568K), 0.0007690 secs] 56487K->23554K(120960K), 0.0007960 secs] [Times: user=0.00 sys=0.00, real=0.00 secs] 
52.677: Total time for which application threads were stopped: 0.0009930 seconds, Stopping threads took: 0.0001410 seconds
52.758: Application time: 0.0813660 seconds
52.758: [GC52.758: [ParNew: 34992K->2062K(37568K), 0.0007840 secs] 56487K->23556K(120960K), 0.0008130 secs] [Times: user=0.01 sys=0.00, real=0.00 secs] 
52.759: Total time for which application threads were stopped: 0.0009360 seconds, Stopping threads took: 0.0000650 seconds
52.841: Application time: 0.0815920 seconds
52.841: [GC52.841: [ParNew: 35079K->1576K(37568K), 0.0006450 secs] 56573K->23070K(120960K), 0.0006710 secs] [Times: user=0.01 sys=0.00, real=0.00 secs] 
52.841: Total time for which application threads were stopped: 0.0007770 seconds, Stopping threads took: 0.0000530 seconds
52.922: Application time: 0.0803450 seconds
52.922: [GC52.922: [ParNew: 34904K->2232K(37568K), 0.0008410 secs] 56398K->23727K(120960K), 0.0008710 secs] [Times: user=0.01 sys=0.00, real=0.00 secs] 
52.923: Total time for which application threads were stopped: 0.0009980 seconds, Stopping threads took: 0.0000700 seconds
53.005: Application time: 0.0826600 seconds
53.005: [GC53.005: [ParNew: 35331K->1094K(37568K), 0.0005540 secs] 56826K->22805K(120960K), 0.0005830 secs] [Times: user=0.00 sys=0.00, real=0.00 secs] 
53.006: Total time for which application threads were stopped: 0.0007060 seconds, Stopping threads took: 0.0000680 seconds
53.086: Application time: 0.0803870 seconds
53.086: [GC53.087: [ParNew: 34026K->1096K(37568K), 0.0004770 secs] 55737K->22807K(120960K), 0.0005050 secs] [Times: user=0.01 sys=0.00, real=0.00 secs] 
53.087: Total time for which application threads were stopped: 0.0006280 seconds, Stopping threads took: 0.0000610 seconds
53.168: Application time: 0.0812770 seconds
53.168: [GC53.168: [ParNew: 34028K->1096K(37568K), 0.0004960 secs] 55739K->22807K(120960K), 0.0005230 secs] [Times: user=0.01 sys=0.00, real=0.00 secs] 
53.169: Total time for which application threads were stopped: 0.0006470 seconds, Stopping threads took: 0.0000690 seconds
53.249: Application time: 0.0802480 seconds
53.249: [GC53.249: [ParNew: 34026K->1608K(37568K), 0.0006360 secs] 55737K->23319K(120960K), 0.0006720 secs] [Times: user=0.00 sys=0.00, real=0.00 secs] 
53.250: Total time for which application threads were stopped: 0.0007880 seconds, Stopping threads took: 0.0000580 seconds
53.330: Application time: 0.0798320 seconds
53.330: [GC53.330: [ParNew: 34538K->2120K(37568K), 0.0008010 secs] 56249K->23831K(120960K), 0.0008300 secs] [Times: user=0.01 sys=0.00, real=0.00 secs] 
53.331: Total time for which application threads were stopped: 0.0009630 seconds, Stopping threads took: 0.0000730 seconds
53.412: Application time: 0.0812990 seconds
53.412: [GC53.412: [ParNew: 35052K->2060K(37568K), 0.0008190 secs] 56763K->23863K(120960K), 0.0008480 secs] [Times: user=0.00 sys=0.00, real=0.00 secs] 
53.413: Total time for which application threads were stopped: 0.0009720 seconds, Stopping threads took: 0.0000650 seconds
53.497: Application time: 0.0838510 seconds
53.497: [GC53.497: [ParNew: 35081K->1066K(37568K), 0.0005280 secs] 56884K->22869K(120960K), 0.0005560 secs] [Times: user=0.00 sys=0.00, real=0.00 secs] 
53.498: Total time for which application threads were stopped: 0.0006750 seconds, Stopping threads took: 0.0000650 seconds
53.578: Application time: 0.0803680 seconds
53.578: [GC53.578: [ParNew: 34396K->1206K(37568K), 0.0005010 secs] 56199K->23009K(120960K), 0.0005290 secs] [Times: user=0.00 sys=0.00, real=0.00 secs] 
53.579: Total time for which application threads were stopped: 0.0006930 seconds, Stopping threads took: 0.0001080 seconds
53.659: Application time: 0.0802160 seconds
53.659: [GC53.659: [ParNew: 34295K->1776K(37568K), 0.0006830 secs] 56098K->23579K(120960K), 0.0007130 secs] [Times: user=0.00 sys=0.00, real=0.00 secs] 
53.660: Total time for which application threads were stopped: 0.0008410 seconds, Stopping threads took: 0.0000630 seconds
53.740: Application time: 0.0805840 seconds
53.740: [GC53.740: [ParNew: 34709K->1774K(37568K), 0.0007810 secs] 56511K->23577K(120960K), 0.0008110 secs] [Times: user=0.00 sys=0.00, real=0.00 secs] 
53.741: Total time for which application threads were stopped: 0.0009320 seconds, Stopping threads took: 0.0000640 seconds
53.822: Application time: 0.0805230 seconds
53.822: [GC53.822: [ParNew: 34707K->1776K(37568K), 0.0007140 secs] 56509K->23579K(120960K), 0.0007420 secs] [Times: user=0.00 sys=0.00, real=0.00 secs] 
53.823: Total time for which application threads were stopped: 0.0008640 seconds, Stopping threads took: 0.0000650 seconds
53.904: Application time: 0.0816170 seconds
53.904: [GC53.904: [ParNew: 34709K->1776K(37568K), 0.0006820 secs] 56511K->23579K(120960K), 0.0007110 secs] [Times: user=0.01 sys=0.00, real=0.00 secs] 
53.905: Total time for which application threads were stopped: 0.0008400 seconds, Stopping threads took: 0.0000690 seconds
53.986: Application time: 0.0807520 seconds
53.986: [GC53.986: [ParNew: 34709K->1776K(37568K), 0.0006740 secs] 56511K->23579K(120960K), 0.0007030 secs] [Times: user=0.00 sys=0.00, real=0.00 secs] 
53.987: Total time for which application threads were stopped: 0.0008250 seconds, Stopping threads took: 0.0000650 seconds
54.068: Application time: 0.0808950 seconds
54.068: [GC54.068: [ParNew: 34709K->1774K(37568K), 0.0007590 secs] 56511K->23577K(120960K), 0.0007880 secs] [Times: user=0.00 sys=0.00, real=0.00 secs] 
54.068: Total time for which application threads were stopped: 0.0009310 seconds, Stopping threads took: 0.0000830 seconds
54.149: Application time: 0.0806700 seconds
54.149: [GC54.149: [ParNew: 34787K->1776K(37568K), 0.0007020 secs] 56590K->23579K(120960K), 0.0007300 secs] [Times: user=0.00 sys=0.00, real=0.00 secs] 
54.150: Total time for which application threads were stopped: 0.0008670 seconds, Stopping threads took: 0.0000790 seconds
54.232: Application time: 0.0815180 seconds
54.232: [GC54.232: [ParNew: 35102K->2288K(37568K), 0.0009140 secs] 56905K->24091K(120960K), 0.0009460 secs] [Times: user=0.00 sys=0.00, real=0.00 secs] 
54.233: Total time for which application threads were stopped: 0.0010850 seconds, Stopping threads took: 0.0000700 seconds
54.314: Application time: 0.0816320 seconds
54.314: [GC54.314: [ParNew: 35379K->2120K(37568K), 0.0008830 secs] 57182K->24131K(120960K), 0.0009240 secs] [Times: user=0.00 sys=0.00, real=0.01 secs] 
54.315: Total time for which application threads were stopped: 0.0010440 seconds, Stopping threads took: 0.0000600 seconds
54.398: Application time: 0.0822170 seconds
54.398: [GC54.398: [ParNew: 35052K->2060K(37568K), 0.0008220 secs] 57063K->24175K(120960K), 0.0008510 secs] [Times: user=0.01 sys=0.00, real=0.00 secs] 
54.399: Total time for which application threads were stopped: 0.0009840 seconds, Stopping threads took: 0.0000730 seconds
54.480: Application time: 0.0812750 seconds
54.480: [GC54.480: [ParNew: 34992K->2060K(37568K), 0.0007820 secs] 57107K->24175K(120960K), 0.0008120 secs] [Times: user=0.01 sys=0.00, real=0.00 secs] 
54.481: Total time for which application threads were stopped: 0.0009410 seconds, Stopping threads took: 0.0000700 seconds
54.561: Application time: 0.0805630 seconds
54.561: [GC54.561: [ParNew: 34992K->2064K(37568K), 0.0007760 secs] 57107K->24179K(120960K), 0.0008050 secs] [Times: user=0.00 sys=0.00, real=0.00 secs] 
54.562: Total time for which application threads were stopped: 0.0009380 seconds, Stopping threads took: 0.0000770 seconds
54.643: Application time: 0.0812450 seconds
54.644: [GC54.644: [ParNew: 34996K->2060K(37568K), 0.0007650 secs] 57111K->24175K(120960K), 0.0007970 secs] [Times: user=0.00 sys=0.00, real=0.00 secs] 
54.644: Total time for which application threads were stopped: 0.0009170 seconds, Stopping threads took: 0.0000610 seconds
54.725: Application time: 0.0808050 seconds
54.725: [GC54.725: [ParNew: 34992K->2058K(37568K), 0.0007920 secs] 57107K->24173K(120960K), 0.0008200 secs] [Times: user=0.01 sys=0.00, real=0.00 secs] 
54.726: Total time for which application threads were stopped: 0.0009510 seconds, Stopping threads took: 0.0000740 seconds
54.807: Application time: 0.0812270 seconds
54.808: [GC54.808: [ParNew: 34990K->2060K(37568K), 0.0007670 secs] 57105K->24175K(120960K), 0.0007960 secs] [Times: user=0.00 sys=0.00, real=0.00 secs] 
54.808: Total time for which application threads were stopped: 0.0009230 seconds, Stopping threads took: 0.0000630 seconds
54.889: Application time: 0.0804670 seconds
54.889: [GC54.889: [ParNew: 34956K->1718K(37568K), 0.0007360 secs] 57071K->23833K(120960K), 0.0007650 secs] [Times: user=0.00 sys=0.00, real=0.00 secs] 
54.890: Total time for which application threads were stopped: 0.0008910 seconds, Stopping threads took: 0.0000680 seconds
54.970: Application time: 0.0807790 seconds
54.971: [GC54.971: [ParNew: 34809K->1776K(37568K), 0.0007230 secs] 56924K->23891K(120960K), 0.0007530 secs] [Times: user=0.00 sys=0.00, real=0.00 secs] 
54.971: Total time for which application threads were stopped: 0.0008900 seconds, Stopping threads took: 0.0000780 seconds
55.053: Application time: 0.0811770 seconds
55.053: [GC55.053: [ParNew: 34711K->1776K(37568K), 0.0007170 secs] 56826K->23891K(120960K), 0.0007450 secs] [Times: user=0.00 sys=0.00, real=0.00 secs] 
55.053: Total time for which application threads were stopped: 0.0009510 seconds, Stopping threads took: 0.0001470 seconds
55.135: Application time: 0.0815570 seconds
55.135: [GC55.135: [ParNew: 34713K->1264K(37568K), 0.0005300 secs] 56828K->23379K(120960K), 0.0005570 secs] [Times: user=0.01 sys=0.00, real=0.00 secs] 
55.136: Total time for which application threads were stopped: 0.0006940 seconds, Stopping threads took: 0.0000810 seconds
55.218: Application time: 0.0820710 seconds
55.218: [GC55.218: [ParNew: 34196K->1264K(37568K), 0.0005160 secs] 56312K->23379K(120960K), 0.0005430 secs] [Times: user=0.01 sys=0.00, real=0.00 secs] 
55.218: Total time for which application threads were stopped: 0.0006700 seconds, Stopping threads took: 0.0000730 seconds
55.300: Application time: 0.0813520 seconds
55.300: [GC55.300: [ParNew: 34196K->1262K(37568K), 0.0006010 secs] 56312K->23377K(120960K), 0.0006300 secs] [Times: user=0.00 sys=0.00, real=0.00 secs] 
55.301: Total time for which application threads were stopped: 0.0007470 seconds, Stopping threads took: 0.0000560 seconds
55.381: Application time: 0.0809090 seconds
55.382: [GC55.382: [ParNew: 34199K->750K(37568K), 0.0004620 secs] 56314K->22865K(120960K), 0.0004890 secs] [Times: user=0.01 sys=0.00, real=0.00 secs] 
55.382: Total time for which application threads were stopped: 0.0006120 seconds, Stopping threads took: 0.0000640 seconds
55.463: Application time: 0.0809400 seconds
55.463: [GC55.463: [ParNew: 33682K->752K(37568K), 0.0003950 secs] 55798K->22867K(120960K), 0.0004200 secs] [Times: user=0.00 sys=0.00, real=0.00 secs] 
55.464: Total time for which application threads were stopped: 0.0005360 seconds, Stopping threads took: 0.0000640 seconds
55.544: Application time: 0.0808310 seconds
55.545: [GC55.545: [ParNew: 34156K->1264K(37568K), 0.0005500 secs] 56271K->23379K(120960K), 0.0005770 secs] [Times: user=0.00 sys=0.00, real=0.00 secs] 
55.545: Total time for which application threads were stopped: 0.0007130 seconds, Stopping threads took: 0.0000820 seconds
55.626: Application time: 0.0812640 seconds
55.627: [GC55.627: [ParNew: 34355K->1776K(37568K), 0.0007110 secs] 56470K->23891K(120960K), 0.0007410 secs] [Times: user=0.01 sys=0.00, real=0.01 secs] 
55.627: Total time for which application threads were stopped: 0.0008810 seconds, Stopping threads took: 0.0000840 seconds
55.708: Application time: 0.0809880 seconds
55.708: [GC55.708: [ParNew: 34711K->1776K(37568K), 0.0008020 secs] 56826K->23891K(120960K), 0.0015040 secs] [Times: user=0.01 sys=0.00, real=0.00 secs] 
55.710: Total time for which application threads were stopped: 0.0016810 seconds, Stopping threads took: 0.0001170 seconds
55.791: Application time: 0.0810710 seconds
55.791: [GC55.791: [ParNew: 34707K->2288K(37568K), 0.0008600 secs] 56822K->24403K(120960K), 0.0008910 secs] [Times: user=0.00 sys=0.00, real=0.00 secs] 
55.792: Total time for which application threads were stopped: 0.0010180 seconds, Stopping threads took: 0.0000690 seconds
55.873: Application time: 0.0811150 seconds
55.873: [GC55.873: [ParNew: 35221K->2062K(37568K), 0.0008510 secs] 57336K->24445K(120960K), 0.0008830 secs] [Times: user=0.01 sys=0.00, real=0.00 secs] 
55.874: Total time for which application threads were stopped: 0.0010390 seconds, Stopping threads took: 0.0000960 seconds
55.955: Application time: 0.0809090 seconds
55.955: [GC55.955: [ParNew: 34994K->2060K(37568K), 0.0007880 secs] 57378K->24443K(120960K), 0.0008160 secs] [Times: user=0.00 sys=0.00, real=0.00 secs] 
55.956: Total time for which application threads were stopped: 0.0009550 seconds, Stopping threads took: 0.0000740 seconds
56.037: Application time: 0.0808590 seconds
56.037: [GC56.037: [ParNew: 34990K->2060K(37568K), 0.0008440 secs] 57374K->24443K(120960K), 0.0008730 secs] [Times: user=0.00 sys=0.00, real=0.00 secs] 
56.038: Total time for which application threads were stopped: 0.0010300 seconds, Stopping threads took: 0.0001000 seconds
56.119: Application time: 0.0814530 seconds
56.120: [GC56.120: [ParNew: 34996K->2060K(37568K), 0.0007780 secs] 57380K->24443K(120960K), 0.0008070 secs] [Times: user=0.00 sys=0.00, real=0.00 secs] 
56.120: Total time for which application threads were stopped: 0.0009420 seconds, Stopping threads took: 0.0000730 seconds
56.202: Application time: 0.0811350 seconds
56.202: [GC56.202: [ParNew: 35466K->2228K(37568K), 0.0009570 secs] 57850K->24611K(120960K), 0.0009870 secs] [Times: user=0.01 sys=0.00, real=0.00 secs] 
56.203: Total time for which application threads were stopped: 0.0011040 seconds, Stopping threads took: 0.0000570 seconds
56.284: Application time: 0.0810310 seconds
56.284: [GC56.284: [ParNew: 35319K->2120K(37568K), 0.0008910 secs] 57703K->24715K(120960K), 0.0009210 secs] [Times: user=0.00 sys=0.00, real=0.00 secs] 
56.285: Total time for which application threads were stopped: 0.0010480 seconds, Stopping threads took: 0.0000690 seconds
56.364: Application time: 0.0795900 seconds
56.364: [GC56.364: [ParNew: 35050K->2574K(37568K), 0.0010070 secs] 57646K->25281K(120960K), 0.0010440 secs] [Times: user=0.01 sys=0.00, real=0.00 secs] 
56.365: Total time for which application threads were stopped: 0.0011700 seconds, Stopping threads took: 0.0000650 seconds
56.448: Application time: 0.0826020 seconds
56.448: [GC56.448: [ParNew: 35506K->2572K(37568K), 0.0009610 secs] 58214K->25279K(120960K), 0.0009870 secs] [Times: user=0.01 sys=0.00, real=0.00 secs] 
56.449: Total time for which application threads were stopped: 0.0011130 seconds, Stopping threads took: 0.0000710 seconds
56.530: Application time: 0.0811540 seconds
56.530: [GC56.530: [ParNew: 35504K->2574K(37568K), 0.0009840 secs] 58212K->25281K(120960K), 0.0010150 secs] [Times: user=0.01 sys=0.00, real=0.00 secs] 
56.531: Total time for which application threads were stopped: 0.0011620 seconds, Stopping threads took: 0.0000780 seconds
56.613: Application time: 0.0810660 seconds
56.613: [GC56.613: [ParNew: 35506K->2574K(37568K), 0.0009810 secs] 58214K->25281K(120960K), 0.0010120 secs] [Times: user=0.01 sys=0.00, real=0.00 secs] 
56.614: Total time for which application threads were stopped: 0.0011430 seconds, Stopping threads took: 0.0000700 seconds
56.695: Application time: 0.0809120 seconds
56.695: [GC56.695: [ParNew: 35504K->2572K(37568K), 0.0010260 secs] 58212K->25279K(120960K), 0.0010570 secs] [Times: user=0.01 sys=0.00, real=0.01 secs] 
56.696: Total time for which application threads were stopped: 0.0012780 seconds, Stopping threads took: 0.0001610 seconds
56.778: Application time: 0.0817820 seconds
56.778: [GC56.778: [ParNew: 35508K->2572K(37568K), 0.0010150 secs] 58216K->25279K(120960K), 0.0010460 secs] [Times: user=0.01 sys=0.00, real=0.00 secs] 
56.779: Total time for which application threads were stopped: 0.0012060 seconds, Stopping threads took: 0.0000990 seconds
56.860: Application time: 0.0814310 seconds
56.860: [GC56.860: [ParNew: 35978K->2744K(37568K), 0.0010270 secs] 58686K->25452K(120960K), 0.0010590 secs] [Times: user=0.01 sys=0.00, real=0.00 secs] 
56.862: Total time for which application threads were stopped: 0.0012320 seconds, Stopping threads took: 0.0001100 seconds
56.942: Application time: 0.0807120 seconds
56.942: [GC56.942: [ParNew: 35835K->2630K(37568K), 0.0010590 secs] 58543K->25554K(120960K), 0.0010890 secs] [Times: user=0.01 sys=0.00, real=0.00 secs] 
56.944: Total time for which application threads were stopped: 0.0012240 seconds, Stopping threads took: 0.0000730 seconds
57.025: Application time: 0.0819280 seconds
57.026: [GC57.026: [ParNew: 35562K->2574K(37568K), 0.0010410 secs] 58486K->25602K(120960K), 0.0010730 secs] [Times: user=0.01 sys=0.00, real=0.00 secs] 
57.027: Total time for which application threads were stopped: 0.0012170 seconds, Stopping threads took: 0.0000840 seconds
57.108: Application time: 0.0818480 seconds
57.109: [GC57.109: [ParNew: 35506K->2572K(37568K), 0.0010520 secs] 58534K->25600K(120960K), 0.0010810 secs] [Times: user=0.00 sys=0.00, real=0.00 secs] 
57.110: Total time for which application threads were stopped: 0.0012160 seconds, Stopping threads took: 0.0000650 seconds
57.190: Application time: 0.0805460 seconds
57.190: [GC57.190: [ParNew: 35506K->2572K(37568K), 0.0009620 secs] 58534K->25600K(120960K), 0.0009920 secs] [Times: user=0.00 sys=0.00, real=0.00 secs] 
57.191: Total time for which application threads were stopped: 0.0011290 seconds, Stopping threads took: 0.0000770 seconds
57.274: Application time: 0.0825300 seconds
57.274: [GC57.274: [ParNew: 35506K->2572K(37568K), 0.0010170 secs] 58534K->25600K(120960K), 0.0010480 secs] [Times: user=0.01 sys=0.00, real=0.01 secs] 
57.275: Total time for which application threads were stopped: 0.0012930 seconds, Stopping threads took: 0.0001860 seconds
57.357: Application time: 0.0812840 seconds
57.357: [GC57.357: [ParNew: 35502K->3086K(37568K), 0.0011970 secs] 58530K->26114K(120960K), 0.0012310 secs] [Times: user=0.01 sys=0.00, real=0.00 secs] 
57.358: Total time for which application threads were stopped: 0.0013550 seconds, Stopping threads took: 0.0000610 seconds
57.439: Application time: 0.0815320 seconds
57.440: [GC57.440: [ParNew: 36018K->3084K(37568K), 0.0012060 secs] 59046K->26112K(120960K), 0.0012460 secs] [Times: user=0.01 sys=0.00, real=0.00 secs] 
57.441: Total time for which application threads were stopped: 0.0014120 seconds, Stopping threads took: 0.0001030 seconds
57.522: Application time: 0.0814700 seconds
57.522: [GC57.522: [ParNew: 36488K->3256K(37568K), 0.0012080 secs] 59516K->26284K(120960K), 0.0012430 secs] [Times: user=0.01 sys=0.00, real=0.00 secs] 
57.524: Total time for which application threads were stopped: 0.0013710 seconds, Stopping threads took: 0.0000640 seconds
57.604: Application time: 0.0807520 seconds
57.605: [GC57.605: [ParNew: 36349K->3140K(37568K), 0.0013130 secs] 59377K->26368K(120960K), 0.0013470 secs] [Times: user=0.00 sys=0.00, real=0.00 secs] 
57.606: Total time for which application threads were stopped: 0.0014810 seconds, Stopping threads took: 0.0000700 seconds
57.687: Application time: 0.0812540 seconds
57.687: [GC57.687: [ParNew: 36072K->3088K(37568K), 0.0011940 secs] 59301K->26428K(120960K), 0.0012270 secs] [Times: user=0.01 sys=0.00, real=0.00 secs] 
57.689: Total time for which application threads were stopped: 0.0013680 seconds, Stopping threads took: 0.0000690 seconds
57.770: Application time: 0.0812280 seconds
57.770: [GC57.770: [ParNew: 36020K->3086K(37568K), 0.0011280 secs] 59361K->26426K(120960K), 0.0011590 secs] [Times: user=0.01 sys=0.00, real=0.00 secs] 
57.771: Total time for which application threads were stopped: 0.0012880 seconds, Stopping threads took: 0.0000660 seconds
57.852: Application time: 0.0810740 seconds
57.852: [GC57.852: [ParNew: 36018K->3086K(37568K), 0.0011830 secs] 59359K->26426K(120960K), 0.0012150 secs] [Times: user=0.01 sys=0.00, real=0.00 secs] 
57.853: Total time for which application threads were stopped: 0.0013480 seconds, Stopping threads took: 0.0000710 seconds
57.936: Application time: 0.0820910 seconds
57.936: [GC57.936: [ParNew: 36018K->3084K(37568K), 0.0011340 secs] 59359K->26424K(120960K), 0.0011690 secs] [Times: user=0.00 sys=0.00, real=0.00 secs] 
57.937: Total time for which application threads were stopped: 0.0013130 seconds, Stopping threads took: 0.0000790 seconds
58.018: Application time: 0.0815420 seconds
58.019: [GC58.019: [ParNew: 36016K->3084K(37568K), 0.0012380 secs] 59357K->26424K(120960K), 0.0012680 secs] [Times: user=0.01 sys=0.00, real=0.00 secs] 
58.020: Total time for which application threads were stopped: 0.0014180 seconds, Stopping threads took: 0.0000880 seconds
58.102: Application time: 0.0821330 seconds
58.102: [GC58.102: [ParNew: 36016K->3086K(37568K), 0.0011950 secs] 59357K->26426K(120960K), 0.0012260 secs] [Times: user=0.01 sys=0.00, real=0.00 secs] 
58.103: Total time for which application threads were stopped: 0.0013950 seconds, Stopping threads took: 0.0001070 seconds
58.184: Application time: 0.0809400 seconds
58.184: [GC58.184: [ParNew: 36492K->3254K(37568K), 0.0013020 secs] 59833K->26594K(120960K), 0.0013360 secs] [Times: user=0.01 sys=0.00, real=0.00 secs] 
58.186: Total time for which application threads were stopped: 0.0014870 seconds, Stopping threads took: 0.0000890 seconds
58.268: Application time: 0.0819020 seconds
58.268: [GC58.268: [ParNew: 36347K->3144K(37568K), 0.0012540 secs] 59688K->26692K(120960K), 0.0012860 secs] [Times: user=0.01 sys=0.00, real=0.00 secs] 
58.269: Total time for which application threads were stopped: 0.0014630 seconds, Stopping threads took: 0.0001030 seconds
58.352: Application time: 0.0828290 seconds
58.352: [GC58.352: [ParNew: 36085K->2056K(37568K), 0.0009530 secs] 59633K->25716K(120960K), 0.0009810 secs] [Times: user=0.01 sys=0.00, real=0.00 secs] 
58.353: Total time for which application threads were stopped: 0.0013940 seconds, Stopping threads took: 0.0003450 seconds
58.437: Application time: 0.0835660 seconds
58.437: [GC58.437: [ParNew: 35000K->520K(37568K), 0.0003260 secs] 58661K->24180K(120960K), 0.0003510 secs] [Times: user=0.00 sys=0.00, real=0.00 secs] 
58.437: Total time for which application threads were stopped: 0.0004910 seconds, Stopping threads took: 0.0000890 seconds
58.519: Application time: 0.0814900 seconds
58.519: [GC58.519: [ParNew: 33452K->520K(37568K), 0.0004760 secs] 57113K->24180K(120960K), 0.0005160 secs] [Times: user=0.00 sys=0.00, real=0.00 secs] 
58.520: Total time for which application threads were stopped: 0.0006550 seconds, Stopping threads took: 0.0000860 seconds
58.601: Application time: 0.0815380 seconds
58.601: [GC58.601: [ParNew: 33448K->1546K(37568K), 0.0007020 secs] 57108K->25206K(120960K), 0.0007350 secs] [Times: user=0.00 sys=0.00, real=0.00 secs] 
58.602: Total time for which application threads were stopped: 0.0008540 seconds, Stopping threads took: 0.0000610 seconds
58.683: Application time: 0.0807360 seconds
58.683: [GC58.683: [ParNew: 34478K->1546K(37568K), 0.0006530 secs] 58139K->25206K(120960K), 0.0006840 secs] [Times: user=0.00 sys=0.00, real=0.00 secs] 
58.684: Total time for which application threads were stopped: 0.0008110 seconds, Stopping threads took: 0.0000690 seconds
58.764: Application time: 0.0804640 seconds
58.764: [GC58.764: [ParNew: 34558K->1572K(37568K), 0.0007160 secs] 58219K->25232K(120960K), 0.0007440 secs] [Times: user=0.00 sys=0.00, real=0.00 secs] 
58.765: Total time for which application threads were stopped: 0.0008850 seconds, Stopping threads took: 0.0000840 seconds
58.846: Application time: 0.0814970 seconds
58.846: [GC58.847: [ParNew: 34902K->1720K(37568K), 0.0006760 secs] 58562K->25381K(120960K), 0.0007060 secs] [Times: user=0.00 sys=0.00, real=0.01 secs] 
58.847: Total time for which application threads were stopped: 0.0008320 seconds, Stopping threads took: 0.0000600 seconds
58.929: Application time: 0.0815890 seconds
58.929: [GC58.929: [ParNew: 34811K->1776K(37568K), 0.0007180 secs] 58472K->25437K(120960K), 0.0007480 secs] [Times: user=0.00 sys=0.00, real=0.00 secs] 
58.930: Total time for which application threads were stopped: 0.0008770 seconds, Stopping threads took: 0.0000680 seconds
59.011: Application time: 0.0811170 seconds
59.011: [GC59.011: [ParNew: 34713K->1772K(37568K), 0.0008200 secs] 58373K->25433K(120960K), 0.0008490 secs] [Times: user=0.00 sys=0.00, real=0.00 secs] 
59.012: Total time for which application threads were stopped: 0.0010440 seconds, Stopping threads took: 0.0001410 seconds
59.093: Application time: 0.0814130 seconds
59.093: [GC59.093: [ParNew: 34702K->2286K(37568K), 0.0009360 secs] 58363K->25947K(120960K), 0.0009670 secs] [Times: user=0.01 sys=0.00, real=0.00 secs] 
59.094: Total time for which application threads were stopped: 0.0011030 seconds, Stopping threads took: 0.0000750 seconds
59.174: Application time: 0.0798860 seconds
59.174: [GC59.174: [ParNew: 35217K->2574K(37568K), 0.0010460 secs] 58877K->26503K(120960K), 0.0010770 secs] [Times: user=0.01 sys=0.00, real=0.01 secs] 
59.175: Total time for which application threads were stopped: 0.0012090 seconds, Stopping threads took: 0.0000710 seconds
59.256: Application time: 0.0803760 seconds
59.256: [GC59.256: [ParNew: 35506K->2572K(37568K), 0.0009870 secs] 59435K->26501K(120960K), 0.0010180 secs] [Times: user=0.01 sys=0.00, real=0.00 secs] 
59.257: Total time for which application threads were stopped: 0.0011470 seconds, Stopping threads took: 0.0000670 seconds
59.338: Application time: 0.0813000 seconds
59.338: [GC59.338: [ParNew: 35504K->2572K(37568K), 0.0009400 secs] 59433K->26501K(120960K), 0.0009690 secs] [Times: user=0.00 sys=0.00, real=0.00 secs] 
59.339: Total time for which application threads were stopped: 0.0011180 seconds, Stopping threads took: 0.0000900 seconds
59.422: Application time: 0.0829180 seconds
59.422: [GC59.422: [ParNew: 35585K->2602K(37568K), 0.0009180 secs] 59513K->26531K(120960K), 0.0009470 secs] [Times: user=0.01 sys=0.00, real=0.00 secs] 
59.423: Total time for which application threads were stopped: 0.0011010 seconds, Stopping threads took: 0.0000860 seconds
59.505: Application time: 0.0819030 seconds
59.505: [GC59.505: [ParNew: 35934K->2716K(37568K), 0.0010280 secs] 59863K->26709K(120960K), 0.0010610 secs] [Times: user=0.01 sys=0.00, real=0.00 secs] 
59.507: Total time for which application threads were stopped: 0.0011920 seconds, Stopping threads took: 0.0000690 seconds
59.587: Application time: 0.0809290 seconds
59.588: [GC59.588: [ParNew: 35811K->2120K(37568K), 0.0008440 secs] 59804K->26297K(120960K), 0.0008830 secs] [Times: user=0.00 sys=0.00, real=0.00 secs] 
59.589: Total time for which application threads were stopped: 0.0010420 seconds, Stopping threads took: 0.0000980 seconds
59.668: Application time: 0.0799530 seconds
59.669: [GC59.669: [ParNew: 35050K->2572K(37568K), 0.0009650 secs] 59227K->26845K(120960K), 0.0009960 secs] [Times: user=0.01 sys=0.00, real=0.00 secs] 
59.670: Total time for which application threads were stopped: 0.0011420 seconds, Stopping threads took: 0.0000860 seconds
59.751: Application time: 0.0809610 seconds
59.751: [GC59.751: [ParNew: 35504K->2572K(37568K), 0.0009630 secs] 59777K->26845K(120960K), 0.0009940 secs] [Times: user=0.00 sys=0.00, real=0.00 secs] 
59.752: Total time for which application threads were stopped: 0.0011190 seconds, Stopping threads took: 0.0000680 seconds
59.833: Application time: 0.0815660 seconds
59.833: [GC59.833: [ParNew: 35504K->2572K(37568K), 0.0009120 secs] 59777K->26845K(120960K), 0.0009400 secs] [Times: user=0.00 sys=0.00, real=0.00 secs] 
59.834: Total time for which application threads were stopped: 0.0010710 seconds, Stopping threads took: 0.0000730 seconds
59.915: Application time: 0.0811560 seconds
59.916: [GC59.916: [ParNew: 35510K->2058K(37568K), 0.0008290 secs] 59784K->26331K(120960K), 0.0008560 secs] [Times: user=0.01 sys=0.00, real=0.00 secs] 
59.916: Total time for which application threads were stopped: 0.0009900 seconds, Stopping threads took: 0.0000750 seconds
60.001: Application time: 0.0840770 seconds
60.001: [GC60.001: [ParNew: 34998K->1034K(37568K), 0.0004690 secs] 59272K->25307K(120960K), 0.0004950 secs] [Times: user=0.00 sys=0.00, real=0.00 secs] 
60.001: Total time for which application threads were stopped: 0.0006090 seconds, Stopping threads took: 0.0000550 seconds
60.082: Application time: 0.0804270 seconds
60.082: [GC60.082: [ParNew: 34046K->1066K(37568K), 0.0004520 secs] 58319K->25339K(120960K), 0.0004790 secs] [Times: user=0.00 sys=0.00, real=0.00 secs] 
60.082: Total time for which application threads were stopped: 0.0005980 seconds, Stopping threads took: 0.0000650 seconds
60.163: Application time: 0.0805670 seconds
60.163: [GC60.163: [ParNew: 34396K->1208K(37568K), 0.0005440 secs] 58669K->25481K(120960K), 0.0005700 secs] [Times: user=0.01 sys=0.00, real=0.00 secs] 
60.164: Total time for which application threads were stopped: 0.0007810 seconds, Stopping threads took: 0.0001580 seconds
60.244: Application time: 0.0803030 seconds
60.244: [GC60.244: [ParNew: 34295K->2288K(37568K), 0.0009130 secs] 58568K->26561K(120960K), 0.0009420 secs] [Times: user=0.01 sys=0.00, real=0.00 secs] 
60.245: Total time for which application threads were stopped: 0.0010640 seconds, Stopping threads took: 0.0000630 seconds
60.325: Application time: 0.0804180 seconds
60.325: [GC60.325: [ParNew: 35221K->2062K(37568K), 0.0009520 secs] 59494K->26595K(120960K), 0.0009790 secs] [Times: user=0.00 sys=0.00, real=0.00 secs] 
60.326: Total time for which application threads were stopped: 0.0011130 seconds, Stopping threads took: 0.0000760 seconds
60.407: Application time: 0.0805270 seconds
60.407: [GC60.407: [ParNew: 34994K->2058K(37568K), 0.0007850 secs] 59528K->26591K(120960K), 0.0008140 secs] [Times: user=0.00 sys=0.00, real=0.00 secs] 
60.408: Total time for which application threads were stopped: 0.0009420 seconds, Stopping threads took: 0.0000640 seconds
60.489: Application time: 0.0807280 seconds
60.489: [GC60.489: [ParNew: 34990K->2058K(37568K), 0.0007620 secs] 59524K->26591K(120960K), 0.0007900 secs] [Times: user=0.01 sys=0.00, real=0.00 secs] 
60.490: Total time for which application threads were stopped: 0.0009160 seconds, Stopping threads took: 0.0000700 seconds
60.571: Application time: 0.0811600 seconds
60.571: [GC60.571: [ParNew: 34988K->2570K(37568K), 0.0010420 secs] 59522K->27103K(120960K), 0.0010730 secs] [Times: user=0.01 sys=0.00, real=0.00 secs] 
60.572: Total time for which application threads were stopped: 0.0012270 seconds, Stopping threads took: 0.0000710 seconds
60.654: Application time: 0.0816710 seconds
60.654: [GC60.654: [ParNew: 35502K->2570K(37568K), 0.0010450 secs] 60036K->27103K(120960K), 0.0010740 secs] [Times: user=0.01 sys=0.00, real=0.00 secs] 
60.655: Total time for which application threads were stopped: 0.0011980 seconds, Stopping threads took: 0.0000650 seconds
60.737: Application time: 0.0819360 seconds
60.737: [GC60.737: [ParNew: 35587K->2090K(37568K), 0.0008120 secs] 60120K->26623K(120960K), 0.0008460 secs] [Times: user=0.01 sys=0.00, real=0.00 secs] 
60.738: Total time for which application threads were stopped: 0.0009900 seconds, Stopping threads took: 0.0000840 seconds
60.819: Application time: 0.0814410 seconds
60.819: [GC60.819: [ParNew: 35420K->2232K(37568K), 0.0008460 secs] 59953K->26765K(120960K), 0.0008760 secs] [Times: user=0.01 sys=0.00, real=0.00 secs] 
60.820: Total time for which application threads were stopped: 0.0010030 seconds, Stopping threads took: 0.0000660 seconds
60.900: Application time: 0.0797960 seconds
60.900: [GC60.900: [ParNew: 35325K->2116K(37568K), 0.0009370 secs] 59859K->26853K(120960K), 0.0009650 secs] [Times: user=0.00 sys=0.00, real=0.00 secs] 
60.901: Total time for which application threads were stopped: 0.0010810 seconds, Stopping threads took: 0.0000580 seconds
60.982: Application time: 0.0812090 seconds
60.982: [GC60.982: [ParNew: 35048K->2058K(37568K), 0.0008210 secs] 59786K->26899K(120960K), 0.0008510 secs] [Times: user=0.01 sys=0.00, real=0.00 secs] 
60.983: Total time for which application threads were stopped: 0.0009770 seconds, Stopping threads took: 0.0000690 seconds
61.065: Application time: 0.0812550 seconds
61.065: [GC61.065: [ParNew: 34990K->2058K(37568K), 0.0008270 secs] 59832K->26899K(120960K), 0.0008580 secs] [Times: user=0.00 sys=0.00, real=0.00 secs] 
61.066: Total time for which application threads were stopped: 0.0009990 seconds, Stopping threads took: 0.0000810 seconds
61.147: Application time: 0.0811530 seconds
61.147: [GC61.147: [ParNew: 34990K->2058K(37568K), 0.0007780 secs] 59832K->26899K(120960K), 0.0008090 secs] [Times: user=0.01 sys=0.00, real=0.01 secs] 
61.148: Total time for which application threads were stopped: 0.0009500 seconds, Stopping threads took: 0.0000760 seconds
61.229: Application time: 0.0814690 seconds
61.229: [GC61.229: [ParNew: 34990K->2058K(37568K), 0.0008100 secs] 59832K->26899K(120960K), 0.0008380 secs] [Times: user=0.00 sys=0.00, real=0.00 secs] 
61.230: Total time for which application threads were stopped: 0.0009670 seconds, Stopping threads took: 0.0000690 seconds
61.312: Application time: 0.0818020 seconds
61.312: [GC61.312: [ParNew: 34990K->2060K(37568K), 0.0008170 secs] 59832K->26901K(120960K), 0.0008470 secs] [Times: user=0.01 sys=0.00, real=0.00 secs] 
61.313: Total time for which application threads were stopped: 0.0009700 seconds, Stopping threads took: 0.0000640 seconds
61.394: Application time: 0.0816000 seconds
61.395: [GC61.395: [ParNew: 35072K->2088K(37568K), 0.0008000 secs] 59914K->26929K(120960K), 0.0008310 secs] [Times: user=0.01 sys=0.00, real=0.01 secs] 
61.395: Total time for which application threads were stopped: 0.0009730 seconds, Stopping threads took: 0.0000830 seconds
61.476: Application time: 0.0801150 seconds
61.476: [GC61.476: [ParNew: 35420K->2230K(37568K), 0.0008290 secs] 60262K->27072K(120960K), 0.0008600 secs] [Times: user=0.01 sys=0.00, real=0.00 secs] 
61.477: Total time for which application threads were stopped: 0.0009860 seconds, Stopping threads took: 0.0000660 seconds
61.558: Application time: 0.0811760 seconds
61.558: [GC61.558: [ParNew: 35321K->2118K(37568K), 0.0008390 secs] 60163K->27172K(120960K), 0.0008680 secs] [Times: user=0.00 sys=0.00, real=0.00 secs] 
61.559: Total time for which application threads were stopped: 0.0009990 seconds, Stopping threads took: 0.0000720 seconds
61.640: Application time: 0.0812440 seconds
61.640: [GC61.640: [ParNew: 35050K->2060K(37568K), 0.0008250 secs] 60104K->27202K(120960K), 0.0008560 secs] [Times: user=0.01 sys=0.00, real=0.00 secs] 
61.641: Total time for which application threads were stopped: 0.0009890 seconds, Stopping threads took: 0.0000750 seconds
61.722: Application time: 0.0811070 seconds
61.722: [GC61.722: [ParNew: 34992K->2058K(37568K), 0.0007760 secs] 60134K->27200K(120960K), 0.0008060 secs] [Times: user=0.01 sys=0.00, real=0.00 secs] 
61.723: Total time for which application threads were stopped: 0.0009620 seconds, Stopping threads took: 0.0000910 seconds
61.805: Application time: 0.0819040 seconds
61.805: [GC61.805: [ParNew: 34994K->2060K(37568K), 0.0007820 secs] 60136K->27202K(120960K), 0.0008140 secs] [Times: user=0.00 sys=0.00, real=0.00 secs] 
61.806: Total time for which application threads were stopped: 0.0009370 seconds, Stopping threads took: 0.0000650 seconds
61.888: Application time: 0.0818890 seconds
61.888: [GC61.888: [ParNew: 34996K->1550K(37568K), 0.0006420 secs] 60138K->26692K(120960K), 0.0006700 secs] [Times: user=0.00 sys=0.00, real=0.00 secs] 
61.889: Total time for which application threads were stopped: 0.0008430 seconds, Stopping threads took: 0.0001170 seconds
61.971: Application time: 0.0823330 seconds
61.971: [GC61.971: [ParNew: 34482K->1548K(37568K), 0.0006180 secs] 59624K->26690K(120960K), 0.0006470 secs] [Times: user=0.01 sys=0.00, real=0.00 secs] 
61.972: Total time for which application threads were stopped: 0.0007960 seconds, Stopping threads took: 0.0000850 seconds
62.053: Application time: 0.0817210 seconds
62.054: [GC62.054: [ParNew: 34558K->2092K(37568K), 0.0008720 secs] 59700K->27234K(120960K), 0.0009020 secs] [Times: user=0.01 sys=0.00, real=0.00 secs] 
62.054: Total time for which application threads were stopped: 0.0010260 seconds, Stopping threads took: 0.0000660 seconds
62.136: Application time: 0.0818730 seconds
62.137: [GC62.137: [ParNew: 35422K->1720K(37568K), 0.0006860 secs] 60564K->26862K(120960K), 0.0007150 secs] [Times: user=0.01 sys=0.00, real=0.00 secs] 
62.137: Total time for which application threads were stopped: 0.0009080 seconds, Stopping threads took: 0.0001340 seconds
62.218: Application time: 0.0807590 seconds
62.218: [GC62.218: [ParNew: 34809K->1776K(37568K), 0.0006870 secs] 59951K->26918K(120960K), 0.0007160 secs] [Times: user=0.01 sys=0.00, real=0.00 secs] 
62.219: Total time for which application threads were stopped: 0.0008440 seconds, Stopping threads took: 0.0000680 seconds
62.299: Application time: 0.0804820 seconds
62.299: [GC62.299: [ParNew: 34709K->1776K(37568K), 0.0006900 secs] 59851K->26918K(120960K), 0.0007190 secs] [Times: user=0.01 sys=0.00, real=0.00 secs] 
62.300: Total time for which application threads were stopped: 0.0008480 seconds, Stopping threads took: 0.0000650 seconds
62.381: Application time: 0.0807770 seconds
62.381: [GC62.381: [ParNew: 34709K->1776K(37568K), 0.0006990 secs] 59851K->26918K(120960K), 0.0007260 secs] [Times: user=0.01 sys=0.00, real=0.00 secs] 
62.382: Total time for which application threads were stopped: 0.0008500 seconds, Stopping threads took: 0.0000680 seconds
62.462: Application time: 0.0806240 seconds
62.463: [GC62.463: [ParNew: 34707K->2288K(37568K), 0.0008470 secs] 59849K->27430K(120960K), 0.0008790 secs] [Times: user=0.01 sys=0.00, real=0.00 secs] 
62.464: Total time for which application threads were stopped: 0.0010270 seconds, Stopping threads took: 0.0000890 seconds
62.544: Application time: 0.0808580 seconds
62.544: [GC62.544: [ParNew: 35219K->2572K(37568K), 0.0010370 secs] 60361K->27978K(120960K), 0.0010690 secs] [Times: user=0.01 sys=0.00, real=0.00 secs] 
62.546: Total time for which application threads were stopped: 0.0012040 seconds, Stopping threads took: 0.0000730 seconds
62.628: Application time: 0.0827480 seconds
62.628: [GC62.628: [ParNew: 35512K->1548K(37568K), 0.0007580 secs] 60919K->26954K(120960K), 0.0007840 secs] [Times: user=0.00 sys=0.00, real=0.00 secs] 
62.629: Total time for which application threads were stopped: 0.0009060 seconds, Stopping threads took: 0.0000670 seconds
62.711: Application time: 0.0815160 seconds
62.711: [GC62.711: [ParNew: 34484K->1546K(37568K), 0.0006640 secs] 59890K->26952K(120960K), 0.0007000 secs] [Times: user=0.00 sys=0.01, real=0.00 secs] 
62.712: Total time for which application threads were stopped: 0.0009080 seconds, Stopping threads took: 0.0001530 seconds
62.793: Application time: 0.0814090 seconds
62.793: [GC62.793: [ParNew: 34954K->1208K(37568K), 0.0005740 secs] 60360K->26614K(120960K), 0.0006020 secs] [Times: user=0.00 sys=0.00, real=0.00 secs] 
62.794: Total time for which application threads were stopped: 0.0007420 seconds, Stopping threads took: 0.0000820 seconds
62.875: Application time: 0.0808820 seconds
62.875: [GC62.875: [ParNew: 34301K->1264K(37568K), 0.0005690 secs] 59707K->26670K(120960K), 0.0005980 secs] [Times: user=0.00 sys=0.00, real=0.01 secs] 
62.876: Total time for which application threads were stopped: 0.0008080 seconds, Stopping threads took: 0.0001470 seconds
62.957: Application time: 0.0810440 seconds
62.957: [GC62.957: [ParNew: 34194K->1776K(37568K), 0.0007200 secs] 59601K->27182K(120960K), 0.0007500 secs] [Times: user=0.01 sys=0.00, real=0.00 secs] 
62.957: Total time for which application threads were stopped: 0.0008700 seconds, Stopping threads took: 0.0000610 seconds
63.038: Application time: 0.0802240 seconds
63.038: [GC63.038: [ParNew: 34707K->1774K(37568K), 0.0007810 secs] 60113K->27180K(120960K), 0.0008070 secs] [Times: user=0.00 sys=0.00, real=0.00 secs] 
63.039: Total time for which application threads were stopped: 0.0010030 seconds, Stopping threads took: 0.0001380 seconds
63.121: Application time: 0.0819770 seconds
63.121: [GC63.121: [ParNew: 34711K->1776K(37568K), 0.0007020 secs] 60117K->27182K(120960K), 0.0007300 secs] [Times: user=0.01 sys=0.00, real=0.00 secs] 
63.122: Total time for which application threads were stopped: 0.0008670 seconds, Stopping threads took: 0.0000810 seconds
63.203: Application time: 0.0814010 seconds
63.203: [GC63.203: [ParNew: 34711K->1774K(37568K), 0.0007590 secs] 60117K->27180K(120960K), 0.0007870 secs] [Times: user=0.00 sys=0.00, real=0.00 secs] 
63.204: Total time for which application threads were stopped: 0.0009110 seconds, Stopping threads took: 0.0000690 seconds
63.285: Application time: 0.0810770 seconds
63.285: [GC63.285: [ParNew: 34709K->2288K(37568K), 0.0008440 secs] 60115K->27694K(120960K), 0.0008740 secs] [Times: user=0.00 sys=0.00, real=0.00 secs] 
63.286: Total time for which application threads were stopped: 0.0009980 seconds, Stopping threads took: 0.0000650 seconds
63.367: Application time: 0.0815900 seconds
63.368: [GC63.368: [ParNew: 35225K->1548K(37568K), 0.0007180 secs] 60631K->27226K(120960K), 0.0007470 secs] [Times: user=0.00 sys=0.00, real=0.00 secs] 
63.368: Total time for which application threads were stopped: 0.0008730 seconds, Stopping threads took: 0.0000680 seconds
63.450: Application time: 0.0814490 seconds
63.450: [GC63.450: [ParNew: 34956K->1720K(37568K), 0.0006040 secs] 60634K->27399K(120960K), 0.0006320 secs] [Times: user=0.00 sys=0.00, real=0.00 secs] 
63.451: Total time for which application threads were stopped: 0.0007460 seconds, Stopping threads took: 0.0000490 seconds
63.531: Application time: 0.0807240 seconds
63.531: [GC63.531: [ParNew: 34811K->2288K(37568K), 0.0008670 secs] 60490K->27967K(120960K), 0.0008980 secs] [Times: user=0.01 sys=0.00, real=0.00 secs] 
63.532: Total time for which application threads were stopped: 0.0010240 seconds, Stopping threads took: 0.0000650 seconds
63.613: Application time: 0.0805880 seconds
63.613: [GC63.613: [ParNew: 35221K->2060K(37568K), 0.0008870 secs] 60899K->28011K(120960K), 0.0009160 secs] [Times: user=0.01 sys=0.00, real=0.00 secs] 
63.614: Total time for which application threads were stopped: 0.0010610 seconds, Stopping threads took: 0.0000880 seconds
63.695: Application time: 0.0814250 seconds
63.696: [GC63.696: [ParNew: 34992K->2060K(37568K), 0.0007990 secs] 60943K->28011K(120960K), 0.0008290 secs] [Times: user=0.00 sys=0.00, real=0.00 secs] 
63.696: Total time for which application threads were stopped: 0.0009780 seconds, Stopping threads took: 0.0000730 seconds
63.777: Application time: 0.0802730 seconds
63.777: [GC63.777: [ParNew: 34992K->2058K(37568K), 0.0008720 secs] 60943K->28009K(120960K), 0.0009090 secs] [Times: user=0.00 sys=0.00, real=0.00 secs] 
63.778: Total time for which application threads were stopped: 0.0010610 seconds, Stopping threads took: 0.0000940 seconds
63.859: Application time: 0.0810530 seconds
63.859: [GC63.859: [ParNew: 34990K->2056K(37568K), 0.0008000 secs] 60941K->28007K(120960K), 0.0008300 secs] [Times: user=0.01 sys=0.00, real=0.00 secs] 
63.860: Total time for which application threads were stopped: 0.0009520 seconds, Stopping threads took: 0.0000620 seconds
63.943: Application time: 0.0831120 seconds
63.943: [GC63.943: [ParNew: 34990K->2056K(37568K), 0.0008230 secs] 60941K->28007K(120960K), 0.0008550 secs] [Times: user=0.00 sys=0.00, real=0.00 secs] 
63.944: Total time for which application threads were stopped: 0.0009900 seconds, Stopping threads took: 0.0000760 seconds
64.025: Application time: 0.0816530 seconds
64.026: [GC64.026: [ParNew: 34988K->2060K(37568K), 0.0007900 secs] 60939K->28011K(120960K), 0.0008190 secs] [Times: user=0.01 sys=0.00, real=0.00 secs] 
64.026: Total time for which application threads were stopped: 0.0009530 seconds, Stopping threads took: 0.0000660 seconds
64.106: Application time: 0.0800070 seconds
64.107: [GC64.107: [ParNew: 34956K->1720K(37568K), 0.0006740 secs] 60907K->27671K(120960K), 0.0007030 secs] [Times: user=0.01 sys=0.00, real=0.01 secs] 
64.107: Total time for which application threads were stopped: 0.0008370 seconds, Stopping threads took: 0.0000750 seconds
64.188: Application time: 0.0807690 seconds
64.188: [GC64.188: [ParNew: 34811K->1776K(37568K), 0.0007030 secs] 60762K->27727K(120960K), 0.0007310 secs] [Times: user=0.01 sys=0.00, real=0.00 secs] 
64.189: Total time for which application threads were stopped: 0.0008500 seconds, Stopping threads took: 0.0000600 seconds
64.271: Application time: 0.0817230 seconds
64.271: [GC64.271: [ParNew: 34709K->1264K(37568K), 0.0005930 secs] 60660K->27215K(120960K), 0.0006200 secs] [Times: user=0.00 sys=0.00, real=0.00 secs] 
64.271: Total time for which application threads were stopped: 0.0007550 seconds, Stopping threads took: 0.0000800 seconds
64.352: Application time: 0.0810660 seconds
64.353: [GC64.353: [ParNew: 34196K->1776K(37568K), 0.0006880 secs] 60147K->27727K(120960K), 0.0007190 secs] [Times: user=0.01 sys=0.00, real=0.00 secs] 
64.353: Total time for which application threads were stopped: 0.0008440 seconds, Stopping threads took: 0.0000640 seconds
64.434: Application time: 0.0806340 seconds
64.434: [GC64.434: [ParNew: 34709K->1776K(37568K), 0.0006840 secs] 60659K->27727K(120960K), 0.0007130 secs] [Times: user=0.01 sys=0.00, real=0.00 secs] 
64.435: Total time for which application threads were stopped: 0.0009290 seconds, Stopping threads took: 0.0001590 seconds
64.516: Application time: 0.0806460 seconds
64.516: [GC64.516: [ParNew: 34707K->2286K(37568K), 0.0009240 secs] 60657K->28237K(120960K), 0.0009550 secs] [Times: user=0.01 sys=0.00, real=0.00 secs] 
64.517: Total time for which application threads were stopped: 0.0010850 seconds, Stopping threads took: 0.0000700 seconds
64.598: Application time: 0.0809500 seconds
64.598: [GC64.598: [ParNew: 35219K->2060K(37568K), 0.0009330 secs] 61170K->28271K(120960K), 0.0009630 secs] [Times: user=0.01 sys=0.00, real=0.00 secs] 
64.599: Total time for which application threads were stopped: 0.0011520 seconds, Stopping threads took: 0.0001230 seconds
64.681: Application time: 0.0825030 seconds
64.681: [GC64.681: [ParNew: 34996K->1034K(37568K), 0.0004770 secs] 61208K->27245K(120960K), 0.0005030 secs] [Times: user=0.00 sys=0.00, real=0.00 secs] 
64.682: Total time for which application threads were stopped: 0.0007210 seconds, Stopping threads took: 0.0001650 seconds
64.763: Application time: 0.0812070 seconds
64.763: [GC64.763: [ParNew: 34442K->1208K(37568K), 0.0005370 secs] 60653K->27419K(120960K), 0.0005640 secs] [Times: user=0.01 sys=0.00, real=0.00 secs] 
64.764: Total time for which application threads were stopped: 0.0007020 seconds, Stopping threads took: 0.0000830 seconds
64.845: Application time: 0.0816380 seconds
64.846: [GC64.846: [ParNew: 34303K->1264K(37568K), 0.0005570 secs] 60514K->27475K(120960K), 0.0005930 secs] [Times: user=0.00 sys=0.00, real=0.00 secs] 
64.846: Total time for which application threads were stopped: 0.0007440 seconds, Stopping threads took: 0.0000950 seconds
64.927: Application time: 0.0804240 seconds
64.927: [GC64.927: [ParNew: 34194K->1776K(37568K), 0.0007130 secs] 60406K->27987K(120960K), 0.0007440 secs] [Times: user=0.00 sys=0.00, real=0.01 secs] 
64.928: Total time for which application threads were stopped: 0.0008650 seconds, Stopping threads took: 0.0000640 seconds
65.009: Application time: 0.0813360 seconds
65.009: [GC65.009: [ParNew: 34709K->2288K(37568K), 0.0008460 secs] 60920K->28499K(120960K), 0.0008750 secs] [Times: user=0.01 sys=0.00, real=0.00 secs] 
65.010: Total time for which application threads were stopped: 0.0010070 seconds, Stopping threads took: 0.0000710 seconds
65.091: Application time: 0.0816150 seconds
65.092: [GC65.092: [ParNew: 35221K->2060K(37568K), 0.0008720 secs] 61432K->28539K(120960K), 0.0009020 secs] [Times: user=0.01 sys=0.00, real=0.00 secs] 
65.093: Total time for which application threads were stopped: 0.0010340 seconds, Stopping threads took: 0.0000740 seconds
65.173: Application time: 0.0803980 seconds
65.173: [GC65.173: [ParNew: 34992K->2058K(37568K), 0.0007760 secs] 61472K->28537K(120960K), 0.0008050 secs] [Times: user=0.01 sys=0.00, real=0.00 secs] 
65.174: Total time for which application threads were stopped: 0.0009420 seconds, Stopping threads took: 0.0000710 seconds
65.256: Application time: 0.0820490 seconds
65.256: [GC65.256: [ParNew: 34994K->1546K(37568K), 0.0006070 secs] 61474K->28025K(120960K), 0.0006370 secs] [Times: user=0.01 sys=0.00, real=0.00 secs] 
65.257: Total time for which application threads were stopped: 0.0007540 seconds, Stopping threads took: 0.0000620 seconds
65.337: Application time: 0.0804130 seconds
65.337: [GC65.337: [ParNew: 34478K->1546K(37568K), 0.0006460 secs] 60958K->28025K(120960K), 0.0006730 secs] [Times: user=0.00 sys=0.00, real=0.00 secs] 
65.338: Total time for which application threads were stopped: 0.0007970 seconds, Stopping threads took: 0.0000660 seconds
65.419: Application time: 0.0806540 seconds
65.419: [GC65.419: [ParNew: 34442K->1208K(37568K), 0.0005060 secs] 60922K->27687K(120960K), 0.0005330 secs] [Times: user=0.00 sys=0.00, real=0.00 secs] 
65.419: Total time for which application threads were stopped: 0.0006560 seconds, Stopping threads took: 0.0000670 seconds
65.500: Application time: 0.0810160 seconds
65.500: [GC65.500: [ParNew: 34303K->1264K(37568K), 0.0005360 secs] 60783K->27744K(120960K), 0.0005630 secs] [Times: user=0.00 sys=0.00, real=0.00 secs] 
65.501: Total time for which application threads were stopped: 0.0006800 seconds, Stopping threads took: 0.0000630 seconds
65.583: Application time: 0.0818840 seconds
65.583: [GC65.583: [ParNew: 34198K->1264K(37568K), 0.0005610 secs] 60678K->27744K(120960K), 0.0005900 secs] [Times: user=0.01 sys=0.00, real=0.00 secs] 
65.583: Total time for which application threads were stopped: 0.0007100 seconds, Stopping threads took: 0.0000650 seconds
65.664: Application time: 0.0800640 seconds
65.664: [GC65.664: [ParNew: 34196K->1264K(37568K), 0.0005510 secs] 60676K->27744K(120960K), 0.0005780 secs] [Times: user=0.00 sys=0.00, real=0.00 secs] 
65.664: Total time for which application threads were stopped: 0.0006970 seconds, Stopping threads took: 0.0000650 seconds
65.745: Application time: 0.0811340 seconds
65.745: [GC65.746: [ParNew: 34196K->1262K(37568K), 0.0006190 secs] 60676K->27742K(120960K), 0.0006500 secs] [Times: user=0.00 sys=0.00, real=0.00 secs] 
65.746: Total time for which application threads were stopped: 0.0007760 seconds, Stopping threads took: 0.0000610 seconds
65.827: Application time: 0.0809940 seconds
65.827: [GC65.827: [ParNew: 34196K->1264K(37568K), 0.0005250 secs] 60676K->27744K(120960K), 0.0005530 secs] [Times: user=0.00 sys=0.00, real=0.00 secs] 
65.828: Total time for which application threads were stopped: 0.0006820 seconds, Stopping threads took: 0.0000640 seconds
65.909: Application time: 0.0807750 seconds
65.909: [GC65.909: [ParNew: 34192K->2288K(37568K), 0.0008910 secs] 60672K->28768K(120960K), 0.0009210 secs] [Times: user=0.01 sys=0.00, real=0.00 secs] 
65.910: Total time for which application threads were stopped: 0.0010440 seconds, Stopping threads took: 0.0000630 seconds
65.991: Application time: 0.0812560 seconds
65.991: [GC65.991: [ParNew: 35223K->2062K(37568K), 0.0008630 secs] 61702K->28805K(120960K), 0.0008930 secs] [Times: user=0.00 sys=0.00, real=0.00 secs] 
65.992: Total time for which application threads were stopped: 0.0011370 seconds, Stopping threads took: 0.0001830 seconds
66.073: Application time: 0.0807100 seconds
66.073: [GC66.073: [ParNew: 35390K->2202K(37568K), 0.0009140 secs] 62134K->28946K(120960K), 0.0009450 secs] [Times: user=0.00 sys=0.00, real=0.00 secs] 
66.074: Total time for which application threads were stopped: 0.0010790 seconds, Stopping threads took: 0.0000750 seconds
66.155: Application time: 0.0812290 seconds
66.155: [GC66.155: [ParNew: 35373K->2146K(37568K), 0.0008340 secs] 62117K->29070K(120960K), 0.0008650 secs] [Times: user=0.01 sys=0.00, real=0.00 secs] 
66.156: Total time for which application threads were stopped: 0.0009990 seconds, Stopping threads took: 0.0000730 seconds
66.237: Application time: 0.0809100 seconds
66.237: [GC66.237: [ParNew: 35078K->2062K(37568K), 0.0008460 secs] 62002K->29106K(120960K), 0.0008740 secs] [Times: user=0.01 sys=0.00, real=0.00 secs] 
66.238: Total time for which application threads were stopped: 0.0010030 seconds, Stopping threads took: 0.0000690 seconds
66.319: Application time: 0.0812360 seconds
66.319: [GC66.319: [ParNew: 34994K->2060K(37568K), 0.0007780 secs] 62038K->29104K(120960K), 0.0008060 secs] [Times: user=0.01 sys=0.00, real=0.00 secs] 
66.320: Total time for which application threads were stopped: 0.0009460 seconds, Stopping threads took: 0.0000740 seconds
66.400: Application time: 0.0802120 seconds
66.401: [GC66.401: [ParNew: 34992K->2060K(37568K), 0.0007660 secs] 62036K->29104K(120960K), 0.0007960 secs] [Times: user=0.00 sys=0.00, real=0.00 secs] 
66.401: Total time for which application threads were stopped: 0.0009250 seconds, Stopping threads took: 0.0000690 seconds
66.482: Application time: 0.0804660 seconds
66.482: [GC66.482: [ParNew: 34992K->2060K(37568K), 0.0007520 secs] 62036K->29104K(120960K), 0.0007820 secs] [Times: user=0.00 sys=0.00, real=0.00 secs] 
66.483: Total time for which application threads were stopped: 0.0009230 seconds, Stopping threads took: 0.0000790 seconds
66.564: Application time: 0.0813510 seconds
66.564: [GC66.564: [ParNew: 34992K->2060K(37568K), 0.0007660 secs] 62036K->29104K(120960K), 0.0007950 secs] [Times: user=0.01 sys=0.00, real=0.00 secs] 
66.565: Total time for which application threads were stopped: 0.0009350 seconds, Stopping threads took: 0.0000820 seconds
66.646: Application time: 0.0809420 seconds
66.646: [GC66.646: [ParNew: 34992K->2056K(37568K), 0.0008020 secs] 62036K->29100K(120960K), 0.0008300 secs] [Times: user=0.00 sys=0.00, real=0.00 secs] 
66.647: Total time for which application threads were stopped: 0.0009630 seconds, Stopping threads took: 0.0000740 seconds
66.728: Application time: 0.0812860 seconds
66.728: [GC66.728: [ParNew: 35384K->2202K(37568K), 0.0008260 secs] 62428K->29246K(120960K), 0.0008570 secs] [Times: user=0.01 sys=0.00, real=0.00 secs] 
66.729: Total time for which application threads were stopped: 0.0010020 seconds, Stopping threads took: 0.0000840 seconds
66.811: Application time: 0.0818930 seconds
66.811: [GC66.811: [ParNew: 35373K->2148K(37568K), 0.0008460 secs] 62418K->29380K(120960K), 0.0008750 secs] [Times: user=0.01 sys=0.00, real=0.00 secs] 
66.812: Total time for which application threads were stopped: 0.0009960 seconds, Stopping threads took: 0.0000620 seconds
66.894: Application time: 0.0817540 seconds
66.894: [GC66.894: [ParNew: 35084K->1546K(37568K), 0.0006510 secs] 62317K->28910K(120960K), 0.0006850 secs] [Times: user=0.01 sys=0.00, real=0.00 secs] 
66.895: Total time for which application threads were stopped: 0.0008160 seconds, Stopping threads took: 0.0000670 seconds
66.976: Application time: 0.0812440 seconds
66.976: [GC66.976: [ParNew: 34482K->1034K(37568K), 0.0004700 secs] 61847K->28398K(120960K), 0.0004960 secs] [Times: user=0.00 sys=0.00, real=0.00 secs] 
66.977: Total time for which application threads were stopped: 0.0006190 seconds, Stopping threads took: 0.0000680 seconds
67.057: Application time: 0.0808470 seconds
67.057: [GC67.058: [ParNew: 33966K->1032K(37568K), 0.0004840 secs] 61330K->28396K(120960K), 0.0005120 secs] [Times: user=0.00 sys=0.00, real=0.00 secs] 
67.058: Total time for which application threads were stopped: 0.0006220 seconds, Stopping threads took: 0.0000560 seconds
67.139: Application time: 0.0808930 seconds
67.139: [GC67.139: [ParNew: 33964K->1034K(37568K), 0.0004900 secs] 61328K->28398K(120960K), 0.0005170 secs] [Times: user=0.00 sys=0.00, real=0.00 secs] 
67.140: Total time for which application threads were stopped: 0.0006360 seconds, Stopping threads took: 0.0000670 seconds
67.221: Application time: 0.0809750 seconds
67.221: [GC67.221: [ParNew: 33968K->1036K(37568K), 0.0004570 secs] 61332K->28400K(120960K), 0.0004840 secs] [Times: user=0.00 sys=0.00, real=0.00 secs] 
67.221: Total time for which application threads were stopped: 0.0006030 seconds, Stopping threads took: 0.0000650 seconds
67.303: Application time: 0.0819050 seconds
67.303: [GC67.303: [ParNew: 34048K->1068K(37568K), 0.0004390 secs] 61413K->28432K(120960K), 0.0004660 secs] [Times: user=0.01 sys=0.00, real=0.00 secs] 
67.304: Total time for which application threads were stopped: 0.0005920 seconds, Stopping threads took: 0.0000720 seconds
67.384: Application time: 0.0802300 seconds
67.384: [GC67.384: [ParNew: 34320K->1178K(37568K), 0.0005030 secs] 61684K->28542K(120960K), 0.0005290 secs] [Times: user=0.00 sys=0.00, real=0.00 secs] 
67.385: Total time for which application threads were stopped: 0.0006420 seconds, Stopping threads took: 0.0000600 seconds
67.466: Application time: 0.0818580 seconds
67.466: [GC67.466: [ParNew: 34349K->1264K(37568K), 0.0005490 secs] 61714K->28628K(120960K), 0.0005770 secs] [Times: user=0.01 sys=0.00, real=0.00 secs] 
67.467: Total time for which application threads were stopped: 0.0007040 seconds, Stopping threads took: 0.0000530 seconds
67.548: Application time: 0.0806900 seconds
67.548: [GC67.548: [ParNew: 34196K->1264K(37568K), 0.0006280 secs] 61561K->28628K(120960K), 0.0006560 secs] [Times: user=0.01 sys=0.00, real=0.00 secs] 
67.549: Total time for which application threads were stopped: 0.0007710 seconds, Stopping threads took: 0.0000590 seconds
67.629: Application time: 0.0804720 seconds
67.629: [GC67.629: [ParNew: 34196K->1260K(37568K), 0.0006240 secs] 61561K->28624K(120960K), 0.0006500 secs] [Times: user=0.00 sys=0.00, real=0.00 secs] 
67.630: Total time for which application threads were stopped: 0.0007800 seconds, Stopping threads took: 0.0000740 seconds
67.710: Application time: 0.0802700 seconds
67.710: [GC67.710: [ParNew: 34192K->1264K(37568K), 0.0005410 secs] 61557K->28628K(120960K), 0.0005670 secs] [Times: user=0.00 sys=0.00, real=0.00 secs] 
67.711: Total time for which application threads were stopped: 0.0007840 seconds, Stopping threads took: 0.0001630 seconds
67.791: Application time: 0.0798270 seconds
67.791: [GC67.791: [ParNew: 34194K->1776K(37568K), 0.0007100 secs] 61559K->29140K(120960K), 0.0007400 secs] [Times: user=0.00 sys=0.00, real=0.00 secs] 
67.792: Total time for which application threads were stopped: 0.0008620 seconds, Stopping threads took: 0.0000620 seconds
67.874: Application time: 0.0823330 seconds
67.874: [GC67.874: [ParNew: 34713K->1264K(37568K), 0.0005330 secs] 62077K->28628K(120960K), 0.0005590 secs] [Times: user=0.01 sys=0.00, real=0.00 secs] 
67.875: Total time for which application threads were stopped: 0.0006780 seconds, Stopping threads took: 0.0000650 seconds
67.956: Application time: 0.0812450 seconds
67.956: [GC67.956: [ParNew: 34277K->1264K(37568K), 0.0005480 secs] 61641K->28628K(120960K), 0.0005830 secs] [Times: user=0.00 sys=0.00, real=0.00 secs] 
67.957: Total time for which application threads were stopped: 0.0006980 seconds, Stopping threads took: 0.0000600 seconds
68.038: Application time: 0.0812830 seconds
68.038: [GC68.038: [ParNew: 34520K->240K(37568K), 0.0003090 secs] 61884K->27604K(120960K), 0.0003340 secs] [Times: user=0.00 sys=0.00, real=0.00 secs] 
68.038: Total time for which application threads were stopped: 0.0004570 seconds, Stopping threads took: 0.0000650 seconds
68.119: Application time: 0.0807190 seconds
68.119: [GC68.119: [ParNew: 33413K->240K(37568K), 0.0003120 secs] 60778K->27604K(120960K), 0.0003440 secs] [Times: user=0.00 sys=0.00, real=0.00 secs] 
68.119: Total time for which application threads were stopped: 0.0004560 seconds, Stopping threads took: 0.0000620 seconds
68.199: Application time: 0.0798900 seconds
68.199: [GC68.199: [ParNew: 33172K->240K(37568K), 0.0002860 secs] 60537K->27604K(120960K), 0.0003120 secs] [Times: user=0.00 sys=0.00, real=0.00 secs] 
68.200: Total time for which application threads were stopped: 0.0004300 seconds, Stopping threads took: 0.0000700 seconds
68.280: Application time: 0.0797830 seconds
68.280: [GC68.280: [ParNew: 33168K->1264K(37568K), 0.0005250 secs] 60533K->28628K(120960K), 0.0005530 secs] [Times: user=0.00 sys=0.00, real=0.00 secs] 
68.280: Total time for which application threads were stopped: 0.0006860 seconds, Stopping threads took: 0.0000670 seconds
68.361: Application time: 0.0807480 seconds
68.361: [GC68.361: [ParNew: 34196K->1264K(37568K), 0.0005450 secs] 61561K->28628K(120960K), 0.0005730 secs] [Times: user=0.01 sys=0.00, real=0.00 secs] 
68.362: Total time for which application threads were stopped: 0.0007100 seconds, Stopping threads took: 0.0000840 seconds
68.443: Application time: 0.0809890 seconds
68.443: [GC68.443: [ParNew: 34194K->1774K(37568K), 0.0025970 secs] 61559K->29138K(120960K), 0.0026310 secs] [Times: user=0.02 sys=0.00, real=0.00 secs] 
68.445: Total time for which application threads were stopped: 0.0027650 seconds, Stopping threads took: 0.0000710 seconds
68.526: Application time: 0.0807830 seconds
68.526: [GC68.526: [ParNew: 34707K->1776K(37568K), 0.0007100 secs] 62071K->29172K(120960K), 0.0007440 secs] [Times: user=0.00 sys=0.00, real=0.01 secs] 
68.527: Total time for which application threads were stopped: 0.0008760 seconds, Stopping threads took: 0.0000750 seconds
68.608: Application time: 0.0804860 seconds
68.608: [GC68.608: [ParNew: 34785K->2288K(37568K), 0.0008850 secs] 62181K->29700K(120960K), 0.0009130 secs] [Times: user=0.01 sys=0.00, real=0.00 secs] 
68.609: Total time for which application threads were stopped: 0.0010540 seconds, Stopping threads took: 0.0000740 seconds
68.690: Application time: 0.0810420 seconds
68.690: [GC68.690: [ParNew: 35536K->2204K(37568K), 0.0008730 secs] 62948K->29748K(120960K), 0.0009040 secs] [Times: user=0.01 sys=0.00, real=0.00 secs] 
68.691: Total time for which application threads were stopped: 0.0010450 seconds, Stopping threads took: 0.0000810 seconds
68.771: Application time: 0.0804880 seconds
68.771: [GC68.771: [ParNew: 35377K->2148K(37568K), 0.0008430 secs] 62922K->29876K(120960K), 0.0008740 secs] [Times: user=0.01 sys=0.00, real=0.00 secs] 
68.772: Total time for which application threads were stopped: 0.0010240 seconds, Stopping threads took: 0.0000900 seconds
68.854: Application time: 0.0813870 seconds
68.854: [GC68.854: [ParNew: 35080K->2060K(37568K), 0.0008480 secs] 62809K->29928K(120960K), 0.0008790 secs] [Times: user=0.00 sys=0.00, real=0.00 secs] 
68.855: Total time for which application threads were stopped: 0.0010170 seconds, Stopping threads took: 0.0000790 seconds
68.935: Application time: 0.0801840 seconds
68.935: [GC68.935: [ParNew: 34992K->2062K(37568K), 0.0007770 secs] 62861K->29930K(120960K), 0.0008050 secs] [Times: user=0.01 sys=0.01, real=0.01 secs] 
68.936: Total time for which application threads were stopped: 0.0009360 seconds, Stopping threads took: 0.0000720 seconds
69.017: Application time: 0.0811090 seconds
69.017: [GC69.017: [ParNew: 34994K->2060K(37568K), 0.0007590 secs] 62863K->29928K(120960K), 0.0007960 secs] [Times: user=0.00 sys=0.00, real=0.00 secs] 
69.018: Total time for which application threads were stopped: 0.0009400 seconds, Stopping threads took: 0.0000860 seconds
69.099: Application time: 0.0813360 seconds
69.099: [GC69.099: [ParNew: 34992K->2060K(37568K), 0.0008380 secs] 62861K->29928K(120960K), 0.0008650 secs] [Times: user=0.01 sys=0.00, real=0.00 secs] 
69.100: Total time for which application threads were stopped: 0.0010070 seconds, Stopping threads took: 0.0000850 seconds
69.181: Application time: 0.0812550 seconds
69.182: [GC69.182: [ParNew: 34990K->2570K(37568K), 0.0010470 secs] 62859K->30438K(120960K), 0.0010760 secs] [Times: user=0.01 sys=0.00, real=0.00 secs] 
69.183: Total time for which application threads were stopped: 0.0012190 seconds, Stopping threads took: 0.0000760 seconds
69.264: Application time: 0.0813020 seconds
69.264: [GC69.264: [ParNew: 35581K->2602K(37568K), 0.0010340 secs] 63449K->30471K(120960K), 0.0010650 secs] [Times: user=0.01 sys=0.00, real=0.00 secs] 
69.265: Total time for which application threads were stopped: 0.0011900 seconds, Stopping threads took: 0.0000660 seconds
69.345: Application time: 0.0800790 seconds
69.345: [GC69.345: [ParNew: 35854K->2688K(37568K), 0.0009970 secs] 63722K->30629K(120960K), 0.0010290 secs] [Times: user=0.01 sys=0.00, real=0.00 secs] 
69.346: Total time for which application threads were stopped: 0.0012170 seconds, Stopping threads took: 0.0001280 seconds
69.428: Application time: 0.0814550 seconds
69.428: [GC69.428: [ParNew: 35861K->2658K(37568K), 0.0010350 secs] 63802K->30763K(120960K), 0.0010660 secs] [Times: user=0.01 sys=0.00, real=0.00 secs] 
69.429: Total time for which application threads were stopped: 0.0011920 seconds, Stopping threads took: 0.0000650 seconds
69.512: Application time: 0.0827300 seconds
69.512: [GC69.512: [ParNew: 35595K->2058K(37568K), 0.0009040 secs] 63699K->30291K(120960K), 0.0009340 secs] [Times: user=0.01 sys=0.00, real=0.00 secs] 
69.513: Total time for which application threads were stopped: 0.0010520 seconds, Stopping threads took: 0.0000600 seconds
69.594: Application time: 0.0810730 seconds
69.594: [GC69.594: [ParNew: 34990K->1546K(37568K), 0.0006440 secs] 63223K->29779K(120960K), 0.0006740 secs] [Times: user=0.00 sys=0.00, real=0.00 secs] 
69.595: Total time for which application threads were stopped: 0.0008910 seconds, Stopping threads took: 0.0001600 seconds
69.676: Application time: 0.0812170 seconds
69.676: [GC69.676: [ParNew: 34486K->1036K(37568K), 0.0004910 secs] 62719K->29269K(120960K), 0.0005170 secs] [Times: user=0.01 sys=0.00, real=0.00 secs] 
69.677: Total time for which application threads were stopped: 0.0006450 seconds, Stopping threads took: 0.0000730 seconds
69.758: Application time: 0.0817750 seconds
69.759: [GC69.759: [ParNew: 33970K->524K(37568K), 0.0003440 secs] 62203K->28757K(120960K), 0.0003680 secs] [Times: user=0.00 sys=0.00, real=0.00 secs] 
69.759: Total time for which application threads were stopped: 0.0005370 seconds, Stopping threads took: 0.0001060 seconds
69.840: Application time: 0.0806760 seconds
69.840: [GC69.840: [ParNew: 33454K->1546K(37568K), 0.0007030 secs] 61687K->29779K(120960K), 0.0007320 secs] [Times: user=0.00 sys=0.00, real=0.00 secs] 
69.841: Total time for which application threads were stopped: 0.0008550 seconds, Stopping threads took: 0.0000650 seconds
69.921: Application time: 0.0807850 seconds
69.921: [GC69.921: [ParNew: 34558K->1578K(37568K), 0.0006080 secs] 62791K->29811K(120960K), 0.0006370 secs] [Times: user=0.00 sys=0.00, real=0.00 secs] 
69.922: Total time for which application threads were stopped: 0.0007570 seconds, Stopping threads took: 0.0000610 seconds
70.003: Application time: 0.0806140 seconds
70.003: [GC70.003: [ParNew: 34829K->1690K(37568K), 0.0006970 secs] 63062K->29923K(120960K), 0.0007260 secs] [Times: user=0.00 sys=0.00, real=0.00 secs] 
70.004: Total time for which application threads were stopped: 0.0008670 seconds, Stopping threads took: 0.0000830 seconds
70.084: Application time: 0.0799090 seconds
70.084: [GC70.084: [ParNew: 34861K->1776K(37568K), 0.0007040 secs] 63094K->30009K(120960K), 0.0007390 secs] [Times: user=0.01 sys=0.00, real=0.00 secs] 
70.084: Total time for which application threads were stopped: 0.0008680 seconds, Stopping threads took: 0.0000710 seconds
70.167: Application time: 0.0822420 seconds
70.167: [GC70.167: [ParNew: 34711K->1776K(37568K), 0.0007290 secs] 62944K->30009K(120960K), 0.0007570 secs] [Times: user=0.01 sys=0.00, real=0.01 secs] 
70.168: Total time for which application threads were stopped: 0.0008740 seconds, Stopping threads took: 0.0000590 seconds
70.249: Application time: 0.0816450 seconds
70.249: [GC70.249: [ParNew: 34709K->1776K(37568K), 0.0006980 secs] 62942K->30009K(120960K), 0.0007270 secs] [Times: user=0.00 sys=0.00, real=0.00 secs] 
70.250: Total time for which application threads were stopped: 0.0008570 seconds, Stopping threads took: 0.0000720 seconds
70.331: Application time: 0.0809770 seconds
70.331: [GC70.331: [ParNew: 34709K->1776K(37568K), 0.0007200 secs] 62942K->30009K(120960K), 0.0007480 secs] [Times: user=0.01 sys=0.00, real=0.00 secs] 
70.332: Total time for which application threads were stopped: 0.0009470 seconds, Stopping threads took: 0.0001330 seconds
70.413: Application time: 0.0811800 seconds
70.413: [GC70.413: [ParNew: 34709K->1776K(37568K), 0.0006960 secs] 62942K->30009K(120960K), 0.0007250 secs] [Times: user=0.00 sys=0.00, real=0.00 secs] 
70.414: Total time for which application threads were stopped: 0.0008480 seconds, Stopping threads took: 0.0000660 seconds
70.495: Application time: 0.0806990 seconds
70.495: [GC70.495: [ParNew: 34707K->2286K(37568K), 0.0008950 secs] 62940K->30519K(120960K), 0.0009270 secs] [Times: user=0.01 sys=0.00, real=0.01 secs] 
70.496: Total time for which application threads were stopped: 0.0010630 seconds, Stopping threads took: 0.0000770 seconds
70.578: Application time: 0.0820850 seconds
70.578: [GC70.578: [ParNew: 35301K->2090K(37568K), 0.0008990 secs] 63534K->30563K(120960K), 0.0009290 secs] [Times: user=0.01 sys=0.00, real=0.00 secs] 
70.579: Total time for which application threads were stopped: 0.0010550 seconds, Stopping threads took: 0.0000670 seconds
70.660: Application time: 0.0806810 seconds
70.660: [GC70.660: [ParNew: 35343K->2204K(37568K), 0.0008710 secs] 63817K->30677K(120960K), 0.0009010 secs] [Times: user=0.00 sys=0.00, real=0.00 secs] 
70.661: Total time for which application threads were stopped: 0.0010240 seconds, Stopping threads took: 0.0000620 seconds
70.741: Application time: 0.0802740 seconds
70.741: [GC70.741: [ParNew: 35376K->2660K(37568K), 0.0010670 secs] 63849K->31325K(120960K), 0.0010980 secs] [Times: user=0.01 sys=0.00, real=0.00 secs] 
70.742: Total time for which application threads were stopped: 0.0012230 seconds, Stopping threads took: 0.0000630 seconds
70.822: Application time: 0.0800560 seconds
70.822: [GC70.822: [ParNew: 35590K->3084K(37568K), 0.0012430 secs] 64256K->31885K(120960K), 0.0012810 secs] [Times: user=0.01 sys=0.00, real=0.00 secs] 
70.824: Total time for which application threads were stopped: 0.0014180 seconds, Stopping threads took: 0.0000750 seconds
70.904: Application time: 0.0809020 seconds
70.905: [GC70.905: [ParNew: 36016K->3086K(37568K), 0.0011620 secs] 64818K->31887K(120960K), 0.0011940 secs] [Times: user=0.00 sys=0.00, real=0.00 secs] 
70.906: Total time for which application threads were stopped: 0.0013460 seconds, Stopping threads took: 0.0000800 seconds
70.987: Application time: 0.0812590 seconds
70.987: [GC70.987: [ParNew: 36018K->3086K(37568K), 0.0011900 secs] 64820K->31887K(120960K), 0.0012240 secs] [Times: user=0.01 sys=0.00, real=0.00 secs] 
70.988: Total time for which application threads were stopped: 0.0013550 seconds, Stopping threads took: 0.0000680 seconds
71.071: Application time: 0.0824840 seconds
71.071: [GC71.071: [ParNew: 36018K->3084K(37568K), 0.0011370 secs] 64820K->31885K(120960K), 0.0011690 secs] [Times: user=0.01 sys=0.00, real=0.00 secs] 
71.072: Total time for which application threads were stopped: 0.0013220 seconds, Stopping threads took: 0.0000790 seconds
71.154: Application time: 0.0815110 seconds
71.154: [GC71.154: [ParNew: 36020K->2058K(37568K), 0.0007850 secs] 64822K->30859K(120960K), 0.0008130 secs] [Times: user=0.00 sys=0.00, real=0.00 secs] 
71.155: Total time for which application threads were stopped: 0.0009560 seconds, Stopping threads took: 0.0000860 seconds
71.235: Application time: 0.0799760 seconds
71.235: [GC71.235: [ParNew: 35066K->3114K(37568K), 0.0011750 secs] 63868K->31915K(120960K), 0.0012090 secs] [Times: user=0.01 sys=0.00, real=0.01 secs] 
71.236: Total time for which application threads were stopped: 0.0013400 seconds, Stopping threads took: 0.0000680 seconds
71.317: Application time: 0.0810880 seconds
71.317: [GC71.317: [ParNew: 36370K->2174K(37568K), 0.0009130 secs] 65171K->31039K(120960K), 0.0009440 secs] [Times: user=0.01 sys=0.00, real=0.00 secs] 
71.318: Total time for which application threads were stopped: 0.0010930 seconds, Stopping threads took: 0.0000910 seconds
71.399: Application time: 0.0810810 seconds
71.399: [GC71.399: [ParNew: 35347K->2660K(37568K), 0.0010160 secs] 64213K->31686K(120960K), 0.0010480 secs] [Times: user=0.00 sys=0.00, real=0.00 secs] 
71.400: Total time for which application threads were stopped: 0.0011740 seconds, Stopping threads took: 0.0000640 seconds
71.483: Application time: 0.0823240 seconds
71.483: [GC71.483: [ParNew: 35597K->2058K(37568K), 0.0008300 secs] 64622K->31215K(120960K), 0.0008600 secs] [Times: user=0.01 sys=0.00, real=0.00 secs] 
71.484: Total time for which application threads were stopped: 0.0010010 seconds, Stopping threads took: 0.0000760 seconds
71.564: Application time: 0.0799440 seconds
71.564: [GC71.564: [ParNew: 34986K->3084K(37568K), 0.0011360 secs] 64144K->32242K(120960K), 0.0011680 secs] [Times: user=0.00 sys=0.00, real=0.00 secs] 
71.565: Total time for which application threads were stopped: 0.0013210 seconds, Stopping threads took: 0.0000910 seconds
71.647: Application time: 0.0818490 seconds
71.647: [GC71.647: [ParNew: 36020K->2570K(37568K), 0.0009750 secs] 65178K->31727K(120960K), 0.0010100 secs] [Times: user=0.00 sys=0.00, real=0.01 secs] 
71.648: Total time for which application threads were stopped: 0.0011620 seconds, Stopping threads took: 0.0000890 seconds
71.730: Application time: 0.0817610 seconds
71.730: [GC71.730: [ParNew: 35510K->2060K(37568K), 0.0008870 secs] 64668K->31217K(120960K), 0.0009180 secs] [Times: user=0.01 sys=0.00, real=0.00 secs] 
71.731: Total time for which application threads were stopped: 0.0011160 seconds, Stopping threads took: 0.0001380 seconds
71.813: Application time: 0.0820610 seconds
71.813: [GC71.813: [ParNew: 34992K->2058K(37568K), 0.0008690 secs] 64150K->31215K(120960K), 0.0008960 secs] [Times: user=0.00 sys=0.00, real=0.00 secs] 
71.814: Total time for which application threads were stopped: 0.0010340 seconds, Stopping threads took: 0.0000820 seconds
71.895: Application time: 0.0810780 seconds
71.895: [GC71.895: [ParNew: 35069K->2088K(37568K), 0.0008580 secs] 64226K->31246K(120960K), 0.0008870 secs] [Times: user=0.01 sys=0.00, real=0.00 secs] 
71.896: Total time for which application threads were stopped: 0.0010170 seconds, Stopping threads took: 0.0000740 seconds
71.977: Application time: 0.0810620 seconds
71.977: [GC71.977: [ParNew: 35338K->2200K(37568K), 0.0008870 secs] 64495K->31358K(120960K), 0.0009130 secs] [Times: user=0.01 sys=0.00, real=0.00 secs] 
71.978: Total time for which application threads were stopped: 0.0011160 seconds, Stopping threads took: 0.0001470 seconds
72.060: Application time: 0.0815780 seconds
72.060: [GC72.060: [ParNew: 35377K->2148K(37568K), 0.0008810 secs] 64535K->31490K(120960K), 0.0009140 secs] [Times: user=0.01 sys=0.00, real=0.00 secs] 
72.061: Total time for which application threads were stopped: 0.0010430 seconds, Stopping threads took: 0.0000590 seconds
72.142: Application time: 0.0808480 seconds
72.142: [GC72.142: [ParNew: 35078K->2572K(37568K), 0.0010170 secs] 64420K->32050K(120960K), 0.0010570 secs] [Times: user=0.01 sys=0.00, real=0.00 secs] 
72.143: Total time for which application threads were stopped: 0.0011790 seconds, Stopping threads took: 0.0000630 seconds
72.224: Application time: 0.0812120 seconds
72.224: [GC72.224: [ParNew: 35504K->2572K(37568K), 0.0009410 secs] 64982K->32050K(120960K), 0.0009720 secs] [Times: user=0.00 sys=0.00, real=0.00 secs] 
72.225: Total time for which application threads were stopped: 0.0010910 seconds, Stopping threads took: 0.0000560 seconds
72.306: Application time: 0.0808900 seconds
72.306: [GC72.306: [ParNew: 35504K->2576K(37568K), 0.0009920 secs] 64982K->32054K(120960K), 0.0010240 secs] [Times: user=0.01 sys=0.00, real=0.01 secs] 
72.307: Total time for which application threads were stopped: 0.0011510 seconds, Stopping threads took: 0.0000670 seconds
72.388: Application time: 0.0808360 seconds
72.388: [GC72.388: [ParNew: 35508K->2574K(37568K), 0.0009830 secs] 64986K->32052K(120960K), 0.0010140 secs] [Times: user=0.01 sys=0.00, real=0.00 secs] 
72.389: Total time for which application threads were stopped: 0.0011370 seconds, Stopping threads took: 0.0000620 seconds
72.471: Application time: 0.0813210 seconds
72.471: [GC72.471: [ParNew: 35506K->2572K(37568K), 0.0009550 secs] 64984K->32050K(120960K), 0.0009890 secs] [Times: user=0.00 sys=0.00, real=0.00 secs] 
72.472: Total time for which application threads were stopped: 0.0011170 seconds, Stopping threads took: 0.0000640 seconds
72.553: Application time: 0.0809330 seconds
72.553: [GC72.553: [ParNew: 35585K->2602K(37568K), 0.0010030 secs] 65063K->32080K(120960K), 0.0010370 secs] [Times: user=0.01 sys=0.00, real=0.00 secs] 
72.554: Total time for which application threads were stopped: 0.0011890 seconds, Stopping threads took: 0.0000910 seconds
72.635: Application time: 0.0811290 seconds
72.635: [GC72.635: [ParNew: 35856K->2174K(37568K), 0.0009460 secs] 65334K->31716K(120960K), 0.0009770 secs] [Times: user=0.00 sys=0.00, real=0.00 secs] 
72.636: Total time for which application threads were stopped: 0.0011720 seconds, Stopping threads took: 0.0001290 seconds
72.717: Application time: 0.0812390 seconds
72.718: [GC72.718: [ParNew: 35343K->2148K(37568K), 0.0009310 secs] 64885K->31846K(120960K), 0.0009610 secs] [Times: user=0.01 sys=0.00, real=0.00 secs] 
72.719: Total time for which application threads were stopped: 0.0012120 seconds, Stopping threads took: 0.0001920 seconds
72.799: Application time: 0.0807690 seconds
72.800: [GC72.800: [ParNew: 35078K->2572K(37568K), 0.0010640 secs] 64777K->32394K(120960K), 0.0010950 secs] [Times: user=0.01 sys=0.00, real=0.00 secs] 
72.801: Total time for which application threads were stopped: 0.0012250 seconds, Stopping threads took: 0.0000710 seconds
72.883: Application time: 0.0823460 seconds
72.883: [GC72.883: [ParNew: 35508K->2060K(37568K), 0.0008470 secs] 65331K->31882K(120960K), 0.0008770 secs] [Times: user=0.00 sys=0.00, real=0.00 secs] 
72.884: Total time for which application threads were stopped: 0.0010210 seconds, Stopping threads took: 0.0000850 seconds
72.966: Application time: 0.0816070 seconds
72.966: [GC72.966: [ParNew: 34992K->2060K(37568K), 0.0008600 secs] 64815K->31882K(120960K), 0.0008900 secs] [Times: user=0.01 sys=0.00, real=0.00 secs] 
72.967: Total time for which application threads were stopped: 0.0010110 seconds, Stopping threads took: 0.0000620 seconds
73.048: Application time: 0.0811050 seconds
73.048: [GC73.048: [ParNew: 34990K->2572K(37568K), 0.0009430 secs] 64813K->32394K(120960K), 0.0009730 secs] [Times: user=0.01 sys=0.00, real=0.00 secs] 
73.049: Total time for which application threads were stopped: 0.0011010 seconds, Stopping threads took: 0.0000650 seconds
73.129: Application time: 0.0805130 seconds
73.129: [GC73.129: [ParNew: 35504K->2572K(37568K), 0.0009560 secs] 65327K->32394K(120960K), 0.0009890 secs] [Times: user=0.01 sys=0.00, real=0.00 secs] 
73.131: Total time for which application threads were stopped: 0.0011260 seconds, Stopping threads took: 0.0000740 seconds
73.212: Application time: 0.0810610 seconds
73.212: [GC73.212: [ParNew: 35585K->2602K(37568K), 0.0009820 secs] 65407K->32424K(120960K), 0.0010210 secs] [Times: user=0.00 sys=0.00, real=0.00 secs] 
73.213: Total time for which application threads were stopped: 0.0011590 seconds, Stopping threads took: 0.0000660 seconds
73.293: Application time: 0.0806000 seconds
73.293: [GC73.293: [ParNew: 35850K->3196K(37568K), 0.0012890 secs] 65672K->33074K(120960K), 0.0013220 secs] [Times: user=0.00 sys=0.00, real=0.00 secs] 
73.295: Total time for which application threads were stopped: 0.0014470 seconds, Stopping threads took: 0.0000610 seconds
73.376: Application time: 0.0810540 seconds
73.376: [GC73.376: [ParNew: 36369K->2656K(37568K), 0.0010910 secs] 66248K->32678K(120960K), 0.0011230 secs] [Times: user=0.01 sys=0.00, real=0.00 secs] 
73.377: Total time for which application threads were stopped: 0.0012550 seconds, Stopping threads took: 0.0000710 seconds
73.458: Application time: 0.0807670 seconds
73.458: [GC73.458: [ParNew: 35586K->3086K(37568K), 0.0011290 secs] 65609K->33240K(120960K), 0.0011660 secs] [Times: user=0.01 sys=0.00, real=0.00 secs] 
73.459: Total time for which application threads were stopped: 0.0012930 seconds, Stopping threads took: 0.0000610 seconds
73.540: Application time: 0.0807470 seconds
73.540: [GC73.540: [ParNew: 36022K->2574K(37568K), 0.0009450 secs] 66177K->32728K(120960K), 0.0009750 secs] [Times: user=0.00 sys=0.00, real=0.00 secs] 
73.541: Total time for which application threads were stopped: 0.0011130 seconds, Stopping threads took: 0.0000800 seconds
73.623: Application time: 0.0816620 seconds
73.623: [GC73.623: [ParNew: 35510K->2060K(37568K), 0.0008150 secs] 65665K->32214K(120960K), 0.0008470 secs] [Times: user=0.00 sys=0.00, real=0.00 secs] 
73.624: Total time for which application threads were stopped: 0.0009790 seconds, Stopping threads took: 0.0000730 seconds
73.705: Application time: 0.0817260 seconds
73.706: [GC73.706: [ParNew: 34992K->2060K(37568K), 0.0007530 secs] 65147K->32214K(120960K), 0.0007810 secs] [Times: user=0.00 sys=0.00, real=0.00 secs] 
73.706: Total time for which application threads were stopped: 0.0009230 seconds, Stopping threads took: 0.0000830 seconds
73.787: Application time: 0.0811430 seconds
73.788: [GC73.788: [ParNew: 34992K->1546K(37568K), 0.0007400 secs] 65147K->31700K(120960K), 0.0007690 secs] [Times: user=0.01 sys=0.00, real=0.00 secs] 
73.788: Total time for which application threads were stopped: 0.0009120 seconds, Stopping threads took: 0.0000770 seconds
73.869: Application time: 0.0811000 seconds
73.870: [GC73.870: [ParNew: 34561K->1574K(37568K), 0.0006980 secs] 64715K->31728K(120960K), 0.0007260 secs] [Times: user=0.01 sys=0.00, real=0.00 secs] 
73.870: Total time for which application threads were stopped: 0.0008720 seconds, Stopping threads took: 0.0000880 seconds
73.951: Application time: 0.0801870 seconds
73.951: [GC73.951: [ParNew: 34822K->1692K(37568K), 0.0006670 secs] 64976K->31847K(120960K), 0.0006960 secs] [Times: user=0.00 sys=0.00, real=0.00 secs] 
73.951: Total time for which application threads were stopped: 0.0008380 seconds, Stopping threads took: 0.0000830 seconds
74.032: Application time: 0.0803370 seconds
74.032: [GC74.032: [ParNew: 34861K->1772K(37568K), 0.0007760 secs] 65016K->31927K(120960K), 0.0008040 secs] [Times: user=0.00 sys=0.00, real=0.00 secs] 
74.033: Total time for which application threads were stopped: 0.0009780 seconds, Stopping threads took: 0.0001160 seconds
74.114: Application time: 0.0815380 seconds
74.114: [GC74.114: [ParNew: 34709K->1776K(37568K), 0.0007100 secs] 64863K->31931K(120960K), 0.0007450 secs] [Times: user=0.01 sys=0.00, real=0.01 secs] 
74.115: Total time for which application threads were stopped: 0.0008710 seconds, Stopping threads took: 0.0000670 seconds
74.197: Application time: 0.0815690 seconds
74.197: [GC74.197: [ParNew: 34709K->1774K(37568K), 0.0007580 secs] 64863K->31929K(120960K), 0.0007880 secs] [Times: user=0.01 sys=0.00, real=0.00 secs] 
74.198: Total time for which application threads were stopped: 0.0009050 seconds, Stopping threads took: 0.0000590 seconds
74.279: Application time: 0.0810660 seconds
74.279: [GC74.279: [ParNew: 34707K->1776K(37568K), 0.0007610 secs] 64861K->31931K(120960K), 0.0008000 secs] [Times: user=0.01 sys=0.00, real=0.00 secs] 
74.280: Total time for which application threads were stopped: 0.0009230 seconds, Stopping threads took: 0.0000670 seconds
74.360: Application time: 0.0804060 seconds
74.360: [GC74.360: [ParNew: 34715K->1264K(37568K), 0.0005360 secs] 64869K->31419K(120960K), 0.0005650 secs] [Times: user=0.01 sys=0.00, real=0.00 secs] 
74.361: Total time for which application threads were stopped: 0.0007230 seconds, Stopping threads took: 0.0000940 seconds
74.442: Application time: 0.0816780 seconds
74.442: [GC74.442: [ParNew: 34196K->1262K(37568K), 0.0005800 secs] 64351K->31417K(120960K), 0.0006090 secs] [Times: user=0.00 sys=0.00, real=0.00 secs] 
74.443: Total time for which application threads were stopped: 0.0007320 seconds, Stopping threads took: 0.0000660 seconds
74.524: Application time: 0.0806330 seconds
74.524: [GC74.524: [ParNew: 34273K->1776K(37568K), 0.0006840 secs] 64427K->31931K(120960K), 0.0007130 secs] [Times: user=0.00 sys=0.00, real=0.00 secs] 
74.525: Total time for which application threads were stopped: 0.0008310 seconds, Stopping threads took: 0.0000590 seconds
74.605: Application time: 0.0807070 seconds
74.605: [GC74.605: [ParNew: 35026K->1776K(37568K), 0.0006680 secs] 65180K->31931K(120960K), 0.0006970 secs] [Times: user=0.00 sys=0.00, real=0.00 secs] 
74.606: Total time for which application threads were stopped: 0.0008240 seconds, Stopping threads took: 0.0000690 seconds
74.687: Application time: 0.0812490 seconds
74.687: [GC74.687: [ParNew: 34948K->1776K(37568K), 0.0007040 secs] 65102K->31931K(120960K), 0.0007340 secs] [Times: user=0.01 sys=0.00, real=0.00 secs] 
74.688: Total time for which application threads were stopped: 0.0008570 seconds, Stopping threads took: 0.0000650 seconds
74.771: Application time: 0.0823130 seconds
74.771: [GC74.771: [ParNew: 34713K->1262K(37568K), 0.0006070 secs] 64867K->31417K(120960K), 0.0006360 secs] [Times: user=0.00 sys=0.00, real=0.00 secs] 
74.771: Total time for which application threads were stopped: 0.0007500 seconds, Stopping threads took: 0.0000590 seconds
74.853: Application time: 0.0812990 seconds
74.853: [GC74.853: [ParNew: 34192K->1772K(37568K), 0.0007950 secs] 64347K->31927K(120960K), 0.0008220 secs] [Times: user=0.01 sys=0.00, real=0.00 secs] 
74.854: Total time for which application threads were stopped: 0.0009450 seconds, Stopping threads took: 0.0000660 seconds
74.935: Application time: 0.0815750 seconds
74.935: [GC74.935: [ParNew: 34709K->1262K(37568K), 0.0005900 secs] 64863K->31417K(120960K), 0.0006170 secs] [Times: user=0.01 sys=0.00, real=0.00 secs] 
74.936: Total time for which application threads were stopped: 0.0007470 seconds, Stopping threads took: 0.0000700 seconds
75.017: Application time: 0.0814400 seconds
75.017: [GC75.017: [ParNew: 34194K->1264K(37568K), 0.0005530 secs] 64349K->31419K(120960K), 0.0005800 secs] [Times: user=0.01 sys=0.00, real=0.00 secs] 
75.018: Total time for which application threads were stopped: 0.0006950 seconds, Stopping threads took: 0.0000600 seconds
75.099: Application time: 0.0808290 seconds
75.099: [GC75.099: [ParNew: 34196K->1262K(37568K), 0.0006460 secs] 64351K->31433K(120960K), 0.0006710 secs] [Times: user=0.00 sys=0.01, real=0.00 secs] 
75.100: Total time for which application threads were stopped: 0.0011150 seconds, Stopping threads took: 0.0003810 seconds
75.182: Application time: 0.0822930 seconds
75.182: [GC75.182: [ParNew: 34281K->750K(37568K), 0.0005010 secs] 64452K->30937K(120960K), 0.0005280 secs] [Times: user=0.00 sys=0.00, real=0.00 secs] 
75.183: Total time for which application threads were stopped: 0.0007000 seconds, Stopping threads took: 0.0001200 seconds
75.264: Application time: 0.0813010 seconds
75.264: [GC75.264: [ParNew: 34002K->1262K(37568K), 0.0006290 secs] 64188K->31465K(120960K), 0.0006570 secs] [Times: user=0.00 sys=0.00, real=0.00 secs] 
75.265: Total time for which application threads were stopped: 0.0007940 seconds, Stopping threads took: 0.0000810 seconds
75.345: Application time: 0.0803240 seconds
75.345: [GC75.345: [ParNew: 34429K->1776K(37568K), 0.0006930 secs] 64632K->31979K(120960K), 0.0007310 secs] [Times: user=0.01 sys=0.00, real=0.00 secs] 
75.346: Total time for which application threads were stopped: 0.0008560 seconds, Stopping threads took: 0.0000660 seconds
75.427: Application time: 0.0808730 seconds
75.427: [GC75.427: [ParNew: 34709K->1776K(37568K), 0.0006900 secs] 64911K->31979K(120960K), 0.0007190 secs] [Times: user=0.01 sys=0.00, real=0.00 secs] 
75.428: Total time for which application threads were stopped: 0.0008420 seconds, Stopping threads took: 0.0000640 seconds
75.510: Application time: 0.0819560 seconds
75.510: [GC75.510: [ParNew: 34709K->2288K(37568K), 0.0008570 secs] 64911K->32491K(120960K), 0.0008890 secs] [Times: user=0.01 sys=0.00, real=0.00 secs] 
75.511: Total time for which application threads were stopped: 0.0010220 seconds, Stopping threads took: 0.0000630 seconds
75.592: Application time: 0.0807650 seconds
75.592: [GC75.592: [ParNew: 35221K->2060K(37568K), 0.0009160 secs] 65423K->32531K(120960K), 0.0009460 secs] [Times: user=0.01 sys=0.00, real=0.00 secs] 
75.593: Total time for which application threads were stopped: 0.0010740 seconds, Stopping threads took: 0.0000690 seconds
75.674: Application time: 0.0807720 seconds
75.674: [GC75.674: [ParNew: 34992K->2058K(37568K), 0.0007800 secs] 65463K->32529K(120960K), 0.0008100 secs] [Times: user=0.01 sys=0.00, real=0.00 secs] 
75.674: Total time for which application threads were stopped: 0.0009300 seconds, Stopping threads took: 0.0000620 seconds
75.756: Application time: 0.0812820 seconds
75.756: [GC75.756: [ParNew: 34994K->1548K(37568K), 0.0006050 secs] 65465K->32019K(120960K), 0.0006310 secs] [Times: user=0.00 sys=0.00, real=0.00 secs] 
75.757: Total time for which application threads were stopped: 0.0007710 seconds, Stopping threads took: 0.0000840 seconds
75.838: Application time: 0.0810850 seconds
75.838: [GC75.838: [ParNew: 34560K->1576K(37568K), 0.0022220 secs] 65031K->32047K(120960K), 0.0022580 secs] [Times: user=0.01 sys=0.00, real=0.00 secs] 
75.840: Total time for which application threads were stopped: 0.0023810 seconds, Stopping threads took: 0.0000650 seconds
75.921: Application time: 0.0810350 seconds
75.921: [GC75.921: [ParNew: 34824K->1692K(37568K), 0.0006510 secs] 65295K->32163K(120960K), 0.0006810 secs] [Times: user=0.00 sys=0.00, real=0.00 secs] 
75.922: Total time for which application threads were stopped: 0.0007950 seconds, Stopping threads took: 0.0000550 seconds
76.002: Application time: 0.0806100 seconds
76.003: [GC76.003: [ParNew: 34866K->1264K(37568K), 0.0005820 secs] 65337K->31735K(120960K), 0.0006100 secs] [Times: user=0.00 sys=0.00, real=0.00 secs] 
76.003: Total time for which application threads were stopped: 0.0007840 seconds, Stopping threads took: 0.0001180 seconds
76.084: Application time: 0.0806430 seconds
76.084: [GC76.084: [ParNew: 34196K->1264K(37568K), 0.0005430 secs] 64667K->31735K(120960K), 0.0005710 secs] [Times: user=0.00 sys=0.00, real=0.00 secs] 
76.085: Total time for which application threads were stopped: 0.0007040 seconds, Stopping threads took: 0.0000700 seconds
76.165: Application time: 0.0808120 seconds
76.165: [GC76.166: [ParNew: 34196K->1264K(37568K), 0.0005790 secs] 64667K->31735K(120960K), 0.0006070 secs] [Times: user=0.00 sys=0.00, real=0.00 secs] 
76.166: Total time for which application threads were stopped: 0.0007240 seconds, Stopping threads took: 0.0000610 seconds
76.248: Application time: 0.0823630 seconds
76.249: [GC76.249: [ParNew: 34201K->752K(37568K), 0.0003970 secs] 64671K->31223K(120960K), 0.0004240 secs] [Times: user=0.00 sys=0.00, real=0.00 secs] 
76.249: Total time for which application threads were stopped: 0.0005420 seconds, Stopping threads took: 0.0000670 seconds
76.329: Application time: 0.0798410 seconds
76.329: [GC76.329: [ParNew: 33682K->1264K(37568K), 0.0005490 secs] 64153K->31735K(120960K), 0.0005750 secs] [Times: user=0.00 sys=0.00, real=0.00 secs] 
76.330: Total time for which application threads were stopped: 0.0007020 seconds, Stopping threads took: 0.0000650 seconds
76.411: Application time: 0.0814420 seconds
76.411: [GC76.411: [ParNew: 34194K->1774K(37568K), 0.0006920 secs] 64665K->32245K(120960K), 0.0007190 secs] [Times: user=0.01 sys=0.00, real=0.00 secs] 
76.412: Total time for which application threads were stopped: 0.0008520 seconds, Stopping threads took: 0.0000760 seconds
76.493: Application time: 0.0809880 seconds
76.493: [GC76.493: [ParNew: 34785K->1774K(37568K), 0.0007670 secs] 65256K->32245K(120960K), 0.0007980 secs] [Times: user=0.00 sys=0.00, real=0.00 secs] 
76.494: Total time for which application threads were stopped: 0.0009240 seconds, Stopping threads took: 0.0000670 seconds
76.574: Application time: 0.0804030 seconds
76.574: [GC76.574: [ParNew: 35022K->1776K(37568K), 0.0007330 secs] 65493K->32247K(120960K), 0.0007630 secs] [Times: user=0.00 sys=0.00, real=0.00 secs] 
76.575: Total time for which application threads were stopped: 0.0008820 seconds, Stopping threads took: 0.0000550 seconds
76.657: Application time: 0.0816240 seconds
76.657: [GC76.657: [ParNew: 34948K->1776K(37568K), 0.0007070 secs] 65418K->32247K(120960K), 0.0007380 secs] [Times: user=0.00 sys=0.00, real=0.00 secs] 
76.658: Total time for which application threads were stopped: 0.0008690 seconds, Stopping threads took: 0.0000630 seconds
76.740: Application time: 0.0822620 seconds
76.740: [GC76.740: [ParNew: 34713K->1264K(37568K), 0.0005450 secs] 65184K->31735K(120960K), 0.0005740 secs] [Times: user=0.00 sys=0.00, real=0.00 secs] 
76.741: Total time for which application threads were stopped: 0.0007140 seconds, Stopping threads took: 0.0000840 seconds
76.821: Application time: 0.0801180 seconds
76.821: [GC76.821: [ParNew: 34190K->2798K(37568K), 0.0010320 secs] 64661K->33269K(120960K), 0.0010670 secs] [Times: user=0.01 sys=0.00, real=0.00 secs] 
76.822: Total time for which application threads were stopped: 0.0011920 seconds, Stopping threads took: 0.0000600 seconds
76.902: Application time: 0.0802880 seconds
76.902: [GC76.902: [ParNew: 35731K->2574K(37568K), 0.0010690 secs] 66202K->33313K(120960K), 0.0011020 secs] [Times: user=0.01 sys=0.00, real=0.00 secs] 
76.903: Total time for which application threads were stopped: 0.0012270 seconds, Stopping threads took: 0.0000620 seconds
76.984: Application time: 0.0807360 seconds
76.984: [GC76.984: [ParNew: 35508K->2572K(37568K), 0.0010170 secs] 66248K->33311K(120960K), 0.0010490 secs] [Times: user=0.01 sys=0.00, real=0.00 secs] 
76.985: Total time for which application threads were stopped: 0.0011780 seconds, Stopping threads took: 0.0000690 seconds
77.066: Application time: 0.0808440 seconds
77.066: [GC77.066: [ParNew: 35504K->2572K(37568K), 0.0009880 secs] 66244K->33311K(120960K), 0.0010190 secs] [Times: user=0.01 sys=0.00, real=0.01 secs] 
77.067: Total time for which application threads were stopped: 0.0011490 seconds, Stopping threads took: 0.0000720 seconds
77.148: Application time: 0.0807510 seconds
77.148: [GC77.148: [ParNew: 35589K->2088K(37568K), 0.0008010 secs] 66328K->32827K(120960K), 0.0008290 secs] [Times: user=0.00 sys=0.00, real=0.00 secs] 
77.149: Total time for which application threads were stopped: 0.0010350 seconds, Stopping threads took: 0.0001490 seconds
77.229: Application time: 0.0797570 seconds
77.229: [GC77.229: [ParNew: 35334K->2716K(37568K), 0.0009870 secs] 66073K->33455K(120960K), 0.0010220 secs] [Times: user=0.01 sys=0.00, real=0.00 secs] 
77.230: Total time for which application threads were stopped: 0.0012040 seconds, Stopping threads took: 0.0001060 seconds
77.311: Application time: 0.0805620 seconds
77.311: [GC77.311: [ParNew: 35805K->3140K(37568K), 0.0012630 secs] 66544K->34059K(120960K), 0.0012950 secs] [Times: user=0.01 sys=0.00, real=0.00 secs] 
77.312: Total time for which application threads were stopped: 0.0014390 seconds, Stopping threads took: 0.0000810 seconds
77.393: Application time: 0.0814480 seconds
77.394: [GC77.394: [ParNew: 36157K->2600K(37568K), 0.0010560 secs] 67076K->33615K(120960K), 0.0010930 secs] [Times: user=0.01 sys=0.00, real=0.00 secs] 
77.395: Total time for which application threads were stopped: 0.0012170 seconds, Stopping threads took: 0.0000670 seconds
77.476: Application time: 0.0816000 seconds
77.476: [GC77.476: [ParNew: 35532K->2572K(37568K), 0.0010370 secs] 66548K->33667K(120960K), 0.0010720 secs] [Times: user=0.01 sys=0.00, real=0.00 secs] 
77.478: Total time for which application threads were stopped: 0.0011860 seconds, Stopping threads took: 0.0000510 seconds
77.559: Application time: 0.0817100 seconds
77.559: [GC77.559: [ParNew: 35504K->2572K(37568K), 0.0010530 secs] 66600K->33667K(120960K), 0.0010830 secs] [Times: user=0.01 sys=0.00, real=0.00 secs] 
77.560: Total time for which application threads were stopped: 0.0012210 seconds, Stopping threads took: 0.0000790 seconds
77.642: Application time: 0.0814840 seconds
77.642: [GC77.642: [ParNew: 35504K->2572K(37568K), 0.0009390 secs] 66600K->33667K(120960K), 0.0009660 secs] [Times: user=0.01 sys=0.00, real=0.00 secs] 
77.643: Total time for which application threads were stopped: 0.0010980 seconds, Stopping threads took: 0.0000730 seconds
77.725: Application time: 0.0820230 seconds
77.725: [GC77.725: [ParNew: 35506K->2060K(37568K), 0.0008060 secs] 66602K->33155K(120960K), 0.0008340 secs] [Times: user=0.01 sys=0.00, real=0.00 secs] 
77.726: Total time for which application threads were stopped: 0.0009770 seconds, Stopping threads took: 0.0000850 seconds
77.808: Application time: 0.0814780 seconds
77.808: [GC77.808: [ParNew: 35077K->1574K(37568K), 0.0006850 secs] 66172K->32669K(120960K), 0.0007130 secs] [Times: user=0.00 sys=0.00, real=0.00 secs] 
77.808: Total time for which application threads were stopped: 0.0008510 seconds, Stopping threads took: 0.0000750 seconds
77.890: Application time: 0.0816770 seconds
77.890: [GC77.890: [ParNew: 34828K->1180K(37568K), 0.0005950 secs] 65923K->32275K(120960K), 0.0006200 secs] [Times: user=0.00 sys=0.00, real=0.00 secs] 
77.891: Total time for which application threads were stopped: 0.0007500 seconds, Stopping threads took: 0.0000760 seconds
77.972: Application time: 0.0808470 seconds
77.972: [GC77.972: [ParNew: 34273K->1234K(37568K), 0.0006060 secs] 65369K->32329K(120960K), 0.0006320 secs] [Times: user=0.00 sys=0.00, real=0.00 secs] 
77.972: Total time for which application threads were stopped: 0.0007490 seconds, Stopping threads took: 0.0000630 seconds
78.054: Application time: 0.0813500 seconds
78.054: [GC78.054: [ParNew: 34249K->746K(37568K), 0.0005220 secs] 65344K->31841K(120960K), 0.0005470 secs] [Times: user=0.00 sys=0.00, real=0.00 secs] 
78.054: Total time for which application threads were stopped: 0.0007390 seconds, Stopping threads took: 0.0001430 seconds
78.136: Application time: 0.0813050 seconds
78.136: [GC78.136: [ParNew: 33678K->752K(37568K), 0.0004000 secs] 64774K->31848K(120960K), 0.0004270 secs] [Times: user=0.01 sys=0.00, real=0.00 secs] 
78.136: Total time for which application threads were stopped: 0.0005550 seconds, Stopping threads took: 0.0000760 seconds
78.218: Application time: 0.0813600 seconds
78.218: [GC78.218: [ParNew: 33686K->750K(37568K), 0.0004840 secs] 64782K->31845K(120960K), 0.0005080 secs] [Times: user=0.00 sys=0.00, real=0.00 secs] 
78.218: Total time for which application threads were stopped: 0.0007330 seconds, Stopping threads took: 0.0001750 seconds
78.300: Application time: 0.0817310 seconds
78.300: [GC78.300: [ParNew: 33682K->750K(37568K), 0.0004830 secs] 64778K->31845K(120960K), 0.0005090 secs] [Times: user=0.00 sys=0.00, real=0.00 secs] 
78.301: Total time for which application threads were stopped: 0.0006390 seconds, Stopping threads took: 0.0000760 seconds
78.383: Application time: 0.0821540 seconds
78.383: [GC78.383: [ParNew: 33763K->752K(37568K), 0.0004010 secs] 64858K->31848K(120960K), 0.0004280 secs] [Times: user=0.00 sys=0.00, real=0.00 secs] 
78.384: Total time for which application threads were stopped: 0.0005520 seconds, Stopping threads took: 0.0000600 seconds
78.465: Application time: 0.0810450 seconds
78.465: [GC78.465: [ParNew: 33682K->1264K(37568K), 0.0005500 secs] 64778K->32360K(120960K), 0.0005820 secs] [Times: user=0.00 sys=0.00, real=0.00 secs] 
78.465: Total time for which application threads were stopped: 0.0007190 seconds, Stopping threads took: 0.0000840 seconds
78.547: Application time: 0.0816130 seconds
78.547: [GC78.547: [ParNew: 34516K->752K(37568K), 0.0004500 secs] 65611K->31848K(120960K), 0.0004760 secs] [Times: user=0.00 sys=0.00, real=0.01 secs] 
78.548: Total time for which application threads were stopped: 0.0005960 seconds, Stopping threads took: 0.0000670 seconds
78.628: Application time: 0.0804260 seconds
78.628: [GC78.628: [ParNew: 33843K->1264K(37568K), 0.0005710 secs] 64938K->32360K(120960K), 0.0006000 secs] [Times: user=0.01 sys=0.00, real=0.00 secs] 
78.629: Total time for which application threads were stopped: 0.0007090 seconds, Stopping threads took: 0.0000530 seconds
78.710: Application time: 0.0816960 seconds
78.710: [GC78.710: [ParNew: 34275K->1264K(37568K), 0.0005630 secs] 65370K->32360K(120960K), 0.0005910 secs] [Times: user=0.01 sys=0.00, real=0.00 secs] 
78.711: Total time for which application threads were stopped: 0.0007080 seconds, Stopping threads took: 0.0000620 seconds
78.793: Application time: 0.0815980 seconds
78.795: [GC78.795: [ParNew: 34201K->752K(37568K), 0.0004810 secs] 65296K->31848K(120960K), 0.0005100 secs] [Times: user=0.01 sys=0.00, real=0.00 secs] 
78.796: Total time for which application threads were stopped: 0.0030560 seconds, Stopping threads took: 0.0024920 seconds
78.876: Application time: 0.0802090 seconds
78.876: [GC78.876: [ParNew: 33684K->752K(37568K), 0.0004420 secs] 64780K->31848K(120960K), 0.0004640 secs] [Times: user=0.00 sys=0.00, real=0.00 secs] 
78.877: Total time for which application threads were stopped: 0.0006070 seconds, Stopping threads took: 0.0000900 seconds
78.957: Application time: 0.0803760 seconds
78.957: [GC78.957: [ParNew: 33682K->1264K(37568K), 0.0005280 secs] 64778K->32360K(120960K), 0.0005570 secs] [Times: user=0.01 sys=0.00, real=0.00 secs] 
78.958: Total time for which application threads were stopped: 0.0007010 seconds, Stopping threads took: 0.0000780 seconds
79.039: Application time: 0.0817390 seconds
79.039: [GC79.039: [ParNew: 34283K->752K(37568K), 0.0003910 secs] 65378K->31880K(120960K), 0.0004160 secs] [Times: user=0.00 sys=0.00, real=0.00 secs] 
79.040: Total time for which application threads were stopped: 0.0005370 seconds, Stopping threads took: 0.0000640 seconds
79.121: Application time: 0.0814290 seconds
79.121: [GC79.121: [ParNew: 33684K->750K(37568K), 0.0004980 secs] 64812K->31901K(120960K), 0.0005230 secs] [Times: user=0.00 sys=0.00, real=0.00 secs] 
79.122: Total time for which application threads were stopped: 0.0006340 seconds, Stopping threads took: 0.0000600 seconds
79.202: Application time: 0.0805080 seconds
79.203: [GC79.203: [ParNew: 34000K->1262K(37568K), 0.0005600 secs] 65151K->32438K(120960K), 0.0005860 secs] [Times: user=0.00 sys=0.00, real=0.00 secs] 
79.203: Total time for which application threads were stopped: 0.0007030 seconds, Stopping threads took: 0.0000650 seconds
79.285: Application time: 0.0816710 seconds
79.285: [GC79.285: [ParNew: 34353K->1262K(37568K), 0.0006080 secs] 65529K->32454K(120960K), 0.0006340 secs] [Times: user=0.00 sys=0.00, real=0.00 secs] 
79.286: Total time for which application threads were stopped: 0.0007470 seconds, Stopping threads took: 0.0000600 seconds
79.367: Application time: 0.0813790 seconds
79.367: [GC79.367: [ParNew: 34277K->752K(37568K), 0.0004350 secs] 65468K->31944K(120960K), 0.0004590 secs] [Times: user=0.00 sys=0.00, real=0.00 secs] 
79.368: Total time for which application threads were stopped: 0.0005820 seconds, Stopping threads took: 0.0000670 seconds
79.449: Application time: 0.0809990 seconds
79.449: [GC79.449: [ParNew: 33684K->752K(37568K), 0.0003440 secs] 64876K->31944K(120960K), 0.0003690 secs] [Times: user=0.00 sys=0.00, real=0.00 secs] 
79.449: Total time for which application threads were stopped: 0.0004890 seconds, Stopping threads took: 0.0000690 seconds
79.530: Application time: 0.0810430 seconds
79.530: [GC79.530: [ParNew: 33684K->752K(37568K), 0.0004300 secs] 64876K->31944K(120960K), 0.0004660 secs] [Times: user=0.00 sys=0.00, real=0.00 secs] 
79.531: Total time for which application threads were stopped: 0.0005910 seconds, Stopping threads took: 0.0000640 seconds
79.612: Application time: 0.0808210 seconds
79.612: [GC79.612: [ParNew: 33684K->1264K(37568K), 0.0005960 secs] 64876K->32472K(120960K), 0.0006230 secs] [Times: user=0.00 sys=0.00, real=0.00 secs] 
79.612: Total time for which application threads were stopped: 0.0007490 seconds, Stopping threads took: 0.0000700 seconds
79.693: Application time: 0.0808070 seconds
79.693: [GC79.693: [ParNew: 34192K->2286K(37568K), 0.0009690 secs] 65400K->33494K(120960K), 0.0009990 secs] [Times: user=0.00 sys=0.00, real=0.00 secs] 
79.694: Total time for which application threads were stopped: 0.0011280 seconds, Stopping threads took: 0.0000700 seconds
79.775: Application time: 0.0808070 seconds
79.775: [GC79.775: [ParNew: 35301K->1606K(37568K), 0.0007780 secs] 66509K->33017K(120960K), 0.0008080 secs] [Times: user=0.01 sys=0.00, real=0.00 secs] 
79.776: Total time for which application threads were stopped: 0.0009350 seconds, Stopping threads took: 0.0000620 seconds
79.858: Application time: 0.0818270 seconds
79.858: [GC79.858: [ParNew: 34849K->2744K(37568K), 0.0010180 secs] 66261K->34156K(120960K), 0.0010520 secs] [Times: user=0.00 sys=0.00, real=0.00 secs] 
79.859: Total time for which application threads were stopped: 0.0011790 seconds, Stopping threads took: 0.0000660 seconds
79.940: Application time: 0.0814540 seconds
79.941: [GC79.941: [ParNew: 35833K->2632K(37568K), 0.0010500 secs] 67245K->34256K(120960K), 0.0010810 secs] [Times: user=0.00 sys=0.00, real=0.00 secs] 
79.942: Total time for which application threads were stopped: 0.0012130 seconds, Stopping threads took: 0.0000690 seconds
80.023: Application time: 0.0816240 seconds
80.023: [GC80.023: [ParNew: 35649K->2090K(37568K), 0.0009000 secs] 67273K->33818K(120960K), 0.0009310 secs] [Times: user=0.00 sys=0.00, real=0.00 secs] 
80.024: Total time for which application threads were stopped: 0.0010800 seconds, Stopping threads took: 0.0000890 seconds
80.106: Application time: 0.0813670 seconds
80.106: [GC80.106: [ParNew: 35022K->2090K(37568K), 0.0008360 secs] 66750K->33818K(120960K), 0.0008670 secs] [Times: user=0.01 sys=0.00, real=0.00 secs] 
80.107: Total time for which application threads were stopped: 0.0010050 seconds, Stopping threads took: 0.0000700 seconds
80.187: Application time: 0.0805310 seconds
80.187: [GC80.187: [ParNew: 35022K->2086K(37568K), 0.0008030 secs] 66750K->33814K(120960K), 0.0008380 secs] [Times: user=0.01 sys=0.00, real=0.00 secs] 
80.188: Total time for which application threads were stopped: 0.0009630 seconds, Stopping threads took: 0.0000640 seconds
80.270: Application time: 0.0818980 seconds
80.270: [GC80.270: [ParNew: 35024K->1580K(37568K), 0.0006750 secs] 66752K->33308K(120960K), 0.0007030 secs] [Times: user=0.00 sys=0.00, real=0.00 secs] 
80.271: Total time for which application threads were stopped: 0.0008310 seconds, Stopping threads took: 0.0000690 seconds
80.352: Application time: 0.0805780 seconds
80.352: [GC80.352: [ParNew: 34512K->1580K(37568K), 0.0006690 secs] 66240K->33308K(120960K), 0.0006980 secs] [Times: user=0.00 sys=0.00, real=0.00 secs] 
80.352: Total time for which application threads were stopped: 0.0008250 seconds, Stopping threads took: 0.0000710 seconds
80.434: Application time: 0.0811910 seconds
80.434: [GC80.434: [ParNew: 34589K->2120K(37568K), 0.0008120 secs] 66317K->33848K(120960K), 0.0008440 secs] [Times: user=0.00 sys=0.00, real=0.00 secs] 
80.434: Total time for which application threads were stopped: 0.0009670 seconds, Stopping threads took: 0.0000660 seconds
80.515: Application time: 0.0808990 seconds
80.516: [GC80.516: [ParNew: 35368K->2204K(37568K), 0.0008430 secs] 67096K->33996K(120960K), 0.0008730 secs] [Times: user=0.01 sys=0.00, real=0.00 secs] 
80.516: Total time for which application threads were stopped: 0.0010030 seconds, Stopping threads took: 0.0000690 seconds
80.597: Application time: 0.0805710 seconds
80.597: [GC80.597: [ParNew: 35293K->2114K(37568K), 0.0009560 secs] 67085K->34086K(120960K), 0.0009980 secs] [Times: user=0.01 sys=0.00, real=0.00 secs] 
80.598: Total time for which application threads were stopped: 0.0011270 seconds, Stopping threads took: 0.0000690 seconds
80.680: Application time: 0.0816700 seconds
80.680: [GC80.680: [ParNew: 35127K->2090K(37568K), 0.0009270 secs] 67099K->34166K(120960K), 0.0009570 secs] [Times: user=0.00 sys=0.00, real=0.00 secs] 
80.681: Total time for which application threads were stopped: 0.0011020 seconds, Stopping threads took: 0.0000810 seconds
80.762: Application time: 0.0809490 seconds
80.762: [GC80.762: [ParNew: 35024K->2088K(37568K), 0.0007950 secs] 67101K->34164K(120960K), 0.0008240 secs] [Times: user=0.00 sys=0.00, real=0.00 secs] 
80.763: Total time for which application threads were stopped: 0.0009890 seconds, Stopping threads took: 0.0001070 seconds
80.844: Application time: 0.0816170 seconds
80.845: [GC80.845: [ParNew: 35020K->2604K(37568K), 0.0026850 secs] 67097K->34680K(120960K), 0.0027240 secs] [Times: user=0.00 sys=0.00, real=0.01 secs] 
80.847: Total time for which application threads were stopped: 0.0028760 seconds, Stopping threads took: 0.0000890 seconds
80.929: Application time: 0.0813380 seconds
80.929: [GC80.929: [ParNew: 35534K->3086K(37568K), 0.0011780 secs] 67611K->35234K(120960K), 0.0012110 secs] [Times: user=0.01 sys=0.00, real=0.00 secs] 
80.930: Total time for which application threads were stopped: 0.0013600 seconds, Stopping threads took: 0.0000860 seconds
81.011: Application time: 0.0813550 seconds
81.011: [GC81.012: [ParNew: 36018K->3084K(37568K), 0.0011520 secs] 68167K->35232K(120960K), 0.0011870 secs] [Times: user=0.01 sys=0.00, real=0.00 secs] 
81.013: Total time for which application threads were stopped: 0.0013270 seconds, Stopping threads took: 0.0000770 seconds
81.095: Application time: 0.0822870 seconds
81.095: [GC81.095: [ParNew: 36105K->2090K(37568K), 0.0007900 secs] 68253K->34238K(120960K), 0.0008200 secs] [Times: user=0.01 sys=0.00, real=0.00 secs] 
81.096: Total time for which application threads were stopped: 0.0009600 seconds, Stopping threads took: 0.0000720 seconds
81.177: Application time: 0.0814980 seconds
81.178: [GC81.178: [ParNew: 35340K->2202K(37568K), 0.0008870 secs] 67488K->34350K(120960K), 0.0009180 secs] [Times: user=0.00 sys=0.00, real=0.00 secs] 
81.178: Total time for which application threads were stopped: 0.0010460 seconds, Stopping threads took: 0.0000680 seconds
81.260: Application time: 0.0811100 seconds
81.260: [GC81.260: [ParNew: 35291K->2118K(37568K), 0.0008720 secs] 67439K->34454K(120960K), 0.0009020 secs] [Times: user=0.01 sys=0.00, real=0.00 secs] 
81.261: Total time for which application threads were stopped: 0.0010410 seconds, Stopping threads took: 0.0000700 seconds
81.342: Application time: 0.0811070 seconds
81.342: [GC81.342: [ParNew: 35129K->2090K(37568K), 0.0008440 secs] 67465K->34530K(120960K), 0.0008750 secs] [Times: user=0.00 sys=0.00, real=0.00 secs] 
81.343: Total time for which application threads were stopped: 0.0010280 seconds, Stopping threads took: 0.0000930 seconds
81.425: Application time: 0.0820180 seconds
81.425: [GC81.425: [ParNew: 35026K->1578K(37568K), 0.0006470 secs] 67467K->34018K(120960K), 0.0006750 secs] [Times: user=0.00 sys=0.00, real=0.00 secs] 
81.426: Total time for which application threads were stopped: 0.0007970 seconds, Stopping threads took: 0.0000680 seconds
81.508: Application time: 0.0822740 seconds
81.508: [GC81.508: [ParNew: 34518K->552K(37568K), 0.0004380 secs] 66959K->32992K(120960K), 0.0004620 secs] [Times: user=0.00 sys=0.00, real=0.00 secs] 
81.508: Total time for which application threads were stopped: 0.0005940 seconds, Stopping threads took: 0.0000810 seconds
81.589: Application time: 0.0802830 seconds
81.589: [GC81.589: [ParNew: 33482K->1068K(37568K), 0.0005000 secs] 65922K->33508K(120960K), 0.0005270 secs] [Times: user=0.01 sys=0.00, real=0.00 secs] 
81.589: Total time for which application threads were stopped: 0.0006500 seconds, Stopping threads took: 0.0000590 seconds
81.671: Application time: 0.0815130 seconds
81.671: [GC81.671: [ParNew: 34084K->584K(37568K), 0.0003770 secs] 66525K->33024K(120960K), 0.0004060 secs] [Times: user=0.00 sys=0.00, real=0.00 secs] 
81.671: Total time for which application threads were stopped: 0.0005150 seconds, Stopping threads took: 0.0000560 seconds
81.752: Application time: 0.0804860 seconds
81.752: [GC81.752: [ParNew: 33677K->640K(37568K), 0.0003940 secs] 66117K->33080K(120960K), 0.0004210 secs] [Times: user=0.00 sys=0.00, real=0.00 secs] 
81.752: Total time for which application threads were stopped: 0.0005520 seconds, Stopping threads took: 0.0000800 seconds
81.835: Application time: 0.0820720 seconds
81.835: [GC81.835: [ParNew: 33650K->1692K(37568K), 0.0007380 secs] 66091K->34132K(120960K), 0.0007690 secs] [Times: user=0.00 sys=0.00, real=0.01 secs] 
81.835: Total time for which application threads were stopped: 0.0009130 seconds, Stopping threads took: 0.0000790 seconds
81.916: Application time: 0.0803100 seconds
81.916: [GC81.916: [ParNew: 34859K->1776K(37568K), 0.0007150 secs] 67300K->34217K(120960K), 0.0007440 secs] [Times: user=0.00 sys=0.00, real=0.00 secs] 
81.917: Total time for which application threads were stopped: 0.0008700 seconds, Stopping threads took: 0.0000660 seconds
81.997: Application time: 0.0808430 seconds
81.998: [GC81.998: [ParNew: 34785K->2288K(37568K), 0.0008740 secs] 67225K->34729K(120960K), 0.0009050 secs] [Times: user=0.01 sys=0.00, real=0.00 secs] 
81.999: Total time for which application threads were stopped: 0.0010410 seconds, Stopping threads took: 0.0000740 seconds
82.080: Application time: 0.0813230 seconds
82.080: [GC82.080: [ParNew: 35221K->2090K(37568K), 0.0008680 secs] 67661K->34774K(120960K), 0.0009010 secs] [Times: user=0.01 sys=0.00, real=0.00 secs] 
82.081: Total time for which application threads were stopped: 0.0010260 seconds, Stopping threads took: 0.0000630 seconds
82.163: Application time: 0.0818940 seconds
82.163: [GC82.163: [ParNew: 35030K->1066K(37568K), 0.0004730 secs] 67715K->33750K(120960K), 0.0005010 secs] [Times: user=0.00 sys=0.00, real=0.00 secs] 
82.163: Total time for which application threads were stopped: 0.0006200 seconds, Stopping threads took: 0.0000640 seconds
82.244: Application time: 0.0802790 seconds
82.244: [GC82.244: [ParNew: 33998K->1064K(37568K), 0.0004670 secs] 66683K->33748K(120960K), 0.0004950 secs] [Times: user=0.00 sys=0.00, real=0.00 secs] 
82.244: Total time for which application threads were stopped: 0.0006150 seconds, Stopping threads took: 0.0000660 seconds
82.326: Application time: 0.0814320 seconds
82.326: [GC82.326: [ParNew: 34077K->1096K(37568K), 0.0005060 secs] 66761K->33781K(120960K), 0.0005330 secs] [Times: user=0.00 sys=0.00, real=0.00 secs] 
82.327: Total time for which application threads were stopped: 0.0007530 seconds, Stopping threads took: 0.0001680 seconds
82.407: Application time: 0.0802410 seconds
82.407: [GC82.407: [ParNew: 34102K->2146K(37568K), 0.0008410 secs] 66787K->34831K(120960K), 0.0008720 secs] [Times: user=0.01 sys=0.00, real=0.01 secs] 
82.408: Total time for which application threads were stopped: 0.0010410 seconds, Stopping threads took: 0.0001010 seconds
82.488: Application time: 0.0806470 seconds
82.489: [GC82.489: [ParNew: 35241K->2148K(37568K), 0.0009060 secs] 67926K->34937K(120960K), 0.0009360 secs] [Times: user=0.01 sys=0.00, real=0.00 secs] 
82.489: Total time for which application threads were stopped: 0.0010610 seconds, Stopping threads took: 0.0000660 seconds
82.570: Application time: 0.0806170 seconds
82.570: [GC82.570: [ParNew: 35317K->2148K(37568K), 0.0008540 secs] 68106K->35065K(120960K), 0.0008850 secs] [Times: user=0.01 sys=0.00, real=0.00 secs] 
82.571: Total time for which application threads were stopped: 0.0010120 seconds, Stopping threads took: 0.0000660 seconds
82.652: Application time: 0.0804930 seconds
82.652: [GC82.652: [ParNew: 35159K->2088K(37568K), 0.0009340 secs] 68076K->35129K(120960K), 0.0009710 secs] [Times: user=0.01 sys=0.00, real=0.00 secs] 
82.653: Total time for which application threads were stopped: 0.0011170 seconds, Stopping threads took: 0.0000880 seconds
82.733: Application time: 0.0806400 seconds
82.733: [GC82.733: [ParNew: 35020K->2090K(37568K), 0.0008190 secs] 68061K->35131K(120960K), 0.0008480 secs] [Times: user=0.01 sys=0.00, real=0.00 secs] 
82.734: Total time for which application threads were stopped: 0.0009680 seconds, Stopping threads took: 0.0000610 seconds
82.815: Application time: 0.0806660 seconds
82.815: [GC82.815: [ParNew: 35022K->2090K(37568K), 0.0007880 secs] 68063K->35131K(120960K), 0.0008190 secs] [Times: user=0.01 sys=0.00, real=0.00 secs] 
82.816: Total time for which application threads were stopped: 0.0009640 seconds, Stopping threads took: 0.0000840 seconds
82.895: Application time: 0.0795060 seconds
82.896: [GC82.896: [ParNew: 35018K->3114K(37568K), 0.0012580 secs] 68059K->36155K(120960K), 0.0012930 secs] [Times: user=0.00 sys=0.00, real=0.00 secs] 
82.897: Total time for which application threads were stopped: 0.0014310 seconds, Stopping threads took: 0.0000740 seconds
82.979: Application time: 0.0823250 seconds
82.979: [GC82.979: [ParNew: 36129K->2604K(37568K), 0.0010300 secs] 69170K->35717K(120960K), 0.0010620 secs] [Times: user=0.00 sys=0.00, real=0.00 secs] 
82.980: Total time for which application threads were stopped: 0.0012000 seconds, Stopping threads took: 0.0000700 seconds
83.061: Application time: 0.0808650 seconds
83.061: [GC83.061: [ParNew: 35617K->2602K(37568K), 0.0009830 secs] 68730K->35787K(120960K), 0.0010170 secs] [Times: user=0.01 sys=0.00, real=0.00 secs] 
83.062: Total time for which application threads were stopped: 0.0011400 seconds, Stopping threads took: 0.0000610 seconds
83.143: Application time: 0.0806120 seconds
83.143: [GC83.143: [ParNew: 35693K->2628K(37568K), 0.0010830 secs] 68878K->35893K(120960K), 0.0011160 secs] [Times: user=0.01 sys=0.00, real=0.00 secs] 
83.144: Total time for which application threads were stopped: 0.0012340 seconds, Stopping threads took: 0.0000570 seconds
83.226: Application time: 0.0812830 seconds
83.226: [GC83.226: [ParNew: 35797K->2656K(37568K), 0.0010880 secs] 69062K->36025K(120960K), 0.0011210 secs] [Times: user=0.01 sys=0.00, real=0.00 secs] 
83.227: Total time for which application threads were stopped: 0.0012710 seconds, Stopping threads took: 0.0000880 seconds
83.307: Application time: 0.0803170 seconds
83.307: [GC83.307: [ParNew: 35667K->2602K(37568K), 0.0010520 secs] 69036K->36107K(120960K), 0.0010860 secs] [Times: user=0.01 sys=0.00, real=0.00 secs] 
83.308: Total time for which application threads were stopped: 0.0012310 seconds, Stopping threads took: 0.0000820 seconds
83.390: Application time: 0.0820030 seconds
83.391: [GC83.391: [ParNew: 35538K->2060K(37568K), 0.0008170 secs] 69044K->35637K(120960K), 0.0008450 secs] [Times: user=0.01 sys=0.00, real=0.00 secs] 
83.391: Total time for which application threads were stopped: 0.0009620 seconds, Stopping threads took: 0.0000600 seconds
83.472: Application time: 0.0811060 seconds
83.473: [GC83.473: [ParNew: 34992K->2058K(37568K), 0.0007850 secs] 68570K->35635K(120960K), 0.0008170 secs] [Times: user=0.01 sys=0.00, real=0.00 secs] 
83.473: Total time for which application threads were stopped: 0.0009450 seconds, Stopping threads took: 0.0000680 seconds
83.554: Application time: 0.0808080 seconds
83.554: [GC83.554: [ParNew: 34988K->2058K(37568K), 0.0008020 secs] 68565K->35635K(120960K), 0.0008330 secs] [Times: user=0.01 sys=0.00, real=0.01 secs] 
83.555: Total time for which application threads were stopped: 0.0009740 seconds, Stopping threads took: 0.0000700 seconds
83.635: Application time: 0.0794270 seconds
83.635: [GC83.635: [ParNew: 35066K->3112K(37568K), 0.0011950 secs] 68644K->36689K(120960K), 0.0012300 secs] [Times: user=0.01 sys=0.00, real=0.01 secs] 
83.636: Total time for which application threads were stopped: 0.0013690 seconds, Stopping threads took: 0.0000760 seconds
83.718: Application time: 0.0821840 seconds
83.718: [GC83.718: [ParNew: 36129K->2602K(37568K), 0.0010390 secs] 69706K->36259K(120960K), 0.0010820 secs] [Times: user=0.01 sys=0.00, real=0.00 secs] 
83.719: Total time for which application threads were stopped: 0.0012320 seconds, Stopping threads took: 0.0000890 seconds
83.801: Application time: 0.0820200 seconds
83.802: [GC83.802: [ParNew: 35693K->2630K(37568K), 0.0012460 secs] 69350K->36351K(120960K), 0.0012800 secs] [Times: user=0.01 sys=0.00, real=0.00 secs] 
83.803: Total time for which application threads were stopped: 0.0014150 seconds, Stopping threads took: 0.0000730 seconds
83.883: Application time: 0.0804380 seconds
83.883: [GC83.883: [ParNew: 35797K->3172K(37568K), 0.0012270 secs] 69519K->36997K(120960K), 0.0012610 secs] [Times: user=0.01 sys=0.00, real=0.00 secs] 
83.885: Total time for which application threads were stopped: 0.0013860 seconds, Stopping threads took: 0.0000620 seconds
83.966: Application time: 0.0815700 seconds
83.966: [GC83.966: [ParNew: 36187K->2602K(37568K), 0.0010250 secs] 70012K->36567K(120960K), 0.0010580 secs] [Times: user=0.00 sys=0.00, real=0.01 secs] 
83.967: Total time for which application threads were stopped: 0.0011860 seconds, Stopping threads took: 0.0000680 seconds
84.048: Application time: 0.0810020 seconds
84.049: [GC84.049: [ParNew: 35534K->2572K(37568K), 0.0010250 secs] 69500K->36609K(120960K), 0.0010560 secs] [Times: user=0.01 sys=0.00, real=0.00 secs] 
84.050: Total time for which application threads were stopped: 0.0011770 seconds, Stopping threads took: 0.0000600 seconds
84.130: Application time: 0.0804910 seconds
84.130: [GC84.130: [ParNew: 35504K->2572K(37568K), 0.0010030 secs] 69542K->36609K(120960K), 0.0010350 secs] [Times: user=0.01 sys=0.00, real=0.00 secs] 
84.131: Total time for which application threads were stopped: 0.0011710 seconds, Stopping threads took: 0.0000660 seconds
84.212: Application time: 0.0811120 seconds
84.213: [GC84.213: [ParNew: 35504K->2570K(37568K), 0.0010370 secs] 69542K->36607K(120960K), 0.0010670 secs] [Times: user=0.01 sys=0.00, real=0.00 secs] 
84.214: Total time for which application threads were stopped: 0.0011950 seconds, Stopping threads took: 0.0000690 seconds
84.296: Application time: 0.0821700 seconds
84.296: [GC84.296: [ParNew: 35583K->2600K(37568K), 0.0010610 secs] 69620K->36637K(120960K), 0.0010910 secs] [Times: user=0.00 sys=0.00, real=0.00 secs] 
84.297: Total time for which application threads were stopped: 0.0012210 seconds, Stopping threads took: 0.0000680 seconds
84.377: Application time: 0.0801660 seconds
84.377: [GC84.377: [ParNew: 35613K->2604K(37568K), 0.0009770 secs] 69650K->36697K(120960K), 0.0010080 secs] [Times: user=0.00 sys=0.00, real=0.00 secs] 
84.378: Total time for which application threads were stopped: 0.0011450 seconds, Stopping threads took: 0.0000760 seconds
84.460: Application time: 0.0819020 seconds
84.460: [GC84.460: [ParNew: 35695K->2626K(37568K), 0.0010770 secs] 69789K->36775K(120960K), 0.0011080 secs] [Times: user=0.00 sys=0.00, real=0.00 secs] 
84.461: Total time for which application threads were stopped: 0.0012450 seconds, Stopping threads took: 0.0000760 seconds
84.543: Application time: 0.0814150 seconds
84.543: [GC84.543: [ParNew: 35795K->2660K(37568K), 0.0010280 secs] 69945K->36922K(120960K), 0.0010610 secs] [Times: user=0.01 sys=0.01, real=0.00 secs] 
84.544: Total time for which application threads were stopped: 0.0011930 seconds, Stopping threads took: 0.0000690 seconds
84.624: Application time: 0.0803440 seconds
84.625: [GC84.625: [ParNew: 35671K->2600K(37568K), 0.0010890 secs] 69932K->36994K(120960K), 0.0011220 secs] [Times: user=0.01 sys=0.00, real=0.00 secs] 
84.626: Total time for which application threads were stopped: 0.0012420 seconds, Stopping threads took: 0.0000570 seconds
84.705: Application time: 0.0796790 seconds
84.705: [GC84.706: [ParNew: 35532K->2572K(37568K), 0.0010510 secs] 69926K->37014K(120960K), 0.0010820 secs] [Times: user=0.01 sys=0.00, real=0.00 secs] 
84.707: Total time for which application threads were stopped: 0.0012280 seconds, Stopping threads took: 0.0000750 seconds
84.787: Application time: 0.0807800 seconds
84.787: [GC84.788: [ParNew: 35504K->2572K(37568K), 0.0009740 secs] 69946K->37014K(120960K), 0.0010160 secs] [Times: user=0.00 sys=0.00, real=0.00 secs] 
84.789: Total time for which application threads were stopped: 0.0011380 seconds, Stopping threads took: 0.0000620 seconds
84.870: Application time: 0.0812940 seconds
84.870: [GC84.870: [ParNew: 35504K->2570K(37568K), 0.0010030 secs] 69946K->37011K(120960K), 0.0010370 secs] [Times: user=0.01 sys=0.00, real=0.00 secs] 
84.871: Total time for which application threads were stopped: 0.0011590 seconds, Stopping threads took: 0.0000590 seconds
84.951: Application time: 0.0799920 seconds
84.951: [GC84.951: [ParNew: 35581K->2602K(37568K), 0.0010450 secs] 70022K->37044K(120960K), 0.0010780 secs] [Times: user=0.01 sys=0.00, real=0.00 secs] 
84.952: Total time for which application threads were stopped: 0.0012150 seconds, Stopping threads took: 0.0000720 seconds
85.033: Application time: 0.0810670 seconds
85.033: [GC85.033: [ParNew: 35615K->2602K(37568K), 0.0010440 secs] 70056K->37108K(120960K), 0.0010760 secs] [Times: user=0.00 sys=0.00, real=0.00 secs] 
85.034: Total time for which application threads were stopped: 0.0012060 seconds, Stopping threads took: 0.0000680 seconds
85.115: Application time: 0.0809730 seconds
85.116: [GC85.116: [ParNew: 35691K->2630K(37568K), 0.0010980 secs] 70197K->37192K(120960K), 0.0011310 secs] [Times: user=0.01 sys=0.00, real=0.00 secs] 
85.117: Total time for which application threads were stopped: 0.0012530 seconds, Stopping threads took: 0.0000620 seconds
85.197: Application time: 0.0805980 seconds
85.197: [GC85.197: [ParNew: 35801K->2658K(37568K), 0.0010490 secs] 70363K->37312K(120960K), 0.0010790 secs] [Times: user=0.01 sys=0.00, real=0.00 secs] 
85.199: Total time for which application threads were stopped: 0.0012280 seconds, Stopping threads took: 0.0000870 seconds
85.280: Application time: 0.0810760 seconds
85.280: [GC85.280: [ParNew: 35669K->2600K(37568K), 0.0009990 secs] 70323K->37386K(120960K), 0.0010320 secs] [Times: user=0.00 sys=0.00, real=0.00 secs] 
85.281: Total time for which application threads were stopped: 0.0011780 seconds, Stopping threads took: 0.0000740 seconds
85.362: Application time: 0.0810360 seconds
85.362: [GC85.362: [ParNew: 35532K->2572K(37568K), 0.0009990 secs] 70318K->37430K(120960K), 0.0010300 secs] [Times: user=0.01 sys=0.00, real=0.00 secs] 
85.363: Total time for which application threads were stopped: 0.0011730 seconds, Stopping threads took: 0.0000830 seconds
85.444: Application time: 0.0812420 seconds
85.445: [GC85.445: [ParNew: 35504K->2572K(37568K), 0.0012060 secs] 70362K->37430K(120960K), 0.0012440 secs] [Times: user=0.01 sys=0.00, real=0.00 secs] 
85.446: Total time for which application threads were stopped: 0.0020290 seconds, Stopping threads took: 0.0007190 seconds
85.529: Application time: 0.0831370 seconds
85.530: [GC85.530: [ParNew: 35508K->1544K(37568K), 0.0006190 secs] 70366K->36402K(120960K), 0.0006470 secs] [Times: user=0.01 sys=0.00, real=0.00 secs] 
85.530: Total time for which application threads were stopped: 0.0008540 seconds, Stopping threads took: 0.0001470 seconds
85.611: Application time: 0.0809160 seconds
85.611: [GC85.611: [ParNew: 34558K->1576K(37568K), 0.0006660 secs] 69417K->36434K(120960K), 0.0006960 secs] [Times: user=0.01 sys=0.00, real=0.00 secs] 
85.612: Total time for which application threads were stopped: 0.0008310 seconds, Stopping threads took: 0.0000770 seconds
85.692: Application time: 0.0800800 seconds
85.692: [GC85.692: [ParNew: 34586K->2120K(37568K), 0.0007770 secs] 69445K->36978K(120960K), 0.0008090 secs] [Times: user=0.00 sys=0.00, real=0.00 secs] 
85.693: Total time for which application threads were stopped: 0.0009240 seconds, Stopping threads took: 0.0000570 seconds
85.776: Application time: 0.0825660 seconds
85.776: [GC85.776: [ParNew: 35213K->1636K(37568K), 0.0006680 secs] 70071K->36550K(120960K), 0.0006990 secs] [Times: user=0.01 sys=0.00, real=0.00 secs] 
85.776: Total time for which application threads were stopped: 0.0008380 seconds, Stopping threads took: 0.0000790 seconds
85.856: Application time: 0.0799140 seconds
85.856: [GC85.858: [ParNew: 34803K->2232K(37568K), 0.0009480 secs] 69717K->37146K(120960K), 0.0024800 secs] [Times: user=0.01 sys=0.00, real=0.00 secs] 
85.859: Total time for which application threads were stopped: 0.0026220 seconds, Stopping threads took: 0.0000740 seconds
85.941: Application time: 0.0819460 seconds
85.941: [GC85.941: [ParNew: 35245K->2090K(37568K), 0.0008650 secs] 70159K->37216K(120960K), 0.0008970 secs] [Times: user=0.01 sys=0.00, real=0.00 secs] 
85.942: Total time for which application threads were stopped: 0.0010220 seconds, Stopping threads took: 0.0000640 seconds
86.023: Application time: 0.0814360 seconds
86.023: [GC86.023: [ParNew: 35022K->2090K(37568K), 0.0007880 secs] 70149K->37216K(120960K), 0.0008170 secs] [Times: user=0.01 sys=0.00, real=0.00 secs] 
86.024: Total time for which application threads were stopped: 0.0009460 seconds, Stopping threads took: 0.0000690 seconds
86.105: Application time: 0.0804210 seconds
86.105: [GC86.105: [ParNew: 35022K->2090K(37568K), 0.0007920 secs] 70149K->37216K(120960K), 0.0008230 secs] [Times: user=0.01 sys=0.00, real=0.00 secs] 
86.106: Total time for which application threads were stopped: 0.0009550 seconds, Stopping threads took: 0.0000720 seconds
86.186: Application time: 0.0804600 seconds
86.186: [GC86.186: [ParNew: 35022K->2092K(37568K), 0.0008130 secs] 70149K->37218K(120960K), 0.0008440 secs] [Times: user=0.00 sys=0.00, real=0.01 secs] 
86.187: Total time for which application threads were stopped: 0.0009740 seconds, Stopping threads took: 0.0000690 seconds
86.268: Application time: 0.0805310 seconds
86.268: [GC86.268: [ParNew: 35103K->2116K(37568K), 0.0009020 secs] 70229K->37242K(120960K), 0.0009310 secs] [Times: user=0.00 sys=0.00, real=0.00 secs] 
86.269: Total time for which application threads were stopped: 0.0010600 seconds, Stopping threads took: 0.0000720 seconds
86.350: Application time: 0.0811750 seconds
86.350: [GC86.350: [ParNew: 35129K->2120K(37568K), 0.0008000 secs] 70255K->37318K(120960K), 0.0008300 secs] [Times: user=0.01 sys=0.00, real=0.00 secs] 
86.351: Total time for which application threads were stopped: 0.0009860 seconds, Stopping threads took: 0.0000960 seconds
86.432: Application time: 0.0806930 seconds
86.432: [GC86.432: [ParNew: 35211K->2148K(37568K), 0.0008560 secs] 70409K->37418K(120960K), 0.0008860 secs] [Times: user=0.01 sys=0.00, real=0.00 secs] 
86.433: Total time for which application threads were stopped: 0.0010260 seconds, Stopping threads took: 0.0000700 seconds
86.515: Application time: 0.0823040 seconds
86.515: [GC86.515: [ParNew: 35320K->1636K(37568K), 0.0007090 secs] 70590K->37034K(120960K), 0.0007390 secs] [Times: user=0.00 sys=0.00, real=0.01 secs] 
86.516: Total time for which application threads were stopped: 0.0008680 seconds, Stopping threads took: 0.0000710 seconds
86.597: Application time: 0.0814600 seconds
86.597: [GC86.597: [ParNew: 34653K->1152K(37568K), 0.0005490 secs] 70051K->36550K(120960K), 0.0005780 secs] [Times: user=0.01 sys=0.00, real=0.00 secs] 
86.598: Total time for which application threads were stopped: 0.0007120 seconds, Stopping threads took: 0.0000800 seconds
86.679: Application time: 0.0812820 seconds
86.679: [GC86.679: [ParNew: 34084K->1152K(37568K), 0.0004990 secs] 69483K->36550K(120960K), 0.0005290 secs] [Times: user=0.00 sys=0.00, real=0.00 secs] 
86.680: Total time for which application threads were stopped: 0.0006600 seconds, Stopping threads took: 0.0000730 seconds
86.761: Application time: 0.0807390 seconds
86.761: [GC86.761: [ParNew: 34082K->1664K(37568K), 0.0006780 secs] 69481K->37062K(120960K), 0.0007080 secs] [Times: user=0.00 sys=0.00, real=0.00 secs] 
86.761: Total time for which application threads were stopped: 0.0008370 seconds, Stopping threads took: 0.0000730 seconds
86.843: Application time: 0.0814830 seconds
86.843: [GC86.843: [ParNew: 34600K->1152K(37568K), 0.0005380 secs] 69999K->36550K(120960K), 0.0005640 secs] [Times: user=0.00 sys=0.00, real=0.00 secs] 
86.844: Total time for which application threads were stopped: 0.0006910 seconds, Stopping threads took: 0.0000630 seconds
86.924: Application time: 0.0804270 seconds
86.924: [GC86.924: [ParNew: 34163K->1690K(37568K), 0.0007550 secs] 69561K->37088K(120960K), 0.0007850 secs] [Times: user=0.01 sys=0.00, real=0.00 secs] 
86.925: Total time for which application threads were stopped: 0.0009040 seconds, Stopping threads took: 0.0000610 seconds
87.006: Application time: 0.0806520 seconds
87.006: [GC87.006: [ParNew: 34701K->1720K(37568K), 0.0007080 secs] 70099K->37118K(120960K), 0.0007360 secs] [Times: user=0.01 sys=0.00, real=0.00 secs] 
87.007: Total time for which application threads were stopped: 0.0008600 seconds, Stopping threads took: 0.0000600 seconds
87.087: Application time: 0.0807440 seconds
87.087: [GC87.087: [ParNew: 34811K->1776K(37568K), 0.0007310 secs] 70210K->37175K(120960K), 0.0007590 secs] [Times: user=0.01 sys=0.00, real=0.00 secs] 
87.088: Total time for which application threads were stopped: 0.0008740 seconds, Stopping threads took: 0.0000600 seconds
87.169: Application time: 0.0811230 seconds
87.169: [GC87.169: [ParNew: 34944K->2288K(37568K), 0.0008620 secs] 70342K->37687K(120960K), 0.0008930 secs] [Times: user=0.00 sys=0.00, real=0.00 secs] 
87.170: Total time for which application threads were stopped: 0.0010210 seconds, Stopping threads took: 0.0000670 seconds
87.251: Application time: 0.0808910 seconds
87.251: [GC87.251: [ParNew: 35299K->2602K(37568K), 0.0011580 secs] 70697K->38237K(120960K), 0.0011900 secs] [Times: user=0.00 sys=0.00, real=0.00 secs] 
87.253: Total time for which application threads were stopped: 0.0013200 seconds, Stopping threads took: 0.0000710 seconds
87.333: Application time: 0.0805390 seconds
87.333: [GC87.333: [ParNew: 35534K->2572K(37568K), 0.0009720 secs] 71169K->38278K(120960K), 0.0010020 secs] [Times: user=0.00 sys=0.00, real=0.00 secs] 
87.334: Total time for which application threads were stopped: 0.0011360 seconds, Stopping threads took: 0.0000730 seconds
87.416: Application time: 0.0813340 seconds
87.416: [GC87.416: [ParNew: 35510K->2056K(37568K), 0.0008950 secs] 71217K->37762K(120960K), 0.0009270 secs] [Times: user=0.00 sys=0.00, real=0.00 secs] 
87.417: Total time for which application threads were stopped: 0.0011430 seconds, Stopping threads took: 0.0001570 seconds
87.500: Application time: 0.0833590 seconds
87.500: [GC87.500: [ParNew: 34992K->1036K(37568K), 0.0005480 secs] 70699K->36742K(120960K), 0.0005760 secs] [Times: user=0.00 sys=0.00, real=0.00 secs] 
87.501: Total time for which application threads were stopped: 0.0007480 seconds, Stopping threads took: 0.0001160 seconds
87.582: Application time: 0.0811270 seconds
87.582: [GC87.582: [ParNew: 34055K->552K(37568K), 0.0003920 secs] 69761K->36258K(120960K), 0.0004200 secs] [Times: user=0.00 sys=0.00, real=0.00 secs] 
87.582: Total time for which application threads were stopped: 0.0005450 seconds, Stopping threads took: 0.0000660 seconds
87.663: Application time: 0.0803250 seconds
87.663: [GC87.663: [ParNew: 33564K->582K(37568K), 0.0004030 secs] 69271K->36289K(120960K), 0.0004290 secs] [Times: user=0.01 sys=0.00, real=0.00 secs] 
87.663: Total time for which application threads were stopped: 0.0005650 seconds, Stopping threads took: 0.0000840 seconds
87.744: Application time: 0.0805240 seconds
87.744: [GC87.744: [ParNew: 33673K->638K(37568K), 0.0003950 secs] 69380K->36345K(120960K), 0.0004210 secs] [Times: user=0.00 sys=0.00, real=0.00 secs] 
87.744: Total time for which application threads were stopped: 0.0005340 seconds, Stopping threads took: 0.0000600 seconds
87.824: Application time: 0.0799360 seconds
87.824: [GC87.824: [ParNew: 33805K->1236K(37568K), 0.0005370 secs] 69512K->36943K(120960K), 0.0005670 secs] [Times: user=0.00 sys=0.00, real=0.00 secs] 
87.825: Total time for which application threads were stopped: 0.0006930 seconds, Stopping threads took: 0.0000700 seconds
87.905: Application time: 0.0801120 seconds
87.905: [GC87.905: [ParNew: 34247K->1264K(37568K), 0.0005620 secs] 69954K->36971K(120960K), 0.0005990 secs] [Times: user=0.01 sys=0.00, real=0.00 secs] 
87.906: Total time for which application threads were stopped: 0.0007190 seconds, Stopping threads took: 0.0000630 seconds
87.986: Application time: 0.0798190 seconds
87.986: [GC87.986: [ParNew: 34196K->1264K(37568K), 0.0005360 secs] 69903K->36971K(120960K), 0.0005640 secs] [Times: user=0.00 sys=0.00, real=0.00 secs] 
87.986: Total time for which application threads were stopped: 0.0006850 seconds, Stopping threads took: 0.0000670 seconds
88.067: Application time: 0.0803190 seconds
88.067: [GC88.067: [ParNew: 34196K->1264K(37568K), 0.0005420 secs] 69903K->36971K(120960K), 0.0005700 secs] [Times: user=0.01 sys=0.00, real=0.01 secs] 
88.067: Total time for which application threads were stopped: 0.0006920 seconds, Stopping threads took: 0.0000660 seconds
88.149: Application time: 0.0818990 seconds
88.149: [GC88.149: [ParNew: 34196K->1262K(37568K), 0.0006220 secs] 69903K->36969K(120960K), 0.0006510 secs] [Times: user=0.00 sys=0.00, real=0.00 secs] 
88.150: Total time for which application threads were stopped: 0.0007790 seconds, Stopping threads took: 0.0000650 seconds
88.231: Application time: 0.0805730 seconds
88.231: [GC88.231: [ParNew: 34273K->1264K(37568K), 0.0005450 secs] 69980K->36971K(120960K), 0.0005720 secs] [Times: user=0.00 sys=0.00, real=0.00 secs] 
88.231: Total time for which application threads were stopped: 0.0007000 seconds, Stopping threads took: 0.0000710 seconds
88.311: Application time: 0.0798540 seconds
88.311: [GC88.311: [ParNew: 34275K->1776K(37568K), 0.0007210 secs] 69981K->37483K(120960K), 0.0007490 secs] [Times: user=0.00 sys=0.00, real=0.00 secs] 
88.312: Total time for which application threads were stopped: 0.0008910 seconds, Stopping threads took: 0.0000840 seconds
88.392: Application time: 0.0800620 seconds
88.392: [GC88.392: [ParNew: 34863K->2800K(37568K), 0.0010120 secs] 70570K->38507K(120960K), 0.0010440 secs] [Times: user=0.00 sys=0.00, real=0.00 secs] 
88.393: Total time for which application threads were stopped: 0.0011650 seconds, Stopping threads took: 0.0000590 seconds
88.474: Application time: 0.0806890 seconds
88.474: [GC88.474: [ParNew: 35972K->2658K(37568K), 0.0010750 secs] 71678K->38553K(120960K), 0.0011090 secs] [Times: user=0.00 sys=0.00, real=0.01 secs] 
88.475: Total time for which application threads were stopped: 0.0012440 seconds, Stopping threads took: 0.0000740 seconds
88.557: Application time: 0.0814740 seconds
88.557: [GC88.557: [ParNew: 35671K->2604K(37568K), 0.0010280 secs] 71566K->38635K(120960K), 0.0010590 secs] [Times: user=0.00 sys=0.00, real=0.00 secs] 
88.558: Total time for which application threads were stopped: 0.0011930 seconds, Stopping threads took: 0.0000710 seconds
88.640: Application time: 0.0815880 seconds
88.640: [GC88.640: [ParNew: 35534K->3084K(37568K), 0.0012480 secs] 71565K->39179K(120960K), 0.0012820 secs] [Times: user=0.00 sys=0.00, real=0.00 secs] 
88.641: Total time for which application threads were stopped: 0.0014070 seconds, Stopping threads took: 0.0000620 seconds
88.723: Application time: 0.0817200 seconds
88.723: [GC88.723: [ParNew: 36020K->2570K(37568K), 0.0012040 secs] 72116K->38665K(120960K), 0.0012370 secs] [Times: user=0.00 sys=0.00, real=0.00 secs] 
88.724: Total time for which application threads were stopped: 0.0014050 seconds, Stopping threads took: 0.0000960 seconds
88.804: Application time: 0.0795140 seconds
88.804: [GC88.804: [ParNew: 35502K->2570K(37568K), 0.0009470 secs] 71597K->38665K(120960K), 0.0009750 secs] [Times: user=0.00 sys=0.00, real=0.00 secs] 
88.805: Total time for which application threads were stopped: 0.0011130 seconds, Stopping threads took: 0.0000780 seconds
88.885: Application time: 0.0800020 seconds
88.885: [GC88.885: [ParNew: 35583K->2598K(37568K), 0.0011040 secs] 71678K->38693K(120960K), 0.0011350 secs] [Times: user=0.01 sys=0.00, real=0.00 secs] 
88.886: Total time for which application threads were stopped: 0.0012610 seconds, Stopping threads took: 0.0000640 seconds
88.967: Application time: 0.0811390 seconds
88.967: [GC88.967: [ParNew: 35530K->2572K(37568K), 0.0010480 secs] 71625K->38731K(120960K), 0.0010910 secs] [Times: user=0.00 sys=0.00, real=0.00 secs] 
88.968: Total time for which application threads were stopped: 0.0012350 seconds, Stopping threads took: 0.0000830 seconds
89.050: Application time: 0.0814170 seconds
89.050: [GC89.050: [ParNew: 35747K->2660K(37568K), 0.0010330 secs] 71906K->38819K(120960K), 0.0010650 secs] [Times: user=0.01 sys=0.00, real=0.00 secs] 
89.051: Total time for which application threads were stopped: 0.0012080 seconds, Stopping threads took: 0.0000820 seconds
89.132: Application time: 0.0808700 seconds
89.132: [GC89.132: [ParNew: 35833K->2148K(37568K), 0.0008380 secs] 71993K->38443K(120960K), 0.0008700 secs] [Times: user=0.00 sys=0.00, real=0.00 secs] 
89.133: Total time for which application threads were stopped: 0.0010000 seconds, Stopping threads took: 0.0000710 seconds
89.216: Application time: 0.0835870 seconds
89.217: [GC89.217: [ParNew: 35165K->1576K(37568K), 0.0006940 secs] 71460K->38003K(120960K), 0.0007210 secs] [Times: user=0.00 sys=0.00, real=0.00 secs] 
89.217: Total time for which application threads were stopped: 0.0008430 seconds, Stopping threads took: 0.0000680 seconds
89.297: Application time: 0.0793530 seconds
89.297: [GC89.297: [ParNew: 34508K->1576K(37568K), 0.0007070 secs] 70936K->38003K(120960K), 0.0007340 secs] [Times: user=0.00 sys=0.00, real=0.00 secs] 
89.298: Total time for which application threads were stopped: 0.0008770 seconds, Stopping threads took: 0.0000810 seconds
89.379: Application time: 0.0813670 seconds
89.379: [GC89.379: [ParNew: 34508K->1576K(37568K), 0.0006450 secs] 70936K->38003K(120960K), 0.0006760 secs] [Times: user=0.00 sys=0.00, real=0.00 secs] 
89.380: Total time for which application threads were stopped: 0.0008120 seconds, Stopping threads took: 0.0000730 seconds
89.463: Application time: 0.0834240 seconds
89.463: [GC89.463: [ParNew: 34510K->2092K(37568K), 0.0008150 secs] 70938K->38519K(120960K), 0.0008480 secs] [Times: user=0.01 sys=0.00, real=0.00 secs] 
89.464: Total time for which application threads were stopped: 0.0010060 seconds, Stopping threads took: 0.0000960 seconds
89.546: Application time: 0.0814600 seconds
89.546: [GC89.546: [ParNew: 35103K->2120K(37568K), 0.0007930 secs] 71530K->38547K(120960K), 0.0008230 secs] [Times: user=0.01 sys=0.00, real=0.00 secs] 
89.547: Total time for which application threads were stopped: 0.0009520 seconds, Stopping threads took: 0.0000700 seconds
89.628: Application time: 0.0819260 seconds
89.631: [GC89.631: [ParNew: 35135K->2118K(37568K), 0.0008420 secs] 71562K->38625K(120960K), 0.0008730 secs] [Times: user=0.01 sys=0.00, real=0.00 secs] 
89.632: Total time for which application threads were stopped: 0.0035970 seconds, Stopping threads took: 0.0026650 seconds
89.714: Application time: 0.0820190 seconds
89.714: [GC89.714: [ParNew: 35211K->2148K(37568K), 0.0008210 secs] 71718K->38711K(120960K), 0.0008540 secs] [Times: user=0.00 sys=0.00, real=0.00 secs] 
89.715: Total time for which application threads were stopped: 0.0009870 seconds, Stopping threads took: 0.0000650 seconds
89.797: Application time: 0.0817260 seconds
89.797: [GC89.797: [ParNew: 35321K->2148K(37568K), 0.0008700 secs] 71885K->38851K(120960K), 0.0009000 secs] [Times: user=0.01 sys=0.00, real=0.00 secs] 
89.798: Total time for which application threads were stopped: 0.0010470 seconds, Stopping threads took: 0.0000860 seconds
89.879: Application time: 0.0810560 seconds
89.879: [GC89.879: [ParNew: 35167K->1066K(37568K), 0.0005470 secs] 71870K->37897K(120960K), 0.0005740 secs] [Times: user=0.00 sys=0.00, real=0.00 secs] 
89.880: Total time for which application threads were stopped: 0.0007630 seconds, Stopping threads took: 0.0001170 seconds
89.961: Application time: 0.0808890 seconds
89.961: [GC89.961: [ParNew: 33998K->1064K(37568K), 0.0004640 secs] 70830K->37895K(120960K), 0.0004920 secs] [Times: user=0.00 sys=0.00, real=0.00 secs] 
89.961: Total time for which application threads were stopped: 0.0006020 seconds, Stopping threads took: 0.0000570 seconds
90.042: Application time: 0.0809950 seconds
90.042: [GC90.042: [ParNew: 34000K->554K(37568K), 0.0003850 secs] 70832K->37385K(120960K), 0.0004200 secs] [Times: user=0.00 sys=0.00, real=0.00 secs] 
90.043: Total time for which application threads were stopped: 0.0005300 seconds, Stopping threads took: 0.0000590 seconds
90.124: Application time: 0.0810780 seconds
90.124: [GC90.124: [ParNew: 33568K->580K(37568K), 0.0003900 secs] 70400K->37411K(120960K), 0.0004170 secs] [Times: user=0.01 sys=0.00, real=0.00 secs] 
90.124: Total time for which application threads were stopped: 0.0005780 seconds, Stopping threads took: 0.0001120 seconds
90.205: Application time: 0.0809790 seconds
90.205: [GC90.205: [ParNew: 33512K->580K(37568K), 0.0003610 secs] 70344K->37411K(120960K), 0.0003890 secs] [Times: user=0.01 sys=0.00, real=0.00 secs] 
90.206: Total time for which application threads were stopped: 0.0005040 seconds, Stopping threads took: 0.0000620 seconds
90.287: Application time: 0.0809540 seconds
90.287: [GC90.287: [ParNew: 33562K->632K(37568K), 0.0003960 secs] 70394K->37463K(120960K), 0.0004240 secs] [Times: user=0.00 sys=0.00, real=0.01 secs] 
90.287: Total time for which application threads were stopped: 0.0005930 seconds, Stopping threads took: 0.0001190 seconds
90.369: Application time: 0.0812080 seconds
90.369: [GC90.369: [ParNew: 33759K->668K(37568K), 0.0003770 secs] 70591K->37499K(120960K), 0.0004020 secs] [Times: user=0.00 sys=0.00, real=0.00 secs] 
90.369: Total time for which application threads were stopped: 0.0005160 seconds, Stopping threads took: 0.0000630 seconds
90.450: Application time: 0.0805990 seconds
90.450: [GC90.450: [ParNew: 33757K->1236K(37568K), 0.0004870 secs] 70588K->38068K(120960K), 0.0005140 secs] [Times: user=0.00 sys=0.00, real=0.00 secs] 
90.450: Total time for which application threads were stopped: 0.0006310 seconds, Stopping threads took: 0.0000510 seconds
90.532: Application time: 0.0813980 seconds
90.532: [GC90.532: [ParNew: 34329K->750K(37568K), 0.0004960 secs] 71161K->37582K(120960K), 0.0005240 secs] [Times: user=0.00 sys=0.00, real=0.00 secs] 
90.532: Total time for which application threads were stopped: 0.0006390 seconds, Stopping threads took: 0.0000620 seconds
90.613: Application time: 0.0807880 seconds
90.613: [GC90.613: [ParNew: 33682K->746K(37568K), 0.0005120 secs] 70514K->37578K(120960K), 0.0005400 secs] [Times: user=0.00 sys=0.00, real=0.00 secs] 
90.614: Total time for which application threads were stopped: 0.0006760 seconds, Stopping threads took: 0.0000830 seconds
90.695: Application time: 0.0810380 seconds
90.695: [GC90.695: [ParNew: 33680K->752K(37568K), 0.0004410 secs] 70512K->37584K(120960K), 0.0004700 secs] [Times: user=0.00 sys=0.01, real=0.01 secs] 
90.695: Total time for which application threads were stopped: 0.0005840 seconds, Stopping threads took: 0.0000600 seconds
90.776: Application time: 0.0809560 seconds
90.777: [GC90.777: [ParNew: 33765K->752K(37568K), 0.0004260 secs] 70596K->37584K(120960K), 0.0004530 secs] [Times: user=0.00 sys=0.00, real=0.00 secs] 
90.777: Total time for which application threads were stopped: 0.0005690 seconds, Stopping threads took: 0.0000620 seconds
90.858: Application time: 0.0814330 seconds
90.859: [GC90.859: [ParNew: 33684K->752K(37568K), 0.0019330 secs] 70516K->37584K(120960K), 0.0019630 secs] [Times: user=0.00 sys=0.00, real=0.00 secs] 
90.861: Total time for which application threads were stopped: 0.0020960 seconds, Stopping threads took: 0.0000800 seconds
90.941: Application time: 0.0807830 seconds
90.941: [GC90.941: [ParNew: 33730K->1748K(37568K), 0.0007310 secs] 70562K->38580K(120960K), 0.0007620 secs] [Times: user=0.00 sys=0.00, real=0.00 secs] 
90.942: Total time for which application threads were stopped: 0.0008900 seconds, Stopping threads took: 0.0000690 seconds
91.024: Application time: 0.0815120 seconds
91.024: [GC91.024: [ParNew: 34865K->1776K(37568K), 0.0007250 secs] 71697K->38608K(120960K), 0.0007570 secs] [Times: user=0.01 sys=0.00, real=0.00 secs] 
91.025: Total time for which application threads were stopped: 0.0009260 seconds, Stopping threads took: 0.0001030 seconds
91.106: Application time: 0.0812880 seconds
91.106: [GC91.106: [ParNew: 34873K->1776K(37568K), 0.0007110 secs] 71705K->38632K(120960K), 0.0007510 secs] [Times: user=0.01 sys=0.00, real=0.00 secs] 
91.107: Total time for which application threads were stopped: 0.0009550 seconds, Stopping threads took: 0.0001460 seconds
91.188: Application time: 0.0813570 seconds
91.188: [GC91.188: [ParNew: 34869K->1774K(37568K), 0.0008080 secs] 71725K->38630K(120960K), 0.0008360 secs] [Times: user=0.00 sys=0.00, real=0.00 secs] 
91.189: Total time for which application threads were stopped: 0.0009820 seconds, Stopping threads took: 0.0000880 seconds
91.271: Application time: 0.0818660 seconds
91.271: [GC91.271: [ParNew: 34707K->2284K(37568K), 0.0009530 secs] 71562K->39140K(120960K), 0.0009840 secs] [Times: user=0.00 sys=0.00, real=0.00 secs] 
91.272: Total time for which application threads were stopped: 0.0011060 seconds, Stopping threads took: 0.0000640 seconds
91.353: Application time: 0.0811270 seconds
91.353: [GC91.353: [ParNew: 35221K->1548K(37568K), 0.0007120 secs] 72076K->38672K(120960K), 0.0007410 secs] [Times: user=0.01 sys=0.00, real=0.00 secs] 
91.354: Total time for which application threads were stopped: 0.0008680 seconds, Stopping threads took: 0.0000690 seconds
91.435: Application time: 0.0809590 seconds
91.435: [GC91.435: [ParNew: 34559K->1576K(37568K), 0.0006290 secs] 71682K->38700K(120960K), 0.0006580 secs] [Times: user=0.00 sys=0.00, real=0.00 secs] 
91.436: Total time for which application threads were stopped: 0.0007830 seconds, Stopping threads took: 0.0000660 seconds
91.517: Application time: 0.0807810 seconds
91.517: [GC91.517: [ParNew: 34508K->1576K(37568K), 0.0006230 secs] 71632K->38700K(120960K), 0.0006510 secs] [Times: user=0.00 sys=0.00, real=0.00 secs] 
91.518: Total time for which application threads were stopped: 0.0007720 seconds, Stopping threads took: 0.0000650 seconds
91.599: Application time: 0.0813170 seconds
91.599: [GC91.599: [ParNew: 34508K->1578K(37568K), 0.0006720 secs] 71632K->38702K(120960K), 0.0006990 secs] [Times: user=0.00 sys=0.00, real=0.00 secs] 
91.600: Total time for which application threads were stopped: 0.0008280 seconds, Stopping threads took: 0.0000630 seconds
91.682: Application time: 0.0819630 seconds
91.682: [GC91.682: [ParNew: 34749K->1662K(37568K), 0.0006920 secs] 71873K->38786K(120960K), 0.0007220 secs] [Times: user=0.00 sys=0.00, real=0.00 secs] 
91.682: Total time for which application threads were stopped: 0.0008460 seconds, Stopping threads took: 0.0000670 seconds
91.764: Application time: 0.0813270 seconds
91.764: [GC91.764: [ParNew: 34755K->1206K(37568K), 0.0006160 secs] 71879K->38330K(120960K), 0.0006420 secs] [Times: user=0.01 sys=0.00, real=0.00 secs] 
91.765: Total time for which application threads were stopped: 0.0008280 seconds, Stopping threads took: 0.0001320 seconds
91.846: Application time: 0.0816080 seconds
91.846: [GC91.846: [ParNew: 34299K->1262K(37568K), 0.0006180 secs] 71423K->38386K(120960K), 0.0006460 secs] [Times: user=0.01 sys=0.00, real=0.00 secs] 
91.847: Total time for which application threads were stopped: 0.0007620 seconds, Stopping threads took: 0.0000600 seconds
91.929: Application time: 0.0822150 seconds
91.929: [GC91.929: [ParNew: 34194K->1264K(37568K), 0.0005750 secs] 71318K->38388K(120960K), 0.0006050 secs] [Times: user=0.00 sys=0.00, real=0.00 secs] 
91.930: Total time for which application threads were stopped: 0.0007290 seconds, Stopping threads took: 0.0000670 seconds
92.011: Application time: 0.0814240 seconds
92.011: [GC92.012: [ParNew: 34196K->1264K(37568K), 0.0005650 secs] 71320K->38388K(120960K), 0.0005920 secs] [Times: user=0.00 sys=0.00, real=0.00 secs] 
92.012: Total time for which application threads were stopped: 0.0007000 seconds, Stopping threads took: 0.0000530 seconds
92.093: Application time: 0.0809210 seconds
92.093: [GC92.093: [ParNew: 34275K->1264K(37568K), 0.0005590 secs] 71399K->38388K(120960K), 0.0005870 secs] [Times: user=0.00 sys=0.00, real=0.00 secs] 
92.094: Total time for which application threads were stopped: 0.0007260 seconds, Stopping threads took: 0.0000740 seconds
92.175: Application time: 0.0808770 seconds
92.175: [GC92.175: [ParNew: 34196K->1264K(37568K), 0.0005810 secs] 71320K->38388K(120960K), 0.0006090 secs] [Times: user=0.00 sys=0.00, real=0.01 secs] 
92.175: Total time for which application threads were stopped: 0.0007530 seconds, Stopping threads took: 0.0000770 seconds
92.257: Application time: 0.0815170 seconds
92.257: [GC92.257: [ParNew: 34201K->750K(37568K), 0.0004050 secs] 71324K->37874K(120960K), 0.0004310 secs] [Times: user=0.00 sys=0.00, real=0.00 secs] 
92.258: Total time for which application threads were stopped: 0.0006370 seconds, Stopping threads took: 0.0001540 seconds
92.338: Application time: 0.0809300 seconds
92.339: [GC92.339: [ParNew: 33919K->752K(37568K), 0.0004150 secs] 71043K->37876K(120960K), 0.0004390 secs] [Times: user=0.00 sys=0.00, real=0.00 secs] 
92.339: Total time for which application threads were stopped: 0.0005870 seconds, Stopping threads took: 0.0000940 seconds
92.420: Application time: 0.0808610 seconds
92.420: [GC92.420: [ParNew: 33843K->1264K(37568K), 0.0005770 secs] 70967K->38388K(120960K), 0.0006040 secs] [Times: user=0.00 sys=0.00, real=0.00 secs] 
92.421: Total time for which application threads were stopped: 0.0007290 seconds, Stopping threads took: 0.0000690 seconds
92.502: Application time: 0.0808530 seconds
92.503: [GC92.503: [ParNew: 34355K->1264K(37568K), 0.0005610 secs] 71479K->38388K(120960K), 0.0005880 secs] [Times: user=0.00 sys=0.00, real=0.00 secs] 
92.504: Total time for which application threads were stopped: 0.0023110 seconds, Stopping threads took: 0.0016680 seconds
92.585: Application time: 0.0815320 seconds
92.585: [GC92.585: [ParNew: 34192K->2288K(37568K), 0.0008920 secs] 71316K->39412K(120960K), 0.0009270 secs] [Times: user=0.00 sys=0.00, real=0.00 secs] 
92.586: Total time for which application threads were stopped: 0.0010770 seconds, Stopping threads took: 0.0000870 seconds
92.667: Application time: 0.0810490 seconds
92.668: [GC92.668: [ParNew: 35221K->2062K(37568K), 0.0009060 secs] 72345K->39454K(120960K), 0.0009360 secs] [Times: user=0.01 sys=0.00, real=0.00 secs] 
92.669: Total time for which application threads were stopped: 0.0010830 seconds, Stopping threads took: 0.0000870 seconds
92.750: Application time: 0.0815440 seconds
92.750: [GC92.750: [ParNew: 35077K->1580K(37568K), 0.0006570 secs] 72469K->38972K(120960K), 0.0006900 secs] [Times: user=0.00 sys=0.00, real=0.00 secs] 
92.751: Total time for which application threads were stopped: 0.0008250 seconds, Stopping threads took: 0.0000670 seconds
92.832: Application time: 0.0808950 seconds
92.832: [GC92.832: [ParNew: 34512K->1576K(37568K), 0.0006340 secs] 71904K->38968K(120960K), 0.0006600 secs] [Times: user=0.01 sys=0.00, real=0.00 secs] 
92.833: Total time for which application threads were stopped: 0.0008020 seconds, Stopping threads took: 0.0000850 seconds
92.913: Application time: 0.0806040 seconds
92.913: [GC92.913: [ParNew: 34506K->2088K(37568K), 0.0008000 secs] 71898K->39480K(120960K), 0.0008300 secs] [Times: user=0.01 sys=0.00, real=0.00 secs] 
92.914: Total time for which application threads were stopped: 0.0009470 seconds, Stopping threads took: 0.0000590 seconds
92.995: Application time: 0.0806090 seconds
92.995: [GC92.995: [ParNew: 35177K->2660K(37568K), 0.0010090 secs] 72569K->40052K(120960K), 0.0010430 secs] [Times: user=0.00 sys=0.00, real=0.01 secs] 
92.996: Total time for which application threads were stopped: 0.0011750 seconds, Stopping threads took: 0.0000700 seconds
93.080: Application time: 0.0835370 seconds
93.080: [GC93.080: [ParNew: 35920K->1152K(37568K), 0.0005500 secs] 73312K->38672K(120960K), 0.0005760 secs] [Times: user=0.01 sys=0.00, real=0.00 secs] 
93.080: Total time for which application threads were stopped: 0.0007080 seconds, Stopping threads took: 0.0000780 seconds
93.161: Application time: 0.0806560 seconds
93.161: [GC93.161: [ParNew: 34161K->1692K(37568K), 0.0006650 secs] 71681K->39212K(120960K), 0.0006940 secs] [Times: user=0.00 sys=0.00, real=0.00 secs] 
93.162: Total time for which application threads were stopped: 0.0008190 seconds, Stopping threads took: 0.0000610 seconds
93.243: Application time: 0.0814280 seconds
93.243: [GC93.243: [ParNew: 34624K->1692K(37568K), 0.0006860 secs] 72145K->39212K(120960K), 0.0007160 secs] [Times: user=0.00 sys=0.00, real=0.00 secs] 
93.244: Total time for which application threads were stopped: 0.0008360 seconds, Stopping threads took: 0.0000630 seconds
93.325: Application time: 0.0812070 seconds
93.325: [GC93.325: [ParNew: 34624K->1690K(37568K), 0.0006730 secs] 72145K->39210K(120960K), 0.0007000 secs] [Times: user=0.01 sys=0.00, real=0.00 secs] 
93.326: Total time for which application threads were stopped: 0.0008330 seconds, Stopping threads took: 0.0000670 seconds
93.407: Application time: 0.0813060 seconds
93.407: [GC93.407: [ParNew: 34701K->1720K(37568K), 0.0006940 secs] 72221K->39240K(120960K), 0.0007210 secs] [Times: user=0.01 sys=0.00, real=0.00 secs] 
93.408: Total time for which application threads were stopped: 0.0008450 seconds, Stopping threads took: 0.0000680 seconds
93.490: Application time: 0.0815170 seconds
93.490: [GC93.490: [ParNew: 34652K->1720K(37568K), 0.0006830 secs] 72173K->39240K(120960K), 0.0007130 secs] [Times: user=0.00 sys=0.00, real=0.00 secs] 
93.491: Total time for which application threads were stopped: 0.0008390 seconds, Stopping threads took: 0.0000680 seconds
93.572: Application time: 0.0815190 seconds
93.572: [GC93.572: [ParNew: 34733K->1748K(37568K), 0.0007080 secs] 72253K->39268K(120960K), 0.0007390 secs] [Times: user=0.01 sys=0.00, real=0.00 secs] 
93.573: Total time for which application threads were stopped: 0.0008640 seconds, Stopping threads took: 0.0000660 seconds
93.654: Application time: 0.0809360 seconds
93.654: [GC93.654: [ParNew: 34841K->1776K(37568K), 0.0007550 secs] 72361K->39296K(120960K), 0.0007840 secs] [Times: user=0.01 sys=0.00, real=0.00 secs] 
93.655: Total time for which application threads were stopped: 0.0008990 seconds, Stopping threads took: 0.0000560 seconds
93.737: Application time: 0.0819600 seconds
93.737: [GC93.737: [ParNew: 34867K->1776K(37568K), 0.0007010 secs] 72387K->39296K(120960K), 0.0007320 secs] [Times: user=0.01 sys=0.00, real=0.00 secs] 
93.738: Total time for which application threads were stopped: 0.0008570 seconds, Stopping threads took: 0.0000660 seconds
93.820: Application time: 0.0823840 seconds
93.820: [GC93.820: [ParNew: 34871K->1774K(37568K), 0.0007710 secs] 72392K->39294K(120960K), 0.0008010 secs] [Times: user=0.00 sys=0.00, real=0.00 secs] 
93.821: Total time for which application threads were stopped: 0.0009300 seconds, Stopping threads took: 0.0000690 seconds
93.902: Application time: 0.0811840 seconds
93.902: [GC93.902: [ParNew: 34709K->2286K(37568K), 0.0009000 secs] 72229K->39806K(120960K), 0.0009310 secs] [Times: user=0.01 sys=0.00, real=0.00 secs] 
93.903: Total time for which application threads were stopped: 0.0010760 seconds, Stopping threads took: 0.0000770 seconds
93.984: Application time: 0.0812460 seconds
93.985: [GC93.985: [ParNew: 35219K->2060K(37568K), 0.0009000 secs] 72739K->39848K(120960K), 0.0009310 secs] [Times: user=0.00 sys=0.00, real=0.00 secs] 
93.985: Total time for which application threads were stopped: 0.0010620 seconds, Stopping threads took: 0.0000720 seconds
94.067: Application time: 0.0814700 seconds
94.067: [GC94.067: [ParNew: 35073K->2090K(37568K), 0.0008430 secs] 72861K->39878K(120960K), 0.0008740 secs] [Times: user=0.01 sys=0.00, real=0.01 secs] 
94.068: Total time for which application threads were stopped: 0.0010020 seconds, Stopping threads took: 0.0000680 seconds
94.149: Application time: 0.0813670 seconds
94.149: [GC94.149: [ParNew: 35022K->2090K(37568K), 0.0008320 secs] 72811K->39878K(120960K), 0.0008620 secs] [Times: user=0.01 sys=0.00, real=0.00 secs] 
94.150: Total time for which application threads were stopped: 0.0009910 seconds, Stopping threads took: 0.0000690 seconds
94.232: Application time: 0.0812640 seconds
94.232: [GC94.232: [ParNew: 35183K->2148K(37568K), 0.0008910 secs] 72971K->39936K(120960K), 0.0009270 secs] [Times: user=0.00 sys=0.00, real=0.00 secs] 
94.233: Total time for which application threads were stopped: 0.0010510 seconds, Stopping threads took: 0.0000660 seconds
94.314: Application time: 0.0816560 seconds
94.314: [GC94.314: [ParNew: 35161K->2092K(37568K), 0.0008480 secs] 72949K->40016K(120960K), 0.0008790 secs] [Times: user=0.00 sys=0.00, real=0.01 secs] 
94.315: Total time for which application threads were stopped: 0.0010080 seconds, Stopping threads took: 0.0000710 seconds
94.396: Application time: 0.0811480 seconds
94.397: [GC94.397: [ParNew: 35183K->2148K(37568K), 0.0008070 secs] 73108K->40073K(120960K), 0.0008360 secs] [Times: user=0.00 sys=0.00, real=0.00 secs] 
94.397: Total time for which application threads were stopped: 0.0009680 seconds, Stopping threads took: 0.0000730 seconds
94.481: Application time: 0.0832600 seconds
94.481: [GC94.481: [ParNew: 35239K->2118K(37568K), 0.0008740 secs] 73164K->40179K(120960K), 0.0009070 secs] [Times: user=0.00 sys=0.00, real=0.00 secs] 
94.482: Total time for which application threads were stopped: 0.0010690 seconds, Stopping threads took: 0.0000910 seconds
94.562: Application time: 0.0800730 seconds
94.562: [GC94.562: [ParNew: 35050K->2058K(37568K), 0.0008110 secs] 73111K->40230K(120960K), 0.0008410 secs] [Times: user=0.01 sys=0.00, real=0.00 secs] 
94.563: Total time for which application threads were stopped: 0.0009750 seconds, Stopping threads took: 0.0000740 seconds
94.644: Application time: 0.0808790 seconds
94.644: [GC94.644: [ParNew: 34990K->2058K(37568K), 0.0008100 secs] 73163K->40230K(120960K), 0.0008400 secs] [Times: user=0.01 sys=0.00, real=0.00 secs] 
94.645: Total time for which application threads were stopped: 0.0009680 seconds, Stopping threads took: 0.0000700 seconds
94.727: Application time: 0.0821430 seconds
94.727: [GC94.727: [ParNew: 35070K->2090K(37568K), 0.0008630 secs] 73243K->40263K(120960K), 0.0008940 secs] [Times: user=0.00 sys=0.00, real=0.01 secs] 
94.728: Total time for which application threads were stopped: 0.0010240 seconds, Stopping threads took: 0.0000720 seconds
94.809: Application time: 0.0814120 seconds
94.809: [GC94.809: [ParNew: 35022K->2088K(37568K), 0.0007810 secs] 73195K->40261K(120960K), 0.0008130 secs] [Times: user=0.01 sys=0.00, real=0.00 secs] 
94.810: Total time for which application threads were stopped: 0.0009500 seconds, Stopping threads took: 0.0000770 seconds
94.891: Application time: 0.0808150 seconds
94.891: [GC94.891: [ParNew: 35181K->2148K(37568K), 0.0008280 secs] 73354K->40321K(120960K), 0.0008550 secs] [Times: user=0.01 sys=0.00, real=0.00 secs] 
94.892: Total time for which application threads were stopped: 0.0009940 seconds, Stopping threads took: 0.0000800 seconds
94.973: Application time: 0.0809480 seconds
94.973: [GC94.973: [ParNew: 35161K->2088K(37568K), 0.0008660 secs] 73333K->40397K(120960K), 0.0008960 secs] [Times: user=0.01 sys=0.00, real=0.00 secs] 
94.974: Total time for which application threads were stopped: 0.0010270 seconds, Stopping threads took: 0.0000730 seconds
95.054: Application time: 0.0799460 seconds
95.054: [GC95.054: [ParNew: 35177K->2660K(37568K), 0.0010600 secs] 73486K->40969K(120960K), 0.0010940 secs] [Times: user=0.00 sys=0.01, real=0.01 secs] 
95.055: Total time for which application threads were stopped: 0.0012690 seconds, Stopping threads took: 0.0001040 seconds
95.138: Application time: 0.0832990 seconds
95.139: [GC95.139: [ParNew: 35759K->1604K(37568K), 0.0007490 secs] 74068K->40045K(120960K), 0.0007800 secs] [Times: user=0.00 sys=0.00, real=0.00 secs] 
95.139: Total time for which application threads were stopped: 0.0009360 seconds, Stopping threads took: 0.0000990 seconds
95.221: Application time: 0.0817740 seconds
95.221: [GC95.221: [ParNew: 34536K->1604K(37568K), 0.0007510 secs] 72977K->40045K(120960K), 0.0007800 secs] [Times: user=0.00 sys=0.00, real=0.00 secs] 
95.222: Total time for which application threads were stopped: 0.0009030 seconds, Stopping threads took: 0.0000660 seconds
95.303: Application time: 0.0812820 seconds
95.303: [GC95.304: [ParNew: 34536K->1608K(37568K), 0.0007210 secs] 72977K->40049K(120960K), 0.0007590 secs] [Times: user=0.00 sys=0.00, real=0.00 secs] 
95.304: Total time for which application threads were stopped: 0.0008730 seconds, Stopping threads took: 0.0000560 seconds
95.386: Application time: 0.0812790 seconds
95.386: [GC95.386: [ParNew: 34623K->1124K(37568K), 0.0005260 secs] 73064K->39565K(120960K), 0.0005540 secs] [Times: user=0.01 sys=0.00, real=0.00 secs] 
95.386: Total time for which application threads were stopped: 0.0006870 seconds, Stopping threads took: 0.0000790 seconds
95.467: Application time: 0.0803320 seconds
95.467: [GC95.467: [ParNew: 34056K->1124K(37568K), 0.0005280 secs] 72497K->39565K(120960K), 0.0005580 secs] [Times: user=0.00 sys=0.00, real=0.01 secs] 
95.467: Total time for which application threads were stopped: 0.0006790 seconds, Stopping threads took: 0.0000670 seconds
95.548: Application time: 0.0805600 seconds
95.548: [GC95.548: [ParNew: 34217K->1692K(37568K), 0.0006670 secs] 72658K->40133K(120960K), 0.0006940 secs] [Times: user=0.00 sys=0.00, real=0.00 secs] 
95.549: Total time for which application threads were stopped: 0.0009140 seconds, Stopping threads took: 0.0001650 seconds
95.630: Application time: 0.0814430 seconds
95.630: [GC95.630: [ParNew: 34703K->1720K(37568K), 0.0007320 secs] 73144K->40161K(120960K), 0.0007610 secs] [Times: user=0.01 sys=0.00, real=0.00 secs] 
95.631: Total time for which application threads were stopped: 0.0009040 seconds, Stopping threads took: 0.0000710 seconds
95.712: Application time: 0.0810420 seconds
95.712: [GC95.712: [ParNew: 34811K->1776K(37568K), 0.0006930 secs] 73252K->40217K(120960K), 0.0007230 secs] [Times: user=0.01 sys=0.00, real=0.00 secs] 
95.713: Total time for which application threads were stopped: 0.0008450 seconds, Stopping threads took: 0.0000590 seconds
95.794: Application time: 0.0810550 seconds
95.794: [GC95.794: [ParNew: 34865K->2288K(37568K), 0.0008920 secs] 73306K->40729K(120960K), 0.0009240 secs] [Times: user=0.01 sys=0.00, real=0.00 secs] 
95.795: Total time for which application threads were stopped: 0.0010540 seconds, Stopping threads took: 0.0000610 seconds
95.876: Application time: 0.0810040 seconds
95.876: [GC95.876: [ParNew: 35221K->2060K(37568K), 0.0024140 secs] 73662K->40773K(120960K), 0.0024510 secs] [Times: user=0.00 sys=0.00, real=0.00 secs] 
95.879: Total time for which application threads were stopped: 0.0025820 seconds, Stopping threads took: 0.0000680 seconds
95.960: Application time: 0.0811640 seconds
95.960: [GC95.960: [ParNew: 34996K->1544K(37568K), 0.0006500 secs] 73710K->40257K(120960K), 0.0006790 secs] [Times: user=0.01 sys=0.00, real=0.00 secs] 
95.961: Total time for which application threads were stopped: 0.0008170 seconds, Stopping threads took: 0.0000820 seconds
96.042: Application time: 0.0816530 seconds
96.042: [GC96.042: [ParNew: 34554K->2090K(37568K), 0.0007760 secs] 73268K->40803K(120960K), 0.0008060 secs] [Times: user=0.00 sys=0.00, real=0.00 secs] 
96.043: Total time for which application threads were stopped: 0.0009390 seconds, Stopping threads took: 0.0000750 seconds
96.124: Application time: 0.0810480 seconds
96.124: [GC96.124: [ParNew: 35022K->2088K(37568K), 0.0008420 secs] 73736K->40801K(120960K), 0.0008720 secs] [Times: user=0.01 sys=0.00, real=0.00 secs] 
96.125: Total time for which application threads were stopped: 0.0010000 seconds, Stopping threads took: 0.0000680 seconds
96.206: Application time: 0.0808380 seconds
96.206: [GC96.206: [ParNew: 35181K->2148K(37568K), 0.0008190 secs] 73894K->40861K(120960K), 0.0008490 secs] [Times: user=0.00 sys=0.00, real=0.01 secs] 
96.207: Total time for which application threads were stopped: 0.0009780 seconds, Stopping threads took: 0.0000650 seconds
96.287: Application time: 0.0800350 seconds
96.287: [GC96.287: [ParNew: 35078K->2570K(37568K), 0.0011070 secs] 73792K->41403K(120960K), 0.0011400 secs] [Times: user=0.00 sys=0.00, real=0.00 secs] 
96.288: Total time for which application threads were stopped: 0.0012760 seconds, Stopping threads took: 0.0000740 seconds
96.370: Application time: 0.0815130 seconds
96.370: [GC96.370: [ParNew: 35741K->2660K(37568K), 0.0010420 secs] 74575K->41493K(120960K), 0.0010830 secs] [Times: user=0.00 sys=0.00, real=0.00 secs] 
96.371: Total time for which application threads were stopped: 0.0012130 seconds, Stopping threads took: 0.0000680 seconds
96.452: Application time: 0.0808670 seconds
96.452: [GC96.452: [ParNew: 35751K->3142K(37568K), 0.0011510 secs] 74584K->42095K(120960K), 0.0011830 secs] [Times: user=0.01 sys=0.00, real=0.00 secs] 
96.453: Total time for which application threads were stopped: 0.0013080 seconds, Stopping threads took: 0.0000640 seconds
96.540: Application time: 0.0863090 seconds
96.540: [GC96.540: [ParNew: 36095K->1034K(37568K), 0.0004900 secs] 75048K->40091K(120960K), 0.0005180 secs] [Times: user=0.00 sys=0.00, real=0.00 secs] 
96.540: Total time for which application threads were stopped: 0.0006390 seconds, Stopping threads took: 0.0000670 seconds
96.621: Application time: 0.0811140 seconds
96.622: [GC96.622: [ParNew: 33966K->1034K(37568K), 0.0005090 secs] 73024K->40091K(120960K), 0.0005380 secs] [Times: user=0.01 sys=0.00, real=0.00 secs] 
96.622: Total time for which application threads were stopped: 0.0006570 seconds, Stopping threads took: 0.0000650 seconds
96.703: Application time: 0.0808760 seconds
96.703: [GC96.703: [ParNew: 34042K->1580K(37568K), 0.0006630 secs] 73100K->40637K(120960K), 0.0006900 secs] [Times: user=0.00 sys=0.00, real=0.00 secs] 
96.704: Total time for which application threads were stopped: 0.0008380 seconds, Stopping threads took: 0.0000860 seconds
96.785: Application time: 0.0811960 seconds
96.785: [GC96.785: [ParNew: 34510K->2088K(37568K), 0.0008550 secs] 73568K->41145K(120960K), 0.0008820 secs] [Times: user=0.00 sys=0.00, real=0.00 secs] 
96.786: Total time for which application threads were stopped: 0.0010210 seconds, Stopping threads took: 0.0000760 seconds
96.867: Application time: 0.0813430 seconds
96.868: [GC96.868: [ParNew: 35185K->1634K(37568K), 0.0007550 secs] 74242K->40691K(120960K), 0.0007820 secs] [Times: user=0.00 sys=0.00, real=0.00 secs] 
96.868: Total time for which application threads were stopped: 0.0010380 seconds, Stopping threads took: 0.0002020 seconds
96.949: Application time: 0.0806170 seconds
96.949: [GC96.949: [ParNew: 34647K->1664K(37568K), 0.0006920 secs] 73704K->40721K(120960K), 0.0007220 secs] [Times: user=0.01 sys=0.00, real=0.00 secs] 
96.950: Total time for which application threads were stopped: 0.0008380 seconds, Stopping threads took: 0.0000590 seconds
97.031: Application time: 0.0810900 seconds
97.031: [GC97.031: [ParNew: 34753K->1718K(37568K), 0.0008060 secs] 73810K->40776K(120960K), 0.0008360 secs] [Times: user=0.00 sys=0.00, real=0.00 secs] 
97.032: Total time for which application threads were stopped: 0.0009900 seconds, Stopping threads took: 0.0000900 seconds
97.113: Application time: 0.0812900 seconds
97.113: [GC97.113: [ParNew: 34811K->2288K(37568K), 0.0008900 secs] 73869K->41346K(120960K), 0.0009230 secs] [Times: user=0.01 sys=0.00, real=0.00 secs] 
97.114: Total time for which application threads were stopped: 0.0010500 seconds, Stopping threads took: 0.0000650 seconds
97.195: Application time: 0.0811230 seconds
97.196: [GC97.196: [ParNew: 35225K->1546K(37568K), 0.0007370 secs] 74282K->40876K(120960K), 0.0007670 secs] [Times: user=0.00 sys=0.00, real=0.00 secs] 
97.196: Total time for which application threads were stopped: 0.0009980 seconds, Stopping threads took: 0.0001710 seconds
97.278: Application time: 0.0819000 seconds
97.278: [GC97.278: [ParNew: 34482K->1032K(37568K), 0.0005090 secs] 73812K->40362K(120960K), 0.0005370 secs] [Times: user=0.00 sys=0.00, real=0.00 secs] 
97.279: Total time for which application threads were stopped: 0.0006530 seconds, Stopping threads took: 0.0000610 seconds
97.361: Application time: 0.0824350 seconds
97.363: [GC97.363: [ParNew: 34044K->1058K(37568K), 0.0008090 secs] 73374K->40388K(120960K), 0.0008530 secs] [Times: user=0.00 sys=0.00, real=0.00 secs] 
97.364: Total time for which application threads were stopped: 0.0026950 seconds, Stopping threads took: 0.0017420 seconds
97.450: Application time: 0.0857800 seconds
97.450: [GC97.450: [ParNew: 33992K->2602K(37568K), 0.0010080 secs] 73322K->41932K(120960K), 0.0010400 secs] [Times: user=0.00 sys=0.01, real=0.00 secs] 
97.451: Total time for which application threads were stopped: 0.0011550 seconds, Stopping threads took: 0.0000540 seconds
97.532: Application time: 0.0810440 seconds
97.532: [GC97.532: [ParNew: 35615K->2602K(37568K), 0.0010700 secs] 74945K->42004K(120960K), 0.0011040 secs] [Times: user=0.01 sys=0.00, real=0.00 secs] 
97.533: Total time for which application threads were stopped: 0.0012430 seconds, Stopping threads took: 0.0000750 seconds
97.615: Application time: 0.0817280 seconds
97.615: [GC97.615: [ParNew: 35775K->2660K(37568K), 0.0010780 secs] 75177K->42134K(120960K), 0.0011080 secs] [Times: user=0.00 sys=0.00, real=0.00 secs] 
97.616: Total time for which application threads were stopped: 0.0012690 seconds, Stopping threads took: 0.0001010 seconds
97.698: Application time: 0.0819090 seconds
97.698: [GC97.698: [ParNew: 35671K->2604K(37568K), 0.0010320 secs] 75145K->42206K(120960K), 0.0010640 secs] [Times: user=0.01 sys=0.00, real=0.00 secs] 
97.699: Total time for which application threads were stopped: 0.0012110 seconds, Stopping threads took: 0.0000860 seconds
97.781: Application time: 0.0810950 seconds
97.781: [GC97.781: [ParNew: 35693K->2632K(37568K), 0.0010030 secs] 75295K->42298K(120960K), 0.0010350 secs] [Times: user=0.01 sys=0.00, real=0.00 secs] 
97.782: Total time for which application threads were stopped: 0.0011730 seconds, Stopping threads took: 0.0000740 seconds
97.862: Application time: 0.0804340 seconds
97.862: [GC97.862: [ParNew: 35564K->2572K(37568K), 0.0010430 secs] 75231K->42350K(120960K), 0.0010750 secs] [Times: user=0.00 sys=0.00, real=0.00 secs] 
97.863: Total time for which application threads were stopped: 0.0012180 seconds, Stopping threads took: 0.0000820 seconds
97.944: Application time: 0.0803180 seconds
97.944: [GC97.944: [ParNew: 35504K->2570K(37568K), 0.0010330 secs] 75282K->42348K(120960K), 0.0010640 secs] [Times: user=0.01 sys=0.00, real=0.00 secs] 
97.945: Total time for which application threads were stopped: 0.0012170 seconds, Stopping threads took: 0.0000810 seconds
98.026: Application time: 0.0806860 seconds
98.026: [GC98.026: [ParNew: 35581K->2602K(37568K), 0.0010060 secs] 75359K->42380K(120960K), 0.0010390 secs] [Times: user=0.01 sys=0.00, real=0.00 secs] 
98.027: Total time for which application threads were stopped: 0.0012000 seconds, Stopping threads took: 0.0000990 seconds
98.107: Application time: 0.0806530 seconds
98.108: [GC98.108: [ParNew: 35534K->2570K(37568K), 0.0009910 secs] 75313K->42420K(120960K), 0.0010210 secs] [Times: user=0.00 sys=0.00, real=0.00 secs] 
98.109: Total time for which application threads were stopped: 0.0011430 seconds, Stopping threads took: 0.0000620 seconds
98.189: Application time: 0.0802790 seconds
98.189: [GC98.189: [ParNew: 35583K->2600K(37568K), 0.0009370 secs] 75433K->42450K(120960K), 0.0009660 secs] [Times: user=0.00 sys=0.00, real=0.00 secs] 
98.190: Total time for which application threads were stopped: 0.0011110 seconds, Stopping threads took: 0.0000850 seconds
98.271: Application time: 0.0810490 seconds
98.271: [GC98.271: [ParNew: 35773K->2660K(37568K), 0.0010520 secs] 75623K->42582K(120960K), 0.0010850 secs] [Times: user=0.01 sys=0.00, real=0.00 secs] 
98.272: Total time for which application threads were stopped: 0.0012290 seconds, Stopping threads took: 0.0000830 seconds
98.355: Application time: 0.0822660 seconds
98.355: [GC98.355: [ParNew: 35677K->2092K(37568K), 0.0008760 secs] 75599K->42146K(120960K), 0.0009070 secs] [Times: user=0.00 sys=0.00, real=0.01 secs] 
98.356: Total time for which application threads were stopped: 0.0011460 seconds, Stopping threads took: 0.0001800 seconds
98.437: Application time: 0.0817640 seconds
98.438: [GC98.438: [ParNew: 35187K->1630K(37568K), 0.0008460 secs] 75241K->41684K(120960K), 0.0008760 secs] [Times: user=0.00 sys=0.00, real=0.00 secs] 
98.438: Total time for which application threads were stopped: 0.0010260 seconds, Stopping threads took: 0.0000820 seconds
98.520: Application time: 0.0811700 seconds
98.520: [GC98.520: [ParNew: 34560K->2146K(37568K), 0.0009000 secs] 74615K->42200K(120960K), 0.0009320 secs] [Times: user=0.00 sys=0.00, real=0.00 secs] 
98.521: Total time for which application threads were stopped: 0.0011180 seconds, Stopping threads took: 0.0001180 seconds
98.602: Application time: 0.0817140 seconds
98.603: [GC98.603: [ParNew: 35076K->2060K(37568K), 0.0008460 secs] 75131K->42254K(120960K), 0.0008760 secs] [Times: user=0.00 sys=0.00, real=0.00 secs] 
98.603: Total time for which application threads were stopped: 0.0010040 seconds, Stopping threads took: 0.0000690 seconds
98.685: Application time: 0.0814690 seconds
98.685: [GC98.685: [ParNew: 35071K->2602K(37568K), 0.0009660 secs] 75265K->42796K(120960K), 0.0010000 secs] [Times: user=0.00 sys=0.00, real=0.00 secs] 
98.686: Total time for which application threads were stopped: 0.0011370 seconds, Stopping threads took: 0.0000700 seconds
98.766: Application time: 0.0798790 seconds
98.766: [GC98.766: [ParNew: 35534K->2572K(37568K), 0.0010370 secs] 75729K->42830K(120960K), 0.0010680 secs] [Times: user=0.01 sys=0.00, real=0.01 secs] 
98.767: Total time for which application threads were stopped: 0.0012220 seconds, Stopping threads took: 0.0000940 seconds
98.848: Application time: 0.0812230 seconds
98.849: [GC98.849: [ParNew: 35585K->2604K(37568K), 0.0010020 secs] 75843K->42862K(120960K), 0.0010320 secs] [Times: user=0.01 sys=0.00, real=0.00 secs] 
98.850: Total time for which application threads were stopped: 0.0011630 seconds, Stopping threads took: 0.0000700 seconds
98.930: Application time: 0.0807520 seconds
98.930: [GC98.930: [ParNew: 35775K->2660K(37568K), 0.0010550 secs] 76034K->42990K(120960K), 0.0010890 secs] [Times: user=0.01 sys=0.00, real=0.00 secs] 
98.932: Total time for which application threads were stopped: 0.0012090 seconds, Stopping threads took: 0.0000580 seconds
99.013: Application time: 0.0810410 seconds
99.013: [GC99.013: [ParNew: 35669K->3114K(37568K), 0.0013150 secs] 75999K->43564K(120960K), 0.0013470 secs] [Times: user=0.01 sys=0.00, real=0.00 secs] 
99.014: Total time for which application threads were stopped: 0.0014800 seconds, Stopping threads took: 0.0000680 seconds
99.095: Application time: 0.0811550 seconds
99.095: [GC99.095: [ParNew: 36203K->3140K(37568K), 0.0013080 secs] 76654K->43654K(120960K), 0.0013420 secs] [Times: user=0.00 sys=0.00, real=0.00 secs] 
99.097: Total time for which application threads were stopped: 0.0015040 seconds, Stopping threads took: 0.0000900 seconds
99.178: Application time: 0.0813180 seconds
99.178: [GC99.178: [ParNew: 36077K->2572K(37568K), 0.0010300 secs] 76591K->43186K(120960K), 0.0010620 secs] [Times: user=0.01 sys=0.00, real=0.00 secs] 
99.179: Total time for which application threads were stopped: 0.0012580 seconds, Stopping threads took: 0.0001340 seconds
99.260: Application time: 0.0810220 seconds
99.260: [GC99.260: [ParNew: 35504K->2572K(37568K), 0.0010360 secs] 76119K->43186K(120960K), 0.0010680 secs] [Times: user=0.01 sys=0.00, real=0.00 secs] 
99.262: Total time for which application threads were stopped: 0.0012030 seconds, Stopping threads took: 0.0000730 seconds
99.343: Application time: 0.0817370 seconds
99.343: [GC99.343: [ParNew: 35589K->2088K(37568K), 0.0008570 secs] 76203K->42702K(120960K), 0.0008880 secs] [Times: user=0.01 sys=0.00, real=0.00 secs] 
99.344: Total time for which application threads were stopped: 0.0010110 seconds, Stopping threads took: 0.0000650 seconds
99.425: Application time: 0.0809420 seconds
99.425: [GC99.425: [ParNew: 35022K->2090K(37568K), 0.0008300 secs] 75637K->42704K(120960K), 0.0008600 secs] [Times: user=0.01 sys=0.00, real=0.00 secs] 
99.426: Total time for which application threads were stopped: 0.0009940 seconds, Stopping threads took: 0.0000760 seconds
99.508: Application time: 0.0817520 seconds
99.508: [GC99.508: [ParNew: 35185K->1634K(37568K), 0.0007900 secs] 75800K->42249K(120960K), 0.0008290 secs] [Times: user=0.00 sys=0.00, real=0.00 secs] 
99.509: Total time for which application threads were stopped: 0.0009480 seconds, Stopping threads took: 0.0000610 seconds
99.590: Application time: 0.0814330 seconds
99.590: [GC99.591: [ParNew: 34727K->1690K(37568K), 0.0007370 secs] 75341K->42305K(120960K), 0.0007670 secs] [Times: user=0.00 sys=0.00, real=0.00 secs] 
99.591: Total time for which application threads were stopped: 0.0008910 seconds, Stopping threads took: 0.0000640 seconds
99.671: Application time: 0.0801610 seconds
99.672: [GC99.672: [ParNew: 34699K->2232K(37568K), 0.0009080 secs] 75313K->42847K(120960K), 0.0009380 secs] [Times: user=0.01 sys=0.00, real=0.00 secs] 
99.673: Total time for which application threads were stopped: 0.0010980 seconds, Stopping threads took: 0.0000890 seconds
99.753: Application time: 0.0802290 seconds
99.753: [GC99.753: [ParNew: 35321K->2148K(37568K), 0.0008860 secs] 75936K->42947K(120960K), 0.0009220 secs] [Times: user=0.01 sys=0.00, real=0.00 secs] 
99.754: Total time for which application threads were stopped: 0.0010740 seconds, Stopping threads took: 0.0000910 seconds
99.835: Application time: 0.0806600 seconds
99.835: [GC99.835: [ParNew: 35080K->2058K(37568K), 0.0008680 secs] 75879K->42985K(120960K), 0.0008990 secs] [Times: user=0.01 sys=0.00, real=0.01 secs] 
99.836: Total time for which application threads were stopped: 0.0010450 seconds, Stopping threads took: 0.0000860 seconds
99.917: Application time: 0.0813030 seconds
99.917: [GC99.917: [ParNew: 34994K->1546K(37568K), 0.0007120 secs] 75921K->42473K(120960K), 0.0007400 secs] [Times: user=0.00 sys=0.00, real=0.00 secs] 
99.918: Total time for which application threads were stopped: 0.0009090 seconds, Stopping threads took: 0.0001120 seconds
99.999: Application time: 0.0809900 seconds
99.999: [GC99.999: [ParNew: 34558K->1578K(37568K), 0.0006290 secs] 75485K->42505K(120960K), 0.0006590 secs] [Times: user=0.00 sys=0.00, real=0.00 secs] 
100.000: Total time for which application threads were stopped: 0.0007790 seconds, Stopping threads took: 0.0000610 seconds
100.081: Application time: 0.0812590 seconds
100.081: [GC100.081: [ParNew: 34514K->1062K(37568K), 0.0005490 secs] 75441K->41989K(120960K), 0.0005780 secs] [Times: user=0.01 sys=0.00, real=0.00 secs] 
100.082: Total time for which application threads were stopped: 0.0007170 seconds, Stopping threads took: 0.0000830 seconds
100.163: Application time: 0.0817990 seconds
100.163: [GC100.163: [ParNew: 34155K->1124K(37568K), 0.0004700 secs] 75082K->42051K(120960K), 0.0004970 secs] [Times: user=0.01 sys=0.00, real=0.00 secs] 
100.164: Total time for which application threads were stopped: 0.0006100 seconds, Stopping threads took: 0.0000590 seconds
100.245: Application time: 0.0814070 seconds
100.245: [GC100.245: [ParNew: 34215K->1178K(37568K), 0.0005970 secs] 75142K->42105K(120960K), 0.0006260 secs] [Times: user=0.00 sys=0.00, real=0.00 secs] 
100.246: Total time for which application threads were stopped: 0.0007660 seconds, Stopping threads took: 0.0000760 seconds
100.326: Application time: 0.0800660 seconds
100.326: [GC100.326: [ParNew: 34195K->1206K(37568K), 0.0006470 secs] 75122K->42133K(120960K), 0.0006750 secs] [Times: user=0.00 sys=0.00, real=0.00 secs] 
100.327: Total time for which application threads were stopped: 0.0008000 seconds, Stopping threads took: 0.0000710 seconds
100.408: Application time: 0.0813510 seconds
100.408: [GC100.408: [ParNew: 34295K->1776K(37568K), 0.0007240 secs] 75222K->42703K(120960K), 0.0007530 secs] [Times: user=0.01 sys=0.00, real=0.00 secs] 
100.409: Total time for which application threads were stopped: 0.0008690 seconds, Stopping threads took: 0.0000600 seconds
100.490: Application time: 0.0812620 seconds
100.491: [GC100.491: [ParNew: 34707K->1776K(37568K), 0.0007360 secs] 75633K->42703K(120960K), 0.0007650 secs] [Times: user=0.01 sys=0.00, real=0.00 secs] 
100.491: Total time for which application threads were stopped: 0.0009160 seconds, Stopping threads took: 0.0000940 seconds
100.573: Application time: 0.0813050 seconds
100.573: [GC100.573: [ParNew: 34713K->1776K(37568K), 0.0007140 secs] 75640K->42703K(120960K), 0.0007510 secs] [Times: user=0.00 sys=0.00, real=0.00 secs] 
100.574: Total time for which application threads were stopped: 0.0008810 seconds, Stopping threads took: 0.0000740 seconds
100.655: Application time: 0.0812070 seconds
100.655: [GC100.655: [ParNew: 34787K->1776K(37568K), 0.0007440 secs] 75714K->42703K(120960K), 0.0007740 secs] [Times: user=0.01 sys=0.00, real=0.01 secs] 
100.656: Total time for which application threads were stopped: 0.0009030 seconds, Stopping threads took: 0.0000690 seconds
100.736: Application time: 0.0801460 seconds
100.736: [GC100.736: [ParNew: 34707K->2286K(37568K), 0.0009730 secs] 75634K->43213K(120960K), 0.0010030 secs] [Times: user=0.01 sys=0.00, real=0.00 secs] 
100.737: Total time for which application threads were stopped: 0.0012580 seconds, Stopping threads took: 0.0001950 seconds
100.818: Application time: 0.0812080 seconds
100.818: [GC100.818: [ParNew: 35297K->2632K(37568K), 0.0010870 secs] 76224K->43775K(120960K), 0.0011190 secs] [Times: user=0.01 sys=0.00, real=0.00 secs] 
100.820: Total time for which application threads were stopped: 0.0012760 seconds, Stopping threads took: 0.0000870 seconds
100.900: Application time: 0.0801730 seconds
100.900: [GC100.900: [ParNew: 35725K->2630K(37568K), 0.0010270 secs] 76868K->43885K(120960K), 0.0016170 secs] [Times: user=0.00 sys=0.00, real=0.00 secs] 
100.902: Total time for which application threads were stopped: 0.0017440 seconds, Stopping threads took: 0.0000620 seconds
100.982: Application time: 0.0808850 seconds
100.982: [GC100.983: [ParNew: 35723K->2628K(37568K), 0.0011120 secs] 76978K->43979K(120960K), 0.0011450 secs] [Times: user=0.01 sys=0.00, real=0.00 secs] 
100.984: Total time for which application threads were stopped: 0.0012740 seconds, Stopping threads took: 0.0000670 seconds
101.065: Application time: 0.0809940 seconds
101.065: [GC101.065: [ParNew: 35717K->3142K(37568K), 0.0011420 secs] 77068K->44597K(120960K), 0.0011750 secs] [Times: user=0.00 sys=0.00, real=0.00 secs] 
101.066: Total time for which application threads were stopped: 0.0013120 seconds, Stopping threads took: 0.0000750 seconds
101.148: Application time: 0.0818810 seconds
101.148: [GC101.148: [ParNew: 36074K->3084K(37568K), 0.0011890 secs] 77530K->44655K(120960K), 0.0012210 secs] [Times: user=0.01 sys=0.00, real=0.00 secs] 
101.149: Total time for which application threads were stopped: 0.0013720 seconds, Stopping threads took: 0.0000890 seconds
101.229: Application time: 0.0801730 seconds
101.230: [GC101.230: [ParNew: 36016K->3084K(37568K), 0.0012940 secs] 77588K->44655K(120960K), 0.0013240 secs] [Times: user=0.01 sys=0.00, real=0.00 secs] 
101.231: Total time for which application threads were stopped: 0.0014820 seconds, Stopping threads took: 0.0000990 seconds
101.314: Application time: 0.0827810 seconds
101.314: [GC101.314: [ParNew: 36101K->2604K(37568K), 0.0010840 secs] 77672K->44175K(120960K), 0.0011160 secs] [Times: user=0.01 sys=0.00, real=0.00 secs] 
101.315: Total time for which application threads were stopped: 0.0012560 seconds, Stopping threads took: 0.0000780 seconds
101.396: Application time: 0.0811440 seconds
101.396: [GC101.396: [ParNew: 35534K->3084K(37568K), 0.0010780 secs] 77106K->44711K(120960K), 0.0011090 secs] [Times: user=0.00 sys=0.00, real=0.00 secs] 
101.397: Total time for which application threads were stopped: 0.0012490 seconds, Stopping threads took: 0.0000730 seconds
101.477: Application time: 0.0800460 seconds
101.477: [GC101.478: [ParNew: 36097K->3116K(37568K), 0.0012260 secs] 77724K->44743K(120960K), 0.0012600 secs] [Times: user=0.01 sys=0.00, real=0.00 secs] 
101.479: Total time for which application threads were stopped: 0.0014080 seconds, Stopping threads took: 0.0000860 seconds
101.560: Application time: 0.0814030 seconds
101.560: [GC101.560: [ParNew: 36207K->3144K(37568K), 0.0011720 secs] 77835K->44835K(120960K), 0.0012070 secs] [Times: user=0.01 sys=0.00, real=0.00 secs] 
101.562: Total time for which application threads were stopped: 0.0013400 seconds, Stopping threads took: 0.0000600 seconds
101.644: Application time: 0.0824150 seconds
101.644: [GC101.644: [ParNew: 36237K->3144K(37568K), 0.0011950 secs] 77929K->44939K(120960K), 0.0012300 secs] [Times: user=0.01 sys=0.00, real=0.00 secs] 
101.645: Total time for which application threads were stopped: 0.0013570 seconds, Stopping threads took: 0.0000620 seconds
101.725: Application time: 0.0800750 seconds
101.725: [GC101.726: [ParNew: 36235K->3142K(37568K), 0.0011810 secs] 78031K->45049K(120960K), 0.0012140 secs] [Times: user=0.00 sys=0.00, real=0.00 secs] 
101.727: Total time for which application threads were stopped: 0.0013490 seconds, Stopping threads took: 0.0000720 seconds
101.810: Application time: 0.0837560 seconds
101.811: [GC101.811: [ParNew: 36085K->1546K(37568K), 0.0007060 secs] 77992K->43557K(120960K), 0.0007370 secs] [Times: user=0.00 sys=0.00, real=0.00 secs] 
101.811: Total time for which application threads were stopped: 0.0008870 seconds, Stopping threads took: 0.0000940 seconds
101.893: Application time: 0.0813210 seconds
101.893: [GC101.893: [ParNew: 34482K->1548K(37568K), 0.0006850 secs] 76494K->43559K(120960K), 0.0007160 secs] [Times: user=0.01 sys=0.00, real=0.00 secs] 
101.894: Total time for which application threads were stopped: 0.0008440 seconds, Stopping threads took: 0.0000680 seconds
101.974: Application time: 0.0802110 seconds
101.974: [GC101.974: [ParNew: 34561K->1578K(37568K), 0.0006640 secs] 76572K->43589K(120960K), 0.0006940 secs] [Times: user=0.00 sys=0.00, real=0.00 secs] 
101.975: Total time for which application threads were stopped: 0.0008420 seconds, Stopping threads took: 0.0000830 seconds
102.057: Application time: 0.0827780 seconds
102.057: [GC102.057: [ParNew: 34518K->552K(37568K), 0.0003670 secs] 76530K->42563K(120960K), 0.0003930 secs] [Times: user=0.00 sys=0.00, real=0.00 secs] 
102.058: Total time for which application threads were stopped: 0.0005070 seconds, Stopping threads took: 0.0000640 seconds
102.141: Application time: 0.0826500 seconds
102.141: [GC102.141: [ParNew: 33562K->582K(37568K), 0.0004020 secs] 75574K->42593K(120960K), 0.0004300 secs] [Times: user=0.00 sys=0.00, real=0.00 secs] 
102.141: Total time for which application threads were stopped: 0.0005920 seconds, Stopping threads took: 0.0001090 seconds
102.222: Application time: 0.0811150 seconds
102.222: [GC102.222: [ParNew: 33669K->1150K(37568K), 0.0005880 secs] 75680K->43162K(120960K), 0.0006150 secs] [Times: user=0.00 sys=0.00, real=0.00 secs] 
102.223: Total time for which application threads were stopped: 0.0007320 seconds, Stopping threads took: 0.0000630 seconds
102.304: Application time: 0.0807640 seconds
102.304: [GC102.304: [ParNew: 34241K->1208K(37568K), 0.0005230 secs] 76253K->43220K(120960K), 0.0005520 secs] [Times: user=0.00 sys=0.00, real=0.00 secs] 
102.304: Total time for which application threads were stopped: 0.0006890 seconds, Stopping threads took: 0.0000800 seconds
102.384: Application time: 0.0792730 seconds
102.384: [GC102.384: [ParNew: 34297K->1776K(37568K), 0.0007000 secs] 76309K->43788K(120960K), 0.0007290 secs] [Times: user=0.00 sys=0.00, real=0.00 secs] 
102.385: Total time for which application threads were stopped: 0.0008580 seconds, Stopping threads took: 0.0000720 seconds
102.466: Application time: 0.0816100 seconds
102.466: [GC102.466: [ParNew: 34709K->1776K(37568K), 0.0007270 secs] 76720K->43788K(120960K), 0.0007570 secs] [Times: user=0.01 sys=0.00, real=0.01 secs] 
102.467: Total time for which application threads were stopped: 0.0009470 seconds, Stopping threads took: 0.0001300 seconds
102.548: Application time: 0.0803880 seconds
102.548: [GC102.548: [ParNew: 34707K->2288K(37568K), 0.0008580 secs] 76718K->44300K(120960K), 0.0008870 secs] [Times: user=0.00 sys=0.00, real=0.00 secs] 
102.549: Total time for which application threads were stopped: 0.0010250 seconds, Stopping threads took: 0.0000690 seconds
102.631: Application time: 0.0820490 seconds
102.631: [GC102.631: [ParNew: 35301K->2092K(37568K), 0.0009580 secs] 77313K->44348K(120960K), 0.0009890 secs] [Times: user=0.00 sys=0.00, real=0.00 secs] 
102.632: Total time for which application threads were stopped: 0.0011230 seconds, Stopping threads took: 0.0000740 seconds
102.713: Application time: 0.0814410 seconds
102.713: [GC102.713: [ParNew: 35022K->2600K(37568K), 0.0009760 secs] 77278K->44856K(120960K), 0.0010110 secs] [Times: user=0.00 sys=0.00, real=0.00 secs] 
102.714: Total time for which application threads were stopped: 0.0011580 seconds, Stopping threads took: 0.0000820 seconds
102.796: Application time: 0.0819480 seconds
102.796: [GC102.796: [ParNew: 35615K->2092K(37568K), 0.0008160 secs] 77871K->44412K(120960K), 0.0008480 secs] [Times: user=0.01 sys=0.00, real=0.00 secs] 
102.797: Total time for which application threads were stopped: 0.0009800 seconds, Stopping threads took: 0.0000700 seconds
102.878: Application time: 0.0803000 seconds
102.878: [GC102.878: [ParNew: 35183K->2148K(37568K), 0.0008090 secs] 77503K->44468K(120960K), 0.0008410 secs] [Times: user=0.00 sys=0.00, real=0.00 secs] 
102.879: Total time for which application threads were stopped: 0.0009780 seconds, Stopping threads took: 0.0000770 seconds
102.959: Application time: 0.0807320 seconds
102.959: [GC102.959: [ParNew: 35239K->2632K(37568K), 0.0010230 secs] 77559K->45080K(120960K), 0.0010560 secs] [Times: user=0.01 sys=0.00, real=0.00 secs] 
102.960: Total time for which application threads were stopped: 0.0011830 seconds, Stopping threads took: 0.0000650 seconds
103.044: Application time: 0.0833870 seconds
103.044: [GC103.044: [ParNew: 35729K->2630K(37568K), 0.0010070 secs] 78177K->45190K(120960K), 0.0010390 secs] [Times: user=0.00 sys=0.00, real=0.00 secs] 
103.045: Total time for which application threads were stopped: 0.0011720 seconds, Stopping threads took: 0.0000730 seconds
103.126: Application time: 0.0812300 seconds
103.126: [GC103.126: [ParNew: 35562K->2572K(37568K), 0.0010390 secs] 78123K->45232K(120960K), 0.0010730 secs] [Times: user=0.01 sys=0.00, real=0.01 secs] 
103.127: Total time for which application threads were stopped: 0.0012170 seconds, Stopping threads took: 0.0000740 seconds
103.209: Application time: 0.0811900 seconds
103.209: [GC103.209: [ParNew: 35504K->2570K(37568K), 0.0009960 secs] 78165K->45230K(120960K), 0.0010270 secs] [Times: user=0.00 sys=0.00, real=0.00 secs] 
103.210: Total time for which application threads were stopped: 0.0011500 seconds, Stopping threads took: 0.0000650 seconds
103.291: Application time: 0.0809710 seconds
103.291: [GC103.291: [ParNew: 35583K->2602K(37568K), 0.0009880 secs] 78243K->45262K(120960K), 0.0010200 secs] [Times: user=0.01 sys=0.00, real=0.00 secs] 
103.292: Total time for which application threads were stopped: 0.0011570 seconds, Stopping threads took: 0.0000730 seconds
103.373: Application time: 0.0812750 seconds
103.373: [GC103.373: [ParNew: 35534K->2570K(37568K), 0.0011030 secs] 78195K->45294K(120960K), 0.0011360 secs] [Times: user=0.01 sys=0.00, real=0.00 secs] 
103.374: Total time for which application threads were stopped: 0.0012670 seconds, Stopping threads took: 0.0000710 seconds
103.456: Application time: 0.0812910 seconds
103.456: [GC103.456: [ParNew: 35581K->2602K(37568K), 0.0009500 secs] 78305K->45326K(120960K), 0.0009810 secs] [Times: user=0.00 sys=0.00, real=0.00 secs] 
103.457: Total time for which application threads were stopped: 0.0010980 seconds, Stopping threads took: 0.0000550 seconds
103.538: Application time: 0.0816160 seconds
103.539: [GC103.539: [ParNew: 35701K->1608K(37568K), 0.0007060 secs] 78425K->44396K(120960K), 0.0007350 secs] [Times: user=0.00 sys=0.00, real=0.00 secs] 
103.539: Total time for which application threads were stopped: 0.0009250 seconds, Stopping threads took: 0.0001340 seconds
103.622: Application time: 0.0821250 seconds
103.622: [GC103.622: [ParNew: 34701K->1148K(37568K), 0.0006040 secs] 77489K->43936K(120960K), 0.0006280 secs] [Times: user=0.00 sys=0.00, real=0.00 secs] 
103.622: Total time for which application threads were stopped: 0.0008320 seconds, Stopping threads took: 0.0001510 seconds
103.703: Application time: 0.0802320 seconds
103.703: [GC103.703: [ParNew: 34233K->2232K(37568K), 0.0008620 secs] 77021K->45020K(120960K), 0.0009030 secs] [Times: user=0.01 sys=0.00, real=0.00 secs] 
103.704: Total time for which application threads were stopped: 0.0010440 seconds, Stopping threads took: 0.0000690 seconds
103.785: Application time: 0.0815140 seconds
103.785: [GC103.785: [ParNew: 35167K->1548K(37568K), 0.0007050 secs] 77955K->44548K(120960K), 0.0007320 secs] [Times: user=0.01 sys=0.00, real=0.00 secs] 
103.786: Total time for which application threads were stopped: 0.0008790 seconds, Stopping threads took: 0.0000890 seconds
103.868: Application time: 0.0815620 seconds
103.868: [GC103.868: [ParNew: 34484K->1036K(37568K), 0.0004940 secs] 77485K->44036K(120960K), 0.0005190 secs] [Times: user=0.00 sys=0.00, real=0.00 secs] 
103.868: Total time for which application threads were stopped: 0.0006840 seconds, Stopping threads took: 0.0001140 seconds
103.949: Application time: 0.0811280 seconds
103.950: [GC103.950: [ParNew: 34055K->554K(37568K), 0.0003660 secs] 77055K->43554K(120960K), 0.0003920 secs] [Times: user=0.00 sys=0.00, real=0.00 secs] 
103.950: Total time for which application threads were stopped: 0.0005220 seconds, Stopping threads took: 0.0000800 seconds
104.031: Application time: 0.0811810 seconds
104.031: [GC104.031: [ParNew: 33486K->554K(37568K), 0.0004090 secs] 76487K->43554K(120960K), 0.0004350 secs] [Times: user=0.01 sys=0.00, real=0.00 secs] 
104.032: Total time for which application threads were stopped: 0.0005520 seconds, Stopping threads took: 0.0000650 seconds
104.112: Application time: 0.0802530 seconds
104.112: [GC104.112: [ParNew: 33562K->1094K(37568K), 0.0005580 secs] 76563K->44094K(120960K), 0.0005870 secs] [Times: user=0.00 sys=0.00, real=0.00 secs] 
104.113: Total time for which application threads were stopped: 0.0006980 seconds, Stopping threads took: 0.0000570 seconds
104.194: Application time: 0.0811350 seconds
104.194: [GC104.194: [ParNew: 34187K->1148K(37568K), 0.0006100 secs] 77187K->44148K(120960K), 0.0006360 secs] [Times: user=0.01 sys=0.00, real=0.00 secs] 
104.195: Total time for which application threads were stopped: 0.0007550 seconds, Stopping threads took: 0.0000660 seconds
104.275: Application time: 0.0808940 seconds
104.276: [GC104.276: [ParNew: 34235K->1720K(37568K), 0.0007050 secs] 77235K->44720K(120960K), 0.0007340 secs] [Times: user=0.01 sys=0.00, real=0.00 secs] 
104.276: Total time for which application threads were stopped: 0.0008610 seconds, Stopping threads took: 0.0000620 seconds
104.358: Application time: 0.0821900 seconds
104.359: [GC104.359: [ParNew: 34817K->752K(37568K), 0.0004640 secs] 77818K->43753K(120960K), 0.0004930 secs] [Times: user=0.01 sys=0.00, real=0.00 secs] 
104.359: Total time for which application threads were stopped: 0.0006020 seconds, Stopping threads took: 0.0000570 seconds
104.440: Application time: 0.0809190 seconds
104.440: [GC104.440: [ParNew: 33684K->752K(37568K), 0.0004180 secs] 76685K->43753K(120960K), 0.0004440 secs] [Times: user=0.01 sys=0.00, real=0.00 secs] 
104.441: Total time for which application threads were stopped: 0.0005600 seconds, Stopping threads took: 0.0000640 seconds
104.522: Application time: 0.0809840 seconds
104.522: [GC104.522: [ParNew: 33682K->1264K(37568K), 0.0005590 secs] 76683K->44265K(120960K), 0.0005870 secs] [Times: user=0.00 sys=0.00, real=0.00 secs] 
104.522: Total time for which application threads were stopped: 0.0007080 seconds, Stopping threads took: 0.0000650 seconds
104.604: Application time: 0.0812880 seconds
104.604: [GC104.604: [ParNew: 34273K->1774K(37568K), 0.0007430 secs] 77273K->44775K(120960K), 0.0007710 secs] [Times: user=0.01 sys=0.00, real=0.00 secs] 
104.604: Total time for which application threads were stopped: 0.0008890 seconds, Stopping threads took: 0.0000610 seconds
104.686: Application time: 0.0812550 seconds
104.687: [GC104.687: [ParNew: 34707K->1776K(37568K), 0.0007870 secs] 77707K->44777K(120960K), 0.0008180 secs] [Times: user=0.00 sys=0.00, real=0.00 secs] 
104.688: Total time for which application threads were stopped: 0.0023300 seconds, Stopping threads took: 0.0014440 seconds
104.769: Application time: 0.0811480 seconds
104.769: [GC104.769: [ParNew: 34787K->2288K(37568K), 0.0008590 secs] 77787K->45289K(120960K), 0.0008940 secs] [Times: user=0.01 sys=0.00, real=0.00 secs] 
104.770: Total time for which application threads were stopped: 0.0010160 seconds, Stopping threads took: 0.0000610 seconds
104.851: Application time: 0.0805780 seconds
104.851: [GC104.851: [ParNew: 35379K->2148K(37568K), 0.0009330 secs] 78380K->45333K(120960K), 0.0009660 secs] [Times: user=0.00 sys=0.01, real=0.00 secs] 
104.852: Total time for which application threads were stopped: 0.0011040 seconds, Stopping threads took: 0.0000660 seconds
104.932: Application time: 0.0800280 seconds
104.932: [GC104.932: [ParNew: 35239K->2120K(37568K), 0.0008440 secs] 78424K->45433K(120960K), 0.0008770 secs] [Times: user=0.00 sys=0.00, real=0.00 secs] 
104.933: Total time for which application threads were stopped: 0.0010090 seconds, Stopping threads took: 0.0000700 seconds
105.014: Application time: 0.0806750 seconds
105.014: [GC105.014: [ParNew: 35211K->2118K(37568K), 0.0008190 secs] 78524K->45535K(120960K), 0.0008540 secs] [Times: user=0.01 sys=0.00, real=0.00 secs] 
105.015: Total time for which application threads were stopped: 0.0009800 seconds, Stopping threads took: 0.0000660 seconds
105.096: Application time: 0.0810400 seconds
105.096: [GC105.096: [ParNew: 35050K->2056K(37568K), 0.0008750 secs] 78467K->45577K(120960K), 0.0009040 secs] [Times: user=0.01 sys=0.00, real=0.00 secs] 
105.097: Total time for which application threads were stopped: 0.0010410 seconds, Stopping threads took: 0.0000770 seconds
105.178: Application time: 0.0811370 seconds
105.178: [GC105.178: [ParNew: 34988K->2058K(37568K), 0.0008760 secs] 78509K->45579K(120960K), 0.0009060 secs] [Times: user=0.01 sys=0.00, real=0.00 secs] 
105.179: Total time for which application threads were stopped: 0.0010320 seconds, Stopping threads took: 0.0000640 seconds
105.260: Application time: 0.0808650 seconds
105.260: [GC105.260: [ParNew: 35073K->1578K(37568K), 0.0006350 secs] 78593K->45099K(120960K), 0.0006640 secs] [Times: user=0.00 sys=0.00, real=0.00 secs] 
105.261: Total time for which application threads were stopped: 0.0008630 seconds, Stopping threads took: 0.0001430 seconds
105.341: Application time: 0.0808060 seconds
105.342: [GC105.342: [ParNew: 34512K->1580K(37568K), 0.0006250 secs] 78033K->45101K(120960K), 0.0006510 secs] [Times: user=0.00 sys=0.00, real=0.00 secs] 
105.342: Total time for which application threads were stopped: 0.0007810 seconds, Stopping threads took: 0.0000740 seconds
105.424: Application time: 0.0814290 seconds
105.424: [GC105.424: [ParNew: 34592K->1606K(37568K), 0.0006550 secs] 78113K->45127K(120960K), 0.0006850 secs] [Times: user=0.01 sys=0.00, real=0.00 secs] 
105.424: Total time for which application threads were stopped: 0.0008180 seconds, Stopping threads took: 0.0000680 seconds
105.505: Application time: 0.0803970 seconds
105.505: [GC105.505: [ParNew: 34699K->1662K(37568K), 0.0007580 secs] 78220K->45183K(120960K), 0.0007860 secs] [Times: user=0.00 sys=0.00, real=0.00 secs] 
105.506: Total time for which application threads were stopped: 0.0009410 seconds, Stopping threads took: 0.0000990 seconds
105.587: Application time: 0.0814950 seconds
105.587: [GC105.587: [ParNew: 34751K->2232K(37568K), 0.0009700 secs] 78272K->45753K(120960K), 0.0010010 secs] [Times: user=0.01 sys=0.00, real=0.00 secs] 
105.588: Total time for which application threads were stopped: 0.0011290 seconds, Stopping threads took: 0.0000680 seconds
105.669: Application time: 0.0807380 seconds
105.669: [GC105.669: [ParNew: 35323K->2116K(37568K), 0.0008800 secs] 78844K->45853K(120960K), 0.0009130 secs] [Times: user=0.01 sys=0.00, real=0.00 secs] 
105.670: Total time for which application threads were stopped: 0.0010310 seconds, Stopping threads took: 0.0000570 seconds
105.752: Application time: 0.0815830 seconds
105.752: [GC105.752: [ParNew: 35048K->2062K(37568K), 0.0008640 secs] 78785K->45911K(120960K), 0.0009010 secs] [Times: user=0.01 sys=0.00, real=0.00 secs] 
105.753: Total time for which application threads were stopped: 0.0010400 seconds, Stopping threads took: 0.0000790 seconds
105.834: Application time: 0.0815590 seconds
105.834: [GC105.835: [ParNew: 35000K->1548K(37568K), 0.0006450 secs] 78850K->45397K(120960K), 0.0006770 secs] [Times: user=0.00 sys=0.00, real=0.01 secs] 
105.835: Total time for which application threads were stopped: 0.0008340 seconds, Stopping threads took: 0.0001010 seconds
105.917: Application time: 0.0814670 seconds
105.917: [GC105.917: [ParNew: 34565K->1062K(37568K), 0.0005770 secs] 78414K->44911K(120960K), 0.0028880 secs] [Times: user=0.01 sys=0.00, real=0.00 secs] 
105.920: Total time for which application threads were stopped: 0.0030130 seconds, Stopping threads took: 0.0000660 seconds
106.001: Application time: 0.0811350 seconds
106.001: [GC106.001: [ParNew: 33998K->550K(37568K), 0.0003960 secs] 77847K->44399K(120960K), 0.0004200 secs] [Times: user=0.00 sys=0.00, real=0.00 secs] 
106.001: Total time for which application threads were stopped: 0.0005570 seconds, Stopping threads took: 0.0000790 seconds
106.082: Application time: 0.0802020 seconds
106.082: [GC106.082: [ParNew: 33560K->1096K(37568K), 0.0004780 secs] 77409K->44945K(120960K), 0.0005070 secs] [Times: user=0.00 sys=0.00, real=0.00 secs] 
106.082: Total time for which application threads were stopped: 0.0006430 seconds, Stopping threads took: 0.0000820 seconds
106.163: Application time: 0.0804130 seconds
106.163: [GC106.163: [ParNew: 34187K->1152K(37568K), 0.0005200 secs] 78036K->45001K(120960K), 0.0005480 secs] [Times: user=0.01 sys=0.00, real=0.00 secs] 
106.163: Total time for which application threads were stopped: 0.0006610 seconds, Stopping threads took: 0.0000590 seconds
106.243: Application time: 0.0800440 seconds
106.247: [GC106.247: [ParNew: 34241K->1206K(37568K), 0.0006450 secs] 78090K->45055K(120960K), 0.0006730 secs] [Times: user=0.00 sys=0.00, real=0.00 secs] 
106.248: Total time for which application threads were stopped: 0.0044970 seconds, Stopping threads took: 0.0037670 seconds
106.328: Application time: 0.0804150 seconds
106.328: [GC106.328: [ParNew: 34297K->1776K(37568K), 0.0006830 secs] 78146K->45625K(120960K), 0.0007140 secs] [Times: user=0.01 sys=0.00, real=0.00 secs] 
106.329: Total time for which application threads were stopped: 0.0008590 seconds, Stopping threads took: 0.0000870 seconds
106.409: Application time: 0.0800020 seconds
106.409: [GC106.409: [ParNew: 34707K->2288K(37568K), 0.0008990 secs] 78556K->46137K(120960K), 0.0009290 secs] [Times: user=0.01 sys=0.00, real=0.00 secs] 
106.410: Total time for which application threads were stopped: 0.0010740 seconds, Stopping threads took: 0.0000820 seconds
106.490: Application time: 0.0800740 seconds
106.490: [GC106.490: [ParNew: 35221K->2062K(37568K), 0.0009010 secs] 79070K->46179K(120960K), 0.0009340 secs] [Times: user=0.00 sys=0.00, real=0.00 secs] 
106.491: Total time for which application threads were stopped: 0.0010730 seconds, Stopping threads took: 0.0000780 seconds
106.572: Application time: 0.0803510 seconds
106.572: [GC106.572: [ParNew: 35075K->2090K(37568K), 0.0008190 secs] 79192K->46207K(120960K), 0.0008480 secs] [Times: user=0.00 sys=0.00, real=0.00 secs] 
106.573: Total time for which application threads were stopped: 0.0009800 seconds, Stopping threads took: 0.0000640 seconds
106.654: Application time: 0.0818050 seconds
106.655: [GC106.655: [ParNew: 35024K->2088K(37568K), 0.0008560 secs] 79142K->46205K(120960K), 0.0008890 secs] [Times: user=0.01 sys=0.00, real=0.01 secs] 
106.656: Total time for which application threads were stopped: 0.0010290 seconds, Stopping threads took: 0.0000780 seconds
106.737: Application time: 0.0810980 seconds
106.737: [GC106.737: [ParNew: 35100K->2118K(37568K), 0.0008730 secs] 79218K->46235K(120960K), 0.0009030 secs] [Times: user=0.01 sys=0.00, real=0.00 secs] 
106.738: Total time for which application threads were stopped: 0.0010260 seconds, Stopping threads took: 0.0000660 seconds
106.819: Application time: 0.0809370 seconds
106.819: [GC106.819: [ParNew: 35209K->2148K(37568K), 0.0009150 secs] 79326K->46329K(120960K), 0.0009560 secs] [Times: user=0.01 sys=0.00, real=0.00 secs] 
106.820: Total time for which application threads were stopped: 0.0010750 seconds, Stopping threads took: 0.0000570 seconds
106.901: Application time: 0.0808510 seconds
106.901: [GC106.901: [ParNew: 35241K->2120K(37568K), 0.0008750 secs] 79423K->46441K(120960K), 0.0009050 secs] [Times: user=0.00 sys=0.00, real=0.00 secs] 
106.902: Total time for which application threads were stopped: 0.0010320 seconds, Stopping threads took: 0.0000670 seconds
106.984: Application time: 0.0822830 seconds
106.984: [GC106.984: [ParNew: 35211K->2118K(37568K), 0.0008460 secs] 79533K->46543K(120960K), 0.0008760 secs] [Times: user=0.01 sys=0.00, real=0.00 secs] 
106.985: Total time for which application threads were stopped: 0.0009930 seconds, Stopping threads took: 0.0000600 seconds
107.065: Application time: 0.0804930 seconds
107.065: [GC107.065: [ParNew: 35050K->2060K(37568K), 0.0008700 secs] 79476K->46597K(120960K), 0.0009000 secs] [Times: user=0.01 sys=0.00, real=0.00 secs] 
107.066: Total time for which application threads were stopped: 0.0010430 seconds, Stopping threads took: 0.0000840 seconds
107.148: Application time: 0.0815060 seconds
107.148: [GC107.148: [ParNew: 34996K->1546K(37568K), 0.0006730 secs] 79534K->46083K(120960K), 0.0007010 secs] [Times: user=0.00 sys=0.00, real=0.00 secs] 
107.149: Total time for which application threads were stopped: 0.0008320 seconds, Stopping threads took: 0.0000660 seconds
107.230: Application time: 0.0817410 seconds
107.231: [GC107.231: [ParNew: 34552K->2090K(37568K), 0.0008100 secs] 79090K->46627K(120960K), 0.0008400 secs] [Times: user=0.01 sys=0.00, real=0.00 secs] 
107.232: Total time for which application threads were stopped: 0.0010590 seconds, Stopping threads took: 0.0001590 seconds
107.313: Application time: 0.0810050 seconds
107.313: [GC107.313: [ParNew: 35030K->1576K(37568K), 0.0006370 secs] 79568K->46113K(120960K), 0.0006650 secs] [Times: user=0.00 sys=0.00, real=0.00 secs] 
107.313: Total time for which application threads were stopped: 0.0007840 seconds, Stopping threads took: 0.0000630 seconds
107.394: Application time: 0.0807050 seconds
107.394: [GC107.394: [ParNew: 34588K->1608K(37568K), 0.0006280 secs] 79126K->46146K(120960K), 0.0006560 secs] [Times: user=0.00 sys=0.00, real=0.00 secs] 
107.395: Total time for which application threads were stopped: 0.0007730 seconds, Stopping threads took: 0.0000590 seconds
107.476: Application time: 0.0812610 seconds
107.476: [GC107.476: [ParNew: 34701K->1664K(37568K), 0.0006830 secs] 79239K->46202K(120960K), 0.0007120 secs] [Times: user=0.00 sys=0.00, real=0.00 secs] 
107.477: Total time for which application threads were stopped: 0.0008450 seconds, Stopping threads took: 0.0000740 seconds
107.558: Application time: 0.0810160 seconds
107.558: [GC107.558: [ParNew: 34759K->1720K(37568K), 0.0007210 secs] 79297K->46258K(120960K), 0.0007520 secs] [Times: user=0.01 sys=0.00, real=0.00 secs] 
107.559: Total time for which application threads were stopped: 0.0008770 seconds, Stopping threads took: 0.0000630 seconds
107.640: Application time: 0.0810240 seconds
107.640: [GC107.640: [ParNew: 34811K->1776K(37568K), 0.0007050 secs] 79349K->46314K(120960K), 0.0007330 secs] [Times: user=0.00 sys=0.00, real=0.00 secs] 
107.641: Total time for which application threads were stopped: 0.0008570 seconds, Stopping threads took: 0.0000660 seconds
107.721: Application time: 0.0807590 seconds
107.722: [GC107.722: [ParNew: 34709K->1776K(37568K), 0.0006990 secs] 79246K->46314K(120960K), 0.0007300 secs] [Times: user=0.00 sys=0.00, real=0.00 secs] 
107.722: Total time for which application threads were stopped: 0.0008650 seconds, Stopping threads took: 0.0000680 seconds
107.803: Application time: 0.0806290 seconds
107.803: [GC107.803: [ParNew: 34709K->1776K(37568K), 0.0007760 secs] 79246K->46314K(120960K), 0.0008090 secs] [Times: user=0.00 sys=0.00, real=0.00 secs] 
107.804: Total time for which application threads were stopped: 0.0009610 seconds, Stopping threads took: 0.0000860 seconds
107.885: Application time: 0.0808200 seconds
107.885: [GC107.885: [ParNew: 34789K->1776K(37568K), 0.0007000 secs] 79327K->46314K(120960K), 0.0007300 secs] [Times: user=0.00 sys=0.00, real=0.00 secs] 
107.886: Total time for which application threads were stopped: 0.0008530 seconds, Stopping threads took: 0.0000650 seconds
107.967: Application time: 0.0811090 seconds
107.967: [GC107.967: [ParNew: 34713K->1264K(37568K), 0.0005510 secs] 79250K->45802K(120960K), 0.0005800 secs] [Times: user=0.01 sys=0.00, real=0.01 secs] 
107.967: Total time for which application threads were stopped: 0.0006960 seconds, Stopping threads took: 0.0000620 seconds
108.049: Application time: 0.0817050 seconds
108.049: [GC108.049: [ParNew: 34277K->1264K(37568K), 0.0005380 secs] 78814K->45802K(120960K), 0.0005640 secs] [Times: user=0.00 sys=0.00, real=0.00 secs] 
108.050: Total time for which application threads were stopped: 0.0006820 seconds, Stopping threads took: 0.0000630 seconds
108.132: Application time: 0.0820560 seconds
108.132: [GC108.132: [ParNew: 34357K->1264K(37568K), 0.0005660 secs] 78895K->45802K(120960K), 0.0005950 secs] [Times: user=0.00 sys=0.00, real=0.00 secs] 
108.133: Total time for which application threads were stopped: 0.0007090 seconds, Stopping threads took: 0.0000590 seconds
108.213: Application time: 0.0809570 seconds
108.214: [GC108.214: [ParNew: 34355K->1264K(37568K), 0.0005480 secs] 78893K->45802K(120960K), 0.0005770 secs] [Times: user=0.01 sys=0.00, real=0.00 secs] 
108.214: Total time for which application threads were stopped: 0.0006980 seconds, Stopping threads took: 0.0000670 seconds
108.294: Application time: 0.0802110 seconds
108.295: [GC108.295: [ParNew: 34355K->1262K(37568K), 0.0006080 secs] 78893K->45800K(120960K), 0.0006360 secs] [Times: user=0.00 sys=0.00, real=0.01 secs] 
108.295: Total time for which application threads were stopped: 0.0007640 seconds, Stopping threads took: 0.0000670 seconds
108.376: Application time: 0.0807820 seconds
108.376: [GC108.376: [ParNew: 34194K->1262K(37568K), 0.0006230 secs] 78732K->45800K(120960K), 0.0006510 secs] [Times: user=0.00 sys=0.00, real=0.00 secs] 
108.377: Total time for which application threads were stopped: 0.0007890 seconds, Stopping threads took: 0.0000820 seconds
108.458: Application time: 0.0813370 seconds
108.458: [GC108.458: [ParNew: 34271K->1776K(37568K), 0.0006890 secs] 78808K->46338K(120960K), 0.0007170 secs] [Times: user=0.01 sys=0.00, real=0.00 secs] 
108.459: Total time for which application threads were stopped: 0.0008440 seconds, Stopping threads took: 0.0000700 seconds
108.540: Application time: 0.0811840 seconds
108.540: [GC108.540: [ParNew: 34709K->2286K(37568K), 0.0009420 secs] 79270K->46848K(120960K), 0.0009750 secs] [Times: user=0.00 sys=0.00, real=0.00 secs] 
108.541: Total time for which application threads were stopped: 0.0011020 seconds, Stopping threads took: 0.0000670 seconds
108.622: Application time: 0.0804680 seconds
108.622: [GC108.622: [ParNew: 35219K->2088K(37568K), 0.0010090 secs] 79780K->46882K(120960K), 0.0010380 secs] [Times: user=0.00 sys=0.00, real=0.00 secs] 
108.623: Total time for which application threads were stopped: 0.0011690 seconds, Stopping threads took: 0.0000730 seconds
108.704: Application time: 0.0809950 seconds
108.704: [GC108.704: [ParNew: 35181K->2148K(37568K), 0.0008390 secs] 79975K->46942K(120960K), 0.0008680 secs] [Times: user=0.01 sys=0.00, real=0.00 secs] 
108.705: Total time for which application threads were stopped: 0.0010090 seconds, Stopping threads took: 0.0000820 seconds
108.785: Application time: 0.0804520 seconds
108.785: [GC108.785: [ParNew: 35161K->2090K(37568K), 0.0008610 secs] 79955K->47008K(120960K), 0.0008900 secs] [Times: user=0.01 sys=0.00, real=0.00 secs] 
108.786: Total time for which application threads were stopped: 0.0010230 seconds, Stopping threads took: 0.0000730 seconds
108.867: Application time: 0.0808480 seconds
108.867: [GC108.867: [ParNew: 35179K->2658K(37568K), 0.0010900 secs] 80097K->47576K(120960K), 0.0011290 secs] [Times: user=0.01 sys=0.00, real=0.00 secs] 
108.868: Total time for which application threads were stopped: 0.0012670 seconds, Stopping threads took: 0.0000670 seconds
108.949: Application time: 0.0809410 seconds
108.950: [GC108.950: [ParNew: 35671K->2604K(37568K), 0.0010320 secs] 80589K->47658K(120960K), 0.0010630 secs] [Times: user=0.01 sys=0.00, real=0.00 secs] 
108.951: Total time for which application threads were stopped: 0.0012110 seconds, Stopping threads took: 0.0000860 seconds
109.032: Application time: 0.0809710 seconds
109.032: [GC109.032: [ParNew: 35619K->2088K(37568K), 0.0009280 secs] 80673K->47206K(120960K), 0.0009590 secs] [Times: user=0.00 sys=0.00, real=0.00 secs] 
109.033: Total time for which application threads were stopped: 0.0011320 seconds, Stopping threads took: 0.0001130 seconds
109.114: Application time: 0.0810180 seconds
109.114: [GC109.114: [ParNew: 35100K->2120K(37568K), 0.0008230 secs] 80219K->47238K(120960K), 0.0008530 secs] [Times: user=0.01 sys=0.00, real=0.00 secs] 
109.115: Total time for which application threads were stopped: 0.0009830 seconds, Stopping threads took: 0.0000700 seconds
109.196: Application time: 0.0807840 seconds
109.196: [GC109.196: [ParNew: 35052K->2088K(37568K), 0.0009030 secs] 80171K->47262K(120960K), 0.0009310 secs] [Times: user=0.00 sys=0.00, real=0.00 secs] 
109.197: Total time for which application threads were stopped: 0.0010690 seconds, Stopping threads took: 0.0000800 seconds
109.277: Application time: 0.0805850 seconds
109.277: [GC109.277: [ParNew: 35020K->2090K(37568K), 0.0009080 secs] 80195K->47264K(120960K), 0.0009360 secs] [Times: user=0.00 sys=0.00, real=0.00 secs] 
109.278: Total time for which application threads were stopped: 0.0010710 seconds, Stopping threads took: 0.0000780 seconds
109.359: Application time: 0.0810980 seconds
109.359: [GC109.359: [ParNew: 35103K->2120K(37568K), 0.0008420 secs] 80277K->47294K(120960K), 0.0008730 secs] [Times: user=0.01 sys=0.00, real=0.00 secs] 
109.360: Total time for which application threads were stopped: 0.0010020 seconds, Stopping threads took: 0.0000690 seconds
109.442: Application time: 0.0811820 seconds
109.442: [GC109.442: [ParNew: 35213K->2148K(37568K), 0.0008380 secs] 80387K->47386K(120960K), 0.0008730 secs] [Times: user=0.00 sys=0.00, real=0.00 secs] 
109.443: Total time for which application threads were stopped: 0.0010080 seconds, Stopping threads took: 0.0000660 seconds
109.525: Application time: 0.0829150 seconds
109.526: [GC109.526: [ParNew: 35243K->1604K(37568K), 0.0007200 secs] 80482K->46970K(120960K), 0.0007500 secs] [Times: user=0.01 sys=0.00, real=0.00 secs] 
109.526: Total time for which application threads were stopped: 0.0008620 seconds, Stopping threads took: 0.0000550 seconds
109.607: Application time: 0.0809380 seconds
109.607: [GC109.607: [ParNew: 34616K->1636K(37568K), 0.0006600 secs] 79983K->47002K(120960K), 0.0006910 secs] [Times: user=0.00 sys=0.00, real=0.00 secs] 
109.608: Total time for which application threads were stopped: 0.0008150 seconds, Stopping threads took: 0.0000680 seconds
109.689: Application time: 0.0809610 seconds
109.689: [GC109.689: [ParNew: 34649K->1664K(37568K), 0.0006600 secs] 80015K->47030K(120960K), 0.0006890 secs] [Times: user=0.00 sys=0.00, real=0.00 secs] 
109.690: Total time for which application threads were stopped: 0.0008110 seconds, Stopping threads took: 0.0000630 seconds
109.770: Application time: 0.0799510 seconds
109.770: [GC109.770: [ParNew: 34675K->1692K(37568K), 0.0006660 secs] 80041K->47058K(120960K), 0.0006930 secs] [Times: user=0.01 sys=0.00, real=0.00 secs] 
109.771: Total time for which application threads were stopped: 0.0008120 seconds, Stopping threads took: 0.0000610 seconds
109.851: Application time: 0.0801170 seconds
109.851: [GC109.851: [ParNew: 34624K->1692K(37568K), 0.0006820 secs] 79991K->47058K(120960K), 0.0007110 secs] [Times: user=0.00 sys=0.00, real=0.00 secs] 
109.852: Total time for which application threads were stopped: 0.0008380 seconds, Stopping threads took: 0.0000680 seconds
109.932: Application time: 0.0808180 seconds
109.932: [GC109.933: [ParNew: 34622K->2204K(37568K), 0.0008440 secs] 79989K->47570K(120960K), 0.0008820 secs] [Times: user=0.01 sys=0.00, real=0.00 secs] 
109.933: Total time for which application threads were stopped: 0.0010060 seconds, Stopping threads took: 0.0000630 seconds
110.014: Application time: 0.0809660 seconds
110.015: [GC110.015: [ParNew: 35217K->1606K(37568K), 0.0007410 secs] 80583K->47128K(120960K), 0.0007690 secs] [Times: user=0.00 sys=0.00, real=0.01 secs] 
110.015: Total time for which application threads were stopped: 0.0009520 seconds, Stopping threads took: 0.0001190 seconds
110.096: Application time: 0.0809300 seconds
110.096: [GC110.096: [ParNew: 34703K->1662K(37568K), 0.0006740 secs] 80226K->47184K(120960K), 0.0007020 secs] [Times: user=0.01 sys=0.00, real=0.00 secs] 
110.097: Total time for which application threads were stopped: 0.0008600 seconds, Stopping threads took: 0.0001020 seconds
110.178: Application time: 0.0807110 seconds
110.178: [GC110.178: [ParNew: 34753K->1206K(37568K), 0.0006130 secs] 80276K->46728K(120960K), 0.0006380 secs] [Times: user=0.01 sys=0.00, real=0.00 secs] 
110.179: Total time for which application threads were stopped: 0.0008140 seconds, Stopping threads took: 0.0001230 seconds
110.259: Application time: 0.0807400 seconds
110.259: [GC110.260: [ParNew: 34223K->1236K(37568K), 0.0005690 secs] 79745K->46759K(120960K), 0.0005980 secs] [Times: user=0.01 sys=0.00, real=0.00 secs] 
110.260: Total time for which application threads were stopped: 0.0007220 seconds, Stopping threads took: 0.0000700 seconds
110.341: Application time: 0.0810730 seconds
110.341: [GC110.341: [ParNew: 34247K->1264K(37568K), 0.0005480 secs] 79769K->46787K(120960K), 0.0005740 secs] [Times: user=0.01 sys=0.00, real=0.00 secs] 
110.342: Total time for which application threads were stopped: 0.0006990 seconds, Stopping threads took: 0.0000700 seconds
110.423: Application time: 0.0814950 seconds
110.423: [GC110.423: [ParNew: 34275K->1264K(37568K), 0.0005670 secs] 79797K->46787K(120960K), 0.0005940 secs] [Times: user=0.00 sys=0.00, real=0.00 secs] 
110.424: Total time for which application threads were stopped: 0.0007050 seconds, Stopping threads took: 0.0000570 seconds
110.506: Application time: 0.0815210 seconds
110.506: [GC110.506: [ParNew: 34196K->1264K(37568K), 0.0005660 secs] 79719K->46787K(120960K), 0.0005960 secs] [Times: user=0.01 sys=0.00, real=0.00 secs] 
110.506: Total time for which application threads were stopped: 0.0007210 seconds, Stopping threads took: 0.0000700 seconds
110.587: Application time: 0.0808900 seconds
110.587: [GC110.587: [ParNew: 34196K->1264K(37568K), 0.0006030 secs] 79719K->46787K(120960K), 0.0006300 secs] [Times: user=0.01 sys=0.00, real=0.00 secs] 
110.588: Total time for which application threads were stopped: 0.0007610 seconds, Stopping threads took: 0.0000680 seconds
110.668: Application time: 0.0804090 seconds
110.668: [GC110.668: [ParNew: 34277K->1260K(37568K), 0.0006410 secs] 79799K->46783K(120960K), 0.0006680 secs] [Times: user=0.00 sys=0.00, real=0.00 secs] 
110.669: Total time for which application threads were stopped: 0.0007770 seconds, Stopping threads took: 0.0000570 seconds
110.749: Application time: 0.0802040 seconds
110.750: [GC110.750: [ParNew: 34349K->1776K(37568K), 0.0007440 secs] 79872K->47299K(120960K), 0.0007730 secs] [Times: user=0.00 sys=0.00, real=0.00 secs] 
110.750: Total time for which application threads were stopped: 0.0009900 seconds, Stopping threads took: 0.0001580 seconds
110.831: Application time: 0.0804660 seconds
110.831: [GC110.831: [ParNew: 34867K->2288K(37568K), 0.0009120 secs] 80390K->47811K(120960K), 0.0009420 secs] [Times: user=0.01 sys=0.00, real=0.00 secs] 
110.832: Total time for which application threads were stopped: 0.0010730 seconds, Stopping threads took: 0.0000720 seconds
110.913: Application time: 0.0806920 seconds
110.913: [GC110.913: [ParNew: 35301K->2086K(37568K), 0.0008920 secs] 80823K->47853K(120960K), 0.0009330 secs] [Times: user=0.00 sys=0.00, real=0.00 secs] 
110.914: Total time for which application threads were stopped: 0.0010760 seconds, Stopping threads took: 0.0000830 seconds
110.995: Application time: 0.0812520 seconds
110.995: [GC110.995: [ParNew: 35097K->2116K(37568K), 0.0009380 secs] 80863K->47883K(120960K), 0.0009720 secs] [Times: user=0.01 sys=0.00, real=0.01 secs] 
110.996: Total time for which application threads were stopped: 0.0011040 seconds, Stopping threads took: 0.0000710 seconds
111.079: Application time: 0.0826010 seconds
111.079: [GC111.079: [ParNew: 35133K->1608K(37568K), 0.0006790 secs] 80900K->47431K(120960K), 0.0007080 secs] [Times: user=0.01 sys=0.00, real=0.00 secs] 
111.079: Total time for which application threads were stopped: 0.0008280 seconds, Stopping threads took: 0.0000630 seconds
111.160: Application time: 0.0808930 seconds
111.160: [GC111.161: [ParNew: 34538K->2120K(37568K), 0.0008750 secs] 80361K->47943K(120960K), 0.0009060 secs] [Times: user=0.00 sys=0.00, real=0.00 secs] 
111.161: Total time for which application threads were stopped: 0.0010530 seconds, Stopping threads took: 0.0000760 seconds
111.243: Application time: 0.0816540 seconds
111.243: [GC111.243: [ParNew: 35061K->1068K(37568K), 0.0005120 secs] 80883K->46955K(120960K), 0.0005410 secs] [Times: user=0.01 sys=0.00, real=0.00 secs] 
111.244: Total time for which application threads were stopped: 0.0006610 seconds, Stopping threads took: 0.0000670 seconds
111.324: Application time: 0.0806700 seconds
111.325: [GC111.325: [ParNew: 34076K->1606K(37568K), 0.0006680 secs] 79963K->47493K(120960K), 0.0006950 secs] [Times: user=0.01 sys=0.00, real=0.00 secs] 
111.325: Total time for which application threads were stopped: 0.0008290 seconds, Stopping threads took: 0.0000770 seconds
111.406: Application time: 0.0806570 seconds
111.406: [GC111.406: [ParNew: 34695K->2176K(37568K), 0.0008560 secs] 80582K->48063K(120960K), 0.0008870 secs] [Times: user=0.01 sys=0.00, real=0.00 secs] 
111.407: Total time for which application threads were stopped: 0.0010680 seconds, Stopping threads took: 0.0001200 seconds
111.490: Application time: 0.0831130 seconds
111.490: [GC111.490: [ParNew: 35269K->580K(37568K), 0.0004230 secs] 81156K->46635K(120960K), 0.0004510 secs] [Times: user=0.00 sys=0.00, real=0.00 secs] 
111.491: Total time for which application threads were stopped: 0.0005970 seconds, Stopping threads took: 0.0000920 seconds
111.572: Application time: 0.0816590 seconds
111.572: [GC111.572: [ParNew: 33592K->1634K(37568K), 0.0007470 secs] 79647K->47689K(120960K), 0.0007760 secs] [Times: user=0.00 sys=0.00, real=0.00 secs] 
111.573: Total time for which application threads were stopped: 0.0009250 seconds, Stopping threads took: 0.0000930 seconds
111.655: Application time: 0.0812510 seconds
111.655: [GC111.655: [ParNew: 34645K->1662K(37568K), 0.0007370 secs] 80700K->47717K(120960K), 0.0007650 secs] [Times: user=0.01 sys=0.00, real=0.01 secs] 
111.655: Total time for which application threads were stopped: 0.0008940 seconds, Stopping threads took: 0.0000720 seconds
111.736: Application time: 0.0808580 seconds
111.736: [GC111.736: [ParNew: 34675K->1690K(37568K), 0.0007430 secs] 80730K->47745K(120960K), 0.0007690 secs] [Times: user=0.01 sys=0.00, real=0.00 secs] 
111.737: Total time for which application threads were stopped: 0.0008900 seconds, Stopping threads took: 0.0000550 seconds
111.819: Application time: 0.0819460 seconds
111.819: [GC111.819: [ParNew: 34626K->1178K(37568K), 0.0005310 secs] 80682K->47233K(120960K), 0.0005620 secs] [Times: user=0.01 sys=0.00, real=0.00 secs] 
111.820: Total time for which application threads were stopped: 0.0007060 seconds, Stopping threads took: 0.0000880 seconds
111.901: Application time: 0.0812960 seconds
111.901: [GC111.901: [ParNew: 34110K->1180K(37568K), 0.0005490 secs] 80165K->47235K(120960K), 0.0005760 secs] [Times: user=0.00 sys=0.00, real=0.00 secs] 
111.902: Total time for which application threads were stopped: 0.0007000 seconds, Stopping threads took: 0.0000690 seconds
111.983: Application time: 0.0816650 seconds
111.984: [GC111.984: [ParNew: 34191K->1208K(37568K), 0.0005280 secs] 80246K->47263K(120960K), 0.0005660 secs] [Times: user=0.01 sys=0.00, real=0.00 secs] 
111.984: Total time for which application threads were stopped: 0.0007050 seconds, Stopping threads took: 0.0000840 seconds
112.065: Application time: 0.0807340 seconds
112.065: [GC112.065: [ParNew: 34301K->1264K(37568K), 0.0005590 secs] 80356K->47319K(120960K), 0.0005870 secs] [Times: user=0.01 sys=0.00, real=0.00 secs] 
112.066: Total time for which application threads were stopped: 0.0007010 seconds, Stopping threads took: 0.0000580 seconds
112.146: Application time: 0.0805810 seconds
112.146: [GC112.146: [ParNew: 34353K->1776K(37568K), 0.0007360 secs] 80408K->47831K(120960K), 0.0007680 secs] [Times: user=0.00 sys=0.00, real=0.01 secs] 
112.147: Total time for which application threads were stopped: 0.0009420 seconds, Stopping threads took: 0.0001140 seconds
112.228: Application time: 0.0805120 seconds
112.228: [GC112.228: [ParNew: 34787K->2288K(37568K), 0.0008670 secs] 80842K->48343K(120960K), 0.0008960 secs] [Times: user=0.00 sys=0.00, real=0.00 secs] 
112.229: Total time for which application threads were stopped: 0.0010150 seconds, Stopping threads took: 0.0000610 seconds
112.310: Application time: 0.0813840 seconds
112.310: [GC112.310: [ParNew: 35301K->2118K(37568K), 0.0009100 secs] 81356K->48389K(120960K), 0.0009390 secs] [Times: user=0.00 sys=0.01, real=0.00 secs] 
112.311: Total time for which application threads were stopped: 0.0010930 seconds, Stopping threads took: 0.0000850 seconds
112.392: Application time: 0.0806900 seconds
112.392: [GC112.392: [ParNew: 35131K->2118K(37568K), 0.0008240 secs] 81402K->48453K(120960K), 0.0008540 secs] [Times: user=0.01 sys=0.00, real=0.00 secs] 
112.393: Total time for which application threads were stopped: 0.0009690 seconds, Stopping threads took: 0.0000560 seconds
112.474: Application time: 0.0813470 seconds
112.474: [GC112.474: [ParNew: 35050K->2086K(37568K), 0.0008670 secs] 81386K->48469K(120960K), 0.0008980 secs] [Times: user=0.01 sys=0.00, real=0.01 secs] 
112.475: Total time for which application threads were stopped: 0.0010210 seconds, Stopping threads took: 0.0000620 seconds
112.556: Application time: 0.0811640 seconds
112.556: [GC112.556: [ParNew: 35018K->2088K(37568K), 0.0008010 secs] 81402K->48471K(120960K), 0.0008310 secs] [Times: user=0.01 sys=0.00, real=0.00 secs] 
112.557: Total time for which application threads were stopped: 0.0009590 seconds, Stopping threads took: 0.0000680 seconds
112.639: Application time: 0.0816360 seconds
112.639: [GC112.639: [ParNew: 35099K->2114K(37568K), 0.0008900 secs] 81482K->48497K(120960K), 0.0009200 secs] [Times: user=0.00 sys=0.00, real=0.00 secs] 
112.640: Total time for which application threads were stopped: 0.0010490 seconds, Stopping threads took: 0.0000660 seconds
112.721: Application time: 0.0814710 seconds
112.722: [GC112.722: [ParNew: 35205K->2148K(37568K), 0.0008550 secs] 81588K->48595K(120960K), 0.0008840 secs] [Times: user=0.00 sys=0.00, real=0.00 secs] 
112.723: Total time for which application threads were stopped: 0.0010020 seconds, Stopping threads took: 0.0000580 seconds
112.803: Application time: 0.0804650 seconds
112.803: [GC112.803: [ParNew: 35237K->2120K(37568K), 0.0008560 secs] 81684K->48699K(120960K), 0.0008890 secs] [Times: user=0.00 sys=0.00, real=0.00 secs] 
112.804: Total time for which application threads were stopped: 0.0010280 seconds, Stopping threads took: 0.0000740 seconds
112.886: Application time: 0.0817860 seconds
112.886: [GC112.886: [ParNew: 35133K->2090K(37568K), 0.0009010 secs] 81712K->48765K(120960K), 0.0009300 secs] [Times: user=0.00 sys=0.00, real=0.00 secs] 
112.887: Total time for which application threads were stopped: 0.0010660 seconds, Stopping threads took: 0.0000700 seconds
112.968: Application time: 0.0810670 seconds
112.968: [GC112.968: [ParNew: 35103K->2118K(37568K), 0.0008170 secs] 81778K->48793K(120960K), 0.0008460 secs] [Times: user=0.01 sys=0.00, real=0.00 secs] 
112.969: Total time for which application threads were stopped: 0.0009840 seconds, Stopping threads took: 0.0000710 seconds
113.050: Application time: 0.0813600 seconds
113.050: [GC113.050: [ParNew: 35131K->2118K(37568K), 0.0008570 secs] 81806K->48857K(120960K), 0.0008870 secs] [Times: user=0.00 sys=0.00, real=0.00 secs] 
113.051: Total time for which application threads were stopped: 0.0010170 seconds, Stopping threads took: 0.0000690 seconds
113.132: Application time: 0.0809210 seconds
113.132: [GC113.132: [ParNew: 35050K->2088K(37568K), 0.0008780 secs] 81790K->48899K(120960K), 0.0009080 secs] [Times: user=0.01 sys=0.00, real=0.00 secs] 
113.133: Total time for which application threads were stopped: 0.0010430 seconds, Stopping threads took: 0.0000750 seconds
113.216: Application time: 0.0826140 seconds
113.216: [GC113.216: [ParNew: 35024K->1576K(37568K), 0.0006600 secs] 81836K->48387K(120960K), 0.0006870 secs] [Times: user=0.00 sys=0.00, real=0.00 secs] 
113.217: Total time for which application threads were stopped: 0.0009130 seconds, Stopping threads took: 0.0001700 seconds
113.298: Application time: 0.0810140 seconds
113.298: [GC113.298: [ParNew: 34587K->1606K(37568K), 0.0006530 secs] 81398K->48417K(120960K), 0.0006830 secs] [Times: user=0.00 sys=0.00, real=0.00 secs] 
113.299: Total time for which application threads were stopped: 0.0008090 seconds, Stopping threads took: 0.0000670 seconds
113.380: Application time: 0.0817060 seconds
113.380: [GC113.380: [ParNew: 34699K->1664K(37568K), 0.0006910 secs] 81510K->48475K(120960K), 0.0007220 secs] [Times: user=0.00 sys=0.00, real=0.00 secs] 
113.381: Total time for which application threads were stopped: 0.0008560 seconds, Stopping threads took: 0.0000750 seconds
113.463: Application time: 0.0813680 seconds
113.463: [GC113.463: [ParNew: 34753K->1720K(37568K), 0.0007330 secs] 81565K->48532K(120960K), 0.0007630 secs] [Times: user=0.01 sys=0.00, real=0.00 secs] 
113.464: Total time for which application threads were stopped: 0.0009600 seconds, Stopping threads took: 0.0001320 seconds
113.545: Application time: 0.0815770 seconds
113.545: [GC113.545: [ParNew: 34733K->2260K(37568K), 0.0009580 secs] 81544K->49072K(120960K), 0.0009890 secs] [Times: user=0.01 sys=0.00, real=0.00 secs] 
113.546: Total time for which application threads were stopped: 0.0011170 seconds, Stopping threads took: 0.0000680 seconds
113.628: Application time: 0.0819850 seconds
113.628: [GC113.628: [ParNew: 35277K->1604K(37568K), 0.0007240 secs] 82089K->48632K(120960K), 0.0007500 secs] [Times: user=0.01 sys=0.00, real=0.00 secs] 
113.629: Total time for which application threads were stopped: 0.0008610 seconds, Stopping threads took: 0.0000540 seconds
113.711: Application time: 0.0820420 seconds
113.711: [GC113.711: [ParNew: 34617K->1636K(37568K), 0.0006410 secs] 81644K->48664K(120960K), 0.0006690 secs] [Times: user=0.01 sys=0.00, real=0.00 secs] 
113.712: Total time for which application threads were stopped: 0.0008050 seconds, Stopping threads took: 0.0000790 seconds
113.793: Application time: 0.0809130 seconds
113.793: [GC113.793: [ParNew: 34568K->1636K(37568K), 0.0006810 secs] 81596K->48664K(120960K), 0.0007090 secs] [Times: user=0.00 sys=0.00, real=0.00 secs] 
113.794: Total time for which application threads were stopped: 0.0008340 seconds, Stopping threads took: 0.0000680 seconds
113.874: Application time: 0.0808460 seconds
113.875: [GC113.875: [ParNew: 34568K->1634K(37568K), 0.0006840 secs] 81596K->48662K(120960K), 0.0007140 secs] [Times: user=0.00 sys=0.00, real=0.01 secs] 
113.875: Total time for which application threads were stopped: 0.0008280 seconds, Stopping threads took: 0.0000570 seconds
113.956: Application time: 0.0805020 seconds
113.956: [GC113.956: [ParNew: 34725K->1692K(37568K), 0.0006800 secs] 81753K->48720K(120960K), 0.0007080 secs] [Times: user=0.00 sys=0.00, real=0.00 secs] 
113.957: Total time for which application threads were stopped: 0.0008300 seconds, Stopping threads took: 0.0000640 seconds
114.037: Application time: 0.0806100 seconds
114.037: [GC114.037: [ParNew: 34705K->1720K(37568K), 0.0006940 secs] 81733K->48748K(120960K), 0.0007330 secs] [Times: user=0.00 sys=0.00, real=0.00 secs] 
114.038: Total time for which application threads were stopped: 0.0008610 seconds, Stopping threads took: 0.0000610 seconds
114.119: Application time: 0.0809080 seconds
114.119: [GC114.119: [ParNew: 34809K->1774K(37568K), 0.0008130 secs] 81837K->48802K(120960K), 0.0008430 secs] [Times: user=0.00 sys=0.00, real=0.00 secs] 
114.120: Total time for which application threads were stopped: 0.0009690 seconds, Stopping threads took: 0.0000680 seconds
114.201: Application time: 0.0812930 seconds
114.201: [GC114.201: [ParNew: 34787K->1776K(37568K), 0.0007240 secs] 81815K->48804K(120960K), 0.0007530 secs] [Times: user=0.01 sys=0.00, real=0.00 secs] 
114.202: Total time for which application threads were stopped: 0.0008790 seconds, Stopping threads took: 0.0000700 seconds
114.284: Application time: 0.0817080 seconds
114.284: [GC114.284: [ParNew: 34789K->1776K(37568K), 0.0007210 secs] 81817K->48804K(120960K), 0.0007510 secs] [Times: user=0.01 sys=0.00, real=0.00 secs] 
114.285: Total time for which application threads were stopped: 0.0008730 seconds, Stopping threads took: 0.0000630 seconds
114.367: Application time: 0.0818450 seconds
114.367: [GC114.367: [ParNew: 34789K->1776K(37568K), 0.0006980 secs] 81817K->48804K(120960K), 0.0007290 secs] [Times: user=0.00 sys=0.00, real=0.01 secs] 
114.367: Total time for which application threads were stopped: 0.0008520 seconds, Stopping threads took: 0.0000660 seconds
114.448: Application time: 0.0809730 seconds
114.449: [GC114.449: [ParNew: 34713K->1264K(37568K), 0.0004980 secs] 81740K->48292K(120960K), 0.0005240 secs] [Times: user=0.00 sys=0.00, real=0.00 secs] 
114.449: Total time for which application threads were stopped: 0.0006340 seconds, Stopping threads took: 0.0000570 seconds
114.532: Application time: 0.0829030 seconds
114.532: [GC114.532: [ParNew: 34194K->1776K(37568K), 0.0007040 secs] 81222K->48804K(120960K), 0.0007350 secs] [Times: user=0.01 sys=0.00, real=0.00 secs] 
114.533: Total time for which application threads were stopped: 0.0008640 seconds, Stopping threads took: 0.0000660 seconds
114.615: Application time: 0.0824130 seconds
114.615: [GC114.615: [ParNew: 34867K->1774K(37568K), 0.0007920 secs] 81895K->48802K(120960K), 0.0008220 secs] [Times: user=0.01 sys=0.00, real=0.00 secs] 
114.616: Total time for which application threads were stopped: 0.0009540 seconds, Stopping threads took: 0.0000650 seconds
114.698: Application time: 0.0819630 seconds
114.698: [GC114.698: [ParNew: 34793K->1262K(37568K), 0.0006430 secs] 81821K->48290K(120960K), 0.0006700 secs] [Times: user=0.01 sys=0.00, real=0.00 secs] 
114.699: Total time for which application threads were stopped: 0.0007940 seconds, Stopping threads took: 0.0000690 seconds
114.779: Application time: 0.0802190 seconds
114.779: [GC114.779: [ParNew: 34355K->1262K(37568K), 0.0006420 secs] 81383K->48314K(120960K), 0.0006690 secs] [Times: user=0.00 sys=0.00, real=0.00 secs] 
114.780: Total time for which application threads were stopped: 0.0007880 seconds, Stopping threads took: 0.0000620 seconds
114.862: Application time: 0.0821300 seconds
114.862: [GC114.862: [ParNew: 34275K->1264K(37568K), 0.0005460 secs] 81327K->48332K(120960K), 0.0005710 secs] [Times: user=0.00 sys=0.00, real=0.00 secs] 
114.863: Total time for which application threads were stopped: 0.0007000 seconds, Stopping threads took: 0.0000750 seconds
114.943: Application time: 0.0800450 seconds
114.943: [GC114.943: [ParNew: 34277K->1264K(37568K), 0.0005910 secs] 81345K->48356K(120960K), 0.0006200 secs] [Times: user=0.00 sys=0.00, real=0.00 secs] 
114.944: Total time for which application threads were stopped: 0.0007470 seconds, Stopping threads took: 0.0000690 seconds
115.024: Application time: 0.0807280 seconds
115.024: [GC115.024: [ParNew: 34277K->1264K(37568K), 0.0005340 secs] 81369K->48356K(120960K), 0.0005610 secs] [Times: user=0.00 sys=0.00, real=0.00 secs] 
115.025: Total time for which application threads were stopped: 0.0006690 seconds, Stopping threads took: 0.0000540 seconds
115.106: Application time: 0.0805750 seconds
115.106: [GC115.106: [ParNew: 34196K->1264K(37568K), 0.0005780 secs] 81288K->48356K(120960K), 0.0006130 secs] [Times: user=0.00 sys=0.00, real=0.00 secs] 
115.106: Total time for which application threads were stopped: 0.0007320 seconds, Stopping threads took: 0.0000640 seconds
115.187: Application time: 0.0811410 seconds
115.188: [GC115.188: [ParNew: 34194K->1776K(37568K), 0.0007590 secs] 81286K->48892K(120960K), 0.0007890 secs] [Times: user=0.01 sys=0.00, real=0.00 secs] 
115.188: Total time for which application threads were stopped: 0.0009300 seconds, Stopping threads took: 0.0000760 seconds
115.270: Application time: 0.0813130 seconds
115.270: [GC115.270: [ParNew: 34869K->1776K(37568K), 0.0006970 secs] 81985K->48908K(120960K), 0.0007260 secs] [Times: user=0.00 sys=0.00, real=0.00 secs] 
115.271: Total time for which application threads were stopped: 0.0008510 seconds, Stopping threads took: 0.0000670 seconds
115.352: Application time: 0.0813300 seconds
115.352: [GC115.352: [ParNew: 34789K->1776K(37568K), 0.0007370 secs] 81921K->48924K(120960K), 0.0007650 secs] [Times: user=0.01 sys=0.00, real=0.00 secs] 
115.353: Total time for which application threads were stopped: 0.0008870 seconds, Stopping threads took: 0.0000640 seconds
115.435: Application time: 0.0817230 seconds
115.435: [GC115.435: [ParNew: 34869K->1776K(37568K), 0.0007160 secs] 82017K->48940K(120960K), 0.0007450 secs] [Times: user=0.00 sys=0.00, real=0.01 secs] 
115.435: Total time for which application threads were stopped: 0.0008660 seconds, Stopping threads took: 0.0000620 seconds
115.518: Application time: 0.0828930 seconds
115.518: [GC115.518: [ParNew: 34791K->1260K(37568K), 0.0006330 secs] 81955K->48432K(120960K), 0.0006600 secs] [Times: user=0.00 sys=0.00, real=0.00 secs] 
115.519: Total time for which application threads were stopped: 0.0007910 seconds, Stopping threads took: 0.0000700 seconds
115.600: Application time: 0.0811320 seconds
115.600: [GC115.600: [ParNew: 34275K->1262K(37568K), 0.0006760 secs] 81447K->48450K(120960K), 0.0007060 secs] [Times: user=0.00 sys=0.00, real=0.00 secs] 
115.601: Total time for which application threads were stopped: 0.0008260 seconds, Stopping threads took: 0.0000640 seconds
115.682: Application time: 0.0808980 seconds
115.682: [GC115.682: [ParNew: 34275K->1258K(37568K), 0.0006870 secs] 81463K->48446K(120960K), 0.0007160 secs] [Times: user=0.00 sys=0.00, real=0.00 secs] 
115.683: Total time for which application threads were stopped: 0.0008340 seconds, Stopping threads took: 0.0000640 seconds
115.764: Application time: 0.0811150 seconds
115.764: [GC115.764: [ParNew: 34190K->1262K(37568K), 0.0006270 secs] 81378K->48450K(120960K), 0.0006530 secs] [Times: user=0.01 sys=0.00, real=0.00 secs] 
115.765: Total time for which application threads were stopped: 0.0007880 seconds, Stopping threads took: 0.0000710 seconds
115.846: Application time: 0.0808630 seconds
115.846: [GC115.846: [ParNew: 34194K->1262K(37568K), 0.0006410 secs] 81382K->48458K(120960K), 0.0006710 secs] [Times: user=0.00 sys=0.00, real=0.00 secs] 
115.846: Total time for which application threads were stopped: 0.0007940 seconds, Stopping threads took: 0.0000680 seconds
115.928: Application time: 0.0815910 seconds
115.928: [GC115.928: [ParNew: 34355K->1264K(37568K), 0.0005580 secs] 81551K->48476K(120960K), 0.0005880 secs] [Times: user=0.01 sys=0.00, real=0.00 secs] 
115.929: Total time for which application threads were stopped: 0.0007000 seconds, Stopping threads took: 0.0000540 seconds
116.013: Application time: 0.0839650 seconds
116.013: [GC116.013: [ParNew: 34277K->1264K(37568K), 0.0005960 secs] 81488K->48492K(120960K), 0.0006290 secs] [Times: user=0.01 sys=0.00, real=0.00 secs] 
116.013: Total time for which application threads were stopped: 0.0007380 seconds, Stopping threads took: 0.0000530 seconds
116.094: Application time: 0.0810830 seconds
116.095: [GC116.095: [ParNew: 34357K->1776K(37568K), 0.0007150 secs] 81585K->49020K(120960K), 0.0007440 secs] [Times: user=0.01 sys=0.00, real=0.01 secs] 
116.095: Total time for which application threads were stopped: 0.0008860 seconds, Stopping threads took: 0.0000750 seconds
116.176: Application time: 0.0805500 seconds
116.176: [GC116.176: [ParNew: 34789K->1774K(37568K), 0.0007570 secs] 82033K->49026K(120960K), 0.0007830 secs] [Times: user=0.01 sys=0.00, real=0.00 secs] 
116.177: Total time for which application threads were stopped: 0.0009000 seconds, Stopping threads took: 0.0000580 seconds
116.257: Application time: 0.0807120 seconds
116.258: [GC116.258: [ParNew: 34783K->2288K(37568K), 0.0009760 secs] 82035K->49548K(120960K), 0.0010080 secs] [Times: user=0.01 sys=0.00, real=0.00 secs] 
116.259: Total time for which application threads were stopped: 0.0011460 seconds, Stopping threads took: 0.0000760 seconds
116.339: Application time: 0.0808470 seconds
116.340: [GC116.340: [ParNew: 35221K->2090K(37568K), 0.0009610 secs] 82480K->49590K(120960K), 0.0009930 secs] [Times: user=0.00 sys=0.00, real=0.00 secs] 
116.341: Total time for which application threads were stopped: 0.0011300 seconds, Stopping threads took: 0.0000700 seconds
116.422: Application time: 0.0810300 seconds
116.422: [GC116.422: [ParNew: 35103K->2116K(37568K), 0.0009140 secs] 82603K->49616K(120960K), 0.0009450 secs] [Times: user=0.01 sys=0.00, real=0.00 secs] 
116.423: Total time for which application threads were stopped: 0.0010800 seconds, Stopping threads took: 0.0000730 seconds
116.503: Application time: 0.0806890 seconds
116.504: [GC116.504: [ParNew: 35048K->2090K(37568K), 0.0008200 secs] 82548K->49646K(120960K), 0.0008510 secs] [Times: user=0.01 sys=0.00, real=0.00 secs] 
116.504: Total time for which application threads were stopped: 0.0009810 seconds, Stopping threads took: 0.0000690 seconds
116.588: Application time: 0.0834080 seconds
116.588: [GC116.588: [ParNew: 35181K->2144K(37568K), 0.0008890 secs] 82737K->49700K(120960K), 0.0009220 secs] [Times: user=0.01 sys=0.00, real=0.00 secs] 
116.589: Total time for which application threads were stopped: 0.0010400 seconds, Stopping threads took: 0.0000550 seconds
116.669: Application time: 0.0806260 seconds
116.670: [GC116.670: [ParNew: 35157K->2092K(37568K), 0.0009270 secs] 82713K->49776K(120960K), 0.0009590 secs] [Times: user=0.01 sys=0.00, real=0.00 secs] 
116.671: Total time for which application threads were stopped: 0.0010780 seconds, Stopping threads took: 0.0000570 seconds
116.752: Application time: 0.0811800 seconds
116.752: [GC116.752: [ParNew: 35185K->2148K(37568K), 0.0008200 secs] 82869K->49832K(120960K), 0.0008510 secs] [Times: user=0.00 sys=0.00, real=0.00 secs] 
116.753: Total time for which application threads were stopped: 0.0009850 seconds, Stopping threads took: 0.0000720 seconds
116.834: Application time: 0.0808310 seconds
116.834: [GC116.834: [ParNew: 35161K->2088K(37568K), 0.0009030 secs] 82845K->49900K(120960K), 0.0009350 secs] [Times: user=0.01 sys=0.00, real=0.00 secs] 
116.835: Total time for which application threads were stopped: 0.0010540 seconds, Stopping threads took: 0.0000610 seconds
116.916: Application time: 0.0812490 seconds
116.916: [GC116.916: [ParNew: 35103K->1606K(37568K), 0.0006470 secs] 82915K->49418K(120960K), 0.0006760 secs] [Times: user=0.00 sys=0.00, real=0.00 secs] 
116.917: Total time for which application threads were stopped: 0.0008400 seconds, Stopping threads took: 0.0000970 seconds
116.998: Application time: 0.0811010 seconds
116.998: [GC116.998: [ParNew: 34538K->1608K(37568K), 0.0006770 secs] 82351K->49420K(120960K), 0.0007060 secs] [Times: user=0.00 sys=0.00, real=0.00 secs] 
116.999: Total time for which application threads were stopped: 0.0008320 seconds, Stopping threads took: 0.0000690 seconds
117.080: Application time: 0.0809140 seconds
117.080: [GC117.080: [ParNew: 34621K->1636K(37568K), 0.0006890 secs] 82433K->49448K(120960K), 0.0007170 secs] [Times: user=0.01 sys=0.00, real=0.00 secs] 
117.080: Total time for which application threads were stopped: 0.0008300 seconds, Stopping threads took: 0.0000550 seconds
117.161: Application time: 0.0806800 seconds
117.161: [GC117.161: [ParNew: 34568K->1636K(37568K), 0.0006760 secs] 82381K->49448K(120960K), 0.0007070 secs] [Times: user=0.01 sys=0.00, real=0.00 secs] 
117.162: Total time for which application threads were stopped: 0.0008370 seconds, Stopping threads took: 0.0000740 seconds
117.243: Application time: 0.0811850 seconds
117.243: [GC117.243: [ParNew: 34727K->1692K(37568K), 0.0006570 secs] 82539K->49504K(120960K), 0.0006850 secs] [Times: user=0.01 sys=0.00, real=0.00 secs] 
117.244: Total time for which application threads were stopped: 0.0007980 seconds, Stopping threads took: 0.0000550 seconds
117.326: Application time: 0.0820420 seconds
117.326: [GC117.326: [ParNew: 34705K->1720K(37568K), 0.0006600 secs] 82517K->49532K(120960K), 0.0006900 secs] [Times: user=0.01 sys=0.00, real=0.00 secs] 
117.327: Total time for which application threads were stopped: 0.0008130 seconds, Stopping threads took: 0.0000630 seconds
117.408: Application time: 0.0812240 seconds
117.408: [GC117.408: [ParNew: 34811K->1772K(37568K), 0.0008020 secs] 82623K->49584K(120960K), 0.0008300 secs] [Times: user=0.00 sys=0.00, real=0.00 secs] 
117.409: Total time for which application threads were stopped: 0.0009600 seconds, Stopping threads took: 0.0000710 seconds
117.490: Application time: 0.0814200 seconds
117.490: [GC117.490: [ParNew: 34785K->1776K(37568K), 0.0007100 secs] 82597K->49588K(120960K), 0.0007400 secs] [Times: user=0.01 sys=0.00, real=0.00 secs] 
117.491: Total time for which application threads were stopped: 0.0008810 seconds, Stopping threads took: 0.0000740 seconds
117.573: Application time: 0.0815800 seconds
117.573: [GC117.573: [ParNew: 34793K->1264K(37568K), 0.0005640 secs] 82605K->49076K(120960K), 0.0005900 secs] [Times: user=0.00 sys=0.00, real=0.00 secs] 
117.574: Total time for which application threads were stopped: 0.0007140 seconds, Stopping threads took: 0.0000700 seconds
117.655: Application time: 0.0813050 seconds
117.655: [GC117.655: [ParNew: 34196K->1264K(37568K), 0.0005780 secs] 82009K->49076K(120960K), 0.0006050 secs] [Times: user=0.01 sys=0.00, real=0.01 secs] 
117.656: Total time for which application threads were stopped: 0.0008260 seconds, Stopping threads took: 0.0001680 seconds
117.737: Application time: 0.0810070 seconds
117.737: [GC117.737: [ParNew: 34273K->1774K(37568K), 0.0007970 secs] 82085K->49586K(120960K), 0.0008230 secs] [Times: user=0.01 sys=0.00, real=0.00 secs] 
117.738: Total time for which application threads were stopped: 0.0009870 seconds, Stopping threads took: 0.0001050 seconds
117.819: Application time: 0.0812260 seconds
117.819: [GC117.819: [ParNew: 34711K->1776K(37568K), 0.0007450 secs] 82523K->49588K(120960K), 0.0007730 secs] [Times: user=0.00 sys=0.00, real=0.00 secs] 
117.820: Total time for which application threads were stopped: 0.0008920 seconds, Stopping threads took: 0.0000640 seconds
117.901: Application time: 0.0808850 seconds
117.901: [GC117.901: [ParNew: 34863K->2288K(37568K), 0.0008840 secs] 82676K->50100K(120960K), 0.0009120 secs] [Times: user=0.01 sys=0.00, real=0.00 secs] 
117.902: Total time for which application threads were stopped: 0.0010340 seconds, Stopping threads took: 0.0000630 seconds
117.984: Application time: 0.0822800 seconds
117.984: [GC117.984: [ParNew: 35299K->2090K(37568K), 0.0009190 secs] 83111K->50146K(120960K), 0.0009510 secs] [Times: user=0.00 sys=0.00, real=0.00 secs] 
117.985: Total time for which application threads were stopped: 0.0010710 seconds, Stopping threads took: 0.0000570 seconds
118.067: Application time: 0.0822550 seconds
118.067: [GC118.067: [ParNew: 35181K->2146K(37568K), 0.0008940 secs] 83238K->50202K(120960K), 0.0009250 secs] [Times: user=0.01 sys=0.00, real=0.00 secs] 
118.068: Total time for which application threads were stopped: 0.0010640 seconds, Stopping threads took: 0.0000680 seconds
118.150: Application time: 0.0814500 seconds
118.150: [GC118.150: [ParNew: 35078K->2060K(37568K), 0.0008680 secs] 83135K->50252K(120960K), 0.0008990 secs] [Times: user=0.01 sys=0.00, real=0.00 secs] 
118.151: Total time for which application threads were stopped: 0.0010250 seconds, Stopping threads took: 0.0000650 seconds
118.233: Application time: 0.0823640 seconds
118.233: [GC118.233: [ParNew: 35157K->1608K(37568K), 0.0006860 secs] 83349K->49800K(120960K), 0.0007220 secs] [Times: user=0.01 sys=0.00, real=0.00 secs] 
118.234: Total time for which application threads were stopped: 0.0008490 seconds, Stopping threads took: 0.0000680 seconds
118.314: Application time: 0.0801060 seconds
118.314: [GC118.314: [ParNew: 34619K->2146K(37568K), 0.0008710 secs] 82811K->50338K(120960K), 0.0009010 secs] [Times: user=0.01 sys=0.00, real=0.01 secs] 
118.315: Total time for which application threads were stopped: 0.0010470 seconds, Stopping threads took: 0.0000860 seconds
118.397: Application time: 0.0812890 seconds
118.397: [GC118.397: [ParNew: 35078K->2086K(37568K), 0.0008720 secs] 83271K->50390K(120960K), 0.0009000 secs] [Times: user=0.01 sys=0.00, real=0.00 secs] 
118.398: Total time for which application threads were stopped: 0.0010600 seconds, Stopping threads took: 0.0001010 seconds
118.480: Application time: 0.0820420 seconds
118.480: [GC118.480: [ParNew: 35020K->2088K(37568K), 0.0008020 secs] 83325K->50392K(120960K), 0.0008320 secs] [Times: user=0.01 sys=0.00, real=0.00 secs] 
118.481: Total time for which application threads were stopped: 0.0009580 seconds, Stopping threads took: 0.0000630 seconds
118.562: Application time: 0.0815190 seconds
118.562: [GC118.562: [ParNew: 35177K->2148K(37568K), 0.0008550 secs] 83482K->50453K(120960K), 0.0008860 secs] [Times: user=0.00 sys=0.00, real=0.00 secs] 
118.563: Total time for which application threads were stopped: 0.0010030 seconds, Stopping threads took: 0.0000590 seconds
118.645: Application time: 0.0814250 seconds
118.645: [GC118.645: [ParNew: 35161K->2088K(37568K), 0.0009340 secs] 83465K->50520K(120960K), 0.0009630 secs] [Times: user=0.00 sys=0.00, real=0.00 secs] 
118.646: Total time for which application threads were stopped: 0.0010970 seconds, Stopping threads took: 0.0000660 seconds
118.727: Application time: 0.0818050 seconds
118.728: [GC118.728: [ParNew: 35185K->1630K(37568K), 0.0007990 secs] 83618K->50063K(120960K), 0.0008250 secs] [Times: user=0.01 sys=0.00, real=0.00 secs] 
118.728: Total time for which application threads were stopped: 0.0009390 seconds, Stopping threads took: 0.0000560 seconds
118.811: Application time: 0.0821900 seconds
118.811: [GC118.811: [ParNew: 34566K->1124K(37568K), 0.0005630 secs] 82999K->49557K(120960K), 0.0005900 secs] [Times: user=0.00 sys=0.00, real=0.00 secs] 
118.811: Total time for which application threads were stopped: 0.0007040 seconds, Stopping threads took: 0.0000590 seconds
118.892: Application time: 0.0806520 seconds
118.892: [GC118.892: [ParNew: 34211K->1690K(37568K), 0.0007510 secs] 82644K->50123K(120960K), 0.0007790 secs] [Times: user=0.00 sys=0.00, real=0.00 secs] 
118.893: Total time for which application threads were stopped: 0.0009050 seconds, Stopping threads took: 0.0000700 seconds
118.973: Application time: 0.0804370 seconds
118.973: [GC118.973: [ParNew: 34703K->1720K(37568K), 0.0007150 secs] 83135K->50153K(120960K), 0.0007440 secs] [Times: user=0.00 sys=0.00, real=0.00 secs] 
118.974: Total time for which application threads were stopped: 0.0008670 seconds, Stopping threads took: 0.0000640 seconds
119.055: Application time: 0.0805350 seconds
119.055: [GC119.055: [ParNew: 34652K->1720K(37568K), 0.0007030 secs] 83085K->50153K(120960K), 0.0007340 secs] [Times: user=0.00 sys=0.00, real=0.01 secs] 
119.056: Total time for which application threads were stopped: 0.0008550 seconds, Stopping threads took: 0.0000610 seconds
119.136: Application time: 0.0804490 seconds
119.136: [GC119.136: [ParNew: 34650K->2232K(37568K), 0.0009220 secs] 83083K->50665K(120960K), 0.0009570 secs] [Times: user=0.00 sys=0.00, real=0.00 secs] 
119.137: Total time for which application threads were stopped: 0.0010790 seconds, Stopping threads took: 0.0000600 seconds
119.217: Application time: 0.0801930 seconds
119.218: [GC119.218: [ParNew: 35321K->2660K(37568K), 0.0010510 secs] 83754K->51281K(120960K), 0.0010830 secs] [Times: user=0.00 sys=0.00, real=0.00 secs] 
119.219: Total time for which application threads were stopped: 0.0013670 seconds, Stopping threads took: 0.0002020 seconds
119.299: Application time: 0.0802190 seconds
119.299: [GC119.299: [ParNew: 35669K->3116K(37568K), 0.0012040 secs] 84290K->51877K(120960K), 0.0012400 secs] [Times: user=0.01 sys=0.01, real=0.00 secs] 
119.300: Total time for which application threads were stopped: 0.0014010 seconds, Stopping threads took: 0.0000970 seconds
119.381: Application time: 0.0810060 seconds
119.381: [GC119.381: [ParNew: 36213K->2120K(37568K), 0.0008280 secs] 84974K->50945K(120960K), 0.0008550 secs] [Times: user=0.00 sys=0.00, real=0.00 secs] 
119.382: Total time for which application threads were stopped: 0.0010390 seconds, Stopping threads took: 0.0001260 seconds
119.464: Application time: 0.0818840 seconds
119.464: [GC119.464: [ParNew: 35056K->2060K(37568K), 0.0008530 secs] 83882K->50981K(120960K), 0.0008830 secs] [Times: user=0.00 sys=0.00, real=0.00 secs] 
119.465: Total time for which application threads were stopped: 0.0010150 seconds, Stopping threads took: 0.0000720 seconds
119.546: Application time: 0.0808920 seconds
119.546: [GC119.546: [ParNew: 35155K->1606K(37568K), 0.0007180 secs] 84076K->50527K(120960K), 0.0007490 secs] [Times: user=0.00 sys=0.00, real=0.00 secs] 
119.547: Total time for which application threads were stopped: 0.0008790 seconds, Stopping threads took: 0.0000720 seconds
119.628: Application time: 0.0810440 seconds
119.628: [GC119.628: [ParNew: 34617K->1634K(37568K), 0.0006640 secs] 83538K->50555K(120960K), 0.0006920 secs] [Times: user=0.01 sys=0.00, real=0.00 secs] 
119.629: Total time for which application threads were stopped: 0.0008860 seconds, Stopping threads took: 0.0001380 seconds
119.710: Application time: 0.0810930 seconds
119.710: [GC119.710: [ParNew: 34564K->2146K(37568K), 0.0008940 secs] 83485K->51067K(120960K), 0.0009250 secs] [Times: user=0.00 sys=0.00, real=0.00 secs] 
119.711: Total time for which application threads were stopped: 0.0010700 seconds, Stopping threads took: 0.0000780 seconds
119.792: Application time: 0.0812110 seconds
119.792: [GC119.792: [ParNew: 35078K->1576K(37568K), 0.0007910 secs] 84000K->50585K(120960K), 0.0008200 secs] [Times: user=0.01 sys=0.00, real=0.00 secs] 
119.793: Total time for which application threads were stopped: 0.0009760 seconds, Stopping threads took: 0.0000900 seconds
119.874: Application time: 0.0810310 seconds
119.874: [GC119.874: [ParNew: 34671K->1636K(37568K), 0.0006690 secs] 83680K->50645K(120960K), 0.0006930 secs] [Times: user=0.01 sys=0.00, real=0.01 secs] 
119.875: Total time for which application threads were stopped: 0.0008240 seconds, Stopping threads took: 0.0000750 seconds
119.957: Application time: 0.0815130 seconds
119.957: [GC119.957: [ParNew: 34649K->1664K(37568K), 0.0006740 secs] 83658K->50673K(120960K), 0.0007020 secs] [Times: user=0.01 sys=0.00, real=0.00 secs] 
119.957: Total time for which application threads were stopped: 0.0008330 seconds, Stopping threads took: 0.0000730 seconds
120.039: Application time: 0.0811420 seconds
120.039: [GC120.039: [ParNew: 34757K->1720K(37568K), 0.0007320 secs] 83766K->50729K(120960K), 0.0007610 secs] [Times: user=0.00 sys=0.00, real=0.00 secs] 
120.040: Total time for which application threads were stopped: 0.0008910 seconds, Stopping threads took: 0.0000720 seconds
120.121: Application time: 0.0810090 seconds
120.121: [GC120.121: [ParNew: 34652K->1720K(37568K), 0.0006880 secs] 83662K->50729K(120960K), 0.0007180 secs] [Times: user=0.00 sys=0.00, real=0.00 secs] 
120.121: Total time for which application threads were stopped: 0.0008460 seconds, Stopping threads took: 0.0000670 seconds
120.202: Application time: 0.0809870 seconds
120.202: [GC120.202: [ParNew: 34811K->1776K(37568K), 0.0007240 secs] 83820K->50785K(120960K), 0.0007540 secs] [Times: user=0.01 sys=0.00, real=0.00 secs] 
120.203: Total time for which application threads were stopped: 0.0008780 seconds, Stopping threads took: 0.0000660 seconds
120.284: Application time: 0.0807230 seconds
120.284: [GC120.284: [ParNew: 34787K->1776K(37568K), 0.0007400 secs] 83796K->50785K(120960K), 0.0007780 secs] [Times: user=0.01 sys=0.00, real=0.00 secs] 
120.285: Total time for which application threads were stopped: 0.0008940 seconds, Stopping threads took: 0.0000590 seconds
120.366: Application time: 0.0809110 seconds
120.366: [GC120.366: [ParNew: 34709K->1776K(37568K), 0.0008100 secs] 83718K->50785K(120960K), 0.0008400 secs] [Times: user=0.00 sys=0.00, real=0.00 secs] 
120.367: Total time for which application threads were stopped: 0.0009770 seconds, Stopping threads took: 0.0000680 seconds
120.448: Application time: 0.0813440 seconds
120.448: [GC120.448: [ParNew: 34709K->1776K(37568K), 0.0007070 secs] 83718K->50785K(120960K), 0.0007350 secs] [Times: user=0.00 sys=0.00, real=0.00 secs] 
120.449: Total time for which application threads were stopped: 0.0008540 seconds, Stopping threads took: 0.0000600 seconds
120.530: Application time: 0.0807130 seconds
120.530: [GC120.530: [ParNew: 34867K->1776K(37568K), 0.0007300 secs] 83876K->50785K(120960K), 0.0007610 secs] [Times: user=0.01 sys=0.00, real=0.00 secs] 
120.531: Total time for which application threads were stopped: 0.0008880 seconds, Stopping threads took: 0.0000670 seconds
120.611: Application time: 0.0805430 seconds
120.611: [GC120.611: [ParNew: 34787K->1776K(37568K), 0.0007300 secs] 83796K->50785K(120960K), 0.0007620 secs] [Times: user=0.01 sys=0.00, real=0.00 secs] 
120.612: Total time for which application threads were stopped: 0.0009950 seconds, Stopping threads took: 0.0001740 seconds
120.693: Application time: 0.0804340 seconds
120.693: [GC120.693: [ParNew: 34863K->3312K(37568K), 0.0012340 secs] 83872K->52321K(120960K), 0.0012710 secs] [Times: user=0.01 sys=0.00, real=0.00 secs] 
120.694: Total time for which application threads were stopped: 0.0014130 seconds, Stopping threads took: 0.0000760 seconds
120.775: Application time: 0.0808080 seconds
120.775: [GC120.775: [ParNew: 36245K->3086K(37568K), 0.0012860 secs] 85254K->52359K(120960K), 0.0013190 secs] [Times: user=0.00 sys=0.00, real=0.01 secs] 
120.776: Total time for which application threads were stopped: 0.0014560 seconds, Stopping threads took: 0.0000740 seconds
120.857: Application time: 0.0812040 seconds
120.858: [GC120.858: [ParNew: 36175K->3656K(37568K), 0.0013990 secs] 85449K->52929K(120960K), 0.0014350 secs] [Times: user=0.01 sys=0.00, real=0.00 secs] 
120.859: Total time for which application threads were stopped: 0.0015850 seconds, Stopping threads took: 0.0000860 seconds
120.944: Application time: 0.0845550 seconds
120.944: [GC120.944: [ParNew: 36603K->2060K(37568K), 0.0008920 secs] 85876K->51429K(120960K), 0.0009220 secs] [Times: user=0.00 sys=0.00, real=0.00 secs] 
120.945: Total time for which application threads were stopped: 0.0010540 seconds, Stopping threads took: 0.0000630 seconds
121.027: Application time: 0.0820410 seconds
121.027: [GC121.027: [ParNew: 35077K->1576K(37568K), 0.0022740 secs] 84446K->50945K(120960K), 0.0023090 secs] [Times: user=0.00 sys=0.00, real=0.01 secs] 
121.029: Total time for which application threads were stopped: 0.0024440 seconds, Stopping threads took: 0.0000730 seconds
121.111: Application time: 0.0820410 seconds
121.111: [GC121.111: [ParNew: 34512K->1066K(37568K), 0.0005120 secs] 83882K->50435K(120960K), 0.0005420 secs] [Times: user=0.00 sys=0.00, real=0.00 secs] 
121.112: Total time for which application threads were stopped: 0.0006840 seconds, Stopping threads took: 0.0000860 seconds
121.193: Application time: 0.0813760 seconds
121.193: [GC121.193: [ParNew: 34159K->612K(37568K), 0.0003560 secs] 83528K->49981K(120960K), 0.0003810 secs] [Times: user=0.00 sys=0.00, real=0.00 secs] 
121.194: Total time for which application threads were stopped: 0.0005120 seconds, Stopping threads took: 0.0000800 seconds
121.275: Application time: 0.0812040 seconds
121.275: [GC121.275: [ParNew: 33629K->640K(37568K), 0.0004040 secs] 82998K->50009K(120960K), 0.0004330 secs] [Times: user=0.00 sys=0.00, real=0.01 secs] 
121.276: Total time for which application threads were stopped: 0.0005510 seconds, Stopping threads took: 0.0000640 seconds
121.356: Application time: 0.0807380 seconds
121.356: [GC121.356: [ParNew: 33731K->1206K(37568K), 0.0006400 secs] 83100K->50576K(120960K), 0.0006790 secs] [Times: user=0.01 sys=0.00, real=0.00 secs] 
121.357: Total time for which application threads were stopped: 0.0007920 seconds, Stopping threads took: 0.0000560 seconds
121.439: Application time: 0.0814720 seconds
121.439: [GC121.439: [ParNew: 34138K->1206K(37568K), 0.0006000 secs] 83508K->50576K(120960K), 0.0006290 secs] [Times: user=0.00 sys=0.00, real=0.00 secs] 
121.439: Total time for which application threads were stopped: 0.0007460 seconds, Stopping threads took: 0.0000600 seconds
121.521: Application time: 0.0813630 seconds
121.521: [GC121.521: [ParNew: 34299K->1264K(37568K), 0.0006000 secs] 83668K->50634K(120960K), 0.0006280 secs] [Times: user=0.01 sys=0.00, real=0.00 secs] 
121.521: Total time for which application threads were stopped: 0.0007740 seconds, Stopping threads took: 0.0000820 seconds
121.602: Application time: 0.0809290 seconds
121.602: [GC121.602: [ParNew: 34277K->1264K(37568K), 0.0005640 secs] 83646K->50634K(120960K), 0.0005920 secs] [Times: user=0.01 sys=0.00, real=0.00 secs] 
121.603: Total time for which application threads were stopped: 0.0007050 seconds, Stopping threads took: 0.0000590 seconds
121.685: Application time: 0.0819820 seconds
121.685: [GC121.685: [ParNew: 34201K->752K(37568K), 0.0004360 secs] 83570K->50122K(120960K), 0.0004630 secs] [Times: user=0.00 sys=0.00, real=0.00 secs] 
121.686: Total time for which application threads were stopped: 0.0005810 seconds, Stopping threads took: 0.0000640 seconds
121.767: Application time: 0.0809490 seconds
121.767: [GC121.767: [ParNew: 33684K->752K(37568K), 0.0004580 secs] 83054K->50122K(120960K), 0.0004840 secs] [Times: user=0.00 sys=0.01, real=0.01 secs] 
121.767: Total time for which application threads were stopped: 0.0006030 seconds, Stopping threads took: 0.0000660 seconds
121.847: Application time: 0.0798590 seconds
121.847: [GC121.847: [ParNew: 33843K->752K(37568K), 0.0004750 secs] 83213K->50122K(120960K), 0.0005020 secs] [Times: user=0.01 sys=0.00, real=0.00 secs] 
121.848: Total time for which application threads were stopped: 0.0006430 seconds, Stopping threads took: 0.0000870 seconds
121.928: Application time: 0.0803370 seconds
121.928: [GC121.928: [ParNew: 33761K->1264K(37568K), 0.0005920 secs] 83130K->50634K(120960K), 0.0006200 secs] [Times: user=0.00 sys=0.00, real=0.00 secs] 
121.929: Total time for which application threads were stopped: 0.0007720 seconds, Stopping threads took: 0.0000970 seconds
122.010: Application time: 0.0811410 seconds
122.010: [GC122.010: [ParNew: 34357K->1262K(37568K), 0.0006440 secs] 83727K->50632K(120960K), 0.0006720 secs] [Times: user=0.01 sys=0.00, real=0.00 secs] 
122.011: Total time for which application threads were stopped: 0.0007850 seconds, Stopping threads took: 0.0000560 seconds
122.091: Application time: 0.0803000 seconds
122.091: [GC122.091: [ParNew: 34194K->1264K(37568K), 0.0005820 secs] 83564K->50634K(120960K), 0.0006110 secs] [Times: user=0.00 sys=0.00, real=0.00 secs] 
122.092: Total time for which application threads were stopped: 0.0007450 seconds, Stopping threads took: 0.0000700 seconds
122.173: Application time: 0.0813130 seconds
122.173: [GC122.173: [ParNew: 34353K->1262K(37568K), 0.0006440 secs] 83723K->50632K(120960K), 0.0006750 secs] [Times: user=0.00 sys=0.00, real=0.00 secs] 
122.174: Total time for which application threads were stopped: 0.0008380 seconds, Stopping threads took: 0.0001050 seconds
122.255: Application time: 0.0809700 seconds
122.255: [GC122.255: [ParNew: 34277K->1262K(37568K), 0.0006560 secs] 83646K->50648K(120960K), 0.0006830 secs] [Times: user=0.00 sys=0.01, real=0.01 secs] 
122.256: Total time for which application threads were stopped: 0.0008010 seconds, Stopping threads took: 0.0000660 seconds
122.337: Application time: 0.0811630 seconds
122.337: [GC122.337: [ParNew: 34194K->1264K(37568K), 0.0005580 secs] 83580K->50650K(120960K), 0.0005860 secs] [Times: user=0.00 sys=0.00, real=0.00 secs] 
122.338: Total time for which application threads were stopped: 0.0007170 seconds, Stopping threads took: 0.0000670 seconds
122.418: Application time: 0.0808360 seconds
122.418: [GC122.419: [ParNew: 34201K->752K(37568K), 0.0004380 secs] 83586K->50154K(120960K), 0.0004640 secs] [Times: user=0.00 sys=0.00, real=0.00 secs] 
122.419: Total time for which application threads were stopped: 0.0005850 seconds, Stopping threads took: 0.0000670 seconds
122.500: Application time: 0.0810130 seconds
122.500: [GC122.500: [ParNew: 33845K->752K(37568K), 0.0004600 secs] 83247K->50178K(120960K), 0.0004880 secs] [Times: user=0.00 sys=0.00, real=0.00 secs] 
122.501: Total time for which application threads were stopped: 0.0006050 seconds, Stopping threads took: 0.0000660 seconds
122.583: Application time: 0.0824490 seconds
122.583: [GC122.583: [ParNew: 33765K->1776K(37568K), 0.0007370 secs] 83190K->51226K(120960K), 0.0007680 secs] [Times: user=0.01 sys=0.00, real=0.00 secs] 
122.584: Total time for which application threads were stopped: 0.0009190 seconds, Stopping threads took: 0.0000920 seconds
122.665: Application time: 0.0807090 seconds
122.665: [GC122.665: [ParNew: 34867K->1776K(37568K), 0.0007450 secs] 84317K->51226K(120960K), 0.0007730 secs] [Times: user=0.01 sys=0.00, real=0.00 secs] 
122.666: Total time for which application threads were stopped: 0.0009220 seconds, Stopping threads took: 0.0000800 seconds
122.746: Application time: 0.0807950 seconds
122.747: [GC122.747: [ParNew: 34711K->1776K(37568K), 0.0007480 secs] 84160K->51242K(120960K), 0.0007790 secs] [Times: user=0.01 sys=0.00, real=0.01 secs] 
122.747: Total time for which application threads were stopped: 0.0009140 seconds, Stopping threads took: 0.0000760 seconds
122.830: Application time: 0.0822060 seconds
122.830: [GC122.830: [ParNew: 34867K->1776K(37568K), 0.0007040 secs] 84333K->51250K(120960K), 0.0007340 secs] [Times: user=0.01 sys=0.00, real=0.00 secs] 
122.830: Total time for which application threads were stopped: 0.0008650 seconds, Stopping threads took: 0.0000690 seconds
122.912: Application time: 0.0814480 seconds
122.912: [GC122.912: [ParNew: 34787K->1774K(37568K), 0.0007950 secs] 84261K->51248K(120960K), 0.0008250 secs] [Times: user=0.00 sys=0.00, real=0.00 secs] 
122.913: Total time for which application threads were stopped: 0.0009470 seconds, Stopping threads took: 0.0000640 seconds
122.994: Application time: 0.0808890 seconds
122.994: [GC122.994: [ParNew: 34707K->1776K(37568K), 0.0007320 secs] 84180K->51250K(120960K), 0.0007610 secs] [Times: user=0.01 sys=0.00, real=0.00 secs] 
122.995: Total time for which application threads were stopped: 0.0008830 seconds, Stopping threads took: 0.0000630 seconds
123.075: Application time: 0.0807120 seconds
123.075: [GC123.075: [ParNew: 34709K->1776K(37568K), 0.0007030 secs] 84182K->51266K(120960K), 0.0007270 secs] [Times: user=0.00 sys=0.00, real=0.00 secs] 
123.076: Total time for which application threads were stopped: 0.0008530 seconds, Stopping threads took: 0.0000670 seconds
123.157: Application time: 0.0812330 seconds
123.157: [GC123.157: [ParNew: 34871K->1264K(37568K), 0.0005710 secs] 84361K->50770K(120960K), 0.0005970 secs] [Times: user=0.01 sys=0.00, real=0.00 secs] 
123.158: Total time for which application threads were stopped: 0.0007180 seconds, Stopping threads took: 0.0000650 seconds
123.239: Application time: 0.0810470 seconds
123.239: [GC123.239: [ParNew: 34273K->1776K(37568K), 0.0007080 secs] 83778K->51298K(120960K), 0.0007380 secs] [Times: user=0.00 sys=0.00, real=0.00 secs] 
123.240: Total time for which application threads were stopped: 0.0008740 seconds, Stopping threads took: 0.0000680 seconds
123.320: Application time: 0.0801650 seconds
123.320: [GC123.320: [ParNew: 34867K->1776K(37568K), 0.0007410 secs] 84389K->51298K(120960K), 0.0007720 secs] [Times: user=0.01 sys=0.00, real=0.00 secs] 
123.321: Total time for which application threads were stopped: 0.0009170 seconds, Stopping threads took: 0.0000860 seconds
123.401: Application time: 0.0800020 seconds
123.401: [GC123.401: [ParNew: 34707K->2286K(37568K), 0.0008800 secs] 84228K->51824K(120960K), 0.0009200 secs] [Times: user=0.01 sys=0.00, real=0.00 secs] 
123.402: Total time for which application threads were stopped: 0.0010530 seconds, Stopping threads took: 0.0000730 seconds
123.484: Application time: 0.0814120 seconds
123.484: [GC123.484: [ParNew: 35377K->2118K(37568K), 0.0008840 secs] 84915K->51868K(120960K), 0.0009160 secs] [Times: user=0.01 sys=0.00, real=0.00 secs] 
123.485: Total time for which application threads were stopped: 0.0010550 seconds, Stopping threads took: 0.0000770 seconds
123.565: Application time: 0.0803880 seconds
123.565: [GC123.565: [ParNew: 35129K->2090K(37568K), 0.0008830 secs] 84878K->51952K(120960K), 0.0009140 secs] [Times: user=0.01 sys=0.00, real=0.00 secs] 
123.566: Total time for which application threads were stopped: 0.0010750 seconds, Stopping threads took: 0.0001000 seconds
123.646: Application time: 0.0803760 seconds
123.647: [GC123.647: [ParNew: 35020K->2602K(37568K), 0.0010250 secs] 84882K->52464K(120960K), 0.0010570 secs] [Times: user=0.01 sys=0.00, real=0.01 secs] 
123.648: Total time for which application threads were stopped: 0.0012090 seconds, Stopping threads took: 0.0000920 seconds
123.728: Application time: 0.0805270 seconds
123.728: [GC123.728: [ParNew: 35534K->2570K(37568K), 0.0011470 secs] 85396K->52480K(120960K), 0.0011790 secs] [Times: user=0.00 sys=0.00, real=0.00 secs] 
123.730: Total time for which application threads were stopped: 0.0013240 seconds, Stopping threads took: 0.0000830 seconds
123.812: Application time: 0.0820700 seconds
123.812: [GC123.812: [ParNew: 35661K->2628K(37568K), 0.0010340 secs] 85571K->52538K(120960K), 0.0010640 secs] [Times: user=0.00 sys=0.00, real=0.00 secs] 
123.813: Total time for which application threads were stopped: 0.0011960 seconds, Stopping threads took: 0.0000620 seconds
123.895: Application time: 0.0823090 seconds
123.895: [GC123.895: [ParNew: 35645K->2088K(37568K), 0.0008740 secs] 85555K->52090K(120960K), 0.0009050 secs] [Times: user=0.01 sys=0.00, real=0.00 secs] 
123.896: Total time for which application threads were stopped: 0.0010310 seconds, Stopping threads took: 0.0000640 seconds
123.978: Application time: 0.0813560 seconds
123.978: [GC123.978: [ParNew: 35181K->2146K(37568K), 0.0008600 secs] 85183K->52148K(120960K), 0.0008920 secs] [Times: user=0.01 sys=0.00, real=0.00 secs] 
123.979: Total time for which application threads were stopped: 0.0010100 seconds, Stopping threads took: 0.0000580 seconds
124.059: Application time: 0.0808500 seconds
124.059: [GC124.059: [ParNew: 35082K->1544K(37568K), 0.0006780 secs] 85084K->51674K(120960K), 0.0007080 secs] [Times: user=0.01 sys=0.00, real=0.00 secs] 
124.060: Total time for which application threads were stopped: 0.0008390 seconds, Stopping threads took: 0.0000730 seconds
124.141: Application time: 0.0810290 seconds
124.141: [GC124.141: [ParNew: 34639K->1094K(37568K), 0.0005780 secs] 84769K->51224K(120960K), 0.0006070 secs] [Times: user=0.01 sys=0.00, real=0.00 secs] 
124.142: Total time for which application threads were stopped: 0.0007140 seconds, Stopping threads took: 0.0000520 seconds
124.222: Application time: 0.0803170 seconds
124.222: [GC124.222: [ParNew: 34107K->1120K(37568K), 0.0006000 secs] 84237K->51250K(120960K), 0.0006280 secs] [Times: user=0.00 sys=0.00, real=0.00 secs] 
124.223: Total time for which application threads were stopped: 0.0008530 seconds, Stopping threads took: 0.0001700 seconds
124.304: Application time: 0.0806860 seconds
124.304: [GC124.304: [ParNew: 34050K->1634K(37568K), 0.0006710 secs] 84180K->51764K(120960K), 0.0006990 secs] [Times: user=0.00 sys=0.00, real=0.00 secs] 
124.305: Total time for which application threads were stopped: 0.0008390 seconds, Stopping threads took: 0.0000830 seconds
124.386: Application time: 0.0812260 seconds
124.387: [GC124.387: [ParNew: 34568K->1636K(37568K), 0.0006680 secs] 84698K->51766K(120960K), 0.0006970 secs] [Times: user=0.00 sys=0.00, real=0.00 secs] 
124.388: Total time for which application threads were stopped: 0.0019740 seconds, Stopping threads took: 0.0012130 seconds
124.469: Application time: 0.0813020 seconds
124.469: [GC124.469: [ParNew: 34727K->1692K(37568K), 0.0006760 secs] 84857K->51822K(120960K), 0.0007140 secs] [Times: user=0.01 sys=0.00, real=0.00 secs] 
124.470: Total time for which application threads were stopped: 0.0008320 seconds, Stopping threads took: 0.0000590 seconds
124.551: Application time: 0.0812720 seconds
124.551: [GC124.551: [ParNew: 34705K->1720K(37568K), 0.0007180 secs] 84835K->51850K(120960K), 0.0007480 secs] [Times: user=0.01 sys=0.00, real=0.00 secs] 
124.552: Total time for which application threads were stopped: 0.0008710 seconds, Stopping threads took: 0.0000650 seconds
124.634: Application time: 0.0815140 seconds
124.634: [GC124.634: [ParNew: 34817K->1264K(37568K), 0.0005590 secs] 84947K->51394K(120960K), 0.0005890 secs] [Times: user=0.01 sys=0.00, real=0.00 secs] 
124.634: Total time for which application threads were stopped: 0.0008110 seconds, Stopping threads took: 0.0001650 seconds
124.716: Application time: 0.0812720 seconds
124.716: [GC124.716: [ParNew: 34196K->752K(37568K), 0.0004390 secs] 84327K->50882K(120960K), 0.0004650 secs] [Times: user=0.00 sys=0.00, real=0.00 secs] 
124.716: Total time for which application threads were stopped: 0.0006010 seconds, Stopping threads took: 0.0000820 seconds
124.798: Application time: 0.0812680 seconds
124.798: [GC124.798: [ParNew: 33847K->750K(37568K), 0.0004980 secs] 83977K->50880K(120960K), 0.0005260 secs] [Times: user=0.00 sys=0.00, real=0.00 secs] 
124.798: Total time for which application threads were stopped: 0.0006450 seconds, Stopping threads took: 0.0000640 seconds
124.879: Application time: 0.0811330 seconds
124.880: [GC124.880: [ParNew: 33763K->752K(37568K), 0.0004470 secs] 83893K->50882K(120960K), 0.0004750 secs] [Times: user=0.00 sys=0.00, real=0.00 secs] 
124.880: Total time for which application threads were stopped: 0.0005960 seconds, Stopping threads took: 0.0000680 seconds
124.961: Application time: 0.0809910 seconds
124.961: [GC124.961: [ParNew: 33684K->750K(37568K), 0.0004180 secs] 83814K->50880K(120960K), 0.0004470 secs] [Times: user=0.01 sys=0.00, real=0.00 secs] 
124.962: Total time for which application threads were stopped: 0.0005970 seconds, Stopping threads took: 0.0000850 seconds
125.043: Application time: 0.0816520 seconds
125.043: [GC125.043: [ParNew: 33682K->752K(37568K), 0.0004180 secs] 83812K->50882K(120960K), 0.0004460 secs] [Times: user=0.00 sys=0.00, real=0.00 secs] 
125.044: Total time for which application threads were stopped: 0.0005660 seconds, Stopping threads took: 0.0000680 seconds
125.125: Application time: 0.0812670 seconds
125.125: [GC125.125: [ParNew: 33841K->752K(37568K), 0.0004410 secs] 83971K->50882K(120960K), 0.0004660 secs] [Times: user=0.00 sys=0.00, real=0.00 secs] 
125.126: Total time for which application threads were stopped: 0.0006250 seconds, Stopping threads took: 0.0001050 seconds
125.206: Application time: 0.0807840 seconds
125.207: [GC125.207: [ParNew: 33761K->2288K(37568K), 0.0009190 secs] 83891K->52418K(120960K), 0.0009510 secs] [Times: user=0.01 sys=0.00, real=0.01 secs] 
125.208: Total time for which application threads were stopped: 0.0010880 seconds, Stopping threads took: 0.0000760 seconds
125.289: Application time: 0.0814510 seconds
125.289: [GC125.289: [ParNew: 35381K->1636K(37568K), 0.0007660 secs] 85511K->51950K(120960K), 0.0007960 secs] [Times: user=0.00 sys=0.00, real=0.00 secs] 
125.290: Total time for which application threads were stopped: 0.0009760 seconds, Stopping threads took: 0.0001210 seconds
125.371: Application time: 0.0812400 seconds
125.371: [GC125.371: [ParNew: 34572K->1632K(37568K), 0.0006850 secs] 84887K->51946K(120960K), 0.0007130 secs] [Times: user=0.01 sys=0.00, real=0.00 secs] 
125.372: Total time for which application threads were stopped: 0.0008820 seconds, Stopping threads took: 0.0001120 seconds
125.453: Application time: 0.0813240 seconds
125.454: [GC125.454: [ParNew: 34725K->1692K(37568K), 0.0006240 secs] 85039K->52006K(120960K), 0.0006530 secs] [Times: user=0.00 sys=0.00, real=0.00 secs] 
125.454: Total time for which application threads were stopped: 0.0007830 seconds, Stopping threads took: 0.0000670 seconds
125.535: Application time: 0.0807790 seconds
125.535: [GC125.535: [ParNew: 34703K->1720K(37568K), 0.0007410 secs] 85017K->52034K(120960K), 0.0007720 secs] [Times: user=0.01 sys=0.00, real=0.00 secs] 
125.536: Total time for which application threads were stopped: 0.0009180 seconds, Stopping threads took: 0.0000790 seconds
125.617: Application time: 0.0809020 seconds
125.617: [GC125.617: [ParNew: 34652K->1718K(37568K), 0.0007100 secs] 84967K->52032K(120960K), 0.0007380 secs] [Times: user=0.01 sys=0.00, real=0.00 secs] 
125.618: Total time for which application threads were stopped: 0.0008650 seconds, Stopping threads took: 0.0000680 seconds
125.699: Application time: 0.0809860 seconds
125.699: [GC125.699: [ParNew: 34650K->1720K(37568K), 0.0007120 secs] 84965K->52034K(120960K), 0.0007440 secs] [Times: user=0.00 sys=0.00, real=0.00 secs] 
125.700: Total time for which application threads were stopped: 0.0008600 seconds, Stopping threads took: 0.0000550 seconds
125.781: Application time: 0.0812880 seconds
125.781: [GC125.781: [ParNew: 34813K->1774K(37568K), 0.0008240 secs] 85127K->52088K(120960K), 0.0008540 secs] [Times: user=0.01 sys=0.00, real=0.00 secs] 
125.782: Total time for which application threads were stopped: 0.0009750 seconds, Stopping threads took: 0.0000630 seconds
125.863: Application time: 0.0810110 seconds
125.863: [GC125.863: [ParNew: 34791K->1264K(37568K), 0.0005890 secs] 85105K->51578K(120960K), 0.0006190 secs] [Times: user=0.00 sys=0.00, real=0.00 secs] 
125.864: Total time for which application threads were stopped: 0.0008490 seconds, Stopping threads took: 0.0001790 seconds
125.945: Application time: 0.0811030 seconds
125.945: [GC125.945: [ParNew: 34357K->1264K(37568K), 0.0005910 secs] 84671K->51578K(120960K), 0.0006190 secs] [Times: user=0.01 sys=0.00, real=0.00 secs] 
125.946: Total time for which application threads were stopped: 0.0007440 seconds, Stopping threads took: 0.0000680 seconds
126.026: Application time: 0.0809360 seconds
126.027: [GC126.027: [ParNew: 34194K->1776K(37568K), 0.0022200 secs] 84509K->52090K(120960K), 0.0022540 secs] [Times: user=0.00 sys=0.00, real=0.01 secs] 
126.029: Total time for which application threads were stopped: 0.0023820 seconds, Stopping threads took: 0.0000700 seconds
126.110: Application time: 0.0809730 seconds
126.110: [GC126.110: [ParNew: 34869K->1776K(37568K), 0.0007100 secs] 85183K->52090K(120960K), 0.0007390 secs] [Times: user=0.00 sys=0.00, real=0.00 secs] 
126.111: Total time for which application threads were stopped: 0.0008740 seconds, Stopping threads took: 0.0000660 seconds
126.192: Application time: 0.0808590 seconds
126.192: [GC126.192: [ParNew: 34787K->1776K(37568K), 0.0007230 secs] 85101K->52090K(120960K), 0.0007530 secs] [Times: user=0.01 sys=0.00, real=0.00 secs] 
126.192: Total time for which application threads were stopped: 0.0008770 seconds, Stopping threads took: 0.0000660 seconds
126.274: Application time: 0.0813540 seconds
126.274: [GC126.274: [ParNew: 34709K->1776K(37568K), 0.0007620 secs] 85023K->52090K(120960K), 0.0007900 secs] [Times: user=0.00 sys=0.00, real=0.00 secs] 
126.275: Total time for which application threads were stopped: 0.0009200 seconds, Stopping threads took: 0.0000710 seconds
126.355: Application time: 0.0805430 seconds
126.355: [GC126.356: [ParNew: 34709K->2288K(37568K), 0.0008840 secs] 85023K->52602K(120960K), 0.0009140 secs] [Times: user=0.01 sys=0.00, real=0.00 secs] 
126.356: Total time for which application threads were stopped: 0.0011570 seconds, Stopping threads took: 0.0001830 seconds
126.437: Application time: 0.0808470 seconds
126.437: [GC126.437: [ParNew: 35377K->2660K(37568K), 0.0010980 secs] 85691K->53166K(120960K), 0.0011310 secs] [Times: user=0.01 sys=0.00, real=0.00 secs] 
126.439: Total time for which application threads were stopped: 0.0012730 seconds, Stopping threads took: 0.0000760 seconds
126.522: Application time: 0.0837450 seconds
126.522: [GC126.522: [ParNew: 35677K->1580K(37568K), 0.0007280 secs] 86183K->52222K(120960K), 0.0007660 secs] [Times: user=0.00 sys=0.00, real=0.00 secs] 
126.523: Total time for which application threads were stopped: 0.0009190 seconds, Stopping threads took: 0.0000950 seconds
126.603: Application time: 0.0800730 seconds
126.603: [GC126.603: [ParNew: 34671K->2148K(37568K), 0.0008640 secs] 85313K->52790K(120960K), 0.0008950 secs] [Times: user=0.00 sys=0.00, real=0.00 secs] 
126.604: Total time for which application threads were stopped: 0.0010240 seconds, Stopping threads took: 0.0000670 seconds
126.686: Application time: 0.0818480 seconds
126.686: [GC126.686: [ParNew: 35080K->2060K(37568K), 0.0009490 secs] 85723K->52822K(120960K), 0.0009810 secs] [Times: user=0.00 sys=0.00, real=0.01 secs] 
126.687: Total time for which application threads were stopped: 0.0011270 seconds, Stopping threads took: 0.0000770 seconds
126.769: Application time: 0.0813420 seconds
126.769: [GC126.769: [ParNew: 35153K->2118K(37568K), 0.0009770 secs] 85915K->52880K(120960K), 0.0010090 secs] [Times: user=0.01 sys=0.00, real=0.00 secs] 
126.770: Total time for which application threads were stopped: 0.0011370 seconds, Stopping threads took: 0.0000690 seconds
126.850: Application time: 0.0806330 seconds
126.851: [GC126.851: [ParNew: 35131K->2090K(37568K), 0.0008400 secs] 85893K->52952K(120960K), 0.0008730 secs] [Times: user=0.01 sys=0.00, real=0.00 secs] 
126.851: Total time for which application threads were stopped: 0.0010180 seconds, Stopping threads took: 0.0000850 seconds
126.932: Application time: 0.0809670 seconds
126.933: [GC126.933: [ParNew: 35022K->2090K(37568K), 0.0008180 secs] 85885K->52952K(120960K), 0.0008490 secs] [Times: user=0.00 sys=0.00, real=0.00 secs] 
126.933: Total time for which application threads were stopped: 0.0009830 seconds, Stopping threads took: 0.0000730 seconds
127.014: Application time: 0.0809900 seconds
127.014: [GC127.014: [ParNew: 35022K->2088K(37568K), 0.0008450 secs] 85885K->52950K(120960K), 0.0008760 secs] [Times: user=0.01 sys=0.00, real=0.01 secs] 
127.015: Total time for which application threads were stopped: 0.0009920 seconds, Stopping threads took: 0.0000570 seconds
127.096: Application time: 0.0808470 seconds
127.096: [GC127.096: [ParNew: 35179K->2148K(37568K), 0.0008160 secs] 86042K->53011K(120960K), 0.0008470 secs] [Times: user=0.01 sys=0.00, real=0.00 secs] 
127.097: Total time for which application threads were stopped: 0.0009740 seconds, Stopping threads took: 0.0000660 seconds
127.179: Application time: 0.0818450 seconds
127.179: [GC127.179: [ParNew: 35161K->2090K(37568K), 0.0009390 secs] 86023K->53088K(120960K), 0.0009700 secs] [Times: user=0.01 sys=0.00, real=0.00 secs] 
127.180: Total time for which application threads were stopped: 0.0011110 seconds, Stopping threads took: 0.0000810 seconds
127.261: Application time: 0.0807590 seconds
127.261: [GC127.261: [ParNew: 35183K->2148K(37568K), 0.0008530 secs] 86182K->53147K(120960K), 0.0008850 secs] [Times: user=0.01 sys=0.00, real=0.00 secs] 
127.262: Total time for which application threads were stopped: 0.0010220 seconds, Stopping threads took: 0.0000650 seconds
127.344: Application time: 0.0818070 seconds
127.344: [GC127.344: [ParNew: 35080K->2062K(37568K), 0.0008320 secs] 86079K->53193K(120960K), 0.0008640 secs] [Times: user=0.01 sys=0.00, real=0.00 secs] 
127.345: Total time for which application threads were stopped: 0.0010140 seconds, Stopping threads took: 0.0000900 seconds
127.426: Application time: 0.0811290 seconds
127.426: [GC127.426: [ParNew: 35151K->2632K(37568K), 0.0010150 secs] 86282K->53763K(120960K), 0.0010470 secs] [Times: user=0.00 sys=0.00, real=0.00 secs] 
127.427: Total time for which application threads were stopped: 0.0011850 seconds, Stopping threads took: 0.0000680 seconds
127.509: Application time: 0.0816520 seconds
127.509: [GC127.509: [ParNew: 35649K->2088K(37568K), 0.0009200 secs] 86780K->53315K(120960K), 0.0009510 secs] [Times: user=0.01 sys=0.00, real=0.00 secs] 
127.510: Total time for which application threads were stopped: 0.0010780 seconds, Stopping threads took: 0.0000650 seconds
127.590: Application time: 0.0804710 seconds
127.590: [GC127.590: [ParNew: 35020K->2086K(37568K), 0.0008300 secs] 86247K->53313K(120960K), 0.0008690 secs] [Times: user=0.01 sys=0.00, real=0.00 secs] 
127.591: Total time for which application threads were stopped: 0.0009870 seconds, Stopping threads took: 0.0000580 seconds
127.672: Application time: 0.0807470 seconds
127.672: [GC127.672: [ParNew: 35018K->2090K(37568K), 0.0009150 secs] 86245K->53317K(120960K), 0.0009480 secs] [Times: user=0.01 sys=0.00, real=0.00 secs] 
127.673: Total time for which application threads were stopped: 0.0010680 seconds, Stopping threads took: 0.0000570 seconds
127.754: Application time: 0.0810950 seconds
127.754: [GC127.754: [ParNew: 35179K->2660K(37568K), 0.0010380 secs] 86406K->53887K(120960K), 0.0010710 secs] [Times: user=0.01 sys=0.00, real=0.01 secs] 
127.755: Total time for which application threads were stopped: 0.0012350 seconds, Stopping threads took: 0.0001010 seconds
127.836: Application time: 0.0801660 seconds
127.836: [GC127.836: [ParNew: 35671K->3116K(37568K), 0.0012130 secs] 86898K->54471K(120960K), 0.0012500 secs] [Times: user=0.01 sys=0.00, real=0.00 secs] 
127.837: Total time for which application threads were stopped: 0.0013900 seconds, Stopping threads took: 0.0000680 seconds
127.918: Application time: 0.0805310 seconds
127.918: [GC127.918: [ParNew: 36209K->3144K(37568K), 0.0012500 secs] 87564K->54563K(120960K), 0.0012860 secs] [Times: user=0.01 sys=0.00, real=0.00 secs] 
127.919: Total time for which application threads were stopped: 0.0014610 seconds, Stopping threads took: 0.0001110 seconds
128.002: Application time: 0.0826500 seconds
128.002: [GC128.002: [ParNew: 36077K->3086K(37568K), 0.0011820 secs] 87496K->54617K(120960K), 0.0012160 secs] [Times: user=0.01 sys=0.00, real=0.00 secs] 
128.003: Total time for which application threads were stopped: 0.0013750 seconds, Stopping threads took: 0.0000950 seconds
128.085: Application time: 0.0816320 seconds
128.085: [GC128.085: [ParNew: 36177K->3144K(37568K), 0.0012220 secs] 87708K->54675K(120960K), 0.0012580 secs] [Times: user=0.01 sys=0.00, real=0.00 secs] 
128.086: Total time for which application threads were stopped: 0.0014090 seconds, Stopping threads took: 0.0000890 seconds
128.168: Application time: 0.0816070 seconds
128.168: [GC128.168: [ParNew: 36155K->3116K(37568K), 0.0012300 secs] 87686K->54759K(120960K), 0.0012630 secs] [Times: user=0.01 sys=0.00, real=0.00 secs] 
128.169: Total time for which application threads were stopped: 0.0014210 seconds, Stopping threads took: 0.0000960 seconds
128.251: Application time: 0.0814360 seconds
128.251: [GC128.251: [ParNew: 36048K->3086K(37568K), 0.0011960 secs] 87692K->54785K(120960K), 0.0012290 secs] [Times: user=0.01 sys=0.00, real=0.00 secs] 
128.252: Total time for which application threads were stopped: 0.0013940 seconds, Stopping threads took: 0.0001000 seconds
128.333: Application time: 0.0815720 seconds
128.334: [GC128.334: [ParNew: 36018K->3086K(37568K), 0.0011690 secs] 87718K->54785K(120960K), 0.0012040 secs] [Times: user=0.01 sys=0.00, real=0.00 secs] 
128.335: Total time for which application threads were stopped: 0.0013390 seconds, Stopping threads took: 0.0000720 seconds
128.417: Application time: 0.0824250 seconds
128.417: [GC128.417: [ParNew: 36181K->2630K(37568K), 0.0010380 secs] 87880K->54329K(120960K), 0.0010690 secs] [Times: user=0.01 sys=0.00, real=0.00 secs] 
128.418: Total time for which application threads were stopped: 0.0012160 seconds, Stopping threads took: 0.0000790 seconds
128.500: Application time: 0.0811930 seconds
128.500: [GC128.500: [ParNew: 35641K->3114K(37568K), 0.0011840 secs] 87340K->54917K(120960K), 0.0012160 secs] [Times: user=0.01 sys=0.00, real=0.00 secs] 
128.501: Total time for which application threads were stopped: 0.0013530 seconds, Stopping threads took: 0.0000730 seconds
128.583: Application time: 0.0820110 seconds
128.583: [GC128.583: [ParNew: 36215K->2630K(37568K), 0.0010840 secs] 88018K->54497K(120960K), 0.0011240 secs] [Times: user=0.00 sys=0.00, real=0.00 secs] 
128.584: Total time for which application threads were stopped: 0.0012980 seconds, Stopping threads took: 0.0001090 seconds
128.666: Application time: 0.0811630 seconds
128.666: [GC128.666: [ParNew: 35562K->2574K(37568K), 0.0010490 secs] 87430K->54545K(120960K), 0.0010810 secs] [Times: user=0.01 sys=0.00, real=0.00 secs] 
128.667: Total time for which application threads were stopped: 0.0012260 seconds, Stopping threads took: 0.0000820 seconds
128.748: Application time: 0.0813730 seconds
128.748: [GC128.748: [ParNew: 35663K->2632K(37568K), 0.0010020 secs] 87634K->54603K(120960K), 0.0010340 secs] [Times: user=0.01 sys=0.00, real=0.00 secs] 
128.749: Total time for which application threads were stopped: 0.0011550 seconds, Stopping threads took: 0.0000600 seconds
128.830: Application time: 0.0811430 seconds
128.831: [GC128.831: [ParNew: 35645K->2602K(37568K), 0.0010650 secs] 87616K->54677K(120960K), 0.0010980 secs] [Times: user=0.01 sys=0.00, real=0.00 secs] 
128.832: Total time for which application threads were stopped: 0.0012380 seconds, Stopping threads took: 0.0000800 seconds
128.913: Application time: 0.0818220 seconds
128.914: [GC128.914: [ParNew: 35543K->1546K(37568K), 0.0007150 secs] 87618K->53677K(120960K), 0.0007430 secs] [Times: user=0.00 sys=0.00, real=0.00 secs] 
128.914: Total time for which application threads were stopped: 0.0008930 seconds, Stopping threads took: 0.0000940 seconds
128.995: Application time: 0.0811250 seconds
128.996: [GC128.996: [ParNew: 34478K->1548K(37568K), 0.0007360 secs] 86610K->53679K(120960K), 0.0007630 secs] [Times: user=0.01 sys=0.00, real=0.00 secs] 
128.996: Total time for which application threads were stopped: 0.0008870 seconds, Stopping threads took: 0.0000610 seconds
129.078: Application time: 0.0815420 seconds
129.078: [GC129.078: [ParNew: 34645K->1092K(37568K), 0.0005690 secs] 86776K->53223K(120960K), 0.0005930 secs] [Times: user=0.00 sys=0.00, real=0.00 secs] 
129.079: Total time for which application threads were stopped: 0.0007220 seconds, Stopping threads took: 0.0000760 seconds
129.160: Application time: 0.0812890 seconds
129.160: [GC129.160: [ParNew: 34104K->1122K(37568K), 0.0005600 secs] 86236K->53253K(120960K), 0.0005850 secs] [Times: user=0.01 sys=0.00, real=0.00 secs] 
129.161: Total time for which application threads were stopped: 0.0007080 seconds, Stopping threads took: 0.0000690 seconds
129.242: Application time: 0.0810060 seconds
129.242: [GC129.242: [ParNew: 34211K->1688K(37568K), 0.0007880 secs] 86342K->53819K(120960K), 0.0008140 secs] [Times: user=0.01 sys=0.00, real=0.00 secs] 
129.243: Total time for which application threads were stopped: 0.0009340 seconds, Stopping threads took: 0.0000660 seconds
129.324: Application time: 0.0811320 seconds
129.324: [GC129.324: [ParNew: 34620K->1692K(37568K), 0.0006860 secs] 86752K->53823K(120960K), 0.0007130 secs] [Times: user=0.00 sys=0.00, real=0.00 secs] 
129.325: Total time for which application threads were stopped: 0.0008360 seconds, Stopping threads took: 0.0000670 seconds
129.407: Application time: 0.0827920 seconds
129.407: [GC129.407: [ParNew: 34783K->1748K(37568K), 0.0007080 secs] 86914K->53879K(120960K), 0.0007370 secs] [Times: user=0.01 sys=0.00, real=0.00 secs] 
129.408: Total time for which application threads were stopped: 0.0008600 seconds, Stopping threads took: 0.0000650 seconds
129.491: Application time: 0.0824720 seconds
129.491: [GC129.491: [ParNew: 34769K->752K(37568K), 0.0004340 secs] 86901K->52883K(120960K), 0.0004620 secs] [Times: user=0.00 sys=0.00, real=0.00 secs] 
129.491: Total time for which application threads were stopped: 0.0006880 seconds, Stopping threads took: 0.0001720 seconds
129.573: Application time: 0.0815110 seconds
129.573: [GC129.573: [ParNew: 33682K->1264K(37568K), 0.0006130 secs] 85814K->53396K(120960K), 0.0006430 secs] [Times: user=0.01 sys=0.00, real=0.00 secs] 
129.574: Total time for which application threads were stopped: 0.0007790 seconds, Stopping threads took: 0.0000720 seconds
129.655: Application time: 0.0813360 seconds
129.655: [GC129.655: [ParNew: 34196K->1264K(37568K), 0.0005860 secs] 86328K->53396K(120960K), 0.0006220 secs] [Times: user=0.01 sys=0.00, real=0.00 secs] 
129.656: Total time for which application threads were stopped: 0.0007550 seconds, Stopping threads took: 0.0000780 seconds
129.738: Application time: 0.0824330 seconds
129.738: [GC129.738: [ParNew: 34359K->752K(37568K), 0.0004530 secs] 86491K->52883K(120960K), 0.0004810 secs] [Times: user=0.00 sys=0.00, real=0.00 secs] 
129.739: Total time for which application threads were stopped: 0.0006050 seconds, Stopping threads took: 0.0000700 seconds
129.820: Application time: 0.0814350 seconds
129.820: [GC129.820: [ParNew: 33765K->752K(37568K), 0.0004520 secs] 85896K->52883K(120960K), 0.0004780 secs] [Times: user=0.00 sys=0.00, real=0.00 secs] 
129.821: Total time for which application threads were stopped: 0.0005890 seconds, Stopping threads took: 0.0000580 seconds
129.900: Application time: 0.0796090 seconds
129.901: [GC129.901: [ParNew: 33839K->1264K(37568K), 0.0005540 secs] 85971K->53396K(120960K), 0.0005840 secs] [Times: user=0.00 sys=0.00, real=0.00 secs] 
129.901: Total time for which application threads were stopped: 0.0007000 seconds, Stopping threads took: 0.0000570 seconds
129.982: Application time: 0.0807100 seconds
129.982: [GC129.982: [ParNew: 34194K->1772K(37568K), 0.0008100 secs] 86326K->53903K(120960K), 0.0008420 secs] [Times: user=0.00 sys=0.00, real=0.00 secs] 
129.983: Total time for which application threads were stopped: 0.0009560 seconds, Stopping threads took: 0.0000560 seconds
130.063: Application time: 0.0797720 seconds
130.063: [GC130.063: [ParNew: 34861K->2288K(37568K), 0.0009080 secs] 86993K->54420K(120960K), 0.0009400 secs] [Times: user=0.01 sys=0.00, real=0.00 secs] 
130.064: Total time for which application threads were stopped: 0.0010760 seconds, Stopping threads took: 0.0000750 seconds
130.144: Application time: 0.0803240 seconds
130.144: [GC130.144: [ParNew: 35299K->2092K(37568K), 0.0009300 secs] 87430K->54463K(120960K), 0.0009630 secs] [Times: user=0.01 sys=0.00, real=0.00 secs] 
130.145: Total time for which application threads were stopped: 0.0010880 seconds, Stopping threads took: 0.0000570 seconds
130.226: Application time: 0.0806710 seconds
130.226: [GC130.226: [ParNew: 35024K->2092K(37568K), 0.0008110 secs] 87396K->54463K(120960K), 0.0008410 secs] [Times: user=0.01 sys=0.00, real=0.00 secs] 
130.227: Total time for which application threads were stopped: 0.0009720 seconds, Stopping threads took: 0.0000710 seconds
130.307: Application time: 0.0798610 seconds
130.307: [GC130.307: [ParNew: 35022K->2602K(37568K), 0.0009970 secs] 87394K->54973K(120960K), 0.0010320 secs] [Times: user=0.00 sys=0.00, real=0.01 secs] 
130.308: Total time for which application threads were stopped: 0.0011690 seconds, Stopping threads took: 0.0000760 seconds
130.389: Application time: 0.0808130 seconds
130.389: [GC130.389: [ParNew: 35693K->2630K(37568K), 0.0010870 secs] 88065K->55058K(120960K), 0.0011200 secs] [Times: user=0.01 sys=0.00, real=0.00 secs] 
130.390: Total time for which application threads were stopped: 0.0012540 seconds, Stopping threads took: 0.0000720 seconds
130.473: Application time: 0.0826850 seconds
130.473: [GC130.473: [ParNew: 35645K->2088K(37568K), 0.0009010 secs] 88073K->54616K(120960K), 0.0009310 secs] [Times: user=0.00 sys=0.00, real=0.00 secs] 
130.474: Total time for which application threads were stopped: 0.0010570 seconds, Stopping threads took: 0.0000680 seconds
130.554: Application time: 0.0802530 seconds
130.554: [GC130.554: [ParNew: 35181K->2146K(37568K), 0.0008990 secs] 87709K->54674K(120960K), 0.0009300 secs] [Times: user=0.00 sys=0.00, real=0.00 secs] 
130.555: Total time for which application threads were stopped: 0.0010580 seconds, Stopping threads took: 0.0000680 seconds
130.638: Application time: 0.0832130 seconds
130.638: [GC130.638: [ParNew: 35093K->520K(37568K), 0.0004090 secs] 87620K->53184K(120960K), 0.0004350 secs] [Times: user=0.00 sys=0.00, real=0.00 secs] 
130.639: Total time for which application threads were stopped: 0.0005790 seconds, Stopping threads took: 0.0000830 seconds
130.720: Application time: 0.0809840 seconds
130.720: [GC130.720: [ParNew: 33611K->1094K(37568K), 0.0005380 secs] 86275K->53758K(120960K), 0.0005660 secs] [Times: user=0.00 sys=0.00, real=0.00 secs] 
130.720: Total time for which application threads were stopped: 0.0006930 seconds, Stopping threads took: 0.0000650 seconds
130.802: Application time: 0.0820800 seconds
130.803: [GC130.803: [ParNew: 34106K->1122K(37568K), 0.0005150 secs] 86770K->53786K(120960K), 0.0005450 secs] [Times: user=0.00 sys=0.00, real=0.00 secs] 
130.803: Total time for which application threads were stopped: 0.0006700 seconds, Stopping threads took: 0.0000710 seconds
130.884: Application time: 0.0812340 seconds
130.884: [GC130.884: [ParNew: 34056K->1120K(37568K), 0.0006180 secs] 86720K->53784K(120960K), 0.0006470 secs] [Times: user=0.01 sys=0.00, real=0.00 secs] 
130.885: Total time for which application threads were stopped: 0.0007670 seconds, Stopping threads took: 0.0000640 seconds
130.968: Application time: 0.0830930 seconds
130.968: [GC130.968: [ParNew: 34052K->1122K(37568K), 0.0005980 secs] 86716K->53786K(120960K), 0.0006260 secs] [Times: user=0.00 sys=0.00, real=0.00 secs] 
130.969: Total time for which application threads were stopped: 0.0007450 seconds, Stopping threads took: 0.0000640 seconds
131.051: Application time: 0.0819350 seconds
131.051: [GC131.051: [ParNew: 34213K->1180K(37568K), 0.0006160 secs] 86877K->53844K(120960K), 0.0006480 secs] [Times: user=0.00 sys=0.00, real=0.00 secs] 
131.052: Total time for which application threads were stopped: 0.0007610 seconds, Stopping threads took: 0.0000570 seconds
131.133: Application time: 0.0810210 seconds
131.133: [GC131.133: [ParNew: 34193K->1208K(37568K), 0.0005570 secs] 86857K->53872K(120960K), 0.0005840 secs] [Times: user=0.00 sys=0.00, real=0.00 secs] 
131.133: Total time for which application threads were stopped: 0.0007020 seconds, Stopping threads took: 0.0000640 seconds
131.214: Application time: 0.0805960 seconds
131.214: [GC131.214: [ParNew: 34297K->1264K(37568K), 0.0005780 secs] 86961K->53928K(120960K), 0.0006050 secs] [Times: user=0.00 sys=0.00, real=0.00 secs] 
131.215: Total time for which application threads were stopped: 0.0007240 seconds, Stopping threads took: 0.0000630 seconds
131.296: Application time: 0.0811520 seconds
131.296: [GC131.296: [ParNew: 34196K->1264K(37568K), 0.0006270 secs] 86860K->53928K(120960K), 0.0006550 secs] [Times: user=0.01 sys=0.00, real=0.00 secs] 
131.297: Total time for which application threads were stopped: 0.0007860 seconds, Stopping threads took: 0.0000680 seconds
131.378: Application time: 0.0815460 seconds
131.378: [GC131.378: [ParNew: 34355K->1264K(37568K), 0.0005680 secs] 87019K->53928K(120960K), 0.0005940 secs] [Times: user=0.00 sys=0.00, real=0.00 secs] 
131.379: Total time for which application threads were stopped: 0.0007190 seconds, Stopping threads took: 0.0000710 seconds
131.462: Application time: 0.0828470 seconds
131.462: [GC131.462: [ParNew: 34275K->1264K(37568K), 0.0005770 secs] 86939K->53928K(120960K), 0.0006050 secs] [Times: user=0.01 sys=0.00, real=0.00 secs] 
131.463: Total time for which application threads were stopped: 0.0007260 seconds, Stopping threads took: 0.0000650 seconds
131.544: Application time: 0.0817320 seconds
131.544: [GC131.544: [ParNew: 34196K->1264K(37568K), 0.0005730 secs] 86860K->53928K(120960K), 0.0006020 secs] [Times: user=0.01 sys=0.00, real=0.00 secs] 
131.545: Total time for which application threads were stopped: 0.0007320 seconds, Stopping threads took: 0.0000740 seconds
131.626: Application time: 0.0810170 seconds
131.626: [GC131.626: [ParNew: 34197K->1264K(37568K), 0.0005580 secs] 86860K->53928K(120960K), 0.0005850 secs] [Times: user=0.01 sys=0.00, real=0.00 secs] 
131.627: Total time for which application threads were stopped: 0.0007030 seconds, Stopping threads took: 0.0000650 seconds
131.707: Application time: 0.0801820 seconds
131.707: [GC131.707: [ParNew: 34355K->1264K(37568K), 0.0006190 secs] 87019K->53928K(120960K), 0.0006490 secs] [Times: user=0.00 sys=0.00, real=0.01 secs] 
131.708: Total time for which application threads were stopped: 0.0007700 seconds, Stopping threads took: 0.0000630 seconds
131.789: Application time: 0.0817340 seconds
131.789: [GC131.790: [ParNew: 34275K->1776K(37568K), 0.0007760 secs] 86939K->54440K(120960K), 0.0008070 secs] [Times: user=0.01 sys=0.00, real=0.00 secs] 
131.790: Total time for which application threads were stopped: 0.0009290 seconds, Stopping threads took: 0.0000660 seconds
131.872: Application time: 0.0813490 seconds
131.872: [GC131.872: [ParNew: 34867K->1776K(37568K), 0.0007350 secs] 87531K->54440K(120960K), 0.0007660 secs] [Times: user=0.00 sys=0.00, real=0.00 secs] 
131.873: Total time for which application threads were stopped: 0.0008920 seconds, Stopping threads took: 0.0000610 seconds
131.954: Application time: 0.0810880 seconds
131.954: [GC131.954: [ParNew: 34709K->1776K(37568K), 0.0007230 secs] 87372K->54488K(120960K), 0.0007540 secs] [Times: user=0.01 sys=0.00, real=0.00 secs] 
131.955: Total time for which application threads were stopped: 0.0008710 seconds, Stopping threads took: 0.0000590 seconds
132.036: Application time: 0.0810110 seconds
132.036: [GC132.036: [ParNew: 34869K->1776K(37568K), 0.0007790 secs] 87581K->54520K(120960K), 0.0008080 secs] [Times: user=0.00 sys=0.00, real=0.00 secs] 
132.036: Total time for which application threads were stopped: 0.0009310 seconds, Stopping threads took: 0.0000650 seconds
132.117: Application time: 0.0802940 seconds
132.117: [GC132.117: [ParNew: 34787K->1776K(37568K), 0.0007180 secs] 87531K->54520K(120960K), 0.0007460 secs] [Times: user=0.01 sys=0.00, real=0.00 secs] 
132.118: Total time for which application threads were stopped: 0.0008740 seconds, Stopping threads took: 0.0000710 seconds
132.199: Application time: 0.0811480 seconds
132.199: [GC132.199: [ParNew: 34709K->2288K(37568K), 0.0009210 secs] 87452K->55032K(120960K), 0.0009540 secs] [Times: user=0.01 sys=0.00, real=0.00 secs] 
132.200: Total time for which application threads were stopped: 0.0010840 seconds, Stopping threads took: 0.0000690 seconds
132.282: Application time: 0.0816680 seconds
132.282: [GC132.282: [ParNew: 35225K->1578K(37568K), 0.0007340 secs] 87969K->54570K(120960K), 0.0007640 secs] [Times: user=0.01 sys=0.00, real=0.00 secs] 
132.283: Total time for which application threads were stopped: 0.0010070 seconds, Stopping threads took: 0.0001840 seconds
132.364: Application time: 0.0812890 seconds
132.364: [GC132.364: [ParNew: 34667K->2144K(37568K), 0.0009020 secs] 87659K->55136K(120960K), 0.0009320 secs] [Times: user=0.01 sys=0.00, real=0.00 secs] 
132.365: Total time for which application threads were stopped: 0.0010620 seconds, Stopping threads took: 0.0000700 seconds
132.446: Application time: 0.0809810 seconds
132.446: [GC132.446: [ParNew: 35155K->2598K(37568K), 0.0012900 secs] 88147K->55710K(120960K), 0.0013270 secs] [Times: user=0.01 sys=0.00, real=0.01 secs] 
132.448: Total time for which application threads were stopped: 0.0016540 seconds, Stopping threads took: 0.0002510 seconds
132.531: Application time: 0.0830400 seconds
132.531: [GC132.531: [ParNew: 35693K->2118K(37568K), 0.0008970 secs] 88805K->55286K(120960K), 0.0009300 secs] [Times: user=0.01 sys=0.00, real=0.00 secs] 
132.532: Total time for which application threads were stopped: 0.0010890 seconds, Stopping threads took: 0.0001000 seconds
132.615: Application time: 0.0834970 seconds
132.615: [GC132.615: [ParNew: 35061K->12K(37568K), 0.0003560 secs] 88229K->53284K(120960K), 0.0003820 secs] [Times: user=0.01 sys=0.00, real=0.00 secs] 
132.616: Total time for which application threads were stopped: 0.0005400 seconds, Stopping threads took: 0.0001060 seconds
132.697: Application time: 0.0813170 seconds
132.697: [GC132.697: [ParNew: 33100K->1094K(37568K), 0.0005800 secs] 86373K->54366K(120960K), 0.0006060 secs] [Times: user=0.00 sys=0.00, real=0.00 secs] 
132.698: Total time for which application threads were stopped: 0.0007270 seconds, Stopping threads took: 0.0000670 seconds
132.779: Application time: 0.0811320 seconds
132.779: [GC132.779: [ParNew: 34102K->1636K(37568K), 0.0006900 secs] 87375K->54908K(120960K), 0.0007340 secs] [Times: user=0.00 sys=0.01, real=0.00 secs] 
132.780: Total time for which application threads were stopped: 0.0009190 seconds, Stopping threads took: 0.0001280 seconds
132.860: Application time: 0.0805570 seconds
132.860: [GC132.860: [ParNew: 34566K->2660K(37568K), 0.0010050 secs] 87839K->55932K(120960K), 0.0010410 secs] [Times: user=0.00 sys=0.00, real=0.00 secs] 
132.862: Total time for which application threads were stopped: 0.0011640 seconds, Stopping threads took: 0.0000580 seconds
132.943: Application time: 0.0812150 seconds
132.943: [GC132.943: [ParNew: 35601K->1036K(37568K), 0.0005500 secs] 88873K->54436K(120960K), 0.0005760 secs] [Times: user=0.01 sys=0.00, real=0.00 secs] 
132.944: Total time for which application threads were stopped: 0.0007530 seconds, Stopping threads took: 0.0001220 seconds
133.025: Application time: 0.0816230 seconds
133.025: [GC133.025: [ParNew: 34129K->1604K(37568K), 0.0006450 secs] 87529K->55004K(120960K), 0.0006720 secs] [Times: user=0.01 sys=0.00, real=0.00 secs] 
133.026: Total time for which application threads were stopped: 0.0007830 seconds, Stopping threads took: 0.0000490 seconds
133.107: Application time: 0.0814770 seconds
133.107: [GC133.108: [ParNew: 34615K->1634K(37568K), 0.0007590 secs] 88015K->55034K(120960K), 0.0007890 secs] [Times: user=0.01 sys=0.00, real=0.00 secs] 
133.108: Total time for which application threads were stopped: 0.0009010 seconds, Stopping threads took: 0.0000550 seconds
133.190: Application time: 0.0812770 seconds
133.190: [GC133.190: [ParNew: 34729K->1180K(37568K), 0.0006100 secs] 88130K->54580K(120960K), 0.0006370 secs] [Times: user=0.00 sys=0.00, real=0.00 secs] 
133.190: Total time for which application threads were stopped: 0.0007590 seconds, Stopping threads took: 0.0000670 seconds
133.270: Application time: 0.0798270 seconds
133.270: [GC133.270: [ParNew: 34108K->2202K(37568K), 0.0008780 secs] 87509K->55602K(120960K), 0.0009080 secs] [Times: user=0.00 sys=0.00, real=0.00 secs] 
133.271: Total time for which application threads were stopped: 0.0010380 seconds, Stopping threads took: 0.0000700 seconds
133.352: Application time: 0.0810630 seconds
133.352: [GC133.352: [ParNew: 35295K->2120K(37568K), 0.0008710 secs] 88696K->55708K(120960K), 0.0009020 secs] [Times: user=0.00 sys=0.00, real=0.00 secs] 
133.353: Total time for which application threads were stopped: 0.0010280 seconds, Stopping threads took: 0.0000670 seconds
133.434: Application time: 0.0806900 seconds
133.434: [GC133.434: [ParNew: 35131K->2092K(37568K), 0.0008710 secs] 88719K->55780K(120960K), 0.0009020 secs] [Times: user=0.01 sys=0.00, real=0.00 secs] 
133.435: Total time for which application threads were stopped: 0.0010370 seconds, Stopping threads took: 0.0000730 seconds
133.515: Application time: 0.0803710 seconds
133.516: [GC133.516: [ParNew: 35020K->3116K(37568K), 0.0011710 secs] 88709K->56805K(120960K), 0.0012090 secs] [Times: user=0.01 sys=0.00, real=0.00 secs] 
133.517: Total time for which application threads were stopped: 0.0013460 seconds, Stopping threads took: 0.0000700 seconds
133.600: Application time: 0.0832060 seconds
133.600: [GC133.600: [ParNew: 36061K->1548K(37568K), 0.0006640 secs] 89749K->55308K(120960K), 0.0006930 secs] [Times: user=0.01 sys=0.00, real=0.00 secs] 
133.601: Total time for which application threads were stopped: 0.0008210 seconds, Stopping threads took: 0.0000610 seconds
133.681: Application time: 0.0805560 seconds
133.681: [GC133.681: [ParNew: 34639K->1604K(37568K), 0.0006890 secs] 88400K->55365K(120960K), 0.0007210 secs] [Times: user=0.01 sys=0.00, real=0.00 secs] 
133.682: Total time for which application threads were stopped: 0.0008540 seconds, Stopping threads took: 0.0000740 seconds
133.764: Application time: 0.0814740 seconds
133.764: [GC133.764: [ParNew: 34610K->2658K(37568K), 0.0010180 secs] 88371K->56419K(120960K), 0.0010510 secs] [Times: user=0.00 sys=0.00, real=0.00 secs] 
133.765: Total time for which application threads were stopped: 0.0012140 seconds, Stopping threads took: 0.0000900 seconds
133.847: Application time: 0.0817570 seconds
133.847: [GC133.847: [ParNew: 35755K->2116K(37568K), 0.0009250 secs] 89516K->56009K(120960K), 0.0009580 secs] [Times: user=0.01 sys=0.00, real=0.01 secs] 
133.848: Total time for which application threads were stopped: 0.0010780 seconds, Stopping threads took: 0.0000600 seconds
133.930: Application time: 0.0819710 seconds
133.930: [GC133.930: [ParNew: 35048K->2060K(37568K), 0.0008710 secs] 88941K->56057K(120960K), 0.0009000 secs] [Times: user=0.01 sys=0.00, real=0.00 secs] 
133.931: Total time for which application threads were stopped: 0.0010350 seconds, Stopping threads took: 0.0000770 seconds
134.011: Application time: 0.0803890 seconds
134.011: [GC134.011: [ParNew: 35149K->2120K(37568K), 0.0008200 secs] 89146K->56117K(120960K), 0.0008540 secs] [Times: user=0.01 sys=0.00, real=0.00 secs] 
134.012: Total time for which application threads were stopped: 0.0009810 seconds, Stopping threads took: 0.0000650 seconds
134.093: Application time: 0.0804130 seconds
134.093: [GC134.093: [ParNew: 35137K->1574K(37568K), 0.0006640 secs] 89134K->55667K(120960K), 0.0006920 secs] [Times: user=0.01 sys=0.00, real=0.00 secs] 
134.093: Total time for which application threads were stopped: 0.0009010 seconds, Stopping threads took: 0.0001520 seconds
134.174: Application time: 0.0809320 seconds
134.174: [GC134.174: [ParNew: 34506K->1578K(37568K), 0.0006880 secs] 88599K->55671K(120960K), 0.0007160 secs] [Times: user=0.00 sys=0.00, real=0.01 secs] 
134.175: Total time for which application threads were stopped: 0.0008500 seconds, Stopping threads took: 0.0000710 seconds
134.257: Application time: 0.0819120 seconds
134.257: [GC134.257: [ParNew: 34510K->1578K(37568K), 0.0007660 secs] 88603K->55671K(120960K), 0.0007960 secs] [Times: user=0.01 sys=0.00, real=0.00 secs] 
134.258: Total time for which application threads were stopped: 0.0009440 seconds, Stopping threads took: 0.0000900 seconds
134.339: Application time: 0.0810880 seconds
134.339: [GC134.339: [ParNew: 34673K->1122K(37568K), 0.0006520 secs] 88766K->55215K(120960K), 0.0006770 secs] [Times: user=0.01 sys=0.00, real=0.00 secs] 
134.340: Total time for which application threads were stopped: 0.0008140 seconds, Stopping threads took: 0.0000830 seconds
134.421: Application time: 0.0808450 seconds
134.421: [GC134.421: [ParNew: 34135K->1152K(37568K), 0.0005250 secs] 88228K->55245K(120960K), 0.0005490 secs] [Times: user=0.01 sys=0.00, real=0.00 secs] 
134.422: Total time for which application threads were stopped: 0.0007620 seconds, Stopping threads took: 0.0001590 seconds
134.502: Application time: 0.0808910 seconds
134.503: [GC134.503: [ParNew: 34245K->1208K(37568K), 0.0005490 secs] 88338K->55301K(120960K), 0.0005780 secs] [Times: user=0.01 sys=0.00, real=0.00 secs] 
134.503: Total time for which application threads were stopped: 0.0006900 seconds, Stopping threads took: 0.0000560 seconds
134.584: Application time: 0.0805080 seconds
134.584: [GC134.584: [ParNew: 34140K->1206K(37568K), 0.0005780 secs] 88233K->55299K(120960K), 0.0006010 secs] [Times: user=0.00 sys=0.00, real=0.00 secs] 
134.584: Total time for which application threads were stopped: 0.0007060 seconds, Stopping threads took: 0.0000550 seconds
134.666: Application time: 0.0811380 seconds
134.666: [GC134.666: [ParNew: 34293K->1774K(37568K), 0.0008020 secs] 88386K->55867K(120960K), 0.0008310 secs] [Times: user=0.00 sys=0.00, real=0.00 secs] 
134.666: Total time for which application threads were stopped: 0.0009600 seconds, Stopping threads took: 0.0000710 seconds
134.747: Application time: 0.0800690 seconds
134.747: [GC134.747: [ParNew: 34783K->2288K(37568K), 0.0009010 secs] 88876K->56381K(120960K), 0.0009300 secs] [Times: user=0.01 sys=0.00, real=0.01 secs] 
134.748: Total time for which application threads were stopped: 0.0010720 seconds, Stopping threads took: 0.0000760 seconds
134.829: Application time: 0.0813360 seconds
134.829: [GC134.829: [ParNew: 35221K->2088K(37568K), 0.0009750 secs] 89314K->56413K(120960K), 0.0010170 secs] [Times: user=0.00 sys=0.00, real=0.00 secs] 
134.830: Total time for which application threads were stopped: 0.0011790 seconds, Stopping threads took: 0.0000980 seconds
134.912: Application time: 0.0816690 seconds
134.912: [GC134.912: [ParNew: 35018K->2600K(37568K), 0.0010720 secs] 89343K->56925K(120960K), 0.0011050 secs] [Times: user=0.00 sys=0.00, real=0.00 secs] 
134.913: Total time for which application threads were stopped: 0.0012330 seconds, Stopping threads took: 0.0000650 seconds
134.994: Application time: 0.0811200 seconds
134.994: [GC134.994: [ParNew: 35691K->2632K(37568K), 0.0010480 secs] 90016K->57021K(120960K), 0.0010810 secs] [Times: user=0.01 sys=0.00, real=0.01 secs] 
134.995: Total time for which application threads were stopped: 0.0012290 seconds, Stopping threads took: 0.0000880 seconds
135.077: Application time: 0.0811220 seconds
135.077: [GC135.077: [ParNew: 35651K->2084K(37568K), 0.0008440 secs] 90040K->56569K(120960K), 0.0008770 secs] [Times: user=0.00 sys=0.00, real=0.00 secs] 
135.078: Total time for which application threads were stopped: 0.0010010 seconds, Stopping threads took: 0.0000640 seconds
135.162: Application time: 0.0840500 seconds
135.162: [GC135.162: [ParNew: 35185K->612K(37568K), 0.0004330 secs] 89670K->55097K(120960K), 0.0004610 secs] [Times: user=0.01 sys=0.00, real=0.00 secs] 
135.162: Total time for which application threads were stopped: 0.0005820 seconds, Stopping threads took: 0.0000680 seconds
135.242: Application time: 0.0803220 seconds
135.243: [GC135.243: [ParNew: 33542K->1636K(37568K), 0.0006880 secs] 88027K->56121K(120960K), 0.0007190 secs] [Times: user=0.00 sys=0.00, real=0.00 secs] 
135.243: Total time for which application threads were stopped: 0.0008610 seconds, Stopping threads took: 0.0000870 seconds
135.324: Application time: 0.0803180 seconds
135.324: [GC135.324: [ParNew: 34725K->2204K(37568K), 0.0009210 secs] 89210K->56689K(120960K), 0.0009510 secs] [Times: user=0.00 sys=0.00, real=0.00 secs] 
135.325: Total time for which application threads were stopped: 0.0010850 seconds, Stopping threads took: 0.0000670 seconds
135.405: Application time: 0.0806390 seconds
135.405: [GC135.406: [ParNew: 35217K->2092K(37568K), 0.0008720 secs] 89702K->56765K(120960K), 0.0009030 secs] [Times: user=0.00 sys=0.00, real=0.00 secs] 
135.406: Total time for which application threads were stopped: 0.0010230 seconds, Stopping threads took: 0.0000610 seconds
135.487: Application time: 0.0810570 seconds
135.488: [GC135.488: [ParNew: 35024K->2088K(37568K), 0.0007900 secs] 89698K->56761K(120960K), 0.0008200 secs] [Times: user=0.00 sys=0.00, real=0.00 secs] 
135.488: Total time for which application threads were stopped: 0.0009450 seconds, Stopping threads took: 0.0000660 seconds
135.570: Application time: 0.0811810 seconds
135.570: [GC135.570: [ParNew: 35022K->2088K(37568K), 0.0008360 secs] 89696K->56761K(120960K), 0.0008670 secs] [Times: user=0.00 sys=0.00, real=0.00 secs] 
135.571: Total time for which application threads were stopped: 0.0010070 seconds, Stopping threads took: 0.0000820 seconds
135.660: Application time: 0.0888940 seconds
135.660: [GC135.660: [ParNew: 35191K->1634K(37568K), 0.0007920 secs] 89865K->56307K(120960K), 0.0008230 secs] [Times: user=0.01 sys=0.00, real=0.00 secs] 
135.661: Total time for which application threads were stopped: 0.0010010 seconds, Stopping threads took: 0.0001170 seconds
135.692: Application time: 0.0310840 seconds
135.695: Total time for which application threads were stopped: 0.0035370 seconds, Stopping threads took: 0.0035140 seconds
135.748: Application time: 0.0531430 seconds
135.748: Total time for which application threads were stopped: 0.0000850 seconds, Stopping threads took: 0.0000610 seconds
135.752: Application time: 0.0032710 seconds
135.752: [GC135.752: [ParNew: 34669K->2660K(37568K), 0.0009770 secs] 89342K->57333K(120960K), 0.0010060 secs] [Times: user=0.00 sys=0.00, real=0.00 secs] 
135.753: Total time for which application threads were stopped: 0.0010850 seconds, Stopping threads took: 0.0000310 seconds
135.775: Application time: 0.0224380 seconds
135.775: Total time for which application threads were stopped: 0.0000770 seconds, Stopping threads took: 0.0000520 seconds
135.862: Application time: 0.0863940 seconds
135.862: [GC135.862: [ParNew: 35659K->10K(37568K), 0.0002980 secs] 90333K->54819K(120960K), 0.0003300 secs] [Times: user=0.00 sys=0.00, real=0.00 secs] 
135.862: Total time for which application threads were stopped: 0.0004440 seconds, Stopping threads took: 0.0000520 seconds
135.920: Application time: 0.0576540 seconds
135.920: Total time for which application threads were stopped: 0.0000660 seconds, Stopping threads took: 0.0000390 seconds
135.966: Application time: 0.0459760 seconds
135.966: Total time for which application threads were stopped: 0.0000660 seconds, Stopping threads took: 0.0000410 seconds
135.983: Application time: 0.0167660 seconds
135.983: [GC135.983: [ParNew: 33044K->10K(37568K), 0.0002930 secs] 87854K->54819K(120960K), 0.0003180 secs] [Times: user=0.00 sys=0.00, real=0.00 secs] 
135.983: Total time for which application threads were stopped: 0.0003850 seconds, Stopping threads took: 0.0000220 seconds
136.018: Application time: 0.0345020 seconds
136.018: Total time for which application threads were stopped: 0.0000640 seconds, Stopping threads took: 0.0000400 seconds
136.187: Application time: 0.1697570 seconds
136.187: Total time for which application threads were stopped: 0.0000780 seconds, Stopping threads took: 0.0000460 seconds
136.193: Application time: 0.0055590 seconds
136.193: [GC136.193: [ParNew: 33097K->4158K(37568K), 0.0010160 secs] 87906K->59156K(120960K), 0.0010470 secs] [Times: user=0.00 sys=0.00, real=0.00 secs] 
136.194: Total time for which application threads were stopped: 0.0011350 seconds, Stopping threads took: 0.0000370 seconds
136.274: Application time: 0.0799370 seconds
136.274: [GC136.274: [ParNew: 37472K->16K(37568K), 0.0008260 secs] 92470K->59198K(120960K), 0.0008570 secs] [Times: user=0.01 sys=0.00, real=0.00 secs] 
136.275: Total time for which application threads were stopped: 0.0009700 seconds, Stopping threads took: 0.0000550 seconds
136.355: Application time: 0.0804580 seconds
136.356: [GC136.356: [ParNew: 33143K->528K(37568K), 0.0004530 secs] 92325K->59710K(120960K), 0.0004840 secs] [Times: user=0.00 sys=0.00, real=0.00 secs] 
136.356: Total time for which application threads were stopped: 0.0006330 seconds, Stopping threads took: 0.0000920 seconds
136.439: Application time: 0.0824970 seconds
136.439: [GC136.439: [ParNew: 33532K->528K(37568K), 0.0004050 secs] 92714K->59710K(120960K), 0.0004370 secs] [Times: user=0.01 sys=0.00, real=0.00 secs] 
136.439: Total time for which application threads were stopped: 0.0005730 seconds, Stopping threads took: 0.0000720 seconds
136.524: Application time: 0.0844020 seconds
136.524: [GC136.524: [ParNew: 33567K->1546K(37568K), 0.0008010 secs] 92750K->60728K(120960K), 0.0008340 secs] [Times: user=0.01 sys=0.00, real=0.00 secs] 
136.525: Total time for which application threads were stopped: 0.0009680 seconds, Stopping threads took: 0.0000690 seconds
136.618: Application time: 0.0936120 seconds
136.618: [GC136.618: [ParNew: 34494K->1036K(37568K), 0.0006880 secs] 93676K->60218K(120960K), 0.0007160 secs] [Times: user=0.00 sys=0.00, real=0.00 secs] 
136.619: Total time for which application threads were stopped: 0.0009480 seconds, Stopping threads took: 0.0001740 seconds
136.706: Application time: 0.0871860 seconds
136.706: [GC136.706: [ParNew: 33992K->1550K(37568K), 0.0007340 secs] 93174K->60732K(120960K), 0.0007690 secs] [Times: user=0.00 sys=0.00, real=0.01 secs] 
136.707: Total time for which application threads were stopped: 0.0009100 seconds, Stopping threads took: 0.0000820 seconds
136.789: Application time: 0.0821200 seconds
136.789: [GC136.789: [ParNew: 34501K->1550K(37568K), 0.0007140 secs] 93683K->60732K(120960K), 0.0007460 secs] [Times: user=0.01 sys=0.00, real=0.00 secs] 
136.790: Total time for which application threads were stopped: 0.0008880 seconds, Stopping threads took: 0.0000820 seconds
136.871: Application time: 0.0812280 seconds
136.872: [GC136.872: [ParNew: 34886K->1692K(37568K), 0.0007030 secs] 94068K->60874K(120960K), 0.0007410 secs] [Times: user=0.00 sys=0.00, real=0.00 secs] 
136.872: Total time for which application threads were stopped: 0.0008820 seconds, Stopping threads took: 0.0000830 seconds
136.955: Application time: 0.0828630 seconds
136.955: [GC136.955: [ParNew: 34870K->1776K(37568K), 0.0007960 secs] 94052K->60958K(120960K), 0.0008280 secs] [Times: user=0.01 sys=0.00, real=0.00 secs] 
136.956: Total time for which application threads were stopped: 0.0009810 seconds, Stopping threads took: 0.0000860 seconds
137.036: Application time: 0.0800880 seconds
137.036: [GC137.036: [ParNew: 34707K->2288K(37568K), 0.0008840 secs] 93889K->61470K(120960K), 0.0009190 secs] [Times: user=0.00 sys=0.00, real=0.00 secs] 
137.037: Total time for which application threads were stopped: 0.0010520 seconds, Stopping threads took: 0.0000720 seconds
137.119: Application time: 0.0813990 seconds
137.119: [GC137.119: [ParNew: 35221K->2058K(37568K), 0.0008780 secs] 94403K->61512K(120960K), 0.0009120 secs] [Times: user=0.00 sys=0.01, real=0.00 secs] 
137.120: Total time for which application threads were stopped: 0.0011010 seconds, Stopping threads took: 0.0001290 seconds
137.202: Application time: 0.0819650 seconds
137.202: [GC137.202: [ParNew: 34998K->1546K(37568K), 0.0006530 secs] 94453K->61000K(120960K), 0.0006840 secs] [Times: user=0.00 sys=0.00, real=0.00 secs] 
137.203: Total time for which application threads were stopped: 0.0008750 seconds, Stopping threads took: 0.0001310 seconds
137.285: Application time: 0.0818720 seconds
137.285: [GC137.285: [ParNew: 34476K->2058K(37568K), 0.0007980 secs] 93930K->61512K(120960K), 0.0008280 secs] [Times: user=0.00 sys=0.00, real=0.00 secs] 
137.286: Total time for which application threads were stopped: 0.0010600 seconds, Stopping threads took: 0.0001750 seconds
137.368: Application time: 0.0826470 seconds
137.368: [GC137.368: [ParNew: 34992K->2058K(37568K), 0.0007790 secs] 94447K->61512K(120960K), 0.0008080 secs] [Times: user=0.01 sys=0.00, real=0.00 secs] 
137.369: Total time for which application threads were stopped: 0.0009310 seconds, Stopping threads took: 0.0000650 seconds
137.452: Application time: 0.0823010 seconds
137.452: [GC137.452: [ParNew: 34994K->1546K(37568K), 0.0006270 secs] 94449K->61000K(120960K), 0.0006560 secs] [Times: user=0.00 sys=0.00, real=0.00 secs] 
137.452: Total time for which application threads were stopped: 0.0007650 seconds, Stopping threads took: 0.0000520 seconds
137.534: Application time: 0.0813160 seconds
137.534: [GC137.534: [ParNew: 34952K->1720K(37568K), 0.0006890 secs] 94406K->61174K(120960K), 0.0007190 secs] [Times: user=0.01 sys=0.00, real=0.00 secs] 
137.534: Total time for which application threads were stopped: 0.0008550 seconds, Stopping threads took: 0.0000710 seconds
137.617: Application time: 0.0824210 seconds
137.617: [GC137.617: [ParNew: 34815K->1776K(37568K), 0.0007020 secs] 94269K->61230K(120960K), 0.0007300 secs] [Times: user=0.00 sys=0.00, real=0.00 secs] 
137.618: Total time for which application threads were stopped: 0.0008660 seconds, Stopping threads took: 0.0000820 seconds
137.700: Application time: 0.0824960 seconds
137.700: [GC137.700: [ParNew: 34711K->1774K(37568K), 0.0008170 secs] 94165K->61228K(120960K), 0.0008470 secs] [Times: user=0.01 sys=0.00, real=0.00 secs] 
137.701: Total time for which application threads were stopped: 0.0010030 seconds, Stopping threads took: 0.0000950 seconds
137.784: Application time: 0.0824570 seconds
137.784: [GC137.784: [ParNew: 34715K->752K(37568K), 0.0004870 secs] 94169K->60206K(120960K), 0.0005150 secs] [Times: user=0.00 sys=0.00, real=0.00 secs] 
137.784: Total time for which application threads were stopped: 0.0006410 seconds, Stopping threads took: 0.0000700 seconds
137.866: Application time: 0.0814610 seconds
137.866: [GC137.866: [ParNew: 33686K->240K(37568K), 0.0003390 secs] 93141K->59694K(120960K), 0.0003680 secs] [Times: user=0.00 sys=0.00, real=0.00 secs] 
137.866: Total time for which application threads were stopped: 0.0005050 seconds, Stopping threads took: 0.0000720 seconds
137.948: Application time: 0.0818630 seconds
137.948: [GC137.948: [ParNew: 33174K->752K(37568K), 0.0004880 secs] 92629K->60206K(120960K), 0.0005160 secs] [Times: user=0.01 sys=0.00, real=0.00 secs] 
137.949: Total time for which application threads were stopped: 0.0006510 seconds, Stopping threads took: 0.0000810 seconds
138.031: Application time: 0.0823650 seconds
138.031: [GC138.031: [ParNew: 33688K->238K(37568K), 0.0003990 secs] 93143K->59692K(120960K), 0.0004280 secs] [Times: user=0.00 sys=0.00, real=0.00 secs] 
138.032: Total time for which application threads were stopped: 0.0005480 seconds, Stopping threads took: 0.0000650 seconds
138.113: Application time: 0.0812770 seconds
138.113: [GC138.113: [ParNew: 33170K->240K(37568K), 0.0003280 secs] 92625K->59694K(120960K), 0.0003560 secs] [Times: user=0.00 sys=0.00, real=0.00 secs] 
138.114: Total time for which application threads were stopped: 0.0004860 seconds, Stopping threads took: 0.0000600 seconds
138.194: Application time: 0.0803600 seconds
138.194: [GC138.194: [ParNew: 33638K->1776K(37568K), 0.0007180 secs] 93093K->61230K(120960K), 0.0007490 secs] [Times: user=0.01 sys=0.00, real=0.00 secs] 
138.195: Total time for which application threads were stopped: 0.0008700 seconds, Stopping threads took: 0.0000650 seconds
138.275: Application time: 0.0800520 seconds
138.275: [GC138.275: [ParNew: 34865K->2288K(37568K), 0.0008660 secs] 94320K->61742K(120960K), 0.0008960 secs] [Times: user=0.00 sys=0.00, real=0.01 secs] 
138.276: Total time for which application threads were stopped: 0.0010290 seconds, Stopping threads took: 0.0000750 seconds
138.358: Application time: 0.0823840 seconds
138.358: [GC138.358: [ParNew: 35221K->2056K(37568K), 0.0009230 secs] 94675K->61786K(120960K), 0.0009540 secs] [Times: user=0.01 sys=0.00, real=0.00 secs] 
138.359: Total time for which application threads were stopped: 0.0010840 seconds, Stopping threads took: 0.0000710 seconds
138.440: Application time: 0.0802830 seconds
138.440: [GC138.440: [ParNew: 34990K->2056K(37568K), 0.0008920 secs] 94721K->61786K(120960K), 0.0009240 secs] [Times: user=0.00 sys=0.00, real=0.00 secs] 
138.441: Total time for which application threads were stopped: 0.0010620 seconds, Stopping threads took: 0.0000790 seconds
138.523: Application time: 0.0825150 seconds
138.523: [GC138.523: [ParNew: 34988K->2058K(37568K), 0.0008580 secs] 94719K->61788K(120960K), 0.0008900 secs] [Times: user=0.00 sys=0.00, real=0.00 secs] 
138.524: Total time for which application threads were stopped: 0.0010180 seconds, Stopping threads took: 0.0000690 seconds
138.606: Application time: 0.0822280 seconds
138.607: [GC138.607: [ParNew: 34994K->1544K(37568K), 0.0007270 secs] 94725K->61274K(120960K), 0.0007590 secs] [Times: user=0.01 sys=0.00, real=0.01 secs] 
138.607: Total time for which application threads were stopped: 0.0008800 seconds, Stopping threads took: 0.0000610 seconds
138.690: Application time: 0.0822910 seconds
138.690: [GC138.690: [ParNew: 34476K->1546K(37568K), 0.0006870 secs] 94207K->61276K(120960K), 0.0007190 secs] [Times: user=0.01 sys=0.00, real=0.00 secs] 
138.690: Total time for which application threads were stopped: 0.0008600 seconds, Stopping threads took: 0.0000710 seconds
138.772: Application time: 0.0818300 seconds
138.772: [GC138.772: [ParNew: 34478K->1548K(37568K), 0.0006940 secs] 94209K->61278K(120960K), 0.0007230 secs] [Times: user=0.01 sys=0.00, real=0.00 secs] 
138.773: Total time for which application threads were stopped: 0.0008720 seconds, Stopping threads took: 0.0000920 seconds
138.854: Application time: 0.0806120 seconds
138.854: [GC138.854: [ParNew: 34448K->1208K(37568K), 0.0005440 secs] 94178K->60939K(120960K), 0.0005730 secs] [Times: user=0.01 sys=0.00, real=0.00 secs] 
138.854: Total time for which application threads were stopped: 0.0007000 seconds, Stopping threads took: 0.0000690 seconds
138.937: Application time: 0.0824910 seconds
138.937: [GC138.937: [ParNew: 34301K->752K(37568K), 0.0004680 secs] 94032K->60483K(120960K), 0.0005060 secs] [Times: user=0.00 sys=0.00, real=0.00 secs] 
138.938: Total time for which application threads were stopped: 0.0006650 seconds, Stopping threads took: 0.0001000 seconds
139.018: Application time: 0.0807140 seconds
139.018: [GC139.018: [ParNew: 33684K->1264K(37568K), 0.0005700 secs] 93415K->60995K(120960K), 0.0006010 secs] [Times: user=0.00 sys=0.00, real=0.00 secs] 
139.019: Total time for which application threads were stopped: 0.0007160 seconds, Stopping threads took: 0.0000560 seconds
139.101: Application time: 0.0818070 seconds
139.101: [GC139.101: [ParNew: 34201K->752K(37568K), 0.0004510 secs] 93931K->60483K(120960K), 0.0004800 secs] [Times: user=0.00 sys=0.00, real=0.00 secs] 
139.101: Total time for which application threads were stopped: 0.0006130 seconds, Stopping threads took: 0.0000760 seconds
139.182: Application time: 0.0809190 seconds
139.182: [GC139.183: [ParNew: 33684K->748K(37568K), 0.0005480 secs] 93415K->60479K(120960K), 0.0005820 secs] [Times: user=0.00 sys=0.00, real=0.00 secs] 
139.183: Total time for which application threads were stopped: 0.0006990 seconds, Stopping threads took: 0.0000610 seconds
139.264: Application time: 0.0808720 seconds
139.264: [GC139.264: [ParNew: 33678K->1262K(37568K), 0.0006580 secs] 93409K->60993K(120960K), 0.0006870 secs] [Times: user=0.00 sys=0.00, real=0.00 secs] 
139.265: Total time for which application threads were stopped: 0.0008050 seconds, Stopping threads took: 0.0000530 seconds
139.345: Application time: 0.0803570 seconds
139.345: [GC139.345: [ParNew: 34190K->2288K(37568K), 0.0008570 secs] 93921K->62019K(120960K), 0.0008880 secs] [Times: user=0.01 sys=0.00, real=0.00 secs] 
139.346: Total time for which application threads were stopped: 0.0010760 seconds, Stopping threads took: 0.0001280 seconds
139.429: Application time: 0.0824110 seconds
139.429: [GC139.429: [ParNew: 35233K->524K(37568K), 0.0004760 secs] 94964K->60527K(120960K), 0.0005040 secs] [Times: user=0.00 sys=0.00, real=0.00 secs] 
139.429: Total time for which application threads were stopped: 0.0007020 seconds, Stopping threads took: 0.0001420 seconds
139.511: Application time: 0.0812390 seconds
139.511: [GC139.511: [ParNew: 33763K->2686K(37568K), 0.0010370 secs] 93766K->62689K(120960K), 0.0010700 secs] [Times: user=0.01 sys=0.00, real=0.00 secs] 
139.512: Total time for which application threads were stopped: 0.0012010 seconds, Stopping threads took: 0.0000730 seconds
139.594: Application time: 0.0818870 seconds
139.594: [GC139.594: [ParNew: 35940K->2688K(37568K), 0.0010200 secs] 95943K->62843K(120960K), 0.0010520 secs] [Times: user=0.01 sys=0.00, real=0.00 secs] 
139.595: Total time for which application threads were stopped: 0.0011830 seconds, Stopping threads took: 0.0000720 seconds
139.676: Application time: 0.0809820 seconds
139.676: [GC139.676: [ParNew: 35621K->2576K(37568K), 0.0010360 secs] 95776K->62891K(120960K), 0.0010660 secs] [Times: user=0.01 sys=0.00, real=0.00 secs] 
139.677: Total time for which application threads were stopped: 0.0011960 seconds, Stopping threads took: 0.0000710 seconds
139.758: Application time: 0.0813490 seconds
139.759: [GC139.759: [ParNew: 35508K->2572K(37568K), 0.0009570 secs] 95824K->62887K(120960K), 0.0009910 secs] [Times: user=0.00 sys=0.00, real=0.00 secs] 
139.760: Total time for which application threads were stopped: 0.0011410 seconds, Stopping threads took: 0.0000900 seconds
139.843: Application time: 0.0831770 seconds
139.843: [GC139.843: [ParNew: 35502K->3084K(37568K), 0.0011380 secs] 95817K->63399K(120960K), 0.0011690 secs] [Times: user=0.01 sys=0.00, real=0.00 secs] 
139.844: Total time for which application threads were stopped: 0.0013110 seconds, Stopping threads took: 0.0000740 seconds
139.926: Application time: 0.0814980 seconds
139.926: [GC139.926: [ParNew: 36016K->3084K(37568K), 0.0011150 secs] 96332K->63399K(120960K), 0.0011470 secs] [Times: user=0.01 sys=0.00, real=0.00 secs] 
139.927: Total time for which application threads were stopped: 0.0013190 seconds, Stopping threads took: 0.0001090 seconds
140.009: Application time: 0.0822910 seconds
140.009: [GC140.009: [ParNew: 36016K->2570K(37568K), 0.0009310 secs] 96332K->62885K(120960K), 0.0009710 secs] [Times: user=0.00 sys=0.00, real=0.00 secs] 
140.010: Total time for which application threads were stopped: 0.0011920 seconds, Stopping threads took: 0.0001610 seconds
140.093: Application time: 0.0822690 seconds
140.093: [GC140.093: [ParNew: 35506K->2572K(37568K), 0.0010310 secs] 95822K->62887K(120960K), 0.0010600 secs] [Times: user=0.01 sys=0.00, real=0.00 secs] 
140.094: Total time for which application threads were stopped: 0.0012680 seconds, Stopping threads took: 0.0001500 seconds
140.176: Application time: 0.0816550 seconds
140.176: [GC140.176: [ParNew: 35739K->3172K(37568K), 0.0011110 secs] 96054K->63487K(120960K), 0.0011430 secs] [Times: user=0.01 sys=0.00, real=0.00 secs] 
140.177: Total time for which application threads were stopped: 0.0012810 seconds, Stopping threads took: 0.0000770 seconds
140.260: Application time: 0.0830680 seconds
140.260: [GC140.260: [ParNew: 36502K->3228K(37568K), 0.0012030 secs] 96817K->63663K(120960K), 0.0012350 secs] [Times: user=0.01 sys=0.00, real=0.00 secs] 
140.261: Total time for which application threads were stopped: 0.0013830 seconds, Stopping threads took: 0.0000860 seconds
140.342: Application time: 0.0811490 seconds
140.343: [GC140.343: [ParNew: 36161K->3086K(37568K), 0.0011740 secs] 96596K->63709K(120960K), 0.0012070 secs] [Times: user=0.01 sys=0.00, real=0.00 secs] 
140.344: Total time for which application threads were stopped: 0.0013380 seconds, Stopping threads took: 0.0000670 seconds
140.426: Application time: 0.0821070 seconds
140.426: [GC140.426: [ParNew: 36022K->2572K(37568K), 0.0009940 secs] 96646K->63195K(120960K), 0.0010240 secs] [Times: user=0.00 sys=0.00, real=0.00 secs] 
140.427: Total time for which application threads were stopped: 0.0011690 seconds, Stopping threads took: 0.0000770 seconds
140.511: Application time: 0.0844650 seconds
140.512: [GC140.512: [ParNew: 35514K->1544K(37568K), 0.0006960 secs] 96138K->62167K(120960K), 0.0007270 secs] [Times: user=0.01 sys=0.00, real=0.00 secs] 
140.512: Total time for which application threads were stopped: 0.0008500 seconds, Stopping threads took: 0.0000650 seconds
140.593: Application time: 0.0805150 seconds
140.593: [GC140.593: [ParNew: 34474K->2060K(37568K), 0.0008120 secs] 95098K->62683K(120960K), 0.0008450 secs] [Times: user=0.01 sys=0.00, real=0.00 secs] 
140.594: Total time for which application threads were stopped: 0.0009980 seconds, Stopping threads took: 0.0000940 seconds
140.676: Application time: 0.0824830 seconds
140.676: [GC140.676: [ParNew: 34996K->1548K(37568K), 0.0006950 secs] 95620K->62171K(120960K), 0.0007260 secs] [Times: user=0.00 sys=0.00, real=0.00 secs] 
140.677: Total time for which application threads were stopped: 0.0008550 seconds, Stopping threads took: 0.0000700 seconds
140.758: Application time: 0.0806210 seconds
140.758: [GC140.758: [ParNew: 34480K->1548K(37568K), 0.0006560 secs] 95104K->62171K(120960K), 0.0006880 secs] [Times: user=0.00 sys=0.00, real=0.00 secs] 
140.759: Total time for which application threads were stopped: 0.0008140 seconds, Stopping threads took: 0.0000680 seconds
140.840: Application time: 0.0812030 seconds
140.840: [GC140.840: [ParNew: 34721K->1124K(37568K), 0.0005750 secs] 95345K->61747K(120960K), 0.0006060 secs] [Times: user=0.01 sys=0.00, real=0.00 secs] 
140.841: Total time for which application threads were stopped: 0.0007340 seconds, Stopping threads took: 0.0000720 seconds
140.922: Application time: 0.0814690 seconds
140.922: [GC140.922: [ParNew: 34452K->1776K(37568K), 0.0007300 secs] 95075K->62400K(120960K), 0.0007590 secs] [Times: user=0.00 sys=0.00, real=0.00 secs] 
140.923: Total time for which application threads were stopped: 0.0008750 seconds, Stopping threads took: 0.0000570 seconds
141.003: Application time: 0.0803120 seconds
141.003: [GC141.003: [ParNew: 34707K->1776K(37568K), 0.0007780 secs] 95330K->62400K(120960K), 0.0008080 secs] [Times: user=0.00 sys=0.00, real=0.00 secs] 
141.004: Total time for which application threads were stopped: 0.0010450 seconds, Stopping threads took: 0.0001600 seconds
141.085: Application time: 0.0806380 seconds
141.085: [GC141.085: [ParNew: 34709K->2288K(37568K), 0.0008660 secs] 95332K->62912K(120960K), 0.0008970 secs] [Times: user=0.00 sys=0.00, real=0.00 secs] 
141.086: Total time for which application threads were stopped: 0.0010160 seconds, Stopping threads took: 0.0000590 seconds
141.168: Application time: 0.0820150 seconds
141.168: [GC141.168: [ParNew: 35221K->2062K(37568K), 0.0009060 secs] 95844K->62957K(120960K), 0.0009490 secs] [Times: user=0.01 sys=0.00, real=0.00 secs] 
141.169: Total time for which application threads were stopped: 0.0010910 seconds, Stopping threads took: 0.0000820 seconds
141.251: Application time: 0.0821900 seconds
141.251: [GC141.251: [ParNew: 34994K->2058K(37568K), 0.0008600 secs] 95890K->62953K(120960K), 0.0008890 secs] [Times: user=0.01 sys=0.00, real=0.00 secs] 
141.252: Total time for which application threads were stopped: 0.0010340 seconds, Stopping threads took: 0.0000880 seconds
141.333: Application time: 0.0808790 seconds
141.333: [GC141.333: [ParNew: 34990K->2060K(37568K), 0.0008020 secs] 95886K->62955K(120960K), 0.0008330 secs] [Times: user=0.00 sys=0.00, real=0.00 secs] 
141.334: Total time for which application threads were stopped: 0.0009710 seconds, Stopping threads took: 0.0000790 seconds
141.416: Application time: 0.0822210 seconds
141.416: [GC141.416: [ParNew: 34992K->2058K(37568K), 0.0007960 secs] 95888K->62953K(120960K), 0.0008210 secs] [Times: user=0.01 sys=0.00, real=0.00 secs] 
141.417: Total time for which application threads were stopped: 0.0009450 seconds, Stopping threads took: 0.0000670 seconds
141.500: Application time: 0.0827790 seconds
141.500: [GC141.500: [ParNew: 35235K->1122K(37568K), 0.0006220 secs] 96131K->62018K(120960K), 0.0006520 secs] [Times: user=0.00 sys=0.00, real=0.00 secs] 
141.501: Total time for which application threads were stopped: 0.0007890 seconds, Stopping threads took: 0.0000790 seconds
141.581: Application time: 0.0804940 seconds
141.581: [GC141.581: [ParNew: 34448K->1776K(37568K), 0.0007080 secs] 95344K->62672K(120960K), 0.0007370 secs] [Times: user=0.01 sys=0.00, real=0.00 secs] 
141.582: Total time for which application threads were stopped: 0.0008650 seconds, Stopping threads took: 0.0000630 seconds
141.663: Application time: 0.0809870 seconds
141.663: [GC141.663: [ParNew: 34707K->2286K(37568K), 0.0008880 secs] 95602K->63182K(120960K), 0.0009140 secs] [Times: user=0.01 sys=0.00, real=0.00 secs] 
141.664: Total time for which application threads were stopped: 0.0010450 seconds, Stopping threads took: 0.0000730 seconds
141.746: Application time: 0.0819180 seconds
141.746: [GC141.746: [ParNew: 35223K->1548K(37568K), 0.0007410 secs] 96119K->62720K(120960K), 0.0007760 secs] [Times: user=0.01 sys=0.00, real=0.01 secs] 
141.747: Total time for which application threads were stopped: 0.0009080 seconds, Stopping threads took: 0.0000750 seconds
141.829: Application time: 0.0821590 seconds
141.829: [GC141.829: [ParNew: 34480K->1546K(37568K), 0.0006830 secs] 95652K->62718K(120960K), 0.0007130 secs] [Times: user=0.00 sys=0.00, real=0.00 secs] 
141.830: Total time for which application threads were stopped: 0.0008520 seconds, Stopping threads took: 0.0000800 seconds
141.910: Application time: 0.0803630 seconds
141.911: [GC141.911: [ParNew: 34476K->2060K(37568K), 0.0008620 secs] 95648K->63232K(120960K), 0.0008920 secs] [Times: user=0.00 sys=0.00, real=0.00 secs] 
141.912: Total time for which application threads were stopped: 0.0010260 seconds, Stopping threads took: 0.0000750 seconds
141.994: Application time: 0.0820930 seconds
141.994: [GC141.994: [ParNew: 34996K->1544K(37568K), 0.0007320 secs] 96168K->62716K(120960K), 0.0007640 secs] [Times: user=0.00 sys=0.00, real=0.00 secs] 
141.994: Total time for which application threads were stopped: 0.0008820 seconds, Stopping threads took: 0.0000590 seconds
142.076: Application time: 0.0815330 seconds
142.076: [GC142.076: [ParNew: 34478K->1546K(37568K), 0.0006600 secs] 95650K->62718K(120960K), 0.0007000 secs] [Times: user=0.00 sys=0.00, real=0.00 secs] 
142.077: Total time for which application threads were stopped: 0.0008280 seconds, Stopping threads took: 0.0000710 seconds
142.158: Application time: 0.0815820 seconds
142.159: [GC142.159: [ParNew: 34719K->1124K(37568K), 0.0005460 secs] 95891K->62296K(120960K), 0.0005740 secs] [Times: user=0.01 sys=0.00, real=0.00 secs] 
142.159: Total time for which application threads were stopped: 0.0007870 seconds, Stopping threads took: 0.0001490 seconds
142.241: Application time: 0.0814390 seconds
142.241: [GC142.241: [ParNew: 34458K->1264K(37568K), 0.0005790 secs] 95630K->62436K(120960K), 0.0006090 secs] [Times: user=0.00 sys=0.00, real=0.00 secs] 
142.241: Total time for which application threads were stopped: 0.0007380 seconds, Stopping threads took: 0.0000710 seconds
142.323: Application time: 0.0819650 seconds
142.324: [GC142.324: [ParNew: 34196K->1260K(37568K), 0.0006480 secs] 95369K->62432K(120960K), 0.0006740 secs] [Times: user=0.00 sys=0.00, real=0.00 secs] 
142.324: Total time for which application threads were stopped: 0.0008860 seconds, Stopping threads took: 0.0001590 seconds
142.406: Application time: 0.0818590 seconds
142.406: [GC142.406: [ParNew: 34188K->2288K(37568K), 0.0009010 secs] 95360K->63460K(120960K), 0.0009330 secs] [Times: user=0.00 sys=0.00, real=0.01 secs] 
142.407: Total time for which application threads were stopped: 0.0010550 seconds, Stopping threads took: 0.0000660 seconds
142.489: Application time: 0.0820690 seconds
142.489: [GC142.489: [ParNew: 35221K->2058K(37568K), 0.0009920 secs] 96393K->63490K(120960K), 0.0010240 secs] [Times: user=0.00 sys=0.00, real=0.00 secs] 
142.490: Total time for which application threads were stopped: 0.0011810 seconds, Stopping threads took: 0.0000990 seconds
142.573: Application time: 0.0825230 seconds
142.573: [GC142.573: [ParNew: 34990K->2056K(37568K), 0.0008650 secs] 96423K->63488K(120960K), 0.0008940 secs] [Times: user=0.01 sys=0.00, real=0.00 secs] 
142.574: Total time for which application threads were stopped: 0.0010150 seconds, Stopping threads took: 0.0000660 seconds
142.657: Application time: 0.0829560 seconds
142.657: [GC142.657: [ParNew: 34998K->1034K(37568K), 0.0005380 secs] 96431K->62466K(120960K), 0.0005690 secs] [Times: user=0.01 sys=0.00, real=0.00 secs] 
142.658: Total time for which application threads were stopped: 0.0007410 seconds, Stopping threads took: 0.0001130 seconds
142.739: Application time: 0.0817030 seconds
142.739: [GC142.740: [ParNew: 33964K->1546K(37568K), 0.0006600 secs] 95396K->62978K(120960K), 0.0006890 secs] [Times: user=0.00 sys=0.00, real=0.00 secs] 
142.740: Total time for which application threads were stopped: 0.0008380 seconds, Stopping threads took: 0.0000830 seconds
142.822: Application time: 0.0822610 seconds
142.823: [GC142.823: [ParNew: 34721K->1124K(37568K), 0.0005500 secs] 96154K->62556K(120960K), 0.0005800 secs] [Times: user=0.00 sys=0.00, real=0.00 secs] 
142.823: Total time for which application threads were stopped: 0.0007570 seconds, Stopping threads took: 0.0001220 seconds
142.904: Application time: 0.0803620 seconds
142.904: [GC142.904: [ParNew: 34446K->2800K(37568K), 0.0009930 secs] 95878K->64233K(120960K), 0.0010280 secs] [Times: user=0.00 sys=0.00, real=0.00 secs] 
142.905: Total time for which application threads were stopped: 0.0011760 seconds, Stopping threads took: 0.0000870 seconds
142.987: Application time: 0.0817810 seconds
142.987: [GC142.987: [ParNew: 35735K->2574K(37568K), 0.0010280 secs] 97167K->64274K(120960K), 0.0010600 secs] [Times: user=0.01 sys=0.00, real=0.01 secs] 
142.988: Total time for which application threads were stopped: 0.0011970 seconds, Stopping threads took: 0.0000780 seconds
143.069: Application time: 0.0812580 seconds
143.069: [GC143.069: [ParNew: 35506K->2572K(37568K), 0.0010780 secs] 97207K->64272K(120960K), 0.0011090 secs] [Times: user=0.01 sys=0.00, real=0.00 secs] 
143.070: Total time for which application threads were stopped: 0.0013180 seconds, Stopping threads took: 0.0001490 seconds
143.153: Application time: 0.0826440 seconds
143.153: [GC143.153: [ParNew: 35512K->1546K(37568K), 0.0006520 secs] 97213K->63246K(120960K), 0.0006900 secs] [Times: user=0.01 sys=0.00, real=0.00 secs] 
143.154: Total time for which application threads were stopped: 0.0008300 seconds, Stopping threads took: 0.0000830 seconds
143.235: Application time: 0.0810680 seconds
143.235: [GC143.235: [ParNew: 34478K->1546K(37568K), 0.0007450 secs] 96179K->63246K(120960K), 0.0007730 secs] [Times: user=0.01 sys=0.00, real=0.01 secs] 
143.236: Total time for which application threads were stopped: 0.0009040 seconds, Stopping threads took: 0.0000750 seconds
143.317: Application time: 0.0808870 seconds
143.317: [GC143.317: [ParNew: 34474K->2572K(37568K), 0.0009770 secs] 96175K->64272K(120960K), 0.0010080 secs] [Times: user=0.00 sys=0.00, real=0.00 secs] 
143.318: Total time for which application threads were stopped: 0.0011450 seconds, Stopping threads took: 0.0000680 seconds
143.401: Application time: 0.0834970 seconds
143.401: [GC143.401: [ParNew: 35508K->2574K(37568K), 0.0009590 secs] 97209K->64274K(120960K), 0.0009890 secs] [Times: user=0.01 sys=0.00, real=0.00 secs] 
143.402: Total time for which application threads were stopped: 0.0011210 seconds, Stopping threads took: 0.0000750 seconds
143.485: Application time: 0.0827730 seconds
143.485: [GC143.485: [ParNew: 35751K->1634K(37568K), 0.0007460 secs] 97452K->63335K(120960K), 0.0007750 secs] [Times: user=0.00 sys=0.00, real=0.00 secs] 
143.486: Total time for which application threads were stopped: 0.0009020 seconds, Stopping threads took: 0.0000700 seconds
143.569: Application time: 0.0831050 seconds
143.569: [GC143.569: [ParNew: 34964K->1262K(37568K), 0.0006880 secs] 96665K->62963K(120960K), 0.0007190 secs] [Times: user=0.00 sys=0.00, real=0.00 secs] 
143.570: Total time for which application threads were stopped: 0.0009010 seconds, Stopping threads took: 0.0001240 seconds
143.651: Application time: 0.0808660 seconds
143.651: [GC143.651: [ParNew: 34194K->1776K(37568K), 0.0007220 secs] 95895K->63477K(120960K), 0.0007520 secs] [Times: user=0.01 sys=0.00, real=0.00 secs] 
143.652: Total time for which application threads were stopped: 0.0008750 seconds, Stopping threads took: 0.0000610 seconds
143.733: Application time: 0.0811680 seconds
143.733: [GC143.733: [ParNew: 34707K->2288K(37568K), 0.0008630 secs] 96407K->63989K(120960K), 0.0008960 secs] [Times: user=0.00 sys=0.00, real=0.00 secs] 
143.734: Total time for which application threads were stopped: 0.0010220 seconds, Stopping threads took: 0.0000650 seconds
143.815: Application time: 0.0811760 seconds
143.815: [GC143.815: [ParNew: 35221K->2060K(37568K), 0.0009120 secs] 96921K->64033K(120960K), 0.0009420 secs] [Times: user=0.01 sys=0.00, real=0.00 secs] 
143.816: Total time for which application threads were stopped: 0.0010760 seconds, Stopping threads took: 0.0000740 seconds
143.897: Application time: 0.0807980 seconds
143.897: [GC143.897: [ParNew: 34992K->2574K(37568K), 0.0009650 secs] 96965K->64547K(120960K), 0.0009950 secs] [Times: user=0.01 sys=0.00, real=0.00 secs] 
143.898: Total time for which application threads were stopped: 0.0011520 seconds, Stopping threads took: 0.0000900 seconds
143.981: Application time: 0.0827860 seconds
143.981: [GC143.981: [ParNew: 35508K->2574K(37568K), 0.0010060 secs] 97481K->64547K(120960K), 0.0010360 secs] [Times: user=0.00 sys=0.00, real=0.00 secs] 
143.982: Total time for which application threads were stopped: 0.0011860 seconds, Stopping threads took: 0.0000910 seconds
144.063: Application time: 0.0808040 seconds
144.063: [GC144.063: [ParNew: 35587K->2602K(37568K), 0.0009380 secs] 97560K->64575K(120960K), 0.0009690 secs] [Times: user=0.00 sys=0.00, real=0.00 secs] 
144.064: Total time for which application threads were stopped: 0.0011020 seconds, Stopping threads took: 0.0000740 seconds
144.148: Application time: 0.0834080 seconds
144.148: [GC144.148: [ParNew: 35701K->1606K(37568K), 0.0006920 secs] 97674K->63643K(120960K), 0.0007290 secs] [Times: user=0.00 sys=0.00, real=0.00 secs] 
144.148: Total time for which application threads were stopped: 0.0008600 seconds, Stopping threads took: 0.0000730 seconds
144.232: Application time: 0.0831390 seconds
144.232: [GC144.232: [ParNew: 34936K->1748K(37568K), 0.0007570 secs] 96973K->63785K(120960K), 0.0007870 secs] [Times: user=0.00 sys=0.00, real=0.00 secs] 
144.233: Total time for which application threads were stopped: 0.0009750 seconds, Stopping threads took: 0.0001300 seconds
144.313: Application time: 0.0804480 seconds
144.313: [GC144.313: [ParNew: 34683K->2258K(37568K), 0.0009480 secs] 96720K->64295K(120960K), 0.0009830 secs] [Times: user=0.01 sys=0.00, real=0.00 secs] 
144.314: Total time for which application threads were stopped: 0.0011160 seconds, Stopping threads took: 0.0000720 seconds
144.397: Application time: 0.0826540 seconds
144.397: [GC144.397: [ParNew: 35193K->2060K(37568K), 0.0009560 secs] 97230K->64337K(120960K), 0.0009850 secs] [Times: user=0.00 sys=0.00, real=0.00 secs] 
144.398: Total time for which application threads were stopped: 0.0011150 seconds, Stopping threads took: 0.0000720 seconds
144.481: Application time: 0.0830280 seconds
144.481: [GC144.481: [ParNew: 35002K->1030K(37568K), 0.0005260 secs] 97280K->63307K(120960K), 0.0005550 secs] [Times: user=0.00 sys=0.00, real=0.00 secs] 
144.482: Total time for which application threads were stopped: 0.0006920 seconds, Stopping threads took: 0.0000730 seconds
144.564: Application time: 0.0823080 seconds
144.564: [GC144.564: [ParNew: 33962K->1032K(37568K), 0.0005440 secs] 96239K->63309K(120960K), 0.0005720 secs] [Times: user=0.00 sys=0.00, real=0.00 secs] 
144.565: Total time for which application threads were stopped: 0.0006950 seconds, Stopping threads took: 0.0000670 seconds
144.645: Application time: 0.0801740 seconds
144.645: [GC144.645: [ParNew: 33960K->1544K(37568K), 0.0007490 secs] 96237K->63821K(120960K), 0.0007800 secs] [Times: user=0.01 sys=0.00, real=0.00 secs] 
144.646: Total time for which application threads were stopped: 0.0009690 seconds, Stopping threads took: 0.0001340 seconds
144.727: Application time: 0.0813080 seconds
144.727: [GC144.727: [ParNew: 34554K->2090K(37568K), 0.0007910 secs] 96832K->64367K(120960K), 0.0008220 secs] [Times: user=0.00 sys=0.00, real=0.00 secs] 
144.728: Total time for which application threads were stopped: 0.0009490 seconds, Stopping threads took: 0.0000700 seconds
144.810: Application time: 0.0824390 seconds
144.811: [GC144.811: [ParNew: 35185K->1634K(37568K), 0.0006880 secs] 97462K->63911K(120960K), 0.0007180 secs] [Times: user=0.01 sys=0.00, real=0.00 secs] 
144.811: Total time for which application threads were stopped: 0.0008450 seconds, Stopping threads took: 0.0000690 seconds
144.894: Application time: 0.0830220 seconds
144.894: [GC144.895: [ParNew: 34968K->1776K(37568K), 0.0007320 secs] 97245K->64053K(120960K), 0.0007620 secs] [Times: user=0.00 sys=0.00, real=0.01 secs] 
144.895: Total time for which application threads were stopped: 0.0009370 seconds, Stopping threads took: 0.0001170 seconds
144.978: Application time: 0.0825020 seconds
144.978: [GC144.978: [ParNew: 34711K->1776K(37568K), 0.0007720 secs] 96988K->64053K(120960K), 0.0008030 secs] [Times: user=0.01 sys=0.00, real=0.00 secs] 
144.979: Total time for which application threads were stopped: 0.0009300 seconds, Stopping threads took: 0.0000690 seconds
145.060: Application time: 0.0815570 seconds
145.060: [GC145.060: [ParNew: 34717K->752K(37568K), 0.0004900 secs] 96994K->63029K(120960K), 0.0005170 secs] [Times: user=0.00 sys=0.00, real=0.00 secs] 
145.061: Total time for which application threads were stopped: 0.0006570 seconds, Stopping threads took: 0.0000720 seconds
145.142: Application time: 0.0806510 seconds
145.142: [GC145.142: [ParNew: 33678K->2288K(37568K), 0.0008630 secs] 95956K->64565K(120960K), 0.0008950 secs] [Times: user=0.01 sys=0.00, real=0.00 secs] 
145.143: Total time for which application threads were stopped: 0.0010360 seconds, Stopping threads took: 0.0000810 seconds
145.223: Application time: 0.0802290 seconds
145.223: [GC145.223: [ParNew: 35219K->2572K(37568K), 0.0010550 secs] 97496K->65117K(120960K), 0.0010930 secs] [Times: user=0.01 sys=0.01, real=0.00 secs] 
145.224: Total time for which application threads were stopped: 0.0012330 seconds, Stopping threads took: 0.0000820 seconds
145.305: Application time: 0.0811260 seconds
145.305: [GC145.305: [ParNew: 35504K->2572K(37568K), 0.0009840 secs] 98050K->65117K(120960K), 0.0010150 secs] [Times: user=0.01 sys=0.00, real=0.00 secs] 
145.306: Total time for which application threads were stopped: 0.0011540 seconds, Stopping threads took: 0.0000770 seconds
145.388: Application time: 0.0815320 seconds
145.388: [GC145.388: [ParNew: 35585K->2600K(37568K), 0.0009240 secs] 98130K->65145K(120960K), 0.0009540 secs] [Times: user=0.01 sys=0.00, real=0.00 secs] 
145.389: Total time for which application threads were stopped: 0.0010880 seconds, Stopping threads took: 0.0000760 seconds
145.471: Application time: 0.0823880 seconds
145.471: [GC145.471: [ParNew: 35693K->2630K(37568K), 0.0009830 secs] 98239K->65239K(120960K), 0.0010160 secs] [Times: user=0.01 sys=0.00, real=0.00 secs] 
145.473: Total time for which application threads were stopped: 0.0011430 seconds, Stopping threads took: 0.0000670 seconds
145.555: Application time: 0.0822160 seconds
145.555: [GC145.555: [ParNew: 35968K->2202K(37568K), 0.0008890 secs] 98578K->64916K(120960K), 0.0009190 secs] [Times: user=0.01 sys=0.00, real=0.01 secs] 
145.556: Total time for which application threads were stopped: 0.0010380 seconds, Stopping threads took: 0.0000600 seconds
145.639: Application time: 0.0829530 seconds
145.639: [GC145.639: [ParNew: 35134K->2060K(37568K), 0.0008620 secs] 97848K->64962K(120960K), 0.0008960 secs] [Times: user=0.01 sys=0.00, real=0.00 secs] 
145.640: Total time for which application threads were stopped: 0.0010270 seconds, Stopping threads took: 0.0000610 seconds
145.722: Application time: 0.0820110 seconds
145.722: [GC145.722: [ParNew: 35000K->1034K(37568K), 0.0005300 secs] 97902K->63936K(120960K), 0.0005600 secs] [Times: user=0.01 sys=0.00, real=0.00 secs] 
145.722: Total time for which application threads were stopped: 0.0006910 seconds, Stopping threads took: 0.0000750 seconds
145.803: Application time: 0.0810300 seconds
145.804: [GC145.804: [ParNew: 33966K->1034K(37568K), 0.0005320 secs] 96868K->63936K(120960K), 0.0005610 secs] [Times: user=0.00 sys=0.00, real=0.00 secs] 
145.804: Total time for which application threads were stopped: 0.0006770 seconds, Stopping threads took: 0.0000600 seconds
145.885: Application time: 0.0803690 seconds
145.885: [GC145.885: [ParNew: 33968K->1034K(37568K), 0.0006170 secs] 96870K->63936K(120960K), 0.0006480 secs] [Times: user=0.00 sys=0.00, real=0.00 secs] 
145.885: Total time for which application threads were stopped: 0.0007820 seconds, Stopping threads took: 0.0000750 seconds
145.966: Application time: 0.0810350 seconds
145.966: [GC145.967: [ParNew: 33966K->1034K(37568K), 0.0006410 secs] 96868K->63936K(120960K), 0.0006700 secs] [Times: user=0.00 sys=0.00, real=0.01 secs] 
145.967: Total time for which application threads were stopped: 0.0008130 seconds, Stopping threads took: 0.0000850 seconds
146.049: Application time: 0.0819340 seconds
146.049: [GC146.049: [ParNew: 34046K->1068K(37568K), 0.0005530 secs] 96948K->63970K(120960K), 0.0005820 secs] [Times: user=0.00 sys=0.00, real=0.00 secs] 
146.050: Total time for which application threads were stopped: 0.0007080 seconds, Stopping threads took: 0.0000690 seconds
146.131: Application time: 0.0814110 seconds
146.131: [GC146.131: [ParNew: 34161K->1124K(37568K), 0.0005450 secs] 97063K->64026K(120960K), 0.0005760 secs] [Times: user=0.01 sys=0.00, real=0.00 secs] 
146.132: Total time for which application threads were stopped: 0.0007800 seconds, Stopping threads took: 0.0001490 seconds
146.213: Application time: 0.0810830 seconds
146.213: [GC146.213: [ParNew: 34454K->1776K(37568K), 0.0007180 secs] 97356K->64678K(120960K), 0.0007570 secs] [Times: user=0.01 sys=0.00, real=0.00 secs] 
146.214: Total time for which application threads were stopped: 0.0009100 seconds, Stopping threads took: 0.0000880 seconds
146.294: Application time: 0.0804140 seconds
146.295: [GC146.295: [ParNew: 34709K->2288K(37568K), 0.0008710 secs] 97610K->65190K(120960K), 0.0009130 secs] [Times: user=0.01 sys=0.00, real=0.01 secs] 
146.295: Total time for which application threads were stopped: 0.0010620 seconds, Stopping threads took: 0.0000870 seconds
146.380: Application time: 0.0840280 seconds
146.380: [GC146.380: [ParNew: 35227K->2060K(37568K), 0.0008660 secs] 98129K->65234K(120960K), 0.0008970 secs] [Times: user=0.01 sys=0.00, real=0.00 secs] 
146.381: Total time for which application threads were stopped: 0.0010550 seconds, Stopping threads took: 0.0001000 seconds
146.463: Application time: 0.0823590 seconds
146.463: [GC146.463: [ParNew: 34992K->2058K(37568K), 0.0007850 secs] 98166K->65232K(120960K), 0.0008210 secs] [Times: user=0.00 sys=0.00, real=0.00 secs] 
146.464: Total time for which application threads were stopped: 0.0009640 seconds, Stopping threads took: 0.0000850 seconds
146.549: Application time: 0.0847590 seconds
146.549: [GC146.549: [ParNew: 34994K->1548K(37568K), 0.0006420 secs] 98169K->64722K(120960K), 0.0006710 secs] [Times: user=0.00 sys=0.00, real=0.00 secs] 
146.549: Total time for which application threads were stopped: 0.0008230 seconds, Stopping threads took: 0.0000920 seconds
146.638: Application time: 0.0880310 seconds
146.638: [GC146.638: [ParNew: 34480K->1546K(37568K), 0.0007790 secs] 97654K->64720K(120960K), 0.0008130 secs] [Times: user=0.00 sys=0.00, real=0.00 secs] 
146.638: Total time for which application threads were stopped: 0.0009570 seconds, Stopping threads took: 0.0000820 seconds
146.727: Application time: 0.0882780 seconds
146.727: [GC146.727: [ParNew: 34554K->1576K(37568K), 0.0007240 secs] 97729K->64750K(120960K), 0.0007570 secs] [Times: user=0.00 sys=0.00, real=0.01 secs] 
146.728: Total time for which application threads were stopped: 0.0009020 seconds, Stopping threads took: 0.0000760 seconds
146.816: Application time: 0.0881750 seconds
146.816: [GC146.816: [ParNew: 34673K->1636K(37568K), 0.0007170 secs] 97847K->64810K(120960K), 0.0007470 secs] [Times: user=0.00 sys=0.00, real=0.00 secs] 
146.817: Total time for which application threads were stopped: 0.0009170 seconds, Stopping threads took: 0.0001090 seconds
146.905: Application time: 0.0879070 seconds
146.905: [GC146.905: [ParNew: 34964K->2288K(37568K), 0.0008960 secs] 98138K->65462K(120960K), 0.0009300 secs] [Times: user=0.00 sys=0.00, real=0.00 secs] 
146.906: Total time for which application threads were stopped: 0.0010810 seconds, Stopping threads took: 0.0000900 seconds
146.994: Application time: 0.0880150 seconds
146.994: [GC146.994: [ParNew: 35223K->2060K(37568K), 0.0009150 secs] 98397K->65510K(120960K), 0.0009480 secs] [Times: user=0.00 sys=0.00, real=0.00 secs] 
146.995: Total time for which application threads were stopped: 0.0010990 seconds, Stopping threads took: 0.0000890 seconds
147.082: Application time: 0.0874030 seconds
147.082: [GC147.082: [ParNew: 34992K->2058K(37568K), 0.0008030 secs] 98443K->65508K(120960K), 0.0008380 secs] [Times: user=0.01 sys=0.00, real=0.00 secs] 
147.083: Total time for which application threads were stopped: 0.0009590 seconds, Stopping threads took: 0.0000590 seconds
147.171: Application time: 0.0872930 seconds
147.171: [GC147.171: [ParNew: 34990K->2058K(37568K), 0.0008860 secs] 98441K->65508K(120960K), 0.0009190 secs] [Times: user=0.00 sys=0.00, real=0.00 secs] 
147.172: Total time for which application threads were stopped: 0.0010470 seconds, Stopping threads took: 0.0000680 seconds
147.260: Application time: 0.0886720 seconds
147.260: [GC147.260: [ParNew: 34994K->1546K(37568K), 0.0006410 secs] 98445K->64996K(120960K), 0.0006700 secs] [Times: user=0.01 sys=0.00, real=0.00 secs] 
147.261: Total time for which application threads were stopped: 0.0008080 seconds, Stopping threads took: 0.0000720 seconds
147.350: Application time: 0.0890460 seconds
147.350: [GC147.350: [ParNew: 34482K->1034K(37568K), 0.0005340 secs] 97933K->64484K(120960K), 0.0005720 secs] [Times: user=0.00 sys=0.00, real=0.00 secs] 
147.351: Total time for which application threads were stopped: 0.0006990 seconds, Stopping threads took: 0.0000700 seconds
147.439: Application time: 0.0882720 seconds
147.439: [GC147.439: [ParNew: 34046K->1064K(37568K), 0.0005980 secs] 97497K->64514K(120960K), 0.0006280 secs] [Times: user=0.00 sys=0.00, real=0.00 secs] 
147.440: Total time for which application threads were stopped: 0.0007620 seconds, Stopping threads took: 0.0000750 seconds
147.528: Application time: 0.0877520 seconds
147.528: [GC147.528: [ParNew: 34157K->1122K(37568K), 0.0005910 secs] 97607K->64572K(120960K), 0.0006200 secs] [Times: user=0.01 sys=0.00, real=0.00 secs] 
147.528: Total time for which application threads were stopped: 0.0008110 seconds, Stopping threads took: 0.0001340 seconds
147.616: Application time: 0.0880630 seconds
147.617: [GC147.617: [ParNew: 34446K->1776K(37568K), 0.0007270 secs] 97896K->65227K(120960K), 0.0007560 secs] [Times: user=0.01 sys=0.00, real=0.00 secs] 
147.617: Total time for which application threads were stopped: 0.0008870 seconds, Stopping threads took: 0.0000730 seconds
147.706: Application time: 0.0883410 seconds
147.706: [GC147.706: [ParNew: 34713K->1262K(37568K), 0.0006030 secs] 98163K->64713K(120960K), 0.0006340 secs] [Times: user=0.01 sys=0.00, real=0.00 secs] 
147.706: Total time for which application threads were stopped: 0.0007500 seconds, Stopping threads took: 0.0000580 seconds
147.795: Application time: 0.0885090 seconds
147.795: [GC147.795: [ParNew: 34195K->1264K(37568K), 0.0006250 secs] 97645K->64715K(120960K), 0.0006530 secs] [Times: user=0.00 sys=0.00, real=0.00 secs] 
147.796: Total time for which application threads were stopped: 0.0008820 seconds, Stopping threads took: 0.0001620 seconds
147.884: Application time: 0.0880560 seconds
147.884: [GC147.884: [ParNew: 34192K->2288K(37568K), 0.0008750 secs] 97643K->65739K(120960K), 0.0009080 secs] [Times: user=0.01 sys=0.00, real=0.00 secs] 
147.885: Total time for which application threads were stopped: 0.0010550 seconds, Stopping threads took: 0.0000840 seconds
147.972: Application time: 0.0871390 seconds
147.972: [GC147.972: [ParNew: 35221K->2062K(37568K), 0.0008890 secs] 98671K->65785K(120960K), 0.0009190 secs] [Times: user=0.00 sys=0.00, real=0.00 secs] 
147.973: Total time for which application threads were stopped: 0.0010510 seconds, Stopping threads took: 0.0000710 seconds
148.060: Application time: 0.0870260 seconds
148.060: [GC148.060: [ParNew: 34994K->2060K(37568K), 0.0008250 secs] 98717K->65783K(120960K), 0.0008560 secs] [Times: user=0.01 sys=0.00, real=0.00 secs] 
148.061: Total time for which application threads were stopped: 0.0010030 seconds, Stopping threads took: 0.0000870 seconds
148.150: Application time: 0.0885300 seconds
148.150: [GC148.150: [ParNew: 35070K->2604K(37568K), 0.0010410 secs] 98793K->66327K(120960K), 0.0010710 secs] [Times: user=0.00 sys=0.00, real=0.00 secs] 
148.151: Total time for which application threads were stopped: 0.0012030 seconds, Stopping threads took: 0.0000700 seconds
148.240: Application time: 0.0893540 seconds
148.240: [GC148.240: [ParNew: 35701K->2116K(37568K), 0.0009570 secs] 99424K->65903K(120960K), 0.0009860 secs] [Times: user=0.00 sys=0.00, real=0.00 secs] 
148.241: Total time for which application threads were stopped: 0.0011140 seconds, Stopping threads took: 0.0000690 seconds
148.329: Application time: 0.0878960 seconds
148.329: [GC148.329: [ParNew: 35442K->2716K(37568K), 0.0010470 secs] 99229K->66591K(120960K), 0.0010790 secs] [Times: user=0.01 sys=0.00, real=0.00 secs] 
148.331: Total time for which application threads were stopped: 0.0012330 seconds, Stopping threads took: 0.0000840 seconds
148.419: Application time: 0.0885850 seconds
148.419: [GC148.419: [ParNew: 35649K->2060K(37568K), 0.0008800 secs] 99524K->66123K(120960K), 0.0009120 secs] [Times: user=0.00 sys=0.00, real=0.00 secs] 
148.420: Total time for which application threads were stopped: 0.0010940 seconds, Stopping threads took: 0.0001220 seconds
148.509: Application time: 0.0885110 seconds
148.509: [GC148.509: [ParNew: 34994K->2574K(37568K), 0.0009950 secs] 99057K->66637K(120960K), 0.0010360 secs] [Times: user=0.01 sys=0.00, real=0.00 secs] 
148.510: Total time for which application threads were stopped: 0.0011810 seconds, Stopping threads took: 0.0000830 seconds
148.598: Application time: 0.0884100 seconds
148.598: [GC148.598: [ParNew: 35506K->2572K(37568K), 0.0009790 secs] 99569K->66635K(120960K), 0.0010130 secs] [Times: user=0.01 sys=0.00, real=0.00 secs] 
148.599: Total time for which application threads were stopped: 0.0011560 seconds, Stopping threads took: 0.0000800 seconds
148.689: Application time: 0.0896310 seconds
148.689: [GC148.689: [ParNew: 35504K->2574K(37568K), 0.0010620 secs] 99568K->66637K(120960K), 0.0010910 secs] [Times: user=0.01 sys=0.00, real=0.00 secs] 
148.690: Total time for which application threads were stopped: 0.0012180 seconds, Stopping threads took: 0.0000670 seconds
148.780: Application time: 0.0893760 seconds
148.780: [GC148.780: [ParNew: 35593K->1066K(37568K), 0.0005810 secs] 99656K->65129K(120960K), 0.0006090 secs] [Times: user=0.00 sys=0.00, real=0.00 secs] 
148.781: Total time for which application threads were stopped: 0.0008720 seconds, Stopping threads took: 0.0002050 seconds
148.869: Application time: 0.0884260 seconds
148.869: [GC148.869: [ParNew: 34002K->1064K(37568K), 0.0005330 secs] 98065K->65127K(120960K), 0.0005640 secs] [Times: user=0.00 sys=0.00, real=0.00 secs] 
148.870: Total time for which application threads were stopped: 0.0007000 seconds, Stopping threads took: 0.0000700 seconds
148.958: Application time: 0.0886700 seconds
148.959: [GC148.959: [ParNew: 34155K->1124K(37568K), 0.0005890 secs] 98218K->65187K(120960K), 0.0006220 secs] [Times: user=0.00 sys=0.01, real=0.00 secs] 
148.959: Total time for which application threads were stopped: 0.0007730 seconds, Stopping threads took: 0.0000900 seconds
149.046: Application time: 0.0872220 seconds
149.047: [GC149.047: [ParNew: 34447K->2288K(37568K), 0.0009110 secs] 98511K->66351K(120960K), 0.0009420 secs] [Times: user=0.01 sys=0.00, real=0.01 secs] 
149.047: Total time for which application threads were stopped: 0.0010830 seconds, Stopping threads took: 0.0000790 seconds
149.135: Application time: 0.0875800 seconds
149.135: [GC149.135: [ParNew: 35221K->2060K(37568K), 0.0008800 secs] 99284K->66387K(120960K), 0.0009110 secs] [Times: user=0.00 sys=0.00, real=0.00 secs] 
149.136: Total time for which application threads were stopped: 0.0010450 seconds, Stopping threads took: 0.0000710 seconds
149.223: Application time: 0.0866900 seconds
149.223: [GC149.223: [ParNew: 34992K->2060K(37568K), 0.0009280 secs] 99320K->66387K(120960K), 0.0009600 secs] [Times: user=0.00 sys=0.00, real=0.00 secs] 
149.224: Total time for which application threads were stopped: 0.0010970 seconds, Stopping threads took: 0.0000780 seconds
149.312: Application time: 0.0879680 seconds
149.312: [GC149.312: [ParNew: 34992K->2060K(37568K), 0.0008060 secs] 99320K->66387K(120960K), 0.0008380 secs] [Times: user=0.00 sys=0.00, real=0.00 secs] 
149.313: Total time for which application threads were stopped: 0.0009900 seconds, Stopping threads took: 0.0000900 seconds
149.403: Application time: 0.0899740 seconds
149.403: [GC149.403: [ParNew: 35002K->1034K(37568K), 0.0005120 secs] 99330K->65361K(120960K), 0.0005420 secs] [Times: user=0.01 sys=0.00, real=0.00 secs] 
149.404: Total time for which application threads were stopped: 0.0006770 seconds, Stopping threads took: 0.0000690 seconds
149.491: Application time: 0.0870270 seconds
149.491: [GC149.491: [ParNew: 34038K->2604K(37568K), 0.0009780 secs] 98366K->66931K(120960K), 0.0010110 secs] [Times: user=0.00 sys=0.00, real=0.00 secs] 
149.492: Total time for which application threads were stopped: 0.0011510 seconds, Stopping threads took: 0.0000800 seconds
149.581: Application time: 0.0893340 seconds
149.581: [GC149.581: [ParNew: 35621K->2086K(37568K), 0.0008570 secs] 99948K->66485K(120960K), 0.0008870 secs] [Times: user=0.00 sys=0.00, real=0.00 secs] 
149.582: Total time for which application threads were stopped: 0.0010140 seconds, Stopping threads took: 0.0000620 seconds
149.672: Application time: 0.0903130 seconds
149.673: [GC149.673: [ParNew: 35099K->1606K(37568K), 0.0007580 secs] 99498K->66005K(120960K), 0.0007890 secs] [Times: user=0.00 sys=0.00, real=0.00 secs] 
149.673: Total time for which application threads were stopped: 0.0009640 seconds, Stopping threads took: 0.0001150 seconds
149.763: Application time: 0.0899270 seconds
149.763: [GC149.763: [ParNew: 34936K->2260K(37568K), 0.0008570 secs] 99335K->66659K(120960K), 0.0008900 secs] [Times: user=0.00 sys=0.00, real=0.00 secs] 
149.764: Total time for which application threads were stopped: 0.0010300 seconds, Stopping threads took: 0.0000780 seconds
149.854: Application time: 0.0900030 seconds
149.854: [GC149.854: [ParNew: 35199K->1038K(37568K), 0.0005870 secs] 99598K->65681K(120960K), 0.0006220 secs] [Times: user=0.01 sys=0.00, real=0.01 secs] 
149.855: Total time for which application threads were stopped: 0.0008130 seconds, Stopping threads took: 0.0001320 seconds
149.945: Application time: 0.0898060 seconds
149.945: [GC149.945: [ParNew: 33974K->1034K(37568K), 0.0005610 secs] 98618K->65677K(120960K), 0.0005930 secs] [Times: user=0.00 sys=0.00, real=0.00 secs] 
149.946: Total time for which application threads were stopped: 0.0007270 seconds, Stopping threads took: 0.0000670 seconds
150.035: Application time: 0.0897740 seconds
150.036: [GC150.036: [ParNew: 33970K->522K(37568K), 0.0005100 secs] 98614K->65165K(120960K), 0.0005390 secs] [Times: user=0.00 sys=0.00, real=0.00 secs] 
150.036: Total time for which application threads were stopped: 0.0006620 seconds, Stopping threads took: 0.0000670 seconds
150.124: Application time: 0.0881980 seconds
150.124: [GC150.124: [ParNew: 33454K->522K(37568K), 0.0004600 secs] 98098K->65165K(120960K), 0.0004890 secs] [Times: user=0.01 sys=0.00, real=0.00 secs] 
150.125: Total time for which application threads were stopped: 0.0006010 seconds, Stopping threads took: 0.0000550 seconds
150.213: Application time: 0.0882700 seconds
150.213: [GC150.213: [ParNew: 33532K->556K(37568K), 0.0003840 secs] 98176K->65199K(120960K), 0.0004120 secs] [Times: user=0.00 sys=0.00, real=0.00 secs] 
150.214: Total time for which application threads were stopped: 0.0005300 seconds, Stopping threads took: 0.0000640 seconds
150.302: Application time: 0.0887970 seconds
150.303: [GC150.303: [ParNew: 33566K->582K(37568K), 0.0004320 secs] 98210K->65225K(120960K), 0.0004630 secs] [Times: user=0.01 sys=0.00, real=0.00 secs] 
150.303: Total time for which application threads were stopped: 0.0005770 seconds, Stopping threads took: 0.0000570 seconds
150.392: Application time: 0.0889060 seconds
150.392: [GC150.392: [ParNew: 33594K->612K(37568K), 0.0005040 secs] 98238K->65256K(120960K), 0.0005330 secs] [Times: user=0.01 sys=0.00, real=0.00 secs] 
150.393: Total time for which application threads were stopped: 0.0006580 seconds, Stopping threads took: 0.0000710 seconds
150.478: Application time: 0.0855260 seconds
150.478: [GC150.478: [ParNew: 33851K->2772K(37568K), 0.0010320 secs] 98495K->67416K(120960K), 0.0010640 secs] [Times: user=0.01 sys=0.00, real=0.00 secs] 
150.479: Total time for which application threads were stopped: 0.0012210 seconds, Stopping threads took: 0.0000870 seconds
150.565: Application time: 0.0856840 seconds
150.565: [GC150.565: [ParNew: 35785K->2602K(37568K), 0.0010190 secs] 100429K->67494K(120960K), 0.0010490 secs] [Times: user=0.01 sys=0.00, real=0.00 secs] 
150.566: Total time for which application threads were stopped: 0.0011750 seconds, Stopping threads took: 0.0000680 seconds
150.648: Application time: 0.0820970 seconds
150.648: [GC150.648: [ParNew: 35534K->2572K(37568K), 0.0009670 secs] 100426K->67536K(120960K), 0.0009990 secs] [Times: user=0.00 sys=0.00, real=0.00 secs] 
150.649: Total time for which application threads were stopped: 0.0011240 seconds, Stopping threads took: 0.0000630 seconds
150.731: Application time: 0.0810860 seconds
150.731: [GC150.731: [ParNew: 35504K->2572K(37568K), 0.0010440 secs] 100468K->67536K(120960K), 0.0010770 secs] [Times: user=0.01 sys=0.00, real=0.00 secs] 
150.732: Total time for which application threads were stopped: 0.0012210 seconds, Stopping threads took: 0.0000800 seconds
150.814: Application time: 0.0822680 seconds
150.814: [GC150.814: [ParNew: 35504K->2572K(37568K), 0.0009730 secs] 100468K->67536K(120960K), 0.0010030 secs] [Times: user=0.00 sys=0.01, real=0.01 secs] 
150.815: Total time for which application threads were stopped: 0.0011290 seconds, Stopping threads took: 0.0000650 seconds
150.898: Application time: 0.0828500 seconds
150.898: [GC150.898: [ParNew: 35589K->2092K(37568K), 0.0007990 secs] 100553K->67056K(120960K), 0.0008320 secs] [Times: user=0.01 sys=0.00, real=0.00 secs] 
150.899: Total time for which application threads were stopped: 0.0009740 seconds, Stopping threads took: 0.0000810 seconds
150.982: Application time: 0.0826800 seconds
150.982: [GC150.982: [ParNew: 35103K->2632K(37568K), 0.0010340 secs] 100067K->67596K(120960K), 0.0010640 secs] [Times: user=0.01 sys=0.00, real=0.00 secs] 
150.983: Total time for which application threads were stopped: 0.0012100 seconds, Stopping threads took: 0.0000770 seconds
151.066: Application time: 0.0829250 seconds
151.066: [GC151.066: [ParNew: 35645K->2602K(37568K), 0.0010680 secs] 100609K->67670K(120960K), 0.0010990 secs] [Times: user=0.01 sys=0.00, real=0.00 secs] 
151.067: Total time for which application threads were stopped: 0.0012340 seconds, Stopping threads took: 0.0000760 seconds
151.150: Application time: 0.0826820 seconds
151.150: [GC151.150: [ParNew: 35852K->2688K(37568K), 0.0009700 secs] 100920K->67828K(120960K), 0.0010000 secs] [Times: user=0.01 sys=0.00, real=0.00 secs] 
151.151: Total time for which application threads were stopped: 0.0011670 seconds, Stopping threads took: 0.0001100 seconds
151.233: Application time: 0.0823700 seconds
151.233: [GC151.233: [ParNew: 35701K->2602K(37568K), 0.0010790 secs] 100841K->67898K(120960K), 0.0011120 secs] [Times: user=0.00 sys=0.00, real=0.00 secs] 
151.235: Total time for which application threads were stopped: 0.0012340 seconds, Stopping threads took: 0.0000640 seconds
151.317: Application time: 0.0824380 seconds
151.317: [GC151.317: [ParNew: 35538K->2060K(37568K), 0.0008770 secs] 100835K->67420K(120960K), 0.0009090 secs] [Times: user=0.01 sys=0.00, real=0.00 secs] 
151.318: Total time for which application threads were stopped: 0.0010450 seconds, Stopping threads took: 0.0000770 seconds
151.400: Application time: 0.0822580 seconds
151.400: [GC151.400: [ParNew: 34992K->2060K(37568K), 0.0008150 secs] 100353K->67420K(120960K), 0.0008460 secs] [Times: user=0.00 sys=0.00, real=0.00 secs] 
151.401: Total time for which application threads were stopped: 0.0009690 seconds, Stopping threads took: 0.0000660 seconds
151.483: Application time: 0.0821960 seconds
151.484: [GC151.484: [ParNew: 34992K->2060K(37568K), 0.0008570 secs] 100353K->67420K(120960K), 0.0008860 secs] [Times: user=0.00 sys=0.00, real=0.00 secs] 
151.484: Total time for which application threads were stopped: 0.0010220 seconds, Stopping threads took: 0.0000670 seconds
151.566: Application time: 0.0811180 seconds
151.566: [GC151.566: [ParNew: 35071K->2090K(37568K), 0.0009150 secs] 100431K->67450K(120960K), 0.0009450 secs] [Times: user=0.01 sys=0.00, real=0.00 secs] 
151.567: Total time for which application threads were stopped: 0.0010710 seconds, Stopping threads took: 0.0000680 seconds
151.649: Application time: 0.0823080 seconds
151.649: [GC151.649: [ParNew: 35103K->2118K(37568K), 0.0008150 secs] 100463K->67478K(120960K), 0.0008470 secs] [Times: user=0.01 sys=0.00, real=0.00 secs] 
151.650: Total time for which application threads were stopped: 0.0009910 seconds, Stopping threads took: 0.0000840 seconds
151.732: Application time: 0.0820830 seconds
151.732: [GC151.732: [ParNew: 35131K->2120K(37568K), 0.0008290 secs] 100491K->67544K(120960K), 0.0008600 secs] [Times: user=0.01 sys=0.00, real=0.00 secs] 
151.733: Total time for which application threads were stopped: 0.0009850 seconds, Stopping threads took: 0.0000630 seconds
151.816: Application time: 0.0827000 seconds
151.816: [GC151.816: [ParNew: 35369K->2204K(37568K), 0.0008790 secs] 100794K->67684K(120960K), 0.0009190 secs] [Times: user=0.01 sys=0.00, real=0.00 secs] 
151.817: Total time for which application threads were stopped: 0.0010380 seconds, Stopping threads took: 0.0000620 seconds
151.899: Application time: 0.0823330 seconds
151.899: [GC151.899: [ParNew: 35221K->1578K(37568K), 0.0007230 secs] 100701K->67250K(120960K), 0.0007550 secs] [Times: user=0.01 sys=0.00, real=0.00 secs] 
151.900: Total time for which application threads were stopped: 0.0008820 seconds, Stopping threads took: 0.0000690 seconds
151.983: Application time: 0.0830970 seconds
151.983: [GC151.983: [ParNew: 34510K->1574K(37568K), 0.0006550 secs] 100183K->67246K(120960K), 0.0006870 secs] [Times: user=0.01 sys=0.00, real=0.00 secs] 
151.984: Total time for which application threads were stopped: 0.0008050 seconds, Stopping threads took: 0.0000590 seconds
152.065: Application time: 0.0808030 seconds
152.065: [GC152.065: [ParNew: 34506K->1576K(37568K), 0.0007430 secs] 100179K->67248K(120960K), 0.0007750 secs] [Times: user=0.01 sys=0.00, real=0.00 secs] 
152.066: Total time for which application threads were stopped: 0.0009350 seconds, Stopping threads took: 0.0000860 seconds
152.147: Application time: 0.0814170 seconds
152.147: [GC152.147: [ParNew: 34508K->1580K(37568K), 0.0006730 secs] 100181K->67252K(120960K), 0.0007020 secs] [Times: user=0.01 sys=0.00, real=0.00 secs] 
152.148: Total time for which application threads were stopped: 0.0008450 seconds, Stopping threads took: 0.0000860 seconds
152.230: Application time: 0.0817140 seconds
152.230: [GC152.230: [ParNew: 34591K->1092K(37568K), 0.0006410 secs] 100263K->66764K(120960K), 0.0006700 secs] [Times: user=0.00 sys=0.00, real=0.00 secs] 
152.230: Total time for which application threads were stopped: 0.0008630 seconds, Stopping threads took: 0.0001340 seconds
152.312: Application time: 0.0816430 seconds
152.312: [GC152.312: [ParNew: 34104K->2146K(37568K), 0.0008880 secs] 99777K->67818K(120960K), 0.0009170 secs] [Times: user=0.01 sys=0.00, real=0.00 secs] 
152.313: Total time for which application threads were stopped: 0.0010500 seconds, Stopping threads took: 0.0000740 seconds
152.394: Application time: 0.0813230 seconds
152.395: [GC152.395: [ParNew: 35159K->2120K(37568K), 0.0008760 secs] 100831K->67896K(120960K), 0.0009040 secs] [Times: user=0.00 sys=0.00, real=0.01 secs] 
152.396: Total time for which application threads were stopped: 0.0010390 seconds, Stopping threads took: 0.0000750 seconds
152.477: Application time: 0.0816550 seconds
152.477: [GC152.477: [ParNew: 35291K->2176K(37568K), 0.0008370 secs] 101068K->68009K(120960K), 0.0008690 secs] [Times: user=0.01 sys=0.00, real=0.00 secs] 
152.478: Total time for which application threads were stopped: 0.0009920 seconds, Stopping threads took: 0.0000600 seconds
152.561: Application time: 0.0832950 seconds
152.562: [GC152.562: [ParNew: 35273K->1604K(37568K), 0.0008010 secs] 101106K->67585K(120960K), 0.0008300 secs] [Times: user=0.01 sys=0.00, real=0.00 secs] 
152.562: Total time for which application threads were stopped: 0.0009670 seconds, Stopping threads took: 0.0000780 seconds
152.644: Application time: 0.0817550 seconds
152.644: [GC152.644: [ParNew: 34536K->1608K(37568K), 0.0007200 secs] 100517K->67589K(120960K), 0.0007500 secs] [Times: user=0.01 sys=0.00, real=0.00 secs] 
152.645: Total time for which application threads were stopped: 0.0008910 seconds, Stopping threads took: 0.0000740 seconds
152.728: Application time: 0.0829660 seconds
152.728: [GC152.728: [ParNew: 34540K->1608K(37568K), 0.0007440 secs] 100521K->67589K(120960K), 0.0007730 secs] [Times: user=0.00 sys=0.00, real=0.00 secs] 
152.729: Total time for which application threads were stopped: 0.0009260 seconds, Stopping threads took: 0.0000940 seconds
152.811: Application time: 0.0822560 seconds
152.811: [GC152.811: [ParNew: 34542K->1606K(37568K), 0.0007310 secs] 100523K->67587K(120960K), 0.0007610 secs] [Times: user=0.01 sys=0.00, real=0.00 secs] 
152.812: Total time for which application threads were stopped: 0.0009190 seconds, Stopping threads took: 0.0000890 seconds
152.893: Application time: 0.0810390 seconds
152.893: [GC152.893: [ParNew: 34617K->1634K(37568K), 0.0007570 secs] 100597K->67615K(120960K), 0.0007870 secs] [Times: user=0.01 sys=0.00, real=0.00 secs] 
152.894: Total time for which application threads were stopped: 0.0009110 seconds, Stopping threads took: 0.0000680 seconds
152.976: Application time: 0.0814930 seconds
152.976: [GC152.976: [ParNew: 34729K->1178K(37568K), 0.0006500 secs] 100710K->67159K(120960K), 0.0006770 secs] [Times: user=0.00 sys=0.00, real=0.00 secs] 
152.976: Total time for which application threads were stopped: 0.0007940 seconds, Stopping threads took: 0.0000630 seconds
153.057: Application time: 0.0807240 seconds
153.057: [GC153.057: [ParNew: 34108K->1692K(37568K), 0.0006910 secs] 100089K->67673K(120960K), 0.0007200 secs] [Times: user=0.00 sys=0.00, real=0.00 secs] 
153.058: Total time for which application threads were stopped: 0.0008470 seconds, Stopping threads took: 0.0000710 seconds
153.139: Application time: 0.0806210 seconds
153.139: [GC153.139: [ParNew: 34865K->1776K(37568K), 0.0007280 secs] 100846K->67757K(120960K), 0.0007580 secs] [Times: user=0.00 sys=0.00, real=0.00 secs] 
153.140: Total time for which application threads were stopped: 0.0009020 seconds, Stopping threads took: 0.0000860 seconds
153.223: Application time: 0.0830140 seconds
153.223: [GC153.223: [ParNew: 34871K->1262K(37568K), 0.0005990 secs] 100852K->67243K(120960K), 0.0006310 secs] [Times: user=0.00 sys=0.00, real=0.00 secs] 
153.223: Total time for which application threads were stopped: 0.0007770 seconds, Stopping threads took: 0.0000750 seconds
153.304: Application time: 0.0810040 seconds
153.304: [GC153.304: [ParNew: 34190K->2288K(37568K), 0.0009050 secs] 100171K->68269K(120960K), 0.0009360 secs] [Times: user=0.01 sys=0.00, real=0.00 secs] 
153.305: Total time for which application threads were stopped: 0.0010680 seconds, Stopping threads took: 0.0000730 seconds
153.385: Application time: 0.0799470 seconds
153.385: [GC153.385: [ParNew: 35221K->2062K(37568K), 0.0009020 secs] 101201K->68311K(120960K), 0.0009320 secs] [Times: user=0.01 sys=0.00, real=0.00 secs] 
153.386: Total time for which application threads were stopped: 0.0010700 seconds, Stopping threads took: 0.0000780 seconds
153.468: Application time: 0.0814230 seconds
153.468: [GC153.468: [ParNew: 34992K->2572K(37568K), 0.0009500 secs] 101241K->68821K(120960K), 0.0009800 secs] [Times: user=0.00 sys=0.00, real=0.00 secs] 
153.469: Total time for which application threads were stopped: 0.0011240 seconds, Stopping threads took: 0.0000840 seconds
153.550: Application time: 0.0810840 seconds
153.550: [GC153.550: [ParNew: 35585K->2600K(37568K), 0.0009780 secs] 101834K->68849K(120960K), 0.0010110 secs] [Times: user=0.01 sys=0.00, real=0.00 secs] 
153.551: Total time for which application threads were stopped: 0.0011490 seconds, Stopping threads took: 0.0000790 seconds
153.632: Application time: 0.0803370 seconds
153.632: [GC153.632: [ParNew: 35689K->2632K(37568K), 0.0010260 secs] 101938K->68945K(120960K), 0.0010590 secs] [Times: user=0.01 sys=0.00, real=0.00 secs] 
153.633: Total time for which application threads were stopped: 0.0012060 seconds, Stopping threads took: 0.0000860 seconds
153.715: Application time: 0.0823010 seconds
153.715: [GC153.715: [ParNew: 35569K->2060K(37568K), 0.0008320 secs] 101882K->68469K(120960K), 0.0008640 secs] [Times: user=0.00 sys=0.00, real=0.00 secs] 
153.716: Total time for which application threads were stopped: 0.0010540 seconds, Stopping threads took: 0.0001320 seconds
153.797: Application time: 0.0811930 seconds
153.797: [GC153.797: [ParNew: 35149K->2118K(37568K), 0.0009160 secs] 101558K->68527K(120960K), 0.0009400 secs] [Times: user=0.01 sys=0.00, real=0.00 secs] 
153.798: Total time for which application threads were stopped: 0.0011140 seconds, Stopping threads took: 0.0001100 seconds
153.881: Application time: 0.0822980 seconds
153.881: [GC153.881: [ParNew: 35297K->1630K(37568K), 0.0008470 secs] 101707K->68123K(120960K), 0.0008840 secs] [Times: user=0.00 sys=0.00, real=0.00 secs] 
153.882: Total time for which application threads were stopped: 0.0010120 seconds, Stopping threads took: 0.0000710 seconds
153.963: Application time: 0.0811310 seconds
153.963: [GC153.963: [ParNew: 34566K->1124K(37568K), 0.0005350 secs] 101060K->67617K(120960K), 0.0005660 secs] [Times: user=0.00 sys=0.00, real=0.00 secs] 
153.964: Total time for which application threads were stopped: 0.0006930 seconds, Stopping threads took: 0.0000700 seconds
154.045: Application time: 0.0818330 seconds
154.045: [GC154.046: [ParNew: 34054K->1636K(37568K), 0.0006760 secs] 100547K->68129K(120960K), 0.0007060 secs] [Times: user=0.00 sys=0.00, real=0.00 secs] 
154.046: Total time for which application threads were stopped: 0.0008380 seconds, Stopping threads took: 0.0000750 seconds
154.127: Application time: 0.0805730 seconds
154.127: [GC154.127: [ParNew: 34566K->2148K(37568K), 0.0008210 secs] 101060K->68641K(120960K), 0.0008520 secs] [Times: user=0.00 sys=0.00, real=0.01 secs] 
154.128: Total time for which application threads were stopped: 0.0009830 seconds, Stopping threads took: 0.0000720 seconds
154.209: Application time: 0.0807330 seconds
154.209: [GC154.209: [ParNew: 35161K->2088K(37568K), 0.0008330 secs] 101654K->68717K(120960K), 0.0008660 secs] [Times: user=0.00 sys=0.00, real=0.00 secs] 
154.210: Total time for which application threads were stopped: 0.0010050 seconds, Stopping threads took: 0.0000800 seconds
154.291: Application time: 0.0819220 seconds
154.292: [GC154.292: [ParNew: 35183K->1636K(37568K), 0.0007030 secs] 101812K->68265K(120960K), 0.0007340 secs] [Times: user=0.00 sys=0.00, real=0.00 secs] 
154.292: Total time for which application threads were stopped: 0.0008560 seconds, Stopping threads took: 0.0000640 seconds
154.374: Application time: 0.0813250 seconds
154.374: [GC154.374: [ParNew: 34568K->1636K(37568K), 0.0006740 secs] 101198K->68265K(120960K), 0.0007000 secs] [Times: user=0.01 sys=0.00, real=0.00 secs] 
154.374: Total time for which application threads were stopped: 0.0008370 seconds, Stopping threads took: 0.0000720 seconds
154.457: Application time: 0.0829640 seconds
154.458: [GC154.458: [ParNew: 34727K->1692K(37568K), 0.0007000 secs] 101356K->68321K(120960K), 0.0007280 secs] [Times: user=0.00 sys=0.00, real=0.00 secs] 
154.458: Total time for which application threads were stopped: 0.0008530 seconds, Stopping threads took: 0.0000680 seconds
154.538: Application time: 0.0801670 seconds
154.539: [GC154.539: [ParNew: 34861K->2288K(37568K), 0.0008990 secs] 101491K->68917K(120960K), 0.0009320 secs] [Times: user=0.01 sys=0.00, real=0.00 secs] 
154.540: Total time for which application threads were stopped: 0.0011180 seconds, Stopping threads took: 0.0001260 seconds
154.622: Application time: 0.0824240 seconds
154.622: [GC154.622: [ParNew: 35225K->1550K(37568K), 0.0007510 secs] 101854K->68451K(120960K), 0.0007820 secs] [Times: user=0.00 sys=0.00, real=0.00 secs] 
154.623: Total time for which application threads were stopped: 0.0009160 seconds, Stopping threads took: 0.0000760 seconds
154.705: Application time: 0.0824280 seconds
154.705: [GC154.705: [ParNew: 34482K->1548K(37568K), 0.0006480 secs] 101384K->68449K(120960K), 0.0006800 secs] [Times: user=0.01 sys=0.00, real=0.00 secs] 
154.706: Total time for which application threads were stopped: 0.0008270 seconds, Stopping threads took: 0.0000890 seconds
154.788: Application time: 0.0822660 seconds
154.789: [GC154.789: [ParNew: 34484K->1036K(37568K), 0.0005890 secs] 101386K->67937K(120960K), 0.0006180 secs] [Times: user=0.00 sys=0.00, real=0.00 secs] 
154.789: Total time for which application threads were stopped: 0.0007460 seconds, Stopping threads took: 0.0000720 seconds
154.871: Application time: 0.0817160 seconds
154.871: [GC154.871: [ParNew: 34052K->554K(37568K), 0.0004990 secs] 100954K->67455K(120960K), 0.0005290 secs] [Times: user=0.00 sys=0.01, real=0.00 secs] 
154.872: Total time for which application threads were stopped: 0.0006520 seconds, Stopping threads took: 0.0000690 seconds
154.953: Application time: 0.0812960 seconds
154.953: [GC154.953: [ParNew: 33640K->1636K(37568K), 0.0007640 secs] 100542K->68537K(120960K), 0.0008030 secs] [Times: user=0.01 sys=0.00, real=0.00 secs] 
154.954: Total time for which application threads were stopped: 0.0009550 seconds, Stopping threads took: 0.0000840 seconds
155.035: Application time: 0.0810780 seconds
155.035: [GC155.035: [ParNew: 34570K->1636K(37568K), 0.0007320 secs] 101472K->68537K(120960K), 0.0007600 secs] [Times: user=0.00 sys=0.00, real=0.01 secs] 
155.036: Total time for which application threads were stopped: 0.0008910 seconds, Stopping threads took: 0.0000760 seconds
155.118: Application time: 0.0826310 seconds
155.119: [GC155.119: [ParNew: 34649K->1664K(37568K), 0.0006910 secs] 101550K->68566K(120960K), 0.0007240 secs] [Times: user=0.00 sys=0.00, real=0.00 secs] 
155.119: Total time for which application threads were stopped: 0.0008550 seconds, Stopping threads took: 0.0000710 seconds
155.200: Application time: 0.0804940 seconds
155.200: [GC155.200: [ParNew: 34912K->2288K(37568K), 0.0009110 secs] 101813K->69190K(120960K), 0.0009410 secs] [Times: user=0.00 sys=0.00, real=0.00 secs] 
155.201: Total time for which application threads were stopped: 0.0010640 seconds, Stopping threads took: 0.0000600 seconds
155.284: Application time: 0.0829230 seconds
155.284: [GC155.284: [ParNew: 35229K->1034K(37568K), 0.0006810 secs] 102130K->68196K(120960K), 0.0007090 secs] [Times: user=0.00 sys=0.00, real=0.00 secs] 
155.285: Total time for which application threads were stopped: 0.0008640 seconds, Stopping threads took: 0.0000980 seconds
155.367: Application time: 0.0826960 seconds
155.367: [GC155.367: [ParNew: 33970K->522K(37568K), 0.0003870 secs] 101132K->67684K(120960K), 0.0004160 secs] [Times: user=0.00 sys=0.00, real=0.00 secs] 
155.368: Total time for which application threads were stopped: 0.0005370 seconds, Stopping threads took: 0.0000640 seconds
155.448: Application time: 0.0798680 seconds
155.448: [GC155.448: [ParNew: 33450K->2060K(37568K), 0.0008690 secs] 100612K->69222K(120960K), 0.0008980 secs] [Times: user=0.01 sys=0.00, real=0.00 secs] 
155.449: Total time for which application threads were stopped: 0.0010530 seconds, Stopping threads took: 0.0000980 seconds
155.530: Application time: 0.0816800 seconds
155.531: [GC155.531: [ParNew: 35073K->2090K(37568K), 0.0009150 secs] 102235K->69252K(120960K), 0.0009460 secs] [Times: user=0.01 sys=0.00, real=0.00 secs] 
155.532: Total time for which application threads were stopped: 0.0011090 seconds, Stopping threads took: 0.0000900 seconds
155.614: Application time: 0.0826360 seconds
155.614: [GC155.614: [ParNew: 35187K->1636K(37568K), 0.0006580 secs] 102349K->68798K(120960K), 0.0006860 secs] [Times: user=0.00 sys=0.00, real=0.00 secs] 
155.615: Total time for which application threads were stopped: 0.0008300 seconds, Stopping threads took: 0.0000850 seconds
155.698: Application time: 0.0829580 seconds
155.698: [GC155.698: [ParNew: 34568K->1636K(37568K), 0.0006880 secs] 101730K->68798K(120960K), 0.0007180 secs] [Times: user=0.00 sys=0.00, real=0.00 secs] 
155.699: Total time for which application threads were stopped: 0.0008640 seconds, Stopping threads took: 0.0000870 seconds
155.780: Application time: 0.0810950 seconds
155.780: [GC155.780: [ParNew: 34649K->1664K(37568K), 0.0007040 secs] 101811K->68826K(120960K), 0.0007360 secs] [Times: user=0.01 sys=0.00, real=0.00 secs] 
155.781: Total time for which application threads were stopped: 0.0008680 seconds, Stopping threads took: 0.0000720 seconds
155.863: Application time: 0.0822470 seconds
155.863: [GC155.863: [ParNew: 34916K->1776K(37568K), 0.0007150 secs] 102078K->68938K(120960K), 0.0007450 secs] [Times: user=0.00 sys=0.00, real=0.00 secs] 
155.864: Total time for which application threads were stopped: 0.0008660 seconds, Stopping threads took: 0.0000630 seconds
155.945: Application time: 0.0806490 seconds
155.945: [GC155.945: [ParNew: 34709K->1776K(37568K), 0.0007220 secs] 101871K->68938K(120960K), 0.0007600 secs] [Times: user=0.00 sys=0.00, real=0.00 secs] 
155.945: Total time for which application threads were stopped: 0.0008860 seconds, Stopping threads took: 0.0000660 seconds
156.027: Application time: 0.0816160 seconds
156.027: [GC156.027: [ParNew: 34713K->1262K(37568K), 0.0006790 secs] 101875K->68424K(120960K), 0.0007090 secs] [Times: user=0.01 sys=0.00, real=0.00 secs] 
156.028: Total time for which application threads were stopped: 0.0008520 seconds, Stopping threads took: 0.0000860 seconds
156.110: Application time: 0.0816620 seconds
156.110: [GC156.110: [ParNew: 34192K->1264K(37568K), 0.0006130 secs] 101354K->68426K(120960K), 0.0006430 secs] [Times: user=0.01 sys=0.00, real=0.00 secs] 
156.110: Total time for which application threads were stopped: 0.0007750 seconds, Stopping threads took: 0.0000670 seconds
156.191: Application time: 0.0807420 seconds
156.191: [GC156.191: [ParNew: 34279K->1776K(37568K), 0.0007220 secs] 101441K->68938K(120960K), 0.0007520 secs] [Times: user=0.01 sys=0.00, real=0.00 secs] 
156.192: Total time for which application threads were stopped: 0.0008780 seconds, Stopping threads took: 0.0000700 seconds
156.273: Application time: 0.0807970 seconds
156.273: [GC156.273: [ParNew: 34783K->2800K(37568K), 0.0025270 secs] 101945K->69962K(120960K), 0.0025640 secs] [Times: user=0.01 sys=0.00, real=0.01 secs] 
156.276: Total time for which application threads were stopped: 0.0027030 seconds, Stopping threads took: 0.0000770 seconds
156.356: Application time: 0.0807730 seconds
156.356: [GC156.356: [ParNew: 35813K->2600K(37568K), 0.0010270 secs] 102975K->70002K(120960K), 0.0010610 secs] [Times: user=0.01 sys=0.00, real=0.00 secs] 
156.357: Total time for which application threads were stopped: 0.0011860 seconds, Stopping threads took: 0.0000630 seconds
156.440: Application time: 0.0828970 seconds
156.440: [GC156.441: [ParNew: 35617K->2086K(37568K), 0.0009140 secs] 103019K->69544K(120960K), 0.0009440 secs] [Times: user=0.00 sys=0.00, real=0.00 secs] 
156.441: Total time for which application threads were stopped: 0.0010660 seconds, Stopping threads took: 0.0000640 seconds
156.524: Application time: 0.0822700 seconds
156.524: [GC156.524: [ParNew: 35338K->2204K(37568K), 0.0008890 secs] 102796K->69662K(120960K), 0.0009200 secs] [Times: user=0.00 sys=0.00, real=0.00 secs] 
156.525: Total time for which application threads were stopped: 0.0010860 seconds, Stopping threads took: 0.0001080 seconds
156.607: Application time: 0.0826540 seconds
156.608: [GC156.608: [ParNew: 35145K->1034K(37568K), 0.0006610 secs] 102603K->68680K(120960K), 0.0006880 secs] [Times: user=0.01 sys=0.00, real=0.00 secs] 
156.608: Total time for which application threads were stopped: 0.0008300 seconds, Stopping threads took: 0.0000850 seconds
156.691: Application time: 0.0823950 seconds
156.691: [GC156.691: [ParNew: 33966K->1546K(37568K), 0.0006680 secs] 101612K->69192K(120960K), 0.0006980 secs] [Times: user=0.01 sys=0.00, real=0.00 secs] 
156.692: Total time for which application threads were stopped: 0.0008500 seconds, Stopping threads took: 0.0000870 seconds
156.773: Application time: 0.0819250 seconds
156.774: [GC156.774: [ParNew: 34482K->1034K(37568K), 0.0005850 secs] 102129K->68680K(120960K), 0.0006130 secs] [Times: user=0.01 sys=0.00, real=0.00 secs] 
156.774: Total time for which application threads were stopped: 0.0007400 seconds, Stopping threads took: 0.0000710 seconds
156.855: Application time: 0.0812230 seconds
156.856: [GC156.856: [ParNew: 34046K->1066K(37568K), 0.0005400 secs] 101693K->68712K(120960K), 0.0005670 secs] [Times: user=0.01 sys=0.00, real=0.00 secs] 
156.856: Total time for which application threads were stopped: 0.0006970 seconds, Stopping threads took: 0.0000740 seconds
156.939: Application time: 0.0826000 seconds
156.939: [GC156.939: [ParNew: 34077K->1096K(37568K), 0.0005660 secs] 101723K->68742K(120960K), 0.0005980 secs] [Times: user=0.00 sys=0.00, real=0.00 secs] 
156.939: Total time for which application threads were stopped: 0.0007180 seconds, Stopping threads took: 0.0000610 seconds
157.021: Application time: 0.0818400 seconds
157.021: [GC157.021: [ParNew: 34104K->1122K(37568K), 0.0006530 secs] 101751K->68768K(120960K), 0.0006910 secs] [Times: user=0.00 sys=0.00, real=0.00 secs] 
157.022: Total time for which application threads were stopped: 0.0008340 seconds, Stopping threads took: 0.0000890 seconds
157.105: Application time: 0.0828080 seconds
157.105: [GC157.105: [ParNew: 34143K->640K(37568K), 0.0004210 secs] 101789K->68286K(120960K), 0.0004490 secs] [Times: user=0.01 sys=0.00, real=0.00 secs] 
157.106: Total time for which application threads were stopped: 0.0006550 seconds, Stopping threads took: 0.0001520 seconds
157.188: Application time: 0.0828190 seconds
157.189: [GC157.189: [ParNew: 33892K->752K(37568K), 0.0004550 secs] 101538K->68398K(120960K), 0.0004840 secs] [Times: user=0.00 sys=0.00, real=0.00 secs] 
157.189: Total time for which application threads were stopped: 0.0006980 seconds, Stopping threads took: 0.0001580 seconds
157.270: Application time: 0.0804180 seconds
157.270: [GC157.270: [ParNew: 33680K->1774K(37568K), 0.0007980 secs] 101327K->69421K(120960K), 0.0008280 secs] [Times: user=0.00 sys=0.00, real=0.00 secs] 
157.271: Total time for which application threads were stopped: 0.0009630 seconds, Stopping threads took: 0.0000700 seconds
157.352: Application time: 0.0811370 seconds
157.352: [GC157.352: [ParNew: 34702K->2800K(37568K), 0.0010090 secs] 102349K->70447K(120960K), 0.0010420 secs] [Times: user=0.01 sys=0.00, real=0.00 secs] 
157.353: Total time for which application threads were stopped: 0.0011820 seconds, Stopping threads took: 0.0000800 seconds
157.435: Application time: 0.0823990 seconds
157.435: [GC157.435: [ParNew: 35735K->2058K(37568K), 0.0009970 secs] 103381K->69960K(120960K), 0.0010260 secs] [Times: user=0.00 sys=0.00, real=0.00 secs] 
157.436: Total time for which application threads were stopped: 0.0011580 seconds, Stopping threads took: 0.0000750 seconds
157.522: Application time: 0.0856510 seconds
157.522: [GC157.522: [ParNew: 35085K->554K(37568K), 0.0004580 secs] 102988K->68456K(120960K), 0.0004840 secs] [Times: user=0.01 sys=0.00, real=0.00 secs] 
157.523: Total time for which application threads were stopped: 0.0006250 seconds, Stopping threads took: 0.0000840 seconds
157.603: Application time: 0.0807910 seconds
157.604: [GC157.604: [ParNew: 33564K->1094K(37568K), 0.0005470 secs] 101467K->68997K(120960K), 0.0005730 secs] [Times: user=0.01 sys=0.00, real=0.00 secs] 
157.604: Total time for which application threads were stopped: 0.0006940 seconds, Stopping threads took: 0.0000670 seconds
157.685: Application time: 0.0809210 seconds
157.685: [GC157.685: [ParNew: 34102K->1636K(37568K), 0.0007000 secs] 102005K->69539K(120960K), 0.0007270 secs] [Times: user=0.01 sys=0.00, real=0.00 secs] 
157.686: Total time for which application threads were stopped: 0.0008500 seconds, Stopping threads took: 0.0000690 seconds
157.768: Application time: 0.0815960 seconds
157.768: [GC157.768: [ParNew: 34729K->2204K(37568K), 0.0008580 secs] 102632K->70107K(120960K), 0.0008900 secs] [Times: user=0.01 sys=0.00, real=0.00 secs] 
157.769: Total time for which application threads were stopped: 0.0010350 seconds, Stopping threads took: 0.0000840 seconds
157.852: Application time: 0.0831490 seconds
157.852: [GC157.852: [ParNew: 35377K->2144K(37568K), 0.0009720 secs] 103280K->70227K(120960K), 0.0010000 secs] [Times: user=0.01 sys=0.00, real=0.00 secs] 
157.853: Total time for which application threads were stopped: 0.0011520 seconds, Stopping threads took: 0.0000840 seconds
157.935: Application time: 0.0818630 seconds
157.935: [GC157.935: [ParNew: 35080K->1546K(37568K), 0.0006950 secs] 103163K->69765K(120960K), 0.0007220 secs] [Times: user=0.01 sys=0.00, real=0.01 secs] 
157.936: Total time for which application threads were stopped: 0.0008770 seconds, Stopping threads took: 0.0000980 seconds
158.017: Application time: 0.0809800 seconds
158.017: [GC158.017: [ParNew: 34478K->1546K(37568K), 0.0006990 secs] 102697K->69765K(120960K), 0.0007300 secs] [Times: user=0.01 sys=0.00, real=0.00 secs] 
158.017: Total time for which application threads were stopped: 0.0008710 seconds, Stopping threads took: 0.0000720 seconds
158.100: Application time: 0.0825100 seconds
158.100: [GC158.100: [ParNew: 34561K->1064K(37568K), 0.0006850 secs] 102780K->69283K(120960K), 0.0007140 secs] [Times: user=0.00 sys=0.00, real=0.00 secs] 
158.101: Total time for which application threads were stopped: 0.0008390 seconds, Stopping threads took: 0.0000690 seconds
158.182: Application time: 0.0811580 seconds
158.182: [GC158.182: [ParNew: 33996K->1066K(37568K), 0.0005900 secs] 102215K->69285K(120960K), 0.0006200 secs] [Times: user=0.01 sys=0.00, real=0.00 secs] 
158.183: Total time for which application threads were stopped: 0.0007400 seconds, Stopping threads took: 0.0000620 seconds
158.265: Application time: 0.0820030 seconds
158.265: [GC158.265: [ParNew: 34078K->1096K(37568K), 0.0005350 secs] 102298K->69315K(120960K), 0.0005660 secs] [Times: user=0.01 sys=0.00, real=0.00 secs] 
158.265: Total time for which application threads were stopped: 0.0006970 seconds, Stopping threads took: 0.0000750 seconds
158.348: Application time: 0.0822280 seconds
158.348: [GC158.348: [ParNew: 34108K->1120K(37568K), 0.0006520 secs] 102328K->69339K(120960K), 0.0006800 secs] [Times: user=0.01 sys=0.00, real=0.00 secs] 
158.348: Total time for which application threads were stopped: 0.0007940 seconds, Stopping threads took: 0.0000570 seconds
158.430: Application time: 0.0816250 seconds
158.430: [GC158.430: [ParNew: 34213K->668K(37568K), 0.0004440 secs] 102432K->68887K(120960K), 0.0004710 secs] [Times: user=0.00 sys=0.00, real=0.00 secs] 
158.431: Total time for which application threads were stopped: 0.0005980 seconds, Stopping threads took: 0.0000620 seconds
158.511: Application time: 0.0805990 seconds
158.511: [GC158.511: [ParNew: 33833K->1776K(37568K), 0.0007820 secs] 102052K->69995K(120960K), 0.0008110 secs] [Times: user=0.00 sys=0.00, real=0.00 secs] 
158.512: Total time for which application threads were stopped: 0.0009450 seconds, Stopping threads took: 0.0000760 seconds
158.598: Application time: 0.0861260 seconds
158.598: [GC158.598: [ParNew: 34704K->2800K(37568K), 0.0010200 secs] 102924K->71019K(120960K), 0.0010530 secs] [Times: user=0.01 sys=0.00, real=0.00 secs] 
158.600: Total time for which application threads were stopped: 0.0012110 seconds, Stopping threads took: 0.0000970 seconds
158.687: Application time: 0.0872210 seconds
158.687: [GC158.687: [ParNew: 35733K->2572K(37568K), 0.0010510 secs] 103952K->71063K(120960K), 0.0010830 secs] [Times: user=0.00 sys=0.01, real=0.01 secs] 
158.688: Total time for which application threads were stopped: 0.0012200 seconds, Stopping threads took: 0.0000750 seconds
158.777: Application time: 0.0893230 seconds
158.777: [GC158.777: [ParNew: 35585K->2602K(37568K), 0.0010110 secs] 104076K->71093K(120960K), 0.0010400 secs] [Times: user=0.01 sys=0.00, real=0.00 secs] 
158.779: Total time for which application threads were stopped: 0.0011720 seconds, Stopping threads took: 0.0000720 seconds
158.867: Application time: 0.0885020 seconds
158.867: [GC158.867: [ParNew: 35534K->2570K(37568K), 0.0009680 secs] 104026K->71125K(120960K), 0.0010010 secs] [Times: user=0.01 sys=0.00, real=0.00 secs] 
158.868: Total time for which application threads were stopped: 0.0011520 seconds, Stopping threads took: 0.0000880 seconds
158.956: Application time: 0.0880260 seconds
158.956: [GC158.956: [ParNew: 35585K->2090K(37568K), 0.0007920 secs] 104140K->70645K(120960K), 0.0008220 secs] [Times: user=0.00 sys=0.00, real=0.00 secs] 
158.957: Total time for which application threads were stopped: 0.0010110 seconds, Stopping threads took: 0.0001200 seconds
159.045: Application time: 0.0876980 seconds
159.045: [GC159.045: [ParNew: 35103K->2120K(37568K), 0.0008040 secs] 103658K->70675K(120960K), 0.0008340 secs] [Times: user=0.01 sys=0.00, real=0.00 secs] 
159.046: Total time for which application threads were stopped: 0.0009700 seconds, Stopping threads took: 0.0000760 seconds
159.133: Application time: 0.0873620 seconds
159.133: [GC159.133: [ParNew: 35211K->2148K(37568K), 0.0009060 secs] 103767K->70775K(120960K), 0.0009430 secs] [Times: user=0.01 sys=0.00, real=0.00 secs] 
159.134: Total time for which application threads were stopped: 0.0010580 seconds, Stopping threads took: 0.0000580 seconds
159.223: Application time: 0.0888840 seconds
159.223: [GC159.223: [ParNew: 35325K->1634K(37568K), 0.0007240 secs] 103953K->70389K(120960K), 0.0007550 secs] [Times: user=0.00 sys=0.00, real=0.00 secs] 
159.224: Total time for which application threads were stopped: 0.0009070 seconds, Stopping threads took: 0.0000900 seconds
159.312: Application time: 0.0880410 seconds
159.312: [GC159.312: [ParNew: 34564K->2146K(37568K), 0.0008880 secs] 103320K->70901K(120960K), 0.0009210 secs] [Times: user=0.00 sys=0.00, real=0.00 secs] 
159.313: Total time for which application threads were stopped: 0.0010660 seconds, Stopping threads took: 0.0000810 seconds
159.401: Application time: 0.0881340 seconds
159.401: [GC159.401: [ParNew: 35078K->2060K(37568K), 0.0009350 secs] 103834K->70943K(120960K), 0.0009650 secs] [Times: user=0.00 sys=0.00, real=0.00 secs] 
159.402: Total time for which application threads were stopped: 0.0011000 seconds, Stopping threads took: 0.0000730 seconds
159.492: Application time: 0.0898200 seconds
159.492: [GC159.492: [ParNew: 35070K->2602K(37568K), 0.0010340 secs] 103954K->71485K(120960K), 0.0010640 secs] [Times: user=0.01 sys=0.00, real=0.00 secs] 
159.493: Total time for which application threads were stopped: 0.0012090 seconds, Stopping threads took: 0.0000750 seconds
159.581: Application time: 0.0878210 seconds
159.581: [GC159.581: [ParNew: 35534K->2572K(37568K), 0.0010160 secs] 104418K->71527K(120960K), 0.0010480 secs] [Times: user=0.01 sys=0.00, real=0.00 secs] 
159.582: Total time for which application threads were stopped: 0.0011780 seconds, Stopping threads took: 0.0000660 seconds
159.671: Application time: 0.0883060 seconds
159.671: [GC159.671: [ParNew: 35583K->2600K(37568K), 0.0014790 secs] 104538K->71555K(120960K), 0.0015140 secs] [Times: user=0.00 sys=0.00, real=0.00 secs] 
159.672: Total time for which application threads were stopped: 0.0016560 seconds, Stopping threads took: 0.0000770 seconds
159.764: Application time: 0.0912060 seconds
159.764: [GC159.764: [ParNew: 35625K->1066K(37568K), 0.0005650 secs] 104581K->70101K(120960K), 0.0005960 secs] [Times: user=0.01 sys=0.00, real=0.00 secs] 
159.764: Total time for which application threads were stopped: 0.0007430 seconds, Stopping threads took: 0.0000860 seconds
159.852: Application time: 0.0876160 seconds
159.852: [GC159.852: [ParNew: 34159K->1124K(37568K), 0.0005770 secs] 103194K->70160K(120960K), 0.0006060 secs] [Times: user=0.00 sys=0.00, real=0.00 secs] 
159.853: Total time for which application threads were stopped: 0.0008070 seconds, Stopping threads took: 0.0001440 seconds
159.941: Application time: 0.0879500 seconds
159.941: [GC159.941: [ParNew: 34289K->2232K(37568K), 0.0008500 secs] 103325K->71268K(120960K), 0.0008830 secs] [Times: user=0.01 sys=0.00, real=0.00 secs] 
159.942: Total time for which application threads were stopped: 0.0010170 seconds, Stopping threads took: 0.0000700 seconds
160.031: Application time: 0.0891730 seconds
160.031: [GC160.031: [ParNew: 35165K->1548K(37568K), 0.0007470 secs] 104200K->70792K(120960K), 0.0007800 secs] [Times: user=0.01 sys=0.00, real=0.00 secs] 
160.032: Total time for which application threads were stopped: 0.0009380 seconds, Stopping threads took: 0.0000840 seconds
160.120: Application time: 0.0879160 seconds
160.120: [GC160.120: [ParNew: 34484K->1546K(37568K), 0.0007150 secs] 103728K->70790K(120960K), 0.0007480 secs] [Times: user=0.01 sys=0.00, real=0.00 secs] 
160.121: Total time for which application threads were stopped: 0.0008790 seconds, Stopping threads took: 0.0000700 seconds
160.208: Application time: 0.0873750 seconds
160.208: [GC160.208: [ParNew: 34558K->1578K(37568K), 0.0006640 secs] 103802K->70822K(120960K), 0.0006940 secs] [Times: user=0.01 sys=0.00, real=0.00 secs] 
160.209: Total time for which application threads were stopped: 0.0008420 seconds, Stopping threads took: 0.0000890 seconds
160.297: Application time: 0.0884050 seconds
160.297: [GC160.297: [ParNew: 34508K->2088K(37568K), 0.0008850 secs] 103752K->71332K(120960K), 0.0009250 secs] [Times: user=0.01 sys=0.00, real=0.00 secs] 
160.298: Total time for which application threads were stopped: 0.0010650 seconds, Stopping threads took: 0.0000790 seconds
160.392: Application time: 0.0939830 seconds
160.392: [GC160.392: [ParNew: 35115K->1096K(37568K), 0.0005420 secs] 104359K->70340K(120960K), 0.0005730 secs] [Times: user=0.01 sys=0.00, real=0.00 secs] 
160.393: Total time for which application threads were stopped: 0.0006970 seconds, Stopping threads took: 0.0000670 seconds
160.481: Application time: 0.0882210 seconds
160.481: [GC160.481: [ParNew: 34106K->1122K(37568K), 0.0006330 secs] 103350K->70366K(120960K), 0.0006640 secs] [Times: user=0.01 sys=0.00, real=0.00 secs] 
160.482: Total time for which application threads were stopped: 0.0008080 seconds, Stopping threads took: 0.0000850 seconds
160.571: Application time: 0.0884020 seconds
160.571: [GC160.571: [ParNew: 34213K->1692K(37568K), 0.0007260 secs] 103457K->70936K(120960K), 0.0007580 secs] [Times: user=0.01 sys=0.00, real=0.00 secs] 
160.571: Total time for which application threads were stopped: 0.0009220 seconds, Stopping threads took: 0.0000930 seconds
160.661: Application time: 0.0892390 seconds
160.661: [GC160.661: [ParNew: 34861K->1776K(37568K), 0.0007440 secs] 104105K->71020K(120960K), 0.0007740 secs] [Times: user=0.01 sys=0.00, real=0.00 secs] 
160.662: Total time for which application threads were stopped: 0.0008980 seconds, Stopping threads took: 0.0000640 seconds
160.750: Application time: 0.0880860 seconds
160.750: [GC160.750: [ParNew: 34709K->1776K(37568K), 0.0007840 secs] 103953K->71020K(120960K), 0.0008150 secs] [Times: user=0.01 sys=0.00, real=0.00 secs] 
160.751: Total time for which application threads were stopped: 0.0010030 seconds, Stopping threads took: 0.0001260 seconds
160.838: Application time: 0.0874940 seconds
160.838: [GC160.838: [ParNew: 34707K->2288K(37568K), 0.0008840 secs] 103950K->71532K(120960K), 0.0009170 secs] [Times: user=0.00 sys=0.00, real=0.00 secs] 
160.839: Total time for which application threads were stopped: 0.0010460 seconds, Stopping threads took: 0.0000680 seconds
160.927: Application time: 0.0873120 seconds
160.927: [GC160.927: [ParNew: 35301K->2088K(37568K), 0.0009370 secs] 104545K->71576K(120960K), 0.0009700 secs] [Times: user=0.01 sys=0.00, real=0.01 secs] 
160.928: Total time for which application threads were stopped: 0.0011020 seconds, Stopping threads took: 0.0000710 seconds
161.022: Application time: 0.0943210 seconds
161.022: [GC161.022: [ParNew: 35033K->554K(37568K), 0.0004080 secs] 104521K->70042K(120960K), 0.0004380 secs] [Times: user=0.00 sys=0.00, real=0.00 secs] 
161.023: Total time for which application threads were stopped: 0.0005570 seconds, Stopping threads took: 0.0000610 seconds
161.111: Application time: 0.0881640 seconds
161.111: [GC161.111: [ParNew: 33647K->612K(37568K), 0.0004240 secs] 103135K->70100K(120960K), 0.0004560 secs] [Times: user=0.01 sys=0.00, real=0.00 secs] 
161.111: Total time for which application threads were stopped: 0.0006190 seconds, Stopping threads took: 0.0000930 seconds
161.198: Application time: 0.0864800 seconds
161.198: [GC161.198: [ParNew: 33544K->612K(37568K), 0.0004540 secs] 103032K->70100K(120960K), 0.0004830 secs] [Times: user=0.00 sys=0.00, real=0.00 secs] 
161.198: Total time for which application threads were stopped: 0.0006150 seconds, Stopping threads took: 0.0000730 seconds
161.286: Application time: 0.0879350 seconds
161.286: [GC161.286: [ParNew: 33703K->1180K(37568K), 0.0006350 secs] 103191K->70668K(120960K), 0.0006680 secs] [Times: user=0.01 sys=0.00, real=0.01 secs] 
161.287: Total time for which application threads were stopped: 0.0007970 seconds, Stopping threads took: 0.0000690 seconds
161.376: Application time: 0.0891180 seconds
161.376: [GC161.376: [ParNew: 34275K->724K(37568K), 0.0005380 secs] 103763K->70212K(120960K), 0.0005780 secs] [Times: user=0.00 sys=0.00, real=0.00 secs] 
161.377: Total time for which application threads were stopped: 0.0006990 seconds, Stopping threads took: 0.0000620 seconds
161.466: Application time: 0.0891000 seconds
161.466: [GC161.466: [ParNew: 33735K->1262K(37568K), 0.0006820 secs] 103223K->70750K(120960K), 0.0007160 secs] [Times: user=0.01 sys=0.00, real=0.00 secs] 
161.467: Total time for which application threads were stopped: 0.0008680 seconds, Stopping threads took: 0.0000910 seconds
161.555: Application time: 0.0880610 seconds
161.555: [GC161.555: [ParNew: 34190K->2288K(37568K), 0.0009080 secs] 103679K->71776K(120960K), 0.0009390 secs] [Times: user=0.01 sys=0.00, real=0.00 secs] 
161.556: Total time for which application threads were stopped: 0.0010800 seconds, Stopping threads took: 0.0000740 seconds
161.644: Application time: 0.0881050 seconds
161.644: [GC161.644: [ParNew: 35299K->2632K(37568K), 0.0010610 secs] 104787K->72340K(120960K), 0.0010930 secs] [Times: user=0.01 sys=0.00, real=0.00 secs] 
161.645: Total time for which application threads were stopped: 0.0012430 seconds, Stopping threads took: 0.0000770 seconds
161.734: Application time: 0.0889970 seconds
161.735: [GC161.735: [ParNew: 35564K->2574K(37568K), 0.0010120 secs] 105273K->72386K(120960K), 0.0010470 secs] [Times: user=0.01 sys=0.00, real=0.01 secs] 
161.736: Total time for which application threads were stopped: 0.0012000 seconds, Stopping threads took: 0.0000900 seconds
161.823: Application time: 0.0877240 seconds
161.823: [GC161.823: [ParNew: 35587K->2604K(37568K), 0.0009470 secs] 105399K->72416K(120960K), 0.0009790 secs] [Times: user=0.01 sys=0.00, real=0.00 secs] 
161.824: Total time for which application threads were stopped: 0.0011140 seconds, Stopping threads took: 0.0000720 seconds
161.914: Application time: 0.0894940 seconds
161.914: [GC161.914: [ParNew: 35617K->2604K(37568K), 0.0010280 secs] 105429K->72488K(120960K), 0.0010610 secs] [Times: user=0.01 sys=0.01, real=0.01 secs] 
161.915: Total time for which application threads were stopped: 0.0012060 seconds, Stopping threads took: 0.0000830 seconds
162.005: Application time: 0.0897420 seconds
162.005: [GC162.005: [ParNew: 35701K->2118K(37568K), 0.0008630 secs] 105586K->72066K(120960K), 0.0008960 secs] [Times: user=0.01 sys=0.00, real=0.00 secs] 
162.006: Total time for which application threads were stopped: 0.0010650 seconds, Stopping threads took: 0.0001080 seconds
162.095: Application time: 0.0890330 seconds
162.095: [GC162.095: [ParNew: 35211K->1608K(37568K), 0.0007610 secs] 105160K->71660K(120960K), 0.0007930 secs] [Times: user=0.01 sys=0.00, real=0.00 secs] 
162.096: Total time for which application threads were stopped: 0.0009610 seconds, Stopping threads took: 0.0001090 seconds
162.185: Application time: 0.0886170 seconds
162.185: [GC162.185: [ParNew: 34625K->1124K(37568K), 0.0006000 secs] 104677K->71176K(120960K), 0.0006300 secs] [Times: user=0.00 sys=0.00, real=0.00 secs] 
162.185: Total time for which application threads were stopped: 0.0008050 seconds, Stopping threads took: 0.0001110 seconds
162.274: Application time: 0.0881230 seconds
162.274: [GC162.274: [ParNew: 34052K->2148K(37568K), 0.0008150 secs] 104105K->72200K(120960K), 0.0008450 secs] [Times: user=0.00 sys=0.00, real=0.00 secs] 
162.275: Total time for which application threads were stopped: 0.0009930 seconds, Stopping threads took: 0.0000890 seconds
162.361: Application time: 0.0866730 seconds
162.361: [GC162.361: [ParNew: 35159K->2630K(37568K), 0.0011020 secs] 105211K->72770K(120960K), 0.0011330 secs] [Times: user=0.01 sys=0.00, real=0.00 secs] 
162.362: Total time for which application threads were stopped: 0.0012520 seconds, Stopping threads took: 0.0000580 seconds
162.452: Application time: 0.0899680 seconds
162.453: [GC162.453: [ParNew: 35566K->2062K(37568K), 0.0007810 secs] 105707K->72314K(120960K), 0.0008100 secs] [Times: user=0.00 sys=0.00, real=0.00 secs] 
162.453: Total time for which application threads were stopped: 0.0009370 seconds, Stopping threads took: 0.0000690 seconds
162.539: Application time: 0.0852400 seconds
162.539: [GC162.539: [ParNew: 35073K->2604K(37568K), 0.0009490 secs] 105325K->72857K(120960K), 0.0009910 secs] [Times: user=0.01 sys=0.00, real=0.00 secs] 
162.540: Total time for which application threads were stopped: 0.0011470 seconds, Stopping threads took: 0.0000940 seconds
162.622: Application time: 0.0818080 seconds
162.622: [GC162.622: [ParNew: 35617K->2600K(37568K), 0.0010460 secs] 105869K->72917K(120960K), 0.0010750 secs] [Times: user=0.01 sys=0.00, real=0.00 secs] 
162.623: Total time for which application threads were stopped: 0.0012340 seconds, Stopping threads took: 0.0001010 seconds
162.705: Application time: 0.0820830 seconds
162.705: [GC162.705: [ParNew: 35693K->2630K(37568K), 0.0010400 secs] 106010K->73019K(120960K), 0.0010710 secs] [Times: user=0.00 sys=0.00, real=0.00 secs] 
162.706: Total time for which application threads were stopped: 0.0012270 seconds, Stopping threads took: 0.0000860 seconds
162.788: Application time: 0.0818400 seconds
162.788: [GC162.788: [ParNew: 35721K->2628K(37568K), 0.0010960 secs] 106110K->73113K(120960K), 0.0011270 secs] [Times: user=0.01 sys=0.00, real=0.00 secs] 
162.789: Total time for which application threads were stopped: 0.0012780 seconds, Stopping threads took: 0.0000910 seconds
162.871: Application time: 0.0821270 seconds
162.875: [GC162.875: [ParNew: 35645K->2088K(37568K), 0.0009140 secs] 106130K->72677K(120960K), 0.0009460 secs] [Times: user=0.00 sys=0.00, real=0.00 secs] 
162.876: Total time for which application threads were stopped: 0.0047770 seconds, Stopping threads took: 0.0037710 seconds
162.958: Application time: 0.0817360 seconds
162.959: [GC162.959: [ParNew: 35020K->2092K(37568K), 0.0008390 secs] 105609K->72681K(120960K), 0.0008690 secs] [Times: user=0.00 sys=0.00, real=0.00 secs] 
162.960: Total time for which application threads were stopped: 0.0021920 seconds, Stopping threads took: 0.0012630 seconds
163.041: Application time: 0.0809270 seconds
163.041: [GC163.041: [ParNew: 35105K->2118K(37568K), 0.0008570 secs] 105694K->72707K(120960K), 0.0008860 secs] [Times: user=0.00 sys=0.00, real=0.00 secs] 
163.042: Total time for which application threads were stopped: 0.0010190 seconds, Stopping threads took: 0.0000760 seconds
163.124: Application time: 0.0820440 seconds
163.124: [GC163.124: [ParNew: 35054K->1576K(37568K), 0.0006980 secs] 105643K->72245K(120960K), 0.0007270 secs] [Times: user=0.01 sys=0.00, real=0.00 secs] 
163.125: Total time for which application threads were stopped: 0.0008770 seconds, Stopping threads took: 0.0000920 seconds
163.206: Application time: 0.0812330 seconds
163.206: [GC163.206: [ParNew: 34669K->1634K(37568K), 0.0007670 secs] 105338K->72303K(120960K), 0.0008000 secs] [Times: user=0.01 sys=0.00, real=0.01 secs] 
163.207: Total time for which application threads were stopped: 0.0009330 seconds, Stopping threads took: 0.0000680 seconds
163.288: Application time: 0.0812000 seconds
163.288: [GC163.288: [ParNew: 34566K->1634K(37568K), 0.0007430 secs] 105235K->72303K(120960K), 0.0007720 secs] [Times: user=0.00 sys=0.00, real=0.00 secs] 
163.289: Total time for which application threads were stopped: 0.0008950 seconds, Stopping threads took: 0.0000680 seconds
163.371: Application time: 0.0816030 seconds
163.371: [GC163.371: [ParNew: 34723K->1690K(37568K), 0.0008210 secs] 105392K->72359K(120960K), 0.0008550 secs] [Times: user=0.00 sys=0.00, real=0.00 secs] 
163.372: Total time for which application threads were stopped: 0.0010540 seconds, Stopping threads took: 0.0001380 seconds
163.454: Application time: 0.0821930 seconds
163.454: [GC163.454: [ParNew: 34783K->2260K(37568K), 0.0008030 secs] 105452K->72929K(120960K), 0.0008330 secs] [Times: user=0.00 sys=0.00, real=0.00 secs] 
163.455: Total time for which application threads were stopped: 0.0009700 seconds, Stopping threads took: 0.0000760 seconds
163.536: Application time: 0.0808730 seconds
163.536: [GC163.536: [ParNew: 35271K->2092K(37568K), 0.0009450 secs] 105940K->73005K(120960K), 0.0009770 secs] [Times: user=0.01 sys=0.00, real=0.00 secs] 
163.537: Total time for which application threads were stopped: 0.0011090 seconds, Stopping threads took: 0.0000640 seconds
163.619: Application time: 0.0820220 seconds
163.619: [GC163.619: [ParNew: 35022K->2602K(37568K), 0.0009640 secs] 105936K->73515K(120960K), 0.0009940 secs] [Times: user=0.00 sys=0.00, real=0.00 secs] 
163.620: Total time for which application threads were stopped: 0.0011430 seconds, Stopping threads took: 0.0000890 seconds
163.701: Application time: 0.0809470 seconds
163.701: [GC163.701: [ParNew: 35615K->2604K(37568K), 0.0009730 secs] 106528K->73589K(120960K), 0.0010040 secs] [Times: user=0.01 sys=0.00, real=0.00 secs] 
163.702: Total time for which application threads were stopped: 0.0011590 seconds, Stopping threads took: 0.0000930 seconds
163.785: Application time: 0.0828790 seconds
163.785: [GC163.785: [ParNew: 35540K->2060K(37568K), 0.0009050 secs] 106526K->73101K(120960K), 0.0009350 secs] [Times: user=0.01 sys=0.00, real=0.00 secs] 
163.786: Total time for which application threads were stopped: 0.0010890 seconds, Stopping threads took: 0.0000880 seconds
163.869: Application time: 0.0826720 seconds
163.869: [GC163.869: [ParNew: 35159K->1096K(37568K), 0.0005310 secs] 106200K->72137K(120960K), 0.0005620 secs] [Times: user=0.00 sys=0.00, real=0.00 secs] 
163.870: Total time for which application threads were stopped: 0.0006910 seconds, Stopping threads took: 0.0000710 seconds
163.952: Application time: 0.0822490 seconds
163.952: [GC163.952: [ParNew: 34028K->1094K(37568K), 0.0005680 secs] 105070K->72135K(120960K), 0.0005970 secs] [Times: user=0.01 sys=0.00, real=0.00 secs] 
163.953: Total time for which application threads were stopped: 0.0007310 seconds, Stopping threads took: 0.0000760 seconds
164.034: Application time: 0.0810150 seconds
164.034: [GC164.034: [ParNew: 34187K->1152K(37568K), 0.0005540 secs] 105228K->72193K(120960K), 0.0005820 secs] [Times: user=0.01 sys=0.00, real=0.00 secs] 
164.034: Total time for which application threads were stopped: 0.0007200 seconds, Stopping threads took: 0.0000780 seconds
164.117: Application time: 0.0826690 seconds
164.117: [GC164.117: [ParNew: 34245K->1208K(37568K), 0.0005920 secs] 105286K->72249K(120960K), 0.0006240 secs] [Times: user=0.00 sys=0.00, real=0.00 secs] 
164.118: Total time for which application threads were stopped: 0.0007470 seconds, Stopping threads took: 0.0000650 seconds
164.201: Application time: 0.0830070 seconds
164.201: [GC164.201: [ParNew: 34221K->1236K(37568K), 0.0005980 secs] 105262K->72277K(120960K), 0.0006270 secs] [Times: user=0.00 sys=0.00, real=0.00 secs] 
164.202: Total time for which application threads were stopped: 0.0007700 seconds, Stopping threads took: 0.0000840 seconds
164.283: Application time: 0.0818800 seconds
164.284: [GC164.284: [ParNew: 34168K->1748K(37568K), 0.0007510 secs] 105210K->72789K(120960K), 0.0007800 secs] [Times: user=0.00 sys=0.00, real=0.00 secs] 
164.284: Total time for which application threads were stopped: 0.0009050 seconds, Stopping threads took: 0.0000690 seconds
164.366: Application time: 0.0816340 seconds
164.366: [GC164.366: [ParNew: 34761K->1772K(37568K), 0.0008350 secs] 105802K->72813K(120960K), 0.0008630 secs] [Times: user=0.01 sys=0.00, real=0.00 secs] 
164.367: Total time for which application threads were stopped: 0.0010120 seconds, Stopping threads took: 0.0000830 seconds
164.448: Application time: 0.0813310 seconds
164.448: [GC164.448: [ParNew: 34705K->1774K(37568K), 0.0007110 secs] 105746K->72815K(120960K), 0.0007380 secs] [Times: user=0.00 sys=0.00, real=0.00 secs] 
164.449: Total time for which application threads were stopped: 0.0008630 seconds, Stopping threads took: 0.0000680 seconds
164.531: Application time: 0.0816990 seconds
164.531: [GC164.531: [ParNew: 34869K->1264K(37568K), 0.0005970 secs] 105911K->72305K(120960K), 0.0006270 secs] [Times: user=0.01 sys=0.00, real=0.00 secs] 
164.532: Total time for which application threads were stopped: 0.0007840 seconds, Stopping threads took: 0.0000980 seconds
164.613: Application time: 0.0813070 seconds
164.613: [GC164.613: [ParNew: 34194K->1776K(37568K), 0.0007830 secs] 105236K->72817K(120960K), 0.0008220 secs] [Times: user=0.00 sys=0.00, real=0.00 secs] 
164.614: Total time for which application threads were stopped: 0.0009400 seconds, Stopping threads took: 0.0000620 seconds
164.697: Application time: 0.0826650 seconds
164.697: [GC164.697: [ParNew: 34871K->1264K(37568K), 0.0005860 secs] 105913K->72305K(120960K), 0.0006160 secs] [Times: user=0.00 sys=0.00, real=0.00 secs] 
164.697: Total time for which application threads were stopped: 0.0007620 seconds, Stopping threads took: 0.0000870 seconds
164.779: Application time: 0.0817470 seconds
164.779: [GC164.779: [ParNew: 34351K->2800K(37568K), 0.0010480 secs] 105392K->73841K(120960K), 0.0010790 secs] [Times: user=0.01 sys=0.00, real=0.00 secs] 
164.780: Total time for which application threads were stopped: 0.0012140 seconds, Stopping threads took: 0.0000750 seconds
164.863: Application time: 0.0824640 seconds
164.863: [GC164.863: [ParNew: 35815K->2090K(37568K), 0.0009010 secs] 106856K->73371K(120960K), 0.0009300 secs] [Times: user=0.00 sys=0.00, real=0.00 secs] 
164.864: Total time for which application threads were stopped: 0.0010590 seconds, Stopping threads took: 0.0000690 seconds
164.945: Application time: 0.0810820 seconds
164.945: [GC164.945: [ParNew: 35020K->2604K(37568K), 0.0009560 secs] 106302K->73885K(120960K), 0.0009880 secs] [Times: user=0.01 sys=0.00, real=0.00 secs] 
164.946: Total time for which application threads were stopped: 0.0011230 seconds, Stopping threads took: 0.0000670 seconds
165.028: Application time: 0.0818310 seconds
165.028: [GC165.028: [ParNew: 35617K->2604K(37568K), 0.0009720 secs] 106898K->73949K(120960K), 0.0010060 secs] [Times: user=0.01 sys=0.00, real=0.00 secs] 
165.029: Total time for which application threads were stopped: 0.0011390 seconds, Stopping threads took: 0.0000730 seconds
165.113: Application time: 0.0836620 seconds
165.113: [GC165.113: [ParNew: 35545K->1546K(37568K), 0.0007090 secs] 106890K->72963K(120960K), 0.0007370 secs] [Times: user=0.01 sys=0.00, real=0.00 secs] 
165.114: Total time for which application threads were stopped: 0.0008700 seconds, Stopping threads took: 0.0000760 seconds
165.195: Application time: 0.0818150 seconds
165.195: [GC165.195: [ParNew: 34639K->1606K(37568K), 0.0007290 secs] 106057K->73023K(120960K), 0.0007590 secs] [Times: user=0.00 sys=0.00, real=0.00 secs] 
165.196: Total time for which application threads were stopped: 0.0008700 seconds, Stopping threads took: 0.0000550 seconds
165.278: Application time: 0.0814420 seconds
165.278: [GC165.278: [ParNew: 34538K->1604K(37568K), 0.0006820 secs] 105956K->73021K(120960K), 0.0007130 secs] [Times: user=0.01 sys=0.00, real=0.00 secs] 
165.279: Total time for which application threads were stopped: 0.0008370 seconds, Stopping threads took: 0.0000650 seconds
165.360: Application time: 0.0812880 seconds
165.360: [GC165.360: [ParNew: 34697K->2176K(37568K), 0.0008890 secs] 106114K->73594K(120960K), 0.0009200 secs] [Times: user=0.01 sys=0.00, real=0.00 secs] 
165.361: Total time for which application threads were stopped: 0.0010510 seconds, Stopping threads took: 0.0000710 seconds
165.444: Application time: 0.0826830 seconds
165.445: [GC165.445: [ParNew: 35273K->1606K(37568K), 0.0008950 secs] 106691K->73180K(120960K), 0.0009310 secs] [Times: user=0.01 sys=0.00, real=0.00 secs] 
165.446: Total time for which application threads were stopped: 0.0024040 seconds, Stopping threads took: 0.0014080 seconds
165.529: Application time: 0.0829890 seconds
165.529: [GC165.529: [ParNew: 34625K->1120K(37568K), 0.0006370 secs] 106198K->72694K(120960K), 0.0006680 secs] [Times: user=0.00 sys=0.00, real=0.00 secs] 
165.530: Total time for which application threads were stopped: 0.0008060 seconds, Stopping threads took: 0.0000730 seconds
165.612: Application time: 0.0823020 seconds
165.612: [GC165.612: [ParNew: 34052K->1122K(37568K), 0.0006310 secs] 105626K->72696K(120960K), 0.0006620 secs] [Times: user=0.01 sys=0.00, real=0.00 secs] 
165.613: Total time for which application threads were stopped: 0.0008260 seconds, Stopping threads took: 0.0001050 seconds
165.694: Application time: 0.0815880 seconds
165.695: [GC165.695: [ParNew: 34133K->1150K(37568K), 0.0006180 secs] 105706K->72724K(120960K), 0.0006570 secs] [Times: user=0.00 sys=0.00, real=0.01 secs] 
165.695: Total time for which application threads were stopped: 0.0007900 seconds, Stopping threads took: 0.0000750 seconds
165.776: Application time: 0.0811380 seconds
165.777: [GC165.777: [ParNew: 34082K->1150K(37568K), 0.0005740 secs] 105656K->72724K(120960K), 0.0006050 secs] [Times: user=0.01 sys=0.00, real=0.00 secs] 
165.777: Total time for which application threads were stopped: 0.0007390 seconds, Stopping threads took: 0.0000770 seconds
165.857: Application time: 0.0802490 seconds
165.858: [GC165.858: [ParNew: 34239K->1718K(37568K), 0.0007310 secs] 105813K->73292K(120960K), 0.0007600 secs] [Times: user=0.00 sys=0.00, real=0.00 secs] 
165.858: Total time for which application threads were stopped: 0.0008990 seconds, Stopping threads took: 0.0000800 seconds
165.940: Application time: 0.0814370 seconds
165.940: [GC165.940: [ParNew: 34650K->1720K(37568K), 0.0007360 secs] 106224K->73294K(120960K), 0.0007660 secs] [Times: user=0.01 sys=0.00, real=0.00 secs] 
165.941: Total time for which application threads were stopped: 0.0008850 seconds, Stopping threads took: 0.0000630 seconds
166.022: Application time: 0.0815640 seconds
166.022: [GC166.022: [ParNew: 34813K->1776K(37568K), 0.0007440 secs] 106387K->73350K(120960K), 0.0007750 secs] [Times: user=0.01 sys=0.00, real=0.00 secs] 
166.023: Total time for which application threads were stopped: 0.0009100 seconds, Stopping threads took: 0.0000690 seconds
166.104: Application time: 0.0808180 seconds
166.104: [GC166.104: [ParNew: 34863K->2800K(37568K), 0.0010330 secs] 106437K->74374K(120960K), 0.0010660 secs] [Times: user=0.01 sys=0.00, real=0.00 secs] 
166.105: Total time for which application threads were stopped: 0.0011960 seconds, Stopping threads took: 0.0000610 seconds
166.186: Application time: 0.0806890 seconds
166.186: [GC166.186: [ParNew: 35809K->3114K(37568K), 0.0011770 secs] 107383K->74928K(120960K), 0.0012090 secs] [Times: user=0.00 sys=0.00, real=0.01 secs] 
166.187: Total time for which application threads were stopped: 0.0013660 seconds, Stopping threads took: 0.0000960 seconds
166.270: Application time: 0.0829140 seconds
166.270: [GC166.270: [ParNew: 36051K->2062K(37568K), 0.0008650 secs] 107865K->73932K(120960K), 0.0008990 secs] [Times: user=0.01 sys=0.00, real=0.00 secs] 
166.271: Total time for which application threads were stopped: 0.0010310 seconds, Stopping threads took: 0.0000730 seconds
166.354: Application time: 0.0827340 seconds
166.354: [GC166.354: [ParNew: 35079K->2092K(37568K), 0.0008150 secs] 106949K->73962K(120960K), 0.0015890 secs] [Times: user=0.01 sys=0.00, real=0.01 secs] 
166.356: Total time for which application threads were stopped: 0.0017250 seconds, Stopping threads took: 0.0000710 seconds
166.438: Application time: 0.0823770 seconds
166.438: [GC166.438: [ParNew: 35028K->1578K(37568K), 0.0007050 secs] 106898K->73448K(120960K), 0.0007340 secs] [Times: user=0.00 sys=0.00, real=0.00 secs] 
166.439: Total time for which application threads were stopped: 0.0008770 seconds, Stopping threads took: 0.0000840 seconds
166.520: Application time: 0.0813660 seconds
166.520: [GC166.520: [ParNew: 34669K->1632K(37568K), 0.0007690 secs] 106539K->73502K(120960K), 0.0007960 secs] [Times: user=0.00 sys=0.00, real=0.00 secs] 
166.521: Total time for which application threads were stopped: 0.0009350 seconds, Stopping threads took: 0.0000830 seconds
166.609: Application time: 0.0878090 seconds
166.609: [GC166.609: [ParNew: 34566K->1636K(37568K), 0.0007480 secs] 106436K->73506K(120960K), 0.0007790 secs] [Times: user=0.00 sys=0.00, real=0.00 secs] 
166.610: Total time for which application threads were stopped: 0.0009220 seconds, Stopping threads took: 0.0000760 seconds
166.699: Application time: 0.0892460 seconds
166.699: [GC166.699: [ParNew: 34727K->1180K(37568K), 0.0006110 secs] 106597K->73050K(120960K), 0.0006510 secs] [Times: user=0.00 sys=0.00, real=0.00 secs] 
166.700: Total time for which application threads were stopped: 0.0008680 seconds, Stopping threads took: 0.0001550 seconds
166.787: Application time: 0.0869850 seconds
166.787: [GC166.787: [ParNew: 34193K->1720K(37568K), 0.0007150 secs] 106063K->73590K(120960K), 0.0007480 secs] [Times: user=0.00 sys=0.00, real=0.00 secs] 
166.788: Total time for which application threads were stopped: 0.0008950 seconds, Stopping threads took: 0.0000790 seconds
166.877: Application time: 0.0887120 seconds
166.877: [GC166.877: [ParNew: 34811K->1774K(37568K), 0.0008800 secs] 106681K->73644K(120960K), 0.0009110 secs] [Times: user=0.01 sys=0.00, real=0.00 secs] 
166.878: Total time for which application threads were stopped: 0.0010690 seconds, Stopping threads took: 0.0001000 seconds
166.966: Application time: 0.0878620 seconds
166.966: [GC166.966: [ParNew: 34707K->1776K(37568K), 0.0007350 secs] 106577K->73646K(120960K), 0.0007700 secs] [Times: user=0.01 sys=0.00, real=0.00 secs] 
166.966: Total time for which application threads were stopped: 0.0009260 seconds, Stopping threads took: 0.0000940 seconds
167.055: Application time: 0.0882120 seconds
167.055: [GC167.055: [ParNew: 34787K->2288K(37568K), 0.0008760 secs] 106657K->74158K(120960K), 0.0009110 secs] [Times: user=0.01 sys=0.00, real=0.01 secs] 
167.056: Total time for which application threads were stopped: 0.0010540 seconds, Stopping threads took: 0.0000830 seconds
167.145: Application time: 0.0888700 seconds
167.145: [GC167.145: [ParNew: 35221K->2086K(37568K), 0.0009120 secs] 107091K->74196K(120960K), 0.0009400 secs] [Times: user=0.01 sys=0.00, real=0.00 secs] 
167.146: Total time for which application threads were stopped: 0.0011110 seconds, Stopping threads took: 0.0001040 seconds
167.235: Application time: 0.0888080 seconds
167.235: [GC167.235: [ParNew: 35177K->1636K(37568K), 0.0006970 secs] 107287K->73746K(120960K), 0.0007280 secs] [Times: user=0.00 sys=0.00, real=0.01 secs] 
167.235: Total time for which application threads were stopped: 0.0009380 seconds, Stopping threads took: 0.0001490 seconds
167.324: Application time: 0.0885670 seconds
167.324: [GC167.324: [ParNew: 34572K->1634K(37568K), 0.0007570 secs] 106683K->73744K(120960K), 0.0007880 secs] [Times: user=0.01 sys=0.00, real=0.00 secs] 
167.325: Total time for which application threads were stopped: 0.0009280 seconds, Stopping threads took: 0.0000800 seconds
167.414: Application time: 0.0887740 seconds
167.414: [GC167.414: [ParNew: 34725K->1692K(37568K), 0.0007040 secs] 106835K->73802K(120960K), 0.0007340 secs] [Times: user=0.00 sys=0.00, real=0.00 secs] 
167.415: Total time for which application threads were stopped: 0.0008690 seconds, Stopping threads took: 0.0000740 seconds
167.503: Application time: 0.0886390 seconds
167.503: [GC167.503: [ParNew: 34701K->2232K(37568K), 0.0008690 secs] 106811K->74342K(120960K), 0.0008990 secs] [Times: user=0.00 sys=0.00, real=0.00 secs] 
167.504: Total time for which application threads were stopped: 0.0010520 seconds, Stopping threads took: 0.0000900 seconds
167.593: Application time: 0.0884580 seconds
167.593: [GC167.593: [ParNew: 35323K->2148K(37568K), 0.0008880 secs] 107434K->74438K(120960K), 0.0009190 secs] [Times: user=0.01 sys=0.00, real=0.00 secs] 
167.594: Total time for which application threads were stopped: 0.0010560 seconds, Stopping threads took: 0.0000790 seconds
167.683: Application time: 0.0890400 seconds
167.683: [GC167.683: [ParNew: 35080K->2062K(37568K), 0.0009250 secs] 107371K->74484K(120960K), 0.0009570 secs] [Times: user=0.00 sys=0.00, real=0.00 secs] 
167.684: Total time for which application threads were stopped: 0.0011070 seconds, Stopping threads took: 0.0000820 seconds
167.773: Application time: 0.0891460 seconds
167.773: [GC167.773: [ParNew: 35075K->2086K(37568K), 0.0010080 secs] 107497K->74508K(120960K), 0.0010380 secs] [Times: user=0.00 sys=0.00, real=0.00 secs] 
167.774: Total time for which application threads were stopped: 0.0011780 seconds, Stopping threads took: 0.0000780 seconds
167.863: Application time: 0.0887360 seconds
167.863: [GC167.863: [ParNew: 35022K->1576K(37568K), 0.0007840 secs] 107445K->73998K(120960K), 0.0008230 secs] [Times: user=0.01 sys=0.00, real=0.00 secs] 
167.864: Total time for which application threads were stopped: 0.0009590 seconds, Stopping threads took: 0.0000750 seconds
167.952: Application time: 0.0877290 seconds
167.952: [GC167.952: [ParNew: 34669K->1636K(37568K), 0.0006790 secs] 107091K->74058K(120960K), 0.0007120 secs] [Times: user=0.00 sys=0.00, real=0.00 secs] 
167.953: Total time for which application threads were stopped: 0.0008370 seconds, Stopping threads took: 0.0000620 seconds
168.041: Application time: 0.0888110 seconds
168.041: [GC168.041: [ParNew: 34568K->1636K(37568K), 0.0006910 secs] 106991K->74058K(120960K), 0.0007220 secs] [Times: user=0.01 sys=0.00, real=0.00 secs] 
168.042: Total time for which application threads were stopped: 0.0008600 seconds, Stopping threads took: 0.0000740 seconds
168.131: Application time: 0.0889530 seconds
168.131: [GC168.131: [ParNew: 34727K->2198K(37568K), 0.0010190 secs] 107149K->74620K(120960K), 0.0010470 secs] [Times: user=0.00 sys=0.00, real=0.00 secs] 
168.132: Total time for which application threads were stopped: 0.0011700 seconds, Stopping threads took: 0.0000610 seconds
168.222: Application time: 0.0896340 seconds
168.222: [GC168.222: [ParNew: 35215K->1578K(37568K), 0.0007720 secs] 107637K->74188K(120960K), 0.0008020 secs] [Times: user=0.00 sys=0.00, real=0.00 secs] 
168.223: Total time for which application threads were stopped: 0.0009350 seconds, Stopping threads took: 0.0000650 seconds
168.312: Application time: 0.0895610 seconds
168.313: [GC168.313: [ParNew: 34671K->1634K(37568K), 0.0006910 secs] 107282K->74245K(120960K), 0.0007230 secs] [Times: user=0.00 sys=0.00, real=0.00 secs] 
168.313: Total time for which application threads were stopped: 0.0008540 seconds, Stopping threads took: 0.0000680 seconds
168.402: Application time: 0.0887890 seconds
168.402: [GC168.402: [ParNew: 34570K->1124K(37568K), 0.0005670 secs] 107181K->73735K(120960K), 0.0005960 secs] [Times: user=0.01 sys=0.00, real=0.00 secs] 
168.403: Total time for which application threads were stopped: 0.0007830 seconds, Stopping threads took: 0.0001270 seconds
168.492: Application time: 0.0889570 seconds
168.492: [GC168.492: [ParNew: 34136K->1152K(37568K), 0.0005620 secs] 106747K->73763K(120960K), 0.0005930 secs] [Times: user=0.00 sys=0.00, real=0.00 secs] 
168.493: Total time for which application threads were stopped: 0.0007270 seconds, Stopping threads took: 0.0000740 seconds
168.582: Application time: 0.0890890 seconds
168.582: [GC168.582: [ParNew: 34082K->2176K(37568K), 0.0008270 secs] 106693K->74787K(120960K), 0.0008580 secs] [Times: user=0.01 sys=0.00, real=0.00 secs] 
168.583: Total time for which application threads were stopped: 0.0009970 seconds, Stopping threads took: 0.0000750 seconds
168.672: Application time: 0.0890710 seconds
168.672: [GC168.672: [ParNew: 35269K->2148K(37568K), 0.0008730 secs] 107880K->74895K(120960K), 0.0009080 secs] [Times: user=0.01 sys=0.00, real=0.00 secs] 
168.673: Total time for which application threads were stopped: 0.0010420 seconds, Stopping threads took: 0.0000710 seconds
168.763: Application time: 0.0899980 seconds
168.763: [GC168.763: [ParNew: 35089K->1546K(37568K), 0.0008070 secs] 107835K->74425K(120960K), 0.0008370 secs] [Times: user=0.00 sys=0.01, real=0.00 secs] 
168.764: Total time for which application threads were stopped: 0.0010760 seconds, Stopping threads took: 0.0001700 seconds
168.853: Application time: 0.0886670 seconds
168.853: [GC168.853: [ParNew: 34639K->1604K(37568K), 0.0007240 secs] 107518K->74483K(120960K), 0.0007530 secs] [Times: user=0.01 sys=0.00, real=0.00 secs] 
168.853: Total time for which application threads were stopped: 0.0009200 seconds, Stopping threads took: 0.0001090 seconds
168.943: Application time: 0.0893200 seconds
168.943: [GC168.943: [ParNew: 34615K->1636K(37568K), 0.0007180 secs] 107494K->74515K(120960K), 0.0007520 secs] [Times: user=0.00 sys=0.00, real=0.00 secs] 
168.944: Total time for which application threads were stopped: 0.0009200 seconds, Stopping threads took: 0.0000970 seconds
169.033: Application time: 0.0892420 seconds
169.033: [GC169.033: [ParNew: 34729K->1692K(37568K), 0.0007200 secs] 107608K->74571K(120960K), 0.0007500 secs] [Times: user=0.00 sys=0.00, real=0.00 secs] 
169.034: Total time for which application threads were stopped: 0.0008870 seconds, Stopping threads took: 0.0000750 seconds
169.123: Application time: 0.0893790 seconds
169.123: [GC169.123: [ParNew: 34624K->1692K(37568K), 0.0007070 secs] 107503K->74571K(120960K), 0.0007410 secs] [Times: user=0.00 sys=0.00, real=0.00 secs] 
169.124: Total time for which application threads were stopped: 0.0008950 seconds, Stopping threads took: 0.0000920 seconds
169.214: Application time: 0.0893930 seconds
169.214: [GC169.214: [ParNew: 34707K->1720K(37568K), 0.0007620 secs] 107586K->74599K(120960K), 0.0007940 secs] [Times: user=0.00 sys=0.00, real=0.00 secs] 
169.214: Total time for which application threads were stopped: 0.0009280 seconds, Stopping threads took: 0.0000740 seconds
169.302: Application time: 0.0880190 seconds
169.303: [GC169.303: [ParNew: 34652K->1720K(37568K), 0.0007100 secs] 107531K->74599K(120960K), 0.0007420 secs] [Times: user=0.00 sys=0.00, real=0.00 secs] 
169.303: Total time for which application threads were stopped: 0.0008800 seconds, Stopping threads took: 0.0000630 seconds
169.392: Application time: 0.0882970 seconds
169.392: [GC169.392: [ParNew: 34809K->1776K(37568K), 0.0007290 secs] 107688K->74655K(120960K), 0.0007620 secs] [Times: user=0.00 sys=0.00, real=0.00 secs] 
169.393: Total time for which application threads were stopped: 0.0009040 seconds, Stopping threads took: 0.0000800 seconds
169.480: Application time: 0.0878540 seconds
169.481: [GC169.481: [ParNew: 34707K->2288K(37568K), 0.0008780 secs] 107586K->75167K(120960K), 0.0009100 secs] [Times: user=0.00 sys=0.00, real=0.00 secs] 
169.481: Total time for which application threads were stopped: 0.0010470 seconds, Stopping threads took: 0.0000760 seconds
169.569: Application time: 0.0880130 seconds
169.570: [GC169.570: [ParNew: 35381K->2120K(37568K), 0.0009040 secs] 108260K->75215K(120960K), 0.0009380 secs] [Times: user=0.01 sys=0.00, real=0.00 secs] 
169.571: Total time for which application threads were stopped: 0.0010980 seconds, Stopping threads took: 0.0001000 seconds
169.659: Application time: 0.0885870 seconds
169.659: [GC169.659: [ParNew: 35131K->2602K(37568K), 0.0009860 secs] 108226K->75801K(120960K), 0.0010220 secs] [Times: user=0.01 sys=0.00, real=0.00 secs] 
169.660: Total time for which application threads were stopped: 0.0011610 seconds, Stopping threads took: 0.0000760 seconds
169.748: Application time: 0.0873640 seconds
169.748: [GC169.748: [ParNew: 35693K->2630K(37568K), 0.0010720 secs] 108892K->75901K(120960K), 0.0011050 secs] [Times: user=0.01 sys=0.00, real=0.00 secs] 
169.749: Total time for which application threads were stopped: 0.0012370 seconds, Stopping threads took: 0.0000690 seconds
169.837: Application time: 0.0878630 seconds
169.837: [GC169.837: [ParNew: 35562K->2574K(37568K), 0.0010000 secs] 108834K->75949K(120960K), 0.0010330 secs] [Times: user=0.01 sys=0.00, real=0.00 secs] 
169.838: Total time for which application threads were stopped: 0.0012010 seconds, Stopping threads took: 0.0000940 seconds
169.928: Application time: 0.0895970 seconds
169.928: [GC169.928: [ParNew: 35589K->2088K(37568K), 0.0009100 secs] 108964K->75463K(120960K), 0.0009390 secs] [Times: user=0.00 sys=0.00, real=0.00 secs] 
169.929: Total time for which application threads were stopped: 0.0011290 seconds, Stopping threads took: 0.0001320 seconds
170.018: Application time: 0.0895700 seconds
170.018: [GC170.018: [ParNew: 35026K->1576K(37568K), 0.0007300 secs] 108402K->74951K(120960K), 0.0007600 secs] [Times: user=0.01 sys=0.00, real=0.00 secs] 
170.019: Total time for which application threads were stopped: 0.0008950 seconds, Stopping threads took: 0.0000770 seconds
170.107: Application time: 0.0882820 seconds
170.108: [GC170.108: [ParNew: 34671K->1124K(37568K), 0.0005910 secs] 108046K->74499K(120960K), 0.0006290 secs] [Times: user=0.01 sys=0.00, real=0.00 secs] 
170.108: Total time for which application threads were stopped: 0.0007570 seconds, Stopping threads took: 0.0000710 seconds
170.196: Application time: 0.0876250 seconds
170.196: [GC170.196: [ParNew: 34056K->1124K(37568K), 0.0005620 secs] 107432K->74499K(120960K), 0.0005930 secs] [Times: user=0.00 sys=0.00, real=0.00 secs] 
170.197: Total time for which application threads were stopped: 0.0007370 seconds, Stopping threads took: 0.0000830 seconds
170.284: Application time: 0.0873440 seconds
170.284: [GC170.284: [ParNew: 34213K->2204K(37568K), 0.0008720 secs] 107588K->75579K(120960K), 0.0009020 secs] [Times: user=0.01 sys=0.00, real=0.00 secs] 
170.285: Total time for which application threads were stopped: 0.0010410 seconds, Stopping threads took: 0.0000770 seconds
170.371: Application time: 0.0863470 seconds
170.371: [GC170.371: [ParNew: 35215K->2092K(37568K), 0.0008520 secs] 108590K->75659K(120960K), 0.0008830 secs] [Times: user=0.00 sys=0.00, real=0.00 secs] 
170.372: Total time for which application threads were stopped: 0.0010200 seconds, Stopping threads took: 0.0000670 seconds
170.463: Application time: 0.0910100 seconds
170.463: [GC170.463: [ParNew: 35187K->1634K(37568K), 0.0007820 secs] 108755K->75201K(120960K), 0.0008120 secs] [Times: user=0.01 sys=0.00, real=0.00 secs] 
170.464: Total time for which application threads were stopped: 0.0009340 seconds, Stopping threads took: 0.0000630 seconds
170.550: Application time: 0.0858840 seconds
170.550: [GC170.550: [ParNew: 34653K->640K(37568K), 0.0005140 secs] 108220K->74207K(120960K), 0.0005440 secs] [Times: user=0.01 sys=0.00, real=0.00 secs] 
170.551: Total time for which application threads were stopped: 0.0007070 seconds, Stopping threads took: 0.0001060 seconds
170.632: Application time: 0.0809250 seconds
170.632: [GC170.632: [ParNew: 33568K->1664K(37568K), 0.0006870 secs] 107136K->75231K(120960K), 0.0007170 secs] [Times: user=0.01 sys=0.00, real=0.00 secs] 
170.633: Total time for which application threads were stopped: 0.0008370 seconds, Stopping threads took: 0.0000630 seconds
170.714: Application time: 0.0812830 seconds
170.714: [GC170.714: [ParNew: 34596K->1664K(37568K), 0.0006960 secs] 108164K->75231K(120960K), 0.0007260 secs] [Times: user=0.00 sys=0.00, real=0.00 secs] 
170.715: Total time for which application threads were stopped: 0.0008540 seconds, Stopping threads took: 0.0000720 seconds
170.796: Application time: 0.0810960 seconds
170.796: [GC170.796: [ParNew: 34751K->2742K(37568K), 0.0010880 secs] 108318K->76309K(120960K), 0.0011210 secs] [Times: user=0.01 sys=0.00, real=0.00 secs] 
170.797: Total time for which application threads were stopped: 0.0012530 seconds, Stopping threads took: 0.0000700 seconds
170.878: Application time: 0.0811100 seconds
170.878: [GC170.878: [ParNew: 35675K->2572K(37568K), 0.0010280 secs] 109242K->76355K(120960K), 0.0010610 secs] [Times: user=0.01 sys=0.00, real=0.00 secs] 
170.879: Total time for which application threads were stopped: 0.0012070 seconds, Stopping threads took: 0.0000790 seconds
170.961: Application time: 0.0814840 seconds
170.961: [GC170.961: [ParNew: 35665K->2626K(37568K), 0.0010730 secs] 109448K->76409K(120960K), 0.0011080 secs] [Times: user=0.00 sys=0.00, real=0.00 secs] 
170.962: Total time for which application threads were stopped: 0.0012690 seconds, Stopping threads took: 0.0001010 seconds
171.044: Application time: 0.0820940 seconds
171.044: [GC171.044: [ParNew: 35639K->2602K(37568K), 0.0010900 secs] 109422K->76490K(120960K), 0.0011200 secs] [Times: user=0.01 sys=0.00, real=0.00 secs] 
171.046: Total time for which application threads were stopped: 0.0012470 seconds, Stopping threads took: 0.0000650 seconds
171.128: Application time: 0.0823230 seconds
171.128: [GC171.128: [ParNew: 35697K->2116K(37568K), 0.0009460 secs] 109585K->76060K(120960K), 0.0009780 secs] [Times: user=0.00 sys=0.00, real=0.00 secs] 
171.129: Total time for which application threads were stopped: 0.0011030 seconds, Stopping threads took: 0.0000630 seconds
171.211: Application time: 0.0821970 seconds
171.211: [GC171.211: [ParNew: 35131K->1578K(37568K), 0.0007650 secs] 109074K->75618K(120960K), 0.0008050 secs] [Times: user=0.00 sys=0.00, real=0.00 secs] 
171.212: Total time for which application threads were stopped: 0.0009290 seconds, Stopping threads took: 0.0000620 seconds
171.295: Application time: 0.0832920 seconds
171.296: [GC171.296: [ParNew: 34512K->1578K(37568K), 0.0006610 secs] 108552K->75618K(120960K), 0.0006910 secs] [Times: user=0.00 sys=0.00, real=0.00 secs] 
171.296: Total time for which application threads were stopped: 0.0008270 seconds, Stopping threads took: 0.0000790 seconds
171.379: Application time: 0.0831000 seconds
171.379: [GC171.380: [ParNew: 34512K->1576K(37568K), 0.0006770 secs] 108552K->75616K(120960K), 0.0007110 secs] [Times: user=0.00 sys=0.00, real=0.00 secs] 
171.380: Total time for which application threads were stopped: 0.0008410 seconds, Stopping threads took: 0.0000620 seconds
171.462: Application time: 0.0815790 seconds
171.462: [GC171.462: [ParNew: 34665K->2660K(37568K), 0.0009840 secs] 108705K->76700K(120960K), 0.0010150 secs] [Times: user=0.01 sys=0.00, real=0.00 secs] 
171.463: Total time for which application threads were stopped: 0.0011540 seconds, Stopping threads took: 0.0000770 seconds
171.547: Application time: 0.0841350 seconds
171.547: [GC171.547: [ParNew: 35592K->2572K(37568K), 0.0010430 secs] 109632K->76752K(120960K), 0.0010760 secs] [Times: user=0.01 sys=0.00, real=0.00 secs] 
171.548: Total time for which application threads were stopped: 0.0012260 seconds, Stopping threads took: 0.0000900 seconds
171.631: Application time: 0.0828280 seconds
171.631: [GC171.631: [ParNew: 35671K->1094K(37568K), 0.0005350 secs] 109851K->75274K(120960K), 0.0005650 secs] [Times: user=0.01 sys=0.00, real=0.00 secs] 
171.632: Total time for which application threads were stopped: 0.0007490 seconds, Stopping threads took: 0.0001260 seconds
171.714: Application time: 0.0818690 seconds
171.714: [GC171.714: [ParNew: 34109K->1124K(37568K), 0.0005480 secs] 108289K->75304K(120960K), 0.0005760 secs] [Times: user=0.01 sys=0.00, real=0.00 secs] 
171.714: Total time for which application threads were stopped: 0.0007020 seconds, Stopping threads took: 0.0000690 seconds
171.796: Application time: 0.0819970 seconds
171.797: [GC171.797: [ParNew: 34215K->1180K(37568K), 0.0005670 secs] 108395K->75360K(120960K), 0.0005950 secs] [Times: user=0.01 sys=0.00, real=0.00 secs] 
171.797: Total time for which application threads were stopped: 0.0007230 seconds, Stopping threads took: 0.0000690 seconds
171.879: Application time: 0.0816820 seconds
171.879: [GC171.879: [ParNew: 34193K->1208K(37568K), 0.0005680 secs] 108373K->75388K(120960K), 0.0005990 secs] [Times: user=0.00 sys=0.01, real=0.00 secs] 
171.880: Total time for which application threads were stopped: 0.0007280 seconds, Stopping threads took: 0.0000690 seconds
171.959: Application time: 0.0796540 seconds
171.959: [GC171.959: [ParNew: 34138K->1720K(37568K), 0.0007470 secs] 108318K->75900K(120960K), 0.0007750 secs] [Times: user=0.00 sys=0.00, real=0.00 secs] 
171.960: Total time for which application threads were stopped: 0.0009130 seconds, Stopping threads took: 0.0000710 seconds
172.043: Application time: 0.0827020 seconds
172.043: [GC172.043: [ParNew: 34652K->1720K(37568K), 0.0007180 secs] 108832K->75900K(120960K), 0.0007490 secs] [Times: user=0.00 sys=0.00, real=0.00 secs] 
172.044: Total time for which application threads were stopped: 0.0008740 seconds, Stopping threads took: 0.0000640 seconds
172.127: Application time: 0.0831940 seconds
172.127: [GC172.127: [ParNew: 34817K->1776K(37568K), 0.0007510 secs] 108997K->75956K(120960K), 0.0007840 secs] [Times: user=0.01 sys=0.01, real=0.01 secs] 
172.128: Total time for which application threads were stopped: 0.0009140 seconds, Stopping threads took: 0.0000730 seconds
172.210: Application time: 0.0817250 seconds
172.210: [GC172.210: [ParNew: 34713K->1776K(37568K), 0.0007770 secs] 108893K->75956K(120960K), 0.0008150 secs] [Times: user=0.00 sys=0.00, real=0.00 secs] 
172.211: Total time for which application threads were stopped: 0.0009640 seconds, Stopping threads took: 0.0000890 seconds
172.293: Application time: 0.0821980 seconds
172.293: [GC172.293: [ParNew: 34869K->1774K(37568K), 0.0007400 secs] 109049K->75954K(120960K), 0.0007700 secs] [Times: user=0.01 sys=0.00, real=0.00 secs] 
172.294: Total time for which application threads were stopped: 0.0009090 seconds, Stopping threads took: 0.0000800 seconds
172.376: Application time: 0.0820130 seconds
172.376: [GC172.376: [ParNew: 34791K->1264K(37568K), 0.0006500 secs] 108971K->75444K(120960K), 0.0006800 secs] [Times: user=0.01 sys=0.00, real=0.00 secs] 
172.377: Total time for which application threads were stopped: 0.0008230 seconds, Stopping threads took: 0.0000860 seconds
172.459: Application time: 0.0822050 seconds
172.459: [GC172.459: [ParNew: 34355K->1264K(37568K), 0.0005750 secs] 108535K->75444K(120960K), 0.0006060 secs] [Times: user=0.00 sys=0.00, real=0.00 secs] 
172.459: Total time for which application threads were stopped: 0.0007290 seconds, Stopping threads took: 0.0000660 seconds
172.540: Application time: 0.0800610 seconds
172.540: [GC172.540: [ParNew: 34275K->1776K(37568K), 0.0007480 secs] 108455K->75956K(120960K), 0.0007770 secs] [Times: user=0.00 sys=0.00, real=0.00 secs] 
172.540: Total time for which application threads were stopped: 0.0009130 seconds, Stopping threads took: 0.0000690 seconds
172.622: Application time: 0.0813180 seconds
172.622: [GC172.622: [ParNew: 34709K->1776K(37568K), 0.0007940 secs] 108889K->75956K(120960K), 0.0008220 secs] [Times: user=0.01 sys=0.00, real=0.00 secs] 
172.623: Total time for which application threads were stopped: 0.0009460 seconds, Stopping threads took: 0.0000680 seconds
172.704: Application time: 0.0817770 seconds
172.705: [GC172.705: [ParNew: 34709K->1776K(37568K), 0.0007300 secs] 108889K->75956K(120960K), 0.0007620 secs] [Times: user=0.01 sys=0.00, real=0.00 secs] 
172.705: Total time for which application threads were stopped: 0.0009090 seconds, Stopping threads took: 0.0000840 seconds
172.787: Application time: 0.0814450 seconds
172.787: [GC172.787: [ParNew: 34869K->1776K(37568K), 0.0007420 secs] 109049K->75956K(120960K), 0.0007730 secs] [Times: user=0.00 sys=0.00, real=0.01 secs] 
172.788: Total time for which application threads were stopped: 0.0009400 seconds, Stopping threads took: 0.0001070 seconds
172.869: Application time: 0.0813080 seconds
172.869: [GC172.869: [ParNew: 34707K->2288K(37568K), 0.0009100 secs] 108887K->76500K(120960K), 0.0009400 secs] [Times: user=0.01 sys=0.00, real=0.00 secs] 
172.870: Total time for which application threads were stopped: 0.0010650 seconds, Stopping threads took: 0.0000660 seconds
172.953: Application time: 0.0829210 seconds
172.953: [GC172.953: [ParNew: 35381K->2120K(37568K), 0.0009050 secs] 109593K->76548K(120960K), 0.0009360 secs] [Times: user=0.01 sys=0.00, real=0.00 secs] 
172.954: Total time for which application threads were stopped: 0.0010740 seconds, Stopping threads took: 0.0000760 seconds
173.035: Application time: 0.0810190 seconds
173.035: [GC173.035: [ParNew: 35133K->2086K(37568K), 0.0008460 secs] 109561K->76618K(120960K), 0.0008770 secs] [Times: user=0.00 sys=0.00, real=0.00 secs] 
173.036: Total time for which application threads were stopped: 0.0010010 seconds, Stopping threads took: 0.0000650 seconds
173.118: Application time: 0.0820910 seconds
173.118: [GC173.118: [ParNew: 35181K->2148K(37568K), 0.0008600 secs] 109713K->76680K(120960K), 0.0008930 secs] [Times: user=0.01 sys=0.00, real=0.00 secs] 
173.119: Total time for which application threads were stopped: 0.0010380 seconds, Stopping threads took: 0.0000750 seconds
173.201: Application time: 0.0819630 seconds
173.201: [GC173.201: [ParNew: 35161K->2604K(37568K), 0.0010260 secs] 109693K->77272K(120960K), 0.0010580 secs] [Times: user=0.01 sys=0.00, real=0.00 secs] 
173.203: Total time for which application threads were stopped: 0.0012670 seconds, Stopping threads took: 0.0001480 seconds
173.285: Application time: 0.0825220 seconds
173.285: [GC173.285: [ParNew: 35536K->2574K(37568K), 0.0009720 secs] 110205K->77314K(120960K), 0.0010110 secs] [Times: user=0.01 sys=0.00, real=0.00 secs] 
173.286: Total time for which application threads were stopped: 0.0011960 seconds, Stopping threads took: 0.0001260 seconds
173.367: Application time: 0.0807780 seconds
173.367: [GC173.367: [ParNew: 35506K->2572K(37568K), 0.0010210 secs] 110247K->77312K(120960K), 0.0010510 secs] [Times: user=0.01 sys=0.00, real=0.00 secs] 
173.368: Total time for which application threads were stopped: 0.0012910 seconds, Stopping threads took: 0.0001830 seconds
173.450: Application time: 0.0818190 seconds
173.450: [GC173.450: [ParNew: 35663K->2632K(37568K), 0.0009770 secs] 110403K->77372K(120960K), 0.0010060 secs] [Times: user=0.01 sys=0.00, real=0.00 secs] 
173.451: Total time for which application threads were stopped: 0.0011930 seconds, Stopping threads took: 0.0001320 seconds
173.533: Application time: 0.0818400 seconds
173.533: [GC173.533: [ParNew: 35569K->2572K(37568K), 0.0010790 secs] 110309K->77416K(120960K), 0.0011100 secs] [Times: user=0.01 sys=0.00, real=0.00 secs] 
173.534: Total time for which application threads were stopped: 0.0012840 seconds, Stopping threads took: 0.0001150 seconds
173.616: Application time: 0.0819260 seconds
173.617: [GC173.617: [ParNew: 35665K->2630K(37568K), 0.0009600 secs] 110509K->77474K(120960K), 0.0009910 secs] [Times: user=0.00 sys=0.00, real=0.00 secs] 
173.618: Total time for which application threads were stopped: 0.0011230 seconds, Stopping threads took: 0.0000740 seconds
173.699: Application time: 0.0817460 seconds
173.699: [GC173.699: [ParNew: 35645K->2090K(37568K), 0.0008360 secs] 110489K->77038K(120960K), 0.0008670 secs] [Times: user=0.00 sys=0.00, real=0.00 secs] 
173.700: Total time for which application threads were stopped: 0.0009990 seconds, Stopping threads took: 0.0000660 seconds
173.782: Application time: 0.0816020 seconds
173.782: [GC173.782: [ParNew: 35183K->2146K(37568K), 0.0009010 secs] 110131K->77094K(120960K), 0.0009320 secs] [Times: user=0.00 sys=0.00, real=0.00 secs] 
173.783: Total time for which application threads were stopped: 0.0010500 seconds, Stopping threads took: 0.0000600 seconds
173.864: Application time: 0.0815670 seconds
173.865: [GC173.865: [ParNew: 35159K->2090K(37568K), 0.0008800 secs] 110107K->77174K(120960K), 0.0009100 secs] [Times: user=0.01 sys=0.00, real=0.00 secs] 
173.866: Total time for which application threads were stopped: 0.0010400 seconds, Stopping threads took: 0.0000720 seconds
173.947: Application time: 0.0812600 seconds
173.947: [GC173.947: [ParNew: 35022K->2090K(37568K), 0.0009010 secs] 110107K->77174K(120960K), 0.0009320 secs] [Times: user=0.00 sys=0.01, real=0.01 secs] 
173.948: Total time for which application threads were stopped: 0.0011350 seconds, Stopping threads took: 0.0001460 seconds
174.031: Application time: 0.0832510 seconds
174.031: [GC174.031: [ParNew: 35020K->2602K(37568K), 0.0010710 secs] 110105K->77686K(120960K), 0.0010970 secs] [Times: user=0.00 sys=0.00, real=0.00 secs] 
174.032: Total time for which application threads were stopped: 0.0012390 seconds, Stopping threads took: 0.0000850 seconds
174.114: Application time: 0.0818480 seconds
174.114: [GC174.114: [ParNew: 35699K->2120K(37568K), 0.0008680 secs] 110784K->77268K(120960K), 0.0008990 secs] [Times: user=0.01 sys=0.00, real=0.01 secs] 
174.115: Total time for which application threads were stopped: 0.0010290 seconds, Stopping threads took: 0.0000720 seconds
174.197: Application time: 0.0819800 seconds
174.197: [GC174.197: [ParNew: 35050K->2570K(37568K), 0.0010500 secs] 110199K->77814K(120960K), 0.0010830 secs] [Times: user=0.01 sys=0.00, real=0.00 secs] 
174.199: Total time for which application threads were stopped: 0.0012260 seconds, Stopping threads took: 0.0000820 seconds
174.280: Application time: 0.0813900 seconds
174.280: [GC174.280: [ParNew: 35671K->1602K(37568K), 0.0008020 secs] 110916K->76846K(120960K), 0.0008310 secs] [Times: user=0.01 sys=0.00, real=0.00 secs] 
174.281: Total time for which application threads were stopped: 0.0009690 seconds, Stopping threads took: 0.0000660 seconds
174.362: Application time: 0.0815090 seconds
174.362: [GC174.363: [ParNew: 34613K->1634K(37568K), 0.0007970 secs] 109857K->76879K(120960K), 0.0008280 secs] [Times: user=0.00 sys=0.00, real=0.00 secs] 
174.363: Total time for which application threads were stopped: 0.0009580 seconds, Stopping threads took: 0.0000720 seconds
174.445: Application time: 0.0814030 seconds
174.445: [GC174.445: [ParNew: 34727K->1692K(37568K), 0.0008100 secs] 109972K->76937K(120960K), 0.0008460 secs] [Times: user=0.01 sys=0.00, real=0.00 secs] 
174.446: Total time for which application threads were stopped: 0.0015000 seconds, Stopping threads took: 0.0005870 seconds
174.529: Application time: 0.0823330 seconds
174.529: [GC174.529: [ParNew: 34701K->2744K(37568K), 0.0010010 secs] 109945K->77989K(120960K), 0.0010330 secs] [Times: user=0.01 sys=0.00, real=0.00 secs] 
174.530: Total time for which application threads were stopped: 0.0011950 seconds, Stopping threads took: 0.0001000 seconds
174.613: Application time: 0.0832600 seconds
174.613: [GC174.613: [ParNew: 35681K->2062K(37568K), 0.0008850 secs] 110925K->77523K(120960K), 0.0009150 secs] [Times: user=0.01 sys=0.00, real=0.00 secs] 
174.614: Total time for which application threads were stopped: 0.0010370 seconds, Stopping threads took: 0.0000640 seconds
174.697: Application time: 0.0828840 seconds
174.697: [GC174.697: [ParNew: 34994K->2060K(37568K), 0.0008460 secs] 110455K->77521K(120960K), 0.0008770 secs] [Times: user=0.01 sys=0.00, real=0.00 secs] 
174.698: Total time for which application threads were stopped: 0.0010040 seconds, Stopping threads took: 0.0000700 seconds
174.781: Application time: 0.0827500 seconds
174.781: [GC174.781: [ParNew: 35159K->1094K(37568K), 0.0005980 secs] 110620K->76555K(120960K), 0.0006270 secs] [Times: user=0.00 sys=0.00, real=0.00 secs] 
174.782: Total time for which application threads were stopped: 0.0007940 seconds, Stopping threads took: 0.0001030 seconds
174.865: Application time: 0.0837680 seconds
174.865: [GC174.865: [ParNew: 34026K->1096K(37568K), 0.0005340 secs] 109487K->76557K(120960K), 0.0005670 secs] [Times: user=0.01 sys=0.00, real=0.00 secs] 
174.866: Total time for which application threads were stopped: 0.0007060 seconds, Stopping threads took: 0.0000790 seconds
174.947: Application time: 0.0810910 seconds
174.947: [GC174.947: [ParNew: 34189K->1152K(37568K), 0.0005520 secs] 109650K->76613K(120960K), 0.0005810 secs] [Times: user=0.01 sys=0.00, real=0.00 secs] 
174.948: Total time for which application threads were stopped: 0.0007780 seconds, Stopping threads took: 0.0001410 seconds
175.030: Application time: 0.0824120 seconds
175.030: [GC175.030: [ParNew: 34161K->1690K(37568K), 0.0007400 secs] 109622K->77151K(120960K), 0.0007730 secs] [Times: user=0.00 sys=0.00, real=0.00 secs] 
175.031: Total time for which application threads were stopped: 0.0008990 seconds, Stopping threads took: 0.0000680 seconds
175.114: Application time: 0.0830270 seconds
175.114: [GC175.114: [ParNew: 34783K->1746K(37568K), 0.0007560 secs] 110244K->77207K(120960K), 0.0007880 secs] [Times: user=0.00 sys=0.00, real=0.01 secs] 
175.115: Total time for which application threads were stopped: 0.0009150 seconds, Stopping threads took: 0.0000660 seconds
175.197: Application time: 0.0820490 seconds
175.197: [GC175.197: [ParNew: 34759K->1776K(37568K), 0.0007290 secs] 110220K->77237K(120960K), 0.0007590 secs] [Times: user=0.00 sys=0.00, real=0.00 secs] 
175.198: Total time for which application threads were stopped: 0.0008980 seconds, Stopping threads took: 0.0000780 seconds
175.279: Application time: 0.0811880 seconds
175.279: [GC175.279: [ParNew: 34709K->1776K(37568K), 0.0007280 secs] 110169K->77237K(120960K), 0.0007580 secs] [Times: user=0.01 sys=0.00, real=0.00 secs] 
175.280: Total time for which application threads were stopped: 0.0008770 seconds, Stopping threads took: 0.0000600 seconds
175.362: Application time: 0.0820240 seconds
175.362: [GC175.362: [ParNew: 34713K->1264K(37568K), 0.0005980 secs] 110174K->76725K(120960K), 0.0006390 secs] [Times: user=0.00 sys=0.00, real=0.00 secs] 
175.363: Total time for which application threads were stopped: 0.0007940 seconds, Stopping threads took: 0.0000850 seconds
175.446: Application time: 0.0829080 seconds
175.446: [GC175.446: [ParNew: 34357K->1264K(37568K), 0.0006160 secs] 109818K->76725K(120960K), 0.0006450 secs] [Times: user=0.01 sys=0.00, real=0.00 secs] 
175.447: Total time for which application threads were stopped: 0.0008120 seconds, Stopping threads took: 0.0001080 seconds
175.529: Application time: 0.0819930 seconds
175.529: [GC175.529: [ParNew: 34197K->1262K(37568K), 0.0006880 secs] 109657K->76723K(120960K), 0.0007180 secs] [Times: user=0.01 sys=0.00, real=0.00 secs] 
175.530: Total time for which application threads were stopped: 0.0008550 seconds, Stopping threads took: 0.0000770 seconds
175.611: Application time: 0.0810490 seconds
175.611: [GC175.611: [ParNew: 34355K->1264K(37568K), 0.0006110 secs] 109816K->76725K(120960K), 0.0006410 secs] [Times: user=0.01 sys=0.00, real=0.00 secs] 
175.611: Total time for which application threads were stopped: 0.0007670 seconds, Stopping threads took: 0.0000650 seconds
175.692: Application time: 0.0802910 seconds
175.692: [GC175.692: [ParNew: 34275K->1776K(37568K), 0.0007060 secs] 109736K->77237K(120960K), 0.0007360 secs] [Times: user=0.01 sys=0.00, real=0.00 secs] 
175.693: Total time for which application threads were stopped: 0.0008640 seconds, Stopping threads took: 0.0000690 seconds
175.774: Application time: 0.0816470 seconds
175.774: [GC175.774: [ParNew: 34865K->2288K(37568K), 0.0008890 secs] 110326K->77749K(120960K), 0.0009230 secs] [Times: user=0.01 sys=0.00, real=0.01 secs] 
175.775: Total time for which application threads were stopped: 0.0010600 seconds, Stopping threads took: 0.0000760 seconds
175.858: Application time: 0.0825720 seconds
175.858: [GC175.858: [ParNew: 35303K->2090K(37568K), 0.0008990 secs] 110764K->77795K(120960K), 0.0009290 secs] [Times: user=0.00 sys=0.00, real=0.00 secs] 
175.859: Total time for which application threads were stopped: 0.0010660 seconds, Stopping threads took: 0.0000770 seconds
175.940: Application time: 0.0806440 seconds
175.940: [GC175.940: [ParNew: 35024K->2088K(37568K), 0.0008210 secs] 110730K->77793K(120960K), 0.0008510 secs] [Times: user=0.01 sys=0.00, real=0.00 secs] 
175.941: Total time for which application threads were stopped: 0.0010090 seconds, Stopping threads took: 0.0000880 seconds
176.023: Application time: 0.0823020 seconds
176.023: [GC176.023: [ParNew: 35026K->1574K(37568K), 0.0007050 secs] 110732K->77279K(120960K), 0.0007350 secs] [Times: user=0.00 sys=0.01, real=0.00 secs] 
176.024: Total time for which application threads were stopped: 0.0008620 seconds, Stopping threads took: 0.0000720 seconds
176.106: Application time: 0.0825270 seconds
176.106: [GC176.106: [ParNew: 34667K->1122K(37568K), 0.0006260 secs] 110372K->76827K(120960K), 0.0006550 secs] [Times: user=0.00 sys=0.00, real=0.00 secs] 
176.107: Total time for which application threads were stopped: 0.0007780 seconds, Stopping threads took: 0.0000660 seconds
176.190: Application time: 0.0825920 seconds
176.190: [GC176.190: [ParNew: 34141K->638K(37568K), 0.0004200 secs] 109846K->76343K(120960K), 0.0004480 secs] [Times: user=0.01 sys=0.00, real=0.00 secs] 
176.190: Total time for which application threads were stopped: 0.0005840 seconds, Stopping threads took: 0.0000820 seconds
176.271: Application time: 0.0810630 seconds
176.271: [GC176.271: [ParNew: 33651K->666K(37568K), 0.0005400 secs] 109356K->76371K(120960K), 0.0005690 secs] [Times: user=0.00 sys=0.00, real=0.00 secs] 
176.272: Total time for which application threads were stopped: 0.0006970 seconds, Stopping threads took: 0.0000720 seconds
176.355: Application time: 0.0831120 seconds
176.355: [GC176.355: [ParNew: 33648K->668K(37568K), 0.0005410 secs] 109354K->76373K(120960K), 0.0005680 secs] [Times: user=0.01 sys=0.00, real=0.00 secs] 
176.356: Total time for which application threads were stopped: 0.0006960 seconds, Stopping threads took: 0.0000740 seconds
176.439: Application time: 0.0828560 seconds
176.439: [GC176.439: [ParNew: 33787K->1262K(37568K), 0.0007170 secs] 109492K->76967K(120960K), 0.0007660 secs] [Times: user=0.01 sys=0.00, real=0.00 secs] 
176.440: Total time for which application threads were stopped: 0.0008960 seconds, Stopping threads took: 0.0000730 seconds
176.520: Application time: 0.0807200 seconds
176.520: [GC176.520: [ParNew: 34275K->1262K(37568K), 0.0006940 secs] 109980K->76967K(120960K), 0.0007250 secs] [Times: user=0.00 sys=0.00, real=0.00 secs] 
176.521: Total time for which application threads were stopped: 0.0008750 seconds, Stopping threads took: 0.0000840 seconds
176.604: Application time: 0.0827000 seconds
176.604: [GC176.604: [ParNew: 34194K->1264K(37568K), 0.0006130 secs] 109900K->76969K(120960K), 0.0006400 secs] [Times: user=0.01 sys=0.00, real=0.00 secs] 
176.605: Total time for which application threads were stopped: 0.0008350 seconds, Stopping threads took: 0.0001360 seconds
176.687: Application time: 0.0824430 seconds
176.687: [GC176.687: [ParNew: 34194K->1776K(37568K), 0.0007620 secs] 109900K->77481K(120960K), 0.0007930 secs] [Times: user=0.00 sys=0.00, real=0.00 secs] 
176.688: Total time for which application threads were stopped: 0.0009150 seconds, Stopping threads took: 0.0000620 seconds
176.770: Application time: 0.0816830 seconds
176.770: [GC176.770: [ParNew: 34869K->1776K(37568K), 0.0007470 secs] 110574K->77481K(120960K), 0.0007780 secs] [Times: user=0.00 sys=0.00, real=0.00 secs] 
176.771: Total time for which application threads were stopped: 0.0009110 seconds, Stopping threads took: 0.0000720 seconds
176.852: Application time: 0.0817900 seconds
176.853: [GC176.853: [ParNew: 34789K->1264K(37568K), 0.0006510 secs] 110494K->76969K(120960K), 0.0006820 secs] [Times: user=0.01 sys=0.00, real=0.00 secs] 
176.853: Total time for which application threads were stopped: 0.0009060 seconds, Stopping threads took: 0.0001650 seconds
176.935: Application time: 0.0816450 seconds
176.935: [GC176.935: [ParNew: 34273K->2800K(37568K), 0.0010270 secs] 109978K->78505K(120960K), 0.0010660 secs] [Times: user=0.00 sys=0.01, real=0.01 secs] 
176.936: Total time for which application threads were stopped: 0.0011970 seconds, Stopping threads took: 0.0000690 seconds
177.017: Application time: 0.0811740 seconds
177.017: [GC177.017: [ParNew: 35733K->2572K(37568K), 0.0011300 secs] 111438K->78533K(120960K), 0.0011600 secs] [Times: user=0.01 sys=0.00, real=0.00 secs] 
177.019: Total time for which application threads were stopped: 0.0012850 seconds, Stopping threads took: 0.0000660 seconds
177.101: Application time: 0.0821170 seconds
177.101: [GC177.101: [ParNew: 35743K->2658K(37568K), 0.0010570 secs] 111705K->78619K(120960K), 0.0010880 secs] [Times: user=0.00 sys=0.00, real=0.00 secs] 
177.102: Total time for which application threads were stopped: 0.0012670 seconds, Stopping threads took: 0.0001140 seconds
177.183: Application time: 0.0807580 seconds
177.183: [GC177.183: [ParNew: 35671K->2602K(37568K), 0.0010790 secs] 111632K->78687K(120960K), 0.0011130 secs] [Times: user=0.01 sys=0.00, real=0.00 secs] 
177.184: Total time for which application threads were stopped: 0.0012410 seconds, Stopping threads took: 0.0000670 seconds
177.267: Application time: 0.0833130 seconds
177.267: [GC177.267: [ParNew: 35534K->2574K(37568K), 0.0010610 secs] 111620K->78723K(120960K), 0.0010910 secs] [Times: user=0.01 sys=0.00, real=0.00 secs] 
177.269: Total time for which application threads were stopped: 0.0012200 seconds, Stopping threads took: 0.0000720 seconds
177.351: Application time: 0.0821050 seconds
177.351: [GC177.351: [ParNew: 35506K->2574K(37568K), 0.0009870 secs] 111656K->78723K(120960K), 0.0010170 secs] [Times: user=0.00 sys=0.00, real=0.00 secs] 
177.352: Total time for which application threads were stopped: 0.0011590 seconds, Stopping threads took: 0.0000850 seconds
177.433: Application time: 0.0813020 seconds
177.433: [GC177.433: [ParNew: 35667K->2630K(37568K), 0.0009640 secs] 111817K->78779K(120960K), 0.0010050 secs] [Times: user=0.01 sys=0.00, real=0.00 secs] 
177.434: Total time for which application threads were stopped: 0.0011550 seconds, Stopping threads took: 0.0000890 seconds
177.516: Application time: 0.0821030 seconds
177.516: [GC177.516: [ParNew: 35647K->2600K(37568K), 0.0010960 secs] 111796K->78837K(120960K), 0.0011270 secs] [Times: user=0.01 sys=0.00, real=0.00 secs] 
177.518: Total time for which application threads were stopped: 0.0012580 seconds, Stopping threads took: 0.0000740 seconds
177.600: Application time: 0.0825210 seconds
177.600: [GC177.600: [ParNew: 35617K->2092K(37568K), 0.0008510 secs] 111854K->78401K(120960K), 0.0008810 secs] [Times: user=0.01 sys=0.00, real=0.00 secs] 
177.601: Total time for which application threads were stopped: 0.0010100 seconds, Stopping threads took: 0.0000720 seconds
177.684: Application time: 0.0824840 seconds
177.684: [GC177.684: [ParNew: 35024K->2092K(37568K), 0.0008290 secs] 111334K->78401K(120960K), 0.0008580 secs] [Times: user=0.00 sys=0.00, real=0.00 secs] 
177.685: Total time for which application threads were stopped: 0.0010030 seconds, Stopping threads took: 0.0000770 seconds
177.767: Application time: 0.0820550 seconds
177.767: [GC177.767: [ParNew: 35261K->2176K(37568K), 0.0008840 secs] 111571K->78486K(120960K), 0.0009170 secs] [Times: user=0.01 sys=0.00, real=0.01 secs] 
177.768: Total time for which application threads were stopped: 0.0010480 seconds, Stopping threads took: 0.0000720 seconds
177.849: Application time: 0.0815240 seconds
177.849: [GC177.849: [ParNew: 35191K->2086K(37568K), 0.0008740 secs] 111501K->78560K(120960K), 0.0009070 secs] [Times: user=0.01 sys=0.00, real=0.00 secs] 
177.850: Total time for which application threads were stopped: 0.0010470 seconds, Stopping threads took: 0.0000800 seconds
177.932: Application time: 0.0816950 seconds
177.932: [GC177.932: [ParNew: 35018K->2090K(37568K), 0.0008830 secs] 111492K->78564K(120960K), 0.0009150 secs] [Times: user=0.01 sys=0.00, real=0.00 secs] 
177.933: Total time for which application threads were stopped: 0.0010610 seconds, Stopping threads took: 0.0000870 seconds
178.017: Application time: 0.0835150 seconds
178.017: [GC178.017: [ParNew: 35030K->1066K(37568K), 0.0005460 secs] 111504K->77540K(120960K), 0.0005760 secs] [Times: user=0.01 sys=0.00, real=0.00 secs] 
178.017: Total time for which application threads were stopped: 0.0007230 seconds, Stopping threads took: 0.0000910 seconds
178.098: Application time: 0.0802060 seconds
178.098: [GC178.098: [ParNew: 34155K->1634K(37568K), 0.0007810 secs] 110629K->78108K(120960K), 0.0008080 secs] [Times: user=0.00 sys=0.00, real=0.00 secs] 
178.099: Total time for which application threads were stopped: 0.0009790 seconds, Stopping threads took: 0.0001140 seconds
178.180: Application time: 0.0813070 seconds
178.180: [GC178.180: [ParNew: 34647K->1664K(37568K), 0.0007340 secs] 111120K->78138K(120960K), 0.0007640 secs] [Times: user=0.00 sys=0.00, real=0.00 secs] 
178.181: Total time for which application threads were stopped: 0.0008980 seconds, Stopping threads took: 0.0000750 seconds
178.263: Application time: 0.0819810 seconds
178.263: [GC178.263: [ParNew: 34681K->1180K(37568K), 0.0006190 secs] 111155K->77654K(120960K), 0.0006490 secs] [Times: user=0.00 sys=0.00, real=0.00 secs] 
178.264: Total time for which application threads were stopped: 0.0008690 seconds, Stopping threads took: 0.0001550 seconds
178.345: Application time: 0.0817850 seconds
178.345: [GC178.346: [ParNew: 34112K->1180K(37568K), 0.0006510 secs] 110586K->77654K(120960K), 0.0006830 secs] [Times: user=0.00 sys=0.00, real=0.00 secs] 
178.346: Total time for which application threads were stopped: 0.0008330 seconds, Stopping threads took: 0.0000900 seconds
178.428: Application time: 0.0813100 seconds
178.428: [GC178.428: [ParNew: 34351K->1264K(37568K), 0.0005910 secs] 110825K->77738K(120960K), 0.0006210 secs] [Times: user=0.00 sys=0.00, real=0.00 secs] 
178.428: Total time for which application threads were stopped: 0.0007560 seconds, Stopping threads took: 0.0000760 seconds
178.510: Application time: 0.0815140 seconds
178.510: [GC178.510: [ParNew: 34275K->1774K(37568K), 0.0008110 secs] 110749K->78248K(120960K), 0.0008490 secs] [Times: user=0.01 sys=0.00, real=0.00 secs] 
178.511: Total time for which application threads were stopped: 0.0009740 seconds, Stopping threads took: 0.0000660 seconds
178.597: Application time: 0.0858650 seconds
178.597: [GC178.597: [ParNew: 34707K->1776K(37568K), 0.0008030 secs] 111180K->78250K(120960K), 0.0008330 secs] [Times: user=0.00 sys=0.00, real=0.00 secs] 
178.598: Total time for which application threads were stopped: 0.0009620 seconds, Stopping threads took: 0.0000700 seconds
178.686: Application time: 0.0887270 seconds
178.686: [GC178.686: [ParNew: 34713K->1776K(37568K), 0.0008170 secs] 111186K->78250K(120960K), 0.0008490 secs] [Times: user=0.01 sys=0.00, real=0.01 secs] 
178.687: Total time for which application threads were stopped: 0.0009690 seconds, Stopping threads took: 0.0000610 seconds
178.775: Application time: 0.0881720 seconds
178.776: [GC178.776: [ParNew: 34869K->1776K(37568K), 0.0007460 secs] 111343K->78250K(120960K), 0.0007760 secs] [Times: user=0.01 sys=0.00, real=0.00 secs] 
178.776: Total time for which application threads were stopped: 0.0009160 seconds, Stopping threads took: 0.0000700 seconds
178.864: Application time: 0.0875570 seconds
178.864: [GC178.864: [ParNew: 34787K->1774K(37568K), 0.0008270 secs] 111261K->78248K(120960K), 0.0008580 secs] [Times: user=0.00 sys=0.00, real=0.00 secs] 
178.865: Total time for which application threads were stopped: 0.0009780 seconds, Stopping threads took: 0.0000630 seconds
178.953: Application time: 0.0876630 seconds
178.953: [GC178.953: [ParNew: 34785K->2288K(37568K), 0.0008770 secs] 111259K->78762K(120960K), 0.0009080 secs] [Times: user=0.01 sys=0.00, real=0.00 secs] 
178.954: Total time for which application threads were stopped: 0.0010360 seconds, Stopping threads took: 0.0000690 seconds
179.041: Application time: 0.0874880 seconds
179.041: [GC179.041: [ParNew: 35221K->2090K(37568K), 0.0009450 secs] 111695K->78804K(120960K), 0.0009740 secs] [Times: user=0.01 sys=0.00, real=0.00 secs] 
179.042: Total time for which application threads were stopped: 0.0011180 seconds, Stopping threads took: 0.0000840 seconds
179.130: Application time: 0.0876260 seconds
179.130: [GC179.130: [ParNew: 35261K->1664K(37568K), 0.0006880 secs] 111975K->78378K(120960K), 0.0007180 secs] [Times: user=0.00 sys=0.00, real=0.00 secs] 
179.131: Total time for which application threads were stopped: 0.0008860 seconds, Stopping threads took: 0.0001100 seconds
179.219: Application time: 0.0879680 seconds
179.219: [GC179.219: [ParNew: 34675K->2204K(37568K), 0.0008810 secs] 111389K->78918K(120960K), 0.0009140 secs] [Times: user=0.00 sys=0.00, real=0.00 secs] 
179.220: Total time for which application threads were stopped: 0.0010980 seconds, Stopping threads took: 0.0001250 seconds
179.306: Application time: 0.0861810 seconds
179.306: [GC179.306: [ParNew: 35134K->3116K(37568K), 0.0011670 secs] 111849K->79982K(120960K), 0.0011990 secs] [Times: user=0.01 sys=0.00, real=0.01 secs] 
179.307: Total time for which application threads were stopped: 0.0013500 seconds, Stopping threads took: 0.0000820 seconds
179.397: Application time: 0.0895690 seconds
179.397: [GC179.397: [ParNew: 36057K->2060K(37568K), 0.0008320 secs] 112923K->78990K(120960K), 0.0008600 secs] [Times: user=0.01 sys=0.00, real=0.00 secs] 
179.398: Total time for which application threads were stopped: 0.0009850 seconds, Stopping threads took: 0.0000660 seconds
179.488: Application time: 0.0896520 seconds
179.488: [GC179.488: [ParNew: 35161K->1092K(37568K), 0.0006360 secs] 112091K->78022K(120960K), 0.0006660 secs] [Times: user=0.01 sys=0.00, real=0.00 secs] 
179.488: Total time for which application threads were stopped: 0.0007850 seconds, Stopping threads took: 0.0000590 seconds
179.577: Application time: 0.0882760 seconds
179.577: [GC179.577: [ParNew: 34102K->1124K(37568K), 0.0005760 secs] 111033K->78054K(120960K), 0.0006060 secs] [Times: user=0.01 sys=0.00, real=0.00 secs] 
179.577: Total time for which application threads were stopped: 0.0008210 seconds, Stopping threads took: 0.0001490 seconds
179.666: Application time: 0.0885340 seconds
179.666: [GC179.666: [ParNew: 34137K->1664K(37568K), 0.0007350 secs] 111067K->78594K(120960K), 0.0007640 secs] [Times: user=0.00 sys=0.00, real=0.00 secs] 
179.667: Total time for which application threads were stopped: 0.0008890 seconds, Stopping threads took: 0.0000680 seconds
179.755: Application time: 0.0880530 seconds
179.755: [GC179.755: [ParNew: 34596K->1664K(37568K), 0.0008040 secs] 111527K->78594K(120960K), 0.0008330 secs] [Times: user=0.00 sys=0.00, real=0.01 secs] 
179.756: Total time for which application threads were stopped: 0.0009630 seconds, Stopping threads took: 0.0000730 seconds
179.844: Application time: 0.0881830 seconds
179.844: [GC179.844: [ParNew: 34835K->1748K(37568K), 0.0007500 secs] 111765K->78678K(120960K), 0.0007830 secs] [Times: user=0.00 sys=0.00, real=0.00 secs] 
179.845: Total time for which application threads were stopped: 0.0009350 seconds, Stopping threads took: 0.0000840 seconds
179.934: Application time: 0.0893410 seconds
179.934: [GC179.934: [ParNew: 34761K->2288K(37568K), 0.0008920 secs] 111691K->79218K(120960K), 0.0009280 secs] [Times: user=0.01 sys=0.00, real=0.01 secs] 
179.935: Total time for which application threads were stopped: 0.0010700 seconds, Stopping threads took: 0.0000780 seconds
180.023: Application time: 0.0875020 seconds
180.023: [GC180.023: [ParNew: 35223K->2088K(37568K), 0.0009970 secs] 112153K->79242K(120960K), 0.0010380 secs] [Times: user=0.00 sys=0.00, real=0.00 secs] 
180.024: Total time for which application threads were stopped: 0.0011770 seconds, Stopping threads took: 0.0000760 seconds
180.114: Application time: 0.0898280 seconds
180.114: [GC180.114: [ParNew: 35026K->1580K(37568K), 0.0007050 secs] 112181K->78734K(120960K), 0.0007410 secs] [Times: user=0.01 sys=0.00, real=0.00 secs] 
180.115: Total time for which application threads were stopped: 0.0008920 seconds, Stopping threads took: 0.0000880 seconds
180.202: Application time: 0.0871080 seconds
180.202: [GC180.202: [ParNew: 34671K->1636K(37568K), 0.0007680 secs] 111825K->78790K(120960K), 0.0008010 secs] [Times: user=0.00 sys=0.00, real=0.00 secs] 
180.203: Total time for which application threads were stopped: 0.0009530 seconds, Stopping threads took: 0.0000910 seconds
180.292: Application time: 0.0888710 seconds
180.292: [GC180.292: [ParNew: 34649K->1664K(37568K), 0.0007080 secs] 111803K->78818K(120960K), 0.0007400 secs] [Times: user=0.01 sys=0.00, real=0.00 secs] 
180.293: Total time for which application threads were stopped: 0.0008780 seconds, Stopping threads took: 0.0000760 seconds
180.381: Application time: 0.0881580 seconds
180.381: [GC180.381: [ParNew: 34681K->1174K(37568K), 0.0006820 secs] 111835K->78328K(120960K), 0.0007120 secs] [Times: user=0.01 sys=0.00, real=0.00 secs] 
180.382: Total time for which application threads were stopped: 0.0008640 seconds, Stopping threads took: 0.0000840 seconds
180.469: Application time: 0.0877600 seconds
180.470: [GC180.470: [ParNew: 34106K->1174K(37568K), 0.0006830 secs] 111261K->78328K(120960K), 0.0007150 secs] [Times: user=0.00 sys=0.00, real=0.00 secs] 
180.470: Total time for which application threads were stopped: 0.0008430 seconds, Stopping threads took: 0.0000670 seconds
180.559: Application time: 0.0890360 seconds
180.559: [GC180.559: [ParNew: 34351K->752K(37568K), 0.0005220 secs] 111506K->77907K(120960K), 0.0005500 secs] [Times: user=0.01 sys=0.00, real=0.00 secs] 
180.560: Total time for which application threads were stopped: 0.0006920 seconds, Stopping threads took: 0.0000820 seconds
180.649: Application time: 0.0889090 seconds
180.649: [GC180.649: [ParNew: 33767K->752K(37568K), 0.0005150 secs] 110921K->77907K(120960K), 0.0005450 secs] [Times: user=0.01 sys=0.00, real=0.00 secs] 
180.650: Total time for which application threads were stopped: 0.0006650 seconds, Stopping threads took: 0.0000590 seconds
180.739: Application time: 0.0890080 seconds
180.739: [GC180.739: [ParNew: 33684K->752K(37568K), 0.0005180 secs] 110839K->77907K(120960K), 0.0005580 secs] [Times: user=0.00 sys=0.00, real=0.00 secs] 
180.739: Total time for which application threads were stopped: 0.0006900 seconds, Stopping threads took: 0.0000760 seconds
180.828: Application time: 0.0886990 seconds
180.828: [GC180.828: [ParNew: 33686K->240K(37568K), 0.0003680 secs] 110841K->77395K(120960K), 0.0003980 secs] [Times: user=0.00 sys=0.00, real=0.00 secs] 
180.829: Total time for which application threads were stopped: 0.0005940 seconds, Stopping threads took: 0.0001370 seconds
180.915: Application time: 0.0866880 seconds
180.915: [GC180.915: [ParNew: 33329K->1264K(37568K), 0.0006290 secs] 110483K->78419K(120960K), 0.0006580 secs] [Times: user=0.00 sys=0.00, real=0.00 secs] 
180.916: Total time for which application threads were stopped: 0.0008200 seconds, Stopping threads took: 0.0000940 seconds
181.003: Application time: 0.0869640 seconds
181.003: [GC181.003: [ParNew: 34275K->1776K(37568K), 0.0008020 secs] 111429K->78931K(120960K), 0.0008340 secs] [Times: user=0.00 sys=0.00, real=0.00 secs] 
181.004: Total time for which application threads were stopped: 0.0009720 seconds, Stopping threads took: 0.0000760 seconds
181.093: Application time: 0.0885650 seconds
181.093: [GC181.093: [ParNew: 34785K->2288K(37568K), 0.0009280 secs] 111939K->79443K(120960K), 0.0009600 secs] [Times: user=0.01 sys=0.00, real=0.00 secs] 
181.094: Total time for which application threads were stopped: 0.0011120 seconds, Stopping threads took: 0.0000920 seconds
181.182: Application time: 0.0887630 seconds
181.183: [GC181.183: [ParNew: 35223K->2088K(37568K), 0.0009190 secs] 112377K->79483K(120960K), 0.0009540 secs] [Times: user=0.01 sys=0.00, real=0.00 secs] 
181.184: Total time for which application threads were stopped: 0.0011020 seconds, Stopping threads took: 0.0000850 seconds
181.272: Application time: 0.0887360 seconds
181.272: [GC181.272: [ParNew: 35177K->2658K(37568K), 0.0009710 secs] 112572K->80053K(120960K), 0.0010040 secs] [Times: user=0.00 sys=0.00, real=0.00 secs] 
181.273: Total time for which application threads were stopped: 0.0011300 seconds, Stopping threads took: 0.0000660 seconds
181.364: Application time: 0.0906430 seconds
181.364: [GC181.364: [ParNew: 35763K->584K(37568K), 0.0005020 secs] 113158K->78111K(120960K), 0.0005300 secs] [Times: user=0.00 sys=0.00, real=0.00 secs] 
181.365: Total time for which application threads were stopped: 0.0006550 seconds, Stopping threads took: 0.0000680 seconds
181.453: Application time: 0.0881820 seconds
181.453: [GC181.453: [ParNew: 33512K->1096K(37568K), 0.0019810 secs] 111039K->78623K(120960K), 0.0020120 secs] [Times: user=0.00 sys=0.00, real=0.01 secs] 
181.455: Total time for which application threads were stopped: 0.0021950 seconds, Stopping threads took: 0.0001170 seconds
181.543: Application time: 0.0878480 seconds
181.543: [GC181.543: [ParNew: 34032K->1096K(37568K), 0.0005730 secs] 111559K->78623K(120960K), 0.0006060 secs] [Times: user=0.00 sys=0.00, real=0.00 secs] 
181.544: Total time for which application threads were stopped: 0.0007410 seconds, Stopping threads took: 0.0000690 seconds
181.630: Application time: 0.0861810 seconds
181.630: [GC181.630: [ParNew: 34183K->2176K(37568K), 0.0008910 secs] 111710K->79703K(120960K), 0.0009250 secs] [Times: user=0.01 sys=0.00, real=0.00 secs] 
181.631: Total time for which application threads were stopped: 0.0010770 seconds, Stopping threads took: 0.0000880 seconds
181.721: Application time: 0.0895170 seconds
181.721: [GC181.721: [ParNew: 35191K->1578K(37568K), 0.0008090 secs] 112718K->79257K(120960K), 0.0008400 secs] [Times: user=0.00 sys=0.00, real=0.00 secs] 
181.721: Total time for which application threads were stopped: 0.0009520 seconds, Stopping threads took: 0.0000550 seconds
181.809: Application time: 0.0880100 seconds
181.810: [GC181.810: [ParNew: 34588K->2120K(37568K), 0.0008330 secs] 112268K->79799K(120960K), 0.0008650 secs] [Times: user=0.01 sys=0.00, real=0.00 secs] 
181.810: Total time for which application threads were stopped: 0.0010110 seconds, Stopping threads took: 0.0000850 seconds
181.898: Application time: 0.0872280 seconds
181.898: [GC181.898: [ParNew: 35052K->2092K(37568K), 0.0008890 secs] 112731K->79843K(120960K), 0.0009300 secs] [Times: user=0.01 sys=0.00, real=0.00 secs] 
181.899: Total time for which application threads were stopped: 0.0010720 seconds, Stopping threads took: 0.0000800 seconds
181.987: Application time: 0.0881560 seconds
181.987: [GC181.987: [ParNew: 35185K->2148K(37568K), 0.0008770 secs] 112936K->79899K(120960K), 0.0009080 secs] [Times: user=0.01 sys=0.00, real=0.00 secs] 
181.988: Total time for which application threads were stopped: 0.0010640 seconds, Stopping threads took: 0.0000780 seconds
182.081: Application time: 0.0930880 seconds
182.081: [GC182.081: [ParNew: 35245K->1604K(37568K), 0.0007760 secs] 112996K->79491K(120960K), 0.0008060 secs] [Times: user=0.00 sys=0.00, real=0.00 secs] 
182.082: Total time for which application threads were stopped: 0.0009550 seconds, Stopping threads took: 0.0000880 seconds
182.171: Application time: 0.0885900 seconds
182.171: [GC182.171: [ParNew: 34536K->1608K(37568K), 0.0007360 secs] 112423K->79495K(120960K), 0.0007660 secs] [Times: user=0.01 sys=0.00, real=0.00 secs] 
182.172: Total time for which application threads were stopped: 0.0009090 seconds, Stopping threads took: 0.0000830 seconds
182.258: Application time: 0.0866060 seconds
182.258: [GC182.258: [ParNew: 34540K->1608K(37568K), 0.0007300 secs] 112428K->79495K(120960K), 0.0007610 secs] [Times: user=0.01 sys=0.00, real=0.00 secs] 
182.259: Total time for which application threads were stopped: 0.0009060 seconds, Stopping threads took: 0.0000790 seconds
182.347: Application time: 0.0881770 seconds
182.347: [GC182.347: [ParNew: 34699K->2176K(37568K), 0.0009330 secs] 112586K->80063K(120960K), 0.0009660 secs] [Times: user=0.01 sys=0.00, real=0.00 secs] 
182.348: Total time for which application threads were stopped: 0.0010900 seconds, Stopping threads took: 0.0000610 seconds
182.436: Application time: 0.0874310 seconds
182.436: [GC182.436: [ParNew: 35191K->2088K(37568K), 0.0010360 secs] 113078K->80135K(120960K), 0.0010700 secs] [Times: user=0.01 sys=0.00, real=0.00 secs] 
182.437: Total time for which application threads were stopped: 0.0012000 seconds, Stopping threads took: 0.0000640 seconds
182.527: Application time: 0.0896070 seconds
182.527: [GC182.527: [ParNew: 35100K->2120K(37568K), 0.0008560 secs] 113148K->80167K(120960K), 0.0008890 secs] [Times: user=0.00 sys=0.00, real=0.01 secs] 
182.528: Total time for which application threads were stopped: 0.0010480 seconds, Stopping threads took: 0.0000830 seconds
182.610: Application time: 0.0819870 seconds
182.610: [GC182.610: [ParNew: 35052K->2088K(37568K), 0.0008930 secs] 113100K->80207K(120960K), 0.0009230 secs] [Times: user=0.01 sys=0.00, real=0.00 secs] 
182.611: Total time for which application threads were stopped: 0.0010630 seconds, Stopping threads took: 0.0000790 seconds
182.692: Application time: 0.0811720 seconds
182.692: [GC182.692: [ParNew: 35181K->2148K(37568K), 0.0008320 secs] 113300K->80267K(120960K), 0.0008630 secs] [Times: user=0.01 sys=0.00, real=0.00 secs] 
182.693: Total time for which application threads were stopped: 0.0009960 seconds, Stopping threads took: 0.0000730 seconds
182.774: Application time: 0.0807910 seconds
182.774: [GC182.774: [ParNew: 35241K->2116K(37568K), 0.0008860 secs] 113360K->80371K(120960K), 0.0009170 secs] [Times: user=0.01 sys=0.00, real=0.00 secs] 
182.775: Total time for which application threads were stopped: 0.0010560 seconds, Stopping threads took: 0.0000770 seconds
182.854: Application time: 0.0797590 seconds
182.855: [GC182.855: [ParNew: 35046K->2572K(37568K), 0.0010630 secs] 113302K->80915K(120960K), 0.0010940 secs] [Times: user=0.01 sys=0.00, real=0.01 secs] 
182.856: Total time for which application threads were stopped: 0.0012430 seconds, Stopping threads took: 0.0000880 seconds
182.937: Application time: 0.0817720 seconds
182.938: [GC182.938: [ParNew: 35504K->2570K(37568K), 0.0009990 secs] 113848K->80913K(120960K), 0.0010320 secs] [Times: user=0.00 sys=0.00, real=0.00 secs] 
182.939: Total time for which application threads were stopped: 0.0011650 seconds, Stopping threads took: 0.0000610 seconds
183.021: Application time: 0.0818350 seconds
183.021: [GC183.021: [ParNew: 35669K->1602K(37568K), 0.0008050 secs] 114013K->79945K(120960K), 0.0008330 secs] [Times: user=0.00 sys=0.00, real=0.00 secs] 
183.022: Total time for which application threads were stopped: 0.0010570 seconds, Stopping threads took: 0.0001670 seconds
183.104: Application time: 0.0823030 seconds
183.104: [GC183.104: [ParNew: 34615K->1636K(37568K), 0.0007040 secs] 112958K->79979K(120960K), 0.0007360 secs] [Times: user=0.00 sys=0.00, real=0.00 secs] 
183.105: Total time for which application threads were stopped: 0.0008900 seconds, Stopping threads took: 0.0000780 seconds
183.186: Application time: 0.0807660 seconds
183.186: [GC183.186: [ParNew: 34649K->1662K(37568K), 0.0007380 secs] 112992K->80005K(120960K), 0.0007660 secs] [Times: user=0.00 sys=0.00, real=0.00 secs] 
183.186: Total time for which application threads were stopped: 0.0009120 seconds, Stopping threads took: 0.0000870 seconds
183.269: Application time: 0.0821330 seconds
183.269: [GC183.269: [ParNew: 34594K->1664K(37568K), 0.0007770 secs] 112938K->80007K(120960K), 0.0008080 secs] [Times: user=0.00 sys=0.00, real=0.00 secs] 
183.270: Total time for which application threads were stopped: 0.0009430 seconds, Stopping threads took: 0.0000750 seconds
183.351: Application time: 0.0814840 seconds
183.351: [GC183.351: [ParNew: 34753K->2232K(37568K), 0.0009060 secs] 113096K->80576K(120960K), 0.0009380 secs] [Times: user=0.01 sys=0.00, real=0.00 secs] 
183.352: Total time for which application threads were stopped: 0.0010770 seconds, Stopping threads took: 0.0000780 seconds
183.435: Application time: 0.0828650 seconds
183.435: [GC183.435: [ParNew: 35329K->1606K(37568K), 0.0007520 secs] 113673K->80161K(120960K), 0.0007820 secs] [Times: user=0.00 sys=0.00, real=0.00 secs] 
183.436: Total time for which application threads were stopped: 0.0009320 seconds, Stopping threads took: 0.0000850 seconds
183.517: Application time: 0.0807910 seconds
183.517: [GC183.517: [ParNew: 34534K->2632K(37568K), 0.0010740 secs] 113090K->81188K(120960K), 0.0011060 secs] [Times: user=0.00 sys=0.00, real=0.00 secs] 
183.518: Total time for which application threads were stopped: 0.0012630 seconds, Stopping threads took: 0.0000960 seconds
183.599: Application time: 0.0810130 seconds
183.599: [GC183.599: [ParNew: 35564K->2574K(37568K), 0.0011040 secs] 114120K->81217K(120960K), 0.0011320 secs] [Times: user=0.01 sys=0.00, real=0.00 secs] 
183.600: Total time for which application threads were stopped: 0.0012980 seconds, Stopping threads took: 0.0001030 seconds
183.683: Application time: 0.0832000 seconds
183.684: [GC183.684: [ParNew: 35679K->580K(37568K), 0.0004300 secs] 114323K->79224K(120960K), 0.0004600 secs] [Times: user=0.00 sys=0.00, real=0.00 secs] 
183.684: Total time for which application threads were stopped: 0.0005940 seconds, Stopping threads took: 0.0000670 seconds
183.765: Application time: 0.0807510 seconds
183.765: [GC183.765: [ParNew: 33592K->612K(37568K), 0.0004660 secs] 112236K->79256K(120960K), 0.0004970 secs] [Times: user=0.00 sys=0.00, real=0.00 secs] 
183.765: Total time for which application threads were stopped: 0.0006170 seconds, Stopping threads took: 0.0000630 seconds
183.846: Application time: 0.0809260 seconds
183.846: [GC183.846: [ParNew: 33620K->1662K(37568K), 0.0008080 secs] 112264K->80306K(120960K), 0.0008390 secs] [Times: user=0.01 sys=0.00, real=0.01 secs] 
183.847: Total time for which application threads were stopped: 0.0009660 seconds, Stopping threads took: 0.0000690 seconds
183.928: Application time: 0.0811740 seconds
183.929: [GC183.929: [ParNew: 34590K->2688K(37568K), 0.0010600 secs] 113234K->81332K(120960K), 0.0010930 secs] [Times: user=0.00 sys=0.00, real=0.00 secs] 
183.930: Total time for which application threads were stopped: 0.0012150 seconds, Stopping threads took: 0.0000630 seconds
184.011: Application time: 0.0817110 seconds
184.012: [GC184.012: [ParNew: 35781K->2630K(37568K), 0.0010030 secs] 114425K->81438K(120960K), 0.0010450 secs] [Times: user=0.00 sys=0.00, real=0.00 secs] 
184.013: Total time for which application threads were stopped: 0.0011750 seconds, Stopping threads took: 0.0000710 seconds
184.094: Application time: 0.0818160 seconds
184.095: [GC184.095: [ParNew: 35721K->2630K(37568K), 0.0010230 secs] 114529K->81550K(120960K), 0.0010550 secs] [Times: user=0.01 sys=0.00, real=0.01 secs] 
184.096: Total time for which application threads were stopped: 0.0012140 seconds, Stopping threads took: 0.0000980 seconds
184.178: Application time: 0.0818890 seconds
184.178: [GC184.178: [ParNew: 35562K->2572K(37568K), 0.0009930 secs] 114482K->81596K(120960K), 0.0010240 secs] [Times: user=0.01 sys=0.00, real=0.00 secs] 
184.179: Total time for which application threads were stopped: 0.0011740 seconds, Stopping threads took: 0.0000890 seconds
184.260: Application time: 0.0813410 seconds
184.260: [GC184.260: [ParNew: 35504K->2570K(37568K), 0.0010380 secs] 114528K->81594K(120960K), 0.0010700 secs] [Times: user=0.01 sys=0.00, real=0.00 secs] 
184.261: Total time for which application threads were stopped: 0.0012200 seconds, Stopping threads took: 0.0000790 seconds
184.343: Application time: 0.0814110 seconds
184.343: [GC184.343: [ParNew: 35659K->2632K(37568K), 0.0010360 secs] 114683K->81656K(120960K), 0.0010680 secs] [Times: user=0.01 sys=0.00, real=0.00 secs] 
184.344: Total time for which application threads were stopped: 0.0012920 seconds, Stopping threads took: 0.0001660 seconds
184.427: Application time: 0.0827720 seconds
184.427: [GC184.427: [ParNew: 35649K->2602K(37568K), 0.0010270 secs] 114673K->81738K(120960K), 0.0010600 secs] [Times: user=0.01 sys=0.00, real=0.01 secs] 
184.428: Total time for which application threads were stopped: 0.0011990 seconds, Stopping threads took: 0.0000790 seconds
184.513: Application time: 0.0855060 seconds
184.514: [GC184.514: [ParNew: 35627K->1068K(37568K), 0.0005720 secs] 114763K->80268K(120960K), 0.0006000 secs] [Times: user=0.00 sys=0.00, real=0.00 secs] 
184.514: Total time for which application threads were stopped: 0.0007390 seconds, Stopping threads took: 0.0000810 seconds
184.596: Application time: 0.0818630 seconds
184.596: [GC184.596: [ParNew: 34000K->1068K(37568K), 0.0005450 secs] 113200K->80268K(120960K), 0.0005750 secs] [Times: user=0.00 sys=0.00, real=0.00 secs] 
184.597: Total time for which application threads were stopped: 0.0007010 seconds, Stopping threads took: 0.0000690 seconds
184.677: Application time: 0.0801040 seconds
184.677: [GC184.677: [ParNew: 34153K->2148K(37568K), 0.0008240 secs] 113353K->81348K(120960K), 0.0008550 secs] [Times: user=0.00 sys=0.00, real=0.00 secs] 
184.678: Total time for which application threads were stopped: 0.0010010 seconds, Stopping threads took: 0.0000860 seconds
184.758: Application time: 0.0803470 seconds
184.758: [GC184.758: [ParNew: 35239K->2630K(37568K), 0.0010570 secs] 114439K->81970K(120960K), 0.0010890 secs] [Times: user=0.00 sys=0.00, real=0.00 secs] 
184.759: Total time for which application threads were stopped: 0.0012290 seconds, Stopping threads took: 0.0000800 seconds
184.842: Application time: 0.0821300 seconds
184.842: [GC184.842: [ParNew: 35569K->2060K(37568K), 0.0008320 secs] 114909K->81512K(120960K), 0.0008630 secs] [Times: user=0.01 sys=0.00, real=0.00 secs] 
184.843: Total time for which application threads were stopped: 0.0009970 seconds, Stopping threads took: 0.0000650 seconds
184.925: Application time: 0.0825770 seconds
184.925: [GC184.925: [ParNew: 35077K->1578K(37568K), 0.0007130 secs] 114529K->81030K(120960K), 0.0007440 secs] [Times: user=0.00 sys=0.00, real=0.00 secs] 
184.926: Total time for which application threads were stopped: 0.0008690 seconds, Stopping threads took: 0.0000680 seconds
185.009: Application time: 0.0825960 seconds
185.009: [GC185.009: [ParNew: 34597K->582K(37568K), 0.0004390 secs] 114049K->80034K(120960K), 0.0004670 secs] [Times: user=0.01 sys=0.00, real=0.00 secs] 
185.009: Total time for which application threads were stopped: 0.0005930 seconds, Stopping threads took: 0.0000600 seconds
185.092: Application time: 0.0823400 seconds
185.092: [GC185.092: [ParNew: 33598K->100K(37568K), 0.0003340 secs] 113051K->79552K(120960K), 0.0003620 secs] [Times: user=0.01 sys=0.00, real=0.00 secs] 
185.092: Total time for which application threads were stopped: 0.0004720 seconds, Stopping threads took: 0.0000560 seconds
185.173: Application time: 0.0811630 seconds
185.173: [GC185.173: [ParNew: 33112K->128K(37568K), 0.0003360 secs] 112565K->79580K(120960K), 0.0003660 secs] [Times: user=0.00 sys=0.00, real=0.00 secs] 
185.174: Total time for which application threads were stopped: 0.0004750 seconds, Stopping threads took: 0.0000560 seconds
185.256: Application time: 0.0821990 seconds
185.256: [GC185.256: [ParNew: 33060K->128K(37568K), 0.0003560 secs] 112513K->79580K(120960K), 0.0003840 secs] [Times: user=0.00 sys=0.00, real=0.00 secs] 
185.256: Total time for which application threads were stopped: 0.0006090 seconds, Stopping threads took: 0.0001710 seconds
185.337: Application time: 0.0806760 seconds
185.337: [GC185.337: [ParNew: 33215K->696K(37568K), 0.0004650 secs] 112667K->80148K(120960K), 0.0004940 secs] [Times: user=0.01 sys=0.00, real=0.00 secs] 
185.338: Total time for which application threads were stopped: 0.0006320 seconds, Stopping threads took: 0.0000830 seconds
185.418: Application time: 0.0806740 seconds
185.419: [GC185.419: [ParNew: 33785K->1264K(37568K), 0.0006000 secs] 113237K->80716K(120960K), 0.0006290 secs] [Times: user=0.00 sys=0.00, real=0.00 secs] 
185.419: Total time for which application threads were stopped: 0.0007500 seconds, Stopping threads took: 0.0000570 seconds
185.500: Application time: 0.0810280 seconds
185.500: [GC185.500: [ParNew: 34194K->1776K(37568K), 0.0007430 secs] 113647K->81228K(120960K), 0.0007760 secs] [Times: user=0.01 sys=0.00, real=0.00 secs] 
185.501: Total time for which application threads were stopped: 0.0009270 seconds, Stopping threads took: 0.0000870 seconds
185.582: Application time: 0.0809490 seconds
185.582: [GC185.582: [ParNew: 34787K->2288K(37568K), 0.0009010 secs] 114239K->81740K(120960K), 0.0009350 secs] [Times: user=0.01 sys=0.00, real=0.00 secs] 
185.583: Total time for which application threads were stopped: 0.0010870 seconds, Stopping threads took: 0.0000890 seconds
185.666: Application time: 0.0823900 seconds
185.666: [GC185.666: [ParNew: 35303K->2120K(37568K), 0.0009070 secs] 114755K->81788K(120960K), 0.0009380 secs] [Times: user=0.01 sys=0.00, real=0.00 secs] 
185.667: Total time for which application threads were stopped: 0.0010730 seconds, Stopping threads took: 0.0000730 seconds
185.748: Application time: 0.0808250 seconds
185.748: [GC185.748: [ParNew: 35139K->1606K(37568K), 0.0006990 secs] 114807K->81346K(120960K), 0.0007300 secs] [Times: user=0.01 sys=0.00, real=0.00 secs] 
185.748: Total time for which application threads were stopped: 0.0008530 seconds, Stopping threads took: 0.0000630 seconds
185.830: Application time: 0.0820660 seconds
185.831: [GC185.831: [ParNew: 34620K->1634K(37568K), 0.0006960 secs] 114361K->81374K(120960K), 0.0007290 secs] [Times: user=0.01 sys=0.00, real=0.00 secs] 
185.831: Total time for which application threads were stopped: 0.0008840 seconds, Stopping threads took: 0.0000960 seconds
185.913: Application time: 0.0816430 seconds
185.913: [GC185.913: [ParNew: 34566K->1634K(37568K), 0.0006930 secs] 114307K->81374K(120960K), 0.0007250 secs] [Times: user=0.01 sys=0.00, real=0.00 secs] 
185.914: Total time for which application threads were stopped: 0.0008700 seconds, Stopping threads took: 0.0000850 seconds
185.995: Application time: 0.0811370 seconds
185.995: [GC185.995: [ParNew: 34725K->1692K(37568K), 0.0006970 secs] 114466K->81432K(120960K), 0.0007270 secs] [Times: user=0.00 sys=0.00, real=0.00 secs] 
185.996: Total time for which application threads were stopped: 0.0008640 seconds, Stopping threads took: 0.0000670 seconds
186.078: Application time: 0.0826220 seconds
186.079: [GC186.079: [ParNew: 34785K->1748K(37568K), 0.0007730 secs] 114526K->81489K(120960K), 0.0008010 secs] [Times: user=0.00 sys=0.00, real=0.00 secs] 
186.079: Total time for which application threads were stopped: 0.0009320 seconds, Stopping threads took: 0.0000740 seconds
186.160: Application time: 0.0806500 seconds
186.160: [GC186.160: [ParNew: 34681K->1748K(37568K), 0.0007120 secs] 114421K->81489K(120960K), 0.0007430 secs] [Times: user=0.00 sys=0.00, real=0.00 secs] 
186.161: Total time for which application threads were stopped: 0.0008690 seconds, Stopping threads took: 0.0000670 seconds
186.242: Application time: 0.0808060 seconds
186.242: [GC186.242: [ParNew: 34757K->2288K(37568K), 0.0008610 secs] 114497K->82029K(120960K), 0.0008950 secs] [Times: user=0.01 sys=0.00, real=0.00 secs] 
186.243: Total time for which application threads were stopped: 0.0010250 seconds, Stopping threads took: 0.0000670 seconds
186.323: Application time: 0.0803450 seconds
186.323: [GC186.323: [ParNew: 35301K->2120K(37568K), 0.0009610 secs] 115041K->82081K(120960K), 0.0009910 secs] [Times: user=0.01 sys=0.00, real=0.00 secs] 
186.324: Total time for which application threads were stopped: 0.0011400 seconds, Stopping threads took: 0.0000910 seconds
186.406: Application time: 0.0814010 seconds
186.406: [GC186.406: [ParNew: 35133K->2120K(37568K), 0.0008330 secs] 115093K->82153K(120960K), 0.0008640 secs] [Times: user=0.00 sys=0.00, real=0.00 secs] 
186.407: Total time for which application threads were stopped: 0.0010520 seconds, Stopping threads took: 0.0001290 seconds
186.491: Application time: 0.0844410 seconds
186.491: [GC186.491: [ParNew: 35143K->584K(37568K), 0.0019960 secs] 115176K->80689K(120960K), 0.0020280 secs] [Times: user=0.00 sys=0.00, real=0.00 secs] 
186.493: Total time for which application threads were stopped: 0.0021520 seconds, Stopping threads took: 0.0000690 seconds
186.576: Application time: 0.0824240 seconds
186.576: [GC186.576: [ParNew: 33516K->582K(37568K), 0.0005440 secs] 113621K->80687K(120960K), 0.0005730 secs] [Times: user=0.00 sys=0.00, real=0.00 secs] 
186.576: Total time for which application threads were stopped: 0.0007190 seconds, Stopping threads took: 0.0000800 seconds
186.658: Application time: 0.0812300 seconds
186.658: [GC186.658: [ParNew: 33675K->640K(37568K), 0.0004350 secs] 113780K->80745K(120960K), 0.0004640 secs] [Times: user=0.00 sys=0.00, real=0.00 secs] 
186.658: Total time for which application threads were stopped: 0.0006270 seconds, Stopping threads took: 0.0001060 seconds
186.739: Application time: 0.0804050 seconds
186.739: [GC186.739: [ParNew: 33731K->696K(37568K), 0.0004680 secs] 113836K->80801K(120960K), 0.0004980 secs] [Times: user=0.00 sys=0.00, real=0.00 secs] 
186.739: Total time for which application threads were stopped: 0.0006330 seconds, Stopping threads took: 0.0000790 seconds
186.819: Application time: 0.0801380 seconds
186.820: [GC186.820: [ParNew: 33624K->1720K(37568K), 0.0007800 secs] 113729K->81825K(120960K), 0.0008110 secs] [Times: user=0.01 sys=0.00, real=0.00 secs] 
186.820: Total time for which application threads were stopped: 0.0009510 seconds, Stopping threads took: 0.0000830 seconds
186.901: Application time: 0.0808520 seconds
186.901: [GC186.901: [ParNew: 34729K->2260K(37568K), 0.0008440 secs] 114834K->82365K(120960K), 0.0008740 secs] [Times: user=0.01 sys=0.00, real=0.00 secs] 
186.902: Total time for which application threads were stopped: 0.0010060 seconds, Stopping threads took: 0.0000730 seconds
186.983: Application time: 0.0811700 seconds
186.984: [GC186.984: [ParNew: 35277K->1606K(37568K), 0.0008340 secs] 115382K->81919K(120960K), 0.0008610 secs] [Times: user=0.00 sys=0.00, real=0.00 secs] 
186.984: Total time for which application threads were stopped: 0.0009940 seconds, Stopping threads took: 0.0000750 seconds
187.066: Application time: 0.0810580 seconds
187.066: [GC187.066: [ParNew: 34617K->1634K(37568K), 0.0006990 secs] 114930K->81947K(120960K), 0.0007300 secs] [Times: user=0.01 sys=0.00, real=0.00 secs] 
187.066: Total time for which application threads were stopped: 0.0008710 seconds, Stopping threads took: 0.0000820 seconds
187.148: Application time: 0.0813550 seconds
187.148: [GC187.148: [ParNew: 34647K->2174K(37568K), 0.0009070 secs] 114960K->82487K(120960K), 0.0009480 secs] [Times: user=0.00 sys=0.00, real=0.00 secs] 
187.149: Total time for which application threads were stopped: 0.0010980 seconds, Stopping threads took: 0.0000840 seconds
187.230: Application time: 0.0806980 seconds
187.230: [GC187.230: [ParNew: 35106K->2088K(37568K), 0.0008940 secs] 115420K->82529K(120960K), 0.0009240 secs] [Times: user=0.00 sys=0.00, real=0.00 secs] 
187.231: Total time for which application threads were stopped: 0.0010750 seconds, Stopping threads took: 0.0000930 seconds
187.314: Application time: 0.0833420 seconds
187.314: [GC187.314: [ParNew: 35183K->1634K(37568K), 0.0007190 secs] 115624K->82075K(120960K), 0.0007490 secs] [Times: user=0.00 sys=0.00, real=0.00 secs] 
187.315: Total time for which application threads were stopped: 0.0008790 seconds, Stopping threads took: 0.0000730 seconds
187.396: Application time: 0.0812870 seconds
187.396: [GC187.396: [ParNew: 34729K->1692K(37568K), 0.0007360 secs] 115170K->82133K(120960K), 0.0007660 secs] [Times: user=0.01 sys=0.00, real=0.00 secs] 
187.397: Total time for which application threads were stopped: 0.0008970 seconds, Stopping threads took: 0.0000720 seconds
187.479: Application time: 0.0818040 seconds
187.479: [GC187.479: [ParNew: 34631K->1180K(37568K), 0.0005780 secs] 115072K->81621K(120960K), 0.0006100 secs] [Times: user=0.00 sys=0.00, real=0.00 secs] 
187.480: Total time for which application threads were stopped: 0.0007360 seconds, Stopping threads took: 0.0000660 seconds
187.561: Application time: 0.0815100 seconds
187.561: [GC187.561: [ParNew: 34191K->1208K(37568K), 0.0006160 secs] 114632K->81649K(120960K), 0.0006470 secs] [Times: user=0.01 sys=0.00, real=0.00 secs] 
187.562: Total time for which application threads were stopped: 0.0007710 seconds, Stopping threads took: 0.0000680 seconds
187.643: Application time: 0.0812360 seconds
187.643: [GC187.643: [ParNew: 34219K->1748K(37568K), 0.0008090 secs] 114660K->82189K(120960K), 0.0008400 secs] [Times: user=0.00 sys=0.00, real=0.00 secs] 
187.644: Total time for which application threads were stopped: 0.0009730 seconds, Stopping threads took: 0.0000710 seconds
187.726: Application time: 0.0814310 seconds
187.726: [GC187.726: [ParNew: 34763K->1262K(37568K), 0.0006910 secs] 115204K->81703K(120960K), 0.0007180 secs] [Times: user=0.01 sys=0.00, real=0.00 secs] 
187.726: Total time for which application threads were stopped: 0.0008750 seconds, Stopping threads took: 0.0000940 seconds
187.809: Application time: 0.0826140 seconds
187.809: [GC187.809: [ParNew: 34273K->1264K(37568K), 0.0006380 secs] 114714K->81705K(120960K), 0.0006650 secs] [Times: user=0.00 sys=0.00, real=0.00 secs] 
187.810: Total time for which application threads were stopped: 0.0007720 seconds, Stopping threads took: 0.0000540 seconds
187.892: Application time: 0.0823090 seconds
187.892: [GC187.892: [ParNew: 34196K->1260K(37568K), 0.0007400 secs] 114638K->81701K(120960K), 0.0007690 secs] [Times: user=0.01 sys=0.00, real=0.00 secs] 
187.893: Total time for which application threads were stopped: 0.0008980 seconds, Stopping threads took: 0.0000720 seconds
187.975: Application time: 0.0822950 seconds
187.975: [GC187.975: [ParNew: 34355K->750K(37568K), 0.0005430 secs] 114796K->81191K(120960K), 0.0005690 secs] [Times: user=0.01 sys=0.00, real=0.00 secs] 
187.976: Total time for which application threads were stopped: 0.0006900 seconds, Stopping threads took: 0.0000650 seconds
188.056: Application time: 0.0804920 seconds
188.057: [GC188.057: [ParNew: 33839K->1260K(37568K), 0.0007420 secs] 114280K->81701K(120960K), 0.0007720 secs] [Times: user=0.01 sys=0.00, real=0.00 secs] 
188.057: Total time for which application threads were stopped: 0.0008970 seconds, Stopping threads took: 0.0000680 seconds
188.138: Application time: 0.0802460 seconds
188.138: [GC188.138: [ParNew: 34186K->2798K(37568K), 0.0011130 secs] 114627K->83239K(120960K), 0.0011450 secs] [Times: user=0.01 sys=0.00, real=0.00 secs] 
188.139: Total time for which application threads were stopped: 0.0012870 seconds, Stopping threads took: 0.0000740 seconds
188.222: Application time: 0.0831510 seconds
188.222: [GC188.222: [ParNew: 35815K->2088K(37568K), 0.0009070 secs] 116256K->82773K(120960K), 0.0009390 secs] [Times: user=0.01 sys=0.00, real=0.00 secs] 
188.223: Total time for which application threads were stopped: 0.0010690 seconds, Stopping threads took: 0.0000730 seconds
188.304: Application time: 0.0810520 seconds
188.304: [GC188.304: [ParNew: 35098K->2630K(37568K), 0.0009810 secs] 115784K->83315K(120960K), 0.0010130 secs] [Times: user=0.01 sys=0.00, real=0.00 secs] 
188.305: Total time for which application threads were stopped: 0.0011410 seconds, Stopping threads took: 0.0000600 seconds
188.385: Application time: 0.0800640 seconds
188.386: [GC188.386: [ParNew: 35643K->3114K(37568K), 0.0011360 secs] 116328K->83903K(120960K), 0.0011700 secs] [Times: user=0.01 sys=0.00, real=0.00 secs] 
188.387: Total time for which application threads were stopped: 0.0013120 seconds, Stopping threads took: 0.0000810 seconds
188.468: Application time: 0.0814610 seconds
188.468: [GC188.468: [ParNew: 36131K->2600K(37568K), 0.0010120 secs] 116920K->83461K(120960K), 0.0010440 secs] [Times: user=0.01 sys=0.00, real=0.00 secs] 
188.469: Total time for which application threads were stopped: 0.0012110 seconds, Stopping threads took: 0.0001070 seconds
188.552: Application time: 0.0825230 seconds
188.552: [GC188.552: [ParNew: 35532K->2570K(37568K), 0.0009640 secs] 116394K->83495K(120960K), 0.0009960 secs] [Times: user=0.01 sys=0.00, real=0.00 secs] 
188.553: Total time for which application threads were stopped: 0.0011330 seconds, Stopping threads took: 0.0000770 seconds
188.636: Application time: 0.0828890 seconds
188.636: [GC188.636: [ParNew: 35669K->1606K(37568K), 0.0007680 secs] 116595K->82531K(120960K), 0.0007980 secs] [Times: user=0.00 sys=0.00, real=0.00 secs] 
188.637: Total time for which application threads were stopped: 0.0009200 seconds, Stopping threads took: 0.0000630 seconds
188.719: Application time: 0.0824590 seconds
188.719: [GC188.719: [ParNew: 34703K->1152K(37568K), 0.0005690 secs] 115629K->82077K(120960K), 0.0005980 secs] [Times: user=0.01 sys=0.00, real=0.00 secs] 
188.720: Total time for which application threads were stopped: 0.0007230 seconds, Stopping threads took: 0.0000680 seconds
188.803: Application time: 0.0829760 seconds
188.803: [GC188.803: [ParNew: 34084K->2174K(37568K), 0.0009380 secs] 115010K->83099K(120960K), 0.0009690 secs] [Times: user=0.01 sys=0.00, real=0.00 secs] 
188.804: Total time for which application threads were stopped: 0.0011760 seconds, Stopping threads took: 0.0001470 seconds
188.885: Application time: 0.0807920 seconds
188.885: [GC188.885: [ParNew: 35185K->2604K(37568K), 0.0010620 secs] 116110K->83689K(120960K), 0.0010940 secs] [Times: user=0.01 sys=0.00, real=0.00 secs] 
188.886: Total time for which application threads were stopped: 0.0012460 seconds, Stopping threads took: 0.0000790 seconds
188.968: Application time: 0.0818280 seconds
188.968: [GC188.968: [ParNew: 35617K->2604K(37568K), 0.0009880 secs] 116702K->83761K(120960K), 0.0010200 secs] [Times: user=0.00 sys=0.00, real=0.00 secs] 
188.969: Total time for which application threads were stopped: 0.0011500 seconds, Stopping threads took: 0.0000680 seconds
189.051: Application time: 0.0820190 seconds
189.051: [GC189.051: [ParNew: 35619K->2600K(37568K), 0.0010780 secs] 116776K->83805K(120960K), 0.0011100 secs] [Times: user=0.01 sys=0.00, real=0.00 secs] 
189.052: Total time for which application threads were stopped: 0.0012340 seconds, Stopping threads took: 0.0000650 seconds
189.136: Application time: 0.0832560 seconds
189.136: [GC189.136: [ParNew: 35619K->1578K(37568K), 0.0007030 secs] 116824K->82856K(120960K), 0.0007330 secs] [Times: user=0.01 sys=0.00, real=0.00 secs] 
189.137: Total time for which application threads were stopped: 0.0009820 seconds, Stopping threads took: 0.0001880 seconds
189.219: Application time: 0.0827220 seconds
189.220: [GC189.220: [ParNew: 34508K->2090K(37568K), 0.0008300 secs] 115786K->83368K(120960K), 0.0008700 secs] [Times: user=0.00 sys=0.00, real=0.00 secs] 
189.220: Total time for which application threads were stopped: 0.0010140 seconds, Stopping threads took: 0.0000840 seconds
189.304: Application time: 0.0840410 seconds
189.305: [GC189.305: [ParNew: 35191K->612K(37568K), 0.0004210 secs] 116469K->81890K(120960K), 0.0004520 secs] [Times: user=0.01 sys=0.00, real=0.00 secs] 
189.305: Total time for which application threads were stopped: 0.0005800 seconds, Stopping threads took: 0.0000710 seconds
189.386: Application time: 0.0813590 seconds
189.387: [GC189.387: [ParNew: 33705K->668K(37568K), 0.0004420 secs] 114983K->81946K(120960K), 0.0004730 secs] [Times: user=0.00 sys=0.00, real=0.00 secs] 
189.387: Total time for which application threads were stopped: 0.0006110 seconds, Stopping threads took: 0.0000700 seconds
189.467: Application time: 0.0795640 seconds
189.467: [GC189.467: [ParNew: 33596K->1692K(37568K), 0.0007080 secs] 114874K->82970K(120960K), 0.0007380 secs] [Times: user=0.01 sys=0.00, real=0.01 secs] 
189.467: Total time for which application threads were stopped: 0.0008770 seconds, Stopping threads took: 0.0000800 seconds
189.548: Application time: 0.0808400 seconds
189.548: [GC189.548: [ParNew: 34705K->1720K(37568K), 0.0007450 secs] 115983K->82998K(120960K), 0.0007780 secs] [Times: user=0.01 sys=0.00, real=0.00 secs] 
189.549: Total time for which application threads were stopped: 0.0009010 seconds, Stopping threads took: 0.0000630 seconds
189.631: Application time: 0.0815110 seconds
189.631: [GC189.631: [ParNew: 34733K->1748K(37568K), 0.0007620 secs] 116011K->83026K(120960K), 0.0007920 secs] [Times: user=0.00 sys=0.00, real=0.00 secs] 
189.632: Total time for which application threads were stopped: 0.0009260 seconds, Stopping threads took: 0.0000760 seconds
189.713: Application time: 0.0814520 seconds
189.713: [GC189.713: [ParNew: 34759K->2288K(37568K), 0.0008770 secs] 116036K->83566K(120960K), 0.0009080 secs] [Times: user=0.00 sys=0.00, real=0.00 secs] 
189.714: Total time for which application threads were stopped: 0.0010460 seconds, Stopping threads took: 0.0000790 seconds
189.796: Application time: 0.0813740 seconds
189.796: [GC189.796: [ParNew: 35301K->2120K(37568K), 0.0008910 secs] 116579K->83614K(120960K), 0.0009210 secs] [Times: user=0.01 sys=0.00, real=0.00 secs] 
189.797: Total time for which application threads were stopped: 0.0010510 seconds, Stopping threads took: 0.0000710 seconds
189.877: Application time: 0.0808260 seconds
189.878: [GC189.878: [ParNew: 35054K->2088K(37568K), 0.0008940 secs] 116548K->83646K(120960K), 0.0009220 secs] [Times: user=0.00 sys=0.00, real=0.00 secs] 
189.878: Total time for which application threads were stopped: 0.0010390 seconds, Stopping threads took: 0.0000600 seconds
189.960: Application time: 0.0812490 seconds
189.960: [GC189.960: [ParNew: 35183K->1124K(37568K), 0.0005510 secs] 116741K->82682K(120960K), 0.0005770 secs] [Times: user=0.01 sys=0.00, real=0.00 secs] 
189.960: Total time for which application threads were stopped: 0.0007050 seconds, Stopping threads took: 0.0000630 seconds
190.042: Application time: 0.0814210 seconds
190.042: [GC190.042: [ParNew: 34221K->1180K(37568K), 0.0006120 secs] 115779K->82738K(120960K), 0.0006430 secs] [Times: user=0.00 sys=0.00, real=0.00 secs] 
190.043: Total time for which application threads were stopped: 0.0007940 seconds, Stopping threads took: 0.0000950 seconds
190.123: Application time: 0.0803010 seconds
190.123: [GC190.123: [ParNew: 34110K->1690K(37568K), 0.0007580 secs] 115668K->83248K(120960K), 0.0007880 secs] [Times: user=0.01 sys=0.00, real=0.00 secs] 
190.124: Total time for which application threads were stopped: 0.0009040 seconds, Stopping threads took: 0.0000590 seconds
190.204: Application time: 0.0802050 seconds
190.204: [GC190.204: [ParNew: 34699K->2232K(37568K), 0.0008970 secs] 116257K->83790K(120960K), 0.0009250 secs] [Times: user=0.01 sys=0.00, real=0.00 secs] 
190.205: Total time for which application threads were stopped: 0.0011310 seconds, Stopping threads took: 0.0001510 seconds
190.286: Application time: 0.0804050 seconds
190.286: [GC190.286: [ParNew: 35245K->2632K(37568K), 0.0010100 secs] 116803K->84382K(120960K), 0.0010510 secs] [Times: user=0.01 sys=0.00, real=0.00 secs] 
190.287: Total time for which application threads were stopped: 0.0011920 seconds, Stopping threads took: 0.0000810 seconds
190.368: Application time: 0.0810880 seconds
190.368: [GC190.368: [ParNew: 35643K->3112K(37568K), 0.0012330 secs] 117393K->84958K(120960K), 0.0012640 secs] [Times: user=0.00 sys=0.00, real=0.00 secs] 
190.369: Total time for which application threads were stopped: 0.0013980 seconds, Stopping threads took: 0.0000730 seconds
190.450: Application time: 0.0808700 seconds
190.450: [GC190.450: [ParNew: 36125K->3116K(37568K), 0.0010930 secs] 117971K->85034K(120960K), 0.0011260 secs] [Times: user=0.01 sys=0.00, real=0.00 secs] 
190.451: Total time for which application threads were stopped: 0.0012810 seconds, Stopping threads took: 0.0000950 seconds
190.534: Application time: 0.0821890 seconds
190.534: [GC190.534: [ParNew: 36046K->3598K(37568K), 0.0013200 secs] 117965K->85572K(120960K), 0.0013530 secs] [Times: user=0.01 sys=0.00, real=0.01 secs] 
190.535: Total time for which application threads were stopped: 0.0015030 seconds, Stopping threads took: 0.0000800 seconds
190.618: Application time: 0.0825620 seconds
190.618: [GC190.618: [ParNew: 36695K->3144K(37568K), 0.0011160 secs] 118669K->85118K(120960K), 0.0011500 secs] [Times: user=0.01 sys=0.00, real=0.00 secs] 
190.619: Total time for which application threads were stopped: 0.0013090 seconds, Stopping threads took: 0.0000990 seconds
190.702: Application time: 0.0825490 seconds
190.702: [GC190.702: [ParNew: 36241K->2118K(37568K), 0.0008710 secs] 118216K->84196K(120960K), 0.0009020 secs] [Times: user=0.01 sys=0.00, real=0.00 secs] 
190.703: Total time for which application threads were stopped: 0.0010340 seconds, Stopping threads took: 0.0000730 seconds
190.785: Application time: 0.0820160 seconds
190.785: [GC190.785: [ParNew: 35050K->2058K(37568K), 0.0008380 secs] 117129K->84240K(120960K), 0.0008680 secs] [Times: user=0.01 sys=0.00, real=0.00 secs] 
190.786: Total time for which application threads were stopped: 0.0010000 seconds, Stopping threads took: 0.0000710 seconds
190.867: Application time: 0.0816910 seconds
190.867: [GC190.867: [ParNew: 35069K->2088K(37568K), 0.0008140 secs] 117251K->84270K(120960K), 0.0008450 secs] [Times: user=0.01 sys=0.00, real=0.00 secs] 
190.868: Total time for which application threads were stopped: 0.0009850 seconds, Stopping threads took: 0.0000820 seconds
190.950: Application time: 0.0816130 seconds
190.950: [GC190.950: [ParNew: 35103K->2118K(37568K), 0.0009030 secs] 117285K->84300K(120960K), 0.0009350 secs] [Times: user=0.01 sys=0.00, real=0.00 secs] 
190.951: Total time for which application threads were stopped: 0.0010690 seconds, Stopping threads took: 0.0000730 seconds
191.034: Application time: 0.0827590 seconds
191.034: [GC191.034: [ParNew: 35135K->1604K(37568K), 0.0007740 secs] 117317K->83834K(120960K), 0.0008040 secs] [Times: user=0.00 sys=0.00, real=0.00 secs] 
191.035: Total time for which application threads were stopped: 0.0009800 seconds, Stopping threads took: 0.0001180 seconds
191.115: Application time: 0.0806140 seconds
191.115: [GC191.115: [ParNew: 34615K->2148K(37568K), 0.0008420 secs] 116845K->84378K(120960K), 0.0008740 secs] [Times: user=0.00 sys=0.00, real=0.00 secs] 
191.116: Total time for which application threads were stopped: 0.0010260 seconds, Stopping threads took: 0.0000810 seconds
191.199: Application time: 0.0824810 seconds
191.199: [GC191.199: [ParNew: 35080K->2092K(37568K), 0.0008680 secs] 117311K->84434K(120960K), 0.0009020 secs] [Times: user=0.01 sys=0.00, real=0.00 secs] 
191.200: Total time for which application threads were stopped: 0.0010330 seconds, Stopping threads took: 0.0000720 seconds
191.282: Application time: 0.0825600 seconds
191.283: [GC191.283: [ParNew: 35189K->2146K(37568K), 0.0008270 secs] 117531K->84488K(120960K), 0.0008600 secs] [Times: user=0.00 sys=0.00, real=0.00 secs] 
191.283: Total time for which application threads were stopped: 0.0009860 seconds, Stopping threads took: 0.0000680 seconds
191.366: Application time: 0.0821770 seconds
191.366: [GC191.366: [ParNew: 35241K->1606K(37568K), 0.0008080 secs] 117584K->84064K(120960K), 0.0008380 secs] [Times: user=0.00 sys=0.00, real=0.00 secs] 
191.367: Total time for which application threads were stopped: 0.0010480 seconds, Stopping threads took: 0.0001540 seconds
191.448: Application time: 0.0813110 seconds
191.448: [GC191.448: [ParNew: 34542K->1096K(37568K), 0.0005740 secs] 117001K->83554K(120960K), 0.0006020 secs] [Times: user=0.01 sys=0.00, real=0.00 secs] 
191.449: Total time for which application threads were stopped: 0.0007290 seconds, Stopping threads took: 0.0000720 seconds
191.532: Application time: 0.0836510 seconds
191.532: [GC191.532: [ParNew: 34193K->640K(37568K), 0.0020180 secs] 116652K->83099K(120960K), 0.0020480 secs] [Times: user=0.00 sys=0.00, real=0.00 secs] 
191.535: Total time for which application threads were stopped: 0.0021560 seconds, Stopping threads took: 0.0000540 seconds
191.617: Application time: 0.0821500 seconds
191.617: [GC191.617: [ParNew: 33572K->640K(37568K), 0.0004330 secs] 116031K->83099K(120960K), 0.0004630 secs] [Times: user=0.00 sys=0.00, real=0.00 secs] 
191.617: Total time for which application threads were stopped: 0.0006000 seconds, Stopping threads took: 0.0000720 seconds
191.699: Application time: 0.0818990 seconds
191.699: [GC191.699: [ParNew: 33649K->1180K(37568K), 0.0005940 secs] 116107K->83639K(120960K), 0.0006230 secs] [Times: user=0.01 sys=0.00, real=0.00 secs] 
191.700: Total time for which application threads were stopped: 0.0007490 seconds, Stopping threads took: 0.0000680 seconds
191.781: Application time: 0.0807460 seconds
191.781: [GC191.781: [ParNew: 34189K->2232K(37568K), 0.0008640 secs] 116647K->84691K(120960K), 0.0008930 secs] [Times: user=0.01 sys=0.00, real=0.00 secs] 
191.782: Total time for which application threads were stopped: 0.0011950 seconds, Stopping threads took: 0.0002450 seconds
191.863: Application time: 0.0808540 seconds
191.863: [GC191.863: [ParNew: 35165K->2088K(37568K), 0.0009120 secs] 117623K->84731K(120960K), 0.0009430 secs] [Times: user=0.00 sys=0.00, real=0.00 secs] 
191.864: Total time for which application threads were stopped: 0.0010750 seconds, Stopping threads took: 0.0000750 seconds
191.946: Application time: 0.0819270 seconds
191.946: [GC191.946: [ParNew: 35185K->1632K(37568K), 0.0008070 secs] 117828K->84275K(120960K), 0.0008340 secs] [Times: user=0.00 sys=0.00, real=0.00 secs] 
191.947: Total time for which application threads were stopped: 0.0009680 seconds, Stopping threads took: 0.0000830 seconds
192.029: Application time: 0.0824170 seconds
192.029: [GC192.029: [ParNew: 34725K->1688K(37568K), 0.0008000 secs] 117368K->84331K(120960K), 0.0008270 secs] [Times: user=0.01 sys=0.00, real=0.00 secs] 
192.030: Total time for which application threads were stopped: 0.0009470 seconds, Stopping threads took: 0.0000640 seconds
192.112: Application time: 0.0820390 seconds
192.112: [GC192.112: [ParNew: 34618K->2202K(37568K), 0.0009280 secs] 117261K->84845K(120960K), 0.0009600 secs] [Times: user=0.01 sys=0.00, real=0.00 secs] 
192.113: Total time for which application threads were stopped: 0.0011020 seconds, Stopping threads took: 0.0000810 seconds
192.196: Application time: 0.0824650 seconds
192.196: [GC192.196: [ParNew: 35295K->1608K(37568K), 0.0007440 secs] 117938K->84443K(120960K), 0.0007780 secs] [Times: user=0.00 sys=0.00, real=0.00 secs] 
192.197: Total time for which application threads were stopped: 0.0009880 seconds, Stopping threads took: 0.0001400 seconds
192.280: Application time: 0.0829100 seconds
192.280: [GC192.280: [ParNew: 34544K->1606K(37568K), 0.0007250 secs] 117379K->84441K(120960K), 0.0007560 secs] [Times: user=0.00 sys=0.00, real=0.00 secs] 
192.280: Total time for which application threads were stopped: 0.0008850 seconds, Stopping threads took: 0.0000710 seconds
192.360: Application time: 0.0798530 seconds
192.360: [GC192.360: [ParNew: 34614K->2660K(37568K), 0.0010050 secs] 117449K->85495K(120960K), 0.0010450 secs] [Times: user=0.01 sys=0.00, real=0.00 secs] 
192.361: Total time for which application threads were stopped: 0.0011830 seconds, Stopping threads took: 0.0000780 seconds
192.446: Application time: 0.0847020 seconds
192.447: [GC192.447: [ParNew: 35681K->1576K(37568K), 0.0008960 secs] 118516K->84531K(120960K), 0.0009320 secs] [Times: user=0.01 sys=0.00, real=0.00 secs] 
192.448: Total time for which application threads were stopped: 0.0020000 seconds, Stopping threads took: 0.0010010 seconds
192.530: Application time: 0.0819720 seconds
192.530: [GC192.530: [ParNew: 34506K->2092K(37568K), 0.0008160 secs] 117461K->85047K(120960K), 0.0008490 secs] [Times: user=0.00 sys=0.00, real=0.00 secs] 
192.531: Total time for which application threads were stopped: 0.0009780 seconds, Stopping threads took: 0.0000700 seconds
192.613: Application time: 0.0816800 seconds
192.613: [GC192.613: [ParNew: 35105K->2118K(37568K), 0.0009230 secs] 118060K->85073K(120960K), 0.0009530 secs] [Times: user=0.00 sys=0.00, real=0.00 secs] 
192.614: Total time for which application threads were stopped: 0.0010860 seconds, Stopping threads took: 0.0000740 seconds
192.696: Application time: 0.0823580 seconds
192.696: [GC192.696: [ParNew: 35297K->1150K(37568K), 0.0006830 secs] 118252K->84177K(120960K), 0.0007140 secs] [Times: user=0.01 sys=0.00, real=0.00 secs] 
192.697: Total time for which application threads were stopped: 0.0008450 seconds, Stopping threads took: 0.0000630 seconds
192.779: Application time: 0.0817400 seconds
192.779: [GC192.779: [ParNew: 34078K->2174K(37568K), 0.0009120 secs] 117105K->85201K(120960K), 0.0009450 secs] [Times: user=0.00 sys=0.01, real=0.00 secs] 
192.780: Total time for which application threads were stopped: 0.0011010 seconds, Stopping threads took: 0.0000950 seconds
192.862: Application time: 0.0818480 seconds
192.862: [GC192.862: [ParNew: 35265K->2632K(37568K), 0.0010740 secs] 118292K->85819K(120960K), 0.0011070 secs] [Times: user=0.01 sys=0.00, real=0.00 secs] 
192.863: Total time for which application threads were stopped: 0.0012440 seconds, Stopping threads took: 0.0000760 seconds
192.945: Application time: 0.0817950 seconds
192.945: [GC192.945: [ParNew: 35564K->2570K(37568K), 0.0010040 secs] 118752K->85869K(120960K), 0.0010400 secs] [Times: user=0.01 sys=0.00, real=0.00 secs] 
192.946: Total time for which application threads were stopped: 0.0011720 seconds, Stopping threads took: 0.0000710 seconds
193.029: Application time: 0.0827700 seconds
193.029: [GC193.029: [ParNew: 35591K->1580K(37568K), 0.0006940 secs] 118890K->84879K(120960K), 0.0007260 secs] [Times: user=0.00 sys=0.00, real=0.00 secs] 
193.030: Total time for which application threads were stopped: 0.0008840 seconds, Stopping threads took: 0.0000980 seconds
193.113: Application time: 0.0828720 seconds
193.113: [GC193.113: [ParNew: 34593K->1608K(37568K), 0.0007110 secs] 117892K->84907K(120960K), 0.0007450 secs] [Times: user=0.00 sys=0.00, real=0.00 secs] 
193.113: Total time for which application threads were stopped: 0.0008810 seconds, Stopping threads took: 0.0000760 seconds
193.196: Application time: 0.0826000 seconds
193.196: [GC193.196: [ParNew: 34542K->1608K(37568K), 0.0006830 secs] 117842K->84907K(120960K), 0.0007120 secs] [Times: user=0.00 sys=0.00, real=0.00 secs] 
193.197: Total time for which application threads were stopped: 0.0008500 seconds, Stopping threads took: 0.0000800 seconds
193.279: Application time: 0.0819540 seconds
193.279: [GC193.279: [ParNew: 34701K->1664K(37568K), 0.0007220 secs] 118000K->84963K(120960K), 0.0007530 secs] [Times: user=0.00 sys=0.00, real=0.00 secs] 
193.280: Total time for which application threads were stopped: 0.0008970 seconds, Stopping threads took: 0.0000790 seconds
193.361: Application time: 0.0812970 seconds
193.361: [GC193.361: [ParNew: 34753K->2232K(37568K), 0.0008660 secs] 118052K->85531K(120960K), 0.0008960 secs] [Times: user=0.01 sys=0.00, real=0.00 secs] 
193.362: Total time for which application threads were stopped: 0.0010550 seconds, Stopping threads took: 0.0000920 seconds
193.444: Application time: 0.0823670 seconds
193.445: [GC193.445: [ParNew: 35162K->2572K(37568K), 0.0012830 secs]193.447: [Tenured: 83511K->13302K(84544K), 0.0096240 secs] 118462K->13302K(122112K), [Perm : 5184K->5184K(21248K)], 0.0109940 secs] [Times: user=0.02 sys=0.00, real=0.02 secs] 
193.456: Total time for which application threads were stopped: 0.0119220 seconds, Stopping threads took: 0.0008540 seconds
193.537: Application time: 0.0801890 seconds
193.537: [GC193.537: [ParNew: 33099K->2120K(37632K), 0.0007880 secs] 46401K->15422K(121024K), 0.0008180 secs] [Times: user=0.00 sys=0.00, real=0.00 secs] 
193.538: Total time for which application threads were stopped: 0.0009500 seconds, Stopping threads took: 0.0000720 seconds
193.618: Application time: 0.0805480 seconds
193.618: [GC193.618: [ParNew: 35570K->2058K(37632K), 0.0008160 secs] 48873K->15464K(121024K), 0.0008540 secs] [Times: user=0.00 sys=0.00, real=0.00 secs] 
193.619: Total time for which application threads were stopped: 0.0010110 seconds, Stopping threads took: 0.0000970 seconds
193.699: Application time: 0.0796560 seconds
193.699: [GC193.699: [ParNew: 35075K->1578K(37632K), 0.0006060 secs] 48481K->14984K(121024K), 0.0006390 secs] [Times: user=0.01 sys=0.00, real=0.00 secs] 
193.700: Total time for which application threads were stopped: 0.0007980 seconds, Stopping threads took: 0.0000990 seconds
193.779: Application time: 0.0792780 seconds
193.779: [GC193.779: [ParNew: 34589K->2120K(37632K), 0.0007630 secs] 47995K->15526K(121024K), 0.0007960 secs] [Times: user=0.00 sys=0.00, real=0.00 secs] 
193.780: Total time for which application threads were stopped: 0.0009440 seconds, Stopping threads took: 0.0000870 seconds
193.859: Application time: 0.0792580 seconds
193.859: [GC193.859: [ParNew: 35573K->1580K(37632K), 0.0006310 secs] 48979K->15050K(121024K), 0.0006620 secs] [Times: user=0.01 sys=0.00, real=0.00 secs] 
193.860: Total time for which application threads were stopped: 0.0008210 seconds, Stopping threads took: 0.0000910 seconds
193.941: Application time: 0.0807480 seconds
193.941: [GC193.941: [ParNew: 34667K->2658K(37632K), 0.0009470 secs] 48137K->16128K(121024K), 0.0009780 secs] [Times: user=0.01 sys=0.00, real=0.00 secs] 
193.942: Total time for which application threads were stopped: 0.0011120 seconds, Stopping threads took: 0.0000710 seconds
194.020: Application time: 0.0782300 seconds
194.020: [GC194.020: [ParNew: 35747K->2630K(37632K), 0.0009320 secs] 49218K->16228K(121024K), 0.0009640 secs] [Times: user=0.01 sys=0.00, real=0.00 secs] 
194.021: Total time for which application threads were stopped: 0.0010840 seconds, Stopping threads took: 0.0000570 seconds
194.103: Application time: 0.0823450 seconds
194.103: [GC194.104: [ParNew: 36087K->1546K(37632K), 0.0006650 secs] 49685K->15244K(121024K), 0.0006950 secs] [Times: user=0.00 sys=0.00, real=0.00 secs] 
194.104: Total time for which application threads were stopped: 0.0008150 seconds, Stopping threads took: 0.0000640 seconds
194.182: Application time: 0.0780990 seconds
194.182: [GC194.182: [ParNew: 34639K->1608K(37632K), 0.0006640 secs] 48337K->15306K(121024K), 0.0006920 secs] [Times: user=0.00 sys=0.00, real=0.00 secs] 
194.183: Total time for which application threads were stopped: 0.0008250 seconds, Stopping threads took: 0.0000770 seconds
194.264: Application time: 0.0809860 seconds
194.264: [GC194.264: [ParNew: 35050K->2632K(37632K), 0.0009330 secs] 48749K->16331K(121024K), 0.0009630 secs] [Times: user=0.01 sys=0.00, real=0.00 secs] 
194.265: Total time for which application threads were stopped: 0.0011110 seconds, Stopping threads took: 0.0000890 seconds
194.346: Application time: 0.0811820 seconds
194.347: [GC194.347: [ParNew: 35645K->2604K(37632K), 0.0009220 secs] 49343K->16407K(121024K), 0.0009550 secs] [Times: user=0.01 sys=0.00, real=0.01 secs] 
194.348: Total time for which application threads were stopped: 0.0010960 seconds, Stopping threads took: 0.0000800 seconds
194.429: Application time: 0.0817680 seconds
194.429: [GC194.429: [ParNew: 35621K->2090K(37632K), 0.0007910 secs] 49423K->15957K(121024K), 0.0008300 secs] [Times: user=0.00 sys=0.00, real=0.00 secs] 
194.430: Total time for which application threads were stopped: 0.0009750 seconds, Stopping threads took: 0.0000760 seconds
194.512: Application time: 0.0816910 seconds
194.512: [GC194.512: [ParNew: 35546K->1576K(37632K), 0.0006800 secs] 49413K->15442K(121024K), 0.0007120 secs] [Times: user=0.00 sys=0.00, real=0.00 secs] 
194.513: Total time for which application threads were stopped: 0.0008570 seconds, Stopping threads took: 0.0000850 seconds
194.597: Application time: 0.0845450 seconds
194.598: [GC194.598: [ParNew: 34669K->1124K(37632K), 0.0005020 secs] 48536K->14991K(121024K), 0.0005320 secs] [Times: user=0.00 sys=0.00, real=0.00 secs] 
194.598: Total time for which application threads were stopped: 0.0007160 seconds, Stopping threads took: 0.0001240 seconds
194.682: Application time: 0.0841040 seconds
194.682: [GC194.682: [ParNew: 34217K->1692K(37632K), 0.0006420 secs] 48084K->15559K(121024K), 0.0006710 secs] [Times: user=0.01 sys=0.00, real=0.00 secs] 
194.683: Total time for which application threads were stopped: 0.0008120 seconds, Stopping threads took: 0.0000810 seconds
194.769: Application time: 0.0863020 seconds
194.769: [GC194.769: [ParNew: 35138K->2204K(37632K), 0.0008750 secs] 49005K->16071K(121024K), 0.0009070 secs] [Times: user=0.00 sys=0.00, real=0.00 secs] 
194.770: Total time for which application threads were stopped: 0.0010410 seconds, Stopping threads took: 0.0000720 seconds
194.857: Application time: 0.0864380 seconds
194.857: [GC194.857: [ParNew: 35297K->2118K(37632K), 0.0008480 secs] 49164K->16173K(121024K), 0.0008800 secs] [Times: user=0.01 sys=0.00, real=0.00 secs] 
194.858: Total time for which application threads were stopped: 0.0010150 seconds, Stopping threads took: 0.0000760 seconds
194.947: Application time: 0.0887120 seconds
194.947: [GC194.947: [ParNew: 35575K->1032K(37632K), 0.0006190 secs] 49630K->15191K(121024K), 0.0006490 secs] [Times: user=0.00 sys=0.00, real=0.01 secs] 
194.947: Total time for which application threads were stopped: 0.0007670 seconds, Stopping threads took: 0.0000530 seconds
195.033: Application time: 0.0853740 seconds
195.033: [GC195.033: [ParNew: 34042K->1580K(37632K), 0.0006320 secs] 48201K->15739K(121024K), 0.0006610 secs] [Times: user=0.00 sys=0.00, real=0.00 secs] 
195.033: Total time for which application threads were stopped: 0.0008040 seconds, Stopping threads took: 0.0000820 seconds
195.119: Application time: 0.0853250 seconds
195.119: [GC195.119: [ParNew: 34593K->1606K(37632K), 0.0006470 secs] 48752K->15765K(121024K), 0.0006790 secs] [Times: user=0.01 sys=0.00, real=0.00 secs] 
195.120: Total time for which application threads were stopped: 0.0008290 seconds, Stopping threads took: 0.0000880 seconds
195.206: Application time: 0.0868700 seconds
195.207: [GC195.207: [ParNew: 35056K->1608K(37632K), 0.0006710 secs] 49215K->15767K(121024K), 0.0007020 secs] [Times: user=0.01 sys=0.00, real=0.01 secs] 
195.207: Total time for which application threads were stopped: 0.0008230 seconds, Stopping threads took: 0.0000590 seconds
195.295: Application time: 0.0873320 seconds
195.295: [GC195.295: [ParNew: 34707K->640K(37632K), 0.0004050 secs] 48866K->14799K(121024K), 0.0004320 secs] [Times: user=0.00 sys=0.00, real=0.01 secs] 
195.295: Total time for which application threads were stopped: 0.0005520 seconds, Stopping threads took: 0.0000670 seconds
195.379: Application time: 0.0838540 seconds
195.379: [GC195.379: [ParNew: 33727K->1720K(37632K), 0.0006370 secs] 47886K->15879K(121024K), 0.0006670 secs] [Times: user=0.00 sys=0.00, real=0.00 secs] 
195.380: Total time for which application threads were stopped: 0.0009060 seconds, Stopping threads took: 0.0001800 seconds
195.466: Application time: 0.0865270 seconds
195.467: [GC195.467: [ParNew: 35162K->3256K(37632K), 0.0011170 secs] 49321K->17415K(121024K), 0.0011490 secs] [Times: user=0.01 sys=0.00, real=0.01 secs] 
195.468: Total time for which application threads were stopped: 0.0012960 seconds, Stopping threads took: 0.0000630 seconds
195.554: Application time: 0.0860100 seconds
195.554: [GC195.554: [ParNew: 36355K->2120K(37632K), 0.0008300 secs] 50514K->16495K(121024K), 0.0008610 secs] [Times: user=0.01 sys=0.00, real=0.00 secs] 
195.555: Total time for which application threads were stopped: 0.0010030 seconds, Stopping threads took: 0.0000810 seconds
195.640: Application time: 0.0855620 seconds
195.641: [GC195.641: [ParNew: 35566K->3086K(37632K), 0.0010740 secs] 49942K->17573K(121024K), 0.0011040 secs] [Times: user=0.01 sys=0.00, real=0.00 secs] 
195.642: Total time for which application threads were stopped: 0.0012550 seconds, Stopping threads took: 0.0000880 seconds
195.729: Application time: 0.0869630 seconds
195.729: [GC195.729: [ParNew: 36103K->2604K(37632K), 0.0009320 secs] 50590K->17091K(121024K), 0.0009650 secs] [Times: user=0.01 sys=0.00, real=0.00 secs] 
195.730: Total time for which application threads were stopped: 0.0010950 seconds, Stopping threads took: 0.0000670 seconds
195.817: Application time: 0.0875220 seconds
195.817: [GC195.817: [ParNew: 35623K->1580K(37632K), 0.0006550 secs] 50110K->16147K(121024K), 0.0006840 secs] [Times: user=0.00 sys=0.00, real=0.00 secs] 
195.818: Total time for which application threads were stopped: 0.0008330 seconds, Stopping threads took: 0.0000880 seconds
195.903: Application time: 0.0848150 seconds
195.903: [GC195.903: [ParNew: 35026K->2088K(37632K), 0.0008440 secs] 49594K->16655K(121024K), 0.0008750 secs] [Times: user=0.01 sys=0.00, real=0.00 secs] 
195.904: Total time for which application threads were stopped: 0.0010100 seconds, Stopping threads took: 0.0000730 seconds
195.991: Application time: 0.0869160 seconds
195.991: [GC195.991: [ParNew: 35179K->2148K(37632K), 0.0007750 secs] 49746K->16715K(121024K), 0.0008060 secs] [Times: user=0.01 sys=0.00, real=0.00 secs] 
195.992: Total time for which application threads were stopped: 0.0009660 seconds, Stopping threads took: 0.0000900 seconds
196.079: Application time: 0.0872270 seconds
196.079: [GC196.079: [ParNew: 35163K->1576K(37632K), 0.0007160 secs] 49730K->16271K(121024K), 0.0007440 secs] [Times: user=0.01 sys=0.00, real=0.00 secs] 
196.080: Total time for which application threads were stopped: 0.0009450 seconds, Stopping threads took: 0.0001410 seconds
196.167: Application time: 0.0866640 seconds
196.171: [GC196.171: [ParNew: 34591K->1608K(37632K), 0.0006760 secs] 49286K->16303K(121024K), 0.0007100 secs] [Times: user=0.00 sys=0.00, real=0.00 secs] 
196.172: Total time for which application threads were stopped: 0.0052980 seconds, Stopping threads took: 0.0045270 seconds
196.258: Application time: 0.0862140 seconds
196.258: [GC196.258: [ParNew: 34701K->2176K(37632K), 0.0008440 secs] 49396K->16871K(121024K), 0.0008780 secs] [Times: user=0.01 sys=0.00, real=0.00 secs] 
196.259: Total time for which application threads were stopped: 0.0010460 seconds, Stopping threads took: 0.0001050 seconds
196.346: Application time: 0.0872780 seconds
196.347: [GC196.347: [ParNew: 35625K->2060K(37632K), 0.0008800 secs] 50320K->16919K(121024K), 0.0009100 secs] [Times: user=0.00 sys=0.00, real=0.01 secs] 
196.348: Total time for which application threads were stopped: 0.0010450 seconds, Stopping threads took: 0.0000740 seconds
196.434: Application time: 0.0867070 seconds
196.434: [GC196.434: [ParNew: 35070K->2602K(37632K), 0.0009230 secs] 49930K->17461K(121024K), 0.0009560 secs] [Times: user=0.00 sys=0.00, real=0.01 secs] 
196.435: Total time for which application threads were stopped: 0.0010930 seconds, Stopping threads took: 0.0000710 seconds
196.522: Application time: 0.0866200 seconds
196.522: [GC196.522: [ParNew: 35619K->2090K(37632K), 0.0007740 secs] 50478K->17021K(121024K), 0.0008080 secs] [Times: user=0.01 sys=0.00, real=0.00 secs] 
196.523: Total time for which application threads were stopped: 0.0009470 seconds, Stopping threads took: 0.0000670 seconds
196.608: Application time: 0.0853480 seconds
196.608: [GC196.608: [ParNew: 35103K->2120K(37632K), 0.0007740 secs] 50034K->17051K(121024K), 0.0008270 secs] [Times: user=0.01 sys=0.00, real=0.00 secs] 
196.609: Total time for which application threads were stopped: 0.0009620 seconds, Stopping threads took: 0.0000710 seconds
196.697: Application time: 0.0879710 seconds
196.697: [GC196.697: [ParNew: 35219K->1122K(37632K), 0.0005440 secs] 50151K->16125K(121024K), 0.0005740 secs] [Times: user=0.01 sys=0.00, real=0.00 secs] 
196.698: Total time for which application threads were stopped: 0.0007050 seconds, Stopping threads took: 0.0000710 seconds
196.785: Application time: 0.0870540 seconds
196.785: [GC196.785: [ParNew: 34568K->1636K(37632K), 0.0007010 secs] 49572K->16639K(121024K), 0.0007330 secs] [Times: user=0.01 sys=0.00, real=0.00 secs] 
196.786: Total time for which application threads were stopped: 0.0008790 seconds, Stopping threads took: 0.0000840 seconds
196.873: Application time: 0.0871330 seconds
196.873: [GC196.873: [ParNew: 34649K->1664K(37632K), 0.0006800 secs] 49652K->16668K(121024K), 0.0007110 secs] [Times: user=0.01 sys=0.00, real=0.00 secs] 
196.874: Total time for which application threads were stopped: 0.0008550 seconds, Stopping threads took: 0.0000830 seconds
196.960: Application time: 0.0863420 seconds
196.960: [GC196.960: [ParNew: 34759K->1206K(37632K), 0.0006430 secs] 49763K->16210K(121024K), 0.0006720 secs] [Times: user=0.00 sys=0.00, real=0.00 secs] 
196.961: Total time for which application threads were stopped: 0.0008040 seconds, Stopping threads took: 0.0000740 seconds
197.047: Application time: 0.0858550 seconds
197.047: [GC197.047: [ParNew: 34652K->1718K(37632K), 0.0007860 secs] 49656K->16722K(121024K), 0.0008170 secs] [Times: user=0.00 sys=0.00, real=0.01 secs] 
197.048: Total time for which application threads were stopped: 0.0009910 seconds, Stopping threads took: 0.0001060 seconds
197.134: Application time: 0.0864070 seconds
197.134: [GC197.134: [ParNew: 34727K->2772K(37632K), 0.0010420 secs] 49730K->17776K(121024K), 0.0010740 secs] [Times: user=0.01 sys=0.00, real=0.01 secs] 
197.135: Total time for which application threads were stopped: 0.0012610 seconds, Stopping threads took: 0.0001250 seconds
197.222: Application time: 0.0863450 seconds
197.222: [GC197.222: [ParNew: 35785K->2602K(37632K), 0.0010020 secs] 50789K->17850K(121024K), 0.0010340 secs] [Times: user=0.01 sys=0.00, real=0.00 secs] 
197.223: Total time for which application threads were stopped: 0.0011640 seconds, Stopping threads took: 0.0000680 seconds
197.310: Application time: 0.0870540 seconds
197.310: [GC197.310: [ParNew: 35617K->2088K(37632K), 0.0008260 secs] 50865K->17400K(121024K), 0.0008560 secs] [Times: user=0.00 sys=0.00, real=0.00 secs] 
197.311: Total time for which application threads were stopped: 0.0010110 seconds, Stopping threads took: 0.0000940 seconds
197.397: Application time: 0.0861370 seconds
197.397: [GC197.397: [ParNew: 35099K->2118K(37632K), 0.0007530 secs] 50411K->17430K(121024K), 0.0007860 secs] [Times: user=0.00 sys=0.00, real=0.00 secs] 
197.398: Total time for which application threads were stopped: 0.0009190 seconds, Stopping threads took: 0.0000700 seconds
197.484: Application time: 0.0863190 seconds
197.485: [GC197.485: [ParNew: 35135K->2120K(37632K), 0.0007650 secs] 50447K->17504K(121024K), 0.0008000 secs] [Times: user=0.01 sys=0.00, real=0.00 secs] 
197.485: Total time for which application threads were stopped: 0.0009750 seconds, Stopping threads took: 0.0001110 seconds
197.572: Application time: 0.0863070 seconds
197.572: [GC197.572: [ParNew: 35133K->2118K(37632K), 0.0008390 secs] 50517K->17574K(121024K), 0.0008680 secs] [Times: user=0.00 sys=0.00, real=0.00 secs] 
197.573: Total time for which application threads were stopped: 0.0009970 seconds, Stopping threads took: 0.0000630 seconds
197.658: Application time: 0.0854560 seconds
197.658: [GC197.658: [ParNew: 35205K->2660K(37632K), 0.0009360 secs] 50661K->18188K(121024K), 0.0009680 secs] [Times: user=0.00 sys=0.00, real=0.00 secs] 
197.659: Total time for which application threads were stopped: 0.0011250 seconds, Stopping threads took: 0.0000970 seconds
197.747: Application time: 0.0881230 seconds
197.748: [GC197.748: [ParNew: 36121K->1548K(37632K), 0.0007200 secs] 51649K->17200K(121024K), 0.0007610 secs] [Times: user=0.00 sys=0.00, real=0.00 secs] 
197.748: Total time for which application threads were stopped: 0.0009170 seconds, Stopping threads took: 0.0000960 seconds
197.834: Application time: 0.0852280 seconds
197.834: [GC197.834: [ParNew: 34556K->2088K(37632K), 0.0008520 secs] 50209K->17740K(121024K), 0.0008820 secs] [Times: user=0.01 sys=0.00, real=0.00 secs] 
197.835: Total time for which application threads were stopped: 0.0010230 seconds, Stopping threads took: 0.0000820 seconds
197.919: Application time: 0.0844940 seconds
197.919: [GC197.919: [ParNew: 35103K->2116K(37632K), 0.0007790 secs] 50755K->17768K(121024K), 0.0008070 secs] [Times: user=0.00 sys=0.00, real=0.00 secs] 
197.920: Total time for which application threads were stopped: 0.0009350 seconds, Stopping threads took: 0.0000690 seconds
198.007: Application time: 0.0866440 seconds
198.007: [GC198.007: [ParNew: 35129K->2118K(37632K), 0.0008020 secs] 50781K->17826K(121024K), 0.0008320 secs] [Times: user=0.01 sys=0.00, real=0.01 secs] 
198.008: Total time for which application threads were stopped: 0.0009720 seconds, Stopping threads took: 0.0000810 seconds
198.093: Application time: 0.0857280 seconds
198.094: [GC198.094: [ParNew: 35129K->1094K(37632K), 0.0004950 secs] 50837K->16874K(121024K), 0.0005250 secs] [Times: user=0.01 sys=0.00, real=0.00 secs] 
198.094: Total time for which application threads were stopped: 0.0007390 seconds, Stopping threads took: 0.0001460 seconds
198.180: Application time: 0.0861620 seconds
198.180: [GC198.180: [ParNew: 34115K->1124K(37632K), 0.0005900 secs] 49895K->16904K(121024K), 0.0006210 secs] [Times: user=0.00 sys=0.00, real=0.00 secs] 
198.181: Total time for which application threads were stopped: 0.0007520 seconds, Stopping threads took: 0.0000710 seconds
198.266: Application time: 0.0849800 seconds
198.266: [GC198.266: [ParNew: 34215K->1690K(37632K), 0.0007730 secs] 49995K->17470K(121024K), 0.0008010 secs] [Times: user=0.00 sys=0.00, real=0.00 secs] 
198.267: Total time for which application threads were stopped: 0.0009580 seconds, Stopping threads took: 0.0000970 seconds
198.352: Application time: 0.0846410 seconds
198.352: [GC198.352: [ParNew: 34699K->2232K(37632K), 0.0008420 secs] 50479K->18012K(121024K), 0.0008740 secs] [Times: user=0.01 sys=0.00, real=0.00 secs] 
198.353: Total time for which application threads were stopped: 0.0010410 seconds, Stopping threads took: 0.0001040 seconds
198.439: Application time: 0.0861040 seconds
198.439: [GC198.439: [ParNew: 35677K->3114K(37632K), 0.0011280 secs] 51457K->19078K(121024K), 0.0011620 secs] [Times: user=0.01 sys=0.00, real=0.00 secs] 
198.440: Total time for which application threads were stopped: 0.0013080 seconds, Stopping threads took: 0.0000830 seconds
198.528: Application time: 0.0875660 seconds
198.528: [GC198.528: [ParNew: 36131K->2602K(37632K), 0.0009210 secs] 52095K->18622K(121024K), 0.0009540 secs] [Times: user=0.00 sys=0.00, real=0.00 secs] 
198.529: Total time for which application threads were stopped: 0.0010850 seconds, Stopping threads took: 0.0000680 seconds
198.610: Application time: 0.0810000 seconds
198.610: [GC198.610: [ParNew: 35615K->2602K(37632K), 0.0009620 secs] 51635K->18694K(121024K), 0.0009920 secs] [Times: user=0.01 sys=0.00, real=0.00 secs] 
198.611: Total time for which application threads were stopped: 0.0011280 seconds, Stopping threads took: 0.0000690 seconds
198.692: Application time: 0.0807810 seconds
198.692: [GC198.692: [ParNew: 35615K->2604K(37632K), 0.0009070 secs] 51707K->18768K(121024K), 0.0009390 secs] [Times: user=0.01 sys=0.00, real=0.00 secs] 
198.693: Total time for which application threads were stopped: 0.0010840 seconds, Stopping threads took: 0.0000850 seconds
198.772: Application time: 0.0790210 seconds
198.772: [GC198.772: [ParNew: 35617K->2604K(37632K), 0.0009030 secs] 51781K->18816K(121024K), 0.0009340 secs] [Times: user=0.01 sys=0.00, real=0.00 secs] 
198.773: Total time for which application threads were stopped: 0.0010940 seconds, Stopping threads took: 0.0000900 seconds
198.854: Application time: 0.0808590 seconds
198.854: [GC198.854: [ParNew: 35621K->2092K(37632K), 0.0007540 secs] 51833K->18368K(121024K), 0.0007830 secs] [Times: user=0.00 sys=0.00, real=0.00 secs] 
198.855: Total time for which application threads were stopped: 0.0009160 seconds, Stopping threads took: 0.0000730 seconds
198.935: Application time: 0.0799930 seconds
198.935: [GC198.935: [ParNew: 35191K->1124K(37632K), 0.0005260 secs] 51468K->17400K(121024K), 0.0005560 secs] [Times: user=0.00 sys=0.00, real=0.01 secs] 
198.935: Total time for which application threads were stopped: 0.0007120 seconds, Stopping threads took: 0.0000980 seconds
199.015: Application time: 0.0795820 seconds
199.015: [GC199.015: [ParNew: 34132K->1664K(37632K), 0.0006530 secs] 50409K->17940K(121024K), 0.0006820 secs] [Times: user=0.01 sys=0.00, real=0.00 secs] 
199.016: Total time for which application threads were stopped: 0.0008820 seconds, Stopping threads took: 0.0001430 seconds
199.095: Application time: 0.0794200 seconds
199.095: [GC199.095: [ParNew: 35108K->3198K(37632K), 0.0011440 secs] 51385K->19474K(121024K), 0.0011750 secs] [Times: user=0.01 sys=0.00, real=0.00 secs] 
199.097: Total time for which application threads were stopped: 0.0013310 seconds, Stopping threads took: 0.0000960 seconds
199.177: Application time: 0.0800360 seconds
199.177: [GC199.177: [ParNew: 36211K->3114K(37632K), 0.0010710 secs] 52487K->19554K(121024K), 0.0011000 secs] [Times: user=0.01 sys=0.00, real=0.00 secs] 
199.178: Total time for which application threads were stopped: 0.0012440 seconds, Stopping threads took: 0.0000780 seconds
199.258: Application time: 0.0801010 seconds
199.258: [GC199.258: [ParNew: 36211K->2628K(37632K), 0.0010210 secs] 52652K->19132K(121024K), 0.0010480 secs] [Times: user=0.00 sys=0.00, real=0.00 secs] 
199.259: Total time for which application threads were stopped: 0.0011710 seconds, Stopping threads took: 0.0000670 seconds
199.340: Application time: 0.0809620 seconds
199.340: [GC199.340: [ParNew: 36083K->2058K(37632K), 0.0008550 secs] 52587K->18658K(121024K), 0.0008840 secs] [Times: user=0.01 sys=0.00, real=0.00 secs] 
199.341: Total time for which application threads were stopped: 0.0010100 seconds, Stopping threads took: 0.0000660 seconds
199.421: Application time: 0.0795130 seconds
199.421: [GC199.421: [ParNew: 35073K->2090K(37632K), 0.0007360 secs] 51673K->18690K(121024K), 0.0007650 secs] [Times: user=0.01 sys=0.00, real=0.00 secs] 
199.422: Total time for which application threads were stopped: 0.0008980 seconds, Stopping threads took: 0.0000720 seconds
199.502: Application time: 0.0809670 seconds
199.503: [GC199.503: [ParNew: 35105K->1604K(37632K), 0.0013640 secs] 51706K->18204K(121024K), 0.0013940 secs] [Times: user=0.01 sys=0.00, real=0.00 secs] 
199.504: Total time for which application threads were stopped: 0.0015190 seconds, Stopping threads took: 0.0000650 seconds
199.584: Application time: 0.0799970 seconds
199.584: [GC199.584: [ParNew: 34697K->1664K(37632K), 0.0007270 secs] 51298K->18265K(121024K), 0.0007570 secs] [Times: user=0.01 sys=0.00, real=0.00 secs] 
199.585: Total time for which application threads were stopped: 0.0008870 seconds, Stopping threads took: 0.0000740 seconds
199.664: Application time: 0.0794270 seconds
199.664: [GC199.665: [ParNew: 34675K->1690K(37632K), 0.0007320 secs] 51275K->18291K(121024K), 0.0007590 secs] [Times: user=0.01 sys=0.00, real=0.00 secs] 
199.665: Total time for which application threads were stopped: 0.0009500 seconds, Stopping threads took: 0.0001350 seconds
199.745: Application time: 0.0798470 seconds
199.745: [GC199.745: [ParNew: 35136K->2716K(37632K), 0.0009590 secs] 51737K->19317K(121024K), 0.0009890 secs] [Times: user=0.01 sys=0.00, real=0.00 secs] 
199.746: Total time for which application threads were stopped: 0.0011370 seconds, Stopping threads took: 0.0000800 seconds
199.827: Application time: 0.0811370 seconds
199.828: [GC199.828: [ParNew: 35729K->2602K(37632K), 0.0010710 secs] 52330K->19383K(121024K), 0.0011060 secs] [Times: user=0.01 sys=0.00, real=0.00 secs] 
199.829: Total time for which application threads were stopped: 0.0012530 seconds, Stopping threads took: 0.0000860 seconds
199.908: Application time: 0.0790880 seconds
199.908: [GC199.908: [ParNew: 35619K->2088K(37632K), 0.0007840 secs] 52400K->18933K(121024K), 0.0008140 secs] [Times: user=0.00 sys=0.00, real=0.00 secs] 
199.909: Total time for which application threads were stopped: 0.0009470 seconds, Stopping threads took: 0.0000740 seconds
199.990: Application time: 0.0810860 seconds
199.990: [GC199.990: [ParNew: 35105K->2118K(37632K), 0.0007820 secs] 51950K->18963K(121024K), 0.0008100 secs] [Times: user=0.01 sys=0.00, real=0.00 secs] 
199.991: Total time for which application threads were stopped: 0.0009440 seconds, Stopping threads took: 0.0000750 seconds
200.070: Application time: 0.0796910 seconds
200.071: [GC200.071: [ParNew: 35135K->1608K(37632K), 0.0006890 secs] 51980K->18517K(121024K), 0.0007200 secs] [Times: user=0.01 sys=0.00, real=0.00 secs] 
200.071: Total time for which application threads were stopped: 0.0008770 seconds, Stopping threads took: 0.0000980 seconds
200.151: Application time: 0.0799690 seconds
200.151: [GC200.151: [ParNew: 34616K->2148K(37632K), 0.0008120 secs] 51525K->19057K(121024K), 0.0008420 secs] [Times: user=0.01 sys=0.00, real=0.00 secs] 
200.152: Total time for which application threads were stopped: 0.0009760 seconds, Stopping threads took: 0.0000740 seconds
200.230: Application time: 0.0772800 seconds
200.230: [GC200.230: [ParNew: 35239K->2660K(37632K), 0.0009370 secs] 52148K->19673K(121024K), 0.0009680 secs] [Times: user=0.01 sys=0.00, real=0.00 secs] 
200.231: Total time for which application threads were stopped: 0.0011430 seconds, Stopping threads took: 0.0001130 seconds
200.311: Application time: 0.0801040 seconds
200.311: [GC200.311: [ParNew: 35673K->2604K(37632K), 0.0010390 secs] 52686K->19745K(121024K), 0.0010690 secs] [Times: user=0.00 sys=0.00, real=0.00 secs] 
200.312: Total time for which application threads were stopped: 0.0012200 seconds, Stopping threads took: 0.0000790 seconds
200.390: Application time: 0.0783410 seconds
200.391: [GC200.391: [ParNew: 36054K->2572K(37632K), 0.0009410 secs] 53196K->19777K(121024K), 0.0009720 secs] [Times: user=0.01 sys=0.00, real=0.00 secs] 
200.392: Total time for which application threads were stopped: 0.0011990 seconds, Stopping threads took: 0.0001660 seconds
200.472: Application time: 0.0806950 seconds
200.472: [GC200.472: [ParNew: 35589K->2090K(37632K), 0.0007420 secs] 52794K->19295K(121024K), 0.0007720 secs] [Times: user=0.00 sys=0.00, real=0.00 secs] 
200.473: Total time for which application threads were stopped: 0.0008960 seconds, Stopping threads took: 0.0000610 seconds
200.554: Application time: 0.0809690 seconds
200.554: [GC200.554: [ParNew: 35107K->1608K(37632K), 0.0006700 secs] 52312K->18813K(121024K), 0.0007000 secs] [Times: user=0.01 sys=0.00, real=0.00 secs] 
200.555: Total time for which application threads were stopped: 0.0008480 seconds, Stopping threads took: 0.0000890 seconds
200.635: Application time: 0.0799830 seconds
200.635: [GC200.635: [ParNew: 34623K->1124K(37632K), 0.0004880 secs] 51828K->18329K(121024K), 0.0005170 secs] [Times: user=0.00 sys=0.00, real=0.00 secs] 
200.636: Total time for which application threads were stopped: 0.0007200 seconds, Stopping threads took: 0.0001470 seconds
200.715: Application time: 0.0791470 seconds
200.715: [GC200.715: [ParNew: 34132K->1664K(37632K), 0.0006420 secs] 51338K->18869K(121024K), 0.0006720 secs] [Times: user=0.01 sys=0.00, real=0.01 secs] 
200.716: Total time for which application threads were stopped: 0.0007940 seconds, Stopping threads took: 0.0000650 seconds
200.794: Application time: 0.0784780 seconds
200.794: [GC200.794: [ParNew: 34675K->2204K(37632K), 0.0007890 secs] 51880K->19409K(121024K), 0.0008190 secs] [Times: user=0.00 sys=0.00, real=0.00 secs] 
200.795: Total time for which application threads were stopped: 0.0009630 seconds, Stopping threads took: 0.0000840 seconds
200.875: Application time: 0.0799650 seconds
200.875: [GC200.875: [ParNew: 35297K->2146K(37632K), 0.0008200 secs] 52502K->19503K(121024K), 0.0008580 secs] [Times: user=0.01 sys=0.00, real=0.00 secs] 
200.876: Total time for which application threads were stopped: 0.0010180 seconds, Stopping threads took: 0.0000890 seconds
200.955: Application time: 0.0792830 seconds
200.956: [GC200.956: [ParNew: 35161K->1578K(37632K), 0.0006550 secs] 52518K->19055K(121024K), 0.0006870 secs] [Times: user=0.01 sys=0.00, real=0.00 secs] 
200.956: Total time for which application threads were stopped: 0.0009370 seconds, Stopping threads took: 0.0001900 seconds
201.037: Application time: 0.0806360 seconds
201.037: [GC201.037: [ParNew: 35024K->2090K(37632K), 0.0007450 secs] 52502K->19567K(121024K), 0.0007750 secs] [Times: user=0.01 sys=0.00, real=0.00 secs] 
201.038: Total time for which application threads were stopped: 0.0009090 seconds, Stopping threads took: 0.0000710 seconds
201.118: Application time: 0.0801720 seconds
201.118: [GC201.118: [ParNew: 35103K->2118K(37632K), 0.0008280 secs] 52580K->19595K(121024K), 0.0008550 secs] [Times: user=0.01 sys=0.00, real=0.00 secs] 
201.119: Total time for which application threads were stopped: 0.0009950 seconds, Stopping threads took: 0.0000810 seconds
201.199: Application time: 0.0805070 seconds
201.200: [GC201.200: [ParNew: 35131K->2118K(37632K), 0.0008000 secs] 52608K->19659K(121024K), 0.0008290 secs] [Times: user=0.01 sys=0.00, real=0.00 secs] 
201.200: Total time for which application threads were stopped: 0.0009610 seconds, Stopping threads took: 0.0000740 seconds
201.279: Application time: 0.0785570 seconds
201.279: [GC201.279: [ParNew: 35131K->2118K(37632K), 0.0008500 secs] 52672K->19715K(121024K), 0.0008810 secs] [Times: user=0.01 sys=0.00, real=0.00 secs] 
201.280: Total time for which application threads were stopped: 0.0010310 seconds, Stopping threads took: 0.0000920 seconds
201.360: Application time: 0.0799670 seconds
201.360: [GC201.360: [ParNew: 35135K->1606K(37632K), 0.0006290 secs] 52732K->19259K(121024K), 0.0006610 secs] [Times: user=0.00 sys=0.00, real=0.00 secs] 
201.361: Total time for which application threads were stopped: 0.0007960 seconds, Stopping threads took: 0.0000750 seconds
201.441: Application time: 0.0798880 seconds
201.441: [GC201.441: [ParNew: 34697K->1662K(37632K), 0.0007230 secs] 52350K->19315K(121024K), 0.0007530 secs] [Times: user=0.01 sys=0.00, real=0.00 secs] 
201.442: Total time for which application threads were stopped: 0.0009030 seconds, Stopping threads took: 0.0000810 seconds
201.524: Application time: 0.0822650 seconds
201.524: [GC201.524: [ParNew: 34675K->1692K(37632K), 0.0006830 secs] 52328K->19345K(121024K), 0.0007150 secs] [Times: user=0.01 sys=0.00, real=0.00 secs] 
201.525: Total time for which application threads were stopped: 0.0008350 seconds, Stopping threads took: 0.0000600 seconds
201.605: Application time: 0.0801160 seconds
201.605: [GC201.605: [ParNew: 34703K->1720K(37632K), 0.0006490 secs] 52356K->19373K(121024K), 0.0006810 secs] [Times: user=0.00 sys=0.00, real=0.00 secs] 
201.606: Total time for which application threads were stopped: 0.0008460 seconds, Stopping threads took: 0.0001050 seconds
201.686: Application time: 0.0804640 seconds
201.686: [GC201.686: [ParNew: 35164K->2742K(37632K), 0.0010680 secs] 52818K->20395K(121024K), 0.0015780 secs] [Times: user=0.00 sys=0.00, real=0.01 secs] 
201.688: Total time for which application threads were stopped: 0.0017220 seconds, Stopping threads took: 0.0000800 seconds
201.769: Application time: 0.0809670 seconds
201.769: [GC201.769: [ParNew: 35753K->2600K(37632K), 0.0009630 secs] 53406K->20469K(121024K), 0.0009970 secs] [Times: user=0.01 sys=0.00, real=0.00 secs] 
201.770: Total time for which application threads were stopped: 0.0011440 seconds, Stopping threads took: 0.0000850 seconds
201.849: Application time: 0.0787490 seconds
201.849: [GC201.849: [ParNew: 35609K->3114K(37632K), 0.0010490 secs] 53478K->21056K(121024K), 0.0010870 secs] [Times: user=0.01 sys=0.00, real=0.00 secs] 
201.850: Total time for which application threads were stopped: 0.0012100 seconds, Stopping threads took: 0.0000610 seconds
201.931: Application time: 0.0807100 seconds
201.931: [GC201.931: [ParNew: 36129K->3114K(37632K), 0.0010640 secs] 54071K->21112K(121024K), 0.0010970 secs] [Times: user=0.01 sys=0.00, real=0.00 secs] 
201.932: Total time for which application threads were stopped: 0.0012340 seconds, Stopping threads took: 0.0000770 seconds
202.013: Application time: 0.0814180 seconds
202.013: [GC202.013: [ParNew: 36127K->3116K(37632K), 0.0010790 secs] 54125K->21186K(121024K), 0.0011110 secs] [Times: user=0.00 sys=0.00, real=0.00 secs] 
202.015: Total time for which application threads were stopped: 0.0012630 seconds, Stopping threads took: 0.0000810 seconds
202.096: Application time: 0.0814740 seconds
202.096: [GC202.096: [ParNew: 36211K->2120K(37632K), 0.0007620 secs] 54281K->20246K(121024K), 0.0007920 secs] [Times: user=0.00 sys=0.00, real=0.00 secs] 
202.097: Total time for which application threads were stopped: 0.0009410 seconds, Stopping threads took: 0.0000920 seconds
202.178: Application time: 0.0811060 seconds
202.178: [GC202.178: [ParNew: 35141K->1576K(37632K), 0.0006980 secs] 53267K->19790K(121024K), 0.0007280 secs] [Times: user=0.01 sys=0.00, real=0.00 secs] 
202.179: Total time for which application threads were stopped: 0.0008640 seconds, Stopping threads took: 0.0000810 seconds
202.259: Application time: 0.0802690 seconds
202.259: [GC202.259: [ParNew: 34588K->1608K(37632K), 0.0006580 secs] 52802K->19822K(121024K), 0.0006870 secs] [Times: user=0.00 sys=0.00, real=0.00 secs] 
202.260: Total time for which application threads were stopped: 0.0008260 seconds, Stopping threads took: 0.0000820 seconds
202.342: Application time: 0.0817580 seconds
202.342: [GC202.342: [ParNew: 35060K->584K(37632K), 0.0004020 secs] 53274K->18798K(121024K), 0.0004310 secs] [Times: user=0.01 sys=0.00, real=0.00 secs] 
202.342: Total time for which application threads were stopped: 0.0005550 seconds, Stopping threads took: 0.0000710 seconds
202.423: Application time: 0.0807040 seconds
202.423: [GC202.423: [ParNew: 33597K->1124K(37632K), 0.0004990 secs] 51810K->19338K(121024K), 0.0005270 secs] [Times: user=0.01 sys=0.00, real=0.00 secs] 
202.424: Total time for which application threads were stopped: 0.0006510 seconds, Stopping threads took: 0.0000680 seconds
202.503: Application time: 0.0789710 seconds
202.503: [GC202.503: [ParNew: 34211K->2204K(37632K), 0.0007830 secs] 52425K->20418K(121024K), 0.0008160 secs] [Times: user=0.01 sys=0.00, real=0.00 secs] 
202.504: Total time for which application threads were stopped: 0.0009570 seconds, Stopping threads took: 0.0000800 seconds
202.588: Application time: 0.0844780 seconds
202.588: [GC202.588: [ParNew: 35657K->1036K(37632K), 0.0005530 secs] 53871K->19434K(121024K), 0.0005830 secs] [Times: user=0.00 sys=0.00, real=0.00 secs] 
202.589: Total time for which application threads were stopped: 0.0007380 seconds, Stopping threads took: 0.0000870 seconds
202.675: Application time: 0.0861180 seconds
202.675: [GC202.675: [ParNew: 34048K->2090K(37632K), 0.0007520 secs] 52447K->20488K(121024K), 0.0007880 secs] [Times: user=0.00 sys=0.00, real=0.00 secs] 
202.676: Total time for which application threads were stopped: 0.0009410 seconds, Stopping threads took: 0.0000920 seconds
202.765: Application time: 0.0886890 seconds
202.765: [GC202.765: [ParNew: 35191K->1124K(37632K), 0.0005800 secs] 53589K->19522K(121024K), 0.0006110 secs] [Times: user=0.01 sys=0.00, real=0.00 secs] 
202.765: Total time for which application threads were stopped: 0.0007960 seconds, Stopping threads took: 0.0001260 seconds
202.852: Application time: 0.0868050 seconds
202.852: [GC202.852: [ParNew: 34137K->640K(37632K), 0.0004220 secs] 52535K->19038K(121024K), 0.0004500 secs] [Times: user=0.00 sys=0.00, real=0.00 secs] 
202.853: Total time for which application threads were stopped: 0.0006580 seconds, Stopping threads took: 0.0001500 seconds
202.940: Application time: 0.0867300 seconds
202.940: [GC202.940: [ParNew: 33657K->666K(37632K), 0.0004860 secs] 52055K->19064K(121024K), 0.0005240 secs] [Times: user=0.01 sys=0.00, real=0.00 secs] 
202.940: Total time for which application threads were stopped: 0.0006390 seconds, Stopping threads took: 0.0000580 seconds
203.029: Application time: 0.0889650 seconds
203.029: [GC203.029: [ParNew: 34114K->668K(37632K), 0.0004390 secs] 52512K->19066K(121024K), 0.0004690 secs] [Times: user=0.00 sys=0.00, real=0.00 secs] 
203.030: Total time for which application threads were stopped: 0.0006330 seconds, Stopping threads took: 0.0001050 seconds
203.117: Application time: 0.0872420 seconds
203.117: [GC203.117: [ParNew: 33677K->1208K(37632K), 0.0006160 secs] 52075K->19606K(121024K), 0.0006460 secs] [Times: user=0.00 sys=0.00, real=0.00 secs] 
203.118: Total time for which application threads were stopped: 0.0007750 seconds, Stopping threads took: 0.0000620 seconds
203.202: Application time: 0.0841010 seconds
203.202: [GC203.202: [ParNew: 34219K->2260K(37632K), 0.0007970 secs] 52617K->20658K(121024K), 0.0008280 secs] [Times: user=0.00 sys=0.00, real=0.00 secs] 
203.203: Total time for which application threads were stopped: 0.0009540 seconds, Stopping threads took: 0.0000640 seconds
203.289: Application time: 0.0863300 seconds
203.289: [GC203.289: [ParNew: 35279K->1604K(37632K), 0.0008020 secs] 53677K->20214K(121024K), 0.0008300 secs] [Times: user=0.01 sys=0.00, real=0.00 secs] 
203.290: Total time for which application threads were stopped: 0.0009720 seconds, Stopping threads took: 0.0000850 seconds
203.377: Application time: 0.0864130 seconds
203.377: [GC203.377: [ParNew: 34617K->2146K(37632K), 0.0008790 secs] 53227K->20756K(121024K), 0.0009110 secs] [Times: user=0.00 sys=0.00, real=0.00 secs] 
203.378: Total time for which application threads were stopped: 0.0010680 seconds, Stopping threads took: 0.0000920 seconds
203.466: Application time: 0.0879540 seconds
203.466: [GC203.466: [ParNew: 35245K->1634K(37632K), 0.0007350 secs] 53855K->20340K(121024K), 0.0007640 secs] [Times: user=0.01 sys=0.00, real=0.00 secs] 
203.467: Total time for which application threads were stopped: 0.0009030 seconds, Stopping threads took: 0.0000790 seconds
203.554: Application time: 0.0869400 seconds
203.554: [GC203.554: [ParNew: 34651K->1152K(37632K), 0.0005400 secs] 53357K->19858K(121024K), 0.0005680 secs] [Times: user=0.01 sys=0.00, real=0.00 secs] 
203.554: Total time for which application threads were stopped: 0.0007060 seconds, Stopping threads took: 0.0000770 seconds
203.639: Application time: 0.0852390 seconds
203.640: [GC203.640: [ParNew: 34161K->1692K(37632K), 0.0006480 secs] 52867K->20398K(121024K), 0.0006770 secs] [Times: user=0.00 sys=0.00, real=0.00 secs] 
203.640: Total time for which application threads were stopped: 0.0008290 seconds, Stopping threads took: 0.0000810 seconds
203.728: Application time: 0.0878240 seconds
203.728: [GC203.728: [ParNew: 35136K->2204K(37632K), 0.0008390 secs] 53843K->20910K(121024K), 0.0008740 secs] [Times: user=0.00 sys=0.00, real=0.00 secs] 
203.729: Total time for which application threads were stopped: 0.0010020 seconds, Stopping threads took: 0.0000660 seconds
203.816: Application time: 0.0863810 seconds
203.816: [GC203.816: [ParNew: 35217K->2116K(37632K), 0.0008110 secs] 53923K->20982K(121024K), 0.0008410 secs] [Times: user=0.01 sys=0.00, real=0.00 secs] 
203.817: Total time for which application threads were stopped: 0.0009830 seconds, Stopping threads took: 0.0000800 seconds
203.903: Application time: 0.0860890 seconds
203.903: [GC203.903: [ParNew: 35127K->2118K(37632K), 0.0008110 secs] 53993K->21048K(121024K), 0.0008420 secs] [Times: user=0.00 sys=0.00, real=0.00 secs] 
203.904: Total time for which application threads were stopped: 0.0010170 seconds, Stopping threads took: 0.0001120 seconds
203.990: Application time: 0.0865110 seconds
203.990: [GC203.990: [ParNew: 35131K->2118K(37632K), 0.0007800 secs] 54061K->21120K(121024K), 0.0008130 secs] [Times: user=0.01 sys=0.00, real=0.00 secs] 
203.991: Total time for which application threads were stopped: 0.0009750 seconds, Stopping threads took: 0.0000880 seconds
204.078: Application time: 0.0866130 seconds
204.079: [GC204.079: [ParNew: 35131K->1608K(37632K), 0.0007620 secs] 54133K->20674K(121024K), 0.0007940 secs] [Times: user=0.00 sys=0.00, real=0.00 secs] 
204.080: Total time for which application threads were stopped: 0.0022710 seconds, Stopping threads took: 0.0014150 seconds
204.166: Application time: 0.0856620 seconds
204.166: [GC204.166: [ParNew: 34703K->1664K(37632K), 0.0006480 secs] 53770K->20730K(121024K), 0.0006810 secs] [Times: user=0.00 sys=0.00, real=0.00 secs] 
204.167: Total time for which application threads were stopped: 0.0008400 seconds, Stopping threads took: 0.0000870 seconds
204.253: Application time: 0.0862290 seconds
204.253: [GC204.253: [ParNew: 34677K->2204K(37632K), 0.0008300 secs] 53743K->21271K(121024K), 0.0008600 secs] [Times: user=0.01 sys=0.00, real=0.00 secs] 
204.254: Total time for which application threads were stopped: 0.0010000 seconds, Stopping threads took: 0.0000790 seconds
204.339: Application time: 0.0851650 seconds
204.339: [GC204.339: [ParNew: 35221K->1606K(37632K), 0.0007100 secs] 54287K->20841K(121024K), 0.0007400 secs] [Times: user=0.00 sys=0.01, real=0.00 secs] 
204.340: Total time for which application threads were stopped: 0.0008850 seconds, Stopping threads took: 0.0000850 seconds
204.428: Application time: 0.0885860 seconds
204.428: [GC204.429: [ParNew: 35060K->1096K(37632K), 0.0005500 secs] 54295K->20331K(121024K), 0.0005790 secs] [Times: user=0.00 sys=0.00, real=0.00 secs] 
204.429: Total time for which application threads were stopped: 0.0007070 seconds, Stopping threads took: 0.0000700 seconds
204.515: Application time: 0.0861960 seconds
204.515: [GC204.515: [ParNew: 34109K->1124K(37632K), 0.0005310 secs] 53343K->20359K(121024K), 0.0005620 secs] [Times: user=0.00 sys=0.00, real=0.00 secs] 
204.516: Total time for which application threads were stopped: 0.0006960 seconds, Stopping threads took: 0.0000750 seconds
204.600: Application time: 0.0836180 seconds
204.600: [GC204.600: [ParNew: 34128K->2688K(37632K), 0.0009460 secs] 53363K->21923K(121024K), 0.0009770 secs] [Times: user=0.01 sys=0.00, real=0.00 secs] 
204.601: Total time for which application threads were stopped: 0.0012340 seconds, Stopping threads took: 0.0001940 seconds
204.685: Application time: 0.0844670 seconds
204.685: [GC204.685: [ParNew: 35697K->3626K(37632K), 0.0013700 secs] 54932K->23017K(121024K), 0.0014020 secs] [Times: user=0.01 sys=0.00, real=0.00 secs] 
204.687: Total time for which application threads were stopped: 0.0015630 seconds, Stopping threads took: 0.0000880 seconds
204.774: Application time: 0.0869990 seconds
204.774: [GC204.774: [ParNew: 36639K->3628K(37632K), 0.0012450 secs] 56030K->23083K(121024K), 0.0012770 secs] [Times: user=0.01 sys=0.00, real=0.01 secs] 
204.775: Total time for which application threads were stopped: 0.0014170 seconds, Stopping threads took: 0.0000770 seconds
204.863: Application time: 0.0877160 seconds
204.863: [GC204.863: [ParNew: 36725K->2632K(37632K), 0.0009260 secs] 56180K->22143K(121024K), 0.0009580 secs] [Times: user=0.00 sys=0.00, real=0.00 secs] 
204.864: Total time for which application threads were stopped: 0.0011210 seconds, Stopping threads took: 0.0001020 seconds
204.950: Application time: 0.0856010 seconds
204.950: [GC204.950: [ParNew: 35647K->2602K(37632K), 0.0009330 secs] 55158K->22209K(121024K), 0.0009630 secs] [Times: user=0.01 sys=0.00, real=0.00 secs] 
204.951: Total time for which application threads were stopped: 0.0010990 seconds, Stopping threads took: 0.0000740 seconds
205.042: Application time: 0.0908410 seconds
205.042: [GC205.042: [ParNew: 36067K->520K(37632K), 0.0003500 secs] 55674K->20199K(121024K), 0.0003790 secs] [Times: user=0.01 sys=0.00, real=0.00 secs] 
205.042: Total time for which application threads were stopped: 0.0006070 seconds, Stopping threads took: 0.0001660 seconds
205.128: Application time: 0.0853170 seconds
205.128: [GC205.128: [ParNew: 33528K->1574K(37632K), 0.0006260 secs] 53207K->21253K(121024K), 0.0006640 secs] [Times: user=0.00 sys=0.00, real=0.00 secs] 
205.128: Total time for which application threads were stopped: 0.0007860 seconds, Stopping threads took: 0.0000630 seconds
205.212: Application time: 0.0835630 seconds
205.212: [GC205.212: [ParNew: 34582K->2120K(37632K), 0.0007990 secs] 54262K->21799K(121024K), 0.0008280 secs] [Times: user=0.01 sys=0.00, real=0.00 secs] 
205.213: Total time for which application threads were stopped: 0.0009740 seconds, Stopping threads took: 0.0000780 seconds
205.301: Application time: 0.0882590 seconds
205.301: [GC205.301: [ParNew: 35133K->2116K(37632K), 0.0008050 secs] 54812K->21851K(121024K), 0.0008360 secs] [Times: user=0.01 sys=0.00, real=0.00 secs] 
205.302: Total time for which application threads were stopped: 0.0009800 seconds, Stopping threads took: 0.0000840 seconds
205.389: Application time: 0.0866010 seconds
205.389: [GC205.389: [ParNew: 35211K->1630K(37632K), 0.0007870 secs] 54946K->21413K(121024K), 0.0008180 secs] [Times: user=0.00 sys=0.00, real=0.00 secs] 
205.390: Total time for which application threads were stopped: 0.0009570 seconds, Stopping threads took: 0.0000830 seconds
205.476: Application time: 0.0858900 seconds
205.476: [GC205.476: [ParNew: 34642K->2176K(37632K), 0.0008430 secs] 54426K->21959K(121024K), 0.0008760 secs] [Times: user=0.00 sys=0.00, real=0.00 secs] 
205.477: Total time for which application threads were stopped: 0.0010140 seconds, Stopping threads took: 0.0000770 seconds
205.562: Application time: 0.0857760 seconds
205.563: [GC205.563: [ParNew: 35189K->2118K(37632K), 0.0008960 secs] 54972K->22037K(121024K), 0.0009290 secs] [Times: user=0.00 sys=0.00, real=0.00 secs] 
205.564: Total time for which application threads were stopped: 0.0010880 seconds, Stopping threads took: 0.0000960 seconds
205.649: Application time: 0.0854010 seconds
205.649: [GC205.649: [ParNew: 35127K->2632K(37632K), 0.0009360 secs] 55046K->22607K(121024K), 0.0009680 secs] [Times: user=0.00 sys=0.00, real=0.00 secs] 
205.650: Total time for which application threads were stopped: 0.0011130 seconds, Stopping threads took: 0.0000850 seconds
205.738: Application time: 0.0877250 seconds
205.738: [GC205.738: [ParNew: 36081K->2574K(37632K), 0.0009300 secs] 56056K->22653K(121024K), 0.0009620 secs] [Times: user=0.00 sys=0.00, real=0.00 secs] 
205.739: Total time for which application threads were stopped: 0.0011010 seconds, Stopping threads took: 0.0000670 seconds
205.825: Application time: 0.0865510 seconds
205.826: [GC205.826: [ParNew: 35585K->2602K(37632K), 0.0009620 secs] 55664K->22681K(121024K), 0.0009950 secs] [Times: user=0.00 sys=0.00, real=0.00 secs] 
205.827: Total time for which application threads were stopped: 0.0011350 seconds, Stopping threads took: 0.0000770 seconds
205.914: Application time: 0.0869530 seconds
205.914: [GC205.914: [ParNew: 36065K->2068K(37632K), 0.0007930 secs] 56144K->22203K(121024K), 0.0008260 secs] [Times: user=0.00 sys=0.00, real=0.00 secs] 
205.914: Total time for which application threads were stopped: 0.0009510 seconds, Stopping threads took: 0.0000660 seconds
206.001: Application time: 0.0865940 seconds
206.001: [GC206.001: [ParNew: 35149K->2632K(37632K), 0.0009970 secs] 55284K->22767K(121024K), 0.0010290 secs] [Times: user=0.00 sys=0.00, real=0.00 secs] 
206.002: Total time for which application threads were stopped: 0.0011860 seconds, Stopping threads took: 0.0000940 seconds
206.089: Application time: 0.0867880 seconds
206.089: [GC206.089: [ParNew: 35731K->1606K(37632K), 0.0006440 secs] 55867K->21837K(121024K), 0.0006740 secs] [Times: user=0.00 sys=0.00, real=0.00 secs] 
206.090: Total time for which application threads were stopped: 0.0008180 seconds, Stopping threads took: 0.0000840 seconds
206.175: Application time: 0.0852420 seconds
206.175: [GC206.175: [ParNew: 34617K->1632K(37632K), 0.0007500 secs] 54848K->21863K(121024K), 0.0007780 secs] [Times: user=0.01 sys=0.00, real=0.00 secs] 
206.176: Total time for which application threads were stopped: 0.0009100 seconds, Stopping threads took: 0.0000750 seconds
206.262: Application time: 0.0861790 seconds
206.262: [GC206.262: [ParNew: 34649K->1150K(37632K), 0.0006130 secs] 54880K->21381K(121024K), 0.0006520 secs] [Times: user=0.00 sys=0.00, real=0.00 secs] 
206.263: Total time for which application threads were stopped: 0.0007900 seconds, Stopping threads took: 0.0000700 seconds
206.348: Application time: 0.0850030 seconds
206.348: [GC206.348: [ParNew: 34163K->1180K(37632K), 0.0005300 secs] 54394K->21411K(121024K), 0.0005610 secs] [Times: user=0.00 sys=0.00, real=0.00 secs] 
206.349: Total time for which application threads were stopped: 0.0006780 seconds, Stopping threads took: 0.0000580 seconds
206.436: Application time: 0.0873260 seconds
206.436: [GC206.436: [ParNew: 34626K->1688K(37632K), 0.0007700 secs] 54858K->21919K(121024K), 0.0008000 secs] [Times: user=0.01 sys=0.00, real=0.00 secs] 
206.437: Total time for which application threads were stopped: 0.0009380 seconds, Stopping threads took: 0.0000780 seconds
206.526: Application time: 0.0891040 seconds
206.526: [GC206.526: [ParNew: 34707K->694K(37632K), 0.0004940 secs] 54938K->20925K(121024K), 0.0005230 secs] [Times: user=0.00 sys=0.00, real=0.00 secs] 
206.527: Total time for which application threads were stopped: 0.0006510 seconds, Stopping threads took: 0.0000690 seconds
206.609: Application time: 0.0818120 seconds
206.609: [GC206.609: [ParNew: 33709K->720K(37632K), 0.0005570 secs] 53940K->20951K(121024K), 0.0005880 secs] [Times: user=0.01 sys=0.00, real=0.00 secs] 
206.609: Total time for which application threads were stopped: 0.0007120 seconds, Stopping threads took: 0.0000680 seconds
206.686: Application time: 0.0763650 seconds
206.686: [GC206.686: [ParNew: 33720K->3312K(37632K), 0.0011210 secs] 53952K->23544K(121024K), 0.0011540 secs] [Times: user=0.01 sys=0.00, real=0.00 secs] 
206.687: Total time for which application threads were stopped: 0.0012870 seconds, Stopping threads took: 0.0000720 seconds
206.766: Application time: 0.0791460 seconds
206.766: [GC206.766: [ParNew: 36403K->3656K(37632K), 0.0012970 secs] 56635K->24095K(121024K), 0.0013390 secs] [Times: user=0.01 sys=0.00, real=0.01 secs] 
206.768: Total time for which application threads were stopped: 0.0015110 seconds, Stopping threads took: 0.0000960 seconds
206.849: Application time: 0.0813280 seconds
206.849: [GC206.849: [ParNew: 36679K->2092K(37632K), 0.0008250 secs] 57119K->22627K(121024K), 0.0008550 secs] [Times: user=0.01 sys=0.00, real=0.00 secs] 
206.850: Total time for which application threads were stopped: 0.0010070 seconds, Stopping threads took: 0.0000910 seconds
206.931: Application time: 0.0809310 seconds
206.931: [GC206.931: [ParNew: 35542K->2600K(37632K), 0.0009020 secs] 56078K->23135K(121024K), 0.0009340 secs] [Times: user=0.01 sys=0.00, real=0.00 secs] 
206.932: Total time for which application threads were stopped: 0.0010850 seconds, Stopping threads took: 0.0000940 seconds
207.013: Application time: 0.0810560 seconds
207.013: [GC207.013: [ParNew: 35701K->1090K(37632K), 0.0006000 secs] 56237K->21673K(121024K), 0.0006310 secs] [Times: user=0.00 sys=0.00, real=0.00 secs] 
207.014: Total time for which application threads were stopped: 0.0007450 seconds, Stopping threads took: 0.0000590 seconds
207.094: Application time: 0.0803390 seconds
207.094: [GC207.094: [ParNew: 34540K->1094K(37632K), 0.0005490 secs] 55124K->21677K(121024K), 0.0005790 secs] [Times: user=0.01 sys=0.00, real=0.00 secs] 
207.095: Total time for which application threads were stopped: 0.0006970 seconds, Stopping threads took: 0.0000590 seconds
207.172: Application time: 0.0774700 seconds
207.175: [GC207.175: [ParNew: 34105K->1636K(37632K), 0.0006360 secs] 54688K->22220K(121024K), 0.0006640 secs] [Times: user=0.01 sys=0.00, real=0.00 secs] 
207.176: Total time for which application threads were stopped: 0.0036230 seconds, Stopping threads took: 0.0029010 seconds
207.255: Application time: 0.0788260 seconds
207.255: [GC207.255: [ParNew: 34647K->2688K(37632K), 0.0009400 secs] 55230K->23272K(121024K), 0.0009720 secs] [Times: user=0.00 sys=0.00, real=0.01 secs] 
207.256: Total time for which application threads were stopped: 0.0011130 seconds, Stopping threads took: 0.0000720 seconds
207.336: Application time: 0.0799320 seconds
207.336: [GC207.336: [ParNew: 35787K->1608K(37632K), 0.0006840 secs] 56371K->22348K(121024K), 0.0007140 secs] [Times: user=0.01 sys=0.00, real=0.00 secs] 
207.337: Total time for which application threads were stopped: 0.0008460 seconds, Stopping threads took: 0.0000670 seconds
207.417: Application time: 0.0802010 seconds
207.417: [GC207.417: [ParNew: 34625K->1634K(37632K), 0.0006600 secs] 55364K->22374K(121024K), 0.0006910 secs] [Times: user=0.00 sys=0.00, real=0.00 secs] 
207.418: Total time for which application threads were stopped: 0.0008810 seconds, Stopping threads took: 0.0001300 seconds
207.499: Application time: 0.0812740 seconds
207.499: [GC207.499: [ParNew: 34655K->638K(37632K), 0.0004650 secs] 55395K->21378K(121024K), 0.0004950 secs] [Times: user=0.00 sys=0.00, real=0.00 secs] 
207.500: Total time for which application threads were stopped: 0.0006150 seconds, Stopping threads took: 0.0000660 seconds
207.579: Application time: 0.0792330 seconds
207.579: [GC207.579: [ParNew: 34088K->640K(37632K), 0.0004470 secs] 54828K->21380K(121024K), 0.0004770 secs] [Times: user=0.00 sys=0.00, real=0.00 secs] 
207.579: Total time for which application threads were stopped: 0.0006060 seconds, Stopping threads took: 0.0000730 seconds
207.657: Application time: 0.0771760 seconds
207.657: [GC207.657: [ParNew: 33725K->2232K(37632K), 0.0008350 secs] 54465K->22972K(121024K), 0.0008650 secs] [Times: user=0.00 sys=0.00, real=0.00 secs] 
207.658: Total time for which application threads were stopped: 0.0010180 seconds, Stopping threads took: 0.0000930 seconds
207.738: Application time: 0.0807190 seconds
207.738: [GC207.738: [ParNew: 35679K->2572K(37632K), 0.0010040 secs] 56418K->23528K(121024K), 0.0010360 secs] [Times: user=0.00 sys=0.00, real=0.00 secs] 
207.739: Total time for which application threads were stopped: 0.0011860 seconds, Stopping threads took: 0.0000890 seconds
207.819: Application time: 0.0798500 seconds
207.819: [GC207.819: [ParNew: 35595K->1578K(37632K), 0.0006870 secs] 56551K->22534K(121024K), 0.0007180 secs] [Times: user=0.01 sys=0.00, real=0.00 secs] 
207.820: Total time for which application threads were stopped: 0.0008720 seconds, Stopping threads took: 0.0000950 seconds
207.898: Application time: 0.0782870 seconds
207.899: [GC207.899: [ParNew: 34590K->1606K(37632K), 0.0006820 secs] 55547K->22562K(121024K), 0.0007120 secs] [Times: user=0.01 sys=0.00, real=0.00 secs] 
207.899: Total time for which application threads were stopped: 0.0008710 seconds, Stopping threads took: 0.0000930 seconds
207.979: Application time: 0.0800030 seconds
207.979: [GC207.979: [ParNew: 34699K->2176K(37632K), 0.0008160 secs] 55655K->23132K(121024K), 0.0008480 secs] [Times: user=0.00 sys=0.00, real=0.00 secs] 
207.980: Total time for which application threads were stopped: 0.0009760 seconds, Stopping threads took: 0.0000710 seconds
208.060: Application time: 0.0794010 seconds
208.060: [GC208.060: [ParNew: 35273K->1608K(37632K), 0.0006530 secs] 56229K->22728K(121024K), 0.0006850 secs] [Times: user=0.01 sys=0.00, real=0.00 secs] 
208.061: Total time for which application threads were stopped: 0.0008120 seconds, Stopping threads took: 0.0000690 seconds
208.141: Application time: 0.0807690 seconds
208.141: [GC208.141: [ParNew: 35060K->1094K(37632K), 0.0005230 secs] 56181K->22214K(121024K), 0.0005520 secs] [Times: user=0.01 sys=0.00, real=0.00 secs] 
208.142: Total time for which application threads were stopped: 0.0006800 seconds, Stopping threads took: 0.0000720 seconds
208.222: Application time: 0.0797710 seconds
208.222: [GC208.222: [ParNew: 34540K->1608K(37632K), 0.0006620 secs] 55660K->22728K(121024K), 0.0006910 secs] [Times: user=0.01 sys=0.00, real=0.00 secs] 
208.223: Total time for which application threads were stopped: 0.0008320 seconds, Stopping threads took: 0.0000840 seconds
208.300: Application time: 0.0777790 seconds
208.301: [GC208.301: [ParNew: 34613K->3170K(37632K), 0.0011920 secs] 55733K->24290K(121024K), 0.0012330 secs] [Times: user=0.01 sys=0.00, real=0.00 secs] 
208.302: Total time for which application threads were stopped: 0.0013710 seconds, Stopping threads took: 0.0000750 seconds
208.381: Application time: 0.0792420 seconds
208.381: [GC208.381: [ParNew: 36187K->2600K(37632K), 0.0009360 secs] 57307K->23856K(121024K), 0.0009670 secs] [Times: user=0.01 sys=0.00, real=0.00 secs] 
208.382: Total time for which application threads were stopped: 0.0011130 seconds, Stopping threads took: 0.0000870 seconds
208.462: Application time: 0.0801800 seconds
208.462: [GC208.462: [ParNew: 35615K->2602K(37632K), 0.0009900 secs] 56871K->23922K(121024K), 0.0010220 secs] [Times: user=0.00 sys=0.00, real=0.00 secs] 
208.463: Total time for which application threads were stopped: 0.0011690 seconds, Stopping threads took: 0.0000800 seconds
208.544: Application time: 0.0805240 seconds
208.544: [GC208.544: [ParNew: 35619K->2092K(37632K), 0.0008020 secs] 56939K->23476K(121024K), 0.0008340 secs] [Times: user=0.01 sys=0.00, real=0.00 secs] 
208.545: Total time for which application threads were stopped: 0.0009720 seconds, Stopping threads took: 0.0000760 seconds
208.625: Application time: 0.0803720 seconds
208.625: [GC208.626: [ParNew: 35191K->1124K(37632K), 0.0005450 secs] 56575K->22508K(121024K), 0.0005750 secs] [Times: user=0.00 sys=0.00, real=0.00 secs] 
208.626: Total time for which application threads were stopped: 0.0007280 seconds, Stopping threads took: 0.0000930 seconds
208.706: Application time: 0.0796020 seconds
208.706: [GC208.706: [ParNew: 34215K->1178K(37632K), 0.0005100 secs] 55599K->22562K(121024K), 0.0005410 secs] [Times: user=0.00 sys=0.00, real=0.00 secs] 
208.706: Total time for which application threads were stopped: 0.0006640 seconds, Stopping threads took: 0.0000660 seconds
208.786: Application time: 0.0791940 seconds
208.786: [GC208.786: [ParNew: 34624K->1692K(37632K), 0.0007120 secs] 56009K->23076K(121024K), 0.0007430 secs] [Times: user=0.00 sys=0.00, real=0.00 secs] 
208.786: Total time for which application threads were stopped: 0.0008610 seconds, Stopping threads took: 0.0000600 seconds
208.868: Application time: 0.0816450 seconds
208.868: [GC208.868: [ParNew: 35145K->1180K(37632K), 0.0005500 secs] 56529K->22564K(121024K), 0.0005800 secs] [Times: user=0.01 sys=0.00, real=0.00 secs] 
208.869: Total time for which application threads were stopped: 0.0007090 seconds, Stopping threads took: 0.0000730 seconds
208.947: Application time: 0.0783290 seconds
208.947: [GC208.947: [ParNew: 34189K->1720K(37632K), 0.0006850 secs] 55573K->23104K(121024K), 0.0007150 secs] [Times: user=0.01 sys=0.00, real=0.00 secs] 
208.948: Total time for which application threads were stopped: 0.0008650 seconds, Stopping threads took: 0.0000910 seconds
209.028: Application time: 0.0799210 seconds
209.028: [GC209.028: [ParNew: 34731K->2260K(37632K), 0.0008390 secs] 56115K->23644K(121024K), 0.0008700 secs] [Times: user=0.00 sys=0.00, real=0.00 secs] 
209.029: Total time for which application threads were stopped: 0.0010140 seconds, Stopping threads took: 0.0000740 seconds
209.109: Application time: 0.0800770 seconds
209.109: [GC209.109: [ParNew: 35273K->2118K(37632K), 0.0008290 secs] 56657K->23718K(121024K), 0.0008590 secs] [Times: user=0.01 sys=0.00, real=0.00 secs] 
209.110: Total time for which application threads were stopped: 0.0009910 seconds, Stopping threads took: 0.0000720 seconds
209.190: Application time: 0.0803760 seconds
209.190: [GC209.190: [ParNew: 35133K->1608K(37632K), 0.0006270 secs] 56733K->23272K(121024K), 0.0006590 secs] [Times: user=0.01 sys=0.00, real=0.00 secs] 
209.191: Total time for which application threads were stopped: 0.0007970 seconds, Stopping threads took: 0.0000800 seconds
209.271: Application time: 0.0801150 seconds
209.271: [GC209.271: [ParNew: 34699K->2176K(37632K), 0.0007830 secs] 56363K->23840K(121024K), 0.0008130 secs] [Times: user=0.00 sys=0.00, real=0.00 secs] 
209.272: Total time for which application threads were stopped: 0.0009510 seconds, Stopping threads took: 0.0000760 seconds
209.351: Application time: 0.0792570 seconds
209.352: [GC209.352: [ParNew: 35267K->2118K(37632K), 0.0008030 secs] 56932K->23935K(121024K), 0.0008420 secs] [Times: user=0.00 sys=0.00, real=0.00 secs] 
209.352: Total time for which application threads were stopped: 0.0009730 seconds, Stopping threads took: 0.0000700 seconds
209.432: Application time: 0.0795940 seconds
209.432: [GC209.432: [ParNew: 35568K->2058K(37632K), 0.0008300 secs] 57385K->23970K(121024K), 0.0008620 secs] [Times: user=0.00 sys=0.00, real=0.00 secs] 
209.433: Total time for which application threads were stopped: 0.0009960 seconds, Stopping threads took: 0.0000720 seconds
209.515: Application time: 0.0821130 seconds
209.515: [GC209.515: [ParNew: 35510K->1544K(37632K), 0.0006080 secs] 57423K->23456K(121024K), 0.0006410 secs] [Times: user=0.00 sys=0.00, real=0.00 secs] 
209.516: Total time for which application threads were stopped: 0.0007770 seconds, Stopping threads took: 0.0000750 seconds
209.596: Application time: 0.0799460 seconds
209.596: [GC209.596: [ParNew: 34554K->1578K(37632K), 0.0006670 secs] 56467K->23491K(121024K), 0.0006990 secs] [Times: user=0.01 sys=0.00, real=0.00 secs] 
209.597: Total time for which application threads were stopped: 0.0008440 seconds, Stopping threads took: 0.0000770 seconds
209.676: Application time: 0.0797160 seconds
209.677: [GC209.677: [ParNew: 34595K->1608K(37632K), 0.0006100 secs] 56507K->23521K(121024K), 0.0006390 secs] [Times: user=0.00 sys=0.00, real=0.00 secs] 
209.677: Total time for which application threads were stopped: 0.0007720 seconds, Stopping threads took: 0.0000720 seconds
209.758: Application time: 0.0810990 seconds
209.758: [GC209.758: [ParNew: 34703K->1152K(37632K), 0.0005180 secs] 56616K->23065K(121024K), 0.0005480 secs] [Times: user=0.01 sys=0.00, real=0.00 secs] 
209.759: Total time for which application threads were stopped: 0.0006690 seconds, Stopping threads took: 0.0000610 seconds
209.841: Application time: 0.0818710 seconds
209.841: [GC209.841: [ParNew: 34598K->1664K(37632K), 0.0006810 secs] 56511K->23577K(121024K), 0.0007130 secs] [Times: user=0.01 sys=0.00, real=0.00 secs] 
209.842: Total time for which application threads were stopped: 0.0008500 seconds, Stopping threads took: 0.0000760 seconds
209.919: Application time: 0.0771070 seconds
209.919: [GC209.919: [ParNew: 34747K->3768K(37632K), 0.0012830 secs] 56660K->25681K(121024K), 0.0013170 secs] [Times: user=0.01 sys=0.00, real=0.00 secs] 
209.920: Total time for which application threads were stopped: 0.0014650 seconds, Stopping threads took: 0.0000850 seconds
210.000: Application time: 0.0797830 seconds
210.000: [GC210.000: [ParNew: 36859K->3656K(37632K), 0.0012730 secs] 58772K->25777K(121024K), 0.0013040 secs] [Times: user=0.01 sys=0.00, real=0.00 secs] 
210.002: Total time for which application threads were stopped: 0.0014410 seconds, Stopping threads took: 0.0000750 seconds
210.084: Application time: 0.0822910 seconds
210.084: [GC210.084: [ParNew: 37113K->2572K(37632K), 0.0009520 secs] 59234K->24789K(121024K), 0.0009800 secs] [Times: user=0.01 sys=0.00, real=0.00 secs] 
210.085: Total time for which application threads were stopped: 0.0011170 seconds, Stopping threads took: 0.0000790 seconds
210.165: Application time: 0.0803000 seconds
210.165: [GC210.165: [ParNew: 36018K->3086K(37632K), 0.0011570 secs] 58235K->25303K(121024K), 0.0011880 secs] [Times: user=0.01 sys=0.00, real=0.00 secs] 
210.167: Total time for which application threads were stopped: 0.0013340 seconds, Stopping threads took: 0.0000780 seconds
210.246: Application time: 0.0799140 seconds
210.247: [GC210.247: [ParNew: 36101K->2602K(37632K), 0.0009170 secs] 58318K->24819K(121024K), 0.0009470 secs] [Times: user=0.01 sys=0.00, real=0.01 secs] 
210.248: Total time for which application threads were stopped: 0.0010850 seconds, Stopping threads took: 0.0000760 seconds
210.329: Application time: 0.0810360 seconds
210.329: [GC210.329: [ParNew: 35619K->1576K(37632K), 0.0007130 secs] 57836K->23857K(121024K), 0.0007420 secs] [Times: user=0.01 sys=0.00, real=0.00 secs] 
210.330: Total time for which application threads were stopped: 0.0009120 seconds, Stopping threads took: 0.0001040 seconds
210.407: Application time: 0.0774420 seconds
210.407: [GC210.407: [ParNew: 34665K->2658K(37632K), 0.0009860 secs] 56946K->24939K(121024K), 0.0010160 secs] [Times: user=0.00 sys=0.00, real=0.00 secs] 
210.408: Total time for which application threads were stopped: 0.0011560 seconds, Stopping threads took: 0.0000760 seconds
210.488: Application time: 0.0802150 seconds
210.488: [GC210.488: [ParNew: 35671K->2602K(37632K), 0.0009580 secs] 57952K->25003K(121024K), 0.0009900 secs] [Times: user=0.01 sys=0.00, real=0.00 secs] 
210.489: Total time for which application threads were stopped: 0.0011360 seconds, Stopping threads took: 0.0000840 seconds
210.569: Application time: 0.0794260 seconds
210.569: [GC210.569: [ParNew: 35621K->2092K(37632K), 0.0007820 secs] 58022K->24573K(121024K), 0.0008110 secs] [Times: user=0.01 sys=0.00, real=0.00 secs] 
210.570: Total time for which application threads were stopped: 0.0009500 seconds, Stopping threads took: 0.0000810 seconds
210.658: Application time: 0.0883970 seconds
210.658: [GC210.658: [ParNew: 35195K->612K(37632K), 0.0003810 secs] 57676K->23093K(121024K), 0.0004100 secs] [Times: user=0.00 sys=0.00, real=0.00 secs] 
210.659: Total time for which application threads were stopped: 0.0005910 seconds, Stopping threads took: 0.0001230 seconds
210.746: Application time: 0.0866800 seconds
210.746: [GC210.746: [ParNew: 34056K->1124K(37632K), 0.0005560 secs] 56537K->23605K(121024K), 0.0005850 secs] [Times: user=0.01 sys=0.00, real=0.00 secs] 
210.746: Total time for which application threads were stopped: 0.0007230 seconds, Stopping threads took: 0.0000710 seconds
210.833: Application time: 0.0865050 seconds
210.833: [GC210.833: [ParNew: 34572K->1122K(37632K), 0.0005880 secs] 57054K->23603K(121024K), 0.0006160 secs] [Times: user=0.00 sys=0.00, real=0.00 secs] 
210.834: Total time for which application threads were stopped: 0.0007820 seconds, Stopping threads took: 0.0001120 seconds
210.920: Application time: 0.0866570 seconds
210.920: [GC210.920: [ParNew: 34134K->1152K(37632K), 0.0004950 secs] 56616K->23633K(121024K), 0.0005230 secs] [Times: user=0.00 sys=0.00, real=0.00 secs] 
210.921: Total time for which application threads were stopped: 0.0007180 seconds, Stopping threads took: 0.0001390 seconds
211.007: Application time: 0.0856180 seconds
211.007: [GC211.007: [ParNew: 34163K->1692K(37632K), 0.0006920 secs] 56644K->24173K(121024K), 0.0007230 secs] [Times: user=0.01 sys=0.00, real=0.01 secs] 
211.007: Total time for which application threads were stopped: 0.0008560 seconds, Stopping threads took: 0.0000740 seconds
211.093: Application time: 0.0856160 seconds
211.093: [GC211.093: [ParNew: 34781K->2770K(37632K), 0.0010770 secs] 57262K->25251K(121024K), 0.0011070 secs] [Times: user=0.01 sys=0.00, real=0.00 secs] 
211.094: Total time for which application threads were stopped: 0.0012610 seconds, Stopping threads took: 0.0000930 seconds
211.181: Application time: 0.0867280 seconds
211.181: [GC211.181: [ParNew: 35787K->2090K(37632K), 0.0008660 secs] 58268K->24815K(121024K), 0.0008970 secs] [Times: user=0.01 sys=0.00, real=0.00 secs] 
211.182: Total time for which application threads were stopped: 0.0010230 seconds, Stopping threads took: 0.0000660 seconds
211.270: Application time: 0.0875800 seconds
211.270: [GC211.270: [ParNew: 35111K->1096K(37632K), 0.0005150 secs] 57836K->23821K(121024K), 0.0005450 secs] [Times: user=0.00 sys=0.00, real=0.00 secs] 
211.270: Total time for which application threads were stopped: 0.0006900 seconds, Stopping threads took: 0.0000790 seconds
211.357: Application time: 0.0867030 seconds
211.357: [GC211.357: [ParNew: 34187K->1152K(37632K), 0.0005180 secs] 56912K->23877K(121024K), 0.0005480 secs] [Times: user=0.00 sys=0.00, real=0.00 secs] 
211.358: Total time for which application threads were stopped: 0.0006910 seconds, Stopping threads took: 0.0000820 seconds
211.445: Application time: 0.0869830 seconds
211.445: [GC211.445: [ParNew: 34598K->1664K(37632K), 0.0007190 secs] 57324K->24389K(121024K), 0.0007700 secs] [Times: user=0.00 sys=0.00, real=0.00 secs] 
211.446: Total time for which application threads were stopped: 0.0014420 seconds, Stopping threads took: 0.0006030 seconds
211.534: Application time: 0.0875020 seconds
211.534: [GC211.534: [ParNew: 35114K->1664K(37632K), 0.0007660 secs] 57840K->24389K(121024K), 0.0007970 secs] [Times: user=0.01 sys=0.00, real=0.00 secs] 
211.535: Total time for which application threads were stopped: 0.0009310 seconds, Stopping threads took: 0.0000730 seconds
211.621: Application time: 0.0863800 seconds
211.621: [GC211.621: [ParNew: 34675K->1690K(37632K), 0.0007480 secs] 57400K->24415K(121024K), 0.0007760 secs] [Times: user=0.00 sys=0.00, real=0.00 secs] 
211.622: Total time for which application threads were stopped: 0.0009100 seconds, Stopping threads took: 0.0000750 seconds
211.705: Application time: 0.0833530 seconds
211.705: [GC211.705: [ParNew: 34697K->3256K(37632K), 0.0010970 secs] 57422K->25982K(121024K), 0.0011300 secs] [Times: user=0.01 sys=0.00, real=0.00 secs] 
211.706: Total time for which application threads were stopped: 0.0012600 seconds, Stopping threads took: 0.0000670 seconds
211.793: Application time: 0.0864680 seconds
211.793: [GC211.793: [ParNew: 36349K->3144K(37632K), 0.0011950 secs] 59075K->26082K(121024K), 0.0012400 secs] [Times: user=0.01 sys=0.00, real=0.00 secs] 
211.794: Total time for which application threads were stopped: 0.0013810 seconds, Stopping threads took: 0.0000700 seconds
211.882: Application time: 0.0881260 seconds
211.883: [GC211.883: [ParNew: 36157K->3114K(37632K), 0.0012160 secs] 59094K->26148K(121024K), 0.0012500 secs] [Times: user=0.01 sys=0.00, real=0.00 secs] 
211.884: Total time for which application threads were stopped: 0.0013880 seconds, Stopping threads took: 0.0000730 seconds
211.972: Application time: 0.0878690 seconds
211.972: [GC211.972: [ParNew: 36215K->1606K(37632K), 0.0007090 secs] 59249K->24712K(121024K), 0.0007410 secs] [Times: user=0.01 sys=0.00, real=0.00 secs] 
211.973: Total time for which application threads were stopped: 0.0008750 seconds, Stopping threads took: 0.0000740 seconds
212.058: Application time: 0.0856430 seconds
212.058: [GC212.058: [ParNew: 34621K->1634K(37632K), 0.0007480 secs] 57726K->24740K(121024K), 0.0007790 secs] [Times: user=0.01 sys=0.01, real=0.00 secs] 
212.059: Total time for which application threads were stopped: 0.0009260 seconds, Stopping threads took: 0.0000880 seconds
212.147: Application time: 0.0881170 seconds
212.147: [GC212.147: [ParNew: 35091K->612K(37632K), 0.0003880 secs] 58196K->23718K(121024K), 0.0004170 secs] [Times: user=0.00 sys=0.00, real=0.00 secs] 
212.148: Total time for which application threads were stopped: 0.0006200 seconds, Stopping threads took: 0.0001460 seconds
212.235: Application time: 0.0874060 seconds
212.235: [GC212.235: [ParNew: 34058K->1122K(37632K), 0.0005030 secs] 57164K->24228K(121024K), 0.0005350 secs] [Times: user=0.01 sys=0.00, real=0.00 secs] 
212.236: Total time for which application threads were stopped: 0.0006700 seconds, Stopping threads took: 0.0000730 seconds
212.321: Application time: 0.0854760 seconds
212.322: [GC212.322: [ParNew: 34132K->1664K(37632K), 0.0006330 secs] 57238K->24770K(121024K), 0.0006650 secs] [Times: user=0.00 sys=0.00, real=0.00 secs] 
212.322: Total time for which application threads were stopped: 0.0008000 seconds, Stopping threads took: 0.0000680 seconds
212.405: Application time: 0.0831550 seconds
212.406: [GC212.406: [ParNew: 34671K->3224K(37632K), 0.0012220 secs] 57776K->26330K(121024K), 0.0012550 secs] [Times: user=0.00 sys=0.00, real=0.00 secs] 
212.407: Total time for which application threads were stopped: 0.0013940 seconds, Stopping threads took: 0.0000770 seconds
212.494: Application time: 0.0868290 seconds
212.494: [GC212.494: [ParNew: 36317K->2632K(37632K), 0.0010350 secs] 59423K->25926K(121024K), 0.0010680 secs] [Times: user=0.01 sys=0.00, real=0.00 secs] 
212.495: Total time for which application threads were stopped: 0.0012040 seconds, Stopping threads took: 0.0000720 seconds
212.582: Application time: 0.0876200 seconds
212.583: [GC212.583: [ParNew: 35645K->2602K(37632K), 0.0009560 secs] 58939K->26008K(121024K), 0.0010020 secs] [Times: user=0.01 sys=0.00, real=0.00 secs] 
212.584: Total time for which application threads were stopped: 0.0011340 seconds, Stopping threads took: 0.0000660 seconds
212.672: Application time: 0.0882270 seconds
212.672: [GC212.672: [ParNew: 35699K->1608K(37632K), 0.0006710 secs] 59105K->25078K(121024K), 0.0007030 secs] [Times: user=0.01 sys=0.00, real=0.00 secs] 
212.673: Total time for which application threads were stopped: 0.0008330 seconds, Stopping threads took: 0.0000700 seconds
212.759: Application time: 0.0858860 seconds
212.759: [GC212.759: [ParNew: 35058K->1606K(37632K), 0.0006830 secs] 58528K->25076K(121024K), 0.0007190 secs] [Times: user=0.01 sys=0.00, real=0.00 secs] 
212.759: Total time for which application threads were stopped: 0.0008750 seconds, Stopping threads took: 0.0000930 seconds
212.846: Application time: 0.0867820 seconds
212.846: [GC212.846: [ParNew: 34627K->612K(37632K), 0.0004530 secs] 58097K->24082K(121024K), 0.0004810 secs] [Times: user=0.00 sys=0.00, real=0.00 secs] 
212.847: Total time for which application threads were stopped: 0.0006240 seconds, Stopping threads took: 0.0000720 seconds
212.934: Application time: 0.0874240 seconds
212.934: [GC212.934: [ParNew: 34062K->610K(37632K), 0.0004590 secs] 57532K->24080K(121024K), 0.0004870 secs] [Times: user=0.00 sys=0.00, real=0.00 secs] 
212.935: Total time for which application threads were stopped: 0.0006250 seconds, Stopping threads took: 0.0000820 seconds
213.021: Application time: 0.0857650 seconds
213.021: [GC213.021: [ParNew: 34050K->2148K(37632K), 0.0007720 secs] 57520K->25618K(121024K), 0.0008030 secs] [Times: user=0.01 sys=0.00, real=0.00 secs] 
213.022: Total time for which application threads were stopped: 0.0009520 seconds, Stopping threads took: 0.0000880 seconds
213.107: Application time: 0.0853710 seconds
213.107: [GC213.107: [ParNew: 35321K->1664K(37632K), 0.0006620 secs] 58791K->25238K(121024K), 0.0006910 secs] [Times: user=0.00 sys=0.00, real=0.00 secs] 
213.108: Total time for which application threads were stopped: 0.0008540 seconds, Stopping threads took: 0.0001030 seconds
213.194: Application time: 0.0857000 seconds
213.194: [GC213.194: [ParNew: 34675K->2204K(37632K), 0.0008220 secs] 58249K->25778K(121024K), 0.0008530 secs] [Times: user=0.01 sys=0.00, real=0.00 secs] 
213.195: Total time for which application threads were stopped: 0.0009950 seconds, Stopping threads took: 0.0000800 seconds
213.283: Application time: 0.0880170 seconds
213.283: [GC213.283: [ParNew: 35223K->1608K(37632K), 0.0006670 secs] 58797K->25338K(121024K), 0.0006990 secs] [Times: user=0.00 sys=0.00, real=0.00 secs] 
213.283: Total time for which application threads were stopped: 0.0008400 seconds, Stopping threads took: 0.0000790 seconds
213.369: Application time: 0.0858710 seconds
213.369: [GC213.370: [ParNew: 34703K->1152K(37632K), 0.0004980 secs] 58433K->24882K(121024K), 0.0005290 secs] [Times: user=0.01 sys=0.00, real=0.00 secs] 
213.370: Total time for which application threads were stopped: 0.0007520 seconds, Stopping threads took: 0.0001540 seconds
213.458: Application time: 0.0882940 seconds
213.458: [GC213.458: [ParNew: 34600K->640K(37632K), 0.0004510 secs] 58331K->24370K(121024K), 0.0004780 secs] [Times: user=0.00 sys=0.00, real=0.00 secs] 
213.459: Total time for which application threads were stopped: 0.0006160 seconds, Stopping threads took: 0.0000810 seconds
213.543: Application time: 0.0836430 seconds
213.543: [GC213.543: [ParNew: 33649K->2204K(37632K), 0.0008560 secs] 57379K->25934K(121024K), 0.0008880 secs] [Times: user=0.01 sys=0.00, real=0.00 secs] 
213.544: Total time for which application threads were stopped: 0.0010270 seconds, Stopping threads took: 0.0000800 seconds
213.630: Application time: 0.0867560 seconds
213.631: [GC213.631: [ParNew: 35649K->2600K(37632K), 0.0010250 secs] 59379K->26482K(121024K), 0.0010610 secs] [Times: user=0.01 sys=0.00, real=0.00 secs] 
213.632: Total time for which application threads were stopped: 0.0012040 seconds, Stopping threads took: 0.0000690 seconds
213.722: Application time: 0.0900530 seconds
213.722: [GC213.722: [ParNew: 36061K->518K(37632K), 0.0005920 secs] 59943K->24464K(121024K), 0.0006230 secs] [Times: user=0.00 sys=0.00, real=0.00 secs] 
213.723: Total time for which application threads were stopped: 0.0009250 seconds, Stopping threads took: 0.0002210 seconds
213.807: Application time: 0.0844540 seconds
213.807: [GC213.807: [ParNew: 33685K->2146K(37632K), 0.0007870 secs] 57631K->26092K(121024K), 0.0008220 secs] [Times: user=0.00 sys=0.00, real=0.00 secs] 
213.808: Total time for which application threads were stopped: 0.0010070 seconds, Stopping threads took: 0.0001210 seconds
213.894: Application time: 0.0856260 seconds
213.894: [GC213.894: [ParNew: 35159K->2092K(37632K), 0.0008010 secs] 59105K->26166K(121024K), 0.0008340 secs] [Times: user=0.00 sys=0.00, real=0.00 secs] 
213.895: Total time for which application threads were stopped: 0.0009970 seconds, Stopping threads took: 0.0000890 seconds
213.982: Application time: 0.0874600 seconds
213.982: [GC213.982: [ParNew: 35113K->1096K(37632K), 0.0005350 secs] 59187K->25170K(121024K), 0.0005650 secs] [Times: user=0.01 sys=0.00, real=0.00 secs] 
213.983: Total time for which application threads were stopped: 0.0007050 seconds, Stopping threads took: 0.0000790 seconds
214.069: Application time: 0.0859540 seconds
214.069: [GC214.069: [ParNew: 34189K->1150K(37632K), 0.0005370 secs] 58263K->25224K(121024K), 0.0005650 secs] [Times: user=0.01 sys=0.00, real=0.00 secs] 
214.070: Total time for which application threads were stopped: 0.0007100 seconds, Stopping threads took: 0.0000870 seconds
214.156: Application time: 0.0860130 seconds
214.156: [GC214.156: [ParNew: 34594K->1660K(37632K), 0.0007790 secs] 58669K->25734K(121024K), 0.0008090 secs] [Times: user=0.00 sys=0.00, real=0.00 secs] 
214.157: Total time for which application threads were stopped: 0.0010510 seconds, Stopping threads took: 0.0001810 seconds
214.242: Application time: 0.0857020 seconds
214.242: [GC214.242: [ParNew: 34677K->1180K(37632K), 0.0006140 secs] 58751K->25254K(121024K), 0.0006460 secs] [Times: user=0.00 sys=0.00, real=0.00 secs] 
214.243: Total time for which application threads were stopped: 0.0007810 seconds, Stopping threads took: 0.0000690 seconds
214.329: Application time: 0.0861940 seconds
214.329: [GC214.329: [ParNew: 34624K->2716K(37632K), 0.0009360 secs] 58699K->26790K(121024K), 0.0009660 secs] [Times: user=0.01 sys=0.00, real=0.00 secs] 
214.330: Total time for which application threads were stopped: 0.0011080 seconds, Stopping threads took: 0.0000810 seconds
214.416: Application time: 0.0853290 seconds
214.416: [GC214.416: [ParNew: 36161K->3086K(37632K), 0.0011110 secs] 60235K->27344K(121024K), 0.0011440 secs] [Times: user=0.01 sys=0.00, real=0.00 secs] 
214.417: Total time for which application threads were stopped: 0.0012920 seconds, Stopping threads took: 0.0000730 seconds
214.504: Application time: 0.0871720 seconds
214.504: [GC214.504: [ParNew: 36263K->2660K(37632K), 0.0009300 secs] 60522K->26919K(121024K), 0.0009630 secs] [Times: user=0.01 sys=0.00, real=0.00 secs] 
214.505: Total time for which application threads were stopped: 0.0011140 seconds, Stopping threads took: 0.0000850 seconds
214.590: Application time: 0.0851920 seconds
214.591: [GC214.591: [ParNew: 35755K->2630K(37632K), 0.0009440 secs] 60014K->27025K(121024K), 0.0009770 secs] [Times: user=0.01 sys=0.00, real=0.00 secs] 
214.592: Total time for which application threads were stopped: 0.0011240 seconds, Stopping threads took: 0.0000860 seconds
214.673: Application time: 0.0813450 seconds
214.673: [GC214.673: [ParNew: 35653K->1066K(37632K), 0.0004990 secs] 60048K->25573K(121024K), 0.0005300 secs] [Times: user=0.00 sys=0.00, real=0.00 secs] 
214.674: Total time for which application threads were stopped: 0.0006570 seconds, Stopping threads took: 0.0000700 seconds
214.753: Application time: 0.0797820 seconds
214.754: [GC214.754: [ParNew: 34512K->1580K(37632K), 0.0006180 secs] 59019K->26087K(121024K), 0.0006580 secs] [Times: user=0.00 sys=0.00, real=0.00 secs] 
214.754: Total time for which application threads were stopped: 0.0007890 seconds, Stopping threads took: 0.0000710 seconds
214.832: Application time: 0.0778440 seconds
214.832: [GC214.832: [ParNew: 34591K->2118K(37632K), 0.0008470 secs] 59097K->26625K(121024K), 0.0008770 secs] [Times: user=0.00 sys=0.00, real=0.00 secs] 
214.833: Total time for which application threads were stopped: 0.0010080 seconds, Stopping threads took: 0.0000740 seconds
214.912: Application time: 0.0788900 seconds
214.912: [GC214.912: [ParNew: 35131K->2118K(37632K), 0.0007870 secs] 59638K->26697K(121024K), 0.0008180 secs] [Times: user=0.00 sys=0.00, real=0.00 secs] 
214.913: Total time for which application threads were stopped: 0.0009500 seconds, Stopping threads took: 0.0000730 seconds
214.996: Application time: 0.0828060 seconds
214.996: [GC214.996: [ParNew: 35571K->1578K(37632K), 0.0006740 secs] 60149K->26221K(121024K), 0.0007040 secs] [Times: user=0.00 sys=0.00, real=0.00 secs] 
214.997: Total time for which application threads were stopped: 0.0008430 seconds, Stopping threads took: 0.0000730 seconds
215.076: Application time: 0.0799060 seconds
215.077: [GC215.077: [ParNew: 35024K->2092K(37632K), 0.0007470 secs] 59667K->26735K(121024K), 0.0007780 secs] [Times: user=0.00 sys=0.00, real=0.00 secs] 
215.077: Total time for which application threads were stopped: 0.0009180 seconds, Stopping threads took: 0.0000790 seconds
215.158: Application time: 0.0802850 seconds
215.158: [GC215.158: [ParNew: 35263K->1662K(37632K), 0.0007430 secs] 59906K->26305K(121024K), 0.0007710 secs] [Times: user=0.00 sys=0.00, real=0.00 secs] 
215.159: Total time for which application threads were stopped: 0.0008970 seconds, Stopping threads took: 0.0000700 seconds
215.238: Application time: 0.0791770 seconds
215.238: [GC215.238: [ParNew: 34675K->2202K(37632K), 0.0008720 secs] 59318K->26845K(121024K), 0.0008990 secs] [Times: user=0.01 sys=0.00, real=0.00 secs] 
215.239: Total time for which application threads were stopped: 0.0010600 seconds, Stopping threads took: 0.0001020 seconds
215.318: Application time: 0.0795290 seconds
215.318: [GC215.318: [ParNew: 35297K->2148K(37632K), 0.0008300 secs] 59940K->26951K(121024K), 0.0008610 secs] [Times: user=0.01 sys=0.00, real=0.00 secs] 
215.319: Total time for which application threads were stopped: 0.0010140 seconds, Stopping threads took: 0.0000930 seconds
215.398: Application time: 0.0790610 seconds
215.399: [GC215.399: [ParNew: 35594K->2060K(37632K), 0.0007980 secs] 60397K->26999K(121024K), 0.0008270 secs] [Times: user=0.01 sys=0.00, real=0.00 secs] 
215.399: Total time for which application threads were stopped: 0.0010280 seconds, Stopping threads took: 0.0001430 seconds
215.479: Application time: 0.0799990 seconds
215.480: [GC215.480: [ParNew: 35075K->2604K(37632K), 0.0009190 secs] 60014K->27543K(121024K), 0.0009480 secs] [Times: user=0.00 sys=0.00, real=0.00 secs] 
215.481: Total time for which application threads were stopped: 0.0010850 seconds, Stopping threads took: 0.0000770 seconds
215.560: Application time: 0.0799390 seconds
215.561: [GC215.561: [ParNew: 35617K->2604K(37632K), 0.0009490 secs] 60556K->27615K(121024K), 0.0009830 secs] [Times: user=0.01 sys=0.00, real=0.00 secs] 
215.562: Total time for which application threads were stopped: 0.0011510 seconds, Stopping threads took: 0.0000980 seconds
215.642: Application time: 0.0807090 seconds
215.642: [GC215.642: [ParNew: 36054K->2574K(37632K), 0.0009310 secs] 61066K->27649K(121024K), 0.0009600 secs] [Times: user=0.00 sys=0.00, real=0.00 secs] 
215.643: Total time for which application threads were stopped: 0.0011110 seconds, Stopping threads took: 0.0000910 seconds
215.726: Application time: 0.0821980 seconds
215.726: [GC215.726: [ParNew: 36033K->1546K(37632K), 0.0006010 secs] 61108K->26621K(121024K), 0.0006330 secs] [Times: user=0.00 sys=0.00, real=0.00 secs] 
215.726: Total time for which application threads were stopped: 0.0008490 seconds, Stopping threads took: 0.0001570 seconds
215.807: Application time: 0.0801700 seconds
215.807: [GC215.807: [ParNew: 34725K->1124K(37632K), 0.0005160 secs] 59800K->26199K(121024K), 0.0005550 secs] [Times: user=0.00 sys=0.00, real=0.01 secs] 
215.807: Total time for which application threads were stopped: 0.0006860 seconds, Stopping threads took: 0.0000710 seconds
215.886: Application time: 0.0782610 seconds
215.886: [GC215.886: [ParNew: 34134K->1664K(37632K), 0.0006600 secs] 59210K->26739K(121024K), 0.0006910 secs] [Times: user=0.00 sys=0.00, real=0.00 secs] 
215.886: Total time for which application threads were stopped: 0.0008230 seconds, Stopping threads took: 0.0000740 seconds
215.966: Application time: 0.0796730 seconds
215.966: [GC215.966: [ParNew: 34753K->1716K(37632K), 0.0007690 secs] 59828K->26791K(121024K), 0.0007960 secs] [Times: user=0.00 sys=0.00, real=0.00 secs] 
215.967: Total time for which application threads were stopped: 0.0009360 seconds, Stopping threads took: 0.0000820 seconds
216.045: Application time: 0.0779170 seconds
216.045: [GC216.045: [ParNew: 34727K->2770K(37632K), 0.0010410 secs] 59802K->27845K(121024K), 0.0010700 secs] [Times: user=0.01 sys=0.00, real=0.00 secs] 
216.046: Total time for which application threads were stopped: 0.0011980 seconds, Stopping threads took: 0.0000720 seconds
216.126: Application time: 0.0798180 seconds
216.126: [GC216.126: [ParNew: 36221K->2574K(37632K), 0.0010350 secs] 61296K->27889K(121024K), 0.0010680 secs] [Times: user=0.00 sys=0.00, real=0.01 secs] 
216.127: Total time for which application threads were stopped: 0.0012170 seconds, Stopping threads took: 0.0000820 seconds
216.208: Application time: 0.0811200 seconds
216.208: [GC216.208: [ParNew: 35587K->2602K(37632K), 0.0009090 secs] 60902K->27917K(121024K), 0.0009420 secs] [Times: user=0.01 sys=0.00, real=0.00 secs] 
216.209: Total time for which application threads were stopped: 0.0010950 seconds, Stopping threads took: 0.0000890 seconds
216.293: Application time: 0.0836410 seconds
216.295: [GC216.295: [ParNew: 36059K->522K(37632K), 0.0003560 secs] 61374K->25909K(121024K), 0.0003830 secs] [Times: user=0.01 sys=0.00, real=0.00 secs] 
216.296: Total time for which application threads were stopped: 0.0025050 seconds, Stopping threads took: 0.0020650 seconds
216.375: Application time: 0.0795040 seconds
216.375: [GC216.375: [ParNew: 33966K->2572K(37632K), 0.0009960 secs] 59353K->27959K(121024K), 0.0010280 secs] [Times: user=0.01 sys=0.00, real=0.00 secs] 
216.376: Total time for which application threads were stopped: 0.0011550 seconds, Stopping threads took: 0.0000680 seconds
216.455: Application time: 0.0790350 seconds
216.455: [GC216.455: [ParNew: 35743K->3172K(37632K), 0.0010290 secs] 61131K->28559K(121024K), 0.0010590 secs] [Times: user=0.01 sys=0.00, real=0.00 secs] 
216.456: Total time for which application threads were stopped: 0.0011890 seconds, Stopping threads took: 0.0000700 seconds
216.538: Application time: 0.0811550 seconds
216.538: [GC216.538: [ParNew: 36273K->1604K(37632K), 0.0006970 secs] 61661K->27119K(121024K), 0.0007250 secs] [Times: user=0.01 sys=0.00, real=0.00 secs] 
216.538: Total time for which application threads were stopped: 0.0008600 seconds, Stopping threads took: 0.0000790 seconds
216.617: Application time: 0.0787640 seconds
216.617: [GC216.617: [ParNew: 34615K->2148K(37632K), 0.0007950 secs] 60130K->27663K(121024K), 0.0008270 secs] [Times: user=0.01 sys=0.00, real=0.00 secs] 
216.618: Total time for which application threads were stopped: 0.0009570 seconds, Stopping threads took: 0.0000700 seconds
216.699: Application time: 0.0810530 seconds
216.699: [GC216.699: [ParNew: 35599K->2092K(37632K), 0.0007860 secs] 61114K->27719K(121024K), 0.0008160 secs] [Times: user=0.01 sys=0.00, real=0.00 secs] 
216.700: Total time for which application threads were stopped: 0.0009550 seconds, Stopping threads took: 0.0000700 seconds
216.780: Application time: 0.0799440 seconds
216.780: [GC216.780: [ParNew: 35109K->1606K(37632K), 0.0006580 secs] 60736K->27233K(121024K), 0.0006970 secs] [Times: user=0.00 sys=0.00, real=0.00 secs] 
216.781: Total time for which application threads were stopped: 0.0009150 seconds, Stopping threads took: 0.0001600 seconds
216.859: Application time: 0.0776850 seconds
216.859: [GC216.859: [ParNew: 34613K->2660K(37632K), 0.0009440 secs] 60240K->28287K(121024K), 0.0016130 secs] [Times: user=0.01 sys=0.00, real=0.00 secs] 
216.861: Total time for which application threads were stopped: 0.0018630 seconds, Stopping threads took: 0.0001870 seconds
216.943: Application time: 0.0822500 seconds
216.943: [GC216.943: [ParNew: 36117K->1548K(37632K), 0.0007300 secs] 61744K->27299K(121024K), 0.0007640 secs] [Times: user=0.00 sys=0.00, real=0.00 secs] 
216.944: Total time for which application threads were stopped: 0.0009280 seconds, Stopping threads took: 0.0001050 seconds
217.028: Application time: 0.0839610 seconds
217.028: [GC217.028: [ParNew: 35004K->518K(37632K), 0.0003680 secs] 60756K->26269K(121024K), 0.0003950 secs] [Times: user=0.01 sys=0.00, real=0.00 secs] 
217.028: Total time for which application threads were stopped: 0.0005340 seconds, Stopping threads took: 0.0000840 seconds
217.107: Application time: 0.0781990 seconds
217.107: [GC217.107: [ParNew: 33765K->1150K(37632K), 0.0005110 secs] 59517K->26902K(121024K), 0.0005410 secs] [Times: user=0.01 sys=0.00, real=0.01 secs] 
217.107: Total time for which application threads were stopped: 0.0006990 seconds, Stopping threads took: 0.0001010 seconds
217.186: Application time: 0.0784190 seconds
217.186: [GC217.186: [ParNew: 34160K->1692K(37632K), 0.0006610 secs] 59912K->27444K(121024K), 0.0006910 secs] [Times: user=0.01 sys=0.00, real=0.00 secs] 
217.186: Total time for which application threads were stopped: 0.0008190 seconds, Stopping threads took: 0.0000680 seconds
217.265: Application time: 0.0788820 seconds
217.265: [GC217.265: [ParNew: 34703K->2232K(37632K), 0.0008650 secs] 60454K->27984K(121024K), 0.0008960 secs] [Times: user=0.01 sys=0.00, real=0.00 secs] 
217.266: Total time for which application threads were stopped: 0.0010300 seconds, Stopping threads took: 0.0000640 seconds
217.348: Application time: 0.0812880 seconds
217.348: [GC217.348: [ParNew: 35687K->1576K(37632K), 0.0006780 secs] 61438K->27516K(121024K), 0.0007100 secs] [Times: user=0.01 sys=0.00, real=0.00 secs] 
217.348: Total time for which application threads were stopped: 0.0008350 seconds, Stopping threads took: 0.0000670 seconds
217.428: Application time: 0.0798260 seconds
217.429: [GC217.429: [ParNew: 34593K->1096K(37632K), 0.0005520 secs] 60533K->27036K(121024K), 0.0005810 secs] [Times: user=0.00 sys=0.00, real=0.00 secs] 
217.429: Total time for which application threads were stopped: 0.0007840 seconds, Stopping threads took: 0.0001470 seconds
217.508: Application time: 0.0790000 seconds
217.508: [GC217.508: [ParNew: 34100K->2148K(37632K), 0.0007800 secs] 60040K->28088K(121024K), 0.0008090 secs] [Times: user=0.00 sys=0.00, real=0.00 secs] 
217.509: Total time for which application threads were stopped: 0.0009940 seconds, Stopping threads took: 0.0001250 seconds
217.589: Application time: 0.0795960 seconds
217.589: [GC217.589: [ParNew: 35599K->2602K(37632K), 0.0009330 secs] 61538K->28654K(121024K), 0.0009650 secs] [Times: user=0.01 sys=0.00, real=0.00 secs] 
217.590: Total time for which application threads were stopped: 0.0011060 seconds, Stopping threads took: 0.0000790 seconds
217.669: Application time: 0.0794160 seconds
217.669: [GC217.669: [ParNew: 35617K->2088K(37632K), 0.0008550 secs] 61669K->28204K(121024K), 0.0008840 secs] [Times: user=0.01 sys=0.00, real=0.00 secs] 
217.670: Total time for which application threads were stopped: 0.0010290 seconds, Stopping threads took: 0.0000860 seconds
217.752: Application time: 0.0812640 seconds
217.752: [GC217.752: [ParNew: 35261K->2176K(37632K), 0.0008290 secs] 61377K->28292K(121024K), 0.0008590 secs] [Times: user=0.00 sys=0.00, real=0.00 secs] 
217.753: Total time for which application threads were stopped: 0.0010080 seconds, Stopping threads took: 0.0000900 seconds
217.832: Application time: 0.0795440 seconds
217.832: [GC217.832: [ParNew: 35195K->1066K(37632K), 0.0005200 secs] 61311K->27334K(121024K), 0.0005590 secs] [Times: user=0.00 sys=0.00, real=0.00 secs] 
217.833: Total time for which application threads were stopped: 0.0007210 seconds, Stopping threads took: 0.0000950 seconds
217.911: Application time: 0.0779190 seconds
217.911: [GC217.911: [ParNew: 34074K->1608K(37632K), 0.0006280 secs] 60342K->27876K(121024K), 0.0006580 secs] [Times: user=0.00 sys=0.00, real=0.00 secs] 
217.912: Total time for which application threads were stopped: 0.0007860 seconds, Stopping threads took: 0.0000710 seconds
217.991: Application time: 0.0794030 seconds
217.991: [GC217.991: [ParNew: 35048K->3144K(37632K), 0.0010690 secs] 61316K->29412K(121024K), 0.0011020 secs] [Times: user=0.00 sys=0.01, real=0.00 secs] 
217.992: Total time for which application threads were stopped: 0.0012340 seconds, Stopping threads took: 0.0000720 seconds
218.075: Application time: 0.0829040 seconds
218.075: [GC218.075: [ParNew: 36169K->1580K(37632K), 0.0006500 secs] 62437K->27944K(121024K), 0.0006780 secs] [Times: user=0.01 sys=0.00, real=0.00 secs] 
218.076: Total time for which application threads were stopped: 0.0008320 seconds, Stopping threads took: 0.0000970 seconds
218.155: Application time: 0.0793580 seconds
218.155: [GC218.155: [ParNew: 34595K->1608K(37632K), 0.0006270 secs] 60959K->27972K(121024K), 0.0006570 secs] [Times: user=0.01 sys=0.00, real=0.00 secs] 
218.156: Total time for which application threads were stopped: 0.0007890 seconds, Stopping threads took: 0.0000720 seconds
218.236: Application time: 0.0797480 seconds
218.236: [GC218.236: [ParNew: 35056K->2120K(37632K), 0.0008010 secs] 61421K->28484K(121024K), 0.0008320 secs] [Times: user=0.01 sys=0.00, real=0.00 secs] 
218.237: Total time for which application threads were stopped: 0.0009690 seconds, Stopping threads took: 0.0000770 seconds
218.317: Application time: 0.0799450 seconds
218.317: [GC218.317: [ParNew: 35127K->3142K(37632K), 0.0010640 secs] 61491K->29570K(121024K), 0.0010950 secs] [Times: user=0.01 sys=0.00, real=0.00 secs] 
218.318: Total time for which application threads were stopped: 0.0012230 seconds, Stopping threads took: 0.0000670 seconds
218.397: Application time: 0.0792580 seconds
218.397: [GC218.397: [ParNew: 36315K->3172K(37632K), 0.0011230 secs] 62744K->29696K(121024K), 0.0011540 secs] [Times: user=0.01 sys=0.00, real=0.00 secs] 
218.399: Total time for which application threads were stopped: 0.0013200 seconds, Stopping threads took: 0.0000970 seconds
218.480: Application time: 0.0814570 seconds
218.480: [GC218.480: [ParNew: 36195K->1574K(37632K), 0.0007370 secs] 62719K->28218K(121024K), 0.0007680 secs] [Times: user=0.00 sys=0.00, real=0.00 secs] 
218.481: Total time for which application threads were stopped: 0.0009170 seconds, Stopping threads took: 0.0000900 seconds
218.561: Application time: 0.0797240 seconds
218.561: [GC218.561: [ParNew: 34584K->2120K(37632K), 0.0008710 secs] 61229K->28764K(121024K), 0.0009010 secs] [Times: user=0.00 sys=0.00, real=0.00 secs] 
218.562: Total time for which application threads were stopped: 0.0010470 seconds, Stopping threads took: 0.0000840 seconds
218.648: Application time: 0.0862680 seconds
218.648: [GC218.648: [ParNew: 35575K->1574K(37632K), 0.0007990 secs] 62219K->28282K(121024K), 0.0008290 secs] [Times: user=0.01 sys=0.00, real=0.00 secs] 
218.649: Total time for which application threads were stopped: 0.0009720 seconds, Stopping threads took: 0.0000850 seconds
218.735: Application time: 0.0861010 seconds
218.735: [GC218.735: [ParNew: 34586K->1608K(37632K), 0.0006790 secs] 61295K->28316K(121024K), 0.0007120 secs] [Times: user=0.01 sys=0.00, real=0.00 secs] 
218.736: Total time for which application threads were stopped: 0.0008850 seconds, Stopping threads took: 0.0001110 seconds
218.822: Application time: 0.0859570 seconds
218.822: [GC218.822: [ParNew: 34619K->1634K(37632K), 0.0006290 secs] 61327K->28342K(121024K), 0.0006580 secs] [Times: user=0.00 sys=0.00, real=0.00 secs] 
218.823: Total time for which application threads were stopped: 0.0007880 seconds, Stopping threads took: 0.0000700 seconds
218.910: Application time: 0.0869650 seconds
218.910: [GC218.910: [ParNew: 35084K->1634K(37632K), 0.0006400 secs] 61793K->28342K(121024K), 0.0006790 secs] [Times: user=0.00 sys=0.00, real=0.00 secs] 
218.910: Total time for which application threads were stopped: 0.0008190 seconds, Stopping threads took: 0.0000710 seconds
218.997: Application time: 0.0867630 seconds
218.997: [GC218.997: [ParNew: 34647K->1662K(37632K), 0.0007330 secs] 61355K->28370K(121024K), 0.0007610 secs] [Times: user=0.00 sys=0.00, real=0.00 secs] 
218.998: Total time for which application threads were stopped: 0.0009980 seconds, Stopping threads took: 0.0001800 seconds
219.083: Application time: 0.0850250 seconds
219.083: [GC219.083: [ParNew: 34911K->2286K(37632K), 0.0009050 secs] 61620K->28994K(121024K), 0.0009360 secs] [Times: user=0.01 sys=0.00, real=0.00 secs] 
219.084: Total time for which application threads were stopped: 0.0010910 seconds, Stopping threads took: 0.0000910 seconds
219.171: Application time: 0.0867750 seconds
219.171: [GC219.171: [ParNew: 35737K->2058K(37632K), 0.0009430 secs] 62445K->29014K(121024K), 0.0009740 secs] [Times: user=0.00 sys=0.00, real=0.00 secs] 
219.172: Total time for which application threads were stopped: 0.0011130 seconds, Stopping threads took: 0.0000780 seconds
219.260: Application time: 0.0875430 seconds
219.260: [GC219.260: [ParNew: 35075K->1576K(37632K), 0.0007420 secs] 62031K->28532K(121024K), 0.0007720 secs] [Times: user=0.00 sys=0.00, real=0.00 secs] 
219.261: Total time for which application threads were stopped: 0.0009310 seconds, Stopping threads took: 0.0000970 seconds
219.348: Application time: 0.0877520 seconds
219.349: [GC219.349: [ParNew: 35030K->1066K(37632K), 0.0004930 secs] 61987K->28022K(121024K), 0.0005250 secs] [Times: user=0.00 sys=0.00, real=0.00 secs] 
219.349: Total time for which application threads were stopped: 0.0006530 seconds, Stopping threads took: 0.0000670 seconds
219.437: Application time: 0.0877840 seconds
219.437: [GC219.437: [ParNew: 34083K->584K(37632K), 0.0003900 secs] 61039K->27540K(121024K), 0.0004200 secs] [Times: user=0.00 sys=0.00, real=0.00 secs] 
219.437: Total time for which application threads were stopped: 0.0005620 seconds, Stopping threads took: 0.0000730 seconds
219.522: Application time: 0.0841020 seconds
219.522: [GC219.522: [ParNew: 34026K->2114K(37632K), 0.0009150 secs] 60983K->29070K(121024K), 0.0009470 secs] [Times: user=0.00 sys=0.00, real=0.00 secs] 
219.523: Total time for which application threads were stopped: 0.0010720 seconds, Stopping threads took: 0.0000620 seconds
219.608: Application time: 0.0850140 seconds
219.608: [GC219.608: [ParNew: 35127K->2118K(37632K), 0.0009080 secs] 62083K->29147K(121024K), 0.0009410 secs] [Times: user=0.01 sys=0.00, real=0.00 secs] 
219.609: Total time for which application threads were stopped: 0.0012090 seconds, Stopping threads took: 0.0002060 seconds
219.695: Application time: 0.0864690 seconds
219.695: [GC219.695: [ParNew: 35129K->2632K(37632K), 0.0010150 secs] 62157K->29741K(121024K), 0.0010460 secs] [Times: user=0.01 sys=0.00, real=0.00 secs] 
219.697: Total time for which application threads were stopped: 0.0012210 seconds, Stopping threads took: 0.0001130 seconds
219.784: Application time: 0.0879650 seconds
219.785: [GC219.785: [ParNew: 35808K->1636K(37632K), 0.0007000 secs] 62916K->28837K(121024K), 0.0007310 secs] [Times: user=0.00 sys=0.00, real=0.00 secs] 
219.785: Total time for which application threads were stopped: 0.0008850 seconds, Stopping threads took: 0.0000940 seconds
219.871: Application time: 0.0858980 seconds
219.871: [GC219.871: [ParNew: 34653K->1152K(37632K), 0.0005670 secs] 61854K->28353K(121024K), 0.0005970 secs] [Times: user=0.01 sys=0.00, real=0.00 secs] 
219.872: Total time for which application threads were stopped: 0.0007410 seconds, Stopping threads took: 0.0000860 seconds
219.958: Application time: 0.0862080 seconds
219.958: [GC219.958: [ParNew: 34169K->1180K(37632K), 0.0005300 secs] 61370K->28381K(121024K), 0.0005690 secs] [Times: user=0.00 sys=0.00, real=0.00 secs] 
219.959: Total time for which application threads were stopped: 0.0007030 seconds, Stopping threads took: 0.0000660 seconds
220.045: Application time: 0.0863120 seconds
220.045: [GC220.045: [ParNew: 34622K->2204K(37632K), 0.0008220 secs] 61823K->29405K(121024K), 0.0008520 secs] [Times: user=0.01 sys=0.00, real=0.00 secs] 
220.046: Total time for which application threads were stopped: 0.0009830 seconds, Stopping threads took: 0.0000690 seconds
220.133: Application time: 0.0868830 seconds
220.133: [GC220.133: [ParNew: 35217K->2118K(37632K), 0.0008140 secs] 62418K->29479K(121024K), 0.0008450 secs] [Times: user=0.01 sys=0.00, real=0.00 secs] 
220.134: Total time for which application threads were stopped: 0.0009800 seconds, Stopping threads took: 0.0000730 seconds
220.222: Application time: 0.0880330 seconds
220.222: [GC220.222: [ParNew: 35568K->1578K(37632K), 0.0006680 secs] 62929K->29011K(121024K), 0.0006980 secs] [Times: user=0.00 sys=0.00, real=0.00 secs] 
220.223: Total time for which application threads were stopped: 0.0009010 seconds, Stopping threads took: 0.0001420 seconds
220.311: Application time: 0.0875300 seconds
220.311: [GC220.311: [ParNew: 34679K->1124K(37632K), 0.0005370 secs] 62112K->28557K(121024K), 0.0005660 secs] [Times: user=0.00 sys=0.00, real=0.00 secs] 
220.311: Total time for which application threads were stopped: 0.0007650 seconds, Stopping threads took: 0.0001430 seconds
220.398: Application time: 0.0870270 seconds
220.399: [GC220.399: [ParNew: 34570K->1636K(37632K), 0.0006550 secs] 62003K->29069K(121024K), 0.0006860 secs] [Times: user=0.00 sys=0.00, real=0.00 secs] 
220.399: Total time for which application threads were stopped: 0.0008310 seconds, Stopping threads took: 0.0000840 seconds
220.487: Application time: 0.0879310 seconds
220.487: [GC220.487: [ParNew: 34887K->1748K(37632K), 0.0006690 secs] 62320K->29181K(121024K), 0.0007000 secs] [Times: user=0.01 sys=0.00, real=0.00 secs] 
220.488: Total time for which application threads were stopped: 0.0008470 seconds, Stopping threads took: 0.0000750 seconds
220.575: Application time: 0.0872750 seconds
220.575: [GC220.575: [ParNew: 35199K->1748K(37632K), 0.0006880 secs] 62632K->29181K(121024K), 0.0007200 secs] [Times: user=0.00 sys=0.00, real=0.00 secs] 
220.576: Total time for which application threads were stopped: 0.0009180 seconds, Stopping threads took: 0.0001380 seconds
220.662: Application time: 0.0858700 seconds
220.662: [GC220.662: [ParNew: 34759K->2288K(37632K), 0.0008270 secs] 62192K->29721K(121024K), 0.0008600 secs] [Times: user=0.01 sys=0.00, real=0.00 secs] 
220.663: Total time for which application threads were stopped: 0.0010140 seconds, Stopping threads took: 0.0000850 seconds
220.750: Application time: 0.0870780 seconds
220.750: [GC220.750: [ParNew: 35737K->2088K(37632K), 0.0009030 secs] 63170K->29753K(121024K), 0.0009360 secs] [Times: user=0.00 sys=0.01, real=0.00 secs] 
220.751: Total time for which application threads were stopped: 0.0010650 seconds, Stopping threads took: 0.0000690 seconds
220.838: Application time: 0.0868310 seconds
220.838: [GC220.838: [ParNew: 35101K->2120K(37632K), 0.0008290 secs] 62766K->29785K(121024K), 0.0008580 secs] [Times: user=0.00 sys=0.00, real=0.00 secs] 
220.839: Total time for which application threads were stopped: 0.0009830 seconds, Stopping threads took: 0.0000670 seconds
220.928: Application time: 0.0892560 seconds
220.928: [GC220.928: [ParNew: 35577K->1068K(37632K), 0.0005150 secs] 63242K->28781K(121024K), 0.0005460 secs] [Times: user=0.01 sys=0.00, real=0.00 secs] 
220.929: Total time for which application threads were stopped: 0.0006870 seconds, Stopping threads took: 0.0000820 seconds
221.016: Application time: 0.0865930 seconds
221.016: [GC221.016: [ParNew: 34159K->1634K(37632K), 0.0007340 secs] 61872K->29347K(121024K), 0.0007660 secs] [Times: user=0.01 sys=0.00, real=0.00 secs] 
221.017: Total time for which application threads were stopped: 0.0009940 seconds, Stopping threads took: 0.0001570 seconds
221.103: Application time: 0.0864250 seconds
221.103: [GC221.103: [ParNew: 34647K->1664K(37632K), 0.0006580 secs] 62360K->29377K(121024K), 0.0006970 secs] [Times: user=0.01 sys=0.00, real=0.00 secs] 
221.104: Total time for which application threads were stopped: 0.0008290 seconds, Stopping threads took: 0.0000750 seconds
221.191: Application time: 0.0868590 seconds
221.191: [GC221.191: [ParNew: 34837K->1236K(37632K), 0.0005910 secs] 62551K->28949K(121024K), 0.0006230 secs] [Times: user=0.00 sys=0.00, real=0.00 secs] 
221.191: Total time for which application threads were stopped: 0.0007550 seconds, Stopping threads took: 0.0000720 seconds
221.279: Application time: 0.0871040 seconds
221.279: [GC221.279: [ParNew: 34678K->2260K(37632K), 0.0008370 secs] 62392K->29973K(121024K), 0.0008690 secs] [Times: user=0.00 sys=0.00, real=0.00 secs] 
221.280: Total time for which application threads were stopped: 0.0010280 seconds, Stopping threads took: 0.0000970 seconds
221.367: Application time: 0.0873450 seconds
221.367: [GC221.367: [ParNew: 35279K->1578K(37632K), 0.0008320 secs] 62992K->29527K(121024K), 0.0008610 secs] [Times: user=0.01 sys=0.00, real=0.01 secs] 
221.368: Total time for which application threads were stopped: 0.0009960 seconds, Stopping threads took: 0.0000770 seconds
221.455: Application time: 0.0865870 seconds
221.455: [GC221.455: [ParNew: 35026K->2092K(37632K), 0.0007320 secs] 62976K->30041K(121024K), 0.0007640 secs] [Times: user=0.00 sys=0.00, real=0.01 secs] 
221.455: Total time for which application threads were stopped: 0.0009000 seconds, Stopping threads took: 0.0000740 seconds
221.543: Application time: 0.0875010 seconds
221.543: [GC221.543: [ParNew: 35107K->2120K(37632K), 0.0007850 secs] 63056K->30069K(121024K), 0.0008240 secs] [Times: user=0.00 sys=0.00, real=0.00 secs] 
221.544: Total time for which application threads were stopped: 0.0009850 seconds, Stopping threads took: 0.0000890 seconds
221.632: Application time: 0.0877400 seconds
221.632: [GC221.632: [ParNew: 35570K->2090K(37632K), 0.0007820 secs] 63520K->30103K(121024K), 0.0008110 secs] [Times: user=0.01 sys=0.00, real=0.00 secs] 
221.633: Total time for which application threads were stopped: 0.0009510 seconds, Stopping threads took: 0.0000800 seconds
221.719: Application time: 0.0861490 seconds
221.719: [GC221.719: [ParNew: 35185K->1634K(37632K), 0.0006430 secs] 63199K->29647K(121024K), 0.0006720 secs] [Times: user=0.00 sys=0.00, real=0.00 secs] 
221.720: Total time for which application threads were stopped: 0.0007990 seconds, Stopping threads took: 0.0000700 seconds
221.805: Application time: 0.0853970 seconds
221.805: [GC221.805: [ParNew: 34644K->2686K(37632K), 0.0009810 secs] 62658K->30700K(121024K), 0.0010130 secs] [Times: user=0.01 sys=0.00, real=0.00 secs] 
221.806: Total time for which application threads were stopped: 0.0011520 seconds, Stopping threads took: 0.0000790 seconds
221.892: Application time: 0.0859820 seconds
221.892: [GC221.892: [ParNew: 35779K->2632K(37632K), 0.0025460 secs] 63793K->30806K(121024K), 0.0025810 secs] [Times: user=0.01 sys=0.00, real=0.00 secs] 
221.895: Total time for which application threads were stopped: 0.0027280 seconds, Stopping threads took: 0.0000840 seconds
221.983: Application time: 0.0879050 seconds
221.983: [GC221.983: [ParNew: 35653K->1574K(37632K), 0.0006950 secs] 63827K->29852K(121024K), 0.0007260 secs] [Times: user=0.00 sys=0.00, real=0.00 secs] 
221.984: Total time for which application threads were stopped: 0.0008680 seconds, Stopping threads took: 0.0000850 seconds
222.069: Application time: 0.0856270 seconds
222.069: [GC222.069: [ParNew: 34589K->1608K(37632K), 0.0006760 secs] 62866K->29886K(121024K), 0.0007060 secs] [Times: user=0.00 sys=0.00, real=0.00 secs] 
222.070: Total time for which application threads were stopped: 0.0008450 seconds, Stopping threads took: 0.0000710 seconds
222.157: Application time: 0.0869420 seconds
222.157: [GC222.157: [ParNew: 35058K->2118K(37632K), 0.0007680 secs] 63336K->30396K(121024K), 0.0008000 secs] [Times: user=0.00 sys=0.00, real=0.00 secs] 
222.158: Total time for which application threads were stopped: 0.0009470 seconds, Stopping threads took: 0.0000770 seconds
222.244: Application time: 0.0865000 seconds
222.245: [GC222.245: [ParNew: 35131K->2120K(37632K), 0.0008640 secs] 63408K->30454K(121024K), 0.0008950 secs] [Times: user=0.00 sys=0.00, real=0.00 secs] 
222.245: Total time for which application threads were stopped: 0.0010260 seconds, Stopping threads took: 0.0000680 seconds
222.333: Application time: 0.0870540 seconds
222.333: [GC222.333: [ParNew: 35568K->2088K(37632K), 0.0007930 secs] 63902K->30486K(121024K), 0.0008250 secs] [Times: user=0.00 sys=0.00, real=0.00 secs] 
222.334: Total time for which application threads were stopped: 0.0009700 seconds, Stopping threads took: 0.0000810 seconds
222.419: Application time: 0.0853310 seconds
222.419: [GC222.419: [ParNew: 35179K->2660K(37632K), 0.0009920 secs] 63577K->31058K(121024K), 0.0010220 secs] [Times: user=0.00 sys=0.00, real=0.00 secs] 
222.420: Total time for which application threads were stopped: 0.0011550 seconds, Stopping threads took: 0.0000730 seconds
222.508: Application time: 0.0883520 seconds
222.511: [GC222.511: [ParNew: 35753K->3142K(37632K), 0.0011890 secs] 64151K->31660K(121024K), 0.0012260 secs] [Times: user=0.01 sys=0.00, real=0.00 secs] 
222.512: Total time for which application threads were stopped: 0.0041080 seconds, Stopping threads took: 0.0028120 seconds
222.600: Application time: 0.0871730 seconds
222.600: [GC222.600: [ParNew: 36247K->1606K(37632K), 0.0006480 secs] 64765K->30220K(121024K), 0.0006790 secs] [Times: user=0.01 sys=0.00, real=0.00 secs] 
222.600: Total time for which application threads were stopped: 0.0008170 seconds, Stopping threads took: 0.0000720 seconds
222.682: Application time: 0.0815860 seconds
222.682: [GC222.682: [ParNew: 35065K->582K(37632K), 0.0004360 secs] 63679K->29196K(121024K), 0.0004630 secs] [Times: user=0.00 sys=0.00, real=0.00 secs] 
222.683: Total time for which application threads were stopped: 0.0006550 seconds, Stopping threads took: 0.0001380 seconds
222.763: Application time: 0.0798250 seconds
222.763: [GC222.763: [ParNew: 33586K->1636K(37632K), 0.0006480 secs] 62200K->30250K(121024K), 0.0006810 secs] [Times: user=0.00 sys=0.00, real=0.00 secs] 
222.763: Total time for which application threads were stopped: 0.0008440 seconds, Stopping threads took: 0.0001070 seconds
222.846: Application time: 0.0823920 seconds
222.846: [GC222.846: [ParNew: 35097K->612K(37632K), 0.0003920 secs] 63711K->29226K(121024K), 0.0004210 secs] [Times: user=0.00 sys=0.00, real=0.00 secs] 
222.846: Total time for which application threads were stopped: 0.0005530 seconds, Stopping threads took: 0.0000720 seconds
222.924: Application time: 0.0779210 seconds
222.927: [GC222.927: [ParNew: 33618K->1664K(37632K), 0.0007310 secs] 62232K->30278K(121024K), 0.0007610 secs] [Times: user=0.00 sys=0.00, real=0.00 secs] 
222.928: Total time for which application threads were stopped: 0.0036850 seconds, Stopping threads took: 0.0028640 seconds
223.008: Application time: 0.0801070 seconds
223.008: [GC223.008: [ParNew: 35110K->2176K(37632K), 0.0007890 secs] 63725K->30790K(121024K), 0.0008190 secs] [Times: user=0.01 sys=0.00, real=0.00 secs] 
223.009: Total time for which application threads were stopped: 0.0009590 seconds, Stopping threads took: 0.0000800 seconds
223.088: Application time: 0.0792230 seconds
223.088: [GC223.088: [ParNew: 35271K->1636K(37632K), 0.0006680 secs] 63885K->30386K(121024K), 0.0006970 secs] [Times: user=0.01 sys=0.00, real=0.00 secs] 
223.089: Total time for which application threads were stopped: 0.0008280 seconds, Stopping threads took: 0.0000730 seconds
223.168: Application time: 0.0789300 seconds
223.168: [GC223.168: [ParNew: 34725K->2204K(37632K), 0.0008310 secs] 63475K->30954K(121024K), 0.0008620 secs] [Times: user=0.00 sys=0.00, real=0.00 secs] 
223.169: Total time for which application threads were stopped: 0.0010110 seconds, Stopping threads took: 0.0000770 seconds
223.250: Application time: 0.0806290 seconds
223.250: [GC223.250: [ParNew: 35219K->2084K(37632K), 0.0008060 secs] 63969K->31022K(121024K), 0.0008340 secs] [Times: user=0.01 sys=0.00, real=0.00 secs] 
223.251: Total time for which application threads were stopped: 0.0009510 seconds, Stopping threads took: 0.0000590 seconds
223.331: Application time: 0.0800890 seconds
223.331: [GC223.331: [ParNew: 35101K->1608K(37632K), 0.0006650 secs] 64039K->30546K(121024K), 0.0006950 secs] [Times: user=0.00 sys=0.00, real=0.00 secs] 
223.332: Total time for which application threads were stopped: 0.0008230 seconds, Stopping threads took: 0.0000720 seconds
223.414: Application time: 0.0827030 seconds
223.414: [GC223.414: [ParNew: 34625K->2146K(37632K), 0.0008170 secs] 63563K->31084K(121024K), 0.0008460 secs] [Times: user=0.00 sys=0.00, real=0.01 secs] 
223.415: Total time for which application threads were stopped: 0.0009760 seconds, Stopping threads took: 0.0000740 seconds
223.498: Application time: 0.0829080 seconds
223.498: [GC223.498: [ParNew: 35605K->1064K(37632K), 0.0005740 secs] 64543K->30098K(121024K), 0.0006030 secs] [Times: user=0.01 sys=0.00, real=0.00 secs] 
223.499: Total time for which application threads were stopped: 0.0007300 seconds, Stopping threads took: 0.0000690 seconds
223.578: Application time: 0.0796210 seconds
223.579: [GC223.579: [ParNew: 34074K->1606K(37632K), 0.0006670 secs] 63109K->30640K(121024K), 0.0006970 secs] [Times: user=0.01 sys=0.00, real=0.00 secs] 
223.579: Total time for which application threads were stopped: 0.0008270 seconds, Stopping threads took: 0.0000730 seconds
223.658: Application time: 0.0792130 seconds
223.659: [GC223.659: [ParNew: 35062K->2128K(37632K), 0.0008170 secs] 64097K->31162K(121024K), 0.0008480 secs] [Times: user=0.01 sys=0.00, real=0.00 secs] 
223.659: Total time for which application threads were stopped: 0.0009840 seconds, Stopping threads took: 0.0000760 seconds
223.740: Application time: 0.0802890 seconds
223.740: [GC223.740: [ParNew: 35205K->3140K(37632K), 0.0011720 secs] 64239K->32270K(121024K), 0.0012040 secs] [Times: user=0.01 sys=0.00, real=0.00 secs] 
223.741: Total time for which application threads were stopped: 0.0013670 seconds, Stopping threads took: 0.0000940 seconds
223.821: Application time: 0.0797640 seconds
223.821: [GC223.821: [ParNew: 36233K->2632K(37632K), 0.0009980 secs] 65364K->31858K(121024K), 0.0010300 secs] [Times: user=0.01 sys=0.00, real=0.00 secs] 
223.822: Total time for which application threads were stopped: 0.0011530 seconds, Stopping threads took: 0.0000590 seconds
223.904: Application time: 0.0815250 seconds
223.904: [GC223.904: [ParNew: 36081K->2572K(37632K), 0.0009610 secs] 65307K->31894K(121024K), 0.0009930 secs] [Times: user=0.01 sys=0.00, real=0.00 secs] 
223.905: Total time for which application threads were stopped: 0.0011540 seconds, Stopping threads took: 0.0001000 seconds
223.983: Application time: 0.0784860 seconds
223.983: [GC223.983: [ParNew: 35661K->3142K(37632K), 0.0010790 secs] 64983K->32464K(121024K), 0.0011120 secs] [Times: user=0.01 sys=0.00, real=0.00 secs] 
223.984: Total time for which application threads were stopped: 0.0012540 seconds, Stopping threads took: 0.0000820 seconds
224.066: Application time: 0.0810790 seconds
224.066: [GC224.066: [ParNew: 36155K->3114K(37632K), 0.0011080 secs] 65477K->32548K(121024K), 0.0011400 secs] [Times: user=0.00 sys=0.00, real=0.00 secs] 
224.067: Total time for which application threads were stopped: 0.0012740 seconds, Stopping threads took: 0.0000730 seconds
224.148: Application time: 0.0812420 seconds
224.148: [GC224.148: [ParNew: 36571K->2058K(37632K), 0.0008100 secs] 66005K->31556K(121024K), 0.0008400 secs] [Times: user=0.01 sys=0.00, real=0.00 secs] 
224.149: Total time for which application threads were stopped: 0.0009630 seconds, Stopping threads took: 0.0000670 seconds
224.228: Application time: 0.0793120 seconds
224.228: [GC224.228: [ParNew: 35073K->2090K(37632K), 0.0007790 secs] 64571K->31588K(121024K), 0.0008100 secs] [Times: user=0.01 sys=0.00, real=0.00 secs] 
224.229: Total time for which application threads were stopped: 0.0009400 seconds, Stopping threads took: 0.0000700 seconds
224.310: Application time: 0.0806120 seconds
224.310: [GC224.310: [ParNew: 35103K->2120K(37632K), 0.0007950 secs] 64601K->31618K(121024K), 0.0008340 secs] [Times: user=0.01 sys=0.00, real=0.00 secs] 
224.311: Total time for which application threads were stopped: 0.0009810 seconds, Stopping threads took: 0.0000820 seconds
224.392: Application time: 0.0810450 seconds
224.392: [GC224.392: [ParNew: 35217K->1124K(37632K), 0.0005600 secs] 64716K->30678K(121024K), 0.0005900 secs] [Times: user=0.00 sys=0.00, real=0.00 secs] 
224.393: Total time for which application threads were stopped: 0.0007340 seconds, Stopping threads took: 0.0000850 seconds
224.469: Application time: 0.0767400 seconds
224.470: [GC224.470: [ParNew: 34130K->2688K(37632K), 0.0009990 secs] 63685K->32243K(121024K), 0.0010310 secs] [Times: user=0.01 sys=0.00, real=0.00 secs] 
224.471: Total time for which application threads were stopped: 0.0011670 seconds, Stopping threads took: 0.0000750 seconds
224.555: Application time: 0.0840390 seconds
224.555: [GC224.555: [ParNew: 36149K->1034K(37632K), 0.0005700 secs] 65704K->30752K(121024K), 0.0005980 secs] [Times: user=0.00 sys=0.00, real=0.01 secs] 
224.555: Total time for which application threads were stopped: 0.0007320 seconds, Stopping threads took: 0.0000780 seconds
224.635: Application time: 0.0800690 seconds
224.636: [GC224.636: [ParNew: 34121K->1608K(37632K), 0.0006270 secs] 63840K->31327K(121024K), 0.0006570 secs] [Times: user=0.01 sys=0.00, real=0.00 secs] 
224.636: Total time for which application threads were stopped: 0.0008220 seconds, Stopping threads took: 0.0001060 seconds
224.714: Application time: 0.0778750 seconds
224.714: [GC224.714: [ParNew: 34619K->2148K(37632K), 0.0007780 secs] 64337K->31867K(121024K), 0.0008090 secs] [Times: user=0.00 sys=0.00, real=0.01 secs] 
224.715: Total time for which application threads were stopped: 0.0009590 seconds, Stopping threads took: 0.0000840 seconds
224.797: Application time: 0.0822370 seconds
224.797: [GC224.797: [ParNew: 35601K->1578K(37632K), 0.0006510 secs] 65319K->31401K(121024K), 0.0006820 secs] [Times: user=0.01 sys=0.00, real=0.00 secs] 
224.798: Total time for which application threads were stopped: 0.0008070 seconds, Stopping threads took: 0.0000670 seconds
224.877: Application time: 0.0791490 seconds
224.877: [GC224.877: [ParNew: 34593K->1606K(37632K), 0.0006580 secs] 64415K->31429K(121024K), 0.0006860 secs] [Times: user=0.00 sys=0.00, real=0.00 secs] 
224.878: Total time for which application threads were stopped: 0.0008220 seconds, Stopping threads took: 0.0000680 seconds
224.957: Application time: 0.0784570 seconds
224.957: [GC224.957: [ParNew: 34614K->2656K(37632K), 0.0010410 secs] 64437K->32479K(121024K), 0.0010710 secs] [Times: user=0.01 sys=0.00, real=0.00 secs] 
224.958: Total time for which application threads were stopped: 0.0011960 seconds, Stopping threads took: 0.0000650 seconds
225.038: Application time: 0.0798210 seconds
225.038: [GC225.038: [ParNew: 35749K->2120K(37632K), 0.0008420 secs] 65572K->32079K(121024K), 0.0008710 secs] [Times: user=0.00 sys=0.00, real=0.00 secs] 
225.039: Total time for which application threads were stopped: 0.0010150 seconds, Stopping threads took: 0.0000860 seconds
225.119: Application time: 0.0798900 seconds
225.119: [GC225.119: [ParNew: 35135K->2092K(37632K), 0.0008410 secs] 65094K->32147K(121024K), 0.0008700 secs] [Times: user=0.01 sys=0.00, real=0.00 secs] 
225.120: Total time for which application threads were stopped: 0.0010180 seconds, Stopping threads took: 0.0000900 seconds
225.201: Application time: 0.0812700 seconds
225.201: [GC225.201: [ParNew: 35544K->2088K(37632K), 0.0008630 secs] 65599K->32143K(121024K), 0.0008940 secs] [Times: user=0.01 sys=0.00, real=0.00 secs] 
225.202: Total time for which application threads were stopped: 0.0010400 seconds, Stopping threads took: 0.0000870 seconds
225.282: Application time: 0.0798710 seconds
225.282: [GC225.282: [ParNew: 35181K->2146K(37632K), 0.0008550 secs] 65236K->32201K(121024K), 0.0008860 secs] [Times: user=0.00 sys=0.00, real=0.00 secs] 
225.283: Total time for which application threads were stopped: 0.0010350 seconds, Stopping threads took: 0.0000810 seconds
225.362: Application time: 0.0797290 seconds
225.363: [GC225.363: [ParNew: 35163K->1578K(37632K), 0.0007190 secs] 65218K->31773K(121024K), 0.0007490 secs] [Times: user=0.00 sys=0.00, real=0.00 secs] 
225.363: Total time for which application threads were stopped: 0.0008770 seconds, Stopping threads took: 0.0000670 seconds
225.445: Application time: 0.0815200 seconds
225.445: [GC225.445: [ParNew: 35024K->2090K(37632K), 0.0009160 secs] 65219K->32285K(121024K), 0.0009560 secs] [Times: user=0.00 sys=0.00, real=0.00 secs] 
225.446: Total time for which application threads were stopped: 0.0014220 seconds, Stopping threads took: 0.0003880 seconds
225.526: Application time: 0.0797130 seconds
225.526: [GC225.526: [ParNew: 35103K->2116K(37632K), 0.0009120 secs] 65298K->32311K(121024K), 0.0009470 secs] [Times: user=0.00 sys=0.00, real=0.01 secs] 
225.527: Total time for which application threads were stopped: 0.0010780 seconds, Stopping threads took: 0.0000690 seconds
225.607: Application time: 0.0801990 seconds
225.607: [GC225.607: [ParNew: 35133K->1608K(37632K), 0.0006600 secs] 65328K->31859K(121024K), 0.0006900 secs] [Times: user=0.00 sys=0.00, real=0.00 secs] 
225.608: Total time for which application threads were stopped: 0.0008140 seconds, Stopping threads took: 0.0000650 seconds
225.688: Application time: 0.0795540 seconds
225.688: [GC225.688: [ParNew: 34775K->2204K(37632K), 0.0007840 secs] 65026K->32455K(121024K), 0.0008160 secs] [Times: user=0.00 sys=0.00, real=0.00 secs] 
225.689: Total time for which application threads were stopped: 0.0009420 seconds, Stopping threads took: 0.0000680 seconds
225.770: Application time: 0.0818800 seconds
225.771: [GC225.771: [ParNew: 35657K->1548K(37632K), 0.0006940 secs] 65908K->31983K(121024K), 0.0007240 secs] [Times: user=0.00 sys=0.00, real=0.00 secs] 
225.771: Total time for which application threads were stopped: 0.0008380 seconds, Stopping threads took: 0.0000560 seconds
225.853: Application time: 0.0817930 seconds
225.853: [GC225.853: [ParNew: 35000K->1036K(37632K), 0.0004920 secs] 65436K->31471K(121024K), 0.0005190 secs] [Times: user=0.00 sys=0.00, real=0.00 secs] 
225.854: Total time for which application threads were stopped: 0.0006340 seconds, Stopping threads took: 0.0000610 seconds
225.933: Application time: 0.0793960 seconds
225.933: [GC225.933: [ParNew: 34124K->1606K(37632K), 0.0006750 secs] 64560K->32041K(121024K), 0.0007050 secs] [Times: user=0.01 sys=0.00, real=0.00 secs] 
225.934: Total time for which application threads were stopped: 0.0008740 seconds, Stopping threads took: 0.0001120 seconds
226.014: Application time: 0.0799750 seconds
226.014: [GC226.014: [ParNew: 34623K->1122K(37632K), 0.0005770 secs] 65058K->31557K(121024K), 0.0006050 secs] [Times: user=0.00 sys=0.00, real=0.00 secs] 
226.015: Total time for which application threads were stopped: 0.0007380 seconds, Stopping threads took: 0.0000670 seconds
226.097: Application time: 0.0821180 seconds
226.097: [GC226.097: [ParNew: 34572K->1120K(37632K), 0.0005860 secs] 65008K->31555K(121024K), 0.0006160 secs] [Times: user=0.00 sys=0.00, real=0.00 secs] 
226.098: Total time for which application threads were stopped: 0.0007430 seconds, Stopping threads took: 0.0000690 seconds
226.178: Application time: 0.0800540 seconds
226.178: [GC226.178: [ParNew: 34130K->1664K(37632K), 0.0007520 secs] 64566K->32099K(121024K), 0.0007810 secs] [Times: user=0.01 sys=0.00, real=0.00 secs] 
226.179: Total time for which application threads were stopped: 0.0009190 seconds, Stopping threads took: 0.0000780 seconds
226.259: Application time: 0.0799770 seconds
226.259: [GC226.259: [ParNew: 34677K->1692K(37632K), 0.0006710 secs] 65112K->32127K(121024K), 0.0007020 secs] [Times: user=0.00 sys=0.00, real=0.00 secs] 
226.259: Total time for which application threads were stopped: 0.0008270 seconds, Stopping threads took: 0.0000660 seconds
226.339: Application time: 0.0798780 seconds
226.339: [GC226.339: [ParNew: 34860K->1774K(37632K), 0.0007510 secs] 65295K->32209K(121024K), 0.0007900 secs] [Times: user=0.01 sys=0.00, real=0.00 secs] 
226.340: Total time for which application threads were stopped: 0.0009220 seconds, Stopping threads took: 0.0000720 seconds
226.421: Application time: 0.0808370 seconds
226.421: [GC226.421: [ParNew: 35219K->2288K(37632K), 0.0008230 secs] 65654K->32723K(121024K), 0.0008520 secs] [Times: user=0.00 sys=0.00, real=0.00 secs] 
226.422: Total time for which application threads were stopped: 0.0009890 seconds, Stopping threads took: 0.0000780 seconds
226.503: Application time: 0.0813480 seconds
226.503: [GC226.504: [ParNew: 35735K->2572K(37632K), 0.0009790 secs] 66170K->33275K(121024K), 0.0010130 secs] [Times: user=0.01 sys=0.00, real=0.00 secs] 
226.505: Total time for which application threads were stopped: 0.0011430 seconds, Stopping threads took: 0.0000680 seconds
226.584: Application time: 0.0796340 seconds
226.584: [GC226.584: [ParNew: 35661K->2632K(37632K), 0.0009060 secs] 66365K->33335K(121024K), 0.0009350 secs] [Times: user=0.01 sys=0.00, real=0.00 secs] 
226.585: Total time for which application threads were stopped: 0.0010640 seconds, Stopping threads took: 0.0000640 seconds
226.672: Application time: 0.0869540 seconds
226.672: [GC226.672: [ParNew: 35645K->2600K(37632K), 0.0010390 secs] 66348K->33399K(121024K), 0.0010690 secs] [Times: user=0.01 sys=0.00, real=0.00 secs] 
226.673: Total time for which application threads were stopped: 0.0012110 seconds, Stopping threads took: 0.0000790 seconds
226.763: Application time: 0.0893850 seconds
226.763: [GC226.763: [ParNew: 36053K->2058K(37632K), 0.0008010 secs] 66852K->32913K(121024K), 0.0008320 secs] [Times: user=0.00 sys=0.00, real=0.00 secs] 
226.764: Total time for which application threads were stopped: 0.0009610 seconds, Stopping threads took: 0.0000690 seconds
226.850: Application time: 0.0862930 seconds
226.850: [GC226.850: [ParNew: 35071K->2092K(37632K), 0.0007620 secs] 65926K->32947K(121024K), 0.0007930 secs] [Times: user=0.01 sys=0.00, real=0.00 secs] 
226.851: Total time for which application threads were stopped: 0.0009460 seconds, Stopping threads took: 0.0000910 seconds
226.939: Application time: 0.0880500 seconds
226.939: [GC226.939: [ParNew: 35109K->1608K(37632K), 0.0006730 secs] 65964K->32464K(121024K), 0.0007090 secs] [Times: user=0.01 sys=0.00, real=0.00 secs] 
226.940: Total time for which application threads were stopped: 0.0008360 seconds, Stopping threads took: 0.0000670 seconds
227.025: Application time: 0.0854560 seconds
227.026: [GC227.026: [ParNew: 34777K->1692K(37632K), 0.0006690 secs] 65633K->32548K(121024K), 0.0007000 secs] [Times: user=0.01 sys=0.00, real=0.00 secs] 
227.026: Total time for which application threads were stopped: 0.0009010 seconds, Stopping threads took: 0.0001400 seconds
227.112: Application time: 0.0862100 seconds
227.113: [GC227.113: [ParNew: 35138K->2714K(37632K), 0.0009960 secs] 65994K->33570K(121024K), 0.0010280 secs] [Times: user=0.00 sys=0.00, real=0.00 secs] 
227.114: Total time for which application threads were stopped: 0.0012510 seconds, Stopping threads took: 0.0001520 seconds
227.201: Application time: 0.0875790 seconds
227.201: [GC227.201: [ParNew: 36169K->2056K(37632K), 0.0008190 secs] 67024K->33104K(121024K), 0.0008490 secs] [Times: user=0.00 sys=0.00, real=0.00 secs] 
227.202: Total time for which application threads were stopped: 0.0009680 seconds, Stopping threads took: 0.0000550 seconds
227.290: Application time: 0.0875500 seconds
227.290: [GC227.290: [ParNew: 35155K->1096K(37632K), 0.0005020 secs] 66203K->32144K(121024K), 0.0005300 secs] [Times: user=0.01 sys=0.00, real=0.00 secs] 
227.291: Total time for which application threads were stopped: 0.0007020 seconds, Stopping threads took: 0.0001120 seconds
227.375: Application time: 0.0842760 seconds
227.375: [GC227.375: [ParNew: 34104K->2148K(37632K), 0.0008040 secs] 65152K->33196K(121024K), 0.0008350 secs] [Times: user=0.01 sys=0.00, real=0.01 secs] 
227.376: Total time for which application threads were stopped: 0.0009720 seconds, Stopping threads took: 0.0000750 seconds
227.466: Application time: 0.0898590 seconds
227.466: [GC227.466: [ParNew: 35601K->1576K(37632K), 0.0006430 secs] 66648K->32732K(121024K), 0.0006840 secs] [Times: user=0.00 sys=0.00, real=0.00 secs] 
227.466: Total time for which application threads were stopped: 0.0008270 seconds, Stopping threads took: 0.0000830 seconds
227.553: Application time: 0.0863160 seconds
227.553: [GC227.553: [ParNew: 34588K->1606K(37632K), 0.0006470 secs] 65744K->32762K(121024K), 0.0006760 secs] [Times: user=0.01 sys=0.00, real=0.00 secs] 
227.554: Total time for which application threads were stopped: 0.0008120 seconds, Stopping threads took: 0.0000730 seconds
227.639: Application time: 0.0855910 seconds
227.639: [GC227.639: [ParNew: 34619K->1636K(37632K), 0.0007480 secs] 65775K->32792K(121024K), 0.0007780 secs] [Times: user=0.01 sys=0.00, real=0.00 secs] 
227.640: Total time for which application threads were stopped: 0.0009150 seconds, Stopping threads took: 0.0000680 seconds
227.724: Application time: 0.0836780 seconds
227.724: [GC227.724: [ParNew: 34803K->2230K(37632K), 0.0009120 secs] 65959K->33386K(121024K), 0.0009440 secs] [Times: user=0.01 sys=0.00, real=0.00 secs] 
227.725: Total time for which application threads were stopped: 0.0010800 seconds, Stopping threads took: 0.0000740 seconds
227.814: Application time: 0.0894670 seconds
227.814: [GC227.814: [ParNew: 35687K->1034K(37632K), 0.0006710 secs] 66843K->32398K(121024K), 0.0007000 secs] [Times: user=0.00 sys=0.00, real=0.01 secs] 
227.815: Total time for which application threads were stopped: 0.0008280 seconds, Stopping threads took: 0.0000690 seconds
227.902: Application time: 0.0867900 seconds
227.902: [GC227.902: [ParNew: 34478K->2060K(37632K), 0.0008980 secs] 65842K->33424K(121024K), 0.0009300 secs] [Times: user=0.00 sys=0.00, real=0.00 secs] 
227.903: Total time for which application threads were stopped: 0.0010600 seconds, Stopping threads took: 0.0000670 seconds
227.990: Application time: 0.0871590 seconds
227.990: [GC227.990: [ParNew: 35151K->2118K(37632K), 0.0008940 secs] 66515K->33482K(121024K), 0.0009250 secs] [Times: user=0.00 sys=0.00, real=0.00 secs] 
227.991: Total time for which application threads were stopped: 0.0010540 seconds, Stopping threads took: 0.0000700 seconds
228.078: Application time: 0.0867600 seconds
228.078: [GC228.078: [ParNew: 35139K->1066K(37632K), 0.0005440 secs] 66503K->32542K(121024K), 0.0005730 secs] [Times: user=0.00 sys=0.00, real=0.00 secs] 
228.079: Total time for which application threads were stopped: 0.0007050 seconds, Stopping threads took: 0.0000750 seconds
228.165: Application time: 0.0865470 seconds
228.165: [GC228.165: [ParNew: 34510K->2090K(37632K), 0.0008700 secs] 65986K->33566K(121024K), 0.0009000 secs] [Times: user=0.00 sys=0.00, real=0.00 secs] 
228.166: Total time for which application threads were stopped: 0.0010520 seconds, Stopping threads took: 0.0000800 seconds
228.251: Application time: 0.0849350 seconds
228.251: [GC228.251: [ParNew: 35183K->2146K(37632K), 0.0008510 secs] 66659K->33622K(121024K), 0.0008830 secs] [Times: user=0.01 sys=0.00, real=0.00 secs] 
228.252: Total time for which application threads were stopped: 0.0010890 seconds, Stopping threads took: 0.0001410 seconds
228.340: Application time: 0.0881150 seconds
228.341: [GC228.341: [ParNew: 35599K->1546K(37632K), 0.0006620 secs] 67075K->33150K(121024K), 0.0006960 secs] [Times: user=0.01 sys=0.00, real=0.00 secs] 
228.341: Total time for which application threads were stopped: 0.0008250 seconds, Stopping threads took: 0.0000680 seconds
228.428: Application time: 0.0868920 seconds
228.428: [GC228.428: [ParNew: 34717K->1634K(37632K), 0.0006400 secs] 66322K->33238K(121024K), 0.0006690 secs] [Times: user=0.01 sys=0.00, real=0.00 secs] 
228.429: Total time for which application threads were stopped: 0.0007950 seconds, Stopping threads took: 0.0000660 seconds
228.516: Application time: 0.0867810 seconds
228.516: [GC228.516: [ParNew: 35080K->2148K(37632K), 0.0008240 secs] 66685K->33752K(121024K), 0.0008540 secs] [Times: user=0.00 sys=0.00, real=0.00 secs] 
228.517: Total time for which application threads were stopped: 0.0009930 seconds, Stopping threads took: 0.0000690 seconds
228.605: Application time: 0.0883610 seconds
228.605: [GC228.605: [ParNew: 35605K->1032K(37632K), 0.0005150 secs] 67209K->32772K(121024K), 0.0005440 secs] [Times: user=0.00 sys=0.00, real=0.00 secs] 
228.606: Total time for which application threads were stopped: 0.0006800 seconds, Stopping threads took: 0.0000730 seconds
228.693: Application time: 0.0872660 seconds
228.693: [GC228.693: [ParNew: 34123K->1096K(37632K), 0.0005080 secs] 65863K->32836K(121024K), 0.0005410 secs] [Times: user=0.01 sys=0.00, real=0.00 secs] 
228.694: Total time for which application threads were stopped: 0.0006830 seconds, Stopping threads took: 0.0000730 seconds
228.780: Application time: 0.0865920 seconds
228.780: [GC228.780: [ParNew: 34109K->1122K(37632K), 0.0006040 secs] 65849K->32862K(121024K), 0.0006340 secs] [Times: user=0.00 sys=0.00, real=0.00 secs] 
228.781: Total time for which application threads were stopped: 0.0007660 seconds, Stopping threads took: 0.0000720 seconds
228.869: Application time: 0.0879260 seconds
228.869: [GC228.869: [ParNew: 34570K->1124K(37632K), 0.0005100 secs] 66311K->32864K(121024K), 0.0005410 secs] [Times: user=0.00 sys=0.00, real=0.00 secs] 
228.870: Total time for which application threads were stopped: 0.0006820 seconds, Stopping threads took: 0.0000800 seconds
228.956: Application time: 0.0860770 seconds
228.956: [GC228.956: [ParNew: 34215K->1178K(37632K), 0.0006130 secs] 65955K->32918K(121024K), 0.0006420 secs] [Times: user=0.00 sys=0.00, real=0.00 secs] 
228.957: Total time for which application threads were stopped: 0.0008370 seconds, Stopping threads took: 0.0001370 seconds
229.043: Application time: 0.0867940 seconds
229.044: [GC229.044: [ParNew: 34622K->1692K(37632K), 0.0007270 secs] 66363K->33432K(121024K), 0.0007570 secs] [Times: user=0.00 sys=0.00, real=0.00 secs] 
229.044: Total time for which application threads were stopped: 0.0009690 seconds, Stopping threads took: 0.0001530 seconds
229.131: Application time: 0.0868090 seconds
229.131: [GC229.131: [ParNew: 34869K->1264K(37632K), 0.0005880 secs] 66610K->33005K(121024K), 0.0006190 secs] [Times: user=0.00 sys=0.00, real=0.00 secs] 
229.132: Total time for which application threads were stopped: 0.0007470 seconds, Stopping threads took: 0.0000670 seconds
229.219: Application time: 0.0871860 seconds
229.219: [GC229.219: [ParNew: 34706K->2288K(37632K), 0.0008590 secs] 66447K->34029K(121024K), 0.0008910 secs] [Times: user=0.00 sys=0.00, real=0.00 secs] 
229.220: Total time for which application threads were stopped: 0.0010690 seconds, Stopping threads took: 0.0001080 seconds
229.307: Application time: 0.0869840 seconds
229.307: [GC229.307: [ParNew: 35735K->2574K(37632K), 0.0009850 secs] 67475K->34582K(121024K), 0.0010170 secs] [Times: user=0.00 sys=0.00, real=0.00 secs] 
229.308: Total time for which application threads were stopped: 0.0011600 seconds, Stopping threads took: 0.0000790 seconds
229.395: Application time: 0.0865740 seconds
229.395: [GC229.395: [ParNew: 35663K->2632K(37632K), 0.0009240 secs] 67672K->34641K(121024K), 0.0009580 secs] [Times: user=0.00 sys=0.00, real=0.01 secs] 
229.396: Total time for which application threads were stopped: 0.0011060 seconds, Stopping threads took: 0.0000820 seconds
229.483: Application time: 0.0870720 seconds
229.483: [GC229.483: [ParNew: 35649K->2090K(37632K), 0.0008190 secs] 67658K->34195K(121024K), 0.0008520 secs] [Times: user=0.00 sys=0.00, real=0.00 secs] 
229.484: Total time for which application threads were stopped: 0.0009980 seconds, Stopping threads took: 0.0000820 seconds
229.571: Application time: 0.0869870 seconds
229.571: [GC229.571: [ParNew: 35536K->2602K(37632K), 0.0009020 secs] 67641K->34707K(121024K), 0.0009340 secs] [Times: user=0.01 sys=0.00, real=0.00 secs] 
229.572: Total time for which application threads were stopped: 0.0010820 seconds, Stopping threads took: 0.0000830 seconds
229.658: Application time: 0.0855190 seconds
229.658: [GC229.658: [ParNew: 35693K->2630K(37632K), 0.0009330 secs] 67798K->34791K(121024K), 0.0009730 secs] [Times: user=0.01 sys=0.00, real=0.00 secs] 
229.659: Total time for which application threads were stopped: 0.0011110 seconds, Stopping threads took: 0.0000750 seconds
229.747: Application time: 0.0884830 seconds
229.747: [GC229.747: [ParNew: 36079K->2572K(37632K), 0.0009600 secs] 68239K->34837K(121024K), 0.0009910 secs] [Times: user=0.01 sys=0.00, real=0.00 secs] 
229.748: Total time for which application threads were stopped: 0.0011270 seconds, Stopping threads took: 0.0000670 seconds
229.835: Application time: 0.0862600 seconds
229.835: [GC229.835: [ParNew: 35743K->3172K(37632K), 0.0010830 secs] 68008K->35437K(121024K), 0.0011160 secs] [Times: user=0.00 sys=0.00, real=0.01 secs] 
229.836: Total time for which application threads were stopped: 0.0012470 seconds, Stopping threads took: 0.0000660 seconds
229.924: Application time: 0.0880260 seconds
229.924: [GC229.924: [ParNew: 36623K->3086K(37632K), 0.0011180 secs] 68888K->35483K(121024K), 0.0011490 secs] [Times: user=0.00 sys=0.00, real=0.00 secs] 
229.925: Total time for which application threads were stopped: 0.0012770 seconds, Stopping threads took: 0.0000680 seconds
230.016: Application time: 0.0903140 seconds
230.016: [GC230.016: [ParNew: 36555K->520K(37632K), 0.0003880 secs] 68952K->32917K(121024K), 0.0004160 secs] [Times: user=0.00 sys=0.00, real=0.00 secs] 
230.016: Total time for which application threads were stopped: 0.0005380 seconds, Stopping threads took: 0.0000670 seconds
230.102: Application time: 0.0857450 seconds
230.102: [GC230.102: [ParNew: 33610K->1096K(37632K), 0.0005820 secs] 66007K->33493K(121024K), 0.0006130 secs] [Times: user=0.00 sys=0.00, real=0.00 secs] 
230.103: Total time for which application threads were stopped: 0.0007310 seconds, Stopping threads took: 0.0000590 seconds
230.186: Application time: 0.0833940 seconds
230.186: [GC230.186: [ParNew: 34102K->2146K(37632K), 0.0007870 secs] 66500K->34543K(121024K), 0.0008160 secs] [Times: user=0.00 sys=0.00, real=0.00 secs] 
230.187: Total time for which application threads were stopped: 0.0009680 seconds, Stopping threads took: 0.0000890 seconds
230.276: Application time: 0.0887780 seconds
230.276: [GC230.276: [ParNew: 35603K->1064K(37632K), 0.0005200 secs] 68000K->33565K(121024K), 0.0005500 secs] [Times: user=0.01 sys=0.00, real=0.00 secs] 
230.276: Total time for which application threads were stopped: 0.0006860 seconds, Stopping threads took: 0.0000660 seconds
230.363: Application time: 0.0866490 seconds
230.363: [GC230.363: [ParNew: 34157K->1122K(37632K), 0.0005880 secs] 66658K->33623K(121024K), 0.0006190 secs] [Times: user=0.00 sys=0.00, real=0.00 secs] 
230.364: Total time for which application threads were stopped: 0.0007420 seconds, Stopping threads took: 0.0000650 seconds
230.450: Application time: 0.0861830 seconds
230.450: [GC230.450: [ParNew: 34213K->1690K(37632K), 0.0007190 secs] 66714K->34191K(121024K), 0.0007470 secs] [Times: user=0.00 sys=0.00, real=0.00 secs] 
230.451: Total time for which application threads were stopped: 0.0008820 seconds, Stopping threads took: 0.0000750 seconds
230.536: Application time: 0.0849330 seconds
230.536: [GC230.536: [ParNew: 34697K->2742K(37632K), 0.0010630 secs] 67198K->35243K(121024K), 0.0010950 secs] [Times: user=0.01 sys=0.00, real=0.00 secs] 
230.537: Total time for which application threads were stopped: 0.0012490 seconds, Stopping threads took: 0.0000930 seconds
230.622: Application time: 0.0851710 seconds
230.622: [GC230.622: [ParNew: 36195K->2058K(37632K), 0.0008630 secs] 68696K->34767K(121024K), 0.0008950 secs] [Times: user=0.00 sys=0.00, real=0.00 secs] 
230.623: Total time for which application threads were stopped: 0.0010790 seconds, Stopping threads took: 0.0001260 seconds
230.706: Application time: 0.0824990 seconds
230.706: [GC230.706: [ParNew: 35506K->2058K(37632K), 0.0007830 secs] 68216K->34767K(121024K), 0.0008120 secs] [Times: user=0.01 sys=0.00, real=0.00 secs] 
230.707: Total time for which application threads were stopped: 0.0009490 seconds, Stopping threads took: 0.0000780 seconds
230.787: Application time: 0.0798100 seconds
230.787: [GC230.787: [ParNew: 35147K->2632K(37632K), 0.0009120 secs] 67856K->35341K(121024K), 0.0009540 secs] [Times: user=0.00 sys=0.00, real=0.01 secs] 
230.788: Total time for which application threads were stopped: 0.0011050 seconds, Stopping threads took: 0.0000840 seconds
230.867: Application time: 0.0797530 seconds
230.868: [GC230.868: [ParNew: 35657K->1064K(37632K), 0.0005080 secs] 68366K->33877K(121024K), 0.0005380 secs] [Times: user=0.00 sys=0.00, real=0.00 secs] 
230.868: Total time for which application threads were stopped: 0.0007100 seconds, Stopping threads took: 0.0001150 seconds
230.950: Application time: 0.0819230 seconds
230.950: [GC230.950: [ParNew: 34520K->1072K(37632K), 0.0005030 secs] 67334K->33885K(121024K), 0.0005330 secs] [Times: user=0.00 sys=0.00, real=0.00 secs] 
230.951: Total time for which application threads were stopped: 0.0006690 seconds, Stopping threads took: 0.0000790 seconds
231.030: Application time: 0.0790270 seconds
231.030: [GC231.030: [ParNew: 34153K->1636K(37632K), 0.0006360 secs] 66966K->34449K(121024K), 0.0006680 secs] [Times: user=0.01 sys=0.00, real=0.00 secs] 
231.031: Total time for which application threads were stopped: 0.0007950 seconds, Stopping threads took: 0.0000680 seconds
231.109: Application time: 0.0784520 seconds
231.109: [GC231.109: [ParNew: 34725K->2204K(37632K), 0.0008380 secs] 67538K->35017K(121024K), 0.0008690 secs] [Times: user=0.00 sys=0.00, real=0.00 secs] 
231.110: Total time for which application threads were stopped: 0.0010040 seconds, Stopping threads took: 0.0000760 seconds
231.189: Application time: 0.0792390 seconds
231.189: [GC231.189: [ParNew: 35215K->2602K(37632K), 0.0009650 secs] 68028K->35603K(121024K), 0.0009970 secs] [Times: user=0.00 sys=0.00, real=0.00 secs] 
231.190: Total time for which application threads were stopped: 0.0011280 seconds, Stopping threads took: 0.0000700 seconds
231.272: Application time: 0.0811150 seconds
231.272: [GC231.272: [ParNew: 36055K->2060K(37632K), 0.0007940 secs] 69056K->35117K(121024K), 0.0008240 secs] [Times: user=0.01 sys=0.00, real=0.00 secs] 
231.272: Total time for which application threads were stopped: 0.0009550 seconds, Stopping threads took: 0.0000730 seconds
231.353: Application time: 0.0807640 seconds
231.353: [GC231.353: [ParNew: 35518K->1034K(37632K), 0.0004840 secs] 68576K->34091K(121024K), 0.0005130 secs] [Times: user=0.01 sys=0.00, real=0.00 secs] 
231.354: Total time for which application threads were stopped: 0.0006490 seconds, Stopping threads took: 0.0000670 seconds
231.432: Application time: 0.0784000 seconds
231.432: [GC231.432: [ParNew: 34125K->1608K(37632K), 0.0006450 secs] 67182K->34665K(121024K), 0.0006750 secs] [Times: user=0.01 sys=0.00, real=0.00 secs] 
231.433: Total time for which application threads were stopped: 0.0008000 seconds, Stopping threads took: 0.0000680 seconds
231.514: Application time: 0.0806690 seconds
231.514: [GC231.514: [ParNew: 34627K->1124K(37632K), 0.0005200 secs] 67684K->34181K(121024K), 0.0005520 secs] [Times: user=0.00 sys=0.00, real=0.00 secs] 
231.514: Total time for which application threads were stopped: 0.0007060 seconds, Stopping threads took: 0.0000950 seconds
231.593: Application time: 0.0781820 seconds
231.593: [GC231.593: [ParNew: 34568K->1632K(37632K), 0.0007400 secs] 67626K->34689K(121024K), 0.0007720 secs] [Times: user=0.00 sys=0.00, real=0.00 secs] 
231.594: Total time for which application threads were stopped: 0.0008990 seconds, Stopping threads took: 0.0000680 seconds
231.673: Application time: 0.0794080 seconds
231.673: [GC231.673: [ParNew: 34723K->2202K(37632K), 0.0008770 secs] 67781K->35259K(121024K), 0.0009070 secs] [Times: user=0.01 sys=0.00, real=0.00 secs] 
231.674: Total time for which application threads were stopped: 0.0010380 seconds, Stopping threads took: 0.0000730 seconds
231.753: Application time: 0.0785150 seconds
231.753: [GC231.753: [ParNew: 35291K->2116K(37632K), 0.0009190 secs] 68349K->35350K(121024K), 0.0009540 secs] [Times: user=0.01 sys=0.00, real=0.00 secs] 
231.754: Total time for which application threads were stopped: 0.0011380 seconds, Stopping threads took: 0.0001250 seconds
231.834: Application time: 0.0800930 seconds
231.834: [GC231.834: [ParNew: 35139K->1064K(37632K), 0.0005920 secs] 68373K->34402K(121024K), 0.0006190 secs] [Times: user=0.00 sys=0.00, real=0.00 secs] 
231.834: Total time for which application threads were stopped: 0.0007510 seconds, Stopping threads took: 0.0000780 seconds
231.915: Application time: 0.0803680 seconds
231.915: [GC231.915: [ParNew: 34510K->1576K(37632K), 0.0006400 secs] 67848K->34914K(121024K), 0.0006730 secs] [Times: user=0.00 sys=0.00, real=0.01 secs] 
231.916: Total time for which application threads were stopped: 0.0008160 seconds, Stopping threads took: 0.0000730 seconds
231.997: Application time: 0.0815670 seconds
231.997: [GC231.997: [ParNew: 35026K->1578K(37632K), 0.0006720 secs] 68364K->34916K(121024K), 0.0007010 secs] [Times: user=0.00 sys=0.00, real=0.00 secs] 
231.998: Total time for which application threads were stopped: 0.0008330 seconds, Stopping threads took: 0.0000740 seconds
232.078: Application time: 0.0799180 seconds
232.078: [GC232.078: [ParNew: 34677K->610K(37632K), 0.0004810 secs] 68015K->33948K(121024K), 0.0005100 secs] [Times: user=0.00 sys=0.00, real=0.00 secs] 
232.079: Total time for which application threads were stopped: 0.0007030 seconds, Stopping threads took: 0.0001380 seconds
232.158: Application time: 0.0793170 seconds
232.158: [GC232.158: [ParNew: 33621K->638K(37632K), 0.0004110 secs] 66958K->33976K(121024K), 0.0004390 secs] [Times: user=0.00 sys=0.00, real=0.00 secs] 
232.159: Total time for which application threads were stopped: 0.0005540 seconds, Stopping threads took: 0.0000600 seconds
232.237: Application time: 0.0781770 seconds
232.237: [GC232.237: [ParNew: 34078K->2176K(37632K), 0.0007960 secs] 67416K->35514K(121024K), 0.0008240 secs] [Times: user=0.00 sys=0.00, real=0.00 secs] 
232.238: Total time for which application threads were stopped: 0.0009590 seconds, Stopping threads took: 0.0000750 seconds
232.316: Application time: 0.0782240 seconds
232.316: [GC232.316: [ParNew: 35271K->2146K(37632K), 0.0008980 secs] 68609K->35616K(121024K), 0.0009290 secs] [Times: user=0.00 sys=0.00, real=0.00 secs] 
232.317: Total time for which application threads were stopped: 0.0010800 seconds, Stopping threads took: 0.0000910 seconds
232.397: Application time: 0.0795870 seconds
232.397: [GC232.397: [ParNew: 35237K->2630K(37632K), 0.0009640 secs] 68707K->36240K(121024K), 0.0009930 secs] [Times: user=0.00 sys=0.00, real=0.00 secs] 
232.398: Total time for which application threads were stopped: 0.0011340 seconds, Stopping threads took: 0.0000810 seconds
232.479: Application time: 0.0810630 seconds
232.479: [GC232.479: [ParNew: 35647K->2090K(37632K), 0.0008040 secs] 69257K->35796K(121024K), 0.0008340 secs] [Times: user=0.00 sys=0.00, real=0.00 secs] 
232.480: Total time for which application threads were stopped: 0.0009710 seconds, Stopping threads took: 0.0000710 seconds
232.561: Application time: 0.0815910 seconds
232.562: [GC232.562: [ParNew: 35538K->2090K(37632K), 0.0007610 secs] 69244K->35796K(121024K), 0.0007950 secs] [Times: user=0.01 sys=0.00, real=0.00 secs] 
232.562: Total time for which application threads were stopped: 0.0009480 seconds, Stopping threads took: 0.0000910 seconds
232.642: Application time: 0.0791680 seconds
232.642: [GC232.642: [ParNew: 35544K->1578K(37632K), 0.0006620 secs] 69251K->35284K(121024K), 0.0006930 secs] [Times: user=0.01 sys=0.00, real=0.00 secs] 
232.642: Total time for which application threads were stopped: 0.0008550 seconds, Stopping threads took: 0.0001030 seconds
232.723: Application time: 0.0802840 seconds
232.723: [GC232.723: [ParNew: 34671K->1636K(37632K), 0.0006570 secs] 68377K->35342K(121024K), 0.0006890 secs] [Times: user=0.00 sys=0.00, real=0.00 secs] 
232.723: Total time for which application threads were stopped: 0.0008190 seconds, Stopping threads took: 0.0000700 seconds
232.803: Application time: 0.0797380 seconds
232.803: [GC232.803: [ParNew: 34651K->1152K(37632K), 0.0005430 secs] 68357K->34858K(121024K), 0.0005830 secs] [Times: user=0.00 sys=0.00, real=0.00 secs] 
232.804: Total time for which application threads were stopped: 0.0007190 seconds, Stopping threads took: 0.0000790 seconds
232.882: Application time: 0.0779860 seconds
232.882: [GC232.882: [ParNew: 34596K->2176K(37632K), 0.0008440 secs] 68302K->35882K(121024K), 0.0008760 secs] [Times: user=0.00 sys=0.00, real=0.00 secs] 
232.883: Total time for which application threads were stopped: 0.0010120 seconds, Stopping threads took: 0.0000760 seconds
232.962: Application time: 0.0792540 seconds
232.962: [GC232.962: [ParNew: 35345K->2176K(37632K), 0.0008470 secs] 69051K->36010K(121024K), 0.0008760 secs] [Times: user=0.00 sys=0.00, real=0.00 secs] 
232.963: Total time for which application threads were stopped: 0.0010440 seconds, Stopping threads took: 0.0001100 seconds
233.043: Application time: 0.0799510 seconds
233.043: [GC233.043: [ParNew: 35191K->2602K(37632K), 0.0010150 secs] 69025K->36588K(121024K), 0.0010470 secs] [Times: user=0.00 sys=0.00, real=0.00 secs] 
233.044: Total time for which application threads were stopped: 0.0011900 seconds, Stopping threads took: 0.0000770 seconds
233.124: Application time: 0.0797500 seconds
233.124: [GC233.124: [ParNew: 35623K->1578K(37632K), 0.0006490 secs] 69609K->35628K(121024K), 0.0006760 secs] [Times: user=0.01 sys=0.00, real=0.00 secs] 
233.125: Total time for which application threads were stopped: 0.0008000 seconds, Stopping threads took: 0.0000700 seconds
233.206: Application time: 0.0815250 seconds
233.207: [GC233.207: [ParNew: 35026K->1578K(37632K), 0.0006450 secs] 69077K->35628K(121024K), 0.0006780 secs] [Times: user=0.00 sys=0.00, real=0.01 secs] 
233.207: Total time for which application threads were stopped: 0.0008280 seconds, Stopping threads took: 0.0000910 seconds
233.284: Application time: 0.0770610 seconds
233.284: [GC233.284: [ParNew: 35022K->2092K(37632K), 0.0008190 secs] 69073K->36142K(121024K), 0.0008490 secs] [Times: user=0.00 sys=0.00, real=0.00 secs] 
233.285: Total time for which application threads were stopped: 0.0009710 seconds, Stopping threads took: 0.0000610 seconds
233.365: Application time: 0.0799420 seconds
233.365: [GC233.365: [ParNew: 35183K->2660K(37632K), 0.0009800 secs] 69233K->36710K(121024K), 0.0010130 secs] [Times: user=0.01 sys=0.00, real=0.00 secs] 
233.366: Total time for which application threads were stopped: 0.0011390 seconds, Stopping threads took: 0.0000640 seconds
233.446: Application time: 0.0791640 seconds
233.446: [GC233.446: [ParNew: 35673K->2604K(37632K), 0.0010400 secs] 69723K->36790K(121024K), 0.0010680 secs] [Times: user=0.01 sys=0.00, real=0.00 secs] 
233.447: Total time for which application threads were stopped: 0.0014260 seconds, Stopping threads took: 0.0002970 seconds
233.527: Application time: 0.0800580 seconds
233.527: [GC233.527: [ParNew: 35627K->1580K(37632K), 0.0006640 secs] 69813K->35830K(121024K), 0.0006930 secs] [Times: user=0.00 sys=0.00, real=0.00 secs] 
233.528: Total time for which application threads were stopped: 0.0008160 seconds, Stopping threads took: 0.0000660 seconds
233.609: Application time: 0.0806790 seconds
233.609: [GC233.609: [ParNew: 34673K->1122K(37632K), 0.0005470 secs] 68924K->35372K(121024K), 0.0005780 secs] [Times: user=0.00 sys=0.00, real=0.00 secs] 
233.609: Total time for which application threads were stopped: 0.0007200 seconds, Stopping threads took: 0.0000750 seconds
233.688: Application time: 0.0783350 seconds
233.688: [GC233.688: [ParNew: 34137K->1152K(37632K), 0.0005560 secs] 68387K->35402K(121024K), 0.0005870 secs] [Times: user=0.00 sys=0.00, real=0.00 secs] 
233.688: Total time for which application threads were stopped: 0.0007070 seconds, Stopping threads took: 0.0000610 seconds
233.767: Application time: 0.0788840 seconds
233.767: [GC233.767: [ParNew: 34163K->1690K(37632K), 0.0007280 secs] 68413K->35940K(121024K), 0.0007610 secs] [Times: user=0.01 sys=0.00, real=0.00 secs] 
233.768: Total time for which application threads were stopped: 0.0008970 seconds, Stopping threads took: 0.0000760 seconds
233.848: Application time: 0.0798430 seconds
233.848: [GC233.848: [ParNew: 35136K->2202K(37632K), 0.0009040 secs] 69387K->36452K(121024K), 0.0009450 secs] [Times: user=0.00 sys=0.00, real=0.00 secs] 
233.849: Total time for which application threads were stopped: 0.0010790 seconds, Stopping threads took: 0.0000730 seconds
233.930: Application time: 0.0806940 seconds
233.930: [GC233.930: [ParNew: 35655K->1576K(37632K), 0.0006680 secs] 69905K->35990K(121024K), 0.0007000 secs] [Times: user=0.00 sys=0.00, real=0.00 secs] 
233.931: Total time for which application threads were stopped: 0.0008420 seconds, Stopping threads took: 0.0000830 seconds
234.010: Application time: 0.0792360 seconds
234.010: [GC234.010: [ParNew: 34671K->1636K(37632K), 0.0007700 secs] 69085K->36050K(121024K), 0.0007990 secs] [Times: user=0.00 sys=0.00, real=0.00 secs] 
234.011: Total time for which application threads were stopped: 0.0009240 seconds, Stopping threads took: 0.0000690 seconds
234.090: Application time: 0.0795260 seconds
234.090: [GC234.090: [ParNew: 34649K->1664K(37632K), 0.0006510 secs] 69063K->36078K(121024K), 0.0006810 secs] [Times: user=0.00 sys=0.00, real=0.00 secs] 
234.091: Total time for which application threads were stopped: 0.0008180 seconds, Stopping threads took: 0.0000760 seconds
234.170: Application time: 0.0788040 seconds
234.170: [GC234.170: [ParNew: 34673K->2204K(37632K), 0.0008070 secs] 69087K->36619K(121024K), 0.0008370 secs] [Times: user=0.01 sys=0.00, real=0.00 secs] 
234.171: Total time for which application threads were stopped: 0.0009730 seconds, Stopping threads took: 0.0000650 seconds
234.251: Application time: 0.0800360 seconds
234.251: [GC234.251: [ParNew: 35377K->1662K(37632K), 0.0007590 secs] 69792K->36217K(121024K), 0.0007890 secs] [Times: user=0.00 sys=0.00, real=0.00 secs] 
234.252: Total time for which application threads were stopped: 0.0009330 seconds, Stopping threads took: 0.0000850 seconds
234.333: Application time: 0.0812320 seconds
234.333: [GC234.333: [ParNew: 35110K->1662K(37632K), 0.0007360 secs] 69665K->36217K(121024K), 0.0007650 secs] [Times: user=0.01 sys=0.00, real=0.00 secs] 
234.334: Total time for which application threads were stopped: 0.0009070 seconds, Stopping threads took: 0.0000850 seconds
234.414: Application time: 0.0799270 seconds
234.414: [GC234.414: [ParNew: 35110K->2174K(37632K), 0.0008980 secs] 69665K->36729K(121024K), 0.0009270 secs] [Times: user=0.01 sys=0.00, real=0.00 secs] 
234.415: Total time for which application threads were stopped: 0.0010580 seconds, Stopping threads took: 0.0000720 seconds
234.496: Application time: 0.0806360 seconds
234.496: [GC234.496: [ParNew: 35191K->2088K(37632K), 0.0008040 secs] 69746K->36803K(121024K), 0.0008360 secs] [Times: user=0.01 sys=0.00, real=0.00 secs] 
234.497: Total time for which application threads were stopped: 0.0009850 seconds, Stopping threads took: 0.0000860 seconds
234.577: Application time: 0.0806100 seconds
234.577: [GC234.577: [ParNew: 35542K->1580K(37632K), 0.0006510 secs] 70257K->36295K(121024K), 0.0006810 secs] [Times: user=0.01 sys=0.00, real=0.00 secs] 
234.578: Total time for which application threads were stopped: 0.0008200 seconds, Stopping threads took: 0.0000810 seconds
234.657: Application time: 0.0791970 seconds
234.657: [GC234.657: [ParNew: 34591K->2120K(37632K), 0.0008000 secs] 69305K->36835K(121024K), 0.0008290 secs] [Times: user=0.01 sys=0.00, real=0.00 secs] 
234.658: Total time for which application threads were stopped: 0.0009620 seconds, Stopping threads took: 0.0000750 seconds
234.738: Application time: 0.0793760 seconds
234.738: [GC234.738: [ParNew: 35211K->2148K(37632K), 0.0007950 secs] 69926K->36911K(121024K), 0.0008240 secs] [Times: user=0.01 sys=0.00, real=0.00 secs] 
234.739: Total time for which application threads were stopped: 0.0009670 seconds, Stopping threads took: 0.0000780 seconds
234.820: Application time: 0.0812210 seconds
234.820: [GC234.820: [ParNew: 35167K->1062K(37632K), 0.0006110 secs] 69930K->35941K(121024K), 0.0006460 secs] [Times: user=0.00 sys=0.00, real=0.00 secs] 
234.821: Total time for which application threads were stopped: 0.0007710 seconds, Stopping threads took: 0.0000700 seconds
234.900: Application time: 0.0792190 seconds
234.900: [GC234.900: [ParNew: 34229K->2174K(37632K), 0.0008140 secs] 69108K->37053K(121024K), 0.0008440 secs] [Times: user=0.00 sys=0.00, real=0.00 secs] 
234.901: Total time for which application threads were stopped: 0.0010030 seconds, Stopping threads took: 0.0000990 seconds
234.980: Application time: 0.0794390 seconds
234.980: [GC234.980: [ParNew: 35618K->2572K(37632K), 0.0009710 secs] 70497K->37615K(121024K), 0.0010030 secs] [Times: user=0.01 sys=0.00, real=0.00 secs] 
234.981: Total time for which application threads were stopped: 0.0011380 seconds, Stopping threads took: 0.0000750 seconds
235.064: Application time: 0.0828910 seconds
235.064: [GC235.064: [ParNew: 36029K->1548K(37632K), 0.0006900 secs] 71072K->36591K(121024K), 0.0007180 secs] [Times: user=0.00 sys=0.00, real=0.00 secs] 
235.065: Total time for which application threads were stopped: 0.0008440 seconds, Stopping threads took: 0.0000720 seconds
235.144: Application time: 0.0790520 seconds
235.144: [GC235.144: [ParNew: 34558K->2086K(37632K), 0.0008480 secs] 69602K->37129K(121024K), 0.0008760 secs] [Times: user=0.00 sys=0.00, real=0.00 secs] 
235.145: Total time for which application threads were stopped: 0.0009980 seconds, Stopping threads took: 0.0000640 seconds
235.226: Application time: 0.0803940 seconds
235.226: [GC235.226: [ParNew: 35536K->2088K(37632K), 0.0008470 secs] 70580K->37131K(121024K), 0.0008780 secs] [Times: user=0.01 sys=0.00, real=0.00 secs] 
235.227: Total time for which application threads were stopped: 0.0010120 seconds, Stopping threads took: 0.0000740 seconds
235.306: Application time: 0.0791050 seconds
235.306: [GC235.306: [ParNew: 35103K->2116K(37632K), 0.0009300 secs] 70146K->37159K(121024K), 0.0009570 secs] [Times: user=0.01 sys=0.00, real=0.00 secs] 
235.307: Total time for which application threads were stopped: 0.0010920 seconds, Stopping threads took: 0.0000690 seconds
235.386: Application time: 0.0791830 seconds
235.386: [GC235.386: [ParNew: 35207K->2658K(37632K), 0.0009660 secs] 70250K->37773K(121024K), 0.0009960 secs] [Times: user=0.01 sys=0.00, real=0.00 secs] 
235.387: Total time for which application threads were stopped: 0.0011330 seconds, Stopping threads took: 0.0000770 seconds
235.468: Application time: 0.0809160 seconds
235.468: [GC235.468: [ParNew: 35673K->2088K(37632K), 0.0008230 secs] 70788K->37331K(121024K), 0.0008530 secs] [Times: user=0.01 sys=0.00, real=0.00 secs] 
235.469: Total time for which application threads were stopped: 0.0009770 seconds, Stopping threads took: 0.0000630 seconds
235.548: Application time: 0.0791970 seconds
235.548: [GC235.548: [ParNew: 35261K->2176K(37632K), 0.0007900 secs] 70505K->37419K(121024K), 0.0008220 secs] [Times: user=0.01 sys=0.00, real=0.00 secs] 
235.549: Total time for which application threads were stopped: 0.0009610 seconds, Stopping threads took: 0.0000790 seconds
235.630: Application time: 0.0812540 seconds
235.631: [GC235.631: [ParNew: 35629K->1546K(37632K), 0.0006660 secs] 70872K->36949K(121024K), 0.0006960 secs] [Times: user=0.00 sys=0.00, real=0.00 secs] 
235.631: Total time for which application threads were stopped: 0.0009040 seconds, Stopping threads took: 0.0001490 seconds
235.713: Application time: 0.0817810 seconds
235.713: [GC235.713: [ParNew: 34994K->1546K(37632K), 0.0007150 secs] 70398K->36949K(121024K), 0.0007460 secs] [Times: user=0.00 sys=0.00, real=0.00 secs] 
235.714: Total time for which application threads were stopped: 0.0008670 seconds, Stopping threads took: 0.0000610 seconds
235.792: Application time: 0.0780330 seconds
235.792: [GC235.792: [ParNew: 34559K->1576K(37632K), 0.0006270 secs] 69962K->36979K(121024K), 0.0006560 secs] [Times: user=0.01 sys=0.00, real=0.00 secs] 
235.793: Total time for which application threads were stopped: 0.0007920 seconds, Stopping threads took: 0.0000770 seconds
235.874: Application time: 0.0812940 seconds
235.874: [GC235.874: [ParNew: 35026K->1578K(37632K), 0.0007060 secs] 70430K->36981K(121024K), 0.0007450 secs] [Times: user=0.00 sys=0.00, real=0.00 secs] 
235.875: Total time for which application threads were stopped: 0.0009030 seconds, Stopping threads took: 0.0000910 seconds
235.954: Application time: 0.0792870 seconds
235.954: [GC235.954: [ParNew: 34590K->2120K(37632K), 0.0007800 secs] 69994K->37523K(121024K), 0.0008100 secs] [Times: user=0.00 sys=0.00, real=0.01 secs] 
235.955: Total time for which application threads were stopped: 0.0009440 seconds, Stopping threads took: 0.0000760 seconds
236.035: Application time: 0.0800810 seconds
236.035: [GC236.035: [ParNew: 35213K->2148K(37632K), 0.0008280 secs] 70616K->37623K(121024K), 0.0008560 secs] [Times: user=0.01 sys=0.00, real=0.00 secs] 
236.036: Total time for which application threads were stopped: 0.0009840 seconds, Stopping threads took: 0.0000690 seconds
236.116: Application time: 0.0796260 seconds
236.116: [GC236.116: [ParNew: 35241K->2118K(37632K), 0.0007980 secs] 70716K->37713K(121024K), 0.0008280 secs] [Times: user=0.01 sys=0.00, real=0.00 secs] 
236.117: Total time for which application threads were stopped: 0.0009550 seconds, Stopping threads took: 0.0000660 seconds
236.196: Application time: 0.0788240 seconds
236.196: [GC236.196: [ParNew: 35211K->1606K(37632K), 0.0006670 secs] 70807K->37305K(121024K), 0.0006960 secs] [Times: user=0.00 sys=0.00, real=0.00 secs] 
236.197: Total time for which application threads were stopped: 0.0008490 seconds, Stopping threads took: 0.0000940 seconds
236.277: Application time: 0.0807910 seconds
236.277: [GC236.277: [ParNew: 35056K->1608K(37632K), 0.0006540 secs] 70756K->37307K(121024K), 0.0006840 secs] [Times: user=0.00 sys=0.00, real=0.00 secs] 
236.278: Total time for which application threads were stopped: 0.0008300 seconds, Stopping threads took: 0.0000880 seconds
236.359: Application time: 0.0806760 seconds
236.359: [GC236.359: [ParNew: 35058K->1608K(37632K), 0.0006500 secs] 70758K->37307K(121024K), 0.0006810 secs] [Times: user=0.00 sys=0.00, real=0.00 secs] 
236.360: Total time for which application threads were stopped: 0.0008100 seconds, Stopping threads took: 0.0000720 seconds
236.439: Application time: 0.0798360 seconds
236.440: [GC236.440: [ParNew: 34616K->2658K(37632K), 0.0010140 secs] 70316K->38357K(121024K), 0.0010450 secs] [Times: user=0.01 sys=0.00, real=0.00 secs] 
236.441: Total time for which application threads were stopped: 0.0011930 seconds, Stopping threads took: 0.0000760 seconds
236.521: Application time: 0.0806760 seconds
236.521: [GC236.521: [ParNew: 36113K->2056K(37632K), 0.0009020 secs] 71812K->37883K(121024K), 0.0009300 secs] [Times: user=0.01 sys=0.00, real=0.00 secs] 
236.522: Total time for which application threads were stopped: 0.0010870 seconds, Stopping threads took: 0.0000970 seconds
236.602: Application time: 0.0797510 seconds
236.602: [GC236.602: [ParNew: 35073K->2092K(37632K), 0.0008570 secs] 70900K->37919K(121024K), 0.0008890 secs] [Times: user=0.00 sys=0.00, real=0.00 secs] 
236.603: Total time for which application threads were stopped: 0.0010250 seconds, Stopping threads took: 0.0000770 seconds
236.683: Application time: 0.0801390 seconds
236.683: [GC236.683: [ParNew: 35263K->1664K(37632K), 0.0006840 secs] 71091K->37492K(121024K), 0.0007130 secs] [Times: user=0.01 sys=0.00, real=0.00 secs] 
236.684: Total time for which application threads were stopped: 0.0008590 seconds, Stopping threads took: 0.0000880 seconds
236.764: Application time: 0.0802340 seconds
236.765: [GC236.765: [ParNew: 34679K->1690K(37632K), 0.0007850 secs] 70506K->37518K(121024K), 0.0008160 secs] [Times: user=0.01 sys=0.00, real=0.00 secs] 
236.765: Total time for which application threads were stopped: 0.0009440 seconds, Stopping threads took: 0.0000700 seconds
236.845: Application time: 0.0792860 seconds
236.845: [GC236.845: [ParNew: 34787K->1236K(37632K), 0.0005500 secs] 70615K->37064K(121024K), 0.0005810 secs] [Times: user=0.00 sys=0.00, real=0.00 secs] 
236.845: Total time for which application threads were stopped: 0.0007130 seconds, Stopping threads took: 0.0000650 seconds
236.925: Application time: 0.0799420 seconds
236.925: [GC236.925: [ParNew: 34682K->1744K(37632K), 0.0007880 secs] 70510K->37572K(121024K), 0.0008200 secs] [Times: user=0.01 sys=0.00, real=0.00 secs] 
236.926: Total time for which application threads were stopped: 0.0009540 seconds, Stopping threads took: 0.0000740 seconds
237.007: Application time: 0.0804110 seconds
237.007: [GC237.007: [ParNew: 35188K->2260K(37632K), 0.0008840 secs] 71016K->38088K(121024K), 0.0009140 secs] [Times: user=0.01 sys=0.00, real=0.01 secs] 
237.008: Total time for which application threads were stopped: 0.0010530 seconds, Stopping threads took: 0.0000700 seconds
237.088: Application time: 0.0803320 seconds
237.088: [GC237.088: [ParNew: 35277K->1580K(37632K), 0.0007030 secs] 71105K->37648K(121024K), 0.0007340 secs] [Times: user=0.01 sys=0.00, real=0.00 secs] 
237.089: Total time for which application threads were stopped: 0.0008730 seconds, Stopping threads took: 0.0000830 seconds
237.168: Application time: 0.0795420 seconds
237.169: [GC237.169: [ParNew: 35030K->1578K(37632K), 0.0007050 secs] 71098K->37646K(121024K), 0.0007340 secs] [Times: user=0.00 sys=0.00, real=0.00 secs] 
237.169: Total time for which application threads were stopped: 0.0008610 seconds, Stopping threads took: 0.0000680 seconds
237.250: Application time: 0.0801510 seconds
237.250: [GC237.250: [ParNew: 34587K->2118K(37632K), 0.0008530 secs] 70655K->38186K(121024K), 0.0008820 secs] [Times: user=0.00 sys=0.00, real=0.00 secs] 
237.251: Total time for which application threads were stopped: 0.0010090 seconds, Stopping threads took: 0.0000680 seconds
237.331: Application time: 0.0801450 seconds
237.331: [GC237.331: [ParNew: 35293K->1664K(37632K), 0.0006730 secs] 71361K->37796K(121024K), 0.0007020 secs] [Times: user=0.01 sys=0.00, real=0.00 secs] 
237.332: Total time for which application threads were stopped: 0.0008440 seconds, Stopping threads took: 0.0000840 seconds
237.411: Application time: 0.0794700 seconds
237.411: [GC237.411: [ParNew: 34755K->1720K(37632K), 0.0007240 secs] 70887K->37852K(121024K), 0.0007510 secs] [Times: user=0.01 sys=0.00, real=0.00 secs] 
237.412: Total time for which application threads were stopped: 0.0008790 seconds, Stopping threads took: 0.0000670 seconds
237.492: Application time: 0.0800220 seconds
237.492: [GC237.492: [ParNew: 34735K->1748K(37632K), 0.0006860 secs] 70867K->37880K(121024K), 0.0007170 secs] [Times: user=0.00 sys=0.00, real=0.00 secs] 
237.493: Total time for which application threads were stopped: 0.0008560 seconds, Stopping threads took: 0.0000760 seconds
237.573: Application time: 0.0802990 seconds
237.573: [GC237.573: [ParNew: 35195K->2260K(37632K), 0.0008800 secs] 71327K->38392K(121024K), 0.0009080 secs] [Times: user=0.01 sys=0.00, real=0.00 secs] 
237.574: Total time for which application threads were stopped: 0.0010550 seconds, Stopping threads took: 0.0000760 seconds
237.656: Application time: 0.0821620 seconds
237.656: [GC237.656: [ParNew: 35713K->1578K(37632K), 0.0006620 secs] 71845K->37926K(121024K), 0.0006910 secs] [Times: user=0.01 sys=0.00, real=0.00 secs] 
237.657: Total time for which application threads were stopped: 0.0008180 seconds, Stopping threads took: 0.0000670 seconds
237.736: Application time: 0.0785490 seconds
237.736: [GC237.736: [ParNew: 34586K->2632K(37632K), 0.0009310 secs] 70935K->38980K(121024K), 0.0009640 secs] [Times: user=0.00 sys=0.00, real=0.00 secs] 
237.737: Total time for which application threads were stopped: 0.0011240 seconds, Stopping threads took: 0.0001000 seconds
237.818: Application time: 0.0813670 seconds
237.818: [GC237.818: [ParNew: 36081K->2572K(37632K), 0.0009790 secs] 72429K->39032K(121024K), 0.0010090 secs] [Times: user=0.01 sys=0.00, real=0.00 secs] 
237.819: Total time for which application threads were stopped: 0.0011420 seconds, Stopping threads took: 0.0000740 seconds
237.900: Application time: 0.0811000 seconds
237.900: [GC237.900: [ParNew: 35591K->1576K(37632K), 0.0007300 secs] 72051K->38036K(121024K), 0.0007620 secs] [Times: user=0.00 sys=0.00, real=0.00 secs] 
237.901: Total time for which application threads were stopped: 0.0008810 seconds, Stopping threads took: 0.0000580 seconds
237.981: Application time: 0.0796320 seconds
237.981: [GC237.981: [ParNew: 34745K->2174K(37632K), 0.0008110 secs] 71205K->38634K(121024K), 0.0008400 secs] [Times: user=0.01 sys=0.00, real=0.00 secs] 
237.982: Total time for which application threads were stopped: 0.0009920 seconds, Stopping threads took: 0.0000910 seconds
238.062: Application time: 0.0805460 seconds
238.063: [GC238.063: [ParNew: 35269K->1094K(37632K), 0.0020330 secs] 71729K->37706K(121024K), 0.0020670 secs] [Times: user=0.00 sys=0.00, real=0.00 secs] 
238.065: Total time for which application threads were stopped: 0.0022080 seconds, Stopping threads took: 0.0000830 seconds
238.145: Application time: 0.0801270 seconds
238.145: [GC238.145: [ParNew: 34113K->612K(37632K), 0.0003850 secs] 70725K->37224K(121024K), 0.0004130 secs] [Times: user=0.01 sys=0.00, real=0.00 secs] 
238.145: Total time for which application threads were stopped: 0.0005540 seconds, Stopping threads took: 0.0000720 seconds
238.226: Application time: 0.0803050 seconds
238.226: [GC238.226: [ParNew: 34060K->610K(37632K), 0.0004490 secs] 70673K->37222K(121024K), 0.0004780 secs] [Times: user=0.00 sys=0.00, real=0.00 secs] 
238.226: Total time for which application threads were stopped: 0.0006130 seconds, Stopping threads took: 0.0000800 seconds
238.307: Application time: 0.0803320 seconds
238.307: [GC238.307: [ParNew: 34054K->1636K(37632K), 0.0006510 secs] 70667K->38248K(121024K), 0.0006810 secs] [Times: user=0.01 sys=0.00, real=0.01 secs] 
238.307: Total time for which application threads were stopped: 0.0007920 seconds, Stopping threads took: 0.0000510 seconds
238.384: Application time: 0.0769740 seconds
238.384: [GC238.384: [ParNew: 34643K->3198K(37632K), 0.0011720 secs] 71255K->39810K(121024K), 0.0012030 secs] [Times: user=0.00 sys=0.00, real=0.00 secs] 
238.386: Total time for which application threads were stopped: 0.0013450 seconds, Stopping threads took: 0.0000800 seconds
238.468: Application time: 0.0827170 seconds
238.469: [GC238.469: [ParNew: 36657K->2060K(37632K), 0.0008300 secs] 73269K->38836K(121024K), 0.0008590 secs] [Times: user=0.01 sys=0.00, real=0.00 secs] 
238.469: Total time for which application threads were stopped: 0.0009940 seconds, Stopping threads took: 0.0000780 seconds
238.549: Application time: 0.0799190 seconds
238.549: [GC238.550: [ParNew: 35069K->2088K(37632K), 0.0007930 secs] 71845K->38864K(121024K), 0.0008230 secs] [Times: user=0.01 sys=0.00, real=0.00 secs] 
238.550: Total time for which application threads were stopped: 0.0010060 seconds, Stopping threads took: 0.0001240 seconds
238.633: Application time: 0.0822100 seconds
238.633: [GC238.633: [ParNew: 35269K->1664K(37632K), 0.0006770 secs] 72046K->38440K(121024K), 0.0007080 secs] [Times: user=0.01 sys=0.00, real=0.00 secs] 
238.633: Total time for which application threads were stopped: 0.0008380 seconds, Stopping threads took: 0.0000700 seconds
238.721: Application time: 0.0874770 seconds
238.721: [GC238.721: [ParNew: 34761K->1208K(37632K), 0.0005390 secs] 71538K->37984K(121024K), 0.0005710 secs] [Times: user=0.00 sys=0.00, real=0.00 secs] 
238.722: Total time for which application threads were stopped: 0.0007280 seconds, Stopping threads took: 0.0000880 seconds
238.808: Application time: 0.0863210 seconds
238.808: [GC238.808: [ParNew: 34217K->2260K(37632K), 0.0008340 secs] 70993K->39037K(121024K), 0.0008640 secs] [Times: user=0.01 sys=0.00, real=0.00 secs] 
238.809: Total time for which application threads were stopped: 0.0009940 seconds, Stopping threads took: 0.0000700 seconds
238.897: Application time: 0.0876710 seconds
238.897: [GC238.897: [ParNew: 35717K->1064K(37632K), 0.0005630 secs] 72493K->38056K(121024K), 0.0005940 secs] [Times: user=0.00 sys=0.00, real=0.00 secs] 
238.897: Total time for which application threads were stopped: 0.0007160 seconds, Stopping threads took: 0.0000610 seconds
238.983: Application time: 0.0859810 seconds
238.984: [GC238.984: [ParNew: 34510K->2092K(37632K), 0.0008630 secs] 71503K->39084K(121024K), 0.0009040 secs] [Times: user=0.01 sys=0.00, real=0.00 secs] 
238.984: Total time for which application threads were stopped: 0.0011630 seconds, Stopping threads took: 0.0001980 seconds
239.072: Application time: 0.0872110 seconds
239.072: [GC239.072: [ParNew: 35113K->1092K(37632K), 0.0005110 secs] 72106K->38084K(121024K), 0.0005410 secs] [Times: user=0.00 sys=0.00, real=0.00 secs] 
239.072: Total time for which application threads were stopped: 0.0006900 seconds, Stopping threads took: 0.0000890 seconds
239.160: Application time: 0.0876220 seconds
239.160: [GC239.160: [ParNew: 34544K->1096K(37632K), 0.0005470 secs] 71537K->38089K(121024K), 0.0005750 secs] [Times: user=0.00 sys=0.00, real=0.00 secs] 
239.161: Total time for which application threads were stopped: 0.0007000 seconds, Stopping threads took: 0.0000640 seconds
239.245: Application time: 0.0840700 seconds
239.245: [GC239.245: [ParNew: 34102K->2148K(37632K), 0.0008160 secs] 71095K->39141K(121024K), 0.0008510 secs] [Times: user=0.00 sys=0.00, real=0.00 secs] 
239.246: Total time for which application threads were stopped: 0.0009960 seconds, Stopping threads took: 0.0000710 seconds
239.330: Application time: 0.0846680 seconds
239.331: [GC239.331: [ParNew: 35395K->2716K(37632K), 0.0009740 secs] 72388K->39797K(121024K), 0.0010060 secs] [Times: user=0.01 sys=0.00, real=0.00 secs] 
239.332: Total time for which application threads were stopped: 0.0011560 seconds, Stopping threads took: 0.0000900 seconds
239.418: Application time: 0.0859190 seconds
239.418: [GC239.418: [ParNew: 35729K->3114K(37632K), 0.0012050 secs] 72810K->40375K(121024K), 0.0012360 secs] [Times: user=0.01 sys=0.00, real=0.00 secs] 
239.419: Total time for which application threads were stopped: 0.0013730 seconds, Stopping threads took: 0.0000750 seconds
239.507: Application time: 0.0883540 seconds
239.507: [GC239.507: [ParNew: 36139K->1578K(37632K), 0.0006550 secs] 73400K->38911K(121024K), 0.0006890 secs] [Times: user=0.01 sys=0.00, real=0.00 secs] 
239.508: Total time for which application threads were stopped: 0.0008260 seconds, Stopping threads took: 0.0000710 seconds
239.596: Application time: 0.0883670 seconds
239.597: [GC239.597: [ParNew: 35028K->1064K(37632K), 0.0006330 secs] 72361K->38397K(121024K), 0.0006620 secs] [Times: user=0.01 sys=0.00, real=0.00 secs] 
239.597: Total time for which application threads were stopped: 0.0008290 seconds, Stopping threads took: 0.0001080 seconds
239.685: Application time: 0.0873640 seconds
239.685: [GC239.685: [ParNew: 34514K->1580K(37632K), 0.0006640 secs] 71847K->38913K(121024K), 0.0006960 secs] [Times: user=0.00 sys=0.00, real=0.00 secs] 
239.685: Total time for which application threads were stopped: 0.0008460 seconds, Stopping threads took: 0.0000890 seconds
239.771: Application time: 0.0851450 seconds
239.771: [GC239.771: [ParNew: 34588K->2632K(37632K), 0.0009430 secs] 71922K->39965K(121024K), 0.0009780 secs] [Times: user=0.01 sys=0.00, real=0.00 secs] 
239.772: Total time for which application threads were stopped: 0.0011330 seconds, Stopping threads took: 0.0000820 seconds
239.861: Application time: 0.0896990 seconds
239.862: [GC239.862: [ParNew: 36089K->1546K(37632K), 0.0007480 secs] 73422K->38983K(121024K), 0.0007790 secs] [Times: user=0.01 sys=0.00, real=0.00 secs] 
239.862: Total time for which application threads were stopped: 0.0009150 seconds, Stopping threads took: 0.0000770 seconds
239.948: Application time: 0.0860750 seconds
239.949: [GC239.949: [ParNew: 34567K->552K(37632K), 0.0004190 secs] 72004K->37989K(121024K), 0.0004490 secs] [Times: user=0.00 sys=0.00, real=0.00 secs] 
239.949: Total time for which application threads were stopped: 0.0005780 seconds, Stopping threads took: 0.0000710 seconds
240.035: Application time: 0.0864570 seconds
240.036: [GC240.036: [ParNew: 33801K->1178K(37632K), 0.0005460 secs] 71238K->38615K(121024K), 0.0005830 secs] [Times: user=0.00 sys=0.00, real=0.00 secs] 
240.036: Total time for which application threads were stopped: 0.0007730 seconds, Stopping threads took: 0.0001210 seconds
240.122: Application time: 0.0858430 seconds
240.122: [GC240.122: [ParNew: 34189K->1720K(37632K), 0.0007120 secs] 71626K->39157K(121024K), 0.0007420 secs] [Times: user=0.00 sys=0.00, real=0.00 secs] 
240.123: Total time for which application threads were stopped: 0.0008850 seconds, Stopping threads took: 0.0000820 seconds
240.208: Application time: 0.0854780 seconds
240.209: [GC240.209: [ParNew: 34733K->1748K(37632K), 0.0006870 secs] 72170K->39185K(121024K), 0.0007190 secs] [Times: user=0.00 sys=0.00, real=0.00 secs] 
240.209: Total time for which application threads were stopped: 0.0008760 seconds, Stopping threads took: 0.0000930 seconds
240.297: Application time: 0.0875350 seconds
240.297: [GC240.297: [ParNew: 35195K->2260K(37632K), 0.0008490 secs] 72632K->39697K(121024K), 0.0008800 secs] [Times: user=0.01 sys=0.00, real=0.00 secs] 
240.298: Total time for which application threads were stopped: 0.0010260 seconds, Stopping threads took: 0.0000780 seconds
240.384: Application time: 0.0863350 seconds
240.384: [GC240.384: [ParNew: 35711K->2090K(37632K), 0.0008720 secs] 73148K->39751K(121024K), 0.0009020 secs] [Times: user=0.01 sys=0.00, real=0.00 secs] 
240.385: Total time for which application threads were stopped: 0.0010390 seconds, Stopping threads took: 0.0000750 seconds
240.472: Application time: 0.0866910 seconds
240.472: [GC240.472: [ParNew: 35105K->2120K(37632K), 0.0008210 secs] 72766K->39781K(121024K), 0.0008510 secs] [Times: user=0.00 sys=0.00, real=0.00 secs] 
240.473: Total time for which application threads were stopped: 0.0009770 seconds, Stopping threads took: 0.0000640 seconds
240.561: Application time: 0.0881490 seconds
240.561: [GC240.561: [ParNew: 35573K->1574K(37632K), 0.0006960 secs] 73234K->39307K(121024K), 0.0007260 secs] [Times: user=0.00 sys=0.00, real=0.00 secs] 
240.562: Total time for which application threads were stopped: 0.0008630 seconds, Stopping threads took: 0.0000750 seconds
240.648: Application time: 0.0863900 seconds
240.648: [GC240.649: [ParNew: 34588K->2118K(37632K), 0.0008020 secs] 72322K->39851K(121024K), 0.0008370 secs] [Times: user=0.01 sys=0.00, real=0.00 secs] 
240.649: Total time for which application threads were stopped: 0.0009840 seconds, Stopping threads took: 0.0000830 seconds
240.737: Application time: 0.0881150 seconds
240.738: [GC240.738: [ParNew: 35372K->1690K(37632K), 0.0007430 secs] 73105K->39479K(121024K), 0.0007710 secs] [Times: user=0.01 sys=0.00, real=0.00 secs] 
240.738: Total time for which application threads were stopped: 0.0008980 seconds, Stopping threads took: 0.0000700 seconds
240.826: Application time: 0.0879140 seconds
240.826: [GC240.826: [ParNew: 34709K->696K(37632K), 0.0004070 secs] 72498K->38485K(121024K), 0.0004370 secs] [Times: user=0.01 sys=0.00, real=0.00 secs] 
240.827: Total time for which application threads were stopped: 0.0005790 seconds, Stopping threads took: 0.0000720 seconds
240.911: Application time: 0.0838040 seconds
240.911: [GC240.911: [ParNew: 33707K->1234K(37632K), 0.0006690 secs] 71496K->39023K(121024K), 0.0007000 secs] [Times: user=0.00 sys=0.00, real=0.00 secs] 
240.912: Total time for which application threads were stopped: 0.0008460 seconds, Stopping threads took: 0.0000880 seconds
240.996: Application time: 0.0841980 seconds
240.996: [GC240.996: [ParNew: 34674K->3284K(37632K), 0.0011840 secs] 72464K->41073K(121024K), 0.0012160 secs] [Times: user=0.01 sys=0.00, real=0.00 secs] 
240.997: Total time for which application threads were stopped: 0.0013600 seconds, Stopping threads took: 0.0000820 seconds
241.089: Application time: 0.0921140 seconds
241.089: [GC241.089: [ParNew: 36755K->14K(37632K), 0.0003390 secs] 74545K->38039K(121024K), 0.0003680 secs] [Times: user=0.00 sys=0.00, real=0.00 secs] 
241.090: Total time for which application threads were stopped: 0.0005120 seconds, Stopping threads took: 0.0000860 seconds
241.175: Application time: 0.0854330 seconds
241.175: [GC241.175: [ParNew: 33018K->2090K(37632K), 0.0007990 secs] 71044K->40115K(121024K), 0.0008410 secs] [Times: user=0.00 sys=0.00, real=0.00 secs] 
241.176: Total time for which application threads were stopped: 0.0009890 seconds, Stopping threads took: 0.0000870 seconds
241.260: Application time: 0.0843110 seconds
241.261: [GC241.261: [ParNew: 35536K->2602K(37632K), 0.0009130 secs] 73562K->40627K(121024K), 0.0009430 secs] [Times: user=0.00 sys=0.00, real=0.00 secs] 
241.262: Total time for which application threads were stopped: 0.0010840 seconds, Stopping threads took: 0.0000780 seconds
241.348: Application time: 0.0863290 seconds
241.348: [GC241.348: [ParNew: 35611K->3116K(37632K), 0.0010810 secs] 73636K->41213K(121024K), 0.0011130 secs] [Times: user=0.01 sys=0.00, real=0.00 secs] 
241.349: Total time for which application threads were stopped: 0.0012880 seconds, Stopping threads took: 0.0001060 seconds
241.437: Application time: 0.0876820 seconds
241.437: [GC241.437: [ParNew: 36368K->2682K(37632K), 0.0010820 secs] 74465K->40836K(121024K), 0.0011140 secs] [Times: user=0.01 sys=0.00, real=0.00 secs] 
241.438: Total time for which application threads were stopped: 0.0012510 seconds, Stopping threads took: 0.0000740 seconds
241.524: Application time: 0.0861080 seconds
241.524: [GC241.524: [ParNew: 35695K->2600K(37632K), 0.0010560 secs] 73848K->40910K(121024K), 0.0010890 secs] [Times: user=0.01 sys=0.00, real=0.00 secs] 
241.525: Total time for which application threads were stopped: 0.0012400 seconds, Stopping threads took: 0.0000870 seconds
241.612: Application time: 0.0863100 seconds
241.612: [GC241.612: [ParNew: 35613K->2600K(37632K), 0.0010160 secs] 73922K->40974K(121024K), 0.0010470 secs] [Times: user=0.01 sys=0.00, real=0.00 secs] 
241.613: Total time for which application threads were stopped: 0.0011880 seconds, Stopping threads took: 0.0000790 seconds
241.701: Application time: 0.0878230 seconds
241.701: [GC241.701: [ParNew: 36048K->2570K(37632K), 0.0009620 secs] 74422K->41008K(121024K), 0.0009920 secs] [Times: user=0.01 sys=0.00, real=0.00 secs] 
241.702: Total time for which application threads were stopped: 0.0011170 seconds, Stopping threads took: 0.0000610 seconds
241.789: Application time: 0.0868990 seconds
241.789: [GC241.789: [ParNew: 36024K->2060K(37632K), 0.0007770 secs] 74462K->40498K(121024K), 0.0008100 secs] [Times: user=0.01 sys=0.00, real=0.00 secs] 
241.790: Total time for which application threads were stopped: 0.0009500 seconds, Stopping threads took: 0.0000770 seconds
241.875: Application time: 0.0857450 seconds
241.876: [GC241.876: [ParNew: 35073K->2090K(37632K), 0.0009210 secs] 73510K->40528K(121024K), 0.0009510 secs] [Times: user=0.01 sys=0.00, real=0.00 secs] 
241.877: Total time for which application threads were stopped: 0.0011130 seconds, Stopping threads took: 0.0000940 seconds
241.964: Application time: 0.0876460 seconds
241.964: [GC241.964: [ParNew: 35538K->2088K(37632K), 0.0008750 secs] 73976K->40526K(121024K), 0.0009080 secs] [Times: user=0.01 sys=0.00, real=0.00 secs] 
241.965: Total time for which application threads were stopped: 0.0010360 seconds, Stopping threads took: 0.0000680 seconds
242.052: Application time: 0.0866710 seconds
242.052: [GC242.052: [ParNew: 35181K->1634K(37632K), 0.0007390 secs] 73619K->40072K(121024K), 0.0007700 secs] [Times: user=0.00 sys=0.00, real=0.00 secs] 
242.053: Total time for which application threads were stopped: 0.0009190 seconds, Stopping threads took: 0.0000900 seconds
242.138: Application time: 0.0853410 seconds
242.138: [GC242.138: [ParNew: 34888K->1748K(37632K), 0.0006780 secs] 73326K->40186K(121024K), 0.0007150 secs] [Times: user=0.00 sys=0.00, real=0.00 secs] 
242.139: Total time for which application threads were stopped: 0.0008680 seconds, Stopping threads took: 0.0000900 seconds
242.227: Application time: 0.0876830 seconds
242.227: [GC242.227: [ParNew: 35199K->1748K(37632K), 0.0007260 secs] 73637K->40186K(121024K), 0.0007570 secs] [Times: user=0.01 sys=0.00, real=0.01 secs] 
242.228: Total time for which application threads were stopped: 0.0008910 seconds, Stopping threads took: 0.0000720 seconds
242.314: Application time: 0.0868180 seconds
242.315: [GC242.315: [ParNew: 34769K->752K(37632K), 0.0005100 secs] 73207K->39190K(121024K), 0.0005490 secs] [Times: user=0.00 sys=0.00, real=0.01 secs] 
242.315: Total time for which application threads were stopped: 0.0007740 seconds, Stopping threads took: 0.0001670 seconds
242.402: Application time: 0.0865440 seconds
242.402: [GC242.402: [ParNew: 34200K->750K(37632K), 0.0005120 secs] 72638K->39188K(121024K), 0.0005420 secs] [Times: user=0.00 sys=0.00, real=0.00 secs] 
242.403: Total time for which application threads were stopped: 0.0007910 seconds, Stopping threads took: 0.0001840 seconds
242.489: Application time: 0.0862430 seconds
242.489: [GC242.489: [ParNew: 34194K->1776K(37632K), 0.0006950 secs] 72632K->40214K(121024K), 0.0007260 secs] [Times: user=0.00 sys=0.00, real=0.00 secs] 
242.490: Total time for which application threads were stopped: 0.0008670 seconds, Stopping threads took: 0.0000800 seconds
242.575: Application time: 0.0857270 seconds
242.576: [GC242.576: [ParNew: 34783K->3312K(37632K), 0.0011320 secs] 73221K->41750K(121024K), 0.0011660 secs] [Times: user=0.00 sys=0.00, real=0.00 secs] 
242.577: Total time for which application threads were stopped: 0.0013390 seconds, Stopping threads took: 0.0001100 seconds
242.659: Application time: 0.0821080 seconds
242.659: [GC242.659: [ParNew: 36765K->2572K(37632K), 0.0010270 secs] 75203K->41278K(121024K), 0.0010590 secs] [Times: user=0.00 sys=0.00, real=0.00 secs] 
242.660: Total time for which application threads were stopped: 0.0011870 seconds, Stopping threads took: 0.0000700 seconds
242.743: Application time: 0.0829230 seconds
242.743: [GC242.743: [ParNew: 35761K->100K(37632K), 0.0002920 secs] 74468K->38806K(121024K), 0.0003200 secs] [Times: user=0.00 sys=0.00, real=0.00 secs] 
242.744: Total time for which application threads were stopped: 0.0004860 seconds, Stopping threads took: 0.0001090 seconds
242.821: Application time: 0.0775950 seconds
242.821: [GC242.821: [ParNew: 33256K->3256K(37632K), 0.0010960 secs] 71963K->41962K(121024K), 0.0011260 secs] [Times: user=0.00 sys=0.00, real=0.00 secs] 
242.822: Total time for which application threads were stopped: 0.0012580 seconds, Stopping threads took: 0.0000710 seconds
242.905: Application time: 0.0823620 seconds
242.905: [GC242.905: [ParNew: 36717K->1546K(37632K), 0.0006920 secs] 75423K->40472K(121024K), 0.0007210 secs] [Times: user=0.01 sys=0.00, real=0.00 secs] 
242.906: Total time for which application threads were stopped: 0.0008530 seconds, Stopping threads took: 0.0000690 seconds
242.985: Application time: 0.0792010 seconds
242.985: [GC242.985: [ParNew: 34552K->2602K(37632K), 0.0009730 secs] 73479K->41528K(121024K), 0.0010040 secs] [Times: user=0.01 sys=0.00, real=0.00 secs] 
242.986: Total time for which application threads were stopped: 0.0011500 seconds, Stopping threads took: 0.0000840 seconds
243.068: Application time: 0.0818020 seconds
243.068: [GC243.068: [ParNew: 36052K->2570K(37632K), 0.0009700 secs] 74979K->41568K(121024K), 0.0010040 secs] [Times: user=0.01 sys=0.00, real=0.00 secs] 
243.069: Total time for which application threads were stopped: 0.0011300 seconds, Stopping threads took: 0.0000680 seconds
243.149: Application time: 0.0801430 seconds
243.149: [GC243.149: [ParNew: 36020K->2574K(37632K), 0.0009460 secs] 75019K->41572K(121024K), 0.0009770 secs] [Times: user=0.00 sys=0.00, real=0.00 secs] 
243.150: Total time for which application threads were stopped: 0.0011360 seconds, Stopping threads took: 0.0000970 seconds
243.230: Application time: 0.0802090 seconds
243.230: [GC243.231: [ParNew: 35585K->2600K(37632K), 0.0009250 secs] 74583K->41598K(121024K), 0.0009580 secs] [Times: user=0.00 sys=0.00, real=0.00 secs] 
243.231: Total time for which application threads were stopped: 0.0011170 seconds, Stopping threads took: 0.0000970 seconds
243.312: Application time: 0.0805170 seconds
243.312: [GC243.312: [ParNew: 36049K->2574K(37632K), 0.0009370 secs] 75047K->41644K(121024K), 0.0009690 secs] [Times: user=0.00 sys=0.00, real=0.00 secs] 
243.313: Total time for which application threads were stopped: 0.0011110 seconds, Stopping threads took: 0.0000730 seconds
243.393: Application time: 0.0801150 seconds
243.393: [GC243.393: [ParNew: 35747K->2146K(37632K), 0.0008780 secs] 74818K->41216K(121024K), 0.0009070 secs] [Times: user=0.01 sys=0.00, real=0.00 secs] 
243.394: Total time for which application threads were stopped: 0.0010510 seconds, Stopping threads took: 0.0000850 seconds
243.475: Application time: 0.0808780 seconds
243.475: [GC243.475: [ParNew: 35321K->1634K(37632K), 0.0007490 secs] 74392K->40832K(121024K), 0.0007790 secs] [Times: user=0.01 sys=0.00, real=0.00 secs] 
243.476: Total time for which application threads were stopped: 0.0009100 seconds, Stopping threads took: 0.0000630 seconds
243.556: Application time: 0.0800050 seconds
243.556: [GC243.556: [ParNew: 35082K->1632K(37632K), 0.0007660 secs] 74281K->40830K(121024K), 0.0007960 secs] [Times: user=0.00 sys=0.00, real=0.00 secs] 
243.557: Total time for which application threads were stopped: 0.0009130 seconds, Stopping threads took: 0.0000600 seconds
243.636: Application time: 0.0791880 seconds
243.636: [GC243.636: [ParNew: 34645K->1664K(37632K), 0.0007380 secs] 73843K->40862K(121024K), 0.0007670 secs] [Times: user=0.00 sys=0.00, real=0.00 secs] 
243.637: Total time for which application threads were stopped: 0.0009200 seconds, Stopping threads took: 0.0000940 seconds
243.716: Application time: 0.0792960 seconds
243.717: [GC243.717: [ParNew: 35108K->2688K(37632K), 0.0010190 secs] 74307K->41886K(121024K), 0.0010500 secs] [Times: user=0.00 sys=0.00, real=0.00 secs] 
243.718: Total time for which application threads were stopped: 0.0012030 seconds, Stopping threads took: 0.0000940 seconds
243.797: Application time: 0.0795850 seconds
243.797: [GC243.797: [ParNew: 36133K->3084K(37632K), 0.0011390 secs] 75331K->42446K(121024K), 0.0011710 secs] [Times: user=0.01 sys=0.00, real=0.00 secs] 
243.798: Total time for which application threads were stopped: 0.0013020 seconds, Stopping threads took: 0.0000690 seconds
243.878: Application time: 0.0798180 seconds
243.878: [GC243.878: [ParNew: 36101K->2602K(37632K), 0.0009210 secs] 75464K->41964K(121024K), 0.0009520 secs] [Times: user=0.00 sys=0.00, real=0.00 secs] 
243.879: Total time for which application threads were stopped: 0.0011020 seconds, Stopping threads took: 0.0000880 seconds
243.961: Application time: 0.0812590 seconds
243.961: [GC243.961: [ParNew: 36058K->2580K(37632K), 0.0009270 secs] 75421K->42014K(121024K), 0.0009580 secs] [Times: user=0.01 sys=0.00, real=0.00 secs] 
243.962: Total time for which application threads were stopped: 0.0010960 seconds, Stopping threads took: 0.0000790 seconds
244.042: Application time: 0.0804160 seconds
244.042: [GC244.042: [ParNew: 35741K->2660K(37632K), 0.0009650 secs] 75176K->42111K(121024K), 0.0009950 secs] [Times: user=0.01 sys=0.00, real=0.00 secs] 
244.043: Total time for which application threads were stopped: 0.0011480 seconds, Stopping threads took: 0.0000810 seconds
244.125: Application time: 0.0811870 seconds
244.125: [GC244.125: [ParNew: 35833K->2146K(37632K), 0.0008590 secs] 75284K->41721K(121024K), 0.0008890 secs] [Times: user=0.01 sys=0.00, real=0.00 secs] 
244.126: Total time for which application threads were stopped: 0.0010220 seconds, Stopping threads took: 0.0000730 seconds
244.206: Application time: 0.0805100 seconds
244.206: [GC244.206: [ParNew: 35596K->1548K(37632K), 0.0006810 secs] 75171K->41259K(121024K), 0.0007100 secs] [Times: user=0.01 sys=0.00, real=0.00 secs] 
244.207: Total time for which application threads were stopped: 0.0009020 seconds, Stopping threads took: 0.0001350 seconds
244.287: Application time: 0.0801970 seconds
244.287: [GC244.287: [ParNew: 34565K->1578K(37632K), 0.0006200 secs] 74276K->41289K(121024K), 0.0006500 secs] [Times: user=0.01 sys=0.00, real=0.00 secs] 
244.288: Total time for which application threads were stopped: 0.0007730 seconds, Stopping threads took: 0.0000650 seconds
244.370: Application time: 0.0816100 seconds
244.370: [GC244.370: [ParNew: 35030K->1064K(37632K), 0.0004870 secs] 74741K->40775K(121024K), 0.0005260 secs] [Times: user=0.00 sys=0.00, real=0.00 secs] 
244.370: Total time for which application threads were stopped: 0.0006530 seconds, Stopping threads took: 0.0000710 seconds
244.451: Application time: 0.0802940 seconds
244.451: [GC244.451: [ParNew: 34506K->2090K(37632K), 0.0008190 secs] 74217K->41801K(121024K), 0.0008490 secs] [Times: user=0.01 sys=0.00, real=0.00 secs] 
244.451: Total time for which application threads were stopped: 0.0009780 seconds, Stopping threads took: 0.0000690 seconds
244.530: Application time: 0.0787730 seconds
244.530: [GC244.530: [ParNew: 35103K->2118K(37632K), 0.0008170 secs] 74814K->41829K(121024K), 0.0008460 secs] [Times: user=0.00 sys=0.00, real=0.00 secs] 
244.531: Total time for which application threads were stopped: 0.0010040 seconds, Stopping threads took: 0.0001000 seconds
244.611: Application time: 0.0796060 seconds
244.611: [GC244.611: [ParNew: 35135K->1606K(37632K), 0.0006990 secs] 74846K->41389K(121024K), 0.0007290 secs] [Times: user=0.00 sys=0.00, real=0.00 secs] 
244.612: Total time for which application threads were stopped: 0.0008820 seconds, Stopping threads took: 0.0000880 seconds
244.691: Application time: 0.0797060 seconds
244.692: [GC244.692: [ParNew: 34697K->2176K(37632K), 0.0008310 secs] 74480K->41959K(121024K), 0.0008610 secs] [Times: user=0.01 sys=0.00, real=0.00 secs] 
244.692: Total time for which application threads were stopped: 0.0009930 seconds, Stopping threads took: 0.0000730 seconds
244.774: Application time: 0.0812200 seconds
244.774: [GC244.774: [ParNew: 35349K->2146K(37632K), 0.0008530 secs] 75132K->42093K(121024K), 0.0008830 secs] [Times: user=0.00 sys=0.00, real=0.00 secs] 
244.775: Total time for which application threads were stopped: 0.0010120 seconds, Stopping threads took: 0.0000700 seconds
244.855: Application time: 0.0805300 seconds
244.855: [GC244.855: [ParNew: 35596K->2058K(37632K), 0.0008010 secs] 75544K->42137K(121024K), 0.0008310 secs] [Times: user=0.00 sys=0.00, real=0.00 secs] 
244.856: Total time for which application threads were stopped: 0.0009500 seconds, Stopping threads took: 0.0000580 seconds
244.934: Application time: 0.0776650 seconds
244.934: [GC244.934: [ParNew: 35070K->2090K(37632K), 0.0008030 secs] 75150K->42169K(121024K), 0.0008330 secs] [Times: user=0.00 sys=0.00, real=0.00 secs] 
244.935: Total time for which application threads were stopped: 0.0009550 seconds, Stopping threads took: 0.0000640 seconds
245.014: Application time: 0.0793910 seconds
245.014: [GC245.014: [ParNew: 35538K->2602K(37632K), 0.0009340 secs] 75618K->42681K(121024K), 0.0009670 secs] [Times: user=0.00 sys=0.00, real=0.01 secs] 
245.015: Total time for which application threads were stopped: 0.0011250 seconds, Stopping threads took: 0.0000970 seconds
245.097: Application time: 0.0819500 seconds
245.097: [GC245.097: [ParNew: 36063K->1032K(37632K), 0.0005170 secs] 76142K->41191K(121024K), 0.0005480 secs] [Times: user=0.00 sys=0.00, real=0.00 secs] 
245.098: Total time for which application threads were stopped: 0.0007340 seconds, Stopping threads took: 0.0001260 seconds
245.177: Application time: 0.0792520 seconds
245.177: [GC245.177: [ParNew: 34040K->1578K(37632K), 0.0006430 secs] 74200K->41737K(121024K), 0.0006740 secs] [Times: user=0.00 sys=0.00, real=0.00 secs] 
245.178: Total time for which application threads were stopped: 0.0008090 seconds, Stopping threads took: 0.0000620 seconds
245.258: Application time: 0.0801370 seconds
245.258: [GC245.258: [ParNew: 34595K->1096K(37632K), 0.0005160 secs] 74754K->41255K(121024K), 0.0005440 secs] [Times: user=0.00 sys=0.00, real=0.00 secs] 
245.259: Total time for which application threads were stopped: 0.0006850 seconds, Stopping threads took: 0.0000850 seconds
245.339: Application time: 0.0798410 seconds
245.339: [GC245.339: [ParNew: 34273K->668K(37632K), 0.0004770 secs] 74432K->40827K(121024K), 0.0005060 secs] [Times: user=0.01 sys=0.00, real=0.00 secs] 
245.339: Total time for which application threads were stopped: 0.0006460 seconds, Stopping threads took: 0.0000850 seconds
245.419: Application time: 0.0791690 seconds
245.419: [GC245.419: [ParNew: 33759K->724K(37632K), 0.0004380 secs] 73918K->40883K(121024K), 0.0004760 secs] [Times: user=0.00 sys=0.00, real=0.00 secs] 
245.419: Total time for which application threads were stopped: 0.0006020 seconds, Stopping threads took: 0.0000710 seconds
245.497: Application time: 0.0780430 seconds
245.497: [GC245.497: [ParNew: 34162K->2772K(37632K), 0.0009770 secs] 74322K->42931K(121024K), 0.0010110 secs] [Times: user=0.01 sys=0.00, real=0.00 secs] 
245.498: Total time for which application threads were stopped: 0.0011360 seconds, Stopping threads took: 0.0000630 seconds
245.580: Application time: 0.0817150 seconds
245.580: [GC245.580: [ParNew: 36237K->1556K(37632K), 0.0007980 secs] 76396K->41951K(121024K), 0.0008270 secs] [Times: user=0.00 sys=0.00, real=0.00 secs] 
245.581: Total time for which application threads were stopped: 0.0009530 seconds, Stopping threads took: 0.0000670 seconds
245.660: Application time: 0.0793620 seconds
245.661: [GC245.661: [ParNew: 34558K->1578K(37632K), 0.0006330 secs] 74954K->41973K(121024K), 0.0006610 secs] [Times: user=0.00 sys=0.00, real=0.00 secs] 
245.661: Total time for which application threads were stopped: 0.0008430 seconds, Stopping threads took: 0.0001260 seconds
245.740: Application time: 0.0786270 seconds
245.740: [GC245.740: [ParNew: 35020K->3112K(37632K), 0.0010590 secs] 75416K->43507K(121024K), 0.0010910 secs] [Times: user=0.01 sys=0.00, real=0.00 secs] 
245.741: Total time for which application threads were stopped: 0.0012340 seconds, Stopping threads took: 0.0000740 seconds
245.821: Application time: 0.0802480 seconds
245.821: [GC245.821: [ParNew: 36131K->2602K(37632K), 0.0009360 secs] 76526K->43045K(121024K), 0.0009680 secs] [Times: user=0.01 sys=0.00, real=0.00 secs] 
245.822: Total time for which application threads were stopped: 0.0010920 seconds, Stopping threads took: 0.0000640 seconds
245.903: Application time: 0.0810250 seconds
245.904: [GC245.904: [ParNew: 35625K->1068K(37632K), 0.0005270 secs] 76068K->41583K(121024K), 0.0005530 secs] [Times: user=0.01 sys=0.00, real=0.00 secs] 
245.904: Total time for which application threads were stopped: 0.0007080 seconds, Stopping threads took: 0.0000930 seconds
245.984: Application time: 0.0798180 seconds
245.984: [GC245.984: [ParNew: 34241K->1152K(37632K), 0.0005410 secs] 74757K->41667K(121024K), 0.0005700 secs] [Times: user=0.00 sys=0.00, real=0.00 secs] 
245.985: Total time for which application threads were stopped: 0.0006990 seconds, Stopping threads took: 0.0000710 seconds
246.065: Application time: 0.0801210 seconds
246.065: [GC246.065: [ParNew: 34171K->668K(37632K), 0.0003990 secs] 74686K->41183K(121024K), 0.0004280 secs] [Times: user=0.00 sys=0.00, real=0.00 secs] 
246.065: Total time for which application threads were stopped: 0.0005880 seconds, Stopping threads took: 0.0001030 seconds
246.142: Application time: 0.0767520 seconds
246.142: [GC246.142: [ParNew: 33674K->1720K(37632K), 0.0007030 secs] 74190K->42236K(121024K), 0.0007320 secs] [Times: user=0.00 sys=0.00, real=0.00 secs] 
246.143: Total time for which application threads were stopped: 0.0008900 seconds, Stopping threads took: 0.0000990 seconds
246.224: Application time: 0.0809580 seconds
246.224: [GC246.224: [ParNew: 35173K->1208K(37632K), 0.0006150 secs] 75688K->41724K(121024K), 0.0006430 secs] [Times: user=0.00 sys=0.00, real=0.00 secs] 
246.225: Total time for which application threads were stopped: 0.0007650 seconds, Stopping threads took: 0.0000650 seconds
246.305: Application time: 0.0803120 seconds
246.307: [GC246.307: [ParNew: 34223K->1236K(37632K), 0.0006420 secs] 74738K->41752K(121024K), 0.0006720 secs] [Times: user=0.01 sys=0.00, real=0.00 secs] 
246.308: Total time for which application threads were stopped: 0.0027820 seconds, Stopping threads took: 0.0020410 seconds
246.385: Application time: 0.0776300 seconds
246.386: [GC246.386: [ParNew: 34678K->2772K(37632K), 0.0009790 secs] 75194K->43288K(121024K), 0.0010110 secs] [Times: user=0.00 sys=0.00, real=0.00 secs] 
246.387: Total time for which application threads were stopped: 0.0011670 seconds, Stopping threads took: 0.0000850 seconds
246.467: Application time: 0.0802150 seconds
246.467: [GC246.467: [ParNew: 35785K->2600K(37632K), 0.0009950 secs] 76301K->43356K(121024K), 0.0010260 secs] [Times: user=0.01 sys=0.00, real=0.01 secs] 
246.468: Total time for which application threads were stopped: 0.0011770 seconds, Stopping threads took: 0.0000930 seconds
246.548: Application time: 0.0801900 seconds
246.548: [GC246.548: [ParNew: 35697K->2118K(37632K), 0.0008130 secs] 76453K->42922K(121024K), 0.0008450 secs] [Times: user=0.01 sys=0.00, real=0.00 secs] 
246.549: Total time for which application threads were stopped: 0.0009760 seconds, Stopping threads took: 0.0000730 seconds
246.630: Application time: 0.0812680 seconds
246.631: [GC246.631: [ParNew: 35213K->1608K(37632K), 0.0007380 secs] 76017K->42524K(121024K), 0.0007690 secs] [Times: user=0.00 sys=0.00, real=0.00 secs] 
246.631: Total time for which application threads were stopped: 0.0008990 seconds, Stopping threads took: 0.0000670 seconds
246.718: Application time: 0.0867520 seconds
246.718: [GC246.718: [ParNew: 35056K->2120K(37632K), 0.0007930 secs] 75972K->43036K(121024K), 0.0008270 secs] [Times: user=0.00 sys=0.00, real=0.00 secs] 
246.719: Total time for which application threads were stopped: 0.0009650 seconds, Stopping threads took: 0.0000770 seconds
246.805: Application time: 0.0855130 seconds
246.805: [GC246.805: [ParNew: 35215K->1602K(37632K), 0.0008270 secs] 76131K->42610K(121024K), 0.0008590 secs] [Times: user=0.00 sys=0.00, real=0.00 secs] 
246.806: Total time for which application threads were stopped: 0.0009920 seconds, Stopping threads took: 0.0000720 seconds
246.893: Application time: 0.0877610 seconds
246.894: [GC246.894: [ParNew: 35050K->1604K(37632K), 0.0007270 secs] 76058K->42612K(121024K), 0.0007590 secs] [Times: user=0.01 sys=0.00, real=0.00 secs] 
246.894: Total time for which application threads were stopped: 0.0008970 seconds, Stopping threads took: 0.0000730 seconds
246.981: Application time: 0.0868060 seconds
246.981: [GC246.981: [ParNew: 34619K->1636K(37632K), 0.0007230 secs] 75627K->42644K(121024K), 0.0007540 secs] [Times: user=0.01 sys=0.00, real=0.00 secs] 
246.982: Total time for which application threads were stopped: 0.0009850 seconds, Stopping threads took: 0.0001710 seconds
247.069: Application time: 0.0868840 seconds
247.069: [GC247.069: [ParNew: 35080K->2146K(37632K), 0.0008040 secs] 76088K->43154K(121024K), 0.0008380 secs] [Times: user=0.01 sys=0.00, real=0.00 secs] 
247.070: Total time for which application threads were stopped: 0.0009870 seconds, Stopping threads took: 0.0000850 seconds
247.155: Application time: 0.0851220 seconds
247.155: [GC247.155: [ParNew: 35239K->2148K(37632K), 0.0008780 secs] 76247K->43268K(121024K), 0.0009090 secs] [Times: user=0.01 sys=0.00, real=0.00 secs] 
247.156: Total time for which application threads were stopped: 0.0010660 seconds, Stopping threads took: 0.0000940 seconds
247.242: Application time: 0.0858020 seconds
247.242: [GC247.242: [ParNew: 35159K->2092K(37632K), 0.0008160 secs] 76279K->43348K(121024K), 0.0008490 secs] [Times: user=0.00 sys=0.00, real=0.00 secs] 
247.243: Total time for which application threads were stopped: 0.0010210 seconds, Stopping threads took: 0.0001100 seconds
247.330: Application time: 0.0865550 seconds
247.330: [GC247.330: [ParNew: 35187K->1636K(37632K), 0.0006560 secs] 76443K->42892K(121024K), 0.0006880 secs] [Times: user=0.00 sys=0.00, real=0.00 secs] 
247.330: Total time for which application threads were stopped: 0.0008200 seconds, Stopping threads took: 0.0000720 seconds
247.417: Application time: 0.0869390 seconds
247.417: [GC247.417: [ParNew: 35084K->1124K(37632K), 0.0005190 secs] 76341K->42380K(121024K), 0.0005510 secs] [Times: user=0.00 sys=0.00, real=0.00 secs] 
247.418: Total time for which application threads were stopped: 0.0007330 seconds, Stopping threads took: 0.0001150 seconds
247.504: Application time: 0.0857050 seconds
247.504: [GC247.504: [ParNew: 34217K->2204K(37632K), 0.0008400 secs] 75473K->43460K(121024K), 0.0008800 secs] [Times: user=0.01 sys=0.00, real=0.00 secs] 
247.505: Total time for which application threads were stopped: 0.0010270 seconds, Stopping threads took: 0.0000840 seconds
247.594: Application time: 0.0888790 seconds
247.594: [GC247.594: [ParNew: 35659K->1034K(37632K), 0.0006630 secs] 76915K->42470K(121024K), 0.0006920 secs] [Times: user=0.00 sys=0.00, real=0.00 secs] 
247.594: Total time for which application threads were stopped: 0.0008260 seconds, Stopping threads took: 0.0000760 seconds
247.678: Application time: 0.0838270 seconds
247.678: [GC247.678: [ParNew: 34042K->2086K(37632K), 0.0008340 secs] 75479K->43522K(121024K), 0.0008670 secs] [Times: user=0.01 sys=0.00, real=0.00 secs] 
247.679: Total time for which application threads were stopped: 0.0010020 seconds, Stopping threads took: 0.0000720 seconds
247.767: Application time: 0.0880220 seconds
247.767: [GC247.768: [ParNew: 35534K->2090K(37632K), 0.0007760 secs] 76971K->43526K(121024K), 0.0008080 secs] [Times: user=0.01 sys=0.00, real=0.00 secs] 
247.768: Total time for which application threads were stopped: 0.0009830 seconds, Stopping threads took: 0.0001130 seconds
247.854: Application time: 0.0854560 seconds
247.854: [GC247.854: [ParNew: 35181K->2660K(37632K), 0.0009350 secs] 76617K->44096K(121024K), 0.0009660 secs] [Times: user=0.01 sys=0.00, real=0.00 secs] 
247.855: Total time for which application threads were stopped: 0.0011040 seconds, Stopping threads took: 0.0000780 seconds
247.942: Application time: 0.0872770 seconds
247.942: [GC247.942: [ParNew: 35677K->2092K(37632K), 0.0008420 secs] 77113K->43668K(121024K), 0.0008730 secs] [Times: user=0.00 sys=0.01, real=0.00 secs] 
247.943: Total time for which application threads were stopped: 0.0010230 seconds, Stopping threads took: 0.0000800 seconds
248.029: Application time: 0.0859440 seconds
248.029: [GC248.029: [ParNew: 35187K->1634K(37632K), 0.0006480 secs] 76764K->43210K(121024K), 0.0006790 secs] [Times: user=0.00 sys=0.00, real=0.00 secs] 
248.030: Total time for which application threads were stopped: 0.0008110 seconds, Stopping threads took: 0.0000720 seconds
248.119: Application time: 0.0885680 seconds
248.119: [GC248.119: [ParNew: 35082K->2144K(37632K), 0.0023270 secs] 76659K->43720K(121024K), 0.0023630 secs] [Times: user=0.00 sys=0.00, real=0.00 secs] 
248.121: Total time for which application threads were stopped: 0.0025000 seconds, Stopping threads took: 0.0000780 seconds
248.209: Application time: 0.0884810 seconds
248.210: [GC248.210: [ParNew: 35249K->584K(37632K), 0.0004070 secs] 76826K->42292K(121024K), 0.0004410 secs] [Times: user=0.00 sys=0.00, real=0.00 secs] 
248.210: Total time for which application threads were stopped: 0.0005690 seconds, Stopping threads took: 0.0000660 seconds
248.295: Application time: 0.0853540 seconds
248.296: [GC248.296: [ParNew: 34028K->1094K(37632K), 0.0005440 secs] 75737K->42802K(121024K), 0.0005750 secs] [Times: user=0.01 sys=0.00, real=0.00 secs] 
248.296: Total time for which application threads were stopped: 0.0007240 seconds, Stopping threads took: 0.0000880 seconds
248.381: Application time: 0.0843880 seconds
248.381: [GC248.381: [ParNew: 34104K->1636K(37632K), 0.0006990 secs] 75813K->43344K(121024K), 0.0007290 secs] [Times: user=0.01 sys=0.00, real=0.00 secs] 
248.381: Total time for which application threads were stopped: 0.0008520 seconds, Stopping threads took: 0.0000640 seconds
248.466: Application time: 0.0848190 seconds
248.466: [GC248.466: [ParNew: 35080K->2660K(37632K), 0.0009890 secs] 76789K->44368K(121024K), 0.0010210 secs] [Times: user=0.01 sys=0.00, real=0.01 secs] 
248.467: Total time for which application threads were stopped: 0.0011880 seconds, Stopping threads took: 0.0000940 seconds
248.554: Application time: 0.0869950 seconds
248.555: [GC248.555: [ParNew: 35759K->2118K(37632K), 0.0009610 secs] 77468K->43950K(121024K), 0.0009920 secs] [Times: user=0.00 sys=0.00, real=0.01 secs] 
248.556: Total time for which application threads were stopped: 0.0011420 seconds, Stopping threads took: 0.0000890 seconds
248.642: Application time: 0.0866470 seconds
248.642: [GC248.642: [ParNew: 35139K->1062K(37632K), 0.0005910 secs] 76972K->42982K(121024K), 0.0006340 secs] [Times: user=0.01 sys=0.00, real=0.00 secs] 
248.643: Total time for which application threads were stopped: 0.0008200 seconds, Stopping threads took: 0.0001260 seconds
248.730: Application time: 0.0865470 seconds
248.730: [GC248.730: [ParNew: 34157K->1122K(37632K), 0.0005480 secs] 76078K->43043K(121024K), 0.0005800 secs] [Times: user=0.00 sys=0.00, real=0.00 secs] 
248.730: Total time for which application threads were stopped: 0.0007070 seconds, Stopping threads took: 0.0000640 seconds
248.816: Application time: 0.0856490 seconds
248.816: [GC248.816: [ParNew: 34566K->1634K(37632K), 0.0007310 secs] 76487K->43555K(121024K), 0.0007620 secs] [Times: user=0.01 sys=0.00, real=0.00 secs] 
248.817: Total time for which application threads were stopped: 0.0008880 seconds, Stopping threads took: 0.0000650 seconds
248.901: Application time: 0.0844730 seconds
248.901: [GC248.901: [ParNew: 34723K->2716K(37632K), 0.0009670 secs] 76644K->44637K(121024K), 0.0010010 secs] [Times: user=0.00 sys=0.00, real=0.00 secs] 
248.902: Total time for which application threads were stopped: 0.0011440 seconds, Stopping threads took: 0.0000790 seconds
248.991: Application time: 0.0885000 seconds
248.991: [GC248.991: [ParNew: 36173K->1548K(37632K), 0.0007410 secs] 78094K->43661K(121024K), 0.0007750 secs] [Times: user=0.00 sys=0.01, real=0.00 secs] 
248.992: Total time for which application threads were stopped: 0.0009150 seconds, Stopping threads took: 0.0000740 seconds
249.077: Application time: 0.0846960 seconds
249.077: [GC249.077: [ParNew: 34558K->2090K(37632K), 0.0008340 secs] 76671K->44203K(121024K), 0.0008660 secs] [Times: user=0.00 sys=0.00, real=0.00 secs] 
249.078: Total time for which application threads were stopped: 0.0009940 seconds, Stopping threads took: 0.0000670 seconds
249.164: Application time: 0.0865000 seconds
249.164: [GC249.164: [ParNew: 35536K->2602K(37632K), 0.0010030 secs] 77649K->44715K(121024K), 0.0010350 secs] [Times: user=0.01 sys=0.00, real=0.00 secs] 
249.165: Total time for which application threads were stopped: 0.0011790 seconds, Stopping threads took: 0.0000840 seconds
249.252: Application time: 0.0863160 seconds
249.252: [GC249.252: [ParNew: 35693K->2632K(37632K), 0.0009840 secs] 77806K->44809K(121024K), 0.0010150 secs] [Times: user=0.01 sys=0.00, real=0.00 secs] 
249.253: Total time for which application threads were stopped: 0.0011560 seconds, Stopping threads took: 0.0000820 seconds
249.339: Application time: 0.0862240 seconds
249.339: [GC249.339: [ParNew: 35731K->1606K(37632K), 0.0007290 secs] 77908K->43895K(121024K), 0.0007670 secs] [Times: user=0.00 sys=0.00, real=0.00 secs] 
249.340: Total time for which application threads were stopped: 0.0009120 seconds, Stopping threads took: 0.0000860 seconds
249.426: Application time: 0.0863460 seconds
249.426: [GC249.426: [ParNew: 34612K->2658K(37632K), 0.0009880 secs] 76901K->44947K(121024K), 0.0010220 secs] [Times: user=0.01 sys=0.00, real=0.01 secs] 
249.427: Total time for which application threads were stopped: 0.0011740 seconds, Stopping threads took: 0.0000900 seconds
249.516: Application time: 0.0883960 seconds
249.516: [GC249.516: [ParNew: 36104K->3086K(37632K), 0.0011040 secs] 78394K->45503K(121024K), 0.0011380 secs] [Times: user=0.01 sys=0.00, real=0.00 secs] 
249.517: Total time for which application threads were stopped: 0.0013140 seconds, Stopping threads took: 0.0001020 seconds
249.603: Application time: 0.0860700 seconds
249.603: [GC249.603: [ParNew: 36185K->2118K(37632K), 0.0009210 secs] 78602K->44535K(121024K), 0.0009540 secs] [Times: user=0.01 sys=0.00, real=0.00 secs] 
249.604: Total time for which application threads were stopped: 0.0012480 seconds, Stopping threads took: 0.0002330 seconds
249.693: Application time: 0.0887270 seconds
249.693: [GC249.693: [ParNew: 35562K->2576K(37632K), 0.0010310 secs] 77979K->45097K(121024K), 0.0010720 secs] [Times: user=0.01 sys=0.00, real=0.00 secs] 
249.694: Total time for which application threads were stopped: 0.0012270 seconds, Stopping threads took: 0.0000900 seconds
249.782: Application time: 0.0877010 seconds
249.782: [GC249.782: [ParNew: 35589K->2602K(37632K), 0.0009850 secs] 78110K->45123K(121024K), 0.0010150 secs] [Times: user=0.01 sys=0.00, real=0.00 secs] 
249.783: Total time for which application threads were stopped: 0.0011760 seconds, Stopping threads took: 0.0001000 seconds
249.872: Application time: 0.0884820 seconds
249.872: [GC249.872: [ParNew: 35625K->1062K(37632K), 0.0005540 secs] 78146K->43647K(121024K), 0.0005850 secs] [Times: user=0.00 sys=0.00, real=0.00 secs] 
249.872: Total time for which application threads were stopped: 0.0007240 seconds, Stopping threads took: 0.0000810 seconds
249.956: Application time: 0.0835030 seconds
249.956: [GC249.956: [ParNew: 34148K->2148K(37632K), 0.0007900 secs] 76734K->44733K(121024K), 0.0008220 secs] [Times: user=0.01 sys=0.00, real=0.00 secs] 
249.957: Total time for which application threads were stopped: 0.0009790 seconds, Stopping threads took: 0.0000970 seconds
250.042: Application time: 0.0855430 seconds
250.043: [GC250.043: [ParNew: 35161K->2602K(37632K), 0.0009640 secs] 77746K->45323K(121024K), 0.0009960 secs] [Times: user=0.01 sys=0.00, real=0.00 secs] 
250.044: Total time for which application threads were stopped: 0.0011500 seconds, Stopping threads took: 0.0000800 seconds
250.132: Application time: 0.0879720 seconds
250.132: [GC250.132: [ParNew: 35617K->1578K(37632K), 0.0007210 secs] 78338K->44355K(121024K), 0.0007500 secs] [Times: user=0.00 sys=0.00, real=0.00 secs] 
250.133: Total time for which application threads were stopped: 0.0009440 seconds, Stopping threads took: 0.0001340 seconds
250.220: Application time: 0.0874490 seconds
250.220: [GC250.220: [ParNew: 35028K->1578K(37632K), 0.0006590 secs] 77806K->44355K(121024K), 0.0006900 secs] [Times: user=0.00 sys=0.00, real=0.00 secs] 
250.221: Total time for which application threads were stopped: 0.0009060 seconds, Stopping threads took: 0.0001570 seconds
250.307: Application time: 0.0862710 seconds
250.307: [GC250.307: [ParNew: 34675K->1634K(37632K), 0.0007620 secs] 77452K->44411K(121024K), 0.0007920 secs] [Times: user=0.01 sys=0.00, real=0.00 secs] 
250.308: Total time for which application threads were stopped: 0.0009230 seconds, Stopping threads took: 0.0000680 seconds
250.396: Application time: 0.0881450 seconds
250.396: [GC250.396: [ParNew: 35082K->1632K(37632K), 0.0007190 secs] 77860K->44409K(121024K), 0.0007510 secs] [Times: user=0.00 sys=0.00, real=0.00 secs] 
250.397: Total time for which application threads were stopped: 0.0008900 seconds, Stopping threads took: 0.0000770 seconds
250.484: Application time: 0.0868680 seconds
250.484: [GC250.484: [ParNew: 34647K->1148K(37632K), 0.0005270 secs] 77424K->43925K(121024K), 0.0005570 secs] [Times: user=0.01 sys=0.00, real=0.00 secs] 
250.485: Total time for which application threads were stopped: 0.0008080 seconds, Stopping threads took: 0.0001910 seconds
250.571: Application time: 0.0860900 seconds
250.571: [GC250.571: [ParNew: 34163K->1180K(37632K), 0.0005950 secs] 76940K->43957K(121024K), 0.0006280 secs] [Times: user=0.00 sys=0.00, real=0.00 secs] 
250.572: Total time for which application threads were stopped: 0.0008010 seconds, Stopping threads took: 0.0000890 seconds
250.654: Application time: 0.0823920 seconds
250.654: [GC250.654: [ParNew: 34267K->1748K(37632K), 0.0007620 secs] 77044K->44525K(121024K), 0.0007920 secs] [Times: user=0.00 sys=0.00, real=0.00 secs] 
250.655: Total time for which application threads were stopped: 0.0009170 seconds, Stopping threads took: 0.0000640 seconds
250.733: Application time: 0.0776460 seconds
250.733: [GC250.733: [ParNew: 34757K->2800K(37632K), 0.0010610 secs] 77534K->45577K(121024K), 0.0010920 secs] [Times: user=0.01 sys=0.00, real=0.00 secs] 
250.734: Total time for which application threads were stopped: 0.0012240 seconds, Stopping threads took: 0.0000720 seconds
250.813: Application time: 0.0794670 seconds
250.813: [GC250.814: [ParNew: 35815K->2602K(37632K), 0.0010350 secs] 78592K->45619K(121024K), 0.0010750 secs] [Times: user=0.00 sys=0.00, real=0.00 secs] 
250.815: Total time for which application threads were stopped: 0.0012210 seconds, Stopping threads took: 0.0000870 seconds
250.896: Application time: 0.0814830 seconds
250.896: [GC250.896: [ParNew: 36046K->3088K(37632K), 0.0010730 secs] 79064K->46161K(121024K), 0.0011050 secs] [Times: user=0.01 sys=0.00, real=0.00 secs] 
250.897: Total time for which application threads were stopped: 0.0012510 seconds, Stopping threads took: 0.0000870 seconds
250.976: Application time: 0.0787880 seconds
250.976: [GC250.976: [ParNew: 36183K->2632K(37632K), 0.0009200 secs] 79257K->45705K(121024K), 0.0009530 secs] [Times: user=0.01 sys=0.00, real=0.00 secs] 
250.977: Total time for which application threads were stopped: 0.0010780 seconds, Stopping threads took: 0.0000650 seconds
251.058: Application time: 0.0812310 seconds
251.059: [GC251.059: [ParNew: 36078K->2572K(37632K), 0.0009370 secs] 79152K->45749K(121024K), 0.0009670 secs] [Times: user=0.01 sys=0.00, real=0.00 secs] 
251.060: Total time for which application threads were stopped: 0.0011480 seconds, Stopping threads took: 0.0001240 seconds
251.140: Application time: 0.0805740 seconds
251.140: [GC251.140: [ParNew: 35587K->2604K(37632K), 0.0009180 secs] 78764K->45781K(121024K), 0.0009490 secs] [Times: user=0.01 sys=0.00, real=0.00 secs] 
251.141: Total time for which application threads were stopped: 0.0010990 seconds, Stopping threads took: 0.0000770 seconds
251.222: Application time: 0.0802780 seconds
251.222: [GC251.222: [ParNew: 35621K->2090K(37632K), 0.0008770 secs] 78799K->45331K(121024K), 0.0009060 secs] [Times: user=0.01 sys=0.00, real=0.00 secs] 
251.223: Total time for which application threads were stopped: 0.0010460 seconds, Stopping threads took: 0.0000810 seconds
251.301: Application time: 0.0788880 seconds
251.302: [GC251.302: [ParNew: 35185K->1636K(37632K), 0.0006500 secs] 78427K->44878K(121024K), 0.0006800 secs] [Times: user=0.00 sys=0.00, real=0.00 secs] 
251.302: Total time for which application threads were stopped: 0.0008080 seconds, Stopping threads took: 0.0000690 seconds
251.382: Application time: 0.0801920 seconds
251.383: [GC251.383: [ParNew: 34653K->1662K(37632K), 0.0006680 secs] 77894K->44904K(121024K), 0.0006990 secs] [Times: user=0.01 sys=0.00, real=0.00 secs] 
251.383: Total time for which application threads were stopped: 0.0008210 seconds, Stopping threads took: 0.0000650 seconds
251.460: Application time: 0.0770050 seconds
251.460: [GC251.460: [ParNew: 34666K->3738K(37632K), 0.0013100 secs] 77908K->46980K(121024K), 0.0013410 secs] [Times: user=0.01 sys=0.00, real=0.00 secs] 
251.462: Total time for which application threads were stopped: 0.0014820 seconds, Stopping threads took: 0.0000810 seconds
251.545: Application time: 0.0833800 seconds
251.545: [GC251.545: [ParNew: 37207K->1036K(37632K), 0.0006210 secs] 80449K->44462K(121024K), 0.0006510 secs] [Times: user=0.00 sys=0.00, real=0.00 secs] 
251.546: Total time for which application threads were stopped: 0.0007700 seconds, Stopping threads took: 0.0000600 seconds
251.623: Application time: 0.0766270 seconds
251.623: [GC251.623: [ParNew: 34120K->2630K(37632K), 0.0009780 secs] 77546K->46056K(121024K), 0.0010120 secs] [Times: user=0.01 sys=0.00, real=0.00 secs] 
251.624: Total time for which application threads were stopped: 0.0011480 seconds, Stopping threads took: 0.0000740 seconds
251.707: Application time: 0.0829980 seconds
251.707: [GC251.707: [ParNew: 36087K->1548K(37632K), 0.0006480 secs] 79513K->45070K(121024K), 0.0006800 secs] [Times: user=0.01 sys=0.00, real=0.01 secs] 
251.708: Total time for which application threads were stopped: 0.0008830 seconds, Stopping threads took: 0.0001340 seconds
251.785: Application time: 0.0773940 seconds
251.785: [GC251.785: [ParNew: 34637K->2632K(37632K), 0.0009210 secs] 78159K->46154K(121024K), 0.0009520 secs] [Times: user=0.01 sys=0.00, real=0.00 secs] 
251.786: Total time for which application threads were stopped: 0.0011160 seconds, Stopping threads took: 0.0000930 seconds
251.867: Application time: 0.0807580 seconds
251.867: [GC251.867: [ParNew: 36081K->2574K(37632K), 0.0010460 secs] 79602K->46200K(121024K), 0.0010770 secs] [Times: user=0.00 sys=0.00, real=0.01 secs] 
251.868: Total time for which application threads were stopped: 0.0012160 seconds, Stopping threads took: 0.0000780 seconds
251.949: Application time: 0.0805190 seconds
251.949: [GC251.949: [ParNew: 35593K->2090K(37632K), 0.0007740 secs] 79219K->45716K(121024K), 0.0008040 secs] [Times: user=0.00 sys=0.00, real=0.00 secs] 
251.950: Total time for which application threads were stopped: 0.0009400 seconds, Stopping threads took: 0.0000780 seconds
252.028: Application time: 0.0788180 seconds
252.028: [GC252.028: [ParNew: 35189K->1636K(37632K), 0.0007700 secs] 78815K->45262K(121024K), 0.0007990 secs] [Times: user=0.01 sys=0.00, real=0.00 secs] 
252.029: Total time for which application threads were stopped: 0.0009280 seconds, Stopping threads took: 0.0000720 seconds
252.109: Application time: 0.0792670 seconds
252.109: [GC252.109: [ParNew: 34649K->1150K(37632K), 0.0006110 secs] 78275K->44776K(121024K), 0.0006370 secs] [Times: user=0.01 sys=0.00, real=0.00 secs] 
252.109: Total time for which application threads were stopped: 0.0008140 seconds, Stopping threads took: 0.0001230 seconds
252.189: Application time: 0.0794180 seconds
252.189: [GC252.189: [ParNew: 34600K->2172K(37632K), 0.0009020 secs] 78226K->45798K(121024K), 0.0009300 secs] [Times: user=0.01 sys=0.00, real=0.00 secs] 
252.190: Total time for which application threads were stopped: 0.0010420 seconds, Stopping threads took: 0.0000570 seconds
252.269: Application time: 0.0795210 seconds
252.269: [GC252.270: [ParNew: 35263K->2660K(37632K), 0.0009780 secs] 78889K->46414K(121024K), 0.0010070 secs] [Times: user=0.01 sys=0.00, real=0.00 secs] 
252.271: Total time for which application threads were stopped: 0.0011430 seconds, Stopping threads took: 0.0000680 seconds
252.352: Application time: 0.0818000 seconds
252.352: [GC252.353: [ParNew: 36115K->1548K(37632K), 0.0006540 secs] 79869K->45438K(121024K), 0.0006830 secs] [Times: user=0.01 sys=0.00, real=0.00 secs] 
252.353: Total time for which application threads were stopped: 0.0008810 seconds, Stopping threads took: 0.0001430 seconds
252.432: Application time: 0.0784840 seconds
252.432: [GC252.432: [ParNew: 34641K->1606K(37632K), 0.0007170 secs] 78531K->45496K(121024K), 0.0007480 secs] [Times: user=0.00 sys=0.00, real=0.00 secs] 
252.433: Total time for which application threads were stopped: 0.0008750 seconds, Stopping threads took: 0.0000680 seconds
252.513: Application time: 0.0808790 seconds
252.514: [GC252.514: [ParNew: 35054K->1608K(37632K), 0.0006720 secs] 78945K->45498K(121024K), 0.0007010 secs] [Times: user=0.01 sys=0.00, real=0.00 secs] 
252.514: Total time for which application threads were stopped: 0.0008900 seconds, Stopping threads took: 0.0001290 seconds
252.595: Application time: 0.0804770 seconds
252.595: [GC252.595: [ParNew: 34707K->1152K(37632K), 0.0005460 secs] 78597K->45042K(121024K), 0.0005770 secs] [Times: user=0.00 sys=0.00, real=0.01 secs] 
252.596: Total time for which application threads were stopped: 0.0007370 seconds, Stopping threads took: 0.0001010 seconds
252.674: Application time: 0.0787240 seconds
252.674: [GC252.674: [ParNew: 34160K->1690K(37632K), 0.0007130 secs] 78051K->45580K(121024K), 0.0007440 secs] [Times: user=0.00 sys=0.00, real=0.01 secs] 
252.675: Total time for which application threads were stopped: 0.0008700 seconds, Stopping threads took: 0.0000670 seconds
252.755: Application time: 0.0797490 seconds
252.755: [GC252.755: [ParNew: 34705K->1720K(37632K), 0.0006790 secs] 78595K->45610K(121024K), 0.0007110 secs] [Times: user=0.00 sys=0.01, real=0.01 secs] 
252.756: Total time for which application threads were stopped: 0.0008440 seconds, Stopping threads took: 0.0000740 seconds
252.835: Application time: 0.0792930 seconds
252.835: [GC252.835: [ParNew: 35171K->1718K(37632K), 0.0007540 secs] 79061K->45608K(121024K), 0.0007790 secs] [Times: user=0.00 sys=0.00, real=0.00 secs] 
252.836: Total time for which application threads were stopped: 0.0009300 seconds, Stopping threads took: 0.0000860 seconds
252.915: Application time: 0.0788330 seconds
252.915: [GC252.915: [ParNew: 34809K->1776K(37632K), 0.0007080 secs] 78699K->45666K(121024K), 0.0007390 secs] [Times: user=0.00 sys=0.00, real=0.01 secs] 
252.916: Total time for which application threads were stopped: 0.0008760 seconds, Stopping threads took: 0.0000780 seconds
252.997: Application time: 0.0810680 seconds
252.997: [GC252.997: [ParNew: 35231K->1264K(37632K), 0.0006020 secs] 79121K->45154K(121024K), 0.0006330 secs] [Times: user=0.00 sys=0.00, real=0.00 secs] 
252.998: Total time for which application threads were stopped: 0.0007550 seconds, Stopping threads took: 0.0000630 seconds
253.077: Application time: 0.0797320 seconds
253.077: [GC253.077: [ParNew: 34359K->752K(37632K), 0.0004630 secs] 78249K->44642K(121024K), 0.0004920 secs] [Times: user=0.00 sys=0.00, real=0.00 secs] 
253.078: Total time for which application threads were stopped: 0.0006160 seconds, Stopping threads took: 0.0000660 seconds
253.156: Application time: 0.0777520 seconds
253.156: [GC253.156: [ParNew: 33763K->1264K(37632K), 0.0005790 secs] 77653K->45154K(121024K), 0.0006090 secs] [Times: user=0.00 sys=0.00, real=0.00 secs] 
253.156: Total time for which application threads were stopped: 0.0007470 seconds, Stopping threads took: 0.0000810 seconds
253.235: Application time: 0.0789820 seconds
253.235: [GC253.235: [ParNew: 34273K->1776K(37632K), 0.0007560 secs] 78163K->45666K(121024K), 0.0007860 secs] [Times: user=0.01 sys=0.00, real=0.00 secs] 
253.236: Total time for which application threads were stopped: 0.0009250 seconds, Stopping threads took: 0.0000820 seconds
253.315: Application time: 0.0786740 seconds
253.315: [GC253.315: [ParNew: 34789K->1776K(37632K), 0.0006990 secs] 78679K->45666K(121024K), 0.0007310 secs] [Times: user=0.00 sys=0.00, real=0.00 secs] 
253.316: Total time for which application threads were stopped: 0.0008970 seconds, Stopping threads took: 0.0001040 seconds
253.395: Application time: 0.0791560 seconds
253.395: [GC253.395: [ParNew: 34791K->1776K(37632K), 0.0006880 secs] 78681K->45666K(121024K), 0.0007170 secs] [Times: user=0.01 sys=0.00, real=0.00 secs] 
253.396: Total time for which application threads were stopped: 0.0008560 seconds, Stopping threads took: 0.0000720 seconds
253.477: Application time: 0.0809980 seconds
253.477: [GC253.477: [ParNew: 35227K->2288K(37632K), 0.0008440 secs] 79117K->46178K(121024K), 0.0008730 secs] [Times: user=0.01 sys=0.00, real=0.00 secs] 
253.478: Total time for which application threads were stopped: 0.0010130 seconds, Stopping threads took: 0.0000800 seconds
253.557: Application time: 0.0796150 seconds
253.558: [GC253.558: [ParNew: 35387K->1636K(37632K), 0.0007570 secs] 79277K->45714K(121024K), 0.0007890 secs] [Times: user=0.01 sys=0.00, real=0.00 secs] 
253.558: Total time for which application threads were stopped: 0.0009330 seconds, Stopping threads took: 0.0000850 seconds
253.639: Application time: 0.0805890 seconds
253.639: [GC253.639: [ParNew: 35086K->1630K(37632K), 0.0007600 secs] 79165K->45708K(121024K), 0.0007880 secs] [Times: user=0.01 sys=0.00, real=0.00 secs] 
253.640: Total time for which application threads were stopped: 0.0009290 seconds, Stopping threads took: 0.0000850 seconds
253.720: Application time: 0.0798180 seconds
253.720: [GC253.720: [ParNew: 34731K->666K(37632K), 0.0005270 secs] 78809K->44744K(121024K), 0.0005580 secs] [Times: user=0.00 sys=0.00, real=0.00 secs] 
253.721: Total time for which application threads were stopped: 0.0007650 seconds, Stopping threads took: 0.0001500 seconds
253.800: Application time: 0.0792980 seconds
253.800: [GC253.800: [ParNew: 33676K->1208K(37632K), 0.0006200 secs] 77755K->45286K(121024K), 0.0006500 secs] [Times: user=0.01 sys=0.00, real=0.00 secs] 
253.801: Total time for which application threads were stopped: 0.0007710 seconds, Stopping threads took: 0.0000640 seconds
253.879: Application time: 0.0787080 seconds
253.879: [GC253.879: [ParNew: 34223K->1236K(37632K), 0.0005580 secs] 78301K->45314K(121024K), 0.0005960 secs] [Times: user=0.00 sys=0.00, real=0.00 secs] 
253.880: Total time for which application threads were stopped: 0.0007580 seconds, Stopping threads took: 0.0001050 seconds
253.959: Application time: 0.0788840 seconds
253.959: [GC253.959: [ParNew: 34247K->1776K(37632K), 0.0007040 secs] 78325K->45854K(121024K), 0.0007340 secs] [Times: user=0.01 sys=0.00, real=0.00 secs] 
253.960: Total time for which application threads were stopped: 0.0009710 seconds, Stopping threads took: 0.0001690 seconds
254.038: Application time: 0.0779040 seconds
254.038: [GC254.038: [ParNew: 35245K->2800K(37632K), 0.0010120 secs] 79323K->46878K(121024K), 0.0010400 secs] [Times: user=0.01 sys=0.00, real=0.00 secs] 
254.039: Total time for which application threads were stopped: 0.0011680 seconds, Stopping threads took: 0.0000720 seconds
254.118: Application time: 0.0794890 seconds
254.119: [GC254.119: [ParNew: 35789K->2602K(37632K), 0.0010210 secs] 79867K->46920K(121024K), 0.0010510 secs] [Times: user=0.00 sys=0.00, real=0.00 secs] 
254.120: Total time for which application threads were stopped: 0.0011850 seconds, Stopping threads took: 0.0000740 seconds
254.200: Application time: 0.0801410 seconds
254.200: [GC254.200: [ParNew: 35621K->1576K(37632K), 0.0006530 secs] 79939K->45950K(121024K), 0.0006830 secs] [Times: user=0.01 sys=0.00, real=0.00 secs] 
254.201: Total time for which application threads were stopped: 0.0008000 seconds, Stopping threads took: 0.0000600 seconds
254.280: Application time: 0.0794930 seconds
254.280: [GC254.280: [ParNew: 34591K->1608K(37632K), 0.0006940 secs] 78965K->45982K(121024K), 0.0007240 secs] [Times: user=0.01 sys=0.00, real=0.00 secs] 
254.281: Total time for which application threads were stopped: 0.0008480 seconds, Stopping threads took: 0.0000670 seconds
254.360: Application time: 0.0792490 seconds
254.360: [GC254.360: [ParNew: 34621K->1634K(37632K), 0.0007640 secs] 78995K->46008K(121024K), 0.0007950 secs] [Times: user=0.00 sys=0.00, real=0.00 secs] 
254.361: Total time for which application threads were stopped: 0.0009120 seconds, Stopping threads took: 0.0000600 seconds
254.440: Application time: 0.0789450 seconds
254.440: [GC254.440: [ParNew: 34725K->1690K(37632K), 0.0007680 secs] 79100K->46065K(121024K), 0.0007980 secs] [Times: user=0.00 sys=0.00, real=0.00 secs] 
254.441: Total time for which application threads were stopped: 0.0009130 seconds, Stopping threads took: 0.0000570 seconds
254.520: Application time: 0.0789010 seconds
254.520: [GC254.520: [ParNew: 34701K->2744K(37632K), 0.0010100 secs] 79075K->47119K(121024K), 0.0010430 secs] [Times: user=0.01 sys=0.00, real=0.00 secs] 
254.521: Total time for which application threads were stopped: 0.0011940 seconds, Stopping threads took: 0.0000790 seconds
254.603: Application time: 0.0816460 seconds
254.603: [GC254.603: [ParNew: 35755K->2604K(37632K), 0.0009870 secs] 80130K->47195K(121024K), 0.0010170 secs] [Times: user=0.01 sys=0.00, real=0.00 secs] 
254.604: Total time for which application threads were stopped: 0.0011800 seconds, Stopping threads took: 0.0001040 seconds
254.686: Application time: 0.0817850 seconds
254.686: [GC254.686: [ParNew: 36073K->1044K(37632K), 0.0005220 secs] 80664K->45715K(121024K), 0.0005500 secs] [Times: user=0.00 sys=0.00, real=0.00 secs] 
254.686: Total time for which application threads were stopped: 0.0006760 seconds, Stopping threads took: 0.0000700 seconds
254.766: Application time: 0.0792950 seconds
254.766: [GC254.766: [ParNew: 34046K->1576K(37632K), 0.0006680 secs] 78717K->46247K(121024K), 0.0006980 secs] [Times: user=0.01 sys=0.00, real=0.00 secs] 
254.767: Total time for which application threads were stopped: 0.0009320 seconds, Stopping threads took: 0.0001770 seconds
254.846: Application time: 0.0795870 seconds
254.846: [GC254.846: [ParNew: 34589K->1608K(37632K), 0.0006860 secs] 79259K->46279K(121024K), 0.0007170 secs] [Times: user=0.00 sys=0.00, real=0.01 secs] 
254.847: Total time for which application threads were stopped: 0.0009470 seconds, Stopping threads took: 0.0001640 seconds
254.927: Application time: 0.0797860 seconds
254.927: [GC254.927: [ParNew: 34705K->1152K(37632K), 0.0005570 secs] 79376K->45823K(121024K), 0.0005900 secs] [Times: user=0.00 sys=0.00, real=0.01 secs] 
254.928: Total time for which application threads were stopped: 0.0007160 seconds, Stopping threads took: 0.0000710 seconds
255.008: Application time: 0.0801600 seconds
255.008: [GC255.008: [ParNew: 34602K->1146K(37632K), 0.0006340 secs] 79273K->45817K(121024K), 0.0006610 secs] [Times: user=0.00 sys=0.00, real=0.00 secs] 
255.009: Total time for which application threads were stopped: 0.0008010 seconds, Stopping threads took: 0.0000860 seconds
255.087: Application time: 0.0788570 seconds
255.088: [GC255.088: [ParNew: 34315K->1744K(37632K), 0.0007780 secs] 78986K->46415K(121024K), 0.0008090 secs] [Times: user=0.01 sys=0.00, real=0.00 secs] 
255.088: Total time for which application threads were stopped: 0.0009400 seconds, Stopping threads took: 0.0000640 seconds
255.168: Application time: 0.0796480 seconds
255.168: [GC255.168: [ParNew: 35186K->2772K(37632K), 0.0010280 secs] 79857K->47443K(121024K), 0.0010560 secs] [Times: user=0.01 sys=0.00, real=0.00 secs] 
255.169: Total time for which application threads were stopped: 0.0012040 seconds, Stopping threads took: 0.0000880 seconds
255.249: Application time: 0.0800310 seconds
255.249: [GC255.249: [ParNew: 35787K->2088K(37632K), 0.0008380 secs] 80458K->46995K(121024K), 0.0008670 secs] [Times: user=0.01 sys=0.00, real=0.00 secs] 
255.250: Total time for which application threads were stopped: 0.0010130 seconds, Stopping threads took: 0.0000870 seconds
255.330: Application time: 0.0799150 seconds
255.330: [GC255.330: [ParNew: 35538K->2092K(37632K), 0.0007830 secs] 80446K->46999K(121024K), 0.0008150 secs] [Times: user=0.00 sys=0.00, real=0.00 secs] 
255.331: Total time for which application threads were stopped: 0.0009530 seconds, Stopping threads took: 0.0000770 seconds
255.411: Application time: 0.0797280 seconds
255.411: [GC255.411: [ParNew: 35105K->2118K(37632K), 0.0008370 secs] 80012K->47025K(121024K), 0.0008670 secs] [Times: user=0.00 sys=0.00, real=0.00 secs] 
255.412: Total time for which application threads were stopped: 0.0009900 seconds, Stopping threads took: 0.0000630 seconds
255.491: Application time: 0.0794080 seconds
255.491: [GC255.491: [ParNew: 35135K->1606K(37632K), 0.0006510 secs] 80042K->46577K(121024K), 0.0006830 secs] [Times: user=0.00 sys=0.00, real=0.00 secs] 
255.492: Total time for which application threads were stopped: 0.0008020 seconds, Stopping threads took: 0.0000620 seconds
255.572: Application time: 0.0802850 seconds
255.573: [GC255.573: [ParNew: 34697K->1664K(37632K), 0.0006860 secs] 79668K->46635K(121024K), 0.0007150 secs] [Times: user=0.01 sys=0.00, real=0.00 secs] 
255.573: Total time for which application threads were stopped: 0.0008440 seconds, Stopping threads took: 0.0000720 seconds
255.652: Application time: 0.0791180 seconds
255.653: [GC255.653: [ParNew: 35114K->1664K(37632K), 0.0006980 secs] 80086K->46635K(121024K), 0.0007270 secs] [Times: user=0.01 sys=0.00, real=0.00 secs] 
255.653: Total time for which application threads were stopped: 0.0008880 seconds, Stopping threads took: 0.0000930 seconds
255.733: Application time: 0.0794760 seconds
255.733: [GC255.733: [ParNew: 34833K->2260K(37632K), 0.0008360 secs] 79805K->47231K(121024K), 0.0008660 secs] [Times: user=0.01 sys=0.00, real=0.00 secs] 
255.734: Total time for which application threads were stopped: 0.0010100 seconds, Stopping threads took: 0.0000850 seconds
255.816: Application time: 0.0817440 seconds
255.816: [GC255.816: [ParNew: 35715K->1546K(37632K), 0.0008020 secs] 80686K->46741K(121024K), 0.0008330 secs] [Times: user=0.01 sys=0.00, real=0.00 secs] 
255.816: Total time for which application threads were stopped: 0.0009580 seconds, Stopping threads took: 0.0000670 seconds
255.896: Application time: 0.0792450 seconds
255.896: [GC255.896: [ParNew: 34556K->1576K(37632K), 0.0006470 secs] 79752K->46771K(121024K), 0.0006850 secs] [Times: user=0.00 sys=0.00, real=0.00 secs] 
255.897: Total time for which application threads were stopped: 0.0008310 seconds, Stopping threads took: 0.0000870 seconds
255.977: Application time: 0.0801800 seconds
255.977: [GC255.977: [ParNew: 35022K->2086K(37632K), 0.0007770 secs] 80218K->47281K(121024K), 0.0008070 secs] [Times: user=0.01 sys=0.00, real=0.00 secs] 
255.978: Total time for which application threads were stopped: 0.0009530 seconds, Stopping threads took: 0.0000860 seconds
256.058: Application time: 0.0799720 seconds
256.058: [GC256.058: [ParNew: 35099K->2120K(37632K), 0.0008400 secs] 80294K->47315K(121024K), 0.0008700 secs] [Times: user=0.00 sys=0.00, real=0.00 secs] 
256.059: Total time for which application threads were stopped: 0.0010100 seconds, Stopping threads took: 0.0000790 seconds
256.140: Application time: 0.0808480 seconds
256.140: [GC256.140: [ParNew: 35133K->2118K(37632K), 0.0008160 secs] 80328K->47385K(121024K), 0.0008450 secs] [Times: user=0.01 sys=0.00, real=0.00 secs] 
256.141: Total time for which application threads were stopped: 0.0009770 seconds, Stopping threads took: 0.0000720 seconds
256.220: Application time: 0.0792970 seconds
256.220: [GC256.220: [ParNew: 35211K->2148K(37632K), 0.0008530 secs] 80479K->47471K(121024K), 0.0008840 secs] [Times: user=0.01 sys=0.00, real=0.00 secs] 
256.221: Total time for which application threads were stopped: 0.0010260 seconds, Stopping threads took: 0.0000710 seconds
256.303: Application time: 0.0820630 seconds
256.303: [GC256.303: [ParNew: 35592K->2572K(37632K), 0.0009910 secs] 80916K->48031K(121024K), 0.0010230 secs] [Times: user=0.01 sys=0.00, real=0.00 secs] 
256.304: Total time for which application threads were stopped: 0.0011910 seconds, Stopping threads took: 0.0001080 seconds
256.384: Application time: 0.0797050 seconds
256.384: [GC256.384: [ParNew: 35747K->2148K(37632K), 0.0007860 secs] 81207K->47607K(121024K), 0.0008170 secs] [Times: user=0.01 sys=0.00, real=0.00 secs] 
256.385: Total time for which application threads were stopped: 0.0009530 seconds, Stopping threads took: 0.0000760 seconds
256.469: Application time: 0.0841910 seconds
256.469: [GC256.469: [ParNew: 35609K->1034K(37632K), 0.0005350 secs] 81068K->46629K(121024K), 0.0005630 secs] [Times: user=0.00 sys=0.00, real=0.00 secs] 
256.470: Total time for which application threads were stopped: 0.0006880 seconds, Stopping threads took: 0.0000710 seconds
256.549: Application time: 0.0793320 seconds
256.549: [GC256.549: [ParNew: 34050K->554K(37632K), 0.0004050 secs] 79646K->46149K(121024K), 0.0004340 secs] [Times: user=0.00 sys=0.00, real=0.00 secs] 
256.550: Total time for which application threads were stopped: 0.0006890 seconds, Stopping threads took: 0.0002000 seconds
256.630: Application time: 0.0805290 seconds
256.630: [GC256.630: [ParNew: 34000K->1066K(37632K), 0.0005600 secs] 79596K->46661K(121024K), 0.0005890 secs] [Times: user=0.01 sys=0.00, real=0.00 secs] 
256.631: Total time for which application threads were stopped: 0.0007200 seconds, Stopping threads took: 0.0000740 seconds
256.709: Application time: 0.0781590 seconds
256.709: [GC256.709: [ParNew: 34076K->1606K(37632K), 0.0006760 secs] 79672K->47201K(121024K), 0.0007040 secs] [Times: user=0.00 sys=0.00, real=0.00 secs] 
256.710: Total time for which application threads were stopped: 0.0009240 seconds, Stopping threads took: 0.0001650 seconds
256.790: Application time: 0.0799360 seconds
256.790: [GC256.790: [ParNew: 34619K->1636K(37632K), 0.0006850 secs] 80214K->47232K(121024K), 0.0007140 secs] [Times: user=0.01 sys=0.00, real=0.00 secs] 
256.791: Total time for which application threads were stopped: 0.0009590 seconds, Stopping threads took: 0.0001780 seconds
256.871: Application time: 0.0800970 seconds
256.871: [GC256.871: [ParNew: 34727K->1692K(37632K), 0.0007130 secs] 80323K->47288K(121024K), 0.0007410 secs] [Times: user=0.00 sys=0.00, real=0.00 secs] 
256.872: Total time for which application threads were stopped: 0.0009600 seconds, Stopping threads took: 0.0001610 seconds
256.951: Application time: 0.0790540 seconds
256.951: [GC256.951: [ParNew: 34701K->2232K(37632K), 0.0008490 secs] 80296K->47828K(121024K), 0.0008880 secs] [Times: user=0.00 sys=0.00, real=0.00 secs] 
256.952: Total time for which application threads were stopped: 0.0010290 seconds, Stopping threads took: 0.0000810 seconds
257.031: Application time: 0.0794650 seconds
257.032: [GC257.032: [ParNew: 35325K->2148K(37632K), 0.0008510 secs] 80921K->47924K(121024K), 0.0008830 secs] [Times: user=0.00 sys=0.00, real=0.00 secs] 
257.033: Total time for which application threads were stopped: 0.0010210 seconds, Stopping threads took: 0.0000780 seconds
257.115: Application time: 0.0827920 seconds
257.115: [GC257.115: [ParNew: 35596K->2060K(37632K), 0.0008900 secs] 81372K->47968K(121024K), 0.0009200 secs] [Times: user=0.00 sys=0.00, real=0.00 secs] 
257.116: Total time for which application threads were stopped: 0.0010400 seconds, Stopping threads took: 0.0000590 seconds
257.196: Application time: 0.0794620 seconds
257.196: [GC257.196: [ParNew: 35075K->1578K(37632K), 0.0007030 secs] 80983K->47486K(121024K), 0.0007330 secs] [Times: user=0.00 sys=0.00, real=0.00 secs] 
257.197: Total time for which application threads were stopped: 0.0008560 seconds, Stopping threads took: 0.0000660 seconds
257.278: Application time: 0.0808210 seconds
257.278: [GC257.278: [ParNew: 35026K->2090K(37632K), 0.0007780 secs] 80934K->47998K(121024K), 0.0008090 secs] [Times: user=0.01 sys=0.00, real=0.00 secs] 
257.279: Total time for which application threads were stopped: 0.0010050 seconds, Stopping threads took: 0.0001330 seconds
257.359: Application time: 0.0804780 seconds
257.359: [GC257.359: [ParNew: 35113K->1096K(37632K), 0.0005310 secs] 81021K->47004K(121024K), 0.0005580 secs] [Times: user=0.00 sys=0.00, real=0.00 secs] 
257.360: Total time for which application threads were stopped: 0.0006840 seconds, Stopping threads took: 0.0000580 seconds
257.439: Application time: 0.0797540 seconds
257.440: [GC257.440: [ParNew: 34107K->1636K(37632K), 0.0006550 secs] 80015K->47544K(121024K), 0.0006840 secs] [Times: user=0.01 sys=0.00, real=0.00 secs] 
257.440: Total time for which application threads were stopped: 0.0008110 seconds, Stopping threads took: 0.0000680 seconds
257.521: Application time: 0.0807250 seconds
257.521: [GC257.521: [ParNew: 34729K->1178K(37632K), 0.0006160 secs] 80637K->47086K(121024K), 0.0006460 secs] [Times: user=0.00 sys=0.00, real=0.00 secs] 
257.522: Total time for which application threads were stopped: 0.0008340 seconds, Stopping threads took: 0.0001310 seconds
257.602: Application time: 0.0800340 seconds
257.602: [GC257.602: [ParNew: 34191K->1718K(37632K), 0.0008180 secs] 80099K->47626K(121024K), 0.0008480 secs] [Times: user=0.01 sys=0.00, real=0.00 secs] 
257.603: Total time for which application threads were stopped: 0.0009780 seconds, Stopping threads took: 0.0000720 seconds
257.682: Application time: 0.0795270 seconds
257.682: [GC257.682: [ParNew: 34809K->1776K(37632K), 0.0007590 secs] 80717K->47684K(121024K), 0.0007880 secs] [Times: user=0.00 sys=0.00, real=0.00 secs] 
257.683: Total time for which application threads were stopped: 0.0009280 seconds, Stopping threads took: 0.0000820 seconds
257.766: Application time: 0.0828780 seconds
257.766: [GC257.766: [ParNew: 35229K->1264K(37632K), 0.0005630 secs] 81137K->47172K(121024K), 0.0005910 secs] [Times: user=0.00 sys=0.00, real=0.00 secs] 
257.767: Total time for which application threads were stopped: 0.0007250 seconds, Stopping threads took: 0.0000770 seconds
257.847: Application time: 0.0796940 seconds
257.847: [GC257.847: [ParNew: 34273K->1776K(37632K), 0.0007580 secs] 80181K->47684K(121024K), 0.0007860 secs] [Times: user=0.01 sys=0.00, real=0.01 secs] 
257.848: Total time for which application threads were stopped: 0.0009460 seconds, Stopping threads took: 0.0001010 seconds
257.928: Application time: 0.0806190 seconds
257.928: [GC257.928: [ParNew: 35225K->2288K(37632K), 0.0008620 secs] 81133K->48196K(121024K), 0.0008940 secs] [Times: user=0.01 sys=0.00, real=0.00 secs] 
257.929: Total time for which application threads were stopped: 0.0010560 seconds, Stopping threads took: 0.0000860 seconds
258.009: Application time: 0.0800680 seconds
258.009: [GC258.009: [ParNew: 35301K->2120K(37632K), 0.0009160 secs] 81209K->48240K(121024K), 0.0009460 secs] [Times: user=0.00 sys=0.00, real=0.00 secs] 
258.010: Total time for which application threads were stopped: 0.0010870 seconds, Stopping threads took: 0.0000820 seconds
258.092: Application time: 0.0813610 seconds
258.092: [GC258.092: [ParNew: 35133K->2116K(37632K), 0.0008320 secs] 81253K->48292K(121024K), 0.0008620 secs] [Times: user=0.00 sys=0.00, real=0.00 secs] 
258.093: Total time for which application threads were stopped: 0.0009940 seconds, Stopping threads took: 0.0000730 seconds
258.172: Application time: 0.0795490 seconds
258.172: [GC258.172: [ParNew: 35209K->2148K(37632K), 0.0024070 secs] 81385K->48380K(121024K), 0.0024420 secs] [Times: user=0.01 sys=0.00, real=0.00 secs] 
258.175: Total time for which application threads were stopped: 0.0025890 seconds, Stopping threads took: 0.0000860 seconds
258.255: Application time: 0.0801920 seconds
258.255: [GC258.255: [ParNew: 35159K->2090K(37632K), 0.0008440 secs] 81391K->48462K(121024K), 0.0008740 secs] [Times: user=0.00 sys=0.00, real=0.00 secs] 
258.256: Total time for which application threads were stopped: 0.0010940 seconds, Stopping threads took: 0.0001610 seconds
258.336: Application time: 0.0803410 seconds
258.337: [GC258.337: [ParNew: 35185K->1636K(37632K), 0.0006980 secs] 81557K->48008K(121024K), 0.0007290 secs] [Times: user=0.00 sys=0.00, real=0.00 secs] 
258.337: Total time for which application threads were stopped: 0.0008790 seconds, Stopping threads took: 0.0000910 seconds
258.418: Application time: 0.0808850 seconds
258.418: [GC258.418: [ParNew: 35082K->2148K(37632K), 0.0008160 secs] 81455K->48520K(121024K), 0.0008480 secs] [Times: user=0.00 sys=0.00, real=0.00 secs] 
258.419: Total time for which application threads were stopped: 0.0009920 seconds, Stopping threads took: 0.0000840 seconds
258.499: Application time: 0.0793770 seconds
258.499: [GC258.499: [ParNew: 35161K->2088K(37632K), 0.0008420 secs] 81533K->48588K(121024K), 0.0008730 secs] [Times: user=0.00 sys=0.00, real=0.00 secs] 
258.500: Total time for which application threads were stopped: 0.0010040 seconds, Stopping threads took: 0.0000640 seconds
258.581: Application time: 0.0816140 seconds
258.581: [GC258.581: [ParNew: 35540K->1580K(37632K), 0.0006420 secs] 82041K->48080K(121024K), 0.0006730 secs] [Times: user=0.00 sys=0.00, real=0.00 secs] 
258.582: Total time for which application threads were stopped: 0.0007990 seconds, Stopping threads took: 0.0000680 seconds
258.664: Application time: 0.0823300 seconds
258.664: [GC258.665: [ParNew: 34591K->2120K(37632K), 0.0007950 secs] 81091K->48620K(121024K), 0.0008240 secs] [Times: user=0.01 sys=0.00, real=0.00 secs] 
258.665: Total time for which application threads were stopped: 0.0009490 seconds, Stopping threads took: 0.0000660 seconds
258.751: Application time: 0.0858800 seconds
258.751: [GC258.751: [ParNew: 35209K->2144K(37632K), 0.0009160 secs] 81710K->48692K(121024K), 0.0009450 secs] [Times: user=0.01 sys=0.00, real=0.00 secs] 
258.752: Total time for which application threads were stopped: 0.0010780 seconds, Stopping threads took: 0.0000760 seconds
258.839: Application time: 0.0866700 seconds
258.839: [GC258.839: [ParNew: 35161K->1576K(37632K), 0.0007780 secs] 81709K->48248K(121024K), 0.0008070 secs] [Times: user=0.00 sys=0.00, real=0.00 secs] 
258.840: Total time for which application threads were stopped: 0.0009940 seconds, Stopping threads took: 0.0001310 seconds
258.926: Application time: 0.0863310 seconds
258.926: [GC258.926: [ParNew: 34584K->2118K(37632K), 0.0008550 secs] 81257K->48790K(121024K), 0.0008850 secs] [Times: user=0.01 sys=0.00, real=0.01 secs] 
258.927: Total time for which application threads were stopped: 0.0010410 seconds, Stopping threads took: 0.0000950 seconds
259.013: Application time: 0.0856640 seconds
259.013: [GC259.013: [ParNew: 35211K->2148K(37632K), 0.0008240 secs] 81883K->48876K(121024K), 0.0008640 secs] [Times: user=0.01 sys=0.00, real=0.00 secs] 
259.014: Total time for which application threads were stopped: 0.0009980 seconds, Stopping threads took: 0.0000610 seconds
259.100: Application time: 0.0862690 seconds
259.100: [GC259.100: [ParNew: 35592K->2572K(37632K), 0.0009520 secs] 82321K->49428K(121024K), 0.0009840 secs] [Times: user=0.01 sys=0.00, real=0.00 secs] 
259.101: Total time for which application threads were stopped: 0.0011540 seconds, Stopping threads took: 0.0001090 seconds
259.189: Application time: 0.0873410 seconds
259.189: [GC259.189: [ParNew: 35589K->2090K(37632K), 0.0007850 secs] 82445K->48946K(121024K), 0.0008150 secs] [Times: user=0.01 sys=0.00, real=0.00 secs] 
259.190: Total time for which application threads were stopped: 0.0010030 seconds, Stopping threads took: 0.0001280 seconds
259.277: Application time: 0.0872580 seconds
259.277: [GC259.277: [ParNew: 35542K->1576K(37632K), 0.0007390 secs] 82399K->48432K(121024K), 0.0007720 secs] [Times: user=0.00 sys=0.00, real=0.00 secs] 
259.278: Total time for which application threads were stopped: 0.0009500 seconds, Stopping threads took: 0.0001180 seconds
259.364: Application time: 0.0857400 seconds
259.364: [GC259.364: [ParNew: 34589K->2118K(37632K), 0.0008890 secs] 81445K->48975K(121024K), 0.0009200 secs] [Times: user=0.01 sys=0.00, real=0.00 secs] 
259.365: Total time for which application threads were stopped: 0.0010670 seconds, Stopping threads took: 0.0000860 seconds
259.450: Application time: 0.0852440 seconds
259.450: [GC259.450: [ParNew: 35207K->2656K(37632K), 0.0010270 secs] 82064K->49577K(121024K), 0.0010570 secs] [Times: user=0.01 sys=0.00, real=0.00 secs] 
259.451: Total time for which application threads were stopped: 0.0011860 seconds, Stopping threads took: 0.0000700 seconds
259.540: Application time: 0.0882890 seconds
259.540: [GC259.540: [ParNew: 35675K->2086K(37632K), 0.0008270 secs] 82596K->49143K(121024K), 0.0008650 secs] [Times: user=0.00 sys=0.00, real=0.00 secs] 
259.541: Total time for which application threads were stopped: 0.0010290 seconds, Stopping threads took: 0.0000920 seconds
259.630: Application time: 0.0890890 seconds
259.630: [GC259.630: [ParNew: 35103K->1604K(37632K), 0.0007350 secs] 82160K->48661K(121024K), 0.0007670 secs] [Times: user=0.01 sys=0.00, real=0.00 secs] 
259.631: Total time for which application threads were stopped: 0.0010230 seconds, Stopping threads took: 0.0001940 seconds
259.717: Application time: 0.0865120 seconds
259.717: [GC259.717: [ParNew: 34693K->2176K(37632K), 0.0008590 secs] 81750K->49233K(121024K), 0.0008920 secs] [Times: user=0.01 sys=0.00, real=0.00 secs] 
259.718: Total time for which application threads were stopped: 0.0010240 seconds, Stopping threads took: 0.0000700 seconds
259.807: Application time: 0.0889440 seconds
259.807: [GC259.807: [ParNew: 35629K->1546K(37632K), 0.0006740 secs] 82685K->48759K(121024K), 0.0007080 secs] [Times: user=0.00 sys=0.00, real=0.00 secs] 
259.808: Total time for which application threads were stopped: 0.0008510 seconds, Stopping threads took: 0.0000820 seconds
259.894: Application time: 0.0859560 seconds
259.894: [GC259.894: [ParNew: 34556K->1576K(37632K), 0.0007750 secs] 81769K->48789K(121024K), 0.0008050 secs] [Times: user=0.01 sys=0.00, real=0.00 secs] 
259.895: Total time for which application threads were stopped: 0.0009610 seconds, Stopping threads took: 0.0000960 seconds
259.981: Application time: 0.0862250 seconds
259.981: [GC259.981: [ParNew: 35022K->2090K(37632K), 0.0009060 secs] 82235K->49303K(121024K), 0.0009370 secs] [Times: user=0.00 sys=0.00, real=0.00 secs] 
259.982: Total time for which application threads were stopped: 0.0010770 seconds, Stopping threads took: 0.0000790 seconds
260.070: Application time: 0.0880090 seconds
260.071: [GC260.071: [ParNew: 35107K->1608K(37632K), 0.0006580 secs] 82320K->48821K(121024K), 0.0006900 secs] [Times: user=0.00 sys=0.00, real=0.00 secs] 
260.071: Total time for which application threads were stopped: 0.0009760 seconds, Stopping threads took: 0.0002140 seconds
260.158: Application time: 0.0869480 seconds
260.158: [GC260.158: [ParNew: 34699K->1664K(37632K), 0.0007150 secs] 81912K->48877K(121024K), 0.0007600 secs] [Times: user=0.00 sys=0.00, real=0.00 secs] 
260.159: Total time for which application threads were stopped: 0.0009150 seconds, Stopping threads took: 0.0000940 seconds
260.247: Application time: 0.0880920 seconds
260.247: [GC260.247: [ParNew: 34679K->1692K(37632K), 0.0006900 secs] 81892K->48905K(121024K), 0.0007240 secs] [Times: user=0.01 sys=0.00, real=0.00 secs] 
260.248: Total time for which application threads were stopped: 0.0008430 seconds, Stopping threads took: 0.0000590 seconds
260.334: Application time: 0.0860580 seconds
260.334: [GC260.334: [ParNew: 34709K->1208K(37632K), 0.0005530 secs] 81922K->48421K(121024K), 0.0005850 secs] [Times: user=0.00 sys=0.00, real=0.00 secs] 
260.335: Total time for which application threads were stopped: 0.0007080 seconds, Stopping threads took: 0.0000630 seconds
260.421: Application time: 0.0864250 seconds
260.421: [GC260.421: [ParNew: 34299K->1776K(37632K), 0.0007490 secs] 81512K->48989K(121024K), 0.0007820 secs] [Times: user=0.01 sys=0.00, real=0.00 secs] 
260.422: Total time for which application threads were stopped: 0.0009240 seconds, Stopping threads took: 0.0000820 seconds
260.508: Application time: 0.0862300 seconds
260.509: [GC260.509: [ParNew: 35225K->1776K(37632K), 0.0007910 secs] 82438K->48989K(121024K), 0.0008240 secs] [Times: user=0.00 sys=0.00, real=0.00 secs] 
260.509: Total time for which application threads were stopped: 0.0010410 seconds, Stopping threads took: 0.0001570 seconds
260.596: Application time: 0.0864090 seconds
260.596: [GC260.596: [ParNew: 34785K->2288K(37632K), 0.0009020 secs] 81998K->49501K(121024K), 0.0009350 secs] [Times: user=0.01 sys=0.00, real=0.00 secs] 
260.597: Total time for which application threads were stopped: 0.0011150 seconds, Stopping threads took: 0.0001120 seconds
260.683: Application time: 0.0864860 seconds
260.684: [GC260.684: [ParNew: 35735K->2604K(37632K), 0.0010570 secs] 82948K->50057K(121024K), 0.0010880 secs] [Times: user=0.01 sys=0.00, real=0.00 secs] 
260.685: Total time for which application threads were stopped: 0.0012300 seconds, Stopping threads took: 0.0000830 seconds
260.772: Application time: 0.0875480 seconds
260.772: [GC260.772: [ParNew: 35623K->2090K(37632K), 0.0008330 secs] 83076K->49607K(121024K), 0.0008650 secs] [Times: user=0.01 sys=0.00, real=0.00 secs] 
260.773: Total time for which application threads were stopped: 0.0010100 seconds, Stopping threads took: 0.0000830 seconds
260.860: Application time: 0.0863730 seconds
260.860: [GC260.860: [ParNew: 35187K->1634K(37632K), 0.0006540 secs] 82704K->49151K(121024K), 0.0006860 secs] [Times: user=0.00 sys=0.00, real=0.00 secs] 
260.860: Total time for which application threads were stopped: 0.0008350 seconds, Stopping threads took: 0.0000870 seconds
260.948: Application time: 0.0871960 seconds
260.948: [GC260.948: [ParNew: 34651K->1150K(37632K), 0.0006210 secs] 82168K->48667K(121024K), 0.0006500 secs] [Times: user=0.00 sys=0.00, real=0.00 secs] 
260.948: Total time for which application threads were stopped: 0.0007800 seconds, Stopping threads took: 0.0000710 seconds
261.036: Application time: 0.0875120 seconds
261.036: [GC261.036: [ParNew: 34245K->696K(37632K), 0.0004450 secs] 81762K->48213K(121024K), 0.0004750 secs] [Times: user=0.00 sys=0.00, real=0.00 secs] 
261.037: Total time for which application threads were stopped: 0.0005960 seconds, Stopping threads took: 0.0000640 seconds
261.124: Application time: 0.0870750 seconds
261.124: [GC261.124: [ParNew: 33709K->720K(37632K), 0.0005330 secs] 81226K->48237K(121024K), 0.0005640 secs] [Times: user=0.00 sys=0.00, real=0.00 secs] 
261.124: Total time for which application threads were stopped: 0.0007160 seconds, Stopping threads took: 0.0000860 seconds
261.210: Application time: 0.0860300 seconds
261.210: [GC261.210: [ParNew: 34164K->1236K(37632K), 0.0005780 secs] 81682K->48753K(121024K), 0.0006100 secs] [Times: user=0.00 sys=0.00, real=0.00 secs] 
261.211: Total time for which application threads were stopped: 0.0007560 seconds, Stopping threads took: 0.0000750 seconds
261.298: Application time: 0.0865860 seconds
261.298: [GC261.298: [ParNew: 34247K->1264K(37632K), 0.0006110 secs] 81764K->48781K(121024K), 0.0006430 secs] [Times: user=0.00 sys=0.00, real=0.00 secs] 
261.298: Total time for which application threads were stopped: 0.0007890 seconds, Stopping threads took: 0.0000850 seconds
261.385: Application time: 0.0867020 seconds
261.385: [GC261.385: [ParNew: 34708K->1776K(37632K), 0.0007940 secs] 82226K->49293K(121024K), 0.0008240 secs] [Times: user=0.01 sys=0.00, real=0.00 secs] 
261.386: Total time for which application threads were stopped: 0.0009600 seconds, Stopping threads took: 0.0000760 seconds
261.473: Application time: 0.0871810 seconds
261.473: [GC261.473: [ParNew: 34793K->1264K(37632K), 0.0006020 secs] 82310K->48781K(121024K), 0.0006350 secs] [Times: user=0.01 sys=0.00, real=0.00 secs] 
261.474: Total time for which application threads were stopped: 0.0007770 seconds, Stopping threads took: 0.0000810 seconds
261.561: Application time: 0.0866430 seconds
261.561: [GC261.561: [ParNew: 34359K->1776K(37632K), 0.0007120 secs] 81876K->49293K(121024K), 0.0007460 secs] [Times: user=0.01 sys=0.00, real=0.00 secs] 
261.562: Total time for which application threads were stopped: 0.0009070 seconds, Stopping threads took: 0.0000950 seconds
261.648: Application time: 0.0865160 seconds
261.648: [GC261.648: [ParNew: 34791K->1264K(37632K), 0.0006520 secs] 82308K->48781K(121024K), 0.0006830 secs] [Times: user=0.00 sys=0.00, real=0.00 secs] 
261.649: Total time for which application threads were stopped: 0.0008520 seconds, Stopping threads took: 0.0001010 seconds
261.735: Application time: 0.0861980 seconds
261.735: [GC261.735: [ParNew: 34359K->750K(37632K), 0.0005490 secs] 81876K->48267K(121024K), 0.0005800 secs] [Times: user=0.01 sys=0.00, real=0.00 secs] 
261.736: Total time for which application threads were stopped: 0.0007390 seconds, Stopping threads took: 0.0001010 seconds
261.822: Application time: 0.0859340 seconds
261.822: [GC261.822: [ParNew: 33763K->1264K(37632K), 0.0005820 secs] 81280K->48781K(121024K), 0.0006140 secs] [Times: user=0.00 sys=0.00, real=0.00 secs] 
261.823: Total time for which application threads were stopped: 0.0007390 seconds, Stopping threads took: 0.0000650 seconds
261.908: Application time: 0.0857120 seconds
261.909: [GC261.909: [ParNew: 34708K->2288K(37632K), 0.0008990 secs] 82226K->49805K(121024K), 0.0009300 secs] [Times: user=0.01 sys=0.00, real=0.00 secs] 
261.909: Total time for which application threads were stopped: 0.0010980 seconds, Stopping threads took: 0.0001050 seconds
261.995: Application time: 0.0858790 seconds
261.995: [GC261.996: [ParNew: 35301K->2118K(37632K), 0.0008510 secs] 82818K->49847K(121024K), 0.0008880 secs] [Times: user=0.01 sys=0.00, real=0.00 secs] 
261.996: Total time for which application threads were stopped: 0.0010270 seconds, Stopping threads took: 0.0000780 seconds
262.084: Application time: 0.0873010 seconds
262.084: [GC262.084: [ParNew: 35566K->2090K(37632K), 0.0008360 secs] 83296K->49883K(121024K), 0.0008680 secs] [Times: user=0.00 sys=0.00, real=0.00 secs] 
262.085: Total time for which application threads were stopped: 0.0010040 seconds, Stopping threads took: 0.0000730 seconds
262.171: Application time: 0.0862510 seconds
262.171: [GC262.171: [ParNew: 35105K->1606K(37632K), 0.0007130 secs] 82898K->49399K(121024K), 0.0007450 secs] [Times: user=0.01 sys=0.00, real=0.00 secs] 
262.172: Total time for which application threads were stopped: 0.0008950 seconds, Stopping threads took: 0.0000690 seconds
262.258: Application time: 0.0856890 seconds
262.258: [GC262.258: [ParNew: 34701K->1664K(37632K), 0.0007000 secs] 82494K->49457K(121024K), 0.0007320 secs] [Times: user=0.01 sys=0.00, real=0.00 secs] 
262.258: Total time for which application threads were stopped: 0.0008550 seconds, Stopping threads took: 0.0000610 seconds
262.344: Application time: 0.0853190 seconds
262.344: [GC262.344: [ParNew: 34677K->1692K(37632K), 0.0007000 secs] 82470K->49485K(121024K), 0.0007400 secs] [Times: user=0.01 sys=0.00, real=0.00 secs] 
262.345: Total time for which application threads were stopped: 0.0008830 seconds, Stopping threads took: 0.0000820 seconds
262.431: Application time: 0.0865040 seconds
262.431: [GC262.431: [ParNew: 34785K->1748K(37632K), 0.0007040 secs] 82579K->49542K(121024K), 0.0007380 secs] [Times: user=0.00 sys=0.00, real=0.00 secs] 
262.432: Total time for which application threads were stopped: 0.0008820 seconds, Stopping threads took: 0.0000820 seconds
262.518: Application time: 0.0855290 seconds
262.518: [GC262.518: [ParNew: 34761K->1776K(37632K), 0.0007170 secs] 82554K->49570K(121024K), 0.0007460 secs] [Times: user=0.01 sys=0.00, real=0.00 secs] 
262.518: Total time for which application threads were stopped: 0.0009400 seconds, Stopping threads took: 0.0001320 seconds
262.606: Application time: 0.0873220 seconds
262.606: [GC262.606: [ParNew: 35227K->1776K(37632K), 0.0007220 secs] 83020K->49570K(121024K), 0.0007550 secs] [Times: user=0.00 sys=0.00, real=0.00 secs] 
262.607: Total time for which application threads were stopped: 0.0008960 seconds, Stopping threads took: 0.0000770 seconds
262.688: Application time: 0.0810280 seconds
262.688: [GC262.688: [ParNew: 34793K->1776K(37632K), 0.0007590 secs] 82586K->49570K(121024K), 0.0007900 secs] [Times: user=0.01 sys=0.00, real=0.00 secs] 
262.689: Total time for which application threads were stopped: 0.0009440 seconds, Stopping threads took: 0.0000860 seconds
262.770: Application time: 0.0815760 seconds
262.770: [GC262.770: [ParNew: 35225K->1264K(37632K), 0.0005790 secs] 83018K->49058K(121024K), 0.0006090 secs] [Times: user=0.00 sys=0.00, real=0.00 secs] 
262.771: Total time for which application threads were stopped: 0.0008180 seconds, Stopping threads took: 0.0001510 seconds
262.850: Application time: 0.0784610 seconds
262.850: [GC262.850: [ParNew: 34279K->1264K(37632K), 0.0005940 secs] 82072K->49058K(121024K), 0.0006230 secs] [Times: user=0.01 sys=0.00, real=0.00 secs] 
262.850: Total time for which application threads were stopped: 0.0008890 seconds, Stopping threads took: 0.0002080 seconds
262.929: Application time: 0.0781790 seconds
262.929: [GC262.929: [ParNew: 34349K->2800K(37632K), 0.0010000 secs] 82142K->50594K(121024K), 0.0010350 secs] [Times: user=0.01 sys=0.00, real=0.00 secs] 
262.930: Total time for which application threads were stopped: 0.0011680 seconds, Stopping threads took: 0.0000730 seconds
263.009: Application time: 0.0787720 seconds
263.009: [GC263.009: [ParNew: 35893K->2630K(37632K), 0.0010590 secs] 83687K->50632K(121024K), 0.0010900 secs] [Times: user=0.00 sys=0.00, real=0.00 secs] 
263.010: Total time for which application threads were stopped: 0.0012420 seconds, Stopping threads took: 0.0000930 seconds
263.090: Application time: 0.0803600 seconds
263.090: [GC263.090: [ParNew: 35647K->2088K(37632K), 0.0008770 secs] 83648K->50182K(121024K), 0.0009080 secs] [Times: user=0.00 sys=0.00, real=0.00 secs] 
263.091: Total time for which application threads were stopped: 0.0010470 seconds, Stopping threads took: 0.0000800 seconds
263.172: Application time: 0.0807190 seconds
263.172: [GC263.172: [ParNew: 35101K->1604K(37632K), 0.0006890 secs] 83194K->49698K(121024K), 0.0016270 secs] [Times: user=0.00 sys=0.00, real=0.00 secs] 
263.174: Total time for which application threads were stopped: 0.0017870 seconds, Stopping threads took: 0.0000970 seconds
263.253: Application time: 0.0792140 seconds
263.253: [GC263.253: [ParNew: 35054K->2120K(37632K), 0.0008410 secs] 83148K->50214K(121024K), 0.0008720 secs] [Times: user=0.00 sys=0.00, real=0.00 secs] 
263.254: Total time for which application threads were stopped: 0.0010210 seconds, Stopping threads took: 0.0000820 seconds
263.333: Application time: 0.0787780 seconds
263.333: [GC263.333: [ParNew: 35129K->2120K(37632K), 0.0008710 secs] 83222K->50278K(121024K), 0.0009020 secs] [Times: user=0.01 sys=0.00, real=0.00 secs] 
263.334: Total time for which application threads were stopped: 0.0011000 seconds, Stopping threads took: 0.0001400 seconds
263.414: Application time: 0.0806130 seconds
263.415: [GC263.415: [ParNew: 35577K->1578K(37632K), 0.0006630 secs] 83734K->49808K(121024K), 0.0007020 secs] [Times: user=0.01 sys=0.00, real=0.01 secs] 
263.415: Total time for which application threads were stopped: 0.0009230 seconds, Stopping threads took: 0.0001630 seconds
263.495: Application time: 0.0797270 seconds
263.495: [GC263.495: [ParNew: 34589K->2118K(37632K), 0.0008050 secs] 82818K->50348K(121024K), 0.0008340 secs] [Times: user=0.01 sys=0.00, real=0.00 secs] 
263.496: Total time for which application threads were stopped: 0.0009700 seconds, Stopping threads took: 0.0000780 seconds
263.575: Application time: 0.0790090 seconds
263.575: [GC263.575: [ParNew: 35209K->2148K(37632K), 0.0008210 secs] 83439K->50442K(121024K), 0.0008550 secs] [Times: user=0.01 sys=0.00, real=0.00 secs] 
263.576: Total time for which application threads were stopped: 0.0010270 seconds, Stopping threads took: 0.0001100 seconds
263.655: Application time: 0.0787910 seconds
263.655: [GC263.655: [ParNew: 35239K->2632K(37632K), 0.0010660 secs] 83533K->51062K(121024K), 0.0010990 secs] [Times: user=0.01 sys=0.00, real=0.01 secs] 
263.656: Total time for which application threads were stopped: 0.0012570 seconds, Stopping threads took: 0.0000960 seconds
263.737: Application time: 0.0809310 seconds
263.737: [GC263.737: [ParNew: 35653K->1578K(37632K), 0.0007480 secs] 84083K->50104K(121024K), 0.0007820 secs] [Times: user=0.01 sys=0.00, real=0.00 secs] 
263.738: Total time for which application threads were stopped: 0.0009340 seconds, Stopping threads took: 0.0000930 seconds
263.817: Application time: 0.0786200 seconds
263.817: [GC263.817: [ParNew: 34591K->1604K(37632K), 0.0007700 secs] 83117K->50130K(121024K), 0.0007990 secs] [Times: user=0.00 sys=0.00, real=0.00 secs] 
263.818: Total time for which application threads were stopped: 0.0009490 seconds, Stopping threads took: 0.0000830 seconds
263.897: Application time: 0.0795600 seconds
263.897: [GC263.897: [ParNew: 35050K->2114K(37632K), 0.0008990 secs] 83576K->50640K(121024K), 0.0009300 secs] [Times: user=0.00 sys=0.00, real=0.00 secs] 
263.898: Total time for which application threads were stopped: 0.0010610 seconds, Stopping threads took: 0.0000710 seconds
263.979: Application time: 0.0806940 seconds
263.979: [GC263.979: [ParNew: 35568K->1576K(37632K), 0.0007300 secs] 84095K->50166K(121024K), 0.0007610 secs] [Times: user=0.00 sys=0.00, real=0.00 secs] 
263.980: Total time for which application threads were stopped: 0.0008780 seconds, Stopping threads took: 0.0000580 seconds
264.058: Application time: 0.0786840 seconds
264.059: [GC264.059: [ParNew: 34584K->2632K(37632K), 0.0009460 secs] 83175K->51222K(121024K), 0.0009780 secs] [Times: user=0.01 sys=0.00, real=0.00 secs] 
264.060: Total time for which application threads were stopped: 0.0011100 seconds, Stopping threads took: 0.0000720 seconds
264.139: Application time: 0.0789170 seconds
264.139: [GC264.139: [ParNew: 35645K->2600K(37632K), 0.0010190 secs] 84235K->51294K(121024K), 0.0010520 secs] [Times: user=0.01 sys=0.00, real=0.00 secs] 
264.140: Total time for which application threads were stopped: 0.0011910 seconds, Stopping threads took: 0.0000780 seconds
264.219: Application time: 0.0797350 seconds
264.220: [GC264.220: [ParNew: 35701K->1092K(37632K), 0.0006020 secs] 84395K->49842K(121024K), 0.0006310 secs] [Times: user=0.00 sys=0.00, real=0.00 secs] 
264.220: Total time for which application threads were stopped: 0.0007770 seconds, Stopping threads took: 0.0000880 seconds
264.300: Application time: 0.0795090 seconds
264.300: [GC264.300: [ParNew: 34263K->1174K(37632K), 0.0007030 secs] 83013K->49924K(121024K), 0.0007300 secs] [Times: user=0.00 sys=0.00, real=0.00 secs] 
264.301: Total time for which application threads were stopped: 0.0008560 seconds, Stopping threads took: 0.0000690 seconds
264.379: Application time: 0.0787140 seconds
264.379: [GC264.379: [ParNew: 34620K->2204K(37632K), 0.0009430 secs] 83370K->50954K(121024K), 0.0009840 secs] [Times: user=0.00 sys=0.00, real=0.00 secs] 
264.380: Total time for which application threads were stopped: 0.0011290 seconds, Stopping threads took: 0.0000750 seconds
264.460: Application time: 0.0794420 seconds
264.460: [GC264.460: [ParNew: 35215K->2602K(37632K), 0.0010630 secs] 83965K->51532K(121024K), 0.0010930 secs] [Times: user=0.00 sys=0.00, real=0.00 secs] 
264.461: Total time for which application threads were stopped: 0.0012280 seconds, Stopping threads took: 0.0000760 seconds
264.543: Application time: 0.0820950 seconds
264.543: [GC264.543: [ParNew: 36057K->2058K(37632K), 0.0008390 secs] 84987K->51052K(121024K), 0.0008710 secs] [Times: user=0.00 sys=0.00, real=0.00 secs] 
264.544: Total time for which application threads were stopped: 0.0010320 seconds, Stopping threads took: 0.0001000 seconds
264.626: Application time: 0.0820480 seconds
264.626: [GC264.626: [ParNew: 35514K->1034K(37632K), 0.0005350 secs] 84509K->50028K(121024K), 0.0005640 secs] [Times: user=0.00 sys=0.00, real=0.00 secs] 
264.627: Total time for which application threads were stopped: 0.0006920 seconds, Stopping threads took: 0.0000710 seconds
264.704: Application time: 0.0767050 seconds
264.704: [GC264.704: [ParNew: 34044K->1574K(37632K), 0.0007610 secs] 83039K->50568K(121024K), 0.0007890 secs] [Times: user=0.00 sys=0.00, real=0.00 secs] 
264.705: Total time for which application threads were stopped: 0.0009210 seconds, Stopping threads took: 0.0000740 seconds
264.783: Application time: 0.0787840 seconds
264.784: [GC264.784: [ParNew: 34661K->2658K(37632K), 0.0010130 secs] 83655K->51652K(121024K), 0.0010460 secs] [Times: user=0.01 sys=0.00, real=0.00 secs] 
264.785: Total time for which application threads were stopped: 0.0011720 seconds, Stopping threads took: 0.0000670 seconds
264.865: Application time: 0.0800560 seconds
264.865: [GC264.865: [ParNew: 35673K->2088K(37632K), 0.0008210 secs] 84667K->51210K(121024K), 0.0008510 secs] [Times: user=0.01 sys=0.00, real=0.00 secs] 
264.866: Total time for which application threads were stopped: 0.0009700 seconds, Stopping threads took: 0.0000580 seconds
264.945: Application time: 0.0794930 seconds
264.945: [GC264.945: [ParNew: 35261K->2176K(37632K), 0.0007940 secs] 84384K->51298K(121024K), 0.0008230 secs] [Times: user=0.00 sys=0.00, real=0.00 secs] 
264.946: Total time for which application threads were stopped: 0.0009910 seconds, Stopping threads took: 0.0001000 seconds
265.026: Application time: 0.0801340 seconds
265.026: [GC265.026: [ParNew: 35627K->2058K(37632K), 0.0008220 secs] 84749K->51344K(121024K), 0.0008540 secs] [Times: user=0.01 sys=0.00, real=0.01 secs] 
265.027: Total time for which application threads were stopped: 0.0009910 seconds, Stopping threads took: 0.0000770 seconds
265.107: Application time: 0.0793980 seconds
265.107: [GC265.107: [ParNew: 35069K->2088K(37632K), 0.0008880 secs] 84355K->51374K(121024K), 0.0009190 secs] [Times: user=0.01 sys=0.00, real=0.01 secs] 
265.108: Total time for which application threads were stopped: 0.0010490 seconds, Stopping threads took: 0.0000690 seconds
265.187: Application time: 0.0796880 seconds
265.187: [GC265.187: [ParNew: 35538K->2090K(37632K), 0.0007830 secs] 84825K->51376K(121024K), 0.0008140 secs] [Times: user=0.00 sys=0.00, real=0.00 secs] 
265.188: Total time for which application threads were stopped: 0.0009430 seconds, Stopping threads took: 0.0000700 seconds
265.269: Application time: 0.0803040 seconds
265.269: [GC265.269: [ParNew: 35542K->1576K(37632K), 0.0007200 secs] 84829K->50862K(121024K), 0.0007490 secs] [Times: user=0.00 sys=0.00, real=0.00 secs] 
265.269: Total time for which application threads were stopped: 0.0008820 seconds, Stopping threads took: 0.0000730 seconds
265.348: Application time: 0.0789100 seconds
265.349: [GC265.349: [ParNew: 34585K->2120K(37632K), 0.0007920 secs] 83871K->51406K(121024K), 0.0008240 secs] [Times: user=0.01 sys=0.00, real=0.00 secs] 
265.349: Total time for which application threads were stopped: 0.0009830 seconds, Stopping threads took: 0.0001030 seconds
265.429: Application time: 0.0797800 seconds
265.429: [GC265.429: [ParNew: 35135K->1608K(37632K), 0.0006720 secs] 84421K->50958K(121024K), 0.0007090 secs] [Times: user=0.00 sys=0.00, real=0.00 secs] 
265.430: Total time for which application threads were stopped: 0.0008390 seconds, Stopping threads took: 0.0000730 seconds
265.508: Application time: 0.0778170 seconds
265.508: [GC265.508: [ParNew: 34773K->2716K(37632K), 0.0009550 secs] 84124K->52067K(121024K), 0.0009870 secs] [Times: user=0.01 sys=0.00, real=0.00 secs] 
265.509: Total time for which application threads were stopped: 0.0011230 seconds, Stopping threads took: 0.0000620 seconds
265.589: Application time: 0.0803920 seconds
265.589: [GC265.589: [ParNew: 35813K->2120K(37632K), 0.0008980 secs] 85164K->51659K(121024K), 0.0009300 secs] [Times: user=0.01 sys=0.00, real=0.00 secs] 
265.590: Total time for which application threads were stopped: 0.0010680 seconds, Stopping threads took: 0.0000790 seconds
265.670: Application time: 0.0797970 seconds
265.670: [GC265.670: [ParNew: 35568K->2058K(37632K), 0.0008940 secs] 85107K->51685K(121024K), 0.0009250 secs] [Times: user=0.00 sys=0.00, real=0.00 secs] 
265.671: Total time for which application threads were stopped: 0.0010750 seconds, Stopping threads took: 0.0000930 seconds
265.751: Application time: 0.0799290 seconds
265.751: [GC265.751: [ParNew: 35071K->2088K(37632K), 0.0009230 secs] 84697K->51715K(121024K), 0.0009560 secs] [Times: user=0.01 sys=0.00, real=0.00 secs] 
265.752: Total time for which application threads were stopped: 0.0011090 seconds, Stopping threads took: 0.0000910 seconds
265.832: Application time: 0.0798430 seconds
265.832: [GC265.832: [ParNew: 35540K->1578K(37632K), 0.0006420 secs] 85167K->51205K(121024K), 0.0006730 secs] [Times: user=0.00 sys=0.00, real=0.00 secs] 
265.833: Total time for which application threads were stopped: 0.0008840 seconds, Stopping threads took: 0.0001500 seconds
265.914: Application time: 0.0807460 seconds
265.914: [GC265.914: [ParNew: 35030K->1068K(37632K), 0.0005100 secs] 84657K->50695K(121024K), 0.0005410 secs] [Times: user=0.00 sys=0.00, real=0.00 secs] 
265.915: Total time for which application threads were stopped: 0.0007110 seconds, Stopping threads took: 0.0001120 seconds
265.992: Application time: 0.0778400 seconds
265.992: [GC265.993: [ParNew: 34076K->2116K(37632K), 0.0008310 secs] 83703K->51743K(121024K), 0.0008610 secs] [Times: user=0.01 sys=0.00, real=0.00 secs] 
265.993: Total time for which application threads were stopped: 0.0010030 seconds, Stopping threads took: 0.0000850 seconds
266.072: Application time: 0.0790370 seconds
266.073: [GC266.073: [ParNew: 35129K->2632K(37632K), 0.0009580 secs] 84755K->52315K(121024K), 0.0009890 secs] [Times: user=0.01 sys=0.00, real=0.00 secs] 
266.074: Total time for which application threads were stopped: 0.0011190 seconds, Stopping threads took: 0.0000590 seconds
266.153: Application time: 0.0797890 seconds
266.153: [GC266.153: [ParNew: 35812K->1634K(37632K), 0.0007550 secs] 85494K->51405K(121024K), 0.0007850 secs] [Times: user=0.00 sys=0.00, real=0.00 secs] 
266.154: Total time for which application threads were stopped: 0.0009210 seconds, Stopping threads took: 0.0000790 seconds
266.234: Application time: 0.0793450 seconds
266.234: [GC266.234: [ParNew: 34725K->1690K(37632K), 0.0007590 secs] 84496K->51461K(121024K), 0.0007900 secs] [Times: user=0.00 sys=0.00, real=0.00 secs] 
266.235: Total time for which application threads were stopped: 0.0009160 seconds, Stopping threads took: 0.0000680 seconds
266.314: Application time: 0.0794480 seconds
266.314: [GC266.314: [ParNew: 35141K->1692K(37632K), 0.0007320 secs] 84912K->51463K(121024K), 0.0007620 secs] [Times: user=0.00 sys=0.00, real=0.00 secs] 
266.315: Total time for which application threads were stopped: 0.0008870 seconds, Stopping threads took: 0.0000680 seconds
266.395: Application time: 0.0797650 seconds
266.395: [GC266.395: [ParNew: 34703K->2232K(37632K), 0.0008710 secs] 84474K->52003K(121024K), 0.0009020 secs] [Times: user=0.01 sys=0.00, real=0.01 secs] 
266.396: Total time for which application threads were stopped: 0.0010470 seconds, Stopping threads took: 0.0000780 seconds
266.476: Application time: 0.0808090 seconds
266.477: [GC266.477: [ParNew: 35681K->2090K(37632K), 0.0009390 secs] 85452K->52049K(121024K), 0.0009690 secs] [Times: user=0.00 sys=0.00, real=0.00 secs] 
266.478: Total time for which application threads were stopped: 0.0011110 seconds, Stopping threads took: 0.0000830 seconds
266.559: Application time: 0.0809510 seconds
266.559: [GC266.559: [ParNew: 35540K->2088K(37632K), 0.0007950 secs] 85500K->52047K(121024K), 0.0008320 secs] [Times: user=0.01 sys=0.00, real=0.00 secs] 
266.560: Total time for which application threads were stopped: 0.0010460 seconds, Stopping threads took: 0.0001530 seconds
266.638: Application time: 0.0785930 seconds
266.638: [GC266.638: [ParNew: 35101K->2632K(37632K), 0.0009500 secs] 85060K->52591K(121024K), 0.0009820 secs] [Times: user=0.00 sys=0.00, real=0.00 secs] 
266.639: Total time for which application threads were stopped: 0.0011340 seconds, Stopping threads took: 0.0000800 seconds
266.726: Application time: 0.0868210 seconds
266.726: [GC266.726: [ParNew: 35653K->1578K(37632K), 0.0007050 secs] 85612K->51653K(121024K), 0.0007340 secs] [Times: user=0.01 sys=0.00, real=0.00 secs] 
266.727: Total time for which application threads were stopped: 0.0008650 seconds, Stopping threads took: 0.0000710 seconds
266.814: Application time: 0.0865400 seconds
266.814: [GC266.814: [ParNew: 34829K->1692K(37632K), 0.0007240 secs] 84905K->51767K(121024K), 0.0007550 secs] [Times: user=0.01 sys=0.00, real=0.00 secs] 
266.814: Total time for which application threads were stopped: 0.0008870 seconds, Stopping threads took: 0.0000740 seconds
266.899: Application time: 0.0842920 seconds
266.899: [GC266.899: [ParNew: 34703K->2232K(37632K), 0.0008880 secs] 84778K->52307K(121024K), 0.0009210 secs] [Times: user=0.01 sys=0.00, real=0.00 secs] 
266.900: Total time for which application threads were stopped: 0.0010550 seconds, Stopping threads took: 0.0000720 seconds
266.986: Application time: 0.0864980 seconds
266.986: [GC266.986: [ParNew: 35677K->2602K(37632K), 0.0010390 secs] 85752K->52853K(121024K), 0.0010720 secs] [Times: user=0.00 sys=0.00, real=0.01 secs] 
266.987: Total time for which application threads were stopped: 0.0012060 seconds, Stopping threads took: 0.0000740 seconds
267.076: Application time: 0.0886910 seconds
267.076: [GC267.076: [ParNew: 35625K->1064K(37632K), 0.0005800 secs] 85876K->51387K(121024K), 0.0006100 secs] [Times: user=0.01 sys=0.00, real=0.00 secs] 
267.077: Total time for which application threads were stopped: 0.0008420 seconds, Stopping threads took: 0.0001720 seconds
267.166: Application time: 0.0888520 seconds
267.166: [GC267.166: [ParNew: 34516K->554K(37632K), 0.0003790 secs] 84840K->50877K(121024K), 0.0004080 secs] [Times: user=0.00 sys=0.00, real=0.00 secs] 
267.166: Total time for which application threads were stopped: 0.0005600 seconds, Stopping threads took: 0.0000830 seconds
267.250: Application time: 0.0836250 seconds
267.250: [GC267.250: [ParNew: 33994K->2092K(37632K), 0.0007990 secs] 84317K->52415K(121024K), 0.0008320 secs] [Times: user=0.01 sys=0.00, real=0.00 secs] 
267.251: Total time for which application threads were stopped: 0.0009670 seconds, Stopping threads took: 0.0000730 seconds
267.336: Application time: 0.0849440 seconds
267.336: [GC267.336: [ParNew: 35100K->3142K(37632K), 0.0012180 secs] 85424K->53465K(121024K), 0.0012510 secs] [Times: user=0.01 sys=0.00, real=0.00 secs] 
267.337: Total time for which application threads were stopped: 0.0013880 seconds, Stopping threads took: 0.0000720 seconds
267.424: Application time: 0.0870030 seconds
267.425: [GC267.425: [ParNew: 36159K->2602K(37632K), 0.0010100 secs] 86482K->53021K(121024K), 0.0010400 secs] [Times: user=0.00 sys=0.00, real=0.00 secs] 
267.426: Total time for which application threads were stopped: 0.0011950 seconds, Stopping threads took: 0.0000930 seconds
267.512: Application time: 0.0866710 seconds
267.512: [GC267.512: [ParNew: 35864K->640K(37632K), 0.0004250 secs] 86283K->51115K(121024K), 0.0004630 secs] [Times: user=0.01 sys=0.00, real=0.00 secs] 
267.513: Total time for which application threads were stopped: 0.0005860 seconds, Stopping threads took: 0.0000620 seconds
267.598: Application time: 0.0851990 seconds
267.598: [GC267.598: [ParNew: 33648K->1176K(37632K), 0.0006940 secs] 84124K->51651K(121024K), 0.0007260 secs] [Times: user=0.00 sys=0.00, real=0.00 secs] 
267.599: Total time for which application threads were stopped: 0.0009050 seconds, Stopping threads took: 0.0001160 seconds
267.687: Application time: 0.0878680 seconds
267.687: [GC267.687: [ParNew: 34624K->1690K(37632K), 0.0006910 secs] 85100K->52165K(121024K), 0.0007250 secs] [Times: user=0.00 sys=0.01, real=0.01 secs] 
267.688: Total time for which application threads were stopped: 0.0009590 seconds, Stopping threads took: 0.0001630 seconds
267.772: Application time: 0.0842540 seconds
267.772: [GC267.772: [ParNew: 34701K->2230K(37632K), 0.0009240 secs] 85176K->52705K(121024K), 0.0009550 secs] [Times: user=0.00 sys=0.00, real=0.00 secs] 
267.773: Total time for which application threads were stopped: 0.0010900 seconds, Stopping threads took: 0.0000750 seconds
267.863: Application time: 0.0903380 seconds
267.864: [GC267.864: [ParNew: 35687K->1064K(37632K), 0.0005690 secs] 86162K->51727K(121024K), 0.0005980 secs] [Times: user=0.01 sys=0.00, real=0.00 secs] 
267.864: Total time for which application threads were stopped: 0.0007240 seconds, Stopping threads took: 0.0000690 seconds
267.950: Application time: 0.0861710 seconds
267.950: [GC267.950: [ParNew: 34508K->1578K(37632K), 0.0006960 secs] 85172K->52241K(121024K), 0.0007260 secs] [Times: user=0.00 sys=0.00, real=0.00 secs] 
267.951: Total time for which application threads were stopped: 0.0008590 seconds, Stopping threads took: 0.0000710 seconds
268.038: Application time: 0.0864660 seconds
268.038: [GC268.038: [ParNew: 34675K->1122K(37632K), 0.0006480 secs] 85339K->51785K(121024K), 0.0006790 secs] [Times: user=0.00 sys=0.00, real=0.00 secs] 
268.038: Total time for which application threads were stopped: 0.0008110 seconds, Stopping threads took: 0.0000740 seconds
268.124: Application time: 0.0859920 seconds
268.125: [GC268.125: [ParNew: 34578K->1640K(37632K), 0.0007900 secs] 85242K->52304K(121024K), 0.0008190 secs] [Times: user=0.00 sys=0.00, real=0.00 secs] 
268.125: Total time for which application threads were stopped: 0.0009360 seconds, Stopping threads took: 0.0000560 seconds
268.211: Application time: 0.0856230 seconds
268.211: [GC268.211: [ParNew: 34881K->1748K(37632K), 0.0007050 secs] 85545K->52412K(121024K), 0.0015640 secs] [Times: user=0.01 sys=0.00, real=0.00 secs] 
268.213: Total time for which application threads were stopped: 0.0017040 seconds, Stopping threads took: 0.0000650 seconds
268.299: Application time: 0.0862130 seconds
268.299: [GC268.299: [ParNew: 34767K->1264K(37632K), 0.0006500 secs] 85431K->51928K(121024K), 0.0006800 secs] [Times: user=0.00 sys=0.00, real=0.00 secs] 
268.300: Total time for which application threads were stopped: 0.0008410 seconds, Stopping threads took: 0.0000970 seconds
268.387: Application time: 0.0870840 seconds
268.387: [GC268.387: [ParNew: 34711K->1774K(37632K), 0.0008060 secs] 85374K->52438K(121024K), 0.0008370 secs] [Times: user=0.01 sys=0.00, real=0.01 secs] 
268.388: Total time for which application threads were stopped: 0.0009800 seconds, Stopping threads took: 0.0000830 seconds
268.475: Application time: 0.0873390 seconds
268.475: [GC268.475: [ParNew: 34793K->1264K(37632K), 0.0006080 secs] 85457K->51928K(121024K), 0.0006400 secs] [Times: user=0.01 sys=0.00, real=0.00 secs] 
268.476: Total time for which application threads were stopped: 0.0007820 seconds, Stopping threads took: 0.0000820 seconds
268.563: Application time: 0.0869960 seconds
268.563: [GC268.563: [ParNew: 34711K->1776K(37632K), 0.0007310 secs] 85374K->52440K(121024K), 0.0007620 secs] [Times: user=0.01 sys=0.00, real=0.00 secs] 
268.564: Total time for which application threads were stopped: 0.0008890 seconds, Stopping threads took: 0.0000670 seconds
268.652: Application time: 0.0881550 seconds
268.652: [GC268.652: [ParNew: 35229K->1262K(37632K), 0.0006880 secs] 85892K->51926K(121024K), 0.0007280 secs] [Times: user=0.01 sys=0.00, real=0.00 secs] 
268.653: Total time for which application threads were stopped: 0.0008610 seconds, Stopping threads took: 0.0000730 seconds
268.737: Application time: 0.0840220 seconds
268.737: [GC268.737: [ParNew: 34347K->2284K(37632K), 0.0009530 secs] 85011K->52948K(121024K), 0.0009840 secs] [Times: user=0.00 sys=0.00, real=0.00 secs] 
268.738: Total time for which application threads were stopped: 0.0012410 seconds, Stopping threads took: 0.0001840 seconds
268.823: Application time: 0.0848950 seconds
268.823: [GC268.823: [ParNew: 35295K->2602K(37632K), 0.0010730 secs] 85959K->53506K(121024K), 0.0011050 secs] [Times: user=0.01 sys=0.00, real=0.00 secs] 
268.824: Total time for which application threads were stopped: 0.0012540 seconds, Stopping threads took: 0.0000850 seconds
268.912: Application time: 0.0873270 seconds
268.912: [GC268.912: [ParNew: 35701K->1608K(37632K), 0.0006610 secs] 86605K->52568K(121024K), 0.0006940 secs] [Times: user=0.00 sys=0.00, real=0.00 secs] 
268.913: Total time for which application threads were stopped: 0.0008400 seconds, Stopping threads took: 0.0000830 seconds
268.998: Application time: 0.0859550 seconds
268.999: [GC268.999: [ParNew: 34699K->1664K(37632K), 0.0006730 secs] 85659K->52624K(121024K), 0.0007060 secs] [Times: user=0.00 sys=0.00, real=0.00 secs] 
268.999: Total time for which application threads were stopped: 0.0008320 seconds, Stopping threads took: 0.0000660 seconds
269.085: Application time: 0.0856440 seconds
269.085: [GC269.085: [ParNew: 35108K->2686K(37632K), 0.0010240 secs] 86068K->53646K(121024K), 0.0010530 secs] [Times: user=0.00 sys=0.00, real=0.00 secs] 
269.086: Total time for which application threads were stopped: 0.0011910 seconds, Stopping threads took: 0.0000800 seconds
269.173: Application time: 0.0870350 seconds
269.173: [GC269.173: [ParNew: 35707K->1578K(37632K), 0.0006810 secs] 86667K->52706K(121024K), 0.0007110 secs] [Times: user=0.00 sys=0.00, real=0.00 secs] 
269.174: Total time for which application threads were stopped: 0.0008470 seconds, Stopping threads took: 0.0000760 seconds
269.260: Application time: 0.0864110 seconds
269.261: [GC269.261: [ParNew: 35028K->1576K(37632K), 0.0007480 secs] 86156K->52704K(121024K), 0.0007780 secs] [Times: user=0.00 sys=0.00, real=0.00 secs] 
269.261: Total time for which application threads were stopped: 0.0009250 seconds, Stopping threads took: 0.0000740 seconds
269.349: Application time: 0.0877740 seconds
269.349: [GC269.349: [ParNew: 35028K->1062K(37632K), 0.0006280 secs] 86157K->52190K(121024K), 0.0006590 secs] [Times: user=0.01 sys=0.00, real=0.00 secs] 
269.350: Total time for which application threads were stopped: 0.0007900 seconds, Stopping threads took: 0.0000710 seconds
269.436: Application time: 0.0856790 seconds
269.436: [GC269.436: [ParNew: 34153K->1124K(37632K), 0.0006470 secs] 85281K->52252K(121024K), 0.0006780 secs] [Times: user=0.01 sys=0.00, real=0.00 secs] 
269.436: Total time for which application threads were stopped: 0.0008190 seconds, Stopping threads took: 0.0000800 seconds
269.520: Application time: 0.0837800 seconds
269.520: [GC269.520: [ParNew: 34127K->3200K(37632K), 0.0011270 secs] 85255K->54328K(121024K), 0.0011610 secs] [Times: user=0.01 sys=0.00, real=0.00 secs] 
269.522: Total time for which application threads were stopped: 0.0013070 seconds, Stopping threads took: 0.0000830 seconds
269.608: Application time: 0.0864860 seconds
269.608: [GC269.608: [ParNew: 36295K->2630K(37632K), 0.0010950 secs] 87423K->53914K(121024K), 0.0011230 secs] [Times: user=0.01 sys=0.00, real=0.00 secs] 
269.609: Total time for which application threads were stopped: 0.0013110 seconds, Stopping threads took: 0.0001300 seconds
269.697: Application time: 0.0872420 seconds
269.697: [GC269.697: [ParNew: 35731K->1606K(37632K), 0.0007000 secs] 87015K->53002K(121024K), 0.0007310 secs] [Times: user=0.01 sys=0.00, real=0.00 secs] 
269.697: Total time for which application threads were stopped: 0.0008700 seconds, Stopping threads took: 0.0000730 seconds
269.783: Application time: 0.0851720 seconds
269.783: [GC269.783: [ParNew: 35052K->2632K(37632K), 0.0009850 secs] 86449K->54028K(121024K), 0.0010170 secs] [Times: user=0.01 sys=0.00, real=0.00 secs] 
269.784: Total time for which application threads were stopped: 0.0011820 seconds, Stopping threads took: 0.0000940 seconds
269.872: Application time: 0.0886010 seconds
269.873: [GC269.873: [ParNew: 35655K->1576K(37632K), 0.0007530 secs] 87051K->53060K(121024K), 0.0007840 secs] [Times: user=0.01 sys=0.00, real=0.00 secs] 
269.873: Total time for which application threads were stopped: 0.0009310 seconds, Stopping threads took: 0.0000880 seconds
269.960: Application time: 0.0869010 seconds
269.960: [GC269.960: [ParNew: 35022K->2090K(37632K), 0.0007890 secs] 86507K->53574K(121024K), 0.0008220 secs] [Times: user=0.01 sys=0.00, real=0.00 secs] 
269.961: Total time for which application threads were stopped: 0.0009560 seconds, Stopping threads took: 0.0000710 seconds
270.050: Application time: 0.0888430 seconds
270.050: [GC270.050: [ParNew: 35551K->552K(37632K), 0.0004790 secs] 87035K->52036K(121024K), 0.0005080 secs] [Times: user=0.00 sys=0.00, real=0.00 secs] 
270.051: Total time for which application threads were stopped: 0.0006350 seconds, Stopping threads took: 0.0000690 seconds
270.135: Application time: 0.0845840 seconds
270.135: [GC270.135: [ParNew: 33643K->1124K(37632K), 0.0005240 secs] 85127K->52608K(121024K), 0.0005560 secs] [Times: user=0.01 sys=0.00, real=0.00 secs] 
270.136: Total time for which application threads were stopped: 0.0006800 seconds, Stopping threads took: 0.0000640 seconds
270.220: Application time: 0.0845300 seconds
270.221: [GC270.221: [ParNew: 34205K->3740K(37632K), 0.0013430 secs] 85689K->55224K(121024K), 0.0013780 secs] [Times: user=0.00 sys=0.00, real=0.00 secs] 
270.222: Total time for which application threads were stopped: 0.0015170 seconds, Stopping threads took: 0.0000750 seconds
270.307: Application time: 0.0848100 seconds
270.307: [GC270.307: [ParNew: 36751K->3628K(37632K), 0.0013100 secs] 88236K->55296K(121024K), 0.0013440 secs] [Times: user=0.01 sys=0.00, real=0.01 secs] 
270.308: Total time for which application threads were stopped: 0.0015020 seconds, Stopping threads took: 0.0000840 seconds
270.397: Application time: 0.0884680 seconds
270.397: [GC270.397: [ParNew: 36645K->3116K(37632K), 0.0010930 secs] 88314K->54856K(121024K), 0.0011260 secs] [Times: user=0.01 sys=0.00, real=0.00 secs] 
270.398: Total time for which application threads were stopped: 0.0012720 seconds, Stopping threads took: 0.0000820 seconds
270.486: Application time: 0.0881520 seconds
270.486: [GC270.486: [ParNew: 36141K->1576K(37632K), 0.0006770 secs] 87882K->53388K(121024K), 0.0007080 secs] [Times: user=0.01 sys=0.00, real=0.00 secs] 
270.487: Total time for which application threads were stopped: 0.0008630 seconds, Stopping threads took: 0.0000930 seconds
270.574: Application time: 0.0871720 seconds
270.574: [GC270.574: [ParNew: 35020K->2090K(37632K), 0.0008280 secs] 86833K->53902K(121024K), 0.0008600 secs] [Times: user=0.00 sys=0.00, real=0.01 secs] 
270.575: Total time for which application threads were stopped: 0.0009960 seconds, Stopping threads took: 0.0000730 seconds
270.660: Application time: 0.0845940 seconds
270.660: [GC270.660: [ParNew: 35105K->1608K(37632K), 0.0006730 secs] 86917K->53420K(121024K), 0.0007010 secs] [Times: user=0.00 sys=0.00, real=0.00 secs] 
270.661: Total time for which application threads were stopped: 0.0008320 seconds, Stopping threads took: 0.0000730 seconds
270.740: Application time: 0.0797180 seconds
270.740: [GC270.741: [ParNew: 34623K->1124K(37632K), 0.0005280 secs] 86435K->52936K(121024K), 0.0005570 secs] [Times: user=0.00 sys=0.00, real=0.00 secs] 
270.741: Total time for which application threads were stopped: 0.0006830 seconds, Stopping threads took: 0.0000690 seconds
270.820: Application time: 0.0787100 seconds
270.820: [GC270.820: [ParNew: 34215K->1692K(37632K), 0.0006710 secs] 86027K->53505K(121024K), 0.0007110 secs] [Times: user=0.01 sys=0.00, real=0.00 secs] 
270.821: Total time for which application threads were stopped: 0.0008540 seconds, Stopping threads took: 0.0000770 seconds
270.900: Application time: 0.0796780 seconds
270.900: [GC270.900: [ParNew: 34699K->2232K(37632K), 0.0008770 secs] 86511K->54045K(121024K), 0.0009070 secs] [Times: user=0.00 sys=0.00, real=0.00 secs] 
270.901: Total time for which application threads were stopped: 0.0010740 seconds, Stopping threads took: 0.0001070 seconds
270.980: Application time: 0.0781660 seconds
270.980: [GC270.980: [ParNew: 35243K->2630K(37632K), 0.0010750 secs] 87056K->54623K(121024K), 0.0011050 secs] [Times: user=0.00 sys=0.00, real=0.00 secs] 
270.981: Total time for which application threads were stopped: 0.0012840 seconds, Stopping threads took: 0.0001190 seconds
271.061: Application time: 0.0798800 seconds
271.061: [GC271.061: [ParNew: 35645K->3116K(37632K), 0.0011110 secs] 87638K->55205K(121024K), 0.0011420 secs] [Times: user=0.01 sys=0.00, real=0.00 secs] 
271.062: Total time for which application threads were stopped: 0.0012800 seconds, Stopping threads took: 0.0000760 seconds
271.143: Application time: 0.0805730 seconds
271.143: [GC271.143: [ParNew: 36139K->2092K(37632K), 0.0008140 secs] 88228K->54229K(121024K), 0.0008440 secs] [Times: user=0.00 sys=0.00, real=0.00 secs] 
271.144: Total time for which application threads were stopped: 0.0009770 seconds, Stopping threads took: 0.0000750 seconds
271.224: Application time: 0.0806820 seconds
271.224: [GC271.224: [ParNew: 35538K->2602K(37632K), 0.0009390 secs] 87675K->54739K(121024K), 0.0009690 secs] [Times: user=0.01 sys=0.00, real=0.00 secs] 
271.225: Total time for which application threads were stopped: 0.0011080 seconds, Stopping threads took: 0.0000790 seconds
271.305: Application time: 0.0796310 seconds
271.305: [GC271.305: [ParNew: 35615K->2604K(37632K), 0.0009360 secs] 87752K->54805K(121024K), 0.0009680 secs] [Times: user=0.00 sys=0.00, real=0.00 secs] 
271.306: Total time for which application threads were stopped: 0.0011080 seconds, Stopping threads took: 0.0000800 seconds
271.387: Application time: 0.0806850 seconds
271.387: [GC271.387: [ParNew: 35627K->1066K(37632K), 0.0005710 secs] 87828K->53331K(121024K), 0.0006010 secs] [Times: user=0.00 sys=0.00, real=0.01 secs] 
271.388: Total time for which application threads were stopped: 0.0007380 seconds, Stopping threads took: 0.0000710 seconds
271.465: Application time: 0.0771350 seconds
271.465: [GC271.465: [ParNew: 34151K->2148K(37632K), 0.0008080 secs] 86416K->54413K(121024K), 0.0008390 secs] [Times: user=0.00 sys=0.00, real=0.00 secs] 
271.466: Total time for which application threads were stopped: 0.0009820 seconds, Stopping threads took: 0.0000840 seconds
271.544: Application time: 0.0788220 seconds
271.545: [GC271.545: [ParNew: 35159K->2602K(37632K), 0.0009790 secs] 87424K->54995K(121024K), 0.0010110 secs] [Times: user=0.01 sys=0.00, real=0.00 secs] 
271.546: Total time for which application threads were stopped: 0.0011510 seconds, Stopping threads took: 0.0000790 seconds
271.627: Application time: 0.0817880 seconds
271.628: [GC271.628: [ParNew: 35629K->1068K(37632K), 0.0005290 secs] 88022K->53533K(121024K), 0.0005600 secs] [Times: user=0.01 sys=0.00, real=0.00 secs] 
271.628: Total time for which application threads were stopped: 0.0007150 seconds, Stopping threads took: 0.0000960 seconds
271.708: Application time: 0.0797660 seconds
271.708: [GC271.708: [ParNew: 34078K->1604K(37632K), 0.0006820 secs] 86544K->54069K(121024K), 0.0007140 secs] [Times: user=0.00 sys=0.00, real=0.00 secs] 
271.709: Total time for which application threads were stopped: 0.0008520 seconds, Stopping threads took: 0.0000790 seconds
271.787: Application time: 0.0779630 seconds
271.787: [GC271.787: [ParNew: 34616K->1634K(37632K), 0.0006890 secs] 87082K->54099K(121024K), 0.0007180 secs] [Times: user=0.01 sys=0.00, real=0.01 secs] 
271.788: Total time for which application threads were stopped: 0.0008490 seconds, Stopping threads took: 0.0000740 seconds
271.868: Application time: 0.0801660 seconds
271.868: [GC271.868: [ParNew: 35078K->3172K(37632K), 0.0011220 secs] 87543K->55637K(121024K), 0.0011600 secs] [Times: user=0.00 sys=0.00, real=0.00 secs] 
271.869: Total time for which application threads were stopped: 0.0013040 seconds, Stopping threads took: 0.0000830 seconds
271.950: Application time: 0.0813000 seconds
271.951: [GC271.951: [ParNew: 36201K->1064K(37632K), 0.0005620 secs] 88666K->53665K(121024K), 0.0005930 secs] [Times: user=0.00 sys=0.01, real=0.00 secs] 
271.951: Total time for which application threads were stopped: 0.0007810 seconds, Stopping threads took: 0.0001230 seconds
272.030: Application time: 0.0791060 seconds
272.030: [GC272.030: [ParNew: 34076K->1092K(37632K), 0.0005980 secs] 86678K->53693K(121024K), 0.0006250 secs] [Times: user=0.00 sys=0.00, real=0.00 secs] 
272.031: Total time for which application threads were stopped: 0.0007510 seconds, Stopping threads took: 0.0000690 seconds
272.110: Application time: 0.0787040 seconds
272.110: [GC272.110: [ParNew: 34179K->2170K(37632K), 0.0009030 secs] 86780K->54771K(121024K), 0.0009340 secs] [Times: user=0.01 sys=0.00, real=0.00 secs] 
272.111: Total time for which application threads were stopped: 0.0010670 seconds, Stopping threads took: 0.0000740 seconds
272.188: Application time: 0.0774850 seconds
272.188: [GC272.188: [ParNew: 35177K->3114K(37632K), 0.0011980 secs] 87778K->55867K(121024K), 0.0012290 secs] [Times: user=0.00 sys=0.00, real=0.00 secs] 
272.190: Total time for which application threads were stopped: 0.0013880 seconds, Stopping threads took: 0.0000960 seconds
272.273: Application time: 0.0834080 seconds
272.273: [GC272.273: [ParNew: 36567K->2060K(37632K), 0.0007900 secs] 89320K->54885K(121024K), 0.0008200 secs] [Times: user=0.00 sys=0.00, real=0.00 secs] 
272.274: Total time for which application threads were stopped: 0.0009980 seconds, Stopping threads took: 0.0001190 seconds
272.352: Application time: 0.0783960 seconds
272.353: [GC272.353: [ParNew: 35155K->2118K(37632K), 0.0007900 secs] 87980K->54943K(121024K), 0.0008200 secs] [Times: user=0.01 sys=0.00, real=0.00 secs] 
272.353: Total time for which application threads were stopped: 0.0009460 seconds, Stopping threads took: 0.0000680 seconds
272.434: Application time: 0.0804710 seconds
272.434: [GC272.434: [ParNew: 35137K->1066K(37632K), 0.0005610 secs] 87962K->53987K(121024K), 0.0005900 secs] [Times: user=0.01 sys=0.00, real=0.00 secs] 
272.435: Total time for which application threads were stopped: 0.0007800 seconds, Stopping threads took: 0.0001330 seconds
272.516: Application time: 0.0811540 seconds
272.516: [GC272.516: [ParNew: 34514K->2092K(37632K), 0.0007850 secs] 87436K->55013K(121024K), 0.0008150 secs] [Times: user=0.01 sys=0.00, real=0.00 secs] 
272.517: Total time for which application threads were stopped: 0.0009470 seconds, Stopping threads took: 0.0000650 seconds
272.597: Application time: 0.0803970 seconds
272.597: [GC272.597: [ParNew: 35113K->1606K(37632K), 0.0006860 secs] 88034K->54527K(121024K), 0.0007170 secs] [Times: user=0.01 sys=0.00, real=0.00 secs] 
272.598: Total time for which application threads were stopped: 0.0008440 seconds, Stopping threads took: 0.0000670 seconds
272.677: Application time: 0.0794650 seconds
272.678: [GC272.678: [ParNew: 34621K->1124K(37632K), 0.0005760 secs] 87542K->54045K(121024K), 0.0006040 secs] [Times: user=0.01 sys=0.00, real=0.00 secs] 
272.678: Total time for which application threads were stopped: 0.0007220 seconds, Stopping threads took: 0.0000600 seconds
272.757: Application time: 0.0783130 seconds
272.757: [GC272.757: [ParNew: 34213K->2202K(37632K), 0.0008910 secs] 87134K->55123K(121024K), 0.0009190 secs] [Times: user=0.00 sys=0.00, real=0.00 secs] 
272.758: Total time for which application threads were stopped: 0.0010540 seconds, Stopping threads took: 0.0000770 seconds
272.839: Application time: 0.0809800 seconds
272.839: [GC272.839: [ParNew: 35215K->2092K(37632K), 0.0008330 secs] 88136K->55201K(121024K), 0.0008640 secs] [Times: user=0.01 sys=0.00, real=0.00 secs] 
272.840: Total time for which application threads were stopped: 0.0009990 seconds, Stopping threads took: 0.0000680 seconds
272.922: Application time: 0.0819630 seconds
272.922: [GC272.922: [ParNew: 35549K->1064K(37632K), 0.0006190 secs] 88658K->54173K(121024K), 0.0006470 secs] [Times: user=0.01 sys=0.00, real=0.00 secs] 
272.922: Total time for which application threads were stopped: 0.0007690 seconds, Stopping threads took: 0.0000640 seconds
273.002: Application time: 0.0799960 seconds
273.002: [GC273.002: [ParNew: 34159K->1124K(37632K), 0.0005170 secs] 87268K->54233K(121024K), 0.0005470 secs] [Times: user=0.00 sys=0.00, real=0.00 secs] 
273.003: Total time for which application threads were stopped: 0.0006710 seconds, Stopping threads took: 0.0000660 seconds
273.083: Application time: 0.0801680 seconds
273.083: [GC273.083: [ParNew: 34137K->1150K(37632K), 0.0005330 secs] 87246K->54259K(121024K), 0.0005650 secs] [Times: user=0.01 sys=0.00, real=0.00 secs] 
273.084: Total time for which application threads were stopped: 0.0006920 seconds, Stopping threads took: 0.0000610 seconds
273.164: Application time: 0.0802720 seconds
273.164: [GC273.164: [ParNew: 34594K->1664K(37632K), 0.0007100 secs] 87704K->54773K(121024K), 0.0007410 secs] [Times: user=0.01 sys=0.00, real=0.00 secs] 
273.165: Total time for which application threads were stopped: 0.0008900 seconds, Stopping threads took: 0.0000900 seconds
273.244: Application time: 0.0789300 seconds
273.244: [GC273.244: [ParNew: 34677K->2204K(37632K), 0.0008810 secs] 87786K->55314K(121024K), 0.0009140 secs] [Times: user=0.01 sys=0.00, real=0.00 secs] 
273.245: Total time for which application threads were stopped: 0.0010360 seconds, Stopping threads took: 0.0000620 seconds
273.324: Application time: 0.0788160 seconds
273.324: [GC273.324: [ParNew: 35299K->2146K(37632K), 0.0008420 secs] 88409K->55416K(121024K), 0.0008730 secs] [Times: user=0.00 sys=0.00, real=0.00 secs] 
273.325: Total time for which application threads were stopped: 0.0010120 seconds, Stopping threads took: 0.0000800 seconds
273.406: Application time: 0.0807630 seconds
273.406: [GC273.406: [ParNew: 35159K->2088K(37632K), 0.0008370 secs] 88428K->55494K(121024K), 0.0008670 secs] [Times: user=0.00 sys=0.00, real=0.00 secs] 
273.407: Total time for which application threads were stopped: 0.0010080 seconds, Stopping threads took: 0.0000820 seconds
273.487: Application time: 0.0802020 seconds
273.487: [GC273.487: [ParNew: 35107K->1608K(37632K), 0.0006990 secs] 88513K->55014K(121024K), 0.0007290 secs] [Times: user=0.01 sys=0.00, real=0.01 secs] 
273.488: Total time for which application threads were stopped: 0.0008580 seconds, Stopping threads took: 0.0000710 seconds
273.569: Application time: 0.0815180 seconds
273.569: [GC273.569: [ParNew: 35056K->1606K(37632K), 0.0006770 secs] 88462K->55012K(121024K), 0.0007050 secs] [Times: user=0.01 sys=0.00, real=0.00 secs] 
273.570: Total time for which application threads were stopped: 0.0008370 seconds, Stopping threads took: 0.0000740 seconds
273.647: Application time: 0.0774100 seconds
273.647: [GC273.648: [ParNew: 34693K->2688K(37632K), 0.0010050 secs] 88099K->56094K(121024K), 0.0010360 secs] [Times: user=0.01 sys=0.00, real=0.00 secs] 
273.649: Total time for which application threads were stopped: 0.0011770 seconds, Stopping threads took: 0.0000730 seconds
273.728: Application time: 0.0795670 seconds
273.728: [GC273.728: [ParNew: 35697K->3116K(37632K), 0.0011670 secs] 89103K->56678K(121024K), 0.0011970 secs] [Times: user=0.01 sys=0.00, real=0.00 secs] 
273.729: Total time for which application threads were stopped: 0.0013570 seconds, Stopping threads took: 0.0000990 seconds
273.811: Application time: 0.0818650 seconds
273.811: [GC273.811: [ParNew: 36577K->1546K(37632K), 0.0006470 secs] 90139K->55172K(121024K), 0.0006790 secs] [Times: user=0.01 sys=0.00, real=0.00 secs] 
273.812: Total time for which application threads were stopped: 0.0008030 seconds, Stopping threads took: 0.0000650 seconds
273.891: Application time: 0.0791890 seconds
273.891: [GC273.891: [ParNew: 34633K->2118K(37632K), 0.0008240 secs] 88259K->55744K(121024K), 0.0008650 secs] [Times: user=0.01 sys=0.00, real=0.00 secs] 
273.892: Total time for which application threads were stopped: 0.0010010 seconds, Stopping threads took: 0.0000770 seconds
273.970: Application time: 0.0775950 seconds
273.970: [GC273.970: [ParNew: 35131K->2092K(37632K), 0.0008230 secs] 88757K->55806K(121024K), 0.0008520 secs] [Times: user=0.00 sys=0.00, real=0.00 secs] 
273.971: Total time for which application threads were stopped: 0.0010950 seconds, Stopping threads took: 0.0001840 seconds
274.051: Application time: 0.0799130 seconds
274.051: [GC274.051: [ParNew: 35185K->2658K(37632K), 0.0010030 secs] 88899K->56372K(121024K), 0.0010320 secs] [Times: user=0.01 sys=0.00, real=0.00 secs] 
274.052: Total time for which application threads were stopped: 0.0011720 seconds, Stopping threads took: 0.0000750 seconds
274.132: Application time: 0.0801820 seconds
274.132: [GC274.132: [ParNew: 36102K->3084K(37632K), 0.0012160 secs] 89817K->56922K(121024K), 0.0012490 secs] [Times: user=0.01 sys=0.00, real=0.00 secs] 
274.134: Total time for which application threads were stopped: 0.0013870 seconds, Stopping threads took: 0.0000750 seconds
274.215: Application time: 0.0811850 seconds
274.215: [GC274.215: [ParNew: 36537K->2570K(37632K), 0.0009280 secs] 90375K->56408K(121024K), 0.0009600 secs] [Times: user=0.01 sys=0.00, real=0.01 secs] 
274.216: Total time for which application threads were stopped: 0.0011190 seconds, Stopping threads took: 0.0000870 seconds
274.297: Application time: 0.0812390 seconds
274.297: [GC274.297: [ParNew: 35669K->1602K(37632K), 0.0007310 secs] 89507K->55440K(121024K), 0.0007610 secs] [Times: user=0.00 sys=0.00, real=0.00 secs] 
274.298: Total time for which application threads were stopped: 0.0008900 seconds, Stopping threads took: 0.0000700 seconds
274.377: Application time: 0.0787090 seconds
274.377: [GC274.377: [ParNew: 34609K->2660K(37632K), 0.0009450 secs] 88447K->56498K(121024K), 0.0009780 secs] [Times: user=0.01 sys=0.00, real=0.00 secs] 
274.378: Total time for which application threads were stopped: 0.0011200 seconds, Stopping threads took: 0.0000820 seconds
274.460: Application time: 0.0821170 seconds
274.460: [GC274.460: [ParNew: 36119K->1548K(37632K), 0.0006510 secs] 89957K->55522K(121024K), 0.0006810 secs] [Times: user=0.01 sys=0.00, real=0.00 secs] 
274.461: Total time for which application threads were stopped: 0.0008100 seconds, Stopping threads took: 0.0000710 seconds
274.540: Application time: 0.0793620 seconds
274.540: [GC274.540: [ParNew: 34637K->2116K(37632K), 0.0008770 secs] 88611K->56090K(121024K), 0.0009050 secs] [Times: user=0.01 sys=0.00, real=0.00 secs] 
274.541: Total time for which application threads were stopped: 0.0010190 seconds, Stopping threads took: 0.0000570 seconds
274.620: Application time: 0.0787510 seconds
274.620: [GC274.620: [ParNew: 35127K->2086K(37632K), 0.0009000 secs] 89101K->56148K(121024K), 0.0009280 secs] [Times: user=0.00 sys=0.00, real=0.00 secs] 
274.621: Total time for which application threads were stopped: 0.0011150 seconds, Stopping threads took: 0.0001290 seconds
274.706: Application time: 0.0850230 seconds
274.706: [GC274.706: [ParNew: 35181K->2660K(37632K), 0.0009470 secs] 89243K->56722K(121024K), 0.0009770 secs] [Times: user=0.01 sys=0.00, real=0.01 secs] 
274.707: Total time for which application threads were stopped: 0.0011300 seconds, Stopping threads took: 0.0000940 seconds
274.794: Application time: 0.0869480 seconds
274.794: [GC274.794: [ParNew: 36103K->3598K(37632K), 0.0013270 secs] 90165K->57788K(121024K), 0.0013610 secs] [Times: user=0.01 sys=0.00, real=0.01 secs] 
274.796: Total time for which application threads were stopped: 0.0015090 seconds, Stopping threads took: 0.0000730 seconds
274.885: Application time: 0.0891040 seconds
274.885: [GC274.885: [ParNew: 37059K->2058K(37632K), 0.0008770 secs] 91249K->56248K(121024K), 0.0009080 secs] [Times: user=0.01 sys=0.00, real=0.00 secs] 
274.886: Total time for which application threads were stopped: 0.0010570 seconds, Stopping threads took: 0.0000850 seconds
274.971: Application time: 0.0848000 seconds
274.971: [GC274.971: [ParNew: 35147K->2632K(37632K), 0.0010060 secs] 89337K->56822K(121024K), 0.0010500 secs] [Times: user=0.00 sys=0.00, real=0.00 secs] 
274.972: Total time for which application threads were stopped: 0.0012160 seconds, Stopping threads took: 0.0001040 seconds
275.059: Application time: 0.0868810 seconds
275.059: [GC275.059: [ParNew: 35649K->2090K(37632K), 0.0008490 secs] 89839K->56376K(121024K), 0.0008810 secs] [Times: user=0.00 sys=0.01, real=0.00 secs] 
275.060: Total time for which application threads were stopped: 0.0010310 seconds, Stopping threads took: 0.0000870 seconds
275.148: Application time: 0.0883770 seconds
275.148: [GC275.148: [ParNew: 35536K->2600K(37632K), 0.0009810 secs] 89823K->56886K(121024K), 0.0010140 secs] [Times: user=0.00 sys=0.00, real=0.00 secs] 
275.149: Total time for which application threads were stopped: 0.0011710 seconds, Stopping threads took: 0.0000950 seconds
275.236: Application time: 0.0866350 seconds
275.236: [GC275.236: [ParNew: 35699K->2118K(37632K), 0.0008210 secs] 89986K->56468K(121024K), 0.0008520 secs] [Times: user=0.00 sys=0.00, real=0.00 secs] 
275.237: Total time for which application threads were stopped: 0.0009890 seconds, Stopping threads took: 0.0000760 seconds
275.322: Application time: 0.0846310 seconds
275.322: [GC275.322: [ParNew: 35131K->2090K(37632K), 0.0008410 secs] 89481K->56544K(121024K), 0.0008730 secs] [Times: user=0.01 sys=0.00, real=0.00 secs] 
275.323: Total time for which application threads were stopped: 0.0010160 seconds, Stopping threads took: 0.0000710 seconds
275.409: Application time: 0.0865710 seconds
275.409: [GC275.409: [ParNew: 35103K->2632K(37632K), 0.0009440 secs] 89557K->57086K(121024K), 0.0009740 secs] [Times: user=0.01 sys=0.00, real=0.00 secs] 
275.410: Total time for which application threads were stopped: 0.0011260 seconds, Stopping threads took: 0.0000900 seconds
275.497: Application time: 0.0861380 seconds
275.497: [GC275.497: [ParNew: 35651K->2090K(37632K), 0.0008150 secs] 90105K->56648K(121024K), 0.0008460 secs] [Times: user=0.00 sys=0.00, real=0.00 secs] 
275.498: Total time for which application threads were stopped: 0.0009710 seconds, Stopping threads took: 0.0000660 seconds
275.585: Application time: 0.0869960 seconds
275.585: [GC275.585: [ParNew: 35538K->2092K(37632K), 0.0007920 secs] 90097K->56650K(121024K), 0.0008240 secs] [Times: user=0.00 sys=0.00, real=0.00 secs] 
275.585: Total time for which application threads were stopped: 0.0009580 seconds, Stopping threads took: 0.0000730 seconds
275.671: Application time: 0.0852720 seconds
275.671: [GC275.671: [ParNew: 35189K->1634K(37632K), 0.0007620 secs] 89748K->56192K(121024K), 0.0007910 secs] [Times: user=0.00 sys=0.00, real=0.00 secs] 
275.672: Total time for which application threads were stopped: 0.0009250 seconds, Stopping threads took: 0.0000750 seconds
275.757: Application time: 0.0854120 seconds
275.757: [GC275.757: [ParNew: 34643K->2686K(37632K), 0.0010900 secs] 89201K->57245K(121024K), 0.0011210 secs] [Times: user=0.01 sys=0.00, real=0.00 secs] 
275.758: Total time for which application threads were stopped: 0.0012590 seconds, Stopping threads took: 0.0000770 seconds
275.844: Application time: 0.0857330 seconds
275.844: [GC275.844: [ParNew: 36133K->3084K(37632K), 0.0012010 secs] 90691K->57795K(121024K), 0.0012330 secs] [Times: user=0.00 sys=0.00, real=0.00 secs] 
275.845: Total time for which application threads were stopped: 0.0013850 seconds, Stopping threads took: 0.0000760 seconds
275.931: Application time: 0.0852690 seconds
275.931: [GC275.931: [ParNew: 36175K->3656K(37632K), 0.0012860 secs] 90886K->58367K(121024K), 0.0013180 secs] [Times: user=0.01 sys=0.00, real=0.00 secs] 
275.932: Total time for which application threads were stopped: 0.0014690 seconds, Stopping threads took: 0.0000870 seconds
276.019: Application time: 0.0865210 seconds
276.019: [GC276.019: [ParNew: 36677K->2602K(37632K), 0.0010020 secs] 91388K->57409K(121024K), 0.0010350 secs] [Times: user=0.00 sys=0.00, real=0.00 secs] 
276.020: Total time for which application threads were stopped: 0.0012090 seconds, Stopping threads took: 0.0001040 seconds
276.107: Application time: 0.0872750 seconds
276.107: [GC276.107: [ParNew: 35619K->2090K(37632K), 0.0008040 secs] 90426K->56961K(121024K), 0.0008360 secs] [Times: user=0.01 sys=0.00, real=0.00 secs] 
276.108: Total time for which application threads were stopped: 0.0009710 seconds, Stopping threads took: 0.0000700 seconds
276.194: Application time: 0.0853130 seconds
276.194: [GC276.194: [ParNew: 35103K->2118K(37632K), 0.0009050 secs] 89974K->56989K(121024K), 0.0009350 secs] [Times: user=0.00 sys=0.00, real=0.00 secs] 
276.195: Total time for which application threads were stopped: 0.0011040 seconds, Stopping threads took: 0.0001090 seconds
276.281: Application time: 0.0864300 seconds
276.281: [GC276.281: [ParNew: 35562K->3114K(37632K), 0.0012140 secs] 90433K->58065K(121024K), 0.0012450 secs] [Times: user=0.00 sys=0.00, real=0.00 secs] 
276.282: Total time for which application threads were stopped: 0.0013900 seconds, Stopping threads took: 0.0000810 seconds
276.369: Application time: 0.0866490 seconds
276.369: [GC276.369: [ParNew: 36209K->2632K(37632K), 0.0009980 secs] 91160K->57647K(121024K), 0.0010290 secs] [Times: user=0.00 sys=0.00, real=0.00 secs] 
276.370: Total time for which application threads were stopped: 0.0011700 seconds, Stopping threads took: 0.0000710 seconds
276.457: Application time: 0.0862410 seconds
276.457: [GC276.457: [ParNew: 35645K->2600K(37632K), 0.0009530 secs] 90660K->57711K(121024K), 0.0009820 secs] [Times: user=0.01 sys=0.00, real=0.00 secs] 
276.458: Total time for which application threads were stopped: 0.0011120 seconds, Stopping threads took: 0.0000700 seconds
276.544: Application time: 0.0859500 seconds
276.544: [GC276.544: [ParNew: 36050K->2570K(37632K), 0.0009370 secs] 91161K->57753K(121024K), 0.0009690 secs] [Times: user=0.01 sys=0.00, real=0.00 secs] 
276.545: Total time for which application threads were stopped: 0.0012190 seconds, Stopping threads took: 0.0001890 seconds
276.631: Application time: 0.0865000 seconds
276.631: [GC276.631: [ParNew: 35741K->2658K(37632K), 0.0009550 secs] 90924K->57841K(121024K), 0.0009830 secs] [Times: user=0.01 sys=0.00, real=0.00 secs] 
276.632: Total time for which application threads were stopped: 0.0011480 seconds, Stopping threads took: 0.0001020 seconds
276.722: Application time: 0.0892850 seconds
276.722: [GC276.722: [ParNew: 36115K->1546K(37632K), 0.0006770 secs] 91298K->56857K(121024K), 0.0007080 secs] [Times: user=0.01 sys=0.00, real=0.00 secs] 
276.723: Total time for which application threads were stopped: 0.0008280 seconds, Stopping threads took: 0.0000600 seconds
276.808: Application time: 0.0849550 seconds
276.808: [GC276.808: [ParNew: 34554K->2088K(37632K), 0.0008890 secs] 89866K->57399K(121024K), 0.0009200 secs] [Times: user=0.00 sys=0.00, real=0.00 secs] 
276.809: Total time for which application threads were stopped: 0.0010690 seconds, Stopping threads took: 0.0000870 seconds
276.895: Application time: 0.0859210 seconds
276.895: [GC276.895: [ParNew: 35099K->2632K(37632K), 0.0010770 secs] 90410K->57943K(121024K), 0.0011090 secs] [Times: user=0.01 sys=0.00, real=0.01 secs] 
276.896: Total time for which application threads were stopped: 0.0012630 seconds, Stopping threads took: 0.0000770 seconds
276.983: Application time: 0.0876700 seconds
276.984: [GC276.984: [ParNew: 36081K->2058K(37632K), 0.0008040 secs] 91392K->57465K(121024K), 0.0008370 secs] [Times: user=0.00 sys=0.00, real=0.00 secs] 
276.985: Total time for which application threads were stopped: 0.0010440 seconds, Stopping threads took: 0.0001490 seconds
277.071: Application time: 0.0864080 seconds
277.071: [GC277.071: [ParNew: 35149K->2632K(37632K), 0.0010210 secs] 90556K->58039K(121024K), 0.0010550 secs] [Times: user=0.00 sys=0.00, real=0.00 secs] 
277.072: Total time for which application threads were stopped: 0.0012700 seconds, Stopping threads took: 0.0001460 seconds
277.159: Application time: 0.0865200 seconds
277.159: [GC277.159: [ParNew: 35651K->1576K(37632K), 0.0007070 secs] 91058K->57071K(121024K), 0.0007460 secs] [Times: user=0.00 sys=0.00, real=0.00 secs] 
277.160: Total time for which application threads were stopped: 0.0009210 seconds, Stopping threads took: 0.0001150 seconds
277.247: Application time: 0.0877200 seconds
277.247: [GC277.247: [ParNew: 35024K->2088K(37632K), 0.0008000 secs] 90520K->57583K(121024K), 0.0008320 secs] [Times: user=0.01 sys=0.00, real=0.00 secs] 
277.248: Total time for which application threads were stopped: 0.0009730 seconds, Stopping threads took: 0.0000770 seconds
277.336: Application time: 0.0875680 seconds
277.336: [GC277.336: [ParNew: 35263K->1664K(37632K), 0.0007070 secs] 90759K->57159K(121024K), 0.0007370 secs] [Times: user=0.01 sys=0.00, real=0.00 secs] 
277.337: Total time for which application threads were stopped: 0.0008610 seconds, Stopping threads took: 0.0000620 seconds
277.424: Application time: 0.0875650 seconds
277.424: [GC277.424: [ParNew: 35119K->1150K(37632K), 0.0006430 secs] 90614K->56645K(121024K), 0.0006740 secs] [Times: user=0.01 sys=0.00, real=0.00 secs] 
277.425: Total time for which application threads were stopped: 0.0008040 seconds, Stopping threads took: 0.0000600 seconds
277.512: Application time: 0.0867560 seconds
277.512: [GC277.512: [ParNew: 34241K->1718K(37632K), 0.0007420 secs] 89736K->57213K(121024K), 0.0007760 secs] [Times: user=0.00 sys=0.00, real=0.00 secs] 
277.513: Total time for which application threads were stopped: 0.0009710 seconds, Stopping threads took: 0.0001350 seconds
277.600: Application time: 0.0867200 seconds
277.600: [GC277.600: [ParNew: 35164K->2232K(37632K), 0.0008850 secs] 90660K->57727K(121024K), 0.0009150 secs] [Times: user=0.00 sys=0.00, real=0.00 secs] 
277.601: Total time for which application threads were stopped: 0.0010510 seconds, Stopping threads took: 0.0000760 seconds
277.687: Application time: 0.0866870 seconds
277.687: [GC277.687: [ParNew: 35677K->2572K(37632K), 0.0010340 secs] 91172K->58279K(121024K), 0.0010680 secs] [Times: user=0.00 sys=0.00, real=0.00 secs] 
277.689: Total time for which application threads were stopped: 0.0012120 seconds, Stopping threads took: 0.0000790 seconds
277.775: Application time: 0.0865260 seconds
277.775: [GC277.775: [ParNew: 35665K->2630K(37632K), 0.0010080 secs] 91372K->58337K(121024K), 0.0010380 secs] [Times: user=0.00 sys=0.00, real=0.00 secs] 
277.776: Total time for which application threads were stopped: 0.0011850 seconds, Stopping threads took: 0.0000880 seconds
277.863: Application time: 0.0869860 seconds
277.863: [GC277.863: [ParNew: 35649K->2086K(37632K), 0.0008720 secs] 91356K->57873K(121024K), 0.0009020 secs] [Times: user=0.00 sys=0.00, real=0.00 secs] 
277.864: Total time for which application threads were stopped: 0.0011060 seconds, Stopping threads took: 0.0001410 seconds
277.954: Application time: 0.0894450 seconds
277.954: [GC277.954: [ParNew: 35538K->1576K(37632K), 0.0006540 secs] 91326K->57363K(121024K), 0.0006850 secs] [Times: user=0.00 sys=0.00, real=0.00 secs] 
277.955: Total time for which application threads were stopped: 0.0008420 seconds, Stopping threads took: 0.0000870 seconds
278.041: Application time: 0.0867220 seconds
278.041: [GC278.041: [ParNew: 34749K->1152K(37632K), 0.0005380 secs] 90537K->56939K(121024K), 0.0005700 secs] [Times: user=0.00 sys=0.00, real=0.00 secs] 
278.042: Total time for which application threads were stopped: 0.0006930 seconds, Stopping threads took: 0.0000630 seconds
278.129: Application time: 0.0873560 seconds
278.130: [GC278.130: [ParNew: 34596K->1664K(37632K), 0.0006900 secs] 90384K->57451K(121024K), 0.0007200 secs] [Times: user=0.00 sys=0.00, real=0.00 secs] 
278.130: Total time for which application threads were stopped: 0.0008700 seconds, Stopping threads took: 0.0000880 seconds
278.217: Application time: 0.0863530 seconds
278.217: [GC278.217: [ParNew: 34755K->1720K(37632K), 0.0007530 secs] 90543K->57508K(121024K), 0.0007840 secs] [Times: user=0.01 sys=0.00, real=0.00 secs] 
278.218: Total time for which application threads were stopped: 0.0009160 seconds, Stopping threads took: 0.0000720 seconds
278.305: Application time: 0.0874030 seconds
278.305: [GC278.305: [ParNew: 35166K->1206K(37632K), 0.0005870 secs] 90954K->56993K(121024K), 0.0006310 secs] [Times: user=0.00 sys=0.00, real=0.00 secs] 
278.306: Total time for which application threads were stopped: 0.0007710 seconds, Stopping threads took: 0.0000790 seconds
278.395: Application time: 0.0892350 seconds
278.395: [GC278.395: [ParNew: 34659K->1208K(37632K), 0.0006250 secs] 90446K->56995K(121024K), 0.0006540 secs] [Times: user=0.01 sys=0.00, real=0.00 secs] 
278.396: Total time for which application threads were stopped: 0.0008600 seconds, Stopping threads took: 0.0001460 seconds
278.482: Application time: 0.0858730 seconds
278.482: [GC278.482: [ParNew: 34293K->2800K(37632K), 0.0010270 secs] 90080K->58588K(121024K), 0.0010630 secs] [Times: user=0.01 sys=0.00, real=0.00 secs] 
278.483: Total time for which application threads were stopped: 0.0013050 seconds, Stopping threads took: 0.0001690 seconds
278.572: Application time: 0.0887770 seconds
278.572: [GC278.572: [ParNew: 35831K->554K(37632K), 0.0004540 secs] 91619K->56581K(121024K), 0.0004820 secs] [Times: user=0.01 sys=0.00, real=0.00 secs] 
278.572: Total time for which application threads were stopped: 0.0006220 seconds, Stopping threads took: 0.0000820 seconds
278.658: Application time: 0.0853280 seconds
278.658: [GC278.658: [ParNew: 34000K->1066K(37632K), 0.0005350 secs] 90028K->57093K(121024K), 0.0005640 secs] [Times: user=0.00 sys=0.00, real=0.00 secs] 
278.658: Total time for which application threads were stopped: 0.0007000 seconds, Stopping threads took: 0.0000770 seconds
278.736: Application time: 0.0779960 seconds
278.737: [GC278.737: [ParNew: 34237K->1152K(37632K), 0.0005640 secs] 90265K->57180K(121024K), 0.0005920 secs] [Times: user=0.00 sys=0.00, real=0.00 secs] 
278.737: Total time for which application threads were stopped: 0.0007190 seconds, Stopping threads took: 0.0000730 seconds
278.817: Application time: 0.0794290 seconds
278.817: [GC278.817: [ParNew: 34165K->1692K(37632K), 0.0007060 secs] 90192K->57720K(121024K), 0.0007340 secs] [Times: user=0.00 sys=0.00, real=0.00 secs] 
278.817: Total time for which application threads were stopped: 0.0008530 seconds, Stopping threads took: 0.0000630 seconds
278.897: Application time: 0.0796890 seconds
278.897: [GC278.897: [ParNew: 34707K->1208K(37632K), 0.0006260 secs] 90735K->57236K(121024K), 0.0006540 secs] [Times: user=0.00 sys=0.00, real=0.00 secs] 
278.898: Total time for which application threads were stopped: 0.0007760 seconds, Stopping threads took: 0.0000660 seconds
278.979: Application time: 0.0811040 seconds
278.979: [GC278.979: [ParNew: 34656K->1208K(37632K), 0.0005700 secs] 90684K->57236K(121024K), 0.0005990 secs] [Times: user=0.00 sys=0.00, real=0.00 secs] 
278.980: Total time for which application threads were stopped: 0.0007620 seconds, Stopping threads took: 0.0001050 seconds
279.059: Application time: 0.0793920 seconds
279.059: [GC279.059: [ParNew: 34654K->2232K(37632K), 0.0008960 secs] 90682K->58260K(121024K), 0.0009250 secs] [Times: user=0.01 sys=0.00, real=0.00 secs] 
279.060: Total time for which application threads were stopped: 0.0010750 seconds, Stopping threads took: 0.0000800 seconds
279.140: Application time: 0.0794710 seconds
279.140: [GC279.140: [ParNew: 35323K->2148K(37632K), 0.0008740 secs] 91351K->58360K(121024K), 0.0009050 secs] [Times: user=0.01 sys=0.00, real=0.00 secs] 
279.141: Total time for which application threads were stopped: 0.0010380 seconds, Stopping threads took: 0.0000720 seconds
279.220: Application time: 0.0796350 seconds
279.221: [GC279.221: [ParNew: 35163K->1574K(37632K), 0.0006920 secs] 91375K->57922K(121024K), 0.0007200 secs] [Times: user=0.00 sys=0.00, real=0.00 secs] 
279.221: Total time for which application threads were stopped: 0.0008660 seconds, Stopping threads took: 0.0000870 seconds
279.302: Application time: 0.0807670 seconds
279.302: [GC279.302: [ParNew: 34584K->2118K(37632K), 0.0008150 secs] 90932K->58466K(121024K), 0.0008560 secs] [Times: user=0.00 sys=0.00, real=0.00 secs] 
279.303: Total time for which application threads were stopped: 0.0009880 seconds, Stopping threads took: 0.0000740 seconds
279.381: Application time: 0.0781670 seconds
279.381: [GC279.381: [ParNew: 35211K->2148K(37632K), 0.0008470 secs] 91559K->58552K(121024K), 0.0008760 secs] [Times: user=0.01 sys=0.00, real=0.00 secs] 
279.382: Total time for which application threads were stopped: 0.0010310 seconds, Stopping threads took: 0.0000960 seconds
279.461: Application time: 0.0787540 seconds
279.461: [GC279.461: [ParNew: 35163K->2092K(37632K), 0.0007990 secs] 91567K->58624K(121024K), 0.0008290 secs] [Times: user=0.00 sys=0.00, real=0.00 secs] 
279.462: Total time for which application threads were stopped: 0.0009680 seconds, Stopping threads took: 0.0000770 seconds
279.544: Application time: 0.0823890 seconds
279.544: [GC279.544: [ParNew: 35111K->1094K(37632K), 0.0005620 secs] 91643K->57626K(121024K), 0.0005920 secs] [Times: user=0.00 sys=0.00, real=0.00 secs] 
279.545: Total time for which application threads were stopped: 0.0007210 seconds, Stopping threads took: 0.0000730 seconds
279.625: Application time: 0.0800690 seconds
279.625: [GC279.625: [ParNew: 34538K->1606K(37632K), 0.0006880 secs] 91070K->58138K(121024K), 0.0007160 secs] [Times: user=0.01 sys=0.00, real=0.00 secs] 
279.626: Total time for which application threads were stopped: 0.0008710 seconds, Stopping threads took: 0.0000910 seconds
279.705: Application time: 0.0794200 seconds
279.706: [GC279.706: [ParNew: 35052K->2632K(37632K), 0.0009730 secs] 91584K->59164K(121024K), 0.0010030 secs] [Times: user=0.01 sys=0.00, real=0.00 secs] 
279.707: Total time for which application threads were stopped: 0.0011410 seconds, Stopping threads took: 0.0000790 seconds
279.786: Application time: 0.0793260 seconds
279.786: [GC279.786: [ParNew: 35725K->2632K(37632K), 0.0009580 secs] 92257K->59260K(121024K), 0.0009860 secs] [Times: user=0.00 sys=0.00, real=0.00 secs] 
279.787: Total time for which application threads were stopped: 0.0011230 seconds, Stopping threads took: 0.0000770 seconds
279.868: Application time: 0.0807880 seconds
279.868: [GC279.868: [ParNew: 35655K->1062K(37632K), 0.0005360 secs] 92283K->57794K(121024K), 0.0005640 secs] [Times: user=0.00 sys=0.00, real=0.00 secs] 
279.869: Total time for which application threads were stopped: 0.0006860 seconds, Stopping threads took: 0.0000670 seconds
279.948: Application time: 0.0796020 seconds
279.948: [GC279.948: [ParNew: 34076K->580K(37632K), 0.0004830 secs] 90809K->57312K(121024K), 0.0005100 secs] [Times: user=0.01 sys=0.00, real=0.00 secs] 
279.949: Total time for which application threads were stopped: 0.0006320 seconds, Stopping threads took: 0.0000690 seconds
280.027: Application time: 0.0784860 seconds
280.027: [GC280.027: [ParNew: 33667K->1152K(37632K), 0.0005410 secs] 90399K->57884K(121024K), 0.0005720 secs] [Times: user=0.01 sys=0.00, real=0.00 secs] 
280.028: Total time for which application threads were stopped: 0.0007030 seconds, Stopping threads took: 0.0000720 seconds
280.106: Application time: 0.0784960 seconds
280.107: [GC280.107: [ParNew: 34162K->1692K(37632K), 0.0006910 secs] 90895K->58424K(121024K), 0.0007220 secs] [Times: user=0.00 sys=0.00, real=0.01 secs] 
280.107: Total time for which application threads were stopped: 0.0008580 seconds, Stopping threads took: 0.0000750 seconds
280.188: Application time: 0.0802180 seconds
280.188: [GC280.188: [ParNew: 34703K->1720K(37632K), 0.0006800 secs] 91435K->58452K(121024K), 0.0007110 secs] [Times: user=0.01 sys=0.00, real=0.00 secs] 
280.188: Total time for which application threads were stopped: 0.0008450 seconds, Stopping threads took: 0.0000670 seconds
280.270: Application time: 0.0820640 seconds
280.271: [GC280.271: [ParNew: 35173K->1208K(37632K), 0.0005710 secs] 91905K->57940K(121024K), 0.0006020 secs] [Times: user=0.00 sys=0.00, real=0.00 secs] 
280.271: Total time for which application threads were stopped: 0.0008020 seconds, Stopping threads took: 0.0001420 seconds
280.351: Application time: 0.0795690 seconds
280.351: [GC280.351: [ParNew: 34652K->1720K(37632K), 0.0007510 secs] 91385K->58452K(121024K), 0.0007900 secs] [Times: user=0.00 sys=0.00, real=0.00 secs] 
280.352: Total time for which application threads were stopped: 0.0009200 seconds, Stopping threads took: 0.0000700 seconds
280.433: Application time: 0.0808000 seconds
280.433: [GC280.433: [ParNew: 34817K->752K(37632K), 0.0004790 secs] 91549K->57484K(121024K), 0.0005060 secs] [Times: user=0.00 sys=0.00, real=0.00 secs] 
280.433: Total time for which application threads were stopped: 0.0006670 seconds, Stopping threads took: 0.0001070 seconds
280.512: Application time: 0.0790160 seconds
280.512: [GC280.512: [ParNew: 33765K->752K(37632K), 0.0004440 secs] 90497K->57484K(121024K), 0.0004740 secs] [Times: user=0.00 sys=0.00, real=0.00 secs] 
280.513: Total time for which application threads were stopped: 0.0007010 seconds, Stopping threads took: 0.0001700 seconds
280.592: Application time: 0.0790280 seconds
280.592: [GC280.592: [ParNew: 33765K->1264K(37632K), 0.0006080 secs] 90497K->57996K(121024K), 0.0006370 secs] [Times: user=0.01 sys=0.00, real=0.00 secs] 
280.593: Total time for which application threads were stopped: 0.0007840 seconds, Stopping threads took: 0.0000910 seconds
280.672: Application time: 0.0792060 seconds
280.672: [GC280.672: [ParNew: 34353K->1774K(37632K), 0.0007990 secs] 91085K->58506K(121024K), 0.0008290 secs] [Times: user=0.00 sys=0.00, real=0.00 secs] 
280.673: Total time for which application threads were stopped: 0.0009520 seconds, Stopping threads took: 0.0000640 seconds
280.752: Application time: 0.0794330 seconds
280.752: [GC280.752: [ParNew: 34787K->2288K(37632K), 0.0009070 secs] 91519K->59020K(121024K), 0.0009410 secs] [Times: user=0.01 sys=0.00, real=0.00 secs] 
280.753: Total time for which application threads were stopped: 0.0010750 seconds, Stopping threads took: 0.0000620 seconds
280.833: Application time: 0.0796730 seconds
280.833: [GC280.833: [ParNew: 35299K->2120K(37632K), 0.0008570 secs] 92031K->59068K(121024K), 0.0008870 secs] [Times: user=0.01 sys=0.00, real=0.00 secs] 
280.834: Total time for which application threads were stopped: 0.0010490 seconds, Stopping threads took: 0.0001020 seconds
280.915: Application time: 0.0806990 seconds
280.915: [GC280.915: [ParNew: 35568K->2090K(37632K), 0.0008990 secs] 92517K->59094K(121024K), 0.0009300 secs] [Times: user=0.00 sys=0.00, real=0.01 secs] 
280.916: Total time for which application threads were stopped: 0.0010680 seconds, Stopping threads took: 0.0000790 seconds
280.998: Application time: 0.0823200 seconds
280.998: [GC280.998: [ParNew: 35538K->2088K(37632K), 0.0008100 secs] 92543K->59092K(121024K), 0.0008400 secs] [Times: user=0.01 sys=0.00, real=0.00 secs] 
280.999: Total time for which application threads were stopped: 0.0009650 seconds, Stopping threads took: 0.0000640 seconds
281.079: Application time: 0.0801210 seconds
281.079: [GC281.079: [ParNew: 35181K->2148K(37632K), 0.0008250 secs] 92185K->59152K(121024K), 0.0008550 secs] [Times: user=0.00 sys=0.00, real=0.00 secs] 
281.080: Total time for which application threads were stopped: 0.0009840 seconds, Stopping threads took: 0.0000720 seconds
281.161: Application time: 0.0804490 seconds
281.161: [GC281.161: [ParNew: 35159K->2090K(37632K), 0.0009020 secs] 92163K->59226K(121024K), 0.0009320 secs] [Times: user=0.01 sys=0.00, real=0.00 secs] 
281.162: Total time for which application threads were stopped: 0.0010670 seconds, Stopping threads took: 0.0000760 seconds
281.242: Application time: 0.0801180 seconds
281.242: [GC281.242: [ParNew: 35183K->1634K(37632K), 0.0006700 secs] 92319K->58770K(121024K), 0.0007010 secs] [Times: user=0.00 sys=0.00, real=0.00 secs] 
281.243: Total time for which application threads were stopped: 0.0009280 seconds, Stopping threads took: 0.0001700 seconds
281.323: Application time: 0.0798740 seconds
281.323: [GC281.323: [ParNew: 34647K->1664K(37632K), 0.0007420 secs] 91783K->58801K(121024K), 0.0007740 secs] [Times: user=0.01 sys=0.00, real=0.00 secs] 
281.324: Total time for which application threads were stopped: 0.0009310 seconds, Stopping threads took: 0.0000790 seconds
281.403: Application time: 0.0795380 seconds
281.403: [GC281.403: [ParNew: 34677K->1692K(37632K), 0.0006800 secs] 91813K->58829K(121024K), 0.0007110 secs] [Times: user=0.01 sys=0.00, real=0.00 secs] 
281.404: Total time for which application threads were stopped: 0.0008290 seconds, Stopping threads took: 0.0000590 seconds
281.482: Application time: 0.0781720 seconds
281.482: [GC281.482: [ParNew: 34701K->2744K(37632K), 0.0010230 secs] 91837K->59881K(121024K), 0.0010540 secs] [Times: user=0.01 sys=0.00, real=0.00 secs] 
281.483: Total time for which application threads were stopped: 0.0012040 seconds, Stopping threads took: 0.0000890 seconds
281.566: Application time: 0.0828950 seconds
281.566: [GC281.566: [ParNew: 36201K->1546K(37632K), 0.0007440 secs] 93338K->58883K(121024K), 0.0007730 secs] [Times: user=0.00 sys=0.00, real=0.01 secs] 
281.567: Total time for which application threads were stopped: 0.0009170 seconds, Stopping threads took: 0.0000860 seconds
281.645: Application time: 0.0774930 seconds
281.645: [GC281.645: [ParNew: 34990K->2572K(37632K), 0.0009980 secs] 92327K->59909K(121024K), 0.0010290 secs] [Times: user=0.00 sys=0.00, real=0.00 secs] 
281.646: Total time for which application threads were stopped: 0.0011630 seconds, Stopping threads took: 0.0000750 seconds
281.725: Application time: 0.0795750 seconds
281.726: [GC281.726: [ParNew: 35663K->2630K(37632K), 0.0010170 secs] 93000K->59967K(121024K), 0.0010470 secs] [Times: user=0.01 sys=0.00, real=0.00 secs] 
281.727: Total time for which application threads were stopped: 0.0011790 seconds, Stopping threads took: 0.0000720 seconds
281.808: Application time: 0.0814890 seconds
281.808: [GC281.808: [ParNew: 35647K->2088K(37632K), 0.0008810 secs] 92984K->59529K(121024K), 0.0009110 secs] [Times: user=0.00 sys=0.00, real=0.00 secs] 
281.809: Total time for which application threads were stopped: 0.0010400 seconds, Stopping threads took: 0.0000710 seconds
281.889: Application time: 0.0793450 seconds
281.889: [GC281.889: [ParNew: 35181K->2146K(37632K), 0.0009370 secs] 92622K->59587K(121024K), 0.0009660 secs] [Times: user=0.00 sys=0.00, real=0.00 secs] 
281.890: Total time for which application threads were stopped: 0.0011320 seconds, Stopping threads took: 0.0000960 seconds
281.971: Application time: 0.0811640 seconds
281.971: [GC281.971: [ParNew: 35165K->1066K(37632K), 0.0006530 secs] 92606K->58627K(121024K), 0.0006810 secs] [Times: user=0.01 sys=0.00, real=0.00 secs] 
281.972: Total time for which application threads were stopped: 0.0007870 seconds, Stopping threads took: 0.0000510 seconds
282.051: Application time: 0.0795380 seconds
282.051: [GC282.051: [ParNew: 34079K->1096K(37632K), 0.0005550 secs] 91640K->58657K(121024K), 0.0005830 secs] [Times: user=0.01 sys=0.00, real=0.00 secs] 
282.052: Total time for which application threads were stopped: 0.0007110 seconds, Stopping threads took: 0.0000710 seconds
282.130: Application time: 0.0781480 seconds
282.130: [GC282.130: [ParNew: 34106K->1636K(37632K), 0.0006650 secs] 91667K->59197K(121024K), 0.0006960 secs] [Times: user=0.00 sys=0.00, real=0.00 secs] 
282.131: Total time for which application threads were stopped: 0.0008230 seconds, Stopping threads took: 0.0000650 seconds
282.211: Application time: 0.0799020 seconds
282.211: [GC282.211: [ParNew: 35086K->1636K(37632K), 0.0006820 secs] 92647K->59197K(121024K), 0.0007120 secs] [Times: user=0.01 sys=0.00, real=0.00 secs] 
282.212: Total time for which application threads were stopped: 0.0008520 seconds, Stopping threads took: 0.0000800 seconds
282.294: Application time: 0.0825820 seconds
282.294: [GC282.294: [ParNew: 35087K->1636K(37632K), 0.0006830 secs] 92648K->59197K(121024K), 0.0007150 secs] [Times: user=0.00 sys=0.00, real=0.00 secs] 
282.295: Total time for which application threads were stopped: 0.0008390 seconds, Stopping threads took: 0.0000650 seconds
282.375: Application time: 0.0798600 seconds
282.375: [GC282.375: [ParNew: 34729K->1690K(37632K), 0.0007700 secs] 92290K->59251K(121024K), 0.0008100 secs] [Times: user=0.00 sys=0.00, real=0.01 secs] 
282.376: Total time for which application threads were stopped: 0.0009350 seconds, Stopping threads took: 0.0000660 seconds
282.453: Application time: 0.0775750 seconds
282.454: [GC282.454: [ParNew: 34701K->2232K(37632K), 0.0007800 secs] 92262K->59793K(121024K), 0.0008090 secs] [Times: user=0.01 sys=0.00, real=0.00 secs] 
282.454: Total time for which application threads were stopped: 0.0009490 seconds, Stopping threads took: 0.0000730 seconds
282.534: Application time: 0.0794440 seconds
282.534: [GC282.534: [ParNew: 35321K->2660K(37632K), 0.0010130 secs] 92882K->60405K(121024K), 0.0010450 secs] [Times: user=0.01 sys=0.00, real=0.00 secs] 
282.535: Total time for which application threads were stopped: 0.0012050 seconds, Stopping threads took: 0.0000990 seconds
282.615: Application time: 0.0801550 seconds
282.615: [GC282.615: [ParNew: 35679K->1576K(37632K), 0.0007540 secs] 93424K->59441K(121024K), 0.0007830 secs] [Times: user=0.00 sys=0.00, real=0.00 secs] 
282.616: Total time for which application threads were stopped: 0.0009140 seconds, Stopping threads took: 0.0000740 seconds
282.700: Application time: 0.0834730 seconds
282.700: [GC282.700: [ParNew: 34593K->1096K(37632K), 0.0005240 secs] 92458K->58961K(121024K), 0.0005530 secs] [Times: user=0.01 sys=0.00, real=0.00 secs] 
282.700: Total time for which application threads were stopped: 0.0006990 seconds, Stopping threads took: 0.0000840 seconds
282.784: Application time: 0.0839930 seconds
282.784: [GC282.784: [ParNew: 34536K->3144K(37632K), 0.0011170 secs] 92401K->61009K(121024K), 0.0011500 secs] [Times: user=0.00 sys=0.00, real=0.00 secs] 
282.786: Total time for which application threads were stopped: 0.0012920 seconds, Stopping threads took: 0.0000770 seconds
282.873: Application time: 0.0878680 seconds
282.874: [GC282.874: [ParNew: 36165K->2088K(37632K), 0.0009000 secs] 94030K->60057K(121024K), 0.0009300 secs] [Times: user=0.00 sys=0.00, real=0.00 secs] 
282.875: Total time for which application threads were stopped: 0.0011750 seconds, Stopping threads took: 0.0001840 seconds
282.962: Application time: 0.0874140 seconds
282.962: [GC282.962: [ParNew: 35534K->2602K(37632K), 0.0009410 secs] 93504K->60571K(121024K), 0.0009720 secs] [Times: user=0.01 sys=0.01, real=0.00 secs] 
282.963: Total time for which application threads were stopped: 0.0011180 seconds, Stopping threads took: 0.0000760 seconds
283.047: Application time: 0.0838410 seconds
283.047: [GC283.047: [ParNew: 35693K->2628K(37632K), 0.0009540 secs] 93662K->60669K(121024K), 0.0009870 secs] [Times: user=0.00 sys=0.00, real=0.00 secs] 
283.048: Total time for which application threads were stopped: 0.0011270 seconds, Stopping threads took: 0.0000740 seconds
283.135: Application time: 0.0873270 seconds
283.136: [GC283.136: [ParNew: 35645K->2092K(37632K), 0.0008110 secs] 93686K->60237K(121024K), 0.0008430 secs] [Times: user=0.01 sys=0.00, real=0.00 secs] 
283.136: Total time for which application threads were stopped: 0.0009820 seconds, Stopping threads took: 0.0000750 seconds
283.224: Application time: 0.0872400 seconds
283.224: [GC283.224: [ParNew: 35193K->1124K(37632K), 0.0005300 secs] 93339K->59269K(121024K), 0.0005590 secs] [Times: user=0.00 sys=0.00, real=0.00 secs] 
283.224: Total time for which application threads were stopped: 0.0006880 seconds, Stopping threads took: 0.0000700 seconds
283.309: Application time: 0.0850090 seconds
283.309: [GC283.309: [ParNew: 34132K->2176K(37632K), 0.0008740 secs] 92278K->60321K(121024K), 0.0009100 secs] [Times: user=0.01 sys=0.00, real=0.00 secs] 
283.310: Total time for which application threads were stopped: 0.0010390 seconds, Stopping threads took: 0.0000700 seconds
283.397: Application time: 0.0861900 seconds
283.397: [GC283.397: [ParNew: 35189K->2120K(37632K), 0.0008340 secs] 93334K->60393K(121024K), 0.0008650 secs] [Times: user=0.00 sys=0.00, real=0.00 secs] 
283.398: Total time for which application threads were stopped: 0.0009930 seconds, Stopping threads took: 0.0000680 seconds
283.486: Application time: 0.0885410 seconds
283.486: [GC283.486: [ParNew: 35579K->1064K(37632K), 0.0006120 secs] 93852K->59401K(121024K), 0.0006530 secs] [Times: user=0.00 sys=0.00, real=0.00 secs] 
283.487: Total time for which application threads were stopped: 0.0007840 seconds, Stopping threads took: 0.0000600 seconds
283.572: Application time: 0.0852790 seconds
283.572: [GC283.572: [ParNew: 34077K->1094K(37632K), 0.0006620 secs] 92414K->59431K(121024K), 0.0006910 secs] [Times: user=0.01 sys=0.00, real=0.00 secs] 
283.573: Total time for which application threads were stopped: 0.0008500 seconds, Stopping threads took: 0.0000980 seconds
283.659: Application time: 0.0862600 seconds
283.659: [GC283.659: [ParNew: 34542K->2120K(37632K), 0.0009110 secs] 92880K->60457K(121024K), 0.0009420 secs] [Times: user=0.00 sys=0.00, real=0.00 secs] 
283.660: Total time for which application threads were stopped: 0.0010960 seconds, Stopping threads took: 0.0000920 seconds
283.747: Application time: 0.0861220 seconds
283.747: [GC283.747: [ParNew: 35209K->2146K(37632K), 0.0009640 secs] 93547K->60539K(121024K), 0.0009970 secs] [Times: user=0.01 sys=0.00, real=0.01 secs] 
283.748: Total time for which application threads were stopped: 0.0011290 seconds, Stopping threads took: 0.0000670 seconds
283.833: Application time: 0.0857900 seconds
283.834: [GC283.834: [ParNew: 35213K->1114K(37632K), 0.0005950 secs] 93607K->59639K(121024K), 0.0006230 secs] [Times: user=0.00 sys=0.00, real=0.00 secs] 
283.834: Total time for which application threads were stopped: 0.0008660 seconds, Stopping threads took: 0.0001840 seconds
283.920: Application time: 0.0859180 seconds
283.920: [GC283.920: [ParNew: 34155K->1634K(37632K), 0.0007140 secs] 92680K->60160K(121024K), 0.0007440 secs] [Times: user=0.00 sys=0.00, real=0.00 secs] 
283.921: Total time for which application threads were stopped: 0.0008920 seconds, Stopping threads took: 0.0000900 seconds
284.008: Application time: 0.0868490 seconds
284.008: [GC284.008: [ParNew: 34647K->1664K(37632K), 0.0007290 secs] 93172K->60190K(121024K), 0.0007620 secs] [Times: user=0.00 sys=0.00, real=0.00 secs] 
284.009: Total time for which application threads were stopped: 0.0009020 seconds, Stopping threads took: 0.0000730 seconds
284.093: Application time: 0.0839700 seconds
284.093: [GC284.093: [ParNew: 34673K->2204K(37632K), 0.0009010 secs] 93198K->60730K(121024K), 0.0009320 secs] [Times: user=0.00 sys=0.00, real=0.00 secs] 
284.094: Total time for which application threads were stopped: 0.0010950 seconds, Stopping threads took: 0.0001010 seconds
284.182: Application time: 0.0876150 seconds
284.182: [GC284.182: [ParNew: 35653K->2090K(37632K), 0.0008370 secs] 94178K->60784K(121024K), 0.0008680 secs] [Times: user=0.01 sys=0.00, real=0.00 secs] 
284.183: Total time for which application threads were stopped: 0.0010070 seconds, Stopping threads took: 0.0000760 seconds
284.269: Application time: 0.0863640 seconds
284.269: [GC284.269: [ParNew: 35107K->1608K(37632K), 0.0006910 secs] 93801K->60302K(121024K), 0.0007220 secs] [Times: user=0.00 sys=0.00, real=0.00 secs] 
284.270: Total time for which application threads were stopped: 0.0008500 seconds, Stopping threads took: 0.0000670 seconds
284.357: Application time: 0.0876540 seconds
284.358: [GC284.358: [ParNew: 35060K->1608K(37632K), 0.0007120 secs] 93754K->60302K(121024K), 0.0007420 secs] [Times: user=0.01 sys=0.00, real=0.00 secs] 
284.358: Total time for which application threads were stopped: 0.0008830 seconds, Stopping threads took: 0.0000810 seconds
284.445: Application time: 0.0863660 seconds
284.445: [GC284.445: [ParNew: 34697K->2172K(37632K), 0.0010130 secs] 93391K->60866K(121024K), 0.0010480 secs] [Times: user=0.00 sys=0.00, real=0.00 secs] 
284.446: Total time for which application threads were stopped: 0.0016890 seconds, Stopping threads took: 0.0005750 seconds
284.533: Application time: 0.0869840 seconds
284.534: [GC284.534: [ParNew: 35265K->2118K(37632K), 0.0008350 secs] 93959K->60964K(121024K), 0.0008670 secs] [Times: user=0.01 sys=0.00, real=0.00 secs] 
284.534: Total time for which application threads were stopped: 0.0010270 seconds, Stopping threads took: 0.0000820 seconds
284.620: Application time: 0.0858090 seconds
284.620: [GC284.620: [ParNew: 35133K->2088K(37632K), 0.0008280 secs] 93979K->61014K(121024K), 0.0008610 secs] [Times: user=0.01 sys=0.00, real=0.00 secs] 
284.621: Total time for which application threads were stopped: 0.0010070 seconds, Stopping threads took: 0.0000830 seconds
284.708: Application time: 0.0868520 seconds
284.708: [GC284.708: [ParNew: 35179K->2148K(37632K), 0.0008660 secs] 94105K->61074K(121024K), 0.0008980 secs] [Times: user=0.01 sys=0.00, real=0.00 secs] 
284.709: Total time for which application threads were stopped: 0.0010230 seconds, Stopping threads took: 0.0000640 seconds
284.796: Application time: 0.0867400 seconds
284.796: [GC284.796: [ParNew: 35601K->2060K(37632K), 0.0008620 secs] 94527K->61122K(121024K), 0.0008910 secs] [Times: user=0.01 sys=0.00, real=0.00 secs] 
284.797: Total time for which application threads were stopped: 0.0010240 seconds, Stopping threads took: 0.0000750 seconds
284.885: Application time: 0.0883000 seconds
284.885: [GC284.885: [ParNew: 35512K->1546K(37632K), 0.0006540 secs] 94575K->60608K(121024K), 0.0006850 secs] [Times: user=0.00 sys=0.00, real=0.00 secs] 
284.886: Total time for which application threads were stopped: 0.0009950 seconds, Stopping threads took: 0.0002500 seconds
284.970: Application time: 0.0842310 seconds
284.971: [GC284.971: [ParNew: 34550K->3114K(37632K), 0.0011170 secs] 93612K->62176K(121024K), 0.0011490 secs] [Times: user=0.00 sys=0.00, real=0.00 secs] 
284.972: Total time for which application threads were stopped: 0.0012890 seconds, Stopping threads took: 0.0000760 seconds
285.059: Application time: 0.0871740 seconds
285.059: [GC285.059: [ParNew: 36563K->3084K(37632K), 0.0012170 secs] 95625K->62202K(121024K), 0.0012520 secs] [Times: user=0.01 sys=0.00, real=0.00 secs] 
285.060: Total time for which application threads were stopped: 0.0014250 seconds, Stopping threads took: 0.0001010 seconds
285.149: Application time: 0.0882330 seconds
285.149: [GC285.149: [ParNew: 36183K->2118K(37632K), 0.0008070 secs] 95301K->61236K(121024K), 0.0008390 secs] [Times: user=0.01 sys=0.00, real=0.00 secs] 
285.149: Total time for which application threads were stopped: 0.0009650 seconds, Stopping threads took: 0.0000660 seconds
285.236: Application time: 0.0861870 seconds
285.236: [GC285.236: [ParNew: 35299K->1124K(37632K), 0.0005500 secs] 94417K->60330K(121024K), 0.0005800 secs] [Times: user=0.00 sys=0.00, real=0.00 secs] 
285.236: Total time for which application threads were stopped: 0.0007820 seconds, Stopping threads took: 0.0001450 seconds
285.323: Application time: 0.0866210 seconds
285.323: [GC285.323: [ParNew: 34568K->2148K(37632K), 0.0008400 secs] 93774K->61354K(121024K), 0.0008690 secs] [Times: user=0.01 sys=0.00, real=0.00 secs] 
285.324: Total time for which application threads were stopped: 0.0010060 seconds, Stopping threads took: 0.0000780 seconds
285.411: Application time: 0.0872150 seconds
285.411: [GC285.411: [ParNew: 35241K->2118K(37632K), 0.0009600 secs] 94447K->61456K(121024K), 0.0009930 secs] [Times: user=0.01 sys=0.00, real=0.00 secs] 
285.412: Total time for which application threads were stopped: 0.0011420 seconds, Stopping threads took: 0.0000870 seconds
285.500: Application time: 0.0878240 seconds
285.500: [GC285.500: [ParNew: 35571K->1544K(37632K), 0.0007640 secs] 94909K->60962K(121024K), 0.0007960 secs] [Times: user=0.00 sys=0.00, real=0.00 secs] 
285.501: Total time for which application threads were stopped: 0.0009200 seconds, Stopping threads took: 0.0000630 seconds
285.591: Application time: 0.0895230 seconds
285.591: [GC285.591: [ParNew: 35000K->1544K(37632K), 0.0007250 secs] 94419K->60962K(121024K), 0.0007570 secs] [Times: user=0.00 sys=0.00, real=0.00 secs] 
285.592: Total time for which application threads were stopped: 0.0009150 seconds, Stopping threads took: 0.0000890 seconds
285.679: Application time: 0.0876570 seconds
285.679: [GC285.679: [ParNew: 34561K->1066K(37632K), 0.0005390 secs] 93979K->60484K(121024K), 0.0005770 secs] [Times: user=0.00 sys=0.00, real=0.00 secs] 
285.680: Total time for which application threads were stopped: 0.0007090 seconds, Stopping threads took: 0.0000720 seconds
285.766: Application time: 0.0861930 seconds
285.766: [GC285.766: [ParNew: 34514K->1576K(37632K), 0.0006530 secs] 93933K->60994K(121024K), 0.0006810 secs] [Times: user=0.00 sys=0.00, real=0.00 secs] 
285.767: Total time for which application threads were stopped: 0.0008260 seconds, Stopping threads took: 0.0000850 seconds
285.851: Application time: 0.0843140 seconds
285.851: [GC285.851: [ParNew: 34659K->3170K(37632K), 0.0011770 secs] 94077K->62588K(121024K), 0.0012080 secs] [Times: user=0.01 sys=0.00, real=0.00 secs] 
285.853: Total time for which application threads were stopped: 0.0013440 seconds, Stopping threads took: 0.0000750 seconds
285.938: Application time: 0.0857470 seconds
285.939: [GC285.939: [ParNew: 36261K->3144K(37632K), 0.0012000 secs] 95680K->62690K(121024K), 0.0012330 secs] [Times: user=0.01 sys=0.00, real=0.00 secs] 
285.940: Total time for which application threads were stopped: 0.0013730 seconds, Stopping threads took: 0.0000770 seconds
286.028: Application time: 0.0879550 seconds
286.028: [GC286.028: [ParNew: 36167K->1576K(37632K), 0.0006790 secs] 95714K->61214K(121024K), 0.0007130 secs] [Times: user=0.01 sys=0.00, real=0.00 secs] 
286.029: Total time for which application threads were stopped: 0.0008620 seconds, Stopping threads took: 0.0000880 seconds
286.115: Application time: 0.0862450 seconds
286.115: [GC286.115: [ParNew: 34586K->2118K(37632K), 0.0008520 secs] 94225K->61756K(121024K), 0.0008840 secs] [Times: user=0.00 sys=0.00, real=0.01 secs] 
286.116: Total time for which application threads were stopped: 0.0010190 seconds, Stopping threads took: 0.0000670 seconds
286.203: Application time: 0.0868240 seconds
286.203: [GC286.203: [ParNew: 35133K->2120K(37632K), 0.0008640 secs] 94771K->61814K(121024K), 0.0008950 secs] [Times: user=0.00 sys=0.00, real=0.00 secs] 
286.204: Total time for which application threads were stopped: 0.0010370 seconds, Stopping threads took: 0.0000810 seconds
286.292: Application time: 0.0882600 seconds
286.292: [GC286.292: [ParNew: 35570K->2086K(37632K), 0.0008250 secs] 95265K->61852K(121024K), 0.0008550 secs] [Times: user=0.00 sys=0.00, real=0.00 secs] 
286.293: Total time for which application threads were stopped: 0.0010010 seconds, Stopping threads took: 0.0000850 seconds
286.385: Application time: 0.0917660 seconds
286.385: [GC286.385: [ParNew: 35107K->1090K(37632K), 0.0006310 secs] 94873K->60856K(121024K), 0.0006600 secs] [Times: user=0.00 sys=0.00, real=0.00 secs] 
286.386: Total time for which application threads were stopped: 0.0008690 seconds, Stopping threads took: 0.0001420 seconds
286.476: Application time: 0.0898870 seconds
286.476: [GC286.476: [ParNew: 34540K->2118K(37632K), 0.0008920 secs] 94307K->61884K(121024K), 0.0009230 secs] [Times: user=0.00 sys=0.00, real=0.00 secs] 
286.477: Total time for which application threads were stopped: 0.0010620 seconds, Stopping threads took: 0.0000790 seconds
286.563: Application time: 0.0866620 seconds
286.563: [GC286.563: [ParNew: 35211K->1634K(37632K), 0.0007740 secs] 94978K->61449K(121024K), 0.0008060 secs] [Times: user=0.00 sys=0.00, real=0.00 secs] 
286.564: Total time for which application threads were stopped: 0.0009280 seconds, Stopping threads took: 0.0000600 seconds
286.650: Application time: 0.0859830 seconds
286.650: [GC286.650: [ParNew: 34727K->1692K(37632K), 0.0006920 secs] 94542K->61507K(121024K), 0.0007210 secs] [Times: user=0.00 sys=0.00, real=0.00 secs] 
286.651: Total time for which application threads were stopped: 0.0008720 seconds, Stopping threads took: 0.0000760 seconds
286.730: Application time: 0.0785450 seconds
286.730: [GC286.730: [ParNew: 34703K->2230K(37632K), 0.0009170 secs] 94517K->62045K(121024K), 0.0009480 secs] [Times: user=0.01 sys=0.00, real=0.00 secs] 
286.731: Total time for which application threads were stopped: 0.0010940 seconds, Stopping threads took: 0.0000870 seconds
286.810: Application time: 0.0794580 seconds
286.810: [GC286.810: [ParNew: 35325K->2148K(37632K), 0.0009080 secs] 95140K->62151K(121024K), 0.0009470 secs] [Times: user=0.01 sys=0.00, real=0.00 secs] 
286.811: Total time for which application threads were stopped: 0.0010720 seconds, Stopping threads took: 0.0000660 seconds
286.894: Application time: 0.0822430 seconds
286.894: [GC286.894: [ParNew: 35605K->1034K(37632K), 0.0006240 secs] 95608K->61169K(121024K), 0.0006510 secs] [Times: user=0.01 sys=0.00, real=0.00 secs] 
286.894: Total time for which application threads were stopped: 0.0008870 seconds, Stopping threads took: 0.0001800 seconds
286.973: Application time: 0.0786780 seconds
286.973: [GC286.973: [ParNew: 34474K->3086K(37632K), 0.0011250 secs] 94609K->63221K(121024K), 0.0011570 secs] [Times: user=0.01 sys=0.00, real=0.00 secs] 
286.974: Total time for which application threads were stopped: 0.0013050 seconds, Stopping threads took: 0.0000890 seconds
287.055: Application time: 0.0801970 seconds
287.055: [GC287.055: [ParNew: 36103K->2604K(37632K), 0.0009300 secs] 96238K->62739K(121024K), 0.0009640 secs] [Times: user=0.01 sys=0.00, real=0.01 secs] 
287.056: Total time for which application threads were stopped: 0.0011130 seconds, Stopping threads took: 0.0000910 seconds
287.138: Application time: 0.0823430 seconds
287.138: [GC287.138: [ParNew: 36057K->2060K(37632K), 0.0008580 secs] 96192K->62267K(121024K), 0.0008890 secs] [Times: user=0.01 sys=0.00, real=0.00 secs] 
287.139: Total time for which application threads were stopped: 0.0010380 seconds, Stopping threads took: 0.0000840 seconds
287.219: Application time: 0.0795600 seconds
287.219: [GC287.219: [ParNew: 35235K->2148K(37632K), 0.0008190 secs] 95442K->62355K(121024K), 0.0008500 secs] [Times: user=0.01 sys=0.00, real=0.00 secs] 
287.220: Total time for which application threads were stopped: 0.0009940 seconds, Stopping threads took: 0.0000780 seconds
287.301: Application time: 0.0810490 seconds
287.301: [GC287.301: [ParNew: 35169K->1064K(37632K), 0.0006360 secs] 95376K->61407K(121024K), 0.0006640 secs] [Times: user=0.00 sys=0.00, real=0.00 secs] 
287.301: Total time for which application threads were stopped: 0.0007810 seconds, Stopping threads took: 0.0000590 seconds
287.382: Application time: 0.0803670 seconds
287.382: [GC287.382: [ParNew: 34076K->1096K(37632K), 0.0005580 secs] 94419K->61439K(121024K), 0.0005870 secs] [Times: user=0.00 sys=0.00, real=0.00 secs] 
287.383: Total time for which application threads were stopped: 0.0007150 seconds, Stopping threads took: 0.0000710 seconds
287.462: Application time: 0.0795950 seconds
287.462: [GC287.462: [ParNew: 34191K->638K(37632K), 0.0004640 secs] 94534K->60981K(121024K), 0.0004940 secs] [Times: user=0.00 sys=0.00, real=0.00 secs] 
287.463: Total time for which application threads were stopped: 0.0006150 seconds, Stopping threads took: 0.0000630 seconds
287.542: Application time: 0.0792100 seconds
287.542: [GC287.542: [ParNew: 34088K->640K(37632K), 0.0004370 secs] 94431K->60983K(121024K), 0.0004640 secs] [Times: user=0.00 sys=0.00, real=0.00 secs] 
287.543: Total time for which application threads were stopped: 0.0005780 seconds, Stopping threads took: 0.0000590 seconds
287.622: Application time: 0.0796980 seconds
287.622: [GC287.622: [ParNew: 34080K->2176K(37632K), 0.0008340 secs] 94423K->62519K(121024K), 0.0008630 secs] [Times: user=0.00 sys=0.00, real=0.00 secs] 
287.623: Total time for which application threads were stopped: 0.0010080 seconds, Stopping threads took: 0.0000880 seconds
287.703: Application time: 0.0793030 seconds
287.703: [GC287.703: [ParNew: 35622K->3084K(37632K), 0.0011760 secs] 95966K->63587K(121024K), 0.0012100 secs] [Times: user=0.01 sys=0.00, real=0.00 secs] 
287.704: Total time for which application threads were stopped: 0.0013570 seconds, Stopping threads took: 0.0000870 seconds
287.784: Application time: 0.0804350 seconds
287.785: [GC287.785: [ParNew: 36097K->3116K(37632K), 0.0010930 secs] 96600K->63619K(121024K), 0.0011240 secs] [Times: user=0.00 sys=0.00, real=0.00 secs] 
287.786: Total time for which application threads were stopped: 0.0013030 seconds, Stopping threads took: 0.0001000 seconds
287.868: Application time: 0.0818470 seconds
287.868: [GC287.868: [ParNew: 36291K->2660K(37632K), 0.0010030 secs] 96795K->63219K(121024K), 0.0010320 secs] [Times: user=0.01 sys=0.00, real=0.00 secs] 
287.869: Total time for which application threads were stopped: 0.0011580 seconds, Stopping threads took: 0.0000670 seconds
287.949: Application time: 0.0798910 seconds
287.949: [GC287.949: [ParNew: 35677K->2090K(37632K), 0.0008380 secs] 96236K->62777K(121024K), 0.0008680 secs] [Times: user=0.01 sys=0.00, real=0.00 secs] 
287.950: Total time for which application threads were stopped: 0.0010060 seconds, Stopping threads took: 0.0000790 seconds
288.030: Application time: 0.0803400 seconds
288.030: [GC288.030: [ParNew: 35111K->578K(37632K), 0.0004830 secs] 95798K->61265K(121024K), 0.0005100 secs] [Times: user=0.00 sys=0.00, real=0.00 secs] 
288.031: Total time for which application threads were stopped: 0.0006630 seconds, Stopping threads took: 0.0000950 seconds
288.112: Application time: 0.0810070 seconds
288.112: [GC288.112: [ParNew: 33597K->100K(37632K), 0.0003370 secs] 94284K->60787K(121024K), 0.0003650 secs] [Times: user=0.00 sys=0.00, real=0.00 secs] 
288.112: Total time for which application threads were stopped: 0.0004960 seconds, Stopping threads took: 0.0000750 seconds
288.188: Application time: 0.0763290 seconds
288.189: [GC288.189: [ParNew: 33098K->2688K(37632K), 0.0010000 secs] 93786K->63375K(121024K), 0.0010320 secs] [Times: user=0.01 sys=0.00, real=0.00 secs] 
288.190: Total time for which application threads were stopped: 0.0011750 seconds, Stopping threads took: 0.0000830 seconds
288.273: Application time: 0.0837710 seconds
288.273: [GC288.273: [ParNew: 36155K->1036K(37632K), 0.0005860 secs] 96842K->61883K(121024K), 0.0006150 secs] [Times: user=0.00 sys=0.00, real=0.00 secs] 
288.274: Total time for which application threads were stopped: 0.0007440 seconds, Stopping threads took: 0.0000740 seconds
288.355: Application time: 0.0812980 seconds
288.356: [GC288.356: [ParNew: 34488K->520K(37632K), 0.0004910 secs] 95336K->61367K(121024K), 0.0005190 secs] [Times: user=0.01 sys=0.00, real=0.00 secs] 
288.356: Total time for which application threads were stopped: 0.0006510 seconds, Stopping threads took: 0.0000710 seconds
288.433: Application time: 0.0767580 seconds
288.433: [GC288.433: [ParNew: 33526K->1580K(37632K), 0.0007460 secs] 94374K->62427K(121024K), 0.0007760 secs] [Times: user=0.00 sys=0.00, real=0.00 secs] 
288.434: Total time for which application threads were stopped: 0.0009010 seconds, Stopping threads took: 0.0000660 seconds
288.513: Application time: 0.0795030 seconds
288.513: [GC288.513: [ParNew: 34669K->2656K(37632K), 0.0010450 secs] 95516K->63503K(121024K), 0.0010770 secs] [Times: user=0.01 sys=0.00, real=0.00 secs] 
288.514: Total time for which application threads were stopped: 0.0012020 seconds, Stopping threads took: 0.0000640 seconds
288.595: Application time: 0.0808310 seconds
288.595: [GC288.595: [ParNew: 35757K->1606K(37632K), 0.0006980 secs] 96605K->62585K(121024K), 0.0007310 secs] [Times: user=0.01 sys=0.00, real=0.00 secs] 
288.596: Total time for which application threads were stopped: 0.0008810 seconds, Stopping threads took: 0.0000890 seconds
288.677: Application time: 0.0810420 seconds
288.677: [GC288.677: [ParNew: 34701K->1664K(37632K), 0.0006860 secs] 95680K->62643K(121024K), 0.0007170 secs] [Times: user=0.00 sys=0.00, real=0.00 secs] 
288.678: Total time for which application threads were stopped: 0.0008520 seconds, Stopping threads took: 0.0000780 seconds
288.758: Application time: 0.0802070 seconds
288.758: [GC288.758: [ParNew: 35110K->1662K(37632K), 0.0006920 secs] 96090K->62641K(121024K), 0.0007230 secs] [Times: user=0.00 sys=0.00, real=0.00 secs] 
288.759: Total time for which application threads were stopped: 0.0008930 seconds, Stopping threads took: 0.0001120 seconds
288.839: Application time: 0.0802480 seconds
288.840: [GC288.840: [ParNew: 34687K->668K(37632K), 0.0004180 secs] 95667K->61647K(121024K), 0.0004570 secs] [Times: user=0.00 sys=0.00, real=0.00 secs] 
288.840: Total time for which application threads were stopped: 0.0005940 seconds, Stopping threads took: 0.0000800 seconds
288.922: Application time: 0.0817080 seconds
288.922: [GC288.922: [ParNew: 34116K->1178K(37632K), 0.0006350 secs] 95096K->62157K(121024K), 0.0006660 secs] [Times: user=0.01 sys=0.00, real=0.00 secs] 
288.923: Total time for which application threads were stopped: 0.0008060 seconds, Stopping threads took: 0.0000730 seconds
289.002: Application time: 0.0795300 seconds
289.002: [GC289.002: [ParNew: 34624K->1692K(37632K), 0.0006900 secs] 95604K->62672K(121024K), 0.0007200 secs] [Times: user=0.01 sys=0.00, real=0.00 secs] 
289.003: Total time for which application threads were stopped: 0.0008650 seconds, Stopping threads took: 0.0000820 seconds
289.082: Application time: 0.0788980 seconds
289.082: [GC289.082: [ParNew: 34709K->1208K(37632K), 0.0006800 secs] 95688K->62188K(121024K), 0.0007090 secs] [Times: user=0.00 sys=0.00, real=0.00 secs] 
289.083: Total time for which application threads were stopped: 0.0008280 seconds, Stopping threads took: 0.0000630 seconds
289.162: Application time: 0.0793650 seconds
289.162: [GC289.162: [ParNew: 34299K->1774K(37632K), 0.0008180 secs] 95279K->62754K(121024K), 0.0008470 secs] [Times: user=0.00 sys=0.00, real=0.00 secs] 
289.163: Total time for which application threads were stopped: 0.0009790 seconds, Stopping threads took: 0.0000740 seconds
289.242: Application time: 0.0793180 seconds
289.242: [GC289.242: [ParNew: 34861K->2798K(37632K), 0.0010100 secs] 95841K->63778K(121024K), 0.0010420 secs] [Times: user=0.00 sys=0.00, real=0.00 secs] 
289.243: Total time for which application threads were stopped: 0.0011790 seconds, Stopping threads took: 0.0000750 seconds
289.322: Application time: 0.0785970 seconds
289.322: [GC289.322: [ParNew: 35887K->3144K(37632K), 0.0012040 secs] 96867K->64336K(121024K), 0.0012360 secs] [Times: user=0.01 sys=0.00, real=0.00 secs] 
289.323: Total time for which application threads were stopped: 0.0014000 seconds, Stopping threads took: 0.0001020 seconds
289.405: Application time: 0.0819700 seconds
289.406: [GC289.406: [ParNew: 36593K->3084K(37632K), 0.0010960 secs] 97784K->64372K(121024K), 0.0011290 secs] [Times: user=0.01 sys=0.00, real=0.00 secs] 
289.407: Total time for which application threads were stopped: 0.0012740 seconds, Stopping threads took: 0.0000860 seconds
289.487: Application time: 0.0806470 seconds
289.488: [GC289.488: [ParNew: 36101K->2090K(37632K), 0.0007970 secs] 97389K->63378K(121024K), 0.0008290 secs] [Times: user=0.01 sys=0.00, real=0.00 secs] 
289.488: Total time for which application threads were stopped: 0.0010450 seconds, Stopping threads took: 0.0001470 seconds
289.570: Application time: 0.0812370 seconds
289.570: [GC289.570: [ParNew: 35544K->2090K(37632K), 0.0008360 secs] 96832K->63378K(121024K), 0.0008680 secs] [Times: user=0.01 sys=0.00, real=0.00 secs] 
289.571: Total time for which application threads were stopped: 0.0010010 seconds, Stopping threads took: 0.0000700 seconds
289.653: Application time: 0.0818380 seconds
289.653: [GC289.653: [ParNew: 35542K->1578K(37632K), 0.0007060 secs] 96830K->62866K(121024K), 0.0007360 secs] [Times: user=0.01 sys=0.00, real=0.00 secs] 
289.653: Total time for which application threads were stopped: 0.0008910 seconds, Stopping threads took: 0.0000960 seconds
289.733: Application time: 0.0791080 seconds
289.733: [GC289.733: [ParNew: 34671K->1636K(37632K), 0.0007080 secs] 95959K->62924K(121024K), 0.0007370 secs] [Times: user=0.00 sys=0.00, real=0.00 secs] 
289.733: Total time for which application threads were stopped: 0.0008770 seconds, Stopping threads took: 0.0000800 seconds
289.814: Application time: 0.0804160 seconds
289.814: [GC289.814: [ParNew: 34653K->1152K(37632K), 0.0005650 secs] 95941K->62440K(121024K), 0.0005940 secs] [Times: user=0.00 sys=0.00, real=0.00 secs] 
289.815: Total time for which application threads were stopped: 0.0007250 seconds, Stopping threads took: 0.0000710 seconds
289.895: Application time: 0.0807540 seconds
289.896: [GC289.896: [ParNew: 34251K->182K(37632K), 0.0005330 secs] 95539K->61470K(121024K), 0.0005680 secs] [Times: user=0.00 sys=0.00, real=0.00 secs] 
289.896: Total time for which application threads were stopped: 0.0008320 seconds, Stopping threads took: 0.0002090 seconds
289.975: Application time: 0.0786620 seconds
289.975: [GC289.975: [ParNew: 33269K->1264K(37632K), 0.0006200 secs] 94556K->62552K(121024K), 0.0006500 secs] [Times: user=0.00 sys=0.00, real=0.01 secs] 
289.976: Total time for which application threads were stopped: 0.0007840 seconds, Stopping threads took: 0.0000750 seconds
290.054: Application time: 0.0782650 seconds
290.054: [GC290.054: [ParNew: 34704K->3312K(37632K), 0.0011870 secs] 95992K->64600K(121024K), 0.0012190 secs] [Times: user=0.01 sys=0.00, real=0.01 secs] 
290.055: Total time for which application threads were stopped: 0.0013580 seconds, Stopping threads took: 0.0000660 seconds
290.136: Application time: 0.0808510 seconds
290.136: [GC290.136: [ParNew: 36327K->2602K(37632K), 0.0011160 secs] 97615K->64138K(121024K), 0.0011450 secs] [Times: user=0.01 sys=0.00, real=0.00 secs] 
290.137: Total time for which application threads were stopped: 0.0012950 seconds, Stopping threads took: 0.0000880 seconds
290.218: Application time: 0.0810340 seconds
290.219: [GC290.219: [ParNew: 36055K->2060K(37632K), 0.0008000 secs] 97591K->63644K(121024K), 0.0008330 secs] [Times: user=0.00 sys=0.00, real=0.00 secs] 
290.219: Total time for which application threads were stopped: 0.0010130 seconds, Stopping threads took: 0.0001210 seconds
290.299: Application time: 0.0799850 seconds
290.300: [GC290.300: [ParNew: 35504K->3086K(37632K), 0.0011880 secs] 97088K->64670K(121024K), 0.0012200 secs] [Times: user=0.01 sys=0.00, real=0.00 secs] 
290.301: Total time for which application threads were stopped: 0.0013640 seconds, Stopping threads took: 0.0000800 seconds
290.381: Application time: 0.0807010 seconds
290.382: [GC290.382: [ParNew: 36189K->1604K(37632K), 0.0007570 secs] 97773K->63188K(121024K), 0.0007850 secs] [Times: user=0.00 sys=0.00, real=0.00 secs] 
290.382: Total time for which application threads were stopped: 0.0010210 seconds, Stopping threads took: 0.0001770 seconds
290.462: Application time: 0.0798600 seconds
290.462: [GC290.462: [ParNew: 34617K->1632K(37632K), 0.0007040 secs] 96201K->63216K(121024K), 0.0007340 secs] [Times: user=0.00 sys=0.00, real=0.00 secs] 
290.463: Total time for which application threads were stopped: 0.0008600 seconds, Stopping threads took: 0.0000680 seconds
290.543: Application time: 0.0795380 seconds
290.543: [GC290.543: [ParNew: 34723K->1688K(37632K), 0.0007900 secs] 96307K->63272K(121024K), 0.0008180 secs] [Times: user=0.01 sys=0.00, real=0.00 secs] 
290.544: Total time for which application threads were stopped: 0.0009520 seconds, Stopping threads took: 0.0000760 seconds
290.623: Application time: 0.0789740 seconds
290.623: [GC290.623: [ParNew: 34777K->2260K(37632K), 0.0008840 secs] 96361K->63844K(121024K), 0.0009150 secs] [Times: user=0.00 sys=0.00, real=0.00 secs] 
290.624: Total time for which application threads were stopped: 0.0010670 seconds, Stopping threads took: 0.0000840 seconds
290.708: Application time: 0.0843400 seconds
290.708: [GC290.708: [ParNew: 35711K->2062K(37632K), 0.0008740 secs] 97295K->63890K(121024K), 0.0009090 secs] [Times: user=0.00 sys=0.00, real=0.00 secs] 
290.709: Total time for which application threads were stopped: 0.0010620 seconds, Stopping threads took: 0.0000890 seconds
290.796: Application time: 0.0872420 seconds
290.796: [GC290.797: [ParNew: 35079K->1576K(37632K), 0.0007500 secs] 96907K->63404K(121024K), 0.0007810 secs] [Times: user=0.01 sys=0.00, real=0.00 secs] 
290.797: Total time for which application threads were stopped: 0.0009180 seconds, Stopping threads took: 0.0000760 seconds
290.884: Application time: 0.0865790 seconds
290.884: [GC290.884: [ParNew: 35024K->2090K(37632K), 0.0008840 secs] 96853K->63918K(121024K), 0.0009150 secs] [Times: user=0.01 sys=0.00, real=0.00 secs] 
290.885: Total time for which application threads were stopped: 0.0010630 seconds, Stopping threads took: 0.0000790 seconds
290.972: Application time: 0.0872110 seconds
290.972: [GC290.972: [ParNew: 35544K->1576K(37632K), 0.0007520 secs] 97373K->63404K(121024K), 0.0007830 secs] [Times: user=0.01 sys=0.00, real=0.00 secs] 
290.973: Total time for which application threads were stopped: 0.0009660 seconds, Stopping threads took: 0.0001250 seconds
291.059: Application time: 0.0857990 seconds
291.059: [GC291.059: [ParNew: 34747K->1664K(37632K), 0.0007000 secs] 96576K->63492K(121024K), 0.0007310 secs] [Times: user=0.00 sys=0.00, real=0.00 secs] 
291.060: Total time for which application threads were stopped: 0.0008660 seconds, Stopping threads took: 0.0000740 seconds
291.147: Application time: 0.0868980 seconds
291.147: [GC291.147: [ParNew: 35108K->2176K(37632K), 0.0008350 secs] 96937K->64004K(121024K), 0.0008670 secs] [Times: user=0.01 sys=0.00, real=0.01 secs] 
291.148: Total time for which application threads were stopped: 0.0010250 seconds, Stopping threads took: 0.0000880 seconds
291.235: Application time: 0.0875690 seconds
291.235: [GC291.235: [ParNew: 35353K->1634K(37632K), 0.0008120 secs] 97182K->63618K(121024K), 0.0008440 secs] [Times: user=0.01 sys=0.00, real=0.00 secs] 
291.236: Total time for which application threads were stopped: 0.0009640 seconds, Stopping threads took: 0.0000610 seconds
291.322: Application time: 0.0859180 seconds
291.322: [GC291.322: [ParNew: 34643K->2176K(37632K), 0.0008370 secs] 96627K->64160K(121024K), 0.0008700 secs] [Times: user=0.01 sys=0.00, real=0.00 secs] 
291.323: Total time for which application threads were stopped: 0.0010040 seconds, Stopping threads took: 0.0000720 seconds
291.411: Application time: 0.0876650 seconds
291.411: [GC291.411: [ParNew: 35635K->1066K(37632K), 0.0006510 secs] 97619K->63186K(121024K), 0.0016020 secs] [Times: user=0.01 sys=0.00, real=0.00 secs] 
291.413: Total time for which application threads were stopped: 0.0017310 seconds, Stopping threads took: 0.0000670 seconds
291.497: Application time: 0.0847750 seconds
291.498: [GC291.498: [ParNew: 34078K->1606K(37632K), 0.0007360 secs] 96199K->63726K(121024K), 0.0007670 secs] [Times: user=0.01 sys=0.00, real=0.00 secs] 
291.498: Total time for which application threads were stopped: 0.0009270 seconds, Stopping threads took: 0.0001000 seconds
291.587: Application time: 0.0883090 seconds
291.587: [GC291.587: [ParNew: 35050K->2120K(37632K), 0.0008210 secs] 97171K->64240K(121024K), 0.0008520 secs] [Times: user=0.01 sys=0.00, real=0.01 secs] 
291.588: Total time for which application threads were stopped: 0.0010930 seconds, Stopping threads took: 0.0001590 seconds
291.674: Application time: 0.0867760 seconds
291.675: [GC291.675: [ParNew: 35573K->1578K(37632K), 0.0006810 secs] 97693K->63746K(121024K), 0.0007160 secs] [Times: user=0.01 sys=0.00, real=0.01 secs] 
291.675: Total time for which application threads were stopped: 0.0008610 seconds, Stopping threads took: 0.0000770 seconds
291.762: Application time: 0.0865340 seconds
291.762: [GC291.762: [ParNew: 34751K->2176K(37632K), 0.0008160 secs] 96920K->64345K(121024K), 0.0008470 secs] [Times: user=0.00 sys=0.00, real=0.00 secs] 
291.763: Total time for which application threads were stopped: 0.0009710 seconds, Stopping threads took: 0.0000660 seconds
291.851: Application time: 0.0878840 seconds
291.851: [GC291.851: [ParNew: 35625K->2060K(37632K), 0.0008360 secs] 97793K->64393K(121024K), 0.0008680 secs] [Times: user=0.00 sys=0.00, real=0.00 secs] 
291.852: Total time for which application threads were stopped: 0.0009920 seconds, Stopping threads took: 0.0000640 seconds
291.937: Application time: 0.0854540 seconds
291.937: [GC291.937: [ParNew: 35235K->1636K(37632K), 0.0007120 secs] 97568K->63969K(121024K), 0.0007430 secs] [Times: user=0.00 sys=0.00, real=0.00 secs] 
291.938: Total time for which application threads were stopped: 0.0008800 seconds, Stopping threads took: 0.0000780 seconds
292.025: Application time: 0.0864860 seconds
292.025: [GC292.025: [ParNew: 34647K->2176K(37632K), 0.0008730 secs] 96979K->64509K(121024K), 0.0009150 secs] [Times: user=0.01 sys=0.00, real=0.00 secs] 
292.026: Total time for which application threads were stopped: 0.0010430 seconds, Stopping threads took: 0.0000650 seconds
292.115: Application time: 0.0891960 seconds
292.115: [GC292.115: [ParNew: 35633K->1062K(37632K), 0.0006310 secs] 97966K->63523K(121024K), 0.0006630 secs] [Times: user=0.00 sys=0.01, real=0.01 secs] 
292.116: Total time for which application threads were stopped: 0.0007920 seconds, Stopping threads took: 0.0000720 seconds
292.201: Application time: 0.0857990 seconds
292.202: [GC292.202: [ParNew: 34074K->1094K(37632K), 0.0005320 secs] 96535K->63555K(121024K), 0.0005620 secs] [Times: user=0.00 sys=0.00, real=0.00 secs] 
292.202: Total time for which application threads were stopped: 0.0007130 seconds, Stopping threads took: 0.0000830 seconds
292.289: Application time: 0.0866640 seconds
292.289: [GC292.289: [ParNew: 34544K->1092K(37632K), 0.0006600 secs] 97005K->63553K(121024K), 0.0006900 secs] [Times: user=0.01 sys=0.00, real=0.00 secs] 
292.290: Total time for which application threads were stopped: 0.0009440 seconds, Stopping threads took: 0.0001940 seconds
292.377: Application time: 0.0868030 seconds
292.377: [GC292.377: [ParNew: 34102K->1632K(37632K), 0.0007590 secs] 96563K->64093K(121024K), 0.0007890 secs] [Times: user=0.00 sys=0.00, real=0.00 secs] 
292.377: Total time for which application threads were stopped: 0.0009290 seconds, Stopping threads took: 0.0000770 seconds
292.466: Application time: 0.0882340 seconds
292.466: [GC292.466: [ParNew: 34731K->1178K(37632K), 0.0006460 secs] 97192K->63639K(121024K), 0.0006770 secs] [Times: user=0.01 sys=0.00, real=0.00 secs] 
292.467: Total time for which application threads were stopped: 0.0008150 seconds, Stopping threads took: 0.0000770 seconds
292.554: Application time: 0.0876000 seconds
292.554: [GC292.554: [ParNew: 34633K->666K(37632K), 0.0005470 secs] 97093K->63127K(121024K), 0.0005750 secs] [Times: user=0.00 sys=0.00, real=0.00 secs] 
292.555: Total time for which application threads were stopped: 0.0008190 seconds, Stopping threads took: 0.0001870 seconds
292.640: Application time: 0.0853630 seconds
292.640: [GC292.640: [ParNew: 33843K->238K(37632K), 0.0004480 secs] 96304K->62699K(121024K), 0.0004770 secs] [Times: user=0.01 sys=0.00, real=0.00 secs] 
292.641: Total time for which application threads were stopped: 0.0005960 seconds, Stopping threads took: 0.0000630 seconds
292.724: Application time: 0.0828750 seconds
292.724: [GC292.724: [ParNew: 33240K->2284K(37632K), 0.0010060 secs] 95701K->64745K(121024K), 0.0010380 secs] [Times: user=0.01 sys=0.00, real=0.00 secs] 
292.725: Total time for which application threads were stopped: 0.0011990 seconds, Stopping threads took: 0.0000880 seconds
292.813: Application time: 0.0876050 seconds
292.813: [GC292.813: [ParNew: 35729K->2600K(37632K), 0.0010240 secs] 98190K->65301K(121024K), 0.0010580 secs] [Times: user=0.00 sys=0.00, real=0.00 secs] 
292.814: Total time for which application threads were stopped: 0.0011920 seconds, Stopping threads took: 0.0000720 seconds
292.900: Application time: 0.0863820 seconds
292.900: [GC292.900: [ParNew: 35619K->2090K(37632K), 0.0008890 secs] 98320K->64847K(121024K), 0.0009210 secs] [Times: user=0.01 sys=0.00, real=0.00 secs] 
292.901: Total time for which application threads were stopped: 0.0010570 seconds, Stopping threads took: 0.0000730 seconds
292.989: Application time: 0.0882890 seconds
292.990: [GC292.990: [ParNew: 35544K->1578K(37632K), 0.0007170 secs] 98302K->64335K(121024K), 0.0007470 secs] [Times: user=0.00 sys=0.00, real=0.00 secs] 
292.990: Total time for which application threads were stopped: 0.0008770 seconds, Stopping threads took: 0.0000710 seconds
293.077: Application time: 0.0863750 seconds
293.077: [GC293.077: [ParNew: 34673K->1120K(37632K), 0.0005430 secs] 97430K->63877K(121024K), 0.0005740 secs] [Times: user=0.01 sys=0.00, real=0.00 secs] 
293.077: Total time for which application threads were stopped: 0.0007080 seconds, Stopping threads took: 0.0000730 seconds
293.163: Application time: 0.0858720 seconds
293.163: [GC293.163: [ParNew: 34133K->1150K(37632K), 0.0006710 secs] 96890K->63907K(121024K), 0.0007090 secs] [Times: user=0.01 sys=0.00, real=0.00 secs] 
293.164: Total time for which application threads were stopped: 0.0008310 seconds, Stopping threads took: 0.0000600 seconds
293.254: Application time: 0.0895520 seconds
293.254: [GC293.254: [ParNew: 34602K->636K(37632K), 0.0005500 secs] 97360K->63393K(121024K), 0.0005800 secs] [Times: user=0.01 sys=0.00, real=0.00 secs] 
293.254: Total time for which application threads were stopped: 0.0007320 seconds, Stopping threads took: 0.0000810 seconds
293.340: Application time: 0.0853470 seconds
293.340: [GC293.340: [ParNew: 33805K->724K(37632K), 0.0004600 secs] 96562K->63481K(121024K), 0.0004900 secs] [Times: user=0.00 sys=0.00, real=0.00 secs] 
293.340: Total time for which application threads were stopped: 0.0006560 seconds, Stopping threads took: 0.0001070 seconds
293.427: Application time: 0.0862060 seconds
293.427: [GC293.427: [ParNew: 33737K->752K(37632K), 0.0005480 secs] 96494K->63509K(121024K), 0.0005760 secs] [Times: user=0.01 sys=0.00, real=0.01 secs] 
293.427: Total time for which application threads were stopped: 0.0006940 seconds, Stopping threads took: 0.0000600 seconds
293.513: Application time: 0.0859080 seconds
293.513: [GC293.513: [ParNew: 34196K->1776K(37632K), 0.0007330 secs] 96954K->64533K(121024K), 0.0007640 secs] [Times: user=0.01 sys=0.00, real=0.00 secs] 
293.514: Total time for which application threads were stopped: 0.0008920 seconds, Stopping threads took: 0.0000620 seconds
293.599: Application time: 0.0847230 seconds
293.599: [GC293.599: [ParNew: 34787K->2284K(37632K), 0.0009550 secs] 97544K->65041K(121024K), 0.0009880 secs] [Times: user=0.00 sys=0.00, real=0.00 secs] 
293.600: Total time for which application threads were stopped: 0.0011330 seconds, Stopping threads took: 0.0000820 seconds
293.688: Application time: 0.0882200 seconds
293.688: [GC293.688: [ParNew: 35737K->1578K(37632K), 0.0007330 secs] 98494K->64579K(121024K), 0.0007630 secs] [Times: user=0.01 sys=0.00, real=0.00 secs] 
293.689: Total time for which application threads were stopped: 0.0009010 seconds, Stopping threads took: 0.0000780 seconds
293.774: Application time: 0.0846110 seconds
293.774: [GC293.774: [ParNew: 34669K->2148K(37632K), 0.0008470 secs] 97670K->65149K(121024K), 0.0008780 secs] [Times: user=0.01 sys=0.00, real=0.00 secs] 
293.775: Total time for which application threads were stopped: 0.0010780 seconds, Stopping threads took: 0.0001290 seconds
293.862: Application time: 0.0871270 seconds
293.862: [GC293.862: [ParNew: 35163K->1578K(37632K), 0.0006860 secs] 98164K->64711K(121024K), 0.0007150 secs] [Times: user=0.01 sys=0.00, real=0.00 secs] 
293.863: Total time for which application threads were stopped: 0.0008620 seconds, Stopping threads took: 0.0000840 seconds
293.951: Application time: 0.0878380 seconds
293.951: [GC293.951: [ParNew: 35030K->1066K(37632K), 0.0006470 secs] 98164K->64199K(121024K), 0.0006780 secs] [Times: user=0.01 sys=0.00, real=0.00 secs] 
293.951: Total time for which application threads were stopped: 0.0008070 seconds, Stopping threads took: 0.0000680 seconds
294.037: Application time: 0.0855540 seconds
294.037: [GC294.037: [ParNew: 34237K->1152K(37632K), 0.0005680 secs] 97371K->64285K(121024K), 0.0005980 secs] [Times: user=0.00 sys=0.00, real=0.00 secs] 
294.038: Total time for which application threads were stopped: 0.0007380 seconds, Stopping threads took: 0.0000830 seconds
294.122: Application time: 0.0843880 seconds
294.122: [GC294.122: [ParNew: 34158K->2716K(37632K), 0.0010140 secs] 97292K->65850K(121024K), 0.0010510 secs] [Times: user=0.01 sys=0.00, real=0.00 secs] 
294.123: Total time for which application threads were stopped: 0.0012000 seconds, Stopping threads took: 0.0000820 seconds
294.211: Application time: 0.0873630 seconds
294.211: [GC294.211: [ParNew: 36163K->3086K(37632K), 0.0011990 secs] 99296K->66407K(121024K), 0.0012440 secs] [Times: user=0.01 sys=0.00, real=0.00 secs] 
294.212: Total time for which application threads were stopped: 0.0013960 seconds, Stopping threads took: 0.0000870 seconds
294.299: Application time: 0.0872520 seconds
294.300: [GC294.300: [ParNew: 36107K->2090K(37632K), 0.0007920 secs] 99429K->65411K(121024K), 0.0008220 secs] [Times: user=0.01 sys=0.00, real=0.00 secs] 
294.300: Total time for which application threads were stopped: 0.0009670 seconds, Stopping threads took: 0.0000710 seconds
294.388: Application time: 0.0872210 seconds
294.388: [GC294.388: [ParNew: 35536K->2602K(37632K), 0.0010450 secs] 98858K->65924K(121024K), 0.0010800 secs] [Times: user=0.01 sys=0.00, real=0.00 secs] 
294.389: Total time for which application threads were stopped: 0.0012460 seconds, Stopping threads took: 0.0001020 seconds
294.477: Application time: 0.0877970 seconds
294.477: [GC294.477: [ParNew: 35697K->2120K(37632K), 0.0008350 secs] 99019K->65498K(121024K), 0.0008680 secs] [Times: user=0.01 sys=0.00, real=0.00 secs] 
294.478: Total time for which application threads were stopped: 0.0010020 seconds, Stopping threads took: 0.0000710 seconds
294.563: Application time: 0.0851840 seconds
294.563: [GC294.563: [ParNew: 35135K->1576K(37632K), 0.0007420 secs] 98513K->65066K(121024K), 0.0007760 secs] [Times: user=0.00 sys=0.00, real=0.00 secs] 
294.564: Total time for which application threads were stopped: 0.0009010 seconds, Stopping threads took: 0.0000650 seconds
294.647: Application time: 0.0834140 seconds
294.647: [GC294.647: [ParNew: 34580K->2632K(37632K), 0.0009820 secs] 98070K->66122K(121024K), 0.0010110 secs] [Times: user=0.01 sys=0.00, real=0.00 secs] 
294.648: Total time for which application threads were stopped: 0.0012750 seconds, Stopping threads took: 0.0002030 seconds
294.728: Application time: 0.0799910 seconds
294.729: [GC294.729: [ParNew: 35647K->3116K(37632K), 0.0011300 secs] 99137K->66710K(121024K), 0.0011640 secs] [Times: user=0.00 sys=0.00, real=0.00 secs] 
294.730: Total time for which application threads were stopped: 0.0013100 seconds, Stopping threads took: 0.0000850 seconds
294.810: Application time: 0.0806070 seconds
294.810: [GC294.810: [ParNew: 36213K->2632K(37632K), 0.0009780 secs] 99807K->66290K(121024K), 0.0010120 secs] [Times: user=0.00 sys=0.00, real=0.00 secs] 
294.811: Total time for which application threads were stopped: 0.0011620 seconds, Stopping threads took: 0.0000830 seconds
294.893: Application time: 0.0811250 seconds
294.893: [GC294.893: [ParNew: 36083K->2574K(37632K), 0.0009600 secs] 99740K->66336K(121024K), 0.0009910 secs] [Times: user=0.01 sys=0.00, real=0.00 secs] 
294.894: Total time for which application threads were stopped: 0.0011370 seconds, Stopping threads took: 0.0000850 seconds
294.975: Application time: 0.0811320 seconds
294.975: [GC294.975: [ParNew: 35599K->1066K(37632K), 0.0006130 secs] 99361K->64828K(121024K), 0.0006420 secs] [Times: user=0.00 sys=0.01, real=0.01 secs] 
294.976: Total time for which application threads were stopped: 0.0007690 seconds, Stopping threads took: 0.0000710 seconds
295.056: Application time: 0.0799150 seconds
295.056: [GC295.056: [ParNew: 34514K->2090K(37632K), 0.0008080 secs] 98276K->65852K(121024K), 0.0008410 secs] [Times: user=0.01 sys=0.00, real=0.00 secs] 
295.057: Total time for which application threads were stopped: 0.0009750 seconds, Stopping threads took: 0.0000750 seconds
295.138: Application time: 0.0816380 seconds
295.138: [GC295.138: [ParNew: 35191K->606K(37632K), 0.0006080 secs] 98953K->64368K(121024K), 0.0006360 secs] [Times: user=0.01 sys=0.00, real=0.00 secs] 
295.139: Total time for which application threads were stopped: 0.0007710 seconds, Stopping threads took: 0.0000790 seconds
295.219: Application time: 0.0797150 seconds
295.219: [GC295.219: [ParNew: 33618K->638K(37632K), 0.0004550 secs] 97380K->64400K(121024K), 0.0004840 secs] [Times: user=0.01 sys=0.00, real=0.00 secs] 
295.219: Total time for which application threads were stopped: 0.0006150 seconds, Stopping threads took: 0.0000730 seconds
295.297: Application time: 0.0773580 seconds
295.297: [GC295.297: [ParNew: 33640K->2202K(37632K), 0.0008330 secs] 97402K->65964K(121024K), 0.0008720 secs] [Times: user=0.01 sys=0.00, real=0.00 secs] 
295.298: Total time for which application threads were stopped: 0.0010790 seconds, Stopping threads took: 0.0001470 seconds
295.376: Application time: 0.0786710 seconds
295.377: [GC295.377: [ParNew: 35215K->2630K(37632K), 0.0010600 secs] 98977K->66544K(121024K), 0.0010910 secs] [Times: user=0.00 sys=0.00, real=0.00 secs] 
295.378: Total time for which application threads were stopped: 0.0012940 seconds, Stopping threads took: 0.0001360 seconds
295.460: Application time: 0.0818140 seconds
295.460: [GC295.460: [ParNew: 35651K->1578K(37632K), 0.0006520 secs] 99565K->65596K(121024K), 0.0006840 secs] [Times: user=0.01 sys=0.00, real=0.00 secs] 
295.460: Total time for which application threads were stopped: 0.0008250 seconds, Stopping threads took: 0.0000820 seconds
295.540: Application time: 0.0798670 seconds
295.540: [GC295.540: [ParNew: 34591K->1606K(37632K), 0.0007480 secs] 98609K->65624K(121024K), 0.0007780 secs] [Times: user=0.00 sys=0.00, real=0.00 secs] 
295.541: Total time for which application threads were stopped: 0.0009260 seconds, Stopping threads took: 0.0000900 seconds
295.620: Application time: 0.0788970 seconds
295.620: [GC295.620: [ParNew: 34614K->2144K(37632K), 0.0009270 secs] 98633K->66162K(121024K), 0.0009560 secs] [Times: user=0.01 sys=0.00, real=0.00 secs] 
295.621: Total time for which application threads were stopped: 0.0010790 seconds, Stopping threads took: 0.0000650 seconds
295.699: Application time: 0.0774300 seconds
295.699: [GC295.699: [ParNew: 35151K->2632K(37632K), 0.0009920 secs] 99169K->66746K(121024K), 0.0010250 secs] [Times: user=0.01 sys=0.00, real=0.00 secs] 
295.700: Total time for which application threads were stopped: 0.0012300 seconds, Stopping threads took: 0.0001450 seconds
295.781: Application time: 0.0811990 seconds
295.781: [GC295.781: [ParNew: 35651K->2090K(37632K), 0.0008170 secs] 99765K->66300K(121024K), 0.0008460 secs] [Times: user=0.00 sys=0.00, real=0.00 secs] 
295.782: Total time for which application threads were stopped: 0.0009690 seconds, Stopping threads took: 0.0000630 seconds
295.863: Application time: 0.0808780 seconds
295.863: [GC295.863: [ParNew: 35544K->1578K(37632K), 0.0006400 secs] 99755K->65788K(121024K), 0.0006660 secs] [Times: user=0.00 sys=0.00, real=0.00 secs] 
295.864: Total time for which application threads were stopped: 0.0007990 seconds, Stopping threads took: 0.0000780 seconds
295.944: Application time: 0.0803490 seconds
295.944: [GC295.944: [ParNew: 34671K->2148K(37632K), 0.0008120 secs] 98881K->66358K(121024K), 0.0008430 secs] [Times: user=0.00 sys=0.00, real=0.00 secs] 
295.945: Total time for which application threads were stopped: 0.0009710 seconds, Stopping threads took: 0.0000580 seconds
296.024: Application time: 0.0790130 seconds
296.024: [GC296.024: [ParNew: 35245K->1604K(37632K), 0.0007080 secs] 99455K->65946K(121024K), 0.0007350 secs] [Times: user=0.01 sys=0.00, real=0.00 secs] 
296.025: Total time for which application threads were stopped: 0.0009090 seconds, Stopping threads took: 0.0001180 seconds
296.106: Application time: 0.0814600 seconds
296.106: [GC296.106: [ParNew: 35056K->1096K(37632K), 0.0005740 secs] 99399K->65438K(121024K), 0.0006110 secs] [Times: user=0.00 sys=0.00, real=0.01 secs] 
296.107: Total time for which application threads were stopped: 0.0007530 seconds, Stopping threads took: 0.0000840 seconds
296.185: Application time: 0.0779920 seconds
296.185: [GC296.185: [ParNew: 34107K->1636K(37632K), 0.0006870 secs] 98449K->65978K(121024K), 0.0007180 secs] [Times: user=0.01 sys=0.00, real=0.00 secs] 
296.186: Total time for which application threads were stopped: 0.0008610 seconds, Stopping threads took: 0.0000860 seconds
296.266: Application time: 0.0802290 seconds
296.266: [GC296.266: [ParNew: 34651K->1152K(37632K), 0.0005850 secs] 98993K->65494K(121024K), 0.0006120 secs] [Times: user=0.00 sys=0.00, real=0.00 secs] 
296.267: Total time for which application threads were stopped: 0.0007290 seconds, Stopping threads took: 0.0000610 seconds
296.347: Application time: 0.0797670 seconds
296.347: [GC296.347: [ParNew: 34167K->1180K(37632K), 0.0006100 secs] 98509K->65522K(121024K), 0.0006490 secs] [Times: user=0.01 sys=0.00, real=0.01 secs] 
296.347: Total time for which application threads were stopped: 0.0007750 seconds, Stopping threads took: 0.0000690 seconds
296.427: Application time: 0.0799750 seconds
296.428: [GC296.428: [ParNew: 34187K->2230K(37632K), 0.0009870 secs] 98529K->66572K(121024K), 0.0010280 secs] [Times: user=0.00 sys=0.00, real=0.00 secs] 
296.429: Total time for which application threads were stopped: 0.0011540 seconds, Stopping threads took: 0.0000670 seconds
296.509: Application time: 0.0799320 seconds
296.509: [GC296.509: [ParNew: 35679K->2600K(37632K), 0.0010130 secs] 100021K->67130K(121024K), 0.0010470 secs] [Times: user=0.01 sys=0.00, real=0.00 secs] 
296.510: Total time for which application threads were stopped: 0.0011820 seconds, Stopping threads took: 0.0000630 seconds
296.589: Application time: 0.0792840 seconds
296.589: [GC296.589: [ParNew: 35697K->2118K(37632K), 0.0008360 secs] 100228K->66720K(121024K), 0.0008680 secs] [Times: user=0.00 sys=0.00, real=0.00 secs] 
296.590: Total time for which application threads were stopped: 0.0010110 seconds, Stopping threads took: 0.0000830 seconds
296.670: Application time: 0.0800020 seconds
296.670: [GC296.670: [ParNew: 35211K->2120K(37632K), 0.0008390 secs] 99814K->66818K(121024K), 0.0008710 secs] [Times: user=0.01 sys=0.00, real=0.00 secs] 
296.671: Total time for which application threads were stopped: 0.0010100 seconds, Stopping threads took: 0.0000790 seconds
296.752: Application time: 0.0809650 seconds
296.752: [GC296.752: [ParNew: 35568K->2572K(37632K), 0.0009620 secs] 100267K->67382K(121024K), 0.0009920 secs] [Times: user=0.00 sys=0.00, real=0.00 secs] 
296.753: Total time for which application threads were stopped: 0.0011310 seconds, Stopping threads took: 0.0000770 seconds
296.833: Application time: 0.0800040 seconds
296.833: [GC296.833: [ParNew: 35595K->1578K(37632K), 0.0006680 secs] 100405K->66388K(121024K), 0.0006980 secs] [Times: user=0.01 sys=0.00, real=0.00 secs] 
296.834: Total time for which application threads were stopped: 0.0008710 seconds, Stopping threads took: 0.0001110 seconds
296.913: Application time: 0.0788790 seconds
296.913: [GC296.913: [ParNew: 34591K->1606K(37632K), 0.0006980 secs] 99401K->66417K(121024K), 0.0007280 secs] [Times: user=0.00 sys=0.00, real=0.00 secs] 
296.914: Total time for which application threads were stopped: 0.0008960 seconds, Stopping threads took: 0.0001090 seconds
296.992: Application time: 0.0780330 seconds
296.992: [GC296.992: [ParNew: 34615K->2660K(37632K), 0.0009580 secs] 99425K->67471K(121024K), 0.0009900 secs] [Times: user=0.01 sys=0.00, real=0.00 secs] 
296.993: Total time for which application threads were stopped: 0.0011290 seconds, Stopping threads took: 0.0000800 seconds
297.074: Application time: 0.0810090 seconds
297.074: [GC297.074: [ParNew: 35683K->1064K(37632K), 0.0006430 secs] 100494K->65991K(121024K), 0.0006700 secs] [Times: user=0.01 sys=0.00, real=0.00 secs] 
297.075: Total time for which application threads were stopped: 0.0007910 seconds, Stopping threads took: 0.0000570 seconds
297.154: Application time: 0.0797100 seconds
297.155: [GC297.155: [ParNew: 34074K->1606K(37632K), 0.0007370 secs] 99001K->66533K(121024K), 0.0007660 secs] [Times: user=0.00 sys=0.00, real=0.01 secs] 
297.155: Total time for which application threads were stopped: 0.0009030 seconds, Stopping threads took: 0.0000790 seconds
297.234: Application time: 0.0781610 seconds
297.234: [GC297.234: [ParNew: 34619K->1634K(37632K), 0.0006770 secs] 99545K->66561K(121024K), 0.0007090 secs] [Times: user=0.01 sys=0.00, real=0.00 secs] 
297.234: Total time for which application threads were stopped: 0.0008620 seconds, Stopping threads took: 0.0000930 seconds
297.315: Application time: 0.0801080 seconds
297.315: [GC297.315: [ParNew: 34735K->1180K(37632K), 0.0006000 secs] 99662K->66107K(121024K), 0.0006410 secs] [Times: user=0.00 sys=0.00, real=0.01 secs] 
297.315: Total time for which application threads were stopped: 0.0008640 seconds, Stopping threads took: 0.0001660 seconds
297.396: Application time: 0.0811200 seconds
297.397: [GC297.397: [ParNew: 34630K->1180K(37632K), 0.0005980 secs] 99557K->66107K(121024K), 0.0006270 secs] [Times: user=0.01 sys=0.00, real=0.00 secs] 
297.397: Total time for which application threads were stopped: 0.0007610 seconds, Stopping threads took: 0.0000770 seconds
297.474: Application time: 0.0772380 seconds
297.475: [GC297.475: [ParNew: 34189K->2232K(37632K), 0.0008620 secs] 99115K->67159K(121024K), 0.0008920 secs] [Times: user=0.01 sys=0.00, real=0.01 secs] 
297.476: Total time for which application threads were stopped: 0.0010270 seconds, Stopping threads took: 0.0000760 seconds
297.556: Application time: 0.0808690 seconds
297.557: [GC297.557: [ParNew: 35325K->2144K(37632K), 0.0008810 secs] 100252K->67251K(121024K), 0.0009110 secs] [Times: user=0.00 sys=0.00, real=0.00 secs] 
297.557: Total time for which application threads were stopped: 0.0010630 seconds, Stopping threads took: 0.0000930 seconds
297.637: Application time: 0.0791050 seconds
297.637: [GC297.637: [ParNew: 35159K->1578K(37632K), 0.0007300 secs] 100266K->66817K(121024K), 0.0007610 secs] [Times: user=0.00 sys=0.00, real=0.00 secs] 
297.637: Total time for which application threads were stopped: 0.0009160 seconds, Stopping threads took: 0.0000890 seconds
297.717: Application time: 0.0796460 seconds
297.717: [GC297.717: [ParNew: 35024K->2090K(37632K), 0.0008010 secs] 100263K->67329K(121024K), 0.0008320 secs] [Times: user=0.00 sys=0.00, real=0.00 secs] 
297.718: Total time for which application threads were stopped: 0.0009690 seconds, Stopping threads took: 0.0000760 seconds
297.797: Application time: 0.0791430 seconds
297.797: [GC297.797: [ParNew: 35101K->2120K(37632K), 0.0008060 secs] 100340K->67359K(121024K), 0.0008350 secs] [Times: user=0.00 sys=0.00, real=0.00 secs] 
297.798: Total time for which application threads were stopped: 0.0009610 seconds, Stopping threads took: 0.0000700 seconds
297.877: Application time: 0.0792770 seconds
297.878: [GC297.878: [ParNew: 35139K->1608K(37632K), 0.0006730 secs] 100378K->66911K(121024K), 0.0007010 secs] [Times: user=0.00 sys=0.00, real=0.00 secs] 
297.878: Total time for which application threads were stopped: 0.0008330 seconds, Stopping threads took: 0.0000730 seconds
297.958: Application time: 0.0796780 seconds
297.958: [GC297.958: [ParNew: 34705K->1152K(37632K), 0.0005500 secs] 100008K->66455K(121024K), 0.0005800 secs] [Times: user=0.00 sys=0.00, real=0.00 secs] 
297.959: Total time for which application threads were stopped: 0.0007160 seconds, Stopping threads took: 0.0000760 seconds
298.039: Application time: 0.0804390 seconds
298.039: [GC298.039: [ParNew: 34598K->1664K(37632K), 0.0007260 secs] 99902K->66967K(121024K), 0.0007560 secs] [Times: user=0.00 sys=0.00, real=0.00 secs] 
298.040: Total time for which application threads were stopped: 0.0008870 seconds, Stopping threads took: 0.0000720 seconds
298.119: Application time: 0.0790780 seconds
298.119: [GC298.119: [ParNew: 34683K->664K(37632K), 0.0004920 secs] 99986K->65967K(121024K), 0.0005210 secs] [Times: user=0.00 sys=0.00, real=0.00 secs] 
298.120: Total time for which application threads were stopped: 0.0006830 seconds, Stopping threads took: 0.0001070 seconds
298.198: Application time: 0.0782200 seconds
298.198: [GC298.198: [ParNew: 33751K->1748K(37632K), 0.0007450 secs] 99054K->67051K(121024K), 0.0007740 secs] [Times: user=0.00 sys=0.00, real=0.00 secs] 
298.199: Total time for which application threads were stopped: 0.0009250 seconds, Stopping threads took: 0.0000860 seconds
298.278: Application time: 0.0787980 seconds
298.278: [GC298.278: [ParNew: 34759K->2286K(37632K), 0.0009260 secs] 100062K->67589K(121024K), 0.0009550 secs] [Times: user=0.00 sys=0.00, real=0.00 secs] 
298.279: Total time for which application threads were stopped: 0.0011100 seconds, Stopping threads took: 0.0000940 seconds
298.359: Application time: 0.0797890 seconds
298.359: [GC298.359: [ParNew: 35735K->2088K(37632K), 0.0008780 secs] 101038K->67631K(121024K), 0.0009150 secs] [Times: user=0.01 sys=0.00, real=0.00 secs] 
298.360: Total time for which application threads were stopped: 0.0010360 seconds, Stopping threads took: 0.0000590 seconds
298.439: Application time: 0.0792810 seconds
298.439: [GC298.439: [ParNew: 35105K->1608K(37632K), 0.0007170 secs] 100648K->67151K(121024K), 0.0007480 secs] [Times: user=0.01 sys=0.00, real=0.00 secs] 
298.440: Total time for which application threads were stopped: 0.0008920 seconds, Stopping threads took: 0.0000860 seconds
298.519: Application time: 0.0794150 seconds
298.519: [GC298.519: [ParNew: 34616K->2144K(37632K), 0.0009460 secs] 100160K->67687K(121024K), 0.0009740 secs] [Times: user=0.01 sys=0.00, real=0.00 secs] 
298.520: Total time for which application threads were stopped: 0.0010980 seconds, Stopping threads took: 0.0000630 seconds
298.600: Application time: 0.0792710 seconds
298.600: [GC298.600: [ParNew: 35159K->2118K(37632K), 0.0008790 secs] 100702K->67773K(121024K), 0.0009100 secs] [Times: user=0.01 sys=0.00, real=0.00 secs] 
298.601: Total time for which application threads were stopped: 0.0010440 seconds, Stopping threads took: 0.0000750 seconds
298.682: Application time: 0.0809500 seconds
298.682: [GC298.682: [ParNew: 35133K->1602K(37632K), 0.0007000 secs] 100788K->67321K(121024K), 0.0007310 secs] [Times: user=0.00 sys=0.00, real=0.00 secs] 
298.683: Total time for which application threads were stopped: 0.0008760 seconds, Stopping threads took: 0.0000850 seconds
298.768: Application time: 0.0851260 seconds
298.768: [GC298.768: [ParNew: 34613K->2148K(37632K), 0.0008100 secs] 100332K->67867K(121024K), 0.0008420 secs] [Times: user=0.01 sys=0.00, real=0.00 secs] 
298.769: Total time for which application threads were stopped: 0.0009950 seconds, Stopping threads took: 0.0000800 seconds
298.853: Application time: 0.0843410 seconds
298.853: [GC298.853: [ParNew: 35161K->2630K(37632K), 0.0010980 secs] 100880K->68437K(121024K), 0.0011290 secs] [Times: user=0.01 sys=0.00, real=0.00 secs] 
298.854: Total time for which application threads were stopped: 0.0012620 seconds, Stopping threads took: 0.0000710 seconds
298.940: Application time: 0.0856700 seconds
298.940: [GC298.940: [ParNew: 35723K->2630K(37632K), 0.0010520 secs] 101531K->68529K(121024K), 0.0010850 secs] [Times: user=0.01 sys=0.00, real=0.00 secs] 
298.941: Total time for which application threads were stopped: 0.0013240 seconds, Stopping threads took: 0.0001770 seconds
299.034: Application time: 0.0926120 seconds
299.034: [GC299.034: [ParNew: 36099K->10K(37632K), 0.0003030 secs] 101999K->66013K(121024K), 0.0003320 secs] [Times: user=0.00 sys=0.00, real=0.00 secs] 
299.034: Total time for which application threads were stopped: 0.0005380 seconds, Stopping threads took: 0.0001480 seconds
299.119: Application time: 0.0849070 seconds
299.119: [GC299.119: [ParNew: 33012K->2090K(37632K), 0.0009020 secs] 99016K->68093K(121024K), 0.0009300 secs] [Times: user=0.01 sys=0.00, real=0.00 secs] 
299.120: Total time for which application threads were stopped: 0.0010680 seconds, Stopping threads took: 0.0000790 seconds
299.206: Application time: 0.0851770 seconds
299.206: [GC299.206: [ParNew: 35099K->2630K(37632K), 0.0010080 secs] 101102K->68634K(121024K), 0.0010410 secs] [Times: user=0.01 sys=0.00, real=0.00 secs] 
299.207: Total time for which application threads were stopped: 0.0012050 seconds, Stopping threads took: 0.0001010 seconds
299.295: Application time: 0.0879000 seconds
299.295: [GC299.295: [ParNew: 35643K->2602K(37632K), 0.0009700 secs] 101646K->68718K(121024K), 0.0010020 secs] [Times: user=0.01 sys=0.00, real=0.01 secs] 
299.296: Total time for which application threads were stopped: 0.0011500 seconds, Stopping threads took: 0.0000730 seconds
299.384: Application time: 0.0876650 seconds
299.384: [GC299.384: [ParNew: 35627K->1066K(37632K), 0.0005760 secs] 101743K->67254K(121024K), 0.0006040 secs] [Times: user=0.00 sys=0.00, real=0.00 secs] 
299.384: Total time for which application threads were stopped: 0.0007390 seconds, Stopping threads took: 0.0000680 seconds
299.470: Application time: 0.0861400 seconds
299.470: [GC299.471: [ParNew: 34072K->2120K(37632K), 0.0008230 secs] 100260K->68308K(121024K), 0.0008540 secs] [Times: user=0.00 sys=0.00, real=0.00 secs] 
299.471: Total time for which application threads were stopped: 0.0009770 seconds, Stopping threads took: 0.0000620 seconds
299.558: Application time: 0.0866640 seconds
299.558: [GC299.558: [ParNew: 35131K->2630K(37632K), 0.0010900 secs] 101318K->68882K(121024K), 0.0011210 secs] [Times: user=0.00 sys=0.00, real=0.00 secs] 
299.559: Total time for which application threads were stopped: 0.0012880 seconds, Stopping threads took: 0.0001050 seconds
299.646: Application time: 0.0869460 seconds
299.646: [GC299.646: [ParNew: 35723K->2632K(37632K), 0.0010310 secs] 101975K->68988K(121024K), 0.0010640 secs] [Times: user=0.01 sys=0.00, real=0.01 secs] 
299.647: Total time for which application threads were stopped: 0.0012190 seconds, Stopping threads took: 0.0000910 seconds
299.736: Application time: 0.0882120 seconds
299.736: [GC299.736: [ParNew: 36087K->2058K(37632K), 0.0008210 secs] 102443K->68526K(121024K), 0.0008550 secs] [Times: user=0.01 sys=0.00, real=0.00 secs] 
299.737: Total time for which application threads were stopped: 0.0009760 seconds, Stopping threads took: 0.0000600 seconds
299.824: Application time: 0.0877710 seconds
299.825: [GC299.825: [ParNew: 35071K->2090K(37632K), 0.0008250 secs] 101539K->68558K(121024K), 0.0008550 secs] [Times: user=0.01 sys=0.00, real=0.00 secs] 
299.825: Total time for which application threads were stopped: 0.0009960 seconds, Stopping threads took: 0.0000720 seconds
299.912: Application time: 0.0865700 seconds
299.912: [GC299.912: [ParNew: 35103K->2120K(37632K), 0.0008310 secs] 101570K->68588K(121024K), 0.0008610 secs] [Times: user=0.01 sys=0.00, real=0.00 secs] 
299.913: Total time for which application threads were stopped: 0.0010070 seconds, Stopping threads took: 0.0000840 seconds
300.000: Application time: 0.0866440 seconds
300.000: [GC300.000: [ParNew: 35131K->2118K(37632K), 0.0009190 secs] 101599K->68642K(121024K), 0.0009500 secs] [Times: user=0.01 sys=0.00, real=0.00 secs] 
300.001: Total time for which application threads were stopped: 0.0010980 seconds, Stopping threads took: 0.0000850 seconds
300.088: Application time: 0.0874530 seconds
300.088: [GC300.088: [ParNew: 35135K->1606K(37632K), 0.0008000 secs] 101659K->68194K(121024K), 0.0008320 secs] [Times: user=0.01 sys=0.00, real=0.00 secs] 
300.089: Total time for which application threads were stopped: 0.0009730 seconds, Stopping threads took: 0.0000790 seconds
300.175: Application time: 0.0857930 seconds
300.175: [GC300.175: [ParNew: 34619K->1636K(37632K), 0.0007150 secs] 101207K->68224K(121024K), 0.0007460 secs] [Times: user=0.01 sys=0.00, real=0.00 secs] 
300.176: Total time for which application threads were stopped: 0.0008890 seconds, Stopping threads took: 0.0000810 seconds
300.262: Application time: 0.0865150 seconds
300.263: [GC300.263: [ParNew: 34647K->1664K(37632K), 0.0006970 secs] 101235K->68252K(121024K), 0.0007290 secs] [Times: user=0.00 sys=0.00, real=0.00 secs] 
300.263: Total time for which application threads were stopped: 0.0008620 seconds, Stopping threads took: 0.0000750 seconds
300.348: Application time: 0.0851620 seconds
300.349: [GC300.349: [ParNew: 34755K->1720K(37632K), 0.0007330 secs] 101343K->68308K(121024K), 0.0007640 secs] [Times: user=0.01 sys=0.00, real=0.00 secs] 
300.349: Total time for which application threads were stopped: 0.0010140 seconds, Stopping threads took: 0.0001790 seconds
300.438: Application time: 0.0885570 seconds
300.438: [GC300.438: [ParNew: 35173K->1720K(37632K), 0.0007370 secs] 101761K->68308K(121024K), 0.0007720 secs] [Times: user=0.01 sys=0.00, real=0.00 secs] 
300.439: Total time for which application threads were stopped: 0.0009180 seconds, Stopping threads took: 0.0000850 seconds
300.527: Application time: 0.0882950 seconds
300.527: [GC300.527: [ParNew: 34737K->1236K(37632K), 0.0006210 secs] 101325K->67824K(121024K), 0.0006600 secs] [Times: user=0.01 sys=0.00, real=0.00 secs] 
300.528: Total time for which application threads were stopped: 0.0007810 seconds, Stopping threads took: 0.0000570 seconds
300.612: Application time: 0.0839650 seconds
300.612: [GC300.612: [ParNew: 34241K->2288K(37632K), 0.0009110 secs] 100829K->68876K(121024K), 0.0009440 secs] [Times: user=0.01 sys=0.00, real=0.00 secs] 
300.613: Total time for which application threads were stopped: 0.0011140 seconds, Stopping threads took: 0.0001080 seconds
300.699: Application time: 0.0860240 seconds
300.699: [GC300.699: [ParNew: 35299K->3142K(37632K), 0.0012720 secs] 101887K->69938K(121024K), 0.0013050 secs] [Times: user=0.01 sys=0.00, real=0.00 secs] 
300.701: Total time for which application threads were stopped: 0.0014370 seconds, Stopping threads took: 0.0000690 seconds
300.788: Application time: 0.0879420 seconds
300.789: [GC300.789: [ParNew: 36159K->2602K(37632K), 0.0009810 secs] 102955K->69494K(121024K), 0.0010130 secs] [Times: user=0.00 sys=0.00, real=0.00 secs] 
300.790: Total time for which application threads were stopped: 0.0011530 seconds, Stopping threads took: 0.0000770 seconds
300.877: Application time: 0.0874700 seconds
300.877: [GC300.877: [ParNew: 36057K->2056K(37632K), 0.0008100 secs] 102949K->69012K(121024K), 0.0008400 secs] [Times: user=0.01 sys=0.00, real=0.00 secs] 
300.878: Total time for which application threads were stopped: 0.0009950 seconds, Stopping threads took: 0.0000850 seconds
300.964: Application time: 0.0856820 seconds
300.964: [GC300.964: [ParNew: 35145K->2632K(37632K), 0.0009760 secs] 102101K->69588K(121024K), 0.0010060 secs] [Times: user=0.00 sys=0.00, real=0.00 secs] 
300.965: Total time for which application threads were stopped: 0.0011410 seconds, Stopping threads took: 0.0000720 seconds
301.052: Application time: 0.0872430 seconds
301.052: [GC301.052: [ParNew: 35721K->2630K(37632K), 0.0010230 secs] 102677K->69698K(121024K), 0.0010540 secs] [Times: user=0.01 sys=0.00, real=0.00 secs] 
301.053: Total time for which application threads were stopped: 0.0011960 seconds, Stopping threads took: 0.0000800 seconds
301.140: Application time: 0.0868320 seconds
301.140: [GC301.140: [ParNew: 35645K->2090K(37632K), 0.0009330 secs] 102713K->69254K(121024K), 0.0009630 secs] [Times: user=0.01 sys=0.00, real=0.00 secs] 
301.141: Total time for which application threads were stopped: 0.0011340 seconds, Stopping threads took: 0.0001090 seconds
301.229: Application time: 0.0879290 seconds
301.230: [GC301.230: [ParNew: 35542K->2092K(37632K), 0.0008080 secs] 102707K->69256K(121024K), 0.0008390 secs] [Times: user=0.01 sys=0.00, real=0.00 secs] 
301.230: Total time for which application threads were stopped: 0.0010930 seconds, Stopping threads took: 0.0001930 seconds
301.318: Application time: 0.0878440 seconds
301.318: [GC301.318: [ParNew: 35102K->2632K(37632K), 0.0009750 secs] 102267K->69796K(121024K), 0.0010070 secs] [Times: user=0.01 sys=0.00, real=0.00 secs] 
301.319: Total time for which application threads were stopped: 0.0011420 seconds, Stopping threads took: 0.0000740 seconds
301.408: Application time: 0.0883530 seconds
301.408: [GC301.408: [ParNew: 35653K->1574K(37632K), 0.0007840 secs] 102817K->68810K(121024K), 0.0008150 secs] [Times: user=0.01 sys=0.00, real=0.00 secs] 
301.409: Total time for which application threads were stopped: 0.0009620 seconds, Stopping threads took: 0.0000810 seconds
301.494: Application time: 0.0853300 seconds
301.494: [GC301.494: [ParNew: 34585K->2120K(37632K), 0.0008360 secs] 101821K->69356K(121024K), 0.0008720 secs] [Times: user=0.00 sys=0.00, real=0.00 secs] 
301.495: Total time for which application threads were stopped: 0.0010090 seconds, Stopping threads took: 0.0000750 seconds
301.584: Application time: 0.0890760 seconds
301.584: [GC301.584: [ParNew: 35573K->1576K(37632K), 0.0007990 secs] 102809K->68852K(121024K), 0.0008290 secs] [Times: user=0.01 sys=0.00, real=0.00 secs] 
301.585: Total time for which application threads were stopped: 0.0009490 seconds, Stopping threads took: 0.0000610 seconds
301.670: Application time: 0.0846430 seconds
301.670: [GC301.670: [ParNew: 34661K->3172K(37632K), 0.0011430 secs] 101937K->70448K(121024K), 0.0011840 secs] [Times: user=0.01 sys=0.00, real=0.00 secs] 
301.671: Total time for which application threads were stopped: 0.0013390 seconds, Stopping threads took: 0.0000930 seconds
301.759: Application time: 0.0877460 seconds
301.759: [GC301.759: [ParNew: 36273K->2118K(37632K), 0.0009070 secs] 103550K->69530K(121024K), 0.0009390 secs] [Times: user=0.01 sys=0.01, real=0.00 secs] 
301.760: Total time for which application threads were stopped: 0.0010940 seconds, Stopping threads took: 0.0000930 seconds
301.848: Application time: 0.0877990 seconds
301.848: [GC301.848: [ParNew: 35135K->1578K(37632K), 0.0007400 secs] 102547K->69094K(121024K), 0.0007680 secs] [Times: user=0.00 sys=0.00, real=0.00 secs] 
301.849: Total time for which application threads were stopped: 0.0009020 seconds, Stopping threads took: 0.0000730 seconds
301.935: Application time: 0.0867100 seconds
301.935: [GC301.935: [ParNew: 35026K->1578K(37632K), 0.0006740 secs] 102543K->69094K(121024K), 0.0007070 secs] [Times: user=0.01 sys=0.00, real=0.00 secs] 
301.936: Total time for which application threads were stopped: 0.0008570 seconds, Stopping threads took: 0.0000790 seconds
302.025: Application time: 0.0884640 seconds
302.025: [GC302.025: [ParNew: 35024K->2092K(37632K), 0.0008280 secs] 102541K->69608K(121024K), 0.0008560 secs] [Times: user=0.00 sys=0.00, real=0.00 secs] 
302.026: Total time for which application threads were stopped: 0.0010070 seconds, Stopping threads took: 0.0000910 seconds
302.113: Application time: 0.0871550 seconds
302.113: [GC302.113: [ParNew: 35183K->2148K(37632K), 0.0008910 secs] 102700K->69665K(121024K), 0.0009210 secs] [Times: user=0.01 sys=0.00, real=0.00 secs] 
302.114: Total time for which application threads were stopped: 0.0010680 seconds, Stopping threads took: 0.0000850 seconds
302.200: Application time: 0.0864700 seconds
302.200: [GC302.200: [ParNew: 35165K->1578K(37632K), 0.0007380 secs] 102682K->69215K(121024K), 0.0007680 secs] [Times: user=0.00 sys=0.00, real=0.00 secs] 
302.201: Total time for which application threads were stopped: 0.0009000 seconds, Stopping threads took: 0.0000690 seconds
302.287: Application time: 0.0861930 seconds
302.288: [GC302.288: [ParNew: 35024K->2090K(37632K), 0.0008100 secs] 102661K->69727K(121024K), 0.0008430 secs] [Times: user=0.01 sys=0.00, real=0.00 secs] 
302.288: Total time for which application threads were stopped: 0.0009960 seconds, Stopping threads took: 0.0000890 seconds
302.376: Application time: 0.0874610 seconds
302.376: [GC302.376: [ParNew: 35269K->1662K(37632K), 0.0007850 secs] 102906K->69299K(121024K), 0.0008160 secs] [Times: user=0.00 sys=0.00, real=0.00 secs] 
302.377: Total time for which application threads were stopped: 0.0009590 seconds, Stopping threads took: 0.0000830 seconds
302.464: Application time: 0.0866810 seconds
302.464: [GC302.464: [ParNew: 34679K->1180K(37632K), 0.0005830 secs] 102316K->68817K(121024K), 0.0006120 secs] [Times: user=0.00 sys=0.00, real=0.00 secs] 
302.464: Total time for which application threads were stopped: 0.0007500 seconds, Stopping threads took: 0.0000730 seconds
302.549: Application time: 0.0845420 seconds
302.549: [GC302.549: [ParNew: 34186K->2742K(37632K), 0.0010570 secs] 101823K->70379K(121024K), 0.0010880 secs] [Times: user=0.00 sys=0.00, real=0.00 secs] 
302.550: Total time for which application threads were stopped: 0.0012310 seconds, Stopping threads took: 0.0000840 seconds
302.643: Application time: 0.0930790 seconds
302.643: [GC302.643: [ParNew: 36211K->8K(37632K), 0.0003710 secs] 103848K->67857K(121024K), 0.0004000 secs] [Times: user=0.00 sys=0.00, real=0.00 secs] 
302.644: Total time for which application threads were stopped: 0.0005220 seconds, Stopping threads took: 0.0000650 seconds
302.722: Application time: 0.0783630 seconds
302.722: [GC302.722: [ParNew: 33448K->1548K(37632K), 0.0006710 secs] 101297K->69397K(121024K), 0.0007110 secs] [Times: user=0.00 sys=0.00, real=0.00 secs] 
302.723: Total time for which application threads were stopped: 0.0008590 seconds, Stopping threads took: 0.0000890 seconds
302.801: Application time: 0.0783090 seconds
302.801: [GC302.801: [ParNew: 34635K->2630K(37632K), 0.0010370 secs] 102484K->70479K(121024K), 0.0010690 secs] [Times: user=0.01 sys=0.00, real=0.00 secs] 
302.802: Total time for which application threads were stopped: 0.0012050 seconds, Stopping threads took: 0.0000750 seconds
302.882: Application time: 0.0792730 seconds
302.882: [GC302.882: [ParNew: 35643K->2602K(37632K), 0.0009670 secs] 103492K->70555K(121024K), 0.0010030 secs] [Times: user=0.01 sys=0.00, real=0.00 secs] 
302.883: Total time for which application threads were stopped: 0.0011530 seconds, Stopping threads took: 0.0000890 seconds
302.963: Application time: 0.0805050 seconds
302.963: [GC302.963: [ParNew: 36059K->1546K(37632K), 0.0006600 secs] 104012K->69571K(121024K), 0.0006890 secs] [Times: user=0.01 sys=0.00, real=0.00 secs] 
302.964: Total time for which application threads were stopped: 0.0008070 seconds, Stopping threads took: 0.0000600 seconds
303.043: Application time: 0.0785580 seconds
303.043: [GC303.043: [ParNew: 34637K->2116K(37632K), 0.0009180 secs] 102662K->70141K(121024K), 0.0009490 secs] [Times: user=0.00 sys=0.00, real=0.00 secs] 
303.044: Total time for which application threads were stopped: 0.0010930 seconds, Stopping threads took: 0.0000780 seconds
303.122: Application time: 0.0785070 seconds
303.122: [GC303.122: [ParNew: 35287K->2148K(37632K), 0.0009050 secs] 103312K->70277K(121024K), 0.0009350 secs] [Times: user=0.00 sys=0.00, real=0.00 secs] 
303.123: Total time for which application threads were stopped: 0.0010830 seconds, Stopping threads took: 0.0000860 seconds
303.204: Application time: 0.0807950 seconds
303.204: [GC303.204: [ParNew: 35601K->1546K(37632K), 0.0007160 secs] 103730K->69795K(121024K), 0.0007450 secs] [Times: user=0.00 sys=0.00, real=0.00 secs] 
303.205: Total time for which application threads were stopped: 0.0008580 seconds, Stopping threads took: 0.0000560 seconds
303.283: Application time: 0.0777780 seconds
303.283: [GC303.283: [ParNew: 34986K->3086K(37632K), 0.0011250 secs] 103235K->71335K(121024K), 0.0011560 secs] [Times: user=0.00 sys=0.00, real=0.00 secs] 
303.284: Total time for which application threads were stopped: 0.0013310 seconds, Stopping threads took: 0.0001140 seconds
303.368: Application time: 0.0841910 seconds
303.368: [GC303.369: [ParNew: 36551K->1546K(37632K), 0.0007160 secs] 104800K->69795K(121024K), 0.0007440 secs] [Times: user=0.00 sys=0.00, real=0.00 secs] 
303.369: Total time for which application threads were stopped: 0.0008750 seconds, Stopping threads took: 0.0000730 seconds
303.446: Application time: 0.0764860 seconds
303.446: [GC303.446: [ParNew: 34631K->2632K(37632K), 0.0010150 secs] 102880K->70881K(121024K), 0.0010430 secs] [Times: user=0.01 sys=0.00, real=0.00 secs] 
303.447: Total time for which application threads were stopped: 0.0011770 seconds, Stopping threads took: 0.0000750 seconds
303.527: Application time: 0.0804730 seconds
303.528: [GC303.528: [ParNew: 35647K->2604K(37632K), 0.0010150 secs] 103896K->70941K(121024K), 0.0010490 secs] [Times: user=0.01 sys=0.00, real=0.00 secs] 
303.529: Total time for which application threads were stopped: 0.0012160 seconds, Stopping threads took: 0.0001040 seconds
303.607: Application time: 0.0787140 seconds
303.608: [GC303.608: [ParNew: 35625K->1580K(37632K), 0.0007150 secs] 103962K->69997K(121024K), 0.0007450 secs] [Times: user=0.01 sys=0.00, real=0.00 secs] 
303.608: Total time for which application threads were stopped: 0.0009650 seconds, Stopping threads took: 0.0001540 seconds
303.687: Application time: 0.0791100 seconds
303.688: [GC303.688: [ParNew: 34671K->1636K(37632K), 0.0007970 secs] 103088K->70053K(121024K), 0.0008250 secs] [Times: user=0.00 sys=0.00, real=0.00 secs] 
303.688: Total time for which application threads were stopped: 0.0009870 seconds, Stopping threads took: 0.0001040 seconds
303.768: Application time: 0.0793280 seconds
303.768: [GC303.768: [ParNew: 34727K->1692K(37632K), 0.0007200 secs] 103144K->70109K(121024K), 0.0007580 secs] [Times: user=0.00 sys=0.00, real=0.00 secs] 
303.769: Total time for which application threads were stopped: 0.0009090 seconds, Stopping threads took: 0.0000940 seconds
303.850: Application time: 0.0813190 seconds
303.850: [GC303.850: [ParNew: 35149K->666K(37632K), 0.0005080 secs] 103566K->69083K(121024K), 0.0005340 secs] [Times: user=0.01 sys=0.00, real=0.00 secs] 
303.851: Total time for which application threads were stopped: 0.0006730 seconds, Stopping threads took: 0.0000850 seconds
303.931: Application time: 0.0807000 seconds
303.931: [GC303.931: [ParNew: 34112K->1178K(37632K), 0.0006620 secs] 102530K->69595K(121024K), 0.0006930 secs] [Times: user=0.01 sys=0.00, real=0.00 secs] 
303.932: Total time for which application threads were stopped: 0.0008400 seconds, Stopping threads took: 0.0000880 seconds
304.014: Application time: 0.0820480 seconds
304.015: [GC304.015: [ParNew: 34631K->668K(37632K), 0.0004360 secs] 103048K->69085K(121024K), 0.0004660 secs] [Times: user=0.00 sys=0.00, real=0.00 secs] 
304.016: Total time for which application threads were stopped: 0.0014320 seconds, Stopping threads took: 0.0009100 seconds
304.095: Application time: 0.0795600 seconds
304.095: [GC304.095: [ParNew: 33757K->724K(37632K), 0.0005250 secs] 102174K->69141K(121024K), 0.0005540 secs] [Times: user=0.00 sys=0.00, real=0.00 secs] 
304.096: Total time for which application threads were stopped: 0.0007000 seconds, Stopping threads took: 0.0000880 seconds
304.175: Application time: 0.0792940 seconds
304.175: [GC304.175: [ParNew: 33737K->752K(37632K), 0.0004580 secs] 102154K->69169K(121024K), 0.0004860 secs] [Times: user=0.00 sys=0.00, real=0.00 secs] 
304.176: Total time for which application threads were stopped: 0.0006280 seconds, Stopping threads took: 0.0000790 seconds
304.255: Application time: 0.0792480 seconds
304.255: [GC304.255: [ParNew: 33761K->1776K(37632K), 0.0007840 secs] 102178K->70193K(121024K), 0.0008140 secs] [Times: user=0.01 sys=0.00, real=0.00 secs] 
304.256: Total time for which application threads were stopped: 0.0009770 seconds, Stopping threads took: 0.0001020 seconds
304.336: Application time: 0.0803570 seconds
304.337: [GC304.337: [ParNew: 34873K->1262K(37632K), 0.0006740 secs] 103291K->69679K(121024K), 0.0007030 secs] [Times: user=0.00 sys=0.00, real=0.00 secs] 
304.337: Total time for which application threads were stopped: 0.0008240 seconds, Stopping threads took: 0.0000640 seconds
304.416: Application time: 0.0790350 seconds
304.416: [GC304.416: [ParNew: 34345K->3310K(37632K), 0.0012760 secs] 102762K->71727K(121024K), 0.0013090 secs] [Times: user=0.01 sys=0.00, real=0.00 secs] 
304.418: Total time for which application threads were stopped: 0.0014350 seconds, Stopping threads took: 0.0000630 seconds
304.501: Application time: 0.0835730 seconds
304.501: [GC304.501: [ParNew: 36775K->1036K(37632K), 0.0006340 secs] 105193K->69721K(121024K), 0.0006640 secs] [Times: user=0.00 sys=0.00, real=0.00 secs] 
304.502: Total time for which application threads were stopped: 0.0007960 seconds, Stopping threads took: 0.0000730 seconds
304.583: Application time: 0.0806340 seconds
304.583: [GC304.583: [ParNew: 34484K->1034K(37632K), 0.0005840 secs] 103170K->69719K(121024K), 0.0006160 secs] [Times: user=0.00 sys=0.00, real=0.00 secs] 
304.583: Total time for which application threads were stopped: 0.0007590 seconds, Stopping threads took: 0.0000850 seconds
304.665: Application time: 0.0812120 seconds
304.665: [GC304.665: [ParNew: 34478K->1544K(37632K), 0.0007130 secs] 103164K->70229K(121024K), 0.0007430 secs] [Times: user=0.01 sys=0.00, real=0.00 secs] 
304.666: Total time for which application threads were stopped: 0.0008870 seconds, Stopping threads took: 0.0000850 seconds
304.746: Application time: 0.0805210 seconds
304.746: [GC304.746: [ParNew: 34641K->1094K(37632K), 0.0005710 secs] 103326K->69779K(121024K), 0.0006020 secs] [Times: user=0.00 sys=0.00, real=0.00 secs] 
304.747: Total time for which application threads were stopped: 0.0007430 seconds, Stopping threads took: 0.0000680 seconds
304.827: Application time: 0.0797030 seconds
304.827: [GC304.827: [ParNew: 34107K->1124K(37632K), 0.0005510 secs] 102792K->69809K(121024K), 0.0005820 secs] [Times: user=0.01 sys=0.00, real=0.01 secs] 
304.827: Total time for which application threads were stopped: 0.0007040 seconds, Stopping threads took: 0.0000620 seconds
304.907: Application time: 0.0793780 seconds
304.907: [GC304.907: [ParNew: 34137K->1152K(37632K), 0.0005930 secs] 102822K->69838K(121024K), 0.0006210 secs] [Times: user=0.01 sys=0.00, real=0.01 secs] 
304.907: Total time for which application threads were stopped: 0.0008380 seconds, Stopping threads took: 0.0001600 seconds
304.986: Application time: 0.0788250 seconds
304.987: [GC304.987: [ParNew: 34247K->1720K(37632K), 0.0007590 secs] 102933K->70406K(121024K), 0.0007920 secs] [Times: user=0.00 sys=0.00, real=0.01 secs] 
304.987: Total time for which application threads were stopped: 0.0010190 seconds, Stopping threads took: 0.0001680 seconds
305.068: Application time: 0.0806680 seconds
305.068: [GC305.068: [ParNew: 34811K->2288K(37632K), 0.0008730 secs] 103497K->70974K(121024K), 0.0009060 secs] [Times: user=0.00 sys=0.00, real=0.00 secs] 
305.069: Total time for which application threads were stopped: 0.0010420 seconds, Stopping threads took: 0.0000760 seconds
305.151: Application time: 0.0818950 seconds
305.151: [GC305.151: [ParNew: 35745K->1034K(37632K), 0.0006080 secs] 104431K->69988K(121024K), 0.0006390 secs] [Times: user=0.00 sys=0.00, real=0.00 secs] 
305.152: Total time for which application threads were stopped: 0.0008000 seconds, Stopping threads took: 0.0000960 seconds
305.230: Application time: 0.0785250 seconds
305.230: [GC305.230: [ParNew: 34478K->2060K(37632K), 0.0008350 secs] 103432K->71014K(121024K), 0.0008670 secs] [Times: user=0.00 sys=0.00, real=0.00 secs] 
305.231: Total time for which application threads were stopped: 0.0010080 seconds, Stopping threads took: 0.0000790 seconds
305.314: Application time: 0.0826010 seconds
305.314: [GC305.314: [ParNew: 35508K->2060K(37632K), 0.0008050 secs] 104462K->71014K(121024K), 0.0008360 secs] [Times: user=0.01 sys=0.00, real=0.00 secs] 
305.315: Total time for which application threads were stopped: 0.0009940 seconds, Stopping threads took: 0.0000870 seconds
305.395: Application time: 0.0801670 seconds
305.395: [GC305.395: [ParNew: 35151K->2116K(37632K), 0.0008230 secs] 104105K->71070K(121024K), 0.0008530 secs] [Times: user=0.00 sys=0.00, real=0.00 secs] 
305.396: Total time for which application threads were stopped: 0.0010020 seconds, Stopping threads took: 0.0000900 seconds
305.475: Application time: 0.0793290 seconds
305.476: [GC305.476: [ParNew: 35129K->2602K(37632K), 0.0009750 secs] 104083K->71660K(121024K), 0.0010090 secs] [Times: user=0.00 sys=0.00, real=0.00 secs] 
305.477: Total time for which application threads were stopped: 0.0011660 seconds, Stopping threads took: 0.0000960 seconds
305.557: Application time: 0.0808610 seconds
305.558: [GC305.558: [ParNew: 35615K->2602K(37632K), 0.0009660 secs] 104673K->71732K(121024K), 0.0010000 secs] [Times: user=0.01 sys=0.00, real=0.00 secs] 
305.559: Total time for which application threads were stopped: 0.0011400 seconds, Stopping threads took: 0.0000790 seconds
305.640: Application time: 0.0810950 seconds
305.640: [GC305.640: [ParNew: 35783K->1636K(37632K), 0.0008100 secs] 104913K->70838K(121024K), 0.0008410 secs] [Times: user=0.00 sys=0.00, real=0.00 secs] 
305.641: Total time for which application threads were stopped: 0.0009860 seconds, Stopping threads took: 0.0000840 seconds
305.721: Application time: 0.0806100 seconds
305.721: [GC305.721: [ParNew: 34651K->1658K(37632K), 0.0007690 secs] 103853K->70860K(121024K), 0.0007960 secs] [Times: user=0.00 sys=0.00, real=0.00 secs] 
305.722: Total time for which application threads were stopped: 0.0009290 seconds, Stopping threads took: 0.0000740 seconds
305.801: Application time: 0.0783790 seconds
305.801: [GC305.801: [ParNew: 35104K->2176K(37632K), 0.0009000 secs] 104306K->71378K(121024K), 0.0009400 secs] [Times: user=0.01 sys=0.00, real=0.00 secs] 
305.802: Total time for which application threads were stopped: 0.0010750 seconds, Stopping threads took: 0.0000760 seconds
305.884: Application time: 0.0820470 seconds
305.884: [GC305.884: [ParNew: 35629K->1580K(37632K), 0.0006920 secs] 104831K->70910K(121024K), 0.0007230 secs] [Times: user=0.01 sys=0.00, real=0.00 secs] 
305.885: Total time for which application threads were stopped: 0.0008730 seconds, Stopping threads took: 0.0000790 seconds
305.966: Application time: 0.0816050 seconds
305.966: [GC305.966: [ParNew: 35032K->1064K(37632K), 0.0005990 secs] 104363K->70394K(121024K), 0.0006310 secs] [Times: user=0.01 sys=0.00, real=0.00 secs] 
305.967: Total time for which application threads were stopped: 0.0008060 seconds, Stopping threads took: 0.0001140 seconds
306.046: Application time: 0.0791910 seconds
306.046: [GC306.046: [ParNew: 34151K->1636K(37632K), 0.0007040 secs] 103481K->70966K(121024K), 0.0007330 secs] [Times: user=0.01 sys=0.00, real=0.00 secs] 
306.047: Total time for which application threads were stopped: 0.0008810 seconds, Stopping threads took: 0.0000890 seconds
306.125: Application time: 0.0783990 seconds
306.126: [GC306.126: [ParNew: 34645K->2176K(37632K), 0.0008730 secs] 103975K->71506K(121024K), 0.0009030 secs] [Times: user=0.00 sys=0.00, real=0.00 secs] 
306.127: Total time for which application threads were stopped: 0.0010430 seconds, Stopping threads took: 0.0000770 seconds
306.207: Application time: 0.0808500 seconds
306.207: [GC306.207: [ParNew: 35189K->2118K(37632K), 0.0008430 secs] 104519K->71588K(121024K), 0.0008740 secs] [Times: user=0.00 sys=0.00, real=0.00 secs] 
306.208: Total time for which application threads were stopped: 0.0010110 seconds, Stopping threads took: 0.0000750 seconds
306.288: Application time: 0.0800740 seconds
306.289: [GC306.289: [ParNew: 35296K->1152K(37632K), 0.0005960 secs] 104766K->70702K(121024K), 0.0006240 secs] [Times: user=0.00 sys=0.00, real=0.00 secs] 
306.289: Total time for which application threads were stopped: 0.0007650 seconds, Stopping threads took: 0.0000830 seconds
306.369: Application time: 0.0798380 seconds
306.369: [GC306.369: [ParNew: 34164K->1180K(37632K), 0.0005760 secs] 103715K->70730K(121024K), 0.0006050 secs] [Times: user=0.00 sys=0.00, real=0.00 secs] 
306.370: Total time for which application threads were stopped: 0.0007340 seconds, Stopping threads took: 0.0000700 seconds
306.451: Application time: 0.0812510 seconds
306.451: [GC306.451: [ParNew: 34626K->1692K(37632K), 0.0006560 secs] 104177K->71242K(121024K), 0.0006870 secs] [Times: user=0.00 sys=0.00, real=0.00 secs] 
306.452: Total time for which application threads were stopped: 0.0008310 seconds, Stopping threads took: 0.0000770 seconds
306.532: Application time: 0.0800180 seconds
306.532: [GC306.532: [ParNew: 35147K->1180K(37632K), 0.0021010 secs] 104697K->70730K(121024K), 0.0021320 secs] [Times: user=0.00 sys=0.00, real=0.00 secs] 
306.534: Total time for which application threads were stopped: 0.0022920 seconds, Stopping threads took: 0.0001040 seconds
306.615: Application time: 0.0809540 seconds
306.615: [GC306.615: [ParNew: 34628K->1180K(37632K), 0.0006040 secs] 104179K->70730K(121024K), 0.0006350 secs] [Times: user=0.00 sys=0.00, real=0.00 secs] 
306.616: Total time for which application threads were stopped: 0.0007890 seconds, Stopping threads took: 0.0000970 seconds
306.698: Application time: 0.0821670 seconds
306.698: [GC306.698: [ParNew: 34265K->2772K(37632K), 0.0010770 secs] 103815K->72322K(121024K), 0.0011090 secs] [Times: user=0.01 sys=0.00, real=0.00 secs] 
306.699: Total time for which application threads were stopped: 0.0012500 seconds, Stopping threads took: 0.0000810 seconds
306.786: Application time: 0.0871050 seconds
306.787: [GC306.787: [ParNew: 35787K->2092K(37632K), 0.0008930 secs] 105337K->71886K(121024K), 0.0009260 secs] [Times: user=0.01 sys=0.00, real=0.01 secs] 
306.788: Total time for which application threads were stopped: 0.0010610 seconds, Stopping threads took: 0.0000730 seconds
306.876: Application time: 0.0879930 seconds
306.876: [GC306.876: [ParNew: 35115K->582K(37632K), 0.0004080 secs] 104910K->70376K(121024K), 0.0004460 secs] [Times: user=0.01 sys=0.00, real=0.00 secs] 
306.876: Total time for which application threads were stopped: 0.0005590 seconds, Stopping threads took: 0.0000560 seconds
306.962: Application time: 0.0864030 seconds
306.963: [GC306.963: [ParNew: 33751K->1176K(37632K), 0.0005860 secs] 103546K->70970K(121024K), 0.0006170 secs] [Times: user=0.00 sys=0.00, real=0.00 secs] 
306.963: Total time for which application threads were stopped: 0.0007420 seconds, Stopping threads took: 0.0000570 seconds
307.048: Application time: 0.0852820 seconds
307.049: [GC307.049: [ParNew: 34183K->2232K(37632K), 0.0008540 secs] 103977K->72027K(121024K), 0.0008870 secs] [Times: user=0.01 sys=0.00, real=0.00 secs] 
307.050: Total time for which application threads were stopped: 0.0010250 seconds, Stopping threads took: 0.0000750 seconds
307.137: Application time: 0.0873110 seconds
307.137: [GC307.137: [ParNew: 35685K->1576K(37632K), 0.0007350 secs] 105479K->71554K(121024K), 0.0007640 secs] [Times: user=0.01 sys=0.00, real=0.00 secs] 
307.138: Total time for which application threads were stopped: 0.0009080 seconds, Stopping threads took: 0.0000850 seconds
307.226: Application time: 0.0884340 seconds
307.226: [GC307.226: [ParNew: 35030K->554K(37632K), 0.0004090 secs] 105009K->70532K(121024K), 0.0004380 secs] [Times: user=0.01 sys=0.00, real=0.00 secs] 
307.227: Total time for which application threads were stopped: 0.0006100 seconds, Stopping threads took: 0.0001140 seconds
307.311: Application time: 0.0841870 seconds
307.311: [GC307.311: [ParNew: 33990K->3114K(37632K), 0.0012210 secs] 103969K->73093K(121024K), 0.0012530 secs] [Times: user=0.01 sys=0.00, real=0.00 secs] 
307.312: Total time for which application threads were stopped: 0.0014230 seconds, Stopping threads took: 0.0001070 seconds
307.400: Application time: 0.0879020 seconds
307.400: [GC307.400: [ParNew: 36209K->3142K(37632K), 0.0011200 secs] 106188K->73201K(121024K), 0.0011490 secs] [Times: user=0.01 sys=0.00, real=0.00 secs] 
307.402: Total time for which application threads were stopped: 0.0013080 seconds, Stopping threads took: 0.0000960 seconds
307.489: Application time: 0.0873300 seconds
307.489: [GC307.489: [ParNew: 36161K->2092K(37632K), 0.0008300 secs] 106220K->72239K(121024K), 0.0008600 secs] [Times: user=0.00 sys=0.00, real=0.00 secs] 
307.490: Total time for which application threads were stopped: 0.0010040 seconds, Stopping threads took: 0.0000750 seconds
307.577: Application time: 0.0870460 seconds
307.577: [GC307.577: [ParNew: 35105K->1606K(37632K), 0.0007580 secs] 105251K->71753K(121024K), 0.0007880 secs] [Times: user=0.01 sys=0.00, real=0.00 secs] 
307.578: Total time for which application threads were stopped: 0.0009790 seconds, Stopping threads took: 0.0001350 seconds
307.664: Application time: 0.0856790 seconds
307.664: [GC307.664: [ParNew: 34777K->2202K(37632K), 0.0009070 secs] 104924K->72349K(121024K), 0.0009390 secs] [Times: user=0.01 sys=0.00, real=0.00 secs] 
307.665: Total time for which application threads were stopped: 0.0010690 seconds, Stopping threads took: 0.0000680 seconds
307.752: Application time: 0.0870070 seconds
307.752: [GC307.752: [ParNew: 35219K->1574K(37632K), 0.0007660 secs] 105366K->71905K(121024K), 0.0007960 secs] [Times: user=0.01 sys=0.00, real=0.00 secs] 
307.753: Total time for which application threads were stopped: 0.0009270 seconds, Stopping threads took: 0.0000700 seconds
307.840: Application time: 0.0875860 seconds
307.840: [GC307.840: [ParNew: 35020K->2090K(37632K), 0.0008110 secs] 105351K->72421K(121024K), 0.0008420 secs] [Times: user=0.01 sys=0.00, real=0.00 secs] 
307.841: Total time for which application threads were stopped: 0.0009750 seconds, Stopping threads took: 0.0000700 seconds
307.930: Application time: 0.0885170 seconds
307.930: [GC307.930: [ParNew: 35542K->1578K(37632K), 0.0006870 secs] 105873K->71909K(121024K), 0.0007270 secs] [Times: user=0.01 sys=0.00, real=0.00 secs] 
307.931: Total time for which application threads were stopped: 0.0008620 seconds, Stopping threads took: 0.0000720 seconds
308.018: Application time: 0.0875440 seconds
308.018: [GC308.018: [ParNew: 35026K->1064K(37632K), 0.0005610 secs] 105357K->71395K(121024K), 0.0005900 secs] [Times: user=0.00 sys=0.00, real=0.00 secs] 
308.019: Total time for which application threads were stopped: 0.0007810 seconds, Stopping threads took: 0.0001210 seconds
308.104: Application time: 0.0855250 seconds
308.105: [GC308.105: [ParNew: 34153K->1634K(37632K), 0.0006930 secs] 104484K->71965K(121024K), 0.0007240 secs] [Times: user=0.00 sys=0.00, real=0.00 secs] 
308.105: Total time for which application threads were stopped: 0.0009200 seconds, Stopping threads took: 0.0001380 seconds
308.192: Application time: 0.0868810 seconds
308.192: [GC308.192: [ParNew: 34649K->1664K(37632K), 0.0007100 secs] 104980K->71995K(121024K), 0.0007400 secs] [Times: user=0.00 sys=0.00, real=0.00 secs] 
308.193: Total time for which application threads were stopped: 0.0008710 seconds, Stopping threads took: 0.0000710 seconds
308.279: Application time: 0.0855560 seconds
308.279: [GC308.279: [ParNew: 34757K->1720K(37632K), 0.0007440 secs] 105088K->72051K(121024K), 0.0007740 secs] [Times: user=0.00 sys=0.00, real=0.00 secs] 
308.280: Total time for which application threads were stopped: 0.0009010 seconds, Stopping threads took: 0.0000690 seconds
308.366: Application time: 0.0865330 seconds
308.366: [GC308.366: [ParNew: 34813K->1776K(37632K), 0.0007490 secs] 105144K->72107K(121024K), 0.0007850 secs] [Times: user=0.01 sys=0.00, real=0.01 secs] 
308.367: Total time for which application threads were stopped: 0.0009460 seconds, Stopping threads took: 0.0000980 seconds
308.454: Application time: 0.0865690 seconds
308.454: [GC308.454: [ParNew: 34791K->1776K(37632K), 0.0006850 secs] 105122K->72107K(121024K), 0.0007160 secs] [Times: user=0.00 sys=0.00, real=0.00 secs] 
308.455: Total time for which application threads were stopped: 0.0008460 seconds, Stopping threads took: 0.0000700 seconds
308.541: Application time: 0.0866670 seconds
308.541: [GC308.541: [ParNew: 35221K->2286K(37632K), 0.0009500 secs] 105552K->72617K(121024K), 0.0009810 secs] [Times: user=0.00 sys=0.00, real=0.00 secs] 
308.542: Total time for which application threads were stopped: 0.0011330 seconds, Stopping threads took: 0.0000800 seconds
308.628: Application time: 0.0860810 seconds
308.629: [GC308.629: [ParNew: 35737K->2090K(37632K), 0.0009710 secs] 106068K->72657K(121024K), 0.0010000 secs] [Times: user=0.01 sys=0.00, real=0.00 secs] 
308.630: Total time for which application threads were stopped: 0.0011290 seconds, Stopping threads took: 0.0000680 seconds
308.718: Application time: 0.0880090 seconds
308.718: [GC308.718: [ParNew: 35538K->2088K(37632K), 0.0009290 secs] 106106K->72655K(121024K), 0.0009590 secs] [Times: user=0.01 sys=0.00, real=0.00 secs] 
308.719: Total time for which application threads were stopped: 0.0010850 seconds, Stopping threads took: 0.0000650 seconds
308.803: Application time: 0.0842510 seconds
308.803: [GC308.803: [ParNew: 35175K->3168K(37632K), 0.0011250 secs] 105742K->73735K(121024K), 0.0011600 secs] [Times: user=0.01 sys=0.01, real=0.00 secs] 
308.804: Total time for which application threads were stopped: 0.0012920 seconds, Stopping threads took: 0.0000680 seconds
308.891: Application time: 0.0869850 seconds
308.891: [GC308.891: [ParNew: 36183K->2602K(37632K), 0.0009990 secs] 106750K->73297K(121024K), 0.0010300 secs] [Times: user=0.01 sys=0.00, real=0.00 secs] 
308.892: Total time for which application threads were stopped: 0.0011720 seconds, Stopping threads took: 0.0000810 seconds
308.980: Application time: 0.0873220 seconds
308.980: [GC308.980: [ParNew: 35693K->2632K(37632K), 0.0009740 secs] 106388K->73399K(121024K), 0.0010080 secs] [Times: user=0.01 sys=0.00, real=0.00 secs] 
308.981: Total time for which application threads were stopped: 0.0011490 seconds, Stopping threads took: 0.0000770 seconds
309.067: Application time: 0.0864510 seconds
309.067: [GC309.067: [ParNew: 35729K->2118K(37632K), 0.0009200 secs] 106496K->72989K(121024K), 0.0009600 secs] [Times: user=0.00 sys=0.00, real=0.00 secs] 
309.068: Total time for which application threads were stopped: 0.0011050 seconds, Stopping threads took: 0.0000720 seconds
309.154: Application time: 0.0859560 seconds
309.154: [GC309.154: [ParNew: 35131K->2090K(37632K), 0.0008470 secs] 106002K->73049K(121024K), 0.0008800 secs] [Times: user=0.01 sys=0.00, real=0.01 secs] 
309.155: Total time for which application threads were stopped: 0.0010230 seconds, Stopping threads took: 0.0000810 seconds
309.241: Application time: 0.0857540 seconds
309.241: [GC309.241: [ParNew: 35540K->1578K(37632K), 0.0007870 secs] 106500K->72537K(121024K), 0.0008150 secs] [Times: user=0.01 sys=0.00, real=0.00 secs] 
309.242: Total time for which application threads were stopped: 0.0010320 seconds, Stopping threads took: 0.0001580 seconds
309.331: Application time: 0.0893280 seconds
309.332: [GC309.332: [ParNew: 35034K->1066K(37632K), 0.0006020 secs] 105994K->72025K(121024K), 0.0006330 secs] [Times: user=0.01 sys=0.00, real=0.00 secs] 
309.332: Total time for which application threads were stopped: 0.0007730 seconds, Stopping threads took: 0.0000820 seconds
309.420: Application time: 0.0875780 seconds
309.420: [GC309.420: [ParNew: 34514K->1062K(37632K), 0.0005280 secs] 105474K->72021K(121024K), 0.0005590 secs] [Times: user=0.00 sys=0.00, real=0.00 secs] 
309.421: Total time for which application threads were stopped: 0.0007030 seconds, Stopping threads took: 0.0000850 seconds
309.505: Application time: 0.0842630 seconds
309.505: [GC309.505: [ParNew: 34149K->2148K(37632K), 0.0008400 secs] 105108K->73107K(121024K), 0.0008710 secs] [Times: user=0.01 sys=0.00, real=0.00 secs] 
309.506: Total time for which application threads were stopped: 0.0010080 seconds, Stopping threads took: 0.0000760 seconds
309.593: Application time: 0.0867910 seconds
309.593: [GC309.593: [ParNew: 35163K->2088K(37632K), 0.0009340 secs] 106122K->73155K(121024K), 0.0009660 secs] [Times: user=0.01 sys=0.00, real=0.00 secs] 
309.594: Total time for which application threads were stopped: 0.0011500 seconds, Stopping threads took: 0.0001120 seconds
309.680: Application time: 0.0866750 seconds
309.681: [GC309.681: [ParNew: 35267K->1152K(37632K), 0.0005600 secs] 106335K->72220K(121024K), 0.0005910 secs] [Times: user=0.01 sys=0.00, real=0.00 secs] 
309.681: Total time for which application threads were stopped: 0.0007180 seconds, Stopping threads took: 0.0000680 seconds
309.767: Application time: 0.0863370 seconds
309.768: [GC309.768: [ParNew: 34163K->1180K(37632K), 0.0005680 secs] 105230K->72248K(121024K), 0.0005980 secs] [Times: user=0.00 sys=0.00, real=0.00 secs] 
309.768: Total time for which application threads were stopped: 0.0007160 seconds, Stopping threads took: 0.0000620 seconds
309.854: Application time: 0.0860290 seconds
309.854: [GC309.854: [ParNew: 34191K->1718K(37632K), 0.0007690 secs] 105258K->72786K(121024K), 0.0008000 secs] [Times: user=0.00 sys=0.00, real=0.01 secs] 
309.855: Total time for which application threads were stopped: 0.0010050 seconds, Stopping threads took: 0.0001430 seconds
309.942: Application time: 0.0863190 seconds
309.942: [GC309.942: [ParNew: 35164K->2742K(37632K), 0.0011090 secs] 106232K->73810K(121024K), 0.0011400 secs] [Times: user=0.01 sys=0.00, real=0.00 secs] 
309.943: Total time for which application threads were stopped: 0.0012830 seconds, Stopping threads took: 0.0000770 seconds
310.032: Application time: 0.0894960 seconds
310.032: [GC310.032: [ParNew: 36203K->1032K(37632K), 0.0005940 secs] 107271K->72311K(121024K), 0.0006220 secs] [Times: user=0.00 sys=0.00, real=0.00 secs] 
310.033: Total time for which application threads were stopped: 0.0007400 seconds, Stopping threads took: 0.0000590 seconds
310.119: Application time: 0.0863340 seconds
310.120: [GC310.120: [ParNew: 34478K->1546K(37632K), 0.0007630 secs] 105758K->72825K(121024K), 0.0007910 secs] [Times: user=0.01 sys=0.00, real=0.00 secs] 
310.120: Total time for which application threads were stopped: 0.0009480 seconds, Stopping threads took: 0.0000780 seconds
310.206: Application time: 0.0853280 seconds
310.206: [GC310.206: [ParNew: 34635K->2120K(37632K), 0.0008380 secs] 105914K->73400K(121024K), 0.0008680 secs] [Times: user=0.00 sys=0.00, real=0.00 secs] 
310.207: Total time for which application threads were stopped: 0.0010070 seconds, Stopping threads took: 0.0000770 seconds
310.291: Application time: 0.0839890 seconds
310.291: [GC310.291: [ParNew: 35203K->3656K(37632K), 0.0013310 secs] 106483K->75040K(121024K), 0.0013650 secs] [Times: user=0.01 sys=0.00, real=0.00 secs] 
310.292: Total time for which application threads were stopped: 0.0015100 seconds, Stopping threads took: 0.0000820 seconds
310.379: Application time: 0.0868470 seconds
310.379: [GC310.379: [ParNew: 36757K->2116K(37632K), 0.0008420 secs] 108141K->73588K(121024K), 0.0008750 secs] [Times: user=0.01 sys=0.00, real=0.00 secs] 
310.380: Total time for which application threads were stopped: 0.0010160 seconds, Stopping threads took: 0.0000780 seconds
310.467: Application time: 0.0866270 seconds
310.467: [GC310.467: [ParNew: 35133K->2088K(37632K), 0.0008480 secs] 106605K->73672K(121024K), 0.0008800 secs] [Times: user=0.00 sys=0.00, real=0.01 secs] 
310.468: Total time for which application threads were stopped: 0.0010110 seconds, Stopping threads took: 0.0000700 seconds
310.556: Application time: 0.0878550 seconds
310.556: [GC310.556: [ParNew: 35105K->1606K(37632K), 0.0006970 secs] 106689K->73190K(121024K), 0.0007280 secs] [Times: user=0.00 sys=0.00, real=0.00 secs] 
310.556: Total time for which application threads were stopped: 0.0008620 seconds, Stopping threads took: 0.0000750 seconds
310.644: Application time: 0.0880180 seconds
310.645: [GC310.645: [ParNew: 35060K->1096K(37632K), 0.0005470 secs] 106644K->72680K(121024K), 0.0005790 secs] [Times: user=0.00 sys=0.00, real=0.00 secs] 
310.645: Total time for which application threads were stopped: 0.0007120 seconds, Stopping threads took: 0.0000680 seconds
310.728: Application time: 0.0824150 seconds
310.728: [GC310.728: [ParNew: 34546K->1092K(37632K), 0.0006510 secs] 106130K->72676K(121024K), 0.0006820 secs] [Times: user=0.00 sys=0.00, real=0.00 secs] 
310.728: Total time for which application threads were stopped: 0.0008170 seconds, Stopping threads took: 0.0000760 seconds
310.809: Application time: 0.0810030 seconds
310.810: [GC310.810: [ParNew: 34542K->1096K(37632K), 0.0005440 secs] 106126K->72680K(121024K), 0.0005730 secs] [Times: user=0.00 sys=0.00, real=0.00 secs] 
310.810: Total time for which application threads were stopped: 0.0007980 seconds, Stopping threads took: 0.0001680 seconds
310.889: Application time: 0.0790690 seconds
310.889: [GC310.889: [ParNew: 34107K->1122K(37632K), 0.0006150 secs] 105691K->72706K(121024K), 0.0006460 secs] [Times: user=0.00 sys=0.00, real=0.00 secs] 
310.890: Total time for which application threads were stopped: 0.0008250 seconds, Stopping threads took: 0.0001210 seconds
310.969: Application time: 0.0787770 seconds
310.969: [GC310.969: [ParNew: 34367K->2258K(37632K), 0.0009250 secs] 105951K->73842K(121024K), 0.0009540 secs] [Times: user=0.01 sys=0.00, real=0.00 secs] 
310.970: Total time for which application threads were stopped: 0.0011470 seconds, Stopping threads took: 0.0001350 seconds
311.050: Application time: 0.0799910 seconds
311.050: [GC311.050: [ParNew: 35275K->2602K(37632K), 0.0010290 secs] 106859K->74426K(121024K), 0.0010590 secs] [Times: user=0.00 sys=0.00, real=0.00 secs] 
311.051: Total time for which application threads were stopped: 0.0011940 seconds, Stopping threads took: 0.0000730 seconds
311.131: Application time: 0.0797120 seconds
311.131: [GC311.131: [ParNew: 35621K->2092K(37632K), 0.0008890 secs] 107445K->73980K(121024K), 0.0009240 secs] [Times: user=0.00 sys=0.00, real=0.00 secs] 
311.132: Total time for which application threads were stopped: 0.0010600 seconds, Stopping threads took: 0.0000760 seconds
311.212: Application time: 0.0803140 seconds
311.213: [GC311.213: [ParNew: 35105K->1608K(37632K), 0.0006840 secs] 106993K->73496K(121024K), 0.0007230 secs] [Times: user=0.01 sys=0.00, real=0.00 secs] 
311.213: Total time for which application threads were stopped: 0.0009280 seconds, Stopping threads took: 0.0001380 seconds
311.294: Application time: 0.0810430 seconds
311.294: [GC311.294: [ParNew: 35062K->1608K(37632K), 0.0007470 secs] 106951K->73496K(121024K), 0.0007780 secs] [Times: user=0.00 sys=0.00, real=0.01 secs] 
311.295: Total time for which application threads were stopped: 0.0009080 seconds, Stopping threads took: 0.0000720 seconds
311.376: Application time: 0.0810470 seconds
311.376: [GC311.376: [ParNew: 35056K->2632K(37632K), 0.0009710 secs] 106945K->74520K(121024K), 0.0010040 secs] [Times: user=0.01 sys=0.00, real=0.00 secs] 
311.377: Total time for which application threads were stopped: 0.0011540 seconds, Stopping threads took: 0.0000880 seconds
311.462: Application time: 0.0843670 seconds
311.462: [GC311.462: [ParNew: 36093K->1034K(37632K), 0.0005520 secs] 107981K->73002K(121024K), 0.0005810 secs] [Times: user=0.00 sys=0.00, real=0.00 secs] 
311.462: Total time for which application threads were stopped: 0.0007110 seconds, Stopping threads took: 0.0000730 seconds
311.544: Application time: 0.0814600 seconds
311.544: [GC311.544: [ParNew: 34133K->68K(37632K), 0.0003200 secs] 106101K->72036K(121024K), 0.0003560 secs] [Times: user=0.00 sys=0.00, real=0.00 secs] 
311.544: Total time for which application threads were stopped: 0.0004780 seconds, Stopping threads took: 0.0000680 seconds
311.623: Application time: 0.0787590 seconds
311.623: [GC311.623: [ParNew: 33239K->668K(37632K), 0.0004540 secs] 105207K->72636K(121024K), 0.0004840 secs] [Times: user=0.01 sys=0.00, real=0.00 secs] 
311.624: Total time for which application threads were stopped: 0.0007030 seconds, Stopping threads took: 0.0001650 seconds
311.703: Application time: 0.0793390 seconds
311.703: [GC311.703: [ParNew: 33674K->2230K(37632K), 0.0009750 secs] 105643K->74198K(121024K), 0.0010050 secs] [Times: user=0.01 sys=0.00, real=0.00 secs] 
311.704: Total time for which application threads were stopped: 0.0011660 seconds, Stopping threads took: 0.0001020 seconds
311.784: Application time: 0.0791360 seconds
311.784: [GC311.784: [ParNew: 35241K->2116K(37632K), 0.0009200 secs] 107209K->74276K(121024K), 0.0009510 secs] [Times: user=0.01 sys=0.00, real=0.00 secs] 
311.785: Total time for which application threads were stopped: 0.0010910 seconds, Stopping threads took: 0.0000710 seconds
311.865: Application time: 0.0806390 seconds
311.865: [GC311.865: [ParNew: 35131K->2120K(37632K), 0.0008660 secs] 107291K->74360K(121024K), 0.0008950 secs] [Times: user=0.01 sys=0.00, real=0.00 secs] 
311.866: Total time for which application threads were stopped: 0.0010620 seconds, Stopping threads took: 0.0001070 seconds
311.948: Application time: 0.0818210 seconds
311.948: [GC311.948: [ParNew: 35579K->1066K(37632K), 0.0006310 secs] 107819K->73370K(121024K), 0.0006610 secs] [Times: user=0.00 sys=0.00, real=0.00 secs] 
311.949: Total time for which application threads were stopped: 0.0008150 seconds, Stopping threads took: 0.0000950 seconds
312.031: Application time: 0.0816370 seconds
312.031: [GC312.031: [ParNew: 34514K->1066K(37632K), 0.0005980 secs] 106819K->73370K(121024K), 0.0006270 secs] [Times: user=0.00 sys=0.00, real=0.00 secs] 
312.031: Total time for which application threads were stopped: 0.0007770 seconds, Stopping threads took: 0.0000900 seconds
312.111: Application time: 0.0798720 seconds
312.111: [GC312.111: [ParNew: 34508K->2090K(37632K), 0.0008120 secs] 106813K->74394K(121024K), 0.0008430 secs] [Times: user=0.01 sys=0.00, real=0.00 secs] 
312.112: Total time for which application threads were stopped: 0.0009860 seconds, Stopping threads took: 0.0000850 seconds
312.192: Application time: 0.0794510 seconds
312.192: [GC312.192: [ParNew: 35181K->2148K(37632K), 0.0009120 secs] 107486K->74452K(121024K), 0.0009410 secs] [Times: user=0.01 sys=0.00, real=0.00 secs] 
312.193: Total time for which application threads were stopped: 0.0010680 seconds, Stopping threads took: 0.0000700 seconds
312.273: Application time: 0.0797540 seconds
312.273: [GC312.273: [ParNew: 35323K->2148K(37632K), 0.0008960 secs] 107628K->74581K(121024K), 0.0009360 secs] [Times: user=0.01 sys=0.00, real=0.00 secs] 
312.274: Total time for which application threads were stopped: 0.0010570 seconds, Stopping threads took: 0.0000640 seconds
312.354: Application time: 0.0803330 seconds
312.354: [GC312.354: [ParNew: 35165K->1578K(37632K), 0.0007490 secs] 107597K->74131K(121024K), 0.0007790 secs] [Times: user=0.00 sys=0.00, real=0.00 secs] 
312.355: Total time for which application threads were stopped: 0.0009690 seconds, Stopping threads took: 0.0001250 seconds
312.435: Application time: 0.0796810 seconds
312.435: [GC312.435: [ParNew: 34597K->1096K(37632K), 0.0005730 secs] 107150K->73649K(121024K), 0.0006050 secs] [Times: user=0.01 sys=0.00, real=0.01 secs] 
312.435: Total time for which application threads were stopped: 0.0007720 seconds, Stopping threads took: 0.0001080 seconds
312.514: Application time: 0.0791120 seconds
312.515: [GC312.515: [ParNew: 34102K->2660K(37632K), 0.0009890 secs] 106655K->75213K(121024K), 0.0010230 secs] [Times: user=0.01 sys=0.00, real=0.01 secs] 
312.516: Total time for which application threads were stopped: 0.0011810 seconds, Stopping threads took: 0.0000960 seconds
312.598: Application time: 0.0819200 seconds
312.598: [GC312.598: [ParNew: 36111K->2570K(37632K), 0.0010360 secs] 108663K->75263K(121024K), 0.0010650 secs] [Times: user=0.01 sys=0.00, real=0.00 secs] 
312.599: Total time for which application threads were stopped: 0.0011980 seconds, Stopping threads took: 0.0000730 seconds
312.680: Application time: 0.0811590 seconds
312.680: [GC312.680: [ParNew: 36020K->2572K(37632K), 0.0010360 secs] 108713K->75265K(121024K), 0.0010670 secs] [Times: user=0.01 sys=0.00, real=0.00 secs] 
312.681: Total time for which application threads were stopped: 0.0012040 seconds, Stopping threads took: 0.0000790 seconds
312.761: Application time: 0.0799180 seconds
312.761: [GC312.761: [ParNew: 36020K->2570K(37632K), 0.0009850 secs] 108713K->75263K(121024K), 0.0010170 secs] [Times: user=0.00 sys=0.00, real=0.00 secs] 
312.762: Total time for which application threads were stopped: 0.0011690 seconds, Stopping threads took: 0.0000910 seconds
312.842: Application time: 0.0797190 seconds
312.842: [GC312.842: [ParNew: 35661K->2118K(37632K), 0.0008920 secs] 108354K->74811K(121024K), 0.0009220 secs] [Times: user=0.01 sys=0.00, real=0.00 secs] 
312.843: Total time for which application threads were stopped: 0.0010580 seconds, Stopping threads took: 0.0000790 seconds
312.923: Application time: 0.0801420 seconds
312.923: [GC312.923: [ParNew: 35217K->1606K(37632K), 0.0007570 secs] 107910K->74411K(121024K), 0.0007870 secs] [Times: user=0.01 sys=0.00, real=0.00 secs] 
312.924: Total time for which application threads were stopped: 0.0009480 seconds, Stopping threads took: 0.0000910 seconds
313.004: Application time: 0.0802330 seconds
313.004: [GC313.004: [ParNew: 34701K->1664K(37632K), 0.0007490 secs] 107506K->74469K(121024K), 0.0007780 secs] [Times: user=0.01 sys=0.00, real=0.00 secs] 
313.005: Total time for which application threads were stopped: 0.0009100 seconds, Stopping threads took: 0.0000740 seconds
313.084: Application time: 0.0790480 seconds
313.084: [GC313.084: [ParNew: 34673K->2204K(37632K), 0.0008880 secs] 107478K->75009K(121024K), 0.0009180 secs] [Times: user=0.01 sys=0.00, real=0.00 secs] 
313.085: Total time for which application threads were stopped: 0.0010890 seconds, Stopping threads took: 0.0001100 seconds
313.165: Application time: 0.0795760 seconds
313.165: [GC313.165: [ParNew: 35217K->2120K(37632K), 0.0008940 secs] 108022K->75089K(121024K), 0.0009230 secs] [Times: user=0.01 sys=0.00, real=0.00 secs] 
313.166: Total time for which application threads were stopped: 0.0010650 seconds, Stopping threads took: 0.0000840 seconds
313.249: Application time: 0.0829390 seconds
313.249: [GC313.249: [ParNew: 35581K->1066K(37632K), 0.0005460 secs] 108550K->74099K(121024K), 0.0005750 secs] [Times: user=0.01 sys=0.00, real=0.00 secs] 
313.250: Total time for which application threads were stopped: 0.0007100 seconds, Stopping threads took: 0.0000700 seconds
313.329: Application time: 0.0796720 seconds
313.329: [GC313.330: [ParNew: 34514K->1580K(37632K), 0.0006660 secs] 107547K->74613K(121024K), 0.0006960 secs] [Times: user=0.01 sys=0.00, real=0.00 secs] 
313.330: Total time for which application threads were stopped: 0.0008380 seconds, Stopping threads took: 0.0000820 seconds
313.412: Application time: 0.0815940 seconds
313.412: [GC313.412: [ParNew: 35032K->1064K(37632K), 0.0005290 secs] 108066K->74097K(121024K), 0.0005600 secs] [Times: user=0.01 sys=0.00, real=0.00 secs] 
313.413: Total time for which application threads were stopped: 0.0006960 seconds, Stopping threads took: 0.0000760 seconds
313.494: Application time: 0.0813670 seconds
313.494: [GC313.494: [ParNew: 34237K->1152K(37632K), 0.0005800 secs] 107270K->74185K(121024K), 0.0006080 secs] [Times: user=0.01 sys=0.00, real=0.00 secs] 
313.495: Total time for which application threads were stopped: 0.0007540 seconds, Stopping threads took: 0.0000790 seconds
313.573: Application time: 0.0786660 seconds
313.573: [GC313.573: [ParNew: 34163K->1692K(37632K), 0.0007040 secs] 107196K->74725K(121024K), 0.0007370 secs] [Times: user=0.00 sys=0.00, real=0.00 secs] 
313.574: Total time for which application threads were stopped: 0.0008720 seconds, Stopping threads took: 0.0000750 seconds
313.655: Application time: 0.0804150 seconds
313.655: [GC313.655: [ParNew: 34781K->2260K(37632K), 0.0008620 secs] 107814K->75293K(121024K), 0.0008950 secs] [Times: user=0.01 sys=0.00, real=0.01 secs] 
313.656: Total time for which application threads were stopped: 0.0010420 seconds, Stopping threads took: 0.0000880 seconds
313.737: Application time: 0.0815690 seconds
313.737: [GC313.737: [ParNew: 35281K->1068K(37632K), 0.0006250 secs] 108314K->74337K(121024K), 0.0006540 secs] [Times: user=0.00 sys=0.00, real=0.00 secs] 
313.738: Total time for which application threads were stopped: 0.0007860 seconds, Stopping threads took: 0.0000730 seconds
313.817: Application time: 0.0790800 seconds
313.817: [GC313.817: [ParNew: 34078K->1606K(37632K), 0.0007100 secs] 107348K->74875K(121024K), 0.0007410 secs] [Times: user=0.01 sys=0.00, real=0.00 secs] 
313.818: Total time for which application threads were stopped: 0.0008900 seconds, Stopping threads took: 0.0000900 seconds
313.901: Application time: 0.0829710 seconds
313.901: [GC313.901: [ParNew: 35067K->584K(37632K), 0.0004160 secs] 108336K->73853K(121024K), 0.0004440 secs] [Times: user=0.00 sys=0.00, real=0.00 secs] 
313.902: Total time for which application threads were stopped: 0.0005690 seconds, Stopping threads took: 0.0000680 seconds
313.984: Application time: 0.0821770 seconds
313.984: [GC313.984: [ParNew: 34034K->582K(37632K), 0.0004100 secs] 107304K->73851K(121024K), 0.0004380 secs] [Times: user=0.00 sys=0.00, real=0.00 secs] 
313.984: Total time for which application threads were stopped: 0.0005640 seconds, Stopping threads took: 0.0000670 seconds
314.063: Application time: 0.0782690 seconds
314.063: [GC314.063: [ParNew: 33590K->1636K(37632K), 0.0007160 secs] 106860K->74905K(121024K), 0.0007450 secs] [Times: user=0.00 sys=0.00, real=0.00 secs] 
314.063: Total time for which application threads were stopped: 0.0008910 seconds, Stopping threads took: 0.0000750 seconds
314.143: Application time: 0.0799260 seconds
314.143: [GC314.143: [ParNew: 34727K->2202K(37632K), 0.0009250 secs] 107996K->75471K(121024K), 0.0009550 secs] [Times: user=0.00 sys=0.00, real=0.00 secs] 
314.144: Total time for which application threads were stopped: 0.0010920 seconds, Stopping threads took: 0.0000770 seconds
314.224: Application time: 0.0794110 seconds
314.224: [GC314.224: [ParNew: 35215K->2090K(37632K), 0.0009200 secs] 108484K->75535K(121024K), 0.0009500 secs] [Times: user=0.01 sys=0.00, real=0.00 secs] 
314.225: Total time for which application threads were stopped: 0.0010860 seconds, Stopping threads took: 0.0000760 seconds
314.304: Application time: 0.0791730 seconds
314.304: [GC314.304: [ParNew: 35185K->2146K(37632K), 0.0008210 secs] 108631K->75591K(121024K), 0.0008630 secs] [Times: user=0.00 sys=0.00, real=0.00 secs] 
314.305: Total time for which application threads were stopped: 0.0009920 seconds, Stopping threads took: 0.0000670 seconds
314.386: Application time: 0.0805840 seconds
314.386: [GC314.386: [ParNew: 35159K->1578K(37632K), 0.0008010 secs] 108604K->75155K(121024K), 0.0008320 secs] [Times: user=0.00 sys=0.00, real=0.00 secs] 
314.387: Total time for which application threads were stopped: 0.0010310 seconds, Stopping threads took: 0.0001410 seconds
314.466: Application time: 0.0792240 seconds
314.466: [GC314.466: [ParNew: 34592K->2114K(37632K), 0.0009220 secs] 108170K->75691K(121024K), 0.0009620 secs] [Times: user=0.00 sys=0.00, real=0.01 secs] 
314.467: Total time for which application threads were stopped: 0.0011640 seconds, Stopping threads took: 0.0001430 seconds
314.549: Application time: 0.0817440 seconds
314.549: [GC314.549: [ParNew: 35558K->2604K(37632K), 0.0009820 secs] 109136K->76253K(121024K), 0.0010120 secs] [Times: user=0.00 sys=0.00, real=0.00 secs] 
314.550: Total time for which application threads were stopped: 0.0011430 seconds, Stopping threads took: 0.0000700 seconds
314.631: Application time: 0.0806080 seconds
314.631: [GC314.631: [ParNew: 36050K->3086K(37632K), 0.0011150 secs] 109700K->76799K(121024K), 0.0011460 secs] [Times: user=0.01 sys=0.00, real=0.00 secs] 
314.632: Total time for which application threads were stopped: 0.0012860 seconds, Stopping threads took: 0.0000710 seconds
314.716: Application time: 0.0837870 seconds
314.716: [GC314.716: [ParNew: 36097K->3116K(37632K), 0.0010910 secs] 109810K->76830K(121024K), 0.0011240 secs] [Times: user=0.01 sys=0.00, real=0.00 secs] 
314.717: Total time for which application threads were stopped: 0.0012600 seconds, Stopping threads took: 0.0000750 seconds
314.804: Application time: 0.0870390 seconds
314.804: [GC314.804: [ParNew: 36215K->2120K(37632K), 0.0009010 secs] 109929K->75898K(121024K), 0.0009340 secs] [Times: user=0.00 sys=0.00, real=0.00 secs] 
314.805: Total time for which application threads were stopped: 0.0010980 seconds, Stopping threads took: 0.0001020 seconds
314.891: Application time: 0.0856650 seconds
314.891: [GC314.891: [ParNew: 35131K->2088K(37632K), 0.0009000 secs] 108908K->75970K(121024K), 0.0009310 secs] [Times: user=0.01 sys=0.00, real=0.00 secs] 
314.892: Total time for which application threads were stopped: 0.0010710 seconds, Stopping threads took: 0.0000810 seconds
314.977: Application time: 0.0848620 seconds
314.977: [GC314.977: [ParNew: 35181K->2148K(37632K), 0.0008270 secs] 109063K->76030K(121024K), 0.0008600 secs] [Times: user=0.00 sys=0.00, real=0.00 secs] 
314.978: Total time for which application threads were stopped: 0.0010120 seconds, Stopping threads took: 0.0000880 seconds
315.063: Application time: 0.0853540 seconds
315.063: [GC315.063: [ParNew: 35163K->2086K(37632K), 0.0008570 secs] 109044K->76108K(121024K), 0.0008900 secs] [Times: user=0.01 sys=0.00, real=0.00 secs] 
315.064: Total time for which application threads were stopped: 0.0010410 seconds, Stopping threads took: 0.0000890 seconds
315.152: Application time: 0.0876260 seconds
315.152: [GC315.152: [ParNew: 35103K->1608K(37632K), 0.0006680 secs] 109124K->75630K(121024K), 0.0006990 secs] [Times: user=0.00 sys=0.00, real=0.00 secs] 
315.153: Total time for which application threads were stopped: 0.0008630 seconds, Stopping threads took: 0.0000910 seconds
315.240: Application time: 0.0874020 seconds
315.240: [GC315.240: [ParNew: 35063K->1094K(37632K), 0.0006010 secs] 109084K->75116K(121024K), 0.0006280 secs] [Times: user=0.00 sys=0.00, real=0.00 secs] 
315.241: Total time for which application threads were stopped: 0.0007610 seconds, Stopping threads took: 0.0000730 seconds
315.327: Application time: 0.0863330 seconds
315.327: [GC315.327: [ParNew: 34540K->2118K(37632K), 0.0009190 secs] 108562K->76140K(121024K), 0.0009510 secs] [Times: user=0.01 sys=0.00, real=0.00 secs] 
315.328: Total time for which application threads were stopped: 0.0011090 seconds, Stopping threads took: 0.0000860 seconds
315.414: Application time: 0.0857940 seconds
315.414: [GC315.414: [ParNew: 35129K->2118K(37632K), 0.0009680 secs] 109151K->76188K(121024K), 0.0009980 secs] [Times: user=0.01 sys=0.00, real=0.01 secs] 
315.415: Total time for which application threads were stopped: 0.0011420 seconds, Stopping threads took: 0.0000820 seconds
315.502: Application time: 0.0863880 seconds
315.502: [GC315.502: [ParNew: 35211K->2660K(37632K), 0.0009620 secs] 109281K->76794K(121024K), 0.0009920 secs] [Times: user=0.01 sys=0.00, real=0.00 secs] 
315.503: Total time for which application threads were stopped: 0.0011710 seconds, Stopping threads took: 0.0001180 seconds
315.589: Application time: 0.0858020 seconds
315.589: [GC315.589: [ParNew: 35753K->2120K(37632K), 0.0009340 secs] 109887K->76382K(121024K), 0.0009630 secs] [Times: user=0.01 sys=0.00, real=0.00 secs] 
315.590: Total time for which application threads were stopped: 0.0011020 seconds, Stopping threads took: 0.0000770 seconds
315.677: Application time: 0.0875670 seconds
315.677: [GC315.677: [ParNew: 35133K->2088K(37632K), 0.0008290 secs] 109395K->76454K(121024K), 0.0008640 secs] [Times: user=0.00 sys=0.00, real=0.00 secs] 
315.678: Total time for which application threads were stopped: 0.0010240 seconds, Stopping threads took: 0.0000870 seconds
315.765: Application time: 0.0863610 seconds
315.765: [GC315.765: [ParNew: 35536K->2602K(37632K), 0.0010410 secs] 109903K->76968K(121024K), 0.0010720 secs] [Times: user=0.01 sys=0.00, real=0.00 secs] 
315.766: Total time for which application threads were stopped: 0.0012200 seconds, Stopping threads took: 0.0000850 seconds
315.852: Application time: 0.0865430 seconds
315.852: [GC315.852: [ParNew: 35697K->2120K(37632K), 0.0008780 secs] 110063K->76542K(121024K), 0.0009120 secs] [Times: user=0.01 sys=0.00, real=0.00 secs] 
315.853: Total time for which application threads were stopped: 0.0010430 seconds, Stopping threads took: 0.0000690 seconds
315.944: Application time: 0.0906430 seconds
315.944: [GC315.944: [ParNew: 35577K->1036K(37632K), 0.0005800 secs] 109999K->75562K(121024K), 0.0006100 secs] [Times: user=0.01 sys=0.00, real=0.00 secs] 
315.945: Total time for which application threads were stopped: 0.0007540 seconds, Stopping threads took: 0.0000850 seconds
316.030: Application time: 0.0853560 seconds
316.030: [GC316.030: [ParNew: 34482K->1548K(37632K), 0.0006680 secs] 109008K->76074K(121024K), 0.0006990 secs] [Times: user=0.01 sys=0.00, real=0.00 secs] 
316.031: Total time for which application threads were stopped: 0.0008400 seconds, Stopping threads took: 0.0000790 seconds
316.116: Application time: 0.0850770 seconds
316.116: [GC316.116: [ParNew: 34558K->2090K(37632K), 0.0008240 secs] 109085K->76616K(121024K), 0.0008530 secs] [Times: user=0.00 sys=0.00, real=0.00 secs] 
316.117: Total time for which application threads were stopped: 0.0010990 seconds, Stopping threads took: 0.0001860 seconds
316.203: Application time: 0.0856290 seconds
316.203: [GC316.203: [ParNew: 35181K->2660K(37632K), 0.0009840 secs] 109707K->77186K(121024K), 0.0010170 secs] [Times: user=0.01 sys=0.00, real=0.00 secs] 
316.204: Total time for which application threads were stopped: 0.0011700 seconds, Stopping threads took: 0.0000850 seconds
316.290: Application time: 0.0858920 seconds
316.290: [GC316.290: [ParNew: 35755K->2120K(37632K), 0.0008400 secs] 110281K->76782K(121024K), 0.0008700 secs] [Times: user=0.01 sys=0.00, real=0.00 secs] 
316.291: Total time for which application threads were stopped: 0.0010000 seconds, Stopping threads took: 0.0000720 seconds
316.377: Application time: 0.0856830 seconds
316.377: [GC316.377: [ParNew: 35137K->1578K(37632K), 0.0007050 secs] 109799K->76336K(121024K), 0.0007360 secs] [Times: user=0.01 sys=0.00, real=0.00 secs] 
316.377: Total time for which application threads were stopped: 0.0008780 seconds, Stopping threads took: 0.0000800 seconds
316.465: Application time: 0.0874090 seconds
316.465: [GC316.465: [ParNew: 35026K->2090K(37632K), 0.0009120 secs] 109785K->76848K(121024K), 0.0009430 secs] [Times: user=0.00 sys=0.00, real=0.00 secs] 
316.466: Total time for which application threads were stopped: 0.0011000 seconds, Stopping threads took: 0.0000920 seconds
316.553: Application time: 0.0872690 seconds
316.553: [GC316.553: [ParNew: 35185K->2148K(37632K), 0.0008580 secs] 109943K->76906K(121024K), 0.0008960 secs] [Times: user=0.01 sys=0.00, real=0.00 secs] 
316.554: Total time for which application threads were stopped: 0.0010220 seconds, Stopping threads took: 0.0000630 seconds
316.641: Application time: 0.0869420 seconds
316.641: [GC316.641: [ParNew: 35603K->1036K(37632K), 0.0005810 secs] 110361K->75922K(121024K), 0.0006110 secs] [Times: user=0.01 sys=0.00, real=0.00 secs] 
316.642: Total time for which application threads were stopped: 0.0008090 seconds, Stopping threads took: 0.0001390 seconds
316.729: Application time: 0.0874600 seconds
316.730: [GC316.730: [ParNew: 34484K->1548K(37632K), 0.0008050 secs] 109371K->76434K(121024K), 0.0008350 secs] [Times: user=0.00 sys=0.00, real=0.00 secs] 
316.730: Total time for which application threads were stopped: 0.0009650 seconds, Stopping threads took: 0.0000640 seconds
316.815: Application time: 0.0847690 seconds
316.815: [GC316.815: [ParNew: 34635K->1606K(37632K), 0.0008120 secs] 109521K->76492K(121024K), 0.0008430 secs] [Times: user=0.00 sys=0.00, real=0.00 secs] 
316.816: Total time for which application threads were stopped: 0.0010220 seconds, Stopping threads took: 0.0001200 seconds
316.901: Application time: 0.0851730 seconds
316.902: [GC316.902: [ParNew: 34612K->2660K(37632K), 0.0009950 secs] 109499K->77546K(121024K), 0.0010260 secs] [Times: user=0.00 sys=0.00, real=0.00 secs] 
316.903: Total time for which application threads were stopped: 0.0011960 seconds, Stopping threads took: 0.0001100 seconds
316.989: Application time: 0.0861920 seconds
316.989: [GC316.989: [ParNew: 35751K->3144K(37632K), 0.0011620 secs] 110638K->78166K(121024K), 0.0011930 secs] [Times: user=0.01 sys=0.00, real=0.00 secs] 
316.990: Total time for which application threads were stopped: 0.0013480 seconds, Stopping threads took: 0.0000900 seconds
317.077: Application time: 0.0869550 seconds
317.077: [GC317.077: [ParNew: 36157K->3116K(37632K), 0.0011410 secs] 111180K->78226K(121024K), 0.0011740 secs] [Times: user=0.01 sys=0.00, real=0.00 secs] 
317.078: Total time for which application threads were stopped: 0.0013390 seconds, Stopping threads took: 0.0000990 seconds
317.166: Application time: 0.0879540 seconds
317.166: [GC317.167: [ParNew: 36571K->2572K(37632K), 0.0010320 secs] 111681K->77754K(121024K), 0.0010640 secs] [Times: user=0.01 sys=0.00, real=0.01 secs] 
317.168: Total time for which application threads were stopped: 0.0012030 seconds, Stopping threads took: 0.0000760 seconds
317.254: Application time: 0.0860510 seconds
317.254: [GC317.254: [ParNew: 35667K->2632K(37632K), 0.0009860 secs] 110850K->77814K(121024K), 0.0010180 secs] [Times: user=0.00 sys=0.00, real=0.00 secs] 
317.255: Total time for which application threads were stopped: 0.0011730 seconds, Stopping threads took: 0.0000800 seconds
317.346: Application time: 0.0910020 seconds
317.346: [GC317.346: [ParNew: 36097K->522K(37632K), 0.0005160 secs] 111280K->75800K(121024K), 0.0005450 secs] [Times: user=0.00 sys=0.00, real=0.00 secs] 
317.346: Total time for which application threads were stopped: 0.0006670 seconds, Stopping threads took: 0.0000650 seconds
317.434: Application time: 0.0871560 seconds
317.434: [GC317.434: [ParNew: 33968K->1036K(37632K), 0.0005810 secs] 109247K->76314K(121024K), 0.0006110 secs] [Times: user=0.00 sys=0.00, real=0.00 secs] 
317.434: Total time for which application threads were stopped: 0.0007440 seconds, Stopping threads took: 0.0000710 seconds
317.520: Application time: 0.0856910 seconds
317.520: [GC317.520: [ParNew: 34129K->1094K(37632K), 0.0005780 secs] 109407K->76372K(121024K), 0.0006090 secs] [Times: user=0.01 sys=0.00, real=0.00 secs] 
317.521: Total time for which application threads were stopped: 0.0007260 seconds, Stopping threads took: 0.0000560 seconds
317.605: Application time: 0.0842410 seconds
317.605: [GC317.605: [ParNew: 34098K->2148K(37632K), 0.0008770 secs] 109377K->77427K(121024K), 0.0009160 secs] [Times: user=0.01 sys=0.00, real=0.00 secs] 
317.606: Total time for which application threads were stopped: 0.0010580 seconds, Stopping threads took: 0.0000800 seconds
317.692: Application time: 0.0859520 seconds
317.692: [GC317.692: [ParNew: 35239K->2658K(37632K), 0.0010520 secs] 110518K->78041K(121024K), 0.0010850 secs] [Times: user=0.00 sys=0.00, real=0.00 secs] 
317.693: Total time for which application threads were stopped: 0.0012260 seconds, Stopping threads took: 0.0000780 seconds
317.780: Application time: 0.0868630 seconds
317.780: [GC317.780: [ParNew: 35677K->2090K(37632K), 0.0009470 secs] 111060K->77597K(121024K), 0.0009760 secs] [Times: user=0.00 sys=0.00, real=0.00 secs] 
317.781: Total time for which application threads were stopped: 0.0011030 seconds, Stopping threads took: 0.0000600 seconds
317.869: Application time: 0.0878410 seconds
317.869: [GC317.869: [ParNew: 35542K->1578K(37632K), 0.0006770 secs] 111049K->77085K(121024K), 0.0007070 secs] [Times: user=0.01 sys=0.00, real=0.00 secs] 
317.870: Total time for which application threads were stopped: 0.0008610 seconds, Stopping threads took: 0.0000900 seconds
317.954: Application time: 0.0841740 seconds
317.954: [GC317.954: [ParNew: 34669K->1636K(37632K), 0.0007090 secs] 110176K->77143K(121024K), 0.0007400 secs] [Times: user=0.01 sys=0.00, real=0.00 secs] 
317.955: Total time for which application threads were stopped: 0.0008850 seconds, Stopping threads took: 0.0000850 seconds
318.042: Application time: 0.0870080 seconds
318.042: [GC318.042: [ParNew: 35080K->2660K(37632K), 0.0009860 secs] 110587K->78167K(121024K), 0.0010190 secs] [Times: user=0.01 sys=0.00, real=0.00 secs] 
318.043: Total time for which application threads were stopped: 0.0011620 seconds, Stopping threads took: 0.0000800 seconds
318.131: Application time: 0.0877440 seconds
318.131: [GC318.131: [ParNew: 36115K->2058K(37632K), 0.0008870 secs] 111622K->77701K(121024K), 0.0009160 secs] [Times: user=0.01 sys=0.00, real=0.00 secs] 
318.132: Total time for which application threads were stopped: 0.0010750 seconds, Stopping threads took: 0.0000940 seconds
318.217: Application time: 0.0852030 seconds
318.217: [GC318.217: [ParNew: 35153K->2120K(37632K), 0.0009260 secs] 110796K->77763K(121024K), 0.0009560 secs] [Times: user=0.01 sys=0.00, real=0.00 secs] 
318.218: Total time for which application threads were stopped: 0.0011170 seconds, Stopping threads took: 0.0000990 seconds
318.305: Application time: 0.0867340 seconds
318.305: [GC318.305: [ParNew: 35141K->1066K(37632K), 0.0005620 secs] 110784K->76805K(121024K), 0.0005920 secs] [Times: user=0.01 sys=0.00, real=0.00 secs] 
318.306: Total time for which application threads were stopped: 0.0007220 seconds, Stopping threads took: 0.0000610 seconds
318.391: Application time: 0.0856450 seconds
318.392: [GC318.392: [ParNew: 34159K->610K(37632K), 0.0005340 secs] 109898K->76349K(121024K), 0.0005630 secs] [Times: user=0.01 sys=0.00, real=0.00 secs] 
318.392: Total time for which application threads were stopped: 0.0006940 seconds, Stopping threads took: 0.0000710 seconds
318.477: Application time: 0.0851120 seconds
318.477: [GC318.477: [ParNew: 33622K->1148K(37632K), 0.0007410 secs] 109361K->76887K(121024K), 0.0007710 secs] [Times: user=0.01 sys=0.00, real=0.00 secs] 
318.478: Total time for which application threads were stopped: 0.0009010 seconds, Stopping threads took: 0.0000690 seconds
318.563: Application time: 0.0850640 seconds
318.563: [GC318.563: [ParNew: 34588K->2688K(37632K), 0.0010080 secs] 110327K->78427K(121024K), 0.0010420 secs] [Times: user=0.01 sys=0.00, real=0.00 secs] 
318.564: Total time for which application threads were stopped: 0.0011720 seconds, Stopping threads took: 0.0000650 seconds
318.650: Application time: 0.0860110 seconds
318.651: [GC318.651: [ParNew: 35781K->2628K(37632K), 0.0010300 secs] 111520K->78523K(121024K), 0.0010640 secs] [Times: user=0.01 sys=0.00, real=0.00 secs] 
318.652: Total time for which application threads were stopped: 0.0012270 seconds, Stopping threads took: 0.0000910 seconds
318.735: Application time: 0.0829720 seconds
318.735: [GC318.735: [ParNew: 36083K->2060K(37632K), 0.0008320 secs] 111978K->78051K(121024K), 0.0008620 secs] [Times: user=0.01 sys=0.00, real=0.01 secs] 
318.736: Total time for which application threads were stopped: 0.0010120 seconds, Stopping threads took: 0.0000930 seconds
318.819: Application time: 0.0831710 seconds
318.819: [GC318.819: [ParNew: 35514K->1548K(37632K), 0.0006950 secs] 111506K->77539K(121024K), 0.0007240 secs] [Times: user=0.00 sys=0.00, real=0.00 secs] 
318.820: Total time for which application threads were stopped: 0.0008860 seconds, Stopping threads took: 0.0000990 seconds
318.899: Application time: 0.0793770 seconds
318.899: [GC318.899: [ParNew: 34643K->1608K(37632K), 0.0007020 secs] 110634K->77599K(121024K), 0.0007320 secs] [Times: user=0.01 sys=0.00, real=0.00 secs] 
318.900: Total time for which application threads were stopped: 0.0009280 seconds, Stopping threads took: 0.0001370 seconds
318.978: Application time: 0.0776520 seconds
318.978: [GC318.978: [ParNew: 34697K->2176K(37632K), 0.0008610 secs] 110688K->78167K(121024K), 0.0008910 secs] [Times: user=0.00 sys=0.00, real=0.00 secs] 
318.979: Total time for which application threads were stopped: 0.0010250 seconds, Stopping threads took: 0.0000720 seconds
319.059: Application time: 0.0802910 seconds
319.059: [GC319.059: [ParNew: 35189K->2090K(37632K), 0.0009280 secs] 111180K->78245K(121024K), 0.0009580 secs] [Times: user=0.00 sys=0.00, real=0.00 secs] 
319.060: Total time for which application threads were stopped: 0.0011350 seconds, Stopping threads took: 0.0001190 seconds
319.139: Application time: 0.0792180 seconds
319.139: [GC319.139: [ParNew: 35105K->2120K(37632K), 0.0008170 secs] 111260K->78275K(121024K), 0.0008490 secs] [Times: user=0.00 sys=0.00, real=0.00 secs] 
319.140: Total time for which application threads were stopped: 0.0009830 seconds, Stopping threads took: 0.0000740 seconds
319.221: Application time: 0.0810530 seconds
319.221: [GC319.222: [ParNew: 35564K->2602K(37632K), 0.0009620 secs] 111720K->78829K(121024K), 0.0009920 secs] [Times: user=0.01 sys=0.00, real=0.00 secs] 
319.223: Total time for which application threads were stopped: 0.0011300 seconds, Stopping threads took: 0.0000780 seconds
319.304: Application time: 0.0811770 seconds
319.304: [GC319.304: [ParNew: 35699K->2118K(37632K), 0.0009250 secs] 111926K->78409K(121024K), 0.0009560 secs] [Times: user=0.00 sys=0.00, real=0.00 secs] 
319.305: Total time for which application threads were stopped: 0.0010850 seconds, Stopping threads took: 0.0000700 seconds
319.385: Application time: 0.0803290 seconds
319.386: [GC319.386: [ParNew: 35566K->2058K(37632K), 0.0008600 secs] 111858K->78461K(121024K), 0.0008880 secs] [Times: user=0.00 sys=0.00, real=0.00 secs] 
319.386: Total time for which application threads were stopped: 0.0013860 seconds, Stopping threads took: 0.0004310 seconds
319.467: Application time: 0.0800840 seconds
319.467: [GC319.467: [ParNew: 35504K->2060K(37632K), 0.0008330 secs] 111908K->78463K(121024K), 0.0008640 secs] [Times: user=0.01 sys=0.00, real=0.01 secs] 
319.468: Total time for which application threads were stopped: 0.0010610 seconds, Stopping threads took: 0.0001370 seconds
319.549: Application time: 0.0815520 seconds
319.549: [GC319.549: [ParNew: 35157K->2118K(37632K), 0.0009180 secs] 111560K->78521K(121024K), 0.0009490 secs] [Times: user=0.00 sys=0.00, real=0.00 secs] 
319.550: Total time for which application threads were stopped: 0.0011120 seconds, Stopping threads took: 0.0001040 seconds
319.631: Application time: 0.0802720 seconds
319.631: [GC319.631: [ParNew: 35215K->1602K(37632K), 0.0007780 secs] 111619K->78117K(121024K), 0.0008100 secs] [Times: user=0.00 sys=0.00, real=0.00 secs] 
319.632: Total time for which application threads were stopped: 0.0009370 seconds, Stopping threads took: 0.0000670 seconds
319.711: Application time: 0.0790670 seconds
319.711: [GC319.711: [ParNew: 34614K->1634K(37632K), 0.0006980 secs] 111130K->78149K(121024K), 0.0007370 secs] [Times: user=0.01 sys=0.00, real=0.00 secs] 
319.711: Total time for which application threads were stopped: 0.0008730 seconds, Stopping threads took: 0.0000770 seconds
319.791: Application time: 0.0796320 seconds
319.791: [GC319.791: [ParNew: 34647K->2176K(37632K), 0.0008500 secs] 111162K->78691K(121024K), 0.0008800 secs] [Times: user=0.00 sys=0.00, real=0.00 secs] 
319.792: Total time for which application threads were stopped: 0.0010090 seconds, Stopping threads took: 0.0000680 seconds
319.873: Application time: 0.0812510 seconds
319.873: [GC319.873: [ParNew: 35625K->2090K(37632K), 0.0008760 secs] 112140K->78737K(121024K), 0.0009070 secs] [Times: user=0.01 sys=0.00, real=0.00 secs] 
319.874: Total time for which application threads were stopped: 0.0010360 seconds, Stopping threads took: 0.0000720 seconds
319.953: Application time: 0.0783520 seconds
319.953: [GC319.953: [ParNew: 35177K->2660K(37632K), 0.0009720 secs] 111825K->79308K(121024K), 0.0010040 secs] [Times: user=0.01 sys=0.00, real=0.00 secs] 
319.954: Total time for which application threads were stopped: 0.0011420 seconds, Stopping threads took: 0.0000680 seconds
320.036: Application time: 0.0825120 seconds
320.037: [GC320.037: [ParNew: 36117K->1548K(37632K), 0.0007090 secs] 112764K->78331K(121024K), 0.0007390 secs] [Times: user=0.01 sys=0.00, real=0.00 secs] 
320.037: Total time for which application threads were stopped: 0.0008620 seconds, Stopping threads took: 0.0000660 seconds
320.119: Application time: 0.0818380 seconds
320.119: [GC320.119: [ParNew: 34561K->1578K(37632K), 0.0007220 secs] 111344K->78362K(121024K), 0.0007520 secs] [Times: user=0.01 sys=0.00, real=0.00 secs] 
320.120: Total time for which application threads were stopped: 0.0009020 seconds, Stopping threads took: 0.0000890 seconds
320.198: Application time: 0.0780480 seconds
320.198: [GC320.198: [ParNew: 34591K->1608K(37632K), 0.0007600 secs] 111374K->78392K(121024K), 0.0007910 secs] [Times: user=0.00 sys=0.00, real=0.00 secs] 
320.199: Total time for which application threads were stopped: 0.0009180 seconds, Stopping threads took: 0.0000690 seconds
320.279: Application time: 0.0795980 seconds
320.279: [GC320.279: [ParNew: 34699K->1664K(37632K), 0.0006980 secs] 111483K->78448K(121024K), 0.0007270 secs] [Times: user=0.01 sys=0.00, real=0.00 secs] 
320.279: Total time for which application threads were stopped: 0.0008550 seconds, Stopping threads took: 0.0000680 seconds
320.359: Application time: 0.0795900 seconds
320.359: [GC320.359: [ParNew: 34673K->2716K(37632K), 0.0010660 secs] 111456K->79500K(121024K), 0.0010990 secs] [Times: user=0.01 sys=0.00, real=0.00 secs] 
320.360: Total time for which application threads were stopped: 0.0012370 seconds, Stopping threads took: 0.0000770 seconds
320.441: Application time: 0.0807740 seconds
320.441: [GC320.441: [ParNew: 35733K->2090K(37632K), 0.0009760 secs] 112517K->79058K(121024K), 0.0010080 secs] [Times: user=0.00 sys=0.00, real=0.00 secs] 
320.442: Total time for which application threads were stopped: 0.0011300 seconds, Stopping threads took: 0.0000620 seconds
320.522: Application time: 0.0794270 seconds
320.522: [GC320.522: [ParNew: 35534K->2602K(37632K), 0.0009600 secs] 112502K->79570K(121024K), 0.0009930 secs] [Times: user=0.00 sys=0.00, real=0.00 secs] 
320.523: Total time for which application threads were stopped: 0.0011380 seconds, Stopping threads took: 0.0000760 seconds
320.602: Application time: 0.0797430 seconds
320.603: [GC320.603: [ParNew: 35693K->2630K(37632K), 0.0009880 secs] 112661K->79670K(121024K), 0.0010200 secs] [Times: user=0.01 sys=0.00, real=0.00 secs] 
320.604: Total time for which application threads were stopped: 0.0011660 seconds, Stopping threads took: 0.0000860 seconds
320.684: Application time: 0.0804810 seconds
320.684: [GC320.684: [ParNew: 36074K->3084K(37632K), 0.0011210 secs] 113114K->80220K(121024K), 0.0011570 secs] [Times: user=0.01 sys=0.00, real=0.00 secs] 
320.685: Total time for which application threads were stopped: 0.0013090 seconds, Stopping threads took: 0.0000820 seconds
320.766: Application time: 0.0806500 seconds
320.766: [GC320.766: [ParNew: 36181K->2120K(37632K), 0.0008460 secs] 113317K->79256K(121024K), 0.0008770 secs] [Times: user=0.01 sys=0.00, real=0.01 secs] 
320.767: Total time for which application threads were stopped: 0.0010180 seconds, Stopping threads took: 0.0000830 seconds
320.849: Application time: 0.0814630 seconds
320.849: [GC320.849: [ParNew: 35568K->2058K(37632K), 0.0008280 secs] 112705K->79306K(121024K), 0.0008570 secs] [Times: user=0.01 sys=0.00, real=0.00 secs] 
320.850: Total time for which application threads were stopped: 0.0010200 seconds, Stopping threads took: 0.0001030 seconds
320.930: Application time: 0.0807850 seconds
320.931: [GC320.931: [ParNew: 35147K->2120K(37632K), 0.0008570 secs] 112395K->79368K(121024K), 0.0008870 secs] [Times: user=0.01 sys=0.00, real=0.00 secs] 
320.931: Total time for which application threads were stopped: 0.0010970 seconds, Stopping threads took: 0.0001530 seconds
321.011: Application time: 0.0793730 seconds
321.011: [GC321.011: [ParNew: 35135K->2088K(37632K), 0.0009670 secs] 112383K->79428K(121024K), 0.0009980 secs] [Times: user=0.01 sys=0.00, real=0.00 secs] 
321.012: Total time for which application threads were stopped: 0.0011350 seconds, Stopping threads took: 0.0000780 seconds
321.092: Application time: 0.0797490 seconds
321.092: [GC321.092: [ParNew: 35101K->2120K(37632K), 0.0008360 secs] 112441K->79460K(121024K), 0.0008670 secs] [Times: user=0.00 sys=0.00, real=0.00 secs] 
321.093: Total time for which application threads were stopped: 0.0010320 seconds, Stopping threads took: 0.0000950 seconds
321.174: Application time: 0.0811230 seconds
321.174: [GC321.174: [ParNew: 35570K->2090K(37632K), 0.0009290 secs] 112911K->79486K(121024K), 0.0009590 secs] [Times: user=0.00 sys=0.00, real=0.00 secs] 
321.175: Total time for which application threads were stopped: 0.0011060 seconds, Stopping threads took: 0.0000870 seconds
321.257: Application time: 0.0814850 seconds
321.257: [GC321.257: [ParNew: 35183K->2148K(37632K), 0.0008920 secs] 112579K->79544K(121024K), 0.0009240 secs] [Times: user=0.01 sys=0.00, real=0.00 secs] 
321.258: Total time for which application threads were stopped: 0.0010790 seconds, Stopping threads took: 0.0000930 seconds
321.338: Application time: 0.0801360 seconds
321.338: [GC321.338: [ParNew: 35599K->2060K(37632K), 0.0009430 secs] 112995K->79588K(121024K), 0.0009710 secs] [Times: user=0.01 sys=0.00, real=0.00 secs] 
321.339: Total time for which application threads were stopped: 0.0011070 seconds, Stopping threads took: 0.0000780 seconds
321.418: Application time: 0.0791190 seconds
321.418: [GC321.418: [ParNew: 35151K->2120K(37632K), 0.0008150 secs] 112679K->79648K(121024K), 0.0008450 secs] [Times: user=0.01 sys=0.00, real=0.00 secs] 
321.419: Total time for which application threads were stopped: 0.0010440 seconds, Stopping threads took: 0.0001410 seconds
321.499: Application time: 0.0802380 seconds
321.499: [GC321.499: [ParNew: 35570K->2062K(37632K), 0.0008820 secs] 113099K->79694K(121024K), 0.0009160 secs] [Times: user=0.00 sys=0.00, real=0.00 secs] 
321.500: Total time for which application threads were stopped: 0.0010710 seconds, Stopping threads took: 0.0000940 seconds
321.581: Application time: 0.0803780 seconds
321.581: [GC321.581: [ParNew: 35157K->1606K(37632K), 0.0023290 secs] 112790K->79238K(121024K), 0.0023610 secs] [Times: user=0.00 sys=0.00, real=0.00 secs] 
321.583: Total time for which application threads were stopped: 0.0024810 seconds, Stopping threads took: 0.0000620 seconds
321.664: Application time: 0.0803770 seconds
321.664: [GC321.664: [ParNew: 34617K->1634K(37632K), 0.0008260 secs] 112249K->79266K(121024K), 0.0008590 secs] [Times: user=0.00 sys=0.00, real=0.00 secs] 
321.665: Total time for which application threads were stopped: 0.0010330 seconds, Stopping threads took: 0.0001060 seconds
321.743: Application time: 0.0782410 seconds
321.743: [GC321.743: [ParNew: 34649K->1660K(37632K), 0.0008770 secs] 112281K->79292K(121024K), 0.0009070 secs] [Times: user=0.00 sys=0.00, real=0.00 secs] 
321.744: Total time for which application threads were stopped: 0.0010350 seconds, Stopping threads took: 0.0000680 seconds
321.825: Application time: 0.0813500 seconds
321.825: [GC321.825: [ParNew: 35104K->2172K(37632K), 0.0009510 secs] 112737K->79804K(121024K), 0.0009840 secs] [Times: user=0.00 sys=0.00, real=0.00 secs] 
321.826: Total time for which application threads were stopped: 0.0011290 seconds, Stopping threads took: 0.0000840 seconds
321.905: Application time: 0.0783720 seconds
321.905: [GC321.905: [ParNew: 35261K->2660K(37632K), 0.0010100 secs] 112893K->80420K(121024K), 0.0010410 secs] [Times: user=0.01 sys=0.00, real=0.00 secs] 
321.906: Total time for which application threads were stopped: 0.0011700 seconds, Stopping threads took: 0.0000690 seconds
321.990: Application time: 0.0836400 seconds
321.990: [GC321.990: [ParNew: 36117K->1546K(37632K), 0.0007930 secs] 113877K->79430K(121024K), 0.0008210 secs] [Times: user=0.00 sys=0.00, real=0.00 secs] 
321.990: Total time for which application threads were stopped: 0.0009500 seconds, Stopping threads took: 0.0000730 seconds
322.071: Application time: 0.0801040 seconds
322.071: [GC322.071: [ParNew: 34643K->584K(37632K), 0.0004580 secs] 112528K->78468K(121024K), 0.0004880 secs] [Times: user=0.00 sys=0.00, real=0.00 secs] 
322.071: Total time for which application threads were stopped: 0.0006940 seconds, Stopping threads took: 0.0001520 seconds
322.152: Application time: 0.0808640 seconds
322.152: [GC322.152: [ParNew: 34032K->584K(37632K), 0.0004660 secs] 111917K->78468K(121024K), 0.0004960 secs] [Times: user=0.00 sys=0.00, real=0.00 secs] 
322.153: Total time for which application threads were stopped: 0.0006200 seconds, Stopping threads took: 0.0000690 seconds
322.231: Application time: 0.0777830 seconds
322.231: [GC322.231: [ParNew: 33673K->1664K(37632K), 0.0007490 secs] 111557K->79549K(121024K), 0.0007800 secs] [Times: user=0.00 sys=0.00, real=0.00 secs] 
322.232: Total time for which application threads were stopped: 0.0009360 seconds, Stopping threads took: 0.0000890 seconds
322.313: Application time: 0.0817010 seconds
322.313: [GC322.313: [ParNew: 34763K->690K(37632K), 0.0005610 secs] 112648K->78575K(121024K), 0.0005910 secs] [Times: user=0.00 sys=0.00, real=0.00 secs] 
322.314: Total time for which application threads were stopped: 0.0007110 seconds, Stopping threads took: 0.0000640 seconds
322.394: Application time: 0.0805730 seconds
322.395: [GC322.395: [ParNew: 34136K->1208K(37632K), 0.0005840 secs] 112021K->79093K(121024K), 0.0006150 secs] [Times: user=0.00 sys=0.01, real=0.01 secs] 
322.395: Total time for which application threads were stopped: 0.0007770 seconds, Stopping threads took: 0.0001020 seconds
322.476: Application time: 0.0806360 seconds
322.476: [GC322.476: [ParNew: 34656K->1720K(37632K), 0.0007430 secs] 112541K->79605K(121024K), 0.0007760 secs] [Times: user=0.00 sys=0.00, real=0.00 secs] 
322.477: Total time for which application threads were stopped: 0.0009310 seconds, Stopping threads took: 0.0000940 seconds
322.557: Application time: 0.0799700 seconds
322.557: [GC322.557: [ParNew: 34817K->1264K(37632K), 0.0006560 secs] 112702K->79149K(121024K), 0.0006860 secs] [Times: user=0.00 sys=0.00, real=0.00 secs] 
322.558: Total time for which application threads were stopped: 0.0008090 seconds, Stopping threads took: 0.0000640 seconds
322.637: Application time: 0.0798410 seconds
322.638: [GC322.638: [ParNew: 34710K->2288K(37632K), 0.0008740 secs] 112595K->80173K(121024K), 0.0009060 secs] [Times: user=0.01 sys=0.00, real=0.00 secs] 
322.639: Total time for which application threads were stopped: 0.0010370 seconds, Stopping threads took: 0.0000700 seconds
322.721: Application time: 0.0822640 seconds
322.721: [GC322.721: [ParNew: 35381K->2118K(37632K), 0.0009160 secs] 113266K->80215K(121024K), 0.0009490 secs] [Times: user=0.00 sys=0.00, real=0.00 secs] 
322.722: Total time for which application threads were stopped: 0.0010820 seconds, Stopping threads took: 0.0000730 seconds
322.809: Application time: 0.0867650 seconds
322.809: [GC322.809: [ParNew: 35564K->2058K(37632K), 0.0008360 secs] 113661K->80251K(121024K), 0.0008760 secs] [Times: user=0.00 sys=0.00, real=0.00 secs] 
322.810: Total time for which application threads were stopped: 0.0011070 seconds, Stopping threads took: 0.0001630 seconds
322.897: Application time: 0.0868980 seconds
322.897: [GC322.897: [ParNew: 35153K->2120K(37632K), 0.0008360 secs] 113346K->80313K(121024K), 0.0008670 secs] [Times: user=0.00 sys=0.00, real=0.00 secs] 
322.898: Total time for which application threads were stopped: 0.0009970 seconds, Stopping threads took: 0.0000680 seconds
322.985: Application time: 0.0875720 seconds
322.985: [GC322.985: [ParNew: 35137K->1578K(37632K), 0.0007130 secs] 113330K->79867K(121024K), 0.0007430 secs] [Times: user=0.01 sys=0.00, real=0.00 secs] 
322.986: Total time for which application threads were stopped: 0.0008610 seconds, Stopping threads took: 0.0000570 seconds
323.072: Application time: 0.0860760 seconds
323.072: [GC323.072: [ParNew: 34591K->1608K(37632K), 0.0007170 secs] 112880K->79897K(121024K), 0.0007480 secs] [Times: user=0.00 sys=0.00, real=0.00 secs] 
323.073: Total time for which application threads were stopped: 0.0009030 seconds, Stopping threads took: 0.0000930 seconds
323.160: Application time: 0.0865180 seconds
323.160: [GC323.160: [ParNew: 35058K->1604K(37632K), 0.0007500 secs] 113347K->79893K(121024K), 0.0007820 secs] [Times: user=0.00 sys=0.00, real=0.00 secs] 
323.160: Total time for which application threads were stopped: 0.0009110 seconds, Stopping threads took: 0.0000680 seconds
323.247: Application time: 0.0861800 seconds
323.247: [GC323.247: [ParNew: 34699K->1664K(37632K), 0.0007900 secs] 112988K->79953K(121024K), 0.0008220 secs] [Times: user=0.00 sys=0.00, real=0.01 secs] 
323.248: Total time for which application threads were stopped: 0.0009650 seconds, Stopping threads took: 0.0000840 seconds
323.334: Application time: 0.0859940 seconds
323.334: [GC323.334: [ParNew: 35108K->2688K(37632K), 0.0009920 secs] 113397K->80977K(121024K), 0.0010250 secs] [Times: user=0.01 sys=0.00, real=0.00 secs] 
323.335: Total time for which application threads were stopped: 0.0011890 seconds, Stopping threads took: 0.0000910 seconds
323.420: Application time: 0.0854010 seconds
323.420: [GC323.420: [ParNew: 35781K->2632K(37632K), 0.0010120 secs] 114070K->81081K(121024K), 0.0010470 secs] [Times: user=0.01 sys=0.00, real=0.00 secs] 
323.421: Total time for which application threads were stopped: 0.0011880 seconds, Stopping threads took: 0.0000790 seconds
323.509: Application time: 0.0877540 seconds
323.509: [GC323.509: [ParNew: 35649K->2092K(37632K), 0.0008490 secs] 114098K->80645K(121024K), 0.0008800 secs] [Times: user=0.01 sys=0.00, real=0.00 secs] 
323.510: Total time for which application threads were stopped: 0.0010080 seconds, Stopping threads took: 0.0000700 seconds
323.597: Application time: 0.0872520 seconds
323.598: [GC323.598: [ParNew: 35107K->1096K(37632K), 0.0005470 secs] 113660K->79649K(121024K), 0.0005790 secs] [Times: user=0.00 sys=0.00, real=0.00 secs] 
323.598: Total time for which application threads were stopped: 0.0007620 seconds, Stopping threads took: 0.0001250 seconds
323.682: Application time: 0.0833730 seconds
323.682: [GC323.682: [ParNew: 34102K->2660K(37632K), 0.0009800 secs] 112656K->81213K(121024K), 0.0010140 secs] [Times: user=0.01 sys=0.00, real=0.00 secs] 
323.683: Total time for which application threads were stopped: 0.0011640 seconds, Stopping threads took: 0.0000870 seconds
323.769: Application time: 0.0866380 seconds
323.769: [GC323.769: [ParNew: 35669K->3112K(37632K), 0.0012300 secs] 114222K->81793K(121024K), 0.0012610 secs] [Times: user=0.01 sys=0.00, real=0.00 secs] 
323.771: Total time for which application threads were stopped: 0.0013990 seconds, Stopping threads took: 0.0000770 seconds
323.863: Application time: 0.0921710 seconds
323.863: [GC323.863: [ParNew: 36584K->8K(37632K), 0.0003310 secs] 115265K->78761K(121024K), 0.0003630 secs] [Times: user=0.00 sys=0.00, real=0.00 secs] 
323.863: Total time for which application threads were stopped: 0.0005130 seconds, Stopping threads took: 0.0000690 seconds
323.947: Application time: 0.0832260 seconds
323.947: [GC323.947: [ParNew: 33084K->3142K(37632K), 0.0012400 secs] 111837K->81895K(121024K), 0.0012750 secs] [Times: user=0.00 sys=0.00, real=0.01 secs] 
323.948: Total time for which application threads were stopped: 0.0014140 seconds, Stopping threads took: 0.0000750 seconds
324.034: Application time: 0.0854120 seconds
324.034: [GC324.034: [ParNew: 36153K->3114K(37632K), 0.0012450 secs] 114906K->81947K(121024K), 0.0012770 secs] [Times: user=0.01 sys=0.00, real=0.00 secs] 
324.035: Total time for which application threads were stopped: 0.0014160 seconds, Stopping threads took: 0.0000790 seconds
324.122: Application time: 0.0871950 seconds
324.122: [GC324.122: [ParNew: 36127K->3116K(37632K), 0.0011840 secs] 114960K->82013K(121024K), 0.0012190 secs] [Times: user=0.01 sys=0.00, real=0.00 secs] 
324.123: Total time for which application threads were stopped: 0.0013750 seconds, Stopping threads took: 0.0000920 seconds
324.212: Application time: 0.0884900 seconds
324.212: [GC324.212: [ParNew: 36137K->2088K(37632K), 0.0008350 secs] 115034K->81049K(121024K), 0.0008660 secs] [Times: user=0.00 sys=0.00, real=0.00 secs] 
324.213: Total time for which application threads were stopped: 0.0009960 seconds, Stopping threads took: 0.0000650 seconds
324.301: Application time: 0.0876730 seconds
324.301: [GC324.301: [ParNew: 35109K->1096K(37632K), 0.0005660 secs] 114070K->80057K(121024K), 0.0005970 secs] [Times: user=0.01 sys=0.00, real=0.00 secs] 
324.301: Total time for which application threads were stopped: 0.0007230 seconds, Stopping threads took: 0.0000680 seconds
324.386: Application time: 0.0844770 seconds
324.386: [GC324.386: [ParNew: 34108K->1124K(37632K), 0.0005770 secs] 113070K->80085K(121024K), 0.0006070 secs] [Times: user=0.01 sys=0.00, real=0.00 secs] 
324.387: Total time for which application threads were stopped: 0.0008300 seconds, Stopping threads took: 0.0001520 seconds
324.472: Application time: 0.0857120 seconds
324.473: [GC324.473: [ParNew: 34132K->1664K(37632K), 0.0007350 secs] 113094K->80625K(121024K), 0.0007650 secs] [Times: user=0.00 sys=0.00, real=0.00 secs] 
324.473: Total time for which application threads were stopped: 0.0008980 seconds, Stopping threads took: 0.0000740 seconds
324.562: Application time: 0.0883240 seconds
324.562: [GC324.562: [ParNew: 35119K->1152K(37632K), 0.0005800 secs] 114080K->80113K(121024K), 0.0006130 secs] [Times: user=0.01 sys=0.00, real=0.00 secs] 
324.562: Total time for which application threads were stopped: 0.0007550 seconds, Stopping threads took: 0.0000800 seconds
324.648: Application time: 0.0860270 seconds
324.649: [GC324.649: [ParNew: 34243K->1206K(37632K), 0.0007330 secs] 113204K->80167K(121024K), 0.0007640 secs] [Times: user=0.01 sys=0.00, real=0.00 secs] 
324.649: Total time for which application threads were stopped: 0.0009140 seconds, Stopping threads took: 0.0000900 seconds
324.736: Application time: 0.0862380 seconds
324.736: [GC324.736: [ParNew: 34223K->722K(37632K), 0.0005970 secs] 113184K->79683K(121024K), 0.0006270 secs] [Times: user=0.00 sys=0.00, real=0.00 secs] 
324.736: Total time for which application threads were stopped: 0.0007540 seconds, Stopping threads took: 0.0000690 seconds
324.822: Application time: 0.0861600 seconds
324.823: [GC324.823: [ParNew: 33735K->750K(37632K), 0.0005750 secs] 112696K->79711K(121024K), 0.0006060 secs] [Times: user=0.00 sys=0.00, real=0.00 secs] 
324.823: Total time for which application threads were stopped: 0.0007320 seconds, Stopping threads took: 0.0000660 seconds
324.909: Application time: 0.0861690 seconds
324.910: [GC324.910: [ParNew: 33763K->752K(37632K), 0.0004750 secs] 112724K->79713K(121024K), 0.0005050 secs] [Times: user=0.01 sys=0.00, real=0.00 secs] 
324.910: Total time for which application threads were stopped: 0.0006380 seconds, Stopping threads took: 0.0000680 seconds
324.996: Application time: 0.0857470 seconds
324.996: [GC324.996: [ParNew: 33763K->752K(37632K), 0.0004740 secs] 112724K->79713K(121024K), 0.0005130 secs] [Times: user=0.01 sys=0.00, real=0.00 secs] 
324.997: Total time for which application threads were stopped: 0.0007220 seconds, Stopping threads took: 0.0001510 seconds
325.082: Application time: 0.0859760 seconds
325.083: [GC325.083: [ParNew: 33763K->1264K(37632K), 0.0006510 secs] 112724K->80225K(121024K), 0.0006830 secs] [Times: user=0.01 sys=0.00, real=0.00 secs] 
325.083: Total time for which application threads were stopped: 0.0008220 seconds, Stopping threads took: 0.0000790 seconds
325.168: Application time: 0.0843710 seconds
325.168: [GC325.168: [ParNew: 34273K->2288K(37632K), 0.0008940 secs] 113234K->81249K(121024K), 0.0009260 secs] [Times: user=0.01 sys=0.00, real=0.00 secs] 
325.169: Total time for which application threads were stopped: 0.0010650 seconds, Stopping threads took: 0.0000750 seconds
325.258: Application time: 0.0890190 seconds
325.258: [GC325.258: [ParNew: 35745K->1064K(37632K), 0.0006310 secs] 114706K->80265K(121024K), 0.0006580 secs] [Times: user=0.01 sys=0.00, real=0.00 secs] 
325.259: Total time for which application threads were stopped: 0.0008360 seconds, Stopping threads took: 0.0001220 seconds
325.345: Application time: 0.0860630 seconds
325.345: [GC325.345: [ParNew: 34153K->1124K(37632K), 0.0006090 secs] 113354K->80325K(121024K), 0.0006410 secs] [Times: user=0.00 sys=0.00, real=0.00 secs] 
325.345: Total time for which application threads were stopped: 0.0007610 seconds, Stopping threads took: 0.0000610 seconds
325.431: Application time: 0.0857880 seconds
325.431: [GC325.431: [ParNew: 34135K->1152K(37632K), 0.0005680 secs] 113336K->80354K(121024K), 0.0006000 secs] [Times: user=0.00 sys=0.00, real=0.00 secs] 
325.432: Total time for which application threads were stopped: 0.0007390 seconds, Stopping threads took: 0.0000720 seconds
325.518: Application time: 0.0861390 seconds
325.518: [GC325.518: [ParNew: 34165K->1180K(37632K), 0.0006070 secs] 113366K->80382K(121024K), 0.0006370 secs] [Times: user=0.00 sys=0.00, real=0.00 secs] 
325.519: Total time for which application threads were stopped: 0.0007680 seconds, Stopping threads took: 0.0000710 seconds
325.605: Application time: 0.0856580 seconds
325.605: [GC325.605: [ParNew: 34189K->1720K(37632K), 0.0007290 secs] 113390K->80922K(121024K), 0.0007610 secs] [Times: user=0.00 sys=0.00, real=0.00 secs] 
325.605: Total time for which application threads were stopped: 0.0009460 seconds, Stopping threads took: 0.0001250 seconds
325.691: Application time: 0.0859430 seconds
325.692: [GC325.692: [ParNew: 34729K->2260K(37632K), 0.0008850 secs] 113930K->81462K(121024K), 0.0009150 secs] [Times: user=0.01 sys=0.00, real=0.00 secs] 
325.693: Total time for which application threads were stopped: 0.0011590 seconds, Stopping threads took: 0.0001830 seconds
325.780: Application time: 0.0870190 seconds
325.780: [GC325.780: [ParNew: 35279K->1606K(37632K), 0.0007640 secs] 114481K->81016K(121024K), 0.0007960 secs] [Times: user=0.00 sys=0.00, real=0.00 secs] 
325.781: Total time for which application threads were stopped: 0.0009210 seconds, Stopping threads took: 0.0000600 seconds
325.867: Application time: 0.0863720 seconds
325.867: [GC325.867: [ParNew: 34619K->1636K(37632K), 0.0007090 secs] 114028K->81046K(121024K), 0.0007390 secs] [Times: user=0.01 sys=0.01, real=0.01 secs] 
325.868: Total time for which application threads were stopped: 0.0008650 seconds, Stopping threads took: 0.0000650 seconds
325.955: Application time: 0.0874470 seconds
325.955: [GC325.955: [ParNew: 35086K->1634K(37632K), 0.0007530 secs] 114496K->81044K(121024K), 0.0007890 secs] [Times: user=0.00 sys=0.00, real=0.00 secs] 
325.956: Total time for which application threads were stopped: 0.0009300 seconds, Stopping threads took: 0.0000700 seconds
326.041: Application time: 0.0853280 seconds
326.042: [GC326.042: [ParNew: 34731K->1180K(37632K), 0.0006030 secs] 114141K->80590K(121024K), 0.0006320 secs] [Times: user=0.01 sys=0.00, real=0.00 secs] 
326.042: Total time for which application threads were stopped: 0.0007500 seconds, Stopping threads took: 0.0000590 seconds
326.129: Application time: 0.0869900 seconds
326.129: [GC326.129: [ParNew: 34193K->1208K(37632K), 0.0005970 secs] 113603K->80618K(121024K), 0.0006380 secs] [Times: user=0.01 sys=0.00, real=0.00 secs] 
326.130: Total time for which application threads were stopped: 0.0007840 seconds, Stopping threads took: 0.0000840 seconds
326.215: Application time: 0.0844940 seconds
326.215: [GC326.215: [ParNew: 34221K->1748K(37632K), 0.0007940 secs] 113631K->81158K(121024K), 0.0008260 secs] [Times: user=0.01 sys=0.00, real=0.01 secs] 
326.215: Total time for which application threads were stopped: 0.0009670 seconds, Stopping threads took: 0.0000790 seconds
326.300: Application time: 0.0840430 seconds
326.300: [GC326.300: [ParNew: 34753K->3312K(37632K), 0.0012000 secs] 114162K->82722K(121024K), 0.0012340 secs] [Times: user=0.01 sys=0.00, real=0.00 secs] 
326.301: Total time for which application threads were stopped: 0.0013910 seconds, Stopping threads took: 0.0000920 seconds
326.387: Application time: 0.0860880 seconds
326.387: [GC326.387: [ParNew: 36325K->3116K(37632K), 0.0012160 secs] 115735K->82766K(121024K), 0.0012490 secs] [Times: user=0.01 sys=0.00, real=0.00 secs] 
326.388: Total time for which application threads were stopped: 0.0013810 seconds, Stopping threads took: 0.0000680 seconds
326.478: Application time: 0.0900540 seconds
326.479: [GC326.479: [ParNew: 36585K->2068K(37632K), 0.0008510 secs] 116235K->81774K(121024K), 0.0008810 secs] [Times: user=0.01 sys=0.00, real=0.00 secs] 
326.479: Total time for which application threads were stopped: 0.0010150 seconds, Stopping threads took: 0.0000650 seconds
326.566: Application time: 0.0861000 seconds
326.566: [GC326.566: [ParNew: 35155K->2118K(37632K), 0.0009360 secs] 114861K->81824K(121024K), 0.0009680 secs] [Times: user=0.01 sys=0.00, real=0.00 secs] 
326.567: Total time for which application threads were stopped: 0.0010930 seconds, Stopping threads took: 0.0000640 seconds
326.654: Application time: 0.0878180 seconds
326.655: [GC326.655: [ParNew: 35566K->2060K(37632K), 0.0024030 secs] 115273K->81870K(121024K), 0.0024390 secs] [Times: user=0.01 sys=0.00, real=0.01 secs] 
326.657: Total time for which application threads were stopped: 0.0025820 seconds, Stopping threads took: 0.0000810 seconds
326.739: Application time: 0.0822060 seconds
326.739: [GC326.739: [ParNew: 35153K->2118K(37632K), 0.0009160 secs] 114963K->81928K(121024K), 0.0009450 secs] [Times: user=0.00 sys=0.00, real=0.00 secs] 
326.740: Total time for which application threads were stopped: 0.0010860 seconds, Stopping threads took: 0.0000830 seconds
326.818: Application time: 0.0780590 seconds
326.819: [GC326.819: [ParNew: 35213K->2120K(37632K), 0.0008920 secs] 115023K->82026K(121024K), 0.0009200 secs] [Times: user=0.01 sys=0.00, real=0.00 secs] 
326.819: Total time for which application threads were stopped: 0.0010540 seconds, Stopping threads took: 0.0000770 seconds
326.901: Application time: 0.0811600 seconds
326.901: [GC326.901: [ParNew: 35564K->2572K(37632K), 0.0009740 secs] 115471K->82582K(121024K), 0.0010060 secs] [Times: user=0.01 sys=0.00, real=0.00 secs] 
326.902: Total time for which application threads were stopped: 0.0011300 seconds, Stopping threads took: 0.0000630 seconds
326.983: Application time: 0.0811600 seconds
326.983: [GC326.983: [ParNew: 35589K->2088K(37632K), 0.0008610 secs] 115599K->82098K(121024K), 0.0008920 secs] [Times: user=0.00 sys=0.00, real=0.00 secs] 
326.984: Total time for which application threads were stopped: 0.0010290 seconds, Stopping threads took: 0.0000680 seconds
327.064: Application time: 0.0802210 seconds
327.064: [GC327.064: [ParNew: 35540K->2088K(37632K), 0.0008980 secs] 115551K->82098K(121024K), 0.0009270 secs] [Times: user=0.01 sys=0.00, real=0.00 secs] 
327.065: Total time for which application threads were stopped: 0.0010590 seconds, Stopping threads took: 0.0000740 seconds
327.143: Application time: 0.0781090 seconds
327.143: [GC327.143: [ParNew: 35101K->2118K(37632K), 0.0008290 secs] 115111K->82128K(121024K), 0.0008670 secs] [Times: user=0.01 sys=0.00, real=0.00 secs] 
327.144: Total time for which application threads were stopped: 0.0010110 seconds, Stopping threads took: 0.0000840 seconds
327.225: Application time: 0.0803850 seconds
327.225: [GC327.225: [ParNew: 35211K->1634K(37632K), 0.0007410 secs] 115221K->81716K(121024K), 0.0007700 secs] [Times: user=0.00 sys=0.00, real=0.00 secs] 
327.226: Total time for which application threads were stopped: 0.0009200 seconds, Stopping threads took: 0.0000910 seconds
327.307: Application time: 0.0811100 seconds
327.307: [GC327.307: [ParNew: 35089K->1636K(37632K), 0.0007640 secs] 115171K->81718K(121024K), 0.0007940 secs] [Times: user=0.01 sys=0.00, real=0.01 secs] 
327.308: Total time for which application threads were stopped: 0.0009320 seconds, Stopping threads took: 0.0000780 seconds
327.387: Application time: 0.0790290 seconds
327.387: [GC327.387: [ParNew: 34725K->2204K(37632K), 0.0008960 secs] 114807K->82286K(121024K), 0.0009270 secs] [Times: user=0.01 sys=0.00, real=0.01 secs] 
327.388: Total time for which application threads were stopped: 0.0010690 seconds, Stopping threads took: 0.0000820 seconds
327.469: Application time: 0.0810010 seconds
327.469: [GC327.469: [ParNew: 35303K->1094K(37632K), 0.0006090 secs] 115386K->81368K(121024K), 0.0006380 secs] [Times: user=0.01 sys=0.00, real=0.00 secs] 
327.470: Total time for which application threads were stopped: 0.0007650 seconds, Stopping threads took: 0.0000700 seconds
327.550: Application time: 0.0801080 seconds
327.550: [GC327.550: [ParNew: 34544K->1094K(37632K), 0.0006420 secs] 114819K->81368K(121024K), 0.0006700 secs] [Times: user=0.00 sys=0.00, real=0.00 secs] 
327.551: Total time for which application threads were stopped: 0.0008100 seconds, Stopping threads took: 0.0000750 seconds
327.630: Application time: 0.0796710 seconds
327.630: [GC327.630: [ParNew: 34109K->1124K(37632K), 0.0005580 secs] 114383K->81398K(121024K), 0.0005860 secs] [Times: user=0.00 sys=0.00, real=0.00 secs] 
327.631: Total time for which application threads were stopped: 0.0007340 seconds, Stopping threads took: 0.0000920 seconds
327.710: Application time: 0.0792460 seconds
327.710: [GC327.710: [ParNew: 34568K->2146K(37632K), 0.0009410 secs] 114843K->82420K(121024K), 0.0009720 secs] [Times: user=0.00 sys=0.00, real=0.00 secs] 
327.711: Total time for which application threads were stopped: 0.0011020 seconds, Stopping threads took: 0.0000700 seconds
327.789: Application time: 0.0779160 seconds
327.789: [GC327.789: [ParNew: 35153K->3144K(37632K), 0.0012260 secs] 115427K->83514K(121024K), 0.0012580 secs] [Times: user=0.01 sys=0.00, real=0.00 secs] 
327.791: Total time for which application threads were stopped: 0.0013910 seconds, Stopping threads took: 0.0000740 seconds
327.871: Application time: 0.0806950 seconds
327.871: [GC327.871: [ParNew: 36241K->2632K(37632K), 0.0009940 secs] 116612K->83106K(121024K), 0.0010240 secs] [Times: user=0.00 sys=0.00, real=0.00 secs] 
327.872: Total time for which application threads were stopped: 0.0011870 seconds, Stopping threads took: 0.0001030 seconds
327.954: Application time: 0.0817130 seconds
327.954: [GC327.954: [ParNew: 36085K->2058K(37632K), 0.0008760 secs] 116559K->82644K(121024K), 0.0009080 secs] [Times: user=0.00 sys=0.00, real=0.01 secs] 
327.955: Total time for which application threads were stopped: 0.0010590 seconds, Stopping threads took: 0.0000900 seconds
328.033: Application time: 0.0781980 seconds
328.034: [GC328.034: [ParNew: 35151K->2630K(37632K), 0.0009610 secs] 115737K->83217K(121024K), 0.0009910 secs] [Times: user=0.01 sys=0.00, real=0.00 secs] 
328.035: Total time for which application threads were stopped: 0.0011220 seconds, Stopping threads took: 0.0000710 seconds
328.115: Application time: 0.0807600 seconds
328.115: [GC328.116: [ParNew: 35727K->2118K(37632K), 0.0008870 secs] 116314K->82793K(121024K), 0.0009190 secs] [Times: user=0.01 sys=0.00, real=0.00 secs] 
328.116: Total time for which application threads were stopped: 0.0011100 seconds, Stopping threads took: 0.0001250 seconds
328.197: Application time: 0.0804820 seconds
328.197: [GC328.197: [ParNew: 35137K->1066K(37632K), 0.0005910 secs] 115811K->81837K(121024K), 0.0006290 secs] [Times: user=0.01 sys=0.00, real=0.00 secs] 
328.198: Total time for which application threads were stopped: 0.0007650 seconds, Stopping threads took: 0.0000790 seconds
328.277: Application time: 0.0794060 seconds
328.277: [GC328.277: [ParNew: 34514K->1578K(37632K), 0.0007150 secs] 115285K->82349K(121024K), 0.0007440 secs] [Times: user=0.00 sys=0.00, real=0.00 secs] 
328.278: Total time for which application threads were stopped: 0.0008750 seconds, Stopping threads took: 0.0000760 seconds
328.360: Application time: 0.0815800 seconds
328.360: [GC328.360: [ParNew: 35034K->552K(37632K), 0.0005580 secs] 115805K->81323K(121024K), 0.0005850 secs] [Times: user=0.00 sys=0.00, real=0.00 secs] 
328.360: Total time for which application threads were stopped: 0.0007110 seconds, Stopping threads took: 0.0000710 seconds
328.439: Application time: 0.0791740 seconds
328.440: [GC328.440: [ParNew: 33564K->1096K(37632K), 0.0005680 secs] 114335K->81867K(121024K), 0.0005970 secs] [Times: user=0.01 sys=0.00, real=0.00 secs] 
328.440: Total time for which application threads were stopped: 0.0007240 seconds, Stopping threads took: 0.0000710 seconds
328.521: Application time: 0.0806230 seconds
328.521: [GC328.521: [ParNew: 34193K->640K(37632K), 0.0004690 secs] 114964K->81411K(121024K), 0.0005000 secs] [Times: user=0.00 sys=0.00, real=0.00 secs] 
328.521: Total time for which application threads were stopped: 0.0006320 seconds, Stopping threads took: 0.0000760 seconds
328.602: Application time: 0.0805320 seconds
328.602: [GC328.602: [ParNew: 33657K->156K(37632K), 0.0003330 secs] 114427K->80927K(121024K), 0.0003640 secs] [Times: user=0.00 sys=0.00, real=0.00 secs] 
328.602: Total time for which application threads were stopped: 0.0004870 seconds, Stopping threads took: 0.0000670 seconds
328.681: Application time: 0.0783430 seconds
328.681: [GC328.681: [ParNew: 33598K->1692K(37632K), 0.0007360 secs] 114369K->82463K(121024K), 0.0007680 secs] [Times: user=0.00 sys=0.00, real=0.00 secs] 
328.682: Total time for which application threads were stopped: 0.0009260 seconds, Stopping threads took: 0.0000890 seconds
328.758: Application time: 0.0767050 seconds
328.759: [GC328.759: [ParNew: 34855K->3824K(37632K), 0.0013530 secs] 115626K->84595K(121024K), 0.0013880 secs] [Times: user=0.01 sys=0.00, real=0.00 secs] 
328.760: Total time for which application threads were stopped: 0.0015230 seconds, Stopping threads took: 0.0000700 seconds
328.842: Application time: 0.0820050 seconds
328.842: [GC328.842: [ParNew: 36853K->1578K(37632K), 0.0007890 secs] 117624K->82593K(121024K), 0.0008190 secs] [Times: user=0.01 sys=0.00, real=0.00 secs] 
328.843: Total time for which application threads were stopped: 0.0009670 seconds, Stopping threads took: 0.0000910 seconds
328.923: Application time: 0.0801240 seconds
328.923: [GC328.923: [ParNew: 35024K->2092K(37632K), 0.0008700 secs] 116039K->83107K(121024K), 0.0009030 secs] [Times: user=0.01 sys=0.00, real=0.00 secs] 
328.924: Total time for which application threads were stopped: 0.0010580 seconds, Stopping threads took: 0.0000960 seconds
329.006: Application time: 0.0815780 seconds
329.006: [GC329.006: [ParNew: 35549K->1062K(37632K), 0.0006350 secs] 116564K->82077K(121024K), 0.0006650 secs] [Times: user=0.01 sys=0.00, real=0.00 secs] 
329.006: Total time for which application threads were stopped: 0.0007870 seconds, Stopping threads took: 0.0000650 seconds
329.087: Application time: 0.0800260 seconds
329.087: [GC329.087: [ParNew: 34074K->1092K(37632K), 0.0006790 secs] 115089K->82107K(121024K), 0.0007080 secs] [Times: user=0.00 sys=0.00, real=0.01 secs] 
329.087: Total time for which application threads were stopped: 0.0008360 seconds, Stopping threads took: 0.0000710 seconds
329.165: Application time: 0.0779330 seconds
329.165: [GC329.165: [ParNew: 34179K->2174K(37632K), 0.0009220 secs] 115194K->83189K(121024K), 0.0009530 secs] [Times: user=0.01 sys=0.00, real=0.00 secs] 
329.166: Total time for which application threads were stopped: 0.0011080 seconds, Stopping threads took: 0.0000850 seconds
329.246: Application time: 0.0797640 seconds
329.246: [GC329.246: [ParNew: 35185K->2090K(37632K), 0.0008940 secs] 116200K->83261K(121024K), 0.0009280 secs] [Times: user=0.00 sys=0.00, real=0.01 secs] 
329.247: Total time for which application threads were stopped: 0.0010700 seconds, Stopping threads took: 0.0000730 seconds
329.327: Application time: 0.0799540 seconds
329.327: [GC329.327: [ParNew: 35103K->2120K(37632K), 0.0008420 secs] 116274K->83291K(121024K), 0.0008740 secs] [Times: user=0.01 sys=0.00, real=0.00 secs] 
329.328: Total time for which application threads were stopped: 0.0010680 seconds, Stopping threads took: 0.0001340 seconds
329.409: Application time: 0.0802840 seconds
329.409: [GC329.409: [ParNew: 35213K->2148K(37632K), 0.0008830 secs] 116384K->83399K(121024K), 0.0009140 secs] [Times: user=0.01 sys=0.00, real=0.00 secs] 
329.410: Total time for which application threads were stopped: 0.0010500 seconds, Stopping threads took: 0.0000770 seconds
329.489: Application time: 0.0798640 seconds
329.490: [GC329.490: [ParNew: 35163K->2088K(37632K), 0.0008470 secs] 116414K->83471K(121024K), 0.0008790 secs] [Times: user=0.01 sys=0.00, real=0.00 secs] 
329.490: Total time for which application threads were stopped: 0.0010250 seconds, Stopping threads took: 0.0000870 seconds
329.571: Application time: 0.0806950 seconds
329.571: [GC329.571: [ParNew: 35534K->2602K(37632K), 0.0010170 secs] 116918K->83985K(121024K), 0.0010490 secs] [Times: user=0.01 sys=0.00, real=0.00 secs] 
329.572: Total time for which application threads were stopped: 0.0012390 seconds, Stopping threads took: 0.0001300 seconds
329.654: Application time: 0.0819570 seconds
329.654: [GC329.654: [ParNew: 36059K->2062K(37632K), 0.0008470 secs] 117442K->83517K(121024K), 0.0008800 secs] [Times: user=0.00 sys=0.00, real=0.01 secs] 
329.655: Total time for which application threads were stopped: 0.0010010 seconds, Stopping threads took: 0.0000610 seconds
329.736: Application time: 0.0810680 seconds
329.737: [GC329.737: [ParNew: 35079K->1066K(37632K), 0.0006490 secs] 116534K->82521K(121024K), 0.0006790 secs] [Times: user=0.00 sys=0.00, real=0.00 secs] 
329.737: Total time for which application threads were stopped: 0.0008300 seconds, Stopping threads took: 0.0000920 seconds
329.818: Application time: 0.0805810 seconds
329.818: [GC329.818: [ParNew: 34161K->1120K(37632K), 0.0006870 secs] 115616K->82575K(121024K), 0.0007180 secs] [Times: user=0.00 sys=0.00, real=0.00 secs] 
329.819: Total time for which application threads were stopped: 0.0008580 seconds, Stopping threads took: 0.0000720 seconds
329.898: Application time: 0.0790460 seconds
329.898: [GC329.898: [ParNew: 34131K->1152K(37632K), 0.0005890 secs] 115586K->82607K(121024K), 0.0006210 secs] [Times: user=0.01 sys=0.00, real=0.00 secs] 
329.899: Total time for which application threads were stopped: 0.0007860 seconds, Stopping threads took: 0.0001060 seconds
329.978: Application time: 0.0798840 seconds
329.979: [GC329.979: [ParNew: 34167K->1180K(37632K), 0.0006100 secs] 115622K->82635K(121024K), 0.0006410 secs] [Times: user=0.00 sys=0.00, real=0.00 secs] 
329.979: Total time for which application threads were stopped: 0.0007800 seconds, Stopping threads took: 0.0000820 seconds
330.059: Application time: 0.0802590 seconds
330.060: [GC330.060: [ParNew: 34275K->1236K(37632K), 0.0006230 secs] 115730K->82691K(121024K), 0.0006530 secs] [Times: user=0.01 sys=0.00, real=0.00 secs] 
330.060: Total time for which application threads were stopped: 0.0007790 seconds, Stopping threads took: 0.0000680 seconds
330.141: Application time: 0.0805360 seconds
330.141: [GC330.141: [ParNew: 34255K->240K(37632K), 0.0003550 secs] 115710K->81695K(121024K), 0.0003850 secs] [Times: user=0.00 sys=0.00, real=0.00 secs] 
330.141: Total time for which application threads were stopped: 0.0005080 seconds, Stopping threads took: 0.0000680 seconds
330.221: Application time: 0.0798060 seconds
330.221: [GC330.221: [ParNew: 33682K->1776K(37632K), 0.0007760 secs] 115138K->83231K(121024K), 0.0008140 secs] [Times: user=0.01 sys=0.00, real=0.00 secs] 
330.222: Total time for which application threads were stopped: 0.0009520 seconds, Stopping threads took: 0.0000790 seconds
330.302: Application time: 0.0795260 seconds
330.302: [GC330.302: [ParNew: 35227K->1776K(37632K), 0.0007720 secs] 116682K->83231K(121024K), 0.0008020 secs] [Times: user=0.01 sys=0.00, real=0.00 secs] 
330.303: Total time for which application threads were stopped: 0.0009490 seconds, Stopping threads took: 0.0000920 seconds
330.382: Application time: 0.0797120 seconds
330.382: [GC330.382: [ParNew: 34789K->2288K(37632K), 0.0009370 secs] 116244K->83743K(121024K), 0.0009680 secs] [Times: user=0.00 sys=0.00, real=0.00 secs] 
330.383: Total time for which application threads were stopped: 0.0011080 seconds, Stopping threads took: 0.0000720 seconds
330.463: Application time: 0.0793220 seconds
330.463: [GC330.463: [ParNew: 35383K->2148K(37632K), 0.0008750 secs] 116839K->83783K(121024K), 0.0009060 secs] [Times: user=0.00 sys=0.00, real=0.00 secs] 
330.464: Total time for which application threads were stopped: 0.0010500 seconds, Stopping threads took: 0.0000840 seconds
330.545: Application time: 0.0814030 seconds
330.545: [GC330.545: [ParNew: 35167K->1580K(37632K), 0.0007310 secs] 116802K->83347K(121024K), 0.0007610 secs] [Times: user=0.01 sys=0.00, real=0.00 secs] 
330.546: Total time for which application threads were stopped: 0.0008980 seconds, Stopping threads took: 0.0000760 seconds
330.627: Application time: 0.0805960 seconds
330.627: [GC330.627: [ParNew: 34599K->1094K(37632K), 0.0005770 secs] 116366K->82861K(121024K), 0.0006080 secs] [Times: user=0.00 sys=0.00, real=0.01 secs] 
330.627: Total time for which application threads were stopped: 0.0007350 seconds, Stopping threads took: 0.0000670 seconds
330.708: Application time: 0.0805930 seconds
330.708: [GC330.708: [ParNew: 34185K->1152K(37632K), 0.0005690 secs] 115953K->82920K(121024K), 0.0006000 secs] [Times: user=0.01 sys=0.00, real=0.00 secs] 
330.709: Total time for which application threads were stopped: 0.0007320 seconds, Stopping threads took: 0.0000700 seconds
330.792: Application time: 0.0831830 seconds
330.792: [GC330.792: [ParNew: 34160K->2204K(37632K), 0.0008780 secs] 115928K->83972K(121024K), 0.0009080 secs] [Times: user=0.01 sys=0.00, real=0.00 secs] 
330.793: Total time for which application threads were stopped: 0.0010520 seconds, Stopping threads took: 0.0000820 seconds
330.883: Application time: 0.0899390 seconds
330.883: [GC330.883: [ParNew: 35661K->1574K(37632K), 0.0008500 secs] 117429K->83490K(121024K), 0.0008800 secs] [Times: user=0.00 sys=0.00, real=0.00 secs] 
330.884: Total time for which application threads were stopped: 0.0010020 seconds, Stopping threads took: 0.0000630 seconds
330.973: Application time: 0.0890400 seconds
330.973: [GC330.973: [ParNew: 35030K->552K(37632K), 0.0004160 secs] 116946K->82468K(121024K), 0.0004450 secs] [Times: user=0.00 sys=0.00, real=0.00 secs] 
330.974: Total time for which application threads were stopped: 0.0005800 seconds, Stopping threads took: 0.0000690 seconds
331.060: Application time: 0.0863290 seconds
331.060: [GC331.060: [ParNew: 33562K->1096K(37632K), 0.0005950 secs] 115478K->83012K(121024K), 0.0006250 secs] [Times: user=0.00 sys=0.00, real=0.00 secs] 
331.061: Total time for which application threads were stopped: 0.0007470 seconds, Stopping threads took: 0.0000620 seconds
331.145: Application time: 0.0840670 seconds
331.145: [GC331.145: [ParNew: 34181K->2174K(37632K), 0.0008420 secs] 116097K->84090K(121024K), 0.0008730 secs] [Times: user=0.00 sys=0.00, real=0.00 secs] 
331.146: Total time for which application threads were stopped: 0.0010820 seconds, Stopping threads took: 0.0001480 seconds
331.233: Application time: 0.0876610 seconds
331.234: [GC331.234: [ParNew: 35191K->2090K(37632K), 0.0009290 secs] 117107K->84166K(121024K), 0.0009600 secs] [Times: user=0.00 sys=0.00, real=0.00 secs] 
331.235: Total time for which application threads were stopped: 0.0011060 seconds, Stopping threads took: 0.0000840 seconds
331.322: Application time: 0.0879020 seconds
331.323: [GC331.323: [ParNew: 35109K->1096K(37632K), 0.0005750 secs] 117185K->83172K(121024K), 0.0006150 secs] [Times: user=0.01 sys=0.00, real=0.00 secs] 
331.323: Total time for which application threads were stopped: 0.0007660 seconds, Stopping threads took: 0.0000890 seconds
331.409: Application time: 0.0857270 seconds
331.409: [GC331.409: [ParNew: 34191K->1152K(37632K), 0.0006130 secs] 116267K->83228K(121024K), 0.0006430 secs] [Times: user=0.01 sys=0.00, real=0.00 secs] 
331.410: Total time for which application threads were stopped: 0.0007870 seconds, Stopping threads took: 0.0000850 seconds
331.496: Application time: 0.0862970 seconds
331.496: [GC331.496: [ParNew: 34165K->1180K(37632K), 0.0006140 secs] 116241K->83256K(121024K), 0.0006470 secs] [Times: user=0.00 sys=0.00, real=0.00 secs] 
331.497: Total time for which application threads were stopped: 0.0007910 seconds, Stopping threads took: 0.0000740 seconds
331.582: Application time: 0.0854660 seconds
331.582: [GC331.582: [ParNew: 34624K->2204K(37632K), 0.0009080 secs] 116700K->84280K(121024K), 0.0009400 secs] [Times: user=0.01 sys=0.00, real=0.00 secs] 
331.583: Total time for which application threads were stopped: 0.0011460 seconds, Stopping threads took: 0.0001420 seconds
331.672: Application time: 0.0886210 seconds
331.672: [GC331.672: [ParNew: 35661K->1064K(37632K), 0.0006770 secs] 117737K->83304K(121024K), 0.0015290 secs] [Times: user=0.00 sys=0.00, real=0.00 secs] 
331.674: Total time for which application threads were stopped: 0.0016630 seconds, Stopping threads took: 0.0000680 seconds
331.758: Application time: 0.0846530 seconds
331.759: [GC331.759: [ParNew: 34072K->2120K(37632K), 0.0008450 secs] 116312K->84360K(121024K), 0.0008760 secs] [Times: user=0.00 sys=0.00, real=0.00 secs] 
331.759: Total time for which application threads were stopped: 0.0010410 seconds, Stopping threads took: 0.0001030 seconds
331.846: Application time: 0.0861690 seconds
331.846: [GC331.846: [ParNew: 35213K->2146K(37632K), 0.0009230 secs] 117453K->84466K(121024K), 0.0009520 secs] [Times: user=0.01 sys=0.00, real=0.00 secs] 
331.847: Total time for which application threads were stopped: 0.0011140 seconds, Stopping threads took: 0.0001020 seconds
331.932: Application time: 0.0857820 seconds
331.933: [GC331.933: [ParNew: 35161K->2092K(37632K), 0.0008500 secs] 117481K->84544K(121024K), 0.0008810 secs] [Times: user=0.00 sys=0.00, real=0.00 secs] 
331.934: Total time for which application threads were stopped: 0.0010420 seconds, Stopping threads took: 0.0000980 seconds
332.021: Application time: 0.0872160 seconds
332.021: [GC332.021: [ParNew: 35113K->1094K(37632K), 0.0006520 secs] 117565K->83546K(121024K), 0.0006810 secs] [Times: user=0.01 sys=0.00, real=0.00 secs] 
332.022: Total time for which application threads were stopped: 0.0008160 seconds, Stopping threads took: 0.0000710 seconds
332.108: Application time: 0.0860930 seconds
332.108: [GC332.108: [ParNew: 34265K->1176K(37632K), 0.0006720 secs] 116717K->83628K(121024K), 0.0007040 secs] [Times: user=0.01 sys=0.00, real=0.00 secs] 
332.108: Total time for which application threads were stopped: 0.0008390 seconds, Stopping threads took: 0.0000770 seconds
332.196: Application time: 0.0878600 seconds
332.196: [GC332.196: [ParNew: 34624K->1180K(37632K), 0.0006390 secs] 117077K->83632K(121024K), 0.0006690 secs] [Times: user=0.00 sys=0.00, real=0.00 secs] 
332.197: Total time for which application threads were stopped: 0.0007910 seconds, Stopping threads took: 0.0000620 seconds
332.285: Application time: 0.0882740 seconds
332.286: [GC332.286: [ParNew: 34628K->1178K(37632K), 0.0006330 secs] 117081K->83630K(121024K), 0.0006640 secs] [Times: user=0.00 sys=0.00, real=0.00 secs] 
332.286: Total time for which application threads were stopped: 0.0007870 seconds, Stopping threads took: 0.0000630 seconds
332.373: Application time: 0.0871300 seconds
332.373: [GC332.373: [ParNew: 34624K->1688K(37632K), 0.0008100 secs] 117077K->84140K(121024K), 0.0008520 secs] [Times: user=0.00 sys=0.00, real=0.00 secs] 
332.374: Total time for which application threads were stopped: 0.0009790 seconds, Stopping threads took: 0.0000650 seconds
332.462: Application time: 0.0876820 seconds
332.462: [GC332.462: [ParNew: 34713K->184K(37632K), 0.0003830 secs] 117165K->82636K(121024K), 0.0004130 secs] [Times: user=0.00 sys=0.00, real=0.00 secs] 
332.463: Total time for which application threads were stopped: 0.0005250 seconds, Stopping threads took: 0.0000540 seconds
332.549: Application time: 0.0868120 seconds
332.549: [GC332.549: [ParNew: 33275K->236K(37632K), 0.0004620 secs] 115727K->82688K(121024K), 0.0005090 secs] [Times: user=0.00 sys=0.00, real=0.00 secs] 
332.550: Total time for which application threads were stopped: 0.0006400 seconds, Stopping threads took: 0.0000650 seconds
332.637: Application time: 0.0868630 seconds
332.639: [GC332.639: [ParNew: 33247K->752K(37632K), 0.0004790 secs] 115699K->83204K(121024K), 0.0005120 secs] [Times: user=0.00 sys=0.00, real=0.00 secs] 
332.640: Total time for which application threads were stopped: 0.0028690 seconds, Stopping threads took: 0.0022980 seconds
332.724: Application time: 0.0838690 seconds
332.724: [GC332.724: [ParNew: 33763K->1264K(37632K), 0.0006390 secs] 116215K->83716K(121024K), 0.0006730 secs] [Times: user=0.01 sys=0.00, real=0.00 secs] 
332.724: Total time for which application threads were stopped: 0.0008300 seconds, Stopping threads took: 0.0000930 seconds
332.813: Application time: 0.0883850 seconds
332.813: [GC332.813: [ParNew: 34435K->1264K(37632K), 0.0006320 secs] 116888K->83716K(121024K), 0.0006620 secs] [Times: user=0.01 sys=0.00, real=0.00 secs] 
332.814: Total time for which application threads were stopped: 0.0007830 seconds, Stopping threads took: 0.0000610 seconds
332.901: Application time: 0.0870090 seconds
332.901: [GC332.901: [ParNew: 34711K->1776K(37632K), 0.0007840 secs] 117163K->84228K(121024K), 0.0008180 secs] [Times: user=0.01 sys=0.00, real=0.00 secs] 
332.902: Total time for which application threads were stopped: 0.0009570 seconds, Stopping threads took: 0.0000770 seconds
332.988: Application time: 0.0865470 seconds
332.988: [GC332.988: [ParNew: 35221K->2288K(37632K), 0.0009000 secs] 117673K->84740K(121024K), 0.0009320 secs] [Times: user=0.01 sys=0.00, real=0.00 secs] 
332.989: Total time for which application threads were stopped: 0.0010700 seconds, Stopping threads took: 0.0000750 seconds
333.077: Application time: 0.0873180 seconds
333.077: [GC333.077: [ParNew: 35737K->2058K(37632K), 0.0009980 secs] 118189K->84770K(121024K), 0.0010300 secs] [Times: user=0.00 sys=0.00, real=0.00 secs] 
333.078: Total time for which application threads were stopped: 0.0011690 seconds, Stopping threads took: 0.0000670 seconds
333.164: Application time: 0.0859530 seconds
333.164: [GC333.164: [ParNew: 35066K->2602K(37632K), 0.0009720 secs] 117779K->85314K(121024K), 0.0010070 secs] [Times: user=0.01 sys=0.00, real=0.00 secs] 
333.165: Total time for which application threads were stopped: 0.0011480 seconds, Stopping threads took: 0.0000780 seconds
333.252: Application time: 0.0868550 seconds
333.252: [GC333.252: [ParNew: 35695K->2630K(37632K), 0.0010070 secs] 118408K->85406K(121024K), 0.0010430 secs] [Times: user=0.01 sys=0.00, real=0.00 secs] 
333.253: Total time for which application threads were stopped: 0.0011720 seconds, Stopping threads took: 0.0000630 seconds
333.341: Application time: 0.0877120 seconds
333.341: [GC333.341: [ParNew: 35649K->1578K(37632K), 0.0007470 secs] 118426K->84458K(121024K), 0.0007760 secs] [Times: user=0.01 sys=0.00, real=0.00 secs] 
333.341: Total time for which application threads were stopped: 0.0009120 seconds, Stopping threads took: 0.0000750 seconds
333.427: Application time: 0.0850880 seconds
333.427: [GC333.427: [ParNew: 34591K->1608K(37632K), 0.0007260 secs] 117471K->84488K(121024K), 0.0007560 secs] [Times: user=0.00 sys=0.00, real=0.01 secs] 
333.427: Total time for which application threads were stopped: 0.0008980 seconds, Stopping threads took: 0.0000800 seconds
333.514: Application time: 0.0866910 seconds
333.514: [GC333.514: [ParNew: 34781K->1692K(37632K), 0.0007600 secs] 117662K->84573K(121024K), 0.0008020 secs] [Times: user=0.00 sys=0.00, real=0.00 secs] 
333.515: Total time for which application threads were stopped: 0.0009420 seconds, Stopping threads took: 0.0000790 seconds
333.603: Application time: 0.0882790 seconds
333.603: [GC333.603: [ParNew: 35145K->1180K(37632K), 0.0006260 secs] 118025K->84061K(121024K), 0.0006580 secs] [Times: user=0.01 sys=0.00, real=0.00 secs] 
333.604: Total time for which application threads were stopped: 0.0007850 seconds, Stopping threads took: 0.0000570 seconds
333.691: Application time: 0.0868680 seconds
333.691: [GC333.691: [ParNew: 34628K->1690K(37632K), 0.0007370 secs] 117509K->84571K(121024K), 0.0007690 secs] [Times: user=0.01 sys=0.00, real=0.00 secs] 
333.692: Total time for which application threads were stopped: 0.0009280 seconds, Stopping threads took: 0.0000980 seconds
333.780: Application time: 0.0885460 seconds
333.781: [GC333.781: [ParNew: 35141K->1692K(37632K), 0.0007400 secs] 118021K->84573K(121024K), 0.0007710 secs] [Times: user=0.01 sys=0.00, real=0.00 secs] 
333.781: Total time for which application threads were stopped: 0.0009210 seconds, Stopping threads took: 0.0000880 seconds
333.867: Application time: 0.0858230 seconds
333.867: [GC333.867: [ParNew: 34705K->1720K(37632K), 0.0007800 secs] 117585K->84601K(121024K), 0.0008090 secs] [Times: user=0.01 sys=0.00, real=0.00 secs] 
333.868: Total time for which application threads were stopped: 0.0009530 seconds, Stopping threads took: 0.0000820 seconds
333.956: Application time: 0.0873620 seconds
333.956: [GC333.956: [ParNew: 34811K->1776K(37632K), 0.0007350 secs] 117692K->84657K(121024K), 0.0007680 secs] [Times: user=0.00 sys=0.00, real=0.00 secs] 
333.956: Total time for which application threads were stopped: 0.0008850 seconds, Stopping threads took: 0.0000560 seconds
334.043: Application time: 0.0870040 seconds
334.044: [GC334.044: [ParNew: 34873K->1264K(37632K), 0.0006480 secs] 117754K->84145K(121024K), 0.0006770 secs] [Times: user=0.00 sys=0.00, real=0.00 secs] 
334.044: Total time for which application threads were stopped: 0.0008060 seconds, Stopping threads took: 0.0000720 seconds
334.131: Application time: 0.0865200 seconds
334.131: [GC334.131: [ParNew: 34275K->1264K(37632K), 0.0006260 secs] 117156K->84145K(121024K), 0.0006550 secs] [Times: user=0.01 sys=0.00, real=0.00 secs] 
334.132: Total time for which application threads were stopped: 0.0007840 seconds, Stopping threads took: 0.0000660 seconds
334.216: Application time: 0.0848610 seconds
334.217: [GC334.217: [ParNew: 34355K->1776K(37632K), 0.0007500 secs] 117236K->84657K(121024K), 0.0007800 secs] [Times: user=0.01 sys=0.00, real=0.00 secs] 
334.217: Total time for which application threads were stopped: 0.0009390 seconds, Stopping threads took: 0.0000980 seconds
334.306: Application time: 0.0885130 seconds
334.306: [GC334.306: [ParNew: 35225K->1776K(37632K), 0.0007800 secs] 118105K->84657K(121024K), 0.0008130 secs] [Times: user=0.01 sys=0.00, real=0.00 secs] 
334.307: Total time for which application threads were stopped: 0.0009880 seconds, Stopping threads took: 0.0001140 seconds
334.394: Application time: 0.0869540 seconds
334.394: [GC334.394: [ParNew: 35225K->1776K(37632K), 0.0007760 secs] 118105K->84657K(121024K), 0.0008070 secs] [Times: user=0.00 sys=0.00, real=0.00 secs] 
334.395: Total time for which application threads were stopped: 0.0009750 seconds, Stopping threads took: 0.0001080 seconds
334.484: Application time: 0.0890050 seconds
334.484: [GC334.484: [ParNew: 35231K->1264K(37632K), 0.0006490 secs] 118111K->84145K(121024K), 0.0006800 secs] [Times: user=0.01 sys=0.00, real=0.00 secs] 
334.485: Total time for which application threads were stopped: 0.0008230 seconds, Stopping threads took: 0.0000850 seconds
334.571: Application time: 0.0859930 seconds
334.571: [GC334.571: [ParNew: 34271K->2288K(37632K), 0.0009090 secs] 117151K->85169K(121024K), 0.0009410 secs] [Times: user=0.00 sys=0.00, real=0.00 secs] 
334.572: Total time for which application threads were stopped: 0.0010860 seconds, Stopping threads took: 0.0000760 seconds
334.659: Application time: 0.0868650 seconds
334.659: [GC334.659: [ParNew: 35385K->1632K(37632K), 0.0008740 secs] 118266K->84697K(121024K), 0.0009050 secs] [Times: user=0.00 sys=0.00, real=0.00 secs] 
334.660: Total time for which application threads were stopped: 0.0010340 seconds, Stopping threads took: 0.0000600 seconds
334.742: Application time: 0.0819750 seconds
334.742: [GC334.742: [ParNew: 34723K->1692K(37632K), 0.0007090 secs] 117788K->84757K(121024K), 0.0007370 secs] [Times: user=0.00 sys=0.00, real=0.00 secs] 
334.742: Total time for which application threads were stopped: 0.0008610 seconds, Stopping threads took: 0.0000680 seconds
334.822: Application time: 0.0797670 seconds
334.822: [GC334.822: [ParNew: 34709K->1208K(37632K), 0.0005870 secs] 117774K->84273K(121024K), 0.0006140 secs] [Times: user=0.00 sys=0.00, real=0.00 secs] 
334.823: Total time for which application threads were stopped: 0.0007370 seconds, Stopping threads took: 0.0000690 seconds
334.902: Application time: 0.0790340 seconds
334.902: [GC334.902: [ParNew: 34299K->1776K(37632K), 0.0007480 secs] 117364K->84841K(121024K), 0.0007780 secs] [Times: user=0.01 sys=0.00, real=0.00 secs] 
334.903: Total time for which application threads were stopped: 0.0009110 seconds, Stopping threads took: 0.0000730 seconds
334.984: Application time: 0.0806470 seconds
334.984: [GC334.984: [ParNew: 35223K->2288K(37632K), 0.0008860 secs] 118287K->85353K(121024K), 0.0009180 secs] [Times: user=0.01 sys=0.00, real=0.00 secs] 
334.985: Total time for which application threads were stopped: 0.0010540 seconds, Stopping threads took: 0.0000770 seconds
335.066: Application time: 0.0809350 seconds
335.066: [GC335.066: [ParNew: 35743K->1546K(37632K), 0.0008380 secs] 118808K->84871K(121024K), 0.0008670 secs] [Times: user=0.00 sys=0.00, real=0.00 secs] 
335.067: Total time for which application threads were stopped: 0.0010000 seconds, Stopping threads took: 0.0000750 seconds
335.146: Application time: 0.0796530 seconds
335.146: [GC335.146: [ParNew: 34990K->2060K(37632K), 0.0009240 secs] 118315K->85385K(121024K), 0.0009540 secs] [Times: user=0.00 sys=0.00, real=0.01 secs] 
335.147: Total time for which application threads were stopped: 0.0011450 seconds, Stopping threads took: 0.0001330 seconds
335.227: Application time: 0.0794030 seconds
335.227: [GC335.227: [ParNew: 35508K->3084K(37632K), 0.0011320 secs] 118833K->86409K(121024K), 0.0011620 secs] [Times: user=0.01 sys=0.00, real=0.01 secs] 
335.228: Total time for which application threads were stopped: 0.0013050 seconds, Stopping threads took: 0.0000730 seconds
335.310: Application time: 0.0823090 seconds
335.311: [GC335.311: [ParNew: 36263K->2148K(37632K), 0.0008360 secs] 119588K->85473K(121024K), 0.0008690 secs] [Times: user=0.00 sys=0.00, real=0.00 secs] 
335.311: Total time for which application threads were stopped: 0.0010800 seconds, Stopping threads took: 0.0001540 seconds
335.391: Application time: 0.0795550 seconds
335.391: [GC335.391: [ParNew: 35237K->2632K(37632K), 0.0010770 secs]335.392: [Tenured: 83461K->9266K(84544K), 0.0105310 secs] 118562K->9266K(122176K), [Perm : 5188K->5186K(21248K)], 0.0116860 secs] [Times: user=0.02 sys=0.00, real=0.01 secs] 
335.403: Total time for which application threads were stopped: 0.0118390 seconds, Stopping threads took: 0.0000830 seconds
335.484: Application time: 0.0807450 seconds
335.484: [GC335.484: [ParNew: 33023K->1066K(37632K), 0.0004440 secs] 42289K->10332K(121024K), 0.0004720 secs] [Times: user=0.00 sys=0.00, real=0.00 secs] 
335.484: Total time for which application threads were stopped: 0.0005910 seconds, Stopping threads took: 0.0000640 seconds
335.561: Application time: 0.0771080 seconds
335.562: [GC335.562: [ParNew: 34157K->1634K(37632K), 0.0006690 secs] 43423K->10900K(121024K), 0.0006990 secs] [Times: user=0.00 sys=0.00, real=0.00 secs] 
335.562: Total time for which application threads were stopped: 0.0009510 seconds, Stopping threads took: 0.0001950 seconds
335.643: Application time: 0.0805540 seconds
335.643: [GC335.643: [ParNew: 35082K->2146K(37632K), 0.0008710 secs] 44349K->11412K(121024K), 0.0009110 secs] [Times: user=0.00 sys=0.00, real=0.00 secs] 
335.644: Total time for which application threads were stopped: 0.0010470 seconds, Stopping threads took: 0.0000740 seconds
335.723: Application time: 0.0795460 seconds
335.724: [GC335.724: [ParNew: 35594K->2058K(37632K), 0.0008690 secs] 44861K->11448K(121024K), 0.0009000 secs] [Times: user=0.00 sys=0.00, real=0.00 secs] 
335.724: Total time for which application threads were stopped: 0.0010250 seconds, Stopping threads took: 0.0000650 seconds
335.806: Application time: 0.0817120 seconds
335.806: [GC335.806: [ParNew: 35514K->1034K(37632K), 0.0004620 secs] 44905K->10424K(121024K), 0.0004890 secs] [Times: user=0.00 sys=0.00, real=0.00 secs] 
335.807: Total time for which application threads were stopped: 0.0006300 seconds, Stopping threads took: 0.0000730 seconds
335.885: Application time: 0.0784870 seconds
335.885: [GC335.885: [ParNew: 34046K->1580K(37632K), 0.0006240 secs] 43437K->10970K(121024K), 0.0006540 secs] [Times: user=0.01 sys=0.00, real=0.00 secs] 
335.886: Total time for which application threads were stopped: 0.0007940 seconds, Stopping threads took: 0.0000820 seconds
335.965: Application time: 0.0785500 seconds
335.965: [GC335.965: [ParNew: 34673K->1636K(37632K), 0.0006570 secs] 44063K->11026K(121024K), 0.0006850 secs] [Times: user=0.00 sys=0.00, real=0.00 secs] 
335.965: Total time for which application threads were stopped: 0.0008130 seconds, Stopping threads took: 0.0000710 seconds
336.043: Application time: 0.0775650 seconds
336.043: [GC336.043: [ParNew: 34725K->2716K(37632K), 0.0010290 secs] 44115K->12106K(121024K), 0.0010640 secs] [Times: user=0.01 sys=0.00, real=0.00 secs] 
336.044: Total time for which application threads were stopped: 0.0012190 seconds, Stopping threads took: 0.0000950 seconds
336.122: Application time: 0.0781250 seconds
336.122: [GC336.122: [ParNew: 35731K->2604K(37632K), 0.0010630 secs] 45121K->12182K(121024K), 0.0010970 secs] [Times: user=0.01 sys=0.00, real=0.00 secs] 
336.124: Total time for which application threads were stopped: 0.0012320 seconds, Stopping threads took: 0.0000720 seconds
336.207: Application time: 0.0839260 seconds
336.208: [GC336.208: [ParNew: 35711K->584K(37632K), 0.0005510 secs] 45290K->10234K(121024K), 0.0005790 secs] [Times: user=0.00 sys=0.00, real=0.00 secs] 
336.208: Total time for which application threads were stopped: 0.0006930 seconds, Stopping threads took: 0.0000610 seconds
336.286: Application time: 0.0781320 seconds
336.286: [GC336.286: [ParNew: 34028K->1608K(37632K), 0.0006220 secs] 43679K->11258K(121024K), 0.0006510 secs] [Times: user=0.00 sys=0.00, real=0.01 secs] 
336.287: Total time for which application threads were stopped: 0.0008050 seconds, Stopping threads took: 0.0000920 seconds
336.368: Application time: 0.0804160 seconds
336.368: [GC336.368: [ParNew: 35054K->2630K(37632K), 0.0010160 secs] 44705K->12280K(121024K), 0.0010530 secs] [Times: user=0.01 sys=0.00, real=0.00 secs] 
336.369: Total time for which application threads were stopped: 0.0012290 seconds, Stopping threads took: 0.0001010 seconds
336.450: Application time: 0.0813200 seconds
336.450: [GC336.450: [ParNew: 36089K->1546K(37632K), 0.0005620 secs] 45739K->11308K(121024K), 0.0005900 secs] [Times: user=0.01 sys=0.00, real=0.00 secs] 
336.451: Total time for which application threads were stopped: 0.0007230 seconds, Stopping threads took: 0.0000780 seconds
336.530: Application time: 0.0791460 seconds
336.530: [GC336.530: [ParNew: 34558K->1066K(37632K), 0.0005440 secs] 44321K->10828K(121024K), 0.0005770 secs] [Times: user=0.00 sys=0.00, real=0.00 secs] 
336.531: Total time for which application threads were stopped: 0.0007620 seconds, Stopping threads took: 0.0001270 seconds
336.608: Application time: 0.0776130 seconds
336.608: [GC336.608: [ParNew: 34157K->2148K(37632K), 0.0007900 secs] 43920K->11911K(121024K), 0.0008220 secs] [Times: user=0.01 sys=0.00, real=0.00 secs] 
336.609: Total time for which application threads were stopped: 0.0009530 seconds, Stopping threads took: 0.0000610 seconds
336.689: Application time: 0.0794400 seconds
336.689: [GC336.689: [ParNew: 35161K->2086K(37632K), 0.0009330 secs] 44923K->11968K(121024K), 0.0009680 secs] [Times: user=0.01 sys=0.00, real=0.00 secs] 
336.690: Total time for which application threads were stopped: 0.0011160 seconds, Stopping threads took: 0.0000870 seconds
336.769: Application time: 0.0788220 seconds
336.769: [GC336.769: [ParNew: 35175K->2660K(37632K), 0.0009750 secs] 45058K->12543K(121024K), 0.0010090 secs] [Times: user=0.00 sys=0.00, real=0.00 secs] 
336.770: Total time for which application threads were stopped: 0.0011470 seconds, Stopping threads took: 0.0000750 seconds
336.849: Application time: 0.0792510 seconds
336.849: [GC336.849: [ParNew: 35753K->2630K(37632K), 0.0010790 secs] 45636K->12633K(121024K), 0.0011090 secs] [Times: user=0.00 sys=0.00, real=0.00 secs] 
336.850: Total time for which application threads were stopped: 0.0012570 seconds, Stopping threads took: 0.0000860 seconds
336.930: Application time: 0.0797670 seconds
336.930: [GC336.930: [ParNew: 36089K->1548K(37632K), 0.0006140 secs] 46092K->11655K(121024K), 0.0006430 secs] [Times: user=0.01 sys=0.00, real=0.00 secs] 
336.931: Total time for which application threads were stopped: 0.0007740 seconds, Stopping threads took: 0.0000650 seconds
337.012: Application time: 0.0807690 seconds
337.012: [GC337.012: [ParNew: 34992K->2062K(37632K), 0.0008120 secs] 45099K->12169K(121024K), 0.0008420 secs] [Times: user=0.01 sys=0.00, real=0.00 secs] 
337.013: Total time for which application threads were stopped: 0.0009700 seconds, Stopping threads took: 0.0000680 seconds
337.093: Application time: 0.0806600 seconds
337.093: [GC337.093: [ParNew: 35516K->1546K(37632K), 0.0006050 secs] 45623K->11653K(121024K), 0.0006320 secs] [Times: user=0.00 sys=0.00, real=0.00 secs] 
337.094: Total time for which application threads were stopped: 0.0008210 seconds, Stopping threads took: 0.0001330 seconds
337.174: Application time: 0.0800900 seconds
337.174: [GC337.174: [ParNew: 34645K->584K(37632K), 0.0003300 secs] 44752K->10691K(121024K), 0.0003550 secs] [Times: user=0.00 sys=0.00, real=0.00 secs] 
337.175: Total time for which application threads were stopped: 0.0004820 seconds, Stopping threads took: 0.0000750 seconds
337.252: Application time: 0.0775200 seconds
337.252: [GC337.252: [ParNew: 33590K->1636K(37632K), 0.0006370 secs] 43697K->11743K(121024K), 0.0006660 secs] [Times: user=0.01 sys=0.00, real=0.00 secs] 
337.253: Total time for which application threads were stopped: 0.0007900 seconds, Stopping threads took: 0.0000660 seconds
337.331: Application time: 0.0780020 seconds
337.331: [GC337.331: [ParNew: 34645K->3200K(37632K), 0.0011830 secs] 44751K->13307K(121024K), 0.0012190 secs] [Times: user=0.01 sys=0.00, real=0.00 secs] 
337.332: Total time for which application threads were stopped: 0.0013820 seconds, Stopping threads took: 0.0000990 seconds
337.411: Application time: 0.0789760 seconds
337.412: [GC337.412: [ParNew: 36376K->2660K(37632K), 0.0010080 secs] 46483K->12927K(121024K), 0.0010410 secs] [Times: user=0.01 sys=0.00, real=0.00 secs] 
337.413: Total time for which application threads were stopped: 0.0012210 seconds, Stopping threads took: 0.0001150 seconds
337.492: Application time: 0.0792020 seconds
337.492: [GC337.492: [ParNew: 35681K->1578K(37632K), 0.0007200 secs] 45948K->11973K(121024K), 0.0007510 secs] [Times: user=0.00 sys=0.00, real=0.00 secs] 
337.493: Total time for which application threads were stopped: 0.0009090 seconds, Stopping threads took: 0.0000880 seconds
337.571: Application time: 0.0779200 seconds
337.571: [GC337.571: [ParNew: 35022K->2602K(37632K), 0.0010380 secs] 45417K->12997K(121024K), 0.0010750 secs] [Times: user=0.00 sys=0.00, real=0.00 secs] 
337.572: Total time for which application threads were stopped: 0.0012300 seconds, Stopping threads took: 0.0000930 seconds
337.653: Application time: 0.0814010 seconds
337.653: [GC337.653: [ParNew: 36055K->2062K(37632K), 0.0008130 secs] 46450K->12521K(121024K), 0.0008530 secs] [Times: user=0.01 sys=0.00, real=0.00 secs] 
337.654: Total time for which application threads were stopped: 0.0009770 seconds, Stopping threads took: 0.0000620 seconds
337.732: Application time: 0.0779460 seconds
337.732: [GC337.732: [ParNew: 35508K->2574K(37632K), 0.0009850 secs] 45967K->13033K(121024K), 0.0010140 secs] [Times: user=0.01 sys=0.00, real=0.00 secs] 
337.733: Total time for which application threads were stopped: 0.0011450 seconds, Stopping threads took: 0.0000730 seconds
337.812: Application time: 0.0785030 seconds
337.812: [GC337.812: [ParNew: 35665K->2630K(37632K), 0.0010250 secs] 46124K->13089K(121024K), 0.0010560 secs] [Times: user=0.01 sys=0.00, real=0.00 secs] 
337.813: Total time for which application threads were stopped: 0.0011860 seconds, Stopping threads took: 0.0000660 seconds
337.893: Application time: 0.0804020 seconds
337.895: [GC337.895: [ParNew: 35733K->1096K(37632K), 0.0004680 secs] 46192K->11659K(121024K), 0.0004960 secs] [Times: user=0.00 sys=0.00, real=0.00 secs] 
337.896: Total time for which application threads were stopped: 0.0022800 seconds, Stopping threads took: 0.0017270 seconds
337.975: Application time: 0.0797350 seconds
337.976: [GC337.976: [ParNew: 34544K->1096K(37632K), 0.0004600 secs] 45108K->11659K(121024K), 0.0004860 secs] [Times: user=0.00 sys=0.00, real=0.00 secs] 
337.976: Total time for which application threads were stopped: 0.0006080 seconds, Stopping threads took: 0.0000670 seconds
338.054: Application time: 0.0779830 seconds
338.054: [GC338.054: [ParNew: 34259K->2204K(37632K), 0.0007880 secs] 44822K->12767K(121024K), 0.0008180 secs] [Times: user=0.00 sys=0.00, real=0.00 secs] 
338.055: Total time for which application threads were stopped: 0.0009700 seconds, Stopping threads took: 0.0000870 seconds
338.135: Application time: 0.0798750 seconds
338.135: [GC338.135: [ParNew: 35223K->1576K(37632K), 0.0007150 secs] 45786K->12323K(121024K), 0.0007410 secs] [Times: user=0.00 sys=0.00, real=0.01 secs] 
338.136: Total time for which application threads were stopped: 0.0008760 seconds, Stopping threads took: 0.0000740 seconds
338.216: Application time: 0.0798350 seconds
338.216: [GC338.216: [ParNew: 35026K->1576K(37632K), 0.0006870 secs] 45774K->12323K(121024K), 0.0007150 secs] [Times: user=0.00 sys=0.00, real=0.00 secs] 
338.216: Total time for which application threads were stopped: 0.0008640 seconds, Stopping threads took: 0.0000930 seconds
338.294: Application time: 0.0774220 seconds
338.294: [GC338.294: [ParNew: 35018K->3114K(37632K), 0.0011190 secs] 45766K->13861K(121024K), 0.0011520 secs] [Times: user=0.01 sys=0.00, real=0.01 secs] 
338.295: Total time for which application threads were stopped: 0.0012960 seconds, Stopping threads took: 0.0000820 seconds
338.377: Application time: 0.0822990 seconds
338.378: [GC338.378: [ParNew: 36579K->1036K(37632K), 0.0004880 secs] 47326K->11855K(121024K), 0.0005170 secs] [Times: user=0.00 sys=0.00, real=0.00 secs] 
338.378: Total time for which application threads were stopped: 0.0006550 seconds, Stopping threads took: 0.0000840 seconds
338.456: Application time: 0.0777960 seconds
338.456: [GC338.456: [ParNew: 34116K->2630K(37632K), 0.0009110 secs] 44936K->13449K(121024K), 0.0009440 secs] [Times: user=0.01 sys=0.00, real=0.00 secs] 
338.457: Total time for which application threads were stopped: 0.0011400 seconds, Stopping threads took: 0.0001380 seconds
338.535: Application time: 0.0781010 seconds
338.535: [GC338.535: [ParNew: 35645K->2604K(37632K), 0.0010000 secs] 46464K->13519K(121024K), 0.0010320 secs] [Times: user=0.01 sys=0.00, real=0.00 secs] 
338.536: Total time for which application threads were stopped: 0.0011630 seconds, Stopping threads took: 0.0000710 seconds
338.615: Application time: 0.0784820 seconds
338.615: [GC338.615: [ParNew: 35617K->3114K(37632K), 0.0011480 secs] 46532K->14101K(121024K), 0.0011800 secs] [Times: user=0.00 sys=0.01, real=0.01 secs] 
338.616: Total time for which application threads were stopped: 0.0013350 seconds, Stopping threads took: 0.0000810 seconds
338.696: Application time: 0.0802790 seconds
338.697: [GC338.697: [ParNew: 36291K->1636K(37632K), 0.0006040 secs] 47279K->12695K(121024K), 0.0006360 secs] [Times: user=0.01 sys=0.00, real=0.00 secs] 
338.697: Total time for which application threads were stopped: 0.0007670 seconds, Stopping threads took: 0.0000770 seconds
338.781: Application time: 0.0839820 seconds
338.781: [GC338.781: [ParNew: 34649K->1664K(37632K), 0.0006670 secs] 45708K->12723K(121024K), 0.0006960 secs] [Times: user=0.00 sys=0.00, real=0.00 secs] 
338.782: Total time for which application threads were stopped: 0.0008850 seconds, Stopping threads took: 0.0001290 seconds
338.868: Application time: 0.0863560 seconds
338.869: [GC338.869: [ParNew: 35112K->2176K(37632K), 0.0008440 secs] 46172K->13235K(121024K), 0.0008740 secs] [Times: user=0.00 sys=0.00, real=0.00 secs] 
338.870: Total time for which application threads were stopped: 0.0010530 seconds, Stopping threads took: 0.0001190 seconds
338.956: Application time: 0.0863500 seconds
338.956: [GC338.956: [ParNew: 35629K->2086K(37632K), 0.0008130 secs] 46688K->13273K(121024K), 0.0008440 secs] [Times: user=0.01 sys=0.00, real=0.00 secs] 
338.957: Total time for which application threads were stopped: 0.0009800 seconds, Stopping threads took: 0.0000730 seconds
339.043: Application time: 0.0856530 seconds
339.043: [GC339.043: [ParNew: 35536K->2090K(37632K), 0.0007590 secs] 46724K->13277K(121024K), 0.0007940 secs] [Times: user=0.01 sys=0.00, real=0.00 secs] 
339.043: Total time for which application threads were stopped: 0.0009350 seconds, Stopping threads took: 0.0000790 seconds
339.129: Application time: 0.0853120 seconds
339.129: [GC339.129: [ParNew: 35183K->2146K(37632K), 0.0008600 secs] 46371K->13334K(121024K), 0.0008910 secs] [Times: user=0.00 sys=0.00, real=0.00 secs] 
339.130: Total time for which application threads were stopped: 0.0010220 seconds, Stopping threads took: 0.0000620 seconds
339.214: Application time: 0.0845750 seconds
339.215: [GC339.215: [ParNew: 35159K->1580K(37632K), 0.0006620 secs] 46346K->12896K(121024K), 0.0006900 secs] [Times: user=0.00 sys=0.00, real=0.01 secs] 
339.215: Total time for which application threads were stopped: 0.0008580 seconds, Stopping threads took: 0.0001100 seconds
339.302: Application time: 0.0870910 seconds
339.302: [GC339.302: [ParNew: 34605K->582K(37632K), 0.0003410 secs] 45921K->11898K(121024K), 0.0003690 secs] [Times: user=0.00 sys=0.00, real=0.00 secs] 
339.303: Total time for which application threads were stopped: 0.0004900 seconds, Stopping threads took: 0.0000650 seconds
339.387: Application time: 0.0846370 seconds
339.388: [GC339.388: [ParNew: 33751K->1180K(37632K), 0.0004960 secs] 45067K->12496K(121024K), 0.0005240 secs] [Times: user=0.00 sys=0.00, real=0.00 secs] 
339.388: Total time for which application threads were stopped: 0.0006510 seconds, Stopping threads took: 0.0000680 seconds
339.474: Application time: 0.0862040 seconds
339.474: [GC339.474: [ParNew: 34193K->1208K(37632K), 0.0005210 secs] 45509K->12524K(121024K), 0.0005490 secs] [Times: user=0.01 sys=0.00, real=0.00 secs] 
339.475: Total time for which application threads were stopped: 0.0006760 seconds, Stopping threads took: 0.0000720 seconds
339.561: Application time: 0.0858990 seconds
339.561: [GC339.561: [ParNew: 34661K->696K(37632K), 0.0003660 secs] 45976K->12012K(121024K), 0.0003950 secs] [Times: user=0.01 sys=0.00, real=0.00 secs] 
339.561: Total time for which application threads were stopped: 0.0006100 seconds, Stopping threads took: 0.0001590 seconds
339.647: Application time: 0.0856460 seconds
339.647: [GC339.647: [ParNew: 34146K->696K(37632K), 0.0003890 secs] 45462K->12012K(121024K), 0.0004160 secs] [Times: user=0.00 sys=0.00, real=0.00 secs] 
339.648: Total time for which application threads were stopped: 0.0005440 seconds, Stopping threads took: 0.0000660 seconds
339.733: Application time: 0.0857790 seconds
339.734: [GC339.734: [ParNew: 34142K->1208K(37632K), 0.0005030 secs] 45458K->12524K(121024K), 0.0005310 secs] [Times: user=0.01 sys=0.00, real=0.00 secs] 
339.734: Total time for which application threads were stopped: 0.0006790 seconds, Stopping threads took: 0.0000830 seconds
339.819: Application time: 0.0848820 seconds
339.819: [GC339.819: [ParNew: 34297K->2284K(37632K), 0.0009640 secs] 45613K->13600K(121024K), 0.0009950 secs] [Times: user=0.00 sys=0.00, real=0.00 secs] 
339.820: Total time for which application threads were stopped: 0.0011320 seconds, Stopping threads took: 0.0000760 seconds
339.904: Application time: 0.0840460 seconds
339.904: [GC339.904: [ParNew: 35297K->2600K(37632K), 0.0010600 secs] 46613K->14156K(121024K), 0.0010900 secs] [Times: user=0.01 sys=0.00, real=0.00 secs] 
339.906: Total time for which application threads were stopped: 0.0013210 seconds, Stopping threads took: 0.0001680 seconds
339.989: Application time: 0.0831290 seconds
339.989: [GC339.989: [ParNew: 35609K->3116K(37632K), 0.0011240 secs] 47165K->14744K(121024K), 0.0011590 secs] [Times: user=0.01 sys=0.00, real=0.00 secs] 
339.990: Total time for which application threads were stopped: 0.0012980 seconds, Stopping threads took: 0.0000730 seconds
340.077: Application time: 0.0870400 seconds
340.077: [GC340.077: [ParNew: 36370K->3198K(37632K), 0.0012280 secs] 47998K->14890K(121024K), 0.0012600 secs] [Times: user=0.01 sys=0.00, real=0.00 secs] 
340.078: Total time for which application threads were stopped: 0.0013910 seconds, Stopping threads took: 0.0000680 seconds
340.166: Application time: 0.0879410 seconds
340.166: [GC340.166: [ParNew: 36661K->1548K(37632K), 0.0006640 secs] 48353K->13400K(121024K), 0.0006920 secs] [Times: user=0.01 sys=0.00, real=0.01 secs] 
340.167: Total time for which application threads were stopped: 0.0008230 seconds, Stopping threads took: 0.0000680 seconds
340.252: Application time: 0.0848360 seconds
340.252: [GC340.252: [ParNew: 34996K->2062K(37632K), 0.0007770 secs] 46849K->13914K(121024K), 0.0008090 secs] [Times: user=0.01 sys=0.00, real=0.00 secs] 
340.253: Total time for which application threads were stopped: 0.0009640 seconds, Stopping threads took: 0.0000910 seconds
340.339: Application time: 0.0864650 seconds
340.340: [GC340.340: [ParNew: 35512K->2058K(37632K), 0.0007710 secs] 47365K->13910K(121024K), 0.0008010 secs] [Times: user=0.01 sys=0.00, real=0.00 secs] 
340.340: Total time for which application threads were stopped: 0.0009290 seconds, Stopping threads took: 0.0000680 seconds
340.426: Application time: 0.0858650 seconds
340.426: [GC340.426: [ParNew: 35079K->1066K(37632K), 0.0004610 secs] 46931K->12918K(121024K), 0.0004890 secs] [Times: user=0.01 sys=0.00, real=0.00 secs] 
340.427: Total time for which application threads were stopped: 0.0006020 seconds, Stopping threads took: 0.0000550 seconds
340.513: Application time: 0.0858420 seconds
340.513: [GC340.513: [ParNew: 34078K->1096K(37632K), 0.0004740 secs] 45931K->12948K(121024K), 0.0005020 secs] [Times: user=0.00 sys=0.00, real=0.00 secs] 
340.513: Total time for which application threads were stopped: 0.0006190 seconds, Stopping threads took: 0.0000610 seconds
340.596: Application time: 0.0828950 seconds
340.596: [GC340.596: [ParNew: 34105K->2148K(37632K), 0.0008260 secs] 45957K->14000K(121024K), 0.0008580 secs] [Times: user=0.00 sys=0.00, real=0.00 secs] 
340.597: Total time for which application threads were stopped: 0.0009930 seconds, Stopping threads took: 0.0000730 seconds
340.682: Application time: 0.0848260 seconds
340.682: [GC340.682: [ParNew: 35237K->2660K(37632K), 0.0010050 secs] 47089K->14600K(121024K), 0.0010380 secs] [Times: user=0.01 sys=0.00, real=0.00 secs] 
340.683: Total time for which application threads were stopped: 0.0011800 seconds, Stopping threads took: 0.0000680 seconds
340.767: Application time: 0.0833280 seconds
340.767: [GC340.767: [ParNew: 35749K->2632K(37632K), 0.0009860 secs] 47689K->14696K(121024K), 0.0010180 secs] [Times: user=0.00 sys=0.00, real=0.01 secs] 
340.768: Total time for which application threads were stopped: 0.0011560 seconds, Stopping threads took: 0.0000740 seconds
340.852: Application time: 0.0845890 seconds
340.852: [GC340.852: [ParNew: 35643K->2600K(37632K), 0.0010390 secs] 47707K->14776K(121024K), 0.0010790 secs] [Times: user=0.01 sys=0.00, real=0.00 secs] 
340.853: Total time for which application threads were stopped: 0.0011980 seconds, Stopping threads took: 0.0000580 seconds
340.943: Application time: 0.0892440 seconds
340.943: [GC340.943: [ParNew: 36065K->524K(37632K), 0.0004210 secs] 48241K->12764K(121024K), 0.0004480 secs] [Times: user=0.00 sys=0.00, real=0.00 secs] 
340.943: Total time for which application threads were stopped: 0.0005670 seconds, Stopping threads took: 0.0000640 seconds
341.030: Application time: 0.0864190 seconds
341.030: [GC341.030: [ParNew: 33968K->1034K(37632K), 0.0004790 secs] 46209K->13274K(121024K), 0.0005060 secs] [Times: user=0.00 sys=0.00, real=0.00 secs] 
341.030: Total time for which application threads were stopped: 0.0006360 seconds, Stopping threads took: 0.0000720 seconds
341.113: Application time: 0.0831200 seconds
341.114: [GC341.114: [ParNew: 34044K->1578K(37632K), 0.0005740 secs] 46285K->13818K(121024K), 0.0006030 secs] [Times: user=0.01 sys=0.00, real=0.00 secs] 
341.114: Total time for which application threads were stopped: 0.0007160 seconds, Stopping threads took: 0.0000550 seconds
341.200: Application time: 0.0856890 seconds
341.200: [GC341.200: [ParNew: 34595K->1094K(37632K), 0.0005330 secs] 46835K->13334K(121024K), 0.0005620 secs] [Times: user=0.01 sys=0.00, real=0.00 secs] 
341.201: Total time for which application threads were stopped: 0.0006890 seconds, Stopping threads took: 0.0000600 seconds
341.284: Application time: 0.0839310 seconds
341.285: [GC341.285: [ParNew: 34107K->1122K(37632K), 0.0005340 secs] 46347K->13362K(121024K), 0.0005640 secs] [Times: user=0.00 sys=0.00, real=0.00 secs] 
341.285: Total time for which application threads were stopped: 0.0006830 seconds, Stopping threads took: 0.0000610 seconds
341.369: Application time: 0.0842650 seconds
341.370: [GC341.370: [ParNew: 34209K->2204K(37632K), 0.0008910 secs] 46449K->14444K(121024K), 0.0009220 secs] [Times: user=0.00 sys=0.00, real=0.00 secs] 
341.371: Total time for which application threads were stopped: 0.0010600 seconds, Stopping threads took: 0.0000760 seconds
341.454: Application time: 0.0839120 seconds
341.455: [GC341.455: [ParNew: 35293K->3142K(37632K), 0.0011160 secs] 47534K->15571K(121024K), 0.0011510 secs] [Times: user=0.01 sys=0.00, real=0.01 secs] 
341.456: Total time for which application threads were stopped: 0.0012960 seconds, Stopping threads took: 0.0000800 seconds
341.542: Application time: 0.0863630 seconds
341.542: [GC341.542: [ParNew: 36157K->3114K(37632K), 0.0011530 secs] 48586K->15655K(121024K), 0.0011870 secs] [Times: user=0.01 sys=0.00, real=0.00 secs] 
341.543: Total time for which application threads were stopped: 0.0013320 seconds, Stopping threads took: 0.0000800 seconds
341.631: Application time: 0.0871310 seconds
341.631: [GC341.631: [ParNew: 36560K->3598K(37632K), 0.0013470 secs] 49101K->16219K(121024K), 0.0013820 secs] [Times: user=0.01 sys=0.00, real=0.00 secs] 
341.632: Total time for which application threads were stopped: 0.0015170 seconds, Stopping threads took: 0.0000710 seconds
341.723: Application time: 0.0906140 seconds
341.723: [GC341.723: [ParNew: 37070K->522K(37632K), 0.0004070 secs] 49691K->13142K(121024K), 0.0004490 secs] [Times: user=0.00 sys=0.00, real=0.00 secs] 
341.723: Total time for which application threads were stopped: 0.0005870 seconds, Stopping threads took: 0.0000700 seconds
341.808: Application time: 0.0844540 seconds
341.808: [GC341.808: [ParNew: 33532K->552K(37632K), 0.0003130 secs] 46153K->13172K(121024K), 0.0003370 secs] [Times: user=0.00 sys=0.00, real=0.00 secs] 
341.808: Total time for which application threads were stopped: 0.0004620 seconds, Stopping threads took: 0.0000720 seconds
341.893: Application time: 0.0845640 seconds
341.893: [GC341.893: [ParNew: 33641K->1124K(37632K), 0.0005020 secs] 46261K->13745K(121024K), 0.0005280 secs] [Times: user=0.00 sys=0.00, real=0.00 secs] 
341.893: Total time for which application threads were stopped: 0.0006730 seconds, Stopping threads took: 0.0000910 seconds
341.978: Application time: 0.0845970 seconds
341.978: [GC341.978: [ParNew: 34568K->2148K(37632K), 0.0008060 secs] 47189K->14769K(121024K), 0.0008460 secs] [Times: user=0.00 sys=0.00, real=0.00 secs] 
341.979: Total time for which application threads were stopped: 0.0009850 seconds, Stopping threads took: 0.0000750 seconds
342.068: Application time: 0.0885600 seconds
342.068: [GC342.068: [ParNew: 35243K->2632K(37632K), 0.0010680 secs] 47864K->15385K(121024K), 0.0011010 secs] [Times: user=0.00 sys=0.00, real=0.00 secs] 
342.069: Total time for which application threads were stopped: 0.0012400 seconds, Stopping threads took: 0.0000750 seconds
342.154: Application time: 0.0849980 seconds
342.154: [GC342.154: [ParNew: 35729K->2118K(37632K), 0.0008100 secs] 48482K->14967K(121024K), 0.0008420 secs] [Times: user=0.01 sys=0.00, real=0.00 secs] 
342.155: Total time for which application threads were stopped: 0.0009740 seconds, Stopping threads took: 0.0000680 seconds
342.241: Application time: 0.0860170 seconds
342.241: [GC342.241: [ParNew: 35133K->2092K(37632K), 0.0008460 secs] 47982K->15033K(121024K), 0.0008780 secs] [Times: user=0.00 sys=0.00, real=0.00 secs] 
342.242: Total time for which application threads were stopped: 0.0010270 seconds, Stopping threads took: 0.0000740 seconds
342.329: Application time: 0.0868840 seconds
342.329: [GC342.329: [ParNew: 35540K->2092K(37632K), 0.0008230 secs] 48481K->15033K(121024K), 0.0008530 secs] [Times: user=0.00 sys=0.00, real=0.00 secs] 
342.330: Total time for which application threads were stopped: 0.0009780 seconds, Stopping threads took: 0.0000630 seconds
342.417: Application time: 0.0874930 seconds
342.417: [GC342.417: [ParNew: 35549K->1576K(37632K), 0.0007100 secs] 48490K->14517K(121024K), 0.0007400 secs] [Times: user=0.01 sys=0.00, real=0.00 secs] 
342.418: Total time for which application threads were stopped: 0.0008640 seconds, Stopping threads took: 0.0000650 seconds
342.504: Application time: 0.0854510 seconds
342.504: [GC342.504: [ParNew: 34667K->1634K(37632K), 0.0007190 secs] 47608K->14575K(121024K), 0.0007480 secs] [Times: user=0.00 sys=0.00, real=0.00 secs] 
342.504: Total time for which application threads were stopped: 0.0008780 seconds, Stopping threads took: 0.0000690 seconds
342.590: Application time: 0.0853980 seconds
342.590: [GC342.590: [ParNew: 35078K->2148K(37632K), 0.0008000 secs] 48019K->15089K(121024K), 0.0008320 secs] [Times: user=0.00 sys=0.00, real=0.00 secs] 
342.591: Total time for which application threads were stopped: 0.0009720 seconds, Stopping threads took: 0.0000780 seconds
342.675: Application time: 0.0845120 seconds
342.675: [GC342.675: [ParNew: 35163K->2090K(37632K), 0.0008700 secs] 48104K->15155K(121024K), 0.0009030 secs] [Times: user=0.01 sys=0.00, real=0.00 secs] 
342.676: Total time for which application threads were stopped: 0.0010360 seconds, Stopping threads took: 0.0000680 seconds
342.756: Application time: 0.0795240 seconds
342.756: [GC342.756: [ParNew: 35181K->2148K(37632K), 0.0007990 secs] 48246K->15213K(121024K), 0.0008300 secs] [Times: user=0.01 sys=0.00, real=0.00 secs] 
342.757: Total time for which application threads were stopped: 0.0009700 seconds, Stopping threads took: 0.0000730 seconds
342.837: Application time: 0.0797990 seconds
342.837: [GC342.837: [ParNew: 35159K->2602K(37632K), 0.0009800 secs] 48224K->15803K(121024K), 0.0010140 secs] [Times: user=0.00 sys=0.00, real=0.00 secs] 
342.838: Total time for which application threads were stopped: 0.0011500 seconds, Stopping threads took: 0.0000730 seconds
342.917: Application time: 0.0789210 seconds
342.917: [GC342.917: [ParNew: 35699K->2120K(37632K), 0.0008080 secs] 48900K->15377K(121024K), 0.0008360 secs] [Times: user=0.01 sys=0.00, real=0.00 secs] 
342.918: Total time for which application threads were stopped: 0.0010000 seconds, Stopping threads took: 0.0001060 seconds
342.998: Application time: 0.0800290 seconds
342.998: [GC342.998: [ParNew: 35577K->1036K(37632K), 0.0004720 secs] 48834K->14389K(121024K), 0.0004990 secs] [Times: user=0.00 sys=0.00, real=0.00 secs] 
342.998: Total time for which application threads were stopped: 0.0006360 seconds, Stopping threads took: 0.0000740 seconds
343.077: Application time: 0.0789980 seconds
343.077: [GC343.078: [ParNew: 34480K->2060K(37632K), 0.0007750 secs] 47833K->15413K(121024K), 0.0008070 secs] [Times: user=0.00 sys=0.00, real=0.00 secs] 
343.078: Total time for which application threads were stopped: 0.0009400 seconds, Stopping threads took: 0.0000720 seconds
343.157: Application time: 0.0787020 seconds
343.157: [GC343.157: [ParNew: 35153K->2120K(37632K), 0.0007820 secs] 48506K->15473K(121024K), 0.0008110 secs] [Times: user=0.01 sys=0.00, real=0.00 secs] 
343.158: Total time for which application threads were stopped: 0.0009480 seconds, Stopping threads took: 0.0000770 seconds
343.237: Application time: 0.0791700 seconds
343.237: [GC343.237: [ParNew: 35583K->1558K(37632K), 0.0006510 secs] 48936K->14999K(121024K), 0.0006790 secs] [Times: user=0.01 sys=0.00, real=0.00 secs] 
343.238: Total time for which application threads were stopped: 0.0008160 seconds, Stopping threads took: 0.0000810 seconds
343.319: Application time: 0.0809250 seconds
343.319: [GC343.319: [ParNew: 34569K->552K(37632K), 0.0003080 secs] 48010K->13993K(121024K), 0.0003350 secs] [Times: user=0.00 sys=0.01, real=0.00 secs] 
343.319: Total time for which application threads were stopped: 0.0004640 seconds, Stopping threads took: 0.0000660 seconds
343.397: Application time: 0.0779570 seconds
343.397: [GC343.397: [ParNew: 33639K->2146K(37632K), 0.0008770 secs] 47080K->15587K(121024K), 0.0009070 secs] [Times: user=0.01 sys=0.00, real=0.00 secs] 
343.398: Total time for which application threads were stopped: 0.0010570 seconds, Stopping threads took: 0.0000900 seconds
343.479: Application time: 0.0802540 seconds
343.479: [GC343.479: [ParNew: 35165K->1066K(37632K), 0.0005790 secs] 48606K->14635K(121024K), 0.0006060 secs] [Times: user=0.00 sys=0.00, real=0.00 secs] 
343.479: Total time for which application threads were stopped: 0.0007590 seconds, Stopping threads took: 0.0000990 seconds
343.557: Application time: 0.0780730 seconds
343.558: [GC343.558: [ParNew: 34157K->1636K(37632K), 0.0006450 secs] 47726K->15205K(121024K), 0.0006750 secs] [Times: user=0.00 sys=0.00, real=0.00 secs] 
343.558: Total time for which application threads were stopped: 0.0008350 seconds, Stopping threads took: 0.0001020 seconds
343.638: Application time: 0.0792040 seconds
343.638: [GC343.638: [ParNew: 35080K->2660K(37632K), 0.0009600 secs] 48650K->16229K(121024K), 0.0009930 secs] [Times: user=0.01 sys=0.00, real=0.00 secs] 
343.639: Total time for which application threads were stopped: 0.0011280 seconds, Stopping threads took: 0.0000720 seconds
343.719: Application time: 0.0803330 seconds
343.719: [GC343.719: [ParNew: 36111K->2572K(37632K), 0.0010090 secs] 49680K->16277K(121024K), 0.0010400 secs] [Times: user=0.01 sys=0.00, real=0.00 secs] 
343.720: Total time for which application threads were stopped: 0.0011690 seconds, Stopping threads took: 0.0000630 seconds
343.798: Application time: 0.0777400 seconds
343.798: [GC343.798: [ParNew: 35667K->2120K(37632K), 0.0008200 secs] 49373K->15825K(121024K), 0.0008500 secs] [Times: user=0.01 sys=0.00, real=0.00 secs] 
343.799: Total time for which application threads were stopped: 0.0009850 seconds, Stopping threads took: 0.0000740 seconds
343.879: Application time: 0.0803570 seconds
343.879: [GC343.879: [ParNew: 35133K->2086K(37632K), 0.0007900 secs] 48838K->15887K(121024K), 0.0008190 secs] [Times: user=0.00 sys=0.00, real=0.00 secs] 
343.880: Total time for which application threads were stopped: 0.0009740 seconds, Stopping threads took: 0.0000860 seconds
343.962: Application time: 0.0813700 seconds
343.962: [GC343.962: [ParNew: 35540K->1576K(37632K), 0.0006940 secs] 49342K->15377K(121024K), 0.0007200 secs] [Times: user=0.01 sys=0.00, real=0.00 secs] 
343.962: Total time for which application threads were stopped: 0.0008310 seconds, Stopping threads took: 0.0000580 seconds
344.041: Application time: 0.0781310 seconds
344.041: [GC344.041: [ParNew: 34753K->1152K(37632K), 0.0005010 secs] 48555K->14954K(121024K), 0.0005360 secs] [Times: user=0.01 sys=0.00, real=0.00 secs] 
344.041: Total time for which application threads were stopped: 0.0006530 seconds, Stopping threads took: 0.0000610 seconds
344.120: Application time: 0.0789740 seconds
344.120: [GC344.120: [ParNew: 34596K->2174K(37632K), 0.0008660 secs] 48398K->15976K(121024K), 0.0008960 secs] [Times: user=0.00 sys=0.00, real=0.00 secs] 
344.121: Total time for which application threads were stopped: 0.0010310 seconds, Stopping threads took: 0.0000750 seconds
344.199: Application time: 0.0773730 seconds
344.199: [GC344.199: [ParNew: 35263K->2630K(37632K), 0.0010660 secs] 49065K->16584K(121024K), 0.0010990 secs] [Times: user=0.01 sys=0.00, real=0.00 secs] 
344.200: Total time for which application threads were stopped: 0.0013320 seconds, Stopping threads took: 0.0001720 seconds
344.281: Application time: 0.0812900 seconds
344.281: [GC344.281: [ParNew: 36093K->1544K(37632K), 0.0006330 secs] 50047K->15593K(121024K), 0.0006620 secs] [Times: user=0.01 sys=0.00, real=0.00 secs] 
344.282: Total time for which application threads were stopped: 0.0007840 seconds, Stopping threads took: 0.0000680 seconds
344.362: Application time: 0.0796560 seconds
344.362: [GC344.362: [ParNew: 34557K->1576K(37632K), 0.0006230 secs] 48606K->15626K(121024K), 0.0006510 secs] [Times: user=0.01 sys=0.00, real=0.00 secs] 
344.362: Total time for which application threads were stopped: 0.0007760 seconds, Stopping threads took: 0.0000660 seconds
344.440: Application time: 0.0776240 seconds
344.440: [GC344.440: [ParNew: 34589K->1606K(37632K), 0.0006000 secs] 48638K->15656K(121024K), 0.0006290 secs] [Times: user=0.00 sys=0.00, real=0.00 secs] 
344.441: Total time for which application threads were stopped: 0.0007550 seconds, Stopping threads took: 0.0000570 seconds
344.519: Application time: 0.0783140 seconds
344.519: [GC344.519: [ParNew: 34614K->2658K(37632K), 0.0010490 secs] 48664K->16708K(121024K), 0.0010800 secs] [Times: user=0.00 sys=0.00, real=0.00 secs] 
344.520: Total time for which application threads were stopped: 0.0012080 seconds, Stopping threads took: 0.0000660 seconds
344.600: Application time: 0.0793690 seconds
344.600: [GC344.600: [ParNew: 35673K->2088K(37632K), 0.0009020 secs] 49723K->16262K(121024K), 0.0009290 secs] [Times: user=0.01 sys=0.00, real=0.00 secs] 
344.601: Total time for which application threads were stopped: 0.0010500 seconds, Stopping threads took: 0.0000620 seconds
344.681: Application time: 0.0805180 seconds
344.681: [GC344.681: [ParNew: 35109K->1096K(37632K), 0.0004880 secs] 49283K->15270K(121024K), 0.0005140 secs] [Times: user=0.01 sys=0.00, real=0.00 secs] 
344.682: Total time for which application threads were stopped: 0.0006240 seconds, Stopping threads took: 0.0000540 seconds
344.760: Application time: 0.0783110 seconds
344.760: [GC344.760: [ParNew: 34107K->1636K(37632K), 0.0006580 secs] 48280K->15810K(121024K), 0.0006900 secs] [Times: user=0.01 sys=0.00, real=0.00 secs] 
344.761: Total time for which application threads were stopped: 0.0008240 seconds, Stopping threads took: 0.0000760 seconds
344.841: Application time: 0.0803440 seconds
344.843: [GC344.843: [ParNew: 34733K->668K(37632K), 0.0004230 secs] 48907K->14842K(121024K), 0.0004490 secs] [Times: user=0.00 sys=0.00, real=0.00 secs] 
344.844: Total time for which application threads were stopped: 0.0022600 seconds, Stopping threads took: 0.0017590 seconds
344.921: Application time: 0.0777340 seconds
344.922: [GC344.922: [ParNew: 34114K->1692K(37632K), 0.0007640 secs] 48288K->15866K(121024K), 0.0007950 secs] [Times: user=0.01 sys=0.00, real=0.00 secs] 
344.922: Total time for which application threads were stopped: 0.0009560 seconds, Stopping threads took: 0.0001020 seconds
345.000: Application time: 0.0775340 seconds
345.000: [GC345.000: [ParNew: 34703K->1720K(37632K), 0.0006650 secs] 48877K->15894K(121024K), 0.0006940 secs] [Times: user=0.00 sys=0.00, real=0.00 secs] 
345.001: Total time for which application threads were stopped: 0.0008470 seconds, Stopping threads took: 0.0000850 seconds
345.080: Application time: 0.0791510 seconds
345.080: [GC345.080: [ParNew: 34729K->2772K(37632K), 0.0010000 secs] 48903K->16946K(121024K), 0.0010390 secs] [Times: user=0.01 sys=0.00, real=0.00 secs] 
345.081: Total time for which application threads were stopped: 0.0011980 seconds, Stopping threads took: 0.0000960 seconds
345.159: Application time: 0.0780440 seconds
345.159: [GC345.159: [ParNew: 35785K->2604K(37632K), 0.0010110 secs] 49959K->17018K(121024K), 0.0010450 secs] [Times: user=0.01 sys=0.00, real=0.00 secs] 
345.160: Total time for which application threads were stopped: 0.0011940 seconds, Stopping threads took: 0.0000860 seconds
345.241: Application time: 0.0803840 seconds
345.241: [GC345.241: [ParNew: 35627K->1062K(37632K), 0.0005850 secs] 50041K->15532K(121024K), 0.0006110 secs] [Times: user=0.01 sys=0.00, real=0.00 secs] 
345.241: Total time for which application threads were stopped: 0.0007750 seconds, Stopping threads took: 0.0001100 seconds
345.319: Application time: 0.0772880 seconds
345.319: [GC345.319: [ParNew: 34074K->1608K(37632K), 0.0006240 secs] 48545K->16078K(121024K), 0.0006530 secs] [Times: user=0.00 sys=0.00, real=0.00 secs] 
345.320: Total time for which application threads were stopped: 0.0007690 seconds, Stopping threads took: 0.0000590 seconds
345.400: Application time: 0.0800830 seconds
345.400: [GC345.400: [ParNew: 34623K->1636K(37632K), 0.0006590 secs] 49093K->16106K(121024K), 0.0006880 secs] [Times: user=0.01 sys=0.00, real=0.00 secs] 
345.400: Total time for which application threads were stopped: 0.0008430 seconds, Stopping threads took: 0.0000970 seconds
345.479: Application time: 0.0788670 seconds
345.479: [GC345.479: [ParNew: 34735K->668K(37632K), 0.0003980 secs] 49205K->15138K(121024K), 0.0004260 secs] [Times: user=0.00 sys=0.00, real=0.00 secs] 
345.480: Total time for which application threads were stopped: 0.0005480 seconds, Stopping threads took: 0.0000690 seconds
345.559: Application time: 0.0791170 seconds
345.559: [GC345.559: [ParNew: 34112K->1180K(37632K), 0.0004830 secs] 48582K->15650K(121024K), 0.0005100 secs] [Times: user=0.01 sys=0.00, real=0.00 secs] 
345.560: Total time for which application threads were stopped: 0.0007530 seconds, Stopping threads took: 0.0001780 seconds
345.639: Application time: 0.0790880 seconds
345.639: [GC345.639: [ParNew: 34189K->2232K(37632K), 0.0008550 secs] 48659K->16702K(121024K), 0.0008840 secs] [Times: user=0.01 sys=0.00, real=0.00 secs] 
345.640: Total time for which application threads were stopped: 0.0010100 seconds, Stopping threads took: 0.0000700 seconds
345.718: Application time: 0.0778100 seconds
345.718: [GC345.718: [ParNew: 35243K->2118K(37632K), 0.0008770 secs] 49713K->16768K(121024K), 0.0009060 secs] [Times: user=0.01 sys=0.00, real=0.00 secs] 
345.719: Total time for which application threads were stopped: 0.0010370 seconds, Stopping threads took: 0.0000730 seconds
345.798: Application time: 0.0795370 seconds
345.798: [GC345.798: [ParNew: 35137K->1608K(37632K), 0.0006310 secs] 49787K->16322K(121024K), 0.0006610 secs] [Times: user=0.00 sys=0.00, real=0.00 secs] 
345.799: Total time for which application threads were stopped: 0.0007990 seconds, Stopping threads took: 0.0000810 seconds
345.879: Application time: 0.0794740 seconds
345.879: [GC345.879: [ParNew: 34627K->612K(37632K), 0.0003330 secs] 49341K->15326K(121024K), 0.0003610 secs] [Times: user=0.00 sys=0.00, real=0.00 secs] 
345.879: Total time for which application threads were stopped: 0.0004920 seconds, Stopping threads took: 0.0000790 seconds
345.957: Application time: 0.0776120 seconds
345.957: [GC345.957: [ParNew: 33620K->1664K(37632K), 0.0006550 secs] 48335K->16378K(121024K), 0.0006830 secs] [Times: user=0.00 sys=0.00, real=0.00 secs] 
345.957: Total time for which application threads were stopped: 0.0008020 seconds, Stopping threads took: 0.0000650 seconds
346.035: Application time: 0.0775410 seconds
346.035: [GC346.035: [ParNew: 34673K->2204K(37632K), 0.0008180 secs] 49387K->16918K(121024K), 0.0008580 secs] [Times: user=0.00 sys=0.00, real=0.00 secs] 
346.036: Total time for which application threads were stopped: 0.0010070 seconds, Stopping threads took: 0.0000900 seconds
346.115: Application time: 0.0787980 seconds
346.115: [GC346.115: [ParNew: 35217K->2120K(37632K), 0.0008310 secs] 49931K->16990K(121024K), 0.0008600 secs] [Times: user=0.00 sys=0.00, real=0.01 secs] 
346.116: Total time for which application threads were stopped: 0.0009960 seconds, Stopping threads took: 0.0000640 seconds
346.195: Application time: 0.0787210 seconds
346.195: [GC346.195: [ParNew: 35137K->1608K(37632K), 0.0006220 secs] 50007K->16550K(121024K), 0.0006480 secs] [Times: user=0.01 sys=0.00, real=0.01 secs] 
346.195: Total time for which application threads were stopped: 0.0007730 seconds, Stopping threads took: 0.0000700 seconds
346.272: Application time: 0.0765430 seconds
346.272: [GC346.272: [ParNew: 34612K->3684K(37632K), 0.0013550 secs] 49555K->18626K(121024K), 0.0013880 secs] [Times: user=0.01 sys=0.00, real=0.00 secs] 
346.273: Total time for which application threads were stopped: 0.0015260 seconds, Stopping threads took: 0.0000740 seconds
346.352: Application time: 0.0782340 seconds
346.352: [GC346.352: [ParNew: 36697K->3628K(37632K), 0.0013770 secs] 51640K->18706K(121024K), 0.0014130 secs] [Times: user=0.01 sys=0.00, real=0.00 secs] 
346.353: Total time for which application threads were stopped: 0.0015450 seconds, Stopping threads took: 0.0000670 seconds
346.433: Application time: 0.0800540 seconds
346.433: [GC346.433: [ParNew: 36647K->2604K(37632K), 0.0009920 secs] 51726K->17754K(121024K), 0.0010230 secs] [Times: user=0.01 sys=0.00, real=0.00 secs] 
346.434: Total time for which application threads were stopped: 0.0011700 seconds, Stopping threads took: 0.0000860 seconds
346.515: Application time: 0.0807490 seconds
346.515: [GC346.515: [ParNew: 35623K->1066K(37632K), 0.0005640 secs] 50773K->16288K(121024K), 0.0005940 secs] [Times: user=0.00 sys=0.00, real=0.00 secs] 
346.516: Total time for which application threads were stopped: 0.0007940 seconds, Stopping threads took: 0.0001420 seconds
346.593: Application time: 0.0773690 seconds
346.593: [GC346.593: [ParNew: 34070K->2630K(37632K), 0.0009280 secs] 49293K->17853K(121024K), 0.0009590 secs] [Times: user=0.01 sys=0.00, real=0.00 secs] 
346.594: Total time for which application threads were stopped: 0.0011300 seconds, Stopping threads took: 0.0001110 seconds
346.674: Application time: 0.0800040 seconds
346.675: [GC346.675: [ParNew: 35653K->1578K(37632K), 0.0006380 secs] 50876K->16889K(121024K), 0.0006690 secs] [Times: user=0.00 sys=0.00, real=0.01 secs] 
346.675: Total time for which application threads were stopped: 0.0008160 seconds, Stopping threads took: 0.0000780 seconds
346.760: Application time: 0.0842950 seconds
346.760: [GC346.760: [ParNew: 35022K->2090K(37632K), 0.0023870 secs] 50333K->17401K(121024K), 0.0024250 secs] [Times: user=0.01 sys=0.00, real=0.00 secs] 
346.762: Total time for which application threads were stopped: 0.0025690 seconds, Stopping threads took: 0.0000810 seconds
346.847: Application time: 0.0844360 seconds
346.847: [GC346.847: [ParNew: 35181K->2148K(37632K), 0.0007880 secs] 50492K->17459K(121024K), 0.0008160 secs] [Times: user=0.00 sys=0.00, real=0.01 secs] 
346.847: Total time for which application threads were stopped: 0.0009450 seconds, Stopping threads took: 0.0000710 seconds
346.931: Application time: 0.0839820 seconds
346.932: [GC346.932: [ParNew: 35161K->2092K(37632K), 0.0008420 secs] 50471K->17527K(121024K), 0.0008710 secs] [Times: user=0.01 sys=0.00, real=0.00 secs] 
346.932: Total time for which application threads were stopped: 0.0009990 seconds, Stopping threads took: 0.0000690 seconds
347.019: Application time: 0.0863900 seconds
347.019: [GC347.019: [ParNew: 35105K->2118K(37632K), 0.0008740 secs] 50540K->17553K(121024K), 0.0009050 secs] [Times: user=0.00 sys=0.01, real=0.00 secs] 
347.020: Total time for which application threads were stopped: 0.0010420 seconds, Stopping threads took: 0.0000760 seconds
347.106: Application time: 0.0858130 seconds
347.106: [GC347.106: [ParNew: 35131K->2120K(37632K), 0.0008070 secs] 50566K->17611K(121024K), 0.0008470 secs] [Times: user=0.00 sys=0.00, real=0.00 secs] 
347.107: Total time for which application threads were stopped: 0.0009820 seconds, Stopping threads took: 0.0000730 seconds
347.193: Application time: 0.0860980 seconds
347.193: [GC347.193: [ParNew: 35137K->1604K(37632K), 0.0006570 secs] 50628K->17159K(121024K), 0.0006880 secs] [Times: user=0.01 sys=0.00, real=0.00 secs] 
347.194: Total time for which application threads were stopped: 0.0008230 seconds, Stopping threads took: 0.0000680 seconds
347.280: Application time: 0.0863870 seconds
347.280: [GC347.280: [ParNew: 34615K->1636K(37632K), 0.0006800 secs] 50170K->17191K(121024K), 0.0007100 secs] [Times: user=0.00 sys=0.00, real=0.00 secs] 
347.281: Total time for which application threads were stopped: 0.0008330 seconds, Stopping threads took: 0.0000660 seconds
347.365: Application time: 0.0846440 seconds
347.366: [GC347.366: [ParNew: 34647K->2176K(37632K), 0.0008390 secs] 50202K->17731K(121024K), 0.0008690 secs] [Times: user=0.01 sys=0.00, real=0.00 secs] 
347.367: Total time for which application threads were stopped: 0.0010060 seconds, Stopping threads took: 0.0000780 seconds
347.456: Application time: 0.0896520 seconds
347.456: [GC347.456: [ParNew: 35633K->1066K(37632K), 0.0004770 secs] 51188K->16737K(121024K), 0.0005020 secs] [Times: user=0.00 sys=0.00, real=0.00 secs] 
347.457: Total time for which application threads were stopped: 0.0006140 seconds, Stopping threads took: 0.0000600 seconds
347.543: Application time: 0.0861420 seconds
347.543: [GC347.543: [ParNew: 34155K->1122K(37632K), 0.0004650 secs] 49826K->16793K(121024K), 0.0004920 secs] [Times: user=0.01 sys=0.00, real=0.00 secs] 
347.544: Total time for which application threads were stopped: 0.0006030 seconds, Stopping threads took: 0.0000560 seconds
347.627: Application time: 0.0833120 seconds
347.627: [GC347.627: [ParNew: 34128K->2688K(37632K), 0.0009860 secs] 49800K->18359K(121024K), 0.0010210 secs] [Times: user=0.01 sys=0.00, real=0.01 secs] 
347.628: Total time for which application threads were stopped: 0.0011640 seconds, Stopping threads took: 0.0000800 seconds
347.713: Application time: 0.0847730 seconds
347.713: [GC347.713: [ParNew: 35703K->2088K(37632K), 0.0008050 secs] 51374K->17919K(121024K), 0.0008340 secs] [Times: user=0.01 sys=0.00, real=0.00 secs] 
347.714: Total time for which application threads were stopped: 0.0009900 seconds, Stopping threads took: 0.0000870 seconds
347.801: Application time: 0.0875250 seconds
347.801: [GC347.801: [ParNew: 35109K->1092K(37632K), 0.0005570 secs] 50940K->16923K(121024K), 0.0005870 secs] [Times: user=0.00 sys=0.00, real=0.00 secs] 
347.802: Total time for which application threads were stopped: 0.0007180 seconds, Stopping threads took: 0.0000730 seconds
347.888: Application time: 0.0857720 seconds
347.888: [GC347.888: [ParNew: 34105K->1124K(37632K), 0.0005140 secs] 49936K->16955K(121024K), 0.0005430 secs] [Times: user=0.00 sys=0.00, real=0.00 secs] 
347.888: Total time for which application threads were stopped: 0.0006590 seconds, Stopping threads took: 0.0000590 seconds
347.973: Application time: 0.0840920 seconds
347.973: [GC347.973: [ParNew: 34133K->1152K(37632K), 0.0004930 secs] 49964K->16983K(121024K), 0.0005200 secs] [Times: user=0.01 sys=0.00, real=0.00 secs] 
347.973: Total time for which application threads were stopped: 0.0006990 seconds, Stopping threads took: 0.0001250 seconds
348.057: Application time: 0.0839140 seconds
348.057: [GC348.057: [ParNew: 34165K->1690K(37632K), 0.0006640 secs] 49996K->17521K(121024K), 0.0006960 secs] [Times: user=0.00 sys=0.00, real=0.00 secs] 
348.058: Total time for which application threads were stopped: 0.0008250 seconds, Stopping threads took: 0.0000690 seconds
348.143: Application time: 0.0848640 seconds
348.143: [GC348.143: [ParNew: 35138K->2204K(37632K), 0.0008190 secs] 50970K->18035K(121024K), 0.0008510 secs] [Times: user=0.01 sys=0.00, real=0.00 secs] 
348.144: Total time for which application threads were stopped: 0.0009860 seconds, Stopping threads took: 0.0000650 seconds
348.232: Application time: 0.0877910 seconds
348.232: [GC348.232: [ParNew: 35307K->610K(37632K), 0.0003770 secs] 51139K->16597K(121024K), 0.0004040 secs] [Times: user=0.01 sys=0.00, real=0.00 secs] 
348.232: Total time for which application threads were stopped: 0.0005350 seconds, Stopping threads took: 0.0000690 seconds
348.318: Application time: 0.0853450 seconds
348.318: [GC348.318: [ParNew: 33621K->1152K(37632K), 0.0005100 secs] 49608K->17139K(121024K), 0.0005390 secs] [Times: user=0.01 sys=0.00, real=0.00 secs] 
348.318: Total time for which application threads were stopped: 0.0007490 seconds, Stopping threads took: 0.0001560 seconds
348.403: Application time: 0.0850940 seconds
348.403: [GC348.403: [ParNew: 34163K->1692K(37632K), 0.0006690 secs] 50150K->17679K(121024K), 0.0006990 secs] [Times: user=0.00 sys=0.00, real=0.00 secs] 
348.404: Total time for which application threads were stopped: 0.0008180 seconds, Stopping threads took: 0.0000580 seconds
348.490: Application time: 0.0860310 seconds
348.490: [GC348.490: [ParNew: 34705K->2744K(37632K), 0.0010600 secs] 50692K->18731K(121024K), 0.0010950 secs] [Times: user=0.01 sys=0.00, real=0.00 secs] 
348.491: Total time for which application threads were stopped: 0.0012520 seconds, Stopping threads took: 0.0000920 seconds
348.577: Application time: 0.0859510 seconds
348.578: [GC348.578: [ParNew: 35765K->1578K(37632K), 0.0006740 secs] 51753K->17769K(121024K), 0.0007060 secs] [Times: user=0.00 sys=0.00, real=0.00 secs] 
348.578: Total time for which application threads were stopped: 0.0008310 seconds, Stopping threads took: 0.0000650 seconds
348.663: Application time: 0.0851050 seconds
348.663: [GC348.663: [ParNew: 34593K->1606K(37632K), 0.0007070 secs] 50784K->17797K(121024K), 0.0007350 secs] [Times: user=0.01 sys=0.00, real=0.00 secs] 
348.664: Total time for which application threads were stopped: 0.0008680 seconds, Stopping threads took: 0.0000730 seconds
348.749: Application time: 0.0847490 seconds
348.749: [GC348.749: [ParNew: 34617K->1636K(37632K), 0.0006830 secs] 50808K->17827K(121024K), 0.0007130 secs] [Times: user=0.00 sys=0.00, real=0.00 secs] 
348.750: Total time for which application threads were stopped: 0.0008400 seconds, Stopping threads took: 0.0000580 seconds
348.835: Application time: 0.0855090 seconds
348.835: [GC348.835: [ParNew: 35080K->2660K(37632K), 0.0010080 secs] 51272K->18851K(121024K), 0.0010440 secs] [Times: user=0.00 sys=0.00, real=0.00 secs] 
348.837: Total time for which application threads were stopped: 0.0011760 seconds, Stopping threads took: 0.0000690 seconds
348.923: Application time: 0.0861550 seconds
348.923: [GC348.923: [ParNew: 35835K->2148K(37632K), 0.0008930 secs] 52027K->18472K(121024K), 0.0009270 secs] [Times: user=0.01 sys=0.00, real=0.00 secs] 
348.924: Total time for which application threads were stopped: 0.0010690 seconds, Stopping threads took: 0.0000800 seconds
349.011: Application time: 0.0869590 seconds
349.011: [GC349.011: [ParNew: 35167K->1578K(37632K), 0.0006910 secs] 51490K->18037K(121024K), 0.0007220 secs] [Times: user=0.01 sys=0.00, real=0.00 secs] 
349.012: Total time for which application threads were stopped: 0.0008500 seconds, Stopping threads took: 0.0000690 seconds
349.098: Application time: 0.0859770 seconds
349.098: [GC349.098: [ParNew: 35026K->2088K(37632K), 0.0007670 secs] 51486K->18547K(121024K), 0.0008010 secs] [Times: user=0.01 sys=0.00, real=0.00 secs] 
349.098: Total time for which application threads were stopped: 0.0009220 seconds, Stopping threads took: 0.0000590 seconds
349.185: Application time: 0.0860980 seconds
349.185: [GC349.185: [ParNew: 35103K->2118K(37632K), 0.0008000 secs] 51562K->18578K(121024K), 0.0008320 secs] [Times: user=0.00 sys=0.00, real=0.00 secs] 
349.186: Total time for which application threads were stopped: 0.0009740 seconds, Stopping threads took: 0.0000810 seconds
349.271: Application time: 0.0859200 seconds
349.272: [GC349.272: [ParNew: 35219K->1122K(37632K), 0.0004940 secs] 51679K->17638K(121024K), 0.0005260 secs] [Times: user=0.00 sys=0.00, real=0.00 secs] 
349.272: Total time for which application threads were stopped: 0.0006770 seconds, Stopping threads took: 0.0000850 seconds
349.361: Application time: 0.0890360 seconds
349.361: [GC349.361: [ParNew: 34572K->2144K(37632K), 0.0008930 secs] 51088K->18660K(121024K), 0.0009260 secs] [Times: user=0.01 sys=0.00, real=0.00 secs] 
349.362: Total time for which application threads were stopped: 0.0010860 seconds, Stopping threads took: 0.0000970 seconds
349.449: Application time: 0.0865610 seconds
349.449: [GC349.449: [ParNew: 35157K->2090K(37632K), 0.0007470 secs] 51673K->18734K(121024K), 0.0007740 secs] [Times: user=0.01 sys=0.00, real=0.00 secs] 
349.450: Total time for which application threads were stopped: 0.0009020 seconds, Stopping threads took: 0.0000690 seconds
349.535: Application time: 0.0853790 seconds
349.535: [GC349.535: [ParNew: 35540K->2092K(37632K), 0.0008280 secs] 52184K->18736K(121024K), 0.0008590 secs] [Times: user=0.01 sys=0.00, real=0.00 secs] 
349.536: Total time for which application threads were stopped: 0.0009830 seconds, Stopping threads took: 0.0000660 seconds
349.623: Application time: 0.0874020 seconds
349.624: [GC349.624: [ParNew: 35263K->1152K(37632K), 0.0005090 secs] 51907K->17796K(121024K), 0.0005310 secs] [Times: user=0.00 sys=0.00, real=0.00 secs] 
349.624: Total time for which application threads were stopped: 0.0007010 seconds, Stopping threads took: 0.0001150 seconds
349.707: Application time: 0.0826590 seconds
349.707: [GC349.707: [ParNew: 34165K->2204K(37632K), 0.0008630 secs] 50809K->18848K(121024K), 0.0008940 secs] [Times: user=0.01 sys=0.00, real=0.01 secs] 
349.708: Total time for which application threads were stopped: 0.0010230 seconds, Stopping threads took: 0.0000700 seconds
349.797: Application time: 0.0889450 seconds
349.797: [GC349.797: [ParNew: 35673K->562K(37632K), 0.0004010 secs] 52317K->17362K(121024K), 0.0004310 secs] [Times: user=0.00 sys=0.00, real=0.00 secs] 
349.797: Total time for which application threads were stopped: 0.0005730 seconds, Stopping threads took: 0.0000780 seconds
349.883: Application time: 0.0856880 seconds
349.883: [GC349.883: [ParNew: 33562K->1094K(37632K), 0.0004920 secs] 50362K->17894K(121024K), 0.0005210 secs] [Times: user=0.00 sys=0.00, real=0.00 secs] 
349.884: Total time for which application threads were stopped: 0.0006330 seconds, Stopping threads took: 0.0000540 seconds
349.968: Application time: 0.0843140 seconds
349.968: [GC349.968: [ParNew: 34185K->1152K(37632K), 0.0005350 secs] 50985K->17952K(121024K), 0.0005640 secs] [Times: user=0.00 sys=0.00, real=0.00 secs] 
349.969: Total time for which application threads were stopped: 0.0006860 seconds, Stopping threads took: 0.0000640 seconds
350.053: Application time: 0.0843670 seconds
350.053: [GC350.053: [ParNew: 34594K->3200K(37632K), 0.0011550 secs] 51394K->20000K(121024K), 0.0011910 secs] [Times: user=0.00 sys=0.00, real=0.00 secs] 
350.054: Total time for which application threads were stopped: 0.0013530 seconds, Stopping threads took: 0.0000970 seconds
350.139: Application time: 0.0847430 seconds
350.139: [GC350.139: [ParNew: 36213K->3112K(37632K), 0.0012290 secs] 53013K->20056K(121024K), 0.0012630 secs] [Times: user=0.01 sys=0.00, real=0.00 secs] 
350.141: Total time for which application threads were stopped: 0.0013890 seconds, Stopping threads took: 0.0000600 seconds
350.227: Application time: 0.0861690 seconds
350.227: [GC350.227: [ParNew: 36556K->3598K(37632K), 0.0012910 secs] 53501K->20606K(121024K), 0.0013320 secs] [Times: user=0.01 sys=0.00, real=0.01 secs] 
350.228: Total time for which application threads were stopped: 0.0014680 seconds, Stopping threads took: 0.0000660 seconds
350.313: Application time: 0.0851050 seconds
350.313: [GC350.313: [ParNew: 36775K->2660K(37632K), 0.0009620 secs] 53784K->19668K(121024K), 0.0009930 secs] [Times: user=0.01 sys=0.00, real=0.00 secs] 
350.314: Total time for which application threads were stopped: 0.0011440 seconds, Stopping threads took: 0.0000790 seconds
350.401: Application time: 0.0862710 seconds
350.401: [GC350.401: [ParNew: 35679K->1578K(37632K), 0.0006730 secs] 52687K->18710K(121024K), 0.0007130 secs] [Times: user=0.00 sys=0.00, real=0.00 secs] 
350.402: Total time for which application threads were stopped: 0.0008510 seconds, Stopping threads took: 0.0000760 seconds
350.488: Application time: 0.0860330 seconds
350.488: [GC350.488: [ParNew: 35022K->2602K(37632K), 0.0009330 secs] 52155K->19734K(121024K), 0.0009660 secs] [Times: user=0.00 sys=0.00, real=0.00 secs] 
350.489: Total time for which application threads were stopped: 0.0011170 seconds, Stopping threads took: 0.0000870 seconds
350.575: Application time: 0.0861730 seconds
350.575: [GC350.575: [ParNew: 35619K->2092K(37632K), 0.0008240 secs] 52751K->19280K(121024K), 0.0008510 secs] [Times: user=0.01 sys=0.00, real=0.01 secs] 
350.576: Total time for which application threads were stopped: 0.0009880 seconds, Stopping threads took: 0.0000780 seconds
350.662: Application time: 0.0863900 seconds
350.662: [GC350.662: [ParNew: 35191K->1122K(37632K), 0.0005350 secs] 52379K->18310K(121024K), 0.0005600 secs] [Times: user=0.00 sys=0.00, real=0.00 secs] 
350.663: Total time for which application threads were stopped: 0.0007340 seconds, Stopping threads took: 0.0001220 seconds
350.747: Application time: 0.0841140 seconds
350.747: [GC350.747: [ParNew: 34572K->1124K(37632K), 0.0004750 secs] 51761K->18312K(121024K), 0.0005050 secs] [Times: user=0.00 sys=0.00, real=0.00 secs] 
350.748: Total time for which application threads were stopped: 0.0006210 seconds, Stopping threads took: 0.0000580 seconds
350.825: Application time: 0.0776060 seconds
350.826: [GC350.826: [ParNew: 34137K->1150K(37632K), 0.0004800 secs] 51325K->18338K(121024K), 0.0005090 secs] [Times: user=0.00 sys=0.00, real=0.00 secs] 
350.826: Total time for which application threads were stopped: 0.0006360 seconds, Stopping threads took: 0.0000640 seconds
350.906: Application time: 0.0800630 seconds
350.906: [GC350.906: [ParNew: 34594K->1664K(37632K), 0.0006510 secs] 51783K->18852K(121024K), 0.0006790 secs] [Times: user=0.01 sys=0.00, real=0.00 secs] 
350.907: Total time for which application threads were stopped: 0.0008040 seconds, Stopping threads took: 0.0000700 seconds
350.984: Application time: 0.0773490 seconds
350.984: [GC350.984: [ParNew: 34837K->1236K(37632K), 0.0005260 secs] 52026K->18424K(121024K), 0.0005530 secs] [Times: user=0.01 sys=0.00, real=0.00 secs] 
350.985: Total time for which application threads were stopped: 0.0007600 seconds, Stopping threads took: 0.0001530 seconds
351.061: Application time: 0.0761910 seconds
351.061: [GC351.061: [ParNew: 34241K->3312K(37632K), 0.0012400 secs] 51429K->20500K(121024K), 0.0012740 secs] [Times: user=0.01 sys=0.00, real=0.00 secs] 
351.063: Total time for which application threads were stopped: 0.0014090 seconds, Stopping threads took: 0.0000720 seconds
351.141: Application time: 0.0781240 seconds
351.141: [GC351.141: [ParNew: 36325K->3116K(37632K), 0.0012060 secs] 53513K->20544K(121024K), 0.0012410 secs] [Times: user=0.01 sys=0.00, real=0.00 secs] 
351.142: Total time for which application threads were stopped: 0.0013660 seconds, Stopping threads took: 0.0000630 seconds
351.221: Application time: 0.0793260 seconds
351.222: [GC351.222: [ParNew: 36127K->3112K(37632K), 0.0012260 secs] 53555K->20596K(121024K), 0.0012560 secs] [Times: user=0.00 sys=0.00, real=0.00 secs] 
351.223: Total time for which application threads were stopped: 0.0013830 seconds, Stopping threads took: 0.0000660 seconds
351.302: Application time: 0.0793750 seconds
351.302: [GC351.302: [ParNew: 36129K->2602K(37632K), 0.0009530 secs] 53613K->20150K(121024K), 0.0009840 secs] [Times: user=0.00 sys=0.00, real=0.00 secs] 
351.303: Total time for which application threads were stopped: 0.0011790 seconds, Stopping threads took: 0.0001350 seconds
351.384: Application time: 0.0809000 seconds
351.384: [GC351.384: [ParNew: 36059K->1546K(37632K), 0.0006900 secs] 53607K->19150K(121024K), 0.0007170 secs] [Times: user=0.01 sys=0.00, real=0.00 secs] 
351.385: Total time for which application threads were stopped: 0.0008690 seconds, Stopping threads took: 0.0000800 seconds
351.465: Application time: 0.0798150 seconds
351.465: [GC351.465: [ParNew: 34560K->1576K(37632K), 0.0006690 secs] 52165K->19180K(121024K), 0.0006970 secs] [Times: user=0.01 sys=0.00, real=0.00 secs] 
351.466: Total time for which application threads were stopped: 0.0008200 seconds, Stopping threads took: 0.0000630 seconds
351.545: Application time: 0.0790960 seconds
351.545: [GC351.545: [ParNew: 35022K->2088K(37632K), 0.0009060 secs] 52627K->19692K(121024K), 0.0009360 secs] [Times: user=0.00 sys=0.00, real=0.00 secs] 
351.546: Total time for which application threads were stopped: 0.0010610 seconds, Stopping threads took: 0.0000660 seconds
351.625: Application time: 0.0787900 seconds
351.625: [GC351.625: [ParNew: 35177K->2660K(37632K), 0.0010540 secs] 52782K->20265K(121024K), 0.0010860 secs] [Times: user=0.00 sys=0.00, real=0.00 secs] 
351.626: Total time for which application threads were stopped: 0.0012130 seconds, Stopping threads took: 0.0000650 seconds
351.706: Application time: 0.0797700 seconds
351.706: [GC351.706: [ParNew: 35755K->2118K(37632K), 0.0008400 secs] 53360K->19843K(121024K), 0.0008690 secs] [Times: user=0.01 sys=0.00, real=0.00 secs] 
351.707: Total time for which application threads were stopped: 0.0010040 seconds, Stopping threads took: 0.0000750 seconds
351.785: Application time: 0.0778380 seconds
351.785: [GC351.785: [ParNew: 35131K->2090K(37632K), 0.0008120 secs] 52855K->19903K(121024K), 0.0008480 secs] [Times: user=0.01 sys=0.00, real=0.00 secs] 
351.786: Total time for which application threads were stopped: 0.0009930 seconds, Stopping threads took: 0.0000840 seconds
351.865: Application time: 0.0792370 seconds
351.865: [GC351.865: [ParNew: 35101K->2118K(37632K), 0.0009140 secs] 52913K->19931K(121024K), 0.0009420 secs] [Times: user=0.01 sys=0.00, real=0.00 secs] 
351.866: Total time for which application threads were stopped: 0.0010890 seconds, Stopping threads took: 0.0000870 seconds
351.944: Application time: 0.0779200 seconds
351.944: [GC351.944: [ParNew: 35129K->2630K(37632K), 0.0009770 secs] 52941K->20523K(121024K), 0.0010100 secs] [Times: user=0.01 sys=0.00, real=0.00 secs] 
351.945: Total time for which application threads were stopped: 0.0011380 seconds, Stopping threads took: 0.0000580 seconds
352.027: Application time: 0.0822180 seconds
352.027: [GC352.027: [ParNew: 36091K->1034K(37632K), 0.0005390 secs] 53984K->19031K(121024K), 0.0005650 secs] [Times: user=0.01 sys=0.00, real=0.00 secs] 
352.028: Total time for which application threads were stopped: 0.0007870 seconds, Stopping threads took: 0.0001680 seconds
352.105: Application time: 0.0772970 seconds
352.105: [GC352.105: [ParNew: 34044K->1574K(37632K), 0.0006210 secs] 52041K->19571K(121024K), 0.0006480 secs] [Times: user=0.00 sys=0.00, real=0.00 secs] 
352.106: Total time for which application threads were stopped: 0.0007600 seconds, Stopping threads took: 0.0000560 seconds
352.186: Application time: 0.0797100 seconds
352.186: [GC352.186: [ParNew: 35022K->1578K(37632K), 0.0006250 secs] 53019K->19575K(121024K), 0.0006520 secs] [Times: user=0.00 sys=0.00, real=0.00 secs] 
352.187: Total time for which application threads were stopped: 0.0007980 seconds, Stopping threads took: 0.0000880 seconds
352.263: Application time: 0.0765070 seconds
352.263: [GC352.263: [ParNew: 34665K->2660K(37632K), 0.0009570 secs] 52662K->20657K(121024K), 0.0009870 secs] [Times: user=0.01 sys=0.00, real=0.00 secs] 
352.264: Total time for which application threads were stopped: 0.0011140 seconds, Stopping threads took: 0.0000670 seconds
352.344: Application time: 0.0796270 seconds
352.344: [GC352.344: [ParNew: 35761K->1608K(37632K), 0.0006930 secs] 53758K->19741K(121024K), 0.0007230 secs] [Times: user=0.00 sys=0.00, real=0.00 secs] 
352.345: Total time for which application threads were stopped: 0.0008390 seconds, Stopping threads took: 0.0000570 seconds
352.424: Application time: 0.0795120 seconds
352.424: [GC352.424: [ParNew: 34627K->1124K(37632K), 0.0004780 secs] 52760K->19257K(121024K), 0.0005140 secs] [Times: user=0.00 sys=0.00, real=0.00 secs] 
352.425: Total time for which application threads were stopped: 0.0006300 seconds, Stopping threads took: 0.0000620 seconds
352.503: Application time: 0.0783740 seconds
352.503: [GC352.503: [ParNew: 34137K->1152K(37632K), 0.0005040 secs] 52270K->19285K(121024K), 0.0005330 secs] [Times: user=0.00 sys=0.00, real=0.00 secs] 
352.504: Total time for which application threads were stopped: 0.0006620 seconds, Stopping threads took: 0.0000670 seconds
352.581: Application time: 0.0768200 seconds
352.581: [GC352.581: [ParNew: 34160K->2204K(37632K), 0.0008420 secs] 52294K->20337K(121024K), 0.0008740 secs] [Times: user=0.01 sys=0.00, real=0.00 secs] 
352.582: Total time for which application threads were stopped: 0.0010120 seconds, Stopping threads took: 0.0000740 seconds
352.663: Application time: 0.0815730 seconds
352.663: [GC352.663: [ParNew: 35661K->1064K(37632K), 0.0005600 secs] 53794K->19361K(121024K), 0.0005890 secs] [Times: user=0.01 sys=0.00, real=0.00 secs] 
352.664: Total time for which application threads were stopped: 0.0008540 seconds, Stopping threads took: 0.0002090 seconds
352.744: Application time: 0.0802380 seconds
352.744: [GC352.744: [ParNew: 34510K->1576K(37632K), 0.0006040 secs] 52807K->19873K(121024K), 0.0006330 secs] [Times: user=0.00 sys=0.00, real=0.00 secs] 
352.745: Total time for which application threads were stopped: 0.0007840 seconds, Stopping threads took: 0.0000950 seconds
352.822: Application time: 0.0766010 seconds
352.822: [GC352.822: [ParNew: 34584K->2632K(37632K), 0.0009560 secs] 52882K->20929K(121024K), 0.0009900 secs] [Times: user=0.01 sys=0.00, real=0.00 secs] 
352.823: Total time for which application threads were stopped: 0.0011260 seconds, Stopping threads took: 0.0000740 seconds
352.901: Application time: 0.0784590 seconds
352.901: [GC352.901: [ParNew: 35647K->2602K(37632K), 0.0010080 secs] 53944K->20987K(121024K), 0.0010400 secs] [Times: user=0.00 sys=0.00, real=0.00 secs] 
352.902: Total time for which application threads were stopped: 0.0011670 seconds, Stopping threads took: 0.0000680 seconds
352.982: Application time: 0.0798870 seconds
352.982: [GC352.982: [ParNew: 35777K->2148K(37632K), 0.0008390 secs] 54163K->20589K(121024K), 0.0008690 secs] [Times: user=0.01 sys=0.00, real=0.00 secs] 
352.983: Total time for which application threads were stopped: 0.0010000 seconds, Stopping threads took: 0.0000710 seconds
353.063: Application time: 0.0795610 seconds
353.063: [GC353.063: [ParNew: 35171K->554K(37632K), 0.0004070 secs] 53612K->19131K(121024K), 0.0004330 secs] [Times: user=0.00 sys=0.00, real=0.00 secs] 
353.064: Total time for which application threads were stopped: 0.0006670 seconds, Stopping threads took: 0.0001710 seconds
353.143: Application time: 0.0791150 seconds
353.143: [GC353.143: [ParNew: 33566K->582K(37632K), 0.0003270 secs] 52144K->19159K(121024K), 0.0003530 secs] [Times: user=0.01 sys=0.00, real=0.00 secs] 
353.143: Total time for which application threads were stopped: 0.0004620 seconds, Stopping threads took: 0.0000560 seconds
353.220: Application time: 0.0770160 seconds
353.220: [GC353.220: [ParNew: 33592K->1124K(37632K), 0.0004690 secs] 52170K->19701K(121024K), 0.0004970 secs] [Times: user=0.00 sys=0.00, real=0.00 secs] 
353.221: Total time for which application threads were stopped: 0.0006140 seconds, Stopping threads took: 0.0000630 seconds
353.300: Application time: 0.0792490 seconds
353.300: [GC353.300: [ParNew: 34570K->1636K(37632K), 0.0006270 secs] 53148K->20213K(121024K), 0.0006570 secs] [Times: user=0.01 sys=0.00, real=0.00 secs] 
353.301: Total time for which application threads were stopped: 0.0008040 seconds, Stopping threads took: 0.0000890 seconds
353.379: Application time: 0.0780990 seconds
353.379: [GC353.379: [ParNew: 35080K->2148K(37632K), 0.0008220 secs] 53658K->20725K(121024K), 0.0008600 secs] [Times: user=0.00 sys=0.00, real=0.00 secs] 
353.380: Total time for which application threads were stopped: 0.0009870 seconds, Stopping threads took: 0.0000670 seconds
353.460: Application time: 0.0799950 seconds
353.460: [GC353.460: [ParNew: 35161K->2120K(37632K), 0.0008440 secs] 53738K->20801K(121024K), 0.0008840 secs] [Times: user=0.01 sys=0.00, real=0.00 secs] 
353.461: Total time for which application threads were stopped: 0.0009980 seconds, Stopping threads took: 0.0000550 seconds
353.539: Application time: 0.0776780 seconds
353.539: [GC353.539: [ParNew: 35133K->2120K(37632K), 0.0008280 secs] 53814K->20865K(121024K), 0.0008570 secs] [Times: user=0.01 sys=0.00, real=0.00 secs] 
353.540: Total time for which application threads were stopped: 0.0010060 seconds, Stopping threads took: 0.0000930 seconds
353.620: Application time: 0.0803150 seconds
353.620: [GC353.620: [ParNew: 35302K->638K(37632K), 0.0004640 secs] 54047K->19439K(121024K), 0.0004930 secs] [Times: user=0.01 sys=0.00, real=0.00 secs] 
353.621: Total time for which application threads were stopped: 0.0006170 seconds, Stopping threads took: 0.0000640 seconds
353.699: Application time: 0.0781670 seconds
353.703: [GC353.703: [ParNew: 33648K->1180K(37632K), 0.0005420 secs] 52450K->19981K(121024K), 0.0005700 secs] [Times: user=0.00 sys=0.00, real=0.00 secs] 
353.704: Total time for which application threads were stopped: 0.0050390 seconds, Stopping threads took: 0.0044110 seconds
353.781: Application time: 0.0771980 seconds
353.781: [GC353.781: [ParNew: 34191K->2232K(37632K), 0.0008740 secs] 52992K->21033K(121024K), 0.0009030 secs] [Times: user=0.01 sys=0.00, real=0.00 secs] 
353.782: Total time for which application threads were stopped: 0.0010240 seconds, Stopping threads took: 0.0000640 seconds
353.861: Application time: 0.0790680 seconds
353.861: [GC353.861: [ParNew: 35245K->2120K(37632K), 0.0008630 secs] 54046K->21113K(121024K), 0.0008930 secs] [Times: user=0.01 sys=0.00, real=0.00 secs] 
353.862: Total time for which application threads were stopped: 0.0010360 seconds, Stopping threads took: 0.0000840 seconds
353.944: Application time: 0.0815200 seconds
353.944: [GC353.944: [ParNew: 35579K->1064K(37632K), 0.0005690 secs] 54572K->20121K(121024K), 0.0005990 secs] [Times: user=0.00 sys=0.00, real=0.00 secs] 
353.944: Total time for which application threads were stopped: 0.0007300 seconds, Stopping threads took: 0.0000760 seconds
354.023: Application time: 0.0782320 seconds
354.023: [GC354.023: [ParNew: 34506K->2090K(37632K), 0.0007570 secs] 53564K->21147K(121024K), 0.0007870 secs] [Times: user=0.00 sys=0.00, real=0.00 secs] 
354.024: Total time for which application threads were stopped: 0.0009190 seconds, Stopping threads took: 0.0000730 seconds
354.102: Application time: 0.0786390 seconds
354.102: [GC354.102: [ParNew: 35183K->2660K(37632K), 0.0009850 secs] 54240K->21718K(121024K), 0.0010190 secs] [Times: user=0.01 sys=0.00, real=0.00 secs] 
354.103: Total time for which application threads were stopped: 0.0011540 seconds, Stopping threads took: 0.0000720 seconds
354.184: Application time: 0.0803890 seconds
354.184: [GC354.184: [ParNew: 35675K->2088K(37632K), 0.0007840 secs] 54733K->21282K(121024K), 0.0008140 secs] [Times: user=0.01 sys=0.00, real=0.00 secs] 
354.185: Total time for which application threads were stopped: 0.0009540 seconds, Stopping threads took: 0.0000670 seconds
354.265: Application time: 0.0804550 seconds
354.265: [GC354.265: [ParNew: 35183K->1636K(37632K), 0.0006970 secs] 54377K->20830K(121024K), 0.0007280 secs] [Times: user=0.01 sys=0.00, real=0.00 secs] 
354.266: Total time for which application threads were stopped: 0.0008580 seconds, Stopping threads took: 0.0000700 seconds
354.345: Application time: 0.0789430 seconds
354.345: [GC354.345: [ParNew: 34655K->640K(37632K), 0.0003690 secs] 53848K->19834K(121024K), 0.0003960 secs] [Times: user=0.00 sys=0.00, real=0.00 secs] 
354.346: Total time for which application threads were stopped: 0.0006300 seconds, Stopping threads took: 0.0001810 seconds
354.423: Application time: 0.0774350 seconds
354.423: [GC354.423: [ParNew: 33650K->1180K(37632K), 0.0005410 secs] 52844K->20374K(121024K), 0.0005690 secs] [Times: user=0.00 sys=0.00, real=0.00 secs] 
354.424: Total time for which application threads were stopped: 0.0007190 seconds, Stopping threads took: 0.0000860 seconds
354.501: Application time: 0.0777340 seconds
354.502: [GC354.502: [ParNew: 34191K->2232K(37632K), 0.0008510 secs] 53384K->21426K(121024K), 0.0008850 secs] [Times: user=0.01 sys=0.00, real=0.00 secs] 
354.502: Total time for which application threads were stopped: 0.0010390 seconds, Stopping threads took: 0.0000940 seconds
354.584: Application time: 0.0813800 seconds
354.584: [GC354.584: [ParNew: 35685K->1580K(37632K), 0.0006690 secs] 54879K->20958K(121024K), 0.0006980 secs] [Times: user=0.00 sys=0.00, real=0.00 secs] 
354.585: Total time for which application threads were stopped: 0.0008180 seconds, Stopping threads took: 0.0000630 seconds
354.665: Application time: 0.0802630 seconds
354.665: [GC354.665: [ParNew: 35024K->2600K(37632K), 0.0010600 secs] 54402K->21978K(121024K), 0.0010940 secs] [Times: user=0.01 sys=0.00, real=0.00 secs] 
354.666: Total time for which application threads were stopped: 0.0012270 seconds, Stopping threads took: 0.0000720 seconds
354.750: Application time: 0.0834810 seconds
354.750: [GC354.750: [ParNew: 35707K->584K(37632K), 0.0003530 secs] 55085K->20018K(121024K), 0.0003800 secs] [Times: user=0.01 sys=0.00, real=0.00 secs] 
354.750: Total time for which application threads were stopped: 0.0004950 seconds, Stopping threads took: 0.0000520 seconds
354.836: Application time: 0.0860350 seconds
354.836: [GC354.836: [ParNew: 33601K->100K(37632K), 0.0002480 secs] 53035K->19534K(121024K), 0.0002760 secs] [Times: user=0.00 sys=0.00, real=0.00 secs] 
354.837: Total time for which application threads were stopped: 0.0003930 seconds, Stopping threads took: 0.0000640 seconds
354.919: Application time: 0.0823540 seconds
354.919: [GC354.919: [ParNew: 33182K->1692K(37632K), 0.0006720 secs] 52616K->21126K(121024K), 0.0007020 secs] [Times: user=0.00 sys=0.00, real=0.00 secs] 
354.920: Total time for which application threads were stopped: 0.0008310 seconds, Stopping threads took: 0.0000660 seconds
355.005: Application time: 0.0854540 seconds
355.005: [GC355.005: [ParNew: 34785K->1748K(37632K), 0.0006620 secs] 54219K->21182K(121024K), 0.0006920 secs] [Times: user=0.00 sys=0.00, real=0.00 secs] 
355.006: Total time for which application threads were stopped: 0.0008220 seconds, Stopping threads took: 0.0000670 seconds
355.091: Application time: 0.0852690 seconds
355.091: [GC355.091: [ParNew: 34761K->1776K(37632K), 0.0006760 secs] 54195K->21210K(121024K), 0.0007070 secs] [Times: user=0.01 sys=0.00, real=0.00 secs] 
355.092: Total time for which application threads were stopped: 0.0008380 seconds, Stopping threads took: 0.0000670 seconds
355.176: Application time: 0.0839390 seconds
355.176: [GC355.176: [ParNew: 35218K->3312K(37632K), 0.0011890 secs] 54653K->22746K(121024K), 0.0012260 secs] [Times: user=0.01 sys=0.00, real=0.00 secs] 
355.177: Total time for which application threads were stopped: 0.0013670 seconds, Stopping threads took: 0.0000750 seconds
355.266: Application time: 0.0883490 seconds
355.266: [GC355.266: [ParNew: 36773K->1548K(37632K), 0.0007150 secs] 56207K->21250K(121024K), 0.0007430 secs] [Times: user=0.01 sys=0.00, real=0.00 secs] 
355.267: Total time for which application threads were stopped: 0.0008700 seconds, Stopping threads took: 0.0000630 seconds
355.352: Application time: 0.0856210 seconds
355.352: [GC355.352: [ParNew: 34994K->2058K(37632K), 0.0008420 secs] 54696K->21760K(121024K), 0.0008720 secs] [Times: user=0.00 sys=0.00, real=0.00 secs] 
355.353: Total time for which application threads were stopped: 0.0010060 seconds, Stopping threads took: 0.0000750 seconds
355.439: Application time: 0.0855680 seconds
355.439: [GC355.439: [ParNew: 35151K->2118K(37632K), 0.0008830 secs] 54853K->21820K(121024K), 0.0009120 secs] [Times: user=0.00 sys=0.01, real=0.00 secs] 
355.440: Total time for which application threads were stopped: 0.0010490 seconds, Stopping threads took: 0.0000800 seconds
355.526: Application time: 0.0862460 seconds
355.526: [GC355.526: [ParNew: 35131K->2088K(37632K), 0.0008280 secs] 54833K->21902K(121024K), 0.0008710 secs] [Times: user=0.01 sys=0.00, real=0.01 secs] 
355.527: Total time for which application threads were stopped: 0.0010200 seconds, Stopping threads took: 0.0000870 seconds
355.613: Application time: 0.0856460 seconds
355.613: [GC355.613: [ParNew: 35179K->2148K(37632K), 0.0007890 secs] 54993K->21962K(121024K), 0.0008200 secs] [Times: user=0.01 sys=0.00, real=0.00 secs] 
355.614: Total time for which application threads were stopped: 0.0009730 seconds, Stopping threads took: 0.0000850 seconds
355.698: Application time: 0.0846210 seconds
355.699: [GC355.699: [ParNew: 35239K->2120K(37632K), 0.0008880 secs] 55053K->22062K(121024K), 0.0009200 secs] [Times: user=0.00 sys=0.00, real=0.00 secs] 
355.700: Total time for which application threads were stopped: 0.0010570 seconds, Stopping threads took: 0.0000760 seconds
355.786: Application time: 0.0867890 seconds
355.786: [GC355.786: [ParNew: 35143K->554K(37632K), 0.0003680 secs] 55085K->20608K(121024K), 0.0003970 secs] [Times: user=0.00 sys=0.00, real=0.00 secs] 
355.787: Total time for which application threads were stopped: 0.0005220 seconds, Stopping threads took: 0.0000610 seconds
355.873: Application time: 0.0866520 seconds
355.874: [GC355.874: [ParNew: 34000K->1064K(37632K), 0.0005510 secs] 54055K->21118K(121024K), 0.0005770 secs] [Times: user=0.00 sys=0.00, real=0.00 secs] 
355.874: Total time for which application threads were stopped: 0.0007190 seconds, Stopping threads took: 0.0000850 seconds
355.960: Application time: 0.0853860 seconds
355.960: [GC355.960: [ParNew: 34508K->1574K(37632K), 0.0007340 secs] 54563K->21628K(121024K), 0.0007640 secs] [Times: user=0.00 sys=0.00, real=0.00 secs] 
355.960: Total time for which application threads were stopped: 0.0008940 seconds, Stopping threads took: 0.0000690 seconds
356.047: Application time: 0.0860630 seconds
356.047: [GC356.047: [ParNew: 35022K->2092K(37632K), 0.0007960 secs] 55077K->22146K(121024K), 0.0008280 secs] [Times: user=0.00 sys=0.00, real=0.01 secs] 
356.048: Total time for which application threads were stopped: 0.0009640 seconds, Stopping threads took: 0.0000750 seconds
356.134: Application time: 0.0861520 seconds
356.134: [GC356.134: [ParNew: 35185K->2146K(37632K), 0.0007520 secs] 55239K->22200K(121024K), 0.0007780 secs] [Times: user=0.01 sys=0.00, real=0.00 secs] 
356.135: Total time for which application threads were stopped: 0.0009010 seconds, Stopping threads took: 0.0000640 seconds
356.220: Application time: 0.0852640 seconds
356.220: [GC356.220: [ParNew: 35165K->1578K(37632K), 0.0006990 secs] 55219K->21772K(121024K), 0.0007280 secs] [Times: user=0.00 sys=0.00, real=0.00 secs] 
356.221: Total time for which application threads were stopped: 0.0008730 seconds, Stopping threads took: 0.0000870 seconds
356.307: Application time: 0.0857890 seconds
356.307: [GC356.307: [ParNew: 34671K->1124K(37632K), 0.0004990 secs] 54866K->21318K(121024K), 0.0005360 secs] [Times: user=0.00 sys=0.00, real=0.01 secs] 
356.307: Total time for which application threads were stopped: 0.0006960 seconds, Stopping threads took: 0.0000890 seconds
356.391: Application time: 0.0834770 seconds
356.391: [GC356.391: [ParNew: 34205K->3228K(37632K), 0.0011860 secs] 54399K->23423K(121024K), 0.0012240 secs] [Times: user=0.01 sys=0.00, real=0.00 secs] 
356.392: Total time for which application threads were stopped: 0.0013620 seconds, Stopping threads took: 0.0000730 seconds
356.478: Application time: 0.0860880 seconds
356.478: [GC356.478: [ParNew: 36245K->2604K(37632K), 0.0010340 secs] 56440K->22987K(121024K), 0.0010670 secs] [Times: user=0.01 sys=0.00, real=0.00 secs] 
356.479: Total time for which application threads were stopped: 0.0012040 seconds, Stopping threads took: 0.0000740 seconds
356.567: Application time: 0.0876590 seconds
356.567: [GC356.567: [ParNew: 36063K->1546K(37632K), 0.0006110 secs] 56445K->22001K(121024K), 0.0006420 secs] [Times: user=0.00 sys=0.00, real=0.00 secs] 
356.568: Total time for which application threads were stopped: 0.0007880 seconds, Stopping threads took: 0.0000840 seconds
356.654: Application time: 0.0861810 seconds
356.654: [GC356.654: [ParNew: 34998K->1544K(37632K), 0.0007000 secs] 55453K->21998K(121024K), 0.0007360 secs] [Times: user=0.00 sys=0.00, real=0.00 secs] 
356.655: Total time for which application threads were stopped: 0.0008640 seconds, Stopping threads took: 0.0000710 seconds
356.739: Application time: 0.0842560 seconds
356.739: [GC356.739: [ParNew: 34986K->2572K(37632K), 0.0010260 secs] 55441K->23027K(121024K), 0.0010590 secs] [Times: user=0.00 sys=0.00, real=0.00 secs] 
356.740: Total time for which application threads were stopped: 0.0012160 seconds, Stopping threads took: 0.0000930 seconds
356.828: Application time: 0.0877990 seconds
356.828: [GC356.828: [ParNew: 35669K->1606K(37632K), 0.0007620 secs] 56124K->22061K(121024K), 0.0015870 secs] [Times: user=0.00 sys=0.00, real=0.00 secs] 
356.830: Total time for which application threads were stopped: 0.0017940 seconds, Stopping threads took: 0.0001340 seconds
356.914: Application time: 0.0840400 seconds
356.914: [GC356.914: [ParNew: 34619K->2146K(37632K), 0.0008320 secs] 55073K->22601K(121024K), 0.0008640 secs] [Times: user=0.01 sys=0.00, real=0.00 secs] 
356.915: Total time for which application threads were stopped: 0.0010270 seconds, Stopping threads took: 0.0000980 seconds
357.000: Application time: 0.0852970 seconds
357.000: [GC357.000: [ParNew: 35239K->2148K(37632K), 0.0008540 secs] 55694K->22707K(121024K), 0.0008870 secs] [Times: user=0.01 sys=0.00, real=0.00 secs] 
357.001: Total time for which application threads were stopped: 0.0010420 seconds, Stopping threads took: 0.0000940 seconds
357.087: Application time: 0.0856530 seconds
357.087: [GC357.087: [ParNew: 35245K->1604K(37632K), 0.0006700 secs] 55804K->22299K(121024K), 0.0006980 secs] [Times: user=0.00 sys=0.00, real=0.00 secs] 
357.088: Total time for which application threads were stopped: 0.0008420 seconds, Stopping threads took: 0.0000850 seconds
357.174: Application time: 0.0860170 seconds
357.174: [GC357.174: [ParNew: 34621K->1124K(37632K), 0.0005140 secs] 55316K->21819K(121024K), 0.0005420 secs] [Times: user=0.01 sys=0.00, real=0.00 secs] 
357.175: Total time for which application threads were stopped: 0.0006690 seconds, Stopping threads took: 0.0000690 seconds
357.260: Application time: 0.0855960 seconds
357.260: [GC357.260: [ParNew: 34572K->1124K(37632K), 0.0005010 secs] 55267K->21819K(121024K), 0.0005290 secs] [Times: user=0.00 sys=0.00, real=0.00 secs] 
357.261: Total time for which application threads were stopped: 0.0006650 seconds, Stopping threads took: 0.0000790 seconds
357.345: Application time: 0.0845290 seconds
357.345: [GC357.346: [ParNew: 34566K->2148K(37632K), 0.0008170 secs] 55261K->22843K(121024K), 0.0008470 secs] [Times: user=0.01 sys=0.00, real=0.00 secs] 
357.346: Total time for which application threads were stopped: 0.0010360 seconds, Stopping threads took: 0.0001190 seconds
357.435: Application time: 0.0886220 seconds
357.435: [GC357.435: [ParNew: 35605K->1578K(37632K), 0.0006650 secs] 56300K->22385K(121024K), 0.0006970 secs] [Times: user=0.00 sys=0.00, real=0.00 secs] 
357.436: Total time for which application threads were stopped: 0.0008340 seconds, Stopping threads took: 0.0000720 seconds
357.522: Application time: 0.0861320 seconds
357.522: [GC357.522: [ParNew: 34677K->612K(37632K), 0.0004150 secs] 55484K->21419K(121024K), 0.0004420 secs] [Times: user=0.01 sys=0.00, real=0.00 secs] 
357.523: Total time for which application threads were stopped: 0.0005520 seconds, Stopping threads took: 0.0000520 seconds
357.606: Application time: 0.0837290 seconds
357.606: [GC357.606: [ParNew: 33622K->640K(37632K), 0.0004210 secs] 54430K->21447K(121024K), 0.0004480 secs] [Times: user=0.00 sys=0.00, real=0.00 secs] 
357.607: Total time for which application threads were stopped: 0.0005660 seconds, Stopping threads took: 0.0000650 seconds
357.691: Application time: 0.0842970 seconds
357.691: [GC357.691: [ParNew: 33646K->2204K(37632K), 0.0008130 secs] 54453K->23011K(121024K), 0.0008440 secs] [Times: user=0.01 sys=0.00, real=0.00 secs] 
357.692: Total time for which application threads were stopped: 0.0010090 seconds, Stopping threads took: 0.0000930 seconds
357.776: Application time: 0.0838990 seconds
357.776: [GC357.776: [ParNew: 35375K->2688K(37632K), 0.0010810 secs] 56182K->23647K(121024K), 0.0011140 secs] [Times: user=0.00 sys=0.00, real=0.00 secs] 
357.777: Total time for which application threads were stopped: 0.0012520 seconds, Stopping threads took: 0.0000730 seconds
357.862: Application time: 0.0850310 seconds
357.862: [GC357.862: [ParNew: 35701K->2604K(37632K), 0.0010760 secs] 56660K->23715K(121024K), 0.0011080 secs] [Times: user=0.01 sys=0.00, real=0.00 secs] 
357.864: Total time for which application threads were stopped: 0.0012570 seconds, Stopping threads took: 0.0000770 seconds
357.950: Application time: 0.0866740 seconds
357.950: [GC357.950: [ParNew: 36052K->2572K(37632K), 0.0009540 secs] 57164K->23747K(121024K), 0.0009860 secs] [Times: user=0.00 sys=0.00, real=0.00 secs] 
357.951: Total time for which application threads were stopped: 0.0011190 seconds, Stopping threads took: 0.0000710 seconds
358.041: Application time: 0.0897780 seconds
358.041: [GC358.041: [ParNew: 36024K->2058K(37632K), 0.0007840 secs] 57200K->23233K(121024K), 0.0008130 secs] [Times: user=0.01 sys=0.00, real=0.00 secs] 
358.042: Total time for which application threads were stopped: 0.0009360 seconds, Stopping threads took: 0.0000630 seconds
358.129: Application time: 0.0865950 seconds
358.129: [GC358.129: [ParNew: 35508K->2060K(37632K), 0.0008130 secs] 56684K->23235K(121024K), 0.0008460 secs] [Times: user=0.00 sys=0.00, real=0.00 secs] 
358.130: Total time for which application threads were stopped: 0.0009910 seconds, Stopping threads took: 0.0000800 seconds
358.216: Application time: 0.0864370 seconds
358.216: [GC358.216: [ParNew: 35155K->1604K(37632K), 0.0006890 secs] 56330K->22779K(121024K), 0.0007180 secs] [Times: user=0.00 sys=0.00, real=0.00 secs] 
358.217: Total time for which application threads were stopped: 0.0008530 seconds, Stopping threads took: 0.0000790 seconds
358.303: Application time: 0.0865290 seconds
358.304: [GC358.304: [ParNew: 34629K->96K(37632K), 0.0003360 secs] 55804K->21271K(121024K), 0.0003630 secs] [Times: user=0.00 sys=0.00, real=0.00 secs] 
358.304: Total time for which application threads were stopped: 0.0004770 seconds, Stopping threads took: 0.0000620 seconds
358.391: Application time: 0.0866090 seconds
358.391: [GC358.391: [ParNew: 33104K->640K(37632K), 0.0003950 secs] 54280K->21815K(121024K), 0.0004220 secs] [Times: user=0.00 sys=0.00, real=0.00 secs] 
358.391: Total time for which application threads were stopped: 0.0005650 seconds, Stopping threads took: 0.0000780 seconds
358.476: Application time: 0.0853280 seconds
358.477: [GC358.477: [ParNew: 33889K->1776K(37632K), 0.0006850 secs] 55064K->22951K(121024K), 0.0007150 secs] [Times: user=0.01 sys=0.00, real=0.00 secs] 
358.477: Total time for which application threads were stopped: 0.0008440 seconds, Stopping threads took: 0.0000690 seconds
358.562: Application time: 0.0850220 seconds
358.562: [GC358.562: [ParNew: 35223K->2288K(37632K), 0.0009150 secs] 56398K->23463K(121024K), 0.0009490 secs] [Times: user=0.00 sys=0.00, real=0.00 secs] 
358.563: Total time for which application threads were stopped: 0.0010930 seconds, Stopping threads took: 0.0000800 seconds
358.652: Application time: 0.0883320 seconds
358.652: [GC358.652: [ParNew: 35739K->2058K(37632K), 0.0008530 secs] 56914K->23505K(121024K), 0.0008820 secs] [Times: user=0.01 sys=0.00, real=0.00 secs] 
358.653: Total time for which application threads were stopped: 0.0011310 seconds, Stopping threads took: 0.0001870 seconds
358.740: Application time: 0.0866530 seconds
358.740: [GC358.740: [ParNew: 35514K->1032K(37632K), 0.0004360 secs] 56962K->22479K(121024K), 0.0004630 secs] [Times: user=0.00 sys=0.00, real=0.00 secs] 
358.740: Total time for which application threads were stopped: 0.0005770 seconds, Stopping threads took: 0.0000590 seconds
358.818: Application time: 0.0783080 seconds
358.819: [GC358.819: [ParNew: 34476K->2572K(37632K), 0.0009600 secs] 55924K->24019K(121024K), 0.0010010 secs] [Times: user=0.01 sys=0.00, real=0.00 secs] 
358.820: Total time for which application threads were stopped: 0.0011400 seconds, Stopping threads took: 0.0000770 seconds
358.899: Application time: 0.0789490 seconds
358.899: [GC358.899: [ParNew: 35661K->3144K(37632K), 0.0011850 secs] 57109K->24592K(121024K), 0.0012190 secs] [Times: user=0.01 sys=0.00, real=0.00 secs] 
358.900: Total time for which application threads were stopped: 0.0013660 seconds, Stopping threads took: 0.0000760 seconds
358.979: Application time: 0.0788370 seconds
358.979: [GC358.979: [ParNew: 36157K->3116K(37632K), 0.0011850 secs] 57605K->24660K(121024K), 0.0012210 secs] [Times: user=0.01 sys=0.00, real=0.00 secs] 
358.980: Total time for which application threads were stopped: 0.0013890 seconds, Stopping threads took: 0.0001040 seconds
359.060: Application time: 0.0797620 seconds
359.060: [GC359.060: [ParNew: 36137K->2092K(37632K), 0.0008310 secs] 57681K->23700K(121024K), 0.0008610 secs] [Times: user=0.01 sys=0.00, real=0.00 secs] 
359.061: Total time for which application threads were stopped: 0.0009790 seconds, Stopping threads took: 0.0000590 seconds
359.139: Application time: 0.0784850 seconds
359.139: [GC359.139: [ParNew: 35343K->2204K(37632K), 0.0008060 secs] 56951K->23812K(121024K), 0.0008380 secs] [Times: user=0.01 sys=0.00, real=0.00 secs] 
359.140: Total time for which application threads were stopped: 0.0009790 seconds, Stopping threads took: 0.0000820 seconds
359.219: Application time: 0.0790720 seconds
359.220: [GC359.220: [ParNew: 35653K->2058K(37632K), 0.0008520 secs] 57260K->23854K(121024K), 0.0008810 secs] [Times: user=0.01 sys=0.00, real=0.00 secs] 
359.220: Total time for which application threads were stopped: 0.0010120 seconds, Stopping threads took: 0.0000700 seconds
359.300: Application time: 0.0796780 seconds
359.300: [GC359.300: [ParNew: 35508K->2062K(37632K), 0.0007790 secs] 57304K->23858K(121024K), 0.0008080 secs] [Times: user=0.01 sys=0.00, real=0.00 secs] 
359.301: Total time for which application threads were stopped: 0.0009530 seconds, Stopping threads took: 0.0000870 seconds
359.381: Application time: 0.0796020 seconds
359.381: [GC359.381: [ParNew: 35506K->2572K(37632K), 0.0009400 secs] 57302K->24368K(121024K), 0.0009720 secs] [Times: user=0.00 sys=0.00, real=0.00 secs] 
359.382: Total time for which application threads were stopped: 0.0011060 seconds, Stopping threads took: 0.0000710 seconds
359.461: Application time: 0.0790850 seconds
359.461: [GC359.461: [ParNew: 36018K->3084K(37632K), 0.0011390 secs] 57814K->24880K(121024K), 0.0011720 secs] [Times: user=0.01 sys=0.00, real=0.00 secs] 
359.462: Total time for which application threads were stopped: 0.0013170 seconds, Stopping threads took: 0.0000740 seconds
359.542: Application time: 0.0796530 seconds
359.542: [GC359.542: [ParNew: 36177K->3142K(37632K), 0.0011220 secs] 57973K->24938K(121024K), 0.0011570 secs] [Times: user=0.00 sys=0.01, real=0.00 secs] 
359.543: Total time for which application threads were stopped: 0.0012960 seconds, Stopping threads took: 0.0000760 seconds
359.625: Application time: 0.0818750 seconds
359.625: [GC359.625: [ParNew: 36249K->1096K(37632K), 0.0005170 secs] 58045K->22980K(121024K), 0.0005420 secs] [Times: user=0.01 sys=0.00, real=0.00 secs] 
359.626: Total time for which application threads were stopped: 0.0006560 seconds, Stopping threads took: 0.0000600 seconds
359.705: Application time: 0.0793820 seconds
359.705: [GC359.705: [ParNew: 34540K->2120K(37632K), 0.0008210 secs] 56424K->24004K(121024K), 0.0008510 secs] [Times: user=0.01 sys=0.00, real=0.00 secs] 
359.706: Total time for which application threads were stopped: 0.0009740 seconds, Stopping threads took: 0.0000650 seconds
359.784: Application time: 0.0779570 seconds
359.784: [GC359.784: [ParNew: 35372K->2174K(37632K), 0.0008290 secs] 57256K->24154K(121024K), 0.0008610 secs] [Times: user=0.01 sys=0.00, real=0.00 secs] 
359.785: Total time for which application threads were stopped: 0.0009940 seconds, Stopping threads took: 0.0000700 seconds
359.865: Application time: 0.0802020 seconds
359.865: [GC359.865: [ParNew: 35618K->2572K(37632K), 0.0010680 secs] 57599K->24704K(121024K), 0.0011090 secs] [Times: user=0.00 sys=0.00, real=0.00 secs] 
359.866: Total time for which application threads were stopped: 0.0012410 seconds, Stopping threads took: 0.0000710 seconds
359.948: Application time: 0.0817530 seconds
359.948: [GC359.948: [ParNew: 36033K->1032K(37632K), 0.0004910 secs] 58165K->23164K(121024K), 0.0005210 secs] [Times: user=0.00 sys=0.00, real=0.00 secs] 
359.949: Total time for which application threads were stopped: 0.0006430 seconds, Stopping threads took: 0.0000650 seconds
360.027: Application time: 0.0780680 seconds
360.027: [GC360.027: [ParNew: 34476K->2060K(37632K), 0.0008080 secs] 56608K->24192K(121024K), 0.0008370 secs] [Times: user=0.00 sys=0.00, real=0.01 secs] 
360.028: Total time for which application threads were stopped: 0.0009780 seconds, Stopping threads took: 0.0000720 seconds
360.107: Application time: 0.0794360 seconds
360.107: [GC360.107: [ParNew: 35502K->3084K(37632K), 0.0010950 secs] 57634K->25216K(121024K), 0.0011280 secs] [Times: user=0.00 sys=0.00, real=0.00 secs] 
360.109: Total time for which application threads were stopped: 0.0012630 seconds, Stopping threads took: 0.0000710 seconds
360.188: Application time: 0.0798890 seconds
360.189: [GC360.189: [ParNew: 36179K->3144K(37632K), 0.0011190 secs] 58311K->25276K(121024K), 0.0011510 secs] [Times: user=0.01 sys=0.00, real=0.00 secs] 
360.190: Total time for which application threads were stopped: 0.0012930 seconds, Stopping threads took: 0.0000820 seconds
360.268: Application time: 0.0778980 seconds
360.268: [GC360.268: [ParNew: 36233K->3654K(37632K), 0.0013070 secs] 58365K->25886K(121024K), 0.0013410 secs] [Times: user=0.01 sys=0.00, real=0.00 secs] 
360.269: Total time for which application threads were stopped: 0.0014930 seconds, Stopping threads took: 0.0000900 seconds
360.351: Application time: 0.0816520 seconds
360.351: [GC360.351: [ParNew: 37126K->1554K(37632K), 0.0006990 secs] 59358K->23886K(121024K), 0.0007320 secs] [Times: user=0.00 sys=0.00, real=0.00 secs] 
360.352: Total time for which application threads were stopped: 0.0009910 seconds, Stopping threads took: 0.0002010 seconds
360.432: Application time: 0.0804480 seconds
360.432: [GC360.432: [ParNew: 34797K->1664K(37632K), 0.0007420 secs] 57130K->23996K(121024K), 0.0007690 secs] [Times: user=0.00 sys=0.00, real=0.00 secs] 
360.433: Total time for which application threads were stopped: 0.0008890 seconds, Stopping threads took: 0.0000640 seconds
360.512: Application time: 0.0792360 seconds
360.513: [GC360.513: [ParNew: 35106K->2688K(37632K), 0.0009970 secs] 57439K->25020K(121024K), 0.0010330 secs] [Times: user=0.00 sys=0.00, real=0.00 secs] 
360.514: Total time for which application threads were stopped: 0.0011860 seconds, Stopping threads took: 0.0000890 seconds
360.598: Application time: 0.0844090 seconds
360.598: [GC360.598: [ParNew: 36153K->522K(37632K), 0.0003680 secs] 58485K->23018K(121024K), 0.0003930 secs] [Times: user=0.00 sys=0.00, real=0.00 secs] 
360.598: Total time for which application threads were stopped: 0.0005210 seconds, Stopping threads took: 0.0000630 seconds
360.678: Application time: 0.0796890 seconds
360.678: [GC360.678: [ParNew: 33968K->1036K(37632K), 0.0004960 secs] 56465K->23532K(121024K), 0.0005250 secs] [Times: user=0.00 sys=0.00, real=0.00 secs] 
360.679: Total time for which application threads were stopped: 0.0006540 seconds, Stopping threads took: 0.0000710 seconds
360.757: Application time: 0.0778500 seconds
360.757: [GC360.757: [ParNew: 34480K->2060K(37632K), 0.0007890 secs] 56977K->24556K(121024K), 0.0008190 secs] [Times: user=0.01 sys=0.00, real=0.00 secs] 
360.758: Total time for which application threads were stopped: 0.0009450 seconds, Stopping threads took: 0.0000670 seconds
360.836: Application time: 0.0787810 seconds
360.837: [GC360.837: [ParNew: 35151K->2120K(37632K), 0.0008100 secs] 57647K->24616K(121024K), 0.0008470 secs] [Times: user=0.01 sys=0.00, real=0.00 secs] 
360.837: Total time for which application threads were stopped: 0.0009680 seconds, Stopping threads took: 0.0000640 seconds
360.916: Application time: 0.0783070 seconds
360.916: [GC360.916: [ParNew: 35207K->2632K(37632K), 0.0009740 secs] 57703K->25216K(121024K), 0.0010090 secs] [Times: user=0.01 sys=0.00, real=0.00 secs] 
360.917: Total time for which application threads were stopped: 0.0011610 seconds, Stopping threads took: 0.0000890 seconds
360.997: Application time: 0.0803550 seconds
360.997: [GC360.997: [ParNew: 35655K->1062K(37632K), 0.0006080 secs] 58240K->23734K(121024K), 0.0006340 secs] [Times: user=0.00 sys=0.00, real=0.00 secs] 
360.998: Total time for which application threads were stopped: 0.0007600 seconds, Stopping threads took: 0.0000680 seconds
361.076: Application time: 0.0780470 seconds
361.076: [GC361.076: [ParNew: 34229K->1152K(37632K), 0.0004910 secs] 56902K->23824K(121024K), 0.0005200 secs] [Times: user=0.00 sys=0.00, real=0.00 secs] 
361.077: Total time for which application threads were stopped: 0.0006430 seconds, Stopping threads took: 0.0000670 seconds
361.156: Application time: 0.0790240 seconds
361.156: [GC361.156: [ParNew: 34596K->2176K(37632K), 0.0008090 secs] 57269K->24849K(121024K), 0.0008400 secs] [Times: user=0.01 sys=0.00, real=0.00 secs] 
361.157: Total time for which application threads were stopped: 0.0009730 seconds, Stopping threads took: 0.0000610 seconds
361.237: Application time: 0.0799150 seconds
361.237: [GC361.237: [ParNew: 35627K->2062K(37632K), 0.0008150 secs] 58299K->24894K(121024K), 0.0008470 secs] [Times: user=0.01 sys=0.00, real=0.00 secs] 
361.238: Total time for which application threads were stopped: 0.0009850 seconds, Stopping threads took: 0.0000770 seconds
361.319: Application time: 0.0818400 seconds
361.320: [GC361.320: [ParNew: 35512K->2058K(37632K), 0.0007600 secs] 58345K->24890K(121024K), 0.0007870 secs] [Times: user=0.01 sys=0.00, real=0.00 secs] 
361.320: Total time for which application threads were stopped: 0.0009240 seconds, Stopping threads took: 0.0000790 seconds
361.400: Application time: 0.0801050 seconds
361.401: [GC361.401: [ParNew: 35510K->1548K(37632K), 0.0006650 secs] 58343K->24380K(121024K), 0.0006940 secs] [Times: user=0.00 sys=0.00, real=0.00 secs] 
361.401: Total time for which application threads were stopped: 0.0008190 seconds, Stopping threads took: 0.0000700 seconds
361.479: Application time: 0.0778890 seconds
361.479: [GC361.479: [ParNew: 34635K->2630K(37632K), 0.0010320 secs] 57468K->25463K(121024K), 0.0010630 secs] [Times: user=0.01 sys=0.00, real=0.00 secs] 
361.480: Total time for which application threads were stopped: 0.0012080 seconds, Stopping threads took: 0.0000830 seconds
361.558: Application time: 0.0773510 seconds
361.558: [GC361.558: [ParNew: 35719K->3142K(37632K), 0.0012740 secs] 58552K->26071K(121024K), 0.0013090 secs] [Times: user=0.01 sys=0.00, real=0.00 secs] 
361.559: Total time for which application threads were stopped: 0.0014500 seconds, Stopping threads took: 0.0000790 seconds
361.640: Application time: 0.0806920 seconds
361.640: [GC361.640: [ParNew: 36163K->2088K(37632K), 0.0008960 secs] 59092K->25113K(121024K), 0.0009230 secs] [Times: user=0.00 sys=0.00, real=0.00 secs] 
361.641: Total time for which application threads were stopped: 0.0010560 seconds, Stopping threads took: 0.0000750 seconds
361.720: Application time: 0.0793510 seconds
361.720: [GC361.720: [ParNew: 35261K->2176K(37632K), 0.0008400 secs] 58286K->25201K(121024K), 0.0008700 secs] [Times: user=0.00 sys=0.00, real=0.00 secs] 
361.721: Total time for which application threads were stopped: 0.0010300 seconds, Stopping threads took: 0.0000920 seconds
361.801: Application time: 0.0801460 seconds
361.802: [GC361.802: [ParNew: 35620K->2574K(37632K), 0.0009920 secs] 58645K->25759K(121024K), 0.0010230 secs] [Times: user=0.01 sys=0.00, real=0.00 secs] 
361.803: Total time for which application threads were stopped: 0.0011670 seconds, Stopping threads took: 0.0000810 seconds
361.883: Application time: 0.0808350 seconds
361.884: [GC361.884: [ParNew: 36026K->2060K(37632K), 0.0008910 secs] 59211K->25245K(121024K), 0.0009400 secs] [Times: user=0.00 sys=0.00, real=0.00 secs] 
361.885: Total time for which application threads were stopped: 0.0010790 seconds, Stopping threads took: 0.0000810 seconds
361.963: Application time: 0.0785480 seconds
361.963: [GC361.963: [ParNew: 35506K->2572K(37632K), 0.0009650 secs] 58691K->25757K(121024K), 0.0009970 secs] [Times: user=0.01 sys=0.00, real=0.00 secs] 
361.964: Total time for which application threads were stopped: 0.0011450 seconds, Stopping threads took: 0.0000870 seconds
362.044: Application time: 0.0801160 seconds
362.044: [GC362.044: [ParNew: 35587K->2092K(37632K), 0.0008180 secs] 58772K->25277K(121024K), 0.0008510 secs] [Times: user=0.00 sys=0.00, real=0.00 secs] 
362.045: Total time for which application threads were stopped: 0.0009820 seconds, Stopping threads took: 0.0000710 seconds
362.126: Application time: 0.0803290 seconds
362.126: [GC362.126: [ParNew: 35111K->1092K(37632K), 0.0005590 secs] 58296K->24277K(121024K), 0.0005860 secs] [Times: user=0.00 sys=0.00, real=0.00 secs] 
362.126: Total time for which application threads were stopped: 0.0007220 seconds, Stopping threads took: 0.0000820 seconds
362.205: Application time: 0.0782470 seconds
362.205: [GC362.205: [ParNew: 34185K->1152K(37632K), 0.0004960 secs] 57370K->24337K(121024K), 0.0005250 secs] [Times: user=0.00 sys=0.00, real=0.00 secs] 
362.205: Total time for which application threads were stopped: 0.0006620 seconds, Stopping threads took: 0.0000820 seconds
362.282: Application time: 0.0769880 seconds
362.282: [GC362.282: [ParNew: 34161K->2204K(37632K), 0.0009010 secs] 57346K->25389K(121024K), 0.0009320 secs] [Times: user=0.00 sys=0.00, real=0.00 secs] 
362.283: Total time for which application threads were stopped: 0.0010730 seconds, Stopping threads took: 0.0000720 seconds
362.363: Application time: 0.0793780 seconds
362.363: [GC362.363: [ParNew: 35379K->2176K(37632K), 0.0008760 secs] 58564K->25525K(121024K), 0.0009080 secs] [Times: user=0.01 sys=0.00, real=0.00 secs] 
362.364: Total time for which application threads were stopped: 0.0010400 seconds, Stopping threads took: 0.0000700 seconds
362.444: Application time: 0.0804110 seconds
362.445: [GC362.445: [ParNew: 35631K->1544K(37632K), 0.0008080 secs] 58980K->25053K(121024K), 0.0008420 secs] [Times: user=0.01 sys=0.00, real=0.00 secs] 
362.446: Total time for which application threads were stopped: 0.0015680 seconds, Stopping threads took: 0.0006570 seconds
362.524: Application time: 0.0784730 seconds
362.524: [GC362.524: [ParNew: 34992K->2062K(37632K), 0.0007850 secs] 58501K->25571K(121024K), 0.0008160 secs] [Times: user=0.00 sys=0.00, real=0.00 secs] 
362.525: Total time for which application threads were stopped: 0.0009560 seconds, Stopping threads took: 0.0000810 seconds
362.607: Application time: 0.0813440 seconds
362.607: [GC362.607: [ParNew: 35514K->1546K(37632K), 0.0006260 secs] 59024K->25055K(121024K), 0.0006550 secs] [Times: user=0.01 sys=0.00, real=0.01 secs] 
362.607: Total time for which application threads were stopped: 0.0007860 seconds, Stopping threads took: 0.0000720 seconds
362.687: Application time: 0.0801110 seconds
362.688: [GC362.688: [ParNew: 34556K->1576K(37632K), 0.0006220 secs] 58066K->25085K(121024K), 0.0006520 secs] [Times: user=0.00 sys=0.00, real=0.00 secs] 
362.688: Total time for which application threads were stopped: 0.0007850 seconds, Stopping threads took: 0.0000780 seconds
362.768: Application time: 0.0797800 seconds
362.768: [GC362.768: [ParNew: 34667K->2148K(37632K), 0.0008030 secs] 58176K->25657K(121024K), 0.0008320 secs] [Times: user=0.01 sys=0.00, real=0.00 secs] 
362.769: Total time for which application threads were stopped: 0.0009770 seconds, Stopping threads took: 0.0000850 seconds
362.854: Application time: 0.0848680 seconds
362.854: [GC362.854: [ParNew: 35157K->2604K(37632K), 0.0010120 secs] 58666K->26241K(121024K), 0.0010460 secs] [Times: user=0.00 sys=0.00, real=0.00 secs] 
362.855: Total time for which application threads were stopped: 0.0012140 seconds, Stopping threads took: 0.0000810 seconds
362.942: Application time: 0.0867090 seconds
362.942: [GC362.942: [ParNew: 35629K->1064K(37632K), 0.0004880 secs] 59266K->24765K(121024K), 0.0005160 secs] [Times: user=0.00 sys=0.00, real=0.00 secs] 
362.942: Total time for which application threads were stopped: 0.0006470 seconds, Stopping threads took: 0.0000750 seconds
363.029: Application time: 0.0862730 seconds
363.029: [GC363.029: [ParNew: 34233K->1152K(37632K), 0.0005100 secs] 57934K->24853K(121024K), 0.0005390 secs] [Times: user=0.00 sys=0.00, real=0.00 secs] 
363.029: Total time for which application threads were stopped: 0.0006860 seconds, Stopping threads took: 0.0000880 seconds
363.113: Application time: 0.0839530 seconds
363.113: [GC363.114: [ParNew: 34594K->2684K(37632K), 0.0010770 secs] 58296K->26385K(121024K), 0.0011100 secs] [Times: user=0.00 sys=0.00, real=0.00 secs] 
363.115: Total time for which application threads were stopped: 0.0012580 seconds, Stopping threads took: 0.0000840 seconds
363.201: Application time: 0.0865600 seconds
363.201: [GC363.201: [ParNew: 36131K->3084K(37632K), 0.0012420 secs] 59832K->26933K(121024K), 0.0012770 secs] [Times: user=0.01 sys=0.00, real=0.00 secs] 
363.203: Total time for which application threads were stopped: 0.0014230 seconds, Stopping threads took: 0.0000820 seconds
363.293: Application time: 0.0899040 seconds
363.293: [GC363.293: [ParNew: 36553K->520K(37632K), 0.0004100 secs] 60402K->24369K(121024K), 0.0004360 secs] [Times: user=0.00 sys=0.00, real=0.00 secs] 
363.293: Total time for which application threads were stopped: 0.0006460 seconds, Stopping threads took: 0.0001560 seconds
363.376: Application time: 0.0830170 seconds
363.376: [GC363.376: [ParNew: 33524K->2600K(37632K), 0.0011070 secs] 57374K->26449K(121024K), 0.0011370 secs] [Times: user=0.00 sys=0.00, real=0.00 secs] 
363.377: Total time for which application threads were stopped: 0.0012860 seconds, Stopping threads took: 0.0000750 seconds
363.462: Application time: 0.0842720 seconds
363.462: [GC363.462: [ParNew: 35693K->2630K(37632K), 0.0010520 secs] 59542K->26535K(121024K), 0.0010840 secs] [Times: user=0.01 sys=0.00, real=0.00 secs] 
363.463: Total time for which application threads were stopped: 0.0012070 seconds, Stopping threads took: 0.0000590 seconds
363.548: Application time: 0.0848860 seconds
363.548: [GC363.548: [ParNew: 35723K->2118K(37632K), 0.0009050 secs] 59629K->26119K(121024K), 0.0009340 secs] [Times: user=0.00 sys=0.00, real=0.00 secs] 
363.549: Total time for which application threads were stopped: 0.0010650 seconds, Stopping threads took: 0.0000700 seconds
363.637: Application time: 0.0880680 seconds
363.637: [GC363.637: [ParNew: 35575K->1036K(37632K), 0.0005470 secs] 59576K->25133K(121024K), 0.0005720 secs] [Times: user=0.00 sys=0.00, real=0.00 secs] 
363.638: Total time for which application threads were stopped: 0.0007420 seconds, Stopping threads took: 0.0001140 seconds
363.722: Application time: 0.0842910 seconds
363.722: [GC363.722: [ParNew: 34211K->612K(37632K), 0.0004080 secs] 58309K->24709K(121024K), 0.0004360 secs] [Times: user=0.00 sys=0.00, real=0.00 secs] 
363.723: Total time for which application threads were stopped: 0.0005480 seconds, Stopping threads took: 0.0000560 seconds
363.808: Application time: 0.0853480 seconds
363.808: [GC363.808: [ParNew: 34056K->1124K(37632K), 0.0004970 secs] 58154K->25221K(121024K), 0.0005270 secs] [Times: user=0.01 sys=0.00, real=0.00 secs] 
363.809: Total time for which application threads were stopped: 0.0006510 seconds, Stopping threads took: 0.0000660 seconds
363.896: Application time: 0.0869650 seconds
363.896: [GC363.896: [ParNew: 34570K->1636K(37632K), 0.0006310 secs] 58668K->25734K(121024K), 0.0006610 secs] [Times: user=0.00 sys=0.00, real=0.00 secs] 
363.896: Total time for which application threads were stopped: 0.0007980 seconds, Stopping threads took: 0.0000710 seconds
363.984: Application time: 0.0872900 seconds
363.984: [GC363.984: [ParNew: 35097K->100K(37632K), 0.0002580 secs] 59194K->24197K(121024K), 0.0002930 secs] [Times: user=0.00 sys=0.00, real=0.00 secs] 
363.984: Total time for which application threads were stopped: 0.0004270 seconds, Stopping threads took: 0.0000810 seconds
364.067: Application time: 0.0828610 seconds
364.067: [GC364.067: [ParNew: 33104K->1664K(37632K), 0.0006990 secs] 57202K->25762K(121024K), 0.0007270 secs] [Times: user=0.01 sys=0.00, real=0.01 secs] 
364.068: Total time for which application threads were stopped: 0.0008620 seconds, Stopping threads took: 0.0000770 seconds
364.151: Application time: 0.0827570 seconds
364.151: [GC364.151: [ParNew: 34751K->3256K(37632K), 0.0012150 secs] 58848K->27354K(121024K), 0.0012510 secs] [Times: user=0.00 sys=0.00, real=0.00 secs] 
364.152: Total time for which application threads were stopped: 0.0013910 seconds, Stopping threads took: 0.0000760 seconds
364.236: Application time: 0.0841620 seconds
364.236: [GC364.236: [ParNew: 36347K->3144K(37632K), 0.0012150 secs] 60445K->27454K(121024K), 0.0012470 secs] [Times: user=0.01 sys=0.00, real=0.00 secs] 
364.237: Total time for which application threads were stopped: 0.0013890 seconds, Stopping threads took: 0.0000760 seconds
364.324: Application time: 0.0860390 seconds
364.324: [GC364.324: [ParNew: 36595K->3084K(37632K), 0.0011220 secs] 60905K->27498K(121024K), 0.0011550 secs] [Times: user=0.01 sys=0.00, real=0.00 secs] 
364.325: Total time for which application threads were stopped: 0.0012950 seconds, Stopping threads took: 0.0000770 seconds
364.411: Application time: 0.0863720 seconds
364.411: [GC364.411: [ParNew: 36262K->2144K(37632K), 0.0010090 secs] 60676K->26558K(121024K), 0.0010380 secs] [Times: user=0.01 sys=0.00, real=0.00 secs] 
364.412: Total time for which application threads were stopped: 0.0011760 seconds, Stopping threads took: 0.0000720 seconds
364.498: Application time: 0.0856660 seconds
364.498: [GC364.498: [ParNew: 35592K->2572K(37632K), 0.0009950 secs] 60006K->27114K(121024K), 0.0010270 secs] [Times: user=0.01 sys=0.00, real=0.00 secs] 
364.499: Total time for which application threads were stopped: 0.0012010 seconds, Stopping threads took: 0.0001060 seconds
364.587: Application time: 0.0881490 seconds
364.587: [GC364.588: [ParNew: 36029K->1546K(37632K), 0.0006330 secs] 60571K->26088K(121024K), 0.0006630 secs] [Times: user=0.01 sys=0.00, real=0.00 secs] 
364.588: Total time for which application threads were stopped: 0.0007830 seconds, Stopping threads took: 0.0000600 seconds
364.676: Application time: 0.0878600 seconds
364.676: [GC364.676: [ParNew: 34998K->1034K(37632K), 0.0004470 secs] 59540K->25576K(121024K), 0.0004760 secs] [Times: user=0.00 sys=0.00, real=0.00 secs] 
364.677: Total time for which application threads were stopped: 0.0005970 seconds, Stopping threads took: 0.0000640 seconds
364.761: Application time: 0.0840210 seconds
364.761: [GC364.761: [ParNew: 34046K->1578K(37632K), 0.0006870 secs] 58588K->26120K(121024K), 0.0007190 secs] [Times: user=0.01 sys=0.00, real=0.00 secs] 
364.762: Total time for which application threads were stopped: 0.0008480 seconds, Stopping threads took: 0.0000690 seconds
364.845: Application time: 0.0838850 seconds
364.846: [GC364.846: [ParNew: 34665K->2658K(37632K), 0.0010410 secs] 59207K->27200K(121024K), 0.0010740 secs] [Times: user=0.01 sys=0.00, real=0.00 secs] 
364.847: Total time for which application threads were stopped: 0.0012250 seconds, Stopping threads took: 0.0000850 seconds
364.932: Application time: 0.0855610 seconds
364.932: [GC364.932: [ParNew: 35749K->2630K(37632K), 0.0010460 secs] 60291K->27292K(121024K), 0.0010800 secs] [Times: user=0.00 sys=0.00, real=0.00 secs] 
364.933: Total time for which application threads were stopped: 0.0012480 seconds, Stopping threads took: 0.0000950 seconds
365.018: Application time: 0.0842070 seconds
365.018: [GC365.018: [ParNew: 35643K->2604K(37632K), 0.0010310 secs] 60305K->27362K(121024K), 0.0010630 secs] [Times: user=0.00 sys=0.00, real=0.00 secs] 
365.019: Total time for which application threads were stopped: 0.0012000 seconds, Stopping threads took: 0.0000750 seconds
365.103: Application time: 0.0844350 seconds
365.103: [GC365.103: [ParNew: 35707K->1606K(37632K), 0.0007250 secs] 60465K->26420K(121024K), 0.0007660 secs] [Times: user=0.00 sys=0.00, real=0.00 secs] 
365.104: Total time for which application threads were stopped: 0.0009120 seconds, Stopping threads took: 0.0000870 seconds
365.191: Application time: 0.0865040 seconds
365.191: [GC365.191: [ParNew: 35050K->2120K(37632K), 0.0008180 secs] 59865K->26934K(121024K), 0.0008520 secs] [Times: user=0.00 sys=0.00, real=0.00 secs] 
365.192: Total time for which application threads were stopped: 0.0009830 seconds, Stopping threads took: 0.0000690 seconds
365.278: Application time: 0.0862660 seconds
365.278: [GC365.278: [ParNew: 35575K->1544K(37632K), 0.0007050 secs] 60389K->26462K(121024K), 0.0007320 secs] [Times: user=0.01 sys=0.00, real=0.00 secs] 
365.279: Total time for which application threads were stopped: 0.0008530 seconds, Stopping threads took: 0.0000610 seconds
365.364: Application time: 0.0853280 seconds
365.364: [GC365.364: [ParNew: 34990K->2060K(37632K), 0.0008260 secs] 59908K->26978K(121024K), 0.0008560 secs] [Times: user=0.00 sys=0.00, real=0.00 secs] 
365.365: Total time for which application threads were stopped: 0.0009780 seconds, Stopping threads took: 0.0000600 seconds
365.451: Application time: 0.0860980 seconds
365.451: [GC365.451: [ParNew: 35075K->2088K(37632K), 0.0007040 secs] 59993K->27006K(121024K), 0.0007340 secs] [Times: user=0.01 sys=0.00, real=0.00 secs] 
365.452: Total time for which application threads were stopped: 0.0008580 seconds, Stopping threads took: 0.0000560 seconds
365.536: Application time: 0.0843720 seconds
365.537: [GC365.537: [ParNew: 35177K->2656K(37632K), 0.0010740 secs] 60095K->27574K(121024K), 0.0011070 secs] [Times: user=0.01 sys=0.00, real=0.00 secs] 
365.538: Total time for which application threads were stopped: 0.0012490 seconds, Stopping threads took: 0.0000800 seconds
365.623: Application time: 0.0855910 seconds
365.623: [GC365.623: [ParNew: 35747K->2630K(37632K), 0.0011200 secs] 60665K->27668K(121024K), 0.0011550 secs] [Times: user=0.01 sys=0.00, real=0.00 secs] 
365.625: Total time for which application threads were stopped: 0.0012900 seconds, Stopping threads took: 0.0000710 seconds
365.708: Application time: 0.0836540 seconds
365.708: [GC365.708: [ParNew: 35643K->2600K(37632K), 0.0009730 secs] 60681K->27746K(121024K), 0.0010050 secs] [Times: user=0.01 sys=0.00, real=0.00 secs] 
365.709: Total time for which application threads were stopped: 0.0011620 seconds, Stopping threads took: 0.0000940 seconds
365.794: Application time: 0.0850870 seconds
365.795: [GC365.795: [ParNew: 35689K->3144K(37632K), 0.0011580 secs] 60835K->28346K(121024K), 0.0011950 secs] [Times: user=0.01 sys=0.00, real=0.01 secs] 
365.796: Total time for which application threads were stopped: 0.0013430 seconds, Stopping threads took: 0.0000830 seconds
365.884: Application time: 0.0884950 seconds
365.884: [GC365.884: [ParNew: 36613K->522K(37632K), 0.0004130 secs] 61815K->25836K(121024K), 0.0004420 secs] [Times: user=0.01 sys=0.00, real=0.00 secs] 
365.885: Total time for which application threads were stopped: 0.0005690 seconds, Stopping threads took: 0.0000730 seconds
365.971: Application time: 0.0859540 seconds
365.971: [GC365.971: [ParNew: 33968K->1034K(37632K), 0.0006130 secs] 59283K->26348K(121024K), 0.0006420 secs] [Times: user=0.01 sys=0.00, real=0.00 secs] 
365.972: Total time for which application threads were stopped: 0.0007670 seconds, Stopping threads took: 0.0000580 seconds
366.057: Application time: 0.0856720 seconds
366.057: [GC366.057: [ParNew: 34478K->1546K(37632K), 0.0006850 secs] 59793K->26860K(121024K), 0.0007150 secs] [Times: user=0.01 sys=0.00, real=0.00 secs] 
366.058: Total time for which application threads were stopped: 0.0008550 seconds, Stopping threads took: 0.0000780 seconds
366.143: Application time: 0.0845040 seconds
366.143: [GC366.143: [ParNew: 34639K->2118K(37632K), 0.0008180 secs] 59953K->27432K(121024K), 0.0008480 secs] [Times: user=0.01 sys=0.00, real=0.00 secs] 
366.144: Total time for which application threads were stopped: 0.0009960 seconds, Stopping threads took: 0.0000760 seconds
366.229: Application time: 0.0855080 seconds
366.229: [GC366.229: [ParNew: 35133K->2090K(37632K), 0.0008400 secs] 60447K->27508K(121024K), 0.0008700 secs] [Times: user=0.01 sys=0.00, real=0.00 secs] 
366.230: Total time for which application threads were stopped: 0.0010080 seconds, Stopping threads took: 0.0000790 seconds
366.315: Application time: 0.0846220 seconds
366.315: [GC366.315: [ParNew: 35103K->2120K(37632K), 0.0008450 secs] 60521K->27538K(121024K), 0.0008780 secs] [Times: user=0.01 sys=0.00, real=0.01 secs] 
366.316: Total time for which application threads were stopped: 0.0010070 seconds, Stopping threads took: 0.0000650 seconds
366.403: Application time: 0.0870400 seconds
366.403: [GC366.403: [ParNew: 35211K->2658K(37632K), 0.0010960 secs] 60630K->28140K(121024K), 0.0011300 secs] [Times: user=0.00 sys=0.00, real=0.00 secs] 
366.404: Total time for which application threads were stopped: 0.0012860 seconds, Stopping threads took: 0.0000910 seconds
366.489: Application time: 0.0848430 seconds
366.489: [GC366.489: [ParNew: 35751K->2632K(37632K), 0.0009840 secs] 61234K->28243K(121024K), 0.0010190 secs] [Times: user=0.00 sys=0.00, real=0.00 secs] 
366.490: Total time for which application threads were stopped: 0.0011700 seconds, Stopping threads took: 0.0000730 seconds
366.576: Application time: 0.0856270 seconds
366.576: [GC366.576: [ParNew: 36078K->3086K(37632K), 0.0011760 secs] 61689K->28809K(121024K), 0.0012090 secs] [Times: user=0.01 sys=0.00, real=0.00 secs] 
366.577: Total time for which application threads were stopped: 0.0013860 seconds, Stopping threads took: 0.0001100 seconds
366.664: Application time: 0.0871190 seconds
366.664: [GC366.664: [ParNew: 36543K->2062K(37632K), 0.0008040 secs] 62265K->27784K(121024K), 0.0008320 secs] [Times: user=0.01 sys=0.00, real=0.00 secs] 
366.665: Total time for which application threads were stopped: 0.0009490 seconds, Stopping threads took: 0.0000580 seconds
366.750: Application time: 0.0850680 seconds
366.750: [GC366.750: [ParNew: 35506K->2574K(37632K), 0.0009250 secs] 61229K->28297K(121024K), 0.0009570 secs] [Times: user=0.01 sys=0.00, real=0.00 secs] 
366.751: Total time for which application threads were stopped: 0.0011120 seconds, Stopping threads took: 0.0000970 seconds
366.829: Application time: 0.0773830 seconds
366.829: [GC366.829: [ParNew: 35665K->2632K(37632K), 0.0009270 secs] 61388K->28355K(121024K), 0.0009590 secs] [Times: user=0.00 sys=0.00, real=0.00 secs] 
366.830: Total time for which application threads were stopped: 0.0011010 seconds, Stopping threads took: 0.0000810 seconds
366.908: Application time: 0.0781290 seconds
366.908: [GC366.908: [ParNew: 35645K->2604K(37632K), 0.0025770 secs] 61368K->28431K(121024K), 0.0026130 secs] [Times: user=0.01 sys=0.00, real=0.00 secs] 
366.911: Total time for which application threads were stopped: 0.0027500 seconds, Stopping threads took: 0.0000760 seconds
366.990: Application time: 0.0788190 seconds
366.990: [GC366.990: [ParNew: 35625K->2088K(37632K), 0.0008220 secs] 61452K->27987K(121024K), 0.0008550 secs] [Times: user=0.00 sys=0.00, real=0.00 secs] 
366.991: Total time for which application threads were stopped: 0.0009960 seconds, Stopping threads took: 0.0000720 seconds
367.071: Application time: 0.0808470 seconds
367.072: [GC367.072: [ParNew: 35185K->1636K(37632K), 0.0006550 secs] 61084K->27535K(121024K), 0.0006880 secs] [Times: user=0.00 sys=0.00, real=0.00 secs] 
367.072: Total time for which application threads were stopped: 0.0008320 seconds, Stopping threads took: 0.0000820 seconds
367.151: Application time: 0.0787540 seconds
367.151: [GC367.151: [ParNew: 34727K->1692K(37632K), 0.0007290 secs] 60626K->27591K(121024K), 0.0007580 secs] [Times: user=0.00 sys=0.00, real=0.00 secs] 
367.152: Total time for which application threads were stopped: 0.0009150 seconds, Stopping threads took: 0.0001000 seconds
367.233: Application time: 0.0808520 seconds
367.233: [GC367.233: [ParNew: 35151K->1180K(37632K), 0.0005420 secs] 61050K->27079K(121024K), 0.0005700 secs] [Times: user=0.00 sys=0.00, real=0.00 secs] 
367.234: Total time for which application threads were stopped: 0.0007130 seconds, Stopping threads took: 0.0000890 seconds
367.313: Application time: 0.0791660 seconds
367.313: [GC367.313: [ParNew: 34626K->1692K(37632K), 0.0006750 secs] 60525K->27591K(121024K), 0.0007060 secs] [Times: user=0.00 sys=0.00, real=0.00 secs] 
367.314: Total time for which application threads were stopped: 0.0008330 seconds, Stopping threads took: 0.0000660 seconds
367.395: Application time: 0.0811030 seconds
367.395: [GC367.395: [ParNew: 35141K->1690K(37632K), 0.0006650 secs] 61039K->27589K(121024K), 0.0006920 secs] [Times: user=0.00 sys=0.00, real=0.01 secs] 
367.395: Total time for which application threads were stopped: 0.0008180 seconds, Stopping threads took: 0.0000710 seconds
367.473: Application time: 0.0772350 seconds
367.473: [GC367.473: [ParNew: 34857K->2288K(37632K), 0.0008720 secs] 60756K->28187K(121024K), 0.0009010 secs] [Times: user=0.01 sys=0.00, real=0.00 secs] 
367.474: Total time for which application threads were stopped: 0.0010600 seconds, Stopping threads took: 0.0000990 seconds
367.555: Application time: 0.0807810 seconds
367.555: [GC367.555: [ParNew: 35745K->1036K(37632K), 0.0006320 secs] 61644K->27199K(121024K), 0.0006590 secs] [Times: user=0.01 sys=0.00, real=0.01 secs] 
367.555: Total time for which application threads were stopped: 0.0008810 seconds, Stopping threads took: 0.0001530 seconds
367.634: Application time: 0.0786230 seconds
367.634: [GC367.634: [ParNew: 34050K->1066K(37632K), 0.0004710 secs] 60214K->27229K(121024K), 0.0004980 secs] [Times: user=0.00 sys=0.00, real=0.00 secs] 
367.635: Total time for which application threads were stopped: 0.0006170 seconds, Stopping threads took: 0.0000630 seconds
367.714: Application time: 0.0790510 seconds
367.714: [GC367.714: [ParNew: 34155K->2148K(37632K), 0.0008380 secs] 60318K->28311K(121024K), 0.0008680 secs] [Times: user=0.01 sys=0.00, real=0.00 secs] 
367.715: Total time for which application threads were stopped: 0.0009860 seconds, Stopping threads took: 0.0000590 seconds
367.793: Application time: 0.0781910 seconds
367.793: [GC367.793: [ParNew: 35161K->2090K(37632K), 0.0008180 secs] 61324K->28385K(121024K), 0.0008500 secs] [Times: user=0.01 sys=0.00, real=0.00 secs] 
367.794: Total time for which application threads were stopped: 0.0009850 seconds, Stopping threads took: 0.0000740 seconds
367.872: Application time: 0.0782890 seconds
367.872: [GC367.872: [ParNew: 35103K->2120K(37632K), 0.0008050 secs] 61398K->28415K(121024K), 0.0008360 secs] [Times: user=0.00 sys=0.00, real=0.00 secs] 
367.873: Total time for which application threads were stopped: 0.0009540 seconds, Stopping threads took: 0.0000580 seconds
367.955: Application time: 0.0819660 seconds
367.955: [GC367.955: [ParNew: 35573K->1064K(37632K), 0.0004810 secs] 61868K->27423K(121024K), 0.0005080 secs] [Times: user=0.00 sys=0.00, real=0.00 secs] 
367.956: Total time for which application threads were stopped: 0.0006560 seconds, Stopping threads took: 0.0000940 seconds
368.036: Application time: 0.0798940 seconds
368.036: [GC368.036: [ParNew: 34083K->582K(37632K), 0.0004050 secs] 60442K->26941K(121024K), 0.0004280 secs] [Times: user=0.00 sys=0.00, real=0.00 secs] 
368.036: Total time for which application threads were stopped: 0.0005420 seconds, Stopping threads took: 0.0000650 seconds
368.113: Application time: 0.0769460 seconds
368.113: [GC368.113: [ParNew: 33667K->1664K(37632K), 0.0006340 secs] 60026K->28023K(121024K), 0.0006640 secs] [Times: user=0.00 sys=0.00, real=0.00 secs] 
368.114: Total time for which application threads were stopped: 0.0007930 seconds, Stopping threads took: 0.0000620 seconds
368.194: Application time: 0.0799000 seconds
368.194: [GC368.194: [ParNew: 35108K->2176K(37632K), 0.0008180 secs] 61468K->28535K(121024K), 0.0008490 secs] [Times: user=0.01 sys=0.00, real=0.00 secs] 
368.195: Total time for which application threads were stopped: 0.0009770 seconds, Stopping threads took: 0.0000660 seconds
368.273: Application time: 0.0779330 seconds
368.273: [GC368.273: [ParNew: 35189K->2092K(37632K), 0.0008490 secs] 61548K->28611K(121024K), 0.0008860 secs] [Times: user=0.01 sys=0.00, real=0.00 secs] 
368.274: Total time for which application threads were stopped: 0.0010140 seconds, Stopping threads took: 0.0000700 seconds
368.351: Application time: 0.0776880 seconds
368.352: [GC368.352: [ParNew: 35183K->2658K(37632K), 0.0009620 secs] 61702K->29177K(121024K), 0.0009950 secs] [Times: user=0.01 sys=0.00, real=0.00 secs] 
368.353: Total time for which application threads were stopped: 0.0011190 seconds, Stopping threads took: 0.0000630 seconds
368.432: Application time: 0.0795970 seconds
368.432: [GC368.432: [ParNew: 35673K->2092K(37632K), 0.0008370 secs] 62192K->28747K(121024K), 0.0008680 secs] [Times: user=0.01 sys=0.00, real=0.00 secs] 
368.433: Total time for which application threads were stopped: 0.0010000 seconds, Stopping threads took: 0.0000710 seconds
368.512: Application time: 0.0792440 seconds
368.513: [GC368.513: [ParNew: 35111K->1608K(37632K), 0.0006230 secs] 61766K->28263K(121024K), 0.0006510 secs] [Times: user=0.01 sys=0.00, real=0.00 secs] 
368.513: Total time for which application threads were stopped: 0.0008620 seconds, Stopping threads took: 0.0001530 seconds
368.593: Application time: 0.0795860 seconds
368.593: [GC368.593: [ParNew: 35058K->1608K(37632K), 0.0006840 secs] 61714K->28263K(121024K), 0.0007130 secs] [Times: user=0.01 sys=0.00, real=0.00 secs] 
368.594: Total time for which application threads were stopped: 0.0008460 seconds, Stopping threads took: 0.0000770 seconds
368.672: Application time: 0.0784600 seconds
368.672: [GC368.672: [ParNew: 34621K->1636K(37632K), 0.0006950 secs] 61276K->28291K(121024K), 0.0007280 secs] [Times: user=0.01 sys=0.00, real=0.00 secs] 
368.673: Total time for which application threads were stopped: 0.0008580 seconds, Stopping threads took: 0.0000600 seconds
368.752: Application time: 0.0786650 seconds
368.752: [GC368.752: [ParNew: 34731K->1178K(37632K), 0.0005470 secs] 61386K->27833K(121024K), 0.0005760 secs] [Times: user=0.00 sys=0.00, real=0.00 secs] 
368.752: Total time for which application threads were stopped: 0.0006850 seconds, Stopping threads took: 0.0000510 seconds
368.832: Application time: 0.0798640 seconds
368.832: [GC368.832: [ParNew: 34622K->1692K(37632K), 0.0006980 secs] 61278K->28347K(121024K), 0.0007240 secs] [Times: user=0.01 sys=0.00, real=0.00 secs] 
368.833: Total time for which application threads were stopped: 0.0008920 seconds, Stopping threads took: 0.0001100 seconds
368.911: Application time: 0.0779840 seconds
368.911: [GC368.911: [ParNew: 34707K->1204K(37632K), 0.0005990 secs] 61362K->27859K(121024K), 0.0006240 secs] [Times: user=0.00 sys=0.00, real=0.00 secs] 
368.912: Total time for which application threads were stopped: 0.0007450 seconds, Stopping threads took: 0.0000680 seconds
368.989: Application time: 0.0770110 seconds
368.989: [GC368.989: [ParNew: 34291K->2288K(37632K), 0.0008510 secs] 60946K->28944K(121024K), 0.0008800 secs] [Times: user=0.00 sys=0.00, real=0.00 secs] 
368.990: Total time for which application threads were stopped: 0.0010620 seconds, Stopping threads took: 0.0001240 seconds
369.072: Application time: 0.0816470 seconds
369.072: [GC369.072: [ParNew: 35741K->1548K(37632K), 0.0007250 secs] 62396K->28468K(121024K), 0.0007560 secs] [Times: user=0.00 sys=0.00, real=0.00 secs] 
369.073: Total time for which application threads were stopped: 0.0008820 seconds, Stopping threads took: 0.0000660 seconds
369.150: Application time: 0.0774590 seconds
369.150: [GC369.150: [ParNew: 34633K->2630K(37632K), 0.0010510 secs] 61553K->29550K(121024K), 0.0010840 secs] [Times: user=0.01 sys=0.00, real=0.00 secs] 
369.151: Total time for which application threads were stopped: 0.0012200 seconds, Stopping threads took: 0.0000760 seconds
369.231: Application time: 0.0801170 seconds
369.231: [GC369.231: [ParNew: 36083K->2060K(37632K), 0.0008080 secs] 63002K->29096K(121024K), 0.0008370 secs] [Times: user=0.01 sys=0.00, real=0.00 secs] 
369.232: Total time for which application threads were stopped: 0.0010010 seconds, Stopping threads took: 0.0000850 seconds
369.312: Application time: 0.0799410 seconds
369.312: [GC369.312: [ParNew: 35081K->1064K(37632K), 0.0004670 secs] 62117K->28100K(121024K), 0.0004950 secs] [Times: user=0.00 sys=0.00, real=0.00 secs] 
369.313: Total time for which application threads were stopped: 0.0006950 seconds, Stopping threads took: 0.0001420 seconds
369.391: Application time: 0.0778470 seconds
369.391: [GC369.391: [ParNew: 34159K->1124K(37632K), 0.0005120 secs] 61195K->28160K(121024K), 0.0005410 secs] [Times: user=0.01 sys=0.00, real=0.00 secs] 
369.391: Total time for which application threads were stopped: 0.0006510 seconds, Stopping threads took: 0.0000550 seconds
369.471: Application time: 0.0792730 seconds
369.471: [GC369.471: [ParNew: 34136K->1664K(37632K), 0.0006700 secs] 61172K->28700K(121024K), 0.0006990 secs] [Times: user=0.00 sys=0.00, real=0.00 secs] 
369.472: Total time for which application threads were stopped: 0.0008280 seconds, Stopping threads took: 0.0000720 seconds
369.551: Application time: 0.0795300 seconds
369.551: [GC369.551: [ParNew: 35114K->1664K(37632K), 0.0006850 secs] 62150K->28700K(121024K), 0.0007140 secs] [Times: user=0.00 sys=0.00, real=0.00 secs] 
369.552: Total time for which application threads were stopped: 0.0008310 seconds, Stopping threads took: 0.0000600 seconds
369.631: Application time: 0.0790500 seconds
369.631: [GC369.631: [ParNew: 34753K->2232K(37632K), 0.0008980 secs] 61789K->29268K(121024K), 0.0009280 secs] [Times: user=0.00 sys=0.00, real=0.00 secs] 
369.632: Total time for which application threads were stopped: 0.0010710 seconds, Stopping threads took: 0.0000780 seconds
369.711: Application time: 0.0793670 seconds
369.712: [GC369.712: [ParNew: 35681K->2572K(37632K), 0.0010740 secs] 62717K->29820K(121024K), 0.0011070 secs] [Times: user=0.01 sys=0.00, real=0.00 secs] 
369.713: Total time for which application threads were stopped: 0.0012440 seconds, Stopping threads took: 0.0000750 seconds
369.792: Application time: 0.0794190 seconds
369.792: [GC369.792: [ParNew: 35663K->2632K(37632K), 0.0010010 secs] 62911K->29880K(121024K), 0.0010330 secs] [Times: user=0.01 sys=0.00, real=0.00 secs] 
369.793: Total time for which application threads were stopped: 0.0011690 seconds, Stopping threads took: 0.0000660 seconds
369.873: Application time: 0.0795990 seconds
369.873: [GC369.873: [ParNew: 36083K->2574K(37632K), 0.0009480 secs] 63331K->29918K(121024K), 0.0009770 secs] [Times: user=0.00 sys=0.00, real=0.00 secs] 
369.874: Total time for which application threads were stopped: 0.0011340 seconds, Stopping threads took: 0.0000980 seconds
369.952: Application time: 0.0780320 seconds
369.952: [GC369.952: [ParNew: 35585K->2602K(37632K), 0.0010330 secs] 62929K->29946K(121024K), 0.0010640 secs] [Times: user=0.00 sys=0.00, real=0.00 secs] 
369.953: Total time for which application threads were stopped: 0.0011940 seconds, Stopping threads took: 0.0000700 seconds
370.033: Application time: 0.0796540 seconds
370.033: [GC370.033: [ParNew: 35691K->3142K(37632K), 0.0012570 secs] 63035K->30550K(121024K), 0.0012890 secs] [Times: user=0.01 sys=0.00, real=0.00 secs] 
370.034: Total time for which application threads were stopped: 0.0014210 seconds, Stopping threads took: 0.0000710 seconds
370.114: Application time: 0.0798830 seconds
370.114: [GC370.114: [ParNew: 36165K->1578K(37632K), 0.0006370 secs] 63573K->29090K(121024K), 0.0006680 secs] [Times: user=0.00 sys=0.00, real=0.00 secs] 
370.115: Total time for which application threads were stopped: 0.0008300 seconds, Stopping threads took: 0.0001040 seconds
370.192: Application time: 0.0770500 seconds
370.192: [GC370.192: [ParNew: 34590K->1606K(37632K), 0.0006110 secs] 62103K->29118K(121024K), 0.0006390 secs] [Times: user=0.00 sys=0.00, real=0.00 secs] 
370.193: Total time for which application threads were stopped: 0.0007570 seconds, Stopping threads took: 0.0000600 seconds
370.271: Application time: 0.0777370 seconds
370.271: [GC370.271: [ParNew: 34617K->2148K(37632K), 0.0009110 secs] 62129K->29660K(121024K), 0.0009510 secs] [Times: user=0.01 sys=0.00, real=0.00 secs] 
370.272: Total time for which application threads were stopped: 0.0010880 seconds, Stopping threads took: 0.0000760 seconds
370.351: Application time: 0.0790450 seconds
370.351: [GC370.351: [ParNew: 35601K->1578K(37632K), 0.0006480 secs] 63113K->29186K(121024K), 0.0006780 secs] [Times: user=0.01 sys=0.00, real=0.00 secs] 
370.352: Total time for which application threads were stopped: 0.0008180 seconds, Stopping threads took: 0.0000690 seconds
370.431: Application time: 0.0797310 seconds
370.431: [GC370.431: [ParNew: 34671K->1636K(37632K), 0.0006430 secs] 62279K->29244K(121024K), 0.0006740 secs] [Times: user=0.00 sys=0.00, real=0.00 secs] 
370.432: Total time for which application threads were stopped: 0.0008210 seconds, Stopping threads took: 0.0000890 seconds
370.511: Application time: 0.0787770 seconds
370.511: [GC370.511: [ParNew: 35084K->1636K(37632K), 0.0007290 secs] 62693K->29244K(121024K), 0.0007590 secs] [Times: user=0.01 sys=0.00, real=0.00 secs] 
370.512: Total time for which application threads were stopped: 0.0009170 seconds, Stopping threads took: 0.0000990 seconds
370.590: Application time: 0.0783100 seconds
370.590: [GC370.590: [ParNew: 34649K->2172K(37632K), 0.0009060 secs] 62257K->29780K(121024K), 0.0009400 secs] [Times: user=0.01 sys=0.00, real=0.00 secs] 
370.591: Total time for which application threads were stopped: 0.0010900 seconds, Stopping threads took: 0.0000870 seconds
370.670: Application time: 0.0785650 seconds
370.670: [GC370.670: [ParNew: 35267K->2144K(37632K), 0.0009380 secs] 62875K->29864K(121024K), 0.0009700 secs] [Times: user=0.00 sys=0.00, real=0.00 secs] 
370.671: Total time for which application threads were stopped: 0.0011180 seconds, Stopping threads took: 0.0000890 seconds
370.751: Application time: 0.0802320 seconds
370.751: [GC370.751: [ParNew: 35161K->1576K(37632K), 0.0007260 secs] 62881K->29428K(121024K), 0.0007580 secs] [Times: user=0.01 sys=0.00, real=0.00 secs] 
370.752: Total time for which application threads were stopped: 0.0008890 seconds, Stopping threads took: 0.0000700 seconds
370.836: Application time: 0.0843350 seconds
370.836: [GC370.836: [ParNew: 34590K->1096K(37632K), 0.0004720 secs] 62443K->28948K(121024K), 0.0005010 secs] [Times: user=0.00 sys=0.00, real=0.00 secs] 
370.837: Total time for which application threads were stopped: 0.0006270 seconds, Stopping threads took: 0.0000690 seconds
370.920: Application time: 0.0830170 seconds
370.920: [GC370.920: [ParNew: 34106K->2148K(37632K), 0.0008300 secs] 61959K->30000K(121024K), 0.0008620 secs] [Times: user=0.00 sys=0.00, real=0.00 secs] 
370.921: Total time for which application threads were stopped: 0.0010030 seconds, Stopping threads took: 0.0000660 seconds
371.007: Application time: 0.0855400 seconds
371.007: [GC371.007: [ParNew: 35599K->2090K(37632K), 0.0008570 secs] 63451K->30030K(121024K), 0.0008880 secs] [Times: user=0.00 sys=0.00, real=0.01 secs] 
371.008: Total time for which application threads were stopped: 0.0010160 seconds, Stopping threads took: 0.0000680 seconds
371.092: Application time: 0.0845080 seconds
371.092: [GC371.092: [ParNew: 35181K->2148K(37632K), 0.0008380 secs] 63121K->30088K(121024K), 0.0008700 secs] [Times: user=0.01 sys=0.00, real=0.00 secs] 
371.093: Total time for which application threads were stopped: 0.0010070 seconds, Stopping threads took: 0.0000750 seconds
371.180: Application time: 0.0872890 seconds
371.183: [GC371.183: [ParNew: 35601K->1032K(37632K), 0.0005260 secs] 63541K->29108K(121024K), 0.0005540 secs] [Times: user=0.01 sys=0.00, real=0.00 secs] 
371.184: Total time for which application threads were stopped: 0.0034430 seconds, Stopping threads took: 0.0028130 seconds
371.269: Application time: 0.0850410 seconds
371.269: [GC371.269: [ParNew: 34047K->1576K(37632K), 0.0006560 secs] 62123K->29652K(121024K), 0.0006860 secs] [Times: user=0.00 sys=0.00, real=0.00 secs] 
371.270: Total time for which application threads were stopped: 0.0008060 seconds, Stopping threads took: 0.0000590 seconds
371.354: Application time: 0.0844820 seconds
371.354: [GC371.354: [ParNew: 34671K->1634K(37632K), 0.0007140 secs] 62748K->29711K(121024K), 0.0007530 secs] [Times: user=0.00 sys=0.00, real=0.00 secs] 
371.355: Total time for which application threads were stopped: 0.0008840 seconds, Stopping threads took: 0.0000700 seconds
371.440: Application time: 0.0848100 seconds
371.440: [GC371.440: [ParNew: 34643K->1664K(37632K), 0.0006780 secs] 62719K->29741K(121024K), 0.0007060 secs] [Times: user=0.01 sys=0.00, real=0.00 secs] 
371.441: Total time for which application threads were stopped: 0.0008970 seconds, Stopping threads took: 0.0001230 seconds
371.525: Application time: 0.0841500 seconds
371.525: [GC371.525: [ParNew: 34673K->3228K(37632K), 0.0012620 secs] 62749K->31305K(121024K), 0.0012970 secs] [Times: user=0.01 sys=0.00, real=0.00 secs] 
371.526: Total time for which application threads were stopped: 0.0014400 seconds, Stopping threads took: 0.0000760 seconds
371.613: Application time: 0.0865730 seconds
371.613: [GC371.613: [ParNew: 36247K->1578K(37632K), 0.0006880 secs] 64324K->29835K(121024K), 0.0007170 secs] [Times: user=0.00 sys=0.00, real=0.00 secs] 
371.614: Total time for which application threads were stopped: 0.0008740 seconds, Stopping threads took: 0.0000990 seconds
371.702: Application time: 0.0880760 seconds
371.702: [GC371.702: [ParNew: 35033K->1576K(37632K), 0.0006100 secs] 63289K->29833K(121024K), 0.0006390 secs] [Times: user=0.01 sys=0.00, real=0.00 secs] 
371.703: Total time for which application threads were stopped: 0.0007650 seconds, Stopping threads took: 0.0000650 seconds
371.789: Application time: 0.0861610 seconds
371.789: [GC371.789: [ParNew: 34667K->1632K(37632K), 0.0007180 secs] 62924K->29889K(121024K), 0.0007490 secs] [Times: user=0.00 sys=0.00, real=0.00 secs] 
371.790: Total time for which application threads were stopped: 0.0008840 seconds, Stopping threads took: 0.0000730 seconds
371.873: Application time: 0.0829800 seconds
371.873: [GC371.873: [ParNew: 34638K->3200K(37632K), 0.0011630 secs] 62895K->31457K(121024K), 0.0011970 secs] [Times: user=0.00 sys=0.00, real=0.00 secs] 
371.874: Total time for which application threads were stopped: 0.0013270 seconds, Stopping threads took: 0.0000680 seconds
371.959: Application time: 0.0846330 seconds
371.959: [GC371.959: [ParNew: 36217K->2600K(37632K), 0.0010350 secs] 64474K->31017K(121024K), 0.0010810 secs] [Times: user=0.01 sys=0.00, real=0.00 secs] 
371.960: Total time for which application threads were stopped: 0.0012230 seconds, Stopping threads took: 0.0000710 seconds
372.046: Application time: 0.0862980 seconds
372.046: [GC372.046: [ParNew: 35613K->2604K(37632K), 0.0010060 secs] 64030K->31085K(121024K), 0.0010390 secs] [Times: user=0.01 sys=0.00, real=0.01 secs] 
372.047: Total time for which application threads were stopped: 0.0012000 seconds, Stopping threads took: 0.0000950 seconds
372.134: Application time: 0.0862560 seconds
372.134: [GC372.134: [ParNew: 35619K->2088K(37632K), 0.0008170 secs] 64100K->30641K(121024K), 0.0008480 secs] [Times: user=0.00 sys=0.00, real=0.00 secs] 
372.135: Total time for which application threads were stopped: 0.0009840 seconds, Stopping threads took: 0.0000760 seconds
372.221: Application time: 0.0863160 seconds
372.221: [GC372.221: [ParNew: 35105K->1606K(37632K), 0.0007240 secs] 63658K->30159K(121024K), 0.0007510 secs] [Times: user=0.01 sys=0.00, real=0.00 secs] 
372.222: Total time for which application threads were stopped: 0.0008740 seconds, Stopping threads took: 0.0000660 seconds
372.307: Application time: 0.0857070 seconds
372.308: [GC372.308: [ParNew: 34625K->1124K(37632K), 0.0005090 secs] 63178K->29677K(121024K), 0.0005380 secs] [Times: user=0.01 sys=0.00, real=0.00 secs] 
372.308: Total time for which application threads were stopped: 0.0006740 seconds, Stopping threads took: 0.0000760 seconds
372.395: Application time: 0.0864330 seconds
372.395: [GC372.395: [ParNew: 34568K->1636K(37632K), 0.0006650 secs] 63121K->30189K(121024K), 0.0006970 secs] [Times: user=0.00 sys=0.00, real=0.01 secs] 
372.395: Total time for which application threads were stopped: 0.0008320 seconds, Stopping threads took: 0.0000660 seconds
372.482: Application time: 0.0862290 seconds
372.482: [GC372.482: [ParNew: 34733K->1180K(37632K), 0.0005380 secs] 63286K->29733K(121024K), 0.0005650 secs] [Times: user=0.00 sys=0.00, real=0.00 secs] 
372.482: Total time for which application threads were stopped: 0.0006960 seconds, Stopping threads took: 0.0000660 seconds
372.567: Application time: 0.0846830 seconds
372.567: [GC372.567: [ParNew: 34191K->1720K(37632K), 0.0006930 secs] 62744K->30273K(121024K), 0.0007250 secs] [Times: user=0.01 sys=0.00, real=0.00 secs] 
372.568: Total time for which application threads were stopped: 0.0008950 seconds, Stopping threads took: 0.0001120 seconds
372.654: Application time: 0.0859690 seconds
372.654: [GC372.654: [ParNew: 34733K->1748K(37632K), 0.0007220 secs] 63286K->30301K(121024K), 0.0007530 secs] [Times: user=0.01 sys=0.00, real=0.00 secs] 
372.655: Total time for which application threads were stopped: 0.0008820 seconds, Stopping threads took: 0.0000670 seconds
372.740: Application time: 0.0851050 seconds
372.740: [GC372.740: [ParNew: 34759K->2288K(37632K), 0.0009050 secs] 63312K->30841K(121024K), 0.0009380 secs] [Times: user=0.01 sys=0.00, real=0.00 secs] 
372.741: Total time for which application threads were stopped: 0.0010680 seconds, Stopping threads took: 0.0000660 seconds
372.825: Application time: 0.0845500 seconds
372.826: [GC372.826: [ParNew: 35301K->2628K(37632K), 0.0010950 secs] 63854K->31397K(121024K), 0.0011270 secs] [Times: user=0.01 sys=0.00, real=0.00 secs] 
372.827: Total time for which application threads were stopped: 0.0012480 seconds, Stopping threads took: 0.0000590 seconds
372.913: Application time: 0.0865040 seconds
372.913: [GC372.913: [ParNew: 35649K->2090K(37632K), 0.0008170 secs] 64418K->30955K(121024K), 0.0008450 secs] [Times: user=0.00 sys=0.00, real=0.00 secs] 
372.914: Total time for which application threads were stopped: 0.0010400 seconds, Stopping threads took: 0.0001350 seconds
373.001: Application time: 0.0866640 seconds
373.001: [GC373.001: [ParNew: 35111K->1094K(37632K), 0.0004860 secs] 63976K->29959K(121024K), 0.0005150 secs] [Times: user=0.00 sys=0.00, real=0.00 secs] 
373.002: Total time for which application threads were stopped: 0.0006530 seconds, Stopping threads took: 0.0000680 seconds
373.087: Application time: 0.0856630 seconds
373.087: [GC373.087: [ParNew: 34540K->1608K(37632K), 0.0006280 secs] 63406K->30473K(121024K), 0.0006560 secs] [Times: user=0.01 sys=0.00, real=0.00 secs] 
373.088: Total time for which application threads were stopped: 0.0007930 seconds, Stopping threads took: 0.0000800 seconds
373.174: Application time: 0.0862380 seconds
373.174: [GC373.174: [ParNew: 35054K->2120K(37632K), 0.0008510 secs] 63920K->30985K(121024K), 0.0008850 secs] [Times: user=0.00 sys=0.00, real=0.01 secs] 
373.175: Total time for which application threads were stopped: 0.0010140 seconds, Stopping threads took: 0.0000670 seconds
373.260: Application time: 0.0848190 seconds
373.260: [GC373.260: [ParNew: 35291K->2176K(37632K), 0.0009050 secs] 64157K->31089K(121024K), 0.0009350 secs] [Times: user=0.01 sys=0.00, real=0.00 secs] 
373.261: Total time for which application threads were stopped: 0.0010720 seconds, Stopping threads took: 0.0000740 seconds
373.348: Application time: 0.0865470 seconds
373.348: [GC373.348: [ParNew: 35191K->1580K(37632K), 0.0006900 secs] 64104K->30641K(121024K), 0.0007210 secs] [Times: user=0.00 sys=0.00, real=0.00 secs] 
373.349: Total time for which application threads were stopped: 0.0008470 seconds, Stopping threads took: 0.0000650 seconds
373.435: Application time: 0.0866440 seconds
373.435: [GC373.435: [ParNew: 34645K->1096K(37632K), 0.0005460 secs] 63706K->30157K(121024K), 0.0005750 secs] [Times: user=0.00 sys=0.00, real=0.00 secs] 
373.436: Total time for which application threads were stopped: 0.0006850 seconds, Stopping threads took: 0.0000550 seconds
373.521: Application time: 0.0850200 seconds
373.521: [GC373.521: [ParNew: 34058K->1636K(37632K), 0.0006860 secs] 63120K->30697K(121024K), 0.0007270 secs] [Times: user=0.00 sys=0.00, real=0.00 secs] 
373.522: Total time for which application threads were stopped: 0.0008760 seconds, Stopping threads took: 0.0000730 seconds
373.609: Application time: 0.0868390 seconds
373.609: [GC373.609: [ParNew: 34649K->1664K(37632K), 0.0006870 secs] 63710K->30725K(121024K), 0.0007180 secs] [Times: user=0.01 sys=0.00, real=0.00 secs] 
373.610: Total time for which application threads were stopped: 0.0008530 seconds, Stopping threads took: 0.0000750 seconds
373.694: Application time: 0.0844390 seconds
373.694: [GC373.694: [ParNew: 34679K->1692K(37632K), 0.0006830 secs] 63740K->30753K(121024K), 0.0007130 secs] [Times: user=0.01 sys=0.00, real=0.00 secs] 
373.695: Total time for which application threads were stopped: 0.0008330 seconds, Stopping threads took: 0.0000590 seconds
373.782: Application time: 0.0871660 seconds
373.782: [GC373.782: [ParNew: 35147K->1180K(37632K), 0.0005080 secs] 64208K->30241K(121024K), 0.0005350 secs] [Times: user=0.01 sys=0.00, real=0.00 secs] 
373.783: Total time for which application threads were stopped: 0.0006610 seconds, Stopping threads took: 0.0000680 seconds
373.869: Application time: 0.0858680 seconds
373.869: [GC373.869: [ParNew: 34626K->1690K(37632K), 0.0007040 secs] 63688K->30751K(121024K), 0.0007360 secs] [Times: user=0.00 sys=0.00, real=0.00 secs] 
373.869: Total time for which application threads were stopped: 0.0008780 seconds, Stopping threads took: 0.0000790 seconds
373.952: Application time: 0.0827730 seconds
373.952: [GC373.952: [ParNew: 34855K->2288K(37632K), 0.0008470 secs] 63917K->31350K(121024K), 0.0008770 secs] [Times: user=0.01 sys=0.00, real=0.00 secs] 
373.953: Total time for which application threads were stopped: 0.0010480 seconds, Stopping threads took: 0.0001100 seconds
374.040: Application time: 0.0871510 seconds
374.041: [GC374.041: [ParNew: 35313K->1068K(37632K), 0.0005720 secs] 64375K->30369K(121024K), 0.0006010 secs] [Times: user=0.00 sys=0.00, real=0.00 secs] 
374.041: Total time for which application threads were stopped: 0.0007580 seconds, Stopping threads took: 0.0000880 seconds
374.128: Application time: 0.0865840 seconds
374.128: [GC374.128: [ParNew: 34083K->580K(37632K), 0.0003590 secs] 63384K->29881K(121024K), 0.0003860 secs] [Times: user=0.01 sys=0.00, real=0.00 secs] 
374.128: Total time for which application threads were stopped: 0.0005010 seconds, Stopping threads took: 0.0000620 seconds
374.211: Application time: 0.0829410 seconds
374.211: [GC374.211: [ParNew: 33667K->1662K(37632K), 0.0007420 secs] 62968K->30964K(121024K), 0.0007730 secs] [Times: user=0.00 sys=0.00, real=0.00 secs] 
374.212: Total time for which application threads were stopped: 0.0009100 seconds, Stopping threads took: 0.0000780 seconds
374.298: Application time: 0.0861430 seconds
374.298: [GC374.298: [ParNew: 35112K->1662K(37632K), 0.0006500 secs] 64414K->30964K(121024K), 0.0006820 secs] [Times: user=0.01 sys=0.00, real=0.00 secs] 
374.299: Total time for which application threads were stopped: 0.0008360 seconds, Stopping threads took: 0.0000880 seconds
374.384: Application time: 0.0850170 seconds
374.384: [GC374.384: [ParNew: 34673K->2204K(37632K), 0.0008990 secs] 63974K->31506K(121024K), 0.0009300 secs] [Times: user=0.01 sys=0.00, real=0.00 secs] 
374.385: Total time for which application threads were stopped: 0.0010690 seconds, Stopping threads took: 0.0000760 seconds
374.473: Application time: 0.0873720 seconds
374.473: [GC374.473: [ParNew: 35659K->1576K(37632K), 0.0006720 secs] 64960K->31042K(121024K), 0.0007050 secs] [Times: user=0.01 sys=0.00, real=0.00 secs] 
374.473: Total time for which application threads were stopped: 0.0008230 seconds, Stopping threads took: 0.0000570 seconds
374.560: Application time: 0.0863280 seconds
374.560: [GC374.560: [ParNew: 35026K->1578K(37632K), 0.0006830 secs] 64492K->31044K(121024K), 0.0007150 secs] [Times: user=0.00 sys=0.00, real=0.00 secs] 
374.561: Total time for which application threads were stopped: 0.0008660 seconds, Stopping threads took: 0.0000810 seconds
374.647: Application time: 0.0860530 seconds
374.647: [GC374.647: [ParNew: 34833K->1178K(37632K), 0.0005310 secs] 64299K->30644K(121024K), 0.0005700 secs] [Times: user=0.01 sys=0.00, real=0.01 secs] 
374.647: Total time for which application threads were stopped: 0.0006780 seconds, Stopping threads took: 0.0000490 seconds
374.733: Application time: 0.0852500 seconds
374.733: [GC374.733: [ParNew: 34622K->1690K(37632K), 0.0007280 secs] 64088K->31156K(121024K), 0.0007570 secs] [Times: user=0.00 sys=0.00, real=0.00 secs] 
374.733: Total time for which application threads were stopped: 0.0008810 seconds, Stopping threads took: 0.0000650 seconds
374.813: Application time: 0.0791120 seconds
374.813: [GC374.813: [ParNew: 34703K->1720K(37632K), 0.0006600 secs] 64169K->31186K(121024K), 0.0006910 secs] [Times: user=0.00 sys=0.00, real=0.00 secs] 
374.813: Total time for which application threads were stopped: 0.0008110 seconds, Stopping threads took: 0.0000610 seconds
374.893: Application time: 0.0800750 seconds
374.894: [GC374.894: [ParNew: 34817K->1264K(37632K), 0.0005470 secs] 64283K->30730K(121024K), 0.0005770 secs] [Times: user=0.01 sys=0.00, real=0.00 secs] 
374.894: Total time for which application threads were stopped: 0.0007020 seconds, Stopping threads took: 0.0000690 seconds
374.974: Application time: 0.0798270 seconds
374.974: [GC374.974: [ParNew: 34719K->752K(37632K), 0.0004020 secs] 64185K->30218K(121024K), 0.0004290 secs] [Times: user=0.00 sys=0.00, real=0.00 secs] 
374.975: Total time for which application threads were stopped: 0.0005390 seconds, Stopping threads took: 0.0000570 seconds
375.054: Application time: 0.0795020 seconds
375.054: [GC375.054: [ParNew: 33763K->750K(37632K), 0.0004470 secs] 63229K->30216K(121024K), 0.0004750 secs] [Times: user=0.00 sys=0.00, real=0.00 secs] 
375.055: Total time for which application threads were stopped: 0.0005820 seconds, Stopping threads took: 0.0000540 seconds
375.135: Application time: 0.0803040 seconds
375.135: [GC375.135: [ParNew: 34198K->750K(37632K), 0.0004920 secs] 63664K->30216K(121024K), 0.0005190 secs] [Times: user=0.01 sys=0.00, real=0.01 secs] 
375.136: Total time for which application threads were stopped: 0.0006470 seconds, Stopping threads took: 0.0000660 seconds
375.214: Application time: 0.0789290 seconds
375.215: [GC375.215: [ParNew: 34196K->1264K(37632K), 0.0006130 secs] 63662K->30730K(121024K), 0.0006410 secs] [Times: user=0.01 sys=0.00, real=0.01 secs] 
375.215: Total time for which application threads were stopped: 0.0007780 seconds, Stopping threads took: 0.0000790 seconds
375.293: Application time: 0.0779260 seconds
375.293: [GC375.293: [ParNew: 34516K->1776K(37632K), 0.0007010 secs] 63981K->31242K(121024K), 0.0007310 secs] [Times: user=0.00 sys=0.00, real=0.00 secs] 
375.294: Total time for which application threads were stopped: 0.0008460 seconds, Stopping threads took: 0.0000560 seconds
375.371: Application time: 0.0770640 seconds
375.371: [GC375.371: [ParNew: 35219K->2800K(37632K), 0.0010230 secs] 64684K->32266K(121024K), 0.0010580 secs] [Times: user=0.00 sys=0.00, real=0.00 secs] 
375.372: Total time for which application threads were stopped: 0.0012670 seconds, Stopping threads took: 0.0001470 seconds
375.452: Application time: 0.0793540 seconds
375.452: [GC375.452: [ParNew: 35813K->2602K(37632K), 0.0009610 secs] 65279K->32312K(121024K), 0.0009910 secs] [Times: user=0.00 sys=0.00, real=0.00 secs] 
375.453: Total time for which application threads were stopped: 0.0011290 seconds, Stopping threads took: 0.0000760 seconds
375.533: Application time: 0.0798410 seconds
375.533: [GC375.533: [ParNew: 35707K->1094K(37632K), 0.0005350 secs] 65417K->30852K(121024K), 0.0005640 secs] [Times: user=0.01 sys=0.00, real=0.00 secs] 
375.533: Total time for which application threads were stopped: 0.0007650 seconds, Stopping threads took: 0.0001460 seconds
375.614: Application time: 0.0801860 seconds
375.614: [GC375.614: [ParNew: 34544K->1094K(37632K), 0.0004950 secs] 64303K->30852K(121024K), 0.0005310 secs] [Times: user=0.00 sys=0.00, real=0.00 secs] 
375.614: Total time for which application threads were stopped: 0.0006510 seconds, Stopping threads took: 0.0000650 seconds
375.693: Application time: 0.0782590 seconds
375.693: [GC375.693: [ParNew: 34542K->1608K(37632K), 0.0006570 secs] 64301K->31366K(121024K), 0.0006870 secs] [Times: user=0.00 sys=0.00, real=0.00 secs] 
375.693: Total time for which application threads were stopped: 0.0008590 seconds, Stopping threads took: 0.0001050 seconds
375.771: Application time: 0.0773240 seconds
375.771: [GC375.771: [ParNew: 34614K->2658K(37632K), 0.0011020 secs] 64373K->32416K(121024K), 0.0011350 secs] [Times: user=0.01 sys=0.00, real=0.00 secs] 
375.772: Total time for which application threads were stopped: 0.0013280 seconds, Stopping threads took: 0.0001310 seconds
375.852: Application time: 0.0799110 seconds
375.852: [GC375.852: [ParNew: 36104K->3086K(37632K), 0.0012610 secs] 65863K->32972K(121024K), 0.0012950 secs] [Times: user=0.01 sys=0.00, real=0.00 secs] 
375.853: Total time for which application threads were stopped: 0.0014210 seconds, Stopping threads took: 0.0000630 seconds
375.934: Application time: 0.0809810 seconds
375.935: [GC375.935: [ParNew: 36354K->640K(37632K), 0.0003850 secs] 66240K->30526K(121024K), 0.0004110 secs] [Times: user=0.00 sys=0.00, real=0.00 secs] 
375.935: Total time for which application threads were stopped: 0.0005440 seconds, Stopping threads took: 0.0000810 seconds
376.014: Application time: 0.0791870 seconds
376.015: [GC376.015: [ParNew: 34086K->1152K(37632K), 0.0005490 secs] 63973K->31038K(121024K), 0.0005750 secs] [Times: user=0.01 sys=0.00, real=0.00 secs] 
376.016: Total time for which application threads were stopped: 0.0016050 seconds, Stopping threads took: 0.0009760 seconds
376.093: Application time: 0.0770270 seconds
376.093: [GC376.093: [ParNew: 34243K->2232K(37632K), 0.0008840 secs] 64129K->32118K(121024K), 0.0009130 secs] [Times: user=0.01 sys=0.00, real=0.00 secs] 
376.094: Total time for which application threads were stopped: 0.0010740 seconds, Stopping threads took: 0.0001010 seconds
376.173: Application time: 0.0793120 seconds
376.173: [GC376.173: [ParNew: 35247K->2092K(37632K), 0.0009380 secs] 65133K->32186K(121024K), 0.0009690 secs] [Times: user=0.00 sys=0.00, real=0.00 secs] 
376.174: Total time for which application threads were stopped: 0.0011920 seconds, Stopping threads took: 0.0001650 seconds
376.253: Application time: 0.0791500 seconds
376.254: [GC376.254: [ParNew: 35546K->1578K(37632K), 0.0006700 secs] 65641K->31672K(121024K), 0.0006980 secs] [Times: user=0.00 sys=0.00, real=0.00 secs] 
376.254: Total time for which application threads were stopped: 0.0008340 seconds, Stopping threads took: 0.0000660 seconds
376.335: Application time: 0.0807500 seconds
376.335: [GC376.335: [ParNew: 35022K->2090K(37632K), 0.0008160 secs] 65117K->32184K(121024K), 0.0008470 secs] [Times: user=0.01 sys=0.00, real=0.00 secs] 
376.336: Total time for which application threads were stopped: 0.0009640 seconds, Stopping threads took: 0.0000570 seconds
376.413: Application time: 0.0773320 seconds
376.413: [GC376.414: [ParNew: 35103K->2120K(37632K), 0.0008140 secs] 65197K->32214K(121024K), 0.0008420 secs] [Times: user=0.00 sys=0.00, real=0.00 secs] 
376.414: Total time for which application threads were stopped: 0.0009690 seconds, Stopping threads took: 0.0000670 seconds
376.496: Application time: 0.0815460 seconds
376.496: [GC376.496: [ParNew: 35577K->1064K(37632K), 0.0005510 secs] 65671K->31214K(121024K), 0.0005760 secs] [Times: user=0.01 sys=0.00, real=0.00 secs] 
376.497: Total time for which application threads were stopped: 0.0007620 seconds, Stopping threads took: 0.0001300 seconds
376.575: Application time: 0.0787450 seconds
376.576: [GC376.576: [ParNew: 34317K->1180K(37632K), 0.0005440 secs] 64468K->31330K(121024K), 0.0005720 secs] [Times: user=0.00 sys=0.00, real=0.00 secs] 
376.576: Total time for which application threads were stopped: 0.0006870 seconds, Stopping threads took: 0.0000590 seconds
376.656: Application time: 0.0801660 seconds
376.656: [GC376.656: [ParNew: 34193K->1206K(37632K), 0.0005760 secs] 64343K->31356K(121024K), 0.0006130 secs] [Times: user=0.01 sys=0.00, real=0.00 secs] 
376.657: Total time for which application threads were stopped: 0.0007500 seconds, Stopping threads took: 0.0000800 seconds
376.735: Application time: 0.0775080 seconds
376.735: [GC376.735: [ParNew: 34217K->1748K(37632K), 0.0006870 secs] 64367K->31899K(121024K), 0.0007190 secs] [Times: user=0.00 sys=0.00, real=0.01 secs] 
376.735: Total time for which application threads were stopped: 0.0008370 seconds, Stopping threads took: 0.0000580 seconds
376.818: Application time: 0.0830330 seconds
376.819: [GC376.819: [ParNew: 34743K->724K(37632K), 0.0004290 secs] 64894K->30875K(121024K), 0.0004590 secs] [Times: user=0.00 sys=0.00, real=0.00 secs] 
376.819: Total time for which application threads were stopped: 0.0006460 seconds, Stopping threads took: 0.0001260 seconds
376.905: Application time: 0.0861810 seconds
376.905: [GC376.905: [ParNew: 34181K->722K(37632K), 0.0004250 secs] 64331K->30873K(121024K), 0.0004520 secs] [Times: user=0.01 sys=0.00, real=0.00 secs] 
376.906: Total time for which application threads were stopped: 0.0005610 seconds, Stopping threads took: 0.0000550 seconds
376.989: Application time: 0.0833660 seconds
376.989: [GC376.989: [ParNew: 34170K->2260K(37632K), 0.0008730 secs] 64321K->32411K(121024K), 0.0009110 secs] [Times: user=0.01 sys=0.00, real=0.00 secs] 
376.990: Total time for which application threads were stopped: 0.0010180 seconds, Stopping threads took: 0.0000460 seconds
377.083: Application time: 0.0930400 seconds
377.083: [GC377.083: [ParNew: 35255K->1574K(37632K), 0.0006940 secs] 65405K->31916K(121024K), 0.0007240 secs] [Times: user=0.01 sys=0.00, real=0.00 secs] 
377.084: Total time for which application threads were stopped: 0.0008320 seconds, Stopping threads took: 0.0000490 seconds
377.302: Application time: 0.2178750 seconds
377.302: [GC377.302: [ParNew: 35046K->14K(37632K), 0.0003160 secs] 65388K->30356K(121024K), 0.0003320 secs] [Times: user=0.00 sys=0.00, real=0.00 secs] 
377.302: Total time for which application threads were stopped: 0.0003920 seconds, Stopping threads took: 0.0000100 seconds
377.377: Application time: 0.0749850 seconds
377.377: Total time for which application threads were stopped: 0.0000720 seconds, Stopping threads took: 0.0000190 seconds
377.798: Application time: 0.4208110 seconds
377.798: [GC377.798: [ParNew: 33486K->4160K(37632K), 0.0036670 secs] 63828K->37357K(121024K), 0.0037060 secs] [Times: user=0.02 sys=0.00, real=0.00 secs] 
377.802: Total time for which application threads were stopped: 0.0037900 seconds, Stopping threads took: 0.0000100 seconds
377.802: Application time: 0.0000810 seconds
377.802: Total time for which application threads were stopped: 0.0000500 seconds, Stopping threads took: 0.0000240 seconds
377.802: Application time: 0.0000330 seconds
377.802: Total time for which application threads were stopped: 0.0000870 seconds, Stopping threads took: 0.0000750 seconds
377.802: Application time: 0.0000320 seconds
377.802: Total time for which application threads were stopped: 0.0000230 seconds, Stopping threads took: 0.0000060 seconds
377.802: Application time: 0.0000350 seconds
377.802: Total time for which application threads were stopped: 0.0000240 seconds, Stopping threads took: 0.0000180 seconds
377.802: Application time: 0.0000590 seconds
377.802: Total time for which application threads were stopped: 0.0000250 seconds, Stopping threads took: 0.0000190 seconds
377.802: Application time: 0.0000270 seconds
377.802: Total time for which application threads were stopped: 0.0000180 seconds, Stopping threads took: 0.0000120 seconds
377.803: Application time: 0.0000200 seconds
377.803: Total time for which application threads were stopped: 0.0000090 seconds, Stopping threads took: 0.0000040 seconds
377.803: Application time: 0.0000160 seconds
377.803: Total time for which application threads were stopped: 0.0000150 seconds, Stopping threads took: 0.0000100 seconds
377.803: Application time: 0.0000120 seconds
377.803: Total time for which application threads were stopped: 0.0000230 seconds, Stopping threads took: 0.0000170 seconds
377.803: Application time: 0.0000110 seconds
377.803: Total time for which application threads were stopped: 0.0000210 seconds, Stopping threads took: 0.0000150 seconds
377.803: Application time: 0.0000110 seconds
377.803: Total time for which application threads were stopped: 0.0000220 seconds, Stopping threads took: 0.0000160 seconds
377.803: Application time: 0.0000110 seconds
377.803: Total time for which application threads were stopped: 0.0000200 seconds, Stopping threads took: 0.0000150 seconds
377.803: Application time: 0.0000110 seconds
377.803: Total time for which application threads were stopped: 0.0000200 seconds, Stopping threads took: 0.0000150 seconds
377.803: Application time: 0.0000110 seconds
377.803: Total time for which application threads were stopped: 0.0000140 seconds, Stopping threads took: 0.0000090 seconds
377.803: Application time: 0.0000150 seconds
377.803: Total time for which application threads were stopped: 0.0000200 seconds, Stopping threads took: 0.0000150 seconds
377.803: Application time: 0.0000110 seconds
377.803: Total time for which application threads were stopped: 0.0000150 seconds, Stopping threads took: 0.0000100 seconds
377.803: Application time: 0.0000110 seconds
377.803: Total time for which application threads were stopped: 0.0000170 seconds, Stopping threads took: 0.0000120 seconds
377.803: Application time: 0.0000110 seconds
377.803: Total time for which application threads were stopped: 0.0000190 seconds, Stopping threads took: 0.0000130 seconds
377.803: Application time: 0.0000110 seconds
377.803: Total time for which application threads were stopped: 0.0000200 seconds, Stopping threads took: 0.0000150 seconds
377.803: Application time: 0.0000110 seconds
377.803: Total time for which application threads were stopped: 0.0000200 seconds, Stopping threads took: 0.0000150 seconds
377.803: Application time: 0.0000110 seconds
377.803: Total time for which application threads were stopped: 0.0000270 seconds, Stopping threads took: 0.0000170 seconds
377.803: Application time: 0.0000110 seconds
377.803: Total time for which application threads were stopped: 0.0000150 seconds, Stopping threads took: 0.0000090 seconds
377.803: Application time: 0.0000110 seconds
377.803: Total time for which application threads were stopped: 0.0000190 seconds, Stopping threads took: 0.0000130 seconds
377.803: Application time: 0.0000140 seconds
377.803: Total time for which application threads were stopped: 0.0000270 seconds, Stopping threads took: 0.0000210 seconds
377.803: Application time: 0.0000160 seconds
377.803: Total time for which application threads were stopped: 0.0000210 seconds, Stopping threads took: 0.0000150 seconds
377.803: Application time: 0.0000120 seconds
377.803: Total time for which application threads were stopped: 0.0000200 seconds, Stopping threads took: 0.0000150 seconds
377.803: Application time: 0.0000110 seconds
377.803: Total time for which application threads were stopped: 0.0000200 seconds, Stopping threads took: 0.0000150 seconds
377.803: Application time: 0.0000110 seconds
377.803: Total time for which application threads were stopped: 0.0000100 seconds, Stopping threads took: 0.0000050 seconds
377.803: Application time: 0.0000120 seconds
377.803: Total time for which application threads were stopped: 0.0000180 seconds, Stopping threads took: 0.0000120 seconds
377.803: Application time: 0.0000090 seconds
377.803: Total time for which application threads were stopped: 0.0000090 seconds, Stopping threads took: 0.0000050 seconds
377.803: Application time: 0.0000120 seconds
377.803: Total time for which application threads were stopped: 0.0000130 seconds, Stopping threads took: 0.0000090 seconds
377.803: Application time: 0.0000090 seconds
377.803: Total time for which application threads were stopped: 0.0000160 seconds, Stopping threads took: 0.0000110 seconds
377.803: Application time: 0.0000080 seconds
377.803: Total time for which application threads were stopped: 0.0000130 seconds, Stopping threads took: 0.0000090 seconds
377.803: Application time: 0.0000090 seconds
377.803: Total time for which application threads were stopped: 0.0000120 seconds, Stopping threads took: 0.0000080 seconds
377.803: Application time: 0.0000080 seconds
377.803: Total time for which application threads were stopped: 0.0000160 seconds, Stopping threads took: 0.0000120 seconds
377.803: Application time: 0.0000080 seconds
377.803: Total time for which application threads were stopped: 0.0000130 seconds, Stopping threads took: 0.0000090 seconds
377.803: Application time: 0.0000080 seconds
377.803: Total time for which application threads were stopped: 0.0000130 seconds, Stopping threads took: 0.0000090 seconds
377.803: Application time: 0.0000080 seconds
377.803: Total time for which application threads were stopped: 0.0000130 seconds, Stopping threads took: 0.0000090 seconds
377.803: Application time: 0.0000080 seconds
377.803: Total time for which application threads were stopped: 0.0000080 seconds, Stopping threads took: 0.0000050 seconds
377.803: Application time: 0.0000080 seconds
377.803: Total time for which application threads were stopped: 0.0000160 seconds, Stopping threads took: 0.0000120 seconds
377.804: Application time: 0.0000090 seconds
377.804: Total time for which application threads were stopped: 0.0000220 seconds, Stopping threads took: 0.0000110 seconds
377.804: Application time: 0.0000330 seconds
377.804: Total time for which application threads were stopped: 0.0000160 seconds, Stopping threads took: 0.0000090 seconds
377.804: Application time: 0.0000970 seconds
377.804: Total time for which application threads were stopped: 0.0000170 seconds, Stopping threads took: 0.0000090 seconds
377.804: Application time: 0.0000190 seconds
377.804: Total time for which application threads were stopped: 0.0000180 seconds, Stopping threads took: 0.0000110 seconds
377.804: Application time: 0.0000540 seconds
377.804: Total time for which application threads were stopped: 0.0000110 seconds, Stopping threads took: 0.0000050 seconds
378.168: Application time: 0.3637600 seconds
378.168: Total time for which application threads were stopped: 0.0000840 seconds, Stopping threads took: 0.0000130 seconds
378.169: Application time: 0.0018270 seconds
378.169: Total time for which application threads were stopped: 0.0000260 seconds, Stopping threads took: 0.0000100 seconds
Heap
 par new generation   total 37632K, used 25478K [0x0000000080c00000, 0x00000000834d0000, 0x00000000a9750000)
  eden space 33472K,  63% used [0x0000000080c00000, 0x00000000820d1828, 0x0000000082cb0000)
  from space 4160K, 100% used [0x0000000082cb0000, 0x00000000830c0000, 0x00000000830c0000)
  to   space 4160K,   0% used [0x00000000830c0000, 0x00000000830c0000, 0x00000000834d0000)
 tenured generation   total 83392K, used 33197K [0x00000000a9750000, 0x00000000ae8c0000, 0x00000000fae00000)
   the space 83392K,  39% used [0x00000000a9750000, 0x00000000ab7bb5f0, 0x00000000ab7bb600, 0x00000000ae8c0000)
 compacting perm gen  total 21248K, used 12935K [0x00000000fae00000, 0x00000000fc2c0000, 0x0000000100000000)
   the space 21248K,  60% used [0x00000000fae00000, 0x00000000fbaa1ed0, 0x00000000fbaa2000, 0x00000000fc2c0000)
No shared spaces configured.
378.170: Application time: 0.0001770 seconds
