Java HotSpot(TM) 64-Bit Server VM (24.80-b11) for linux-amd64 JRE (1.7.0_80-b15), built on Apr 10 2015 19:53:14 by "java_re" with gcc 4.3.0 20080428 (Red Hat 4.3.0-8)
Memory: 4k page, physical 8000092k(6284840k free), swap 8218620k(8218620k free)
CommandLine flags: -XX:InitialHeapSize=128001472 -XX:MaxHeapSize=2048023552 -XX:+PrintGC -XX:+PrintGCApplicationConcurrentTime -XX:+PrintGCApplicationStoppedTime -XX:+PrintGCDetails -XX:+PrintGCTimeStamps -XX:+UseCompressedOops -XX:+UseParallelGC -XX:+UseParallelOldGC 
1.007: Application time: 0.9847610 seconds
1.007: Total time for which application threads were stopped: 0.0000430 seconds, Stopping threads took: 0.0000110 seconds
4.026: Application time: 3.0196300 seconds
4.026: Total time for which application threads were stopped: 0.0000640 seconds, Stopping threads took: 0.0000100 seconds
14.666: Application time: 10.6399460 seconds
14.666: Total time for which application threads were stopped: 0.0000210 seconds, Stopping threads took: 0.0000070 seconds
14.666: Application time: 0.0000900 seconds
14.666: Total time for which application threads were stopped: 0.0000090 seconds, Stopping threads took: 0.0000030 seconds
14.668: Application time: 0.0014810 seconds
14.668: Total time for which application threads were stopped: 0.0000240 seconds, Stopping threads took: 0.0000180 seconds
14.687: Application time: 0.0187240 seconds
14.687: Total time for which application threads were stopped: 0.0000380 seconds, Stopping threads took: 0.0000090 seconds
14.699: Application time: 0.0121720 seconds
14.699: [GC [PSYoungGen: 10653K->3345K(36864K)] 10653K->3353K(119808K), 0.0022060 secs] [Times: user=0.00 sys=0.01, real=0.00 secs] 
14.701: [Full GC [PSYoungGen: 3345K->0K(36864K)] [ParOldGen: 8K->3145K(82944K)] 3353K->3145K(119808K) [PSPermGen: 5076K->5074K(21504K)], 0.0113120 secs] [Times: user=0.05 sys=0.00, real=0.02 secs] 
14.713: Total time for which application threads were stopped: 0.0136540 seconds, Stopping threads took: 0.0000180 seconds
14.713: Application time: 0.0000390 seconds
14.713: [GC [PSYoungGen: 0K->0K(36864K)] 3145K->3145K(119808K), 0.0002580 secs] [Times: user=0.00 sys=0.00, real=0.00 secs] 
14.713: [Full GC [PSYoungGen: 0K->0K(36864K)] [ParOldGen: 3145K->3145K(82944K)] 3145K->3145K(119808K) [PSPermGen: 5074K->5074K(21504K)], 0.0039410 secs] [Times: user=0.01 sys=0.00, real=0.00 secs] 
14.717: Total time for which application threads were stopped: 0.0042930 seconds, Stopping threads took: 0.0000150 seconds
14.717: Application time: 0.0000510 seconds
14.717: Total time for which application threads were stopped: 0.0000300 seconds, Stopping threads took: 0.0000200 seconds
14.717: Application time: 0.0000220 seconds
14.717: Total time for which application threads were stopped: 0.0000180 seconds, Stopping threads took: 0.0000140 seconds
14.717: Application time: 0.0000130 seconds
14.717: Total time for which application threads were stopped: 0.0000160 seconds, Stopping threads took: 0.0000110 seconds
14.717: Application time: 0.0000110 seconds
14.717: Total time for which application threads were stopped: 0.0000180 seconds, Stopping threads took: 0.0000140 seconds
14.717: Application time: 0.0000100 seconds
14.717: Total time for which application threads were stopped: 0.0000200 seconds, Stopping threads took: 0.0000160 seconds
14.717: Application time: 0.0000100 seconds
14.717: Total time for which application threads were stopped: 0.0000170 seconds, Stopping threads took: 0.0000120 seconds
14.717: Application time: 0.0000300 seconds
14.717: Total time for which application threads were stopped: 0.0000180 seconds, Stopping threads took: 0.0000140 seconds
14.717: Application time: 0.0000150 seconds
14.717: Total time for which application threads were stopped: 0.0000160 seconds, Stopping threads took: 0.0000110 seconds
14.717: Application time: 0.0000130 seconds
14.717: Total time for which application threads were stopped: 0.0000180 seconds, Stopping threads took: 0.0000130 seconds
14.717: Application time: 0.0000140 seconds
14.717: Total time for which application threads were stopped: 0.0000170 seconds, Stopping threads took: 0.0000120 seconds
14.717: Application time: 0.0000140 seconds
14.717: Total time for which application threads were stopped: 0.0000200 seconds, Stopping threads took: 0.0000160 seconds
14.718: Application time: 0.0002000 seconds
14.718: Total time for which application threads were stopped: 0.0000170 seconds, Stopping threads took: 0.0000120 seconds
14.718: Application time: 0.0000150 seconds
14.718: Total time for which application threads were stopped: 0.0000150 seconds, Stopping threads took: 0.0000100 seconds
14.718: Application time: 0.0000130 seconds
14.718: Total time for which application threads were stopped: 0.0000290 seconds, Stopping threads took: 0.0000240 seconds
14.718: Application time: 0.0000120 seconds
14.718: Total time for which application threads were stopped: 0.0000110 seconds, Stopping threads took: 0.0000060 seconds
14.718: Application time: 0.0000130 seconds
14.718: Total time for which application threads were stopped: 0.0000310 seconds, Stopping threads took: 0.0000250 seconds
14.718: Application time: 0.0000130 seconds
14.718: Total time for which application threads were stopped: 0.0000130 seconds, Stopping threads took: 0.0000090 seconds
14.718: Application time: 0.0000110 seconds
14.718: Total time for which application threads were stopped: 0.0000120 seconds, Stopping threads took: 0.0000090 seconds
14.718: Application time: 0.0000100 seconds
14.718: Total time for which application threads were stopped: 0.0000100 seconds, Stopping threads took: 0.0000070 seconds
14.718: Application time: 0.0000110 seconds
14.718: Total time for which application threads were stopped: 0.0000150 seconds, Stopping threads took: 0.0000050 seconds
14.718: Application time: 0.0002990 seconds
14.718: Total time for which application threads were stopped: 0.0000090 seconds, Stopping threads took: 0.0000040 seconds
14.720: Application time: 0.0019330 seconds
14.720: Total time for which application threads were stopped: 0.0000080 seconds, Stopping threads took: 0.0000040 seconds
14.720: Application time: 0.0003050 seconds
14.720: Total time for which application threads were stopped: 0.0000040 seconds, Stopping threads took: 0.0000020 seconds
14.828: Application time: 0.1074700 seconds
14.828: [GC [PSYoungGen: 31744K->5109K(36864K)] 34889K->9586K(119808K), 0.0033000 secs] [Times: user=0.01 sys=0.00, real=0.01 secs] 
14.831: Total time for which application threads were stopped: 0.0033990 seconds, Stopping threads took: 0.0000100 seconds
14.831: Application time: 0.0000960 seconds
14.831: Total time for which application threads were stopped: 0.0000250 seconds, Stopping threads took: 0.0000130 seconds
14.831: Application time: 0.0000790 seconds
14.831: Total time for which application threads were stopped: 0.0000290 seconds, Stopping threads took: 0.0000220 seconds
14.832: Application time: 0.0000410 seconds
14.832: Total time for which application threads were stopped: 0.0000130 seconds, Stopping threads took: 0.0000070 seconds
14.832: Application time: 0.0000480 seconds
14.832: Total time for which application threads were stopped: 0.0000170 seconds, Stopping threads took: 0.0000110 seconds
14.832: Application time: 0.0000450 seconds
14.832: Total time for which application threads were stopped: 0.0000390 seconds, Stopping threads took: 0.0000200 seconds
14.832: Application time: 0.0000130 seconds
14.832: Total time for which application threads were stopped: 0.0000140 seconds, Stopping threads took: 0.0000100 seconds
14.832: Application time: 0.0000100 seconds
14.832: Total time for which application threads were stopped: 0.0000180 seconds, Stopping threads took: 0.0000110 seconds
14.832: Application time: 0.0000100 seconds
14.832: Total time for which application threads were stopped: 0.0000140 seconds, Stopping threads took: 0.0000100 seconds
14.832: Application time: 0.0000090 seconds
14.832: Total time for which application threads were stopped: 0.0000140 seconds, Stopping threads took: 0.0000090 seconds
14.832: Application time: 0.0000100 seconds
14.832: Total time for which application threads were stopped: 0.0000070 seconds, Stopping threads took: 0.0000030 seconds
14.832: Application time: 0.0000090 seconds
14.832: Total time for which application threads were stopped: 0.0000160 seconds, Stopping threads took: 0.0000100 seconds
14.832: Application time: 0.0000110 seconds
14.832: Total time for which application threads were stopped: 0.0000070 seconds, Stopping threads took: 0.0000040 seconds
14.832: Application time: 0.0000100 seconds
14.832: Total time for which application threads were stopped: 0.0000090 seconds, Stopping threads took: 0.0000050 seconds
14.832: Application time: 0.0000100 seconds
14.832: Total time for which application threads were stopped: 0.0000130 seconds, Stopping threads took: 0.0000090 seconds
14.832: Application time: 0.0000100 seconds
14.832: Total time for which application threads were stopped: 0.0000170 seconds, Stopping threads took: 0.0000110 seconds
14.832: Application time: 0.0000100 seconds
14.832: Total time for which application threads were stopped: 0.0000070 seconds, Stopping threads took: 0.0000040 seconds
14.832: Application time: 0.0000100 seconds
14.832: Total time for which application threads were stopped: 0.0000150 seconds, Stopping threads took: 0.0000110 seconds
14.832: Application time: 0.0000110 seconds
14.832: Total time for which application threads were stopped: 0.0000140 seconds, Stopping threads took: 0.0000110 seconds
14.832: Application time: 0.0000100 seconds
14.832: Total time for which application threads were stopped: 0.0000190 seconds, Stopping threads took: 0.0000120 seconds
14.832: Application time: 0.0000100 seconds
14.832: Total time for which application threads were stopped: 0.0000100 seconds, Stopping threads took: 0.0000050 seconds
14.832: Application time: 0.0000090 seconds
14.832: Total time for which application threads were stopped: 0.0000200 seconds, Stopping threads took: 0.0000100 seconds
14.832: Application time: 0.0000090 seconds
14.832: Total time for which application threads were stopped: 0.0000140 seconds, Stopping threads took: 0.0000100 seconds
14.832: Application time: 0.0000090 seconds
14.832: Total time for which application threads were stopped: 0.0000130 seconds, Stopping threads took: 0.0000100 seconds
14.832: Application time: 0.0000100 seconds
14.832: Total time for which application threads were stopped: 0.0000120 seconds, Stopping threads took: 0.0000090 seconds
14.832: Application time: 0.0000100 seconds
14.832: Total time for which application threads were stopped: 0.0000200 seconds, Stopping threads took: 0.0000140 seconds
14.832: Application time: 0.0000090 seconds
14.832: Total time for which application threads were stopped: 0.0000120 seconds, Stopping threads took: 0.0000090 seconds
14.832: Application time: 0.0000100 seconds
14.832: Total time for which application threads were stopped: 0.0000170 seconds, Stopping threads took: 0.0000120 seconds
14.832: Application time: 0.0000100 seconds
14.832: Total time for which application threads were stopped: 0.0000150 seconds, Stopping threads took: 0.0000110 seconds
14.832: Application time: 0.0000090 seconds
14.832: Total time for which application threads were stopped: 0.0000170 seconds, Stopping threads took: 0.0000120 seconds
14.832: Application time: 0.0000100 seconds
14.832: Total time for which application threads were stopped: 0.0000190 seconds, Stopping threads took: 0.0000110 seconds
14.832: Application time: 0.0000120 seconds
14.832: Total time for which application threads were stopped: 0.0000190 seconds, Stopping threads took: 0.0000120 seconds
14.832: Application time: 0.0000120 seconds
14.832: Total time for which application threads were stopped: 0.0000150 seconds, Stopping threads took: 0.0000100 seconds
14.832: Application time: 0.0000120 seconds
14.832: Total time for which application threads were stopped: 0.0000110 seconds, Stopping threads took: 0.0000050 seconds
14.832: Application time: 0.0000100 seconds
14.832: Total time for which application threads were stopped: 0.0000160 seconds, Stopping threads took: 0.0000100 seconds
14.832: Application time: 0.0000110 seconds
14.832: Total time for which application threads were stopped: 0.0000160 seconds, Stopping threads took: 0.0000110 seconds
14.832: Application time: 0.0000110 seconds
14.833: Total time for which application threads were stopped: 0.0000140 seconds, Stopping threads took: 0.0000080 seconds
14.833: Application time: 0.0000120 seconds
14.833: Total time for which application threads were stopped: 0.0000170 seconds, Stopping threads took: 0.0000110 seconds
14.833: Application time: 0.0000120 seconds
14.833: Total time for which application threads were stopped: 0.0000170 seconds, Stopping threads took: 0.0000120 seconds
14.833: Application time: 0.0000100 seconds
14.833: Total time for which application threads were stopped: 0.0000210 seconds, Stopping threads took: 0.0000130 seconds
14.937: Application time: 0.1040820 seconds
14.937: [GC [PSYoungGen: 36853K->5105K(68608K)] 41330K->10728K(151552K), 0.0081450 secs] [Times: user=0.05 sys=0.00, real=0.01 secs] 
14.945: Total time for which application threads were stopped: 0.0082360 seconds, Stopping threads took: 0.0000150 seconds
14.945: Application time: 0.0000880 seconds
14.945: Total time for which application threads were stopped: 0.0000560 seconds, Stopping threads took: 0.0000350 seconds
14.945: Application time: 0.0000430 seconds
14.945: Total time for which application threads were stopped: 0.0000480 seconds, Stopping threads took: 0.0000370 seconds
14.945: Application time: 0.0000210 seconds
14.945: Total time for which application threads were stopped: 0.0000220 seconds, Stopping threads took: 0.0000120 seconds
14.945: Application time: 0.0000190 seconds
14.945: Total time for which application threads were stopped: 0.0000270 seconds, Stopping threads took: 0.0000180 seconds
14.945: Application time: 0.0000160 seconds
14.945: Total time for which application threads were stopped: 0.0000290 seconds, Stopping threads took: 0.0000140 seconds
14.945: Application time: 0.0000170 seconds
14.945: Total time for which application threads were stopped: 0.0000280 seconds, Stopping threads took: 0.0000150 seconds
14.945: Application time: 0.0000170 seconds
14.945: Total time for which application threads were stopped: 0.0000280 seconds, Stopping threads took: 0.0000150 seconds
14.945: Application time: 0.0000150 seconds
14.945: Total time for which application threads were stopped: 0.0000220 seconds, Stopping threads took: 0.0000130 seconds
14.945: Application time: 0.0000140 seconds
14.945: Total time for which application threads were stopped: 0.0000170 seconds, Stopping threads took: 0.0000060 seconds
14.945: Application time: 0.0000130 seconds
14.945: Total time for which application threads were stopped: 0.0000230 seconds, Stopping threads took: 0.0000140 seconds
14.946: Application time: 0.0000140 seconds
14.946: Total time for which application threads were stopped: 0.0000250 seconds, Stopping threads took: 0.0000150 seconds
14.946: Application time: 0.0000160 seconds
14.946: Total time for which application threads were stopped: 0.0000820 seconds, Stopping threads took: 0.0000710 seconds
14.946: Application time: 0.0000150 seconds
14.946: Total time for which application threads were stopped: 0.0000310 seconds, Stopping threads took: 0.0000120 seconds
14.946: Application time: 0.0000140 seconds
14.946: Total time for which application threads were stopped: 0.0000440 seconds, Stopping threads took: 0.0000140 seconds
14.946: Application time: 0.0000170 seconds
14.946: Total time for which application threads were stopped: 0.0000590 seconds, Stopping threads took: 0.0000410 seconds
14.946: Application time: 0.0000200 seconds
14.946: Total time for which application threads were stopped: 0.0000200 seconds, Stopping threads took: 0.0000120 seconds
14.946: Application time: 0.0000160 seconds
14.946: Total time for which application threads were stopped: 0.0000190 seconds, Stopping threads took: 0.0000130 seconds
14.946: Application time: 0.0000130 seconds
14.946: Total time for which application threads were stopped: 0.0000150 seconds, Stopping threads took: 0.0000100 seconds
14.946: Application time: 0.0000120 seconds
14.946: Total time for which application threads were stopped: 0.0000210 seconds, Stopping threads took: 0.0000100 seconds
14.946: Application time: 0.0000110 seconds
14.946: Total time for which application threads were stopped: 0.0000220 seconds, Stopping threads took: 0.0000090 seconds
15.107: Application time: 0.1614490 seconds
15.108: Total time for which application threads were stopped: 0.0000610 seconds, Stopping threads took: 0.0000090 seconds
15.483: Application time: 0.3755800 seconds
15.483: [GC [PSYoungGen: 68593K->5109K(68608K)] 74216K->26245K(151552K), 0.0083260 secs] [Times: user=0.04 sys=0.01, real=0.01 secs] 
15.492: Total time for which application threads were stopped: 0.0085340 seconds, Stopping threads took: 0.0000160 seconds
15.878: Application time: 0.3863850 seconds
15.878: [GC [PSYoungGen: 68597K->5113K(132096K)] 89733K->47808K(215040K), 0.0117050 secs] [Times: user=0.06 sys=0.02, real=0.02 secs] 
15.890: Total time for which application threads were stopped: 0.0118750 seconds, Stopping threads took: 0.0000170 seconds
16.160: Application time: 0.2705970 seconds
16.161: Total time for which application threads were stopped: 0.0001180 seconds, Stopping threads took: 0.0000240 seconds
16.353: Application time: 0.1928330 seconds
16.354: Total time for which application threads were stopped: 0.0001240 seconds, Stopping threads took: 0.0000170 seconds
16.892: Application time: 0.5388040 seconds
16.892: Total time for which application threads were stopped: 0.0001170 seconds, Stopping threads took: 0.0000210 seconds
17.344: Application time: 0.4515110 seconds
17.344: Total time for which application threads were stopped: 0.0001710 seconds, Stopping threads took: 0.0000170 seconds
17.431: Application time: 0.0871630 seconds
17.431: Total time for which application threads were stopped: 0.0000830 seconds, Stopping threads took: 0.0000380 seconds
17.439: Application time: 0.0076790 seconds
17.439: Total time for which application threads were stopped: 0.0000570 seconds, Stopping threads took: 0.0000390 seconds
17.527: Application time: 0.0880570 seconds
17.527: [GC [PSYoungGen: 132071K->5100K(132096K)] 174767K->72094K(215040K), 0.0187210 secs] [Times: user=0.14 sys=0.00, real=0.02 secs] 
17.546: [Full GC [PSYoungGen: 5100K->0K(132096K)] [ParOldGen: 66994K->46816K(119296K)] 72094K->46816K(251392K) [PSPermGen: 8567K->8558K(21504K)], 0.0610450 secs] [Times: user=0.34 sys=0.01, real=0.06 secs] 
17.607: Total time for which application threads were stopped: 0.0799890 seconds, Stopping threads took: 0.0000660 seconds
17.608: Application time: 0.0004350 seconds
17.608: Total time for which application threads were stopped: 0.0000750 seconds, Stopping threads took: 0.0000550 seconds
17.608: Application time: 0.0000200 seconds
17.608: Total time for which application threads were stopped: 0.0000350 seconds, Stopping threads took: 0.0000250 seconds
17.608: Application time: 0.0000160 seconds
17.608: Total time for which application threads were stopped: 0.0000280 seconds, Stopping threads took: 0.0000190 seconds
17.608: Application time: 0.0000170 seconds
17.608: Total time for which application threads were stopped: 0.0000300 seconds, Stopping threads took: 0.0000210 seconds
17.608: Application time: 0.0000360 seconds
17.608: Total time for which application threads were stopped: 0.0000370 seconds, Stopping threads took: 0.0000290 seconds
17.608: Application time: 0.0000150 seconds
17.608: Total time for which application threads were stopped: 0.0000190 seconds, Stopping threads took: 0.0000120 seconds
17.608: Application time: 0.0000110 seconds
17.608: Total time for which application threads were stopped: 0.0000220 seconds, Stopping threads took: 0.0000150 seconds
17.608: Application time: 0.0000120 seconds
17.608: Total time for which application threads were stopped: 0.0000330 seconds, Stopping threads took: 0.0000220 seconds
17.609: Application time: 0.0004870 seconds
17.609: Total time for which application threads were stopped: 0.0000440 seconds, Stopping threads took: 0.0000370 seconds
17.609: Application time: 0.0000120 seconds
17.609: Total time for which application threads were stopped: 0.0000170 seconds, Stopping threads took: 0.0000110 seconds
17.611: Application time: 0.0026230 seconds
17.611: Total time for which application threads were stopped: 0.0001660 seconds, Stopping threads took: 0.0001570 seconds
17.611: Application time: 0.0000190 seconds
17.611: Total time for which application threads were stopped: 0.0000340 seconds, Stopping threads took: 0.0000270 seconds
17.908: Application time: 0.2966200 seconds
17.908: [GC [PSYoungGen: 126976K->35811K(241152K)] 173792K->91538K(360448K), 0.0177380 secs] [Times: user=0.13 sys=0.01, real=0.02 secs] 
17.926: Total time for which application threads were stopped: 0.0179310 seconds, Stopping threads took: 0.0000770 seconds
18.218: Application time: 0.2919720 seconds
18.218: [GC [PSYoungGen: 241123K->47072K(278528K)] 296850K->167344K(400384K), 0.0576940 secs] [Times: user=0.42 sys=0.03, real=0.06 secs] 
18.276: [Full GC [PSYoungGen: 47072K->37975K(278528K)] [ParOldGen: 120271K->121799K(243712K)] 167344K->159775K(522240K) [PSPermGen: 8624K->8623K(21504K)], 0.2362080 secs] [Times: user=1.79 sys=0.00, real=0.24 secs] 
18.512: Total time for which application threads were stopped: 0.2941890 seconds, Stopping threads took: 0.0000480 seconds
19.261: Application time: 0.7492390 seconds
19.262: [GC [PSYoungGen: 269399K->58608K(360960K)] 391199K->180408K(604672K), 0.0483160 secs] [Times: user=0.34 sys=0.04, real=0.05 secs] 
19.310: Total time for which application threads were stopped: 0.0486600 seconds, Stopping threads took: 0.0001010 seconds
19.964: Application time: 0.6540150 seconds
19.964: [GC [PSYoungGen: 360688K->76598K(414208K)] 482488K->198398K(657920K), 0.0452400 secs] [Times: user=0.33 sys=0.03, real=0.05 secs] 
20.010: Total time for which application threads were stopped: 0.0455630 seconds, Stopping threads took: 0.0000890 seconds
20.290: Application time: 0.2800030 seconds
20.290: [GC [PSYoungGen: 402742K->99314K(420864K)] 524542K->272457K(664576K), 0.0917220 secs] [Times: user=0.70 sys=0.03, real=0.09 secs] 
20.382: Total time for which application threads were stopped: 0.0920140 seconds, Stopping threads took: 0.0000920 seconds
20.775: Application time: 0.3930700 seconds
20.775: [GC [PSYoungGen: 420850K->135648K(457216K)] 593993K->313906K(700928K), 0.1006930 secs] [Times: user=0.78 sys=0.02, real=0.10 secs] 
20.876: Total time for which application threads were stopped: 0.1009850 seconds, Stopping threads took: 0.0001250 seconds
21.401: Application time: 0.5254390 seconds
21.401: [GC [PSYoungGen: 457184K->95204K(497152K)] 635442K->305970K(740864K), 0.0806350 secs] [Times: user=0.62 sys=0.03, real=0.09 secs] 
21.482: [Full GC [PSYoungGen: 95204K->0K(497152K)] [ParOldGen: 210765K->108631K(260608K)] 305970K->108631K(757760K) [PSPermGen: 8952K->8950K(21504K)], 0.1471320 secs] [Times: user=1.08 sys=0.01, real=0.14 secs] 
21.629: Total time for which application threads were stopped: 0.2281090 seconds, Stopping threads took: 0.0000680 seconds
21.846: Application time: 0.2168210 seconds
21.846: [GC [PSYoungGen: 335360K->91957K(427520K)] 443991K->200589K(688128K), 0.0461450 secs] [Times: user=0.36 sys=0.00, real=0.05 secs] 
21.892: Total time for which application threads were stopped: 0.0463420 seconds, Stopping threads took: 0.0000870 seconds
22.258: Application time: 0.3654460 seconds
22.258: [GC [PSYoungGen: 427317K->104000K(491008K)] 535949K->212631K(751616K), 0.0497150 secs] [Times: user=0.39 sys=0.00, real=0.05 secs] 
22.308: Total time for which application threads were stopped: 0.0498960 seconds, Stopping threads took: 0.0000430 seconds
22.591: Application time: 0.2832120 seconds
22.591: [GC [PSYoungGen: 428096K->65040K(389632K)] 536727K->210068K(650240K), 0.0474280 secs] [Times: user=0.38 sys=0.00, real=0.04 secs] 
22.639: Total time for which application threads were stopped: 0.0476260 seconds, Stopping threads took: 0.0000910 seconds
22.849: Application time: 0.2102120 seconds
22.849: [GC [PSYoungGen: 389136K->80555K(495104K)] 534164K->279001K(755712K), 0.0651410 secs] [Times: user=0.52 sys=0.00, real=0.07 secs] 
22.914: [Full GC [PSYoungGen: 80555K->0K(495104K)] [ParOldGen: 198445K->151804K(339968K)] 279001K->151804K(835072K) [PSPermGen: 8998K->8998K(21504K)], 0.1788530 secs] [Times: user=1.37 sys=0.00, real=0.18 secs] 
23.093: Total time for which application threads were stopped: 0.2442740 seconds, Stopping threads took: 0.0000970 seconds
23.368: Application time: 0.2744170 seconds
23.370: [GC [PSYoungGen: 333312K->41680K(490496K)] 485116K->193485K(830464K), 0.0313160 secs] [Times: user=0.23 sys=0.00, real=0.02 secs] 
23.401: Total time for which application threads were stopped: 0.0334890 seconds, Stopping threads took: 0.0020650 seconds
23.643: Application time: 0.2414600 seconds
23.643: [GC [PSYoungGen: 374992K->55888K(502784K)] 526797K->241058K(842752K), 0.0633370 secs] [Times: user=0.50 sys=0.00, real=0.06 secs] 
23.706: Total time for which application threads were stopped: 0.0635430 seconds, Stopping threads took: 0.0001000 seconds
23.913: Application time: 0.2068340 seconds
23.913: [GC [PSYoungGen: 411163K->82896K(501248K)] 596333K->311523K(841216K), 0.0672710 secs] [Times: user=0.53 sys=0.01, real=0.06 secs] 
23.980: Total time for which application threads were stopped: 0.0674990 seconds, Stopping threads took: 0.0000970 seconds
24.229: Application time: 0.2486970 seconds
24.229: [GC [PSYoungGen: 438224K->31627K(519680K)] 666851K->313541K(859648K), 0.0420320 secs] [Times: user=0.32 sys=0.02, real=0.05 secs] 
24.271: [Full GC [PSYoungGen: 31627K->0K(519680K)] [ParOldGen: 281913K->119125K(336896K)] 313541K->119125K(856576K) [PSPermGen: 9013K->9013K(21504K)], 0.1384280 secs] [Times: user=1.04 sys=0.00, real=0.14 secs] 
24.410: Total time for which application threads were stopped: 0.1806910 seconds, Stopping threads took: 0.0000700 seconds
24.615: Application time: 0.2050720 seconds
24.615: [GC [PSYoungGen: 375296K->77418K(518144K)] 494421K->196543K(855040K), 0.0417680 secs] [Times: user=0.33 sys=0.00, real=0.04 secs] 
24.657: Total time for which application threads were stopped: 0.0420460 seconds, Stopping threads took: 0.0001140 seconds
24.866: Application time: 0.2086160 seconds
24.867: [GC [PSYoungGen: 452714K->59744K(514048K)] 571839K->235413K(850944K), 0.0569830 secs] [Times: user=0.46 sys=0.00, real=0.06 secs] 
24.924: Total time for which application threads were stopped: 0.0584590 seconds, Stopping threads took: 0.0013180 seconds
25.144: Application time: 0.2197930 seconds
25.144: [GC [PSYoungGen: 443744K->51693K(517120K)] 619413K->262103K(854016K), 0.0466680 secs] [Times: user=0.37 sys=0.00, real=0.05 secs] 
25.191: Total time for which application threads were stopped: 0.0469340 seconds, Stopping threads took: 0.0000940 seconds
25.392: Application time: 0.2009080 seconds
25.392: [GC [PSYoungGen: 435693K->73160K(530432K)] 646103K->322843K(867328K), 0.0558330 secs] [Times: user=0.44 sys=0.00, real=0.05 secs] 
25.448: Total time for which application threads were stopped: 0.0561240 seconds, Stopping threads took: 0.0001220 seconds
25.706: Application time: 0.2580930 seconds
25.706: [GC [PSYoungGen: 478664K->44864K(531456K)] 728347K->333381K(868352K), 0.0416740 secs] [Times: user=0.33 sys=0.00, real=0.04 secs] 
25.748: [Full GC [PSYoungGen: 44864K->0K(531456K)] [ParOldGen: 288517K->122470K(363520K)] 333381K->122470K(894976K) [PSPermGen: 9019K->9019K(21504K)], 0.1438410 secs] [Times: user=1.08 sys=0.00, real=0.15 secs] 
25.892: Total time for which application threads were stopped: 0.1858270 seconds, Stopping threads took: 0.0000810 seconds
26.086: Application time: 0.1940360 seconds
26.086: [GC [PSYoungGen: 405504K->95456K(531968K)] 527974K->217926K(895488K), 0.0465060 secs] [Times: user=0.36 sys=0.01, real=0.05 secs] 
26.132: Total time for which application threads were stopped: 0.0467320 seconds, Stopping threads took: 0.0000880 seconds
26.375: Application time: 0.2426960 seconds
26.378: [GC [PSYoungGen: 504544K->44432K(538112K)] 627014K->227430K(901632K), 0.0523060 secs] [Times: user=0.41 sys=0.01, real=0.06 secs] 
26.430: Total time for which application threads were stopped: 0.0548750 seconds, Stopping threads took: 0.0024460 seconds
26.638: Application time: 0.2081140 seconds
26.642: [GC [PSYoungGen: 453520K->70807K(528384K)] 636518K->285562K(891904K), 0.0505180 secs] [Times: user=0.39 sys=0.00, real=0.05 secs] 
26.692: Total time for which application threads were stopped: 0.0541180 seconds, Stopping threads took: 0.0034520 seconds
26.906: Application time: 0.2133160 seconds
26.906: [GC [PSYoungGen: 482455K->59890K(534528K)] 697210K->318097K(898048K), 0.0509400 secs] [Times: user=0.40 sys=0.00, real=0.05 secs] 
26.957: Total time for which application threads were stopped: 0.0511430 seconds, Stopping threads took: 0.0000910 seconds
27.146: Application time: 0.1888440 seconds
27.148: [GC [PSYoungGen: 471538K->70448K(537088K)] 729745K->368704K(900608K), 0.0534490 secs] [Times: user=0.42 sys=0.00, real=0.05 secs] 
27.201: [Full GC [PSYoungGen: 70448K->0K(537088K)] [ParOldGen: 298255K->136520K(395264K)] 368704K->136520K(932352K) [PSPermGen: 9030K->9029K(21504K)], 0.1571240 secs] [Times: user=1.17 sys=0.00, real=0.16 secs] 
27.359: Total time for which application threads were stopped: 0.2130460 seconds, Stopping threads took: 0.0023320 seconds
27.554: Application time: 0.1956750 seconds
27.554: [GC [PSYoungGen: 426496K->70156K(541184K)] 563016K->206677K(936448K), 0.0408960 secs] [Times: user=0.32 sys=0.00, real=0.04 secs] 
27.595: Total time for which application threads were stopped: 0.0411010 seconds, Stopping threads took: 0.0000940 seconds
27.777: Application time: 0.1813230 seconds
27.778: [GC [PSYoungGen: 496652K->76857K(549888K)] 633173K->264544K(945152K), 0.0645080 secs] [Times: user=0.52 sys=0.00, real=0.07 secs] 
27.842: Total time for which application threads were stopped: 0.0654740 seconds, Stopping threads took: 0.0008770 seconds
28.046: Application time: 0.2040270 seconds
28.050: [GC [PSYoungGen: 517177K->64827K(551936K)] 704864K->301802K(947200K), 0.0560350 secs] [Times: user=0.45 sys=0.01, real=0.05 secs] 
28.106: Total time for which application threads were stopped: 0.0594850 seconds, Stopping threads took: 0.0033560 seconds
28.295: Application time: 0.1892920 seconds
28.295: [GC [PSYoungGen: 505147K->70652K(552448K)] 742122K->346936K(947712K), 0.0542100 secs] [Times: user=0.43 sys=0.00, real=0.05 secs] 
28.349: Total time for which application threads were stopped: 0.0544160 seconds, Stopping threads took: 0.0000880 seconds
28.551: Application time: 0.2016610 seconds
28.551: [GC [PSYoungGen: 518652K->69746K(552960K)] 794936K->389893K(948224K), 0.0555150 secs] [Times: user=0.44 sys=0.01, real=0.05 secs] 
28.607: [Full GC [PSYoungGen: 69746K->0K(552960K)] [ParOldGen: 320146K->134567K(412160K)] 389893K->134567K(965120K) [PSPermGen: 9048K->9047K(21504K)], 0.1591270 secs] [Times: user=1.20 sys=0.00, real=0.16 secs] 
28.766: Total time for which application threads were stopped: 0.2148810 seconds, Stopping threads took: 0.0000930 seconds
28.954: Application time: 0.1883910 seconds
28.955: [GC [PSYoungGen: 448000K->84018K(557056K)] 582567K->218586K(969216K), 0.0459960 secs] [Times: user=0.37 sys=0.00, real=0.04 secs] 
29.001: Total time for which application threads were stopped: 0.0461760 seconds, Stopping threads took: 0.0000780 seconds
29.198: Application time: 0.1972180 seconds
29.198: [GC [PSYoungGen: 538674K->68272K(560128K)] 673242K->259190K(972288K), 0.0627060 secs] [Times: user=0.50 sys=0.00, real=0.06 secs] 
29.261: Total time for which application threads were stopped: 0.0628790 seconds, Stopping threads took: 0.0000860 seconds
29.458: Application time: 0.1969160 seconds
29.458: [GC [PSYoungGen: 522928K->74577K(560128K)] 713846K->306636K(972288K), 0.0576760 secs] [Times: user=0.46 sys=0.00, real=0.06 secs] 
29.515: Total time for which application threads were stopped: 0.0579000 seconds, Stopping threads took: 0.0001250 seconds
29.714: Application time: 0.1983440 seconds
29.714: [GC [PSYoungGen: 534353K->72608K(560640K)] 766412K->350279K(972800K), 0.0581220 secs] [Times: user=0.45 sys=0.00, real=0.06 secs] 
29.772: Total time for which application threads were stopped: 0.0582980 seconds, Stopping threads took: 0.0000820 seconds
29.967: Application time: 0.1953260 seconds
29.968: [GC [PSYoungGen: 532384K->72092K(563712K)] 810055K->393284K(975872K), 0.0570930 secs] [Times: user=0.44 sys=0.00, real=0.06 secs] 
30.025: Total time for which application threads were stopped: 0.0572830 seconds, Stopping threads took: 0.0000940 seconds
30.228: Application time: 0.2036770 seconds
30.229: [GC [PSYoungGen: 539548K->77984K(564224K)] 860740K->442830K(976384K), 0.0594940 secs] [Times: user=0.47 sys=0.01, real=0.06 secs] 
30.288: [Full GC [PSYoungGen: 77984K->0K(564224K)] [ParOldGen: 364846K->143974K(436224K)] 442830K->143974K(1000448K) [PSPermGen: 9053K->9053K(21504K)], 0.1733160 secs] [Times: user=1.31 sys=0.00, real=0.17 secs] 
30.461: Total time for which application threads were stopped: 0.2330580 seconds, Stopping threads took: 0.0001010 seconds
30.661: Application time: 0.1990600 seconds
30.661: [GC [PSYoungGen: 467456K->83713K(565760K)] 611430K->227688K(1001984K), 0.0455730 secs] [Times: user=0.35 sys=0.01, real=0.05 secs] 
30.706: Total time for which application threads were stopped: 0.0457620 seconds, Stopping threads took: 0.0000890 seconds
30.906: Application time: 0.1994660 seconds
30.906: [GC [PSYoungGen: 552193K->76112K(567808K)] 696168K->273864K(1004032K), 0.0661480 secs] [Times: user=0.52 sys=0.00, real=0.07 secs] 
30.972: Total time for which application threads were stopped: 0.0663290 seconds, Stopping threads took: 0.0000950 seconds
31.170: Application time: 0.1974720 seconds
31.170: [GC [PSYoungGen: 544592K->75581K(563712K)] 742344K->322371K(999936K), 0.0600560 secs] [Times: user=0.48 sys=0.00, real=0.06 secs] 
31.230: Total time for which application threads were stopped: 0.0602330 seconds, Stopping threads took: 0.0000810 seconds
31.432: Application time: 0.2021250 seconds
31.432: [GC [PSYoungGen: 545085K->76320K(566272K)] 791875K->368480K(1002496K), 0.0604110 secs] [Times: user=0.48 sys=0.00, real=0.06 secs] 
31.493: Total time for which application threads were stopped: 0.0606060 seconds, Stopping threads took: 0.0001080 seconds
31.696: Application time: 0.2031390 seconds
31.696: [GC [PSYoungGen: 545824K->75172K(567296K)] 837984K->416010K(1003520K), 0.0613500 secs] [Times: user=0.48 sys=0.00, real=0.06 secs] 
31.757: Total time for which application threads were stopped: 0.0615370 seconds, Stopping threads took: 0.0000880 seconds
31.961: Application time: 0.2035580 seconds
31.961: [GC [PSYoungGen: 549796K->76592K(569344K)] 890634K->462623K(1005568K), 0.0609440 secs] [Times: user=0.48 sys=0.01, real=0.07 secs] 
32.022: [Full GC [PSYoungGen: 76592K->0K(569344K)] [ParOldGen: 386031K->145013K(454656K)] 462623K->145013K(1024000K) [PSPermGen: 9064K->9064K(21504K)], 0.1785610 secs] [Times: user=1.35 sys=0.00, real=0.17 secs] 
32.201: Total time for which application threads were stopped: 0.2397860 seconds, Stopping threads took: 0.0001360 seconds
32.398: Application time: 0.1972690 seconds
32.398: [GC [PSYoungGen: 474624K->86669K(567296K)] 619637K->231683K(1021952K), 0.0479910 secs] [Times: user=0.38 sys=0.00, real=0.05 secs] 
32.446: Total time for which application threads were stopped: 0.0481900 seconds, Stopping threads took: 0.0000980 seconds
32.655: Application time: 0.2087670 seconds
32.655: [GC [PSYoungGen: 560269K->71024K(570368K)] 705283K->270024K(1025024K), 0.0656000 secs] [Times: user=0.52 sys=0.00, real=0.06 secs] 
32.721: Total time for which application threads were stopped: 0.0657660 seconds, Stopping threads took: 0.0000800 seconds
32.914: Application time: 0.1934970 seconds
32.918: [GC [PSYoungGen: 544624K->79211K(567808K)] 743624K->325179K(1022464K), 0.0613190 secs] [Times: user=0.49 sys=0.00, real=0.06 secs] 
32.979: Total time for which application threads were stopped: 0.0649250 seconds, Stopping threads took: 0.0035070 seconds
33.189: Application time: 0.2096560 seconds
33.190: [GC [PSYoungGen: 554347K->69920K(569856K)] 800315K->361125K(1024512K), 0.0570930 secs] [Times: user=0.45 sys=0.00, real=0.05 secs] 
33.247: Total time for which application threads were stopped: 0.0581440 seconds, Stopping threads took: 0.0009550 seconds
33.439: Application time: 0.1921460 seconds
33.439: [GC [PSYoungGen: 545056K->81298K(572416K)] 836261K->419430K(1027072K), 0.0634300 secs] [Times: user=0.51 sys=0.00, real=0.07 secs] 
33.503: Total time for which application threads were stopped: 0.0636570 seconds, Stopping threads took: 0.0001260 seconds
33.715: Application time: 0.2124510 seconds
33.715: [GC [PSYoungGen: 560018K->65744K(572928K)] 898150K->447869K(1027584K), 0.0558620 secs] [Times: user=0.45 sys=0.00, real=0.06 secs] 
33.771: Total time for which application threads were stopped: 0.0560350 seconds, Stopping threads took: 0.0000880 seconds
33.967: Application time: 0.1958380 seconds
33.967: [GC [PSYoungGen: 544464K->81584K(571904K)] 926589K->507431K(1026560K), 0.0590860 secs] [Times: user=0.45 sys=0.02, real=0.06 secs] 
34.026: [Full GC [PSYoungGen: 81584K->0K(571904K)] [ParOldGen: 425847K->142613K(463360K)] 507431K->142613K(1035264K) [PSPermGen: 9069K->9069K(21504K)], 0.1677400 secs] [Times: user=1.26 sys=0.00, real=0.17 secs] 
34.194: Total time for which application threads were stopped: 0.2270520 seconds, Stopping threads took: 0.0000700 seconds
34.407: Application time: 0.2132010 seconds
34.407: [GC [PSYoungGen: 477696K->75072K(552960K)] 620309K->217686K(1016320K), 0.0451670 secs] [Times: user=0.36 sys=0.00, real=0.05 secs] 
34.453: Total time for which application threads were stopped: 0.0453500 seconds, Stopping threads took: 0.0000970 seconds
34.644: Application time: 0.1919300 seconds
34.645: [GC [PSYoungGen: 552768K->83024K(569344K)] 695382K->279082K(1032704K), 0.0701300 secs] [Times: user=0.55 sys=0.00, real=0.07 secs] 
34.715: Total time for which application threads were stopped: 0.0703300 seconds, Stopping threads took: 0.0000980 seconds
34.932: Application time: 0.2168290 seconds
34.932: [GC [PSYoungGen: 559696K->58912K(570880K)] 755754K->294917K(1034240K), 0.0483520 secs] [Times: user=0.38 sys=0.00, real=0.04 secs] 
34.980: Total time for which application threads were stopped: 0.0485440 seconds, Stopping threads took: 0.0001050 seconds
35.174: Application time: 0.1938230 seconds
35.174: [GC [PSYoungGen: 535584K->81744K(570880K)] 771589K->353467K(1034240K), 0.0564750 secs] [Times: user=0.45 sys=0.00, real=0.06 secs] 
35.231: Total time for which application threads were stopped: 0.0566470 seconds, Stopping threads took: 0.0000750 seconds
35.448: Application time: 0.2168340 seconds
35.448: [GC [PSYoungGen: 557392K->54032K(529920K)] 829115K->355398K(993280K), 0.0417150 secs] [Times: user=0.33 sys=0.00, real=0.04 secs] 
35.489: Total time for which application threads were stopped: 0.0418700 seconds, Stopping threads took: 0.0000640 seconds
35.681: Application time: 0.1916510 seconds
35.681: [GC [PSYoungGen: 529680K->80608K(568832K)] 831046K->412861K(1032192K), 0.0543000 secs] [Times: user=0.43 sys=0.00, real=0.06 secs] 
35.736: Total time for which application threads were stopped: 0.0544740 seconds, Stopping threads took: 0.0000790 seconds
35.942: Application time: 0.2064710 seconds
35.942: [GC [PSYoungGen: 552160K->56938K(528896K)] 884413K->426812K(992256K), 0.0460420 secs] [Times: user=0.36 sys=0.00, real=0.04 secs] 
35.988: Total time for which application threads were stopped: 0.0462050 seconds, Stopping threads took: 0.0000750 seconds
36.180: Application time: 0.1914410 seconds
36.180: [GC [PSYoungGen: 528490K->79616K(568832K)] 898364K->480023K(1032192K), 0.0528850 secs] [Times: user=0.42 sys=0.00, real=0.06 secs] 
36.233: Total time for which application threads were stopped: 0.0530550 seconds, Stopping threads took: 0.0000860 seconds
36.436: Application time: 0.2033270 seconds
36.436: [GC [PSYoungGen: 549743K->57812K(568832K)] 950150K->497295K(1032192K), 0.0455790 secs] [Times: user=0.35 sys=0.01, real=0.05 secs] 
36.482: [Full GC [PSYoungGen: 57812K->0K(568832K)] [ParOldGen: 439482K->118990K(445440K)] 497295K->118990K(1014272K) [PSPermGen: 9080K->9080K(21504K)], 0.1366440 secs] [Times: user=1.02 sys=0.00, real=0.13 secs] 
36.618: Total time for which application threads were stopped: 0.1824620 seconds, Stopping threads took: 0.0000790 seconds
36.816: Application time: 0.1974520 seconds
36.816: [GC [PSYoungGen: 470528K->91120K(559616K)] 589518K->210110K(1005056K), 0.0485690 secs] [Times: user=0.39 sys=0.00, real=0.05 secs] 
36.865: Total time for which application threads were stopped: 0.0487570 seconds, Stopping threads took: 0.0000990 seconds
37.067: Application time: 0.2023750 seconds
37.070: [GC [PSYoungGen: 552432K->55416K(517120K)] 671422K->228691K(962560K), 0.0541010 secs] [Times: user=0.42 sys=0.00, real=0.05 secs] 
37.124: Total time for which application threads were stopped: 0.0567110 seconds, Stopping threads took: 0.0025120 seconds
37.317: Application time: 0.1927980 seconds
37.318: [GC [PSYoungGen: 516728K->80112K(563712K)] 690003K->282129K(1009152K), 0.0528140 secs] [Times: user=0.42 sys=0.00, real=0.06 secs] 
37.371: Total time for which application threads were stopped: 0.0539110 seconds, Stopping threads took: 0.0010100 seconds
37.572: Application time: 0.2017890 seconds
37.572: [GC [PSYoungGen: 540400K->54715K(563712K)] 742417K->296590K(1009152K), 0.0450900 secs] [Times: user=0.35 sys=0.00, real=0.04 secs] 
37.618: Total time for which application threads were stopped: 0.0452980 seconds, Stopping threads took: 0.0001060 seconds
37.803: Application time: 0.1852290 seconds
37.803: [GC [PSYoungGen: 515003K->81568K(562688K)] 756878K->351716K(1008128K), 0.0536820 secs] [Times: user=0.42 sys=0.00, real=0.05 secs] 
37.857: Total time for which application threads were stopped: 0.0538430 seconds, Stopping threads took: 0.0000700 seconds
38.064: Application time: 0.2072600 seconds
38.064: [GC [PSYoungGen: 540832K->53776K(563200K)] 810980K->363591K(1008640K), 0.0460500 secs] [Times: user=0.34 sys=0.00, real=0.05 secs] 
38.110: Total time for which application threads were stopped: 0.0462090 seconds, Stopping threads took: 0.0000720 seconds
38.300: Application time: 0.1896470 seconds
38.300: [GC [PSYoungGen: 513040K->79956K(562176K)] 822855K->420724K(1007616K), 0.0551030 secs] [Times: user=0.44 sys=0.00, real=0.06 secs] 
38.355: Total time for which application threads were stopped: 0.0553080 seconds, Stopping threads took: 0.0001040 seconds
38.560: Application time: 0.2052470 seconds
38.560: [GC [PSYoungGen: 538196K->57264K(515584K)] 878964K->439325K(961024K), 0.0489660 secs] [Times: user=0.39 sys=0.00, real=0.05 secs] 
38.610: Total time for which application threads were stopped: 0.0491550 seconds, Stopping threads took: 0.0000960 seconds
38.792: Application time: 0.1820780 seconds
38.792: [GC [PSYoungGen: 515504K->81984K(561152K)] 897565K->498881K(1006592K), 0.0559400 secs] [Times: user=0.45 sys=0.00, real=0.05 secs] 
38.848: [Full GC [PSYoungGen: 81984K->0K(561152K)] [ParOldGen: 416896K->142335K(481792K)] 498881K->142335K(1042944K) [PSPermGen: 9088K->9088K(21504K)], 0.1749530 secs] [Times: user=1.25 sys=0.00, real=0.18 secs] 
39.023: Total time for which application threads were stopped: 0.2311170 seconds, Stopping threads took: 0.0000830 seconds
39.229: Application time: 0.2064090 seconds
39.229: [GC [PSYoungGen: 457728K->70656K(528896K)] 600063K->212991K(1010688K), 0.0433210 secs] [Times: user=0.34 sys=0.00, real=0.05 secs] 
39.273: Total time for which application threads were stopped: 0.0435050 seconds, Stopping threads took: 0.0000860 seconds
39.459: Application time: 0.1863050 seconds
39.459: [GC [PSYoungGen: 528384K->77024K(561664K)] 670719K->267468K(1043456K), 0.0633620 secs] [Times: user=0.50 sys=0.00, real=0.07 secs] 
39.522: Total time for which application threads were stopped: 0.0635200 seconds, Stopping threads took: 0.0000730 seconds
39.723: Application time: 0.2006880 seconds
39.723: [GC [PSYoungGen: 537312K->64240K(560640K)] 727756K->295629K(1042432K), 0.0511670 secs] [Times: user=0.40 sys=0.00, real=0.05 secs] 
39.774: Total time for which application threads were stopped: 0.0513390 seconds, Stopping threads took: 0.0000910 seconds
39.963: Application time: 0.1880750 seconds
39.963: [GC [PSYoungGen: 524528K->73211K(564736K)] 755917K->343086K(1046528K), 0.0541100 secs] [Times: user=0.42 sys=0.00, real=0.05 secs] 
40.017: Total time for which application threads were stopped: 0.0542980 seconds, Stopping threads took: 0.0000890 seconds
40.222: Application time: 0.2055310 seconds
40.223: [GC [PSYoungGen: 540667K->66848K(564224K)] 810542K->375625K(1046016K), 0.0523320 secs] [Times: user=0.40 sys=0.00, real=0.05 secs] 
40.275: Total time for which application threads were stopped: 0.0525350 seconds, Stopping threads took: 0.0001110 seconds
40.471: Application time: 0.1964640 seconds
40.472: [GC [PSYoungGen: 534304K->73959K(568832K)] 843081K->422445K(1050624K), 0.0559620 secs] [Times: user=0.44 sys=0.00, real=0.05 secs] 
40.528: Total time for which application threads were stopped: 0.0561490 seconds, Stopping threads took: 0.0000850 seconds
40.737: Application time: 0.2098610 seconds
40.738: [GC [PSYoungGen: 548583K->67216K(568320K)] 897069K->453997K(1050112K), 0.0516560 secs] [Times: user=0.41 sys=0.01, real=0.05 secs] 
40.789: Total time for which application threads were stopped: 0.0519130 seconds, Stopping threads took: 0.0001730 seconds
40.985: Application time: 0.1956540 seconds
40.985: [GC [PSYoungGen: 541840K->75767K(571392K)] 928621K->500945K(1053184K), 0.0559700 secs] [Times: user=0.44 sys=0.00, real=0.05 secs] 
41.041: Total time for which application threads were stopped: 0.0561720 seconds, Stopping threads took: 0.0001000 seconds
41.256: Application time: 0.2149380 seconds
41.256: [GC [PSYoungGen: 554999K->61987K(571392K)] 980177K->521460K(1053184K), 0.0480910 secs] [Times: user=0.38 sys=0.00, real=0.05 secs] 
41.304: [Full GC [PSYoungGen: 61987K->0K(571392K)] [ParOldGen: 459473K->126979K(481792K)] 521460K->126979K(1053184K) [PSPermGen: 9093K->9093K(21504K)], 0.1500260 secs] [Times: user=1.12 sys=0.00, real=0.15 secs] 
41.455: Total time for which application threads were stopped: 0.1984030 seconds, Stopping threads took: 0.0000890 seconds
41.653: Application time: 0.1985240 seconds
41.653: [GC [PSYoungGen: 479232K->86858K(567296K)] 606211K->213837K(1049088K), 0.0465280 secs] [Times: user=0.37 sys=0.00, real=0.04 secs] 
41.700: Total time for which application threads were stopped: 0.0467210 seconds, Stopping threads took: 0.0000910 seconds
41.913: Application time: 0.2129470 seconds
41.914: [GC [PSYoungGen: 562506K->61538K(571392K)] 689485K->239138K(1053184K), 0.0583480 secs] [Times: user=0.46 sys=0.00, real=0.06 secs] 
41.972: Total time for which application threads were stopped: 0.0593400 seconds, Stopping threads took: 0.0008990 seconds
42.166: Application time: 0.1941180 seconds
42.166: [GC [PSYoungGen: 537186K->79904K(570880K)] 714786K->291379K(1052672K), 0.0554470 secs] [Times: user=0.42 sys=0.01, real=0.06 secs] 
42.222: Total time for which application threads were stopped: 0.0556480 seconds, Stopping threads took: 0.0001000 seconds
42.432: Application time: 0.2100320 seconds
42.434: [GC [PSYoungGen: 555552K->63014K(571392K)] 767027K->314933K(1053184K), 0.0506240 secs] [Times: user=0.40 sys=0.00, real=0.05 secs] 
42.484: Total time for which application threads were stopped: 0.0524860 seconds, Stopping threads took: 0.0017770 seconds
42.681: Application time: 0.1963850 seconds
42.681: [GC [PSYoungGen: 538662K->78960K(570880K)] 790581K->364835K(1052672K), 0.0544730 secs] [Times: user=0.43 sys=0.00, real=0.06 secs] 
42.735: Total time for which application threads were stopped: 0.0546580 seconds, Stopping threads took: 0.0000840 seconds
42.942: Application time: 0.2070330 seconds
42.943: [GC [PSYoungGen: 554608K->63195K(539136K)] 840483K->389639K(1020928K), 0.0495860 secs] [Times: user=0.39 sys=0.00, real=0.05 secs] 
42.992: Total time for which application threads were stopped: 0.0497570 seconds, Stopping threads took: 0.0000850 seconds
43.189: Application time: 0.1966900 seconds
43.190: [GC [PSYoungGen: 538843K->77974K(570368K)] 865287K->432401K(1052160K), 0.0520830 secs] [Times: user=0.39 sys=0.00, real=0.05 secs] 
43.242: Total time for which application threads were stopped: 0.0529480 seconds, Stopping threads took: 0.0007600 seconds
43.449: Application time: 0.2071220 seconds
43.449: [GC [PSYoungGen: 553622K->62970K(570880K)] 908049K->456404K(1052672K), 0.0498030 secs] [Times: user=0.40 sys=0.00, real=0.05 secs] 
43.499: Total time for which application threads were stopped: 0.0499940 seconds, Stopping threads took: 0.0001030 seconds
43.698: Application time: 0.1986930 seconds
43.698: [GC [PSYoungGen: 538618K->78999K(570880K)] 932052K->502179K(1052672K), 0.0526210 secs] [Times: user=0.42 sys=0.00, real=0.06 secs] 
43.750: Total time for which application threads were stopped: 0.0528040 seconds, Stopping threads took: 0.0000780 seconds
43.960: Application time: 0.2096890 seconds
43.960: [GC [PSYoungGen: 555671K->67130K(571392K)] 978851K->534920K(1053184K), 0.0549260 secs] [Times: user=0.43 sys=0.00, real=0.06 secs] 
44.015: [Full GC [PSYoungGen: 67130K->0K(571392K)] [ParOldGen: 467789K->132194K(504320K)] 534920K->132194K(1075712K) [PSPermGen: 9098K->9098K(21504K)], 0.1569850 secs] [Times: user=1.17 sys=0.00, real=0.16 secs] 
44.172: Total time for which application threads were stopped: 0.2121620 seconds, Stopping threads took: 0.0001070 seconds
44.369: Application time: 0.1966830 seconds
44.369: [GC [PSYoungGen: 476672K->91762K(562688K)] 608866K->223957K(1067008K), 0.0499300 secs] [Times: user=0.40 sys=0.00, real=0.05 secs] 
44.419: Total time for which application threads were stopped: 0.0501320 seconds, Stopping threads took: 0.0001070 seconds
44.623: Application time: 0.2036400 seconds
44.626: [GC [PSYoungGen: 561266K->66359K(568320K)] 693461K->256646K(1072640K), 0.0632030 secs] [Times: user=0.50 sys=0.00, real=0.06 secs] 
44.689: Total time for which application threads were stopped: 0.0661440 seconds, Stopping threads took: 0.0028520 seconds
44.884: Application time: 0.1952330 seconds
44.884: [GC [PSYoungGen: 535863K->78381K(566784K)] 726150K->304158K(1071104K), 0.0567380 secs] [Times: user=0.45 sys=0.00, real=0.05 secs] 
44.941: Total time for which application threads were stopped: 0.0569860 seconds, Stopping threads took: 0.0000920 seconds
45.145: Application time: 0.2042130 seconds
45.145: [GC [PSYoungGen: 549421K->65619K(568320K)] 775198K->336552K(1072640K), 0.0541300 secs] [Times: user=0.43 sys=0.00, real=0.05 secs] 
45.200: Total time for which application threads were stopped: 0.0542980 seconds, Stopping threads took: 0.0000790 seconds
45.394: Application time: 0.1944880 seconds
45.398: [GC [PSYoungGen: 536659K->80185K(568832K)] 807592K->388431K(1073152K), 0.0576760 secs] [Times: user=0.46 sys=0.00, real=0.06 secs] 
45.455: Total time for which application threads were stopped: 0.0613270 seconds, Stopping threads took: 0.0035330 seconds
45.665: Application time: 0.2093870 seconds
45.665: [GC [PSYoungGen: 553273K->63920K(569856K)] 861519K->418659K(1074176K), 0.0545070 secs] [Times: user=0.43 sys=0.00, real=0.05 secs] 
45.720: Total time for which application threads were stopped: 0.0546760 seconds, Stopping threads took: 0.0000820 seconds
45.914: Application time: 0.1948740 seconds
45.915: [GC [PSYoungGen: 537008K->78960K(570368K)] 891747K->470221K(1074688K), 0.0566490 secs] [Times: user=0.45 sys=0.00, real=0.06 secs] 
45.971: Total time for which application threads were stopped: 0.0568350 seconds, Stopping threads took: 0.0000860 seconds
46.177: Application time: 0.2061320 seconds
46.178: [GC [PSYoungGen: 553584K->64650K(570368K)] 944845K->500245K(1074688K), 0.0536850 secs] [Times: user=0.42 sys=0.00, real=0.06 secs] 
46.231: Total time for which application threads were stopped: 0.0538610 seconds, Stopping threads took: 0.0000870 seconds
46.425: Application time: 0.1935390 seconds
46.425: [GC [PSYoungGen: 539274K->80688K(569856K)] 974869K->552308K(1074176K), 0.0586370 secs] [Times: user=0.45 sys=0.00, real=0.06 secs] 
46.484: [Full GC [PSYoungGen: 80688K->0K(569856K)] [ParOldGen: 471620K->138229K(529408K)] 552308K->138229K(1099264K) [PSPermGen: 9101K->9101K(21504K)], 0.1649040 secs] [Times: user=1.21 sys=0.00, real=0.16 secs] 
46.649: Total time for which application threads were stopped: 0.2238170 seconds, Stopping threads took: 0.0001070 seconds
46.856: Application time: 0.2078510 seconds
46.857: [GC [PSYoungGen: 474624K->74874K(549888K)] 612853K->213103K(1079296K), 0.0433680 secs] [Times: user=0.34 sys=0.00, real=0.04 secs] 
46.900: Total time for which application threads were stopped: 0.0435670 seconds, Stopping threads took: 0.0001120 seconds
47.105: Application time: 0.2049520 seconds
47.105: [GC [PSYoungGen: 549498K->74363K(571392K)] 687727K->248281K(1100800K), 0.0562660 secs] [Times: user=0.44 sys=0.00, real=0.05 secs] 
47.161: Total time for which application threads were stopped: 0.0564810 seconds, Stopping threads took: 0.0001140 seconds
47.369: Application time: 0.2072090 seconds
47.369: [GC [PSYoungGen: 551547K->68336K(569856K)] 725465K->276765K(1099264K), 0.0497730 secs] [Times: user=0.40 sys=0.00, real=0.05 secs] 
47.419: Total time for which application threads were stopped: 0.0499550 seconds, Stopping threads took: 0.0000920 seconds
47.620: Application time: 0.2014710 seconds
47.620: [GC [PSYoungGen: 545520K->73466K(572928K)] 753949K->318689K(1102336K), 0.0532560 secs] [Times: user=0.42 sys=0.00, real=0.06 secs] 
47.674: Total time for which application threads were stopped: 0.0534480 seconds, Stopping threads took: 0.0000910 seconds
47.880: Application time: 0.2066090 seconds
47.880: [GC [PSYoungGen: 555258K->72825K(571904K)] 800481K->353408K(1101312K), 0.0521150 secs] [Times: user=0.41 sys=0.00, real=0.06 secs] 
47.932: Total time for which application threads were stopped: 0.0522950 seconds, Stopping threads took: 0.0000930 seconds
48.138: Application time: 0.2054350 seconds
48.138: [GC [PSYoungGen: 554617K->72473K(575488K)] 835200K->392849K(1104896K), 0.0541720 secs] [Times: user=0.43 sys=0.00, real=0.06 secs] 
48.192: Total time for which application threads were stopped: 0.0543610 seconds, Stopping threads took: 0.0000930 seconds
48.400: Application time: 0.2075370 seconds
48.400: [GC [PSYoungGen: 559897K->76699K(574464K)] 880273K->437417K(1103872K), 0.0577280 secs] [Times: user=0.46 sys=0.00, real=0.06 secs] 
48.458: Total time for which application threads were stopped: 0.0579140 seconds, Stopping threads took: 0.0000960 seconds
48.668: Application time: 0.2102750 seconds
48.670: [GC [PSYoungGen: 564123K->68090K(579584K)] 924841K->463784K(1108992K), 0.0503350 secs] [Times: user=0.40 sys=0.00, real=0.04 secs] 
48.720: Total time for which application threads were stopped: 0.0520380 seconds, Stopping threads took: 0.0016060 seconds
48.924: Application time: 0.2037880 seconds
48.924: [GC [PSYoungGen: 560634K->82386K(574976K)] 956328K->520494K(1104384K), 0.0600380 secs] [Times: user=0.47 sys=0.00, real=0.06 secs] 
48.984: Total time for which application threads were stopped: 0.0603320 seconds, Stopping threads took: 0.0002010 seconds
49.199: Application time: 0.2146070 seconds
49.199: [GC [PSYoungGen: 574930K->69234K(579072K)] 1013038K->549942K(1108480K), 0.0543010 secs] [Times: user=0.42 sys=0.01, real=0.06 secs] 
49.253: [Full GC [PSYoungGen: 69234K->0K(579072K)] [ParOldGen: 480708K->130834K(534016K)] 549942K->130834K(1113088K) [PSPermGen: 9104K->9104K(21504K)], 0.1517120 secs] [Times: user=1.13 sys=0.00, real=0.15 secs] 
49.405: Total time for which application threads were stopped: 0.2062840 seconds, Stopping threads took: 0.0001110 seconds
49.606: Application time: 0.2014040 seconds
49.607: [GC [PSYoungGen: 490496K->88032K(578560K)] 621330K->229436K(1112576K), 0.0543980 secs] [Times: user=0.44 sys=0.00, real=0.05 secs] 
49.661: Total time for which application threads were stopped: 0.0545790 seconds, Stopping threads took: 0.0000920 seconds
49.872: Application time: 0.2105120 seconds
49.872: [GC [PSYoungGen: 578528K->71776K(566272K)] 719932K->273415K(1100288K), 0.0675900 secs] [Times: user=0.54 sys=0.00, real=0.06 secs] 
49.939: Total time for which application threads were stopped: 0.0677720 seconds, Stopping threads took: 0.0000840 seconds
50.144: Application time: 0.2043030 seconds
50.144: [GC [PSYoungGen: 549472K->85136K(563200K)] 751111K->331839K(1097216K), 0.0643680 secs] [Times: user=0.51 sys=0.00, real=0.06 secs] 
50.208: Total time for which application threads were stopped: 0.0645290 seconds, Stopping threads took: 0.0000740 seconds
50.412: Application time: 0.2038770 seconds
50.412: [GC [PSYoungGen: 562832K->67776K(571392K)] 809535K->364430K(1105408K), 0.0576410 secs] [Times: user=0.46 sys=0.00, real=0.06 secs] 
50.470: Total time for which application threads were stopped: 0.0578360 seconds, Stopping threads took: 0.0000970 seconds
50.670: Application time: 0.1999480 seconds
50.674: [GC [PSYoungGen: 542912K->80384K(570880K)] 839566K->415735K(1104896K), 0.0599780 secs] [Times: user=0.47 sys=0.00, real=0.06 secs] 
50.734: Total time for which application threads were stopped: 0.0638540 seconds, Stopping threads took: 0.0037870 seconds
50.937: Application time: 0.2032680 seconds
50.937: [GC [PSYoungGen: 555520K->66288K(570880K)] 890871K->449569K(1104896K), 0.0562760 secs] [Times: user=0.44 sys=0.01, real=0.06 secs] 
50.993: Total time for which application threads were stopped: 0.0564660 seconds, Stopping threads took: 0.0000920 seconds
51.193: Application time: 0.1992990 seconds
51.193: [GC [PSYoungGen: 541936K->77088K(570880K)] 925217K->496226K(1104896K), 0.0559430 secs] [Times: user=0.44 sys=0.00, real=0.05 secs] 
51.249: Total time for which application threads were stopped: 0.0561140 seconds, Stopping threads took: 0.0000860 seconds
51.451: Application time: 0.2020680 seconds
51.451: [GC [PSYoungGen: 552736K->67424K(571392K)] 971874K->532418K(1105408K), 0.0550290 secs] [Times: user=0.43 sys=0.00, real=0.05 secs] 
51.506: Total time for which application threads were stopped: 0.0552130 seconds, Stopping threads took: 0.0000830 seconds
51.709: Application time: 0.2030810 seconds
51.709: [GC [PSYoungGen: 544608K->74352K(570880K)] 1009602K->575361K(1104896K), 0.0530800 secs] [Times: user=0.41 sys=0.01, real=0.06 secs] 
51.762: [Full GC [PSYoungGen: 74352K->0K(570880K)] [ParOldGen: 501009K->138582K(568832K)] 575361K->138582K(1139712K) [PSPermGen: 9105K->9105K(21504K)], 0.1671400 secs] [Times: user=1.25 sys=0.00, real=0.17 secs] 
51.930: Total time for which application threads were stopped: 0.2204490 seconds, Stopping threads took: 0.0000820 seconds
52.133: Application time: 0.2032490 seconds
52.133: [GC [PSYoungGen: 477184K->77072K(571392K)] 615766K->215654K(1140224K), 0.0431810 secs] [Times: user=0.34 sys=0.00, real=0.04 secs] 
52.176: Total time for which application threads were stopped: 0.0433690 seconds, Stopping threads took: 0.0000920 seconds
52.378: Application time: 0.2019570 seconds
52.378: [GC [PSYoungGen: 556816K->70736K(570880K)] 695398K->252849K(1139712K), 0.0578450 secs] [Times: user=0.46 sys=0.00, real=0.06 secs] 
52.436: Total time for which application threads were stopped: 0.0580300 seconds, Stopping threads took: 0.0000960 seconds
52.639: Application time: 0.2023430 seconds
52.642: [GC [PSYoungGen: 550480K->69440K(574976K)] 732593K->287747K(1143808K), 0.0512840 secs] [Times: user=0.39 sys=0.00, real=0.05 secs] 
52.693: Total time for which application threads were stopped: 0.0543590 seconds, Stopping threads took: 0.0029810 seconds
52.900: Application time: 0.2072020 seconds
52.900: [GC [PSYoungGen: 554816K->65328K(574464K)] 773123K->313279K(1143296K), 0.0456250 secs] [Times: user=0.36 sys=0.00, real=0.05 secs] 
52.946: Total time for which application threads were stopped: 0.0458380 seconds, Stopping threads took: 0.0000800 seconds
53.150: Application time: 0.2043690 seconds
53.151: [GC [PSYoungGen: 550704K->69939K(576512K)] 798655K->337544K(1145344K), 0.0429580 secs] [Times: user=0.34 sys=0.00, real=0.04 secs] 
53.194: Total time for which application threads were stopped: 0.0431540 seconds, Stopping threads took: 0.0000920 seconds
53.401: Application time: 0.2073560 seconds
53.401: [GC [PSYoungGen: 558899K->65479K(577024K)] 826504K->364914K(1145856K), 0.0456900 secs] [Times: user=0.36 sys=0.00, real=0.05 secs] 
53.447: Total time for which application threads were stopped: 0.0458680 seconds, Stopping threads took: 0.0000940 seconds
53.649: Application time: 0.2025900 seconds
53.649: [GC [PSYoungGen: 554439K->74069K(577024K)] 853874K->403054K(1145856K), 0.0490930 secs] [Times: user=0.38 sys=0.00, real=0.05 secs] 
53.699: Total time for which application threads were stopped: 0.0492460 seconds, Stopping threads took: 0.0000660 seconds
53.911: Application time: 0.2121450 seconds
53.911: [GC [PSYoungGen: 565077K->63369K(578048K)] 894062K->419494K(1146880K), 0.0441760 secs] [Times: user=0.35 sys=0.00, real=0.04 secs] 
53.955: Total time for which application threads were stopped: 0.0443560 seconds, Stopping threads took: 0.0000640 seconds
54.164: Application time: 0.2092260 seconds
54.164: [GC [PSYoungGen: 554377K->74540K(579072K)] 910502K->456058K(1147904K), 0.0482850 secs] [Times: user=0.38 sys=0.00, real=0.05 secs] 
54.213: Total time for which application threads were stopped: 0.0484600 seconds, Stopping threads took: 0.0000860 seconds
54.423: Application time: 0.2100900 seconds
54.423: [GC [PSYoungGen: 567596K->70183K(579584K)] 949114K->487978K(1148416K), 0.0508460 secs] [Times: user=0.40 sys=0.00, real=0.05 secs] 
54.474: Total time for which application threads were stopped: 0.0510190 seconds, Stopping threads took: 0.0000770 seconds
54.677: Application time: 0.2033420 seconds
54.677: [GC [PSYoungGen: 563239K->79393K(578560K)] 981034K->535156K(1147392K), 0.0566380 secs] [Times: user=0.44 sys=0.00, real=0.06 secs] 
54.734: Total time for which application threads were stopped: 0.0568280 seconds, Stopping threads took: 0.0001040 seconds
54.941: Application time: 0.2068720 seconds
54.941: [GC [PSYoungGen: 572449K->76253K(580096K)] 1028212K->575471K(1148928K), 0.0587260 secs] [Times: user=0.47 sys=0.00, real=0.06 secs] 
55.000: Total time for which application threads were stopped: 0.0589230 seconds, Stopping threads took: 0.0000910 seconds
55.205: Application time: 0.2052710 seconds
55.205: [GC [PSYoungGen: 569309K->83511K(574976K)] 1068527K->628458K(1143808K), 0.0612940 secs] [Times: user=0.46 sys=0.02, real=0.06 secs] 
55.267: [Full GC [PSYoungGen: 83511K->0K(574976K)] [ParOldGen: 544946K->139073K(582656K)] 628458K->139073K(1157632K) [PSPermGen: 9106K->9106K(21504K)], 0.1630830 secs] [Times: user=1.18 sys=0.01, real=0.17 secs] 
55.430: Total time for which application threads were stopped: 0.2246190 seconds, Stopping threads took: 0.0000960 seconds
55.639: Application time: 0.2092580 seconds
55.639: [GC [PSYoungGen: 487936K->89360K(577536K)] 627009K->228433K(1160192K), 0.0516820 secs] [Times: user=0.41 sys=0.00, real=0.06 secs] 
55.691: Total time for which application threads were stopped: 0.0518620 seconds, Stopping threads took: 0.0000810 seconds
55.889: Application time: 0.1983310 seconds
55.889: [GC [PSYoungGen: 577296K->83960K(566272K)] 716369K->286438K(1148928K), 0.0739120 secs] [Times: user=0.59 sys=0.00, real=0.08 secs] 
55.963: Total time for which application threads were stopped: 0.0740930 seconds, Stopping threads took: 0.0000950 seconds
56.169: Application time: 0.2056180 seconds
56.169: [GC [PSYoungGen: 560632K->75698K(571904K)] 763110K->326746K(1154560K), 0.0622550 secs] [Times: user=0.49 sys=0.00, real=0.07 secs] 
56.231: Total time for which application threads were stopped: 0.0624550 seconds, Stopping threads took: 0.0000980 seconds
56.428: Application time: 0.1969470 seconds
56.430: [GC [PSYoungGen: 552370K->82402K(571392K)] 803418K->385765K(1154048K), 0.0670220 secs] [Times: user=0.53 sys=0.00, real=0.06 secs] 
56.497: Total time for which application threads were stopped: 0.0684420 seconds, Stopping threads took: 0.0013130 seconds
56.709: Application time: 0.2120830 seconds
56.709: [GC [PSYoungGen: 560610K->70605K(572416K)] 863973K->420848K(1155072K), 0.0600230 secs] [Times: user=0.48 sys=0.00, real=0.06 secs] 
56.769: Total time for which application threads were stopped: 0.0602020 seconds, Stopping threads took: 0.0000790 seconds
56.964: Application time: 0.1949190 seconds
56.964: [GC [PSYoungGen: 548813K->84480K(570880K)] 899056K->483090K(1153536K), 0.0657240 secs] [Times: user=0.51 sys=0.00, real=0.07 secs] 
57.030: Total time for which application threads were stopped: 0.0659040 seconds, Stopping threads took: 0.0000840 seconds
57.240: Application time: 0.2095660 seconds
57.242: [GC [PSYoungGen: 562176K->67225K(572416K)] 960786K->511910K(1155072K), 0.0576500 secs] [Times: user=0.45 sys=0.00, real=0.05 secs] 
57.299: Total time for which application threads were stopped: 0.0598280 seconds, Stopping threads took: 0.0020740 seconds
57.493: Application time: 0.1932340 seconds
57.493: [GC [PSYoungGen: 544921K->81056K(572416K)] 989606K->569389K(1155072K), 0.0621410 secs] [Times: user=0.49 sys=0.00, real=0.06 secs] 
57.555: Total time for which application threads were stopped: 0.0623100 seconds, Stopping threads took: 0.0000820 seconds
57.761: Application time: 0.2064770 seconds
57.762: [GC [PSYoungGen: 558752K->68059K(545792K)] 1047085K->601472K(1128448K), 0.0564900 secs] [Times: user=0.44 sys=0.01, real=0.06 secs] 
57.818: [Full GC [PSYoungGen: 68059K->0K(545792K)] [ParOldGen: 533412K->134807K(605184K)] 601472K->134807K(1150976K) [PSPermGen: 9111K->9111K(21504K)], 0.1594460 secs] [Times: user=1.19 sys=0.00, real=0.16 secs] 
57.978: Total time for which application threads were stopped: 0.2162090 seconds, Stopping threads took: 0.0001010 seconds
58.175: Application time: 0.1973900 seconds
58.175: [GC [PSYoungGen: 477696K->87936K(566784K)] 612503K->222744K(1171968K), 0.0488740 secs] [Times: user=0.39 sys=0.00, real=0.05 secs] 
58.224: Total time for which application threads were stopped: 0.0490580 seconds, Stopping threads took: 0.0000940 seconds
58.437: Application time: 0.2126170 seconds
58.437: [GC [PSYoungGen: 560512K->63687K(569856K)] 695320K->251870K(1175040K), 0.0617940 secs] [Times: user=0.48 sys=0.00, real=0.06 secs] 
58.499: Total time for which application threads were stopped: 0.0619860 seconds, Stopping threads took: 0.0000900 seconds
58.696: Application time: 0.1976770 seconds
58.696: [GC [PSYoungGen: 536263K->77328K(566784K)] 724446K->302597K(1171968K), 0.0557580 secs] [Times: user=0.44 sys=0.00, real=0.06 secs] 
58.752: Total time for which application threads were stopped: 0.0559420 seconds, Stopping threads took: 0.0000970 seconds
58.959: Application time: 0.2062650 seconds
58.962: [GC [PSYoungGen: 549904K->59417K(568320K)] 775173K->325295K(1173504K), 0.0489140 secs] [Times: user=0.38 sys=0.00, real=0.05 secs] 
59.011: Total time for which application threads were stopped: 0.0520870 seconds, Stopping threads took: 0.0030710 seconds
59.206: Application time: 0.1954660 seconds
59.206: [GC [PSYoungGen: 531993K->77472K(570368K)] 797871K->374632K(1175552K), 0.0523440 secs] [Times: user=0.42 sys=0.00, real=0.05 secs] 
59.259: Total time for which application threads were stopped: 0.0525040 seconds, Stopping threads took: 0.0000720 seconds
59.468: Application time: 0.2098020 seconds
59.469: [GC [PSYoungGen: 552096K->55867K(570368K)] 849256K->387057K(1175552K), 0.0451310 secs] [Times: user=0.32 sys=0.01, real=0.05 secs] 
59.514: Total time for which application threads were stopped: 0.0453370 seconds, Stopping threads took: 0.0001020 seconds
59.709: Application time: 0.1956440 seconds
59.710: [GC [PSYoungGen: 530491K->76184K(570368K)] 861681K->428180K(1175552K), 0.0463080 secs] [Times: user=0.37 sys=0.00, real=0.04 secs] 
59.756: Total time for which application threads were stopped: 0.0465640 seconds, Stopping threads took: 0.0001090 seconds
59.961: Application time: 0.2048620 seconds
59.961: [GC [PSYoungGen: 550808K->56541K(570368K)] 902804K->444045K(1175552K), 0.0438090 secs] [Times: user=0.34 sys=0.00, real=0.05 secs] 
60.005: Total time for which application threads were stopped: 0.0440120 seconds, Stopping threads took: 0.0001150 seconds
60.199: Application time: 0.1941410 seconds
60.199: [GC [PSYoungGen: 531165K->78494K(570880K)] 918669K->482181K(1176064K), 0.0450560 secs] [Times: user=0.36 sys=0.00, real=0.05 secs] 
60.244: Total time for which application threads were stopped: 0.0452480 seconds, Stopping threads took: 0.0000860 seconds
60.458: Application time: 0.2134960 seconds
60.458: [GC [PSYoungGen: 553118K->52439K(527360K)] 956805K->492790K(1132544K), 0.0434650 secs] [Times: user=0.34 sys=0.00, real=0.04 secs] 
60.501: Total time for which application threads were stopped: 0.0436300 seconds, Stopping threads took: 0.0000740 seconds
60.689: Application time: 0.1873480 seconds
60.689: [GC [PSYoungGen: 527063K->82660K(565760K)] 967414K->549447K(1170944K), 0.0514880 secs] [Times: user=0.41 sys=0.00, real=0.05 secs] 
60.740: Total time for which application threads were stopped: 0.0516740 seconds, Stopping threads took: 0.0001010 seconds
60.951: Application time: 0.2109780 seconds
60.952: [GC [PSYoungGen: 551117K->52465K(521216K)] 1017903K->554872K(1126400K), 0.0429440 secs] [Times: user=0.34 sys=0.00, real=0.04 secs] 
60.995: Total time for which application threads were stopped: 0.0431340 seconds, Stopping threads took: 0.0000880 seconds
61.183: Application time: 0.1887740 seconds
61.183: [GC [PSYoungGen: 520945K->83614K(563200K)] 1023352K->614191K(1168384K), 0.0538330 secs] [Times: user=0.42 sys=0.00, real=0.05 secs] 
61.237: Total time for which application threads were stopped: 0.0540080 seconds, Stopping threads took: 0.0000870 seconds
61.451: Application time: 0.2135600 seconds
61.454: [GC [PSYoungGen: 546974K->50939K(514560K)] 1077551K->621527K(1119744K), 0.0442730 secs] [Times: user=0.34 sys=0.02, real=0.04 secs] 
61.498: [Full GC [PSYoungGen: 50939K->0K(514560K)] [ParOldGen: 570587K->113730K(591872K)] 621527K->113730K(1106432K) [PSPermGen: 9118K->9118K(21504K)], 0.1304860 secs] [Times: user=0.94 sys=0.00, real=0.13 secs] 
61.629: Total time for which application threads were stopped: 0.1776890 seconds, Stopping threads took: 0.0027680 seconds
61.814: Application time: 0.1849990 seconds
61.814: [GC [PSYoungGen: 463360K->89808K(556544K)] 577090K->203539K(1148416K), 0.0462110 secs] [Times: user=0.36 sys=0.00, real=0.04 secs] 
61.860: Total time for which application threads were stopped: 0.0463970 seconds, Stopping threads took: 0.0000970 seconds
62.066: Application time: 0.2057920 seconds
62.066: [GC [PSYoungGen: 543952K->51675K(560640K)] 657683K->217528K(1152512K), 0.0512410 secs] [Times: user=0.41 sys=0.01, real=0.05 secs] 
62.117: Total time for which application threads were stopped: 0.0514230 seconds, Stopping threads took: 0.0000840 seconds
62.301: Application time: 0.1842440 seconds
62.302: [GC [PSYoungGen: 505819K->76190K(558592K)] 671672K->270309K(1150464K), 0.0495610 secs] [Times: user=0.39 sys=0.00, real=0.06 secs] 
62.351: Total time for which application threads were stopped: 0.0497170 seconds, Stopping threads took: 0.0000700 seconds
62.549: Application time: 0.1978500 seconds
62.549: [GC [PSYoungGen: 530334K->54461K(559616K)] 724453K->285704K(1151488K), 0.0436940 secs] [Times: user=0.35 sys=0.00, real=0.05 secs] 
62.593: Total time for which application threads were stopped: 0.0438980 seconds, Stopping threads took: 0.0001180 seconds
62.778: Application time: 0.1848970 seconds
62.782: [GC [PSYoungGen: 508605K->73648K(558592K)] 739848K->332926K(1150464K), 0.0484530 secs] [Times: user=0.39 sys=0.00, real=0.05 secs] 
62.830: Total time for which application threads were stopped: 0.0523710 seconds, Stopping threads took: 0.0038210 seconds
63.027: Application time: 0.1972260 seconds
63.027: [GC [PSYoungGen: 530864K->58896K(560128K)] 790142K->354373K(1152000K), 0.0459970 secs] [Times: user=0.36 sys=0.00, real=0.05 secs] 
63.074: Total time for which application threads were stopped: 0.0461470 seconds, Stopping threads took: 0.0000620 seconds
63.262: Application time: 0.1888180 seconds
63.262: [GC [PSYoungGen: 516112K->71834K(560128K)] 811589K->396198K(1152000K), 0.0478510 secs] [Times: user=0.38 sys=0.00, real=0.05 secs] 
63.310: Total time for which application threads were stopped: 0.0480210 seconds, Stopping threads took: 0.0000870 seconds
63.510: Application time: 0.1995290 seconds
63.510: [GC [PSYoungGen: 534682K->60656K(562176K)] 859046K->421633K(1154048K), 0.0467990 secs] [Times: user=0.36 sys=0.00, real=0.04 secs] 
63.557: Total time for which application threads were stopped: 0.0469660 seconds, Stopping threads took: 0.0000720 seconds
63.751: Application time: 0.1936590 seconds
63.751: [GC [PSYoungGen: 523504K->71922K(565760K)] 884481K->460277K(1157632K), 0.0487050 secs] [Times: user=0.39 sys=0.00, real=0.04 secs] 
63.799: Total time for which application threads were stopped: 0.0488590 seconds, Stopping threads took: 0.0000700 seconds
64.003: Application time: 0.2035750 seconds
64.003: [GC [PSYoungGen: 542450K->61312K(566784K)] 930805K->485919K(1158656K), 0.0486650 secs] [Times: user=0.37 sys=0.00, real=0.05 secs] 
64.053: Total time for which application threads were stopped: 0.0503110 seconds, Stopping threads took: 0.0000740 seconds
64.249: Application time: 0.1957410 seconds
64.249: [GC [PSYoungGen: 531840K->71298K(568320K)] 956447K->522763K(1160192K), 0.0473130 secs] [Times: user=0.37 sys=0.00, real=0.05 secs] 
64.297: Total time for which application threads were stopped: 0.0474940 seconds, Stopping threads took: 0.0000840 seconds
64.501: Application time: 0.2040050 seconds
64.502: [GC [PSYoungGen: 547458K->59616K(569344K)] 998923K->544851K(1161216K), 0.0449590 secs] [Times: user=0.35 sys=0.00, real=0.04 secs] 
64.547: Total time for which application threads were stopped: 0.0461330 seconds, Stopping threads took: 0.0010880 seconds
64.741: Application time: 0.1942050 seconds
64.741: [GC [PSYoungGen: 535776K->70523K(571904K)] 1021011K->576537K(1163776K), 0.0433470 secs] [Times: user=0.34 sys=0.00, real=0.05 secs] 
64.784: Total time for which application threads were stopped: 0.0435370 seconds, Stopping threads took: 0.0001020 seconds
64.996: Application time: 0.2112610 seconds
64.996: [GC [PSYoungGen: 552315K->57450K(572928K)] 1058329K->590699K(1164800K), 0.0421460 secs] [Times: user=0.33 sys=0.00, real=0.04 secs] 
65.038: Total time for which application threads were stopped: 0.0423220 seconds, Stopping threads took: 0.0000830 seconds
65.234: Application time: 0.1957820 seconds
65.234: [GC [PSYoungGen: 539242K->75553K(574976K)] 1072491K->628329K(1166848K), 0.0446550 secs] [Times: user=0.36 sys=0.00, real=0.04 secs] 
65.279: [Full GC [PSYoungGen: 75553K->0K(574976K)] [ParOldGen: 552775K->120508K(610304K)] 628329K->120508K(1185280K) [PSPermGen: 9119K->9119K(21504K)], 0.1326830 secs] [Times: user=0.96 sys=0.00, real=0.14 secs] 
65.411: Total time for which application threads were stopped: 0.1775560 seconds, Stopping threads took: 0.0000770 seconds
65.628: Application time: 0.2161960 seconds
65.628: [GC [PSYoungGen: 484864K->74507K(559616K)] 605372K->195015K(1169920K), 0.0441620 secs] [Times: user=0.35 sys=0.00, real=0.05 secs] 
65.672: Total time for which application threads were stopped: 0.0443540 seconds, Stopping threads took: 0.0000920 seconds
65.866: Application time: 0.1939130 seconds
65.866: [GC [PSYoungGen: 559371K->81889K(569344K)] 679879K->251103K(1179648K), 0.0653090 secs] [Times: user=0.52 sys=0.00, real=0.07 secs] 
65.931: Total time for which application threads were stopped: 0.0654810 seconds, Stopping threads took: 0.0000790 seconds
66.143: Application time: 0.2118380 seconds
66.143: [GC [PSYoungGen: 559585K->56466K(572416K)] 728799K->261099K(1182720K), 0.0437760 secs] [Times: user=0.35 sys=0.00, real=0.04 secs] 
66.187: Total time for which application threads were stopped: 0.0439670 seconds, Stopping threads took: 0.0000900 seconds
66.380: Application time: 0.1928880 seconds
66.380: [GC [PSYoungGen: 534162K->80280K(568832K)] 738795K->310370K(1179136K), 0.0497810 secs] [Times: user=0.39 sys=0.00, real=0.06 secs] 
66.430: Total time for which application threads were stopped: 0.0499520 seconds, Stopping threads took: 0.0000840 seconds
66.642: Application time: 0.2125100 seconds
66.646: [GC [PSYoungGen: 554904K->55175K(570880K)] 784994K->321710K(1181184K), 0.0435610 secs] [Times: user=0.34 sys=0.00, real=0.04 secs] 
66.689: Total time for which application threads were stopped: 0.0468190 seconds, Stopping threads took: 0.0031560 seconds
66.874: Application time: 0.1847380 seconds
66.874: [GC [PSYoungGen: 529799K->84050K(564224K)] 796334K->383302K(1174528K), 0.0552360 secs] [Times: user=0.44 sys=0.00, real=0.05 secs] 
66.929: Total time for which application threads were stopped: 0.0554230 seconds, Stopping threads took: 0.0000920 seconds
67.143: Application time: 0.2136700 seconds
67.143: [GC [PSYoungGen: 552530K->55577K(567808K)] 851782K->395956K(1178112K), 0.0479330 secs] [Times: user=0.37 sys=0.00, real=0.05 secs] 
67.191: Total time for which application threads were stopped: 0.0480910 seconds, Stopping threads took: 0.0000700 seconds
67.379: Application time: 0.1879030 seconds
67.379: [GC [PSYoungGen: 524057K->80305K(565760K)] 864436K->456025K(1176064K), 0.0551980 secs] [Times: user=0.44 sys=0.00, real=0.06 secs] 
67.435: Total time for which application threads were stopped: 0.0554010 seconds, Stopping threads took: 0.0001010 seconds
67.640: Application time: 0.2058900 seconds
67.641: [GC [PSYoungGen: 547761K->58889K(567296K)] 923481K->475767K(1177600K), 0.0486940 secs] [Times: user=0.38 sys=0.00, real=0.05 secs] 
67.689: Total time for which application threads were stopped: 0.0488780 seconds, Stopping threads took: 0.0000990 seconds
67.879: Application time: 0.1894990 seconds
67.879: [GC [PSYoungGen: 526345K->78993K(566272K)] 943223K->533361K(1176576K), 0.0554510 secs] [Times: user=0.44 sys=0.00, real=0.06 secs] 
67.934: Total time for which application threads were stopped: 0.0556160 seconds, Stopping threads took: 0.0000780 seconds
68.138: Application time: 0.2040180 seconds
68.142: [GC [PSYoungGen: 546449K->59083K(526848K)] 1000817K->554853K(1137152K), 0.0490900 secs] [Times: user=0.39 sys=0.00, real=0.05 secs] 
68.191: Total time for which application threads were stopped: 0.0523520 seconds, Stopping threads took: 0.0031650 seconds
68.376: Application time: 0.1857050 seconds
68.377: [GC [PSYoungGen: 526539K->79982K(565248K)] 1022309K->613027K(1175552K), 0.0563070 secs] [Times: user=0.44 sys=0.00, real=0.06 secs] 
68.433: Total time for which application threads were stopped: 0.0564820 seconds, Stopping threads took: 0.0000890 seconds
68.637: Application time: 0.2041530 seconds
68.637: [GC [PSYoungGen: 546926K->59335K(566784K)] 1079971K->634613K(1177088K), 0.0496570 secs] [Times: user=0.40 sys=0.00, real=0.05 secs] 
68.687: [Full GC [PSYoungGen: 59335K->0K(566784K)] [ParOldGen: 575278K->116512K(629760K)] 634613K->116512K(1196544K) [PSPermGen: 9123K->9123K(21504K)], 0.1279290 secs] [Times: user=0.93 sys=0.00, real=0.13 secs] 
68.815: Total time for which application threads were stopped: 0.1778460 seconds, Stopping threads took: 0.0001120 seconds
69.008: Application time: 0.1926380 seconds
69.008: [GC [PSYoungGen: 466944K->88281K(559616K)] 583456K->204794K(1189376K), 0.0480080 secs] [Times: user=0.37 sys=0.00, real=0.05 secs] 
69.057: Total time for which application threads were stopped: 0.0496740 seconds, Stopping threads took: 0.0000810 seconds
69.257: Application time: 0.1996930 seconds
69.257: [GC [PSYoungGen: 549536K->63399K(564224K)] 666048K->234947K(1193984K), 0.0587380 secs] [Times: user=0.46 sys=0.00, real=0.06 secs] 
69.316: Total time for which application threads were stopped: 0.0589380 seconds, Stopping threads took: 0.0001110 seconds
69.508: Application time: 0.1919020 seconds
69.508: [GC [PSYoungGen: 524711K->73142K(558080K)] 696259K->281544K(1187840K), 0.0540390 secs] [Times: user=0.43 sys=0.00, real=0.06 secs] 
69.562: Total time for which application threads were stopped: 0.0542470 seconds, Stopping threads took: 0.0001170 seconds
69.762: Application time: 0.2002520 seconds
69.762: [GC [PSYoungGen: 536502K->63810K(562176K)] 744904K->311494K(1191936K), 0.0496470 secs] [Times: user=0.39 sys=0.00, real=0.05 secs] 
69.812: Total time for which application threads were stopped: 0.0498320 seconds, Stopping threads took: 0.0000870 seconds
70.007: Application time: 0.1945570 seconds
70.007: [GC [PSYoungGen: 527170K->70328K(561664K)] 774854K->353421K(1191424K), 0.0515610 secs] [Times: user=0.40 sys=0.00, real=0.05 secs] 
70.058: Total time for which application threads were stopped: 0.0517590 seconds, Stopping threads took: 0.0001130 seconds
70.261: Application time: 0.2022430 seconds
70.261: [GC [PSYoungGen: 541368K->66648K(565760K)] 824461K->385576K(1195520K), 0.0496840 secs] [Times: user=0.39 sys=0.00, real=0.06 secs] 
70.311: Total time for which application threads were stopped: 0.0498670 seconds, Stopping threads took: 0.0000980 seconds
70.507: Application time: 0.1961480 seconds
70.507: [GC [PSYoungGen: 537688K->70845K(567296K)] 856616K->424095K(1197056K), 0.0508170 secs] [Times: user=0.40 sys=0.00, real=0.05 secs] 
70.558: Total time for which application threads were stopped: 0.0510080 seconds, Stopping threads took: 0.0000810 seconds
70.764: Application time: 0.2060030 seconds
70.764: [GC [PSYoungGen: 550589K->66532K(570880K)] 903839K->455049K(1200640K), 0.0487470 secs] [Times: user=0.39 sys=0.00, real=0.05 secs] 
70.813: Total time for which application threads were stopped: 0.0489770 seconds, Stopping threads took: 0.0001410 seconds
71.009: Application time: 0.1966890 seconds
71.010: [GC [PSYoungGen: 546276K->74860K(574464K)] 934793K->494209K(1204224K), 0.0507620 secs] [Times: user=0.39 sys=0.01, real=0.04 secs] 
71.060: Total time for which application threads were stopped: 0.0509500 seconds, Stopping threads took: 0.0000800 seconds
71.270: Application time: 0.2099820 seconds
71.270: [GC [PSYoungGen: 561260K->66509K(576000K)] 980609K->519599K(1205760K), 0.0488760 secs] [Times: user=0.38 sys=0.00, real=0.04 secs] 
71.319: Total time for which application threads were stopped: 0.0490450 seconds, Stopping threads took: 0.0000790 seconds
71.518: Application time: 0.1985010 seconds
71.518: [GC [PSYoungGen: 552909K->84051K(571904K)] 1005999K->575307K(1201664K), 0.0581850 secs] [Times: user=0.46 sys=0.00, real=0.06 secs] 
71.576: Total time for which application threads were stopped: 0.0583700 seconds, Stopping threads took: 0.0000880 seconds
71.783: Application time: 0.2062330 seconds
71.783: [GC [PSYoungGen: 567873K->70274K(575488K)] 1059129K->606777K(1205248K), 0.0561400 secs] [Times: user=0.44 sys=0.00, real=0.05 secs] 
71.839: Total time for which application threads were stopped: 0.0563180 seconds, Stopping threads took: 0.0000920 seconds
72.039: Application time: 0.1998570 seconds
72.039: [GC [PSYoungGen: 554114K->80951K(573440K)] 1090617K->660865K(1203200K), 0.0601560 secs] [Times: user=0.47 sys=0.01, real=0.06 secs] 
72.099: [Full GC [PSYoungGen: 80951K->0K(573440K)] [ParOldGen: 579913K->134789K(662528K)] 660865K->134789K(1235968K) [PSPermGen: 9125K->9125K(21504K)], 0.1528940 secs] [Times: user=1.14 sys=0.00, real=0.16 secs] 
72.252: Total time for which application threads were stopped: 0.2132950 seconds, Stopping threads took: 0.0000830 seconds
72.464: Application time: 0.2123380 seconds
72.464: [GC [PSYoungGen: 483840K->86517K(570368K)] 618629K->221306K(1232896K), 0.0507570 secs] [Times: user=0.40 sys=0.00, real=0.05 secs] 
72.515: Total time for which application threads were stopped: 0.0509430 seconds, Stopping threads took: 0.0000960 seconds
72.710: Application time: 0.1948240 seconds
72.710: [GC [PSYoungGen: 570357K->80491K(570880K)] 705146K->277806K(1233408K), 0.0719650 secs] [Times: user=0.57 sys=0.00, real=0.07 secs] 
72.782: Total time for which application threads were stopped: 0.0721390 seconds, Stopping threads took: 0.0000700 seconds
72.985: Application time: 0.2023780 seconds
72.985: [GC [PSYoungGen: 556139K->72418K(548352K)] 753454K->315251K(1210880K), 0.0582360 secs] [Times: user=0.45 sys=0.00, real=0.06 secs] 
73.043: Total time for which application threads were stopped: 0.0584100 seconds, Stopping threads took: 0.0000920 seconds
73.237: Application time: 0.1938480 seconds
73.237: [GC [PSYoungGen: 548066K->79830K(569344K)] 790899K->370517K(1231872K), 0.0620020 secs] [Times: user=0.50 sys=0.00, real=0.06 secs] 
73.299: Total time for which application threads were stopped: 0.0621970 seconds, Stopping threads took: 0.0001020 seconds
73.499: Application time: 0.2000600 seconds
73.499: [GC [PSYoungGen: 555478K->74006K(569856K)] 846165K->413402K(1232384K), 0.0610670 secs] [Times: user=0.48 sys=0.00, real=0.06 secs] 
73.560: Total time for which application threads were stopped: 0.0612300 seconds, Stopping threads took: 0.0000790 seconds
73.757: Application time: 0.1970250 seconds
73.758: [GC [PSYoungGen: 549654K->80736K(570880K)] 889050K->469892K(1233408K), 0.0662250 secs] [Times: user=0.52 sys=0.00, real=0.07 secs] 
73.824: Total time for which application threads were stopped: 0.0664190 seconds, Stopping threads took: 0.0000850 seconds
74.028: Application time: 0.2040050 seconds
74.028: [GC [PSYoungGen: 559456K->76944K(571392K)] 948612K->516388K(1233920K), 0.0629810 secs] [Times: user=0.49 sys=0.00, real=0.07 secs] 
74.091: Total time for which application threads were stopped: 0.0631800 seconds, Stopping threads took: 0.0000980 seconds
74.289: Application time: 0.1982520 seconds
74.289: [GC [PSYoungGen: 555664K->80512K(573440K)] 995108K->570249K(1235968K), 0.0655230 secs] [Times: user=0.52 sys=0.00, real=0.07 secs] 
74.355: Total time for which application threads were stopped: 0.0657070 seconds, Stopping threads took: 0.0000850 seconds
74.559: Application time: 0.2043860 seconds
74.562: [GC [PSYoungGen: 562304K->78880K(573952K)] 1052041K->619098K(1236480K), 0.0658540 secs] [Times: user=0.52 sys=0.00, real=0.06 secs] 
74.628: Total time for which application threads were stopped: 0.0682110 seconds, Stopping threads took: 0.0022630 seconds
74.830: Application time: 0.2028110 seconds
74.831: [GC [PSYoungGen: 560672K->81792K(574464K)] 1100890K->672070K(1236992K), 0.0649210 secs] [Times: user=0.51 sys=0.00, real=0.06 secs] 
74.896: Total time for which application threads were stopped: 0.0651210 seconds, Stopping threads took: 0.0001020 seconds
75.105: Application time: 0.2093310 seconds
75.105: [GC [PSYoungGen: 564608K->78064K(561152K)] 1154886K->719234K(1223680K), 0.0648180 secs] [Times: user=0.50 sys=0.02, real=0.07 secs] 
75.170: [Full GC [PSYoungGen: 78064K->0K(561152K)] [ParOldGen: 641170K->146872K(707584K)] 719234K->146872K(1268736K) [PSPermGen: 9125K->9125K(21504K)], 0.1807240 secs] [Times: user=1.36 sys=0.00, real=0.18 secs] 
75.351: Total time for which application threads were stopped: 0.2457690 seconds, Stopping threads took: 0.0000760 seconds
75.557: Application time: 0.2065630 seconds
75.557: [GC [PSYoungGen: 482816K->85824K(571904K)] 629688K->232696K(1279488K), 0.0487070 secs] [Times: user=0.39 sys=0.01, real=0.05 secs] 
75.606: Total time for which application threads were stopped: 0.0488860 seconds, Stopping threads took: 0.0000760 seconds
75.813: Application time: 0.2071350 seconds
75.813: [GC [PSYoungGen: 566592K->72224K(573952K)] 713464K->274163K(1281536K), 0.0664470 secs] [Times: user=0.53 sys=0.00, real=0.06 secs] 
75.880: Total time for which application threads were stopped: 0.0666320 seconds, Stopping threads took: 0.0000920 seconds
76.084: Application time: 0.2037120 seconds
76.086: [GC [PSYoungGen: 552992K->72528K(571392K)] 754931K->314356K(1278976K), 0.0549620 secs] [Times: user=0.44 sys=0.00, real=0.05 secs] 
76.141: Total time for which application threads were stopped: 0.0570700 seconds, Stopping threads took: 0.0020070 seconds
76.346: Application time: 0.2053470 seconds
76.346: [GC [PSYoungGen: 553808K->70160K(572928K)] 795636K->351512K(1280512K), 0.0541250 secs] [Times: user=0.43 sys=0.00, real=0.05 secs] 
76.400: Total time for which application threads were stopped: 0.0542890 seconds, Stopping threads took: 0.0000730 seconds
76.602: Application time: 0.2020520 seconds
76.602: [GC [PSYoungGen: 551440K->68384K(574464K)] 832792K->387148K(1282048K), 0.0512050 secs] [Times: user=0.41 sys=0.00, real=0.05 secs] 
76.654: Total time for which application threads were stopped: 0.0513810 seconds, Stopping threads took: 0.0000750 seconds
76.860: Application time: 0.2059230 seconds
76.860: [GC [PSYoungGen: 552224K->71890K(574976K)] 870988K->425191K(1282560K), 0.0515870 secs] [Times: user=0.41 sys=0.00, real=0.06 secs] 
76.911: Total time for which application threads were stopped: 0.0517660 seconds, Stopping threads took: 0.0000890 seconds
77.115: Application time: 0.2039200 seconds
77.118: [GC [PSYoungGen: 555730K->64282K(574976K)] 909031K->448381K(1282560K), 0.0462410 secs] [Times: user=0.37 sys=0.00, real=0.05 secs] 
77.164: Total time for which application threads were stopped: 0.0485970 seconds, Stopping threads took: 0.0022490 seconds
77.373: Application time: 0.2093800 seconds
77.374: [GC [PSYoungGen: 549146K->70487K(575488K)] 933245K->481408K(1283072K), 0.0488990 secs] [Times: user=0.37 sys=0.01, real=0.05 secs] 
77.422: Total time for which application threads were stopped: 0.0491210 seconds, Stopping threads took: 0.0001240 seconds
77.627: Application time: 0.2046360 seconds
77.627: [GC [PSYoungGen: 555351K->63211K(576000K)] 966272K->507790K(1283584K), 0.0460790 secs] [Times: user=0.36 sys=0.00, real=0.05 secs] 
77.673: Total time for which application threads were stopped: 0.0462390 seconds, Stopping threads took: 0.0000650 seconds
77.875: Application time: 0.2018540 seconds
77.875: [GC [PSYoungGen: 549611K->71205K(576000K)] 994190K->533915K(1283584K), 0.0437100 secs] [Times: user=0.34 sys=0.00, real=0.04 secs] 
77.919: Total time for which application threads were stopped: 0.0439160 seconds, Stopping threads took: 0.0001160 seconds
78.129: Application time: 0.2103770 seconds
78.130: [GC [PSYoungGen: 557605K->58966K(574976K)] 1020315K->552739K(1282560K), 0.0427730 secs] [Times: user=0.34 sys=0.00, real=0.04 secs] 
78.172: Total time for which application threads were stopped: 0.0429640 seconds, Stopping threads took: 0.0000970 seconds
78.367: Application time: 0.1942200 seconds
78.367: [GC [PSYoungGen: 545878K->79826K(576000K)] 1039651K->596430K(1283584K), 0.0482960 secs] [Times: user=0.38 sys=0.00, real=0.05 secs] 
78.415: Total time for which application threads were stopped: 0.0484680 seconds, Stopping threads took: 0.0000850 seconds
78.628: Application time: 0.2128560 seconds
78.628: [GC [PSYoungGen: 566738K->57042K(575488K)] 1083342K->607714K(1283072K), 0.0435920 secs] [Times: user=0.34 sys=0.00, real=0.05 secs] 
78.672: Total time for which application threads were stopped: 0.0437680 seconds, Stopping threads took: 0.0000890 seconds
78.870: Application time: 0.1983010 seconds
78.870: [GC [PSYoungGen: 541906K->83337K(568320K)] 1092578K->666086K(1275904K), 0.0560690 secs] [Times: user=0.44 sys=0.00, real=0.05 secs] 
78.926: Total time for which application threads were stopped: 0.0562680 seconds, Stopping threads took: 0.0000920 seconds
79.137: Application time: 0.2110490 seconds
79.138: [GC [PSYoungGen: 568201K->60251K(573440K)] 1150950K->678584K(1281024K), 0.0465890 secs] [Times: user=0.36 sys=0.00, real=0.05 secs] 
79.184: Total time for which application threads were stopped: 0.0468110 seconds, Stopping threads took: 0.0001200 seconds
79.377: Application time: 0.1924440 seconds
79.377: [GC [PSYoungGen: 539995K->85603K(565760K)] 1158328K->740133K(1273344K), 0.0574760 secs] [Times: user=0.45 sys=0.01, real=0.06 secs] 
79.434: Total time for which application threads were stopped: 0.0576780 seconds, Stopping threads took: 0.0001040 seconds
79.646: Application time: 0.2115010 seconds
79.646: [GC [PSYoungGen: 565347K->62208K(570880K)] 1219877K->757457K(1278464K), 0.0505180 secs] [Times: user=0.39 sys=0.02, real=0.05 secs] 
79.697: [Full GC [PSYoungGen: 62208K->0K(570880K)] [ParOldGen: 695248K->117700K(681472K)] 757457K->117700K(1252352K) [PSPermGen: 9126K->9126K(21504K)], 0.1280640 secs] [Times: user=0.93 sys=0.00, real=0.13 secs] 
79.825: Total time for which application threads were stopped: 0.1788740 seconds, Stopping threads took: 0.0001390 seconds
80.017: Application time: 0.1920230 seconds
80.017: [GC [PSYoungGen: 474112K->96224K(570368K)] 591812K->217578K(1251840K), 0.0550370 secs] [Times: user=0.43 sys=0.00, real=0.06 secs] 
80.072: Total time for which application threads were stopped: 0.0552650 seconds, Stopping threads took: 0.0001250 seconds
80.283: Application time: 0.2113780 seconds
80.284: [GC [PSYoungGen: 570336K->61480K(557056K)] 691690K->246281K(1238528K), 0.0642940 secs] [Times: user=0.51 sys=0.00, real=0.06 secs] 
80.348: Total time for which application threads were stopped: 0.0644540 seconds, Stopping threads took: 0.0000730 seconds
80.539: Application time: 0.1906890 seconds
80.539: [GC [PSYoungGen: 521768K->87809K(548352K)] 706569K->313703K(1229824K), 0.0655290 secs] [Times: user=0.52 sys=0.00, real=0.07 secs] 
80.604: Total time for which application threads were stopped: 0.0657420 seconds, Stopping threads took: 0.0001100 seconds
80.811: Application time: 0.2062560 seconds
80.811: [GC [PSYoungGen: 548097K->58687K(561664K)] 773991K->335087K(1243136K), 0.0543040 secs] [Times: user=0.43 sys=0.00, real=0.05 secs] 
80.865: Total time for which application threads were stopped: 0.0544810 seconds, Stopping threads took: 0.0000880 seconds
81.052: Application time: 0.1874540 seconds
81.053: [GC [PSYoungGen: 514367K->83083K(561152K)] 790767K->398403K(1242624K), 0.0592890 secs] [Times: user=0.46 sys=0.01, real=0.06 secs] 
81.112: Total time for which application threads were stopped: 0.0594740 seconds, Stopping threads took: 0.0000860 seconds
81.319: Application time: 0.2069420 seconds
81.319: [GC [PSYoungGen: 538763K->58178K(561152K)] 854083K->421690K(1242624K), 0.0528000 secs] [Times: user=0.42 sys=0.00, real=0.06 secs] 
81.372: Total time for which application threads were stopped: 0.0529780 seconds, Stopping threads took: 0.0000880 seconds
81.554: Application time: 0.1822330 seconds
81.554: [GC [PSYoungGen: 513858K->84651K(540672K)] 877370K->485845K(1222144K), 0.0599310 secs] [Times: user=0.47 sys=0.00, real=0.06 secs] 
81.614: Total time for which application threads were stopped: 0.0601030 seconds, Stopping threads took: 0.0000760 seconds
81.815: Application time: 0.2011490 seconds
81.816: [GC [PSYoungGen: 540331K->56930K(560640K)] 941525K->506513K(1242112K), 0.0518460 secs] [Times: user=0.41 sys=0.00, real=0.05 secs] 
81.867: Total time for which application threads were stopped: 0.0520330 seconds, Stopping threads took: 0.0000980 seconds
82.050: Application time: 0.1828160 seconds
82.054: [GC [PSYoungGen: 510562K->84648K(538624K)] 960145K->570889K(1220096K), 0.0591690 secs] [Times: user=0.47 sys=0.00, real=0.06 secs] 
82.113: Total time for which application threads were stopped: 0.0626140 seconds, Stopping threads took: 0.0033590 seconds
82.315: Application time: 0.2018120 seconds
82.318: [GC [PSYoungGen: 538280K->55877K(560128K)] 1024521K->590366K(1241600K), 0.0521940 secs] [Times: user=0.42 sys=0.00, real=0.06 secs] 
82.370: Total time for which application threads were stopped: 0.0552460 seconds, Stopping threads took: 0.0029520 seconds
82.552: Application time: 0.1820720 seconds
82.552: [GC [PSYoungGen: 508485K->81744K(559616K)] 1042974K->653126K(1241088K), 0.0598710 secs] [Times: user=0.48 sys=0.00, real=0.06 secs] 
82.612: Total time for which application threads were stopped: 0.0600320 seconds, Stopping threads took: 0.0000760 seconds
82.812: Application time: 0.1997730 seconds
82.814: [GC [PSYoungGen: 534308K->56506K(558592K)] 1105690K->674310K(1240064K), 0.0515130 secs] [Times: user=0.41 sys=0.00, real=0.05 secs] 
82.865: Total time for which application threads were stopped: 0.0534280 seconds, Stopping threads took: 0.0018300 seconds
83.044: Application time: 0.1786560 seconds
83.044: [GC [PSYoungGen: 509114K->85426K(538112K)] 1126918K->740109K(1219584K), 0.0605180 secs] [Times: user=0.47 sys=0.01, real=0.06 secs] 
83.105: [Full GC [PSYoungGen: 85426K->0K(538112K)] [ParOldGen: 654682K->144589K(734208K)] 740109K->144589K(1272320K) [PSPermGen: 9128K->9128K(21504K)], 0.1711060 secs] [Times: user=1.28 sys=0.00, real=0.17 secs] 
83.276: Total time for which application threads were stopped: 0.2319200 seconds, Stopping threads took: 0.0001350 seconds
83.480: Application time: 0.2039380 seconds
83.480: [GC [PSYoungGen: 452608K->68587K(561664K)] 597197K->213177K(1295872K), 0.0415680 secs] [Times: user=0.33 sys=0.00, real=0.04 secs] 
83.522: Total time for which application threads were stopped: 0.0417950 seconds, Stopping threads took: 0.0000790 seconds
83.709: Application time: 0.1870680 seconds
83.709: [GC [PSYoungGen: 521707K->83127K(558592K)] 666297K->278795K(1292800K), 0.0705830 secs] [Times: user=0.55 sys=0.00, real=0.07 secs] 
83.779: Total time for which application threads were stopped: 0.0707820 seconds, Stopping threads took: 0.0000900 seconds
83.980: Application time: 0.2009930 seconds
83.981: [GC [PSYoungGen: 536247K->61083K(560128K)] 731915K->303006K(1294336K), 0.0534010 secs] [Times: user=0.42 sys=0.00, real=0.06 secs] 
84.034: Total time for which application threads were stopped: 0.0535740 seconds, Stopping threads took: 0.0000880 seconds
84.222: Application time: 0.1880140 seconds
84.222: [GC [PSYoungGen: 515739K->78752K(559616K)] 757662K->358313K(1293824K), 0.0569980 secs] [Times: user=0.45 sys=0.00, real=0.05 secs] 
84.279: Total time for which application threads were stopped: 0.0571670 seconds, Stopping threads took: 0.0000730 seconds
84.475: Application time: 0.1962040 seconds
84.478: [GC [PSYoungGen: 533408K->63227K(560128K)] 812969K->389869K(1294336K), 0.0547970 secs] [Times: user=0.43 sys=0.00, real=0.06 secs] 
84.532: Total time for which application threads were stopped: 0.0571300 seconds, Stopping threads took: 0.0022480 seconds
84.716: Application time: 0.1839340 seconds
84.717: [GC [PSYoungGen: 520955K->81248K(560640K)] 847597K->445961K(1294848K), 0.0584060 secs] [Times: user=0.47 sys=0.00, real=0.06 secs] 
84.775: Total time for which application threads were stopped: 0.0585870 seconds, Stopping threads took: 0.0001020 seconds
84.972: Application time: 0.1969550 seconds
84.972: [GC [PSYoungGen: 538976K->63510K(561664K)] 903689K->475643K(1295872K), 0.0562580 secs] [Times: user=0.44 sys=0.00, real=0.05 secs] 
85.028: Total time for which application threads were stopped: 0.0564570 seconds, Stopping threads took: 0.0001000 seconds
85.218: Application time: 0.1893370 seconds
85.218: [GC [PSYoungGen: 524310K->84816K(562688K)] 936443K->537291K(1296896K), 0.0626480 secs] [Times: user=0.50 sys=0.00, real=0.06 secs] 
85.281: Total time for which application threads were stopped: 0.0628130 seconds, Stopping threads took: 0.0000780 seconds
85.481: Application time: 0.2003720 seconds
85.481: [GC [PSYoungGen: 545616K->56747K(563712K)] 998091K->557233K(1297920K), 0.0517880 secs] [Times: user=0.41 sys=0.00, real=0.06 secs] 
85.533: Total time for which application threads were stopped: 0.0519820 seconds, Stopping threads took: 0.0000970 seconds
85.720: Application time: 0.1865730 seconds
85.720: [GC [PSYoungGen: 517035K->89760K(550400K)] 1017521K->626965K(1284608K), 0.0636030 secs] [Times: user=0.50 sys=0.00, real=0.07 secs] 
85.783: Total time for which application threads were stopped: 0.0637790 seconds, Stopping threads took: 0.0000870 seconds
85.991: Application time: 0.2072720 seconds
85.991: [GC [PSYoungGen: 550048K->53648K(560128K)] 1087253K->639816K(1294336K), 0.0512890 secs] [Times: user=0.40 sys=0.00, real=0.05 secs] 
86.042: Total time for which application threads were stopped: 0.0514980 seconds, Stopping threads took: 0.0001060 seconds
86.218: Application time: 0.1764060 seconds
86.219: [GC [PSYoungGen: 506768K->92400K(545792K)] 1092936K->716077K(1280000K), 0.0648490 secs] [Times: user=0.52 sys=0.00, real=0.07 secs] 
86.283: Total time for which application threads were stopped: 0.0650030 seconds, Stopping threads took: 0.0000660 seconds
86.490: Application time: 0.2067330 seconds
86.490: [GC [PSYoungGen: 545520K->54698K(556544K)] 1169197K->727341K(1290752K), 0.0524970 secs] [Times: user=0.42 sys=0.00, real=0.05 secs] 
86.543: Total time for which application threads were stopped: 0.0526590 seconds, Stopping threads took: 0.0000750 seconds
86.711: Application time: 0.1681170 seconds
86.711: [GC [PSYoungGen: 500138K->92064K(537600K)] 1172781K->803102K(1271808K), 0.0627190 secs] [Times: user=0.47 sys=0.02, real=0.06 secs] 
86.774: [Full GC [PSYoungGen: 92064K->0K(537600K)] [ParOldGen: 711038K->154938K(759808K)] 803102K->154938K(1297408K) [PSPermGen: 9128K->9128K(21504K)], 0.1886470 secs] [Times: user=1.42 sys=0.00, real=0.19 secs] 
86.963: Total time for which application threads were stopped: 0.2516230 seconds, Stopping threads took: 0.0000990 seconds
87.167: Application time: 0.2043600 seconds
87.167: [GC [PSYoungGen: 445440K->65968K(555520K)] 600378K->220906K(1315328K), 0.0428110 secs] [Times: user=0.34 sys=0.00, real=0.05 secs] 
87.210: Total time for which application threads were stopped: 0.0431050 seconds, Stopping threads took: 0.0002040 seconds
87.378: Application time: 0.1680730 seconds
87.378: [GC [PSYoungGen: 507312K->92944K(534528K)] 662250K->298999K(1294336K), 0.0755800 secs] [Times: user=0.59 sys=0.00, real=0.08 secs] 
87.454: Total time for which application threads were stopped: 0.0757660 seconds, Stopping threads took: 0.0000840 seconds
87.655: Application time: 0.2009590 seconds
87.655: [GC [PSYoungGen: 534288K->50320K(551936K)] 740343K->305535K(1311744K), 0.0491610 secs] [Times: user=0.39 sys=0.00, real=0.05 secs] 
87.704: Total time for which application threads were stopped: 0.0493270 seconds, Stopping threads took: 0.0000780 seconds
87.870: Application time: 0.1654350 seconds
87.870: [GC [PSYoungGen: 487056K->89753K(526848K)] 742271K->381845K(1286656K), 0.0618540 secs] [Times: user=0.49 sys=0.00, real=0.06 secs] 
87.932: Total time for which application threads were stopped: 0.0620190 seconds, Stopping threads took: 0.0000780 seconds
88.136: Application time: 0.2038520 seconds
88.136: [GC [PSYoungGen: 526489K->48811K(549888K)] 818581K->393640K(1309696K), 0.0517050 secs] [Times: user=0.41 sys=0.00, real=0.05 secs] 
88.187: Total time for which application threads were stopped: 0.0518900 seconds, Stopping threads took: 0.0000810 seconds
88.359: Application time: 0.1717220 seconds
88.359: [GC [PSYoungGen: 480939K->87275K(519680K)] 825768K->466635K(1279488K), 0.0605240 secs] [Times: user=0.48 sys=0.00, real=0.06 secs] 
88.420: Total time for which application threads were stopped: 0.0606850 seconds, Stopping threads took: 0.0000730 seconds
88.615: Application time: 0.1956050 seconds
88.616: [GC [PSYoungGen: 519403K->49015K(548864K)] 898763K->481344K(1308672K), 0.0517670 secs] [Times: user=0.40 sys=0.00, real=0.05 secs] 
88.667: Total time for which application threads were stopped: 0.0519380 seconds, Stopping threads took: 0.0000850 seconds
88.838: Application time: 0.1703020 seconds
88.838: [GC [PSYoungGen: 479095K->82224K(512512K)] 911424K->544472K(1272320K), 0.0569110 secs] [Times: user=0.45 sys=0.00, real=0.06 secs] 
88.895: Total time for which application threads were stopped: 0.0570810 seconds, Stopping threads took: 0.0000740 seconds
89.085: Application time: 0.1904840 seconds
89.085: [GC [PSYoungGen: 512304K->53216K(549376K)] 974552K->564416K(1309184K), 0.0504210 secs] [Times: user=0.40 sys=0.00, real=0.05 secs] 
89.136: Total time for which application threads were stopped: 0.0505930 seconds, Stopping threads took: 0.0000870 seconds
89.305: Application time: 0.1692930 seconds
89.305: [GC [PSYoungGen: 484832K->75392K(507392K)] 996032K->621086K(1267200K), 0.0545900 secs] [Times: user=0.41 sys=0.00, real=0.05 secs] 
89.360: Total time for which application threads were stopped: 0.0547750 seconds, Stopping threads took: 0.0000970 seconds
89.545: Application time: 0.1849890 seconds
89.545: [GC [PSYoungGen: 507008K->67264K(550400K)] 1052702K->657866K(1310208K), 0.0550930 secs] [Times: user=0.44 sys=0.00, real=0.05 secs] 
89.600: Total time for which application threads were stopped: 0.0552790 seconds, Stopping threads took: 0.0000880 seconds
89.784: Application time: 0.1837450 seconds
89.786: [GC [PSYoungGen: 504000K->67214K(546816K)] 1094602K->704523K(1306624K), 0.0580380 secs] [Times: user=0.46 sys=0.00, real=0.06 secs] 
89.844: Total time for which application threads were stopped: 0.0597760 seconds, Stopping threads took: 0.0016510 seconds
90.027: Application time: 0.1835440 seconds
90.027: [GC [PSYoungGen: 503950K->79904K(549888K)] 1141259K->762422K(1309696K), 0.0643040 secs] [Times: user=0.51 sys=0.00, real=0.07 secs] 
90.092: Total time for which application threads were stopped: 0.0644720 seconds, Stopping threads took: 0.0000830 seconds
90.291: Application time: 0.1995650 seconds
90.291: [GC [PSYoungGen: 523296K->60271K(549888K)] 1205814K->790781K(1309696K), 0.0555010 secs] [Times: user=0.43 sys=0.01, real=0.05 secs] 
90.347: [Full GC [PSYoungGen: 60271K->0K(549888K)] [ParOldGen: 730510K->120100K(746496K)] 790781K->120100K(1296384K) [PSPermGen: 9129K->9129K(21504K)], 0.1378150 secs] [Times: user=1.01 sys=0.00, real=0.14 secs] 
90.485: Total time for which application threads were stopped: 0.1935930 seconds, Stopping threads took: 0.0001070 seconds
90.658: Application time: 0.1732390 seconds
90.658: [GC [PSYoungGen: 443392K->99472K(546816K)] 563492K->219572K(1293312K), 0.0521070 secs] [Times: user=0.41 sys=0.00, real=0.06 secs] 
90.710: Total time for which application threads were stopped: 0.0522680 seconds, Stopping threads took: 0.0000780 seconds
90.909: Application time: 0.1987390 seconds
90.909: [GC [PSYoungGen: 541328K->56065K(554496K)] 661428K->238077K(1300992K), 0.0592390 secs] [Times: user=0.47 sys=0.00, real=0.06 secs] 
90.969: Total time for which application threads were stopped: 0.0594250 seconds, Stopping threads took: 0.0000850 seconds
91.135: Application time: 0.1664770 seconds
91.135: [GC [PSYoungGen: 497921K->89478K(549888K)] 679933K->310721K(1296384K), 0.0628180 secs] [Times: user=0.50 sys=0.00, real=0.06 secs] 
91.198: Total time for which application threads were stopped: 0.0629870 seconds, Stopping threads took: 0.0000820 seconds
91.399: Application time: 0.2004970 seconds
91.399: [GC [PSYoungGen: 528262K->52176K(552960K)] 749505K->320555K(1299456K), 0.0489570 secs] [Times: user=0.39 sys=0.00, real=0.05 secs] 
91.448: Total time for which application threads were stopped: 0.0491410 seconds, Stopping threads took: 0.0000940 seconds
91.616: Application time: 0.1678090 seconds
91.616: [GC [PSYoungGen: 490960K->90114K(548352K)] 759339K->396923K(1294848K), 0.0626560 secs] [Times: user=0.49 sys=0.00, real=0.06 secs] 
91.678: Total time for which application threads were stopped: 0.0628670 seconds, Stopping threads took: 0.0001050 seconds
91.873: Application time: 0.1945430 seconds
91.873: [GC [PSYoungGen: 524802K->51070K(550912K)] 831611K->411276K(1297408K), 0.0513540 secs] [Times: user=0.40 sys=0.00, real=0.05 secs] 
91.924: Total time for which application threads were stopped: 0.0515190 seconds, Stopping threads took: 0.0000790 seconds
92.095: Application time: 0.1710180 seconds
92.098: [GC [PSYoungGen: 485758K->85180K(549376K)] 845964K->480748K(1295872K), 0.0604250 secs] [Times: user=0.48 sys=0.01, real=0.06 secs] 
92.158: Total time for which application threads were stopped: 0.0626390 seconds, Stopping threads took: 0.0021240 seconds
92.352: Application time: 0.1942450 seconds
92.353: [GC [PSYoungGen: 518844K->49804K(550400K)] 914412K->499035K(1296896K), 0.0517140 secs] [Times: user=0.41 sys=0.00, real=0.05 secs] 
92.404: Total time for which application threads were stopped: 0.0519020 seconds, Stopping threads took: 0.0000890 seconds
92.572: Application time: 0.1679570 seconds
92.572: [GC [PSYoungGen: 483468K->84859K(548864K)] 932699K->565592K(1295360K), 0.0576130 secs] [Times: user=0.46 sys=0.00, real=0.06 secs] 
92.630: Total time for which application threads were stopped: 0.0577830 seconds, Stopping threads took: 0.0000830 seconds
92.823: Application time: 0.1930710 seconds
92.823: [GC [PSYoungGen: 517499K->49344K(549888K)] 998232K->578299K(1296384K), 0.0490490 secs] [Times: user=0.38 sys=0.00, real=0.05 secs] 
92.872: Total time for which application threads were stopped: 0.0492090 seconds, Stopping threads took: 0.0000750 seconds
93.044: Application time: 0.1720380 seconds
93.046: [GC [PSYoungGen: 481984K->80363K(548864K)] 1010939K->638428K(1295360K), 0.0561270 secs] [Times: user=0.44 sys=0.00, real=0.06 secs] 
93.102: Total time for which application threads were stopped: 0.0574910 seconds, Stopping threads took: 0.0012630 seconds
93.285: Application time: 0.1830610 seconds
93.285: [GC [PSYoungGen: 514027K->62384K(496128K)] 1072092K->668731K(1242624K), 0.0536970 secs] [Times: user=0.43 sys=0.00, real=0.05 secs] 
93.339: Total time for which application threads were stopped: 0.0538610 seconds, Stopping threads took: 0.0000780 seconds
93.521: Application time: 0.1822480 seconds
93.521: [GC [PSYoungGen: 496048K->68919K(552960K)] 1102395K->712503K(1299456K), 0.0531500 secs] [Times: user=0.43 sys=0.00, real=0.06 secs] 
93.574: Total time for which application threads were stopped: 0.0533300 seconds, Stopping threads took: 0.0000920 seconds
93.757: Application time: 0.1824740 seconds
93.757: [GC [PSYoungGen: 509239K->75360K(548864K)] 1152823K->764315K(1295360K), 0.0610610 secs] [Times: user=0.48 sys=0.00, real=0.06 secs] 
93.818: [Full GC [PSYoungGen: 75360K->0K(548864K)] [ParOldGen: 688955K->148103K(794624K)] 764315K->148103K(1343488K) [PSPermGen: 9131K->9131K(21504K)], 0.1836990 secs] [Times: user=1.38 sys=0.00, real=0.19 secs] 
94.002: Total time for which application threads were stopped: 0.2450040 seconds, Stopping threads took: 0.0000780 seconds
94.193: Application time: 0.1909030 seconds
94.193: [GC [PSYoungGen: 440320K->69831K(555008K)] 588423K->217934K(1349632K), 0.0408000 secs] [Times: user=0.32 sys=0.00, real=0.04 secs] 
94.234: Total time for which application threads were stopped: 0.0409790 seconds, Stopping threads took: 0.0000820 seconds
94.410: Application time: 0.1762320 seconds
94.410: [GC [PSYoungGen: 519367K->86544K(552448K)] 667470K->286580K(1347072K), 0.0701230 secs] [Times: user=0.55 sys=0.00, real=0.06 secs] 
94.480: Total time for which application threads were stopped: 0.0703150 seconds, Stopping threads took: 0.0000810 seconds
94.684: Application time: 0.2036670 seconds
94.686: [GC [PSYoungGen: 536080K->55251K(561664K)] 736116K->303301K(1356288K), 0.0533180 secs] [Times: user=0.41 sys=0.00, real=0.05 secs] 
94.739: Total time for which application threads were stopped: 0.0550860 seconds, Stopping threads took: 0.0016780 seconds
94.913: Application time: 0.1735100 seconds
94.913: [GC [PSYoungGen: 510931K->93184K(549376K)] 758981K->381183K(1344000K), 0.0650140 secs] [Times: user=0.52 sys=0.00, real=0.06 secs] 
94.978: Total time for which application threads were stopped: 0.0652000 seconds, Stopping threads took: 0.0000860 seconds
95.189: Application time: 0.2112920 seconds
95.189: [GC [PSYoungGen: 548864K->50027K(556544K)] 836863K->385717K(1351168K), 0.0493060 secs] [Times: user=0.40 sys=0.00, real=0.05 secs] 
95.239: Total time for which application threads were stopped: 0.0495130 seconds, Stopping threads took: 0.0001130 seconds
95.404: Application time: 0.1658920 seconds
95.405: [GC [PSYoungGen: 495979K->100384K(546816K)] 831669K->472874K(1341440K), 0.0664680 secs] [Times: user=0.53 sys=0.00, real=0.07 secs] 
95.471: Total time for which application threads were stopped: 0.0666330 seconds, Stopping threads took: 0.0000790 seconds
95.678: Application time: 0.2073370 seconds
95.679: [GC [PSYoungGen: 546336K->46768K(549376K)] 918826K->471994K(1344000K), 0.0489580 secs] [Times: user=0.39 sys=0.00, real=0.05 secs] 
95.728: Total time for which application threads were stopped: 0.0491550 seconds, Stopping threads took: 0.0001000 seconds
95.882: Application time: 0.1546060 seconds
95.886: [GC [PSYoungGen: 478384K->102050K(534016K)] 903610K->561106K(1328640K), 0.0656830 secs] [Times: user=0.52 sys=0.00, real=0.07 secs] 
95.951: Total time for which application threads were stopped: 0.0691800 seconds, Stopping threads took: 0.0034090 seconds
96.153: Application time: 0.2012290 seconds
96.153: [GC [PSYoungGen: 533666K->44873K(542720K)] 992722K->564144K(1337344K), 0.0516850 secs] [Times: user=0.41 sys=0.00, real=0.05 secs] 
96.204: Total time for which application threads were stopped: 0.0518760 seconds, Stopping threads took: 0.0001060 seconds
96.364: Application time: 0.1592820 seconds
96.364: [GC [PSYoungGen: 463177K->93193K(512000K)] 982448K->648105K(1306624K), 0.0646320 secs] [Times: user=0.52 sys=0.00, real=0.06 secs] 
96.429: Total time for which application threads were stopped: 0.0648660 seconds, Stopping threads took: 0.0001350 seconds
96.622: Application time: 0.1935050 seconds
96.626: [GC [PSYoungGen: 511497K->46513K(540672K)] 1066409K->662043K(1335296K), 0.0547330 secs] [Times: user=0.43 sys=0.00, real=0.05 secs] 
96.680: Total time for which application threads were stopped: 0.0583260 seconds, Stopping threads took: 0.0035060 seconds
96.842: Application time: 0.1613690 seconds
96.842: [GC [PSYoungGen: 459697K->77308K(490496K)] 1075227K->726956K(1285120K), 0.0564650 secs] [Times: user=0.45 sys=0.00, real=0.05 secs] 
96.898: Total time for which application threads were stopped: 0.0566410 seconds, Stopping threads took: 0.0000900 seconds
97.083: Application time: 0.1849730 seconds
97.084: [GC [PSYoungGen: 490492K->59888K(539648K)] 1140140K->757695K(1334272K), 0.0544600 secs] [Times: user=0.43 sys=0.00, real=0.05 secs] 
97.138: Total time for which application threads were stopped: 0.0546410 seconds, Stopping threads took: 0.0000810 seconds
97.318: Application time: 0.1798840 seconds
97.318: [GC [PSYoungGen: 476144K->61637K(536576K)] 1173951K->797231K(1331200K), 0.0503570 secs] [Times: user=0.40 sys=0.00, real=0.05 secs] 
97.368: [Full GC [PSYoungGen: 61637K->0K(536576K)] [ParOldGen: 735593K->114486K(784384K)] 797231K->114486K(1320960K) [PSPermGen: 9132K->9131K(21504K)], 0.1264940 secs] [Times: user=0.91 sys=0.00, real=0.13 secs] 
97.495: Total time for which application threads were stopped: 0.1770720 seconds, Stopping threads took: 0.0000720 seconds
97.657: Application time: 0.1619040 seconds
97.657: [GC [PSYoungGen: 416256K->91360K(536576K)] 530742K->205846K(1320960K), 0.0475480 secs] [Times: user=0.38 sys=0.00, real=0.05 secs] 
97.705: Total time for which application threads were stopped: 0.0477360 seconds, Stopping threads took: 0.0000870 seconds
97.898: Application time: 0.1929980 seconds
97.898: [GC [PSYoungGen: 511200K->50615K(540160K)] 625686K->223491K(1324544K), 0.0564120 secs] [Times: user=0.44 sys=0.00, real=0.06 secs] 
97.954: Total time for which application threads were stopped: 0.0565760 seconds, Stopping threads took: 0.0000750 seconds
98.110: Application time: 0.1557700 seconds
98.110: [GC [PSYoungGen: 470455K->93947K(540160K)] 643331K->304934K(1324544K), 0.0635520 secs] [Times: user=0.50 sys=0.00, real=0.06 secs] 
98.174: Total time for which application threads were stopped: 0.0637160 seconds, Stopping threads took: 0.0000730 seconds
98.367: Application time: 0.1934250 seconds
98.370: [GC [PSYoungGen: 515323K->43552K(544256K)] 726310K->308177K(1328640K), 0.0477420 secs] [Times: user=0.37 sys=0.00, real=0.04 secs] 
98.417: Total time for which application threads were stopped: 0.0503040 seconds, Stopping threads took: 0.0024550 seconds
98.579: Application time: 0.1613140 seconds
98.579: [GC [PSYoungGen: 464928K->95552K(536064K)] 729553K->393382K(1320448K), 0.0641610 secs] [Times: user=0.51 sys=0.00, real=0.07 secs] 
98.643: Total time for which application threads were stopped: 0.0643520 seconds, Stopping threads took: 0.0001030 seconds
98.836: Application time: 0.1929400 seconds
98.836: [GC [PSYoungGen: 508736K->42056K(540160K)] 806566K->400545K(1324544K), 0.0522270 secs] [Times: user=0.42 sys=0.00, real=0.05 secs] 
98.888: Total time for which application threads were stopped: 0.0524000 seconds, Stopping threads took: 0.0000860 seconds
99.046: Application time: 0.1574930 seconds
99.046: [GC [PSYoungGen: 455240K->84856K(539648K)] 813729K->475605K(1324032K), 0.0596060 secs] [Times: user=0.46 sys=0.00, real=0.06 secs] 
99.106: Total time for which application threads were stopped: 0.0598020 seconds, Stopping threads took: 0.0000940 seconds
99.293: Application time: 0.1875590 seconds
99.293: [GC [PSYoungGen: 498040K->53920K(467456K)] 888789K->496493K(1251840K), 0.0531700 secs] [Times: user=0.42 sys=0.00, real=0.05 secs] 
99.347: Total time for which application threads were stopped: 0.0533220 seconds, Stopping threads took: 0.0000660 seconds
99.519: Application time: 0.1721610 seconds
99.522: [GC [PSYoungGen: 467104K->68557K(543232K)] 909677K->546984K(1327616K), 0.0537160 secs] [Times: user=0.43 sys=0.00, real=0.05 secs] 
99.575: Total time for which application threads were stopped: 0.0565660 seconds, Stopping threads took: 0.0027600 seconds
99.748: Application time: 0.1722780 seconds
99.748: [GC [PSYoungGen: 487885K->74800K(537600K)] 966312K->600647K(1321984K), 0.0597740 secs] [Times: user=0.47 sys=0.00, real=0.06 secs] 
99.808: Total time for which application threads were stopped: 0.0599760 seconds, Stopping threads took: 0.0000980 seconds
99.994: Application time: 0.1865440 seconds
99.994: [GC [PSYoungGen: 494128K->53672K(542720K)] 1019975K->621323K(1327104K), 0.0494020 secs] [Times: user=0.38 sys=0.00, real=0.05 secs] 
100.044: Total time for which application threads were stopped: 0.0495820 seconds, Stopping threads took: 0.0000980 seconds
100.205: Application time: 0.1610170 seconds
100.206: [GC [PSYoungGen: 480680K->91089K(540672K)] 1048331K->697540K(1325056K), 0.0655770 secs] [Times: user=0.51 sys=0.00, real=0.07 secs] 
100.271: Total time for which application threads were stopped: 0.0664550 seconds, Stopping threads took: 0.0007810 seconds
100.472: Application time: 0.2009120 seconds
100.472: [GC [PSYoungGen: 518097K->45904K(549888K)] 1124548K->702634K(1334272K), 0.0487020 secs] [Times: user=0.38 sys=0.00, real=0.04 secs] 
100.521: Total time for which application threads were stopped: 0.0489090 seconds, Stopping threads took: 0.0001110 seconds
100.685: Application time: 0.1635980 seconds
100.685: [GC [PSYoungGen: 478032K->97930K(530432K)] 1134762K->788336K(1314816K), 0.0666970 secs] [Times: user=0.52 sys=0.00, real=0.07 secs] 
100.752: Total time for which application threads were stopped: 0.0668660 seconds, Stopping threads took: 0.0000810 seconds
100.950: Application time: 0.1983840 seconds
100.950: [GC [PSYoungGen: 530058K->45792K(544768K)] 1220464K->794962K(1329152K), 0.0517940 secs] [Times: user=0.41 sys=0.00, real=0.05 secs] 
101.002: [Full GC [PSYoungGen: 45792K->0K(544768K)] [ParOldGen: 749170K->126125K(816640K)] 794962K->126125K(1361408K) [PSPermGen: 9132K->9132K(21504K)], 0.1507120 secs] [Times: user=1.09 sys=0.00, real=0.15 secs] 
101.153: Total time for which application threads were stopped: 0.2027230 seconds, Stopping threads took: 0.0000700 seconds
101.316: Application time: 0.1630010 seconds
101.316: [GC [PSYoungGen: 421376K->101760K(523264K)] 547501K->227885K(1339904K), 0.0535180 secs] [Times: user=0.43 sys=0.00, real=0.05 secs] 
101.369: Total time for which application threads were stopped: 0.0537430 seconds, Stopping threads took: 0.0001220 seconds
101.570: Application time: 0.2003160 seconds
101.570: [GC [PSYoungGen: 523136K->39841K(538112K)] 649261K->231177K(1354752K), 0.0550590 secs] [Times: user=0.43 sys=0.00, real=0.05 secs] 
101.625: Total time for which application threads were stopped: 0.0552320 seconds, Stopping threads took: 0.0000860 seconds
101.786: Application time: 0.1607620 seconds
101.786: [GC [PSYoungGen: 448417K->83397K(492032K)] 639753K->305080K(1308672K), 0.0580990 secs] [Times: user=0.46 sys=0.00, real=0.06 secs] 
101.844: Total time for which application threads were stopped: 0.0582640 seconds, Stopping threads took: 0.0000800 seconds
102.031: Application time: 0.1867410 seconds
102.031: [GC [PSYoungGen: 491973K->59104K(541184K)] 713656K->333649K(1357824K), 0.0555430 secs] [Times: user=0.44 sys=0.00, real=0.05 secs] 
102.086: Total time for which application threads were stopped: 0.0557330 seconds, Stopping threads took: 0.0000950 seconds
102.264: Application time: 0.1770580 seconds
102.264: [GC [PSYoungGen: 471776K->63877K(476672K)] 746321K->377280K(1293312K), 0.0524370 secs] [Times: user=0.42 sys=0.00, real=0.05 secs] 
102.316: Total time for which application threads were stopped: 0.0526070 seconds, Stopping threads took: 0.0000840 seconds
102.475: Application time: 0.1591360 seconds
102.475: [GC [PSYoungGen: 476549K->81872K(534016K)] 789952K->440354K(1350656K), 0.0617370 secs] [Times: user=0.49 sys=0.00, real=0.06 secs] 
102.537: Total time for which application threads were stopped: 0.0619140 seconds, Stopping threads took: 0.0000890 seconds
102.723: Application time: 0.1859990 seconds
102.723: [GC [PSYoungGen: 496080K->52971K(534016K)] 854562K->460782K(1350656K), 0.0507510 secs] [Times: user=0.41 sys=0.00, real=0.05 secs] 
102.774: Total time for which application threads were stopped: 0.0509200 seconds, Stopping threads took: 0.0000730 seconds
102.932: Application time: 0.1574720 seconds
102.932: [GC [PSYoungGen: 467179K->90696K(541696K)] 874990K->537470K(1358336K), 0.0644100 secs] [Times: user=0.51 sys=0.00, real=0.06 secs] 
102.996: Total time for which application threads were stopped: 0.0645930 seconds, Stopping threads took: 0.0000970 seconds
103.194: Application time: 0.1980910 seconds
103.194: [GC [PSYoungGen: 514632K->46982K(545280K)] 961406K->547826K(1361920K), 0.0525280 secs] [Times: user=0.41 sys=0.00, real=0.05 secs] 
103.247: Total time for which application threads were stopped: 0.0527000 seconds, Stopping threads took: 0.0000850 seconds
103.405: Application time: 0.1582900 seconds
103.405: [GC [PSYoungGen: 470918K->89545K(541184K)] 971762K->627726K(1357824K), 0.0628000 secs] [Times: user=0.50 sys=0.00, real=0.06 secs] 
103.468: Total time for which application threads were stopped: 0.0629990 seconds, Stopping threads took: 0.0001020 seconds
103.671: Application time: 0.2028310 seconds
103.671: [GC [PSYoungGen: 510921K->41869K(544256K)] 1049102K->633833K(1360896K), 0.0500750 secs] [Times: user=0.40 sys=0.00, real=0.04 secs] 
103.721: Total time for which application threads were stopped: 0.0502520 seconds, Stopping threads took: 0.0000900 seconds
103.881: Application time: 0.1596300 seconds
103.881: [GC [PSYoungGen: 463245K->89300K(539648K)] 1055209K->715497K(1356288K), 0.0617460 secs] [Times: user=0.49 sys=0.00, real=0.07 secs] 
103.943: Total time for which application threads were stopped: 0.0619680 seconds, Stopping threads took: 0.0000850 seconds
104.127: Application time: 0.1844340 seconds
104.128: [GC [PSYoungGen: 506580K->54048K(542208K)] 1132777K->734393K(1358848K), 0.0541050 secs] [Times: user=0.42 sys=0.00, real=0.06 secs] 
104.182: Total time for which application threads were stopped: 0.0543020 seconds, Stopping threads took: 0.0000980 seconds
104.354: Application time: 0.1726320 seconds
104.354: [GC [PSYoungGen: 471328K->74684K(536064K)] 1151673K->787235K(1352704K), 0.0555780 secs] [Times: user=0.43 sys=0.00, real=0.06 secs] 
104.410: Total time for which application threads were stopped: 0.0557580 seconds, Stopping threads took: 0.0000910 seconds
104.581: Application time: 0.1707790 seconds
104.581: [GC [PSYoungGen: 494524K->72208K(539136K)] 1207075K->835068K(1355776K), 0.0612890 secs] [Times: user=0.49 sys=0.00, real=0.07 secs] 
104.642: [Full GC [PSYoungGen: 72208K->0K(539136K)] [ParOldGen: 762860K->149923K(860160K)] 835068K->149923K(1399296K) [PSPermGen: 9132K->9132K(21504K)], 0.1842060 secs] [Times: user=1.38 sys=0.00, real=0.18 secs] 
104.827: Total time for which application threads were stopped: 0.2457150 seconds, Stopping threads took: 0.0000710 seconds
105.010: Application time: 0.1830580 seconds
105.010: [GC [PSYoungGen: 419840K->68226K(539136K)] 569763K->218149K(1399296K), 0.0411220 secs] [Times: user=0.32 sys=0.00, real=0.04 secs] 
105.051: Total time for which application threads were stopped: 0.0413250 seconds, Stopping threads took: 0.0001000 seconds
105.225: Application time: 0.1744630 seconds
105.226: [GC [PSYoungGen: 500354K->86058K(543232K)] 650277K->285481K(1403392K), 0.0686560 secs] [Times: user=0.54 sys=0.00, real=0.07 secs] 
105.294: Total time for which application threads were stopped: 0.0688140 seconds, Stopping threads took: 0.0000730 seconds
105.486: Application time: 0.1917830 seconds
105.486: [GC [PSYoungGen: 518186K->51329K(555008K)] 717609K->303049K(1415168K), 0.0512320 secs] [Times: user=0.41 sys=0.00, real=0.05 secs] 
105.537: Total time for which application threads were stopped: 0.0513880 seconds, Stopping threads took: 0.0000700 seconds
105.709: Application time: 0.1716180 seconds
105.709: [GC [PSYoungGen: 493185K->90432K(532480K)] 744905K->378017K(1392640K), 0.0624210 secs] [Times: user=0.50 sys=0.00, real=0.07 secs] 
105.772: Total time for which application threads were stopped: 0.0625940 seconds, Stopping threads took: 0.0000720 seconds
105.975: Application time: 0.2029690 seconds
105.975: [GC [PSYoungGen: 532288K->48577K(551936K)] 819873K->388987K(1412096K), 0.0521020 secs] [Times: user=0.41 sys=0.00, real=0.05 secs] 
106.027: Total time for which application threads were stopped: 0.0522630 seconds, Stopping threads took: 0.0000670 seconds
106.192: Application time: 0.1653370 seconds
106.192: [GC [PSYoungGen: 484801K->96768K(533504K)] 825211K->470890K(1393664K), 0.0639710 secs] [Times: user=0.51 sys=0.00, real=0.06 secs] 
106.256: Total time for which application threads were stopped: 0.0641400 seconds, Stopping threads took: 0.0000800 seconds
106.463: Application time: 0.2062480 seconds
106.463: [GC [PSYoungGen: 532992K->42123K(546304K)] 907114K->469274K(1406464K), 0.0485630 secs] [Times: user=0.39 sys=0.00, real=0.05 secs] 
106.511: Total time for which application threads were stopped: 0.0487500 seconds, Stopping threads took: 0.0000910 seconds
106.674: Application time: 0.1630460 seconds
106.675: [GC [PSYoungGen: 467595K->93639K(519168K)] 894746K->553910K(1379328K), 0.0630750 secs] [Times: user=0.50 sys=0.00, real=0.06 secs] 
106.738: Total time for which application threads were stopped: 0.0632270 seconds, Stopping threads took: 0.0000660 seconds
106.940: Application time: 0.2020560 seconds
106.940: [GC [PSYoungGen: 519111K->44560K(542720K)] 979382K->557731K(1402880K), 0.0490190 secs] [Times: user=0.38 sys=0.00, real=0.05 secs] 
106.989: Total time for which application threads were stopped: 0.0491870 seconds, Stopping threads took: 0.0000830 seconds
107.152: Application time: 0.1626520 seconds
107.152: [GC [PSYoungGen: 462352K->83919K(542208K)] 975523K->628923K(1402368K), 0.0577020 secs] [Times: user=0.46 sys=0.00, real=0.05 secs] 
107.210: Total time for which application threads were stopped: 0.0579280 seconds, Stopping threads took: 0.0001230 seconds
107.390: Application time: 0.1801120 seconds
107.394: [GC [PSYoungGen: 501711K->59600K(536064K)] 1046715K->657837K(1396224K), 0.0553560 secs] [Times: user=0.44 sys=0.00, real=0.05 secs] 
107.449: Total time for which application threads were stopped: 0.0594710 seconds, Stopping threads took: 0.0040330 seconds
107.625: Application time: 0.1758060 seconds
107.625: [GC [PSYoungGen: 477904K->67462K(539136K)] 1076141K->700204K(1399296K), 0.0515500 secs] [Times: user=0.40 sys=0.00, real=0.05 secs] 
107.677: Total time for which application threads were stopped: 0.0517260 seconds, Stopping threads took: 0.0000870 seconds
107.845: Application time: 0.1687270 seconds
107.845: [GC [PSYoungGen: 485766K->74091K(543232K)] 1118508K->752103K(1403392K), 0.0591090 secs] [Times: user=0.46 sys=0.01, real=0.06 secs] 
107.905: Total time for which application threads were stopped: 0.0592890 seconds, Stopping threads took: 0.0000830 seconds
108.097: Application time: 0.1922380 seconds
108.097: [GC [PSYoungGen: 504683K->58586K(543744K)] 1182695K->779259K(1403904K), 0.0520100 secs] [Times: user=0.41 sys=0.00, real=0.05 secs] 
108.149: Total time for which application threads were stopped: 0.0521970 seconds, Stopping threads took: 0.0001010 seconds
108.318: Application time: 0.1686550 seconds
108.318: [GC [PSYoungGen: 489178K->84201K(550400K)] 1209851K->844744K(1410560K), 0.0617900 secs] [Times: user=0.49 sys=0.00, real=0.06 secs] 
108.380: Total time for which application threads were stopped: 0.0619390 seconds, Stopping threads took: 0.0000630 seconds
108.579: Application time: 0.1994580 seconds
108.582: [GC [PSYoungGen: 524009K->51170K(551936K)] 1284552K->861215K(1412096K), 0.0520190 secs] [Times: user=0.41 sys=0.00, real=0.05 secs] 
108.634: [Full GC [PSYoungGen: 51170K->0K(551936K)] [ParOldGen: 810045K->120222K(845312K)] 861215K->120222K(1397248K) [PSPermGen: 9132K->9132K(21504K)], 0.1407920 secs] [Times: user=1.02 sys=0.00, real=0.14 secs] 
108.775: Total time for which application threads were stopped: 0.1954900 seconds, Stopping threads took: 0.0025150 seconds
108.941: Application time: 0.1665610 seconds
108.941: [GC [PSYoungGen: 439808K->101488K(539648K)] 560030K->221710K(1384960K), 0.0544900 secs] [Times: user=0.43 sys=0.00, real=0.06 secs] 
108.996: Total time for which application threads were stopped: 0.0546850 seconds, Stopping threads took: 0.0001060 seconds
109.196: Application time: 0.2001940 seconds
109.198: [GC [PSYoungGen: 530032K->43000K(547840K)] 650254K->228340K(1393152K), 0.0552240 secs] [Times: user=0.43 sys=0.00, real=0.06 secs] 
109.253: Total time for which application threads were stopped: 0.0568560 seconds, Stopping threads took: 0.0015350 seconds
109.413: Application time: 0.1601420 seconds
109.413: [GC [PSYoungGen: 471544K->95200K(537600K)] 656884K->312346K(1382912K), 0.0631270 secs] [Times: user=0.50 sys=0.00, real=0.06 secs] 
109.476: Total time for which application threads were stopped: 0.0633000 seconds, Stopping threads took: 0.0000810 seconds
109.673: Application time: 0.1963950 seconds
109.673: [GC [PSYoungGen: 513504K->46971K(542720K)] 730650K->320270K(1388032K), 0.0508480 secs] [Times: user=0.41 sys=0.00, real=0.05 secs] 
109.724: Total time for which application threads were stopped: 0.0510190 seconds, Stopping threads took: 0.0000800 seconds
109.888: Application time: 0.1641160 seconds
109.888: [GC [PSYoungGen: 465275K->85288K(542208K)] 738574K->396034K(1387520K), 0.0615520 secs] [Times: user=0.49 sys=0.00, real=0.07 secs] 
109.950: Total time for which application threads were stopped: 0.0617460 seconds, Stopping threads took: 0.0000970 seconds
110.137: Application time: 0.1869560 seconds
110.138: [GC [PSYoungGen: 504616K->57024K(476672K)] 815362K->421265K(1321984K), 0.0564510 secs] [Times: user=0.43 sys=0.00, real=0.06 secs] 
110.194: Total time for which application threads were stopped: 0.0575590 seconds, Stopping threads took: 0.0010190 seconds
110.370: Application time: 0.1754810 seconds
110.370: [GC [PSYoungGen: 476352K->64225K(545792K)] 840593K->463919K(1391104K), 0.0511280 secs] [Times: user=0.40 sys=0.00, real=0.04 secs] 
110.421: Total time for which application threads were stopped: 0.0513460 seconds, Stopping threads took: 0.0001290 seconds
110.593: Application time: 0.1721540 seconds
110.593: [GC [PSYoungGen: 489185K->74400K(541184K)] 888879K->517000K(1386496K), 0.0572750 secs] [Times: user=0.46 sys=0.00, real=0.06 secs] 
110.651: Total time for which application threads were stopped: 0.0574650 seconds, Stopping threads took: 0.0000920 seconds
110.843: Application time: 0.1920470 seconds
110.846: [GC [PSYoungGen: 499360K->53450K(545280K)] 941960K->535581K(1390592K), 0.0478090 secs] [Times: user=0.38 sys=0.00, real=0.05 secs] 
110.894: Total time for which application threads were stopped: 0.0508350 seconds, Stopping threads took: 0.0029390 seconds
111.065: Application time: 0.1712130 seconds
111.065: [GC [PSYoungGen: 485066K->81386K(543744K)] 967197K->604293K(1389056K), 0.0609830 secs] [Times: user=0.49 sys=0.00, real=0.06 secs] 
111.126: Total time for which application threads were stopped: 0.0611400 seconds, Stopping threads took: 0.0000730 seconds
111.329: Application time: 0.2032110 seconds
111.329: [GC [PSYoungGen: 513002K->45010K(553984K)] 1035909K->604910K(1399296K), 0.0434560 secs] [Times: user=0.35 sys=0.00, real=0.05 secs] 
111.373: Total time for which application threads were stopped: 0.0436300 seconds, Stopping threads took: 0.0000780 seconds
111.534: Application time: 0.1617480 seconds
111.535: [GC [PSYoungGen: 486354K->96128K(537600K)] 1046254K->686225K(1382912K), 0.0609970 secs] [Times: user=0.49 sys=0.00, real=0.06 secs] 
111.596: Total time for which application threads were stopped: 0.0611640 seconds, Stopping threads took: 0.0000820 seconds
111.801: Application time: 0.2049880 seconds
111.801: [GC [PSYoungGen: 537472K->39408K(548352K)] 1127569K->676214K(1393664K), 0.0431370 secs] [Times: user=0.32 sys=0.00, real=0.05 secs] 
111.844: Total time for which application threads were stopped: 0.0433160 seconds, Stopping threads took: 0.0000900 seconds
111.999: Application time: 0.1546620 seconds
111.999: [GC [PSYoungGen: 468976K->106896K(536576K)] 1105782K->772656K(1381888K), 0.0665680 secs] [Times: user=0.53 sys=0.00, real=0.07 secs] 
112.065: Total time for which application threads were stopped: 0.0667340 seconds, Stopping threads took: 0.0000690 seconds
112.268: Application time: 0.2028790 seconds
112.268: [GC [PSYoungGen: 536464K->37835K(538624K)] 1202224K->762667K(1383936K), 0.0482990 secs] [Times: user=0.38 sys=0.00, real=0.05 secs] 
112.317: Total time for which application threads were stopped: 0.0484740 seconds, Stopping threads took: 0.0000880 seconds
112.458: Application time: 0.1413560 seconds
112.458: [GC [PSYoungGen: 447947K->98672K(508928K)] 1172779K->853471K(1354240K), 0.0636550 secs] [Times: user=0.49 sys=0.00, real=0.07 secs] 
112.522: Total time for which application threads were stopped: 0.0638060 seconds, Stopping threads took: 0.0000620 seconds
112.715: Application time: 0.1935060 seconds
112.716: [GC [PSYoungGen: 508784K->43632K(535040K)] 1263583K->856701K(1380352K), 0.0516680 secs] [Times: user=0.41 sys=0.00, real=0.05 secs] 
112.767: [Full GC [PSYoungGen: 43632K->0K(535040K)] [ParOldGen: 813069K->132450K(883200K)] 856701K->132450K(1418240K) [PSPermGen: 9133K->9133K(21504K)], 0.1614840 secs] [Times: user=1.19 sys=0.00, real=0.16 secs] 
112.929: Total time for which application threads were stopped: 0.2133990 seconds, Stopping threads took: 0.0000860 seconds
113.086: Application time: 0.1570790 seconds
113.086: [GC [PSYoungGen: 400896K->78639K(479744K)] 533346K->211089K(1362944K), 0.0415060 secs] [Times: user=0.33 sys=0.00, real=0.04 secs] 
113.128: Total time for which application threads were stopped: 0.0416990 seconds, Stopping threads took: 0.0001070 seconds
113.306: Application time: 0.1789160 seconds
113.307: [GC [PSYoungGen: 479535K->58560K(535552K)] 611985K->245523K(1418752K), 0.0573410 secs] [Times: user=0.45 sys=0.00, real=0.06 secs] 
113.364: Total time for which application threads were stopped: 0.0575200 seconds, Stopping threads took: 0.0000780 seconds
113.538: Application time: 0.1737610 seconds
113.538: [GC [PSYoungGen: 463975K->58944K(530944K)] 650938K->283518K(1414144K), 0.0499390 secs] [Times: user=0.40 sys=0.00, real=0.05 secs] 
113.588: Total time for which application threads were stopped: 0.0501200 seconds, Stopping threads took: 0.0000940 seconds
113.741: Application time: 0.1529540 seconds
113.741: [GC [PSYoungGen: 464448K->85472K(531456K)] 689022K->352150K(1414656K), 0.0610540 secs] [Times: user=0.49 sys=0.00, real=0.07 secs] 
113.802: Total time for which application threads were stopped: 0.0612230 seconds, Stopping threads took: 0.0000850 seconds
113.997: Application time: 0.1945640 seconds
113.997: [GC [PSYoungGen: 495584K->40201K(532992K)] 762262K->353588K(1416192K), 0.0443180 secs] [Times: user=0.35 sys=0.00, real=0.04 secs] 
114.041: Total time for which application threads were stopped: 0.0445150 seconds, Stopping threads took: 0.0001010 seconds
114.183: Application time: 0.1422120 seconds
114.184: [GC [PSYoungGen: 450313K->102112K(529408K)] 763700K->447576K(1412608K), 0.0647980 secs] [Times: user=0.52 sys=0.00, real=0.06 secs] 
114.248: Total time for which application threads were stopped: 0.0650010 seconds, Stopping threads took: 0.0001140 seconds
114.450: Application time: 0.2016650 seconds
114.450: [GC [PSYoungGen: 509152K->34928K(537088K)] 854616K->438598K(1420288K), 0.0491700 secs] [Times: user=0.39 sys=0.00, real=0.04 secs] 
114.499: Total time for which application threads were stopped: 0.0493540 seconds, Stopping threads took: 0.0000930 seconds
114.650: Application time: 0.1508800 seconds
114.650: [GC [PSYoungGen: 441968K->93261K(529920K)] 845638K->526398K(1413120K), 0.0612390 secs] [Times: user=0.49 sys=0.00, real=0.06 secs] 
114.712: Total time for which application threads were stopped: 0.0614290 seconds, Stopping threads took: 0.0000860 seconds
114.897: Application time: 0.1849600 seconds
114.897: [GC [PSYoungGen: 493133K->45269K(533504K)] 926270K->536163K(1416704K), 0.0521940 secs] [Times: user=0.41 sys=0.00, real=0.05 secs] 
114.949: Total time for which application threads were stopped: 0.0524020 seconds, Stopping threads took: 0.0001180 seconds
115.110: Application time: 0.1608000 seconds
115.110: [GC [PSYoungGen: 445141K->71532K(523264K)] 936035K->594962K(1406464K), 0.0529610 secs] [Times: user=0.42 sys=0.00, real=0.05 secs] 
115.163: Total time for which application threads were stopped: 0.0531460 seconds, Stopping threads took: 0.0000940 seconds
115.330: Application time: 0.1669390 seconds
115.330: [GC [PSYoungGen: 473964K->73776K(528896K)] 997394K->646088K(1412096K), 0.0620490 secs] [Times: user=0.49 sys=0.00, real=0.06 secs] 
115.392: Total time for which application threads were stopped: 0.0622290 seconds, Stopping threads took: 0.0000800 seconds
115.579: Application time: 0.1868150 seconds
115.579: [GC [PSYoungGen: 476208K->43552K(535040K)] 1048520K->657563K(1418240K), 0.0458090 secs] [Times: user=0.35 sys=0.00, real=0.05 secs] 
115.625: Total time for which application threads were stopped: 0.0459810 seconds, Stopping threads took: 0.0000840 seconds
115.771: Application time: 0.1458740 seconds
115.771: [GC [PSYoungGen: 460832K->100432K(518144K)] 1074843K->749114K(1401344K), 0.0657680 secs] [Times: user=0.52 sys=0.00, real=0.06 secs] 
115.837: Total time for which application threads were stopped: 0.0659550 seconds, Stopping threads took: 0.0001010 seconds
116.037: Application time: 0.2004200 seconds
116.037: [GC [PSYoungGen: 517712K->34315K(538112K)] 1166394K->738653K(1421312K), 0.0448880 secs] [Times: user=0.36 sys=0.00, real=0.05 secs] 
116.082: Total time for which application threads were stopped: 0.0450680 seconds, Stopping threads took: 0.0000820 seconds
116.228: Application time: 0.1456630 seconds
116.228: [GC [PSYoungGen: 443403K->104256K(513536K)] 1147741K->837322K(1396736K), 0.0676140 secs] [Times: user=0.54 sys=0.00, real=0.07 secs] 
116.296: Total time for which application threads were stopped: 0.0677890 seconds, Stopping threads took: 0.0000890 seconds
116.492: Application time: 0.1964410 seconds
116.494: [GC [PSYoungGen: 513344K->35114K(530944K)] 1246410K->830419K(1414144K), 0.0518840 secs] [Times: user=0.40 sys=0.01, real=0.05 secs] 
116.546: Total time for which application threads were stopped: 0.0533640 seconds, Stopping threads took: 0.0013810 seconds
116.694: Application time: 0.1483930 seconds
116.694: [GC [PSYoungGen: 428842K->85157K(529920K)] 1224147K->905433K(1413120K), 0.0566140 secs] [Times: user=0.45 sys=0.00, real=0.06 secs] 
116.751: [Full GC [PSYoungGen: 85157K->0K(529920K)] [ParOldGen: 820275K->133487K(907264K)] 905433K->133487K(1437184K) [PSPermGen: 9133K->9133K(21504K)], 0.1443230 secs] [Times: user=1.05 sys=0.00, real=0.14 secs] 
116.895: Total time for which application threads were stopped: 0.2011790 seconds, Stopping threads took: 0.0000810 seconds
117.069: Application time: 0.1740460 seconds
117.069: [GC [PSYoungGen: 393728K->72208K(521728K)] 527215K->205696K(1428992K), 0.0434090 secs] [Times: user=0.35 sys=0.00, real=0.05 secs] 
117.113: Total time for which application threads were stopped: 0.0435810 seconds, Stopping threads took: 0.0000850 seconds
117.284: Application time: 0.1712470 seconds
117.284: [GC [PSYoungGen: 466960K->55281K(525824K)] 600448K->244955K(1433088K), 0.0594810 secs] [Times: user=0.47 sys=0.00, real=0.06 secs] 
117.344: Total time for which application threads were stopped: 0.0596650 seconds, Stopping threads took: 0.0000860 seconds
117.484: Application time: 0.1401020 seconds
117.484: [GC [PSYoungGen: 450033K->90096K(533504K)] 639707K->323171K(1440768K), 0.0644270 secs] [Times: user=0.51 sys=0.00, real=0.06 secs] 
117.548: Total time for which application threads were stopped: 0.0645870 seconds, Stopping threads took: 0.0000760 seconds
117.746: Application time: 0.1978330 seconds
117.746: [GC [PSYoungGen: 496624K->35184K(536064K)] 729699K->318184K(1443328K), 0.0432400 secs] [Times: user=0.34 sys=0.00, real=0.05 secs] 
117.790: Total time for which application threads were stopped: 0.0434080 seconds, Stopping threads took: 0.0000810 seconds
117.939: Application time: 0.1497670 seconds
117.942: [GC [PSYoungGen: 441712K->100242K(525312K)] 724712K->413593K(1432576K), 0.0663180 secs] [Times: user=0.52 sys=0.00, real=0.06 secs] 
118.008: Total time for which application threads were stopped: 0.0686030 seconds, Stopping threads took: 0.0021830 seconds
118.200: Application time: 0.1923980 seconds
118.201: [GC [PSYoungGen: 496018K->33712K(531456K)] 809369K->407718K(1438720K), 0.0475300 secs] [Times: user=0.37 sys=0.00, real=0.05 secs] 
118.248: Total time for which application threads were stopped: 0.0476890 seconds, Stopping threads took: 0.0000710 seconds
118.393: Application time: 0.1446960 seconds
118.393: [GC [PSYoungGen: 429488K->87686K(529920K)] 803494K->485253K(1437184K), 0.0550680 secs] [Times: user=0.44 sys=0.00, real=0.05 secs] 
118.448: Total time for which application threads were stopped: 0.0552450 seconds, Stopping threads took: 0.0000860 seconds
118.622: Application time: 0.1742620 seconds
118.622: [GC [PSYoungGen: 482438K->58512K(453632K)] 880005K->512322K(1360896K), 0.0558140 secs] [Times: user=0.44 sys=0.00, real=0.05 secs] 
118.678: Total time for which application threads were stopped: 0.0559850 seconds, Stopping threads took: 0.0000700 seconds
118.851: Application time: 0.1723710 seconds
118.851: [GC [PSYoungGen: 453264K->52290K(530432K)] 907074K->546517K(1437696K), 0.0486080 secs] [Times: user=0.38 sys=0.00, real=0.04 secs] 
118.899: Total time for which application threads were stopped: 0.0487970 seconds, Stopping threads took: 0.0001020 seconds
119.047: Application time: 0.1479580 seconds
119.050: [GC [PSYoungGen: 451650K->97216K(526848K)] 945877K->634081K(1434112K), 0.0698640 secs] [Times: user=0.56 sys=0.00, real=0.06 secs] 
119.120: Total time for which application threads were stopped: 0.0720910 seconds, Stopping threads took: 0.0021370 seconds
119.323: Application time: 0.2031370 seconds
119.323: [GC [PSYoungGen: 496576K->24760K(531456K)] 1033441K->615982K(1438720K), 0.0431010 secs] [Times: user=0.34 sys=0.00, real=0.04 secs] 
119.366: Total time for which application threads were stopped: 0.0433110 seconds, Stopping threads took: 0.0001100 seconds
119.503: Application time: 0.1370570 seconds
119.503: [GC [PSYoungGen: 423608K->104261K(503296K)] 1014830K->718050K(1410560K), 0.0646780 secs] [Times: user=0.52 sys=0.00, real=0.06 secs] 
119.568: Total time for which application threads were stopped: 0.0648530 seconds, Stopping threads took: 0.0000860 seconds
119.759: Application time: 0.1908870 seconds
119.762: [GC [PSYoungGen: 503109K->33680K(526848K)] 1116898K->707522K(1434112K), 0.0467760 secs] [Times: user=0.37 sys=0.00, real=0.04 secs] 
119.808: Total time for which application threads were stopped: 0.0496440 seconds, Stopping threads took: 0.0027800 seconds
119.951: Application time: 0.1429660 seconds
119.952: [GC [PSYoungGen: 418704K->85520K(525312K)] 1092546K->784696K(1432576K), 0.0558620 secs] [Times: user=0.45 sys=0.00, real=0.05 secs] 
120.007: Total time for which application threads were stopped: 0.0560490 seconds, Stopping threads took: 0.0000880 seconds
120.170: Application time: 0.1628090 seconds
120.174: [GC [PSYoungGen: 470544K->65184K(515072K)] 1169720K->820874K(1422336K), 0.0603070 secs] [Times: user=0.48 sys=0.00, real=0.06 secs] 
120.234: Total time for which application threads were stopped: 0.0637320 seconds, Stopping threads took: 0.0033340 seconds
120.409: Application time: 0.1754570 seconds
120.410: [GC [PSYoungGen: 451744K->44944K(520192K)] 1207434K->845227K(1427456K), 0.0483620 secs] [Times: user=0.37 sys=0.00, real=0.04 secs] 
120.458: Total time for which application threads were stopped: 0.0485370 seconds, Stopping threads took: 0.0000890 seconds
120.596: Application time: 0.1384390 seconds
120.597: [GC [PSYoungGen: 431504K->89947K(531456K)] 1231787K->928491K(1438720K), 0.0635590 secs] [Times: user=0.48 sys=0.01, real=0.06 secs] 
120.660: [Full GC [PSYoungGen: 89947K->0K(531456K)] [ParOldGen: 838543K->149584K(942592K)] 928491K->149584K(1474048K) [PSPermGen: 9134K->9134K(21504K)], 0.1734380 secs] [Times: user=1.29 sys=0.00, real=0.18 secs] 
120.834: Total time for which application threads were stopped: 0.2372260 seconds, Stopping threads took: 0.0000740 seconds
121.037: Application time: 0.2029090 seconds
121.037: [GC [PSYoungGen: 400896K->46687K(448000K)] 550480K->196271K(1390592K), 0.0379400 secs] [Times: user=0.30 sys=0.00, real=0.04 secs] 
121.075: Total time for which application threads were stopped: 0.0381030 seconds, Stopping threads took: 0.0000820 seconds
121.222: Application time: 0.1471540 seconds
121.222: [GC [PSYoungGen: 447419K->97253K(525824K)] 597003K->288702K(1468416K), 0.0721290 secs] [Times: user=0.57 sys=0.00, real=0.07 secs] 
121.294: Total time for which application threads were stopped: 0.0723100 seconds, Stopping threads took: 0.0000840 seconds
121.472: Application time: 0.1781960 seconds
121.474: [GC [PSYoungGen: 493029K->45696K(531456K)] 684478K->295849K(1474048K), 0.0508040 secs] [Times: user=0.40 sys=0.00, real=0.05 secs] 
121.525: Total time for which application threads were stopped: 0.0521410 seconds, Stopping threads took: 0.0012460 seconds
121.678: Application time: 0.1538810 seconds
121.679: [GC [PSYoungGen: 441472K->78976K(525824K)] 691625K->360146K(1468416K), 0.0541400 secs] [Times: user=0.42 sys=0.00, real=0.06 secs] 
121.733: Total time for which application threads were stopped: 0.0543180 seconds, Stopping threads took: 0.0000930 seconds
121.896: Application time: 0.1628360 seconds
121.896: [GC [PSYoungGen: 477824K->71968K(529920K)] 758994K->406252K(1472512K), 0.0606820 secs] [Times: user=0.48 sys=0.00, real=0.06 secs] 
121.956: Total time for which application threads were stopped: 0.0608430 seconds, Stopping threads took: 0.0000670 seconds
122.137: Application time: 0.1807730 seconds
122.137: [GC [PSYoungGen: 470816K->47992K(531456K)] 805100K->430732K(1474048K), 0.0502650 secs] [Times: user=0.38 sys=0.00, real=0.05 secs] 
122.188: Total time for which application threads were stopped: 0.0504480 seconds, Stopping threads took: 0.0000970 seconds
122.346: Application time: 0.1584060 seconds
122.346: [GC [PSYoungGen: 457592K->83123K(533504K)] 840332K->505174K(1476096K), 0.0612260 secs] [Times: user=0.48 sys=0.00, real=0.06 secs] 
122.407: Total time for which application threads were stopped: 0.0613740 seconds, Stopping threads took: 0.0000620 seconds
122.598: Application time: 0.1901880 seconds
122.598: [GC [PSYoungGen: 492723K->42612K(540672K)] 914774K->513819K(1483264K), 0.0474480 secs] [Times: user=0.37 sys=0.00, real=0.05 secs] 
122.645: Total time for which application threads were stopped: 0.0476200 seconds, Stopping threads took: 0.0000740 seconds
122.805: Application time: 0.1593680 seconds
122.805: [GC [PSYoungGen: 461428K->84153K(541696K)] 932635K->585000K(1484288K), 0.0580890 secs] [Times: user=0.46 sys=0.00, real=0.06 secs] 
122.863: Total time for which application threads were stopped: 0.0582640 seconds, Stopping threads took: 0.0000850 seconds
123.049: Application time: 0.1865780 seconds
123.050: [GC [PSYoungGen: 502969K->47968K(540672K)] 1003816K->596450K(1483264K), 0.0470450 secs] [Times: user=0.37 sys=0.00, real=0.05 secs] 
123.097: Total time for which application threads were stopped: 0.0471990 seconds, Stopping threads took: 0.0000660 seconds
123.260: Application time: 0.1632660 seconds
123.260: [GC [PSYoungGen: 467808K->87280K(541696K)] 1016290K->666666K(1484288K), 0.0585370 secs] [Times: user=0.47 sys=0.00, real=0.06 secs] 
123.319: Total time for which application threads were stopped: 0.0587180 seconds, Stopping threads took: 0.0000810 seconds
123.506: Application time: 0.1875840 seconds
123.506: [GC [PSYoungGen: 507120K->59200K(539648K)] 1086506K->691559K(1482240K), 0.0548510 secs] [Times: user=0.43 sys=0.01, real=0.05 secs] 
123.561: Total time for which application threads were stopped: 0.0550270 seconds, Stopping threads took: 0.0000890 seconds
123.733: Application time: 0.1717480 seconds
123.733: [GC [PSYoungGen: 480064K->77506K(541184K)] 1112423K->750450K(1483776K), 0.0598900 secs] [Times: user=0.47 sys=0.01, real=0.06 secs] 
123.793: Total time for which application threads were stopped: 0.0600560 seconds, Stopping threads took: 0.0000780 seconds
123.969: Application time: 0.1764150 seconds
123.970: [GC [PSYoungGen: 498370K->74672K(541696K)] 1171314K->798415K(1484288K), 0.0643650 secs] [Times: user=0.50 sys=0.00, real=0.06 secs] 
124.034: Total time for which application threads were stopped: 0.0645770 seconds, Stopping threads took: 0.0001130 seconds
124.222: Application time: 0.1875590 seconds
124.222: [GC [PSYoungGen: 502704K->62637K(544256K)] 1226447K->832564K(1486848K), 0.0569710 secs] [Times: user=0.45 sys=0.00, real=0.05 secs] 
124.279: Total time for which application threads were stopped: 0.0571320 seconds, Stopping threads took: 0.0000720 seconds
124.453: Application time: 0.1747640 seconds
124.454: [GC [PSYoungGen: 490669K->76086K(548864K)] 1260596K->890646K(1491456K), 0.0623010 secs] [Times: user=0.49 sys=0.00, real=0.06 secs] 
124.516: Total time for which application threads were stopped: 0.0624830 seconds, Stopping threads took: 0.0000950 seconds
124.714: Application time: 0.1979620 seconds
124.717: [GC [PSYoungGen: 514358K->58662K(549376K)] 1328918K->918353K(1491968K), 0.0539800 secs] [Times: user=0.42 sys=0.01, real=0.06 secs] 
124.772: Total time for which application threads were stopped: 0.0575680 seconds, Stopping threads took: 0.0034910 seconds
124.951: Application time: 0.1790140 seconds
124.951: [GC [PSYoungGen: 496934K->76685K(554496K)] 1356625K->977947K(1497088K), 0.0589880 secs] [Times: user=0.43 sys=0.04, real=0.06 secs] 
125.010: [Full GC [PSYoungGen: 76685K->0K(554496K)] [ParOldGen: 901262K->133677K(935424K)] 977947K->133677K(1489920K) [PSPermGen: 9134K->9134K(21504K)], 0.1544710 secs] [Times: user=1.13 sys=0.00, real=0.15 secs] 
125.164: Total time for which application threads were stopped: 0.2137050 seconds, Stopping threads took: 0.0000920 seconds
125.359: Application time: 0.1946350 seconds
125.359: [GC [PSYoungGen: 445952K->71058K(553984K)] 579629K->204736K(1489408K), 0.0420210 secs] [Times: user=0.33 sys=0.00, real=0.04 secs] 
125.401: Total time for which application threads were stopped: 0.0422240 seconds, Stopping threads took: 0.0001030 seconds
125.585: Application time: 0.1840920 seconds
125.585: [GC [PSYoungGen: 517010K->76406K(556032K)] 650688K->262480K(1491456K), 0.0668830 secs] [Times: user=0.53 sys=0.00, real=0.07 secs] 
125.652: Total time for which application threads were stopped: 0.0670490 seconds, Stopping threads took: 0.0000780 seconds
125.847: Application time: 0.1948480 seconds
125.847: [GC [PSYoungGen: 527478K->61808K(555520K)] 713552K->292857K(1490944K), 0.0519540 secs] [Times: user=0.41 sys=0.00, real=0.05 secs] 
125.899: Total time for which application threads were stopped: 0.0521160 seconds, Stopping threads took: 0.0000780 seconds
126.083: Application time: 0.1835930 seconds
126.083: [GC [PSYoungGen: 512880K->75766K(560128K)] 743929K->344715K(1495552K), 0.0564640 secs] [Times: user=0.45 sys=0.00, real=0.05 secs] 
126.140: Total time for which application threads were stopped: 0.0567050 seconds, Stopping threads took: 0.0000900 seconds
126.340: Application time: 0.2004690 seconds
126.340: [GC [PSYoungGen: 534006K->62701K(559616K)] 802955K->374945K(1495040K), 0.0518870 secs] [Times: user=0.41 sys=0.00, real=0.06 secs] 
126.392: Total time for which application threads were stopped: 0.0521130 seconds, Stopping threads took: 0.0001380 seconds
126.578: Application time: 0.1862600 seconds
126.578: [GC [PSYoungGen: 520941K->76189K(563712K)] 833185K->425729K(1499136K), 0.0555020 secs] [Times: user=0.43 sys=0.01, real=0.06 secs] 
126.634: Total time for which application threads were stopped: 0.0556690 seconds, Stopping threads took: 0.0000810 seconds
126.840: Application time: 0.2063870 seconds
126.841: [GC [PSYoungGen: 540573K->61672K(563200K)] 890113K->453337K(1498624K), 0.0518220 secs] [Times: user=0.41 sys=0.00, real=0.06 secs] 
126.892: Total time for which application threads were stopped: 0.0520190 seconds, Stopping threads took: 0.0000930 seconds
127.084: Application time: 0.1912480 seconds
127.084: [GC [PSYoungGen: 526056K->76489K(566272K)] 917721K->504912K(1501696K), 0.0556870 secs] [Times: user=0.44 sys=0.00, real=0.05 secs] 
127.140: Total time for which application threads were stopped: 0.0558460 seconds, Stopping threads took: 0.0000720 seconds
127.347: Application time: 0.2073090 seconds
127.347: [GC [PSYoungGen: 545481K->60717K(566272K)] 973904K->529777K(1501696K), 0.0518760 secs] [Times: user=0.41 sys=0.00, real=0.05 secs] 
127.399: Total time for which application threads were stopped: 0.0520930 seconds, Stopping threads took: 0.0001070 seconds
127.593: Application time: 0.1936440 seconds
127.594: [GC [PSYoungGen: 529709K->80443K(567296K)] 998769K->584846K(1502720K), 0.0571380 secs] [Times: user=0.45 sys=0.00, real=0.06 secs] 
127.651: Total time for which application threads were stopped: 0.0582210 seconds, Stopping threads took: 0.0009950 seconds
127.856: Application time: 0.2049480 seconds
127.856: [GC [PSYoungGen: 551483K->60586K(568832K)] 1055886K->606192K(1504256K), 0.0495140 secs] [Times: user=0.39 sys=0.00, real=0.05 secs] 
127.905: Total time for which application threads were stopped: 0.0497080 seconds, Stopping threads took: 0.0000960 seconds
128.103: Application time: 0.1971020 seconds
128.103: [GC [PSYoungGen: 531626K->79035K(568320K)] 1077232K->658558K(1503744K), 0.0563860 secs] [Times: user=0.44 sys=0.00, real=0.05 secs] 
128.159: Total time for which application threads were stopped: 0.0565530 seconds, Stopping threads took: 0.0000800 seconds
128.360: Application time: 0.2009740 seconds
128.360: [GC [PSYoungGen: 550587K->60925K(532480K)] 1130110K->681729K(1467904K), 0.0497090 secs] [Times: user=0.39 sys=0.00, real=0.06 secs] 
128.410: Total time for which application threads were stopped: 0.0498950 seconds, Stopping threads took: 0.0000890 seconds
128.602: Application time: 0.1918750 seconds
128.602: [GC [PSYoungGen: 532477K->77527K(568320K)] 1153281K->732694K(1503744K), 0.0555060 secs] [Times: user=0.44 sys=0.00, real=0.05 secs] 
128.658: Total time for which application threads were stopped: 0.0556790 seconds, Stopping threads took: 0.0000790 seconds
128.859: Application time: 0.2009710 seconds
128.859: [GC [PSYoungGen: 549591K->63447K(568832K)] 1204758K->758864K(1504256K), 0.0507150 secs] [Times: user=0.39 sys=0.00, real=0.05 secs] 
128.909: Total time for which application threads were stopped: 0.0509160 seconds, Stopping threads took: 0.0001170 seconds
129.102: Application time: 0.1924540 seconds
129.102: [GC [PSYoungGen: 535511K->76272K(569344K)] 1230928K->807390K(1504768K), 0.0549980 secs] [Times: user=0.43 sys=0.00, real=0.05 secs] 
129.157: Total time for which application threads were stopped: 0.0551860 seconds, Stopping threads took: 0.0000910 seconds
129.359: Application time: 0.2023580 seconds
129.360: [GC [PSYoungGen: 550384K->63941K(569344K)] 1281502K->835728K(1504768K), 0.0510480 secs] [Times: user=0.41 sys=0.00, real=0.06 secs] 
129.411: Total time for which application threads were stopped: 0.0512120 seconds, Stopping threads took: 0.0000810 seconds
129.607: Application time: 0.1960670 seconds
129.607: [GC [PSYoungGen: 537932K->73707K(570880K)] 1309719K->881954K(1506304K), 0.0552260 secs] [Times: user=0.43 sys=0.00, real=0.06 secs] 
129.662: Total time for which application threads were stopped: 0.0553970 seconds, Stopping threads took: 0.0000720 seconds
129.871: Application time: 0.2085420 seconds
129.871: [GC [PSYoungGen: 550891K->65979K(570368K)] 1359138K->913722K(1505792K), 0.0532320 secs] [Times: user=0.41 sys=0.00, real=0.05 secs] 
129.924: Total time for which application threads were stopped: 0.0534290 seconds, Stopping threads took: 0.0001080 seconds
130.129: Application time: 0.2050530 seconds
130.129: [GC [PSYoungGen: 543163K->72254K(572416K)] 1390906K->957235K(1507840K), 0.0552780 secs] [Times: user=0.43 sys=0.00, real=0.06 secs] 
130.185: Total time for which application threads were stopped: 0.0554540 seconds, Stopping threads took: 0.0000740 seconds
130.385: Application time: 0.2007380 seconds
130.386: [GC [PSYoungGen: 553534K->69696K(571392K)] 1438515K->989303K(1506816K), 0.0514250 secs] [Times: user=0.38 sys=0.02, real=0.05 secs] 
130.437: [Full GC [PSYoungGen: 69696K->0K(571392K)] [ParOldGen: 919606K->126186K(935424K)] 989303K->126186K(1506816K) [PSPermGen: 9134K->9134K(21504K)], 0.1422100 secs] [Times: user=1.04 sys=0.00, real=0.14 secs] 
130.579: Total time for which application threads were stopped: 0.1938790 seconds, Stopping threads took: 0.0000930 seconds
130.787: Application time: 0.2076250 seconds
130.787: [GC [PSYoungGen: 481280K->84704K(569856K)] 607466K->210890K(1505280K), 0.0486340 secs] [Times: user=0.38 sys=0.00, real=0.05 secs] 
130.836: Total time for which application threads were stopped: 0.0488090 seconds, Stopping threads took: 0.0000710 seconds
131.036: Application time: 0.2000110 seconds
131.036: [GC [PSYoungGen: 566496K->77184K(573952K)] 692682K->259220K(1509376K), 0.0677080 secs] [Times: user=0.53 sys=0.00, real=0.07 secs] 
131.104: Total time for which application threads were stopped: 0.0678670 seconds, Stopping threads took: 0.0000760 seconds
131.312: Application time: 0.2083220 seconds
131.312: [GC [PSYoungGen: 558976K->72553K(571904K)] 741012K->293156K(1507328K), 0.0540780 secs] [Times: user=0.42 sys=0.00, real=0.05 secs] 
131.366: Total time for which application threads were stopped: 0.0542680 seconds, Stopping threads took: 0.0000900 seconds
131.569: Application time: 0.2024480 seconds
131.569: [GC [PSYoungGen: 555369K->77711K(573440K)] 775972K->341008K(1508864K), 0.0582730 secs] [Times: user=0.46 sys=0.00, real=0.06 secs] 
131.627: Total time for which application threads were stopped: 0.0584520 seconds, Stopping threads took: 0.0000920 seconds
131.835: Application time: 0.2082280 seconds
131.835: [GC [PSYoungGen: 560527K->66345K(575488K)] 823824K->371028K(1510912K), 0.0531640 secs] [Times: user=0.42 sys=0.00, real=0.05 secs] 
131.889: Total time for which application threads were stopped: 0.0533640 seconds, Stopping threads took: 0.0000990 seconds
132.090: Application time: 0.2009000 seconds
132.090: [GC [PSYoungGen: 552233K->80928K(567296K)] 856916K->423180K(1502720K), 0.0582530 secs] [Times: user=0.46 sys=0.00, real=0.05 secs] 
132.148: Total time for which application threads were stopped: 0.0584140 seconds, Stopping threads took: 0.0000730 seconds
132.358: Application time: 0.2097790 seconds
132.358: [GC [PSYoungGen: 566816K->62794K(576000K)] 909068K->447323K(1511424K), 0.0513490 secs] [Times: user=0.40 sys=0.00, real=0.05 secs] 
132.409: Total time for which application threads were stopped: 0.0515420 seconds, Stopping threads took: 0.0000920 seconds
132.609: Application time: 0.1999590 seconds
132.609: [GC [PSYoungGen: 547146K->80593K(565248K)] 931675K->494422K(1500672K), 0.0543070 secs] [Times: user=0.43 sys=0.00, real=0.06 secs] 
132.664: Total time for which application threads were stopped: 0.0544760 seconds, Stopping threads took: 0.0000810 seconds
132.875: Application time: 0.2116930 seconds
132.876: [GC [PSYoungGen: 564945K->64976K(574976K)] 978774K->521291K(1510400K), 0.0522330 secs] [Times: user=0.41 sys=0.00, real=0.05 secs] 
132.928: Total time for which application threads were stopped: 0.0524370 seconds, Stopping threads took: 0.0001020 seconds
133.131: Application time: 0.2031960 seconds
133.131: [GC [PSYoungGen: 547280K->81085K(563712K)] 1003595K->571809K(1499136K), 0.0587180 secs] [Times: user=0.47 sys=0.00, real=0.06 secs] 
133.190: Total time for which application threads were stopped: 0.0589140 seconds, Stopping threads took: 0.0001050 seconds
133.401: Application time: 0.2106930 seconds
133.401: [GC [PSYoungGen: 563389K->62736K(573952K)] 1054113K->595143K(1509376K), 0.0522250 secs] [Times: user=0.42 sys=0.00, real=0.06 secs] 
133.453: Total time for which application threads were stopped: 0.0524150 seconds, Stopping threads took: 0.0000920 seconds
133.649: Application time: 0.1962780 seconds
133.650: [GC [PSYoungGen: 542992K->80821K(561152K)] 1075399K->642416K(1496576K), 0.0537520 secs] [Times: user=0.40 sys=0.01, real=0.06 secs] 
133.703: Total time for which application threads were stopped: 0.0539120 seconds, Stopping threads took: 0.0000710 seconds
133.914: Application time: 0.2105140 seconds
133.914: [GC [PSYoungGen: 561077K->60045K(572928K)] 1122672K->660626K(1508352K), 0.0499890 secs] [Times: user=0.39 sys=0.00, real=0.05 secs] 
133.964: Total time for which application threads were stopped: 0.0501730 seconds, Stopping threads took: 0.0000860 seconds
134.160: Application time: 0.1963530 seconds
134.161: [GC [PSYoungGen: 538765K->80926K(560128K)] 1139346K->716278K(1495552K), 0.0556830 secs] [Times: user=0.44 sys=0.00, real=0.06 secs] 
134.216: Total time for which application threads were stopped: 0.0559010 seconds, Stopping threads took: 0.0001310 seconds
134.427: Application time: 0.2112110 seconds
134.428: [GC [PSYoungGen: 559356K->61397K(571904K)] 1194708K->732947K(1507328K), 0.0489970 secs] [Times: user=0.38 sys=0.00, real=0.05 secs] 
134.477: Total time for which application threads were stopped: 0.0491710 seconds, Stopping threads took: 0.0000740 seconds
134.674: Application time: 0.1977950 seconds
134.675: [GC [PSYoungGen: 537534K->72666K(548864K)] 1209084K->780408K(1484288K), 0.0548110 secs] [Times: user=0.41 sys=0.00, real=0.05 secs] 
134.729: Total time for which application threads were stopped: 0.0549750 seconds, Stopping threads took: 0.0000750 seconds
134.935: Application time: 0.2051450 seconds
134.938: [GC [PSYoungGen: 548826K->68269K(570880K)] 1256568K->806860K(1506304K), 0.0486190 secs] [Times: user=0.38 sys=0.00, real=0.05 secs] 
134.986: Total time for which application threads were stopped: 0.0517580 seconds, Stopping threads took: 0.0030360 seconds
135.190: Application time: 0.2041670 seconds
135.191: [GC [PSYoungGen: 545965K->72585K(569344K)] 1284556K->852065K(1504768K), 0.0569480 secs] [Times: user=0.45 sys=0.00, real=0.05 secs] 
135.248: Total time for which application threads were stopped: 0.0571720 seconds, Stopping threads took: 0.0001330 seconds
135.451: Application time: 0.2034520 seconds
135.451: [GC [PSYoungGen: 550281K->72880K(573440K)] 1329761K->889008K(1508864K), 0.0548520 secs] [Times: user=0.44 sys=0.00, real=0.05 secs] 
135.506: Total time for which application threads were stopped: 0.0550370 seconds, Stopping threads took: 0.0000810 seconds
135.711: Application time: 0.2053010 seconds
135.712: [GC [PSYoungGen: 556208K->73990K(572416K)] 1372336K->932548K(1507840K), 0.0584080 secs] [Times: user=0.45 sys=0.01, real=0.06 secs] 
135.770: Total time for which application threads were stopped: 0.0585790 seconds, Stopping threads took: 0.0000830 seconds
135.969: Application time: 0.1990280 seconds
135.969: [GC [PSYoungGen: 557318K->75438K(576000K)] 1415876K->973394K(1511424K), 0.0567310 secs] [Times: user=0.44 sys=0.00, real=0.06 secs] 
136.026: [Full GC [PSYoungGen: 75438K->0K(576000K)] [ParOldGen: 897956K->130134K(961024K)] 973394K->130134K(1537024K) [PSPermGen: 9134K->9134K(21504K)], 0.1464830 secs] [Times: user=1.07 sys=0.00, real=0.15 secs] 
136.173: Total time for which application threads were stopped: 0.2034970 seconds, Stopping threads took: 0.0001170 seconds
136.383: Application time: 0.2105260 seconds
136.383: [GC [PSYoungGen: 487936K->84835K(576000K)] 618070K->214969K(1537024K), 0.0488210 secs] [Times: user=0.39 sys=0.00, real=0.05 secs] 
136.432: Total time for which application threads were stopped: 0.0489890 seconds, Stopping threads took: 0.0000810 seconds
136.629: Application time: 0.1973360 seconds
136.630: [GC [PSYoungGen: 572771K->83061K(571904K)] 702905K->271824K(1532928K), 0.0716030 secs] [Times: user=0.57 sys=0.00, real=0.06 secs] 
136.701: Total time for which application threads were stopped: 0.0718060 seconds, Stopping threads took: 0.0000890 seconds
136.912: Application time: 0.2108710 seconds
136.912: [GC [PSYoungGen: 563829K->66592K(573952K)] 752592K->305491K(1534976K), 0.0580600 secs] [Times: user=0.46 sys=0.00, real=0.06 secs] 
136.970: Total time for which application threads were stopped: 0.0582470 seconds, Stopping threads took: 0.0000980 seconds
137.161: Application time: 0.1902080 seconds
137.161: [GC [PSYoungGen: 547360K->88352K(567296K)] 786259K->370306K(1528320K), 0.0635060 secs] [Times: user=0.50 sys=0.00, real=0.07 secs] 
137.224: Total time for which application threads were stopped: 0.0637010 seconds, Stopping threads took: 0.0000940 seconds
137.438: Application time: 0.2138050 seconds
137.438: [GC [PSYoungGen: 562976K->67200K(570880K)] 844930K->400804K(1531904K), 0.0591690 secs] [Times: user=0.47 sys=0.00, real=0.06 secs] 
137.497: Total time for which application threads were stopped: 0.0593680 seconds, Stopping threads took: 0.0001020 seconds
137.689: Application time: 0.1914190 seconds
137.689: [GC [PSYoungGen: 541824K->89168K(564736K)] 875428K->466259K(1525760K), 0.0661210 secs] [Times: user=0.52 sys=0.00, real=0.07 secs] 
137.755: Total time for which application threads were stopped: 0.0663010 seconds, Stopping threads took: 0.0000810 seconds
137.870: Application time: 0.1147660 seconds
137.874: Total time for which application threads were stopped: 0.0037160 seconds, Stopping threads took: 0.0036950 seconds
137.986: Application time: 0.1123010 seconds
137.986: [GC [PSYoungGen: 558672K->41024K(510976K)] 935763K->462843K(1472000K), 0.0450120 secs] [Times: user=0.35 sys=0.00, real=0.05 secs] 
138.031: Total time for which application threads were stopped: 0.0451690 seconds, Stopping threads took: 0.0000700 seconds
138.054: Application time: 0.0227950 seconds
138.054: Total time for which application threads were stopped: 0.0000800 seconds, Stopping threads took: 0.0000580 seconds
138.088: Application time: 0.0336120 seconds
138.088: Total time for which application threads were stopped: 0.0000670 seconds, Stopping threads took: 0.0000460 seconds
138.093: Application time: 0.0056340 seconds
138.093: Total time for which application threads were stopped: 0.0000640 seconds, Stopping threads took: 0.0000420 seconds
138.102: Application time: 0.0083540 seconds
138.102: Total time for which application threads were stopped: 0.0000650 seconds, Stopping threads took: 0.0000430 seconds
138.107: Application time: 0.0051470 seconds
138.107: Total time for which application threads were stopped: 0.0000320 seconds, Stopping threads took: 0.0000130 seconds
138.199: Application time: 0.0918390 seconds
138.199: Total time for which application threads were stopped: 0.0001100 seconds, Stopping threads took: 0.0000720 seconds
138.277: Application time: 0.0776660 seconds
138.277: [GC [PSYoungGen: 510528K->102368K(524800K)] 932347K->555892K(1485824K), 0.0617610 secs] [Times: user=0.48 sys=0.00, real=0.06 secs] 
138.339: Total time for which application threads were stopped: 0.0619330 seconds, Stopping threads took: 0.0000850 seconds
138.553: Application time: 0.2144620 seconds
138.553: [GC [PSYoungGen: 524768K->49280K(472064K)] 978292K->565366K(1433088K), 0.0564130 secs] [Times: user=0.44 sys=0.00, real=0.06 secs] 
138.610: Total time for which application threads were stopped: 0.0565900 seconds, Stopping threads took: 0.0000870 seconds
138.702: Application time: 0.0919820 seconds
138.702: Total time for which application threads were stopped: 0.0001080 seconds, Stopping threads took: 0.0000720 seconds
138.761: Application time: 0.0593330 seconds
138.761: [GC [PSYoungGen: 471680K->92512K(541184K)] 987766K->655871K(1502208K), 0.0702610 secs] [Times: user=0.55 sys=0.00, real=0.08 secs] 
138.832: Total time for which application threads were stopped: 0.0704900 seconds, Stopping threads took: 0.0001330 seconds
139.028: Application time: 0.1965970 seconds
139.030: [GC [PSYoungGen: 510816K->52832K(542720K)] 1074175K->675472K(1503744K), 0.0598630 secs] [Times: user=0.47 sys=0.00, real=0.06 secs] 
139.090: Total time for which application threads were stopped: 0.0614390 seconds, Stopping threads took: 0.0014770 seconds
139.265: Application time: 0.1752100 seconds
139.265: [GC [PSYoungGen: 471065K->64262K(536064K)] 1093705K->726450K(1497088K), 0.0538850 secs] [Times: user=0.42 sys=0.00, real=0.05 secs] 
139.319: Total time for which application threads were stopped: 0.0540720 seconds, Stopping threads took: 0.0000800 seconds
139.482: Application time: 0.1632240 seconds
139.482: [GC [PSYoungGen: 483078K->83168K(539648K)] 1145266K->793936K(1500672K), 0.0661930 secs] [Times: user=0.52 sys=0.00, real=0.06 secs] 
139.548: Total time for which application threads were stopped: 0.0663810 seconds, Stopping threads took: 0.0000940 seconds
139.750: Application time: 0.2016450 seconds
139.750: [GC [PSYoungGen: 501984K->31906K(542208K)] 1212752K->781169K(1503232K), 0.0393770 secs] [Times: user=0.31 sys=0.01, real=0.04 secs] 
139.790: Total time for which application threads were stopped: 0.0395580 seconds, Stopping threads took: 0.0000780 seconds
139.929: Application time: 0.1396580 seconds
139.929: [GC [PSYoungGen: 454306K->115200K(538112K)] 1203569K->891700K(1499136K), 0.0710230 secs] [Times: user=0.56 sys=0.01, real=0.07 secs] 
140.001: Total time for which application threads were stopped: 0.0712190 seconds, Stopping threads took: 0.0000920 seconds
140.219: Application time: 0.2187620 seconds
140.219: [GC [PSYoungGen: 537600K->14944K(519680K)] 1314100K->842382K(1480704K), 0.0337300 secs] [Times: user=0.26 sys=0.00, real=0.04 secs] 
140.253: Total time for which application threads were stopped: 0.0339400 seconds, Stopping threads took: 0.0000980 seconds
140.369: Application time: 0.1161330 seconds
140.370: [GC [PSYoungGen: 405600K->118352K(509440K)] 1233038K->959447K(1470464K), 0.0651020 secs] [Times: user=0.50 sys=0.00, real=0.07 secs] 
140.435: Total time for which application threads were stopped: 0.0652870 seconds, Stopping threads took: 0.0000930 seconds
140.632: Application time: 0.1968580 seconds
140.634: [GC [PSYoungGen: 509008K->26688K(516608K)] 1350103K->932797K(1477632K), 0.0452210 secs] [Times: user=0.36 sys=0.00, real=0.04 secs] 
140.679: [Full GC [PSYoungGen: 26688K->0K(516608K)] [ParOldGen: 906109K->130392K(1009152K)] 932797K->130392K(1525760K) [PSPermGen: 9158K->9158K(21504K)], 0.1647900 secs] [Times: user=1.21 sys=0.00, real=0.17 secs] 
140.844: Total time for which application threads were stopped: 0.2122250 seconds, Stopping threads took: 0.0020440 seconds
140.985: Application time: 0.1412230 seconds
140.990: [GC [PSYoungGen: 367104K->73103K(440320K)] 497496K->203496K(1449472K), 0.0390820 secs] [Times: user=0.30 sys=0.00, real=0.03 secs] 
141.029: Total time for which application threads were stopped: 0.0439380 seconds, Stopping threads took: 0.0047650 seconds
141.176: Application time: 0.1471540 seconds
141.176: [GC [PSYoungGen: 440207K->76416K(515584K)] 570600K->262755K(1524736K), 0.0654370 secs] [Times: user=0.52 sys=0.00, real=0.07 secs] 
141.242: Total time for which application threads were stopped: 0.0656330 seconds, Stopping threads took: 0.0000870 seconds
141.431: Application time: 0.1895550 seconds
141.431: [GC [PSYoungGen: 448640K->23335K(510976K)] 634979K->255920K(1520128K), 0.0404410 secs] [Times: user=0.32 sys=0.00, real=0.04 secs] 
141.472: Total time for which application threads were stopped: 0.0406660 seconds, Stopping threads took: 0.0001320 seconds
141.582: Application time: 0.1104680 seconds
141.583: [GC [PSYoungGen: 395559K->118118K(502784K)] 628144K->372147K(1511936K), 0.0690580 secs] [Times: user=0.54 sys=0.00, real=0.07 secs] 
141.652: Total time for which application threads were stopped: 0.0692260 seconds, Stopping threads took: 0.0000730 seconds
141.833: Application time: 0.1808750 seconds
141.833: [GC [PSYoungGen: 481126K->27040K(515072K)] 735155K->349364K(1524224K), 0.0455530 secs] [Times: user=0.36 sys=0.00, real=0.04 secs] 
141.878: Total time for which application threads were stopped: 0.0457490 seconds, Stopping threads took: 0.0000860 seconds
142.024: Application time: 0.1458740 seconds
142.024: [GC [PSYoungGen: 390048K->66323K(497664K)] 712372K->411540K(1506816K), 0.0481300 secs] [Times: user=0.38 sys=0.00, real=0.05 secs] 
142.073: Total time for which application threads were stopped: 0.0483190 seconds, Stopping threads took: 0.0000940 seconds
142.211: Application time: 0.1384960 seconds
142.211: [GC [PSYoungGen: 430355K->82160K(506880K)] 775572K->479612K(1516032K), 0.0655570 secs] [Times: user=0.52 sys=0.00, real=0.06 secs] 
142.277: Total time for which application threads were stopped: 0.0657290 seconds, Stopping threads took: 0.0000810 seconds
142.461: Application time: 0.1844960 seconds
142.461: [GC [PSYoungGen: 446192K->23258K(523264K)] 843644K->472069K(1532416K), 0.0424810 secs] [Times: user=0.33 sys=0.00, real=0.05 secs] 
142.504: Total time for which application threads were stopped: 0.0426730 seconds, Stopping threads took: 0.0000860 seconds
142.627: Application time: 0.1233260 seconds
142.630: [GC [PSYoungGen: 406746K->110224K(494080K)] 855557K->580286K(1503232K), 0.0668630 secs] [Times: user=0.53 sys=0.00, real=0.06 secs] 
142.697: Total time for which application threads were stopped: 0.0693330 seconds, Stopping threads took: 0.0023750 seconds
142.882: Application time: 0.1857290 seconds
142.882: [GC [PSYoungGen: 493712K->34528K(518656K)] 963774K->567404K(1527808K), 0.0480850 secs] [Times: user=0.38 sys=0.00, real=0.05 secs] 
142.931: Total time for which application threads were stopped: 0.0482750 seconds, Stopping threads took: 0.0000980 seconds
143.084: Application time: 0.1538340 seconds
143.085: [GC [PSYoungGen: 402144K->67850K(435712K)] 935020K->628794K(1444864K), 0.0517990 secs] [Times: user=0.41 sys=0.00, real=0.05 secs] 
143.136: Total time for which application threads were stopped: 0.0520040 seconds, Stopping threads took: 0.0001010 seconds
143.279: Application time: 0.1421950 seconds
143.279: [GC [PSYoungGen: 435466K->76128K(512512K)] 996410K->689075K(1521664K), 0.0627880 secs] [Times: user=0.49 sys=0.00, real=0.07 secs] 
143.342: Total time for which application threads were stopped: 0.0629750 seconds, Stopping threads took: 0.0000840 seconds
143.523: Application time: 0.1817980 seconds
143.524: [GC [PSYoungGen: 447328K->29446K(508928K)] 1060275K->690178K(1518080K), 0.0445640 secs] [Times: user=0.35 sys=0.00, real=0.04 secs] 
143.568: Total time for which application threads were stopped: 0.0447250 seconds, Stopping threads took: 0.0000720 seconds
143.691: Application time: 0.1225630 seconds
143.694: [GC [PSYoungGen: 400646K->104512K(514048K)] 1061378K->792339K(1523200K), 0.0668790 secs] [Times: user=0.52 sys=0.00, real=0.06 secs] 
143.761: Total time for which application threads were stopped: 0.0698850 seconds, Stopping threads took: 0.0029030 seconds
143.945: Application time: 0.1843780 seconds
143.945: [GC [PSYoungGen: 481856K->37168K(522240K)] 1169683K->787537K(1531392K), 0.0505090 secs] [Times: user=0.39 sys=0.00, real=0.05 secs] 
143.996: Total time for which application threads were stopped: 0.0507010 seconds, Stopping threads took: 0.0000940 seconds
144.154: Application time: 0.1584320 seconds
144.154: [GC [PSYoungGen: 414512K->69898K(508416K)] 1164881K->850899K(1517568K), 0.0540120 secs] [Times: user=0.43 sys=0.00, real=0.05 secs] 
144.208: Total time for which application threads were stopped: 0.0541960 seconds, Stopping threads took: 0.0000900 seconds
144.357: Application time: 0.1484810 seconds
144.357: [GC [PSYoungGen: 449802K->75896K(516608K)] 1230803K->908555K(1525760K), 0.0645270 secs] [Times: user=0.51 sys=0.00, real=0.06 secs] 
144.422: Total time for which application threads were stopped: 0.0647570 seconds, Stopping threads took: 0.0001230 seconds
144.604: Application time: 0.1824290 seconds
144.604: [GC [PSYoungGen: 455744K->34825K(524288K)] 1288403K->914884K(1533440K), 0.0451130 secs] [Times: user=0.36 sys=0.00, real=0.04 secs] 
144.649: Total time for which application threads were stopped: 0.0452880 seconds, Stopping threads took: 0.0000840 seconds
144.790: Application time: 0.1408840 seconds
144.790: [GC [PSYoungGen: 431625K->100048K(497152K)] 1311684K->1010811K(1506304K), 0.0687890 secs] [Times: user=0.53 sys=0.00, real=0.06 secs] 
144.859: Total time for which application threads were stopped: 0.0689730 seconds, Stopping threads took: 0.0000930 seconds
145.053: Application time: 0.1941710 seconds
145.053: [GC [PSYoungGen: 496848K->34128K(529920K)] 1407611K->1003068K(1539072K), 0.0450300 secs] [Times: user=0.34 sys=0.02, real=0.04 secs] 
145.099: [Full GC [PSYoungGen: 34128K->0K(529920K)] [ParOldGen: 968940K->127304K(1030656K)] 1003068K->127304K(1560576K) [PSPermGen: 9158K->9158K(21504K)], 0.1604450 secs] [Times: user=1.17 sys=0.00, real=0.16 secs] 
145.259: Total time for which application threads were stopped: 0.2057360 seconds, Stopping threads took: 0.0000830 seconds
145.409: Application time: 0.1501720 seconds
145.409: [GC [PSYoungGen: 390656K->84380K(527872K)] 517960K->211684K(1558528K), 0.0438360 secs] [Times: user=0.35 sys=0.00, real=0.05 secs] 
145.453: Total time for which application threads were stopped: 0.0440420 seconds, Stopping threads took: 0.0001030 seconds
145.619: Application time: 0.1657860 seconds
145.619: [GC [PSYoungGen: 475036K->64080K(517120K)] 602340K->248278K(1547776K), 0.0586780 secs] [Times: user=0.46 sys=0.00, real=0.06 secs] 
145.678: Total time for which application threads were stopped: 0.0588720 seconds, Stopping threads took: 0.0000900 seconds
145.852: Application time: 0.1744980 seconds
145.854: [GC [PSYoungGen: 456272K->51221K(522752K)] 640470K->274128K(1553408K), 0.0460380 secs] [Times: user=0.36 sys=0.00, real=0.04 secs] 
145.900: Total time for which application threads were stopped: 0.0473080 seconds, Stopping threads took: 0.0011760 seconds
146.043: Application time: 0.1430050 seconds
146.043: [GC [PSYoungGen: 443413K->92528K(531456K)] 666320K->355589K(1562112K), 0.0649290 secs] [Times: user=0.51 sys=0.00, real=0.06 secs] 
146.108: Total time for which application threads were stopped: 0.0651290 seconds, Stopping threads took: 0.0001080 seconds
146.305: Application time: 0.1969090 seconds
146.305: [GC [PSYoungGen: 497520K->31472K(536064K)] 760581K->350100K(1566720K), 0.0460890 secs] [Times: user=0.36 sys=0.00, real=0.05 secs] 
146.351: Total time for which application threads were stopped: 0.0462860 seconds, Stopping threads took: 0.0000930 seconds
146.495: Application time: 0.1438890 seconds
146.495: [GC [PSYoungGen: 436464K->98032K(524288K)] 755092K->443108K(1554944K), 0.0628440 secs] [Times: user=0.50 sys=0.00, real=0.06 secs] 
146.558: Total time for which application threads were stopped: 0.0630450 seconds, Stopping threads took: 0.0001110 seconds
146.747: Application time: 0.1891490 seconds
146.747: [GC [PSYoungGen: 491760K->38688K(530432K)] 836836K->441943K(1561088K), 0.0480900 secs] [Times: user=0.38 sys=0.00, real=0.05 secs] 
146.795: Total time for which application threads were stopped: 0.0482560 seconds, Stopping threads took: 0.0000730 seconds
146.953: Application time: 0.1574750 seconds
146.954: [GC [PSYoungGen: 432416K->79548K(525312K)] 835671K->514481K(1555968K), 0.0563220 secs] [Times: user=0.44 sys=0.00, real=0.06 secs] 
147.010: Total time for which application threads were stopped: 0.0571310 seconds, Stopping threads took: 0.0007010 seconds
147.175: Application time: 0.1647310 seconds
147.178: [GC [PSYoungGen: 475324K->67472K(528896K)] 910257K->557389K(1559552K), 0.0612410 secs] [Times: user=0.48 sys=0.00, real=0.06 secs] 
147.239: Total time for which application threads were stopped: 0.0641910 seconds, Stopping threads took: 0.0028540 seconds
147.417: Application time: 0.1783760 seconds
147.417: [GC [PSYoungGen: 463248K->49571K(528896K)] 953165K->580865K(1559552K), 0.0466620 secs] [Times: user=0.37 sys=0.00, real=0.05 secs] 
147.464: Total time for which application threads were stopped: 0.0468610 seconds, Stopping threads took: 0.0001060 seconds
147.613: Application time: 0.1490550 seconds
147.613: [GC [PSYoungGen: 456099K->94738K(530432K)] 987393K->665038K(1561088K), 0.0669810 secs] [Times: user=0.53 sys=0.00, real=0.06 secs] 
147.680: Total time for which application threads were stopped: 0.0671550 seconds, Stopping threads took: 0.0000670 seconds
147.879: Application time: 0.1987510 seconds
147.879: [GC [PSYoungGen: 501266K->29058K(537088K)] 1071566K->652633K(1567744K), 0.0427650 secs] [Times: user=0.33 sys=0.00, real=0.05 secs] 
147.922: Total time for which application threads were stopped: 0.0429680 seconds, Stopping threads took: 0.0001110 seconds
148.061: Application time: 0.1385600 seconds
148.061: [GC [PSYoungGen: 437122K->101664K(509952K)] 1060697K->749436K(1540608K), 0.0635100 secs] [Times: user=0.50 sys=0.00, real=0.07 secs] 
148.124: Total time for which application threads were stopped: 0.0637050 seconds, Stopping threads took: 0.0001010 seconds
148.323: Application time: 0.1987150 seconds
148.326: [GC [PSYoungGen: 509728K->36176K(531968K)] 1157500K->742641K(1562624K), 0.0474500 secs] [Times: user=0.38 sys=0.00, real=0.05 secs] 
148.373: Total time for which application threads were stopped: 0.0500470 seconds, Stopping threads took: 0.0024860 seconds
148.520: Application time: 0.1472260 seconds
148.521: [GC [PSYoungGen: 430928K->85653K(529920K)] 1137393K->821952K(1560576K), 0.0580350 secs] [Times: user=0.46 sys=0.00, real=0.06 secs] 
148.579: Total time for which application threads were stopped: 0.0582280 seconds, Stopping threads took: 0.0000990 seconds
148.749: Application time: 0.1706310 seconds
148.749: [GC [PSYoungGen: 480405K->65008K(519680K)] 1216704K->856403K(1550336K), 0.0601550 secs] [Times: user=0.47 sys=0.00, real=0.07 secs] 
148.810: Total time for which application threads were stopped: 0.0603480 seconds, Stopping threads took: 0.0001000 seconds
148.984: Application time: 0.1745130 seconds
148.984: [GC [PSYoungGen: 460784K->52056K(525312K)] 1252179K->883472K(1555968K), 0.0495920 secs] [Times: user=0.39 sys=0.00, real=0.05 secs] 
149.034: Total time for which application threads were stopped: 0.0498060 seconds, Stopping threads took: 0.0001080 seconds
149.182: Application time: 0.1481060 seconds
149.182: [GC [PSYoungGen: 447832K->87175K(536576K)] 1279248K->959436K(1567232K), 0.0645110 secs] [Times: user=0.52 sys=0.00, real=0.06 secs] 
149.247: Total time for which application threads were stopped: 0.0646870 seconds, Stopping threads took: 0.0000850 seconds
149.445: Application time: 0.1979070 seconds
149.446: [GC [PSYoungGen: 498311K->32518K(539136K)] 1370572K->954346K(1569792K), 0.0437970 secs] [Times: user=0.34 sys=0.00, real=0.04 secs] 
149.489: Total time for which application threads were stopped: 0.0448410 seconds, Stopping threads took: 0.0009510 seconds
149.629: Application time: 0.1397420 seconds
149.629: [GC [PSYoungGen: 443654K->104752K(521216K)] 1365482K->1052836K(1551872K), 0.0659670 secs] [Times: user=0.52 sys=0.00, real=0.07 secs] 
149.695: Total time for which application threads were stopped: 0.0661420 seconds, Stopping threads took: 0.0000770 seconds
149.889: Application time: 0.1932050 seconds
149.889: [GC [PSYoungGen: 498480K->33344K(530432K)] 1446564K->1040349K(1561088K), 0.0456310 secs] [Times: user=0.35 sys=0.01, real=0.05 secs] 
149.934: [Full GC [PSYoungGen: 33344K->0K(530432K)] [ParOldGen: 1007005K->129627K(1048064K)] 1040349K->129627K(1578496K) [PSPermGen: 9158K->9158K(21504K)], 0.1635340 secs] [Times: user=1.20 sys=0.01, real=0.16 secs] 
150.098: Total time for which application threads were stopped: 0.2093910 seconds, Stopping threads took: 0.0000760 seconds
150.249: Application time: 0.1506230 seconds
150.249: [GC [PSYoungGen: 393728K->88606K(528384K)] 523355K->218233K(1576448K), 0.0453930 secs] [Times: user=0.35 sys=0.00, real=0.05 secs] 
150.294: Total time for which application threads were stopped: 0.0455980 seconds, Stopping threads took: 0.0000960 seconds
150.465: Application time: 0.1705500 seconds
150.465: [GC [PSYoungGen: 481310K->61760K(454656K)] 610937K->249559K(1502720K), 0.0591780 secs] [Times: user=0.47 sys=0.00, real=0.06 secs] 
150.524: Total time for which application threads were stopped: 0.0593510 seconds, Stopping threads took: 0.0000800 seconds
150.699: Application time: 0.1748080 seconds
150.699: [GC [PSYoungGen: 454464K->51965K(529408K)] 642263K->278566K(1577472K), 0.0472060 secs] [Times: user=0.37 sys=0.00, real=0.05 secs] 
150.746: Total time for which application threads were stopped: 0.0474090 seconds, Stopping threads took: 0.0001080 seconds
150.902: Application time: 0.1554380 seconds
150.902: [GC [PSYoungGen: 450301K->85158K(525312K)] 676902K->351852K(1573376K), 0.0630940 secs] [Times: user=0.49 sys=0.00, real=0.06 secs] 
150.965: Total time for which application threads were stopped: 0.0632760 seconds, Stopping threads took: 0.0000770 seconds
151.155: Application time: 0.1904020 seconds
151.156: [GC [PSYoungGen: 483494K->35915K(538624K)] 750188K->354533K(1586688K), 0.0450760 secs] [Times: user=0.36 sys=0.00, real=0.04 secs] 
151.201: Total time for which application threads were stopped: 0.0452550 seconds, Stopping threads took: 0.0000860 seconds
151.342: Application time: 0.1414990 seconds
151.346: [GC [PSYoungGen: 446027K->102016K(512512K)] 764645K->449230K(1560576K), 0.0641040 secs] [Times: user=0.51 sys=0.00, real=0.07 secs] 
151.410: Total time for which application threads were stopped: 0.0676100 seconds, Stopping threads took: 0.0034100 seconds
151.610: Application time: 0.2003310 seconds
151.610: [GC [PSYoungGen: 512128K->37952K(533504K)] 859342K->441485K(1581568K), 0.0479380 secs] [Times: user=0.38 sys=0.00, real=0.04 secs] 
151.658: Total time for which application threads were stopped: 0.0481380 seconds, Stopping threads took: 0.0000950 seconds
151.811: Application time: 0.1528480 seconds
151.814: [GC [PSYoungGen: 436288K->82836K(531968K)] 839821K->517871K(1580032K), 0.0583600 secs] [Times: user=0.47 sys=0.00, real=0.06 secs] 
151.872: Total time for which application threads were stopped: 0.0609010 seconds, Stopping threads took: 0.0024450 seconds
152.045: Application time: 0.1731940 seconds
152.045: [GC [PSYoungGen: 481172K->57456K(524800K)] 916207K->546086K(1572864K), 0.0542840 secs] [Times: user=0.43 sys=0.00, real=0.05 secs] 
152.100: Total time for which application threads were stopped: 0.0544680 seconds, Stopping threads took: 0.0000930 seconds
152.275: Application time: 0.1750950 seconds
152.278: [GC [PSYoungGen: 457328K->60654K(528384K)] 945958K->587922K(1576448K), 0.0517250 secs] [Times: user=0.40 sys=0.00, real=0.05 secs] 
152.329: Total time for which application threads were stopped: 0.0546350 seconds, Stopping threads took: 0.0028020 seconds
152.489: Application time: 0.1591430 seconds
152.489: [GC [PSYoungGen: 460526K->79456K(537088K)] 987794K->651177K(1585152K), 0.0631060 secs] [Times: user=0.50 sys=0.00, real=0.07 secs] 
152.552: Total time for which application threads were stopped: 0.0632880 seconds, Stopping threads took: 0.0000870 seconds
152.739: Application time: 0.1873910 seconds
152.739: [GC [PSYoungGen: 493664K->47943K(536576K)] 1065385K->665968K(1584640K), 0.0485660 secs] [Times: user=0.39 sys=0.00, real=0.05 secs] 
152.788: Total time for which application threads were stopped: 0.0487590 seconds, Stopping threads took: 0.0000970 seconds
152.940: Application time: 0.1522550 seconds
152.940: [GC [PSYoungGen: 462151K->96624K(534016K)] 1080176K->748971K(1582080K), 0.0653680 secs] [Times: user=0.52 sys=0.00, real=0.07 secs] 
153.006: Total time for which application threads were stopped: 0.0655690 seconds, Stopping threads took: 0.0000950 seconds
153.202: Application time: 0.1962870 seconds
153.202: [GC [PSYoungGen: 510832K->42357K(540672K)] 1163179K->750923K(1588736K), 0.0497590 secs] [Times: user=0.39 sys=0.00, real=0.05 secs] 
153.252: Total time for which application threads were stopped: 0.0499470 seconds, Stopping threads took: 0.0000950 seconds
153.413: Application time: 0.1613550 seconds
153.414: [GC [PSYoungGen: 456565K->90291K(536064K)] 1165131K->832862K(1584128K), 0.0640610 secs] [Times: user=0.51 sys=0.00, real=0.06 secs] 
153.478: Total time for which application threads were stopped: 0.0643110 seconds, Stopping threads took: 0.0001530 seconds
153.666: Application time: 0.1884900 seconds
153.666: [GC [PSYoungGen: 501427K->48112K(539136K)] 1243998K->844450K(1587200K), 0.0529750 secs] [Times: user=0.41 sys=0.00, real=0.05 secs] 
153.719: Total time for which application threads were stopped: 0.0531460 seconds, Stopping threads took: 0.0000680 seconds
153.888: Application time: 0.1688590 seconds
153.888: [GC [PSYoungGen: 459248K->76986K(535552K)] 1255586K->907386K(1583616K), 0.0578300 secs] [Times: user=0.45 sys=0.00, real=0.06 secs] 
153.946: Total time for which application threads were stopped: 0.0580310 seconds, Stopping threads took: 0.0001080 seconds
154.125: Application time: 0.1785980 seconds
154.126: [GC [PSYoungGen: 490682K->61082K(537600K)] 1321082K->941441K(1585664K), 0.0561540 secs] [Times: user=0.45 sys=0.00, real=0.06 secs] 
154.182: Total time for which application threads were stopped: 0.0569500 seconds, Stopping threads took: 0.0007050 seconds
154.355: Application time: 0.1728480 seconds
154.355: [GC [PSYoungGen: 474778K->65757K(534528K)] 1355137K->986002K(1582592K), 0.0562000 secs] [Times: user=0.44 sys=0.00, real=0.06 secs] 
154.411: Total time for which application threads were stopped: 0.0563850 seconds, Stopping threads took: 0.0000790 seconds
154.584: Application time: 0.1727950 seconds
154.584: [GC [PSYoungGen: 489693K->78816K(537600K)] 1409938K->1042745K(1585664K), 0.0617430 secs] [Times: user=0.49 sys=0.00, real=0.06 secs] 
154.646: Total time for which application threads were stopped: 0.0619390 seconds, Stopping threads took: 0.0001010 seconds
154.838: Application time: 0.1920620 seconds
154.838: [GC [PSYoungGen: 502752K->53422K(549376K)] 1466681K->1065299K(1597440K), 0.0534750 secs] [Times: user=0.42 sys=0.00, real=0.06 secs] 
154.892: [Full GC [PSYoungGen: 53422K->0K(549376K)] [ParOldGen: 1011876K->113750K(1042432K)] 1065299K->113750K(1591808K) [PSPermGen: 9158K->9158K(21504K)], 0.1331510 secs] [Times: user=0.95 sys=0.00, real=0.13 secs] 
155.025: Total time for which application threads were stopped: 0.1869280 seconds, Stopping threads took: 0.0001550 seconds
155.192: Application time: 0.1668160 seconds
155.192: [GC [PSYoungGen: 439808K->101106K(541184K)] 553558K->214857K(1583616K), 0.0529230 secs] [Times: user=0.42 sys=0.00, real=0.05 secs] 
155.245: Total time for which application threads were stopped: 0.0531120 seconds, Stopping threads took: 0.0000810 seconds
155.453: Application time: 0.2083290 seconds
155.453: [GC [PSYoungGen: 540914K->51329K(548864K)] 654665K->225515K(1591296K), 0.0564450 secs] [Times: user=0.45 sys=0.01, real=0.06 secs] 
155.510: Total time for which application threads were stopped: 0.0566560 seconds, Stopping threads took: 0.0001010 seconds
155.674: Application time: 0.1646480 seconds
155.675: [GC [PSYoungGen: 480365K->85189K(547328K)] 654551K->297309K(1589760K), 0.0592200 secs] [Times: user=0.47 sys=0.00, real=0.06 secs] 
155.734: Total time for which application threads were stopped: 0.0593990 seconds, Stopping threads took: 0.0000880 seconds
155.924: Application time: 0.1905570 seconds
155.925: [GC [PSYoungGen: 514245K->55778K(544256K)] 726365K->316216K(1586688K), 0.0510040 secs] [Times: user=0.41 sys=0.00, real=0.05 secs] 
155.976: Total time for which application threads were stopped: 0.0512090 seconds, Stopping threads took: 0.0001020 seconds
156.151: Application time: 0.1752210 seconds
156.151: [GC [PSYoungGen: 484834K->76698K(545792K)] 745272K->376020K(1588224K), 0.0573430 secs] [Times: user=0.46 sys=0.00, real=0.05 secs] 
156.208: Total time for which application threads were stopped: 0.0575300 seconds, Stopping threads took: 0.0000930 seconds
156.398: Application time: 0.1899860 seconds
156.402: [GC [PSYoungGen: 505754K->56016K(545280K)] 805076K->403012K(1587712K), 0.0530740 secs] [Times: user=0.42 sys=0.00, real=0.05 secs] 
156.455: Total time for which application threads were stopped: 0.0564680 seconds, Stopping threads took: 0.0032970 seconds
156.631: Application time: 0.1761550 seconds
156.631: [GC [PSYoungGen: 491216K->84747K(547840K)] 838212K->466710K(1590272K), 0.0597370 secs] [Times: user=0.47 sys=0.00, real=0.06 secs] 
156.691: Total time for which application threads were stopped: 0.0599520 seconds, Stopping threads took: 0.0001110 seconds
156.884: Application time: 0.1934880 seconds
156.885: [GC [PSYoungGen: 519947K->54450K(552448K)] 901910K->488935K(1594880K), 0.0525430 secs] [Times: user=0.41 sys=0.00, real=0.05 secs] 
156.937: Total time for which application threads were stopped: 0.0527520 seconds, Stopping threads took: 0.0001140 seconds
157.110: Application time: 0.1731210 seconds
157.114: [GC [PSYoungGen: 494258K->86190K(526336K)] 928743K->555867K(1568768K), 0.0615730 secs] [Times: user=0.49 sys=0.00, real=0.06 secs] 
157.175: Total time for which application threads were stopped: 0.0650040 seconds, Stopping threads took: 0.0033390 seconds
157.375: Application time: 0.1998630 seconds
157.375: [GC [PSYoungGen: 525998K->57200K(554496K)] 995675K->577987K(1596928K), 0.0556410 secs] [Times: user=0.45 sys=0.00, real=0.06 secs] 
157.431: Total time for which application threads were stopped: 0.0558500 seconds, Stopping threads took: 0.0001040 seconds
157.608: Application time: 0.1767800 seconds
157.608: [GC [PSYoungGen: 496496K->78272K(517632K)] 1017283K->635796K(1560064K), 0.0574970 secs] [Times: user=0.45 sys=0.00, real=0.06 secs] 
157.665: Total time for which application threads were stopped: 0.0576870 seconds, Stopping threads took: 0.0000980 seconds
157.856: Application time: 0.1903440 seconds
157.856: [GC [PSYoungGen: 517568K->66176K(554496K)] 1075092K->669391K(1596928K), 0.0554150 secs] [Times: user=0.44 sys=0.00, real=0.06 secs] 
157.911: Total time for which application threads were stopped: 0.0555840 seconds, Stopping threads took: 0.0000790 seconds
158.096: Application time: 0.1843920 seconds
158.096: [GC [PSYoungGen: 509056K->75979K(550912K)] 1112271K->723657K(1593344K), 0.0604010 secs] [Times: user=0.48 sys=0.00, real=0.06 secs] 
158.156: Total time for which application threads were stopped: 0.0605990 seconds, Stopping threads took: 0.0000910 seconds
158.342: Application time: 0.1852430 seconds
158.342: [GC [PSYoungGen: 518859K->71024K(555520K)] 1166537K->768949K(1597952K), 0.0609320 secs] [Times: user=0.48 sys=0.00, real=0.06 secs] 
158.403: Total time for which application threads were stopped: 0.0611000 seconds, Stopping threads took: 0.0000750 seconds
158.597: Application time: 0.1942860 seconds
158.597: [GC [PSYoungGen: 522096K->71388K(554496K)] 1220021K->815537K(1596928K), 0.0607470 secs] [Times: user=0.49 sys=0.00, real=0.06 secs] 
158.658: Total time for which application threads were stopped: 0.0609350 seconds, Stopping threads took: 0.0000820 seconds
158.845: Application time: 0.1869150 seconds
158.845: [GC [PSYoungGen: 522460K->79280K(559616K)] 1266609K->872935K(1602048K), 0.0660330 secs] [Times: user=0.52 sys=0.00, real=0.07 secs] 
158.911: Total time for which application threads were stopped: 0.0662090 seconds, Stopping threads took: 0.0000840 seconds
159.115: Application time: 0.2043080 seconds
159.116: [GC [PSYoungGen: 538032K->63175K(560128K)] 1331687K->902641K(1602560K), 0.0566650 secs] [Times: user=0.45 sys=0.00, real=0.06 secs] 
159.172: Total time for which application threads were stopped: 0.0568630 seconds, Stopping threads took: 0.0000920 seconds
159.354: Application time: 0.1819130 seconds
159.354: [GC [PSYoungGen: 521927K->86496K(561152K)] 1361393K->970999K(1603584K), 0.0676380 secs] [Times: user=0.54 sys=0.00, real=0.07 secs] 
159.422: Total time for which application threads were stopped: 0.0678270 seconds, Stopping threads took: 0.0000960 seconds
159.627: Application time: 0.2045350 seconds
159.630: [GC [PSYoungGen: 548320K->60868K(564224K)] 1432823K->992822K(1606656K), 0.0564930 secs] [Times: user=0.44 sys=0.00, real=0.05 secs] 
159.686: Total time for which application threads were stopped: 0.0596450 seconds, Stopping threads took: 0.0030470 seconds
159.869: Application time: 0.1824800 seconds
159.870: [GC [PSYoungGen: 522692K->90832K(556544K)] 1454646K->1066197K(1598976K), 0.0676860 secs] [Times: user=0.53 sys=0.00, real=0.06 secs] 
159.937: Total time for which application threads were stopped: 0.0687270 seconds, Stopping threads took: 0.0009440 seconds
160.147: Application time: 0.2099250 seconds
160.147: [GC [PSYoungGen: 546000K->53518K(561152K)] 1521365K->1078376K(1603584K), 0.0533810 secs] [Times: user=0.42 sys=0.01, real=0.05 secs] 
160.201: [Full GC [PSYoungGen: 53518K->0K(561152K)] [ParOldGen: 1024858K->120777K(1063936K)] 1078376K->120777K(1625088K) [PSPermGen: 9158K->9158K(21504K)], 0.1430590 secs] [Times: user=1.04 sys=0.00, real=0.15 secs] 
160.344: Total time for which application threads were stopped: 0.1967070 seconds, Stopping threads took: 0.0001040 seconds
160.518: Application time: 0.1742810 seconds
160.518: [GC [PSYoungGen: 455168K->97345K(548864K)] 575945K->218122K(1612800K), 0.0501170 secs] [Times: user=0.39 sys=0.00, real=0.05 secs] 
160.569: Total time for which application threads were stopped: 0.0503200 seconds, Stopping threads took: 0.0001060 seconds
160.774: Application time: 0.2053010 seconds
160.774: [GC [PSYoungGen: 540225K->53025K(555008K)] 661002K->233199K(1618944K), 0.0570890 secs] [Times: user=0.45 sys=0.00, real=0.06 secs] 
160.831: Total time for which application threads were stopped: 0.0572800 seconds, Stopping threads took: 0.0000860 seconds
161.006: Application time: 0.1745040 seconds
161.009: [GC [PSYoungGen: 495905K->86790K(551424K)] 676079K->306558K(1615360K), 0.0637110 secs] [Times: user=0.50 sys=0.00, real=0.07 secs] 
161.073: Total time for which application threads were stopped: 0.0668670 seconds, Stopping threads took: 0.0030610 seconds
161.270: Application time: 0.1976740 seconds
161.270: [GC [PSYoungGen: 526598K->57552K(553472K)] 746366K->326352K(1617408K), 0.0531400 secs] [Times: user=0.42 sys=0.00, real=0.05 secs] 
161.324: Total time for which application threads were stopped: 0.0533530 seconds, Stopping threads took: 0.0001200 seconds
161.499: Application time: 0.1757160 seconds
161.500: [GC [PSYoungGen: 497360K->84085K(553472K)] 766160K->390641K(1617408K), 0.0594940 secs] [Times: user=0.47 sys=0.00, real=0.06 secs] 
161.559: Total time for which application threads were stopped: 0.0597020 seconds, Stopping threads took: 0.0000980 seconds
161.753: Application time: 0.1943500 seconds
161.754: [GC [PSYoungGen: 525429K->62688K(504320K)] 831985K->421305K(1568256K), 0.0578390 secs] [Times: user=0.46 sys=0.00, real=0.06 secs] 
161.811: Total time for which application threads were stopped: 0.0580280 seconds, Stopping threads took: 0.0001010 seconds
162.001: Application time: 0.1894530 seconds
162.001: [GC [PSYoungGen: 504032K->75248K(555520K)] 862649K->472881K(1619456K), 0.0586870 secs] [Times: user=0.46 sys=0.00, real=0.06 secs] 
162.060: Total time for which application threads were stopped: 0.0588890 seconds, Stopping threads took: 0.0000980 seconds
162.248: Application time: 0.1881000 seconds
162.248: [GC [PSYoungGen: 520149K->65753K(552960K)] 917782K->512648K(1616896K), 0.0570750 secs] [Times: user=0.45 sys=0.00, real=0.06 secs] 
162.305: Total time for which application threads were stopped: 0.0572510 seconds, Stopping threads took: 0.0000820 seconds
162.495: Application time: 0.1895640 seconds
162.495: [GC [PSYoungGen: 510681K->75779K(556032K)] 957576K->563861K(1619968K), 0.0593880 secs] [Times: user=0.47 sys=0.00, real=0.06 secs] 
162.554: Total time for which application threads were stopped: 0.0595890 seconds, Stopping threads took: 0.0001050 seconds
162.752: Application time: 0.1979890 seconds
162.752: [GC [PSYoungGen: 526339K->65372K(553984K)] 1014421K->603071K(1617920K), 0.0588740 secs] [Times: user=0.45 sys=0.00, real=0.06 secs] 
162.811: Total time for which application threads were stopped: 0.0590710 seconds, Stopping threads took: 0.0000830 seconds
163.001: Application time: 0.1897330 seconds
163.001: [GC [PSYoungGen: 515932K->76855K(560128K)] 1053631K->656260K(1624064K), 0.0606490 secs] [Times: user=0.47 sys=0.00, real=0.07 secs] 
163.062: Total time for which application threads were stopped: 0.0608360 seconds, Stopping threads took: 0.0000920 seconds
163.259: Application time: 0.1968210 seconds
163.259: [GC [PSYoungGen: 535372K->67826K(559616K)] 1114777K->694917K(1623552K), 0.0591590 secs] [Times: user=0.46 sys=0.00, real=0.06 secs] 
163.318: Total time for which application threads were stopped: 0.0593700 seconds, Stopping threads took: 0.0001060 seconds
163.511: Application time: 0.1929600 seconds
163.511: [GC [PSYoungGen: 526578K->74789K(564224K)] 1153669K->743585K(1628160K), 0.0590730 secs] [Times: user=0.46 sys=0.00, real=0.06 secs] 
163.570: Total time for which application threads were stopped: 0.0592750 seconds, Stopping threads took: 0.0001090 seconds
163.770: Application time: 0.1993910 seconds
163.770: [GC [PSYoungGen: 540709K->67465K(563200K)] 1209505K->778972K(1627136K), 0.0561210 secs] [Times: user=0.45 sys=0.00, real=0.05 secs] 
163.826: Total time for which application threads were stopped: 0.0562920 seconds, Stopping threads took: 0.0000620 seconds
164.022: Application time: 0.1958040 seconds
164.022: [GC [PSYoungGen: 533385K->75642K(567296K)] 1244892K->826128K(1631232K), 0.0773320 secs] [Times: user=0.57 sys=0.00, real=0.07 secs] 
164.099: Total time for which application threads were stopped: 0.0775100 seconds, Stopping threads took: 0.0000820 seconds
164.299: Application time: 0.1999490 seconds
164.299: [GC [PSYoungGen: 547706K->72647K(566784K)] 1298192K->866325K(1630720K), 0.0566560 secs] [Times: user=0.45 sys=0.00, real=0.06 secs] 
164.356: Total time for which application threads were stopped: 0.0568690 seconds, Stopping threads took: 0.0001070 seconds
164.558: Application time: 0.2017850 seconds
164.558: [GC [PSYoungGen: 544711K->71662K(570368K)] 1338389K->906644K(1634304K), 0.0568190 secs] [Times: user=0.45 sys=0.00, real=0.06 secs] 
164.615: Total time for which application threads were stopped: 0.0569830 seconds, Stopping threads took: 0.0000700 seconds
164.815: Application time: 0.2002540 seconds
164.818: [GC [PSYoungGen: 550894K->74443K(569856K)] 1385876K->952153K(1633792K), 0.0582880 secs] [Times: user=0.46 sys=0.00, real=0.06 secs] 
164.876: Total time for which application threads were stopped: 0.0607760 seconds, Stopping threads took: 0.0023840 seconds
165.091: Application time: 0.2149820 seconds
165.094: [GC [PSYoungGen: 553675K->71216K(574976K)] 1431385K->989708K(1638912K), 0.0586570 secs] [Times: user=0.46 sys=0.01, real=0.06 secs] 
165.152: Total time for which application threads were stopped: 0.0613480 seconds, Stopping threads took: 0.0025940 seconds
165.359: Application time: 0.2071430 seconds
165.360: [GC [PSYoungGen: 558128K->73525K(574976K)] 1476620K->1032420K(1638912K), 0.0576470 secs] [Times: user=0.46 sys=0.00, real=0.06 secs] 
165.417: Total time for which application threads were stopped: 0.0578560 seconds, Stopping threads took: 0.0001040 seconds
165.629: Application time: 0.2112910 seconds
165.629: [GC [PSYoungGen: 560437K->69104K(578048K)] 1519332K->1065042K(1641984K), 0.0537400 secs] [Times: user=0.43 sys=0.00, real=0.06 secs] 
165.683: Total time for which application threads were stopped: 0.0539070 seconds, Stopping threads took: 0.0000750 seconds
165.886: Application time: 0.2035290 seconds
165.886: [GC [PSYoungGen: 561136K->78128K(578048K)] 1557074K->1113694K(1641984K), 0.0587320 secs] [Times: user=0.46 sys=0.01, real=0.06 secs] 
165.945: [Full GC [PSYoungGen: 78128K->0K(578048K)] [ParOldGen: 1035565K->138784K(1096704K)] 1113694K->138784K(1674752K) [PSPermGen: 9158K->9158K(21504K)], 0.1644200 secs] [Times: user=1.21 sys=0.00, real=0.16 secs] 
166.110: Total time for which application threads were stopped: 0.2234240 seconds, Stopping threads took: 0.0000980 seconds
166.321: Application time: 0.2110240 seconds
166.321: [GC [PSYoungGen: 492032K->82177K(576000K)] 630816K->220962K(1672704K), 0.0468180 secs] [Times: user=0.37 sys=0.00, real=0.05 secs] 
166.368: Total time for which application threads were stopped: 0.0469850 seconds, Stopping threads took: 0.0000750 seconds
166.575: Application time: 0.2076980 seconds
166.575: [GC [PSYoungGen: 571137K->79232K(568320K)] 709922K->269716K(1665024K), 0.0678590 secs] [Times: user=0.54 sys=0.00, real=0.07 secs] 
166.643: Total time for which application threads were stopped: 0.0680440 seconds, Stopping threads took: 0.0000760 seconds
166.851: Application time: 0.2078280 seconds
166.854: [GC [PSYoungGen: 568192K->69723K(578048K)] 758676K->301244K(1674752K), 0.0529670 secs] [Times: user=0.42 sys=0.00, real=0.05 secs] 
166.907: Total time for which application threads were stopped: 0.0555990 seconds, Stopping threads took: 0.0025340 seconds
167.117: Application time: 0.2103830 seconds
167.117: [GC [PSYoungGen: 558171K->73224K(562176K)] 789692K->335226K(1658880K), 0.0514580 secs] [Times: user=0.41 sys=0.00, real=0.05 secs] 
167.169: Total time for which application threads were stopped: 0.0516390 seconds, Stopping threads took: 0.0000710 seconds
167.375: Application time: 0.2062270 seconds
167.378: [GC [PSYoungGen: 561672K->73643K(577536K)] 823674K->377122K(1674240K), 0.0554490 secs] [Times: user=0.44 sys=0.00, real=0.06 secs] 
167.433: Total time for which application threads were stopped: 0.0582660 seconds, Stopping threads took: 0.0027050 seconds
167.649: Application time: 0.2157170 seconds
167.649: [GC [PSYoungGen: 563627K->68166K(576000K)] 867106K->406733K(1672704K), 0.0516870 secs] [Times: user=0.41 sys=0.00, real=0.05 secs] 
167.701: Total time for which application threads were stopped: 0.0519290 seconds, Stopping threads took: 0.0001310 seconds
167.904: Application time: 0.2028190 seconds
167.904: [GC [PSYoungGen: 558150K->76944K(579584K)] 896717K->454273K(1676288K), 0.0566680 secs] [Times: user=0.45 sys=0.00, real=0.05 secs] 
167.961: Total time for which application threads were stopped: 0.0568620 seconds, Stopping threads took: 0.0001000 seconds
168.174: Application time: 0.2134470 seconds
168.174: [GC [PSYoungGen: 570512K->66155K(579584K)] 947841K->476707K(1676288K), 0.0488850 secs] [Times: user=0.39 sys=0.00, real=0.05 secs] 
168.223: Total time for which application threads were stopped: 0.0490940 seconds, Stopping threads took: 0.0001050 seconds
168.434: Application time: 0.2105030 seconds
168.434: [GC [PSYoungGen: 559723K->70784K(579072K)] 970275K->508930K(1675776K), 0.0487550 secs] [Times: user=0.38 sys=0.00, real=0.05 secs] 
168.483: Total time for which application threads were stopped: 0.0489230 seconds, Stopping threads took: 0.0000770 seconds
168.689: Application time: 0.2064470 seconds
168.689: [GC [PSYoungGen: 565888K->70448K(580096K)] 1004034K->540232K(1676800K), 0.0494850 secs] [Times: user=0.40 sys=0.00, real=0.05 secs] 
168.739: Total time for which application threads were stopped: 0.0496760 seconds, Stopping threads took: 0.0000810 seconds
168.955: Application time: 0.2159120 seconds
168.958: [GC [PSYoungGen: 565552K->66485K(582144K)] 1035336K->558661K(1678848K), 0.0438660 secs] [Times: user=0.35 sys=0.00, real=0.04 secs] 
169.002: Total time for which application threads were stopped: 0.0470150 seconds, Stopping threads took: 0.0030450 seconds
169.215: Application time: 0.2132500 seconds
169.215: [GC [PSYoungGen: 564661K->77573K(582144K)] 1056837K->605137K(1678848K), 0.0563220 secs] [Times: user=0.45 sys=0.00, real=0.06 secs] 
169.271: Total time for which application threads were stopped: 0.0565230 seconds, Stopping threads took: 0.0000950 seconds
169.480: Application time: 0.2087970 seconds
169.480: [GC [PSYoungGen: 575749K->76090K(582144K)] 1103313K->643738K(1678848K), 0.0555980 secs] [Times: user=0.44 sys=0.00, real=0.06 secs] 
169.536: Total time for which application threads were stopped: 0.0557740 seconds, Stopping threads took: 0.0000820 seconds
169.749: Application time: 0.2127410 seconds
169.749: [GC [PSYoungGen: 573242K->75808K(582144K)] 1140890K->683477K(1678848K), 0.0577050 secs] [Times: user=0.46 sys=0.00, real=0.06 secs] 
169.807: Total time for which application threads were stopped: 0.0578900 seconds, Stopping threads took: 0.0000780 seconds
170.012: Application time: 0.2052010 seconds
170.012: [GC [PSYoungGen: 572960K->79106K(580096K)] 1180629K->734430K(1676800K), 0.0624630 secs] [Times: user=0.48 sys=0.00, real=0.06 secs] 
170.074: Total time for which application threads were stopped: 0.0626570 seconds, Stopping threads took: 0.0001020 seconds
170.294: Application time: 0.2195780 seconds
170.294: [GC [PSYoungGen: 574210K->75248K(581120K)] 1229534K->768428K(1677824K), 0.0597040 secs] [Times: user=0.47 sys=0.00, real=0.06 secs] 
170.354: Total time for which application threads were stopped: 0.0599190 seconds, Stopping threads took: 0.0001080 seconds
170.556: Application time: 0.2024900 seconds
170.557: [GC [PSYoungGen: 570352K->84720K(575488K)] 1263532K->827922K(1672192K), 0.0675240 secs] [Times: user=0.54 sys=0.00, real=0.07 secs] 
170.624: Total time for which application threads were stopped: 0.0677210 seconds, Stopping threads took: 0.0001030 seconds
170.842: Application time: 0.2174420 seconds
170.842: [GC [PSYoungGen: 574704K->73078K(578560K)] 1317906K->858256K(1675264K), 0.0608010 secs] [Times: user=0.48 sys=0.00, real=0.06 secs] 
170.903: Total time for which application threads were stopped: 0.0610140 seconds, Stopping threads took: 0.0000930 seconds
171.113: Application time: 0.2108790 seconds
171.114: [GC [PSYoungGen: 563062K->77600K(576512K)] 1348240K->906877K(1673216K), 0.0638090 secs] [Times: user=0.49 sys=0.00, real=0.06 secs] 
171.177: Total time for which application threads were stopped: 0.0640070 seconds, Stopping threads took: 0.0001060 seconds
171.382: Application time: 0.2045070 seconds
171.382: [GC [PSYoungGen: 568608K->78416K(578048K)] 1397885K->953075K(1674752K), 0.0621560 secs] [Times: user=0.50 sys=0.00, real=0.06 secs] 
171.444: Total time for which application threads were stopped: 0.0623430 seconds, Stopping threads took: 0.0000780 seconds
171.663: Application time: 0.2183050 seconds
171.663: [GC [PSYoungGen: 569424K->67104K(579584K)] 1444083K->984585K(1676288K), 0.0569890 secs] [Times: user=0.45 sys=0.00, real=0.05 secs] 
171.720: Total time for which application threads were stopped: 0.0571830 seconds, Stopping threads took: 0.0000990 seconds
171.927: Application time: 0.2066820 seconds
171.927: [GC [PSYoungGen: 559136K->82651K(574976K)] 1476617K->1039926K(1671680K), 0.0623140 secs] [Times: user=0.49 sys=0.00, real=0.06 secs] 
171.989: Total time for which application threads were stopped: 0.0625180 seconds, Stopping threads took: 0.0000980 seconds
172.210: Application time: 0.2211150 seconds
172.210: [GC [PSYoungGen: 574683K->58160K(574976K)] 1531958K->1058175K(1671680K), 0.0516940 secs] [Times: user=0.41 sys=0.00, real=0.05 secs] 
172.262: Total time for which application threads were stopped: 0.0518630 seconds, Stopping threads took: 0.0000730 seconds
172.457: Application time: 0.1946750 seconds
172.457: [GC [PSYoungGen: 544048K->81328K(567296K)] 1544063K->1112408K(1664000K), 0.0563490 secs] [Times: user=0.45 sys=0.00, real=0.06 secs] 
172.513: Total time for which application threads were stopped: 0.0565480 seconds, Stopping threads took: 0.0000880 seconds
172.730: Application time: 0.2167000 seconds
172.730: [GC [PSYoungGen: 567216K->53930K(571904K)] 1598296K->1119168K(1668608K), 0.0431340 secs] [Times: user=0.33 sys=0.01, real=0.04 secs] 
172.773: [Full GC [PSYoungGen: 53930K->0K(571904K)] [ParOldGen: 1065237K->121612K(1104384K)] 1119168K->121612K(1676288K) [PSPermGen: 9158K->9158K(21504K)], 0.1452910 secs] [Times: user=1.06 sys=0.00, real=0.14 secs] 
172.919: Total time for which application threads were stopped: 0.1886780 seconds, Stopping threads took: 0.0001010 seconds
173.108: Application time: 0.1897780 seconds
173.109: [GC [PSYoungGen: 479744K->92142K(571904K)] 601356K->213754K(1676288K), 0.0481550 secs] [Times: user=0.38 sys=0.00, real=0.05 secs] 
173.157: Total time for which application threads were stopped: 0.0483570 seconds, Stopping threads took: 0.0000920 seconds
173.373: Application time: 0.2158780 seconds
173.373: [GC [PSYoungGen: 571886K->50546K(561664K)] 693498K->217038K(1666048K), 0.0471580 secs] [Times: user=0.37 sys=0.00, real=0.04 secs] 
173.420: Total time for which application threads were stopped: 0.0473370 seconds, Stopping threads took: 0.0000870 seconds
173.602: Application time: 0.1822490 seconds
173.602: [GC [PSYoungGen: 516978K->82907K(549376K)] 683470K->273750K(1653760K), 0.0503240 secs] [Times: user=0.40 sys=0.00, real=0.05 secs] 
173.653: Total time for which application threads were stopped: 0.0505150 seconds, Stopping threads took: 0.0000950 seconds
173.868: Application time: 0.2150220 seconds
173.868: [GC [PSYoungGen: 549339K->49882K(563200K)] 740182K->274534K(1667584K), 0.0400960 secs] [Times: user=0.31 sys=0.00, real=0.04 secs] 
173.908: Total time for which application threads were stopped: 0.0402990 seconds, Stopping threads took: 0.0000950 seconds
174.087: Application time: 0.1793510 seconds
174.088: [GC [PSYoungGen: 511194K->82085K(543744K)] 735846K->331966K(1648128K), 0.0501160 secs] [Times: user=0.39 sys=0.00, real=0.05 secs] 
174.138: Total time for which application threads were stopped: 0.0503150 seconds, Stopping threads took: 0.0001040 seconds
174.344: Application time: 0.2067370 seconds
174.345: [GC [PSYoungGen: 543397K->51074K(562176K)] 793278K->335041K(1666560K), 0.0404200 secs] [Times: user=0.31 sys=0.00, real=0.04 secs] 
174.385: Total time for which application threads were stopped: 0.0406080 seconds, Stopping threads took: 0.0000860 seconds
174.569: Application time: 0.1837570 seconds
174.569: [GC [PSYoungGen: 509314K->78720K(562688K)] 793281K->388192K(1667072K), 0.0499470 secs] [Times: user=0.39 sys=0.00, real=0.05 secs] 
174.619: Total time for which application threads were stopped: 0.0501370 seconds, Stopping threads took: 0.0000850 seconds
174.827: Application time: 0.2082730 seconds
174.827: [GC [PSYoungGen: 536960K->49856K(562176K)] 846432K->395607K(1666560K), 0.0420080 secs] [Times: user=0.33 sys=0.00, real=0.04 secs] 
174.869: Total time for which application threads were stopped: 0.0421790 seconds, Stopping threads took: 0.0000780 seconds
175.048: Application time: 0.1788750 seconds
175.048: [GC [PSYoungGen: 508096K->81616K(540160K)] 853847K->453459K(1644544K), 0.0510880 secs] [Times: user=0.41 sys=0.00, real=0.05 secs] 
175.100: Total time for which application threads were stopped: 0.0512610 seconds, Stopping threads took: 0.0000800 seconds
175.303: Application time: 0.2029160 seconds
175.306: [GC [PSYoungGen: 539856K->50704K(561664K)] 911699K->461352K(1666048K), 0.0433270 secs] [Times: user=0.34 sys=0.00, real=0.04 secs] 
175.349: Total time for which application threads were stopped: 0.0465490 seconds, Stopping threads took: 0.0031130 seconds
175.528: Application time: 0.1792900 seconds
175.529: [GC [PSYoungGen: 506896K->82432K(539136K)] 917544K->519945K(1643520K), 0.0531680 secs] [Times: user=0.42 sys=0.00, real=0.06 secs] 
175.582: Total time for which application threads were stopped: 0.0533610 seconds, Stopping threads took: 0.0000990 seconds
175.786: Application time: 0.2047620 seconds
175.787: [GC [PSYoungGen: 538624K->52944K(561152K)] 976137K->534279K(1665536K), 0.0476260 secs] [Times: user=0.38 sys=0.00, real=0.05 secs] 
175.834: Total time for which application threads were stopped: 0.0478070 seconds, Stopping threads took: 0.0000870 seconds
176.019: Application time: 0.1848210 seconds
176.020: [GC [PSYoungGen: 507088K->79904K(560128K)] 988423K->587951K(1664512K), 0.0523300 secs] [Times: user=0.41 sys=0.00, real=0.06 secs] 
176.072: Total time for which application threads were stopped: 0.0530290 seconds, Stopping threads took: 0.0005870 seconds
176.274: Application time: 0.2015190 seconds
176.278: [GC [PSYoungGen: 534048K->54912K(559616K)] 1042095K->608740K(1664000K), 0.0498590 secs] [Times: user=0.39 sys=0.00, real=0.05 secs] 
176.328: Total time for which application threads were stopped: 0.0538890 seconds, Stopping threads took: 0.0039380 seconds
176.515: Application time: 0.1879270 seconds
176.516: [GC [PSYoungGen: 509550K->77136K(560128K)] 1063378K->654267K(1664512K), 0.0511100 secs] [Times: user=0.40 sys=0.00, real=0.05 secs] 
176.567: Total time for which application threads were stopped: 0.0513100 seconds, Stopping threads took: 0.0001090 seconds
176.758: Application time: 0.1911580 seconds
176.758: [GC [PSYoungGen: 531792K->60784K(557568K)] 1108923K->682521K(1661952K), 0.0518700 secs] [Times: user=0.40 sys=0.00, real=0.06 secs] 
176.810: Total time for which application threads were stopped: 0.0520570 seconds, Stopping threads took: 0.0000760 seconds
176.999: Application time: 0.1886810 seconds
176.999: [GC [PSYoungGen: 517488K->74384K(559616K)] 1139225K->724683K(1664000K), 0.0514320 secs] [Times: user=0.40 sys=0.00, real=0.06 secs] 
177.050: Total time for which application threads were stopped: 0.0516060 seconds, Stopping threads took: 0.0000820 seconds
177.246: Application time: 0.1958890 seconds
177.246: [GC [PSYoungGen: 531088K->65824K(557056K)] 1181387K->760968K(1661440K), 0.0553600 secs] [Times: user=0.44 sys=0.00, real=0.06 secs] 
177.302: Total time for which application threads were stopped: 0.0555360 seconds, Stopping threads took: 0.0000840 seconds
177.502: Application time: 0.1998500 seconds
177.502: [GC [PSYoungGen: 528160K->75408K(561152K)] 1223304K->803105K(1665536K), 0.0554290 secs] [Times: user=0.43 sys=0.01, real=0.05 secs] 
177.557: Total time for which application threads were stopped: 0.0556490 seconds, Stopping threads took: 0.0001130 seconds
177.750: Application time: 0.1931000 seconds
177.750: [GC [PSYoungGen: 537744K->66912K(562176K)] 1265441K->841275K(1666560K), 0.0558850 secs] [Times: user=0.45 sys=0.00, real=0.05 secs] 
177.806: Total time for which application threads were stopped: 0.0560680 seconds, Stopping threads took: 0.0000920 seconds
178.003: Application time: 0.1968250 seconds
178.003: [GC [PSYoungGen: 536416K->78048K(565248K)] 1310779K->886428K(1669632K), 0.0573500 secs] [Times: user=0.45 sys=0.00, real=0.05 secs] 
178.061: Total time for which application threads were stopped: 0.0575650 seconds, Stopping threads took: 0.0001040 seconds
178.256: Application time: 0.1949590 seconds
178.258: [GC [PSYoungGen: 547552K->65680K(568320K)] 1355932K->921381K(1672704K), 0.0556260 secs] [Times: user=0.44 sys=0.00, real=0.06 secs] 
178.313: Total time for which application threads were stopped: 0.0575870 seconds, Stopping threads took: 0.0018670 seconds
178.515: Application time: 0.2019750 seconds
178.515: [GC [PSYoungGen: 540304K->76912K(569344K)] 1396005K->963946K(1673728K), 0.0555740 secs] [Times: user=0.44 sys=0.00, real=0.06 secs] 
178.571: Total time for which application threads were stopped: 0.0557720 seconds, Stopping threads took: 0.0000920 seconds
178.773: Application time: 0.2021930 seconds
178.778: [GC [PSYoungGen: 551536K->63504K(569856K)] 1438570K->995022K(1674240K), 0.0554330 secs] [Times: user=0.44 sys=0.00, real=0.06 secs] 
178.833: Total time for which application threads were stopped: 0.0598260 seconds, Stopping threads took: 0.0042970 seconds
179.040: Application time: 0.2068020 seconds
179.040: [GC [PSYoungGen: 540688K->76666K(570880K)] 1472206K->1033706K(1675264K), 0.0530250 secs] [Times: user=0.42 sys=0.00, real=0.06 secs] 
179.093: Total time for which application threads were stopped: 0.0532230 seconds, Stopping threads took: 0.0000930 seconds
179.300: Application time: 0.2068040 seconds
179.300: [GC [PSYoungGen: 553850K->61728K(571904K)] 1510890K->1060033K(1676288K), 0.0520460 secs] [Times: user=0.41 sys=0.00, real=0.06 secs] 
179.352: Total time for which application threads were stopped: 0.0522430 seconds, Stopping threads took: 0.0001010 seconds
179.557: Application time: 0.2043220 seconds
179.557: [GC [PSYoungGen: 540960K->76064K(572416K)] 1539265K->1101762K(1676800K), 0.0529230 secs] [Times: user=0.42 sys=0.00, real=0.06 secs] 
179.610: Total time for which application threads were stopped: 0.0534300 seconds, Stopping threads took: 0.0003970 seconds
179.823: Application time: 0.2127740 seconds
179.823: [GC [PSYoungGen: 555296K->57920K(572928K)] 1580994K->1124137K(1677312K), 0.0509430 secs] [Times: user=0.41 sys=0.00, real=0.05 secs] 
179.874: [Full GC [PSYoungGen: 57920K->0K(572928K)] [ParOldGen: 1066216K->131119K(1139200K)] 1124137K->131119K(1712128K) [PSPermGen: 9162K->9162K(21504K)], 0.1614330 secs] [Times: user=1.17 sys=0.00, real=0.16 secs] 
180.035: Total time for which application threads were stopped: 0.2126070 seconds, Stopping threads took: 0.0000790 seconds
180.234: Application time: 0.1987350 seconds
180.234: [GC [PSYoungGen: 480768K->83884K(564736K)] 611887K->215003K(1703936K), 0.0453630 secs] [Times: user=0.36 sys=0.00, real=0.04 secs] 
180.280: Total time for which application threads were stopped: 0.0455470 seconds, Stopping threads took: 0.0000760 seconds
180.489: Application time: 0.2092800 seconds
180.489: [GC [PSYoungGen: 564652K->59289K(571904K)] 695771K->236295K(1711104K), 0.0530210 secs] [Times: user=0.42 sys=0.00, real=0.06 secs] 
180.542: Total time for which application threads were stopped: 0.0532020 seconds, Stopping threads took: 0.0000870 seconds
180.734: Application time: 0.1916800 seconds
180.734: [GC [PSYoungGen: 534937K->75767K(570880K)] 711943K->277366K(1710080K), 0.0468380 secs] [Times: user=0.38 sys=0.00, real=0.04 secs] 
180.781: Total time for which application threads were stopped: 0.0470310 seconds, Stopping threads took: 0.0000990 seconds
180.994: Application time: 0.2128500 seconds
180.998: [GC [PSYoungGen: 551415K->57910K(571392K)] 753014K->297862K(1710592K), 0.0467420 secs] [Times: user=0.37 sys=0.00, real=0.05 secs] 
181.044: Total time for which application threads were stopped: 0.0507590 seconds, Stopping threads took: 0.0039120 seconds
181.239: Application time: 0.1941900 seconds
181.242: [GC [PSYoungGen: 534070K->77275K(570880K)] 774022K->339119K(1710080K), 0.0477350 secs] [Times: user=0.38 sys=0.00, real=0.04 secs] 
181.289: Total time for which application threads were stopped: 0.0508160 seconds, Stopping threads took: 0.0029830 seconds
181.502: Application time: 0.2123310 seconds
181.504: [GC [PSYoungGen: 553435K->57392K(571904K)] 815279K->355886K(1711104K), 0.0459000 secs] [Times: user=0.36 sys=0.00, real=0.04 secs] 
181.550: Total time for which application threads were stopped: 0.0477300 seconds, Stopping threads took: 0.0017210 seconds
181.737: Application time: 0.1873340 seconds
181.737: [GC [PSYoungGen: 534576K->80875K(558080K)] 833070K->407799K(1697280K), 0.0509440 secs] [Times: user=0.40 sys=0.00, real=0.05 secs] 
181.788: Total time for which application threads were stopped: 0.0511380 seconds, Stopping threads took: 0.0001020 seconds
182.008: Application time: 0.2198510 seconds
182.008: [GC [PSYoungGen: 558059K->53310K(570368K)] 884983K->415013K(1709568K), 0.0456000 secs] [Times: user=0.35 sys=0.00, real=0.05 secs] 
182.054: Total time for which application threads were stopped: 0.0457940 seconds, Stopping threads took: 0.0000810 seconds
182.242: Application time: 0.1884180 seconds
182.242: [GC [PSYoungGen: 526910K->85132K(559104K)] 888613K->475959K(1698304K), 0.0542540 secs] [Times: user=0.42 sys=0.00, real=0.05 secs] 
182.297: Total time for which application threads were stopped: 0.0544620 seconds, Stopping threads took: 0.0001150 seconds
182.512: Application time: 0.2156860 seconds
182.512: [GC [PSYoungGen: 558732K->54788K(567296K)] 949559K->487453K(1706496K), 0.0479670 secs] [Times: user=0.38 sys=0.00, real=0.04 secs] 
182.560: Total time for which application threads were stopped: 0.0481490 seconds, Stopping threads took: 0.0000740 seconds
182.745: Application time: 0.1843660 seconds
182.745: [GC [PSYoungGen: 521732K->87377K(554496K)] 954397K->552099K(1693696K), 0.0568630 secs] [Times: user=0.45 sys=0.00, real=0.06 secs] 
182.802: Total time for which application threads were stopped: 0.0570390 seconds, Stopping threads took: 0.0000800 seconds
183.014: Application time: 0.2126640 seconds
183.015: [GC [PSYoungGen: 554321K->52006K(563712K)] 1019043K->563365K(1702912K), 0.0506150 secs] [Times: user=0.39 sys=0.00, real=0.05 secs] 
183.065: Total time for which application threads were stopped: 0.0508120 seconds, Stopping threads took: 0.0000900 seconds
183.246: Application time: 0.1803340 seconds
183.250: [GC [PSYoungGen: 511782K->87484K(547328K)] 1023141K->632076K(1686528K), 0.0581530 secs] [Times: user=0.46 sys=0.00, real=0.05 secs] 
183.308: Total time for which application threads were stopped: 0.0622720 seconds, Stopping threads took: 0.0040260 seconds
183.517: Application time: 0.2091980 seconds
183.522: [GC [PSYoungGen: 547260K->50027K(560128K)] 1091852K->640124K(1699328K), 0.0485310 secs] [Times: user=0.39 sys=0.00, real=0.05 secs] 
183.570: Total time for which application threads were stopped: 0.0531880 seconds, Stopping threads took: 0.0045510 seconds
183.746: Application time: 0.1759190 seconds
183.746: [GC [PSYoungGen: 503147K->84046K(537600K)] 1093244K->705194K(1676800K), 0.0557310 secs] [Times: user=0.45 sys=0.00, real=0.06 secs] 
183.802: Total time for which application threads were stopped: 0.0559380 seconds, Stopping threads took: 0.0001150 seconds
184.006: Application time: 0.2041820 seconds
184.006: [GC [PSYoungGen: 537166K->50885K(559104K)] 1158314K->716882K(1698304K), 0.0486710 secs] [Times: user=0.38 sys=0.00, real=0.05 secs] 
184.055: Total time for which application threads were stopped: 0.0488530 seconds, Stopping threads took: 0.0000890 seconds
184.239: Application time: 0.1842310 seconds
184.240: [GC [PSYoungGen: 500933K->79659K(558080K)] 1166930K->775502K(1697280K), 0.0553080 secs] [Times: user=0.44 sys=0.00, real=0.06 secs] 
184.295: Total time for which application threads were stopped: 0.0555160 seconds, Stopping threads took: 0.0000930 seconds
184.503: Application time: 0.2082690 seconds
184.503: [GC [PSYoungGen: 529707K->52906K(557568K)] 1225550K->792674K(1696768K), 0.0498640 secs] [Times: user=0.39 sys=0.00, real=0.05 secs] 
184.553: Total time for which application threads were stopped: 0.0500480 seconds, Stopping threads took: 0.0000880 seconds
184.740: Application time: 0.1862930 seconds
184.742: [GC [PSYoungGen: 503466K->76187K(558080K)] 1243234K->842622K(1697280K), 0.0516700 secs] [Times: user=0.41 sys=0.00, real=0.05 secs] 
184.793: Total time for which application threads were stopped: 0.0538590 seconds, Stopping threads took: 0.0020820 seconds
184.991: Application time: 0.1977370 seconds
184.991: [GC [PSYoungGen: 526747K->56960K(557056K)] 1293182K->865017K(1696256K), 0.0500030 secs] [Times: user=0.40 sys=0.00, real=0.04 secs] 
185.041: Total time for which application threads were stopped: 0.0501880 seconds, Stopping threads took: 0.0000910 seconds
185.231: Application time: 0.1895300 seconds
185.231: [GC [PSYoungGen: 510080K->74297K(558080K)] 1318137K->907278K(1697280K), 0.0494440 secs] [Times: user=0.39 sys=0.00, real=0.04 secs] 
185.281: Total time for which application threads were stopped: 0.0496350 seconds, Stopping threads took: 0.0000990 seconds
185.472: Application time: 0.1919250 seconds
185.473: [GC [PSYoungGen: 527417K->61808K(557056K)] 1360398K->937089K(1696256K), 0.0513260 secs] [Times: user=0.40 sys=0.00, real=0.05 secs] 
185.524: Total time for which application threads were stopped: 0.0515140 seconds, Stopping threads took: 0.0000820 seconds
185.719: Application time: 0.1946130 seconds
185.719: [GC [PSYoungGen: 520048K->73648K(559616K)] 1395329K->978422K(1698816K), 0.0513040 secs] [Times: user=0.40 sys=0.01, real=0.06 secs] 
185.770: Total time for which application threads were stopped: 0.0514670 seconds, Stopping threads took: 0.0000720 seconds
185.970: Application time: 0.2002480 seconds
185.970: [GC [PSYoungGen: 531888K->64976K(558592K)] 1436662K->1012550K(1697792K), 0.0542040 secs] [Times: user=0.43 sys=0.00, real=0.05 secs] 
186.025: Total time for which application threads were stopped: 0.0543910 seconds, Stopping threads took: 0.0000940 seconds
186.222: Application time: 0.1977580 seconds
186.223: [GC [PSYoungGen: 530384K->71408K(562688K)] 1477958K->1049294K(1701888K), 0.0508020 secs] [Times: user=0.40 sys=0.00, real=0.05 secs] 
186.273: Total time for which application threads were stopped: 0.0510180 seconds, Stopping threads took: 0.0001080 seconds
186.473: Application time: 0.1994030 seconds
186.473: [GC [PSYoungGen: 536816K->68144K(563200K)] 1514702K->1086977K(1702400K), 0.0558140 secs] [Times: user=0.45 sys=0.00, real=0.05 secs] 
186.529: Total time for which application threads were stopped: 0.0560040 seconds, Stopping threads took: 0.0000930 seconds
186.733: Application time: 0.2045490 seconds
186.734: [GC [PSYoungGen: 542256K->71664K(567296K)] 1561089K->1123070K(1706496K), 0.0537680 secs] [Times: user=0.42 sys=0.00, real=0.05 secs] 
186.787: Total time for which application threads were stopped: 0.0539830 seconds, Stopping threads took: 0.0000940 seconds
186.986: Application time: 0.1990810 seconds
186.990: [GC [PSYoungGen: 545776K->65392K(568832K)] 1597182K->1156078K(1708032K), 0.0513250 secs] [Times: user=0.40 sys=0.00, real=0.04 secs] 
187.041: [Full GC [PSYoungGen: 65392K->0K(568832K)] [ParOldGen: 1090686K->136346K(1162752K)] 1156078K->136346K(1731584K) [PSPermGen: 9165K->9165K(21504K)], 0.1682040 secs] [Times: user=1.24 sys=0.00, real=0.17 secs] 
187.209: Total time for which application threads were stopped: 0.2228250 seconds, Stopping threads took: 0.0031460 seconds
187.409: Application time: 0.2000750 seconds
187.410: [GC [PSYoungGen: 481792K->81400K(571904K)] 618138K->217747K(1734656K), 0.0443500 secs] [Times: user=0.34 sys=0.00, real=0.05 secs] 
187.454: Total time for which application threads were stopped: 0.0445330 seconds, Stopping threads took: 0.0000730 seconds
187.665: Application time: 0.2111060 seconds
187.665: [GC [PSYoungGen: 563192K->60224K(574976K)] 699539K->238724K(1737728K), 0.0531980 secs] [Times: user=0.42 sys=0.00, real=0.05 secs] 
187.718: Total time for which application threads were stopped: 0.0533990 seconds, Stopping threads took: 0.0001070 seconds
187.915: Application time: 0.1965090 seconds
187.915: [GC [PSYoungGen: 542016K->78369K(560640K)] 720516K->284266K(1723392K), 0.0502240 secs] [Times: user=0.39 sys=0.00, real=0.05 secs] 
187.965: Total time for which application threads were stopped: 0.0504310 seconds, Stopping threads took: 0.0000980 seconds
188.179: Application time: 0.2133710 seconds
188.179: [GC [PSYoungGen: 560161K->57834K(573952K)] 766058K->297845K(1736704K), 0.0439890 secs] [Times: user=0.34 sys=0.00, real=0.05 secs] 
188.223: Total time for which application threads were stopped: 0.0441690 seconds, Stopping threads took: 0.0000850 seconds
188.413: Application time: 0.1898410 seconds
188.413: [GC [PSYoungGen: 538090K->83742K(564224K)] 778101K->352783K(1726976K), 0.0522630 secs] [Times: user=0.42 sys=0.00, real=0.05 secs] 
188.465: Total time for which application threads were stopped: 0.0524320 seconds, Stopping threads took: 0.0000760 seconds
188.681: Application time: 0.2159760 seconds
188.681: [GC [PSYoungGen: 563998K->53282K(569856K)] 833039K->356043K(1732608K), 0.0427550 secs] [Times: user=0.34 sys=0.00, real=0.05 secs] 
188.724: Total time for which application threads were stopped: 0.0429550 seconds, Stopping threads took: 0.0000910 seconds
188.914: Application time: 0.1898360 seconds
188.918: [GC [PSYoungGen: 526882K->85212K(559104K)] 829643K->418348K(1721856K), 0.0545710 secs] [Times: user=0.43 sys=0.00, real=0.06 secs] 
188.972: Total time for which application threads were stopped: 0.0582970 seconds, Stopping threads took: 0.0036320 seconds
189.182: Application time: 0.2097090 seconds
189.182: [GC [PSYoungGen: 558812K->58078K(568320K)] 891948K->431621K(1731072K), 0.0481100 secs] [Times: user=0.38 sys=0.00, real=0.05 secs] 
189.230: Total time for which application threads were stopped: 0.0482880 seconds, Stopping threads took: 0.0000730 seconds
189.417: Application time: 0.1866590 seconds
189.417: [GC [PSYoungGen: 526558K->81882K(550400K)] 900101K->491171K(1713152K), 0.0563540 secs] [Times: user=0.45 sys=0.00, real=0.06 secs] 
189.473: Total time for which application threads were stopped: 0.0565430 seconds, Stopping threads took: 0.0000920 seconds
189.679: Application time: 0.2052270 seconds
189.679: [GC [PSYoungGen: 550362K->62693K(567808K)] 959651K->515282K(1730560K), 0.0514070 secs] [Times: user=0.41 sys=0.00, real=0.06 secs] 
189.730: Total time for which application threads were stopped: 0.0515970 seconds, Stopping threads took: 0.0000940 seconds
189.923: Application time: 0.1927610 seconds
189.923: [GC [PSYoungGen: 529637K->78440K(566272K)] 982226K->569932K(1729024K), 0.0584390 secs] [Times: user=0.46 sys=0.00, real=0.06 secs] 
189.982: Total time for which application threads were stopped: 0.0586360 seconds, Stopping threads took: 0.0000910 seconds
190.183: Application time: 0.2015260 seconds
190.183: [GC [PSYoungGen: 545384K->70073K(564224K)] 1036876K->606502K(1726976K), 0.0565560 secs] [Times: user=0.45 sys=0.00, real=0.05 secs] 
190.240: Total time for which application threads were stopped: 0.0567220 seconds, Stopping threads took: 0.0000740 seconds
190.440: Application time: 0.1998300 seconds
190.442: [GC [PSYoungGen: 538553K->75319K(565248K)] 1074982K->653449K(1728000K), 0.0582830 secs] [Times: user=0.46 sys=0.00, real=0.05 secs] 
190.500: Total time for which application threads were stopped: 0.0601820 seconds, Stopping threads took: 0.0017920 seconds
190.698: Application time: 0.1982130 seconds
190.698: [GC [PSYoungGen: 543799K->69216K(566272K)] 1121929K->691774K(1729024K), 0.0580870 secs] [Times: user=0.46 sys=0.00, real=0.06 secs] 
190.757: Total time for which application threads were stopped: 0.0583220 seconds, Stopping threads took: 0.0001380 seconds
190.957: Application time: 0.2005460 seconds
190.962: [GC [PSYoungGen: 543840K->74271K(568320K)] 1166398K->735213K(1731072K), 0.0558360 secs] [Times: user=0.44 sys=0.00, real=0.05 secs] 
191.018: Total time for which application threads were stopped: 0.0605050 seconds, Stopping threads took: 0.0045560 seconds
191.219: Application time: 0.2012990 seconds
191.219: [GC [PSYoungGen: 548895K->68928K(569344K)] 1209837K->773265K(1732096K), 0.0561680 secs] [Times: user=0.44 sys=0.00, real=0.06 secs] 
191.275: Total time for which application threads were stopped: 0.0563610 seconds, Stopping threads took: 0.0001010 seconds
191.478: Application time: 0.2028060 seconds
191.478: [GC [PSYoungGen: 549696K->76602K(571904K)] 1254033K->820188K(1734656K), 0.0578340 secs] [Times: user=0.46 sys=0.00, real=0.06 secs] 
191.538: Total time for which application threads were stopped: 0.0595500 seconds, Stopping threads took: 0.0001170 seconds
191.747: Application time: 0.2089540 seconds
191.747: [GC [PSYoungGen: 557370K->68882K(572928K)] 1300956K->854587K(1735680K), 0.0562950 secs] [Times: user=0.45 sys=0.00, real=0.06 secs] 
191.803: Total time for which application threads were stopped: 0.0564630 seconds, Stopping threads took: 0.0000700 seconds
192.005: Application time: 0.2016240 seconds
192.005: [GC [PSYoungGen: 553746K->78730K(574464K)] 1339451K->904772K(1737216K), 0.0598320 secs] [Times: user=0.47 sys=0.00, real=0.06 secs] 
192.065: Total time for which application threads were stopped: 0.0600150 seconds, Stopping threads took: 0.0000770 seconds
192.271: Application time: 0.2062420 seconds
192.274: [GC [PSYoungGen: 563594K->68464K(575488K)] 1389636K->932000K(1738240K), 0.0533660 secs] [Times: user=0.43 sys=0.00, real=0.05 secs] 
192.327: Total time for which application threads were stopped: 0.0561580 seconds, Stopping threads took: 0.0027000 seconds
192.526: Application time: 0.1985510 seconds
192.526: [GC [PSYoungGen: 555376K->80891K(576000K)] 1418912K->986669K(1738752K), 0.0603390 secs] [Times: user=0.48 sys=0.01, real=0.06 secs] 
192.586: Total time for which application threads were stopped: 0.0605130 seconds, Stopping threads took: 0.0000670 seconds
192.795: Application time: 0.2092980 seconds
192.796: [GC [PSYoungGen: 567803K->73258K(576512K)] 1473581K->1016907K(1739264K), 0.0565010 secs] [Times: user=0.43 sys=0.00, real=0.06 secs] 
192.852: Total time for which application threads were stopped: 0.0566640 seconds, Stopping threads took: 0.0000720 seconds
193.057: Application time: 0.2045480 seconds
193.058: [GC [PSYoungGen: 559658K->79312K(576000K)] 1503307K->1069605K(1738752K), 0.0641200 secs] [Times: user=0.51 sys=0.00, real=0.07 secs] 
193.122: Total time for which application threads were stopped: 0.0651450 seconds, Stopping threads took: 0.0009210 seconds
193.334: Application time: 0.2125390 seconds
193.334: [GC [PSYoungGen: 565712K->72019K(576000K)] 1556005K->1103077K(1738752K), 0.0582010 secs] [Times: user=0.46 sys=0.00, real=0.06 secs] 
193.393: Total time for which application threads were stopped: 0.0583920 seconds, Stopping threads took: 0.0000950 seconds
193.600: Application time: 0.2071280 seconds
193.602: [GC [PSYoungGen: 559443K->76320K(576512K)] 1590501K->1152269K(1739264K), 0.0625860 secs] [Times: user=0.50 sys=0.00, real=0.06 secs] 
193.664: Total time for which application threads were stopped: 0.0644580 seconds, Stopping threads took: 0.0017700 seconds
193.875: Application time: 0.2104620 seconds
193.875: [GC [PSYoungGen: 563744K->67634K(577024K)] 1639693K->1177705K(1739776K), 0.0517310 secs] [Times: user=0.39 sys=0.02, real=0.05 secs] 
193.927: Total time for which application threads were stopped: 0.0519090 seconds, Stopping threads took: 0.0000840 seconds
194.138: Application time: 0.2108800 seconds
194.138: [GC [PSYoungGen: 557106K->69904K(577536K)] 1667177K->1216277K(1740288K), 0.0544580 secs] [Times: user=0.41 sys=0.02, real=0.06 secs] 
194.192: [Full GC [PSYoungGen: 69904K->0K(577536K)] [ParOldGen: 1146373K->136681K(1181696K)] 1216277K->136681K(1759232K) [PSPermGen: 9165K->9165K(21504K)], 0.1699070 secs] [Times: user=1.25 sys=0.01, real=0.17 secs] 
194.362: Total time for which application threads were stopped: 0.2246090 seconds, Stopping threads took: 0.0000650 seconds
194.561: Application time: 0.1988310 seconds
194.566: [GC [PSYoungGen: 489472K->83660K(574976K)] 626153K->220341K(1756672K), 0.0446330 secs] [Times: user=0.35 sys=0.00, real=0.05 secs] 
194.610: Total time for which application threads were stopped: 0.0493230 seconds, Stopping threads took: 0.0046010 seconds
194.824: Application time: 0.2132270 seconds
194.824: [GC [PSYoungGen: 571596K->61456K(549888K)] 708277K->237275K(1731584K), 0.0520060 secs] [Times: user=0.41 sys=0.00, real=0.05 secs] 
194.876: Total time for which application threads were stopped: 0.0522280 seconds, Stopping threads took: 0.0001140 seconds
195.073: Application time: 0.1971020 seconds
195.073: [GC [PSYoungGen: 549392K->78688K(576000K)] 725211K->289495K(1757696K), 0.0533180 secs] [Times: user=0.42 sys=0.00, real=0.05 secs] 
195.126: Total time for which application threads were stopped: 0.0535480 seconds, Stopping threads took: 0.0001350 seconds
195.341: Application time: 0.2148070 seconds
195.341: [GC [PSYoungGen: 564576K->61862K(547840K)] 775383K->307836K(1729536K), 0.0466700 secs] [Times: user=0.37 sys=0.00, real=0.05 secs] 
195.388: Total time for which application threads were stopped: 0.0468520 seconds, Stopping threads took: 0.0000770 seconds
195.586: Application time: 0.1977210 seconds
195.586: [GC [PSYoungGen: 547750K->83506K(571904K)] 793724K->365834K(1753600K), 0.0585570 secs] [Times: user=0.46 sys=0.00, real=0.06 secs] 
195.645: Total time for which application threads were stopped: 0.0587490 seconds, Stopping threads took: 0.0000940 seconds
195.854: Application time: 0.2089910 seconds
195.854: [GC [PSYoungGen: 564274K->66268K(573952K)] 846602K->390911K(1755648K), 0.0527100 secs] [Times: user=0.42 sys=0.00, real=0.05 secs] 
195.906: Total time for which application threads were stopped: 0.0528880 seconds, Stopping threads took: 0.0000710 seconds
196.111: Application time: 0.2043550 seconds
196.111: [GC [PSYoungGen: 547036K->77969K(573440K)] 871679K->433615K(1755136K), 0.0541460 secs] [Times: user=0.43 sys=0.00, real=0.05 secs] 
196.165: Total time for which application threads were stopped: 0.0543680 seconds, Stopping threads took: 0.0001290 seconds
196.369: Application time: 0.2039510 seconds
196.369: [GC [PSYoungGen: 559249K->65664K(573952K)] 914895K->464896K(1755648K), 0.0526690 secs] [Times: user=0.42 sys=0.00, real=0.06 secs] 
196.422: Total time for which application threads were stopped: 0.0528610 seconds, Stopping threads took: 0.0000890 seconds
196.622: Application time: 0.1996750 seconds
196.622: [GC [PSYoungGen: 546944K->78222K(573440K)] 946176K->507704K(1755136K), 0.0536560 secs] [Times: user=0.42 sys=0.00, real=0.05 secs] 
196.676: Total time for which application threads were stopped: 0.0538340 seconds, Stopping threads took: 0.0000830 seconds
196.885: Application time: 0.2095770 seconds
196.885: [GC [PSYoungGen: 560014K->63200K(573952K)] 989496K->533126K(1755648K), 0.0517460 secs] [Times: user=0.41 sys=0.00, real=0.05 secs] 
196.937: Total time for which application threads were stopped: 0.0519880 seconds, Stopping threads took: 0.0001330 seconds
197.139: Application time: 0.2019300 seconds
197.139: [GC [PSYoungGen: 544992K->82897K(570368K)] 1014918K->586443K(1752064K), 0.0561210 secs] [Times: user=0.44 sys=0.00, real=0.06 secs] 
197.195: Total time for which application threads were stopped: 0.0563300 seconds, Stopping threads took: 0.0001160 seconds
197.402: Application time: 0.2069340 seconds
197.402: [GC [PSYoungGen: 561617K->68555K(572928K)] 1065163K->618652K(1754624K), 0.0567430 secs] [Times: user=0.45 sys=0.00, real=0.05 secs] 
197.459: Total time for which application threads were stopped: 0.0569800 seconds, Stopping threads took: 0.0001300 seconds
197.660: Application time: 0.2003200 seconds
197.660: [GC [PSYoungGen: 547275K->84213K(569344K)] 1097372K->675565K(1751040K), 0.0615110 secs] [Times: user=0.49 sys=0.00, real=0.06 secs] 
197.721: Total time for which application threads were stopped: 0.0616920 seconds, Stopping threads took: 0.0000860 seconds
197.934: Application time: 0.2124810 seconds
197.934: [GC [PSYoungGen: 560885K->67831K(571904K)] 1152237K->706580K(1753600K), 0.0580050 secs] [Times: user=0.46 sys=0.00, real=0.06 secs] 
197.992: Total time for which application threads were stopped: 0.0582010 seconds, Stopping threads took: 0.0000850 seconds
198.181: Application time: 0.1890320 seconds
198.181: [GC [PSYoungGen: 544503K->89135K(565248K)] 1183252K->772912K(1746944K), 0.0661690 secs] [Times: user=0.53 sys=0.00, real=0.07 secs] 
198.247: Total time for which application threads were stopped: 0.0663380 seconds, Stopping threads took: 0.0000760 seconds
198.464: Application time: 0.2167200 seconds
198.464: [GC [PSYoungGen: 560687K->63802K(569344K)] 1244464K->796993K(1751040K), 0.0580710 secs] [Times: user=0.46 sys=0.00, real=0.06 secs] 
198.522: Total time for which application threads were stopped: 0.0582550 seconds, Stopping threads took: 0.0000760 seconds
198.705: Application time: 0.1824680 seconds
198.705: [GC [PSYoungGen: 535354K->91847K(560640K)] 1268545K->871050K(1742336K), 0.0682560 secs] [Times: user=0.54 sys=0.00, real=0.07 secs] 
198.773: Total time for which application threads were stopped: 0.0684430 seconds, Stopping threads took: 0.0000920 seconds
198.987: Application time: 0.2138060 seconds
198.990: [GC [PSYoungGen: 555207K->59503K(565248K)] 1334410K->888237K(1746944K), 0.0578090 secs] [Times: user=0.45 sys=0.00, real=0.05 secs] 
199.048: Total time for which application threads were stopped: 0.0604440 seconds, Stopping threads took: 0.0025280 seconds
199.224: Application time: 0.1768580 seconds
199.225: [GC [PSYoungGen: 522863K->93066K(557056K)] 1351597K->966019K(1738752K), 0.0686370 secs] [Times: user=0.55 sys=0.00, real=0.07 secs] 
199.293: Total time for which application threads were stopped: 0.0688130 seconds, Stopping threads took: 0.0000810 seconds
199.505: Application time: 0.2121870 seconds
199.506: [GC [PSYoungGen: 548234K->56560K(512000K)] 1421187K->980557K(1693696K), 0.0560920 secs] [Times: user=0.43 sys=0.00, real=0.06 secs] 
199.562: Total time for which application threads were stopped: 0.0562840 seconds, Stopping threads took: 0.0000870 seconds
199.743: Application time: 0.1810530 seconds
199.743: [GC [PSYoungGen: 511728K->93066K(553472K)] 1435725K->1060251K(1735168K), 0.0689790 secs] [Times: user=0.55 sys=0.00, real=0.07 secs] 
199.812: Total time for which application threads were stopped: 0.0691640 seconds, Stopping threads took: 0.0000900 seconds
200.016: Application time: 0.2036740 seconds
200.016: [GC [PSYoungGen: 540042K->56192K(557056K)] 1507227K->1077985K(1738752K), 0.0577590 secs] [Times: user=0.46 sys=0.00, real=0.06 secs] 
200.074: Total time for which application threads were stopped: 0.0579430 seconds, Stopping threads took: 0.0000790 seconds
200.251: Application time: 0.1779610 seconds
200.252: [GC [PSYoungGen: 503168K->93112K(549888K)] 1524961K->1155380K(1731584K), 0.0689020 secs] [Times: user=0.55 sys=0.00, real=0.06 secs] 
200.321: Total time for which application threads were stopped: 0.0690930 seconds, Stopping threads took: 0.0000980 seconds
200.518: Application time: 0.1972520 seconds
200.522: [GC [PSYoungGen: 532920K->54411K(553472K)] 1595188K->1176377K(1735168K), 0.0578610 secs] [Times: user=0.46 sys=0.00, real=0.05 secs] 
200.580: [Full GC [PSYoungGen: 54411K->0K(553472K)] [ParOldGen: 1121965K->133052K(1209856K)] 1176377K->133052K(1763328K) [PSPermGen: 9166K->9166K(21504K)], 0.1610000 secs] [Times: user=1.18 sys=0.00, real=0.16 secs] 
200.741: Total time for which application threads were stopped: 0.2228100 seconds, Stopping threads took: 0.0037770 seconds
200.914: Application time: 0.1731110 seconds
200.918: [GC [PSYoungGen: 439808K->93739K(546304K)] 572860K->226792K(1756160K), 0.0510580 secs] [Times: user=0.40 sys=0.00, real=0.05 secs] 
200.969: Total time for which application threads were stopped: 0.0550460 seconds, Stopping threads took: 0.0038960 seconds
201.163: Application time: 0.1945920 seconds
201.164: [GC [PSYoungGen: 526199K->55310K(549888K)] 659252K->250961K(1759744K), 0.0599100 secs] [Times: user=0.48 sys=0.00, real=0.06 secs] 
201.224: Total time for which application threads were stopped: 0.0601080 seconds, Stopping threads took: 0.0000900 seconds
201.397: Application time: 0.1734490 seconds
201.397: [GC [PSYoungGen: 487950K->80964K(545792K)] 683601K->316010K(1755648K), 0.0594930 secs] [Times: user=0.47 sys=0.00, real=0.06 secs] 
201.457: Total time for which application threads were stopped: 0.0596730 seconds, Stopping threads took: 0.0000860 seconds
201.650: Application time: 0.1934420 seconds
201.650: [GC [PSYoungGen: 514628K->53584K(548352K)] 749674K->336931K(1758208K), 0.0512230 secs] [Times: user=0.40 sys=0.00, real=0.04 secs] 
201.701: Total time for which application threads were stopped: 0.0513880 seconds, Stopping threads took: 0.0000710 seconds
201.878: Application time: 0.1761860 seconds
201.878: [GC [PSYoungGen: 487248K->72788K(544768K)] 770595K->391328K(1754624K), 0.0540190 secs] [Times: user=0.42 sys=0.00, real=0.06 secs] 
201.932: Total time for which application threads were stopped: 0.0542050 seconds, Stopping threads took: 0.0000780 seconds
202.116: Application time: 0.1836820 seconds
202.116: [GC [PSYoungGen: 511060K->69184K(548864K)] 829600K->431859K(1758720K), 0.0557550 secs] [Times: user=0.44 sys=0.00, real=0.06 secs] 
202.171: Total time for which application threads were stopped: 0.0559320 seconds, Stopping threads took: 0.0000850 seconds
202.363: Application time: 0.1915850 seconds
202.366: [GC [PSYoungGen: 507456K->60926K(552960K)] 870131K->461468K(1762816K), 0.0493760 secs] [Times: user=0.39 sys=0.00, real=0.05 secs] 
202.415: Total time for which application threads were stopped: 0.0520130 seconds, Stopping threads took: 0.0025420 seconds
202.596: Application time: 0.1809860 seconds
202.596: [GC [PSYoungGen: 510462K->81712K(555008K)] 911004K->521342K(1764864K), 0.0601700 secs] [Times: user=0.48 sys=0.00, real=0.06 secs] 
202.656: Total time for which application threads were stopped: 0.0603570 seconds, Stopping threads took: 0.0000760 seconds
202.855: Application time: 0.1983280 seconds
202.858: [GC [PSYoungGen: 531248K->57856K(560128K)] 970878K->536048K(1769984K), 0.0478550 secs] [Times: user=0.37 sys=0.00, real=0.05 secs] 
202.906: Total time for which application threads were stopped: 0.0508100 seconds, Stopping threads took: 0.0028540 seconds
203.087: Application time: 0.1814150 seconds
203.087: [GC [PSYoungGen: 513536K->81472K(560640K)] 991728K->599120K(1770496K), 0.0581980 secs] [Times: user=0.46 sys=0.00, real=0.06 secs] 
203.145: Total time for which application threads were stopped: 0.0583890 seconds, Stopping threads took: 0.0000990 seconds
203.353: Application time: 0.2073010 seconds
203.353: [GC [PSYoungGen: 537152K->59952K(560640K)] 1054800K->618678K(1770496K), 0.0524270 secs] [Times: user=0.41 sys=0.00, real=0.05 secs] 
203.405: Total time for which application threads were stopped: 0.0526390 seconds, Stopping threads took: 0.0001040 seconds
203.587: Application time: 0.1819880 seconds
203.590: [GC [PSYoungGen: 516656K->83312K(561152K)] 1075382K->684809K(1771008K), 0.0629950 secs] [Times: user=0.50 sys=0.00, real=0.06 secs] 
203.653: Total time for which application threads were stopped: 0.0653980 seconds, Stopping threads took: 0.0023100 seconds
203.859: Application time: 0.2063210 seconds
203.859: [GC [PSYoungGen: 540016K->57968K(561664K)] 1141513K->701644K(1771520K), 0.0503730 secs] [Times: user=0.40 sys=0.00, real=0.06 secs] 
203.910: Total time for which application threads were stopped: 0.0505700 seconds, Stopping threads took: 0.0000830 seconds
204.087: Application time: 0.1776980 seconds
204.087: [GC [PSYoungGen: 515184K->83963K(541184K)] 1158860K->769165K(1751040K), 0.0619820 secs] [Times: user=0.49 sys=0.00, real=0.06 secs] 
204.149: Total time for which application threads were stopped: 0.0621750 seconds, Stopping threads took: 0.0001000 seconds
204.355: Application time: 0.2054820 seconds
204.355: [GC [PSYoungGen: 541179K->54809K(561152K)] 1226381K->780883K(1771008K), 0.0480800 secs] [Times: user=0.38 sys=0.00, real=0.05 secs] 
204.403: Total time for which application threads were stopped: 0.0482620 seconds, Stopping threads took: 0.0000800 seconds
204.579: Application time: 0.1761200 seconds
204.580: [GC [PSYoungGen: 509465K->86231K(541184K)] 1235539K->850096K(1751040K), 0.0609380 secs] [Times: user=0.48 sys=0.00, real=0.06 secs] 
204.640: Total time for which application threads were stopped: 0.0611390 seconds, Stopping threads took: 0.0000950 seconds
204.852: Application time: 0.2110910 seconds
204.852: [GC [PSYoungGen: 540887K->53296K(559616K)] 1304752K->860494K(1769472K), 0.0507550 secs] [Times: user=0.39 sys=0.00, real=0.05 secs] 
204.903: Total time for which application threads were stopped: 0.0509440 seconds, Stopping threads took: 0.0000910 seconds
205.085: Application time: 0.1827720 seconds
205.085: [GC [PSYoungGen: 504880K->87690K(539648K)] 1312078K->930272K(1749504K), 0.0622810 secs] [Times: user=0.49 sys=0.00, real=0.06 secs] 
205.148: Total time for which application threads were stopped: 0.0625140 seconds, Stopping threads took: 0.0001250 seconds
205.354: Application time: 0.2058950 seconds
205.354: [GC [PSYoungGen: 539274K->49481K(556544K)] 1381856K->934872K(1766400K), 0.0466480 secs] [Times: user=0.36 sys=0.00, real=0.04 secs] 
205.401: Total time for which application threads were stopped: 0.0468070 seconds, Stopping threads took: 0.0000660 seconds
205.566: Application time: 0.1655100 seconds
205.566: [GC [PSYoungGen: 495433K->91984K(538112K)] 1380824K->1010572K(1747968K), 0.0618060 secs] [Times: user=0.48 sys=0.00, real=0.06 secs] 
205.628: Total time for which application threads were stopped: 0.0619990 seconds, Stopping threads took: 0.0000980 seconds
205.842: Application time: 0.2137110 seconds
205.842: [GC [PSYoungGen: 537936K->44875K(551424K)] 1456524K->1009504K(1761280K), 0.0468400 secs] [Times: user=0.37 sys=0.00, real=0.04 secs] 
205.889: Total time for which application threads were stopped: 0.0470570 seconds, Stopping threads took: 0.0001080 seconds
206.051: Application time: 0.1619180 seconds
206.051: [GC [PSYoungGen: 481611K->103632K(540672K)] 1446240K->1099112K(1750528K), 0.0692360 secs] [Times: user=0.53 sys=0.00, real=0.06 secs] 
206.120: Total time for which application threads were stopped: 0.0694120 seconds, Stopping threads took: 0.0000810 seconds
206.329: Application time: 0.2090320 seconds
206.329: [GC [PSYoungGen: 540368K->36251K(541696K)] 1535848K->1087061K(1751552K), 0.0470930 secs] [Times: user=0.37 sys=0.00, real=0.05 secs] 
206.376: Total time for which application threads were stopped: 0.0473010 seconds, Stopping threads took: 0.0001130 seconds
206.525: Application time: 0.1482010 seconds
206.525: [GC [PSYoungGen: 454555K->106839K(525312K)] 1505365K->1185662K(1735168K), 0.0682800 secs] [Times: user=0.54 sys=0.00, real=0.07 secs] 
206.593: Total time for which application threads were stopped: 0.0684910 seconds, Stopping threads took: 0.0001020 seconds
206.796: Application time: 0.2031090 seconds
206.796: [GC [PSYoungGen: 525143K->37248K(534016K)] 1603966K->1176828K(1743872K), 0.0525110 secs] [Times: user=0.40 sys=0.00, real=0.05 secs] 
206.849: Total time for which application threads were stopped: 0.0527070 seconds, Stopping threads took: 0.0000990 seconds
206.997: Application time: 0.1479540 seconds
206.997: [GC [PSYoungGen: 438144K->88468K(489472K)] 1577724K->1257720K(1699328K), 0.0594520 secs] [Times: user=0.47 sys=0.01, real=0.06 secs] 
207.057: [Full GC [PSYoungGen: 88468K->0K(489472K)] [ParOldGen: 1169251K->137775K(1232896K)] 1257720K->137775K(1722368K) [PSPermGen: 9166K->9166K(21504K)], 0.1502790 secs] [Times: user=1.08 sys=0.00, real=0.15 secs] 
207.207: Total time for which application threads were stopped: 0.2099610 seconds, Stopping threads took: 0.0000780 seconds
207.386: Application time: 0.1787490 seconds
207.386: [GC [PSYoungGen: 400896K->68896K(539136K)] 538671K->206671K(1772032K), 0.0427130 secs] [Times: user=0.34 sys=0.00, real=0.04 secs] 
207.429: Total time for which application threads were stopped: 0.0428970 seconds, Stopping threads took: 0.0000730 seconds
207.607: Application time: 0.1787410 seconds
207.607: [GC [PSYoungGen: 474400K->63002K(468992K)] 612175K->256111K(1701888K), 0.0654460 secs] [Times: user=0.51 sys=0.00, real=0.07 secs] 
207.673: Total time for which application threads were stopped: 0.0656120 seconds, Stopping threads took: 0.0000750 seconds
207.837: Application time: 0.1635960 seconds
207.837: [GC [PSYoungGen: 468506K->77184K(531456K)] 661615K->317169K(1764352K), 0.0614710 secs] [Times: user=0.48 sys=0.00, real=0.06 secs] 
207.898: Total time for which application threads were stopped: 0.0616450 seconds, Stopping threads took: 0.0000840 seconds
208.089: Application time: 0.1909490 seconds
208.089: [GC [PSYoungGen: 485248K->40427K(528896K)] 725233K->324448K(1761792K), 0.0438090 secs] [Times: user=0.35 sys=0.00, real=0.05 secs] 
208.133: Total time for which application threads were stopped: 0.0440270 seconds, Stopping threads took: 0.0001080 seconds
208.277: Application time: 0.1442030 seconds
208.277: [GC [PSYoungGen: 448491K->102080K(530944K)] 732512K->417029K(1763840K), 0.0650250 secs] [Times: user=0.52 sys=0.00, real=0.07 secs] 
208.343: Total time for which application threads were stopped: 0.0652010 seconds, Stopping threads took: 0.0000820 seconds
208.544: Application time: 0.2010120 seconds
208.544: [GC [PSYoungGen: 512192K->33936K(444416K)] 827141K->408768K(1677312K), 0.0470310 secs] [Times: user=0.38 sys=0.00, real=0.05 secs] 
208.591: Total time for which application threads were stopped: 0.0472060 seconds, Stopping threads took: 0.0000820 seconds
208.736: Application time: 0.1453880 seconds
208.736: [GC [PSYoungGen: 444048K->95509K(529920K)] 818880K->496993K(1762816K), 0.0606480 secs] [Times: user=0.48 sys=0.00, real=0.06 secs] 
208.797: Total time for which application threads were stopped: 0.0608500 seconds, Stopping threads took: 0.0000920 seconds
208.986: Application time: 0.1889590 seconds
208.986: [GC [PSYoungGen: 496405K->52736K(534016K)] 897889K->511194K(1766912K), 0.0559140 secs] [Times: user=0.42 sys=0.00, real=0.06 secs] 
209.042: Total time for which application threads were stopped: 0.0561090 seconds, Stopping threads took: 0.0001030 seconds
209.209: Application time: 0.1664240 seconds
209.209: [GC [PSYoungGen: 453632K->65164K(521728K)] 912090K->562779K(1754624K), 0.0533790 secs] [Times: user=0.42 sys=0.00, real=0.06 secs] 
209.262: Total time for which application threads were stopped: 0.0535740 seconds, Stopping threads took: 0.0001020 seconds
209.425: Application time: 0.1632690 seconds
209.433: [GC [PSYoungGen: 469132K->73718K(528384K)] 966747K->618747K(1761280K), 0.0606910 secs] [Times: user=0.49 sys=0.00, real=0.06 secs] 
209.494: Total time for which application threads were stopped: 0.0688330 seconds, Stopping threads took: 0.0080370 seconds
209.686: Application time: 0.1916810 seconds
209.686: [GC [PSYoungGen: 477686K->42928K(538624K)] 1022715K->628749K(1771520K), 0.0452080 secs] [Times: user=0.35 sys=0.00, real=0.05 secs] 
209.731: Total time for which application threads were stopped: 0.0454060 seconds, Stopping threads took: 0.0001080 seconds
209.885: Application time: 0.1532440 seconds
209.885: [GC [PSYoungGen: 464816K->98480K(520704K)] 1050637K->715319K(1753600K), 0.0647470 secs] [Times: user=0.51 sys=0.00, real=0.06 secs] 
209.949: Total time for which application threads were stopped: 0.0649290 seconds, Stopping threads took: 0.0000870 seconds
210.150: Application time: 0.2002060 seconds
210.154: [GC [PSYoungGen: 520368K->35072K(539648K)] 1137207K->705658K(1772544K), 0.0442880 secs] [Times: user=0.34 sys=0.00, real=0.04 secs] 
210.198: Total time for which application threads were stopped: 0.0483250 seconds, Stopping threads took: 0.0039290 seconds
210.340: Application time: 0.1417030 seconds
210.340: [GC [PSYoungGen: 448256K->106688K(520192K)] 1118842K->804269K(1753088K), 0.0656060 secs] [Times: user=0.52 sys=0.01, real=0.07 secs] 
210.406: Total time for which application threads were stopped: 0.0657880 seconds, Stopping threads took: 0.0000910 seconds
210.603: Application time: 0.1974220 seconds
210.603: [GC [PSYoungGen: 519872K->37344K(532480K)] 1217453K->795399K(1765376K), 0.0499680 secs] [Times: user=0.40 sys=0.00, real=0.05 secs] 
210.653: Total time for which application threads were stopped: 0.0501510 seconds, Stopping threads took: 0.0000900 seconds
210.808: Application time: 0.1553800 seconds
210.809: [GC [PSYoungGen: 434144K->79964K(477184K)] 1192199K->868585K(1710080K), 0.0579480 secs] [Times: user=0.46 sys=0.00, real=0.06 secs] 
210.867: Total time for which application threads were stopped: 0.0581470 seconds, Stopping threads took: 0.0000910 seconds
211.035: Application time: 0.1679150 seconds
211.035: [GC [PSYoungGen: 476764K->64576K(536064K)] 1265385K->905623K(1768960K), 0.0582480 secs] [Times: user=0.46 sys=0.00, real=0.06 secs] 
211.093: Total time for which application threads were stopped: 0.0584160 seconds, Stopping threads took: 0.0000750 seconds
211.275: Application time: 0.1822450 seconds
211.275: [GC [PSYoungGen: 467520K->53683K(529920K)] 1308567K->935205K(1762816K), 0.0494690 secs] [Times: user=0.39 sys=0.00, real=0.05 secs] 
211.325: Total time for which application threads were stopped: 0.0496490 seconds, Stopping threads took: 0.0000870 seconds
211.479: Application time: 0.1541980 seconds
211.479: [GC [PSYoungGen: 456627K->83776K(529408K)] 1338149K->1007070K(1762304K), 0.0631160 secs] [Times: user=0.50 sys=0.00, real=0.07 secs] 
211.542: Total time for which application threads were stopped: 0.0633110 seconds, Stopping threads took: 0.0000880 seconds
211.733: Application time: 0.1909760 seconds
211.733: [GC [PSYoungGen: 489792K->35257K(530432K)] 1413086K->1003937K(1763328K), 0.0423770 secs] [Times: user=0.34 sys=0.00, real=0.04 secs] 
211.776: Total time for which application threads were stopped: 0.0425590 seconds, Stopping threads took: 0.0000880 seconds
211.914: Application time: 0.1380070 seconds
211.914: [GC [PSYoungGen: 441273K->100000K(528384K)] 1409953K->1096644K(1761280K), 0.0644420 secs] [Times: user=0.51 sys=0.00, real=0.06 secs] 
211.979: Total time for which application threads were stopped: 0.0646510 seconds, Stopping threads took: 0.0001130 seconds
212.172: Application time: 0.1933870 seconds
212.172: [GC [PSYoungGen: 503968K->38224K(535552K)] 1500612K->1091143K(1768448K), 0.0479440 secs] [Times: user=0.38 sys=0.00, real=0.04 secs] 
212.220: Total time for which application threads were stopped: 0.0481550 seconds, Stopping threads took: 0.0001100 seconds
212.374: Application time: 0.1542140 seconds
212.374: [GC [PSYoungGen: 442192K->92139K(529920K)] 1495111K->1177184K(1762816K), 0.0654050 secs] [Times: user=0.52 sys=0.00, real=0.06 secs] 
212.440: Total time for which application threads were stopped: 0.0655930 seconds, Stopping threads took: 0.0000900 seconds
212.616: Application time: 0.1758620 seconds
212.616: [GC [PSYoungGen: 492011K->53520K(453632K)] 1577056K->1197406K(1686528K), 0.0573970 secs] [Times: user=0.46 sys=0.00, real=0.06 secs] 
212.673: Total time for which application threads were stopped: 0.0575800 seconds, Stopping threads took: 0.0000910 seconds
212.844: Application time: 0.1701890 seconds
212.844: [GC [PSYoungGen: 453392K->64397K(538624K)] 1597278K->1243080K(1771520K), 0.0538760 secs] [Times: user=0.42 sys=0.00, real=0.05 secs] 
212.898: [Full GC [PSYoungGen: 64397K->0K(538624K)] [ParOldGen: 1178683K->124962K(1245184K)] 1243080K->124962K(1783808K) [PSPermGen: 9166K->9166K(21504K)], 0.1366760 secs] [Times: user=0.97 sys=0.00, real=0.14 secs] 
213.034: Total time for which application threads were stopped: 0.1908260 seconds, Stopping threads took: 0.0000990 seconds
213.205: Application time: 0.1704930 seconds
213.205: [GC [PSYoungGen: 409088K->83520K(532992K)] 534050K->208482K(1778176K), 0.0471830 secs] [Times: user=0.37 sys=0.00, real=0.05 secs] 
213.252: Total time for which application threads were stopped: 0.0473520 seconds, Stopping threads took: 0.0000780 seconds
213.438: Application time: 0.1860470 seconds
213.438: [GC [PSYoungGen: 492608K->48447K(540672K)] 617570K->235888K(1785856K), 0.0604220 secs] [Times: user=0.48 sys=0.00, real=0.06 secs] 
213.499: Total time for which application threads were stopped: 0.0606540 seconds, Stopping threads took: 0.0001100 seconds
213.650: Application time: 0.1511320 seconds
213.650: [GC [PSYoungGen: 464703K->96000K(538112K)] 652144K->319861K(1783296K), 0.0648400 secs] [Times: user=0.51 sys=0.00, real=0.06 secs] 
213.715: Total time for which application threads were stopped: 0.0650210 seconds, Stopping threads took: 0.0000880 seconds
213.918: Application time: 0.2029620 seconds
213.918: [GC [PSYoungGen: 512256K->35840K(539648K)] 736117K->308453K(1784832K), 0.0429990 secs] [Times: user=0.34 sys=0.00, real=0.04 secs] 
213.961: Total time for which application threads were stopped: 0.0432060 seconds, Stopping threads took: 0.0001130 seconds
214.109: Application time: 0.1474010 seconds
214.109: [GC [PSYoungGen: 448000K->96880K(509440K)] 720613K->399211K(1754624K), 0.0618650 secs] [Times: user=0.49 sys=0.00, real=0.07 secs] 
214.171: Total time for which application threads were stopped: 0.0620650 seconds, Stopping threads took: 0.0000960 seconds
214.362: Application time: 0.1910930 seconds
214.362: [GC [PSYoungGen: 509040K->45776K(536576K)] 811371K->405748K(1781760K), 0.0502760 secs] [Times: user=0.39 sys=0.00, real=0.05 secs] 
214.412: Total time for which application threads were stopped: 0.0504570 seconds, Stopping threads took: 0.0000870 seconds
214.571: Application time: 0.1588640 seconds
214.574: [GC [PSYoungGen: 449744K->79626K(483840K)] 809716K->470443K(1729024K), 0.0565080 secs] [Times: user=0.45 sys=0.00, real=0.06 secs] 
214.630: Total time for which application threads were stopped: 0.0590280 seconds, Stopping threads took: 0.0024270 seconds
214.801: Application time: 0.1710140 seconds
214.801: [GC [PSYoungGen: 483594K->60453K(538112K)] 874411K->503447K(1783296K), 0.0550750 secs] [Times: user=0.43 sys=0.00, real=0.06 secs] 
214.856: Total time for which application threads were stopped: 0.0552840 seconds, Stopping threads took: 0.0001050 seconds
215.032: Application time: 0.1750150 seconds
215.032: [GC [PSYoungGen: 469541K->60295K(532992K)] 912535K->541613K(1778176K), 0.0488230 secs] [Times: user=0.39 sys=0.00, real=0.04 secs] 
215.081: Total time for which application threads were stopped: 0.0489940 seconds, Stopping threads took: 0.0000800 seconds
215.246: Application time: 0.1650710 seconds
215.246: [GC [PSYoungGen: 469383K->83232K(532480K)] 950701K->608923K(1777664K), 0.0646210 secs] [Times: user=0.51 sys=0.00, real=0.07 secs] 
215.310: Total time for which application threads were stopped: 0.0647910 seconds, Stopping threads took: 0.0000770 seconds
215.504: Application time: 0.1934270 seconds
215.504: [GC [PSYoungGen: 496416K->40596K(533504K)] 1022107K->617471K(1778688K), 0.0477150 secs] [Times: user=0.38 sys=0.00, real=0.05 secs] 
215.552: Total time for which application threads were stopped: 0.0479140 seconds, Stopping threads took: 0.0000880 seconds
215.698: Application time: 0.1467340 seconds
215.699: [GC [PSYoungGen: 453780K->99746K(532992K)] 1030655K->708301K(1778176K), 0.0658920 secs] [Times: user=0.52 sys=0.00, real=0.07 secs] 
215.765: Total time for which application threads were stopped: 0.0660830 seconds, Stopping threads took: 0.0000980 seconds
215.967: Application time: 0.2024800 seconds
215.967: [GC [PSYoungGen: 512930K->39136K(540160K)] 1121485K->702240K(1785344K), 0.0492770 secs] [Times: user=0.39 sys=0.00, real=0.05 secs] 
216.017: Total time for which application threads were stopped: 0.0494850 seconds, Stopping threads took: 0.0001160 seconds
216.176: Application time: 0.1591060 seconds
216.176: [GC [PSYoungGen: 452320K->91896K(533504K)] 1115424K->786755K(1778688K), 0.0630550 secs] [Times: user=0.50 sys=0.00, real=0.06 secs] 
216.239: Total time for which application threads were stopped: 0.0633160 seconds, Stopping threads took: 0.0001510 seconds
216.422: Application time: 0.1826820 seconds
216.422: [GC [PSYoungGen: 498936K->51680K(537088K)] 1193795K->804268K(1782272K), 0.0551040 secs] [Times: user=0.43 sys=0.00, real=0.05 secs] 
216.477: Total time for which application threads were stopped: 0.0552960 seconds, Stopping threads took: 0.0000980 seconds
216.646: Application time: 0.1691300 seconds
216.646: [GC [PSYoungGen: 458720K->71627K(527360K)] 1211308K->854948K(1772544K), 0.0533110 secs] [Times: user=0.42 sys=0.00, real=0.05 secs] 
216.700: Total time for which application threads were stopped: 0.0534880 seconds, Stopping threads took: 0.0000870 seconds
216.870: Application time: 0.1708790 seconds
216.871: [GC [PSYoungGen: 481739K->69360K(532480K)] 1265060K->902349K(1777664K), 0.0613760 secs] [Times: user=0.48 sys=0.00, real=0.06 secs] 
216.932: Total time for which application threads were stopped: 0.0615640 seconds, Stopping threads took: 0.0000820 seconds
217.116: Application time: 0.1839700 seconds
217.116: [GC [PSYoungGen: 479472K->53870K(539136K)] 1312461K->931045K(1784320K), 0.0517560 secs] [Times: user=0.40 sys=0.00, real=0.05 secs] 
217.168: Total time for which application threads were stopped: 0.0519560 seconds, Stopping threads took: 0.0001040 seconds
217.335: Application time: 0.1671810 seconds
217.335: [GC [PSYoungGen: 480878K->92928K(542208K)] 1358053K->1007692K(1787392K), 0.0665840 secs] [Times: user=0.52 sys=0.00, real=0.07 secs] 
217.402: Total time for which application threads were stopped: 0.0667680 seconds, Stopping threads took: 0.0000910 seconds
217.601: Application time: 0.1987930 seconds
217.601: [GC [PSYoungGen: 519661K->39307K(546816K)] 1434426K->1008474K(1792000K), 0.0496110 secs] [Times: user=0.38 sys=0.00, real=0.06 secs] 
217.650: Total time for which application threads were stopped: 0.0497990 seconds, Stopping threads took: 0.0000790 seconds
217.800: Application time: 0.1498230 seconds
217.800: [GC [PSYoungGen: 465803K->99120K(525824K)] 1434970K->1098418K(1771008K), 0.0650930 secs] [Times: user=0.51 sys=0.00, real=0.07 secs] 
217.866: Total time for which application threads were stopped: 0.0653040 seconds, Stopping threads took: 0.0000990 seconds
218.076: Application time: 0.2106420 seconds
218.076: [GC [PSYoungGen: 525616K->39488K(540672K)] 1524914K->1090765K(1785856K), 0.0475760 secs] [Times: user=0.38 sys=0.00, real=0.05 secs] 
218.124: Total time for which application threads were stopped: 0.0477490 seconds, Stopping threads took: 0.0000790 seconds
218.277: Application time: 0.1528940 seconds
218.277: [GC [PSYoungGen: 453184K->90431K(504320K)] 1504461K->1174457K(1749504K), 0.0623880 secs] [Times: user=0.49 sys=0.00, real=0.06 secs] 
218.340: Total time for which application threads were stopped: 0.0626090 seconds, Stopping threads took: 0.0001130 seconds
218.530: Application time: 0.1905410 seconds
218.530: [GC [PSYoungGen: 504127K->53248K(541184K)] 1588153K->1193197K(1786368K), 0.0571400 secs] [Times: user=0.45 sys=0.00, real=0.05 secs] 
218.587: Total time for which application threads were stopped: 0.0573230 seconds, Stopping threads took: 0.0000880 seconds
218.764: Application time: 0.1768310 seconds
218.764: [GC [PSYoungGen: 465408K->67554K(479744K)] 1605357K->1242627K(1724928K), 0.0559640 secs] [Times: user=0.44 sys=0.00, real=0.05 secs] 
218.820: [Full GC [PSYoungGen: 67554K->0K(479744K)] [ParOldGen: 1175072K->118970K(1257984K)] 1242627K->118970K(1737728K) [PSPermGen: 9166K->9166K(21504K)], 0.1355470 secs] [Times: user=0.97 sys=0.00, real=0.14 secs] 
218.956: Total time for which application threads were stopped: 0.1917490 seconds, Stopping threads took: 0.0000770 seconds
219.120: Application time: 0.1640360 seconds
219.120: [GC [PSYoungGen: 412160K->83393K(531968K)] 531130K->202364K(1789952K), 0.0435790 secs] [Times: user=0.34 sys=0.00, real=0.05 secs] 
219.164: Total time for which application threads were stopped: 0.0437760 seconds, Stopping threads took: 0.0000930 seconds
219.348: Application time: 0.1845100 seconds
219.348: [GC [PSYoungGen: 495041K->54321K(532480K)] 614012K->227549K(1790464K), 0.0558840 secs] [Times: user=0.45 sys=0.00, real=0.06 secs] 
219.404: Total time for which application threads were stopped: 0.0560690 seconds, Stopping threads took: 0.0000920 seconds
219.569: Application time: 0.1647650 seconds
219.569: [GC [PSYoungGen: 465969K->85808K(542720K)] 639197K->300609K(1800704K), 0.0634840 secs] [Times: user=0.50 sys=0.00, real=0.07 secs] 
219.633: Total time for which application threads were stopped: 0.0636700 seconds, Stopping threads took: 0.0000940 seconds
219.830: Application time: 0.1976240 seconds
219.831: [GC [PSYoungGen: 510183K->41226K(544256K)] 724984K->309228K(1802240K), 0.0500300 secs] [Times: user=0.39 sys=0.00, real=0.04 secs] 
219.881: Total time for which application threads were stopped: 0.0502450 seconds, Stopping threads took: 0.0001090 seconds
220.032: Application time: 0.1515020 seconds
220.032: [GC [PSYoungGen: 465674K->104752K(529920K)] 733676K->405043K(1787904K), 0.0671370 secs] [Times: user=0.53 sys=0.00, real=0.06 secs] 
220.100: Total time for which application threads were stopped: 0.0673230 seconds, Stopping threads took: 0.0000910 seconds
220.301: Application time: 0.2010160 seconds
220.301: [GC [PSYoungGen: 514864K->34560K(444928K)] 815155K->391450K(1702912K), 0.0458050 secs] [Times: user=0.37 sys=0.00, real=0.05 secs] 
220.347: Total time for which application threads were stopped: 0.0460020 seconds, Stopping threads took: 0.0001000 seconds
220.501: Application time: 0.1549270 seconds
220.502: [GC [PSYoungGen: 444672K->89606K(534016K)] 801562K->474182K(1792000K), 0.0588560 secs] [Times: user=0.46 sys=0.00, real=0.05 secs] 
220.561: Total time for which application threads were stopped: 0.0590610 seconds, Stopping threads took: 0.0000910 seconds
220.743: Application time: 0.1825900 seconds
220.746: [GC [PSYoungGen: 494598K->53184K(458240K)] 879174K->493897K(1716224K), 0.0534570 secs] [Times: user=0.43 sys=0.00, real=0.05 secs] 
220.799: Total time for which application threads were stopped: 0.0560370 seconds, Stopping threads took: 0.0024890 seconds
220.971: Application time: 0.1715760 seconds
220.971: [GC [PSYoungGen: 458176K->71032K(539136K)] 898889K->547012K(1797120K), 0.0554950 secs] [Times: user=0.43 sys=0.00, real=0.05 secs] 
221.026: Total time for which application threads were stopped: 0.0556610 seconds, Stopping threads took: 0.0000750 seconds
221.192: Application time: 0.1651360 seconds
221.192: [GC [PSYoungGen: 482680K->72464K(534528K)] 958660K->596210K(1792512K), 0.0600120 secs] [Times: user=0.46 sys=0.00, real=0.06 secs] 
221.252: Total time for which application threads were stopped: 0.0602130 seconds, Stopping threads took: 0.0000980 seconds
221.438: Application time: 0.1864090 seconds
221.442: [GC [PSYoungGen: 484112K->51617K(538624K)] 1007858K->616215K(1796608K), 0.0476340 secs] [Times: user=0.37 sys=0.00, real=0.04 secs] 
221.489: Total time for which application threads were stopped: 0.0511940 seconds, Stopping threads took: 0.0034640 seconds
221.655: Application time: 0.1658430 seconds
221.655: [GC [PSYoungGen: 470945K->89184K(536064K)] 1035543K->692206K(1794048K), 0.0638110 secs] [Times: user=0.51 sys=0.00, real=0.06 secs] 
221.719: Total time for which application threads were stopped: 0.0640190 seconds, Stopping threads took: 0.0001160 seconds
221.915: Application time: 0.1961030 seconds
221.915: [GC [PSYoungGen: 508512K->38926K(546816K)] 1111534K->697824K(1804800K), 0.0494230 secs] [Times: user=0.39 sys=0.00, real=0.05 secs] 
221.965: Total time for which application threads were stopped: 0.0496060 seconds, Stopping threads took: 0.0000770 seconds
222.119: Application time: 0.1540990 seconds
222.119: [GC [PSYoungGen: 465422K->100864K(527872K)] 1124320K->789463K(1785856K), 0.0658310 secs] [Times: user=0.52 sys=0.00, real=0.07 secs] 
222.185: Total time for which application threads were stopped: 0.0660490 seconds, Stopping threads took: 0.0001240 seconds
222.394: Application time: 0.2086730 seconds
222.394: [GC [PSYoungGen: 527360K->38966K(540160K)] 1215959K->779623K(1798144K), 0.0472400 secs] [Times: user=0.37 sys=0.00, real=0.04 secs] 
222.441: Total time for which application threads were stopped: 0.0474180 seconds, Stopping threads took: 0.0000850 seconds
222.592: Application time: 0.1512650 seconds
222.593: [GC [PSYoungGen: 451126K->93851K(506368K)] 1191783K->866855K(1764352K), 0.0633680 secs] [Times: user=0.50 sys=0.00, real=0.06 secs] 
222.656: Total time for which application threads were stopped: 0.0636030 seconds, Stopping threads took: 0.0001170 seconds
222.843: Application time: 0.1872550 seconds
222.846: [GC [PSYoungGen: 506011K->50240K(538624K)] 1279015K->881453K(1796608K), 0.0545260 secs] [Times: user=0.43 sys=0.00, real=0.05 secs] 
222.900: Total time for which application threads were stopped: 0.0570210 seconds, Stopping threads took: 0.0023790 seconds
223.068: Application time: 0.1676820 seconds
223.068: [GC [PSYoungGen: 457792K->69821K(477696K)] 1289005K->936558K(1735680K), 0.0569540 secs] [Times: user=0.44 sys=0.00, real=0.06 secs] 
223.125: Total time for which application threads were stopped: 0.0572160 seconds, Stopping threads took: 0.0001660 seconds
223.292: Application time: 0.1665740 seconds
223.292: [GC [PSYoungGen: 477373K->71296K(535040K)] 1344110K->986270K(1793024K), 0.0600850 secs] [Times: user=0.48 sys=0.00, real=0.06 secs] 
223.352: Total time for which application threads were stopped: 0.0602780 seconds, Stopping threads took: 0.0000900 seconds
223.538: Application time: 0.1859660 seconds
223.538: [GC [PSYoungGen: 482944K->54466K(530944K)] 1397918K->1010654K(1788928K), 0.0515260 secs] [Times: user=0.40 sys=0.00, real=0.06 secs] 
223.590: Total time for which application threads were stopped: 0.0517070 seconds, Stopping threads took: 0.0000880 seconds
223.753: Application time: 0.1633580 seconds
223.758: [GC [PSYoungGen: 466114K->87232K(538112K)] 1422302K->1083679K(1796096K), 0.0653800 secs] [Times: user=0.52 sys=0.00, real=0.07 secs] 
223.823: Total time for which application threads were stopped: 0.0699430 seconds, Stopping threads took: 0.0044720 seconds
224.019: Application time: 0.1956550 seconds
224.019: [GC [PSYoungGen: 509120K->40724K(540672K)] 1505567K->1088938K(1798656K), 0.0485270 secs] [Times: user=0.38 sys=0.00, real=0.05 secs] 
224.067: Total time for which application threads were stopped: 0.0487620 seconds, Stopping threads took: 0.0001180 seconds
224.217: Application time: 0.1493020 seconds
224.217: [GC [PSYoungGen: 462612K->104688K(529920K)] 1510826K->1184697K(1787904K), 0.0682140 secs] [Times: user=0.54 sys=0.00, real=0.07 secs] 
224.285: Total time for which application threads were stopped: 0.0683890 seconds, Stopping threads took: 0.0000850 seconds
224.489: Application time: 0.2036060 seconds
224.489: [GC [PSYoungGen: 515824K->35968K(539136K)] 1595833K->1173670K(1797120K), 0.0508180 secs] [Times: user=0.39 sys=0.00, real=0.05 secs] 
224.540: Total time for which application threads were stopped: 0.0510060 seconds, Stopping threads took: 0.0000900 seconds
224.696: Application time: 0.1566360 seconds
224.697: [GC [PSYoungGen: 447104K->93591K(531968K)] 1584806K->1261066K(1789952K), 0.0640740 secs] [Times: user=0.51 sys=0.00, real=0.06 secs] 
224.761: Total time for which application threads were stopped: 0.0642640 seconds, Stopping threads took: 0.0000800 seconds
224.943: Application time: 0.1822860 seconds
224.943: [GC [PSYoungGen: 497559K->52736K(535552K)] 1665034K->1279220K(1793536K), 0.0562230 secs] [Times: user=0.43 sys=0.01, real=0.05 secs] 
224.999: [Full GC [PSYoungGen: 52736K->0K(535552K)] [ParOldGen: 1226483K->141733K(1303552K)] 1279220K->141733K(1839104K) [PSPermGen: 9166K->9166K(21504K)], 0.1795400 secs] [Times: user=1.32 sys=0.00, real=0.18 secs] 
225.179: Total time for which application threads were stopped: 0.2360070 seconds, Stopping threads took: 0.0000920 seconds
225.350: Application time: 0.1707950 seconds
225.350: [GC [PSYoungGen: 403968K->67207K(522752K)] 545701K->208940K(1826304K), 0.0390130 secs] [Times: user=0.31 sys=0.00, real=0.03 secs] 
225.389: Total time for which application threads were stopped: 0.0392000 seconds, Stopping threads took: 0.0000780 seconds
225.555: Application time: 0.1658130 seconds
225.555: [GC [PSYoungGen: 474247K->74519K(529408K)] 615980K->266959K(1832960K), 0.0629000 secs] [Times: user=0.50 sys=0.00, real=0.06 secs] 
225.618: Total time for which application threads were stopped: 0.0630940 seconds, Stopping threads took: 0.0000990 seconds
225.803: Application time: 0.1849130 seconds
225.803: [GC [PSYoungGen: 481559K->47434K(538624K)] 673999K->283824K(1842176K), 0.0463770 secs] [Times: user=0.36 sys=0.00, real=0.04 secs] 
225.849: Total time for which application threads were stopped: 0.0465500 seconds, Stopping threads took: 0.0000820 seconds
226.005: Application time: 0.1555110 seconds
226.005: [GC [PSYoungGen: 472906K->97104K(522752K)] 709296K->367749K(1826304K), 0.0644210 secs] [Times: user=0.50 sys=0.00, real=0.06 secs] 
226.070: Total time for which application threads were stopped: 0.0646490 seconds, Stopping threads took: 0.0001250 seconds
226.268: Application time: 0.1987690 seconds
226.270: [GC [PSYoungGen: 522576K->38256K(543232K)] 793221K->361470K(1846784K), 0.0446960 secs] [Times: user=0.35 sys=0.00, real=0.04 secs] 
226.314: Total time for which application threads were stopped: 0.0460650 seconds, Stopping threads took: 0.0012760 seconds
226.465: Application time: 0.1508020 seconds
226.465: [GC [PSYoungGen: 457072K->103231K(522240K)] 780286K->455218K(1825792K), 0.0648280 secs] [Times: user=0.52 sys=0.00, real=0.07 secs] 
226.530: Total time for which application threads were stopped: 0.0650070 seconds, Stopping threads took: 0.0000860 seconds
226.728: Application time: 0.1976360 seconds
226.728: [GC [PSYoungGen: 522018K->38912K(536064K)] 874004K->451286K(1839616K), 0.0503030 secs] [Times: user=0.38 sys=0.00, real=0.05 secs] 
226.778: Total time for which application threads were stopped: 0.0504930 seconds, Stopping threads took: 0.0000860 seconds
226.929: Application time: 0.1502710 seconds
226.929: [GC [PSYoungGen: 442880K->86773K(535040K)] 855254K->530009K(1838592K), 0.0600230 secs] [Times: user=0.48 sys=0.00, real=0.06 secs] 
226.989: Total time for which application threads were stopped: 0.0602290 seconds, Stopping threads took: 0.0001090 seconds
227.172: Application time: 0.1827780 seconds
227.172: [GC [PSYoungGen: 490741K->58656K(527872K)] 933977K->555655K(1831424K), 0.0559490 secs] [Times: user=0.42 sys=0.00, real=0.05 secs] 
227.228: Total time for which application threads were stopped: 0.0561290 seconds, Stopping threads took: 0.0000880 seconds
227.405: Application time: 0.1771980 seconds
227.405: [GC [PSYoungGen: 462566K->61758K(531456K)] 959565K->599136K(1835008K), 0.0531160 secs] [Times: user=0.42 sys=0.00, real=0.05 secs] 
227.458: Total time for which application threads were stopped: 0.0533240 seconds, Stopping threads took: 0.0001020 seconds
227.623: Application time: 0.1645760 seconds
227.623: [GC [PSYoungGen: 465726K->76786K(537088K)] 1003104K->660362K(1840640K), 0.0624760 secs] [Times: user=0.50 sys=0.00, real=0.06 secs] 
227.686: Total time for which application threads were stopped: 0.0626640 seconds, Stopping threads took: 0.0000940 seconds
227.877: Application time: 0.1917770 seconds
227.877: [GC [PSYoungGen: 494066K->47785K(537600K)] 1077642K->675386K(1841152K), 0.0487590 secs] [Times: user=0.38 sys=0.00, real=0.05 secs] 
227.926: Total time for which application threads were stopped: 0.0489380 seconds, Stopping threads took: 0.0000870 seconds
228.094: Application time: 0.1680290 seconds
228.094: [GC [PSYoungGen: 465059K->88704K(542208K)] 1092660K->748673K(1845760K), 0.0609170 secs] [Times: user=0.48 sys=0.00, real=0.06 secs] 
228.155: Total time for which application threads were stopped: 0.0610960 seconds, Stopping threads took: 0.0000780 seconds
228.356: Application time: 0.2002820 seconds
228.356: [GC [PSYoungGen: 512128K->46096K(545280K)] 1172097K->753082K(1848832K), 0.0476620 secs] [Times: user=0.38 sys=0.00, real=0.05 secs] 
228.404: Total time for which application threads were stopped: 0.0478500 seconds, Stopping threads took: 0.0000940 seconds
228.571: Application time: 0.1670040 seconds
228.571: [GC [PSYoungGen: 469520K->83341K(544768K)] 1176506K->824797K(1848320K), 0.0585050 secs] [Times: user=0.46 sys=0.00, real=0.05 secs] 
228.629: Total time for which application threads were stopped: 0.0586710 seconds, Stopping threads took: 0.0000730 seconds
228.822: Application time: 0.1924610 seconds
228.826: [GC [PSYoungGen: 507789K->51146K(475648K)] 1249245K->843629K(1779200K), 0.0530750 secs] [Times: user=0.42 sys=0.00, real=0.05 secs] 
228.879: Total time for which application threads were stopped: 0.0571410 seconds, Stopping threads took: 0.0039620 seconds
229.050: Application time: 0.1714360 seconds
229.050: [GC [PSYoungGen: 475594K->80472K(544256K)] 1268077K->905441K(1847808K), 0.0578080 secs] [Times: user=0.46 sys=0.00, real=0.05 secs] 
229.108: Total time for which application threads were stopped: 0.0579670 seconds, Stopping threads took: 0.0000640 seconds
229.292: Application time: 0.1841240 seconds
229.292: [GC [PSYoungGen: 505944K->61072K(544256K)] 1330913K->936929K(1847808K), 0.0555020 secs] [Times: user=0.44 sys=0.00, real=0.05 secs] 
229.348: Total time for which application threads were stopped: 0.0556950 seconds, Stopping threads took: 0.0001010 seconds
229.525: Application time: 0.1773340 seconds
229.526: [GC [PSYoungGen: 486544K->71856K(545792K)] 1362401K->983184K(1849344K), 0.0553230 secs] [Times: user=0.42 sys=0.01, real=0.05 secs] 
229.581: Total time for which application threads were stopped: 0.0555190 seconds, Stopping threads took: 0.0000870 seconds
229.760: Application time: 0.1791060 seconds
229.760: [GC [PSYoungGen: 503984K->74688K(544256K)] 1415312K->1031594K(1847808K), 0.0604120 secs] [Times: user=0.48 sys=0.00, real=0.06 secs] 
229.821: Total time for which application threads were stopped: 0.0605980 seconds, Stopping threads took: 0.0000940 seconds
230.005: Application time: 0.1845560 seconds
230.005: [GC [PSYoungGen: 506816K->65625K(551424K)] 1463722K->1068574K(1854976K), 0.0576950 secs] [Times: user=0.45 sys=0.00, real=0.06 secs] 
230.063: Total time for which application threads were stopped: 0.0578730 seconds, Stopping threads took: 0.0000840 seconds
230.243: Application time: 0.1800250 seconds
230.243: [GC [PSYoungGen: 510553K->83585K(551424K)] 1513502K->1130814K(1854976K), 0.0640580 secs] [Times: user=0.51 sys=0.00, real=0.06 secs] 
230.307: Total time for which application threads were stopped: 0.0642810 seconds, Stopping threads took: 0.0001190 seconds
230.500: Application time: 0.1927050 seconds
230.500: [GC [PSYoungGen: 528513K->59040K(558592K)] 1575742K->1157500K(1862144K), 0.0568850 secs] [Times: user=0.45 sys=0.00, real=0.06 secs] 
230.557: Total time for which application threads were stopped: 0.0570490 seconds, Stopping threads took: 0.0000670 seconds
230.747: Application time: 0.1899070 seconds
230.747: [GC [PSYoungGen: 511136K->86522K(538624K)] 1609596K->1223739K(1842176K), 0.0659830 secs] [Times: user=0.53 sys=0.00, real=0.07 secs] 
230.813: Total time for which application threads were stopped: 0.0661760 seconds, Stopping threads took: 0.0000850 seconds
231.010: Application time: 0.1965050 seconds
231.010: [GC [PSYoungGen: 538618K->61744K(560128K)] 1675835K->1253882K(1863680K), 0.0599570 secs] [Times: user=0.47 sys=0.00, real=0.06 secs] 
231.070: Total time for which application threads were stopped: 0.0601510 seconds, Stopping threads took: 0.0000990 seconds
231.258: Application time: 0.1878390 seconds
231.258: [GC [PSYoungGen: 512816K->85504K(558080K)] 1704954K->1315399K(1861632K), 0.0641510 secs] [Times: user=0.50 sys=0.01, real=0.07 secs] 
231.322: Total time for which application threads were stopped: 0.0643390 seconds, Stopping threads took: 0.0000800 seconds
231.516: Application time: 0.1937890 seconds
231.516: [GC [PSYoungGen: 536576K->61444K(558080K)] 1766471K->1347551K(1861632K), 0.0578500 secs] [Times: user=0.43 sys=0.03, real=0.06 secs] 
231.574: [Full GC [PSYoungGen: 61444K->0K(558080K)] [ParOldGen: 1286106K->131506K(1307136K)] 1347551K->131506K(1865216K) [PSPermGen: 9166K->9166K(21504K)], 0.1537660 secs] [Times: user=1.09 sys=0.00, real=0.15 secs] 
231.728: Total time for which application threads were stopped: 0.2118750 seconds, Stopping threads took: 0.0001060 seconds
231.912: Application time: 0.1846370 seconds
231.912: [GC [PSYoungGen: 451072K->97488K(548864K)] 582578K->228995K(1856000K), 0.0544100 secs] [Times: user=0.43 sys=0.00, real=0.05 secs] 
231.967: Total time for which application threads were stopped: 0.0546130 seconds, Stopping threads took: 0.0000930 seconds
232.166: Application time: 0.1994270 seconds
232.167: [GC [PSYoungGen: 548560K->58523K(555520K)] 680067K->258922K(1862656K), 0.0655830 secs] [Times: user=0.52 sys=0.00, real=0.07 secs] 
232.232: Total time for which application threads were stopped: 0.0657880 seconds, Stopping threads took: 0.0001100 seconds
232.406: Application time: 0.1742030 seconds
232.406: [GC [PSYoungGen: 500379K->91968K(534016K)] 700778K->334028K(1841152K), 0.0666610 secs] [Times: user=0.53 sys=0.00, real=0.07 secs] 
232.473: Total time for which application threads were stopped: 0.0668330 seconds, Stopping threads took: 0.0000750 seconds
232.674: Application time: 0.2006020 seconds
232.674: [GC [PSYoungGen: 533824K->51809K(552448K)] 775884K->349880K(1859584K), 0.0542840 secs] [Times: user=0.43 sys=0.00, real=0.05 secs] 
232.728: Total time for which application threads were stopped: 0.0544990 seconds, Stopping threads took: 0.0001070 seconds
232.896: Application time: 0.1681750 seconds
232.897: [GC [PSYoungGen: 489057K->85402K(522752K)] 787128K->421548K(1829888K), 0.0625840 secs] [Times: user=0.50 sys=0.00, real=0.06 secs] 
232.959: Total time for which application threads were stopped: 0.0628150 seconds, Stopping threads took: 0.0001370 seconds
233.161: Application time: 0.2018440 seconds
233.161: [GC [PSYoungGen: 522650K->56251K(552960K)] 858796K->439648K(1860096K), 0.0521280 secs] [Times: user=0.41 sys=0.00, real=0.06 secs] 
233.213: Total time for which application threads were stopped: 0.0523040 seconds, Stopping threads took: 0.0000770 seconds
233.390: Application time: 0.1761430 seconds
233.394: [GC [PSYoungGen: 493499K->79307K(516608K)] 876896K->502024K(1823744K), 0.0598070 secs] [Times: user=0.48 sys=0.00, real=0.06 secs] 
233.454: Total time for which application threads were stopped: 0.0639000 seconds, Stopping threads took: 0.0039860 seconds
233.654: Application time: 0.2005360 seconds
233.654: [GC [PSYoungGen: 516555K->58688K(552448K)] 939272K->524777K(1859584K), 0.0523760 secs] [Times: user=0.41 sys=0.00, real=0.05 secs] 
233.707: Total time for which application threads were stopped: 0.0525930 seconds, Stopping threads took: 0.0001270 seconds
233.892: Application time: 0.1857450 seconds
233.893: [GC [PSYoungGen: 497984K->71442K(550400K)] 964073K->575152K(1857536K), 0.0553590 secs] [Times: user=0.44 sys=0.00, real=0.05 secs] 
233.948: Total time for which application threads were stopped: 0.0556020 seconds, Stopping threads took: 0.0001000 seconds
234.135: Application time: 0.1870490 seconds
234.135: [GC [PSYoungGen: 510738K->66176K(552960K)] 1014448K->612223K(1860096K), 0.0534960 secs] [Times: user=0.43 sys=0.00, real=0.05 secs] 
234.189: Total time for which application threads were stopped: 0.0536740 seconds, Stopping threads took: 0.0000740 seconds
234.377: Application time: 0.1879740 seconds
234.377: [GC [PSYoungGen: 512128K->68146K(550400K)] 1058175K->650056K(1857536K), 0.0517570 secs] [Times: user=0.41 sys=0.00, real=0.05 secs] 
234.429: Total time for which application threads were stopped: 0.0519980 seconds, Stopping threads took: 0.0001460 seconds
234.614: Application time: 0.1851590 seconds
234.614: [GC [PSYoungGen: 514098K->68354K(559616K)] 1096008K->695115K(1866752K), 0.0567190 secs] [Times: user=0.44 sys=0.00, real=0.06 secs] 
234.671: Total time for which application threads were stopped: 0.0568950 seconds, Stopping threads took: 0.0000800 seconds
234.867: Application time: 0.1960700 seconds
234.867: [GC [PSYoungGen: 526594K->71314K(557056K)] 1153355K->732661K(1864192K), 0.0536000 secs] [Times: user=0.42 sys=0.00, real=0.05 secs] 
234.921: Total time for which application threads were stopped: 0.0537950 seconds, Stopping threads took: 0.0000890 seconds
235.115: Application time: 0.1940130 seconds
235.115: [GC [PSYoungGen: 529554K->69275K(565760K)] 1190901K->775788K(1872896K), 0.0569090 secs] [Times: user=0.45 sys=0.00, real=0.06 secs] 
235.172: Total time for which application threads were stopped: 0.0571010 seconds, Stopping threads took: 0.0000910 seconds
235.370: Application time: 0.1985510 seconds
235.370: [GC [PSYoungGen: 538779K->70806K(563200K)] 1245292K->813205K(1870336K), 0.0530200 secs] [Times: user=0.43 sys=0.00, real=0.05 secs] 
235.423: Total time for which application threads were stopped: 0.0532000 seconds, Stopping threads took: 0.0000770 seconds
235.622: Application time: 0.1980780 seconds
235.622: [GC [PSYoungGen: 540310K->72281K(569856K)] 1282709K->857845K(1876992K), 0.0572660 secs] [Times: user=0.45 sys=0.00, real=0.05 secs] 
235.679: Total time for which application threads were stopped: 0.0574470 seconds, Stopping threads took: 0.0000890 seconds
235.882: Application time: 0.2030790 seconds
235.882: [GC [PSYoungGen: 550489K->70843K(568832K)] 1336053K->892349K(1875968K), 0.0533050 secs] [Times: user=0.42 sys=0.00, real=0.05 secs] 
235.936: Total time for which application threads were stopped: 0.0534890 seconds, Stopping threads took: 0.0000790 seconds
236.137: Application time: 0.2015440 seconds
236.145: [GC [PSYoungGen: 549051K->73056K(573952K)] 1370557K->938882K(1881088K), 0.0590380 secs] [Times: user=0.47 sys=0.00, real=0.06 secs] 
236.204: Total time for which application threads were stopped: 0.0671460 seconds, Stopping threads took: 0.0080150 seconds
236.413: Application time: 0.2086610 seconds
236.413: [GC [PSYoungGen: 558432K->71856K(573440K)] 1424258K->974493K(1880576K), 0.0551690 secs] [Times: user=0.43 sys=0.00, real=0.05 secs] 
236.468: Total time for which application threads were stopped: 0.0553890 seconds, Stopping threads took: 0.0001140 seconds
236.677: Application time: 0.2083620 seconds
236.677: [GC [PSYoungGen: 557232K->73376K(577536K)] 1459869K->1017531K(1884672K), 0.0588800 secs] [Times: user=0.47 sys=0.00, real=0.06 secs] 
236.736: Total time for which application threads were stopped: 0.0590830 seconds, Stopping threads took: 0.0001090 seconds
236.944: Application time: 0.2080590 seconds
236.944: [GC [PSYoungGen: 564384K->65915K(577024K)] 1508539K->1038151K(1884160K), 0.0483470 secs] [Times: user=0.38 sys=0.00, real=0.05 secs] 
236.992: Total time for which application threads were stopped: 0.0485470 seconds, Stopping threads took: 0.0000880 seconds
237.205: Application time: 0.2123450 seconds
237.205: [GC [PSYoungGen: 556923K->65184K(580608K)] 1529159K->1062381K(1887744K), 0.0465380 secs] [Times: user=0.37 sys=0.00, real=0.05 secs] 
237.251: Total time for which application threads were stopped: 0.0467220 seconds, Stopping threads took: 0.0000910 seconds
237.459: Application time: 0.2074680 seconds
237.459: [GC [PSYoungGen: 560288K->76144K(580096K)] 1557485K->1105742K(1887232K), 0.0526770 secs] [Times: user=0.42 sys=0.00, real=0.06 secs] 
237.512: Total time for which application threads were stopped: 0.0528860 seconds, Stopping threads took: 0.0001010 seconds
237.724: Application time: 0.2117310 seconds
237.726: [GC [PSYoungGen: 571248K->63827K(581632K)] 1600846K->1117502K(1888768K), 0.0437890 secs] [Times: user=0.35 sys=0.00, real=0.04 secs] 
237.769: Total time for which application threads were stopped: 0.0458980 seconds, Stopping threads took: 0.0020180 seconds
237.978: Application time: 0.2086840 seconds
237.982: [GC [PSYoungGen: 559955K->79167K(575488K)] 1613630K->1159310K(1882624K), 0.0529160 secs] [Times: user=0.42 sys=0.00, real=0.05 secs] 
238.035: Total time for which application threads were stopped: 0.0564710 seconds, Stopping threads took: 0.0034510 seconds
238.249: Application time: 0.2140770 seconds
238.249: [GC [PSYoungGen: 575295K->69453K(581120K)] 1655438K->1189110K(1888256K), 0.0539210 secs] [Times: user=0.42 sys=0.00, real=0.06 secs] 
238.303: Total time for which application threads were stopped: 0.0541300 seconds, Stopping threads took: 0.0001100 seconds
238.511: Application time: 0.2076890 seconds
238.511: [GC [PSYoungGen: 563021K->81746K(575488K)] 1682678K->1239252K(1882624K), 0.0595520 secs] [Times: user=0.47 sys=0.00, real=0.06 secs] 
238.570: Total time for which application threads were stopped: 0.0597580 seconds, Stopping threads took: 0.0001010 seconds
238.780: Application time: 0.2101230 seconds
238.781: [GC [PSYoungGen: 575314K->74056K(579584K)] 1732820K->1278811K(1886720K), 0.0612310 secs] [Times: user=0.48 sys=0.00, real=0.07 secs] 
238.842: Total time for which application threads were stopped: 0.0614250 seconds, Stopping threads took: 0.0001020 seconds
239.054: Application time: 0.2118870 seconds
239.054: [GC [PSYoungGen: 565064K->77763K(578560K)] 1769819K->1318753K(1885696K), 0.0584010 secs] [Times: user=0.46 sys=0.00, real=0.06 secs] 
239.112: Total time for which application threads were stopped: 0.0585910 seconds, Stopping threads took: 0.0000840 seconds
239.320: Application time: 0.2081530 seconds
239.321: [GC [PSYoungGen: 568771K->74466K(579072K)] 1809761K->1364090K(1886208K), 0.0633320 secs] [Times: user=0.49 sys=0.00, real=0.07 secs] 
239.384: [Full GC [PSYoungGen: 74466K->0K(579072K)] [ParOldGen: 1289623K->137828K(1326592K)] 1364090K->137828K(1905664K) [PSPermGen: 9168K->9168K(21504K)], 0.1637210 secs] [Times: user=1.19 sys=0.00, real=0.16 secs] 
239.548: Total time for which application threads were stopped: 0.2272890 seconds, Stopping threads took: 0.0000810 seconds
239.754: Application time: 0.2060260 seconds
239.754: [GC [PSYoungGen: 491520K->87541K(579072K)] 629348K->226378K(1905664K), 0.0499310 secs] [Times: user=0.39 sys=0.00, real=0.05 secs] 
239.804: Total time for which application threads were stopped: 0.0501080 seconds, Stopping threads took: 0.0000680 seconds
240.013: Application time: 0.2094650 seconds
240.014: [GC [PSYoungGen: 579061K->78832K(571904K)] 717898K->276546K(1898496K), 0.0716770 secs] [Times: user=0.56 sys=0.00, real=0.07 secs] 
240.085: Total time for which application threads were stopped: 0.0718550 seconds, Stopping threads took: 0.0000840 seconds
240.290: Application time: 0.2045010 seconds
240.290: [GC [PSYoungGen: 562672K->76567K(575488K)] 760386K->320481K(1902080K), 0.0599380 secs] [Times: user=0.47 sys=0.00, real=0.06 secs] 
240.350: Total time for which application threads were stopped: 0.0601370 seconds, Stopping threads took: 0.0000840 seconds
240.565: Application time: 0.2146500 seconds
240.565: [GC [PSYoungGen: 560407K->71344K(572416K)] 804321K->356097K(1899008K), 0.0570060 secs] [Times: user=0.45 sys=0.00, real=0.06 secs] 
240.622: Total time for which application threads were stopped: 0.0571810 seconds, Stopping threads took: 0.0000780 seconds
240.825: Application time: 0.2029800 seconds
240.825: [GC [PSYoungGen: 556208K->77083K(574464K)] 840961K->408389K(1901056K), 0.0618300 secs] [Times: user=0.48 sys=0.00, real=0.06 secs] 
240.887: Total time for which application threads were stopped: 0.0620320 seconds, Stopping threads took: 0.0000970 seconds
241.100: Application time: 0.2130450 seconds
241.102: [GC [PSYoungGen: 561947K->68722K(577024K)] 893253K->434131K(1903616K), 0.0509090 secs] [Times: user=0.40 sys=0.00, real=0.05 secs] 
241.153: Total time for which application threads were stopped: 0.0528540 seconds, Stopping threads took: 0.0018520 seconds
241.358: Application time: 0.2057730 seconds
241.359: [GC [PSYoungGen: 557170K->75710K(577536K)] 922579K->481587K(1904128K), 0.0577480 secs] [Times: user=0.46 sys=0.00, real=0.06 secs] 
241.416: Total time for which application threads were stopped: 0.0579300 seconds, Stopping threads took: 0.0000740 seconds
241.626: Application time: 0.2095070 seconds
241.626: [GC [PSYoungGen: 564158K->70336K(577536K)] 970035K->516389K(1904128K), 0.0544830 secs] [Times: user=0.43 sys=0.00, real=0.05 secs] 
241.681: Total time for which application threads were stopped: 0.0546530 seconds, Stopping threads took: 0.0000790 seconds
241.892: Application time: 0.2110730 seconds
241.892: [GC [PSYoungGen: 560320K->70514K(577536K)] 1006373K->553722K(1904128K), 0.0530220 secs] [Times: user=0.42 sys=0.00, real=0.05 secs] 
241.945: Total time for which application threads were stopped: 0.0532210 seconds, Stopping threads took: 0.0000940 seconds
242.155: Application time: 0.2104370 seconds
242.155: [GC [PSYoungGen: 560498K->68650K(579072K)] 1043706K->579638K(1905664K), 0.0489030 secs] [Times: user=0.39 sys=0.00, real=0.05 secs] 
242.204: Total time for which application threads were stopped: 0.0491000 seconds, Stopping threads took: 0.0000920 seconds
242.416: Application time: 0.2112300 seconds
242.416: [GC [PSYoungGen: 561194K->64346K(578560K)] 1072182K->598654K(1905152K), 0.0431020 secs] [Times: user=0.34 sys=0.00, real=0.04 secs] 
242.459: Total time for which application threads were stopped: 0.0433020 seconds, Stopping threads took: 0.0000930 seconds
242.662: Application time: 0.2035700 seconds
242.663: [GC [PSYoungGen: 556890K->79053K(578560K)] 1091198K->645485K(1905152K), 0.0537510 secs] [Times: user=0.43 sys=0.00, real=0.05 secs] 
242.716: Total time for which application threads were stopped: 0.0539290 seconds, Stopping threads took: 0.0000830 seconds
242.926: Application time: 0.2093200 seconds
242.930: [GC [PSYoungGen: 571085K->68463K(579584K)] 1137517K->669455K(1906176K), 0.0494720 secs] [Times: user=0.39 sys=0.00, real=0.04 secs] 
242.979: Total time for which application threads were stopped: 0.0534830 seconds, Stopping threads took: 0.0039040 seconds
243.185: Application time: 0.2059790 seconds
243.185: [GC [PSYoungGen: 560495K->77021K(579072K)] 1161487K->711061K(1905664K), 0.0530720 secs] [Times: user=0.42 sys=0.00, real=0.05 secs] 
243.238: Total time for which application threads were stopped: 0.0532470 seconds, Stopping threads took: 0.0000840 seconds
243.444: Application time: 0.2056700 seconds
243.444: [GC [PSYoungGen: 569565K->78197K(579584K)] 1203605K->755145K(1906176K), 0.0595500 secs] [Times: user=0.46 sys=0.00, real=0.06 secs] 
243.504: Total time for which application threads were stopped: 0.0597890 seconds, Stopping threads took: 0.0001310 seconds
243.713: Application time: 0.2095440 seconds
243.714: [GC [PSYoungGen: 570741K->77386K(579584K)] 1247689K->792709K(1906176K), 0.0576080 secs] [Times: user=0.45 sys=0.00, real=0.06 secs] 
243.771: Total time for which application threads were stopped: 0.0577750 seconds, Stopping threads took: 0.0000730 seconds
243.974: Application time: 0.2024060 seconds
243.974: [GC [PSYoungGen: 569418K->84003K(576512K)] 1284741K->847144K(1903104K), 0.0651370 secs] [Times: user=0.50 sys=0.00, real=0.06 secs] 
244.039: Total time for which application threads were stopped: 0.0653240 seconds, Stopping threads took: 0.0000810 seconds
244.248: Application time: 0.2089410 seconds
244.250: [GC [PSYoungGen: 576035K->75499K(578048K)] 1339176K->888203K(1904640K), 0.0635320 secs] [Times: user=0.50 sys=0.00, real=0.06 secs] 
244.313: Total time for which application threads were stopped: 0.0654000 seconds, Stopping threads took: 0.0017700 seconds
244.516: Application time: 0.2028130 seconds
244.516: [GC [PSYoungGen: 563435K->82576K(577024K)] 1376139K->944037K(1903616K), 0.0666040 secs] [Times: user=0.53 sys=0.00, real=0.07 secs] 
244.583: Total time for which application threads were stopped: 0.0667880 seconds, Stopping threads took: 0.0000780 seconds
244.797: Application time: 0.2138790 seconds
244.797: [GC [PSYoungGen: 570512K->75183K(577024K)] 1431973K->986714K(1903616K), 0.0645260 secs] [Times: user=0.52 sys=0.00, real=0.06 secs] 
244.861: Total time for which application threads were stopped: 0.0647250 seconds, Stopping threads took: 0.0001040 seconds
245.067: Application time: 0.2056610 seconds
245.067: [GC [PSYoungGen: 563119K->81904K(577024K)] 1474650K->1039138K(1903616K), 0.0654540 secs] [Times: user=0.51 sys=0.00, real=0.07 secs] 
245.133: Total time for which application threads were stopped: 0.0656600 seconds, Stopping threads took: 0.0001000 seconds
245.342: Application time: 0.2091990 seconds
245.346: [GC [PSYoungGen: 569840K->76192K(576000K)] 1527074K->1083887K(1902592K), 0.0645450 secs] [Times: user=0.50 sys=0.00, real=0.07 secs] 
245.410: Total time for which application threads were stopped: 0.0682290 seconds, Stopping threads took: 0.0035940 seconds
245.618: Application time: 0.2081850 seconds
245.622: [GC [PSYoungGen: 564128K->78528K(576512K)] 1571823K->1128201K(1903104K), 0.0615070 secs] [Times: user=0.48 sys=0.00, real=0.06 secs] 
245.683: Total time for which application threads were stopped: 0.0648130 seconds, Stopping threads took: 0.0031910 seconds
245.896: Application time: 0.2125950 seconds
245.896: [GC [PSYoungGen: 566464K->71264K(578560K)] 1616137K->1166296K(1905152K), 0.0616140 secs] [Times: user=0.49 sys=0.00, real=0.06 secs] 
245.958: Total time for which application threads were stopped: 0.0617990 seconds, Stopping threads took: 0.0000900 seconds
246.169: Application time: 0.2115690 seconds
246.169: [GC [PSYoungGen: 561760K->74424K(565248K)] 1656792K->1202613K(1891840K), 0.0548180 secs] [Times: user=0.44 sys=0.00, real=0.06 secs] 
246.224: Total time for which application threads were stopped: 0.0550080 seconds, Stopping threads took: 0.0000840 seconds
246.437: Application time: 0.2125660 seconds
246.437: [GC [PSYoungGen: 564920K->65739K(577536K)] 1693109K->1225827K(1904128K), 0.0497280 secs] [Times: user=0.39 sys=0.00, real=0.05 secs] 
246.487: Total time for which application threads were stopped: 0.0499200 seconds, Stopping threads took: 0.0001000 seconds
246.687: Application time: 0.1997930 seconds
246.687: [GC [PSYoungGen: 556235K->76574K(578048K)] 1716323K->1266555K(1904640K), 0.0536500 secs] [Times: user=0.43 sys=0.00, real=0.05 secs] 
246.740: Total time for which application threads were stopped: 0.0538850 seconds, Stopping threads took: 0.0001290 seconds
246.961: Application time: 0.2210230 seconds
246.962: [GC [PSYoungGen: 567070K->62951K(578048K)] 1757051K->1287307K(1904640K), 0.0511300 secs] [Times: user=0.39 sys=0.00, real=0.05 secs] 
247.013: Total time for which application threads were stopped: 0.0513160 seconds, Stopping threads took: 0.0000850 seconds
247.216: Application time: 0.2028290 seconds
247.216: [GC [PSYoungGen: 553959K->79241K(570368K)] 1778315K->1338872K(1896960K), 0.0586980 secs] [Times: user=0.46 sys=0.00, real=0.06 secs] 
247.274: Total time for which application threads were stopped: 0.0588930 seconds, Stopping threads took: 0.0000900 seconds
247.486: Application time: 0.2119940 seconds
247.487: [GC [PSYoungGen: 570249K->64656K(578560K)] 1829880K->1351414K(1905152K), 0.0465440 secs] [Times: user=0.37 sys=0.00, real=0.05 secs] 
247.533: [Full GC [PSYoungGen: 64656K->0K(578560K)] [ParOldGen: 1286757K->120050K(1331712K)] 1351414K->120050K(1910272K) [PSPermGen: 9172K->9172K(21504K)], 0.1362350 secs] [Times: user=0.97 sys=0.00, real=0.13 secs] 
247.670: Total time for which application threads were stopped: 0.1830350 seconds, Stopping threads took: 0.0001000 seconds
247.875: Application time: 0.2051330 seconds
247.875: [GC [PSYoungGen: 489984K->88566K(578560K)] 610034K->209004K(1910272K), 0.0488370 secs] [Times: user=0.39 sys=0.00, real=0.05 secs] 
247.924: Total time for which application threads were stopped: 0.0490280 seconds, Stopping threads took: 0.0000830 seconds
248.130: Application time: 0.2060870 seconds
248.130: [GC [PSYoungGen: 578550K->70081K(571392K)] 698988K->247227K(1903104K), 0.0627540 secs] [Times: user=0.49 sys=0.00, real=0.06 secs] 
248.193: Total time for which application threads were stopped: 0.0629450 seconds, Stopping threads took: 0.0000940 seconds
248.398: Application time: 0.2051920 seconds
248.398: [GC [PSYoungGen: 552897K->72809K(574976K)] 730043K->286970K(1906688K), 0.0536070 secs] [Times: user=0.42 sys=0.00, real=0.06 secs] 
248.452: Total time for which application threads were stopped: 0.0538150 seconds, Stopping threads took: 0.0000870 seconds
248.652: Application time: 0.2003260 seconds
248.652: [GC [PSYoungGen: 555625K->74823K(570368K)] 769786K->331425K(1902080K), 0.0557980 secs] [Times: user=0.44 sys=0.00, real=0.05 secs] 
248.708: Total time for which application threads were stopped: 0.0559930 seconds, Stopping threads took: 0.0001010 seconds
248.920: Application time: 0.2123720 seconds
248.921: [GC [PSYoungGen: 559175K->74361K(573440K)] 815777K->373010K(1905152K), 0.0582550 secs] [Times: user=0.46 sys=0.00, real=0.06 secs] 
248.979: Total time for which application threads were stopped: 0.0584420 seconds, Stopping threads took: 0.0000830 seconds
249.181: Application time: 0.2019860 seconds
249.181: [GC [PSYoungGen: 558713K->77943K(576512K)] 857362K->420423K(1908224K), 0.0591300 secs] [Times: user=0.46 sys=0.00, real=0.06 secs] 
249.240: Total time for which application threads were stopped: 0.0592940 seconds, Stopping threads took: 0.0000710 seconds
249.447: Application time: 0.2065030 seconds
249.447: [GC [PSYoungGen: 568439K->74848K(578048K)] 910919K->464895K(1909760K), 0.0599880 secs] [Times: user=0.48 sys=0.00, real=0.06 secs] 
249.507: Total time for which application threads were stopped: 0.0601700 seconds, Stopping threads took: 0.0000780 seconds
249.720: Application time: 0.2133970 seconds
249.720: [GC [PSYoungGen: 565344K->76672K(578048K)] 955391K->506745K(1909760K), 0.0604130 secs] [Times: user=0.48 sys=0.00, real=0.06 secs] 
249.781: Total time for which application threads were stopped: 0.0605820 seconds, Stopping threads took: 0.0000730 seconds
249.992: Application time: 0.2115090 seconds
249.992: [GC [PSYoungGen: 569728K->75824K(579072K)] 999801K->552202K(1910784K), 0.0624900 secs] [Times: user=0.48 sys=0.00, real=0.06 secs] 
250.055: Total time for which application threads were stopped: 0.0626790 seconds, Stopping threads took: 0.0000820 seconds
250.268: Application time: 0.2131390 seconds
250.268: [GC [PSYoungGen: 568880K->74725K(578560K)] 1045258K->592409K(1910272K), 0.0583050 secs] [Times: user=0.46 sys=0.00, real=0.06 secs] 
250.327: Total time for which application threads were stopped: 0.0584700 seconds, Stopping threads took: 0.0000740 seconds
250.537: Application time: 0.2104700 seconds
250.537: [GC [PSYoungGen: 570341K->68955K(580096K)] 1088025K->619596K(1911808K), 0.0505640 secs] [Times: user=0.40 sys=0.00, real=0.05 secs] 
250.588: Total time for which application threads were stopped: 0.0507480 seconds, Stopping threads took: 0.0000790 seconds
250.791: Application time: 0.2033370 seconds
250.791: [GC [PSYoungGen: 564571K->78144K(581632K)] 1115212K->666808K(1913344K), 0.0569380 secs] [Times: user=0.45 sys=0.00, real=0.05 secs] 
250.848: Total time for which application threads were stopped: 0.0571170 seconds, Stopping threads took: 0.0000870 seconds
251.066: Application time: 0.2181100 seconds
251.067: [GC [PSYoungGen: 575296K->64924K(562176K)] 1163960K->690694K(1893888K), 0.0505340 secs] [Times: user=0.39 sys=0.00, real=0.05 secs] 
251.117: Total time for which application threads were stopped: 0.0507180 seconds, Stopping threads took: 0.0000790 seconds
251.319: Application time: 0.2018550 seconds
251.319: [GC [PSYoungGen: 562076K->78294K(580608K)] 1187846K->735691K(1912320K), 0.0540700 secs] [Times: user=0.42 sys=0.00, real=0.06 secs] 
251.373: Total time for which application threads were stopped: 0.0542570 seconds, Stopping threads took: 0.0000940 seconds
251.585: Application time: 0.2114630 seconds
251.585: [GC [PSYoungGen: 573398K->66691K(581120K)] 1230795K->752303K(1912832K), 0.0460790 secs] [Times: user=0.36 sys=0.00, real=0.05 secs] 
251.631: Total time for which application threads were stopped: 0.0462780 seconds, Stopping threads took: 0.0001020 seconds
251.839: Application time: 0.2084580 seconds
251.840: [GC [PSYoungGen: 561795K->78992K(579072K)] 1247407K->798641K(1910784K), 0.0564290 secs] [Times: user=0.44 sys=0.00, real=0.06 secs] 
251.896: Total time for which application threads were stopped: 0.0566300 seconds, Stopping threads took: 0.0001050 seconds
252.107: Application time: 0.2111170 seconds
252.107: [GC [PSYoungGen: 572048K->73878K(580096K)] 1291697K->834698K(1911808K), 0.0566960 secs] [Times: user=0.45 sys=0.00, real=0.06 secs] 
252.164: Total time for which application threads were stopped: 0.0569070 seconds, Stopping threads took: 0.0001090 seconds
252.378: Application time: 0.2139840 seconds
252.378: [GC [PSYoungGen: 566934K->72704K(578048K)] 1327754K->872347K(1909760K), 0.0569880 secs] [Times: user=0.45 sys=0.00, real=0.06 secs] 
252.435: Total time for which application threads were stopped: 0.0571560 seconds, Stopping threads took: 0.0000770 seconds
252.638: Application time: 0.2027210 seconds
252.638: [GC [PSYoungGen: 566784K->77808K(579072K)] 1366427K->918104K(1910784K), 0.0598970 secs] [Times: user=0.46 sys=0.00, real=0.06 secs] 
252.698: Total time for which application threads were stopped: 0.0601660 seconds, Stopping threads took: 0.0001620 seconds
252.908: Application time: 0.2101170 seconds
252.908: [GC [PSYoungGen: 571888K->67431K(581120K)] 1412184K->939065K(1912832K), 0.0492660 secs] [Times: user=0.39 sys=0.00, real=0.05 secs] 
252.958: Total time for which application threads were stopped: 0.0494430 seconds, Stopping threads took: 0.0000850 seconds
253.164: Application time: 0.2066740 seconds
253.166: [GC [PSYoungGen: 563559K->81926K(578560K)] 1435193K->990085K(1910272K), 0.0590420 secs] [Times: user=0.47 sys=0.00, real=0.06 secs] 
253.225: Total time for which application threads were stopped: 0.0603820 seconds, Stopping threads took: 0.0012310 seconds
253.444: Application time: 0.2197190 seconds
253.445: [GC [PSYoungGen: 578054K->71052K(580608K)] 1486213K->1022516K(1912320K), 0.0585110 secs] [Times: user=0.47 sys=0.00, real=0.06 secs] 
253.503: Total time for which application threads were stopped: 0.0587300 seconds, Stopping threads took: 0.0001020 seconds
253.706: Application time: 0.2028020 seconds
253.706: [GC [PSYoungGen: 564620K->82448K(576512K)] 1516084K->1074279K(1908224K), 0.0619180 secs] [Times: user=0.47 sys=0.00, real=0.06 secs] 
253.768: Total time for which application threads were stopped: 0.0621280 seconds, Stopping threads took: 0.0001080 seconds
253.981: Application time: 0.2127250 seconds
253.982: [GC [PSYoungGen: 576016K->71264K(579584K)] 1567847K->1112429K(1911296K), 0.0617770 secs] [Times: user=0.49 sys=0.00, real=0.06 secs] 
254.043: Total time for which application threads were stopped: 0.0625920 seconds, Stopping threads took: 0.0007190 seconds
254.248: Application time: 0.2045720 seconds
254.248: [GC [PSYoungGen: 562272K->87525K(578560K)] 1603437K->1175177K(1910272K), 0.0686260 secs] [Times: user=0.54 sys=0.00, real=0.07 secs] 
254.317: Total time for which application threads were stopped: 0.0688300 seconds, Stopping threads took: 0.0001010 seconds
254.535: Application time: 0.2176280 seconds
254.538: [GC [PSYoungGen: 578533K->65344K(539648K)] 1666185K->1208421K(1871360K), 0.0639630 secs] [Times: user=0.50 sys=0.00, real=0.07 secs] 
254.602: Total time for which application threads were stopped: 0.0671410 seconds, Stopping threads took: 0.0030800 seconds
254.784: Application time: 0.1826680 seconds
254.784: [GC [PSYoungGen: 516416K->86435K(559104K)] 1659493K->1269539K(1890816K), 0.0637490 secs] [Times: user=0.50 sys=0.00, real=0.06 secs] 
254.848: Total time for which application threads were stopped: 0.0639310 seconds, Stopping threads took: 0.0000790 seconds
255.047: Application time: 0.1990620 seconds
255.047: [GC [PSYoungGen: 537507K->58848K(557056K)] 1720611K->1295680K(1888768K), 0.0579990 secs] [Times: user=0.46 sys=0.00, real=0.06 secs] 
255.106: Total time for which application threads were stopped: 0.0581880 seconds, Stopping threads took: 0.0000920 seconds
255.286: Application time: 0.1807300 seconds
255.286: [GC [PSYoungGen: 507872K->88075K(537600K)] 1744704K->1362152K(1869312K), 0.0648190 secs] [Times: user=0.51 sys=0.00, real=0.07 secs] 
255.351: [Full GC [PSYoungGen: 88075K->0K(537600K)] [ParOldGen: 1274076K->146111K(1333760K)] 1362152K->146111K(1871360K) [PSPermGen: 9172K->9172K(21504K)], 0.1730090 secs] [Times: user=1.27 sys=0.00, real=0.17 secs] 
255.524: Total time for which application threads were stopped: 0.2380910 seconds, Stopping threads took: 0.0000940 seconds
255.724: Application time: 0.1995280 seconds
255.724: [GC [PSYoungGen: 449024K->73930K(559616K)] 595135K->220041K(1893376K), 0.0451420 secs] [Times: user=0.36 sys=0.00, real=0.04 secs] 
255.769: Total time for which application threads were stopped: 0.0453510 seconds, Stopping threads took: 0.0001130 seconds
255.957: Application time: 0.1879650 seconds
255.957: [GC [PSYoungGen: 523978K->84144K(534528K)] 670089K->283594K(1868288K), 0.0730280 secs] [Times: user=0.57 sys=0.00, real=0.08 secs] 
256.030: Total time for which application threads were stopped: 0.0732220 seconds, Stopping threads took: 0.0000860 seconds
256.230: Application time: 0.2000690 seconds
256.231: [GC [PSYoungGen: 534192K->64022K(556544K)] 733642K->317591K(1890304K), 0.0607080 secs] [Times: user=0.47 sys=0.00, real=0.06 secs] 
256.291: Total time for which application threads were stopped: 0.0609230 seconds, Stopping threads took: 0.0001160 seconds
256.470: Application time: 0.1789080 seconds
256.470: [GC [PSYoungGen: 514070K->83824K(556544K)] 767639K->380704K(1890304K), 0.0620750 secs] [Times: user=0.49 sys=0.00, real=0.06 secs] 
256.533: Total time for which application threads were stopped: 0.0622820 seconds, Stopping threads took: 0.0001010 seconds
256.737: Application time: 0.2042210 seconds
256.737: [GC [PSYoungGen: 533872K->60017K(560128K)] 830752K->407151K(1893888K), 0.0563800 secs] [Times: user=0.45 sys=0.00, real=0.06 secs] 
256.793: Total time for which application threads were stopped: 0.0565810 seconds, Stopping threads took: 0.0001070 seconds
256.978: Application time: 0.1846220 seconds
256.978: [GC [PSYoungGen: 514161K->85563K(560128K)] 861295K->473361K(1893888K), 0.0655370 secs] [Times: user=0.52 sys=0.00, real=0.07 secs] 
257.044: Total time for which application threads were stopped: 0.0657510 seconds, Stopping threads took: 0.0001040 seconds
257.251: Application time: 0.2067320 seconds
257.251: [GC [PSYoungGen: 539707K->57410K(559616K)] 927505K->491422K(1893376K), 0.0521220 secs] [Times: user=0.41 sys=0.00, real=0.05 secs] 
257.303: Total time for which application threads were stopped: 0.0523710 seconds, Stopping threads took: 0.0001550 seconds
257.484: Application time: 0.1809130 seconds
257.484: [GC [PSYoungGen: 510530K->82253K(560128K)] 944542K->552292K(1893888K), 0.0583730 secs] [Times: user=0.46 sys=0.00, real=0.06 secs] 
257.542: Total time for which application threads were stopped: 0.0585590 seconds, Stopping threads took: 0.0000830 seconds
257.745: Application time: 0.2030130 seconds
257.750: [GC [PSYoungGen: 535373K->59440K(560128K)] 1005412K->572518K(1893888K), 0.0518820 secs] [Times: user=0.41 sys=0.00, real=0.05 secs] 
257.802: Total time for which application threads were stopped: 0.0562430 seconds, Stopping threads took: 0.0042700 seconds
257.982: Application time: 0.1800090 seconds
257.982: [GC [PSYoungGen: 513072K->78589K(532480K)] 1026150K->629504K(1866240K), 0.0575350 secs] [Times: user=0.45 sys=0.00, real=0.05 secs] 
258.039: Total time for which application threads were stopped: 0.0577740 seconds, Stopping threads took: 0.0001460 seconds
258.243: Application time: 0.2032620 seconds
258.246: [GC [PSYoungGen: 532221K->64480K(560640K)] 1083136K->659883K(1894400K), 0.0555580 secs] [Times: user=0.44 sys=0.00, real=0.05 secs] 
258.301: Total time for which application threads were stopped: 0.0585640 seconds, Stopping threads took: 0.0029000 seconds
258.485: Application time: 0.1837120 seconds
258.485: [GC [PSYoungGen: 520160K->77120K(559104K)] 1115563K->712680K(1892864K), 0.0576740 secs] [Times: user=0.46 sys=0.00, real=0.06 secs] 
258.543: Total time for which application threads were stopped: 0.0578790 seconds, Stopping threads took: 0.0001060 seconds
258.745: Application time: 0.2022930 seconds
258.745: [GC [PSYoungGen: 532800K->67728K(562176K)] 1168360K->748625K(1895936K), 0.0587020 secs] [Times: user=0.46 sys=0.00, real=0.06 secs] 
258.804: Total time for which application threads were stopped: 0.0589180 seconds, Stopping threads took: 0.0001190 seconds
258.992: Application time: 0.1879470 seconds
258.992: [GC [PSYoungGen: 528016K->76624K(560640K)] 1208913K->799887K(1894400K), 0.0597840 secs] [Times: user=0.47 sys=0.00, real=0.06 secs] 
259.052: Total time for which application threads were stopped: 0.0600020 seconds, Stopping threads took: 0.0001070 seconds
259.248: Application time: 0.1961580 seconds
259.248: [GC [PSYoungGen: 536912K->70032K(564736K)] 1260175K->840203K(1898496K), 0.0588140 secs] [Times: user=0.46 sys=0.00, real=0.06 secs] 
259.307: Total time for which application threads were stopped: 0.0590080 seconds, Stopping threads took: 0.0001030 seconds
259.501: Application time: 0.1941920 seconds
259.502: [GC [PSYoungGen: 536976K->74480K(563712K)] 1307147K->886883K(1897472K), 0.0598640 secs] [Times: user=0.46 sys=0.00, real=0.06 secs] 
259.561: Total time for which application threads were stopped: 0.0600730 seconds, Stopping threads took: 0.0000990 seconds
259.764: Application time: 0.2029120 seconds
259.765: [GC [PSYoungGen: 541424K->72128K(568832K)] 1353827K->929859K(1902592K), 0.0607540 secs] [Times: user=0.48 sys=0.00, real=0.06 secs] 
259.825: Total time for which application threads were stopped: 0.0609410 seconds, Stopping threads took: 0.0000920 seconds
260.021: Application time: 0.1961560 seconds
260.022: [GC [PSYoungGen: 546240K->73936K(567296K)] 1403971K->973781K(1901056K), 0.0573670 secs] [Times: user=0.45 sys=0.00, real=0.05 secs] 
260.079: Total time for which application threads were stopped: 0.0575590 seconds, Stopping threads took: 0.0000770 seconds
260.282: Application time: 0.2028780 seconds
260.282: [GC [PSYoungGen: 548048K->70768K(571392K)] 1447893K->1013867K(1905152K), 0.0577170 secs] [Times: user=0.46 sys=0.00, real=0.05 secs] 
260.340: Total time for which application threads were stopped: 0.0578920 seconds, Stopping threads took: 0.0000840 seconds
260.537: Application time: 0.1969920 seconds
260.537: [GC [PSYoungGen: 551024K->79741K(570368K)] 1494123K->1063913K(1904128K), 0.0599440 secs] [Times: user=0.48 sys=0.00, real=0.06 secs] 
260.597: Total time for which application threads were stopped: 0.0601300 seconds, Stopping threads took: 0.0000800 seconds
260.813: Application time: 0.2159710 seconds
260.813: [GC [PSYoungGen: 559997K->65344K(576512K)] 1544169K->1094155K(1910272K), 0.0572360 secs] [Times: user=0.46 sys=0.00, real=0.06 secs] 
260.870: Total time for which application threads were stopped: 0.0574350 seconds, Stopping threads took: 0.0001040 seconds
261.066: Application time: 0.1956290 seconds
261.066: [GC [PSYoungGen: 551232K->84192K(570368K)] 1580043K->1151203K(1904128K), 0.0609260 secs] [Times: user=0.49 sys=0.00, real=0.06 secs] 
261.127: Total time for which application threads were stopped: 0.0611230 seconds, Stopping threads took: 0.0000910 seconds
261.350: Application time: 0.2224360 seconds
261.354: [GC [PSYoungGen: 570080K->58496K(572928K)] 1637091K->1167537K(1906688K), 0.0527520 secs] [Times: user=0.42 sys=0.00, real=0.05 secs] 
261.406: Total time for which application threads were stopped: 0.0569230 seconds, Stopping threads took: 0.0040770 seconds
261.594: Application time: 0.1872380 seconds
261.594: [GC [PSYoungGen: 538240K->89623K(569856K)] 1647281K->1231822K(1903616K), 0.0614230 secs] [Times: user=0.49 sys=0.00, real=0.06 secs] 
261.655: Total time for which application threads were stopped: 0.0616380 seconds, Stopping threads took: 0.0001070 seconds
261.881: Application time: 0.2261160 seconds
261.882: [GC [PSYoungGen: 569367K->49040K(564736K)] 1711566K->1230962K(1898496K), 0.0473370 secs] [Times: user=0.37 sys=0.00, real=0.04 secs] 
261.929: Total time for which application threads were stopped: 0.0475370 seconds, Stopping threads took: 0.0001070 seconds
262.109: Application time: 0.1801830 seconds
262.114: [GC [PSYoungGen: 516496K->89719K(557568K)] 1698418K->1299663K(1891328K), 0.0580370 secs] [Times: user=0.46 sys=0.00, real=0.06 secs] 
262.172: Total time for which application threads were stopped: 0.0625430 seconds, Stopping threads took: 0.0044040 seconds
262.388: Application time: 0.2162500 seconds
262.388: [GC [PSYoungGen: 557175K->48960K(561152K)] 1767119K->1303123K(1894912K), 0.0484360 secs] [Times: user=0.38 sys=0.00, real=0.05 secs] 
262.437: Total time for which application threads were stopped: 0.0486270 seconds, Stopping threads took: 0.0000970 seconds
262.613: Application time: 0.1764380 seconds
262.613: [GC [PSYoungGen: 506176K->88824K(546304K)] 1760339K->1371866K(1880064K), 0.0582880 secs] [Times: user=0.46 sys=0.00, real=0.06 secs] 
262.672: [Full GC [PSYoungGen: 88824K->0K(546304K)] [ParOldGen: 1283041K->140046K(1333760K)] 1371866K->140046K(1880064K) [PSPermGen: 9172K->9172K(21504K)], 0.1668100 secs] [Times: user=1.21 sys=0.00, real=0.16 secs] 
262.838: Total time for which application threads were stopped: 0.2253490 seconds, Stopping threads took: 0.0000860 seconds
263.048: Application time: 0.2099870 seconds
263.049: [GC [PSYoungGen: 457216K->64560K(561152K)] 597262K->204607K(1894912K), 0.0400010 secs] [Times: user=0.32 sys=0.00, real=0.04 secs] 
263.089: Total time for which application threads were stopped: 0.0401990 seconds, Stopping threads took: 0.0000960 seconds
263.266: Application time: 0.1769430 seconds
263.266: [GC [PSYoungGen: 517680K->87888K(541184K)] 657727K->272115K(1874944K), 0.0676490 secs] [Times: user=0.54 sys=0.00, real=0.07 secs] 
263.333: Total time for which application threads were stopped: 0.0678300 seconds, Stopping threads took: 0.0000830 seconds
263.539: Application time: 0.2058410 seconds
263.539: [GC [PSYoungGen: 541008K->53552K(558592K)] 725235K->287439K(1892352K), 0.0501710 secs] [Times: user=0.39 sys=0.00, real=0.05 secs] 
263.590: Total time for which application threads were stopped: 0.0503720 seconds, Stopping threads took: 0.0000930 seconds
263.764: Application time: 0.1746820 seconds
263.764: [GC [PSYoungGen: 503600K->85682K(536064K)] 737487K->351501K(1869824K), 0.0564060 secs] [Times: user=0.45 sys=0.00, real=0.05 secs] 
263.821: Total time for which application threads were stopped: 0.0565900 seconds, Stopping threads took: 0.0000770 seconds
264.019: Application time: 0.1980270 seconds
264.020: [GC [PSYoungGen: 535730K->59376K(558592K)] 801549K->376266K(1892352K), 0.0552330 secs] [Times: user=0.42 sys=0.00, real=0.06 secs] 
264.075: Total time for which application threads were stopped: 0.0564150 seconds, Stopping threads took: 0.0010860 seconds
264.259: Application time: 0.1840470 seconds
264.260: [GC [PSYoungGen: 507888K->81452K(557056K)] 824778K->435732K(1890816K), 0.0581560 secs] [Times: user=0.46 sys=0.00, real=0.06 secs] 
264.318: Total time for which application threads were stopped: 0.0584080 seconds, Stopping threads took: 0.0001610 seconds
264.515: Application time: 0.1969390 seconds
264.515: [GC [PSYoungGen: 529964K->64704K(556032K)] 884244K->469583K(1889792K), 0.0576410 secs] [Times: user=0.45 sys=0.00, real=0.06 secs] 
264.573: Total time for which application threads were stopped: 0.0578490 seconds, Stopping threads took: 0.0001040 seconds
264.763: Application time: 0.1900840 seconds
264.766: [GC [PSYoungGen: 514752K->79606K(556544K)] 919631K->524328K(1890304K), 0.0611550 secs] [Times: user=0.48 sys=0.00, real=0.06 secs] 
264.827: Total time for which application threads were stopped: 0.0642210 seconds, Stopping threads took: 0.0029690 seconds
265.022: Application time: 0.1948220 seconds
265.022: [GC [PSYoungGen: 529654K->67952K(555520K)] 974376K->565845K(1889280K), 0.0608390 secs] [Times: user=0.48 sys=0.00, real=0.06 secs] 
265.083: Total time for which application threads were stopped: 0.0610180 seconds, Stopping threads took: 0.0000740 seconds
265.275: Application time: 0.1927810 seconds
265.276: [GC [PSYoungGen: 522608K->80327K(558080K)] 1020501K->617867K(1891840K), 0.0614810 secs] [Times: user=0.49 sys=0.00, real=0.06 secs] 
265.337: Total time for which application threads were stopped: 0.0616790 seconds, Stopping threads took: 0.0001060 seconds
265.528: Application time: 0.1911350 seconds
265.528: [GC [PSYoungGen: 534983K->71600K(557568K)] 1072523K->662317K(1891328K), 0.0622480 secs] [Times: user=0.49 sys=0.00, real=0.07 secs] 
265.591: Total time for which application threads were stopped: 0.0624290 seconds, Stopping threads took: 0.0000780 seconds
265.785: Application time: 0.1942340 seconds
265.785: [GC [PSYoungGen: 531888K->75698K(560640K)] 1122605K->707581K(1894400K), 0.0587980 secs] [Times: user=0.47 sys=0.00, real=0.06 secs] 
265.844: Total time for which application threads were stopped: 0.0589880 seconds, Stopping threads took: 0.0000990 seconds
266.041: Application time: 0.1969910 seconds
266.041: [GC [PSYoungGen: 535986K->75767K(562176K)] 1167869K->757361K(1895936K), 0.0643030 secs] [Times: user=0.51 sys=0.00, real=0.07 secs] 
266.105: Total time for which application threads were stopped: 0.0645250 seconds, Stopping threads took: 0.0001070 seconds
266.306: Application time: 0.2005020 seconds
266.306: [GC [PSYoungGen: 543735K->71576K(565248K)] 1225329K->793962K(1899008K), 0.0567550 secs] [Times: user=0.45 sys=0.00, real=0.06 secs] 
266.363: Total time for which application threads were stopped: 0.0569220 seconds, Stopping threads took: 0.0000740 seconds
266.558: Application time: 0.1952310 seconds
266.558: [GC [PSYoungGen: 539544K->74960K(565760K)] 1261930K->844613K(1899520K), 0.0613570 secs] [Times: user=0.46 sys=0.00, real=0.06 secs] 
266.620: Total time for which application threads were stopped: 0.0615460 seconds, Stopping threads took: 0.0000840 seconds
266.823: Application time: 0.2031720 seconds
266.823: [GC [PSYoungGen: 549584K->72178K(568320K)] 1319237K->880073K(1902080K), 0.0564000 secs] [Times: user=0.43 sys=0.00, real=0.05 secs] 
266.879: Total time for which application threads were stopped: 0.0565790 seconds, Stopping threads took: 0.0000850 seconds
267.077: Application time: 0.1977350 seconds
267.077: [GC [PSYoungGen: 546802K->75046K(570880K)] 1354697K->929251K(1904640K), 0.0604110 secs] [Times: user=0.48 sys=0.00, real=0.06 secs] 
267.138: Total time for which application threads were stopped: 0.0606020 seconds, Stopping threads took: 0.0000860 seconds
267.350: Application time: 0.2120700 seconds
267.354: [GC [PSYoungGen: 556838K->71231K(572416K)] 1411043K->962500K(1906176K), 0.0554170 secs] [Times: user=0.44 sys=0.00, real=0.05 secs] 
267.409: Total time for which application threads were stopped: 0.0592840 seconds, Stopping threads took: 0.0037700 seconds
267.611: Application time: 0.2015280 seconds
267.611: [GC [PSYoungGen: 553023K->75904K(573952K)] 1444292K->1012738K(1907712K), 0.0636920 secs] [Times: user=0.50 sys=0.00, real=0.06 secs] 
267.675: Total time for which application threads were stopped: 0.0638810 seconds, Stopping threads took: 0.0000810 seconds
267.890: Application time: 0.2151720 seconds
267.890: [GC [PSYoungGen: 562816K->69830K(575488K)] 1499650K->1044643K(1909248K), 0.0567170 secs] [Times: user=0.44 sys=0.00, real=0.05 secs] 
267.947: Total time for which application threads were stopped: 0.0569130 seconds, Stopping threads took: 0.0001060 seconds
268.155: Application time: 0.2078960 seconds
268.155: [GC [PSYoungGen: 556742K->74176K(576000K)] 1531555K->1091410K(1909760K), 0.0614190 secs] [Times: user=0.48 sys=0.00, real=0.06 secs] 
268.216: Total time for which application threads were stopped: 0.0616010 seconds, Stopping threads took: 0.0000760 seconds
268.420: Application time: 0.2036690 seconds
268.420: [GC [PSYoungGen: 564672K->71701K(577536K)] 1581906K->1127197K(1911296K), 0.0545820 secs] [Times: user=0.43 sys=0.00, real=0.06 secs] 
268.475: Total time for which application threads were stopped: 0.0547640 seconds, Stopping threads took: 0.0000890 seconds
268.689: Application time: 0.2141500 seconds
268.689: [GC [PSYoungGen: 562197K->65472K(579584K)] 1617693K->1155432K(1913344K), 0.0518090 secs] [Times: user=0.41 sys=0.00, real=0.05 secs] 
268.741: Total time for which application threads were stopped: 0.0520260 seconds, Stopping threads took: 0.0001050 seconds
268.941: Application time: 0.2005810 seconds
268.941: [GC [PSYoungGen: 559552K->75818K(580096K)] 1649512K->1196209K(1913856K), 0.0532440 secs] [Times: user=0.42 sys=0.00, real=0.06 secs] 
268.995: Total time for which application threads were stopped: 0.0534330 seconds, Stopping threads took: 0.0000950 seconds
269.210: Application time: 0.2153860 seconds
269.210: [GC [PSYoungGen: 569898K->61792K(580096K)] 1690289K->1207579K(1913856K), 0.0447630 secs] [Times: user=0.35 sys=0.00, real=0.04 secs] 
269.255: Total time for which application threads were stopped: 0.0449460 seconds, Stopping threads took: 0.0000770 seconds
269.458: Application time: 0.2024540 seconds
269.458: [GC [PSYoungGen: 555872K->82714K(577024K)] 1701659K->1256792K(1910784K), 0.0557040 secs] [Times: user=0.44 sys=0.00, real=0.06 secs] 
269.513: Total time for which application threads were stopped: 0.0559040 seconds, Stopping threads took: 0.0000930 seconds
269.730: Application time: 0.2164430 seconds
269.734: [GC [PSYoungGen: 576794K->67627K(579072K)] 1750872K->1276483K(1912832K), 0.0510260 secs] [Times: user=0.41 sys=0.00, real=0.05 secs] 
269.785: Total time for which application threads were stopped: 0.0548160 seconds, Stopping threads took: 0.0036840 seconds
269.989: Application time: 0.2045010 seconds
269.989: [GC [PSYoungGen: 557611K->79017K(578048K)] 1766467K->1323619K(1911808K), 0.0594750 secs] [Times: user=0.47 sys=0.00, real=0.06 secs] 
270.049: Total time for which application threads were stopped: 0.0596620 seconds, Stopping threads took: 0.0000910 seconds
270.252: Application time: 0.2029870 seconds
270.252: [GC [PSYoungGen: 569001K->72039K(577024K)] 1813603K->1362397K(1910784K), 0.0584700 secs] [Times: user=0.46 sys=0.01, real=0.06 secs] 
270.311: [Full GC [PSYoungGen: 72039K->0K(577024K)] [ParOldGen: 1290357K->133393K(1333760K)] 1362397K->133393K(1910784K) [PSPermGen: 9172K->9172K(21504K)], 0.1557430 secs] [Times: user=1.11 sys=0.00, real=0.15 secs] 
270.466: Total time for which application threads were stopped: 0.2144750 seconds, Stopping threads took: 0.0000930 seconds
270.677: Application time: 0.2108250 seconds
270.677: [GC [PSYoungGen: 489984K->87551K(577536K)] 623377K->225611K(1911296K), 0.0535390 secs] [Times: user=0.42 sys=0.00, real=0.06 secs] 
270.731: Total time for which application threads were stopped: 0.0537360 seconds, Stopping threads took: 0.0001010 seconds
270.940: Application time: 0.2091910 seconds
270.940: [GC [PSYoungGen: 577535K->75938K(572416K)] 715595K->276226K(1906176K), 0.0711240 secs] [Times: user=0.56 sys=0.00, real=0.08 secs] 
271.011: Total time for which application threads were stopped: 0.0713300 seconds, Stopping threads took: 0.0001010 seconds
271.219: Application time: 0.2080200 seconds
271.220: [GC [PSYoungGen: 558754K->75546K(574976K)] 759042K->315948K(1908736K), 0.0583220 secs] [Times: user=0.46 sys=0.00, real=0.06 secs] 
271.278: Total time for which application threads were stopped: 0.0585110 seconds, Stopping threads took: 0.0000970 seconds
271.481: Application time: 0.2034130 seconds
271.482: [GC [PSYoungGen: 558362K->82272K(574464K)] 798764K->371249K(1908224K), 0.0650120 secs] [Times: user=0.51 sys=0.00, real=0.06 secs] 
271.547: Total time for which application threads were stopped: 0.0652050 seconds, Stopping threads took: 0.0000830 seconds
271.752: Application time: 0.2056330 seconds
271.752: [GC [PSYoungGen: 566046K->76158K(575488K)] 855023K->413218K(1909248K), 0.0614730 secs] [Times: user=0.48 sys=0.00, real=0.06 secs] 
271.814: Total time for which application threads were stopped: 0.0616510 seconds, Stopping threads took: 0.0000830 seconds
272.020: Application time: 0.2063470 seconds
272.022: [GC [PSYoungGen: 559998K->76640K(572416K)] 897058K->459692K(1906176K), 0.0622550 secs] [Times: user=0.49 sys=0.00, real=0.06 secs] 
272.084: Total time for which application threads were stopped: 0.0637340 seconds, Stopping threads took: 0.0013730 seconds
272.284: Application time: 0.1999620 seconds
272.284: [GC [PSYoungGen: 561504K->81122K(573952K)] 944556K->512264K(1907712K), 0.0641290 secs] [Times: user=0.51 sys=0.00, real=0.06 secs] 
272.348: Total time for which application threads were stopped: 0.0643300 seconds, Stopping threads took: 0.0001050 seconds
272.560: Application time: 0.2113240 seconds
272.560: [GC [PSYoungGen: 565986K->69760K(577536K)] 997128K->545489K(1911296K), 0.0579830 secs] [Times: user=0.46 sys=0.00, real=0.06 secs] 
272.618: Total time for which application threads were stopped: 0.0581810 seconds, Stopping threads took: 0.0000910 seconds
272.817: Application time: 0.1992790 seconds
272.817: [GC [PSYoungGen: 557184K->83328K(570880K)] 1032913K->604216K(1904640K), 0.0645470 secs] [Times: user=0.52 sys=0.00, real=0.07 secs] 
272.882: Total time for which application threads were stopped: 0.0647370 seconds, Stopping threads took: 0.0000980 seconds
273.099: Application time: 0.2174450 seconds
273.099: [GC [PSYoungGen: 570752K->63616K(573952K)] 1091640K->627940K(1907712K), 0.0540370 secs] [Times: user=0.42 sys=0.00, real=0.06 secs] 
273.153: Total time for which application threads were stopped: 0.0542090 seconds, Stopping threads took: 0.0000740 seconds
273.352: Application time: 0.1983940 seconds
273.352: [GC [PSYoungGen: 546432K->85392K(568320K)] 1110756K->690485K(1902080K), 0.0641060 secs] [Times: user=0.51 sys=0.00, real=0.06 secs] 
273.416: Total time for which application threads were stopped: 0.0643180 seconds, Stopping threads took: 0.0001170 seconds
273.631: Application time: 0.2150210 seconds
273.631: [GC [PSYoungGen: 568208K->58144K(570880K)] 1173301K->700240K(1904640K), 0.0481530 secs] [Times: user=0.38 sys=0.00, real=0.04 secs] 
273.680: Total time for which application threads were stopped: 0.0483250 seconds, Stopping threads took: 0.0000650 seconds
273.872: Application time: 0.1920690 seconds
273.874: [GC [PSYoungGen: 534816K->84560K(561664K)] 1176912K->761078K(1895424K), 0.0608360 secs] [Times: user=0.48 sys=0.00, real=0.06 secs] 
273.935: Total time for which application threads were stopped: 0.0629250 seconds, Stopping threads took: 0.0019910 seconds
274.143: Application time: 0.2082630 seconds
274.143: [GC [PSYoungGen: 561232K->57517K(568832K)] 1237750K->776486K(1902592K), 0.0503130 secs] [Times: user=0.40 sys=0.00, real=0.05 secs] 
274.193: Total time for which application threads were stopped: 0.0505080 seconds, Stopping threads took: 0.0000830 seconds
274.390: Application time: 0.1969200 seconds
274.390: [GC [PSYoungGen: 529069K->80320K(569344K)] 1248038K->830728K(1903104K), 0.0576010 secs] [Times: user=0.45 sys=0.00, real=0.05 secs] 
274.448: Total time for which application threads were stopped: 0.0577680 seconds, Stopping threads took: 0.0000710 seconds
274.653: Application time: 0.2050240 seconds
274.653: [GC [PSYoungGen: 551872K->58726K(568320K)] 1302280K->849740K(1902080K), 0.0492010 secs] [Times: user=0.39 sys=0.00, real=0.05 secs] 
274.702: Total time for which application threads were stopped: 0.0493730 seconds, Stopping threads took: 0.0000670 seconds
274.897: Application time: 0.1946070 seconds
274.897: [GC [PSYoungGen: 529254K->78560K(568832K)] 1320268K->900888K(1902592K), 0.0554510 secs] [Times: user=0.44 sys=0.00, real=0.06 secs] 
274.953: Total time for which application threads were stopped: 0.0556260 seconds, Stopping threads took: 0.0000780 seconds
275.155: Application time: 0.2026480 seconds
275.155: [GC [PSYoungGen: 549088K->61430K(567808K)] 1371416K->919500K(1901568K), 0.0476210 secs] [Times: user=0.37 sys=0.00, real=0.05 secs] 
275.203: Total time for which application threads were stopped: 0.0477970 seconds, Stopping threads took: 0.0000720 seconds
275.399: Application time: 0.1954710 seconds
275.399: [GC [PSYoungGen: 532470K->74406K(568320K)] 1390540K->960350K(1902080K), 0.0518350 secs] [Times: user=0.41 sys=0.00, real=0.06 secs] 
275.451: Total time for which application threads were stopped: 0.0520200 seconds, Stopping threads took: 0.0000920 seconds
275.653: Application time: 0.2021610 seconds
275.653: [GC [PSYoungGen: 545446K->63243K(569344K)] 1431390K->987188K(1903104K), 0.0499290 secs] [Times: user=0.40 sys=0.00, real=0.05 secs] 
275.703: Total time for which application threads were stopped: 0.0501230 seconds, Stopping threads took: 0.0000970 seconds
275.897: Application time: 0.1940930 seconds
275.897: [GC [PSYoungGen: 536843K->76514K(568832K)] 1460788K->1034300K(1902592K), 0.0557060 secs] [Times: user=0.44 sys=0.00, real=0.06 secs] 
275.953: Total time for which application threads were stopped: 0.0559230 seconds, Stopping threads took: 0.0001130 seconds
276.157: Application time: 0.2042370 seconds
276.157: [GC [PSYoungGen: 550114K->63021K(570880K)] 1507900K->1058563K(1904640K), 0.0498390 secs] [Times: user=0.40 sys=0.00, real=0.05 secs] 
276.207: Total time for which application threads were stopped: 0.0500380 seconds, Stopping threads took: 0.0001050 seconds
276.406: Application time: 0.1987910 seconds
276.406: [GC [PSYoungGen: 540205K->77207K(570880K)] 1535747K->1107325K(1904640K), 0.0561840 secs] [Times: user=0.45 sys=0.00, real=0.06 secs] 
276.462: Total time for which application threads were stopped: 0.0563640 seconds, Stopping threads took: 0.0000720 seconds
276.668: Application time: 0.2055620 seconds
276.668: [GC [PSYoungGen: 554391K->63211K(572416K)] 1584509K->1131932K(1906176K), 0.0512850 secs] [Times: user=0.41 sys=0.00, real=0.05 secs] 
276.719: Total time for which application threads were stopped: 0.0515550 seconds, Stopping threads took: 0.0001780 seconds
276.922: Application time: 0.2028500 seconds
276.926: [GC [PSYoungGen: 542955K->72490K(572928K)] 1611676K->1169484K(1906688K), 0.0516570 secs] [Times: user=0.41 sys=0.00, real=0.05 secs] 
276.977: Total time for which application threads were stopped: 0.0550570 seconds, Stopping threads took: 0.0032920 seconds
277.186: Application time: 0.2082920 seconds
277.186: [GC [PSYoungGen: 552234K->67380K(571904K)] 1649228K->1199329K(1905664K), 0.0532800 secs] [Times: user=0.42 sys=0.00, real=0.05 secs] 
277.239: Total time for which application threads were stopped: 0.0534670 seconds, Stopping threads took: 0.0000900 seconds
277.441: Application time: 0.2017010 seconds
277.441: [GC [PSYoungGen: 549684K->71746K(572416K)] 1681633K->1238032K(1906176K), 0.0522490 secs] [Times: user=0.41 sys=0.00, real=0.06 secs] 
277.493: Total time for which application threads were stopped: 0.0524450 seconds, Stopping threads took: 0.0000890 seconds
277.699: Application time: 0.2055720 seconds
277.699: [GC [PSYoungGen: 554050K->68105K(576000K)] 1720336K->1267773K(1909760K), 0.0513390 secs] [Times: user=0.41 sys=0.00, real=0.06 secs] 
277.750: Total time for which application threads were stopped: 0.0515030 seconds, Stopping threads took: 0.0000710 seconds
277.961: Application time: 0.2109570 seconds
277.961: [GC [PSYoungGen: 556553K->70583K(576000K)] 1756221K->1306316K(1909760K), 0.0539820 secs] [Times: user=0.42 sys=0.00, real=0.06 secs] 
278.016: Total time for which application threads were stopped: 0.0541750 seconds, Stopping threads took: 0.0000880 seconds
278.226: Application time: 0.2104020 seconds
278.226: [GC [PSYoungGen: 559031K->70251K(578560K)] 1794764K->1337969K(1912320K), 0.0520260 secs] [Times: user=0.38 sys=0.03, real=0.05 secs] 
278.278: Total time for which application threads were stopped: 0.0522410 seconds, Stopping threads took: 0.0001180 seconds
278.490: Application time: 0.2122520 seconds
278.491: [GC [PSYoungGen: 563307K->74224K(577536K)] 1831025K->1380070K(1911296K), 0.0574040 secs] [Times: user=0.44 sys=0.02, real=0.05 secs] 
278.548: [Full GC [PSYoungGen: 74224K->0K(577536K)] [ParOldGen: 1305845K->135107K(1333760K)] 1380070K->135107K(1911296K) [PSPermGen: 9172K->9172K(21504K)], 0.1616090 secs] [Times: user=1.16 sys=0.00, real=0.17 secs] 
278.710: Total time for which application threads were stopped: 0.2192730 seconds, Stopping threads took: 0.0000860 seconds
278.922: Application time: 0.2123070 seconds
278.922: [GC [PSYoungGen: 493056K->84462K(574464K)] 628163K->221798K(1908224K), 0.0491220 secs] [Times: user=0.39 sys=0.00, real=0.05 secs] 
278.971: Total time for which application threads were stopped: 0.0493220 seconds, Stopping threads took: 0.0001060 seconds
279.181: Application time: 0.2096670 seconds
279.181: [GC [PSYoungGen: 574446K->70866K(578560K)] 711782K->263344K(1912320K), 0.0645280 secs] [Times: user=0.51 sys=0.00, real=0.07 secs] 
279.246: Total time for which application threads were stopped: 0.0647910 seconds, Stopping threads took: 0.0001360 seconds
279.448: Application time: 0.2026300 seconds
279.449: [GC [PSYoungGen: 560850K->76450K(577536K)] 753328K->302195K(1911296K), 0.0520750 secs] [Times: user=0.41 sys=0.00, real=0.05 secs] 
279.501: Total time for which application threads were stopped: 0.0522420 seconds, Stopping threads took: 0.0000720 seconds
279.716: Application time: 0.2153090 seconds
279.716: [GC [PSYoungGen: 567458K->64075K(578560K)] 793203K->324589K(1912320K), 0.0489460 secs] [Times: user=0.39 sys=0.00, real=0.05 secs] 
279.765: Total time for which application threads were stopped: 0.0491960 seconds, Stopping threads took: 0.0001340 seconds
279.963: Application time: 0.1981370 seconds
279.963: [GC [PSYoungGen: 555083K->84040K(573440K)] 815597K->382162K(1907200K), 0.0591270 secs] [Times: user=0.46 sys=0.00, real=0.06 secs] 
280.023: Total time for which application threads were stopped: 0.0593130 seconds, Stopping threads took: 0.0000920 seconds
280.241: Application time: 0.2183310 seconds
280.241: [GC [PSYoungGen: 569928K->65249K(576512K)] 868050K->401492K(1910272K), 0.0512290 secs] [Times: user=0.41 sys=0.00, real=0.06 secs] 
280.292: Total time for which application threads were stopped: 0.0514340 seconds, Stopping threads took: 0.0000990 seconds
280.486: Application time: 0.1935360 seconds
280.486: [GC [PSYoungGen: 551137K->87307K(569856K)] 887380K->464146K(1903616K), 0.0621940 secs] [Times: user=0.49 sys=0.00, real=0.06 secs] 
280.548: Total time for which application threads were stopped: 0.0623590 seconds, Stopping threads took: 0.0000690 seconds
280.760: Application time: 0.2114030 seconds
280.760: [GC [PSYoungGen: 567051K->66727K(573440K)] 943890K->488143K(1907200K), 0.0543300 secs] [Times: user=0.43 sys=0.00, real=0.06 secs] 
280.814: Total time for which application threads were stopped: 0.0545530 seconds, Stopping threads took: 0.0001150 seconds
281.009: Application time: 0.1946900 seconds
281.009: [GC [PSYoungGen: 546471K->85940K(568832K)] 967887K->550912K(1902592K), 0.0652470 secs] [Times: user=0.51 sys=0.00, real=0.07 secs] 
281.074: Total time for which application threads were stopped: 0.0654160 seconds, Stopping threads took: 0.0000740 seconds
281.282: Application time: 0.2072700 seconds
281.282: [GC [PSYoungGen: 561588K->63982K(571392K)] 1026560K->575276K(1905152K), 0.0545530 secs] [Times: user=0.43 sys=0.00, real=0.05 secs] 
281.336: Total time for which application threads were stopped: 0.0547530 seconds, Stopping threads took: 0.0000930 seconds
281.532: Application time: 0.1951740 seconds
281.532: [GC [PSYoungGen: 539630K->84400K(568320K)] 1050924K->637821K(1902080K), 0.0636340 secs] [Times: user=0.51 sys=0.00, real=0.06 secs] 
281.595: Total time for which application threads were stopped: 0.0638030 seconds, Stopping threads took: 0.0000760 seconds
281.800: Application time: 0.2042970 seconds
281.800: [GC [PSYoungGen: 556976K->67739K(569856K)] 1110397K->666252K(1903616K), 0.0559000 secs] [Times: user=0.44 sys=0.00, real=0.06 secs] 
281.856: Total time for which application threads were stopped: 0.0560950 seconds, Stopping threads took: 0.0000910 seconds
282.058: Application time: 0.2020620 seconds
282.058: [GC [PSYoungGen: 540315K->79674K(569344K)] 1138828K->721814K(1903104K), 0.0619840 secs] [Times: user=0.49 sys=0.00, real=0.06 secs] 
282.120: Total time for which application threads were stopped: 0.0621700 seconds, Stopping threads took: 0.0000910 seconds
282.325: Application time: 0.2051230 seconds
282.325: [GC [PSYoungGen: 553274K->67626K(569856K)] 1195414K->755476K(1903616K), 0.0565750 secs] [Times: user=0.45 sys=0.00, real=0.06 secs] 
282.382: Total time for which application threads were stopped: 0.0567990 seconds, Stopping threads took: 0.0001190 seconds
282.577: Application time: 0.1948750 seconds
282.577: [GC [PSYoungGen: 541226K->79088K(570368K)] 1229076K->811642K(1904128K), 0.0627090 secs] [Times: user=0.50 sys=0.00, real=0.06 secs] 
282.640: Total time for which application threads were stopped: 0.0629060 seconds, Stopping threads took: 0.0001030 seconds
282.843: Application time: 0.2029740 seconds
282.843: [GC [PSYoungGen: 554224K->68672K(570368K)] 1286778K->839435K(1904128K), 0.0538800 secs] [Times: user=0.43 sys=0.00, real=0.05 secs] 
282.897: Total time for which application threads were stopped: 0.0540840 seconds, Stopping threads took: 0.0001010 seconds
283.096: Application time: 0.1994880 seconds
283.096: [GC [PSYoungGen: 543808K->77328K(570880K)] 1314571K->891877K(1904640K), 0.0601420 secs] [Times: user=0.48 sys=0.00, real=0.06 secs] 
283.157: Total time for which application threads were stopped: 0.0603180 seconds, Stopping threads took: 0.0000850 seconds
283.361: Application time: 0.2047260 seconds
283.366: [GC [PSYoungGen: 555024K->72754K(570880K)] 1369573K->928582K(1904640K), 0.0576150 secs] [Times: user=0.46 sys=0.00, real=0.06 secs] 
283.424: Total time for which application threads were stopped: 0.0623760 seconds, Stopping threads took: 0.0046560 seconds
283.624: Application time: 0.2007110 seconds
283.626: [GC [PSYoungGen: 550450K->75840K(572928K)] 1406278K->976704K(1906688K), 0.0607130 secs] [Times: user=0.48 sys=0.00, real=0.06 secs] 
283.686: Total time for which application threads were stopped: 0.0620240 seconds, Stopping threads took: 0.0012210 seconds
283.892: Application time: 0.2058010 seconds
283.892: [GC [PSYoungGen: 557632K->73800K(572416K)] 1458496K->1011770K(1906176K), 0.0563750 secs] [Times: user=0.45 sys=0.00, real=0.05 secs] 
283.949: Total time for which application threads were stopped: 0.0565780 seconds, Stopping threads took: 0.0000940 seconds
284.157: Application time: 0.2080220 seconds
284.158: [GC [PSYoungGen: 555592K->70656K(575488K)] 1493562K->1050587K(1909248K), 0.0571510 secs] [Times: user=0.45 sys=0.00, real=0.06 secs] 
284.215: Total time for which application threads were stopped: 0.0580170 seconds, Stopping threads took: 0.0007710 seconds
284.411: Application time: 0.1966100 seconds
284.412: [GC [PSYoungGen: 557056K->79564K(574464K)] 1536987K->1098881K(1908224K), 0.0592950 secs] [Times: user=0.47 sys=0.00, real=0.06 secs] 
284.471: Total time for which application threads were stopped: 0.0595260 seconds, Stopping threads took: 0.0001280 seconds
284.691: Application time: 0.2201440 seconds
284.691: [GC [PSYoungGen: 565964K->62976K(577024K)] 1585281K->1124390K(1910784K), 0.0538740 secs] [Times: user=0.43 sys=0.00, real=0.05 secs] 
284.745: Total time for which application threads were stopped: 0.0540510 seconds, Stopping threads took: 0.0000840 seconds
284.947: Application time: 0.2020980 seconds
284.947: [GC [PSYoungGen: 550912K->85604K(573952K)] 1612326K->1182238K(1907712K), 0.0613150 secs] [Times: user=0.48 sys=0.00, real=0.06 secs] 
285.009: Total time for which application threads were stopped: 0.0615350 seconds, Stopping threads took: 0.0001130 seconds
285.233: Application time: 0.2243090 seconds
285.233: [GC [PSYoungGen: 573540K->54945K(571904K)] 1670174K->1189049K(1905664K), 0.0477030 secs] [Times: user=0.38 sys=0.00, real=0.04 secs] 
285.281: Total time for which application threads were stopped: 0.0478820 seconds, Stopping threads took: 0.0000860 seconds
285.470: Application time: 0.1893100 seconds
285.474: [GC [PSYoungGen: 534689K->93083K(572928K)] 1668793K->1260907K(1906688K), 0.0640460 secs] [Times: user=0.50 sys=0.00, real=0.06 secs] 
285.538: Total time for which application threads were stopped: 0.0673950 seconds, Stopping threads took: 0.0032390 seconds
285.762: Application time: 0.2243470 seconds
285.762: [GC [PSYoungGen: 572827K->48939K(558592K)] 1740651K->1260837K(1892352K), 0.0482440 secs] [Times: user=0.39 sys=0.00, real=0.05 secs] 
285.811: Total time for which application threads were stopped: 0.0484330 seconds, Stopping threads took: 0.0000950 seconds
285.994: Application time: 0.1837530 seconds
285.994: [GC [PSYoungGen: 513323K->87042K(551936K)] 1725221K->1326590K(1885696K), 0.0593350 secs] [Times: user=0.47 sys=0.00, real=0.06 secs] 
286.054: Total time for which application threads were stopped: 0.0595460 seconds, Stopping threads took: 0.0001010 seconds
286.265: Application time: 0.2108570 seconds
286.265: [GC [PSYoungGen: 551426K->48464K(560128K)] 1790974K->1324869K(1893888K), 0.0438340 secs] [Times: user=0.35 sys=0.00, real=0.04 secs] 
286.309: Total time for which application threads were stopped: 0.0440090 seconds, Stopping threads took: 0.0000830 seconds
286.487: Application time: 0.1781530 seconds
286.487: [GC [PSYoungGen: 504656K->83504K(540160K)] 1781061K->1386545K(1873920K), 0.0547590 secs] [Times: user=0.43 sys=0.00, real=0.06 secs] 
286.542: [Full GC [PSYoungGen: 83504K->0K(540160K)] [ParOldGen: 1303041K->143874K(1333760K)] 1386545K->143874K(1873920K) [PSPermGen: 9172K->9172K(21504K)], 0.1781940 secs] [Times: user=1.31 sys=0.00, real=0.17 secs] 
286.720: Total time for which application threads were stopped: 0.2331990 seconds, Stopping threads took: 0.0000830 seconds
286.926: Application time: 0.2056750 seconds
286.926: [GC [PSYoungGen: 456192K->61664K(562176K)] 600066K->205538K(1895936K), 0.0380240 secs] [Times: user=0.30 sys=0.00, real=0.04 secs] 
286.964: Total time for which application threads were stopped: 0.0382250 seconds, Stopping threads took: 0.0000950 seconds
287.145: Application time: 0.1806790 seconds
287.145: [GC [PSYoungGen: 517344K->85872K(541696K)] 661218K->270688K(1875456K), 0.0644610 secs] [Times: user=0.51 sys=0.00, real=0.06 secs] 
287.209: Total time for which application threads were stopped: 0.0646620 seconds, Stopping threads took: 0.0001050 seconds
287.410: Application time: 0.2006140 seconds
287.410: [GC [PSYoungGen: 541552K->54640K(560640K)] 726368K->284615K(1894400K), 0.0482680 secs] [Times: user=0.38 sys=0.00, real=0.04 secs] 
287.458: Total time for which application threads were stopped: 0.0484380 seconds, Stopping threads took: 0.0000780 seconds
287.634: Application time: 0.1754880 seconds
287.634: [GC [PSYoungGen: 508272K->83952K(537600K)] 738247K->347843K(1871360K), 0.0570650 secs] [Times: user=0.45 sys=0.00, real=0.06 secs] 
287.691: Total time for which application threads were stopped: 0.0572690 seconds, Stopping threads took: 0.0001020 seconds
287.893: Application time: 0.2015050 seconds
287.893: [GC [PSYoungGen: 537584K->58816K(560640K)] 801475K->369154K(1894400K), 0.0521980 secs] [Times: user=0.41 sys=0.00, real=0.05 secs] 
287.945: Total time for which application threads were stopped: 0.0523780 seconds, Stopping threads took: 0.0000850 seconds
288.126: Application time: 0.1809760 seconds
288.126: [GC [PSYoungGen: 511424K->82400K(559104K)] 821762K->430854K(1892864K), 0.0579930 secs] [Times: user=0.46 sys=0.00, real=0.06 secs] 
288.184: Total time for which application threads were stopped: 0.0581570 seconds, Stopping threads took: 0.0000690 seconds
288.381: Application time: 0.1972270 seconds
288.389: [GC [PSYoungGen: 535008K->64464K(556544K)] 883462K->460199K(1890304K), 0.0552950 secs] [Times: user=0.44 sys=0.00, real=0.06 secs] 
288.445: Total time for which application threads were stopped: 0.0634610 seconds, Stopping threads took: 0.0080620 seconds
288.637: Application time: 0.1920360 seconds
288.637: [GC [PSYoungGen: 517584K->77337K(558080K)] 913319K->516058K(1891840K), 0.0596850 secs] [Times: user=0.47 sys=0.00, real=0.06 secs] 
288.697: Total time for which application threads were stopped: 0.0598540 seconds, Stopping threads took: 0.0000760 seconds
288.892: Application time: 0.1951240 seconds
288.892: [GC [PSYoungGen: 530457K->69712K(556544K)] 969178K->555625K(1890304K), 0.0595060 secs] [Times: user=0.47 sys=0.00, real=0.06 secs] 
288.952: Total time for which application threads were stopped: 0.0596950 seconds, Stopping threads took: 0.0000840 seconds
289.145: Application time: 0.1938160 seconds
289.150: [GC [PSYoungGen: 527952K->70493K(559616K)] 1013865K->599339K(1893376K), 0.0562830 secs] [Times: user=0.45 sys=0.00, real=0.05 secs] 
289.206: Total time for which application threads were stopped: 0.0606640 seconds, Stopping threads took: 0.0042870 seconds
289.403: Application time: 0.1965990 seconds
289.403: [GC [PSYoungGen: 528733K->77120K(564736K)] 1057579K->648734K(1898496K), 0.0613660 secs] [Times: user=0.48 sys=0.00, real=0.06 secs] 
289.464: Total time for which application threads were stopped: 0.0615850 seconds, Stopping threads took: 0.0000970 seconds
289.665: Application time: 0.2011480 seconds
289.670: [GC [PSYoungGen: 544576K->66106K(565248K)] 1116190K->681252K(1899008K), 0.0557130 secs] [Times: user=0.43 sys=0.00, real=0.05 secs] 
289.725: Total time for which application threads were stopped: 0.0600700 seconds, Stopping threads took: 0.0042530 seconds
289.919: Application time: 0.1935630 seconds
289.919: [GC [PSYoungGen: 533562K->79392K(567808K)] 1148708K->732789K(1901568K), 0.0597470 secs] [Times: user=0.48 sys=0.00, real=0.06 secs] 
289.979: Total time for which application threads were stopped: 0.0599590 seconds, Stopping threads took: 0.0001010 seconds
290.191: Application time: 0.2120110 seconds
290.191: [GC [PSYoungGen: 550944K->62995K(568320K)] 1204341K->759144K(1902080K), 0.0532120 secs] [Times: user=0.42 sys=0.00, real=0.05 secs] 
290.244: Total time for which application threads were stopped: 0.0533940 seconds, Stopping threads took: 0.0000910 seconds
290.437: Application time: 0.1927020 seconds
290.437: [GC [PSYoungGen: 534547K->78736K(569344K)] 1230696K->810257K(1903104K), 0.0567210 secs] [Times: user=0.44 sys=0.00, real=0.06 secs] 
290.494: Total time for which application threads were stopped: 0.0569110 seconds, Stopping threads took: 0.0000820 seconds
290.702: Application time: 0.2080870 seconds
290.702: [GC [PSYoungGen: 552336K->62816K(569856K)] 1283857K->836281K(1903616K), 0.0530210 secs] [Times: user=0.42 sys=0.00, real=0.05 secs] 
290.755: Total time for which application threads were stopped: 0.0531980 seconds, Stopping threads took: 0.0000840 seconds
290.950: Application time: 0.1949110 seconds
290.951: [GC [PSYoungGen: 536416K->74833K(569344K)] 1309881K->879635K(1903104K), 0.0570590 secs] [Times: user=0.39 sys=0.00, real=0.05 secs] 
291.009: Total time for which application threads were stopped: 0.0583790 seconds, Stopping threads took: 0.0012080 seconds
291.218: Application time: 0.2093800 seconds
291.218: [GC [PSYoungGen: 550481K->64331K(569856K)] 1355283K->906100K(1903616K), 0.0512850 secs] [Times: user=0.40 sys=0.00, real=0.05 secs] 
291.269: Total time for which application threads were stopped: 0.0514570 seconds, Stopping threads took: 0.0000780 seconds
291.470: Application time: 0.2003260 seconds
291.470: [GC [PSYoungGen: 539979K->72160K(570368K)] 1381748K->948195K(1904128K), 0.0542240 secs] [Times: user=0.42 sys=0.00, real=0.05 secs] 
291.524: Total time for which application threads were stopped: 0.0544070 seconds, Stopping threads took: 0.0000790 seconds
291.728: Application time: 0.2037310 seconds
291.728: [GC [PSYoungGen: 551904K->66730K(571392K)] 1427939K->975963K(1905152K), 0.0499770 secs] [Times: user=0.40 sys=0.00, real=0.05 secs] 
291.778: Total time for which application threads were stopped: 0.0501770 seconds, Stopping threads took: 0.0001070 seconds
291.979: Application time: 0.2012440 seconds
291.979: [GC [PSYoungGen: 546474K->69584K(572928K)] 1455707K->1007365K(1906688K), 0.0497790 secs] [Times: user=0.39 sys=0.00, real=0.05 secs] 
292.029: Total time for which application threads were stopped: 0.0499610 seconds, Stopping threads took: 0.0000780 seconds
292.234: Application time: 0.2046860 seconds
292.234: [GC [PSYoungGen: 554960K->70057K(573952K)] 1492741K->1042553K(1907712K), 0.0522900 secs] [Times: user=0.41 sys=0.00, real=0.05 secs] 
292.286: Total time for which application threads were stopped: 0.0524900 seconds, Stopping threads took: 0.0001070 seconds
292.491: Application time: 0.2043910 seconds
292.494: [GC [PSYoungGen: 555433K->70432K(576512K)] 1527929K->1073248K(1910272K), 0.0508290 secs] [Times: user=0.41 sys=0.00, real=0.05 secs] 
292.545: Total time for which application threads were stopped: 0.0536680 seconds, Stopping threads took: 0.0027300 seconds
292.754: Application time: 0.2091680 seconds
292.758: [GC [PSYoungGen: 562464K->71771K(577024K)] 1565280K->1108796K(1910784K), 0.0523210 secs] [Times: user=0.41 sys=0.01, real=0.06 secs] 
292.810: Total time for which application threads were stopped: 0.0563500 seconds, Stopping threads took: 0.0039320 seconds
293.024: Application time: 0.2138470 seconds
293.024: [GC [PSYoungGen: 563803K->70311K(579072K)] 1600828K->1144624K(1912832K), 0.0541570 secs] [Times: user=0.43 sys=0.00, real=0.05 secs] 
293.078: Total time for which application threads were stopped: 0.0543400 seconds, Stopping threads took: 0.0000780 seconds
293.295: Application time: 0.2170830 seconds
293.298: [GC [PSYoungGen: 567967K->69153K(580608K)] 1642280K->1167847K(1914368K), 0.0488140 secs] [Times: user=0.39 sys=0.00, real=0.05 secs] 
293.347: Total time for which application threads were stopped: 0.0511890 seconds, Stopping threads took: 0.0022720 seconds
293.556: Application time: 0.2098920 seconds
293.558: [GC [PSYoungGen: 566817K->76057K(583168K)] 1665511K->1211185K(1916928K), 0.0563280 secs] [Times: user=0.45 sys=0.00, real=0.06 secs] 
293.614: Total time for which application threads were stopped: 0.0576400 seconds, Stopping threads took: 0.0012070 seconds
293.833: Application time: 0.2192590 seconds
293.833: [GC [PSYoungGen: 577305K->71093K(584192K)] 1712433K->1238506K(1917952K), 0.0514100 secs] [Times: user=0.40 sys=0.00, real=0.05 secs] 
293.885: Total time for which application threads were stopped: 0.0515890 seconds, Stopping threads took: 0.0000860 seconds
294.101: Application time: 0.2160510 seconds
294.101: [GC [PSYoungGen: 572199K->74829K(584192K)] 1739612K->1274632K(1917952K), 0.0558810 secs] [Times: user=0.44 sys=0.00, real=0.06 secs] 
294.157: Total time for which application threads were stopped: 0.0560740 seconds, Stopping threads took: 0.0000840 seconds
294.362: Application time: 0.2047690 seconds
294.362: [GC [PSYoungGen: 577101K->77376K(580096K)] 1776904K->1316618K(1913856K), 0.0574550 secs] [Times: user=0.46 sys=0.00, real=0.05 secs] 
294.419: Total time for which application threads were stopped: 0.0576370 seconds, Stopping threads took: 0.0000910 seconds
294.636: Application time: 0.2161720 seconds
294.636: [GC [PSYoungGen: 579648K->75606K(583680K)] 1818890K->1352458K(1917440K), 0.0566750 secs] [Times: user=0.45 sys=0.00, real=0.06 secs] 
294.692: Total time for which application threads were stopped: 0.0568630 seconds, Stopping threads took: 0.0000780 seconds
294.901: Application time: 0.2084700 seconds
294.901: [GC [PSYoungGen: 575830K->83072K(583680K)] 1852682K->1407121K(1917440K), 0.0653260 secs] [Times: user=0.51 sys=0.00, real=0.07 secs] 
294.966: [Full GC [PSYoungGen: 83072K->0K(583680K)] [ParOldGen: 1324048K->144547K(1333760K)] 1407121K->144547K(1917440K) [PSPermGen: 9172K->9172K(21504K)], 0.1737110 secs] [Times: user=1.26 sys=0.00, real=0.17 secs] 
295.140: Total time for which application threads were stopped: 0.2392730 seconds, Stopping threads took: 0.0000830 seconds
295.357: Application time: 0.2164420 seconds
295.358: [GC [PSYoungGen: 500224K->83454K(568320K)] 644771K->233978K(1902080K), 0.0523660 secs] [Times: user=0.41 sys=0.00, real=0.06 secs] 
295.410: Total time for which application threads were stopped: 0.0534200 seconds, Stopping threads took: 0.0009470 seconds
295.612: Application time: 0.2017580 seconds
295.612: [GC [PSYoungGen: 568318K->83712K(568832K)] 718842K->295621K(1902592K), 0.0750450 secs] [Times: user=0.60 sys=0.00, real=0.07 secs] 
295.687: Total time for which application threads were stopped: 0.0752350 seconds, Stopping threads took: 0.0000980 seconds
295.893: Application time: 0.2060360 seconds
295.893: [GC [PSYoungGen: 568576K->70257K(574976K)] 780485K->332914K(1908736K), 0.0595750 secs] [Times: user=0.47 sys=0.00, real=0.06 secs] 
295.953: Total time for which application threads were stopped: 0.0597560 seconds, Stopping threads took: 0.0000780 seconds
296.156: Application time: 0.2029010 seconds
296.156: [GC [PSYoungGen: 552561K->77952K(560640K)] 815218K->380402K(1894400K), 0.0583900 secs] [Times: user=0.46 sys=0.00, real=0.06 secs] 
296.214: Total time for which application threads were stopped: 0.0585860 seconds, Stopping threads took: 0.0001050 seconds
296.421: Application time: 0.2067730 seconds
296.421: [GC [PSYoungGen: 560256K->67152K(573440K)] 862706K->415197K(1907200K), 0.0561170 secs] [Times: user=0.45 sys=0.00, real=0.06 secs] 
296.477: Total time for which application threads were stopped: 0.0563170 seconds, Stopping threads took: 0.0000950 seconds
296.681: Application time: 0.2037810 seconds
296.681: [GC [PSYoungGen: 549456K->74064K(573440K)] 897501K->456424K(1907200K), 0.0540820 secs] [Times: user=0.42 sys=0.00, real=0.06 secs] 
296.736: Total time for which application threads were stopped: 0.0542560 seconds, Stopping threads took: 0.0000810 seconds
296.941: Application time: 0.2054860 seconds
296.941: [GC [PSYoungGen: 556368K->68688K(574976K)] 938728K->493448K(1908736K), 0.0546580 secs] [Times: user=0.43 sys=0.00, real=0.06 secs] 
296.996: Total time for which application threads were stopped: 0.0548470 seconds, Stopping threads took: 0.0000860 seconds
297.202: Application time: 0.2063710 seconds
297.202: [GC [PSYoungGen: 554064K->72568K(574464K)] 978824K->526839K(1908224K), 0.0508440 secs] [Times: user=0.40 sys=0.00, real=0.05 secs] 
297.253: Total time for which application threads were stopped: 0.0510320 seconds, Stopping threads took: 0.0000930 seconds
297.464: Application time: 0.2102430 seconds
297.464: [GC [PSYoungGen: 557944K->63110K(576000K)] 1012215K->549050K(1909760K), 0.0468800 secs] [Times: user=0.37 sys=0.00, real=0.05 secs] 
297.511: Total time for which application threads were stopped: 0.0470660 seconds, Stopping threads took: 0.0000820 seconds
297.710: Application time: 0.1997370 seconds
297.714: [GC [PSYoungGen: 551046K->74944K(576512K)] 1036986K->592083K(1910272K), 0.0508740 secs] [Times: user=0.40 sys=0.00, real=0.05 secs] 
297.765: Total time for which application threads were stopped: 0.0542630 seconds, Stopping threads took: 0.0032950 seconds
297.976: Application time: 0.2113220 seconds
297.976: [GC [PSYoungGen: 562880K->61880K(577536K)] 1080019K->613165K(1911296K), 0.0470870 secs] [Times: user=0.37 sys=0.00, real=0.05 secs] 
298.023: Total time for which application threads were stopped: 0.0472800 seconds, Stopping threads took: 0.0000910 seconds
298.220: Application time: 0.1966680 seconds
298.220: [GC [PSYoungGen: 551864K->76164K(578048K)] 1103149K->650636K(1911808K), 0.0487340 secs] [Times: user=0.39 sys=0.00, real=0.05 secs] 
298.269: Total time for which application threads were stopped: 0.0489220 seconds, Stopping threads took: 0.0000920 seconds
298.488: Application time: 0.2187330 seconds
298.488: [GC [PSYoungGen: 566148K->61817K(578048K)] 1140620K->660026K(1911808K), 0.0429820 secs] [Times: user=0.34 sys=0.00, real=0.05 secs] 
298.531: Total time for which application threads were stopped: 0.0432040 seconds, Stopping threads took: 0.0001150 seconds
298.732: Application time: 0.2008820 seconds
298.732: [GC [PSYoungGen: 551801K->82926K(572928K)] 1150010K->713455K(1906688K), 0.0563230 secs] [Times: user=0.45 sys=0.00, real=0.05 secs] 
298.788: Total time for which application threads were stopped: 0.0565080 seconds, Stopping threads took: 0.0000920 seconds
299.004: Application time: 0.2163200 seconds
299.005: [GC [PSYoungGen: 572910K->64102K(576512K)] 1203439K->733982K(1910272K), 0.0519500 secs] [Times: user=0.40 sys=0.00, real=0.05 secs] 
299.057: Total time for which application threads were stopped: 0.0521580 seconds, Stopping threads took: 0.0001020 seconds
299.256: Application time: 0.1994480 seconds
299.256: [GC [PSYoungGen: 549478K->85093K(570880K)] 1219358K->791760K(1904640K), 0.0591750 secs] [Times: user=0.46 sys=0.00, real=0.06 secs] 
299.315: Total time for which application threads were stopped: 0.0593530 seconds, Stopping threads took: 0.0000890 seconds
299.531: Application time: 0.2151920 seconds
299.531: [GC [PSYoungGen: 570469K->64775K(573952K)] 1277136K->810386K(1907712K), 0.0527620 secs] [Times: user=0.41 sys=0.00, real=0.05 secs] 
299.584: Total time for which application threads were stopped: 0.0529580 seconds, Stopping threads took: 0.0000880 seconds
299.782: Application time: 0.1981380 seconds
299.782: [GC [PSYoungGen: 545031K->82208K(562688K)] 1290642K->865386K(1896448K), 0.0608240 secs] [Times: user=0.48 sys=0.00, real=0.06 secs] 
299.843: Total time for which application threads were stopped: 0.0610060 seconds, Stopping threads took: 0.0000870 seconds
300.047: Application time: 0.2046370 seconds
300.047: [GC [PSYoungGen: 562464K->65344K(573440K)] 1345642K->890518K(1907200K), 0.0526440 secs] [Times: user=0.42 sys=0.00, real=0.05 secs] 
300.100: Total time for which application threads were stopped: 0.0528240 seconds, Stopping threads took: 0.0000740 seconds
300.303: Application time: 0.2024390 seconds
300.305: [GC [PSYoungGen: 544064K->77339K(572416K)] 1369238K->940260K(1906176K), 0.0569920 secs] [Times: user=0.45 sys=0.00, real=0.06 secs] 
300.362: Total time for which application threads were stopped: 0.0592190 seconds, Stopping threads took: 0.0021330 seconds
300.567: Application time: 0.2053610 seconds
300.567: [GC [PSYoungGen: 556059K->67919K(571392K)] 1418980K->973452K(1905152K), 0.0567520 secs] [Times: user=0.45 sys=0.00, real=0.06 secs] 
300.624: Total time for which application threads were stopped: 0.0569640 seconds, Stopping threads took: 0.0001090 seconds
300.822: Application time: 0.1978420 seconds
300.822: [GC [PSYoungGen: 547663K->76960K(571904K)] 1453196K->1020548K(1905664K), 0.0577140 secs] [Times: user=0.46 sys=0.00, real=0.05 secs] 
300.880: Total time for which application threads were stopped: 0.0578770 seconds, Stopping threads took: 0.0000710 seconds
301.082: Application time: 0.2022160 seconds
301.082: [GC [PSYoungGen: 556704K->70642K(571904K)] 1500292K->1058051K(1905664K), 0.0579240 secs] [Times: user=0.46 sys=0.00, real=0.05 secs] 
301.140: Total time for which application threads were stopped: 0.0581270 seconds, Stopping threads took: 0.0000950 seconds
301.348: Application time: 0.2074320 seconds
301.348: [GC [PSYoungGen: 553458K->77360K(573440K)] 1540867K->1106527K(1907200K), 0.0603970 secs] [Times: user=0.48 sys=0.00, real=0.06 secs] 
301.408: Total time for which application threads were stopped: 0.0605620 seconds, Stopping threads took: 0.0000720 seconds
301.611: Application time: 0.2027330 seconds
301.611: [GC [PSYoungGen: 560176K->75287K(574464K)] 1589343K->1149063K(1908224K), 0.0603800 secs] [Times: user=0.48 sys=0.00, real=0.06 secs] 
301.672: Total time for which application threads were stopped: 0.0605970 seconds, Stopping threads took: 0.0001110 seconds
301.887: Application time: 0.2153130 seconds
301.887: [GC [PSYoungGen: 561175K->71753K(575488K)] 1634951K->1190116K(1909248K), 0.0614360 secs] [Times: user=0.49 sys=0.00, real=0.06 secs] 
301.949: Total time for which application threads were stopped: 0.0616200 seconds, Stopping threads took: 0.0000910 seconds
302.151: Application time: 0.2028330 seconds
302.151: [GC [PSYoungGen: 557641K->84192K(573440K)] 1676004K->1245168K(1907200K), 0.0652670 secs] [Times: user=0.51 sys=0.00, real=0.06 secs] 
302.217: Total time for which application threads were stopped: 0.0654620 seconds, Stopping threads took: 0.0000900 seconds
302.427: Application time: 0.2106100 seconds
302.428: [GC [PSYoungGen: 569056K->68981K(576000K)] 1730032K->1278107K(1909760K), 0.0594690 secs] [Times: user=0.47 sys=0.00, real=0.06 secs] 
302.487: Total time for which application threads were stopped: 0.0596490 seconds, Stopping threads took: 0.0000870 seconds
302.683: Application time: 0.1958760 seconds
302.683: [GC [PSYoungGen: 553845K->84327K(571904K)] 1762971K->1329884K(1905664K), 0.0635360 secs] [Times: user=0.49 sys=0.00, real=0.06 secs] 
302.747: Total time for which application threads were stopped: 0.0637390 seconds, Stopping threads took: 0.0000970 seconds
302.957: Application time: 0.2106640 seconds
302.957: [GC [PSYoungGen: 566119K->63808K(574464K)] 1811676K->1355616K(1908224K), 0.0575110 secs] [Times: user=0.45 sys=0.00, real=0.06 secs] 
303.015: [Full GC [PSYoungGen: 63808K->0K(574464K)] [ParOldGen: 1291807K->135052K(1333760K)] 1355616K->135052K(1908224K) [PSPermGen: 9172K->9172K(21504K)], 0.1639460 secs] [Times: user=1.19 sys=0.00, real=0.16 secs] 
303.179: Total time for which application threads were stopped: 0.2217150 seconds, Stopping threads took: 0.0001010 seconds
303.373: Application time: 0.1935420 seconds
303.373: [GC [PSYoungGen: 481792K->92645K(563200K)] 616844K->228854K(1896960K), 0.0506210 secs] [Times: user=0.40 sys=0.00, real=0.05 secs] 
303.423: Total time for which application threads were stopped: 0.0508070 seconds, Stopping threads took: 0.0000840 seconds
303.630: Application time: 0.2066960 seconds
303.630: [GC [PSYoungGen: 563173K->61177K(568832K)] 699382K->257053K(1902592K), 0.0616450 secs] [Times: user=0.49 sys=0.00, real=0.06 secs] 
303.692: Total time for which application threads were stopped: 0.0618530 seconds, Stopping threads took: 0.0001120 seconds
303.882: Application time: 0.1896550 seconds
303.882: [GC [PSYoungGen: 531705K->84405K(565760K)] 727581K->316938K(1899520K), 0.0602090 secs] [Times: user=0.48 sys=0.00, real=0.06 secs] 
303.942: Total time for which application threads were stopped: 0.0603970 seconds, Stopping threads took: 0.0000780 seconds
304.148: Application time: 0.2060930 seconds
304.148: [GC [PSYoungGen: 551861K->61296K(567296K)] 784394K->342020K(1901056K), 0.0534030 secs] [Times: user=0.42 sys=0.00, real=0.06 secs] 
304.202: Total time for which application threads were stopped: 0.0535780 seconds, Stopping threads took: 0.0000790 seconds
304.392: Application time: 0.1907090 seconds
304.393: [GC [PSYoungGen: 528752K->85323K(564224K)] 809476K->404098K(1897984K), 0.0602480 secs] [Times: user=0.48 sys=0.00, real=0.06 secs] 
304.453: Total time for which application threads were stopped: 0.0604430 seconds, Stopping threads took: 0.0000900 seconds
304.656: Application time: 0.2030110 seconds
304.656: [GC [PSYoungGen: 549707K->61920K(565760K)] 868482K->429288K(1899520K), 0.0547520 secs] [Times: user=0.44 sys=0.00, real=0.06 secs] 
304.711: Total time for which application threads were stopped: 0.0549400 seconds, Stopping threads took: 0.0000930 seconds
304.928: Application time: 0.2172050 seconds
304.928: [GC [PSYoungGen: 526304K->75920K(562176K)] 893672K->482181K(1895936K), 0.0630240 secs] [Times: user=0.50 sys=0.00, real=0.07 secs] 
304.991: Total time for which application threads were stopped: 0.0632360 seconds, Stopping threads took: 0.0000960 seconds
305.216: Application time: 0.2245040 seconds
305.216: [GC [PSYoungGen: 540816K->63106K(564224K)] 947077K->508001K(1897984K), 0.0503850 secs] [Times: user=0.40 sys=0.00, real=0.05 secs] 
305.266: Total time for which application threads were stopped: 0.0505830 seconds, Stopping threads took: 0.0000990 seconds
305.464: Application time: 0.1978880 seconds
305.464: [GC [PSYoungGen: 528002K->76128K(564736K)] 972897K->555084K(1898496K), 0.0547660 secs] [Times: user=0.43 sys=0.00, real=0.05 secs] 
305.519: Total time for which application threads were stopped: 0.0549660 seconds, Stopping threads took: 0.0000920 seconds
305.719: Application time: 0.1995070 seconds
305.719: [GC [PSYoungGen: 545632K->67549K(566784K)] 1024588K->589827K(1900544K), 0.0542540 secs] [Times: user=0.43 sys=0.00, real=0.06 secs] 
305.773: Total time for which application threads were stopped: 0.0544430 seconds, Stopping threads took: 0.0000970 seconds
305.973: Application time: 0.1999160 seconds
305.978: [GC [PSYoungGen: 537053K->75280K(566272K)] 1059331K->636628K(1900032K), 0.0571280 secs] [Times: user=0.45 sys=0.00, real=0.06 secs] 
306.035: Total time for which application threads were stopped: 0.0617730 seconds, Stopping threads took: 0.0045440 seconds
306.239: Application time: 0.2036680 seconds
306.239: [GC [PSYoungGen: 549392K->69021K(568320K)] 1110740K->673285K(1902080K), 0.0566020 secs] [Times: user=0.45 sys=0.00, real=0.06 secs] 
306.295: Total time for which application threads were stopped: 0.0567930 seconds, Stopping threads took: 0.0000980 seconds
306.505: Application time: 0.2093510 seconds
306.505: [GC [PSYoungGen: 543133K->72736K(567808K)] 1147397K->714145K(1901568K), 0.0561810 secs] [Times: user=0.45 sys=0.00, real=0.05 secs] 
306.561: Total time for which application threads were stopped: 0.0563840 seconds, Stopping threads took: 0.0000940 seconds
306.766: Application time: 0.2053310 seconds
306.767: [GC [PSYoungGen: 552480K->69776K(570880K)] 1193889K->749527K(1904640K), 0.0541650 secs] [Times: user=0.43 sys=0.00, real=0.05 secs] 
306.821: Total time for which application threads were stopped: 0.0543340 seconds, Stopping threads took: 0.0000750 seconds
307.022: Application time: 0.2012320 seconds
307.026: [GC [PSYoungGen: 549520K->68045K(572416K)] 1229271K->779230K(1906176K), 0.0492430 secs] [Times: user=0.39 sys=0.00, real=0.05 secs] 
307.075: Total time for which application threads were stopped: 0.0529790 seconds, Stopping threads took: 0.0036320 seconds
307.278: Application time: 0.2026420 seconds
307.278: [GC [PSYoungGen: 554445K->71884K(574976K)] 1265630K->810501K(1908736K), 0.0492360 secs] [Times: user=0.39 sys=0.00, real=0.05 secs] 
307.327: Total time for which application threads were stopped: 0.0494220 seconds, Stopping threads took: 0.0000920 seconds
307.536: Application time: 0.2089410 seconds
307.536: [GC [PSYoungGen: 558284K->68330K(575488K)] 1296901K->836976K(1909248K), 0.0483560 secs] [Times: user=0.39 sys=0.00, real=0.05 secs] 
307.584: Total time for which application threads were stopped: 0.0485400 seconds, Stopping threads took: 0.0000790 seconds
307.786: Application time: 0.2016390 seconds
307.786: [GC [PSYoungGen: 559850K->80589K(577536K)] 1328496K->877806K(1911296K), 0.0522180 secs] [Times: user=0.41 sys=0.00, real=0.05 secs] 
307.839: Total time for which application threads were stopped: 0.0523920 seconds, Stopping threads took: 0.0000800 seconds
308.052: Application time: 0.2131760 seconds
308.052: [GC [PSYoungGen: 572109K->67641K(579584K)] 1369326K->905718K(1913344K), 0.0536660 secs] [Times: user=0.42 sys=0.00, real=0.05 secs] 
308.106: Total time for which application threads were stopped: 0.0538890 seconds, Stopping threads took: 0.0001040 seconds
308.315: Application time: 0.2092980 seconds
308.315: [GC [PSYoungGen: 559161K->78665K(579072K)] 1397238K->953877K(1912832K), 0.0582920 secs] [Times: user=0.47 sys=0.00, real=0.06 secs] 
308.373: Total time for which application threads were stopped: 0.0584630 seconds, Stopping threads took: 0.0000760 seconds
308.581: Application time: 0.2081160 seconds
308.582: [GC [PSYoungGen: 570185K->71168K(578048K)] 1445397K->991191K(1911808K), 0.0575570 secs] [Times: user=0.45 sys=0.00, real=0.05 secs] 
308.639: Total time for which application threads were stopped: 0.0577710 seconds, Stopping threads took: 0.0001090 seconds
308.846: Application time: 0.2067820 seconds
308.846: [GC [PSYoungGen: 562688K->75477K(578560K)] 1482711K->1035679K(1912320K), 0.0579450 secs] [Times: user=0.46 sys=0.00, real=0.06 secs] 
308.904: Total time for which application threads were stopped: 0.0581290 seconds, Stopping threads took: 0.0000900 seconds
309.123: Application time: 0.2186470 seconds
309.123: [GC [PSYoungGen: 566997K->74912K(579072K)] 1527199K->1077038K(1912832K), 0.0601970 secs] [Times: user=0.48 sys=0.00, real=0.06 secs] 
309.183: Total time for which application threads were stopped: 0.0604060 seconds, Stopping threads took: 0.0001040 seconds
309.390: Application time: 0.2072790 seconds
309.391: [GC [PSYoungGen: 568480K->76750K(579584K)] 1570606K->1119156K(1913344K), 0.0584240 secs] [Times: user=0.47 sys=0.00, real=0.05 secs] 
309.449: Total time for which application threads were stopped: 0.0586180 seconds, Stopping threads took: 0.0000960 seconds
309.663: Application time: 0.2139600 seconds
309.663: [GC [PSYoungGen: 570318K->75737K(581120K)] 1612724K->1147954K(1914880K), 0.0544570 secs] [Times: user=0.43 sys=0.00, real=0.05 secs] 
309.718: Total time for which application threads were stopped: 0.0546340 seconds, Stopping threads took: 0.0000690 seconds
309.921: Application time: 0.2030400 seconds
309.921: [GC [PSYoungGen: 570841K->80824K(576000K)] 1643058K->1198248K(1909760K), 0.0630510 secs] [Times: user=0.50 sys=0.00, real=0.07 secs] 
309.984: Total time for which application threads were stopped: 0.0632740 seconds, Stopping threads took: 0.0001040 seconds
310.204: Application time: 0.2197950 seconds
310.204: [GC [PSYoungGen: 575928K->75291K(580608K)] 1693352K->1237226K(1914368K), 0.0629650 secs] [Times: user=0.50 sys=0.00, real=0.06 secs] 
310.267: Total time for which application threads were stopped: 0.0631760 seconds, Stopping threads took: 0.0001020 seconds
310.473: Application time: 0.2060360 seconds
310.473: [GC [PSYoungGen: 568347K->85298K(578560K)] 1730282K->1295588K(1912320K), 0.0685210 secs] [Times: user=0.55 sys=0.00, real=0.07 secs] 
310.542: Total time for which application threads were stopped: 0.0687110 seconds, Stopping threads took: 0.0000940 seconds
310.752: Application time: 0.2101740 seconds
310.752: [GC [PSYoungGen: 578354K->73920K(579072K)] 1788644K->1337393K(1912832K), 0.0654130 secs] [Times: user=0.52 sys=0.00, real=0.06 secs] 
310.818: Total time for which application threads were stopped: 0.0656040 seconds, Stopping threads took: 0.0000730 seconds
311.026: Application time: 0.2086620 seconds
311.026: [GC [PSYoungGen: 564416K->79040K(578560K)] 1827889K->1386077K(1912320K), 0.0641310 secs] [Times: user=0.51 sys=0.00, real=0.07 secs] 
311.091: [Full GC [PSYoungGen: 79040K->0K(578560K)] [ParOldGen: 1307037K->141606K(1333760K)] 1386077K->141606K(1912320K) [PSPermGen: 9174K->9174K(21504K)], 0.1697280 secs] [Times: user=1.23 sys=0.00, real=0.16 secs] 
311.260: Total time for which application threads were stopped: 0.2340880 seconds, Stopping threads took: 0.0000710 seconds
311.469: Application time: 0.2087500 seconds
311.469: [GC [PSYoungGen: 490496K->87648K(571904K)] 632102K->229255K(1905664K), 0.0503440 secs] [Times: user=0.39 sys=0.01, real=0.05 secs] 
311.520: Total time for which application threads were stopped: 0.0505510 seconds, Stopping threads took: 0.0000940 seconds
311.726: Application time: 0.2058970 seconds
311.726: [GC [PSYoungGen: 571488K->70396K(575488K)] 713095K->261663K(1909248K), 0.0627390 secs] [Times: user=0.49 sys=0.00, real=0.06 secs] 
311.788: Total time for which application threads were stopped: 0.0629410 seconds, Stopping threads took: 0.0001080 seconds
311.998: Application time: 0.2096550 seconds
311.998: [GC [PSYoungGen: 554236K->73792K(572928K)] 745503K->302810K(1906688K), 0.0562180 secs] [Times: user=0.44 sys=0.00, real=0.06 secs] 
312.055: Total time for which application threads were stopped: 0.0563990 seconds, Stopping threads took: 0.0000750 seconds
312.260: Application time: 0.2055400 seconds
312.260: [GC [PSYoungGen: 558144K->69139K(574464K)] 787162K->339854K(1908224K), 0.0532920 secs] [Times: user=0.43 sys=0.00, real=0.06 secs] 
312.314: Total time for which application threads were stopped: 0.0535000 seconds, Stopping threads took: 0.0001070 seconds
312.519: Application time: 0.2057130 seconds
312.522: [GC [PSYoungGen: 553491K->72208K(574976K)] 824206K->373016K(1908736K), 0.0506910 secs] [Times: user=0.40 sys=0.00, real=0.05 secs] 
312.572: Total time for which application threads were stopped: 0.0531130 seconds, Stopping threads took: 0.0023190 seconds
312.780: Application time: 0.2072660 seconds
312.780: [GC [PSYoungGen: 559120K->70704K(576000K)] 859928K->410225K(1909760K), 0.0534840 secs] [Times: user=0.43 sys=0.00, real=0.06 secs] 
312.833: Total time for which application threads were stopped: 0.0536790 seconds, Stopping threads took: 0.0001020 seconds
313.040: Application time: 0.2064530 seconds
313.040: [GC [PSYoungGen: 557616K->67736K(576512K)] 897137K->435900K(1910272K), 0.0477550 secs] [Times: user=0.36 sys=0.00, real=0.05 secs] 
313.088: Total time for which application threads were stopped: 0.0479640 seconds, Stopping threads took: 0.0001020 seconds
313.292: Application time: 0.2043330 seconds
313.292: [GC [PSYoungGen: 557208K->71369K(577536K)] 925372K->473077K(1911296K), 0.0505080 secs] [Times: user=0.40 sys=0.00, real=0.05 secs] 
313.343: Total time for which application threads were stopped: 0.0507060 seconds, Stopping threads took: 0.0001050 seconds
313.558: Application time: 0.2153850 seconds
313.558: [GC [PSYoungGen: 560841K->72651K(577024K)] 962549K->504223K(1910784K), 0.0507370 secs] [Times: user=0.40 sys=0.00, real=0.05 secs] 
313.609: Total time for which application threads were stopped: 0.0509260 seconds, Stopping threads took: 0.0000800 seconds
313.819: Application time: 0.2099700 seconds
313.819: [GC [PSYoungGen: 564683K->77008K(578048K)] 996255K->548722K(1911808K), 0.0565190 secs] [Times: user=0.45 sys=0.00, real=0.06 secs] 
313.876: Total time for which application threads were stopped: 0.0567400 seconds, Stopping threads took: 0.0001260 seconds
314.080: Application time: 0.2043990 seconds
314.080: [GC [PSYoungGen: 569040K->76304K(581120K)] 1040754K->590476K(1914880K), 0.0566740 secs] [Times: user=0.45 sys=0.00, real=0.06 secs] 
314.137: Total time for which application threads were stopped: 0.0569240 seconds, Stopping threads took: 0.0001370 seconds
314.348: Application time: 0.2105790 seconds
314.350: [GC [PSYoungGen: 571408K->76641K(571904K)] 1085580K->629349K(1905664K), 0.0575600 secs] [Times: user=0.45 sys=0.00, real=0.05 secs] 
314.407: Total time for which application threads were stopped: 0.0595280 seconds, Stopping threads took: 0.0018740 seconds
314.611: Application time: 0.2042100 seconds
314.614: [GC [PSYoungGen: 571745K->81392K(578560K)] 1124453K->683019K(1912320K), 0.0633660 secs] [Times: user=0.50 sys=0.00, real=0.06 secs] 
314.677: Total time for which application threads were stopped: 0.0656080 seconds, Stopping threads took: 0.0021370 seconds
314.894: Application time: 0.2166170 seconds
314.894: [GC [PSYoungGen: 574448K->77925K(580096K)] 1176075K->723067K(1913856K), 0.0614810 secs] [Times: user=0.49 sys=0.00, real=0.06 secs] 
314.955: Total time for which application threads were stopped: 0.0616640 seconds, Stopping threads took: 0.0000880 seconds
315.158: Application time: 0.2024810 seconds
315.158: [GC [PSYoungGen: 570981K->83664K(576000K)] 1216123K->780227K(1909760K), 0.0668690 secs] [Times: user=0.53 sys=0.00, real=0.07 secs] 
315.225: Total time for which application threads were stopped: 0.0670550 seconds, Stopping threads took: 0.0000780 seconds
315.437: Application time: 0.2116180 seconds
315.437: [GC [PSYoungGen: 572624K->71360K(578048K)] 1269187K->809324K(1911808K), 0.0581630 secs] [Times: user=0.46 sys=0.00, real=0.06 secs] 
315.495: Total time for which application threads were stopped: 0.0583700 seconds, Stopping threads took: 0.0001070 seconds
315.704: Application time: 0.2092530 seconds
315.704: [GC [PSYoungGen: 560320K->76512K(575488K)] 1298284K->856934K(1909248K), 0.0609110 secs] [Times: user=0.48 sys=0.00, real=0.06 secs] 
315.765: Total time for which application threads were stopped: 0.0610980 seconds, Stopping threads took: 0.0000780 seconds
315.978: Application time: 0.2129150 seconds
315.978: [GC [PSYoungGen: 565984K->73945K(577024K)] 1346406K->898605K(1910784K), 0.0613130 secs] [Times: user=0.48 sys=0.00, real=0.06 secs] 
316.040: Total time for which application threads were stopped: 0.0614910 seconds, Stopping threads took: 0.0000880 seconds
316.260: Application time: 0.2199510 seconds
316.260: [GC [PSYoungGen: 563417K->69968K(579072K)] 1388077K->933507K(1912832K), 0.0573600 secs] [Times: user=0.45 sys=0.00, real=0.06 secs] 
316.317: Total time for which application threads were stopped: 0.0575720 seconds, Stopping threads took: 0.0001020 seconds
316.519: Application time: 0.2019920 seconds
316.519: [GC [PSYoungGen: 563024K->80297K(579584K)] 1426563K->984790K(1913344K), 0.0619740 secs] [Times: user=0.49 sys=0.00, real=0.06 secs] 
316.581: Total time for which application threads were stopped: 0.0621420 seconds, Stopping threads took: 0.0000740 seconds
316.798: Application time: 0.2163910 seconds
316.798: [GC [PSYoungGen: 573353K->61769K(577536K)] 1477846K->1000264K(1911296K), 0.0480410 secs] [Times: user=0.38 sys=0.00, real=0.05 secs] 
316.846: Total time for which application threads were stopped: 0.0482170 seconds, Stopping threads took: 0.0000740 seconds
317.049: Application time: 0.2035400 seconds
317.050: [GC [PSYoungGen: 551753K->78496K(578560K)] 1490248K->1050805K(1912320K), 0.0563580 secs] [Times: user=0.44 sys=0.00, real=0.05 secs] 
317.106: Total time for which application threads were stopped: 0.0565490 seconds, Stopping threads took: 0.0000970 seconds
317.318: Application time: 0.2119130 seconds
317.318: [GC [PSYoungGen: 568480K->63279K(577536K)] 1540789K->1068932K(1911296K), 0.0481630 secs] [Times: user=0.38 sys=0.00, real=0.05 secs] 
317.366: Total time for which application threads were stopped: 0.0483570 seconds, Stopping threads took: 0.0000870 seconds
317.576: Application time: 0.2100050 seconds
317.576: [GC [PSYoungGen: 552239K->72074K(561152K)] 1557892K->1101826K(1894912K), 0.0483140 secs] [Times: user=0.38 sys=0.00, real=0.05 secs] 
317.625: Total time for which application threads were stopped: 0.0485180 seconds, Stopping threads took: 0.0001130 seconds
317.829: Application time: 0.2037480 seconds
317.829: [GC [PSYoungGen: 561034K->70688K(578560K)] 1590786K->1132711K(1912320K), 0.0508410 secs] [Times: user=0.40 sys=0.00, real=0.05 secs] 
317.880: Total time for which application threads were stopped: 0.0510420 seconds, Stopping threads took: 0.0000940 seconds
318.093: Application time: 0.2131620 seconds
318.093: [GC [PSYoungGen: 561184K->69492K(577536K)] 1623207K->1154520K(1911296K), 0.0466080 secs] [Times: user=0.37 sys=0.00, real=0.04 secs] 
318.140: Total time for which application threads were stopped: 0.0467840 seconds, Stopping threads took: 0.0000840 seconds
318.344: Application time: 0.2040280 seconds
318.344: [GC [PSYoungGen: 559988K->77895K(577024K)] 1645016K->1202499K(1910784K), 0.0587530 secs] [Times: user=0.47 sys=0.00, real=0.06 secs] 
318.403: Total time for which application threads were stopped: 0.0589420 seconds, Stopping threads took: 0.0000790 seconds
318.612: Application time: 0.2093380 seconds
318.612: [GC [PSYoungGen: 568903K->75588K(578048K)] 1693507K->1239227K(1911808K), 0.0578740 secs] [Times: user=0.46 sys=0.00, real=0.06 secs] 
318.670: Total time for which application threads were stopped: 0.0580660 seconds, Stopping threads took: 0.0000970 seconds
318.879: Application time: 0.2086620 seconds
318.879: [GC [PSYoungGen: 566596K->76842K(579584K)] 1730235K->1283278K(1913344K), 0.0619810 secs] [Times: user=0.49 sys=0.01, real=0.06 secs] 
318.941: Total time for which application threads were stopped: 0.0621790 seconds, Stopping threads took: 0.0000930 seconds
319.145: Application time: 0.2038920 seconds
319.145: [GC [PSYoungGen: 570410K->79383K(580096K)] 1776846K->1330154K(1913856K), 0.0620520 secs] [Times: user=0.49 sys=0.01, real=0.06 secs] 
319.207: Total time for which application threads were stopped: 0.0622110 seconds, Stopping threads took: 0.0000680 seconds
319.422: Application time: 0.2151140 seconds
319.422: [GC [PSYoungGen: 572951K->71136K(580096K)] 1823722K->1364125K(1913856K), 0.0598350 secs] [Times: user=0.45 sys=0.00, real=0.06 secs] 
319.482: [Full GC [PSYoungGen: 71136K->0K(580096K)] [ParOldGen: 1292989K->137222K(1333760K)] 1364125K->137222K(1913856K) [PSPermGen: 9174K->9174K(21504K)], 0.1662600 secs] [Times: user=1.21 sys=0.00, real=0.16 secs] 
319.648: Total time for which application threads were stopped: 0.2263350 seconds, Stopping threads took: 0.0000750 seconds
319.856: Application time: 0.2078810 seconds
319.856: [GC [PSYoungGen: 493568K->86506K(580096K)] 630790K->229553K(1913856K), 0.0518240 secs] [Times: user=0.41 sys=0.00, real=0.05 secs] 
319.908: Total time for which application threads were stopped: 0.0520160 seconds, Stopping threads took: 0.0000980 seconds
320.120: Application time: 0.2117850 seconds
320.120: [GC [PSYoungGen: 580074K->72330K(571904K)] 723121K->272024K(1905664K), 0.0653890 secs] [Times: user=0.52 sys=0.00, real=0.07 secs] 
320.186: Total time for which application threads were stopped: 0.0655880 seconds, Stopping threads took: 0.0000930 seconds
320.387: Application time: 0.2015030 seconds
320.387: [GC [PSYoungGen: 557194K->81712K(566784K)] 756888K->324592K(1900544K), 0.0616160 secs] [Times: user=0.48 sys=0.00, real=0.06 secs] 
320.449: Total time for which application threads were stopped: 0.0618390 seconds, Stopping threads took: 0.0001250 seconds
320.662: Application time: 0.2127110 seconds
320.662: [GC [PSYoungGen: 566576K->72043K(576000K)] 809456K->362867K(1909760K), 0.0597410 secs] [Times: user=0.47 sys=0.00, real=0.06 secs] 
320.722: Total time for which application threads were stopped: 0.0599410 seconds, Stopping threads took: 0.0000930 seconds
320.925: Application time: 0.2033870 seconds
320.925: [GC [PSYoungGen: 556395K->79152K(563712K)] 847219K->414594K(1897472K), 0.0628030 secs] [Times: user=0.49 sys=0.00, real=0.06 secs] 
320.988: Total time for which application threads were stopped: 0.0629850 seconds, Stopping threads took: 0.0000880 seconds
321.193: Application time: 0.2047060 seconds
321.193: [GC [PSYoungGen: 563504K->73696K(576000K)] 898946K->454263K(1909760K), 0.0598230 secs] [Times: user=0.48 sys=0.00, real=0.06 secs] 
321.253: Total time for which application threads were stopped: 0.0600280 seconds, Stopping threads took: 0.0001010 seconds
321.460: Application time: 0.2071290 seconds
321.460: [GC [PSYoungGen: 559072K->74432K(574976K)] 939639K->495776K(1908736K), 0.0566900 secs] [Times: user=0.45 sys=0.00, real=0.06 secs] 
321.517: Total time for which application threads were stopped: 0.0568580 seconds, Stopping threads took: 0.0000780 seconds
321.722: Application time: 0.2047630 seconds
321.722: [GC [PSYoungGen: 559808K->73162K(576512K)] 981152K->529845K(1910272K), 0.0544670 secs] [Times: user=0.43 sys=0.00, real=0.05 secs] 
321.776: Total time for which application threads were stopped: 0.0546550 seconds, Stopping threads took: 0.0000960 seconds
321.992: Application time: 0.2154600 seconds
321.992: [GC [PSYoungGen: 561098K->65648K(575488K)] 1017781K->553837K(1909248K), 0.0507240 secs] [Times: user=0.40 sys=0.00, real=0.05 secs] 
322.043: Total time for which application threads were stopped: 0.0509170 seconds, Stopping threads took: 0.0001010 seconds
322.243: Application time: 0.2001370 seconds
322.246: [GC [PSYoungGen: 553584K->74208K(578048K)] 1041773K->590066K(1911808K), 0.0494560 secs] [Times: user=0.39 sys=0.00, real=0.05 secs] 
322.295: Total time for which application threads were stopped: 0.0524530 seconds, Stopping threads took: 0.0028930 seconds
322.512: Application time: 0.2171590 seconds
322.512: [GC [PSYoungGen: 565728K->61545K(578560K)] 1081586K->613164K(1912320K), 0.0489430 secs] [Times: user=0.39 sys=0.00, real=0.04 secs] 
322.561: Total time for which application threads were stopped: 0.0491210 seconds, Stopping threads took: 0.0000850 seconds
322.762: Application time: 0.2007510 seconds
322.766: [GC [PSYoungGen: 553065K->83893K(573952K)] 1104684K->666308K(1907712K), 0.0554810 secs] [Times: user=0.44 sys=0.00, real=0.05 secs] 
322.821: Total time for which application threads were stopped: 0.0589640 seconds, Stopping threads took: 0.0033760 seconds
323.038: Application time: 0.2170250 seconds
323.038: [GC [PSYoungGen: 569781K->58992K(545280K)] 1152196K->683136K(1879040K), 0.0495860 secs] [Times: user=0.39 sys=0.00, real=0.05 secs] 
323.088: Total time for which application threads were stopped: 0.0497450 seconds, Stopping threads took: 0.0000660 seconds
323.282: Application time: 0.1943870 seconds
323.282: [GC [PSYoungGen: 544880K->80405K(573952K)] 1169024K->731719K(1907712K), 0.0526570 secs] [Times: user=0.42 sys=0.00, real=0.05 secs] 
323.335: Total time for which application threads were stopped: 0.0528360 seconds, Stopping threads took: 0.0000730 seconds
323.543: Application time: 0.2074040 seconds
323.543: [GC [PSYoungGen: 563221K->61611K(544768K)] 1214535K->753651K(1878528K), 0.0506750 secs] [Times: user=0.40 sys=0.00, real=0.05 secs] 
323.593: Total time for which application threads were stopped: 0.0508340 seconds, Stopping threads took: 0.0000670 seconds
323.790: Application time: 0.1970780 seconds
323.794: [GC [PSYoungGen: 544427K->80368K(572416K)] 1236467K->804354K(1906176K), 0.0550920 secs] [Times: user=0.43 sys=0.00, real=0.05 secs] 
323.849: Total time for which application threads were stopped: 0.0583690 seconds, Stopping threads took: 0.0031700 seconds
324.064: Application time: 0.2149490 seconds
324.064: [GC [PSYoungGen: 560112K->60853K(573440K)] 1284098K->825440K(1907200K), 0.0510060 secs] [Times: user=0.41 sys=0.00, real=0.05 secs] 
324.115: Total time for which application threads were stopped: 0.0512370 seconds, Stopping threads took: 0.0001310 seconds
324.310: Application time: 0.1948330 seconds
324.310: [GC [PSYoungGen: 540597K->83816K(569344K)] 1305184K->880963K(1903104K), 0.0577310 secs] [Times: user=0.46 sys=0.00, real=0.05 secs] 
324.368: Total time for which application threads were stopped: 0.0579120 seconds, Stopping threads took: 0.0000760 seconds
324.582: Application time: 0.2139200 seconds
324.582: [GC [PSYoungGen: 559464K->59472K(571392K)] 1356611K->899487K(1905152K), 0.0507290 secs] [Times: user=0.40 sys=0.00, real=0.05 secs] 
324.633: Total time for which application threads were stopped: 0.0509250 seconds, Stopping threads took: 0.0000910 seconds
324.830: Application time: 0.1969680 seconds
324.830: [GC [PSYoungGen: 535120K->82162K(568320K)] 1375135K->956865K(1902080K), 0.0598710 secs] [Times: user=0.47 sys=0.00, real=0.06 secs] 
324.890: Total time for which application threads were stopped: 0.0600750 seconds, Stopping threads took: 0.0000930 seconds
325.103: Application time: 0.2136600 seconds
325.104: [GC [PSYoungGen: 554738K->60011K(569856K)] 1429441K->971329K(1903616K), 0.0493340 secs] [Times: user=0.39 sys=0.00, real=0.05 secs] 
325.153: Total time for which application threads were stopped: 0.0495260 seconds, Stopping threads took: 0.0000960 seconds
325.346: Application time: 0.1932500 seconds
325.346: [GC [PSYoungGen: 532587K->82128K(567808K)] 1443905K->1029530K(1901568K), 0.0588860 secs] [Times: user=0.46 sys=0.00, real=0.06 secs] 
325.405: Total time for which application threads were stopped: 0.0590940 seconds, Stopping threads took: 0.0001000 seconds
325.613: Application time: 0.2079780 seconds
325.613: [GC [PSYoungGen: 552656K->62289K(568832K)] 1500058K->1046155K(1902592K), 0.0500470 secs] [Times: user=0.39 sys=0.00, real=0.05 secs] 
325.663: Total time for which application threads were stopped: 0.0502510 seconds, Stopping threads took: 0.0001060 seconds
325.860: Application time: 0.1964980 seconds
325.860: [GC [PSYoungGen: 532817K->79080K(568320K)] 1516683K->1098685K(1902080K), 0.0575350 secs] [Times: user=0.46 sys=0.00, real=0.06 secs] 
325.918: Total time for which application threads were stopped: 0.0577370 seconds, Stopping threads took: 0.0000970 seconds
326.126: Application time: 0.2081110 seconds
326.130: [GC [PSYoungGen: 550120K->61682K(568832K)] 1569725K->1122928K(1902592K), 0.0525330 secs] [Times: user=0.42 sys=0.00, real=0.05 secs] 
326.182: Total time for which application threads were stopped: 0.0564340 seconds, Stopping threads took: 0.0038070 seconds
326.375: Application time: 0.1926420 seconds
326.378: [GC [PSYoungGen: 532722K->81122K(567808K)] 1593968K->1176526K(1901568K), 0.0588630 secs] [Times: user=0.47 sys=0.00, real=0.06 secs] 
326.437: Total time for which application threads were stopped: 0.0616910 seconds, Stopping threads took: 0.0027180 seconds
326.650: Application time: 0.2131210 seconds
326.650: [GC [PSYoungGen: 551650K->61488K(568832K)] 1647054K->1200610K(1902592K), 0.0541550 secs] [Times: user=0.43 sys=0.00, real=0.05 secs] 
326.704: Total time for which application threads were stopped: 0.0543530 seconds, Stopping threads took: 0.0001030 seconds
326.895: Application time: 0.1905240 seconds
326.895: [GC [PSYoungGen: 532016K->81627K(566784K)] 1671138K->1256523K(1900544K), 0.0596640 secs] [Times: user=0.48 sys=0.00, real=0.06 secs] 
326.954: Total time for which application threads were stopped: 0.0598550 seconds, Stopping threads took: 0.0000880 seconds
327.162: Application time: 0.2078990 seconds
327.162: [GC [PSYoungGen: 551131K->61072K(568320K)] 1726027K->1279509K(1902080K), 0.0539790 secs] [Times: user=0.43 sys=0.00, real=0.05 secs] 
327.217: Total time for which application threads were stopped: 0.0541440 seconds, Stopping threads took: 0.0000740 seconds
327.406: Application time: 0.1894050 seconds
327.410: [GC [PSYoungGen: 530576K->83690K(565248K)] 1749013K->1337713K(1899008K), 0.0597300 secs] [Times: user=0.47 sys=0.00, real=0.05 secs] 
327.469: Total time for which application threads were stopped: 0.0635190 seconds, Stopping threads took: 0.0036860 seconds
327.672: Application time: 0.2029460 seconds
327.673: [GC [PSYoungGen: 551146K->59136K(567296K)] 1805169K->1357450K(1901056K), 0.0529080 secs] [Times: user=0.42 sys=0.00, real=0.05 secs] 
327.725: [Full GC [PSYoungGen: 59136K->0K(567296K)] [ParOldGen: 1298313K->131305K(1333760K)] 1357450K->131305K(1901056K) [PSPermGen: 9174K->9174K(21504K)], 0.1583440 secs] [Times: user=1.15 sys=0.00, real=0.16 secs] 
327.884: Total time for which application threads were stopped: 0.2115140 seconds, Stopping threads took: 0.0001000 seconds
328.072: Application time: 0.1882510 seconds
328.072: [GC [PSYoungGen: 467456K->86850K(561664K)] 598761K->218155K(1895424K), 0.0461420 secs] [Times: user=0.37 sys=0.00, real=0.04 secs] 
328.119: Total time for which application threads were stopped: 0.0463550 seconds, Stopping threads took: 0.0001070 seconds
328.323: Application time: 0.2046680 seconds
328.323: [GC [PSYoungGen: 549186K->62112K(564736K)] 680491K->243124K(1898496K), 0.0600170 secs] [Times: user=0.47 sys=0.00, real=0.06 secs] 
328.383: Total time for which application threads were stopped: 0.0602350 seconds, Stopping threads took: 0.0001180 seconds
328.578: Application time: 0.1947440 seconds
328.582: [GC [PSYoungGen: 524448K->78410K(562688K)] 705460K->296589K(1896448K), 0.0566820 secs] [Times: user=0.45 sys=0.00, real=0.05 secs] 
328.638: Total time for which application threads were stopped: 0.0602500 seconds, Stopping threads took: 0.0034590 seconds
328.840: Application time: 0.2015740 seconds
328.840: [GC [PSYoungGen: 541770K->63184K(564224K)] 759949K->318602K(1897984K), 0.0490270 secs] [Times: user=0.39 sys=0.00, real=0.05 secs] 
328.889: Total time for which application threads were stopped: 0.0491930 seconds, Stopping threads took: 0.0000740 seconds
329.079: Application time: 0.1894540 seconds
329.079: [GC [PSYoungGen: 526544K->76229K(563712K)] 781962K->368060K(1897472K), 0.0542650 secs] [Times: user=0.43 sys=0.00, real=0.06 secs] 
329.133: Total time for which application threads were stopped: 0.0544500 seconds, Stopping threads took: 0.0000930 seconds
329.335: Application time: 0.2021010 seconds
329.335: [GC [PSYoungGen: 542661K->62960K(565248K)] 834492K->394943K(1899008K), 0.0510830 secs] [Times: user=0.41 sys=0.00, real=0.05 secs] 
329.386: Total time for which application threads were stopped: 0.0512890 seconds, Stopping threads took: 0.0001040 seconds
329.583: Application time: 0.1965310 seconds
329.583: [GC [PSYoungGen: 529392K->74794K(566272K)] 861375K->442296K(1900032K), 0.0547460 secs] [Times: user=0.44 sys=0.00, real=0.05 secs] 
329.638: Total time for which application threads were stopped: 0.0549170 seconds, Stopping threads took: 0.0000770 seconds
329.845: Application time: 0.2068090 seconds
329.845: [GC [PSYoungGen: 545834K->64576K(567296K)] 913336K->471322K(1901056K), 0.0519800 secs] [Times: user=0.41 sys=0.00, real=0.05 secs] 
329.897: Total time for which application threads were stopped: 0.0521730 seconds, Stopping threads took: 0.0000880 seconds
330.100: Application time: 0.2030180 seconds
330.100: [GC [PSYoungGen: 535616K->74265K(569344K)] 942362K->515170K(1903104K), 0.0539080 secs] [Times: user=0.43 sys=0.00, real=0.06 secs] 
330.154: Total time for which application threads were stopped: 0.0541320 seconds, Stopping threads took: 0.0001260 seconds
330.358: Application time: 0.2038070 seconds
330.358: [GC [PSYoungGen: 550425K->64480K(569856K)] 991330K->537900K(1903616K), 0.0473880 secs] [Times: user=0.37 sys=0.00, real=0.05 secs] 
330.405: Total time for which application threads were stopped: 0.0475920 seconds, Stopping threads took: 0.0000820 seconds
330.603: Application time: 0.1976840 seconds
330.606: [GC [PSYoungGen: 540640K->71809K(570880K)] 1014060K->578518K(1904640K), 0.0508750 secs] [Times: user=0.40 sys=0.00, real=0.05 secs] 
330.657: Total time for which application threads were stopped: 0.0534260 seconds, Stopping threads took: 0.0024600 seconds
330.861: Application time: 0.2042950 seconds
330.861: [GC [PSYoungGen: 552577K->66713K(571904K)] 1059286K->608014K(1905664K), 0.0498920 secs] [Times: user=0.39 sys=0.00, real=0.06 secs] 
330.911: Total time for which application threads were stopped: 0.0501050 seconds, Stopping threads took: 0.0001070 seconds
331.116: Application time: 0.2048340 seconds
331.116: [GC [PSYoungGen: 547481K->73200K(575488K)] 1088782K->647725K(1909248K), 0.0525450 secs] [Times: user=0.41 sys=0.00, real=0.05 secs] 
331.169: Total time for which application threads were stopped: 0.0527290 seconds, Stopping threads took: 0.0000870 seconds
331.376: Application time: 0.2075110 seconds
331.376: [GC [PSYoungGen: 559600K->70480K(575488K)] 1134125K->681176K(1909248K), 0.0522960 secs] [Times: user=0.41 sys=0.00, real=0.05 secs] 
331.429: Total time for which application threads were stopped: 0.0524790 seconds, Stopping threads took: 0.0000740 seconds
331.634: Application time: 0.2054050 seconds
331.634: [GC [PSYoungGen: 556880K->66554K(577024K)] 1167576K->708674K(1910784K), 0.0487220 secs] [Times: user=0.38 sys=0.00, real=0.05 secs] 
331.683: Total time for which application threads were stopped: 0.0489230 seconds, Stopping threads took: 0.0001050 seconds
331.890: Application time: 0.2075260 seconds
331.891: [GC [PSYoungGen: 556538K->73576K(576000K)] 1198658K->743868K(1909760K), 0.0509080 secs] [Times: user=0.40 sys=0.00, real=0.04 secs] 
331.942: Total time for which application threads were stopped: 0.0510900 seconds, Stopping threads took: 0.0000750 seconds
332.151: Application time: 0.2096250 seconds
332.151: [GC [PSYoungGen: 563560K->69240K(579072K)] 1233852K->773599K(1912832K), 0.0508740 secs] [Times: user=0.40 sys=0.00, real=0.05 secs] 
332.202: Total time for which application threads were stopped: 0.0510360 seconds, Stopping threads took: 0.0000700 seconds
332.414: Application time: 0.2115870 seconds
332.414: [GC [PSYoungGen: 564344K->76369K(579584K)] 1268703K->810219K(1913344K), 0.0531420 secs] [Times: user=0.42 sys=0.00, real=0.05 secs] 
332.467: Total time for which application threads were stopped: 0.0533430 seconds, Stopping threads took: 0.0000950 seconds
332.679: Application time: 0.2116070 seconds
332.682: [GC [PSYoungGen: 571473K->74847K(581632K)] 1305323K->849897K(1915392K), 0.0561580 secs] [Times: user=0.45 sys=0.00, real=0.05 secs] 
332.738: Total time for which application threads were stopped: 0.0591390 seconds, Stopping threads took: 0.0028900 seconds
332.944: Application time: 0.2058930 seconds
332.944: [GC [PSYoungGen: 570975K->82391K(578560K)] 1346025K->899916K(1912320K), 0.0619600 secs] [Times: user=0.49 sys=0.00, real=0.06 secs] 
333.006: Total time for which application threads were stopped: 0.0621650 seconds, Stopping threads took: 0.0000940 seconds
333.218: Application time: 0.2119450 seconds
333.218: [GC [PSYoungGen: 578519K->72393K(580608K)] 1396044K->937981K(1914368K), 0.0597930 secs] [Times: user=0.47 sys=0.00, real=0.06 secs] 
333.278: Total time for which application threads were stopped: 0.0599630 seconds, Stopping threads took: 0.0000800 seconds
333.484: Application time: 0.2060370 seconds
333.484: [GC [PSYoungGen: 564937K->86519K(579072K)] 1430525K->992784K(1912832K), 0.0648360 secs] [Times: user=0.51 sys=0.00, real=0.06 secs] 
333.549: Total time for which application threads were stopped: 0.0650260 seconds, Stopping threads took: 0.0000840 seconds
333.764: Application time: 0.2147600 seconds
333.766: [GC [PSYoungGen: 579063K->69568K(547328K)] 1485328K->1026992K(1881088K), 0.0630110 secs] [Times: user=0.48 sys=0.00, real=0.06 secs] 
333.829: Total time for which application threads were stopped: 0.0650640 seconds, Stopping threads took: 0.0019540 seconds
334.021: Application time: 0.1926980 seconds
334.026: [GC [PSYoungGen: 528832K->82224K(563200K)] 1486256K->1084058K(1896960K), 0.0642580 secs] [Times: user=0.51 sys=0.00, real=0.07 secs] 
334.090: Total time for which application threads were stopped: 0.0685210 seconds, Stopping threads took: 0.0041590 seconds
334.290: Application time: 0.1997020 seconds
334.290: [GC [PSYoungGen: 541488K->66544K(561664K)] 1543322K->1117470K(1895424K), 0.0582030 secs] [Times: user=0.46 sys=0.00, real=0.05 secs] 
334.348: Total time for which application threads were stopped: 0.0583940 seconds, Stopping threads took: 0.0000970 seconds
334.537: Application time: 0.1887350 seconds
334.537: [GC [PSYoungGen: 526320K->82089K(562688K)] 1577246K->1173822K(1896448K), 0.0631080 secs] [Times: user=0.50 sys=0.00, real=0.06 secs] 
334.600: Total time for which application threads were stopped: 0.0633010 seconds, Stopping threads took: 0.0000840 seconds
334.804: Application time: 0.2036910 seconds
334.804: [GC [PSYoungGen: 541865K->69288K(560640K)] 1633598K->1211933K(1894400K), 0.0632040 secs] [Times: user=0.50 sys=0.00, real=0.06 secs] 
334.867: Total time for which application threads were stopped: 0.0633890 seconds, Stopping threads took: 0.0000920 seconds
335.061: Application time: 0.1941210 seconds
335.061: [GC [PSYoungGen: 531112K->79611K(562688K)] 1673757K->1265800K(1896448K), 0.0633100 secs] [Times: user=0.50 sys=0.00, real=0.07 secs] 
335.125: Total time for which application threads were stopped: 0.0635130 seconds, Stopping threads took: 0.0000960 seconds
335.324: Application time: 0.1993270 seconds
335.324: [GC [PSYoungGen: 541435K->70304K(563200K)] 1727624K->1305662K(1896960K), 0.0610110 secs] [Times: user=0.48 sys=0.00, real=0.06 secs] 
335.385: Total time for which application threads were stopped: 0.0611830 seconds, Stopping threads took: 0.0000760 seconds
335.582: Application time: 0.1961910 seconds
335.582: [GC [PSYoungGen: 536736K->79280K(565248K)] 1772094K->1356798K(1899008K), 0.0633060 secs] [Times: user=0.50 sys=0.00, real=0.06 secs] 
335.645: [Full GC [PSYoungGen: 79280K->0K(565248K)] [ParOldGen: 1277517K->144477K(1333760K)] 1356798K->144477K(1899008K) [PSPermGen: 9174K->9174K(21504K)], 0.1750990 secs] [Times: user=1.28 sys=0.00, real=0.17 secs] 
335.820: Total time for which application threads were stopped: 0.2386780 seconds, Stopping threads took: 0.0000930 seconds
336.019: Application time: 0.1984070 seconds
336.020: [GC [PSYoungGen: 466432K->79488K(565248K)] 610909K->223966K(1899008K), 0.0459450 secs] [Times: user=0.37 sys=0.00, real=0.05 secs] 
336.066: Total time for which application threads were stopped: 0.0470160 seconds, Stopping threads took: 0.0009710 seconds
336.265: Application time: 0.1992800 seconds
336.265: [GC [PSYoungGen: 550016K->79008K(567296K)] 694494K->274520K(1901056K), 0.0681370 secs] [Times: user=0.54 sys=0.00, real=0.07 secs] 
336.333: Total time for which application threads were stopped: 0.0683470 seconds, Stopping threads took: 0.0001040 seconds
336.531: Application time: 0.1980430 seconds
336.531: [GC [PSYoungGen: 549536K->74336K(566272K)] 745048K->319340K(1900032K), 0.0613410 secs] [Times: user=0.49 sys=0.00, real=0.06 secs] 
336.593: Total time for which application threads were stopped: 0.0615150 seconds, Stopping threads took: 0.0000800 seconds
336.794: Application time: 0.2008850 seconds
336.794: [GC [PSYoungGen: 548960K->78032K(568832K)] 793964K->367071K(1902592K), 0.0608250 secs] [Times: user=0.48 sys=0.00, real=0.06 secs] 
336.855: Total time for which application threads were stopped: 0.0610050 seconds, Stopping threads took: 0.0000750 seconds
337.053: Application time: 0.1981340 seconds
337.054: [GC [PSYoungGen: 552656K->73360K(569856K)] 841695K->409923K(1903616K), 0.0600090 secs] [Times: user=0.47 sys=0.00, real=0.06 secs] 
337.114: Total time for which application threads were stopped: 0.0608390 seconds, Stopping threads took: 0.0007380 seconds
337.316: Application time: 0.2025520 seconds
337.316: [GC [PSYoungGen: 553104K->77792K(571904K)] 889667K->457197K(1905664K), 0.0610350 secs] [Times: user=0.48 sys=0.00, real=0.06 secs] 
337.378: Total time for which application threads were stopped: 0.0612470 seconds, Stopping threads took: 0.0001040 seconds
337.580: Application time: 0.2021680 seconds
337.582: [GC [PSYoungGen: 557536K->74704K(570880K)] 936941K->498959K(1904640K), 0.0603560 secs] [Times: user=0.48 sys=0.00, real=0.06 secs] 
337.642: Total time for which application threads were stopped: 0.0623690 seconds, Stopping threads took: 0.0019190 seconds
337.855: Application time: 0.2133490 seconds
337.856: [GC [PSYoungGen: 558544K->71168K(573440K)] 982799K->536731K(1907200K), 0.0585750 secs] [Times: user=0.46 sys=0.00, real=0.06 secs] 
337.914: Total time for which application threads were stopped: 0.0587730 seconds, Stopping threads took: 0.0000880 seconds
338.123: Application time: 0.2085370 seconds
338.123: [GC [PSYoungGen: 555008K->70496K(576512K)] 1020571K->573299K(1910272K), 0.0540970 secs] [Times: user=0.43 sys=0.00, real=0.05 secs] 
338.177: Total time for which application threads were stopped: 0.0542900 seconds, Stopping threads took: 0.0000870 seconds
338.381: Application time: 0.2043400 seconds
338.382: [GC [PSYoungGen: 558432K->69966K(577024K)] 1061235K->606019K(1910784K), 0.0503670 secs] [Times: user=0.39 sys=0.00, real=0.06 secs] 
338.432: Total time for which application threads were stopped: 0.0505810 seconds, Stopping threads took: 0.0001070 seconds
338.642: Application time: 0.2103330 seconds
338.642: [GC [PSYoungGen: 557902K->66522K(578048K)] 1093955K->625950K(1911808K), 0.0458530 secs] [Times: user=0.35 sys=0.00, real=0.04 secs] 
338.688: Total time for which application threads were stopped: 0.0460430 seconds, Stopping threads took: 0.0000930 seconds
338.898: Application time: 0.2094560 seconds
338.898: [GC [PSYoungGen: 555994K->68439K(578048K)] 1115422K->657162K(1911808K), 0.0482550 secs] [Times: user=0.38 sys=0.00, real=0.05 secs] 
338.946: Total time for which application threads were stopped: 0.0484700 seconds, Stopping threads took: 0.0001110 seconds
339.149: Application time: 0.2027620 seconds
339.149: [GC [PSYoungGen: 557911K->70513K(577024K)] 1146634K->692364K(1910784K), 0.0490930 secs] [Times: user=0.39 sys=0.00, real=0.05 secs] 
339.198: Total time for which application threads were stopped: 0.0492910 seconds, Stopping threads took: 0.0001040 seconds
339.411: Application time: 0.2129190 seconds
339.411: [GC [PSYoungGen: 561009K->66935K(577536K)] 1182860K->715362K(1911296K), 0.0462170 secs] [Times: user=0.37 sys=0.00, real=0.04 secs] 
339.458: Total time for which application threads were stopped: 0.0464070 seconds, Stopping threads took: 0.0000820 seconds
339.665: Application time: 0.2073030 seconds
339.665: [GC [PSYoungGen: 557431K->71879K(577024K)] 1205858K->753560K(1910784K), 0.0526580 secs] [Times: user=0.42 sys=0.00, real=0.05 secs] 
339.718: Total time for which application threads were stopped: 0.0528400 seconds, Stopping threads took: 0.0000860 seconds
339.930: Application time: 0.2118120 seconds
339.930: [GC [PSYoungGen: 564935K->72675K(578560K)] 1246616K->787254K(1912320K), 0.0534670 secs] [Times: user=0.42 sys=0.00, real=0.05 secs] 
339.983: Total time for which application threads were stopped: 0.0536760 seconds, Stopping threads took: 0.0000990 seconds
340.189: Application time: 0.2058550 seconds
340.194: [GC [PSYoungGen: 565731K->72816K(579072K)] 1280310K->824848K(1912832K), 0.0539000 secs] [Times: user=0.42 sys=0.00, real=0.05 secs] 
340.248: Total time for which application threads were stopped: 0.0585440 seconds, Stopping threads took: 0.0045400 seconds
340.454: Application time: 0.2064160 seconds
340.454: [GC [PSYoungGen: 569968K->77507K(580608K)] 1322000K->861025K(1914368K), 0.0533130 secs] [Times: user=0.42 sys=0.00, real=0.05 secs] 
340.508: Total time for which application threads were stopped: 0.0535410 seconds, Stopping threads took: 0.0001240 seconds
340.723: Application time: 0.2150200 seconds
340.726: [GC [PSYoungGen: 574659K->71369K(583168K)] 1358177K->890456K(1916928K), 0.0553190 secs] [Times: user=0.44 sys=0.01, real=0.05 secs] 
340.781: Total time for which application threads were stopped: 0.0584010 seconds, Stopping threads took: 0.0029890 seconds
340.981: Application time: 0.2002120 seconds
340.981: [GC [PSYoungGen: 571081K->82648K(582656K)] 1390168K->943081K(1916416K), 0.0625970 secs] [Times: user=0.49 sys=0.00, real=0.07 secs] 
341.044: Total time for which application threads were stopped: 0.0628080 seconds, Stopping threads took: 0.0001020 seconds
341.271: Application time: 0.2266100 seconds
341.274: [GC [PSYoungGen: 582360K->68064K(580608K)] 1442793K->967908K(1914368K), 0.0548950 secs] [Times: user=0.40 sys=0.00, real=0.05 secs] 
341.329: Total time for which application threads were stopped: 0.0579270 seconds, Stopping threads took: 0.0029380 seconds
341.529: Application time: 0.2004710 seconds
341.529: [GC [PSYoungGen: 564192K->85488K(581632K)] 1464036K->1039765K(1915392K), 0.0707720 secs] [Times: user=0.56 sys=0.00, real=0.07 secs] 
341.600: Total time for which application threads were stopped: 0.0709650 seconds, Stopping threads took: 0.0000870 seconds
341.818: Application time: 0.2178400 seconds
341.818: [GC [PSYoungGen: 581616K->61849K(534528K)] 1535893K->1067312K(1868288K), 0.0589760 secs] [Times: user=0.47 sys=0.00, real=0.06 secs] 
341.877: Total time for which application threads were stopped: 0.0591880 seconds, Stopping threads took: 0.0001150 seconds
342.061: Application time: 0.1838160 seconds
342.061: [GC [PSYoungGen: 510873K->91408K(540672K)] 1516336K->1136886K(1874432K), 0.0682570 secs] [Times: user=0.55 sys=0.00, real=0.07 secs] 
342.129: Total time for which application threads were stopped: 0.0684550 seconds, Stopping threads took: 0.0000890 seconds
342.335: Application time: 0.2057600 seconds
342.335: [GC [PSYoungGen: 540432K->54050K(553984K)] 1585910K->1152411K(1887744K), 0.0560090 secs] [Times: user=0.44 sys=0.00, real=0.06 secs] 
342.391: Total time for which application threads were stopped: 0.0561980 seconds, Stopping threads took: 0.0000930 seconds
342.566: Application time: 0.1750740 seconds
342.567: [GC [PSYoungGen: 496930K->91728K(535040K)] 1595291K->1227050K(1868800K), 0.0661050 secs] [Times: user=0.53 sys=0.00, real=0.07 secs] 
342.633: Total time for which application threads were stopped: 0.0663070 seconds, Stopping threads took: 0.0000910 seconds
342.836: Application time: 0.2030750 seconds
342.836: [GC [PSYoungGen: 534608K->56448K(551936K)] 1669930K->1244362K(1885696K), 0.0574310 secs] [Times: user=0.46 sys=0.00, real=0.06 secs] 
342.893: Total time for which application threads were stopped: 0.0576280 seconds, Stopping threads took: 0.0001060 seconds
343.065: Application time: 0.1711660 seconds
343.065: [GC [PSYoungGen: 494208K->87648K(552448K)] 1682122K->1317687K(1886208K), 0.0651140 secs] [Times: user=0.51 sys=0.00, real=0.07 secs] 
343.130: Total time for which application threads were stopped: 0.0652880 seconds, Stopping threads took: 0.0000820 seconds
343.329: Application time: 0.1987990 seconds
343.329: [GC [PSYoungGen: 525408K->61663K(550400K)] 1755447K->1342023K(1884160K), 0.0587060 secs] [Times: user=0.47 sys=0.00, real=0.06 secs] 
343.388: [Full GC [PSYoungGen: 61663K->0K(550400K)] [ParOldGen: 1280359K->134369K(1333760K)] 1342023K->134369K(1884160K) [PSPermGen: 9174K->9174K(21504K)], 0.1656770 secs] [Times: user=1.20 sys=0.00, real=0.17 secs] 
343.553: Total time for which application threads were stopped: 0.2246530 seconds, Stopping threads took: 0.0001030 seconds
343.730: Application time: 0.1770140 seconds
343.730: [GC [PSYoungGen: 437760K->87088K(551424K)] 572129K->221458K(1885184K), 0.0471030 secs] [Times: user=0.37 sys=0.01, real=0.04 secs] 
343.778: Total time for which application threads were stopped: 0.0473010 seconds, Stopping threads took: 0.0001030 seconds
343.972: Application time: 0.1948100 seconds
343.973: [GC [PSYoungGen: 524848K->56896K(552960K)] 659218K->245710K(1886720K), 0.0573740 secs] [Times: user=0.43 sys=0.01, real=0.06 secs] 
344.030: Total time for which application threads were stopped: 0.0575910 seconds, Stopping threads took: 0.0001060 seconds
344.211: Application time: 0.1812310 seconds
344.214: [GC [PSYoungGen: 495680K->80276K(519168K)] 684494K->307943K(1852928K), 0.0587940 secs] [Times: user=0.46 sys=0.00, real=0.06 secs] 
344.273: Total time for which application threads were stopped: 0.0612160 seconds, Stopping threads took: 0.0023310 seconds
344.468: Application time: 0.1951220 seconds
344.468: [GC [PSYoungGen: 519060K->57545K(551424K)] 746727K->336495K(1885184K), 0.0545220 secs] [Times: user=0.44 sys=0.00, real=0.06 secs] 
344.522: Total time for which application threads were stopped: 0.0547430 seconds, Stopping threads took: 0.0001270 seconds
344.701: Application time: 0.1787610 seconds
344.701: [GC [PSYoungGen: 496841K->79447K(550912K)] 775791K->396586K(1884672K), 0.0584960 secs] [Times: user=0.46 sys=0.00, real=0.06 secs] 
344.760: Total time for which application threads were stopped: 0.0586870 seconds, Stopping threads took: 0.0000840 seconds
344.956: Application time: 0.1961010 seconds
344.956: [GC [PSYoungGen: 518743K->54986K(553984K)] 835882K->418990K(1887744K), 0.0518130 secs] [Times: user=0.41 sys=0.00, real=0.05 secs] 
345.008: Total time for which application threads were stopped: 0.0520010 seconds, Stopping threads took: 0.0000950 seconds
345.191: Application time: 0.1826660 seconds
345.191: [GC [PSYoungGen: 498890K->80994K(553472K)] 862894K->479439K(1887232K), 0.0563350 secs] [Times: user=0.45 sys=0.00, real=0.05 secs] 
345.247: Total time for which application threads were stopped: 0.0565250 seconds, Stopping threads took: 0.0000960 seconds
345.440: Application time: 0.1925130 seconds
345.440: [GC [PSYoungGen: 524898K->59136K(556544K)] 923343K->502591K(1890304K), 0.0510300 secs] [Times: user=0.41 sys=0.00, real=0.06 secs] 
345.491: Total time for which application threads were stopped: 0.0512240 seconds, Stopping threads took: 0.0000900 seconds
345.677: Application time: 0.1856590 seconds
345.678: [GC [PSYoungGen: 507648K->78874K(556544K)] 951103K->559521K(1890304K), 0.0579960 secs] [Times: user=0.45 sys=0.00, real=0.06 secs] 
345.736: Total time for which application threads were stopped: 0.0591590 seconds, Stopping threads took: 0.0010700 seconds
345.936: Application time: 0.2000530 seconds
345.936: [GC [PSYoungGen: 527386K->66192K(555008K)] 1008033K->592499K(1888768K), 0.0576480 secs] [Times: user=0.44 sys=0.00, real=0.06 secs] 
345.994: Total time for which application threads were stopped: 0.0578400 seconds, Stopping threads took: 0.0000870 seconds
346.184: Application time: 0.1907610 seconds
346.185: [GC [PSYoungGen: 518288K->76309K(556544K)] 1044595K->644581K(1890304K), 0.0602370 secs] [Times: user=0.47 sys=0.00, real=0.06 secs] 
346.245: Total time for which application threads were stopped: 0.0604400 seconds, Stopping threads took: 0.0000960 seconds
346.438: Application time: 0.1932640 seconds
346.438: [GC [PSYoungGen: 528405K->70208K(557568K)] 1096677K->684097K(1891328K), 0.0588200 secs] [Times: user=0.46 sys=0.00, real=0.06 secs] 
346.497: Total time for which application threads were stopped: 0.0590090 seconds, Stopping threads took: 0.0000930 seconds
346.688: Application time: 0.1906170 seconds
346.688: [GC [PSYoungGen: 529984K->78951K(560128K)] 1143873K->738022K(1893888K), 0.0626330 secs] [Times: user=0.50 sys=0.00, real=0.07 secs] 
346.751: Total time for which application threads were stopped: 0.0628310 seconds, Stopping threads took: 0.0000950 seconds
346.950: Application time: 0.1995690 seconds
346.950: [GC [PSYoungGen: 538727K->69376K(562176K)] 1197798K->775590K(1895936K), 0.0594770 secs] [Times: user=0.47 sys=0.00, real=0.06 secs] 
347.010: Total time for which application threads were stopped: 0.0596790 seconds, Stopping threads took: 0.0001070 seconds
347.201: Application time: 0.1911640 seconds
347.201: [GC [PSYoungGen: 536320K->86251K(564736K)] 1242534K->838508K(1898496K), 0.0661200 secs] [Times: user=0.52 sys=0.00, real=0.07 secs] 
347.267: Total time for which application threads were stopped: 0.0663150 seconds, Stopping threads took: 0.0000870 seconds
347.476: Application time: 0.2082990 seconds
347.478: [GC [PSYoungGen: 553195K->66571K(567808K)] 1305452K->870602K(1901568K), 0.0606960 secs] [Times: user=0.47 sys=0.00, real=0.06 secs] 
347.538: Total time for which application threads were stopped: 0.0628180 seconds, Stopping threads took: 0.0020260 seconds
347.729: Application time: 0.1909470 seconds
347.729: [GC [PSYoungGen: 534027K->88576K(556544K)] 1338058K->938374K(1890304K), 0.0697630 secs] [Times: user=0.55 sys=0.01, real=0.07 secs] 
347.799: Total time for which application threads were stopped: 0.0699620 seconds, Stopping threads took: 0.0000930 seconds
348.014: Application time: 0.2145470 seconds
348.014: [GC [PSYoungGen: 556032K->62491K(565760K)] 1405830K->963753K(1899520K), 0.0596350 secs] [Times: user=0.46 sys=0.00, real=0.06 secs] 
348.074: Total time for which application threads were stopped: 0.0598060 seconds, Stopping threads took: 0.0000760 seconds
348.255: Application time: 0.1814680 seconds
348.255: [GC [PSYoungGen: 525851K->91972K(555520K)] 1427113K->1038350K(1889280K), 0.0694560 secs] [Times: user=0.55 sys=0.00, real=0.07 secs] 
348.325: Total time for which application threads were stopped: 0.0696510 seconds, Stopping threads took: 0.0000780 seconds
348.539: Application time: 0.2144890 seconds
348.539: [GC [PSYoungGen: 555332K->55881K(560640K)] 1501710K->1052668K(1894400K), 0.0578010 secs] [Times: user=0.45 sys=0.00, real=0.06 secs] 
348.597: Total time for which application threads were stopped: 0.0580050 seconds, Stopping threads took: 0.0001090 seconds
348.776: Application time: 0.1783860 seconds
348.776: [GC [PSYoungGen: 511049K->97072K(552448K)] 1507836K->1134457K(1886208K), 0.0704280 secs] [Times: user=0.56 sys=0.00, real=0.07 secs] 
348.846: Total time for which application threads were stopped: 0.0706560 seconds, Stopping threads took: 0.0001190 seconds
349.063: Application time: 0.2167610 seconds
349.063: [GC [PSYoungGen: 552240K->51664K(554496K)] 1589625K->1140822K(1888256K), 0.0540130 secs] [Times: user=0.43 sys=0.00, real=0.05 secs] 
349.117: Total time for which application threads were stopped: 0.0541900 seconds, Stopping threads took: 0.0000830 seconds
349.284: Application time: 0.1671010 seconds
349.285: [GC [PSYoungGen: 494544K->97908K(541184K)] 1583702K->1226259K(1874944K), 0.0695820 secs] [Times: user=0.56 sys=0.00, real=0.07 secs] 
349.354: Total time for which application threads were stopped: 0.0697780 seconds, Stopping threads took: 0.0000900 seconds
349.559: Application time: 0.2044470 seconds
349.559: [GC [PSYoungGen: 540788K->45531K(547840K)] 1669139K->1228695K(1881600K), 0.0516210 secs] [Times: user=0.41 sys=0.00, real=0.06 secs] 
349.610: Total time for which application threads were stopped: 0.0518040 seconds, Stopping threads took: 0.0000900 seconds
349.780: Application time: 0.1692390 seconds
349.780: [GC [PSYoungGen: 476123K->95006K(525824K)] 1659287K->1313998K(1859584K), 0.0692530 secs] [Times: user=0.55 sys=0.00, real=0.07 secs] 
349.849: Total time for which application threads were stopped: 0.0694640 seconds, Stopping threads took: 0.0001150 seconds
350.054: Application time: 0.2051050 seconds
350.054: [GC [PSYoungGen: 525598K->40555K(542208K)] 1744590K->1315126K(1875968K), 0.0527680 secs] [Times: user=0.41 sys=0.00, real=0.05 secs] 
350.107: [Full GC [PSYoungGen: 40555K->0K(542208K)] [ParOldGen: 1274570K->121704K(1333760K)] 1315126K->121704K(1875968K) [PSPermGen: 9174K->9174K(21504K)], 0.1481110 secs] [Times: user=1.06 sys=0.00, real=0.15 secs] 
350.255: Total time for which application threads were stopped: 0.2011440 seconds, Stopping threads took: 0.0000950 seconds
350.419: Application time: 0.1632940 seconds
350.419: [GC [PSYoungGen: 420352K->98118K(518656K)] 542056K->219823K(1852416K), 0.0513880 secs] [Times: user=0.41 sys=0.00, real=0.06 secs] 
350.470: Total time for which application threads were stopped: 0.0515710 seconds, Stopping threads took: 0.0000890 seconds
350.661: Application time: 0.1911790 seconds
350.662: [GC [PSYoungGen: 518470K->43600K(539648K)] 640175K->226881K(1873408K), 0.0518630 secs] [Times: user=0.41 sys=0.00, real=0.05 secs] 
350.714: Total time for which application threads were stopped: 0.0520630 seconds, Stopping threads took: 0.0000840 seconds
350.874: Application time: 0.1606180 seconds
350.874: [GC [PSYoungGen: 455248K->79632K(491520K)] 638529K->291960K(1825280K), 0.0539500 secs] [Times: user=0.43 sys=0.00, real=0.05 secs] 
350.928: Total time for which application threads were stopped: 0.0541240 seconds, Stopping threads took: 0.0000800 seconds
351.112: Application time: 0.1841850 seconds
351.113: [GC [PSYoungGen: 491280K->64496K(541184K)] 703608K->329182K(1874944K), 0.0586780 secs] [Times: user=0.47 sys=0.00, real=0.06 secs] 
351.171: Total time for which application threads were stopped: 0.0589050 seconds, Stopping threads took: 0.0001290 seconds
351.352: Application time: 0.1806180 seconds
351.352: [GC [PSYoungGen: 480240K->61472K(537088K)] 744926K->370299K(1870848K), 0.0534840 secs] [Times: user=0.42 sys=0.00, real=0.05 secs] 
351.406: Total time for which application threads were stopped: 0.0536890 seconds, Stopping threads took: 0.0000980 seconds
351.566: Application time: 0.1604870 seconds
351.570: [GC [PSYoungGen: 477216K->87232K(536576K)] 786043K->440093K(1870336K), 0.0643300 secs] [Times: user=0.51 sys=0.00, real=0.06 secs] 
351.634: Total time for which application threads were stopped: 0.0678940 seconds, Stopping threads took: 0.0034720 seconds
351.832: Application time: 0.1983970 seconds
351.833: [GC [PSYoungGen: 506048K->42208K(538112K)] 858909K->442468K(1871872K), 0.0462740 secs] [Times: user=0.37 sys=0.00, real=0.04 secs] 
351.879: Total time for which application threads were stopped: 0.0465030 seconds, Stopping threads took: 0.0001360 seconds
352.038: Application time: 0.1591350 seconds
352.038: [GC [PSYoungGen: 461024K->95020K(538112K)] 861284K->529696K(1871872K), 0.0641040 secs] [Times: user=0.51 sys=0.00, real=0.07 secs] 
352.102: Total time for which application threads were stopped: 0.0642600 seconds, Stopping threads took: 0.0000520 seconds
352.304: Application time: 0.2017830 seconds
352.304: [GC [PSYoungGen: 513324K->37731K(456192K)] 948000K->527083K(1789952K), 0.0478400 secs] [Times: user=0.38 sys=0.00, real=0.05 secs] 
352.352: Total time for which application threads were stopped: 0.0480040 seconds, Stopping threads took: 0.0000680 seconds
352.509: Application time: 0.1573400 seconds
352.514: [GC [PSYoungGen: 456035K->96016K(532992K)] 945387K->613106K(1866752K), 0.0643350 secs] [Times: user=0.51 sys=0.00, real=0.06 secs] 
352.578: Total time for which application threads were stopped: 0.0685950 seconds, Stopping threads took: 0.0041600 seconds
352.771: Application time: 0.1933210 seconds
352.772: [GC [PSYoungGen: 504080K->41600K(537600K)] 1021170K->615768K(1871360K), 0.0487450 secs] [Times: user=0.38 sys=0.00, real=0.04 secs] 
352.820: Total time for which application threads were stopped: 0.0489250 seconds, Stopping threads took: 0.0000740 seconds
352.971: Application time: 0.1509020 seconds
352.971: [GC [PSYoungGen: 449664K->85115K(537600K)] 1023832K->689459K(1871360K), 0.0755130 secs] [Times: user=0.57 sys=0.00, real=0.07 secs] 
353.047: Total time for which application threads were stopped: 0.0757390 seconds, Stopping threads took: 0.0001350 seconds
353.229: Application time: 0.1817850 seconds
353.230: [GC [PSYoungGen: 494203K->62352K(471552K)] 1098547K->721747K(1805312K), 0.0599750 secs] [Times: user=0.48 sys=0.00, real=0.06 secs] 
353.290: Total time for which application threads were stopped: 0.0609390 seconds, Stopping threads took: 0.0008760 seconds
353.464: Application time: 0.1745290 seconds
353.464: [GC [PSYoungGen: 471440K->63705K(538624K)] 1130835K->767489K(1872384K), 0.0560570 secs] [Times: user=0.44 sys=0.00, real=0.05 secs] 
353.520: Total time for which application threads were stopped: 0.0562510 seconds, Stopping threads took: 0.0000900 seconds
353.687: Application time: 0.1664320 seconds
353.687: [GC [PSYoungGen: 477913K->78955K(534016K)] 1181697K->826495K(1867776K), 0.0639890 secs] [Times: user=0.50 sys=0.00, real=0.07 secs] 
353.751: Total time for which application threads were stopped: 0.0641820 seconds, Stopping threads took: 0.0001010 seconds
353.953: Application time: 0.2017980 seconds
353.953: [GC [PSYoungGen: 493163K->38484K(540672K)] 1240703K->824575K(1874432K), 0.0409140 secs] [Times: user=0.33 sys=0.00, real=0.04 secs] 
353.994: Total time for which application threads were stopped: 0.0410920 seconds, Stopping threads took: 0.0000860 seconds
354.153: Application time: 0.1594430 seconds
354.154: [GC [PSYoungGen: 460884K->91491K(541184K)] 1246975K->908602K(1874944K), 0.0627810 secs] [Times: user=0.50 sys=0.00, real=0.06 secs] 
354.216: Total time for which application threads were stopped: 0.0629900 seconds, Stopping threads took: 0.0000940 seconds
354.422: Application time: 0.2058530 seconds
354.422: [GC [PSYoungGen: 513891K->36858K(544256K)] 1331002K->899895K(1878016K), 0.0432470 secs] [Times: user=0.34 sys=0.00, real=0.04 secs] 
354.466: Total time for which application threads were stopped: 0.0434330 seconds, Stopping threads took: 0.0000890 seconds
354.619: Application time: 0.1531490 seconds
354.619: [GC [PSYoungGen: 458234K->99648K(521216K)] 1321271K->988299K(1854976K), 0.0630550 secs] [Times: user=0.49 sys=0.00, real=0.07 secs] 
354.682: Total time for which application threads were stopped: 0.0632400 seconds, Stopping threads took: 0.0000900 seconds
354.880: Application time: 0.1978860 seconds
354.880: [GC [PSYoungGen: 521024K->40192K(538624K)] 1409675K->985137K(1872384K), 0.0479490 secs] [Times: user=0.38 sys=0.00, real=0.05 secs] 
354.928: Total time for which application threads were stopped: 0.0481360 seconds, Stopping threads took: 0.0000850 seconds
355.075: Application time: 0.1466250 seconds
355.078: [GC [PSYoungGen: 448768K->96665K(505344K)] 1393713K->1071022K(1839104K), 0.0618930 secs] [Times: user=0.50 sys=0.00, real=0.06 secs] 
355.140: Total time for which application threads were stopped: 0.0648340 seconds, Stopping threads took: 0.0028480 seconds
355.323: Application time: 0.1834250 seconds
355.323: [GC [PSYoungGen: 505241K->56688K(537600K)] 1479598K->1089591K(1871360K), 0.0587390 secs] [Times: user=0.47 sys=0.00, real=0.06 secs] 
355.382: Total time for which application threads were stopped: 0.0589130 seconds, Stopping threads took: 0.0000780 seconds
355.547: Application time: 0.1651170 seconds
355.547: [GC [PSYoungGen: 460640K->66236K(470528K)] 1493543K->1141550K(1804288K), 0.0562500 secs] [Times: user=0.44 sys=0.00, real=0.06 secs] 
355.604: Total time for which application threads were stopped: 0.0564500 seconds, Stopping threads took: 0.0000960 seconds
355.774: Application time: 0.1708820 seconds
355.775: [GC [PSYoungGen: 470204K->72119K(531968K)] 1545518K->1193394K(1865728K), 0.0620670 secs] [Times: user=0.49 sys=0.00, real=0.06 secs] 
355.837: Total time for which application threads were stopped: 0.0623290 seconds, Stopping threads took: 0.0001680 seconds
356.024: Application time: 0.1871760 seconds
356.024: [GC [PSYoungGen: 480183K->47619K(527872K)] 1601458K->1213472K(1861632K), 0.0498660 secs] [Times: user=0.38 sys=0.00, real=0.05 secs] 
356.074: Total time for which application threads were stopped: 0.0500340 seconds, Stopping threads took: 0.0000750 seconds
356.230: Application time: 0.1560250 seconds
356.230: [GC [PSYoungGen: 455683K->83409K(540672K)] 1621536K->1285578K(1874432K), 0.0614520 secs] [Times: user=0.49 sys=0.00, real=0.06 secs] 
356.292: Total time for which application threads were stopped: 0.0616330 seconds, Stopping threads took: 0.0000760 seconds
356.491: Application time: 0.1998040 seconds
356.492: [GC [PSYoungGen: 505809K->39856K(541696K)] 1707978K->1287934K(1875456K), 0.0460580 secs] [Times: user=0.36 sys=0.00, real=0.04 secs] 
356.538: Total time for which application threads were stopped: 0.0462720 seconds, Stopping threads took: 0.0001150 seconds
356.693: Application time: 0.1549860 seconds
356.693: [GC [PSYoungGen: 462256K->101856K(531968K)] 1710334K->1377368K(1865728K), 0.0645860 secs] [Times: user=0.52 sys=0.00, real=0.06 secs] 
356.757: [Full GC [PSYoungGen: 101856K->0K(531968K)] [ParOldGen: 1275511K->158431K(1333760K)] 1377368K->158431K(1865728K) [PSPermGen: 9174K->9174K(21504K)], 0.1966590 secs] [Times: user=1.45 sys=0.00, real=0.20 secs] 
356.954: Total time for which application threads were stopped: 0.2614830 seconds, Stopping threads took: 0.0000860 seconds
357.151: Application time: 0.1965280 seconds
357.151: [GC [PSYoungGen: 413184K->53488K(540160K)] 571615K->211919K(1873920K), 0.0367220 secs] [Times: user=0.29 sys=0.00, real=0.03 secs] 
357.188: Total time for which application threads were stopped: 0.0369260 seconds, Stopping threads took: 0.0000900 seconds
357.342: Application time: 0.1544860 seconds
357.342: [GC [PSYoungGen: 466672K->91132K(537088K)] 625103K->291793K(1870848K), 0.0687490 secs] [Times: user=0.54 sys=0.00, real=0.07 secs] 
357.411: Total time for which application threads were stopped: 0.0689940 seconds, Stopping threads took: 0.0001500 seconds
357.598: Application time: 0.1866070 seconds
357.598: [GC [PSYoungGen: 504316K->59236K(472576K)] 704977K->314692K(1806336K), 0.0570030 secs] [Times: user=0.45 sys=0.00, real=0.06 secs] 
357.655: Total time for which application threads were stopped: 0.0572070 seconds, Stopping threads took: 0.0001030 seconds
357.827: Application time: 0.1718020 seconds
357.827: [GC [PSYoungGen: 472420K->65763K(544768K)] 727876K->365680K(1878528K), 0.0566580 secs] [Times: user=0.45 sys=0.00, real=0.06 secs] 
357.884: Total time for which application threads were stopped: 0.0568600 seconds, Stopping threads took: 0.0000930 seconds
358.064: Application time: 0.1805680 seconds
358.064: [GC [PSYoungGen: 487139K->68911K(490496K)] 787056K->415915K(1824256K), 0.0584890 secs] [Times: user=0.46 sys=0.00, real=0.06 secs] 
358.123: Total time for which application threads were stopped: 0.0586590 seconds, Stopping threads took: 0.0000800 seconds
358.316: Application time: 0.1928920 seconds
358.316: [GC [PSYoungGen: 490287K->54659K(541696K)] 837291K->444865K(1875456K), 0.0517470 secs] [Times: user=0.41 sys=0.00, real=0.05 secs] 
358.368: Total time for which application threads were stopped: 0.0519220 seconds, Stopping threads took: 0.0000810 seconds
358.542: Application time: 0.1747970 seconds
358.543: [GC [PSYoungGen: 482691K->79145K(539136K)] 872897K->509284K(1872896K), 0.0602980 secs] [Times: user=0.48 sys=0.00, real=0.06 secs] 
358.603: Total time for which application threads were stopped: 0.0605160 seconds, Stopping threads took: 0.0001080 seconds
358.799: Application time: 0.1960350 seconds
358.799: [GC [PSYoungGen: 507177K->49483K(554496K)] 937316K->523326K(1888256K), 0.0472900 secs] [Times: user=0.37 sys=0.00, real=0.05 secs] 
358.846: Total time for which application threads were stopped: 0.0474690 seconds, Stopping threads took: 0.0000850 seconds
359.020: Application time: 0.1737490 seconds
359.020: [GC [PSYoungGen: 493387K->88208K(532480K)] 967230K->595393K(1866240K), 0.0597530 secs] [Times: user=0.47 sys=0.00, real=0.06 secs] 
359.080: Total time for which application threads were stopped: 0.0600840 seconds, Stopping threads took: 0.0002230 seconds
359.285: Application time: 0.2048560 seconds
359.285: [GC [PSYoungGen: 532112K->44889K(553472K)] 1039297K->596194K(1887232K), 0.0437950 secs] [Times: user=0.35 sys=0.00, real=0.04 secs] 
359.329: Total time for which application threads were stopped: 0.0439880 seconds, Stopping threads took: 0.0000860 seconds
359.492: Application time: 0.1631810 seconds
359.494: [GC [PSYoungGen: 484185K->97200K(536576K)] 1035490K->679400K(1870336K), 0.0622260 secs] [Times: user=0.49 sys=0.00, real=0.06 secs] 
359.556: Total time for which application threads were stopped: 0.0635960 seconds, Stopping threads took: 0.0012760 seconds
359.759: Application time: 0.2027580 seconds
359.759: [GC [PSYoungGen: 536496K->44848K(547840K)] 1118696K->676774K(1881600K), 0.0479450 secs] [Times: user=0.38 sys=0.00, real=0.05 secs] 
359.807: Total time for which application threads were stopped: 0.0481310 seconds, Stopping threads took: 0.0000890 seconds
359.965: Application time: 0.1584890 seconds
359.965: [GC [PSYoungGen: 472368K->92304K(520192K)] 1104294K->757801K(1853952K), 0.0620400 secs] [Times: user=0.49 sys=0.00, real=0.06 secs] 
360.028: Total time for which application threads were stopped: 0.0622400 seconds, Stopping threads took: 0.0000910 seconds
360.219: Application time: 0.1909830 seconds
360.219: [GC [PSYoungGen: 519824K->54064K(546304K)] 1185321K->773064K(1880064K), 0.0538700 secs] [Times: user=0.43 sys=0.00, real=0.06 secs] 
360.273: Total time for which application threads were stopped: 0.0540440 seconds, Stopping threads took: 0.0000830 seconds
360.439: Application time: 0.1667790 seconds
360.440: [GC [PSYoungGen: 476976K->85594K(543744K)] 1195976K->842913K(1877504K), 0.0623730 secs] [Times: user=0.49 sys=0.00, real=0.07 secs] 
360.502: Total time for which application threads were stopped: 0.0625640 seconds, Stopping threads took: 0.0000960 seconds
360.687: Application time: 0.1846620 seconds
360.687: [GC [PSYoungGen: 508506K->56105K(542720K)] 1265825K->869386K(1876480K), 0.0572740 secs] [Times: user=0.45 sys=0.00, real=0.06 secs] 
360.744: Total time for which application threads were stopped: 0.0574530 seconds, Stopping threads took: 0.0000750 seconds
360.918: Application time: 0.1736190 seconds
360.918: [GC [PSYoungGen: 480553K->76774K(543744K)] 1293834K->929856K(1877504K), 0.0605720 secs] [Times: user=0.48 sys=0.00, real=0.06 secs] 
360.978: Total time for which application threads were stopped: 0.0607560 seconds, Stopping threads took: 0.0000920 seconds
361.165: Application time: 0.1862460 seconds
361.165: [GC [PSYoungGen: 501222K->61830K(541696K)] 1354304K->964155K(1875456K), 0.0572620 secs] [Times: user=0.45 sys=0.00, real=0.06 secs] 
361.222: Total time for which application threads were stopped: 0.0574610 seconds, Stopping threads took: 0.0001070 seconds
361.404: Application time: 0.1822840 seconds
361.405: [GC [PSYoungGen: 492422K->66865K(544256K)] 1394747K->1009569K(1878016K), 0.0558850 secs] [Times: user=0.44 sys=0.00, real=0.05 secs] 
361.461: Total time for which application threads were stopped: 0.0560670 seconds, Stopping threads took: 0.0000770 seconds
361.641: Application time: 0.1806940 seconds
361.641: [GC [PSYoungGen: 497457K->71056K(548864K)] 1440161K->1055440K(1882624K), 0.0574930 secs] [Times: user=0.46 sys=0.00, real=0.06 secs] 
361.699: Total time for which application threads were stopped: 0.0576570 seconds, Stopping threads took: 0.0000710 seconds
361.891: Application time: 0.1918470 seconds
361.891: [GC [PSYoungGen: 514960K->58371K(550400K)] 1499344K->1082068K(1884160K), 0.0511240 secs] [Times: user=0.41 sys=0.00, real=0.05 secs] 
361.942: Total time for which application threads were stopped: 0.0513190 seconds, Stopping threads took: 0.0001000 seconds
362.120: Application time: 0.1779550 seconds
362.120: [GC [PSYoungGen: 502275K->83872K(557568K)] 1525972K->1144817K(1891328K), 0.0606100 secs] [Times: user=0.48 sys=0.00, real=0.06 secs] 
362.181: Total time for which application threads were stopped: 0.0608080 seconds, Stopping threads took: 0.0000950 seconds
362.389: Application time: 0.2079470 seconds
362.389: [GC [PSYoungGen: 536992K->51371K(560128K)] 1597937K->1153799K(1893888K), 0.0482590 secs] [Times: user=0.39 sys=0.00, real=0.05 secs] 
362.437: Total time for which application threads were stopped: 0.0484390 seconds, Stopping threads took: 0.0000830 seconds
362.610: Application time: 0.1733160 seconds
362.614: [GC [PSYoungGen: 504491K->87872K(553984K)] 1606919K->1226185K(1887744K), 0.0614400 secs] [Times: user=0.49 sys=0.00, real=0.06 secs] 
362.675: Total time for which application threads were stopped: 0.0646500 seconds, Stopping threads took: 0.0031170 seconds
362.879: Application time: 0.2036970 seconds
362.879: [GC [PSYoungGen: 535872K->51866K(557568K)] 1674185K->1235080K(1891328K), 0.0498580 secs] [Times: user=0.40 sys=0.00, real=0.05 secs] 
362.929: Total time for which application threads were stopped: 0.0500420 seconds, Stopping threads took: 0.0000800 seconds
363.104: Application time: 0.1752690 seconds
363.104: [GC [PSYoungGen: 499866K->93248K(547328K)] 1683080K->1313383K(1881088K), 0.0659970 secs] [Times: user=0.52 sys=0.00, real=0.07 secs] 
363.170: Total time for which application threads were stopped: 0.0661840 seconds, Stopping threads took: 0.0000930 seconds
363.376: Application time: 0.2055970 seconds
363.376: [GC [PSYoungGen: 532032K->48467K(552960K)] 1752167K->1318430K(1886720K), 0.0516010 secs] [Times: user=0.41 sys=0.00, real=0.05 secs] 
363.428: Total time for which application threads were stopped: 0.0517830 seconds, Stopping threads took: 0.0000880 seconds
363.594: Application time: 0.1664110 seconds
363.594: [GC [PSYoungGen: 487251K->91531K(545280K)] 1757214K->1396874K(1879040K), 0.0648870 secs] [Times: user=0.51 sys=0.00, real=0.06 secs] 
363.659: [Full GC [PSYoungGen: 91531K->0K(545280K)] [ParOldGen: 1305343K->149630K(1333760K)] 1396874K->149630K(1879040K) [PSPermGen: 9174K->9174K(21504K)], 0.1801030 secs] [Times: user=1.32 sys=0.00, real=0.18 secs] 
363.839: Total time for which application threads were stopped: 0.2452590 seconds, Stopping threads took: 0.0000940 seconds
364.034: Application time: 0.1950780 seconds
364.035: [GC [PSYoungGen: 431616K->68224K(500224K)] 581246K->217855K(1833984K), 0.0427630 secs] [Times: user=0.34 sys=0.00, real=0.04 secs] 
364.077: Total time for which application threads were stopped: 0.0429530 seconds, Stopping threads took: 0.0001010 seconds
364.245: Application time: 0.1672780 seconds
364.246: [GC [PSYoungGen: 499840K->82742K(548352K)] 649471K->284553K(1882112K), 0.0690130 secs] [Times: user=0.55 sys=0.00, real=0.07 secs] 
364.315: Total time for which application threads were stopped: 0.0699950 seconds, Stopping threads took: 0.0008780 seconds
364.505: Application time: 0.1900250 seconds
364.505: [GC [PSYoungGen: 517942K->60032K(548864K)] 719753K->313261K(1882624K), 0.0552690 secs] [Times: user=0.43 sys=0.00, real=0.05 secs] 
364.560: Total time for which application threads were stopped: 0.0554720 seconds, Stopping threads took: 0.0001100 seconds
364.746: Application time: 0.1861810 seconds
364.747: [GC [PSYoungGen: 495232K->79850K(552448K)] 748461K->370788K(1886208K), 0.0598630 secs] [Times: user=0.48 sys=0.00, real=0.06 secs] 
364.806: Total time for which application threads were stopped: 0.0600510 seconds, Stopping threads took: 0.0000910 seconds
364.994: Application time: 0.1874990 seconds
364.994: [GC [PSYoungGen: 520682K->62736K(551936K)] 811620K->408022K(1885696K), 0.0585740 secs] [Times: user=0.46 sys=0.00, real=0.06 secs] 
365.053: Total time for which application threads were stopped: 0.0587700 seconds, Stopping threads took: 0.0000940 seconds
365.238: Application time: 0.1854860 seconds
365.238: [GC [PSYoungGen: 503568K->78058K(553984K)] 848854K->460874K(1887744K), 0.0586430 secs] [Times: user=0.46 sys=0.00, real=0.06 secs] 
365.297: Total time for which application threads were stopped: 0.0588410 seconds, Stopping threads took: 0.0001070 seconds
365.483: Application time: 0.1860410 seconds
365.483: [GC [PSYoungGen: 523498K->65310K(552960K)] 906314K->499984K(1886720K), 0.0572960 secs] [Times: user=0.46 sys=0.00, real=0.05 secs] 
365.541: Total time for which application threads were stopped: 0.0574710 seconds, Stopping threads took: 0.0000830 seconds
365.729: Application time: 0.1885450 seconds
365.729: [GC [PSYoungGen: 510750K->76480K(557568K)] 945424K->549438K(1891328K), 0.0584060 secs] [Times: user=0.47 sys=0.00, real=0.06 secs] 
365.788: Total time for which application threads were stopped: 0.0586000 seconds, Stopping threads took: 0.0000880 seconds
365.983: Application time: 0.1948410 seconds
365.986: [GC [PSYoungGen: 529088K->70102K(556032K)] 1002046K->588697K(1889792K), 0.0590390 secs] [Times: user=0.46 sys=0.00, real=0.06 secs] 
366.045: Total time for which application threads were stopped: 0.0621940 seconds, Stopping threads took: 0.0030590 seconds
366.233: Application time: 0.1884890 seconds
366.233: [GC [PSYoungGen: 522710K->76304K(559616K)] 1041305K->639250K(1893376K), 0.0602650 secs] [Times: user=0.47 sys=0.00, real=0.06 secs] 
366.294: Total time for which application threads were stopped: 0.0604690 seconds, Stopping threads took: 0.0000970 seconds
366.495: Application time: 0.2014470 seconds
366.495: [GC [PSYoungGen: 535568K->68176K(559104K)] 1098514K->675985K(1892864K), 0.0564570 secs] [Times: user=0.45 sys=0.00, real=0.06 secs] 
366.552: Total time for which application threads were stopped: 0.0566340 seconds, Stopping threads took: 0.0000860 seconds
366.737: Application time: 0.1855750 seconds
366.738: [GC [PSYoungGen: 527440K->81232K(563200K)] 1135249K->733110K(1896960K), 0.0617790 secs] [Times: user=0.49 sys=0.00, real=0.06 secs] 
366.799: Total time for which application threads were stopped: 0.0619560 seconds, Stopping threads took: 0.0000740 seconds
367.002: Application time: 0.2024240 seconds
367.002: [GC [PSYoungGen: 547152K->68489K(564224K)] 1199030K->766609K(1897984K), 0.0592730 secs] [Times: user=0.46 sys=0.00, real=0.05 secs] 
367.061: Total time for which application threads were stopped: 0.0594400 seconds, Stopping threads took: 0.0000690 seconds
367.254: Application time: 0.1927240 seconds
367.258: [GC [PSYoungGen: 534409K->85232K(566272K)] 1232529K->828443K(1900032K), 0.0658490 secs] [Times: user=0.52 sys=0.00, real=0.07 secs] 
367.324: Total time for which application threads were stopped: 0.0696200 seconds, Stopping threads took: 0.0036590 seconds
367.530: Application time: 0.2067230 seconds
367.530: [GC [PSYoungGen: 554736K->64683K(568320K)] 1297947K->855689K(1902080K), 0.0582470 secs] [Times: user=0.46 sys=0.00, real=0.05 secs] 
367.589: Total time for which application threads were stopped: 0.0584370 seconds, Stopping threads took: 0.0000990 seconds
367.783: Application time: 0.1937690 seconds
367.783: [GC [PSYoungGen: 534187K->86016K(564224K)] 1325193K->916885K(1897984K), 0.0650380 secs] [Times: user=0.50 sys=0.00, real=0.06 secs] 
367.848: Total time for which application threads were stopped: 0.0652200 seconds, Stopping threads took: 0.0000770 seconds
368.056: Application time: 0.2083910 seconds
368.056: [GC [PSYoungGen: 552448K->63898K(566784K)] 1383317K->943007K(1900544K), 0.0571240 secs] [Times: user=0.45 sys=0.00, real=0.06 secs] 
368.113: Total time for which application threads were stopped: 0.0573130 seconds, Stopping threads took: 0.0000940 seconds
368.306: Application time: 0.1921810 seconds
368.306: [GC [PSYoungGen: 530330K->84786K(563712K)] 1409439K->1002562K(1897472K), 0.0631190 secs] [Times: user=0.50 sys=0.00, real=0.06 secs] 
368.369: Total time for which application threads were stopped: 0.0633210 seconds, Stopping threads took: 0.0000930 seconds
368.572: Application time: 0.2032230 seconds
368.574: [GC [PSYoungGen: 549170K->63307K(565760K)] 1466946K->1028547K(1899520K), 0.0568260 secs] [Times: user=0.45 sys=0.00, real=0.06 secs] 
368.631: Total time for which application threads were stopped: 0.0583600 seconds, Stopping threads took: 0.0014380 seconds
368.818: Application time: 0.1876880 seconds
368.818: [GC [PSYoungGen: 527691K->84528K(563712K)] 1492931K->1088626K(1897472K), 0.0627630 secs] [Times: user=0.50 sys=0.00, real=0.06 secs] 
368.881: Total time for which application threads were stopped: 0.0629510 seconds, Stopping threads took: 0.0000790 seconds
369.086: Application time: 0.2052210 seconds
369.087: [GC [PSYoungGen: 547888K->60960K(565248K)] 1551986K->1111823K(1899008K), 0.0543940 secs] [Times: user=0.43 sys=0.00, real=0.05 secs] 
369.141: Total time for which application threads were stopped: 0.0545610 seconds, Stopping threads took: 0.0000740 seconds
369.327: Application time: 0.1857930 seconds
369.327: [GC [PSYoungGen: 524320K->85280K(561664K)] 1575183K->1175559K(1895424K), 0.0633450 secs] [Times: user=0.50 sys=0.00, real=0.07 secs] 
369.390: Total time for which application threads were stopped: 0.0635280 seconds, Stopping threads took: 0.0000720 seconds
369.594: Application time: 0.2034100 seconds
369.594: [GC [PSYoungGen: 545568K->62160K(563712K)] 1635847K->1200656K(1897472K), 0.0563870 secs] [Times: user=0.44 sys=0.00, real=0.06 secs] 
369.650: Total time for which application threads were stopped: 0.0565680 seconds, Stopping threads took: 0.0000870 seconds
369.838: Application time: 0.1881090 seconds
369.839: [GC [PSYoungGen: 522448K->84247K(562688K)] 1660944K->1262871K(1896448K), 0.0662040 secs] [Times: user=0.52 sys=0.00, real=0.07 secs] 
369.905: Total time for which application threads were stopped: 0.0663990 seconds, Stopping threads took: 0.0000880 seconds
370.108: Application time: 0.2030000 seconds
370.110: [GC [PSYoungGen: 544535K->61776K(563712K)] 1723159K->1289642K(1897472K), 0.0587290 secs] [Times: user=0.46 sys=0.00, real=0.05 secs] 
370.168: Total time for which application threads were stopped: 0.0606550 seconds, Stopping threads took: 0.0018300 seconds
370.358: Application time: 0.1899550 seconds
370.359: [GC [PSYoungGen: 522064K->84670K(561152K)] 1749930K->1352011K(1894912K), 0.0646530 secs] [Times: user=0.50 sys=0.00, real=0.07 secs] 
370.423: Total time for which application threads were stopped: 0.0648660 seconds, Stopping threads took: 0.0001080 seconds
370.629: Application time: 0.2055220 seconds
370.629: [GC [PSYoungGen: 542910K->61954K(562688K)] 1810251K->1378412K(1896448K), 0.0576560 secs] [Times: user=0.46 sys=0.00, real=0.06 secs] 
370.687: [Full GC [PSYoungGen: 61954K->0K(562688K)] [ParOldGen: 1316458K->135634K(1333760K)] 1378412K->135634K(1896448K) [PSPermGen: 9174K->9174K(21504K)], 0.1658210 secs] [Times: user=1.20 sys=0.00, real=0.17 secs] 
370.852: Total time for which application threads were stopped: 0.2237080 seconds, Stopping threads took: 0.0000650 seconds
371.040: Application time: 0.1878280 seconds
371.040: [GC [PSYoungGen: 458240K->87977K(558592K)] 593874K->223611K(1892352K), 0.0477920 secs] [Times: user=0.38 sys=0.00, real=0.05 secs] 
371.088: Total time for which application threads were stopped: 0.0479980 seconds, Stopping threads took: 0.0000970 seconds
371.290: Application time: 0.2017660 seconds
371.290: [GC [PSYoungGen: 543145K->62267K(561152K)] 678779K->254157K(1894912K), 0.0602630 secs] [Times: user=0.48 sys=0.00, real=0.06 secs] 
371.351: Total time for which application threads were stopped: 0.0604610 seconds, Stopping threads took: 0.0001010 seconds
371.539: Application time: 0.1887990 seconds
371.540: [GC [PSYoungGen: 517435K->76976K(556032K)] 709325K->309641K(1889792K), 0.0584570 secs] [Times: user=0.46 sys=0.00, real=0.06 secs] 
371.599: Total time for which application threads were stopped: 0.0596200 seconds, Stopping threads took: 0.0010740 seconds
371.795: Application time: 0.1955990 seconds
371.795: [GC [PSYoungGen: 533168K->62887K(559104K)] 765833K->341962K(1892864K), 0.0541200 secs] [Times: user=0.43 sys=0.00, real=0.05 secs] 
371.849: Total time for which application threads were stopped: 0.0543140 seconds, Stopping threads took: 0.0000910 seconds
372.041: Application time: 0.1923060 seconds
372.041: [GC [PSYoungGen: 519079K->75569K(560128K)] 798154K->391583K(1893888K), 0.0557030 secs] [Times: user=0.44 sys=0.00, real=0.06 secs] 
372.097: Total time for which application threads were stopped: 0.0558830 seconds, Stopping threads took: 0.0000800 seconds
372.298: Application time: 0.2006920 seconds
372.298: [GC [PSYoungGen: 537905K->63922K(562688K)] 853919K->423744K(1896448K), 0.0542600 secs] [Times: user=0.42 sys=0.00, real=0.06 secs] 
372.352: Total time for which application threads were stopped: 0.0544310 seconds, Stopping threads took: 0.0000650 seconds
372.547: Application time: 0.1947100 seconds
372.547: [GC [PSYoungGen: 526258K->75601K(563712K)] 886080K->469761K(1897472K), 0.0545900 secs] [Times: user=0.43 sys=0.00, real=0.06 secs] 
372.602: Total time for which application threads were stopped: 0.0547560 seconds, Stopping threads took: 0.0000700 seconds
372.809: Application time: 0.2071140 seconds
372.809: [GC [PSYoungGen: 543569K->61632K(565760K)] 937729K->496695K(1899520K), 0.0516440 secs] [Times: user=0.41 sys=0.00, real=0.05 secs] 
372.861: Total time for which application threads were stopped: 0.0518500 seconds, Stopping threads took: 0.0001010 seconds
373.050: Application time: 0.1896470 seconds
373.050: [GC [PSYoungGen: 529600K->78983K(569344K)] 964663K->548327K(1903104K), 0.0558270 secs] [Times: user=0.44 sys=0.00, real=0.05 secs] 
373.106: Total time for which application threads were stopped: 0.0559980 seconds, Stopping threads took: 0.0000750 seconds
373.317: Application time: 0.2106530 seconds
373.317: [GC [PSYoungGen: 551559K->60960K(569856K)] 1020903K->569566K(1903616K), 0.0500180 secs] [Times: user=0.39 sys=0.00, real=0.05 secs] 
373.367: Total time for which application threads were stopped: 0.0502260 seconds, Stopping threads took: 0.0001030 seconds
373.559: Application time: 0.1914780 seconds
373.559: [GC [PSYoungGen: 533536K->80256K(568320K)] 1042142K->625476K(1902080K), 0.0581080 secs] [Times: user=0.46 sys=0.00, real=0.06 secs] 
373.617: Total time for which application threads were stopped: 0.0582960 seconds, Stopping threads took: 0.0000930 seconds
373.826: Application time: 0.2085840 seconds
373.826: [GC [PSYoungGen: 551808K->59040K(569344K)] 1097028K->643418K(1903104K), 0.0494400 secs] [Times: user=0.39 sys=0.00, real=0.05 secs] 
373.875: Total time for which application threads were stopped: 0.0496220 seconds, Stopping threads took: 0.0000730 seconds
374.064: Application time: 0.1886240 seconds
374.064: [GC [PSYoungGen: 530592K->81343K(567808K)] 1114970K->702202K(1901568K), 0.0580080 secs] [Times: user=0.45 sys=0.00, real=0.06 secs] 
374.122: Total time for which application threads were stopped: 0.0582040 seconds, Stopping threads took: 0.0001000 seconds
374.334: Application time: 0.2116360 seconds
374.334: [GC [PSYoungGen: 551871K->56896K(568832K)] 1172730K->710787K(1902592K), 0.0467020 secs] [Times: user=0.36 sys=0.00, real=0.04 secs] 
374.381: Total time for which application threads were stopped: 0.0468730 seconds, Stopping threads took: 0.0000600 seconds
374.570: Application time: 0.1895230 seconds
374.574: [GC [PSYoungGen: 527424K->81724K(565760K)] 1181315K->770462K(1899520K), 0.0570400 secs] [Times: user=0.45 sys=0.00, real=0.06 secs] 
374.631: Total time for which application threads were stopped: 0.0606970 seconds, Stopping threads took: 0.0035620 seconds
374.841: Application time: 0.2099480 seconds
374.842: [GC [PSYoungGen: 549180K->56320K(567296K)] 1237918K->782631K(1901056K), 0.0466210 secs] [Times: user=0.37 sys=0.00, real=0.04 secs] 
374.888: Total time for which application threads were stopped: 0.0476210 seconds, Stopping threads took: 0.0008910 seconds
375.074: Application time: 0.1859860 seconds
375.074: [GC [PSYoungGen: 523776K->81218K(564736K)] 1250087K->842466K(1898496K), 0.0575280 secs] [Times: user=0.45 sys=0.00, real=0.06 secs] 
375.132: Total time for which application threads were stopped: 0.0577110 seconds, Stopping threads took: 0.0000890 seconds
375.340: Application time: 0.2077180 seconds
375.340: [GC [PSYoungGen: 546626K->56496K(566272K)] 1307874K->855083K(1900032K), 0.0465650 secs] [Times: user=0.36 sys=0.00, real=0.05 secs] 
375.387: Total time for which application threads were stopped: 0.0467460 seconds, Stopping threads took: 0.0000900 seconds
375.571: Application time: 0.1841810 seconds
375.571: [GC [PSYoungGen: 521904K->79290K(565760K)] 1320491K->912170K(1899520K), 0.0562710 secs] [Times: user=0.45 sys=0.00, real=0.05 secs] 
375.627: Total time for which application threads were stopped: 0.0564880 seconds, Stopping threads took: 0.0001100 seconds
375.837: Application time: 0.2093670 seconds
375.837: [GC [PSYoungGen: 544698K->57616K(523264K)] 1377578K->926780K(1857024K), 0.0474690 secs] [Times: user=0.38 sys=0.00, real=0.05 secs] 
375.884: Total time for which application threads were stopped: 0.0476590 seconds, Stopping threads took: 0.0000970 seconds
376.071: Application time: 0.1865670 seconds
376.071: [GC [PSYoungGen: 523024K->75851K(566272K)] 1392188K->978737K(1900032K), 0.0552790 secs] [Times: user=0.42 sys=0.01, real=0.05 secs] 
376.126: Total time for which application threads were stopped: 0.0554430 seconds, Stopping threads took: 0.0000700 seconds
376.338: Application time: 0.2114460 seconds
376.338: [GC [PSYoungGen: 542283K->58000K(565760K)] 1445169K->996347K(1899520K), 0.0474830 secs] [Times: user=0.38 sys=0.00, real=0.05 secs] 
376.387: Total time for which application threads were stopped: 0.0491710 seconds, Stopping threads took: 0.0000930 seconds
376.577: Application time: 0.1902690 seconds
376.577: [GC [PSYoungGen: 524432K->72597K(566784K)] 1462779K->1043624K(1900544K), 0.0519850 secs] [Times: user=0.41 sys=0.00, real=0.05 secs] 
376.629: Total time for which application threads were stopped: 0.0521750 seconds, Stopping threads took: 0.0000970 seconds
376.833: Application time: 0.2036210 seconds
376.833: [GC [PSYoungGen: 541589K->58736K(566272K)] 1512616K->1058246K(1900032K), 0.0437590 secs] [Times: user=0.35 sys=0.00, real=0.04 secs] 
376.877: Total time for which application threads were stopped: 0.0439250 seconds, Stopping threads took: 0.0000740 seconds
377.069: Application time: 0.1920190 seconds
377.069: [GC [PSYoungGen: 527718K->70576K(567296K)] 1527229K->1101240K(1901056K), 0.0515010 secs] [Times: user=0.41 sys=0.00, real=0.05 secs] 
377.121: Total time for which application threads were stopped: 0.0517020 seconds, Stopping threads took: 0.0000950 seconds
377.330: Application time: 0.2095940 seconds
377.330: [GC [PSYoungGen: 544176K->59392K(567808K)] 1574840K->1121270K(1901568K), 0.0457340 secs] [Times: user=0.35 sys=0.00, real=0.04 secs] 
377.376: Total time for which application threads were stopped: 0.0459180 seconds, Stopping threads took: 0.0000970 seconds
377.570: Application time: 0.1937010 seconds
377.570: [GC [PSYoungGen: 532992K->75024K(572416K)] 1594870K->1167888K(1906176K), 0.0525430 secs] [Times: user=0.42 sys=0.00, real=0.05 secs] 
377.623: Total time for which application threads were stopped: 0.0527310 seconds, Stopping threads took: 0.0000840 seconds
377.832: Application time: 0.2098800 seconds
377.833: [GC [PSYoungGen: 554256K->59986K(572416K)] 1647120K->1186325K(1906176K), 0.0467770 secs] [Times: user=0.37 sys=0.00, real=0.04 secs] 
377.879: Total time for which application threads were stopped: 0.0469570 seconds, Stopping threads took: 0.0000900 seconds
378.078: Application time: 0.1987590 seconds
378.078: [GC [PSYoungGen: 539218K->74368K(572416K)] 1665557K->1229826K(1906176K), 0.0526710 secs] [Times: user=0.42 sys=0.00, real=0.06 secs] 
378.131: Total time for which application threads were stopped: 0.0528570 seconds, Stopping threads took: 0.0000790 seconds
378.345: Application time: 0.2136600 seconds
378.345: [GC [PSYoungGen: 554624K->61904K(572928K)] 1710082K->1252432K(1906688K), 0.0490210 secs] [Times: user=0.39 sys=0.00, real=0.05 secs] 
378.394: Total time for which application threads were stopped: 0.0492350 seconds, Stopping threads took: 0.0001160 seconds
378.593: Application time: 0.1995680 seconds
378.594: [GC [PSYoungGen: 542160K->77033K(572416K)] 1732688K->1293151K(1906176K), 0.0518960 secs] [Times: user=0.41 sys=0.00, real=0.05 secs] 
378.646: Total time for which application threads were stopped: 0.0521260 seconds, Stopping threads took: 0.0000980 seconds
378.661: Application time: 0.0153120 seconds
378.661: Total time for which application threads were stopped: 0.0001240 seconds, Stopping threads took: 0.0000940 seconds
378.799: Application time: 0.1376000 seconds
378.799: Total time for which application threads were stopped: 0.0001070 seconds, Stopping threads took: 0.0000780 seconds
378.831: Application time: 0.0325960 seconds
378.831: Total time for which application threads were stopped: 0.0001130 seconds, Stopping threads took: 0.0000820 seconds
378.844: Application time: 0.0128750 seconds
378.844: Total time for which application threads were stopped: 0.0000740 seconds, Stopping threads took: 0.0000440 seconds
378.885: Application time: 0.0410880 seconds
378.886: Total time for which application threads were stopped: 0.0000900 seconds, Stopping threads took: 0.0000520 seconds
378.931: Application time: 0.0451050 seconds
378.931: [GC [PSYoungGen: 558313K->19328K(500736K)] 1774431K->1262122K(1834496K), 0.0272880 secs] [Times: user=0.21 sys=0.00, real=0.02 secs] 
378.958: Total time for which application threads were stopped: 0.0274100 seconds, Stopping threads took: 0.0000330 seconds
378.958: Application time: 0.0001100 seconds
378.958: Total time for which application threads were stopped: 0.0000580 seconds, Stopping threads took: 0.0000340 seconds
379.222: Application time: 0.2635830 seconds
379.222: Total time for which application threads were stopped: 0.0000680 seconds, Stopping threads took: 0.0000150 seconds
379.286: Application time: 0.0635980 seconds
379.286: Total time for which application threads were stopped: 0.0000520 seconds, Stopping threads took: 0.0000130 seconds
379.299: Application time: 0.0133690 seconds
379.299: Total time for which application threads were stopped: 0.0002000 seconds, Stopping threads took: 0.0000180 seconds
379.972: Application time: 0.6724370 seconds
379.972: Total time for which application threads were stopped: 0.0000780 seconds, Stopping threads took: 0.0000110 seconds
Heap
 PSYoungGen      total 500736K, used 100780K [0x00000000d7480000, 0x0000000100000000, 0x0000000100000000)
  eden space 481280K, 16% used [0x00000000d7480000,0x00000000dc40b0b8,0x00000000f4a80000)
  from space 19456K, 99% used [0x00000000f4a80000,0x00000000f5d601e0,0x00000000f5d80000)
  to   space 98304K, 0% used [0x00000000fa000000,0x00000000fa000000,0x0000000100000000)
 ParOldGen       total 1333760K, used 1242794K [0x0000000085e00000, 0x00000000d7480000, 0x00000000d7480000)
  object space 1333760K, 93% used [0x0000000085e00000,0x00000000d1baa978,0x00000000d7480000)
 PSPermGen       total 21504K, used 16757K [0x0000000080c00000, 0x0000000082100000, 0x0000000085e00000)
  object space 21504K, 77% used [0x0000000080c00000,0x0000000081c5d530,0x0000000082100000)
379.972: Application time: 0.0001530 seconds
