Java HotSpot(TM) 64-Bit Server VM (24.80-b11) for linux-amd64 JRE (1.7.0_80-b15), built on Apr 10 2015 19:53:14 by "java_re" with gcc 4.3.0 20080428 (Red Hat 4.3.0-8)
Memory: 4k page, physical 8000092k(6298620k free), swap 8218620k(8218620k free)
CommandLine flags: -XX:InitialHeapSize=128001472 -XX:MaxHeapSize=2048023552 -XX:+PrintGC -XX:+PrintGCApplicationConcurrentTime -XX:+PrintGCApplicationStoppedTime -XX:+PrintGCDetails -XX:+PrintGCTimeStamps -XX:+UseCompressedOops -XX:+UseParallelGC 
1.011: Application time: 0.9829030 seconds
1.011: Total time for which application threads were stopped: 0.0000440 seconds, Stopping threads took: 0.0000110 seconds
4.032: Application time: 3.0214320 seconds
4.032: Total time for which application threads were stopped: 0.0000650 seconds, Stopping threads took: 0.0000100 seconds
14.838: Application time: 10.8054290 seconds
14.838: Total time for which application threads were stopped: 0.0000330 seconds, Stopping threads took: 0.0000180 seconds
14.838: Application time: 0.0000630 seconds
14.838: Total time for which application threads were stopped: 0.0000230 seconds, Stopping threads took: 0.0000070 seconds
14.839: Application time: 0.0014170 seconds
14.839: Total time for which application threads were stopped: 0.0000110 seconds, Stopping threads took: 0.0000040 seconds
14.857: Application time: 0.0175680 seconds
14.857: Total time for which application threads were stopped: 0.0000390 seconds, Stopping threads took: 0.0000100 seconds
14.869: Application time: 0.0122050 seconds
14.869: [GC [PSYoungGen: 10481K->3353K(36864K)] 10481K->3361K(119808K), 0.0023080 secs] [Times: user=0.01 sys=0.00, real=0.01 secs] 
14.871: [Full GC [PSYoungGen: 3353K->0K(36864K)] [ParOldGen: 8K->3145K(82944K)] 3361K->3145K(119808K) [PSPermGen: 5075K->5074K(21504K)], 0.0110450 secs] [Times: user=0.03 sys=0.01, real=0.01 secs] 
14.883: Total time for which application threads were stopped: 0.0134790 seconds, Stopping threads took: 0.0000170 seconds
14.883: Application time: 0.0000570 seconds
14.883: [GC [PSYoungGen: 0K->0K(36864K)] 3145K->3145K(119808K), 0.0003100 secs] [Times: user=0.00 sys=0.00, real=0.00 secs] 
14.883: [Full GC [PSYoungGen: 0K->0K(36864K)] [ParOldGen: 3145K->3145K(82944K)] 3145K->3145K(119808K) [PSPermGen: 5074K->5074K(21504K)], 0.0041700 secs] [Times: user=0.01 sys=0.01, real=0.00 secs] 
14.887: Total time for which application threads were stopped: 0.0045840 seconds, Stopping threads took: 0.0000160 seconds
14.887: Application time: 0.0000770 seconds
14.887: Total time for which application threads were stopped: 0.0000260 seconds, Stopping threads took: 0.0000170 seconds
14.887: Application time: 0.0000120 seconds
14.887: Total time for which application threads were stopped: 0.0000150 seconds, Stopping threads took: 0.0000100 seconds
14.887: Application time: 0.0000110 seconds
14.887: Total time for which application threads were stopped: 0.0000160 seconds, Stopping threads took: 0.0000120 seconds
14.887: Application time: 0.0000100 seconds
14.887: Total time for which application threads were stopped: 0.0000160 seconds, Stopping threads took: 0.0000120 seconds
14.887: Application time: 0.0000110 seconds
14.887: Total time for which application threads were stopped: 0.0000140 seconds, Stopping threads took: 0.0000100 seconds
14.887: Application time: 0.0000100 seconds
14.887: Total time for which application threads were stopped: 0.0000170 seconds, Stopping threads took: 0.0000120 seconds
14.887: Application time: 0.0000100 seconds
14.887: Total time for which application threads were stopped: 0.0000090 seconds, Stopping threads took: 0.0000050 seconds
14.888: Application time: 0.0000100 seconds
14.888: Total time for which application threads were stopped: 0.0000160 seconds, Stopping threads took: 0.0000110 seconds
14.888: Application time: 0.0000180 seconds
14.888: Total time for which application threads were stopped: 0.0000150 seconds, Stopping threads took: 0.0000100 seconds
14.888: Application time: 0.0000100 seconds
14.888: Total time for which application threads were stopped: 0.0000150 seconds, Stopping threads took: 0.0000110 seconds
14.888: Application time: 0.0000130 seconds
14.888: Total time for which application threads were stopped: 0.0000170 seconds, Stopping threads took: 0.0000130 seconds
14.888: Application time: 0.0000110 seconds
14.888: Total time for which application threads were stopped: 0.0000150 seconds, Stopping threads took: 0.0000110 seconds
14.888: Application time: 0.0000120 seconds
14.888: Total time for which application threads were stopped: 0.0000160 seconds, Stopping threads took: 0.0000120 seconds
14.888: Application time: 0.0000110 seconds
14.888: Total time for which application threads were stopped: 0.0000260 seconds, Stopping threads took: 0.0000210 seconds
14.888: Application time: 0.0000120 seconds
14.888: Total time for which application threads were stopped: 0.0000140 seconds, Stopping threads took: 0.0000100 seconds
14.888: Application time: 0.0000120 seconds
14.888: Total time for which application threads were stopped: 0.0000140 seconds, Stopping threads took: 0.0000100 seconds
14.888: Application time: 0.0000120 seconds
14.888: Total time for which application threads were stopped: 0.0000160 seconds, Stopping threads took: 0.0000120 seconds
14.888: Application time: 0.0000260 seconds
14.888: Total time for which application threads were stopped: 0.0000140 seconds, Stopping threads took: 0.0000100 seconds
14.888: Application time: 0.0000130 seconds
14.888: Total time for which application threads were stopped: 0.0000130 seconds, Stopping threads took: 0.0000090 seconds
14.888: Application time: 0.0000440 seconds
14.888: Total time for which application threads were stopped: 0.0000200 seconds, Stopping threads took: 0.0000090 seconds
14.888: Application time: 0.0004310 seconds
14.888: Total time for which application threads were stopped: 0.0000220 seconds, Stopping threads took: 0.0000120 seconds
14.917: Application time: 0.0281300 seconds
14.917: Total time for which application threads were stopped: 0.0000440 seconds, Stopping threads took: 0.0000290 seconds
14.917: Application time: 0.0001620 seconds
14.917: Total time for which application threads were stopped: 0.0000730 seconds, Stopping threads took: 0.0000560 seconds
14.918: Application time: 0.0008870 seconds
14.918: Total time for which application threads were stopped: 0.0000290 seconds, Stopping threads took: 0.0000200 seconds
14.920: Application time: 0.0019440 seconds
14.920: Total time for which application threads were stopped: 0.0000240 seconds, Stopping threads took: 0.0000140 seconds
14.920: Application time: 0.0002060 seconds
14.920: Total time for which application threads were stopped: 0.0000140 seconds, Stopping threads took: 0.0000080 seconds
14.922: Application time: 0.0016350 seconds
14.922: Total time for which application threads were stopped: 0.0000580 seconds, Stopping threads took: 0.0000150 seconds
14.922: Application time: 0.0005540 seconds
14.922: Total time for which application threads were stopped: 0.0000250 seconds, Stopping threads took: 0.0000190 seconds
14.926: Application time: 0.0036620 seconds
14.926: Total time for which application threads were stopped: 0.0000650 seconds, Stopping threads took: 0.0000450 seconds
14.927: Application time: 0.0009840 seconds
14.927: Total time for which application threads were stopped: 0.0000300 seconds, Stopping threads took: 0.0000230 seconds
14.927: Application time: 0.0004460 seconds
14.927: Total time for which application threads were stopped: 0.0000740 seconds, Stopping threads took: 0.0000070 seconds
14.931: Application time: 0.0036140 seconds
14.931: Total time for which application threads were stopped: 0.0000550 seconds, Stopping threads took: 0.0000380 seconds
14.931: Application time: 0.0000290 seconds
14.931: Total time for which application threads were stopped: 0.0000310 seconds, Stopping threads took: 0.0000210 seconds
14.931: Application time: 0.0000460 seconds
14.931: Total time for which application threads were stopped: 0.0000160 seconds, Stopping threads took: 0.0000070 seconds
14.931: Application time: 0.0000210 seconds
14.931: Total time for which application threads were stopped: 0.0000450 seconds, Stopping threads took: 0.0000330 seconds
14.931: Application time: 0.0000210 seconds
14.931: Total time for which application threads were stopped: 0.0000150 seconds, Stopping threads took: 0.0000070 seconds
15.068: Application time: 0.1367080 seconds
15.068: [GC [PSYoungGen: 31663K->5088K(36864K)] 34809K->12206K(119808K), 0.0031830 secs] [Times: user=0.02 sys=0.00, real=0.01 secs] 
15.071: Total time for which application threads were stopped: 0.0033790 seconds, Stopping threads took: 0.0000730 seconds
15.097: Application time: 0.0251450 seconds
15.097: Total time for which application threads were stopped: 0.0005560 seconds, Stopping threads took: 0.0005270 seconds
15.097: Application time: 0.0000210 seconds
15.097: Total time for which application threads were stopped: 0.0000350 seconds, Stopping threads took: 0.0000280 seconds
15.097: Application time: 0.0000190 seconds
15.097: Total time for which application threads were stopped: 0.0000350 seconds, Stopping threads took: 0.0000270 seconds
15.097: Application time: 0.0000140 seconds
15.097: Total time for which application threads were stopped: 0.0000400 seconds, Stopping threads took: 0.0000290 seconds
15.097: Application time: 0.0000190 seconds
15.097: Total time for which application threads were stopped: 0.0000460 seconds, Stopping threads took: 0.0000320 seconds
15.097: Application time: 0.0000200 seconds
15.097: Total time for which application threads were stopped: 0.0000360 seconds, Stopping threads took: 0.0000260 seconds
15.097: Application time: 0.0000140 seconds
15.097: Total time for which application threads were stopped: 0.0000310 seconds, Stopping threads took: 0.0000240 seconds
15.098: Application time: 0.0000150 seconds
15.098: Total time for which application threads were stopped: 0.0000250 seconds, Stopping threads took: 0.0000160 seconds
15.098: Application time: 0.0000150 seconds
15.098: Total time for which application threads were stopped: 0.0000320 seconds, Stopping threads took: 0.0000240 seconds
15.098: Application time: 0.0000160 seconds
15.098: Total time for which application threads were stopped: 0.0000290 seconds, Stopping threads took: 0.0000220 seconds
15.098: Application time: 0.0000160 seconds
15.098: Total time for which application threads were stopped: 0.0000290 seconds, Stopping threads took: 0.0000210 seconds
15.098: Application time: 0.0000130 seconds
15.098: Total time for which application threads were stopped: 0.0000290 seconds, Stopping threads took: 0.0000210 seconds
15.098: Application time: 0.0000140 seconds
15.098: Total time for which application threads were stopped: 0.0000350 seconds, Stopping threads took: 0.0000270 seconds
15.111: Application time: 0.0128280 seconds
15.111: Total time for which application threads were stopped: 0.0003800 seconds, Stopping threads took: 0.0003490 seconds
15.111: Application time: 0.0000340 seconds
15.111: Total time for which application threads were stopped: 0.0000360 seconds, Stopping threads took: 0.0000240 seconds
15.111: Application time: 0.0000140 seconds
15.111: Total time for which application threads were stopped: 0.0000290 seconds, Stopping threads took: 0.0000210 seconds
15.111: Application time: 0.0000110 seconds
15.111: Total time for which application threads were stopped: 0.0000250 seconds, Stopping threads took: 0.0000180 seconds
15.111: Application time: 0.0000110 seconds
15.111: Total time for which application threads were stopped: 0.0000250 seconds, Stopping threads took: 0.0000150 seconds
15.111: Application time: 0.0000190 seconds
15.111: Total time for which application threads were stopped: 0.0000360 seconds, Stopping threads took: 0.0000250 seconds
15.111: Application time: 0.0000130 seconds
15.111: Total time for which application threads were stopped: 0.0000280 seconds, Stopping threads took: 0.0000200 seconds
15.111: Application time: 0.0000130 seconds
15.111: Total time for which application threads were stopped: 0.0000950 seconds, Stopping threads took: 0.0000210 seconds
15.114: Application time: 0.0030850 seconds
15.115: [GC [PSYoungGen: 33797K->5072K(68608K)] 40916K->25854K(151552K), 0.0055890 secs] [Times: user=0.03 sys=0.01, real=0.00 secs] 
15.120: Total time for which application threads were stopped: 0.0057410 seconds, Stopping threads took: 0.0000400 seconds
15.179: Application time: 0.0583950 seconds
15.179: [GC [PSYoungGen: 68560K->5056K(68608K)] 89342K->60974K(151552K), 0.0105770 secs] [Times: user=0.06 sys=0.02, real=0.01 secs] 
15.189: [Full GC [PSYoungGen: 5056K->0K(68608K)] [ParOldGen: 55918K->42102K(118784K)] 60974K->42102K(187392K) [PSPermGen: 5813K->5792K(21504K)], 0.0187530 secs] [Times: user=0.11 sys=0.00, real=0.02 secs] 
15.208: Total time for which application threads were stopped: 0.0295660 seconds, Stopping threads took: 0.0000740 seconds
15.235: Application time: 0.0268680 seconds
15.235: [GC [PSYoungGen: 58636K->224K(106496K)] 100739K->81367K(225280K), 0.0104370 secs] [Times: user=0.07 sys=0.02, real=0.01 secs] 
15.246: [Full GC [PSYoungGen: 224K->0K(106496K)] [ParOldGen: 81143K->61622K(177152K)] 81367K->61622K(283648K) [PSPermGen: 5796K->5796K(21504K)], 0.0144470 secs] [Times: user=0.09 sys=0.00, real=0.01 secs] 
15.260: Total time for which application threads were stopped: 0.0251110 seconds, Stopping threads took: 0.0000690 seconds
15.289: Application time: 0.0290620 seconds
15.291: [GC [PSYoungGen: 96985K->192K(127488K)] 158608K->132086K(304640K), 0.0180870 secs] [Times: user=0.12 sys=0.03, real=0.01 secs] 
15.309: [Full GC [PSYoungGen: 192K->0K(127488K)] [ParOldGen: 131894K->96759K(260608K)] 132086K->96759K(388096K) [PSPermGen: 5796K->5796K(21504K)], 0.0241470 secs] [Times: user=0.16 sys=0.00, real=0.03 secs] 
15.333: Total time for which application threads were stopped: 0.0436770 seconds, Stopping threads took: 0.0013080 seconds
15.389: Application time: 0.0558810 seconds
15.389: [GC [PSYoungGen: 122368K->224K(167424K)] 219127K->159447K(428032K), 0.0154590 secs] [Times: user=0.10 sys=0.02, real=0.02 secs] 
15.404: Total time for which application threads were stopped: 0.0156520 seconds, Stopping threads took: 0.0001040 seconds
15.434: Application time: 0.0293790 seconds
15.444: [GC [PSYoungGen: 147403K->160K(167424K)] 306626K->284311K(459776K), 0.0341140 secs] [Times: user=0.19 sys=0.08, real=0.03 secs] 
15.478: [Full GC [PSYoungGen: 160K->0K(167424K)] [ParOldGen: 284151K->190465K(428032K)] 284311K->190465K(595456K) [PSPermGen: 5806K->5806K(21504K)], 0.0451170 secs] [Times: user=0.31 sys=0.01, real=0.05 secs] 
15.524: Total time for which application threads were stopped: 0.0898340 seconds, Stopping threads took: 0.0104510 seconds
15.558: Application time: 0.0341880 seconds
15.558: Total time for which application threads were stopped: 0.0001070 seconds, Stopping threads took: 0.0000800 seconds
15.560: Application time: 0.0015940 seconds
15.560: Total time for which application threads were stopped: 0.0000580 seconds, Stopping threads took: 0.0000450 seconds
15.561: Application time: 0.0016890 seconds
15.561: Total time for which application threads were stopped: 0.0000680 seconds, Stopping threads took: 0.0000450 seconds
15.562: Application time: 0.0005390 seconds
15.562: Total time for which application threads were stopped: 0.0000640 seconds, Stopping threads took: 0.0000460 seconds
15.562: Application time: 0.0000760 seconds
15.562: Total time for which application threads were stopped: 0.0000560 seconds, Stopping threads took: 0.0000410 seconds
15.567: Application time: 0.0048790 seconds
15.567: [GC [PSYoungGen: 157696K->352K(248320K)] 348161K->315745K(676352K), 0.0292170 secs] [Times: user=0.20 sys=0.02, real=0.03 secs] 
15.596: [Full GC [PSYoungGen: 352K->0K(248320K)] [ParOldGen: 315393K->253143K(542208K)] 315745K->253143K(790528K) [PSPermGen: 5859K->5856K(21504K)], 0.0553880 secs] [Times: user=0.40 sys=0.01, real=0.06 secs] 
15.652: Total time for which application threads were stopped: 0.0847800 seconds, Stopping threads took: 0.0000390 seconds
15.935: Application time: 0.2830480 seconds
15.935: [GC [PSYoungGen: 239104K->512K(248320K)] 492247K->253655K(790528K), 0.0017810 secs] [Times: user=0.01 sys=0.00, real=0.00 secs] 
15.937: Total time for which application threads were stopped: 0.0019670 seconds, Stopping threads took: 0.0000760 seconds
16.017: Application time: 0.0805750 seconds
16.017: [GC [PSYoungGen: 239616K->608K(288768K)] 492759K->253751K(830976K), 0.0018720 secs] [Times: user=0.01 sys=0.00, real=0.00 secs] 
16.019: Total time for which application threads were stopped: 0.0020160 seconds, Stopping threads took: 0.0000480 seconds
16.096: Application time: 0.0767560 seconds
16.096: [GC [PSYoungGen: 288352K->544K(296960K)] 541495K->253687K(839168K), 0.0019490 secs] [Times: user=0.01 sys=0.00, real=0.00 secs] 
16.098: Total time for which application threads were stopped: 0.0020780 seconds, Stopping threads took: 0.0000590 seconds
16.173: Application time: 0.0750940 seconds
16.173: [GC [PSYoungGen: 288800K->544K(331776K)] 541943K->253687K(873984K), 0.0017500 secs] [Times: user=0.01 sys=0.00, real=0.00 secs] 
16.175: Total time for which application threads were stopped: 0.0019030 seconds, Stopping threads took: 0.0000820 seconds
16.272: Application time: 0.0970500 seconds
16.272: [GC [PSYoungGen: 331296K->320K(338944K)] 584439K->253471K(881152K), 0.0017500 secs] [Times: user=0.01 sys=0.01, real=0.00 secs] 
16.274: Total time for which application threads were stopped: 0.0019350 seconds, Stopping threads took: 0.0000890 seconds
16.466: Application time: 0.1914220 seconds
16.466: [GC [PSYoungGen: 331584K->288K(365056K)] 584735K->253439K(907264K), 0.0018160 secs] [Times: user=0.01 sys=0.00, real=0.00 secs] 
16.468: Total time for which application threads were stopped: 0.0020280 seconds, Stopping threads took: 0.0001250 seconds
16.606: Application time: 0.1385580 seconds
16.606: [GC [PSYoungGen: 364832K->672K(372224K)] 617983K->253823K(914432K), 0.0016590 secs] [Times: user=0.01 sys=0.00, real=0.00 secs] 
16.608: Total time for which application threads were stopped: 0.0018320 seconds, Stopping threads took: 0.0000790 seconds
16.699: Application time: 0.0912920 seconds
16.699: [GC [PSYoungGen: 365728K->608K(393728K)] 618879K->253759K(935936K), 0.0016990 secs] [Times: user=0.01 sys=0.00, real=0.00 secs] 
16.701: Total time for which application threads were stopped: 0.0018270 seconds, Stopping threads took: 0.0000560 seconds
16.801: Application time: 0.0993640 seconds
16.801: [GC [PSYoungGen: 392288K->672K(397824K)] 645439K->253823K(940032K), 0.0018040 secs] [Times: user=0.02 sys=0.00, real=0.01 secs] 
16.803: Total time for which application threads were stopped: 0.0019920 seconds, Stopping threads took: 0.0000900 seconds
16.912: Application time: 0.1092510 seconds
16.912: [GC [PSYoungGen: 392352K->544K(409600K)] 645503K->253695K(951808K), 0.0016690 secs] [Times: user=0.01 sys=0.00, real=0.00 secs] 
16.914: Total time for which application threads were stopped: 0.0018200 seconds, Stopping threads took: 0.0000490 seconds
17.111: Application time: 0.1976380 seconds
17.111: [GC [PSYoungGen: 407072K->672K(412160K)] 660223K->253823K(954368K), 0.0017260 secs] [Times: user=0.01 sys=0.00, real=0.00 secs] 
17.113: Total time for which application threads were stopped: 0.0018800 seconds, Stopping threads took: 0.0000660 seconds
17.208: Application time: 0.0945860 seconds
17.208: [GC [PSYoungGen: 407200K->608K(422400K)] 660351K->253759K(964608K), 0.0016390 secs] [Times: user=0.02 sys=0.00, real=0.00 secs] 
17.209: Total time for which application threads were stopped: 0.0017480 seconds, Stopping threads took: 0.0000420 seconds
17.305: Application time: 0.0955220 seconds
17.305: [GC [PSYoungGen: 418912K->672K(423424K)] 672063K->253823K(965632K), 0.0016650 secs] [Times: user=0.01 sys=0.00, real=0.00 secs] 
17.307: Total time for which application threads were stopped: 0.0018240 seconds, Stopping threads took: 0.0000910 seconds
17.404: Application time: 0.0968620 seconds
17.404: [GC [PSYoungGen: 418976K->576K(433664K)] 672127K->253727K(975872K), 0.0016510 secs] [Times: user=0.01 sys=0.00, real=0.00 secs] 
17.406: Total time for which application threads were stopped: 0.0018130 seconds, Stopping threads took: 0.0000710 seconds
17.421: Application time: 0.0155650 seconds
17.421: Total time for which application threads were stopped: 0.0001100 seconds, Stopping threads took: 0.0000800 seconds
17.587: Application time: 0.1660590 seconds
17.587: [GC [PSYoungGen: 430144K->592K(434176K)] 683295K->253743K(976384K), 0.0016980 secs] [Times: user=0.01 sys=0.00, real=0.00 secs] 
17.589: Total time for which application threads were stopped: 0.0018470 seconds, Stopping threads took: 0.0000860 seconds
17.712: Application time: 0.1228700 seconds
17.712: [GC [PSYoungGen: 430160K->736K(442880K)] 683311K->253983K(985088K), 0.0017000 secs] [Times: user=0.01 sys=0.00, real=0.00 secs] 
17.714: Total time for which application threads were stopped: 0.0018760 seconds, Stopping threads took: 0.0000960 seconds
17.813: Application time: 0.0989240 seconds
17.813: [GC [PSYoungGen: 440032K->800K(443392K)] 693279K->254055K(985600K), 0.0016390 secs] [Times: user=0.01 sys=0.00, real=0.00 secs] 
17.815: Total time for which application threads were stopped: 0.0017660 seconds, Stopping threads took: 0.0000650 seconds
17.914: Application time: 0.0992800 seconds
17.914: [GC [PSYoungGen: 440096K->816K(450048K)] 693351K->254079K(992256K), 0.0016230 secs] [Times: user=0.01 sys=0.00, real=0.00 secs] 
17.916: Total time for which application threads were stopped: 0.0017740 seconds, Stopping threads took: 0.0000890 seconds
18.088: Application time: 0.1727430 seconds
18.089: [GC [PSYoungGen: 447280K->512K(450048K)] 700543K->253783K(992256K), 0.0016690 secs] [Times: user=0.01 sys=0.00, real=0.00 secs] 
18.090: Total time for which application threads were stopped: 0.0018400 seconds, Stopping threads took: 0.0001020 seconds
18.224: Application time: 0.1333500 seconds
18.224: [GC [PSYoungGen: 446976K->608K(456192K)] 700247K->253895K(998400K), 0.0016630 secs] [Times: user=0.01 sys=0.00, real=0.00 secs] 
18.225: Total time for which application threads were stopped: 0.0018300 seconds, Stopping threads took: 0.0000830 seconds
18.328: Application time: 0.1022100 seconds
18.328: [GC [PSYoungGen: 453728K->768K(456192K)] 707015K->254063K(998400K), 0.0016730 secs] [Times: user=0.01 sys=0.00, real=0.00 secs] 
18.329: Total time for which application threads were stopped: 0.0018430 seconds, Stopping threads took: 0.0000970 seconds
18.432: Application time: 0.1022200 seconds
18.432: [GC [PSYoungGen: 453888K->768K(462848K)] 707183K->254071K(1005056K), 0.0016370 secs] [Times: user=0.01 sys=0.00, real=0.00 secs] 
18.433: Total time for which application threads were stopped: 0.0017490 seconds, Stopping threads took: 0.0000450 seconds
18.619: Application time: 0.1854990 seconds
18.619: [GC [PSYoungGen: 461056K->544K(462848K)] 714359K->253847K(1005056K), 0.0017210 secs] [Times: user=0.01 sys=0.00, real=0.00 secs] 
18.621: Total time for which application threads were stopped: 0.0018860 seconds, Stopping threads took: 0.0000930 seconds
18.747: Application time: 0.1261750 seconds
18.747: [GC [PSYoungGen: 460832K->704K(469504K)] 714135K->254015K(1011712K), 0.0016150 secs] [Times: user=0.01 sys=0.00, real=0.00 secs] 
18.749: Total time for which application threads were stopped: 0.0017620 seconds, Stopping threads took: 0.0000740 seconds
18.854: Application time: 0.1057050 seconds
18.855: [GC [PSYoungGen: 467648K->656K(469504K)] 720959K->253975K(1011712K), 0.0016880 secs] [Times: user=0.01 sys=0.00, real=0.00 secs] 
18.856: Total time for which application threads were stopped: 0.0018810 seconds, Stopping threads took: 0.0001200 seconds
18.961: Application time: 0.1050070 seconds
18.961: [GC [PSYoungGen: 467600K->624K(474112K)] 720919K->253943K(1016320K), 0.0016720 secs] [Times: user=0.01 sys=0.00, real=0.01 secs] 
18.963: Total time for which application threads were stopped: 0.0018150 seconds, Stopping threads took: 0.0000710 seconds
19.169: Application time: 0.2057310 seconds
19.169: [GC [PSYoungGen: 473200K->832K(474624K)] 726519K->254151K(1016832K), 0.0016620 secs] [Times: user=0.01 sys=0.00, real=0.01 secs] 
19.171: Total time for which application threads were stopped: 0.0018050 seconds, Stopping threads took: 0.0000760 seconds
19.281: Application time: 0.1104920 seconds
19.281: [GC [PSYoungGen: 473408K->688K(479744K)] 726727K->254007K(1021952K), 0.0017080 secs] [Times: user=0.01 sys=0.00, real=0.01 secs] 
19.283: Total time for which application threads were stopped: 0.0018460 seconds, Stopping threads took: 0.0000550 seconds
19.391: Application time: 0.1080490 seconds
19.391: [GC [PSYoungGen: 478384K->896K(479744K)] 731703K->254215K(1021952K), 0.0016510 secs] [Times: user=0.01 sys=0.00, real=0.00 secs] 
19.393: Total time for which application threads were stopped: 0.0018000 seconds, Stopping threads took: 0.0000880 seconds
19.505: Application time: 0.1121200 seconds
19.507: [GC [PSYoungGen: 478592K->624K(485376K)] 731911K->253983K(1027584K), 0.0017610 secs] [Times: user=0.01 sys=0.00, real=0.00 secs] 
19.508: Total time for which application threads were stopped: 0.0033910 seconds, Stopping threads took: 0.0015690 seconds
19.716: Application time: 0.2076590 seconds
19.716: [GC [PSYoungGen: 483952K->768K(485376K)] 737311K->254127K(1027584K), 0.0014500 secs] [Times: user=0.01 sys=0.00, real=0.00 secs] 
19.718: Total time for which application threads were stopped: 0.0016270 seconds, Stopping threads took: 0.0001050 seconds
19.827: Application time: 0.1092890 seconds
19.827: [GC [PSYoungGen: 484096K->816K(489472K)] 737455K->254175K(1031680K), 0.0014520 secs] [Times: user=0.01 sys=0.00, real=0.00 secs] 
19.829: Total time for which application threads were stopped: 0.0015590 seconds, Stopping threads took: 0.0000390 seconds
19.939: Application time: 0.1107670 seconds
19.943: [GC [PSYoungGen: 489264K->656K(489984K)] 742623K->254015K(1032192K), 0.0017170 secs] [Times: user=0.01 sys=0.00, real=0.00 secs] 
19.944: Total time for which application threads were stopped: 0.0050510 seconds, Stopping threads took: 0.0032660 seconds
20.102: Application time: 0.1572730 seconds
20.102: [GC [PSYoungGen: 489104K->400K(494080K)] 742463K->253759K(1036288K), 0.0016640 secs] [Times: user=0.01 sys=0.00, real=0.01 secs] 
20.104: Total time for which application threads were stopped: 0.0018410 seconds, Stopping threads took: 0.0001070 seconds
20.270: Application time: 0.1663950 seconds
20.270: [GC [PSYoungGen: 493456K->672K(494592K)] 746815K->254031K(1036800K), 0.0016700 secs] [Times: user=0.01 sys=0.00, real=0.01 secs] 
20.272: Total time for which application threads were stopped: 0.0018080 seconds, Stopping threads took: 0.0000660 seconds
20.383: Application time: 0.1108960 seconds
20.383: [GC [PSYoungGen: 493728K->672K(499200K)] 747087K->254031K(1041408K), 0.0016120 secs] [Times: user=0.01 sys=0.00, real=0.00 secs] 
20.384: Total time for which application threads were stopped: 0.0017480 seconds, Stopping threads took: 0.0000640 seconds
20.497: Application time: 0.1123800 seconds
20.497: [GC [PSYoungGen: 498336K->672K(499200K)] 751695K->254031K(1041408K), 0.0016430 secs] [Times: user=0.01 sys=0.00, real=0.00 secs] 
20.499: Total time for which application threads were stopped: 0.0017870 seconds, Stopping threads took: 0.0000720 seconds
20.710: Application time: 0.2116970 seconds
20.710: [GC [PSYoungGen: 498336K->752K(503296K)] 751695K->254111K(1045504K), 0.0016630 secs] [Times: user=0.02 sys=0.00, real=0.01 secs] 
20.712: Total time for which application threads were stopped: 0.0017960 seconds, Stopping threads took: 0.0000660 seconds
20.829: Application time: 0.1173760 seconds
20.830: [GC [PSYoungGen: 503024K->880K(503808K)] 756383K->254239K(1046016K), 0.0017690 secs] [Times: user=0.01 sys=0.00, real=0.01 secs] 
20.831: Total time for which application threads were stopped: 0.0019450 seconds, Stopping threads took: 0.0001050 seconds
20.945: Application time: 0.1132190 seconds
20.945: [GC [PSYoungGen: 503152K->736K(508928K)] 756511K->254095K(1051136K), 0.0017250 secs] [Times: user=0.01 sys=0.00, real=0.00 secs] 
20.946: Total time for which application threads were stopped: 0.0018720 seconds, Stopping threads took: 0.0000760 seconds
21.085: Application time: 0.1383540 seconds
21.087: [GC [PSYoungGen: 508128K->480K(508928K)] 761487K->253839K(1051136K), 0.0017220 secs] [Times: user=0.01 sys=0.00, real=0.00 secs] 
21.088: Total time for which application threads were stopped: 0.0035690 seconds, Stopping threads took: 0.0017800 seconds
21.283: Application time: 0.1942890 seconds
21.283: [GC [PSYoungGen: 507872K->688K(513024K)] 761231K->254055K(1055232K), 0.0016560 secs] [Times: user=0.01 sys=0.00, real=0.00 secs] 
21.284: Total time for which application threads were stopped: 0.0017810 seconds, Stopping threads took: 0.0000640 seconds
21.399: Application time: 0.1148580 seconds
21.399: [GC [PSYoungGen: 512688K->720K(513536K)] 766055K->254087K(1055744K), 0.0016250 secs] [Times: user=0.01 sys=0.00, real=0.00 secs] 
21.401: Total time for which application threads were stopped: 0.0017670 seconds, Stopping threads took: 0.0000760 seconds
21.516: Application time: 0.1150480 seconds
21.516: [GC [PSYoungGen: 512720K->736K(518144K)] 766087K->254103K(1060352K), 0.0016470 secs] [Times: user=0.01 sys=0.00, real=0.00 secs] 
21.518: Total time for which application threads were stopped: 0.0018010 seconds, Stopping threads took: 0.0000800 seconds
21.734: Application time: 0.2160460 seconds
21.734: [GC [PSYoungGen: 517344K->720K(518144K)] 770711K->254087K(1060352K), 0.0017150 secs] [Times: user=0.01 sys=0.00, real=0.00 secs] 
21.736: Total time for which application threads were stopped: 0.0018730 seconds, Stopping threads took: 0.0000890 seconds
21.856: Application time: 0.1203650 seconds
21.856: [GC [PSYoungGen: 517328K->752K(522752K)] 770695K->254119K(1064960K), 0.0014560 secs] [Times: user=0.01 sys=0.00, real=0.00 secs] 
21.858: Total time for which application threads were stopped: 0.0015800 seconds, Stopping threads took: 0.0000630 seconds
21.975: Application time: 0.1176440 seconds
21.976: [GC [PSYoungGen: 521968K->768K(522752K)] 775335K->254135K(1064960K), 0.0016430 secs] [Times: user=0.01 sys=0.00, real=0.00 secs] 
21.977: Total time for which application threads were stopped: 0.0017710 seconds, Stopping threads took: 0.0000650 seconds
22.140: Application time: 0.1631000 seconds
22.140: [GC [PSYoungGen: 521984K->464K(526336K)] 775351K->253831K(1068544K), 0.0016030 secs] [Times: user=0.01 sys=0.00, real=0.00 secs] 
22.142: Total time for which application threads were stopped: 0.0017570 seconds, Stopping threads took: 0.0000820 seconds
22.319: Application time: 0.1768500 seconds
22.319: [GC [PSYoungGen: 525776K->800K(526848K)] 779143K->254167K(1069056K), 0.0016820 secs] [Times: user=0.01 sys=0.00, real=0.00 secs] 
22.321: Total time for which application threads were stopped: 0.0018280 seconds, Stopping threads took: 0.0000770 seconds
22.439: Application time: 0.1181670 seconds
22.439: [GC [PSYoungGen: 526112K->752K(530944K)] 779479K->254119K(1073152K), 0.0016240 secs] [Times: user=0.01 sys=0.00, real=0.00 secs] 
22.441: Total time for which application threads were stopped: 0.0017700 seconds, Stopping threads took: 0.0000850 seconds
22.563: Application time: 0.1220270 seconds
22.563: [GC [PSYoungGen: 530672K->560K(530944K)] 784039K->253927K(1073152K), 0.0016470 secs] [Times: user=0.01 sys=0.00, real=0.00 secs] 
22.565: Total time for which application threads were stopped: 0.0018130 seconds, Stopping threads took: 0.0000990 seconds
22.785: Application time: 0.2203530 seconds
22.785: [GC [PSYoungGen: 530480K->656K(535040K)] 783847K->254023K(1077248K), 0.0016290 secs] [Times: user=0.01 sys=0.00, real=0.00 secs] 
22.787: Total time for which application threads were stopped: 0.0017720 seconds, Stopping threads took: 0.0000700 seconds
22.908: Application time: 0.1217590 seconds
22.909: [GC [PSYoungGen: 534672K->640K(535552K)] 788039K->254015K(1077760K), 0.0016370 secs] [Times: user=0.01 sys=0.00, real=0.00 secs] 
22.910: Total time for which application threads were stopped: 0.0017490 seconds, Stopping threads took: 0.0000500 seconds
23.030: Application time: 0.1202630 seconds
23.031: [GC [PSYoungGen: 535168K->752K(539648K)] 788543K->254127K(1081856K), 0.0017810 secs] [Times: user=0.01 sys=0.00, real=0.00 secs] 
23.032: Total time for which application threads were stopped: 0.0019120 seconds, Stopping threads took: 0.0000510 seconds
23.248: Application time: 0.2155480 seconds
23.248: [GC [PSYoungGen: 539376K->592K(539648K)] 792751K->253967K(1081856K), 0.0016720 secs] [Times: user=0.01 sys=0.00, real=0.00 secs] 
23.250: Total time for which application threads were stopped: 0.0017910 seconds, Stopping threads took: 0.0000470 seconds
23.380: Application time: 0.1299200 seconds
23.380: [GC [PSYoungGen: 539216K->704K(543744K)] 792591K->254079K(1085952K), 0.0017290 secs] [Times: user=0.01 sys=0.00, real=0.00 secs] 
23.381: Total time for which application threads were stopped: 0.0018530 seconds, Stopping threads took: 0.0000400 seconds
23.504: Application time: 0.1229770 seconds
23.505: [GC [PSYoungGen: 543424K->720K(543744K)] 796799K->254095K(1085952K), 0.0016700 secs] [Times: user=0.01 sys=0.00, real=0.00 secs] 
23.506: Total time for which application threads were stopped: 0.0018220 seconds, Stopping threads took: 0.0000800 seconds
23.679: Application time: 0.1728410 seconds
23.679: [GC [PSYoungGen: 543440K->416K(548352K)] 796815K->253791K(1090560K), 0.0016610 secs] [Times: user=0.01 sys=0.00, real=0.00 secs] 
23.681: Total time for which application threads were stopped: 0.0018280 seconds, Stopping threads took: 0.0000960 seconds
23.858: Application time: 0.1766180 seconds
23.858: [GC [PSYoungGen: 547744K->688K(548352K)] 801119K->254063K(1090560K), 0.0016700 secs] [Times: user=0.01 sys=0.00, real=0.00 secs] 
23.859: Total time for which application threads were stopped: 0.0018150 seconds, Stopping threads took: 0.0000810 seconds
23.983: Application time: 0.1236380 seconds
23.983: [GC [PSYoungGen: 548016K->816K(552448K)] 801391K->254199K(1094656K), 0.0016330 secs] [Times: user=0.01 sys=0.00, real=0.00 secs] 
23.985: Total time for which application threads were stopped: 0.0017920 seconds, Stopping threads took: 0.0000860 seconds
24.121: Application time: 0.1357860 seconds
24.121: [GC [PSYoungGen: 552240K->464K(552448K)] 805623K->253847K(1094656K), 0.0016340 secs] [Times: user=0.02 sys=0.00, real=0.00 secs] 
24.122: Total time for which application threads were stopped: 0.0017880 seconds, Stopping threads took: 0.0000880 seconds
24.339: Application time: 0.2169390 seconds
24.339: [GC [PSYoungGen: 551888K->752K(556544K)] 805271K->254135K(1098752K), 0.0016130 secs] [Times: user=0.01 sys=0.00, real=0.00 secs] 
24.341: Total time for which application threads were stopped: 0.0017460 seconds, Stopping threads took: 0.0000700 seconds
24.466: Application time: 0.1253340 seconds
24.467: [GC [PSYoungGen: 556272K->688K(557056K)] 809655K->254079K(1099264K), 0.0017890 secs] [Times: user=0.01 sys=0.00, real=0.00 secs] 
24.468: Total time for which application threads were stopped: 0.0019410 seconds, Stopping threads took: 0.0000890 seconds
24.594: Application time: 0.1261090 seconds
24.595: [GC [PSYoungGen: 556720K->656K(561152K)] 810111K->254047K(1103360K), 0.0016450 secs] [Times: user=0.01 sys=0.00, real=0.00 secs] 
24.596: Total time for which application threads were stopped: 0.0018270 seconds, Stopping threads took: 0.0001000 seconds
24.825: Application time: 0.2282090 seconds
24.825: [GC [PSYoungGen: 560784K->608K(561152K)] 814175K->253999K(1103360K), 0.0016300 secs] [Times: user=0.01 sys=0.00, real=0.00 secs] 
24.826: Total time for which application threads were stopped: 0.0017680 seconds, Stopping threads took: 0.0000760 seconds
24.955: Application time: 0.1284240 seconds
24.955: [GC [PSYoungGen: 560736K->736K(565248K)] 814127K->254127K(1107456K), 0.0016420 secs] [Times: user=0.01 sys=0.00, real=0.00 secs] 
24.957: Total time for which application threads were stopped: 0.0017730 seconds, Stopping threads took: 0.0000670 seconds
25.083: Application time: 0.1268540 seconds
25.083: [GC [PSYoungGen: 564960K->672K(565248K)] 818351K->254063K(1107456K), 0.0016760 secs] [Times: user=0.01 sys=0.00, real=0.00 secs] 
25.085: Total time for which application threads were stopped: 0.0018080 seconds, Stopping threads took: 0.0000620 seconds
25.310: Application time: 0.2250350 seconds
25.310: [GC [PSYoungGen: 564896K->608K(569344K)] 818287K->253999K(1111552K), 0.0016600 secs] [Times: user=0.01 sys=0.00, real=0.01 secs] 
25.312: Total time for which application threads were stopped: 0.0018160 seconds, Stopping threads took: 0.0000800 seconds
25.446: Application time: 0.1337290 seconds
25.446: [GC [PSYoungGen: 568928K->736K(569856K)] 822319K->254127K(1112064K), 0.0016480 secs] [Times: user=0.01 sys=0.00, real=0.00 secs] 
25.448: Total time for which application threads were stopped: 0.0017930 seconds, Stopping threads took: 0.0000810 seconds
25.576: Application time: 0.1288300 seconds
25.577: [GC [PSYoungGen: 569568K->720K(573952K)] 822959K->254111K(1116160K), 0.0017730 secs] [Times: user=0.01 sys=0.00, real=0.00 secs] 
25.578: Total time for which application threads were stopped: 0.0019170 seconds, Stopping threads took: 0.0000730 seconds
25.803: Application time: 0.2245350 seconds
25.803: [GC [PSYoungGen: 573648K->576K(573952K)] 827039K->253967K(1116160K), 0.0016830 secs] [Times: user=0.02 sys=0.00, real=0.00 secs] 
25.805: Total time for which application threads were stopped: 0.0018080 seconds, Stopping threads took: 0.0000550 seconds
25.943: Application time: 0.1383680 seconds
25.943: [GC [PSYoungGen: 573504K->688K(578560K)] 826895K->254079K(1120768K), 0.0017570 secs] [Times: user=0.01 sys=0.00, real=0.00 secs] 
25.945: Total time for which application threads were stopped: 0.0019220 seconds, Stopping threads took: 0.0000850 seconds
26.075: Application time: 0.1304520 seconds
26.076: [GC [PSYoungGen: 578224K->800K(578560K)] 831615K->254199K(1120768K), 0.0014580 secs] [Times: user=0.01 sys=0.00, real=0.00 secs] 
26.077: Total time for which application threads were stopped: 0.0015920 seconds, Stopping threads took: 0.0000700 seconds
26.296: Application time: 0.2192980 seconds
26.296: [GC [PSYoungGen: 578336K->512K(582656K)] 831735K->253911K(1124864K), 0.0014680 secs] [Times: user=0.00 sys=0.00, real=0.00 secs] 
26.298: Total time for which application threads were stopped: 0.0016310 seconds, Stopping threads took: 0.0000960 seconds
26.443: Application time: 0.1451560 seconds
26.443: [GC [PSYoungGen: 582144K->640K(583168K)] 835543K->254039K(1125376K), 0.0016340 secs] [Times: user=0.02 sys=0.00, real=0.00 secs] 
26.445: Total time for which application threads were stopped: 0.0017760 seconds, Stopping threads took: 0.0000790 seconds
26.576: Application time: 0.1311970 seconds
26.576: [GC [PSYoungGen: 582784K->720K(586752K)] 836183K->254119K(1128960K), 0.0016580 secs] [Times: user=0.01 sys=0.00, real=0.00 secs] 
26.578: Total time for which application threads were stopped: 0.0018120 seconds, Stopping threads took: 0.0000810 seconds
26.797: Application time: 0.2192510 seconds
26.797: [GC [PSYoungGen: 586448K->480K(586752K)] 839847K->253879K(1128960K), 0.0016610 secs] [Times: user=0.00 sys=0.00, real=0.00 secs] 
26.799: Total time for which application threads were stopped: 0.0018100 seconds, Stopping threads took: 0.0000790 seconds
26.949: Application time: 0.1496340 seconds
26.949: [GC [PSYoungGen: 586208K->736K(590848K)] 839607K->254135K(1133056K), 0.0017640 secs] [Times: user=0.01 sys=0.00, real=0.00 secs] 
26.950: Total time for which application threads were stopped: 0.0018860 seconds, Stopping threads took: 0.0000580 seconds
27.084: Application time: 0.1330900 seconds
27.084: [GC [PSYoungGen: 590560K->736K(590848K)] 843959K->254135K(1133056K), 0.0016590 secs] [Times: user=0.01 sys=0.00, real=0.00 secs] 
27.085: Total time for which application threads were stopped: 0.0018040 seconds, Stopping threads took: 0.0000670 seconds
27.302: Application time: 0.2171040 seconds
27.303: [GC [PSYoungGen: 590560K->576K(594944K)] 843959K->253975K(1137152K), 0.0014780 secs] [Times: user=0.01 sys=0.00, real=0.00 secs] 
27.304: Total time for which application threads were stopped: 0.0016600 seconds, Stopping threads took: 0.0001130 seconds
27.457: Application time: 0.1526590 seconds
27.457: [GC [PSYoungGen: 594496K->816K(595456K)] 847895K->254215K(1137664K), 0.0016520 secs] [Times: user=0.01 sys=0.00, real=0.00 secs] 
27.459: Total time for which application threads were stopped: 0.0017940 seconds, Stopping threads took: 0.0000720 seconds
27.592: Application time: 0.1337210 seconds
27.592: [GC [PSYoungGen: 595248K->752K(599040K)] 848647K->254151K(1141248K), 0.0016200 secs] [Times: user=0.01 sys=0.00, real=0.00 secs] 
27.594: Total time for which application threads were stopped: 0.0017880 seconds, Stopping threads took: 0.0000900 seconds
27.814: Application time: 0.2196490 seconds
27.814: [GC [PSYoungGen: 598768K->560K(599040K)] 852167K->253967K(1141248K), 0.0016560 secs] [Times: user=0.01 sys=0.00, real=0.00 secs] 
27.816: Total time for which application threads were stopped: 0.0018160 seconds, Stopping threads took: 0.0000940 seconds
27.971: Application time: 0.1549300 seconds
27.971: [GC [PSYoungGen: 598576K->816K(603136K)] 851983K->254223K(1145344K), 0.0016340 secs] [Times: user=0.01 sys=0.00, real=0.00 secs] 
27.972: Total time for which application threads were stopped: 0.0017690 seconds, Stopping threads took: 0.0000720 seconds
28.108: Application time: 0.1359550 seconds
28.108: [GC [PSYoungGen: 602928K->656K(603136K)] 856335K->254063K(1145344K), 0.0016370 secs] [Times: user=0.01 sys=0.00, real=0.00 secs] 
28.110: Total time for which application threads were stopped: 0.0017970 seconds, Stopping threads took: 0.0000840 seconds
28.334: Application time: 0.2242510 seconds
28.334: [GC [PSYoungGen: 602768K->496K(606720K)] 856175K->253903K(1148928K), 0.0016690 secs] [Times: user=0.01 sys=0.00, real=0.00 secs] 
28.336: Total time for which application threads were stopped: 0.0018240 seconds, Stopping threads took: 0.0000890 seconds
28.489: Application time: 0.1532840 seconds
28.490: [GC [PSYoungGen: 606704K->832K(607232K)] 860111K->254239K(1149440K), 0.0016270 secs] [Times: user=0.02 sys=0.00, real=0.01 secs] 
28.491: Total time for which application threads were stopped: 0.0017670 seconds, Stopping threads took: 0.0000780 seconds
28.627: Application time: 0.1361200 seconds
28.628: [GC [PSYoungGen: 607040K->816K(611328K)] 860447K->254223K(1153536K), 0.0016100 secs] [Times: user=0.01 sys=0.00, real=0.00 secs] 
28.629: Total time for which application threads were stopped: 0.0019750 seconds, Stopping threads took: 0.0002720 seconds
28.861: Application time: 0.2318800 seconds
28.861: [GC [PSYoungGen: 611120K->640K(611328K)] 864527K->254047K(1153536K), 0.0014840 secs] [Times: user=0.01 sys=0.00, real=0.01 secs] 
28.863: Total time for which application threads were stopped: 0.0017050 seconds, Stopping threads took: 0.0000860 seconds
29.010: Application time: 0.1475300 seconds
29.011: [GC [PSYoungGen: 610944K->704K(615424K)] 864351K->254111K(1157632K), 0.0014680 secs] [Times: user=0.01 sys=0.01, real=0.00 secs] 
29.012: Total time for which application threads were stopped: 0.0016270 seconds, Stopping threads took: 0.0000870 seconds
29.151: Application time: 0.1385850 seconds
29.151: [GC [PSYoungGen: 615104K->656K(615424K)] 868511K->254063K(1157632K), 0.0014630 secs] [Times: user=0.01 sys=0.00, real=0.00 secs] 
29.152: Total time for which application threads were stopped: 0.0016260 seconds, Stopping threads took: 0.0000910 seconds
29.388: Application time: 0.2354510 seconds
29.388: [GC [PSYoungGen: 615056K->560K(619520K)] 868463K->253975K(1161728K), 0.0015080 secs] [Times: user=0.01 sys=0.00, real=0.00 secs] 
29.389: Total time for which application threads were stopped: 0.0016320 seconds, Stopping threads took: 0.0000630 seconds
29.536: Application time: 0.1464170 seconds
29.536: [GC [PSYoungGen: 619056K->768K(619520K)] 872471K->254183K(1161728K), 0.0016340 secs] [Times: user=0.01 sys=0.00, real=0.00 secs] 
29.538: Total time for which application threads were stopped: 0.0017950 seconds, Stopping threads took: 0.0000980 seconds
29.678: Application time: 0.1404750 seconds
29.678: [GC [PSYoungGen: 619264K->784K(623616K)] 872679K->254199K(1165824K), 0.0016870 secs] [Times: user=0.01 sys=0.01, real=0.00 secs] 
29.680: Total time for which application threads were stopped: 0.0018400 seconds, Stopping threads took: 0.0000780 seconds
29.920: Application time: 0.2401650 seconds
29.920: [GC [PSYoungGen: 623376K->640K(623616K)] 876791K->254055K(1165824K), 0.0016800 secs] [Times: user=0.02 sys=0.00, real=0.00 secs] 
29.922: Total time for which application threads were stopped: 0.0018010 seconds, Stopping threads took: 0.0000560 seconds
30.065: Application time: 0.1436590 seconds
30.066: [GC [PSYoungGen: 623232K->736K(627712K)] 876647K->254151K(1169920K), 0.0016550 secs] [Times: user=0.01 sys=0.00, real=0.00 secs] 
30.067: Total time for which application threads were stopped: 0.0018140 seconds, Stopping threads took: 0.0000910 seconds
30.210: Application time: 0.1431310 seconds
30.211: [GC [PSYoungGen: 627424K->624K(627712K)] 880839K->254039K(1169920K), 0.0016490 secs] [Times: user=0.01 sys=0.00, real=0.00 secs] 
30.212: Total time for which application threads were stopped: 0.0018260 seconds, Stopping threads took: 0.0001000 seconds
30.454: Application time: 0.2415680 seconds
30.454: [GC [PSYoungGen: 627312K->752K(631808K)] 880727K->254167K(1174016K), 0.0016730 secs] [Times: user=0.01 sys=0.01, real=0.00 secs] 
30.456: Total time for which application threads were stopped: 0.0018020 seconds, Stopping threads took: 0.0000660 seconds
30.598: Application time: 0.1420710 seconds
30.598: [GC [PSYoungGen: 631536K->736K(632320K)] 884951K->254151K(1174528K), 0.0016560 secs] [Times: user=0.02 sys=0.00, real=0.00 secs] 
30.600: Total time for which application threads were stopped: 0.0017860 seconds, Stopping threads took: 0.0000610 seconds
30.759: Application time: 0.1592600 seconds
30.759: [GC [PSYoungGen: 632032K->528K(636416K)] 885447K->253943K(1178624K), 0.0015850 secs] [Times: user=0.01 sys=0.00, real=0.00 secs] 
30.761: Total time for which application threads were stopped: 0.0017300 seconds, Stopping threads took: 0.0000720 seconds
30.991: Application time: 0.2305130 seconds
30.991: [GC [PSYoungGen: 635920K->736K(636416K)] 889335K->254159K(1178624K), 0.0016530 secs] [Times: user=0.01 sys=0.00, real=0.00 secs] 
30.993: Total time for which application threads were stopped: 0.0017940 seconds, Stopping threads took: 0.0000730 seconds
31.136: Application time: 0.1430890 seconds
31.136: [GC [PSYoungGen: 636128K->800K(640512K)] 889551K->254223K(1182720K), 0.0016400 secs] [Times: user=0.01 sys=0.00, real=0.00 secs] 
31.138: Total time for which application threads were stopped: 0.0018000 seconds, Stopping threads took: 0.0000910 seconds
31.342: Application time: 0.2042260 seconds
31.342: [GC [PSYoungGen: 640288K->416K(640512K)] 893711K->253839K(1182720K), 0.0017060 secs] [Times: user=0.01 sys=0.00, real=0.01 secs] 
31.344: Total time for which application threads were stopped: 0.0018840 seconds, Stopping threads took: 0.0000960 seconds
31.531: Application time: 0.1874650 seconds
31.531: [GC [PSYoungGen: 639904K->816K(644608K)] 893327K->254239K(1186816K), 0.0017170 secs] [Times: user=0.02 sys=0.00, real=0.00 secs] 
31.533: Total time for which application threads were stopped: 0.0018630 seconds, Stopping threads took: 0.0000810 seconds
31.678: Application time: 0.1451470 seconds
31.678: [GC [PSYoungGen: 644400K->864K(644608K)] 897823K->254287K(1186816K), 0.0016510 secs] [Times: user=0.01 sys=0.00, real=0.00 secs] 
31.680: Total time for which application threads were stopped: 0.0017980 seconds, Stopping threads took: 0.0000830 seconds
31.919: Application time: 0.2387490 seconds
31.919: [GC [PSYoungGen: 644448K->640K(648704K)] 897871K->254063K(1190912K), 0.0017160 secs] [Times: user=0.01 sys=0.00, real=0.00 secs] 
31.921: Total time for which application threads were stopped: 0.0018750 seconds, Stopping threads took: 0.0000820 seconds
32.075: Application time: 0.1545840 seconds
32.075: [GC [PSYoungGen: 648320K->672K(649216K)] 901743K->254095K(1191424K), 0.0016410 secs] [Times: user=0.01 sys=0.00, real=0.00 secs] 
32.077: Total time for which application threads were stopped: 0.0017810 seconds, Stopping threads took: 0.0000750 seconds
32.223: Application time: 0.1457480 seconds
32.223: [GC [PSYoungGen: 648864K->752K(653312K)] 902287K->254175K(1195520K), 0.0016200 secs] [Times: user=0.01 sys=0.00, real=0.00 secs] 
32.225: Total time for which application threads were stopped: 0.0017660 seconds, Stopping threads took: 0.0000770 seconds
32.474: Application time: 0.2490390 seconds
32.474: [GC [PSYoungGen: 653040K->656K(653312K)] 906463K->254079K(1195520K), 0.0016880 secs] [Times: user=0.01 sys=0.00, real=0.00 secs] 
32.476: Total time for which application threads were stopped: 0.0018460 seconds, Stopping threads took: 0.0000770 seconds
32.624: Application time: 0.1486250 seconds
32.624: [GC [PSYoungGen: 652944K->848K(657408K)] 906367K->254279K(1199616K), 0.0016810 secs] [Times: user=0.01 sys=0.00, real=0.00 secs] 
32.626: Total time for which application threads were stopped: 0.0018050 seconds, Stopping threads took: 0.0000520 seconds
32.787: Application time: 0.1606590 seconds
32.787: [GC [PSYoungGen: 657232K->544K(657408K)] 910663K->253975K(1199616K), 0.0016580 secs] [Times: user=0.01 sys=0.00, real=0.00 secs] 
32.788: Total time for which application threads were stopped: 0.0018220 seconds, Stopping threads took: 0.0000970 seconds
33.029: Application time: 0.2403300 seconds
33.029: [GC [PSYoungGen: 656928K->800K(661504K)] 910359K->254231K(1203712K), 0.0016290 secs] [Times: user=0.01 sys=0.00, real=0.01 secs] 
33.031: Total time for which application threads were stopped: 0.0017970 seconds, Stopping threads took: 0.0000970 seconds
33.179: Application time: 0.1487020 seconds
33.179: [GC [PSYoungGen: 661280K->672K(662016K)] 914711K->254103K(1204224K), 0.0016700 secs] [Times: user=0.01 sys=0.00, real=0.00 secs] 
33.181: Total time for which application threads were stopped: 0.0018140 seconds, Stopping threads took: 0.0000730 seconds
33.409: Application time: 0.2283280 seconds
33.410: [GC [PSYoungGen: 661664K->496K(666112K)] 915095K->253927K(1208320K), 0.0016530 secs] [Times: user=0.01 sys=0.00, real=0.01 secs] 
33.411: Total time for which application threads were stopped: 0.0018450 seconds, Stopping threads took: 0.0000900 seconds
33.585: Application time: 0.1740340 seconds
33.585: [GC [PSYoungGen: 665584K->736K(666112K)] 919015K->254175K(1208320K), 0.0016730 secs] [Times: user=0.01 sys=0.00, real=0.00 secs] 
33.587: Total time for which application threads were stopped: 0.0018290 seconds, Stopping threads took: 0.0000770 seconds
33.738: Application time: 0.1509530 seconds
33.738: [GC [PSYoungGen: 665824K->640K(666112K)] 919263K->254079K(1208320K), 0.0016690 secs] [Times: user=0.01 sys=0.00, real=0.00 secs] 
33.740: Total time for which application threads were stopped: 0.0018260 seconds, Stopping threads took: 0.0000850 seconds
33.990: Application time: 0.2504130 seconds
33.990: [GC [PSYoungGen: 665728K->608K(666112K)] 919167K->254047K(1208320K), 0.0015170 secs] [Times: user=0.01 sys=0.00, real=0.01 secs] 
33.992: Total time for which application threads were stopped: 0.0017210 seconds, Stopping threads took: 0.0000860 seconds
34.146: Application time: 0.1540670 seconds
34.146: [GC [PSYoungGen: 665696K->832K(666112K)] 919135K->254287K(1208320K), 0.0015050 secs] [Times: user=0.01 sys=0.00, real=0.00 secs] 
34.148: Total time for which application threads were stopped: 0.0016770 seconds, Stopping threads took: 0.0000940 seconds
34.308: Application time: 0.1606880 seconds
34.309: [GC [PSYoungGen: 665920K->544K(666112K)] 919375K->253999K(1208320K), 0.0017530 secs] [Times: user=0.01 sys=0.00, real=0.00 secs] 
34.310: Total time for which application threads were stopped: 0.0018840 seconds, Stopping threads took: 0.0000680 seconds
34.555: Application time: 0.2442210 seconds
34.555: [GC [PSYoungGen: 665632K->768K(666112K)] 919087K->254223K(1208320K), 0.0017430 secs] [Times: user=0.01 sys=0.00, real=0.00 secs] 
34.557: Total time for which application threads were stopped: 0.0019170 seconds, Stopping threads took: 0.0001030 seconds
34.708: Application time: 0.1510780 seconds
34.708: [GC [PSYoungGen: 665856K->800K(666112K)] 919311K->254255K(1208320K), 0.0016740 secs] [Times: user=0.01 sys=0.00, real=0.00 secs] 
34.709: Total time for which application threads were stopped: 0.0018440 seconds, Stopping threads took: 0.0000900 seconds
34.935: Application time: 0.2257920 seconds
34.935: [GC [PSYoungGen: 665888K->544K(666112K)] 919343K->253999K(1208320K), 0.0016970 secs] [Times: user=0.01 sys=0.00, real=0.00 secs] 
34.937: Total time for which application threads were stopped: 0.0018620 seconds, Stopping threads took: 0.0000960 seconds
35.114: Application time: 0.1770010 seconds
35.114: [GC [PSYoungGen: 665632K->704K(666112K)] 919087K->254159K(1208320K), 0.0016630 secs] [Times: user=0.01 sys=0.00, real=0.00 secs] 
35.116: Total time for which application threads were stopped: 0.0018140 seconds, Stopping threads took: 0.0000780 seconds
35.266: Application time: 0.1501530 seconds
35.266: [GC [PSYoungGen: 665792K->688K(666112K)] 919247K->254143K(1208320K), 0.0016480 secs] [Times: user=0.01 sys=0.00, real=0.00 secs] 
35.268: Total time for which application threads were stopped: 0.0018030 seconds, Stopping threads took: 0.0000820 seconds
35.516: Application time: 0.2480860 seconds
35.516: [GC [PSYoungGen: 665776K->656K(666112K)] 919231K->254111K(1208320K), 0.0016410 secs] [Times: user=0.01 sys=0.00, real=0.00 secs] 
35.518: Total time for which application threads were stopped: 0.0017980 seconds, Stopping threads took: 0.0000950 seconds
35.673: Application time: 0.1551310 seconds
35.673: [GC [PSYoungGen: 665744K->736K(666112K)] 919199K->254199K(1208320K), 0.0016850 secs] [Times: user=0.01 sys=0.00, real=0.00 secs] 
35.675: Total time for which application threads were stopped: 0.0018120 seconds, Stopping threads took: 0.0000570 seconds
35.832: Application time: 0.1575140 seconds
35.832: [GC [PSYoungGen: 665824K->592K(666112K)] 919287K->254071K(1208320K), 0.0016410 secs] [Times: user=0.01 sys=0.00, real=0.00 secs] 
35.834: Total time for which application threads were stopped: 0.0017900 seconds, Stopping threads took: 0.0000740 seconds
36.078: Application time: 0.2444180 seconds
36.079: [GC [PSYoungGen: 665680K->752K(666112K)] 919159K->254231K(1208320K), 0.0016770 secs] [Times: user=0.01 sys=0.00, real=0.00 secs] 
36.080: Total time for which application threads were stopped: 0.0018180 seconds, Stopping threads took: 0.0000750 seconds
36.230: Application time: 0.1493490 seconds
36.230: [GC [PSYoungGen: 665840K->816K(666112K)] 919319K->254295K(1208320K), 0.0016900 secs] [Times: user=0.02 sys=0.00, real=0.01 secs] 
36.231: Total time for which application threads were stopped: 0.0018300 seconds, Stopping threads took: 0.0000670 seconds
36.452: Application time: 0.2202730 seconds
36.452: [GC [PSYoungGen: 665904K->416K(666112K)] 919383K->253895K(1208320K), 0.0016770 secs] [Times: user=0.01 sys=0.00, real=0.00 secs] 
36.454: Total time for which application threads were stopped: 0.0018520 seconds, Stopping threads took: 0.0000910 seconds
36.635: Application time: 0.1809710 seconds
36.635: [GC [PSYoungGen: 665504K->720K(666112K)] 918983K->254199K(1208320K), 0.0016760 secs] [Times: user=0.01 sys=0.00, real=0.00 secs] 
36.636: Total time for which application threads were stopped: 0.0018370 seconds, Stopping threads took: 0.0000920 seconds
36.787: Application time: 0.1507370 seconds
36.787: [GC [PSYoungGen: 665808K->736K(666112K)] 919287K->254215K(1208320K), 0.0016440 secs] [Times: user=0.01 sys=0.00, real=0.00 secs] 
36.789: Total time for which application threads were stopped: 0.0017870 seconds, Stopping threads took: 0.0000730 seconds
37.036: Application time: 0.2469370 seconds
37.036: [GC [PSYoungGen: 665824K->640K(666112K)] 919303K->254119K(1208320K), 0.0016410 secs] [Times: user=0.02 sys=0.00, real=0.00 secs] 
37.038: Total time for which application threads were stopped: 0.0017950 seconds, Stopping threads took: 0.0000730 seconds
37.194: Application time: 0.1558580 seconds
37.194: [GC [PSYoungGen: 665728K->832K(666112K)] 919207K->254319K(1208320K), 0.0016670 secs] [Times: user=0.01 sys=0.00, real=0.00 secs] 
37.195: Total time for which application threads were stopped: 0.0018400 seconds, Stopping threads took: 0.0001080 seconds
37.355: Application time: 0.1599140 seconds
37.355: [GC [PSYoungGen: 665920K->608K(666112K)] 919407K->254103K(1208320K), 0.0017730 secs] [Times: user=0.01 sys=0.00, real=0.00 secs] 
37.357: Total time for which application threads were stopped: 0.0019020 seconds, Stopping threads took: 0.0000590 seconds
37.602: Application time: 0.2443780 seconds
37.602: [GC [PSYoungGen: 665696K->816K(666112K)] 919191K->254311K(1208320K), 0.0016600 secs] [Times: user=0.01 sys=0.00, real=0.01 secs] 
37.603: Total time for which application threads were stopped: 0.0018160 seconds, Stopping threads took: 0.0000800 seconds
37.754: Application time: 0.1510430 seconds
37.755: [GC [PSYoungGen: 665904K->672K(666112K)] 919399K->254167K(1208320K), 0.0017010 secs] [Times: user=0.01 sys=0.00, real=0.00 secs] 
37.756: Total time for which application threads were stopped: 0.0018410 seconds, Stopping threads took: 0.0000710 seconds
37.975: Application time: 0.2188850 seconds
37.975: [GC [PSYoungGen: 665760K->480K(666112K)] 919255K->253975K(1208320K), 0.0016260 secs] [Times: user=0.01 sys=0.00, real=0.00 secs] 
37.977: Total time for which application threads were stopped: 0.0017770 seconds, Stopping threads took: 0.0000790 seconds
38.162: Application time: 0.1851750 seconds
38.162: [GC [PSYoungGen: 665568K->768K(666112K)] 919063K->254263K(1208320K), 0.0016520 secs] [Times: user=0.01 sys=0.00, real=0.01 secs] 
38.164: Total time for which application threads were stopped: 0.0018140 seconds, Stopping threads took: 0.0000890 seconds
38.314: Application time: 0.1503400 seconds
38.314: [GC [PSYoungGen: 665856K->736K(666112K)] 919351K->254231K(1208320K), 0.0016490 secs] [Times: user=0.01 sys=0.00, real=0.00 secs] 
38.316: Total time for which application threads were stopped: 0.0017760 seconds, Stopping threads took: 0.0000640 seconds
38.563: Application time: 0.2472090 seconds
38.563: [GC [PSYoungGen: 665824K->624K(666112K)] 919319K->254119K(1208320K), 0.0015470 secs] [Times: user=0.00 sys=0.00, real=0.00 secs] 
38.565: Total time for which application threads were stopped: 0.0016960 seconds, Stopping threads took: 0.0000770 seconds
38.720: Application time: 0.1552720 seconds
38.720: [GC [PSYoungGen: 665712K->656K(666112K)] 919207K->254159K(1208320K), 0.0016450 secs] [Times: user=0.01 sys=0.00, real=0.00 secs] 
38.722: Total time for which application threads were stopped: 0.0017790 seconds, Stopping threads took: 0.0000580 seconds
38.880: Application time: 0.1583790 seconds
38.881: [GC [PSYoungGen: 665744K->672K(666112K)] 919247K->254183K(1208320K), 0.0016930 secs] [Times: user=0.02 sys=0.00, real=0.00 secs] 
38.882: Total time for which application threads were stopped: 0.0018530 seconds, Stopping threads took: 0.0000890 seconds
39.125: Application time: 0.2432020 seconds
39.126: [GC [PSYoungGen: 665760K->704K(666112K)] 919271K->254215K(1208320K), 0.0017010 secs] [Times: user=0.01 sys=0.00, real=0.00 secs] 
39.127: Total time for which application threads were stopped: 0.0018430 seconds, Stopping threads took: 0.0000760 seconds
39.277: Application time: 0.1500090 seconds
39.277: [GC [PSYoungGen: 665792K->688K(666112K)] 919303K->254199K(1208320K), 0.0016530 secs] [Times: user=0.01 sys=0.00, real=0.00 secs] 
39.279: Total time for which application threads were stopped: 0.0017960 seconds, Stopping threads took: 0.0000690 seconds
39.494: Application time: 0.2146710 seconds
39.494: [GC [PSYoungGen: 665776K->464K(666112K)] 919287K->253975K(1208320K), 0.0017080 secs] [Times: user=0.01 sys=0.00, real=0.00 secs] 
39.496: Total time for which application threads were stopped: 0.0018630 seconds, Stopping threads took: 0.0000810 seconds
39.684: Application time: 0.1878840 seconds
39.684: [GC [PSYoungGen: 665552K->768K(666112K)] 919063K->254279K(1208320K), 0.0016610 secs] [Times: user=0.01 sys=0.00, real=0.00 secs] 
39.685: Total time for which application threads were stopped: 0.0017820 seconds, Stopping threads took: 0.0000580 seconds
39.836: Application time: 0.1507680 seconds
39.836: [GC [PSYoungGen: 665856K->752K(666112K)] 919367K->254263K(1208320K), 0.0016280 secs] [Times: user=0.01 sys=0.01, real=0.00 secs] 
39.838: Total time for which application threads were stopped: 0.0017740 seconds, Stopping threads took: 0.0000640 seconds
40.085: Application time: 0.2473250 seconds
40.085: [GC [PSYoungGen: 665840K->816K(666112K)] 919351K->254327K(1208320K), 0.0016260 secs] [Times: user=0.01 sys=0.00, real=0.00 secs] 
40.087: Total time for which application threads were stopped: 0.0017670 seconds, Stopping threads took: 0.0000780 seconds
40.243: Application time: 0.1562340 seconds
40.243: [GC [PSYoungGen: 665904K->752K(666112K)] 919415K->254271K(1208320K), 0.0016780 secs] [Times: user=0.01 sys=0.00, real=0.00 secs] 
40.245: Total time for which application threads were stopped: 0.0018080 seconds, Stopping threads took: 0.0000650 seconds
40.404: Application time: 0.1592490 seconds
40.404: [GC [PSYoungGen: 665840K->656K(666112K)] 919359K->254183K(1208320K), 0.0016450 secs] [Times: user=0.01 sys=0.00, real=0.00 secs] 
40.406: Total time for which application threads were stopped: 0.0017990 seconds, Stopping threads took: 0.0000780 seconds
40.652: Application time: 0.2460190 seconds
40.652: [GC [PSYoungGen: 665744K->768K(666112K)] 919271K->254295K(1208320K), 0.0016340 secs] [Times: user=0.01 sys=0.00, real=0.00 secs] 
40.654: Total time for which application threads were stopped: 0.0017460 seconds, Stopping threads took: 0.0000520 seconds
40.805: Application time: 0.1511940 seconds
40.805: [GC [PSYoungGen: 665856K->784K(666112K)] 919383K->254311K(1208320K), 0.0014900 secs] [Times: user=0.01 sys=0.00, real=0.00 secs] 
40.807: Total time for which application threads were stopped: 0.0016160 seconds, Stopping threads took: 0.0000560 seconds
41.022: Application time: 0.2156670 seconds
41.022: [GC [PSYoungGen: 665872K->416K(666112K)] 919399K->253943K(1208320K), 0.0016800 secs] [Times: user=0.01 sys=0.00, real=0.01 secs] 
41.024: Total time for which application threads were stopped: 0.0018530 seconds, Stopping threads took: 0.0000910 seconds
41.214: Application time: 0.1893630 seconds
41.214: [GC [PSYoungGen: 665504K->800K(666112K)] 919031K->254327K(1208320K), 0.0017310 secs] [Times: user=0.02 sys=0.00, real=0.00 secs] 
41.215: Total time for which application threads were stopped: 0.0018820 seconds, Stopping threads took: 0.0000820 seconds
41.365: Application time: 0.1499700 seconds
41.366: [GC [PSYoungGen: 665888K->704K(666112K)] 919415K->254231K(1208320K), 0.0017240 secs] [Times: user=0.01 sys=0.00, real=0.00 secs] 
41.367: Total time for which application threads were stopped: 0.0018640 seconds, Stopping threads took: 0.0000660 seconds
41.616: Application time: 0.2491270 seconds
41.617: [GC [PSYoungGen: 665792K->832K(666112K)] 919319K->254359K(1208320K), 0.0017100 secs] [Times: user=0.01 sys=0.00, real=0.00 secs] 
41.618: Total time for which application threads were stopped: 0.0018810 seconds, Stopping threads took: 0.0000870 seconds
41.775: Application time: 0.1568800 seconds
41.775: [GC [PSYoungGen: 665920K->608K(666112K)] 919447K->254143K(1208320K), 0.0017070 secs] [Times: user=0.01 sys=0.00, real=0.00 secs] 
41.777: Total time for which application threads were stopped: 0.0018490 seconds, Stopping threads took: 0.0000730 seconds
41.939: Application time: 0.1617120 seconds
41.939: [GC [PSYoungGen: 665696K->640K(666112K)] 919231K->254183K(1208320K), 0.0016830 secs] [Times: user=0.01 sys=0.00, real=0.00 secs] 
41.941: Total time for which application threads were stopped: 0.0018480 seconds, Stopping threads took: 0.0000950 seconds
42.183: Application time: 0.2420070 seconds
42.183: [GC [PSYoungGen: 665728K->736K(666112K)] 919271K->254279K(1208320K), 0.0016720 secs] [Times: user=0.01 sys=0.00, real=0.00 secs] 
42.184: Total time for which application threads were stopped: 0.0018070 seconds, Stopping threads took: 0.0000510 seconds
42.335: Application time: 0.1502680 seconds
42.335: [GC [PSYoungGen: 665824K->640K(666112K)] 919367K->254183K(1208320K), 0.0016550 secs] [Times: user=0.01 sys=0.00, real=0.00 secs] 
42.336: Total time for which application threads were stopped: 0.0017730 seconds, Stopping threads took: 0.0000440 seconds
42.552: Application time: 0.2155680 seconds
42.552: [GC [PSYoungGen: 665728K->480K(666112K)] 919271K->254023K(1208320K), 0.0016400 secs] [Times: user=0.01 sys=0.00, real=0.00 secs] 
42.554: Total time for which application threads were stopped: 0.0017760 seconds, Stopping threads took: 0.0000740 seconds
42.743: Application time: 0.1893230 seconds
42.743: [GC [PSYoungGen: 665568K->736K(666112K)] 919111K->254279K(1208320K), 0.0016630 secs] [Times: user=0.01 sys=0.00, real=0.00 secs] 
42.745: Total time for which application threads were stopped: 0.0018040 seconds, Stopping threads took: 0.0000670 seconds
42.895: Application time: 0.1503500 seconds
42.895: [GC [PSYoungGen: 665824K->800K(666112K)] 919367K->254343K(1208320K), 0.0016560 secs] [Times: user=0.01 sys=0.00, real=0.00 secs] 
42.897: Total time for which application threads were stopped: 0.0017950 seconds, Stopping threads took: 0.0000690 seconds
43.143: Application time: 0.2462340 seconds
43.143: [GC [PSYoungGen: 665888K->656K(666112K)] 919431K->254199K(1208320K), 0.0016430 secs] [Times: user=0.01 sys=0.00, real=0.00 secs] 
43.145: Total time for which application threads were stopped: 0.0017610 seconds, Stopping threads took: 0.0000570 seconds
43.302: Application time: 0.1571370 seconds
43.302: [GC [PSYoungGen: 665744K->704K(666112K)] 919287K->254255K(1208320K), 0.0016840 secs] [Times: user=0.01 sys=0.00, real=0.01 secs] 
43.304: Total time for which application threads were stopped: 0.0018360 seconds, Stopping threads took: 0.0000680 seconds
43.467: Application time: 0.1631370 seconds
43.467: [GC [PSYoungGen: 665792K->592K(666112K)] 919343K->254151K(1208320K), 0.0017530 secs] [Times: user=0.01 sys=0.00, real=0.00 secs] 
43.469: Total time for which application threads were stopped: 0.0018860 seconds, Stopping threads took: 0.0000660 seconds
43.709: Application time: 0.2400320 seconds
43.709: [GC [PSYoungGen: 665680K->736K(666112K)] 919239K->254295K(1208320K), 0.0016820 secs] [Times: user=0.01 sys=0.00, real=0.01 secs] 
43.711: Total time for which application threads were stopped: 0.0018510 seconds, Stopping threads took: 0.0000990 seconds
43.862: Application time: 0.1510670 seconds
43.862: [GC [PSYoungGen: 665824K->784K(666112K)] 919383K->254343K(1208320K), 0.0017900 secs] [Times: user=0.01 sys=0.00, real=0.01 secs] 
43.864: Total time for which application threads were stopped: 0.0019510 seconds, Stopping threads took: 0.0000750 seconds
44.078: Application time: 0.2135310 seconds
44.078: [GC [PSYoungGen: 665872K->400K(666112K)] 919431K->253959K(1208320K), 0.0016590 secs] [Times: user=0.01 sys=0.00, real=0.00 secs] 
44.079: Total time for which application threads were stopped: 0.0018110 seconds, Stopping threads took: 0.0000870 seconds
44.269: Application time: 0.1892140 seconds
44.269: [GC [PSYoungGen: 665488K->784K(666112K)] 919047K->254343K(1208320K), 0.0018020 secs] [Times: user=0.01 sys=0.00, real=0.00 secs] 
44.271: Total time for which application threads were stopped: 0.0019470 seconds, Stopping threads took: 0.0000600 seconds
44.421: Application time: 0.1501670 seconds
44.421: [GC [PSYoungGen: 665872K->720K(666112K)] 919431K->254287K(1208320K), 0.0016850 secs] [Times: user=0.00 sys=0.01, real=0.01 secs] 
44.423: Total time for which application threads were stopped: 0.0018410 seconds, Stopping threads took: 0.0000780 seconds
44.667: Application time: 0.2441740 seconds
44.667: [GC [PSYoungGen: 665808K->576K(666112K)] 919375K->254143K(1208320K), 0.0016360 secs] [Times: user=0.01 sys=0.00, real=0.00 secs] 
44.669: Total time for which application threads were stopped: 0.0019320 seconds, Stopping threads took: 0.0002330 seconds
44.827: Application time: 0.1581710 seconds
44.827: [GC [PSYoungGen: 665664K->928K(666112K)] 919231K->254503K(1208320K), 0.0016900 secs] [Times: user=0.01 sys=0.00, real=0.00 secs] 
44.829: Total time for which application threads were stopped: 0.0018460 seconds, Stopping threads took: 0.0000850 seconds
44.993: Application time: 0.1641800 seconds
44.993: [GC [PSYoungGen: 666016K->464K(666112K)] 919591K->254047K(1208320K), 0.0016710 secs] [Times: user=0.01 sys=0.00, real=0.00 secs] 
44.995: Total time for which application threads were stopped: 0.0018310 seconds, Stopping threads took: 0.0000770 seconds
45.235: Application time: 0.2399020 seconds
45.235: [GC [PSYoungGen: 665552K->864K(665088K)] 919135K->254447K(1207296K), 0.0016870 secs] [Times: user=0.01 sys=0.00, real=0.00 secs] 
45.236: Total time for which application threads were stopped: 0.0018010 seconds, Stopping threads took: 0.0000490 seconds
45.386: Application time: 0.1495140 seconds
45.386: [GC [PSYoungGen: 664928K->768K(665600K)] 918511K->254351K(1207808K), 0.0016250 secs] [Times: user=0.01 sys=0.00, real=0.00 secs] 
45.388: Total time for which application threads were stopped: 0.0017760 seconds, Stopping threads took: 0.0000800 seconds
45.599: Application time: 0.2113510 seconds
45.599: [GC [PSYoungGen: 664832K->400K(665600K)] 918415K->253983K(1207808K), 0.0016900 secs] [Times: user=0.02 sys=0.00, real=0.00 secs] 
45.601: Total time for which application threads were stopped: 0.0018370 seconds, Stopping threads took: 0.0000740 seconds
45.794: Application time: 0.1931270 seconds
45.794: [GC [PSYoungGen: 664464K->672K(665600K)] 918047K->254255K(1207808K), 0.0016700 secs] [Times: user=0.01 sys=0.00, real=0.00 secs] 
45.796: Total time for which application threads were stopped: 0.0018070 seconds, Stopping threads took: 0.0000720 seconds
45.945: Application time: 0.1496710 seconds
45.946: [GC [PSYoungGen: 664736K->832K(665600K)] 918319K->254415K(1207808K), 0.0017000 secs] [Times: user=0.01 sys=0.00, real=0.00 secs] 
45.947: Total time for which application threads were stopped: 0.0018350 seconds, Stopping threads took: 0.0000670 seconds
46.193: Application time: 0.2452710 seconds
46.193: [GC [PSYoungGen: 664896K->496K(665600K)] 918479K->254079K(1207808K), 0.0014660 secs] [Times: user=0.01 sys=0.00, real=0.00 secs] 
46.194: Total time for which application threads were stopped: 0.0016240 seconds, Stopping threads took: 0.0000860 seconds
46.353: Application time: 0.1587160 seconds
46.353: [GC [PSYoungGen: 664560K->784K(665600K)] 918143K->254375K(1207808K), 0.0017500 secs] [Times: user=0.02 sys=0.00, real=0.00 secs] 
46.355: Total time for which application threads were stopped: 0.0019080 seconds, Stopping threads took: 0.0000930 seconds
46.515: Application time: 0.1605720 seconds
46.519: [GC [PSYoungGen: 664848K->608K(665600K)] 918439K->254207K(1207808K), 0.0017160 secs] [Times: user=0.01 sys=0.00, real=0.00 secs] 
46.520: Total time for which application threads were stopped: 0.0048830 seconds, Stopping threads took: 0.0031010 seconds
46.762: Application time: 0.2421290 seconds
46.763: [GC [PSYoungGen: 664672K->768K(665600K)] 918271K->254367K(1207808K), 0.0017030 secs] [Times: user=0.01 sys=0.00, real=0.00 secs] 
46.764: Total time for which application threads were stopped: 0.0018630 seconds, Stopping threads took: 0.0000780 seconds
46.914: Application time: 0.1495930 seconds
46.914: [GC [PSYoungGen: 664832K->832K(665600K)] 918431K->254431K(1207808K), 0.0017220 secs] [Times: user=0.01 sys=0.00, real=0.00 secs] 
46.916: Total time for which application threads were stopped: 0.0018650 seconds, Stopping threads took: 0.0000780 seconds
47.120: Application time: 0.2046080 seconds
47.121: [GC [PSYoungGen: 664896K->432K(665600K)] 918495K->254031K(1207808K), 0.0016520 secs] [Times: user=0.01 sys=0.00, real=0.00 secs] 
47.122: Total time for which application threads were stopped: 0.0018110 seconds, Stopping threads took: 0.0000940 seconds
47.320: Application time: 0.1976530 seconds
47.320: [GC [PSYoungGen: 664496K->784K(665600K)] 918095K->254383K(1207808K), 0.0016830 secs] [Times: user=0.01 sys=0.00, real=0.00 secs] 
47.322: Total time for which application threads were stopped: 0.0018340 seconds, Stopping threads took: 0.0000720 seconds
47.471: Application time: 0.1491070 seconds
47.471: [GC [PSYoungGen: 664848K->832K(665600K)] 918447K->254431K(1207808K), 0.0016670 secs] [Times: user=0.01 sys=0.00, real=0.00 secs] 
47.473: Total time for which application threads were stopped: 0.0017820 seconds, Stopping threads took: 0.0000470 seconds
47.718: Application time: 0.2453530 seconds
47.718: [GC [PSYoungGen: 664896K->640K(665600K)] 918495K->254239K(1207808K), 0.0017700 secs] [Times: user=0.00 sys=0.02, real=0.00 secs] 
47.720: Total time for which application threads were stopped: 0.0019200 seconds, Stopping threads took: 0.0000780 seconds
47.880: Application time: 0.1606120 seconds
47.881: [GC [PSYoungGen: 664704K->736K(665600K)] 918303K->254343K(1207808K), 0.0016460 secs] [Times: user=0.01 sys=0.00, real=0.00 secs] 
47.882: Total time for which application threads were stopped: 0.0018030 seconds, Stopping threads took: 0.0000750 seconds
48.042: Application time: 0.1595610 seconds
48.042: [GC [PSYoungGen: 664800K->656K(665088K)] 918407K->254271K(1207296K), 0.0017570 secs] [Times: user=0.01 sys=0.00, real=0.01 secs] 
48.044: Total time for which application threads were stopped: 0.0019300 seconds, Stopping threads took: 0.0001100 seconds
48.287: Application time: 0.2433230 seconds
48.287: [GC [PSYoungGen: 664720K->752K(665088K)] 918335K->254367K(1207296K), 0.0016990 secs] [Times: user=0.01 sys=0.00, real=0.00 secs] 
48.289: Total time for which application threads were stopped: 0.0018470 seconds, Stopping threads took: 0.0000760 seconds
48.438: Application time: 0.1492560 seconds
48.438: [GC [PSYoungGen: 664816K->736K(665088K)] 918431K->254351K(1207296K), 0.0016810 secs] [Times: user=0.01 sys=0.00, real=0.00 secs] 
48.440: Total time for which application threads were stopped: 0.0018270 seconds, Stopping threads took: 0.0000680 seconds
48.635: Application time: 0.1948130 seconds
48.635: [GC [PSYoungGen: 664800K->448K(666112K)] 918415K->254063K(1208320K), 0.0017480 secs] [Times: user=0.01 sys=0.00, real=0.00 secs] 
48.637: Total time for which application threads were stopped: 0.0019060 seconds, Stopping threads took: 0.0000870 seconds
48.843: Application time: 0.2064880 seconds
48.843: [GC [PSYoungGen: 665536K->736K(666112K)] 919151K->254351K(1208320K), 0.0016440 secs] [Times: user=0.01 sys=0.00, real=0.00 secs] 
48.845: Total time for which application threads were stopped: 0.0017850 seconds, Stopping threads took: 0.0000710 seconds
48.995: Application time: 0.1495100 seconds
48.995: [GC [PSYoungGen: 665824K->864K(666112K)] 919439K->254479K(1208320K), 0.0016490 secs] [Times: user=0.01 sys=0.00, real=0.00 secs] 
48.996: Total time for which application threads were stopped: 0.0017740 seconds, Stopping threads took: 0.0000540 seconds
49.237: Application time: 0.2409580 seconds
49.237: [GC [PSYoungGen: 665952K->560K(666112K)] 919567K->254175K(1208320K), 0.0016870 secs] [Times: user=0.01 sys=0.00, real=0.00 secs] 
49.239: Total time for which application threads were stopped: 0.0018300 seconds, Stopping threads took: 0.0000780 seconds
49.401: Application time: 0.1614400 seconds
49.401: [GC [PSYoungGen: 665648K->864K(665088K)] 919263K->254495K(1207296K), 0.0016980 secs] [Times: user=0.01 sys=0.00, real=0.00 secs] 
49.402: Total time for which application threads were stopped: 0.0018130 seconds, Stopping threads took: 0.0000430 seconds
49.561: Application time: 0.1583540 seconds
49.561: [GC [PSYoungGen: 664928K->704K(665600K)] 918559K->254351K(1207808K), 0.0016660 secs] [Times: user=0.01 sys=0.00, real=0.01 secs] 
49.563: Total time for which application threads were stopped: 0.0018400 seconds, Stopping threads took: 0.0001000 seconds
49.809: Application time: 0.2459210 seconds
49.809: [GC [PSYoungGen: 664768K->784K(665600K)] 918415K->254431K(1207808K), 0.0014940 secs] [Times: user=0.01 sys=0.00, real=0.00 secs] 
49.810: Total time for which application threads were stopped: 0.0016330 seconds, Stopping threads took: 0.0000670 seconds
49.960: Application time: 0.1497260 seconds
49.960: [GC [PSYoungGen: 665360K->752K(665600K)] 919007K->254399K(1207808K), 0.0016880 secs] [Times: user=0.01 sys=0.00, real=0.00 secs] 
49.962: Total time for which application threads were stopped: 0.0018220 seconds, Stopping threads took: 0.0000700 seconds
50.156: Application time: 0.1941000 seconds
50.156: [GC [PSYoungGen: 665328K->400K(666112K)] 918975K->254047K(1208320K), 0.0016590 secs] [Times: user=0.01 sys=0.00, real=0.00 secs] 
50.158: Total time for which application threads were stopped: 0.0018160 seconds, Stopping threads took: 0.0000750 seconds
50.368: Application time: 0.2100450 seconds
50.368: [GC [PSYoungGen: 665488K->848K(666112K)] 919135K->254495K(1208320K), 0.0016840 secs] [Times: user=0.02 sys=0.00, real=0.00 secs] 
50.370: Total time for which application threads were stopped: 0.0018160 seconds, Stopping threads took: 0.0000600 seconds
50.519: Application time: 0.1498790 seconds
50.519: [GC [PSYoungGen: 665936K->720K(666112K)] 919583K->254367K(1208320K), 0.0016350 secs] [Times: user=0.01 sys=0.00, real=0.00 secs] 
50.521: Total time for which application threads were stopped: 0.0017570 seconds, Stopping threads took: 0.0000590 seconds
50.765: Application time: 0.2438530 seconds
50.765: [GC [PSYoungGen: 665808K->640K(666112K)] 919455K->254287K(1208320K), 0.0016560 secs] [Times: user=0.01 sys=0.00, real=0.00 secs] 
50.767: Total time for which application threads were stopped: 0.0018550 seconds, Stopping threads took: 0.0000900 seconds
50.928: Application time: 0.1611690 seconds
50.928: [GC [PSYoungGen: 665728K->736K(666112K)] 919375K->254391K(1208320K), 0.0016240 secs] [Times: user=0.01 sys=0.00, real=0.00 secs] 
50.930: Total time for which application threads were stopped: 0.0017730 seconds, Stopping threads took: 0.0000860 seconds
51.086: Application time: 0.1562220 seconds
51.086: [GC [PSYoungGen: 665824K->608K(666112K)] 919479K->254271K(1208320K), 0.0016710 secs] [Times: user=0.01 sys=0.00, real=0.00 secs] 
51.088: Total time for which application threads were stopped: 0.0018160 seconds, Stopping threads took: 0.0000810 seconds
51.334: Application time: 0.2465420 seconds
51.335: [GC [PSYoungGen: 665696K->720K(666112K)] 919359K->254383K(1208320K), 0.0016800 secs] [Times: user=0.01 sys=0.00, real=0.00 secs] 
51.336: Total time for which application threads were stopped: 0.0018580 seconds, Stopping threads took: 0.0000850 seconds
51.487: Application time: 0.1503590 seconds
51.487: [GC [PSYoungGen: 665808K->736K(666112K)] 919471K->254399K(1208320K), 0.0014760 secs] [Times: user=0.01 sys=0.00, real=0.00 secs] 
51.488: Total time for which application threads were stopped: 0.0016150 seconds, Stopping threads took: 0.0000680 seconds
51.680: Application time: 0.1913000 seconds
51.680: [GC [PSYoungGen: 665824K->352K(666112K)] 919487K->254015K(1208320K), 0.0016710 secs] [Times: user=0.01 sys=0.00, real=0.00 secs] 
51.681: Total time for which application threads were stopped: 0.0018380 seconds, Stopping threads took: 0.0000960 seconds
51.893: Application time: 0.2116980 seconds
51.893: [GC [PSYoungGen: 665440K->720K(666112K)] 919103K->254383K(1208320K), 0.0014880 secs] [Times: user=0.01 sys=0.00, real=0.00 secs] 
51.895: Total time for which application threads were stopped: 0.0016190 seconds, Stopping threads took: 0.0000550 seconds
52.045: Application time: 0.1500090 seconds
52.045: [GC [PSYoungGen: 665808K->800K(666112K)] 919471K->254463K(1208320K), 0.0016340 secs] [Times: user=0.01 sys=0.01, real=0.00 secs] 
52.046: Total time for which application threads were stopped: 0.0017620 seconds, Stopping threads took: 0.0000660 seconds
52.289: Application time: 0.2429470 seconds
52.290: [GC [PSYoungGen: 665888K->608K(666112K)] 919551K->254271K(1208320K), 0.0016790 secs] [Times: user=0.01 sys=0.00, real=0.01 secs] 
52.291: Total time for which application threads were stopped: 0.0018360 seconds, Stopping threads took: 0.0000860 seconds
52.453: Application time: 0.1614890 seconds
52.453: [GC [PSYoungGen: 665696K->880K(666112K)] 919359K->254551K(1208320K), 0.0016690 secs] [Times: user=0.01 sys=0.00, real=0.00 secs] 
52.455: Total time for which application threads were stopped: 0.0018180 seconds, Stopping threads took: 0.0000720 seconds
52.612: Application time: 0.1570440 seconds
52.612: [GC [PSYoungGen: 665968K->656K(666112K)] 919639K->254335K(1208320K), 0.0016450 secs] [Times: user=0.01 sys=0.00, real=0.00 secs] 
52.613: Total time for which application threads were stopped: 0.0017990 seconds, Stopping threads took: 0.0000900 seconds
52.860: Application time: 0.2464720 seconds
52.860: [GC [PSYoungGen: 665744K->624K(666112K)] 919423K->254303K(1208320K), 0.0016580 secs] [Times: user=0.01 sys=0.00, real=0.00 secs] 
52.862: Total time for which application threads were stopped: 0.0017830 seconds, Stopping threads took: 0.0000570 seconds
53.011: Application time: 0.1495590 seconds
53.011: [GC [PSYoungGen: 665712K->800K(666112K)] 919391K->254479K(1208320K), 0.0017050 secs] [Times: user=0.02 sys=0.00, real=0.00 secs] 
53.013: Total time for which application threads were stopped: 0.0018660 seconds, Stopping threads took: 0.0000780 seconds
53.206: Application time: 0.1933200 seconds
53.207: [GC [PSYoungGen: 665888K->416K(666112K)] 919567K->254095K(1208320K), 0.0016430 secs] [Times: user=0.01 sys=0.00, real=0.00 secs] 
53.208: Total time for which application threads were stopped: 0.0018170 seconds, Stopping threads took: 0.0001110 seconds
53.419: Application time: 0.2104710 seconds
53.419: [GC [PSYoungGen: 665504K->784K(666112K)] 919183K->254463K(1208320K), 0.0016280 secs] [Times: user=0.01 sys=0.00, real=0.00 secs] 
53.421: Total time for which application threads were stopped: 0.0017710 seconds, Stopping threads took: 0.0000790 seconds
53.571: Application time: 0.1500930 seconds
53.571: [GC [PSYoungGen: 665872K->832K(665088K)] 919551K->254511K(1207296K), 0.0016840 secs] [Times: user=0.01 sys=0.00, real=0.00 secs] 
53.572: Total time for which application threads were stopped: 0.0018430 seconds, Stopping threads took: 0.0000860 seconds
53.815: Application time: 0.2423760 seconds
53.815: [GC [PSYoungGen: 664896K->672K(665600K)] 918575K->254351K(1207808K), 0.0016750 secs] [Times: user=0.01 sys=0.00, real=0.00 secs] 
53.817: Total time for which application threads were stopped: 0.0018700 seconds, Stopping threads took: 0.0001320 seconds
53.979: Application time: 0.1624350 seconds
53.979: [GC [PSYoungGen: 664736K->720K(665600K)] 918415K->254407K(1207808K), 0.0017550 secs] [Times: user=0.01 sys=0.00, real=0.00 secs] 
53.981: Total time for which application threads were stopped: 0.0018790 seconds, Stopping threads took: 0.0000570 seconds
54.137: Application time: 0.1561330 seconds
54.137: [GC [PSYoungGen: 665296K->672K(665600K)] 918983K->254367K(1207808K), 0.0016960 secs] [Times: user=0.01 sys=0.00, real=0.00 secs] 
54.139: Total time for which application threads were stopped: 0.0018660 seconds, Stopping threads took: 0.0000890 seconds
54.386: Application time: 0.2468510 seconds
54.386: [GC [PSYoungGen: 665248K->768K(666112K)] 918943K->254463K(1208320K), 0.0016570 secs] [Times: user=0.00 sys=0.00, real=0.00 secs] 
54.388: Total time for which application threads were stopped: 0.0018020 seconds, Stopping threads took: 0.0000720 seconds
54.541: Application time: 0.1534570 seconds
54.541: [GC [PSYoungGen: 665856K->608K(666112K)] 919551K->254303K(1208320K), 0.0016970 secs] [Times: user=0.01 sys=0.00, real=0.01 secs] 
54.543: Total time for which application threads were stopped: 0.0018450 seconds, Stopping threads took: 0.0000820 seconds
54.735: Application time: 0.1924130 seconds
54.736: [GC [PSYoungGen: 665696K->528K(666112K)] 919391K->254223K(1208320K), 0.0016780 secs] [Times: user=0.01 sys=0.00, real=0.00 secs] 
54.737: Total time for which application threads were stopped: 0.0018180 seconds, Stopping threads took: 0.0000720 seconds
54.953: Application time: 0.2154650 seconds
54.953: [GC [PSYoungGen: 665616K->800K(666112K)] 919311K->254495K(1208320K), 0.0016320 secs] [Times: user=0.01 sys=0.00, real=0.00 secs] 
54.954: Total time for which application threads were stopped: 0.0017880 seconds, Stopping threads took: 0.0000900 seconds
55.105: Application time: 0.1505840 seconds
55.105: [GC [PSYoungGen: 665888K->816K(666112K)] 919583K->254511K(1208320K), 0.0016800 secs] [Times: user=0.01 sys=0.00, real=0.00 secs] 
55.107: Total time for which application threads were stopped: 0.0018170 seconds, Stopping threads took: 0.0000770 seconds
55.349: Application time: 0.2420700 seconds
55.349: [GC [PSYoungGen: 665904K->704K(666112K)] 919599K->254399K(1208320K), 0.0016350 secs] [Times: user=0.01 sys=0.00, real=0.01 secs] 
55.351: Total time for which application threads were stopped: 0.0017690 seconds, Stopping threads took: 0.0000610 seconds
55.512: Application time: 0.1614720 seconds
55.512: [GC [PSYoungGen: 665792K->736K(666112K)] 919487K->254439K(1208320K), 0.0014800 secs] [Times: user=0.01 sys=0.00, real=0.00 secs] 
55.514: Total time for which application threads were stopped: 0.0016400 seconds, Stopping threads took: 0.0000900 seconds
55.668: Application time: 0.1536640 seconds
55.668: [GC [PSYoungGen: 665824K->624K(666112K)] 919527K->254335K(1208320K), 0.0016130 secs] [Times: user=0.01 sys=0.00, real=0.00 secs] 
55.669: Total time for which application threads were stopped: 0.0017310 seconds, Stopping threads took: 0.0000520 seconds
55.925: Application time: 0.2554610 seconds
55.925: [GC [PSYoungGen: 665712K->672K(666112K)] 919423K->254383K(1208320K), 0.0017170 secs] [Times: user=0.01 sys=0.00, real=0.00 secs] 
55.927: Total time for which application threads were stopped: 0.0019010 seconds, Stopping threads took: 0.0001080 seconds
56.077: Application time: 0.1503850 seconds
56.077: [GC [PSYoungGen: 665760K->704K(666112K)] 919471K->254415K(1208320K), 0.0016650 secs] [Times: user=0.01 sys=0.01, real=0.00 secs] 
56.079: Total time for which application threads were stopped: 0.0017910 seconds, Stopping threads took: 0.0000580 seconds
56.265: Application time: 0.1863240 seconds
56.265: [GC [PSYoungGen: 665792K->448K(666112K)] 919503K->254159K(1208320K), 0.0017620 secs] [Times: user=0.01 sys=0.00, real=0.00 secs] 
56.267: Total time for which application threads were stopped: 0.0019370 seconds, Stopping threads took: 0.0001100 seconds
56.486: Application time: 0.2193790 seconds
56.487: [GC [PSYoungGen: 665536K->832K(666112K)] 919247K->254543K(1208320K), 0.0017160 secs] [Times: user=0.01 sys=0.00, real=0.00 secs] 
56.488: Total time for which application threads were stopped: 0.0018720 seconds, Stopping threads took: 0.0000770 seconds
56.645: Application time: 0.1568520 seconds
56.645: [GC [PSYoungGen: 665920K->784K(666112K)] 919631K->254495K(1208320K), 0.0016630 secs] [Times: user=0.01 sys=0.00, real=0.00 secs] 
56.647: Total time for which application threads were stopped: 0.0018250 seconds, Stopping threads took: 0.0000910 seconds
56.893: Application time: 0.2456370 seconds
56.893: [GC [PSYoungGen: 665872K->704K(666112K)] 919583K->254415K(1208320K), 0.0016820 secs] [Times: user=0.01 sys=0.00, real=0.00 secs] 
56.894: Total time for which application threads were stopped: 0.0018330 seconds, Stopping threads took: 0.0000810 seconds
57.055: Application time: 0.1604030 seconds
57.055: [GC [PSYoungGen: 665792K->784K(666112K)] 919503K->254503K(1208320K), 0.0016440 secs] [Times: user=0.01 sys=0.00, real=0.00 secs] 
57.057: Total time for which application threads were stopped: 0.0018150 seconds, Stopping threads took: 0.0001000 seconds
57.208: Application time: 0.1516440 seconds
57.208: [GC [PSYoungGen: 665872K->608K(666112K)] 919591K->254335K(1208320K), 0.0015650 secs] [Times: user=0.01 sys=0.00, real=0.00 secs] 
57.210: Total time for which application threads were stopped: 0.0017180 seconds, Stopping threads took: 0.0000870 seconds
57.461: Application time: 0.2509600 seconds
57.461: [GC [PSYoungGen: 665696K->784K(666112K)] 919423K->254511K(1208320K), 0.0017020 secs] [Times: user=0.01 sys=0.00, real=0.01 secs] 
57.463: Total time for which application threads were stopped: 0.0018490 seconds, Stopping threads took: 0.0000740 seconds
57.613: Application time: 0.1500540 seconds
57.613: [GC [PSYoungGen: 665872K->736K(666112K)] 919599K->254463K(1208320K), 0.0016760 secs] [Times: user=0.01 sys=0.00, real=0.00 secs] 
57.615: Total time for which application threads were stopped: 0.0017980 seconds, Stopping threads took: 0.0000470 seconds
57.797: Application time: 0.1820800 seconds
57.797: [GC [PSYoungGen: 665824K->400K(666112K)] 919551K->254127K(1208320K), 0.0016940 secs] [Times: user=0.01 sys=0.00, real=0.00 secs] 
57.799: Total time for which application threads were stopped: 0.0018530 seconds, Stopping threads took: 0.0000780 seconds
58.020: Application time: 0.2216880 seconds
58.021: [GC [PSYoungGen: 665488K->720K(666112K)] 919215K->254447K(1208320K), 0.0016970 secs] [Times: user=0.01 sys=0.00, real=0.00 secs] 
58.022: Total time for which application threads were stopped: 0.0018570 seconds, Stopping threads took: 0.0000910 seconds
58.172: Application time: 0.1497510 seconds
58.172: [GC [PSYoungGen: 665808K->752K(666112K)] 919535K->254479K(1208320K), 0.0017150 secs] [Times: user=0.01 sys=0.00, real=0.00 secs] 
58.174: Total time for which application threads were stopped: 0.0018530 seconds, Stopping threads took: 0.0000640 seconds
58.417: Application time: 0.2435950 seconds
58.418: [GC [PSYoungGen: 665840K->688K(666112K)] 919567K->254415K(1208320K), 0.0015020 secs] [Times: user=0.00 sys=0.00, real=0.00 secs] 
58.419: Total time for which application threads were stopped: 0.0016420 seconds, Stopping threads took: 0.0000670 seconds
58.580: Application time: 0.1604630 seconds
58.580: [GC [PSYoungGen: 665776K->720K(666112K)] 919503K->254455K(1208320K), 0.0017150 secs] [Times: user=0.01 sys=0.00, real=0.00 secs] 
58.581: Total time for which application threads were stopped: 0.0018360 seconds, Stopping threads took: 0.0000600 seconds
58.733: Application time: 0.1518040 seconds
58.733: [GC [PSYoungGen: 665808K->688K(666112K)] 919543K->254439K(1208320K), 0.0016480 secs] [Times: user=0.01 sys=0.00, real=0.00 secs] 
58.735: Total time for which application threads were stopped: 0.0017860 seconds, Stopping threads took: 0.0000590 seconds
58.988: Application time: 0.2535100 seconds
58.989: [GC [PSYoungGen: 665776K->800K(666112K)] 919527K->254551K(1208320K), 0.0016240 secs] [Times: user=0.01 sys=0.00, real=0.00 secs] 
58.990: Total time for which application threads were stopped: 0.0017700 seconds, Stopping threads took: 0.0000800 seconds
59.140: Application time: 0.1501290 seconds
59.141: [GC [PSYoungGen: 665888K->688K(666112K)] 919639K->254439K(1208320K), 0.0016550 secs] [Times: user=0.01 sys=0.00, real=0.00 secs] 
59.142: Total time for which application threads were stopped: 0.0017840 seconds, Stopping threads took: 0.0000600 seconds
59.321: Application time: 0.1792630 seconds
59.322: [GC [PSYoungGen: 665776K->512K(666112K)] 919527K->254263K(1208320K), 0.0016300 secs] [Times: user=0.01 sys=0.00, real=0.01 secs] 
59.323: Total time for which application threads were stopped: 0.0017970 seconds, Stopping threads took: 0.0000960 seconds
59.548: Application time: 0.2244650 seconds
59.548: [GC [PSYoungGen: 665600K->736K(666112K)] 919351K->254487K(1208320K), 0.0015540 secs] [Times: user=0.01 sys=0.00, real=0.00 secs] 
59.549: Total time for which application threads were stopped: 0.0017050 seconds, Stopping threads took: 0.0000590 seconds
59.701: Application time: 0.1513790 seconds
59.701: [GC [PSYoungGen: 665824K->736K(666112K)] 919575K->254487K(1208320K), 0.0016640 secs] [Times: user=0.01 sys=0.00, real=0.01 secs] 
59.703: Total time for which application threads were stopped: 0.0018110 seconds, Stopping threads took: 0.0000830 seconds
59.946: Application time: 0.2430420 seconds
59.946: [GC [PSYoungGen: 665824K->528K(666112K)] 919575K->254279K(1208320K), 0.0016770 secs] [Times: user=0.01 sys=0.00, real=0.00 secs] 
59.947: Total time for which application threads were stopped: 0.0018240 seconds, Stopping threads took: 0.0000750 seconds
60.107: Application time: 0.1599900 seconds
60.108: [GC [PSYoungGen: 665616K->784K(666112K)] 919367K->254543K(1208320K), 0.0017060 secs] [Times: user=0.01 sys=0.00, real=0.00 secs] 
60.109: Total time for which application threads were stopped: 0.0018690 seconds, Stopping threads took: 0.0000920 seconds
60.263: Application time: 0.1534090 seconds
60.263: [GC [PSYoungGen: 665872K->640K(666112K)] 919631K->254407K(1208320K), 0.0016470 secs] [Times: user=0.01 sys=0.00, real=0.00 secs] 
60.265: Total time for which application threads were stopped: 0.0017880 seconds, Stopping threads took: 0.0000740 seconds
60.513: Application time: 0.2487400 seconds
60.513: [GC [PSYoungGen: 665728K->752K(666112K)] 919495K->254519K(1208320K), 0.0016890 secs] [Times: user=0.01 sys=0.00, real=0.00 secs] 
60.515: Total time for which application threads were stopped: 0.0018460 seconds, Stopping threads took: 0.0000800 seconds
60.666: Application time: 0.1506710 seconds
60.666: [GC [PSYoungGen: 665840K->736K(666112K)] 919607K->254503K(1208320K), 0.0016540 secs] [Times: user=0.01 sys=0.00, real=0.00 secs] 
60.668: Total time for which application threads were stopped: 0.0018010 seconds, Stopping threads took: 0.0000840 seconds
60.843: Application time: 0.1757120 seconds
60.843: [GC [PSYoungGen: 665824K->464K(666112K)] 919591K->254231K(1208320K), 0.0016820 secs] [Times: user=0.01 sys=0.00, real=0.00 secs] 
60.845: Total time for which application threads were stopped: 0.0018240 seconds, Stopping threads took: 0.0000790 seconds
61.072: Application time: 0.2269180 seconds
61.072: [GC [PSYoungGen: 665552K->784K(666112K)] 919319K->254551K(1208320K), 0.0017490 secs] [Times: user=0.01 sys=0.00, real=0.00 secs] 
61.074: Total time for which application threads were stopped: 0.0018800 seconds, Stopping threads took: 0.0000520 seconds
61.224: Application time: 0.1504790 seconds
61.225: [GC [PSYoungGen: 665872K->752K(666112K)] 919639K->254519K(1208320K), 0.0016620 secs] [Times: user=0.01 sys=0.00, real=0.00 secs] 
61.226: Total time for which application threads were stopped: 0.0017940 seconds, Stopping threads took: 0.0000620 seconds
61.470: Application time: 0.2438210 seconds
61.470: [GC [PSYoungGen: 665840K->528K(666112K)] 919607K->254295K(1208320K), 0.0016670 secs] [Times: user=0.01 sys=0.00, real=0.01 secs] 
61.472: Total time for which application threads were stopped: 0.0018110 seconds, Stopping threads took: 0.0000790 seconds
61.631: Application time: 0.1595240 seconds
61.632: [GC [PSYoungGen: 665616K->768K(666112K)] 919383K->254543K(1208320K), 0.0016440 secs] [Times: user=0.01 sys=0.00, real=0.00 secs] 
61.633: Total time for which application threads were stopped: 0.0017960 seconds, Stopping threads took: 0.0000760 seconds
61.786: Application time: 0.1529790 seconds
61.786: [GC [PSYoungGen: 665856K->640K(666112K)] 919631K->254423K(1208320K), 0.0016650 secs] [Times: user=0.01 sys=0.00, real=0.00 secs] 
61.788: Total time for which application threads were stopped: 0.0018020 seconds, Stopping threads took: 0.0000710 seconds
62.039: Application time: 0.2508790 seconds
62.039: [GC [PSYoungGen: 665728K->832K(666112K)] 919511K->254615K(1208320K), 0.0016310 secs] [Times: user=0.01 sys=0.00, real=0.00 secs] 
62.041: Total time for which application threads were stopped: 0.0017530 seconds, Stopping threads took: 0.0000590 seconds
62.190: Application time: 0.1494110 seconds
62.190: [GC [PSYoungGen: 665920K->688K(666112K)] 919703K->254471K(1208320K), 0.0016910 secs] [Times: user=0.01 sys=0.00, real=0.01 secs] 
62.192: Total time for which application threads were stopped: 0.0018340 seconds, Stopping threads took: 0.0000680 seconds
62.366: Application time: 0.1742800 seconds
62.366: [GC [PSYoungGen: 665776K->416K(666112K)] 919559K->254199K(1208320K), 0.0018720 secs] [Times: user=0.01 sys=0.00, real=0.00 secs] 
62.368: Total time for which application threads were stopped: 0.0020170 seconds, Stopping threads took: 0.0000730 seconds
62.597: Application time: 0.2291880 seconds
62.597: [GC [PSYoungGen: 665504K->832K(666112K)] 919287K->254615K(1208320K), 0.0016890 secs] [Times: user=0.01 sys=0.00, real=0.00 secs] 
62.599: Total time for which application threads were stopped: 0.0018350 seconds, Stopping threads took: 0.0000790 seconds
62.750: Application time: 0.1503650 seconds
62.750: [GC [PSYoungGen: 665920K->736K(666112K)] 919703K->254519K(1208320K), 0.0017220 secs] [Times: user=0.01 sys=0.00, real=0.01 secs] 
62.751: Total time for which application threads were stopped: 0.0018980 seconds, Stopping threads took: 0.0000970 seconds
62.996: Application time: 0.2447210 seconds
62.996: [GC [PSYoungGen: 665824K->592K(666112K)] 919607K->254375K(1208320K), 0.0016730 secs] [Times: user=0.01 sys=0.00, real=0.00 secs] 
62.998: Total time for which application threads were stopped: 0.0018420 seconds, Stopping threads took: 0.0000940 seconds
63.156: Application time: 0.1583320 seconds
63.156: [GC [PSYoungGen: 665680K->800K(666112K)] 919463K->254591K(1208320K), 0.0016550 secs] [Times: user=0.01 sys=0.00, real=0.00 secs] 
63.158: Total time for which application threads were stopped: 0.0017780 seconds, Stopping threads took: 0.0000550 seconds
63.310: Application time: 0.1516400 seconds
63.310: [GC [PSYoungGen: 665888K->672K(666112K)] 919679K->254471K(1208320K), 0.0016830 secs] [Times: user=0.01 sys=0.00, real=0.01 secs] 
63.312: Total time for which application threads were stopped: 0.0018160 seconds, Stopping threads took: 0.0000580 seconds
63.563: Application time: 0.2511080 seconds
63.563: [GC [PSYoungGen: 665760K->704K(666112K)] 919559K->254503K(1208320K), 0.0016890 secs] [Times: user=0.01 sys=0.00, real=0.00 secs] 
63.565: Total time for which application threads were stopped: 0.0018270 seconds, Stopping threads took: 0.0000750 seconds
63.717: Application time: 0.1519930 seconds
63.717: [GC [PSYoungGen: 665792K->800K(666112K)] 919591K->254599K(1208320K), 0.0016510 secs] [Times: user=0.01 sys=0.00, real=0.00 secs] 
63.718: Total time for which application threads were stopped: 0.0018040 seconds, Stopping threads took: 0.0000800 seconds
63.897: Application time: 0.1782450 seconds
63.897: [GC [PSYoungGen: 665888K->432K(666112K)] 919687K->254231K(1208320K), 0.0016660 secs] [Times: user=0.02 sys=0.00, real=0.00 secs] 
63.898: Total time for which application threads were stopped: 0.0018390 seconds, Stopping threads took: 0.0000930 seconds
64.125: Application time: 0.2261930 seconds
64.125: [GC [PSYoungGen: 665520K->752K(666112K)] 919319K->254551K(1208320K), 0.0016600 secs] [Times: user=0.02 sys=0.00, real=0.00 secs] 
64.126: Total time for which application threads were stopped: 0.0017750 seconds, Stopping threads took: 0.0000510 seconds
64.277: Application time: 0.1502800 seconds
64.277: [GC [PSYoungGen: 665840K->768K(666112K)] 919639K->254567K(1208320K), 0.0016260 secs] [Times: user=0.01 sys=0.00, real=0.00 secs] 
64.278: Total time for which application threads were stopped: 0.0017720 seconds, Stopping threads took: 0.0000740 seconds
64.521: Application time: 0.2423480 seconds
64.521: [GC [PSYoungGen: 665856K->640K(666112K)] 919655K->254439K(1208320K), 0.0016350 secs] [Times: user=0.01 sys=0.00, real=0.01 secs] 
64.523: Total time for which application threads were stopped: 0.0017840 seconds, Stopping threads took: 0.0000690 seconds
64.686: Application time: 0.1630130 seconds
64.686: [GC [PSYoungGen: 665728K->624K(666112K)] 919527K->254431K(1208320K), 0.0016760 secs] [Times: user=0.01 sys=0.00, real=0.00 secs] 
64.687: Total time for which application threads were stopped: 0.0018250 seconds, Stopping threads took: 0.0000800 seconds
64.839: Application time: 0.1517070 seconds
64.839: [GC [PSYoungGen: 665712K->688K(666112K)] 919519K->254503K(1208320K), 0.0016670 secs] [Times: user=0.01 sys=0.00, real=0.00 secs] 
64.841: Total time for which application threads were stopped: 0.0017890 seconds, Stopping threads took: 0.0000580 seconds
65.090: Application time: 0.2486640 seconds
65.090: [GC [PSYoungGen: 665776K->624K(666112K)] 919591K->254439K(1208320K), 0.0017040 secs] [Times: user=0.01 sys=0.00, real=0.01 secs] 
65.092: Total time for which application threads were stopped: 0.0018740 seconds, Stopping threads took: 0.0000830 seconds
65.245: Application time: 0.1531490 seconds
65.245: [GC [PSYoungGen: 665712K->736K(666112K)] 919527K->254551K(1208320K), 0.0016830 secs] [Times: user=0.01 sys=0.00, real=0.00 secs] 
65.246: Total time for which application threads were stopped: 0.0018240 seconds, Stopping threads took: 0.0000750 seconds
65.425: Application time: 0.1785850 seconds
65.425: [GC [PSYoungGen: 665824K->432K(666112K)] 919639K->254247K(1208320K), 0.0017060 secs] [Times: user=0.01 sys=0.00, real=0.00 secs] 
65.427: Total time for which application threads were stopped: 0.0018810 seconds, Stopping threads took: 0.0001040 seconds
65.652: Application time: 0.2247790 seconds
65.652: [GC [PSYoungGen: 665520K->784K(666112K)] 919335K->254599K(1208320K), 0.0015860 secs] [Times: user=0.01 sys=0.00, real=0.00 secs] 
65.653: Total time for which application threads were stopped: 0.0017060 seconds, Stopping threads took: 0.0000470 seconds
65.805: Application time: 0.1511580 seconds
65.805: [GC [PSYoungGen: 665872K->688K(666112K)] 919687K->254503K(1208320K), 0.0016820 secs] [Times: user=0.01 sys=0.00, real=0.00 secs] 
65.806: Total time for which application threads were stopped: 0.0018050 seconds, Stopping threads took: 0.0000530 seconds
66.048: Application time: 0.2420330 seconds
66.049: [GC [PSYoungGen: 665776K->592K(666112K)] 919591K->254407K(1208320K), 0.0016540 secs] [Times: user=0.01 sys=0.00, real=0.00 secs] 
66.050: Total time for which application threads were stopped: 0.0018080 seconds, Stopping threads took: 0.0000910 seconds
66.214: Application time: 0.1635550 seconds
66.214: [GC [PSYoungGen: 665680K->720K(666112K)] 919495K->254543K(1208320K), 0.0016850 secs] [Times: user=0.01 sys=0.00, real=0.00 secs] 
66.216: Total time for which application threads were stopped: 0.0018610 seconds, Stopping threads took: 0.0000940 seconds
66.367: Application time: 0.1513290 seconds
66.367: [GC [PSYoungGen: 665808K->784K(666112K)] 919631K->254615K(1208320K), 0.0016690 secs] [Times: user=0.01 sys=0.00, real=0.00 secs] 
66.369: Total time for which application threads were stopped: 0.0017960 seconds, Stopping threads took: 0.0000560 seconds
66.617: Application time: 0.2482830 seconds
66.617: [GC [PSYoungGen: 665872K->800K(666112K)] 919703K->254631K(1208320K), 0.0016600 secs] [Times: user=0.01 sys=0.00, real=0.00 secs] 
66.619: Total time for which application threads were stopped: 0.0018020 seconds, Stopping threads took: 0.0000730 seconds
66.773: Application time: 0.1545680 seconds
66.774: [GC [PSYoungGen: 665888K->656K(666112K)] 919719K->254487K(1208320K), 0.0016870 secs] [Times: user=0.01 sys=0.00, real=0.00 secs] 
66.775: Total time for which application threads were stopped: 0.0018310 seconds, Stopping threads took: 0.0000590 seconds
66.954: Application time: 0.1787430 seconds
66.954: [GC [PSYoungGen: 665744K->432K(666112K)] 919575K->254263K(1208320K), 0.0016530 secs] [Times: user=0.01 sys=0.00, real=0.00 secs] 
66.956: Total time for which application threads were stopped: 0.0018250 seconds, Stopping threads took: 0.0001040 seconds
67.179: Application time: 0.2233680 seconds
67.179: [GC [PSYoungGen: 665520K->768K(666112K)] 919351K->254599K(1208320K), 0.0017770 secs] [Times: user=0.01 sys=0.00, real=0.00 secs] 
67.181: Total time for which application threads were stopped: 0.0019170 seconds, Stopping threads took: 0.0000750 seconds
67.331: Application time: 0.1498220 seconds
67.331: [GC [PSYoungGen: 665856K->784K(666112K)] 919687K->254615K(1208320K), 0.0017840 secs] [Times: user=0.01 sys=0.00, real=0.00 secs] 
67.333: Total time for which application threads were stopped: 0.0019140 seconds, Stopping threads took: 0.0000530 seconds
67.572: Application time: 0.2394870 seconds
67.573: [GC [PSYoungGen: 665872K->528K(666112K)] 919703K->254359K(1208320K), 0.0016870 secs] [Times: user=0.01 sys=0.00, real=0.00 secs] 
67.574: Total time for which application threads were stopped: 0.0018420 seconds, Stopping threads took: 0.0000830 seconds
67.738: Application time: 0.1641620 seconds
67.739: [GC [PSYoungGen: 665616K->832K(666112K)] 919447K->254671K(1208320K), 0.0017700 secs] [Times: user=0.01 sys=0.00, real=0.00 secs] 
67.740: Total time for which application threads were stopped: 0.0019070 seconds, Stopping threads took: 0.0000680 seconds
67.892: Application time: 0.1518770 seconds
67.892: [GC [PSYoungGen: 665920K->576K(666112K)] 919759K->254423K(1208320K), 0.0016650 secs] [Times: user=0.01 sys=0.00, real=0.00 secs] 
67.894: Total time for which application threads were stopped: 0.0018210 seconds, Stopping threads took: 0.0000850 seconds
68.140: Application time: 0.2462080 seconds
68.140: [GC [PSYoungGen: 665664K->688K(666112K)] 919511K->254535K(1208320K), 0.0016670 secs] [Times: user=0.01 sys=0.00, real=0.00 secs] 
68.142: Total time for which application threads were stopped: 0.0018150 seconds, Stopping threads took: 0.0000690 seconds
68.296: Application time: 0.1535080 seconds
68.296: [GC [PSYoungGen: 665776K->736K(666112K)] 919623K->254583K(1208320K), 0.0016670 secs] [Times: user=0.01 sys=0.00, real=0.00 secs] 
68.297: Total time for which application threads were stopped: 0.0017970 seconds, Stopping threads took: 0.0000630 seconds
68.475: Application time: 0.1774210 seconds
68.475: [GC [PSYoungGen: 665824K->464K(666112K)] 919671K->254311K(1208320K), 0.0016540 secs] [Times: user=0.01 sys=0.00, real=0.00 secs] 
68.477: Total time for which application threads were stopped: 0.0018020 seconds, Stopping threads took: 0.0000760 seconds
68.701: Application time: 0.2240660 seconds
68.701: [GC [PSYoungGen: 665552K->704K(666112K)] 919399K->254551K(1208320K), 0.0016660 secs] [Times: user=0.01 sys=0.00, real=0.00 secs] 
68.702: Total time for which application threads were stopped: 0.0018140 seconds, Stopping threads took: 0.0000850 seconds
68.852: Application time: 0.1500070 seconds
68.853: [GC [PSYoungGen: 665792K->736K(666112K)] 919639K->254583K(1208320K), 0.0017890 secs] [Times: user=0.01 sys=0.00, real=0.00 secs] 
68.854: Total time for which application threads were stopped: 0.0019170 seconds, Stopping threads took: 0.0000620 seconds
69.091: Application time: 0.2370780 seconds
69.092: [GC [PSYoungGen: 665824K->496K(666112K)] 919671K->254343K(1208320K), 0.0016700 secs] [Times: user=0.01 sys=0.00, real=0.00 secs] 
69.093: Total time for which application threads were stopped: 0.0018160 seconds, Stopping threads took: 0.0000730 seconds
69.258: Application time: 0.1647380 seconds
69.258: [GC [PSYoungGen: 665584K->784K(666112K)] 919431K->254639K(1208320K), 0.0016520 secs] [Times: user=0.01 sys=0.00, real=0.00 secs] 
69.260: Total time for which application threads were stopped: 0.0018080 seconds, Stopping threads took: 0.0000920 seconds
69.412: Application time: 0.1522690 seconds
69.412: [GC [PSYoungGen: 665872K->816K(666112K)] 919727K->254679K(1208320K), 0.0016400 secs] [Times: user=0.01 sys=0.00, real=0.00 secs] 
69.414: Total time for which application threads were stopped: 0.0017670 seconds, Stopping threads took: 0.0000610 seconds
69.659: Application time: 0.2453460 seconds
69.660: [GC [PSYoungGen: 665904K->656K(666112K)] 919767K->254519K(1208320K), 0.0017680 secs] [Times: user=0.01 sys=0.00, real=0.00 secs] 
69.662: Total time for which application threads were stopped: 0.0030390 seconds, Stopping threads took: 0.0011860 seconds
69.817: Application time: 0.1545150 seconds
69.817: [GC [PSYoungGen: 665744K->704K(666112K)] 919607K->254567K(1208320K), 0.0016640 secs] [Times: user=0.01 sys=0.00, real=0.00 secs] 
69.819: Total time for which application threads were stopped: 0.0018060 seconds, Stopping threads took: 0.0000700 seconds
69.993: Application time: 0.1743570 seconds
69.993: [GC [PSYoungGen: 665792K->496K(666112K)] 919655K->254359K(1208320K), 0.0016970 secs] [Times: user=0.00 sys=0.00, real=0.00 secs] 
69.995: Total time for which application threads were stopped: 0.0018380 seconds, Stopping threads took: 0.0000670 seconds
70.223: Application time: 0.2278300 seconds
70.223: [GC [PSYoungGen: 665584K->864K(666112K)] 919447K->254727K(1208320K), 0.0016620 secs] [Times: user=0.01 sys=0.00, real=0.00 secs] 
70.224: Total time for which application threads were stopped: 0.0017880 seconds, Stopping threads took: 0.0000480 seconds
70.374: Application time: 0.1499760 seconds
70.375: [GC [PSYoungGen: 665952K->720K(666112K)] 919815K->254583K(1208320K), 0.0016740 secs] [Times: user=0.01 sys=0.00, real=0.00 secs] 
70.376: Total time for which application threads were stopped: 0.0018340 seconds, Stopping threads took: 0.0000830 seconds
70.609: Application time: 0.2331450 seconds
70.610: [GC [PSYoungGen: 665808K->544K(666112K)] 919671K->254407K(1208320K), 0.0016390 secs] [Times: user=0.01 sys=0.00, real=0.01 secs] 
70.611: Total time for which application threads were stopped: 0.0017990 seconds, Stopping threads took: 0.0000950 seconds
70.782: Application time: 0.1706800 seconds
70.782: [GC [PSYoungGen: 665632K->752K(666112K)] 919495K->254623K(1208320K), 0.0016870 secs] [Times: user=0.01 sys=0.00, real=0.01 secs] 
70.784: Total time for which application threads were stopped: 0.0018310 seconds, Stopping threads took: 0.0000650 seconds
70.937: Application time: 0.1528750 seconds
70.937: [GC [PSYoungGen: 665840K->656K(666112K)] 919711K->254535K(1208320K), 0.0017650 secs] [Times: user=0.02 sys=0.00, real=0.00 secs] 
70.939: Total time for which application threads were stopped: 0.0019050 seconds, Stopping threads took: 0.0000720 seconds
71.182: Application time: 0.2436160 seconds
71.182: [GC [PSYoungGen: 665744K->608K(666112K)] 919623K->254487K(1208320K), 0.0016820 secs] [Times: user=0.01 sys=0.00, real=0.01 secs] 
71.184: Total time for which application threads were stopped: 0.0017970 seconds, Stopping threads took: 0.0000510 seconds
71.339: Application time: 0.1554660 seconds
71.339: [GC [PSYoungGen: 665696K->784K(666112K)] 919575K->254663K(1208320K), 0.0015090 secs] [Times: user=0.01 sys=0.00, real=0.00 secs] 
71.341: Total time for which application threads were stopped: 0.0016390 seconds, Stopping threads took: 0.0000540 seconds
71.514: Application time: 0.1725050 seconds
71.514: [GC [PSYoungGen: 665872K->464K(666112K)] 919751K->254343K(1208320K), 0.0017380 secs] [Times: user=0.01 sys=0.00, real=0.00 secs] 
71.515: Total time for which application threads were stopped: 0.0019020 seconds, Stopping threads took: 0.0000930 seconds
71.745: Application time: 0.2299420 seconds
71.745: [GC [PSYoungGen: 665552K->752K(666112K)] 919431K->254631K(1208320K), 0.0015930 secs] [Times: user=0.01 sys=0.00, real=0.00 secs] 
71.747: Total time for which application threads were stopped: 0.0017200 seconds, Stopping threads took: 0.0000630 seconds
71.899: Application time: 0.1515310 seconds
71.899: [GC [PSYoungGen: 665840K->752K(666112K)] 919719K->254631K(1208320K), 0.0016950 secs] [Times: user=0.02 sys=0.00, real=0.00 secs] 
71.900: Total time for which application threads were stopped: 0.0018410 seconds, Stopping threads took: 0.0000740 seconds
72.130: Application time: 0.2297610 seconds
72.130: [GC [PSYoungGen: 665840K->528K(666112K)] 919719K->254407K(1208320K), 0.0017030 secs] [Times: user=0.01 sys=0.00, real=0.01 secs] 
72.132: Total time for which application threads were stopped: 0.0018490 seconds, Stopping threads took: 0.0000810 seconds
72.306: Application time: 0.1741910 seconds
72.306: [GC [PSYoungGen: 665616K->768K(666112K)] 919495K->254655K(1208320K), 0.0016750 secs] [Times: user=0.01 sys=0.00, real=0.00 secs] 
72.308: Total time for which application threads were stopped: 0.0018130 seconds, Stopping threads took: 0.0000690 seconds
72.461: Application time: 0.1530840 seconds
72.461: [GC [PSYoungGen: 665856K->624K(666112K)] 919743K->254519K(1208320K), 0.0016830 secs] [Times: user=0.01 sys=0.00, real=0.01 secs] 
72.463: Total time for which application threads were stopped: 0.0018300 seconds, Stopping threads took: 0.0000700 seconds
72.706: Application time: 0.2430300 seconds
72.706: [GC [PSYoungGen: 665712K->720K(666112K)] 919607K->254615K(1208320K), 0.0016650 secs] [Times: user=0.01 sys=0.00, real=0.00 secs] 
72.708: Total time for which application threads were stopped: 0.0017850 seconds, Stopping threads took: 0.0000550 seconds
72.865: Application time: 0.1569600 seconds
72.865: [GC [PSYoungGen: 665808K->752K(666112K)] 919703K->254647K(1208320K), 0.0016620 secs] [Times: user=0.01 sys=0.00, real=0.00 secs] 
72.867: Total time for which application threads were stopped: 0.0018140 seconds, Stopping threads took: 0.0000800 seconds
73.040: Application time: 0.1730210 seconds
73.040: [GC [PSYoungGen: 665840K->544K(666112K)] 919735K->254439K(1208320K), 0.0016730 secs] [Times: user=0.02 sys=0.00, real=0.00 secs] 
73.041: Total time for which application threads were stopped: 0.0018230 seconds, Stopping threads took: 0.0000770 seconds
73.267: Application time: 0.2260380 seconds
73.268: [GC [PSYoungGen: 665632K->608K(666112K)] 919527K->254503K(1208320K), 0.0017230 secs] [Times: user=0.01 sys=0.00, real=0.00 secs] 
73.269: Total time for which application threads were stopped: 0.0018660 seconds, Stopping threads took: 0.0000700 seconds
73.422: Application time: 0.1523770 seconds
73.422: [GC [PSYoungGen: 665696K->656K(666112K)] 919591K->254551K(1208320K), 0.0016540 secs] [Times: user=0.01 sys=0.00, real=0.01 secs] 
73.424: Total time for which application threads were stopped: 0.0017810 seconds, Stopping threads took: 0.0000620 seconds
73.651: Application time: 0.2270850 seconds
73.651: [GC [PSYoungGen: 665744K->624K(666112K)] 919639K->254519K(1208320K), 0.0016690 secs] [Times: user=0.01 sys=0.00, real=0.00 secs] 
73.652: Total time for which application threads were stopped: 0.0018130 seconds, Stopping threads took: 0.0000720 seconds
73.829: Application time: 0.1765940 seconds
73.829: [GC [PSYoungGen: 665712K->768K(666112K)] 919607K->254671K(1208320K), 0.0017090 secs] [Times: user=0.01 sys=0.00, real=0.01 secs] 
73.831: Total time for which application threads were stopped: 0.0018680 seconds, Stopping threads took: 0.0000860 seconds
73.985: Application time: 0.1537320 seconds
73.985: [GC [PSYoungGen: 665856K->800K(666112K)] 919759K->254711K(1208320K), 0.0016590 secs] [Times: user=0.01 sys=0.00, real=0.00 secs] 
73.986: Total time for which application threads were stopped: 0.0018240 seconds, Stopping threads took: 0.0000990 seconds
74.227: Application time: 0.2401090 seconds
74.227: [GC [PSYoungGen: 665888K->672K(666112K)] 919799K->254583K(1208320K), 0.0016370 secs] [Times: user=0.01 sys=0.00, real=0.00 secs] 
74.228: Total time for which application threads were stopped: 0.0017700 seconds, Stopping threads took: 0.0000510 seconds
74.386: Application time: 0.1578500 seconds
74.386: [GC [PSYoungGen: 665760K->800K(666112K)] 919671K->254711K(1208320K), 0.0016780 secs] [Times: user=0.01 sys=0.00, real=0.00 secs] 
74.388: Total time for which application threads were stopped: 0.0018260 seconds, Stopping threads took: 0.0000800 seconds
74.563: Application time: 0.1753710 seconds
74.564: [GC [PSYoungGen: 665888K->480K(666112K)] 919799K->254391K(1208320K), 0.0016910 secs] [Times: user=0.01 sys=0.00, real=0.00 secs] 
74.565: Total time for which application threads were stopped: 0.0018230 seconds, Stopping threads took: 0.0000650 seconds
74.789: Application time: 0.2240230 seconds
74.789: [GC [PSYoungGen: 665568K->704K(666112K)] 919479K->254615K(1208320K), 0.0017070 secs] [Times: user=0.01 sys=0.00, real=0.01 secs] 
74.791: Total time for which application threads were stopped: 0.0018660 seconds, Stopping threads took: 0.0000790 seconds
74.946: Application time: 0.1547220 seconds
74.946: [GC [PSYoungGen: 665792K->688K(666112K)] 919703K->254599K(1208320K), 0.0016370 secs] [Times: user=0.01 sys=0.00, real=0.00 secs] 
74.948: Total time for which application threads were stopped: 0.0017740 seconds, Stopping threads took: 0.0000690 seconds
75.178: Application time: 0.2304190 seconds
75.178: [GC [PSYoungGen: 665776K->544K(666112K)] 919687K->254455K(1208320K), 0.0018030 secs] [Times: user=0.01 sys=0.00, real=0.00 secs] 
75.180: Total time for which application threads were stopped: 0.0019660 seconds, Stopping threads took: 0.0000980 seconds
75.354: Application time: 0.1736170 seconds
75.354: [GC [PSYoungGen: 665632K->656K(666112K)] 919543K->254575K(1208320K), 0.0016760 secs] [Times: user=0.01 sys=0.00, real=0.00 secs] 
75.355: Total time for which application threads were stopped: 0.0018140 seconds, Stopping threads took: 0.0000580 seconds
75.509: Application time: 0.1533200 seconds
75.509: [GC [PSYoungGen: 665744K->672K(666112K)] 919663K->254599K(1208320K), 0.0017020 secs] [Times: user=0.01 sys=0.00, real=0.01 secs] 
75.511: Total time for which application threads were stopped: 0.0018450 seconds, Stopping threads took: 0.0000670 seconds
75.752: Application time: 0.2417660 seconds
75.753: [GC [PSYoungGen: 665760K->736K(666112K)] 919687K->254663K(1208320K), 0.0016660 secs] [Times: user=0.01 sys=0.00, real=0.00 secs] 
75.754: Total time for which application threads were stopped: 0.0018250 seconds, Stopping threads took: 0.0000880 seconds
75.913: Application time: 0.1587160 seconds
75.913: [GC [PSYoungGen: 665824K->752K(666112K)] 919751K->254679K(1208320K), 0.0015050 secs] [Times: user=0.01 sys=0.00, real=0.00 secs] 
75.915: Total time for which application threads were stopped: 0.0016730 seconds, Stopping threads took: 0.0000970 seconds
76.092: Application time: 0.1778690 seconds
76.093: [GC [PSYoungGen: 665840K->496K(666112K)] 919767K->254423K(1208320K), 0.0016820 secs] [Times: user=0.01 sys=0.00, real=0.00 secs] 
76.094: Total time for which application threads were stopped: 0.0018650 seconds, Stopping threads took: 0.0001090 seconds
76.318: Application time: 0.2233940 seconds
76.318: [GC [PSYoungGen: 665584K->848K(666112K)] 919511K->254775K(1208320K), 0.0016950 secs] [Times: user=0.01 sys=0.00, real=0.00 secs] 
76.320: Total time for which application threads were stopped: 0.0018460 seconds, Stopping threads took: 0.0000820 seconds
76.475: Application time: 0.1552540 seconds
76.475: [GC [PSYoungGen: 665936K->736K(666112K)] 919863K->254663K(1208320K), 0.0017420 secs] [Times: user=0.01 sys=0.00, real=0.00 secs] 
76.477: Total time for which application threads were stopped: 0.0018860 seconds, Stopping threads took: 0.0000630 seconds
76.707: Application time: 0.2303020 seconds
76.707: [GC [PSYoungGen: 665824K->688K(666112K)] 919751K->254615K(1208320K), 0.0016670 secs] [Times: user=0.01 sys=0.00, real=0.00 secs] 
76.709: Total time for which application threads were stopped: 0.0018020 seconds, Stopping threads took: 0.0000660 seconds
76.883: Application time: 0.1743340 seconds
76.883: [GC [PSYoungGen: 665776K->656K(666112K)] 919703K->254591K(1208320K), 0.0016150 secs] [Times: user=0.02 sys=0.00, real=0.00 secs] 
76.885: Total time for which application threads were stopped: 0.0017540 seconds, Stopping threads took: 0.0000740 seconds
77.040: Application time: 0.1550300 seconds
77.040: [GC [PSYoungGen: 665744K->656K(666112K)] 919679K->254599K(1208320K), 0.0016620 secs] [Times: user=0.01 sys=0.00, real=0.00 secs] 
77.042: Total time for which application threads were stopped: 0.0018060 seconds, Stopping threads took: 0.0000680 seconds
77.281: Application time: 0.2391640 seconds
77.281: [GC [PSYoungGen: 665744K->736K(666112K)] 919687K->254679K(1208320K), 0.0016910 secs] [Times: user=0.01 sys=0.00, real=0.01 secs] 
77.283: Total time for which application threads were stopped: 0.0018490 seconds, Stopping threads took: 0.0000910 seconds
77.443: Application time: 0.1601400 seconds
77.443: [GC [PSYoungGen: 665824K->688K(666112K)] 919767K->254631K(1208320K), 0.0017680 secs] [Times: user=0.01 sys=0.00, real=0.00 secs] 
77.445: Total time for which application threads were stopped: 0.0018880 seconds, Stopping threads took: 0.0000550 seconds
77.624: Application time: 0.1795210 seconds
77.624: [GC [PSYoungGen: 665776K->544K(666112K)] 919719K->254487K(1208320K), 0.0016700 secs] [Times: user=0.01 sys=0.00, real=0.00 secs] 
77.626: Total time for which application threads were stopped: 0.0018090 seconds, Stopping threads took: 0.0000670 seconds
77.850: Application time: 0.2234180 seconds
77.850: [GC [PSYoungGen: 665632K->768K(666112K)] 919575K->254711K(1208320K), 0.0016670 secs] [Times: user=0.01 sys=0.00, real=0.01 secs] 
77.851: Total time for which application threads were stopped: 0.0018210 seconds, Stopping threads took: 0.0000910 seconds
78.005: Application time: 0.1533510 seconds
78.005: [GC [PSYoungGen: 665856K->768K(666112K)] 919799K->254711K(1208320K), 0.0016890 secs] [Times: user=0.01 sys=0.00, real=0.00 secs] 
78.007: Total time for which application threads were stopped: 0.0018260 seconds, Stopping threads took: 0.0000690 seconds
78.230: Application time: 0.2236840 seconds
78.230: [GC [PSYoungGen: 665856K->592K(666112K)] 919799K->254535K(1208320K), 0.0018060 secs] [Times: user=0.01 sys=0.00, real=0.01 secs] 
78.232: Total time for which application threads were stopped: 0.0019720 seconds, Stopping threads took: 0.0000830 seconds
78.413: Application time: 0.1812060 seconds
78.414: [GC [PSYoungGen: 665680K->848K(666112K)] 919623K->254799K(1208320K), 0.0018650 secs] [Times: user=0.01 sys=0.00, real=0.00 secs] 
78.415: Total time for which application threads were stopped: 0.0019970 seconds, Stopping threads took: 0.0000600 seconds
78.570: Application time: 0.1546640 seconds
78.570: [GC [PSYoungGen: 665936K->688K(666112K)] 919887K->254671K(1208320K), 0.0018220 secs] [Times: user=0.01 sys=0.00, real=0.01 secs] 
78.572: Total time for which application threads were stopped: 0.0019770 seconds, Stopping threads took: 0.0000860 seconds
78.815: Application time: 0.2427560 seconds
78.815: [GC [PSYoungGen: 665776K->640K(666112K)] 919759K->254623K(1208320K), 0.0016860 secs] [Times: user=0.01 sys=0.00, real=0.00 secs] 
78.817: Total time for which application threads were stopped: 0.0018390 seconds, Stopping threads took: 0.0000690 seconds
78.975: Application time: 0.1587770 seconds
78.976: [GC [PSYoungGen: 665728K->800K(666112K)] 919711K->254783K(1208320K), 0.0016170 secs] [Times: user=0.01 sys=0.00, real=0.00 secs] 
78.977: Total time for which application threads were stopped: 0.0017630 seconds, Stopping threads took: 0.0000820 seconds
79.155: Application time: 0.1781470 seconds
79.156: [GC [PSYoungGen: 665888K->640K(666112K)] 919871K->254623K(1208320K), 0.0017670 secs] [Times: user=0.01 sys=0.00, real=0.00 secs] 
79.157: Total time for which application threads were stopped: 0.0019060 seconds, Stopping threads took: 0.0000740 seconds
79.382: Application time: 0.2247740 seconds
79.382: [GC [PSYoungGen: 665728K->736K(666112K)] 919711K->254719K(1208320K), 0.0017020 secs] [Times: user=0.01 sys=0.00, real=0.01 secs] 
79.384: Total time for which application threads were stopped: 0.0018630 seconds, Stopping threads took: 0.0000850 seconds
79.536: Application time: 0.1523860 seconds
79.536: [GC [PSYoungGen: 665824K->736K(666112K)] 919807K->254719K(1208320K), 0.0016770 secs] [Times: user=0.01 sys=0.00, real=0.00 secs] 
79.538: Total time for which application threads were stopped: 0.0018340 seconds, Stopping threads took: 0.0000920 seconds
79.762: Application time: 0.2243330 seconds
79.763: [GC [PSYoungGen: 665824K->672K(666112K)] 919807K->254655K(1208320K), 0.0016530 secs] [Times: user=0.01 sys=0.00, real=0.00 secs] 
79.764: Total time for which application threads were stopped: 0.0018060 seconds, Stopping threads took: 0.0000810 seconds
79.946: Application time: 0.1814290 seconds
79.946: [GC [PSYoungGen: 665760K->896K(666112K)] 919743K->254887K(1208320K), 0.0014940 secs] [Times: user=0.01 sys=0.00, real=0.00 secs] 
79.947: Total time for which application threads were stopped: 0.0017470 seconds, Stopping threads took: 0.0000780 seconds
80.101: Application time: 0.1534690 seconds
80.101: [GC [PSYoungGen: 665984K->496K(666112K)] 919975K->254495K(1208320K), 0.0016830 secs] [Times: user=0.01 sys=0.00, real=0.01 secs] 
80.103: Total time for which application threads were stopped: 0.0018400 seconds, Stopping threads took: 0.0000950 seconds
80.344: Application time: 0.2407330 seconds
80.344: [GC [PSYoungGen: 665584K->624K(666112K)] 919583K->254623K(1208320K), 0.0016730 secs] [Times: user=0.01 sys=0.00, real=0.00 secs] 
80.345: Total time for which application threads were stopped: 0.0018110 seconds, Stopping threads took: 0.0000720 seconds
80.505: Application time: 0.1600150 seconds
80.505: [GC [PSYoungGen: 665712K->768K(666112K)] 919711K->254767K(1208320K), 0.0017120 secs] [Times: user=0.01 sys=0.00, real=0.00 secs] 
80.507: Total time for which application threads were stopped: 0.0018450 seconds, Stopping threads took: 0.0000600 seconds
80.688: Application time: 0.1803230 seconds
80.688: [GC [PSYoungGen: 665856K->528K(666112K)] 919855K->254527K(1208320K), 0.0016870 secs] [Times: user=0.01 sys=0.00, real=0.00 secs] 
80.689: Total time for which application threads were stopped: 0.0018260 seconds, Stopping threads took: 0.0000690 seconds
80.913: Application time: 0.2233380 seconds
80.913: [GC [PSYoungGen: 665616K->688K(666112K)] 919615K->254687K(1208320K), 0.0016750 secs] [Times: user=0.01 sys=0.00, real=0.00 secs] 
80.915: Total time for which application threads were stopped: 0.0018030 seconds, Stopping threads took: 0.0000570 seconds
81.067: Application time: 0.1527540 seconds
81.067: [GC [PSYoungGen: 665776K->720K(666112K)] 919775K->254719K(1208320K), 0.0016830 secs] [Times: user=0.01 sys=0.00, real=0.00 secs] 
81.069: Total time for which application threads were stopped: 0.0018330 seconds, Stopping threads took: 0.0000660 seconds
81.292: Application time: 0.2230990 seconds
81.292: [GC [PSYoungGen: 665808K->544K(666112K)] 919807K->254543K(1208320K), 0.0016440 secs] [Times: user=0.01 sys=0.00, real=0.00 secs] 
81.294: Total time for which application threads were stopped: 0.0017740 seconds, Stopping threads took: 0.0000670 seconds
81.475: Application time: 0.1806890 seconds
81.475: [GC [PSYoungGen: 665632K->768K(666112K)] 919631K->254775K(1208320K), 0.0016880 secs] [Times: user=0.01 sys=0.00, real=0.00 secs] 
81.477: Total time for which application threads were stopped: 0.0018200 seconds, Stopping threads took: 0.0000610 seconds
81.631: Application time: 0.1540290 seconds
81.631: [GC [PSYoungGen: 665856K->656K(666112K)] 919863K->254671K(1208320K), 0.0017060 secs] [Times: user=0.01 sys=0.00, real=0.00 secs] 
81.632: Total time for which application threads were stopped: 0.0018530 seconds, Stopping threads took: 0.0000750 seconds
81.869: Application time: 0.2369870 seconds
81.870: [GC [PSYoungGen: 665744K->768K(666112K)] 919759K->254783K(1208320K), 0.0014790 secs] [Times: user=0.01 sys=0.00, real=0.01 secs] 
81.871: Total time for which application threads were stopped: 0.0016200 seconds, Stopping threads took: 0.0000810 seconds
82.035: Application time: 0.1641190 seconds
82.035: [GC [PSYoungGen: 665856K->656K(666112K)] 919871K->254671K(1208320K), 0.0016740 secs] [Times: user=0.01 sys=0.00, real=0.00 secs] 
82.037: Total time for which application threads were stopped: 0.0018120 seconds, Stopping threads took: 0.0000750 seconds
82.218: Application time: 0.1807440 seconds
82.218: [GC [PSYoungGen: 665744K->480K(666112K)] 919759K->254495K(1208320K), 0.0016970 secs] [Times: user=0.01 sys=0.00, real=0.00 secs] 
82.220: Total time for which application threads were stopped: 0.0018710 seconds, Stopping threads took: 0.0000920 seconds
82.437: Application time: 0.2177600 seconds
82.437: [GC [PSYoungGen: 665568K->656K(666112K)] 919583K->254671K(1208320K), 0.0015910 secs] [Times: user=0.01 sys=0.00, real=0.00 secs] 
82.439: Total time for which application threads were stopped: 0.0017390 seconds, Stopping threads took: 0.0000770 seconds
82.594: Application time: 0.1552950 seconds
82.594: [GC [PSYoungGen: 665744K->848K(666112K)] 919759K->254863K(1208320K), 0.0016610 secs] [Times: user=0.01 sys=0.00, real=0.00 secs] 
82.596: Total time for which application threads were stopped: 0.0017930 seconds, Stopping threads took: 0.0000590 seconds
82.815: Application time: 0.2188850 seconds
82.815: [GC [PSYoungGen: 665936K->608K(666112K)] 919951K->254623K(1208320K), 0.0016790 secs] [Times: user=0.01 sys=0.00, real=0.00 secs] 
82.817: Total time for which application threads were stopped: 0.0018400 seconds, Stopping threads took: 0.0000890 seconds
83.001: Application time: 0.1842290 seconds
83.001: [GC [PSYoungGen: 665696K->752K(666112K)] 919711K->254775K(1208320K), 0.0016280 secs] [Times: user=0.01 sys=0.00, real=0.01 secs] 
83.003: Total time for which application threads were stopped: 0.0017740 seconds, Stopping threads took: 0.0000750 seconds
83.160: Application time: 0.1571040 seconds
83.160: [GC [PSYoungGen: 665840K->592K(666112K)] 919863K->254623K(1208320K), 0.0017690 secs] [Times: user=0.01 sys=0.00, real=0.00 secs] 
83.162: Total time for which application threads were stopped: 0.0019100 seconds, Stopping threads took: 0.0000670 seconds
83.390: Application time: 0.2276650 seconds
83.390: [GC [PSYoungGen: 665680K->672K(666112K)] 919711K->254703K(1208320K), 0.0016660 secs] [Times: user=0.01 sys=0.00, real=0.01 secs] 
83.391: Total time for which application threads were stopped: 0.0018000 seconds, Stopping threads took: 0.0000610 seconds
83.558: Application time: 0.1663920 seconds
83.558: [GC [PSYoungGen: 665760K->704K(666112K)] 919791K->254735K(1208320K), 0.0016990 secs] [Times: user=0.02 sys=0.00, real=0.00 secs] 
83.560: Total time for which application threads were stopped: 0.0018540 seconds, Stopping threads took: 0.0000910 seconds
83.742: Application time: 0.1819000 seconds
83.742: [GC [PSYoungGen: 665792K->560K(666112K)] 919823K->254591K(1208320K), 0.0016420 secs] [Times: user=0.01 sys=0.00, real=0.01 secs] 
83.743: Total time for which application threads were stopped: 0.0017830 seconds, Stopping threads took: 0.0000770 seconds
83.954: Application time: 0.2105860 seconds
83.954: [GC [PSYoungGen: 665648K->624K(666112K)] 919679K->254655K(1208320K), 0.0016550 secs] [Times: user=0.01 sys=0.00, real=0.00 secs] 
83.956: Total time for which application threads were stopped: 0.0017860 seconds, Stopping threads took: 0.0000610 seconds
84.113: Application time: 0.1569300 seconds
84.113: [GC [PSYoungGen: 665712K->688K(666112K)] 919743K->254719K(1208320K), 0.0016810 secs] [Times: user=0.01 sys=0.00, real=0.00 secs] 
84.114: Total time for which application threads were stopped: 0.0018020 seconds, Stopping threads took: 0.0000570 seconds
84.329: Application time: 0.2144280 seconds
84.329: [GC [PSYoungGen: 665776K->592K(666112K)] 919807K->254623K(1208320K), 0.0016730 secs] [Times: user=0.01 sys=0.00, real=0.01 secs] 
84.331: Total time for which application threads were stopped: 0.0018010 seconds, Stopping threads took: 0.0000550 seconds
84.516: Application time: 0.1853030 seconds
84.516: [GC [PSYoungGen: 665680K->768K(666112K)] 919711K->254807K(1208320K), 0.0017510 secs] [Times: user=0.01 sys=0.00, real=0.00 secs] 
84.518: Total time for which application threads were stopped: 0.0019260 seconds, Stopping threads took: 0.0001010 seconds
84.675: Application time: 0.1573570 seconds
84.675: [GC [PSYoungGen: 665856K->624K(666112K)] 919895K->254671K(1208320K), 0.0016200 secs] [Times: user=0.01 sys=0.00, real=0.00 secs] 
84.677: Total time for which application threads were stopped: 0.0017400 seconds, Stopping threads took: 0.0000550 seconds
84.906: Application time: 0.2286140 seconds
84.906: [GC [PSYoungGen: 665712K->768K(666112K)] 919759K->254815K(1208320K), 0.0017150 secs] [Times: user=0.01 sys=0.00, real=0.00 secs] 
84.908: Total time for which application threads were stopped: 0.0019060 seconds, Stopping threads took: 0.0001210 seconds
85.077: Application time: 0.1696260 seconds
85.077: [GC [PSYoungGen: 665856K->640K(666112K)] 919903K->254687K(1208320K), 0.0016840 secs] [Times: user=0.01 sys=0.00, real=0.00 secs] 
85.079: Total time for which application threads were stopped: 0.0018300 seconds, Stopping threads took: 0.0000690 seconds
85.259: Application time: 0.1802740 seconds
85.259: [GC [PSYoungGen: 665728K->480K(666112K)] 919775K->254527K(1208320K), 0.0017540 secs] [Times: user=0.02 sys=0.00, real=0.00 secs] 
85.261: Total time for which application threads were stopped: 0.0018900 seconds, Stopping threads took: 0.0000700 seconds
85.474: Application time: 0.2130480 seconds
85.474: [GC [PSYoungGen: 665568K->656K(666112K)] 919615K->254703K(1208320K), 0.0016970 secs] [Times: user=0.01 sys=0.00, real=0.00 secs] 
85.476: Total time for which application threads were stopped: 0.0018330 seconds, Stopping threads took: 0.0000630 seconds
85.636: Application time: 0.1597510 seconds
85.636: [GC [PSYoungGen: 665744K->736K(666112K)] 919791K->254783K(1208320K), 0.0016560 secs] [Times: user=0.01 sys=0.00, real=0.00 secs] 
85.638: Total time for which application threads were stopped: 0.0017980 seconds, Stopping threads took: 0.0000700 seconds
85.855: Application time: 0.2174530 seconds
85.855: [GC [PSYoungGen: 665824K->640K(666112K)] 919871K->254687K(1208320K), 0.0017290 secs] [Times: user=0.01 sys=0.00, real=0.00 secs] 
85.857: Total time for which application threads were stopped: 0.0018720 seconds, Stopping threads took: 0.0000690 seconds
86.045: Application time: 0.1876310 seconds
86.045: [GC [PSYoungGen: 665728K->832K(666112K)] 919775K->254887K(1208320K), 0.0016590 secs] [Times: user=0.01 sys=0.00, real=0.00 secs] 
86.046: Total time for which application threads were stopped: 0.0018220 seconds, Stopping threads took: 0.0000810 seconds
86.204: Application time: 0.1576170 seconds
86.204: [GC [PSYoungGen: 665920K->640K(666112K)] 919975K->254711K(1208320K), 0.0016720 secs] [Times: user=0.01 sys=0.00, real=0.00 secs] 
86.206: Total time for which application threads were stopped: 0.0018260 seconds, Stopping threads took: 0.0000710 seconds
86.433: Application time: 0.2269920 seconds
86.433: [GC [PSYoungGen: 665728K->640K(666112K)] 919799K->254711K(1208320K), 0.0016870 secs] [Times: user=0.01 sys=0.00, real=0.00 secs] 
86.435: Total time for which application threads were stopped: 0.0018640 seconds, Stopping threads took: 0.0001050 seconds
86.605: Application time: 0.1698270 seconds
86.605: [GC [PSYoungGen: 665728K->704K(666112K)] 919799K->254775K(1208320K), 0.0017160 secs] [Times: user=0.01 sys=0.00, real=0.00 secs] 
86.606: Total time for which application threads were stopped: 0.0018560 seconds, Stopping threads took: 0.0000670 seconds
86.787: Application time: 0.1807130 seconds
86.787: [GC [PSYoungGen: 665792K->528K(666112K)] 919863K->254599K(1208320K), 0.0017110 secs] [Times: user=0.01 sys=0.00, real=0.00 secs] 
86.789: Total time for which application threads were stopped: 0.0018870 seconds, Stopping threads took: 0.0000980 seconds
87.004: Application time: 0.2148000 seconds
87.004: [GC [PSYoungGen: 665616K->704K(666112K)] 919687K->254775K(1208320K), 0.0016900 secs] [Times: user=0.01 sys=0.00, real=0.00 secs] 
87.006: Total time for which application threads were stopped: 0.0018000 seconds, Stopping threads took: 0.0000490 seconds
87.166: Application time: 0.1600710 seconds
87.166: [GC [PSYoungGen: 665792K->704K(666112K)] 919863K->254775K(1208320K), 0.0016710 secs] [Times: user=0.01 sys=0.00, real=0.00 secs] 
87.167: Total time for which application threads were stopped: 0.0018050 seconds, Stopping threads took: 0.0000610 seconds
87.380: Application time: 0.2124720 seconds
87.380: [GC [PSYoungGen: 665792K->560K(666112K)] 919863K->254631K(1208320K), 0.0016610 secs] [Times: user=0.02 sys=0.00, real=0.00 secs] 
87.382: Total time for which application threads were stopped: 0.0018270 seconds, Stopping threads took: 0.0000850 seconds
87.572: Application time: 0.1899420 seconds
87.572: [GC [PSYoungGen: 665648K->784K(666112K)] 919719K->254863K(1208320K), 0.0016930 secs] [Times: user=0.01 sys=0.00, real=0.00 secs] 
87.574: Total time for which application threads were stopped: 0.0018560 seconds, Stopping threads took: 0.0000920 seconds
87.734: Application time: 0.1601230 seconds
87.734: [GC [PSYoungGen: 665872K->688K(666112K)] 919951K->254775K(1208320K), 0.0016970 secs] [Times: user=0.01 sys=0.00, real=0.00 secs] 
87.736: Total time for which application threads were stopped: 0.0018450 seconds, Stopping threads took: 0.0000760 seconds
87.959: Application time: 0.2236630 seconds
87.959: [GC [PSYoungGen: 665776K->576K(666112K)] 919863K->254663K(1208320K), 0.0014910 secs] [Times: user=0.01 sys=0.00, real=0.00 secs] 
87.961: Total time for which application threads were stopped: 0.0016390 seconds, Stopping threads took: 0.0000730 seconds
88.131: Application time: 0.1701760 seconds
88.131: [GC [PSYoungGen: 665664K->784K(666112K)] 919751K->254871K(1208320K), 0.0017240 secs] [Times: user=0.01 sys=0.00, real=0.00 secs] 
88.133: Total time for which application threads were stopped: 0.0018700 seconds, Stopping threads took: 0.0000740 seconds
88.313: Application time: 0.1797440 seconds
88.313: [GC [PSYoungGen: 665872K->576K(666112K)] 919959K->254663K(1208320K), 0.0015860 secs] [Times: user=0.01 sys=0.00, real=0.00 secs] 
88.314: Total time for which application threads were stopped: 0.0017060 seconds, Stopping threads took: 0.0000520 seconds
88.529: Application time: 0.2150650 seconds
88.530: [GC [PSYoungGen: 665664K->608K(666112K)] 919751K->254695K(1208320K), 0.0016990 secs] [Times: user=0.01 sys=0.00, real=0.01 secs] 
88.531: Total time for which application threads were stopped: 0.0018700 seconds, Stopping threads took: 0.0000890 seconds
88.692: Application time: 0.1609650 seconds
88.692: [GC [PSYoungGen: 665696K->672K(666112K)] 919783K->254759K(1208320K), 0.0017640 secs] [Times: user=0.01 sys=0.00, real=0.00 secs] 
88.694: Total time for which application threads were stopped: 0.0018980 seconds, Stopping threads took: 0.0000680 seconds
88.901: Application time: 0.2064130 seconds
88.901: [GC [PSYoungGen: 665760K->624K(666112K)] 919847K->254711K(1208320K), 0.0016670 secs] [Times: user=0.01 sys=0.00, real=0.00 secs] 
88.902: Total time for which application threads were stopped: 0.0018170 seconds, Stopping threads took: 0.0000870 seconds
89.099: Application time: 0.1967780 seconds
89.099: [GC [PSYoungGen: 665712K->704K(666112K)] 919799K->254799K(1208320K), 0.0016610 secs] [Times: user=0.01 sys=0.00, real=0.00 secs] 
89.101: Total time for which application threads were stopped: 0.0018160 seconds, Stopping threads took: 0.0000740 seconds
89.262: Application time: 0.1613640 seconds
89.263: [GC [PSYoungGen: 665792K->624K(666112K)] 919887K->254727K(1208320K), 0.0016830 secs] [Times: user=0.00 sys=0.01, real=0.01 secs] 
89.264: Total time for which application threads were stopped: 0.0018320 seconds, Stopping threads took: 0.0000890 seconds
89.485: Application time: 0.2212640 seconds
89.486: [GC [PSYoungGen: 665712K->608K(666112K)] 919815K->254711K(1208320K), 0.0016900 secs] [Times: user=0.02 sys=0.00, real=0.00 secs] 
89.487: Total time for which application threads were stopped: 0.0018250 seconds, Stopping threads took: 0.0000670 seconds
89.660: Application time: 0.1731320 seconds
89.662: [GC [PSYoungGen: 665696K->800K(666112K)] 919799K->254903K(1208320K), 0.0016640 secs] [Times: user=0.01 sys=0.00, real=0.01 secs] 
89.663: Total time for which application threads were stopped: 0.0029810 seconds, Stopping threads took: 0.0012320 seconds
89.846: Application time: 0.1822800 seconds
89.846: [GC [PSYoungGen: 665888K->640K(666112K)] 919991K->254743K(1208320K), 0.0016930 secs] [Times: user=0.01 sys=0.00, real=0.00 secs] 
89.848: Total time for which application threads were stopped: 0.0018620 seconds, Stopping threads took: 0.0000940 seconds
90.060: Application time: 0.2128250 seconds
90.061: [GC [PSYoungGen: 665728K->624K(666112K)] 919831K->254727K(1208320K), 0.0016370 secs] [Times: user=0.01 sys=0.00, real=0.00 secs] 
90.062: Total time for which application threads were stopped: 0.0017840 seconds, Stopping threads took: 0.0000810 seconds
90.223: Application time: 0.1610280 seconds
90.223: [GC [PSYoungGen: 665712K->672K(666112K)] 919815K->254775K(1208320K), 0.0016700 secs] [Times: user=0.01 sys=0.00, real=0.00 secs] 
90.225: Total time for which application threads were stopped: 0.0018170 seconds, Stopping threads took: 0.0000720 seconds
90.432: Application time: 0.2070880 seconds
90.432: [GC [PSYoungGen: 665760K->544K(666112K)] 919863K->254647K(1208320K), 0.0016260 secs] [Times: user=0.01 sys=0.00, real=0.00 secs] 
90.434: Total time for which application threads were stopped: 0.0017820 seconds, Stopping threads took: 0.0000920 seconds
90.626: Application time: 0.1923020 seconds
90.626: [GC [PSYoungGen: 665632K->672K(666112K)] 919735K->254783K(1208320K), 0.0016630 secs] [Times: user=0.01 sys=0.00, real=0.00 secs] 
90.628: Total time for which application threads were stopped: 0.0017850 seconds, Stopping threads took: 0.0000580 seconds
90.788: Application time: 0.1603010 seconds
90.788: [GC [PSYoungGen: 665760K->624K(666112K)] 919871K->254751K(1208320K), 0.0016500 secs] [Times: user=0.01 sys=0.00, real=0.00 secs] 
90.790: Total time for which application threads were stopped: 0.0018270 seconds, Stopping threads took: 0.0001030 seconds
91.013: Application time: 0.2231010 seconds
91.013: [GC [PSYoungGen: 665712K->560K(666112K)] 919839K->254687K(1208320K), 0.0017080 secs] [Times: user=0.01 sys=0.00, real=0.00 secs] 
91.015: Total time for which application threads were stopped: 0.0018520 seconds, Stopping threads took: 0.0000700 seconds
91.188: Application time: 0.1730300 seconds
91.188: [GC [PSYoungGen: 665648K->720K(666112K)] 919775K->254847K(1208320K), 0.0016610 secs] [Times: user=0.01 sys=0.00, real=0.00 secs] 
91.190: Total time for which application threads were stopped: 0.0018150 seconds, Stopping threads took: 0.0000900 seconds
91.370: Application time: 0.1796300 seconds
91.370: [GC [PSYoungGen: 665808K->592K(666112K)] 919935K->254719K(1208320K), 0.0014670 secs] [Times: user=0.01 sys=0.00, real=0.01 secs] 
91.371: Total time for which application threads were stopped: 0.0016100 seconds, Stopping threads took: 0.0000670 seconds
91.587: Application time: 0.2153990 seconds
91.587: [GC [PSYoungGen: 665680K->688K(666112K)] 919807K->254815K(1208320K), 0.0016990 secs] [Times: user=0.01 sys=0.00, real=0.00 secs] 
91.588: Total time for which application threads were stopped: 0.0018380 seconds, Stopping threads took: 0.0000680 seconds
91.749: Application time: 0.1604830 seconds
91.749: [GC [PSYoungGen: 665776K->768K(666112K)] 919903K->254895K(1208320K), 0.0016840 secs] [Times: user=0.01 sys=0.00, real=0.01 secs] 
91.751: Total time for which application threads were stopped: 0.0018320 seconds, Stopping threads took: 0.0000760 seconds
91.961: Application time: 0.2101200 seconds
91.961: [GC [PSYoungGen: 665856K->560K(666112K)] 919983K->254687K(1208320K), 0.0017560 secs] [Times: user=0.01 sys=0.01, real=0.01 secs] 
91.963: Total time for which application threads were stopped: 0.0019070 seconds, Stopping threads took: 0.0000790 seconds
92.157: Application time: 0.1946870 seconds
92.158: [GC [PSYoungGen: 665648K->704K(666112K)] 919775K->254839K(1208320K), 0.0014680 secs] [Times: user=0.01 sys=0.00, real=0.00 secs] 
92.159: Total time for which application threads were stopped: 0.0016180 seconds, Stopping threads took: 0.0000740 seconds
92.314: Application time: 0.1545510 seconds
92.314: [GC [PSYoungGen: 665792K->560K(666112K)] 919927K->254703K(1208320K), 0.0016520 secs] [Times: user=0.01 sys=0.00, real=0.00 secs] 
92.315: Total time for which application threads were stopped: 0.0017880 seconds, Stopping threads took: 0.0000740 seconds
92.543: Application time: 0.2272960 seconds
92.543: [GC [PSYoungGen: 665648K->560K(666112K)] 919791K->254703K(1208320K), 0.0017000 secs] [Times: user=0.01 sys=0.00, real=0.00 secs] 
92.545: Total time for which application threads were stopped: 0.0018590 seconds, Stopping threads took: 0.0000780 seconds
92.720: Application time: 0.1753130 seconds
92.720: [GC [PSYoungGen: 665648K->784K(666112K)] 919791K->254927K(1208320K), 0.0016470 secs] [Times: user=0.01 sys=0.00, real=0.00 secs] 
92.722: Total time for which application threads were stopped: 0.0017890 seconds, Stopping threads took: 0.0000810 seconds
92.900: Application time: 0.1784310 seconds
92.900: [GC [PSYoungGen: 665872K->640K(666112K)] 920015K->254783K(1208320K), 0.0016840 secs] [Times: user=0.01 sys=0.00, real=0.00 secs] 
92.902: Total time for which application threads were stopped: 0.0018260 seconds, Stopping threads took: 0.0000670 seconds
93.118: Application time: 0.2156170 seconds
93.118: [GC [PSYoungGen: 665728K->736K(666112K)] 919871K->254879K(1208320K), 0.0016780 secs] [Times: user=0.01 sys=0.00, real=0.00 secs] 
93.119: Total time for which application threads were stopped: 0.0018570 seconds, Stopping threads took: 0.0000920 seconds
93.281: Application time: 0.1615420 seconds
93.281: [GC [PSYoungGen: 665824K->736K(666112K)] 919967K->254879K(1208320K), 0.0016990 secs] [Times: user=0.01 sys=0.00, real=0.01 secs] 
93.283: Total time for which application threads were stopped: 0.0018490 seconds, Stopping threads took: 0.0000830 seconds
93.493: Application time: 0.2104850 seconds
93.493: [GC [PSYoungGen: 665824K->640K(666112K)] 919967K->254783K(1208320K), 0.0017580 secs] [Times: user=0.01 sys=0.00, real=0.00 secs] 
93.495: Total time for which application threads were stopped: 0.0018770 seconds, Stopping threads took: 0.0000550 seconds
93.687: Application time: 0.1921220 seconds
93.688: [GC [PSYoungGen: 665728K->672K(666112K)] 919871K->254823K(1208320K), 0.0017380 secs] [Times: user=0.01 sys=0.00, real=0.00 secs] 
93.689: Total time for which application threads were stopped: 0.0019330 seconds, Stopping threads took: 0.0001110 seconds
93.847: Application time: 0.1579280 seconds
93.847: [GC [PSYoungGen: 665760K->768K(666112K)] 919911K->254927K(1208320K), 0.0016790 secs] [Times: user=0.01 sys=0.00, real=0.00 secs] 
93.849: Total time for which application threads were stopped: 0.0018360 seconds, Stopping threads took: 0.0000870 seconds
94.071: Application time: 0.2217220 seconds
94.071: [GC [PSYoungGen: 665856K->656K(666112K)] 920015K->254815K(1208320K), 0.0015630 secs] [Times: user=0.01 sys=0.00, real=0.00 secs] 
94.072: Total time for which application threads were stopped: 0.0016800 seconds, Stopping threads took: 0.0000550 seconds
94.249: Application time: 0.1765550 seconds
94.249: [GC [PSYoungGen: 665744K->624K(666112K)] 919903K->254783K(1208320K), 0.0017340 secs] [Times: user=0.01 sys=0.00, real=0.01 secs] 
94.251: Total time for which application threads were stopped: 0.0018740 seconds, Stopping threads took: 0.0000570 seconds
94.427: Application time: 0.1763530 seconds
94.427: [GC [PSYoungGen: 665712K->560K(666112K)] 919871K->254719K(1208320K), 0.0016400 secs] [Times: user=0.01 sys=0.00, real=0.00 secs] 
94.429: Total time for which application threads were stopped: 0.0017860 seconds, Stopping threads took: 0.0000800 seconds
94.644: Application time: 0.2145530 seconds
94.644: [GC [PSYoungGen: 665648K->688K(666112K)] 919807K->254847K(1208320K), 0.0017670 secs] [Times: user=0.01 sys=0.00, real=0.00 secs] 
94.645: Total time for which application threads were stopped: 0.0019040 seconds, Stopping threads took: 0.0000650 seconds
94.809: Application time: 0.1630590 seconds
94.809: [GC [PSYoungGen: 665776K->864K(666112K)] 919935K->255023K(1208320K), 0.0016110 secs] [Times: user=0.01 sys=0.00, real=0.00 secs] 
94.810: Total time for which application threads were stopped: 0.0017420 seconds, Stopping threads took: 0.0000550 seconds
95.018: Application time: 0.2078290 seconds
95.018: [GC [PSYoungGen: 665952K->592K(666112K)] 920111K->254751K(1208320K), 0.0017440 secs] [Times: user=0.01 sys=0.00, real=0.00 secs] 
95.020: Total time for which application threads were stopped: 0.0018980 seconds, Stopping threads took: 0.0000890 seconds
95.213: Application time: 0.1930260 seconds
95.213: [GC [PSYoungGen: 665680K->656K(666112K)] 919839K->254823K(1208320K), 0.0016590 secs] [Times: user=0.01 sys=0.00, real=0.00 secs] 
95.215: Total time for which application threads were stopped: 0.0017910 seconds, Stopping threads took: 0.0000670 seconds
95.376: Application time: 0.1611180 seconds
95.376: [GC [PSYoungGen: 665744K->768K(666112K)] 919911K->254943K(1208320K), 0.0017030 secs] [Times: user=0.01 sys=0.00, real=0.00 secs] 
95.378: Total time for which application threads were stopped: 0.0018590 seconds, Stopping threads took: 0.0000710 seconds
95.598: Application time: 0.2202570 seconds
95.598: [GC [PSYoungGen: 665856K->704K(666112K)] 920031K->254879K(1208320K), 0.0016540 secs] [Times: user=0.01 sys=0.00, real=0.00 secs] 
95.600: Total time for which application threads were stopped: 0.0017800 seconds, Stopping threads took: 0.0000650 seconds
95.778: Application time: 0.1780300 seconds
95.778: [GC [PSYoungGen: 665792K->800K(666112K)] 919967K->254975K(1208320K), 0.0017210 secs] [Times: user=0.01 sys=0.00, real=0.00 secs] 
95.780: Total time for which application threads were stopped: 0.0019080 seconds, Stopping threads took: 0.0001170 seconds
95.957: Application time: 0.1771730 seconds
95.957: [GC [PSYoungGen: 665888K->544K(666112K)] 920063K->254719K(1208320K), 0.0017530 secs] [Times: user=0.01 sys=0.00, real=0.00 secs] 
95.959: Total time for which application threads were stopped: 0.0019170 seconds, Stopping threads took: 0.0000890 seconds
96.173: Application time: 0.2139200 seconds
96.173: [GC [PSYoungGen: 665632K->624K(666112K)] 919807K->254799K(1208320K), 0.0017000 secs] [Times: user=0.01 sys=0.00, real=0.00 secs] 
96.175: Total time for which application threads were stopped: 0.0018360 seconds, Stopping threads took: 0.0000660 seconds
96.338: Application time: 0.1634050 seconds
96.338: [GC [PSYoungGen: 665712K->752K(666112K)] 919887K->254927K(1208320K), 0.0018560 secs] [Times: user=0.01 sys=0.00, real=0.00 secs] 
96.340: Total time for which application threads were stopped: 0.0019870 seconds, Stopping threads took: 0.0000580 seconds
96.548: Application time: 0.2075990 seconds
96.548: [GC [PSYoungGen: 665840K->640K(666112K)] 920015K->254815K(1208320K), 0.0016420 secs] [Times: user=0.01 sys=0.00, real=0.00 secs] 
96.549: Total time for which application threads were stopped: 0.0017940 seconds, Stopping threads took: 0.0000810 seconds
96.743: Application time: 0.1935960 seconds
96.743: [GC [PSYoungGen: 665728K->608K(666112K)] 919903K->254799K(1208320K), 0.0016750 secs] [Times: user=0.01 sys=0.00, real=0.00 secs] 
96.745: Total time for which application threads were stopped: 0.0018220 seconds, Stopping threads took: 0.0000850 seconds
96.906: Application time: 0.1610130 seconds
96.906: [GC [PSYoungGen: 665696K->704K(666112K)] 919887K->254903K(1208320K), 0.0016620 secs] [Times: user=0.01 sys=0.00, real=0.00 secs] 
96.908: Total time for which application threads were stopped: 0.0018120 seconds, Stopping threads took: 0.0000860 seconds
97.128: Application time: 0.2204180 seconds
97.128: [GC [PSYoungGen: 665792K->624K(666112K)] 919991K->254823K(1208320K), 0.0017090 secs] [Times: user=0.01 sys=0.00, real=0.00 secs] 
97.130: Total time for which application threads were stopped: 0.0018790 seconds, Stopping threads took: 0.0000900 seconds
97.308: Application time: 0.1779960 seconds
97.308: [GC [PSYoungGen: 665712K->752K(666112K)] 919911K->254951K(1208320K), 0.0016420 secs] [Times: user=0.01 sys=0.00, real=0.00 secs] 
97.310: Total time for which application threads were stopped: 0.0017580 seconds, Stopping threads took: 0.0000500 seconds
97.484: Application time: 0.1746940 seconds
97.485: [GC [PSYoungGen: 665840K->576K(666112K)] 920039K->254775K(1208320K), 0.0016960 secs] [Times: user=0.01 sys=0.00, real=0.00 secs] 
97.486: Total time for which application threads were stopped: 0.0018510 seconds, Stopping threads took: 0.0000900 seconds
97.703: Application time: 0.2162790 seconds
97.703: [GC [PSYoungGen: 665664K->752K(666112K)] 919863K->254951K(1208320K), 0.0016900 secs] [Times: user=0.01 sys=0.00, real=0.00 secs] 
97.704: Total time for which application threads were stopped: 0.0018460 seconds, Stopping threads took: 0.0000790 seconds
97.870: Application time: 0.1658790 seconds
97.870: [GC [PSYoungGen: 665840K->688K(666112K)] 920039K->254887K(1208320K), 0.0016890 secs] [Times: user=0.01 sys=0.00, real=0.01 secs] 
97.872: Total time for which application threads were stopped: 0.0018250 seconds, Stopping threads took: 0.0000650 seconds
98.077: Application time: 0.2044080 seconds
98.077: [GC [PSYoungGen: 665776K->640K(666112K)] 919975K->254839K(1208320K), 0.0016460 secs] [Times: user=0.01 sys=0.00, real=0.00 secs] 
98.078: Total time for which application threads were stopped: 0.0017660 seconds, Stopping threads took: 0.0000520 seconds
98.274: Application time: 0.1957460 seconds
98.274: [GC [PSYoungGen: 665728K->640K(666112K)] 919927K->254847K(1208320K), 0.0017810 secs] [Times: user=0.01 sys=0.00, real=0.00 secs] 
98.276: Total time for which application threads were stopped: 0.0019090 seconds, Stopping threads took: 0.0000520 seconds
98.440: Application time: 0.1636280 seconds
98.440: [GC [PSYoungGen: 665728K->624K(666112K)] 919935K->254839K(1208320K), 0.0016800 secs] [Times: user=0.02 sys=0.00, real=0.00 secs] 
98.441: Total time for which application threads were stopped: 0.0018300 seconds, Stopping threads took: 0.0000770 seconds
98.659: Application time: 0.2178050 seconds
98.661: [GC [PSYoungGen: 665712K->560K(666112K)] 919927K->254775K(1208320K), 0.0017800 secs] [Times: user=0.00 sys=0.00, real=0.01 secs] 
98.663: Total time for which application threads were stopped: 0.0032660 seconds, Stopping threads took: 0.0014090 seconds
98.840: Application time: 0.1776510 seconds
98.840: [GC [PSYoungGen: 665648K->736K(666112K)] 919863K->254951K(1208320K), 0.0016850 secs] [Times: user=0.01 sys=0.00, real=0.00 secs] 
98.842: Total time for which application threads were stopped: 0.0018410 seconds, Stopping threads took: 0.0000670 seconds
99.016: Application time: 0.1740130 seconds
99.016: [GC [PSYoungGen: 665824K->592K(666112K)] 920039K->254807K(1208320K), 0.0016050 secs] [Times: user=0.01 sys=0.00, real=0.00 secs] 
99.018: Total time for which application threads were stopped: 0.0017510 seconds, Stopping threads took: 0.0000790 seconds
99.233: Application time: 0.2151300 seconds
99.233: [GC [PSYoungGen: 665680K->688K(666112K)] 919895K->254903K(1208320K), 0.0016770 secs] [Times: user=0.01 sys=0.00, real=0.00 secs] 
99.235: Total time for which application threads were stopped: 0.0018180 seconds, Stopping threads took: 0.0000770 seconds
99.399: Application time: 0.1644110 seconds
99.399: [GC [PSYoungGen: 665776K->752K(666112K)] 919991K->254967K(1208320K), 0.0016720 secs] [Times: user=0.01 sys=0.00, real=0.00 secs] 
99.401: Total time for which application threads were stopped: 0.0018120 seconds, Stopping threads took: 0.0000590 seconds
99.605: Application time: 0.2044720 seconds
99.606: [GC [PSYoungGen: 665840K->608K(666112K)] 920055K->254823K(1208320K), 0.0017330 secs] [Times: user=0.01 sys=0.00, real=0.00 secs] 
99.607: Total time for which application threads were stopped: 0.0019120 seconds, Stopping threads took: 0.0001070 seconds
99.803: Application time: 0.1956220 seconds
99.803: [GC [PSYoungGen: 665696K->752K(666112K)] 919911K->254975K(1208320K), 0.0016660 secs] [Times: user=0.01 sys=0.00, real=0.00 secs] 
99.805: Total time for which application threads were stopped: 0.0018170 seconds, Stopping threads took: 0.0000830 seconds
99.968: Application time: 0.1627280 seconds
99.968: [GC [PSYoungGen: 665840K->688K(666112K)] 920063K->254919K(1208320K), 0.0016230 secs] [Times: user=0.01 sys=0.00, real=0.00 secs] 
99.969: Total time for which application threads were stopped: 0.0017680 seconds, Stopping threads took: 0.0000720 seconds
100.185: Application time: 0.2161330 seconds
100.186: [GC [PSYoungGen: 665776K->640K(666112K)] 920007K->254879K(1208320K), 0.0016740 secs] [Times: user=0.01 sys=0.00, real=0.00 secs] 
100.187: Total time for which application threads were stopped: 0.0018530 seconds, Stopping threads took: 0.0001080 seconds
100.366: Application time: 0.1783110 seconds
100.366: [GC [PSYoungGen: 665728K->768K(666112K)] 919967K->255007K(1208320K), 0.0015180 secs] [Times: user=0.01 sys=0.00, real=0.00 secs] 
100.367: Total time for which application threads were stopped: 0.0016860 seconds, Stopping threads took: 0.0000950 seconds
100.543: Application time: 0.1754660 seconds
100.543: [GC [PSYoungGen: 665856K->672K(666112K)] 920095K->254911K(1208320K), 0.0016830 secs] [Times: user=0.01 sys=0.00, real=0.00 secs] 
100.545: Total time for which application threads were stopped: 0.0018040 seconds, Stopping threads took: 0.0000460 seconds
100.760: Application time: 0.2153640 seconds
100.760: [GC [PSYoungGen: 665760K->672K(666112K)] 919999K->254911K(1208320K), 0.0016320 secs] [Times: user=0.01 sys=0.00, real=0.00 secs] 
100.762: Total time for which application threads were stopped: 0.0017910 seconds, Stopping threads took: 0.0000960 seconds
100.926: Application time: 0.1640540 seconds
100.926: [GC [PSYoungGen: 665760K->736K(666112K)] 919999K->254975K(1208320K), 0.0016200 secs] [Times: user=0.01 sys=0.00, real=0.00 secs] 
100.928: Total time for which application threads were stopped: 0.0017800 seconds, Stopping threads took: 0.0000860 seconds
101.132: Application time: 0.2040710 seconds
101.132: [GC [PSYoungGen: 665824K->512K(666112K)] 920063K->254751K(1208320K), 0.0016450 secs] [Times: user=0.01 sys=0.00, real=0.00 secs] 
101.133: Total time for which application threads were stopped: 0.0017910 seconds, Stopping threads took: 0.0000730 seconds
101.329: Application time: 0.1952230 seconds
101.329: [GC [PSYoungGen: 665600K->688K(666112K)] 919839K->254935K(1208320K), 0.0016550 secs] [Times: user=0.01 sys=0.00, real=0.00 secs] 
101.330: Total time for which application threads were stopped: 0.0017780 seconds, Stopping threads took: 0.0000590 seconds
101.492: Application time: 0.1616190 seconds
101.492: [GC [PSYoungGen: 665776K->624K(666112K)] 920023K->254879K(1208320K), 0.0016790 secs] [Times: user=0.01 sys=0.00, real=0.00 secs] 
101.494: Total time for which application threads were stopped: 0.0018180 seconds, Stopping threads took: 0.0000770 seconds
101.710: Application time: 0.2164290 seconds
101.710: [GC [PSYoungGen: 665712K->688K(666112K)] 919967K->254951K(1208320K), 0.0017130 secs] [Times: user=0.01 sys=0.01, real=0.01 secs] 
101.712: Total time for which application threads were stopped: 0.0018610 seconds, Stopping threads took: 0.0000750 seconds
101.892: Application time: 0.1800480 seconds
101.892: [GC [PSYoungGen: 665776K->688K(666112K)] 920039K->254951K(1208320K), 0.0016610 secs] [Times: user=0.01 sys=0.00, real=0.00 secs] 
101.894: Total time for which application threads were stopped: 0.0018140 seconds, Stopping threads took: 0.0000850 seconds
102.070: Application time: 0.1760490 seconds
102.070: [GC [PSYoungGen: 665776K->624K(666112K)] 920039K->254887K(1208320K), 0.0017420 secs] [Times: user=0.01 sys=0.00, real=0.01 secs] 
102.072: Total time for which application threads were stopped: 0.0018970 seconds, Stopping threads took: 0.0000830 seconds
102.282: Application time: 0.2101960 seconds
102.282: [GC [PSYoungGen: 665712K->672K(666112K)] 919975K->254935K(1208320K), 0.0017390 secs] [Times: user=0.01 sys=0.00, real=0.01 secs] 
102.284: Total time for which application threads were stopped: 0.0018940 seconds, Stopping threads took: 0.0000720 seconds
102.451: Application time: 0.1666680 seconds
102.451: [GC [PSYoungGen: 665760K->768K(666112K)] 920023K->255031K(1208320K), 0.0014750 secs] [Times: user=0.01 sys=0.00, real=0.00 secs] 
102.452: Total time for which application threads were stopped: 0.0015920 seconds, Stopping threads took: 0.0000470 seconds
102.658: Application time: 0.2060280 seconds
102.659: [GC [PSYoungGen: 665856K->672K(666112K)] 920119K->254935K(1208320K), 0.0016670 secs] [Times: user=0.01 sys=0.00, real=0.00 secs] 
102.660: Total time for which application threads were stopped: 0.0018280 seconds, Stopping threads took: 0.0000760 seconds
102.853: Application time: 0.1924930 seconds
102.853: [GC [PSYoungGen: 665760K->736K(666112K)] 920023K->255015K(1208320K), 0.0017560 secs] [Times: user=0.01 sys=0.00, real=0.00 secs] 
102.855: Total time for which application threads were stopped: 0.0019310 seconds, Stopping threads took: 0.0001080 seconds
103.014: Application time: 0.1595440 seconds
103.014: [GC [PSYoungGen: 665824K->656K(666112K)] 920103K->254943K(1208320K), 0.0017000 secs] [Times: user=0.01 sys=0.00, real=0.00 secs] 
103.016: Total time for which application threads were stopped: 0.0018390 seconds, Stopping threads took: 0.0000680 seconds
103.236: Application time: 0.2202900 seconds
103.236: [GC [PSYoungGen: 665744K->672K(666112K)] 920031K->254967K(1208320K), 0.0016820 secs] [Times: user=0.01 sys=0.00, real=0.00 secs] 
103.238: Total time for which application threads were stopped: 0.0018070 seconds, Stopping threads took: 0.0000580 seconds
103.417: Application time: 0.1788020 seconds
103.417: [GC [PSYoungGen: 665760K->656K(666112K)] 920055K->254951K(1208320K), 0.0017120 secs] [Times: user=0.01 sys=0.00, real=0.00 secs] 
103.419: Total time for which application threads were stopped: 0.0018670 seconds, Stopping threads took: 0.0000760 seconds
103.593: Application time: 0.1740810 seconds
103.593: [GC [PSYoungGen: 665744K->608K(666112K)] 920039K->254903K(1208320K), 0.0018070 secs] [Times: user=0.01 sys=0.00, real=0.00 secs] 
103.595: Total time for which application threads were stopped: 0.0019610 seconds, Stopping threads took: 0.0000800 seconds
103.807: Application time: 0.2125820 seconds
103.808: [GC [PSYoungGen: 665696K->544K(666112K)] 919991K->254839K(1208320K), 0.0017070 secs] [Times: user=0.01 sys=0.00, real=0.00 secs] 
103.809: Total time for which application threads were stopped: 0.0018690 seconds, Stopping threads took: 0.0000900 seconds
103.977: Application time: 0.1675050 seconds
103.977: [GC [PSYoungGen: 665632K->800K(666112K)] 919927K->255095K(1208320K), 0.0017110 secs] [Times: user=0.01 sys=0.00, real=0.00 secs] 
103.979: Total time for which application threads were stopped: 0.0018670 seconds, Stopping threads took: 0.0000760 seconds
104.184: Application time: 0.2056430 seconds
104.184: [GC [PSYoungGen: 665888K->592K(666112K)] 920183K->254887K(1208320K), 0.0016470 secs] [Times: user=0.01 sys=0.00, real=0.00 secs] 
104.186: Total time for which application threads were stopped: 0.0017850 seconds, Stopping threads took: 0.0000760 seconds
104.375: Application time: 0.1885030 seconds
104.375: [GC [PSYoungGen: 665680K->704K(666112K)] 919975K->255007K(1208320K), 0.0016270 secs] [Times: user=0.02 sys=0.00, real=0.00 secs] 
104.376: Total time for which application threads were stopped: 0.0017560 seconds, Stopping threads took: 0.0000660 seconds
104.537: Application time: 0.1609170 seconds
104.537: [GC [PSYoungGen: 665792K->672K(666112K)] 920095K->254983K(1208320K), 0.0017000 secs] [Times: user=0.01 sys=0.00, real=0.00 secs] 
104.539: Total time for which application threads were stopped: 0.0018750 seconds, Stopping threads took: 0.0000990 seconds
104.757: Application time: 0.2175060 seconds
104.757: [GC [PSYoungGen: 665760K->800K(666112K)] 920071K->255119K(1208320K), 0.0016570 secs] [Times: user=0.01 sys=0.00, real=0.00 secs] 
104.759: Total time for which application threads were stopped: 0.0018180 seconds, Stopping threads took: 0.0000810 seconds
104.938: Application time: 0.1798960 seconds
104.939: [GC [PSYoungGen: 665888K->832K(666112K)] 920207K->255151K(1208320K), 0.0017430 secs] [Times: user=0.01 sys=0.00, real=0.00 secs] 
104.940: Total time for which application threads were stopped: 0.0019000 seconds, Stopping threads took: 0.0000890 seconds
105.113: Application time: 0.1728070 seconds
105.113: [GC [PSYoungGen: 665920K->640K(666112K)] 920239K->254959K(1208320K), 0.0017820 secs] [Times: user=0.00 sys=0.00, real=0.00 secs] 
105.115: Total time for which application threads were stopped: 0.0019370 seconds, Stopping threads took: 0.0000770 seconds
105.326: Application time: 0.2111750 seconds
105.326: [GC [PSYoungGen: 665728K->672K(666112K)] 920047K->254991K(1208320K), 0.0016830 secs] [Times: user=0.01 sys=0.00, real=0.00 secs] 
105.328: Total time for which application threads were stopped: 0.0018350 seconds, Stopping threads took: 0.0000790 seconds
105.495: Application time: 0.1668350 seconds
105.495: [GC [PSYoungGen: 665760K->768K(666112K)] 920079K->255087K(1208320K), 0.0016950 secs] [Times: user=0.02 sys=0.00, real=0.00 secs] 
105.497: Total time for which application threads were stopped: 0.0018530 seconds, Stopping threads took: 0.0000880 seconds
105.700: Application time: 0.2033830 seconds
105.700: [GC [PSYoungGen: 665856K->496K(666112K)] 920175K->254815K(1208320K), 0.0014980 secs] [Times: user=0.00 sys=0.00, real=0.00 secs] 
105.702: Total time for which application threads were stopped: 0.0016370 seconds, Stopping threads took: 0.0000550 seconds
105.894: Application time: 0.1921760 seconds
105.894: [GC [PSYoungGen: 665584K->688K(666112K)] 919903K->255015K(1208320K), 0.0015720 secs] [Times: user=0.01 sys=0.00, real=0.00 secs] 
105.896: Total time for which application threads were stopped: 0.0017140 seconds, Stopping threads took: 0.0000790 seconds
106.059: Application time: 0.1633070 seconds
106.059: [GC [PSYoungGen: 665776K->672K(666112K)] 920103K->255007K(1208320K), 0.0017610 secs] [Times: user=0.01 sys=0.00, real=0.00 secs] 
106.061: Total time for which application threads were stopped: 0.0018790 seconds, Stopping threads took: 0.0000530 seconds
106.279: Application time: 0.2182910 seconds
106.279: [GC [PSYoungGen: 665760K->656K(666112K)] 920095K->254999K(1208320K), 0.0016810 secs] [Times: user=0.01 sys=0.00, real=0.00 secs] 
106.281: Total time for which application threads were stopped: 0.0018310 seconds, Stopping threads took: 0.0000690 seconds
106.459: Application time: 0.1779490 seconds
106.459: [GC [PSYoungGen: 665744K->704K(666112K)] 920087K->255047K(1208320K), 0.0016540 secs] [Times: user=0.01 sys=0.00, real=0.00 secs] 
106.461: Total time for which application threads were stopped: 0.0017960 seconds, Stopping threads took: 0.0000630 seconds
106.632: Application time: 0.1715960 seconds
106.633: [GC [PSYoungGen: 665792K->688K(666112K)] 920135K->255031K(1208320K), 0.0016720 secs] [Times: user=0.01 sys=0.00, real=0.00 secs] 
106.634: Total time for which application threads were stopped: 0.0018130 seconds, Stopping threads took: 0.0000760 seconds
106.849: Application time: 0.2150810 seconds
106.849: [GC [PSYoungGen: 665776K->592K(666112K)] 920119K->254935K(1208320K), 0.0017060 secs] [Times: user=0.01 sys=0.00, real=0.01 secs] 
106.851: Total time for which application threads were stopped: 0.0018810 seconds, Stopping threads took: 0.0000970 seconds
107.021: Application time: 0.1703230 seconds
107.022: [GC [PSYoungGen: 665680K->688K(666112K)] 920023K->255031K(1208320K), 0.0016830 secs] [Times: user=0.02 sys=0.00, real=0.01 secs] 
107.023: Total time for which application threads were stopped: 0.0018030 seconds, Stopping threads took: 0.0000520 seconds
107.227: Application time: 0.2039500 seconds
107.227: [GC [PSYoungGen: 665776K->624K(666112K)] 920119K->254967K(1208320K), 0.0016560 secs] [Times: user=0.01 sys=0.00, real=0.00 secs] 
107.229: Total time for which application threads were stopped: 0.0018020 seconds, Stopping threads took: 0.0000810 seconds
107.420: Application time: 0.1910590 seconds
107.420: [GC [PSYoungGen: 665712K->720K(666112K)] 920055K->255071K(1208320K), 0.0016700 secs] [Times: user=0.01 sys=0.00, real=0.00 secs] 
107.422: Total time for which application threads were stopped: 0.0018280 seconds, Stopping threads took: 0.0000840 seconds
107.586: Application time: 0.1642930 seconds
107.586: [GC [PSYoungGen: 665808K->784K(666112K)] 920159K->255143K(1208320K), 0.0016880 secs] [Times: user=0.01 sys=0.00, real=0.00 secs] 
107.588: Total time for which application threads were stopped: 0.0018320 seconds, Stopping threads took: 0.0000760 seconds
107.809: Application time: 0.2206590 seconds
107.809: [GC [PSYoungGen: 665872K->704K(666112K)] 920231K->255071K(1208320K), 0.0017810 secs] [Times: user=0.01 sys=0.00, real=0.01 secs] 
107.811: Total time for which application threads were stopped: 0.0019100 seconds, Stopping threads took: 0.0000540 seconds
107.989: Application time: 0.1781810 seconds
107.989: [GC [PSYoungGen: 665792K->704K(666112K)] 920159K->255071K(1208320K), 0.0016690 secs] [Times: user=0.01 sys=0.00, real=0.01 secs] 
107.991: Total time for which application threads were stopped: 0.0018240 seconds, Stopping threads took: 0.0000780 seconds
108.161: Application time: 0.1701280 seconds
108.163: [GC [PSYoungGen: 665792K->576K(666112K)] 920159K->254943K(1208320K), 0.0017410 secs] [Times: user=0.01 sys=0.00, real=0.00 secs] 
108.164: Total time for which application threads were stopped: 0.0035620 seconds, Stopping threads took: 0.0017580 seconds
108.379: Application time: 0.2147400 seconds
108.379: [GC [PSYoungGen: 665664K->624K(666112K)] 920031K->254991K(1208320K), 0.0016630 secs] [Times: user=0.01 sys=0.00, real=0.00 secs] 
108.381: Total time for which application threads were stopped: 0.0018040 seconds, Stopping threads took: 0.0000790 seconds
108.553: Application time: 0.1720230 seconds
108.553: [GC [PSYoungGen: 665712K->640K(666112K)] 920079K->255007K(1208320K), 0.0017720 secs] [Times: user=0.01 sys=0.00, real=0.00 secs] 
108.555: Total time for which application threads were stopped: 0.0019090 seconds, Stopping threads took: 0.0000640 seconds
108.761: Application time: 0.2058650 seconds
108.761: [GC [PSYoungGen: 665728K->560K(666112K)] 920095K->254927K(1208320K), 0.0016970 secs] [Times: user=0.01 sys=0.00, real=0.01 secs] 
108.763: Total time for which application threads were stopped: 0.0018470 seconds, Stopping threads took: 0.0000830 seconds
108.949: Application time: 0.1865960 seconds
108.949: [GC [PSYoungGen: 665648K->816K(666112K)] 920015K->255191K(1208320K), 0.0017060 secs] [Times: user=0.01 sys=0.00, real=0.01 secs] 
108.951: Total time for which application threads were stopped: 0.0018230 seconds, Stopping threads took: 0.0000510 seconds
109.116: Application time: 0.1648120 seconds
109.116: [GC [PSYoungGen: 665904K->656K(666112K)] 920279K->255039K(1208320K), 0.0015550 secs] [Times: user=0.00 sys=0.00, real=0.00 secs] 
109.118: Total time for which application threads were stopped: 0.0017070 seconds, Stopping threads took: 0.0000770 seconds
109.340: Application time: 0.2225130 seconds
109.340: [GC [PSYoungGen: 665744K->640K(666112K)] 920127K->255031K(1208320K), 0.0017050 secs] [Times: user=0.01 sys=0.00, real=0.00 secs] 
109.342: Total time for which application threads were stopped: 0.0018480 seconds, Stopping threads took: 0.0000750 seconds
109.519: Application time: 0.1772940 seconds
109.519: [GC [PSYoungGen: 665728K->544K(666112K)] 920119K->254935K(1208320K), 0.0016790 secs] [Times: user=0.01 sys=0.00, real=0.00 secs] 
109.521: Total time for which application threads were stopped: 0.0018290 seconds, Stopping threads took: 0.0000810 seconds
109.689: Application time: 0.1680380 seconds
109.689: [GC [PSYoungGen: 665632K->496K(666112K)] 920023K->254887K(1208320K), 0.0017410 secs] [Times: user=0.01 sys=0.00, real=0.01 secs] 
109.691: Total time for which application threads were stopped: 0.0018920 seconds, Stopping threads took: 0.0000720 seconds
109.909: Application time: 0.2182360 seconds
109.909: [GC [PSYoungGen: 665584K->736K(666112K)] 919975K->255127K(1208320K), 0.0017050 secs] [Times: user=0.01 sys=0.00, real=0.01 secs] 
109.911: Total time for which application threads were stopped: 0.0018390 seconds, Stopping threads took: 0.0000600 seconds
110.084: Application time: 0.1728110 seconds
110.084: [GC [PSYoungGen: 665824K->688K(666112K)] 920215K->255079K(1208320K), 0.0016830 secs] [Times: user=0.01 sys=0.00, real=0.00 secs] 
110.086: Total time for which application threads were stopped: 0.0018470 seconds, Stopping threads took: 0.0000930 seconds
110.291: Application time: 0.2057040 seconds
110.292: [GC [PSYoungGen: 665776K->560K(666112K)] 920167K->254951K(1208320K), 0.0016730 secs] [Times: user=0.01 sys=0.00, real=0.00 secs] 
110.293: Total time for which application threads were stopped: 0.0018230 seconds, Stopping threads took: 0.0000700 seconds
110.480: Application time: 0.1865680 seconds
110.480: [GC [PSYoungGen: 665648K->720K(666112K)] 920039K->255119K(1208320K), 0.0016830 secs] [Times: user=0.01 sys=0.00, real=0.00 secs] 
110.482: Total time for which application threads were stopped: 0.0018150 seconds, Stopping threads took: 0.0000680 seconds
110.648: Application time: 0.1659670 seconds
110.648: [GC [PSYoungGen: 665808K->704K(666112K)] 920207K->255111K(1208320K), 0.0017570 secs] [Times: user=0.02 sys=0.00, real=0.00 secs] 
110.649: Total time for which application threads were stopped: 0.0018870 seconds, Stopping threads took: 0.0000670 seconds
110.872: Application time: 0.2229700 seconds
110.873: [GC [PSYoungGen: 665792K->704K(666112K)] 920199K->255119K(1208320K), 0.0016550 secs] [Times: user=0.01 sys=0.00, real=0.00 secs] 
110.874: Total time for which application threads were stopped: 0.0018350 seconds, Stopping threads took: 0.0001030 seconds
111.051: Application time: 0.1765540 seconds
111.051: [GC [PSYoungGen: 665792K->672K(666112K)] 920207K->255087K(1208320K), 0.0016990 secs] [Times: user=0.01 sys=0.00, real=0.00 secs] 
111.053: Total time for which application threads were stopped: 0.0018220 seconds, Stopping threads took: 0.0000530 seconds
111.225: Application time: 0.1719500 seconds
111.225: [GC [PSYoungGen: 665760K->560K(666112K)] 920175K->254975K(1208320K), 0.0016570 secs] [Times: user=0.01 sys=0.00, real=0.00 secs] 
111.226: Total time for which application threads were stopped: 0.0018290 seconds, Stopping threads took: 0.0001080 seconds
111.439: Application time: 0.2123270 seconds
111.439: [GC [PSYoungGen: 665648K->624K(666112K)] 920063K->255039K(1208320K), 0.0016650 secs] [Times: user=0.01 sys=0.00, real=0.00 secs] 
111.441: Total time for which application threads were stopped: 0.0018230 seconds, Stopping threads took: 0.0000750 seconds
111.614: Application time: 0.1733300 seconds
111.614: [GC [PSYoungGen: 665712K->752K(666112K)] 920127K->255167K(1208320K), 0.0018030 secs] [Times: user=0.01 sys=0.00, real=0.00 secs] 
111.616: Total time for which application threads were stopped: 0.0019350 seconds, Stopping threads took: 0.0000570 seconds
111.825: Application time: 0.2093890 seconds
111.825: [GC [PSYoungGen: 665840K->624K(666112K)] 920255K->255039K(1208320K), 0.0017280 secs] [Times: user=0.01 sys=0.00, real=0.00 secs] 
111.827: Total time for which application threads were stopped: 0.0018710 seconds, Stopping threads took: 0.0000750 seconds
112.011: Application time: 0.1840850 seconds
112.011: [GC [PSYoungGen: 665712K->592K(666112K)] 920127K->255015K(1208320K), 0.0017210 secs] [Times: user=0.01 sys=0.00, real=0.00 secs] 
112.013: Total time for which application threads were stopped: 0.0018760 seconds, Stopping threads took: 0.0000720 seconds
112.178: Application time: 0.1645070 seconds
112.178: [GC [PSYoungGen: 665680K->656K(666112K)] 920103K->255087K(1208320K), 0.0017180 secs] [Times: user=0.02 sys=0.00, real=0.00 secs] 
112.179: Total time for which application threads were stopped: 0.0018630 seconds, Stopping threads took: 0.0000720 seconds
112.402: Application time: 0.2226800 seconds
112.402: [GC [PSYoungGen: 665744K->656K(666112K)] 920175K->255095K(1208320K), 0.0016830 secs] [Times: user=0.01 sys=0.00, real=0.01 secs] 
112.404: Total time for which application threads were stopped: 0.0018170 seconds, Stopping threads took: 0.0000690 seconds
112.581: Application time: 0.1769760 seconds
112.581: [GC [PSYoungGen: 665744K->672K(666112K)] 920183K->255111K(1208320K), 0.0016940 secs] [Times: user=0.01 sys=0.00, real=0.01 secs] 
112.583: Total time for which application threads were stopped: 0.0018680 seconds, Stopping threads took: 0.0000930 seconds
112.755: Application time: 0.1725830 seconds
112.756: [GC [PSYoungGen: 665760K->512K(666112K)] 920199K->254951K(1208320K), 0.0016630 secs] [Times: user=0.01 sys=0.00, real=0.00 secs] 
112.757: Total time for which application threads were stopped: 0.0018180 seconds, Stopping threads took: 0.0000940 seconds
112.969: Application time: 0.2120900 seconds
112.969: [GC [PSYoungGen: 665600K->672K(666112K)] 920039K->255111K(1208320K), 0.0017140 secs] [Times: user=0.01 sys=0.00, real=0.01 secs] 
112.971: Total time for which application threads were stopped: 0.0018610 seconds, Stopping threads took: 0.0000800 seconds
113.145: Application time: 0.1734680 seconds
113.145: [GC [PSYoungGen: 665760K->720K(666112K)] 920199K->255159K(1208320K), 0.0016630 secs] [Times: user=0.01 sys=0.00, real=0.00 secs] 
113.146: Total time for which application threads were stopped: 0.0018030 seconds, Stopping threads took: 0.0000600 seconds
113.354: Application time: 0.2073510 seconds
113.354: [GC [PSYoungGen: 665808K->592K(666112K)] 920247K->255031K(1208320K), 0.0017160 secs] [Times: user=0.01 sys=0.00, real=0.00 secs] 
113.356: Total time for which application threads were stopped: 0.0018790 seconds, Stopping threads took: 0.0000920 seconds
113.539: Application time: 0.1829720 seconds
113.539: [GC [PSYoungGen: 665680K->720K(666112K)] 920119K->255167K(1208320K), 0.0016450 secs] [Times: user=0.01 sys=0.00, real=0.00 secs] 
113.540: Total time for which application threads were stopped: 0.0017550 seconds, Stopping threads took: 0.0000470 seconds
113.707: Application time: 0.1664480 seconds
113.707: [GC [PSYoungGen: 665808K->672K(666112K)] 920255K->255127K(1208320K), 0.0016860 secs] [Times: user=0.01 sys=0.00, real=0.00 secs] 
113.709: Total time for which application threads were stopped: 0.0018200 seconds, Stopping threads took: 0.0000590 seconds
113.932: Application time: 0.2235240 seconds
113.932: [GC [PSYoungGen: 665760K->832K(666112K)] 920215K->255295K(1208320K), 0.0016810 secs] [Times: user=0.01 sys=0.00, real=0.00 secs] 
113.934: Total time for which application threads were stopped: 0.0018420 seconds, Stopping threads took: 0.0000880 seconds
114.110: Application time: 0.1758240 seconds
114.110: [GC [PSYoungGen: 665920K->752K(666112K)] 920383K->255215K(1208320K), 0.0017640 secs] [Times: user=0.01 sys=0.00, real=0.01 secs] 
114.112: Total time for which application threads were stopped: 0.0019240 seconds, Stopping threads took: 0.0000780 seconds
114.285: Application time: 0.1731770 seconds
114.285: [GC [PSYoungGen: 665840K->592K(666112K)] 920303K->255055K(1208320K), 0.0017660 secs] [Times: user=0.02 sys=0.00, real=0.00 secs] 
114.287: Total time for which application threads were stopped: 0.0018970 seconds, Stopping threads took: 0.0000590 seconds
114.497: Application time: 0.2099040 seconds
114.497: [GC [PSYoungGen: 665680K->800K(666112K)] 920143K->255263K(1208320K), 0.0016930 secs] [Times: user=0.02 sys=0.00, real=0.00 secs] 
114.499: Total time for which application threads were stopped: 0.0018520 seconds, Stopping threads took: 0.0000920 seconds
114.673: Application time: 0.1748070 seconds
114.674: [GC [PSYoungGen: 665888K->816K(666112K)] 920351K->255279K(1208320K), 0.0016380 secs] [Times: user=0.01 sys=0.00, real=0.00 secs] 
114.675: Total time for which application threads were stopped: 0.0017690 seconds, Stopping threads took: 0.0000630 seconds
114.884: Application time: 0.2087020 seconds
114.884: [GC [PSYoungGen: 665904K->592K(666112K)] 920367K->255055K(1208320K), 0.0016670 secs] [Times: user=0.01 sys=0.00, real=0.00 secs] 
114.886: Total time for which application threads were stopped: 0.0017990 seconds, Stopping threads took: 0.0000550 seconds
115.066: Application time: 0.1798310 seconds
115.066: [GC [PSYoungGen: 665680K->704K(666112K)] 920143K->255175K(1208320K), 0.0016900 secs] [Times: user=0.02 sys=0.00, real=0.00 secs] 
115.067: Total time for which application threads were stopped: 0.0018250 seconds, Stopping threads took: 0.0000690 seconds
115.235: Application time: 0.1673290 seconds
115.235: [GC [PSYoungGen: 665792K->704K(666112K)] 920263K->255183K(1208320K), 0.0016960 secs] [Times: user=0.01 sys=0.00, real=0.00 secs] 
115.237: Total time for which application threads were stopped: 0.0018390 seconds, Stopping threads took: 0.0000750 seconds
115.457: Application time: 0.2201120 seconds
115.457: [GC [PSYoungGen: 665792K->752K(666112K)] 920271K->255239K(1208320K), 0.0018070 secs] [Times: user=0.01 sys=0.00, real=0.00 secs] 
115.459: Total time for which application threads were stopped: 0.0019740 seconds, Stopping threads took: 0.0000960 seconds
115.635: Application time: 0.1758780 seconds
115.635: [GC [PSYoungGen: 665840K->624K(666112K)] 920327K->255111K(1208320K), 0.0016950 secs] [Times: user=0.01 sys=0.00, real=0.00 secs] 
115.636: Total time for which application threads were stopped: 0.0018450 seconds, Stopping threads took: 0.0000790 seconds
115.814: Application time: 0.1771170 seconds
115.814: [GC [PSYoungGen: 665712K->544K(666112K)] 920199K->255031K(1208320K), 0.0016940 secs] [Times: user=0.01 sys=0.00, real=0.00 secs] 
115.815: Total time for which application threads were stopped: 0.0018600 seconds, Stopping threads took: 0.0000980 seconds
116.025: Application time: 0.2094750 seconds
116.025: [GC [PSYoungGen: 665632K->672K(666112K)] 920119K->255159K(1208320K), 0.0016290 secs] [Times: user=0.01 sys=0.00, real=0.00 secs] 
116.027: Total time for which application threads were stopped: 0.0017730 seconds, Stopping threads took: 0.0000720 seconds
116.201: Application time: 0.1744820 seconds
116.201: [GC [PSYoungGen: 665760K->832K(666112K)] 920247K->255319K(1208320K), 0.0016470 secs] [Times: user=0.01 sys=0.00, real=0.01 secs] 
116.203: Total time for which application threads were stopped: 0.0018020 seconds, Stopping threads took: 0.0000830 seconds
116.410: Application time: 0.2075500 seconds
116.411: [GC [PSYoungGen: 665920K->576K(666112K)] 920407K->255063K(1208320K), 0.0015990 secs] [Times: user=0.01 sys=0.00, real=0.00 secs] 
116.412: Total time for which application threads were stopped: 0.0017430 seconds, Stopping threads took: 0.0000800 seconds
116.595: Application time: 0.1831320 seconds
116.595: [GC [PSYoungGen: 665664K->640K(666112K)] 920151K->255135K(1208320K), 0.0016660 secs] [Times: user=0.01 sys=0.00, real=0.00 secs] 
116.597: Total time for which application threads were stopped: 0.0018120 seconds, Stopping threads took: 0.0000590 seconds
116.768: Application time: 0.1709150 seconds
116.768: [GC [PSYoungGen: 665728K->576K(666112K)] 920223K->255079K(1208320K), 0.0016950 secs] [Times: user=0.01 sys=0.00, real=0.00 secs] 
116.770: Total time for which application threads were stopped: 0.0018460 seconds, Stopping threads took: 0.0000820 seconds
116.989: Application time: 0.2188440 seconds
116.989: [GC [PSYoungGen: 665664K->672K(666112K)] 920167K->255183K(1208320K), 0.0016770 secs] [Times: user=0.01 sys=0.00, real=0.01 secs] 
116.991: Total time for which application threads were stopped: 0.0018210 seconds, Stopping threads took: 0.0000720 seconds
117.168: Application time: 0.1772950 seconds
117.168: [GC [PSYoungGen: 665760K->656K(666112K)] 920271K->255167K(1208320K), 0.0016880 secs] [Times: user=0.01 sys=0.00, real=0.00 secs] 
117.170: Total time for which application threads were stopped: 0.0018520 seconds, Stopping threads took: 0.0000850 seconds
117.345: Application time: 0.1754100 seconds
117.345: [GC [PSYoungGen: 665744K->592K(666112K)] 920255K->255103K(1208320K), 0.0017920 secs] [Times: user=0.01 sys=0.00, real=0.00 secs] 
117.347: Total time for which application threads were stopped: 0.0019460 seconds, Stopping threads took: 0.0000850 seconds
117.557: Application time: 0.2099840 seconds
117.557: [GC [PSYoungGen: 665680K->656K(666112K)] 920191K->255167K(1208320K), 0.0014890 secs] [Times: user=0.01 sys=0.00, real=0.00 secs] 
117.559: Total time for which application threads were stopped: 0.0016270 seconds, Stopping threads took: 0.0000690 seconds
117.734: Application time: 0.1748980 seconds
117.734: [GC [PSYoungGen: 665744K->800K(666112K)] 920255K->255311K(1208320K), 0.0018560 secs] [Times: user=0.01 sys=0.00, real=0.00 secs] 
117.736: Total time for which application threads were stopped: 0.0020230 seconds, Stopping threads took: 0.0000830 seconds
117.941: Application time: 0.2048720 seconds
117.941: [GC [PSYoungGen: 665888K->560K(666112K)] 920399K->255071K(1208320K), 0.0016820 secs] [Times: user=0.01 sys=0.00, real=0.00 secs] 
117.942: Total time for which application threads were stopped: 0.0018670 seconds, Stopping threads took: 0.0001210 seconds
118.124: Application time: 0.1816360 seconds
118.124: [GC [PSYoungGen: 665648K->672K(666112K)] 920159K->255191K(1208320K), 0.0016850 secs] [Times: user=0.01 sys=0.00, real=0.00 secs] 
118.126: Total time for which application threads were stopped: 0.0018300 seconds, Stopping threads took: 0.0000750 seconds
118.298: Application time: 0.1721700 seconds
118.298: [GC [PSYoungGen: 665760K->784K(666112K)] 920279K->255311K(1208320K), 0.0016680 secs] [Times: user=0.02 sys=0.00, real=0.00 secs] 
118.300: Total time for which application threads were stopped: 0.0018190 seconds, Stopping threads took: 0.0000780 seconds
118.522: Application time: 0.2217900 seconds
118.522: [GC [PSYoungGen: 665872K->704K(666112K)] 920399K->255239K(1208320K), 0.0016930 secs] [Times: user=0.01 sys=0.00, real=0.01 secs] 
118.524: Total time for which application threads were stopped: 0.0018460 seconds, Stopping threads took: 0.0000840 seconds
118.698: Application time: 0.1740410 seconds
118.698: [GC [PSYoungGen: 665792K->672K(666112K)] 920327K->255207K(1208320K), 0.0016500 secs] [Times: user=0.01 sys=0.00, real=0.00 secs] 
118.699: Total time for which application threads were stopped: 0.0018060 seconds, Stopping threads took: 0.0000910 seconds
118.879: Application time: 0.1799110 seconds
118.879: [GC [PSYoungGen: 665760K->576K(666112K)] 920295K->255111K(1208320K), 0.0016670 secs] [Times: user=0.01 sys=0.00, real=0.00 secs] 
118.881: Total time for which application threads were stopped: 0.0018210 seconds, Stopping threads took: 0.0000670 seconds
119.092: Application time: 0.2111240 seconds
119.092: [GC [PSYoungGen: 665664K->752K(666112K)] 920199K->255287K(1208320K), 0.0017940 secs] [Times: user=0.01 sys=0.00, real=0.00 secs] 
119.094: Total time for which application threads were stopped: 0.0019210 seconds, Stopping threads took: 0.0000630 seconds
119.268: Application time: 0.1734420 seconds
119.268: [GC [PSYoungGen: 665840K->752K(666112K)] 920375K->255287K(1208320K), 0.0017020 secs] [Times: user=0.01 sys=0.00, real=0.00 secs] 
119.269: Total time for which application threads were stopped: 0.0018460 seconds, Stopping threads took: 0.0000720 seconds
119.473: Application time: 0.2038760 seconds
119.473: [GC [PSYoungGen: 665840K->656K(666112K)] 920375K->255191K(1208320K), 0.0016260 secs] [Times: user=0.01 sys=0.00, real=0.00 secs] 
119.475: Total time for which application threads were stopped: 0.0017840 seconds, Stopping threads took: 0.0000710 seconds
119.668: Application time: 0.1932280 seconds
119.668: [GC [PSYoungGen: 665744K->672K(666112K)] 920279K->255215K(1208320K), 0.0017320 secs] [Times: user=0.01 sys=0.00, real=0.00 secs] 
119.670: Total time for which application threads were stopped: 0.0018780 seconds, Stopping threads took: 0.0000750 seconds
119.845: Application time: 0.1750200 seconds
119.845: [GC [PSYoungGen: 665760K->672K(666112K)] 920303K->255223K(1208320K), 0.0017090 secs] [Times: user=0.01 sys=0.00, real=0.00 secs] 
119.847: Total time for which application threads were stopped: 0.0018600 seconds, Stopping threads took: 0.0000770 seconds
120.063: Application time: 0.2158350 seconds
120.063: [GC [PSYoungGen: 665760K->736K(666112K)] 920311K->255295K(1208320K), 0.0016540 secs] [Times: user=0.01 sys=0.00, real=0.00 secs] 
120.065: Total time for which application threads were stopped: 0.0018160 seconds, Stopping threads took: 0.0000840 seconds
120.241: Application time: 0.1760610 seconds
120.241: [GC [PSYoungGen: 665824K->768K(666112K)] 920383K->255327K(1208320K), 0.0016860 secs] [Times: user=0.01 sys=0.00, real=0.01 secs] 
120.243: Total time for which application threads were stopped: 0.0018310 seconds, Stopping threads took: 0.0000790 seconds
120.420: Application time: 0.1777230 seconds
120.420: [GC [PSYoungGen: 665856K->560K(666112K)] 920415K->255119K(1208320K), 0.0016480 secs] [Times: user=0.01 sys=0.00, real=0.00 secs] 
120.422: Total time for which application threads were stopped: 0.0017860 seconds, Stopping threads took: 0.0000750 seconds
120.630: Application time: 0.2078970 seconds
120.630: [GC [PSYoungGen: 665648K->784K(666112K)] 920207K->255343K(1208320K), 0.0016790 secs] [Times: user=0.01 sys=0.00, real=0.01 secs] 
120.632: Total time for which application threads were stopped: 0.0018140 seconds, Stopping threads took: 0.0000540 seconds
120.805: Application time: 0.1735230 seconds
120.806: [GC [PSYoungGen: 665872K->768K(666112K)] 920431K->255327K(1208320K), 0.0017010 secs] [Times: user=0.01 sys=0.00, real=0.00 secs] 
120.807: Total time for which application threads were stopped: 0.0018710 seconds, Stopping threads took: 0.0001060 seconds
121.012: Application time: 0.2047220 seconds
121.012: [GC [PSYoungGen: 665856K->560K(666112K)] 920415K->255119K(1208320K), 0.0016820 secs] [Times: user=0.01 sys=0.00, real=0.00 secs] 
121.014: Total time for which application threads were stopped: 0.0018310 seconds, Stopping threads took: 0.0000780 seconds
121.199: Application time: 0.1848260 seconds
121.199: [GC [PSYoungGen: 665648K->640K(666112K)] 920207K->255207K(1208320K), 0.0016720 secs] [Times: user=0.01 sys=0.00, real=0.00 secs] 
121.200: Total time for which application threads were stopped: 0.0018270 seconds, Stopping threads took: 0.0000810 seconds
121.373: Application time: 0.1729480 seconds
121.374: [GC [PSYoungGen: 665728K->704K(666112K)] 920295K->255279K(1208320K), 0.0017880 secs] [Times: user=0.02 sys=0.00, real=0.00 secs] 
121.375: Total time for which application threads were stopped: 0.0019260 seconds, Stopping threads took: 0.0000670 seconds
121.590: Application time: 0.2148850 seconds
121.590: [GC [PSYoungGen: 665792K->528K(666112K)] 920367K->255111K(1208320K), 0.0017090 secs] [Times: user=0.01 sys=0.00, real=0.01 secs] 
121.592: Total time for which application threads were stopped: 0.0018370 seconds, Stopping threads took: 0.0000610 seconds
121.770: Application time: 0.1775840 seconds
121.770: [GC [PSYoungGen: 665616K->576K(666112K)] 920199K->255159K(1208320K), 0.0016750 secs] [Times: user=0.01 sys=0.00, real=0.01 secs] 
121.772: Total time for which application threads were stopped: 0.0018250 seconds, Stopping threads took: 0.0000680 seconds
121.950: Application time: 0.1786680 seconds
121.950: [GC [PSYoungGen: 665664K->624K(666112K)] 920247K->255207K(1208320K), 0.0017400 secs] [Times: user=0.00 sys=0.01, real=0.01 secs] 
121.952: Total time for which application threads were stopped: 0.0018710 seconds, Stopping threads took: 0.0000680 seconds
122.158: Application time: 0.2062870 seconds
122.158: [GC [PSYoungGen: 665712K->768K(666112K)] 920295K->255351K(1208320K), 0.0016710 secs] [Times: user=0.01 sys=0.00, real=0.00 secs] 
122.160: Total time for which application threads were stopped: 0.0018060 seconds, Stopping threads took: 0.0000700 seconds
122.335: Application time: 0.1748030 seconds
122.335: [GC [PSYoungGen: 665856K->704K(666112K)] 920439K->255287K(1208320K), 0.0017810 secs] [Times: user=0.01 sys=0.00, real=0.00 secs] 
122.337: Total time for which application threads were stopped: 0.0019040 seconds, Stopping threads took: 0.0000490 seconds
122.536: Application time: 0.1990560 seconds
122.536: [GC [PSYoungGen: 665792K->528K(666112K)] 920375K->255111K(1208320K), 0.0016800 secs] [Times: user=0.01 sys=0.00, real=0.00 secs] 
122.538: Total time for which application threads were stopped: 0.0018190 seconds, Stopping threads took: 0.0000670 seconds
122.725: Application time: 0.1875780 seconds
122.725: [GC [PSYoungGen: 665616K->640K(666112K)] 920199K->255231K(1208320K), 0.0016940 secs] [Times: user=0.01 sys=0.00, real=0.00 secs] 
122.727: Total time for which application threads were stopped: 0.0018110 seconds, Stopping threads took: 0.0000500 seconds
122.903: Application time: 0.1762170 seconds
122.903: [GC [PSYoungGen: 665728K->560K(666112K)] 920319K->255159K(1208320K), 0.0016440 secs] [Times: user=0.01 sys=0.00, real=0.00 secs] 
122.905: Total time for which application threads were stopped: 0.0017830 seconds, Stopping threads took: 0.0000650 seconds
123.115: Application time: 0.2096270 seconds
123.115: [GC [PSYoungGen: 665648K->592K(666112K)] 920247K->255199K(1208320K), 0.0017420 secs] [Times: user=0.01 sys=0.00, real=0.00 secs] 
123.117: Total time for which application threads were stopped: 0.0018840 seconds, Stopping threads took: 0.0000790 seconds
123.296: Application time: 0.1788990 seconds
123.296: [GC [PSYoungGen: 665680K->640K(666112K)] 920287K->255247K(1208320K), 0.0017500 secs] [Times: user=0.01 sys=0.00, real=0.00 secs] 
123.297: Total time for which application threads were stopped: 0.0018730 seconds, Stopping threads took: 0.0000600 seconds
123.478: Application time: 0.1810660 seconds
123.479: [GC [PSYoungGen: 665728K->656K(666112K)] 920335K->255263K(1208320K), 0.0017060 secs] [Times: user=0.01 sys=0.00, real=0.00 secs] 
123.480: Total time for which application threads were stopped: 0.0018510 seconds, Stopping threads took: 0.0000660 seconds
123.683: Application time: 0.2030450 seconds
123.684: [GC [PSYoungGen: 665744K->656K(666112K)] 920351K->255263K(1208320K), 0.0016830 secs] [Times: user=0.01 sys=0.00, real=0.00 secs] 
123.685: Total time for which application threads were stopped: 0.0018120 seconds, Stopping threads took: 0.0000600 seconds
123.861: Application time: 0.1753090 seconds
123.861: [GC [PSYoungGen: 665744K->560K(666112K)] 920351K->255167K(1208320K), 0.0016490 secs] [Times: user=0.01 sys=0.00, real=0.00 secs] 
123.862: Total time for which application threads were stopped: 0.0017800 seconds, Stopping threads took: 0.0000680 seconds
124.064: Application time: 0.2016740 seconds
124.064: [GC [PSYoungGen: 665648K->608K(666112K)] 920255K->255215K(1208320K), 0.0016720 secs] [Times: user=0.01 sys=0.00, real=0.00 secs] 
124.066: Total time for which application threads were stopped: 0.0018330 seconds, Stopping threads took: 0.0000880 seconds
124.248: Application time: 0.1819620 seconds
124.248: [GC [PSYoungGen: 665696K->752K(666112K)] 920303K->255367K(1208320K), 0.0016730 secs] [Times: user=0.00 sys=0.00, real=0.00 secs] 
124.250: Total time for which application threads were stopped: 0.0018220 seconds, Stopping threads took: 0.0000710 seconds
124.425: Application time: 0.1757470 seconds
124.425: [GC [PSYoungGen: 665840K->688K(666112K)] 920455K->255311K(1208320K), 0.0017180 secs] [Times: user=0.01 sys=0.00, real=0.00 secs] 
124.427: Total time for which application threads were stopped: 0.0018640 seconds, Stopping threads took: 0.0000740 seconds
124.641: Application time: 0.2137490 seconds
124.641: [GC [PSYoungGen: 665776K->560K(666112K)] 920399K->255191K(1208320K), 0.0018390 secs] [Times: user=0.01 sys=0.00, real=0.01 secs] 
124.643: Total time for which application threads were stopped: 0.0019810 seconds, Stopping threads took: 0.0000700 seconds
124.817: Application time: 0.1742560 seconds
124.817: [GC [PSYoungGen: 665648K->752K(666112K)] 920279K->255383K(1208320K), 0.0014850 secs] [Times: user=0.01 sys=0.00, real=0.00 secs] 
124.819: Total time for which application threads were stopped: 0.0016370 seconds, Stopping threads took: 0.0000820 seconds
125.003: Application time: 0.1844800 seconds
125.003: [GC [PSYoungGen: 665840K->640K(666112K)] 920471K->255271K(1208320K), 0.0017750 secs] [Times: user=0.01 sys=0.00, real=0.00 secs] 
125.005: Total time for which application threads were stopped: 0.0019260 seconds, Stopping threads took: 0.0000890 seconds
125.207: Application time: 0.2016070 seconds
125.207: [GC [PSYoungGen: 665728K->656K(666112K)] 920359K->255287K(1208320K), 0.0016480 secs] [Times: user=0.01 sys=0.00, real=0.00 secs] 
125.209: Total time for which application threads were stopped: 0.0017670 seconds, Stopping threads took: 0.0000460 seconds
125.382: Application time: 0.1736800 seconds
125.383: [GC [PSYoungGen: 665744K->736K(666112K)] 920375K->255367K(1208320K), 0.0016510 secs] [Times: user=0.01 sys=0.00, real=0.00 secs] 
125.384: Total time for which application threads were stopped: 0.0019810 seconds, Stopping threads took: 0.0002520 seconds
125.587: Application time: 0.2031230 seconds
125.588: [GC [PSYoungGen: 665824K->672K(666112K)] 920455K->255303K(1208320K), 0.0016510 secs] [Times: user=0.01 sys=0.00, real=0.00 secs] 
125.589: Total time for which application threads were stopped: 0.0018130 seconds, Stopping threads took: 0.0000950 seconds
125.774: Application time: 0.1843070 seconds
125.774: [GC [PSYoungGen: 665760K->672K(666112K)] 920391K->255311K(1208320K), 0.0016960 secs] [Times: user=0.01 sys=0.00, real=0.00 secs] 
125.775: Total time for which application threads were stopped: 0.0018530 seconds, Stopping threads took: 0.0000750 seconds
125.955: Application time: 0.1794300 seconds
125.955: [GC [PSYoungGen: 665760K->704K(666112K)] 920399K->255351K(1208320K), 0.0016590 secs] [Times: user=0.01 sys=0.00, real=0.00 secs] 
125.957: Total time for which application threads were stopped: 0.0018090 seconds, Stopping threads took: 0.0000790 seconds
126.168: Application time: 0.2112180 seconds
126.168: [GC [PSYoungGen: 665792K->576K(666112K)] 920439K->255231K(1208320K), 0.0016450 secs] [Times: user=0.01 sys=0.00, real=0.00 secs] 
126.170: Total time for which application threads were stopped: 0.0017930 seconds, Stopping threads took: 0.0000860 seconds
126.346: Application time: 0.1767160 seconds
126.347: [GC [PSYoungGen: 665664K->528K(666112K)] 920319K->255183K(1208320K), 0.0016950 secs] [Times: user=0.00 sys=0.00, real=0.00 secs] 
126.348: Total time for which application threads were stopped: 0.0018410 seconds, Stopping threads took: 0.0000660 seconds
126.535: Application time: 0.1866120 seconds
126.535: [GC [PSYoungGen: 665616K->528K(666112K)] 920271K->255183K(1208320K), 0.0017790 secs] [Times: user=0.01 sys=0.00, real=0.00 secs] 
126.537: Total time for which application threads were stopped: 0.0019620 seconds, Stopping threads took: 0.0001100 seconds
126.739: Application time: 0.2022780 seconds
126.739: [GC [PSYoungGen: 665616K->768K(666112K)] 920271K->255423K(1208320K), 0.0014650 secs] [Times: user=0.01 sys=0.00, real=0.00 secs] 
126.741: Total time for which application threads were stopped: 0.0015920 seconds, Stopping threads took: 0.0000600 seconds
126.914: Application time: 0.1729240 seconds
126.914: [GC [PSYoungGen: 665856K->784K(666112K)] 920511K->255439K(1208320K), 0.0016790 secs] [Times: user=0.01 sys=0.00, real=0.00 secs] 
126.915: Total time for which application threads were stopped: 0.0018700 seconds, Stopping threads took: 0.0001100 seconds
127.113: Application time: 0.1974480 seconds
127.113: [GC [PSYoungGen: 665872K->512K(666112K)] 920527K->255167K(1208320K), 0.0016680 secs] [Times: user=0.00 sys=0.00, real=0.00 secs] 
127.115: Total time for which application threads were stopped: 0.0018160 seconds, Stopping threads took: 0.0000840 seconds
127.301: Application time: 0.1862210 seconds
127.301: [GC [PSYoungGen: 665600K->704K(666112K)] 920255K->255367K(1208320K), 0.0016330 secs] [Times: user=0.01 sys=0.00, real=0.01 secs] 
127.303: Total time for which application threads were stopped: 0.0017830 seconds, Stopping threads took: 0.0000780 seconds
127.486: Application time: 0.1828370 seconds
127.486: [GC [PSYoungGen: 665792K->560K(666112K)] 920455K->255231K(1208320K), 0.0017140 secs] [Times: user=0.01 sys=0.00, real=0.00 secs] 
127.487: Total time for which application threads were stopped: 0.0018690 seconds, Stopping threads took: 0.0000720 seconds
127.693: Application time: 0.2058390 seconds
127.693: [GC [PSYoungGen: 665648K->576K(666112K)] 920319K->255255K(1208320K), 0.0016830 secs] [Times: user=0.01 sys=0.00, real=0.00 secs] 
127.695: Total time for which application threads were stopped: 0.0018130 seconds, Stopping threads took: 0.0000660 seconds
127.873: Application time: 0.1782360 seconds
127.873: [GC [PSYoungGen: 665664K->544K(666112K)] 920343K->255223K(1208320K), 0.0017030 secs] [Times: user=0.01 sys=0.00, real=0.00 secs] 
127.875: Total time for which application threads were stopped: 0.0018560 seconds, Stopping threads took: 0.0000810 seconds
128.063: Application time: 0.1882220 seconds
128.064: [GC [PSYoungGen: 665632K->704K(666112K)] 920311K->255383K(1208320K), 0.0017580 secs] [Times: user=0.01 sys=0.00, real=0.00 secs] 
128.065: Total time for which application threads were stopped: 0.0019150 seconds, Stopping threads took: 0.0000730 seconds
128.266: Application time: 0.2003810 seconds
128.266: [GC [PSYoungGen: 665792K->624K(666112K)] 920471K->255303K(1208320K), 0.0016730 secs] [Times: user=0.01 sys=0.00, real=0.00 secs] 
128.268: Total time for which application threads were stopped: 0.0018070 seconds, Stopping threads took: 0.0000690 seconds
128.442: Application time: 0.1746660 seconds
128.442: [GC [PSYoungGen: 665712K->896K(666112K)] 920391K->255575K(1208320K), 0.0016750 secs] [Times: user=0.01 sys=0.00, real=0.01 secs] 
128.444: Total time for which application threads were stopped: 0.0018350 seconds, Stopping threads took: 0.0000900 seconds
128.639: Application time: 0.1947500 seconds
128.639: [GC [PSYoungGen: 665984K->752K(666112K)] 920663K->255431K(1208320K), 0.0016480 secs] [Times: user=0.01 sys=0.00, real=0.00 secs] 
128.641: Total time for which application threads were stopped: 0.0018070 seconds, Stopping threads took: 0.0000850 seconds
128.829: Application time: 0.1882100 seconds
128.829: [GC [PSYoungGen: 665840K->624K(666112K)] 920519K->255311K(1208320K), 0.0016350 secs] [Times: user=0.01 sys=0.00, real=0.01 secs] 
128.831: Total time for which application threads were stopped: 0.0017810 seconds, Stopping threads took: 0.0000810 seconds
129.015: Application time: 0.1839300 seconds
129.015: [GC [PSYoungGen: 665712K->672K(666112K)] 920399K->255375K(1208320K), 0.0017410 secs] [Times: user=0.01 sys=0.00, real=0.00 secs] 
129.016: Total time for which application threads were stopped: 0.0018950 seconds, Stopping threads took: 0.0000890 seconds
129.214: Application time: 0.1980520 seconds
129.215: [GC [PSYoungGen: 665760K->640K(666112K)] 920463K->255351K(1208320K), 0.0016060 secs] [Times: user=0.01 sys=0.00, real=0.00 secs] 
129.216: Total time for which application threads were stopped: 0.0017760 seconds, Stopping threads took: 0.0000940 seconds
129.395: Application time: 0.1783690 seconds
129.395: [GC [PSYoungGen: 665728K->640K(666112K)] 920439K->255351K(1208320K), 0.0017270 secs] [Times: user=0.01 sys=0.00, real=0.00 secs] 
129.397: Total time for which application threads were stopped: 0.0018500 seconds, Stopping threads took: 0.0000580 seconds
129.592: Application time: 0.1950630 seconds
129.592: [GC [PSYoungGen: 665728K->608K(666112K)] 920439K->255319K(1208320K), 0.0016590 secs] [Times: user=0.01 sys=0.00, real=0.00 secs] 
129.593: Total time for which application threads were stopped: 0.0018080 seconds, Stopping threads took: 0.0000840 seconds
129.788: Application time: 0.1950030 seconds
129.789: [GC [PSYoungGen: 665696K->720K(666112K)] 920407K->255431K(1208320K), 0.0016670 secs] [Times: user=0.01 sys=0.00, real=0.00 secs] 
129.790: Total time for which application threads were stopped: 0.0018160 seconds, Stopping threads took: 0.0000740 seconds
129.968: Application time: 0.1777460 seconds
129.968: [GC [PSYoungGen: 665808K->640K(666112K)] 920519K->255351K(1208320K), 0.0017620 secs] [Times: user=0.01 sys=0.00, real=0.00 secs] 
129.970: Total time for which application threads were stopped: 0.0019050 seconds, Stopping threads took: 0.0000730 seconds
130.165: Application time: 0.1951070 seconds
130.165: [GC [PSYoungGen: 665728K->656K(666112K)] 920439K->255367K(1208320K), 0.0017020 secs] [Times: user=0.02 sys=0.00, real=0.00 secs] 
130.167: Total time for which application threads were stopped: 0.0018450 seconds, Stopping threads took: 0.0000770 seconds
130.353: Application time: 0.1863420 seconds
130.353: [GC [PSYoungGen: 665744K->736K(666112K)] 920455K->255455K(1208320K), 0.0016660 secs] [Times: user=0.01 sys=0.00, real=0.00 secs] 
130.355: Total time for which application threads were stopped: 0.0018290 seconds, Stopping threads took: 0.0000830 seconds
130.544: Application time: 0.1892300 seconds
130.544: [GC [PSYoungGen: 665824K->640K(666112K)] 920543K->255367K(1208320K), 0.0016610 secs] [Times: user=0.01 sys=0.00, real=0.00 secs] 
130.546: Total time for which application threads were stopped: 0.0018030 seconds, Stopping threads took: 0.0000770 seconds
130.739: Application time: 0.1933060 seconds
130.739: [GC [PSYoungGen: 665728K->672K(666112K)] 920455K->255407K(1208320K), 0.0016720 secs] [Times: user=0.01 sys=0.00, real=0.00 secs] 
130.741: Total time for which application threads were stopped: 0.0017900 seconds, Stopping threads took: 0.0000540 seconds
130.924: Application time: 0.1824160 seconds
130.924: [GC [PSYoungGen: 665760K->672K(666112K)] 920495K->255407K(1208320K), 0.0017120 secs] [Times: user=0.01 sys=0.00, real=0.00 secs] 
130.925: Total time for which application threads were stopped: 0.0018530 seconds, Stopping threads took: 0.0000680 seconds
131.121: Application time: 0.1952260 seconds
131.121: [GC [PSYoungGen: 665760K->592K(666112K)] 920495K->255327K(1208320K), 0.0016510 secs] [Times: user=0.01 sys=0.00, real=0.00 secs] 
131.122: Total time for which application threads were stopped: 0.0017860 seconds, Stopping threads took: 0.0000680 seconds
131.313: Application time: 0.1909080 seconds
131.313: [GC [PSYoungGen: 665680K->624K(666112K)] 920415K->255359K(1208320K), 0.0017580 secs] [Times: user=0.01 sys=0.00, real=0.00 secs] 
131.315: Total time for which application threads were stopped: 0.0019010 seconds, Stopping threads took: 0.0000780 seconds
131.495: Application time: 0.1798840 seconds
131.495: [GC [PSYoungGen: 665712K->592K(666112K)] 920447K->255327K(1208320K), 0.0016820 secs] [Times: user=0.01 sys=0.00, real=0.00 secs] 
131.497: Total time for which application threads were stopped: 0.0018520 seconds, Stopping threads took: 0.0000880 seconds
131.692: Application time: 0.1947640 seconds
131.692: [GC [PSYoungGen: 665680K->640K(666112K)] 920415K->255375K(1208320K), 0.0016610 secs] [Times: user=0.01 sys=0.00, real=0.00 secs] 
131.694: Total time for which application threads were stopped: 0.0018070 seconds, Stopping threads took: 0.0000790 seconds
131.882: Application time: 0.1887750 seconds
131.882: [GC [PSYoungGen: 665728K->800K(666112K)] 920463K->255543K(1208320K), 0.0017300 secs] [Times: user=0.01 sys=0.01, real=0.01 secs] 
131.884: Total time for which application threads were stopped: 0.0018780 seconds, Stopping threads took: 0.0000690 seconds
132.075: Application time: 0.1904770 seconds
132.075: [GC [PSYoungGen: 665888K->496K(666112K)] 920631K->255247K(1208320K), 0.0015280 secs] [Times: user=0.00 sys=0.00, real=0.00 secs] 
132.076: Total time for which application threads were stopped: 0.0016760 seconds, Stopping threads took: 0.0000760 seconds
132.265: Application time: 0.1881860 seconds
132.265: [GC [PSYoungGen: 665584K->720K(666112K)] 920335K->255479K(1208320K), 0.0016260 secs] [Times: user=0.01 sys=0.00, real=0.00 secs] 
132.266: Total time for which application threads were stopped: 0.0017810 seconds, Stopping threads took: 0.0000830 seconds
132.452: Application time: 0.1852360 seconds
132.452: [GC [PSYoungGen: 665808K->704K(666112K)] 920567K->255463K(1208320K), 0.0017850 secs] [Times: user=0.01 sys=0.00, real=0.00 secs] 
132.453: Total time for which application threads were stopped: 0.0018960 seconds, Stopping threads took: 0.0000420 seconds
132.653: Application time: 0.1997840 seconds
132.653: [GC [PSYoungGen: 665792K->624K(666112K)] 920551K->255383K(1208320K), 0.0015960 secs] [Times: user=0.01 sys=0.00, real=0.00 secs] 
132.655: Total time for which application threads were stopped: 0.0017570 seconds, Stopping threads took: 0.0000870 seconds
132.844: Application time: 0.1894670 seconds
132.845: [GC [PSYoungGen: 665712K->624K(666112K)] 920471K->255383K(1208320K), 0.0016810 secs] [Times: user=0.01 sys=0.00, real=0.00 secs] 
132.846: Total time for which application threads were stopped: 0.0018410 seconds, Stopping threads took: 0.0000880 seconds
133.028: Application time: 0.1812290 seconds
133.028: [GC [PSYoungGen: 665712K->576K(666112K)] 920471K->255335K(1208320K), 0.0016800 secs] [Times: user=0.01 sys=0.00, real=0.00 secs] 
133.029: Total time for which application threads were stopped: 0.0018410 seconds, Stopping threads took: 0.0000960 seconds
133.222: Application time: 0.1923280 seconds
133.222: [GC [PSYoungGen: 665664K->672K(666112K)] 920423K->255431K(1208320K), 0.0016930 secs] [Times: user=0.01 sys=0.00, real=0.01 secs] 
133.224: Total time for which application threads were stopped: 0.0018620 seconds, Stopping threads took: 0.0000870 seconds
133.413: Application time: 0.1891120 seconds
133.413: [GC [PSYoungGen: 665760K->656K(666112K)] 920519K->255423K(1208320K), 0.0014470 secs] [Times: user=0.01 sys=0.00, real=0.00 secs] 
133.414: Total time for which application threads were stopped: 0.0015810 seconds, Stopping threads took: 0.0000690 seconds
133.604: Application time: 0.1898320 seconds
133.604: [GC [PSYoungGen: 665744K->624K(666112K)] 920511K->255399K(1208320K), 0.0014760 secs] [Times: user=0.01 sys=0.00, real=0.00 secs] 
133.606: Total time for which application threads were stopped: 0.0016290 seconds, Stopping threads took: 0.0000870 seconds
133.795: Application time: 0.1890190 seconds
133.795: [GC [PSYoungGen: 665712K->624K(666112K)] 920487K->255415K(1208320K), 0.0017460 secs] [Times: user=0.01 sys=0.00, real=0.00 secs] 
133.797: Total time for which application threads were stopped: 0.0018730 seconds, Stopping threads took: 0.0000540 seconds
133.983: Application time: 0.1860740 seconds
133.983: [GC [PSYoungGen: 665712K->688K(666112K)] 920503K->255479K(1208320K), 0.0016700 secs] [Times: user=0.01 sys=0.00, real=0.00 secs] 
133.985: Total time for which application threads were stopped: 0.0018220 seconds, Stopping threads took: 0.0000880 seconds
134.183: Application time: 0.1981700 seconds
134.183: [GC [PSYoungGen: 665776K->688K(666112K)] 920567K->255479K(1208320K), 0.0016260 secs] [Times: user=0.01 sys=0.00, real=0.00 secs] 
134.184: Total time for which application threads were stopped: 0.0017600 seconds, Stopping threads took: 0.0000710 seconds
134.374: Application time: 0.1896200 seconds
134.374: [GC [PSYoungGen: 665776K->736K(666112K)] 920567K->255527K(1208320K), 0.0017280 secs] [Times: user=0.00 sys=0.00, real=0.00 secs] 
134.376: Total time for which application threads were stopped: 0.0018840 seconds, Stopping threads took: 0.0000740 seconds
134.557: Application time: 0.1813460 seconds
134.557: [GC [PSYoungGen: 665824K->576K(666112K)] 920615K->255367K(1208320K), 0.0017250 secs] [Times: user=0.01 sys=0.00, real=0.00 secs] 
134.559: Total time for which application threads were stopped: 0.0018840 seconds, Stopping threads took: 0.0000900 seconds
134.751: Application time: 0.1921820 seconds
134.752: [GC [PSYoungGen: 665664K->640K(666112K)] 920455K->255431K(1208320K), 0.0017980 secs] [Times: user=0.01 sys=0.00, real=0.00 secs] 
134.753: Total time for which application threads were stopped: 0.0019350 seconds, Stopping threads took: 0.0000710 seconds
134.942: Application time: 0.1883520 seconds
134.942: [GC [PSYoungGen: 665728K->704K(666112K)] 920519K->255503K(1208320K), 0.0016780 secs] [Times: user=0.01 sys=0.00, real=0.01 secs] 
134.944: Total time for which application threads were stopped: 0.0018400 seconds, Stopping threads took: 0.0000870 seconds
135.137: Application time: 0.1929940 seconds
135.137: [GC [PSYoungGen: 665792K->704K(666112K)] 920591K->255511K(1208320K), 0.0017360 secs] [Times: user=0.01 sys=0.00, real=0.00 secs] 
135.138: Total time for which application threads were stopped: 0.0018750 seconds, Stopping threads took: 0.0000750 seconds
135.322: Application time: 0.1838140 seconds
135.322: [GC [PSYoungGen: 665792K->624K(666112K)] 920599K->255439K(1208320K), 0.0017670 secs] [Times: user=0.01 sys=0.00, real=0.01 secs] 
135.324: Total time for which application threads were stopped: 0.0019290 seconds, Stopping threads took: 0.0000990 seconds
135.465: Application time: 0.1412760 seconds
135.466: Total time for which application threads were stopped: 0.0001290 seconds, Stopping threads took: 0.0000910 seconds
135.506: Application time: 0.0404980 seconds
135.506: [GC [PSYoungGen: 665712K->544K(666112K)] 920527K->255359K(1208320K), 0.0017770 secs] [Times: user=0.01 sys=0.00, real=0.00 secs] 
135.508: Total time for which application threads were stopped: 0.0019130 seconds, Stopping threads took: 0.0000660 seconds
135.704: Application time: 0.1956430 seconds
135.704: [GC [PSYoungGen: 665632K->656K(666112K)] 920447K->255471K(1208320K), 0.0016550 secs] [Times: user=0.01 sys=0.00, real=0.00 secs] 
135.705: Total time for which application threads were stopped: 0.0017960 seconds, Stopping threads took: 0.0000700 seconds
135.907: Application time: 0.2013390 seconds
135.907: [GC [PSYoungGen: 665744K->704K(666112K)] 920559K->255519K(1208320K), 0.0017370 secs] [Times: user=0.01 sys=0.00, real=0.00 secs] 
135.909: Total time for which application threads were stopped: 0.0019050 seconds, Stopping threads took: 0.0000940 seconds
136.084: Application time: 0.1756250 seconds
136.084: [GC [PSYoungGen: 665792K->576K(666112K)] 920607K->255391K(1208320K), 0.0016580 secs] [Times: user=0.01 sys=0.00, real=0.00 secs] 
136.086: Total time for which application threads were stopped: 0.0017870 seconds, Stopping threads took: 0.0000490 seconds
136.087: Application time: 0.0006730 seconds
136.087: Total time for which application threads were stopped: 0.0000590 seconds, Stopping threads took: 0.0000430 seconds
136.319: Application time: 0.2320110 seconds
136.319: [GC [PSYoungGen: 665664K->448K(666112K)] 920479K->255263K(1208320K), 0.0016950 secs] [Times: user=0.01 sys=0.00, real=0.00 secs] 
136.321: Total time for which application threads were stopped: 0.0018230 seconds, Stopping threads took: 0.0000580 seconds
136.500: Application time: 0.1797660 seconds
136.501: [GC [PSYoungGen: 665536K->608K(666112K)] 920351K->255431K(1208320K), 0.0017030 secs] [Times: user=0.01 sys=0.00, real=0.00 secs] 
136.502: Total time for which application threads were stopped: 0.0018310 seconds, Stopping threads took: 0.0000590 seconds
136.534: Application time: 0.0315460 seconds
136.534: Total time for which application threads were stopped: 0.0000650 seconds, Stopping threads took: 0.0000370 seconds
136.546: Application time: 0.0119870 seconds
136.546: Total time for which application threads were stopped: 0.0000860 seconds, Stopping threads took: 0.0000590 seconds
136.675: Application time: 0.1285900 seconds
136.675: Total time for which application threads were stopped: 0.0000600 seconds, Stopping threads took: 0.0000230 seconds
136.770: Application time: 0.0958000 seconds
136.771: Total time for which application threads were stopped: 0.0000940 seconds, Stopping threads took: 0.0000640 seconds
136.771: Application time: 0.0001090 seconds
136.771: Total time for which application threads were stopped: 0.0000540 seconds, Stopping threads took: 0.0000330 seconds
136.771: Application time: 0.0000520 seconds
136.771: Total time for which application threads were stopped: 0.0000420 seconds, Stopping threads took: 0.0000360 seconds
136.775: Application time: 0.0037820 seconds
136.775: Total time for which application threads were stopped: 0.0000810 seconds, Stopping threads took: 0.0000530 seconds
136.870: Application time: 0.0951160 seconds
136.870: [GC [PSYoungGen: 665696K->416K(666112K)] 920519K->255247K(1208320K), 0.0016830 secs] [Times: user=0.01 sys=0.00, real=0.01 secs] 
136.872: Total time for which application threads were stopped: 0.0018390 seconds, Stopping threads took: 0.0000900 seconds
137.063: Application time: 0.1914440 seconds
137.063: [GC [PSYoungGen: 665504K->720K(666112K)] 920335K->255559K(1208320K), 0.0016650 secs] [Times: user=0.01 sys=0.00, real=0.00 secs] 
137.065: Total time for which application threads were stopped: 0.0017850 seconds, Stopping threads took: 0.0000550 seconds
137.216: Application time: 0.1508870 seconds
137.216: [GC [PSYoungGen: 665808K->704K(666112K)] 920647K->255543K(1208320K), 0.0017310 secs] [Times: user=0.01 sys=0.00, real=0.00 secs] 
137.218: Total time for which application threads were stopped: 0.0018580 seconds, Stopping threads took: 0.0000490 seconds
137.479: Application time: 0.2611860 seconds
137.479: [GC [PSYoungGen: 665792K->752K(666112K)] 920631K->255591K(1208320K), 0.0017060 secs] [Times: user=0.01 sys=0.00, real=0.00 secs] 
137.481: Total time for which application threads were stopped: 0.0018380 seconds, Stopping threads took: 0.0000620 seconds
137.632: Application time: 0.1517750 seconds
137.633: [GC [PSYoungGen: 665840K->736K(666112K)] 920679K->255575K(1208320K), 0.0017180 secs] [Times: user=0.01 sys=0.00, real=0.00 secs] 
137.635: Total time for which application threads were stopped: 0.0027230 seconds, Stopping threads took: 0.0009340 seconds
137.787: Application time: 0.1522820 seconds
137.788: [GC [PSYoungGen: 665824K->656K(666112K)] 920663K->255495K(1208320K), 0.0016820 secs] [Times: user=0.01 sys=0.00, real=0.00 secs] 
137.789: Total time for which application threads were stopped: 0.0018460 seconds, Stopping threads took: 0.0000840 seconds
138.050: Application time: 0.2607750 seconds
138.050: [GC [PSYoungGen: 665744K->688K(666112K)] 920583K->255527K(1208320K), 0.0016920 secs] [Times: user=0.01 sys=0.00, real=0.01 secs] 
138.052: Total time for which application threads were stopped: 0.0018310 seconds, Stopping threads took: 0.0000750 seconds
138.202: Application time: 0.1499910 seconds
138.202: [GC [PSYoungGen: 665776K->864K(666112K)] 920615K->255711K(1208320K), 0.0014920 secs] [Times: user=0.01 sys=0.00, real=0.01 secs] 
138.204: Total time for which application threads were stopped: 0.0016270 seconds, Stopping threads took: 0.0000720 seconds
138.417: Application time: 0.2135320 seconds
138.417: [GC [PSYoungGen: 665952K->400K(666112K)] 920799K->255255K(1208320K), 0.0017500 secs] [Times: user=0.02 sys=0.00, real=0.00 secs] 
138.419: Total time for which application threads were stopped: 0.0019070 seconds, Stopping threads took: 0.0000820 seconds
138.615: Application time: 0.1964270 seconds
138.615: [GC [PSYoungGen: 665488K->784K(666112K)] 920343K->255647K(1208320K), 0.0019100 secs] [Times: user=0.01 sys=0.00, real=0.00 secs] 
138.617: Total time for which application threads were stopped: 0.0020470 seconds, Stopping threads took: 0.0000650 seconds
138.769: Application time: 0.1518830 seconds
138.769: [GC [PSYoungGen: 665872K->832K(666112K)] 920735K->255695K(1208320K), 0.0016500 secs] [Times: user=0.02 sys=0.00, real=0.01 secs] 
138.771: Total time for which application threads were stopped: 0.0018160 seconds, Stopping threads took: 0.0000870 seconds
139.032: Application time: 0.2611100 seconds
139.032: [GC [PSYoungGen: 665920K->640K(666112K)] 920783K->255503K(1208320K), 0.0017460 secs] [Times: user=0.01 sys=0.00, real=0.00 secs] 
139.034: Total time for which application threads were stopped: 0.0018770 seconds, Stopping threads took: 0.0000560 seconds
139.186: Application time: 0.1522190 seconds
139.186: [GC [PSYoungGen: 665728K->656K(666112K)] 920591K->255519K(1208320K), 0.0017170 secs] [Times: user=0.01 sys=0.01, real=0.00 secs] 
139.188: Total time for which application threads were stopped: 0.0018620 seconds, Stopping threads took: 0.0000710 seconds
139.339: Application time: 0.1510800 seconds
139.339: [GC [PSYoungGen: 665744K->704K(666112K)] 920607K->255567K(1208320K), 0.0016590 secs] [Times: user=0.01 sys=0.00, real=0.00 secs] 
139.341: Total time for which application threads were stopped: 0.0018000 seconds, Stopping threads took: 0.0000780 seconds
139.602: Application time: 0.2611540 seconds
139.602: [GC [PSYoungGen: 665792K->608K(666112K)] 920655K->255471K(1208320K), 0.0016330 secs] [Times: user=0.01 sys=0.00, real=0.01 secs] 
139.604: Total time for which application threads were stopped: 0.0017710 seconds, Stopping threads took: 0.0000590 seconds
139.756: Application time: 0.1518920 seconds
139.756: [GC [PSYoungGen: 665696K->768K(666112K)] 920559K->255671K(1208320K), 0.0016640 secs] [Times: user=0.01 sys=0.00, real=0.00 secs] 
139.758: Total time for which application threads were stopped: 0.0017970 seconds, Stopping threads took: 0.0000700 seconds
139.974: Application time: 0.2164990 seconds
139.974: [GC [PSYoungGen: 665856K->416K(666112K)] 920759K->255319K(1208320K), 0.0017260 secs] [Times: user=0.01 sys=0.00, real=0.00 secs] 
139.976: Total time for which application threads were stopped: 0.0019030 seconds, Stopping threads took: 0.0001040 seconds
140.171: Application time: 0.1949940 seconds
140.171: [GC [PSYoungGen: 665504K->704K(666112K)] 920407K->255607K(1208320K), 0.0016560 secs] [Times: user=0.01 sys=0.00, real=0.00 secs] 
140.173: Total time for which application threads were stopped: 0.0017740 seconds, Stopping threads took: 0.0000460 seconds
140.324: Application time: 0.1507420 seconds
140.324: [GC [PSYoungGen: 665792K->688K(666112K)] 920695K->255591K(1208320K), 0.0016380 secs] [Times: user=0.01 sys=0.00, real=0.00 secs] 
140.325: Total time for which application threads were stopped: 0.0018180 seconds, Stopping threads took: 0.0001080 seconds
140.585: Application time: 0.2595230 seconds
140.585: [GC [PSYoungGen: 665776K->640K(666112K)] 920679K->255543K(1208320K), 0.0016490 secs] [Times: user=0.01 sys=0.00, real=0.00 secs] 
140.587: Total time for which application threads were stopped: 0.0017940 seconds, Stopping threads took: 0.0000790 seconds
140.738: Application time: 0.1508580 seconds
140.738: [GC [PSYoungGen: 665728K->704K(666112K)] 920631K->255607K(1208320K), 0.0016450 secs] [Times: user=0.01 sys=0.00, real=0.00 secs] 
140.739: Total time for which application threads were stopped: 0.0017720 seconds, Stopping threads took: 0.0000540 seconds
140.892: Application time: 0.1521960 seconds
140.892: [GC [PSYoungGen: 665792K->800K(666112K)] 920695K->255703K(1208320K), 0.0017050 secs] [Times: user=0.01 sys=0.00, real=0.00 secs] 
140.893: Total time for which application threads were stopped: 0.0018260 seconds, Stopping threads took: 0.0000510 seconds
141.153: Application time: 0.2599050 seconds
141.153: [GC [PSYoungGen: 665888K->704K(666112K)] 920791K->255607K(1208320K), 0.0016630 secs] [Times: user=0.01 sys=0.00, real=0.00 secs] 
141.155: Total time for which application threads were stopped: 0.0018050 seconds, Stopping threads took: 0.0000670 seconds
141.306: Application time: 0.1504080 seconds
141.306: [GC [PSYoungGen: 665792K->736K(666112K)] 920695K->255663K(1208320K), 0.0016110 secs] [Times: user=0.01 sys=0.00, real=0.00 secs] 
141.307: Total time for which application threads were stopped: 0.0017560 seconds, Stopping threads took: 0.0000630 seconds
141.521: Application time: 0.2140440 seconds
141.522: [GC [PSYoungGen: 665824K->448K(666112K)] 920751K->255375K(1208320K), 0.0016440 secs] [Times: user=0.01 sys=0.00, real=0.01 secs] 
141.523: Total time for which application threads were stopped: 0.0017970 seconds, Stopping threads took: 0.0000810 seconds
141.722: Application time: 0.1990830 seconds
141.722: [GC [PSYoungGen: 665536K->848K(666112K)] 920463K->255775K(1208320K), 0.0017640 secs] [Times: user=0.02 sys=0.00, real=0.01 secs] 
141.724: Total time for which application threads were stopped: 0.0019110 seconds, Stopping threads took: 0.0000820 seconds
141.874: Application time: 0.1498220 seconds
141.874: [GC [PSYoungGen: 665936K->832K(666112K)] 920863K->255759K(1208320K), 0.0016600 secs] [Times: user=0.01 sys=0.00, real=0.00 secs] 
141.876: Total time for which application threads were stopped: 0.0018270 seconds, Stopping threads took: 0.0000960 seconds
142.136: Application time: 0.2606590 seconds
142.137: [GC [PSYoungGen: 665920K->752K(666112K)] 920847K->255679K(1208320K), 0.0016920 secs] [Times: user=0.01 sys=0.00, real=0.00 secs] 
142.138: Total time for which application threads were stopped: 0.0018200 seconds, Stopping threads took: 0.0000540 seconds
142.289: Application time: 0.1507400 seconds
142.289: [GC [PSYoungGen: 665840K->720K(666112K)] 920767K->255647K(1208320K), 0.0016760 secs] [Times: user=0.02 sys=0.00, real=0.01 secs] 
142.291: Total time for which application threads were stopped: 0.0018250 seconds, Stopping threads took: 0.0000780 seconds
142.442: Application time: 0.1511930 seconds
142.442: [GC [PSYoungGen: 665808K->864K(666112K)] 920735K->255791K(1208320K), 0.0016790 secs] [Times: user=0.02 sys=0.00, real=0.01 secs] 
142.444: Total time for which application threads were stopped: 0.0018210 seconds, Stopping threads took: 0.0000600 seconds
142.705: Application time: 0.2607790 seconds
142.705: [GC [PSYoungGen: 665952K->736K(666112K)] 920879K->255663K(1208320K), 0.0017180 secs] [Times: user=0.01 sys=0.00, real=0.00 secs] 
142.707: Total time for which application threads were stopped: 0.0018770 seconds, Stopping threads took: 0.0000950 seconds
142.857: Application time: 0.1505110 seconds
142.857: [GC [PSYoungGen: 665824K->800K(666112K)] 920751K->255735K(1208320K), 0.0016170 secs] [Times: user=0.01 sys=0.00, real=0.00 secs] 
142.859: Total time for which application threads were stopped: 0.0017520 seconds, Stopping threads took: 0.0000700 seconds
143.069: Application time: 0.2101380 seconds
143.071: [GC [PSYoungGen: 665888K->416K(666112K)] 920823K->255351K(1208320K), 0.0016510 secs] [Times: user=0.01 sys=0.00, real=0.00 secs] 
143.072: Total time for which application threads were stopped: 0.0033410 seconds, Stopping threads took: 0.0016150 seconds
143.274: Application time: 0.2018420 seconds
143.274: [GC [PSYoungGen: 665504K->640K(666112K)] 920439K->255575K(1208320K), 0.0018040 secs] [Times: user=0.01 sys=0.00, real=0.00 secs] 
143.276: Total time for which application threads were stopped: 0.0019360 seconds, Stopping threads took: 0.0000720 seconds
143.427: Application time: 0.1507880 seconds
143.427: [GC [PSYoungGen: 665728K->800K(666112K)] 920663K->255735K(1208320K), 0.0016380 secs] [Times: user=0.01 sys=0.00, real=0.00 secs] 
143.429: Total time for which application threads were stopped: 0.0017890 seconds, Stopping threads took: 0.0000880 seconds
143.690: Application time: 0.2612540 seconds
143.690: [GC [PSYoungGen: 665888K->672K(666112K)] 920823K->255607K(1208320K), 0.0016300 secs] [Times: user=0.01 sys=0.00, real=0.01 secs] 
143.692: Total time for which application threads were stopped: 0.0017930 seconds, Stopping threads took: 0.0000780 seconds
143.844: Application time: 0.1521200 seconds
143.844: [GC [PSYoungGen: 665760K->672K(666112K)] 920695K->255607K(1208320K), 0.0016970 secs] [Times: user=0.01 sys=0.00, real=0.00 secs] 
143.846: Total time for which application threads were stopped: 0.0018330 seconds, Stopping threads took: 0.0000650 seconds
143.997: Application time: 0.1512790 seconds
143.997: [GC [PSYoungGen: 665760K->656K(666112K)] 920695K->255591K(1208320K), 0.0016650 secs] [Times: user=0.00 sys=0.00, real=0.00 secs] 
143.999: Total time for which application threads were stopped: 0.0018010 seconds, Stopping threads took: 0.0000700 seconds
144.259: Application time: 0.2606930 seconds
144.260: [GC [PSYoungGen: 665744K->624K(666112K)] 920679K->255559K(1208320K), 0.0017800 secs] [Times: user=0.01 sys=0.00, real=0.00 secs] 
144.261: Total time for which application threads were stopped: 0.0019280 seconds, Stopping threads took: 0.0000680 seconds
144.412: Application time: 0.1501730 seconds
144.412: [GC [PSYoungGen: 665712K->688K(666112K)] 920647K->255631K(1208320K), 0.0017330 secs] [Times: user=0.01 sys=0.00, real=0.00 secs] 
144.413: Total time for which application threads were stopped: 0.0018550 seconds, Stopping threads took: 0.0000600 seconds
144.623: Application time: 0.2091310 seconds
144.623: [GC [PSYoungGen: 665776K->384K(666112K)] 920719K->255327K(1208320K), 0.0017470 secs] [Times: user=0.01 sys=0.00, real=0.00 secs] 
144.624: Total time for which application threads were stopped: 0.0018840 seconds, Stopping threads took: 0.0000740 seconds
144.827: Application time: 0.2028930 seconds
144.827: [GC [PSYoungGen: 665472K->736K(666112K)] 920415K->255679K(1208320K), 0.0016200 secs] [Times: user=0.01 sys=0.00, real=0.00 secs] 
144.829: Total time for which application threads were stopped: 0.0017710 seconds, Stopping threads took: 0.0000780 seconds
144.980: Application time: 0.1511650 seconds
144.980: [GC [PSYoungGen: 665824K->784K(666112K)] 920767K->255727K(1208320K), 0.0017060 secs] [Times: user=0.01 sys=0.00, real=0.00 secs] 
144.982: Total time for which application threads were stopped: 0.0018530 seconds, Stopping threads took: 0.0000740 seconds
145.242: Application time: 0.2593790 seconds
145.242: [GC [PSYoungGen: 665872K->672K(666112K)] 920815K->255615K(1208320K), 0.0016780 secs] [Times: user=0.01 sys=0.00, real=0.01 secs] 
145.243: Total time for which application threads were stopped: 0.0018290 seconds, Stopping threads took: 0.0000880 seconds
145.395: Application time: 0.1521050 seconds
145.396: [GC [PSYoungGen: 665760K->768K(666112K)] 920703K->255711K(1208320K), 0.0015800 secs] [Times: user=0.01 sys=0.00, real=0.00 secs] 
145.397: Total time for which application threads were stopped: 0.0017430 seconds, Stopping threads took: 0.0000810 seconds
145.548: Application time: 0.1505110 seconds
145.548: [GC [PSYoungGen: 665856K->800K(666112K)] 920799K->255743K(1208320K), 0.0014360 secs] [Times: user=0.01 sys=0.00, real=0.00 secs] 
145.549: Total time for which application threads were stopped: 0.0015700 seconds, Stopping threads took: 0.0000660 seconds
145.810: Application time: 0.2611890 seconds
145.811: [GC [PSYoungGen: 665888K->688K(666112K)] 920831K->255631K(1208320K), 0.0017640 secs] [Times: user=0.01 sys=0.00, real=0.00 secs] 
145.812: Total time for which application threads were stopped: 0.0019250 seconds, Stopping threads took: 0.0000900 seconds
145.963: Application time: 0.1501190 seconds
145.963: [GC [PSYoungGen: 665776K->800K(666112K)] 920719K->255751K(1208320K), 0.0016790 secs] [Times: user=0.01 sys=0.00, real=0.00 secs] 
145.964: Total time for which application threads were stopped: 0.0018160 seconds, Stopping threads took: 0.0000550 seconds
146.175: Application time: 0.2105470 seconds
146.175: [GC [PSYoungGen: 665888K->416K(666112K)] 920839K->255367K(1208320K), 0.0016820 secs] [Times: user=0.01 sys=0.00, real=0.00 secs] 
146.177: Total time for which application threads were stopped: 0.0018720 seconds, Stopping threads took: 0.0001190 seconds
146.379: Application time: 0.2020940 seconds
146.379: [GC [PSYoungGen: 665504K->640K(666112K)] 920455K->255591K(1208320K), 0.0016440 secs] [Times: user=0.01 sys=0.00, real=0.00 secs] 
146.381: Total time for which application threads were stopped: 0.0017930 seconds, Stopping threads took: 0.0000830 seconds
146.531: Application time: 0.1500290 seconds
146.531: [GC [PSYoungGen: 665728K->752K(666112K)] 920679K->255703K(1208320K), 0.0016720 secs] [Times: user=0.01 sys=0.00, real=0.00 secs] 
146.533: Total time for which application threads were stopped: 0.0018350 seconds, Stopping threads took: 0.0000720 seconds
146.793: Application time: 0.2609190 seconds
146.794: [GC [PSYoungGen: 665840K->704K(666112K)] 920791K->255655K(1208320K), 0.0017060 secs] [Times: user=0.01 sys=0.00, real=0.00 secs] 
146.795: Total time for which application threads were stopped: 0.0018610 seconds, Stopping threads took: 0.0000860 seconds
146.947: Application time: 0.1514630 seconds
146.947: [GC [PSYoungGen: 665792K->752K(666112K)] 920743K->255703K(1208320K), 0.0016960 secs] [Times: user=0.01 sys=0.00, real=0.00 secs] 
146.949: Total time for which application threads were stopped: 0.0018230 seconds, Stopping threads took: 0.0000580 seconds
147.100: Application time: 0.1509900 seconds
147.100: [GC [PSYoungGen: 665840K->640K(666112K)] 920791K->255591K(1208320K), 0.0017680 secs] [Times: user=0.01 sys=0.00, real=0.00 secs] 
147.102: Total time for which application threads were stopped: 0.0019210 seconds, Stopping threads took: 0.0000830 seconds
147.361: Application time: 0.2598980 seconds
147.362: [GC [PSYoungGen: 665728K->704K(666112K)] 920679K->255655K(1208320K), 0.0016940 secs] [Times: user=0.01 sys=0.00, real=0.01 secs] 
147.363: Total time for which application threads were stopped: 0.0018330 seconds, Stopping threads took: 0.0000690 seconds
147.515: Application time: 0.1518110 seconds
147.515: [GC [PSYoungGen: 665792K->816K(666112K)] 920743K->255775K(1208320K), 0.0018040 secs] [Times: user=0.02 sys=0.00, real=0.00 secs] 
147.517: Total time for which application threads were stopped: 0.0019870 seconds, Stopping threads took: 0.0001110 seconds
147.724: Application time: 0.2068480 seconds
147.724: [GC [PSYoungGen: 665904K->432K(666112K)] 920863K->255391K(1208320K), 0.0017600 secs] [Times: user=0.01 sys=0.00, real=0.00 secs] 
147.726: Total time for which application threads were stopped: 0.0019130 seconds, Stopping threads took: 0.0000800 seconds
147.931: Application time: 0.2055530 seconds
147.932: [GC [PSYoungGen: 665520K->800K(666112K)] 920479K->255759K(1208320K), 0.0017130 secs] [Times: user=0.01 sys=0.00, real=0.00 secs] 
147.933: Total time for which application threads were stopped: 0.0018540 seconds, Stopping threads took: 0.0000740 seconds
148.084: Application time: 0.1504530 seconds
148.084: [GC [PSYoungGen: 665888K->672K(666112K)] 920847K->255631K(1208320K), 0.0017330 secs] [Times: user=0.01 sys=0.00, real=0.00 secs] 
148.086: Total time for which application threads were stopped: 0.0018540 seconds, Stopping threads took: 0.0000530 seconds
148.346: Application time: 0.2603560 seconds
148.346: [GC [PSYoungGen: 665760K->752K(666112K)] 920719K->255711K(1208320K), 0.0016480 secs] [Times: user=0.02 sys=0.00, real=0.00 secs] 
148.348: Total time for which application threads were stopped: 0.0017780 seconds, Stopping threads took: 0.0000500 seconds
148.498: Application time: 0.1504470 seconds
148.498: [GC [PSYoungGen: 665840K->752K(666112K)] 920799K->255711K(1208320K), 0.0016650 secs] [Times: user=0.01 sys=0.00, real=0.00 secs] 
148.500: Total time for which application threads were stopped: 0.0018270 seconds, Stopping threads took: 0.0000930 seconds
148.650: Application time: 0.1504270 seconds
148.651: [GC [PSYoungGen: 665840K->800K(666112K)] 920799K->255759K(1208320K), 0.0016910 secs] [Times: user=0.01 sys=0.00, real=0.01 secs] 
148.652: Total time for which application threads were stopped: 0.0018190 seconds, Stopping threads took: 0.0000550 seconds
148.913: Application time: 0.2611090 seconds
148.913: [GC [PSYoungGen: 665888K->768K(666112K)] 920847K->255727K(1208320K), 0.0016590 secs] [Times: user=0.01 sys=0.00, real=0.00 secs] 
148.915: Total time for which application threads were stopped: 0.0017930 seconds, Stopping threads took: 0.0000600 seconds
149.067: Application time: 0.1514360 seconds
149.067: [GC [PSYoungGen: 665856K->784K(666112K)] 920815K->255751K(1208320K), 0.0016200 secs] [Times: user=0.01 sys=0.00, real=0.00 secs] 
149.068: Total time for which application threads were stopped: 0.0017550 seconds, Stopping threads took: 0.0000640 seconds
149.272: Application time: 0.2037770 seconds
149.272: [GC [PSYoungGen: 665872K->416K(666112K)] 920839K->255383K(1208320K), 0.0016900 secs] [Times: user=0.01 sys=0.00, real=0.00 secs] 
149.274: Total time for which application threads were stopped: 0.0018620 seconds, Stopping threads took: 0.0001060 seconds
149.481: Application time: 0.2069260 seconds
149.481: [GC [PSYoungGen: 665504K->768K(666112K)] 920471K->255735K(1208320K), 0.0016670 secs] [Times: user=0.01 sys=0.00, real=0.01 secs] 
149.483: Total time for which application threads were stopped: 0.0018020 seconds, Stopping threads took: 0.0000560 seconds
149.633: Application time: 0.1498020 seconds
149.633: [GC [PSYoungGen: 665856K->736K(666112K)] 920823K->255703K(1208320K), 0.0017150 secs] [Times: user=0.01 sys=0.00, real=0.00 secs] 
149.634: Total time for which application threads were stopped: 0.0018420 seconds, Stopping threads took: 0.0000530 seconds
149.896: Application time: 0.2618110 seconds
149.896: [GC [PSYoungGen: 665824K->768K(666112K)] 920791K->255735K(1208320K), 0.0017000 secs] [Times: user=0.01 sys=0.00, real=0.00 secs] 
149.898: Total time for which application threads were stopped: 0.0018410 seconds, Stopping threads took: 0.0000720 seconds
150.049: Application time: 0.1509140 seconds
150.049: [GC [PSYoungGen: 665856K->832K(666112K)] 920823K->255799K(1208320K), 0.0016930 secs] [Times: user=0.01 sys=0.00, real=0.01 secs] 
150.051: Total time for which application threads were stopped: 0.0018460 seconds, Stopping threads took: 0.0000770 seconds
150.201: Application time: 0.1503080 seconds
150.201: [GC [PSYoungGen: 665920K->720K(666112K)] 920887K->255687K(1208320K), 0.0016690 secs] [Times: user=0.01 sys=0.00, real=0.01 secs] 
150.203: Total time for which application threads were stopped: 0.0018070 seconds, Stopping threads took: 0.0000770 seconds
150.463: Application time: 0.2598390 seconds
150.463: [GC [PSYoungGen: 665808K->848K(666112K)] 920775K->255815K(1208320K), 0.0016870 secs] [Times: user=0.01 sys=0.00, real=0.00 secs] 
150.465: Total time for which application threads were stopped: 0.0018370 seconds, Stopping threads took: 0.0000810 seconds
150.615: Application time: 0.1504090 seconds
150.615: [GC [PSYoungGen: 665936K->720K(666112K)] 920903K->255695K(1208320K), 0.0016620 secs] [Times: user=0.01 sys=0.00, real=0.00 secs] 
150.617: Total time for which application threads were stopped: 0.0018020 seconds, Stopping threads took: 0.0000610 seconds
150.814: Application time: 0.1973010 seconds
150.814: [GC [PSYoungGen: 665808K->384K(666112K)] 920783K->255359K(1208320K), 0.0017500 secs] [Times: user=0.02 sys=0.00, real=0.00 secs] 
150.816: Total time for which application threads were stopped: 0.0018970 seconds, Stopping threads took: 0.0000810 seconds
151.031: Application time: 0.2145450 seconds
151.031: [GC [PSYoungGen: 665472K->736K(666112K)] 920447K->255711K(1208320K), 0.0016730 secs] [Times: user=0.01 sys=0.00, real=0.00 secs] 
151.032: Total time for which application threads were stopped: 0.0018070 seconds, Stopping threads took: 0.0000620 seconds
151.182: Application time: 0.1498290 seconds
151.182: [GC [PSYoungGen: 665824K->720K(666112K)] 920799K->255695K(1208320K), 0.0016860 secs] [Times: user=0.01 sys=0.00, real=0.01 secs] 
151.184: Total time for which application threads were stopped: 0.0018550 seconds, Stopping threads took: 0.0000880 seconds
151.443: Application time: 0.2591710 seconds
151.443: [GC [PSYoungGen: 665808K->736K(666112K)] 920783K->255711K(1208320K), 0.0016450 secs] [Times: user=0.01 sys=0.00, real=0.00 secs] 
151.445: Total time for which application threads were stopped: 0.0018020 seconds, Stopping threads took: 0.0000840 seconds
151.597: Application time: 0.1514940 seconds
151.597: [GC [PSYoungGen: 665824K->688K(666112K)] 920799K->255663K(1208320K), 0.0017810 secs] [Times: user=0.01 sys=0.00, real=0.00 secs] 
151.598: Total time for which application threads were stopped: 0.0019140 seconds, Stopping threads took: 0.0000620 seconds
151.750: Application time: 0.1517560 seconds
151.750: [GC [PSYoungGen: 665776K->800K(666112K)] 920751K->255775K(1208320K), 0.0017540 secs] [Times: user=0.01 sys=0.00, real=0.01 secs] 
151.752: Total time for which application threads were stopped: 0.0018810 seconds, Stopping threads took: 0.0000540 seconds
152.011: Application time: 0.2593640 seconds
152.012: [GC [PSYoungGen: 665888K->880K(666112K)] 920863K->255855K(1208320K), 0.0017140 secs] [Times: user=0.02 sys=0.00, real=0.00 secs] 
152.013: Total time for which application threads were stopped: 0.0018430 seconds, Stopping threads took: 0.0000640 seconds
152.164: Application time: 0.1507030 seconds
152.164: [GC [PSYoungGen: 665968K->720K(666112K)] 920943K->255703K(1208320K), 0.0016500 secs] [Times: user=0.01 sys=0.00, real=0.00 secs] 
152.166: Total time for which application threads were stopped: 0.0017920 seconds, Stopping threads took: 0.0000770 seconds
152.361: Application time: 0.1954920 seconds
152.361: [GC [PSYoungGen: 665808K->384K(666112K)] 920791K->255367K(1208320K), 0.0016710 secs] [Times: user=0.02 sys=0.00, real=0.01 secs] 
152.363: Total time for which application threads were stopped: 0.0018570 seconds, Stopping threads took: 0.0001010 seconds
152.578: Application time: 0.2147620 seconds
152.578: [GC [PSYoungGen: 665472K->768K(666112K)] 920455K->255751K(1208320K), 0.0016410 secs] [Times: user=0.01 sys=0.00, real=0.00 secs] 
152.580: Total time for which application threads were stopped: 0.0017820 seconds, Stopping threads took: 0.0000770 seconds
152.732: Application time: 0.1526300 seconds
152.732: [GC [PSYoungGen: 665856K->704K(666112K)] 920839K->255687K(1208320K), 0.0015460 secs] [Times: user=0.01 sys=0.00, real=0.00 secs] 
152.734: Total time for which application threads were stopped: 0.0016900 seconds, Stopping threads took: 0.0000760 seconds
152.992: Application time: 0.2581740 seconds
152.992: [GC [PSYoungGen: 665792K->800K(666112K)] 920775K->255783K(1208320K), 0.0016820 secs] [Times: user=0.01 sys=0.00, real=0.00 secs] 
152.994: Total time for which application threads were stopped: 0.0018430 seconds, Stopping threads took: 0.0000750 seconds
153.146: Application time: 0.1515790 seconds
153.146: [GC [PSYoungGen: 665888K->832K(666112K)] 920871K->255815K(1208320K), 0.0014770 secs] [Times: user=0.01 sys=0.00, real=0.00 secs] 
153.147: Total time for which application threads were stopped: 0.0016260 seconds, Stopping threads took: 0.0000850 seconds
153.297: Application time: 0.1495540 seconds
153.297: [GC [PSYoungGen: 665920K->768K(666112K)] 920903K->255751K(1208320K), 0.0014680 secs] [Times: user=0.01 sys=0.00, real=0.00 secs] 
153.298: Total time for which application threads were stopped: 0.0016240 seconds, Stopping threads took: 0.0000890 seconds
153.559: Application time: 0.2605430 seconds
153.559: [GC [PSYoungGen: 665856K->688K(666112K)] 920839K->255671K(1208320K), 0.0014570 secs] [Times: user=0.00 sys=0.00, real=0.00 secs] 
153.561: Total time for which application threads were stopped: 0.0015990 seconds, Stopping threads took: 0.0000610 seconds
153.712: Application time: 0.1510200 seconds
153.712: [GC [PSYoungGen: 665776K->672K(666112K)] 920759K->255663K(1208320K), 0.0016860 secs] [Times: user=0.01 sys=0.00, real=0.00 secs] 
153.713: Total time for which application threads were stopped: 0.0017970 seconds, Stopping threads took: 0.0000430 seconds
153.903: Application time: 0.1893290 seconds
153.903: [GC [PSYoungGen: 665760K->384K(666112K)] 920751K->255375K(1208320K), 0.0017870 secs] [Times: user=0.01 sys=0.00, real=0.00 secs] 
153.905: Total time for which application threads were stopped: 0.0019210 seconds, Stopping threads took: 0.0000670 seconds
154.127: Application time: 0.2226980 seconds
154.127: [GC [PSYoungGen: 665472K->800K(666112K)] 920463K->255791K(1208320K), 0.0016380 secs] [Times: user=0.00 sys=0.00, real=0.00 secs] 
154.129: Total time for which application threads were stopped: 0.0017560 seconds, Stopping threads took: 0.0000410 seconds
154.279: Application time: 0.1501990 seconds
154.279: [GC [PSYoungGen: 665888K->848K(666112K)] 920879K->255839K(1208320K), 0.0016690 secs] [Times: user=0.01 sys=0.00, real=0.00 secs] 
154.281: Total time for which application threads were stopped: 0.0018390 seconds, Stopping threads took: 0.0000970 seconds
154.539: Application time: 0.2583340 seconds
154.540: [GC [PSYoungGen: 665936K->704K(666112K)] 920927K->255695K(1208320K), 0.0016710 secs] [Times: user=0.01 sys=0.00, real=0.00 secs] 
154.541: Total time for which application threads were stopped: 0.0017890 seconds, Stopping threads took: 0.0000490 seconds
154.694: Application time: 0.1528830 seconds
154.694: [GC [PSYoungGen: 665792K->640K(666112K)] 920783K->255631K(1208320K), 0.0017640 secs] [Times: user=0.01 sys=0.00, real=0.00 secs] 
154.696: Total time for which application threads were stopped: 0.0019140 seconds, Stopping threads took: 0.0000660 seconds
154.846: Application time: 0.1503000 seconds
154.847: [GC [PSYoungGen: 665728K->768K(666112K)] 920719K->255759K(1208320K), 0.0016450 secs] [Times: user=0.01 sys=0.01, real=0.00 secs] 
154.848: Total time for which application threads were stopped: 0.0017720 seconds, Stopping threads took: 0.0000630 seconds
155.108: Application time: 0.2598320 seconds
155.108: [GC [PSYoungGen: 665856K->736K(666112K)] 920847K->255727K(1208320K), 0.0017150 secs] [Times: user=0.01 sys=0.00, real=0.00 secs] 
155.110: Total time for which application threads were stopped: 0.0018630 seconds, Stopping threads took: 0.0000740 seconds
155.261: Application time: 0.1507610 seconds
155.261: [GC [PSYoungGen: 665824K->768K(666112K)] 920815K->255767K(1208320K), 0.0017520 secs] [Times: user=0.01 sys=0.00, real=0.01 secs] 
155.263: Total time for which application threads were stopped: 0.0019050 seconds, Stopping threads took: 0.0000670 seconds
155.446: Application time: 0.1831020 seconds
155.446: [GC [PSYoungGen: 665856K->432K(666112K)] 920855K->255431K(1208320K), 0.0017590 secs] [Times: user=0.01 sys=0.00, real=0.00 secs] 
155.448: Total time for which application threads were stopped: 0.0019170 seconds, Stopping threads took: 0.0000910 seconds
155.677: Application time: 0.2295720 seconds
155.677: [GC [PSYoungGen: 665520K->720K(666112K)] 920519K->255719K(1208320K), 0.0016240 secs] [Times: user=0.01 sys=0.00, real=0.00 secs] 
155.679: Total time for which application threads were stopped: 0.0017650 seconds, Stopping threads took: 0.0000780 seconds
155.830: Application time: 0.1507730 seconds
155.830: [GC [PSYoungGen: 665808K->656K(666112K)] 920807K->255655K(1208320K), 0.0016710 secs] [Times: user=0.01 sys=0.00, real=0.01 secs] 
155.832: Total time for which application threads were stopped: 0.0018080 seconds, Stopping threads took: 0.0000610 seconds
156.089: Application time: 0.2573170 seconds
156.089: [GC [PSYoungGen: 665744K->736K(666112K)] 920743K->255735K(1208320K), 0.0016900 secs] [Times: user=0.01 sys=0.00, real=0.01 secs] 
156.091: Total time for which application threads were stopped: 0.0018280 seconds, Stopping threads took: 0.0000680 seconds
156.244: Application time: 0.1536720 seconds
156.244: [GC [PSYoungGen: 665824K->848K(666112K)] 920823K->255847K(1208320K), 0.0016810 secs] [Times: user=0.01 sys=0.00, real=0.00 secs] 
156.246: Total time for which application threads were stopped: 0.0018070 seconds, Stopping threads took: 0.0000500 seconds
156.398: Application time: 0.1520000 seconds
156.398: [GC [PSYoungGen: 665936K->752K(666112K)] 920935K->255751K(1208320K), 0.0017360 secs] [Times: user=0.02 sys=0.00, real=0.00 secs] 
156.400: Total time for which application threads were stopped: 0.0018960 seconds, Stopping threads took: 0.0000870 seconds
156.660: Application time: 0.2599460 seconds
156.661: [GC [PSYoungGen: 665840K->736K(666112K)] 920839K->255735K(1208320K), 0.0016780 secs] [Times: user=0.01 sys=0.00, real=0.01 secs] 
156.663: Total time for which application threads were stopped: 0.0027100 seconds, Stopping threads took: 0.0009590 seconds
156.813: Application time: 0.1502930 seconds
156.813: [GC [PSYoungGen: 665824K->832K(666112K)] 920823K->255839K(1208320K), 0.0016780 secs] [Times: user=0.01 sys=0.01, real=0.00 secs] 
156.815: Total time for which application threads were stopped: 0.0018400 seconds, Stopping threads took: 0.0000790 seconds
156.996: Application time: 0.1809080 seconds
156.996: [GC [PSYoungGen: 665920K->480K(666112K)] 920927K->255487K(1208320K), 0.0015810 secs] [Times: user=0.01 sys=0.00, real=0.00 secs] 
156.998: Total time for which application threads were stopped: 0.0017470 seconds, Stopping threads took: 0.0000940 seconds
157.228: Application time: 0.2304780 seconds
157.228: [GC [PSYoungGen: 665568K->736K(666112K)] 920575K->255743K(1208320K), 0.0017350 secs] [Times: user=0.01 sys=0.00, real=0.00 secs] 
157.230: Total time for which application threads were stopped: 0.0018730 seconds, Stopping threads took: 0.0000710 seconds
157.380: Application time: 0.1505070 seconds
157.380: [GC [PSYoungGen: 665824K->816K(666112K)] 920831K->255823K(1208320K), 0.0017450 secs] [Times: user=0.01 sys=0.00, real=0.00 secs] 
157.382: Total time for which application threads were stopped: 0.0018830 seconds, Stopping threads took: 0.0000620 seconds
157.640: Application time: 0.2578970 seconds
157.640: [GC [PSYoungGen: 665904K->576K(666112K)] 920911K->255583K(1208320K), 0.0017250 secs] [Times: user=0.01 sys=0.00, real=0.00 secs] 
157.642: Total time for which application threads were stopped: 0.0018760 seconds, Stopping threads took: 0.0000690 seconds
157.796: Application time: 0.1543110 seconds
157.796: [GC [PSYoungGen: 665664K->800K(666112K)] 920671K->255807K(1208320K), 0.0016280 secs] [Times: user=0.01 sys=0.00, real=0.00 secs] 
157.798: Total time for which application threads were stopped: 0.0017720 seconds, Stopping threads took: 0.0000780 seconds
157.948: Application time: 0.1498570 seconds
157.948: [GC [PSYoungGen: 665888K->688K(666112K)] 920895K->255695K(1208320K), 0.0016870 secs] [Times: user=0.01 sys=0.00, real=0.00 secs] 
157.950: Total time for which application threads were stopped: 0.0018300 seconds, Stopping threads took: 0.0000740 seconds
158.210: Application time: 0.2606490 seconds
158.211: [GC [PSYoungGen: 665776K->704K(666112K)] 920783K->255711K(1208320K), 0.0017630 secs] [Times: user=0.01 sys=0.00, real=0.00 secs] 
158.212: Total time for which application threads were stopped: 0.0019270 seconds, Stopping threads took: 0.0000820 seconds
158.364: Application time: 0.1512950 seconds
158.364: [GC [PSYoungGen: 665792K->752K(666112K)] 920799K->255767K(1208320K), 0.0016490 secs] [Times: user=0.01 sys=0.00, real=0.00 secs] 
158.365: Total time for which application threads were stopped: 0.0017880 seconds, Stopping threads took: 0.0000710 seconds
158.542: Application time: 0.1767890 seconds
158.542: [GC [PSYoungGen: 665840K->400K(666112K)] 920855K->255415K(1208320K), 0.0016720 secs] [Times: user=0.01 sys=0.00, real=0.01 secs] 
158.544: Total time for which application threads were stopped: 0.0018270 seconds, Stopping threads took: 0.0000890 seconds
158.779: Application time: 0.2345950 seconds
158.779: [GC [PSYoungGen: 665488K->720K(666112K)] 920503K->255735K(1208320K), 0.0017640 secs] [Times: user=0.01 sys=0.00, real=0.00 secs] 
158.781: Total time for which application threads were stopped: 0.0018860 seconds, Stopping threads took: 0.0000400 seconds
158.932: Application time: 0.1515480 seconds
158.932: [GC [PSYoungGen: 665808K->848K(666112K)] 920823K->255863K(1208320K), 0.0016960 secs] [Times: user=0.02 sys=0.00, real=0.00 secs] 
158.934: Total time for which application threads were stopped: 0.0018340 seconds, Stopping threads took: 0.0000730 seconds
159.192: Application time: 0.2580660 seconds
159.192: [GC [PSYoungGen: 665936K->752K(666112K)] 920951K->255767K(1208320K), 0.0017240 secs] [Times: user=0.01 sys=0.00, real=0.00 secs] 
159.194: Total time for which application threads were stopped: 0.0018750 seconds, Stopping threads took: 0.0000810 seconds
159.348: Application time: 0.1536930 seconds
159.348: [GC [PSYoungGen: 665840K->800K(666112K)] 920855K->255815K(1208320K), 0.0017330 secs] [Times: user=0.01 sys=0.00, real=0.00 secs] 
159.349: Total time for which application threads were stopped: 0.0018600 seconds, Stopping threads took: 0.0000490 seconds
159.499: Application time: 0.1499950 seconds
159.500: [GC [PSYoungGen: 665888K->720K(666112K)] 920903K->255735K(1208320K), 0.0016880 secs] [Times: user=0.01 sys=0.00, real=0.00 secs] 
159.501: Total time for which application threads were stopped: 0.0018240 seconds, Stopping threads took: 0.0000650 seconds
159.763: Application time: 0.2615490 seconds
159.763: [GC [PSYoungGen: 665808K->624K(666112K)] 920823K->255639K(1208320K), 0.0015770 secs] [Times: user=0.01 sys=0.00, real=0.00 secs] 
159.765: Total time for which application threads were stopped: 0.0016780 seconds, Stopping threads took: 0.0000360 seconds
159.915: Application time: 0.1504220 seconds
159.915: [GC [PSYoungGen: 665712K->864K(666112K)] 920727K->255887K(1208320K), 0.0015630 secs] [Times: user=0.01 sys=0.00, real=0.00 secs] 
159.917: Total time for which application threads were stopped: 0.0017050 seconds, Stopping threads took: 0.0000700 seconds
160.090: Application time: 0.1735150 seconds
160.090: [GC [PSYoungGen: 665952K->448K(666112K)] 920975K->255471K(1208320K), 0.0016390 secs] [Times: user=0.01 sys=0.00, real=0.01 secs] 
160.092: Total time for which application threads were stopped: 0.0018040 seconds, Stopping threads took: 0.0000980 seconds
160.331: Application time: 0.2385770 seconds
160.331: [GC [PSYoungGen: 665536K->736K(666112K)] 920559K->255759K(1208320K), 0.0017030 secs] [Times: user=0.01 sys=0.00, real=0.00 secs] 
160.332: Total time for which application threads were stopped: 0.0018210 seconds, Stopping threads took: 0.0000510 seconds
160.483: Application time: 0.1504400 seconds
160.483: [GC [PSYoungGen: 665824K->736K(666112K)] 920847K->255759K(1208320K), 0.0016390 secs] [Times: user=0.00 sys=0.00, real=0.00 secs] 
160.485: Total time for which application threads were stopped: 0.0018310 seconds, Stopping threads took: 0.0001100 seconds
160.743: Application time: 0.2586280 seconds
160.743: [GC [PSYoungGen: 665824K->704K(666112K)] 920847K->255727K(1208320K), 0.0017050 secs] [Times: user=0.01 sys=0.00, real=0.00 secs] 
160.745: Total time for which application threads were stopped: 0.0018720 seconds, Stopping threads took: 0.0000970 seconds
160.900: Application time: 0.1546110 seconds
160.900: [GC [PSYoungGen: 665792K->736K(666112K)] 920815K->255759K(1208320K), 0.0017440 secs] [Times: user=0.02 sys=0.00, real=0.00 secs] 
160.902: Total time for which application threads were stopped: 0.0018680 seconds, Stopping threads took: 0.0000570 seconds
161.052: Application time: 0.1502130 seconds
161.052: [GC [PSYoungGen: 665824K->720K(666112K)] 920847K->255743K(1208320K), 0.0016110 secs] [Times: user=0.01 sys=0.00, real=0.00 secs] 
161.054: Total time for which application threads were stopped: 0.0017620 seconds, Stopping threads took: 0.0000760 seconds
161.314: Application time: 0.2599290 seconds
161.314: [GC [PSYoungGen: 665808K->816K(666112K)] 920831K->255839K(1208320K), 0.0016670 secs] [Times: user=0.00 sys=0.00, real=0.00 secs] 
161.315: Total time for which application threads were stopped: 0.0017960 seconds, Stopping threads took: 0.0000600 seconds
161.466: Application time: 0.1502710 seconds
161.466: [GC [PSYoungGen: 665904K->688K(666112K)] 920927K->255719K(1208320K), 0.0016450 secs] [Times: user=0.01 sys=0.00, real=0.00 secs] 
161.467: Total time for which application threads were stopped: 0.0017680 seconds, Stopping threads took: 0.0000570 seconds
161.640: Application time: 0.1729480 seconds
161.641: [GC [PSYoungGen: 665776K->480K(666112K)] 920807K->255511K(1208320K), 0.0017300 secs] [Times: user=0.01 sys=0.00, real=0.00 secs] 
161.642: Total time for which application threads were stopped: 0.0018920 seconds, Stopping threads took: 0.0000780 seconds
161.881: Application time: 0.2388850 seconds
161.881: [GC [PSYoungGen: 665568K->736K(666112K)] 920599K->255767K(1208320K), 0.0016610 secs] [Times: user=0.01 sys=0.00, real=0.01 secs] 
161.883: Total time for which application threads were stopped: 0.0018160 seconds, Stopping threads took: 0.0000930 seconds
162.034: Application time: 0.1505790 seconds
162.034: [GC [PSYoungGen: 665824K->720K(666112K)] 920855K->255751K(1208320K), 0.0017070 secs] [Times: user=0.01 sys=0.00, real=0.00 secs] 
162.035: Total time for which application threads were stopped: 0.0018830 seconds, Stopping threads took: 0.0001030 seconds
162.291: Application time: 0.2554760 seconds
162.291: [GC [PSYoungGen: 665808K->560K(666112K)] 920839K->255591K(1208320K), 0.0016670 secs] [Times: user=0.01 sys=0.00, real=0.00 secs] 
162.293: Total time for which application threads were stopped: 0.0018040 seconds, Stopping threads took: 0.0000590 seconds
162.447: Application time: 0.1547200 seconds
162.448: [GC [PSYoungGen: 665648K->768K(666112K)] 920679K->255799K(1208320K), 0.0016560 secs] [Times: user=0.01 sys=0.00, real=0.00 secs] 
162.449: Total time for which application threads were stopped: 0.0017670 seconds, Stopping threads took: 0.0000470 seconds
162.600: Application time: 0.1505830 seconds
162.600: [GC [PSYoungGen: 665856K->656K(666112K)] 920887K->255687K(1208320K), 0.0016410 secs] [Times: user=0.01 sys=0.00, real=0.00 secs] 
162.602: Total time for which application threads were stopped: 0.0017650 seconds, Stopping threads took: 0.0000520 seconds
162.863: Application time: 0.2615960 seconds
162.863: [GC [PSYoungGen: 665744K->672K(666112K)] 920775K->255703K(1208320K), 0.0016880 secs] [Times: user=0.02 sys=0.00, real=0.00 secs] 
162.865: Total time for which application threads were stopped: 0.0018440 seconds, Stopping threads took: 0.0000750 seconds
163.015: Application time: 0.1499840 seconds
163.015: [GC [PSYoungGen: 665760K->704K(666112K)] 920791K->255743K(1208320K), 0.0017470 secs] [Times: user=0.01 sys=0.00, real=0.00 secs] 
163.017: Total time for which application threads were stopped: 0.0018610 seconds, Stopping threads took: 0.0000510 seconds
163.187: Application time: 0.1703170 seconds
163.187: [GC [PSYoungGen: 665792K->464K(666112K)] 920831K->255511K(1208320K), 0.0016620 secs] [Times: user=0.01 sys=0.00, real=0.00 secs] 
163.189: Total time for which application threads were stopped: 0.0018240 seconds, Stopping threads took: 0.0000980 seconds
163.429: Application time: 0.2404490 seconds
163.430: [GC [PSYoungGen: 665552K->688K(666112K)] 920599K->255735K(1208320K), 0.0017120 secs] [Times: user=0.01 sys=0.00, real=0.01 secs] 
163.431: Total time for which application threads were stopped: 0.0018810 seconds, Stopping threads took: 0.0000900 seconds
163.582: Application time: 0.1506110 seconds
163.582: [GC [PSYoungGen: 665776K->720K(666112K)] 920823K->255767K(1208320K), 0.0017790 secs] [Times: user=0.01 sys=0.00, real=0.01 secs] 
163.584: Total time for which application threads were stopped: 0.0019070 seconds, Stopping threads took: 0.0000640 seconds
163.839: Application time: 0.2554400 seconds
163.839: [GC [PSYoungGen: 665808K->608K(666112K)] 920855K->255655K(1208320K), 0.0017420 secs] [Times: user=0.01 sys=0.00, real=0.00 secs] 
163.841: Total time for which application threads were stopped: 0.0018930 seconds, Stopping threads took: 0.0000810 seconds
163.997: Application time: 0.1561150 seconds
163.997: [GC [PSYoungGen: 665696K->688K(666112K)] 920743K->255735K(1208320K), 0.0016500 secs] [Times: user=0.01 sys=0.00, real=0.00 secs] 
163.999: Total time for which application threads were stopped: 0.0018060 seconds, Stopping threads took: 0.0000850 seconds
164.149: Application time: 0.1501190 seconds
164.149: [GC [PSYoungGen: 665776K->816K(666112K)] 920823K->255863K(1208320K), 0.0017010 secs] [Times: user=0.01 sys=0.00, real=0.01 secs] 
164.151: Total time for which application threads were stopped: 0.0018490 seconds, Stopping threads took: 0.0000850 seconds
164.412: Application time: 0.2604540 seconds
164.412: [GC [PSYoungGen: 665904K->768K(666112K)] 920951K->255815K(1208320K), 0.0016410 secs] [Times: user=0.01 sys=0.00, real=0.00 secs] 
164.413: Total time for which application threads were stopped: 0.0017720 seconds, Stopping threads took: 0.0000690 seconds
164.564: Application time: 0.1507380 seconds
164.564: [GC [PSYoungGen: 665856K->720K(666112K)] 920903K->255775K(1208320K), 0.0015040 secs] [Times: user=0.01 sys=0.00, real=0.00 secs] 
164.566: Total time for which application threads were stopped: 0.0016600 seconds, Stopping threads took: 0.0000640 seconds
164.737: Application time: 0.1708250 seconds
164.737: [GC [PSYoungGen: 665808K->496K(666112K)] 920863K->255559K(1208320K), 0.0014510 secs] [Times: user=0.01 sys=0.00, real=0.00 secs] 
164.738: Total time for which application threads were stopped: 0.0016150 seconds, Stopping threads took: 0.0000950 seconds
164.980: Application time: 0.2416860 seconds
164.980: [GC [PSYoungGen: 665584K->832K(666112K)] 920647K->255895K(1208320K), 0.0014670 secs] [Times: user=0.01 sys=0.00, real=0.00 secs] 
164.981: Total time for which application threads were stopped: 0.0015870 seconds, Stopping threads took: 0.0000540 seconds
165.133: Application time: 0.1513130 seconds
165.133: [GC [PSYoungGen: 665920K->864K(666112K)] 920983K->255927K(1208320K), 0.0014820 secs] [Times: user=0.00 sys=0.00, real=0.00 secs] 
165.134: Total time for which application threads were stopped: 0.0016290 seconds, Stopping threads took: 0.0000670 seconds
165.387: Application time: 0.2524770 seconds
165.387: [GC [PSYoungGen: 665952K->640K(666112K)] 921015K->255703K(1208320K), 0.0015370 secs] [Times: user=0.01 sys=0.00, real=0.00 secs] 
165.389: Total time for which application threads were stopped: 0.0016850 seconds, Stopping threads took: 0.0000690 seconds
165.546: Application time: 0.1578910 seconds
165.547: [GC [PSYoungGen: 665728K->688K(666112K)] 920791K->255751K(1208320K), 0.0016430 secs] [Times: user=0.01 sys=0.00, real=0.00 secs] 
165.548: Total time for which application threads were stopped: 0.0017830 seconds, Stopping threads took: 0.0000750 seconds
165.699: Application time: 0.1502940 seconds
165.699: [GC [PSYoungGen: 665776K->736K(666112K)] 920839K->255799K(1208320K), 0.0016650 secs] [Times: user=0.01 sys=0.00, real=0.00 secs] 
165.700: Total time for which application threads were stopped: 0.0018170 seconds, Stopping threads took: 0.0000740 seconds
165.961: Application time: 0.2608040 seconds
165.961: [GC [PSYoungGen: 665824K->704K(666112K)] 920887K->255767K(1208320K), 0.0017300 secs] [Times: user=0.01 sys=0.00, real=0.01 secs] 
165.963: Total time for which application threads were stopped: 0.0018880 seconds, Stopping threads took: 0.0000860 seconds
166.114: Application time: 0.1505130 seconds
166.114: [GC [PSYoungGen: 665792K->768K(666112K)] 920855K->255839K(1208320K), 0.0016740 secs] [Times: user=0.01 sys=0.00, real=0.00 secs] 
166.115: Total time for which application threads were stopped: 0.0018200 seconds, Stopping threads took: 0.0000810 seconds
166.283: Application time: 0.1673850 seconds
166.283: [GC [PSYoungGen: 665856K->480K(666112K)] 920927K->255559K(1208320K), 0.0016540 secs] [Times: user=0.01 sys=0.00, real=0.00 secs] 
166.285: Total time for which application threads were stopped: 0.0018080 seconds, Stopping threads took: 0.0000810 seconds
166.528: Application time: 0.2430830 seconds
166.528: [GC [PSYoungGen: 665568K->752K(666112K)] 920647K->255831K(1208320K), 0.0016280 secs] [Times: user=0.01 sys=0.00, real=0.00 secs] 
166.529: Total time for which application threads were stopped: 0.0017630 seconds, Stopping threads took: 0.0000720 seconds
166.681: Application time: 0.1514200 seconds
166.681: [GC [PSYoungGen: 665840K->768K(666112K)] 920919K->255847K(1208320K), 0.0016660 secs] [Times: user=0.01 sys=0.00, real=0.01 secs] 
166.683: Total time for which application threads were stopped: 0.0018040 seconds, Stopping threads took: 0.0000630 seconds
166.935: Application time: 0.2521740 seconds
166.935: [GC [PSYoungGen: 665856K->608K(666112K)] 920935K->255687K(1208320K), 0.0017630 secs] [Times: user=0.02 sys=0.00, real=0.00 secs] 
166.937: Total time for which application threads were stopped: 0.0019100 seconds, Stopping threads took: 0.0000670 seconds
167.095: Application time: 0.1583480 seconds
167.095: [GC [PSYoungGen: 665696K->768K(666112K)] 920775K->255847K(1208320K), 0.0016560 secs] [Times: user=0.01 sys=0.00, real=0.00 secs] 
167.097: Total time for which application threads were stopped: 0.0017690 seconds, Stopping threads took: 0.0000500 seconds
167.248: Application time: 0.1511640 seconds
167.248: [GC [PSYoungGen: 665856K->720K(666112K)] 920935K->255799K(1208320K), 0.0016980 secs] [Times: user=0.01 sys=0.00, real=0.00 secs] 
167.250: Total time for which application threads were stopped: 0.0018150 seconds, Stopping threads took: 0.0000530 seconds
167.510: Application time: 0.2597040 seconds
167.510: [GC [PSYoungGen: 665808K->688K(666112K)] 920887K->255767K(1208320K), 0.0015890 secs] [Times: user=0.01 sys=0.00, real=0.01 secs] 
167.511: Total time for which application threads were stopped: 0.0017250 seconds, Stopping threads took: 0.0000640 seconds
167.663: Application time: 0.1512150 seconds
167.663: [GC [PSYoungGen: 665776K->704K(666112K)] 920855K->255791K(1208320K), 0.0016910 secs] [Times: user=0.01 sys=0.00, real=0.00 secs] 
167.665: Total time for which application threads were stopped: 0.0020770 seconds, Stopping threads took: 0.0003150 seconds
167.830: Application time: 0.1651020 seconds
167.830: [GC [PSYoungGen: 665792K->576K(666112K)] 920879K->255671K(1208320K), 0.0016810 secs] [Times: user=0.01 sys=0.00, real=0.01 secs] 
167.832: Total time for which application threads were stopped: 0.0018220 seconds, Stopping threads took: 0.0000790 seconds
168.077: Application time: 0.2455180 seconds
168.077: [GC [PSYoungGen: 665664K->752K(666112K)] 920759K->255847K(1208320K), 0.0016760 secs] [Times: user=0.01 sys=0.00, real=0.00 secs] 
168.079: Total time for which application threads were stopped: 0.0018410 seconds, Stopping threads took: 0.0000910 seconds
168.230: Application time: 0.1514030 seconds
168.230: [GC [PSYoungGen: 665840K->832K(666112K)] 920935K->255927K(1208320K), 0.0017410 secs] [Times: user=0.01 sys=0.00, real=0.01 secs] 
168.232: Total time for which application threads were stopped: 0.0018930 seconds, Stopping threads took: 0.0000840 seconds
168.481: Application time: 0.2486080 seconds
168.481: [GC [PSYoungGen: 665920K->448K(666112K)] 921015K->255543K(1208320K), 0.0016630 secs] [Times: user=0.01 sys=0.00, real=0.01 secs] 
168.483: Total time for which application threads were stopped: 0.0017940 seconds, Stopping threads took: 0.0000660 seconds
168.643: Application time: 0.1608210 seconds
168.644: [GC [PSYoungGen: 665536K->752K(666112K)] 920631K->255847K(1208320K), 0.0016320 secs] [Times: user=0.01 sys=0.00, real=0.00 secs] 
168.645: Total time for which application threads were stopped: 0.0017490 seconds, Stopping threads took: 0.0000470 seconds
168.796: Application time: 0.1512900 seconds
168.797: [GC [PSYoungGen: 665840K->832K(666112K)] 920935K->255927K(1208320K), 0.0016910 secs] [Times: user=0.01 sys=0.00, real=0.00 secs] 
168.798: Total time for which application threads were stopped: 0.0018500 seconds, Stopping threads took: 0.0000950 seconds
169.057: Application time: 0.2585710 seconds
169.057: [GC [PSYoungGen: 665920K->704K(666112K)] 921015K->255799K(1208320K), 0.0017790 secs] [Times: user=0.01 sys=0.00, real=0.00 secs] 
169.059: Total time for which application threads were stopped: 0.0019220 seconds, Stopping threads took: 0.0000720 seconds
169.210: Application time: 0.1509420 seconds
169.210: [GC [PSYoungGen: 665792K->640K(666112K)] 920887K->255743K(1208320K), 0.0017630 secs] [Times: user=0.01 sys=0.00, real=0.01 secs] 
169.212: Total time for which application threads were stopped: 0.0019020 seconds, Stopping threads took: 0.0000540 seconds
169.377: Application time: 0.1652030 seconds
169.377: [GC [PSYoungGen: 665728K->576K(666112K)] 920831K->255687K(1208320K), 0.0018020 secs] [Times: user=0.01 sys=0.00, real=0.00 secs] 
169.379: Total time for which application threads were stopped: 0.0019970 seconds, Stopping threads took: 0.0001250 seconds
169.624: Application time: 0.2446610 seconds
169.624: [GC [PSYoungGen: 665664K->752K(666112K)] 920775K->255863K(1208320K), 0.0017040 secs] [Times: user=0.01 sys=0.00, real=0.00 secs] 
169.625: Total time for which application threads were stopped: 0.0018280 seconds, Stopping threads took: 0.0000580 seconds
169.777: Application time: 0.1513860 seconds
169.777: [GC [PSYoungGen: 665840K->752K(666112K)] 920951K->255863K(1208320K), 0.0017080 secs] [Times: user=0.02 sys=0.00, real=0.00 secs] 
169.779: Total time for which application threads were stopped: 0.0018730 seconds, Stopping threads took: 0.0000870 seconds
170.028: Application time: 0.2495260 seconds
170.028: [GC [PSYoungGen: 665840K->656K(666112K)] 920951K->255767K(1208320K), 0.0016710 secs] [Times: user=0.01 sys=0.00, real=0.00 secs] 
170.030: Total time for which application threads were stopped: 0.0018260 seconds, Stopping threads took: 0.0000820 seconds
170.194: Application time: 0.1636270 seconds
170.194: [GC [PSYoungGen: 665744K->800K(666112K)] 920855K->255911K(1208320K), 0.0014810 secs] [Times: user=0.00 sys=0.00, real=0.00 secs] 
170.195: Total time for which application threads were stopped: 0.0016190 seconds, Stopping threads took: 0.0000700 seconds
170.346: Application time: 0.1504410 seconds
170.346: [GC [PSYoungGen: 665888K->784K(666112K)] 920999K->255895K(1208320K), 0.0016960 secs] [Times: user=0.01 sys=0.00, real=0.00 secs] 
170.348: Total time for which application threads were stopped: 0.0018590 seconds, Stopping threads took: 0.0000810 seconds
170.608: Application time: 0.2609200 seconds
170.609: [GC [PSYoungGen: 665872K->672K(666112K)] 920983K->255783K(1208320K), 0.0016210 secs] [Times: user=0.01 sys=0.00, real=0.00 secs] 
170.610: Total time for which application threads were stopped: 0.0017600 seconds, Stopping threads took: 0.0000750 seconds
170.763: Application time: 0.1527570 seconds
170.763: [GC [PSYoungGen: 665760K->752K(666112K)] 920871K->255871K(1208320K), 0.0016730 secs] [Times: user=0.01 sys=0.00, real=0.00 secs] 
170.765: Total time for which application threads were stopped: 0.0017930 seconds, Stopping threads took: 0.0000470 seconds
170.933: Application time: 0.1677130 seconds
170.933: [GC [PSYoungGen: 665840K->496K(666112K)] 920959K->255623K(1208320K), 0.0016360 secs] [Times: user=0.01 sys=0.00, real=0.00 secs] 
170.934: Total time for which application threads were stopped: 0.0017850 seconds, Stopping threads took: 0.0000730 seconds
171.178: Application time: 0.2441560 seconds
171.179: [GC [PSYoungGen: 665584K->784K(666112K)] 920711K->255911K(1208320K), 0.0016310 secs] [Times: user=0.01 sys=0.00, real=0.00 secs] 
171.180: Total time for which application threads were stopped: 0.0017750 seconds, Stopping threads took: 0.0000780 seconds
171.331: Application time: 0.1505040 seconds
171.331: [GC [PSYoungGen: 665872K->704K(666112K)] 920999K->255831K(1208320K), 0.0016670 secs] [Times: user=0.01 sys=0.00, real=0.00 secs] 
171.333: Total time for which application threads were stopped: 0.0017950 seconds, Stopping threads took: 0.0000590 seconds
171.582: Application time: 0.2492660 seconds
171.582: [GC [PSYoungGen: 665792K->608K(666112K)] 920919K->255735K(1208320K), 0.0016120 secs] [Times: user=0.00 sys=0.00, real=0.01 secs] 
171.584: Total time for which application threads were stopped: 0.0017810 seconds, Stopping threads took: 0.0000890 seconds
171.748: Application time: 0.1647020 seconds
171.748: [GC [PSYoungGen: 665696K->800K(666112K)] 920823K->255927K(1208320K), 0.0016930 secs] [Times: user=0.01 sys=0.00, real=0.00 secs] 
171.750: Total time for which application threads were stopped: 0.0018230 seconds, Stopping threads took: 0.0000580 seconds
171.900: Application time: 0.1503630 seconds
171.901: [GC [PSYoungGen: 665888K->832K(666112K)] 921015K->255959K(1208320K), 0.0016290 secs] [Times: user=0.01 sys=0.00, real=0.00 secs] 
171.902: Total time for which application threads were stopped: 0.0017880 seconds, Stopping threads took: 0.0000950 seconds
172.161: Application time: 0.2589370 seconds
172.161: [GC [PSYoungGen: 665920K->608K(666112K)] 921047K->255735K(1208320K), 0.0017640 secs] [Times: user=0.01 sys=0.00, real=0.01 secs] 
172.163: Total time for which application threads were stopped: 0.0019250 seconds, Stopping threads took: 0.0000840 seconds
172.315: Application time: 0.1523270 seconds
172.316: [GC [PSYoungGen: 665696K->704K(666112K)] 920823K->255839K(1208320K), 0.0016600 secs] [Times: user=0.01 sys=0.00, real=0.00 secs] 
172.317: Total time for which application threads were stopped: 0.0017920 seconds, Stopping threads took: 0.0000570 seconds
172.484: Application time: 0.1667280 seconds
172.484: [GC [PSYoungGen: 665792K->480K(666112K)] 920927K->255623K(1208320K), 0.0016890 secs] [Times: user=0.01 sys=0.00, real=0.00 secs] 
172.486: Total time for which application threads were stopped: 0.0018210 seconds, Stopping threads took: 0.0000610 seconds
172.731: Application time: 0.2450430 seconds
172.731: [GC [PSYoungGen: 665568K->704K(666112K)] 920711K->255847K(1208320K), 0.0016750 secs] [Times: user=0.01 sys=0.00, real=0.00 secs] 
172.733: Total time for which application threads were stopped: 0.0018210 seconds, Stopping threads took: 0.0000610 seconds
172.884: Application time: 0.1514190 seconds
172.884: [GC [PSYoungGen: 665792K->736K(666112K)] 920935K->255879K(1208320K), 0.0017640 secs] [Times: user=0.01 sys=0.00, real=0.00 secs] 
172.886: Total time for which application threads were stopped: 0.0019000 seconds, Stopping threads took: 0.0000650 seconds
173.130: Application time: 0.2440780 seconds
173.130: [GC [PSYoungGen: 665824K->544K(666112K)] 920967K->255687K(1208320K), 0.0016570 secs] [Times: user=0.01 sys=0.00, real=0.01 secs] 
173.132: Total time for which application threads were stopped: 0.0018260 seconds, Stopping threads took: 0.0000970 seconds
173.300: Application time: 0.1678360 seconds
173.300: [GC [PSYoungGen: 665632K->720K(666112K)] 920775K->255863K(1208320K), 0.0016970 secs] [Times: user=0.01 sys=0.00, real=0.00 secs] 
173.302: Total time for which application threads were stopped: 0.0018550 seconds, Stopping threads took: 0.0000740 seconds
173.452: Application time: 0.1504300 seconds
173.452: [GC [PSYoungGen: 665808K->864K(666112K)] 920951K->256007K(1208320K), 0.0017450 secs] [Times: user=0.02 sys=0.00, real=0.00 secs] 
173.454: Total time for which application threads were stopped: 0.0018580 seconds, Stopping threads took: 0.0000480 seconds
173.712: Application time: 0.2583200 seconds
173.712: [GC [PSYoungGen: 665952K->688K(666112K)] 921095K->255831K(1208320K), 0.0017060 secs] [Times: user=0.01 sys=0.00, real=0.00 secs] 
173.714: Total time for which application threads were stopped: 0.0018580 seconds, Stopping threads took: 0.0000800 seconds
173.869: Application time: 0.1547720 seconds
173.869: [GC [PSYoungGen: 665776K->768K(666112K)] 920919K->255919K(1208320K), 0.0016730 secs] [Times: user=0.01 sys=0.00, real=0.01 secs] 
173.871: Total time for which application threads were stopped: 0.0018250 seconds, Stopping threads took: 0.0000710 seconds
174.038: Application time: 0.1672690 seconds
174.038: [GC [PSYoungGen: 665856K->592K(666112K)] 921007K->255751K(1208320K), 0.0016890 secs] [Times: user=0.01 sys=0.00, real=0.00 secs] 
174.040: Total time for which application threads were stopped: 0.0018280 seconds, Stopping threads took: 0.0000760 seconds
174.283: Application time: 0.2431500 seconds
174.283: [GC [PSYoungGen: 665680K->672K(666112K)] 920839K->255831K(1208320K), 0.0017580 secs] [Times: user=0.01 sys=0.00, real=0.00 secs] 
174.285: Total time for which application threads were stopped: 0.0019220 seconds, Stopping threads took: 0.0000970 seconds
174.436: Application time: 0.1514440 seconds
174.436: [GC [PSYoungGen: 665760K->800K(666112K)] 920919K->255959K(1208320K), 0.0016310 secs] [Times: user=0.01 sys=0.00, real=0.00 secs] 
174.438: Total time for which application threads were stopped: 0.0017820 seconds, Stopping threads took: 0.0000670 seconds
174.680: Application time: 0.2418130 seconds
174.680: [GC [PSYoungGen: 665888K->496K(666112K)] 921047K->255655K(1208320K), 0.0015950 secs] [Times: user=0.01 sys=0.00, real=0.00 secs] 
174.682: Total time for which application threads were stopped: 0.0017450 seconds, Stopping threads took: 0.0000810 seconds
174.853: Application time: 0.1712140 seconds
174.853: [GC [PSYoungGen: 665584K->832K(666112K)] 920743K->255991K(1208320K), 0.0017180 secs] [Times: user=0.01 sys=0.00, real=0.00 secs] 
174.855: Total time for which application threads were stopped: 0.0018760 seconds, Stopping threads took: 0.0000760 seconds
175.005: Application time: 0.1504900 seconds
175.005: [GC [PSYoungGen: 665920K->704K(666112K)] 921079K->255863K(1208320K), 0.0016440 secs] [Times: user=0.01 sys=0.00, real=0.00 secs] 
175.007: Total time for which application threads were stopped: 0.0017750 seconds, Stopping threads took: 0.0000550 seconds
175.263: Application time: 0.2559790 seconds
175.263: [GC [PSYoungGen: 665792K->688K(666112K)] 920951K->255847K(1208320K), 0.0016600 secs] [Times: user=0.01 sys=0.00, real=0.00 secs] 
175.265: Total time for which application threads were stopped: 0.0018210 seconds, Stopping threads took: 0.0000910 seconds
175.421: Application time: 0.1559910 seconds
175.421: [GC [PSYoungGen: 665776K->832K(666112K)] 920935K->255999K(1208320K), 0.0017070 secs] [Times: user=0.01 sys=0.00, real=0.01 secs] 
175.423: Total time for which application threads were stopped: 0.0018510 seconds, Stopping threads took: 0.0000690 seconds
175.593: Application time: 0.1707290 seconds
175.594: [GC [PSYoungGen: 665920K->544K(666112K)] 921087K->255719K(1208320K), 0.0016310 secs] [Times: user=0.01 sys=0.00, real=0.00 secs] 
175.595: Total time for which application threads were stopped: 0.0018120 seconds, Stopping threads took: 0.0001050 seconds
175.837: Application time: 0.2415840 seconds
175.837: [GC [PSYoungGen: 665632K->752K(666112K)] 920807K->255927K(1208320K), 0.0016780 secs] [Times: user=0.01 sys=0.00, real=0.00 secs] 
175.839: Total time for which application threads were stopped: 0.0018530 seconds, Stopping threads took: 0.0001030 seconds
175.991: Application time: 0.1520560 seconds
175.991: [GC [PSYoungGen: 665840K->784K(666112K)] 921015K->255959K(1208320K), 0.0014810 secs] [Times: user=0.00 sys=0.00, real=0.00 secs] 
175.992: Total time for which application threads were stopped: 0.0016490 seconds, Stopping threads took: 0.0000980 seconds
176.230: Application time: 0.2374840 seconds
176.230: [GC [PSYoungGen: 665872K->640K(666112K)] 921047K->255815K(1208320K), 0.0017780 secs] [Times: user=0.02 sys=0.00, real=0.01 secs] 
176.232: Total time for which application threads were stopped: 0.0019250 seconds, Stopping threads took: 0.0000610 seconds
176.406: Application time: 0.1746210 seconds
176.407: [GC [PSYoungGen: 665728K->752K(666112K)] 920903K->255927K(1208320K), 0.0016730 secs] [Times: user=0.01 sys=0.00, real=0.00 secs] 
176.408: Total time for which application threads were stopped: 0.0018380 seconds, Stopping threads took: 0.0000940 seconds
176.560: Application time: 0.1513360 seconds
176.560: [GC [PSYoungGen: 665840K->704K(666112K)] 921015K->255879K(1208320K), 0.0016190 secs] [Times: user=0.01 sys=0.00, real=0.00 secs] 
176.561: Total time for which application threads were stopped: 0.0017350 seconds, Stopping threads took: 0.0000520 seconds
176.817: Application time: 0.2553040 seconds
176.817: [GC [PSYoungGen: 665792K->704K(666112K)] 920967K->255879K(1208320K), 0.0015880 secs] [Times: user=0.01 sys=0.00, real=0.00 secs] 
176.818: Total time for which application threads were stopped: 0.0017540 seconds, Stopping threads took: 0.0000900 seconds
176.977: Application time: 0.1581340 seconds
176.977: [GC [PSYoungGen: 665792K->752K(666112K)] 920967K->255935K(1208320K), 0.0016850 secs] [Times: user=0.01 sys=0.00, real=0.00 secs] 
176.978: Total time for which application threads were stopped: 0.0018210 seconds, Stopping threads took: 0.0000640 seconds
177.149: Application time: 0.1704450 seconds
177.149: [GC [PSYoungGen: 665840K->608K(666112K)] 921023K->255799K(1208320K), 0.0017840 secs] [Times: user=0.02 sys=0.00, real=0.01 secs] 
177.151: Total time for which application threads were stopped: 0.0019470 seconds, Stopping threads took: 0.0000910 seconds
177.393: Application time: 0.2420180 seconds
177.393: [GC [PSYoungGen: 665696K->800K(666112K)] 920887K->255991K(1208320K), 0.0017670 secs] [Times: user=0.01 sys=0.00, real=0.00 secs] 
177.395: Total time for which application threads were stopped: 0.0019340 seconds, Stopping threads took: 0.0000880 seconds
177.545: Application time: 0.1505960 seconds
177.545: [GC [PSYoungGen: 665888K->800K(666112K)] 921079K->255991K(1208320K), 0.0016630 secs] [Times: user=0.02 sys=0.00, real=0.00 secs] 
177.547: Total time for which application threads were stopped: 0.0018140 seconds, Stopping threads took: 0.0000810 seconds
177.785: Application time: 0.2377660 seconds
177.785: [GC [PSYoungGen: 665888K->576K(666112K)] 921079K->255767K(1208320K), 0.0016840 secs] [Times: user=0.01 sys=0.00, real=0.00 secs] 
177.787: Total time for which application threads were stopped: 0.0018630 seconds, Stopping threads took: 0.0001080 seconds
177.962: Application time: 0.1749970 seconds
177.962: [GC [PSYoungGen: 665664K->704K(666112K)] 920855K->255895K(1208320K), 0.0016500 secs] [Times: user=0.01 sys=0.00, real=0.01 secs] 
177.964: Total time for which application threads were stopped: 0.0017890 seconds, Stopping threads took: 0.0000660 seconds
178.114: Application time: 0.1502360 seconds
178.114: [GC [PSYoungGen: 665792K->736K(666112K)] 920983K->255927K(1208320K), 0.0016640 secs] [Times: user=0.02 sys=0.00, real=0.00 secs] 
178.116: Total time for which application threads were stopped: 0.0018000 seconds, Stopping threads took: 0.0000700 seconds
178.369: Application time: 0.2537340 seconds
178.370: [GC [PSYoungGen: 665824K->768K(666112K)] 921015K->255959K(1208320K), 0.0016710 secs] [Times: user=0.01 sys=0.00, real=0.01 secs] 
178.371: Total time for which application threads were stopped: 0.0018330 seconds, Stopping threads took: 0.0000990 seconds
178.531: Application time: 0.1595090 seconds
178.531: [GC [PSYoungGen: 665856K->752K(666112K)] 921047K->255951K(1208320K), 0.0016710 secs] [Times: user=0.01 sys=0.00, real=0.00 secs] 
178.533: Total time for which application threads were stopped: 0.0018010 seconds, Stopping threads took: 0.0000470 seconds
178.702: Application time: 0.1696190 seconds
178.702: [GC [PSYoungGen: 665840K->512K(666112K)] 921039K->255719K(1208320K), 0.0016970 secs] [Times: user=0.01 sys=0.00, real=0.01 secs] 
178.704: Total time for which application threads were stopped: 0.0018460 seconds, Stopping threads took: 0.0000770 seconds
178.947: Application time: 0.2425940 seconds
178.947: [GC [PSYoungGen: 665600K->848K(666112K)] 920807K->256055K(1208320K), 0.0016450 secs] [Times: user=0.01 sys=0.00, real=0.00 secs] 
178.948: Total time for which application threads were stopped: 0.0017880 seconds, Stopping threads took: 0.0000800 seconds
179.099: Application time: 0.1506430 seconds
179.099: [GC [PSYoungGen: 665936K->864K(666112K)] 921143K->256071K(1208320K), 0.0016290 secs] [Times: user=0.01 sys=0.00, real=0.00 secs] 
179.101: Total time for which application threads were stopped: 0.0017620 seconds, Stopping threads took: 0.0000550 seconds
179.337: Application time: 0.2359360 seconds
179.337: [GC [PSYoungGen: 665952K->560K(666112K)] 921159K->255767K(1208320K), 0.0016640 secs] [Times: user=0.01 sys=0.00, real=0.00 secs] 
179.339: Total time for which application threads were stopped: 0.0018070 seconds, Stopping threads took: 0.0000690 seconds
179.513: Application time: 0.1749040 seconds
179.514: [GC [PSYoungGen: 665648K->672K(666112K)] 920855K->255879K(1208320K), 0.0017790 secs] [Times: user=0.02 sys=0.00, real=0.00 secs] 
179.515: Total time for which application threads were stopped: 0.0019330 seconds, Stopping threads took: 0.0000840 seconds
179.667: Application time: 0.1512930 seconds
179.667: [GC [PSYoungGen: 665760K->912K(666112K)] 920967K->256119K(1208320K), 0.0016320 secs] [Times: user=0.01 sys=0.00, real=0.00 secs] 
179.668: Total time for which application threads were stopped: 0.0017890 seconds, Stopping threads took: 0.0000870 seconds
179.918: Application time: 0.2499640 seconds
179.919: [GC [PSYoungGen: 666000K->640K(666112K)] 921207K->255847K(1208320K), 0.0016760 secs] [Times: user=0.01 sys=0.00, real=0.00 secs] 
179.920: Total time for which application threads were stopped: 0.0018300 seconds, Stopping threads took: 0.0000800 seconds
180.084: Application time: 0.1635340 seconds
180.084: [GC [PSYoungGen: 665728K->736K(666112K)] 920935K->255951K(1208320K), 0.0017090 secs] [Times: user=0.01 sys=0.00, real=0.00 secs] 
180.086: Total time for which application threads were stopped: 0.0018340 seconds, Stopping threads took: 0.0000530 seconds
180.255: Application time: 0.1698240 seconds
180.256: [GC [PSYoungGen: 665824K->544K(666112K)] 921039K->255767K(1208320K), 0.0017670 secs] [Times: user=0.01 sys=0.00, real=0.00 secs] 
180.257: Total time for which application threads were stopped: 0.0019080 seconds, Stopping threads took: 0.0000620 seconds
180.500: Application time: 0.2425820 seconds
180.500: [GC [PSYoungGen: 665632K->720K(666112K)] 920855K->255943K(1208320K), 0.0016470 secs] [Times: user=0.01 sys=0.00, real=0.00 secs] 
180.502: Total time for which application threads were stopped: 0.0017800 seconds, Stopping threads took: 0.0000700 seconds
180.653: Application time: 0.1512300 seconds
180.653: [GC [PSYoungGen: 665808K->640K(666112K)] 921031K->255863K(1208320K), 0.0016840 secs] [Times: user=0.00 sys=0.01, real=0.00 secs] 
180.655: Total time for which application threads were stopped: 0.0018300 seconds, Stopping threads took: 0.0000770 seconds
180.890: Application time: 0.2353810 seconds
180.890: [GC [PSYoungGen: 665728K->624K(666112K)] 920951K->255847K(1208320K), 0.0017320 secs] [Times: user=0.02 sys=0.00, real=0.01 secs] 
180.892: Total time for which application threads were stopped: 0.0018940 seconds, Stopping threads took: 0.0000810 seconds
181.069: Application time: 0.1773910 seconds
181.070: [GC [PSYoungGen: 665712K->688K(666112K)] 920935K->255911K(1208320K), 0.0015400 secs] [Times: user=0.01 sys=0.00, real=0.01 secs] 
181.071: Total time for which application threads were stopped: 0.0016920 seconds, Stopping threads took: 0.0000790 seconds
181.222: Application time: 0.1509800 seconds
181.222: [GC [PSYoungGen: 665776K->768K(666112K)] 920999K->255991K(1208320K), 0.0016370 secs] [Times: user=0.01 sys=0.00, real=0.01 secs] 
181.224: Total time for which application threads were stopped: 0.0017650 seconds, Stopping threads took: 0.0000610 seconds
181.475: Application time: 0.2506910 seconds
181.475: [GC [PSYoungGen: 665856K->624K(666112K)] 921079K->255847K(1208320K), 0.0016150 secs] [Times: user=0.01 sys=0.00, real=0.00 secs] 
181.476: Total time for which application threads were stopped: 0.0017760 seconds, Stopping threads took: 0.0000880 seconds
181.637: Application time: 0.1609250 seconds
181.637: [GC [PSYoungGen: 665712K->736K(666112K)] 920935K->255967K(1208320K), 0.0016680 secs] [Times: user=0.01 sys=0.00, real=0.00 secs] 
181.639: Total time for which application threads were stopped: 0.0018100 seconds, Stopping threads took: 0.0000690 seconds
181.816: Application time: 0.1767640 seconds
181.816: [GC [PSYoungGen: 665824K->576K(666112K)] 921055K->255815K(1208320K), 0.0017540 secs] [Times: user=0.02 sys=0.00, real=0.00 secs] 
181.818: Total time for which application threads were stopped: 0.0019150 seconds, Stopping threads took: 0.0000970 seconds
182.055: Application time: 0.2375280 seconds
182.055: [GC [PSYoungGen: 665664K->672K(666112K)] 920903K->255911K(1208320K), 0.0016190 secs] [Times: user=0.01 sys=0.00, real=0.00 secs] 
182.057: Total time for which application threads were stopped: 0.0017460 seconds, Stopping threads took: 0.0000510 seconds
182.210: Application time: 0.1532360 seconds
182.210: [GC [PSYoungGen: 665760K->704K(666112K)] 920999K->255943K(1208320K), 0.0017970 secs] [Times: user=0.01 sys=0.00, real=0.01 secs] 
182.212: Total time for which application threads were stopped: 0.0019480 seconds, Stopping threads took: 0.0000850 seconds
182.444: Application time: 0.2313710 seconds
182.444: [GC [PSYoungGen: 665792K->544K(666112K)] 921031K->255783K(1208320K), 0.0014580 secs] [Times: user=0.01 sys=0.00, real=0.00 secs] 
182.445: Total time for which application threads were stopped: 0.0015860 seconds, Stopping threads took: 0.0000640 seconds
182.631: Application time: 0.1855290 seconds
182.631: [GC [PSYoungGen: 665632K->672K(666112K)] 920871K->255911K(1208320K), 0.0017070 secs] [Times: user=0.01 sys=0.00, real=0.00 secs] 
182.633: Total time for which application threads were stopped: 0.0018730 seconds, Stopping threads took: 0.0000790 seconds
182.787: Application time: 0.1543490 seconds
182.787: [GC [PSYoungGen: 665760K->720K(666112K)] 920999K->255959K(1208320K), 0.0016760 secs] [Times: user=0.01 sys=0.00, real=0.00 secs] 
182.789: Total time for which application threads were stopped: 0.0017990 seconds, Stopping threads took: 0.0000540 seconds
183.032: Application time: 0.2427730 seconds
183.032: [GC [PSYoungGen: 665808K->560K(666112K)] 921047K->255799K(1208320K), 0.0016330 secs] [Times: user=0.01 sys=0.00, real=0.00 secs] 
183.033: Total time for which application threads were stopped: 0.0017700 seconds, Stopping threads took: 0.0000780 seconds
183.202: Application time: 0.1689460 seconds
183.202: [GC [PSYoungGen: 665648K->704K(666112K)] 920887K->255951K(1208320K), 0.0016860 secs] [Times: user=0.01 sys=0.00, real=0.01 secs] 
183.204: Total time for which application threads were stopped: 0.0018470 seconds, Stopping threads took: 0.0000840 seconds
183.385: Application time: 0.1806680 seconds
183.385: [GC [PSYoungGen: 665792K->496K(666112K)] 921039K->255751K(1208320K), 0.0017000 secs] [Times: user=0.01 sys=0.00, real=0.00 secs] 
183.387: Total time for which application threads were stopped: 0.0018530 seconds, Stopping threads took: 0.0000820 seconds
183.609: Application time: 0.2227880 seconds
183.610: [GC [PSYoungGen: 665584K->720K(666112K)] 920839K->255975K(1208320K), 0.0016620 secs] [Times: user=0.01 sys=0.00, real=0.01 secs] 
183.611: Total time for which application threads were stopped: 0.0018060 seconds, Stopping threads took: 0.0000700 seconds
183.771: Application time: 0.1596150 seconds
183.771: [GC [PSYoungGen: 665808K->816K(666112K)] 921063K->256071K(1208320K), 0.0017420 secs] [Times: user=0.01 sys=0.00, real=0.00 secs] 
183.773: Total time for which application threads were stopped: 0.0018730 seconds, Stopping threads took: 0.0000570 seconds
184.005: Application time: 0.2321610 seconds
184.005: [GC [PSYoungGen: 665904K->672K(666112K)] 921159K->255927K(1208320K), 0.0017030 secs] [Times: user=0.01 sys=0.00, real=0.00 secs] 
184.007: Total time for which application threads were stopped: 0.0018810 seconds, Stopping threads took: 0.0001050 seconds
184.182: Application time: 0.1753660 seconds
184.182: [GC [PSYoungGen: 665760K->704K(666112K)] 921015K->255959K(1208320K), 0.0017000 secs] [Times: user=0.01 sys=0.00, real=0.01 secs] 
184.184: Total time for which application threads were stopped: 0.0018520 seconds, Stopping threads took: 0.0000820 seconds
184.340: Application time: 0.1564380 seconds
184.341: [GC [PSYoungGen: 665792K->752K(666112K)] 921047K->256007K(1208320K), 0.0016650 secs] [Times: user=0.01 sys=0.00, real=0.00 secs] 
184.342: Total time for which application threads were stopped: 0.0018200 seconds, Stopping threads took: 0.0000750 seconds
184.585: Application time: 0.2429670 seconds
184.585: [GC [PSYoungGen: 665840K->656K(666112K)] 921095K->255911K(1208320K), 0.0016700 secs] [Times: user=0.02 sys=0.00, real=0.00 secs] 
184.587: Total time for which application threads were stopped: 0.0017880 seconds, Stopping threads took: 0.0000530 seconds
184.758: Application time: 0.1708360 seconds
184.758: [GC [PSYoungGen: 665744K->592K(666112K)] 920999K->255855K(1208320K), 0.0016660 secs] [Times: user=0.01 sys=0.00, real=0.00 secs] 
184.760: Total time for which application threads were stopped: 0.0018060 seconds, Stopping threads took: 0.0000720 seconds
184.942: Application time: 0.1818840 seconds
184.942: [GC [PSYoungGen: 665680K->576K(666112K)] 920943K->255847K(1208320K), 0.0017290 secs] [Times: user=0.01 sys=0.00, real=0.01 secs] 
184.943: Total time for which application threads were stopped: 0.0018820 seconds, Stopping threads took: 0.0000730 seconds
185.165: Application time: 0.2214240 seconds
185.165: [GC [PSYoungGen: 665664K->704K(666112K)] 920935K->255975K(1208320K), 0.0017470 secs] [Times: user=0.01 sys=0.00, real=0.00 secs] 
185.167: Total time for which application threads were stopped: 0.0018980 seconds, Stopping threads took: 0.0000750 seconds
185.327: Application time: 0.1606810 seconds
185.328: [GC [PSYoungGen: 665792K->832K(666112K)] 921063K->256103K(1208320K), 0.0016990 secs] [Times: user=0.01 sys=0.00, real=0.00 secs] 
185.329: Total time for which application threads were stopped: 0.0018350 seconds, Stopping threads took: 0.0000650 seconds
185.561: Application time: 0.2317040 seconds
185.561: [GC [PSYoungGen: 665920K->576K(666112K)] 921191K->255847K(1208320K), 0.0016550 secs] [Times: user=0.01 sys=0.00, real=0.01 secs] 
185.563: Total time for which application threads were stopped: 0.0018090 seconds, Stopping threads took: 0.0000770 seconds
185.738: Application time: 0.1747190 seconds
185.738: [GC [PSYoungGen: 665664K->752K(666112K)] 920935K->256023K(1208320K), 0.0016680 secs] [Times: user=0.01 sys=0.00, real=0.00 secs] 
185.739: Total time for which application threads were stopped: 0.0018480 seconds, Stopping threads took: 0.0001140 seconds
185.899: Application time: 0.1591380 seconds
185.899: [GC [PSYoungGen: 665840K->688K(666112K)] 921111K->255959K(1208320K), 0.0016980 secs] [Times: user=0.01 sys=0.00, real=0.00 secs] 
185.900: Total time for which application threads were stopped: 0.0018170 seconds, Stopping threads took: 0.0000480 seconds
186.141: Application time: 0.2401960 seconds
186.141: [GC [PSYoungGen: 665776K->656K(666112K)] 921047K->255927K(1208320K), 0.0016410 secs] [Times: user=0.01 sys=0.00, real=0.00 secs] 
186.142: Total time for which application threads were stopped: 0.0017770 seconds, Stopping threads took: 0.0000620 seconds
186.311: Application time: 0.1682170 seconds
186.311: [GC [PSYoungGen: 665744K->800K(666112K)] 921015K->256079K(1208320K), 0.0016360 secs] [Times: user=0.00 sys=0.00, real=0.00 secs] 
186.312: Total time for which application threads were stopped: 0.0017530 seconds, Stopping threads took: 0.0000570 seconds
186.495: Application time: 0.1829670 seconds
186.495: [GC [PSYoungGen: 665888K->624K(666112K)] 921167K->255911K(1208320K), 0.0016360 secs] [Times: user=0.01 sys=0.00, real=0.00 secs] 
186.497: Total time for which application threads were stopped: 0.0017860 seconds, Stopping threads took: 0.0000850 seconds
186.716: Application time: 0.2188940 seconds
186.716: [GC [PSYoungGen: 665712K->656K(666112K)] 920999K->255943K(1208320K), 0.0017040 secs] [Times: user=0.01 sys=0.00, real=0.00 secs] 
186.718: Total time for which application threads were stopped: 0.0018510 seconds, Stopping threads took: 0.0000720 seconds
186.879: Application time: 0.1615210 seconds
186.879: [GC [PSYoungGen: 665744K->832K(666112K)] 921031K->256119K(1208320K), 0.0016420 secs] [Times: user=0.01 sys=0.00, real=0.00 secs] 
186.881: Total time for which application threads were stopped: 0.0017540 seconds, Stopping threads took: 0.0000460 seconds
187.112: Application time: 0.2307090 seconds
187.112: [GC [PSYoungGen: 665920K->608K(666112K)] 921207K->255895K(1208320K), 0.0017930 secs] [Times: user=0.01 sys=0.00, real=0.00 secs] 
187.114: Total time for which application threads were stopped: 0.0019140 seconds, Stopping threads took: 0.0000480 seconds
187.288: Application time: 0.1742450 seconds
187.288: [GC [PSYoungGen: 665696K->704K(666112K)] 920983K->255991K(1208320K), 0.0016440 secs] [Times: user=0.01 sys=0.00, real=0.00 secs] 
187.290: Total time for which application threads were stopped: 0.0017800 seconds, Stopping threads took: 0.0000580 seconds
187.448: Application time: 0.1586400 seconds
187.449: [GC [PSYoungGen: 665792K->816K(666112K)] 921079K->256103K(1208320K), 0.0017520 secs] [Times: user=0.01 sys=0.00, real=0.00 secs] 
187.450: Total time for which application threads were stopped: 0.0018910 seconds, Stopping threads took: 0.0000680 seconds
187.690: Application time: 0.2394180 seconds
187.690: [GC [PSYoungGen: 665904K->592K(666112K)] 921191K->255879K(1208320K), 0.0017600 secs] [Times: user=0.01 sys=0.00, real=0.01 secs] 
187.692: Total time for which application threads were stopped: 0.0019220 seconds, Stopping threads took: 0.0000980 seconds
187.859: Application time: 0.1671910 seconds
187.859: [GC [PSYoungGen: 665680K->800K(666112K)] 920967K->256095K(1208320K), 0.0017040 secs] [Times: user=0.01 sys=0.00, real=0.00 secs] 
187.861: Total time for which application threads were stopped: 0.0018430 seconds, Stopping threads took: 0.0000630 seconds
188.047: Application time: 0.1861170 seconds
188.047: [GC [PSYoungGen: 665888K->544K(666112K)] 921183K->255847K(1208320K), 0.0016170 secs] [Times: user=0.01 sys=0.00, real=0.00 secs] 
188.049: Total time for which application threads were stopped: 0.0017660 seconds, Stopping threads took: 0.0000850 seconds
188.264: Application time: 0.2149990 seconds
188.264: [GC [PSYoungGen: 665632K->688K(666112K)] 920935K->255991K(1208320K), 0.0016380 secs] [Times: user=0.01 sys=0.00, real=0.00 secs] 
188.265: Total time for which application threads were stopped: 0.0017550 seconds, Stopping threads took: 0.0000510 seconds
188.427: Application time: 0.1620950 seconds
188.428: [GC [PSYoungGen: 665776K->704K(666112K)] 921079K->256007K(1208320K), 0.0016440 secs] [Times: user=0.01 sys=0.00, real=0.00 secs] 
188.429: Total time for which application threads were stopped: 0.0017920 seconds, Stopping threads took: 0.0000700 seconds
188.661: Application time: 0.2318290 seconds
188.661: [GC [PSYoungGen: 665792K->624K(666112K)] 921095K->255927K(1208320K), 0.0016850 secs] [Times: user=0.01 sys=0.00, real=0.01 secs] 
188.663: Total time for which application threads were stopped: 0.0018310 seconds, Stopping threads took: 0.0000780 seconds
188.836: Application time: 0.1734250 seconds
188.836: [GC [PSYoungGen: 665712K->720K(666112K)] 921015K->256023K(1208320K), 0.0015460 secs] [Times: user=0.01 sys=0.00, real=0.00 secs] 
188.838: Total time for which application threads were stopped: 0.0016960 seconds, Stopping threads took: 0.0000780 seconds
188.999: Application time: 0.1609510 seconds
188.999: [GC [PSYoungGen: 665808K->672K(666112K)] 921111K->255975K(1208320K), 0.0017520 secs] [Times: user=0.02 sys=0.00, real=0.00 secs] 
189.001: Total time for which application threads were stopped: 0.0019010 seconds, Stopping threads took: 0.0000720 seconds
189.241: Application time: 0.2398680 seconds
189.241: [GC [PSYoungGen: 665760K->544K(666112K)] 921063K->255847K(1208320K), 0.0016710 secs] [Times: user=0.02 sys=0.00, real=0.00 secs] 
189.243: Total time for which application threads were stopped: 0.0018120 seconds, Stopping threads took: 0.0000540 seconds
189.409: Application time: 0.1659720 seconds
189.409: [GC [PSYoungGen: 665632K->656K(666112K)] 920935K->255967K(1208320K), 0.0016660 secs] [Times: user=0.01 sys=0.00, real=0.00 secs] 
189.410: Total time for which application threads were stopped: 0.0018060 seconds, Stopping threads took: 0.0000770 seconds
189.598: Application time: 0.1875020 seconds
189.598: [GC [PSYoungGen: 665744K->560K(666112K)] 921055K->255879K(1208320K), 0.0017400 secs] [Times: user=0.01 sys=0.00, real=0.00 secs] 
189.600: Total time for which application threads were stopped: 0.0019010 seconds, Stopping threads took: 0.0000820 seconds
189.816: Application time: 0.2162110 seconds
189.816: [GC [PSYoungGen: 665648K->832K(666112K)] 920967K->256151K(1208320K), 0.0016570 secs] [Times: user=0.01 sys=0.00, real=0.00 secs] 
189.818: Total time for which application threads were stopped: 0.0018080 seconds, Stopping threads took: 0.0000830 seconds
189.995: Application time: 0.1771950 seconds
189.995: [GC [PSYoungGen: 665920K->800K(666112K)] 921239K->256119K(1208320K), 0.0018430 secs] [Times: user=0.01 sys=0.00, real=0.00 secs] 
189.997: Total time for which application threads were stopped: 0.0019980 seconds, Stopping threads took: 0.0000830 seconds
190.250: Application time: 0.2525900 seconds
190.250: [GC [PSYoungGen: 665888K->576K(666112K)] 921207K->255895K(1208320K), 0.0018230 secs] [Times: user=0.02 sys=0.00, real=0.01 secs] 
190.252: Total time for which application threads were stopped: 0.0019930 seconds, Stopping threads took: 0.0000890 seconds
190.438: Application time: 0.1865410 seconds
190.438: [GC [PSYoungGen: 665664K->640K(666112K)] 920983K->255959K(1208320K), 0.0017960 secs] [Times: user=0.01 sys=0.00, real=0.00 secs] 
190.440: Total time for which application threads were stopped: 0.0019430 seconds, Stopping threads took: 0.0000610 seconds
190.617: Application time: 0.1774250 seconds
190.618: [GC [PSYoungGen: 665728K->672K(666112K)] 921047K->255991K(1208320K), 0.0017850 secs] [Times: user=0.01 sys=0.00, real=0.00 secs] 
190.619: Total time for which application threads were stopped: 0.0019420 seconds, Stopping threads took: 0.0000900 seconds
190.879: Application time: 0.2597470 seconds
190.879: [GC [PSYoungGen: 665760K->640K(666112K)] 921079K->255959K(1208320K), 0.0017230 secs] [Times: user=0.01 sys=0.00, real=0.00 secs] 
190.881: Total time for which application threads were stopped: 0.0018690 seconds, Stopping threads took: 0.0000650 seconds
191.059: Application time: 0.1775660 seconds
191.059: [GC [PSYoungGen: 665728K->640K(666112K)] 921047K->255967K(1208320K), 0.0018200 secs] [Times: user=0.01 sys=0.00, real=0.00 secs] 
191.061: Total time for which application threads were stopped: 0.0019710 seconds, Stopping threads took: 0.0000780 seconds
191.265: Application time: 0.2046120 seconds
191.265: [GC [PSYoungGen: 665728K->528K(666112K)] 921055K->255863K(1208320K), 0.0018300 secs] [Times: user=0.01 sys=0.00, real=0.00 secs] 
191.267: Total time for which application threads were stopped: 0.0019820 seconds, Stopping threads took: 0.0000790 seconds
191.501: Application time: 0.2335000 seconds
191.501: [GC [PSYoungGen: 665616K->720K(666112K)] 920951K->256055K(1208320K), 0.0019030 secs] [Times: user=0.01 sys=0.00, real=0.01 secs] 
191.503: Total time for which application threads were stopped: 0.0020760 seconds, Stopping threads took: 0.0000980 seconds
191.681: Application time: 0.1780660 seconds
191.681: [GC [PSYoungGen: 665808K->768K(666112K)] 921143K->256103K(1208320K), 0.0015950 secs] [Times: user=0.00 sys=0.00, real=0.00 secs] 
191.683: Total time for which application threads were stopped: 0.0017200 seconds, Stopping threads took: 0.0000430 seconds
191.934: Application time: 0.2511580 seconds
191.935: [GC [PSYoungGen: 665856K->528K(666112K)] 921191K->255863K(1208320K), 0.0018550 secs] [Times: user=0.01 sys=0.00, real=0.00 secs] 
191.937: Total time for which application threads were stopped: 0.0027960 seconds, Stopping threads took: 0.0008670 seconds
192.126: Application time: 0.1892860 seconds
192.126: [GC [PSYoungGen: 665616K->672K(666112K)] 920951K->256007K(1208320K), 0.0019600 secs] [Times: user=0.02 sys=0.00, real=0.00 secs] 
192.128: Total time for which application threads were stopped: 0.0021420 seconds, Stopping threads took: 0.0000970 seconds
192.306: Application time: 0.1780150 seconds
192.306: [GC [PSYoungGen: 665760K->592K(666112K)] 921095K->255927K(1208320K), 0.0019080 secs] [Times: user=0.02 sys=0.00, real=0.00 secs] 
192.308: Total time for which application threads were stopped: 0.0020630 seconds, Stopping threads took: 0.0000870 seconds
192.568: Application time: 0.2602020 seconds
192.568: [GC [PSYoungGen: 665680K->736K(666112K)] 921015K->256071K(1208320K), 0.0018310 secs] [Times: user=0.01 sys=0.00, real=0.00 secs] 
192.570: Total time for which application threads were stopped: 0.0019880 seconds, Stopping threads took: 0.0000820 seconds
192.748: Application time: 0.1776420 seconds
192.748: [GC [PSYoungGen: 665824K->624K(666112K)] 921159K->255967K(1208320K), 0.0017500 secs] [Times: user=0.01 sys=0.00, real=0.00 secs] 
192.750: Total time for which application threads were stopped: 0.0019060 seconds, Stopping threads took: 0.0000710 seconds
192.956: Application time: 0.2065230 seconds
192.956: [GC [PSYoungGen: 665712K->416K(666112K)] 921055K->255767K(1208320K), 0.0018210 secs] [Times: user=0.01 sys=0.00, real=0.00 secs] 
192.958: Total time for which application threads were stopped: 0.0019810 seconds, Stopping threads took: 0.0000860 seconds
193.193: Application time: 0.2343620 seconds
193.193: [GC [PSYoungGen: 665504K->768K(666112K)] 920855K->256119K(1208320K), 0.0018160 secs] [Times: user=0.02 sys=0.00, real=0.00 secs] 
193.195: Total time for which application threads were stopped: 0.0019810 seconds, Stopping threads took: 0.0000900 seconds
193.372: Application time: 0.1778220 seconds
193.373: [GC [PSYoungGen: 665856K->736K(666112K)] 921207K->256087K(1208320K), 0.0018260 secs] [Times: user=0.01 sys=0.00, real=0.00 secs] 
193.374: Total time for which application threads were stopped: 0.0019850 seconds, Stopping threads took: 0.0000750 seconds
193.627: Application time: 0.2525370 seconds
193.627: [GC [PSYoungGen: 665824K->608K(666112K)] 921175K->255959K(1208320K), 0.0018090 secs] [Times: user=0.01 sys=0.00, real=0.00 secs] 
193.629: Total time for which application threads were stopped: 0.0019680 seconds, Stopping threads took: 0.0000900 seconds
193.815: Application time: 0.1863650 seconds
193.815: [GC [PSYoungGen: 665696K->656K(666112K)] 921047K->256007K(1208320K), 0.0016890 secs] [Times: user=0.01 sys=0.00, real=0.00 secs] 
193.817: Total time for which application threads were stopped: 0.0018030 seconds, Stopping threads took: 0.0000430 seconds
193.982: Application time: 0.1649380 seconds
193.982: [GC [PSYoungGen: 665744K->720K(666112K)] 921095K->256071K(1208320K), 0.0016580 secs] [Times: user=0.01 sys=0.00, real=0.01 secs] 
193.984: Total time for which application threads were stopped: 0.0018130 seconds, Stopping threads took: 0.0000790 seconds
194.221: Application time: 0.2372910 seconds
194.221: [GC [PSYoungGen: 665808K->624K(666112K)] 921159K->255975K(1208320K), 0.0016750 secs] [Times: user=0.01 sys=0.00, real=0.01 secs] 
194.223: Total time for which application threads were stopped: 0.0018370 seconds, Stopping threads took: 0.0000940 seconds
194.386: Application time: 0.1631890 seconds
194.386: [GC [PSYoungGen: 665712K->768K(666112K)] 921063K->256127K(1208320K), 0.0017100 secs] [Times: user=0.01 sys=0.00, real=0.00 secs] 
194.388: Total time for which application threads were stopped: 0.0018430 seconds, Stopping threads took: 0.0000600 seconds
194.578: Application time: 0.1901090 seconds
194.578: [GC [PSYoungGen: 665856K->496K(666112K)] 921215K->255863K(1208320K), 0.0016650 secs] [Times: user=0.01 sys=0.00, real=0.00 secs] 
194.580: Total time for which application threads were stopped: 0.0018350 seconds, Stopping threads took: 0.0000970 seconds
194.796: Application time: 0.2164090 seconds
194.797: [GC [PSYoungGen: 665584K->560K(666112K)] 920951K->255935K(1208320K), 0.0016640 secs] [Times: user=0.01 sys=0.00, real=0.00 secs] 
194.798: Total time for which application threads were stopped: 0.0018160 seconds, Stopping threads took: 0.0000810 seconds
194.961: Application time: 0.1627660 seconds
194.961: [GC [PSYoungGen: 665648K->672K(666112K)] 921023K->256047K(1208320K), 0.0017500 secs] [Times: user=0.01 sys=0.00, real=0.01 secs] 
194.963: Total time for which application threads were stopped: 0.0018770 seconds, Stopping threads took: 0.0000590 seconds
195.193: Application time: 0.2301170 seconds
195.193: [GC [PSYoungGen: 665760K->544K(666112K)] 921135K->255919K(1208320K), 0.0014640 secs] [Times: user=0.01 sys=0.00, real=0.00 secs] 
195.195: Total time for which application threads were stopped: 0.0016140 seconds, Stopping threads took: 0.0000770 seconds
195.369: Application time: 0.1739780 seconds
195.369: [GC [PSYoungGen: 665632K->608K(666112K)] 921007K->255983K(1208320K), 0.0014990 secs] [Times: user=0.01 sys=0.00, real=0.00 secs] 
195.370: Total time for which application threads were stopped: 0.0016360 seconds, Stopping threads took: 0.0000650 seconds
195.537: Application time: 0.1669290 seconds
195.537: [GC [PSYoungGen: 665696K->512K(666112K)] 921071K->255887K(1208320K), 0.0015090 secs] [Times: user=0.00 sys=0.01, real=0.00 secs] 
195.539: Total time for which application threads were stopped: 0.0016570 seconds, Stopping threads took: 0.0000820 seconds
195.777: Application time: 0.2379000 seconds
195.777: [GC [PSYoungGen: 665600K->656K(666112K)] 920975K->256031K(1208320K), 0.0017150 secs] [Times: user=0.01 sys=0.00, real=0.00 secs] 
195.779: Total time for which application threads were stopped: 0.0018580 seconds, Stopping threads took: 0.0000610 seconds
195.942: Application time: 0.1638050 seconds
195.943: [GC [PSYoungGen: 665744K->704K(666112K)] 921119K->256087K(1208320K), 0.0017450 secs] [Times: user=0.01 sys=0.00, real=0.01 secs] 
195.944: Total time for which application threads were stopped: 0.0018930 seconds, Stopping threads took: 0.0000720 seconds
196.131: Application time: 0.1862270 seconds
196.131: [GC [PSYoungGen: 665792K->528K(666112K)] 921175K->255919K(1208320K), 0.0016980 secs] [Times: user=0.02 sys=0.00, real=0.00 secs] 
196.132: Total time for which application threads were stopped: 0.0018750 seconds, Stopping threads took: 0.0001030 seconds
196.352: Application time: 0.2194280 seconds
196.352: [GC [PSYoungGen: 665616K->688K(666112K)] 921007K->256087K(1208320K), 0.0018090 secs] [Times: user=0.01 sys=0.00, real=0.00 secs] 
196.354: Total time for which application threads were stopped: 0.0019630 seconds, Stopping threads took: 0.0000700 seconds
196.515: Application time: 0.1614940 seconds
196.515: [GC [PSYoungGen: 665776K->720K(666112K)] 921175K->256119K(1208320K), 0.0017190 secs] [Times: user=0.01 sys=0.00, real=0.00 secs] 
196.517: Total time for which application threads were stopped: 0.0018620 seconds, Stopping threads took: 0.0000690 seconds
196.747: Application time: 0.2298780 seconds
196.747: [GC [PSYoungGen: 665808K->576K(666112K)] 921207K->255975K(1208320K), 0.0016580 secs] [Times: user=0.01 sys=0.00, real=0.00 secs] 
196.749: Total time for which application threads were stopped: 0.0018050 seconds, Stopping threads took: 0.0000830 seconds
196.921: Application time: 0.1724050 seconds
196.921: [GC [PSYoungGen: 665664K->736K(666112K)] 921063K->256135K(1208320K), 0.0017300 secs] [Times: user=0.01 sys=0.00, real=0.01 secs] 
196.923: Total time for which application threads were stopped: 0.0018830 seconds, Stopping threads took: 0.0000740 seconds
197.091: Application time: 0.1677800 seconds
197.091: [GC [PSYoungGen: 665824K->704K(666112K)] 921223K->256103K(1208320K), 0.0014760 secs] [Times: user=0.01 sys=0.00, real=0.00 secs] 
197.093: Total time for which application threads were stopped: 0.0015940 seconds, Stopping threads took: 0.0000510 seconds
197.330: Application time: 0.2374200 seconds
197.330: [GC [PSYoungGen: 665792K->656K(666112K)] 921191K->256055K(1208320K), 0.0016570 secs] [Times: user=0.01 sys=0.00, real=0.01 secs] 
197.332: Total time for which application threads were stopped: 0.0017940 seconds, Stopping threads took: 0.0000730 seconds
197.492: Application time: 0.1602070 seconds
197.492: [GC [PSYoungGen: 665744K->624K(666112K)] 921143K->256031K(1208320K), 0.0016920 secs] [Times: user=0.01 sys=0.00, real=0.00 secs] 
197.494: Total time for which application threads were stopped: 0.0018380 seconds, Stopping threads took: 0.0000670 seconds
197.681: Application time: 0.1872810 seconds
197.681: [GC [PSYoungGen: 665712K->608K(666112K)] 921119K->256023K(1208320K), 0.0016800 secs] [Times: user=0.01 sys=0.00, real=0.01 secs] 
197.683: Total time for which application threads were stopped: 0.0018520 seconds, Stopping threads took: 0.0001010 seconds
197.909: Application time: 0.2258750 seconds
197.909: [GC [PSYoungGen: 665696K->624K(666112K)] 921111K->256047K(1208320K), 0.0018130 secs] [Times: user=0.01 sys=0.00, real=0.01 secs] 
197.911: Total time for which application threads were stopped: 0.0019510 seconds, Stopping threads took: 0.0000630 seconds
198.084: Application time: 0.1736540 seconds
198.085: [GC [PSYoungGen: 665712K->704K(666112K)] 921135K->256127K(1208320K), 0.0018800 secs] [Times: user=0.01 sys=0.00, real=0.00 secs] 
198.086: Total time for which application threads were stopped: 0.0020280 seconds, Stopping threads took: 0.0000650 seconds
198.337: Application time: 0.2509910 seconds
198.338: [GC [PSYoungGen: 665792K->560K(666112K)] 921215K->255983K(1208320K), 0.0019280 secs] [Times: user=0.01 sys=0.00, real=0.00 secs] 
198.340: Total time for which application threads were stopped: 0.0020820 seconds, Stopping threads took: 0.0000880 seconds
198.527: Application time: 0.1871720 seconds
198.527: [GC [PSYoungGen: 665648K->848K(666112K)] 921071K->256271K(1208320K), 0.0017980 secs] [Times: user=0.01 sys=0.00, real=0.00 secs] 
198.529: Total time for which application threads were stopped: 0.0019790 seconds, Stopping threads took: 0.0001070 seconds
198.713: Application time: 0.1845900 seconds
198.713: [GC [PSYoungGen: 665936K->528K(666112K)] 921359K->255951K(1208320K), 0.0016190 secs] [Times: user=0.01 sys=0.00, real=0.00 secs] 
198.715: Total time for which application threads were stopped: 0.0017520 seconds, Stopping threads took: 0.0000540 seconds
198.974: Application time: 0.2588690 seconds
198.974: [GC [PSYoungGen: 665616K->736K(666112K)] 921039K->256159K(1208320K), 0.0018360 secs] [Times: user=0.01 sys=0.00, real=0.00 secs] 
198.976: Total time for which application threads were stopped: 0.0019990 seconds, Stopping threads took: 0.0000870 seconds
199.150: Application time: 0.1736910 seconds
199.150: [GC [PSYoungGen: 665824K->640K(666112K)] 921247K->256071K(1208320K), 0.0019620 secs] [Times: user=0.01 sys=0.00, real=0.01 secs] 
199.152: Total time for which application threads were stopped: 0.0020810 seconds, Stopping threads took: 0.0000540 seconds
199.360: Application time: 0.2084540 seconds
199.360: [GC [PSYoungGen: 665728K->480K(666112K)] 921159K->255919K(1208320K), 0.0017920 secs] [Times: user=0.01 sys=0.00, real=0.00 secs] 
199.362: Total time for which application threads were stopped: 0.0019500 seconds, Stopping threads took: 0.0000800 seconds
199.597: Application time: 0.2352280 seconds
199.597: [GC [PSYoungGen: 665568K->672K(666112K)] 921007K->256119K(1208320K), 0.0017710 secs] [Times: user=0.01 sys=0.00, real=0.00 secs] 
199.599: Total time for which application threads were stopped: 0.0019040 seconds, Stopping threads took: 0.0000580 seconds
199.772: Application time: 0.1729010 seconds
199.772: [GC [PSYoungGen: 665760K->688K(666112K)] 921207K->256135K(1208320K), 0.0017680 secs] [Times: user=0.01 sys=0.00, real=0.00 secs] 
199.774: Total time for which application threads were stopped: 0.0019270 seconds, Stopping threads took: 0.0000910 seconds
200.027: Application time: 0.2526050 seconds
200.027: [GC [PSYoungGen: 665776K->496K(666112K)] 921223K->255943K(1208320K), 0.0018120 secs] [Times: user=0.01 sys=0.00, real=0.00 secs] 
200.029: Total time for which application threads were stopped: 0.0019930 seconds, Stopping threads took: 0.0000940 seconds
200.216: Application time: 0.1876780 seconds
200.216: [GC [PSYoungGen: 665584K->736K(666112K)] 921031K->256183K(1208320K), 0.0017750 secs] [Times: user=0.01 sys=0.00, real=0.00 secs] 
200.218: Total time for which application threads were stopped: 0.0019160 seconds, Stopping threads took: 0.0000750 seconds
200.401: Application time: 0.1826320 seconds
200.401: [GC [PSYoungGen: 665824K->592K(666112K)] 921271K->256039K(1208320K), 0.0017910 secs] [Times: user=0.02 sys=0.00, real=0.01 secs] 
200.403: Total time for which application threads were stopped: 0.0019580 seconds, Stopping threads took: 0.0001000 seconds
200.663: Application time: 0.2599620 seconds
200.663: [GC [PSYoungGen: 665680K->640K(666112K)] 921127K->256087K(1208320K), 0.0017830 secs] [Times: user=0.01 sys=0.00, real=0.00 secs] 
200.665: Total time for which application threads were stopped: 0.0019350 seconds, Stopping threads took: 0.0000790 seconds
200.836: Application time: 0.1715580 seconds
200.836: [GC [PSYoungGen: 665728K->528K(666112K)] 921175K->255983K(1208320K), 0.0018870 secs] [Times: user=0.01 sys=0.00, real=0.00 secs] 
200.838: Total time for which application threads were stopped: 0.0020110 seconds, Stopping threads took: 0.0000510 seconds
201.045: Application time: 0.2067670 seconds
201.045: [GC [PSYoungGen: 665616K->512K(666112K)] 921071K->255975K(1208320K), 0.0016390 secs] [Times: user=0.01 sys=0.00, real=0.00 secs] 
201.047: Total time for which application threads were stopped: 0.0017990 seconds, Stopping threads took: 0.0000860 seconds
201.283: Application time: 0.2366160 seconds
201.284: [GC [PSYoungGen: 665600K->576K(666112K)] 921063K->256047K(1208320K), 0.0018270 secs] [Times: user=0.01 sys=0.00, real=0.00 secs] 
201.285: Total time for which application threads were stopped: 0.0019810 seconds, Stopping threads took: 0.0000660 seconds
201.458: Application time: 0.1728720 seconds
201.458: [GC [PSYoungGen: 665664K->672K(666112K)] 921135K->256143K(1208320K), 0.0018230 secs] [Times: user=0.01 sys=0.01, real=0.00 secs] 
201.460: Total time for which application threads were stopped: 0.0019710 seconds, Stopping threads took: 0.0000720 seconds
201.714: Application time: 0.2540250 seconds
201.714: [GC [PSYoungGen: 665760K->592K(666112K)] 921231K->256063K(1208320K), 0.0018030 secs] [Times: user=0.01 sys=0.00, real=0.00 secs] 
201.716: Total time for which application threads were stopped: 0.0019400 seconds, Stopping threads took: 0.0000710 seconds
201.896: Application time: 0.1799570 seconds
201.896: [GC [PSYoungGen: 665680K->800K(666112K)] 921151K->256271K(1208320K), 0.0017430 secs] [Times: user=0.01 sys=0.00, real=0.00 secs] 
201.898: Total time for which application threads were stopped: 0.0018770 seconds, Stopping threads took: 0.0000600 seconds
202.064: Application time: 0.1659130 seconds
202.064: [GC [PSYoungGen: 665888K->624K(666112K)] 921359K->256095K(1208320K), 0.0017650 secs] [Times: user=0.01 sys=0.00, real=0.00 secs] 
202.066: Total time for which application threads were stopped: 0.0018990 seconds, Stopping threads took: 0.0000690 seconds
202.304: Application time: 0.2379980 seconds
202.304: [GC [PSYoungGen: 665712K->672K(666112K)] 921183K->256143K(1208320K), 0.0016340 secs] [Times: user=0.01 sys=0.00, real=0.00 secs] 
202.306: Total time for which application threads were stopped: 0.0017720 seconds, Stopping threads took: 0.0000690 seconds
202.465: Application time: 0.1593680 seconds
202.465: [GC [PSYoungGen: 665760K->768K(666112K)] 921231K->256247K(1208320K), 0.0017750 secs] [Times: user=0.01 sys=0.00, real=0.00 secs] 
202.467: Total time for which application threads were stopped: 0.0019150 seconds, Stopping threads took: 0.0000690 seconds
202.660: Application time: 0.1928640 seconds
202.661: [GC [PSYoungGen: 665856K->544K(666112K)] 921335K->256031K(1208320K), 0.0017170 secs] [Times: user=0.01 sys=0.00, real=0.00 secs] 
202.662: Total time for which application threads were stopped: 0.0025390 seconds, Stopping threads took: 0.0007490 seconds
202.878: Application time: 0.2153210 seconds
202.878: [GC [PSYoungGen: 665632K->832K(666112K)] 921119K->256327K(1208320K), 0.0016980 secs] [Times: user=0.01 sys=0.00, real=0.00 secs] 
202.880: Total time for which application threads were stopped: 0.0018380 seconds, Stopping threads took: 0.0000750 seconds
203.040: Application time: 0.1601880 seconds
203.040: [GC [PSYoungGen: 665920K->560K(666112K)] 921415K->256055K(1208320K), 0.0016680 secs] [Times: user=0.01 sys=0.00, real=0.00 secs] 
203.042: Total time for which application threads were stopped: 0.0018340 seconds, Stopping threads took: 0.0000850 seconds
203.275: Application time: 0.2332310 seconds
203.276: [GC [PSYoungGen: 665648K->576K(666112K)] 921143K->256071K(1208320K), 0.0016230 secs] [Times: user=0.01 sys=0.00, real=0.00 secs] 
203.277: Total time for which application threads were stopped: 0.0023870 seconds, Stopping threads took: 0.0007020 seconds
203.449: Application time: 0.1718860 seconds
203.449: [GC [PSYoungGen: 665664K->800K(666112K)] 921159K->256295K(1208320K), 0.0016690 secs] [Times: user=0.01 sys=0.00, real=0.01 secs] 
203.451: Total time for which application threads were stopped: 0.0018080 seconds, Stopping threads took: 0.0000610 seconds
203.616: Application time: 0.1647700 seconds
203.616: [GC [PSYoungGen: 665888K->560K(666112K)] 921383K->256055K(1208320K), 0.0016310 secs] [Times: user=0.01 sys=0.00, real=0.00 secs] 
203.617: Total time for which application threads were stopped: 0.0017850 seconds, Stopping threads took: 0.0000830 seconds
203.859: Application time: 0.2411010 seconds
203.859: [GC [PSYoungGen: 665648K->688K(666112K)] 921143K->256183K(1208320K), 0.0017140 secs] [Times: user=0.01 sys=0.00, real=0.00 secs] 
203.860: Total time for which application threads were stopped: 0.0018760 seconds, Stopping threads took: 0.0000980 seconds
204.020: Application time: 0.1600190 seconds
204.021: [GC [PSYoungGen: 665776K->736K(666112K)] 921271K->256239K(1208320K), 0.0014830 secs] [Times: user=0.01 sys=0.00, real=0.00 secs] 
204.022: Total time for which application threads were stopped: 0.0016290 seconds, Stopping threads took: 0.0000770 seconds
204.220: Application time: 0.1977510 seconds
204.220: [GC [PSYoungGen: 665824K->544K(666112K)] 921327K->256055K(1208320K), 0.0016460 secs] [Times: user=0.01 sys=0.00, real=0.00 secs] 
204.222: Total time for which application threads were stopped: 0.0017860 seconds, Stopping threads took: 0.0000670 seconds
204.434: Application time: 0.2125960 seconds
204.434: [GC [PSYoungGen: 665632K->704K(666112K)] 921143K->256223K(1208320K), 0.0016800 secs] [Times: user=0.01 sys=0.00, real=0.00 secs] 
204.436: Total time for which application threads were stopped: 0.0018180 seconds, Stopping threads took: 0.0000630 seconds
204.594: Application time: 0.1584110 seconds
204.595: [GC [PSYoungGen: 665792K->608K(666112K)] 921311K->256127K(1208320K), 0.0016970 secs] [Times: user=0.02 sys=0.00, real=0.00 secs] 
204.596: Total time for which application threads were stopped: 0.0018380 seconds, Stopping threads took: 0.0000790 seconds
204.831: Application time: 0.2343640 seconds
204.831: [GC [PSYoungGen: 665696K->512K(666112K)] 921215K->256031K(1208320K), 0.0017400 secs] [Times: user=0.01 sys=0.00, real=0.00 secs] 
204.833: Total time for which application threads were stopped: 0.0018840 seconds, Stopping threads took: 0.0000710 seconds
205.005: Application time: 0.1728280 seconds
205.006: [GC [PSYoungGen: 665600K->656K(666112K)] 921119K->256175K(1208320K), 0.0016650 secs] [Times: user=0.01 sys=0.00, real=0.00 secs] 
205.007: Total time for which application threads were stopped: 0.0017880 seconds, Stopping threads took: 0.0000560 seconds
205.171: Application time: 0.1639970 seconds
205.171: [GC [PSYoungGen: 665744K->624K(666112K)] 921263K->256143K(1208320K), 0.0016780 secs] [Times: user=0.01 sys=0.00, real=0.00 secs] 
205.173: Total time for which application threads were stopped: 0.0018400 seconds, Stopping threads took: 0.0000930 seconds
205.412: Application time: 0.2392880 seconds
205.412: [GC [PSYoungGen: 665712K->736K(666112K)] 921231K->256255K(1208320K), 0.0017600 secs] [Times: user=0.01 sys=0.00, real=0.00 secs] 
205.414: Total time for which application threads were stopped: 0.0019070 seconds, Stopping threads took: 0.0000720 seconds
205.574: Application time: 0.1598870 seconds
205.574: [GC [PSYoungGen: 665824K->688K(666112K)] 921343K->256215K(1208320K), 0.0016250 secs] [Times: user=0.01 sys=0.00, real=0.00 secs] 
205.576: Total time for which application threads were stopped: 0.0017450 seconds, Stopping threads took: 0.0000540 seconds
205.777: Application time: 0.2006990 seconds
205.777: [GC [PSYoungGen: 665776K->496K(666112K)] 921303K->256031K(1208320K), 0.0016380 secs] [Times: user=0.01 sys=0.00, real=0.00 secs] 
205.778: Total time for which application threads were stopped: 0.0018070 seconds, Stopping threads took: 0.0001020 seconds
206.001: Application time: 0.2221760 seconds
206.001: [GC [PSYoungGen: 665584K->640K(666112K)] 921119K->256183K(1208320K), 0.0017940 secs] [Times: user=0.01 sys=0.00, real=0.00 secs] 
206.003: Total time for which application threads were stopped: 0.0019680 seconds, Stopping threads took: 0.0000720 seconds
206.172: Application time: 0.1695870 seconds
206.172: [GC [PSYoungGen: 665728K->688K(666112K)] 921271K->256231K(1208320K), 0.0018210 secs] [Times: user=0.01 sys=0.00, real=0.00 secs] 
206.174: Total time for which application threads were stopped: 0.0019580 seconds, Stopping threads took: 0.0000640 seconds
206.432: Application time: 0.2578350 seconds
206.432: [GC [PSYoungGen: 665776K->720K(666112K)] 921319K->256263K(1208320K), 0.0017480 secs] [Times: user=0.01 sys=0.00, real=0.00 secs] 
206.434: Total time for which application threads were stopped: 0.0018830 seconds, Stopping threads took: 0.0000640 seconds
206.621: Application time: 0.1871780 seconds
206.621: [GC [PSYoungGen: 665808K->784K(666112K)] 921351K->256327K(1208320K), 0.0018100 secs] [Times: user=0.01 sys=0.00, real=0.01 secs] 
206.623: Total time for which application threads were stopped: 0.0019480 seconds, Stopping threads took: 0.0000530 seconds
206.800: Application time: 0.1767030 seconds
206.800: [GC [PSYoungGen: 665872K->736K(666112K)] 921415K->256279K(1208320K), 0.0018080 secs] [Times: user=0.01 sys=0.00, real=0.00 secs] 
206.802: Total time for which application threads were stopped: 0.0019430 seconds, Stopping threads took: 0.0000690 seconds
207.063: Application time: 0.2616340 seconds
207.063: [GC [PSYoungGen: 665824K->704K(666112K)] 921367K->256247K(1208320K), 0.0017940 secs] [Times: user=0.02 sys=0.00, real=0.00 secs] 
207.065: Total time for which application threads were stopped: 0.0019310 seconds, Stopping threads took: 0.0000720 seconds
207.242: Application time: 0.1766310 seconds
207.242: [GC [PSYoungGen: 665792K->864K(666112K)] 921335K->256415K(1208320K), 0.0019180 secs] [Times: user=0.01 sys=0.00, real=0.01 secs] 
207.244: Total time for which application threads were stopped: 0.0020770 seconds, Stopping threads took: 0.0000770 seconds
207.471: Application time: 0.2271620 seconds
207.471: [GC [PSYoungGen: 665952K->480K(666112K)] 921503K->256039K(1208320K), 0.0018220 secs] [Times: user=0.01 sys=0.00, real=0.00 secs] 
207.473: Total time for which application threads were stopped: 0.0019450 seconds, Stopping threads took: 0.0000490 seconds
207.693: Application time: 0.2197860 seconds
207.693: [GC [PSYoungGen: 665568K->704K(666112K)] 921127K->256271K(1208320K), 0.0018380 secs] [Times: user=0.01 sys=0.00, real=0.00 secs] 
207.695: Total time for which application threads were stopped: 0.0019810 seconds, Stopping threads took: 0.0000710 seconds
207.863: Application time: 0.1684310 seconds
207.863: [GC [PSYoungGen: 665792K->768K(666112K)] 921359K->256335K(1208320K), 0.0017310 secs] [Times: user=0.01 sys=0.00, real=0.00 secs] 
207.865: Total time for which application threads were stopped: 0.0019090 seconds, Stopping threads took: 0.0000960 seconds
208.125: Application time: 0.2594320 seconds
208.125: [GC [PSYoungGen: 665856K->704K(666112K)] 921423K->256271K(1208320K), 0.0018860 secs] [Times: user=0.02 sys=0.00, real=0.00 secs] 
208.127: Total time for which application threads were stopped: 0.0020280 seconds, Stopping threads took: 0.0000690 seconds
208.315: Application time: 0.1883200 seconds
208.315: [GC [PSYoungGen: 665792K->704K(666112K)] 921359K->256271K(1208320K), 0.0017790 secs] [Times: user=0.01 sys=0.00, real=0.00 secs] 
208.317: Total time for which application threads were stopped: 0.0018900 seconds, Stopping threads took: 0.0000430 seconds
208.493: Application time: 0.1760330 seconds
208.493: [GC [PSYoungGen: 665792K->672K(666112K)] 921359K->256239K(1208320K), 0.0018030 secs] [Times: user=0.01 sys=0.01, real=0.00 secs] 
208.495: Total time for which application threads were stopped: 0.0019530 seconds, Stopping threads took: 0.0000740 seconds
208.755: Application time: 0.2605380 seconds
208.755: [GC [PSYoungGen: 665760K->608K(666112K)] 921327K->256175K(1208320K), 0.0018120 secs] [Times: user=0.01 sys=0.00, real=0.00 secs] 
208.757: Total time for which application threads were stopped: 0.0019510 seconds, Stopping threads took: 0.0000650 seconds
208.934: Application time: 0.1770460 seconds
208.934: [GC [PSYoungGen: 665696K->912K(666112K)] 921263K->256487K(1208320K), 0.0017970 secs] [Times: user=0.01 sys=0.00, real=0.00 secs] 
208.936: Total time for which application threads were stopped: 0.0019510 seconds, Stopping threads took: 0.0000770 seconds
209.167: Application time: 0.2305650 seconds
209.167: [GC [PSYoungGen: 666000K->592K(666112K)] 921575K->256175K(1208320K), 0.0017980 secs] [Times: user=0.01 sys=0.00, real=0.00 secs] 
209.169: Total time for which application threads were stopped: 0.0019510 seconds, Stopping threads took: 0.0000740 seconds
209.384: Application time: 0.2151340 seconds
209.384: [GC [PSYoungGen: 665680K->688K(666112K)] 921263K->256279K(1208320K), 0.0018680 secs] [Times: user=0.01 sys=0.00, real=0.00 secs] 
209.386: Total time for which application threads were stopped: 0.0020460 seconds, Stopping threads took: 0.0000920 seconds
209.553: Application time: 0.1671560 seconds
209.553: [GC [PSYoungGen: 665776K->768K(666112K)] 921367K->256359K(1208320K), 0.0017860 secs] [Times: user=0.01 sys=0.00, real=0.00 secs] 
209.555: Total time for which application threads were stopped: 0.0019480 seconds, Stopping threads took: 0.0000940 seconds
209.816: Application time: 0.2611390 seconds
209.816: [GC [PSYoungGen: 665856K->656K(666112K)] 921447K->256247K(1208320K), 0.0018080 secs] [Times: user=0.00 sys=0.00, real=0.00 secs] 
209.818: Total time for which application threads were stopped: 0.0019450 seconds, Stopping threads took: 0.0000470 seconds
209.994: Application time: 0.1761170 seconds
209.994: [GC [PSYoungGen: 665744K->752K(666112K)] 921335K->256343K(1208320K), 0.0016710 secs] [Times: user=0.01 sys=0.00, real=0.00 secs] 
209.996: Total time for which application threads were stopped: 0.0017960 seconds, Stopping threads took: 0.0000530 seconds
210.155: Application time: 0.1588870 seconds
210.155: [GC [PSYoungGen: 665840K->512K(666112K)] 921431K->256103K(1208320K), 0.0015710 secs] [Times: user=0.01 sys=0.00, real=0.00 secs] 
210.157: Total time for which application threads were stopped: 0.0017080 seconds, Stopping threads took: 0.0000670 seconds
210.395: Application time: 0.2382960 seconds
210.395: [GC [PSYoungGen: 665600K->736K(666112K)] 921191K->256327K(1208320K), 0.0016410 secs] [Times: user=0.01 sys=0.00, real=0.00 secs] 
210.397: Total time for which application threads were stopped: 0.0017950 seconds, Stopping threads took: 0.0000830 seconds
210.562: Application time: 0.1654370 seconds
210.562: [GC [PSYoungGen: 665824K->672K(666112K)] 921415K->256271K(1208320K), 0.0017210 secs] [Times: user=0.01 sys=0.00, real=0.01 secs] 
210.564: Total time for which application threads were stopped: 0.0018700 seconds, Stopping threads took: 0.0000760 seconds
210.778: Application time: 0.2142120 seconds
210.778: [GC [PSYoungGen: 665760K->448K(666112K)] 921359K->256055K(1208320K), 0.0016230 secs] [Times: user=0.01 sys=0.00, real=0.00 secs] 
210.780: Total time for which application threads were stopped: 0.0017760 seconds, Stopping threads took: 0.0000860 seconds
210.974: Application time: 0.1940640 seconds
210.974: [GC [PSYoungGen: 665536K->608K(666112K)] 921143K->256223K(1208320K), 0.0016860 secs] [Times: user=0.01 sys=0.00, real=0.00 secs] 
210.976: Total time for which application threads were stopped: 0.0018220 seconds, Stopping threads took: 0.0000560 seconds
211.132: Application time: 0.1559630 seconds
211.132: [GC [PSYoungGen: 665696K->672K(666112K)] 921311K->256287K(1208320K), 0.0016490 secs] [Times: user=0.01 sys=0.00, real=0.00 secs] 
211.134: Total time for which application threads were stopped: 0.0017610 seconds, Stopping threads took: 0.0000470 seconds
211.369: Application time: 0.2351500 seconds
211.369: [GC [PSYoungGen: 665760K->672K(666112K)] 921375K->256287K(1208320K), 0.0017220 secs] [Times: user=0.01 sys=0.00, real=0.01 secs] 
211.371: Total time for which application threads were stopped: 0.0018690 seconds, Stopping threads took: 0.0000770 seconds
211.547: Application time: 0.1764900 seconds
211.547: [GC [PSYoungGen: 665760K->720K(666112K)] 921375K->256335K(1208320K), 0.0017060 secs] [Times: user=0.01 sys=0.00, real=0.00 secs] 
211.549: Total time for which application threads were stopped: 0.0018580 seconds, Stopping threads took: 0.0000710 seconds
211.707: Application time: 0.1575560 seconds
211.707: [GC [PSYoungGen: 665808K->544K(666112K)] 921423K->256159K(1208320K), 0.0016760 secs] [Times: user=0.01 sys=0.00, real=0.00 secs] 
211.708: Total time for which application threads were stopped: 0.0018050 seconds, Stopping threads took: 0.0000680 seconds
211.947: Application time: 0.2381680 seconds
211.947: [GC [PSYoungGen: 665632K->720K(666112K)] 921247K->256335K(1208320K), 0.0017070 secs] [Times: user=0.01 sys=0.00, real=0.00 secs] 
211.948: Total time for which application threads were stopped: 0.0018450 seconds, Stopping threads took: 0.0000740 seconds
212.115: Application time: 0.1668690 seconds
212.115: [GC [PSYoungGen: 665808K->784K(666112K)] 921423K->256407K(1208320K), 0.0017770 secs] [Times: user=0.01 sys=0.00, real=0.00 secs] 
212.117: Total time for which application threads were stopped: 0.0019140 seconds, Stopping threads took: 0.0000550 seconds
212.329: Application time: 0.2117600 seconds
212.329: [GC [PSYoungGen: 665872K->576K(666112K)] 921495K->256207K(1208320K), 0.0017230 secs] [Times: user=0.02 sys=0.00, real=0.01 secs] 
212.331: Total time for which application threads were stopped: 0.0018850 seconds, Stopping threads took: 0.0000890 seconds
212.523: Application time: 0.1916650 seconds
212.523: [GC [PSYoungGen: 665664K->688K(666112K)] 921295K->256319K(1208320K), 0.0016500 secs] [Times: user=0.01 sys=0.00, real=0.00 secs] 
212.524: Total time for which application threads were stopped: 0.0017900 seconds, Stopping threads took: 0.0000800 seconds
212.681: Application time: 0.1562020 seconds
212.681: [GC [PSYoungGen: 665776K->832K(666112K)] 921407K->256471K(1208320K), 0.0016520 secs] [Times: user=0.01 sys=0.00, real=0.00 secs] 
212.682: Total time for which application threads were stopped: 0.0018020 seconds, Stopping threads took: 0.0000680 seconds
212.917: Application time: 0.2347310 seconds
212.917: [GC [PSYoungGen: 665920K->704K(666112K)] 921559K->256343K(1208320K), 0.0016460 secs] [Times: user=0.01 sys=0.00, real=0.00 secs] 
212.919: Total time for which application threads were stopped: 0.0018070 seconds, Stopping threads took: 0.0000960 seconds
213.096: Application time: 0.1766230 seconds
213.096: [GC [PSYoungGen: 665792K->752K(666112K)] 921431K->256391K(1208320K), 0.0016540 secs] [Times: user=0.01 sys=0.00, real=0.00 secs] 
213.097: Total time for which application threads were stopped: 0.0017910 seconds, Stopping threads took: 0.0000710 seconds
213.257: Application time: 0.1595910 seconds
213.257: [GC [PSYoungGen: 665840K->400K(666112K)] 921479K->256039K(1208320K), 0.0016770 secs] [Times: user=0.01 sys=0.00, real=0.00 secs] 
213.259: Total time for which application threads were stopped: 0.0018600 seconds, Stopping threads took: 0.0000970 seconds
213.495: Application time: 0.2360150 seconds
213.495: [GC [PSYoungGen: 665488K->640K(666112K)] 921127K->256279K(1208320K), 0.0016820 secs] [Times: user=0.02 sys=0.00, real=0.00 secs] 
213.497: Total time for which application threads were stopped: 0.0018140 seconds, Stopping threads took: 0.0000630 seconds
213.664: Application time: 0.1671960 seconds
213.664: [GC [PSYoungGen: 665728K->768K(666112K)] 921367K->256415K(1208320K), 0.0014790 secs] [Times: user=0.01 sys=0.00, real=0.00 secs] 
213.665: Total time for which application threads were stopped: 0.0016110 seconds, Stopping threads took: 0.0000650 seconds
213.883: Application time: 0.2175260 seconds
213.883: [GC [PSYoungGen: 665856K->464K(666112K)] 921503K->256119K(1208320K), 0.0018060 secs] [Times: user=0.02 sys=0.00, real=0.00 secs] 
213.885: Total time for which application threads were stopped: 0.0019670 seconds, Stopping threads took: 0.0000790 seconds
214.089: Application time: 0.2038690 seconds
214.089: [GC [PSYoungGen: 665552K->720K(666112K)] 921207K->256375K(1208320K), 0.0019460 secs] [Times: user=0.01 sys=0.00, real=0.01 secs] 
214.091: Total time for which application threads were stopped: 0.0020690 seconds, Stopping threads took: 0.0000490 seconds
214.262: Application time: 0.1706670 seconds
214.262: [GC [PSYoungGen: 665808K->736K(666112K)] 921463K->256399K(1208320K), 0.0017290 secs] [Times: user=0.01 sys=0.00, real=0.01 secs] 
214.263: Total time for which application threads were stopped: 0.0018500 seconds, Stopping threads took: 0.0000530 seconds
214.517: Application time: 0.2536960 seconds
214.517: [GC [PSYoungGen: 665824K->848K(666112K)] 921487K->256511K(1208320K), 0.0019340 secs] [Times: user=0.01 sys=0.00, real=0.00 secs] 
214.519: Total time for which application threads were stopped: 0.0021030 seconds, Stopping threads took: 0.0000830 seconds
214.711: Application time: 0.1916040 seconds
214.711: [GC [PSYoungGen: 665936K->736K(666112K)] 921599K->256399K(1208320K), 0.0018260 secs] [Times: user=0.01 sys=0.00, real=0.00 secs] 
214.713: Total time for which application threads were stopped: 0.0019660 seconds, Stopping threads took: 0.0000740 seconds
214.883: Application time: 0.1700230 seconds
214.883: [GC [PSYoungGen: 665824K->576K(666112K)] 921487K->256239K(1208320K), 0.0018290 secs] [Times: user=0.02 sys=0.00, real=0.00 secs] 
214.885: Total time for which application threads were stopped: 0.0019700 seconds, Stopping threads took: 0.0000700 seconds
215.139: Application time: 0.2546010 seconds
215.140: [GC [PSYoungGen: 665664K->608K(666112K)] 921327K->256271K(1208320K), 0.0018120 secs] [Times: user=0.01 sys=0.00, real=0.00 secs] 
215.141: Total time for which application threads were stopped: 0.0019490 seconds, Stopping threads took: 0.0000640 seconds
215.324: Application time: 0.1824100 seconds
215.324: [GC [PSYoungGen: 665696K->688K(666112K)] 921359K->256359K(1208320K), 0.0019030 secs] [Times: user=0.01 sys=0.00, real=0.00 secs] 
215.326: Total time for which application threads were stopped: 0.0020360 seconds, Stopping threads took: 0.0000590 seconds
215.557: Application time: 0.2309470 seconds
215.557: [GC [PSYoungGen: 665776K->528K(666112K)] 921447K->256207K(1208320K), 0.0019450 secs] [Times: user=0.01 sys=0.00, real=0.00 secs] 
215.559: Total time for which application threads were stopped: 0.0021140 seconds, Stopping threads took: 0.0000940 seconds
215.767: Application time: 0.2079750 seconds
215.767: [GC [PSYoungGen: 665616K->720K(666112K)] 921295K->256399K(1208320K), 0.0018160 secs] [Times: user=0.01 sys=0.00, real=0.00 secs] 
215.769: Total time for which application threads were stopped: 0.0019620 seconds, Stopping threads took: 0.0000720 seconds
215.941: Application time: 0.1722940 seconds
215.941: [GC [PSYoungGen: 665808K->752K(666112K)] 921487K->256439K(1208320K), 0.0018270 secs] [Times: user=0.01 sys=0.00, real=0.01 secs] 
215.943: Total time for which application threads were stopped: 0.0019590 seconds, Stopping threads took: 0.0000580 seconds
216.198: Application time: 0.2553420 seconds
216.199: [GC [PSYoungGen: 665840K->688K(666112K)] 921527K->256375K(1208320K), 0.0018130 secs] [Times: user=0.01 sys=0.00, real=0.00 secs] 
216.200: Total time for which application threads were stopped: 0.0019470 seconds, Stopping threads took: 0.0000660 seconds
216.391: Application time: 0.1902680 seconds
216.391: [GC [PSYoungGen: 665776K->592K(666112K)] 921463K->256279K(1208320K), 0.0018920 secs] [Times: user=0.01 sys=0.00, real=0.00 secs] 
216.393: Total time for which application threads were stopped: 0.0020580 seconds, Stopping threads took: 0.0000830 seconds
216.565: Application time: 0.1718370 seconds
216.565: [GC [PSYoungGen: 665680K->512K(666112K)] 921367K->256199K(1208320K), 0.0017890 secs] [Times: user=0.01 sys=0.00, real=0.00 secs] 
216.566: Total time for which application threads were stopped: 0.0019470 seconds, Stopping threads took: 0.0000920 seconds
216.823: Application time: 0.2567380 seconds
216.823: [GC [PSYoungGen: 665600K->704K(666112K)] 921287K->256391K(1208320K), 0.0017940 secs] [Times: user=0.01 sys=0.00, real=0.00 secs] 
216.825: Total time for which application threads were stopped: 0.0019310 seconds, Stopping threads took: 0.0000710 seconds
217.010: Application time: 0.1848690 seconds
217.010: [GC [PSYoungGen: 665792K->672K(666112K)] 921479K->256367K(1208320K), 0.0017890 secs] [Times: user=0.01 sys=0.00, real=0.01 secs] 
217.012: Total time for which application threads were stopped: 0.0019360 seconds, Stopping threads took: 0.0000710 seconds
217.244: Application time: 0.2315970 seconds
217.244: [GC [PSYoungGen: 665760K->448K(666112K)] 921455K->256151K(1208320K), 0.0018230 secs] [Times: user=0.01 sys=0.00, real=0.00 secs] 
217.246: Total time for which application threads were stopped: 0.0019560 seconds, Stopping threads took: 0.0000570 seconds
217.452: Application time: 0.2069160 seconds
217.453: [GC [PSYoungGen: 665536K->640K(666112K)] 921239K->256343K(1208320K), 0.0017850 secs] [Times: user=0.01 sys=0.00, real=0.00 secs] 
217.454: Total time for which application threads were stopped: 0.0019280 seconds, Stopping threads took: 0.0000660 seconds
217.628: Application time: 0.1733350 seconds
217.628: [GC [PSYoungGen: 665728K->832K(666112K)] 921431K->256543K(1208320K), 0.0018180 secs] [Times: user=0.01 sys=0.00, real=0.00 secs] 
217.630: Total time for which application threads were stopped: 0.0019690 seconds, Stopping threads took: 0.0000680 seconds
217.882: Application time: 0.2524690 seconds
217.882: [GC [PSYoungGen: 665920K->832K(666112K)] 921631K->256543K(1208320K), 0.0018590 secs] [Times: user=0.01 sys=0.00, real=0.01 secs] 
217.884: Total time for which application threads were stopped: 0.0020160 seconds, Stopping threads took: 0.0000940 seconds
218.061: Application time: 0.1764920 seconds
218.061: [GC [PSYoungGen: 665920K->608K(666112K)] 921631K->256319K(1208320K), 0.0016680 secs] [Times: user=0.01 sys=0.00, real=0.00 secs] 
218.062: Total time for which application threads were stopped: 0.0018300 seconds, Stopping threads took: 0.0000890 seconds
218.224: Application time: 0.1614160 seconds
218.224: [GC [PSYoungGen: 665696K->496K(666112K)] 921407K->256207K(1208320K), 0.0016690 secs] [Times: user=0.01 sys=0.00, real=0.00 secs] 
218.226: Total time for which application threads were stopped: 0.0018190 seconds, Stopping threads took: 0.0000780 seconds
218.457: Application time: 0.2307870 seconds
218.457: [GC [PSYoungGen: 665584K->624K(666112K)] 921295K->256335K(1208320K), 0.0016440 secs] [Times: user=0.01 sys=0.00, real=0.00 secs] 
218.458: Total time for which application threads were stopped: 0.0017980 seconds, Stopping threads took: 0.0000910 seconds
218.632: Application time: 0.1735030 seconds
218.632: [GC [PSYoungGen: 665712K->752K(666112K)] 921423K->256471K(1208320K), 0.0016600 secs] [Times: user=0.01 sys=0.00, real=0.00 secs] 
218.634: Total time for which application threads were stopped: 0.0017870 seconds, Stopping threads took: 0.0000640 seconds
218.850: Application time: 0.2163890 seconds
218.850: [GC [PSYoungGen: 665840K->544K(666112K)] 921559K->256271K(1208320K), 0.0017750 secs] [Times: user=0.01 sys=0.00, real=0.01 secs] 
218.852: Total time for which application threads were stopped: 0.0019630 seconds, Stopping threads took: 0.0001140 seconds
219.037: Application time: 0.1851690 seconds
219.037: [GC [PSYoungGen: 665632K->816K(666112K)] 921359K->256543K(1208320K), 0.0017220 secs] [Times: user=0.00 sys=0.01, real=0.00 secs] 
219.039: Total time for which application threads were stopped: 0.0018790 seconds, Stopping threads took: 0.0000840 seconds
219.202: Application time: 0.1628800 seconds
219.202: [GC [PSYoungGen: 665904K->688K(666112K)] 921631K->256423K(1208320K), 0.0017440 secs] [Times: user=0.02 sys=0.00, real=0.01 secs] 
219.204: Total time for which application threads were stopped: 0.0018870 seconds, Stopping threads took: 0.0000800 seconds
219.437: Application time: 0.2332730 seconds
219.437: [GC [PSYoungGen: 665776K->736K(666112K)] 921511K->256471K(1208320K), 0.0038480 secs] [Times: user=0.03 sys=0.00, real=0.00 secs] 
219.441: Total time for which application threads were stopped: 0.0040160 seconds, Stopping threads took: 0.0000910 seconds
219.619: Application time: 0.1777080 seconds
219.619: [GC [PSYoungGen: 665824K->704K(666112K)] 921559K->256439K(1208320K), 0.0016860 secs] [Times: user=0.01 sys=0.00, real=0.00 secs] 
219.621: Total time for which application threads were stopped: 0.0018150 seconds, Stopping threads took: 0.0000670 seconds
219.785: Application time: 0.1645760 seconds
219.785: [GC [PSYoungGen: 665792K->464K(666112K)] 921527K->256199K(1208320K), 0.0016970 secs] [Times: user=0.01 sys=0.00, real=0.00 secs] 
219.787: Total time for which application threads were stopped: 0.0018580 seconds, Stopping threads took: 0.0000880 seconds
220.015: Application time: 0.2277480 seconds
220.015: [GC [PSYoungGen: 665552K->784K(666112K)] 921287K->256519K(1208320K), 0.0016640 secs] [Times: user=0.01 sys=0.00, real=0.00 secs] 
220.017: Total time for which application threads were stopped: 0.0018210 seconds, Stopping threads took: 0.0000720 seconds
220.192: Application time: 0.1748970 seconds
220.192: [GC [PSYoungGen: 665872K->720K(666112K)] 921607K->256463K(1208320K), 0.0016550 secs] [Times: user=0.01 sys=0.00, real=0.00 secs] 
220.193: Total time for which application threads were stopped: 0.0017740 seconds, Stopping threads took: 0.0000550 seconds
220.408: Application time: 0.2142650 seconds
220.408: [GC [PSYoungGen: 665808K->560K(666112K)] 921551K->256311K(1208320K), 0.0016430 secs] [Times: user=0.01 sys=0.00, real=0.00 secs] 
220.409: Total time for which application threads were stopped: 0.0018000 seconds, Stopping threads took: 0.0000900 seconds
220.593: Application time: 0.1840990 seconds
220.594: [GC [PSYoungGen: 665648K->688K(666112K)] 921399K->256439K(1208320K), 0.0017080 secs] [Times: user=0.01 sys=0.00, real=0.00 secs] 
220.595: Total time for which application threads were stopped: 0.0018880 seconds, Stopping threads took: 0.0000940 seconds
220.761: Application time: 0.1655960 seconds
220.761: [GC [PSYoungGen: 665776K->656K(666112K)] 921527K->256415K(1208320K), 0.0017410 secs] [Times: user=0.01 sys=0.00, real=0.01 secs] 
220.763: Total time for which application threads were stopped: 0.0018750 seconds, Stopping threads took: 0.0000650 seconds
220.997: Application time: 0.2340340 seconds
220.997: [GC [PSYoungGen: 665744K->640K(666112K)] 921503K->256399K(1208320K), 0.0016460 secs] [Times: user=0.02 sys=0.00, real=0.00 secs] 
220.999: Total time for which application threads were stopped: 0.0018040 seconds, Stopping threads took: 0.0000880 seconds
221.175: Application time: 0.1761090 seconds
221.175: [GC [PSYoungGen: 665728K->592K(666112K)] 921487K->256351K(1208320K), 0.0016840 secs] [Times: user=0.01 sys=0.00, real=0.00 secs] 
221.177: Total time for which application threads were stopped: 0.0018220 seconds, Stopping threads took: 0.0000590 seconds
221.343: Application time: 0.1662210 seconds
221.343: [GC [PSYoungGen: 665680K->496K(666112K)] 921439K->256255K(1208320K), 0.0016800 secs] [Times: user=0.01 sys=0.00, real=0.00 secs] 
221.345: Total time for which application threads were stopped: 0.0018420 seconds, Stopping threads took: 0.0000980 seconds
221.570: Application time: 0.2254450 seconds
221.570: [GC [PSYoungGen: 665584K->608K(666112K)] 921343K->256367K(1208320K), 0.0017850 secs] [Times: user=0.01 sys=0.00, real=0.01 secs] 
221.573: Total time for which application threads were stopped: 0.0033520 seconds, Stopping threads took: 0.0000640 seconds
221.750: Application time: 0.1764290 seconds
221.750: [GC [PSYoungGen: 665696K->640K(666112K)] 921455K->256407K(1208320K), 0.0016960 secs] [Times: user=0.01 sys=0.00, real=0.01 secs] 
221.752: Total time for which application threads were stopped: 0.0018580 seconds, Stopping threads took: 0.0000830 seconds
221.975: Application time: 0.2231870 seconds
221.975: [GC [PSYoungGen: 665728K->576K(666112K)] 921495K->256351K(1208320K), 0.0016150 secs] [Times: user=0.00 sys=0.00, real=0.00 secs] 
221.977: Total time for which application threads were stopped: 0.0017770 seconds, Stopping threads took: 0.0001000 seconds
222.177: Application time: 0.2002770 seconds
222.177: [GC [PSYoungGen: 665664K->720K(666112K)] 921439K->256495K(1208320K), 0.0019330 secs] [Times: user=0.02 sys=0.00, real=0.00 secs] 
222.179: Total time for which application threads were stopped: 0.0020950 seconds, Stopping threads took: 0.0000850 seconds
222.358: Application time: 0.1788890 seconds
222.358: [GC [PSYoungGen: 665808K->704K(666112K)] 921583K->256487K(1208320K), 0.0018690 secs] [Times: user=0.01 sys=0.00, real=0.00 secs] 
222.360: Total time for which application threads were stopped: 0.0020290 seconds, Stopping threads took: 0.0000720 seconds
222.613: Application time: 0.2529340 seconds
222.613: [GC [PSYoungGen: 665792K->720K(666112K)] 921575K->256503K(1208320K), 0.0019300 secs] [Times: user=0.01 sys=0.00, real=0.00 secs] 
222.615: Total time for which application threads were stopped: 0.0020820 seconds, Stopping threads took: 0.0000810 seconds
222.803: Application time: 0.1882440 seconds
222.803: [GC [PSYoungGen: 665808K->640K(666112K)] 921591K->256423K(1208320K), 0.0019260 secs] [Times: user=0.01 sys=0.00, real=0.00 secs] 
222.805: Total time for which application threads were stopped: 0.0020470 seconds, Stopping threads took: 0.0000570 seconds
222.986: Application time: 0.1803230 seconds
222.986: [GC [PSYoungGen: 665728K->528K(666112K)] 921511K->256311K(1208320K), 0.0018580 secs] [Times: user=0.01 sys=0.00, real=0.00 secs] 
222.988: Total time for which application threads were stopped: 0.0020190 seconds, Stopping threads took: 0.0000750 seconds
223.232: Application time: 0.2438880 seconds
223.232: [GC [PSYoungGen: 665616K->608K(666112K)] 921399K->256391K(1208320K), 0.0017950 secs] [Times: user=0.01 sys=0.00, real=0.00 secs] 
223.234: Total time for which application threads were stopped: 0.0019350 seconds, Stopping threads took: 0.0000690 seconds
223.422: Application time: 0.1887860 seconds
223.422: [GC [PSYoungGen: 665696K->704K(666112K)] 921479K->256495K(1208320K), 0.0018350 secs] [Times: user=0.00 sys=0.00, real=0.01 secs] 
223.424: Total time for which application threads were stopped: 0.0019930 seconds, Stopping threads took: 0.0000800 seconds
223.654: Application time: 0.2298650 seconds
223.654: [GC [PSYoungGen: 665792K->544K(666112K)] 921583K->256351K(1208320K), 0.0018010 secs] [Times: user=0.01 sys=0.00, real=0.00 secs] 
223.656: Total time for which application threads were stopped: 0.0019540 seconds, Stopping threads took: 0.0000740 seconds
223.857: Application time: 0.2004380 seconds
223.857: [GC [PSYoungGen: 665632K->736K(666112K)] 921439K->256543K(1208320K), 0.0018070 secs] [Times: user=0.02 sys=0.00, real=0.00 secs] 
223.859: Total time for which application threads were stopped: 0.0019670 seconds, Stopping threads took: 0.0000760 seconds
224.037: Application time: 0.1782330 seconds
224.037: [GC [PSYoungGen: 665824K->688K(666112K)] 921631K->256503K(1208320K), 0.0018060 secs] [Times: user=0.01 sys=0.00, real=0.00 secs] 
224.039: Total time for which application threads were stopped: 0.0019380 seconds, Stopping threads took: 0.0000690 seconds
224.292: Application time: 0.2537770 seconds
224.293: [GC [PSYoungGen: 665776K->720K(666112K)] 921591K->256535K(1208320K), 0.0017660 secs] [Times: user=0.01 sys=0.00, real=0.00 secs] 
224.294: Total time for which application threads were stopped: 0.0019270 seconds, Stopping threads took: 0.0000840 seconds
224.481: Application time: 0.1870480 seconds
224.482: [GC [PSYoungGen: 665808K->624K(666112K)] 921623K->256439K(1208320K), 0.0018320 secs] [Times: user=0.01 sys=0.00, real=0.01 secs] 
224.483: Total time for which application threads were stopped: 0.0019710 seconds, Stopping threads took: 0.0000640 seconds
224.664: Application time: 0.1809160 seconds
224.665: [GC [PSYoungGen: 665712K->576K(666112K)] 921527K->256391K(1208320K), 0.0019120 secs] [Times: user=0.01 sys=0.00, real=0.00 secs] 
224.666: Total time for which application threads were stopped: 0.0020590 seconds, Stopping threads took: 0.0000820 seconds
224.911: Application time: 0.2443300 seconds
224.911: [GC [PSYoungGen: 665664K->592K(666112K)] 921479K->256407K(1208320K), 0.0019520 secs] [Times: user=0.01 sys=0.00, real=0.00 secs] 
224.913: Total time for which application threads were stopped: 0.0020830 seconds, Stopping threads took: 0.0000500 seconds
225.103: Application time: 0.1904330 seconds
225.103: [GC [PSYoungGen: 665680K->688K(666112K)] 921495K->256511K(1208320K), 0.0017750 secs] [Times: user=0.01 sys=0.00, real=0.00 secs] 
225.105: Total time for which application threads were stopped: 0.0019030 seconds, Stopping threads took: 0.0000580 seconds
225.335: Application time: 0.2298240 seconds
225.335: [GC [PSYoungGen: 665776K->464K(666112K)] 921599K->256295K(1208320K), 0.0017100 secs] [Times: user=0.01 sys=0.00, real=0.00 secs] 
225.337: Total time for which application threads were stopped: 0.0018520 seconds, Stopping threads took: 0.0000760 seconds
225.536: Application time: 0.1993150 seconds
225.536: [GC [PSYoungGen: 665552K->528K(666112K)] 921383K->256359K(1208320K), 0.0017860 secs] [Times: user=0.02 sys=0.00, real=0.00 secs] 
225.538: Total time for which application threads were stopped: 0.0019140 seconds, Stopping threads took: 0.0000500 seconds
225.717: Application time: 0.1791770 seconds
225.717: [GC [PSYoungGen: 665616K->848K(666112K)] 921447K->256687K(1208320K), 0.0018060 secs] [Times: user=0.01 sys=0.00, real=0.00 secs] 
225.719: Total time for which application threads were stopped: 0.0019360 seconds, Stopping threads took: 0.0000650 seconds
225.964: Application time: 0.2452080 seconds
225.965: [GC [PSYoungGen: 665936K->800K(666112K)] 921775K->256639K(1208320K), 0.0016580 secs] [Times: user=0.01 sys=0.00, real=0.00 secs] 
225.966: Total time for which application threads were stopped: 0.0017840 seconds, Stopping threads took: 0.0000620 seconds
226.140: Application time: 0.1738300 seconds
226.140: [GC [PSYoungGen: 665888K->704K(666112K)] 921727K->256543K(1208320K), 0.0017500 secs] [Times: user=0.01 sys=0.00, real=0.00 secs] 
226.142: Total time for which application threads were stopped: 0.0018960 seconds, Stopping threads took: 0.0000670 seconds
226.308: Application time: 0.1658820 seconds
226.308: [GC [PSYoungGen: 665792K->672K(666112K)] 921631K->256511K(1208320K), 0.0014790 secs] [Times: user=0.01 sys=0.00, real=0.00 secs] 
226.309: Total time for which application threads were stopped: 0.0016300 seconds, Stopping threads took: 0.0000780 seconds
226.534: Application time: 0.2249980 seconds
226.535: [GC [PSYoungGen: 665760K->752K(666112K)] 921599K->256591K(1208320K), 0.0017570 secs] [Times: user=0.01 sys=0.00, real=0.00 secs] 
226.536: Total time for which application threads were stopped: 0.0019070 seconds, Stopping threads took: 0.0000770 seconds
226.714: Application time: 0.1775640 seconds
226.714: [GC [PSYoungGen: 665840K->816K(666112K)] 921679K->256663K(1208320K), 0.0016480 secs] [Times: user=0.01 sys=0.00, real=0.00 secs] 
226.716: Total time for which application threads were stopped: 0.0018180 seconds, Stopping threads took: 0.0000920 seconds
226.927: Application time: 0.2112430 seconds
226.927: [GC [PSYoungGen: 665904K->528K(666112K)] 921751K->256383K(1208320K), 0.0016400 secs] [Times: user=0.01 sys=0.00, real=0.00 secs] 
226.929: Total time for which application threads were stopped: 0.0017930 seconds, Stopping threads took: 0.0000840 seconds
227.114: Application time: 0.1850060 seconds
227.114: [GC [PSYoungGen: 665616K->704K(666112K)] 921471K->256559K(1208320K), 0.0017540 secs] [Times: user=0.02 sys=0.00, real=0.00 secs] 
227.116: Total time for which application threads were stopped: 0.0019070 seconds, Stopping threads took: 0.0000870 seconds
227.283: Application time: 0.1676300 seconds
227.283: [GC [PSYoungGen: 665792K->688K(666112K)] 921647K->256551K(1208320K), 0.0016900 secs] [Times: user=0.01 sys=0.00, real=0.00 secs] 
227.285: Total time for which application threads were stopped: 0.0018410 seconds, Stopping threads took: 0.0000700 seconds
227.517: Application time: 0.2316890 seconds
227.517: [GC [PSYoungGen: 665776K->688K(666112K)] 921639K->256551K(1208320K), 0.0016610 secs] [Times: user=0.01 sys=0.00, real=0.00 secs] 
227.519: Total time for which application threads were stopped: 0.0018100 seconds, Stopping threads took: 0.0000860 seconds
227.690: Application time: 0.1715670 seconds
227.690: [GC [PSYoungGen: 665776K->720K(666112K)] 921639K->256583K(1208320K), 0.0016540 secs] [Times: user=0.01 sys=0.00, real=0.01 secs] 
227.692: Total time for which application threads were stopped: 0.0018110 seconds, Stopping threads took: 0.0000830 seconds
227.866: Application time: 0.1742320 seconds
227.866: [GC [PSYoungGen: 665808K->544K(666112K)] 921671K->256407K(1208320K), 0.0016980 secs] [Times: user=0.01 sys=0.00, real=0.00 secs] 
227.868: Total time for which application threads were stopped: 0.0018780 seconds, Stopping threads took: 0.0000960 seconds
228.088: Application time: 0.2201000 seconds
228.088: [GC [PSYoungGen: 665632K->720K(666112K)] 921495K->256583K(1208320K), 0.0016350 secs] [Times: user=0.01 sys=0.00, real=0.00 secs] 
228.090: Total time for which application threads were stopped: 0.0017760 seconds, Stopping threads took: 0.0000680 seconds
228.268: Application time: 0.1778960 seconds
228.268: [GC [PSYoungGen: 665808K->752K(666112K)] 921671K->256623K(1208320K), 0.0016550 secs] [Times: user=0.01 sys=0.00, real=0.00 secs] 
228.270: Total time for which application threads were stopped: 0.0017730 seconds, Stopping threads took: 0.0000540 seconds
228.487: Application time: 0.2170540 seconds
228.487: [GC [PSYoungGen: 665840K->480K(666112K)] 921711K->256359K(1208320K), 0.0016660 secs] [Times: user=0.01 sys=0.00, real=0.00 secs] 
228.489: Total time for which application threads were stopped: 0.0018320 seconds, Stopping threads took: 0.0000800 seconds
228.664: Application time: 0.1750480 seconds
228.664: [GC [PSYoungGen: 665568K->608K(666112K)] 921447K->256487K(1208320K), 0.0016440 secs] [Times: user=0.01 sys=0.00, real=0.00 secs] 
228.666: Total time for which application threads were stopped: 0.0018100 seconds, Stopping threads took: 0.0001010 seconds
228.839: Application time: 0.1731450 seconds
228.839: [GC [PSYoungGen: 665696K->704K(666112K)] 921575K->256591K(1208320K), 0.0017350 secs] [Times: user=0.01 sys=0.00, real=0.00 secs] 
228.841: Total time for which application threads were stopped: 0.0018590 seconds, Stopping threads took: 0.0000560 seconds
229.073: Application time: 0.2327090 seconds
229.073: [GC [PSYoungGen: 665792K->720K(666112K)] 921679K->256607K(1208320K), 0.0016720 secs] [Times: user=0.01 sys=0.00, real=0.00 secs] 
229.075: Total time for which application threads were stopped: 0.0018360 seconds, Stopping threads took: 0.0000840 seconds
229.241: Application time: 0.1663540 seconds
229.242: [GC [PSYoungGen: 665808K->608K(666112K)] 921695K->256495K(1208320K), 0.0016980 secs] [Times: user=0.01 sys=0.00, real=0.01 secs] 
229.243: Total time for which application threads were stopped: 0.0018800 seconds, Stopping threads took: 0.0001100 seconds
229.422: Application time: 0.1786270 seconds
229.422: [GC [PSYoungGen: 665696K->560K(666112K)] 921583K->256447K(1208320K), 0.0016370 secs] [Times: user=0.01 sys=0.00, real=0.01 secs] 
229.424: Total time for which application threads were stopped: 0.0017780 seconds, Stopping threads took: 0.0000740 seconds
229.642: Application time: 0.2178840 seconds
229.642: [GC [PSYoungGen: 665648K->912K(666112K)] 921535K->256799K(1208320K), 0.0016980 secs] [Times: user=0.01 sys=0.00, real=0.01 secs] 
229.643: Total time for which application threads were stopped: 0.0018450 seconds, Stopping threads took: 0.0000720 seconds
229.821: Application time: 0.1770790 seconds
229.823: [GC [PSYoungGen: 666000K->656K(666112K)] 921887K->256551K(1208320K), 0.0017240 secs] [Times: user=0.01 sys=0.00, real=0.00 secs] 
229.824: Total time for which application threads were stopped: 0.0038060 seconds, Stopping threads took: 0.0020090 seconds
230.047: Application time: 0.2231280 seconds
230.048: [GC [PSYoungGen: 665744K->512K(666112K)] 921639K->256415K(1208320K), 0.0016890 secs] [Times: user=0.02 sys=0.00, real=0.00 secs] 
230.049: Total time for which application threads were stopped: 0.0018160 seconds, Stopping threads took: 0.0000660 seconds
230.217: Application time: 0.1678840 seconds
230.217: [GC [PSYoungGen: 665600K->736K(666112K)] 921503K->256639K(1208320K), 0.0016960 secs] [Times: user=0.02 sys=0.00, real=0.00 secs] 
230.219: Total time for which application threads were stopped: 0.0018650 seconds, Stopping threads took: 0.0000910 seconds
230.395: Application time: 0.1756070 seconds
230.395: [GC [PSYoungGen: 665824K->800K(666112K)] 921727K->256711K(1208320K), 0.0016420 secs] [Times: user=0.01 sys=0.00, real=0.00 secs] 
230.396: Total time for which application threads were stopped: 0.0017860 seconds, Stopping threads took: 0.0000800 seconds
230.630: Application time: 0.2337370 seconds
230.630: [GC [PSYoungGen: 665888K->928K(666112K)] 921799K->256839K(1208320K), 0.0016780 secs] [Times: user=0.01 sys=0.00, real=0.01 secs] 
230.632: Total time for which application threads were stopped: 0.0018210 seconds, Stopping threads took: 0.0000700 seconds
230.796: Application time: 0.1641900 seconds
230.796: [GC [PSYoungGen: 666016K->640K(666112K)] 921927K->256551K(1208320K), 0.0016410 secs] [Times: user=0.01 sys=0.00, real=0.00 secs] 
230.798: Total time for which application threads were stopped: 0.0017940 seconds, Stopping threads took: 0.0000790 seconds
230.983: Application time: 0.1850870 seconds
230.983: [GC [PSYoungGen: 665728K->576K(666112K)] 921639K->256487K(1208320K), 0.0016840 secs] [Times: user=0.01 sys=0.00, real=0.00 secs] 
230.985: Total time for which application threads were stopped: 0.0018240 seconds, Stopping threads took: 0.0000710 seconds
231.200: Application time: 0.2145950 seconds
231.200: [GC [PSYoungGen: 665664K->704K(666112K)] 921575K->256615K(1208320K), 0.0016730 secs] [Times: user=0.01 sys=0.00, real=0.00 secs] 
231.201: Total time for which application threads were stopped: 0.0017970 seconds, Stopping threads took: 0.0000540 seconds
231.373: Application time: 0.1714890 seconds
231.373: [GC [PSYoungGen: 665792K->640K(666112K)] 921703K->256559K(1208320K), 0.0016680 secs] [Times: user=0.01 sys=0.00, real=0.00 secs] 
231.375: Total time for which application threads were stopped: 0.0018350 seconds, Stopping threads took: 0.0000930 seconds
231.602: Application time: 0.2278350 seconds
231.603: [GC [PSYoungGen: 665728K->592K(666112K)] 921647K->256519K(1208320K), 0.0016540 secs] [Times: user=0.01 sys=0.00, real=0.00 secs] 
231.604: Total time for which application threads were stopped: 0.0018220 seconds, Stopping threads took: 0.0000980 seconds
231.769: Application time: 0.1651850 seconds
231.770: [GC [PSYoungGen: 665680K->592K(666112K)] 921607K->256519K(1208320K), 0.0017120 secs] [Times: user=0.01 sys=0.00, real=0.01 secs] 
231.771: Total time for which application threads were stopped: 0.0018960 seconds, Stopping threads took: 0.0001190 seconds
231.950: Application time: 0.1786510 seconds
231.950: [GC [PSYoungGen: 665680K->672K(666112K)] 921607K->256607K(1208320K), 0.0016770 secs] [Times: user=0.01 sys=0.00, real=0.01 secs] 
231.952: Total time for which application threads were stopped: 0.0018240 seconds, Stopping threads took: 0.0000750 seconds
232.186: Application time: 0.2341340 seconds
232.186: [GC [PSYoungGen: 665760K->688K(666112K)] 921695K->256623K(1208320K), 0.0016940 secs] [Times: user=0.02 sys=0.00, real=0.00 secs] 
232.188: Total time for which application threads were stopped: 0.0018400 seconds, Stopping threads took: 0.0000820 seconds
232.349: Application time: 0.1609590 seconds
232.349: [GC [PSYoungGen: 665776K->640K(666112K)] 921711K->256575K(1208320K), 0.0016610 secs] [Times: user=0.01 sys=0.00, real=0.01 secs] 
232.351: Total time for which application threads were stopped: 0.0018130 seconds, Stopping threads took: 0.0000870 seconds
232.542: Application time: 0.1912680 seconds
232.542: [GC [PSYoungGen: 665728K->496K(666112K)] 921663K->256431K(1208320K), 0.0016690 secs] [Times: user=0.01 sys=0.00, real=0.01 secs] 
232.544: Total time for which application threads were stopped: 0.0018240 seconds, Stopping threads took: 0.0000810 seconds
232.756: Application time: 0.2125780 seconds
232.756: [GC [PSYoungGen: 665584K->752K(666112K)] 921519K->256687K(1208320K), 0.0016520 secs] [Times: user=0.01 sys=0.00, real=0.00 secs] 
232.758: Total time for which application threads were stopped: 0.0017970 seconds, Stopping threads took: 0.0000710 seconds
232.928: Application time: 0.1697010 seconds
232.928: [GC [PSYoungGen: 665840K->608K(666112K)] 921775K->256551K(1208320K), 0.0017610 secs] [Times: user=0.01 sys=0.00, real=0.00 secs] 
232.930: Total time for which application threads were stopped: 0.0019290 seconds, Stopping threads took: 0.0001030 seconds
233.158: Application time: 0.2286870 seconds
233.159: [GC [PSYoungGen: 665696K->512K(666112K)] 921639K->256463K(1208320K), 0.0016650 secs] [Times: user=0.01 sys=0.00, real=0.00 secs] 
233.160: Total time for which application threads were stopped: 0.0018550 seconds, Stopping threads took: 0.0001150 seconds
233.325: Application time: 0.1647360 seconds
233.325: [GC [PSYoungGen: 665600K->576K(666112K)] 921551K->256527K(1208320K), 0.0016340 secs] [Times: user=0.01 sys=0.00, real=0.00 secs] 
233.327: Total time for which application threads were stopped: 0.0017840 seconds, Stopping threads took: 0.0000860 seconds
233.508: Application time: 0.1809410 seconds
233.508: [GC [PSYoungGen: 665664K->624K(666112K)] 921615K->256583K(1208320K), 0.0016390 secs] [Times: user=0.01 sys=0.00, real=0.00 secs] 
233.510: Total time for which application threads were stopped: 0.0017690 seconds, Stopping threads took: 0.0000630 seconds
233.739: Application time: 0.2299310 seconds
233.740: [GC [PSYoungGen: 665712K->736K(666112K)] 921671K->256695K(1208320K), 0.0016600 secs] [Times: user=0.01 sys=0.00, real=0.00 secs] 
233.741: Total time for which application threads were stopped: 0.0018080 seconds, Stopping threads took: 0.0000770 seconds
233.902: Application time: 0.1605940 seconds
233.902: [GC [PSYoungGen: 665824K->608K(666112K)] 921783K->256567K(1208320K), 0.0016690 secs] [Times: user=0.01 sys=0.00, real=0.01 secs] 
233.904: Total time for which application threads were stopped: 0.0018270 seconds, Stopping threads took: 0.0000880 seconds
234.098: Application time: 0.1939850 seconds
234.098: [GC [PSYoungGen: 665696K->544K(666112K)] 921655K->256503K(1208320K), 0.0016630 secs] [Times: user=0.01 sys=0.00, real=0.00 secs] 
234.099: Total time for which application threads were stopped: 0.0018120 seconds, Stopping threads took: 0.0000860 seconds
234.311: Application time: 0.2111900 seconds
234.311: [GC [PSYoungGen: 665632K->784K(666112K)] 921591K->256743K(1208320K), 0.0016530 secs] [Times: user=0.01 sys=0.00, real=0.00 secs] 
234.312: Total time for which application threads were stopped: 0.0017790 seconds, Stopping threads took: 0.0000500 seconds
234.482: Application time: 0.1694100 seconds
234.482: [GC [PSYoungGen: 665872K->704K(666112K)] 921831K->256671K(1208320K), 0.0016730 secs] [Times: user=0.01 sys=0.00, real=0.01 secs] 
234.484: Total time for which application threads were stopped: 0.0018240 seconds, Stopping threads took: 0.0000870 seconds
234.711: Application time: 0.2275570 seconds
234.711: [GC [PSYoungGen: 665792K->560K(666112K)] 921759K->256535K(1208320K), 0.0016950 secs] [Times: user=0.01 sys=0.00, real=0.00 secs] 
234.713: Total time for which application threads were stopped: 0.0018530 seconds, Stopping threads took: 0.0000870 seconds
234.880: Application time: 0.1673880 seconds
234.881: [GC [PSYoungGen: 665648K->768K(666112K)] 921623K->256751K(1208320K), 0.0017300 secs] [Times: user=0.01 sys=0.00, real=0.00 secs] 
234.882: Total time for which application threads were stopped: 0.0018570 seconds, Stopping threads took: 0.0000540 seconds
235.063: Application time: 0.1806730 seconds
235.063: [GC [PSYoungGen: 665856K->608K(666112K)] 921839K->256599K(1208320K), 0.0016740 secs] [Times: user=0.01 sys=0.00, real=0.00 secs] 
235.065: Total time for which application threads were stopped: 0.0017900 seconds, Stopping threads took: 0.0000520 seconds
235.292: Application time: 0.2276740 seconds
235.293: [GC [PSYoungGen: 665696K->848K(666112K)] 921687K->256839K(1208320K), 0.0016550 secs] [Times: user=0.01 sys=0.00, real=0.00 secs] 
235.294: Total time for which application threads were stopped: 0.0017770 seconds, Stopping threads took: 0.0000600 seconds
235.456: Application time: 0.1612410 seconds
235.456: [GC [PSYoungGen: 665936K->608K(666112K)] 921927K->256599K(1208320K), 0.0016650 secs] [Times: user=0.01 sys=0.00, real=0.00 secs] 
235.457: Total time for which application threads were stopped: 0.0018140 seconds, Stopping threads took: 0.0000760 seconds
235.656: Application time: 0.1985350 seconds
235.656: [GC [PSYoungGen: 665696K->672K(666112K)] 921687K->256663K(1208320K), 0.0016390 secs] [Times: user=0.01 sys=0.00, real=0.00 secs] 
235.658: Total time for which application threads were stopped: 0.0017760 seconds, Stopping threads took: 0.0000720 seconds
235.864: Application time: 0.2062080 seconds
235.864: [GC [PSYoungGen: 665760K->736K(666112K)] 921751K->256727K(1208320K), 0.0016310 secs] [Times: user=0.01 sys=0.00, real=0.00 secs] 
235.866: Total time for which application threads were stopped: 0.0017610 seconds, Stopping threads took: 0.0000560 seconds
236.032: Application time: 0.1668610 seconds
236.033: [GC [PSYoungGen: 665824K->640K(666112K)] 921815K->256639K(1208320K), 0.0014800 secs] [Times: user=0.01 sys=0.00, real=0.00 secs] 
236.034: Total time for which application threads were stopped: 0.0016360 seconds, Stopping threads took: 0.0000750 seconds
236.263: Application time: 0.2287790 seconds
236.263: [GC [PSYoungGen: 665728K->608K(639488K)] 921727K->256607K(1181696K), 0.0016850 secs] [Times: user=0.01 sys=0.00, real=0.00 secs] 
236.265: Total time for which application threads were stopped: 0.0018390 seconds, Stopping threads took: 0.0000820 seconds
236.426: Application time: 0.1613810 seconds
236.426: [GC [PSYoungGen: 639072K->496K(644096K)] 895071K->256671K(1186304K), 0.0029060 secs] [Times: user=0.02 sys=0.00, real=0.00 secs] 
236.429: Total time for which application threads were stopped: 0.0030510 seconds, Stopping threads took: 0.0000770 seconds
236.603: Application time: 0.1734020 seconds
236.603: [GC [PSYoungGen: 644080K->560K(649216K)] 900255K->256743K(1191424K), 0.0016840 secs] [Times: user=0.01 sys=0.00, real=0.00 secs] 
236.604: Total time for which application threads were stopped: 0.0018310 seconds, Stopping threads took: 0.0000660 seconds
236.829: Application time: 0.2250380 seconds
236.830: [GC [PSYoungGen: 648752K->592K(653824K)] 904935K->256775K(1196032K), 0.0015540 secs] [Times: user=0.01 sys=0.00, real=0.01 secs] 
236.831: Total time for which application threads were stopped: 0.0017710 seconds, Stopping threads took: 0.0000910 seconds
236.986: Application time: 0.1551410 seconds
236.987: [GC [PSYoungGen: 653392K->608K(658432K)] 909575K->256791K(1200640K), 0.0017150 secs] [Times: user=0.01 sys=0.00, real=0.00 secs] 
236.988: Total time for which application threads were stopped: 0.0018720 seconds, Stopping threads took: 0.0000780 seconds
237.182: Application time: 0.1935330 seconds
237.182: [GC [PSYoungGen: 658016K->496K(662528K)] 914199K->256703K(1204736K), 0.0017190 secs] [Times: user=0.01 sys=0.00, real=0.01 secs] 
237.184: Total time for which application threads were stopped: 0.0018890 seconds, Stopping threads took: 0.0000920 seconds
237.398: Application time: 0.2141760 seconds
237.398: [GC [PSYoungGen: 662512K->576K(665088K)] 918719K->256791K(1207296K), 0.0016440 secs] [Times: user=0.01 sys=0.00, real=0.00 secs] 
237.400: Total time for which application threads were stopped: 0.0017900 seconds, Stopping threads took: 0.0000770 seconds
237.562: Application time: 0.1620600 seconds
237.562: [GC [PSYoungGen: 664640K->592K(666112K)] 920855K->256807K(1208320K), 0.0016200 secs] [Times: user=0.01 sys=0.00, real=0.01 secs] 
237.564: Total time for which application threads were stopped: 0.0017700 seconds, Stopping threads took: 0.0000860 seconds
237.789: Application time: 0.2256010 seconds
237.789: [GC [PSYoungGen: 665680K->544K(666112K)] 921895K->256759K(1208320K), 0.0017050 secs] [Times: user=0.01 sys=0.00, real=0.01 secs] 
237.791: Total time for which application threads were stopped: 0.0018460 seconds, Stopping threads took: 0.0000670 seconds
237.969: Application time: 0.1781150 seconds
237.969: [GC [PSYoungGen: 665632K->752K(666112K)] 921847K->256975K(1208320K), 0.0016770 secs] [Times: user=0.01 sys=0.00, real=0.01 secs] 
237.971: Total time for which application threads were stopped: 0.0018150 seconds, Stopping threads took: 0.0000690 seconds
238.142: Application time: 0.1710460 seconds
238.142: [GC [PSYoungGen: 665840K->640K(666112K)] 922063K->256871K(1208320K), 0.0016140 secs] [Times: user=0.00 sys=0.00, real=0.01 secs] 
238.144: Total time for which application threads were stopped: 0.0017860 seconds, Stopping threads took: 0.0000970 seconds
238.377: Application time: 0.2328450 seconds
238.377: [GC [PSYoungGen: 665728K->656K(666112K)] 921959K->256887K(1208320K), 0.0016500 secs] [Times: user=0.01 sys=0.00, real=0.00 secs] 
238.378: Total time for which application threads were stopped: 0.0018010 seconds, Stopping threads took: 0.0000680 seconds
238.537: Application time: 0.1590040 seconds
238.538: [GC [PSYoungGen: 665744K->688K(666112K)] 921975K->256919K(1208320K), 0.0016580 secs] [Times: user=0.01 sys=0.00, real=0.00 secs] 
238.539: Total time for which application threads were stopped: 0.0018020 seconds, Stopping threads took: 0.0000770 seconds
238.737: Application time: 0.1973740 seconds
238.737: [GC [PSYoungGen: 665776K->560K(666112K)] 922007K->256791K(1208320K), 0.0016700 secs] [Times: user=0.01 sys=0.00, real=0.00 secs] 
238.738: Total time for which application threads were stopped: 0.0018310 seconds, Stopping threads took: 0.0000990 seconds
238.951: Application time: 0.2129300 seconds
238.951: [GC [PSYoungGen: 665648K->704K(666112K)] 921879K->256943K(1208320K), 0.0016510 secs] [Times: user=0.01 sys=0.00, real=0.00 secs] 
238.953: Total time for which application threads were stopped: 0.0017980 seconds, Stopping threads took: 0.0000760 seconds
239.116: Application time: 0.1625080 seconds
239.116: [GC [PSYoungGen: 665792K->656K(666112K)] 922031K->256911K(1208320K), 0.0016130 secs] [Times: user=0.01 sys=0.00, real=0.00 secs] 
239.117: Total time for which application threads were stopped: 0.0017770 seconds, Stopping threads took: 0.0001020 seconds
239.339: Application time: 0.2217490 seconds
239.339: [GC [PSYoungGen: 665744K->512K(666112K)] 921999K->256799K(1208320K), 0.0016660 secs] [Times: user=0.01 sys=0.00, real=0.00 secs] 
239.341: Total time for which application threads were stopped: 0.0018430 seconds, Stopping threads took: 0.0001090 seconds
239.522: Application time: 0.1811190 seconds
239.522: [GC [PSYoungGen: 665600K->784K(666112K)] 921887K->257079K(1208320K), 0.0018170 secs] [Times: user=0.01 sys=0.00, real=0.01 secs] 
239.524: Total time for which application threads were stopped: 0.0019550 seconds, Stopping threads took: 0.0000540 seconds
239.697: Application time: 0.1724570 seconds
239.697: [GC [PSYoungGen: 665872K->624K(666112K)] 922167K->256927K(1208320K), 0.0016810 secs] [Times: user=0.02 sys=0.00, real=0.00 secs] 
239.698: Total time for which application threads were stopped: 0.0018460 seconds, Stopping threads took: 0.0000970 seconds
239.927: Application time: 0.2287280 seconds
239.927: [GC [PSYoungGen: 665712K->768K(666112K)] 922015K->257071K(1208320K), 0.0016620 secs] [Times: user=0.01 sys=0.00, real=0.00 secs] 
239.929: Total time for which application threads were stopped: 0.0017930 seconds, Stopping threads took: 0.0000670 seconds
240.092: Application time: 0.1629480 seconds
240.092: [GC [PSYoungGen: 665856K->720K(666112K)] 922159K->257031K(1208320K), 0.0016940 secs] [Times: user=0.01 sys=0.00, real=0.00 secs] 
240.094: Total time for which application threads were stopped: 0.0018450 seconds, Stopping threads took: 0.0000620 seconds
240.292: Application time: 0.1984810 seconds
240.292: [GC [PSYoungGen: 665808K->592K(666112K)] 922119K->256903K(1208320K), 0.0016720 secs] [Times: user=0.02 sys=0.00, real=0.00 secs] 
240.294: Total time for which application threads were stopped: 0.0018240 seconds, Stopping threads took: 0.0000900 seconds
240.503: Application time: 0.2090180 seconds
240.503: [GC [PSYoungGen: 665680K->720K(666112K)] 921991K->257031K(1208320K), 0.0017510 secs] [Times: user=0.01 sys=0.00, real=0.00 secs] 
240.505: Total time for which application threads were stopped: 0.0019080 seconds, Stopping threads took: 0.0000940 seconds
240.669: Application time: 0.1636850 seconds
240.669: [GC [PSYoungGen: 665808K->528K(666112K)] 922119K->256847K(1208320K), 0.0016450 secs] [Times: user=0.01 sys=0.00, real=0.00 secs] 
240.670: Total time for which application threads were stopped: 0.0017920 seconds, Stopping threads took: 0.0000750 seconds
240.896: Application time: 0.2255430 seconds
240.896: [GC [PSYoungGen: 665616K->624K(666112K)] 921935K->256943K(1208320K), 0.0017210 secs] [Times: user=0.01 sys=0.00, real=0.00 secs] 
240.898: Total time for which application threads were stopped: 0.0019850 seconds, Stopping threads took: 0.0001890 seconds
241.076: Application time: 0.1784600 seconds
241.077: [GC [PSYoungGen: 665712K->880K(666112K)] 922031K->257207K(1208320K), 0.0016930 secs] [Times: user=0.01 sys=0.00, real=0.00 secs] 
241.078: Total time for which application threads were stopped: 0.0018210 seconds, Stopping threads took: 0.0000560 seconds
241.247: Application time: 0.1691130 seconds
241.248: [GC [PSYoungGen: 665968K->736K(666112K)] 922295K->257071K(1208320K), 0.0014750 secs] [Times: user=0.01 sys=0.00, real=0.00 secs] 
241.249: Total time for which application threads were stopped: 0.0016290 seconds, Stopping threads took: 0.0000790 seconds
241.478: Application time: 0.2292010 seconds
241.478: [GC [PSYoungGen: 665824K->656K(666112K)] 922159K->256991K(1208320K), 0.0017960 secs] [Times: user=0.01 sys=0.00, real=0.00 secs] 
241.480: Total time for which application threads were stopped: 0.0019400 seconds, Stopping threads took: 0.0000700 seconds
241.643: Application time: 0.1626970 seconds
241.643: [GC [PSYoungGen: 665744K->800K(666112K)] 922079K->257135K(1208320K), 0.0016750 secs] [Times: user=0.01 sys=0.00, real=0.00 secs] 
241.645: Total time for which application threads were stopped: 0.0018130 seconds, Stopping threads took: 0.0000670 seconds
241.843: Application time: 0.1988160 seconds
241.844: [GC [PSYoungGen: 665888K->624K(666112K)] 922223K->256959K(1208320K), 0.0014790 secs] [Times: user=0.01 sys=0.00, real=0.00 secs] 
241.845: Total time for which application threads were stopped: 0.0016400 seconds, Stopping threads took: 0.0000820 seconds
242.069: Application time: 0.2234270 seconds
242.069: [GC [PSYoungGen: 665712K->768K(639488K)] 922047K->257103K(1181696K), 0.0017150 secs] [Times: user=0.01 sys=0.00, real=0.00 secs] 
242.070: Total time for which application threads were stopped: 0.0018580 seconds, Stopping threads took: 0.0000710 seconds
242.241: Application time: 0.1702800 seconds
242.241: [GC [PSYoungGen: 639232K->496K(643072K)] 895567K->256955K(1185280K), 0.0018570 secs] [Times: user=0.01 sys=0.00, real=0.01 secs] 
242.243: Total time for which application threads were stopped: 0.0020230 seconds, Stopping threads took: 0.0000920 seconds
242.478: Application time: 0.2354280 seconds
242.478: [GC [PSYoungGen: 643056K->592K(647680K)] 899515K->257059K(1189888K), 0.0018480 secs] [Times: user=0.01 sys=0.00, real=0.00 secs] 
242.480: Total time for which application threads were stopped: 0.0020260 seconds, Stopping threads took: 0.0000910 seconds
242.675: Application time: 0.1945800 seconds
242.675: [GC [PSYoungGen: 647248K->656K(651776K)] 903715K->257123K(1193984K), 0.0017880 secs] [Times: user=0.01 sys=0.00, real=0.00 secs] 
242.677: Total time for which application threads were stopped: 0.0019360 seconds, Stopping threads took: 0.0000740 seconds
242.856: Application time: 0.1788080 seconds
242.856: [GC [PSYoungGen: 651408K->752K(655872K)] 907875K->257227K(1198080K), 0.0018640 secs] [Times: user=0.01 sys=0.00, real=0.00 secs] 
242.858: Total time for which application threads were stopped: 0.0020310 seconds, Stopping threads took: 0.0000920 seconds
243.105: Application time: 0.2479140 seconds
243.106: [GC [PSYoungGen: 655600K->480K(659456K)] 912075K->257135K(1201664K), 0.0018330 secs] [Times: user=0.01 sys=0.00, real=0.00 secs] 
243.107: Total time for which application threads were stopped: 0.0019880 seconds, Stopping threads took: 0.0000750 seconds
243.290: Application time: 0.1823370 seconds
243.290: [GC [PSYoungGen: 659424K->640K(664064K)] 916079K->257295K(1206272K), 0.0018480 secs] [Times: user=0.02 sys=0.00, real=0.01 secs] 
243.292: Total time for which application threads were stopped: 0.0020140 seconds, Stopping threads took: 0.0000920 seconds
243.488: Application time: 0.1966520 seconds
243.489: [GC [PSYoungGen: 663680K->544K(665088K)] 920335K->257199K(1207296K), 0.0018250 secs] [Times: user=0.01 sys=0.00, real=0.00 secs] 
243.490: Total time for which application threads were stopped: 0.0019850 seconds, Stopping threads took: 0.0000950 seconds
243.734: Application time: 0.2435440 seconds
243.734: [GC [PSYoungGen: 664608K->704K(665088K)] 921263K->257359K(1207296K), 0.0018220 secs] [Times: user=0.01 sys=0.00, real=0.00 secs] 
243.736: Total time for which application threads were stopped: 0.0020140 seconds, Stopping threads took: 0.0001070 seconds
243.911: Application time: 0.1751080 seconds
243.911: [GC [PSYoungGen: 664768K->656K(666112K)] 921423K->257311K(1208320K), 0.0017850 secs] [Times: user=0.01 sys=0.00, real=0.00 secs] 
243.913: Total time for which application threads were stopped: 0.0019330 seconds, Stopping threads took: 0.0000810 seconds
244.148: Application time: 0.2353900 seconds
244.149: [GC [PSYoungGen: 665744K->592K(666112K)] 922399K->257247K(1208320K), 0.0018080 secs] [Times: user=0.02 sys=0.00, real=0.00 secs] 
244.150: Total time for which application threads were stopped: 0.0019610 seconds, Stopping threads took: 0.0000850 seconds
244.357: Application time: 0.2065250 seconds
244.357: [GC [PSYoungGen: 665680K->768K(666112K)] 922335K->257423K(1208320K), 0.0018150 secs] [Times: user=0.02 sys=0.00, real=0.00 secs] 
244.359: Total time for which application threads were stopped: 0.0019640 seconds, Stopping threads took: 0.0000720 seconds
244.542: Application time: 0.1826760 seconds
244.542: [GC [PSYoungGen: 665856K->768K(666112K)] 922511K->257431K(1208320K), 0.0018660 secs] [Times: user=0.02 sys=0.00, real=0.01 secs] 
244.544: Total time for which application threads were stopped: 0.0020380 seconds, Stopping threads took: 0.0000980 seconds
244.798: Application time: 0.2547340 seconds
244.798: [GC [PSYoungGen: 665856K->736K(666112K)] 922519K->257399K(1208320K), 0.0018350 secs] [Times: user=0.01 sys=0.01, real=0.00 secs] 
244.800: Total time for which application threads were stopped: 0.0019720 seconds, Stopping threads took: 0.0000700 seconds
244.985: Application time: 0.1845890 seconds
244.985: [GC [PSYoungGen: 665824K->928K(666112K)] 922487K->257591K(1208320K), 0.0018350 secs] [Times: user=0.01 sys=0.00, real=0.00 secs] 
244.987: Total time for which application threads were stopped: 0.0019680 seconds, Stopping threads took: 0.0000520 seconds
245.184: Application time: 0.1971610 seconds
245.184: [GC [PSYoungGen: 666016K->560K(666112K)] 922679K->257223K(1208320K), 0.0015770 secs] [Times: user=0.01 sys=0.00, real=0.00 secs] 
245.186: Total time for which application threads were stopped: 0.0017320 seconds, Stopping threads took: 0.0000890 seconds
245.429: Application time: 0.2430460 seconds
245.429: [GC [PSYoungGen: 665648K->864K(639488K)] 922311K->257551K(1181696K), 0.0016500 secs] [Times: user=0.01 sys=0.00, real=0.01 secs] 
245.431: Total time for which application threads were stopped: 0.0017900 seconds, Stopping threads took: 0.0000700 seconds
245.601: Application time: 0.1707230 seconds
245.603: [GC [PSYoungGen: 639328K->496K(643072K)] 896015K->257303K(1185280K), 0.0018130 secs] [Times: user=0.01 sys=0.00, real=0.00 secs] 
245.605: Total time for which application threads were stopped: 0.0031370 seconds, Stopping threads took: 0.0012440 seconds
245.828: Application time: 0.2233220 seconds
245.828: [GC [PSYoungGen: 643056K->528K(647680K)] 899863K->257343K(1189888K), 0.0018030 secs] [Times: user=0.01 sys=0.00, real=0.00 secs] 
245.830: Total time for which application threads were stopped: 0.0019510 seconds, Stopping threads took: 0.0000740 seconds
246.031: Application time: 0.2007970 seconds
246.031: [GC [PSYoungGen: 647184K->752K(651776K)] 903999K->257567K(1193984K), 0.0017050 secs] [Times: user=0.01 sys=0.00, real=0.00 secs] 
246.032: Total time for which application threads were stopped: 0.0018400 seconds, Stopping threads took: 0.0000660 seconds
246.192: Application time: 0.1598830 seconds
246.192: [GC [PSYoungGen: 651504K->704K(655872K)] 908319K->257535K(1198080K), 0.0015250 secs] [Times: user=0.01 sys=0.00, real=0.00 secs] 
246.194: Total time for which application threads were stopped: 0.0016740 seconds, Stopping threads took: 0.0000750 seconds
246.415: Application time: 0.2213740 seconds
246.415: [GC [PSYoungGen: 655552K->480K(659456K)] 912383K->257403K(1201664K), 0.0016990 secs] [Times: user=0.01 sys=0.00, real=0.00 secs] 
246.417: Total time for which application threads were stopped: 0.0018640 seconds, Stopping threads took: 0.0000840 seconds
246.593: Application time: 0.1759980 seconds
246.593: [GC [PSYoungGen: 659424K->752K(664064K)] 916347K->257675K(1206272K), 0.0017790 secs] [Times: user=0.01 sys=0.00, real=0.00 secs] 
246.595: Total time for which application threads were stopped: 0.0019360 seconds, Stopping threads took: 0.0000920 seconds
246.765: Application time: 0.1701880 seconds
246.765: [GC [PSYoungGen: 663792K->656K(665088K)] 920715K->257579K(1207296K), 0.0017080 secs] [Times: user=0.01 sys=0.00, real=0.00 secs] 
246.767: Total time for which application threads were stopped: 0.0018510 seconds, Stopping threads took: 0.0000660 seconds
246.997: Application time: 0.2297970 seconds
246.997: [GC [PSYoungGen: 664720K->720K(665088K)] 921643K->257643K(1207296K), 0.0016640 secs] [Times: user=0.01 sys=0.00, real=0.00 secs] 
246.999: Total time for which application threads were stopped: 0.0018250 seconds, Stopping threads took: 0.0000790 seconds
247.163: Application time: 0.1644940 seconds
247.163: [GC [PSYoungGen: 664784K->768K(666112K)] 921707K->257699K(1208320K), 0.0016550 secs] [Times: user=0.01 sys=0.00, real=0.00 secs] 
247.165: Total time for which application threads were stopped: 0.0018070 seconds, Stopping threads took: 0.0000860 seconds
247.363: Application time: 0.1979430 seconds
247.367: [GC [PSYoungGen: 665856K->720K(666112K)] 922787K->257651K(1208320K), 0.0017060 secs] [Times: user=0.01 sys=0.00, real=0.00 secs] 
247.368: Total time for which application threads were stopped: 0.0052390 seconds, Stopping threads took: 0.0034510 seconds
247.576: Application time: 0.2072150 seconds
247.576: [GC [PSYoungGen: 665808K->800K(666112K)] 922739K->257739K(1208320K), 0.0017620 secs] [Times: user=0.01 sys=0.00, real=0.00 secs] 
247.577: Total time for which application threads were stopped: 0.0018900 seconds, Stopping threads took: 0.0000610 seconds
247.742: Application time: 0.1641950 seconds
247.742: [GC [PSYoungGen: 665888K->704K(666112K)] 922827K->257643K(1208320K), 0.0016910 secs] [Times: user=0.01 sys=0.00, real=0.01 secs] 
247.743: Total time for which application threads were stopped: 0.0018480 seconds, Stopping threads took: 0.0000850 seconds
247.970: Application time: 0.2261790 seconds
247.970: [GC [PSYoungGen: 665792K->608K(666112K)] 922731K->257555K(1208320K), 0.0016780 secs] [Times: user=0.01 sys=0.00, real=0.01 secs] 
247.972: Total time for which application threads were stopped: 0.0018330 seconds, Stopping threads took: 0.0000780 seconds
248.148: Application time: 0.1768250 seconds
248.148: [GC [PSYoungGen: 665696K->768K(666112K)] 922643K->257715K(1208320K), 0.0016870 secs] [Times: user=0.01 sys=0.00, real=0.00 secs] 
248.150: Total time for which application threads were stopped: 0.0018250 seconds, Stopping threads took: 0.0000700 seconds
248.322: Application time: 0.1714870 seconds
248.322: [GC [PSYoungGen: 665856K->544K(666112K)] 922803K->257499K(1208320K), 0.0016810 secs] [Times: user=0.01 sys=0.00, real=0.01 secs] 
248.323: Total time for which application threads were stopped: 0.0018120 seconds, Stopping threads took: 0.0000650 seconds
248.552: Application time: 0.2282950 seconds
248.552: [GC [PSYoungGen: 665632K->704K(666112K)] 922587K->257707K(1208320K), 0.0016780 secs] [Times: user=0.01 sys=0.00, real=0.00 secs] 
248.554: Total time for which application threads were stopped: 0.0018210 seconds, Stopping threads took: 0.0000610 seconds
248.722: Application time: 0.1680300 seconds
248.722: [GC [PSYoungGen: 665792K->848K(666112K)] 922795K->257891K(1208320K), 0.0017170 secs] [Times: user=0.01 sys=0.00, real=0.01 secs] 
248.723: Total time for which application threads were stopped: 0.0018330 seconds, Stopping threads took: 0.0000420 seconds
248.922: Application time: 0.1989490 seconds
248.923: [GC [PSYoungGen: 665936K->672K(666112K)] 922979K->257715K(1208320K), 0.0017400 secs] [Times: user=0.01 sys=0.00, real=0.00 secs] 
248.924: Total time for which application threads were stopped: 0.0019050 seconds, Stopping threads took: 0.0000890 seconds
249.127: Application time: 0.2028960 seconds
249.127: [GC [PSYoungGen: 665760K->656K(666112K)] 922803K->257707K(1208320K), 0.0017170 secs] [Times: user=0.00 sys=0.00, real=0.00 secs] 
249.129: Total time for which application threads were stopped: 0.0018600 seconds, Stopping threads took: 0.0000710 seconds
249.293: Application time: 0.1640910 seconds
249.293: [GC [PSYoungGen: 665744K->656K(666112K)] 922795K->257723K(1208320K), 0.0016470 secs] [Times: user=0.01 sys=0.00, real=0.00 secs] 
249.295: Total time for which application threads were stopped: 0.0017650 seconds, Stopping threads took: 0.0000550 seconds
249.523: Application time: 0.2283840 seconds
249.523: [GC [PSYoungGen: 665744K->512K(666112K)] 922811K->257587K(1208320K), 0.0016080 secs] [Times: user=0.01 sys=0.00, real=0.00 secs] 
249.525: Total time for which application threads were stopped: 0.0017740 seconds, Stopping threads took: 0.0001000 seconds
249.699: Application time: 0.1736150 seconds
249.699: [GC [PSYoungGen: 665600K->768K(666112K)] 922675K->257843K(1208320K), 0.0017360 secs] [Times: user=0.01 sys=0.00, real=0.00 secs] 
249.701: Total time for which application threads were stopped: 0.0018840 seconds, Stopping threads took: 0.0000740 seconds
249.873: Application time: 0.1721540 seconds
249.873: [GC [PSYoungGen: 665856K->640K(666112K)] 922931K->257715K(1208320K), 0.0016630 secs] [Times: user=0.01 sys=0.00, real=0.00 secs] 
249.875: Total time for which application threads were stopped: 0.0018160 seconds, Stopping threads took: 0.0000900 seconds
250.125: Application time: 0.2507550 seconds
250.125: [GC [PSYoungGen: 665728K->656K(666112K)] 922803K->257731K(1208320K), 0.0018200 secs] [Times: user=0.01 sys=0.00, real=0.00 secs] 
250.127: Total time for which application threads were stopped: 0.0019620 seconds, Stopping threads took: 0.0000670 seconds
250.307: Application time: 0.1797950 seconds
250.307: [GC [PSYoungGen: 665744K->704K(666112K)] 922819K->257787K(1208320K), 0.0017790 secs] [Times: user=0.01 sys=0.00, real=0.00 secs] 
250.309: Total time for which application threads were stopped: 0.0019290 seconds, Stopping threads took: 0.0000720 seconds
250.532: Application time: 0.2231880 seconds
250.532: [GC [PSYoungGen: 665792K->544K(666112K)] 922875K->257635K(1208320K), 0.0017940 secs] [Times: user=0.01 sys=0.00, real=0.00 secs] 
250.534: Total time for which application threads were stopped: 0.0019420 seconds, Stopping threads took: 0.0000800 seconds
250.750: Application time: 0.2155370 seconds
250.750: [GC [PSYoungGen: 665632K->704K(639488K)] 922723K->257803K(1181696K), 0.0016060 secs] [Times: user=0.01 sys=0.00, real=0.01 secs] 
250.751: Total time for which application threads were stopped: 0.0017450 seconds, Stopping threads took: 0.0000680 seconds
250.921: Application time: 0.1694340 seconds
250.921: [GC [PSYoungGen: 639168K->624K(643584K)] 896267K->257723K(1185792K), 0.0018630 secs] [Times: user=0.01 sys=0.00, real=0.01 secs] 
250.923: Total time for which application threads were stopped: 0.0019990 seconds, Stopping threads took: 0.0000560 seconds
251.169: Application time: 0.2462480 seconds
251.169: [GC [PSYoungGen: 643184K->480K(647168K)] 900283K->257683K(1189376K), 0.0018270 secs] [Times: user=0.02 sys=0.00, real=0.01 secs] 
251.171: Total time for which application threads were stopped: 0.0019870 seconds, Stopping threads took: 0.0000850 seconds
251.355: Application time: 0.1835590 seconds
251.355: [GC [PSYoungGen: 647136K->672K(651776K)] 904339K->257875K(1193984K), 0.0017690 secs] [Times: user=0.02 sys=0.00, real=0.00 secs] 
251.357: Total time for which application threads were stopped: 0.0019240 seconds, Stopping threads took: 0.0000880 seconds
251.533: Application time: 0.1766310 seconds
251.533: [GC [PSYoungGen: 651424K->592K(656384K)] 908627K->257795K(1198592K), 0.0018330 secs] [Times: user=0.01 sys=0.00, real=0.00 secs] 
251.535: Total time for which application threads were stopped: 0.0019880 seconds, Stopping threads took: 0.0000850 seconds
251.789: Application time: 0.2533410 seconds
251.789: [GC [PSYoungGen: 655952K->672K(660480K)] 913155K->257875K(1202688K), 0.0018870 secs] [Times: user=0.02 sys=0.00, real=0.01 secs] 
251.791: Total time for which application threads were stopped: 0.0020390 seconds, Stopping threads took: 0.0000800 seconds
251.970: Application time: 0.1793250 seconds
251.970: [GC [PSYoungGen: 660128K->480K(664576K)] 917331K->257788K(1206784K), 0.0018980 secs] [Times: user=0.01 sys=0.00, real=0.01 secs] 
251.972: Total time for which application threads were stopped: 0.0020330 seconds, Stopping threads took: 0.0000670 seconds
252.178: Application time: 0.2056710 seconds
252.178: [GC [PSYoungGen: 664544K->432K(665088K)] 921852K->257748K(1207296K), 0.0018900 secs] [Times: user=0.01 sys=0.00, real=0.00 secs] 
252.180: Total time for which application threads were stopped: 0.0020490 seconds, Stopping threads took: 0.0000830 seconds
252.412: Application time: 0.2320900 seconds
252.412: [GC [PSYoungGen: 664496K->576K(666112K)] 921812K->257892K(1208320K), 0.0017710 secs] [Times: user=0.01 sys=0.00, real=0.00 secs] 
252.414: Total time for which application threads were stopped: 0.0019190 seconds, Stopping threads took: 0.0000770 seconds
252.592: Application time: 0.1779490 seconds
252.592: [GC [PSYoungGen: 665664K->608K(666112K)] 922980K->257924K(1208320K), 0.0019330 secs] [Times: user=0.01 sys=0.00, real=0.00 secs] 
252.594: Total time for which application threads were stopped: 0.0020860 seconds, Stopping threads took: 0.0000860 seconds
252.843: Application time: 0.2493470 seconds
252.843: [GC [PSYoungGen: 665696K->528K(666112K)] 923012K->257852K(1208320K), 0.0018420 secs] [Times: user=0.02 sys=0.00, real=0.00 secs] 
252.845: Total time for which application threads were stopped: 0.0020040 seconds, Stopping threads took: 0.0000750 seconds
253.036: Application time: 0.1905200 seconds
253.036: [GC [PSYoungGen: 665616K->672K(666112K)] 922940K->257996K(1208320K), 0.0018030 secs] [Times: user=0.01 sys=0.00, real=0.00 secs] 
253.038: Total time for which application threads were stopped: 0.0019600 seconds, Stopping threads took: 0.0000850 seconds
253.215: Application time: 0.1771050 seconds
253.215: [GC [PSYoungGen: 665760K->704K(666112K)] 923084K->258027K(1208320K), 0.0019070 secs] [Times: user=0.01 sys=0.00, real=0.00 secs] 
253.217: Total time for which application threads were stopped: 0.0020350 seconds, Stopping threads took: 0.0000550 seconds
253.474: Application time: 0.2572070 seconds
253.474: [GC [PSYoungGen: 665792K->736K(666112K)] 923115K->258060K(1208320K), 0.0018040 secs] [Times: user=0.01 sys=0.00, real=0.00 secs] 
253.476: Total time for which application threads were stopped: 0.0019650 seconds, Stopping threads took: 0.0000780 seconds
253.658: Application time: 0.1821320 seconds
253.658: [GC [PSYoungGen: 665824K->736K(666112K)] 923148K->258067K(1208320K), 0.0018540 secs] [Times: user=0.01 sys=0.00, real=0.00 secs] 
253.660: Total time for which application threads were stopped: 0.0020280 seconds, Stopping threads took: 0.0000950 seconds
253.870: Application time: 0.2100540 seconds
253.870: [GC [PSYoungGen: 665824K->576K(666112K)] 923155K->257916K(1208320K), 0.0018700 secs] [Times: user=0.01 sys=0.01, real=0.01 secs] 
253.872: Total time for which application threads were stopped: 0.0020510 seconds, Stopping threads took: 0.0001060 seconds
254.082: Application time: 0.2094390 seconds
254.082: [GC [PSYoungGen: 665664K->816K(666112K)] 923004K->258164K(1208320K), 0.0016900 secs] [Times: user=0.01 sys=0.00, real=0.01 secs] 
254.083: Total time for which application threads were stopped: 0.0018420 seconds, Stopping threads took: 0.0000700 seconds
254.249: Application time: 0.1656560 seconds
254.249: [GC [PSYoungGen: 665904K->800K(666112K)] 923252K->258172K(1208320K), 0.0016880 secs] [Times: user=0.01 sys=0.00, real=0.01 secs] 
254.251: Total time for which application threads were stopped: 0.0018500 seconds, Stopping threads took: 0.0000940 seconds
254.478: Application time: 0.2271660 seconds
254.478: [GC [PSYoungGen: 665888K->576K(666112K)] 923260K->257956K(1208320K), 0.0017400 secs] [Times: user=0.01 sys=0.00, real=0.00 secs] 
254.480: Total time for which application threads were stopped: 0.0018880 seconds, Stopping threads took: 0.0000720 seconds
254.653: Application time: 0.1731280 seconds
254.653: [GC [PSYoungGen: 665664K->800K(666112K)] 923044K->258179K(1208320K), 0.0015580 secs] [Times: user=0.01 sys=0.00, real=0.00 secs] 
254.655: Total time for which application threads were stopped: 0.0017150 seconds, Stopping threads took: 0.0000710 seconds
254.821: Application time: 0.1665510 seconds
254.822: [GC [PSYoungGen: 665888K->576K(666112K)] 923267K->257956K(1208320K), 0.0015140 secs] [Times: user=0.01 sys=0.00, real=0.01 secs] 
254.823: Total time for which application threads were stopped: 0.0016600 seconds, Stopping threads took: 0.0000720 seconds
255.058: Application time: 0.2352690 seconds
255.058: [GC [PSYoungGen: 665664K->656K(639488K)] 923044K->258052K(1181696K), 0.0016930 secs] [Times: user=0.01 sys=0.00, real=0.00 secs] 
255.060: Total time for which application threads were stopped: 0.0018170 seconds, Stopping threads took: 0.0000620 seconds
255.220: Application time: 0.1595010 seconds
255.220: [GC [PSYoungGen: 639120K->496K(643072K)] 896516K->258000K(1185280K), 0.0016960 secs] [Times: user=0.01 sys=0.00, real=0.00 secs] 
255.222: Total time for which application threads were stopped: 0.0018540 seconds, Stopping threads took: 0.0000870 seconds
255.403: Application time: 0.1815940 seconds
255.403: [GC [PSYoungGen: 643056K->592K(647680K)] 900560K->258104K(1189888K), 0.0016590 secs] [Times: user=0.01 sys=0.00, real=0.00 secs] 
255.405: Total time for which application threads were stopped: 0.0018040 seconds, Stopping threads took: 0.0000810 seconds
255.617: Application time: 0.2124270 seconds
255.617: [GC [PSYoungGen: 647248K->640K(651776K)] 904760K->258152K(1193984K), 0.0016780 secs] [Times: user=0.01 sys=0.00, real=0.00 secs] 
255.619: Total time for which application threads were stopped: 0.0018020 seconds, Stopping threads took: 0.0000600 seconds
255.779: Application time: 0.1602120 seconds
255.780: [GC [PSYoungGen: 651392K->784K(655872K)] 908904K->258304K(1198080K), 0.0017200 secs] [Times: user=0.01 sys=0.00, real=0.00 secs] 
255.781: Total time for which application threads were stopped: 0.0018950 seconds, Stopping threads took: 0.0000800 seconds
255.998: Application time: 0.2166070 seconds
255.998: [GC [PSYoungGen: 655632K->496K(659456K)] 913152K->258064K(1201664K), 0.0015150 secs] [Times: user=0.01 sys=0.00, real=0.00 secs] 
256.000: Total time for which application threads were stopped: 0.0016610 seconds, Stopping threads took: 0.0000720 seconds
256.178: Application time: 0.1788140 seconds
256.179: [GC [PSYoungGen: 659440K->800K(664064K)] 917008K->258368K(1206272K), 0.0014790 secs] [Times: user=0.01 sys=0.00, real=0.00 secs] 
256.180: Total time for which application threads were stopped: 0.0016410 seconds, Stopping threads took: 0.0000820 seconds
256.344: Application time: 0.1637440 seconds
256.344: [GC [PSYoungGen: 663840K->832K(665088K)] 921408K->258400K(1207296K), 0.0016770 secs] [Times: user=0.01 sys=0.00, real=0.00 secs] 
256.346: Total time for which application threads were stopped: 0.0018420 seconds, Stopping threads took: 0.0000900 seconds
256.576: Application time: 0.2303130 seconds
256.576: [GC [PSYoungGen: 664896K->736K(665088K)] 922464K->258304K(1207296K), 0.0017320 secs] [Times: user=0.01 sys=0.00, real=0.00 secs] 
256.578: Total time for which application threads were stopped: 0.0018650 seconds, Stopping threads took: 0.0000590 seconds
256.748: Application time: 0.1705220 seconds
256.748: [GC [PSYoungGen: 664800K->656K(666112K)] 922368K->258232K(1208320K), 0.0016620 secs] [Times: user=0.01 sys=0.00, real=0.00 secs] 
256.750: Total time for which application threads were stopped: 0.0018210 seconds, Stopping threads took: 0.0000880 seconds
256.931: Application time: 0.1812630 seconds
256.932: [GC [PSYoungGen: 665744K->576K(666112K)] 923320K->258160K(1208320K), 0.0014380 secs] [Times: user=0.00 sys=0.00, real=0.00 secs] 
256.933: Total time for which application threads were stopped: 0.0015940 seconds, Stopping threads took: 0.0000750 seconds
257.151: Application time: 0.2181070 seconds
257.151: [GC [PSYoungGen: 665664K->720K(639488K)] 923248K->258304K(1181696K), 0.0017570 secs] [Times: user=0.01 sys=0.00, real=0.00 secs] 
257.153: Total time for which application threads were stopped: 0.0019050 seconds, Stopping threads took: 0.0000800 seconds
257.311: Application time: 0.1576960 seconds
257.311: [GC [PSYoungGen: 639184K->704K(643584K)] 896768K->258296K(1185792K), 0.0017490 secs] [Times: user=0.01 sys=0.00, real=0.00 secs] 
257.313: Total time for which application threads were stopped: 0.0018790 seconds, Stopping threads took: 0.0000580 seconds
257.517: Application time: 0.2042100 seconds
257.517: [GC [PSYoungGen: 643264K->496K(647168K)] 900856K->258152K(1189376K), 0.0017050 secs] [Times: user=0.01 sys=0.00, real=0.00 secs] 
257.519: Total time for which application threads were stopped: 0.0018550 seconds, Stopping threads took: 0.0000700 seconds
257.707: Application time: 0.1881810 seconds
257.707: [GC [PSYoungGen: 647152K->816K(651776K)] 904808K->258496K(1193984K), 0.0016990 secs] [Times: user=0.01 sys=0.00, real=0.00 secs] 
257.709: Total time for which application threads were stopped: 0.0018230 seconds, Stopping threads took: 0.0000610 seconds
257.870: Application time: 0.1615280 seconds
257.870: [GC [PSYoungGen: 651568K->720K(656384K)] 909248K->258400K(1198592K), 0.0017820 secs] [Times: user=0.01 sys=0.00, real=0.01 secs] 
257.872: Total time for which application threads were stopped: 0.0019460 seconds, Stopping threads took: 0.0000950 seconds
258.092: Application time: 0.2200220 seconds
258.092: [GC [PSYoungGen: 656080K->656K(660480K)] 913760K->258376K(1202688K), 0.0017020 secs] [Times: user=0.01 sys=0.00, real=0.00 secs] 
258.094: Total time for which application threads were stopped: 0.0018380 seconds, Stopping threads took: 0.0000620 seconds
258.272: Application time: 0.1780400 seconds
258.272: [GC [PSYoungGen: 660112K->496K(664064K)] 917832K->258376K(1206272K), 0.0016790 secs] [Times: user=0.01 sys=0.00, real=0.00 secs] 
258.274: Total time for which application threads were stopped: 0.0018170 seconds, Stopping threads took: 0.0000680 seconds
258.449: Application time: 0.1752550 seconds
258.449: [GC [PSYoungGen: 664048K->624K(665088K)] 921928K->258512K(1207296K), 0.0016580 secs] [Times: user=0.01 sys=0.00, real=0.01 secs] 
258.451: Total time for which application threads were stopped: 0.0017960 seconds, Stopping threads took: 0.0000770 seconds
258.671: Application time: 0.2205400 seconds
258.672: [GC [PSYoungGen: 664688K->672K(666112K)] 922576K->258560K(1208320K), 0.0016520 secs] [Times: user=0.01 sys=0.00, real=0.00 secs] 
258.673: Total time for which application threads were stopped: 0.0018100 seconds, Stopping threads took: 0.0000790 seconds
258.845: Application time: 0.1716670 seconds
258.845: [GC [PSYoungGen: 665760K->592K(666112K)] 923648K->258512K(1208320K), 0.0018120 secs] [Times: user=0.01 sys=0.00, real=0.00 secs] 
258.847: Total time for which application threads were stopped: 0.0019700 seconds, Stopping threads took: 0.0000870 seconds
259.053: Application time: 0.2059910 seconds
259.053: [GC [PSYoungGen: 665680K->544K(666112K)] 923600K->258464K(1208320K), 0.0016730 secs] [Times: user=0.01 sys=0.00, real=0.00 secs] 
259.055: Total time for which application threads were stopped: 0.0018090 seconds, Stopping threads took: 0.0000740 seconds
259.249: Application time: 0.1943980 seconds
259.249: [GC [PSYoungGen: 665632K->704K(666112K)] 923552K->258632K(1208320K), 0.0016440 secs] [Times: user=0.02 sys=0.00, real=0.01 secs] 
259.251: Total time for which application threads were stopped: 0.0017960 seconds, Stopping threads took: 0.0000780 seconds
259.416: Application time: 0.1648810 seconds
259.416: [GC [PSYoungGen: 665792K->880K(666112K)] 923720K->258808K(1208320K), 0.0017060 secs] [Times: user=0.01 sys=0.00, real=0.00 secs] 
259.418: Total time for which application threads were stopped: 0.0018400 seconds, Stopping threads took: 0.0000610 seconds
259.642: Application time: 0.2239490 seconds
259.642: [GC [PSYoungGen: 665968K->656K(666112K)] 923896K->258584K(1208320K), 0.0017190 secs] [Times: user=0.01 sys=0.00, real=0.01 secs] 
259.644: Total time for which application threads were stopped: 0.0018610 seconds, Stopping threads took: 0.0000710 seconds
259.825: Application time: 0.1814060 seconds
259.825: [GC [PSYoungGen: 665744K->608K(666112K)] 923672K->258552K(1208320K), 0.0015140 secs] [Times: user=0.01 sys=0.00, real=0.00 secs] 
259.827: Total time for which application threads were stopped: 0.0016660 seconds, Stopping threads took: 0.0000690 seconds
260.008: Application time: 0.1812890 seconds
260.008: [GC [PSYoungGen: 665696K->512K(666112K)] 923640K->258464K(1208320K), 0.0017010 secs] [Times: user=0.01 sys=0.00, real=0.00 secs] 
260.010: Total time for which application threads were stopped: 0.0018470 seconds, Stopping threads took: 0.0000770 seconds
260.225: Application time: 0.2148400 seconds
260.225: [GC [PSYoungGen: 665600K->624K(666112K)] 923552K->258576K(1208320K), 0.0016660 secs] [Times: user=0.01 sys=0.00, real=0.00 secs] 
260.226: Total time for which application threads were stopped: 0.0018220 seconds, Stopping threads took: 0.0000880 seconds
260.399: Application time: 0.1721930 seconds
260.399: [GC [PSYoungGen: 665712K->688K(666112K)] 923664K->258648K(1208320K), 0.0016710 secs] [Times: user=0.01 sys=0.00, real=0.00 secs] 
260.400: Total time for which application threads were stopped: 0.0018130 seconds, Stopping threads took: 0.0000670 seconds
260.613: Application time: 0.2122740 seconds
260.613: [GC [PSYoungGen: 665776K->512K(666112K)] 923736K->258472K(1208320K), 0.0016830 secs] [Times: user=0.02 sys=0.00, real=0.00 secs] 
260.615: Total time for which application threads were stopped: 0.0018320 seconds, Stopping threads took: 0.0000780 seconds
260.805: Application time: 0.1901170 seconds
260.805: [GC [PSYoungGen: 665600K->656K(666112K)] 923560K->258624K(1208320K), 0.0017070 secs] [Times: user=0.01 sys=0.00, real=0.00 secs] 
260.806: Total time for which application threads were stopped: 0.0018510 seconds, Stopping threads took: 0.0000750 seconds
260.974: Application time: 0.1670490 seconds
260.974: [GC [PSYoungGen: 665744K->656K(666112K)] 923712K->258624K(1208320K), 0.0017240 secs] [Times: user=0.01 sys=0.00, real=0.00 secs] 
260.975: Total time for which application threads were stopped: 0.0018870 seconds, Stopping threads took: 0.0000820 seconds
261.198: Application time: 0.2223630 seconds
261.198: [GC [PSYoungGen: 665744K->736K(666112K)] 923712K->258728K(1208320K), 0.0017910 secs] [Times: user=0.01 sys=0.00, real=0.00 secs] 
261.200: Total time for which application threads were stopped: 0.0019480 seconds, Stopping threads took: 0.0000870 seconds
261.380: Application time: 0.1806740 seconds
261.381: [GC [PSYoungGen: 665824K->720K(666112K)] 923816K->258728K(1208320K), 0.0016970 secs] [Times: user=0.01 sys=0.00, real=0.00 secs] 
261.382: Total time for which application threads were stopped: 0.0018250 seconds, Stopping threads took: 0.0000650 seconds
261.562: Application time: 0.1799900 seconds
261.562: [GC [PSYoungGen: 665808K->624K(666112K)] 923816K->258640K(1208320K), 0.0016920 secs] [Times: user=0.01 sys=0.00, real=0.01 secs] 
261.564: Total time for which application threads were stopped: 0.0018600 seconds, Stopping threads took: 0.0000950 seconds
261.780: Application time: 0.2159450 seconds
261.780: [GC [PSYoungGen: 665712K->640K(666112K)] 923728K->258656K(1208320K), 0.0016760 secs] [Times: user=0.01 sys=0.00, real=0.00 secs] 
261.782: Total time for which application threads were stopped: 0.0018060 seconds, Stopping threads took: 0.0000650 seconds
261.953: Application time: 0.1710250 seconds
261.953: [GC [PSYoungGen: 665728K->672K(666112K)] 923744K->258704K(1208320K), 0.0016510 secs] [Times: user=0.01 sys=0.00, real=0.00 secs] 
261.955: Total time for which application threads were stopped: 0.0017870 seconds, Stopping threads took: 0.0000740 seconds
262.167: Application time: 0.2118750 seconds
262.167: [GC [PSYoungGen: 665760K->592K(666112K)] 923792K->258624K(1208320K), 0.0016720 secs] [Times: user=0.01 sys=0.00, real=0.00 secs] 
262.168: Total time for which application threads were stopped: 0.0018590 seconds, Stopping threads took: 0.0000900 seconds
262.359: Application time: 0.1902230 seconds
262.359: [GC [PSYoungGen: 665680K->768K(666112K)] 923712K->258808K(1208320K), 0.0017240 secs] [Times: user=0.01 sys=0.00, real=0.00 secs] 
262.360: Total time for which application threads were stopped: 0.0018390 seconds, Stopping threads took: 0.0000510 seconds
262.526: Application time: 0.1654190 seconds
262.526: [GC [PSYoungGen: 665856K->800K(666112K)] 923896K->258840K(1208320K), 0.0017080 secs] [Times: user=0.01 sys=0.00, real=0.00 secs] 
262.528: Total time for which application threads were stopped: 0.0018530 seconds, Stopping threads took: 0.0000780 seconds
262.752: Application time: 0.2243880 seconds
262.752: [GC [PSYoungGen: 665888K->704K(666112K)] 923928K->258744K(1208320K), 0.0016230 secs] [Times: user=0.01 sys=0.00, real=0.00 secs] 
262.754: Total time for which application threads were stopped: 0.0017720 seconds, Stopping threads took: 0.0000760 seconds
262.931: Application time: 0.1775530 seconds
262.932: [GC [PSYoungGen: 665792K->752K(666112K)] 923832K->258800K(1208320K), 0.0016800 secs] [Times: user=0.01 sys=0.00, real=0.00 secs] 
262.933: Total time for which application threads were stopped: 0.0018270 seconds, Stopping threads took: 0.0000760 seconds
263.114: Application time: 0.1807570 seconds
263.114: [GC [PSYoungGen: 665840K->560K(666112K)] 923888K->258616K(1208320K), 0.0016590 secs] [Times: user=0.01 sys=0.00, real=0.00 secs] 
263.116: Total time for which application threads were stopped: 0.0018330 seconds, Stopping threads took: 0.0001020 seconds
263.330: Application time: 0.2144110 seconds
263.330: [GC [PSYoungGen: 665648K->528K(666112K)] 923704K->258584K(1208320K), 0.0017120 secs] [Times: user=0.01 sys=0.00, real=0.01 secs] 
263.332: Total time for which application threads were stopped: 0.0018500 seconds, Stopping threads took: 0.0000610 seconds
263.503: Application time: 0.1712310 seconds
263.504: [GC [PSYoungGen: 665616K->736K(666112K)] 923672K->258800K(1208320K), 0.0015570 secs] [Times: user=0.01 sys=0.00, real=0.00 secs] 
263.505: Total time for which application threads were stopped: 0.0017030 seconds, Stopping threads took: 0.0000840 seconds
263.717: Application time: 0.2118160 seconds
263.717: [GC [PSYoungGen: 665824K->640K(666112K)] 923888K->258704K(1208320K), 0.0016700 secs] [Times: user=0.01 sys=0.00, real=0.00 secs] 
263.719: Total time for which application threads were stopped: 0.0018290 seconds, Stopping threads took: 0.0000910 seconds
263.906: Application time: 0.1875100 seconds
263.906: [GC [PSYoungGen: 665728K->640K(666112K)] 923792K->258712K(1208320K), 0.0017510 secs] [Times: user=0.01 sys=0.00, real=0.00 secs] 
263.908: Total time for which application threads were stopped: 0.0019150 seconds, Stopping threads took: 0.0000810 seconds
264.072: Application time: 0.1640740 seconds
264.072: [GC [PSYoungGen: 665728K->736K(666112K)] 923800K->258808K(1208320K), 0.0016340 secs] [Times: user=0.01 sys=0.00, real=0.00 secs] 
264.074: Total time for which application threads were stopped: 0.0017830 seconds, Stopping threads took: 0.0000860 seconds
264.297: Application time: 0.2228640 seconds
264.297: [GC [PSYoungGen: 665824K->688K(666112K)] 923896K->258760K(1208320K), 0.0017030 secs] [Times: user=0.01 sys=0.00, real=0.00 secs] 
264.299: Total time for which application threads were stopped: 0.0018450 seconds, Stopping threads took: 0.0000690 seconds
264.477: Application time: 0.1786100 seconds
264.478: [GC [PSYoungGen: 665776K->768K(666112K)] 923848K->258848K(1208320K), 0.0018090 secs] [Times: user=0.01 sys=0.00, real=0.00 secs] 
264.479: Total time for which application threads were stopped: 0.0019840 seconds, Stopping threads took: 0.0000930 seconds
264.660: Application time: 0.1802810 seconds
264.661: [GC [PSYoungGen: 665856K->512K(666112K)] 923936K->258600K(1208320K), 0.0018370 secs] [Times: user=0.01 sys=0.00, real=0.01 secs] 
264.663: Total time for which application threads were stopped: 0.0030530 seconds, Stopping threads took: 0.0011360 seconds
264.877: Application time: 0.2147410 seconds
264.878: [GC [PSYoungGen: 665600K->704K(666112K)] 923688K->258792K(1208320K), 0.0016600 secs] [Times: user=0.02 sys=0.00, real=0.00 secs] 
264.879: Total time for which application threads were stopped: 0.0018030 seconds, Stopping threads took: 0.0000780 seconds
265.048: Application time: 0.1691570 seconds
265.049: [GC [PSYoungGen: 665792K->768K(666112K)] 923880K->258864K(1208320K), 0.0016480 secs] [Times: user=0.00 sys=0.00, real=0.00 secs] 
265.050: Total time for which application threads were stopped: 0.0018060 seconds, Stopping threads took: 0.0000870 seconds
265.263: Application time: 0.2131640 seconds
265.264: [GC [PSYoungGen: 665856K->528K(666112K)] 923952K->258624K(1208320K), 0.0016740 secs] [Times: user=0.01 sys=0.00, real=0.00 secs] 
265.265: Total time for which application threads were stopped: 0.0018200 seconds, Stopping threads took: 0.0000770 seconds
265.455: Application time: 0.1902260 seconds
265.456: [GC [PSYoungGen: 665616K->768K(666112K)] 923712K->258872K(1208320K), 0.0016380 secs] [Times: user=0.01 sys=0.00, real=0.00 secs] 
265.457: Total time for which application threads were stopped: 0.0017780 seconds, Stopping threads took: 0.0000760 seconds
265.622: Application time: 0.1644760 seconds
265.622: [GC [PSYoungGen: 665856K->624K(666112K)] 923960K->258728K(1208320K), 0.0016450 secs] [Times: user=0.02 sys=0.00, real=0.01 secs] 
265.624: Total time for which application threads were stopped: 0.0018240 seconds, Stopping threads took: 0.0001000 seconds
265.849: Application time: 0.2257760 seconds
265.849: [GC [PSYoungGen: 665712K->672K(639488K)] 923816K->258776K(1181696K), 0.0014910 secs] [Times: user=0.00 sys=0.00, real=0.01 secs] 
265.851: Total time for which application threads were stopped: 0.0016200 seconds, Stopping threads took: 0.0000610 seconds
266.027: Application time: 0.1764850 seconds
266.028: [GC [PSYoungGen: 639136K->496K(643072K)] 897240K->258640K(1185280K), 0.0017440 secs] [Times: user=0.01 sys=0.00, real=0.00 secs] 
266.029: Total time for which application threads were stopped: 0.0018740 seconds, Stopping threads took: 0.0000650 seconds
266.200: Application time: 0.1707000 seconds
266.200: [GC [PSYoungGen: 643056K->576K(647680K)] 901200K->258728K(1189888K), 0.0016700 secs] [Times: user=0.01 sys=0.00, real=0.00 secs] 
266.202: Total time for which application threads were stopped: 0.0018150 seconds, Stopping threads took: 0.0000640 seconds
266.415: Application time: 0.2127990 seconds
266.415: [GC [PSYoungGen: 647232K->576K(651776K)] 905384K->258728K(1193984K), 0.0016130 secs] [Times: user=0.01 sys=0.00, real=0.00 secs] 
266.416: Total time for which application threads were stopped: 0.0017530 seconds, Stopping threads took: 0.0000760 seconds
266.586: Application time: 0.1692810 seconds
266.586: [GC [PSYoungGen: 651328K->720K(655872K)] 909480K->258880K(1198080K), 0.0016860 secs] [Times: user=0.01 sys=0.00, real=0.00 secs] 
266.587: Total time for which application threads were stopped: 0.0018210 seconds, Stopping threads took: 0.0000630 seconds
266.785: Application time: 0.1980270 seconds
266.786: [GC [PSYoungGen: 655568K->480K(659456K)] 913728K->258692K(1201664K), 0.0017130 secs] [Times: user=0.01 sys=0.00, real=0.00 secs] 
266.787: Total time for which application threads were stopped: 0.0018750 seconds, Stopping threads took: 0.0000820 seconds
266.984: Application time: 0.1963010 seconds
266.984: [GC [PSYoungGen: 659424K->720K(664064K)] 917636K->258940K(1206272K), 0.0016740 secs] [Times: user=0.01 sys=0.00, real=0.00 secs] 
266.986: Total time for which application threads were stopped: 0.0018290 seconds, Stopping threads took: 0.0000810 seconds
267.154: Application time: 0.1688850 seconds
267.155: [GC [PSYoungGen: 663760K->624K(665088K)] 921980K->258844K(1207296K), 0.0016730 secs] [Times: user=0.01 sys=0.00, real=0.00 secs] 
267.156: Total time for which application threads were stopped: 0.0018460 seconds, Stopping threads took: 0.0000980 seconds
267.380: Application time: 0.2234260 seconds
267.380: [GC [PSYoungGen: 664688K->768K(665088K)] 922908K->258988K(1207296K), 0.0033290 secs] [Times: user=0.01 sys=0.00, real=0.01 secs] 
267.383: Total time for which application threads were stopped: 0.0035130 seconds, Stopping threads took: 0.0001050 seconds
267.563: Application time: 0.1795670 seconds
267.563: [GC [PSYoungGen: 664832K->720K(666112K)] 923052K->258948K(1208320K), 0.0016640 secs] [Times: user=0.01 sys=0.00, real=0.00 secs] 
267.565: Total time for which application threads were stopped: 0.0018070 seconds, Stopping threads took: 0.0000730 seconds
267.735: Application time: 0.1703120 seconds
267.735: [GC [PSYoungGen: 665808K->592K(666112K)] 924036K->258828K(1208320K), 0.0016640 secs] [Times: user=0.01 sys=0.00, real=0.00 secs] 
267.737: Total time for which application threads were stopped: 0.0018410 seconds, Stopping threads took: 0.0001090 seconds
267.957: Application time: 0.2201910 seconds
267.957: [GC [PSYoungGen: 665680K->720K(666112K)] 923916K->258956K(1208320K), 0.0015990 secs] [Times: user=0.01 sys=0.00, real=0.00 secs] 
267.959: Total time for which application threads were stopped: 0.0017630 seconds, Stopping threads took: 0.0000850 seconds
268.136: Application time: 0.1774880 seconds
268.136: [GC [PSYoungGen: 665808K->720K(666112K)] 924044K->258964K(1208320K), 0.0016700 secs] [Times: user=0.01 sys=0.00, real=0.00 secs] 
268.138: Total time for which application threads were stopped: 0.0018250 seconds, Stopping threads took: 0.0000910 seconds
268.341: Application time: 0.2025200 seconds
268.341: [GC [PSYoungGen: 665808K->576K(666112K)] 924052K->258820K(1208320K), 0.0016370 secs] [Times: user=0.01 sys=0.00, real=0.00 secs] 
268.342: Total time for which application threads were stopped: 0.0017680 seconds, Stopping threads took: 0.0000660 seconds
268.537: Application time: 0.1943500 seconds
268.537: [GC [PSYoungGen: 665664K->656K(666112K)] 923908K->258916K(1208320K), 0.0016790 secs] [Times: user=0.01 sys=0.00, real=0.00 secs] 
268.538: Total time for which application threads were stopped: 0.0018430 seconds, Stopping threads took: 0.0000890 seconds
268.710: Application time: 0.1710300 seconds
268.710: [GC [PSYoungGen: 665744K->736K(666112K)] 924004K->259004K(1208320K), 0.0017740 secs] [Times: user=0.01 sys=0.00, real=0.01 secs] 
268.711: Total time for which application threads were stopped: 0.0019260 seconds, Stopping threads took: 0.0000900 seconds
268.935: Application time: 0.2235150 seconds
268.935: [GC [PSYoungGen: 665824K->752K(639488K)] 924092K->259020K(1181696K), 0.0014840 secs] [Times: user=0.01 sys=0.00, real=0.00 secs] 
268.937: Total time for which application threads were stopped: 0.0016120 seconds, Stopping threads took: 0.0000600 seconds
269.109: Application time: 0.1721950 seconds
269.109: [GC [PSYoungGen: 639216K->496K(643072K)] 897484K->259004K(1185280K), 0.0018210 secs] [Times: user=0.01 sys=0.00, real=0.01 secs] 
269.111: Total time for which application threads were stopped: 0.0019790 seconds, Stopping threads took: 0.0000830 seconds
269.271: Application time: 0.1603380 seconds
269.271: [GC [PSYoungGen: 643056K->464K(647680K)] 901564K->258980K(1189888K), 0.0016580 secs] [Times: user=0.01 sys=0.00, real=0.00 secs] 
269.273: Total time for which application threads were stopped: 0.0017890 seconds, Stopping threads took: 0.0000660 seconds
269.491: Application time: 0.2181320 seconds
269.491: [GC [PSYoungGen: 647120K->624K(651776K)] 905636K->259140K(1193984K), 0.0017610 secs] [Times: user=0.01 sys=0.00, real=0.00 secs] 
269.493: Total time for which application threads were stopped: 0.0019040 seconds, Stopping threads took: 0.0000740 seconds
269.670: Application time: 0.1769990 seconds
269.670: [GC [PSYoungGen: 651376K->864K(655872K)] 909892K->259420K(1198080K), 0.0017440 secs] [Times: user=0.01 sys=0.00, real=0.01 secs] 
269.672: Total time for which application threads were stopped: 0.0018960 seconds, Stopping threads took: 0.0000710 seconds
269.861: Application time: 0.1890760 seconds
269.863: [GC [PSYoungGen: 655712K->496K(659456K)] 914268K->259092K(1201664K), 0.0016700 secs] [Times: user=0.01 sys=0.00, real=0.00 secs] 
269.864: Total time for which application threads were stopped: 0.0033940 seconds, Stopping threads took: 0.0016490 seconds
270.065: Application time: 0.2003130 seconds
270.065: [GC [PSYoungGen: 659440K->896K(664064K)] 918036K->259500K(1206272K), 0.0016510 secs] [Times: user=0.01 sys=0.00, real=0.00 secs] 
270.066: Total time for which application threads were stopped: 0.0017930 seconds, Stopping threads took: 0.0000780 seconds
270.239: Application time: 0.1726850 seconds
270.239: [GC [PSYoungGen: 663936K->800K(665088K)] 922540K->259404K(1207296K), 0.0017360 secs] [Times: user=0.01 sys=0.00, real=0.00 secs] 
270.241: Total time for which application threads were stopped: 0.0018700 seconds, Stopping threads took: 0.0000520 seconds
270.461: Application time: 0.2200390 seconds
270.461: [GC [PSYoungGen: 664864K->640K(665088K)] 923468K->259244K(1207296K), 0.0016750 secs] [Times: user=0.02 sys=0.00, real=0.01 secs] 
270.463: Total time for which application threads were stopped: 0.0018300 seconds, Stopping threads took: 0.0000880 seconds
270.640: Application time: 0.1775350 seconds
270.640: [GC [PSYoungGen: 664704K->784K(666112K)] 923308K->259396K(1208320K), 0.0017140 secs] [Times: user=0.01 sys=0.00, real=0.00 secs] 
270.642: Total time for which application threads were stopped: 0.0018410 seconds, Stopping threads took: 0.0000610 seconds
270.811: Application time: 0.1684230 seconds
270.811: [GC [PSYoungGen: 665872K->848K(666112K)] 924484K->259468K(1208320K), 0.0016920 secs] [Times: user=0.01 sys=0.00, real=0.00 secs] 
270.813: Total time for which application threads were stopped: 0.0018580 seconds, Stopping threads took: 0.0000840 seconds
271.036: Application time: 0.2238040 seconds
271.036: [GC [PSYoungGen: 665936K->672K(666112K)] 924556K->259300K(1208320K), 0.0016650 secs] [Times: user=0.01 sys=0.00, real=0.00 secs] 
271.038: Total time for which application threads were stopped: 0.0017970 seconds, Stopping threads took: 0.0000700 seconds
271.216: Application time: 0.1782490 seconds
271.216: [GC [PSYoungGen: 665760K->704K(666112K)] 924388K->259340K(1208320K), 0.0016910 secs] [Times: user=0.01 sys=0.00, real=0.00 secs] 
271.218: Total time for which application threads were stopped: 0.0018370 seconds, Stopping threads took: 0.0000780 seconds
271.408: Application time: 0.1896960 seconds
271.408: [GC [PSYoungGen: 665792K->704K(666112K)] 924428K->259340K(1208320K), 0.0014880 secs] [Times: user=0.01 sys=0.00, real=0.00 secs] 
271.410: Total time for which application threads were stopped: 0.0016440 seconds, Stopping threads took: 0.0000770 seconds
271.613: Application time: 0.2037840 seconds
271.613: [GC [PSYoungGen: 665792K->864K(639488K)] 924428K->259508K(1181696K), 0.0015920 secs] [Times: user=0.00 sys=0.00, real=0.00 secs] 
271.615: Total time for which application threads were stopped: 0.0017630 seconds, Stopping threads took: 0.0001010 seconds
271.783: Application time: 0.1676760 seconds
271.783: [GC [PSYoungGen: 639328K->496K(643072K)] 897972K->259300K(1185280K), 0.0017650 secs] [Times: user=0.01 sys=0.00, real=0.00 secs] 
271.785: Total time for which application threads were stopped: 0.0018970 seconds, Stopping threads took: 0.0000610 seconds
271.993: Application time: 0.2081730 seconds
271.993: [GC [PSYoungGen: 643056K->592K(647680K)] 901860K->259452K(1189888K), 0.0016850 secs] [Times: user=0.01 sys=0.00, real=0.00 secs] 
271.995: Total time for which application threads were stopped: 0.0018600 seconds, Stopping threads took: 0.0000960 seconds
272.175: Application time: 0.1800000 seconds
272.175: [GC [PSYoungGen: 647248K->672K(651776K)] 906108K->259532K(1193984K), 0.0017410 secs] [Times: user=0.01 sys=0.00, real=0.00 secs] 
272.177: Total time for which application threads were stopped: 0.0018730 seconds, Stopping threads took: 0.0000670 seconds
272.344: Application time: 0.1672520 seconds
272.344: [GC [PSYoungGen: 651424K->704K(656384K)] 910284K->259572K(1198592K), 0.0017920 secs] [Times: user=0.01 sys=0.00, real=0.00 secs] 
272.346: Total time for which application threads were stopped: 0.0019330 seconds, Stopping threads took: 0.0000600 seconds
272.568: Application time: 0.2219110 seconds
272.568: [GC [PSYoungGen: 656064K->496K(659968K)] 914932K->259504K(1202176K), 0.0017090 secs] [Times: user=0.01 sys=0.00, real=0.00 secs] 
272.570: Total time for which application threads were stopped: 0.0018550 seconds, Stopping threads took: 0.0000630 seconds
272.746: Application time: 0.1766580 seconds
272.746: [GC [PSYoungGen: 659952K->720K(665088K)] 918960K->259744K(1207296K), 0.0018300 secs] [Times: user=0.01 sys=0.00, real=0.00 secs] 
272.748: Total time for which application threads were stopped: 0.0019720 seconds, Stopping threads took: 0.0000690 seconds
272.923: Application time: 0.1749240 seconds
272.923: [GC [PSYoungGen: 664784K->560K(665088K)] 923808K->259584K(1207296K), 0.0017070 secs] [Times: user=0.01 sys=0.00, real=0.00 secs] 
272.925: Total time for which application threads were stopped: 0.0018690 seconds, Stopping threads took: 0.0000930 seconds
273.142: Application time: 0.2168420 seconds
273.142: [GC [PSYoungGen: 664624K->704K(665088K)] 923648K->259736K(1207296K), 0.0017080 secs] [Times: user=0.01 sys=0.00, real=0.01 secs] 
273.144: Total time for which application threads were stopped: 0.0018620 seconds, Stopping threads took: 0.0000740 seconds
273.319: Application time: 0.1749600 seconds
273.319: [GC [PSYoungGen: 664768K->640K(666112K)] 923800K->259672K(1208320K), 0.0016550 secs] [Times: user=0.01 sys=0.00, real=0.00 secs] 
273.320: Total time for which application threads were stopped: 0.0017810 seconds, Stopping threads took: 0.0000560 seconds
273.526: Application time: 0.2060120 seconds
273.527: [GC [PSYoungGen: 665728K->640K(666112K)] 924760K->259672K(1208320K), 0.0017170 secs] [Times: user=0.01 sys=0.00, real=0.00 secs] 
273.528: Total time for which application threads were stopped: 0.0018750 seconds, Stopping threads took: 0.0000960 seconds
273.720: Application time: 0.1919100 seconds
273.720: [GC [PSYoungGen: 665728K->736K(666112K)] 924760K->259768K(1208320K), 0.0017480 secs] [Times: user=0.01 sys=0.00, real=0.00 secs] 
273.722: Total time for which application threads were stopped: 0.0019050 seconds, Stopping threads took: 0.0000780 seconds
273.894: Application time: 0.1719800 seconds
273.894: [GC [PSYoungGen: 665824K->800K(666112K)] 924856K->259840K(1208320K), 0.0017790 secs] [Times: user=0.02 sys=0.00, real=0.00 secs] 
273.896: Total time for which application threads were stopped: 0.0019200 seconds, Stopping threads took: 0.0000690 seconds
274.118: Application time: 0.2220210 seconds
274.118: [GC [PSYoungGen: 665888K->624K(666112K)] 924928K->259672K(1208320K), 0.0017130 secs] [Times: user=0.01 sys=0.00, real=0.00 secs] 
274.120: Total time for which application threads were stopped: 0.0018520 seconds, Stopping threads took: 0.0000750 seconds
274.301: Application time: 0.1806560 seconds
274.301: [GC [PSYoungGen: 665712K->672K(666112K)] 924760K->259728K(1208320K), 0.0016490 secs] [Times: user=0.02 sys=0.00, real=0.00 secs] 
274.302: Total time for which application threads were stopped: 0.0018100 seconds, Stopping threads took: 0.0000850 seconds
274.478: Application time: 0.1760360 seconds
274.479: [GC [PSYoungGen: 665760K->624K(666112K)] 924816K->259688K(1208320K), 0.0016740 secs] [Times: user=0.01 sys=0.00, real=0.00 secs] 
274.480: Total time for which application threads were stopped: 0.0018400 seconds, Stopping threads took: 0.0000890 seconds
274.698: Application time: 0.2177320 seconds
274.698: [GC [PSYoungGen: 665712K->704K(666112K)] 924776K->259792K(1208320K), 0.0016750 secs] [Times: user=0.01 sys=0.00, real=0.00 secs] 
274.700: Total time for which application threads were stopped: 0.0018590 seconds, Stopping threads took: 0.0001120 seconds
274.876: Application time: 0.1758830 seconds
274.876: [GC [PSYoungGen: 665792K->800K(666112K)] 924880K->259896K(1208320K), 0.0014850 secs] [Times: user=0.01 sys=0.00, real=0.00 secs] 
274.877: Total time for which application threads were stopped: 0.0016320 seconds, Stopping threads took: 0.0000670 seconds
275.082: Application time: 0.2043400 seconds
275.082: [GC [PSYoungGen: 665888K->592K(639488K)] 924984K->259688K(1181696K), 0.0017050 secs] [Times: user=0.01 sys=0.00, real=0.01 secs] 
275.084: Total time for which application threads were stopped: 0.0018620 seconds, Stopping threads took: 0.0000820 seconds
275.269: Application time: 0.1855250 seconds
275.269: [GC [PSYoungGen: 639056K->496K(613376K)] 898152K->259724K(1155584K), 0.0015190 secs] [Times: user=0.01 sys=0.00, real=0.01 secs] 
275.271: Total time for which application threads were stopped: 0.0016570 seconds, Stopping threads took: 0.0000710 seconds
275.430: Application time: 0.1590110 seconds
275.430: [GC [PSYoungGen: 613360K->800K(617984K)] 872588K->260060K(1160192K), 0.0017130 secs] [Times: user=0.01 sys=0.00, real=0.01 secs] 
275.432: Total time for which application threads were stopped: 0.0018690 seconds, Stopping threads took: 0.0000820 seconds
275.636: Application time: 0.2038530 seconds
275.636: [GC [PSYoungGen: 617760K->672K(622080K)] 877020K->259932K(1164288K), 0.0017060 secs] [Times: user=0.01 sys=0.00, real=0.00 secs] 
275.637: Total time for which application threads were stopped: 0.0018590 seconds, Stopping threads took: 0.0000830 seconds
275.810: Application time: 0.1729980 seconds
275.811: [GC [PSYoungGen: 621728K->624K(626176K)] 880988K->259892K(1168384K), 0.0017120 secs] [Times: user=0.01 sys=0.01, real=0.01 secs] 
275.812: Total time for which application threads were stopped: 0.0018500 seconds, Stopping threads took: 0.0000700 seconds
275.973: Application time: 0.1610310 seconds
275.973: [GC [PSYoungGen: 625776K->496K(629760K)] 885044K->259900K(1171968K), 0.0016820 secs] [Times: user=0.02 sys=0.00, real=0.00 secs] 
275.975: Total time for which application threads were stopped: 0.0018400 seconds, Stopping threads took: 0.0000820 seconds
276.186: Application time: 0.2106840 seconds
276.186: [GC [PSYoungGen: 629744K->640K(634368K)] 889148K->260052K(1176576K), 0.0016760 secs] [Times: user=0.01 sys=0.00, real=0.00 secs] 
276.188: Total time for which application threads were stopped: 0.0018280 seconds, Stopping threads took: 0.0000830 seconds
276.358: Application time: 0.1707580 seconds
276.358: [GC [PSYoungGen: 633984K->608K(638464K)] 893396K->260020K(1180672K), 0.0016700 secs] [Times: user=0.00 sys=0.00, real=0.00 secs] 
276.360: Total time for which application threads were stopped: 0.0017860 seconds, Stopping threads took: 0.0000540 seconds
276.528: Application time: 0.1678410 seconds
276.528: [GC [PSYoungGen: 638048K->592K(642560K)] 897460K->260004K(1184768K), 0.0017160 secs] [Times: user=0.02 sys=0.00, real=0.00 secs] 
276.530: Total time for which application threads were stopped: 0.0018710 seconds, Stopping threads took: 0.0000800 seconds
276.742: Application time: 0.2116660 seconds
276.742: [GC [PSYoungGen: 642128K->496K(646144K)] 901540K->260100K(1188352K), 0.0016420 secs] [Times: user=0.02 sys=0.00, real=0.01 secs] 
276.743: Total time for which application threads were stopped: 0.0017700 seconds, Stopping threads took: 0.0000640 seconds
276.916: Application time: 0.1729880 seconds
276.916: [GC [PSYoungGen: 646128K->656K(650752K)] 905732K->260268K(1192960K), 0.0016780 secs] [Times: user=0.01 sys=0.00, real=0.00 secs] 
276.918: Total time for which application threads were stopped: 0.0018440 seconds, Stopping threads took: 0.0000970 seconds
277.101: Application time: 0.1832830 seconds
277.102: [GC [PSYoungGen: 650384K->496K(654336K)] 909996K->260108K(1196544K), 0.0017310 secs] [Times: user=0.01 sys=0.00, real=0.01 secs] 
277.103: Total time for which application threads were stopped: 0.0018900 seconds, Stopping threads took: 0.0000740 seconds
277.306: Application time: 0.2029680 seconds
277.306: [GC [PSYoungGen: 654320K->640K(658944K)] 913932K->260260K(1201152K), 0.0017480 secs] [Times: user=0.01 sys=0.00, real=0.00 secs] 
277.308: Total time for which application threads were stopped: 0.0018920 seconds, Stopping threads took: 0.0000780 seconds
277.480: Application time: 0.1717180 seconds
277.480: [GC [PSYoungGen: 658560K->624K(663552K)] 918180K->260252K(1205760K), 0.0016570 secs] [Times: user=0.01 sys=0.00, real=0.00 secs] 
277.482: Total time for which application threads were stopped: 0.0017900 seconds, Stopping threads took: 0.0000650 seconds
277.695: Application time: 0.2130340 seconds
277.695: [GC [PSYoungGen: 663152K->752K(636928K)] 922780K->260380K(1179136K), 0.0014990 secs] [Times: user=0.00 sys=0.00, real=0.00 secs] 
277.697: Total time for which application threads were stopped: 0.0018130 seconds, Stopping threads took: 0.0000630 seconds
277.871: Application time: 0.1739910 seconds
277.871: [GC [PSYoungGen: 636656K->480K(640512K)] 896284K->260236K(1182720K), 0.0016600 secs] [Times: user=0.01 sys=0.00, real=0.00 secs] 
277.872: Total time for which application threads were stopped: 0.0018080 seconds, Stopping threads took: 0.0000860 seconds
278.039: Application time: 0.1663490 seconds
278.039: [GC [PSYoungGen: 640480K->768K(645120K)] 900236K->260540K(1187328K), 0.0015860 secs] [Times: user=0.01 sys=0.00, real=0.00 secs] 
278.041: Total time for which application threads were stopped: 0.0017480 seconds, Stopping threads took: 0.0000960 seconds
278.253: Application time: 0.2126570 seconds
278.253: [GC [PSYoungGen: 644864K->688K(649216K)] 904636K->260460K(1191424K), 0.0017000 secs] [Times: user=0.01 sys=0.00, real=0.00 secs] 
278.255: Total time for which application threads were stopped: 0.0018540 seconds, Stopping threads took: 0.0000800 seconds
278.428: Application time: 0.1731100 seconds
278.428: [GC [PSYoungGen: 648880K->752K(653312K)] 908652K->260532K(1195520K), 0.0017210 secs] [Times: user=0.01 sys=0.00, real=0.00 secs] 
278.430: Total time for which application threads were stopped: 0.0018500 seconds, Stopping threads took: 0.0000630 seconds
278.608: Application time: 0.1776460 seconds
278.608: [GC [PSYoungGen: 653040K->480K(656896K)] 912820K->260332K(1199104K), 0.0016760 secs] [Times: user=0.01 sys=0.00, real=0.00 secs] 
278.609: Total time for which application threads were stopped: 0.0018460 seconds, Stopping threads took: 0.0001060 seconds
278.821: Application time: 0.2110650 seconds
278.821: [GC [PSYoungGen: 656864K->752K(661504K)] 916716K->260628K(1203712K), 0.0016470 secs] [Times: user=0.01 sys=0.00, real=0.00 secs] 
278.822: Total time for which application threads were stopped: 0.0017990 seconds, Stopping threads took: 0.0000830 seconds
278.999: Application time: 0.1766120 seconds
278.999: [GC [PSYoungGen: 661232K->800K(663040K)] 921108K->260676K(1205248K), 0.0014950 secs] [Times: user=0.01 sys=0.00, real=0.00 secs] 
279.001: Total time for which application threads were stopped: 0.0016220 seconds, Stopping threads took: 0.0000510 seconds
279.199: Application time: 0.1987850 seconds
279.199: [GC [PSYoungGen: 662816K->672K(636416K)] 922692K->260548K(1178624K), 0.0015390 secs] [Times: user=0.01 sys=0.00, real=0.00 secs] 
279.201: Total time for which application threads were stopped: 0.0016770 seconds, Stopping threads took: 0.0000710 seconds
279.384: Application time: 0.1832360 seconds
279.384: [GC [PSYoungGen: 636064K->496K(610304K)] 895940K->260616K(1152512K), 0.0016750 secs] [Times: user=0.01 sys=0.00, real=0.00 secs] 
279.386: Total time for which application threads were stopped: 0.0018320 seconds, Stopping threads took: 0.0000810 seconds
279.548: Application time: 0.1614420 seconds
279.548: [GC [PSYoungGen: 610288K->624K(614912K)] 870408K->260760K(1157120K), 0.0017550 secs] [Times: user=0.01 sys=0.00, real=0.00 secs] 
279.549: Total time for which application threads were stopped: 0.0019030 seconds, Stopping threads took: 0.0000730 seconds
279.747: Application time: 0.1974550 seconds
279.747: [GC [PSYoungGen: 614512K->464K(618496K)] 874648K->260600K(1160704K), 0.0017380 secs] [Times: user=0.01 sys=0.00, real=0.00 secs] 
279.749: Total time for which application threads were stopped: 0.0018820 seconds, Stopping threads took: 0.0000780 seconds
279.919: Application time: 0.1703790 seconds
279.919: [GC [PSYoungGen: 618448K->624K(623104K)] 878584K->260768K(1165312K), 0.0016510 secs] [Times: user=0.01 sys=0.00, real=0.00 secs] 
279.921: Total time for which application threads were stopped: 0.0018040 seconds, Stopping threads took: 0.0000680 seconds
280.085: Application time: 0.1638910 seconds
280.085: [GC [PSYoungGen: 622704K->688K(627200K)] 882848K->260848K(1169408K), 0.0016740 secs] [Times: user=0.01 sys=0.00, real=0.00 secs] 
280.087: Total time for which application threads were stopped: 0.0018740 seconds, Stopping threads took: 0.0001290 seconds
280.294: Application time: 0.2073560 seconds
280.294: [GC [PSYoungGen: 626864K->656K(631296K)] 887024K->260824K(1173504K), 0.0017070 secs] [Times: user=0.02 sys=0.00, real=0.00 secs] 
280.296: Total time for which application threads were stopped: 0.0018480 seconds, Stopping threads took: 0.0000750 seconds
280.466: Application time: 0.1698250 seconds
280.466: [GC [PSYoungGen: 630928K->496K(634880K)] 891096K->260792K(1177088K), 0.0016690 secs] [Times: user=0.01 sys=0.00, real=0.00 secs] 
280.468: Total time for which application threads were stopped: 0.0018230 seconds, Stopping threads took: 0.0000700 seconds
280.639: Application time: 0.1711820 seconds
280.639: [GC [PSYoungGen: 634864K->528K(639488K)] 895160K->260840K(1181696K), 0.0016730 secs] [Times: user=0.01 sys=0.00, real=0.00 secs] 
280.641: Total time for which application threads were stopped: 0.0018140 seconds, Stopping threads took: 0.0000790 seconds
280.850: Application time: 0.2097240 seconds
280.850: [GC [PSYoungGen: 638992K->592K(643584K)] 899304K->260904K(1185792K), 0.0016390 secs] [Times: user=0.01 sys=0.00, real=0.01 secs] 
280.852: Total time for which application threads were stopped: 0.0017850 seconds, Stopping threads took: 0.0000790 seconds
281.022: Application time: 0.1695560 seconds
281.022: [GC [PSYoungGen: 643152K->640K(647680K)] 903464K->260952K(1189888K), 0.0017260 secs] [Times: user=0.01 sys=0.00, real=0.01 secs] 
281.024: Total time for which application threads were stopped: 0.0018650 seconds, Stopping threads took: 0.0000560 seconds
281.204: Application time: 0.1802850 seconds
281.204: [GC [PSYoungGen: 647296K->480K(651264K)] 907608K->260904K(1193472K), 0.0016790 secs] [Times: user=0.01 sys=0.00, real=0.00 secs] 
281.206: Total time for which application threads were stopped: 0.0018370 seconds, Stopping threads took: 0.0000860 seconds
281.411: Application time: 0.2057700 seconds
281.412: [GC [PSYoungGen: 651232K->624K(655872K)] 911656K->261072K(1198080K), 0.0017550 secs] [Times: user=0.01 sys=0.00, real=0.00 secs] 
281.413: Total time for which application threads were stopped: 0.0018680 seconds, Stopping threads took: 0.0000470 seconds
281.587: Application time: 0.1735860 seconds
281.587: [GC [PSYoungGen: 655472K->688K(660480K)] 915920K->261136K(1202688K), 0.0017360 secs] [Times: user=0.01 sys=0.00, real=0.00 secs] 
281.589: Total time for which application threads were stopped: 0.0018830 seconds, Stopping threads took: 0.0000780 seconds
281.791: Application time: 0.2021510 seconds
281.791: [GC [PSYoungGen: 660144K->608K(660992K)] 920592K->261064K(1203200K), 0.0017080 secs] [Times: user=0.01 sys=0.00, real=0.00 secs] 
281.793: Total time for which application threads were stopped: 0.0018860 seconds, Stopping threads took: 0.0001050 seconds
281.980: Application time: 0.1876050 seconds
281.981: [GC [PSYoungGen: 660576K->672K(664576K)] 921032K->261136K(1206784K), 0.0015830 secs] [Times: user=0.01 sys=0.00, real=0.00 secs] 
281.982: Total time for which application threads were stopped: 0.0017230 seconds, Stopping threads took: 0.0000670 seconds
282.160: Application time: 0.1775890 seconds
282.160: [GC [PSYoungGen: 664224K->640K(664576K)] 924688K->261120K(1206784K), 0.0018160 secs] [Times: user=0.01 sys=0.00, real=0.00 secs] 
282.162: Total time for which application threads were stopped: 0.0019640 seconds, Stopping threads took: 0.0000700 seconds
282.377: Application time: 0.2151680 seconds
282.377: [GC [PSYoungGen: 664192K->528K(666112K)] 924672K->261008K(1208320K), 0.0016660 secs] [Times: user=0.01 sys=0.01, real=0.00 secs] 
282.379: Total time for which application threads were stopped: 0.0018400 seconds, Stopping threads took: 0.0001110 seconds
282.557: Application time: 0.1786400 seconds
282.558: [GC [PSYoungGen: 665616K->656K(666112K)] 926096K->261144K(1208320K), 0.0016880 secs] [Times: user=0.01 sys=0.00, real=0.00 secs] 
282.559: Total time for which application threads were stopped: 0.0018410 seconds, Stopping threads took: 0.0000860 seconds
282.748: Application time: 0.1892490 seconds
282.749: [GC [PSYoungGen: 665744K->592K(666112K)] 926232K->261080K(1208320K), 0.0015380 secs] [Times: user=0.01 sys=0.00, real=0.00 secs] 
282.750: Total time for which application threads were stopped: 0.0018040 seconds, Stopping threads took: 0.0000690 seconds
282.958: Application time: 0.2074240 seconds
282.958: [GC [PSYoungGen: 665680K->848K(639488K)] 926168K->261336K(1181696K), 0.0017470 secs] [Times: user=0.01 sys=0.00, real=0.00 secs] 
282.960: Total time for which application threads were stopped: 0.0019000 seconds, Stopping threads took: 0.0000860 seconds
283.128: Application time: 0.1682570 seconds
283.128: [GC [PSYoungGen: 639312K->512K(643072K)] 899800K->261136K(1185280K), 0.0017800 secs] [Times: user=0.01 sys=0.00, real=0.00 secs] 
283.130: Total time for which application threads were stopped: 0.0019450 seconds, Stopping threads took: 0.0000930 seconds
283.322: Application time: 0.1919450 seconds
283.322: [GC [PSYoungGen: 643072K->528K(647680K)] 903696K->261192K(1189888K), 0.0016780 secs] [Times: user=0.01 sys=0.00, real=0.01 secs] 
283.324: Total time for which application threads were stopped: 0.0018260 seconds, Stopping threads took: 0.0000720 seconds
283.511: Application time: 0.1875820 seconds
283.511: [GC [PSYoungGen: 647184K->608K(651776K)] 907848K->261272K(1193984K), 0.0017310 secs] [Times: user=0.01 sys=0.00, real=0.00 secs] 
283.513: Total time for which application threads were stopped: 0.0018820 seconds, Stopping threads took: 0.0000890 seconds
283.688: Application time: 0.1753870 seconds
283.689: [GC [PSYoungGen: 651360K->768K(655872K)] 912024K->261449K(1198080K), 0.0015150 secs] [Times: user=0.01 sys=0.00, real=0.00 secs] 
283.690: Total time for which application threads were stopped: 0.0016620 seconds, Stopping threads took: 0.0000740 seconds
283.894: Application time: 0.2037990 seconds
283.894: [GC [PSYoungGen: 655616K->496K(659456K)] 916297K->261229K(1201664K), 0.0017040 secs] [Times: user=0.01 sys=0.00, real=0.00 secs] 
283.896: Total time for which application threads were stopped: 0.0018640 seconds, Stopping threads took: 0.0000820 seconds
284.079: Application time: 0.1827620 seconds
284.079: [GC [PSYoungGen: 659440K->624K(664064K)] 920173K->261373K(1206272K), 0.0017510 secs] [Times: user=0.01 sys=0.00, real=0.00 secs] 
284.080: Total time for which application threads were stopped: 0.0018980 seconds, Stopping threads took: 0.0000760 seconds
284.268: Application time: 0.1876920 seconds
284.268: [GC [PSYoungGen: 663664K->544K(665088K)] 924413K->261293K(1207296K), 0.0017020 secs] [Times: user=0.01 sys=0.00, real=0.00 secs] 
284.270: Total time for which application threads were stopped: 0.0018570 seconds, Stopping threads took: 0.0000840 seconds
284.475: Application time: 0.2047900 seconds
284.475: [GC [PSYoungGen: 664608K->560K(665088K)] 925357K->261309K(1207296K), 0.0017930 secs] [Times: user=0.01 sys=0.00, real=0.00 secs] 
284.477: Total time for which application threads were stopped: 0.0019730 seconds, Stopping threads took: 0.0001050 seconds
284.656: Application time: 0.1794240 seconds
284.656: [GC [PSYoungGen: 664624K->608K(666112K)] 925373K->261364K(1208320K), 0.0017980 secs] [Times: user=0.01 sys=0.00, real=0.00 secs] 
284.658: Total time for which application threads were stopped: 0.0019510 seconds, Stopping threads took: 0.0000840 seconds
284.854: Application time: 0.1957940 seconds
284.854: [GC [PSYoungGen: 665696K->496K(666112K)] 926452K->261261K(1208320K), 0.0016180 secs] [Times: user=0.01 sys=0.00, real=0.00 secs] 
284.856: Total time for which application threads were stopped: 0.0017860 seconds, Stopping threads took: 0.0000940 seconds
285.053: Application time: 0.1971550 seconds
285.053: [GC [PSYoungGen: 665584K->608K(666112K)] 926349K->261381K(1208320K), 0.0017110 secs] [Times: user=0.01 sys=0.00, real=0.00 secs] 
285.055: Total time for which application threads were stopped: 0.0018680 seconds, Stopping threads took: 0.0000800 seconds
285.235: Application time: 0.1799790 seconds
285.235: [GC [PSYoungGen: 665696K->656K(666112K)] 926469K->261437K(1208320K), 0.0016200 secs] [Times: user=0.01 sys=0.00, real=0.00 secs] 
285.237: Total time for which application threads were stopped: 0.0017640 seconds, Stopping threads took: 0.0000800 seconds
285.443: Application time: 0.2061130 seconds
285.443: [GC [PSYoungGen: 665744K->800K(666112K)] 926525K->261581K(1208320K), 0.0016790 secs] [Times: user=0.01 sys=0.00, real=0.00 secs] 
285.444: Total time for which application threads were stopped: 0.0018360 seconds, Stopping threads took: 0.0000870 seconds
285.631: Application time: 0.1865900 seconds
285.631: [GC [PSYoungGen: 665888K->704K(639488K)] 926669K->261493K(1181696K), 0.0015110 secs] [Times: user=0.01 sys=0.00, real=0.00 secs] 
285.633: Total time for which application threads were stopped: 0.0016740 seconds, Stopping threads took: 0.0000900 seconds
285.812: Application time: 0.1788060 seconds
285.812: [GC [PSYoungGen: 639168K->496K(643072K)] 899957K->261325K(1185280K), 0.0016910 secs] [Times: user=0.01 sys=0.00, real=0.00 secs] 
285.813: Total time for which application threads were stopped: 0.0018340 seconds, Stopping threads took: 0.0000730 seconds
286.011: Application time: 0.1979870 seconds
286.012: [GC [PSYoungGen: 643056K->736K(617984K)] 903885K->261581K(1160192K), 0.0016670 secs] [Times: user=0.01 sys=0.00, real=0.00 secs] 
286.013: Total time for which application threads were stopped: 0.0018030 seconds, Stopping threads took: 0.0000730 seconds
286.182: Application time: 0.1685930 seconds
286.182: [GC [PSYoungGen: 617696K->624K(622080K)] 878541K->261469K(1164288K), 0.0016950 secs] [Times: user=0.01 sys=0.00, real=0.01 secs] 
286.184: Total time for which application threads were stopped: 0.0018480 seconds, Stopping threads took: 0.0000700 seconds
286.362: Application time: 0.1781320 seconds
286.362: [GC [PSYoungGen: 621680K->608K(626176K)] 882525K->261461K(1168384K), 0.0017230 secs] [Times: user=0.01 sys=0.00, real=0.01 secs] 
286.364: Total time for which application threads were stopped: 0.0018660 seconds, Stopping threads took: 0.0000740 seconds
286.555: Application time: 0.1911580 seconds
286.555: [GC [PSYoungGen: 625760K->496K(629760K)] 886613K->261421K(1171968K), 0.0016390 secs] [Times: user=0.01 sys=0.00, real=0.00 secs] 
286.557: Total time for which application threads were stopped: 0.0017960 seconds, Stopping threads took: 0.0000900 seconds
286.728: Application time: 0.1712600 seconds
286.728: [GC [PSYoungGen: 629744K->608K(634368K)] 890669K->261557K(1176576K), 0.0016840 secs] [Times: user=0.01 sys=0.00, real=0.00 secs] 
286.730: Total time for which application threads were stopped: 0.0018630 seconds, Stopping threads took: 0.0000990 seconds
286.915: Application time: 0.1854700 seconds
286.915: [GC [PSYoungGen: 633952K->592K(638464K)] 894901K->261541K(1180672K), 0.0016150 secs] [Times: user=0.01 sys=0.00, real=0.00 secs] 
286.917: Total time for which application threads were stopped: 0.0017800 seconds, Stopping threads took: 0.0001000 seconds
287.111: Application time: 0.1936400 seconds
287.111: [GC [PSYoungGen: 638032K->688K(642560K)] 898981K->261645K(1184768K), 0.0017610 secs] [Times: user=0.01 sys=0.00, real=0.00 secs] 
287.113: Total time for which application threads were stopped: 0.0018980 seconds, Stopping threads took: 0.0000730 seconds
287.284: Application time: 0.1713040 seconds
287.284: [GC [PSYoungGen: 642224K->496K(646144K)] 903181K->261549K(1188352K), 0.0017540 secs] [Times: user=0.02 sys=0.00, real=0.00 secs] 
287.286: Total time for which application threads were stopped: 0.0019240 seconds, Stopping threads took: 0.0000890 seconds
287.483: Application time: 0.1971550 seconds
287.483: [GC [PSYoungGen: 646128K->512K(650752K)] 907181K->261573K(1192960K), 0.0016500 secs] [Times: user=0.01 sys=0.00, real=0.00 secs] 
287.485: Total time for which application threads were stopped: 0.0017860 seconds, Stopping threads took: 0.0000630 seconds
287.669: Application time: 0.1846430 seconds
287.670: [GC [PSYoungGen: 650240K->672K(655360K)] 911301K->261733K(1197568K), 0.0018020 secs] [Times: user=0.02 sys=0.00, real=0.01 secs] 
287.671: Total time for which application threads were stopped: 0.0019740 seconds, Stopping threads took: 0.0001060 seconds
287.853: Application time: 0.1819610 seconds
287.853: [GC [PSYoungGen: 655008K->688K(659968K)] 916069K->261757K(1202176K), 0.0017400 secs] [Times: user=0.01 sys=0.00, real=0.00 secs] 
287.855: Total time for which application threads were stopped: 0.0018830 seconds, Stopping threads took: 0.0000640 seconds
288.056: Application time: 0.2009130 seconds
288.056: [GC [PSYoungGen: 659632K->480K(663552K)] 920701K->261637K(1205760K), 0.0016670 secs] [Times: user=0.01 sys=0.00, real=0.00 secs] 
288.058: Total time for which application threads were stopped: 0.0018220 seconds, Stopping threads took: 0.0000870 seconds
288.241: Application time: 0.1835740 seconds
288.242: [GC [PSYoungGen: 663520K->736K(664064K)] 924677K->261901K(1206272K), 0.0016760 secs] [Times: user=0.01 sys=0.00, real=0.01 secs] 
288.243: Total time for which application threads were stopped: 0.0018050 seconds, Stopping threads took: 0.0000660 seconds
288.436: Application time: 0.1930390 seconds
288.436: [GC [PSYoungGen: 663776K->688K(666112K)] 924941K->261853K(1208320K), 0.0016370 secs] [Times: user=0.01 sys=0.00, real=0.00 secs] 
288.438: Total time for which application threads were stopped: 0.0018060 seconds, Stopping threads took: 0.0000880 seconds
288.642: Application time: 0.2038540 seconds
288.642: [GC [PSYoungGen: 665776K->704K(666112K)] 926941K->261877K(1208320K), 0.0017000 secs] [Times: user=0.01 sys=0.00, real=0.01 secs] 
288.644: Total time for which application threads were stopped: 0.0018500 seconds, Stopping threads took: 0.0000780 seconds
288.819: Application time: 0.1755320 seconds
288.820: [GC [PSYoungGen: 665792K->880K(666112K)] 926965K->262053K(1208320K), 0.0016740 secs] [Times: user=0.01 sys=0.00, real=0.00 secs] 
288.821: Total time for which application threads were stopped: 0.0018150 seconds, Stopping threads took: 0.0000700 seconds
289.024: Application time: 0.2025920 seconds
289.024: [GC [PSYoungGen: 665968K->784K(666112K)] 927141K->261957K(1208320K), 0.0016690 secs] [Times: user=0.01 sys=0.00, real=0.00 secs] 
289.026: Total time for which application threads were stopped: 0.0018240 seconds, Stopping threads took: 0.0000780 seconds
289.215: Application time: 0.1894050 seconds
289.215: [GC [PSYoungGen: 665872K->720K(666112K)] 927045K->261901K(1208320K), 0.0017070 secs] [Times: user=0.02 sys=0.00, real=0.00 secs] 
289.217: Total time for which application threads were stopped: 0.0018610 seconds, Stopping threads took: 0.0000810 seconds
289.402: Application time: 0.1854430 seconds
289.402: [GC [PSYoungGen: 665808K->768K(666112K)] 926989K->261957K(1208320K), 0.0016540 secs] [Times: user=0.01 sys=0.00, real=0.01 secs] 
289.404: Total time for which application threads were stopped: 0.0018010 seconds, Stopping threads took: 0.0000780 seconds
289.606: Application time: 0.2022980 seconds
289.607: [GC [PSYoungGen: 665856K->672K(639488K)] 927045K->261869K(1181696K), 0.0016560 secs] [Times: user=0.01 sys=0.00, real=0.00 secs] 
289.608: Total time for which application threads were stopped: 0.0018260 seconds, Stopping threads took: 0.0000940 seconds
289.786: Application time: 0.1781960 seconds
289.787: [GC [PSYoungGen: 639136K->688K(643584K)] 900333K->261885K(1185792K), 0.0017490 secs] [Times: user=0.01 sys=0.00, real=0.00 secs] 
289.788: Total time for which application threads were stopped: 0.0018980 seconds, Stopping threads took: 0.0000760 seconds
289.973: Application time: 0.1841440 seconds
289.973: [GC [PSYoungGen: 643248K->480K(647168K)] 904445K->261785K(1189376K), 0.0016220 secs] [Times: user=0.01 sys=0.00, real=0.00 secs] 
289.974: Total time for which application threads were stopped: 0.0017640 seconds, Stopping threads took: 0.0000800 seconds
290.174: Application time: 0.1999220 seconds
290.174: [GC [PSYoungGen: 647136K->624K(651776K)] 908441K->261945K(1193984K), 0.0016980 secs] [Times: user=0.01 sys=0.00, real=0.00 secs] 
290.176: Total time for which application threads were stopped: 0.0018550 seconds, Stopping threads took: 0.0000840 seconds
290.352: Application time: 0.1760100 seconds
290.352: [GC [PSYoungGen: 651376K->672K(655872K)] 912697K->261993K(1198080K), 0.0016560 secs] [Times: user=0.01 sys=0.00, real=0.00 secs] 
290.354: Total time for which application threads were stopped: 0.0017900 seconds, Stopping threads took: 0.0000660 seconds
290.547: Application time: 0.1935730 seconds
290.548: [GC [PSYoungGen: 655520K->560K(659968K)] 916841K->261881K(1202176K), 0.0016930 secs] [Times: user=0.01 sys=0.00, real=0.00 secs] 
290.549: Total time for which application threads were stopped: 0.0018330 seconds, Stopping threads took: 0.0000750 seconds
290.747: Application time: 0.1977810 seconds
290.747: [GC [PSYoungGen: 659504K->480K(632832K)] 920825K->261969K(1175040K), 0.0016440 secs] [Times: user=0.01 sys=0.00, real=0.00 secs] 
290.749: Total time for which application threads were stopped: 0.0017890 seconds, Stopping threads took: 0.0000680 seconds
290.919: Application time: 0.1701140 seconds
290.919: [GC [PSYoungGen: 632800K->640K(637440K)] 894289K->262137K(1179648K), 0.0016740 secs] [Times: user=0.01 sys=0.00, real=0.00 secs] 
290.921: Total time for which application threads were stopped: 0.0017970 seconds, Stopping threads took: 0.0000600 seconds
291.114: Application time: 0.1937020 seconds
291.115: [GC [PSYoungGen: 637056K->704K(641536K)] 898553K->262201K(1183744K), 0.0016630 secs] [Times: user=0.01 sys=0.00, real=0.00 secs] 
291.116: Total time for which application threads were stopped: 0.0018280 seconds, Stopping threads took: 0.0000950 seconds
291.299: Application time: 0.1830640 seconds
291.300: [GC [PSYoungGen: 641216K->544K(645632K)] 902713K->262041K(1187840K), 0.0017050 secs] [Times: user=0.01 sys=0.00, real=0.00 secs] 
291.301: Total time for which application threads were stopped: 0.0018620 seconds, Stopping threads took: 0.0000770 seconds
291.478: Application time: 0.1768860 seconds
291.478: [GC [PSYoungGen: 645152K->480K(649216K)] 906649K->261997K(1191424K), 0.0016880 secs] [Times: user=0.01 sys=0.00, real=0.00 secs] 
291.480: Total time for which application threads were stopped: 0.0018170 seconds, Stopping threads took: 0.0000660 seconds
291.684: Application time: 0.2042600 seconds
291.684: [GC [PSYoungGen: 649184K->624K(653824K)] 910701K->262149K(1196032K), 0.0016390 secs] [Times: user=0.01 sys=0.00, real=0.00 secs] 
291.686: Total time for which application threads were stopped: 0.0017790 seconds, Stopping threads took: 0.0000740 seconds
291.864: Application time: 0.1783970 seconds
291.865: [GC [PSYoungGen: 653424K->752K(657920K)] 914949K->262277K(1200128K), 0.0017280 secs] [Times: user=0.01 sys=0.00, real=0.00 secs] 
291.866: Total time for which application threads were stopped: 0.0018840 seconds, Stopping threads took: 0.0000750 seconds
292.053: Application time: 0.1870380 seconds
292.053: [GC [PSYoungGen: 657648K->624K(662016K)] 919173K->262149K(1204224K), 0.0017030 secs] [Times: user=0.01 sys=0.00, real=0.00 secs] 
292.055: Total time for which application threads were stopped: 0.0018220 seconds, Stopping threads took: 0.0000580 seconds
292.264: Application time: 0.2087930 seconds
292.264: [GC [PSYoungGen: 661616K->512K(664064K)] 923141K->262177K(1206272K), 0.0016940 secs] [Times: user=0.01 sys=0.00, real=0.00 secs] 
292.266: Total time for which application threads were stopped: 0.0018540 seconds, Stopping threads took: 0.0000960 seconds
292.441: Application time: 0.1749290 seconds
292.441: [GC [PSYoungGen: 664064K->512K(664576K)] 925729K->262185K(1206784K), 0.0016620 secs] [Times: user=0.01 sys=0.00, real=0.01 secs] 
292.443: Total time for which application threads were stopped: 0.0018100 seconds, Stopping threads took: 0.0000620 seconds
292.640: Application time: 0.1971830 seconds
292.640: [GC [PSYoungGen: 664064K->592K(666112K)] 925737K->262265K(1208320K), 0.0016860 secs] [Times: user=0.01 sys=0.00, real=0.00 secs] 
292.642: Total time for which application threads were stopped: 0.0018310 seconds, Stopping threads took: 0.0000750 seconds
292.841: Application time: 0.1999220 seconds
292.842: [GC [PSYoungGen: 665680K->736K(639488K)] 927353K->262441K(1181696K), 0.0016780 secs] [Times: user=0.01 sys=0.00, real=0.01 secs] 
292.843: Total time for which application threads were stopped: 0.0018400 seconds, Stopping threads took: 0.0000970 seconds
293.014: Application time: 0.1703490 seconds
293.014: [GC [PSYoungGen: 639200K->496K(643072K)] 900905K->262357K(1185280K), 0.0017840 secs] [Times: user=0.01 sys=0.00, real=0.00 secs] 
293.016: Total time for which application threads were stopped: 0.0019310 seconds, Stopping threads took: 0.0000740 seconds
293.219: Application time: 0.2035420 seconds
293.219: [GC [PSYoungGen: 643056K->464K(647680K)] 904917K->262341K(1189888K), 0.0016480 secs] [Times: user=0.01 sys=0.00, real=0.00 secs] 
293.221: Total time for which application threads were stopped: 0.0018060 seconds, Stopping threads took: 0.0000940 seconds
293.400: Application time: 0.1793990 seconds
293.400: [GC [PSYoungGen: 647120K->720K(651776K)] 908997K->262597K(1193984K), 0.0016320 secs] [Times: user=0.01 sys=0.00, real=0.00 secs] 
293.402: Total time for which application threads were stopped: 0.0017460 seconds, Stopping threads took: 0.0000520 seconds
293.582: Application time: 0.1802060 seconds
293.582: [GC [PSYoungGen: 651472K->576K(655872K)] 913349K->262477K(1198080K), 0.0018080 secs] [Times: user=0.01 sys=0.01, real=0.01 secs] 
293.584: Total time for which application threads were stopped: 0.0019540 seconds, Stopping threads took: 0.0000670 seconds
293.794: Application time: 0.2097360 seconds
293.794: [GC [PSYoungGen: 655424K->496K(659456K)] 917325K->262441K(1201664K), 0.0016770 secs] [Times: user=0.01 sys=0.00, real=0.00 secs] 
293.796: Total time for which application threads were stopped: 0.0018370 seconds, Stopping threads took: 0.0000950 seconds
293.976: Application time: 0.1800850 seconds
293.976: [GC [PSYoungGen: 659440K->560K(664064K)] 921385K->262513K(1206272K), 0.0016200 secs] [Times: user=0.01 sys=0.00, real=0.00 secs] 
293.978: Total time for which application threads were stopped: 0.0017970 seconds, Stopping threads took: 0.0001010 seconds
294.188: Application time: 0.2097930 seconds
294.188: [GC [PSYoungGen: 663600K->624K(665088K)] 925553K->262577K(1207296K), 0.0018050 secs] [Times: user=0.01 sys=0.00, real=0.00 secs] 
294.190: Total time for which application threads were stopped: 0.0019530 seconds, Stopping threads took: 0.0000680 seconds
294.416: Application time: 0.2263380 seconds
294.416: [GC [PSYoungGen: 664688K->688K(638464K)] 926641K->262649K(1180672K), 0.0018550 secs] [Times: user=0.01 sys=0.00, real=0.00 secs] 
294.418: Total time for which application threads were stopped: 0.0019940 seconds, Stopping threads took: 0.0000700 seconds
294.598: Application time: 0.1802170 seconds
294.598: [GC [PSYoungGen: 638128K->496K(642048K)] 900089K->262557K(1184256K), 0.0018680 secs] [Times: user=0.02 sys=0.00, real=0.00 secs] 
294.600: Total time for which application threads were stopped: 0.0020250 seconds, Stopping threads took: 0.0000880 seconds
294.819: Application time: 0.2188010 seconds
294.819: [GC [PSYoungGen: 642032K->592K(646656K)] 904093K->262661K(1188864K), 0.0018120 secs] [Times: user=0.02 sys=0.00, real=0.00 secs] 
294.821: Total time for which application threads were stopped: 0.0019840 seconds, Stopping threads took: 0.0000890 seconds
295.025: Application time: 0.2039470 seconds
295.025: [GC [PSYoungGen: 646224K->656K(650752K)] 908293K->262725K(1192960K), 0.0018280 secs] [Times: user=0.01 sys=0.01, real=0.00 secs] 
295.027: Total time for which application threads were stopped: 0.0019750 seconds, Stopping threads took: 0.0000690 seconds
295.214: Application time: 0.1873230 seconds
295.214: [GC [PSYoungGen: 650384K->592K(654848K)] 912453K->262661K(1197056K), 0.0018800 secs] [Times: user=0.01 sys=0.00, real=0.00 secs] 
295.216: Total time for which application threads were stopped: 0.0020610 seconds, Stopping threads took: 0.0001060 seconds
295.445: Application time: 0.2290090 seconds
295.445: [GC [PSYoungGen: 654416K->496K(658432K)] 916485K->262693K(1200640K), 0.0018670 secs] [Times: user=0.01 sys=0.00, real=0.00 secs] 
295.447: Total time for which application threads were stopped: 0.0020240 seconds, Stopping threads took: 0.0000680 seconds
295.641: Application time: 0.1939750 seconds
295.641: [GC [PSYoungGen: 658416K->784K(663040K)] 920613K->262997K(1205248K), 0.0018680 secs] [Times: user=0.01 sys=0.00, real=0.01 secs] 
295.643: Total time for which application threads were stopped: 0.0019870 seconds, Stopping threads took: 0.0000500 seconds
295.847: Application time: 0.2035870 seconds
295.847: [GC [PSYoungGen: 662800K->752K(664064K)] 925013K->262965K(1206272K), 0.0018510 secs] [Times: user=0.01 sys=0.00, real=0.00 secs] 
295.849: Total time for which application threads were stopped: 0.0020020 seconds, Stopping threads took: 0.0000780 seconds
296.077: Application time: 0.2279110 seconds
296.077: [GC [PSYoungGen: 663792K->656K(664064K)] 926005K->262901K(1206272K), 0.0018310 secs] [Times: user=0.01 sys=0.00, real=0.00 secs] 
296.079: Total time for which application threads were stopped: 0.0020210 seconds, Stopping threads took: 0.0001020 seconds
296.266: Application time: 0.1874890 seconds
296.266: [GC [PSYoungGen: 663696K->896K(666112K)] 925941K->263149K(1208320K), 0.0019370 secs] [Times: user=0.01 sys=0.00, real=0.00 secs] 
296.268: Total time for which application threads were stopped: 0.0020790 seconds, Stopping threads took: 0.0000700 seconds
296.482: Application time: 0.2138290 seconds
296.482: [GC [PSYoungGen: 665984K->592K(666112K)] 928237K->262845K(1208320K), 0.0019590 secs] [Times: user=0.01 sys=0.00, real=0.01 secs] 
296.484: Total time for which application threads were stopped: 0.0020930 seconds, Stopping threads took: 0.0000570 seconds
296.699: Application time: 0.2145110 seconds
296.699: [GC [PSYoungGen: 665680K->768K(666112K)] 927933K->263029K(1208320K), 0.0017810 secs] [Times: user=0.01 sys=0.00, real=0.00 secs] 
296.701: Total time for which application threads were stopped: 0.0019160 seconds, Stopping threads took: 0.0000570 seconds
296.891: Application time: 0.1902030 seconds
296.891: [GC [PSYoungGen: 665856K->832K(666112K)] 928117K->263093K(1208320K), 0.0017530 secs] [Times: user=0.01 sys=0.00, real=0.00 secs] 
296.893: Total time for which application threads were stopped: 0.0019020 seconds, Stopping threads took: 0.0000730 seconds
297.123: Application time: 0.2298220 seconds
297.123: [GC [PSYoungGen: 665920K->704K(666112K)] 928181K->262965K(1208320K), 0.0018280 secs] [Times: user=0.01 sys=0.00, real=0.00 secs] 
297.125: Total time for which application threads were stopped: 0.0019570 seconds, Stopping threads took: 0.0000640 seconds
297.321: Application time: 0.1964390 seconds
297.321: [GC [PSYoungGen: 665792K->800K(666112K)] 928053K->263069K(1208320K), 0.0018430 secs] [Times: user=0.01 sys=0.00, real=0.01 secs] 
297.323: Total time for which application threads were stopped: 0.0019890 seconds, Stopping threads took: 0.0000560 seconds
297.526: Application time: 0.2026960 seconds
297.526: [GC [PSYoungGen: 665888K->736K(666112K)] 928157K->263021K(1208320K), 0.0018190 secs] [Times: user=0.01 sys=0.00, real=0.00 secs] 
297.528: Total time for which application threads were stopped: 0.0019780 seconds, Stopping threads took: 0.0000860 seconds
297.761: Application time: 0.2337590 seconds
297.762: [GC [PSYoungGen: 665824K->656K(639488K)] 928109K->262965K(1181696K), 0.0018680 secs] [Times: user=0.02 sys=0.00, real=0.01 secs] 
297.763: Total time for which application threads were stopped: 0.0020340 seconds, Stopping threads took: 0.0000900 seconds
297.942: Application time: 0.1790410 seconds
297.943: [GC [PSYoungGen: 639120K->496K(643072K)] 901429K->262933K(1185280K), 0.0017050 secs] [Times: user=0.01 sys=0.00, real=0.00 secs] 
297.944: Total time for which application threads were stopped: 0.0018860 seconds, Stopping threads took: 0.0000920 seconds
298.130: Application time: 0.1856230 seconds
298.130: [GC [PSYoungGen: 643056K->560K(647680K)] 905493K->263005K(1189888K), 0.0017030 secs] [Times: user=0.01 sys=0.00, real=0.01 secs] 
298.132: Total time for which application threads were stopped: 0.0018510 seconds, Stopping threads took: 0.0000780 seconds
298.331: Application time: 0.1993270 seconds
298.331: [GC [PSYoungGen: 647216K->736K(651776K)] 909661K->263181K(1193984K), 0.0016680 secs] [Times: user=0.01 sys=0.00, real=0.00 secs] 
298.333: Total time for which application threads were stopped: 0.0018280 seconds, Stopping threads took: 0.0000890 seconds
298.508: Application time: 0.1753110 seconds
298.508: [GC [PSYoungGen: 651488K->720K(655872K)] 913933K->263189K(1198080K), 0.0017490 secs] [Times: user=0.01 sys=0.00, real=0.00 secs] 
298.510: Total time for which application threads were stopped: 0.0019080 seconds, Stopping threads took: 0.0000840 seconds
298.720: Application time: 0.2094950 seconds
298.720: [GC [PSYoungGen: 655568K->512K(629248K)] 918037K->263005K(1171456K), 0.0016680 secs] [Times: user=0.01 sys=0.00, real=0.00 secs] 
298.722: Total time for which application threads were stopped: 0.0018160 seconds, Stopping threads took: 0.0000740 seconds
298.891: Application time: 0.1690050 seconds
298.891: [GC [PSYoungGen: 629248K->608K(633856K)] 891741K->263109K(1176064K), 0.0016940 secs] [Times: user=0.01 sys=0.00, real=0.00 secs] 
298.892: Total time for which application threads were stopped: 0.0018360 seconds, Stopping threads took: 0.0000710 seconds
299.062: Application time: 0.1699440 seconds
299.062: [GC [PSYoungGen: 633440K->608K(637952K)] 895941K->263109K(1180160K), 0.0016680 secs] [Times: user=0.01 sys=0.00, real=0.01 secs] 
299.064: Total time for which application threads were stopped: 0.0018270 seconds, Stopping threads took: 0.0000760 seconds
299.272: Application time: 0.2075010 seconds
299.272: [GC [PSYoungGen: 637536K->688K(642048K)] 900037K->263197K(1184256K), 0.0017250 secs] [Times: user=0.00 sys=0.00, real=0.00 secs] 
299.274: Total time for which application threads were stopped: 0.0018960 seconds, Stopping threads took: 0.0001070 seconds
299.446: Application time: 0.1721880 seconds
299.446: [GC [PSYoungGen: 641712K->480K(645632K)] 904221K->263093K(1187840K), 0.0017000 secs] [Times: user=0.01 sys=0.00, real=0.00 secs] 
299.448: Total time for which application threads were stopped: 0.0018350 seconds, Stopping threads took: 0.0000690 seconds
299.624: Application time: 0.1761820 seconds
299.624: [GC [PSYoungGen: 645600K->656K(650240K)] 908213K->263269K(1192448K), 0.0016650 secs] [Times: user=0.01 sys=0.00, real=0.00 secs] 
299.626: Total time for which application threads were stopped: 0.0018500 seconds, Stopping threads took: 0.0001080 seconds
299.839: Application time: 0.2130650 seconds
299.839: [GC [PSYoungGen: 649872K->768K(654336K)] 912485K->263381K(1196544K), 0.0016900 secs] [Times: user=0.02 sys=0.00, real=0.00 secs] 
299.841: Total time for which application threads were stopped: 0.0018490 seconds, Stopping threads took: 0.0000880 seconds
300.014: Application time: 0.1730320 seconds
300.014: [GC [PSYoungGen: 654080K->800K(658432K)] 916693K->263421K(1200640K), 0.0015280 secs] [Times: user=0.00 sys=0.00, real=0.00 secs] 
300.015: Total time for which application threads were stopped: 0.0016540 seconds, Stopping threads took: 0.0000590 seconds
300.203: Application time: 0.1879570 seconds
300.203: [GC [PSYoungGen: 658208K->480K(662016K)] 920829K->263285K(1204224K), 0.0016900 secs] [Times: user=0.01 sys=0.00, real=0.00 secs] 
300.205: Total time for which application threads were stopped: 0.0018590 seconds, Stopping threads took: 0.0000910 seconds
300.407: Application time: 0.2024160 seconds
300.408: [GC [PSYoungGen: 661984K->640K(664064K)] 924789K->263453K(1206272K), 0.0018340 secs] [Times: user=0.01 sys=0.00, real=0.00 secs] 
300.409: Total time for which application threads were stopped: 0.0019650 seconds, Stopping threads took: 0.0000560 seconds
300.590: Application time: 0.1801100 seconds
300.590: [GC [PSYoungGen: 663680K->864K(666112K)] 926493K->263677K(1208320K), 0.0017040 secs] [Times: user=0.01 sys=0.00, real=0.01 secs] 
300.591: Total time for which application threads were stopped: 0.0018380 seconds, Stopping threads took: 0.0000680 seconds
300.804: Application time: 0.2127070 seconds
300.804: [GC [PSYoungGen: 665952K->720K(639488K)] 928765K->263581K(1181696K), 0.0016970 secs] [Times: user=0.01 sys=0.00, real=0.00 secs] 
300.806: Total time for which application threads were stopped: 0.0018530 seconds, Stopping threads took: 0.0000790 seconds
300.978: Application time: 0.1719210 seconds
300.978: [GC [PSYoungGen: 639184K->496K(643072K)] 902045K->263437K(1185280K), 0.0016800 secs] [Times: user=0.01 sys=0.00, real=0.00 secs] 
300.980: Total time for which application threads were stopped: 0.0018190 seconds, Stopping threads took: 0.0000750 seconds
301.155: Application time: 0.1750960 seconds
301.155: [GC [PSYoungGen: 643056K->656K(647680K)] 905997K->263597K(1189888K), 0.0017000 secs] [Times: user=0.01 sys=0.00, real=0.00 secs] 
301.157: Total time for which application threads were stopped: 0.0018630 seconds, Stopping threads took: 0.0000910 seconds
301.366: Application time: 0.2095900 seconds
301.366: [GC [PSYoungGen: 647312K->704K(651776K)] 910253K->263645K(1193984K), 0.0017820 secs] [Times: user=0.01 sys=0.00, real=0.00 secs] 
301.368: Total time for which application threads were stopped: 0.0019120 seconds, Stopping threads took: 0.0000560 seconds
301.544: Application time: 0.1758390 seconds
301.544: [GC [PSYoungGen: 651456K->864K(655872K)] 914397K->263813K(1198080K), 0.0017310 secs] [Times: user=0.01 sys=0.00, real=0.00 secs] 
301.546: Total time for which application threads were stopped: 0.0018850 seconds, Stopping threads took: 0.0000870 seconds
301.730: Application time: 0.1839460 seconds
301.730: [GC [PSYoungGen: 655712K->480K(659456K)] 918661K->263665K(1201664K), 0.0016640 secs] [Times: user=0.01 sys=0.00, real=0.01 secs] 
301.732: Total time for which application threads were stopped: 0.0018020 seconds, Stopping threads took: 0.0000730 seconds
301.938: Application time: 0.2065730 seconds
301.938: [GC [PSYoungGen: 659424K->832K(664064K)] 922609K->264025K(1206272K), 0.0016720 secs] [Times: user=0.01 sys=0.00, real=0.00 secs] 
301.940: Total time for which application threads were stopped: 0.0018140 seconds, Stopping threads took: 0.0000670 seconds
302.117: Application time: 0.1774220 seconds
302.118: [GC [PSYoungGen: 663872K->704K(665088K)] 927065K->263897K(1207296K), 0.0016950 secs] [Times: user=0.01 sys=0.00, real=0.00 secs] 
302.119: Total time for which application threads were stopped: 0.0018560 seconds, Stopping threads took: 0.0000960 seconds
302.326: Application time: 0.2069160 seconds
302.326: [GC [PSYoungGen: 664768K->608K(665088K)] 927961K->263841K(1207296K), 0.0016790 secs] [Times: user=0.01 sys=0.00, real=0.00 secs] 
302.328: Total time for which application threads were stopped: 0.0018230 seconds, Stopping threads took: 0.0000720 seconds
302.509: Application time: 0.1811020 seconds
302.509: [GC [PSYoungGen: 664672K->848K(666112K)] 927905K->264097K(1208320K), 0.0016830 secs] [Times: user=0.01 sys=0.00, real=0.01 secs] 
302.511: Total time for which application threads were stopped: 0.0018600 seconds, Stopping threads took: 0.0000920 seconds
302.696: Application time: 0.1846640 seconds
302.696: [GC [PSYoungGen: 665936K->608K(639488K)] 929185K->263865K(1181696K), 0.0015300 secs] [Times: user=0.00 sys=0.00, real=0.00 secs] 
302.697: Total time for which application threads were stopped: 0.0016840 seconds, Stopping threads took: 0.0000820 seconds
302.903: Application time: 0.2053640 seconds
302.903: [GC [PSYoungGen: 639072K->480K(613376K)] 902329K->263849K(1155584K), 0.0016570 secs] [Times: user=0.01 sys=0.00, real=0.00 secs] 
302.905: Total time for which application threads were stopped: 0.0017860 seconds, Stopping threads took: 0.0000640 seconds
303.066: Application time: 0.1619240 seconds
303.067: [GC [PSYoungGen: 613344K->672K(589312K)] 876713K->264065K(1131520K), 0.0015190 secs] [Times: user=0.00 sys=0.00, real=0.00 secs] 
303.068: Total time for which application threads were stopped: 0.0016870 seconds, Stopping threads took: 0.0000900 seconds
303.232: Application time: 0.1643000 seconds
303.233: [GC [PSYoungGen: 588960K->736K(593408K)] 852353K->264129K(1135616K), 0.0017830 secs] [Times: user=0.02 sys=0.00, real=0.00 secs] 
303.234: Total time for which application threads were stopped: 0.0019330 seconds, Stopping threads took: 0.0000830 seconds
303.424: Application time: 0.1892120 seconds
303.424: [GC [PSYoungGen: 593120K->736K(597504K)] 856513K->264129K(1139712K), 0.0016840 secs] [Times: user=0.01 sys=0.00, real=0.00 secs] 
303.425: Total time for which application threads were stopped: 0.0018230 seconds, Stopping threads took: 0.0000720 seconds
303.583: Application time: 0.1571270 seconds
303.583: [GC [PSYoungGen: 597216K->480K(601088K)] 860609K->263993K(1143296K), 0.0016830 secs] [Times: user=0.01 sys=0.00, real=0.00 secs] 
303.584: Total time for which application threads were stopped: 0.0018280 seconds, Stopping threads took: 0.0000670 seconds
303.753: Application time: 0.1688700 seconds
303.753: [GC [PSYoungGen: 601056K->608K(605696K)] 864569K->264161K(1147904K), 0.0016580 secs] [Times: user=0.01 sys=0.00, real=0.00 secs] 
303.755: Total time for which application threads were stopped: 0.0018030 seconds, Stopping threads took: 0.0000800 seconds
303.950: Application time: 0.1946690 seconds
303.950: [GC [PSYoungGen: 605280K->528K(609792K)] 868833K->264081K(1152000K), 0.0016870 secs] [Times: user=0.01 sys=0.00, real=0.01 secs] 
303.952: Total time for which application threads were stopped: 0.0018500 seconds, Stopping threads took: 0.0000910 seconds
304.112: Application time: 0.1605760 seconds
304.112: [GC [PSYoungGen: 609296K->832K(613888K)] 872849K->264393K(1156096K), 0.0018010 secs] [Times: user=0.01 sys=0.00, real=0.00 secs] 
304.114: Total time for which application threads were stopped: 0.0019720 seconds, Stopping threads took: 0.0000920 seconds
304.290: Application time: 0.1754040 seconds
304.290: [GC [PSYoungGen: 613696K->496K(617472K)] 877257K->264189K(1159680K), 0.0016940 secs] [Times: user=0.01 sys=0.00, real=0.01 secs] 
304.291: Total time for which application threads were stopped: 0.0018320 seconds, Stopping threads took: 0.0000740 seconds
304.486: Application time: 0.1943240 seconds
304.486: [GC [PSYoungGen: 617456K->672K(622080K)] 881149K->264397K(1164288K), 0.0016580 secs] [Times: user=0.01 sys=0.00, real=0.00 secs] 
304.488: Total time for which application threads were stopped: 0.0017990 seconds, Stopping threads took: 0.0000720 seconds
304.653: Application time: 0.1655160 seconds
304.653: [GC [PSYoungGen: 621728K->640K(626688K)] 885453K->264365K(1168896K), 0.0017980 secs] [Times: user=0.01 sys=0.00, real=0.00 secs] 
304.655: Total time for which application threads were stopped: 0.0019530 seconds, Stopping threads took: 0.0000730 seconds
304.835: Application time: 0.1801790 seconds
304.835: [GC [PSYoungGen: 626304K->656K(631296K)] 890029K->264381K(1173504K), 0.0017240 secs] [Times: user=0.01 sys=0.00, real=0.00 secs] 
304.837: Total time for which application threads were stopped: 0.0018740 seconds, Stopping threads took: 0.0000750 seconds
305.030: Application time: 0.1932320 seconds
305.030: [GC [PSYoungGen: 630928K->496K(634880K)] 894653K->264381K(1177088K), 0.0016620 secs] [Times: user=0.01 sys=0.00, real=0.01 secs] 
305.032: Total time for which application threads were stopped: 0.0017890 seconds, Stopping threads took: 0.0000600 seconds
305.207: Application time: 0.1747580 seconds
305.207: [GC [PSYoungGen: 634864K->576K(639488K)] 898749K->264469K(1181696K), 0.0016940 secs] [Times: user=0.01 sys=0.00, real=0.00 secs] 
305.209: Total time for which application threads were stopped: 0.0018360 seconds, Stopping threads took: 0.0000700 seconds
305.401: Application time: 0.1918140 seconds
305.401: [GC [PSYoungGen: 639040K->688K(644096K)] 902933K->264581K(1186304K), 0.0017760 secs] [Times: user=0.01 sys=0.00, real=0.00 secs] 
305.402: Total time for which application threads were stopped: 0.0019670 seconds, Stopping threads took: 0.0001170 seconds
305.587: Application time: 0.1848920 seconds
305.587: [GC [PSYoungGen: 643760K->672K(648704K)] 907653K->264597K(1190912K), 0.0017490 secs] [Times: user=0.01 sys=0.00, real=0.00 secs] 
305.589: Total time for which application threads were stopped: 0.0018880 seconds, Stopping threads took: 0.0000700 seconds
305.771: Application time: 0.1814780 seconds
305.771: [GC [PSYoungGen: 648352K->496K(652800K)] 912277K->264541K(1195008K), 0.0016580 secs] [Times: user=0.01 sys=0.00, real=0.00 secs] 
305.773: Total time for which application threads were stopped: 0.0017870 seconds, Stopping threads took: 0.0000560 seconds
305.976: Application time: 0.2030370 seconds
305.976: [GC [PSYoungGen: 652784K->656K(657408K)] 916829K->264717K(1199616K), 0.0016380 secs] [Times: user=0.01 sys=0.00, real=0.00 secs] 
305.977: Total time for which application threads were stopped: 0.0017890 seconds, Stopping threads took: 0.0000830 seconds
306.156: Application time: 0.1787160 seconds
306.156: [GC [PSYoungGen: 657040K->640K(661504K)] 921101K->264701K(1203712K), 0.0016880 secs] [Times: user=0.01 sys=0.00, real=0.00 secs] 
306.158: Total time for which application threads were stopped: 0.0018410 seconds, Stopping threads took: 0.0000870 seconds
306.347: Application time: 0.1887510 seconds
306.347: [GC [PSYoungGen: 661120K->528K(663552K)] 925181K->264613K(1205760K), 0.0017050 secs] [Times: user=0.01 sys=0.00, real=0.00 secs] 
306.349: Total time for which application threads were stopped: 0.0018610 seconds, Stopping threads took: 0.0000660 seconds
306.553: Application time: 0.2045010 seconds
306.553: [GC [PSYoungGen: 663056K->608K(636928K)] 927141K->264709K(1179136K), 0.0016370 secs] [Times: user=0.01 sys=0.00, real=0.00 secs] 
306.555: Total time for which application threads were stopped: 0.0018250 seconds, Stopping threads took: 0.0001190 seconds
306.729: Application time: 0.1744560 seconds
306.729: [GC [PSYoungGen: 636512K->608K(641024K)] 900613K->264709K(1183232K), 0.0017230 secs] [Times: user=0.01 sys=0.00, real=0.01 secs] 
306.731: Total time for which application threads were stopped: 0.0018690 seconds, Stopping threads took: 0.0000710 seconds
306.914: Application time: 0.1823730 seconds
306.914: [GC [PSYoungGen: 640608K->480K(644608K)] 904709K->264694K(1186816K), 0.0017110 secs] [Times: user=0.01 sys=0.00, real=0.00 secs] 
306.915: Total time for which application threads were stopped: 0.0018710 seconds, Stopping threads took: 0.0000820 seconds
307.111: Application time: 0.1959470 seconds
307.112: [GC [PSYoungGen: 644576K->496K(649216K)] 908790K->264726K(1191424K), 0.0016660 secs] [Times: user=0.01 sys=0.00, real=0.00 secs] 
307.113: Total time for which application threads were stopped: 0.0018120 seconds, Stopping threads took: 0.0000820 seconds
307.296: Application time: 0.1827820 seconds
307.296: [GC [PSYoungGen: 648688K->672K(623104K)] 912918K->264902K(1165312K), 0.0014650 secs] [Times: user=0.01 sys=0.00, real=0.00 secs] 
307.298: Total time for which application threads were stopped: 0.0015900 seconds, Stopping threads took: 0.0000630 seconds
307.480: Application time: 0.1826610 seconds
307.480: [GC [PSYoungGen: 622752K->656K(598528K)] 886982K->264886K(1140736K), 0.0015040 secs] [Times: user=0.00 sys=0.00, real=0.00 secs] 
307.482: Total time for which application threads were stopped: 0.0016600 seconds, Stopping threads took: 0.0000790 seconds
307.656: Application time: 0.1741030 seconds
307.656: [GC [PSYoungGen: 598160K->496K(574464K)] 862390K->264894K(1116672K), 0.0016580 secs] [Times: user=0.01 sys=0.00, real=0.00 secs] 
307.658: Total time for which application threads were stopped: 0.0018130 seconds, Stopping threads took: 0.0000850 seconds
307.823: Application time: 0.1647770 seconds
307.823: [GC [PSYoungGen: 574448K->656K(579072K)] 838846K->265078K(1121280K), 0.0016930 secs] [Times: user=0.01 sys=0.00, real=0.00 secs] 
307.824: Total time for which application threads were stopped: 0.0018430 seconds, Stopping threads took: 0.0000780 seconds
307.992: Application time: 0.1672700 seconds
307.992: [GC [PSYoungGen: 578704K->512K(583168K)] 843126K->264934K(1125376K), 0.0017640 secs] [Times: user=0.01 sys=0.00, real=0.00 secs] 
307.994: Total time for which application threads were stopped: 0.0019300 seconds, Stopping threads took: 0.0000900 seconds
308.169: Application time: 0.1749810 seconds
308.169: [GC [PSYoungGen: 582656K->816K(587264K)] 847078K->265246K(1129472K), 0.0017000 secs] [Times: user=0.01 sys=0.00, real=0.00 secs] 
308.171: Total time for which application threads were stopped: 0.0018510 seconds, Stopping threads took: 0.0000880 seconds
308.335: Application time: 0.1649960 seconds
308.336: [GC [PSYoungGen: 587056K->512K(590848K)] 851486K->265046K(1133056K), 0.0016770 secs] [Times: user=0.01 sys=0.00, real=0.00 secs] 
308.337: Total time for which application threads were stopped: 0.0018260 seconds, Stopping threads took: 0.0000820 seconds
308.508: Application time: 0.1705580 seconds
308.508: [GC [PSYoungGen: 590848K->576K(595456K)] 855382K->265134K(1137664K), 0.0016600 secs] [Times: user=0.01 sys=0.00, real=0.00 secs] 
308.510: Total time for which application threads were stopped: 0.0018290 seconds, Stopping threads took: 0.0000920 seconds
308.691: Application time: 0.1808450 seconds
308.691: [GC [PSYoungGen: 595008K->736K(599552K)] 859566K->265294K(1141760K), 0.0016680 secs] [Times: user=0.01 sys=0.00, real=0.00 secs] 
308.692: Total time for which application threads were stopped: 0.0018050 seconds, Stopping threads took: 0.0000700 seconds
308.866: Application time: 0.1736100 seconds
308.866: [GC [PSYoungGen: 599264K->656K(603648K)] 863822K->265214K(1145856K), 0.0017250 secs] [Times: user=0.01 sys=0.00, real=0.00 secs] 
308.868: Total time for which application threads were stopped: 0.0018860 seconds, Stopping threads took: 0.0000930 seconds
309.043: Application time: 0.1747950 seconds
309.043: [GC [PSYoungGen: 603280K->496K(607232K)] 867838K->265102K(1149440K), 0.0016910 secs] [Times: user=0.01 sys=0.00, real=0.00 secs] 
309.045: Total time for which application threads were stopped: 0.0018570 seconds, Stopping threads took: 0.0000910 seconds
309.220: Application time: 0.1757890 seconds
309.220: [GC [PSYoungGen: 607216K->672K(611840K)] 871822K->265278K(1154048K), 0.0017080 secs] [Times: user=0.01 sys=0.00, real=0.00 secs] 
309.222: Total time for which application threads were stopped: 0.0018730 seconds, Stopping threads took: 0.0001040 seconds
309.399: Application time: 0.1772720 seconds
309.400: [GC [PSYoungGen: 611488K->816K(615936K)] 876094K->265422K(1158144K), 0.0017020 secs] [Times: user=0.01 sys=0.00, real=0.00 secs] 
309.401: Total time for which application threads were stopped: 0.0018280 seconds, Stopping threads took: 0.0000510 seconds
309.582: Application time: 0.1803040 seconds
309.582: [GC [PSYoungGen: 615728K->688K(620032K)] 880334K->265310K(1162240K), 0.0018410 secs] [Times: user=0.01 sys=0.00, real=0.01 secs] 
309.584: Total time for which application threads were stopped: 0.0019980 seconds, Stopping threads took: 0.0000810 seconds
309.762: Application time: 0.1781600 seconds
309.762: [GC [PSYoungGen: 619696K->496K(623616K)] 884318K->265286K(1165824K), 0.0017050 secs] [Times: user=0.01 sys=0.00, real=0.01 secs] 
309.764: Total time for which application threads were stopped: 0.0018740 seconds, Stopping threads took: 0.0000980 seconds
309.940: Application time: 0.1764200 seconds
309.940: [GC [PSYoungGen: 623600K->656K(628736K)] 888390K->265470K(1170944K), 0.0018510 secs] [Times: user=0.01 sys=0.00, real=0.00 secs] 
309.942: Total time for which application threads were stopped: 0.0019960 seconds, Stopping threads took: 0.0000740 seconds
310.130: Application time: 0.1876620 seconds
310.130: [GC [PSYoungGen: 628368K->704K(633344K)] 893182K->265518K(1175552K), 0.0017170 secs] [Times: user=0.01 sys=0.00, real=0.01 secs] 
310.132: Total time for which application threads were stopped: 0.0018720 seconds, Stopping threads took: 0.0000760 seconds
310.313: Application time: 0.1812200 seconds
310.313: [GC [PSYoungGen: 633024K->688K(637952K)] 897838K->265534K(1180160K), 0.0017260 secs] [Times: user=0.01 sys=0.00, real=0.00 secs] 
310.315: Total time for which application threads were stopped: 0.0018880 seconds, Stopping threads took: 0.0000890 seconds
310.489: Application time: 0.1743280 seconds
310.489: [GC [PSYoungGen: 637616K->480K(642048K)] 902462K->265414K(1184256K), 0.0017280 secs] [Times: user=0.01 sys=0.00, real=0.01 secs] 
310.491: Total time for which application threads were stopped: 0.0018930 seconds, Stopping threads took: 0.0000920 seconds
310.686: Application time: 0.1954560 seconds
310.687: [GC [PSYoungGen: 642016K->688K(647168K)] 906950K->265630K(1189376K), 0.0016800 secs] [Times: user=0.01 sys=0.00, real=0.00 secs] 
310.688: Total time for which application threads were stopped: 0.0018530 seconds, Stopping threads took: 0.0000880 seconds
310.873: Application time: 0.1849130 seconds
310.873: [GC [PSYoungGen: 646832K->688K(651776K)] 911774K->265630K(1193984K), 0.0016890 secs] [Times: user=0.01 sys=0.00, real=0.00 secs] 
310.875: Total time for which application threads were stopped: 0.0018660 seconds, Stopping threads took: 0.0001120 seconds
311.056: Application time: 0.1808540 seconds
311.056: [GC [PSYoungGen: 651440K->640K(656384K)] 916382K->265614K(1198592K), 0.0017770 secs] [Times: user=0.01 sys=0.00, real=0.00 secs] 
311.058: Total time for which application threads were stopped: 0.0019100 seconds, Stopping threads took: 0.0000570 seconds
311.254: Application time: 0.1960990 seconds
311.254: [GC [PSYoungGen: 656000K->496K(660480K)] 920974K->265590K(1202688K), 0.0017050 secs] [Times: user=0.01 sys=0.00, real=0.00 secs] 
311.256: Total time for which application threads were stopped: 0.0018730 seconds, Stopping threads took: 0.0000910 seconds
311.444: Application time: 0.1885880 seconds
311.445: [GC [PSYoungGen: 660464K->560K(662016K)] 925558K->265662K(1204224K), 0.0017290 secs] [Times: user=0.01 sys=0.00, real=0.00 secs] 
311.446: Total time for which application threads were stopped: 0.0018810 seconds, Stopping threads took: 0.0000810 seconds
311.637: Application time: 0.1911250 seconds
311.638: [GC [PSYoungGen: 661552K->672K(665600K)] 926654K->265774K(1207808K), 0.0016950 secs] [Times: user=0.01 sys=0.00, real=0.00 secs] 
311.639: Total time for which application threads were stopped: 0.0018530 seconds, Stopping threads took: 0.0000870 seconds
311.831: Application time: 0.1915210 seconds
311.831: [GC [PSYoungGen: 665248K->624K(665600K)] 930350K->265742K(1207808K), 0.0016630 secs] [Times: user=0.01 sys=0.00, real=0.00 secs] 
311.833: Total time for which application threads were stopped: 0.0018100 seconds, Stopping threads took: 0.0000750 seconds
312.020: Application time: 0.1877170 seconds
312.020: [GC [PSYoungGen: 665200K->720K(666112K)] 930318K->265846K(1208320K), 0.0016480 secs] [Times: user=0.02 sys=0.00, real=0.00 secs] 
312.022: Total time for which application threads were stopped: 0.0017800 seconds, Stopping threads took: 0.0000670 seconds
312.221: Application time: 0.1993170 seconds
312.222: [GC [PSYoungGen: 665808K->688K(639488K)] 930934K->265814K(1181696K), 0.0016670 secs] [Times: user=0.01 sys=0.00, real=0.01 secs] 
312.223: Total time for which application threads were stopped: 0.0018150 seconds, Stopping threads took: 0.0000820 seconds
312.405: Application time: 0.1818680 seconds
312.405: [GC [PSYoungGen: 639152K->496K(643072K)] 904278K->265646K(1185280K), 0.0016660 secs] [Times: user=0.02 sys=0.00, real=0.00 secs] 
312.407: Total time for which application threads were stopped: 0.0018270 seconds, Stopping threads took: 0.0000780 seconds
312.587: Application time: 0.1800090 seconds
312.587: [GC [PSYoungGen: 643056K->624K(617984K)] 908206K->265806K(1160192K), 0.0014790 secs] [Times: user=0.01 sys=0.00, real=0.00 secs] 
312.589: Total time for which application threads were stopped: 0.0016010 seconds, Stopping threads took: 0.0000570 seconds
312.775: Application time: 0.1863770 seconds
312.775: [GC [PSYoungGen: 617584K->672K(593408K)] 882766K->265854K(1135616K), 0.0017010 secs] [Times: user=0.01 sys=0.00, real=0.00 secs] 
312.777: Total time for which application threads were stopped: 0.0018580 seconds, Stopping threads took: 0.0000780 seconds
312.947: Application time: 0.1702990 seconds
312.947: [GC [PSYoungGen: 593056K->688K(597504K)] 858238K->265886K(1139712K), 0.0017280 secs] [Times: user=0.01 sys=0.00, real=0.00 secs] 
312.949: Total time for which application threads were stopped: 0.0018600 seconds, Stopping threads took: 0.0000550 seconds
313.115: Application time: 0.1664910 seconds
313.116: [GC [PSYoungGen: 597168K->496K(601088K)] 862366K->265806K(1143296K), 0.0017550 secs] [Times: user=0.02 sys=0.00, real=0.00 secs] 
313.117: Total time for which application threads were stopped: 0.0019310 seconds, Stopping threads took: 0.0001050 seconds
313.296: Application time: 0.1785880 seconds
313.296: [GC [PSYoungGen: 601072K->576K(605696K)] 866382K->265910K(1147904K), 0.0016980 secs] [Times: user=0.01 sys=0.00, real=0.00 secs] 
313.298: Total time for which application threads were stopped: 0.0018360 seconds, Stopping threads took: 0.0000650 seconds
313.473: Application time: 0.1750200 seconds
313.473: [GC [PSYoungGen: 605248K->624K(609792K)] 870582K->265958K(1152000K), 0.0017660 secs] [Times: user=0.01 sys=0.00, real=0.00 secs] 
313.475: Total time for which application threads were stopped: 0.0019150 seconds, Stopping threads took: 0.0000710 seconds
313.644: Application time: 0.1692720 seconds
313.644: [GC [PSYoungGen: 609392K->656K(613888K)] 874726K->265990K(1156096K), 0.0018490 secs] [Times: user=0.01 sys=0.00, real=0.00 secs] 
313.646: Total time for which application threads were stopped: 0.0020180 seconds, Stopping threads took: 0.0001000 seconds
313.829: Application time: 0.1832950 seconds
313.829: [GC [PSYoungGen: 613520K->496K(617472K)] 878854K->265990K(1159680K), 0.0016980 secs] [Times: user=0.01 sys=0.00, real=0.01 secs] 
313.831: Total time for which application threads were stopped: 0.0018290 seconds, Stopping threads took: 0.0000580 seconds
314.015: Application time: 0.1834340 seconds
314.015: [GC [PSYoungGen: 617456K->576K(622592K)] 882950K->266102K(1164800K), 0.0019110 secs] [Times: user=0.01 sys=0.00, real=0.00 secs] 
314.017: Total time for which application threads were stopped: 0.0020810 seconds, Stopping threads took: 0.0000910 seconds
314.209: Application time: 0.1920450 seconds
314.209: [GC [PSYoungGen: 622144K->624K(627200K)] 887670K->266150K(1169408K), 0.0018250 secs] [Times: user=0.01 sys=0.00, real=0.01 secs] 
314.211: Total time for which application threads were stopped: 0.0019740 seconds, Stopping threads took: 0.0000830 seconds
314.412: Application time: 0.2011140 seconds
314.412: [GC [PSYoungGen: 626800K->560K(631808K)] 892326K->266094K(1174016K), 0.0018720 secs] [Times: user=0.01 sys=0.00, real=0.00 secs] 
314.414: Total time for which application threads were stopped: 0.0020380 seconds, Stopping threads took: 0.0000980 seconds
314.609: Application time: 0.1950420 seconds
314.609: [GC [PSYoungGen: 631344K->512K(635904K)] 896878K->266178K(1178112K), 0.0019570 secs] [Times: user=0.01 sys=0.00, real=0.01 secs] 
314.611: Total time for which application threads were stopped: 0.0021140 seconds, Stopping threads took: 0.0000780 seconds
314.814: Application time: 0.2025350 seconds
314.814: [GC [PSYoungGen: 635904K->544K(641024K)] 901570K->266218K(1183232K), 0.0018150 secs] [Times: user=0.01 sys=0.00, real=0.00 secs] 
314.816: Total time for which application threads were stopped: 0.0019590 seconds, Stopping threads took: 0.0000790 seconds
315.014: Application time: 0.1986220 seconds
315.014: [GC [PSYoungGen: 640544K->592K(645632K)] 906218K->266266K(1187840K), 0.0018520 secs] [Times: user=0.01 sys=0.00, real=0.00 secs] 
315.016: Total time for which application threads were stopped: 0.0019780 seconds, Stopping threads took: 0.0000540 seconds
315.214: Application time: 0.1975530 seconds
315.214: [GC [PSYoungGen: 645200K->784K(650240K)] 910874K->266474K(1192448K), 0.0018700 secs] [Times: user=0.01 sys=0.00, real=0.00 secs] 
315.216: Total time for which application threads were stopped: 0.0020420 seconds, Stopping threads took: 0.0000900 seconds
315.429: Application time: 0.2137380 seconds
315.430: [GC [PSYoungGen: 650000K->496K(654336K)] 915690K->266354K(1196544K), 0.0018770 secs] [Times: user=0.01 sys=0.00, real=0.01 secs] 
315.431: Total time for which application threads were stopped: 0.0020300 seconds, Stopping threads took: 0.0000820 seconds
315.631: Application time: 0.1996750 seconds
315.631: [GC [PSYoungGen: 654320K->816K(659456K)] 920178K->266674K(1201664K), 0.0018710 secs] [Times: user=0.01 sys=0.00, real=0.00 secs] 
315.633: Total time for which application threads were stopped: 0.0020180 seconds, Stopping threads took: 0.0000770 seconds
315.838: Application time: 0.2050960 seconds
315.838: [GC [PSYoungGen: 659248K->800K(663552K)] 925106K->266658K(1205760K), 0.0018720 secs] [Times: user=0.01 sys=0.00, real=0.00 secs] 
315.840: Total time for which application threads were stopped: 0.0020370 seconds, Stopping threads took: 0.0000800 seconds
316.052: Application time: 0.2117820 seconds
316.052: [GC [PSYoungGen: 663328K->688K(663552K)] 929186K->266562K(1205760K), 0.0018830 secs] [Times: user=0.01 sys=0.00, real=0.00 secs] 
316.054: Total time for which application threads were stopped: 0.0020310 seconds, Stopping threads took: 0.0000790 seconds
316.260: Application time: 0.2060680 seconds
316.260: [GC [PSYoungGen: 663216K->736K(666112K)] 929090K->266610K(1208320K), 0.0018690 secs] [Times: user=0.02 sys=0.00, real=0.00 secs] 
316.262: Total time for which application threads were stopped: 0.0020360 seconds, Stopping threads took: 0.0000950 seconds
316.472: Application time: 0.2098450 seconds
316.472: [GC [PSYoungGen: 665824K->752K(666112K)] 931698K->266634K(1208320K), 0.0018410 secs] [Times: user=0.01 sys=0.00, real=0.00 secs] 
316.474: Total time for which application threads were stopped: 0.0019820 seconds, Stopping threads took: 0.0000690 seconds
316.685: Application time: 0.2112380 seconds
316.685: [GC [PSYoungGen: 665840K->752K(666112K)] 931722K->266642K(1208320K), 0.0018820 secs] [Times: user=0.01 sys=0.00, real=0.00 secs] 
316.687: Total time for which application threads were stopped: 0.0020400 seconds, Stopping threads took: 0.0000880 seconds
316.891: Application time: 0.2034530 seconds
316.891: [GC [PSYoungGen: 665840K->752K(666112K)] 931730K->266674K(1208320K), 0.0018850 secs] [Times: user=0.01 sys=0.00, real=0.00 secs] 
316.893: Total time for which application threads were stopped: 0.0020250 seconds, Stopping threads took: 0.0000650 seconds
317.113: Application time: 0.2203920 seconds
317.113: [GC [PSYoungGen: 665840K->752K(666112K)] 931762K->266682K(1208320K), 0.0018830 secs] [Times: user=0.02 sys=0.00, real=0.00 secs] 
317.115: Total time for which application threads were stopped: 0.0020400 seconds, Stopping threads took: 0.0000730 seconds
317.316: Application time: 0.2010760 seconds
317.317: [GC [PSYoungGen: 665840K->720K(666112K)] 931770K->266658K(1208320K), 0.0018550 secs] [Times: user=0.02 sys=0.00, real=0.00 secs] 
317.318: Total time for which application threads were stopped: 0.0020290 seconds, Stopping threads took: 0.0000970 seconds
317.529: Application time: 0.2104550 seconds
317.529: [GC [PSYoungGen: 665808K->736K(666112K)] 931746K->266682K(1208320K), 0.0019090 secs] [Times: user=0.01 sys=0.00, real=0.01 secs] 
317.531: Total time for which application threads were stopped: 0.0020800 seconds, Stopping threads took: 0.0000980 seconds
317.741: Application time: 0.2105400 seconds
317.742: [GC [PSYoungGen: 665824K->800K(666112K)] 931770K->266762K(1208320K), 0.0019690 secs] [Times: user=0.02 sys=0.00, real=0.01 secs] 
317.744: Total time for which application threads were stopped: 0.0021320 seconds, Stopping threads took: 0.0000850 seconds
317.951: Application time: 0.2077460 seconds
317.951: [GC [PSYoungGen: 665888K->944K(666112K)] 931850K->266914K(1208320K), 0.0017520 secs] [Times: user=0.01 sys=0.00, real=0.00 secs] 
317.953: Total time for which application threads were stopped: 0.0018780 seconds, Stopping threads took: 0.0000600 seconds
318.150: Application time: 0.1965120 seconds
318.150: [GC [PSYoungGen: 666032K->768K(666112K)] 932002K->266746K(1208320K), 0.0017250 secs] [Times: user=0.01 sys=0.00, real=0.01 secs] 
318.152: Total time for which application threads were stopped: 0.0018880 seconds, Stopping threads took: 0.0000960 seconds
318.342: Application time: 0.1905240 seconds
318.342: [GC [PSYoungGen: 665856K->896K(666112K)] 931834K->266882K(1208320K), 0.0017110 secs] [Times: user=0.02 sys=0.00, real=0.01 secs] 
318.344: Total time for which application threads were stopped: 0.0018820 seconds, Stopping threads took: 0.0000890 seconds
318.530: Application time: 0.1860510 seconds
318.530: [GC [PSYoungGen: 665984K->592K(666112K)] 931970K->266642K(1208320K), 0.0017400 secs] [Times: user=0.01 sys=0.00, real=0.01 secs] 
318.532: Total time for which application threads were stopped: 0.0019030 seconds, Stopping threads took: 0.0000970 seconds
318.737: Application time: 0.2045320 seconds
318.737: [GC [PSYoungGen: 665680K->608K(639488K)] 931730K->266674K(1181696K), 0.0017070 secs] [Times: user=0.01 sys=0.00, real=0.00 secs] 
318.738: Total time for which application threads were stopped: 0.0018580 seconds, Stopping threads took: 0.0000860 seconds
318.914: Application time: 0.1757930 seconds
318.914: [GC [PSYoungGen: 639072K->640K(643584K)] 905138K->266714K(1185792K), 0.0017440 secs] [Times: user=0.01 sys=0.00, real=0.00 secs] 
318.916: Total time for which application threads were stopped: 0.0018900 seconds, Stopping threads took: 0.0000660 seconds
319.099: Application time: 0.1829770 seconds
319.099: [GC [PSYoungGen: 643200K->496K(647168K)] 909274K->266642K(1189376K), 0.0016910 secs] [Times: user=0.02 sys=0.00, real=0.00 secs] 
319.101: Total time for which application threads were stopped: 0.0018420 seconds, Stopping threads took: 0.0000790 seconds
319.294: Application time: 0.1927250 seconds
319.294: [GC [PSYoungGen: 647152K->800K(651776K)] 913298K->266954K(1193984K), 0.0017180 secs] [Times: user=0.01 sys=0.00, real=0.00 secs] 
319.296: Total time for which application threads were stopped: 0.0018680 seconds, Stopping threads took: 0.0000800 seconds
319.480: Application time: 0.1848100 seconds
319.480: [GC [PSYoungGen: 651552K->688K(655872K)] 917706K->266842K(1198080K), 0.0016670 secs] [Times: user=0.01 sys=0.00, real=0.00 secs] 
319.482: Total time for which application threads were stopped: 0.0018200 seconds, Stopping threads took: 0.0000760 seconds
319.675: Application time: 0.1933120 seconds
319.676: [GC [PSYoungGen: 655536K->560K(659968K)] 921690K->266722K(1202176K), 0.0017100 secs] [Times: user=0.01 sys=0.00, real=0.00 secs] 
319.677: Total time for which application threads were stopped: 0.0018420 seconds, Stopping threads took: 0.0000680 seconds
319.867: Application time: 0.1900090 seconds
319.867: [GC [PSYoungGen: 659504K->496K(663552K)] 925666K->266738K(1205760K), 0.0017910 secs] [Times: user=0.01 sys=0.00, real=0.00 secs] 
319.869: Total time for which application threads were stopped: 0.0019350 seconds, Stopping threads took: 0.0000770 seconds
320.055: Application time: 0.1854440 seconds
320.055: [GC [PSYoungGen: 663536K->608K(665088K)] 929778K->266858K(1207296K), 0.0016950 secs] [Times: user=0.01 sys=0.00, real=0.00 secs] 
320.057: Total time for which application threads were stopped: 0.0018710 seconds, Stopping threads took: 0.0000920 seconds
320.261: Application time: 0.2042070 seconds
320.261: [GC [PSYoungGen: 664672K->672K(666112K)] 930922K->266922K(1208320K), 0.0016940 secs] [Times: user=0.01 sys=0.00, real=0.01 secs] 
320.263: Total time for which application threads were stopped: 0.0018520 seconds, Stopping threads took: 0.0000860 seconds
320.449: Application time: 0.1864350 seconds
320.449: [GC [PSYoungGen: 665760K->656K(666112K)] 932010K->266914K(1208320K), 0.0017050 secs] [Times: user=0.02 sys=0.00, real=0.01 secs] 
320.451: Total time for which application threads were stopped: 0.0018640 seconds, Stopping threads took: 0.0000840 seconds
320.638: Application time: 0.1871620 seconds
320.638: [GC [PSYoungGen: 665744K->688K(666112K)] 932002K->266946K(1208320K), 0.0016890 secs] [Times: user=0.01 sys=0.00, real=0.00 secs] 
320.640: Total time for which application threads were stopped: 0.0018600 seconds, Stopping threads took: 0.0000840 seconds
320.841: Application time: 0.2011130 seconds
320.841: [GC [PSYoungGen: 665776K->704K(639488K)] 932034K->266962K(1181696K), 0.0017240 secs] [Times: user=0.01 sys=0.00, real=0.01 secs] 
320.843: Total time for which application threads were stopped: 0.0018820 seconds, Stopping threads took: 0.0000830 seconds
321.023: Application time: 0.1802830 seconds
321.023: [GC [PSYoungGen: 639168K->496K(643072K)] 905426K->266850K(1185280K), 0.0016730 secs] [Times: user=0.01 sys=0.00, real=0.00 secs] 
321.025: Total time for which application threads were stopped: 0.0018180 seconds, Stopping threads took: 0.0000720 seconds
321.213: Application time: 0.1877080 seconds
321.213: [GC [PSYoungGen: 643056K->672K(647680K)] 909410K->267034K(1189888K), 0.0016820 secs] [Times: user=0.01 sys=0.00, real=0.00 secs] 
321.215: Total time for which application threads were stopped: 0.0018550 seconds, Stopping threads took: 0.0000880 seconds
321.397: Application time: 0.1822480 seconds
321.397: [GC [PSYoungGen: 647328K->672K(651776K)] 913690K->267034K(1193984K), 0.0017010 secs] [Times: user=0.01 sys=0.00, real=0.00 secs] 
321.399: Total time for which application threads were stopped: 0.0018330 seconds, Stopping threads took: 0.0000560 seconds
321.583: Application time: 0.1845650 seconds
321.583: [GC [PSYoungGen: 651424K->672K(655872K)] 917786K->267042K(1198080K), 0.0017700 secs] [Times: user=0.01 sys=0.00, real=0.00 secs] 
321.585: Total time for which application threads were stopped: 0.0019150 seconds, Stopping threads took: 0.0000740 seconds
321.783: Application time: 0.1975870 seconds
321.783: [GC [PSYoungGen: 655520K->496K(659456K)] 921890K->266906K(1201664K), 0.0017590 secs] [Times: user=0.01 sys=0.00, real=0.00 secs] 
321.785: Total time for which application threads were stopped: 0.0018980 seconds, Stopping threads took: 0.0000660 seconds
321.972: Application time: 0.1868950 seconds
321.972: [GC [PSYoungGen: 659440K->736K(664576K)] 925850K->267194K(1206784K), 0.0017920 secs] [Times: user=0.01 sys=0.00, real=0.00 secs] 
321.974: Total time for which application threads were stopped: 0.0019320 seconds, Stopping threads took: 0.0000670 seconds
322.173: Application time: 0.1995490 seconds
322.173: [GC [PSYoungGen: 664288K->768K(665088K)] 930746K->267226K(1207296K), 0.0018440 secs] [Times: user=0.01 sys=0.00, real=0.00 secs] 
322.175: Total time for which application threads were stopped: 0.0019980 seconds, Stopping threads took: 0.0000810 seconds
322.398: Application time: 0.2229370 seconds
322.398: [GC [PSYoungGen: 664832K->704K(665088K)] 931290K->267162K(1207296K), 0.0019480 secs] [Times: user=0.02 sys=0.00, real=0.00 secs] 
322.400: Total time for which application threads were stopped: 0.0021180 seconds, Stopping threads took: 0.0000890 seconds
322.602: Application time: 0.2014700 seconds
322.602: [GC [PSYoungGen: 664768K->640K(666112K)] 931226K->267106K(1208320K), 0.0019470 secs] [Times: user=0.01 sys=0.00, real=0.01 secs] 
322.604: Total time for which application threads were stopped: 0.0020900 seconds, Stopping threads took: 0.0000760 seconds
322.810: Application time: 0.2065520 seconds
322.810: [GC [PSYoungGen: 665728K->592K(666112K)] 932194K->267066K(1208320K), 0.0018570 secs] [Times: user=0.01 sys=0.00, real=0.01 secs] 
322.812: Total time for which application threads were stopped: 0.0020020 seconds, Stopping threads took: 0.0000700 seconds
323.023: Application time: 0.2111490 seconds
323.024: [GC [PSYoungGen: 665680K->640K(666112K)] 932154K->267122K(1208320K), 0.0017710 secs] [Times: user=0.01 sys=0.00, real=0.00 secs] 
323.025: Total time for which application threads were stopped: 0.0019190 seconds, Stopping threads took: 0.0000750 seconds
323.229: Application time: 0.2041320 seconds
323.230: [GC [PSYoungGen: 665728K->880K(666112K)] 932210K->267370K(1208320K), 0.0019160 secs] [Times: user=0.02 sys=0.00, real=0.01 secs] 
323.232: Total time for which application threads were stopped: 0.0020760 seconds, Stopping threads took: 0.0000860 seconds
323.448: Application time: 0.2160280 seconds
323.448: [GC [PSYoungGen: 665968K->560K(666112K)] 932458K->267058K(1208320K), 0.0018180 secs] [Times: user=0.01 sys=0.00, real=0.00 secs] 
323.450: Total time for which application threads were stopped: 0.0019550 seconds, Stopping threads took: 0.0000710 seconds
323.659: Application time: 0.2097560 seconds
323.661: [GC [PSYoungGen: 665648K->736K(639488K)] 932146K->267242K(1181696K), 0.0018520 secs] [Times: user=0.01 sys=0.00, real=0.00 secs] 
323.662: Total time for which application threads were stopped: 0.0030960 seconds, Stopping threads took: 0.0011570 seconds
323.851: Application time: 0.1889140 seconds
323.851: [GC [PSYoungGen: 639200K->496K(643072K)] 905706K->267138K(1185280K), 0.0018100 secs] [Times: user=0.01 sys=0.00, real=0.00 secs] 
323.853: Total time for which application threads were stopped: 0.0019610 seconds, Stopping threads took: 0.0000870 seconds
324.071: Application time: 0.2179450 seconds
324.071: [GC [PSYoungGen: 643056K->736K(647680K)] 909698K->267410K(1189888K), 0.0019150 secs] [Times: user=0.01 sys=0.00, real=0.00 secs] 
324.073: Total time for which application threads were stopped: 0.0020550 seconds, Stopping threads took: 0.0000690 seconds
324.272: Application time: 0.1986340 seconds
324.272: [GC [PSYoungGen: 647392K->736K(651776K)] 914066K->267410K(1193984K), 0.0019550 secs] [Times: user=0.01 sys=0.00, real=0.00 secs] 
324.274: Total time for which application threads were stopped: 0.0021160 seconds, Stopping threads took: 0.0000860 seconds
324.473: Application time: 0.1989100 seconds
324.473: [GC [PSYoungGen: 651488K->560K(656384K)] 918162K->267242K(1198592K), 0.0018840 secs] [Times: user=0.01 sys=0.00, real=0.00 secs] 
324.475: Total time for which application threads were stopped: 0.0020380 seconds, Stopping threads took: 0.0000810 seconds
324.688: Application time: 0.2129730 seconds
324.688: [GC [PSYoungGen: 655920K->512K(659968K)] 922602K->267298K(1202176K), 0.0018820 secs] [Times: user=0.01 sys=0.00, real=0.00 secs] 
324.690: Total time for which application threads were stopped: 0.0020280 seconds, Stopping threads took: 0.0000700 seconds
324.896: Application time: 0.2060360 seconds
324.896: [GC [PSYoungGen: 659968K->656K(665088K)] 926754K->267458K(1207296K), 0.0018580 secs] [Times: user=0.02 sys=0.00, real=0.00 secs] 
324.898: Total time for which application threads were stopped: 0.0020470 seconds, Stopping threads took: 0.0001060 seconds
325.111: Application time: 0.2128320 seconds
325.111: [GC [PSYoungGen: 664720K->560K(665088K)] 931522K->267362K(1207296K), 0.0018290 secs] [Times: user=0.01 sys=0.00, real=0.00 secs] 
325.113: Total time for which application threads were stopped: 0.0019670 seconds, Stopping threads took: 0.0000690 seconds
325.319: Application time: 0.2061430 seconds
325.319: [GC [PSYoungGen: 664624K->576K(665088K)] 931426K->267378K(1207296K), 0.0018380 secs] [Times: user=0.01 sys=0.00, real=0.00 secs] 
325.321: Total time for which application threads were stopped: 0.0019580 seconds, Stopping threads took: 0.0000520 seconds
325.522: Application time: 0.2005240 seconds
325.522: [GC [PSYoungGen: 664640K->752K(666112K)] 931442K->267562K(1208320K), 0.0018040 secs] [Times: user=0.02 sys=0.00, real=0.01 secs] 
325.524: Total time for which application threads were stopped: 0.0019860 seconds, Stopping threads took: 0.0000960 seconds
325.747: Application time: 0.2238100 seconds
325.747: [GC [PSYoungGen: 665840K->896K(639488K)] 932650K->267706K(1181696K), 0.0019500 secs] [Times: user=0.02 sys=0.00, real=0.00 secs] 
325.749: Total time for which application threads were stopped: 0.0020910 seconds, Stopping threads took: 0.0000670 seconds
325.945: Application time: 0.1955860 seconds
325.945: [GC [PSYoungGen: 639360K->496K(613376K)] 906170K->267546K(1155584K), 0.0016020 secs] [Times: user=0.01 sys=0.00, real=0.00 secs] 
325.947: Total time for which application threads were stopped: 0.0017560 seconds, Stopping threads took: 0.0000820 seconds
326.114: Application time: 0.1676580 seconds
326.115: [GC [PSYoungGen: 613360K->640K(617984K)] 880410K->267698K(1160192K), 0.0017220 secs] [Times: user=0.01 sys=0.00, real=0.00 secs] 
326.116: Total time for which application threads were stopped: 0.0019210 seconds, Stopping threads took: 0.0001180 seconds
326.306: Application time: 0.1896250 seconds
326.306: [GC [PSYoungGen: 617600K->784K(622080K)] 884658K->267842K(1164288K), 0.0016180 secs] [Times: user=0.01 sys=0.00, real=0.00 secs] 
326.308: Total time for which application threads were stopped: 0.0017730 seconds, Stopping threads took: 0.0000910 seconds
326.483: Application time: 0.1754690 seconds
326.483: [GC [PSYoungGen: 621840K->624K(626176K)] 888898K->267682K(1168384K), 0.0017450 secs] [Times: user=0.01 sys=0.00, real=0.00 secs] 
326.485: Total time for which application threads were stopped: 0.0018820 seconds, Stopping threads took: 0.0000640 seconds
326.663: Application time: 0.1779800 seconds
326.664: [GC [PSYoungGen: 625776K->496K(629760K)] 892834K->267594K(1171968K), 0.0016980 secs] [Times: user=0.01 sys=0.00, real=0.00 secs] 
326.665: Total time for which application threads were stopped: 0.0023490 seconds, Stopping threads took: 0.0005700 seconds
326.852: Application time: 0.1865050 seconds
326.852: [GC [PSYoungGen: 629744K->656K(605184K)] 896842K->267778K(1147392K), 0.0014670 secs] [Times: user=0.01 sys=0.00, real=0.00 secs] 
326.854: Total time for which application threads were stopped: 0.0015890 seconds, Stopping threads took: 0.0000580 seconds
327.026: Application time: 0.1726580 seconds
327.026: [GC [PSYoungGen: 604816K->656K(609280K)] 871938K->267786K(1151488K), 0.0016980 secs] [Times: user=0.01 sys=0.00, real=0.00 secs] 
327.028: Total time for which application threads were stopped: 0.0018440 seconds, Stopping threads took: 0.0000830 seconds
327.205: Application time: 0.1766050 seconds
327.205: [GC [PSYoungGen: 608912K->640K(613376K)] 876042K->267770K(1155584K), 0.0015370 secs] [Times: user=0.01 sys=0.00, real=0.00 secs] 
327.206: Total time for which application threads were stopped: 0.0017050 seconds, Stopping threads took: 0.0000830 seconds
327.385: Application time: 0.1783610 seconds
327.385: [GC [PSYoungGen: 612992K->496K(616960K)] 880122K->267846K(1159168K), 0.0016740 secs] [Times: user=0.01 sys=0.00, real=0.00 secs] 
327.387: Total time for which application threads were stopped: 0.0018220 seconds, Stopping threads took: 0.0000700 seconds
327.564: Application time: 0.1769980 seconds
327.564: [GC [PSYoungGen: 616944K->624K(621568K)] 884294K->267982K(1163776K), 0.0017090 secs] [Times: user=0.01 sys=0.00, real=0.00 secs] 
327.565: Total time for which application threads were stopped: 0.0018320 seconds, Stopping threads took: 0.0000500 seconds
327.747: Application time: 0.1812950 seconds
327.747: [GC [PSYoungGen: 621168K->608K(625664K)] 888526K->267966K(1167872K), 0.0017310 secs] [Times: user=0.01 sys=0.00, real=0.00 secs] 
327.749: Total time for which application threads were stopped: 0.0018990 seconds, Stopping threads took: 0.0000840 seconds
327.926: Application time: 0.1777350 seconds
327.926: [GC [PSYoungGen: 625248K->656K(629760K)] 892606K->268022K(1171968K), 0.0017490 secs] [Times: user=0.01 sys=0.00, real=0.00 secs] 
327.928: Total time for which application threads were stopped: 0.0019050 seconds, Stopping threads took: 0.0000860 seconds
328.108: Application time: 0.1800230 seconds
328.108: [GC [PSYoungGen: 629392K->496K(633344K)] 896758K->267950K(1175552K), 0.0017800 secs] [Times: user=0.01 sys=0.00, real=0.00 secs] 
328.110: Total time for which application threads were stopped: 0.0019490 seconds, Stopping threads took: 0.0001080 seconds
328.299: Application time: 0.1884420 seconds
328.299: [GC [PSYoungGen: 633328K->608K(637952K)] 900782K->268070K(1180160K), 0.0016910 secs] [Times: user=0.01 sys=0.00, real=0.00 secs] 
328.300: Total time for which application threads were stopped: 0.0018530 seconds, Stopping threads took: 0.0000800 seconds
328.478: Application time: 0.1778870 seconds
328.479: [GC [PSYoungGen: 637536K->704K(642560K)] 904998K->268166K(1184768K), 0.0017570 secs] [Times: user=0.01 sys=0.00, real=0.00 secs] 
328.480: Total time for which application threads were stopped: 0.0019040 seconds, Stopping threads took: 0.0000800 seconds
328.664: Application time: 0.1837070 seconds
328.664: [GC [PSYoungGen: 642240K->736K(647168K)] 909702K->268206K(1189376K), 0.0017710 secs] [Times: user=0.01 sys=0.00, real=0.00 secs] 
328.666: Total time for which application threads were stopped: 0.0019100 seconds, Stopping threads took: 0.0000750 seconds
328.863: Application time: 0.1975730 seconds
328.864: [GC [PSYoungGen: 646880K->496K(651264K)] 914350K->268010K(1193472K), 0.0017560 secs] [Times: user=0.01 sys=0.00, real=0.00 secs] 
328.865: Total time for which application threads were stopped: 0.0019250 seconds, Stopping threads took: 0.0000880 seconds
329.045: Application time: 0.1794580 seconds
329.045: [GC [PSYoungGen: 651248K->800K(656384K)] 918762K->268322K(1198592K), 0.0016900 secs] [Times: user=0.01 sys=0.00, real=0.00 secs] 
329.047: Total time for which application threads were stopped: 0.0018560 seconds, Stopping threads took: 0.0000920 seconds
329.231: Application time: 0.1843650 seconds
329.231: [GC [PSYoungGen: 656160K->736K(660992K)] 923682K->268258K(1203200K), 0.0016690 secs] [Times: user=0.01 sys=0.00, real=0.00 secs] 
329.233: Total time for which application threads were stopped: 0.0018170 seconds, Stopping threads took: 0.0000820 seconds
329.435: Application time: 0.2019680 seconds
329.435: [GC [PSYoungGen: 660704K->736K(663552K)] 928226K->268266K(1205760K), 0.0017380 secs] [Times: user=0.01 sys=0.00, real=0.00 secs] 
329.437: Total time for which application threads were stopped: 0.0018930 seconds, Stopping threads took: 0.0000730 seconds
329.617: Application time: 0.1804330 seconds
329.617: [GC [PSYoungGen: 663264K->752K(665088K)] 930794K->268290K(1207296K), 0.0017330 secs] [Times: user=0.02 sys=0.00, real=0.00 secs] 
329.619: Total time for which application threads were stopped: 0.0018850 seconds, Stopping threads took: 0.0000800 seconds
329.818: Application time: 0.1993640 seconds
329.819: [GC [PSYoungGen: 664816K->624K(665088K)] 932354K->268170K(1207296K), 0.0017090 secs] [Times: user=0.01 sys=0.00, real=0.00 secs] 
329.820: Total time for which application threads were stopped: 0.0018860 seconds, Stopping threads took: 0.0001070 seconds
330.007: Application time: 0.1867900 seconds
330.007: [GC [PSYoungGen: 664688K->720K(666112K)] 932234K->268274K(1208320K), 0.0016610 secs] [Times: user=0.01 sys=0.00, real=0.00 secs] 
330.009: Total time for which application threads were stopped: 0.0018090 seconds, Stopping threads took: 0.0000720 seconds
330.198: Application time: 0.1889960 seconds
330.198: [GC [PSYoungGen: 665808K->752K(666112K)] 933362K->268362K(1208320K), 0.0017400 secs] [Times: user=0.01 sys=0.00, real=0.00 secs] 
330.200: Total time for which application threads were stopped: 0.0019080 seconds, Stopping threads took: 0.0000950 seconds
330.401: Application time: 0.2010300 seconds
330.401: [GC [PSYoungGen: 665840K->736K(639488K)] 933450K->268346K(1181696K), 0.0017090 secs] [Times: user=0.01 sys=0.00, real=0.01 secs] 
330.403: Total time for which application threads were stopped: 0.0018540 seconds, Stopping threads took: 0.0000790 seconds
330.577: Application time: 0.1738220 seconds
330.577: [GC [PSYoungGen: 639200K->672K(643584K)] 906810K->268290K(1185792K), 0.0017020 secs] [Times: user=0.01 sys=0.00, real=0.00 secs] 
330.578: Total time for which application threads were stopped: 0.0018460 seconds, Stopping threads took: 0.0000700 seconds
330.760: Application time: 0.1815910 seconds
330.760: [GC [PSYoungGen: 643232K->512K(647168K)] 910850K->268226K(1189376K), 0.0016790 secs] [Times: user=0.01 sys=0.00, real=0.00 secs] 
330.762: Total time for which application threads were stopped: 0.0018380 seconds, Stopping threads took: 0.0000860 seconds
330.963: Application time: 0.2011540 seconds
330.963: [GC [PSYoungGen: 647168K->704K(651776K)] 914882K->268442K(1193984K), 0.0017040 secs] [Times: user=0.01 sys=0.00, real=0.00 secs] 
330.965: Total time for which application threads were stopped: 0.0018730 seconds, Stopping threads took: 0.0000900 seconds
331.142: Application time: 0.1766180 seconds
331.142: [GC [PSYoungGen: 651456K->688K(655872K)] 919194K->268427K(1198080K), 0.0016500 secs] [Times: user=0.01 sys=0.00, real=0.01 secs] 
331.143: Total time for which application threads were stopped: 0.0018040 seconds, Stopping threads took: 0.0000830 seconds
331.341: Application time: 0.1972890 seconds
331.341: [GC [PSYoungGen: 655536K->640K(659968K)] 923275K->268394K(1202176K), 0.0017200 secs] [Times: user=0.02 sys=0.00, real=0.00 secs] 
331.342: Total time for which application threads were stopped: 0.0018700 seconds, Stopping threads took: 0.0000810 seconds
331.534: Application time: 0.1918530 seconds
331.534: [GC [PSYoungGen: 659584K->480K(663552K)] 927338K->268362K(1205760K), 0.0018040 secs] [Times: user=0.01 sys=0.01, real=0.00 secs] 
331.536: Total time for which application threads were stopped: 0.0019410 seconds, Stopping threads took: 0.0000730 seconds
331.718: Application time: 0.1814520 seconds
331.718: [GC [PSYoungGen: 663520K->576K(637440K)] 931402K->268474K(1179648K), 0.0015170 secs] [Times: user=0.01 sys=0.00, real=0.00 secs] 
331.719: Total time for which application threads were stopped: 0.0017030 seconds, Stopping threads took: 0.0001050 seconds
331.916: Application time: 0.1963300 seconds
331.916: [GC [PSYoungGen: 636992K->672K(611840K)] 904890K->268570K(1154048K), 0.0017290 secs] [Times: user=0.01 sys=0.00, real=0.00 secs] 
331.918: Total time for which application threads were stopped: 0.0019000 seconds, Stopping threads took: 0.0000980 seconds
332.091: Application time: 0.1729000 seconds
332.091: [GC [PSYoungGen: 611488K->784K(587776K)] 879386K->268690K(1129984K), 0.0015010 secs] [Times: user=0.01 sys=0.00, real=0.00 secs] 
332.092: Total time for which application threads were stopped: 0.0016540 seconds, Stopping threads took: 0.0000860 seconds
332.253: Application time: 0.1610580 seconds
332.253: [GC [PSYoungGen: 587536K->496K(591360K)] 855442K->268515K(1133568K), 0.0017520 secs] [Times: user=0.02 sys=0.00, real=0.00 secs] 
332.255: Total time for which application threads were stopped: 0.0019130 seconds, Stopping threads took: 0.0000810 seconds
332.438: Application time: 0.1832930 seconds
332.439: [GC [PSYoungGen: 591344K->576K(595968K)] 859363K->268602K(1138176K), 0.0016600 secs] [Times: user=0.01 sys=0.00, real=0.00 secs] 
332.440: Total time for which application threads were stopped: 0.0018430 seconds, Stopping threads took: 0.0001190 seconds
332.609: Application time: 0.1689210 seconds
332.609: [GC [PSYoungGen: 595520K->768K(600064K)] 863546K->268795K(1142272K), 0.0018100 secs] [Times: user=0.01 sys=0.00, real=0.01 secs] 
332.611: Total time for which application threads were stopped: 0.0019400 seconds, Stopping threads took: 0.0000590 seconds
332.775: Application time: 0.1641180 seconds
332.775: [GC [PSYoungGen: 599808K->736K(604160K)] 867835K->268771K(1146368K), 0.0015300 secs] [Times: user=0.00 sys=0.00, real=0.00 secs] 
332.777: Total time for which application threads were stopped: 0.0016990 seconds, Stopping threads took: 0.0000880 seconds
332.963: Application time: 0.1855030 seconds
332.963: [GC [PSYoungGen: 603872K->496K(607744K)] 871907K->268695K(1149952K), 0.0015650 secs] [Times: user=0.01 sys=0.00, real=0.00 secs] 
332.964: Total time for which application threads were stopped: 0.0016950 seconds, Stopping threads took: 0.0000650 seconds
333.135: Application time: 0.1710300 seconds
333.135: [GC [PSYoungGen: 607728K->656K(612352K)] 875927K->268863K(1154560K), 0.0017670 secs] [Times: user=0.02 sys=0.00, real=0.00 secs] 
333.137: Total time for which application threads were stopped: 0.0018870 seconds, Stopping threads took: 0.0000470 seconds
333.305: Application time: 0.1681120 seconds
333.305: [GC [PSYoungGen: 611984K->640K(616448K)] 880191K->268847K(1158656K), 0.0017140 secs] [Times: user=0.01 sys=0.00, real=0.00 secs] 
333.307: Total time for which application threads were stopped: 0.0019130 seconds, Stopping threads took: 0.0001150 seconds
333.499: Application time: 0.1920410 seconds
333.499: [GC [PSYoungGen: 616064K->560K(620544K)] 884271K->268775K(1162752K), 0.0015270 secs] [Times: user=0.00 sys=0.00, real=0.00 secs] 
333.501: Total time for which application threads were stopped: 0.0016630 seconds, Stopping threads took: 0.0000710 seconds
333.671: Application time: 0.1697980 seconds
333.671: [GC [PSYoungGen: 620080K->496K(624128K)] 888295K->268935K(1166336K), 0.0017140 secs] [Times: user=0.01 sys=0.00, real=0.00 secs] 
333.673: Total time for which application threads were stopped: 0.0018520 seconds, Stopping threads took: 0.0000730 seconds
333.848: Application time: 0.1756550 seconds
333.848: [GC [PSYoungGen: 624112K->448K(628736K)] 892551K->268895K(1170944K), 0.0016810 secs] [Times: user=0.01 sys=0.00, real=0.00 secs] 
333.850: Total time for which application threads were stopped: 0.0018170 seconds, Stopping threads took: 0.0000540 seconds
334.047: Application time: 0.1965470 seconds
334.047: [GC [PSYoungGen: 628160K->576K(632832K)] 896607K->269023K(1175040K), 0.0016680 secs] [Times: user=0.01 sys=0.00, real=0.00 secs] 
334.048: Total time for which application threads were stopped: 0.0018370 seconds, Stopping threads took: 0.0001020 seconds
334.212: Application time: 0.1640790 seconds
334.213: [GC [PSYoungGen: 632384K->576K(636928K)] 900831K->269039K(1179136K), 0.0017280 secs] [Times: user=0.01 sys=0.00, real=0.00 secs] 
334.214: Total time for which application threads were stopped: 0.0018640 seconds, Stopping threads took: 0.0000670 seconds
334.398: Application time: 0.1835250 seconds
334.398: [GC [PSYoungGen: 636480K->480K(640512K)] 904943K->269011K(1182720K), 0.0016610 secs] [Times: user=0.01 sys=0.00, real=0.00 secs] 
334.400: Total time for which application threads were stopped: 0.0018130 seconds, Stopping threads took: 0.0000810 seconds
334.600: Application time: 0.1999030 seconds
334.600: [GC [PSYoungGen: 640480K->752K(645120K)] 909011K->269291K(1187328K), 0.0017020 secs] [Times: user=0.01 sys=0.00, real=0.00 secs] 
334.601: Total time for which application threads were stopped: 0.0018510 seconds, Stopping threads took: 0.0000790 seconds
334.768: Application time: 0.1669500 seconds
334.769: [GC [PSYoungGen: 644848K->608K(649728K)] 913387K->269147K(1191936K), 0.0017070 secs] [Times: user=0.01 sys=0.00, real=0.00 secs] 
334.770: Total time for which application threads were stopped: 0.0018770 seconds, Stopping threads took: 0.0001000 seconds
334.967: Application time: 0.1968230 seconds
334.967: [GC [PSYoungGen: 649312K->704K(653824K)] 917851K->269259K(1196032K), 0.0017410 secs] [Times: user=0.01 sys=0.00, real=0.00 secs] 
334.969: Total time for which application threads were stopped: 0.0018690 seconds, Stopping threads took: 0.0000450 seconds
335.160: Application time: 0.1907710 seconds
335.160: [GC [PSYoungGen: 653504K->496K(657408K)] 922059K->269223K(1199616K), 0.0016700 secs] [Times: user=0.01 sys=0.00, real=0.00 secs] 
335.162: Total time for which application threads were stopped: 0.0017880 seconds, Stopping threads took: 0.0000530 seconds
335.338: Application time: 0.1763560 seconds
335.338: [GC [PSYoungGen: 657392K->608K(662528K)] 926119K->269343K(1204736K), 0.0017740 secs] [Times: user=0.01 sys=0.00, real=0.00 secs] 
335.340: Total time for which application threads were stopped: 0.0019200 seconds, Stopping threads took: 0.0000810 seconds
335.543: Application time: 0.2033590 seconds
335.543: [GC [PSYoungGen: 662112K->720K(662528K)] 930847K->269455K(1204736K), 0.0018230 secs] [Times: user=0.01 sys=0.00, real=0.00 secs] 
335.545: Total time for which application threads were stopped: 0.0019800 seconds, Stopping threads took: 0.0000750 seconds
335.729: Application time: 0.1842620 seconds
335.730: [GC [PSYoungGen: 662224K->640K(662528K)] 930959K->269415K(1204736K), 0.0018480 secs] [Times: user=0.01 sys=0.00, real=0.01 secs] 
335.731: Total time for which application threads were stopped: 0.0019880 seconds, Stopping threads took: 0.0000720 seconds
335.921: Application time: 0.1895850 seconds
335.921: [GC [PSYoungGen: 662144K->592K(666112K)] 930919K->269367K(1208320K), 0.0015760 secs] [Times: user=0.01 sys=0.00, real=0.01 secs] 
335.923: Total time for which application threads were stopped: 0.0017440 seconds, Stopping threads took: 0.0000960 seconds
336.131: Application time: 0.2083490 seconds
336.131: [GC [PSYoungGen: 665680K->560K(639488K)] 934455K->269335K(1181696K), 0.0016770 secs] [Times: user=0.01 sys=0.00, real=0.00 secs] 
336.133: Total time for which application threads were stopped: 0.0018260 seconds, Stopping threads took: 0.0000740 seconds
336.296: Application time: 0.1633430 seconds
336.296: [GC [PSYoungGen: 639024K->496K(643072K)] 907799K->269335K(1185280K), 0.0017760 secs] [Times: user=0.01 sys=0.00, real=0.00 secs] 
336.298: Total time for which application threads were stopped: 0.0019100 seconds, Stopping threads took: 0.0000630 seconds
336.490: Application time: 0.1916320 seconds
336.491: [GC [PSYoungGen: 643056K->752K(647680K)] 911895K->269591K(1189888K), 0.0016920 secs] [Times: user=0.01 sys=0.00, real=0.00 secs] 
336.492: Total time for which application threads were stopped: 0.0024670 seconds, Stopping threads took: 0.0007020 seconds
336.690: Application time: 0.1972080 seconds
336.690: [GC [PSYoungGen: 647408K->560K(651776K)] 916247K->269399K(1193984K), 0.0017490 secs] [Times: user=0.01 sys=0.00, real=0.01 secs] 
336.691: Total time for which application threads were stopped: 0.0018740 seconds, Stopping threads took: 0.0000540 seconds
336.861: Application time: 0.1691880 seconds
336.861: [GC [PSYoungGen: 651312K->560K(656384K)] 920151K->269407K(1198592K), 0.0018310 secs] [Times: user=0.01 sys=0.01, real=0.01 secs] 
336.863: Total time for which application threads were stopped: 0.0019990 seconds, Stopping threads took: 0.0000950 seconds
337.069: Application time: 0.2061760 seconds
337.069: [GC [PSYoungGen: 655920K->496K(660480K)] 924767K->269471K(1202688K), 0.0017950 secs] [Times: user=0.02 sys=0.00, real=0.01 secs] 
337.071: Total time for which application threads were stopped: 0.0019320 seconds, Stopping threads took: 0.0000680 seconds
337.259: Application time: 0.1882160 seconds
337.259: [GC [PSYoungGen: 660464K->704K(665088K)] 929439K->269695K(1207296K), 0.0016900 secs] [Times: user=0.01 sys=0.00, real=0.00 secs] 
337.261: Total time for which application threads were stopped: 0.0018390 seconds, Stopping threads took: 0.0000760 seconds
337.445: Application time: 0.1847290 seconds
337.446: [GC [PSYoungGen: 664768K->752K(665600K)] 933759K->269743K(1207808K), 0.0018660 secs] [Times: user=0.01 sys=0.00, real=0.00 secs] 
337.448: Total time for which application threads were stopped: 0.0020100 seconds, Stopping threads took: 0.0000680 seconds
337.657: Application time: 0.2091960 seconds
337.657: [GC [PSYoungGen: 665328K->704K(665600K)] 934319K->269703K(1207808K), 0.0016830 secs] [Times: user=0.01 sys=0.00, real=0.00 secs] 
337.659: Total time for which application threads were stopped: 0.0018530 seconds, Stopping threads took: 0.0001000 seconds
337.835: Application time: 0.1765640 seconds
337.835: [GC [PSYoungGen: 665280K->976K(666112K)] 934279K->269991K(1208320K), 0.0017430 secs] [Times: user=0.01 sys=0.00, real=0.00 secs] 
337.837: Total time for which application threads were stopped: 0.0018620 seconds, Stopping threads took: 0.0000410 seconds
338.034: Application time: 0.1967250 seconds
338.034: [GC [PSYoungGen: 666064K->720K(666112K)] 935079K->269783K(1208320K), 0.0018740 secs] [Times: user=0.01 sys=0.00, real=0.00 secs] 
338.036: Total time for which application threads were stopped: 0.0020310 seconds, Stopping threads took: 0.0000870 seconds
338.239: Application time: 0.2032080 seconds
338.239: [GC [PSYoungGen: 665808K->688K(666112K)] 934871K->269751K(1208320K), 0.0017960 secs] [Times: user=0.01 sys=0.00, real=0.00 secs] 
338.241: Total time for which application threads were stopped: 0.0019050 seconds, Stopping threads took: 0.0000460 seconds
338.409: Application time: 0.1677180 seconds
338.409: [GC [PSYoungGen: 665776K->736K(666112K)] 934839K->269807K(1208320K), 0.0017790 secs] [Times: user=0.01 sys=0.00, real=0.01 secs] 
338.411: Total time for which application threads were stopped: 0.0019590 seconds, Stopping threads took: 0.0000970 seconds
338.623: Application time: 0.2124890 seconds
338.623: [GC [PSYoungGen: 665824K->752K(666112K)] 934895K->269831K(1208320K), 0.0017040 secs] [Times: user=0.01 sys=0.00, real=0.00 secs] 
338.625: Total time for which application threads were stopped: 0.0018310 seconds, Stopping threads took: 0.0000650 seconds
338.812: Application time: 0.1872720 seconds
338.812: [GC [PSYoungGen: 665840K->784K(639488K)] 934919K->269879K(1181696K), 0.0015640 secs] [Times: user=0.01 sys=0.00, real=0.00 secs] 
338.814: Total time for which application threads were stopped: 0.0018190 seconds, Stopping threads took: 0.0000810 seconds
338.991: Application time: 0.1767030 seconds
338.991: [GC [PSYoungGen: 639248K->496K(643072K)] 908343K->269727K(1185280K), 0.0016850 secs] [Times: user=0.01 sys=0.00, real=0.00 secs] 
338.993: Total time for which application threads were stopped: 0.0018740 seconds, Stopping threads took: 0.0001090 seconds
339.197: Application time: 0.2040260 seconds
339.197: [GC [PSYoungGen: 643056K->624K(617984K)] 912287K->269863K(1160192K), 0.0016720 secs] [Times: user=0.01 sys=0.00, real=0.00 secs] 
339.198: Total time for which application threads were stopped: 0.0018510 seconds, Stopping threads took: 0.0001120 seconds
339.364: Application time: 0.1653010 seconds
339.364: [GC [PSYoungGen: 617584K->688K(622080K)] 886823K->269927K(1164288K), 0.0017200 secs] [Times: user=0.01 sys=0.00, real=0.00 secs] 
339.366: Total time for which application threads were stopped: 0.0018570 seconds, Stopping threads took: 0.0000630 seconds
339.542: Application time: 0.1759820 seconds
339.542: [GC [PSYoungGen: 621744K->640K(626176K)] 890983K->269887K(1168384K), 0.0017610 secs] [Times: user=0.01 sys=0.00, real=0.01 secs] 
339.543: Total time for which application threads were stopped: 0.0019050 seconds, Stopping threads took: 0.0000580 seconds
339.740: Application time: 0.1966820 seconds
339.740: [GC [PSYoungGen: 625792K->496K(629760K)] 895039K->269851K(1171968K), 0.0017650 secs] [Times: user=0.01 sys=0.00, real=0.00 secs] 
339.742: Total time for which application threads were stopped: 0.0019140 seconds, Stopping threads took: 0.0000770 seconds
339.909: Application time: 0.1665720 seconds
339.909: [GC [PSYoungGen: 629744K->752K(634368K)] 899099K->270139K(1176576K), 0.0017010 secs] [Times: user=0.01 sys=0.00, real=0.00 secs] 
339.911: Total time for which application threads were stopped: 0.0018580 seconds, Stopping threads took: 0.0000780 seconds
340.099: Application time: 0.1879840 seconds
340.099: [GC [PSYoungGen: 634096K->608K(638464K)] 903483K->269995K(1180672K), 0.0016570 secs] [Times: user=0.01 sys=0.00, real=0.00 secs] 
340.100: Total time for which application threads were stopped: 0.0018470 seconds, Stopping threads took: 0.0001170 seconds
340.294: Application time: 0.1940140 seconds
340.295: [GC [PSYoungGen: 638048K->704K(642560K)] 907435K->270099K(1184768K), 0.0017880 secs] [Times: user=0.01 sys=0.00, real=0.00 secs] 
340.296: Total time for which application threads were stopped: 0.0019780 seconds, Stopping threads took: 0.0001080 seconds
340.462: Application time: 0.1653150 seconds
340.462: [GC [PSYoungGen: 642240K->496K(646656K)] 911635K->269995K(1188864K), 0.0016780 secs] [Times: user=0.01 sys=0.00, real=0.01 secs] 
340.464: Total time for which application threads were stopped: 0.0018200 seconds, Stopping threads took: 0.0000730 seconds
340.668: Application time: 0.2041540 seconds
340.668: [GC [PSYoungGen: 646640K->656K(651264K)] 916139K->270163K(1193472K), 0.0016810 secs] [Times: user=0.01 sys=0.00, real=0.00 secs] 
340.669: Total time for which application threads were stopped: 0.0018330 seconds, Stopping threads took: 0.0000690 seconds
340.857: Application time: 0.1873540 seconds
340.857: [GC [PSYoungGen: 650896K->672K(655360K)] 920403K->270179K(1197568K), 0.0016900 secs] [Times: user=0.01 sys=0.00, real=0.00 secs] 
340.859: Total time for which application threads were stopped: 0.0018340 seconds, Stopping threads took: 0.0000810 seconds
341.030: Application time: 0.1716400 seconds
341.030: [GC [PSYoungGen: 655008K->672K(659968K)] 924515K->270187K(1202176K), 0.0017550 secs] [Times: user=0.01 sys=0.00, real=0.01 secs] 
341.032: Total time for which application threads were stopped: 0.0019130 seconds, Stopping threads took: 0.0000850 seconds
341.243: Application time: 0.2108990 seconds
341.243: [GC [PSYoungGen: 659616K->496K(663552K)] 929131K->270091K(1205760K), 0.0016740 secs] [Times: user=0.01 sys=0.00, real=0.00 secs] 
341.245: Total time for which application threads were stopped: 0.0018170 seconds, Stopping threads took: 0.0000670 seconds
341.423: Application time: 0.1783210 seconds
341.423: [GC [PSYoungGen: 663536K->656K(664064K)] 933131K->270259K(1206272K), 0.0018330 secs] [Times: user=0.02 sys=0.00, real=0.00 secs] 
341.425: Total time for which application threads were stopped: 0.0019690 seconds, Stopping threads took: 0.0000710 seconds
341.613: Application time: 0.1873110 seconds
341.613: [GC [PSYoungGen: 663696K->688K(666112K)] 933299K->270291K(1208320K), 0.0016970 secs] [Times: user=0.01 sys=0.00, real=0.00 secs] 
341.614: Total time for which application threads were stopped: 0.0018650 seconds, Stopping threads took: 0.0000970 seconds
341.823: Application time: 0.2082540 seconds
341.823: [GC [PSYoungGen: 665776K->688K(639488K)] 935379K->270315K(1181696K), 0.0016870 secs] [Times: user=0.01 sys=0.00, real=0.00 secs] 
341.825: Total time for which application threads were stopped: 0.0018500 seconds, Stopping threads took: 0.0000830 seconds
341.990: Application time: 0.1656360 seconds
341.990: [GC [PSYoungGen: 639152K->496K(643072K)] 908779K->270355K(1185280K), 0.0017470 secs] [Times: user=0.01 sys=0.00, real=0.01 secs] 
341.992: Total time for which application threads were stopped: 0.0019080 seconds, Stopping threads took: 0.0000900 seconds
342.186: Application time: 0.1934190 seconds
342.186: [GC [PSYoungGen: 643056K->496K(647680K)] 912915K->270363K(1189888K), 0.0016590 secs] [Times: user=0.02 sys=0.00, real=0.00 secs] 
342.187: Total time for which application threads were stopped: 0.0018270 seconds, Stopping threads took: 0.0001060 seconds
342.380: Application time: 0.1930800 seconds
342.381: [GC [PSYoungGen: 647152K->672K(651776K)] 917019K->270539K(1193984K), 0.0016600 secs] [Times: user=0.01 sys=0.00, real=0.00 secs] 
342.382: Total time for which application threads were stopped: 0.0017990 seconds, Stopping threads took: 0.0000610 seconds
342.548: Application time: 0.1662060 seconds
342.549: [GC [PSYoungGen: 651424K->752K(656384K)] 921291K->270627K(1198592K), 0.0017860 secs] [Times: user=0.01 sys=0.00, real=0.00 secs] 
342.550: Total time for which application threads were stopped: 0.0019230 seconds, Stopping threads took: 0.0000700 seconds
342.764: Application time: 0.2141020 seconds
342.765: [GC [PSYoungGen: 656112K->496K(659968K)] 925987K->270419K(1202176K), 0.0017780 secs] [Times: user=0.01 sys=0.00, real=0.00 secs] 
342.766: Total time for which application threads were stopped: 0.0019270 seconds, Stopping threads took: 0.0000850 seconds
342.946: Application time: 0.1791620 seconds
342.946: [GC [PSYoungGen: 659952K->608K(665088K)] 929875K->270539K(1207296K), 0.0016830 secs] [Times: user=0.01 sys=0.00, real=0.00 secs] 
342.947: Total time for which application threads were stopped: 0.0018110 seconds, Stopping threads took: 0.0000550 seconds
343.128: Application time: 0.1807410 seconds
343.128: [GC [PSYoungGen: 664672K->720K(665088K)] 934603K->270651K(1207296K), 0.0016430 secs] [Times: user=0.01 sys=0.00, real=0.00 secs] 
343.130: Total time for which application threads were stopped: 0.0017850 seconds, Stopping threads took: 0.0000770 seconds
343.346: Application time: 0.2164360 seconds
343.346: [GC [PSYoungGen: 664784K->592K(638464K)] 934715K->270531K(1180672K), 0.0015440 secs] [Times: user=0.00 sys=0.00, real=0.00 secs] 
343.348: Total time for which application threads were stopped: 0.0016960 seconds, Stopping threads took: 0.0000860 seconds
343.514: Application time: 0.1658150 seconds
343.514: [GC [PSYoungGen: 638032K->496K(612352K)] 907971K->270599K(1154560K), 0.0014980 secs] [Times: user=0.01 sys=0.00, real=0.00 secs] 
343.515: Total time for which application threads were stopped: 0.0016400 seconds, Stopping threads took: 0.0000650 seconds
343.690: Application time: 0.1748700 seconds
343.691: [GC [PSYoungGen: 612336K->576K(588800K)] 882439K->270687K(1131008K), 0.0016980 secs] [Times: user=0.02 sys=0.00, real=0.01 secs] 
343.692: Total time for which application threads were stopped: 0.0018770 seconds, Stopping threads took: 0.0001070 seconds
343.882: Application time: 0.1897870 seconds
343.882: [GC [PSYoungGen: 588352K->720K(565760K)] 858463K->270831K(1107968K), 0.0016460 secs] [Times: user=0.01 sys=0.00, real=0.01 secs] 
343.884: Total time for which application threads were stopped: 0.0018000 seconds, Stopping threads took: 0.0000880 seconds
344.029: Application time: 0.1454410 seconds
344.029: [GC [PSYoungGen: 565456K->736K(569856K)] 835567K->270871K(1112064K), 0.0017110 secs] [Times: user=0.01 sys=0.00, real=0.01 secs] 
344.031: Total time for which application threads were stopped: 0.0018520 seconds, Stopping threads took: 0.0000670 seconds
344.190: Application time: 0.1590320 seconds
344.190: [GC [PSYoungGen: 569568K->512K(573440K)] 839703K->270679K(1115648K), 0.0017260 secs] [Times: user=0.01 sys=0.00, real=0.01 secs] 
344.192: Total time for which application threads were stopped: 0.0018720 seconds, Stopping threads took: 0.0000810 seconds
344.382: Application time: 0.1896170 seconds
344.382: [GC [PSYoungGen: 573440K->688K(578048K)] 843607K->270863K(1120256K), 0.0017610 secs] [Times: user=0.01 sys=0.00, real=0.01 secs] 
344.384: Total time for which application threads were stopped: 0.0019110 seconds, Stopping threads took: 0.0000780 seconds
344.534: Application time: 0.1500820 seconds
344.534: [GC [PSYoungGen: 577712K->688K(582144K)] 847887K->270863K(1124352K), 0.0016990 secs] [Times: user=0.01 sys=0.00, real=0.00 secs] 
344.536: Total time for which application threads were stopped: 0.0018420 seconds, Stopping threads took: 0.0000690 seconds
344.697: Application time: 0.1617610 seconds
344.697: [GC [PSYoungGen: 581808K->640K(586240K)] 851983K->270847K(1128448K), 0.0017550 secs] [Times: user=0.01 sys=0.00, real=0.00 secs] 
344.699: Total time for which application threads were stopped: 0.0018920 seconds, Stopping threads took: 0.0000680 seconds
344.894: Application time: 0.1945600 seconds
344.894: [GC [PSYoungGen: 585856K->496K(589824K)] 856063K->270919K(1132032K), 0.0015200 secs] [Times: user=0.01 sys=0.00, real=0.00 secs] 
344.895: Total time for which application threads were stopped: 0.0016570 seconds, Stopping threads took: 0.0000720 seconds
345.049: Application time: 0.1534650 seconds
345.049: [GC [PSYoungGen: 589808K->784K(594432K)] 860231K->271215K(1136640K), 0.0014920 secs] [Times: user=0.01 sys=0.00, real=0.00 secs] 
345.051: Total time for which application threads were stopped: 0.0016530 seconds, Stopping threads took: 0.0000830 seconds
345.214: Application time: 0.1638210 seconds
345.214: [GC [PSYoungGen: 594192K->720K(598528K)] 864623K->271151K(1140736K), 0.0014930 secs] [Times: user=0.00 sys=0.00, real=0.00 secs] 
345.216: Total time for which application threads were stopped: 0.0016360 seconds, Stopping threads took: 0.0000750 seconds
345.415: Application time: 0.1986180 seconds
345.415: [GC [PSYoungGen: 598224K->720K(602624K)] 868655K->271159K(1144832K), 0.0017740 secs] [Times: user=0.01 sys=0.00, real=0.00 secs] 
345.417: Total time for which application threads were stopped: 0.0019190 seconds, Stopping threads took: 0.0000800 seconds
345.572: Application time: 0.1553070 seconds
345.572: [GC [PSYoungGen: 602320K->480K(606208K)] 872759K->271111K(1148416K), 0.0017350 secs] [Times: user=0.01 sys=0.00, real=0.00 secs] 
345.574: Total time for which application threads were stopped: 0.0018760 seconds, Stopping threads took: 0.0000660 seconds
345.743: Application time: 0.1698040 seconds
345.744: [GC [PSYoungGen: 606176K->640K(610816K)] 876807K->271279K(1153024K), 0.0015060 secs] [Times: user=0.01 sys=0.00, real=0.00 secs] 
345.745: Total time for which application threads were stopped: 0.0017010 seconds, Stopping threads took: 0.0001170 seconds
345.946: Application time: 0.2006820 seconds
345.946: [GC [PSYoungGen: 610432K->672K(614912K)] 881071K->271311K(1157120K), 0.0017840 secs] [Times: user=0.01 sys=0.00, real=0.00 secs] 
345.948: Total time for which application threads were stopped: 0.0019300 seconds, Stopping threads took: 0.0000710 seconds
346.108: Application time: 0.1599130 seconds
346.108: [GC [PSYoungGen: 614560K->752K(619008K)] 885199K->271423K(1161216K), 0.0017090 secs] [Times: user=0.01 sys=0.00, real=0.00 secs] 
346.110: Total time for which application threads were stopped: 0.0018590 seconds, Stopping threads took: 0.0000760 seconds
346.285: Application time: 0.1751250 seconds
346.285: [GC [PSYoungGen: 618736K->480K(622592K)] 889407K->271247K(1164800K), 0.0017000 secs] [Times: user=0.01 sys=0.00, real=0.00 secs] 
346.287: Total time for which application threads were stopped: 0.0018650 seconds, Stopping threads took: 0.0000910 seconds
346.487: Application time: 0.2003930 seconds
346.487: [GC [PSYoungGen: 622560K->608K(627200K)] 893327K->271391K(1169408K), 0.0016260 secs] [Times: user=0.01 sys=0.00, real=0.00 secs] 
346.489: Total time for which application threads were stopped: 0.0017650 seconds, Stopping threads took: 0.0000770 seconds
346.650: Application time: 0.1608750 seconds
346.650: [GC [PSYoungGen: 626784K->704K(631296K)] 897567K->271487K(1173504K), 0.0016510 secs] [Times: user=0.01 sys=0.00, real=0.01 secs] 
346.651: Total time for which application threads were stopped: 0.0018150 seconds, Stopping threads took: 0.0000850 seconds
346.839: Application time: 0.1877400 seconds
346.839: [GC [PSYoungGen: 630976K->640K(635392K)] 901759K->271439K(1177600K), 0.0017440 secs] [Times: user=0.01 sys=0.00, real=0.00 secs] 
346.841: Total time for which application threads were stopped: 0.0019150 seconds, Stopping threads took: 0.0001080 seconds
347.035: Application time: 0.1939420 seconds
347.035: [GC [PSYoungGen: 635008K->512K(638976K)] 905807K->271443K(1181184K), 0.0017120 secs] [Times: user=0.02 sys=0.00, real=0.00 secs] 
347.037: Total time for which application threads were stopped: 0.0018670 seconds, Stopping threads took: 0.0000870 seconds
347.203: Application time: 0.1657060 seconds
347.203: [GC [PSYoungGen: 638976K->784K(644096K)] 909907K->271723K(1186304K), 0.0017810 secs] [Times: user=0.01 sys=0.00, real=0.00 secs] 
347.205: Total time for which application threads were stopped: 0.0019330 seconds, Stopping threads took: 0.0000730 seconds
347.415: Application time: 0.2101010 seconds
347.415: [GC [PSYoungGen: 643856K->688K(648192K)] 914795K->271627K(1190400K), 0.0017530 secs] [Times: user=0.01 sys=0.00, real=0.00 secs] 
347.417: Total time for which application threads were stopped: 0.0018900 seconds, Stopping threads took: 0.0000720 seconds
347.593: Application time: 0.1765280 seconds
347.593: [GC [PSYoungGen: 647856K->672K(652800K)] 918795K->271635K(1195008K), 0.0017200 secs] [Times: user=0.01 sys=0.00, real=0.00 secs] 
347.595: Total time for which application threads were stopped: 0.0018610 seconds, Stopping threads took: 0.0000690 seconds
347.767: Application time: 0.1720840 seconds
347.767: [GC [PSYoungGen: 652448K->480K(656896K)] 923411K->271595K(1199104K), 0.0018040 secs] [Times: user=0.01 sys=0.00, real=0.00 secs] 
347.769: Total time for which application threads were stopped: 0.0019650 seconds, Stopping threads took: 0.0000830 seconds
347.992: Application time: 0.2230900 seconds
347.992: [GC [PSYoungGen: 656864K->672K(661504K)] 927979K->271795K(1203712K), 0.0016410 secs] [Times: user=0.01 sys=0.00, real=0.00 secs] 
347.994: Total time for which application threads were stopped: 0.0017750 seconds, Stopping threads took: 0.0000690 seconds
348.160: Application time: 0.1661090 seconds
348.160: [GC [PSYoungGen: 661152K->752K(661504K)] 932275K->271875K(1203712K), 0.0016760 secs] [Times: user=0.01 sys=0.00, real=0.00 secs] 
348.162: Total time for which application threads were stopped: 0.0018000 seconds, Stopping threads took: 0.0000560 seconds
348.350: Application time: 0.1882900 seconds
348.350: [GC [PSYoungGen: 661232K->640K(661504K)] 932355K->271779K(1203712K), 0.0016730 secs] [Times: user=0.01 sys=0.00, real=0.01 secs] 
348.352: Total time for which application threads were stopped: 0.0018250 seconds, Stopping threads took: 0.0000660 seconds
348.562: Application time: 0.2104640 seconds
348.563: [GC [PSYoungGen: 661120K->816K(665600K)] 932259K->271963K(1207808K), 0.0017870 secs] [Times: user=0.01 sys=0.00, real=0.00 secs] 
348.564: Total time for which application threads were stopped: 0.0019920 seconds, Stopping threads took: 0.0001270 seconds
348.732: Application time: 0.1680820 seconds
348.733: [GC [PSYoungGen: 665392K->704K(666112K)] 936539K->271859K(1208320K), 0.0016450 secs] [Times: user=0.01 sys=0.00, real=0.00 secs] 
348.734: Total time for which application threads were stopped: 0.0017800 seconds, Stopping threads took: 0.0000680 seconds
348.948: Application time: 0.2133460 seconds
348.951: [GC [PSYoungGen: 665792K->672K(639488K)] 936947K->271827K(1181696K), 0.0017740 secs] [Times: user=0.01 sys=0.00, real=0.00 secs] 
348.952: Total time for which application threads were stopped: 0.0048180 seconds, Stopping threads took: 0.0029700 seconds
349.131: Application time: 0.1783560 seconds
349.131: [GC [PSYoungGen: 639136K->800K(643584K)] 910291K->271971K(1185792K), 0.0017820 secs] [Times: user=0.01 sys=0.00, real=0.00 secs] 
349.133: Total time for which application threads were stopped: 0.0019240 seconds, Stopping threads took: 0.0000780 seconds
349.300: Application time: 0.1672630 seconds
349.300: [GC [PSYoungGen: 643360K->496K(647680K)] 914531K->271780K(1189888K), 0.0016840 secs] [Times: user=0.01 sys=0.00, real=0.00 secs] 
349.302: Total time for which application threads were stopped: 0.0018100 seconds, Stopping threads took: 0.0000600 seconds
349.520: Application time: 0.2184630 seconds
349.520: [GC [PSYoungGen: 647664K->608K(622080K)] 918948K->271899K(1164288K), 0.0016780 secs] [Times: user=0.01 sys=0.00, real=0.00 secs] 
349.522: Total time for which application threads were stopped: 0.0018380 seconds, Stopping threads took: 0.0000780 seconds
349.682: Application time: 0.1601260 seconds
349.682: [GC [PSYoungGen: 621664K->592K(626176K)] 892955K->271883K(1168384K), 0.0018390 secs] [Times: user=0.01 sys=0.00, real=0.01 secs] 
349.684: Total time for which application threads were stopped: 0.0019850 seconds, Stopping threads took: 0.0000740 seconds
349.853: Application time: 0.1683470 seconds
349.853: [GC [PSYoungGen: 625744K->624K(630784K)] 897035K->271923K(1172992K), 0.0017330 secs] [Times: user=0.01 sys=0.00, real=0.00 secs] 
349.854: Total time for which application threads were stopped: 0.0018570 seconds, Stopping threads took: 0.0000540 seconds
350.068: Application time: 0.2138910 seconds
350.068: [GC [PSYoungGen: 630384K->496K(634368K)] 901683K->271900K(1176576K), 0.0016460 secs] [Times: user=0.01 sys=0.00, real=0.00 secs] 
350.070: Total time for which application threads were stopped: 0.0017880 seconds, Stopping threads took: 0.0000710 seconds
350.230: Application time: 0.1597100 seconds
350.230: [GC [PSYoungGen: 634352K->736K(639488K)] 905756K->272156K(1181696K), 0.0017160 secs] [Times: user=0.01 sys=0.00, real=0.01 secs] 
350.232: Total time for which application threads were stopped: 0.0018800 seconds, Stopping threads took: 0.0000900 seconds
350.416: Application time: 0.1838500 seconds
350.416: [GC [PSYoungGen: 639200K->752K(644096K)] 910620K->272171K(1186304K), 0.0016570 secs] [Times: user=0.01 sys=0.00, real=0.00 secs] 
350.417: Total time for which application threads were stopped: 0.0017960 seconds, Stopping threads took: 0.0000690 seconds
350.625: Application time: 0.2072320 seconds
350.625: [GC [PSYoungGen: 643824K->624K(648192K)] 915243K->272076K(1190400K), 0.0018160 secs] [Times: user=0.01 sys=0.00, real=0.00 secs] 
350.627: Total time for which application threads were stopped: 0.0019580 seconds, Stopping threads took: 0.0000600 seconds
350.789: Application time: 0.1627400 seconds
350.789: [GC [PSYoungGen: 647792K->480K(652288K)] 919244K->272004K(1194496K), 0.0017490 secs] [Times: user=0.01 sys=0.00, real=0.01 secs] 
350.791: Total time for which application threads were stopped: 0.0018890 seconds, Stopping threads took: 0.0000730 seconds
350.992: Application time: 0.2010680 seconds
350.992: [GC [PSYoungGen: 652256K->592K(657408K)] 923780K->272124K(1199616K), 0.0016420 secs] [Times: user=0.02 sys=0.00, real=0.00 secs] 
350.994: Total time for which application threads were stopped: 0.0017930 seconds, Stopping threads took: 0.0000870 seconds
351.187: Application time: 0.1931650 seconds
351.187: [GC [PSYoungGen: 656976K->816K(661504K)] 928508K->272348K(1203712K), 0.0016830 secs] [Times: user=0.01 sys=0.00, real=0.00 secs] 
351.189: Total time for which application threads were stopped: 0.0018160 seconds, Stopping threads took: 0.0000580 seconds
351.359: Application time: 0.1697270 seconds
351.359: [GC [PSYoungGen: 661296K->672K(664576K)] 932828K->272204K(1206784K), 0.0016560 secs] [Times: user=0.01 sys=0.00, real=0.00 secs] 
351.361: Total time for which application threads were stopped: 0.0017850 seconds, Stopping threads took: 0.0000640 seconds
351.584: Application time: 0.2231900 seconds
351.584: [GC [PSYoungGen: 664224K->752K(637952K)] 935756K->272292K(1180160K), 0.0016570 secs] [Times: user=0.01 sys=0.00, real=0.00 secs] 
351.586: Total time for which application threads were stopped: 0.0017830 seconds, Stopping threads took: 0.0000610 seconds
351.750: Application time: 0.1643320 seconds
351.750: [GC [PSYoungGen: 637680K->816K(642048K)] 909220K->272364K(1184256K), 0.0017440 secs] [Times: user=0.01 sys=0.00, real=0.01 secs] 
351.752: Total time for which application threads were stopped: 0.0019320 seconds, Stopping threads took: 0.0001000 seconds
351.924: Application time: 0.1724210 seconds
351.924: [GC [PSYoungGen: 641840K->496K(646144K)] 913388K->272108K(1188352K), 0.0017160 secs] [Times: user=0.01 sys=0.00, real=0.00 secs] 
351.926: Total time for which application threads were stopped: 0.0018560 seconds, Stopping threads took: 0.0000730 seconds
352.140: Application time: 0.2143950 seconds
352.141: [GC [PSYoungGen: 646128K->736K(620544K)] 917740K->272364K(1162752K), 0.0016570 secs] [Times: user=0.01 sys=0.00, real=0.00 secs] 
352.142: Total time for which application threads were stopped: 0.0017880 seconds, Stopping threads took: 0.0000670 seconds
352.297: Application time: 0.1550780 seconds
352.297: [GC [PSYoungGen: 620256K->800K(624640K)] 891884K->272428K(1166848K), 0.0017160 secs] [Times: user=0.01 sys=0.00, real=0.00 secs] 
352.299: Total time for which application threads were stopped: 0.0018980 seconds, Stopping threads took: 0.0001060 seconds
352.482: Application time: 0.1826890 seconds
352.483: [GC [PSYoungGen: 624416K->640K(628736K)] 896044K->272268K(1170944K), 0.0015500 secs] [Times: user=0.01 sys=0.00, real=0.00 secs] 
352.484: Total time for which application threads were stopped: 0.0022490 seconds, Stopping threads took: 0.0006340 seconds
352.685: Application time: 0.2013350 seconds
352.686: [GC [PSYoungGen: 628352K->480K(603136K)] 899980K->272248K(1145344K), 0.0016730 secs] [Times: user=0.01 sys=0.00, real=0.00 secs] 
352.687: Total time for which application threads were stopped: 0.0017890 seconds, Stopping threads took: 0.0000490 seconds
352.834: Application time: 0.1465760 seconds
352.834: [GC [PSYoungGen: 603104K->688K(607744K)] 874872K->272464K(1149952K), 0.0017400 secs] [Times: user=0.02 sys=0.00, real=0.00 secs] 
352.836: Total time for which application threads were stopped: 0.0018890 seconds, Stopping threads took: 0.0000650 seconds
353.023: Application time: 0.1871430 seconds
353.023: [GC [PSYoungGen: 607408K->624K(611840K)] 879184K->272400K(1154048K), 0.0019300 secs] [Times: user=0.01 sys=0.00, real=0.00 secs] 
353.025: Total time for which application threads were stopped: 0.0020780 seconds, Stopping threads took: 0.0000750 seconds
353.215: Application time: 0.1899070 seconds
353.215: [GC [PSYoungGen: 611440K->736K(615936K)] 883216K->272520K(1158144K), 0.0016280 secs] [Times: user=0.01 sys=0.00, real=0.00 secs] 
353.217: Total time for which application threads were stopped: 0.0017750 seconds, Stopping threads took: 0.0000810 seconds
353.367: Application time: 0.1508180 seconds
353.368: [GC [PSYoungGen: 615648K->512K(620032K)] 887432K->272392K(1162240K), 0.0016690 secs] [Times: user=0.01 sys=0.00, real=0.00 secs] 
353.369: Total time for which application threads were stopped: 0.0018120 seconds, Stopping threads took: 0.0000620 seconds
353.566: Application time: 0.1962770 seconds
353.566: [GC [PSYoungGen: 620032K->464K(624640K)] 891912K->272352K(1166848K), 0.0017080 secs] [Times: user=0.01 sys=0.00, real=0.00 secs] 
353.567: Total time for which application threads were stopped: 0.0018850 seconds, Stopping threads took: 0.0001130 seconds
353.755: Application time: 0.1879180 seconds
353.756: [GC [PSYoungGen: 624080K->864K(628736K)] 895968K->272752K(1170944K), 0.0017090 secs] [Times: user=0.01 sys=0.00, real=0.00 secs] 
353.757: Total time for which application threads were stopped: 0.0018360 seconds, Stopping threads took: 0.0000630 seconds
353.910: Application time: 0.1527040 seconds
353.910: [GC [PSYoungGen: 628576K->640K(633344K)] 900464K->272536K(1175552K), 0.0018190 secs] [Times: user=0.02 sys=0.00, real=0.01 secs] 
353.912: Total time for which application threads were stopped: 0.0019650 seconds, Stopping threads took: 0.0000710 seconds
354.123: Application time: 0.2106610 seconds
354.127: [GC [PSYoungGen: 632960K->480K(637440K)] 904856K->272384K(1179648K), 0.0018210 secs] [Times: user=0.01 sys=0.00, real=0.00 secs] 
354.128: Total time for which application threads were stopped: 0.0059150 seconds, Stopping threads took: 0.0040200 seconds
354.306: Application time: 0.1771200 seconds
354.306: [GC [PSYoungGen: 637408K->624K(642560K)] 909312K->272536K(1184768K), 0.0017620 secs] [Times: user=0.02 sys=0.00, real=0.00 secs] 
354.308: Total time for which application threads were stopped: 0.0019070 seconds, Stopping threads took: 0.0000790 seconds
354.473: Application time: 0.1653840 seconds
354.473: [GC [PSYoungGen: 642160K->656K(647168K)] 914072K->272576K(1189376K), 0.0016950 secs] [Times: user=0.01 sys=0.00, real=0.00 secs] 
354.475: Total time for which application threads were stopped: 0.0018270 seconds, Stopping threads took: 0.0000540 seconds
354.696: Application time: 0.2216880 seconds
354.697: [GC [PSYoungGen: 646800K->672K(651776K)] 918720K->272632K(1193984K), 0.0017450 secs] [Times: user=0.01 sys=0.00, real=0.00 secs] 
354.698: Total time for which application threads were stopped: 0.0018650 seconds, Stopping threads took: 0.0000490 seconds
354.863: Application time: 0.1646480 seconds
354.863: [GC [PSYoungGen: 651424K->512K(655872K)] 923384K->272632K(1198080K), 0.0018130 secs] [Times: user=0.01 sys=0.00, real=0.00 secs] 
354.865: Total time for which application threads were stopped: 0.0019460 seconds, Stopping threads took: 0.0000620 seconds
355.049: Application time: 0.1840540 seconds
355.049: [GC [PSYoungGen: 655872K->512K(660992K)] 927992K->272640K(1203200K), 0.0016980 secs] [Times: user=0.01 sys=0.00, real=0.01 secs] 
355.051: Total time for which application threads were stopped: 0.0018550 seconds, Stopping threads took: 0.0000850 seconds
355.269: Application time: 0.2177020 seconds
355.269: [GC [PSYoungGen: 660480K->608K(663552K)] 932608K->272736K(1205760K), 0.0017220 secs] [Times: user=0.01 sys=0.00, real=0.00 secs] 
355.270: Total time for which application threads were stopped: 0.0018630 seconds, Stopping threads took: 0.0000770 seconds
355.431: Application time: 0.1608470 seconds
355.431: [GC [PSYoungGen: 663136K->784K(663552K)] 935264K->272944K(1205760K), 0.0016690 secs] [Times: user=0.01 sys=0.00, real=0.00 secs] 
355.433: Total time for which application threads were stopped: 0.0018100 seconds, Stopping threads took: 0.0000770 seconds
355.644: Application time: 0.2113540 seconds
355.645: [GC [PSYoungGen: 663312K->544K(666112K)] 935472K->272712K(1208320K), 0.0016920 secs] [Times: user=0.01 sys=0.00, real=0.00 secs] 
355.646: Total time for which application threads were stopped: 0.0018490 seconds, Stopping threads took: 0.0000740 seconds
355.842: Application time: 0.1962000 seconds
355.843: [GC [PSYoungGen: 665632K->672K(639488K)] 937800K->272848K(1181696K), 0.0016860 secs] [Times: user=0.01 sys=0.00, real=0.00 secs] 
355.844: Total time for which application threads were stopped: 0.0018270 seconds, Stopping threads took: 0.0000730 seconds
356.002: Application time: 0.1577730 seconds
356.002: [GC [PSYoungGen: 639136K->496K(643584K)] 911312K->272760K(1185792K), 0.0017530 secs] [Times: user=0.01 sys=0.00, real=0.01 secs] 
356.004: Total time for which application threads were stopped: 0.0018830 seconds, Stopping threads took: 0.0000600 seconds
356.224: Application time: 0.2205150 seconds
356.225: [GC [PSYoungGen: 643568K->592K(648192K)] 915832K->272864K(1190400K), 0.0017630 secs] [Times: user=0.01 sys=0.00, real=0.00 secs] 
356.226: Total time for which application threads were stopped: 0.0019380 seconds, Stopping threads took: 0.0000920 seconds
356.395: Application time: 0.1690350 seconds
356.396: [GC [PSYoungGen: 647760K->704K(652800K)] 920032K->272976K(1195008K), 0.0016680 secs] [Times: user=0.01 sys=0.00, real=0.00 secs] 
356.397: Total time for which application threads were stopped: 0.0018280 seconds, Stopping threads took: 0.0000960 seconds
356.571: Application time: 0.1734320 seconds
356.571: [GC [PSYoungGen: 652480K->688K(657408K)] 924752K->272968K(1199616K), 0.0016840 secs] [Times: user=0.01 sys=0.00, real=0.00 secs] 
356.573: Total time for which application threads were stopped: 0.0018370 seconds, Stopping threads took: 0.0000800 seconds
356.795: Application time: 0.2227660 seconds
356.795: [GC [PSYoungGen: 657072K->496K(630272K)] 929352K->272904K(1172480K), 0.0017170 secs] [Times: user=0.00 sys=0.00, real=0.00 secs] 
356.797: Total time for which application threads were stopped: 0.0018690 seconds, Stopping threads took: 0.0000740 seconds
356.952: Application time: 0.1544950 seconds
356.952: [GC [PSYoungGen: 630256K->544K(634880K)] 902664K->272960K(1177088K), 0.0016940 secs] [Times: user=0.01 sys=0.00, real=0.00 secs] 
356.954: Total time for which application threads were stopped: 0.0018380 seconds, Stopping threads took: 0.0000710 seconds
357.141: Application time: 0.1878210 seconds
357.141: [GC [PSYoungGen: 634400K->384K(638464K)] 906816K->272800K(1180672K), 0.0017590 secs] [Times: user=0.01 sys=0.00, real=0.01 secs] 
357.143: Total time for which application threads were stopped: 0.0019310 seconds, Stopping threads took: 0.0001010 seconds
357.348: Application time: 0.2043480 seconds
357.348: [GC [PSYoungGen: 638336K->592K(643072K)] 910752K->273016K(1185280K), 0.0017000 secs] [Times: user=0.01 sys=0.00, real=0.00 secs] 
357.349: Total time for which application threads were stopped: 0.0018480 seconds, Stopping threads took: 0.0000730 seconds
357.504: Application time: 0.1549910 seconds
357.505: [GC [PSYoungGen: 642640K->608K(647680K)] 915064K->273040K(1189888K), 0.0018290 secs] [Times: user=0.01 sys=0.00, real=0.00 secs] 
357.506: Total time for which application threads were stopped: 0.0019610 seconds, Stopping threads took: 0.0000630 seconds
357.712: Application time: 0.2054630 seconds
357.712: [GC [PSYoungGen: 647264K->528K(652288K)] 919696K->272976K(1194496K), 0.0017420 secs] [Times: user=0.01 sys=0.00, real=0.00 secs] 
357.714: Total time for which application threads were stopped: 0.0018810 seconds, Stopping threads took: 0.0000680 seconds
357.910: Application time: 0.1961110 seconds
357.910: [GC [PSYoungGen: 651792K->496K(656384K)] 924240K->273008K(1198592K), 0.0017700 secs] [Times: user=0.02 sys=0.00, real=0.01 secs] 
357.912: Total time for which application threads were stopped: 0.0019170 seconds, Stopping threads took: 0.0000650 seconds
358.075: Application time: 0.1629410 seconds
358.075: [GC [PSYoungGen: 656368K->672K(661504K)] 928880K->273192K(1203712K), 0.0016700 secs] [Times: user=0.01 sys=0.00, real=0.00 secs] 
358.077: Total time for which application threads were stopped: 0.0018210 seconds, Stopping threads took: 0.0000900 seconds
358.301: Application time: 0.2241670 seconds
358.303: [GC [PSYoungGen: 661152K->672K(634880K)] 933672K->273192K(1177088K), 0.0016700 secs] [Times: user=0.01 sys=0.00, real=0.00 secs] 
358.304: Total time for which application threads were stopped: 0.0035550 seconds, Stopping threads took: 0.0018180 seconds
358.471: Application time: 0.1666410 seconds
358.471: [GC [PSYoungGen: 634528K->720K(638976K)] 907048K->273248K(1181184K), 0.0017240 secs] [Times: user=0.01 sys=0.00, real=0.00 secs] 
358.473: Total time for which application threads were stopped: 0.0018750 seconds, Stopping threads took: 0.0000690 seconds
358.642: Application time: 0.1695510 seconds
358.643: [GC [PSYoungGen: 638672K->480K(643072K)] 911200K->273048K(1185280K), 0.0017330 secs] [Times: user=0.01 sys=0.00, real=0.01 secs] 
358.644: Total time for which application threads were stopped: 0.0019000 seconds, Stopping threads took: 0.0000950 seconds
358.863: Application time: 0.2184010 seconds
358.863: [GC [PSYoungGen: 643040K->640K(647680K)] 915608K->273224K(1189888K), 0.0016760 secs] [Times: user=0.01 sys=0.00, real=0.00 secs] 
358.865: Total time for which application threads were stopped: 0.0018270 seconds, Stopping threads took: 0.0000910 seconds
359.024: Application time: 0.1590990 seconds
359.024: [GC [PSYoungGen: 647296K->800K(652288K)] 919880K->273384K(1194496K), 0.0016740 secs] [Times: user=0.01 sys=0.00, real=0.00 secs] 
359.025: Total time for which application threads were stopped: 0.0018350 seconds, Stopping threads took: 0.0000770 seconds
359.219: Application time: 0.1939700 seconds
359.220: [GC [PSYoungGen: 652064K->592K(656896K)] 924648K->273176K(1199104K), 0.0017520 secs] [Times: user=0.01 sys=0.00, real=0.00 secs] 
359.221: Total time for which application threads were stopped: 0.0019180 seconds, Stopping threads took: 0.0001000 seconds
359.428: Application time: 0.2062590 seconds
359.428: [GC [PSYoungGen: 656464K->480K(629760K)] 929048K->273336K(1171968K), 0.0017060 secs] [Times: user=0.01 sys=0.00, real=0.00 secs] 
359.429: Total time for which application threads were stopped: 0.0018490 seconds, Stopping threads took: 0.0000690 seconds
359.578: Application time: 0.1489260 seconds
359.579: [GC [PSYoungGen: 629728K->656K(634368K)] 902584K->273520K(1176576K), 0.0016800 secs] [Times: user=0.01 sys=0.00, real=0.00 secs] 
359.580: Total time for which application threads were stopped: 0.0018530 seconds, Stopping threads took: 0.0000880 seconds
359.784: Application time: 0.2032720 seconds
359.784: [GC [PSYoungGen: 634000K->608K(638464K)] 906864K->273472K(1180672K), 0.0016630 secs] [Times: user=0.01 sys=0.00, real=0.00 secs] 
359.785: Total time for which application threads were stopped: 0.0018130 seconds, Stopping threads took: 0.0000850 seconds
359.976: Application time: 0.1905160 seconds
359.976: [GC [PSYoungGen: 638048K->832K(642560K)] 910912K->273704K(1184768K), 0.0017740 secs] [Times: user=0.01 sys=0.00, real=0.00 secs] 
359.978: Total time for which application threads were stopped: 0.0018900 seconds, Stopping threads took: 0.0000440 seconds
360.135: Application time: 0.1577510 seconds
360.136: [GC [PSYoungGen: 642368K->512K(646656K)] 915240K->273504K(1188864K), 0.0016900 secs] [Times: user=0.01 sys=0.00, real=0.00 secs] 
360.137: Total time for which application threads were stopped: 0.0018390 seconds, Stopping threads took: 0.0000730 seconds
360.355: Application time: 0.2176700 seconds
360.355: [GC [PSYoungGen: 646656K->672K(621056K)] 919648K->273672K(1163264K), 0.0015160 secs] [Times: user=0.01 sys=0.00, real=0.00 secs] 
360.357: Total time for which application threads were stopped: 0.0016610 seconds, Stopping threads took: 0.0000810 seconds
360.525: Application time: 0.1686820 seconds
360.526: [GC [PSYoungGen: 620704K->848K(625152K)] 893704K->273848K(1167360K), 0.0017860 secs] [Times: user=0.01 sys=0.00, real=0.00 secs] 
360.527: Total time for which application threads were stopped: 0.0019640 seconds, Stopping threads took: 0.0001070 seconds
360.687: Application time: 0.1599450 seconds
360.687: [GC [PSYoungGen: 624976K->592K(629248K)] 897976K->273616K(1171456K), 0.0017180 secs] [Times: user=0.01 sys=0.00, real=0.00 secs] 
360.689: Total time for which application threads were stopped: 0.0018810 seconds, Stopping threads took: 0.0000850 seconds
360.904: Application time: 0.2143670 seconds
360.904: [GC [PSYoungGen: 628816K->512K(632832K)] 901840K->273720K(1175040K), 0.0017010 secs] [Times: user=0.01 sys=0.00, real=0.00 secs] 
360.905: Total time for which application threads were stopped: 0.0018500 seconds, Stopping threads took: 0.0000860 seconds
361.069: Application time: 0.1638710 seconds
361.069: [GC [PSYoungGen: 632832K->608K(637952K)] 906040K->273824K(1180160K), 0.0017500 secs] [Times: user=0.01 sys=0.00, real=0.01 secs] 
361.071: Total time for which application threads were stopped: 0.0019070 seconds, Stopping threads took: 0.0000870 seconds
361.246: Application time: 0.1744350 seconds
361.246: [GC [PSYoungGen: 637536K->448K(642048K)] 910752K->273664K(1184256K), 0.0017130 secs] [Times: user=0.01 sys=0.00, real=0.00 secs] 
361.247: Total time for which application threads were stopped: 0.0018770 seconds, Stopping threads took: 0.0000910 seconds
361.460: Application time: 0.2124150 seconds
361.460: [GC [PSYoungGen: 641984K->544K(646656K)] 915200K->273768K(1188864K), 0.0017020 secs] [Times: user=0.01 sys=0.00, real=0.00 secs] 
361.462: Total time for which application threads were stopped: 0.0018380 seconds, Stopping threads took: 0.0000670 seconds
361.620: Application time: 0.1579280 seconds
361.620: [GC [PSYoungGen: 646176K->768K(651264K)] 919400K->274000K(1193472K), 0.0016930 secs] [Times: user=0.01 sys=0.00, real=0.00 secs] 
361.621: Total time for which application threads were stopped: 0.0018250 seconds, Stopping threads took: 0.0000580 seconds
361.827: Application time: 0.2052280 seconds
361.827: [GC [PSYoungGen: 651008K->432K(624640K)] 924240K->273664K(1166848K), 0.0015100 secs] [Times: user=0.01 sys=0.00, real=0.00 secs] 
361.828: Total time for which application threads were stopped: 0.0016510 seconds, Stopping threads took: 0.0000660 seconds
362.016: Application time: 0.1873500 seconds
362.016: [GC [PSYoungGen: 624560K->736K(629248K)] 897792K->273976K(1171456K), 0.0017990 secs] [Times: user=0.01 sys=0.00, real=0.00 secs] 
362.018: Total time for which application threads were stopped: 0.0019570 seconds, Stopping threads took: 0.0000860 seconds
362.168: Application time: 0.1502320 seconds
362.168: [GC [PSYoungGen: 628960K->736K(633856K)] 902200K->274016K(1176064K), 0.0018290 secs] [Times: user=0.01 sys=0.00, real=0.00 secs] 
362.170: Total time for which application threads were stopped: 0.0020040 seconds, Stopping threads took: 0.0001070 seconds
362.379: Application time: 0.2091840 seconds
362.379: [GC [PSYoungGen: 633568K->512K(637440K)] 906848K->273988K(1179648K), 0.0016880 secs] [Times: user=0.01 sys=0.00, real=0.00 secs] 
362.381: Total time for which application threads were stopped: 0.0018230 seconds, Stopping threads took: 0.0000510 seconds
362.566: Application time: 0.1847740 seconds
362.566: [GC [PSYoungGen: 637440K->720K(642048K)] 910916K->274204K(1184256K), 0.0017470 secs] [Times: user=0.01 sys=0.00, real=0.00 secs] 
362.568: Total time for which application threads were stopped: 0.0019030 seconds, Stopping threads took: 0.0000850 seconds
362.723: Application time: 0.1555170 seconds
362.723: [GC [PSYoungGen: 641744K->688K(646656K)] 915228K->274172K(1188864K), 0.0016480 secs] [Times: user=0.01 sys=0.00, real=0.00 secs] 
362.725: Total time for which application threads were stopped: 0.0017880 seconds, Stopping threads took: 0.0000660 seconds
362.946: Application time: 0.2209190 seconds
362.946: [GC [PSYoungGen: 646320K->592K(650752K)] 919804K->274084K(1192960K), 0.0017510 secs] [Times: user=0.01 sys=0.00, real=0.00 secs] 
362.948: Total time for which application threads were stopped: 0.0019120 seconds, Stopping threads took: 0.0000800 seconds
363.124: Application time: 0.1764540 seconds
363.124: [GC [PSYoungGen: 650320K->480K(654848K)] 923812K->274080K(1197056K), 0.0017030 secs] [Times: user=0.01 sys=0.00, real=0.00 secs] 
363.126: Total time for which application threads were stopped: 0.0018590 seconds, Stopping threads took: 0.0000790 seconds
363.297: Application time: 0.1705760 seconds
363.297: [GC [PSYoungGen: 654816K->528K(659968K)] 928416K->274136K(1202176K), 0.0016620 secs] [Times: user=0.01 sys=0.00, real=0.00 secs] 
363.298: Total time for which application threads were stopped: 0.0018010 seconds, Stopping threads took: 0.0000750 seconds
363.523: Application time: 0.2241670 seconds
363.523: [GC [PSYoungGen: 659472K->688K(633344K)] 933080K->274296K(1175552K), 0.0016940 secs] [Times: user=0.01 sys=0.00, real=0.00 secs] 
363.525: Total time for which application threads were stopped: 0.0018680 seconds, Stopping threads took: 0.0000930 seconds
363.683: Application time: 0.1588990 seconds
363.684: [GC [PSYoungGen: 633008K->896K(637440K)] 906616K->274520K(1179648K), 0.0017300 secs] [Times: user=0.01 sys=0.00, real=0.00 secs] 
363.685: Total time for which application threads were stopped: 0.0018580 seconds, Stopping threads took: 0.0000580 seconds
363.877: Application time: 0.1921020 seconds
363.877: [GC [PSYoungGen: 637312K->496K(641024K)] 910936K->274136K(1183232K), 0.0017130 secs] [Times: user=0.01 sys=0.00, real=0.00 secs] 
363.879: Total time for which application threads were stopped: 0.0018480 seconds, Stopping threads took: 0.0000680 seconds
364.079: Application time: 0.1995410 seconds
364.079: [GC [PSYoungGen: 641008K->736K(645632K)] 914648K->274392K(1187840K), 0.0017140 secs] [Times: user=0.01 sys=0.00, real=0.00 secs] 
364.081: Total time for which application threads were stopped: 0.0018850 seconds, Stopping threads took: 0.0000890 seconds
364.235: Application time: 0.1543000 seconds
364.235: [GC [PSYoungGen: 645344K->672K(650240K)] 919000K->274328K(1192448K), 0.0017190 secs] [Times: user=0.01 sys=0.00, real=0.00 secs] 
364.237: Total time for which application threads were stopped: 0.0018390 seconds, Stopping threads took: 0.0000570 seconds
364.450: Application time: 0.2130680 seconds
364.450: [GC [PSYoungGen: 649888K->720K(654848K)] 923544K->274376K(1197056K), 0.0018590 secs] [Times: user=0.01 sys=0.00, real=0.01 secs] 
364.452: Total time for which application threads were stopped: 0.0020030 seconds, Stopping threads took: 0.0000710 seconds
364.642: Application time: 0.1904090 seconds
364.642: [GC [PSYoungGen: 654544K->480K(658944K)] 928200K->274280K(1201152K), 0.0017580 secs] [Times: user=0.02 sys=0.00, real=0.01 secs] 
364.644: Total time for which application threads were stopped: 0.0019050 seconds, Stopping threads took: 0.0000720 seconds
364.803: Application time: 0.1592180 seconds
364.804: [GC [PSYoungGen: 658912K->576K(659456K)] 932712K->274384K(1201664K), 0.0015990 secs] [Times: user=0.01 sys=0.00, real=0.00 secs] 
364.805: Total time for which application threads were stopped: 0.0017340 seconds, Stopping threads took: 0.0000620 seconds
365.033: Application time: 0.2278070 seconds
365.033: [GC [PSYoungGen: 659008K->544K(632832K)] 932816K->274352K(1175040K), 0.0017360 secs] [Times: user=0.01 sys=0.00, real=0.00 secs] 
365.035: Total time for which application threads were stopped: 0.0018730 seconds, Stopping threads took: 0.0000730 seconds
365.203: Application time: 0.1681020 seconds
365.203: [GC [PSYoungGen: 632352K->784K(636928K)] 906160K->274616K(1179136K), 0.0016990 secs] [Times: user=0.01 sys=0.00, real=0.00 secs] 
365.205: Total time for which application threads were stopped: 0.0018370 seconds, Stopping threads took: 0.0000530 seconds
365.371: Application time: 0.1660770 seconds
365.371: [GC [PSYoungGen: 636688K->480K(641024K)] 910520K->274408K(1183232K), 0.0016940 secs] [Times: user=0.02 sys=0.00, real=0.00 secs] 
365.373: Total time for which application threads were stopped: 0.0018390 seconds, Stopping threads took: 0.0000740 seconds
365.591: Application time: 0.2186060 seconds
365.591: [GC [PSYoungGen: 640992K->640K(645632K)] 914920K->274576K(1187840K), 0.0017920 secs] [Times: user=0.02 sys=0.00, real=0.00 secs] 
365.593: Total time for which application threads were stopped: 0.0019420 seconds, Stopping threads took: 0.0000800 seconds
365.756: Application time: 0.1625410 seconds
365.756: [GC [PSYoungGen: 645248K->752K(650240K)] 919184K->274688K(1192448K), 0.0016860 secs] [Times: user=0.01 sys=0.00, real=0.00 secs] 
365.758: Total time for which application threads were stopped: 0.0018600 seconds, Stopping threads took: 0.0001030 seconds
365.952: Application time: 0.1946590 seconds
365.952: [GC [PSYoungGen: 649968K->528K(654848K)] 923904K->274512K(1197056K), 0.0017390 secs] [Times: user=0.02 sys=0.00, real=0.00 secs] 
365.954: Total time for which application threads were stopped: 0.0019030 seconds, Stopping threads took: 0.0000910 seconds
366.157: Application time: 0.2031970 seconds
366.158: [GC [PSYoungGen: 654352K->496K(658432K)] 928336K->274625K(1200640K), 0.0017260 secs] [Times: user=0.01 sys=0.00, real=0.00 secs] 
366.159: Total time for which application threads were stopped: 0.0018660 seconds, Stopping threads took: 0.0000660 seconds
366.319: Application time: 0.1601780 seconds
366.320: [GC [PSYoungGen: 658416K->688K(663040K)] 932545K->274824K(1205248K), 0.0018170 secs] [Times: user=0.02 sys=0.00, real=0.00 secs] 
366.321: Total time for which application threads were stopped: 0.0019590 seconds, Stopping threads took: 0.0000570 seconds
366.543: Application time: 0.2219820 seconds
366.544: [GC [PSYoungGen: 662704K->608K(663552K)] 936840K->274744K(1205760K), 0.0017590 secs] [Times: user=0.01 sys=0.00, real=0.00 secs] 
366.545: Total time for which application threads were stopped: 0.0019030 seconds, Stopping threads took: 0.0000790 seconds
366.731: Application time: 0.1861110 seconds
366.732: [GC [PSYoungGen: 663136K->720K(663552K)] 937272K->274872K(1205760K), 0.0016590 secs] [Times: user=0.01 sys=0.00, real=0.00 secs] 
366.733: Total time for which application threads were stopped: 0.0017840 seconds, Stopping threads took: 0.0000640 seconds
366.895: Application time: 0.1621830 seconds
366.896: [GC [PSYoungGen: 663248K->656K(666112K)] 937400K->274809K(1208320K), 0.0017090 secs] [Times: user=0.01 sys=0.00, real=0.00 secs] 
366.897: Total time for which application threads were stopped: 0.0018540 seconds, Stopping threads took: 0.0000720 seconds
367.126: Application time: 0.2283900 seconds
367.126: [GC [PSYoungGen: 665744K->656K(639488K)] 939897K->274817K(1181696K), 0.0016920 secs] [Times: user=0.02 sys=0.00, real=0.00 secs] 
367.127: Total time for which application threads were stopped: 0.0018400 seconds, Stopping threads took: 0.0000820 seconds
367.291: Application time: 0.1634780 seconds
367.291: [GC [PSYoungGen: 639120K->496K(643072K)] 913281K->274833K(1185280K), 0.0016670 secs] [Times: user=0.01 sys=0.00, real=0.00 secs] 
367.293: Total time for which application threads were stopped: 0.0018120 seconds, Stopping threads took: 0.0000730 seconds
367.475: Application time: 0.1821630 seconds
367.475: [GC [PSYoungGen: 643056K->512K(617984K)] 917393K->274857K(1160192K), 0.0014620 secs] [Times: user=0.01 sys=0.00, real=0.00 secs] 
367.477: Total time for which application threads were stopped: 0.0016130 seconds, Stopping threads took: 0.0000770 seconds
367.675: Application time: 0.1988470 seconds
367.676: [GC [PSYoungGen: 617472K->608K(593408K)] 891817K->274953K(1135616K), 0.0016790 secs] [Times: user=0.01 sys=0.00, real=0.00 secs] 
367.677: Total time for which application threads were stopped: 0.0018350 seconds, Stopping threads took: 0.0000890 seconds
367.827: Application time: 0.1498740 seconds
367.827: [GC [PSYoungGen: 592992K->768K(597504K)] 867337K->275121K(1139712K), 0.0017230 secs] [Times: user=0.01 sys=0.00, real=0.00 secs] 
367.829: Total time for which application threads were stopped: 0.0018610 seconds, Stopping threads took: 0.0000710 seconds
368.006: Application time: 0.1772970 seconds
368.006: [GC [PSYoungGen: 597248K->496K(601088K)] 871601K->274905K(1143296K), 0.0016880 secs] [Times: user=0.01 sys=0.00, real=0.00 secs] 
368.008: Total time for which application threads were stopped: 0.0018720 seconds, Stopping threads took: 0.0001040 seconds
368.197: Application time: 0.1889720 seconds
368.197: [GC [PSYoungGen: 601072K->784K(605696K)] 875481K->275209K(1147904K), 0.0017270 secs] [Times: user=0.01 sys=0.00, real=0.00 secs] 
368.199: Total time for which application threads were stopped: 0.0018750 seconds, Stopping threads took: 0.0000730 seconds
368.349: Application time: 0.1502070 seconds
368.349: [GC [PSYoungGen: 605456K->848K(610304K)] 879881K->275273K(1152512K), 0.0017980 secs] [Times: user=0.01 sys=0.00, real=0.01 secs] 
368.351: Total time for which application threads were stopped: 0.0019460 seconds, Stopping threads took: 0.0000750 seconds
368.538: Application time: 0.1867400 seconds
368.538: [GC [PSYoungGen: 610128K->656K(614400K)] 884553K->275081K(1156608K), 0.0017530 secs] [Times: user=0.01 sys=0.00, real=0.00 secs] 
368.540: Total time for which application threads were stopped: 0.0018960 seconds, Stopping threads took: 0.0000680 seconds
368.729: Application time: 0.1889200 seconds
368.729: [GC [PSYoungGen: 614032K->496K(617984K)] 888457K->275097K(1160192K), 0.0017040 secs] [Times: user=0.01 sys=0.00, real=0.01 secs] 
368.731: Total time for which application threads were stopped: 0.0018740 seconds, Stopping threads took: 0.0001040 seconds
368.883: Application time: 0.1523550 seconds
368.883: [GC [PSYoungGen: 617968K->624K(623104K)] 892569K->275273K(1165312K), 0.0016740 secs] [Times: user=0.01 sys=0.00, real=0.00 secs] 
368.885: Total time for which application threads were stopped: 0.0018040 seconds, Stopping threads took: 0.0000590 seconds
369.088: Application time: 0.2036740 seconds
369.089: [GC [PSYoungGen: 622704K->640K(627200K)] 897353K->275289K(1169408K), 0.0016780 secs] [Times: user=0.01 sys=0.00, real=0.00 secs] 
369.090: Total time for which application threads were stopped: 0.0018390 seconds, Stopping threads took: 0.0000850 seconds
369.271: Application time: 0.1804070 seconds
369.271: [GC [PSYoungGen: 626816K->560K(631808K)] 901465K->275217K(1174016K), 0.0018270 secs] [Times: user=0.01 sys=0.00, real=0.00 secs] 
369.273: Total time for which application threads were stopped: 0.0019610 seconds, Stopping threads took: 0.0000690 seconds
369.427: Application time: 0.1539050 seconds
369.427: [GC [PSYoungGen: 631344K->496K(635904K)] 906001K->275405K(1178112K), 0.0016730 secs] [Times: user=0.02 sys=0.00, real=0.00 secs] 
369.428: Total time for which application threads were stopped: 0.0018130 seconds, Stopping threads took: 0.0000760 seconds
369.643: Application time: 0.2150510 seconds
369.644: [GC [PSYoungGen: 635888K->672K(641024K)] 910797K->275589K(1183232K), 0.0017680 secs] [Times: user=0.01 sys=0.00, real=0.00 secs] 
369.645: Total time for which application threads were stopped: 0.0019350 seconds, Stopping threads took: 0.0000930 seconds
369.827: Application time: 0.1812580 seconds
369.827: [GC [PSYoungGen: 640672K->704K(645632K)] 915589K->275621K(1187840K), 0.0017200 secs] [Times: user=0.01 sys=0.00, real=0.00 secs] 
369.829: Total time for which application threads were stopped: 0.0018540 seconds, Stopping threads took: 0.0000700 seconds
369.987: Application time: 0.1581880 seconds
369.987: [GC [PSYoungGen: 645312K->704K(650240K)] 920229K->275645K(1192448K), 0.0017960 secs] [Times: user=0.01 sys=0.00, real=0.00 secs] 
369.989: Total time for which application threads were stopped: 0.0019540 seconds, Stopping threads took: 0.0000930 seconds
370.225: Application time: 0.2361950 seconds
370.225: [GC [PSYoungGen: 649920K->512K(654336K)] 924861K->275497K(1196544K), 0.0018760 secs] [Times: user=0.01 sys=0.00, real=0.00 secs] 
370.227: Total time for which application threads were stopped: 0.0020310 seconds, Stopping threads took: 0.0000750 seconds
370.421: Application time: 0.1938040 seconds
370.421: [GC [PSYoungGen: 654336K->864K(659456K)] 929321K->275857K(1201664K), 0.0019200 secs] [Times: user=0.01 sys=0.00, real=0.01 secs] 
370.423: Total time for which application threads were stopped: 0.0020320 seconds, Stopping threads took: 0.0000460 seconds
370.619: Application time: 0.1960670 seconds
370.619: [GC [PSYoungGen: 659296K->576K(663552K)] 934289K->275569K(1205760K), 0.0018730 secs] [Times: user=0.01 sys=0.00, real=0.00 secs] 
370.621: Total time for which application threads were stopped: 0.0020060 seconds, Stopping threads took: 0.0000500 seconds
370.854: Application time: 0.2333230 seconds
370.854: [GC [PSYoungGen: 663104K->656K(663552K)] 938097K->275681K(1205760K), 0.0019210 secs] [Times: user=0.01 sys=0.00, real=0.00 secs] 
370.856: Total time for which application threads were stopped: 0.0020980 seconds, Stopping threads took: 0.0000850 seconds
371.040: Application time: 0.1834700 seconds
371.040: [GC [PSYoungGen: 663184K->736K(666112K)] 938209K->275777K(1208320K), 0.0018300 secs] [Times: user=0.02 sys=0.00, real=0.00 secs] 
371.042: Total time for which application threads were stopped: 0.0019640 seconds, Stopping threads took: 0.0000610 seconds
371.273: Application time: 0.2308820 seconds
371.273: [GC [PSYoungGen: 665824K->672K(666112K)] 940865K->275713K(1208320K), 0.0018840 secs] [Times: user=0.02 sys=0.00, real=0.00 secs] 
371.275: Total time for which application threads were stopped: 0.0020200 seconds, Stopping threads took: 0.0000660 seconds
371.485: Application time: 0.2099720 seconds
371.485: [GC [PSYoungGen: 665760K->784K(639488K)] 940801K->275833K(1181696K), 0.0018000 secs] [Times: user=0.01 sys=0.00, real=0.00 secs] 
371.486: Total time for which application threads were stopped: 0.0019350 seconds, Stopping threads took: 0.0000560 seconds
371.668: Application time: 0.1810760 seconds
371.668: [GC [PSYoungGen: 639248K->592K(643584K)] 914297K->275665K(1185792K), 0.0018980 secs] [Times: user=0.01 sys=0.00, real=0.00 secs] 
371.670: Total time for which application threads were stopped: 0.0020520 seconds, Stopping threads took: 0.0000790 seconds
371.896: Application time: 0.2265570 seconds
371.896: [GC [PSYoungGen: 643152K->496K(617472K)] 918225K->275713K(1159680K), 0.0018820 secs] [Times: user=0.01 sys=0.00, real=0.00 secs] 
371.898: Total time for which application threads were stopped: 0.0020100 seconds, Stopping threads took: 0.0000600 seconds
372.096: Application time: 0.1977560 seconds
372.096: [GC [PSYoungGen: 617456K->672K(622080K)] 892673K->275897K(1164288K), 0.0019490 secs] [Times: user=0.01 sys=0.00, real=0.00 secs] 
372.098: Total time for which application threads were stopped: 0.0021000 seconds, Stopping threads took: 0.0000700 seconds
372.274: Application time: 0.1755300 seconds
372.274: [GC [PSYoungGen: 621728K->640K(626176K)] 896953K->275865K(1168384K), 0.0018640 secs] [Times: user=0.01 sys=0.00, real=0.00 secs] 
372.276: Total time for which application threads were stopped: 0.0020520 seconds, Stopping threads took: 0.0001120 seconds
372.488: Application time: 0.2127190 seconds
372.488: [GC [PSYoungGen: 625792K->528K(630272K)] 901017K->275801K(1172480K), 0.0018770 secs] [Times: user=0.01 sys=0.00, real=0.00 secs] 
372.490: Total time for which application threads were stopped: 0.0020250 seconds, Stopping threads took: 0.0000800 seconds
372.687: Application time: 0.1968380 seconds
372.687: [GC [PSYoungGen: 629776K->496K(633856K)] 905049K->275961K(1176064K), 0.0018640 secs] [Times: user=0.02 sys=0.00, real=0.00 secs] 
372.689: Total time for which application threads were stopped: 0.0020100 seconds, Stopping threads took: 0.0000660 seconds
372.880: Application time: 0.1907140 seconds
372.880: [GC [PSYoungGen: 633840K->512K(638464K)] 909305K->275985K(1180672K), 0.0018360 secs] [Times: user=0.02 sys=0.00, real=0.00 secs] 
372.882: Total time for which application threads were stopped: 0.0019730 seconds, Stopping threads took: 0.0000660 seconds
373.100: Application time: 0.2184270 seconds
373.101: [GC [PSYoungGen: 637952K->544K(642560K)] 913425K->276017K(1184768K), 0.0018240 secs] [Times: user=0.01 sys=0.00, real=0.00 secs] 
373.102: Total time for which application threads were stopped: 0.0019890 seconds, Stopping threads took: 0.0001000 seconds
373.285: Application time: 0.1830570 seconds
373.286: [GC [PSYoungGen: 642080K->640K(647168K)] 917553K->276121K(1189376K), 0.0018780 secs] [Times: user=0.02 sys=0.00, real=0.00 secs] 
373.287: Total time for which application threads were stopped: 0.0020440 seconds, Stopping threads took: 0.0000730 seconds
373.499: Application time: 0.2117910 seconds
373.499: [GC [PSYoungGen: 646784K->464K(650752K)] 922265K->275945K(1192960K), 0.0018120 secs] [Times: user=0.01 sys=0.00, real=0.00 secs] 
373.501: Total time for which application threads were stopped: 0.0019510 seconds, Stopping threads took: 0.0000690 seconds
373.718: Application time: 0.2171980 seconds
373.719: [GC [PSYoungGen: 650704K->560K(625152K)] 926185K->276049K(1167360K), 0.0018730 secs] [Times: user=0.01 sys=0.00, real=0.00 secs] 
373.720: Total time for which application threads were stopped: 0.0020020 seconds, Stopping threads took: 0.0000530 seconds
373.891: Application time: 0.1710730 seconds
373.892: [GC [PSYoungGen: 624688K->752K(629248K)] 900177K->276249K(1171456K), 0.0018410 secs] [Times: user=0.01 sys=0.00, real=0.00 secs] 
373.894: Total time for which application threads were stopped: 0.0020200 seconds, Stopping threads took: 0.0000980 seconds
374.103: Application time: 0.2095560 seconds
374.103: [GC [PSYoungGen: 628976K->688K(633344K)] 904473K->276185K(1175552K), 0.0017860 secs] [Times: user=0.01 sys=0.00, real=0.00 secs] 
374.105: Total time for which application threads were stopped: 0.0019370 seconds, Stopping threads took: 0.0000850 seconds
374.290: Application time: 0.1848080 seconds
374.290: [GC [PSYoungGen: 633008K->496K(636928K)] 908505K->276161K(1179136K), 0.0018500 secs] [Times: user=0.01 sys=0.00, real=0.01 secs] 
374.292: Total time for which application threads were stopped: 0.0020030 seconds, Stopping threads took: 0.0000760 seconds
374.451: Application time: 0.1595010 seconds
374.451: [GC [PSYoungGen: 636912K->720K(642048K)] 912577K->276393K(1184256K), 0.0016730 secs] [Times: user=0.01 sys=0.00, real=0.00 secs] 
374.453: Total time for which application threads were stopped: 0.0018150 seconds, Stopping threads took: 0.0000690 seconds
374.659: Application time: 0.2057860 seconds
374.659: [GC [PSYoungGen: 641744K->720K(646656K)] 917417K->276393K(1188864K), 0.0019330 secs] [Times: user=0.01 sys=0.00, real=0.00 secs] 
374.661: Total time for which application threads were stopped: 0.0021320 seconds, Stopping threads took: 0.0001190 seconds
374.848: Application time: 0.1874110 seconds
374.849: [GC [PSYoungGen: 646352K->720K(651264K)] 922025K->276417K(1193472K), 0.0017450 secs] [Times: user=0.01 sys=0.00, real=0.00 secs] 
374.850: Total time for which application threads were stopped: 0.0018820 seconds, Stopping threads took: 0.0000700 seconds
375.023: Application time: 0.1722120 seconds
375.023: [GC [PSYoungGen: 650960K->496K(655360K)] 926657K->276249K(1197568K), 0.0017180 secs] [Times: user=0.01 sys=0.00, real=0.00 secs] 
375.024: Total time for which application threads were stopped: 0.0018790 seconds, Stopping threads took: 0.0000790 seconds
375.232: Application time: 0.2071990 seconds
375.232: [GC [PSYoungGen: 655344K->608K(660480K)] 931097K->276369K(1202688K), 0.0017220 secs] [Times: user=0.01 sys=0.00, real=0.00 secs] 
375.234: Total time for which application threads were stopped: 0.0018710 seconds, Stopping threads took: 0.0000790 seconds
375.413: Application time: 0.1797750 seconds
375.413: [GC [PSYoungGen: 660064K->704K(663552K)] 935825K->276465K(1205760K), 0.0017360 secs] [Times: user=0.01 sys=0.00, real=0.00 secs] 
375.415: Total time for which application threads were stopped: 0.0018560 seconds, Stopping threads took: 0.0000510 seconds
375.614: Application time: 0.1983520 seconds
375.614: [GC [PSYoungGen: 663232K->560K(663552K)] 938993K->276353K(1205760K), 0.0017390 secs] [Times: user=0.01 sys=0.00, real=0.00 secs] 
375.615: Total time for which application threads were stopped: 0.0019090 seconds, Stopping threads took: 0.0000960 seconds
375.814: Application time: 0.1981020 seconds
375.814: [GC [PSYoungGen: 663088K->640K(636928K)] 938881K->276449K(1179136K), 0.0017210 secs] [Times: user=0.01 sys=0.00, real=0.00 secs] 
375.815: Total time for which application threads were stopped: 0.0018740 seconds, Stopping threads took: 0.0000820 seconds
375.981: Application time: 0.1657260 seconds
375.981: [GC [PSYoungGen: 636544K->736K(641024K)] 912353K->276553K(1183232K), 0.0017160 secs] [Times: user=0.01 sys=0.00, real=0.01 secs] 
375.983: Total time for which application threads were stopped: 0.0018510 seconds, Stopping threads took: 0.0000640 seconds
376.188: Application time: 0.2047590 seconds
376.188: [GC [PSYoungGen: 640736K->480K(614912K)] 916553K->276441K(1157120K), 0.0017150 secs] [Times: user=0.01 sys=0.00, real=0.00 secs] 
376.190: Total time for which application threads were stopped: 0.0018770 seconds, Stopping threads took: 0.0000790 seconds
376.363: Application time: 0.1737100 seconds
376.363: [GC [PSYoungGen: 614880K->864K(619520K)] 890841K->276833K(1161728K), 0.0016880 secs] [Times: user=0.02 sys=0.00, real=0.00 secs] 
376.365: Total time for which application threads were stopped: 0.0018420 seconds, Stopping threads took: 0.0000850 seconds
376.525: Application time: 0.1603070 seconds
376.526: [GC [PSYoungGen: 619360K->720K(623616K)] 895329K->276689K(1165824K), 0.0016870 secs] [Times: user=0.01 sys=0.00, real=0.00 secs] 
376.527: Total time for which application threads were stopped: 0.0018390 seconds, Stopping threads took: 0.0000810 seconds
376.728: Application time: 0.2007520 seconds
376.728: [GC [PSYoungGen: 623312K->720K(627712K)] 899281K->276697K(1169920K), 0.0016890 secs] [Times: user=0.01 sys=0.00, real=0.00 secs] 
376.730: Total time for which application threads were stopped: 0.0018530 seconds, Stopping threads took: 0.0000880 seconds
376.906: Application time: 0.1757580 seconds
376.906: [GC [PSYoungGen: 627408K->480K(631296K)] 903385K->276601K(1173504K), 0.0017010 secs] [Times: user=0.01 sys=0.00, real=0.00 secs] 
376.908: Total time for which application threads were stopped: 0.0018710 seconds, Stopping threads took: 0.0001010 seconds
377.072: Application time: 0.1646100 seconds
377.072: [GC [PSYoungGen: 631264K->656K(636416K)] 907385K->276809K(1178624K), 0.0017110 secs] [Times: user=0.01 sys=0.00, real=0.00 secs] 
377.074: Total time for which application threads were stopped: 0.0018550 seconds, Stopping threads took: 0.0000840 seconds
377.277: Application time: 0.2025650 seconds
377.277: [GC [PSYoungGen: 636048K->736K(641024K)] 912201K->276889K(1183232K), 0.0018290 secs] [Times: user=0.01 sys=0.00, real=0.00 secs] 
377.279: Total time for which application threads were stopped: 0.0019990 seconds, Stopping threads took: 0.0000930 seconds
377.459: Application time: 0.1808510 seconds
377.460: [GC [PSYoungGen: 640736K->832K(645632K)] 916889K->276985K(1187840K), 0.0017090 secs] [Times: user=0.01 sys=0.00, real=0.00 secs] 
377.461: Total time for which application threads were stopped: 0.0018550 seconds, Stopping threads took: 0.0000770 seconds
377.640: Application time: 0.1784990 seconds
377.640: [GC [PSYoungGen: 645440K->512K(649728K)] 921593K->276797K(1191936K), 0.0017250 secs] [Times: user=0.01 sys=0.00, real=0.00 secs] 
377.642: Total time for which application threads were stopped: 0.0018740 seconds, Stopping threads took: 0.0000800 seconds
377.840: Application time: 0.1985590 seconds
377.840: [GC [PSYoungGen: 649728K->672K(654848K)] 926013K->276981K(1197056K), 0.0017040 secs] [Times: user=0.01 sys=0.00, real=0.00 secs] 
377.842: Total time for which application threads were stopped: 0.0018730 seconds, Stopping threads took: 0.0000820 seconds
378.020: Application time: 0.1780600 seconds
378.020: [GC [PSYoungGen: 654496K->704K(659456K)] 930805K->277013K(1201664K), 0.0017670 secs] [Times: user=0.01 sys=0.00, real=0.00 secs] 
378.022: Total time for which application threads were stopped: 0.0018860 seconds, Stopping threads took: 0.0000540 seconds
378.219: Application time: 0.1964750 seconds
378.219: [GC [PSYoungGen: 659136K->672K(664064K)] 935445K->276989K(1206272K), 0.0017560 secs] [Times: user=0.01 sys=0.00, real=0.00 secs] 
378.220: Total time for which application threads were stopped: 0.0019030 seconds, Stopping threads took: 0.0000760 seconds
378.245: Application time: 0.0241270 seconds
378.245: Total time for which application threads were stopped: 0.0001060 seconds, Stopping threads took: 0.0000800 seconds
378.409: Application time: 0.1643180 seconds
378.409: [GC [PSYoungGen: 663712K->512K(636928K)] 940029K->276969K(1179136K), 0.0015490 secs] [Times: user=0.01 sys=0.00, real=0.01 secs] 
378.411: Total time for which application threads were stopped: 0.0016870 seconds, Stopping threads took: 0.0000560 seconds
378.496: Application time: 0.0856100 seconds
378.496: Total time for which application threads were stopped: 0.0001060 seconds, Stopping threads took: 0.0000750 seconds
378.517: Application time: 0.0206240 seconds
378.517: Total time for which application threads were stopped: 0.0000820 seconds, Stopping threads took: 0.0000570 seconds
378.596: Application time: 0.0788020 seconds
378.596: [GC [PSYoungGen: 636928K->432K(641536K)] 913385K->276897K(1183744K), 0.0017920 secs] [Times: user=0.01 sys=0.00, real=0.00 secs] 
378.598: Total time for which application threads were stopped: 0.0019110 seconds, Stopping threads took: 0.0000550 seconds
378.653: Application time: 0.0554350 seconds
378.653: Total time for which application threads were stopped: 0.0000880 seconds, Stopping threads took: 0.0000630 seconds
378.803: Application time: 0.1492890 seconds
378.803: [GC [PSYoungGen: 640944K->384K(615424K)] 917409K->276849K(1157632K), 0.0017940 secs] [Times: user=0.01 sys=0.00, real=0.00 secs] 
378.805: Total time for which application threads were stopped: 0.0019130 seconds, Stopping threads took: 0.0000540 seconds
378.805: Application time: 0.0007780 seconds
378.805: Total time for which application threads were stopped: 0.0000740 seconds, Stopping threads took: 0.0000500 seconds
379.054: Application time: 0.2489960 seconds
379.055: [GC [PSYoungGen: 615296K->352K(591360K)] 891761K->276841K(1133568K), 0.0017490 secs] [Times: user=0.02 sys=0.00, real=0.00 secs] 
379.056: Total time for which application threads were stopped: 0.0018680 seconds, Stopping threads took: 0.0000350 seconds
379.067: Application time: 0.0103430 seconds
379.067: Total time for which application threads were stopped: 0.0000620 seconds, Stopping threads took: 0.0000360 seconds
379.237: Application time: 0.1705230 seconds
379.237: Total time for which application threads were stopped: 0.0000400 seconds, Stopping threads took: 0.0000130 seconds
379.788: Application time: 0.5504240 seconds
379.788: Total time for which application threads were stopped: 0.0000800 seconds, Stopping threads took: 0.0000120 seconds
379.790: Application time: 0.0018190 seconds
379.790: Total time for which application threads were stopped: 0.0000240 seconds, Stopping threads took: 0.0000090 seconds
Heap
 PSYoungGen      total 591360K, used 370711K [0x00000000d7480000, 0x00000000ffd80000, 0x0000000100000000)
  eden space 590336K, 62% used [0x00000000d7480000,0x00000000ede2df88,0x00000000fb500000)
  from space 1024K, 34% used [0x00000000ffb80000,0x00000000ffbd8020,0x00000000ffc80000)
  to   space 1024K, 0% used [0x00000000ffc80000,0x00000000ffc80000,0x00000000ffd80000)
 ParOldGen       total 542208K, used 276489K [0x0000000085e00000, 0x00000000a6f80000, 0x00000000d7480000)
  object space 542208K, 50% used [0x0000000085e00000,0x0000000096c02690,0x00000000a6f80000)
 PSPermGen       total 21504K, used 13683K [0x0000000080c00000, 0x0000000082100000, 0x0000000085e00000)
  object space 21504K, 63% used [0x0000000080c00000,0x000000008195cef0,0x0000000082100000)
379.790: Application time: 0.0001540 seconds
