Java HotSpot(TM) 64-Bit Server VM (24.80-b11) for linux-amd64 JRE (1.7.0_80-b15), built on Apr 10 2015 19:53:14 by "java_re" with gcc 4.3.0 20080428 (Red Hat 4.3.0-8)
Memory: 4k page, physical 8000092k(6125212k free), swap 8218620k(8218620k free)
CommandLine flags: -XX:InitialHeapSize=128001472 -XX:MaxHeapSize=2048023552 -XX:+PrintGC -XX:+PrintGCApplicationConcurrentTime -XX:+PrintGCApplicationStoppedTime -XX:+PrintGCDetails -XX:+PrintGCTimeStamps -XX:+UseCompressedOops -XX:+UseParNewGC 
4.031: Application time: 4.0054670 seconds
4.031: Total time for which application threads were stopped: 0.0000860 seconds, Stopping threads took: 0.0000100 seconds
14.964: Application time: 10.9330750 seconds
14.964: Total time for which application threads were stopped: 0.0000220 seconds, Stopping threads took: 0.0000080 seconds
14.964: Application time: 0.0000180 seconds
14.964: Total time for which application threads were stopped: 0.0000080 seconds, Stopping threads took: 0.0000030 seconds
14.965: Application time: 0.0013660 seconds
14.965: Total time for which application threads were stopped: 0.0000110 seconds, Stopping threads took: 0.0000040 seconds
14.988: Application time: 0.0230120 seconds
14.988: Total time for which application threads were stopped: 0.0000470 seconds, Stopping threads took: 0.0000110 seconds
15.000: Application time: 0.0122160 seconds
15.000: [Full GC15.000: [Tenured: 0K->3145K(83392K), 0.0088660 secs] 11089K->3145K(120896K), [Perm : 5076K->5076K(21248K)], 0.0089250 secs] [Times: user=0.01 sys=0.00, real=0.00 secs] 
15.009: Total time for which application threads were stopped: 0.0089800 seconds, Stopping threads took: 0.0000050 seconds
15.009: Application time: 0.0000630 seconds
15.009: [Full GC15.009: [Tenured: 3145K->3145K(83392K), 0.0057850 secs] 3145K->3145K(120960K), [Perm : 5076K->5076K(21248K)], 0.0058110 secs] [Times: user=0.00 sys=0.00, real=0.01 secs] 
15.015: Total time for which application threads were stopped: 0.0058640 seconds, Stopping threads took: 0.0000100 seconds
15.015: Application time: 0.0001350 seconds
15.015: Total time for which application threads were stopped: 0.0000500 seconds, Stopping threads took: 0.0000390 seconds
15.016: Application time: 0.0000470 seconds
15.016: Total time for which application threads were stopped: 0.0000300 seconds, Stopping threads took: 0.0000230 seconds
15.016: Application time: 0.0000450 seconds
15.016: Total time for which application threads were stopped: 0.0000290 seconds, Stopping threads took: 0.0000220 seconds
15.016: Application time: 0.0000250 seconds
15.016: Total time for which application threads were stopped: 0.0000140 seconds, Stopping threads took: 0.0000090 seconds
15.016: Application time: 0.0000090 seconds
15.016: Total time for which application threads were stopped: 0.0000130 seconds, Stopping threads took: 0.0000100 seconds
15.016: Application time: 0.0000080 seconds
15.016: Total time for which application threads were stopped: 0.0000130 seconds, Stopping threads took: 0.0000100 seconds
15.016: Application time: 0.0000090 seconds
15.016: Total time for which application threads were stopped: 0.0000150 seconds, Stopping threads took: 0.0000110 seconds
15.016: Application time: 0.0000080 seconds
15.016: Total time for which application threads were stopped: 0.0000260 seconds, Stopping threads took: 0.0000220 seconds
15.016: Application time: 0.0000090 seconds
15.016: Total time for which application threads were stopped: 0.0000150 seconds, Stopping threads took: 0.0000120 seconds
15.016: Application time: 0.0000080 seconds
15.016: Total time for which application threads were stopped: 0.0000070 seconds, Stopping threads took: 0.0000040 seconds
15.016: Application time: 0.0000080 seconds
15.016: Total time for which application threads were stopped: 0.0000130 seconds, Stopping threads took: 0.0000090 seconds
15.016: Application time: 0.0000080 seconds
15.016: Total time for which application threads were stopped: 0.0000130 seconds, Stopping threads took: 0.0000090 seconds
15.016: Application time: 0.0000090 seconds
15.016: Total time for which application threads were stopped: 0.0000130 seconds, Stopping threads took: 0.0000090 seconds
15.016: Application time: 0.0000090 seconds
15.016: Total time for which application threads were stopped: 0.0000070 seconds, Stopping threads took: 0.0000040 seconds
15.016: Application time: 0.0000090 seconds
15.016: Total time for which application threads were stopped: 0.0000120 seconds, Stopping threads took: 0.0000080 seconds
15.016: Application time: 0.0000080 seconds
15.016: Total time for which application threads were stopped: 0.0000120 seconds, Stopping threads took: 0.0000080 seconds
15.016: Application time: 0.0000100 seconds
15.016: Total time for which application threads were stopped: 0.0000120 seconds, Stopping threads took: 0.0000080 seconds
15.016: Application time: 0.0000090 seconds
15.016: Total time for which application threads were stopped: 0.0000160 seconds, Stopping threads took: 0.0000130 seconds
15.016: Application time: 0.0000080 seconds
15.016: Total time for which application threads were stopped: 0.0000120 seconds, Stopping threads took: 0.0000080 seconds
15.016: Application time: 0.0000090 seconds
15.016: Total time for which application threads were stopped: 0.0000190 seconds, Stopping threads took: 0.0000080 seconds
15.101: Application time: 0.0850080 seconds
15.101: Total time for which application threads were stopped: 0.0000720 seconds, Stopping threads took: 0.0000430 seconds
15.101: Application time: 0.0001860 seconds
15.101: Total time for which application threads were stopped: 0.0000400 seconds, Stopping threads took: 0.0000290 seconds
15.101: Application time: 0.0000470 seconds
15.101: Total time for which application threads were stopped: 0.0000320 seconds, Stopping threads took: 0.0000230 seconds
15.101: Application time: 0.0000340 seconds
15.102: Total time for which application threads were stopped: 0.0000330 seconds, Stopping threads took: 0.0000230 seconds
15.102: Application time: 0.0002870 seconds
15.102: Total time for which application threads were stopped: 0.0000470 seconds, Stopping threads took: 0.0000070 seconds
15.102: Application time: 0.0005350 seconds
15.102: Total time for which application threads were stopped: 0.0000440 seconds, Stopping threads took: 0.0000330 seconds
15.102: Application time: 0.0000260 seconds
15.102: Total time for which application threads were stopped: 0.0000210 seconds, Stopping threads took: 0.0000130 seconds
15.103: Application time: 0.0000240 seconds
15.103: Total time for which application threads were stopped: 0.0000270 seconds, Stopping threads took: 0.0000200 seconds
15.112: Application time: 0.0093440 seconds
15.112: Total time for which application threads were stopped: 0.0000750 seconds, Stopping threads took: 0.0000570 seconds
15.187: Application time: 0.0751770 seconds
15.187: [GC15.187: [ParNew: 33138K->3421K(37568K), 0.0018430 secs] 36284K->10662K(120960K), 0.0018800 secs] [Times: user=0.01 sys=0.01, real=0.00 secs] 
15.189: Total time for which application threads were stopped: 0.0021750 seconds, Stopping threads took: 0.0002130 seconds
15.189: Application time: 0.0001260 seconds
15.190: Total time for which application threads were stopped: 0.0001780 seconds, Stopping threads took: 0.0001620 seconds
15.190: Application time: 0.0000210 seconds
15.190: Total time for which application threads were stopped: 0.0000720 seconds, Stopping threads took: 0.0000650 seconds
15.190: Application time: 0.0000260 seconds
15.190: Total time for which application threads were stopped: 0.0001800 seconds, Stopping threads took: 0.0001730 seconds
15.190: Application time: 0.0000120 seconds
15.190: Total time for which application threads were stopped: 0.0000240 seconds, Stopping threads took: 0.0000180 seconds
15.190: Application time: 0.0000260 seconds
15.190: Total time for which application threads were stopped: 0.0000200 seconds, Stopping threads took: 0.0000150 seconds
15.190: Application time: 0.0000270 seconds
15.190: Total time for which application threads were stopped: 0.0000220 seconds, Stopping threads took: 0.0000170 seconds
15.190: Application time: 0.0000090 seconds
15.190: Total time for which application threads were stopped: 0.0000080 seconds, Stopping threads took: 0.0000030 seconds
15.190: Application time: 0.0000100 seconds
15.190: Total time for which application threads were stopped: 0.0000180 seconds, Stopping threads took: 0.0000140 seconds
15.190: Application time: 0.0000120 seconds
15.190: Total time for which application threads were stopped: 0.0000250 seconds, Stopping threads took: 0.0000200 seconds
15.190: Application time: 0.0000110 seconds
15.190: Total time for which application threads were stopped: 0.0000220 seconds, Stopping threads took: 0.0000170 seconds
15.190: Application time: 0.0000120 seconds
15.190: Total time for which application threads were stopped: 0.0000250 seconds, Stopping threads took: 0.0000200 seconds
15.190: Application time: 0.0000100 seconds
15.190: Total time for which application threads were stopped: 0.0000230 seconds, Stopping threads took: 0.0000180 seconds
15.261: Application time: 0.0704350 seconds
15.263: [GC15.263: [ParNew: 36592K->4159K(37568K), 0.0016690 secs] 43834K->13794K(120960K), 0.0017150 secs] [Times: user=0.01 sys=0.00, real=0.00 secs] 
15.264: Total time for which application threads were stopped: 0.0036730 seconds, Stopping threads took: 0.0018950 seconds
15.332: Application time: 0.0672720 seconds
15.332: [GC15.332: [ParNew: 37338K->4114K(37568K), 0.0018180 secs] 46973K->16862K(120960K), 0.0018580 secs] [Times: user=0.01 sys=0.00, real=0.00 secs] 
15.334: Total time for which application threads were stopped: 0.0020030 seconds, Stopping threads took: 0.0000880 seconds
15.399: Application time: 0.0649670 seconds
15.399: [GC15.399: [ParNew: 37225K->4116K(37568K), 0.0017750 secs] 49972K->19943K(120960K), 0.0018120 secs] [Times: user=0.01 sys=0.00, real=0.00 secs] 
15.401: Total time for which application threads were stopped: 0.0019540 seconds, Stopping threads took: 0.0000610 seconds
15.467: Application time: 0.0668030 seconds
15.471: [GC15.471: [ParNew: 37101K->4126K(37568K), 0.0018800 secs] 52928K->22025K(120960K), 0.0019240 secs] [Times: user=0.01 sys=0.00, real=0.00 secs] 
15.473: Total time for which application threads were stopped: 0.0052460 seconds, Stopping threads took: 0.0032450 seconds
15.544: Application time: 0.0709850 seconds
15.544: [GC15.544: [ParNew: 36992K->4132K(37568K), 0.0014040 secs] 54891K->23079K(120960K), 0.0014390 secs] [Times: user=0.01 sys=0.00, real=0.00 secs] 
15.545: Total time for which application threads were stopped: 0.0016770 seconds, Stopping threads took: 0.0001810 seconds
15.608: Application time: 0.0628120 seconds
15.608: [GC15.608: [ParNew: 36761K->4158K(37568K), 0.0010870 secs] 55708K->23153K(120960K), 0.0011200 secs] [Times: user=0.00 sys=0.00, real=0.00 secs] 
15.609: Total time for which application threads were stopped: 0.0012630 seconds, Stopping threads took: 0.0000910 seconds
15.671: Application time: 0.0618010 seconds
15.671: [GC15.671: [ParNew: 36720K->4126K(37568K), 0.0011200 secs] 55715K->23121K(120960K), 0.0011490 secs] [Times: user=0.01 sys=0.00, real=0.00 secs] 
15.672: Total time for which application threads were stopped: 0.0012810 seconds, Stopping threads took: 0.0000770 seconds
15.737: Application time: 0.0648920 seconds
15.737: [GC15.737: [ParNew: 36917K->4159K(37568K), 0.0010510 secs] 55912K->23187K(120960K), 0.0010800 secs] [Times: user=0.00 sys=0.00, real=0.00 secs] 
15.739: Total time for which application threads were stopped: 0.0011860 seconds, Stopping threads took: 0.0000580 seconds
15.791: Application time: 0.0528830 seconds
15.792: [GC15.792: [ParNew: 37065K->4112K(37568K), 0.0018380 secs] 56092K->26219K(120960K), 0.0018700 secs] [Times: user=0.01 sys=0.01, real=0.00 secs] 
15.793: Total time for which application threads were stopped: 0.0020060 seconds, Stopping threads took: 0.0000800 seconds
15.859: Application time: 0.0654480 seconds
15.859: [GC15.859: [ParNew: 37109K->4114K(37568K), 0.0017810 secs] 59216K->29293K(120960K), 0.0018170 secs] [Times: user=0.01 sys=0.00, real=0.00 secs] 
15.861: Total time for which application threads were stopped: 0.0019640 seconds, Stopping threads took: 0.0000890 seconds
15.864: Application time: 0.0035480 seconds
15.865: Total time for which application threads were stopped: 0.0001050 seconds, Stopping threads took: 0.0000820 seconds
15.882: Application time: 0.0176310 seconds
15.882: Total time for which application threads were stopped: 0.0002640 seconds, Stopping threads took: 0.0002190 seconds
15.887: Application time: 0.0041960 seconds
15.887: Total time for which application threads were stopped: 0.0000700 seconds, Stopping threads took: 0.0000510 seconds
15.919: Application time: 0.0320100 seconds
15.919: Total time for which application threads were stopped: 0.0001010 seconds, Stopping threads took: 0.0000790 seconds
15.919: Application time: 0.0001540 seconds
15.919: Total time for which application threads were stopped: 0.0000500 seconds, Stopping threads took: 0.0000400 seconds
15.936: Application time: 0.0166510 seconds
15.936: [GC15.936: [ParNew: 36762K->4158K(37568K), 0.0018570 secs] 61941K->32590K(120960K), 0.0019000 secs] [Times: user=0.01 sys=0.00, real=0.00 secs] 
15.938: Total time for which application threads were stopped: 0.0020400 seconds, Stopping threads took: 0.0000860 seconds
16.000: Application time: 0.0618680 seconds
16.000: [GC16.000: [ParNew: 37104K->4146K(37568K), 0.0016020 secs] 65536K->34734K(120960K), 0.0016360 secs] [Times: user=0.01 sys=0.00, real=0.00 secs] 
16.001: Total time for which application threads were stopped: 0.0017550 seconds, Stopping threads took: 0.0000540 seconds
16.062: Application time: 0.0610960 seconds
16.063: [GC16.063: [ParNew: 36879K->4137K(37568K), 0.0013390 secs] 67467K->35797K(120960K), 0.0013720 secs] [Times: user=0.01 sys=0.00, real=0.00 secs] 
16.064: Total time for which application threads were stopped: 0.0015070 seconds, Stopping threads took: 0.0000760 seconds
16.128: Application time: 0.0642610 seconds
16.128: [GC16.128: [ParNew: 36976K->4156K(37568K), 0.0014140 secs] 68635K->36839K(120960K), 0.0014500 secs] [Times: user=0.00 sys=0.01, real=0.00 secs] 
16.130: Total time for which application threads were stopped: 0.0015920 seconds, Stopping threads took: 0.0000850 seconds
16.197: Application time: 0.0670670 seconds
16.197: [GC16.197: [ParNew: 37043K->4129K(37568K), 0.0015750 secs] 69726K->37836K(120960K), 0.0016180 secs] [Times: user=0.01 sys=0.00, real=0.01 secs] 
16.199: Total time for which application threads were stopped: 0.0017620 seconds, Stopping threads took: 0.0000800 seconds
16.260: Application time: 0.0615140 seconds
16.260: [GC16.260: [ParNew: 36727K->4135K(37568K), 0.0013970 secs] 70435K->38875K(120960K), 0.0014290 secs] [Times: user=0.01 sys=0.01, real=0.00 secs] 
16.262: Total time for which application threads were stopped: 0.0015920 seconds, Stopping threads took: 0.0000900 seconds
16.326: Application time: 0.0645480 seconds
16.326: [GC16.326: [ParNew: 36965K->4149K(37568K), 0.0013570 secs] 71705K->39913K(120960K), 0.0013870 secs] [Times: user=0.00 sys=0.00, real=0.00 secs] 
16.328: Total time for which application threads were stopped: 0.0014980 seconds, Stopping threads took: 0.0000610 seconds
16.387: Application time: 0.0591840 seconds
16.387: [GC16.387: [ParNew: 36662K->4112K(37568K), 0.0017880 secs] 72425K->42947K(120960K), 0.0018220 secs] [Times: user=0.01 sys=0.00, real=0.00 secs] 
16.389: Total time for which application threads were stopped: 0.0019520 seconds, Stopping threads took: 0.0000700 seconds
16.452: Application time: 0.0634620 seconds
16.452: [GC16.452: [ParNew: 37111K->4122K(37568K), 0.0018360 secs] 75946K->46054K(120960K), 0.0018670 secs] [Times: user=0.01 sys=0.00, real=0.00 secs] 
16.454: Total time for which application threads were stopped: 0.0019790 seconds, Stopping threads took: 0.0000590 seconds
16.518: Application time: 0.0636700 seconds
16.518: [GC16.518: [ParNew: 37013K->4130K(37568K), 0.0017580 secs] 78944K->48141K(120960K), 0.0017940 secs] [Times: user=0.01 sys=0.00, real=0.01 secs] 
16.520: Total time for which application threads were stopped: 0.0019210 seconds, Stopping threads took: 0.0000610 seconds
16.584: Application time: 0.0642480 seconds
16.584: [GC16.584: [ParNew: 36981K->4158K(37568K), 0.0011760 secs] 80993K->48278K(120960K), 0.0012180 secs] [Times: user=0.00 sys=0.00, real=0.00 secs] 
16.586: Total time for which application threads were stopped: 0.0013220 seconds, Stopping threads took: 0.0000520 seconds
16.650: Application time: 0.0644380 seconds
16.651: [GC16.651: [ParNew: 37359K->4157K(37568K), 0.0013310 secs] 81479K->48429K(120960K), 0.0013630 secs] [Times: user=0.00 sys=0.00, real=0.00 secs] 
16.652: Total time for which application threads were stopped: 0.0020390 seconds, Stopping threads took: 0.0006190 seconds
16.715: Application time: 0.0625530 seconds
16.715: [GC16.715: [ParNew: 36737K->4152K(37568K), 0.0011640 secs] 81009K->48488K(120960K), 0.0011990 secs] [Times: user=0.01 sys=0.01, real=0.00 secs] 
16.716: Total time for which application threads were stopped: 0.0013710 seconds, Stopping threads took: 0.0000970 seconds
16.774: Application time: 0.0580790 seconds
16.774: [GC16.774: [ParNew: 36785K->4138K(37568K), 0.0016470 secs] 81121K->50586K(120960K), 0.0016830 secs] [Times: user=0.01 sys=0.00, real=0.00 secs] 
16.776: Total time for which application threads were stopped: 0.0018140 seconds, Stopping threads took: 0.0000760 seconds
16.835: Application time: 0.0592580 seconds
16.835: [GC16.835: [ParNew: 36866K->4117K(37568K), 0.0018760 secs] 83314K->52613K(120960K), 0.0019130 secs] [Times: user=0.02 sys=0.00, real=0.00 secs] 
16.837: Total time for which application threads were stopped: 0.0020250 seconds, Stopping threads took: 0.0000550 seconds
16.902: Application time: 0.0646780 seconds
16.902: [GC16.902: [ParNew: 37049K->4119K(37568K), 0.0016820 secs] 85545K->54663K(120960K), 0.0017190 secs] [Times: user=0.02 sys=0.00, real=0.00 secs] 
16.904: Total time for which application threads were stopped: 0.0018770 seconds, Stopping threads took: 0.0000970 seconds
16.971: Application time: 0.0672660 seconds
16.971: [GC16.971: [ParNew: 37107K->4139K(37568K), 0.0013930 secs] 87651K->55724K(120960K), 0.0014280 secs] [Times: user=0.01 sys=0.00, real=0.00 secs] 
16.973: Total time for which application threads were stopped: 0.0015650 seconds, Stopping threads took: 0.0000810 seconds
17.036: Application time: 0.0635690 seconds
17.036: [GC17.036: [ParNew: 36699K->4128K(37568K), 0.0017520 secs] 88284K->57800K(120960K), 0.0017870 secs] [Times: user=0.01 sys=0.00, real=0.00 secs] 
17.038: Total time for which application threads were stopped: 0.0020060 seconds, Stopping threads took: 0.0001320 seconds
17.105: Application time: 0.0671390 seconds
17.105: [GC17.105: [ParNew: 36899K->4145K(37568K), 0.0013840 secs] 90571K->58881K(120960K), 0.0014150 secs] [Times: user=0.01 sys=0.00, real=0.00 secs] 
17.107: Total time for which application threads were stopped: 0.0015300 seconds, Stopping threads took: 0.0000620 seconds
17.167: Application time: 0.0605550 seconds
17.167: [GC17.167: [ParNew: 36812K->4139K(37568K), 0.0013990 secs] 91548K->59932K(120960K), 0.0014310 secs] [Times: user=0.01 sys=0.00, real=0.00 secs] 
17.169: Total time for which application threads were stopped: 0.0015550 seconds, Stopping threads took: 0.0000680 seconds
17.231: Application time: 0.0622340 seconds
17.235: [GC17.235: [ParNew: 36913K->4124K(37568K), 0.0013800 secs] 92706K->60940K(120960K), 0.0014140 secs] [Times: user=0.01 sys=0.00, real=0.00 secs] 
17.236: Total time for which application threads were stopped: 0.0049830 seconds, Stopping threads took: 0.0035140 seconds
17.297: Application time: 0.0605020 seconds
17.297: [GC17.297: [ParNew: 37190K->4153K(37568K), 0.0018400 secs] 94006K->64081K(120960K), 0.0018730 secs] [Times: user=0.01 sys=0.00, real=0.01 secs] 
17.299: Total time for which application threads were stopped: 0.0020000 seconds, Stopping threads took: 0.0000620 seconds
17.362: Application time: 0.0630550 seconds
17.362: [GC17.362: [ParNew: 37439K->4158K(37568K), 0.0017280 secs] 97367K->66298K(120960K), 0.0017660 secs] [Times: user=0.02 sys=0.00, real=0.00 secs] 
17.364: Total time for which application threads were stopped: 0.0019100 seconds, Stopping threads took: 0.0000840 seconds
17.426: Application time: 0.0622680 seconds
17.426: [GC17.426: [ParNew: 37126K->4158K(37568K), 0.0014490 secs] 99267K->67434K(120960K), 0.0014930 secs] [Times: user=0.01 sys=0.00, real=0.00 secs] 
17.427: Total time for which application threads were stopped: 0.0016410 seconds, Stopping threads took: 0.0000950 seconds
17.491: Application time: 0.0630520 seconds
17.491: [GC17.491: [ParNew: 36902K->4158K(37568K), 0.0012250 secs] 100178K->67515K(120960K), 0.0012580 secs] [Times: user=0.01 sys=0.00, real=0.00 secs] 
17.492: Total time for which application threads were stopped: 0.0014390 seconds, Stopping threads took: 0.0000990 seconds
17.554: Application time: 0.0624730 seconds
17.555: [GC17.555: [ParNew: 36828K->4137K(37568K), 0.0014220 secs] 100185K->68526K(120960K), 0.0014540 secs] [Times: user=0.01 sys=0.00, real=0.00 secs] 
17.556: Total time for which application threads were stopped: 0.0016050 seconds, Stopping threads took: 0.0000840 seconds
17.617: Application time: 0.0612430 seconds
17.617: [GC17.617: [ParNew: 36819K->4134K(37568K), 0.0013450 secs] 101207K->69555K(120960K), 0.0013780 secs] [Times: user=0.01 sys=0.00, real=0.01 secs] 
17.619: Total time for which application threads were stopped: 0.0015210 seconds, Stopping threads took: 0.0000880 seconds
17.676: Application time: 0.0572220 seconds
17.676: [GC17.676: [ParNew: 36637K->4130K(37568K), 0.0017160 secs] 102058K->71599K(120960K), 0.0017510 secs] [Times: user=0.01 sys=0.00, real=0.00 secs] 
17.678: Total time for which application threads were stopped: 0.0018780 seconds, Stopping threads took: 0.0000690 seconds
17.738: Application time: 0.0599690 seconds
17.738: [GC17.738: [ParNew: 36878K->4118K(37568K), 0.0016190 secs] 104346K->73634K(120960K), 0.0016560 secs] [Times: user=0.01 sys=0.00, real=0.01 secs] 
17.740: Total time for which application threads were stopped: 0.0018030 seconds, Stopping threads took: 0.0000880 seconds
17.804: Application time: 0.0646190 seconds
17.807: [GC17.807: [ParNew: 37024K->4152K(37568K), 0.0014790 secs] 106541K->74692K(120960K), 0.0015140 secs] [Times: user=0.00 sys=0.00, real=0.00 secs] 
17.808: Total time for which application threads were stopped: 0.0038790 seconds, Stopping threads took: 0.0023060 seconds
17.870: Application time: 0.0619870 seconds
17.870: [GC17.870: [ParNew: 36860K->4139K(37568K), 0.0013120 secs] 107401K->75728K(120960K), 0.0013430 secs] [Times: user=0.01 sys=0.00, real=0.01 secs] 
17.872: Total time for which application threads were stopped: 0.0014630 seconds, Stopping threads took: 0.0000670 seconds
17.933: Application time: 0.0611480 seconds
17.933: [GC17.933: [ParNew: 36901K->4118K(37568K), 0.0014750 secs] 108490K->76755K(120960K), 0.0015070 secs] [Times: user=0.00 sys=0.00, real=0.00 secs] 
17.934: Total time for which application threads were stopped: 0.0016270 seconds, Stopping threads took: 0.0000650 seconds
17.996: Application time: 0.0617680 seconds
17.996: [GC17.996: [ParNew: 37235K->4158K(37568K), 0.0016470 secs] 109872K->78871K(120960K), 0.0016790 secs] [Times: user=0.01 sys=0.00, real=0.00 secs] 
17.998: Total time for which application threads were stopped: 0.0018220 seconds, Stopping threads took: 0.0000850 seconds
18.060: Application time: 0.0616030 seconds
18.060: [GC18.060: [ParNew: 37288K->4158K(37568K), 0.0015230 secs] 112001K->80055K(120960K), 0.0015560 secs] [Times: user=0.02 sys=0.00, real=0.00 secs] 
18.061: Total time for which application threads were stopped: 0.0017100 seconds, Stopping threads took: 0.0000930 seconds
18.122: Application time: 0.0606480 seconds
18.122: [GC18.122: [ParNew: 37088K->4157K(37568K), 0.0015340 secs] 112986K->81146K(120960K), 0.0015690 secs] [Times: user=0.01 sys=0.00, real=0.00 secs] 
18.124: Total time for which application threads were stopped: 0.0017060 seconds, Stopping threads took: 0.0000800 seconds
18.190: Application time: 0.0662850 seconds
18.190: [GC18.190: [ParNew: 37111K->4138K(37568K), 0.0014070 secs] 114100K->82215K(120960K), 0.0014420 secs] [Times: user=0.01 sys=0.00, real=0.01 secs] 
18.192: Total time for which application threads were stopped: 0.0015990 seconds, Stopping threads took: 0.0000930 seconds
18.249: Application time: 0.0574580 seconds
18.249: [GC18.249: [ParNew: 37546K->4134K(37568K), 0.0014590 secs] 115623K->83235K(120960K), 0.0014900 secs] [Times: user=0.01 sys=0.00, real=0.01 secs] 
18.251: Total time for which application threads were stopped: 0.0016160 seconds, Stopping threads took: 0.0000720 seconds
18.317: Application time: 0.0659460 seconds
18.317: [GC18.317: [ParNew: 37046K->4143K(37568K), 0.0010260 secs] 116147K->83245K(120960K), 0.0010610 secs] [Times: user=0.00 sys=0.01, real=0.00 secs] 
18.318: Total time for which application threads were stopped: 0.0011990 seconds, Stopping threads took: 0.0000810 seconds
18.379: Application time: 0.0615780 seconds
18.380: [GC18.380: [ParNew: 36895K->4120K(37568K), 0.0015420 secs] 115996K->85269K(120960K), 0.0015750 secs] [Times: user=0.01 sys=0.00, real=0.00 secs] 
18.381: Total time for which application threads were stopped: 0.0016900 seconds, Stopping threads took: 0.0000580 seconds
18.442: Application time: 0.0612610 seconds
18.442: [GC18.442: [ParNew: 36764K->4149K(37568K), 0.0014060 secs] 117913K->86322K(120960K), 0.0014370 secs] [Times: user=0.01 sys=0.00, real=0.00 secs] 
18.444: Total time for which application threads were stopped: 0.0015520 seconds, Stopping threads took: 0.0000640 seconds
18.511: Application time: 0.0674060 seconds
18.511: [GC18.511: [ParNew: 37054K->4152K(37568K), 0.0013860 secs] 119227K->87349K(120960K), 0.0014170 secs] [Times: user=0.01 sys=0.00, real=0.00 secs] 
18.513: Total time for which application threads were stopped: 0.0015510 seconds, Stopping threads took: 0.0000750 seconds
18.573: Application time: 0.0597680 seconds
18.573: [GC18.573: [ParNew: 36799K->4137K(37568K), 0.0011680 secs] 119996K->87374K(120960K), 0.0012020 secs] [Times: user=0.00 sys=0.00, real=0.00 secs] 
18.574: Total time for which application threads were stopped: 0.0013300 seconds, Stopping threads took: 0.0000610 seconds
18.636: Application time: 0.0619480 seconds
18.636: [GC18.636: [ParNew: 36874K->4154K(37568K), 0.0014450 secs]18.637: [Tenured: 84261K->12815K(84420K), 0.0079540 secs] 120111K->12815K(121988K), [Perm : 5479K->5479K(21248K)], 0.0095090 secs] [Times: user=0.02 sys=0.00, real=0.01 secs] 
18.646: Total time for which application threads were stopped: 0.0096250 seconds, Stopping threads took: 0.0000550 seconds
18.703: Application time: 0.0575140 seconds
18.703: [GC18.703: [ParNew: 32766K->4152K(37632K), 0.0020580 secs] 45581K->20055K(121024K), 0.0020990 secs] [Times: user=0.01 sys=0.00, real=0.00 secs] 
18.705: Total time for which application threads were stopped: 0.0022270 seconds, Stopping threads took: 0.0000680 seconds
18.770: Application time: 0.0642720 seconds
18.770: [GC18.770: [ParNew: 37558K->4158K(37632K), 0.0018060 secs] 53461K->22273K(121024K), 0.0018410 secs] [Times: user=0.01 sys=0.00, real=0.01 secs] 
18.772: Total time for which application threads were stopped: 0.0019870 seconds, Stopping threads took: 0.0000900 seconds
18.835: Application time: 0.0631810 seconds
18.835: [GC18.835: [ParNew: 37135K->4146K(37632K), 0.0016970 secs] 55250K->24406K(121024K), 0.0017310 secs] [Times: user=0.02 sys=0.00, real=0.00 secs] 
18.837: Total time for which application threads were stopped: 0.0018400 seconds, Stopping threads took: 0.0000540 seconds
18.904: Application time: 0.0674400 seconds
18.904: [GC18.904: [ParNew: 37114K->4158K(37632K), 0.0014200 secs] 57374K->25521K(121024K), 0.0014510 secs] [Times: user=0.01 sys=0.00, real=0.00 secs] 
18.906: Total time for which application threads were stopped: 0.0016620 seconds, Stopping threads took: 0.0001570 seconds
18.966: Application time: 0.0598390 seconds
18.966: [GC18.966: [ParNew: 37575K->4115K(37632K), 0.0017660 secs] 58939K->27582K(121024K), 0.0018020 secs] [Times: user=0.01 sys=0.00, real=0.00 secs] 
18.968: Total time for which application threads were stopped: 0.0020030 seconds, Stopping threads took: 0.0001170 seconds
19.031: Application time: 0.0637240 seconds
19.031: [GC19.031: [ParNew: 37044K->4119K(37632K), 0.0016690 secs] 60512K->29634K(121024K), 0.0017120 secs] [Times: user=0.01 sys=0.00, real=0.00 secs] 
19.033: Total time for which application threads were stopped: 0.0018230 seconds, Stopping threads took: 0.0000560 seconds
19.094: Application time: 0.0604350 seconds
19.094: [GC19.094: [ParNew: 36980K->4128K(37632K), 0.0016340 secs] 62495K->31691K(121024K), 0.0016730 secs] [Times: user=0.02 sys=0.00, real=0.00 secs] 
19.095: Total time for which application threads were stopped: 0.0018150 seconds, Stopping threads took: 0.0000710 seconds
19.158: Application time: 0.0625270 seconds
19.158: [GC19.158: [ParNew: 36906K->4153K(37632K), 0.0014590 secs] 64470K->32741K(121024K), 0.0014910 secs] [Times: user=0.01 sys=0.00, real=0.01 secs] 
19.159: Total time for which application threads were stopped: 0.0016070 seconds, Stopping threads took: 0.0000610 seconds
19.219: Application time: 0.0598900 seconds
19.219: [GC19.219: [ParNew: 36674K->4140K(37632K), 0.0011170 secs] 65262K->32728K(121024K), 0.0011480 secs] [Times: user=0.00 sys=0.00, real=0.00 secs] 
19.221: Total time for which application threads were stopped: 0.0012590 seconds, Stopping threads took: 0.0000590 seconds
19.282: Application time: 0.0617530 seconds
19.282: [GC19.282: [ParNew: 36871K->4136K(37632K), 0.0013700 secs] 65459K->33747K(121024K), 0.0014030 secs] [Times: user=0.01 sys=0.00, real=0.00 secs] 
19.284: Total time for which application threads were stopped: 0.0015200 seconds, Stopping threads took: 0.0000600 seconds
19.342: Application time: 0.0585160 seconds
19.343: [GC19.343: [ParNew: 36793K->4134K(37632K), 0.0013770 secs] 66405K->34770K(121024K), 0.0014110 secs] [Times: user=0.01 sys=0.00, real=0.00 secs] 
19.344: Total time for which application threads were stopped: 0.0015280 seconds, Stopping threads took: 0.0000640 seconds
19.404: Application time: 0.0600040 seconds
19.404: [GC19.404: [ParNew: 37117K->4159K(37632K), 0.0018040 secs] 67753K->36858K(121024K), 0.0018390 secs] [Times: user=0.00 sys=0.00, real=0.00 secs] 
19.406: Total time for which application threads were stopped: 0.0019690 seconds, Stopping threads took: 0.0000720 seconds
19.469: Application time: 0.0630780 seconds
19.469: [GC19.469: [ParNew: 37500K->4158K(37632K), 0.0014790 secs] 70200K->38058K(121024K), 0.0015160 secs] [Times: user=0.01 sys=0.01, real=0.01 secs] 
19.471: Total time for which application threads were stopped: 0.0016380 seconds, Stopping threads took: 0.0000650 seconds
19.530: Application time: 0.0590920 seconds
19.530: [GC19.530: [ParNew: 36883K->4159K(37632K), 0.0014760 secs] 70783K->39143K(121024K), 0.0015110 secs] [Times: user=0.01 sys=0.00, real=0.01 secs] 
19.531: Total time for which application threads were stopped: 0.0016620 seconds, Stopping threads took: 0.0000940 seconds
19.598: Application time: 0.0661750 seconds
19.598: [GC19.598: [ParNew: 37271K->4148K(37632K), 0.0013600 secs] 72255K->40236K(121024K), 0.0013960 secs] [Times: user=0.01 sys=0.00, real=0.01 secs] 
19.599: Total time for which application threads were stopped: 0.0015320 seconds, Stopping threads took: 0.0000730 seconds
19.656: Application time: 0.0564170 seconds
19.656: [GC19.656: [ParNew: 37620K->4115K(37632K), 0.0020580 secs] 73708K->43315K(121024K), 0.0020930 secs] [Times: user=0.01 sys=0.00, real=0.00 secs] 
19.658: Total time for which application threads were stopped: 0.0022620 seconds, Stopping threads took: 0.0001110 seconds
19.723: Application time: 0.0655950 seconds
19.723: [GC19.724: [ParNew: 37117K->4114K(37632K), 0.0016880 secs] 76317K->45362K(121024K), 0.0017240 secs] [Times: user=0.01 sys=0.00, real=0.00 secs] 
19.725: Total time for which application threads were stopped: 0.0018450 seconds, Stopping threads took: 0.0000630 seconds
19.786: Application time: 0.0604200 seconds
19.786: [GC19.786: [ParNew: 36960K->4134K(37632K), 0.0017380 secs] 78208K->47430K(121024K), 0.0017800 secs] [Times: user=0.01 sys=0.00, real=0.00 secs] 
19.788: Total time for which application threads were stopped: 0.0019100 seconds, Stopping threads took: 0.0000690 seconds
19.849: Application time: 0.0618310 seconds
19.850: [GC19.850: [ParNew: 36805K->4147K(37632K), 0.0012680 secs] 80101K->47443K(121024K), 0.0013060 secs] [Times: user=0.01 sys=0.00, real=0.01 secs] 
19.851: Total time for which application threads were stopped: 0.0014250 seconds, Stopping threads took: 0.0000640 seconds
19.911: Application time: 0.0597880 seconds
19.911: [GC19.911: [ParNew: 36685K->4123K(37632K), 0.0013470 secs] 79981K->48443K(121024K), 0.0013780 secs] [Times: user=0.01 sys=0.00, real=0.00 secs] 
19.912: Total time for which application threads were stopped: 0.0015010 seconds, Stopping threads took: 0.0000670 seconds
19.972: Application time: 0.0596690 seconds
19.972: [GC19.972: [ParNew: 36821K->4132K(37632K), 0.0016880 secs] 81141K->50500K(121024K), 0.0017210 secs] [Times: user=0.01 sys=0.00, real=0.00 secs] 
19.974: Total time for which application threads were stopped: 0.0018450 seconds, Stopping threads took: 0.0000700 seconds
20.035: Application time: 0.0610110 seconds
20.035: [GC20.035: [ParNew: 36891K->4140K(37632K), 0.0013490 secs] 83259K->51532K(121024K), 0.0013810 secs] [Times: user=0.01 sys=0.00, real=0.00 secs] 
20.036: Total time for which application threads were stopped: 0.0014950 seconds, Stopping threads took: 0.0000570 seconds
20.099: Application time: 0.0624080 seconds
20.099: [GC20.099: [ParNew: 36980K->4153K(37632K), 0.0015130 secs] 84372K->52601K(121024K), 0.0015470 secs] [Times: user=0.00 sys=0.00, real=0.00 secs] 
20.100: Total time for which application threads were stopped: 0.0016980 seconds, Stopping threads took: 0.0000910 seconds
20.162: Application time: 0.0621260 seconds
20.163: [GC20.163: [ParNew: 37358K->4158K(37632K), 0.0016710 secs] 85806K->54811K(121024K), 0.0017070 secs] [Times: user=0.01 sys=0.00, real=0.00 secs] 
20.164: Total time for which application threads were stopped: 0.0018320 seconds, Stopping threads took: 0.0000680 seconds
20.225: Application time: 0.0603990 seconds
20.225: [GC20.225: [ParNew: 37197K->4145K(37632K), 0.0019560 secs] 87849K->57966K(121024K), 0.0019920 secs] [Times: user=0.02 sys=0.00, real=0.00 secs] 
20.227: Total time for which application threads were stopped: 0.0021290 seconds, Stopping threads took: 0.0000790 seconds
20.291: Application time: 0.0638740 seconds
20.291: [GC20.291: [ParNew: 37215K->4156K(37632K), 0.0016690 secs] 91035K->60072K(121024K), 0.0017030 secs] [Times: user=0.01 sys=0.00, real=0.00 secs] 
20.292: Total time for which application threads were stopped: 0.0018340 seconds, Stopping threads took: 0.0000700 seconds
20.354: Application time: 0.0618760 seconds
20.354: [GC20.354: [ParNew: 37000K->4130K(37632K), 0.0017590 secs] 92916K->62135K(121024K), 0.0017980 secs] [Times: user=0.02 sys=0.00, real=0.00 secs] 
20.356: Total time for which application threads were stopped: 0.0019290 seconds, Stopping threads took: 0.0000650 seconds
20.421: Application time: 0.0645170 seconds
20.421: [GC20.421: [ParNew: 37052K->4140K(37632K), 0.0013990 secs] 95057K->63169K(121024K), 0.0014340 secs] [Times: user=0.01 sys=0.00, real=0.00 secs] 
20.422: Total time for which application threads were stopped: 0.0015650 seconds, Stopping threads took: 0.0000750 seconds
20.484: Application time: 0.0611960 seconds
20.484: [GC20.484: [ParNew: 36839K->4152K(37632K), 0.0014840 secs] 95868K->64205K(121024K), 0.0015160 secs] [Times: user=0.01 sys=0.00, real=0.00 secs] 
20.485: Total time for which application threads were stopped: 0.0016450 seconds, Stopping threads took: 0.0000750 seconds
20.546: Application time: 0.0610080 seconds
20.546: [GC20.546: [ParNew: 36747K->4148K(37632K), 0.0013940 secs] 96800K->65224K(121024K), 0.0014280 secs] [Times: user=0.01 sys=0.00, real=0.00 secs] 
20.548: Total time for which application threads were stopped: 0.0015690 seconds, Stopping threads took: 0.0000860 seconds
20.609: Application time: 0.0609270 seconds
20.609: [GC20.609: [ParNew: 36735K->3145K(37632K), 0.0009370 secs] 97812K->64222K(121024K), 0.0009660 secs] [Times: user=0.01 sys=0.00, real=0.00 secs] 
20.610: Total time for which application threads were stopped: 0.0011220 seconds, Stopping threads took: 0.0000890 seconds
20.669: Application time: 0.0591520 seconds
20.669: [GC20.669: [ParNew: 35702K->4130K(37632K), 0.0013990 secs] 96779K->66230K(121024K), 0.0014310 secs] [Times: user=0.01 sys=0.00, real=0.00 secs] 
20.671: Total time for which application threads were stopped: 0.0015810 seconds, Stopping threads took: 0.0000850 seconds
20.730: Application time: 0.0592030 seconds
20.730: [GC20.730: [ParNew: 36697K->4136K(37632K), 0.0014260 secs] 98798K->67261K(121024K), 0.0014620 secs] [Times: user=0.01 sys=0.00, real=0.01 secs] 
20.731: Total time for which application threads were stopped: 0.0016020 seconds, Stopping threads took: 0.0000820 seconds
20.791: Application time: 0.0599960 seconds
20.791: [GC20.792: [ParNew: 37037K->4154K(37632K), 0.0016850 secs] 100161K->69351K(121024K), 0.0017220 secs] [Times: user=0.01 sys=0.00, real=0.00 secs] 
20.793: Total time for which application threads were stopped: 0.0018540 seconds, Stopping threads took: 0.0000700 seconds
20.851: Application time: 0.0577960 seconds
20.854: [GC20.854: [ParNew: 37402K->4152K(37632K), 0.0021000 secs] 102599K->72565K(121024K), 0.0021380 secs] [Times: user=0.01 sys=0.00, real=0.00 secs] 
20.856: Total time for which application threads were stopped: 0.0053030 seconds, Stopping threads took: 0.0031060 seconds
20.921: Application time: 0.0642920 seconds
20.921: [GC20.921: [ParNew: 37279K->4156K(37632K), 0.0018070 secs] 105692K->74701K(121024K), 0.0018510 secs] [Times: user=0.01 sys=0.00, real=0.00 secs] 
20.923: Total time for which application threads were stopped: 0.0019840 seconds, Stopping threads took: 0.0000740 seconds
20.984: Application time: 0.0608990 seconds
20.984: [GC20.984: [ParNew: 37065K->4148K(37632K), 0.0016740 secs] 107610K->76813K(121024K), 0.0017090 secs] [Times: user=0.01 sys=0.00, real=0.00 secs] 
20.985: Total time for which application threads were stopped: 0.0018380 seconds, Stopping threads took: 0.0000730 seconds
21.048: Application time: 0.0623030 seconds
21.048: [GC21.048: [ParNew: 36974K->4131K(37632K), 0.0014030 secs] 109639K->77860K(121024K), 0.0014340 secs] [Times: user=0.01 sys=0.00, real=0.00 secs] 
21.049: Total time for which application threads were stopped: 0.0015520 seconds, Stopping threads took: 0.0000610 seconds
21.111: Application time: 0.0619340 seconds
21.111: [GC21.111: [ParNew: 36915K->4123K(37632K), 0.0016790 secs] 110644K->79908K(121024K), 0.0017130 secs] [Times: user=0.02 sys=0.00, real=0.00 secs] 
21.113: Total time for which application threads were stopped: 0.0018650 seconds, Stopping threads took: 0.0000870 seconds
21.176: Application time: 0.0628530 seconds
21.176: [GC21.176: [ParNew: 37025K->4133K(37632K), 0.0015640 secs] 112810K->80942K(121024K), 0.0015970 secs] [Times: user=0.01 sys=0.00, real=0.00 secs] 
21.178: Total time for which application threads were stopped: 0.0017350 seconds, Stopping threads took: 0.0000800 seconds
21.241: Application time: 0.0637910 seconds
21.242: [GC21.242: [ParNew: 36993K->4153K(37632K), 0.0014670 secs] 113802K->81986K(121024K), 0.0015040 secs] [Times: user=0.01 sys=0.00, real=0.00 secs] 
21.243: Total time for which application threads were stopped: 0.0016320 seconds, Stopping threads took: 0.0000690 seconds
21.301: Application time: 0.0578680 seconds
21.301: [GC21.301: [ParNew: 37441K->4123K(37632K), 0.0014920 secs] 115274K->82980K(121024K), 0.0015250 secs] [Times: user=0.01 sys=0.00, real=0.00 secs] 
21.303: Total time for which application threads were stopped: 0.0016450 seconds, Stopping threads took: 0.0000620 seconds
21.361: Application time: 0.0583620 seconds
21.361: [GC21.361: [ParNew: 36764K->4112K(37632K), 0.0017590 secs] 115622K->85017K(121024K), 0.0017950 secs] [Times: user=0.02 sys=0.00, real=0.00 secs] 
21.363: Total time for which application threads were stopped: 0.0019430 seconds, Stopping threads took: 0.0000890 seconds
21.428: Application time: 0.0647800 seconds
21.428: [GC21.428: [ParNew: 37016K->4151K(37632K), 0.0011820 secs] 117921K->85056K(121024K), 0.0012230 secs] [Times: user=0.01 sys=0.00, real=0.00 secs] 
21.429: Total time for which application threads were stopped: 0.0013390 seconds, Stopping threads took: 0.0000610 seconds
21.485: Application time: 0.0560370 seconds
21.485: [GC21.485: [ParNew: 36743K->4157K(37632K), 0.0017190 secs] 117648K->87126K(121024K), 0.0017560 secs] [Times: user=0.02 sys=0.00, real=0.00 secs] 
21.487: Total time for which application threads were stopped: 0.0018850 seconds, Stopping threads took: 0.0000700 seconds
21.549: Application time: 0.0620060 seconds
21.549: [GC21.549: [ParNew: 37506K->4158K(37632K), 0.0018690 secs]21.551: [Tenured: 86189K->10632K(86476K), 0.0096250 secs] 120475K->10632K(124108K), [Perm : 5493K->5488K(21248K)], 0.0116810 secs] [Times: user=0.02 sys=0.00, real=0.02 secs] 
21.561: Total time for which application threads were stopped: 0.0118410 seconds, Stopping threads took: 0.0000950 seconds
21.621: Application time: 0.0603290 seconds
21.621: [GC21.621: [ParNew: 32993K->4159K(37632K), 0.0016790 secs] 43626K->16847K(121024K), 0.0017150 secs] [Times: user=0.02 sys=0.00, real=0.00 secs] 
21.623: Total time for which application threads were stopped: 0.0018450 seconds, Stopping threads took: 0.0000660 seconds
21.685: Application time: 0.0621200 seconds
21.685: [GC21.685: [ParNew: 37123K->4156K(37632K), 0.0016970 secs] 49811K->18948K(121024K), 0.0017330 secs] [Times: user=0.02 sys=0.00, real=0.00 secs] 
21.687: Total time for which application threads were stopped: 0.0018780 seconds, Stopping threads took: 0.0000830 seconds
21.750: Application time: 0.0627850 seconds
21.750: [GC21.750: [ParNew: 37008K->4130K(37632K), 0.0016480 secs] 51800K->21018K(121024K), 0.0016840 secs] [Times: user=0.01 sys=0.00, real=0.01 secs] 
21.752: Total time for which application threads were stopped: 0.0018300 seconds, Stopping threads took: 0.0000850 seconds
21.814: Application time: 0.0627570 seconds
21.814: [GC21.814: [ParNew: 36930K->4147K(37632K), 0.0014040 secs] 53818K->22059K(121024K), 0.0014350 secs] [Times: user=0.01 sys=0.00, real=0.00 secs] 
21.816: Total time for which application threads were stopped: 0.0015570 seconds, Stopping threads took: 0.0000660 seconds
21.875: Application time: 0.0591840 seconds
21.875: [GC21.875: [ParNew: 36686K->4143K(37632K), 0.0010960 secs] 54598K->22071K(121024K), 0.0011280 secs] [Times: user=0.01 sys=0.00, real=0.00 secs] 
21.876: Total time for which application threads were stopped: 0.0012430 seconds, Stopping threads took: 0.0000600 seconds
21.939: Application time: 0.0630600 seconds
21.939: [GC21.940: [ParNew: 36976K->4123K(37632K), 0.0013520 secs] 54904K->23075K(121024K), 0.0013830 secs] [Times: user=0.01 sys=0.00, real=0.00 secs] 
21.941: Total time for which application threads were stopped: 0.0015220 seconds, Stopping threads took: 0.0000850 seconds
22.000: Application time: 0.0591580 seconds
22.000: [GC22.000: [ParNew: 36750K->4114K(37632K), 0.0016220 secs] 55702K->25115K(121024K), 0.0016550 secs] [Times: user=0.01 sys=0.00, real=0.00 secs] 
22.002: Total time for which application threads were stopped: 0.0017720 seconds, Stopping threads took: 0.0000600 seconds
22.064: Application time: 0.0624700 seconds
22.064: [GC22.064: [ParNew: 36943K->4139K(37632K), 0.0013180 secs] 57943K->26163K(121024K), 0.0013510 secs] [Times: user=0.01 sys=0.00, real=0.00 secs] 
22.066: Total time for which application threads were stopped: 0.0014990 seconds, Stopping threads took: 0.0000870 seconds
22.128: Application time: 0.0623750 seconds
22.128: [GC22.128: [ParNew: 36881K->4140K(37632K), 0.0012950 secs] 58906K->27212K(121024K), 0.0013260 secs] [Times: user=0.01 sys=0.00, real=0.00 secs] 
22.130: Total time for which application threads were stopped: 0.0014550 seconds, Stopping threads took: 0.0000660 seconds
22.189: Application time: 0.0590960 seconds
22.189: [GC22.189: [ParNew: 36870K->4159K(37632K), 0.0012940 secs] 59943K->28272K(121024K), 0.0013230 secs] [Times: user=0.01 sys=0.00, real=0.00 secs] 
22.190: Total time for which application threads were stopped: 0.0014460 seconds, Stopping threads took: 0.0000700 seconds
22.250: Application time: 0.0596140 seconds
22.250: [GC22.250: [ParNew: 37301K->4154K(37632K), 0.0017200 secs] 61414K->30490K(121024K), 0.0017660 secs] [Times: user=0.01 sys=0.00, real=0.01 secs] 
22.252: Total time for which application threads were stopped: 0.0018890 seconds, Stopping threads took: 0.0000670 seconds
22.312: Application time: 0.0605510 seconds
22.312: [GC22.312: [ParNew: 37062K->4145K(37632K), 0.0017060 secs] 63398K->32597K(121024K), 0.0017410 secs] [Times: user=0.01 sys=0.00, real=0.00 secs] 
22.314: Total time for which application threads were stopped: 0.0018880 seconds, Stopping threads took: 0.0000890 seconds
22.377: Application time: 0.0630590 seconds
22.377: [GC22.377: [ParNew: 37163K->4140K(37632K), 0.0018400 secs] 65615K->34697K(121024K), 0.0018760 secs] [Times: user=0.01 sys=0.00, real=0.01 secs] 
22.379: Total time for which application threads were stopped: 0.0020050 seconds, Stopping threads took: 0.0000750 seconds
22.442: Application time: 0.0627360 seconds
22.442: [GC22.442: [ParNew: 37030K->4128K(37632K), 0.0017030 secs] 67586K->36796K(121024K), 0.0017350 secs] [Times: user=0.01 sys=0.00, real=0.00 secs] 
22.444: Total time for which application threads were stopped: 0.0018840 seconds, Stopping threads took: 0.0000930 seconds
22.506: Application time: 0.0626100 seconds
22.507: [GC22.507: [ParNew: 36880K->4136K(37632K), 0.0015390 secs] 69549K->37829K(121024K), 0.0015770 secs] [Times: user=0.01 sys=0.00, real=0.00 secs] 
22.508: Total time for which application threads were stopped: 0.0017910 seconds, Stopping threads took: 0.0001540 seconds
22.571: Application time: 0.0628550 seconds
22.571: [GC22.571: [ParNew: 36769K->4114K(37632K), 0.0016060 secs] 70462K->39879K(121024K), 0.0016400 secs] [Times: user=0.01 sys=0.00, real=0.00 secs] 
22.573: Total time for which application threads were stopped: 0.0017800 seconds, Stopping threads took: 0.0000780 seconds
22.637: Application time: 0.0639370 seconds
22.637: [GC22.637: [ParNew: 37057K->4114K(37632K), 0.0016270 secs] 72822K->41927K(121024K), 0.0016750 secs] [Times: user=0.01 sys=0.00, real=0.01 secs] 
22.639: Total time for which application threads were stopped: 0.0018260 seconds, Stopping threads took: 0.0000860 seconds
22.702: Application time: 0.0630200 seconds
22.702: [GC22.702: [ParNew: 36995K->4124K(37632K), 0.0016170 secs] 74808K->43985K(121024K), 0.0016510 secs] [Times: user=0.01 sys=0.00, real=0.00 secs] 
22.703: Total time for which application threads were stopped: 0.0017910 seconds, Stopping threads took: 0.0000810 seconds
22.767: Application time: 0.0636060 seconds
22.767: [GC22.767: [ParNew: 36835K->4158K(37632K), 0.0010790 secs] 76696K->44059K(121024K), 0.0011110 secs] [Times: user=0.01 sys=0.00, real=0.00 secs] 
22.768: Total time for which application threads were stopped: 0.0012560 seconds, Stopping threads took: 0.0000890 seconds
22.830: Application time: 0.0619710 seconds
22.830: [GC22.830: [ParNew: 37630K->3113K(37632K), 0.0008270 secs] 77531K->43014K(121024K), 0.0008570 secs] [Times: user=0.01 sys=0.00, real=0.01 secs] 
22.831: Total time for which application threads were stopped: 0.0009670 seconds, Stopping threads took: 0.0000560 seconds
22.890: Application time: 0.0591780 seconds
22.891: [GC22.891: [ParNew: 35727K->4159K(37632K), 0.0010460 secs] 75628K->44084K(121024K), 0.0010720 secs] [Times: user=0.01 sys=0.00, real=0.01 secs] 
22.892: Total time for which application threads were stopped: 0.0011760 seconds, Stopping threads took: 0.0000560 seconds
22.946: Application time: 0.0541970 seconds
22.946: [GC22.946: [ParNew: 36906K->4159K(37632K), 0.0017010 secs] 76831K->46264K(121024K), 0.0017330 secs] [Times: user=0.02 sys=0.00, real=0.00 secs] 
22.948: Total time for which application threads were stopped: 0.0018670 seconds, Stopping threads took: 0.0000790 seconds
23.008: Application time: 0.0598740 seconds
23.008: [GC23.008: [ParNew: 37170K->4154K(37632K), 0.0016120 secs] 79275K->48387K(121024K), 0.0016430 secs] [Times: user=0.01 sys=0.00, real=0.00 secs] 
23.009: Total time for which application threads were stopped: 0.0018190 seconds, Stopping threads took: 0.0001110 seconds
23.071: Application time: 0.0620390 seconds
23.072: [GC23.072: [ParNew: 37122K->4140K(37632K), 0.0019480 secs] 81355K->51525K(121024K), 0.0019820 secs] [Times: user=0.01 sys=0.00, real=0.00 secs] 
23.074: Total time for which application threads were stopped: 0.0020980 seconds, Stopping threads took: 0.0000560 seconds
23.134: Application time: 0.0603480 seconds
23.134: [GC23.134: [ParNew: 37104K->4116K(37632K), 0.0019260 secs] 84489K->54629K(121024K), 0.0019600 secs] [Times: user=0.02 sys=0.00, real=0.00 secs] 
23.136: Total time for which application threads were stopped: 0.0021150 seconds, Stopping threads took: 0.0000990 seconds
23.202: Application time: 0.0655470 seconds
23.202: [GC23.202: [ParNew: 37107K->4130K(37632K), 0.0016180 secs] 87620K->56691K(121024K), 0.0016510 secs] [Times: user=0.01 sys=0.00, real=0.00 secs] 
23.203: Total time for which application threads were stopped: 0.0017830 seconds, Stopping threads took: 0.0000670 seconds
23.262: Application time: 0.0591160 seconds
23.263: [GC23.263: [ParNew: 36855K->4120K(37632K), 0.0016200 secs] 89417K->58729K(121024K), 0.0016590 secs] [Times: user=0.00 sys=0.01, real=0.00 secs] 
23.264: Total time for which application threads were stopped: 0.0018180 seconds, Stopping threads took: 0.0001020 seconds
23.327: Application time: 0.0631880 seconds
23.328: [GC23.328: [ParNew: 37037K->4118K(37632K), 0.0014000 secs] 91646K->59751K(121024K), 0.0014320 secs] [Times: user=0.01 sys=0.00, real=0.00 secs] 
23.329: Total time for which application threads were stopped: 0.0015710 seconds, Stopping threads took: 0.0000830 seconds
23.394: Application time: 0.0645720 seconds
23.394: [GC23.394: [ParNew: 37044K->4134K(37632K), 0.0017050 secs] 92677K->61815K(121024K), 0.0017360 secs] [Times: user=0.01 sys=0.00, real=0.00 secs] 
23.395: Total time for which application threads were stopped: 0.0018730 seconds, Stopping threads took: 0.0000820 seconds
23.457: Application time: 0.0611240 seconds
23.457: [GC23.457: [ParNew: 36657K->4132K(37632K), 0.0010790 secs] 94338K->61813K(121024K), 0.0011090 secs] [Times: user=0.01 sys=0.00, real=0.00 secs] 
23.458: Total time for which application threads were stopped: 0.0012360 seconds, Stopping threads took: 0.0000740 seconds
23.521: Application time: 0.0628630 seconds
23.521: [GC23.521: [ParNew: 36707K->1065K(37632K), 0.0004310 secs] 94389K->58746K(121024K), 0.0004590 secs] [Times: user=0.00 sys=0.00, real=0.00 secs] 
23.521: Total time for which application threads were stopped: 0.0005690 seconds, Stopping threads took: 0.0000600 seconds
23.578: Application time: 0.0571030 seconds
23.578: [GC23.578: [ParNew: 34534K->4159K(37632K), 0.0012350 secs] 92215K->61889K(121024K), 0.0012630 secs] [Times: user=0.01 sys=0.00, real=0.01 secs] 
23.580: Total time for which application threads were stopped: 0.0013820 seconds, Stopping threads took: 0.0000670 seconds
23.638: Application time: 0.0577980 seconds
23.638: [GC23.638: [ParNew: 37286K->4158K(37632K), 0.0014310 secs] 95015K->63075K(121024K), 0.0014650 secs] [Times: user=0.01 sys=0.00, real=0.01 secs] 
23.639: Total time for which application threads were stopped: 0.0015910 seconds, Stopping threads took: 0.0000710 seconds
23.700: Application time: 0.0603840 seconds
23.700: [GC23.700: [ParNew: 37107K->4159K(37632K), 0.0014630 secs] 96024K->64165K(121024K), 0.0014950 secs] [Times: user=0.01 sys=0.00, real=0.00 secs] 
23.701: Total time for which application threads were stopped: 0.0016570 seconds, Stopping threads took: 0.0001040 seconds
23.766: Application time: 0.0649300 seconds
23.766: [GC23.766: [ParNew: 37177K->4158K(37632K), 0.0015960 secs] 97183K->66275K(121024K), 0.0016270 secs] [Times: user=0.01 sys=0.00, real=0.00 secs] 
23.768: Total time for which application threads were stopped: 0.0017550 seconds, Stopping threads took: 0.0000640 seconds
23.825: Application time: 0.0574220 seconds
23.827: [GC23.827: [ParNew: 36861K->4114K(37632K), 0.0017320 secs] 98978K->68344K(121024K), 0.0017660 secs] [Times: user=0.01 sys=0.00, real=0.00 secs] 
23.828: Total time for which application threads were stopped: 0.0031690 seconds, Stopping threads took: 0.0013320 seconds
23.893: Application time: 0.0642340 seconds
23.895: [GC23.895: [ParNew: 37028K->4112K(37632K), 0.0017200 secs] 101258K->70389K(121024K), 0.0017520 secs] [Times: user=0.01 sys=0.00, real=0.00 secs] 
23.896: Total time for which application threads were stopped: 0.0037370 seconds, Stopping threads took: 0.0019310 seconds
23.955: Application time: 0.0589260 seconds
23.956: [GC23.956: [ParNew: 36822K->4114K(37632K), 0.0018940 secs] 103100K->73464K(121024K), 0.0019280 secs] [Times: user=0.01 sys=0.00, real=0.00 secs] 
23.957: Total time for which application threads were stopped: 0.0021060 seconds, Stopping threads took: 0.0001190 seconds
24.020: Application time: 0.0628890 seconds
24.021: [GC24.021: [ParNew: 37086K->4112K(37632K), 0.0019820 secs] 106436K->76534K(121024K), 0.0020170 secs] [Times: user=0.02 sys=0.01, real=0.00 secs] 
24.023: Total time for which application threads were stopped: 0.0022050 seconds, Stopping threads took: 0.0001240 seconds
24.087: Application time: 0.0645960 seconds
24.091: [GC24.091: [ParNew: 37012K->4130K(37632K), 0.0018470 secs] 109434K->78600K(121024K), 0.0018870 secs] [Times: user=0.01 sys=0.00, real=0.00 secs] 
24.093: Total time for which application threads were stopped: 0.0053810 seconds, Stopping threads took: 0.0034330 seconds
24.157: Application time: 0.0640380 seconds
24.157: [GC24.157: [ParNew: 36914K->4159K(37632K), 0.0012320 secs] 111384K->78661K(121024K), 0.0012620 secs] [Times: user=0.01 sys=0.00, real=0.00 secs] 
24.158: Total time for which application threads were stopped: 0.0014280 seconds, Stopping threads took: 0.0000900 seconds
24.220: Application time: 0.0621790 seconds
24.220: [GC24.220: [ParNew: 37631K->3139K(37632K), 0.0008410 secs] 112133K->77649K(121024K), 0.0008700 secs] [Times: user=0.00 sys=0.00, real=0.00 secs] 
24.221: Total time for which application threads were stopped: 0.0010070 seconds, Stopping threads took: 0.0000840 seconds
24.280: Application time: 0.0592120 seconds
24.281: [GC24.281: [ParNew: 35742K->4160K(37632K), 0.0010750 secs] 110252K->78745K(121024K), 0.0011050 secs] [Times: user=0.01 sys=0.00, real=0.00 secs] 
24.282: Total time for which application threads were stopped: 0.0012440 seconds, Stopping threads took: 0.0000760 seconds
24.335: Application time: 0.0537300 seconds
24.336: [GC24.336: [ParNew: 36978K->4154K(37632K), 0.0020510 secs] 111564K->81900K(121024K), 0.0020850 secs] [Times: user=0.01 sys=0.00, real=0.00 secs] 
24.338: Total time for which application threads were stopped: 0.0022060 seconds, Stopping threads took: 0.0000630 seconds
24.400: Application time: 0.0619250 seconds
24.400: [GC24.400: [ParNew: 37300K->4152K(37632K), 0.0020570 secs] 115046K->85074K(121024K), 0.0020940 secs] [Times: user=0.01 sys=0.00, real=0.00 secs] 
24.402: Total time for which application threads were stopped: 0.0022940 seconds, Stopping threads took: 0.0001380 seconds
24.468: Application time: 0.0656390 seconds
24.468: [GC24.468: [ParNew: 37265K->4145K(37632K), 0.0013880 secs] 118187K->86164K(121024K), 0.0014160 secs] [Times: user=0.01 sys=0.00, real=0.00 secs] 
24.469: Total time for which application threads were stopped: 0.0015330 seconds, Stopping threads took: 0.0000640 seconds
24.528: Application time: 0.0592950 seconds
24.528: [GC24.528: [ParNew: 36892K->4134K(37632K), 0.0013870 secs] 118910K->87232K(121024K), 0.0014200 secs] [Times: user=0.01 sys=0.00, real=0.00 secs] 
24.530: Total time for which application threads were stopped: 0.0015540 seconds, Stopping threads took: 0.0000800 seconds
24.593: Application time: 0.0632830 seconds
24.593: [GC24.593: [ParNew: 36922K->4135K(37632K), 0.0015760 secs]24.595: [Tenured: 85146K->12883K(85448K), 0.0083230 secs] 120020K->12883K(123080K), [Perm : 5490K->5490K(21248K)], 0.0100470 secs] [Times: user=0.02 sys=0.00, real=0.01 secs] 
24.603: Total time for which application threads were stopped: 0.0101880 seconds, Stopping threads took: 0.0000790 seconds
24.664: Application time: 0.0610250 seconds
24.665: [GC24.665: [ParNew: 32720K->4118K(37632K), 0.0018960 secs] 45604K->20074K(121024K), 0.0019380 secs] [Times: user=0.01 sys=0.00, real=0.00 secs] 
24.666: Total time for which application threads were stopped: 0.0020770 seconds, Stopping threads took: 0.0000840 seconds
24.728: Application time: 0.0620110 seconds
24.729: [GC24.729: [ParNew: 37085K->4116K(37632K), 0.0016550 secs] 53041K->22152K(121024K), 0.0016880 secs] [Times: user=0.01 sys=0.00, real=0.00 secs] 
24.730: Total time for which application threads were stopped: 0.0018620 seconds, Stopping threads took: 0.0001180 seconds
24.793: Application time: 0.0623500 seconds
24.793: [GC24.793: [ParNew: 36915K->4132K(37632K), 0.0016910 secs] 54951K->24216K(121024K), 0.0017400 secs] [Times: user=0.01 sys=0.00, real=0.00 secs] 
24.795: Total time for which application threads were stopped: 0.0018810 seconds, Stopping threads took: 0.0000640 seconds
24.858: Application time: 0.0634680 seconds
24.858: [GC24.858: [ParNew: 36962K->4153K(37632K), 0.0011510 secs] 57046K->24237K(121024K), 0.0011830 secs] [Times: user=0.01 sys=0.00, real=0.01 secs] 
24.859: Total time for which application threads were stopped: 0.0013240 seconds, Stopping threads took: 0.0000860 seconds
24.923: Application time: 0.0633560 seconds
24.924: [GC24.924: [ParNew: 36710K->2111K(37632K), 0.0006370 secs] 56794K->22195K(121024K), 0.0006670 secs] [Times: user=0.00 sys=0.00, real=0.00 secs] 
24.925: Total time for which application threads were stopped: 0.0021770 seconds, Stopping threads took: 0.0014580 seconds
24.985: Application time: 0.0600620 seconds
24.986: [GC24.986: [ParNew: 34647K->4159K(37632K), 0.0015350 secs] 54732K->25316K(121024K), 0.0015670 secs] [Times: user=0.01 sys=0.00, real=0.00 secs] 
24.987: Total time for which application threads were stopped: 0.0021980 seconds, Stopping threads took: 0.0005810 seconds
25.054: Application time: 0.0668190 seconds
25.054: [GC25.054: [ParNew: 36911K->4152K(37632K), 0.0018450 secs] 58067K->28484K(121024K), 0.0018830 secs] [Times: user=0.01 sys=0.00, real=0.00 secs] 
25.056: Total time for which application threads were stopped: 0.0020310 seconds, Stopping threads took: 0.0000920 seconds
25.115: Application time: 0.0587400 seconds
25.115: [GC25.115: [ParNew: 37243K->4152K(37632K), 0.0019050 secs] 61575K->31652K(121024K), 0.0019410 secs] [Times: user=0.02 sys=0.00, real=0.00 secs] 
25.117: Total time for which application threads were stopped: 0.0020930 seconds, Stopping threads took: 0.0000970 seconds
25.180: Application time: 0.0628520 seconds
25.183: [GC25.183: [ParNew: 37240K->4156K(37632K), 0.0016450 secs] 64740K->33776K(121024K), 0.0016800 secs] [Times: user=0.01 sys=0.01, real=0.00 secs] 
25.184: Total time for which application threads were stopped: 0.0046400 seconds, Stopping threads took: 0.0029010 seconds
25.250: Application time: 0.0661010 seconds
25.251: [GC25.251: [ParNew: 37151K->4159K(37632K), 0.0010610 secs] 66771K->33835K(121024K), 0.0010920 secs] [Times: user=0.01 sys=0.00, real=0.00 secs] 
25.252: Total time for which application threads were stopped: 0.0012410 seconds, Stopping threads took: 0.0000900 seconds
25.311: Application time: 0.0588510 seconds
25.311: [GC25.311: [ParNew: 36633K->4139K(37632K), 0.0010470 secs] 66309K->33816K(121024K), 0.0010780 secs] [Times: user=0.01 sys=0.00, real=0.00 secs] 
25.312: Total time for which application threads were stopped: 0.0012160 seconds, Stopping threads took: 0.0000780 seconds
25.374: Application time: 0.0619310 seconds
25.374: [GC25.374: [ParNew: 36843K->4120K(37632K), 0.0010770 secs] 66520K->33796K(121024K), 0.0011100 secs] [Times: user=0.00 sys=0.00, real=0.00 secs] 
25.375: Total time for which application threads were stopped: 0.0012510 seconds, Stopping threads took: 0.0000880 seconds
25.435: Application time: 0.0595840 seconds
25.435: [GC25.435: [ParNew: 36879K->4112K(37632K), 0.0016160 secs] 66555K->35836K(121024K), 0.0016470 secs] [Times: user=0.01 sys=0.00, real=0.00 secs] 
25.436: Total time for which application threads were stopped: 0.0017840 seconds, Stopping threads took: 0.0000790 seconds
25.501: Application time: 0.0642250 seconds
25.501: [GC25.501: [ParNew: 36990K->4132K(37632K), 0.0017400 secs] 68714K->37904K(121024K), 0.0017820 secs] [Times: user=0.01 sys=0.00, real=0.00 secs] 
25.502: Total time for which application threads were stopped: 0.0019110 seconds, Stopping threads took: 0.0000710 seconds
25.565: Application time: 0.0621130 seconds
25.565: [GC25.565: [ParNew: 36867K->4158K(37632K), 0.0011440 secs] 70640K->37930K(121024K), 0.0011770 secs] [Times: user=0.00 sys=0.00, real=0.00 secs] 
25.566: Total time for which application threads were stopped: 0.0012980 seconds, Stopping threads took: 0.0000670 seconds
25.627: Application time: 0.0612210 seconds
25.627: [GC25.627: [ParNew: 37630K->3155K(37632K), 0.0008450 secs] 71402K->36928K(121024K), 0.0008720 secs] [Times: user=0.01 sys=0.00, real=0.00 secs] 
25.628: Total time for which application threads were stopped: 0.0009970 seconds, Stopping threads took: 0.0000740 seconds
25.686: Application time: 0.0574420 seconds
25.686: [GC25.686: [ParNew: 36620K->4146K(37632K), 0.0019810 secs] 70392K->40991K(121024K), 0.0020180 secs] [Times: user=0.01 sys=0.00, real=0.00 secs] 
25.688: Total time for which application threads were stopped: 0.0021480 seconds, Stopping threads took: 0.0000730 seconds
25.746: Application time: 0.0580980 seconds
25.746: [GC25.746: [ParNew: 37460K->4156K(37632K), 0.0020310 secs] 74305K->44217K(121024K), 0.0020700 secs] [Times: user=0.01 sys=0.00, real=0.00 secs] 
25.748: Total time for which application threads were stopped: 0.0022100 seconds, Stopping threads took: 0.0000810 seconds
25.810: Application time: 0.0618690 seconds
25.810: [GC25.810: [ParNew: 37335K->4154K(37632K), 0.0019470 secs] 77395K->47383K(121024K), 0.0019860 secs] [Times: user=0.01 sys=0.00, real=0.01 secs] 
25.812: Total time for which application threads were stopped: 0.0021280 seconds, Stopping threads took: 0.0000800 seconds
25.875: Application time: 0.0631230 seconds
25.875: [GC25.875: [ParNew: 37216K->4141K(37632K), 0.0018880 secs] 80445K->50530K(121024K), 0.0019210 secs] [Times: user=0.01 sys=0.00, real=0.00 secs] 
25.877: Total time for which application threads were stopped: 0.0020660 seconds, Stopping threads took: 0.0000770 seconds
25.941: Application time: 0.0633840 seconds
25.941: [GC25.941: [ParNew: 37075K->4112K(37632K), 0.0020710 secs] 83464K->53621K(121024K), 0.0021140 secs] [Times: user=0.01 sys=0.00, real=0.00 secs] 
25.943: Total time for which application threads were stopped: 0.0022550 seconds, Stopping threads took: 0.0000710 seconds
26.009: Application time: 0.0656990 seconds
26.009: [GC26.009: [ParNew: 37124K->4131K(37632K), 0.0016290 secs] 86633K->55688K(121024K), 0.0016620 secs] [Times: user=0.01 sys=0.00, real=0.00 secs] 
26.010: Total time for which application threads were stopped: 0.0018170 seconds, Stopping threads took: 0.0001000 seconds
26.069: Application time: 0.0585720 seconds
26.069: [GC26.069: [ParNew: 37603K->4120K(37632K), 0.0014570 secs] 89160K->56701K(121024K), 0.0014900 secs] [Times: user=0.01 sys=0.00, real=0.00 secs] 
26.071: Total time for which application threads were stopped: 0.0016320 seconds, Stopping threads took: 0.0000750 seconds
26.135: Application time: 0.0648700 seconds
26.136: [GC26.136: [ParNew: 37027K->4119K(37632K), 0.0010630 secs] 89608K->56700K(121024K), 0.0010920 secs] [Times: user=0.00 sys=0.00, real=0.00 secs] 
26.137: Total time for which application threads were stopped: 0.0012120 seconds, Stopping threads took: 0.0000680 seconds
26.196: Application time: 0.0595510 seconds
26.196: [GC26.196: [ParNew: 36745K->4130K(37632K), 0.0017500 secs] 89327K->58759K(121024K), 0.0017820 secs] [Times: user=0.01 sys=0.00, real=0.00 secs] 
26.198: Total time for which application threads were stopped: 0.0019200 seconds, Stopping threads took: 0.0000810 seconds
26.260: Application time: 0.0616380 seconds
26.260: [GC26.260: [ParNew: 36921K->4154K(37632K), 0.0014290 secs] 91550K->59807K(121024K), 0.0014580 secs] [Times: user=0.01 sys=0.00, real=0.00 secs] 
26.261: Total time for which application threads were stopped: 0.0015960 seconds, Stopping threads took: 0.0000730 seconds
26.321: Application time: 0.0596640 seconds
26.321: [GC26.321: [ParNew: 36662K->3116K(37632K), 0.0008970 secs] 92315K->58769K(121024K), 0.0009280 secs] [Times: user=0.01 sys=0.00, real=0.00 secs] 
26.322: Total time for which application threads were stopped: 0.0010780 seconds, Stopping threads took: 0.0000960 seconds
26.383: Application time: 0.0607100 seconds
26.383: [GC26.383: [ParNew: 35863K->4159K(37632K), 0.0010540 secs] 91516K->59893K(121024K), 0.0010830 secs] [Times: user=0.01 sys=0.00, real=0.00 secs] 
26.384: Total time for which application threads were stopped: 0.0012160 seconds, Stopping threads took: 0.0000740 seconds
26.441: Application time: 0.0564760 seconds
26.441: [GC26.441: [ParNew: 37014K->4156K(37632K), 0.0018870 secs] 92747K->63065K(121024K), 0.0019210 secs] [Times: user=0.01 sys=0.00, real=0.00 secs] 
26.443: Total time for which application threads were stopped: 0.0020500 seconds, Stopping threads took: 0.0000640 seconds
26.499: Application time: 0.0562250 seconds
26.499: [GC26.499: [ParNew: 37218K->4152K(37632K), 0.0019750 secs] 96127K->66241K(121024K), 0.0020140 secs] [Times: user=0.02 sys=0.00, real=0.00 secs] 
26.501: Total time for which application threads were stopped: 0.0021700 seconds, Stopping threads took: 0.0000980 seconds
26.565: Application time: 0.0641180 seconds
26.565: [GC26.565: [ParNew: 37265K->4142K(37632K), 0.0020300 secs] 99354K->69375K(121024K), 0.0020650 secs] [Times: user=0.02 sys=0.00, real=0.00 secs] 
26.567: Total time for which application threads were stopped: 0.0021920 seconds, Stopping threads took: 0.0000700 seconds
26.631: Application time: 0.0633650 seconds
26.631: [GC26.631: [ParNew: 37106K->4112K(37632K), 0.0019950 secs] 102340K->72473K(121024K), 0.0020280 secs] [Times: user=0.02 sys=0.00, real=0.00 secs] 
26.633: Total time for which application threads were stopped: 0.0021610 seconds, Stopping threads took: 0.0000740 seconds
26.698: Application time: 0.0650110 seconds
26.698: [GC26.698: [ParNew: 37096K->4136K(37632K), 0.0016200 secs] 105458K->74545K(121024K), 0.0016520 secs] [Times: user=0.01 sys=0.00, real=0.01 secs] 
26.700: Total time for which application threads were stopped: 0.0017710 seconds, Stopping threads took: 0.0000630 seconds
26.759: Application time: 0.0593630 seconds
26.759: [GC26.759: [ParNew: 36690K->4131K(37632K), 0.0012020 secs] 107100K->74540K(121024K), 0.0012320 secs] [Times: user=0.00 sys=0.00, real=0.00 secs] 
26.760: Total time for which application threads were stopped: 0.0013780 seconds, Stopping threads took: 0.0000910 seconds
26.823: Application time: 0.0629390 seconds
26.823: [GC26.823: [ParNew: 36894K->4138K(37632K), 0.0010680 secs] 107304K->74547K(121024K), 0.0010980 secs] [Times: user=0.00 sys=0.00, real=0.00 secs] 
26.825: Total time for which application threads were stopped: 0.0012140 seconds, Stopping threads took: 0.0000610 seconds
26.889: Application time: 0.0645460 seconds
26.891: [GC26.891: [ParNew: 37610K->4119K(37632K), 0.0016990 secs] 108019K->75553K(121024K), 0.0017320 secs] [Times: user=0.01 sys=0.00, real=0.00 secs] 
26.892: Total time for which application threads were stopped: 0.0033260 seconds, Stopping threads took: 0.0015260 seconds
26.956: Application time: 0.0634850 seconds
26.956: [GC26.956: [ParNew: 36671K->4114K(37632K), 0.0017880 secs] 108104K->77595K(121024K), 0.0018200 secs] [Times: user=0.01 sys=0.00, real=0.00 secs] 
26.958: Total time for which application threads were stopped: 0.0019770 seconds, Stopping threads took: 0.0000970 seconds
27.019: Application time: 0.0607930 seconds
27.019: [GC27.019: [ParNew: 36768K->4130K(37632K), 0.0014010 secs] 110249K->78635K(121024K), 0.0014320 secs] [Times: user=0.01 sys=0.00, real=0.00 secs] 
27.020: Total time for which application threads were stopped: 0.0015840 seconds, Stopping threads took: 0.0000920 seconds
27.082: Application time: 0.0619730 seconds
27.082: [GC27.082: [ParNew: 37113K->4159K(37632K), 0.0010980 secs] 111618K->78697K(121024K), 0.0011390 secs] [Times: user=0.00 sys=0.00, real=0.00 secs] 
27.084: Total time for which application threads were stopped: 0.0012800 seconds, Stopping threads took: 0.0000870 seconds
27.142: Application time: 0.0584460 seconds
27.142: [GC27.142: [ParNew: 37215K->4156K(37632K), 0.0017400 secs] 111753K->80902K(121024K), 0.0017740 secs] [Times: user=0.01 sys=0.00, real=0.00 secs] 
27.144: Total time for which application threads were stopped: 0.0018910 seconds, Stopping threads took: 0.0000620 seconds
27.202: Application time: 0.0585320 seconds
27.202: [GC27.202: [ParNew: 37044K->4140K(37632K), 0.0020820 secs] 113789K->84042K(121024K), 0.0021170 secs] [Times: user=0.02 sys=0.00, real=0.00 secs] 
27.205: Total time for which application threads were stopped: 0.0022400 seconds, Stopping threads took: 0.0000660 seconds
27.267: Application time: 0.0626300 seconds
27.267: [GC27.267: [ParNew: 37251K->4138K(37632K), 0.0020850 secs] 117153K->87168K(121024K), 0.0021190 secs] [Times: user=0.01 sys=0.00, real=0.00 secs] 
27.270: Total time for which application threads were stopped: 0.0022510 seconds, Stopping threads took: 0.0000730 seconds
27.335: Application time: 0.0650360 seconds
27.335: [GC27.335: [ParNew: 37090K->4119K(37632K), 0.0015090 secs]27.336: [Tenured: 84118K->12054K(84420K), 0.0081480 secs] 120120K->12054K(122052K), [Perm : 5496K->5496K(21248K)], 0.0097600 secs] [Times: user=0.01 sys=0.00, real=0.01 secs] 
27.344: Total time for which application threads were stopped: 0.0099400 seconds, Stopping threads took: 0.0001180 seconds
27.406: Application time: 0.0611050 seconds
27.406: [GC27.406: [ParNew: 32837K->4146K(37632K), 0.0014710 secs] 44892K->17225K(121024K), 0.0015080 secs] [Times: user=0.01 sys=0.00, real=0.00 secs] 
27.407: Total time for which application threads were stopped: 0.0016970 seconds, Stopping threads took: 0.0001230 seconds
27.470: Application time: 0.0623680 seconds
27.470: [GC27.470: [ParNew: 36876K->4137K(37632K), 0.0011310 secs] 49955K->17224K(121024K), 0.0011610 secs] [Times: user=0.01 sys=0.00, real=0.01 secs] 
27.471: Total time for which application threads were stopped: 0.0013030 seconds, Stopping threads took: 0.0000890 seconds
27.536: Application time: 0.0648390 seconds
27.536: [GC27.536: [ParNew: 37010K->3142K(37632K), 0.0008690 secs] 50096K->16229K(121024K), 0.0008990 secs] [Times: user=0.00 sys=0.00, real=0.00 secs] 
27.537: Total time for which application threads were stopped: 0.0010360 seconds, Stopping threads took: 0.0000840 seconds
27.592: Application time: 0.0554320 seconds
27.592: [GC27.592: [ParNew: 36224K->4134K(37632K), 0.0014790 secs] 49311K->18244K(121024K), 0.0015070 secs] [Times: user=0.01 sys=0.00, real=0.00 secs] 
27.594: Total time for which application threads were stopped: 0.0016280 seconds, Stopping threads took: 0.0000690 seconds
27.653: Application time: 0.0594950 seconds
27.654: [GC27.654: [ParNew: 36870K->4116K(37632K), 0.0016570 secs] 50980K->20274K(121024K), 0.0016900 secs] [Times: user=0.01 sys=0.00, real=0.00 secs] 
27.655: Total time for which application threads were stopped: 0.0018620 seconds, Stopping threads took: 0.0001160 seconds
27.717: Application time: 0.0617020 seconds
27.717: [GC27.717: [ParNew: 36880K->4150K(37632K), 0.0013910 secs] 53039K->21332K(121024K), 0.0014220 secs] [Times: user=0.01 sys=0.00, real=0.00 secs] 
27.719: Total time for which application threads were stopped: 0.0015440 seconds, Stopping threads took: 0.0000630 seconds
27.783: Application time: 0.0640170 seconds
27.783: [GC27.783: [ParNew: 37329K->4156K(37632K), 0.0015410 secs] 54511K->23402K(121024K), 0.0015710 secs] [Times: user=0.01 sys=0.00, real=0.00 secs] 
27.784: Total time for which application threads were stopped: 0.0017300 seconds, Stopping threads took: 0.0001030 seconds
27.846: Application time: 0.0613020 seconds
27.846: [GC27.846: [ParNew: 37459K->4158K(37632K), 0.0011020 secs] 56706K->23621K(121024K), 0.0011330 secs] [Times: user=0.01 sys=0.00, real=0.00 secs] 
27.847: Total time for which application threads were stopped: 0.0012450 seconds, Stopping threads took: 0.0000600 seconds
27.907: Application time: 0.0601450 seconds
27.907: [GC27.907: [ParNew: 36690K->4121K(37632K), 0.0016810 secs] 56153K->25691K(121024K), 0.0017210 secs] [Times: user=0.01 sys=0.00, real=0.00 secs] 
27.909: Total time for which application threads were stopped: 0.0018590 seconds, Stopping threads took: 0.0000770 seconds
27.970: Application time: 0.0606860 seconds
27.970: [GC27.970: [ParNew: 37080K->4144K(37632K), 0.0016890 secs] 58651K->27771K(121024K), 0.0017240 secs] [Times: user=0.01 sys=0.00, real=0.01 secs] 
27.971: Total time for which application threads were stopped: 0.0018740 seconds, Stopping threads took: 0.0000910 seconds
28.032: Application time: 0.0607330 seconds
28.032: [GC28.032: [ParNew: 36994K->4133K(37632K), 0.0017170 secs] 60621K->29856K(121024K), 0.0017500 secs] [Times: user=0.01 sys=0.00, real=0.00 secs] 
28.034: Total time for which application threads were stopped: 0.0018740 seconds, Stopping threads took: 0.0000680 seconds
28.097: Application time: 0.0633810 seconds
28.097: [GC28.098: [ParNew: 36930K->4140K(37632K), 0.0011040 secs] 62653K->29863K(121024K), 0.0011350 secs] [Times: user=0.00 sys=0.00, real=0.01 secs] 
28.099: Total time for which application threads were stopped: 0.0012740 seconds, Stopping threads took: 0.0000830 seconds
28.161: Application time: 0.0627280 seconds
28.162: [GC28.162: [ParNew: 36862K->3144K(37632K), 0.0008820 secs] 62585K->28867K(121024K), 0.0009110 secs] [Times: user=0.01 sys=0.00, real=0.00 secs] 
28.162: Total time for which application threads were stopped: 0.0010550 seconds, Stopping threads took: 0.0000910 seconds
28.222: Application time: 0.0593040 seconds
28.223: [GC28.223: [ParNew: 36608K->4118K(37632K), 0.0011330 secs] 62331K->29841K(121024K), 0.0011620 secs] [Times: user=0.01 sys=0.00, real=0.00 secs] 
28.224: Total time for which application threads were stopped: 0.0021240 seconds, Stopping threads took: 0.0009100 seconds
28.282: Application time: 0.0585800 seconds
28.283: [GC28.283: [ParNew: 36711K->4116K(37632K), 0.0015480 secs] 62434K->31887K(121024K), 0.0015790 secs] [Times: user=0.01 sys=0.00, real=0.00 secs] 
28.284: Total time for which application threads were stopped: 0.0017040 seconds, Stopping threads took: 0.0000710 seconds
28.343: Application time: 0.0588290 seconds
28.343: [GC28.343: [ParNew: 36911K->4112K(37632K), 0.0017260 secs] 64683K->33931K(121024K), 0.0017600 secs] [Times: user=0.01 sys=0.00, real=0.00 secs] 
28.345: Total time for which application threads were stopped: 0.0019210 seconds, Stopping threads took: 0.0001060 seconds
28.407: Application time: 0.0625710 seconds
28.408: [GC28.408: [ParNew: 37056K->4111K(37632K), 0.0017140 secs] 66875K->35978K(121024K), 0.0017440 secs] [Times: user=0.01 sys=0.00, real=0.00 secs] 
28.409: Total time for which application threads were stopped: 0.0018810 seconds, Stopping threads took: 0.0000820 seconds
28.471: Application time: 0.0619340 seconds
28.475: [GC28.475: [ParNew: 37135K->4158K(37632K), 0.0015110 secs] 69003K->37105K(121024K), 0.0015440 secs] [Times: user=0.01 sys=0.00, real=0.00 secs] 
28.476: Total time for which application threads were stopped: 0.0049510 seconds, Stopping threads took: 0.0033440 seconds
28.540: Application time: 0.0636400 seconds
28.540: [GC28.540: [ParNew: 37496K->4158K(37632K), 0.0010760 secs] 70443K->37274K(121024K), 0.0011080 secs] [Times: user=0.00 sys=0.00, real=0.00 secs] 
28.541: Total time for which application threads were stopped: 0.0012600 seconds, Stopping threads took: 0.0000970 seconds
28.599: Application time: 0.0573500 seconds
28.599: [GC28.599: [ParNew: 36635K->4115K(37632K), 0.0014000 secs] 69751K->38318K(121024K), 0.0014330 secs] [Times: user=0.01 sys=0.00, real=0.00 secs] 
28.600: Total time for which application threads were stopped: 0.0015760 seconds, Stopping threads took: 0.0000880 seconds
28.660: Application time: 0.0595560 seconds
28.660: [GC28.660: [ParNew: 37014K->4142K(37632K), 0.0019330 secs] 71217K->41417K(121024K), 0.0019670 secs] [Times: user=0.01 sys=0.00, real=0.00 secs] 
28.662: Total time for which application threads were stopped: 0.0021220 seconds, Stopping threads took: 0.0000890 seconds
28.725: Application time: 0.0628970 seconds
28.725: [GC28.725: [ParNew: 37077K->4115K(37632K), 0.0017170 secs] 74352K->43478K(121024K), 0.0017500 secs] [Times: user=0.01 sys=0.00, real=0.00 secs] 
28.727: Total time for which application threads were stopped: 0.0019130 seconds, Stopping threads took: 0.0000960 seconds
28.789: Application time: 0.0622810 seconds
28.789: [GC28.789: [ParNew: 36886K->4132K(37632K), 0.0014690 secs] 76249K->44520K(121024K), 0.0015020 secs] [Times: user=0.01 sys=0.00, real=0.00 secs] 
28.790: Total time for which application threads were stopped: 0.0016240 seconds, Stopping threads took: 0.0000650 seconds
28.854: Application time: 0.0633550 seconds
28.854: [GC28.854: [ParNew: 36894K->3130K(37632K), 0.0008180 secs] 77282K->43518K(121024K), 0.0008470 secs] [Times: user=0.01 sys=0.00, real=0.00 secs] 
28.855: Total time for which application threads were stopped: 0.0009880 seconds, Stopping threads took: 0.0000880 seconds
28.916: Application time: 0.0613300 seconds
28.916: [GC28.916: [ParNew: 35636K->3129K(37632K), 0.0007790 secs] 76023K->43516K(121024K), 0.0008090 secs] [Times: user=0.00 sys=0.00, real=0.00 secs] 
28.917: Total time for which application threads were stopped: 0.0009140 seconds, Stopping threads took: 0.0000520 seconds
28.972: Application time: 0.0547790 seconds
28.972: [GC28.972: [ParNew: 36534K->4116K(37632K), 0.0016680 secs] 76922K->46551K(121024K), 0.0016980 secs] [Times: user=0.01 sys=0.00, real=0.00 secs] 
28.974: Total time for which application threads were stopped: 0.0018450 seconds, Stopping threads took: 0.0000920 seconds
29.033: Application time: 0.0596230 seconds
29.033: [GC29.033: [ParNew: 36941K->4114K(37632K), 0.0018970 secs] 79376K->49621K(121024K), 0.0019310 secs] [Times: user=0.02 sys=0.00, real=0.00 secs] 
29.035: Total time for which application threads were stopped: 0.0020900 seconds, Stopping threads took: 0.0000940 seconds
29.099: Application time: 0.0633560 seconds
29.099: [GC29.099: [ParNew: 37061K->4114K(37632K), 0.0014180 secs] 82569K->50646K(121024K), 0.0014480 secs] [Times: user=0.01 sys=0.00, real=0.00 secs] 
29.100: Total time for which application threads were stopped: 0.0015790 seconds, Stopping threads took: 0.0000770 seconds
29.162: Application time: 0.0618910 seconds
29.162: [GC29.162: [ParNew: 37136K->4157K(37632K), 0.0013350 secs] 83668K->51728K(121024K), 0.0013680 secs] [Times: user=0.01 sys=0.00, real=0.00 secs] 
29.164: Total time for which application threads were stopped: 0.0015190 seconds, Stopping threads took: 0.0000930 seconds
29.228: Application time: 0.0641210 seconds
29.228: [GC29.228: [ParNew: 37628K->4152K(37632K), 0.0013420 secs] 85199K->52936K(121024K), 0.0013710 secs] [Times: user=0.01 sys=0.00, real=0.00 secs] 
29.229: Total time for which application threads were stopped: 0.0014790 seconds, Stopping threads took: 0.0000560 seconds
29.288: Application time: 0.0582560 seconds
29.288: [GC29.288: [ParNew: 36670K->4120K(37632K), 0.0014410 secs] 85454K->53988K(121024K), 0.0014750 secs] [Times: user=0.01 sys=0.00, real=0.00 secs] 
29.289: Total time for which application threads were stopped: 0.0015990 seconds, Stopping threads took: 0.0000670 seconds
29.347: Application time: 0.0582560 seconds
29.348: [GC29.348: [ParNew: 36875K->4140K(37632K), 0.0019200 secs] 86743K->57080K(121024K), 0.0019540 secs] [Times: user=0.02 sys=0.00, real=0.00 secs] 
29.350: Total time for which application threads were stopped: 0.0020830 seconds, Stopping threads took: 0.0000710 seconds
29.413: Application time: 0.0633880 seconds
29.413: [GC29.413: [ParNew: 37109K->4117K(37632K), 0.0017650 secs] 90049K->59153K(121024K), 0.0018010 secs] [Times: user=0.02 sys=0.00, real=0.00 secs] 
29.415: Total time for which application threads were stopped: 0.0019390 seconds, Stopping threads took: 0.0000790 seconds
29.478: Application time: 0.0625920 seconds
29.478: [GC29.478: [ParNew: 36946K->4133K(37632K), 0.0013960 secs] 91982K->60193K(121024K), 0.0014320 secs] [Times: user=0.01 sys=0.00, real=0.01 secs] 
29.479: Total time for which application threads were stopped: 0.0015730 seconds, Stopping threads took: 0.0000710 seconds
29.541: Application time: 0.0618180 seconds
29.541: [GC29.541: [ParNew: 36722K->3098K(37632K), 0.0008740 secs] 92782K->59158K(121024K), 0.0009040 secs] [Times: user=0.01 sys=0.00, real=0.00 secs] 
29.542: Total time for which application threads were stopped: 0.0010340 seconds, Stopping threads took: 0.0000670 seconds
29.604: Application time: 0.0620820 seconds
29.604: [GC29.604: [ParNew: 35561K->3130K(37632K), 0.0008740 secs] 91621K->59190K(121024K), 0.0009040 secs] [Times: user=0.01 sys=0.00, real=0.00 secs] 
29.605: Total time for which application threads were stopped: 0.0010390 seconds, Stopping threads took: 0.0000830 seconds
29.660: Application time: 0.0553840 seconds
29.661: [GC29.661: [ParNew: 35580K->4112K(37632K), 0.0019020 secs] 91640K->63244K(121024K), 0.0019370 secs] [Times: user=0.02 sys=0.00, real=0.00 secs] 
29.663: Total time for which application threads were stopped: 0.0020700 seconds, Stopping threads took: 0.0000760 seconds
29.724: Application time: 0.0615760 seconds
29.724: [GC29.724: [ParNew: 37046K->4114K(37632K), 0.0018100 secs] 96178K->66318K(121024K), 0.0018430 secs] [Times: user=0.01 sys=0.00, real=0.00 secs] 
29.726: Total time for which application threads were stopped: 0.0019740 seconds, Stopping threads took: 0.0000740 seconds
29.787: Application time: 0.0609960 seconds
29.787: [GC29.787: [ParNew: 36764K->4110K(37632K), 0.0017900 secs] 98968K->68362K(121024K), 0.0018220 secs] [Times: user=0.01 sys=0.00, real=0.00 secs] 
29.789: Total time for which application threads were stopped: 0.0020920 seconds, Stopping threads took: 0.0002120 seconds
29.855: Application time: 0.0660580 seconds
29.855: [GC29.855: [ParNew: 37291K->4159K(37632K), 0.0017030 secs] 101543K->70475K(121024K), 0.0017370 secs] [Times: user=0.01 sys=0.00, real=0.00 secs] 
29.857: Total time for which application threads were stopped: 0.0018660 seconds, Stopping threads took: 0.0000750 seconds
29.920: Application time: 0.0633090 seconds
29.921: [GC29.921: [ParNew: 37533K->4158K(37632K), 0.0017140 secs] 103849K->72658K(121024K), 0.0017480 secs] [Times: user=0.01 sys=0.00, real=0.00 secs] 
29.922: Total time for which application threads were stopped: 0.0018750 seconds, Stopping threads took: 0.0000720 seconds
29.982: Application time: 0.0593800 seconds
29.982: [GC29.982: [ParNew: 36905K->4148K(37632K), 0.0014920 secs] 105405K->73772K(121024K), 0.0015240 secs] [Times: user=0.01 sys=0.00, real=0.00 secs] 
29.983: Total time for which application threads were stopped: 0.0016540 seconds, Stopping threads took: 0.0000730 seconds
30.045: Application time: 0.0621100 seconds
30.046: [GC30.046: [ParNew: 37033K->4146K(37632K), 0.0014300 secs] 106657K->74851K(121024K), 0.0014620 secs] [Times: user=0.01 sys=0.00, real=0.00 secs] 
30.047: Total time for which application threads were stopped: 0.0016240 seconds, Stopping threads took: 0.0000960 seconds
30.108: Application time: 0.0610020 seconds
30.108: [GC30.108: [ParNew: 36774K->4116K(37632K), 0.0011860 secs] 107478K->74869K(121024K), 0.0012150 secs] [Times: user=0.01 sys=0.00, real=0.00 secs] 
30.109: Total time for which application threads were stopped: 0.0013430 seconds, Stopping threads took: 0.0000770 seconds
30.171: Application time: 0.0616690 seconds
30.171: [GC30.171: [ParNew: 36918K->4151K(37632K), 0.0013860 secs] 107671K->75928K(121024K), 0.0014120 secs] [Times: user=0.01 sys=0.00, real=0.00 secs] 
30.173: Total time for which application threads were stopped: 0.0015420 seconds, Stopping threads took: 0.0000750 seconds
30.232: Application time: 0.0596640 seconds
30.232: [GC30.232: [ParNew: 36649K->3114K(37632K), 0.0009290 secs] 108425K->74891K(121024K), 0.0009560 secs] [Times: user=0.00 sys=0.00, real=0.00 secs] 
30.233: Total time for which application threads were stopped: 0.0010950 seconds, Stopping threads took: 0.0000870 seconds
30.292: Application time: 0.0583140 seconds
30.292: [GC30.292: [ParNew: 36573K->4118K(37632K), 0.0014760 secs] 108349K->76918K(121024K), 0.0015190 secs] [Times: user=0.01 sys=0.00, real=0.00 secs] 
30.293: Total time for which application threads were stopped: 0.0016380 seconds, Stopping threads took: 0.0000610 seconds
30.356: Application time: 0.0623130 seconds
30.356: [GC30.356: [ParNew: 37013K->4120K(37632K), 0.0015800 secs] 109813K->78968K(121024K), 0.0016110 secs] [Times: user=0.02 sys=0.00, real=0.00 secs] 
30.357: Total time for which application threads were stopped: 0.0017460 seconds, Stopping threads took: 0.0000800 seconds
30.415: Application time: 0.0580560 seconds
30.416: [GC30.416: [ParNew: 36940K->4126K(37632K), 0.0018170 secs] 111789K->81022K(121024K), 0.0018500 secs] [Times: user=0.01 sys=0.00, real=0.00 secs] 
30.417: Total time for which application threads were stopped: 0.0019990 seconds, Stopping threads took: 0.0000930 seconds
30.484: Application time: 0.0660420 seconds
30.487: [GC30.487: [ParNew: 37077K->4117K(37632K), 0.0014430 secs] 113973K->82037K(121024K), 0.0014740 secs] [Times: user=0.01 sys=0.00, real=0.00 secs] 
30.488: Total time for which application threads were stopped: 0.0047010 seconds, Stopping threads took: 0.0031730 seconds
30.550: Application time: 0.0617970 seconds
30.550: [GC30.550: [ParNew: 37098K->4159K(37632K), 0.0012870 secs] 115018K->82131K(121024K), 0.0013160 secs] [Times: user=0.01 sys=0.00, real=0.01 secs] 
30.551: Total time for which application threads were stopped: 0.0014580 seconds, Stopping threads took: 0.0000810 seconds
30.612: Application time: 0.0609490 seconds
30.613: [GC30.613: [ParNew: 37364K->4159K(37632K), 0.0011210 secs] 115336K->82292K(121024K), 0.0011530 secs] [Times: user=0.01 sys=0.00, real=0.00 secs] 
30.614: Total time for which application threads were stopped: 0.0012820 seconds, Stopping threads took: 0.0000750 seconds
30.674: Application time: 0.0599430 seconds
30.674: [GC30.674: [ParNew: 36784K->4116K(37632K), 0.0014320 secs] 114917K->83376K(121024K), 0.0014600 secs] [Times: user=0.01 sys=0.00, real=0.00 secs] 
30.675: Total time for which application threads were stopped: 0.0015880 seconds, Stopping threads took: 0.0000740 seconds
30.732: Application time: 0.0566610 seconds
30.735: [GC30.735: [ParNew: 36763K->4144K(37632K), 0.0017170 secs] 116024K->85453K(121024K), 0.0017530 secs] [Times: user=0.01 sys=0.00, real=0.00 secs] 
30.736: Total time for which application threads were stopped: 0.0045910 seconds, Stopping threads took: 0.0027820 seconds
30.799: Application time: 0.0629670 seconds
30.800: [GC30.800: [ParNew: 37059K->4112K(37632K), 0.0017260 secs]30.801: [Tenured: 83396K->13242K(83584K), 0.0083390 secs] 118368K->13242K(121216K), [Perm : 5496K->5496K(21248K)], 0.0101400 secs] [Times: user=0.02 sys=0.00, real=0.00 secs] 
30.810: Total time for which application threads were stopped: 0.0103060 seconds, Stopping threads took: 0.0001030 seconds
30.871: Application time: 0.0614450 seconds
30.871: [GC30.871: [ParNew: 32756K->4115K(37632K), 0.0016930 secs] 45998K->19405K(121024K), 0.0017280 secs] [Times: user=0.01 sys=0.00, real=0.00 secs] 
30.873: Total time for which application threads were stopped: 0.0018750 seconds, Stopping threads took: 0.0000910 seconds
30.933: Application time: 0.0599340 seconds
30.933: [GC30.933: [ParNew: 36739K->4152K(37632K), 0.0014400 secs] 52029K->20474K(121024K), 0.0014740 secs] [Times: user=0.01 sys=0.01, real=0.00 secs] 
30.935: Total time for which application threads were stopped: 0.0016080 seconds, Stopping threads took: 0.0000770 seconds
30.998: Application time: 0.0629310 seconds
30.998: [GC30.998: [ParNew: 36975K->4116K(37632K), 0.0012600 secs] 53297K->21462K(121024K), 0.0012930 secs] [Times: user=0.01 sys=0.00, real=0.01 secs] 
30.999: Total time for which application threads were stopped: 0.0014370 seconds, Stopping threads took: 0.0000880 seconds
31.056: Application time: 0.0569240 seconds
31.056: [GC31.056: [ParNew: 36631K->4115K(37632K), 0.0016810 secs] 53977K->23509K(121024K), 0.0017140 secs] [Times: user=0.02 sys=0.00, real=0.00 secs] 
31.058: Total time for which application threads were stopped: 0.0018590 seconds, Stopping threads took: 0.0000750 seconds
31.121: Application time: 0.0631050 seconds
31.121: [GC31.121: [ParNew: 37046K->4124K(37632K), 0.0015320 secs] 56440K->25566K(121024K), 0.0015730 secs] [Times: user=0.01 sys=0.00, real=0.00 secs] 
31.123: Total time for which application threads were stopped: 0.0017090 seconds, Stopping threads took: 0.0000730 seconds
31.181: Application time: 0.0581210 seconds
31.181: [GC31.181: [ParNew: 36816K->4147K(37632K), 0.0014470 secs] 58259K->26613K(121024K), 0.0014780 secs] [Times: user=0.01 sys=0.00, real=0.00 secs] 
31.182: Total time for which application threads were stopped: 0.0016390 seconds, Stopping threads took: 0.0001050 seconds
31.246: Application time: 0.0634540 seconds
31.246: [GC31.246: [ParNew: 37147K->4152K(37632K), 0.0014240 secs] 59613K->27682K(121024K), 0.0014530 secs] [Times: user=0.01 sys=0.00, real=0.00 secs] 
31.247: Total time for which application threads were stopped: 0.0015750 seconds, Stopping threads took: 0.0000660 seconds
31.310: Application time: 0.0630560 seconds
31.311: [GC31.311: [ParNew: 37535K->4158K(37632K), 0.0010480 secs] 61065K->27844K(121024K), 0.0010870 secs] [Times: user=0.01 sys=0.00, real=0.01 secs] 
31.312: Total time for which application threads were stopped: 0.0012200 seconds, Stopping threads took: 0.0000790 seconds
31.372: Application time: 0.0602960 seconds
31.372: [GC31.372: [ParNew: 36805K->4138K(37632K), 0.0014210 secs] 60492K->28928K(121024K), 0.0014510 secs] [Times: user=0.01 sys=0.00, real=0.00 secs] 
31.374: Total time for which application threads were stopped: 0.0015920 seconds, Stopping threads took: 0.0000880 seconds
31.429: Application time: 0.0558330 seconds
31.430: [GC31.430: [ParNew: 36743K->4144K(37632K), 0.0017430 secs] 61534K->30982K(121024K), 0.0017770 secs] [Times: user=0.01 sys=0.00, real=0.01 secs] 
31.431: Total time for which application threads were stopped: 0.0019030 seconds, Stopping threads took: 0.0000690 seconds
31.494: Application time: 0.0624740 seconds
31.494: [GC31.494: [ParNew: 37004K->4131K(37632K), 0.0016790 secs] 63842K->33081K(121024K), 0.0017120 secs] [Times: user=0.01 sys=0.00, real=0.00 secs] 
31.496: Total time for which application threads were stopped: 0.0018430 seconds, Stopping threads took: 0.0000740 seconds
31.558: Application time: 0.0626590 seconds
31.563: [GC31.563: [ParNew: 36978K->4116K(37632K), 0.0014090 secs] 65928K->34090K(121024K), 0.0014390 secs] [Times: user=0.01 sys=0.00, real=0.00 secs] 
31.564: Total time for which application threads were stopped: 0.0058420 seconds, Stopping threads took: 0.0043380 seconds
31.624: Application time: 0.0597650 seconds
31.624: [GC31.624: [ParNew: 36710K->4153K(37632K), 0.0012280 secs] 66685K->34128K(121024K), 0.0012600 secs] [Times: user=0.01 sys=0.00, real=0.00 secs] 
31.625: Total time for which application threads were stopped: 0.0013840 seconds, Stopping threads took: 0.0000650 seconds
31.687: Application time: 0.0616250 seconds
31.687: [GC31.687: [ParNew: 36845K->4139K(37632K), 0.0010310 secs] 66820K->34113K(121024K), 0.0010610 secs] [Times: user=0.01 sys=0.00, real=0.00 secs] 
31.688: Total time for which application threads were stopped: 0.0012130 seconds, Stopping threads took: 0.0000980 seconds
31.748: Application time: 0.0597140 seconds
31.748: [GC31.748: [ParNew: 36777K->4116K(37632K), 0.0015100 secs] 66752K->36138K(121024K), 0.0015430 secs] [Times: user=0.01 sys=0.00, real=0.00 secs] 
31.750: Total time for which application threads were stopped: 0.0016720 seconds, Stopping threads took: 0.0000710 seconds
31.810: Application time: 0.0604420 seconds
31.810: [GC31.810: [ParNew: 36973K->4116K(37632K), 0.0016120 secs] 68995K->38187K(121024K), 0.0016440 secs] [Times: user=0.01 sys=0.00, real=0.01 secs] 
31.812: Total time for which application threads were stopped: 0.0018150 seconds, Stopping threads took: 0.0001140 seconds
31.869: Application time: 0.0574980 seconds
31.869: [GC31.869: [ParNew: 36607K->4120K(37632K), 0.0013750 secs] 70678K->39214K(121024K), 0.0014070 secs] [Times: user=0.01 sys=0.00, real=0.01 secs] 
31.871: Total time for which application threads were stopped: 0.0015450 seconds, Stopping threads took: 0.0000700 seconds
31.935: Application time: 0.0641400 seconds
31.935: [GC31.935: [ParNew: 37240K->4159K(37632K), 0.0011020 secs] 72335K->39274K(121024K), 0.0011330 secs] [Times: user=0.01 sys=0.00, real=0.00 secs] 
31.936: Total time for which application threads were stopped: 0.0012510 seconds, Stopping threads took: 0.0000630 seconds
31.996: Application time: 0.0593600 seconds
31.996: [GC31.996: [ParNew: 37177K->4156K(37632K), 0.0017580 secs] 72292K->41455K(121024K), 0.0017920 secs] [Times: user=0.01 sys=0.00, real=0.00 secs] 
31.998: Total time for which application threads were stopped: 0.0019160 seconds, Stopping threads took: 0.0000660 seconds
32.060: Application time: 0.0623930 seconds
32.060: [GC32.060: [ParNew: 37178K->4154K(37632K), 0.0013810 secs] 74477K->42557K(121024K), 0.0014120 secs] [Times: user=0.01 sys=0.00, real=0.00 secs] 
32.061: Total time for which application threads were stopped: 0.0015500 seconds, Stopping threads took: 0.0000860 seconds
32.120: Application time: 0.0583860 seconds
32.120: [GC32.120: [ParNew: 36912K->4146K(37632K), 0.0013650 secs] 75315K->43677K(121024K), 0.0013970 secs] [Times: user=0.01 sys=0.00, real=0.00 secs] 
32.121: Total time for which application threads were stopped: 0.0015380 seconds, Stopping threads took: 0.0000770 seconds
32.184: Application time: 0.0630650 seconds
32.185: [GC32.185: [ParNew: 36996K->4130K(37632K), 0.0016310 secs] 76527K->45749K(121024K), 0.0016620 secs] [Times: user=0.01 sys=0.00, real=0.00 secs] 
32.186: Total time for which application threads were stopped: 0.0017870 seconds, Stopping threads took: 0.0000680 seconds
32.246: Application time: 0.0596840 seconds
32.246: [GC32.246: [ParNew: 36904K->4118K(37632K), 0.0016940 secs] 78523K->47785K(121024K), 0.0017280 secs] [Times: user=0.01 sys=0.00, real=0.00 secs] 
32.248: Total time for which application threads were stopped: 0.0018710 seconds, Stopping threads took: 0.0000870 seconds
32.312: Application time: 0.0637590 seconds
32.312: [GC32.312: [ParNew: 36936K->4119K(37632K), 0.0013610 secs] 80603K->48810K(121024K), 0.0013910 secs] [Times: user=0.01 sys=0.00, real=0.00 secs] 
32.313: Total time for which application threads were stopped: 0.0015250 seconds, Stopping threads took: 0.0000830 seconds
32.372: Application time: 0.0588840 seconds
32.372: [GC32.372: [ParNew: 36604K->4135K(37632K), 0.0011000 secs] 81295K->48826K(121024K), 0.0011310 secs] [Times: user=0.01 sys=0.00, real=0.00 secs] 
32.373: Total time for which application threads were stopped: 0.0012500 seconds, Stopping threads took: 0.0000650 seconds
32.430: Application time: 0.0565620 seconds
32.430: [GC32.430: [ParNew: 36714K->4112K(37632K), 0.0020320 secs] 81405K->51875K(121024K), 0.0020650 secs] [Times: user=0.02 sys=0.00, real=0.01 secs] 
32.432: Total time for which application threads were stopped: 0.0022000 seconds, Stopping threads took: 0.0000790 seconds
32.497: Application time: 0.0653040 seconds
32.497: [GC32.497: [ParNew: 37109K->4128K(37632K), 0.0017030 secs] 84873K->53939K(121024K), 0.0017370 secs] [Times: user=0.01 sys=0.00, real=0.01 secs] 
32.499: Total time for which application threads were stopped: 0.0018760 seconds, Stopping threads took: 0.0000830 seconds
32.559: Application time: 0.0593720 seconds
32.559: [GC32.559: [ParNew: 36738K->4158K(37632K), 0.0010730 secs] 86549K->53985K(121024K), 0.0011060 secs] [Times: user=0.01 sys=0.00, real=0.00 secs] 
32.560: Total time for which application threads were stopped: 0.0012670 seconds, Stopping threads took: 0.0001070 seconds
32.622: Application time: 0.0626780 seconds
32.623: [GC32.623: [ParNew: 37101K->3174K(37632K), 0.0008820 secs] 86928K->53001K(121024K), 0.0009110 secs] [Times: user=0.01 sys=0.00, real=0.00 secs] 
32.624: Total time for which application threads were stopped: 0.0010450 seconds, Stopping threads took: 0.0000680 seconds
32.680: Application time: 0.0560270 seconds
32.680: [GC32.680: [ParNew: 35971K->4154K(37632K), 0.0019900 secs] 85798K->57173K(121024K), 0.0020350 secs] [Times: user=0.02 sys=0.00, real=0.00 secs] 
32.682: Total time for which application threads were stopped: 0.0021580 seconds, Stopping threads took: 0.0000650 seconds
32.746: Application time: 0.0644750 seconds
32.746: [GC32.746: [ParNew: 37391K->4159K(37632K), 0.0015860 secs] 90410K->59347K(121024K), 0.0016170 secs] [Times: user=0.01 sys=0.00, real=0.00 secs] 
32.748: Total time for which application threads were stopped: 0.0017440 seconds, Stopping threads took: 0.0000710 seconds
32.807: Application time: 0.0589980 seconds
32.807: [GC32.807: [ParNew: 37004K->4145K(37632K), 0.0014510 secs] 92191K->60437K(121024K), 0.0014830 secs] [Times: user=0.01 sys=0.00, real=0.00 secs] 
32.809: Total time for which application threads were stopped: 0.0016310 seconds, Stopping threads took: 0.0000940 seconds
32.870: Application time: 0.0618490 seconds
32.871: [GC32.871: [ParNew: 36932K->4130K(37632K), 0.0016550 secs] 93223K->62518K(121024K), 0.0016950 secs] [Times: user=0.01 sys=0.00, real=0.01 secs] 
32.872: Total time for which application threads were stopped: 0.0018510 seconds, Stopping threads took: 0.0000980 seconds
32.933: Application time: 0.0606350 seconds
32.933: [GC32.933: [ParNew: 36849K->4129K(37632K), 0.0014250 secs] 95236K->63540K(121024K), 0.0014550 secs] [Times: user=0.01 sys=0.00, real=0.00 secs] 
32.935: Total time for which application threads were stopped: 0.0015770 seconds, Stopping threads took: 0.0000660 seconds
32.998: Application time: 0.0635740 seconds
32.998: [GC32.998: [ParNew: 36899K->3105K(37632K), 0.0008280 secs] 96311K->62516K(121024K), 0.0008590 secs] [Times: user=0.01 sys=0.00, real=0.01 secs] 
32.999: Total time for which application threads were stopped: 0.0009640 seconds, Stopping threads took: 0.0000540 seconds
33.057: Application time: 0.0578070 seconds
33.057: [GC33.057: [ParNew: 36569K->4122K(37632K), 0.0014520 secs] 95981K->64557K(121024K), 0.0014840 secs] [Times: user=0.01 sys=0.00, real=0.00 secs] 
33.058: Total time for which application threads were stopped: 0.0016130 seconds, Stopping threads took: 0.0000750 seconds
33.118: Application time: 0.0597310 seconds
33.118: [GC33.118: [ParNew: 36910K->4114K(37632K), 0.0019420 secs] 97346K->67621K(121024K), 0.0019730 secs] [Times: user=0.02 sys=0.00, real=0.01 secs] 
33.120: Total time for which application threads were stopped: 0.0021130 seconds, Stopping threads took: 0.0000840 seconds
33.182: Application time: 0.0620890 seconds
33.183: [GC33.183: [ParNew: 36991K->4133K(37632K), 0.0014210 secs] 100499K->68664K(121024K), 0.0014530 secs] [Times: user=0.01 sys=0.00, real=0.00 secs] 
33.184: Total time for which application threads were stopped: 0.0016010 seconds, Stopping threads took: 0.0000840 seconds
33.244: Application time: 0.0601320 seconds
33.244: [GC33.244: [ParNew: 36839K->4132K(37632K), 0.0013750 secs] 101371K->69687K(121024K), 0.0014070 secs] [Times: user=0.01 sys=0.00, real=0.00 secs] 
33.246: Total time for which application threads were stopped: 0.0015530 seconds, Stopping threads took: 0.0000890 seconds
33.309: Application time: 0.0635520 seconds
33.309: [GC33.309: [ParNew: 37120K->4159K(37632K), 0.0010470 secs] 102675K->69747K(121024K), 0.0010770 secs] [Times: user=0.00 sys=0.00, real=0.00 secs] 
33.310: Total time for which application threads were stopped: 0.0011940 seconds, Stopping threads took: 0.0000650 seconds
33.366: Application time: 0.0559780 seconds
33.367: [GC33.367: [ParNew: 37041K->4158K(37632K), 0.0017930 secs] 102629K->71902K(121024K), 0.0018270 secs] [Times: user=0.02 sys=0.00, real=0.00 secs] 
33.368: Total time for which application threads were stopped: 0.0019530 seconds, Stopping threads took: 0.0000680 seconds
33.432: Application time: 0.0639330 seconds
33.432: [GC33.432: [ParNew: 37321K->4154K(37632K), 0.0016310 secs] 105065K->74066K(121024K), 0.0016620 secs] [Times: user=0.01 sys=0.00, real=0.00 secs] 
33.434: Total time for which application threads were stopped: 0.0017890 seconds, Stopping threads took: 0.0000710 seconds
33.495: Application time: 0.0606570 seconds
33.495: [GC33.495: [ParNew: 37053K->4159K(37632K), 0.0012050 secs] 106965K->74159K(121024K), 0.0012420 secs] [Times: user=0.01 sys=0.00, real=0.00 secs] 
33.496: Total time for which application threads were stopped: 0.0013760 seconds, Stopping threads took: 0.0000800 seconds
33.556: Application time: 0.0602740 seconds
33.557: [GC33.557: [ParNew: 36762K->4119K(37632K), 0.0014830 secs] 106762K->75175K(121024K), 0.0015150 secs] [Times: user=0.01 sys=0.00, real=0.00 secs] 
33.558: Total time for which application threads were stopped: 0.0016850 seconds, Stopping threads took: 0.0001140 seconds
33.619: Application time: 0.0609110 seconds
33.623: [GC33.623: [ParNew: 36840K->4151K(37632K), 0.0011520 secs] 107896K->75207K(121024K), 0.0011840 secs] [Times: user=0.01 sys=0.00, real=0.00 secs] 
33.624: Total time for which application threads were stopped: 0.0048790 seconds, Stopping threads took: 0.0036400 seconds
33.684: Application time: 0.0600450 seconds
33.684: [GC33.684: [ParNew: 36700K->4139K(37632K), 0.0010910 secs] 107756K->75195K(121024K), 0.0011230 secs] [Times: user=0.01 sys=0.01, real=0.00 secs] 
33.685: Total time for which application threads were stopped: 0.0012630 seconds, Stopping threads took: 0.0000750 seconds
33.745: Application time: 0.0602390 seconds
33.746: [GC33.746: [ParNew: 36793K->4114K(37632K), 0.0016810 secs] 107849K->77218K(121024K), 0.0017140 secs] [Times: user=0.01 sys=0.00, real=0.00 secs] 
33.747: Total time for which application threads were stopped: 0.0018420 seconds, Stopping threads took: 0.0000720 seconds
33.807: Application time: 0.0599050 seconds
33.807: [GC33.807: [ParNew: 36960K->4130K(37632K), 0.0016630 secs] 110064K->79282K(121024K), 0.0016940 secs] [Times: user=0.01 sys=0.00, real=0.00 secs] 
33.809: Total time for which application threads were stopped: 0.0018200 seconds, Stopping threads took: 0.0000710 seconds
33.869: Application time: 0.0598490 seconds
33.869: [GC33.869: [ParNew: 36913K->4133K(37632K), 0.0017070 secs] 112065K->81333K(121024K), 0.0017420 secs] [Times: user=0.01 sys=0.00, real=0.01 secs] 
33.871: Total time for which application threads were stopped: 0.0019090 seconds, Stopping threads took: 0.0001100 seconds
33.931: Application time: 0.0606480 seconds
33.932: [GC33.932: [ParNew: 36819K->4134K(37632K), 0.0011450 secs] 114019K->81334K(121024K), 0.0011770 secs] [Times: user=0.01 sys=0.00, real=0.00 secs] 
33.933: Total time for which application threads were stopped: 0.0013110 seconds, Stopping threads took: 0.0000780 seconds
33.997: Application time: 0.0637820 seconds
33.997: [GC33.997: [ParNew: 37234K->4157K(37632K), 0.0014220 secs] 114434K->82397K(121024K), 0.0014580 secs] [Times: user=0.01 sys=0.00, real=0.00 secs] 
33.998: Total time for which application threads were stopped: 0.0015890 seconds, Stopping threads took: 0.0000720 seconds
34.056: Application time: 0.0578010 seconds
34.056: [GC34.056: [ParNew: 37052K->4159K(37632K), 0.0014660 secs] 115292K->83551K(121024K), 0.0014970 secs] [Times: user=0.01 sys=0.00, real=0.00 secs] 
34.058: Total time for which application threads were stopped: 0.0016420 seconds, Stopping threads took: 0.0000900 seconds
34.117: Application time: 0.0594330 seconds
34.117: [GC34.117: [ParNew: 37058K->4153K(37632K), 0.0017380 secs] 116451K->85673K(121024K), 0.0017710 secs] [Times: user=0.01 sys=0.00, real=0.01 secs] 
34.119: Total time for which application threads were stopped: 0.0018950 seconds, Stopping threads took: 0.0000670 seconds
34.180: Application time: 0.0613800 seconds
34.183: [GC34.183: [ParNew: 37041K->4158K(37632K), 0.0017350 secs]34.184: [Tenured: 83652K->9636K(84420K), 0.0083030 secs] 118561K->9636K(122052K), [Perm : 5496K->5496K(21248K)], 0.0101210 secs] [Times: user=0.02 sys=0.00, real=0.01 secs] 
34.193: Total time for which application threads were stopped: 0.0125310 seconds, Stopping threads took: 0.0023460 seconds
34.255: Application time: 0.0618780 seconds
34.255: [GC34.255: [ParNew: 32834K->4134K(37632K), 0.0014330 secs] 42471K->14795K(121024K), 0.0014670 secs] [Times: user=0.01 sys=0.00, real=0.00 secs] 
34.256: Total time for which application threads were stopped: 0.0016490 seconds, Stopping threads took: 0.0001100 seconds
34.318: Application time: 0.0621080 seconds
34.319: [GC34.319: [ParNew: 36863K->4137K(37632K), 0.0011020 secs] 47523K->14805K(121024K), 0.0011330 secs] [Times: user=0.01 sys=0.00, real=0.00 secs] 
34.320: Total time for which application threads were stopped: 0.0012860 seconds, Stopping threads took: 0.0000920 seconds
34.380: Application time: 0.0598640 seconds
34.380: [GC34.380: [ParNew: 36747K->4135K(37632K), 0.0011560 secs] 47415K->14804K(121024K), 0.0011840 secs] [Times: user=0.01 sys=0.00, real=0.00 secs] 
34.381: Total time for which application threads were stopped: 0.0013200 seconds, Stopping threads took: 0.0000830 seconds
34.437: Application time: 0.0560880 seconds
34.437: [GC34.437: [ParNew: 36681K->4114K(37632K), 0.0019780 secs] 47349K->17854K(121024K), 0.0020120 secs] [Times: user=0.02 sys=0.00, real=0.01 secs] 
34.439: Total time for which application threads were stopped: 0.0021590 seconds, Stopping threads took: 0.0000870 seconds
34.504: Application time: 0.0643780 seconds
34.504: [GC34.504: [ParNew: 37074K->4126K(37632K), 0.0016270 secs] 50814K->19914K(121024K), 0.0016600 secs] [Times: user=0.01 sys=0.00, real=0.00 secs] 
34.505: Total time for which application threads were stopped: 0.0018080 seconds, Stopping threads took: 0.0000910 seconds
34.565: Application time: 0.0596250 seconds
34.565: [GC34.565: [ParNew: 36810K->4128K(37632K), 0.0013190 secs] 52599K->20941K(121024K), 0.0013480 secs] [Times: user=0.01 sys=0.00, real=0.00 secs] 
34.566: Total time for which application threads were stopped: 0.0014830 seconds, Stopping threads took: 0.0000830 seconds
34.628: Application time: 0.0612320 seconds
34.628: [GC34.628: [ParNew: 36899K->4128K(37632K), 0.0016710 secs] 53711K->22988K(121024K), 0.0017030 secs] [Times: user=0.01 sys=0.00, real=0.00 secs] 
34.630: Total time for which application threads were stopped: 0.0018400 seconds, Stopping threads took: 0.0000780 seconds
34.689: Application time: 0.0592900 seconds
34.689: [GC34.689: [ParNew: 36975K->4158K(37632K), 0.0014480 secs] 55836K->24098K(121024K), 0.0014790 secs] [Times: user=0.01 sys=0.00, real=0.00 secs] 
34.690: Total time for which application threads were stopped: 0.0016080 seconds, Stopping threads took: 0.0000710 seconds
34.755: Application time: 0.0649630 seconds
34.756: [GC34.756: [ParNew: 37405K->4159K(37632K), 0.0013220 secs] 57346K->25251K(121024K), 0.0013550 secs] [Times: user=0.01 sys=0.00, real=0.00 secs] 
34.757: Total time for which application threads were stopped: 0.0014670 seconds, Stopping threads took: 0.0000540 seconds
34.815: Application time: 0.0584370 seconds
34.815: [GC34.815: [ParNew: 36982K->4159K(37632K), 0.0011420 secs] 58075K->25368K(121024K), 0.0011730 secs] [Times: user=0.01 sys=0.00, real=0.00 secs] 
34.817: Total time for which application threads were stopped: 0.0013080 seconds, Stopping threads took: 0.0000720 seconds
34.875: Application time: 0.0582890 seconds
34.875: [GC34.875: [ParNew: 36879K->4144K(37632K), 0.0032460 secs] 58088K->27465K(121024K), 0.0032810 secs] [Times: user=0.01 sys=0.00, real=0.00 secs] 
34.878: Total time for which application threads were stopped: 0.0034360 seconds, Stopping threads took: 0.0000970 seconds
34.942: Application time: 0.0635620 seconds
34.942: [GC34.942: [ParNew: 37078K->4130K(37632K), 0.0011480 secs] 60399K->27515K(121024K), 0.0011780 secs] [Times: user=0.01 sys=0.00, real=0.00 secs] 
34.943: Total time for which application threads were stopped: 0.0012980 seconds, Stopping threads took: 0.0000660 seconds
35.001: Application time: 0.0581790 seconds
35.002: [GC35.002: [ParNew: 36636K->4117K(37632K), 0.0013570 secs] 60021K->28526K(121024K), 0.0013900 secs] [Times: user=0.01 sys=0.00, real=0.00 secs] 
35.003: Total time for which application threads were stopped: 0.0015160 seconds, Stopping threads took: 0.0000680 seconds
35.068: Application time: 0.0653440 seconds
35.068: [GC35.068: [ParNew: 36913K->3096K(37632K), 0.0008650 secs] 61322K->27505K(121024K), 0.0009000 secs] [Times: user=0.00 sys=0.00, real=0.00 secs] 
35.069: Total time for which application threads were stopped: 0.0010160 seconds, Stopping threads took: 0.0000630 seconds
35.128: Application time: 0.0583090 seconds
35.128: [GC35.128: [ParNew: 36568K->4114K(37632K), 0.0018850 secs] 60977K->31595K(121024K), 0.0019200 secs] [Times: user=0.01 sys=0.00, real=0.00 secs] 
35.130: Total time for which application threads were stopped: 0.0020500 seconds, Stopping threads took: 0.0000730 seconds
35.191: Application time: 0.0615280 seconds
35.191: [GC35.191: [ParNew: 37038K->4118K(37632K), 0.0015920 secs] 64519K->33647K(121024K), 0.0016250 secs] [Times: user=0.01 sys=0.00, real=0.00 secs] 
35.193: Total time for which application threads were stopped: 0.0017690 seconds, Stopping threads took: 0.0000870 seconds
35.250: Application time: 0.0573270 seconds
35.250: [GC35.250: [ParNew: 36862K->4126K(37632K), 0.0017780 secs] 66391K->35703K(121024K), 0.0018090 secs] [Times: user=0.01 sys=0.00, real=0.01 secs] 
35.252: Total time for which application threads were stopped: 0.0019340 seconds, Stopping threads took: 0.0000690 seconds
35.318: Application time: 0.0657370 seconds
35.318: [GC35.318: [ParNew: 37099K->3126K(37632K), 0.0010140 secs] 68676K->34703K(121024K), 0.0010440 secs] [Times: user=0.00 sys=0.00, real=0.01 secs] 
35.319: Total time for which application threads were stopped: 0.0012070 seconds, Stopping threads took: 0.0001000 seconds
35.382: Application time: 0.0631800 seconds
35.382: [GC35.382: [ParNew: 36224K->4159K(37632K), 0.0013580 secs] 67801K->36812K(121024K), 0.0013900 secs] [Times: user=0.01 sys=0.00, real=0.00 secs] 
35.384: Total time for which application threads were stopped: 0.0015240 seconds, Stopping threads took: 0.0000800 seconds
35.443: Application time: 0.0594480 seconds
35.443: [GC35.443: [ParNew: 37043K->4159K(37632K), 0.0011020 secs] 69696K->36940K(121024K), 0.0011290 secs] [Times: user=0.01 sys=0.00, real=0.00 secs] 
35.445: Total time for which application threads were stopped: 0.0012410 seconds, Stopping threads took: 0.0000610 seconds
35.506: Application time: 0.0614870 seconds
35.506: [GC35.506: [ParNew: 37066K->4148K(37632K), 0.0037180 secs] 69847K->39049K(121024K), 0.0037540 secs] [Times: user=0.03 sys=0.00, real=0.00 secs] 
35.510: Total time for which application threads were stopped: 0.0038750 seconds, Stopping threads took: 0.0000640 seconds
35.570: Application time: 0.0597470 seconds
35.570: [GC35.570: [ParNew: 37090K->4142K(37632K), 0.0019770 secs] 71991K->42171K(121024K), 0.0020090 secs] [Times: user=0.01 sys=0.00, real=0.01 secs] 
35.572: Total time for which application threads were stopped: 0.0021350 seconds, Stopping threads took: 0.0000680 seconds
35.632: Application time: 0.0602060 seconds
35.632: [GC35.632: [ParNew: 36902K->4130K(37632K), 0.0016710 secs] 74931K->44263K(121024K), 0.0017050 secs] [Times: user=0.02 sys=0.00, real=0.00 secs] 
35.634: Total time for which application threads were stopped: 0.0018440 seconds, Stopping threads took: 0.0000830 seconds
35.699: Application time: 0.0650820 seconds
35.699: [GC35.699: [ParNew: 37070K->3126K(37632K), 0.0009790 secs] 77203K->43260K(121024K), 0.0010100 secs] [Times: user=0.01 sys=0.00, real=0.00 secs] 
35.700: Total time for which application threads were stopped: 0.0011430 seconds, Stopping threads took: 0.0000760 seconds
35.762: Application time: 0.0616950 seconds
35.762: [GC35.762: [ParNew: 35614K->3134K(37632K), 0.0007580 secs] 75747K->43267K(121024K), 0.0007800 secs] [Times: user=0.01 sys=0.00, real=0.00 secs] 
35.763: Total time for which application threads were stopped: 0.0008890 seconds, Stopping threads took: 0.0000590 seconds
35.821: Application time: 0.0583490 seconds
35.821: [GC35.821: [ParNew: 36508K->4117K(37632K), 0.0013350 secs] 76642K->45274K(121024K), 0.0013640 secs] [Times: user=0.01 sys=0.00, real=0.00 secs] 
35.823: Total time for which application threads were stopped: 0.0015090 seconds, Stopping threads took: 0.0000820 seconds
35.877: Application time: 0.0548870 seconds
35.878: [GC35.878: [ParNew: 36827K->4112K(37632K), 0.0020770 secs] 77985K->48341K(121024K), 0.0021200 secs] [Times: user=0.01 sys=0.00, real=0.01 secs] 
35.880: Total time for which application threads were stopped: 0.0022480 seconds, Stopping threads took: 0.0000700 seconds
35.942: Application time: 0.0620870 seconds
35.942: [GC35.942: [ParNew: 37050K->4112K(37632K), 0.0019090 secs] 81280K->51413K(121024K), 0.0019420 secs] [Times: user=0.02 sys=0.00, real=0.00 secs] 
35.944: Total time for which application threads were stopped: 0.0020990 seconds, Stopping threads took: 0.0001010 seconds
36.007: Application time: 0.0635740 seconds
36.008: [GC36.008: [ParNew: 37013K->4127K(37632K), 0.0017120 secs] 84314K->53476K(121024K), 0.0017360 secs] [Times: user=0.01 sys=0.00, real=0.00 secs] 
36.009: Total time for which application threads were stopped: 0.0018610 seconds, Stopping threads took: 0.0000720 seconds
36.071: Application time: 0.0616580 seconds
36.071: [GC36.071: [ParNew: 36987K->4158K(37632K), 0.0011600 secs] 86336K->53576K(121024K), 0.0011910 secs] [Times: user=0.01 sys=0.00, real=0.00 secs] 
36.073: Total time for which application threads were stopped: 0.0016440 seconds, Stopping threads took: 0.0004030 seconds
36.133: Application time: 0.0603150 seconds
36.133: [GC36.133: [ParNew: 37133K->4158K(37632K), 0.0011700 secs] 86551K->53696K(121024K), 0.0012010 secs] [Times: user=0.01 sys=0.00, real=0.00 secs] 
36.134: Total time for which application threads were stopped: 0.0013310 seconds, Stopping threads took: 0.0000780 seconds
36.195: Application time: 0.0606060 seconds
36.195: [GC36.195: [ParNew: 37146K->4142K(37632K), 0.0019490 secs] 86684K->56839K(121024K), 0.0019800 secs] [Times: user=0.01 sys=0.00, real=0.00 secs] 
36.197: Total time for which application threads were stopped: 0.0021140 seconds, Stopping threads took: 0.0000800 seconds
36.257: Application time: 0.0602410 seconds
36.257: [GC36.257: [ParNew: 37026K->4158K(37632K), 0.0016480 secs] 89724K->58960K(121024K), 0.0016820 secs] [Times: user=0.02 sys=0.00, real=0.01 secs] 
36.259: Total time for which application threads were stopped: 0.0018150 seconds, Stopping threads took: 0.0000750 seconds
36.321: Application time: 0.0623040 seconds
36.321: [GC36.322: [ParNew: 37014K->4117K(37632K), 0.0014620 secs] 91816K->59999K(121024K), 0.0014950 secs] [Times: user=0.02 sys=0.00, real=0.00 secs] 
36.323: Total time for which application threads were stopped: 0.0016430 seconds, Stopping threads took: 0.0000920 seconds
36.387: Application time: 0.0641930 seconds
36.387: [GC36.387: [ParNew: 37045K->4132K(37632K), 0.0013520 secs] 92926K->61038K(121024K), 0.0013850 secs] [Times: user=0.01 sys=0.00, real=0.00 secs] 
36.389: Total time for which application threads were stopped: 0.0015410 seconds, Stopping threads took: 0.0000890 seconds
36.450: Application time: 0.0609250 seconds
36.450: [GC36.450: [ParNew: 36684K->4150K(37632K), 0.0010660 secs] 93590K->61056K(121024K), 0.0010960 secs] [Times: user=0.00 sys=0.00, real=0.01 secs] 
36.451: Total time for which application threads were stopped: 0.0012310 seconds, Stopping threads took: 0.0000830 seconds
36.512: Application time: 0.0606300 seconds
36.512: [GC36.512: [ParNew: 37622K->4140K(37632K), 0.0011340 secs] 94528K->61046K(121024K), 0.0011650 secs] [Times: user=0.01 sys=0.00, real=0.00 secs] 
36.513: Total time for which application threads were stopped: 0.0012800 seconds, Stopping threads took: 0.0000630 seconds
36.570: Application time: 0.0572070 seconds
36.570: [GC36.570: [ParNew: 36797K->4118K(37632K), 0.0019640 secs] 93702K->64096K(121024K), 0.0019990 secs] [Times: user=0.02 sys=0.00, real=0.01 secs] 
36.572: Total time for which application threads were stopped: 0.0021400 seconds, Stopping threads took: 0.0000840 seconds
36.631: Application time: 0.0591890 seconds
36.631: [GC36.632: [ParNew: 36957K->4111K(37632K), 0.0016690 secs] 96935K->66137K(121024K), 0.0017010 secs] [Times: user=0.01 sys=0.00, real=0.00 secs] 
36.633: Total time for which application threads were stopped: 0.0018460 seconds, Stopping threads took: 0.0000870 seconds
36.697: Application time: 0.0641380 seconds
36.697: [GC36.698: [ParNew: 37025K->4148K(37632K), 0.0011470 secs] 99051K->66174K(121024K), 0.0011870 secs] [Times: user=0.00 sys=0.00, real=0.01 secs] 
36.699: Total time for which application threads were stopped: 0.0013340 seconds, Stopping threads took: 0.0000910 seconds
36.761: Application time: 0.0618220 seconds
36.761: [GC36.761: [ParNew: 37109K->4159K(37632K), 0.0012950 secs] 99135K->67245K(121024K), 0.0013250 secs] [Times: user=0.01 sys=0.00, real=0.00 secs] 
36.762: Total time for which application threads were stopped: 0.0014440 seconds, Stopping threads took: 0.0000630 seconds
36.820: Application time: 0.0584640 seconds
36.821: [GC36.821: [ParNew: 36894K->4156K(37632K), 0.0016730 secs] 99980K->69378K(121024K), 0.0017050 secs] [Times: user=0.01 sys=0.00, real=0.00 secs] 
36.822: Total time for which application threads were stopped: 0.0018360 seconds, Stopping threads took: 0.0000760 seconds
36.883: Application time: 0.0606240 seconds
36.883: [GC36.883: [ParNew: 37289K->4152K(37632K), 0.0017260 secs] 102511K->71550K(121024K), 0.0017590 secs] [Times: user=0.02 sys=0.00, real=0.00 secs] 
36.885: Total time for which application threads were stopped: 0.0018780 seconds, Stopping threads took: 0.0000640 seconds
36.945: Application time: 0.0602330 seconds
36.945: [GC36.945: [ParNew: 37135K->4143K(37632K), 0.0017380 secs] 104533K->73673K(121024K), 0.0017700 secs] [Times: user=0.01 sys=0.00, real=0.00 secs] 
36.947: Total time for which application threads were stopped: 0.0019330 seconds, Stopping threads took: 0.0000960 seconds
37.011: Application time: 0.0640310 seconds
37.011: [GC37.011: [ParNew: 37061K->4148K(37632K), 0.0014280 secs] 106591K->74754K(121024K), 0.0014600 secs] [Times: user=0.01 sys=0.00, real=0.00 secs] 
37.013: Total time for which application threads were stopped: 0.0015920 seconds, Stopping threads took: 0.0000770 seconds
37.075: Application time: 0.0621570 seconds
37.075: [GC37.075: [ParNew: 36880K->4132K(37632K), 0.0011890 secs] 107486K->74738K(121024K), 0.0012200 secs] [Times: user=0.00 sys=0.00, real=0.00 secs] 
37.076: Total time for which application threads were stopped: 0.0013430 seconds, Stopping threads took: 0.0000680 seconds
37.136: Application time: 0.0603780 seconds
37.137: [GC37.137: [ParNew: 36632K->3148K(37632K), 0.0009840 secs] 107238K->73754K(121024K), 0.0010150 secs] [Times: user=0.01 sys=0.00, real=0.00 secs] 
37.138: Total time for which application threads were stopped: 0.0011360 seconds, Stopping threads took: 0.0000680 seconds
37.196: Application time: 0.0589100 seconds
37.197: [GC37.197: [ParNew: 36620K->4121K(37632K), 0.0013750 secs] 107226K->75751K(121024K), 0.0014050 secs] [Times: user=0.01 sys=0.00, real=0.00 secs] 
37.198: Total time for which application threads were stopped: 0.0015390 seconds, Stopping threads took: 0.0000810 seconds
37.254: Application time: 0.0561130 seconds
37.254: [GC37.254: [ParNew: 36850K->4118K(37632K), 0.0020890 secs] 108481K->78820K(121024K), 0.0021220 secs] [Times: user=0.02 sys=0.00, real=0.00 secs] 
37.256: Total time for which application threads were stopped: 0.0022490 seconds, Stopping threads took: 0.0000700 seconds
37.318: Application time: 0.0618800 seconds
37.318: [GC37.318: [ParNew: 37013K->4112K(37632K), 0.0019650 secs] 111716K->81886K(121024K), 0.0019980 secs] [Times: user=0.02 sys=0.00, real=0.01 secs] 
37.320: Total time for which application threads were stopped: 0.0021350 seconds, Stopping threads took: 0.0000800 seconds
37.384: Application time: 0.0632040 seconds
37.384: [GC37.384: [ParNew: 37046K->4134K(37632K), 0.0013710 secs] 114820K->82933K(121024K), 0.0014040 secs] [Times: user=0.01 sys=0.00, real=0.00 secs] 
37.385: Total time for which application threads were stopped: 0.0015450 seconds, Stopping threads took: 0.0000840 seconds
37.447: Application time: 0.0622990 seconds
37.448: [GC37.448: [ParNew: 37103K->4158K(37632K), 0.0011990 secs] 115901K->83001K(121024K), 0.0012270 secs] [Times: user=0.01 sys=0.00, real=0.00 secs] 
37.449: Total time for which application threads were stopped: 0.0013610 seconds, Stopping threads took: 0.0000750 seconds
37.508: Application time: 0.0591570 seconds
37.509: [GC37.509: [ParNew: 36991K->4152K(37632K), 0.0015130 secs] 115834K->84115K(121024K), 0.0015600 secs] [Times: user=0.01 sys=0.00, real=0.00 secs] 
37.510: Total time for which application threads were stopped: 0.0022420 seconds, Stopping threads took: 0.0006200 seconds
37.572: Application time: 0.0619110 seconds
37.572: [GC37.572: [ParNew: 37238K->4154K(37632K), 0.0017130 secs] 117200K->86252K(121024K), 0.0017440 secs] [Times: user=0.01 sys=0.00, real=0.00 secs] 
37.574: Total time for which application threads were stopped: 0.0018750 seconds, Stopping threads took: 0.0000740 seconds
37.633: Application time: 0.0593560 seconds
37.633: [GC37.634: [ParNew: 37068K->4158K(37632K), 0.0017350 secs]37.635: [Tenured: 84226K->11843K(84420K), 0.0082750 secs] 119166K->11843K(122052K), [Perm : 5496K->5496K(21248K)], 0.0101140 secs] [Times: user=0.02 sys=0.00, real=0.01 secs] 
37.644: Total time for which application threads were stopped: 0.0102440 seconds, Stopping threads took: 0.0000660 seconds
37.706: Application time: 0.0626750 seconds
37.706: [GC37.706: [ParNew: 32870K->4132K(37632K), 0.0013980 secs] 44714K->17000K(121024K), 0.0014320 secs] [Times: user=0.01 sys=0.00, real=0.00 secs] 
37.708: Total time for which application threads were stopped: 0.0015630 seconds, Stopping threads took: 0.0000730 seconds
37.768: Application time: 0.0603780 seconds
37.768: [GC37.768: [ParNew: 36741K->4134K(37632K), 0.0011500 secs] 49608K->17002K(121024K), 0.0011800 secs] [Times: user=0.01 sys=0.00, real=0.00 secs] 
37.770: Total time for which application threads were stopped: 0.0013970 seconds, Stopping threads took: 0.0001610 seconds
37.832: Application time: 0.0625400 seconds
37.832: [GC37.832: [ParNew: 36716K->3127K(37632K), 0.0008080 secs] 49583K->15994K(121024K), 0.0008400 secs] [Times: user=0.00 sys=0.00, real=0.00 secs] 
37.833: Total time for which application threads were stopped: 0.0009470 seconds, Stopping threads took: 0.0000530 seconds
37.891: Application time: 0.0577090 seconds
37.891: [GC37.891: [ParNew: 36517K->4122K(37632K), 0.0012990 secs] 49385K->18013K(121024K), 0.0013300 secs] [Times: user=0.01 sys=0.00, real=0.00 secs] 
37.892: Total time for which application threads were stopped: 0.0014500 seconds, Stopping threads took: 0.0000650 seconds
37.950: Application time: 0.0573660 seconds
37.950: [GC37.950: [ParNew: 36967K->4116K(37632K), 0.0018990 secs] 50859K->21080K(121024K), 0.0019340 secs] [Times: user=0.02 sys=0.00, real=0.01 secs] 
37.952: Total time for which application threads were stopped: 0.0020920 seconds, Stopping threads took: 0.0000930 seconds
38.013: Application time: 0.0616810 seconds
38.014: [GC38.014: [ParNew: 37031K->4112K(37632K), 0.0019480 secs] 53995K->24147K(121024K), 0.0019820 secs] [Times: user=0.01 sys=0.00, real=0.00 secs] 
38.016: Total time for which application threads were stopped: 0.0021480 seconds, Stopping threads took: 0.0001090 seconds
38.077: Application time: 0.0618100 seconds
38.078: [GC38.078: [ParNew: 36988K->4128K(37632K), 0.0016280 secs] 57023K->26212K(121024K), 0.0016590 secs] [Times: user=0.01 sys=0.00, real=0.01 secs] 
38.079: Total time for which application threads were stopped: 0.0018010 seconds, Stopping threads took: 0.0000860 seconds
38.144: Application time: 0.0647920 seconds
38.144: [GC38.144: [ParNew: 37282K->4159K(37632K), 0.0011380 secs] 59366K->26299K(121024K), 0.0011700 secs] [Times: user=0.01 sys=0.00, real=0.00 secs] 
38.145: Total time for which application threads were stopped: 0.0013180 seconds, Stopping threads took: 0.0000930 seconds
38.203: Application time: 0.0577410 seconds
38.203: [GC38.203: [ParNew: 36815K->4158K(37632K), 0.0011330 secs] 58954K->26394K(121024K), 0.0011630 secs] [Times: user=0.00 sys=0.00, real=0.00 secs] 
38.204: Total time for which application threads were stopped: 0.0013190 seconds, Stopping threads took: 0.0001030 seconds
38.266: Application time: 0.0611770 seconds
38.266: [GC38.266: [ParNew: 37205K->4158K(37632K), 0.0016850 secs] 59440K->28550K(121024K), 0.0017170 secs] [Times: user=0.02 sys=0.00, real=0.00 secs] 
38.267: Total time for which application threads were stopped: 0.0018390 seconds, Stopping threads took: 0.0000690 seconds
38.327: Application time: 0.0591400 seconds
38.327: [GC38.327: [ParNew: 37064K->4140K(37632K), 0.0019550 secs] 61455K->31692K(121024K), 0.0019890 secs] [Times: user=0.02 sys=0.00, real=0.00 secs] 
38.329: Total time for which application threads were stopped: 0.0021530 seconds, Stopping threads took: 0.0001040 seconds
38.393: Application time: 0.0644700 seconds
38.393: [GC38.393: [ParNew: 37104K->4130K(37632K), 0.0014860 secs] 64656K->32754K(121024K), 0.0015200 secs] [Times: user=0.01 sys=0.00, real=0.00 secs] 
38.395: Total time for which application threads were stopped: 0.0016520 seconds, Stopping threads took: 0.0000750 seconds
38.456: Application time: 0.0616040 seconds
38.457: [GC38.457: [ParNew: 36732K->4148K(37632K), 0.0011060 secs] 65356K->32772K(121024K), 0.0011370 secs] [Times: user=0.01 sys=0.00, real=0.00 secs] 
38.458: Total time for which application threads were stopped: 0.0012770 seconds, Stopping threads took: 0.0000770 seconds
38.521: Application time: 0.0630040 seconds
38.521: [GC38.521: [ParNew: 36741K->2095K(37632K), 0.0005030 secs] 65365K->30719K(121024K), 0.0005310 secs] [Times: user=0.00 sys=0.00, real=0.00 secs] 
38.521: Total time for which application threads were stopped: 0.0006610 seconds, Stopping threads took: 0.0000800 seconds
38.579: Application time: 0.0577880 seconds
38.579: [GC38.579: [ParNew: 35532K->4112K(37632K), 0.0015920 secs] 64155K->34784K(121024K), 0.0016240 secs] [Times: user=0.01 sys=0.00, real=0.00 secs] 
38.581: Total time for which application threads were stopped: 0.0017460 seconds, Stopping threads took: 0.0000680 seconds
38.637: Application time: 0.0561020 seconds
38.637: [GC38.637: [ParNew: 36882K->4112K(37632K), 0.0019510 secs] 67554K->37856K(121024K), 0.0019840 secs] [Times: user=0.01 sys=0.00, real=0.01 secs] 
38.639: Total time for which application threads were stopped: 0.0021130 seconds, Stopping threads took: 0.0000720 seconds
38.701: Application time: 0.0621690 seconds
38.701: [GC38.701: [ParNew: 36914K->4130K(37632K), 0.0014160 secs] 70658K->38898K(121024K), 0.0014470 secs] [Times: user=0.01 sys=0.00, real=0.00 secs] 
38.703: Total time for which application threads were stopped: 0.0015920 seconds, Stopping threads took: 0.0000890 seconds
38.768: Application time: 0.0650750 seconds
38.768: [GC38.768: [ParNew: 37076K->4130K(37632K), 0.0013950 secs] 71844K->39922K(121024K), 0.0014260 secs] [Times: user=0.01 sys=0.00, real=0.00 secs] 
38.770: Total time for which application threads were stopped: 0.0015640 seconds, Stopping threads took: 0.0000870 seconds
38.829: Application time: 0.0596980 seconds
38.829: [GC38.829: [ParNew: 36879K->4144K(37632K), 0.0012760 secs] 72671K->40960K(121024K), 0.0013090 secs] [Times: user=0.01 sys=0.00, real=0.01 secs] 
38.831: Total time for which application threads were stopped: 0.0014520 seconds, Stopping threads took: 0.0000890 seconds
38.892: Application time: 0.0613300 seconds
38.892: [GC38.892: [ParNew: 37486K->4158K(37632K), 0.0013570 secs] 74302K->42166K(121024K), 0.0013890 secs] [Times: user=0.01 sys=0.00, real=0.00 secs] 
38.894: Total time for which application threads were stopped: 0.0015150 seconds, Stopping threads took: 0.0000730 seconds
38.950: Application time: 0.0564570 seconds
38.950: [GC38.950: [ParNew: 36933K->4144K(37632K), 0.0020090 secs] 74941K->45296K(121024K), 0.0020410 secs] [Times: user=0.01 sys=0.00, real=0.01 secs] 
38.952: Total time for which application threads were stopped: 0.0021700 seconds, Stopping threads took: 0.0000710 seconds
39.017: Application time: 0.0650550 seconds
39.017: [GC39.017: [ParNew: 37240K->4140K(37632K), 0.0015870 secs] 78392K->47405K(121024K), 0.0016230 secs] [Times: user=0.01 sys=0.00, real=0.01 secs] 
39.019: Total time for which application threads were stopped: 0.0017560 seconds, Stopping threads took: 0.0000640 seconds
39.080: Application time: 0.0606630 seconds
39.080: [GC39.080: [ParNew: 37040K->4133K(37632K), 0.0017110 secs] 80304K->49501K(121024K), 0.0017530 secs] [Times: user=0.01 sys=0.00, real=0.00 secs] 
39.082: Total time for which application threads were stopped: 0.0018910 seconds, Stopping threads took: 0.0000800 seconds
39.146: Application time: 0.0646910 seconds
39.146: [GC39.146: [ParNew: 37015K->3119K(37632K), 0.0008610 secs] 82383K->48488K(121024K), 0.0008890 secs] [Times: user=0.00 sys=0.00, real=0.00 secs] 
39.147: Total time for which application threads were stopped: 0.0010270 seconds, Stopping threads took: 0.0000840 seconds
39.208: Application time: 0.0604720 seconds
39.208: [GC39.208: [ParNew: 36591K->4133K(37632K), 0.0011590 secs] 81960K->49502K(121024K), 0.0011900 secs] [Times: user=0.01 sys=0.00, real=0.00 secs] 
39.209: Total time for which application threads were stopped: 0.0013380 seconds, Stopping threads took: 0.0000930 seconds
39.270: Application time: 0.0612160 seconds
39.270: [GC39.270: [ParNew: 36661K->3130K(37632K), 0.0008010 secs] 82030K->48498K(121024K), 0.0008290 secs] [Times: user=0.00 sys=0.00, real=0.01 secs] 
39.271: Total time for which application threads were stopped: 0.0009460 seconds, Stopping threads took: 0.0000660 seconds
39.326: Application time: 0.0545960 seconds
39.326: [GC39.326: [ParNew: 35580K->4112K(37632K), 0.0019370 secs] 80948K->52552K(121024K), 0.0019720 secs] [Times: user=0.01 sys=0.00, real=0.00 secs] 
39.328: Total time for which application threads were stopped: 0.0021000 seconds, Stopping threads took: 0.0000700 seconds
39.388: Application time: 0.0595880 seconds
39.388: [GC39.388: [ParNew: 36901K->4133K(37632K), 0.0014590 secs] 85341K->53597K(121024K), 0.0014880 secs] [Times: user=0.01 sys=0.00, real=0.00 secs] 
39.389: Total time for which application threads were stopped: 0.0016350 seconds, Stopping threads took: 0.0000930 seconds
39.451: Application time: 0.0620890 seconds
39.451: [GC39.451: [ParNew: 36907K->4128K(37632K), 0.0014260 secs] 86371K->54616K(121024K), 0.0014540 secs] [Times: user=0.00 sys=0.00, real=0.00 secs] 
39.453: Total time for which application threads were stopped: 0.0015740 seconds, Stopping threads took: 0.0000660 seconds
39.514: Application time: 0.0607880 seconds
39.514: [GC39.514: [ParNew: 36979K->4145K(37632K), 0.0012970 secs] 87467K->55658K(121024K), 0.0013270 secs] [Times: user=0.01 sys=0.00, real=0.00 secs] 
39.515: Total time for which application threads were stopped: 0.0014430 seconds, Stopping threads took: 0.0000630 seconds
39.579: Application time: 0.0643970 seconds
39.580: [GC39.580: [ParNew: 37617K->4158K(37632K), 0.0015610 secs] 89130K->57899K(121024K), 0.0015930 secs] [Times: user=0.02 sys=0.00, real=0.00 secs] 
39.581: Total time for which application threads were stopped: 0.0017200 seconds, Stopping threads took: 0.0000640 seconds
39.638: Application time: 0.0570540 seconds
39.638: [GC39.638: [ParNew: 36919K->4145K(37632K), 0.0017360 secs] 90660K->59997K(121024K), 0.0017720 secs] [Times: user=0.01 sys=0.00, real=0.01 secs] 
39.640: Total time for which application threads were stopped: 0.0019130 seconds, Stopping threads took: 0.0000820 seconds
39.703: Application time: 0.0626050 seconds
39.703: [GC39.703: [ParNew: 37124K->4142K(37632K), 0.0019300 secs] 92977K->63123K(121024K), 0.0019620 secs] [Times: user=0.02 sys=0.00, real=0.00 secs] 
39.705: Total time for which application threads were stopped: 0.0020880 seconds, Stopping threads took: 0.0000690 seconds
39.768: Application time: 0.0628900 seconds
39.768: [GC39.768: [ParNew: 37085K->4146K(37632K), 0.0013990 secs] 96066K->64203K(121024K), 0.0014310 secs] [Times: user=0.01 sys=0.00, real=0.00 secs] 
39.769: Total time for which application threads were stopped: 0.0015500 seconds, Stopping threads took: 0.0000640 seconds
39.832: Application time: 0.0622970 seconds
39.832: [GC39.832: [ParNew: 36854K->4131K(37632K), 0.0011540 secs] 96911K->64188K(121024K), 0.0011830 secs] [Times: user=0.01 sys=0.00, real=0.00 secs] 
39.833: Total time for which application threads were stopped: 0.0013070 seconds, Stopping threads took: 0.0000710 seconds
39.893: Application time: 0.0597090 seconds
39.893: [GC39.894: [ParNew: 37603K->4138K(37632K), 0.0011570 secs] 97660K->64194K(121024K), 0.0027820 secs] [Times: user=0.01 sys=0.00, real=0.00 secs] 
39.896: Total time for which application threads were stopped: 0.0029000 seconds, Stopping threads took: 0.0000640 seconds
39.959: Application time: 0.0630520 seconds
39.959: [GC39.959: [ParNew: 36866K->4150K(37632K), 0.0010890 secs] 96923K->64207K(121024K), 0.0011180 secs] [Times: user=0.01 sys=0.00, real=0.00 secs] 
39.960: Total time for which application threads were stopped: 0.0012320 seconds, Stopping threads took: 0.0000600 seconds
40.014: Application time: 0.0546600 seconds
40.015: [GC40.015: [ParNew: 37613K->4110K(37632K), 0.0019830 secs] 97670K->67239K(121024K), 0.0020160 secs] [Times: user=0.01 sys=0.00, real=0.00 secs] 
40.017: Total time for which application threads were stopped: 0.0021650 seconds, Stopping threads took: 0.0000830 seconds
40.079: Application time: 0.0625300 seconds
40.079: [GC40.079: [ParNew: 37058K->4117K(37632K), 0.0015350 secs] 100187K->68270K(121024K), 0.0015650 secs] [Times: user=0.01 sys=0.00, real=0.00 secs] 
40.081: Total time for which application threads were stopped: 0.0016900 seconds, Stopping threads took: 0.0000710 seconds
40.142: Application time: 0.0614220 seconds
40.142: [GC40.142: [ParNew: 36914K->4114K(37632K), 0.0016220 secs] 101067K->70315K(121024K), 0.0016540 secs] [Times: user=0.00 sys=0.01, real=0.00 secs] 
40.144: Total time for which application threads were stopped: 0.0017990 seconds, Stopping threads took: 0.0000800 seconds
40.205: Application time: 0.0609140 seconds
40.207: [GC40.207: [ParNew: 37183K->4156K(37632K), 0.0014340 secs] 103384K->71413K(121024K), 0.0014680 secs] [Times: user=0.01 sys=0.00, real=0.00 secs] 
40.208: Total time for which application threads were stopped: 0.0031650 seconds, Stopping threads took: 0.0016360 seconds
40.274: Application time: 0.0653640 seconds
40.274: [GC40.274: [ParNew: 37515K->4157K(37632K), 0.0016710 secs] 104772K->73606K(121024K), 0.0017090 secs] [Times: user=0.01 sys=0.00, real=0.00 secs] 
40.275: Total time for which application threads were stopped: 0.0018300 seconds, Stopping threads took: 0.0000630 seconds
40.336: Application time: 0.0601930 seconds
40.336: [GC40.336: [ParNew: 36998K->4145K(37632K), 0.0013700 secs] 106447K->74726K(121024K), 0.0014010 secs] [Times: user=0.01 sys=0.00, real=0.00 secs] 
40.337: Total time for which application threads were stopped: 0.0015230 seconds, Stopping threads took: 0.0000680 seconds
40.397: Application time: 0.0601730 seconds
40.397: [GC40.397: [ParNew: 36936K->4142K(37632K), 0.0016270 secs] 107518K->76819K(121024K), 0.0016600 secs] [Times: user=0.01 sys=0.00, real=0.01 secs] 
40.399: Total time for which application threads were stopped: 0.0018040 seconds, Stopping threads took: 0.0000880 seconds
40.460: Application time: 0.0610980 seconds
40.463: [GC40.463: [ParNew: 36919K->4130K(37632K), 0.0017150 secs] 109597K->78903K(121024K), 0.0017460 secs] [Times: user=0.01 sys=0.00, real=0.00 secs] 
40.464: Total time for which application threads were stopped: 0.0042490 seconds, Stopping threads took: 0.0024440 seconds
40.527: Application time: 0.0625880 seconds
40.527: [GC40.527: [ParNew: 36861K->4131K(37632K), 0.0010680 secs] 111635K->78904K(121024K), 0.0011010 secs] [Times: user=0.01 sys=0.00, real=0.00 secs] 
40.528: Total time for which application threads were stopped: 0.0012510 seconds, Stopping threads took: 0.0000950 seconds
40.586: Application time: 0.0575670 seconds
40.586: [GC40.586: [ParNew: 37386K->4120K(37632K), 0.0011820 secs] 112159K->78893K(121024K), 0.0012120 secs] [Times: user=0.01 sys=0.00, real=0.00 secs] 
40.587: Total time for which application threads were stopped: 0.0013460 seconds, Stopping threads took: 0.0000780 seconds
40.650: Application time: 0.0628220 seconds
40.650: [GC40.650: [ParNew: 36932K->4130K(37632K), 0.0013240 secs] 111706K->79927K(121024K), 0.0013540 secs] [Times: user=0.01 sys=0.00, real=0.01 secs] 
40.652: Total time for which application threads were stopped: 0.0014950 seconds, Stopping threads took: 0.0000720 seconds
40.706: Application time: 0.0546450 seconds
40.706: [GC40.706: [ParNew: 36714K->4114K(37632K), 0.0020310 secs] 112511K->82983K(121024K), 0.0020650 secs] [Times: user=0.02 sys=0.00, real=0.00 secs] 
40.708: Total time for which application threads were stopped: 0.0021980 seconds, Stopping threads took: 0.0000760 seconds
40.771: Application time: 0.0625610 seconds
40.771: [GC40.771: [ParNew: 37075K->4112K(37632K), 0.0019180 secs] 115945K->86053K(121024K), 0.0019550 secs] [Times: user=0.01 sys=0.00, real=0.00 secs] 
40.773: Total time for which application threads were stopped: 0.0020790 seconds, Stopping threads took: 0.0000680 seconds
40.834: Application time: 0.0609880 seconds
40.834: [GC40.834: [ParNew: 36904K->4112K(37632K), 0.0016480 secs]40.836: [Tenured: 83989K->11940K(84420K), 0.0083350 secs] 118846K->11940K(122052K), [Perm : 5497K->5497K(21248K)], 0.0100810 secs] [Times: user=0.01 sys=0.00, real=0.01 secs] 
40.844: Total time for which application threads were stopped: 0.0102200 seconds, Stopping threads took: 0.0000780 seconds
40.906: Application time: 0.0613590 seconds
40.906: [GC40.906: [ParNew: 33107K->4159K(37632K), 0.0016660 secs] 45048K->18163K(121024K), 0.0017000 secs] [Times: user=0.01 sys=0.00, real=0.00 secs] 
40.907: Total time for which application threads were stopped: 0.0018580 seconds, Stopping threads took: 0.0001010 seconds
40.972: Application time: 0.0646560 seconds
40.972: [GC40.972: [ParNew: 37548K->4157K(37632K), 0.0013120 secs] 51552K->19329K(121024K), 0.0013420 secs] [Times: user=0.01 sys=0.00, real=0.00 secs] 
40.974: Total time for which application threads were stopped: 0.0014830 seconds, Stopping threads took: 0.0000860 seconds
41.032: Application time: 0.0586540 seconds
41.032: [GC41.032: [ParNew: 36857K->4158K(37632K), 0.0014110 secs] 52030K->20443K(121024K), 0.0014430 secs] [Times: user=0.01 sys=0.00, real=0.00 secs] 
41.034: Total time for which application threads were stopped: 0.0015750 seconds, Stopping threads took: 0.0000760 seconds
41.096: Application time: 0.0618190 seconds
41.096: [GC41.096: [ParNew: 37028K->4146K(37632K), 0.0013500 secs] 53313K->21519K(121024K), 0.0013800 secs] [Times: user=0.01 sys=0.00, real=0.00 secs] 
41.097: Total time for which application threads were stopped: 0.0015160 seconds, Stopping threads took: 0.0000790 seconds
41.159: Application time: 0.0620650 seconds
41.159: [GC41.159: [ParNew: 36944K->4113K(37632K), 0.0013900 secs] 54317K->22582K(121024K), 0.0014230 secs] [Times: user=0.01 sys=0.00, real=0.00 secs] 
41.161: Total time for which application threads were stopped: 0.0015850 seconds, Stopping threads took: 0.0000990 seconds
41.220: Application time: 0.0592620 seconds
41.220: [GC41.220: [ParNew: 36570K->4131K(37632K), 0.0010770 secs] 55039K->22600K(121024K), 0.0011080 secs] [Times: user=0.01 sys=0.00, real=0.00 secs] 
41.221: Total time for which application threads were stopped: 0.0012520 seconds, Stopping threads took: 0.0000890 seconds
41.280: Application time: 0.0590990 seconds
41.281: [GC41.281: [ParNew: 37589K->4117K(37632K), 0.0016850 secs] 56058K->24634K(121024K), 0.0017230 secs] [Times: user=0.01 sys=0.00, real=0.00 secs] 
41.282: Total time for which application threads were stopped: 0.0018550 seconds, Stopping threads took: 0.0000730 seconds
41.343: Application time: 0.0608900 seconds
41.343: [GC41.343: [ParNew: 36949K->4112K(37632K), 0.0016820 secs] 57466K->26677K(121024K), 0.0017160 secs] [Times: user=0.01 sys=0.00, real=0.00 secs] 
41.345: Total time for which application threads were stopped: 0.0018880 seconds, Stopping threads took: 0.0001160 seconds
41.403: Application time: 0.0579120 seconds
41.403: [GC41.403: [ParNew: 36800K->4114K(37632K), 0.0013400 secs] 59365K->27703K(121024K), 0.0013730 secs] [Times: user=0.01 sys=0.00, real=0.00 secs] 
41.404: Total time for which application threads were stopped: 0.0015130 seconds, Stopping threads took: 0.0000860 seconds
41.467: Application time: 0.0626070 seconds
41.467: [GC41.467: [ParNew: 37007K->4117K(37632K), 0.0013570 secs] 60596K->28730K(121024K), 0.0013970 secs] [Times: user=0.01 sys=0.00, real=0.00 secs] 
41.469: Total time for which application threads were stopped: 0.0015450 seconds, Stopping threads took: 0.0000950 seconds
41.530: Application time: 0.0614920 seconds
41.530: [GC41.530: [ParNew: 36965K->4111K(37632K), 0.0017140 secs] 61578K->30772K(121024K), 0.0017480 secs] [Times: user=0.02 sys=0.00, real=0.01 secs] 
41.532: Total time for which application threads were stopped: 0.0018810 seconds, Stopping threads took: 0.0000750 seconds
41.594: Application time: 0.0615200 seconds
41.594: [GC41.594: [ParNew: 37112K->4158K(37632K), 0.0015420 secs] 63773K->31907K(121024K), 0.0015740 secs] [Times: user=0.02 sys=0.00, real=0.00 secs] 
41.595: Total time for which application threads were stopped: 0.0016980 seconds, Stopping threads took: 0.0000670 seconds
41.655: Application time: 0.0595450 seconds
41.655: [GC41.655: [ParNew: 37206K->4158K(37632K), 0.0013970 secs] 64955K->33043K(121024K), 0.0014280 secs] [Times: user=0.01 sys=0.00, real=0.00 secs] 
41.656: Total time for which application threads were stopped: 0.0015800 seconds, Stopping threads took: 0.0000980 seconds
41.719: Application time: 0.0628710 seconds
41.719: [GC41.719: [ParNew: 37132K->4159K(37632K), 0.0014530 secs] 66017K->34156K(121024K), 0.0014850 secs] [Times: user=0.02 sys=0.00, real=0.00 secs] 
41.721: Total time for which application threads were stopped: 0.0016260 seconds, Stopping threads took: 0.0000770 seconds
41.780: Application time: 0.0591250 seconds
41.780: [GC41.780: [ParNew: 36959K->4144K(37632K), 0.0016070 secs] 66957K->36254K(121024K), 0.0016440 secs] [Times: user=0.01 sys=0.00, real=0.00 secs] 
41.782: Total time for which application threads were stopped: 0.0017680 seconds, Stopping threads took: 0.0000650 seconds
41.844: Application time: 0.0626670 seconds
41.845: [GC41.845: [ParNew: 37003K->4146K(37632K), 0.0014000 secs] 69113K->37336K(121024K), 0.0014380 secs] [Times: user=0.01 sys=0.00, real=0.00 secs] 
41.846: Total time for which application threads were stopped: 0.0016200 seconds, Stopping threads took: 0.0001210 seconds
41.908: Application time: 0.0616480 seconds
41.908: [GC41.908: [ParNew: 36774K->4150K(37632K), 0.0010660 secs] 69964K->37339K(121024K), 0.0010950 secs] [Times: user=0.00 sys=0.00, real=0.00 secs] 
41.909: Total time for which application threads were stopped: 0.0012150 seconds, Stopping threads took: 0.0000660 seconds
41.968: Application time: 0.0587410 seconds
41.968: [GC41.968: [ParNew: 37565K->4113K(37632K), 0.0014210 secs] 70755K->38326K(121024K), 0.0014520 secs] [Times: user=0.01 sys=0.00, real=0.00 secs] 
41.969: Total time for which application threads were stopped: 0.0015690 seconds, Stopping threads took: 0.0000620 seconds
42.031: Application time: 0.0616490 seconds
42.031: [GC42.031: [ParNew: 36931K->4128K(37632K), 0.0012990 secs] 71145K->39366K(121024K), 0.0013310 secs] [Times: user=0.01 sys=0.00, real=0.00 secs] 
42.032: Total time for which application threads were stopped: 0.0014630 seconds, Stopping threads took: 0.0000770 seconds
42.087: Application time: 0.0544720 seconds
42.087: [GC42.087: [ParNew: 36658K->4118K(37632K), 0.0017370 secs] 71896K->41403K(121024K), 0.0017690 secs] [Times: user=0.01 sys=0.00, real=0.00 secs] 
42.089: Total time for which application threads were stopped: 0.0018970 seconds, Stopping threads took: 0.0000720 seconds
42.155: Application time: 0.0661920 seconds
42.155: [GC42.155: [ParNew: 37091K->4121K(37632K), 0.0013300 secs] 74377K->42430K(121024K), 0.0013600 secs] [Times: user=0.01 sys=0.00, real=0.00 secs] 
42.156: Total time for which application threads were stopped: 0.0014870 seconds, Stopping threads took: 0.0000720 seconds
42.216: Application time: 0.0594070 seconds
42.216: [GC42.216: [ParNew: 36967K->4112K(37632K), 0.0016400 secs] 75276K->44470K(121024K), 0.0016720 secs] [Times: user=0.01 sys=0.00, real=0.00 secs] 
42.218: Total time for which application threads were stopped: 0.0018080 seconds, Stopping threads took: 0.0000770 seconds
42.280: Application time: 0.0625470 seconds
42.280: [GC42.280: [ParNew: 37068K->4158K(37632K), 0.0013350 secs] 77426K->45559K(121024K), 0.0013760 secs] [Times: user=0.01 sys=0.00, real=0.00 secs] 
42.282: Total time for which application threads were stopped: 0.0015140 seconds, Stopping threads took: 0.0000680 seconds
42.342: Application time: 0.0607830 seconds
42.343: [GC42.343: [ParNew: 37328K->4159K(37632K), 0.0014510 secs] 78730K->46737K(121024K), 0.0014830 secs] [Times: user=0.01 sys=0.00, real=0.00 secs] 
42.344: Total time for which application threads were stopped: 0.0016110 seconds, Stopping threads took: 0.0000670 seconds
42.404: Application time: 0.0604000 seconds
42.405: [GC42.405: [ParNew: 36982K->4156K(37632K), 0.0017710 secs] 79560K->48862K(121024K), 0.0018040 secs] [Times: user=0.01 sys=0.00, real=0.00 secs] 
42.406: Total time for which application threads were stopped: 0.0019760 seconds, Stopping threads took: 0.0001160 seconds
42.466: Application time: 0.0592100 seconds
42.466: [GC42.466: [ParNew: 37030K->4146K(37632K), 0.0017260 secs] 81736K->50956K(121024K), 0.0017620 secs] [Times: user=0.01 sys=0.00, real=0.00 secs] 
42.468: Total time for which application threads were stopped: 0.0019210 seconds, Stopping threads took: 0.0001020 seconds
42.534: Application time: 0.0661400 seconds
42.534: [GC42.534: [ParNew: 37142K->4134K(37632K), 0.0016640 secs] 83952K->53048K(121024K), 0.0016980 secs] [Times: user=0.01 sys=0.00, real=0.00 secs] 
42.536: Total time for which application threads were stopped: 0.0018240 seconds, Stopping threads took: 0.0000700 seconds
42.595: Application time: 0.0595990 seconds
42.595: [GC42.595: [ParNew: 36702K->4131K(37632K), 0.0011680 secs] 85616K->53045K(121024K), 0.0012000 secs] [Times: user=0.01 sys=0.00, real=0.00 secs] 
42.597: Total time for which application threads were stopped: 0.0013290 seconds, Stopping threads took: 0.0000730 seconds
42.657: Application time: 0.0601900 seconds
42.657: [GC42.657: [ParNew: 37603K->4135K(37632K), 0.0011430 secs] 86517K->53049K(121024K), 0.0011770 secs] [Times: user=0.00 sys=0.00, real=0.00 secs] 
42.658: Total time for which application threads were stopped: 0.0013070 seconds, Stopping threads took: 0.0000730 seconds
42.719: Application time: 0.0614440 seconds
42.720: [GC42.720: [ParNew: 36880K->4120K(37632K), 0.0011420 secs] 85794K->53034K(121024K), 0.0011730 secs] [Times: user=0.00 sys=0.00, real=0.00 secs] 
42.721: Total time for which application threads were stopped: 0.0013140 seconds, Stopping threads took: 0.0000870 seconds
42.776: Application time: 0.0551300 seconds
42.776: [GC42.776: [ParNew: 36668K->4116K(37632K), 0.0016740 secs] 85582K->55078K(121024K), 0.0017060 secs] [Times: user=0.02 sys=0.00, real=0.00 secs] 
42.778: Total time for which application threads were stopped: 0.0018400 seconds, Stopping threads took: 0.0000780 seconds
42.839: Application time: 0.0610280 seconds
42.839: [GC42.839: [ParNew: 36996K->4110K(37632K), 0.0020280 secs] 87958K->58144K(121024K), 0.0020600 secs] [Times: user=0.01 sys=0.00, real=0.00 secs] 
42.841: Total time for which application threads were stopped: 0.0022270 seconds, Stopping threads took: 0.0001010 seconds
42.905: Application time: 0.0637960 seconds
42.905: [GC42.905: [ParNew: 37069K->4123K(37632K), 0.0014670 secs] 91103K->59181K(121024K), 0.0014990 secs] [Times: user=0.01 sys=0.00, real=0.00 secs] 
42.906: Total time for which application threads were stopped: 0.0016350 seconds, Stopping threads took: 0.0000800 seconds
42.967: Application time: 0.0605840 seconds
42.967: [GC42.967: [ParNew: 37110K->4159K(37632K), 0.0014660 secs] 92168K->60285K(121024K), 0.0014970 secs] [Times: user=0.01 sys=0.00, real=0.00 secs] 
42.969: Total time for which application threads were stopped: 0.0016230 seconds, Stopping threads took: 0.0000710 seconds
43.030: Application time: 0.0610120 seconds
43.031: [GC43.031: [ParNew: 37330K->4155K(37632K), 0.0014650 secs] 93456K->61449K(121024K), 0.0014980 secs] [Times: user=0.01 sys=0.00, real=0.00 secs] 
43.032: Total time for which application threads were stopped: 0.0025410 seconds, Stopping threads took: 0.0009830 seconds
43.098: Application time: 0.0653920 seconds
43.098: [GC43.098: [ParNew: 37139K->4159K(37632K), 0.0011370 secs] 94434K->61526K(121024K), 0.0011770 secs] [Times: user=0.01 sys=0.00, real=0.01 secs] 
43.099: Total time for which application threads were stopped: 0.0013210 seconds, Stopping threads took: 0.0000900 seconds
43.158: Application time: 0.0591270 seconds
43.158: [GC43.158: [ParNew: 36894K->4144K(37632K), 0.0015650 secs] 94260K->63623K(121024K), 0.0015990 secs] [Times: user=0.01 sys=0.00, real=0.01 secs] 
43.160: Total time for which application threads were stopped: 0.0017480 seconds, Stopping threads took: 0.0000950 seconds
43.220: Application time: 0.0603800 seconds
43.220: [GC43.220: [ParNew: 36893K->4128K(37632K), 0.0016730 secs] 96371K->65726K(121024K), 0.0017060 secs] [Times: user=0.01 sys=0.00, real=0.00 secs] 
43.222: Total time for which application threads were stopped: 0.0018460 seconds, Stopping threads took: 0.0000840 seconds
43.283: Application time: 0.0604740 seconds
43.283: [GC43.283: [ParNew: 36700K->4156K(37632K), 0.0011360 secs] 98298K->65754K(121024K), 0.0011670 secs] [Times: user=0.01 sys=0.00, real=0.00 secs] 
43.284: Total time for which application threads were stopped: 0.0012950 seconds, Stopping threads took: 0.0000720 seconds
43.343: Application time: 0.0594650 seconds
43.343: [GC43.343: [ParNew: 37618K->4118K(37632K), 0.0013130 secs] 99216K->66741K(121024K), 0.0013440 secs] [Times: user=0.01 sys=0.01, real=0.00 secs] 
43.345: Total time for which application threads were stopped: 0.0014700 seconds, Stopping threads took: 0.0000620 seconds
43.407: Application time: 0.0622910 seconds
43.407: [GC43.407: [ParNew: 36951K->4120K(37632K), 0.0013010 secs] 99573K->67766K(121024K), 0.0013320 secs] [Times: user=0.01 sys=0.00, real=0.00 secs] 
43.408: Total time for which application threads were stopped: 0.0014510 seconds, Stopping threads took: 0.0000630 seconds
43.464: Application time: 0.0554760 seconds
43.464: [GC43.464: [ParNew: 36704K->4116K(37632K), 0.0016530 secs] 100350K->69811K(121024K), 0.0016850 secs] [Times: user=0.01 sys=0.00, real=0.00 secs] 
43.466: Total time for which application threads were stopped: 0.0018070 seconds, Stopping threads took: 0.0000660 seconds
43.528: Application time: 0.0623460 seconds
43.528: [GC43.528: [ParNew: 37047K->4114K(37632K), 0.0019000 secs] 102742K->72880K(121024K), 0.0019320 secs] [Times: user=0.01 sys=0.00, real=0.00 secs] 
43.530: Total time for which application threads were stopped: 0.0021430 seconds, Stopping threads took: 0.0001530 seconds
43.593: Application time: 0.0627490 seconds
43.593: [GC43.593: [ParNew: 37045K->4128K(37632K), 0.0017380 secs] 105811K->74943K(121024K), 0.0017750 secs] [Times: user=0.01 sys=0.00, real=0.00 secs] 
43.595: Total time for which application threads were stopped: 0.0019300 seconds, Stopping threads took: 0.0000980 seconds
43.656: Application time: 0.0614380 seconds
43.657: [GC43.657: [ParNew: 37111K->4159K(37632K), 0.0014050 secs] 107926K->76046K(121024K), 0.0014380 secs] [Times: user=0.01 sys=0.00, real=0.00 secs] 
43.658: Total time for which application threads were stopped: 0.0015660 seconds, Stopping threads took: 0.0000710 seconds
43.718: Application time: 0.0599430 seconds
43.718: [GC43.718: [ParNew: 37255K->4159K(37632K), 0.0015590 secs] 109142K->77210K(121024K), 0.0015890 secs] [Times: user=0.01 sys=0.00, real=0.01 secs] 
43.720: Total time for which application threads were stopped: 0.0017150 seconds, Stopping threads took: 0.0000720 seconds
43.785: Application time: 0.0657880 seconds
43.786: [GC43.786: [ParNew: 37246K->3143K(37632K), 0.0008500 secs] 110297K->76274K(121024K), 0.0008790 secs] [Times: user=0.00 sys=0.00, real=0.00 secs] 
43.786: Total time for which application threads were stopped: 0.0010160 seconds, Stopping threads took: 0.0000870 seconds
43.844: Application time: 0.0577120 seconds
43.844: [GC43.844: [ParNew: 35858K->4145K(37632K), 0.0014100 secs] 108989K->78364K(121024K), 0.0014440 secs] [Times: user=0.01 sys=0.00, real=0.00 secs] 
43.846: Total time for which application threads were stopped: 0.0015830 seconds, Stopping threads took: 0.0000630 seconds
43.907: Application time: 0.0611200 seconds
43.907: [GC43.907: [ParNew: 36833K->4130K(37632K), 0.0016340 secs] 111052K->80437K(121024K), 0.0016690 secs] [Times: user=0.02 sys=0.00, real=0.00 secs] 
43.909: Total time for which application threads were stopped: 0.0017960 seconds, Stopping threads took: 0.0000690 seconds
43.971: Application time: 0.0624170 seconds
43.971: [GC43.971: [ParNew: 36903K->3110K(37632K), 0.0008500 secs] 113210K->79417K(121024K), 0.0008790 secs] [Times: user=0.01 sys=0.00, real=0.00 secs] 
43.972: Total time for which application threads were stopped: 0.0010010 seconds, Stopping threads took: 0.0000680 seconds
44.032: Application time: 0.0598380 seconds
44.032: [GC44.032: [ParNew: 36582K->4132K(37632K), 0.0013990 secs] 112889K->81463K(121024K), 0.0014300 secs] [Times: user=0.01 sys=0.00, real=0.00 secs] 
44.033: Total time for which application threads were stopped: 0.0015760 seconds, Stopping threads took: 0.0000920 seconds
44.092: Application time: 0.0589560 seconds
44.093: [GC44.093: [ParNew: 36771K->4132K(37632K), 0.0015120 secs] 114102K->82487K(121024K), 0.0015460 secs] [Times: user=0.01 sys=0.00, real=0.00 secs] 
44.094: Total time for which application threads were stopped: 0.0016900 seconds, Stopping threads took: 0.0000890 seconds
44.152: Application time: 0.0582100 seconds
44.152: [GC44.152: [ParNew: 36825K->4111K(37632K), 0.0015920 secs] 115180K->84514K(121024K), 0.0016240 secs] [Times: user=0.01 sys=0.00, real=0.00 secs] 
44.154: Total time for which application threads were stopped: 0.0017410 seconds, Stopping threads took: 0.0000600 seconds
44.215: Application time: 0.0606340 seconds
44.215: [GC44.215: [ParNew: 36974K->4130K(37632K), 0.0017490 secs] 117377K->86581K(121024K), 0.0017810 secs] [Times: user=0.01 sys=0.00, real=0.00 secs] 
44.217: Total time for which application threads were stopped: 0.0018980 seconds, Stopping threads took: 0.0000590 seconds
44.279: Application time: 0.0621910 seconds
44.279: [GC44.279: [ParNew: 37000K->4130K(37632K), 0.0017850 secs]44.281: [Tenured: 84499K->12163K(85448K), 0.0083500 secs] 119451K->12163K(123080K), [Perm : 5498K->5498K(21248K)], 0.0102500 secs] [Times: user=0.02 sys=0.00, real=0.00 secs] 
44.289: Total time for which application threads were stopped: 0.0103910 seconds, Stopping threads took: 0.0000810 seconds
44.348: Application time: 0.0584420 seconds
44.348: [GC44.348: [ParNew: 32799K->4158K(37632K), 0.0014220 secs] 44963K->17394K(121024K), 0.0014550 secs] [Times: user=0.01 sys=0.00, real=0.00 secs] 
44.349: Total time for which application threads were stopped: 0.0016010 seconds, Stopping threads took: 0.0000830 seconds
44.412: Application time: 0.0623620 seconds
44.412: [GC44.412: [ParNew: 37446K->4158K(37632K), 0.0017600 secs] 50682K->19574K(121024K), 0.0017950 secs] [Times: user=0.01 sys=0.00, real=0.00 secs] 
44.414: Total time for which application threads were stopped: 0.0019390 seconds, Stopping threads took: 0.0000870 seconds
44.477: Application time: 0.0636160 seconds
44.477: [GC44.477: [ParNew: 37203K->4144K(37632K), 0.0018600 secs] 52620K->22728K(121024K), 0.0018940 secs] [Times: user=0.01 sys=0.00, real=0.01 secs] 
44.479: Total time for which application threads were stopped: 0.0020150 seconds, Stopping threads took: 0.0000660 seconds
44.539: Application time: 0.0593430 seconds
44.539: [GC44.539: [ParNew: 36993K->4144K(37632K), 0.0013700 secs] 55577K->23833K(121024K), 0.0014030 secs] [Times: user=0.01 sys=0.00, real=0.00 secs] 
44.540: Total time for which application threads were stopped: 0.0015800 seconds, Stopping threads took: 0.0001220 seconds
44.604: Application time: 0.0637880 seconds
44.604: [GC44.604: [ParNew: 37020K->4136K(37632K), 0.0011630 secs] 56708K->23865K(121024K), 0.0011930 secs] [Times: user=0.01 sys=0.00, real=0.00 secs] 
44.605: Total time for which application threads were stopped: 0.0013370 seconds, Stopping threads took: 0.0000910 seconds
44.665: Application time: 0.0596850 seconds
44.665: [GC44.665: [ParNew: 37608K->4120K(37632K), 0.0013900 secs] 57337K->24872K(121024K), 0.0014300 secs] [Times: user=0.01 sys=0.00, real=0.00 secs] 
44.667: Total time for which application threads were stopped: 0.0015630 seconds, Stopping threads took: 0.0000790 seconds
44.728: Application time: 0.0618180 seconds
44.731: [GC44.731: [ParNew: 36824K->4135K(37632K), 0.0011880 secs] 57576K->24887K(121024K), 0.0012190 secs] [Times: user=0.01 sys=0.00, real=0.00 secs] 
44.732: Total time for which application threads were stopped: 0.0035760 seconds, Stopping threads took: 0.0023040 seconds
44.790: Application time: 0.0583120 seconds
44.790: [GC44.790: [ParNew: 36668K->4137K(37632K), 0.0015140 secs] 57420K->25913K(121024K), 0.0015460 secs] [Times: user=0.01 sys=0.00, real=0.01 secs] 
44.792: Total time for which application threads were stopped: 0.0016750 seconds, Stopping threads took: 0.0000710 seconds
44.849: Application time: 0.0574900 seconds
44.850: [GC44.850: [ParNew: 36745K->4113K(37632K), 0.0016080 secs] 58521K->27938K(121024K), 0.0016440 secs] [Times: user=0.01 sys=0.00, real=0.01 secs] 
44.851: Total time for which application threads were stopped: 0.0017870 seconds, Stopping threads took: 0.0000700 seconds
44.915: Application time: 0.0638180 seconds
44.919: [GC44.919: [ParNew: 37047K->4136K(37632K), 0.0012070 secs] 60871K->27960K(121024K), 0.0015510 secs] [Times: user=0.01 sys=0.00, real=0.00 secs] 
44.920: Total time for which application threads were stopped: 0.0052940 seconds, Stopping threads took: 0.0036870 seconds
44.980: Application time: 0.0595080 seconds
44.980: [GC44.980: [ParNew: 36863K->4119K(37632K), 0.0013460 secs] 60687K->28968K(121024K), 0.0013780 secs] [Times: user=0.01 sys=0.00, real=0.00 secs] 
44.981: Total time for which application threads were stopped: 0.0015250 seconds, Stopping threads took: 0.0000910 seconds
45.042: Application time: 0.0605770 seconds
45.042: [GC45.042: [ParNew: 36912K->4156K(37632K), 0.0016020 secs] 61760K->31052K(121024K), 0.0016340 secs] [Times: user=0.01 sys=0.00, real=0.00 secs] 
45.044: Total time for which application threads were stopped: 0.0017660 seconds, Stopping threads took: 0.0000750 seconds
45.105: Application time: 0.0611150 seconds
45.105: [GC45.105: [ParNew: 37555K->4158K(37632K), 0.0017040 secs] 64451K->33254K(121024K), 0.0017370 secs] [Times: user=0.01 sys=0.00, real=0.00 secs] 
45.107: Total time for which application threads were stopped: 0.0018620 seconds, Stopping threads took: 0.0000690 seconds
45.168: Application time: 0.0610230 seconds
45.168: [GC45.168: [ParNew: 37140K->4142K(37632K), 0.0019220 secs] 66237K->36398K(121024K), 0.0019550 secs] [Times: user=0.02 sys=0.00, real=0.00 secs] 
45.170: Total time for which application threads were stopped: 0.0020840 seconds, Stopping threads took: 0.0000750 seconds
45.231: Application time: 0.0612970 seconds
45.231: [GC45.231: [ParNew: 37094K->4158K(37632K), 0.0014840 secs] 69350K->37511K(121024K), 0.0015170 secs] [Times: user=0.01 sys=0.00, real=0.00 secs] 
45.233: Total time for which application threads were stopped: 0.0016390 seconds, Stopping threads took: 0.0000630 seconds
45.296: Application time: 0.0628130 seconds
45.296: [GC45.296: [ParNew: 36932K->4130K(37632K), 0.0014380 secs] 70285K->38539K(121024K), 0.0014690 secs] [Times: user=0.01 sys=0.00, real=0.00 secs] 
45.297: Total time for which application threads were stopped: 0.0015940 seconds, Stopping threads took: 0.0000720 seconds
45.357: Application time: 0.0600030 seconds
45.357: [GC45.357: [ParNew: 36652K->4137K(37632K), 0.0011060 secs] 71061K->38546K(121024K), 0.0011370 secs] [Times: user=0.01 sys=0.00, real=0.00 secs] 
45.358: Total time for which application threads were stopped: 0.0012730 seconds, Stopping threads took: 0.0000730 seconds
45.421: Application time: 0.0627480 seconds
45.421: [GC45.421: [ParNew: 36892K->4151K(37632K), 0.0010690 secs] 71301K->38559K(121024K), 0.0011000 secs] [Times: user=0.01 sys=0.00, real=0.00 secs] 
45.422: Total time for which application threads were stopped: 0.0012140 seconds, Stopping threads took: 0.0000600 seconds
45.480: Application time: 0.0577760 seconds
45.480: [GC45.480: [ParNew: 37600K->4135K(37632K), 0.0014740 secs] 72009K->39568K(121024K), 0.0015130 secs] [Times: user=0.01 sys=0.00, real=0.00 secs] 
45.482: Total time for which application threads were stopped: 0.0016300 seconds, Stopping threads took: 0.0000620 seconds
45.539: Application time: 0.0573050 seconds
45.539: [GC45.539: [ParNew: 36728K->4112K(37632K), 0.0017420 secs] 72161K->41592K(121024K), 0.0017750 secs] [Times: user=0.01 sys=0.00, real=0.00 secs] 
45.541: Total time for which application threads were stopped: 0.0018970 seconds, Stopping threads took: 0.0000670 seconds
45.602: Application time: 0.0610980 seconds
45.602: [GC45.602: [ParNew: 36946K->4128K(37632K), 0.0017290 secs] 74427K->43657K(121024K), 0.0017650 secs] [Times: user=0.01 sys=0.00, real=0.00 secs] 
45.604: Total time for which application threads were stopped: 0.0019000 seconds, Stopping threads took: 0.0000740 seconds
45.666: Application time: 0.0616130 seconds
45.666: [GC45.666: [ParNew: 36849K->4133K(37632K), 0.0013840 secs] 76377K->44685K(121024K), 0.0014190 secs] [Times: user=0.01 sys=0.00, real=0.00 secs] 
45.667: Total time for which application threads were stopped: 0.0015370 seconds, Stopping threads took: 0.0000610 seconds
45.726: Application time: 0.0587490 seconds
45.726: [GC45.726: [ParNew: 36960K->4142K(37632K), 0.0016840 secs] 77513K->46743K(121024K), 0.0017190 secs] [Times: user=0.01 sys=0.00, real=0.00 secs] 
45.728: Total time for which application threads were stopped: 0.0018640 seconds, Stopping threads took: 0.0000870 seconds
45.790: Application time: 0.0619520 seconds
45.790: [GC45.790: [ParNew: 37529K->4152K(37632K), 0.0019630 secs] 80130K->49945K(121024K), 0.0019960 secs] [Times: user=0.02 sys=0.00, real=0.01 secs] 
45.792: Total time for which application threads were stopped: 0.0021320 seconds, Stopping threads took: 0.0000800 seconds
45.851: Application time: 0.0592800 seconds
45.851: [GC45.851: [ParNew: 37241K->4156K(37632K), 0.0019670 secs] 83034K->53117K(121024K), 0.0020000 secs] [Times: user=0.02 sys=0.00, real=0.00 secs] 
45.853: Total time for which application threads were stopped: 0.0021400 seconds, Stopping threads took: 0.0000840 seconds
45.918: Application time: 0.0642550 seconds
45.918: [GC45.918: [ParNew: 37217K->4143K(37632K), 0.0016640 secs] 86178K->55240K(121024K), 0.0016980 secs] [Times: user=0.01 sys=0.00, real=0.01 secs] 
45.919: Total time for which application threads were stopped: 0.0019010 seconds, Stopping threads took: 0.0001380 seconds
45.982: Application time: 0.0622500 seconds
45.982: [GC45.982: [ParNew: 36912K->4146K(37632K), 0.0014140 secs] 88009K->56331K(121024K), 0.0014450 secs] [Times: user=0.01 sys=0.00, real=0.00 secs] 
45.983: Total time for which application threads were stopped: 0.0015920 seconds, Stopping threads took: 0.0000880 seconds
46.048: Application time: 0.0645650 seconds
46.048: [GC46.048: [ParNew: 36645K->3127K(37632K), 0.0008400 secs] 88830K->55312K(121024K), 0.0008680 secs] [Times: user=0.00 sys=0.00, real=0.00 secs] 
46.049: Total time for which application threads were stopped: 0.0010110 seconds, Stopping threads took: 0.0000920 seconds
46.109: Application time: 0.0600020 seconds
46.109: [GC46.109: [ParNew: 36599K->4137K(37632K), 0.0013250 secs] 88784K->57346K(121024K), 0.0013610 secs] [Times: user=0.01 sys=0.00, real=0.00 secs] 
46.110: Total time for which application threads were stopped: 0.0014710 seconds, Stopping threads took: 0.0000510 seconds
46.166: Application time: 0.0556730 seconds
46.166: [GC46.166: [ParNew: 36779K->4112K(37632K), 0.0019770 secs] 89988K->60393K(121024K), 0.0020130 secs] [Times: user=0.01 sys=0.00, real=0.00 secs] 
46.168: Total time for which application threads were stopped: 0.0021390 seconds, Stopping threads took: 0.0000710 seconds
46.230: Application time: 0.0616810 seconds
46.230: [GC46.230: [ParNew: 37069K->4112K(37632K), 0.0017460 secs] 93350K->62442K(121024K), 0.0017800 secs] [Times: user=0.02 sys=0.00, real=0.01 secs] 
46.232: Total time for which application threads were stopped: 0.0019430 seconds, Stopping threads took: 0.0000950 seconds
46.295: Application time: 0.0631730 seconds
46.295: [GC46.295: [ParNew: 36986K->4145K(37632K), 0.0013810 secs] 95316K->63498K(121024K), 0.0014110 secs] [Times: user=0.01 sys=0.00, real=0.00 secs] 
46.297: Total time for which application threads were stopped: 0.0015720 seconds, Stopping threads took: 0.0001050 seconds
46.357: Application time: 0.0603040 seconds
46.357: [GC46.357: [ParNew: 36753K->4148K(37632K), 0.0010620 secs] 96106K->63501K(121024K), 0.0010910 secs] [Times: user=0.01 sys=0.00, real=0.00 secs] 
46.358: Total time for which application threads were stopped: 0.0012220 seconds, Stopping threads took: 0.0000770 seconds
46.418: Application time: 0.0599710 seconds
46.418: [GC46.418: [ParNew: 36936K->4147K(37632K), 0.0013550 secs] 96289K->64524K(121024K), 0.0013840 secs] [Times: user=0.01 sys=0.00, real=0.01 secs] 
46.420: Total time for which application threads were stopped: 0.0015100 seconds, Stopping threads took: 0.0000730 seconds
46.479: Application time: 0.0590800 seconds
46.479: [GC46.479: [ParNew: 37329K->4156K(37632K), 0.0020450 secs] 97707K->67733K(121024K), 0.0020770 secs] [Times: user=0.02 sys=0.00, real=0.00 secs] 
46.481: Total time for which application threads were stopped: 0.0022080 seconds, Stopping threads took: 0.0000700 seconds
46.543: Application time: 0.0626100 seconds
46.544: [GC46.544: [ParNew: 37313K->4154K(37632K), 0.0019740 secs] 100890K->70911K(121024K), 0.0020110 secs] [Times: user=0.02 sys=0.00, real=0.00 secs] 
46.546: Total time for which application threads were stopped: 0.0021300 seconds, Stopping threads took: 0.0000620 seconds
46.608: Application time: 0.0626160 seconds
46.608: [GC46.608: [ParNew: 37134K->4156K(37632K), 0.0014570 secs] 103892K->72018K(121024K), 0.0014900 secs] [Times: user=0.01 sys=0.00, real=0.00 secs] 
46.610: Total time for which application threads were stopped: 0.0016590 seconds, Stopping threads took: 0.0001120 seconds
46.673: Application time: 0.0632080 seconds
46.673: [GC46.673: [ParNew: 36970K->4159K(37632K), 0.0012430 secs] 104831K->72085K(121024K), 0.0012740 secs] [Times: user=0.01 sys=0.00, real=0.00 secs] 
46.674: Total time for which application threads were stopped: 0.0014150 seconds, Stopping threads took: 0.0000870 seconds
46.735: Application time: 0.0603470 seconds
46.735: [GC46.735: [ParNew: 37631K->4134K(37632K), 0.0011430 secs] 105557K->72076K(121024K), 0.0011740 secs] [Times: user=0.01 sys=0.00, real=0.00 secs] 
46.736: Total time for which application threads were stopped: 0.0013340 seconds, Stopping threads took: 0.0001090 seconds
46.799: Application time: 0.0625140 seconds
46.799: [GC46.799: [ParNew: 36816K->4120K(37632K), 0.0010080 secs] 104757K->72062K(121024K), 0.0010380 secs] [Times: user=0.00 sys=0.00, real=0.00 secs] 
46.800: Total time for which application threads were stopped: 0.0011660 seconds, Stopping threads took: 0.0000790 seconds
46.855: Application time: 0.0551740 seconds
46.855: [GC46.855: [ParNew: 36607K->4118K(37632K), 0.0016920 secs] 104549K->74108K(121024K), 0.0017280 secs] [Times: user=0.01 sys=0.00, real=0.00 secs] 
46.857: Total time for which application threads were stopped: 0.0018860 seconds, Stopping threads took: 0.0001010 seconds
46.920: Application time: 0.0634890 seconds
46.920: [GC46.921: [ParNew: 36986K->4116K(37632K), 0.0014580 secs] 106975K->75130K(121024K), 0.0014910 secs] [Times: user=0.01 sys=0.00, real=0.00 secs] 
46.922: Total time for which application threads were stopped: 0.0016080 seconds, Stopping threads took: 0.0000610 seconds
46.980: Application time: 0.0583330 seconds
46.983: [GC46.983: [ParNew: 36851K->4137K(37632K), 0.0011660 secs] 107865K->75150K(121024K), 0.0011990 secs] [Times: user=0.01 sys=0.00, real=0.00 secs] 
46.984: Total time for which application threads were stopped: 0.0036190 seconds, Stopping threads took: 0.0023540 seconds
47.047: Application time: 0.0625460 seconds
47.047: [GC47.047: [ParNew: 36958K->4132K(37632K), 0.0015710 secs] 107972K->77194K(121024K), 0.0016040 secs] [Times: user=0.01 sys=0.00, real=0.00 secs] 
47.048: Total time for which application threads were stopped: 0.0017440 seconds, Stopping threads took: 0.0000710 seconds
47.109: Application time: 0.0603130 seconds
47.109: [GC47.109: [ParNew: 37097K->4159K(37632K), 0.0012170 secs] 110159K->77273K(121024K), 0.0012470 secs] [Times: user=0.01 sys=0.00, real=0.00 secs] 
47.110: Total time for which application threads were stopped: 0.0013680 seconds, Stopping threads took: 0.0000660 seconds
47.170: Application time: 0.0596080 seconds
47.170: [GC47.170: [ParNew: 37247K->4158K(37632K), 0.0017040 secs] 110361K->79464K(121024K), 0.0017360 secs] [Times: user=0.01 sys=0.00, real=0.01 secs] 
47.171: Total time for which application threads were stopped: 0.0018660 seconds, Stopping threads took: 0.0000730 seconds
47.232: Application time: 0.0609690 seconds
47.233: [GC47.233: [ParNew: 37075K->4156K(37632K), 0.0017320 secs] 112381K->81602K(121024K), 0.0017640 secs] [Times: user=0.01 sys=0.00, real=0.00 secs] 
47.234: Total time for which application threads were stopped: 0.0019160 seconds, Stopping threads took: 0.0000940 seconds
47.299: Application time: 0.0650050 seconds
47.299: [GC47.299: [ParNew: 37204K->4156K(37632K), 0.0013980 secs] 114650K->82698K(121024K), 0.0014280 secs] [Times: user=0.01 sys=0.00, real=0.00 secs] 
47.301: Total time for which application threads were stopped: 0.0015680 seconds, Stopping threads took: 0.0000850 seconds
47.359: Application time: 0.0585810 seconds
47.360: [GC47.360: [ParNew: 36638K->4134K(37632K), 0.0011370 secs] 115180K->82725K(121024K), 0.0011670 secs] [Times: user=0.01 sys=0.00, real=0.00 secs] 
47.361: Total time for which application threads were stopped: 0.0012860 seconds, Stopping threads took: 0.0000650 seconds
47.422: Application time: 0.0608110 seconds
47.422: [GC47.422: [ParNew: 36742K->4122K(37632K), 0.0010620 secs] 115332K->82712K(121024K), 0.0010920 secs] [Times: user=0.01 sys=0.00, real=0.00 secs] 
47.423: Total time for which application threads were stopped: 0.0012040 seconds, Stopping threads took: 0.0000590 seconds
47.479: Application time: 0.0565020 seconds
47.479: [GC47.479: [ParNew: 36720K->4132K(37632K), 0.0017100 secs] 115311K->84770K(121024K), 0.0017430 secs] [Times: user=0.01 sys=0.00, real=0.00 secs] 
47.481: Total time for which application threads were stopped: 0.0019120 seconds, Stopping threads took: 0.0001110 seconds
47.545: Application time: 0.0639840 seconds
47.545: [GC47.545: [ParNew: 37042K->4128K(37632K), 0.0015440 secs] 117680K->86814K(121024K), 0.0015780 secs] [Times: user=0.01 sys=0.00, real=0.00 secs] 
47.547: Total time for which application threads were stopped: 0.0017070 seconds, Stopping threads took: 0.0000630 seconds
47.606: Application time: 0.0594720 seconds
47.606: [GC47.607: [ParNew: 36875K->4154K(37632K), 0.0011550 secs] 119561K->86840K(121024K), 0.0011870 secs] [Times: user=0.00 sys=0.00, real=0.00 secs] 
47.608: Total time for which application threads were stopped: 0.0013440 seconds, Stopping threads took: 0.0001010 seconds
47.670: Application time: 0.0625030 seconds
47.670: [GC47.670: [ParNew: 36952K->4151K(37632K), 0.0012780 secs] 119638K->86837K(121024K), 0.0013090 secs] [Times: user=0.01 sys=0.00, real=0.01 secs] 
47.672: Total time for which application threads were stopped: 0.0014470 seconds, Stopping threads took: 0.0000830 seconds
47.730: Application time: 0.0584760 seconds
47.730: [GC47.730: [ParNew: 36642K->4130K(37632K), 0.0011280 secs] 119328K->86817K(121024K), 0.0011580 secs] [Times: user=0.01 sys=0.00, real=0.01 secs] 
47.731: Total time for which application threads were stopped: 0.0013110 seconds, Stopping threads took: 0.0000980 seconds
47.792: Application time: 0.0607720 seconds
47.792: [GC47.792: [ParNew: 37092K->4158K(37632K), 0.0018490 secs]47.794: [Tenured: 84738K->9650K(85448K), 0.0079580 secs] 119779K->9650K(123080K), [Perm : 5498K->5498K(21248K)], 0.0099490 secs] [Times: user=0.02 sys=0.00, real=0.01 secs] 
47.802: Total time for which application threads were stopped: 0.0100990 seconds, Stopping threads took: 0.0000840 seconds
47.864: Application time: 0.0612240 seconds
47.864: [GC47.864: [ParNew: 33305K->4158K(37632K), 0.0015790 secs] 42956K->14949K(121024K), 0.0016160 secs] [Times: user=0.01 sys=0.00, real=0.00 secs] 
47.865: Total time for which application threads were stopped: 0.0018240 seconds, Stopping threads took: 0.0001390 seconds
47.927: Application time: 0.0615350 seconds
47.927: [GC47.927: [ParNew: 37064K->4158K(37632K), 0.0014150 secs] 47855K->16061K(121024K), 0.0014480 secs] [Times: user=0.01 sys=0.00, real=0.00 secs] 
47.928: Total time for which application threads were stopped: 0.0015800 seconds, Stopping threads took: 0.0000760 seconds
47.991: Application time: 0.0624960 seconds
47.991: [GC47.991: [ParNew: 37047K->4147K(37632K), 0.0010780 secs] 48950K->16106K(121024K), 0.0011080 secs] [Times: user=0.01 sys=0.00, real=0.00 secs] 
47.992: Total time for which application threads were stopped: 0.0012340 seconds, Stopping threads took: 0.0000730 seconds
48.051: Application time: 0.0586550 seconds
48.051: [GC48.051: [ParNew: 37619K->4146K(37632K), 0.0014220 secs] 49578K->17177K(121024K), 0.0014570 secs] [Times: user=0.01 sys=0.00, real=0.00 secs] 
48.052: Total time for which application threads were stopped: 0.0016050 seconds, Stopping threads took: 0.0000840 seconds
48.115: Application time: 0.0625350 seconds
48.115: [GC48.115: [ParNew: 36910K->4117K(37632K), 0.0014100 secs] 49941K->18172K(121024K), 0.0014400 secs] [Times: user=0.01 sys=0.00, real=0.00 secs] 
48.117: Total time for which application threads were stopped: 0.0016160 seconds, Stopping threads took: 0.0001200 seconds
48.173: Application time: 0.0566450 seconds
48.173: [GC48.173: [ParNew: 36836K->4128K(37632K), 0.0017040 secs] 50891K->20231K(121024K), 0.0017380 secs] [Times: user=0.01 sys=0.00, real=0.00 secs] 
48.175: Total time for which application threads were stopped: 0.0018990 seconds, Stopping threads took: 0.0001040 seconds
48.239: Application time: 0.0635160 seconds
48.239: [GC48.239: [ParNew: 37023K->4130K(37632K), 0.0016890 secs] 53127K->22281K(121024K), 0.0017220 secs] [Times: user=0.01 sys=0.00, real=0.00 secs] 
48.241: Total time for which application threads were stopped: 0.0018470 seconds, Stopping threads took: 0.0000690 seconds
48.301: Application time: 0.0601540 seconds
48.301: [GC48.301: [ParNew: 36900K->4132K(37632K), 0.0013980 secs] 55051K->23307K(121024K), 0.0014270 secs] [Times: user=0.01 sys=0.00, real=0.00 secs] 
48.302: Total time for which application threads were stopped: 0.0015630 seconds, Stopping threads took: 0.0000830 seconds
48.367: Application time: 0.0645150 seconds
48.371: [GC48.371: [ParNew: 37207K->4134K(37632K), 0.0012310 secs] 56382K->23309K(121024K), 0.0012620 secs] [Times: user=0.01 sys=0.00, real=0.00 secs] 
48.372: Total time for which application threads were stopped: 0.0051610 seconds, Stopping threads took: 0.0038420 seconds
48.434: Application time: 0.0618930 seconds
48.434: [GC48.434: [ParNew: 36764K->4154K(37632K), 0.0010410 secs] 55939K->23329K(121024K), 0.0010730 secs] [Times: user=0.01 sys=0.00, real=0.00 secs] 
48.435: Total time for which application threads were stopped: 0.0012200 seconds, Stopping threads took: 0.0000920 seconds
48.495: Application time: 0.0597920 seconds
48.495: [GC48.495: [ParNew: 36857K->4159K(37632K), 0.0011200 secs] 56032K->23382K(121024K), 0.0011500 secs] [Times: user=0.01 sys=0.00, real=0.00 secs] 
48.496: Total time for which application threads were stopped: 0.0012660 seconds, Stopping threads took: 0.0000620 seconds
48.557: Application time: 0.0608080 seconds
48.557: [GC48.557: [ParNew: 37327K->4156K(37632K), 0.0017440 secs] 56550K->25563K(121024K), 0.0017790 secs] [Times: user=0.02 sys=0.00, real=0.01 secs] 
48.559: Total time for which application threads were stopped: 0.0019090 seconds, Stopping threads took: 0.0000620 seconds
48.616: Application time: 0.0572080 seconds
48.616: [GC48.616: [ParNew: 36707K->4159K(37632K), 0.0011950 secs] 58114K->25670K(121024K), 0.0012240 secs] [Times: user=0.01 sys=0.00, real=0.00 secs] 
48.617: Total time for which application threads were stopped: 0.0013540 seconds, Stopping threads took: 0.0000740 seconds
48.677: Application time: 0.0592690 seconds
48.677: [GC48.677: [ParNew: 36801K->4140K(37632K), 0.0018000 secs] 58312K->27732K(121024K), 0.0018450 secs] [Times: user=0.01 sys=0.00, real=0.01 secs] 
48.679: Total time for which application threads were stopped: 0.0019660 seconds, Stopping threads took: 0.0000630 seconds
48.738: Application time: 0.0595990 seconds
48.738: [GC48.738: [ParNew: 36881K->4131K(37632K), 0.0017400 secs] 60472K->29826K(121024K), 0.0017740 secs] [Times: user=0.02 sys=0.00, real=0.01 secs] 
48.740: Total time for which application threads were stopped: 0.0018950 seconds, Stopping threads took: 0.0000630 seconds
48.799: Application time: 0.0585410 seconds
48.799: [GC48.799: [ParNew: 36887K->4112K(37632K), 0.0019510 secs] 62582K->32879K(121024K), 0.0019850 secs] [Times: user=0.01 sys=0.00, real=0.00 secs] 
48.801: Total time for which application threads were stopped: 0.0021800 seconds, Stopping threads took: 0.0001360 seconds
48.863: Application time: 0.0623480 seconds
48.863: [GC48.863: [ParNew: 37103K->4116K(37632K), 0.0017390 secs] 65870K->34931K(121024K), 0.0017720 secs] [Times: user=0.01 sys=0.00, real=0.00 secs] 
48.865: Total time for which application threads were stopped: 0.0019030 seconds, Stopping threads took: 0.0000730 seconds
48.925: Application time: 0.0598810 seconds
48.925: [GC48.925: [ParNew: 36976K->4112K(37632K), 0.0020310 secs] 67791K->37999K(121024K), 0.0020660 secs] [Times: user=0.02 sys=0.00, real=0.00 secs] 
48.927: Total time for which application threads were stopped: 0.0022580 seconds, Stopping threads took: 0.0001350 seconds
48.992: Application time: 0.0651340 seconds
48.993: [GC48.993: [ParNew: 37116K->4126K(37632K), 0.0015990 secs] 71004K->40061K(121024K), 0.0016320 secs] [Times: user=0.01 sys=0.00, real=0.00 secs] 
48.994: Total time for which application threads were stopped: 0.0018050 seconds, Stopping threads took: 0.0001150 seconds
49.056: Application time: 0.0614870 seconds
49.056: [GC49.056: [ParNew: 36848K->4148K(37632K), 0.0014870 secs] 72784K->41108K(121024K), 0.0015180 secs] [Times: user=0.01 sys=0.00, real=0.00 secs] 
49.057: Total time for which application threads were stopped: 0.0016620 seconds, Stopping threads took: 0.0000870 seconds
49.124: Application time: 0.0663350 seconds
49.124: [GC49.124: [ParNew: 37165K->3145K(37632K), 0.0007930 secs] 74124K->40105K(121024K), 0.0008210 secs] [Times: user=0.01 sys=0.00, real=0.00 secs] 
49.125: Total time for which application threads were stopped: 0.0009500 seconds, Stopping threads took: 0.0000630 seconds
49.181: Application time: 0.0559860 seconds
49.181: [GC49.181: [ParNew: 36479K->4155K(37632K), 0.0014210 secs] 73439K->42155K(121024K), 0.0014530 secs] [Times: user=0.01 sys=0.00, real=0.00 secs] 
49.182: Total time for which application threads were stopped: 0.0015740 seconds, Stopping threads took: 0.0000640 seconds
49.246: Application time: 0.0634720 seconds
49.246: [GC49.246: [ParNew: 37333K->4154K(37632K), 0.0019830 secs] 75332K->45354K(121024K), 0.0020210 secs] [Times: user=0.02 sys=0.00, real=0.00 secs] 
49.248: Total time for which application threads were stopped: 0.0021470 seconds, Stopping threads took: 0.0000660 seconds
49.303: Application time: 0.0554330 seconds
49.303: [GC49.303: [ParNew: 36693K->4159K(37632K), 0.0011780 secs] 77893K->45471K(121024K), 0.0012080 secs] [Times: user=0.01 sys=0.00, real=0.00 secs] 
49.305: Total time for which application threads were stopped: 0.0013290 seconds, Stopping threads took: 0.0000670 seconds
49.366: Application time: 0.0616910 seconds
49.366: [GC49.366: [ParNew: 36985K->4149K(37632K), 0.0011340 secs] 78297K->45533K(121024K), 0.0011630 secs] [Times: user=0.00 sys=0.01, real=0.00 secs] 
49.368: Total time for which application threads were stopped: 0.0013420 seconds, Stopping threads took: 0.0001260 seconds
49.425: Application time: 0.0576330 seconds
49.425: [GC49.425: [ParNew: 36835K->4132K(37632K), 0.0017040 secs] 78219K->47612K(121024K), 0.0017360 secs] [Times: user=0.02 sys=0.00, real=0.00 secs] 
49.427: Total time for which application threads were stopped: 0.0018910 seconds, Stopping threads took: 0.0000900 seconds
49.491: Application time: 0.0641410 seconds
49.491: [GC49.491: [ParNew: 37016K->4116K(37632K), 0.0015070 secs] 80496K->49644K(121024K), 0.0015380 secs] [Times: user=0.02 sys=0.00, real=0.00 secs] 
49.493: Total time for which application threads were stopped: 0.0016810 seconds, Stopping threads took: 0.0000870 seconds
49.552: Application time: 0.0585060 seconds
49.552: [GC49.552: [ParNew: 36947K->4112K(37632K), 0.0019060 secs] 82475K->52712K(121024K), 0.0019400 secs] [Times: user=0.02 sys=0.00, real=0.00 secs] 
49.554: Total time for which application threads were stopped: 0.0020760 seconds, Stopping threads took: 0.0000780 seconds
49.616: Application time: 0.0626710 seconds
49.616: [GC49.616: [ParNew: 37067K->4112K(37632K), 0.0019380 secs] 85668K->55784K(121024K), 0.0019710 secs] [Times: user=0.01 sys=0.00, real=0.00 secs] 
49.618: Total time for which application threads were stopped: 0.0021150 seconds, Stopping threads took: 0.0000860 seconds
49.681: Application time: 0.0623910 seconds
49.683: [GC49.683: [ParNew: 36896K->4133K(37632K), 0.0013630 secs] 88569K->56829K(121024K), 0.0013970 secs] [Times: user=0.01 sys=0.00, real=0.00 secs] 
49.684: Total time for which application threads were stopped: 0.0033730 seconds, Stopping threads took: 0.0019080 seconds
49.747: Application time: 0.0632520 seconds
49.748: [GC49.748: [ParNew: 36941K->4148K(37632K), 0.0013920 secs] 89637K->56845K(121024K), 0.0014220 secs] [Times: user=0.01 sys=0.00, real=0.00 secs] 
49.749: Total time for which application threads were stopped: 0.0016440 seconds, Stopping threads took: 0.0001460 seconds
49.810: Application time: 0.0607000 seconds
49.810: [GC49.810: [ParNew: 37620K->4137K(37632K), 0.0013220 secs] 90317K->57857K(121024K), 0.0013550 secs] [Times: user=0.01 sys=0.00, real=0.01 secs] 
49.811: Total time for which application threads were stopped: 0.0014950 seconds, Stopping threads took: 0.0000850 seconds
49.871: Application time: 0.0600250 seconds
49.875: [GC49.875: [ParNew: 37007K->4156K(37632K), 0.0016800 secs] 90728K->59940K(121024K), 0.0017140 secs] [Times: user=0.01 sys=0.00, real=0.00 secs] 
49.876: Total time for which application threads were stopped: 0.0051480 seconds, Stopping threads took: 0.0033770 seconds
49.936: Application time: 0.0591430 seconds
49.936: [GC49.936: [ParNew: 37316K->4158K(37632K), 0.0017550 secs] 93100K->62126K(121024K), 0.0017910 secs] [Times: user=0.02 sys=0.00, real=0.00 secs] 
49.938: Total time for which application threads were stopped: 0.0019380 seconds, Stopping threads took: 0.0000910 seconds
49.998: Application time: 0.0605120 seconds
49.998: [GC49.998: [ParNew: 36921K->4158K(37632K), 0.0012080 secs] 94889K->62246K(121024K), 0.0012380 secs] [Times: user=0.01 sys=0.00, real=0.01 secs] 
49.999: Total time for which application threads were stopped: 0.0013710 seconds, Stopping threads took: 0.0000780 seconds
50.063: Application time: 0.0636850 seconds
50.063: [GC50.063: [ParNew: 37038K->3127K(37632K), 0.0009190 secs] 95126K->61264K(121024K), 0.0009480 secs] [Times: user=0.00 sys=0.00, real=0.00 secs] 
50.064: Total time for which application threads were stopped: 0.0010670 seconds, Stopping threads took: 0.0000680 seconds
50.122: Application time: 0.0574480 seconds
50.122: [GC50.122: [ParNew: 35737K->4130K(37632K), 0.0016910 secs] 93873K->64370K(121024K), 0.0017240 secs] [Times: user=0.01 sys=0.00, real=0.00 secs] 
50.123: Total time for which application threads were stopped: 0.0018460 seconds, Stopping threads took: 0.0000600 seconds
50.183: Application time: 0.0596510 seconds
50.183: [GC50.183: [ParNew: 36889K->4114K(37632K), 0.0015650 secs] 97129K->66402K(121024K), 0.0015980 secs] [Times: user=0.01 sys=0.00, real=0.00 secs] 
50.185: Total time for which application threads were stopped: 0.0017380 seconds, Stopping threads took: 0.0000840 seconds
50.246: Application time: 0.0611080 seconds
50.246: [GC50.246: [ParNew: 37034K->4114K(37632K), 0.0015840 secs] 99322K->68450K(121024K), 0.0016240 secs] [Times: user=0.01 sys=0.00, real=0.00 secs] 
50.248: Total time for which application threads were stopped: 0.0017780 seconds, Stopping threads took: 0.0000870 seconds
50.310: Application time: 0.0626230 seconds
50.310: [GC50.310: [ParNew: 37037K->4110K(37632K), 0.0019350 secs] 101374K->71518K(121024K), 0.0019690 secs] [Times: user=0.01 sys=0.00, real=0.01 secs] 
50.312: Total time for which application threads were stopped: 0.0021010 seconds, Stopping threads took: 0.0000750 seconds
50.374: Application time: 0.0612500 seconds
50.374: [GC50.374: [ParNew: 36980K->4113K(37632K), 0.0016490 secs] 104389K->73570K(121024K), 0.0016800 secs] [Times: user=0.01 sys=0.00, real=0.00 secs] 
50.376: Total time for which application threads were stopped: 0.0018090 seconds, Stopping threads took: 0.0000720 seconds
50.440: Application time: 0.0643960 seconds
50.440: [GC50.440: [ParNew: 37060K->4158K(37632K), 0.0011130 secs] 106517K->73647K(121024K), 0.0011450 secs] [Times: user=0.00 sys=0.00, real=0.00 secs] 
50.441: Total time for which application threads were stopped: 0.0012600 seconds, Stopping threads took: 0.0000630 seconds
50.504: Application time: 0.0632050 seconds
50.505: [GC50.505: [ParNew: 36925K->3128K(37632K), 0.0008360 secs] 106414K->72616K(121024K), 0.0008640 secs] [Times: user=0.00 sys=0.00, real=0.00 secs] 
50.505: Total time for which application threads were stopped: 0.0009920 seconds, Stopping threads took: 0.0000750 seconds
50.563: Application time: 0.0574360 seconds
50.563: [GC50.563: [ParNew: 36600K->4158K(37632K), 0.0015160 secs] 106088K->74750K(121024K), 0.0015480 secs] [Times: user=0.01 sys=0.00, real=0.00 secs] 
50.564: Total time for which application threads were stopped: 0.0016620 seconds, Stopping threads took: 0.0000590 seconds
50.627: Application time: 0.0620520 seconds
50.627: [GC50.627: [ParNew: 37279K->4152K(37632K), 0.0020550 secs] 107871K->77912K(121024K), 0.0020890 secs] [Times: user=0.01 sys=0.00, real=0.00 secs] 
50.629: Total time for which application threads were stopped: 0.0022120 seconds, Stopping threads took: 0.0000620 seconds
50.686: Application time: 0.0569410 seconds
50.686: [GC50.686: [ParNew: 36724K->4158K(37632K), 0.0011800 secs] 110485K->78031K(121024K), 0.0012130 secs] [Times: user=0.01 sys=0.00, real=0.00 secs] 
50.687: Total time for which application threads were stopped: 0.0013450 seconds, Stopping threads took: 0.0000780 seconds
50.748: Application time: 0.0608400 seconds
50.748: [GC50.748: [ParNew: 36953K->4141K(37632K), 0.0016620 secs] 110826K->80134K(121024K), 0.0016950 secs] [Times: user=0.02 sys=0.00, real=0.00 secs] 
50.750: Total time for which application threads were stopped: 0.0018410 seconds, Stopping threads took: 0.0000800 seconds
50.809: Application time: 0.0594970 seconds
50.809: [GC50.809: [ParNew: 36875K->4129K(37632K), 0.0016300 secs] 112868K->82226K(121024K), 0.0016640 secs] [Times: user=0.01 sys=0.00, real=0.01 secs] 
50.811: Total time for which application threads were stopped: 0.0017940 seconds, Stopping threads took: 0.0000740 seconds
50.871: Application time: 0.0596340 seconds
50.871: [GC50.871: [ParNew: 36935K->4116K(37632K), 0.0016460 secs] 115032K->84261K(121024K), 0.0016770 secs] [Times: user=0.01 sys=0.01, real=0.00 secs] 
50.873: Total time for which application threads were stopped: 0.0018660 seconds, Stopping threads took: 0.0001350 seconds
50.936: Application time: 0.0630600 seconds
50.936: [GC50.936: [ParNew: 37003K->4112K(37632K), 0.0019220 secs] 117148K->87329K(121024K), 0.0019540 secs] [Times: user=0.02 sys=0.00, real=0.00 secs] 
50.938: Total time for which application threads were stopped: 0.0021000 seconds, Stopping threads took: 0.0000900 seconds
50.999: Application time: 0.0614500 seconds
50.999: [GC50.999: [ParNew: 37067K->4112K(37632K), 0.0017560 secs]51.001: [Tenured: 86288K->13927K(86476K), 0.0085320 secs] 120284K->13927K(124108K), [Perm : 5498K->5498K(21248K)], 0.0104790 secs] [Times: user=0.02 sys=0.00, real=0.00 secs] 
51.010: Total time for which application threads were stopped: 0.0106120 seconds, Stopping threads took: 0.0000680 seconds
51.074: Application time: 0.0639980 seconds
51.074: [GC51.074: [ParNew: 32963K->4134K(37632K), 0.0017320 secs] 46891K->20110K(121024K), 0.0017740 secs] [Times: user=0.02 sys=0.00, real=0.00 secs] 
51.076: Total time for which application threads were stopped: 0.0019310 seconds, Stopping threads took: 0.0000990 seconds
51.138: Application time: 0.0622840 seconds
51.138: [GC51.138: [ParNew: 37019K->4152K(37632K), 0.0013640 secs] 52995K->21168K(121024K), 0.0013970 secs] [Times: user=0.01 sys=0.00, real=0.01 secs] 
51.140: Total time for which application threads were stopped: 0.0015260 seconds, Stopping threads took: 0.0000730 seconds
51.200: Application time: 0.0608900 seconds
51.201: [GC51.201: [ParNew: 36691K->2104K(37632K), 0.0006120 secs] 53707K->19120K(121024K), 0.0006410 secs] [Times: user=0.01 sys=0.00, real=0.00 secs] 
51.201: Total time for which application threads were stopped: 0.0007830 seconds, Stopping threads took: 0.0000890 seconds
51.260: Application time: 0.0587060 seconds
51.260: [GC51.260: [ParNew: 35576K->4159K(37632K), 0.0016660 secs] 52592K->23240K(121024K), 0.0017000 secs] [Times: user=0.01 sys=0.00, real=0.00 secs] 
51.262: Total time for which application threads were stopped: 0.0018310 seconds, Stopping threads took: 0.0000630 seconds
51.324: Application time: 0.0618290 seconds
51.324: [GC51.324: [ParNew: 37400K->4158K(37632K), 0.0016530 secs] 56480K->25414K(121024K), 0.0016870 secs] [Times: user=0.01 sys=0.00, real=0.00 secs] 
51.325: Total time for which application threads were stopped: 0.0018090 seconds, Stopping threads took: 0.0000610 seconds
51.383: Application time: 0.0574270 seconds
51.383: [GC51.383: [ParNew: 36849K->4159K(37632K), 0.0014030 secs] 58105K->26535K(121024K), 0.0014320 secs] [Times: user=0.01 sys=0.00, real=0.00 secs] 
51.384: Total time for which application threads were stopped: 0.0015670 seconds, Stopping threads took: 0.0000800 seconds
51.446: Application time: 0.0620530 seconds
51.447: [GC51.447: [ParNew: 37096K->4158K(37632K), 0.0017000 secs] 59473K->28671K(121024K), 0.0017360 secs] [Times: user=0.01 sys=0.00, real=0.00 secs] 
51.448: Total time for which application threads were stopped: 0.0018880 seconds, Stopping threads took: 0.0000950 seconds
51.511: Application time: 0.0628140 seconds
51.511: [GC51.511: [ParNew: 37036K->4129K(37632K), 0.0013520 secs] 61548K->29721K(121024K), 0.0013830 secs] [Times: user=0.01 sys=0.00, real=0.00 secs] 
51.513: Total time for which application threads were stopped: 0.0015140 seconds, Stopping threads took: 0.0000770 seconds
51.569: Application time: 0.0562200 seconds
51.569: [GC51.569: [ParNew: 36673K->4115K(37632K), 0.0017440 secs] 62266K->31755K(121024K), 0.0017810 secs] [Times: user=0.01 sys=0.00, real=0.01 secs] 
51.571: Total time for which application threads were stopped: 0.0019920 seconds, Stopping threads took: 0.0001520 seconds
51.634: Application time: 0.0628620 seconds
51.634: [GC51.634: [ParNew: 37034K->4110K(37632K), 0.0018700 secs] 64674K->34822K(121024K), 0.0019020 secs] [Times: user=0.01 sys=0.00, real=0.00 secs] 
51.636: Total time for which application threads were stopped: 0.0020360 seconds, Stopping threads took: 0.0000800 seconds
51.695: Application time: 0.0592000 seconds
51.695: [GC51.695: [ParNew: 36948K->4126K(37632K), 0.0017780 secs] 67660K->36886K(121024K), 0.0018100 secs] [Times: user=0.02 sys=0.00, real=0.00 secs] 
51.697: Total time for which application threads were stopped: 0.0019320 seconds, Stopping threads took: 0.0000660 seconds
51.761: Application time: 0.0637040 seconds
51.761: [GC51.761: [ParNew: 37043K->4132K(37632K), 0.0017300 secs] 69803K->38940K(121024K), 0.0017620 secs] [Times: user=0.01 sys=0.00, real=0.00 secs] 
51.763: Total time for which application threads were stopped: 0.0019270 seconds, Stopping threads took: 0.0000980 seconds
51.827: Application time: 0.0641210 seconds
51.827: [GC51.827: [ParNew: 36989K->4132K(37632K), 0.0013980 secs] 71798K->38940K(121024K), 0.0014250 secs] [Times: user=0.00 sys=0.00, real=0.00 secs] 
51.828: Total time for which application threads were stopped: 0.0015940 seconds, Stopping threads took: 0.0000870 seconds
51.889: Application time: 0.0606400 seconds
51.891: [GC51.891: [ParNew: 37594K->4134K(37632K), 0.0011260 secs] 72403K->38943K(121024K), 0.0011580 secs] [Times: user=0.01 sys=0.00, real=0.00 secs] 
51.892: Total time for which application threads were stopped: 0.0030820 seconds, Stopping threads took: 0.0018470 seconds
51.954: Application time: 0.0616210 seconds
51.954: [GC51.954: [ParNew: 37050K->4158K(37632K), 0.0011610 secs] 71858K->39023K(121024K), 0.0011910 secs] [Times: user=0.01 sys=0.00, real=0.00 secs] 
51.955: Total time for which application threads were stopped: 0.0013090 seconds, Stopping threads took: 0.0000600 seconds
52.014: Application time: 0.0586480 seconds
52.014: [GC52.014: [ParNew: 37012K->4159K(37632K), 0.0015050 secs] 71877K->40151K(121024K), 0.0015360 secs] [Times: user=0.02 sys=0.00, real=0.00 secs] 
52.015: Total time for which application threads were stopped: 0.0017430 seconds, Stopping threads took: 0.0001510 seconds
52.073: Application time: 0.0575040 seconds
52.073: [GC52.073: [ParNew: 36882K->4143K(37632K), 0.0017160 secs] 72874K->42239K(121024K), 0.0017510 secs] [Times: user=0.00 sys=0.01, real=0.00 secs] 
52.075: Total time for which application threads were stopped: 0.0019060 seconds, Stopping threads took: 0.0000990 seconds
52.138: Application time: 0.0636310 seconds
52.143: [GC52.143: [ParNew: 37314K->4158K(37632K), 0.0012160 secs] 75411K->42359K(121024K), 0.0012460 secs] [Times: user=0.01 sys=0.00, real=0.00 secs] 
52.144: Total time for which application threads were stopped: 0.0056620 seconds, Stopping threads took: 0.0043420 seconds
52.203: Application time: 0.0588260 seconds
52.203: [GC52.203: [ParNew: 36842K->4134K(37632K), 0.0013490 secs] 75043K->43423K(121024K), 0.0013810 secs] [Times: user=0.01 sys=0.00, real=0.00 secs] 
52.204: Total time for which application threads were stopped: 0.0015330 seconds, Stopping threads took: 0.0000960 seconds
52.267: Application time: 0.0622420 seconds
52.267: [GC52.267: [ParNew: 36978K->4135K(37632K), 0.0010940 secs] 76267K->43424K(121024K), 0.0011250 secs] [Times: user=0.01 sys=0.00, real=0.00 secs] 
52.268: Total time for which application threads were stopped: 0.0012670 seconds, Stopping threads took: 0.0000810 seconds
52.327: Application time: 0.0590270 seconds
52.327: [GC52.327: [ParNew: 36771K->4112K(37632K), 0.0018950 secs] 76060K->46473K(121024K), 0.0019270 secs] [Times: user=0.01 sys=0.00, real=0.00 secs] 
52.329: Total time for which application threads were stopped: 0.0020530 seconds, Stopping threads took: 0.0000680 seconds
52.391: Application time: 0.0621400 seconds
52.391: [GC52.391: [ParNew: 37066K->4114K(37632K), 0.0019600 secs] 79427K->49547K(121024K), 0.0019910 secs] [Times: user=0.01 sys=0.00, real=0.00 secs] 
52.393: Total time for which application threads were stopped: 0.0021330 seconds, Stopping threads took: 0.0000860 seconds
52.457: Application time: 0.0636270 seconds
52.457: [GC52.457: [ParNew: 37085K->4128K(37632K), 0.0016860 secs] 82518K->51609K(121024K), 0.0017200 secs] [Times: user=0.00 sys=0.01, real=0.01 secs] 
52.459: Total time for which application threads were stopped: 0.0018350 seconds, Stopping threads took: 0.0000590 seconds
52.521: Application time: 0.0624540 seconds
52.521: [GC52.521: [ParNew: 36919K->4131K(37632K), 0.0013520 secs] 84400K->52636K(121024K), 0.0013820 secs] [Times: user=0.01 sys=0.00, real=0.00 secs] 
52.523: Total time for which application threads were stopped: 0.0015350 seconds, Stopping threads took: 0.0000980 seconds
52.583: Application time: 0.0606930 seconds
52.584: [GC52.584: [ParNew: 37587K->4138K(37632K), 0.0010820 secs] 86092K->52643K(121024K), 0.0011110 secs] [Times: user=0.01 sys=0.00, real=0.00 secs] 
52.585: Total time for which application threads were stopped: 0.0012390 seconds, Stopping threads took: 0.0000740 seconds
52.647: Application time: 0.0625690 seconds
52.647: [GC52.647: [ParNew: 37185K->3183K(37632K), 0.0009260 secs] 85690K->51688K(121024K), 0.0009650 secs] [Times: user=0.00 sys=0.00, real=0.00 secs] 
52.648: Total time for which application threads were stopped: 0.0010720 seconds, Stopping threads took: 0.0000540 seconds
52.708: Application time: 0.0598010 seconds
52.708: [GC52.708: [ParNew: 36071K->4154K(37632K), 0.0017430 secs] 84576K->54835K(121024K), 0.0017800 secs] [Times: user=0.02 sys=0.00, real=0.00 secs] 
52.710: Total time for which application threads were stopped: 0.0018980 seconds, Stopping threads took: 0.0000580 seconds
52.767: Application time: 0.0574870 seconds
52.771: [GC52.771: [ParNew: 36713K->4158K(37632K), 0.0011530 secs] 87394K->54959K(121024K), 0.0011820 secs] [Times: user=0.00 sys=0.00, real=0.00 secs] 
52.772: Total time for which application threads were stopped: 0.0043850 seconds, Stopping threads took: 0.0031430 seconds
52.832: Application time: 0.0601450 seconds
52.832: [GC52.832: [ParNew: 36930K->4143K(37632K), 0.0016310 secs] 87731K->57064K(121024K), 0.0016660 secs] [Times: user=0.01 sys=0.00, real=0.00 secs] 
52.834: Total time for which application threads were stopped: 0.0018390 seconds, Stopping threads took: 0.0001130 seconds
52.895: Application time: 0.0606680 seconds
52.895: [GC52.895: [ParNew: 37092K->4112K(37632K), 0.0016250 secs] 90014K->59129K(121024K), 0.0016570 secs] [Times: user=0.01 sys=0.00, real=0.00 secs] 
52.896: Total time for which application threads were stopped: 0.0018020 seconds, Stopping threads took: 0.0000890 seconds
52.953: Application time: 0.0567280 seconds
52.953: [GC52.953: [ParNew: 36782K->4116K(37632K), 0.0017650 secs] 91800K->61206K(121024K), 0.0017970 secs] [Times: user=0.02 sys=0.00, real=0.00 secs] 
52.955: Total time for which application threads were stopped: 0.0019320 seconds, Stopping threads took: 0.0000770 seconds
53.020: Application time: 0.0647550 seconds
53.020: [GC53.020: [ParNew: 37015K->4110K(37632K), 0.0017440 secs] 94104K->63248K(121024K), 0.0017760 secs] [Times: user=0.01 sys=0.00, real=0.00 secs] 
53.022: Total time for which application threads were stopped: 0.0019120 seconds, Stopping threads took: 0.0000800 seconds
53.081: Application time: 0.0594240 seconds
53.081: [GC53.081: [ParNew: 36987K->4114K(37632K), 0.0019790 secs] 96125K->66323K(121024K), 0.0020140 secs] [Times: user=0.02 sys=0.00, real=0.00 secs] 
53.083: Total time for which application threads were stopped: 0.0021500 seconds, Stopping threads took: 0.0000800 seconds
53.148: Application time: 0.0651040 seconds
53.148: [GC53.148: [ParNew: 37010K->4129K(37632K), 0.0014460 secs] 99219K->67362K(121024K), 0.0014770 secs] [Times: user=0.01 sys=0.00, real=0.00 secs] 
53.150: Total time for which application threads were stopped: 0.0015930 seconds, Stopping threads took: 0.0000590 seconds
53.211: Application time: 0.0606400 seconds
53.211: [GC53.211: [ParNew: 36823K->4134K(37632K), 0.0013950 secs] 100057K->68391K(121024K), 0.0014270 secs] [Times: user=0.01 sys=0.00, real=0.00 secs] 
53.212: Total time for which application threads were stopped: 0.0015890 seconds, Stopping threads took: 0.0001050 seconds
53.275: Application time: 0.0627970 seconds
53.275: [GC53.275: [ParNew: 36902K->4132K(37632K), 0.0014600 secs] 101159K->69413K(121024K), 0.0014910 secs] [Times: user=0.02 sys=0.00, real=0.00 secs] 
53.277: Total time for which application threads were stopped: 0.0016480 seconds, Stopping threads took: 0.0000910 seconds
53.336: Application time: 0.0594830 seconds
53.336: [GC53.336: [ParNew: 37009K->4159K(37632K), 0.0015320 secs] 102290K->70549K(121024K), 0.0015640 secs] [Times: user=0.01 sys=0.00, real=0.00 secs] 
53.338: Total time for which application threads were stopped: 0.0017600 seconds, Stopping threads took: 0.0001380 seconds
53.401: Application time: 0.0632440 seconds
53.401: [GC53.401: [ParNew: 37020K->3170K(37632K), 0.0008970 secs] 103410K->69632K(121024K), 0.0009260 secs] [Times: user=0.00 sys=0.00, real=0.00 secs] 
53.402: Total time for which application threads were stopped: 0.0010540 seconds, Stopping threads took: 0.0000750 seconds
53.457: Application time: 0.0548690 seconds
53.457: [GC53.457: [ParNew: 36642K->4156K(37632K), 0.0020550 secs] 103104K->73822K(121024K), 0.0020970 secs] [Times: user=0.02 sys=0.00, real=0.01 secs] 
53.459: Total time for which application threads were stopped: 0.0022330 seconds, Stopping threads took: 0.0000820 seconds
53.520: Application time: 0.0612040 seconds
53.521: [GC53.521: [ParNew: 37053K->4147K(37632K), 0.0013690 secs] 106718K->74909K(121024K), 0.0014010 secs] [Times: user=0.01 sys=0.00, real=0.00 secs] 
53.522: Total time for which application threads were stopped: 0.0015500 seconds, Stopping threads took: 0.0000930 seconds
53.582: Application time: 0.0603200 seconds
53.582: [GC53.583: [ParNew: 37000K->4128K(37632K), 0.0016630 secs] 107761K->76994K(121024K), 0.0016990 secs] [Times: user=0.01 sys=0.00, real=0.00 secs] 
53.584: Total time for which application threads were stopped: 0.0018310 seconds, Stopping threads took: 0.0000760 seconds
53.647: Application time: 0.0623760 seconds
53.647: [GC53.647: [ParNew: 36965K->4115K(37632K), 0.0013750 secs] 109831K->78005K(121024K), 0.0014060 secs] [Times: user=0.01 sys=0.00, real=0.00 secs] 
53.648: Total time for which application threads were stopped: 0.0015770 seconds, Stopping threads took: 0.0001140 seconds
53.709: Application time: 0.0610950 seconds
53.709: [GC53.709: [ParNew: 36967K->4113K(37632K), 0.0019080 secs] 110857K->81075K(121024K), 0.0019420 secs] [Times: user=0.01 sys=0.00, real=0.01 secs] 
53.711: Total time for which application threads were stopped: 0.0020890 seconds, Stopping threads took: 0.0000910 seconds
53.773: Application time: 0.0616720 seconds
53.775: [GC53.775: [ParNew: 37078K->4110K(37632K), 0.0019930 secs] 114040K->84144K(121024K), 0.0020260 secs] [Times: user=0.01 sys=0.00, real=0.00 secs] 
53.777: Total time for which application threads were stopped: 0.0037650 seconds, Stopping threads took: 0.0016760 seconds
53.842: Application time: 0.0653640 seconds
53.842: [GC53.842: [ParNew: 37101K->4110K(37632K), 0.0016920 secs] 117135K->86192K(121024K), 0.0017270 secs] [Times: user=0.01 sys=0.00, real=0.00 secs] 
53.844: Total time for which application threads were stopped: 0.0019130 seconds, Stopping threads took: 0.0001220 seconds
53.904: Application time: 0.0594800 seconds
53.904: [GC53.904: [ParNew: 36705K->4158K(37632K), 0.0012420 secs] 118787K->86264K(121024K), 0.0012720 secs] [Times: user=0.01 sys=0.00, real=0.00 secs] 
53.905: Total time for which application threads were stopped: 0.0014200 seconds, Stopping threads took: 0.0000920 seconds
53.967: Application time: 0.0619290 seconds
53.967: [GC53.967: [ParNew: 36846K->4134K(37632K), 0.0011410 secs] 118952K->86240K(121024K), 0.0011690 secs] [Times: user=0.01 sys=0.00, real=0.00 secs] 
53.968: Total time for which application threads were stopped: 0.0013100 seconds, Stopping threads took: 0.0000890 seconds
54.030: Application time: 0.0616610 seconds
54.030: [GC54.030: [ParNew: 37140K->4154K(37632K), 0.0014990 secs] 119246K->87348K(121024K), 0.0015310 secs] [Times: user=0.01 sys=0.00, real=0.01 secs] 
54.032: Total time for which application threads were stopped: 0.0016560 seconds, Stopping threads took: 0.0000670 seconds
54.089: Application time: 0.0573620 seconds
54.089: [GC54.089: [ParNew: 36682K->4159K(37632K), 0.0011620 secs] 119876K->87437K(121024K), 0.0011920 secs] [Times: user=0.01 sys=0.00, real=0.00 secs] 
54.090: Total time for which application threads were stopped: 0.0013070 seconds, Stopping threads took: 0.0000620 seconds
54.149: Application time: 0.0583910 seconds
54.149: [GC54.149: [ParNew: 36884K->4159K(37632K), 0.0014980 secs]54.150: [Tenured: 84398K->12108K(84420K), 0.0081160 secs] 120162K->12108K(122052K), [Perm : 5498K->5498K(21248K)], 0.0097170 secs] [Times: user=0.02 sys=0.00, real=0.01 secs] 
54.158: Total time for which application threads were stopped: 0.0098560 seconds, Stopping threads took: 0.0000780 seconds
54.214: Application time: 0.0551880 seconds
54.214: [GC54.214: [ParNew: 32815K->4138K(37632K), 0.0020340 secs] 44923K->19318K(121024K), 0.0020690 secs] [Times: user=0.02 sys=0.00, real=0.00 secs] 
54.216: Total time for which application threads were stopped: 0.0022130 seconds, Stopping threads took: 0.0000760 seconds
54.280: Application time: 0.0639340 seconds
54.280: [GC54.280: [ParNew: 37113K->4114K(37632K), 0.0017370 secs] 52293K->21391K(121024K), 0.0017750 secs] [Times: user=0.01 sys=0.00, real=0.00 secs] 
54.282: Total time for which application threads were stopped: 0.0019290 seconds, Stopping threads took: 0.0000940 seconds
54.344: Application time: 0.0625220 seconds
54.344: [GC54.344: [ParNew: 36969K->4130K(37632K), 0.0014890 secs] 54246K->23455K(121024K), 0.0015210 secs] [Times: user=0.01 sys=0.00, real=0.00 secs] 
54.346: Total time for which application threads were stopped: 0.0016550 seconds, Stopping threads took: 0.0000690 seconds
54.404: Application time: 0.0581650 seconds
54.404: [GC54.404: [ParNew: 36897K->4112K(37632K), 0.0019890 secs] 56221K->26508K(121024K), 0.0020210 secs] [Times: user=0.01 sys=0.00, real=0.00 secs] 
54.406: Total time for which application threads were stopped: 0.0021670 seconds, Stopping threads took: 0.0000870 seconds
54.471: Application time: 0.0645580 seconds
54.471: [GC54.471: [ParNew: 37098K->4112K(37632K), 0.0019860 secs] 59495K->29580K(121024K), 0.0020180 secs] [Times: user=0.01 sys=0.00, real=0.00 secs] 
54.473: Total time for which application threads were stopped: 0.0021400 seconds, Stopping threads took: 0.0000660 seconds
54.535: Application time: 0.0619170 seconds
54.535: [GC54.535: [ParNew: 36943K->4137K(37632K), 0.0016660 secs] 62411K->31654K(121024K), 0.0016990 secs] [Times: user=0.01 sys=0.00, real=0.00 secs] 
54.537: Total time for which application threads were stopped: 0.0018640 seconds, Stopping threads took: 0.0001080 seconds
54.597: Application time: 0.0607020 seconds
54.598: [GC54.598: [ParNew: 36798K->4134K(37632K), 0.0011740 secs] 64314K->31651K(121024K), 0.0012040 secs] [Times: user=0.01 sys=0.00, real=0.01 secs] 
54.599: Total time for which application threads were stopped: 0.0013500 seconds, Stopping threads took: 0.0000930 seconds
54.662: Application time: 0.0631980 seconds
54.662: [GC54.662: [ParNew: 36858K->4137K(37632K), 0.0012920 secs] 64375K->31654K(121024K), 0.0013220 secs] [Times: user=0.01 sys=0.00, real=0.00 secs] 
54.663: Total time for which application threads were stopped: 0.0014540 seconds, Stopping threads took: 0.0000770 seconds
54.721: Application time: 0.0572520 seconds
54.721: [GC54.721: [ParNew: 36692K->4158K(37632K), 0.0014710 secs] 64209K->32754K(121024K), 0.0015030 secs] [Times: user=0.01 sys=0.00, real=0.00 secs] 
54.722: Total time for which application threads were stopped: 0.0016190 seconds, Stopping threads took: 0.0000610 seconds
54.782: Application time: 0.0592540 seconds
54.782: [GC54.782: [ParNew: 36950K->4156K(37632K), 0.0014610 secs] 65547K->33869K(121024K), 0.0014950 secs] [Times: user=0.01 sys=0.00, real=0.00 secs] 
54.783: Total time for which application threads were stopped: 0.0016190 seconds, Stopping threads took: 0.0000660 seconds
54.840: Application time: 0.0571710 seconds
54.841: [GC54.841: [ParNew: 36979K->4157K(37632K), 0.0016960 secs] 66692K->36022K(121024K), 0.0017280 secs] [Times: user=0.01 sys=0.00, real=0.00 secs] 
54.842: Total time for which application threads were stopped: 0.0018770 seconds, Stopping threads took: 0.0000940 seconds
54.905: Application time: 0.0624050 seconds
54.905: [GC54.905: [ParNew: 37159K->4156K(37632K), 0.0017370 secs] 69024K->38149K(121024K), 0.0017680 secs] [Times: user=0.01 sys=0.00, real=0.00 secs] 
54.907: Total time for which application threads were stopped: 0.0019290 seconds, Stopping threads took: 0.0000900 seconds
54.965: Application time: 0.0583610 seconds
54.965: [GC54.965: [ParNew: 36873K->4116K(37632K), 0.0016640 secs] 70866K->40205K(121024K), 0.0017010 secs] [Times: user=0.02 sys=0.00, real=0.00 secs] 
54.967: Total time for which application threads were stopped: 0.0018520 seconds, Stopping threads took: 0.0000940 seconds
55.029: Application time: 0.0623240 seconds
55.029: [GC55.029: [ParNew: 37001K->4117K(37632K), 0.0014150 secs] 73090K->41230K(121024K), 0.0014460 secs] [Times: user=0.01 sys=0.00, real=0.01 secs] 
55.031: Total time for which application threads were stopped: 0.0016060 seconds, Stopping threads took: 0.0000940 seconds
55.093: Application time: 0.0625000 seconds
55.093: [GC55.093: [ParNew: 37079K->4114K(37632K), 0.0018790 secs] 74192K->44299K(121024K), 0.0019130 secs] [Times: user=0.01 sys=0.00, real=0.00 secs] 
55.095: Total time for which application threads were stopped: 0.0020430 seconds, Stopping threads took: 0.0000710 seconds
55.157: Application time: 0.0621750 seconds
55.158: [GC55.158: [ParNew: 37026K->4128K(37632K), 0.0017380 secs] 77211K->46361K(121024K), 0.0017700 secs] [Times: user=0.01 sys=0.00, real=0.01 secs] 
55.159: Total time for which application threads were stopped: 0.0019170 seconds, Stopping threads took: 0.0000900 seconds
55.223: Application time: 0.0634230 seconds
55.223: [GC55.223: [ParNew: 36985K->4132K(37632K), 0.0013190 secs] 79218K->47389K(121024K), 0.0013500 secs] [Times: user=0.01 sys=0.00, real=0.00 secs] 
55.224: Total time for which application threads were stopped: 0.0014880 seconds, Stopping threads took: 0.0000820 seconds
55.284: Application time: 0.0596110 seconds
55.284: [GC55.284: [ParNew: 36748K->4115K(37632K), 0.0014860 secs] 80005K->48396K(121024K), 0.0015170 secs] [Times: user=0.02 sys=0.00, real=0.00 secs] 
55.286: Total time for which application threads were stopped: 0.0016600 seconds, Stopping threads took: 0.0000860 seconds
55.350: Application time: 0.0648860 seconds
55.351: [GC55.351: [ParNew: 36932K->3116K(37632K), 0.0007970 secs] 81213K->47397K(121024K), 0.0008330 secs] [Times: user=0.01 sys=0.00, real=0.01 secs] 
55.351: Total time for which application threads were stopped: 0.0009630 seconds, Stopping threads took: 0.0000760 seconds
55.408: Application time: 0.0565980 seconds
55.408: [GC55.408: [ParNew: 35641K->4157K(37632K), 0.0011150 secs] 79922K->48502K(121024K), 0.0011430 secs] [Times: user=0.01 sys=0.00, real=0.00 secs] 
55.409: Total time for which application threads were stopped: 0.0012870 seconds, Stopping threads took: 0.0000850 seconds
55.469: Application time: 0.0593310 seconds
55.469: [GC55.469: [ParNew: 36858K->4147K(37632K), 0.0013270 secs] 81203K->49580K(121024K), 0.0013560 secs] [Times: user=0.01 sys=0.00, real=0.00 secs] 
55.470: Total time for which application threads were stopped: 0.0014710 seconds, Stopping threads took: 0.0000610 seconds
55.531: Application time: 0.0606270 seconds
55.531: [GC55.531: [ParNew: 37134K->4158K(37632K), 0.0015830 secs] 82567K->51735K(121024K), 0.0016150 secs] [Times: user=0.01 sys=0.00, real=0.00 secs] 
55.532: Total time for which application threads were stopped: 0.0017310 seconds, Stopping threads took: 0.0000600 seconds
55.589: Application time: 0.0564190 seconds
55.589: [GC55.589: [ParNew: 37040K->4143K(37632K), 0.0016980 secs] 84618K->53849K(121024K), 0.0017330 secs] [Times: user=0.01 sys=0.00, real=0.01 secs] 
55.591: Total time for which application threads were stopped: 0.0018890 seconds, Stopping threads took: 0.0000980 seconds
55.655: Application time: 0.0638940 seconds
55.655: [GC55.655: [ParNew: 37090K->4116K(37632K), 0.0018390 secs] 86795K->56949K(121024K), 0.0018720 secs] [Times: user=0.02 sys=0.00, real=0.00 secs] 
55.657: Total time for which application threads were stopped: 0.0020000 seconds, Stopping threads took: 0.0000730 seconds
55.719: Application time: 0.0626400 seconds
55.719: [GC55.719: [ParNew: 37053K->4146K(37632K), 0.0015270 secs] 89886K->58003K(121024K), 0.0015610 secs] [Times: user=0.01 sys=0.00, real=0.00 secs] 
55.721: Total time for which application threads were stopped: 0.0017210 seconds, Stopping threads took: 0.0001040 seconds
55.784: Application time: 0.0628010 seconds
55.784: [GC55.784: [ParNew: 36927K->4151K(37632K), 0.0010840 secs] 90784K->58008K(121024K), 0.0011140 secs] [Times: user=0.00 sys=0.00, real=0.00 secs] 
55.785: Total time for which application threads were stopped: 0.0012710 seconds, Stopping threads took: 0.0001020 seconds
55.846: Application time: 0.0610250 seconds
55.846: [GC55.846: [ParNew: 36787K->3105K(37632K), 0.0008210 secs] 90644K->56963K(121024K), 0.0008510 secs] [Times: user=0.01 sys=0.00, real=0.00 secs] 
55.847: Total time for which application threads were stopped: 0.0009950 seconds, Stopping threads took: 0.0000920 seconds
55.908: Application time: 0.0603480 seconds
55.908: [GC55.908: [ParNew: 35813K->4115K(37632K), 0.0016880 secs] 89671K->60021K(121024K), 0.0017180 secs] [Times: user=0.01 sys=0.00, real=0.00 secs] 
55.909: Total time for which application threads were stopped: 0.0018480 seconds, Stopping threads took: 0.0000770 seconds
55.970: Application time: 0.0609950 seconds
55.970: [GC55.970: [ParNew: 36835K->4132K(37632K), 0.0013380 secs] 92740K->61062K(121024K), 0.0013720 secs] [Times: user=0.01 sys=0.00, real=0.01 secs] 
55.972: Total time for which application threads were stopped: 0.0015180 seconds, Stopping threads took: 0.0000780 seconds
56.032: Application time: 0.0600190 seconds
56.032: [GC56.032: [ParNew: 36698K->3131K(37632K), 0.0008990 secs] 93628K->60060K(121024K), 0.0009300 secs] [Times: user=0.01 sys=0.00, real=0.00 secs] 
56.033: Total time for which application threads were stopped: 0.0010450 seconds, Stopping threads took: 0.0000620 seconds
56.092: Application time: 0.0593290 seconds
56.095: [GC56.095: [ParNew: 36000K->4157K(37632K), 0.0014460 secs] 92930K->62159K(121024K), 0.0014760 secs] [Times: user=0.01 sys=0.00, real=0.00 secs] 
56.096: Total time for which application threads were stopped: 0.0039330 seconds, Stopping threads took: 0.0024030 seconds
56.158: Application time: 0.0620160 seconds
56.158: [GC56.158: [ParNew: 37116K->4154K(37632K), 0.0014480 secs] 95118K->63292K(121024K), 0.0014800 secs] [Times: user=0.01 sys=0.00, real=0.01 secs] 
56.160: Total time for which application threads were stopped: 0.0016020 seconds, Stopping threads took: 0.0000670 seconds
56.215: Application time: 0.0551030 seconds
56.215: [GC56.215: [ParNew: 36903K->4155K(37632K), 0.0014660 secs] 96041K->64389K(121024K), 0.0015000 secs] [Times: user=0.01 sys=0.00, real=0.00 secs] 
56.217: Total time for which application threads were stopped: 0.0016350 seconds, Stopping threads took: 0.0000790 seconds
56.282: Application time: 0.0658090 seconds
56.283: [GC56.283: [ParNew: 37196K->4142K(37632K), 0.0013910 secs] 97430K->65472K(121024K), 0.0014240 secs] [Times: user=0.01 sys=0.00, real=0.00 secs] 
56.284: Total time for which application threads were stopped: 0.0017410 seconds, Stopping threads took: 0.0002620 seconds
56.352: Application time: 0.0676120 seconds
56.355: [GC56.355: [ParNew: 37061K->4108K(37632K), 0.0019100 secs] 98391K->66510K(121024K), 0.0019510 secs] [Times: user=0.00 sys=0.00, real=0.00 secs] 
56.357: Total time for which application threads were stopped: 0.0049280 seconds, Stopping threads took: 0.0029110 seconds
56.423: Application time: 0.0660960 seconds
56.423: [GC56.423: [ParNew: 36929K->4132K(37632K), 0.0014210 secs] 99331K->67558K(121024K), 0.0014540 secs] [Times: user=0.01 sys=0.00, real=0.00 secs] 
56.424: Total time for which application threads were stopped: 0.0015760 seconds, Stopping threads took: 0.0000640 seconds
56.488: Application time: 0.0634500 seconds
56.488: [GC56.488: [ParNew: 36928K->4139K(37632K), 0.0011680 secs] 100354K->67565K(121024K), 0.0012000 secs] [Times: user=0.00 sys=0.00, real=0.00 secs] 
56.489: Total time for which application threads were stopped: 0.0013490 seconds, Stopping threads took: 0.0000850 seconds
56.546: Application time: 0.0566780 seconds
56.546: [GC56.546: [ParNew: 37611K->4116K(37632K), 0.0017730 secs] 101037K->69590K(121024K), 0.0018080 secs] [Times: user=0.02 sys=0.00, real=0.00 secs] 
56.548: Total time for which application threads were stopped: 0.0019640 seconds, Stopping threads took: 0.0000990 seconds
56.610: Application time: 0.0625840 seconds
56.610: [GC56.611: [ParNew: 36976K->4118K(37632K), 0.0017000 secs] 102450K->71640K(121024K), 0.0017340 secs] [Times: user=0.00 sys=0.01, real=0.01 secs] 
56.612: Total time for which application threads were stopped: 0.0018660 seconds, Stopping threads took: 0.0000730 seconds
56.675: Application time: 0.0632450 seconds
56.676: [GC56.676: [ParNew: 36978K->4128K(37632K), 0.0012610 secs] 104500K->71650K(121024K), 0.0012980 secs] [Times: user=0.01 sys=0.00, real=0.00 secs] 
56.677: Total time for which application threads were stopped: 0.0014260 seconds, Stopping threads took: 0.0000740 seconds
56.736: Application time: 0.0593880 seconds
56.736: [GC56.736: [ParNew: 37585K->4134K(37632K), 0.0013190 secs] 105107K->72680K(121024K), 0.0013490 secs] [Times: user=0.01 sys=0.00, real=0.00 secs] 
56.738: Total time for which application threads were stopped: 0.0014780 seconds, Stopping threads took: 0.0000750 seconds
56.799: Application time: 0.0615010 seconds
56.799: [GC56.799: [ParNew: 37086K->4158K(37632K), 0.0013240 secs] 105633K->73744K(121024K), 0.0013560 secs] [Times: user=0.01 sys=0.00, real=0.00 secs] 
56.801: Total time for which application threads were stopped: 0.0014990 seconds, Stopping threads took: 0.0000870 seconds
56.863: Application time: 0.0621570 seconds
56.863: [GC56.863: [ParNew: 37325K->4159K(37632K), 0.0011450 secs] 106911K->73885K(121024K), 0.0011740 secs] [Times: user=0.01 sys=0.00, real=0.00 secs] 
56.864: Total time for which application threads were stopped: 0.0013100 seconds, Stopping threads took: 0.0000820 seconds
56.919: Application time: 0.0551980 seconds
56.920: [GC56.920: [ParNew: 36895K->4139K(37632K), 0.0017960 secs] 106621K->75985K(121024K), 0.0018280 secs] [Times: user=0.01 sys=0.00, real=0.00 secs] 
56.921: Total time for which application threads were stopped: 0.0019850 seconds, Stopping threads took: 0.0001010 seconds
56.986: Application time: 0.0644220 seconds
56.986: [GC56.986: [ParNew: 37355K->4156K(37632K), 0.0019900 secs] 109202K->79170K(121024K), 0.0020240 secs] [Times: user=0.02 sys=0.00, real=0.00 secs] 
56.988: Total time for which application threads were stopped: 0.0021720 seconds, Stopping threads took: 0.0000920 seconds
57.050: Application time: 0.0621810 seconds
57.050: [GC57.050: [ParNew: 37018K->4127K(37632K), 0.0016790 secs] 112033K->81285K(121024K), 0.0017110 secs] [Times: user=0.01 sys=0.00, real=0.01 secs] 
57.052: Total time for which application threads were stopped: 0.0018640 seconds, Stopping threads took: 0.0000870 seconds
57.114: Application time: 0.0614430 seconds
57.114: [GC57.114: [ParNew: 36771K->4153K(37632K), 0.0011830 secs] 113929K->81311K(121024K), 0.0012180 secs] [Times: user=0.01 sys=0.00, real=0.00 secs] 
57.115: Total time for which application threads were stopped: 0.0013410 seconds, Stopping threads took: 0.0000670 seconds
57.173: Application time: 0.0583640 seconds
57.173: [GC57.173: [ParNew: 36662K->4113K(37632K), 0.0017110 secs] 113820K->83319K(121024K), 0.0017440 secs] [Times: user=0.01 sys=0.00, real=0.00 secs] 
57.175: Total time for which application threads were stopped: 0.0018810 seconds, Stopping threads took: 0.0000800 seconds
57.238: Application time: 0.0627450 seconds
57.238: [GC57.238: [ParNew: 36964K->4117K(37632K), 0.0013610 secs] 116171K->84348K(121024K), 0.0013910 secs] [Times: user=0.01 sys=0.00, real=0.01 secs] 
57.239: Total time for which application threads were stopped: 0.0015380 seconds, Stopping threads took: 0.0000910 seconds
57.299: Application time: 0.0592360 seconds
57.299: [GC57.299: [ParNew: 36725K->4131K(37632K), 0.0014060 secs] 116955K->85386K(121024K), 0.0014370 secs] [Times: user=0.01 sys=0.00, real=0.00 secs] 
57.300: Total time for which application threads were stopped: 0.0015710 seconds, Stopping threads took: 0.0000790 seconds
57.362: Application time: 0.0622550 seconds
57.363: [GC57.363: [ParNew: 36816K->3118K(37632K), 0.0008320 secs] 118071K->84372K(121024K), 0.0008620 secs] [Times: user=0.00 sys=0.00, real=0.00 secs] 
57.363: Total time for which application threads were stopped: 0.0010040 seconds, Stopping threads took: 0.0000840 seconds
57.420: Application time: 0.0560160 seconds
57.420: [GC57.420: [ParNew: 35585K->4116K(37632K), 0.0016840 secs] 116839K->87418K(121024K), 0.0017160 secs] [Times: user=0.01 sys=0.00, real=0.00 secs] 
57.421: Total time for which application threads were stopped: 0.0018520 seconds, Stopping threads took: 0.0000780 seconds
57.479: Application time: 0.0578440 seconds
57.479: [GC57.479: [ParNew: 37011K->4142K(37632K), 0.0018710 secs]57.481: [Tenured: 86374K->14239K(86476K), 0.0086760 secs] 120313K->14239K(124108K), [Perm : 5498K->5498K(21248K)], 0.0107660 secs] [Times: user=0.02 sys=0.00, real=0.00 secs] 
57.490: Total time for which application threads were stopped: 0.0109680 seconds, Stopping threads took: 0.0001340 seconds
57.555: Application time: 0.0645650 seconds
57.555: [GC57.555: [ParNew: 33376K->4159K(37632K), 0.0017290 secs] 47615K->20519K(121024K), 0.0017590 secs] [Times: user=0.02 sys=0.00, real=0.00 secs] 
57.557: Total time for which application threads were stopped: 0.0019030 seconds, Stopping threads took: 0.0000790 seconds
57.616: Application time: 0.0597140 seconds
57.616: [GC57.616: [ParNew: 36997K->4144K(37632K), 0.0016230 secs] 53356K->22635K(121024K), 0.0016580 secs] [Times: user=0.02 sys=0.00, real=0.00 secs] 
57.618: Total time for which application threads were stopped: 0.0017880 seconds, Stopping threads took: 0.0000690 seconds
57.681: Application time: 0.0633080 seconds
57.683: [GC57.683: [ParNew: 37190K->4158K(37632K), 0.0010930 secs] 55681K->22769K(121024K), 0.0011260 secs] [Times: user=0.01 sys=0.00, real=0.00 secs] 
57.684: Total time for which application threads were stopped: 0.0023480 seconds, Stopping threads took: 0.0011670 seconds
57.747: Application time: 0.0631680 seconds
57.747: [GC57.747: [ParNew: 36964K->4132K(37632K), 0.0013380 secs] 55576K->23840K(121024K), 0.0013710 secs] [Times: user=0.01 sys=0.00, real=0.00 secs] 
57.748: Total time for which application threads were stopped: 0.0014980 seconds, Stopping threads took: 0.0000700 seconds
57.806: Application time: 0.0570440 seconds
57.806: [GC57.806: [ParNew: 36597K->4132K(37632K), 0.0014540 secs] 56304K->24871K(121024K), 0.0014880 secs] [Times: user=0.01 sys=0.00, real=0.00 secs] 
57.807: Total time for which application threads were stopped: 0.0016110 seconds, Stopping threads took: 0.0000660 seconds
57.867: Application time: 0.0598730 seconds
57.867: [GC57.867: [ParNew: 36894K->4116K(37632K), 0.0016660 secs] 57633K->26904K(121024K), 0.0017000 secs] [Times: user=0.01 sys=0.00, real=0.00 secs] 
57.869: Total time for which application threads were stopped: 0.0018230 seconds, Stopping threads took: 0.0000630 seconds
57.932: Application time: 0.0626600 seconds
57.932: [GC57.932: [ParNew: 37002K->4113K(37632K), 0.0016280 secs] 59789K->28949K(121024K), 0.0016640 secs] [Times: user=0.01 sys=0.00, real=0.00 secs] 
57.933: Total time for which application threads were stopped: 0.0018110 seconds, Stopping threads took: 0.0000910 seconds
57.993: Application time: 0.0595850 seconds
57.993: [GC57.993: [ParNew: 36720K->4129K(37632K), 0.0013990 secs] 61556K->29989K(121024K), 0.0014310 secs] [Times: user=0.01 sys=0.00, real=0.00 secs] 
57.994: Total time for which application threads were stopped: 0.0015660 seconds, Stopping threads took: 0.0000780 seconds
58.059: Application time: 0.0645650 seconds
58.059: [GC58.059: [ParNew: 37024K->3099K(37632K), 0.0008590 secs] 62883K->28958K(121024K), 0.0008900 secs] [Times: user=0.01 sys=0.00, real=0.00 secs] 
58.060: Total time for which application threads were stopped: 0.0011220 seconds, Stopping threads took: 0.0001490 seconds
58.118: Application time: 0.0577630 seconds
58.119: [GC58.119: [ParNew: 36501K->4116K(37632K), 0.0013510 secs] 62360K->31000K(121024K), 0.0013800 secs] [Times: user=0.01 sys=0.00, real=0.00 secs] 
58.120: Total time for which application threads were stopped: 0.0021840 seconds, Stopping threads took: 0.0007490 seconds
58.177: Application time: 0.0567430 seconds
58.177: [GC58.177: [ParNew: 36974K->4142K(37632K), 0.0019320 secs] 63858K->34097K(121024K), 0.0019680 secs] [Times: user=0.01 sys=0.00, real=0.01 secs] 
58.179: Total time for which application threads were stopped: 0.0021150 seconds, Stopping threads took: 0.0000880 seconds
58.243: Application time: 0.0636990 seconds
58.247: [GC58.247: [ParNew: 37532K->4159K(37632K), 0.0014450 secs] 67488K->35299K(121024K), 0.0014830 secs] [Times: user=0.02 sys=0.00, real=0.00 secs] 
58.248: Total time for which application threads were stopped: 0.0055140 seconds, Stopping threads took: 0.0039760 seconds
58.311: Application time: 0.0626150 seconds
58.315: [GC58.315: [ParNew: 37107K->4158K(37632K), 0.0014160 secs] 68247K->36394K(121024K), 0.0014510 secs] [Times: user=0.01 sys=0.00, real=0.00 secs] 
58.316: Total time for which application threads were stopped: 0.0053480 seconds, Stopping threads took: 0.0038400 seconds
58.376: Application time: 0.0601820 seconds
58.376: [GC58.377: [ParNew: 37016K->4154K(37632K), 0.0011770 secs] 69252K->36486K(121024K), 0.0012080 secs] [Times: user=0.01 sys=0.00, real=0.00 secs] 
58.378: Total time for which application threads were stopped: 0.0013800 seconds, Stopping threads took: 0.0001170 seconds
58.438: Application time: 0.0606590 seconds
58.438: [GC58.439: [ParNew: 36780K->4118K(37632K), 0.0014620 secs] 69112K->37522K(121024K), 0.0014940 secs] [Times: user=0.01 sys=0.00, real=0.01 secs] 
58.440: Total time for which application threads were stopped: 0.0016330 seconds, Stopping threads took: 0.0000820 seconds
58.500: Application time: 0.0603620 seconds
58.501: [GC58.501: [ParNew: 36922K->4118K(37632K), 0.0014140 secs] 70326K->38546K(121024K), 0.0014430 secs] [Times: user=0.01 sys=0.00, real=0.00 secs] 
58.502: Total time for which application threads were stopped: 0.0016050 seconds, Stopping threads took: 0.0001080 seconds
58.563: Application time: 0.0606260 seconds
58.563: [GC58.563: [ParNew: 36875K->4121K(37632K), 0.0013920 secs] 71303K->39573K(121024K), 0.0014260 secs] [Times: user=0.01 sys=0.00, real=0.00 secs] 
58.564: Total time for which application threads were stopped: 0.0015560 seconds, Stopping threads took: 0.0000630 seconds
58.625: Application time: 0.0607330 seconds
58.625: [GC58.625: [ParNew: 36877K->4111K(37632K), 0.0013710 secs] 72329K->40587K(121024K), 0.0014010 secs] [Times: user=0.01 sys=0.00, real=0.00 secs] 
58.626: Total time for which application threads were stopped: 0.0015500 seconds, Stopping threads took: 0.0000930 seconds
58.690: Application time: 0.0634600 seconds
58.690: [GC58.690: [ParNew: 37026K->4149K(37632K), 0.0011030 secs] 73502K->40625K(121024K), 0.0011370 secs] [Times: user=0.01 sys=0.00, real=0.01 secs] 
58.691: Total time for which application threads were stopped: 0.0012610 seconds, Stopping threads took: 0.0000670 seconds
58.754: Application time: 0.0629060 seconds
58.754: [GC58.754: [ParNew: 37035K->4147K(37632K), 0.0012260 secs] 73511K->40623K(121024K), 0.0012590 secs] [Times: user=0.00 sys=0.00, real=0.00 secs] 
58.755: Total time for which application threads were stopped: 0.0014010 seconds, Stopping threads took: 0.0000850 seconds
58.814: Application time: 0.0590110 seconds
58.815: [GC58.815: [ParNew: 37446K->3095K(37632K), 0.0008450 secs] 73922K->39571K(121024K), 0.0008720 secs] [Times: user=0.01 sys=0.00, real=0.00 secs] 
58.816: Total time for which application threads were stopped: 0.0010370 seconds, Stopping threads took: 0.0001150 seconds
58.874: Application time: 0.0580830 seconds
58.874: [GC58.874: [ParNew: 35666K->4144K(37632K), 0.0016670 secs] 72142K->42668K(121024K), 0.0017030 secs] [Times: user=0.02 sys=0.00, real=0.00 secs] 
58.875: Total time for which application threads were stopped: 0.0018470 seconds, Stopping threads took: 0.0000880 seconds
58.933: Application time: 0.0578980 seconds
58.933: [GC58.934: [ParNew: 37244K->4156K(37632K), 0.0020590 secs] 75768K->45864K(121024K), 0.0020940 secs] [Times: user=0.01 sys=0.00, real=0.00 secs] 
58.936: Total time for which application threads were stopped: 0.0022260 seconds, Stopping threads took: 0.0000730 seconds
58.999: Application time: 0.0630870 seconds
58.999: [GC58.999: [ParNew: 37316K->4155K(37632K), 0.0016920 secs] 79025K->48007K(121024K), 0.0017260 secs] [Times: user=0.01 sys=0.00, real=0.00 secs] 
59.001: Total time for which application threads were stopped: 0.0018460 seconds, Stopping threads took: 0.0000640 seconds
59.059: Application time: 0.0584000 seconds
59.059: [GC59.059: [ParNew: 37053K->4148K(37632K), 0.0017550 secs] 80905K->50144K(121024K), 0.0017940 secs] [Times: user=0.01 sys=0.00, real=0.00 secs] 
59.061: Total time for which application threads were stopped: 0.0019180 seconds, Stopping threads took: 0.0000680 seconds
59.124: Application time: 0.0628710 seconds
59.124: [GC59.124: [ParNew: 37074K->4115K(37632K), 0.0020240 secs] 83070K->53255K(121024K), 0.0020550 secs] [Times: user=0.01 sys=0.00, real=0.00 secs] 
59.126: Total time for which application threads were stopped: 0.0022130 seconds, Stopping threads took: 0.0000940 seconds
59.189: Application time: 0.0629210 seconds
59.189: [GC59.189: [ParNew: 37059K->4114K(37632K), 0.0019100 secs] 86200K->56326K(121024K), 0.0019460 secs] [Times: user=0.01 sys=0.00, real=0.01 secs] 
59.191: Total time for which application threads were stopped: 0.0020890 seconds, Stopping threads took: 0.0000850 seconds
59.254: Application time: 0.0629200 seconds
59.254: [GC59.254: [ParNew: 36986K->4149K(37632K), 0.0014280 secs] 89198K->57386K(121024K), 0.0014590 secs] [Times: user=0.01 sys=0.00, real=0.00 secs] 
59.255: Total time for which application threads were stopped: 0.0015940 seconds, Stopping threads took: 0.0000780 seconds
59.315: Application time: 0.0595350 seconds
59.315: [GC59.315: [ParNew: 37621K->4130K(37632K), 0.0014280 secs] 90858K->58390K(121024K), 0.0014590 secs] [Times: user=0.01 sys=0.00, real=0.00 secs] 
59.317: Total time for which application threads were stopped: 0.0016090 seconds, Stopping threads took: 0.0000920 seconds
59.381: Application time: 0.0639300 seconds
59.381: [GC59.381: [ParNew: 36994K->3113K(37632K), 0.0009230 secs] 91254K->57373K(121024K), 0.0009530 secs] [Times: user=0.01 sys=0.00, real=0.00 secs] 
59.382: Total time for which application threads were stopped: 0.0010660 seconds, Stopping threads took: 0.0000600 seconds
59.440: Application time: 0.0584470 seconds
59.440: [GC59.440: [ParNew: 36585K->4117K(37632K), 0.0017060 secs] 90845K->60426K(121024K), 0.0017380 secs] [Times: user=0.01 sys=0.00, real=0.00 secs] 
59.442: Total time for which application threads were stopped: 0.0018880 seconds, Stopping threads took: 0.0000930 seconds
59.504: Application time: 0.0618790 seconds
59.504: [GC59.504: [ParNew: 36906K->4119K(37632K), 0.0014200 secs] 93215K->61451K(121024K), 0.0014510 secs] [Times: user=0.01 sys=0.00, real=0.00 secs] 
59.505: Total time for which application threads were stopped: 0.0015690 seconds, Stopping threads took: 0.0000600 seconds
59.567: Application time: 0.0616860 seconds
59.567: [GC59.567: [ParNew: 37058K->3167K(37632K), 0.0008590 secs] 94390K->60499K(121024K), 0.0008890 secs] [Times: user=0.01 sys=0.00, real=0.00 secs] 
59.568: Total time for which application threads were stopped: 0.0010090 seconds, Stopping threads took: 0.0000670 seconds
59.627: Application time: 0.0587660 seconds
59.627: [GC59.627: [ParNew: 36091K->4159K(37632K), 0.0015950 secs] 93424K->63676K(121024K), 0.0016260 secs] [Times: user=0.01 sys=0.00, real=0.00 secs] 
59.629: Total time for which application threads were stopped: 0.0017560 seconds, Stopping threads took: 0.0000680 seconds
59.688: Application time: 0.0597850 seconds
59.689: [GC59.689: [ParNew: 37127K->4140K(37632K), 0.0018850 secs] 96644K->66817K(121024K), 0.0019190 secs] [Times: user=0.02 sys=0.00, real=0.00 secs] 
59.690: Total time for which application threads were stopped: 0.0020390 seconds, Stopping threads took: 0.0000600 seconds
59.750: Application time: 0.0594430 seconds
59.750: [GC59.750: [ParNew: 37113K->4152K(37632K), 0.0016360 secs] 99790K->68981K(121024K), 0.0016690 secs] [Times: user=0.02 sys=0.00, real=0.01 secs] 
59.752: Total time for which application threads were stopped: 0.0017970 seconds, Stopping threads took: 0.0000710 seconds
59.816: Application time: 0.0646420 seconds
59.816: [GC59.816: [ParNew: 37030K->4117K(37632K), 0.0014030 secs] 101859K->70018K(121024K), 0.0014330 secs] [Times: user=0.01 sys=0.00, real=0.00 secs] 
59.818: Total time for which application threads were stopped: 0.0015630 seconds, Stopping threads took: 0.0000750 seconds
59.877: Application time: 0.0593440 seconds
59.877: [GC59.877: [ParNew: 36952K->4128K(37632K), 0.0017440 secs] 102853K->72077K(121024K), 0.0017880 secs] [Times: user=0.01 sys=0.00, real=0.01 secs] 
59.879: Total time for which application threads were stopped: 0.0019310 seconds, Stopping threads took: 0.0000860 seconds
59.945: Application time: 0.0658900 seconds
59.945: [GC59.945: [ParNew: 37096K->4149K(37632K), 0.0011340 secs] 105045K->72098K(121024K), 0.0011600 secs] [Times: user=0.01 sys=0.00, real=0.00 secs] 
59.946: Total time for which application threads were stopped: 0.0012740 seconds, Stopping threads took: 0.0000630 seconds
60.006: Application time: 0.0596970 seconds
60.006: [GC60.006: [ParNew: 36693K->4151K(37632K), 0.0011420 secs] 104642K->72100K(121024K), 0.0011870 secs] [Times: user=0.01 sys=0.00, real=0.00 secs] 
60.007: Total time for which application threads were stopped: 0.0013180 seconds, Stopping threads took: 0.0000760 seconds
60.068: Application time: 0.0606830 seconds
60.068: [GC60.068: [ParNew: 37623K->4135K(37632K), 0.0013460 secs] 105572K->73108K(121024K), 0.0013810 secs] [Times: user=0.01 sys=0.00, real=0.00 secs] 
60.070: Total time for which application threads were stopped: 0.0015090 seconds, Stopping threads took: 0.0000660 seconds
60.133: Application time: 0.0633830 seconds
60.133: [GC60.133: [ParNew: 36971K->4113K(37632K), 0.0016080 secs] 105944K->75134K(121024K), 0.0016410 secs] [Times: user=0.01 sys=0.00, real=0.00 secs] 
60.135: Total time for which application threads were stopped: 0.0017740 seconds, Stopping threads took: 0.0000690 seconds
60.190: Application time: 0.0552210 seconds
60.190: [GC60.190: [ParNew: 37470K->4114K(37632K), 0.0016930 secs] 108491K->77183K(121024K), 0.0017240 secs] [Times: user=0.01 sys=0.00, real=0.01 secs] 
60.192: Total time for which application threads were stopped: 0.0018500 seconds, Stopping threads took: 0.0000710 seconds
60.252: Application time: 0.0597630 seconds
60.255: [GC60.255: [ParNew: 37043K->4140K(37632K), 0.0019090 secs] 110112K->80281K(121024K), 0.0019450 secs] [Times: user=0.01 sys=0.00, real=0.00 secs] 
60.257: Total time for which application threads were stopped: 0.0050760 seconds, Stopping threads took: 0.0030720 seconds
60.318: Application time: 0.0614220 seconds
60.318: [GC60.318: [ParNew: 37468K->4159K(37632K), 0.0017160 secs] 113609K->82472K(121024K), 0.0017470 secs] [Times: user=0.01 sys=0.00, real=0.01 secs] 
60.320: Total time for which application threads were stopped: 0.0018680 seconds, Stopping threads took: 0.0000650 seconds
60.382: Application time: 0.0616640 seconds
60.382: [GC60.382: [ParNew: 37115K->4158K(37632K), 0.0017180 secs] 115428K->84615K(121024K), 0.0017530 secs] [Times: user=0.01 sys=0.00, real=0.00 secs] 
60.384: Total time for which application threads were stopped: 0.0018770 seconds, Stopping threads took: 0.0000650 seconds
60.446: Application time: 0.0621200 seconds
60.446: [GC60.446: [ParNew: 37176K->4155K(37632K), 0.0016480 secs] 117634K->86741K(121024K), 0.0016840 secs] [Times: user=0.02 sys=0.00, real=0.00 secs] 
60.447: Total time for which application threads were stopped: 0.0018630 seconds, Stopping threads took: 0.0001200 seconds
60.507: Application time: 0.0591600 seconds
60.507: [GC60.507: [ParNew: 36893K->4115K(37632K), 0.0021900 secs]60.509: [Tenured: 84701K->9641K(85448K), 0.0086720 secs] 119478K->9641K(123080K), [Perm : 5498K->5498K(21248K)], 0.0110110 secs] [Times: user=0.02 sys=0.00, real=0.01 secs] 
60.518: Total time for which application threads were stopped: 0.0112040 seconds, Stopping threads took: 0.0001240 seconds
60.580: Application time: 0.0617650 seconds
60.580: [GC60.580: [ParNew: 32859K->4110K(37632K), 0.0016560 secs] 42501K->15800K(121024K), 0.0016920 secs] [Times: user=0.02 sys=0.00, real=0.00 secs] 
60.581: Total time for which application threads were stopped: 0.0018540 seconds, Stopping threads took: 0.0001040 seconds
60.645: Application time: 0.0633410 seconds
60.645: [GC60.645: [ParNew: 37062K->4132K(37632K), 0.0016860 secs] 48752K->17877K(121024K), 0.0017200 secs] [Times: user=0.00 sys=0.01, real=0.00 secs] 
60.647: Total time for which application threads were stopped: 0.0019180 seconds, Stopping threads took: 0.0001240 seconds
60.710: Application time: 0.0629690 seconds
60.710: [GC60.710: [ParNew: 36988K->4152K(37632K), 0.0014330 secs] 50733K->18922K(121024K), 0.0014670 secs] [Times: user=0.01 sys=0.00, real=0.01 secs] 
60.711: Total time for which application threads were stopped: 0.0015990 seconds, Stopping threads took: 0.0000730 seconds
60.772: Application time: 0.0608280 seconds
60.772: [GC60.772: [ParNew: 36619K->3113K(37632K), 0.0008600 secs] 51389K->17883K(121024K), 0.0008910 secs] [Times: user=0.00 sys=0.00, real=0.00 secs] 
60.773: Total time for which application threads were stopped: 0.0010540 seconds, Stopping threads took: 0.0001060 seconds
60.834: Application time: 0.0607480 seconds
60.834: [GC60.834: [ParNew: 36585K->4136K(37632K), 0.0013450 secs] 51355K->19930K(121024K), 0.0013760 secs] [Times: user=0.01 sys=0.00, real=0.00 secs] 
60.835: Total time for which application threads were stopped: 0.0014890 seconds, Stopping threads took: 0.0000580 seconds
60.893: Application time: 0.0575610 seconds
60.893: [GC60.893: [ParNew: 37608K->4135K(37632K), 0.0016820 secs] 53402K->21976K(121024K), 0.0017160 secs] [Times: user=0.01 sys=0.00, real=0.00 secs] 
60.895: Total time for which application threads were stopped: 0.0018350 seconds, Stopping threads took: 0.0000620 seconds
60.958: Application time: 0.0628860 seconds
60.958: [GC60.958: [ParNew: 37169K->4144K(37632K), 0.0015570 secs] 55011K->24034K(121024K), 0.0015870 secs] [Times: user=0.01 sys=0.00, real=0.01 secs] 
60.959: Total time for which application threads were stopped: 0.0017060 seconds, Stopping threads took: 0.0000650 seconds
61.018: Application time: 0.0582880 seconds
61.018: [GC61.018: [ParNew: 37333K->4156K(37632K), 0.0016940 secs] 57223K->26226K(121024K), 0.0017320 secs] [Times: user=0.01 sys=0.00, real=0.01 secs] 
61.020: Total time for which application threads were stopped: 0.0018880 seconds, Stopping threads took: 0.0000970 seconds
61.082: Application time: 0.0622700 seconds
61.082: [GC61.082: [ParNew: 37138K->4158K(37632K), 0.0013580 secs] 59208K->27328K(121024K), 0.0013910 secs] [Times: user=0.01 sys=0.00, real=0.00 secs] 
61.083: Total time for which application threads were stopped: 0.0015250 seconds, Stopping threads took: 0.0000770 seconds
61.144: Application time: 0.0602020 seconds
61.144: [GC61.144: [ParNew: 37167K->4158K(37632K), 0.0013630 secs] 60337K->28416K(121024K), 0.0013950 secs] [Times: user=0.01 sys=0.00, real=0.00 secs] 
61.145: Total time for which application threads were stopped: 0.0015170 seconds, Stopping threads took: 0.0000660 seconds
61.207: Application time: 0.0616240 seconds
61.207: [GC61.207: [ParNew: 36999K->4132K(37632K), 0.0016700 secs] 61257K->30526K(121024K), 0.0017060 secs] [Times: user=0.02 sys=0.00, real=0.00 secs] 
61.209: Total time for which application threads were stopped: 0.0018330 seconds, Stopping threads took: 0.0000630 seconds
61.268: Application time: 0.0594750 seconds
61.271: [GC61.271: [ParNew: 36874K->4116K(37632K), 0.0017150 secs] 63269K->32558K(121024K), 0.0017480 secs] [Times: user=0.02 sys=0.00, real=0.00 secs] 
61.272: Total time for which application threads were stopped: 0.0043750 seconds, Stopping threads took: 0.0025710 seconds
61.335: Application time: 0.0621490 seconds
61.335: [GC61.335: [ParNew: 36925K->4130K(37632K), 0.0016660 secs] 65368K->34620K(121024K), 0.0017000 secs] [Times: user=0.02 sys=0.00, real=0.00 secs] 
61.336: Total time for which application threads were stopped: 0.0018260 seconds, Stopping threads took: 0.0000690 seconds
61.399: Application time: 0.0628290 seconds
61.399: [GC61.399: [ParNew: 37001K->4134K(37632K), 0.0014000 secs] 67491K->35648K(121024K), 0.0014350 secs] [Times: user=0.01 sys=0.00, real=0.00 secs] 
61.401: Total time for which application threads were stopped: 0.0015860 seconds, Stopping threads took: 0.0000940 seconds
61.464: Application time: 0.0633330 seconds
61.464: [GC61.464: [ParNew: 36922K->4141K(37632K), 0.0010180 secs] 68436K->35655K(121024K), 0.0010560 secs] [Times: user=0.00 sys=0.00, real=0.00 secs] 
61.465: Total time for which application threads were stopped: 0.0011840 seconds, Stopping threads took: 0.0000750 seconds
61.523: Application time: 0.0580220 seconds
61.523: [GC61.524: [ParNew: 37389K->3114K(37632K), 0.0008370 secs] 68903K->34628K(121024K), 0.0008690 secs] [Times: user=0.01 sys=0.00, real=0.00 secs] 
61.524: Total time for which application threads were stopped: 0.0009880 seconds, Stopping threads took: 0.0000660 seconds
61.584: Application time: 0.0591770 seconds
61.584: [GC61.584: [ParNew: 35713K->4112K(37632K), 0.0015860 secs] 67227K->37674K(121024K), 0.0016170 secs] [Times: user=0.02 sys=0.00, real=0.00 secs] 
61.585: Total time for which application threads were stopped: 0.0017470 seconds, Stopping threads took: 0.0000740 seconds
61.645: Application time: 0.0594070 seconds
61.645: [GC61.645: [ParNew: 36946K->4158K(37632K), 0.0016210 secs] 70509K->39768K(121024K), 0.0016520 secs] [Times: user=0.01 sys=0.00, real=0.00 secs] 
61.647: Total time for which application threads were stopped: 0.0017810 seconds, Stopping threads took: 0.0000740 seconds
61.706: Application time: 0.0596380 seconds
61.706: [GC61.706: [ParNew: 37474K->4158K(37632K), 0.0017190 secs] 73084K->41984K(121024K), 0.0017530 secs] [Times: user=0.01 sys=0.00, real=0.00 secs] 
61.708: Total time for which application threads were stopped: 0.0018990 seconds, Stopping threads took: 0.0000900 seconds
61.770: Application time: 0.0617180 seconds
61.770: [GC61.770: [ParNew: 36997K->4130K(37632K), 0.0016470 secs] 74824K->44100K(121024K), 0.0016810 secs] [Times: user=0.02 sys=0.00, real=0.01 secs] 
61.772: Total time for which application threads were stopped: 0.0018230 seconds, Stopping threads took: 0.0000780 seconds
61.831: Application time: 0.0593750 seconds
61.831: [GC61.831: [ParNew: 37113K->4156K(37632K), 0.0017420 secs] 77084K->46190K(121024K), 0.0017760 secs] [Times: user=0.01 sys=0.00, real=0.00 secs] 
61.833: Total time for which application threads were stopped: 0.0019740 seconds, Stopping threads took: 0.0001370 seconds
61.896: Application time: 0.0632750 seconds
61.896: [GC61.896: [ParNew: 37070K->4112K(37632K), 0.0016670 secs] 79105K->48266K(121024K), 0.0016980 secs] [Times: user=0.01 sys=0.00, real=0.00 secs] 
61.898: Total time for which application threads were stopped: 0.0018290 seconds, Stopping threads took: 0.0000750 seconds
61.960: Application time: 0.0618940 seconds
61.960: [GC61.960: [ParNew: 36916K->4112K(37632K), 0.0016120 secs] 81071K->50315K(121024K), 0.0016480 secs] [Times: user=0.01 sys=0.00, real=0.00 secs] 
61.962: Total time for which application threads were stopped: 0.0018000 seconds, Stopping threads took: 0.0000950 seconds
62.025: Application time: 0.0627800 seconds
62.025: [GC62.025: [ParNew: 37023K->4134K(37632K), 0.0012910 secs] 83226K->51361K(121024K), 0.0013210 secs] [Times: user=0.01 sys=0.00, real=0.00 secs] 
62.026: Total time for which application threads were stopped: 0.0014390 seconds, Stopping threads took: 0.0000650 seconds
62.086: Application time: 0.0599130 seconds
62.086: [GC62.086: [ParNew: 36781K->4116K(37632K), 0.0014280 secs] 84007K->52367K(121024K), 0.0014600 secs] [Times: user=0.01 sys=0.00, real=0.00 secs] 
62.088: Total time for which application threads were stopped: 0.0016620 seconds, Stopping threads took: 0.0001440 seconds
62.154: Application time: 0.0659720 seconds
62.154: [GC62.154: [ParNew: 37116K->3132K(37632K), 0.0008150 secs] 85367K->51383K(121024K), 0.0008430 secs] [Times: user=0.01 sys=0.00, real=0.00 secs] 
62.154: Total time for which application threads were stopped: 0.0009620 seconds, Stopping threads took: 0.0000660 seconds
62.209: Application time: 0.0546710 seconds
62.209: [GC62.209: [ParNew: 36102K->4134K(37632K), 0.0011540 secs] 84353K->52385K(121024K), 0.0011810 secs] [Times: user=0.01 sys=0.00, real=0.00 secs] 
62.211: Total time for which application threads were stopped: 0.0013620 seconds, Stopping threads took: 0.0001270 seconds
62.270: Application time: 0.0593760 seconds
62.270: [GC62.270: [ParNew: 36851K->4116K(37632K), 0.0015670 secs] 85101K->54415K(121024K), 0.0016090 secs] [Times: user=0.01 sys=0.00, real=0.01 secs] 
62.272: Total time for which application threads were stopped: 0.0017380 seconds, Stopping threads took: 0.0000730 seconds
62.329: Application time: 0.0576570 seconds
62.329: [GC62.329: [ParNew: 36900K->4145K(37632K), 0.0016900 secs] 87199K->56492K(121024K), 0.0017230 secs] [Times: user=0.01 sys=0.00, real=0.01 secs] 
62.331: Total time for which application threads were stopped: 0.0018590 seconds, Stopping threads took: 0.0000720 seconds
62.394: Application time: 0.0631170 seconds
62.394: [GC62.394: [ParNew: 37583K->4159K(37632K), 0.0014220 secs] 89930K->57698K(121024K), 0.0014540 secs] [Times: user=0.01 sys=0.00, real=0.00 secs] 
62.396: Total time for which application threads were stopped: 0.0015730 seconds, Stopping threads took: 0.0000660 seconds
62.456: Application time: 0.0600790 seconds
62.456: [GC62.456: [ParNew: 36951K->4130K(37632K), 0.0016170 secs] 90490K->59813K(121024K), 0.0016490 secs] [Times: user=0.01 sys=0.00, real=0.00 secs] 
62.458: Total time for which application threads were stopped: 0.0017830 seconds, Stopping threads took: 0.0000780 seconds
62.520: Application time: 0.0618190 seconds
62.520: [GC62.520: [ParNew: 37181K->4158K(37632K), 0.0015760 secs] 92864K->61905K(121024K), 0.0016100 secs] [Times: user=0.01 sys=0.00, real=0.00 secs] 
62.521: Total time for which application threads were stopped: 0.0017470 seconds, Stopping threads took: 0.0000800 seconds
62.583: Application time: 0.0619580 seconds
62.583: [GC62.583: [ParNew: 37091K->4130K(37632K), 0.0015640 secs] 94838K->64017K(121024K), 0.0015990 secs] [Times: user=0.01 sys=0.00, real=0.00 secs] 
62.585: Total time for which application threads were stopped: 0.0017250 seconds, Stopping threads took: 0.0000690 seconds
62.646: Application time: 0.0608040 seconds
62.646: [GC62.646: [ParNew: 36928K->4114K(37632K), 0.0017090 secs] 96815K->66049K(121024K), 0.0017420 secs] [Times: user=0.01 sys=0.00, real=0.00 secs] 
62.648: Total time for which application threads were stopped: 0.0018670 seconds, Stopping threads took: 0.0000650 seconds
62.708: Application time: 0.0599500 seconds
62.708: [GC62.708: [ParNew: 36750K->4134K(37632K), 0.0013880 secs] 98685K->67093K(121024K), 0.0014210 secs] [Times: user=0.01 sys=0.00, real=0.00 secs] 
62.709: Total time for which application threads were stopped: 0.0015460 seconds, Stopping threads took: 0.0000660 seconds
62.773: Application time: 0.0634050 seconds
62.773: [GC62.773: [ParNew: 37015K->4149K(37632K), 0.0013720 secs] 99975K->67108K(121024K), 0.0014010 secs] [Times: user=0.01 sys=0.00, real=0.00 secs] 
62.774: Total time for which application threads were stopped: 0.0015280 seconds, Stopping threads took: 0.0000710 seconds
62.836: Application time: 0.0620260 seconds
62.836: [GC62.836: [ParNew: 36821K->4132K(37632K), 0.0013060 secs] 99781K->68116K(121024K), 0.0013400 secs] [Times: user=0.01 sys=0.00, real=0.00 secs] 
62.838: Total time for which application threads were stopped: 0.0014840 seconds, Stopping threads took: 0.0000780 seconds
62.897: Application time: 0.0589310 seconds
62.897: [GC62.897: [ParNew: 37584K->4153K(37632K), 0.0011820 secs] 101568K->68136K(121024K), 0.0012140 secs] [Times: user=0.01 sys=0.00, real=0.00 secs] 
62.898: Total time for which application threads were stopped: 0.0013390 seconds, Stopping threads took: 0.0000710 seconds
62.957: Application time: 0.0592500 seconds
62.957: [GC62.957: [ParNew: 36741K->4120K(37632K), 0.0013590 secs] 100724K->69128K(121024K), 0.0013900 secs] [Times: user=0.00 sys=0.01, real=0.01 secs] 
62.959: Total time for which application threads were stopped: 0.0015280 seconds, Stopping threads took: 0.0000850 seconds
63.015: Application time: 0.0562470 seconds
63.015: [GC63.015: [ParNew: 36830K->4141K(37632K), 0.0017200 secs] 101837K->71197K(121024K), 0.0017520 secs] [Times: user=0.01 sys=0.00, real=0.00 secs] 
63.017: Total time for which application threads were stopped: 0.0018780 seconds, Stopping threads took: 0.0000710 seconds
63.079: Application time: 0.0623660 seconds
63.079: [GC63.079: [ParNew: 37440K->4152K(37632K), 0.0020570 secs] 104495K->74407K(121024K), 0.0021010 secs] [Times: user=0.02 sys=0.00, real=0.00 secs] 
63.081: Total time for which application threads were stopped: 0.0022180 seconds, Stopping threads took: 0.0000600 seconds
63.140: Application time: 0.0589810 seconds
63.140: [GC63.141: [ParNew: 37031K->4158K(37632K), 0.0016750 secs] 107286K->76545K(121024K), 0.0017080 secs] [Times: user=0.01 sys=0.00, real=0.00 secs] 
63.142: Total time for which application threads were stopped: 0.0018600 seconds, Stopping threads took: 0.0000960 seconds
63.206: Application time: 0.0634690 seconds
63.206: [GC63.206: [ParNew: 37276K->4158K(37632K), 0.0016130 secs] 109664K->78682K(121024K), 0.0016470 secs] [Times: user=0.01 sys=0.00, real=0.00 secs] 
63.207: Total time for which application threads were stopped: 0.0017680 seconds, Stopping threads took: 0.0000640 seconds
63.268: Application time: 0.0608850 seconds
63.268: [GC63.268: [ParNew: 37018K->4114K(37632K), 0.0016420 secs] 111542K->80766K(121024K), 0.0016740 secs] [Times: user=0.01 sys=0.00, real=0.00 secs] 
63.270: Total time for which application threads were stopped: 0.0018120 seconds, Stopping threads took: 0.0000800 seconds
63.333: Application time: 0.0627490 seconds
63.333: [GC63.333: [ParNew: 37005K->4112K(37632K), 0.0015410 secs] 113656K->81788K(121024K), 0.0015730 secs] [Times: user=0.01 sys=0.00, real=0.00 secs] 
63.335: Total time for which application threads were stopped: 0.0017140 seconds, Stopping threads took: 0.0000840 seconds
63.394: Application time: 0.0594040 seconds
63.394: [GC63.394: [ParNew: 36692K->4132K(37632K), 0.0013950 secs] 114368K->82832K(121024K), 0.0014290 secs] [Times: user=0.01 sys=0.00, real=0.00 secs] 
63.396: Total time for which application threads were stopped: 0.0015680 seconds, Stopping threads took: 0.0000740 seconds
63.459: Application time: 0.0630030 seconds
63.459: [GC63.459: [ParNew: 36929K->4143K(37632K), 0.0011640 secs] 115629K->82843K(121024K), 0.0011940 secs] [Times: user=0.01 sys=0.00, real=0.00 secs] 
63.460: Total time for which application threads were stopped: 0.0013190 seconds, Stopping threads took: 0.0000730 seconds
63.522: Application time: 0.0615890 seconds
63.523: [GC63.523: [ParNew: 36729K->4136K(37632K), 0.0014130 secs] 115428K->83860K(121024K), 0.0014460 secs] [Times: user=0.01 sys=0.00, real=0.00 secs] 
63.524: Total time for which application threads were stopped: 0.0026210 seconds, Stopping threads took: 0.0011210 seconds
63.583: Application time: 0.0583880 seconds
63.583: [GC63.583: [ParNew: 37608K->4116K(37632K), 0.0017270 secs] 117332K->85888K(121024K), 0.0017590 secs] [Times: user=0.01 sys=0.00, real=0.00 secs] 
63.584: Total time for which application threads were stopped: 0.0019220 seconds, Stopping threads took: 0.0001050 seconds
63.645: Application time: 0.0604960 seconds
63.645: [GC63.645: [ParNew: 36833K->4115K(37632K), 0.0013580 secs] 118605K->86911K(121024K), 0.0013880 secs] [Times: user=0.01 sys=0.00, real=0.00 secs] 
63.646: Total time for which application threads were stopped: 0.0015060 seconds, Stopping threads took: 0.0000650 seconds
63.705: Application time: 0.0580870 seconds
63.705: [GC63.705: [ParNew: 36851K->4148K(37632K), 0.0016500 secs]63.706: [Tenured: 84843K->10856K(85448K), 0.0084300 secs] 119647K->10856K(123080K), [Perm : 5499K->5499K(21248K)], 0.0102150 secs] [Times: user=0.02 sys=0.00, real=0.01 secs] 
63.715: Total time for which application threads were stopped: 0.0103550 seconds, Stopping threads took: 0.0000780 seconds
63.774: Application time: 0.0591290 seconds
63.774: [GC63.774: [ParNew: 33248K->4156K(37632K), 0.0020830 secs] 44105K->18153K(121024K), 0.0021200 secs] [Times: user=0.02 sys=0.00, real=0.00 secs] 
63.776: Total time for which application threads were stopped: 0.0022540 seconds, Stopping threads took: 0.0000750 seconds
63.839: Application time: 0.0626070 seconds
63.839: [GC63.839: [ParNew: 37173K->4157K(37632K), 0.0015840 secs] 51170K->20290K(121024K), 0.0016270 secs] [Times: user=0.01 sys=0.00, real=0.00 secs] 
63.841: Total time for which application threads were stopped: 0.0017590 seconds, Stopping threads took: 0.0000760 seconds
63.903: Application time: 0.0621550 seconds
63.903: [GC63.903: [ParNew: 37202K->4159K(37632K), 0.0013030 secs] 53335K->21412K(121024K), 0.0013330 secs] [Times: user=0.01 sys=0.00, real=0.00 secs] 
63.904: Total time for which application threads were stopped: 0.0014550 seconds, Stopping threads took: 0.0000590 seconds
63.964: Application time: 0.0602230 seconds
63.965: [GC63.965: [ParNew: 36965K->4112K(37632K), 0.0016540 secs] 54218K->23501K(121024K), 0.0016860 secs] [Times: user=0.01 sys=0.00, real=0.00 secs] 
63.966: Total time for which application threads were stopped: 0.0018170 seconds, Stopping threads took: 0.0000750 seconds
64.028: Application time: 0.0617150 seconds
64.028: [GC64.028: [ParNew: 36966K->4130K(37632K), 0.0016990 secs] 56355K->25567K(121024K), 0.0017310 secs] [Times: user=0.01 sys=0.00, real=0.00 secs] 
64.030: Total time for which application threads were stopped: 0.0018660 seconds, Stopping threads took: 0.0000760 seconds
64.094: Application time: 0.0640190 seconds
64.094: [GC64.094: [ParNew: 36977K->4120K(37632K), 0.0013020 secs] 58414K->26581K(121024K), 0.0013350 secs] [Times: user=0.01 sys=0.00, real=0.00 secs] 
64.095: Total time for which application threads were stopped: 0.0014690 seconds, Stopping threads took: 0.0000750 seconds
64.157: Application time: 0.0613720 seconds
64.157: [GC64.157: [ParNew: 36746K->2108K(37632K), 0.0006470 secs] 59207K->24569K(121024K), 0.0006760 secs] [Times: user=0.01 sys=0.00, real=0.00 secs] 
64.158: Total time for which application threads were stopped: 0.0008040 seconds, Stopping threads took: 0.0000750 seconds
64.217: Application time: 0.0594950 seconds
64.217: [GC64.217: [ParNew: 34581K->4118K(37632K), 0.0013300 secs] 57042K->27603K(121024K), 0.0013610 secs] [Times: user=0.01 sys=0.00, real=0.00 secs] 
64.219: Total time for which application threads were stopped: 0.0014850 seconds, Stopping threads took: 0.0000680 seconds
64.275: Application time: 0.0565590 seconds
64.275: [GC64.275: [ParNew: 37580K->4115K(37632K), 0.0016850 secs] 61065K->29648K(121024K), 0.0017170 secs] [Times: user=0.01 sys=0.00, real=0.00 secs] 
64.277: Total time for which application threads were stopped: 0.0018370 seconds, Stopping threads took: 0.0000650 seconds
64.341: Application time: 0.0643970 seconds
64.341: [GC64.341: [ParNew: 37021K->4136K(37632K), 0.0010820 secs] 62554K->29669K(121024K), 0.0011190 secs] [Times: user=0.01 sys=0.00, real=0.00 secs] 
64.343: Total time for which application threads were stopped: 0.0012560 seconds, Stopping threads took: 0.0000850 seconds
64.398: Application time: 0.0554660 seconds
64.398: [GC64.398: [ParNew: 36748K->4146K(37632K), 0.0016950 secs] 62281K->31727K(121024K), 0.0017260 secs] [Times: user=0.01 sys=0.00, real=0.01 secs] 
64.400: Total time for which application threads were stopped: 0.0018870 seconds, Stopping threads took: 0.0001070 seconds
64.463: Application time: 0.0629190 seconds
64.463: [GC64.463: [ParNew: 37478K->4154K(37632K), 0.0020000 secs] 65059K->34943K(121024K), 0.0020350 secs] [Times: user=0.02 sys=0.00, real=0.00 secs] 
64.465: Total time for which application threads were stopped: 0.0021680 seconds, Stopping threads took: 0.0000680 seconds
64.524: Application time: 0.0592760 seconds
64.524: [GC64.524: [ParNew: 37118K->4143K(37632K), 0.0016280 secs] 67907K->37060K(121024K), 0.0016620 secs] [Times: user=0.01 sys=0.00, real=0.00 secs] 
64.526: Total time for which application threads were stopped: 0.0017940 seconds, Stopping threads took: 0.0000720 seconds
64.590: Application time: 0.0637600 seconds
64.591: [GC64.591: [ParNew: 37278K->4152K(37632K), 0.0014520 secs] 70195K->38190K(121024K), 0.0014860 secs] [Times: user=0.01 sys=0.00, real=0.00 secs] 
64.592: Total time for which application threads were stopped: 0.0022690 seconds, Stopping threads took: 0.0007270 seconds
64.651: Application time: 0.0587480 seconds
64.651: [GC64.651: [ParNew: 36852K->4113K(37632K), 0.0016540 secs] 70889K->40262K(121024K), 0.0016970 secs] [Times: user=0.01 sys=0.00, real=0.00 secs] 
64.653: Total time for which application threads were stopped: 0.0018600 seconds, Stopping threads took: 0.0001060 seconds
64.717: Application time: 0.0643740 seconds
64.717: [GC64.717: [ParNew: 37110K->4128K(37632K), 0.0017110 secs] 73259K->42325K(121024K), 0.0017450 secs] [Times: user=0.01 sys=0.00, real=0.01 secs] 
64.719: Total time for which application threads were stopped: 0.0018950 seconds, Stopping threads took: 0.0000920 seconds
64.780: Application time: 0.0613850 seconds
64.781: [GC64.781: [ParNew: 36858K->4151K(37632K), 0.0013620 secs] 75056K->43373K(121024K), 0.0013930 secs] [Times: user=0.01 sys=0.00, real=0.00 secs] 
64.782: Total time for which application threads were stopped: 0.0015400 seconds, Stopping threads took: 0.0000890 seconds
64.842: Application time: 0.0600270 seconds
64.842: [GC64.842: [ParNew: 37623K->4152K(37632K), 0.0012180 secs] 76845K->43373K(121024K), 0.0012490 secs] [Times: user=0.01 sys=0.00, real=0.00 secs] 
64.843: Total time for which application threads were stopped: 0.0014170 seconds, Stopping threads took: 0.0001130 seconds
64.907: Application time: 0.0638600 seconds
64.907: [GC64.907: [ParNew: 36924K->4123K(37632K), 0.0010480 secs] 76146K->43345K(121024K), 0.0010800 secs] [Times: user=0.01 sys=0.00, real=0.00 secs] 
64.909: Total time for which application threads were stopped: 0.0012220 seconds, Stopping threads took: 0.0000880 seconds
64.967: Application time: 0.0584050 seconds
64.967: [GC64.967: [ParNew: 36756K->4130K(37632K), 0.0014730 secs] 75978K->44376K(121024K), 0.0015030 secs] [Times: user=0.01 sys=0.00, real=0.00 secs] 
64.969: Total time for which application threads were stopped: 0.0016290 seconds, Stopping threads took: 0.0000630 seconds
65.026: Application time: 0.0573230 seconds
65.026: [GC65.026: [ParNew: 36579K->4119K(37632K), 0.0026400 secs] 76825K->44365K(121024K), 0.0026780 secs] [Times: user=0.00 sys=0.00, real=0.00 secs] 
65.029: Total time for which application threads were stopped: 0.0028200 seconds, Stopping threads took: 0.0000860 seconds
65.089: Application time: 0.0598940 seconds
65.089: [GC65.089: [ParNew: 36924K->4144K(37632K), 0.0017130 secs] 77170K->46438K(121024K), 0.0017440 secs] [Times: user=0.02 sys=0.00, real=0.00 secs] 
65.090: Total time for which application threads were stopped: 0.0018800 seconds, Stopping threads took: 0.0000780 seconds
65.151: Application time: 0.0607160 seconds
65.151: [GC65.151: [ParNew: 37388K->4152K(37632K), 0.0016790 secs] 79682K->48630K(121024K), 0.0017120 secs] [Times: user=0.02 sys=0.00, real=0.00 secs] 
65.153: Total time for which application threads were stopped: 0.0018310 seconds, Stopping threads took: 0.0000620 seconds
65.213: Application time: 0.0601380 seconds
65.213: [GC65.213: [ParNew: 37077K->4158K(37632K), 0.0016220 secs] 81555K->50768K(121024K), 0.0016540 secs] [Times: user=0.01 sys=0.00, real=0.00 secs] 
65.215: Total time for which application threads were stopped: 0.0017840 seconds, Stopping threads took: 0.0000750 seconds
65.274: Application time: 0.0592630 seconds
65.274: [GC65.274: [ParNew: 37132K->4154K(37632K), 0.0018070 secs] 83742K->52892K(121024K), 0.0018410 secs] [Times: user=0.02 sys=0.00, real=0.00 secs] 
65.276: Total time for which application threads were stopped: 0.0019690 seconds, Stopping threads took: 0.0000710 seconds
65.339: Application time: 0.0630060 seconds
65.339: [GC65.339: [ParNew: 37060K->4116K(37632K), 0.0017910 secs] 85798K->54982K(121024K), 0.0018250 secs] [Times: user=0.02 sys=0.00, real=0.00 secs] 
65.341: Total time for which application threads were stopped: 0.0019830 seconds, Stopping threads took: 0.0001010 seconds
65.404: Application time: 0.0625650 seconds
65.404: [GC65.404: [ParNew: 37009K->4128K(37632K), 0.0016940 secs] 87875K->57042K(121024K), 0.0017290 secs] [Times: user=0.01 sys=0.00, real=0.00 secs] 
65.406: Total time for which application threads were stopped: 0.0018580 seconds, Stopping threads took: 0.0000720 seconds
65.469: Application time: 0.0632130 seconds
65.469: [GC65.469: [ParNew: 36958K->4134K(37632K), 0.0013780 secs] 89872K->58072K(121024K), 0.0014180 secs] [Times: user=0.01 sys=0.00, real=0.00 secs] 
65.470: Total time for which application threads were stopped: 0.0015680 seconds, Stopping threads took: 0.0000860 seconds
65.530: Application time: 0.0598470 seconds
65.530: [GC65.530: [ParNew: 37556K->4150K(37632K), 0.0010920 secs] 91494K->58088K(121024K), 0.0011220 secs] [Times: user=0.01 sys=0.00, real=0.01 secs] 
65.531: Total time for which application threads were stopped: 0.0012490 seconds, Stopping threads took: 0.0000750 seconds
65.595: Application time: 0.0636020 seconds
65.595: [GC65.595: [ParNew: 37001K->3092K(37632K), 0.0008310 secs] 90939K->57030K(121024K), 0.0008630 secs] [Times: user=0.01 sys=0.00, real=0.00 secs] 
65.596: Total time for which application threads were stopped: 0.0009910 seconds, Stopping threads took: 0.0000760 seconds
65.652: Application time: 0.0559420 seconds
65.652: [GC65.652: [ParNew: 35662K->4151K(37632K), 0.0014750 secs] 89600K->59113K(121024K), 0.0015060 secs] [Times: user=0.01 sys=0.00, real=0.00 secs] 
65.654: Total time for which application threads were stopped: 0.0016480 seconds, Stopping threads took: 0.0000870 seconds
65.714: Application time: 0.0600160 seconds
65.714: [GC65.714: [ParNew: 36837K->4129K(37632K), 0.0013590 secs] 91799K->60115K(121024K), 0.0013910 secs] [Times: user=0.01 sys=0.00, real=0.00 secs] 
65.715: Total time for which application threads were stopped: 0.0015150 seconds, Stopping threads took: 0.0000680 seconds
65.777: Application time: 0.0613750 seconds
65.779: [GC65.779: [ParNew: 37054K->4158K(37632K), 0.0014410 secs] 93040K->61200K(121024K), 0.0014740 secs] [Times: user=0.01 sys=0.00, real=0.00 secs] 
65.780: Total time for which application threads were stopped: 0.0036310 seconds, Stopping threads took: 0.0020970 seconds
65.839: Application time: 0.0592070 seconds
65.843: [GC65.843: [ParNew: 37280K->4158K(37632K), 0.0019010 secs] 94322K->63380K(121024K), 0.0019310 secs] [Times: user=0.01 sys=0.00, real=0.00 secs] 
65.845: Total time for which application threads were stopped: 0.0052260 seconds, Stopping threads took: 0.0032290 seconds
65.906: Application time: 0.0612060 seconds
65.906: [GC65.906: [ParNew: 37021K->4112K(37632K), 0.0016770 secs] 96243K->65479K(121024K), 0.0017120 secs] [Times: user=0.02 sys=0.00, real=0.00 secs] 
65.908: Total time for which application threads were stopped: 0.0019220 seconds, Stopping threads took: 0.0001510 seconds
65.968: Application time: 0.0602010 seconds
65.971: [GC65.971: [ParNew: 37111K->4157K(37632K), 0.0016280 secs] 98477K->66564K(121024K), 0.0016600 secs] [Times: user=0.01 sys=0.00, real=0.00 secs] 
65.972: Total time for which application threads were stopped: 0.0044890 seconds, Stopping threads took: 0.0027550 seconds
66.038: Application time: 0.0651220 seconds
66.038: [GC66.038: [ParNew: 37121K->4131K(37632K), 0.0013220 secs] 99527K->67642K(121024K), 0.0013540 secs] [Times: user=0.01 sys=0.00, real=0.01 secs] 
66.039: Total time for which application threads were stopped: 0.0014800 seconds, Stopping threads took: 0.0000700 seconds
66.099: Application time: 0.0594720 seconds
66.099: [GC66.099: [ParNew: 36767K->4134K(37632K), 0.0013630 secs] 100278K->68668K(121024K), 0.0013960 secs] [Times: user=0.01 sys=0.00, real=0.00 secs] 
66.100: Total time for which application threads were stopped: 0.0015870 seconds, Stopping threads took: 0.0001320 seconds
66.163: Application time: 0.0627010 seconds
66.163: [GC66.163: [ParNew: 36923K->4139K(37632K), 0.0011280 secs] 101458K->68673K(121024K), 0.0011570 secs] [Times: user=0.01 sys=0.00, real=0.00 secs] 
66.164: Total time for which application threads were stopped: 0.0012850 seconds, Stopping threads took: 0.0000750 seconds
66.224: Application time: 0.0599130 seconds
66.224: [GC66.224: [ParNew: 37611K->4133K(37632K), 0.0013260 secs] 102145K->69691K(121024K), 0.0013570 secs] [Times: user=0.01 sys=0.00, real=0.00 secs] 
66.226: Total time for which application threads were stopped: 0.0014860 seconds, Stopping threads took: 0.0000740 seconds
66.284: Application time: 0.0587710 seconds
66.284: [GC66.284: [ParNew: 36758K->4112K(37632K), 0.0019040 secs] 102316K->72742K(121024K), 0.0019430 secs] [Times: user=0.02 sys=0.00, real=0.00 secs] 
66.286: Total time for which application threads were stopped: 0.0020680 seconds, Stopping threads took: 0.0000660 seconds
66.346: Application time: 0.0597610 seconds
66.346: [GC66.346: [ParNew: 37008K->4117K(37632K), 0.0017220 secs] 105638K->74795K(121024K), 0.0017560 secs] [Times: user=0.02 sys=0.00, real=0.00 secs] 
66.348: Total time for which application threads were stopped: 0.0019150 seconds, Stopping threads took: 0.0001010 seconds
66.410: Application time: 0.0620540 seconds
66.410: [GC66.410: [ParNew: 36901K->4151K(37632K), 0.0014200 secs] 107579K->75854K(121024K), 0.0014540 secs] [Times: user=0.01 sys=0.00, real=0.01 secs] 
66.412: Total time for which application threads were stopped: 0.0016040 seconds, Stopping threads took: 0.0000920 seconds
66.472: Application time: 0.0603180 seconds
66.472: [GC66.472: [ParNew: 37017K->4158K(37632K), 0.0011150 secs] 108719K->75933K(121024K), 0.0011480 secs] [Times: user=0.01 sys=0.00, real=0.00 secs] 
66.473: Total time for which application threads were stopped: 0.0013040 seconds, Stopping threads took: 0.0000900 seconds
66.535: Application time: 0.0613350 seconds
66.535: [GC66.535: [ParNew: 37229K->4158K(37632K), 0.0017210 secs] 109004K->78109K(121024K), 0.0017550 secs] [Times: user=0.01 sys=0.00, real=0.00 secs] 
66.537: Total time for which application threads were stopped: 0.0018700 seconds, Stopping threads took: 0.0000600 seconds
66.596: Application time: 0.0589750 seconds
66.596: [GC66.596: [ParNew: 36883K->4118K(37632K), 0.0013940 secs] 110834K->79193K(121024K), 0.0014250 secs] [Times: user=0.01 sys=0.00, real=0.00 secs] 
66.597: Total time for which application threads were stopped: 0.0015450 seconds, Stopping threads took: 0.0000620 seconds
66.659: Application time: 0.0618350 seconds
66.659: [GC66.659: [ParNew: 37187K->4156K(37632K), 0.0016290 secs] 112262K->81295K(121024K), 0.0016620 secs] [Times: user=0.01 sys=0.00, real=0.00 secs] 
66.661: Total time for which application threads were stopped: 0.0017850 seconds, Stopping threads took: 0.0000630 seconds
66.722: Application time: 0.0616500 seconds
66.722: [GC66.722: [ParNew: 37027K->4115K(37632K), 0.0016700 secs] 114166K->83382K(121024K), 0.0017020 secs] [Times: user=0.01 sys=0.01, real=0.00 secs] 
66.724: Total time for which application threads were stopped: 0.0018280 seconds, Stopping threads took: 0.0000690 seconds
66.787: Application time: 0.0628200 seconds
66.787: [GC66.787: [ParNew: 36921K->4126K(37632K), 0.0012110 secs] 116188K->83393K(121024K), 0.0012430 secs] [Times: user=0.00 sys=0.00, real=0.00 secs] 
66.788: Total time for which application threads were stopped: 0.0013560 seconds, Stopping threads took: 0.0000610 seconds
66.847: Application time: 0.0586180 seconds
66.847: [GC66.847: [ParNew: 36585K->3112K(37632K), 0.0008170 secs] 115852K->82379K(121024K), 0.0008430 secs] [Times: user=0.01 sys=0.00, real=0.00 secs] 
66.848: Total time for which application threads were stopped: 0.0009630 seconds, Stopping threads took: 0.0000690 seconds
66.905: Application time: 0.0572900 seconds
66.905: [GC66.905: [ParNew: 35621K->4118K(37632K), 0.0017020 secs] 114888K->85433K(121024K), 0.0017360 secs] [Times: user=0.01 sys=0.00, real=0.00 secs] 
66.907: Total time for which application threads were stopped: 0.0018660 seconds, Stopping threads took: 0.0000740 seconds
66.966: Application time: 0.0590800 seconds
66.966: [GC66.966: [ParNew: 36947K->4114K(37632K), 0.0019440 secs]66.968: [Tenured: 84387K->12077K(84420K), 0.0086410 secs] 118262K->12077K(122052K), [Perm : 5499K->5499K(21248K)], 0.0106980 secs] [Times: user=0.02 sys=0.00, real=0.01 secs] 
66.977: Total time for which application threads were stopped: 0.0108370 seconds, Stopping threads took: 0.0000760 seconds
67.040: Application time: 0.0631460 seconds
67.040: [GC67.040: [ParNew: 32919K->4130K(37632K), 0.0014080 secs] 44996K->17231K(121024K), 0.0014490 secs] [Times: user=0.01 sys=0.00, real=0.00 secs] 
67.042: Total time for which application threads were stopped: 0.0016210 seconds, Stopping threads took: 0.0001020 seconds
67.103: Application time: 0.0611800 seconds
67.103: [GC67.103: [ParNew: 36844K->4137K(37632K), 0.0011130 secs] 49945K->17238K(121024K), 0.0011410 secs] [Times: user=0.01 sys=0.00, real=0.00 secs] 
67.104: Total time for which application threads were stopped: 0.0012580 seconds, Stopping threads took: 0.0000640 seconds
67.164: Application time: 0.0592970 seconds
67.164: [GC67.164: [ParNew: 37006K->4158K(37632K), 0.0017190 secs] 50107K->19323K(121024K), 0.0017550 secs] [Times: user=0.01 sys=0.00, real=0.00 secs] 
67.165: Total time for which application threads were stopped: 0.0019270 seconds, Stopping threads took: 0.0001150 seconds
67.229: Application time: 0.0631440 seconds
67.229: [GC67.229: [ParNew: 37522K->4155K(37632K), 0.0016300 secs] 52688K->21521K(121024K), 0.0016630 secs] [Times: user=0.01 sys=0.00, real=0.00 secs] 
67.230: Total time for which application threads were stopped: 0.0018100 seconds, Stopping threads took: 0.0000880 seconds
67.288: Application time: 0.0577850 seconds
67.288: [GC67.288: [ParNew: 36635K->4115K(37632K), 0.0013980 secs] 54001K->22585K(121024K), 0.0014300 secs] [Times: user=0.01 sys=0.00, real=0.00 secs] 
67.290: Total time for which application threads were stopped: 0.0015580 seconds, Stopping threads took: 0.0000710 seconds
67.351: Application time: 0.0614600 seconds
67.351: [GC67.351: [ParNew: 37135K->4154K(37632K), 0.0018890 secs] 55605K->25712K(121024K), 0.0019220 secs] [Times: user=0.01 sys=0.00, real=0.00 secs] 
67.353: Total time for which application threads were stopped: 0.0020400 seconds, Stopping threads took: 0.0000620 seconds
67.415: Application time: 0.0621620 seconds
67.416: [GC67.416: [ParNew: 37065K->4113K(37632K), 0.0017180 secs] 58623K->27791K(121024K), 0.0017490 secs] [Times: user=0.01 sys=0.00, real=0.00 secs] 
67.417: Total time for which application threads were stopped: 0.0019000 seconds, Stopping threads took: 0.0000930 seconds
67.476: Application time: 0.0587640 seconds
67.476: [GC67.476: [ParNew: 37581K->4131K(37632K), 0.0013800 secs] 61259K->28833K(121024K), 0.0014140 secs] [Times: user=0.01 sys=0.00, real=0.00 secs] 
67.478: Total time for which application threads were stopped: 0.0015570 seconds, Stopping threads took: 0.0000820 seconds
67.543: Application time: 0.0655010 seconds
67.543: [GC67.543: [ParNew: 37107K->3128K(37632K), 0.0008340 secs] 61809K->27830K(121024K), 0.0008650 secs] [Times: user=0.01 sys=0.00, real=0.00 secs] 
67.544: Total time for which application threads were stopped: 0.0009900 seconds, Stopping threads took: 0.0000630 seconds
67.604: Application time: 0.0593270 seconds
67.604: [GC67.604: [ParNew: 36600K->4111K(37632K), 0.0016400 secs] 61302K->30861K(121024K), 0.0016710 secs] [Times: user=0.01 sys=0.00, real=0.00 secs] 
67.605: Total time for which application threads were stopped: 0.0017840 seconds, Stopping threads took: 0.0000590 seconds
67.663: Application time: 0.0575120 seconds
67.663: [GC67.663: [ParNew: 36894K->4110K(37632K), 0.0020080 secs] 63644K->33932K(121024K), 0.0020420 secs] [Times: user=0.02 sys=0.00, real=0.00 secs] 
67.665: Total time for which application threads were stopped: 0.0021920 seconds, Stopping threads took: 0.0000910 seconds
67.728: Application time: 0.0629370 seconds
67.728: [GC67.728: [ParNew: 37064K->4114K(37632K), 0.0016340 secs] 66886K->35984K(121024K), 0.0016660 secs] [Times: user=0.01 sys=0.00, real=0.00 secs] 
67.730: Total time for which application threads were stopped: 0.0017970 seconds, Stopping threads took: 0.0000740 seconds
67.790: Application time: 0.0605170 seconds
67.790: [GC67.790: [ParNew: 36776K->4132K(37632K), 0.0011260 secs] 68646K->36002K(121024K), 0.0011560 secs] [Times: user=0.01 sys=0.00, real=0.01 secs] 
67.792: Total time for which application threads were stopped: 0.0012820 seconds, Stopping threads took: 0.0000720 seconds
67.852: Application time: 0.0604980 seconds
67.852: [GC67.852: [ParNew: 37158K->4159K(37632K), 0.0014470 secs] 69028K->37093K(121024K), 0.0014860 secs] [Times: user=0.01 sys=0.00, real=0.00 secs] 
67.854: Total time for which application threads were stopped: 0.0016320 seconds, Stopping threads took: 0.0000900 seconds
67.916: Application time: 0.0625890 seconds
67.916: [GC67.916: [ParNew: 37412K->4156K(37632K), 0.0017410 secs] 70346K->39290K(121024K), 0.0017740 secs] [Times: user=0.01 sys=0.00, real=0.00 secs] 
67.918: Total time for which application threads were stopped: 0.0019080 seconds, Stopping threads took: 0.0000770 seconds
67.976: Application time: 0.0579570 seconds
67.976: [GC67.976: [ParNew: 36661K->4119K(37632K), 0.0013920 secs] 71795K->40345K(121024K), 0.0014240 secs] [Times: user=0.01 sys=0.00, real=0.00 secs] 
67.978: Total time for which application threads were stopped: 0.0015990 seconds, Stopping threads took: 0.0001160 seconds
68.038: Application time: 0.0601710 seconds
68.038: [GC68.038: [ParNew: 37086K->4158K(37632K), 0.0019890 secs] 73312K->43464K(121024K), 0.0020230 secs] [Times: user=0.02 sys=0.00, real=0.01 secs] 
68.040: Total time for which application threads were stopped: 0.0022130 seconds, Stopping threads took: 0.0001330 seconds
68.106: Application time: 0.0656450 seconds
68.106: [GC68.106: [ParNew: 37175K->4115K(37632K), 0.0013400 secs] 76481K->44533K(121024K), 0.0013720 secs] [Times: user=0.01 sys=0.00, real=0.00 secs] 
68.107: Total time for which application threads were stopped: 0.0015320 seconds, Stopping threads took: 0.0000940 seconds
68.168: Application time: 0.0604990 seconds
68.168: [GC68.168: [ParNew: 36898K->4148K(37632K), 0.0014170 secs] 77316K->45590K(121024K), 0.0014500 secs] [Times: user=0.01 sys=0.00, real=0.00 secs] 
68.169: Total time for which application threads were stopped: 0.0015770 seconds, Stopping threads took: 0.0000700 seconds
68.230: Application time: 0.0609490 seconds
68.230: [GC68.230: [ParNew: 36721K->4152K(37632K), 0.0009870 secs] 78163K->45594K(121024K), 0.0010180 secs] [Times: user=0.00 sys=0.00, real=0.01 secs] 
68.231: Total time for which application threads were stopped: 0.0011420 seconds, Stopping threads took: 0.0000700 seconds
68.291: Application time: 0.0594230 seconds
68.291: [GC68.291: [ParNew: 36678K->3117K(37632K), 0.0008930 secs] 78120K->44559K(121024K), 0.0009240 secs] [Times: user=0.01 sys=0.00, real=0.00 secs] 
68.292: Total time for which application threads were stopped: 0.0010330 seconds, Stopping threads took: 0.0000560 seconds
68.348: Application time: 0.0559670 seconds
68.348: [GC68.348: [ParNew: 35707K->4112K(37632K), 0.0016730 secs] 77150K->47603K(121024K), 0.0017040 secs] [Times: user=0.01 sys=0.00, real=0.00 secs] 
68.350: Total time for which application threads were stopped: 0.0018660 seconds, Stopping threads took: 0.0001050 seconds
68.413: Application time: 0.0636660 seconds
68.414: [GC68.414: [ParNew: 36983K->4132K(37632K), 0.0012890 secs] 80474K->48646K(121024K), 0.0013200 secs] [Times: user=0.01 sys=0.00, real=0.00 secs] 
68.415: Total time for which application threads were stopped: 0.0014340 seconds, Stopping threads took: 0.0000600 seconds
68.473: Application time: 0.0576380 seconds
68.473: [GC68.473: [ParNew: 36694K->4114K(37632K), 0.0017070 secs] 81208K->50676K(121024K), 0.0017410 secs] [Times: user=0.01 sys=0.00, real=0.00 secs] 
68.474: Total time for which application threads were stopped: 0.0018770 seconds, Stopping threads took: 0.0000800 seconds
68.537: Application time: 0.0624200 seconds
68.537: [GC68.537: [ParNew: 37083K->4145K(37632K), 0.0016510 secs] 83646K->52755K(121024K), 0.0016840 secs] [Times: user=0.01 sys=0.00, real=0.01 secs] 
68.539: Total time for which application threads were stopped: 0.0018100 seconds, Stopping threads took: 0.0000690 seconds
68.601: Application time: 0.0628130 seconds
68.602: [GC68.602: [ParNew: 37617K->4159K(37632K), 0.0013570 secs] 86227K->53974K(121024K), 0.0013880 secs] [Times: user=0.01 sys=0.00, real=0.00 secs] 
68.603: Total time for which application threads were stopped: 0.0015020 seconds, Stopping threads took: 0.0000580 seconds
68.661: Application time: 0.0584580 seconds
68.662: [GC68.662: [ParNew: 36699K->4116K(37632K), 0.0013870 secs] 86514K->55035K(121024K), 0.0014240 secs] [Times: user=0.01 sys=0.00, real=0.00 secs] 
68.663: Total time for which application threads were stopped: 0.0015570 seconds, Stopping threads took: 0.0000700 seconds
68.723: Application time: 0.0600220 seconds
68.723: [GC68.723: [ParNew: 37091K->4154K(37632K), 0.0019140 secs] 88010K->58161K(121024K), 0.0019500 secs] [Times: user=0.02 sys=0.00, real=0.00 secs] 
68.725: Total time for which application threads were stopped: 0.0020790 seconds, Stopping threads took: 0.0000680 seconds
68.789: Application time: 0.0634820 seconds
68.789: [GC68.789: [ParNew: 37098K->4130K(37632K), 0.0014750 secs] 91105K->59233K(121024K), 0.0015070 secs] [Times: user=0.01 sys=0.00, real=0.00 secs] 
68.790: Total time for which application threads were stopped: 0.0016300 seconds, Stopping threads took: 0.0000660 seconds
68.849: Application time: 0.0588700 seconds
68.849: [GC68.849: [ParNew: 36670K->4115K(37632K), 0.0014030 secs] 91773K->60242K(121024K), 0.0014340 secs] [Times: user=0.00 sys=0.00, real=0.01 secs] 
68.851: Total time for which application threads were stopped: 0.0015740 seconds, Stopping threads took: 0.0000840 seconds
68.914: Application time: 0.0631980 seconds
68.914: [GC68.914: [ParNew: 36931K->4132K(37632K), 0.0014680 secs] 93058K->61283K(121024K), 0.0015040 secs] [Times: user=0.01 sys=0.00, real=0.00 secs] 
68.915: Total time for which application threads were stopped: 0.0016370 seconds, Stopping threads took: 0.0000750 seconds
68.977: Application time: 0.0611860 seconds
68.977: [GC68.977: [ParNew: 36742K->4125K(37632K), 0.0011490 secs] 93893K->61276K(121024K), 0.0011870 secs] [Times: user=0.01 sys=0.01, real=0.01 secs] 
68.979: Total time for which application threads were stopped: 0.0019440 seconds, Stopping threads took: 0.0006990 seconds
69.034: Application time: 0.0553640 seconds
69.034: [GC69.034: [ParNew: 37597K->4112K(37632K), 0.0020830 secs] 94748K->64335K(121024K), 0.0021250 secs] [Times: user=0.01 sys=0.00, real=0.00 secs] 
69.036: Total time for which application threads were stopped: 0.0022780 seconds, Stopping threads took: 0.0000920 seconds
69.100: Application time: 0.0637690 seconds
69.100: [GC69.100: [ParNew: 37067K->4136K(37632K), 0.0013380 secs] 97290K->65383K(121024K), 0.0013700 secs] [Times: user=0.01 sys=0.00, real=0.00 secs] 
69.102: Total time for which application threads were stopped: 0.0014940 seconds, Stopping threads took: 0.0000680 seconds
69.158: Application time: 0.0565220 seconds
69.158: [GC69.158: [ParNew: 36788K->4115K(37632K), 0.0017040 secs] 98035K->67410K(121024K), 0.0017370 secs] [Times: user=0.01 sys=0.00, real=0.01 secs] 
69.160: Total time for which application threads were stopped: 0.0018750 seconds, Stopping threads took: 0.0000800 seconds
69.224: Application time: 0.0643070 seconds
69.224: [GC69.224: [ParNew: 37225K->4158K(37632K), 0.0016280 secs] 100520K->69517K(121024K), 0.0016600 secs] [Times: user=0.01 sys=0.00, real=0.00 secs] 
69.226: Total time for which application threads were stopped: 0.0017930 seconds, Stopping threads took: 0.0000690 seconds
69.288: Application time: 0.0620590 seconds
69.288: [GC69.288: [ParNew: 37491K->4158K(37632K), 0.0016500 secs] 102851K->71717K(121024K), 0.0016820 secs] [Times: user=0.02 sys=0.00, real=0.00 secs] 
69.290: Total time for which application threads were stopped: 0.0018010 seconds, Stopping threads took: 0.0000630 seconds
69.350: Application time: 0.0605550 seconds
69.351: [GC69.351: [ParNew: 36823K->4138K(37632K), 0.0014200 secs] 104383K->72806K(121024K), 0.0014530 secs] [Times: user=0.01 sys=0.00, real=0.00 secs] 
69.352: Total time for which application threads were stopped: 0.0016240 seconds, Stopping threads took: 0.0001090 seconds
69.411: Application time: 0.0588730 seconds
69.411: [GC69.411: [ParNew: 36984K->4152K(37632K), 0.0016270 secs] 105651K->74883K(121024K), 0.0016600 secs] [Times: user=0.02 sys=0.00, real=0.00 secs] 
69.413: Total time for which application threads were stopped: 0.0018130 seconds, Stopping threads took: 0.0000870 seconds
69.476: Application time: 0.0634450 seconds
69.476: [GC69.476: [ParNew: 37088K->4130K(37632K), 0.0015280 secs] 107819K->75958K(121024K), 0.0015580 secs] [Times: user=0.01 sys=0.00, real=0.00 secs] 
69.478: Total time for which application threads were stopped: 0.0016840 seconds, Stopping threads took: 0.0000710 seconds
69.541: Application time: 0.0626330 seconds
69.541: [GC69.541: [ParNew: 36879K->4119K(37632K), 0.0013530 secs] 108706K->76971K(121024K), 0.0013890 secs] [Times: user=0.01 sys=0.00, real=0.00 secs] 
69.542: Total time for which application threads were stopped: 0.0015120 seconds, Stopping threads took: 0.0000670 seconds
69.601: Application time: 0.0588310 seconds
69.601: [GC69.601: [ParNew: 37558K->4138K(37632K), 0.0011690 secs] 110410K->76989K(121024K), 0.0012010 secs] [Times: user=0.01 sys=0.00, real=0.00 secs] 
69.602: Total time for which application threads were stopped: 0.0013320 seconds, Stopping threads took: 0.0000750 seconds
69.664: Application time: 0.0620120 seconds
69.664: [GC69.664: [ParNew: 36876K->4120K(37632K), 0.0013840 secs] 109727K->77995K(121024K), 0.0014140 secs] [Times: user=0.01 sys=0.00, real=0.00 secs] 
69.666: Total time for which application threads were stopped: 0.0015360 seconds, Stopping threads took: 0.0000690 seconds
69.723: Application time: 0.0567650 seconds
69.723: [GC69.723: [ParNew: 36785K->4128K(37632K), 0.0017090 secs] 110661K->80051K(121024K), 0.0017430 secs] [Times: user=0.01 sys=0.01, real=0.00 secs] 
69.724: Total time for which application threads were stopped: 0.0019020 seconds, Stopping threads took: 0.0001010 seconds
69.786: Application time: 0.0616790 seconds
69.786: [GC69.786: [ParNew: 36955K->4117K(37632K), 0.0017120 secs] 112878K->82088K(121024K), 0.0017430 secs] [Times: user=0.01 sys=0.00, real=0.00 secs] 
69.788: Total time for which application threads were stopped: 0.0018960 seconds, Stopping threads took: 0.0000880 seconds
69.848: Application time: 0.0598170 seconds
69.848: [GC69.848: [ParNew: 36824K->4131K(37632K), 0.0014860 secs] 114795K->83126K(121024K), 0.0015190 secs] [Times: user=0.01 sys=0.00, real=0.00 secs] 
69.850: Total time for which application threads were stopped: 0.0016810 seconds, Stopping threads took: 0.0001070 seconds
69.912: Application time: 0.0621290 seconds
69.912: [GC69.912: [ParNew: 37197K->4152K(37632K), 0.0017130 secs] 116193K->85211K(121024K), 0.0017460 secs] [Times: user=0.01 sys=0.00, real=0.00 secs] 
69.914: Total time for which application threads were stopped: 0.0018970 seconds, Stopping threads took: 0.0000960 seconds
69.973: Application time: 0.0592920 seconds
69.973: [GC69.973: [ParNew: 37346K->4156K(37632K), 0.0017990 secs] 118405K->87432K(121024K), 0.0018370 secs] [Times: user=0.01 sys=0.00, real=0.00 secs] 
69.975: Total time for which application threads were stopped: 0.0019640 seconds, Stopping threads took: 0.0000680 seconds
70.037: Application time: 0.0619810 seconds
70.037: [GC70.037: [ParNew: 36920K->4133K(37632K), 0.0015940 secs]70.039: [Tenured: 84355K->10243K(84420K), 0.0082180 secs] 120196K->10243K(122052K), [Perm : 5499K->5499K(21248K)], 0.0099190 secs] [Times: user=0.02 sys=0.00, real=0.01 secs] 
70.047: Total time for which application threads were stopped: 0.0100560 seconds, Stopping threads took: 0.0000740 seconds
70.111: Application time: 0.0638100 seconds
70.111: [GC70.111: [ParNew: 33094K->4159K(37632K), 0.0010320 secs] 43338K->14443K(121024K), 0.0010650 secs] [Times: user=0.01 sys=0.00, real=0.00 secs] 
70.112: Total time for which application threads were stopped: 0.0012090 seconds, Stopping threads took: 0.0000880 seconds
70.172: Application time: 0.0603130 seconds
70.172: [GC70.172: [ParNew: 36785K->4152K(37632K), 0.0010820 secs] 47069K->14484K(121024K), 0.0011130 secs] [Times: user=0.01 sys=0.00, real=0.00 secs] 
70.173: Total time for which application threads were stopped: 0.0012680 seconds, Stopping threads took: 0.0001020 seconds
70.234: Application time: 0.0603780 seconds
70.235: [GC70.235: [ParNew: 36808K->4138K(37632K), 0.0013400 secs] 47139K->15494K(121024K), 0.0013800 secs] [Times: user=0.01 sys=0.00, real=0.00 secs] 
70.236: Total time for which application threads were stopped: 0.0022310 seconds, Stopping threads took: 0.0007940 seconds
70.295: Application time: 0.0587480 seconds
70.295: [GC70.295: [ParNew: 36668K->4116K(37632K), 0.0014900 secs] 48024K->16496K(121024K), 0.0015220 secs] [Times: user=0.01 sys=0.00, real=0.00 secs] 
70.296: Total time for which application threads were stopped: 0.0016450 seconds, Stopping threads took: 0.0000560 seconds
70.352: Application time: 0.0557480 seconds
70.352: [GC70.352: [ParNew: 36655K->4114K(37632K), 0.0017120 secs] 49035K->18542K(121024K), 0.0017450 secs] [Times: user=0.01 sys=0.00, real=0.00 secs] 
70.354: Total time for which application threads were stopped: 0.0018810 seconds, Stopping threads took: 0.0000800 seconds
70.420: Application time: 0.0656390 seconds
70.420: [GC70.420: [ParNew: 37223K->4134K(37632K), 0.0013510 secs] 51651K->19586K(121024K), 0.0013830 secs] [Times: user=0.01 sys=0.00, real=0.00 secs] 
70.421: Total time for which application threads were stopped: 0.0015010 seconds, Stopping threads took: 0.0000620 seconds
70.482: Application time: 0.0604110 seconds
70.482: [GC70.482: [ParNew: 36820K->4132K(37632K), 0.0013200 secs] 52273K->20608K(121024K), 0.0013540 secs] [Times: user=0.01 sys=0.00, real=0.00 secs] 
70.483: Total time for which application threads were stopped: 0.0014900 seconds, Stopping threads took: 0.0000790 seconds
70.542: Application time: 0.0592760 seconds
70.543: [GC70.543: [ParNew: 36804K->4134K(37632K), 0.0014160 secs] 53280K->21634K(121024K), 0.0014480 secs] [Times: user=0.01 sys=0.00, real=0.00 secs] 
70.544: Total time for which application threads were stopped: 0.0015960 seconds, Stopping threads took: 0.0000920 seconds
70.607: Application time: 0.0629590 seconds
70.607: [GC70.607: [ParNew: 37197K->4155K(37632K), 0.0015680 secs] 54697K->23719K(121024K), 0.0016020 secs] [Times: user=0.01 sys=0.00, real=0.00 secs] 
70.609: Total time for which application threads were stopped: 0.0017210 seconds, Stopping threads took: 0.0000590 seconds
70.668: Application time: 0.0590850 seconds
70.668: [GC70.668: [ParNew: 37198K->4158K(37632K), 0.0015310 secs] 56763K->24910K(121024K), 0.0015660 secs] [Times: user=0.02 sys=0.00, real=0.00 secs] 
70.670: Total time for which application threads were stopped: 0.0017560 seconds, Stopping threads took: 0.0001310 seconds
70.731: Application time: 0.0611390 seconds
70.731: [GC70.731: [ParNew: 36875K->4119K(37632K), 0.0013470 secs] 57628K->25963K(121024K), 0.0013760 secs] [Times: user=0.01 sys=0.00, real=0.00 secs] 
70.732: Total time for which application threads were stopped: 0.0015460 seconds, Stopping threads took: 0.0001150 seconds
70.792: Application time: 0.0593050 seconds
70.795: [GC70.795: [ParNew: 36973K->4158K(37632K), 0.0014350 secs] 58817K->27082K(121024K), 0.0014690 secs] [Times: user=0.01 sys=0.00, real=0.00 secs] 
70.796: Total time for which application threads were stopped: 0.0046630 seconds, Stopping threads took: 0.0031380 seconds
70.855: Application time: 0.0589730 seconds
70.855: [GC70.855: [ParNew: 36745K->4112K(37632K), 0.0015830 secs] 59670K->29149K(121024K), 0.0016160 secs] [Times: user=0.01 sys=0.00, real=0.00 secs] 
70.857: Total time for which application threads were stopped: 0.0017480 seconds, Stopping threads took: 0.0000660 seconds
70.919: Application time: 0.0620210 seconds
70.919: [GC70.919: [ParNew: 36992K->4133K(37632K), 0.0013530 secs] 62028K->30193K(121024K), 0.0013870 secs] [Times: user=0.01 sys=0.00, real=0.00 secs] 
70.920: Total time for which application threads were stopped: 0.0015210 seconds, Stopping threads took: 0.0000790 seconds
70.980: Application time: 0.0592760 seconds
70.980: [GC70.980: [ParNew: 36864K->4113K(37632K), 0.0016730 secs] 62924K->32222K(121024K), 0.0017060 secs] [Times: user=0.01 sys=0.00, real=0.00 secs] 
70.982: Total time for which application threads were stopped: 0.0018390 seconds, Stopping threads took: 0.0000760 seconds
71.043: Application time: 0.0611060 seconds
71.043: [GC71.043: [ParNew: 36889K->4129K(37632K), 0.0014590 secs] 64997K->33262K(121024K), 0.0014990 secs] [Times: user=0.01 sys=0.00, real=0.00 secs] 
71.044: Total time for which application threads were stopped: 0.0016150 seconds, Stopping threads took: 0.0000600 seconds
71.108: Application time: 0.0636900 seconds
71.108: [GC71.108: [ParNew: 37080K->4148K(37632K), 0.0011510 secs] 66212K->33281K(121024K), 0.0011780 secs] [Times: user=0.00 sys=0.00, real=0.00 secs] 
71.109: Total time for which application threads were stopped: 0.0013060 seconds, Stopping threads took: 0.0000740 seconds
71.167: Application time: 0.0576360 seconds
71.167: [GC71.167: [ParNew: 36672K->4131K(37632K), 0.0013770 secs] 65804K->34287K(121024K), 0.0014090 secs] [Times: user=0.01 sys=0.00, real=0.00 secs] 
71.169: Total time for which application threads were stopped: 0.0015630 seconds, Stopping threads took: 0.0000980 seconds
71.232: Application time: 0.0638340 seconds
71.232: [GC71.232: [ParNew: 37064K->4136K(37632K), 0.0010820 secs] 67221K->34292K(121024K), 0.0011110 secs] [Times: user=0.01 sys=0.00, real=0.00 secs] 
71.234: Total time for which application threads were stopped: 0.0012330 seconds, Stopping threads took: 0.0000690 seconds
71.291: Application time: 0.0572130 seconds
71.291: [GC71.291: [ParNew: 36748K->4158K(37632K), 0.0014480 secs] 66904K->35339K(121024K), 0.0014800 secs] [Times: user=0.01 sys=0.00, real=0.00 secs] 
71.292: Total time for which application threads were stopped: 0.0016110 seconds, Stopping threads took: 0.0000760 seconds
71.355: Application time: 0.0624570 seconds
71.355: [GC71.355: [ParNew: 37493K->4159K(37632K), 0.0014130 secs] 68674K->36544K(121024K), 0.0014420 secs] [Times: user=0.01 sys=0.00, real=0.00 secs] 
71.357: Total time for which application threads were stopped: 0.0016230 seconds, Stopping threads took: 0.0001250 seconds
71.417: Application time: 0.0602890 seconds
71.417: [GC71.417: [ParNew: 36810K->4121K(37632K), 0.0014160 secs] 69195K->37609K(121024K), 0.0014460 secs] [Times: user=0.01 sys=0.00, real=0.00 secs] 
71.418: Total time for which application threads were stopped: 0.0015940 seconds, Stopping threads took: 0.0000870 seconds
71.479: Application time: 0.0601390 seconds
71.479: [GC71.479: [ParNew: 36934K->4157K(37632K), 0.0013270 secs] 70422K->38702K(121024K), 0.0013580 secs] [Times: user=0.01 sys=0.00, real=0.00 secs] 
71.480: Total time for which application threads were stopped: 0.0015110 seconds, Stopping threads took: 0.0000980 seconds
71.538: Application time: 0.0579200 seconds
71.538: [GC71.538: [ParNew: 36773K->4128K(37632K), 0.0016770 secs] 71318K->40793K(121024K), 0.0017090 secs] [Times: user=0.01 sys=0.00, real=0.01 secs] 
71.540: Total time for which application threads were stopped: 0.0018300 seconds, Stopping threads took: 0.0000660 seconds
71.601: Application time: 0.0614440 seconds
71.601: [GC71.601: [ParNew: 36969K->4136K(37632K), 0.0016020 secs] 73634K->42849K(121024K), 0.0016350 secs] [Times: user=0.01 sys=0.00, real=0.00 secs] 
71.603: Total time for which application threads were stopped: 0.0017650 seconds, Stopping threads took: 0.0000730 seconds
71.662: Application time: 0.0593570 seconds
71.662: [GC71.662: [ParNew: 36881K->4116K(37632K), 0.0013610 secs] 75593K->43853K(121024K), 0.0013930 secs] [Times: user=0.00 sys=0.01, real=0.00 secs] 
71.664: Total time for which application threads were stopped: 0.0015160 seconds, Stopping threads took: 0.0000660 seconds
71.728: Application time: 0.0642100 seconds
71.728: [GC71.728: [ParNew: 37048K->4131K(37632K), 0.0014760 secs] 76785K->44892K(121024K), 0.0015060 secs] [Times: user=0.01 sys=0.00, real=0.00 secs] 
71.730: Total time for which application threads were stopped: 0.0016350 seconds, Stopping threads took: 0.0000730 seconds
71.789: Application time: 0.0593430 seconds
71.789: [GC71.789: [ParNew: 36830K->4121K(37632K), 0.0013520 secs] 77591K->45906K(121024K), 0.0013920 secs] [Times: user=0.01 sys=0.00, real=0.01 secs] 
71.791: Total time for which application threads were stopped: 0.0015370 seconds, Stopping threads took: 0.0000790 seconds
71.854: Application time: 0.0630010 seconds
71.854: [GC71.854: [ParNew: 36990K->4150K(37632K), 0.0014620 secs] 78775K->46959K(121024K), 0.0014930 secs] [Times: user=0.01 sys=0.00, real=0.00 secs] 
71.855: Total time for which application threads were stopped: 0.0016210 seconds, Stopping threads took: 0.0000710 seconds
71.915: Application time: 0.0601560 seconds
71.916: [GC71.916: [ParNew: 36738K->4116K(37632K), 0.0011550 secs] 79547K->46925K(121024K), 0.0011840 secs] [Times: user=0.01 sys=0.00, real=0.00 secs] 
71.917: Total time for which application threads were stopped: 0.0013340 seconds, Stopping threads took: 0.0000960 seconds
71.978: Application time: 0.0609290 seconds
71.978: [GC71.978: [ParNew: 36971K->4158K(37632K), 0.0011290 secs] 79780K->46999K(121024K), 0.0011580 secs] [Times: user=0.01 sys=0.00, real=0.01 secs] 
71.979: Total time for which application threads were stopped: 0.0012770 seconds, Stopping threads took: 0.0000590 seconds
72.038: Application time: 0.0593300 seconds
72.038: [GC72.038: [ParNew: 37099K->4159K(37632K), 0.0014040 secs] 79940K->48164K(121024K), 0.0014360 secs] [Times: user=0.01 sys=0.00, real=0.01 secs] 
72.040: Total time for which application threads were stopped: 0.0015640 seconds, Stopping threads took: 0.0000750 seconds
72.098: Application time: 0.0581760 seconds
72.098: [GC72.098: [ParNew: 36910K->4158K(37632K), 0.0013970 secs] 80915K->49267K(121024K), 0.0014280 secs] [Times: user=0.01 sys=0.00, real=0.01 secs] 
72.100: Total time for which application threads were stopped: 0.0015590 seconds, Stopping threads took: 0.0000760 seconds
72.163: Application time: 0.0631180 seconds
72.163: [GC72.163: [ParNew: 37206K->4156K(37632K), 0.0011590 secs] 82316K->49370K(121024K), 0.0011880 secs] [Times: user=0.01 sys=0.00, real=0.00 secs] 
72.164: Total time for which application threads were stopped: 0.0013080 seconds, Stopping threads took: 0.0000680 seconds
72.221: Application time: 0.0568780 seconds
72.221: [GC72.221: [ParNew: 36742K->4113K(37632K), 0.0017640 secs] 81955K->51438K(121024K), 0.0017970 secs] [Times: user=0.01 sys=0.00, real=0.00 secs] 
72.223: Total time for which application threads were stopped: 0.0019200 seconds, Stopping threads took: 0.0000660 seconds
72.287: Application time: 0.0637870 seconds
72.287: [GC72.287: [ParNew: 37052K->4129K(37632K), 0.0012790 secs] 84377K->52478K(121024K), 0.0013110 secs] [Times: user=0.01 sys=0.00, real=0.00 secs] 
72.288: Total time for which application threads were stopped: 0.0014570 seconds, Stopping threads took: 0.0000860 seconds
72.347: Application time: 0.0590460 seconds
72.347: [GC72.347: [ParNew: 36812K->4118K(37632K), 0.0011100 secs] 85162K->52468K(121024K), 0.0011400 secs] [Times: user=0.01 sys=0.00, real=0.00 secs] 
72.348: Total time for which application threads were stopped: 0.0012800 seconds, Stopping threads took: 0.0000850 seconds
72.410: Application time: 0.0615450 seconds
72.410: [GC72.410: [ParNew: 36988K->4134K(37632K), 0.0016370 secs] 85338K->54531K(121024K), 0.0016690 secs] [Times: user=0.01 sys=0.00, real=0.01 secs] 
72.412: Total time for which application threads were stopped: 0.0017920 seconds, Stopping threads took: 0.0000640 seconds
72.474: Application time: 0.0620060 seconds
72.474: [GC72.474: [ParNew: 36999K->4115K(37632K), 0.0017420 secs] 87396K->56560K(121024K), 0.0017780 secs] [Times: user=0.01 sys=0.00, real=0.00 secs] 
72.476: Total time for which application threads were stopped: 0.0019440 seconds, Stopping threads took: 0.0001080 seconds
72.535: Application time: 0.0593170 seconds
72.535: [GC72.535: [ParNew: 36620K->4132K(37632K), 0.0014250 secs] 89066K->57601K(121024K), 0.0014600 secs] [Times: user=0.01 sys=0.00, real=0.00 secs] 
72.537: Total time for which application threads were stopped: 0.0016890 seconds, Stopping threads took: 0.0001630 seconds
72.599: Application time: 0.0623500 seconds
72.599: [GC72.599: [ParNew: 36864K->4125K(37632K), 0.0011900 secs] 90333K->57595K(121024K), 0.0012200 secs] [Times: user=0.01 sys=0.00, real=0.00 secs] 
72.600: Total time for which application threads were stopped: 0.0013760 seconds, Stopping threads took: 0.0000920 seconds
72.660: Application time: 0.0592450 seconds
72.663: [GC72.663: [ParNew: 36851K->4156K(37632K), 0.0013580 secs] 90321K->58650K(121024K), 0.0013920 secs] [Times: user=0.01 sys=0.00, real=0.00 secs] 
72.664: Total time for which application threads were stopped: 0.0045460 seconds, Stopping threads took: 0.0030980 seconds
72.726: Application time: 0.0619230 seconds
72.726: [GC72.726: [ParNew: 37285K->4159K(37632K), 0.0011950 secs] 91778K->58812K(121024K), 0.0012290 secs] [Times: user=0.00 sys=0.00, real=0.00 secs] 
72.728: Total time for which application threads were stopped: 0.0013690 seconds, Stopping threads took: 0.0000860 seconds
72.783: Application time: 0.0553900 seconds
72.783: [GC72.783: [ParNew: 36768K->4157K(37632K), 0.0017950 secs] 91422K->60930K(121024K), 0.0018270 secs] [Times: user=0.01 sys=0.00, real=0.00 secs] 
72.785: Total time for which application threads were stopped: 0.0020210 seconds, Stopping threads took: 0.0001350 seconds
72.845: Application time: 0.0604250 seconds
72.845: [GC72.845: [ParNew: 37150K->4156K(37632K), 0.0016660 secs] 93923K->63049K(121024K), 0.0017030 secs] [Times: user=0.02 sys=0.00, real=0.00 secs] 
72.847: Total time for which application threads were stopped: 0.0018250 seconds, Stopping threads took: 0.0000640 seconds
72.907: Application time: 0.0596770 seconds
72.907: [GC72.907: [ParNew: 36917K->4126K(37632K), 0.0018000 secs] 95811K->65147K(121024K), 0.0018320 secs] [Times: user=0.01 sys=0.00, real=0.00 secs] 
72.909: Total time for which application threads were stopped: 0.0019660 seconds, Stopping threads took: 0.0000770 seconds
72.973: Application time: 0.0638320 seconds
72.973: [GC72.973: [ParNew: 37031K->4116K(37632K), 0.0015870 secs] 98052K->67186K(121024K), 0.0016210 secs] [Times: user=0.01 sys=0.00, real=0.00 secs] 
72.974: Total time for which application threads were stopped: 0.0017890 seconds, Stopping threads took: 0.0001110 seconds
73.035: Application time: 0.0601620 seconds
73.035: [GC73.035: [ParNew: 36858K->4120K(37632K), 0.0016270 secs] 99928K->69238K(121024K), 0.0016610 secs] [Times: user=0.02 sys=0.00, real=0.00 secs] 
73.036: Total time for which application threads were stopped: 0.0018170 seconds, Stopping threads took: 0.0001000 seconds
73.098: Application time: 0.0616020 seconds
73.098: [GC73.098: [ParNew: 36989K->4130K(37632K), 0.0017040 secs] 102107K->71296K(121024K), 0.0017380 secs] [Times: user=0.01 sys=0.00, real=0.01 secs] 
73.100: Total time for which application threads were stopped: 0.0019030 seconds, Stopping threads took: 0.0000970 seconds
73.163: Application time: 0.0632380 seconds
73.163: [GC73.163: [ParNew: 36996K->4135K(37632K), 0.0014010 secs] 104162K->72325K(121024K), 0.0014340 secs] [Times: user=0.01 sys=0.00, real=0.00 secs] 
73.165: Total time for which application threads were stopped: 0.0015520 seconds, Stopping threads took: 0.0000620 seconds
73.224: Application time: 0.0592730 seconds
73.224: [GC73.224: [ParNew: 37607K->4148K(37632K), 0.0014370 secs] 105797K->73362K(121024K), 0.0014690 secs] [Times: user=0.01 sys=0.00, real=0.00 secs] 
73.226: Total time for which application threads were stopped: 0.0016150 seconds, Stopping threads took: 0.0000880 seconds
73.290: Application time: 0.0639650 seconds
73.290: [GC73.290: [ParNew: 37021K->3110K(37632K), 0.0008990 secs] 106235K->72324K(121024K), 0.0009280 secs] [Times: user=0.00 sys=0.01, real=0.01 secs] 
73.291: Total time for which application threads were stopped: 0.0010420 seconds, Stopping threads took: 0.0000610 seconds
73.349: Application time: 0.0582310 seconds
73.349: [GC73.349: [ParNew: 35695K->4158K(37632K), 0.0014320 secs] 104909K->74420K(121024K), 0.0014630 secs] [Times: user=0.02 sys=0.00, real=0.00 secs] 
73.351: Total time for which application threads were stopped: 0.0016150 seconds, Stopping threads took: 0.0000950 seconds
73.406: Application time: 0.0554170 seconds
73.406: [GC73.406: [ParNew: 36935K->4152K(37632K), 0.0017080 secs] 107197K->76558K(121024K), 0.0017420 secs] [Times: user=0.01 sys=0.00, real=0.00 secs] 
73.408: Total time for which application threads were stopped: 0.0019070 seconds, Stopping threads took: 0.0001090 seconds
73.468: Application time: 0.0605030 seconds
73.468: [GC73.468: [ParNew: 37273K->4157K(37632K), 0.0020040 secs] 109679K->79732K(121024K), 0.0020400 secs] [Times: user=0.02 sys=0.00, real=0.00 secs] 
73.471: Total time for which application threads were stopped: 0.0021790 seconds, Stopping threads took: 0.0000790 seconds
73.535: Application time: 0.0642920 seconds
73.535: [GC73.535: [ParNew: 37346K->4158K(37632K), 0.0016960 secs] 112920K->81892K(121024K), 0.0017290 secs] [Times: user=0.01 sys=0.00, real=0.00 secs] 
73.537: Total time for which application threads were stopped: 0.0018670 seconds, Stopping threads took: 0.0000820 seconds
73.595: Application time: 0.0587750 seconds
73.596: [GC73.596: [ParNew: 36781K->4134K(37632K), 0.0013670 secs] 114516K->82964K(121024K), 0.0014010 secs] [Times: user=0.01 sys=0.00, real=0.00 secs] 
73.597: Total time for which application threads were stopped: 0.0015450 seconds, Stopping threads took: 0.0000880 seconds
73.661: Application time: 0.0636030 seconds
73.661: [GC73.661: [ParNew: 36956K->4116K(37632K), 0.0011070 secs] 115787K->82946K(121024K), 0.0011390 secs] [Times: user=0.01 sys=0.00, real=0.00 secs] 
73.662: Total time for which application threads were stopped: 0.0012670 seconds, Stopping threads took: 0.0000650 seconds
73.724: Application time: 0.0622120 seconds
73.724: [GC73.724: [ParNew: 36986K->4114K(37632K), 0.0018400 secs] 115817K->86016K(121024K), 0.0018720 secs] [Times: user=0.01 sys=0.00, real=0.00 secs] 
73.726: Total time for which application threads were stopped: 0.0020180 seconds, Stopping threads took: 0.0000890 seconds
73.786: Application time: 0.0598610 seconds
73.786: [GC73.786: [ParNew: 36847K->4148K(37632K), 0.0014430 secs] 118749K->87074K(121024K), 0.0014770 secs] [Times: user=0.01 sys=0.00, real=0.00 secs] 
73.788: Total time for which application threads were stopped: 0.0016030 seconds, Stopping threads took: 0.0000670 seconds
73.850: Application time: 0.0624100 seconds
73.850: [GC73.850: [ParNew: 36955K->4151K(37632K), 0.0011370 secs] 119881K->87077K(121024K), 0.0011670 secs] [Times: user=0.00 sys=0.00, real=0.01 secs] 
73.851: Total time for which application threads were stopped: 0.0012870 seconds, Stopping threads took: 0.0000670 seconds
73.910: Application time: 0.0591590 seconds
73.911: [GC73.911: [ParNew: 36626K->4130K(37632K), 0.0012540 secs] 119553K->87056K(121024K), 0.0012840 secs] [Times: user=0.01 sys=0.00, real=0.01 secs] 
73.912: Total time for which application threads were stopped: 0.0014030 seconds, Stopping threads took: 0.0000650 seconds
73.970: Application time: 0.0585140 seconds
73.970: [GC73.970: [ParNew: 36735K->4116K(37632K), 0.0016650 secs]73.972: [Tenured: 84974K->9651K(85448K), 0.0084240 secs] 119662K->9651K(123080K), [Perm : 5501K->5501K(21248K)], 0.0102350 secs] [Times: user=0.02 sys=0.00, real=0.02 secs] 
73.981: Total time for which application threads were stopped: 0.0103840 seconds, Stopping threads took: 0.0000860 seconds
74.042: Application time: 0.0617150 seconds
74.043: [GC74.043: [ParNew: 32921K->4152K(37632K), 0.0014260 secs] 42573K->14852K(121024K), 0.0014620 secs] [Times: user=0.01 sys=0.01, real=0.00 secs] 
74.044: Total time for which application threads were stopped: 0.0015940 seconds, Stopping threads took: 0.0000740 seconds
74.101: Application time: 0.0567620 seconds
74.101: [GC74.101: [ParNew: 36913K->4158K(37632K), 0.0016350 secs] 47613K->16986K(121024K), 0.0016670 secs] [Times: user=0.01 sys=0.00, real=0.00 secs] 
74.103: Total time for which application threads were stopped: 0.0018150 seconds, Stopping threads took: 0.0000910 seconds
74.165: Application time: 0.0621490 seconds
74.165: [GC74.165: [ParNew: 37297K->4158K(37632K), 0.0016860 secs] 50125K->19130K(121024K), 0.0017200 secs] [Times: user=0.01 sys=0.01, real=0.00 secs] 
74.167: Total time for which application threads were stopped: 0.0018820 seconds, Stopping threads took: 0.0000960 seconds
74.228: Application time: 0.0618070 seconds
74.229: [GC74.229: [ParNew: 37124K->4155K(37632K), 0.0013390 secs] 52096K->20239K(121024K), 0.0013780 secs] [Times: user=0.01 sys=0.00, real=0.00 secs] 
74.230: Total time for which application threads were stopped: 0.0015220 seconds, Stopping threads took: 0.0000870 seconds
74.289: Application time: 0.0591390 seconds
74.291: [GC74.291: [ParNew: 36820K->4114K(37632K), 0.0016380 secs] 52904K->22334K(121024K), 0.0016710 secs] [Times: user=0.01 sys=0.00, real=0.00 secs] 
74.292: Total time for which application threads were stopped: 0.0032490 seconds, Stopping threads took: 0.0015230 seconds
74.353: Application time: 0.0604720 seconds
74.355: [GC74.355: [ParNew: 36943K->4110K(37632K), 0.0020980 secs] 55163K->25402K(121024K), 0.0021330 secs] [Times: user=0.02 sys=0.00, real=0.00 secs] 
74.357: Total time for which application threads were stopped: 0.0040810 seconds, Stopping threads took: 0.0018800 seconds
74.421: Application time: 0.0641190 seconds
74.421: [GC74.421: [ParNew: 37096K->4116K(37632K), 0.0018980 secs] 58388K->28480K(121024K), 0.0019280 secs] [Times: user=0.02 sys=0.00, real=0.00 secs] 
74.423: Total time for which application threads were stopped: 0.0020620 seconds, Stopping threads took: 0.0000790 seconds
74.483: Application time: 0.0594030 seconds
74.483: [GC74.483: [ParNew: 36823K->4134K(37632K), 0.0011000 secs] 61188K->28498K(121024K), 0.0011310 secs] [Times: user=0.00 sys=0.00, real=0.00 secs] 
74.484: Total time for which application threads were stopped: 0.0013020 seconds, Stopping threads took: 0.0001150 seconds
74.547: Application time: 0.0629910 seconds
74.547: [GC74.547: [ParNew: 36945K->4135K(37632K), 0.0012940 secs] 61309K->29523K(121024K), 0.0013270 secs] [Times: user=0.01 sys=0.00, real=0.00 secs] 
74.548: Total time for which application threads were stopped: 0.0014570 seconds, Stopping threads took: 0.0000750 seconds
74.610: Application time: 0.0619050 seconds
74.610: [GC74.610: [ParNew: 36914K->4132K(37632K), 0.0011050 secs] 62302K->29520K(121024K), 0.0011330 secs] [Times: user=0.00 sys=0.00, real=0.01 secs] 
74.611: Total time for which application threads were stopped: 0.0012580 seconds, Stopping threads took: 0.0000750 seconds
74.671: Application time: 0.0592920 seconds
74.671: [GC74.671: [ParNew: 37604K->4152K(37632K), 0.0014130 secs] 62992K->30564K(121024K), 0.0014430 secs] [Times: user=0.01 sys=0.00, real=0.00 secs] 
74.672: Total time for which application threads were stopped: 0.0015950 seconds, Stopping threads took: 0.0000890 seconds
74.732: Application time: 0.0599940 seconds
74.732: [GC74.732: [ParNew: 36935K->4158K(37632K), 0.0014410 secs] 63348K->31610K(121024K), 0.0014730 secs] [Times: user=0.01 sys=0.00, real=0.00 secs] 
74.734: Total time for which application threads were stopped: 0.0016190 seconds, Stopping threads took: 0.0000910 seconds
74.793: Application time: 0.0592170 seconds
74.793: [GC74.793: [ParNew: 37091K->4154K(37632K), 0.0016760 secs] 64543K->33767K(121024K), 0.0017100 secs] [Times: user=0.01 sys=0.00, real=0.00 secs] 
74.795: Total time for which application threads were stopped: 0.0018550 seconds, Stopping threads took: 0.0000880 seconds
74.856: Application time: 0.0611720 seconds
74.856: [GC74.856: [ParNew: 37115K->4156K(37632K), 0.0013290 secs] 66727K->34896K(121024K), 0.0013600 secs] [Times: user=0.00 sys=0.00, real=0.00 secs] 
74.858: Total time for which application threads were stopped: 0.0014920 seconds, Stopping threads took: 0.0000770 seconds
74.918: Application time: 0.0599370 seconds
74.918: [GC74.918: [ParNew: 37097K->4157K(37632K), 0.0014150 secs] 67837K->36002K(121024K), 0.0014480 secs] [Times: user=0.02 sys=0.00, real=0.01 secs] 
74.919: Total time for which application threads were stopped: 0.0015750 seconds, Stopping threads took: 0.0000710 seconds
74.980: Application time: 0.0612460 seconds
74.981: [GC74.981: [ParNew: 36947K->4133K(37632K), 0.0016380 secs] 68792K->38098K(121024K), 0.0016700 secs] [Times: user=0.01 sys=0.00, real=0.00 secs] 
74.982: Total time for which application threads were stopped: 0.0018070 seconds, Stopping threads took: 0.0000720 seconds
75.042: Application time: 0.0593560 seconds
75.042: [GC75.042: [ParNew: 36914K->4114K(37632K), 0.0031670 secs] 70878K->40127K(121024K), 0.0032050 secs] [Times: user=0.02 sys=0.00, real=0.00 secs] 
75.045: Total time for which application threads were stopped: 0.0033490 seconds, Stopping threads took: 0.0000850 seconds
75.110: Application time: 0.0646150 seconds
75.110: [GC75.110: [ParNew: 37042K->4113K(37632K), 0.0013810 secs] 73054K->41149K(121024K), 0.0014140 secs] [Times: user=0.01 sys=0.00, real=0.01 secs] 
75.111: Total time for which application threads were stopped: 0.0015290 seconds, Stopping threads took: 0.0000580 seconds
75.169: Application time: 0.0580690 seconds
75.169: [GC75.169: [ParNew: 36789K->4117K(37632K), 0.0014750 secs] 73825K->42178K(121024K), 0.0015080 secs] [Times: user=0.01 sys=0.00, real=0.01 secs] 
75.171: Total time for which application threads were stopped: 0.0016370 seconds, Stopping threads took: 0.0000700 seconds
75.234: Application time: 0.0627620 seconds
75.234: [GC75.234: [ParNew: 36917K->4132K(37632K), 0.0016400 secs] 74977K->44240K(121024K), 0.0016720 secs] [Times: user=0.01 sys=0.00, real=0.00 secs] 
75.235: Total time for which application threads were stopped: 0.0018120 seconds, Stopping threads took: 0.0000760 seconds
75.295: Application time: 0.0600520 seconds
75.296: [GC75.296: [ParNew: 36859K->4133K(37632K), 0.0014850 secs] 76967K->45266K(121024K), 0.0015170 secs] [Times: user=0.01 sys=0.00, real=0.00 secs] 
75.297: Total time for which application threads were stopped: 0.0016620 seconds, Stopping threads took: 0.0000870 seconds
75.361: Application time: 0.0636410 seconds
75.361: [GC75.361: [ParNew: 36912K->4150K(37632K), 0.0011170 secs] 78045K->45283K(121024K), 0.0011470 secs] [Times: user=0.00 sys=0.00, real=0.00 secs] 
75.362: Total time for which application threads were stopped: 0.0012990 seconds, Stopping threads took: 0.0000970 seconds
75.419: Application time: 0.0566290 seconds
75.423: [GC75.423: [ParNew: 37622K->4159K(37632K), 0.0011830 secs] 78755K->45307K(121024K), 0.0012120 secs] [Times: user=0.01 sys=0.00, real=0.00 secs] 
75.424: Total time for which application threads were stopped: 0.0052070 seconds, Stopping threads took: 0.0039420 seconds
75.487: Application time: 0.0627030 seconds
75.487: [GC75.487: [ParNew: 37255K->4153K(37632K), 0.0015970 secs] 78403K->47430K(121024K), 0.0016280 secs] [Times: user=0.01 sys=0.00, real=0.00 secs] 
75.488: Total time for which application threads were stopped: 0.0018360 seconds, Stopping threads took: 0.0001550 seconds
75.545: Application time: 0.0569350 seconds
75.546: [GC75.546: [ParNew: 37083K->4159K(37632K), 0.0016980 secs] 80360K->49588K(121024K), 0.0017310 secs] [Times: user=0.01 sys=0.00, real=0.00 secs] 
75.547: Total time for which application threads were stopped: 0.0018660 seconds, Stopping threads took: 0.0000780 seconds
75.609: Application time: 0.0618040 seconds
75.609: [GC75.609: [ParNew: 37172K->4156K(37632K), 0.0016960 secs] 82601K->51721K(121024K), 0.0017340 secs] [Times: user=0.01 sys=0.00, real=0.01 secs] 
75.611: Total time for which application threads were stopped: 0.0018580 seconds, Stopping threads took: 0.0000640 seconds
75.675: Application time: 0.0641690 seconds
75.675: [GC75.675: [ParNew: 37122K->4134K(37632K), 0.0011550 secs] 84687K->51779K(121024K), 0.0011830 secs] [Times: user=0.00 sys=0.00, real=0.00 secs] 
75.676: Total time for which application threads were stopped: 0.0013130 seconds, Stopping threads took: 0.0000770 seconds
75.736: Application time: 0.0592890 seconds
75.736: [GC75.736: [ParNew: 36801K->4116K(37632K), 0.0013640 secs] 84446K->52785K(121024K), 0.0013910 secs] [Times: user=0.01 sys=0.00, real=0.00 secs] 
75.737: Total time for which application threads were stopped: 0.0015240 seconds, Stopping threads took: 0.0000720 seconds
75.799: Application time: 0.0617820 seconds
75.799: [GC75.799: [ParNew: 36933K->4135K(37632K), 0.0013220 secs] 85602K->53828K(121024K), 0.0013630 secs] [Times: user=0.01 sys=0.00, real=0.00 secs] 
75.801: Total time for which application threads were stopped: 0.0014890 seconds, Stopping threads took: 0.0000680 seconds
75.860: Application time: 0.0592800 seconds
75.860: [GC75.860: [ParNew: 36793K->4131K(37632K), 0.0014120 secs] 86486K->54848K(121024K), 0.0014420 secs] [Times: user=0.01 sys=0.00, real=0.00 secs] 
75.861: Total time for which application threads were stopped: 0.0015940 seconds, Stopping threads took: 0.0000950 seconds
75.923: Application time: 0.0618340 seconds
75.923: [GC75.923: [ParNew: 36881K->4113K(37632K), 0.0017310 secs] 87598K->56878K(121024K), 0.0017650 secs] [Times: user=0.02 sys=0.00, real=0.00 secs] 
75.925: Total time for which application threads were stopped: 0.0018850 seconds, Stopping threads took: 0.0000630 seconds
75.985: Application time: 0.0602380 seconds
75.986: [GC75.986: [ParNew: 36911K->4130K(37632K), 0.0017020 secs] 89677K->58943K(121024K), 0.0017350 secs] [Times: user=0.01 sys=0.00, real=0.00 secs] 
75.987: Total time for which application threads were stopped: 0.0019230 seconds, Stopping threads took: 0.0001260 seconds
76.052: Application time: 0.0647380 seconds
76.052: [GC76.052: [ParNew: 37076K->4158K(37632K), 0.0012010 secs] 91889K->58987K(121024K), 0.0012300 secs] [Times: user=0.01 sys=0.00, real=0.00 secs] 
76.053: Total time for which application threads were stopped: 0.0013710 seconds, Stopping threads took: 0.0000870 seconds
76.111: Application time: 0.0578710 seconds
76.111: [GC76.111: [ParNew: 37630K->3166K(37632K), 0.0010040 secs] 92459K->57995K(121024K), 0.0010330 secs] [Times: user=0.00 sys=0.00, real=0.00 secs] 
76.112: Total time for which application threads were stopped: 0.0011820 seconds, Stopping threads took: 0.0000950 seconds
76.171: Application time: 0.0583370 seconds
76.171: [GC76.171: [ParNew: 36001K->4154K(37632K), 0.0017880 secs] 90830K->61127K(121024K), 0.0018200 secs] [Times: user=0.01 sys=0.00, real=0.00 secs] 
76.173: Total time for which application threads were stopped: 0.0019630 seconds, Stopping threads took: 0.0000870 seconds
76.231: Application time: 0.0578690 seconds
76.231: [GC76.231: [ParNew: 37051K->4156K(37632K), 0.0018350 secs] 94024K->63273K(121024K), 0.0018670 secs] [Times: user=0.01 sys=0.00, real=0.00 secs] 
76.233: Total time for which application threads were stopped: 0.0020170 seconds, Stopping threads took: 0.0000940 seconds
76.295: Application time: 0.0624690 seconds
76.295: [GC76.295: [ParNew: 37209K->4156K(37632K), 0.0016960 secs] 96327K->65417K(121024K), 0.0017270 secs] [Times: user=0.02 sys=0.00, real=0.00 secs] 
76.297: Total time for which application threads were stopped: 0.0018650 seconds, Stopping threads took: 0.0000750 seconds
76.360: Application time: 0.0628710 seconds
76.360: [GC76.360: [ParNew: 37114K->4112K(37632K), 0.0019650 secs] 98376K->68525K(121024K), 0.0019990 secs] [Times: user=0.01 sys=0.00, real=0.00 secs] 
76.362: Total time for which application threads were stopped: 0.0021240 seconds, Stopping threads took: 0.0000680 seconds
76.425: Application time: 0.0630070 seconds
76.427: [GC76.427: [ParNew: 37019K->4132K(37632K), 0.0012020 secs] 101433K->68546K(121024K), 0.0012340 secs] [Times: user=0.01 sys=0.00, real=0.00 secs] 
76.428: Total time for which application threads were stopped: 0.0029480 seconds, Stopping threads took: 0.0016590 seconds
76.488: Application time: 0.0602140 seconds
76.488: [GC76.488: [ParNew: 36795K->4130K(37632K), 0.0012950 secs] 101208K->69568K(121024K), 0.0013240 secs] [Times: user=0.01 sys=0.00, real=0.00 secs] 
76.490: Total time for which application threads were stopped: 0.0014700 seconds, Stopping threads took: 0.0000920 seconds
76.551: Application time: 0.0614850 seconds
76.551: [GC76.551: [ParNew: 36916K->4119K(37632K), 0.0014380 secs] 102353K->70580K(121024K), 0.0014700 secs] [Times: user=0.01 sys=0.00, real=0.00 secs] 
76.553: Total time for which application threads were stopped: 0.0016040 seconds, Stopping threads took: 0.0000780 seconds
76.612: Application time: 0.0593680 seconds
76.615: [GC76.615: [ParNew: 36743K->4118K(37632K), 0.0017280 secs] 103204K->72628K(121024K), 0.0017690 secs] [Times: user=0.01 sys=0.00, real=0.00 secs] 
76.617: Total time for which application threads were stopped: 0.0044600 seconds, Stopping threads took: 0.0026330 seconds
76.680: Application time: 0.0631780 seconds
76.680: [GC76.680: [ParNew: 36952K->4137K(37632K), 0.0012280 secs] 105462K->72647K(121024K), 0.0012590 secs] [Times: user=0.01 sys=0.00, real=0.00 secs] 
76.681: Total time for which application threads were stopped: 0.0013780 seconds, Stopping threads took: 0.0000630 seconds
76.741: Application time: 0.0599280 seconds
76.741: [GC76.741: [ParNew: 36700K->4115K(37632K), 0.0011520 secs] 105209K->72624K(121024K), 0.0011820 secs] [Times: user=0.01 sys=0.00, real=0.00 secs] 
76.742: Total time for which application threads were stopped: 0.0013350 seconds, Stopping threads took: 0.0000980 seconds
76.801: Application time: 0.0587800 seconds
76.801: [GC76.801: [ParNew: 36748K->4157K(37632K), 0.0013440 secs] 105258K->73723K(121024K), 0.0013740 secs] [Times: user=0.01 sys=0.00, real=0.00 secs] 
76.803: Total time for which application threads were stopped: 0.0014970 seconds, Stopping threads took: 0.0000610 seconds
76.862: Application time: 0.0593590 seconds
76.862: [GC76.862: [ParNew: 36990K->4146K(37632K), 0.0014400 secs] 106556K->74799K(121024K), 0.0014740 secs] [Times: user=0.00 sys=0.00, real=0.00 secs] 
76.864: Total time for which application threads were stopped: 0.0015840 seconds, Stopping threads took: 0.0000560 seconds
76.921: Application time: 0.0573610 seconds
76.921: [GC76.921: [ParNew: 37143K->4159K(37632K), 0.0017360 secs] 107797K->76957K(121024K), 0.0017720 secs] [Times: user=0.02 sys=0.00, real=0.00 secs] 
76.923: Total time for which application threads were stopped: 0.0019020 seconds, Stopping threads took: 0.0000730 seconds
76.983: Application time: 0.0599000 seconds
76.983: [GC76.983: [ParNew: 37114K->4140K(37632K), 0.0020620 secs] 109912K->80098K(121024K), 0.0021010 secs] [Times: user=0.02 sys=0.00, real=0.00 secs] 
76.985: Total time for which application threads were stopped: 0.0022510 seconds, Stopping threads took: 0.0000910 seconds
77.049: Application time: 0.0643070 seconds
77.049: [GC77.049: [ParNew: 37177K->4141K(37632K), 0.0016850 secs] 113135K->82195K(121024K), 0.0017200 secs] [Times: user=0.02 sys=0.00, real=0.01 secs] 
77.051: Total time for which application threads were stopped: 0.0018510 seconds, Stopping threads took: 0.0000750 seconds
77.113: Application time: 0.0614930 seconds
77.113: [GC77.113: [ParNew: 37002K->4134K(37632K), 0.0015900 secs] 115056K->84292K(121024K), 0.0016230 secs] [Times: user=0.01 sys=0.00, real=0.00 secs] 
77.115: Total time for which application threads were stopped: 0.0018100 seconds, Stopping threads took: 0.0001280 seconds
77.174: Application time: 0.0599730 seconds
77.175: [GC77.175: [ParNew: 36771K->4134K(37632K), 0.0013940 secs] 116929K->85316K(121024K), 0.0014260 secs] [Times: user=0.01 sys=0.00, real=0.00 secs] 
77.176: Total time for which application threads were stopped: 0.0015680 seconds, Stopping threads took: 0.0000810 seconds
77.238: Application time: 0.0624370 seconds
77.243: [GC77.243: [ParNew: 36891K->4133K(37632K), 0.0013670 secs] 118073K->85315K(121024K), 0.0013980 secs] [Times: user=0.00 sys=0.00, real=0.00 secs] 
77.244: Total time for which application threads were stopped: 0.0056870 seconds, Stopping threads took: 0.0042110 seconds
77.303: Application time: 0.0593090 seconds
77.304: [GC77.304: [ParNew: 36832K->4118K(37632K), 0.0020520 secs] 118014K->87348K(121024K), 0.0020870 secs] [Times: user=0.01 sys=0.00, real=0.00 secs] 
77.306: Total time for which application threads were stopped: 0.0022630 seconds, Stopping threads took: 0.0001130 seconds
77.369: Application time: 0.0627780 seconds
77.369: [GC77.369: [ParNew: 36943K->4132K(37632K), 0.0014370 secs]77.370: [Tenured: 84254K->8845K(84420K), 0.0082140 secs] 120173K->8845K(122052K), [Perm : 5501K->5501K(21248K)], 0.0097570 secs] [Times: user=0.02 sys=0.00, real=0.01 secs] 
77.378: Total time for which application threads were stopped: 0.0098970 seconds, Stopping threads took: 0.0000650 seconds
77.438: Application time: 0.0597700 seconds
77.438: [GC77.438: [ParNew: 32507K->4138K(37632K), 0.0012320 secs] 41353K->12984K(121024K), 0.0012680 secs] [Times: user=0.01 sys=0.00, real=0.01 secs] 
77.440: Total time for which application threads were stopped: 0.0014190 seconds, Stopping threads took: 0.0000950 seconds
77.497: Application time: 0.0574860 seconds
77.497: [GC77.497: [ParNew: 36661K->4143K(37632K), 0.0016440 secs] 45507K->15045K(121024K), 0.0016770 secs] [Times: user=0.01 sys=0.00, real=0.01 secs] 
77.499: Total time for which application threads were stopped: 0.0018150 seconds, Stopping threads took: 0.0000820 seconds
77.560: Application time: 0.0610010 seconds
77.560: [GC77.560: [ParNew: 37156K->4157K(37632K), 0.0017170 secs] 48058K->17187K(121024K), 0.0017480 secs] [Times: user=0.02 sys=0.00, real=0.00 secs] 
77.562: Total time for which application threads were stopped: 0.0019020 seconds, Stopping threads took: 0.0000990 seconds
77.620: Application time: 0.0577960 seconds
77.620: [GC77.620: [ParNew: 37172K->4158K(37632K), 0.0016940 secs] 50202K->19348K(121024K), 0.0017290 secs] [Times: user=0.01 sys=0.00, real=0.00 secs] 
77.621: Total time for which application threads were stopped: 0.0018620 seconds, Stopping threads took: 0.0000750 seconds
77.685: Application time: 0.0632570 seconds
77.685: [GC77.685: [ParNew: 37014K->4143K(37632K), 0.0013150 secs] 52204K->20437K(121024K), 0.0013480 secs] [Times: user=0.01 sys=0.00, real=0.00 secs] 
77.686: Total time for which application threads were stopped: 0.0014940 seconds, Stopping threads took: 0.0000910 seconds
77.746: Application time: 0.0593160 seconds
77.746: [GC77.746: [ParNew: 37036K->4142K(37632K), 0.0019170 secs] 53330K->23572K(121024K), 0.0019500 secs] [Times: user=0.02 sys=0.00, real=0.00 secs] 
77.748: Total time for which application threads were stopped: 0.0020800 seconds, Stopping threads took: 0.0000710 seconds
77.810: Application time: 0.0624660 seconds
77.815: [GC77.815: [ParNew: 37086K->4129K(37632K), 0.0015540 secs] 56516K->25675K(121024K), 0.0015880 secs] [Times: user=0.01 sys=0.00, real=0.00 secs] 
77.816: Total time for which application threads were stopped: 0.0061620 seconds, Stopping threads took: 0.0045090 seconds
77.876: Application time: 0.0601630 seconds
77.877: [GC77.877: [ParNew: 36860K->4132K(37632K), 0.0011150 secs] 58406K->25679K(121024K), 0.0011450 secs] [Times: user=0.01 sys=0.00, real=0.00 secs] 
77.878: Total time for which application threads were stopped: 0.0012930 seconds, Stopping threads took: 0.0000940 seconds
77.938: Application time: 0.0605950 seconds
77.938: [GC77.938: [ParNew: 36870K->4136K(37632K), 0.0016480 secs] 58417K->27730K(121024K), 0.0016820 secs] [Times: user=0.00 sys=0.00, real=0.01 secs] 
77.940: Total time for which application threads were stopped: 0.0018120 seconds, Stopping threads took: 0.0000700 seconds
78.001: Application time: 0.0609860 seconds
78.001: [GC78.001: [ParNew: 36921K->4116K(37632K), 0.0014780 secs] 60515K->28735K(121024K), 0.0015120 secs] [Times: user=0.01 sys=0.00, real=0.00 secs] 
78.003: Total time for which application threads were stopped: 0.0016540 seconds, Stopping threads took: 0.0000840 seconds
78.068: Application time: 0.0651160 seconds
78.068: [GC78.068: [ParNew: 37048K->4132K(37632K), 0.0015060 secs] 61666K->30798K(121024K), 0.0015400 secs] [Times: user=0.02 sys=0.00, real=0.00 secs] 
78.070: Total time for which application threads were stopped: 0.0016840 seconds, Stopping threads took: 0.0000880 seconds
78.129: Application time: 0.0597780 seconds
78.129: [GC78.129: [ParNew: 36761K->4148K(37632K), 0.0010960 secs] 63427K->30815K(121024K), 0.0011270 secs] [Times: user=0.01 sys=0.00, real=0.01 secs] 
78.131: Total time for which application threads were stopped: 0.0012480 seconds, Stopping threads took: 0.0000660 seconds
78.186: Application time: 0.0558370 seconds
78.187: [GC78.187: [ParNew: 36622K->4159K(37632K), 0.0014270 secs] 63289K->31866K(121024K), 0.0014600 secs] [Times: user=0.01 sys=0.00, real=0.00 secs] 
78.188: Total time for which application threads were stopped: 0.0016120 seconds, Stopping threads took: 0.0000810 seconds
78.249: Application time: 0.0611490 seconds
78.249: [GC78.249: [ParNew: 36971K->4145K(37632K), 0.0016320 secs] 64678K->34000K(121024K), 0.0016650 secs] [Times: user=0.01 sys=0.00, real=0.01 secs] 
78.251: Total time for which application threads were stopped: 0.0018000 seconds, Stopping threads took: 0.0000770 seconds
78.311: Application time: 0.0604390 seconds
78.312: [GC78.312: [ParNew: 37216K->4159K(37632K), 0.0010660 secs] 67070K->34133K(121024K), 0.0010980 secs] [Times: user=0.01 sys=0.00, real=0.00 secs] 
78.313: Total time for which application threads were stopped: 0.0012220 seconds, Stopping threads took: 0.0000690 seconds
78.369: Application time: 0.0562290 seconds
78.371: [GC78.371: [ParNew: 36761K->4112K(37632K), 0.0019840 secs] 66735K->37222K(121024K), 0.0020170 secs] [Times: user=0.02 sys=0.00, real=0.00 secs] 
78.373: Total time for which application threads were stopped: 0.0038080 seconds, Stopping threads took: 0.0017250 seconds
78.437: Application time: 0.0646580 seconds
78.438: [GC78.438: [ParNew: 37309K->4154K(37632K), 0.0020410 secs] 70420K->40353K(121024K), 0.0020790 secs] [Times: user=0.01 sys=0.00, real=0.01 secs] 
78.440: Total time for which application threads were stopped: 0.0022090 seconds, Stopping threads took: 0.0000700 seconds
78.499: Application time: 0.0593650 seconds
78.499: [GC78.499: [ParNew: 36964K->4130K(37632K), 0.0016020 secs] 73163K->42457K(121024K), 0.0016350 secs] [Times: user=0.01 sys=0.00, real=0.00 secs] 
78.501: Total time for which application threads were stopped: 0.0017640 seconds, Stopping threads took: 0.0000710 seconds
78.564: Application time: 0.0633450 seconds
78.564: [GC78.564: [ParNew: 36956K->3110K(37632K), 0.0009220 secs] 75283K->41437K(121024K), 0.0009500 secs] [Times: user=0.01 sys=0.00, real=0.00 secs] 
78.565: Total time for which application threads were stopped: 0.0010800 seconds, Stopping threads took: 0.0000760 seconds
78.625: Application time: 0.0601780 seconds
78.625: [GC78.625: [ParNew: 35768K->4111K(37632K), 0.0016070 secs] 74095K->44486K(121024K), 0.0016380 secs] [Times: user=0.01 sys=0.00, real=0.00 secs] 
78.627: Total time for which application threads were stopped: 0.0017690 seconds, Stopping threads took: 0.0000740 seconds
78.689: Application time: 0.0621890 seconds
78.689: [GC78.689: [ParNew: 36964K->4132K(37632K), 0.0012030 secs] 77339K->44507K(121024K), 0.0012340 secs] [Times: user=0.00 sys=0.00, real=0.01 secs] 
78.691: Total time for which application threads were stopped: 0.0013670 seconds, Stopping threads took: 0.0000780 seconds
78.750: Application time: 0.0593350 seconds
78.750: [GC78.750: [ParNew: 36707K->4117K(37632K), 0.0014530 secs] 77082K->45515K(121024K), 0.0014860 secs] [Times: user=0.01 sys=0.00, real=0.01 secs] 
78.752: Total time for which application threads were stopped: 0.0016390 seconds, Stopping threads took: 0.0000960 seconds
78.816: Application time: 0.0639370 seconds
78.816: [GC78.816: [ParNew: 36959K->4121K(37632K), 0.0010820 secs] 78358K->45519K(121024K), 0.0011120 secs] [Times: user=0.01 sys=0.00, real=0.00 secs] 
78.817: Total time for which application threads were stopped: 0.0012450 seconds, Stopping threads took: 0.0000790 seconds
78.873: Application time: 0.0564820 seconds
78.873: [GC78.873: [ParNew: 36658K->4159K(37632K), 0.0011250 secs] 78057K->45606K(121024K), 0.0011580 secs] [Times: user=0.01 sys=0.00, real=0.00 secs] 
78.875: Total time for which application threads were stopped: 0.0013170 seconds, Stopping threads took: 0.0000980 seconds
78.932: Application time: 0.0574120 seconds
78.932: [GC78.932: [ParNew: 36882K->4140K(37632K), 0.0019210 secs] 78329K->48723K(121024K), 0.0019580 secs] [Times: user=0.02 sys=0.00, real=0.00 secs] 
78.934: Total time for which application threads were stopped: 0.0020940 seconds, Stopping threads took: 0.0000770 seconds
78.997: Application time: 0.0628350 seconds
78.997: [GC78.997: [ParNew: 37337K->4158K(37632K), 0.0016690 secs] 81920K->50910K(121024K), 0.0017140 secs] [Times: user=0.01 sys=0.01, real=0.01 secs] 
78.999: Total time for which application threads were stopped: 0.0018400 seconds, Stopping threads took: 0.0000660 seconds
79.056: Application time: 0.0574820 seconds
79.056: [GC79.056: [ParNew: 36952K->4140K(37632K), 0.0017300 secs] 83703K->53011K(121024K), 0.0017630 secs] [Times: user=0.01 sys=0.00, real=0.00 secs] 
79.058: Total time for which application threads were stopped: 0.0018890 seconds, Stopping threads took: 0.0000710 seconds
79.123: Application time: 0.0643100 seconds
79.123: [GC79.123: [ParNew: 37234K->4136K(37632K), 0.0020350 secs] 86106K->56135K(121024K), 0.0020670 secs] [Times: user=0.01 sys=0.00, real=0.00 secs] 
79.125: Total time for which application threads were stopped: 0.0022000 seconds, Stopping threads took: 0.0000750 seconds
79.183: Application time: 0.0581370 seconds
79.183: [GC79.183: [ParNew: 36846K->4112K(37632K), 0.0018620 secs] 88845K->58203K(121024K), 0.0018970 secs] [Times: user=0.01 sys=0.00, real=0.00 secs] 
79.185: Total time for which application threads were stopped: 0.0020310 seconds, Stopping threads took: 0.0000750 seconds
79.249: Application time: 0.0645600 seconds
79.250: [GC79.250: [ParNew: 37036K->4114K(37632K), 0.0013440 secs] 91128K->59229K(121024K), 0.0013770 secs] [Times: user=0.02 sys=0.00, real=0.01 secs] 
79.251: Total time for which application threads were stopped: 0.0015270 seconds, Stopping threads took: 0.0000930 seconds
79.311: Application time: 0.0603040 seconds
79.311: [GC79.311: [ParNew: 36837K->4118K(37632K), 0.0016740 secs] 91952K->61281K(121024K), 0.0017040 secs] [Times: user=0.01 sys=0.00, real=0.00 secs] 
79.313: Total time for which application threads were stopped: 0.0018340 seconds, Stopping threads took: 0.0000740 seconds
79.375: Application time: 0.0622060 seconds
79.375: [GC79.376: [ParNew: 36926K->4154K(37632K), 0.0011620 secs] 94089K->61317K(121024K), 0.0011920 secs] [Times: user=0.01 sys=0.00, real=0.00 secs] 
79.377: Total time for which application threads were stopped: 0.0013550 seconds, Stopping threads took: 0.0001000 seconds
79.436: Application time: 0.0592920 seconds
79.436: [GC79.436: [ParNew: 36705K->4116K(37632K), 0.0014570 secs] 93869K->62303K(121024K), 0.0014920 secs] [Times: user=0.01 sys=0.00, real=0.00 secs] 
79.438: Total time for which application threads were stopped: 0.0016160 seconds, Stopping threads took: 0.0000650 seconds
79.500: Application time: 0.0625160 seconds
79.500: [GC79.500: [ParNew: 36863K->4131K(37632K), 0.0011780 secs] 95050K->62318K(121024K), 0.0012080 secs] [Times: user=0.01 sys=0.00, real=0.00 secs] 
79.501: Total time for which application threads were stopped: 0.0013220 seconds, Stopping threads took: 0.0000590 seconds
79.558: Application time: 0.0566160 seconds
79.558: [GC79.558: [ParNew: 37603K->4158K(37632K), 0.0014280 secs] 95790K->63394K(121024K), 0.0014600 secs] [Times: user=0.01 sys=0.00, real=0.01 secs] 
79.560: Total time for which application threads were stopped: 0.0015930 seconds, Stopping threads took: 0.0000790 seconds
79.620: Application time: 0.0600310 seconds
79.620: [GC79.620: [ParNew: 37100K->4141K(37632K), 0.0019240 secs] 96335K->66533K(121024K), 0.0019590 secs] [Times: user=0.01 sys=0.00, real=0.00 secs] 
79.622: Total time for which application threads were stopped: 0.0020870 seconds, Stopping threads took: 0.0000680 seconds
79.682: Application time: 0.0605430 seconds
79.682: [GC79.682: [ParNew: 37246K->4159K(37632K), 0.0017060 secs] 99637K->68719K(121024K), 0.0017410 secs] [Times: user=0.01 sys=0.00, real=0.00 secs] 
79.684: Total time for which application threads were stopped: 0.0018620 seconds, Stopping threads took: 0.0000630 seconds
79.744: Application time: 0.0599700 seconds
79.744: [GC79.744: [ParNew: 37064K->4145K(37632K), 0.0014790 secs] 101624K->69800K(121024K), 0.0015100 secs] [Times: user=0.01 sys=0.00, real=0.00 secs] 
79.746: Total time for which application threads were stopped: 0.0016320 seconds, Stopping threads took: 0.0000650 seconds
79.809: Application time: 0.0636090 seconds
79.810: [GC79.810: [ParNew: 37154K->4141K(37632K), 0.0019930 secs] 102810K->72925K(121024K), 0.0020380 secs] [Times: user=0.01 sys=0.00, real=0.01 secs] 
79.812: Total time for which application threads were stopped: 0.0021730 seconds, Stopping threads took: 0.0000790 seconds
79.873: Application time: 0.0614000 seconds
79.873: [GC79.873: [ParNew: 37018K->4134K(37632K), 0.0017060 secs] 105802K->75014K(121024K), 0.0017410 secs] [Times: user=0.01 sys=0.00, real=0.00 secs] 
79.875: Total time for which application threads were stopped: 0.0018780 seconds, Stopping threads took: 0.0000810 seconds
79.938: Application time: 0.0629760 seconds
79.938: [GC79.938: [ParNew: 37019K->4118K(37632K), 0.0013710 secs] 107899K->76022K(121024K), 0.0014030 secs] [Times: user=0.01 sys=0.00, real=0.01 secs] 
79.939: Total time for which application threads were stopped: 0.0015450 seconds, Stopping threads took: 0.0000750 seconds
80.002: Application time: 0.0622150 seconds
80.002: [GC80.002: [ParNew: 36802K->4149K(37632K), 0.0011250 secs] 108706K->76053K(121024K), 0.0011570 secs] [Times: user=0.01 sys=0.00, real=0.00 secs] 
80.003: Total time for which application threads were stopped: 0.0012750 seconds, Stopping threads took: 0.0000630 seconds
80.062: Application time: 0.0591300 seconds
80.062: [GC80.062: [ParNew: 36752K->4120K(37632K), 0.0015230 secs] 108656K->77048K(121024K), 0.0015920 secs] [Times: user=0.01 sys=0.00, real=0.00 secs] 
80.064: Total time for which application threads were stopped: 0.0017340 seconds, Stopping threads took: 0.0000860 seconds
80.126: Application time: 0.0621820 seconds
80.126: [GC80.126: [ParNew: 36867K->4128K(37632K), 0.0016510 secs] 109795K->79104K(121024K), 0.0016820 secs] [Times: user=0.01 sys=0.00, real=0.00 secs] 
80.128: Total time for which application threads were stopped: 0.0018100 seconds, Stopping threads took: 0.0000720 seconds
80.189: Application time: 0.0612890 seconds
80.189: [GC80.189: [ParNew: 36855K->4134K(37632K), 0.0010960 secs] 111831K->79110K(121024K), 0.0011290 secs] [Times: user=0.01 sys=0.00, real=0.00 secs] 
80.190: Total time for which application threads were stopped: 0.0012480 seconds, Stopping threads took: 0.0000630 seconds
80.246: Application time: 0.0561420 seconds
80.247: [GC80.247: [ParNew: 37591K->4156K(37632K), 0.0014280 secs] 112567K->80172K(121024K), 0.0014640 secs] [Times: user=0.01 sys=0.01, real=0.00 secs] 
80.248: Total time for which application threads were stopped: 0.0016170 seconds, Stopping threads took: 0.0000980 seconds
80.310: Application time: 0.0616730 seconds
80.310: [GC80.310: [ParNew: 37075K->4144K(37632K), 0.0018980 secs] 113091K->83296K(121024K), 0.0019320 secs] [Times: user=0.01 sys=0.00, real=0.01 secs] 
80.312: Total time for which application threads were stopped: 0.0020570 seconds, Stopping threads took: 0.0000680 seconds
80.371: Application time: 0.0590030 seconds
80.371: [GC80.371: [ParNew: 37343K->4159K(37632K), 0.0016960 secs] 116495K->85488K(121024K), 0.0017320 secs] [Times: user=0.02 sys=0.00, real=0.00 secs] 
80.373: Total time for which application threads were stopped: 0.0018460 seconds, Stopping threads took: 0.0000550 seconds
80.434: Application time: 0.0618170 seconds
80.435: [GC80.435: [ParNew: 37094K->4145K(37632K), 0.0013830 secs] 118422K->86570K(121024K), 0.0014220 secs] [Times: user=0.01 sys=0.00, real=0.00 secs] 
80.436: Total time for which application threads were stopped: 0.0015550 seconds, Stopping threads took: 0.0000780 seconds
80.497: Application time: 0.0610910 seconds
80.497: [GC80.497: [ParNew: 37123K->4145K(37632K), 0.0014090 secs]80.499: [Tenured: 83512K->9032K(84420K), 0.0081890 secs] 119548K->9032K(122052K), [Perm : 5501K->5501K(21248K)], 0.0096780 secs] [Times: user=0.01 sys=0.01, real=0.01 secs] 
80.507: Total time for which application threads were stopped: 0.0098180 seconds, Stopping threads took: 0.0000650 seconds
80.571: Application time: 0.0640850 seconds
80.571: [GC80.571: [ParNew: 32954K->4128K(37632K), 0.0016800 secs] 41987K->15208K(121024K), 0.0017150 secs] [Times: user=0.01 sys=0.00, real=0.00 secs] 
80.573: Total time for which application threads were stopped: 0.0018460 seconds, Stopping threads took: 0.0000680 seconds
80.633: Application time: 0.0599600 seconds
80.633: [GC80.633: [ParNew: 36849K->4137K(37632K), 0.0013210 secs] 47929K->16250K(121024K), 0.0013510 secs] [Times: user=0.01 sys=0.00, real=0.00 secs] 
80.634: Total time for which application threads were stopped: 0.0014830 seconds, Stopping threads took: 0.0000780 seconds
80.695: Application time: 0.0608430 seconds
80.695: [GC80.695: [ParNew: 36704K->4118K(37632K), 0.0011480 secs] 48817K->16231K(121024K), 0.0011810 secs] [Times: user=0.01 sys=0.00, real=0.00 secs] 
80.696: Total time for which application threads were stopped: 0.0013320 seconds, Stopping threads took: 0.0000960 seconds
80.755: Application time: 0.0589890 seconds
80.756: [GC80.756: [ParNew: 36745K->4112K(37632K), 0.0019390 secs] 48857K->19296K(121024K), 0.0019760 secs] [Times: user=0.02 sys=0.00, real=0.00 secs] 
80.758: Total time for which application threads were stopped: 0.0021120 seconds, Stopping threads took: 0.0000790 seconds
80.822: Application time: 0.0645470 seconds
80.827: [GC80.827: [ParNew: 37078K->4128K(37632K), 0.0014470 secs] 52262K->20337K(121024K), 0.0014810 secs] [Times: user=0.01 sys=0.00, real=0.00 secs] 
80.828: Total time for which application threads were stopped: 0.0060700 seconds, Stopping threads took: 0.0045330 seconds
80.887: Application time: 0.0591470 seconds
80.887: [GC80.887: [ParNew: 36673K->4135K(37632K), 0.0010100 secs] 52881K->20343K(121024K), 0.0010410 secs] [Times: user=0.01 sys=0.00, real=0.00 secs] 
80.889: Total time for which application threads were stopped: 0.0011680 seconds, Stopping threads took: 0.0000730 seconds
80.949: Application time: 0.0607170 seconds
80.949: [GC80.949: [ParNew: 36932K->2166K(37632K), 0.0007160 secs] 53141K->18375K(121024K), 0.0007450 secs] [Times: user=0.00 sys=0.00, real=0.00 secs] 
80.950: Total time for which application threads were stopped: 0.0008660 seconds, Stopping threads took: 0.0000690 seconds
81.004: Application time: 0.0543820 seconds
81.005: [GC81.005: [ParNew: 34782K->4140K(37632K), 0.0019890 secs] 50991K->23524K(121024K), 0.0020230 secs] [Times: user=0.01 sys=0.00, real=0.00 secs] 
81.007: Total time for which application threads were stopped: 0.0022170 seconds, Stopping threads took: 0.0001270 seconds
81.070: Application time: 0.0632300 seconds
81.070: [GC81.070: [ParNew: 37419K->4159K(37632K), 0.0016000 secs] 56804K->25720K(121024K), 0.0016350 secs] [Times: user=0.01 sys=0.00, real=0.01 secs] 
81.072: Total time for which application threads were stopped: 0.0017720 seconds, Stopping threads took: 0.0000780 seconds
81.130: Application time: 0.0580920 seconds
81.130: [GC81.130: [ParNew: 36932K->4148K(37632K), 0.0016880 secs] 58493K->27829K(121024K), 0.0017190 secs] [Times: user=0.02 sys=0.00, real=0.01 secs] 
81.132: Total time for which application threads were stopped: 0.0018610 seconds, Stopping threads took: 0.0000870 seconds
81.194: Application time: 0.0622800 seconds
81.194: [GC81.194: [ParNew: 37167K->4144K(37632K), 0.0019540 secs] 60848K->30969K(121024K), 0.0019890 secs] [Times: user=0.01 sys=0.00, real=0.00 secs] 
81.196: Total time for which application threads were stopped: 0.0021490 seconds, Stopping threads took: 0.0001010 seconds
81.259: Application time: 0.0625110 seconds
81.259: [GC81.259: [ParNew: 37039K->4126K(37632K), 0.0017470 secs] 63864K->33055K(121024K), 0.0017830 secs] [Times: user=0.01 sys=0.00, real=0.00 secs] 
81.261: Total time for which application threads were stopped: 0.0019310 seconds, Stopping threads took: 0.0000890 seconds
81.324: Application time: 0.0634220 seconds
81.324: [GC81.324: [ParNew: 36914K->4129K(37632K), 0.0010750 secs] 65844K->33058K(121024K), 0.0011050 secs] [Times: user=0.01 sys=0.00, real=0.00 secs] 
81.325: Total time for which application threads were stopped: 0.0012220 seconds, Stopping threads took: 0.0000620 seconds
81.385: Application time: 0.0593410 seconds
81.385: [GC81.385: [ParNew: 37601K->4120K(37632K), 0.0013030 secs] 66530K->34073K(121024K), 0.0013450 secs] [Times: user=0.01 sys=0.00, real=0.00 secs] 
81.386: Total time for which application threads were stopped: 0.0014650 seconds, Stopping threads took: 0.0000650 seconds
81.447: Application time: 0.0610730 seconds
81.447: [GC81.447: [ParNew: 36956K->4114K(37632K), 0.0019800 secs] 66909K->37139K(121024K), 0.0020130 secs] [Times: user=0.02 sys=0.00, real=0.00 secs] 
81.449: Total time for which application threads were stopped: 0.0021690 seconds, Stopping threads took: 0.0000990 seconds
81.509: Application time: 0.0599380 seconds
81.509: [GC81.509: [ParNew: 36780K->4119K(37632K), 0.0015400 secs] 69806K->38168K(121024K), 0.0015800 secs] [Times: user=0.02 sys=0.00, real=0.01 secs] 
81.511: Total time for which application threads were stopped: 0.0017930 seconds, Stopping threads took: 0.0001190 seconds
81.572: Application time: 0.0612120 seconds
81.572: [GC81.572: [ParNew: 36802K->4137K(37632K), 0.0011050 secs] 70851K->38186K(121024K), 0.0011370 secs] [Times: user=0.00 sys=0.00, real=0.00 secs] 
81.574: Total time for which application threads were stopped: 0.0012880 seconds, Stopping threads took: 0.0000950 seconds
81.635: Application time: 0.0617530 seconds
81.635: [GC81.635: [ParNew: 37053K->4159K(37632K), 0.0011280 secs] 71102K->38240K(121024K), 0.0011540 secs] [Times: user=0.00 sys=0.00, real=0.00 secs] 
81.637: Total time for which application threads were stopped: 0.0013060 seconds, Stopping threads took: 0.0000990 seconds
81.694: Application time: 0.0578770 seconds
81.695: [GC81.695: [ParNew: 36947K->4156K(37632K), 0.0016070 secs] 71029K->40373K(121024K), 0.0016490 secs] [Times: user=0.01 sys=0.00, real=0.00 secs] 
81.696: Total time for which application threads were stopped: 0.0018000 seconds, Stopping threads took: 0.0000950 seconds
81.757: Application time: 0.0603250 seconds
81.757: [GC81.757: [ParNew: 37179K->4157K(37632K), 0.0015850 secs] 73397K->42526K(121024K), 0.0016180 secs] [Times: user=0.01 sys=0.00, real=0.00 secs] 
81.758: Total time for which application threads were stopped: 0.0017380 seconds, Stopping threads took: 0.0000600 seconds
81.819: Application time: 0.0603430 seconds
81.819: [GC81.819: [ParNew: 37073K->4143K(37632K), 0.0015920 secs] 75442K->44609K(121024K), 0.0016250 secs] [Times: user=0.02 sys=0.00, real=0.00 secs] 
81.820: Total time for which application threads were stopped: 0.0017610 seconds, Stopping threads took: 0.0000810 seconds
81.883: Application time: 0.0621220 seconds
81.883: [GC81.883: [ParNew: 37107K->4140K(37632K), 0.0016240 secs] 77572K->46717K(121024K), 0.0016550 secs] [Times: user=0.01 sys=0.00, real=0.00 secs] 
81.884: Total time for which application threads were stopped: 0.0017860 seconds, Stopping threads took: 0.0000740 seconds
81.946: Application time: 0.0620590 seconds
81.946: [GC81.947: [ParNew: 36973K->4131K(37632K), 0.0014330 secs] 79550K->47780K(121024K), 0.0014680 secs] [Times: user=0.01 sys=0.00, real=0.00 secs] 
81.948: Total time for which application threads were stopped: 0.0015940 seconds, Stopping threads took: 0.0000690 seconds
82.010: Application time: 0.0621650 seconds
82.010: [GC82.010: [ParNew: 36855K->4118K(37632K), 0.0013820 secs] 80505K->48791K(121024K), 0.0014140 secs] [Times: user=0.01 sys=0.00, real=0.01 secs] 
82.012: Total time for which application threads were stopped: 0.0015470 seconds, Stopping threads took: 0.0000700 seconds
82.071: Application time: 0.0588950 seconds
82.071: [GC82.071: [ParNew: 37590K->4130K(37632K), 0.0016360 secs] 82263K->50851K(121024K), 0.0016680 secs] [Times: user=0.01 sys=0.00, real=0.00 secs] 
82.072: Total time for which application threads were stopped: 0.0017950 seconds, Stopping threads took: 0.0000720 seconds
82.135: Application time: 0.0622100 seconds
82.135: [GC82.135: [ParNew: 36968K->4121K(37632K), 0.0012130 secs] 83690K->50843K(121024K), 0.0012450 secs] [Times: user=0.00 sys=0.00, real=0.00 secs] 
82.136: Total time for which application threads were stopped: 0.0013680 seconds, Stopping threads took: 0.0000690 seconds
82.194: Application time: 0.0581470 seconds
82.194: [GC82.194: [ParNew: 36822K->4130K(37632K), 0.0016880 secs] 83544K->52899K(121024K), 0.0017300 secs] [Times: user=0.01 sys=0.00, real=0.00 secs] 
82.196: Total time for which application threads were stopped: 0.0018690 seconds, Stopping threads took: 0.0000850 seconds
82.259: Application time: 0.0633070 seconds
82.259: [GC82.259: [ParNew: 36994K->4138K(37632K), 0.0011720 secs] 85763K->52908K(121024K), 0.0011990 secs] [Times: user=0.00 sys=0.00, real=0.00 secs] 
82.261: Total time for which application threads were stopped: 0.0013530 seconds, Stopping threads took: 0.0001020 seconds
82.318: Application time: 0.0569390 seconds
82.318: [GC82.318: [ParNew: 36645K->4158K(37632K), 0.0014130 secs] 85415K->53967K(121024K), 0.0014460 secs] [Times: user=0.01 sys=0.00, real=0.01 secs] 
82.319: Total time for which application threads were stopped: 0.0016170 seconds, Stopping threads took: 0.0001150 seconds
82.384: Application time: 0.0645280 seconds
82.384: [GC82.384: [ParNew: 37351K->4158K(37632K), 0.0015310 secs] 87161K->55088K(121024K), 0.0015610 secs] [Times: user=0.01 sys=0.00, real=0.00 secs] 
82.385: Total time for which application threads were stopped: 0.0016610 seconds, Stopping threads took: 0.0000440 seconds
82.441: Application time: 0.0558100 seconds
82.441: [GC82.441: [ParNew: 37061K->4159K(37632K), 0.0018260 secs] 87990K->57249K(121024K), 0.0018570 secs] [Times: user=0.02 sys=0.00, real=0.00 secs] 
82.443: Total time for which application threads were stopped: 0.0020130 seconds, Stopping threads took: 0.0001010 seconds
82.506: Application time: 0.0627430 seconds
82.506: [GC82.506: [ParNew: 37129K->4148K(37632K), 0.0038860 secs] 90219K->59334K(121024K), 0.0039240 secs] [Times: user=0.02 sys=0.00, real=0.00 secs] 
82.510: Total time for which application threads were stopped: 0.0040810 seconds, Stopping threads took: 0.0000970 seconds
82.574: Application time: 0.0637130 seconds
82.574: [GC82.574: [ParNew: 37165K->4144K(37632K), 0.0013630 secs] 92351K->60410K(121024K), 0.0013940 secs] [Times: user=0.01 sys=0.00, real=0.00 secs] 
82.575: Total time for which application threads were stopped: 0.0015300 seconds, Stopping threads took: 0.0000720 seconds
82.635: Application time: 0.0596080 seconds
82.635: [GC82.635: [ParNew: 36675K->4119K(37632K), 0.0014040 secs] 92941K->61473K(121024K), 0.0014360 secs] [Times: user=0.01 sys=0.00, real=0.00 secs] 
82.636: Total time for which application threads were stopped: 0.0015580 seconds, Stopping threads took: 0.0000670 seconds
82.700: Application time: 0.0634610 seconds
82.700: [GC82.700: [ParNew: 36960K->4118K(37632K), 0.0010330 secs] 94314K->61472K(121024K), 0.0010640 secs] [Times: user=0.01 sys=0.00, real=0.00 secs] 
82.701: Total time for which application threads were stopped: 0.0011880 seconds, Stopping threads took: 0.0000700 seconds
82.757: Application time: 0.0559270 seconds
82.757: [GC82.757: [ParNew: 36632K->4134K(37632K), 0.0014840 secs] 93986K->62512K(121024K), 0.0015140 secs] [Times: user=0.01 sys=0.00, real=0.01 secs] 
82.759: Total time for which application threads were stopped: 0.0016570 seconds, Stopping threads took: 0.0000890 seconds
82.824: Application time: 0.0652820 seconds
82.824: [GC82.824: [ParNew: 37118K->4134K(37632K), 0.0012590 secs] 95496K->63536K(121024K), 0.0012910 secs] [Times: user=0.01 sys=0.00, real=0.00 secs] 
82.825: Total time for which application threads were stopped: 0.0014540 seconds, Stopping threads took: 0.0001060 seconds
82.886: Application time: 0.0605830 seconds
82.886: [GC82.886: [ParNew: 36837K->4118K(37632K), 0.0011440 secs] 96239K->63520K(121024K), 0.0011740 secs] [Times: user=0.01 sys=0.00, real=0.00 secs] 
82.887: Total time for which application threads were stopped: 0.0013070 seconds, Stopping threads took: 0.0000780 seconds
82.947: Application time: 0.0599340 seconds
82.947: [GC82.947: [ParNew: 36708K->4148K(37632K), 0.0013540 secs] 96110K->64574K(121024K), 0.0013850 secs] [Times: user=0.01 sys=0.00, real=0.00 secs] 
82.949: Total time for which application threads were stopped: 0.0015060 seconds, Stopping threads took: 0.0000650 seconds
83.010: Application time: 0.0615190 seconds
83.010: [GC83.010: [ParNew: 37118K->4158K(37632K), 0.0012620 secs] 97544K->65628K(121024K), 0.0013030 secs] [Times: user=0.00 sys=0.00, real=0.01 secs] 
83.012: Total time for which application threads were stopped: 0.0014110 seconds, Stopping threads took: 0.0000550 seconds
83.067: Application time: 0.0556370 seconds
83.067: [GC83.068: [ParNew: 36918K->4152K(37632K), 0.0017450 secs] 98388K->67783K(121024K), 0.0017790 secs] [Times: user=0.01 sys=0.00, real=0.00 secs] 
83.069: Total time for which application threads were stopped: 0.0019140 seconds, Stopping threads took: 0.0000780 seconds
83.133: Application time: 0.0633410 seconds
83.133: [GC83.133: [ParNew: 37241K->4156K(37632K), 0.0015690 secs] 100871K->69923K(121024K), 0.0016020 secs] [Times: user=0.01 sys=0.00, real=0.00 secs] 
83.134: Total time for which application threads were stopped: 0.0017510 seconds, Stopping threads took: 0.0000820 seconds
83.195: Application time: 0.0610120 seconds
83.196: [GC83.196: [ParNew: 37097K->4158K(37632K), 0.0011500 secs] 102864K->70028K(121024K), 0.0011790 secs] [Times: user=0.01 sys=0.00, real=0.00 secs] 
83.197: Total time for which application threads were stopped: 0.0013100 seconds, Stopping threads took: 0.0000770 seconds
83.259: Application time: 0.0624940 seconds
83.259: [GC83.259: [ParNew: 36944K->4159K(37632K), 0.0010690 secs] 102814K->70077K(121024K), 0.0010990 secs] [Times: user=0.01 sys=0.00, real=0.00 secs] 
83.260: Total time for which application threads were stopped: 0.0012210 seconds, Stopping threads took: 0.0000680 seconds
83.318: Application time: 0.0575210 seconds
83.318: [GC83.318: [ParNew: 36652K->4112K(37632K), 0.0019950 secs] 102570K->73142K(121024K), 0.0020280 secs] [Times: user=0.01 sys=0.00, real=0.01 secs] 
83.320: Total time for which application threads were stopped: 0.0021610 seconds, Stopping threads took: 0.0000790 seconds
83.380: Application time: 0.0602910 seconds
83.381: [GC83.381: [ParNew: 37027K->4116K(37632K), 0.0018910 secs] 106057K->76218K(121024K), 0.0019230 secs] [Times: user=0.02 sys=0.00, real=0.00 secs] 
83.382: Total time for which application threads were stopped: 0.0020430 seconds, Stopping threads took: 0.0000640 seconds
83.442: Application time: 0.0597380 seconds
83.442: [GC83.442: [ParNew: 36842K->4133K(37632K), 0.0014800 secs] 108944K->77259K(121024K), 0.0015110 secs] [Times: user=0.01 sys=0.00, real=0.00 secs] 
83.444: Total time for which application threads were stopped: 0.0016480 seconds, Stopping threads took: 0.0000810 seconds
83.506: Application time: 0.0620380 seconds
83.507: [GC83.507: [ParNew: 36897K->4126K(37632K), 0.0015730 secs] 110023K->78276K(121024K), 0.0016150 secs] [Times: user=0.02 sys=0.00, real=0.00 secs] 
83.508: Total time for which application threads were stopped: 0.0024350 seconds, Stopping threads took: 0.0007420 seconds
83.572: Application time: 0.0636780 seconds
83.572: [GC83.572: [ParNew: 36931K->4116K(37632K), 0.0010410 secs] 111081K->78267K(121024K), 0.0010730 secs] [Times: user=0.01 sys=0.00, real=0.00 secs] 
83.573: Total time for which application threads were stopped: 0.0011880 seconds, Stopping threads took: 0.0000620 seconds
83.631: Application time: 0.0579270 seconds
83.631: [GC83.631: [ParNew: 37588K->4112K(37632K), 0.0016690 secs] 111739K->80310K(121024K), 0.0017020 secs] [Times: user=0.01 sys=0.00, real=0.00 secs] 
83.633: Total time for which application threads were stopped: 0.0018430 seconds, Stopping threads took: 0.0000840 seconds
83.696: Application time: 0.0633010 seconds
83.696: [GC83.696: [ParNew: 37183K->4159K(37632K), 0.0013820 secs] 113382K->81389K(121024K), 0.0014140 secs] [Times: user=0.01 sys=0.00, real=0.00 secs] 
83.698: Total time for which application threads were stopped: 0.0016050 seconds, Stopping threads took: 0.0001290 seconds
83.760: Application time: 0.0622140 seconds
83.760: [GC83.760: [ParNew: 37206K->4154K(37632K), 0.0017260 secs] 114437K->83552K(121024K), 0.0017570 secs] [Times: user=0.01 sys=0.00, real=0.00 secs] 
83.762: Total time for which application threads were stopped: 0.0018840 seconds, Stopping threads took: 0.0000720 seconds
83.820: Application time: 0.0581370 seconds
83.820: [GC83.820: [ParNew: 36893K->4158K(37632K), 0.0013510 secs] 116291K->84653K(121024K), 0.0013900 secs] [Times: user=0.01 sys=0.00, real=0.00 secs] 
83.822: Total time for which application threads were stopped: 0.0015150 seconds, Stopping threads took: 0.0000720 seconds
83.883: Application time: 0.0613250 seconds
83.883: [GC83.883: [ParNew: 37110K->4147K(37632K), 0.0012540 secs] 117605K->84741K(121024K), 0.0012830 secs] [Times: user=0.01 sys=0.00, real=0.00 secs] 
83.884: Total time for which application threads were stopped: 0.0014240 seconds, Stopping threads took: 0.0000870 seconds
83.943: Application time: 0.0590790 seconds
83.944: [GC83.944: [ParNew: 36830K->4158K(37632K), 0.0013660 secs] 117425K->85817K(121024K), 0.0014000 secs] [Times: user=0.01 sys=0.00, real=0.00 secs] 
83.945: Total time for which application threads were stopped: 0.0015170 seconds, Stopping threads took: 0.0000610 seconds
84.006: Application time: 0.0613360 seconds
84.006: [GC84.006: [ParNew: 36930K->4118K(37632K), 0.0013470 secs] 118589K->86861K(121024K), 0.0013790 secs] [Times: user=0.01 sys=0.00, real=0.00 secs] 
84.008: Total time for which application threads were stopped: 0.0014950 seconds, Stopping threads took: 0.0000640 seconds
84.069: Application time: 0.0613180 seconds
84.069: [GC84.069: [ParNew: 36959K->4117K(37632K), 0.0015600 secs]84.071: [Tenured: 84790K->11260K(85448K), 0.0085220 secs] 119702K->11260K(123080K), [Perm : 5503K->5503K(21248K)], 0.0102100 secs] [Times: user=0.02 sys=0.00, real=0.02 secs] 
84.079: Total time for which application threads were stopped: 0.0103490 seconds, Stopping threads took: 0.0000760 seconds
84.140: Application time: 0.0602490 seconds
84.140: [GC84.140: [ParNew: 32758K->4118K(37632K), 0.0015680 secs] 44018K->17427K(121024K), 0.0015990 secs] [Times: user=0.01 sys=0.00, real=0.00 secs] 
84.142: Total time for which application threads were stopped: 0.0017900 seconds, Stopping threads took: 0.0001310 seconds
84.202: Application time: 0.0601080 seconds
84.202: [GC84.202: [ParNew: 36952K->4130K(37632K), 0.0017570 secs] 50260K->19486K(121024K), 0.0017910 secs] [Times: user=0.01 sys=0.00, real=0.00 secs] 
84.204: Total time for which application threads were stopped: 0.0019610 seconds, Stopping threads took: 0.0001040 seconds
84.269: Application time: 0.0658870 seconds
84.270: [GC84.270: [ParNew: 37124K->4158K(37632K), 0.0011180 secs] 52480K->19546K(121024K), 0.0011510 secs] [Times: user=0.01 sys=0.00, real=0.01 secs] 
84.271: Total time for which application threads were stopped: 0.0012830 seconds, Stopping threads took: 0.0000770 seconds
84.328: Application time: 0.0574960 seconds
84.328: [GC84.328: [ParNew: 37400K->4121K(37632K), 0.0010790 secs] 52788K->19517K(121024K), 0.0011090 secs] [Times: user=0.00 sys=0.00, real=0.00 secs] 
84.330: Total time for which application threads were stopped: 0.0012290 seconds, Stopping threads took: 0.0000650 seconds
84.391: Application time: 0.0611180 seconds
84.391: [GC84.391: [ParNew: 37035K->4140K(37632K), 0.0018600 secs] 52432K->22608K(121024K), 0.0018940 secs] [Times: user=0.02 sys=0.00, real=0.00 secs] 
84.393: Total time for which application threads were stopped: 0.0020490 seconds, Stopping threads took: 0.0001000 seconds
84.453: Application time: 0.0606430 seconds
84.453: [GC84.453: [ParNew: 37294K->4158K(37632K), 0.0017120 secs] 55762K->24787K(121024K), 0.0017460 secs] [Times: user=0.01 sys=0.00, real=0.00 secs] 
84.455: Total time for which application threads were stopped: 0.0018790 seconds, Stopping threads took: 0.0000770 seconds
84.514: Application time: 0.0587860 seconds
84.514: [GC84.514: [ParNew: 36971K->4154K(37632K), 0.0013240 secs] 57599K->25886K(121024K), 0.0013550 secs] [Times: user=0.01 sys=0.00, real=0.00 secs] 
84.515: Total time for which application threads were stopped: 0.0014850 seconds, Stopping threads took: 0.0000760 seconds
84.580: Application time: 0.0642210 seconds
84.580: [GC84.580: [ParNew: 37162K->4150K(37632K), 0.0010900 secs] 58895K->25954K(121024K), 0.0011280 secs] [Times: user=0.01 sys=0.00, real=0.00 secs] 
84.581: Total time for which application threads were stopped: 0.0012430 seconds, Stopping threads took: 0.0000570 seconds
84.638: Application time: 0.0567210 seconds
84.638: [GC84.638: [ParNew: 36793K->4156K(37632K), 0.0014610 secs] 58597K->27064K(121024K), 0.0014930 secs] [Times: user=0.01 sys=0.00, real=0.01 secs] 
84.639: Total time for which application threads were stopped: 0.0016090 seconds, Stopping threads took: 0.0000610 seconds
84.704: Application time: 0.0646470 seconds
84.704: [GC84.704: [ParNew: 37050K->4118K(37632K), 0.0010230 secs] 59959K->27059K(121024K), 0.0010530 secs] [Times: user=0.01 sys=0.00, real=0.00 secs] 
84.705: Total time for which application threads were stopped: 0.0011930 seconds, Stopping threads took: 0.0000790 seconds
84.761: Application time: 0.0562650 seconds
84.761: [GC84.762: [ParNew: 36696K->4128K(37632K), 0.0017440 secs] 59636K->29116K(121024K), 0.0017780 secs] [Times: user=0.01 sys=0.00, real=0.00 secs] 
84.763: Total time for which application threads were stopped: 0.0019080 seconds, Stopping threads took: 0.0000740 seconds
84.828: Application time: 0.0650140 seconds
84.828: [GC84.828: [ParNew: 37097K->4130K(37632K), 0.0015990 secs] 62086K->31166K(121024K), 0.0016300 secs] [Times: user=0.02 sys=0.00, real=0.00 secs] 
84.830: Total time for which application threads were stopped: 0.0017590 seconds, Stopping threads took: 0.0000760 seconds
84.890: Application time: 0.0596140 seconds
84.890: [GC84.890: [ParNew: 36858K->4148K(37632K), 0.0010860 secs] 63895K->31185K(121024K), 0.0011170 secs] [Times: user=0.01 sys=0.00, real=0.01 secs] 
84.891: Total time for which application threads were stopped: 0.0012830 seconds, Stopping threads took: 0.0001090 seconds
84.952: Application time: 0.0614510 seconds
84.953: [GC84.953: [ParNew: 36809K->4158K(37632K), 0.0010710 secs] 63845K->31218K(121024K), 0.0011010 secs] [Times: user=0.01 sys=0.00, real=0.00 secs] 
84.954: Total time for which application threads were stopped: 0.0012210 seconds, Stopping threads took: 0.0000690 seconds
85.011: Application time: 0.0576200 seconds
85.011: [GC85.011: [ParNew: 37555K->4112K(37632K), 0.0019400 secs] 64615K->34252K(121024K), 0.0019740 secs] [Times: user=0.01 sys=0.00, real=0.00 secs] 
85.013: Total time for which application threads were stopped: 0.0020970 seconds, Stopping threads took: 0.0000650 seconds
85.076: Application time: 0.0630220 seconds
85.077: [GC85.077: [ParNew: 37228K->4142K(37632K), 0.0036570 secs] 67368K->37354K(121024K), 0.0036980 secs] [Times: user=0.01 sys=0.00, real=0.01 secs] 
85.080: Total time for which application threads were stopped: 0.0038300 seconds, Stopping threads took: 0.0000730 seconds
85.141: Application time: 0.0603700 seconds
85.141: [GC85.141: [ParNew: 37269K->4157K(37632K), 0.0016580 secs] 70482K->39513K(121024K), 0.0016920 secs] [Times: user=0.01 sys=0.00, real=0.00 secs] 
85.142: Total time for which application threads were stopped: 0.0018500 seconds, Stopping threads took: 0.0001010 seconds
85.204: Application time: 0.0617300 seconds
85.204: [GC85.204: [ParNew: 37178K->3185K(37632K), 0.0009200 secs] 72535K->38638K(121024K), 0.0009510 secs] [Times: user=0.01 sys=0.00, real=0.00 secs] 
85.205: Total time for which application threads were stopped: 0.0011120 seconds, Stopping threads took: 0.0001060 seconds
85.268: Application time: 0.0631980 seconds
85.269: [GC85.269: [ParNew: 36092K->4152K(37632K), 0.0012770 secs] 71544K->40733K(121024K), 0.0013120 secs] [Times: user=0.01 sys=0.00, real=0.00 secs] 
85.270: Total time for which application threads were stopped: 0.0014660 seconds, Stopping threads took: 0.0000920 seconds
85.329: Application time: 0.0592330 seconds
85.329: [GC85.329: [ParNew: 36874K->4158K(37632K), 0.0014560 secs] 73455K->41819K(121024K), 0.0014870 secs] [Times: user=0.01 sys=0.00, real=0.01 secs] 
85.331: Total time for which application threads were stopped: 0.0016150 seconds, Stopping threads took: 0.0000710 seconds
85.392: Application time: 0.0608700 seconds
85.392: [GC85.392: [ParNew: 36827K->4119K(37632K), 0.0013300 secs] 74488K->42860K(121024K), 0.0013700 secs] [Times: user=0.01 sys=0.00, real=0.00 secs] 
85.393: Total time for which application threads were stopped: 0.0014910 seconds, Stopping threads took: 0.0000660 seconds
85.453: Application time: 0.0597720 seconds
85.453: [GC85.453: [ParNew: 36872K->4132K(37632K), 0.0016380 secs] 75613K->44921K(121024K), 0.0016680 secs] [Times: user=0.01 sys=0.00, real=0.00 secs] 
85.455: Total time for which application threads were stopped: 0.0018050 seconds, Stopping threads took: 0.0000790 seconds
85.517: Application time: 0.0623690 seconds
85.517: [GC85.517: [ParNew: 36997K->4130K(37632K), 0.0016630 secs] 77786K->46967K(121024K), 0.0016960 secs] [Times: user=0.01 sys=0.00, real=0.01 secs] 
85.519: Total time for which application threads were stopped: 0.0018150 seconds, Stopping threads took: 0.0000660 seconds
85.579: Application time: 0.0596870 seconds
85.579: [GC85.579: [ParNew: 36768K->4130K(37632K), 0.0013790 secs] 79605K->47991K(121024K), 0.0014090 secs] [Times: user=0.01 sys=0.00, real=0.00 secs] 
85.580: Total time for which application threads were stopped: 0.0015410 seconds, Stopping threads took: 0.0000760 seconds
85.641: Application time: 0.0611440 seconds
85.641: [GC85.641: [ParNew: 36745K->4133K(37632K), 0.0011860 secs] 80606K->47994K(121024K), 0.0012160 secs] [Times: user=0.01 sys=0.00, real=0.00 secs] 
85.643: Total time for which application threads were stopped: 0.0013430 seconds, Stopping threads took: 0.0000700 seconds
85.703: Application time: 0.0600390 seconds
85.703: [GC85.703: [ParNew: 36865K->4136K(37632K), 0.0013460 secs] 80726K->49021K(121024K), 0.0013790 secs] [Times: user=0.01 sys=0.00, real=0.00 secs] 
85.704: Total time for which application threads were stopped: 0.0014970 seconds, Stopping threads took: 0.0000600 seconds
85.764: Application time: 0.0593410 seconds
85.764: [GC85.764: [ParNew: 36760K->4142K(37632K), 0.0016910 secs] 81645K->51075K(121024K), 0.0017240 secs] [Times: user=0.01 sys=0.00, real=0.00 secs] 
85.765: Total time for which application threads were stopped: 0.0019080 seconds, Stopping threads took: 0.0001270 seconds
85.826: Application time: 0.0604930 seconds
85.826: [GC85.826: [ParNew: 37295K->4152K(37632K), 0.0016690 secs] 84228K->53237K(121024K), 0.0017020 secs] [Times: user=0.01 sys=0.00, real=0.00 secs] 
85.828: Total time for which application threads were stopped: 0.0018300 seconds, Stopping threads took: 0.0000620 seconds
85.888: Application time: 0.0606640 seconds
85.889: [GC85.889: [ParNew: 37220K->4159K(37632K), 0.0017040 secs] 86305K->55392K(121024K), 0.0017370 secs] [Times: user=0.01 sys=0.00, real=0.00 secs] 
85.890: Total time for which application threads were stopped: 0.0018720 seconds, Stopping threads took: 0.0000790 seconds
85.951: Application time: 0.0611130 seconds
85.952: [GC85.952: [ParNew: 36987K->4159K(37632K), 0.0013580 secs] 88221K->56504K(121024K), 0.0013890 secs] [Times: user=0.01 sys=0.00, real=0.00 secs] 
85.953: Total time for which application threads were stopped: 0.0015320 seconds, Stopping threads took: 0.0000880 seconds
86.014: Application time: 0.0613930 seconds
86.014: [GC86.014: [ParNew: 36949K->4143K(37632K), 0.0013860 secs] 89295K->57569K(121024K), 0.0014170 secs] [Times: user=0.01 sys=0.01, real=0.00 secs] 
86.016: Total time for which application threads were stopped: 0.0015450 seconds, Stopping threads took: 0.0000740 seconds
86.075: Application time: 0.0591650 seconds
86.075: [GC86.075: [ParNew: 36831K->4117K(37632K), 0.0016520 secs] 90257K->59638K(121024K), 0.0016820 secs] [Times: user=0.01 sys=0.00, real=0.00 secs] 
86.077: Total time for which application threads were stopped: 0.0018440 seconds, Stopping threads took: 0.0001070 seconds
86.137: Application time: 0.0604930 seconds
86.139: [GC86.139: [ParNew: 36861K->4130K(37632K), 0.0017590 secs] 92382K->61699K(121024K), 0.0017940 secs] [Times: user=0.02 sys=0.00, real=0.00 secs] 
86.140: Total time for which application threads were stopped: 0.0030630 seconds, Stopping threads took: 0.0012120 seconds
86.201: Application time: 0.0600370 seconds
86.201: [GC86.201: [ParNew: 36803K->4139K(37632K), 0.0014050 secs] 94372K->62732K(121024K), 0.0014470 secs] [Times: user=0.01 sys=0.00, real=0.00 secs] 
86.202: Total time for which application threads were stopped: 0.0015810 seconds, Stopping threads took: 0.0000790 seconds
86.262: Application time: 0.0598830 seconds
86.262: [GC86.262: [ParNew: 36879K->4116K(37632K), 0.0017120 secs] 95472K->64757K(121024K), 0.0017460 secs] [Times: user=0.01 sys=0.00, real=0.00 secs] 
86.264: Total time for which application threads were stopped: 0.0018770 seconds, Stopping threads took: 0.0000710 seconds
86.328: Application time: 0.0638900 seconds
86.328: [GC86.328: [ParNew: 37018K->4120K(37632K), 0.0014720 secs] 97659K->65786K(121024K), 0.0015030 secs] [Times: user=0.01 sys=0.00, real=0.00 secs] 
86.329: Total time for which application threads were stopped: 0.0016440 seconds, Stopping threads took: 0.0000730 seconds
86.388: Application time: 0.0586120 seconds
86.388: [GC86.388: [ParNew: 36626K->4135K(37632K), 0.0011260 secs] 98291K->65801K(121024K), 0.0011570 secs] [Times: user=0.01 sys=0.00, real=0.00 secs] 
86.389: Total time for which application threads were stopped: 0.0012930 seconds, Stopping threads took: 0.0000810 seconds
86.452: Application time: 0.0622470 seconds
86.452: [GC86.452: [ParNew: 36941K->4148K(37632K), 0.0011360 secs] 98606K->65813K(121024K), 0.0011610 secs] [Times: user=0.00 sys=0.00, real=0.00 secs] 
86.453: Total time for which application threads were stopped: 0.0013090 seconds, Stopping threads took: 0.0000920 seconds
86.511: Application time: 0.0585440 seconds
86.512: [GC86.512: [ParNew: 37147K->4158K(37632K), 0.0017150 secs] 98812K->67960K(121024K), 0.0017450 secs] [Times: user=0.01 sys=0.00, real=0.00 secs] 
86.513: Total time for which application threads were stopped: 0.0018530 seconds, Stopping threads took: 0.0000550 seconds
86.572: Application time: 0.0591290 seconds
86.573: [GC86.573: [ParNew: 37193K->4152K(37632K), 0.0016780 secs] 100994K->70114K(121024K), 0.0017120 secs] [Times: user=0.02 sys=0.00, real=0.00 secs] 
86.574: Total time for which application threads were stopped: 0.0018410 seconds, Stopping threads took: 0.0000710 seconds
86.638: Application time: 0.0638160 seconds
86.638: [GC86.638: [ParNew: 37154K->4143K(37632K), 0.0011730 secs] 103116K->70177K(121024K), 0.0012030 secs] [Times: user=0.01 sys=0.00, real=0.01 secs] 
86.639: Total time for which application threads were stopped: 0.0013510 seconds, Stopping threads took: 0.0000920 seconds
86.700: Application time: 0.0610590 seconds
86.701: [GC86.701: [ParNew: 36939K->4149K(37632K), 0.0013940 secs] 102972K->71271K(121024K), 0.0014260 secs] [Times: user=0.01 sys=0.00, real=0.00 secs] 
86.702: Total time for which application threads were stopped: 0.0015360 seconds, Stopping threads took: 0.0000530 seconds
86.763: Application time: 0.0610390 seconds
86.763: [GC86.763: [ParNew: 36899K->4133K(37632K), 0.0011230 secs] 104021K->71278K(121024K), 0.0011530 secs] [Times: user=0.01 sys=0.00, real=0.00 secs] 
86.764: Total time for which application threads were stopped: 0.0012800 seconds, Stopping threads took: 0.0000740 seconds
86.824: Application time: 0.0592520 seconds
86.824: [GC86.824: [ParNew: 36743K->4117K(37632K), 0.0016210 secs] 103889K->73311K(121024K), 0.0016570 secs] [Times: user=0.01 sys=0.00, real=0.00 secs] 
86.825: Total time for which application threads were stopped: 0.0017730 seconds, Stopping threads took: 0.0000570 seconds
86.885: Application time: 0.0599030 seconds
86.885: [GC86.885: [ParNew: 36799K->4130K(37632K), 0.0016350 secs] 105993K->75372K(121024K), 0.0016670 secs] [Times: user=0.01 sys=0.00, real=0.00 secs] 
86.887: Total time for which application threads were stopped: 0.0018070 seconds, Stopping threads took: 0.0000730 seconds
86.946: Application time: 0.0590770 seconds
86.946: [GC86.946: [ParNew: 36654K->4118K(37632K), 0.0013690 secs] 107896K->76384K(121024K), 0.0014020 secs] [Times: user=0.01 sys=0.00, real=0.00 secs] 
86.948: Total time for which application threads were stopped: 0.0015490 seconds, Stopping threads took: 0.0000840 seconds
87.012: Application time: 0.0642130 seconds
87.012: [GC87.012: [ParNew: 37040K->4115K(37632K), 0.0013450 secs] 109306K->77405K(121024K), 0.0013750 secs] [Times: user=0.01 sys=0.00, real=0.00 secs] 
87.013: Total time for which application threads were stopped: 0.0014940 seconds, Stopping threads took: 0.0000640 seconds
87.070: Application time: 0.0563990 seconds
87.070: [GC87.070: [ParNew: 36762K->4116K(37632K), 0.0017090 secs] 110052K->79454K(121024K), 0.0017440 secs] [Times: user=0.01 sys=0.00, real=0.01 secs] 
87.072: Total time for which application threads were stopped: 0.0018710 seconds, Stopping threads took: 0.0000670 seconds
87.134: Application time: 0.0619790 seconds
87.134: [GC87.134: [ParNew: 37183K->4144K(37632K), 0.0020110 secs] 112521K->82554K(121024K), 0.0020430 secs] [Times: user=0.01 sys=0.00, real=0.00 secs] 
87.136: Total time for which application threads were stopped: 0.0022060 seconds, Stopping threads took: 0.0001060 seconds
87.198: Application time: 0.0621610 seconds
87.198: [GC87.198: [ParNew: 37278K->4158K(37632K), 0.0017140 secs] 115688K->84744K(121024K), 0.0017480 secs] [Times: user=0.01 sys=0.00, real=0.01 secs] 
87.200: Total time for which application threads were stopped: 0.0018880 seconds, Stopping threads took: 0.0000840 seconds
87.262: Application time: 0.0622880 seconds
87.262: [GC87.262: [ParNew: 37147K->4157K(37632K), 0.0014110 secs] 117734K->85872K(121024K), 0.0014440 secs] [Times: user=0.01 sys=0.00, real=0.00 secs] 
87.264: Total time for which application threads were stopped: 0.0015880 seconds, Stopping threads took: 0.0000890 seconds
87.325: Application time: 0.0614310 seconds
87.325: [GC87.325: [ParNew: 37011K->4141K(37632K), 0.0014510 secs] 118726K->86951K(121024K), 0.0014810 secs] [Times: user=0.01 sys=0.00, real=0.00 secs] 
87.327: Total time for which application threads were stopped: 0.0016110 seconds, Stopping threads took: 0.0000760 seconds
87.391: Application time: 0.0642650 seconds
87.391: [GC87.391: [ParNew: 37104K->4147K(37632K), 0.0010790 secs] 119915K->87021K(121024K), 0.0011110 secs] [Times: user=0.01 sys=0.00, real=0.00 secs] 
87.392: Total time for which application threads were stopped: 0.0012440 seconds, Stopping threads took: 0.0000670 seconds
87.449: Application time: 0.0562450 seconds
87.449: [GC87.449: [ParNew: 37389K->4125K(37632K), 0.0010980 secs] 120263K->87039K(121024K), 0.0011300 secs] [Times: user=0.00 sys=0.00, real=0.00 secs] 
87.450: Total time for which application threads were stopped: 0.0012510 seconds, Stopping threads took: 0.0000660 seconds
87.511: Application time: 0.0607430 seconds
87.511: [GC87.511: [ParNew: 36929K->4119K(37632K), 0.0016920 secs]87.512: [Tenured: 84962K->9666K(85448K), 0.0085470 secs] 119844K->9666K(123080K), [Perm : 5503K->5503K(21248K)], 0.0103720 secs] [Times: user=0.02 sys=0.00, real=0.01 secs] 
87.521: Total time for which application threads were stopped: 0.0105010 seconds, Stopping threads took: 0.0000640 seconds
87.581: Application time: 0.0598080 seconds
87.581: [GC87.581: [ParNew: 32670K->4150K(37632K), 0.0013500 secs] 42336K->14840K(121024K), 0.0013820 secs] [Times: user=0.01 sys=0.00, real=0.00 secs] 
87.582: Total time for which application threads were stopped: 0.0015270 seconds, Stopping threads took: 0.0000890 seconds
87.643: Application time: 0.0600840 seconds
87.643: [GC87.643: [ParNew: 36822K->4120K(37632K), 0.0013040 secs] 47513K->15834K(121024K), 0.0013350 secs] [Times: user=0.01 sys=0.00, real=0.00 secs] 
87.644: Total time for which application threads were stopped: 0.0014970 seconds, Stopping threads took: 0.0001090 seconds
87.707: Application time: 0.0627460 seconds
87.707: [GC87.707: [ParNew: 36996K->4129K(37632K), 0.0015370 secs] 48711K->17891K(121024K), 0.0015690 secs] [Times: user=0.01 sys=0.00, real=0.00 secs] 
87.709: Total time for which application threads were stopped: 0.0016940 seconds, Stopping threads took: 0.0000720 seconds
87.766: Application time: 0.0578380 seconds
87.766: [GC87.766: [ParNew: 36826K->4116K(37632K), 0.0015410 secs] 50589K->19926K(121024K), 0.0015830 secs] [Times: user=0.01 sys=0.00, real=0.00 secs] 
87.768: Total time for which application threads were stopped: 0.0017050 seconds, Stopping threads took: 0.0000650 seconds
87.829: Application time: 0.0610570 seconds
87.829: [GC87.829: [ParNew: 37128K->4144K(37632K), 0.0019170 secs] 52938K->23027K(121024K), 0.0019540 secs] [Times: user=0.02 sys=0.00, real=0.01 secs] 
87.831: Total time for which application threads were stopped: 0.0020920 seconds, Stopping threads took: 0.0000800 seconds
87.894: Application time: 0.0629400 seconds
87.894: [GC87.894: [ParNew: 37340K->4154K(37632K), 0.0014940 secs] 56223K->24181K(121024K), 0.0015260 secs] [Times: user=0.02 sys=0.00, real=0.00 secs] 
87.896: Total time for which application threads were stopped: 0.0016740 seconds, Stopping threads took: 0.0000760 seconds
87.959: Application time: 0.0634550 seconds
87.959: [GC87.959: [ParNew: 37225K->4158K(37632K), 0.0013370 secs] 57252K->25301K(121024K), 0.0013720 secs] [Times: user=0.01 sys=0.00, real=0.00 secs] 
87.961: Total time for which application threads were stopped: 0.0014880 seconds, Stopping threads took: 0.0000610 seconds
88.021: Application time: 0.0603860 seconds
88.021: [GC88.021: [ParNew: 36891K->3125K(37632K), 0.0008760 secs] 58034K->24340K(121024K), 0.0009060 secs] [Times: user=0.00 sys=0.00, real=0.00 secs] 
88.022: Total time for which application threads were stopped: 0.0010360 seconds, Stopping threads took: 0.0000770 seconds
88.086: Application time: 0.0641760 seconds
88.086: [GC88.086: [ParNew: 36065K->3155K(37632K), 0.0008130 secs] 57280K->24418K(121024K), 0.0008440 secs] [Times: user=0.00 sys=0.00, real=0.00 secs] 
88.087: Total time for which application threads were stopped: 0.0009550 seconds, Stopping threads took: 0.0000580 seconds
88.143: Application time: 0.0554910 seconds
88.143: [GC88.143: [ParNew: 36378K->4122K(37632K), 0.0013830 secs] 57641K->26473K(121024K), 0.0014160 secs] [Times: user=0.01 sys=0.00, real=0.00 secs] 
88.144: Total time for which application threads were stopped: 0.0015450 seconds, Stopping threads took: 0.0000730 seconds
88.204: Application time: 0.0596790 seconds
88.204: [GC88.204: [ParNew: 36945K->4134K(37632K), 0.0016610 secs] 59296K->28533K(121024K), 0.0016920 secs] [Times: user=0.01 sys=0.00, real=0.00 secs] 
88.206: Total time for which application threads were stopped: 0.0018240 seconds, Stopping threads took: 0.0000760 seconds
88.266: Application time: 0.0601270 seconds
88.266: [GC88.266: [ParNew: 36776K->4131K(37632K), 0.0016640 secs] 61175K->30578K(121024K), 0.0016980 secs] [Times: user=0.02 sys=0.00, real=0.00 secs] 
88.268: Total time for which application threads were stopped: 0.0018430 seconds, Stopping threads took: 0.0000870 seconds
88.328: Application time: 0.0601340 seconds
88.328: [GC88.328: [ParNew: 36928K->4130K(37632K), 0.0017590 secs] 63376K->32625K(121024K), 0.0017960 secs] [Times: user=0.01 sys=0.00, real=0.00 secs] 
88.330: Total time for which application threads were stopped: 0.0019250 seconds, Stopping threads took: 0.0000700 seconds
88.394: Application time: 0.0640960 seconds
88.394: [GC88.394: [ParNew: 37000K->4113K(37632K), 0.0010310 secs] 65495K->32609K(121024K), 0.0010600 secs] [Times: user=0.01 sys=0.00, real=0.00 secs] 
88.395: Total time for which application threads were stopped: 0.0011810 seconds, Stopping threads took: 0.0000690 seconds
88.455: Application time: 0.0603150 seconds
88.456: [GC88.456: [ParNew: 36832K->4118K(37632K), 0.0015900 secs] 65328K->34661K(121024K), 0.0016220 secs] [Times: user=0.01 sys=0.00, real=0.00 secs] 
88.457: Total time for which application threads were stopped: 0.0017550 seconds, Stopping threads took: 0.0000660 seconds
88.517: Application time: 0.0596420 seconds
88.517: [GC88.517: [ParNew: 37032K->4144K(37632K), 0.0019470 secs] 67575K->37759K(121024K), 0.0019810 secs] [Times: user=0.01 sys=0.00, real=0.01 secs] 
88.519: Total time for which application threads were stopped: 0.0021340 seconds, Stopping threads took: 0.0000980 seconds
88.582: Application time: 0.0625020 seconds
88.582: [GC88.582: [ParNew: 37401K->4158K(37632K), 0.0020200 secs] 71017K->40949K(121024K), 0.0020630 secs] [Times: user=0.02 sys=0.00, real=0.00 secs] 
88.584: Total time for which application threads were stopped: 0.0022070 seconds, Stopping threads took: 0.0000870 seconds
88.646: Application time: 0.0624310 seconds
88.646: [GC88.646: [ParNew: 37155K->4159K(37632K), 0.0014470 secs] 73947K->42102K(121024K), 0.0014810 secs] [Times: user=0.01 sys=0.00, real=0.00 secs] 
88.648: Total time for which application threads were stopped: 0.0016300 seconds, Stopping threads took: 0.0000910 seconds
88.710: Application time: 0.0624890 seconds
88.710: [GC88.710: [ParNew: 36891K->3145K(37632K), 0.0008430 secs] 74834K->41152K(121024K), 0.0008730 secs] [Times: user=0.00 sys=0.00, real=0.01 secs] 
88.711: Total time for which application threads were stopped: 0.0009960 seconds, Stopping threads took: 0.0000700 seconds
88.772: Application time: 0.0603490 seconds
88.772: [GC88.772: [ParNew: 36617K->4158K(37632K), 0.0010750 secs] 74624K->42222K(121024K), 0.0011050 secs] [Times: user=0.01 sys=0.00, real=0.00 secs] 
88.773: Total time for which application threads were stopped: 0.0012360 seconds, Stopping threads took: 0.0000720 seconds
88.827: Application time: 0.0543200 seconds
88.827: [GC88.827: [ParNew: 36689K->4114K(37632K), 0.0018870 secs] 74753K->45305K(121024K), 0.0019210 secs] [Times: user=0.01 sys=0.00, real=0.00 secs] 
88.829: Total time for which application threads were stopped: 0.0020790 seconds, Stopping threads took: 0.0001010 seconds
88.891: Application time: 0.0620940 seconds
88.895: [GC88.895: [ParNew: 37089K->4130K(37632K), 0.0016460 secs] 78281K->47369K(121024K), 0.0016800 secs] [Times: user=0.01 sys=0.00, real=0.00 secs] 
88.896: Total time for which application threads were stopped: 0.0049770 seconds, Stopping threads took: 0.0032400 seconds
88.958: Application time: 0.0620090 seconds
88.959: [GC88.959: [ParNew: 36932K->4108K(37632K), 0.0016920 secs] 80172K->49396K(121024K), 0.0017260 secs] [Times: user=0.01 sys=0.00, real=0.01 secs] 
88.960: Total time for which application threads were stopped: 0.0018710 seconds, Stopping threads took: 0.0000760 seconds
89.022: Application time: 0.0616440 seconds
89.022: [GC89.022: [ParNew: 36931K->4131K(37632K), 0.0013580 secs] 82219K->50443K(121024K), 0.0013910 secs] [Times: user=0.01 sys=0.00, real=0.00 secs] 
89.023: Total time for which application threads were stopped: 0.0015140 seconds, Stopping threads took: 0.0000660 seconds
89.086: Application time: 0.0624830 seconds
89.086: [GC89.086: [ParNew: 36906K->4116K(37632K), 0.0015640 secs] 83218K->52475K(121024K), 0.0015970 secs] [Times: user=0.01 sys=0.00, real=0.00 secs] 
89.088: Total time for which application threads were stopped: 0.0017250 seconds, Stopping threads took: 0.0000720 seconds
89.145: Application time: 0.0576810 seconds
89.145: [GC89.145: [ParNew: 36768K->4134K(37632K), 0.0017250 secs] 85128K->54542K(121024K), 0.0017590 secs] [Times: user=0.01 sys=0.00, real=0.00 secs] 
89.147: Total time for which application threads were stopped: 0.0019000 seconds, Stopping threads took: 0.0000850 seconds
89.211: Application time: 0.0634160 seconds
89.211: [GC89.211: [ParNew: 37275K->4152K(37632K), 0.0016470 secs] 87682K->56624K(121024K), 0.0016820 secs] [Times: user=0.01 sys=0.00, real=0.00 secs] 
89.212: Total time for which application threads were stopped: 0.0018310 seconds, Stopping threads took: 0.0000920 seconds
89.273: Application time: 0.0605730 seconds
89.273: [GC89.273: [ParNew: 37146K->4154K(37632K), 0.0017630 secs] 89618K->58786K(121024K), 0.0017960 secs] [Times: user=0.02 sys=0.00, real=0.00 secs] 
89.275: Total time for which application threads were stopped: 0.0019200 seconds, Stopping threads took: 0.0000670 seconds
89.339: Application time: 0.0638070 seconds
89.339: [GC89.339: [ParNew: 37270K->4158K(37632K), 0.0012240 secs] 91902K->58886K(121024K), 0.0012540 secs] [Times: user=0.00 sys=0.00, real=0.00 secs] 
89.340: Total time for which application threads were stopped: 0.0013980 seconds, Stopping threads took: 0.0000880 seconds
89.401: Application time: 0.0603600 seconds
89.401: [GC89.401: [ParNew: 37630K->4158K(37632K), 0.0011250 secs] 92358K->58934K(121024K), 0.0011630 secs] [Times: user=0.01 sys=0.00, real=0.00 secs] 
89.402: Total time for which application threads were stopped: 0.0012810 seconds, Stopping threads took: 0.0000640 seconds
89.459: Application time: 0.0574260 seconds
89.459: [GC89.459: [ParNew: 36652K->4146K(37632K), 0.0017000 secs] 91428K->61042K(121024K), 0.0017310 secs] [Times: user=0.02 sys=0.00, real=0.00 secs] 
89.461: Total time for which application threads were stopped: 0.0018790 seconds, Stopping threads took: 0.0000860 seconds
89.516: Application time: 0.0544470 seconds
89.516: [GC89.516: [ParNew: 36827K->4112K(37632K), 0.0019780 secs] 93724K->64128K(121024K), 0.0020090 secs] [Times: user=0.01 sys=0.00, real=0.00 secs] 
89.518: Total time for which application threads were stopped: 0.0021780 seconds, Stopping threads took: 0.0001140 seconds
89.584: Application time: 0.0658480 seconds
89.584: [GC89.584: [ParNew: 37115K->4133K(37632K), 0.0011620 secs] 97131K->64149K(121024K), 0.0011940 secs] [Times: user=0.01 sys=0.00, real=0.00 secs] 
89.585: Total time for which application threads were stopped: 0.0013420 seconds, Stopping threads took: 0.0000940 seconds
89.647: Application time: 0.0619370 seconds
89.647: [GC89.647: [ParNew: 36946K->4130K(37632K), 0.0015970 secs] 96962K->66194K(121024K), 0.0016310 secs] [Times: user=0.01 sys=0.00, real=0.00 secs] 
89.649: Total time for which application threads were stopped: 0.0017560 seconds, Stopping threads took: 0.0000660 seconds
89.708: Application time: 0.0595980 seconds
89.708: [GC89.708: [ParNew: 36835K->4132K(37632K), 0.0013790 secs] 98899K->67220K(121024K), 0.0014130 secs] [Times: user=0.01 sys=0.00, real=0.00 secs] 
89.710: Total time for which application threads were stopped: 0.0015410 seconds, Stopping threads took: 0.0000690 seconds
89.772: Application time: 0.0620490 seconds
89.772: [GC89.772: [ParNew: 36973K->4115K(37632K), 0.0016290 secs] 100061K->69251K(121024K), 0.0016640 secs] [Times: user=0.01 sys=0.00, real=0.00 secs] 
89.774: Total time for which application threads were stopped: 0.0017940 seconds, Stopping threads took: 0.0000740 seconds
89.833: Application time: 0.0595680 seconds
89.833: [GC89.833: [ParNew: 36866K->4129K(37632K), 0.0017320 secs] 102002K->71313K(121024K), 0.0017650 secs] [Times: user=0.01 sys=0.00, real=0.00 secs] 
89.835: Total time for which application threads were stopped: 0.0019090 seconds, Stopping threads took: 0.0000870 seconds
89.896: Application time: 0.0612980 seconds
89.899: [GC89.899: [ParNew: 37159K->4154K(37632K), 0.0017600 secs] 104343K->73402K(121024K), 0.0017940 secs] [Times: user=0.02 sys=0.00, real=0.00 secs] 
89.901: Total time for which application threads were stopped: 0.0041150 seconds, Stopping threads took: 0.0022380 seconds
89.966: Application time: 0.0650070 seconds
89.966: [GC89.966: [ParNew: 37356K->4159K(37632K), 0.0015310 secs] 106605K->74535K(121024K), 0.0015650 secs] [Times: user=0.01 sys=0.00, real=0.00 secs] 
89.967: Total time for which application threads were stopped: 0.0017190 seconds, Stopping threads took: 0.0000860 seconds
90.028: Application time: 0.0602890 seconds
90.028: [GC90.028: [ParNew: 36902K->4159K(37632K), 0.0011460 secs] 107278K->74671K(121024K), 0.0011790 secs] [Times: user=0.01 sys=0.00, real=0.00 secs] 
90.029: Total time for which application threads were stopped: 0.0012920 seconds, Stopping threads took: 0.0000570 seconds
90.089: Application time: 0.0602610 seconds
90.089: [GC90.089: [ParNew: 36670K->3147K(37632K), 0.0009330 secs] 107182K->73699K(121024K), 0.0009710 secs] [Times: user=0.01 sys=0.00, real=0.00 secs] 
90.090: Total time for which application threads were stopped: 0.0010850 seconds, Stopping threads took: 0.0000650 seconds
90.147: Application time: 0.0565830 seconds
90.147: [GC90.147: [ParNew: 35715K->4154K(37632K), 0.0015030 secs] 106268K->75795K(121024K), 0.0015340 secs] [Times: user=0.01 sys=0.00, real=0.00 secs] 
90.148: Total time for which application threads were stopped: 0.0016620 seconds, Stopping threads took: 0.0000660 seconds
90.205: Application time: 0.0569890 seconds
90.206: [GC90.206: [ParNew: 36875K->4112K(37632K), 0.0017240 secs] 108516K->77849K(121024K), 0.0017580 secs] [Times: user=0.02 sys=0.00, real=0.00 secs] 
90.207: Total time for which application threads were stopped: 0.0018940 seconds, Stopping threads took: 0.0000800 seconds
90.271: Application time: 0.0639270 seconds
90.271: [GC90.271: [ParNew: 37060K->4115K(37632K), 0.0016250 secs] 110797K->79900K(121024K), 0.0016570 secs] [Times: user=0.01 sys=0.00, real=0.00 secs] 
90.273: Total time for which application threads were stopped: 0.0017710 seconds, Stopping threads took: 0.0000570 seconds
90.333: Application time: 0.0598920 seconds
90.333: [GC90.333: [ParNew: 36855K->4114K(37632K), 0.0016210 secs] 112640K->81946K(121024K), 0.0016540 secs] [Times: user=0.01 sys=0.00, real=0.00 secs] 
90.335: Total time for which application threads were stopped: 0.0017810 seconds, Stopping threads took: 0.0000700 seconds
90.396: Application time: 0.0614960 seconds
90.396: [GC90.396: [ParNew: 36907K->4132K(37632K), 0.0013440 secs] 114740K->82989K(121024K), 0.0013750 secs] [Times: user=0.01 sys=0.00, real=0.00 secs] 
90.398: Total time for which application threads were stopped: 0.0015050 seconds, Stopping threads took: 0.0000730 seconds
90.460: Application time: 0.0623720 seconds
90.460: [GC90.460: [ParNew: 36981K->4115K(37632K), 0.0013910 secs] 115838K->83996K(121024K), 0.0014220 secs] [Times: user=0.01 sys=0.00, real=0.00 secs] 
90.462: Total time for which application threads were stopped: 0.0015460 seconds, Stopping threads took: 0.0000690 seconds
90.521: Application time: 0.0597150 seconds
90.521: [GC90.521: [ParNew: 36851K->4131K(37632K), 0.0016380 secs] 116732K->86059K(121024K), 0.0016720 secs] [Times: user=0.01 sys=0.00, real=0.00 secs] 
90.523: Total time for which application threads were stopped: 0.0018110 seconds, Stopping threads took: 0.0000720 seconds
90.587: Application time: 0.0636060 seconds
90.587: [GC90.587: [ParNew: 37277K->4154K(37632K), 0.0014540 secs] 119205K->87139K(121024K), 0.0014910 secs] [Times: user=0.01 sys=0.00, real=0.00 secs] 
90.588: Total time for which application threads were stopped: 0.0016130 seconds, Stopping threads took: 0.0000650 seconds
90.649: Application time: 0.0608040 seconds
90.649: [GC90.649: [ParNew: 37035K->4159K(37632K), 0.0011400 secs] 120020K->87248K(121024K), 0.0011710 secs] [Times: user=0.01 sys=0.00, real=0.00 secs] 
90.650: Total time for which application threads were stopped: 0.0013040 seconds, Stopping threads took: 0.0000760 seconds
90.711: Application time: 0.0604620 seconds
90.711: [GC90.711: [ParNew: 36897K->3176K(37632K), 0.0009150 secs] 119986K->86305K(121024K), 0.0009440 secs] [Times: user=0.01 sys=0.00, real=0.00 secs] 
90.712: Total time for which application threads were stopped: 0.0010710 seconds, Stopping threads took: 0.0000720 seconds
90.771: Application time: 0.0592640 seconds
90.771: [GC90.771: [ParNew: 35649K->4119K(37632K), 0.0013330 secs]90.773: [Tenured: 84265K->8849K(84420K), 0.0079580 secs] 118778K->8849K(122052K), [Perm : 5503K->5503K(21248K)], 0.0093910 secs] [Times: user=0.02 sys=0.00, real=0.01 secs] 
90.781: Total time for which application threads were stopped: 0.0095150 seconds, Stopping threads took: 0.0000630 seconds
90.835: Application time: 0.0546370 seconds
90.836: [GC90.836: [ParNew: 32737K->4158K(37632K), 0.0016850 secs] 41586K->15071K(121024K), 0.0017210 secs] [Times: user=0.01 sys=0.00, real=0.00 secs] 
90.837: Total time for which application threads were stopped: 0.0019040 seconds, Stopping threads took: 0.0001250 seconds
90.897: Application time: 0.0599200 seconds
90.897: [GC90.897: [ParNew: 37024K->4112K(37632K), 0.0020560 secs] 47938K->18193K(121024K), 0.0020900 secs] [Times: user=0.02 sys=0.00, real=0.01 secs] 
90.900: Total time for which application threads were stopped: 0.0022320 seconds, Stopping threads took: 0.0000830 seconds
90.964: Application time: 0.0646720 seconds
90.964: [GC90.964: [ParNew: 37101K->4113K(37632K), 0.0016370 secs] 51183K->20242K(121024K), 0.0016790 secs] [Times: user=0.01 sys=0.00, real=0.00 secs] 
90.966: Total time for which application threads were stopped: 0.0018200 seconds, Stopping threads took: 0.0000860 seconds
91.027: Application time: 0.0605110 seconds
91.027: [GC91.027: [ParNew: 36836K->4147K(37632K), 0.0013870 secs] 52966K->21301K(121024K), 0.0014160 secs] [Times: user=0.01 sys=0.00, real=0.00 secs] 
91.028: Total time for which application threads were stopped: 0.0015800 seconds, Stopping threads took: 0.0001010 seconds
91.089: Application time: 0.0610630 seconds
91.089: [GC91.089: [ParNew: 36879K->4121K(37632K), 0.0013160 secs] 54033K->22298K(121024K), 0.0013470 secs] [Times: user=0.01 sys=0.00, real=0.01 secs] 
91.091: Total time for which application threads were stopped: 0.0014820 seconds, Stopping threads took: 0.0000830 seconds
91.151: Application time: 0.0602560 seconds
91.151: [GC91.151: [ParNew: 36910K->4115K(37632K), 0.0019630 secs] 55087K->25364K(121024K), 0.0019950 secs] [Times: user=0.02 sys=0.00, real=0.00 secs] 
91.153: Total time for which application threads were stopped: 0.0021170 seconds, Stopping threads took: 0.0000620 seconds
91.213: Application time: 0.0601420 seconds
91.213: [GC91.213: [ParNew: 36873K->4130K(37632K), 0.0017040 secs] 58123K->27427K(121024K), 0.0017370 secs] [Times: user=0.01 sys=0.00, real=0.00 secs] 
91.215: Total time for which application threads were stopped: 0.0018700 seconds, Stopping threads took: 0.0000740 seconds
91.279: Application time: 0.0640270 seconds
91.279: [GC91.279: [ParNew: 37267K->4155K(37632K), 0.0014480 secs] 60564K->28509K(121024K), 0.0014790 secs] [Times: user=0.01 sys=0.00, real=0.00 secs] 
91.281: Total time for which application threads were stopped: 0.0016190 seconds, Stopping threads took: 0.0000850 seconds
91.341: Application time: 0.0602350 seconds
91.341: [GC91.341: [ParNew: 36936K->4158K(37632K), 0.0011300 secs] 61290K->28644K(121024K), 0.0011610 secs] [Times: user=0.01 sys=0.00, real=0.00 secs] 
91.342: Total time for which application threads were stopped: 0.0013000 seconds, Stopping threads took: 0.0000820 seconds
91.406: Application time: 0.0635320 seconds
91.406: [GC91.406: [ParNew: 37142K->2157K(37632K), 0.0006710 secs] 61628K->26683K(121024K), 0.0006990 secs] [Times: user=0.00 sys=0.01, real=0.00 secs] 
91.407: Total time for which application threads were stopped: 0.0008390 seconds, Stopping threads took: 0.0000820 seconds
91.463: Application time: 0.0565780 seconds
91.463: [GC91.463: [ParNew: 35466K->4120K(37632K), 0.0010710 secs] 59992K->28742K(121024K), 0.0011000 secs] [Times: user=0.01 sys=0.00, real=0.00 secs] 
91.464: Total time for which application threads were stopped: 0.0012220 seconds, Stopping threads took: 0.0000700 seconds
91.522: Application time: 0.0578090 seconds
91.522: [GC91.522: [ParNew: 36985K->4156K(37632K), 0.0016270 secs] 61607K->30842K(121024K), 0.0016600 secs] [Times: user=0.01 sys=0.00, real=0.00 secs] 
91.524: Total time for which application threads were stopped: 0.0017860 seconds, Stopping threads took: 0.0000700 seconds
91.587: Application time: 0.0628140 seconds
91.587: [GC91.587: [ParNew: 37064K->4112K(37632K), 0.0016450 secs] 63750K->32926K(121024K), 0.0016770 secs] [Times: user=0.01 sys=0.00, real=0.00 secs] 
91.589: Total time for which application threads were stopped: 0.0018130 seconds, Stopping threads took: 0.0000720 seconds
91.648: Application time: 0.0592110 seconds
91.648: [GC91.648: [ParNew: 37028K->4112K(37632K), 0.0017220 secs] 65842K->34974K(121024K), 0.0017560 secs] [Times: user=0.01 sys=0.00, real=0.00 secs] 
91.650: Total time for which application threads were stopped: 0.0019090 seconds, Stopping threads took: 0.0000950 seconds
91.715: Application time: 0.0648930 seconds
91.715: [GC91.715: [ParNew: 37055K->4116K(37632K), 0.0013510 secs] 67917K->36002K(121024K), 0.0013840 secs] [Times: user=0.01 sys=0.00, real=0.00 secs] 
91.716: Total time for which application threads were stopped: 0.0015130 seconds, Stopping threads took: 0.0000740 seconds
91.778: Application time: 0.0618790 seconds
91.779: [GC91.779: [ParNew: 36930K->4153K(37632K), 0.0012820 secs] 68816K->37064K(121024K), 0.0013240 secs] [Times: user=0.01 sys=0.00, real=0.00 secs] 
91.780: Total time for which application threads were stopped: 0.0019530 seconds, Stopping threads took: 0.0005740 seconds
91.840: Application time: 0.0597630 seconds
91.840: [GC91.840: [ParNew: 36692K->4115K(37632K), 0.0014370 secs] 69602K->38049K(121024K), 0.0014690 secs] [Times: user=0.01 sys=0.00, real=0.00 secs] 
91.841: Total time for which application threads were stopped: 0.0016150 seconds, Stopping threads took: 0.0000890 seconds
91.901: Application time: 0.0597970 seconds
91.901: [GC91.901: [ParNew: 36817K->4110K(37632K), 0.0015880 secs] 70751K->40092K(121024K), 0.0016240 secs] [Times: user=0.01 sys=0.00, real=0.00 secs] 
91.903: Total time for which application threads were stopped: 0.0017520 seconds, Stopping threads took: 0.0000700 seconds
91.965: Application time: 0.0618430 seconds
91.965: [GC91.965: [ParNew: 37088K->4158K(37632K), 0.0011730 secs] 73070K->40197K(121024K), 0.0012020 secs] [Times: user=0.01 sys=0.00, real=0.00 secs] 
91.966: Total time for which application threads were stopped: 0.0013500 seconds, Stopping threads took: 0.0000940 seconds
92.026: Application time: 0.0598080 seconds
92.026: [GC92.026: [ParNew: 36947K->4158K(37632K), 0.0013780 secs] 72985K->41292K(121024K), 0.0014090 secs] [Times: user=0.01 sys=0.00, real=0.00 secs] 
92.027: Total time for which application threads were stopped: 0.0015380 seconds, Stopping threads took: 0.0000720 seconds
92.089: Application time: 0.0614320 seconds
92.089: [GC92.089: [ParNew: 37057K->4158K(37632K), 0.0014360 secs] 74191K->42440K(121024K), 0.0014650 secs] [Times: user=0.01 sys=0.00, real=0.00 secs] 
92.091: Total time for which application threads were stopped: 0.0016100 seconds, Stopping threads took: 0.0000810 seconds
92.150: Application time: 0.0592810 seconds
92.150: [GC92.150: [ParNew: 36730K->4121K(37632K), 0.0011150 secs] 75012K->42443K(121024K), 0.0011450 secs] [Times: user=0.01 sys=0.00, real=0.01 secs] 
92.151: Total time for which application threads were stopped: 0.0012710 seconds, Stopping threads took: 0.0000720 seconds
92.210: Application time: 0.0584190 seconds
92.210: [GC92.210: [ParNew: 37036K->4156K(37632K), 0.0016600 secs] 75358K->44542K(121024K), 0.0016910 secs] [Times: user=0.02 sys=0.00, real=0.01 secs] 
92.211: Total time for which application threads were stopped: 0.0018200 seconds, Stopping threads took: 0.0000750 seconds
92.270: Application time: 0.0586790 seconds
92.270: [GC92.270: [ParNew: 36931K->4112K(37632K), 0.0019860 secs] 77317K->47650K(121024K), 0.0020190 secs] [Times: user=0.02 sys=0.00, real=0.01 secs] 
92.272: Total time for which application threads were stopped: 0.0021700 seconds, Stopping threads took: 0.0000930 seconds
92.337: Application time: 0.0647350 seconds
92.337: [GC92.337: [ParNew: 37123K->4110K(37632K), 0.0020220 secs] 80662K->50720K(121024K), 0.0020570 secs] [Times: user=0.02 sys=0.00, real=0.01 secs] 
92.339: Total time for which application threads were stopped: 0.0022200 seconds, Stopping threads took: 0.0001050 seconds
92.405: Application time: 0.0654560 seconds
92.405: [GC92.405: [ParNew: 37105K->4149K(37632K), 0.0010960 secs] 83715K->50759K(121024K), 0.0011260 secs] [Times: user=0.01 sys=0.00, real=0.00 secs] 
92.406: Total time for which application threads were stopped: 0.0012700 seconds, Stopping threads took: 0.0000920 seconds
92.463: Application time: 0.0568740 seconds
92.463: [GC92.463: [ParNew: 37472K->4133K(37632K), 0.0011550 secs] 84083K->50744K(121024K), 0.0011890 secs] [Times: user=0.01 sys=0.00, real=0.00 secs] 
92.464: Total time for which application threads were stopped: 0.0014010 seconds, Stopping threads took: 0.0001560 seconds
92.528: Application time: 0.0642010 seconds
92.528: [GC92.528: [ParNew: 36983K->4115K(37632K), 0.0010840 secs] 83593K->50725K(121024K), 0.0011130 secs] [Times: user=0.01 sys=0.00, real=0.00 secs] 
92.530: Total time for which application threads were stopped: 0.0012630 seconds, Stopping threads took: 0.0000880 seconds
92.593: Application time: 0.0630560 seconds
92.593: [GC92.593: [ParNew: 36898K->4129K(37632K), 0.0015570 secs] 83509K->52788K(121024K), 0.0015850 secs] [Times: user=0.01 sys=0.00, real=0.00 secs] 
92.594: Total time for which application threads were stopped: 0.0017230 seconds, Stopping threads took: 0.0000770 seconds
92.653: Application time: 0.0583760 seconds
92.653: [GC92.653: [ParNew: 37010K->4154K(37632K), 0.0016760 secs] 85669K->54876K(121024K), 0.0017090 secs] [Times: user=0.01 sys=0.00, real=0.00 secs] 
92.655: Total time for which application threads were stopped: 0.0018490 seconds, Stopping threads took: 0.0000840 seconds
92.715: Application time: 0.0602250 seconds
92.716: [GC92.716: [ParNew: 37268K->4148K(37632K), 0.0020600 secs] 87991K->58031K(121024K), 0.0020940 secs] [Times: user=0.01 sys=0.00, real=0.00 secs] 
92.718: Total time for which application threads were stopped: 0.0029530 seconds, Stopping threads took: 0.0008020 seconds
92.784: Application time: 0.0665030 seconds
92.784: [GC92.784: [ParNew: 37391K->4156K(37632K), 0.0012170 secs] 91273K->58151K(121024K), 0.0012490 secs] [Times: user=0.01 sys=0.00, real=0.00 secs] 
92.786: Total time for which application threads were stopped: 0.0013920 seconds, Stopping threads took: 0.0000860 seconds
92.844: Application time: 0.0584330 seconds
92.844: [GC92.844: [ParNew: 37507K->4120K(37632K), 0.0012260 secs] 91502K->58163K(121024K), 0.0012570 secs] [Times: user=0.00 sys=0.00, real=0.00 secs] 
92.846: Total time for which application threads were stopped: 0.0014050 seconds, Stopping threads took: 0.0000940 seconds
92.910: Application time: 0.0645700 seconds
92.910: [GC92.910: [ParNew: 37203K->3154K(37632K), 0.0008680 secs] 91246K->57197K(121024K), 0.0008970 secs] [Times: user=0.00 sys=0.00, real=0.01 secs] 
92.911: Total time for which application threads were stopped: 0.0010450 seconds, Stopping threads took: 0.0000970 seconds
92.972: Application time: 0.0605840 seconds
92.975: [GC92.975: [ParNew: 35928K->4130K(37632K), 0.0016080 secs] 89971K->60317K(121024K), 0.0016400 secs] [Times: user=0.01 sys=0.00, real=0.00 secs] 
92.976: Total time for which application threads were stopped: 0.0045630 seconds, Stopping threads took: 0.0028670 seconds
93.033: Application time: 0.0568840 seconds
93.033: [GC93.033: [ParNew: 37602K->4112K(37632K), 0.0024600 secs] 93789K->62347K(121024K), 0.0024930 secs] [Times: user=0.01 sys=0.00, real=0.00 secs] 
93.036: Total time for which application threads were stopped: 0.0026170 seconds, Stopping threads took: 0.0000670 seconds
93.099: Application time: 0.0632980 seconds
93.100: [GC93.100: [ParNew: 36954K->4110K(37632K), 0.0016270 secs] 95189K->64393K(121024K), 0.0016600 secs] [Times: user=0.01 sys=0.00, real=0.00 secs] 
93.101: Total time for which application threads were stopped: 0.0021770 seconds, Stopping threads took: 0.0004490 seconds
93.163: Application time: 0.0621150 seconds
93.164: [GC93.164: [ParNew: 36977K->4129K(37632K), 0.0014230 secs] 97260K->65436K(121024K), 0.0014560 secs] [Times: user=0.01 sys=0.00, real=0.00 secs] 
93.165: Total time for which application threads were stopped: 0.0017130 seconds, Stopping threads took: 0.0002020 seconds
93.225: Application time: 0.0594590 seconds
93.227: [GC93.227: [ParNew: 36746K->4132K(37632K), 0.0014520 secs] 98053K->66463K(121024K), 0.0014870 secs] [Times: user=0.01 sys=0.00, real=0.00 secs] 
93.228: Total time for which application threads were stopped: 0.0035790 seconds, Stopping threads took: 0.0020350 seconds
93.290: Application time: 0.0619080 seconds
93.290: [GC93.290: [ParNew: 36910K->4134K(37632K), 0.0011250 secs] 99241K->66465K(121024K), 0.0011560 secs] [Times: user=0.01 sys=0.00, real=0.01 secs] 
93.291: Total time for which application threads were stopped: 0.0012790 seconds, Stopping threads took: 0.0000710 seconds
93.350: Application time: 0.0591290 seconds
93.351: [GC93.351: [ParNew: 36993K->4150K(37632K), 0.0016910 secs] 99324K->68545K(121024K), 0.0017360 secs] [Times: user=0.01 sys=0.00, real=0.00 secs] 
93.352: Total time for which application threads were stopped: 0.0018640 seconds, Stopping threads took: 0.0000640 seconds
93.414: Application time: 0.0613360 seconds
93.414: [GC93.414: [ParNew: 37262K->4156K(37632K), 0.0016940 secs] 101657K->70727K(121024K), 0.0017250 secs] [Times: user=0.01 sys=0.00, real=0.00 secs] 
93.416: Total time for which application threads were stopped: 0.0018540 seconds, Stopping threads took: 0.0000720 seconds
93.479: Application time: 0.0631890 seconds
93.479: [GC93.479: [ParNew: 37024K->4158K(37632K), 0.0017270 secs] 103595K->72865K(121024K), 0.0017620 secs] [Times: user=0.02 sys=0.00, real=0.00 secs] 
93.481: Total time for which application threads were stopped: 0.0018910 seconds, Stopping threads took: 0.0000710 seconds
93.545: Application time: 0.0647530 seconds
93.545: [GC93.546: [ParNew: 37105K->4113K(37632K), 0.0014080 secs] 105813K->73900K(121024K), 0.0014400 secs] [Times: user=0.01 sys=0.00, real=0.00 secs] 
93.547: Total time for which application threads were stopped: 0.0015600 seconds, Stopping threads took: 0.0000610 seconds
93.605: Application time: 0.0578690 seconds
93.605: [GC93.605: [ParNew: 36838K->4158K(37632K), 0.0014520 secs] 106625K->74990K(121024K), 0.0014850 secs] [Times: user=0.01 sys=0.00, real=0.00 secs] 
93.606: Total time for which application threads were stopped: 0.0016290 seconds, Stopping threads took: 0.0000820 seconds
93.670: Application time: 0.0630730 seconds
93.670: [GC93.670: [ParNew: 37032K->4116K(37632K), 0.0017060 secs] 107864K->77067K(121024K), 0.0017390 secs] [Times: user=0.01 sys=0.00, real=0.01 secs] 
93.671: Total time for which application threads were stopped: 0.0018770 seconds, Stopping threads took: 0.0000830 seconds
93.734: Application time: 0.0624940 seconds
93.734: [GC93.734: [ParNew: 36979K->4129K(37632K), 0.0016310 secs] 109931K->79129K(121024K), 0.0016630 secs] [Times: user=0.01 sys=0.00, real=0.00 secs] 
93.736: Total time for which application threads were stopped: 0.0018210 seconds, Stopping threads took: 0.0001010 seconds
93.795: Application time: 0.0592880 seconds
93.795: [GC93.795: [ParNew: 37601K->4114K(37632K), 0.0014860 secs] 112601K->80137K(121024K), 0.0015160 secs] [Times: user=0.01 sys=0.00, real=0.00 secs] 
93.797: Total time for which application threads were stopped: 0.0016520 seconds, Stopping threads took: 0.0000820 seconds
93.856: Application time: 0.0598200 seconds
93.857: [GC93.857: [ParNew: 36740K->4112K(37632K), 0.0017130 secs] 112763K->82184K(121024K), 0.0017440 secs] [Times: user=0.01 sys=0.00, real=0.00 secs] 
93.858: Total time for which application threads were stopped: 0.0018790 seconds, Stopping threads took: 0.0000790 seconds
93.919: Application time: 0.0610030 seconds
93.919: [GC93.920: [ParNew: 36963K->4130K(37632K), 0.0017370 secs] 115034K->84249K(121024K), 0.0017690 secs] [Times: user=0.01 sys=0.00, real=0.00 secs] 
93.921: Total time for which application threads were stopped: 0.0018890 seconds, Stopping threads took: 0.0000640 seconds
93.980: Application time: 0.0591020 seconds
93.980: [GC93.981: [ParNew: 36731K->4150K(37632K), 0.0012290 secs] 116851K->84269K(121024K), 0.0012610 secs] [Times: user=0.01 sys=0.00, real=0.00 secs] 
93.982: Total time for which application threads were stopped: 0.0013950 seconds, Stopping threads took: 0.0000790 seconds
94.044: Application time: 0.0625610 seconds
94.044: [GC94.044: [ParNew: 37157K->4155K(37632K), 0.0014140 secs] 117276K->85331K(121024K), 0.0014450 secs] [Times: user=0.01 sys=0.00, real=0.00 secs] 
94.046: Total time for which application threads were stopped: 0.0015850 seconds, Stopping threads took: 0.0000860 seconds
94.102: Application time: 0.0559410 seconds
94.102: [GC94.102: [ParNew: 36856K->4142K(37632K), 0.0020040 secs]94.104: [Tenured: 84319K->12144K(84420K), 0.0084690 secs] 118031K->12144K(122052K), [Perm : 5503K->5503K(21248K)], 0.0105910 secs] [Times: user=0.02 sys=0.00, real=0.01 secs] 
94.113: Total time for which application threads were stopped: 0.0107260 seconds, Stopping threads took: 0.0000710 seconds
94.176: Application time: 0.0633760 seconds
94.176: [GC94.176: [ParNew: 33302K->4158K(37632K), 0.0019590 secs] 45446K->19419K(121024K), 0.0020010 secs] [Times: user=0.01 sys=0.00, real=0.00 secs] 
94.178: Total time for which application threads were stopped: 0.0021760 seconds, Stopping threads took: 0.0001080 seconds
94.240: Application time: 0.0618700 seconds
94.240: [GC94.240: [ParNew: 37012K->4114K(37632K), 0.0016130 secs] 52272K->21495K(121024K), 0.0016460 secs] [Times: user=0.01 sys=0.00, real=0.00 secs] 
94.242: Total time for which application threads were stopped: 0.0017840 seconds, Stopping threads took: 0.0000840 seconds
94.302: Application time: 0.0606620 seconds
94.303: [GC94.303: [ParNew: 37033K->4159K(37632K), 0.0011830 secs] 54413K->21572K(121024K), 0.0012140 secs] [Times: user=0.01 sys=0.00, real=0.00 secs] 
94.304: Total time for which application threads were stopped: 0.0013550 seconds, Stopping threads took: 0.0000810 seconds
94.365: Application time: 0.0615370 seconds
94.365: [GC94.365: [ParNew: 36871K->4113K(37632K), 0.0017020 secs] 54284K->23638K(121024K), 0.0017350 secs] [Times: user=0.02 sys=0.00, real=0.00 secs] 
94.367: Total time for which application threads were stopped: 0.0018710 seconds, Stopping threads took: 0.0000780 seconds
94.433: Application time: 0.0653690 seconds
94.435: [GC94.435: [ParNew: 37090K->4132K(37632K), 0.0011390 secs] 56615K->23656K(121024K), 0.0011690 secs] [Times: user=0.00 sys=0.00, real=0.00 secs] 
94.436: Total time for which application threads were stopped: 0.0032510 seconds, Stopping threads took: 0.0020260 seconds
94.494: Application time: 0.0578620 seconds
94.494: [GC94.494: [ParNew: 37444K->4116K(37632K), 0.0011120 secs] 56968K->23641K(121024K), 0.0011440 secs] [Times: user=0.00 sys=0.00, real=0.00 secs] 
94.495: Total time for which application threads were stopped: 0.0013210 seconds, Stopping threads took: 0.0001120 seconds
94.555: Application time: 0.0597390 seconds
94.555: [GC94.555: [ParNew: 36772K->4110K(37632K), 0.0019090 secs] 56297K->26706K(121024K), 0.0019430 secs] [Times: user=0.01 sys=0.00, real=0.00 secs] 
94.557: Total time for which application threads were stopped: 0.0020850 seconds, Stopping threads took: 0.0000840 seconds
94.618: Application time: 0.0616070 seconds
94.619: [GC94.619: [ParNew: 37057K->4114K(37632K), 0.0014090 secs] 59654K->27735K(121024K), 0.0014420 secs] [Times: user=0.00 sys=0.00, real=0.00 secs] 
94.620: Total time for which application threads were stopped: 0.0015720 seconds, Stopping threads took: 0.0000710 seconds
94.678: Application time: 0.0578340 seconds
94.678: [GC94.678: [ParNew: 36664K->4153K(37632K), 0.0011330 secs] 60285K->27773K(121024K), 0.0011630 secs] [Times: user=0.01 sys=0.00, real=0.01 secs] 
94.679: Total time for which application threads were stopped: 0.0013110 seconds, Stopping threads took: 0.0000830 seconds
94.746: Application time: 0.0664590 seconds
94.746: [GC94.746: [ParNew: 37351K->2149K(37632K), 0.0005800 secs] 60971K->25770K(121024K), 0.0006090 secs] [Times: user=0.00 sys=0.00, real=0.00 secs] 
94.746: Total time for which application threads were stopped: 0.0007420 seconds, Stopping threads took: 0.0000800 seconds
94.801: Application time: 0.0547810 seconds
94.803: [GC94.803: [ParNew: 34694K->4144K(37632K), 0.0016570 secs] 58314K->29901K(121024K), 0.0016910 secs] [Times: user=0.01 sys=0.00, real=0.00 secs] 
94.804: Total time for which application threads were stopped: 0.0031970 seconds, Stopping threads took: 0.0014480 seconds
94.867: Application time: 0.0629340 seconds
94.867: [GC94.867: [ParNew: 37405K->4156K(37632K), 0.0019590 secs] 63162K->33081K(121024K), 0.0019940 secs] [Times: user=0.02 sys=0.00, real=0.00 secs] 
94.869: Total time for which application threads were stopped: 0.0021230 seconds, Stopping threads took: 0.0000720 seconds
94.929: Application time: 0.0593260 seconds
94.929: [GC94.929: [ParNew: 36925K->4128K(37632K), 0.0015530 secs] 65850K->34153K(121024K), 0.0015910 secs] [Times: user=0.01 sys=0.00, real=0.01 secs] 
94.931: Total time for which application threads were stopped: 0.0018260 seconds, Stopping threads took: 0.0001670 seconds
94.997: Application time: 0.0666770 seconds
94.997: [GC94.997: [ParNew: 37363K->4154K(37632K), 0.0011040 secs] 67388K->34212K(121024K), 0.0011350 secs] [Times: user=0.00 sys=0.00, real=0.00 secs] 
94.999: Total time for which application threads were stopped: 0.0012600 seconds, Stopping threads took: 0.0000700 seconds
95.059: Application time: 0.0606570 seconds
95.059: [GC95.059: [ParNew: 36793K->4135K(37632K), 0.0010870 secs] 66850K->34264K(121024K), 0.0011180 secs] [Times: user=0.00 sys=0.00, real=0.00 secs] 
95.060: Total time for which application threads were stopped: 0.0012470 seconds, Stopping threads took: 0.0000740 seconds
95.122: Application time: 0.0612000 seconds
95.122: [GC95.122: [ParNew: 37607K->4158K(37632K), 0.0011540 secs] 67736K->34327K(121024K), 0.0011870 secs] [Times: user=0.01 sys=0.00, real=0.00 secs] 
95.123: Total time for which application threads were stopped: 0.0013130 seconds, Stopping threads took: 0.0000710 seconds
95.182: Application time: 0.0592060 seconds
95.182: [GC95.182: [ParNew: 37630K->4119K(37632K), 0.0015780 secs] 67799K->36336K(121024K), 0.0016120 secs] [Times: user=0.01 sys=0.00, real=0.00 secs] 
95.184: Total time for which application threads were stopped: 0.0017760 seconds, Stopping threads took: 0.0001000 seconds
95.242: Application time: 0.0583240 seconds
95.242: [GC95.242: [ParNew: 36974K->4116K(37632K), 0.0019940 secs] 69191K->39405K(121024K), 0.0020310 secs] [Times: user=0.01 sys=0.00, real=0.00 secs] 
95.244: Total time for which application threads were stopped: 0.0021500 seconds, Stopping threads took: 0.0000620 seconds
95.306: Application time: 0.0620560 seconds
95.307: [GC95.307: [ParNew: 37071K->4112K(37632K), 0.0018960 secs] 72360K->42473K(121024K), 0.0019260 secs] [Times: user=0.02 sys=0.00, real=0.00 secs] 
95.309: Total time for which application threads were stopped: 0.0020700 seconds, Stopping threads took: 0.0000870 seconds
95.370: Application time: 0.0616940 seconds
95.370: [GC95.370: [ParNew: 36954K->4128K(37632K), 0.0016810 secs] 75315K->44537K(121024K), 0.0017140 secs] [Times: user=0.01 sys=0.00, real=0.01 secs] 
95.372: Total time for which application threads were stopped: 0.0018670 seconds, Stopping threads took: 0.0000950 seconds
95.436: Application time: 0.0642810 seconds
95.439: [GC95.439: [ParNew: 37248K->4159K(37632K), 0.0012960 secs] 77657K->44628K(121024K), 0.0013260 secs] [Times: user=0.01 sys=0.00, real=0.00 secs] 
95.440: Total time for which application threads were stopped: 0.0036160 seconds, Stopping threads took: 0.0022360 seconds
95.499: Application time: 0.0593560 seconds
95.500: [GC95.500: [ParNew: 36818K->4157K(37632K), 0.0013010 secs] 77287K->45706K(121024K), 0.0013320 secs] [Times: user=0.01 sys=0.00, real=0.00 secs] 
95.501: Total time for which application threads were stopped: 0.0014860 seconds, Stopping threads took: 0.0001000 seconds
95.563: Application time: 0.0617110 seconds
95.563: [GC95.563: [ParNew: 37159K->4158K(37632K), 0.0016560 secs] 78708K->47851K(121024K), 0.0016900 secs] [Times: user=0.01 sys=0.00, real=0.00 secs] 
95.564: Total time for which application threads were stopped: 0.0018170 seconds, Stopping threads took: 0.0000710 seconds
95.624: Application time: 0.0593880 seconds
95.624: [GC95.624: [ParNew: 37031K->4114K(37632K), 0.0019720 secs] 80724K->50959K(121024K), 0.0020030 secs] [Times: user=0.01 sys=0.00, real=0.00 secs] 
95.626: Total time for which application threads were stopped: 0.0021540 seconds, Stopping threads took: 0.0000940 seconds
95.687: Application time: 0.0614110 seconds
95.691: [GC95.691: [ParNew: 37130K->4158K(37632K), 0.0014360 secs] 83975K->52068K(121024K), 0.0014680 secs] [Times: user=0.01 sys=0.00, real=0.00 secs] 
95.692: Total time for which application threads were stopped: 0.0048250 seconds, Stopping threads took: 0.0032910 seconds
95.754: Application time: 0.0613930 seconds
95.754: [GC95.754: [ParNew: 36797K->4151K(37632K), 0.0011690 secs] 84707K->52133K(121024K), 0.0012000 secs] [Times: user=0.01 sys=0.00, real=0.00 secs] 
95.755: Total time for which application threads were stopped: 0.0013370 seconds, Stopping threads took: 0.0000710 seconds
95.820: Application time: 0.0648840 seconds
95.820: [GC95.820: [ParNew: 37004K->3132K(37632K), 0.0007370 secs] 84986K->51113K(121024K), 0.0007640 secs] [Times: user=0.01 sys=0.00, real=0.00 secs] 
95.821: Total time for which application threads were stopped: 0.0008790 seconds, Stopping threads took: 0.0000670 seconds
95.878: Application time: 0.0573810 seconds
95.878: [GC95.878: [ParNew: 36461K->4120K(37632K), 0.0013530 secs] 84442K->53125K(121024K), 0.0013850 secs] [Times: user=0.01 sys=0.00, real=0.01 secs] 
95.880: Total time for which application threads were stopped: 0.0015100 seconds, Stopping threads took: 0.0000710 seconds
95.936: Application time: 0.0563240 seconds
95.936: [GC95.936: [ParNew: 36791K->4114K(37632K), 0.0019690 secs] 85796K->56191K(121024K), 0.0020050 secs] [Times: user=0.01 sys=0.00, real=0.00 secs] 
95.938: Total time for which application threads were stopped: 0.0021460 seconds, Stopping threads took: 0.0000860 seconds
95.999: Application time: 0.0613080 seconds
95.999: [GC96.000: [ParNew: 37040K->4112K(37632K), 0.0017210 secs] 89118K->58238K(121024K), 0.0017550 secs] [Times: user=0.01 sys=0.00, real=0.00 secs] 
96.001: Total time for which application threads were stopped: 0.0018960 seconds, Stopping threads took: 0.0000850 seconds
96.064: Application time: 0.0622770 seconds
96.064: [GC96.064: [ParNew: 37006K->4112K(37632K), 0.0016250 secs] 91132K->60286K(121024K), 0.0016620 secs] [Times: user=0.01 sys=0.00, real=0.00 secs] 
96.065: Total time for which application threads were stopped: 0.0018350 seconds, Stopping threads took: 0.0001140 seconds
96.129: Application time: 0.0632500 seconds
96.129: [GC96.129: [ParNew: 37172K->4158K(37632K), 0.0016690 secs] 93346K->60388K(121024K), 0.0016980 secs] [Times: user=0.01 sys=0.00, real=0.00 secs] 
96.131: Total time for which application threads were stopped: 0.0018560 seconds, Stopping threads took: 0.0001040 seconds
96.190: Application time: 0.0591970 seconds
96.190: [GC96.190: [ParNew: 36835K->4159K(37632K), 0.0013890 secs] 93065K->61477K(121024K), 0.0014230 secs] [Times: user=0.01 sys=0.00, real=0.01 secs] 
96.191: Total time for which application threads were stopped: 0.0015710 seconds, Stopping threads took: 0.0000940 seconds
96.251: Application time: 0.0595900 seconds
96.251: [GC96.251: [ParNew: 37100K->4152K(37632K), 0.0019580 secs] 94418K->64646K(121024K), 0.0019930 secs] [Times: user=0.01 sys=0.00, real=0.00 secs] 
96.253: Total time for which application threads were stopped: 0.0021320 seconds, Stopping threads took: 0.0000770 seconds
96.312: Application time: 0.0592800 seconds
96.312: [GC96.312: [ParNew: 37048K->4114K(37632K), 0.0020220 secs] 97542K->67752K(121024K), 0.0020540 secs] [Times: user=0.01 sys=0.00, real=0.00 secs] 
96.315: Total time for which application threads were stopped: 0.0022540 seconds, Stopping threads took: 0.0001440 seconds
96.380: Application time: 0.0654890 seconds
96.380: [GC96.380: [ParNew: 37269K->4155K(37632K), 0.0011320 secs] 100908K->67833K(121024K), 0.0011560 secs] [Times: user=0.01 sys=0.00, real=0.00 secs] 
96.381: Total time for which application threads were stopped: 0.0013290 seconds, Stopping threads took: 0.0001190 seconds
96.440: Application time: 0.0590710 seconds
96.441: [GC96.441: [ParNew: 36683K->4118K(37632K), 0.0011330 secs] 100361K->67852K(121024K), 0.0011640 secs] [Times: user=0.01 sys=0.00, real=0.00 secs] 
96.442: Total time for which application threads were stopped: 0.0013160 seconds, Stopping threads took: 0.0000960 seconds
96.506: Application time: 0.0647310 seconds
96.507: [GC96.507: [ParNew: 36986K->1083K(37632K), 0.0004310 secs] 100720K->64817K(121024K), 0.0004560 secs] [Times: user=0.00 sys=0.00, real=0.00 secs] 
96.507: Total time for which application threads were stopped: 0.0005910 seconds, Stopping threads took: 0.0000830 seconds
96.565: Application time: 0.0576810 seconds
96.565: [GC96.565: [ParNew: 34366K->4124K(37632K), 0.0010890 secs] 98100K->67858K(121024K), 0.0011210 secs] [Times: user=0.01 sys=0.00, real=0.00 secs] 
96.566: Total time for which application threads were stopped: 0.0012600 seconds, Stopping threads took: 0.0000820 seconds
96.621: Application time: 0.0545590 seconds
96.621: [GC96.621: [ParNew: 36785K->4114K(37632K), 0.0021020 secs] 100519K->70920K(121024K), 0.0021360 secs] [Times: user=0.02 sys=0.00, real=0.00 secs] 
96.623: Total time for which application threads were stopped: 0.0022690 seconds, Stopping threads took: 0.0000750 seconds
96.688: Application time: 0.0654480 seconds
96.688: [GC96.688: [ParNew: 37112K->4135K(37632K), 0.0014510 secs] 103919K->71965K(121024K), 0.0014840 secs] [Times: user=0.01 sys=0.00, real=0.00 secs] 
96.690: Total time for which application threads were stopped: 0.0016560 seconds, Stopping threads took: 0.0001140 seconds
96.750: Application time: 0.0598010 seconds
96.750: [GC96.750: [ParNew: 36856K->4121K(37632K), 0.0013800 secs] 104686K->72975K(121024K), 0.0014180 secs] [Times: user=0.01 sys=0.00, real=0.01 secs] 
96.751: Total time for which application threads were stopped: 0.0015410 seconds, Stopping threads took: 0.0000650 seconds
96.814: Application time: 0.0624880 seconds
96.814: [GC96.814: [ParNew: 37118K->3168K(37632K), 0.0008850 secs] 105972K->72022K(121024K), 0.0009150 secs] [Times: user=0.01 sys=0.00, real=0.00 secs] 
96.815: Total time for which application threads were stopped: 0.0010830 seconds, Stopping threads took: 0.0001060 seconds
96.882: Application time: 0.0667840 seconds
96.883: [GC96.883: [ParNew: 36450K->2174K(37632K), 0.0007750 secs] 105304K->71116K(121024K), 0.0008000 secs] [Times: user=0.01 sys=0.00, real=0.00 secs] 
96.884: Total time for which application threads were stopped: 0.0018290 seconds, Stopping threads took: 0.0009760 seconds
96.945: Application time: 0.0610780 seconds
96.945: [GC96.945: [ParNew: 35646K->4155K(37632K), 0.0013730 secs] 104588K->74238K(121024K), 0.0014030 secs] [Times: user=0.01 sys=0.00, real=0.00 secs] 
96.946: Total time for which application threads were stopped: 0.0015120 seconds, Stopping threads took: 0.0000550 seconds
97.006: Application time: 0.0603170 seconds
97.007: [GC97.007: [ParNew: 36922K->4115K(37632K), 0.0020390 secs] 107005K->77325K(121024K), 0.0020760 secs] [Times: user=0.01 sys=0.00, real=0.00 secs] 
97.009: Total time for which application threads were stopped: 0.0022000 seconds, Stopping threads took: 0.0000680 seconds
97.073: Application time: 0.0647680 seconds
97.074: [GC97.074: [ParNew: 37403K->4158K(37632K), 0.0017210 secs] 110613K->79440K(121024K), 0.0017560 secs] [Times: user=0.02 sys=0.00, real=0.00 secs] 
97.075: Total time for which application threads were stopped: 0.0019070 seconds, Stopping threads took: 0.0000930 seconds
97.137: Application time: 0.0617780 seconds
97.137: [GC97.137: [ParNew: 36924K->4152K(37632K), 0.0011630 secs] 112206K->79506K(121024K), 0.0011940 secs] [Times: user=0.01 sys=0.00, real=0.00 secs] 
97.138: Total time for which application threads were stopped: 0.0013400 seconds, Stopping threads took: 0.0000900 seconds
97.198: Application time: 0.0597080 seconds
97.198: [GC97.198: [ParNew: 37624K->4133K(37632K), 0.0014230 secs] 112978K->80511K(121024K), 0.0014560 secs] [Times: user=0.01 sys=0.00, real=0.01 secs] 
97.200: Total time for which application threads were stopped: 0.0015680 seconds, Stopping threads took: 0.0000570 seconds
97.260: Application time: 0.0602070 seconds
97.260: [GC97.260: [ParNew: 36787K->4116K(37632K), 0.0015830 secs] 113165K->82542K(121024K), 0.0016190 secs] [Times: user=0.01 sys=0.00, real=0.00 secs] 
97.262: Total time for which application threads were stopped: 0.0017640 seconds, Stopping threads took: 0.0000880 seconds
97.319: Application time: 0.0574930 seconds
97.319: [GC97.319: [ParNew: 36803K->4122K(37632K), 0.0017020 secs] 115230K->84596K(121024K), 0.0017330 secs] [Times: user=0.01 sys=0.00, real=0.00 secs] 
97.321: Total time for which application threads were stopped: 0.0018730 seconds, Stopping threads took: 0.0000770 seconds
97.382: Application time: 0.0608830 seconds
97.382: [GC97.382: [ParNew: 36969K->4113K(37632K), 0.0016480 secs] 117444K->86635K(121024K), 0.0016900 secs] [Times: user=0.01 sys=0.00, real=0.00 secs] 
97.384: Total time for which application threads were stopped: 0.0018280 seconds, Stopping threads took: 0.0000800 seconds
97.446: Application time: 0.0625390 seconds
97.446: [GC97.446: [ParNew: 37011K->4113K(37632K), 0.0014030 secs]97.448: [Tenured: 83546K->10205K(84420K), 0.0082050 secs] 119534K->10205K(122052K), [Perm : 5503K->5503K(21248K)], 0.0096870 secs] [Times: user=0.02 sys=0.00, real=0.01 secs] 
97.456: Total time for which application threads were stopped: 0.0098160 seconds, Stopping threads took: 0.0000650 seconds
97.519: Application time: 0.0626520 seconds
97.523: [GC97.523: [ParNew: 33101K->4156K(37632K), 0.0013460 secs] 43306K->15418K(121024K), 0.0013790 secs] [Times: user=0.00 sys=0.00, real=0.00 secs] 
97.524: Total time for which application threads were stopped: 0.0053120 seconds, Stopping threads took: 0.0038780 seconds
97.583: Application time: 0.0593650 seconds
97.584: [GC97.584: [ParNew: 37081K->4154K(37632K), 0.0014220 secs] 48343K->16560K(121024K), 0.0014560 secs] [Times: user=0.01 sys=0.00, real=0.00 secs] 
97.585: Total time for which application threads were stopped: 0.0016080 seconds, Stopping threads took: 0.0000950 seconds
97.649: Application time: 0.0642050 seconds
97.649: [GC97.649: [ParNew: 37167K->4145K(37632K), 0.0013100 secs] 49573K->17659K(121024K), 0.0013440 secs] [Times: user=0.01 sys=0.00, real=0.01 secs] 
97.651: Total time for which application threads were stopped: 0.0014690 seconds, Stopping threads took: 0.0000690 seconds
97.708: Application time: 0.0575250 seconds
97.708: [GC97.708: [ParNew: 36682K->4134K(37632K), 0.0014930 secs] 50196K->18736K(121024K), 0.0015250 secs] [Times: user=0.01 sys=0.00, real=0.00 secs] 
97.710: Total time for which application threads were stopped: 0.0016600 seconds, Stopping threads took: 0.0000770 seconds
97.772: Application time: 0.0620780 seconds
97.772: [GC97.772: [ParNew: 37101K->4156K(37632K), 0.0015800 secs] 51703K->20822K(121024K), 0.0016100 secs] [Times: user=0.01 sys=0.00, real=0.00 secs] 
97.774: Total time for which application threads were stopped: 0.0017680 seconds, Stopping threads took: 0.0001020 seconds
97.838: Application time: 0.0639530 seconds
97.838: [GC97.838: [ParNew: 37064K->3133K(37632K), 0.0008760 secs] 53730K->19863K(121024K), 0.0009050 secs] [Times: user=0.00 sys=0.00, real=0.01 secs] 
97.839: Total time for which application threads were stopped: 0.0010290 seconds, Stopping threads took: 0.0000610 seconds
97.897: Application time: 0.0583040 seconds
97.897: [GC97.897: [ParNew: 36432K->4118K(37632K), 0.0010310 secs] 53162K->20848K(121024K), 0.0010610 secs] [Times: user=0.01 sys=0.00, real=0.00 secs] 
97.898: Total time for which application threads were stopped: 0.0011750 seconds, Stopping threads took: 0.0000590 seconds
97.957: Application time: 0.0592010 seconds
97.958: [GC97.958: [ParNew: 36830K->4112K(37632K), 0.0018400 secs] 53560K->23914K(121024K), 0.0018740 secs] [Times: user=0.01 sys=0.00, real=0.01 secs] 
97.959: Total time for which application threads were stopped: 0.0020110 seconds, Stopping threads took: 0.0000810 seconds
98.017: Application time: 0.0573570 seconds
98.017: [GC98.017: [ParNew: 36791K->4115K(37632K), 0.0016660 secs] 56593K->25965K(121024K), 0.0016990 secs] [Times: user=0.01 sys=0.00, real=0.01 secs] 
98.019: Total time for which application threads were stopped: 0.0018210 seconds, Stopping threads took: 0.0000660 seconds
98.081: Application time: 0.0622950 seconds
98.081: [GC98.081: [ParNew: 37011K->4135K(37632K), 0.0010850 secs] 58861K->25986K(121024K), 0.0011140 secs] [Times: user=0.00 sys=0.00, real=0.00 secs] 
98.082: Total time for which application threads were stopped: 0.0012470 seconds, Stopping threads took: 0.0000790 seconds
98.146: Application time: 0.0636150 seconds
98.146: [GC98.146: [ParNew: 37059K->4128K(37632K), 0.0016280 secs] 58910K->28027K(121024K), 0.0016610 secs] [Times: user=0.01 sys=0.00, real=0.00 secs] 
98.148: Total time for which application threads were stopped: 0.0018010 seconds, Stopping threads took: 0.0000760 seconds
98.205: Application time: 0.0576700 seconds
98.205: [GC98.205: [ParNew: 36962K->4159K(37632K), 0.0014040 secs] 60861K->29106K(121024K), 0.0014350 secs] [Times: user=0.01 sys=0.00, real=0.00 secs] 
98.207: Total time for which application threads were stopped: 0.0015610 seconds, Stopping threads took: 0.0000700 seconds
98.269: Application time: 0.0625800 seconds
98.270: [GC98.270: [ParNew: 37247K->4154K(37632K), 0.0017410 secs] 62193K->31272K(121024K), 0.0017760 secs] [Times: user=0.01 sys=0.00, real=0.01 secs] 
98.271: Total time for which application threads were stopped: 0.0019110 seconds, Stopping threads took: 0.0000780 seconds
98.336: Application time: 0.0643950 seconds
98.336: [GC98.336: [ParNew: 37235K->4144K(37632K), 0.0012740 secs] 64354K->32374K(121024K), 0.0013060 secs] [Times: user=0.01 sys=0.00, real=0.00 secs] 
98.337: Total time for which application threads were stopped: 0.0014260 seconds, Stopping threads took: 0.0000640 seconds
98.396: Application time: 0.0586810 seconds
98.396: [GC98.396: [ParNew: 36780K->4132K(37632K), 0.0014660 secs] 65011K->33434K(121024K), 0.0014970 secs] [Times: user=0.01 sys=0.00, real=0.00 secs] 
98.397: Total time for which application threads were stopped: 0.0016290 seconds, Stopping threads took: 0.0000660 seconds
98.459: Application time: 0.0618470 seconds
98.459: [GC98.460: [ParNew: 37078K->4158K(37632K), 0.0016990 secs] 66380K->35556K(121024K), 0.0017340 secs] [Times: user=0.02 sys=0.00, real=0.00 secs] 
98.461: Total time for which application threads were stopped: 0.0019290 seconds, Stopping threads took: 0.0001360 seconds
98.523: Application time: 0.0618510 seconds
98.523: [GC98.523: [ParNew: 36910K->4149K(37632K), 0.0010470 secs] 68309K->35612K(121024K), 0.0010750 secs] [Times: user=0.01 sys=0.00, real=0.00 secs] 
98.524: Total time for which application threads were stopped: 0.0011980 seconds, Stopping threads took: 0.0000690 seconds
98.586: Application time: 0.0615110 seconds
98.586: [GC98.586: [ParNew: 36714K->4151K(37632K), 0.0010270 secs] 68176K->35613K(121024K), 0.0010590 secs] [Times: user=0.00 sys=0.00, real=0.00 secs] 
98.587: Total time for which application threads were stopped: 0.0011850 seconds, Stopping threads took: 0.0000710 seconds
98.645: Application time: 0.0579720 seconds
98.645: [GC98.645: [ParNew: 37620K->4132K(37632K), 0.0014010 secs] 69083K->36618K(121024K), 0.0014320 secs] [Times: user=0.01 sys=0.00, real=0.00 secs] 
98.647: Total time for which application threads were stopped: 0.0015550 seconds, Stopping threads took: 0.0000670 seconds
98.705: Application time: 0.0581810 seconds
98.705: [GC98.705: [ParNew: 36846K->4118K(37632K), 0.0016030 secs] 69332K->38653K(121024K), 0.0016340 secs] [Times: user=0.01 sys=0.00, real=0.00 secs] 
98.706: Total time for which application threads were stopped: 0.0017650 seconds, Stopping threads took: 0.0000760 seconds
98.768: Application time: 0.0615760 seconds
98.771: [GC98.771: [ParNew: 36971K->4128K(37632K), 0.0017180 secs] 71506K->40711K(121024K), 0.0017530 secs] [Times: user=0.01 sys=0.00, real=0.00 secs] 
98.773: Total time for which application threads were stopped: 0.0044700 seconds, Stopping threads took: 0.0026590 seconds
98.834: Application time: 0.0615140 seconds
98.835: [GC98.835: [ParNew: 36964K->4122K(37632K), 0.0013210 secs] 73547K->41729K(121024K), 0.0013520 secs] [Times: user=0.01 sys=0.00, real=0.00 secs] 
98.836: Total time for which application threads were stopped: 0.0020670 seconds, Stopping threads took: 0.0006610 seconds
98.896: Application time: 0.0597460 seconds
98.896: [GC98.896: [ParNew: 37131K->4154K(37632K), 0.0017570 secs] 74738K->43841K(121024K), 0.0017880 secs] [Times: user=0.01 sys=0.00, real=0.00 secs] 
98.898: Total time for which application threads were stopped: 0.0019580 seconds, Stopping threads took: 0.0001140 seconds
98.960: Application time: 0.0624780 seconds
98.960: [GC98.961: [ParNew: 37252K->4155K(37632K), 0.0014980 secs] 76939K->44954K(121024K), 0.0015400 secs] [Times: user=0.01 sys=0.00, real=0.00 secs] 
98.962: Total time for which application threads were stopped: 0.0017480 seconds, Stopping threads took: 0.0001400 seconds
99.025: Application time: 0.0630340 seconds
99.025: [GC99.025: [ParNew: 37244K->4158K(37632K), 0.0013560 secs] 78043K->46073K(121024K), 0.0013860 secs] [Times: user=0.01 sys=0.00, real=0.00 secs] 
99.027: Total time for which application threads were stopped: 0.0015190 seconds, Stopping threads took: 0.0000720 seconds
99.086: Application time: 0.0592960 seconds
99.086: [GC99.086: [ParNew: 36815K->4114K(37632K), 0.0014400 secs] 78730K->47109K(121024K), 0.0014720 secs] [Times: user=0.01 sys=0.00, real=0.00 secs] 
99.088: Total time for which application threads were stopped: 0.0016290 seconds, Stopping threads took: 0.0000990 seconds
99.152: Application time: 0.0647760 seconds
99.152: [GC99.152: [ParNew: 37248K->4154K(37632K), 0.0012170 secs] 80243K->47181K(121024K), 0.0012430 secs] [Times: user=0.01 sys=0.00, real=0.00 secs] 
99.154: Total time for which application threads were stopped: 0.0013590 seconds, Stopping threads took: 0.0000660 seconds
99.214: Application time: 0.0605030 seconds
99.214: [GC99.214: [ParNew: 36776K->4154K(37632K), 0.0011510 secs] 79803K->47229K(121024K), 0.0011810 secs] [Times: user=0.01 sys=0.00, real=0.00 secs] 
99.216: Total time for which application threads were stopped: 0.0013440 seconds, Stopping threads took: 0.0001070 seconds
99.276: Application time: 0.0601850 seconds
99.276: [GC99.276: [ParNew: 37626K->4149K(37632K), 0.0014070 secs] 80701K->48248K(121024K), 0.0014420 secs] [Times: user=0.01 sys=0.00, real=0.00 secs] 
99.277: Total time for which application threads were stopped: 0.0015770 seconds, Stopping threads took: 0.0000770 seconds
99.337: Application time: 0.0597220 seconds
99.337: [GC99.337: [ParNew: 37621K->4139K(37632K), 0.0010700 secs] 81720K->48239K(121024K), 0.0010950 secs] [Times: user=0.01 sys=0.00, real=0.00 secs] 
99.338: Total time for which application threads were stopped: 0.0012110 seconds, Stopping threads took: 0.0000640 seconds
99.396: Application time: 0.0577620 seconds
99.396: [GC99.396: [ParNew: 36812K->4112K(37632K), 0.0019930 secs] 80911K->51283K(121024K), 0.0020280 secs] [Times: user=0.02 sys=0.00, real=0.00 secs] 
99.398: Total time for which application threads were stopped: 0.0021620 seconds, Stopping threads took: 0.0000760 seconds
99.460: Application time: 0.0615850 seconds
99.460: [GC99.460: [ParNew: 36971K->4130K(37632K), 0.0016420 secs] 84142K->53349K(121024K), 0.0016750 secs] [Times: user=0.01 sys=0.00, real=0.00 secs] 
99.462: Total time for which application threads were stopped: 0.0017980 seconds, Stopping threads took: 0.0000650 seconds
99.523: Application time: 0.0617120 seconds
99.523: [GC99.523: [ParNew: 36963K->4113K(37632K), 0.0016460 secs] 86182K->55381K(121024K), 0.0016770 secs] [Times: user=0.01 sys=0.00, real=0.00 secs] 
99.525: Total time for which application threads were stopped: 0.0018150 seconds, Stopping threads took: 0.0000720 seconds
99.587: Application time: 0.0616700 seconds
99.587: [GC99.587: [ParNew: 37228K->4159K(37632K), 0.0016490 secs] 88495K->57490K(121024K), 0.0016820 secs] [Times: user=0.02 sys=0.00, real=0.00 secs] 
99.589: Total time for which application threads were stopped: 0.0018270 seconds, Stopping threads took: 0.0000900 seconds
99.650: Application time: 0.0618540 seconds
99.651: [GC99.651: [ParNew: 37316K->4151K(37632K), 0.0020440 secs] 90648K->60642K(121024K), 0.0020770 secs] [Times: user=0.01 sys=0.00, real=0.01 secs] 
99.653: Total time for which application threads were stopped: 0.0022110 seconds, Stopping threads took: 0.0000780 seconds
99.712: Application time: 0.0597930 seconds
99.713: [GC99.713: [ParNew: 37111K->4154K(37632K), 0.0017020 secs] 93602K->62805K(121024K), 0.0017350 secs] [Times: user=0.01 sys=0.00, real=0.00 secs] 
99.714: Total time for which application threads were stopped: 0.0018930 seconds, Stopping threads took: 0.0001010 seconds
99.779: Application time: 0.0647030 seconds
99.779: [GC99.779: [ParNew: 37102K->4112K(37632K), 0.0017410 secs] 95753K->64867K(121024K), 0.0017800 secs] [Times: user=0.01 sys=0.00, real=0.00 secs] 
99.781: Total time for which application threads were stopped: 0.0019300 seconds, Stopping threads took: 0.0000950 seconds
99.843: Application time: 0.0615700 seconds
99.843: [GC99.843: [ParNew: 37066K->4158K(37632K), 0.0014900 secs] 97822K->65969K(121024K), 0.0015220 secs] [Times: user=0.01 sys=0.00, real=0.00 secs] 
99.844: Total time for which application threads were stopped: 0.0016750 seconds, Stopping threads took: 0.0000960 seconds
99.909: Application time: 0.0646690 seconds
99.909: [GC99.909: [ParNew: 37112K->4158K(37632K), 0.0011870 secs] 98923K->66045K(121024K), 0.0012170 secs] [Times: user=0.01 sys=0.00, real=0.00 secs] 
99.910: Total time for which application threads were stopped: 0.0013440 seconds, Stopping threads took: 0.0000730 seconds
99.972: Application time: 0.0616890 seconds
99.972: [GC99.972: [ParNew: 36705K->3140K(37632K), 0.0009220 secs] 98593K->65028K(121024K), 0.0009520 secs] [Times: user=0.01 sys=0.00, real=0.00 secs] 
99.973: Total time for which application threads were stopped: 0.0010690 seconds, Stopping threads took: 0.0000630 seconds
100.029: Application time: 0.0558600 seconds
100.029: [GC100.029: [ParNew: 36157K->4132K(37632K), 0.0013940 secs] 98045K->67044K(121024K), 0.0014250 secs] [Times: user=0.01 sys=0.00, real=0.00 secs] 
100.030: Total time for which application threads were stopped: 0.0015600 seconds, Stopping threads took: 0.0000720 seconds
100.085: Application time: 0.0545620 seconds
100.085: [GC100.085: [ParNew: 36626K->4132K(37632K), 0.0017050 secs] 99538K->69092K(121024K), 0.0017400 secs] [Times: user=0.02 sys=0.00, real=0.00 secs] 
100.087: Total time for which application threads were stopped: 0.0018620 seconds, Stopping threads took: 0.0000630 seconds
100.150: Application time: 0.0629680 seconds
100.150: [GC100.150: [ParNew: 37027K->4115K(37632K), 0.0014260 secs] 101986K->70098K(121024K), 0.0014600 secs] [Times: user=0.01 sys=0.00, real=0.01 secs] 
100.151: Total time for which application threads were stopped: 0.0015750 seconds, Stopping threads took: 0.0000570 seconds
100.210: Application time: 0.0585960 seconds
100.210: [GC100.210: [ParNew: 36899K->4112K(37632K), 0.0020030 secs] 102883K->73168K(121024K), 0.0020390 secs] [Times: user=0.01 sys=0.00, real=0.01 secs] 
100.212: Total time for which application threads were stopped: 0.0021760 seconds, Stopping threads took: 0.0000800 seconds
100.276: Application time: 0.0634280 seconds
100.276: [GC100.276: [ParNew: 37341K->4152K(37632K), 0.0020730 secs] 106397K->76296K(121024K), 0.0021080 secs] [Times: user=0.02 sys=0.00, real=0.00 secs] 
100.278: Total time for which application threads were stopped: 0.0022570 seconds, Stopping threads took: 0.0000900 seconds
100.338: Application time: 0.0599020 seconds
100.338: [GC100.338: [ParNew: 37236K->4156K(37632K), 0.0020310 secs] 109380K->79468K(121024K), 0.0020670 secs] [Times: user=0.02 sys=0.00, real=0.01 secs] 
100.340: Total time for which application threads were stopped: 0.0021950 seconds, Stopping threads took: 0.0000700 seconds
100.404: Application time: 0.0638640 seconds
100.404: [GC100.404: [ParNew: 37306K->4155K(37632K), 0.0016510 secs] 112618K->81623K(121024K), 0.0016850 secs] [Times: user=0.01 sys=0.00, real=0.00 secs] 
100.406: Total time for which application threads were stopped: 0.0018130 seconds, Stopping threads took: 0.0000700 seconds
100.469: Application time: 0.0631960 seconds
100.469: [GC100.469: [ParNew: 37052K->4129K(37632K), 0.0015240 secs] 114520K->82697K(121024K), 0.0015550 secs] [Times: user=0.01 sys=0.00, real=0.00 secs] 
100.471: Total time for which application threads were stopped: 0.0017090 seconds, Stopping threads took: 0.0000960 seconds
100.534: Application time: 0.0634810 seconds
100.534: [GC100.534: [ParNew: 37153K->4156K(37632K), 0.0014560 secs] 115722K->83764K(121024K), 0.0014920 secs] [Times: user=0.01 sys=0.00, real=0.00 secs] 
100.536: Total time for which application threads were stopped: 0.0016380 seconds, Stopping threads took: 0.0000820 seconds
100.597: Application time: 0.0614620 seconds
100.597: [GC100.597: [ParNew: 36623K->2111K(37632K), 0.0006810 secs] 116231K->81799K(121024K), 0.0007220 secs] [Times: user=0.01 sys=0.00, real=0.00 secs] 
100.598: Total time for which application threads were stopped: 0.0008490 seconds, Stopping threads took: 0.0000740 seconds
100.659: Application time: 0.0608170 seconds
100.659: [GC100.659: [ParNew: 35583K->3094K(37632K), 0.0009130 secs] 115271K->82782K(121024K), 0.0009430 secs] [Times: user=0.01 sys=0.00, real=0.00 secs] 
100.660: Total time for which application threads were stopped: 0.0010470 seconds, Stopping threads took: 0.0000520 seconds
100.717: Application time: 0.0569500 seconds
100.717: [GC100.717: [ParNew: 35571K->4117K(37632K), 0.0015280 secs] 115259K->84829K(121024K), 0.0015570 secs] [Times: user=0.01 sys=0.00, real=0.00 secs] 
100.718: Total time for which application threads were stopped: 0.0016710 seconds, Stopping threads took: 0.0000590 seconds
100.776: Application time: 0.0579890 seconds
100.777: [GC100.777: [ParNew: 36722K->4135K(37632K), 0.0015050 secs] 117434K->85871K(121024K), 0.0015380 secs] [Times: user=0.01 sys=0.00, real=0.00 secs] 
100.778: Total time for which application threads were stopped: 0.0016710 seconds, Stopping threads took: 0.0000750 seconds
100.839: Application time: 0.0610040 seconds
100.839: [GC100.839: [ParNew: 36896K->4132K(37632K), 0.0016140 secs]100.841: [Tenured: 83784K->9688K(84420K), 0.0085040 secs] 118632K->9688K(122052K), [Perm : 5504K->5504K(21248K)], 0.0102050 secs] [Times: user=0.02 sys=0.00, real=0.00 secs] 
100.849: Total time for which application threads were stopped: 0.0103490 seconds, Stopping threads took: 0.0000810 seconds
100.908: Application time: 0.0582470 seconds
100.908: [GC100.908: [ParNew: 32748K->4114K(37632K), 0.0019480 secs] 42437K->16875K(121024K), 0.0019830 secs] [Times: user=0.02 sys=0.00, real=0.00 secs] 
100.910: Total time for which application threads were stopped: 0.0021130 seconds, Stopping threads took: 0.0000730 seconds
100.972: Application time: 0.0623710 seconds
100.972: [GC100.972: [ParNew: 37311K->4154K(37632K), 0.0016980 secs] 50072K->18987K(121024K), 0.0017310 secs] [Times: user=0.02 sys=0.00, real=0.00 secs] 
100.974: Total time for which application threads were stopped: 0.0018660 seconds, Stopping threads took: 0.0000800 seconds
101.035: Application time: 0.0605470 seconds
101.035: [GC101.035: [ParNew: 37245K->4154K(37632K), 0.0019720 secs] 52078K->22155K(121024K), 0.0020070 secs] [Times: user=0.02 sys=0.00, real=0.00 secs] 
101.037: Total time for which application threads were stopped: 0.0021600 seconds, Stopping threads took: 0.0000870 seconds
101.100: Application time: 0.0633990 seconds
101.100: [GC101.100: [ParNew: 37354K->4159K(37632K), 0.0020060 secs] 55355K->25336K(121024K), 0.0020380 secs] [Times: user=0.02 sys=0.00, real=0.00 secs] 
101.102: Total time for which application threads were stopped: 0.0021820 seconds, Stopping threads took: 0.0000870 seconds
101.166: Application time: 0.0638850 seconds
101.171: [GC101.171: [ParNew: 37073K->4112K(37632K), 0.0014990 secs] 58250K->26402K(121024K), 0.0015320 secs] [Times: user=0.01 sys=0.00, real=0.00 secs] 
101.172: Total time for which application threads were stopped: 0.0059740 seconds, Stopping threads took: 0.0043830 seconds
101.236: Application time: 0.0637490 seconds
101.239: [GC101.239: [ParNew: 37196K->4157K(37632K), 0.0012980 secs] 59485K->26478K(121024K), 0.0013300 secs] [Times: user=0.01 sys=0.00, real=0.00 secs] 
101.240: Total time for which application threads were stopped: 0.0041940 seconds, Stopping threads took: 0.0027890 seconds
101.301: Application time: 0.0611260 seconds
101.302: [GC101.302: [ParNew: 37625K->3129K(37632K), 0.0008990 secs] 59946K->25515K(121024K), 0.0009300 secs] [Times: user=0.01 sys=0.00, real=0.00 secs] 
101.302: Total time for which application threads were stopped: 0.0011280 seconds, Stopping threads took: 0.0001340 seconds
101.363: Application time: 0.0605370 seconds
101.363: [GC101.363: [ParNew: 36601K->4142K(37632K), 0.0010790 secs] 58987K->26527K(121024K), 0.0011180 secs] [Times: user=0.01 sys=0.00, real=0.00 secs] 
101.364: Total time for which application threads were stopped: 0.0012330 seconds, Stopping threads took: 0.0000600 seconds
101.422: Application time: 0.0576330 seconds
101.422: [GC101.422: [ParNew: 36734K->4134K(37632K), 0.0017170 secs] 59119K->28568K(121024K), 0.0017490 secs] [Times: user=0.01 sys=0.00, real=0.00 secs] 
101.424: Total time for which application threads were stopped: 0.0018820 seconds, Stopping threads took: 0.0000760 seconds
101.483: Application time: 0.0594140 seconds
101.483: [GC101.483: [ParNew: 36743K->4136K(37632K), 0.0013240 secs] 61177K->29593K(121024K), 0.0013540 secs] [Times: user=0.01 sys=0.00, real=0.00 secs] 
101.485: Total time for which application threads were stopped: 0.0014810 seconds, Stopping threads took: 0.0000680 seconds
101.548: Application time: 0.0629700 seconds
101.548: [GC101.548: [ParNew: 36853K->4129K(37632K), 0.0016090 secs] 62311K->31634K(121024K), 0.0016400 secs] [Times: user=0.01 sys=0.00, real=0.00 secs] 
101.549: Total time for which application threads were stopped: 0.0017750 seconds, Stopping threads took: 0.0000720 seconds
101.606: Application time: 0.0568750 seconds
101.606: [GC101.606: [ParNew: 36809K->4114K(37632K), 0.0016100 secs] 64314K->33667K(121024K), 0.0016460 secs] [Times: user=0.01 sys=0.00, real=0.00 secs] 
101.608: Total time for which application threads were stopped: 0.0017680 seconds, Stopping threads took: 0.0000630 seconds
101.670: Application time: 0.0620110 seconds
101.670: [GC101.670: [ParNew: 37295K->4154K(37632K), 0.0019850 secs] 66849K->36795K(121024K), 0.0020190 secs] [Times: user=0.01 sys=0.00, real=0.01 secs] 
101.672: Total time for which application threads were stopped: 0.0021560 seconds, Stopping threads took: 0.0000810 seconds
101.733: Application time: 0.0608610 seconds
101.733: [GC101.733: [ParNew: 37255K->4150K(37632K), 0.0020530 secs] 69896K->39967K(121024K), 0.0020860 secs] [Times: user=0.01 sys=0.00, real=0.00 secs] 
101.735: Total time for which application threads were stopped: 0.0022210 seconds, Stopping threads took: 0.0000780 seconds
101.798: Application time: 0.0628600 seconds
101.798: [GC101.798: [ParNew: 37315K->4156K(37632K), 0.0018980 secs] 73133K->43158K(121024K), 0.0019320 secs] [Times: user=0.01 sys=0.00, real=0.01 secs] 
101.800: Total time for which application threads were stopped: 0.0020680 seconds, Stopping threads took: 0.0000760 seconds
101.864: Application time: 0.0636050 seconds
101.864: [GC101.864: [ParNew: 37117K->4128K(37632K), 0.0017630 secs] 76119K->45274K(121024K), 0.0017940 secs] [Times: user=0.02 sys=0.00, real=0.00 secs] 
101.866: Total time for which application threads were stopped: 0.0019590 seconds, Stopping threads took: 0.0001060 seconds
101.930: Application time: 0.0640890 seconds
101.930: [GC101.930: [ParNew: 37221K->4159K(37632K), 0.0015090 secs] 78367K->46373K(121024K), 0.0015420 secs] [Times: user=0.01 sys=0.00, real=0.01 secs] 
101.932: Total time for which application threads were stopped: 0.0016970 seconds, Stopping threads took: 0.0000970 seconds
101.996: Application time: 0.0640550 seconds
101.996: [GC101.996: [ParNew: 36960K->2125K(37632K), 0.0006870 secs] 79174K->44411K(121024K), 0.0007150 secs] [Times: user=0.01 sys=0.00, real=0.00 secs] 
101.996: Total time for which application threads were stopped: 0.0008560 seconds, Stopping threads took: 0.0000880 seconds
102.054: Application time: 0.0578500 seconds
102.059: [GC102.059: [ParNew: 35185K->3102K(37632K), 0.0009820 secs] 77471K->45388K(121024K), 0.0010140 secs] [Times: user=0.00 sys=0.00, real=0.00 secs] 
102.060: Total time for which application threads were stopped: 0.0053860 seconds, Stopping threads took: 0.0043100 seconds
102.119: Application time: 0.0592930 seconds
102.119: [GC102.119: [ParNew: 35760K->4136K(37632K), 0.0016380 secs] 78046K->48470K(121024K), 0.0016700 secs] [Times: user=0.01 sys=0.00, real=0.00 secs] 
102.121: Total time for which application threads were stopped: 0.0018940 seconds, Stopping threads took: 0.0001680 seconds
102.178: Application time: 0.0566470 seconds
102.178: [GC102.178: [ParNew: 37600K->4119K(37632K), 0.0013990 secs] 81934K->49477K(121024K), 0.0014380 secs] [Times: user=0.01 sys=0.00, real=0.01 secs] 
102.179: Total time for which application threads were stopped: 0.0015610 seconds, Stopping threads took: 0.0000660 seconds
102.241: Application time: 0.0620200 seconds
102.241: [GC102.241: [ParNew: 37023K->4116K(37632K), 0.0016290 secs] 82381K->51522K(121024K), 0.0016620 secs] [Times: user=0.01 sys=0.00, real=0.00 secs] 
102.243: Total time for which application threads were stopped: 0.0018080 seconds, Stopping threads took: 0.0000890 seconds
102.302: Application time: 0.0587190 seconds
102.302: [GC102.302: [ParNew: 36783K->4121K(37632K), 0.0016410 secs] 84189K->53575K(121024K), 0.0016760 secs] [Times: user=0.02 sys=0.00, real=0.00 secs] 
102.304: Total time for which application threads were stopped: 0.0018510 seconds, Stopping threads took: 0.0001170 seconds
102.365: Application time: 0.0617650 seconds
102.365: [GC102.365: [ParNew: 37235K->4156K(37632K), 0.0017680 secs] 86689K->55674K(121024K), 0.0018030 secs] [Times: user=0.01 sys=0.00, real=0.00 secs] 
102.367: Total time for which application threads were stopped: 0.0019340 seconds, Stopping threads took: 0.0000750 seconds
102.429: Application time: 0.0619790 seconds
102.429: [GC102.429: [ParNew: 37275K->4152K(37632K), 0.0019250 secs] 88794K->58830K(121024K), 0.0019620 secs] [Times: user=0.01 sys=0.00, real=0.01 secs] 
102.431: Total time for which application threads were stopped: 0.0021160 seconds, Stopping threads took: 0.0000940 seconds
102.495: Application time: 0.0632150 seconds
102.495: [GC102.495: [ParNew: 37312K->4157K(37632K), 0.0017360 secs] 91990K->60979K(121024K), 0.0017690 secs] [Times: user=0.01 sys=0.00, real=0.00 secs] 
102.496: Total time for which application threads were stopped: 0.0019080 seconds, Stopping threads took: 0.0000810 seconds
102.558: Application time: 0.0620280 seconds
102.559: [GC102.559: [ParNew: 37041K->4112K(37632K), 0.0017880 secs] 93864K->63055K(121024K), 0.0018220 secs] [Times: user=0.01 sys=0.00, real=0.00 secs] 
102.560: Total time for which application threads were stopped: 0.0019710 seconds, Stopping threads took: 0.0000900 seconds
102.625: Application time: 0.0641320 seconds
102.625: [GC102.625: [ParNew: 37244K->4158K(37632K), 0.0014510 secs] 96186K->64176K(121024K), 0.0014840 secs] [Times: user=0.01 sys=0.00, real=0.00 secs] 
102.626: Total time for which application threads were stopped: 0.0016380 seconds, Stopping threads took: 0.0000880 seconds
102.688: Application time: 0.0620540 seconds
102.688: [GC102.688: [ParNew: 36814K->3123K(37632K), 0.0010280 secs] 96833K->63197K(121024K), 0.0010580 secs] [Times: user=0.01 sys=0.00, real=0.00 secs] 
102.690: Total time for which application threads were stopped: 0.0012040 seconds, Stopping threads took: 0.0000910 seconds
102.751: Application time: 0.0613150 seconds
102.751: [GC102.751: [ParNew: 36595K->4153K(37632K), 0.0011060 secs] 96669K->64227K(121024K), 0.0011360 secs] [Times: user=0.01 sys=0.00, real=0.00 secs] 
102.752: Total time for which application threads were stopped: 0.0012490 seconds, Stopping threads took: 0.0000590 seconds
102.812: Application time: 0.0601980 seconds
102.812: [GC102.812: [ParNew: 37625K->4135K(37632K), 0.0014410 secs] 97699K->65234K(121024K), 0.0014710 secs] [Times: user=0.01 sys=0.00, real=0.00 secs] 
102.814: Total time for which application threads were stopped: 0.0016130 seconds, Stopping threads took: 0.0000890 seconds
102.871: Application time: 0.0575670 seconds
102.872: [GC102.872: [ParNew: 36721K->4132K(37632K), 0.0014650 secs] 97819K->66254K(121024K), 0.0014970 secs] [Times: user=0.01 sys=0.00, real=0.00 secs] 
102.873: Total time for which application threads were stopped: 0.0016180 seconds, Stopping threads took: 0.0000680 seconds
102.933: Application time: 0.0596260 seconds
102.933: [GC102.933: [ParNew: 36866K->4113K(37632K), 0.0014450 secs] 98988K->67259K(121024K), 0.0014750 secs] [Times: user=0.00 sys=0.00, real=0.00 secs] 
102.934: Total time for which application threads were stopped: 0.0016270 seconds, Stopping threads took: 0.0000860 seconds
102.995: Application time: 0.0604630 seconds
102.995: [GC102.995: [ParNew: 36793K->4128K(37632K), 0.0016860 secs] 99939K->69323K(121024K), 0.0017180 secs] [Times: user=0.01 sys=0.00, real=0.00 secs] 
102.997: Total time for which application threads were stopped: 0.0018350 seconds, Stopping threads took: 0.0000580 seconds
103.058: Application time: 0.0613370 seconds
103.058: [GC103.058: [ParNew: 37219K->4157K(37632K), 0.0014320 secs] 102413K->70392K(121024K), 0.0014630 secs] [Times: user=0.01 sys=0.00, real=0.01 secs] 
103.060: Total time for which application threads were stopped: 0.0016030 seconds, Stopping threads took: 0.0000860 seconds
103.119: Application time: 0.0594440 seconds
103.119: [GC103.119: [ParNew: 37226K->4154K(37632K), 0.0020590 secs] 103460K->73549K(121024K), 0.0020930 secs] [Times: user=0.01 sys=0.00, real=0.00 secs] 
103.121: Total time for which application threads were stopped: 0.0022130 seconds, Stopping threads took: 0.0000620 seconds
103.184: Application time: 0.0623880 seconds
103.184: [GC103.184: [ParNew: 37307K->4154K(37632K), 0.0019930 secs] 106702K->76725K(121024K), 0.0020270 secs] [Times: user=0.02 sys=0.00, real=0.00 secs] 
103.186: Total time for which application threads were stopped: 0.0021930 seconds, Stopping threads took: 0.0001020 seconds
103.249: Application time: 0.0629380 seconds
103.249: [GC103.249: [ParNew: 37092K->4112K(37632K), 0.0020090 secs] 109663K->79843K(121024K), 0.0020420 secs] [Times: user=0.01 sys=0.00, real=0.01 secs] 
103.251: Total time for which application threads were stopped: 0.0022070 seconds, Stopping threads took: 0.0001090 seconds
103.314: Application time: 0.0626540 seconds
103.314: [GC103.314: [ParNew: 37168K->4152K(37632K), 0.0017640 secs] 112899K->81963K(121024K), 0.0017960 secs] [Times: user=0.01 sys=0.00, real=0.00 secs] 
103.316: Total time for which application threads were stopped: 0.0019250 seconds, Stopping threads took: 0.0000730 seconds
103.379: Application time: 0.0638200 seconds
103.380: [GC103.380: [ParNew: 36976K->4116K(37632K), 0.0011880 secs] 114787K->81999K(121024K), 0.0012180 secs] [Times: user=0.01 sys=0.00, real=0.00 secs] 
103.381: Total time for which application threads were stopped: 0.0013960 seconds, Stopping threads took: 0.0001230 seconds
103.443: Application time: 0.0625420 seconds
103.443: [GC103.443: [ParNew: 36659K->2104K(37632K), 0.0006960 secs] 114542K->79987K(121024K), 0.0007240 secs] [Times: user=0.01 sys=0.00, real=0.00 secs] 
103.444: Total time for which application threads were stopped: 0.0008490 seconds, Stopping threads took: 0.0000720 seconds
103.506: Application time: 0.0613490 seconds
103.506: [GC103.506: [ParNew: 35576K->4133K(37632K), 0.0029270 secs] 113459K->83040K(121024K), 0.0029630 secs] [Times: user=0.00 sys=0.00, real=0.00 secs] 
103.509: Total time for which application threads were stopped: 0.0030800 seconds, Stopping threads took: 0.0000610 seconds
103.566: Application time: 0.0577740 seconds
103.567: [GC103.567: [ParNew: 37583K->4112K(37632K), 0.0014580 secs] 116490K->84043K(121024K), 0.0014920 secs] [Times: user=0.01 sys=0.00, real=0.00 secs] 
103.568: Total time for which application threads were stopped: 0.0016380 seconds, Stopping threads took: 0.0000900 seconds
103.627: Application time: 0.0586850 seconds
103.627: [GC103.627: [ParNew: 36931K->4111K(37632K), 0.0017300 secs] 116862K->86090K(121024K), 0.0017620 secs] [Times: user=0.00 sys=0.00, real=0.00 secs] 
103.629: Total time for which application threads were stopped: 0.0019160 seconds, Stopping threads took: 0.0000970 seconds
103.690: Application time: 0.0615550 seconds
103.690: [GC103.690: [ParNew: 36904K->4134K(37632K), 0.0014200 secs] 118883K->87137K(121024K), 0.0014530 secs] [Times: user=0.01 sys=0.00, real=0.01 secs] 
103.692: Total time for which application threads were stopped: 0.0016120 seconds, Stopping threads took: 0.0000930 seconds
103.753: Application time: 0.0608190 seconds
103.753: [GC103.753: [ParNew: 37050K->4150K(37632K), 0.0011220 secs] 120053K->87185K(121024K), 0.0011600 secs] [Times: user=0.01 sys=0.00, real=0.00 secs] 
103.754: Total time for which application threads were stopped: 0.0012840 seconds, Stopping threads took: 0.0000690 seconds
103.814: Application time: 0.0604890 seconds
103.819: [GC103.819: [ParNew: 37306K->4156K(37632K), 0.0017440 secs]103.820: [Tenured: 85195K->9876K(85448K), 0.0080350 secs] 120342K->9876K(123080K), [Perm : 5504K->5504K(21248K)], 0.0099300 secs] [Times: user=0.02 sys=0.00, real=0.00 secs] 
103.829: Total time for which application threads were stopped: 0.0142860 seconds, Stopping threads took: 0.0042700 seconds
103.890: Application time: 0.0608920 seconds
103.890: [GC103.890: [ParNew: 33005K->4140K(37632K), 0.0017320 secs] 42881K->16064K(121024K), 0.0017650 secs] [Times: user=0.02 sys=0.00, real=0.01 secs] 
103.891: Total time for which application threads were stopped: 0.0018950 seconds, Stopping threads took: 0.0000730 seconds
103.956: Application time: 0.0648210 seconds
103.956: [GC103.956: [ParNew: 37147K->4114K(37632K), 0.0018460 secs] 49071K->19174K(121024K), 0.0018790 secs] [Times: user=0.01 sys=0.00, real=0.00 secs] 
103.958: Total time for which application threads were stopped: 0.0020080 seconds, Stopping threads took: 0.0000720 seconds
104.019: Application time: 0.0605250 seconds
104.019: [GC104.019: [ParNew: 37070K->4154K(37632K), 0.0011950 secs] 52130K->19246K(121024K), 0.0012270 secs] [Times: user=0.01 sys=0.00, real=0.00 secs] 
104.020: Total time for which application threads were stopped: 0.0013700 seconds, Stopping threads took: 0.0000860 seconds
104.083: Application time: 0.0626000 seconds
104.083: [GC104.083: [ParNew: 36906K->4148K(37632K), 0.0011200 secs] 51998K->19296K(121024K), 0.0011530 secs] [Times: user=0.01 sys=0.00, real=0.00 secs] 
104.084: Total time for which application threads were stopped: 0.0012720 seconds, Stopping threads took: 0.0000620 seconds
104.144: Application time: 0.0600350 seconds
104.144: [GC104.144: [ParNew: 37620K->4131K(37632K), 0.0013880 secs] 52768K->20304K(121024K), 0.0014200 secs] [Times: user=0.01 sys=0.00, real=0.00 secs] 
104.146: Total time for which application threads were stopped: 0.0015460 seconds, Stopping threads took: 0.0000720 seconds
104.211: Application time: 0.0654480 seconds
104.211: [GC104.211: [ParNew: 37068K->3130K(37632K), 0.0008550 secs] 53240K->19302K(121024K), 0.0008840 secs] [Times: user=0.01 sys=0.00, real=0.00 secs] 
104.212: Total time for which application threads were stopped: 0.0010320 seconds, Stopping threads took: 0.0000840 seconds
104.268: Application time: 0.0554010 seconds
104.268: [GC104.268: [ParNew: 36317K->4122K(37632K), 0.0012880 secs] 52489K->21318K(121024K), 0.0013190 secs] [Times: user=0.01 sys=0.00, real=0.00 secs] 
104.269: Total time for which application threads were stopped: 0.0014470 seconds, Stopping threads took: 0.0000710 seconds
104.328: Application time: 0.0594120 seconds
104.329: [GC104.329: [ParNew: 36964K->4110K(37632K), 0.0020810 secs] 54160K->24378K(121024K), 0.0021160 secs] [Times: user=0.01 sys=0.01, real=0.01 secs] 
104.331: Total time for which application threads were stopped: 0.0022480 seconds, Stopping threads took: 0.0000740 seconds
104.391: Application time: 0.0607020 seconds
104.391: [GC104.391: [ParNew: 36862K->4130K(37632K), 0.0015450 secs] 57131K->26446K(121024K), 0.0015800 secs] [Times: user=0.01 sys=0.00, real=0.00 secs] 
104.393: Total time for which application threads were stopped: 0.0017090 seconds, Stopping threads took: 0.0000700 seconds
104.454: Application time: 0.0609050 seconds
104.454: [GC104.454: [ParNew: 37114K->4158K(37632K), 0.0013890 secs] 59430K->27530K(121024K), 0.0014220 secs] [Times: user=0.01 sys=0.00, real=0.00 secs] 
104.456: Total time for which application threads were stopped: 0.0015570 seconds, Stopping threads took: 0.0000790 seconds
104.520: Application time: 0.0647800 seconds
104.520: [GC104.520: [ParNew: 37335K->4158K(37632K), 0.0015740 secs] 60708K->29682K(121024K), 0.0016160 secs] [Times: user=0.01 sys=0.00, real=0.00 secs] 
104.522: Total time for which application threads were stopped: 0.0017620 seconds, Stopping threads took: 0.0000890 seconds
104.580: Application time: 0.0577730 seconds
104.580: [GC104.580: [ParNew: 37053K->4142K(37632K), 0.0019250 secs] 62578K->32842K(121024K), 0.0019600 secs] [Times: user=0.01 sys=0.00, real=0.00 secs] 
104.582: Total time for which application threads were stopped: 0.0021010 seconds, Stopping threads took: 0.0000840 seconds
104.645: Application time: 0.0634360 seconds
104.646: [GC104.646: [ParNew: 37123K->4112K(37632K), 0.0018840 secs] 65823K->35949K(121024K), 0.0019200 secs] [Times: user=0.01 sys=0.00, real=0.00 secs] 
104.647: Total time for which application threads were stopped: 0.0020460 seconds, Stopping threads took: 0.0000660 seconds
104.708: Application time: 0.0600730 seconds
104.708: [GC104.708: [ParNew: 37135K->4154K(37632K), 0.0014650 secs] 68971K->37047K(121024K), 0.0014980 secs] [Times: user=0.01 sys=0.00, real=0.00 secs] 
104.709: Total time for which application threads were stopped: 0.0016280 seconds, Stopping threads took: 0.0000720 seconds
104.774: Application time: 0.0648900 seconds
104.774: [GC104.774: [ParNew: 37062K->4148K(37632K), 0.0011900 secs] 69954K->37112K(121024K), 0.0012200 secs] [Times: user=0.01 sys=0.00, real=0.00 secs] 
104.775: Total time for which application threads were stopped: 0.0013720 seconds, Stopping threads took: 0.0000890 seconds
104.835: Application time: 0.0599690 seconds
104.835: [GC104.836: [ParNew: 36613K->3101K(37632K), 0.0008630 secs] 69578K->36066K(121024K), 0.0008920 secs] [Times: user=0.01 sys=0.00, real=0.00 secs] 
104.836: Total time for which application threads were stopped: 0.0010120 seconds, Stopping threads took: 0.0000660 seconds
104.900: Application time: 0.0633010 seconds
104.900: [GC104.900: [ParNew: 35730K->2124K(37632K), 0.0006780 secs] 68695K->35089K(121024K), 0.0007060 secs] [Times: user=0.00 sys=0.00, real=0.00 secs] 
104.901: Total time for which application threads were stopped: 0.0008290 seconds, Stopping threads took: 0.0000710 seconds
104.955: Application time: 0.0545440 seconds
104.955: [GC104.955: [ParNew: 35291K->4113K(37632K), 0.0020450 secs] 68256K->40149K(121024K), 0.0020800 secs] [Times: user=0.01 sys=0.00, real=0.00 secs] 
104.957: Total time for which application threads were stopped: 0.0022070 seconds, Stopping threads took: 0.0000690 seconds
105.016: Application time: 0.0586210 seconds
105.016: [GC105.016: [ParNew: 36990K->4115K(37632K), 0.0020470 secs] 73026K->43224K(121024K), 0.0020810 secs] [Times: user=0.02 sys=0.00, real=0.00 secs] 
105.018: Total time for which application threads were stopped: 0.0022170 seconds, Stopping threads took: 0.0000770 seconds
105.081: Application time: 0.0626320 seconds
105.081: [GC105.081: [ParNew: 36884K->4118K(37632K), 0.0016220 secs] 75993K->45275K(121024K), 0.0016530 secs] [Times: user=0.01 sys=0.00, real=0.00 secs] 
105.083: Total time for which application threads were stopped: 0.0017730 seconds, Stopping threads took: 0.0000640 seconds
105.144: Application time: 0.0613990 seconds
105.144: [GC105.144: [ParNew: 37221K->4155K(37632K), 0.0017370 secs] 78378K->47376K(121024K), 0.0017730 secs] [Times: user=0.01 sys=0.00, real=0.00 secs] 
105.146: Total time for which application threads were stopped: 0.0018910 seconds, Stopping threads took: 0.0000580 seconds
105.206: Application time: 0.0602240 seconds
105.206: [GC105.206: [ParNew: 37256K->4158K(37632K), 0.0017160 secs] 80477K->49559K(121024K), 0.0017480 secs] [Times: user=0.01 sys=0.00, real=0.00 secs] 
105.208: Total time for which application threads were stopped: 0.0018910 seconds, Stopping threads took: 0.0000870 seconds
105.270: Application time: 0.0622160 seconds
105.270: [GC105.270: [ParNew: 37119K->4140K(37632K), 0.0016020 secs] 82521K->51669K(121024K), 0.0016350 secs] [Times: user=0.01 sys=0.00, real=0.01 secs] 
105.272: Total time for which application threads were stopped: 0.0017700 seconds, Stopping threads took: 0.0000790 seconds
105.334: Application time: 0.0624470 seconds
105.335: [GC105.335: [ParNew: 36967K->4126K(37632K), 0.0016850 secs] 84496K->53767K(121024K), 0.0017300 secs] [Times: user=0.01 sys=0.01, real=0.00 secs] 
105.336: Total time for which application threads were stopped: 0.0018850 seconds, Stopping threads took: 0.0000840 seconds
105.399: Application time: 0.0631390 seconds
105.400: [GC105.400: [ParNew: 37149K->4159K(37632K), 0.0013350 secs] 86790K->54860K(121024K), 0.0013670 secs] [Times: user=0.01 sys=0.00, real=0.00 secs] 
105.401: Total time for which application threads were stopped: 0.0015180 seconds, Stopping threads took: 0.0000960 seconds
105.460: Application time: 0.0589400 seconds
105.460: [GC105.460: [ParNew: 36770K->4118K(37632K), 0.0015120 secs] 87472K->55915K(121024K), 0.0015440 secs] [Times: user=0.01 sys=0.00, real=0.00 secs] 
105.462: Total time for which application threads were stopped: 0.0017040 seconds, Stopping threads took: 0.0001030 seconds
105.521: Application time: 0.0594520 seconds
105.521: [GC105.521: [ParNew: 36650K->4131K(37632K), 0.0014250 secs] 88448K->56952K(121024K), 0.0014570 secs] [Times: user=0.01 sys=0.00, real=0.00 secs] 
105.523: Total time for which application threads were stopped: 0.0015980 seconds, Stopping threads took: 0.0000840 seconds
105.583: Application time: 0.0608290 seconds
105.584: [GC105.584: [ParNew: 36833K->4135K(37632K), 0.0011110 secs] 89655K->56957K(121024K), 0.0011430 secs] [Times: user=0.01 sys=0.00, real=0.00 secs] 
105.585: Total time for which application threads were stopped: 0.0012840 seconds, Stopping threads took: 0.0000860 seconds
105.645: Application time: 0.0605870 seconds
105.645: [GC105.645: [ParNew: 36853K->4119K(37632K), 0.0017440 secs] 89675K->58989K(121024K), 0.0017770 secs] [Times: user=0.01 sys=0.00, real=0.00 secs] 
105.647: Total time for which application threads were stopped: 0.0018990 seconds, Stopping threads took: 0.0000650 seconds
105.708: Application time: 0.0612220 seconds
105.709: [GC105.709: [ParNew: 36991K->4119K(37632K), 0.0016480 secs] 91860K->61036K(121024K), 0.0016810 secs] [Times: user=0.01 sys=0.00, real=0.00 secs] 
105.710: Total time for which application threads were stopped: 0.0018210 seconds, Stopping threads took: 0.0000770 seconds
105.773: Application time: 0.0627170 seconds
105.773: [GC105.773: [ParNew: 37008K->4132K(37632K), 0.0016600 secs] 93925K->63097K(121024K), 0.0016940 secs] [Times: user=0.01 sys=0.00, real=0.00 secs] 
105.775: Total time for which application threads were stopped: 0.0018200 seconds, Stopping threads took: 0.0000690 seconds
105.833: Application time: 0.0583580 seconds
105.833: [GC105.833: [ParNew: 36999K->4157K(37632K), 0.0015210 secs] 95964K->64190K(121024K), 0.0015560 secs] [Times: user=0.02 sys=0.00, real=0.00 secs] 
105.835: Total time for which application threads were stopped: 0.0017180 seconds, Stopping threads took: 0.0001050 seconds
105.900: Application time: 0.0655420 seconds
105.901: [GC105.901: [ParNew: 37342K->4155K(37632K), 0.0016450 secs] 97376K->66340K(121024K), 0.0016780 secs] [Times: user=0.01 sys=0.00, real=0.00 secs] 
105.902: Total time for which application threads were stopped: 0.0018150 seconds, Stopping threads took: 0.0000700 seconds
105.962: Application time: 0.0601820 seconds
105.963: [GC105.963: [ParNew: 36964K->4158K(37632K), 0.0014620 secs] 99149K->67448K(121024K), 0.0014980 secs] [Times: user=0.01 sys=0.00, real=0.00 secs] 
105.964: Total time for which application threads were stopped: 0.0016230 seconds, Stopping threads took: 0.0000650 seconds
106.026: Application time: 0.0616540 seconds
106.026: [GC106.026: [ParNew: 36787K->3145K(37632K), 0.0008670 secs] 100076K->66506K(121024K), 0.0008980 secs] [Times: user=0.00 sys=0.00, real=0.00 secs] 
106.027: Total time for which application threads were stopped: 0.0010400 seconds, Stopping threads took: 0.0000870 seconds
106.082: Application time: 0.0551470 seconds
106.082: [GC106.082: [ParNew: 35598K->4154K(37632K), 0.0019560 secs] 98959K->70604K(121024K), 0.0019890 secs] [Times: user=0.02 sys=0.00, real=0.00 secs] 
106.084: Total time for which application threads were stopped: 0.0021280 seconds, Stopping threads took: 0.0000820 seconds
106.143: Application time: 0.0590960 seconds
106.143: [GC106.143: [ParNew: 36783K->4116K(37632K), 0.0017340 secs] 103233K->72694K(121024K), 0.0017750 secs] [Times: user=0.01 sys=0.00, real=0.00 secs] 
106.145: Total time for which application threads were stopped: 0.0019010 seconds, Stopping threads took: 0.0000670 seconds
106.206: Application time: 0.0613220 seconds
106.207: [GC106.207: [ParNew: 36950K->4130K(37632K), 0.0017670 secs] 105527K->74756K(121024K), 0.0018000 secs] [Times: user=0.01 sys=0.00, real=0.00 secs] 
106.208: Total time for which application threads were stopped: 0.0019660 seconds, Stopping threads took: 0.0001080 seconds
106.268: Application time: 0.0594300 seconds
106.268: [GC106.268: [ParNew: 36844K->4114K(37632K), 0.0016270 secs] 107470K->76788K(121024K), 0.0016590 secs] [Times: user=0.01 sys=0.00, real=0.00 secs] 
106.270: Total time for which application threads were stopped: 0.0017840 seconds, Stopping threads took: 0.0000690 seconds
106.332: Application time: 0.0620350 seconds
106.332: [GC106.332: [ParNew: 37053K->4110K(37632K), 0.0017040 secs] 109727K->78832K(121024K), 0.0017350 secs] [Times: user=0.01 sys=0.00, real=0.00 secs] 
106.333: Total time for which application threads were stopped: 0.0018840 seconds, Stopping threads took: 0.0000950 seconds
106.396: Application time: 0.0627340 seconds
106.396: [GC106.396: [ParNew: 37077K->4130K(37632K), 0.0017120 secs] 111799K->80900K(121024K), 0.0017430 secs] [Times: user=0.01 sys=0.00, real=0.00 secs] 
106.398: Total time for which application threads were stopped: 0.0018910 seconds, Stopping threads took: 0.0000930 seconds
106.460: Application time: 0.0623410 seconds
106.461: [GC106.461: [ParNew: 36969K->4150K(37632K), 0.0014940 secs] 113739K->81944K(121024K), 0.0015240 secs] [Times: user=0.01 sys=0.00, real=0.00 secs] 
106.462: Total time for which application threads were stopped: 0.0016900 seconds, Stopping threads took: 0.0001020 seconds
106.522: Application time: 0.0602280 seconds
106.522: [GC106.523: [ParNew: 37143K->4158K(37632K), 0.0015580 secs] 114937K->83032K(121024K), 0.0015920 secs] [Times: user=0.01 sys=0.00, real=0.00 secs] 
106.524: Total time for which application threads were stopped: 0.0017260 seconds, Stopping threads took: 0.0000750 seconds
106.589: Application time: 0.0644360 seconds
106.589: [GC106.589: [ParNew: 37276K->4159K(37632K), 0.0011660 secs] 116150K->83174K(121024K), 0.0011980 secs] [Times: user=0.01 sys=0.00, real=0.00 secs] 
106.590: Total time for which application threads were stopped: 0.0013280 seconds, Stopping threads took: 0.0000750 seconds
106.649: Application time: 0.0595340 seconds
106.650: [GC106.650: [ParNew: 36764K->4158K(37632K), 0.0011910 secs] 115778K->83248K(121024K), 0.0012240 secs] [Times: user=0.01 sys=0.00, real=0.01 secs] 
106.651: Total time for which application threads were stopped: 0.0013570 seconds, Stopping threads took: 0.0000770 seconds
106.710: Application time: 0.0591790 seconds
106.711: [GC106.711: [ParNew: 36617K->4118K(37632K), 0.0014180 secs] 115707K->84264K(121024K), 0.0014520 secs] [Times: user=0.01 sys=0.00, real=0.00 secs] 
106.712: Total time for which application threads were stopped: 0.0022080 seconds, Stopping threads took: 0.0006970 seconds
106.770: Application time: 0.0576290 seconds
106.770: [GC106.770: [ParNew: 36871K->4158K(37632K), 0.0014790 secs] 117017K->85356K(121024K), 0.0015130 secs] [Times: user=0.02 sys=0.00, real=0.01 secs] 
106.771: Total time for which application threads were stopped: 0.0016550 seconds, Stopping threads took: 0.0000850 seconds
106.830: Application time: 0.0590500 seconds
106.831: [GC106.831: [ParNew: 36827K->4114K(37632K), 0.0016520 secs] 118025K->87432K(121024K), 0.0016830 secs] [Times: user=0.01 sys=0.00, real=0.00 secs] 
106.832: Total time for which application threads were stopped: 0.0018260 seconds, Stopping threads took: 0.0000850 seconds
106.895: Application time: 0.0628660 seconds
106.895: [GC106.895: [ParNew: 36942K->4133K(37632K), 0.0015670 secs]106.897: [Tenured: 85366K->13156K(85448K), 0.0083300 secs] 120261K->13156K(123080K), [Perm : 5504K->5504K(21248K)], 0.0100600 secs] [Times: user=0.02 sys=0.00, real=0.01 secs] 
106.905: Total time for which application threads were stopped: 0.0102020 seconds, Stopping threads took: 0.0000780 seconds
106.967: Application time: 0.0611140 seconds
106.967: [GC106.967: [ParNew: 32811K->4113K(37632K), 0.0016880 secs] 45968K->19318K(121024K), 0.0017210 secs] [Times: user=0.02 sys=0.00, real=0.00 secs] 
106.968: Total time for which application threads were stopped: 0.0018950 seconds, Stopping threads took: 0.0001090 seconds
107.030: Application time: 0.0612850 seconds
107.030: [GC107.030: [ParNew: 36948K->4114K(37632K), 0.0018630 secs] 52153K->22407K(121024K), 0.0018970 secs] [Times: user=0.02 sys=0.00, real=0.01 secs] 
107.032: Total time for which application threads were stopped: 0.0020200 seconds, Stopping threads took: 0.0000680 seconds
107.093: Application time: 0.0616710 seconds
107.094: [GC107.094: [ParNew: 37076K->4112K(37632K), 0.0019450 secs] 55369K->25477K(121024K), 0.0019830 secs] [Times: user=0.02 sys=0.00, real=0.00 secs] 
107.096: Total time for which application threads were stopped: 0.0021410 seconds, Stopping threads took: 0.0001010 seconds
107.158: Application time: 0.0628680 seconds
107.159: [GC107.159: [ParNew: 37024K->4130K(37632K), 0.0016330 secs] 58389K->27543K(121024K), 0.0016650 secs] [Times: user=0.01 sys=0.01, real=0.01 secs] 
107.160: Total time for which application threads were stopped: 0.0018070 seconds, Stopping threads took: 0.0000850 seconds
107.224: Application time: 0.0635470 seconds
107.224: [GC107.224: [ParNew: 37350K->4158K(37632K), 0.0013730 secs] 60763K->28675K(121024K), 0.0014040 secs] [Times: user=0.01 sys=0.00, real=0.00 secs] 
107.225: Total time for which application threads were stopped: 0.0015230 seconds, Stopping threads took: 0.0000640 seconds
107.287: Application time: 0.0622110 seconds
107.288: [GC107.288: [ParNew: 37113K->3216K(37632K), 0.0008240 secs] 61630K->27781K(121024K), 0.0008540 secs] [Times: user=0.01 sys=0.00, real=0.00 secs] 
107.289: Total time for which application threads were stopped: 0.0010100 seconds, Stopping threads took: 0.0001050 seconds
107.349: Application time: 0.0607510 seconds
107.349: [GC107.349: [ParNew: 35677K->3113K(37632K), 0.0008570 secs] 60242K->27802K(121024K), 0.0008850 secs] [Times: user=0.00 sys=0.00, real=0.00 secs] 
107.350: Total time for which application threads were stopped: 0.0010180 seconds, Stopping threads took: 0.0000810 seconds
107.410: Application time: 0.0594550 seconds
107.410: [GC107.410: [ParNew: 35647K->4131K(37632K), 0.0012390 secs] 60337K->29844K(121024K), 0.0012690 secs] [Times: user=0.01 sys=0.00, real=0.01 secs] 
107.411: Total time for which application threads were stopped: 0.0013930 seconds, Stopping threads took: 0.0000690 seconds
107.465: Application time: 0.0543100 seconds
107.466: [GC107.466: [ParNew: 37603K->4156K(37632K), 0.0016190 secs] 63316K->31933K(121024K), 0.0016530 secs] [Times: user=0.02 sys=0.00, real=0.00 secs] 
107.467: Total time for which application threads were stopped: 0.0017720 seconds, Stopping threads took: 0.0000630 seconds
107.529: Application time: 0.0618540 seconds
107.529: [GC107.529: [ParNew: 37042K->4112K(37632K), 0.0018540 secs] 64819K->35049K(121024K), 0.0018880 secs] [Times: user=0.01 sys=0.00, real=0.01 secs] 
107.531: Total time for which application threads were stopped: 0.0020260 seconds, Stopping threads took: 0.0000730 seconds
107.590: Application time: 0.0593540 seconds
107.591: [GC107.591: [ParNew: 36948K->4130K(37632K), 0.0015840 secs] 67886K->37115K(121024K), 0.0016200 secs] [Times: user=0.00 sys=0.00, real=0.01 secs] 
107.592: Total time for which application threads were stopped: 0.0017480 seconds, Stopping threads took: 0.0000700 seconds
107.654: Application time: 0.0618910 seconds
107.654: [GC107.654: [ParNew: 36991K->4112K(37632K), 0.0015810 secs] 69977K->39146K(121024K), 0.0016130 secs] [Times: user=0.01 sys=0.00, real=0.00 secs] 
107.656: Total time for which application threads were stopped: 0.0017420 seconds, Stopping threads took: 0.0000650 seconds
107.717: Application time: 0.0614220 seconds
107.717: [GC107.717: [ParNew: 36987K->4112K(37632K), 0.0019310 secs] 72021K->42217K(121024K), 0.0019630 secs] [Times: user=0.01 sys=0.00, real=0.01 secs] 
107.719: Total time for which application threads were stopped: 0.0021020 seconds, Stopping threads took: 0.0000830 seconds
107.779: Application time: 0.0599960 seconds
107.779: [GC107.779: [ParNew: 36975K->4106K(37632K), 0.0020170 secs] 75081K->45283K(121024K), 0.0020460 secs] [Times: user=0.01 sys=0.00, real=0.00 secs] 
107.782: Total time for which application threads were stopped: 0.0021720 seconds, Stopping threads took: 0.0000720 seconds
107.847: Application time: 0.0658110 seconds
107.847: [GC107.847: [ParNew: 37119K->4115K(37632K), 0.0014360 secs] 78297K->46317K(121024K), 0.0014680 secs] [Times: user=0.01 sys=0.00, real=0.00 secs] 
107.849: Total time for which application threads were stopped: 0.0015940 seconds, Stopping threads took: 0.0000670 seconds
107.913: Application time: 0.0636550 seconds
107.913: [GC107.913: [ParNew: 37359K->4159K(37632K), 0.0017570 secs] 79561K->48473K(121024K), 0.0017910 secs] [Times: user=0.01 sys=0.00, real=0.00 secs] 
107.915: Total time for which application threads were stopped: 0.0019370 seconds, Stopping threads took: 0.0000890 seconds
107.977: Application time: 0.0620870 seconds
107.977: [GC107.977: [ParNew: 37209K->4158K(37632K), 0.0011380 secs] 81522K->48628K(121024K), 0.0011680 secs] [Times: user=0.00 sys=0.00, real=0.00 secs] 
107.978: Total time for which application threads were stopped: 0.0013290 seconds, Stopping threads took: 0.0001050 seconds
108.040: Application time: 0.0622150 seconds
108.040: [GC108.040: [ParNew: 36738K->2125K(37632K), 0.0006030 secs] 81208K->46659K(121024K), 0.0006310 secs] [Times: user=0.00 sys=0.00, real=0.00 secs] 
108.041: Total time for which application threads were stopped: 0.0007490 seconds, Stopping threads took: 0.0000550 seconds
108.101: Application time: 0.0601070 seconds
108.101: [GC108.101: [ParNew: 35526K->4122K(37632K), 0.0011410 secs] 80060K->48656K(121024K), 0.0011700 secs] [Times: user=0.00 sys=0.00, real=0.00 secs] 
108.102: Total time for which application threads were stopped: 0.0012930 seconds, Stopping threads took: 0.0000690 seconds
108.157: Application time: 0.0548210 seconds
108.157: [GC108.157: [ParNew: 37594K->4154K(37632K), 0.0017570 secs] 82128K->50760K(121024K), 0.0017920 secs] [Times: user=0.02 sys=0.00, real=0.01 secs] 
108.159: Total time for which application threads were stopped: 0.0019160 seconds, Stopping threads took: 0.0000650 seconds
108.222: Application time: 0.0628250 seconds
108.222: [GC108.222: [ParNew: 36960K->4132K(37632K), 0.0013650 secs] 83566K->51818K(121024K), 0.0013950 secs] [Times: user=0.01 sys=0.00, real=0.00 secs] 
108.223: Total time for which application threads were stopped: 0.0015020 seconds, Stopping threads took: 0.0000540 seconds
108.281: Application time: 0.0577310 seconds
108.281: [GC108.281: [ParNew: 36826K->4116K(37632K), 0.0015880 secs] 84512K->53850K(121024K), 0.0016210 secs] [Times: user=0.01 sys=0.00, real=0.00 secs] 
108.283: Total time for which application threads were stopped: 0.0017520 seconds, Stopping threads took: 0.0000740 seconds
108.342: Application time: 0.0595080 seconds
108.343: [GC108.343: [ParNew: 36986K->4114K(37632K), 0.0019430 secs] 86720K->56920K(121024K), 0.0019780 secs] [Times: user=0.01 sys=0.00, real=0.00 secs] 
108.345: Total time for which application threads were stopped: 0.0021150 seconds, Stopping threads took: 0.0000820 seconds
108.407: Application time: 0.0627340 seconds
108.407: [GC108.407: [ParNew: 37076K->4110K(37632K), 0.0020170 secs] 89883K->59988K(121024K), 0.0020490 secs] [Times: user=0.01 sys=0.00, real=0.00 secs] 
108.409: Total time for which application threads were stopped: 0.0021820 seconds, Stopping threads took: 0.0000770 seconds
108.473: Application time: 0.0632000 seconds
108.473: [GC108.473: [ParNew: 37073K->4114K(37632K), 0.0018890 secs] 92951K->63064K(121024K), 0.0019320 secs] [Times: user=0.02 sys=0.00, real=0.00 secs] 
108.475: Total time for which application threads were stopped: 0.0020560 seconds, Stopping threads took: 0.0000660 seconds
108.537: Application time: 0.0620170 seconds
108.537: [GC108.537: [ParNew: 37024K->4113K(37632K), 0.0017110 secs] 95974K->65111K(121024K), 0.0017450 secs] [Times: user=0.02 sys=0.00, real=0.01 secs] 
108.539: Total time for which application threads were stopped: 0.0018940 seconds, Stopping threads took: 0.0000830 seconds
108.603: Application time: 0.0645300 seconds
108.607: [GC108.607: [ParNew: 37380K->4159K(37632K), 0.0011440 secs] 98378K->65205K(121024K), 0.0011740 secs] [Times: user=0.01 sys=0.00, real=0.00 secs] 
108.608: Total time for which application threads were stopped: 0.0047410 seconds, Stopping threads took: 0.0035070 seconds
108.670: Application time: 0.0617180 seconds
108.670: [GC108.670: [ParNew: 37201K->4158K(37632K), 0.0014620 secs] 98248K->66377K(121024K), 0.0014950 secs] [Times: user=0.01 sys=0.00, real=0.01 secs] 
108.671: Total time for which application threads were stopped: 0.0016610 seconds, Stopping threads took: 0.0001070 seconds
108.732: Application time: 0.0606380 seconds
108.732: [GC108.732: [ParNew: 36610K->3130K(37632K), 0.0010250 secs] 98829K->65428K(121024K), 0.0010550 secs] [Times: user=0.00 sys=0.00, real=0.00 secs] 
108.733: Total time for which application threads were stopped: 0.0011870 seconds, Stopping threads took: 0.0000770 seconds
108.797: Application time: 0.0635110 seconds
108.797: [GC108.797: [ParNew: 35818K->3108K(37632K), 0.0008340 secs] 98117K->65406K(121024K), 0.0008630 secs] [Times: user=0.01 sys=0.00, real=0.00 secs] 
108.798: Total time for which application threads were stopped: 0.0009880 seconds, Stopping threads took: 0.0000730 seconds
108.854: Application time: 0.0560180 seconds
108.854: [GC108.854: [ParNew: 36580K->4158K(37632K), 0.0011280 secs] 98878K->66481K(121024K), 0.0011570 secs] [Times: user=0.01 sys=0.00, real=0.00 secs] 
108.855: Total time for which application threads were stopped: 0.0012790 seconds, Stopping threads took: 0.0000710 seconds
108.914: Application time: 0.0592040 seconds
108.914: [GC108.914: [ParNew: 36848K->4132K(37632K), 0.0013480 secs] 99171K->67574K(121024K), 0.0013820 secs] [Times: user=0.01 sys=0.00, real=0.00 secs] 
108.916: Total time for which application threads were stopped: 0.0014970 seconds, Stopping threads took: 0.0000590 seconds
108.972: Application time: 0.0565190 seconds
108.972: [GC108.972: [ParNew: 36753K->4112K(37632K), 0.0017410 secs] 100195K->69603K(121024K), 0.0017720 secs] [Times: user=0.01 sys=0.00, real=0.00 secs] 
108.974: Total time for which application threads were stopped: 0.0018940 seconds, Stopping threads took: 0.0000660 seconds
109.035: Application time: 0.0614380 seconds
109.036: [GC109.036: [ParNew: 36976K->4112K(37632K), 0.0020260 secs] 102466K->72674K(121024K), 0.0020640 secs] [Times: user=0.01 sys=0.00, real=0.00 secs] 
109.038: Total time for which application threads were stopped: 0.0021880 seconds, Stopping threads took: 0.0000670 seconds
109.099: Application time: 0.0613280 seconds
109.099: [GC109.099: [ParNew: 37088K->4112K(37632K), 0.0020140 secs] 105651K->75746K(121024K), 0.0020480 secs] [Times: user=0.02 sys=0.00, real=0.00 secs] 
109.101: Total time for which application threads were stopped: 0.0021890 seconds, Stopping threads took: 0.0000830 seconds
109.164: Application time: 0.0629640 seconds
109.164: [GC109.164: [ParNew: 37028K->4116K(37632K), 0.0018860 secs] 108662K->78822K(121024K), 0.0019220 secs] [Times: user=0.01 sys=0.00, real=0.00 secs] 
109.166: Total time for which application threads were stopped: 0.0020470 seconds, Stopping threads took: 0.0000580 seconds
109.228: Application time: 0.0620620 seconds
109.228: [GC109.228: [ParNew: 37069K->4131K(37632K), 0.0017520 secs] 111776K->80886K(121024K), 0.0017840 secs] [Times: user=0.01 sys=0.00, real=0.00 secs] 
109.230: Total time for which application threads were stopped: 0.0019120 seconds, Stopping threads took: 0.0000720 seconds
109.294: Application time: 0.0635270 seconds
109.294: [GC109.294: [ParNew: 37288K->4152K(37632K), 0.0017590 secs] 114043K->83019K(121024K), 0.0018020 secs] [Times: user=0.01 sys=0.00, real=0.00 secs] 
109.296: Total time for which application threads were stopped: 0.0019550 seconds, Stopping threads took: 0.0000990 seconds
109.359: Application time: 0.0637620 seconds
109.360: [GC109.360: [ParNew: 37410K->4158K(37632K), 0.0014710 secs] 116277K->84177K(121024K), 0.0014970 secs] [Times: user=0.01 sys=0.00, real=0.00 secs] 
109.361: Total time for which application threads were stopped: 0.0016280 seconds, Stopping threads took: 0.0000780 seconds
109.423: Application time: 0.0621020 seconds
109.423: [GC109.423: [ParNew: 36686K->3132K(37632K), 0.0008930 secs] 116705K->83207K(121024K), 0.0009220 secs] [Times: user=0.00 sys=0.00, real=0.00 secs] 
109.424: Total time for which application threads were stopped: 0.0010330 seconds, Stopping threads took: 0.0000600 seconds
109.486: Application time: 0.0614940 seconds
109.486: [GC109.486: [ParNew: 36589K->3110K(37632K), 0.0008680 secs] 116664K->83185K(121024K), 0.0008980 secs] [Times: user=0.01 sys=0.00, real=0.00 secs] 
109.487: Total time for which application threads were stopped: 0.0010370 seconds, Stopping threads took: 0.0000870 seconds
109.544: Application time: 0.0570310 seconds
109.544: [GC109.544: [ParNew: 35583K->4144K(37632K), 0.0015770 secs] 115658K->86267K(121024K), 0.0016110 secs] [Times: user=0.01 sys=0.00, real=0.00 secs] 
109.545: Total time for which application threads were stopped: 0.0017540 seconds, Stopping threads took: 0.0000860 seconds
109.602: Application time: 0.0567780 seconds
109.602: [GC109.602: [ParNew: 36822K->4144K(37632K), 0.0013940 secs] 118945K->87355K(121024K), 0.0014240 secs] [Times: user=0.01 sys=0.00, real=0.00 secs] 
109.604: Total time for which application threads were stopped: 0.0015630 seconds, Stopping threads took: 0.0000850 seconds
109.660: Application time: 0.0561630 seconds
109.660: [GC109.660: [ParNew: 36734K->4118K(37632K), 0.0016930 secs]109.662: [Tenured: 85315K->13345K(85448K), 0.0083400 secs] 119945K->13345K(123080K), [Perm : 5504K->5504K(21248K)], 0.0101820 secs] [Times: user=0.02 sys=0.00, real=0.00 secs] 
109.670: Total time for which application threads were stopped: 0.0103150 seconds, Stopping threads took: 0.0000700 seconds
109.735: Application time: 0.0645990 seconds
109.735: [GC109.735: [ParNew: 32957K->4115K(37632K), 0.0016650 secs] 46303K->19509K(121024K), 0.0017010 secs] [Times: user=0.01 sys=0.00, real=0.00 secs] 
109.737: Total time for which application threads were stopped: 0.0018620 seconds, Stopping threads took: 0.0000950 seconds
109.796: Application time: 0.0590820 seconds
109.796: [GC109.796: [ParNew: 37028K->4116K(37632K), 0.0019290 secs] 52422K->22590K(121024K), 0.0019620 secs] [Times: user=0.01 sys=0.00, real=0.00 secs] 
109.798: Total time for which application threads were stopped: 0.0020810 seconds, Stopping threads took: 0.0000630 seconds
109.861: Application time: 0.0632730 seconds
109.861: [GC109.861: [ParNew: 37083K->4112K(37632K), 0.0019720 secs] 55557K->25658K(121024K), 0.0020070 secs] [Times: user=0.02 sys=0.00, real=0.00 secs] 
109.863: Total time for which application threads were stopped: 0.0021430 seconds, Stopping threads took: 0.0000790 seconds
109.927: Application time: 0.0633170 seconds
109.927: [GC109.927: [ParNew: 37089K->4115K(37632K), 0.0018830 secs] 58635K->28733K(121024K), 0.0019160 secs] [Times: user=0.02 sys=0.00, real=0.00 secs] 
109.929: Total time for which application threads were stopped: 0.0020460 seconds, Stopping threads took: 0.0000720 seconds
109.991: Application time: 0.0618040 seconds
109.991: [GC109.991: [ParNew: 37277K->4159K(37632K), 0.0017170 secs] 61895K->30865K(121024K), 0.0017480 secs] [Times: user=0.01 sys=0.00, real=0.00 secs] 
109.992: Total time for which application threads were stopped: 0.0018990 seconds, Stopping threads took: 0.0000940 seconds
110.058: Application time: 0.0652860 seconds
110.058: [GC110.058: [ParNew: 37435K->4157K(37632K), 0.0015040 secs] 64141K->32031K(121024K), 0.0015360 secs] [Times: user=0.01 sys=0.00, real=0.01 secs] 
110.059: Total time for which application threads were stopped: 0.0016980 seconds, Stopping threads took: 0.0001070 seconds
110.124: Application time: 0.0640920 seconds
110.124: [GC110.124: [ParNew: 36946K->4149K(37632K), 0.0010390 secs] 64820K->32103K(121024K), 0.0010700 secs] [Times: user=0.01 sys=0.00, real=0.00 secs] 
110.125: Total time for which application threads were stopped: 0.0011950 seconds, Stopping threads took: 0.0000710 seconds
110.187: Application time: 0.0618310 seconds
110.187: [GC110.187: [ParNew: 37621K->2095K(37632K), 0.0006640 secs] 65575K->30049K(121024K), 0.0006930 secs] [Times: user=0.00 sys=0.00, real=0.00 secs] 
110.187: Total time for which application threads were stopped: 0.0008250 seconds, Stopping threads took: 0.0000780 seconds
110.246: Application time: 0.0589060 seconds
110.246: [GC110.246: [ParNew: 35567K->4158K(37632K), 0.0013920 secs] 63521K->33152K(121024K), 0.0014240 secs] [Times: user=0.01 sys=0.00, real=0.00 secs] 
110.248: Total time for which application threads were stopped: 0.0015610 seconds, Stopping threads took: 0.0000750 seconds
110.304: Application time: 0.0561410 seconds
110.304: [GC110.304: [ParNew: 37630K->4132K(37632K), 0.0017180 secs] 66624K->35262K(121024K), 0.0017490 secs] [Times: user=0.01 sys=0.00, real=0.00 secs] 
110.306: Total time for which application threads were stopped: 0.0018720 seconds, Stopping threads took: 0.0000680 seconds
110.365: Application time: 0.0591430 seconds
110.365: [GC110.365: [ParNew: 36764K->4118K(37632K), 0.0013450 secs] 67895K->36272K(121024K), 0.0013770 secs] [Times: user=0.01 sys=0.00, real=0.00 secs] 
110.367: Total time for which application threads were stopped: 0.0015240 seconds, Stopping threads took: 0.0000900 seconds
110.428: Application time: 0.0616700 seconds
110.428: [GC110.428: [ParNew: 37004K->4110K(37632K), 0.0018200 secs] 69158K->39336K(121024K), 0.0018520 secs] [Times: user=0.02 sys=0.00, real=0.00 secs] 
110.430: Total time for which application threads were stopped: 0.0019860 seconds, Stopping threads took: 0.0000780 seconds
110.489: Application time: 0.0587110 seconds
110.489: [GC110.489: [ParNew: 37013K->4112K(37632K), 0.0019410 secs] 72239K->42410K(121024K), 0.0019770 secs] [Times: user=0.01 sys=0.00, real=0.01 secs] 
110.491: Total time for which application threads were stopped: 0.0021110 seconds, Stopping threads took: 0.0000770 seconds
110.555: Application time: 0.0638000 seconds
110.555: [GC110.555: [ParNew: 37088K->4114K(37632K), 0.0018780 secs] 75386K->45485K(121024K), 0.0019110 secs] [Times: user=0.01 sys=0.00, real=0.00 secs] 
110.557: Total time for which application threads were stopped: 0.0020260 seconds, Stopping threads took: 0.0000560 seconds
110.619: Application time: 0.0616690 seconds
110.619: [GC110.619: [ParNew: 37054K->4117K(37632K), 0.0015640 secs] 78425K->47536K(121024K), 0.0015990 secs] [Times: user=0.02 sys=0.00, real=0.00 secs] 
110.620: Total time for which application threads were stopped: 0.0017500 seconds, Stopping threads took: 0.0000940 seconds
110.683: Application time: 0.0623280 seconds
110.683: [GC110.683: [ParNew: 37376K->4158K(37632K), 0.0019810 secs] 80795K->50688K(121024K), 0.0020150 secs] [Times: user=0.02 sys=0.00, real=0.00 secs] 
110.685: Total time for which application threads were stopped: 0.0021610 seconds, Stopping threads took: 0.0000900 seconds
110.749: Application time: 0.0643740 seconds
110.749: [GC110.749: [ParNew: 37458K->4157K(37632K), 0.0017120 secs] 83989K->52880K(121024K), 0.0017470 secs] [Times: user=0.01 sys=0.00, real=0.01 secs] 
110.751: Total time for which application threads were stopped: 0.0018800 seconds, Stopping threads took: 0.0000700 seconds
110.813: Application time: 0.0620780 seconds
110.813: [GC110.813: [ParNew: 36956K->4147K(37632K), 0.0011830 secs] 85679K->52937K(121024K), 0.0012120 secs] [Times: user=0.01 sys=0.00, real=0.00 secs] 
110.814: Total time for which application threads were stopped: 0.0013480 seconds, Stopping threads took: 0.0000790 seconds
110.879: Application time: 0.0648940 seconds
110.879: [GC110.879: [ParNew: 36978K->2108K(37632K), 0.0006210 secs] 85769K->50899K(121024K), 0.0006580 secs] [Times: user=0.00 sys=0.00, real=0.00 secs] 
110.880: Total time for which application threads were stopped: 0.0007700 seconds, Stopping threads took: 0.0000590 seconds
110.936: Application time: 0.0558360 seconds
110.936: [GC110.936: [ParNew: 35073K->3155K(37632K), 0.0009300 secs] 83864K->51946K(121024K), 0.0009600 secs] [Times: user=0.01 sys=0.00, real=0.00 secs] 
110.937: Total time for which application threads were stopped: 0.0010860 seconds, Stopping threads took: 0.0000750 seconds
110.996: Application time: 0.0585820 seconds
110.996: [GC110.996: [ParNew: 35851K->4126K(37632K), 0.0016480 secs] 84642K->55061K(121024K), 0.0016800 secs] [Times: user=0.01 sys=0.00, real=0.00 secs] 
110.997: Total time for which application threads were stopped: 0.0018110 seconds, Stopping threads took: 0.0000760 seconds
111.054: Application time: 0.0562250 seconds
111.054: [GC111.054: [ParNew: 37598K->4115K(37632K), 0.0017170 secs] 88533K->57098K(121024K), 0.0017530 secs] [Times: user=0.01 sys=0.00, real=0.00 secs] 
111.056: Total time for which application threads were stopped: 0.0018910 seconds, Stopping threads took: 0.0000790 seconds
111.119: Application time: 0.0637510 seconds
111.119: [GC111.119: [ParNew: 36995K->4122K(37632K), 0.0011000 secs] 89978K->57105K(121024K), 0.0011310 secs] [Times: user=0.01 sys=0.00, real=0.00 secs] 
111.121: Total time for which application threads were stopped: 0.0012760 seconds, Stopping threads took: 0.0000900 seconds
111.180: Application time: 0.0590410 seconds
111.180: [GC111.180: [ParNew: 37034K->4112K(37632K), 0.0019050 secs] 90017K->60167K(121024K), 0.0019380 secs] [Times: user=0.01 sys=0.00, real=0.00 secs] 
111.182: Total time for which application threads were stopped: 0.0020950 seconds, Stopping threads took: 0.0001010 seconds
111.243: Application time: 0.0617370 seconds
111.244: [GC111.244: [ParNew: 37033K->4114K(37632K), 0.0019330 secs] 93088K->63241K(121024K), 0.0019710 secs] [Times: user=0.01 sys=0.00, real=0.00 secs] 
111.246: Total time for which application threads were stopped: 0.0020990 seconds, Stopping threads took: 0.0000690 seconds
111.307: Application time: 0.0611570 seconds
111.307: [GC111.307: [ParNew: 37058K->4114K(37632K), 0.0019000 secs] 96185K->66313K(121024K), 0.0019330 secs] [Times: user=0.02 sys=0.00, real=0.00 secs] 
111.309: Total time for which application threads were stopped: 0.0020690 seconds, Stopping threads took: 0.0000660 seconds
111.372: Application time: 0.0631770 seconds
111.372: [GC111.372: [ParNew: 37363K->4154K(37632K), 0.0020500 secs] 99562K->69465K(121024K), 0.0020820 secs] [Times: user=0.01 sys=0.00, real=0.00 secs] 
111.374: Total time for which application threads were stopped: 0.0022140 seconds, Stopping threads took: 0.0000760 seconds
111.437: Application time: 0.0632850 seconds
111.438: [GC111.438: [ParNew: 37450K->4156K(37632K), 0.0018290 secs] 102761K->71655K(121024K), 0.0018600 secs] [Times: user=0.01 sys=0.00, real=0.01 secs] 
111.439: Total time for which application threads were stopped: 0.0019890 seconds, Stopping threads took: 0.0000710 seconds
111.503: Application time: 0.0630820 seconds
111.503: [GC111.503: [ParNew: 36956K->4132K(37632K), 0.0014290 secs] 104456K->72728K(121024K), 0.0014600 secs] [Times: user=0.01 sys=0.00, real=0.00 secs] 
111.504: Total time for which application threads were stopped: 0.0015990 seconds, Stopping threads took: 0.0000820 seconds
111.569: Application time: 0.0648930 seconds
111.569: [GC111.569: [ParNew: 37013K->3162K(37632K), 0.0009050 secs] 105608K->71758K(121024K), 0.0009340 secs] [Times: user=0.00 sys=0.00, real=0.00 secs] 
111.570: Total time for which application threads were stopped: 0.0010710 seconds, Stopping threads took: 0.0000820 seconds
111.631: Application time: 0.0606150 seconds
111.631: [GC111.631: [ParNew: 36634K->2186K(37632K), 0.0006290 secs] 105230K->70782K(121024K), 0.0006580 secs] [Times: user=0.00 sys=0.00, real=0.00 secs] 
111.632: Total time for which application threads were stopped: 0.0007860 seconds, Stopping threads took: 0.0000680 seconds
111.692: Application time: 0.0605500 seconds
111.695: [GC111.695: [ParNew: 35609K->3096K(37632K), 0.0008710 secs] 104204K->71803K(121024K), 0.0009010 secs] [Times: user=0.01 sys=0.00, real=0.00 secs] 
111.696: Total time for which application threads were stopped: 0.0034940 seconds, Stopping threads took: 0.0025380 seconds
111.751: Application time: 0.0553240 seconds
111.751: [GC111.751: [ParNew: 36568K->4130K(37632K), 0.0016660 secs] 105275K->74885K(121024K), 0.0017050 secs] [Times: user=0.01 sys=0.00, real=0.00 secs] 
111.753: Total time for which application threads were stopped: 0.0018550 seconds, Stopping threads took: 0.0000920 seconds
111.813: Application time: 0.0606620 seconds
111.814: [GC111.814: [ParNew: 36898K->4116K(37632K), 0.0011650 secs] 107653K->74871K(121024K), 0.0011960 secs] [Times: user=0.01 sys=0.00, real=0.00 secs] 
111.815: Total time for which application threads were stopped: 0.0013370 seconds, Stopping threads took: 0.0000750 seconds
111.878: Application time: 0.0637390 seconds
111.879: [GC111.879: [ParNew: 36967K->4116K(37632K), 0.0015740 secs] 107722K->76919K(121024K), 0.0016050 secs] [Times: user=0.01 sys=0.00, real=0.00 secs] 
111.880: Total time for which application threads were stopped: 0.0017430 seconds, Stopping threads took: 0.0000820 seconds
111.938: Application time: 0.0578000 seconds
111.938: [GC111.938: [ParNew: 37028K->4114K(37632K), 0.0020410 secs] 109831K->79989K(121024K), 0.0020710 secs] [Times: user=0.01 sys=0.00, real=0.01 secs] 
111.940: Total time for which application threads were stopped: 0.0022420 seconds, Stopping threads took: 0.0001160 seconds
112.004: Application time: 0.0632270 seconds
112.004: [GC112.004: [ParNew: 37069K->4112K(37632K), 0.0018890 secs] 112945K->83059K(121024K), 0.0019240 secs] [Times: user=0.01 sys=0.00, real=0.00 secs] 
112.006: Total time for which application threads were stopped: 0.0020600 seconds, Stopping threads took: 0.0000790 seconds
112.065: Application time: 0.0590530 seconds
112.065: [GC112.065: [ParNew: 37304K->4158K(37632K), 0.0019960 secs] 116252K->86217K(121024K), 0.0020310 secs] [Times: user=0.02 sys=0.00, real=0.00 secs] 
112.067: Total time for which application threads were stopped: 0.0021620 seconds, Stopping threads took: 0.0000720 seconds
112.132: Application time: 0.0654900 seconds
112.132: [GC112.132: [ParNew: 37476K->4158K(37632K), 0.0017190 secs]112.134: [Tenured: 84227K->9679K(84420K), 0.0085160 secs] 119535K->9679K(122052K), [Perm : 5504K->5504K(21248K)], 0.0103370 secs] [Times: user=0.02 sys=0.00, real=0.01 secs] 
112.143: Total time for which application threads were stopped: 0.0105080 seconds, Stopping threads took: 0.0001100 seconds
112.207: Application time: 0.0639820 seconds
112.207: [GC112.207: [ParNew: 32958K->4138K(37632K), 0.0017680 secs] 42638K->15866K(121024K), 0.0018040 secs] [Times: user=0.02 sys=0.00, real=0.00 secs] 
112.209: Total time for which application threads were stopped: 0.0019310 seconds, Stopping threads took: 0.0000670 seconds
112.271: Application time: 0.0620750 seconds
112.271: [GC112.271: [ParNew: 36916K->4150K(37632K), 0.0011880 secs] 48644K->15886K(121024K), 0.0012220 secs] [Times: user=0.01 sys=0.00, real=0.00 secs] 
112.272: Total time for which application threads were stopped: 0.0013670 seconds, Stopping threads took: 0.0000890 seconds
112.336: Application time: 0.0639820 seconds
112.336: [GC112.336: [ParNew: 37084K->1156K(37632K), 0.0004710 secs] 48820K->12892K(121024K), 0.0004980 secs] [Times: user=0.01 sys=0.00, real=0.00 secs] 
112.337: Total time for which application threads were stopped: 0.0006260 seconds, Stopping threads took: 0.0000700 seconds
112.391: Application time: 0.0545150 seconds
112.391: [GC112.391: [ParNew: 33837K->4156K(37632K), 0.0017050 secs] 45573K->17956K(121024K), 0.0017360 secs] [Times: user=0.01 sys=0.00, real=0.00 secs] 
112.393: Total time for which application threads were stopped: 0.0018490 seconds, Stopping threads took: 0.0000590 seconds
112.453: Application time: 0.0594980 seconds
112.453: [GC112.453: [ParNew: 37016K->4114K(37632K), 0.0015690 secs] 50816K->20050K(121024K), 0.0016090 secs] [Times: user=0.02 sys=0.00, real=0.00 secs] 
112.454: Total time for which application threads were stopped: 0.0017210 seconds, Stopping threads took: 0.0000570 seconds
112.514: Application time: 0.0596160 seconds
112.514: [GC112.514: [ParNew: 36718K->4132K(37632K), 0.0010390 secs] 52654K->20068K(121024K), 0.0010690 secs] [Times: user=0.01 sys=0.00, real=0.00 secs] 
112.515: Total time for which application threads were stopped: 0.0011810 seconds, Stopping threads took: 0.0000600 seconds
112.577: Application time: 0.0614830 seconds
112.577: [GC112.577: [ParNew: 36879K->4116K(37632K), 0.0012830 secs] 52815K->21076K(121024K), 0.0013110 secs] [Times: user=0.01 sys=0.00, real=0.00 secs] 
112.578: Total time for which application threads were stopped: 0.0014320 seconds, Stopping threads took: 0.0000690 seconds
112.639: Application time: 0.0608430 seconds
112.639: [GC112.639: [ParNew: 37015K->4110K(37632K), 0.0016210 secs] 53976K->23118K(121024K), 0.0016580 secs] [Times: user=0.02 sys=0.00, real=0.00 secs] 
112.641: Total time for which application threads were stopped: 0.0017990 seconds, Stopping threads took: 0.0000870 seconds
112.701: Application time: 0.0601660 seconds
112.701: [GC112.701: [ParNew: 36989K->4112K(37632K), 0.0018390 secs] 55997K->26192K(121024K), 0.0018720 secs] [Times: user=0.01 sys=0.00, real=0.00 secs] 
112.703: Total time for which application threads were stopped: 0.0020110 seconds, Stopping threads took: 0.0000830 seconds
112.766: Application time: 0.0626660 seconds
112.766: [GC112.766: [ParNew: 37409K->4156K(37632K), 0.0019100 secs] 59489K->29348K(121024K), 0.0019460 secs] [Times: user=0.02 sys=0.00, real=0.00 secs] 
112.768: Total time for which application threads were stopped: 0.0020780 seconds, Stopping threads took: 0.0000740 seconds
112.830: Application time: 0.0623090 seconds
112.830: [GC112.830: [ParNew: 37374K->4156K(37632K), 0.0019480 secs] 62567K->32548K(121024K), 0.0019830 secs] [Times: user=0.02 sys=0.00, real=0.01 secs] 
112.832: Total time for which application threads were stopped: 0.0021340 seconds, Stopping threads took: 0.0000930 seconds
112.897: Application time: 0.0646580 seconds
112.897: [GC112.897: [ParNew: 37168K->4130K(37632K), 0.0017040 secs] 65561K->34658K(121024K), 0.0017400 secs] [Times: user=0.01 sys=0.01, real=0.01 secs] 
112.899: Total time for which application threads were stopped: 0.0019120 seconds, Stopping threads took: 0.0000990 seconds
112.960: Application time: 0.0611300 seconds
112.960: [GC112.960: [ParNew: 36620K->4152K(37632K), 0.0010970 secs] 67148K->34680K(121024K), 0.0011270 secs] [Times: user=0.01 sys=0.00, real=0.00 secs] 
112.961: Total time for which application threads were stopped: 0.0012710 seconds, Stopping threads took: 0.0000880 seconds
113.025: Application time: 0.0638580 seconds
113.025: [GC113.025: [ParNew: 37105K->2148K(37632K), 0.0006440 secs] 67633K->32676K(121024K), 0.0006700 secs] [Times: user=0.00 sys=0.00, real=0.00 secs] 
113.026: Total time for which application threads were stopped: 0.0008450 seconds, Stopping threads took: 0.0001230 seconds
113.080: Application time: 0.0546660 seconds
113.081: [GC113.081: [ParNew: 35145K->4122K(37632K), 0.0014270 secs] 65674K->35762K(121024K), 0.0014580 secs] [Times: user=0.01 sys=0.00, real=0.00 secs] 
113.082: Total time for which application threads were stopped: 0.0015880 seconds, Stopping threads took: 0.0000740 seconds
113.141: Application time: 0.0590880 seconds
113.141: [GC113.141: [ParNew: 36967K->4126K(37632K), 0.0017110 secs] 68607K->37814K(121024K), 0.0017450 secs] [Times: user=0.02 sys=0.00, real=0.00 secs] 
113.143: Total time for which application threads were stopped: 0.0018740 seconds, Stopping threads took: 0.0000710 seconds
113.206: Application time: 0.0634640 seconds
113.207: [GC113.207: [ParNew: 36947K->3130K(37632K), 0.0008510 secs] 70636K->36818K(121024K), 0.0008830 secs] [Times: user=0.01 sys=0.00, real=0.00 secs] 
113.207: Total time for which application threads were stopped: 0.0010090 seconds, Stopping threads took: 0.0000680 seconds
113.266: Application time: 0.0582690 seconds
113.266: [GC113.266: [ParNew: 35705K->4122K(37632K), 0.0011110 secs] 69394K->37810K(121024K), 0.0011430 secs] [Times: user=0.01 sys=0.00, real=0.00 secs] 
113.267: Total time for which application threads were stopped: 0.0012720 seconds, Stopping threads took: 0.0000750 seconds
113.328: Application time: 0.0604990 seconds
113.331: [GC113.331: [ParNew: 36985K->4112K(37632K), 0.0019250 secs] 70674K->40872K(121024K), 0.0019630 secs] [Times: user=0.01 sys=0.00, real=0.00 secs] 
113.333: Total time for which application threads were stopped: 0.0051550 seconds, Stopping threads took: 0.0031330 seconds
113.393: Application time: 0.0599840 seconds
113.393: [GC113.393: [ParNew: 37023K->4114K(37632K), 0.0020140 secs] 73784K->43946K(121024K), 0.0020460 secs] [Times: user=0.02 sys=0.00, real=0.00 secs] 
113.395: Total time for which application threads were stopped: 0.0021740 seconds, Stopping threads took: 0.0000740 seconds
113.457: Application time: 0.0617650 seconds
113.457: [GC113.457: [ParNew: 37349K->4158K(37632K), 0.0019340 secs] 77182K->47103K(121024K), 0.0019710 secs] [Times: user=0.01 sys=0.00, real=0.01 secs] 
113.459: Total time for which application threads were stopped: 0.0021070 seconds, Stopping threads took: 0.0000680 seconds
113.522: Application time: 0.0635340 seconds
113.522: [GC113.522: [ParNew: 37441K->4159K(37632K), 0.0015470 secs] 80385K->48268K(121024K), 0.0015790 secs] [Times: user=0.01 sys=0.00, real=0.00 secs] 
113.524: Total time for which application threads were stopped: 0.0017730 seconds, Stopping threads took: 0.0001390 seconds
113.589: Application time: 0.0654210 seconds
113.590: [GC113.590: [ParNew: 37097K->4131K(37632K), 0.0013590 secs] 81206K->49328K(121024K), 0.0013860 secs] [Times: user=0.01 sys=0.00, real=0.01 secs] 
113.591: Total time for which application threads were stopped: 0.0015340 seconds, Stopping threads took: 0.0000940 seconds
113.652: Application time: 0.0613770 seconds
113.653: [GC113.653: [ParNew: 36674K->4116K(37632K), 0.0011660 secs] 81871K->49313K(121024K), 0.0011970 secs] [Times: user=0.01 sys=0.00, real=0.00 secs] 
113.654: Total time for which application threads were stopped: 0.0013860 seconds, Stopping threads took: 0.0001330 seconds
113.713: Application time: 0.0595590 seconds
113.713: [GC113.713: [ParNew: 36630K->4154K(37632K), 0.0011770 secs] 81827K->49383K(121024K), 0.0012050 secs] [Times: user=0.00 sys=0.00, real=0.00 secs] 
113.715: Total time for which application threads were stopped: 0.0013340 seconds, Stopping threads took: 0.0000750 seconds
113.771: Application time: 0.0563180 seconds
113.771: [GC113.771: [ParNew: 37541K->4115K(37632K), 0.0017360 secs] 82770K->51456K(121024K), 0.0017690 secs] [Times: user=0.02 sys=0.00, real=0.00 secs] 
113.773: Total time for which application threads were stopped: 0.0018880 seconds, Stopping threads took: 0.0000600 seconds
113.832: Application time: 0.0594410 seconds
113.832: [GC113.832: [ParNew: 36913K->4112K(37632K), 0.0019410 secs] 84255K->54525K(121024K), 0.0019690 secs] [Times: user=0.02 sys=0.00, real=0.00 secs] 
113.834: Total time for which application threads were stopped: 0.0021410 seconds, Stopping threads took: 0.0001160 seconds
113.896: Application time: 0.0619880 seconds
113.897: [GC113.897: [ParNew: 36944K->4147K(37632K), 0.0013910 secs] 87357K->55584K(121024K), 0.0014240 secs] [Times: user=0.01 sys=0.00, real=0.00 secs] 
113.898: Total time for which application threads were stopped: 0.0015440 seconds, Stopping threads took: 0.0000650 seconds
113.959: Application time: 0.0606630 seconds
113.959: [GC113.959: [ParNew: 36812K->4116K(37632K), 0.0014700 secs] 88250K->56577K(121024K), 0.0015030 secs] [Times: user=0.01 sys=0.00, real=0.00 secs] 
113.960: Total time for which application threads were stopped: 0.0016620 seconds, Stopping threads took: 0.0000920 seconds
114.024: Application time: 0.0639200 seconds
114.024: [GC114.024: [ParNew: 37018K->4114K(37632K), 0.0015180 secs] 89479K->58623K(121024K), 0.0015560 secs] [Times: user=0.01 sys=0.00, real=0.00 secs] 
114.026: Total time for which application threads were stopped: 0.0017020 seconds, Stopping threads took: 0.0000950 seconds
114.083: Application time: 0.0567710 seconds
114.083: [GC114.083: [ParNew: 36944K->4112K(37632K), 0.0020290 secs] 91453K->61693K(121024K), 0.0020620 secs] [Times: user=0.01 sys=0.00, real=0.00 secs] 
114.085: Total time for which application threads were stopped: 0.0022110 seconds, Stopping threads took: 0.0000930 seconds
114.148: Application time: 0.0635010 seconds
114.149: [GC114.149: [ParNew: 37395K->4154K(37632K), 0.0019130 secs] 94976K->64855K(121024K), 0.0019480 secs] [Times: user=0.02 sys=0.00, real=0.00 secs] 
114.151: Total time for which application threads were stopped: 0.0020760 seconds, Stopping threads took: 0.0000710 seconds
114.213: Application time: 0.0625100 seconds
114.213: [GC114.213: [ParNew: 37389K->4159K(37632K), 0.0014440 secs] 98090K->66012K(121024K), 0.0014780 secs] [Times: user=0.01 sys=0.00, real=0.00 secs] 
114.215: Total time for which application threads were stopped: 0.0016210 seconds, Stopping threads took: 0.0000850 seconds
114.278: Application time: 0.0633150 seconds
114.278: [GC114.278: [ParNew: 37000K->4159K(37632K), 0.0011870 secs] 98854K->66092K(121024K), 0.0012200 secs] [Times: user=0.01 sys=0.00, real=0.01 secs] 
114.279: Total time for which application threads were stopped: 0.0013530 seconds, Stopping threads took: 0.0000780 seconds
114.341: Application time: 0.0617720 seconds
114.341: [GC114.341: [ParNew: 36719K->3113K(37632K), 0.0009770 secs] 98652K->65046K(121024K), 0.0010040 secs] [Times: user=0.01 sys=0.00, real=0.00 secs] 
114.342: Total time for which application threads were stopped: 0.0011490 seconds, Stopping threads took: 0.0000930 seconds
114.401: Application time: 0.0591760 seconds
114.402: [GC114.402: [ParNew: 35568K->4158K(37632K), 0.0011960 secs] 97501K->66108K(121024K), 0.0012270 secs] [Times: user=0.01 sys=0.00, real=0.00 secs] 
114.403: Total time for which application threads were stopped: 0.0013430 seconds, Stopping threads took: 0.0000580 seconds
114.459: Application time: 0.0561300 seconds
114.459: [GC114.459: [ParNew: 37630K->4140K(37632K), 0.0020680 secs] 99580K->69217K(121024K), 0.0021020 secs] [Times: user=0.01 sys=0.00, real=0.00 secs] 
114.461: Total time for which application threads were stopped: 0.0022570 seconds, Stopping threads took: 0.0000980 seconds
114.524: Application time: 0.0633270 seconds
114.525: [GC114.525: [ParNew: 37071K->4115K(37632K), 0.0014120 secs] 102148K->70280K(121024K), 0.0014410 secs] [Times: user=0.01 sys=0.00, real=0.00 secs] 
114.526: Total time for which application threads were stopped: 0.0015760 seconds, Stopping threads took: 0.0000700 seconds
114.586: Application time: 0.0602890 seconds
114.586: [GC114.586: [ParNew: 36882K->4133K(37632K), 0.0016700 secs] 103048K->72347K(121024K), 0.0017030 secs] [Times: user=0.01 sys=0.00, real=0.00 secs] 
114.588: Total time for which application threads were stopped: 0.0018370 seconds, Stopping threads took: 0.0000770 seconds
114.647: Application time: 0.0585290 seconds
114.647: [GC114.647: [ParNew: 36756K->4112K(37632K), 0.0017040 secs] 104970K->74373K(121024K), 0.0017380 secs] [Times: user=0.01 sys=0.00, real=0.00 secs] 
114.649: Total time for which application threads were stopped: 0.0018520 seconds, Stopping threads took: 0.0000570 seconds
114.711: Application time: 0.0623940 seconds
114.711: [GC114.711: [ParNew: 37027K->4114K(37632K), 0.0017000 secs] 107289K->76423K(121024K), 0.0017350 secs] [Times: user=0.01 sys=0.00, real=0.00 secs] 
114.713: Total time for which application threads were stopped: 0.0018600 seconds, Stopping threads took: 0.0000670 seconds
114.771: Application time: 0.0579710 seconds
114.771: [GC114.771: [ParNew: 36949K->4114K(37632K), 0.0020090 secs] 109258K->79496K(121024K), 0.0020450 secs] [Times: user=0.02 sys=0.00, real=0.00 secs] 
114.773: Total time for which application threads were stopped: 0.0022040 seconds, Stopping threads took: 0.0001010 seconds
114.835: Application time: 0.0621980 seconds
114.839: [GC114.839: [ParNew: 37366K->4152K(37632K), 0.0020200 secs] 112747K->82654K(121024K), 0.0020610 secs] [Times: user=0.01 sys=0.00, real=0.00 secs] 
114.841: Total time for which application threads were stopped: 0.0055960 seconds, Stopping threads took: 0.0034740 seconds
114.906: Application time: 0.0649340 seconds
114.906: [GC114.906: [ParNew: 37425K->4158K(37632K), 0.0017410 secs] 115927K->84848K(121024K), 0.0017760 secs] [Times: user=0.02 sys=0.00, real=0.00 secs] 
114.908: Total time for which application threads were stopped: 0.0019400 seconds, Stopping threads took: 0.0001050 seconds
114.969: Application time: 0.0611720 seconds
114.969: [GC114.969: [ParNew: 36877K->4148K(37632K), 0.0011870 secs] 117567K->84919K(121024K), 0.0012190 secs] [Times: user=0.00 sys=0.00, real=0.00 secs] 
114.970: Total time for which application threads were stopped: 0.0013570 seconds, Stopping threads took: 0.0000830 seconds
115.032: Application time: 0.0616970 seconds
115.032: [GC115.032: [ParNew: 36697K->3116K(37632K), 0.0009030 secs] 117467K->83886K(121024K), 0.0009330 secs] [Times: user=0.00 sys=0.00, real=0.00 secs] 
115.033: Total time for which application threads were stopped: 0.0010770 seconds, Stopping threads took: 0.0000810 seconds
115.092: Application time: 0.0585970 seconds
115.092: [GC115.092: [ParNew: 35618K->4158K(37632K), 0.0014500 secs] 116388K->85968K(121024K), 0.0014820 secs] [Times: user=0.01 sys=0.00, real=0.00 secs] 
115.093: Total time for which application threads were stopped: 0.0016030 seconds, Stopping threads took: 0.0000660 seconds
115.148: Application time: 0.0546070 seconds
115.148: [GC115.148: [ParNew: 36658K->4146K(37632K), 0.0018120 secs]115.150: [Tenured: 83914K->11836K(84420K), 0.0083460 secs] 118468K->11836K(122052K), [Perm : 5504K->5504K(21248K)], 0.0102500 secs] [Times: user=0.02 sys=0.00, real=0.01 secs] 
115.158: Total time for which application threads were stopped: 0.0104030 seconds, Stopping threads took: 0.0000900 seconds
115.223: Application time: 0.0649090 seconds
115.223: [GC115.223: [ParNew: 32949K->4133K(37632K), 0.0010670 secs] 44786K->15970K(121024K), 0.0010970 secs] [Times: user=0.01 sys=0.00, real=0.00 secs] 
115.224: Total time for which application threads were stopped: 0.0012370 seconds, Stopping threads took: 0.0000860 seconds
115.284: Application time: 0.0599190 seconds
115.284: [GC115.284: [ParNew: 36858K->4132K(37632K), 0.0012400 secs] 48695K->16992K(121024K), 0.0012740 secs] [Times: user=0.01 sys=0.00, real=0.00 secs] 
115.286: Total time for which application threads were stopped: 0.0014060 seconds, Stopping threads took: 0.0000760 seconds
115.346: Application time: 0.0603170 seconds
115.346: [GC115.346: [ParNew: 36853K->4131K(37632K), 0.0015630 secs] 49714K->19040K(121024K), 0.0015970 secs] [Times: user=0.01 sys=0.00, real=0.00 secs] 
115.348: Total time for which application threads were stopped: 0.0017220 seconds, Stopping threads took: 0.0000660 seconds
115.409: Application time: 0.0607780 seconds
115.409: [GC115.409: [ParNew: 36946K->4112K(37632K), 0.0013120 secs] 51855K->20045K(121024K), 0.0013430 secs] [Times: user=0.01 sys=0.00, real=0.00 secs] 
115.410: Total time for which application threads were stopped: 0.0014850 seconds, Stopping threads took: 0.0000880 seconds
115.470: Application time: 0.0598870 seconds
115.470: [GC115.470: [ParNew: 37008K->4112K(37632K), 0.0019180 secs] 52941K->23117K(121024K), 0.0019530 secs] [Times: user=0.01 sys=0.00, real=0.01 secs] 
115.472: Total time for which application threads were stopped: 0.0020800 seconds, Stopping threads took: 0.0000700 seconds
115.534: Application time: 0.0625460 seconds
115.535: [GC115.535: [ParNew: 37375K->4158K(37632K), 0.0016980 secs] 56379K->25267K(121024K), 0.0017310 secs] [Times: user=0.01 sys=0.00, real=0.00 secs] 
115.536: Total time for which application threads were stopped: 0.0019430 seconds, Stopping threads took: 0.0001480 seconds
115.603: Application time: 0.0663860 seconds
115.603: [GC115.603: [ParNew: 37503K->4159K(37632K), 0.0011160 secs] 58612K->25404K(121024K), 0.0011540 secs] [Times: user=0.01 sys=0.00, real=0.00 secs] 
115.604: Total time for which application threads were stopped: 0.0012820 seconds, Stopping threads took: 0.0000720 seconds
115.663: Application time: 0.0588640 seconds
115.663: [GC115.663: [ParNew: 37631K->4133K(37632K), 0.0011900 secs] 58876K->25450K(121024K), 0.0012210 secs] [Times: user=0.01 sys=0.00, real=0.00 secs] 
115.664: Total time for which application threads were stopped: 0.0013580 seconds, Stopping threads took: 0.0000810 seconds
115.728: Application time: 0.0635800 seconds
115.728: [GC115.728: [ParNew: 36818K->4150K(37632K), 0.0011260 secs] 58136K->25467K(121024K), 0.0011560 secs] [Times: user=0.00 sys=0.00, real=0.00 secs] 
115.729: Total time for which application threads were stopped: 0.0013010 seconds, Stopping threads took: 0.0000910 seconds
115.790: Application time: 0.0609650 seconds
115.790: [GC115.790: [ParNew: 36879K->4159K(37632K), 0.0011000 secs] 58196K->25500K(121024K), 0.0011330 secs] [Times: user=0.00 sys=0.00, real=0.01 secs] 
115.791: Total time for which application threads were stopped: 0.0012660 seconds, Stopping threads took: 0.0000800 seconds
115.848: Application time: 0.0560820 seconds
115.848: [GC115.848: [ParNew: 37631K->4148K(37632K), 0.0014430 secs] 58972K->26577K(121024K), 0.0014740 secs] [Times: user=0.01 sys=0.00, real=0.00 secs] 
115.849: Total time for which application threads were stopped: 0.0016250 seconds, Stopping threads took: 0.0000970 seconds
115.909: Application time: 0.0595970 seconds
115.909: [GC115.909: [ParNew: 36967K->4112K(37632K), 0.0020010 secs] 59396K->29677K(121024K), 0.0020390 secs] [Times: user=0.02 sys=0.00, real=0.01 secs] 
115.911: Total time for which application threads were stopped: 0.0021680 seconds, Stopping threads took: 0.0000680 seconds
115.973: Application time: 0.0616380 seconds
115.973: [GC115.973: [ParNew: 36968K->4132K(37632K), 0.0016260 secs] 62533K->31745K(121024K), 0.0016560 secs] [Times: user=0.02 sys=0.00, real=0.00 secs] 
115.974: Total time for which application threads were stopped: 0.0017900 seconds, Stopping threads took: 0.0000790 seconds
116.036: Application time: 0.0612000 seconds
116.036: [GC116.036: [ParNew: 36928K->4117K(37632K), 0.0013620 secs] 64541K->32754K(121024K), 0.0013920 secs] [Times: user=0.01 sys=0.00, real=0.00 secs] 
116.037: Total time for which application threads were stopped: 0.0015490 seconds, Stopping threads took: 0.0000940 seconds
116.098: Application time: 0.0605130 seconds
116.098: [GC116.098: [ParNew: 36822K->4112K(37632K), 0.0016520 secs] 65460K->34797K(121024K), 0.0016840 secs] [Times: user=0.01 sys=0.00, real=0.01 secs] 
116.099: Total time for which application threads were stopped: 0.0018060 seconds, Stopping threads took: 0.0000660 seconds
116.161: Application time: 0.0610670 seconds
116.161: [GC116.161: [ParNew: 36967K->4112K(37632K), 0.0019560 secs] 67652K->37869K(121024K), 0.0019890 secs] [Times: user=0.01 sys=0.00, real=0.00 secs] 
116.163: Total time for which application threads were stopped: 0.0021150 seconds, Stopping threads took: 0.0000700 seconds
116.226: Application time: 0.0637730 seconds
116.227: [GC116.227: [ParNew: 37386K->4158K(37632K), 0.0018660 secs] 71143K->41027K(121024K), 0.0018990 secs] [Times: user=0.01 sys=0.00, real=0.00 secs] 
116.228: Total time for which application threads were stopped: 0.0020220 seconds, Stopping threads took: 0.0000650 seconds
116.289: Application time: 0.0609760 seconds
116.290: [GC116.290: [ParNew: 37309K->4158K(37632K), 0.0014750 secs] 74178K->42211K(121024K), 0.0015090 secs] [Times: user=0.01 sys=0.00, real=0.01 secs] 
116.291: Total time for which application threads were stopped: 0.0016400 seconds, Stopping threads took: 0.0000740 seconds
116.352: Application time: 0.0612320 seconds
116.352: [GC116.352: [ParNew: 36727K->4136K(37632K), 0.0011990 secs] 74781K->42254K(121024K), 0.0012310 secs] [Times: user=0.01 sys=0.00, real=0.00 secs] 
116.354: Total time for which application threads were stopped: 0.0013540 seconds, Stopping threads took: 0.0000660 seconds
116.414: Application time: 0.0606650 seconds
116.422: [GC116.422: [ParNew: 36696K->3111K(37632K), 0.0009370 secs] 74813K->41229K(121024K), 0.0009770 secs] [Times: user=0.00 sys=0.01, real=0.00 secs] 
116.423: Total time for which application threads were stopped: 0.0091090 seconds, Stopping threads took: 0.0080770 seconds
116.483: Application time: 0.0593850 seconds
116.483: [GC116.483: [ParNew: 35859K->4158K(37632K), 0.0014010 secs] 73977K->43315K(121024K), 0.0014330 secs] [Times: user=0.01 sys=0.00, real=0.00 secs] 
116.484: Total time for which application threads were stopped: 0.0015720 seconds, Stopping threads took: 0.0000850 seconds
116.542: Application time: 0.0579200 seconds
116.542: [GC116.542: [ParNew: 36746K->4149K(37632K), 0.0012220 secs] 75904K->43363K(121024K), 0.0012540 secs] [Times: user=0.00 sys=0.00, real=0.00 secs] 
116.544: Total time for which application threads were stopped: 0.0013900 seconds, Stopping threads took: 0.0000740 seconds
116.603: Application time: 0.0592930 seconds
116.603: [GC116.603: [ParNew: 36948K->4112K(37632K), 0.0020420 secs] 76162K->46445K(121024K), 0.0020750 secs] [Times: user=0.01 sys=0.00, real=0.00 secs] 
116.605: Total time for which application threads were stopped: 0.0021990 seconds, Stopping threads took: 0.0000660 seconds
116.668: Application time: 0.0625170 seconds
116.668: [GC116.668: [ParNew: 36997K->4140K(37632K), 0.0014030 secs] 79331K->47497K(121024K), 0.0014340 secs] [Times: user=0.01 sys=0.00, real=0.00 secs] 
116.669: Total time for which application threads were stopped: 0.0015780 seconds, Stopping threads took: 0.0000890 seconds
116.730: Application time: 0.0602730 seconds
116.730: [GC116.730: [ParNew: 36886K->4132K(37632K), 0.0016130 secs] 80244K->48513K(121024K), 0.0016460 secs] [Times: user=0.01 sys=0.00, real=0.01 secs] 
116.731: Total time for which application threads were stopped: 0.0018490 seconds, Stopping threads took: 0.0001480 seconds
116.792: Application time: 0.0610140 seconds
116.793: [GC116.793: [ParNew: 36918K->4130K(37632K), 0.0017550 secs] 81300K->50560K(121024K), 0.0017880 secs] [Times: user=0.01 sys=0.00, real=0.00 secs] 
116.794: Total time for which application threads were stopped: 0.0020060 seconds, Stopping threads took: 0.0001620 seconds
116.854: Application time: 0.0600130 seconds
116.855: [GC116.855: [ParNew: 37004K->4144K(37632K), 0.0018450 secs] 83433K->52622K(121024K), 0.0018800 secs] [Times: user=0.01 sys=0.00, real=0.00 secs] 
116.856: Total time for which application threads were stopped: 0.0020260 seconds, Stopping threads took: 0.0000830 seconds
116.922: Application time: 0.0653280 seconds
116.922: [GC116.922: [ParNew: 37343K->4156K(37632K), 0.0014840 secs] 85821K->53746K(121024K), 0.0015170 secs] [Times: user=0.00 sys=0.00, real=0.00 secs] 
116.923: Total time for which application threads were stopped: 0.0016600 seconds, Stopping threads took: 0.0000880 seconds
116.984: Application time: 0.0608550 seconds
116.984: [GC116.984: [ParNew: 37183K->4158K(37632K), 0.0015360 secs] 86773K->54900K(121024K), 0.0015700 secs] [Times: user=0.01 sys=0.00, real=0.00 secs] 
116.986: Total time for which application threads were stopped: 0.0017350 seconds, Stopping threads took: 0.0001060 seconds
117.047: Application time: 0.0612330 seconds
117.047: [GC117.047: [ParNew: 36769K->3117K(37632K), 0.0008920 secs] 87511K->53903K(121024K), 0.0009220 secs] [Times: user=0.00 sys=0.00, real=0.00 secs] 
117.048: Total time for which application threads were stopped: 0.0010880 seconds, Stopping threads took: 0.0001050 seconds
117.108: Application time: 0.0596740 seconds
117.108: [GC117.108: [ParNew: 35643K->4154K(37632K), 0.0011050 secs] 86429K->54940K(121024K), 0.0011370 secs] [Times: user=0.01 sys=0.00, real=0.00 secs] 
117.109: Total time for which application threads were stopped: 0.0012510 seconds, Stopping threads took: 0.0000560 seconds
117.165: Application time: 0.0557250 seconds
117.165: [GC117.165: [ParNew: 37626K->4150K(37632K), 0.0018020 secs] 88412K->57000K(121024K), 0.0018310 secs] [Times: user=0.02 sys=0.00, real=0.00 secs] 
117.167: Total time for which application threads were stopped: 0.0019550 seconds, Stopping threads took: 0.0000600 seconds
117.232: Application time: 0.0653150 seconds
117.232: [GC117.232: [ParNew: 37184K->4145K(37632K), 0.0011370 secs] 90034K->57035K(121024K), 0.0011660 secs] [Times: user=0.01 sys=0.00, real=0.00 secs] 
117.234: Total time for which application threads were stopped: 0.0012760 seconds, Stopping threads took: 0.0000600 seconds
117.288: Application time: 0.0546080 seconds
117.289: [GC117.289: [ParNew: 36896K->4108K(37632K), 0.0020890 secs] 89787K->60134K(121024K), 0.0021220 secs] [Times: user=0.01 sys=0.00, real=0.01 secs] 
117.291: Total time for which application threads were stopped: 0.0024510 seconds, Stopping threads took: 0.0002720 seconds
117.357: Application time: 0.0667000 seconds
117.357: [GC117.358: [ParNew: 37119K->4110K(37632K), 0.0017200 secs] 93145K->62184K(121024K), 0.0017520 secs] [Times: user=0.02 sys=0.00, real=0.01 secs] 
117.359: Total time for which application threads were stopped: 0.0018860 seconds, Stopping threads took: 0.0000790 seconds
117.419: Application time: 0.0596320 seconds
117.419: [GC117.419: [ParNew: 36851K->4132K(37632K), 0.0017530 secs] 94926K->64254K(121024K), 0.0017880 secs] [Times: user=0.01 sys=0.00, real=0.00 secs] 
117.421: Total time for which application threads were stopped: 0.0019090 seconds, Stopping threads took: 0.0000640 seconds
117.483: Application time: 0.0622860 seconds
117.483: [GC117.483: [ParNew: 36958K->4130K(37632K), 0.0014080 secs] 97080K->65277K(121024K), 0.0014400 secs] [Times: user=0.01 sys=0.00, real=0.00 secs] 
117.485: Total time for which application threads were stopped: 0.0015970 seconds, Stopping threads took: 0.0001010 seconds
117.544: Application time: 0.0597410 seconds
117.545: [GC117.545: [ParNew: 36928K->4143K(37632K), 0.0017690 secs] 98074K->67337K(121024K), 0.0018020 secs] [Times: user=0.01 sys=0.00, real=0.00 secs] 
117.546: Total time for which application threads were stopped: 0.0019550 seconds, Stopping threads took: 0.0000980 seconds
117.611: Application time: 0.0644780 seconds
117.611: [GC117.611: [ParNew: 37301K->4157K(37632K), 0.0014450 secs] 100495K->68455K(121024K), 0.0014780 secs] [Times: user=0.01 sys=0.00, real=0.00 secs] 
117.613: Total time for which application threads were stopped: 0.0016280 seconds, Stopping threads took: 0.0000830 seconds
117.674: Application time: 0.0614320 seconds
117.674: [GC117.674: [ParNew: 37196K->4158K(37632K), 0.0013900 secs] 101495K->69636K(121024K), 0.0014240 secs] [Times: user=0.01 sys=0.00, real=0.00 secs] 
117.676: Total time for which application threads were stopped: 0.0015650 seconds, Stopping threads took: 0.0000840 seconds
117.735: Application time: 0.0598470 seconds
117.735: [GC117.735: [ParNew: 36628K->3115K(37632K), 0.0009520 secs] 102106K->68625K(121024K), 0.0009800 secs] [Times: user=0.00 sys=0.00, real=0.00 secs] 
117.736: Total time for which application threads were stopped: 0.0011170 seconds, Stopping threads took: 0.0000840 seconds
117.798: Application time: 0.0613420 seconds
117.798: [GC117.798: [ParNew: 35774K->4115K(37632K), 0.0010670 secs] 101285K->69626K(121024K), 0.0010970 secs] [Times: user=0.01 sys=0.00, real=0.01 secs] 
117.799: Total time for which application threads were stopped: 0.0012250 seconds, Stopping threads took: 0.0000720 seconds
117.854: Application time: 0.0548320 seconds
117.854: [GC117.854: [ParNew: 37581K->4138K(37632K), 0.0019880 secs] 103091K->72721K(121024K), 0.0020210 secs] [Times: user=0.01 sys=0.00, real=0.00 secs] 
117.856: Total time for which application threads were stopped: 0.0021460 seconds, Stopping threads took: 0.0000700 seconds
117.920: Application time: 0.0635640 seconds
117.920: [GC117.920: [ParNew: 37133K->4142K(37632K), 0.0016060 secs] 105716K->74837K(121024K), 0.0016400 secs] [Times: user=0.01 sys=0.00, real=0.00 secs] 
117.921: Total time for which application threads were stopped: 0.0017620 seconds, Stopping threads took: 0.0000650 seconds
117.978: Application time: 0.0569510 seconds
117.978: [GC117.978: [ParNew: 36929K->4112K(37632K), 0.0019940 secs] 107624K->77950K(121024K), 0.0020370 secs] [Times: user=0.01 sys=0.00, real=0.01 secs] 
117.980: Total time for which application threads were stopped: 0.0021670 seconds, Stopping threads took: 0.0000730 seconds
118.045: Application time: 0.0640530 seconds
118.045: [GC118.045: [ParNew: 37122K->4112K(37632K), 0.0019810 secs] 110961K->81022K(121024K), 0.0020150 secs] [Times: user=0.02 sys=0.00, real=0.00 secs] 
118.047: Total time for which application threads were stopped: 0.0021470 seconds, Stopping threads took: 0.0000750 seconds
118.108: Application time: 0.0610270 seconds
118.108: [GC118.108: [ParNew: 36911K->4132K(37632K), 0.0016300 secs] 113822K->83091K(121024K), 0.0016630 secs] [Times: user=0.01 sys=0.00, real=0.00 secs] 
118.109: Total time for which application threads were stopped: 0.0017850 seconds, Stopping threads took: 0.0000630 seconds
118.173: Application time: 0.0630250 seconds
118.173: [GC118.173: [ParNew: 36962K->4116K(37632K), 0.0014120 secs] 115921K->84099K(121024K), 0.0014440 secs] [Times: user=0.01 sys=0.00, real=0.00 secs] 
118.174: Total time for which application threads were stopped: 0.0015770 seconds, Stopping threads took: 0.0000670 seconds
118.236: Application time: 0.0621420 seconds
118.236: [GC118.236: [ParNew: 36960K->4147K(37632K), 0.0014170 secs] 116942K->85154K(121024K), 0.0014490 secs] [Times: user=0.01 sys=0.00, real=0.00 secs] 
118.238: Total time for which application threads were stopped: 0.0015740 seconds, Stopping threads took: 0.0000680 seconds
118.299: Application time: 0.0607700 seconds
118.299: [GC118.299: [ParNew: 37134K->4158K(37632K), 0.0011950 secs] 118141K->85269K(121024K), 0.0012250 secs] [Times: user=0.01 sys=0.00, real=0.00 secs] 
118.300: Total time for which application threads were stopped: 0.0013780 seconds, Stopping threads took: 0.0001000 seconds
118.358: Application time: 0.0585250 seconds
118.359: [GC118.359: [ParNew: 36941K->4153K(37632K), 0.0015630 secs] 118052K->86384K(121024K), 0.0015940 secs] [Times: user=0.01 sys=0.00, real=0.00 secs] 
118.360: Total time for which application threads were stopped: 0.0017320 seconds, Stopping threads took: 0.0000810 seconds
118.424: Application time: 0.0636230 seconds
118.424: [GC118.424: [ParNew: 36999K->4140K(37632K), 0.0012270 secs] 119230K->86451K(121024K), 0.0012560 secs] [Times: user=0.01 sys=0.00, real=0.00 secs] 
118.425: Total time for which application threads were stopped: 0.0013750 seconds, Stopping threads took: 0.0000650 seconds
118.485: Application time: 0.0596390 seconds
118.485: [GC118.485: [ParNew: 36654K->4117K(37632K), 0.0010510 secs] 118965K->86428K(121024K), 0.0010800 secs] [Times: user=0.00 sys=0.00, real=0.00 secs] 
118.486: Total time for which application threads were stopped: 0.0012020 seconds, Stopping threads took: 0.0000690 seconds
118.544: Application time: 0.0582420 seconds
118.544: [GC118.544: [ParNew: 36829K->4157K(37632K), 0.0013900 secs] 119140K->87496K(121024K), 0.0014220 secs] [Times: user=0.01 sys=0.00, real=0.00 secs] 
118.546: Total time for which application threads were stopped: 0.0015760 seconds, Stopping threads took: 0.0000970 seconds
118.603: Application time: 0.0575840 seconds
118.604: [GC118.604: [ParNew: 36878K->4141K(37632K), 0.0016740 secs]118.605: [Tenured: 85451K->13030K(85640K), 0.0086020 secs] 120217K->13030K(123272K), [Perm : 5504K->5504K(21248K)], 0.0104350 secs] [Times: user=0.02 sys=0.00, real=0.01 secs] 
118.614: Total time for which application threads were stopped: 0.0105700 seconds, Stopping threads took: 0.0000700 seconds
118.676: Application time: 0.0619130 seconds
118.676: [GC118.676: [ParNew: 32868K->4112K(37632K), 0.0017020 secs] 45898K->19191K(121024K), 0.0017370 secs] [Times: user=0.01 sys=0.00, real=0.00 secs] 
118.678: Total time for which application threads were stopped: 0.0018790 seconds, Stopping threads took: 0.0000750 seconds
118.741: Application time: 0.0630780 seconds
118.741: [GC118.741: [ParNew: 37102K->4130K(37632K), 0.0016400 secs] 52180K->21265K(121024K), 0.0016810 secs] [Times: user=0.02 sys=0.00, real=0.00 secs] 
118.743: Total time for which application threads were stopped: 0.0018460 seconds, Stopping threads took: 0.0001100 seconds
118.802: Application time: 0.0594440 seconds
118.802: [GC118.802: [ParNew: 36801K->4117K(37632K), 0.0013990 secs] 53936K->22275K(121024K), 0.0014300 secs] [Times: user=0.01 sys=0.00, real=0.00 secs] 
118.804: Total time for which application threads were stopped: 0.0015800 seconds, Stopping threads took: 0.0000950 seconds
118.866: Application time: 0.0619120 seconds
118.866: [GC118.866: [ParNew: 36926K->4136K(37632K), 0.0013330 secs] 55084K->23318K(121024K), 0.0013680 secs] [Times: user=0.01 sys=0.00, real=0.00 secs] 
118.867: Total time for which application threads were stopped: 0.0014990 seconds, Stopping threads took: 0.0000760 seconds
118.928: Application time: 0.0611410 seconds
118.928: [GC118.928: [ParNew: 36956K->4145K(37632K), 0.0014620 secs] 56138K->24352K(121024K), 0.0014970 secs] [Times: user=0.01 sys=0.00, real=0.00 secs] 
118.930: Total time for which application threads were stopped: 0.0016270 seconds, Stopping threads took: 0.0000730 seconds
118.992: Application time: 0.0622980 seconds
118.992: [GC118.992: [ParNew: 37177K->4157K(37632K), 0.0014210 secs] 57383K->25476K(121024K), 0.0014550 secs] [Times: user=0.01 sys=0.00, real=0.00 secs] 
118.994: Total time for which application threads were stopped: 0.0015910 seconds, Stopping threads took: 0.0000800 seconds
119.053: Application time: 0.0595170 seconds
119.054: [GC119.054: [ParNew: 36900K->4158K(37632K), 0.0017660 secs] 58218K->27652K(121024K), 0.0018000 secs] [Times: user=0.01 sys=0.00, real=0.00 secs] 
119.055: Total time for which application threads were stopped: 0.0019330 seconds, Stopping threads took: 0.0000780 seconds
119.115: Application time: 0.0593870 seconds
119.115: [GC119.115: [ParNew: 36772K->4132K(37632K), 0.0014210 secs] 60267K->28730K(121024K), 0.0014530 secs] [Times: user=0.01 sys=0.00, real=0.00 secs] 
119.116: Total time for which application threads were stopped: 0.0016030 seconds, Stopping threads took: 0.0000940 seconds
119.180: Application time: 0.0641280 seconds
119.181: [GC119.181: [ParNew: 36974K->4112K(37632K), 0.0014950 secs] 61573K->29734K(121024K), 0.0015240 secs] [Times: user=0.01 sys=0.00, real=0.00 secs] 
119.182: Total time for which application threads were stopped: 0.0016490 seconds, Stopping threads took: 0.0000580 seconds
119.242: Application time: 0.0602870 seconds
119.243: [GC119.243: [ParNew: 36919K->4151K(37632K), 0.0013090 secs] 62541K->30814K(121024K), 0.0013420 secs] [Times: user=0.01 sys=0.00, real=0.00 secs] 
119.244: Total time for which application threads were stopped: 0.0014830 seconds, Stopping threads took: 0.0000870 seconds
119.300: Application time: 0.0556510 seconds
119.300: [GC119.300: [ParNew: 36812K->4142K(37632K), 0.0016430 secs] 63474K->32892K(121024K), 0.0016750 secs] [Times: user=0.02 sys=0.00, real=0.00 secs] 
119.301: Total time for which application threads were stopped: 0.0018180 seconds, Stopping threads took: 0.0000880 seconds
119.364: Application time: 0.0623540 seconds
119.364: [GC119.364: [ParNew: 37040K->4112K(37632K), 0.0020040 secs] 65790K->35990K(121024K), 0.0020370 secs] [Times: user=0.01 sys=0.00, real=0.00 secs] 
119.366: Total time for which application threads were stopped: 0.0022010 seconds, Stopping threads took: 0.0001060 seconds
119.428: Application time: 0.0623050 seconds
119.428: [GC119.428: [ParNew: 37047K->4110K(37632K), 0.0019940 secs] 68925K->39060K(121024K), 0.0020240 secs] [Times: user=0.01 sys=0.00, real=0.00 secs] 
119.430: Total time for which application threads were stopped: 0.0021550 seconds, Stopping threads took: 0.0000740 seconds
119.493: Application time: 0.0630010 seconds
119.493: [GC119.494: [ParNew: 36998K->4147K(37632K), 0.0012120 secs] 71949K->39098K(121024K), 0.0012420 secs] [Times: user=0.01 sys=0.00, real=0.00 secs] 
119.495: Total time for which application threads were stopped: 0.0013710 seconds, Stopping threads took: 0.0000750 seconds
119.556: Application time: 0.0613830 seconds
119.556: [GC119.556: [ParNew: 36764K->4156K(37632K), 0.0010750 secs] 71715K->39107K(121024K), 0.0011150 secs] [Times: user=0.01 sys=0.00, real=0.00 secs] 
119.557: Total time for which application threads were stopped: 0.0012310 seconds, Stopping threads took: 0.0000620 seconds
119.619: Application time: 0.0612360 seconds
119.619: [GC119.619: [ParNew: 36817K->3127K(37632K), 0.0009970 secs] 71768K->38078K(121024K), 0.0010250 secs] [Times: user=0.01 sys=0.00, real=0.00 secs] 
119.620: Total time for which application threads were stopped: 0.0011430 seconds, Stopping threads took: 0.0000670 seconds
119.679: Application time: 0.0596060 seconds
119.679: [GC119.679: [ParNew: 35897K->4146K(37632K), 0.0013900 secs] 70848K->40185K(121024K), 0.0014230 secs] [Times: user=0.01 sys=0.00, real=0.00 secs] 
119.681: Total time for which application threads were stopped: 0.0015500 seconds, Stopping threads took: 0.0000720 seconds
119.740: Application time: 0.0595640 seconds
119.741: [GC119.741: [ParNew: 37292K->4154K(37632K), 0.0016600 secs] 73331K->42385K(121024K), 0.0016930 secs] [Times: user=0.02 sys=0.00, real=0.00 secs] 
119.742: Total time for which application threads were stopped: 0.0018380 seconds, Stopping threads took: 0.0000760 seconds
119.803: Application time: 0.0610270 seconds
119.803: [GC119.803: [ParNew: 36852K->3131K(37632K), 0.0009240 secs] 75083K->41418K(121024K), 0.0009530 secs] [Times: user=0.01 sys=0.00, real=0.00 secs] 
119.804: Total time for which application threads were stopped: 0.0010800 seconds, Stopping threads took: 0.0000740 seconds
119.861: Application time: 0.0566730 seconds
119.861: [GC119.861: [ParNew: 35603K->4115K(37632K), 0.0016410 secs] 73890K->44450K(121024K), 0.0016780 secs] [Times: user=0.01 sys=0.00, real=0.00 secs] 
119.863: Total time for which application threads were stopped: 0.0018290 seconds, Stopping threads took: 0.0000920 seconds
119.929: Application time: 0.0657570 seconds
119.929: [GC119.929: [ParNew: 37195K->3139K(37632K), 0.0009010 secs] 77530K->43474K(121024K), 0.0009430 secs] [Times: user=0.01 sys=0.00, real=0.00 secs] 
119.930: Total time for which application threads were stopped: 0.0010660 seconds, Stopping threads took: 0.0000730 seconds
119.985: Application time: 0.0553380 seconds
119.985: [GC119.985: [ParNew: 35828K->4146K(37632K), 0.0017670 secs] 76164K->46585K(121024K), 0.0017990 secs] [Times: user=0.01 sys=0.00, real=0.00 secs] 
119.987: Total time for which application threads were stopped: 0.0019970 seconds, Stopping threads took: 0.0001420 seconds
120.052: Application time: 0.0651660 seconds
120.052: [GC120.052: [ParNew: 37091K->4116K(37632K), 0.0016270 secs] 79530K->48651K(121024K), 0.0016610 secs] [Times: user=0.01 sys=0.00, real=0.00 secs] 
120.054: Total time for which application threads were stopped: 0.0018170 seconds, Stopping threads took: 0.0000980 seconds
120.114: Application time: 0.0598700 seconds
120.114: [GC120.114: [ParNew: 36957K->4129K(37632K), 0.0017330 secs] 81492K->50712K(121024K), 0.0017670 secs] [Times: user=0.02 sys=0.00, real=0.00 secs] 
120.116: Total time for which application threads were stopped: 0.0019080 seconds, Stopping threads took: 0.0000830 seconds
120.180: Application time: 0.0646110 seconds
120.181: [GC120.181: [ParNew: 36948K->4118K(37632K), 0.0011390 secs] 83531K->50701K(121024K), 0.0011710 secs] [Times: user=0.01 sys=0.00, real=0.00 secs] 
120.182: Total time for which application threads were stopped: 0.0013010 seconds, Stopping threads took: 0.0000740 seconds
120.241: Application time: 0.0589980 seconds
120.241: [GC120.241: [ParNew: 37590K->4115K(37632K), 0.0013660 secs] 84173K->51722K(121024K), 0.0013960 secs] [Times: user=0.01 sys=0.00, real=0.00 secs] 
120.242: Total time for which application threads were stopped: 0.0015520 seconds, Stopping threads took: 0.0000870 seconds
120.306: Application time: 0.0632100 seconds
120.306: [GC120.306: [ParNew: 36995K->4144K(37632K), 0.0011460 secs] 84602K->51752K(121024K), 0.0011770 secs] [Times: user=0.01 sys=0.00, real=0.00 secs] 
120.307: Total time for which application threads were stopped: 0.0013340 seconds, Stopping threads took: 0.0000970 seconds
120.365: Application time: 0.0582010 seconds
120.365: [GC120.365: [ParNew: 36954K->4150K(37632K), 0.0016220 secs] 84561K->53870K(121024K), 0.0016550 secs] [Times: user=0.01 sys=0.00, real=0.00 secs] 
120.367: Total time for which application threads were stopped: 0.0017910 seconds, Stopping threads took: 0.0000780 seconds
120.430: Application time: 0.0626840 seconds
120.430: [GC120.430: [ParNew: 37377K->4158K(37632K), 0.0014050 secs] 87096K->55073K(121024K), 0.0014370 secs] [Times: user=0.01 sys=0.00, real=0.01 secs] 
120.431: Total time for which application threads were stopped: 0.0015860 seconds, Stopping threads took: 0.0000930 seconds
120.494: Application time: 0.0628340 seconds
120.494: [GC120.494: [ParNew: 37010K->4138K(37632K), 0.0011330 secs] 87925K->55118K(121024K), 0.0011650 secs] [Times: user=0.01 sys=0.00, real=0.00 secs] 
120.495: Total time for which application threads were stopped: 0.0012900 seconds, Stopping threads took: 0.0000700 seconds
120.556: Application time: 0.0611280 seconds
120.557: [GC120.557: [ParNew: 36793K->4122K(37632K), 0.0010990 secs] 87773K->55102K(121024K), 0.0011300 secs] [Times: user=0.00 sys=0.00, real=0.00 secs] 
120.558: Total time for which application threads were stopped: 0.0012830 seconds, Stopping threads took: 0.0001010 seconds
120.616: Application time: 0.0580680 seconds
120.616: [GC120.616: [ParNew: 36841K->4141K(37632K), 0.0017080 secs] 87820K->57168K(121024K), 0.0017410 secs] [Times: user=0.01 sys=0.00, real=0.00 secs] 
120.618: Total time for which application threads were stopped: 0.0018640 seconds, Stopping threads took: 0.0000650 seconds
120.680: Application time: 0.0623660 seconds
120.680: [GC120.680: [ParNew: 37027K->4154K(37632K), 0.0013010 secs] 90054K->58262K(121024K), 0.0013330 secs] [Times: user=0.01 sys=0.00, real=0.00 secs] 
120.681: Total time for which application threads were stopped: 0.0014640 seconds, Stopping threads took: 0.0000740 seconds
120.741: Application time: 0.0600200 seconds
120.742: [GC120.742: [ParNew: 36905K->4129K(37632K), 0.0012150 secs] 91012K->58276K(121024K), 0.0012460 secs] [Times: user=0.01 sys=0.00, real=0.00 secs] 
120.743: Total time for which application threads were stopped: 0.0013850 seconds, Stopping threads took: 0.0000850 seconds
120.804: Application time: 0.0615020 seconds
120.804: [GC120.805: [ParNew: 36773K->4134K(37632K), 0.0013300 secs] 90921K->59306K(121024K), 0.0013610 secs] [Times: user=0.01 sys=0.00, real=0.00 secs] 
120.806: Total time for which application threads were stopped: 0.0014970 seconds, Stopping threads took: 0.0000740 seconds
120.864: Application time: 0.0581030 seconds
120.864: [GC120.864: [ParNew: 36632K->4134K(37632K), 0.0013550 secs] 91803K->60329K(121024K), 0.0013830 secs] [Times: user=0.01 sys=0.00, real=0.00 secs] 
120.865: Total time for which application threads were stopped: 0.0015040 seconds, Stopping threads took: 0.0000660 seconds
120.924: Application time: 0.0582350 seconds
120.924: [GC120.924: [ParNew: 36848K->4112K(37632K), 0.0018680 secs] 93043K->63379K(121024K), 0.0019040 secs] [Times: user=0.01 sys=0.00, real=0.00 secs] 
120.926: Total time for which application threads were stopped: 0.0020600 seconds, Stopping threads took: 0.0000980 seconds
120.989: Application time: 0.0627610 seconds
120.989: [GC120.989: [ParNew: 37210K->4158K(37632K), 0.0016780 secs] 96478K->65473K(121024K), 0.0017120 secs] [Times: user=0.01 sys=0.00, real=0.00 secs] 
120.990: Total time for which application threads were stopped: 0.0018390 seconds, Stopping threads took: 0.0000660 seconds
121.055: Application time: 0.0643040 seconds
121.055: [GC121.055: [ParNew: 37222K->4156K(37632K), 0.0013480 secs] 98538K->66552K(121024K), 0.0013800 secs] [Times: user=0.01 sys=0.00, real=0.00 secs] 
121.056: Total time for which application threads were stopped: 0.0015190 seconds, Stopping threads took: 0.0000830 seconds
121.117: Application time: 0.0603170 seconds
121.119: [GC121.119: [ParNew: 37295K->4154K(37632K), 0.0014130 secs] 99691K->67718K(121024K), 0.0014540 secs] [Times: user=0.01 sys=0.00, real=0.00 secs] 
121.120: Total time for which application threads were stopped: 0.0036170 seconds, Stopping threads took: 0.0021050 seconds
121.182: Application time: 0.0618080 seconds
121.183: [GC121.183: [ParNew: 36847K->3120K(37632K), 0.0010080 secs] 100411K->66752K(121024K), 0.0010380 secs] [Times: user=0.01 sys=0.00, real=0.00 secs] 
121.184: Total time for which application threads were stopped: 0.0018000 seconds, Stopping threads took: 0.0007070 seconds
121.243: Application time: 0.0590280 seconds
121.243: [GC121.243: [ParNew: 35629K->4132K(37632K), 0.0011680 secs] 99261K->67764K(121024K), 0.0011980 secs] [Times: user=0.00 sys=0.00, real=0.00 secs] 
121.244: Total time for which application threads were stopped: 0.0013140 seconds, Stopping threads took: 0.0000610 seconds
121.306: Application time: 0.0616360 seconds
121.306: [GC121.306: [ParNew: 37044K->4142K(37632K), 0.0016780 secs] 100676K->69822K(121024K), 0.0017100 secs] [Times: user=0.01 sys=0.00, real=0.00 secs] 
121.308: Total time for which application threads were stopped: 0.0018860 seconds, Stopping threads took: 0.0001110 seconds
121.371: Application time: 0.0634340 seconds
121.371: [GC121.371: [ParNew: 37122K->4159K(37632K), 0.0011570 secs] 102802K->69911K(121024K), 0.0011860 secs] [Times: user=0.01 sys=0.00, real=0.00 secs] 
121.372: Total time for which application threads were stopped: 0.0013440 seconds, Stopping threads took: 0.0001040 seconds
121.430: Application time: 0.0577420 seconds
121.430: [GC121.430: [ParNew: 37576K->4138K(37632K), 0.0011890 secs] 103328K->69907K(121024K), 0.0012220 secs] [Times: user=0.01 sys=0.00, real=0.01 secs] 
121.432: Total time for which application threads were stopped: 0.0013640 seconds, Stopping threads took: 0.0000850 seconds
121.494: Application time: 0.0624770 seconds
121.494: [GC121.494: [ParNew: 36847K->4115K(37632K), 0.0013740 secs] 102615K->70907K(121024K), 0.0014040 secs] [Times: user=0.01 sys=0.00, real=0.00 secs] 
121.496: Total time for which application threads were stopped: 0.0015140 seconds, Stopping threads took: 0.0000590 seconds
121.555: Application time: 0.0596570 seconds
121.555: [GC121.555: [ParNew: 36836K->4128K(37632K), 0.0014280 secs] 103628K->71944K(121024K), 0.0014590 secs] [Times: user=0.01 sys=0.00, real=0.00 secs] 
121.557: Total time for which application threads were stopped: 0.0015850 seconds, Stopping threads took: 0.0000710 seconds
121.615: Application time: 0.0583490 seconds
121.615: [GC121.615: [ParNew: 36845K->4114K(37632K), 0.0016490 secs] 104661K->73978K(121024K), 0.0016830 secs] [Times: user=0.01 sys=0.00, real=0.00 secs] 
121.617: Total time for which application threads were stopped: 0.0018100 seconds, Stopping threads took: 0.0000690 seconds
121.681: Application time: 0.0644680 seconds
121.682: [GC121.682: [ParNew: 37208K->4159K(37632K), 0.0014690 secs] 107072K->75047K(121024K), 0.0015010 secs] [Times: user=0.01 sys=0.00, real=0.00 secs] 
121.683: Total time for which application threads were stopped: 0.0016390 seconds, Stopping threads took: 0.0000840 seconds
121.743: Application time: 0.0597210 seconds
121.743: [GC121.743: [ParNew: 37006K->4158K(37632K), 0.0017370 secs] 107894K->77158K(121024K), 0.0017690 secs] [Times: user=0.01 sys=0.00, real=0.00 secs] 
121.745: Total time for which application threads were stopped: 0.0018870 seconds, Stopping threads took: 0.0000640 seconds
121.806: Application time: 0.0616740 seconds
121.806: [GC121.807: [ParNew: 37348K->4158K(37632K), 0.0015040 secs] 110349K->78322K(121024K), 0.0015380 secs] [Times: user=0.00 sys=0.00, real=0.00 secs] 
121.808: Total time for which application threads were stopped: 0.0017200 seconds, Stopping threads took: 0.0001260 seconds
121.871: Application time: 0.0633870 seconds
121.872: [GC121.872: [ParNew: 37035K->4118K(37632K), 0.0016950 secs] 111200K->80406K(121024K), 0.0017270 secs] [Times: user=0.01 sys=0.00, real=0.00 secs] 
121.873: Total time for which application threads were stopped: 0.0018630 seconds, Stopping threads took: 0.0000710 seconds
121.935: Application time: 0.0615080 seconds
121.935: [GC121.935: [ParNew: 36882K->4138K(37632K), 0.0013640 secs] 113171K->81450K(121024K), 0.0014050 secs] [Times: user=0.01 sys=0.00, real=0.00 secs] 
121.936: Total time for which application threads were stopped: 0.0015190 seconds, Stopping threads took: 0.0000590 seconds
121.996: Application time: 0.0595480 seconds
121.996: [GC121.996: [ParNew: 36826K->4159K(37632K), 0.0012270 secs] 114139K->81499K(121024K), 0.0012570 secs] [Times: user=0.01 sys=0.00, real=0.00 secs] 
121.997: Total time for which application threads were stopped: 0.0013830 seconds, Stopping threads took: 0.0000700 seconds
122.060: Application time: 0.0627990 seconds
122.060: [GC122.060: [ParNew: 37035K->4158K(37632K), 0.0012350 secs] 114375K->81530K(121024K), 0.0012620 secs] [Times: user=0.01 sys=0.00, real=0.00 secs] 
122.061: Total time for which application threads were stopped: 0.0013820 seconds, Stopping threads took: 0.0000650 seconds
122.119: Application time: 0.0576110 seconds
122.119: [GC122.119: [ParNew: 37558K->4131K(37632K), 0.0011540 secs] 114931K->81559K(121024K), 0.0011870 secs] [Times: user=0.00 sys=0.00, real=0.00 secs] 
122.120: Total time for which application threads were stopped: 0.0013350 seconds, Stopping threads took: 0.0000910 seconds
122.181: Application time: 0.0606590 seconds
122.181: [GC122.181: [ParNew: 36836K->4116K(37632K), 0.0016630 secs] 114265K->83592K(121024K), 0.0016970 secs] [Times: user=0.01 sys=0.00, real=0.00 secs] 
122.183: Total time for which application threads were stopped: 0.0018190 seconds, Stopping threads took: 0.0000670 seconds
122.242: Application time: 0.0593920 seconds
122.242: [GC122.242: [ParNew: 36793K->4118K(37632K), 0.0017000 secs] 116269K->85642K(121024K), 0.0017330 secs] [Times: user=0.01 sys=0.01, real=0.00 secs] 
122.244: Total time for which application threads were stopped: 0.0018540 seconds, Stopping threads took: 0.0000630 seconds
122.305: Application time: 0.0606300 seconds
122.305: [GC122.305: [ParNew: 36959K->4116K(37632K), 0.0016060 secs]122.307: [Tenured: 83572K->13211K(84420K), 0.0084970 secs] 118483K->13211K(122052K), [Perm : 5504K->5504K(21248K)], 0.0101850 secs] [Times: user=0.02 sys=0.00, real=0.01 secs] 
122.315: Total time for which application threads were stopped: 0.0103250 seconds, Stopping threads took: 0.0000780 seconds
122.378: Application time: 0.0626890 seconds
122.378: [GC122.378: [ParNew: 33063K->4148K(37632K), 0.0014040 secs] 46275K->18384K(121024K), 0.0014340 secs] [Times: user=0.01 sys=0.00, real=0.01 secs] 
122.379: Total time for which application threads were stopped: 0.0016090 seconds, Stopping threads took: 0.0001130 seconds
122.440: Application time: 0.0601300 seconds
122.440: [GC122.440: [ParNew: 36998K->4158K(37632K), 0.0016370 secs] 51233K->20506K(121024K), 0.0016710 secs] [Times: user=0.01 sys=0.00, real=0.00 secs] 
122.441: Total time for which application threads were stopped: 0.0017950 seconds, Stopping threads took: 0.0000640 seconds
122.503: Application time: 0.0615140 seconds
122.503: [GC122.503: [ParNew: 37398K->4158K(37632K), 0.0014540 secs] 53746K->21666K(121024K), 0.0014860 secs] [Times: user=0.01 sys=0.00, real=0.00 secs] 
122.505: Total time for which application threads were stopped: 0.0016780 seconds, Stopping threads took: 0.0001370 seconds
122.570: Application time: 0.0653000 seconds
122.570: [GC122.570: [ParNew: 37088K->4135K(37632K), 0.0011160 secs] 54596K->21735K(121024K), 0.0011480 secs] [Times: user=0.01 sys=0.00, real=0.01 secs] 
122.571: Total time for which application threads were stopped: 0.0012670 seconds, Stopping threads took: 0.0000620 seconds
122.628: Application time: 0.0567930 seconds
122.628: [GC122.628: [ParNew: 37607K->4117K(37632K), 0.0020140 secs] 55207K->24789K(121024K), 0.0020490 secs] [Times: user=0.02 sys=0.00, real=0.00 secs] 
122.630: Total time for which application threads were stopped: 0.0021820 seconds, Stopping threads took: 0.0000750 seconds
122.695: Application time: 0.0650390 seconds
122.695: [GC122.695: [ParNew: 37178K->4158K(37632K), 0.0014560 secs] 57850K->25878K(121024K), 0.0014880 secs] [Times: user=0.01 sys=0.00, real=0.00 secs] 
122.697: Total time for which application threads were stopped: 0.0016220 seconds, Stopping threads took: 0.0000780 seconds
122.757: Application time: 0.0606730 seconds
122.758: [GC122.758: [ParNew: 36981K->4158K(37632K), 0.0014270 secs] 58701K->26982K(121024K), 0.0014600 secs] [Times: user=0.01 sys=0.00, real=0.01 secs] 
122.759: Total time for which application threads were stopped: 0.0016110 seconds, Stopping threads took: 0.0000930 seconds
122.820: Application time: 0.0610210 seconds
122.820: [GC122.820: [ParNew: 37630K->4132K(37632K), 0.0011320 secs] 60454K->26988K(121024K), 0.0011640 secs] [Times: user=0.01 sys=0.00, real=0.00 secs] 
122.821: Total time for which application threads were stopped: 0.0013050 seconds, Stopping threads took: 0.0000850 seconds
122.880: Application time: 0.0583730 seconds
122.880: [GC122.880: [ParNew: 36673K->4116K(37632K), 0.0014490 secs] 59530K->27996K(121024K), 0.0014800 secs] [Times: user=0.01 sys=0.00, real=0.00 secs] 
122.881: Total time for which application threads were stopped: 0.0016100 seconds, Stopping threads took: 0.0000670 seconds
122.939: Application time: 0.0573710 seconds
122.939: [GC122.939: [ParNew: 36770K->4116K(37632K), 0.0016330 secs] 60650K->30044K(121024K), 0.0016660 secs] [Times: user=0.01 sys=0.00, real=0.00 secs] 
122.940: Total time for which application threads were stopped: 0.0017920 seconds, Stopping threads took: 0.0000700 seconds
123.003: Application time: 0.0623750 seconds
123.003: [GC123.003: [ParNew: 37013K->4112K(37632K), 0.0016360 secs] 62941K->32088K(121024K), 0.0016660 secs] [Times: user=0.01 sys=0.00, real=0.00 secs] 
123.005: Total time for which application threads were stopped: 0.0018220 seconds, Stopping threads took: 0.0001020 seconds
123.064: Application time: 0.0591810 seconds
123.064: [GC123.064: [ParNew: 37068K->4140K(37632K), 0.0019550 secs] 65045K->35188K(121024K), 0.0019880 secs] [Times: user=0.02 sys=0.00, real=0.00 secs] 
123.066: Total time for which application threads were stopped: 0.0021220 seconds, Stopping threads took: 0.0000770 seconds
123.130: Application time: 0.0635840 seconds
123.130: [GC123.130: [ParNew: 37182K->4147K(37632K), 0.0016740 secs] 68230K->37315K(121024K), 0.0017070 secs] [Times: user=0.02 sys=0.00, real=0.01 secs] 
123.131: Total time for which application threads were stopped: 0.0018480 seconds, Stopping threads took: 0.0000830 seconds
123.194: Application time: 0.0629740 seconds
123.195: [GC123.195: [ParNew: 37435K->4159K(37632K), 0.0016290 secs] 70604K->39523K(121024K), 0.0016650 secs] [Times: user=0.01 sys=0.00, real=0.00 secs] 
123.196: Total time for which application threads were stopped: 0.0017940 seconds, Stopping threads took: 0.0000710 seconds
123.260: Application time: 0.0636480 seconds
123.260: [GC123.260: [ParNew: 36982K->3142K(37632K), 0.0009210 secs] 72346K->38595K(121024K), 0.0009520 secs] [Times: user=0.01 sys=0.00, real=0.00 secs] 
123.261: Total time for which application threads were stopped: 0.0011200 seconds, Stopping threads took: 0.0001130 seconds
123.321: Application time: 0.0598370 seconds
123.321: [GC123.321: [ParNew: 36614K->4119K(37632K), 0.0014570 secs] 72067K->40596K(121024K), 0.0014890 secs] [Times: user=0.00 sys=0.00, real=0.00 secs] 
123.322: Total time for which application threads were stopped: 0.0016420 seconds, Stopping threads took: 0.0000960 seconds
123.387: Application time: 0.0644860 seconds
123.387: [GC123.387: [ParNew: 37144K->4145K(37632K), 0.0013860 secs] 73621K->41646K(121024K), 0.0014170 secs] [Times: user=0.01 sys=0.00, real=0.00 secs] 
123.388: Total time for which application threads were stopped: 0.0015450 seconds, Stopping threads took: 0.0000630 seconds
123.447: Application time: 0.0584150 seconds
123.447: [GC123.447: [ParNew: 36727K->4146K(37632K), 0.0013650 secs] 74228K->42727K(121024K), 0.0013960 secs] [Times: user=0.01 sys=0.00, real=0.00 secs] 
123.448: Total time for which application threads were stopped: 0.0015130 seconds, Stopping threads took: 0.0000610 seconds
123.509: Application time: 0.0604030 seconds
123.509: [GC123.509: [ParNew: 36750K->4134K(37632K), 0.0017900 secs] 75331K->44826K(121024K), 0.0018320 secs] [Times: user=0.01 sys=0.00, real=0.01 secs] 
123.511: Total time for which application threads were stopped: 0.0021610 seconds, Stopping threads took: 0.0002610 seconds
123.570: Application time: 0.0587870 seconds
123.570: [GC123.570: [ParNew: 36795K->4150K(37632K), 0.0011600 secs] 77488K->44843K(121024K), 0.0011940 secs] [Times: user=0.01 sys=0.00, real=0.01 secs] 
123.571: Total time for which application threads were stopped: 0.0013240 seconds, Stopping threads took: 0.0000770 seconds
123.630: Application time: 0.0592530 seconds
123.630: [GC123.630: [ParNew: 36708K->4112K(37632K), 0.0013230 secs] 77400K->45829K(121024K), 0.0013570 secs] [Times: user=0.01 sys=0.01, real=0.01 secs] 
123.632: Total time for which application threads were stopped: 0.0014830 seconds, Stopping threads took: 0.0000730 seconds
123.694: Application time: 0.0618470 seconds
123.694: [GC123.694: [ParNew: 36984K->4112K(37632K), 0.0020160 secs] 78700K->48900K(121024K), 0.0020470 secs] [Times: user=0.01 sys=0.00, real=0.00 secs] 
123.696: Total time for which application threads were stopped: 0.0021780 seconds, Stopping threads took: 0.0000760 seconds
123.755: Application time: 0.0593500 seconds
123.755: [GC123.755: [ParNew: 37118K->4142K(37632K), 0.0019830 secs] 81907K->52003K(121024K), 0.0020180 secs] [Times: user=0.01 sys=0.00, real=0.00 secs] 
123.757: Total time for which application threads were stopped: 0.0021810 seconds, Stopping threads took: 0.0001040 seconds
123.820: Application time: 0.0630290 seconds
123.821: [GC123.821: [ParNew: 37170K->4159K(37632K), 0.0016970 secs] 85031K->54124K(121024K), 0.0017300 secs] [Times: user=0.01 sys=0.00, real=0.00 secs] 
123.822: Total time for which application threads were stopped: 0.0018710 seconds, Stopping threads took: 0.0000830 seconds
123.882: Application time: 0.0600610 seconds
123.883: [GC123.883: [ParNew: 37317K->4156K(37632K), 0.0017620 secs] 87282K->56297K(121024K), 0.0017970 secs] [Times: user=0.01 sys=0.00, real=0.00 secs] 
123.884: Total time for which application threads were stopped: 0.0019560 seconds, Stopping threads took: 0.0001030 seconds
123.950: Application time: 0.0656690 seconds
123.950: [GC123.950: [ParNew: 37144K->4135K(37632K), 0.0011350 secs] 89285K->56372K(121024K), 0.0011660 secs] [Times: user=0.01 sys=0.00, real=0.01 secs] 
123.951: Total time for which application threads were stopped: 0.0013670 seconds, Stopping threads took: 0.0001370 seconds
124.011: Application time: 0.0598290 seconds
124.011: [GC124.011: [ParNew: 36695K->4134K(37632K), 0.0013970 secs] 88932K->57395K(121024K), 0.0014280 secs] [Times: user=0.02 sys=0.00, real=0.00 secs] 
124.013: Total time for which application threads were stopped: 0.0015530 seconds, Stopping threads took: 0.0000690 seconds
124.074: Application time: 0.0616820 seconds
124.075: [GC124.075: [ParNew: 36859K->3165K(37632K), 0.0008350 secs] 90120K->56427K(121024K), 0.0008640 secs] [Times: user=0.00 sys=0.01, real=0.00 secs] 
124.075: Total time for which application threads were stopped: 0.0010050 seconds, Stopping threads took: 0.0000690 seconds
124.132: Application time: 0.0562310 seconds
124.132: [GC124.132: [ParNew: 35677K->4145K(37632K), 0.0017190 secs] 88938K->59502K(121024K), 0.0017510 secs] [Times: user=0.01 sys=0.00, real=0.00 secs] 
124.134: Total time for which application threads were stopped: 0.0018750 seconds, Stopping threads took: 0.0000680 seconds
124.193: Application time: 0.0591410 seconds
124.193: [GC124.193: [ParNew: 36914K->4130K(37632K), 0.0018260 secs] 92271K->61599K(121024K), 0.0018600 secs] [Times: user=0.01 sys=0.00, real=0.00 secs] 
124.195: Total time for which application threads were stopped: 0.0020050 seconds, Stopping threads took: 0.0000870 seconds
124.257: Application time: 0.0625560 seconds
124.257: [GC124.257: [ParNew: 36769K->3130K(37632K), 0.0008910 secs] 94238K->60599K(121024K), 0.0009220 secs] [Times: user=0.01 sys=0.00, real=0.00 secs] 
124.258: Total time for which application threads were stopped: 0.0010430 seconds, Stopping threads took: 0.0000580 seconds
124.319: Application time: 0.0609310 seconds
124.319: [GC124.319: [ParNew: 35845K->4118K(37632K), 0.0011120 secs] 93314K->61587K(121024K), 0.0011410 secs] [Times: user=0.00 sys=0.00, real=0.00 secs] 
124.321: Total time for which application threads were stopped: 0.0012640 seconds, Stopping threads took: 0.0000720 seconds
124.379: Application time: 0.0580860 seconds
124.379: [GC124.379: [ParNew: 36889K->4110K(37632K), 0.0019350 secs] 94358K->64651K(121024K), 0.0019660 secs] [Times: user=0.01 sys=0.00, real=0.00 secs] 
124.381: Total time for which application threads were stopped: 0.0020910 seconds, Stopping threads took: 0.0000680 seconds
124.442: Application time: 0.0618160 seconds
124.443: [GC124.443: [ParNew: 37123K->4142K(37632K), 0.0019330 secs] 97664K->67755K(121024K), 0.0019660 secs] [Times: user=0.01 sys=0.00, real=0.00 secs] 
124.445: Total time for which application threads were stopped: 0.0021120 seconds, Stopping threads took: 0.0000890 seconds
124.507: Application time: 0.0622190 seconds
124.507: [GC124.507: [ParNew: 37024K->4137K(37632K), 0.0021970 secs] 100637K->69846K(121024K), 0.0022490 secs] [Times: user=0.01 sys=0.00, real=0.00 secs] 
124.509: Total time for which application threads were stopped: 0.0025100 seconds, Stopping threads took: 0.0001800 seconds
124.570: Application time: 0.0608570 seconds
124.570: [GC124.570: [ParNew: 37327K->4155K(37632K), 0.0017830 secs] 103036K->72056K(121024K), 0.0018140 secs] [Times: user=0.01 sys=0.00, real=0.01 secs] 
124.572: Total time for which application threads were stopped: 0.0019650 seconds, Stopping threads took: 0.0000960 seconds
124.636: Application time: 0.0635410 seconds
124.636: [GC124.636: [ParNew: 37006K->4115K(37632K), 0.0016700 secs] 104907K->74129K(121024K), 0.0017060 secs] [Times: user=0.01 sys=0.00, real=0.00 secs] 
124.638: Total time for which application threads were stopped: 0.0018580 seconds, Stopping threads took: 0.0000950 seconds
124.699: Application time: 0.0617100 seconds
124.699: [GC124.699: [ParNew: 36886K->4150K(37632K), 0.0014010 secs] 106900K->75187K(121024K), 0.0014330 secs] [Times: user=0.01 sys=0.00, real=0.00 secs] 
124.701: Total time for which application threads were stopped: 0.0015720 seconds, Stopping threads took: 0.0000840 seconds
124.761: Application time: 0.0600340 seconds
124.761: [GC124.761: [ParNew: 36726K->4158K(37632K), 0.0011070 secs] 107764K->75227K(121024K), 0.0011360 secs] [Times: user=0.01 sys=0.00, real=0.00 secs] 
124.762: Total time for which application threads were stopped: 0.0012600 seconds, Stopping threads took: 0.0000700 seconds
124.820: Application time: 0.0580690 seconds
124.820: [GC124.820: [ParNew: 36866K->4158K(37632K), 0.0017020 secs] 107935K->77355K(121024K), 0.0017350 secs] [Times: user=0.01 sys=0.00, real=0.00 secs] 
124.822: Total time for which application threads were stopped: 0.0018670 seconds, Stopping threads took: 0.0000770 seconds
124.881: Application time: 0.0591530 seconds
124.881: [GC124.881: [ParNew: 36858K->4114K(37632K), 0.0016690 secs] 110055K->79399K(121024K), 0.0017040 secs] [Times: user=0.01 sys=0.01, real=0.00 secs] 
124.883: Total time for which application threads were stopped: 0.0018300 seconds, Stopping threads took: 0.0000670 seconds
124.946: Application time: 0.0633320 seconds
124.947: [GC124.947: [ParNew: 36998K->4132K(37632K), 0.0011960 secs] 112283K->79418K(121024K), 0.0012290 secs] [Times: user=0.00 sys=0.00, real=0.00 secs] 
124.948: Total time for which application threads were stopped: 0.0013860 seconds, Stopping threads took: 0.0001030 seconds
125.009: Application time: 0.0607870 seconds
125.009: [GC125.009: [ParNew: 36763K->4132K(37632K), 0.0011530 secs] 112049K->79418K(121024K), 0.0011830 secs] [Times: user=0.01 sys=0.00, real=0.00 secs] 
125.010: Total time for which application threads were stopped: 0.0013060 seconds, Stopping threads took: 0.0000620 seconds
125.066: Application time: 0.0556530 seconds
125.066: [GC125.066: [ParNew: 36771K->4112K(37632K), 0.0020500 secs] 112057K->82469K(121024K), 0.0020950 secs] [Times: user=0.02 sys=0.00, real=0.00 secs] 
125.068: Total time for which application threads were stopped: 0.0023020 seconds, Stopping threads took: 0.0001480 seconds
125.133: Application time: 0.0650080 seconds
125.133: [GC125.133: [ParNew: 37182K->4144K(37632K), 0.0016140 secs] 115540K->84550K(121024K), 0.0016480 secs] [Times: user=0.01 sys=0.00, real=0.00 secs] 
125.135: Total time for which application threads were stopped: 0.0017810 seconds, Stopping threads took: 0.0000760 seconds
125.195: Application time: 0.0605840 seconds
125.195: [GC125.195: [ParNew: 36985K->4146K(37632K), 0.0016990 secs] 117391K->86648K(121024K), 0.0017330 secs] [Times: user=0.02 sys=0.00, real=0.00 secs] 
125.197: Total time for which application threads were stopped: 0.0018640 seconds, Stopping threads took: 0.0000740 seconds
125.258: Application time: 0.0609320 seconds
125.258: [GC125.258: [ParNew: 37355K->4159K(37632K), 0.0012480 secs] 119856K->86821K(121024K), 0.0012800 secs] [Times: user=0.01 sys=0.00, real=0.01 secs] 
125.259: Total time for which application threads were stopped: 0.0014330 seconds, Stopping threads took: 0.0000970 seconds
125.322: Application time: 0.0628720 seconds
125.322: [GC125.322: [ParNew: 36930K->4116K(37632K), 0.0014240 secs]125.324: [Tenured: 83750K->8671K(84420K), 0.0081780 secs] 119592K->8671K(122052K), [Perm : 5504K->5504K(21248K)], 0.0096860 secs] [Times: user=0.01 sys=0.00, real=0.01 secs] 
125.332: Total time for which application threads were stopped: 0.0098320 seconds, Stopping threads took: 0.0000810 seconds
125.391: Application time: 0.0587150 seconds
125.391: [GC125.391: [ParNew: 33469K->4134K(37632K), 0.0013650 secs] 42140K->13829K(121024K), 0.0013990 secs] [Times: user=0.01 sys=0.00, real=0.00 secs] 
125.392: Total time for which application threads were stopped: 0.0015460 seconds, Stopping threads took: 0.0000870 seconds
125.455: Application time: 0.0621680 seconds
125.455: [GC125.455: [ParNew: 37022K->4147K(37632K), 0.0015430 secs] 46718K->14874K(121024K), 0.0015750 secs] [Times: user=0.01 sys=0.00, real=0.00 secs] 
125.456: Total time for which application threads were stopped: 0.0016880 seconds, Stopping threads took: 0.0000600 seconds
125.514: Application time: 0.0579060 seconds
125.514: [GC125.514: [ParNew: 36956K->4158K(37632K), 0.0018660 secs] 47684K->16981K(121024K), 0.0019000 secs] [Times: user=0.01 sys=0.00, real=0.00 secs] 
125.516: Total time for which application threads were stopped: 0.0020460 seconds, Stopping threads took: 0.0000830 seconds
125.579: Application time: 0.0622770 seconds
125.579: [GC125.579: [ParNew: 36997K->4134K(37632K), 0.0015690 secs] 49821K->19061K(121024K), 0.0016040 secs] [Times: user=0.01 sys=0.00, real=0.00 secs] 
125.580: Total time for which application threads were stopped: 0.0017570 seconds, Stopping threads took: 0.0000960 seconds
125.642: Application time: 0.0619190 seconds
125.642: [GC125.642: [ParNew: 36988K->4134K(37632K), 0.0011660 secs] 51916K->19062K(121024K), 0.0012000 secs] [Times: user=0.01 sys=0.00, real=0.00 secs] 
125.644: Total time for which application threads were stopped: 0.0013280 seconds, Stopping threads took: 0.0000720 seconds
125.707: Application time: 0.0639430 seconds
125.708: [GC125.708: [ParNew: 37012K->3095K(37632K), 0.0008250 secs] 51940K->18023K(121024K), 0.0008530 secs] [Times: user=0.01 sys=0.00, real=0.00 secs] 
125.708: Total time for which application threads were stopped: 0.0009680 seconds, Stopping threads took: 0.0000620 seconds
125.766: Application time: 0.0580360 seconds
125.767: [GC125.767: [ParNew: 36567K->4114K(37632K), 0.0013270 secs] 51495K->20065K(121024K), 0.0013590 secs] [Times: user=0.01 sys=0.00, real=0.00 secs] 
125.768: Total time for which application threads were stopped: 0.0014910 seconds, Stopping threads took: 0.0000690 seconds
125.832: Application time: 0.0636840 seconds
125.832: [GC125.832: [ParNew: 37137K->4139K(37632K), 0.0014330 secs] 53089K->21115K(121024K), 0.0014650 secs] [Times: user=0.01 sys=0.00, real=0.00 secs] 
125.833: Total time for which application threads were stopped: 0.0016020 seconds, Stopping threads took: 0.0000730 seconds
125.891: Application time: 0.0579550 seconds
125.891: [GC125.891: [ParNew: 36906K->4154K(37632K), 0.0015030 secs] 53882K->22210K(121024K), 0.0015360 secs] [Times: user=0.01 sys=0.00, real=0.00 secs] 
125.893: Total time for which application threads were stopped: 0.0016600 seconds, Stopping threads took: 0.0000670 seconds
125.957: Application time: 0.0639090 seconds
125.957: [GC125.957: [ParNew: 37474K->4159K(37632K), 0.0011100 secs] 55530K->22367K(121024K), 0.0011400 secs] [Times: user=0.01 sys=0.00, real=0.00 secs] 
125.958: Total time for which application threads were stopped: 0.0012690 seconds, Stopping threads took: 0.0000730 seconds
126.020: Application time: 0.0620100 seconds
126.020: [GC126.020: [ParNew: 36909K->4148K(37632K), 0.0011680 secs] 55117K->22404K(121024K), 0.0011960 secs] [Times: user=0.01 sys=0.00, real=0.00 secs] 
126.021: Total time for which application threads were stopped: 0.0013410 seconds, Stopping threads took: 0.0000840 seconds
126.081: Application time: 0.0597830 seconds
126.081: [GC126.081: [ParNew: 37609K->4136K(37632K), 0.0013840 secs] 55865K->23416K(121024K), 0.0014130 secs] [Times: user=0.01 sys=0.00, real=0.00 secs] 
126.083: Total time for which application threads were stopped: 0.0015550 seconds, Stopping threads took: 0.0000880 seconds
126.139: Application time: 0.0566250 seconds
126.140: [GC126.140: [ParNew: 36702K->4140K(37632K), 0.0017120 secs] 55982K->25468K(121024K), 0.0017460 secs] [Times: user=0.02 sys=0.00, real=0.00 secs] 
126.141: Total time for which application threads were stopped: 0.0018810 seconds, Stopping threads took: 0.0000780 seconds
126.204: Application time: 0.0630110 seconds
126.204: [GC126.204: [ParNew: 37236K->4140K(37632K), 0.0019210 secs] 58564K->28604K(121024K), 0.0019550 secs] [Times: user=0.01 sys=0.00, real=0.00 secs] 
126.206: Total time for which application threads were stopped: 0.0020830 seconds, Stopping threads took: 0.0000710 seconds
126.266: Application time: 0.0595190 seconds
126.267: [GC126.267: [ParNew: 36984K->4128K(37632K), 0.0018000 secs] 61448K->30704K(121024K), 0.0018350 secs] [Times: user=0.01 sys=0.00, real=0.00 secs] 
126.269: Total time for which application threads were stopped: 0.0026390 seconds, Stopping threads took: 0.0007460 seconds
126.332: Application time: 0.0629880 seconds
126.335: [GC126.335: [ParNew: 36995K->4146K(37632K), 0.0014260 secs] 63571K->31746K(121024K), 0.0014560 secs] [Times: user=0.01 sys=0.00, real=0.00 secs] 
126.336: Total time for which application threads were stopped: 0.0046220 seconds, Stopping threads took: 0.0031100 seconds
126.398: Application time: 0.0618160 seconds
126.398: [GC126.398: [ParNew: 36831K->4117K(37632K), 0.0013570 secs] 64431K->32741K(121024K), 0.0013870 secs] [Times: user=0.01 sys=0.00, real=0.01 secs] 
126.400: Total time for which application threads were stopped: 0.0015340 seconds, Stopping threads took: 0.0000920 seconds
126.458: Application time: 0.0584490 seconds
126.458: [GC126.458: [ParNew: 36694K->4120K(37632K), 0.0016310 secs] 65318K->34792K(121024K), 0.0016650 secs] [Times: user=0.02 sys=0.00, real=0.01 secs] 
126.460: Total time for which application threads were stopped: 0.0018090 seconds, Stopping threads took: 0.0000870 seconds
126.524: Application time: 0.0643760 seconds
126.524: [GC126.524: [ParNew: 37179K->4159K(37632K), 0.0013690 secs] 67851K->35856K(121024K), 0.0014030 secs] [Times: user=0.01 sys=0.00, real=0.00 secs] 
126.526: Total time for which application threads were stopped: 0.0015670 seconds, Stopping threads took: 0.0001020 seconds
126.583: Application time: 0.0569580 seconds
126.583: [GC126.583: [ParNew: 36831K->4140K(37632K), 0.0016650 secs] 68528K->37940K(121024K), 0.0016980 secs] [Times: user=0.01 sys=0.00, real=0.00 secs] 
126.585: Total time for which application threads were stopped: 0.0018470 seconds, Stopping threads took: 0.0000920 seconds
126.648: Application time: 0.0638440 seconds
126.648: [GC126.649: [ParNew: 37491K->4159K(37632K), 0.0014590 secs] 71291K->39144K(121024K), 0.0014990 secs] [Times: user=0.02 sys=0.00, real=0.00 secs] 
126.650: Total time for which application threads were stopped: 0.0016360 seconds, Stopping threads took: 0.0000780 seconds
126.713: Application time: 0.0625090 seconds
126.713: [GC126.713: [ParNew: 36992K->4148K(37632K), 0.0013530 secs] 71976K->40220K(121024K), 0.0013860 secs] [Times: user=0.01 sys=0.00, real=0.00 secs] 
126.714: Total time for which application threads were stopped: 0.0015080 seconds, Stopping threads took: 0.0000670 seconds
126.775: Application time: 0.0606590 seconds
126.775: [GC126.775: [ParNew: 37620K->4137K(37632K), 0.0010680 secs] 73692K->40210K(121024K), 0.0010980 secs] [Times: user=0.01 sys=0.00, real=0.00 secs] 
126.776: Total time for which application threads were stopped: 0.0012300 seconds, Stopping threads took: 0.0000750 seconds
126.835: Application time: 0.0589550 seconds
126.835: [GC126.835: [ParNew: 36749K->4143K(37632K), 0.0014010 secs] 72822K->41239K(121024K), 0.0014320 secs] [Times: user=0.01 sys=0.00, real=0.00 secs] 
126.836: Total time for which application threads were stopped: 0.0015560 seconds, Stopping threads took: 0.0000700 seconds
126.893: Application time: 0.0567710 seconds
126.893: [GC126.893: [ParNew: 37008K->4142K(37632K), 0.0020090 secs] 74105K->44366K(121024K), 0.0020410 secs] [Times: user=0.02 sys=0.00, real=0.00 secs] 
126.895: Total time for which application threads were stopped: 0.0021690 seconds, Stopping threads took: 0.0000700 seconds
126.959: Application time: 0.0639710 seconds
126.959: [GC126.959: [ParNew: 37128K->4116K(37632K), 0.0019070 secs] 77352K->47468K(121024K), 0.0019400 secs] [Times: user=0.01 sys=0.00, real=0.00 secs] 
126.961: Total time for which application threads were stopped: 0.0020680 seconds, Stopping threads took: 0.0000670 seconds
127.024: Application time: 0.0623800 seconds
127.024: [GC127.024: [ParNew: 36971K->4131K(37632K), 0.0013820 secs] 80324K->48508K(121024K), 0.0014120 secs] [Times: user=0.01 sys=0.00, real=0.00 secs] 
127.025: Total time for which application threads were stopped: 0.0015500 seconds, Stopping threads took: 0.0000810 seconds
127.087: Application time: 0.0620150 seconds
127.087: [GC127.088: [ParNew: 36834K->4129K(37632K), 0.0011590 secs] 81210K->48505K(121024K), 0.0011890 secs] [Times: user=0.01 sys=0.00, real=0.00 secs] 
127.089: Total time for which application threads were stopped: 0.0013170 seconds, Stopping threads took: 0.0000660 seconds
127.148: Application time: 0.0589840 seconds
127.148: [GC127.148: [ParNew: 36655K->4112K(37632K), 0.0014330 secs] 81031K->49512K(121024K), 0.0014640 secs] [Times: user=0.01 sys=0.00, real=0.00 secs] 
127.149: Total time for which application threads were stopped: 0.0015740 seconds, Stopping threads took: 0.0000540 seconds
127.211: Application time: 0.0619330 seconds
127.211: [GC127.211: [ParNew: 37033K->4145K(37632K), 0.0016040 secs] 82434K->51594K(121024K), 0.0016370 secs] [Times: user=0.02 sys=0.00, real=0.00 secs] 
127.213: Total time for which application threads were stopped: 0.0017810 seconds, Stopping threads took: 0.0000870 seconds
127.270: Application time: 0.0569590 seconds
127.270: [GC127.270: [ParNew: 36900K->4142K(37632K), 0.0016730 secs] 84349K->53711K(121024K), 0.0017060 secs] [Times: user=0.01 sys=0.00, real=0.01 secs] 
127.272: Total time for which application threads were stopped: 0.0018430 seconds, Stopping threads took: 0.0000800 seconds
127.336: Application time: 0.0641980 seconds
127.336: [GC127.336: [ParNew: 37491K->4154K(37632K), 0.0017140 secs] 87060K->55915K(121024K), 0.0017470 secs] [Times: user=0.02 sys=0.00, real=0.00 secs] 
127.338: Total time for which application threads were stopped: 0.0018960 seconds, Stopping threads took: 0.0000950 seconds
127.400: Application time: 0.0625580 seconds
127.401: [GC127.401: [ParNew: 36983K->4131K(37632K), 0.0014100 secs] 88744K->56979K(121024K), 0.0014400 secs] [Times: user=0.01 sys=0.00, real=0.00 secs] 
127.402: Total time for which application threads were stopped: 0.0015600 seconds, Stopping threads took: 0.0000650 seconds
127.462: Application time: 0.0601150 seconds
127.470: [GC127.470: [ParNew: 36604K->3109K(37632K), 0.0008250 secs] 89453K->55958K(121024K), 0.0008610 secs] [Times: user=0.00 sys=0.00, real=0.01 secs] 
127.471: Total time for which application threads were stopped: 0.0089470 seconds, Stopping threads took: 0.0080320 seconds
127.529: Application time: 0.0581000 seconds
127.529: [GC127.529: [ParNew: 35619K->4142K(37632K), 0.0018790 secs] 88468K->60063K(121024K), 0.0019130 secs] [Times: user=0.01 sys=0.00, real=0.01 secs] 
127.531: Total time for which application threads were stopped: 0.0020600 seconds, Stopping threads took: 0.0000910 seconds
127.587: Application time: 0.0558790 seconds
127.587: [GC127.587: [ParNew: 37061K->4140K(37632K), 0.0020530 secs] 92982K->63205K(121024K), 0.0020900 secs] [Times: user=0.01 sys=0.00, real=0.00 secs] 
127.589: Total time for which application threads were stopped: 0.0022450 seconds, Stopping threads took: 0.0000940 seconds
127.654: Application time: 0.0650060 seconds
127.654: [GC127.655: [ParNew: 37147K->4133K(37632K), 0.0013820 secs] 96212K->64278K(121024K), 0.0014150 secs] [Times: user=0.01 sys=0.00, real=0.00 secs] 
127.656: Total time for which application threads were stopped: 0.0015670 seconds, Stopping threads took: 0.0000870 seconds
127.720: Application time: 0.0637750 seconds
127.720: [GC127.720: [ParNew: 37019K->4147K(37632K), 0.0011680 secs] 97164K->64292K(121024K), 0.0011990 secs] [Times: user=0.01 sys=0.00, real=0.00 secs] 
127.721: Total time for which application threads were stopped: 0.0013330 seconds, Stopping threads took: 0.0000790 seconds
127.780: Application time: 0.0593570 seconds
127.781: [GC127.781: [ParNew: 37619K->4134K(37632K), 0.0014360 secs] 97764K->65303K(121024K), 0.0014680 secs] [Times: user=0.01 sys=0.00, real=0.00 secs] 
127.782: Total time for which application threads were stopped: 0.0015960 seconds, Stopping threads took: 0.0000720 seconds
127.844: Application time: 0.0618530 seconds
127.844: [GC127.844: [ParNew: 36887K->4122K(37632K), 0.0013440 secs] 98056K->66315K(121024K), 0.0013750 secs] [Times: user=0.01 sys=0.00, real=0.00 secs] 
127.845: Total time for which application threads were stopped: 0.0014890 seconds, Stopping threads took: 0.0000600 seconds
127.907: Application time: 0.0620760 seconds
127.908: [GC127.908: [ParNew: 37127K->4158K(37632K), 0.0016380 secs] 99320K->68399K(121024K), 0.0016700 secs] [Times: user=0.01 sys=0.00, real=0.00 secs] 
127.909: Total time for which application threads were stopped: 0.0018070 seconds, Stopping threads took: 0.0000810 seconds
127.968: Application time: 0.0591240 seconds
127.968: [GC127.968: [ParNew: 36944K->4144K(37632K), 0.0016990 secs] 101185K->70489K(121024K), 0.0017330 secs] [Times: user=0.02 sys=0.00, real=0.00 secs] 
127.970: Total time for which application threads were stopped: 0.0018580 seconds, Stopping threads took: 0.0000650 seconds
128.033: Application time: 0.0623710 seconds
128.033: [GC128.033: [ParNew: 37441K->4158K(37632K), 0.0013860 secs] 103786K->71679K(121024K), 0.0014190 secs] [Times: user=0.01 sys=0.00, real=0.00 secs] 
128.034: Total time for which application threads were stopped: 0.0015790 seconds, Stopping threads took: 0.0001020 seconds
128.098: Application time: 0.0642070 seconds
128.098: [GC128.099: [ParNew: 37057K->4130K(37632K), 0.0017220 secs] 104578K->73764K(121024K), 0.0017550 secs] [Times: user=0.01 sys=0.00, real=0.01 secs] 
128.100: Total time for which application threads were stopped: 0.0018910 seconds, Stopping threads took: 0.0000790 seconds
128.160: Application time: 0.0601520 seconds
128.161: [GC128.161: [ParNew: 37602K->4137K(37632K), 0.0011730 secs] 107236K->73771K(121024K), 0.0012000 secs] [Times: user=0.01 sys=0.00, real=0.00 secs] 
128.162: Total time for which application threads were stopped: 0.0013300 seconds, Stopping threads took: 0.0000680 seconds
128.226: Application time: 0.0645890 seconds
128.226: [GC128.226: [ParNew: 37053K->3142K(37632K), 0.0008140 secs] 106687K->72775K(121024K), 0.0008420 secs] [Times: user=0.00 sys=0.00, real=0.00 secs] 
128.227: Total time for which application threads were stopped: 0.0009760 seconds, Stopping threads took: 0.0000750 seconds
128.283: Application time: 0.0553910 seconds
128.283: [GC128.283: [ParNew: 35709K->4141K(37632K), 0.0014910 secs] 105343K->74854K(121024K), 0.0015230 secs] [Times: user=0.01 sys=0.00, real=0.00 secs] 
128.284: Total time for which application threads were stopped: 0.0016730 seconds, Stopping threads took: 0.0000960 seconds
128.344: Application time: 0.0598730 seconds
128.344: [GC128.344: [ParNew: 37031K->4112K(37632K), 0.0017990 secs] 107744K->76930K(121024K), 0.0018310 secs] [Times: user=0.01 sys=0.00, real=0.00 secs] 
128.346: Total time for which application threads were stopped: 0.0020450 seconds, Stopping threads took: 0.0001560 seconds
128.413: Application time: 0.0665940 seconds
128.413: [GC128.413: [ParNew: 37105K->3149K(37632K), 0.0008900 secs] 109922K->75967K(121024K), 0.0009180 secs] [Times: user=0.01 sys=0.00, real=0.00 secs] 
128.414: Total time for which application threads were stopped: 0.0010800 seconds, Stopping threads took: 0.0001070 seconds
128.474: Application time: 0.0600830 seconds
128.474: [GC128.474: [ParNew: 36621K->4137K(37632K), 0.0010830 secs] 109439K->76955K(121024K), 0.0011150 secs] [Times: user=0.01 sys=0.00, real=0.00 secs] 
128.475: Total time for which application threads were stopped: 0.0012450 seconds, Stopping threads took: 0.0000740 seconds
128.537: Application time: 0.0616860 seconds
128.537: [GC128.537: [ParNew: 36832K->3093K(37632K), 0.0009330 secs] 109649K->75911K(121024K), 0.0009600 secs] [Times: user=0.01 sys=0.00, real=0.00 secs] 
128.538: Total time for which application threads were stopped: 0.0010680 seconds, Stopping threads took: 0.0000580 seconds
128.595: Application time: 0.0569870 seconds
128.595: [GC128.595: [ParNew: 35994K->4142K(37632K), 0.0020200 secs] 108812K->80031K(121024K), 0.0020550 secs] [Times: user=0.02 sys=0.00, real=0.00 secs] 
128.597: Total time for which application threads were stopped: 0.0022080 seconds, Stopping threads took: 0.0000960 seconds
128.662: Application time: 0.0647100 seconds
128.662: [GC128.662: [ParNew: 37184K->4145K(37632K), 0.0016320 secs] 113074K->82131K(121024K), 0.0016690 secs] [Times: user=0.01 sys=0.00, real=0.00 secs] 
128.664: Total time for which application threads were stopped: 0.0017940 seconds, Stopping threads took: 0.0000610 seconds
128.724: Application time: 0.0602890 seconds
128.724: [GC128.724: [ParNew: 37350K->4159K(37632K), 0.0012130 secs] 115336K->82288K(121024K), 0.0012440 secs] [Times: user=0.01 sys=0.00, real=0.00 secs] 
128.726: Total time for which application threads were stopped: 0.0014490 seconds, Stopping threads took: 0.0001520 seconds
128.789: Application time: 0.0636950 seconds
128.789: [GC128.789: [ParNew: 36992K->3114K(37632K), 0.0009210 secs] 115122K->81324K(121024K), 0.0009530 secs] [Times: user=0.01 sys=0.00, real=0.00 secs] 
128.790: Total time for which application threads were stopped: 0.0010720 seconds, Stopping threads took: 0.0000650 seconds
128.849: Application time: 0.0587080 seconds
128.849: [GC128.849: [ParNew: 36586K->4138K(37632K), 0.0013550 secs] 114796K->83372K(121024K), 0.0013890 secs] [Times: user=0.01 sys=0.00, real=0.00 secs] 
128.851: Total time for which application threads were stopped: 0.0015230 seconds, Stopping threads took: 0.0000770 seconds
128.914: Application time: 0.0631260 seconds
128.914: [GC128.914: [ParNew: 37036K->4156K(37632K), 0.0014300 secs] 116270K->84438K(121024K), 0.0014610 secs] [Times: user=0.01 sys=0.00, real=0.00 secs] 
128.915: Total time for which application threads were stopped: 0.0015820 seconds, Stopping threads took: 0.0000670 seconds
128.973: Application time: 0.0576590 seconds
128.973: [GC128.973: [ParNew: 36806K->4143K(37632K), 0.0016550 secs] 117088K->86497K(121024K), 0.0016870 secs] [Times: user=0.01 sys=0.00, real=0.00 secs] 
128.975: Total time for which application threads were stopped: 0.0018180 seconds, Stopping threads took: 0.0000730 seconds
129.034: Application time: 0.0597450 seconds
129.035: [GC129.035: [ParNew: 36970K->4132K(37632K), 0.0017820 secs]129.036: [Tenured: 84458K->10964K(84612K), 0.0085290 secs] 119324K->10964K(122244K), [Perm : 5504K->5504K(21248K)], 0.0104350 secs] [Times: user=0.02 sys=0.00, real=0.01 secs] 
129.045: Total time for which application threads were stopped: 0.0105800 seconds, Stopping threads took: 0.0000760 seconds
129.110: Application time: 0.0645820 seconds
129.110: [GC129.110: [ParNew: 32915K->4115K(37632K), 0.0012730 secs] 43879K->15080K(121024K), 0.0013020 secs] [Times: user=0.01 sys=0.00, real=0.01 secs] 
129.111: Total time for which application threads were stopped: 0.0014320 seconds, Stopping threads took: 0.0000780 seconds
129.171: Application time: 0.0594750 seconds
129.171: [GC129.171: [ParNew: 36665K->4119K(37632K), 0.0010580 secs] 47630K->15092K(121024K), 0.0010920 secs] [Times: user=0.01 sys=0.00, real=0.00 secs] 
129.172: Total time for which application threads were stopped: 0.0012530 seconds, Stopping threads took: 0.0000940 seconds
129.232: Application time: 0.0604780 seconds
129.232: [GC129.232: [ParNew: 36780K->4119K(37632K), 0.0016270 secs] 47753K->17139K(121024K), 0.0016580 secs] [Times: user=0.01 sys=0.00, real=0.00 secs] 
129.234: Total time for which application threads were stopped: 0.0017750 seconds, Stopping threads took: 0.0000590 seconds
129.294: Application time: 0.0597590 seconds
129.294: [GC129.294: [ParNew: 37040K->4144K(37632K), 0.0017550 secs] 50060K->19213K(121024K), 0.0017870 secs] [Times: user=0.01 sys=0.00, real=0.00 secs] 
129.296: Total time for which application threads were stopped: 0.0019160 seconds, Stopping threads took: 0.0000690 seconds
129.358: Application time: 0.0621320 seconds
129.358: [GC129.358: [ParNew: 37123K->4156K(37632K), 0.0015770 secs] 52191K->21329K(121024K), 0.0016080 secs] [Times: user=0.02 sys=0.00, real=0.01 secs] 
129.360: Total time for which application threads were stopped: 0.0017370 seconds, Stopping threads took: 0.0000740 seconds
129.422: Application time: 0.0619690 seconds
129.423: [GC129.423: [ParNew: 37330K->4159K(37632K), 0.0011700 secs] 54503K->21480K(121024K), 0.0012020 secs] [Times: user=0.01 sys=0.00, real=0.00 secs] 
129.424: Total time for which application threads were stopped: 0.0023480 seconds, Stopping threads took: 0.0010890 seconds
129.482: Application time: 0.0581900 seconds
129.482: [GC129.482: [ParNew: 37631K->4116K(37632K), 0.0016340 secs] 54952K->23557K(121024K), 0.0016670 secs] [Times: user=0.01 sys=0.00, real=0.00 secs] 
129.484: Total time for which application threads were stopped: 0.0017980 seconds, Stopping threads took: 0.0000730 seconds
129.547: Application time: 0.0633780 seconds
129.547: [GC129.547: [ParNew: 37051K->4116K(37632K), 0.0016470 secs] 56492K->25605K(121024K), 0.0016780 secs] [Times: user=0.01 sys=0.00, real=0.00 secs] 
129.549: Total time for which application threads were stopped: 0.0018050 seconds, Stopping threads took: 0.0000700 seconds
129.608: Application time: 0.0593240 seconds
129.609: [GC129.609: [ParNew: 36917K->4156K(37632K), 0.0017250 secs] 58406K->27693K(121024K), 0.0017560 secs] [Times: user=0.02 sys=0.00, real=0.00 secs] 
129.610: Total time for which application threads were stopped: 0.0019040 seconds, Stopping threads took: 0.0000920 seconds
129.672: Application time: 0.0620660 seconds
129.673: [GC129.673: [ParNew: 37049K->4158K(37632K), 0.0014660 secs] 60586K->28775K(121024K), 0.0014960 secs] [Times: user=0.01 sys=0.00, real=0.00 secs] 
129.674: Total time for which application threads were stopped: 0.0016250 seconds, Stopping threads took: 0.0000650 seconds
129.737: Application time: 0.0628110 seconds
129.737: [GC129.737: [ParNew: 36973K->4118K(37632K), 0.0015830 secs] 61590K->30835K(121024K), 0.0016170 secs] [Times: user=0.02 sys=0.00, real=0.00 secs] 
129.739: Total time for which application threads were stopped: 0.0017520 seconds, Stopping threads took: 0.0000730 seconds
129.799: Application time: 0.0605130 seconds
129.799: [GC129.799: [ParNew: 36803K->4135K(37632K), 0.0011090 secs] 63520K->30852K(121024K), 0.0011470 secs] [Times: user=0.00 sys=0.00, real=0.00 secs] 
129.800: Total time for which application threads were stopped: 0.0012900 seconds, Stopping threads took: 0.0000890 seconds
129.860: Application time: 0.0596330 seconds
129.860: [GC129.860: [ParNew: 36779K->4120K(37632K), 0.0012780 secs] 63496K->31862K(121024K), 0.0013100 secs] [Times: user=0.01 sys=0.00, real=0.00 secs] 
129.861: Total time for which application threads were stopped: 0.0014420 seconds, Stopping threads took: 0.0000770 seconds
129.923: Application time: 0.0614790 seconds
129.923: [GC129.923: [ParNew: 36860K->4136K(37632K), 0.0011890 secs] 64601K->31877K(121024K), 0.0012170 secs] [Times: user=0.01 sys=0.00, real=0.00 secs] 
129.924: Total time for which application threads were stopped: 0.0013410 seconds, Stopping threads took: 0.0000710 seconds
129.984: Application time: 0.0598750 seconds
129.984: [GC129.984: [ParNew: 36980K->4142K(37632K), 0.0016380 secs] 64722K->33931K(121024K), 0.0016700 secs] [Times: user=0.01 sys=0.00, real=0.00 secs] 
129.986: Total time for which application threads were stopped: 0.0017880 seconds, Stopping threads took: 0.0000630 seconds
130.047: Application time: 0.0615070 seconds
130.048: [GC130.048: [ParNew: 37055K->4158K(37632K), 0.0012700 secs] 66844K->34019K(121024K), 0.0013010 secs] [Times: user=0.00 sys=0.00, real=0.00 secs] 
130.049: Total time for which application threads were stopped: 0.0014370 seconds, Stopping threads took: 0.0000810 seconds
130.110: Application time: 0.0609030 seconds
130.110: [GC130.110: [ParNew: 37275K->4158K(37632K), 0.0014300 secs] 67136K->35172K(121024K), 0.0014640 secs] [Times: user=0.01 sys=0.00, real=0.01 secs] 
130.111: Total time for which application threads were stopped: 0.0015820 seconds, Stopping threads took: 0.0000600 seconds
130.170: Application time: 0.0582530 seconds
130.170: [GC130.170: [ParNew: 36727K->4130K(37632K), 0.0016770 secs] 67740K->37239K(121024K), 0.0017100 secs] [Times: user=0.01 sys=0.00, real=0.01 secs] 
130.172: Total time for which application threads were stopped: 0.0018360 seconds, Stopping threads took: 0.0000700 seconds
130.234: Application time: 0.0627490 seconds
130.234: [GC130.234: [ParNew: 37009K->4115K(37632K), 0.0014160 secs] 70119K->38249K(121024K), 0.0014470 secs] [Times: user=0.01 sys=0.00, real=0.00 secs] 
130.236: Total time for which application threads were stopped: 0.0015790 seconds, Stopping threads took: 0.0000640 seconds
130.294: Application time: 0.0580640 seconds
130.294: [GC130.294: [ParNew: 36892K->4158K(37632K), 0.0014690 secs] 71025K->39347K(121024K), 0.0015000 secs] [Times: user=0.01 sys=0.00, real=0.00 secs] 
130.296: Total time for which application threads were stopped: 0.0016410 seconds, Stopping threads took: 0.0000770 seconds
130.357: Application time: 0.0613200 seconds
130.357: [GC130.357: [ParNew: 36970K->4158K(37632K), 0.0013900 secs] 72159K->40427K(121024K), 0.0014210 secs] [Times: user=0.01 sys=0.00, real=0.00 secs] 
130.358: Total time for which application threads were stopped: 0.0015780 seconds, Stopping threads took: 0.0001000 seconds
130.422: Application time: 0.0634680 seconds
130.422: [GC130.422: [ParNew: 36974K->4130K(37632K), 0.0013970 secs] 73244K->41488K(121024K), 0.0014270 secs] [Times: user=0.01 sys=0.00, real=0.00 secs] 
130.423: Total time for which application threads were stopped: 0.0015660 seconds, Stopping threads took: 0.0000850 seconds
130.484: Application time: 0.0605340 seconds
130.484: [GC130.484: [ParNew: 36831K->4133K(37632K), 0.0014110 secs] 74189K->42515K(121024K), 0.0014430 secs] [Times: user=0.01 sys=0.00, real=0.00 secs] 
130.486: Total time for which application threads were stopped: 0.0015710 seconds, Stopping threads took: 0.0000730 seconds
130.545: Application time: 0.0598210 seconds
130.546: [GC130.546: [ParNew: 36708K->4130K(37632K), 0.0014350 secs] 75090K->43536K(121024K), 0.0014680 secs] [Times: user=0.01 sys=0.00, real=0.00 secs] 
130.547: Total time for which application threads were stopped: 0.0015940 seconds, Stopping threads took: 0.0000700 seconds
130.604: Application time: 0.0567120 seconds
130.604: [GC130.604: [ParNew: 36722K->4112K(37632K), 0.0020250 secs] 76128K->46589K(121024K), 0.0020660 secs] [Times: user=0.01 sys=0.00, real=0.00 secs] 
130.606: Total time for which application threads were stopped: 0.0022180 seconds, Stopping threads took: 0.0000970 seconds
130.670: Application time: 0.0637500 seconds
130.670: [GC130.670: [ParNew: 37188K->4158K(37632K), 0.0017350 secs] 79666K->48692K(121024K), 0.0017660 secs] [Times: user=0.02 sys=0.00, real=0.01 secs] 
130.672: Total time for which application threads were stopped: 0.0019020 seconds, Stopping threads took: 0.0000800 seconds
130.734: Application time: 0.0621120 seconds
130.734: [GC130.734: [ParNew: 37063K->4156K(37632K), 0.0014010 secs] 81597K->49786K(121024K), 0.0014320 secs] [Times: user=0.01 sys=0.00, real=0.00 secs] 
130.735: Total time for which application threads were stopped: 0.0015700 seconds, Stopping threads took: 0.0000830 seconds
130.796: Application time: 0.0606230 seconds
130.796: [GC130.796: [ParNew: 37241K->4158K(37632K), 0.0010980 secs] 82871K->49924K(121024K), 0.0011300 secs] [Times: user=0.01 sys=0.00, real=0.00 secs] 
130.797: Total time for which application threads were stopped: 0.0012660 seconds, Stopping threads took: 0.0000690 seconds
130.858: Application time: 0.0610350 seconds
130.858: [GC130.858: [ParNew: 36814K->4124K(37632K), 0.0013770 secs] 82580K->50966K(121024K), 0.0014090 secs] [Times: user=0.01 sys=0.00, real=0.01 secs] 
130.860: Total time for which application threads were stopped: 0.0015380 seconds, Stopping threads took: 0.0000740 seconds
130.921: Application time: 0.0610330 seconds
130.921: [GC130.921: [ParNew: 36924K->4116K(37632K), 0.0011460 secs] 83766K->50958K(121024K), 0.0011750 secs] [Times: user=0.01 sys=0.00, real=0.00 secs] 
130.922: Total time for which application threads were stopped: 0.0013020 seconds, Stopping threads took: 0.0000740 seconds
130.982: Application time: 0.0596300 seconds
130.982: [GC130.982: [ParNew: 37010K->4158K(37632K), 0.0016310 secs] 83852K->53048K(121024K), 0.0016670 secs] [Times: user=0.01 sys=0.00, real=0.00 secs] 
130.984: Total time for which application threads were stopped: 0.0017900 seconds, Stopping threads took: 0.0000660 seconds
131.046: Application time: 0.0621810 seconds
131.046: [GC131.046: [ParNew: 36929K->4144K(37632K), 0.0011520 secs] 85819K->53098K(121024K), 0.0011830 secs] [Times: user=0.01 sys=0.00, real=0.00 secs] 
131.047: Total time for which application threads were stopped: 0.0013010 seconds, Stopping threads took: 0.0000630 seconds
131.106: Application time: 0.0594170 seconds
131.107: [GC131.107: [ParNew: 36714K->4116K(37632K), 0.0016710 secs] 85668K->55150K(121024K), 0.0017110 secs] [Times: user=0.01 sys=0.00, real=0.00 secs] 
131.108: Total time for which application threads were stopped: 0.0018810 seconds, Stopping threads took: 0.0001130 seconds
131.172: Application time: 0.0640230 seconds
131.172: [GC131.172: [ParNew: 37029K->4136K(37632K), 0.0010710 secs] 88063K->55170K(121024K), 0.0011010 secs] [Times: user=0.01 sys=0.00, real=0.00 secs] 
131.174: Total time for which application threads were stopped: 0.0012240 seconds, Stopping threads took: 0.0000690 seconds
131.230: Application time: 0.0565380 seconds
131.235: [GC131.235: [ParNew: 37570K->4116K(37632K), 0.0015260 secs] 88604K->56174K(121024K), 0.0015580 secs] [Times: user=0.01 sys=0.00, real=0.00 secs] 
131.236: Total time for which application threads were stopped: 0.0061780 seconds, Stopping threads took: 0.0045660 seconds
131.298: Application time: 0.0618040 seconds
131.298: [GC131.298: [ParNew: 36965K->4112K(37632K), 0.0018860 secs] 89024K->59242K(121024K), 0.0019210 secs] [Times: user=0.02 sys=0.00, real=0.01 secs] 
131.300: Total time for which application threads were stopped: 0.0020550 seconds, Stopping threads took: 0.0000680 seconds
131.360: Application time: 0.0594530 seconds
131.360: [GC131.360: [ParNew: 37058K->4158K(37632K), 0.0017390 secs] 92188K->61345K(121024K), 0.0017730 secs] [Times: user=0.01 sys=0.00, real=0.00 secs] 
131.361: Total time for which application threads were stopped: 0.0019040 seconds, Stopping threads took: 0.0000730 seconds
131.425: Application time: 0.0632660 seconds
131.425: [GC131.425: [ParNew: 37151K->4144K(37632K), 0.0016670 secs] 94337K->63458K(121024K), 0.0017100 secs] [Times: user=0.01 sys=0.00, real=0.00 secs] 
131.427: Total time for which application threads were stopped: 0.0018700 seconds, Stopping threads took: 0.0001040 seconds
131.489: Application time: 0.0620890 seconds
131.489: [GC131.489: [ParNew: 37430K->4158K(37632K), 0.0012160 secs] 96744K->63593K(121024K), 0.0012490 secs] [Times: user=0.01 sys=0.00, real=0.00 secs] 
131.490: Total time for which application threads were stopped: 0.0013830 seconds, Stopping threads took: 0.0000800 seconds
131.554: Application time: 0.0634160 seconds
131.554: [GC131.554: [ParNew: 36995K->4146K(37632K), 0.0014280 secs] 96429K->64676K(121024K), 0.0014610 secs] [Times: user=0.01 sys=0.00, real=0.00 secs] 
131.555: Total time for which application threads were stopped: 0.0015900 seconds, Stopping threads took: 0.0000730 seconds
131.615: Application time: 0.0595240 seconds
131.615: [GC131.615: [ParNew: 37618K->4126K(37632K), 0.0014360 secs] 98148K->65688K(121024K), 0.0014680 secs] [Times: user=0.01 sys=0.00, real=0.00 secs] 
131.616: Total time for which application threads were stopped: 0.0016080 seconds, Stopping threads took: 0.0000840 seconds
131.678: Application time: 0.0620100 seconds
131.678: [GC131.678: [ParNew: 36952K->4146K(37632K), 0.0014180 secs] 98514K->66732K(121024K), 0.0014510 secs] [Times: user=0.01 sys=0.00, real=0.01 secs] 
131.680: Total time for which application threads were stopped: 0.0015750 seconds, Stopping threads took: 0.0000690 seconds
131.737: Application time: 0.0576050 seconds
131.738: [GC131.738: [ParNew: 36906K->4148K(37632K), 0.0017370 secs] 99493K->68831K(121024K), 0.0017710 secs] [Times: user=0.01 sys=0.00, real=0.01 secs] 
131.739: Total time for which application threads were stopped: 0.0019020 seconds, Stopping threads took: 0.0000740 seconds
131.799: Application time: 0.0593270 seconds
131.799: [GC131.799: [ParNew: 36829K->4130K(37632K), 0.0017470 secs] 101511K->70924K(121024K), 0.0017780 secs] [Times: user=0.02 sys=0.00, real=0.00 secs] 
131.801: Total time for which application threads were stopped: 0.0019140 seconds, Stopping threads took: 0.0000690 seconds
131.867: Application time: 0.0668830 seconds
131.868: [GC131.868: [ParNew: 37141K->3125K(37632K), 0.0009590 secs] 103935K->69919K(121024K), 0.0009880 secs] [Times: user=0.01 sys=0.00, real=0.00 secs] 
131.869: Total time for which application threads were stopped: 0.0011130 seconds, Stopping threads took: 0.0000730 seconds
131.927: Application time: 0.0586040 seconds
131.927: [GC131.927: [ParNew: 36597K->4134K(37632K), 0.0016470 secs] 103391K->72977K(121024K), 0.0016800 secs] [Times: user=0.01 sys=0.00, real=0.00 secs] 
131.929: Total time for which application threads were stopped: 0.0018050 seconds, Stopping threads took: 0.0000690 seconds
131.992: Application time: 0.0629560 seconds
131.992: [GC131.992: [ParNew: 36986K->4118K(37632K), 0.0013560 secs] 105828K->73985K(121024K), 0.0013860 secs] [Times: user=0.01 sys=0.00, real=0.00 secs] 
131.993: Total time for which application threads were stopped: 0.0015180 seconds, Stopping threads took: 0.0000770 seconds
132.055: Application time: 0.0610860 seconds
132.055: [GC132.055: [ParNew: 37037K->4148K(37632K), 0.0013140 secs] 106904K->75039K(121024K), 0.0013450 secs] [Times: user=0.01 sys=0.00, real=0.00 secs] 
132.056: Total time for which application threads were stopped: 0.0014760 seconds, Stopping threads took: 0.0000770 seconds
132.115: Application time: 0.0586750 seconds
132.115: [GC132.115: [ParNew: 36959K->4144K(37632K), 0.0016830 secs] 107850K->77131K(121024K), 0.0017160 secs] [Times: user=0.01 sys=0.00, real=0.00 secs] 
132.117: Total time for which application threads were stopped: 0.0018400 seconds, Stopping threads took: 0.0000660 seconds
132.179: Application time: 0.0623070 seconds
132.179: [GC132.179: [ParNew: 37418K->4156K(37632K), 0.0014090 secs] 110405K->78311K(121024K), 0.0014480 secs] [Times: user=0.01 sys=0.00, real=0.00 secs] 
132.180: Total time for which application threads were stopped: 0.0015760 seconds, Stopping threads took: 0.0000720 seconds
132.244: Application time: 0.0634310 seconds
132.244: [GC132.244: [ParNew: 36970K->4146K(37632K), 0.0013980 secs] 111125K->79385K(121024K), 0.0014310 secs] [Times: user=0.02 sys=0.00, real=0.00 secs] 
132.245: Total time for which application threads were stopped: 0.0015470 seconds, Stopping threads took: 0.0000580 seconds
132.305: Application time: 0.0592420 seconds
132.305: [GC132.305: [ParNew: 37618K->4119K(37632K), 0.0014430 secs] 112857K->80382K(121024K), 0.0014750 secs] [Times: user=0.01 sys=0.00, real=0.00 secs] 
132.306: Total time for which application threads were stopped: 0.0016010 seconds, Stopping threads took: 0.0000600 seconds
132.366: Application time: 0.0596390 seconds
132.366: [GC132.366: [ParNew: 36944K->4140K(37632K), 0.0020390 secs] 113207K->83475K(121024K), 0.0020770 secs] [Times: user=0.02 sys=0.00, real=0.00 secs] 
132.368: Total time for which application threads were stopped: 0.0022090 seconds, Stopping threads took: 0.0000710 seconds
132.432: Application time: 0.0638470 seconds
132.432: [GC132.432: [ParNew: 37227K->4146K(37632K), 0.0017050 secs] 116562K->85585K(121024K), 0.0017370 secs] [Times: user=0.01 sys=0.00, real=0.00 secs] 
132.434: Total time for which application threads were stopped: 0.0018700 seconds, Stopping threads took: 0.0000770 seconds
132.491: Application time: 0.0572780 seconds
132.491: [GC132.491: [ParNew: 36693K->4133K(37632K), 0.0014350 secs] 118132K->86660K(121024K), 0.0014820 secs] [Times: user=0.01 sys=0.00, real=0.00 secs] 
132.493: Total time for which application threads were stopped: 0.0016260 seconds, Stopping threads took: 0.0000880 seconds
132.557: Application time: 0.0637760 seconds
132.557: [GC132.557: [ParNew: 36956K->4134K(37632K), 0.0011100 secs] 119483K->86661K(121024K), 0.0011400 secs] [Times: user=0.01 sys=0.00, real=0.00 secs] 
132.558: Total time for which application threads were stopped: 0.0012700 seconds, Stopping threads took: 0.0000740 seconds
132.621: Application time: 0.0628390 seconds
132.621: [GC132.621: [ParNew: 36920K->4116K(37632K), 0.0013630 secs]132.622: [Tenured: 83551K->12179K(84420K), 0.0078480 secs] 119448K->12179K(122052K), [Perm : 5504K->5504K(21248K)], 0.0092930 secs] [Times: user=0.01 sys=0.00, real=0.00 secs] 
132.630: Total time for which application threads were stopped: 0.0094280 seconds, Stopping threads took: 0.0000730 seconds
132.687: Application time: 0.0569260 seconds
132.687: [GC132.687: [ParNew: 32503K->4119K(37632K), 0.0013290 secs] 44682K->17322K(121024K), 0.0013580 secs] [Times: user=0.01 sys=0.00, real=0.00 secs] 
132.689: Total time for which application threads were stopped: 0.0014900 seconds, Stopping threads took: 0.0000790 seconds
132.749: Application time: 0.0603560 seconds
132.750: [GC132.750: [ParNew: 37057K->4158K(37632K), 0.0017120 secs] 50260K->19409K(121024K), 0.0017470 secs] [Times: user=0.02 sys=0.00, real=0.01 secs] 
132.752: Total time for which application threads were stopped: 0.0027880 seconds, Stopping threads took: 0.0009860 seconds
132.813: Application time: 0.0610290 seconds
132.813: [GC132.813: [ParNew: 37058K->4144K(37632K), 0.0017010 secs] 52309K->21531K(121024K), 0.0017330 secs] [Times: user=0.02 sys=0.00, real=0.00 secs] 
132.815: Total time for which application threads were stopped: 0.0018650 seconds, Stopping threads took: 0.0000640 seconds
132.875: Application time: 0.0604870 seconds
132.875: [GC132.875: [ParNew: 37328K->4159K(37632K), 0.0015910 secs] 54715K->22683K(121024K), 0.0016260 secs] [Times: user=0.01 sys=0.00, real=0.00 secs] 
132.877: Total time for which application threads were stopped: 0.0017880 seconds, Stopping threads took: 0.0001030 seconds
132.942: Application time: 0.0655160 seconds
132.942: [GC132.942: [ParNew: 37251K->4150K(37632K), 0.0011120 secs] 55775K->22754K(121024K), 0.0011450 secs] [Times: user=0.01 sys=0.00, real=0.00 secs] 
132.944: Total time for which application threads were stopped: 0.0012990 seconds, Stopping threads took: 0.0000900 seconds
133.007: Application time: 0.0635440 seconds
133.007: [GC133.007: [ParNew: 36938K->3124K(37632K), 0.0007840 secs] 55542K->21728K(121024K), 0.0008130 secs] [Times: user=0.01 sys=0.00, real=0.00 secs] 
133.008: Total time for which application threads were stopped: 0.0009610 seconds, Stopping threads took: 0.0000970 seconds
133.067: Application time: 0.0589370 seconds
133.067: [GC133.067: [ParNew: 36539K->4149K(37632K), 0.0011320 secs] 55143K->22752K(121024K), 0.0011640 secs] [Times: user=0.01 sys=0.00, real=0.00 secs] 
133.068: Total time for which application threads were stopped: 0.0012870 seconds, Stopping threads took: 0.0000660 seconds
133.130: Application time: 0.0613420 seconds
133.130: [GC133.130: [ParNew: 36968K->4147K(37632K), 0.0012590 secs] 55572K->23839K(121024K), 0.0012900 secs] [Times: user=0.01 sys=0.00, real=0.01 secs] 
133.131: Total time for which application threads were stopped: 0.0013990 seconds, Stopping threads took: 0.0000560 seconds
133.187: Application time: 0.0556930 seconds
133.187: [GC133.187: [ParNew: 36646K->4117K(37632K), 0.0013830 secs] 56338K->24905K(121024K), 0.0014130 secs] [Times: user=0.01 sys=0.00, real=0.00 secs] 
133.188: Total time for which application threads were stopped: 0.0015590 seconds, Stopping threads took: 0.0000900 seconds
133.250: Application time: 0.0617060 seconds
133.250: [GC133.250: [ParNew: 36965K->4112K(37632K), 0.0016180 secs] 57753K->26948K(121024K), 0.0016500 secs] [Times: user=0.02 sys=0.00, real=0.01 secs] 
133.252: Total time for which application threads were stopped: 0.0017860 seconds, Stopping threads took: 0.0000820 seconds
133.311: Application time: 0.0595110 seconds
133.312: [GC133.312: [ParNew: 36776K->4134K(37632K), 0.0013750 secs] 59612K->27994K(121024K), 0.0014070 secs] [Times: user=0.01 sys=0.00, real=0.00 secs] 
133.313: Total time for which application threads were stopped: 0.0015590 seconds, Stopping threads took: 0.0000960 seconds
133.374: Application time: 0.0611850 seconds
133.374: [GC133.374: [ParNew: 36891K->4120K(37632K), 0.0012950 secs] 60751K->29004K(121024K), 0.0013260 secs] [Times: user=0.01 sys=0.00, real=0.00 secs] 
133.376: Total time for which application threads were stopped: 0.0014650 seconds, Stopping threads took: 0.0000740 seconds
133.436: Application time: 0.0600520 seconds
133.436: [GC133.436: [ParNew: 37060K->4140K(37632K), 0.0019350 secs] 61944K->32096K(121024K), 0.0019710 secs] [Times: user=0.02 sys=0.00, real=0.00 secs] 
133.438: Total time for which application threads were stopped: 0.0020950 seconds, Stopping threads took: 0.0000660 seconds
133.499: Application time: 0.0607740 seconds
133.502: [GC133.502: [ParNew: 37134K->4140K(37632K), 0.0019420 secs] 65090K->35224K(121024K), 0.0019760 secs] [Times: user=0.02 sys=0.00, real=0.00 secs] 
133.504: Total time for which application threads were stopped: 0.0057280 seconds, Stopping threads took: 0.0036960 seconds
133.569: Application time: 0.0644750 seconds
133.569: [GC133.569: [ParNew: 37544K->4154K(37632K), 0.0016670 secs] 68628K->37438K(121024K), 0.0017010 secs] [Times: user=0.01 sys=0.00, real=0.00 secs] 
133.571: Total time for which application threads were stopped: 0.0018400 seconds, Stopping threads took: 0.0000740 seconds
133.635: Application time: 0.0640910 seconds
133.635: [GC133.635: [ParNew: 36895K->4148K(37632K), 0.0013740 secs] 70179K->38524K(121024K), 0.0014080 secs] [Times: user=0.01 sys=0.00, real=0.00 secs] 
133.636: Total time for which application threads were stopped: 0.0015500 seconds, Stopping threads took: 0.0000850 seconds
133.697: Application time: 0.0606760 seconds
133.697: [GC133.697: [ParNew: 36770K->4118K(37632K), 0.0010720 secs] 71147K->38495K(121024K), 0.0011070 secs] [Times: user=0.01 sys=0.00, real=0.00 secs] 
133.698: Total time for which application threads were stopped: 0.0012420 seconds, Stopping threads took: 0.0000800 seconds
133.760: Application time: 0.0615210 seconds
133.760: [GC133.760: [ParNew: 36877K->4158K(37632K), 0.0011730 secs] 71254K->38562K(121024K), 0.0012100 secs] [Times: user=0.01 sys=0.00, real=0.00 secs] 
133.761: Total time for which application threads were stopped: 0.0013430 seconds, Stopping threads took: 0.0000810 seconds
133.817: Application time: 0.0556940 seconds
133.817: [GC133.817: [ParNew: 37630K->4158K(37632K), 0.0018130 secs] 72034K->40642K(121024K), 0.0018480 secs] [Times: user=0.01 sys=0.00, real=0.01 secs] 
133.819: Total time for which application threads were stopped: 0.0019960 seconds, Stopping threads took: 0.0000910 seconds
133.881: Application time: 0.0627780 seconds
133.882: [GC133.882: [ParNew: 36915K->4121K(37632K), 0.0014810 secs] 73399K->41694K(121024K), 0.0015130 secs] [Times: user=0.01 sys=0.00, real=0.00 secs] 
133.883: Total time for which application threads were stopped: 0.0016510 seconds, Stopping threads took: 0.0000730 seconds
133.942: Application time: 0.0592560 seconds
133.943: [GC133.943: [ParNew: 36908K->4130K(37632K), 0.0016500 secs] 74481K->43750K(121024K), 0.0016830 secs] [Times: user=0.01 sys=0.01, real=0.00 secs] 
133.944: Total time for which application threads were stopped: 0.0018170 seconds, Stopping threads took: 0.0000750 seconds
134.008: Application time: 0.0633260 seconds
134.008: [GC134.008: [ParNew: 36973K->4133K(37632K), 0.0013640 secs] 76593K->44778K(121024K), 0.0013940 secs] [Times: user=0.01 sys=0.00, real=0.00 secs] 
134.009: Total time for which application threads were stopped: 0.0015080 seconds, Stopping threads took: 0.0000570 seconds
134.069: Application time: 0.0595170 seconds
134.069: [GC134.069: [ParNew: 36743K->4115K(37632K), 0.0012880 secs] 77387K->45784K(121024K), 0.0013200 secs] [Times: user=0.01 sys=0.00, real=0.00 secs] 
134.070: Total time for which application threads were stopped: 0.0014370 seconds, Stopping threads took: 0.0000610 seconds
134.130: Application time: 0.0599470 seconds
134.130: [GC134.130: [ParNew: 37029K->4142K(37632K), 0.0019430 secs] 78697K->48882K(121024K), 0.0019780 secs] [Times: user=0.02 sys=0.00, real=0.01 secs] 
134.132: Total time for which application threads were stopped: 0.0021050 seconds, Stopping threads took: 0.0000680 seconds
134.195: Application time: 0.0627350 seconds
134.195: [GC134.195: [ParNew: 37230K->4142K(37632K), 0.0019510 secs] 81971K->52018K(121024K), 0.0019840 secs] [Times: user=0.01 sys=0.00, real=0.00 secs] 
134.197: Total time for which application threads were stopped: 0.0021390 seconds, Stopping threads took: 0.0000980 seconds
134.257: Application time: 0.0599090 seconds
134.257: [GC134.257: [ParNew: 37299K->4158K(37632K), 0.0014630 secs] 85175K->53219K(121024K), 0.0014940 secs] [Times: user=0.02 sys=0.00, real=0.00 secs] 
134.258: Total time for which application threads were stopped: 0.0016230 seconds, Stopping threads took: 0.0000710 seconds
134.323: Application time: 0.0640480 seconds
134.323: [GC134.323: [ParNew: 37039K->3112K(37632K), 0.0009220 secs] 86100K->52240K(121024K), 0.0009520 secs] [Times: user=0.00 sys=0.00, real=0.00 secs] 
134.324: Total time for which application threads were stopped: 0.0011010 seconds, Stopping threads took: 0.0000950 seconds
134.386: Application time: 0.0622070 seconds
134.386: [GC134.386: [ParNew: 35755K->4130K(37632K), 0.0013130 secs] 84884K->54283K(121024K), 0.0013470 secs] [Times: user=0.01 sys=0.00, real=0.00 secs] 
134.387: Total time for which application threads were stopped: 0.0015000 seconds, Stopping threads took: 0.0000880 seconds
134.446: Application time: 0.0591320 seconds
134.447: [GC134.447: [ParNew: 37600K->4148K(37632K), 0.0011980 secs] 87752K->54301K(121024K), 0.0012290 secs] [Times: user=0.01 sys=0.00, real=0.00 secs] 
134.448: Total time for which application threads were stopped: 0.0013790 seconds, Stopping threads took: 0.0000890 seconds
134.507: Application time: 0.0594430 seconds
134.507: [GC134.507: [ParNew: 36920K->4134K(37632K), 0.0023350 secs] 87073K->57423K(121024K), 0.0023790 secs] [Times: user=0.01 sys=0.00, real=0.00 secs] 
134.510: Total time for which application threads were stopped: 0.0025790 seconds, Stopping threads took: 0.0001190 seconds
134.566: Application time: 0.0566150 seconds
134.567: [GC134.567: [ParNew: 36754K->4114K(37632K), 0.0017360 secs] 90043K->59515K(121024K), 0.0017760 secs] [Times: user=0.01 sys=0.00, real=0.00 secs] 
134.568: Total time for which application threads were stopped: 0.0019300 seconds, Stopping threads took: 0.0000960 seconds
134.632: Application time: 0.0634030 seconds
134.632: [GC134.632: [ParNew: 37047K->4118K(37632K), 0.0016680 secs] 92448K->61567K(121024K), 0.0017010 secs] [Times: user=0.01 sys=0.00, real=0.00 secs] 
134.634: Total time for which application threads were stopped: 0.0018530 seconds, Stopping threads took: 0.0000950 seconds
134.699: Application time: 0.0654230 seconds
134.699: [GC134.699: [ParNew: 37097K->4128K(37632K), 0.0013210 secs] 94546K->62601K(121024K), 0.0013520 secs] [Times: user=0.01 sys=0.00, real=0.00 secs] 
134.701: Total time for which application threads were stopped: 0.0014570 seconds, Stopping threads took: 0.0000460 seconds
134.759: Application time: 0.0582910 seconds
134.759: [GC134.759: [ParNew: 36754K->4133K(37632K), 0.0013840 secs] 95227K->63630K(121024K), 0.0014140 secs] [Times: user=0.01 sys=0.00, real=0.00 secs] 
134.760: Total time for which application threads were stopped: 0.0015380 seconds, Stopping threads took: 0.0000700 seconds
134.824: Application time: 0.0631940 seconds
134.824: [GC134.824: [ParNew: 37085K->4147K(37632K), 0.0013880 secs] 96582K->64669K(121024K), 0.0014210 secs] [Times: user=0.01 sys=0.00, real=0.00 secs] 
134.825: Total time for which application threads were stopped: 0.0015510 seconds, Stopping threads took: 0.0000750 seconds
134.884: Application time: 0.0591920 seconds
134.884: [GC134.884: [ParNew: 37010K->4140K(37632K), 0.0019800 secs] 97531K->67789K(121024K), 0.0020120 secs] [Times: user=0.01 sys=0.00, real=0.00 secs] 
134.887: Total time for which application threads were stopped: 0.0021520 seconds, Stopping threads took: 0.0000840 seconds
134.952: Application time: 0.0651620 seconds
134.952: [GC134.952: [ParNew: 37569K->4158K(37632K), 0.0014690 secs] 101218K->68975K(121024K), 0.0014990 secs] [Times: user=0.01 sys=0.00, real=0.00 secs] 
134.953: Total time for which application threads were stopped: 0.0016410 seconds, Stopping threads took: 0.0000790 seconds
135.013: Application time: 0.0598030 seconds
135.013: [GC135.013: [ParNew: 36793K->4134K(37632K), 0.0012240 secs] 101610K->69015K(121024K), 0.0012540 secs] [Times: user=0.01 sys=0.00, real=0.00 secs] 
135.014: Total time for which application threads were stopped: 0.0013840 seconds, Stopping threads took: 0.0000740 seconds
135.077: Application time: 0.0624020 seconds
135.077: [GC135.077: [ParNew: 36731K->2139K(37632K), 0.0006300 secs] 101612K->67020K(121024K), 0.0006600 secs] [Times: user=0.01 sys=0.00, real=0.00 secs] 
135.078: Total time for which application threads were stopped: 0.0007870 seconds, Stopping threads took: 0.0000740 seconds
135.136: Application time: 0.0585080 seconds
135.136: [GC135.136: [ParNew: 35518K->4150K(37632K), 0.0011150 secs] 100399K->69031K(121024K), 0.0011440 secs] [Times: user=0.01 sys=0.00, real=0.00 secs] 
135.137: Total time for which application threads were stopped: 0.0012770 seconds, Stopping threads took: 0.0000800 seconds
135.195: Application time: 0.0573590 seconds
135.195: [GC135.195: [ParNew: 37050K->4158K(37632K), 0.0016670 secs] 101931K->71151K(121024K), 0.0017010 secs] [Times: user=0.01 sys=0.00, real=0.00 secs] 
135.197: Total time for which application threads were stopped: 0.0018240 seconds, Stopping threads took: 0.0000650 seconds
135.256: Application time: 0.0593370 seconds
135.256: [GC135.256: [ParNew: 36939K->4130K(37632K), 0.0018580 secs] 103932K->73243K(121024K), 0.0018890 secs] [Times: user=0.02 sys=0.00, real=0.00 secs] 
135.258: Total time for which application threads were stopped: 0.0020170 seconds, Stopping threads took: 0.0000730 seconds
135.320: Application time: 0.0616910 seconds
135.320: [GC135.320: [ParNew: 36977K->4114K(37632K), 0.0017240 secs] 106090K->75275K(121024K), 0.0017560 secs] [Times: user=0.01 sys=0.00, real=0.00 secs] 
135.322: Total time for which application threads were stopped: 0.0018990 seconds, Stopping threads took: 0.0000770 seconds
135.386: Application time: 0.0641590 seconds
135.386: [GC135.386: [ParNew: 37032K->4130K(37632K), 0.0015650 secs] 108193K->77339K(121024K), 0.0015980 secs] [Times: user=0.01 sys=0.00, real=0.00 secs] 
135.388: Total time for which application threads were stopped: 0.0017460 seconds, Stopping threads took: 0.0000940 seconds
135.449: Application time: 0.0612720 seconds
135.449: [GC135.449: [ParNew: 36964K->4130K(37632K), 0.0016460 secs] 110174K->79387K(121024K), 0.0016760 secs] [Times: user=0.00 sys=0.00, real=0.01 secs] 
135.451: Total time for which application threads were stopped: 0.0018170 seconds, Stopping threads took: 0.0000700 seconds
135.511: Application time: 0.0601410 seconds
135.515: [GC135.515: [ParNew: 36875K->4142K(37632K), 0.0014530 secs] 112133K->80423K(121024K), 0.0014860 secs] [Times: user=0.01 sys=0.00, real=0.00 secs] 
135.516: Total time for which application threads were stopped: 0.0054380 seconds, Stopping threads took: 0.0038910 seconds
135.579: Application time: 0.0625730 seconds
135.579: [GC135.579: [ParNew: 37215K->4155K(37632K), 0.0016530 secs] 113496K->82549K(121024K), 0.0016880 secs] [Times: user=0.01 sys=0.00, real=0.00 secs] 
135.581: Total time for which application threads were stopped: 0.0018150 seconds, Stopping threads took: 0.0000670 seconds
135.642: Application time: 0.0610270 seconds
135.642: [GC135.642: [ParNew: 36955K->4153K(37632K), 0.0014680 secs] 115349K->83667K(121024K), 0.0015010 secs] [Times: user=0.01 sys=0.00, real=0.00 secs] 
135.643: Total time for which application threads were stopped: 0.0016250 seconds, Stopping threads took: 0.0000670 seconds
135.709: Application time: 0.0659600 seconds
135.709: [GC135.709: [ParNew: 37139K->4115K(37632K), 0.0013910 secs] 116653K->84741K(121024K), 0.0014230 secs] [Times: user=0.01 sys=0.00, real=0.01 secs] 
135.711: Total time for which application threads were stopped: 0.0016280 seconds, Stopping threads took: 0.0001470 seconds
135.786: Application time: 0.0747830 seconds
135.786: [GC135.786: [ParNew: 36757K->4118K(37632K), 0.0011390 secs] 117383K->84744K(121024K), 0.0011750 secs] [Times: user=0.01 sys=0.00, real=0.00 secs] 
135.787: Total time for which application threads were stopped: 0.0013000 seconds, Stopping threads took: 0.0000690 seconds
135.866: Application time: 0.0793340 seconds
135.866: [GC135.866: [ParNew: 36732K->3090K(37632K), 0.0008630 secs] 117358K->83723K(121024K), 0.0008960 secs] [Times: user=0.00 sys=0.00, real=0.00 secs] 
135.867: Total time for which application threads were stopped: 0.0009900 seconds, Stopping threads took: 0.0000410 seconds
135.948: Application time: 0.0808010 seconds
135.948: [GC135.948: [ParNew: 36424K->3087K(37632K), 0.0008710 secs] 117058K->83728K(121024K), 0.0009040 secs] [Times: user=0.00 sys=0.00, real=0.00 secs] 
135.949: Total time for which application threads were stopped: 0.0010290 seconds, Stopping threads took: 0.0000690 seconds
136.019: Application time: 0.0698220 seconds
136.019: [GC136.019: [ParNew: 36033K->4114K(37632K), 0.0012560 secs] 116675K->84755K(121024K), 0.0012880 secs] [Times: user=0.01 sys=0.00, real=0.00 secs] 
136.020: Total time for which application threads were stopped: 0.0014050 seconds, Stopping threads took: 0.0000500 seconds
136.095: Application time: 0.0749760 seconds
136.095: [GC136.095: [ParNew: 37104K->4110K(37632K), 0.0011050 secs] 117746K->84751K(121024K), 0.0011370 secs] [Times: user=0.00 sys=0.00, real=0.00 secs] 
136.097: Total time for which application threads were stopped: 0.0012520 seconds, Stopping threads took: 0.0000570 seconds
136.206: Application time: 0.1096130 seconds
136.206: Total time for which application threads were stopped: 0.0000460 seconds, Stopping threads took: 0.0000200 seconds
136.213: Application time: 0.0063840 seconds
136.213: [GC136.213: [ParNew: 37582K->276K(37632K), 0.0003500 secs] 118223K->80918K(121024K), 0.0003720 secs] [Times: user=0.00 sys=0.00, real=0.00 secs] 
136.213: Total time for which application threads were stopped: 0.0004990 seconds, Stopping threads took: 0.0000810 seconds
136.259: Application time: 0.0458610 seconds
136.260: [GC136.260: [ParNew: 33459K->4159K(37632K), 0.0019040 secs] 114101K->87045K(121024K), 0.0019360 secs] [Times: user=0.02 sys=0.00, real=0.00 secs] 
136.262: Total time for which application threads were stopped: 0.0025880 seconds, Stopping threads took: 0.0005920 seconds
136.332: Application time: 0.0708750 seconds
136.333: [GC136.333: [ParNew: 37273K->3076K(37632K), 0.0010640 secs] 120159K->86042K(121024K), 0.0010960 secs] [Times: user=0.00 sys=0.00, real=0.00 secs] 
136.334: Total time for which application threads were stopped: 0.0014050 seconds, Stopping threads took: 0.0002480 seconds
136.405: Application time: 0.0713750 seconds
136.405: [GC136.405: [ParNew: 36236K->16K(37632K), 0.0003020 secs] 119202K->82982K(121024K), 0.0003280 secs] [Times: user=0.00 sys=0.00, real=0.00 secs] 
136.406: Total time for which application threads were stopped: 0.0004580 seconds, Stopping threads took: 0.0000830 seconds
136.464: Application time: 0.0581160 seconds
136.464: [GC136.464: [ParNew: 32922K->4102K(37632K), 0.0014410 secs]136.466: [Tenured: 83990K->12378K(84420K), 0.0091350 secs] 115888K->12378K(122052K), [Perm : 5528K->5528K(21248K)], 0.0106720 secs] [Times: user=0.02 sys=0.00, real=0.01 secs] 
136.475: Total time for which application threads were stopped: 0.0111890 seconds, Stopping threads took: 0.0004540 seconds
136.545: Application time: 0.0703970 seconds
136.546: [GC136.546: [ParNew: 33055K->3084K(37632K), 0.0008540 secs] 45433K->15462K(121024K), 0.0008870 secs] [Times: user=0.00 sys=0.00, real=0.00 secs] 
136.546: Total time for which application threads were stopped: 0.0010640 seconds, Stopping threads took: 0.0001080 seconds
136.604: Application time: 0.0576310 seconds
136.604: [GC136.604: [ParNew: 35903K->4108K(37632K), 0.0020240 secs] 48281K->19558K(121024K), 0.0020610 secs] [Times: user=0.01 sys=0.00, real=0.00 secs] 
136.606: Total time for which application threads were stopped: 0.0023330 seconds, Stopping threads took: 0.0002110 seconds
136.675: Application time: 0.0689380 seconds
136.676: [GC136.676: [ParNew: 37175K->4112K(37632K), 0.0013840 secs] 52625K->20586K(121024K), 0.0014140 secs] [Times: user=0.01 sys=0.00, real=0.00 secs] 
136.677: Total time for which application threads were stopped: 0.0015780 seconds, Stopping threads took: 0.0001120 seconds
136.741: Application time: 0.0639010 seconds
136.741: [GC136.741: [ParNew: 36996K->4112K(37632K), 0.0019210 secs] 53470K->23658K(121024K), 0.0019550 secs] [Times: user=0.02 sys=0.00, real=0.00 secs] 
136.743: Total time for which application threads were stopped: 0.0020920 seconds, Stopping threads took: 0.0000790 seconds
136.808: Application time: 0.0650560 seconds
136.808: [GC136.808: [ParNew: 37139K->4114K(37632K), 0.0014640 secs] 56685K->24685K(121024K), 0.0014980 secs] [Times: user=0.01 sys=0.00, real=0.00 secs] 
136.810: Total time for which application threads were stopped: 0.0016300 seconds, Stopping threads took: 0.0000740 seconds
136.876: Application time: 0.0659970 seconds
136.876: [GC136.876: [ParNew: 36986K->2126K(37632K), 0.0007230 secs] 57556K->22696K(121024K), 0.0007500 secs] [Times: user=0.01 sys=0.00, real=0.00 secs] 
136.877: Total time for which application threads were stopped: 0.0009050 seconds, Stopping threads took: 0.0001030 seconds
136.936: Application time: 0.0596640 seconds
136.936: [GC136.936: [ParNew: 34912K->280K(37632K), 0.0003130 secs] 55482K->20850K(121024K), 0.0003330 secs] [Times: user=0.01 sys=0.00, real=0.00 secs] 
136.937: Total time for which application threads were stopped: 0.0004480 seconds, Stopping threads took: 0.0000700 seconds
136.980: Application time: 0.0435340 seconds
136.980: [GC136.980: [ParNew: 32919K->4152K(37632K), 0.0017990 secs] 53490K->26963K(121024K), 0.0018320 secs] [Times: user=0.02 sys=0.00, real=0.00 secs] 
136.982: Total time for which application threads were stopped: 0.0019930 seconds, Stopping threads took: 0.0001040 seconds
137.048: Application time: 0.0655630 seconds
137.048: [GC137.048: [ParNew: 37115K->4116K(37632K), 0.0013730 secs] 59926K->28026K(121024K), 0.0014120 secs] [Times: user=0.01 sys=0.00, real=0.00 secs] 
137.049: Total time for which application threads were stopped: 0.0015720 seconds, Stopping threads took: 0.0000990 seconds
137.108: Application time: 0.0583540 seconds
137.108: [GC137.108: [ParNew: 37019K->4110K(37632K), 0.0019080 secs] 60930K->31093K(121024K), 0.0019420 secs] [Times: user=0.01 sys=0.00, real=0.00 secs] 
137.110: Total time for which application threads were stopped: 0.0020710 seconds, Stopping threads took: 0.0000730 seconds
137.176: Application time: 0.0661250 seconds
137.176: [GC137.176: [ParNew: 37117K->4115K(37632K), 0.0013010 secs] 64100K->32122K(121024K), 0.0013320 secs] [Times: user=0.01 sys=0.00, real=0.00 secs] 
137.177: Total time for which application threads were stopped: 0.0014970 seconds, Stopping threads took: 0.0001100 seconds
137.237: Application time: 0.0593670 seconds
137.237: [GC137.237: [ParNew: 36986K->4112K(37632K), 0.0019580 secs] 64993K->35191K(121024K), 0.0019960 secs] [Times: user=0.01 sys=0.00, real=0.01 secs] 
137.239: Total time for which application threads were stopped: 0.0021400 seconds, Stopping threads took: 0.0000890 seconds
137.302: Application time: 0.0628590 seconds
137.302: [GC137.302: [ParNew: 37082K->4112K(37632K), 0.0019520 secs] 68161K->38263K(121024K), 0.0019860 secs] [Times: user=0.01 sys=0.00, real=0.00 secs] 
137.304: Total time for which application threads were stopped: 0.0021460 seconds, Stopping threads took: 0.0001020 seconds
137.370: Application time: 0.0657960 seconds
137.370: [GC137.370: [ParNew: 37126K->4112K(37632K), 0.0019880 secs] 71277K->41335K(121024K), 0.0020220 secs] [Times: user=0.01 sys=0.00, real=0.01 secs] 
137.372: Total time for which application threads were stopped: 0.0021950 seconds, Stopping threads took: 0.0001140 seconds
137.434: Application time: 0.0618140 seconds
137.434: [GC137.434: [ParNew: 36938K->4117K(37632K), 0.0016670 secs] 74161K->43388K(121024K), 0.0017010 secs] [Times: user=0.01 sys=0.00, real=0.00 secs] 
137.436: Total time for which application threads were stopped: 0.0018560 seconds, Stopping threads took: 0.0000970 seconds
137.498: Application time: 0.0625580 seconds
137.503: [GC137.503: [ParNew: 36809K->3126K(37632K), 0.0009710 secs] 76080K->42397K(121024K), 0.0010030 secs] [Times: user=0.01 sys=0.00, real=0.00 secs] 
137.504: Total time for which application threads were stopped: 0.0056880 seconds, Stopping threads took: 0.0046070 seconds
137.567: Application time: 0.0636510 seconds
137.568: [GC137.568: [ParNew: 35721K->2125K(37632K), 0.0006040 secs] 74992K->41396K(121024K), 0.0006350 secs] [Times: user=0.01 sys=0.00, real=0.00 secs] 
137.568: Total time for which application threads were stopped: 0.0007550 seconds, Stopping threads took: 0.0000560 seconds
137.628: Application time: 0.0594290 seconds
137.628: [GC137.628: [ParNew: 35024K->2251K(37632K), 0.0006530 secs] 74295K->41522K(121024K), 0.0006810 secs] [Times: user=0.00 sys=0.00, real=0.00 secs] 
137.628: Total time for which application threads were stopped: 0.0007930 seconds, Stopping threads took: 0.0000620 seconds
137.678: Application time: 0.0496840 seconds
137.678: [GC137.678: [ParNew: 35464K->4155K(37632K), 0.0020090 secs] 74736K->46722K(121024K), 0.0020450 secs] [Times: user=0.02 sys=0.00, real=0.01 secs] 
137.680: Total time for which application threads were stopped: 0.0021780 seconds, Stopping threads took: 0.0000740 seconds
137.742: Application time: 0.0621110 seconds
137.743: [GC137.743: [ParNew: 37079K->4109K(37632K), 0.0016520 secs] 79647K->48781K(121024K), 0.0016830 secs] [Times: user=0.01 sys=0.00, real=0.00 secs] 
137.744: Total time for which application threads were stopped: 0.0018460 seconds, Stopping threads took: 0.0001040 seconds
137.803: Application time: 0.0586130 seconds
137.803: [GC137.803: [ParNew: 37032K->4114K(37632K), 0.0020530 secs] 81703K->51857K(121024K), 0.0020910 secs] [Times: user=0.02 sys=0.00, real=0.00 secs] 
137.805: Total time for which application threads were stopped: 0.0022280 seconds, Stopping threads took: 0.0000680 seconds
137.869: Application time: 0.0634260 seconds
137.869: [GC137.869: [ParNew: 37078K->4114K(37632K), 0.0019460 secs] 84822K->54929K(121024K), 0.0019780 secs] [Times: user=0.01 sys=0.01, real=0.01 secs] 
137.871: Total time for which application threads were stopped: 0.0020990 seconds, Stopping threads took: 0.0000640 seconds
137.936: Application time: 0.0653130 seconds
137.936: [GC137.936: [ParNew: 37106K->4113K(37632K), 0.0016830 secs] 87921K->56977K(121024K), 0.0017190 secs] [Times: user=0.01 sys=0.00, real=0.00 secs] 
137.938: Total time for which application threads were stopped: 0.0018510 seconds, Stopping threads took: 0.0000730 seconds
137.997: Application time: 0.0595100 seconds
137.997: [GC137.997: [ParNew: 36986K->4114K(37632K), 0.0019850 secs] 89850K->60057K(121024K), 0.0020210 secs] [Times: user=0.01 sys=0.00, real=0.01 secs] 
138.000: Total time for which application threads were stopped: 0.0021720 seconds, Stopping threads took: 0.0000890 seconds
138.064: Application time: 0.0640750 seconds
138.064: [GC138.064: [ParNew: 37014K->4112K(37632K), 0.0016730 secs] 92957K->62104K(121024K), 0.0017080 secs] [Times: user=0.02 sys=0.00, real=0.00 secs] 
138.065: Total time for which application threads were stopped: 0.0018530 seconds, Stopping threads took: 0.0000870 seconds
138.130: Application time: 0.0646560 seconds
138.130: [GC138.130: [ParNew: 37074K->4146K(37632K), 0.0014850 secs] 95066K->63161K(121024K), 0.0015180 secs] [Times: user=0.01 sys=0.00, real=0.01 secs] 
138.132: Total time for which application threads were stopped: 0.0016810 seconds, Stopping threads took: 0.0000980 seconds
138.194: Application time: 0.0618640 seconds
138.194: [GC138.194: [ParNew: 36772K->4152K(37632K), 0.0011600 secs] 95788K->63167K(121024K), 0.0011900 secs] [Times: user=0.00 sys=0.00, real=0.00 secs] 
138.195: Total time for which application threads were stopped: 0.0013250 seconds, Stopping threads took: 0.0000780 seconds
138.258: Application time: 0.0626100 seconds
138.258: [GC138.258: [ParNew: 36766K->2088K(37632K), 0.0007290 secs] 95782K->61104K(121024K), 0.0007570 secs] [Times: user=0.01 sys=0.00, real=0.00 secs] 
138.258: Total time for which application threads were stopped: 0.0008830 seconds, Stopping threads took: 0.0000710 seconds
138.318: Application time: 0.0594700 seconds
138.318: [GC138.318: [ParNew: 34807K->3257K(37632K), 0.0008090 secs] 93823K->62273K(121024K), 0.0008360 secs] [Times: user=0.01 sys=0.00, real=0.01 secs] 
138.319: Total time for which application threads were stopped: 0.0009460 seconds, Stopping threads took: 0.0000590 seconds
138.371: Application time: 0.0520920 seconds
138.371: [GC138.371: [ParNew: 36669K->4156K(37632K), 0.0017040 secs] 95685K->65448K(121024K), 0.0017380 secs] [Times: user=0.01 sys=0.00, real=0.00 secs] 
138.373: Total time for which application threads were stopped: 0.0018520 seconds, Stopping threads took: 0.0000600 seconds
138.432: Application time: 0.0589170 seconds
138.432: [GC138.432: [ParNew: 37043K->4113K(37632K), 0.0019740 secs] 98335K->68557K(121024K), 0.0020060 secs] [Times: user=0.01 sys=0.00, real=0.00 secs] 
138.434: Total time for which application threads were stopped: 0.0021340 seconds, Stopping threads took: 0.0000720 seconds
138.497: Application time: 0.0629660 seconds
138.497: [GC138.497: [ParNew: 37081K->4111K(37632K), 0.0016850 secs] 101525K->70603K(121024K), 0.0017160 secs] [Times: user=0.02 sys=0.00, real=0.01 secs] 
138.499: Total time for which application threads were stopped: 0.0018440 seconds, Stopping threads took: 0.0000720 seconds
138.559: Application time: 0.0602430 seconds
138.559: [GC138.559: [ParNew: 37029K->4110K(37632K), 0.0020330 secs] 103521K->73674K(121024K), 0.0020710 secs] [Times: user=0.01 sys=0.00, real=0.00 secs] 
138.561: Total time for which application threads were stopped: 0.0022120 seconds, Stopping threads took: 0.0000830 seconds
138.624: Application time: 0.0625130 seconds
138.624: [GC138.624: [ParNew: 37070K->4112K(37632K), 0.0020190 secs] 106635K->76748K(121024K), 0.0020530 secs] [Times: user=0.01 sys=0.00, real=0.00 secs] 
138.626: Total time for which application threads were stopped: 0.0021880 seconds, Stopping threads took: 0.0000780 seconds
138.690: Application time: 0.0637100 seconds
138.690: [GC138.690: [ParNew: 37069K->4120K(37632K), 0.0019750 secs] 109706K->79828K(121024K), 0.0020110 secs] [Times: user=0.02 sys=0.00, real=0.01 secs] 
138.692: Total time for which application threads were stopped: 0.0021490 seconds, Stopping threads took: 0.0000710 seconds
138.755: Application time: 0.0630860 seconds
138.755: [GC138.755: [ParNew: 37067K->4112K(37632K), 0.0017520 secs] 112775K->81868K(121024K), 0.0017890 secs] [Times: user=0.01 sys=0.00, real=0.00 secs] 
138.757: Total time for which application threads were stopped: 0.0019490 seconds, Stopping threads took: 0.0001020 seconds
138.820: Application time: 0.0634820 seconds
138.820: [GC138.820: [ParNew: 36946K->4149K(37632K), 0.0014080 secs] 114702K->82929K(121024K), 0.0014390 secs] [Times: user=0.01 sys=0.00, real=0.00 secs] 
138.822: Total time for which application threads were stopped: 0.0016190 seconds, Stopping threads took: 0.0001240 seconds
138.884: Application time: 0.0625530 seconds
138.885: [GC138.885: [ParNew: 36852K->4134K(37632K), 0.0011860 secs] 115632K->82915K(121024K), 0.0012150 secs] [Times: user=0.01 sys=0.00, real=0.00 secs] 
138.886: Total time for which application threads were stopped: 0.0013470 seconds, Stopping threads took: 0.0000770 seconds
138.946: Application time: 0.0606780 seconds
138.947: [GC138.947: [ParNew: 36596K->2108K(37632K), 0.0007240 secs] 115376K->80888K(121024K), 0.0007590 secs] [Times: user=0.00 sys=0.00, real=0.00 secs] 
138.947: Total time for which application threads were stopped: 0.0008900 seconds, Stopping threads took: 0.0000770 seconds
139.007: Application time: 0.0597370 seconds
139.007: [GC139.007: [ParNew: 34860K->3272K(37632K), 0.0008630 secs] 113640K->82052K(121024K), 0.0008900 secs] [Times: user=0.01 sys=0.00, real=0.00 secs] 
139.008: Total time for which application threads were stopped: 0.0010200 seconds, Stopping threads took: 0.0000820 seconds
139.059: Application time: 0.0512940 seconds
139.060: [GC139.060: [ParNew: 36744K->4155K(37632K), 0.0023510 secs] 115524K->87252K(121024K), 0.0023850 secs] [Times: user=0.02 sys=0.00, real=0.00 secs] 
139.062: Total time for which application threads were stopped: 0.0025090 seconds, Stopping threads took: 0.0000650 seconds
139.126: Application time: 0.0636520 seconds
139.126: [GC139.126: [ParNew: 37130K->4116K(37632K), 0.0013610 secs]139.127: [Tenured: 84204K->8686K(84420K), 0.0080180 secs] 120226K->8686K(122052K), [Perm : 5528K->5528K(21248K)], 0.0094810 secs] [Times: user=0.01 sys=0.00, real=0.01 secs] 
139.135: Total time for which application threads were stopped: 0.0096200 seconds, Stopping threads took: 0.0000790 seconds
139.195: Application time: 0.0593610 seconds
139.195: [GC139.195: [ParNew: 32911K->4113K(37632K), 0.0016180 secs] 41597K->14847K(121024K), 0.0016530 secs] [Times: user=0.01 sys=0.00, real=0.00 secs] 
139.196: Total time for which application threads were stopped: 0.0018130 seconds, Stopping threads took: 0.0000960 seconds
139.259: Application time: 0.0622610 seconds
139.259: [GC139.259: [ParNew: 37070K->4112K(37632K), 0.0019210 secs] 47804K->17918K(121024K), 0.0019570 secs] [Times: user=0.01 sys=0.00, real=0.00 secs] 
139.261: Total time for which application threads were stopped: 0.0021300 seconds, Stopping threads took: 0.0001150 seconds
139.322: Application time: 0.0612610 seconds
139.322: [GC139.322: [ParNew: 37039K->4118K(37632K), 0.0019130 secs] 50845K->20996K(121024K), 0.0019500 secs] [Times: user=0.02 sys=0.00, real=0.00 secs] 
139.324: Total time for which application threads were stopped: 0.0020740 seconds, Stopping threads took: 0.0000650 seconds
139.387: Application time: 0.0630110 seconds
139.387: [GC139.387: [ParNew: 37086K->4110K(37632K), 0.0020620 secs] 53964K->24060K(121024K), 0.0021000 secs] [Times: user=0.01 sys=0.00, real=0.00 secs] 
139.389: Total time for which application threads were stopped: 0.0022420 seconds, Stopping threads took: 0.0000730 seconds
139.454: Application time: 0.0649170 seconds
139.454: [GC139.454: [ParNew: 37092K->4110K(37632K), 0.0019630 secs] 57042K->27132K(121024K), 0.0019970 secs] [Times: user=0.02 sys=0.00, real=0.00 secs] 
139.456: Total time for which application threads were stopped: 0.0021310 seconds, Stopping threads took: 0.0000760 seconds
139.520: Application time: 0.0634450 seconds
139.520: [GC139.520: [ParNew: 37040K->4134K(37632K), 0.0016210 secs] 60062K->29204K(121024K), 0.0016550 secs] [Times: user=0.01 sys=0.00, real=0.00 secs] 
139.522: Total time for which application threads were stopped: 0.0018050 seconds, Stopping threads took: 0.0000910 seconds
139.585: Application time: 0.0631120 seconds
139.585: [GC139.585: [ParNew: 36948K->4159K(37632K), 0.0011560 secs] 62019K->29261K(121024K), 0.0011880 secs] [Times: user=0.01 sys=0.00, real=0.00 secs] 
139.586: Total time for which application threads were stopped: 0.0013410 seconds, Stopping threads took: 0.0000980 seconds
139.648: Application time: 0.0619590 seconds
139.648: [GC139.648: [ParNew: 37631K->3143K(37632K), 0.0008740 secs] 62733K->28245K(121024K), 0.0009040 secs] [Times: user=0.01 sys=0.00, real=0.00 secs] 
139.649: Total time for which application threads were stopped: 0.0010380 seconds, Stopping threads took: 0.0000800 seconds
139.712: Application time: 0.0625390 seconds
139.712: [GC139.712: [ParNew: 36449K->1275K(37632K), 0.0004320 secs] 61551K->26377K(121024K), 0.0004580 secs] [Times: user=0.00 sys=0.00, real=0.00 secs] 
139.712: Total time for which application threads were stopped: 0.0005830 seconds, Stopping threads took: 0.0000710 seconds
139.759: Application time: 0.0471330 seconds
139.759: [GC139.760: [ParNew: 34026K->4154K(37632K), 0.0021280 secs] 59129K->32512K(121024K), 0.0021650 secs] [Times: user=0.01 sys=0.00, real=0.00 secs] 
139.762: Total time for which application threads were stopped: 0.0022950 seconds, Stopping threads took: 0.0000690 seconds
139.824: Application time: 0.0625320 seconds
139.824: [GC139.824: [ParNew: 37104K->4114K(37632K), 0.0019660 secs] 65462K->35624K(121024K), 0.0020010 secs] [Times: user=0.02 sys=0.00, real=0.00 secs] 
139.826: Total time for which application threads were stopped: 0.0021420 seconds, Stopping threads took: 0.0000830 seconds
139.885: Application time: 0.0588310 seconds
139.885: [GC139.885: [ParNew: 37008K->4112K(37632K), 0.0019190 secs] 68518K->38695K(121024K), 0.0019530 secs] [Times: user=0.01 sys=0.00, real=0.00 secs] 
139.887: Total time for which application threads were stopped: 0.0020890 seconds, Stopping threads took: 0.0000780 seconds
139.954: Application time: 0.0662630 seconds
139.954: [GC139.954: [ParNew: 37133K->4113K(37632K), 0.0015850 secs] 71715K->40743K(121024K), 0.0016190 secs] [Times: user=0.01 sys=0.00, real=0.00 secs] 
139.955: Total time for which application threads were stopped: 0.0017400 seconds, Stopping threads took: 0.0000630 seconds
140.017: Application time: 0.0613230 seconds
140.017: [GC140.017: [ParNew: 37041K->4114K(37632K), 0.0019170 secs] 73672K->43816K(121024K), 0.0019520 secs] [Times: user=0.01 sys=0.01, real=0.01 secs] 
140.019: Total time for which application threads were stopped: 0.0020900 seconds, Stopping threads took: 0.0000810 seconds
140.080: Application time: 0.0611160 seconds
140.080: [GC140.080: [ParNew: 37057K->4112K(37632K), 0.0019670 secs] 76760K->46887K(121024K), 0.0020000 secs] [Times: user=0.01 sys=0.00, real=0.00 secs] 
140.082: Total time for which application threads were stopped: 0.0021310 seconds, Stopping threads took: 0.0000730 seconds
140.148: Application time: 0.0655670 seconds
140.148: [GC140.148: [ParNew: 37125K->4112K(37632K), 0.0015390 secs] 79900K->48935K(121024K), 0.0015710 secs] [Times: user=0.01 sys=0.00, real=0.00 secs] 
140.149: Total time for which application threads were stopped: 0.0017030 seconds, Stopping threads took: 0.0000760 seconds
140.211: Application time: 0.0614760 seconds
140.211: [GC140.211: [ParNew: 37002K->4132K(37632K), 0.0017530 secs] 81824K->51003K(121024K), 0.0017830 secs] [Times: user=0.01 sys=0.00, real=0.00 secs] 
140.213: Total time for which application threads were stopped: 0.0019420 seconds, Stopping threads took: 0.0001040 seconds
140.276: Application time: 0.0632540 seconds
140.276: [GC140.276: [ParNew: 36806K->4158K(37632K), 0.0011830 secs] 83677K->51069K(121024K), 0.0012150 secs] [Times: user=0.00 sys=0.00, real=0.00 secs] 
140.277: Total time for which application threads were stopped: 0.0013700 seconds, Stopping threads took: 0.0000920 seconds
140.340: Application time: 0.0629960 seconds
140.340: [GC140.340: [ParNew: 36770K->3113K(37632K), 0.0008790 secs] 83681K->50024K(121024K), 0.0009080 secs] [Times: user=0.00 sys=0.00, real=0.00 secs] 
140.341: Total time for which application threads were stopped: 0.0010330 seconds, Stopping threads took: 0.0000690 seconds
140.404: Application time: 0.0631530 seconds
140.405: [GC140.405: [ParNew: 36305K->3317K(37632K), 0.0008680 secs] 83216K->50228K(121024K), 0.0008960 secs] [Times: user=0.01 sys=0.00, real=0.00 secs] 
140.405: Total time for which application threads were stopped: 0.0010150 seconds, Stopping threads took: 0.0000670 seconds
140.455: Application time: 0.0493140 seconds
140.455: [GC140.455: [ParNew: 36200K->4158K(37632K), 0.0017580 secs] 83111K->53345K(121024K), 0.0017890 secs] [Times: user=0.02 sys=0.00, real=0.00 secs] 
140.457: Total time for which application threads were stopped: 0.0019610 seconds, Stopping threads took: 0.0001160 seconds
140.514: Application time: 0.0572430 seconds
140.514: [GC140.514: [ParNew: 36993K->4114K(37632K), 0.0019500 secs] 86180K->56453K(121024K), 0.0019850 secs] [Times: user=0.02 sys=0.00, real=0.00 secs] 
140.516: Total time for which application threads were stopped: 0.0021120 seconds, Stopping threads took: 0.0000680 seconds
140.581: Application time: 0.0645530 seconds
140.581: [GC140.581: [ParNew: 37102K->4112K(37632K), 0.0019700 secs] 89441K->59523K(121024K), 0.0020030 secs] [Times: user=0.02 sys=0.00, real=0.00 secs] 
140.583: Total time for which application threads were stopped: 0.0021260 seconds, Stopping threads took: 0.0000670 seconds
140.647: Application time: 0.0643980 seconds
140.647: [GC140.647: [ParNew: 37105K->4112K(37632K), 0.0018710 secs] 92517K->62595K(121024K), 0.0019020 secs] [Times: user=0.02 sys=0.00, real=0.00 secs] 
140.649: Total time for which application threads were stopped: 0.0020280 seconds, Stopping threads took: 0.0000730 seconds
140.709: Application time: 0.0597000 seconds
140.711: [GC140.711: [ParNew: 37020K->4112K(37632K), 0.0017030 secs] 95504K->64643K(121024K), 0.0017360 secs] [Times: user=0.01 sys=0.00, real=0.00 secs] 
140.712: Total time for which application threads were stopped: 0.0035000 seconds, Stopping threads took: 0.0017050 seconds
140.777: Application time: 0.0648320 seconds
140.777: [GC140.777: [ParNew: 37117K->4110K(37632K), 0.0020630 secs] 97648K->67713K(121024K), 0.0020980 secs] [Times: user=0.02 sys=0.00, real=0.01 secs] 
140.780: Total time for which application threads were stopped: 0.0022320 seconds, Stopping threads took: 0.0000680 seconds
140.841: Application time: 0.0616820 seconds
140.841: [GC140.841: [ParNew: 36995K->4112K(37632K), 0.0021740 secs] 100599K->70787K(121024K), 0.0022110 secs] [Times: user=0.01 sys=0.00, real=0.00 secs] 
140.844: Total time for which application threads were stopped: 0.0023830 seconds, Stopping threads took: 0.0001130 seconds
140.909: Application time: 0.0651500 seconds
140.909: [GC140.909: [ParNew: 37088K->4154K(37632K), 0.0014360 secs] 103764K->71854K(121024K), 0.0014680 secs] [Times: user=0.01 sys=0.00, real=0.00 secs] 
140.910: Total time for which application threads were stopped: 0.0016110 seconds, Stopping threads took: 0.0000850 seconds
140.970: Application time: 0.0600850 seconds
140.971: [GC140.971: [ParNew: 37626K->4136K(37632K), 0.0012830 secs] 105326K->71836K(121024K), 0.0013150 secs] [Times: user=0.01 sys=0.00, real=0.01 secs] 
140.972: Total time for which application threads were stopped: 0.0014580 seconds, Stopping threads took: 0.0000860 seconds
141.035: Application time: 0.0633270 seconds
141.035: [GC141.035: [ParNew: 36888K->3114K(37632K), 0.0008930 secs] 104587K->70814K(121024K), 0.0009320 secs] [Times: user=0.01 sys=0.00, real=0.00 secs] 
141.036: Total time for which application threads were stopped: 0.0010490 seconds, Stopping threads took: 0.0000600 seconds
141.096: Application time: 0.0596010 seconds
141.096: [GC141.096: [ParNew: 36046K->4158K(37632K), 0.0013060 secs] 103746K->71982K(121024K), 0.0013380 secs] [Times: user=0.01 sys=0.00, real=0.00 secs] 
141.097: Total time for which application threads were stopped: 0.0014460 seconds, Stopping threads took: 0.0000530 seconds
141.152: Application time: 0.0546290 seconds
141.152: [GC141.152: [ParNew: 37630K->4156K(37632K), 0.0014910 secs] 105454K->73112K(121024K), 0.0015220 secs] [Times: user=0.01 sys=0.00, real=0.00 secs] 
141.154: Total time for which application threads were stopped: 0.0016680 seconds, Stopping threads took: 0.0000860 seconds
141.218: Application time: 0.0643130 seconds
141.218: [GC141.218: [ParNew: 37057K->4134K(37632K), 0.0012000 secs] 106013K->73154K(121024K), 0.0012330 secs] [Times: user=0.01 sys=0.00, real=0.01 secs] 
141.219: Total time for which application threads were stopped: 0.0013430 seconds, Stopping threads took: 0.0000560 seconds
141.274: Application time: 0.0551720 seconds
141.275: [GC141.275: [ParNew: 36805K->4108K(37632K), 0.0018540 secs] 105825K->75175K(121024K), 0.0018890 secs] [Times: user=0.01 sys=0.00, real=0.00 secs] 
141.276: Total time for which application threads were stopped: 0.0020210 seconds, Stopping threads took: 0.0000740 seconds
141.339: Application time: 0.0629310 seconds
141.340: [GC141.340: [ParNew: 37093K->4112K(37632K), 0.0019410 secs] 108161K->78252K(121024K), 0.0019770 secs] [Times: user=0.01 sys=0.00, real=0.00 secs] 
141.342: Total time for which application threads were stopped: 0.0021090 seconds, Stopping threads took: 0.0000680 seconds
141.402: Application time: 0.0605520 seconds
141.402: [GC141.402: [ParNew: 36991K->4113K(37632K), 0.0020090 secs] 111131K->81325K(121024K), 0.0020430 secs] [Times: user=0.01 sys=0.00, real=0.00 secs] 
141.404: Total time for which application threads were stopped: 0.0021890 seconds, Stopping threads took: 0.0000870 seconds
141.469: Application time: 0.0644970 seconds
141.469: [GC141.469: [ParNew: 37121K->4114K(37632K), 0.0019480 secs] 114333K->84397K(121024K), 0.0019840 secs] [Times: user=0.01 sys=0.00, real=0.01 secs] 
141.471: Total time for which application threads were stopped: 0.0021590 seconds, Stopping threads took: 0.0001170 seconds
141.533: Application time: 0.0619350 seconds
141.533: [GC141.533: [ParNew: 37003K->4113K(37632K), 0.0017270 secs] 117287K->86445K(121024K), 0.0017630 secs] [Times: user=0.01 sys=0.00, real=0.00 secs] 
141.535: Total time for which application threads were stopped: 0.0019050 seconds, Stopping threads took: 0.0000840 seconds
141.600: Application time: 0.0653800 seconds
141.600: [GC141.600: [ParNew: 37102K->4114K(37632K), 0.0019020 secs]141.602: [Tenured: 85404K->11947K(85448K), 0.0088010 secs] 119434K->11947K(123080K), [Perm : 5528K->5528K(21248K)], 0.0108580 secs] [Times: user=0.02 sys=0.00, real=0.01 secs] 
141.611: Total time for which application threads were stopped: 0.0110180 seconds, Stopping threads took: 0.0000970 seconds
141.673: Application time: 0.0615270 seconds
141.675: [GC141.675: [ParNew: 32664K->4158K(37632K), 0.0012080 secs] 44612K->16138K(121024K), 0.0012400 secs] [Times: user=0.01 sys=0.00, real=0.00 secs] 
141.676: Total time for which application threads were stopped: 0.0032450 seconds, Stopping threads took: 0.0019500 seconds
141.738: Application time: 0.0624650 seconds
141.739: [GC141.739: [ParNew: 36712K->3111K(37632K), 0.0009100 secs] 48692K->15090K(121024K), 0.0009430 secs] [Times: user=0.01 sys=0.00, real=0.01 secs] 
141.740: Total time for which application threads were stopped: 0.0011020 seconds, Stopping threads took: 0.0001040 seconds
141.800: Application time: 0.0600340 seconds
141.800: [GC141.800: [ParNew: 35944K->4158K(37632K), 0.0012290 secs] 47924K->16278K(121024K), 0.0012580 secs] [Times: user=0.01 sys=0.00, real=0.00 secs] 
141.801: Total time for which application threads were stopped: 0.0013850 seconds, Stopping threads took: 0.0000730 seconds
141.855: Application time: 0.0540780 seconds
141.855: [GC141.855: [ParNew: 37630K->4158K(37632K), 0.0014040 secs] 49750K->17438K(121024K), 0.0014360 secs] [Times: user=0.01 sys=0.00, real=0.00 secs] 
141.857: Total time for which application threads were stopped: 0.0015640 seconds, Stopping threads took: 0.0000650 seconds
141.918: Application time: 0.0610390 seconds
141.918: [GC141.918: [ParNew: 36932K->4117K(37632K), 0.0016710 secs] 50212K->19509K(121024K), 0.0017020 secs] [Times: user=0.01 sys=0.00, real=0.01 secs] 
141.919: Total time for which application threads were stopped: 0.0018290 seconds, Stopping threads took: 0.0000710 seconds
141.978: Application time: 0.0585240 seconds
141.978: [GC141.978: [ParNew: 36942K->4112K(37632K), 0.0020330 secs] 52333K->22576K(121024K), 0.0020680 secs] [Times: user=0.02 sys=0.00, real=0.01 secs] 
141.980: Total time for which application threads were stopped: 0.0022770 seconds, Stopping threads took: 0.0001520 seconds
142.042: Application time: 0.0619480 seconds
142.042: [GC142.042: [ParNew: 37084K->4120K(37632K), 0.0016910 secs] 55548K->24632K(121024K), 0.0017250 secs] [Times: user=0.01 sys=0.00, real=0.00 secs] 
142.044: Total time for which application threads were stopped: 0.0018920 seconds, Stopping threads took: 0.0001100 seconds
142.108: Application time: 0.0643520 seconds
142.109: [GC142.109: [ParNew: 37071K->4112K(37632K), 0.0018060 secs] 57583K->27696K(121024K), 0.0018380 secs] [Times: user=0.01 sys=0.00, real=0.00 secs] 
142.110: Total time for which application threads were stopped: 0.0019960 seconds, Stopping threads took: 0.0001030 seconds
142.170: Application time: 0.0597450 seconds
142.170: [GC142.170: [ParNew: 37016K->4116K(37632K), 0.0019090 secs] 60600K->30772K(121024K), 0.0019430 secs] [Times: user=0.02 sys=0.00, real=0.01 secs] 
142.172: Total time for which application threads were stopped: 0.0020760 seconds, Stopping threads took: 0.0000720 seconds
142.237: Application time: 0.0642900 seconds
142.237: [GC142.237: [ParNew: 37093K->4112K(37632K), 0.0019610 secs] 63749K->33840K(121024K), 0.0019960 secs] [Times: user=0.02 sys=0.00, real=0.01 secs] 
142.239: Total time for which application threads were stopped: 0.0021280 seconds, Stopping threads took: 0.0000730 seconds
142.304: Application time: 0.0648960 seconds
142.304: [GC142.304: [ParNew: 37126K->4130K(37632K), 0.0016050 secs] 66854K->35906K(121024K), 0.0016380 secs] [Times: user=0.02 sys=0.00, real=0.00 secs] 
142.305: Total time for which application threads were stopped: 0.0017710 seconds, Stopping threads took: 0.0000760 seconds
142.365: Application time: 0.0600050 seconds
142.366: [GC142.366: [ParNew: 36645K->4135K(37632K), 0.0012140 secs] 68421K->35911K(121024K), 0.0012450 secs] [Times: user=0.01 sys=0.00, real=0.00 secs] 
142.367: Total time for which application threads were stopped: 0.0013850 seconds, Stopping threads took: 0.0000760 seconds
142.432: Application time: 0.0656140 seconds
142.435: [GC142.435: [ParNew: 37053K->1080K(37632K), 0.0004920 secs] 68829K->32856K(121024K), 0.0005260 secs] [Times: user=0.00 sys=0.00, real=0.00 secs] 
142.435: Total time for which application threads were stopped: 0.0028820 seconds, Stopping threads took: 0.0023030 seconds
142.495: Application time: 0.0592500 seconds
142.495: [GC142.495: [ParNew: 33947K->3285K(37632K), 0.0008820 secs] 65723K->35061K(121024K), 0.0009120 secs] [Times: user=0.01 sys=0.00, real=0.00 secs] 
142.496: Total time for which application threads were stopped: 0.0010550 seconds, Stopping threads took: 0.0000870 seconds
142.550: Application time: 0.0544280 seconds
142.550: [GC142.550: [ParNew: 36656K->4156K(37632K), 0.0014420 secs] 68432K->37192K(121024K), 0.0014800 secs] [Times: user=0.01 sys=0.00, real=0.01 secs] 
142.552: Total time for which application threads were stopped: 0.0016080 seconds, Stopping threads took: 0.0000680 seconds
142.609: Application time: 0.0575280 seconds
142.609: [GC142.609: [ParNew: 36776K->4118K(37632K), 0.0016590 secs] 69812K->39267K(121024K), 0.0017020 secs] [Times: user=0.02 sys=0.00, real=0.01 secs] 
142.611: Total time for which application threads were stopped: 0.0018440 seconds, Stopping threads took: 0.0000820 seconds
142.672: Application time: 0.0610760 seconds
142.672: [GC142.672: [ParNew: 36953K->4108K(37632K), 0.0019850 secs] 72102K->42328K(121024K), 0.0020140 secs] [Times: user=0.02 sys=0.00, real=0.00 secs] 
142.674: Total time for which application threads were stopped: 0.0021300 seconds, Stopping threads took: 0.0000630 seconds
142.735: Application time: 0.0610480 seconds
142.735: [GC142.735: [ParNew: 37078K->4119K(37632K), 0.0016170 secs] 75298K->44388K(121024K), 0.0016520 secs] [Times: user=0.02 sys=0.00, real=0.00 secs] 
142.737: Total time for which application threads were stopped: 0.0017690 seconds, Stopping threads took: 0.0000600 seconds
142.800: Application time: 0.0631250 seconds
142.800: [GC142.800: [ParNew: 37045K->4112K(37632K), 0.0019460 secs] 77313K->47452K(121024K), 0.0019810 secs] [Times: user=0.02 sys=0.00, real=0.00 secs] 
142.802: Total time for which application threads were stopped: 0.0021110 seconds, Stopping threads took: 0.0000730 seconds
142.860: Application time: 0.0580180 seconds
142.861: [GC142.861: [ParNew: 36987K->4110K(37632K), 0.0019840 secs] 80327K->50522K(121024K), 0.0020270 secs] [Times: user=0.02 sys=0.00, real=0.00 secs] 
142.863: Total time for which application threads were stopped: 0.0023330 seconds, Stopping threads took: 0.0002440 seconds
142.929: Application time: 0.0660570 seconds
142.929: [GC142.929: [ParNew: 37137K->4112K(37632K), 0.0016800 secs] 83549K->52573K(121024K), 0.0017120 secs] [Times: user=0.01 sys=0.00, real=0.00 secs] 
142.931: Total time for which application threads were stopped: 0.0018590 seconds, Stopping threads took: 0.0000740 seconds
142.996: Application time: 0.0653600 seconds
142.996: [GC142.996: [ParNew: 37097K->4152K(37632K), 0.0014340 secs] 85557K->53636K(121024K), 0.0014660 secs] [Times: user=0.01 sys=0.00, real=0.00 secs] 
142.998: Total time for which application threads were stopped: 0.0015890 seconds, Stopping threads took: 0.0000640 seconds
143.057: Application time: 0.0594340 seconds
143.057: [GC143.057: [ParNew: 36629K->4120K(37632K), 0.0011120 secs] 86114K->53605K(121024K), 0.0011410 secs] [Times: user=0.01 sys=0.00, real=0.00 secs] 
143.058: Total time for which application threads were stopped: 0.0012770 seconds, Stopping threads took: 0.0000800 seconds
143.121: Application time: 0.0627710 seconds
143.123: [GC143.123: [ParNew: 36797K->2104K(37632K), 0.0007470 secs] 86282K->51588K(121024K), 0.0007780 secs] [Times: user=0.01 sys=0.00, real=0.00 secs] 
143.123: Total time for which application threads were stopped: 0.0024940 seconds, Stopping threads took: 0.0016630 seconds
143.183: Application time: 0.0597570 seconds
143.183: [GC143.183: [ParNew: 35050K->4159K(37632K), 0.0011900 secs] 84534K->53771K(121024K), 0.0012180 secs] [Times: user=0.01 sys=0.00, real=0.00 secs] 
143.185: Total time for which application threads were stopped: 0.0013380 seconds, Stopping threads took: 0.0000670 seconds
143.239: Application time: 0.0541680 seconds
143.239: [GC143.239: [ParNew: 36666K->4154K(37632K), 0.0012570 secs] 86279K->53887K(121024K), 0.0012870 secs] [Times: user=0.00 sys=0.00, real=0.00 secs] 
143.240: Total time for which application threads were stopped: 0.0014180 seconds, Stopping threads took: 0.0000750 seconds
143.296: Application time: 0.0554680 seconds
143.296: [GC143.296: [ParNew: 36714K->4114K(37632K), 0.0016990 secs] 86447K->55979K(121024K), 0.0017290 secs] [Times: user=0.01 sys=0.00, real=0.00 secs] 
143.297: Total time for which application threads were stopped: 0.0018470 seconds, Stopping threads took: 0.0000630 seconds
143.361: Application time: 0.0639270 seconds
143.362: [GC143.362: [ParNew: 37047K->4112K(37632K), 0.0019420 secs] 88912K->59049K(121024K), 0.0019780 secs] [Times: user=0.01 sys=0.00, real=0.00 secs] 
143.364: Total time for which application threads were stopped: 0.0021160 seconds, Stopping threads took: 0.0000740 seconds
143.425: Application time: 0.0612060 seconds
143.425: [GC143.425: [ParNew: 37066K->4114K(37632K), 0.0019320 secs] 92003K->62123K(121024K), 0.0019690 secs] [Times: user=0.02 sys=0.00, real=0.00 secs] 
143.427: Total time for which application threads were stopped: 0.0020910 seconds, Stopping threads took: 0.0000620 seconds
143.489: Application time: 0.0617750 seconds
143.489: [GC143.489: [ParNew: 37037K->4112K(37632K), 0.0020130 secs] 95046K->65194K(121024K), 0.0020490 secs] [Times: user=0.02 sys=0.00, real=0.01 secs] 
143.491: Total time for which application threads were stopped: 0.0021900 seconds, Stopping threads took: 0.0000720 seconds
143.552: Application time: 0.0612220 seconds
143.552: [GC143.552: [ParNew: 37018K->4110K(37632K), 0.0020070 secs] 98099K->68263K(121024K), 0.0020420 secs] [Times: user=0.01 sys=0.00, real=0.00 secs] 
143.554: Total time for which application threads were stopped: 0.0022020 seconds, Stopping threads took: 0.0000990 seconds
143.618: Application time: 0.0638800 seconds
143.618: [GC143.618: [ParNew: 37041K->4133K(37632K), 0.0014190 secs] 101194K->69310K(121024K), 0.0014520 secs] [Times: user=0.02 sys=0.00, real=0.01 secs] 
143.620: Total time for which application threads were stopped: 0.0016360 seconds, Stopping threads took: 0.0001280 seconds
143.684: Application time: 0.0644040 seconds
143.684: [GC143.684: [ParNew: 36959K->4152K(37632K), 0.0015350 secs] 102136K->70353K(121024K), 0.0015670 secs] [Times: user=0.01 sys=0.00, real=0.00 secs] 
143.686: Total time for which application threads were stopped: 0.0016990 seconds, Stopping threads took: 0.0000740 seconds
143.746: Application time: 0.0596980 seconds
143.746: [GC143.746: [ParNew: 37624K->4139K(37632K), 0.0010990 secs] 103825K->70340K(121024K), 0.0011300 secs] [Times: user=0.00 sys=0.00, real=0.00 secs] 
143.747: Total time for which application threads were stopped: 0.0012810 seconds, Stopping threads took: 0.0000970 seconds
143.811: Application time: 0.0642130 seconds
143.811: [GC143.811: [ParNew: 36992K->2107K(37632K), 0.0007720 secs] 103193K->68308K(121024K), 0.0008060 secs] [Times: user=0.01 sys=0.00, real=0.00 secs] 
143.812: Total time for which application threads were stopped: 0.0009350 seconds, Stopping threads took: 0.0000750 seconds
143.872: Application time: 0.0595290 seconds
143.872: [GC143.872: [ParNew: 35113K->4159K(37632K), 0.0011300 secs] 101314K->70484K(121024K), 0.0011610 secs] [Times: user=0.00 sys=0.00, real=0.00 secs] 
143.873: Total time for which application threads were stopped: 0.0012830 seconds, Stopping threads took: 0.0000680 seconds
143.927: Application time: 0.0544180 seconds
143.927: [GC143.927: [ParNew: 36689K->4159K(37632K), 0.0012060 secs] 103015K->70604K(121024K), 0.0012360 secs] [Times: user=0.01 sys=0.00, real=0.00 secs] 
143.929: Total time for which application threads were stopped: 0.0013480 seconds, Stopping threads took: 0.0000590 seconds
143.986: Application time: 0.0575260 seconds
143.986: [GC143.986: [ParNew: 36881K->4133K(37632K), 0.0017000 secs] 103326K->72706K(121024K), 0.0017360 secs] [Times: user=0.01 sys=0.00, real=0.00 secs] 
143.988: Total time for which application threads were stopped: 0.0018680 seconds, Stopping threads took: 0.0000750 seconds
144.050: Application time: 0.0620360 seconds
144.050: [GC144.050: [ParNew: 36943K->4111K(37632K), 0.0016860 secs] 105516K->74733K(121024K), 0.0017220 secs] [Times: user=0.02 sys=0.00, real=0.01 secs] 
144.052: Total time for which application threads were stopped: 0.0018720 seconds, Stopping threads took: 0.0000850 seconds
144.113: Application time: 0.0616150 seconds
144.114: [GC144.114: [ParNew: 37064K->4115K(37632K), 0.0016760 secs] 107685K->76784K(121024K), 0.0017120 secs] [Times: user=0.01 sys=0.00, real=0.00 secs] 
144.115: Total time for which application threads were stopped: 0.0018520 seconds, Stopping threads took: 0.0000820 seconds
144.175: Application time: 0.0597930 seconds
144.175: [GC144.175: [ParNew: 37010K->4110K(37632K), 0.0021750 secs] 109679K->79851K(121024K), 0.0022190 secs] [Times: user=0.01 sys=0.00, real=0.00 secs] 
144.177: Total time for which application threads were stopped: 0.0023500 seconds, Stopping threads took: 0.0000730 seconds
144.240: Application time: 0.0626310 seconds
144.240: [GC144.240: [ParNew: 37060K->4112K(37632K), 0.0019510 secs] 112802K->82925K(121024K), 0.0019840 secs] [Times: user=0.02 sys=0.00, real=0.00 secs] 
144.242: Total time for which application threads were stopped: 0.0022070 seconds, Stopping threads took: 0.0001640 seconds
144.307: Application time: 0.0650030 seconds
144.307: [GC144.307: [ParNew: 37120K->4113K(37632K), 0.0017580 secs] 115933K->84974K(121024K), 0.0017910 secs] [Times: user=0.01 sys=0.00, real=0.00 secs] 
144.309: Total time for which application threads were stopped: 0.0019480 seconds, Stopping threads took: 0.0001000 seconds
144.373: Application time: 0.0636740 seconds
144.373: [GC144.373: [ParNew: 36990K->4128K(37632K), 0.0013810 secs] 117851K->86014K(121024K), 0.0014120 secs] [Times: user=0.01 sys=0.00, real=0.00 secs] 
144.375: Total time for which application threads were stopped: 0.0015490 seconds, Stopping threads took: 0.0000800 seconds
144.435: Application time: 0.0606700 seconds
144.435: [GC144.435: [ParNew: 36655K->4151K(37632K), 0.0011160 secs] 118540K->86037K(121024K), 0.0011470 secs] [Times: user=0.01 sys=0.00, real=0.00 secs] 
144.436: Total time for which application threads were stopped: 0.0012750 seconds, Stopping threads took: 0.0000710 seconds
144.500: Application time: 0.0635520 seconds
144.500: [GC144.500: [ParNew: 36906K->2072K(37632K), 0.0006460 secs] 118792K->83957K(121024K), 0.0006730 secs] [Times: user=0.00 sys=0.00, real=0.00 secs] 
144.501: Total time for which application threads were stopped: 0.0008180 seconds, Stopping threads took: 0.0000880 seconds
144.557: Application time: 0.0560520 seconds
144.557: [GC144.557: [ParNew: 35544K->4159K(37632K), 0.0013520 secs] 117429K->86185K(121024K), 0.0013790 secs] [Times: user=0.01 sys=0.00, real=0.00 secs] 
144.558: Total time for which application threads were stopped: 0.0015090 seconds, Stopping threads took: 0.0000660 seconds
144.615: Application time: 0.0563100 seconds
144.615: [GC144.615: [ParNew: 37037K->4158K(37632K), 0.0019220 secs]144.617: [Tenured: 84202K->11135K(84420K), 0.0085500 secs] 119063K->11135K(122052K), [Perm : 5528K->5528K(21248K)], 0.0105780 secs] [Times: user=0.02 sys=0.00, real=0.01 secs] 
144.625: Total time for which application threads were stopped: 0.0107170 seconds, Stopping threads took: 0.0000760 seconds
144.684: Application time: 0.0588260 seconds
144.684: [GC144.684: [ParNew: 32744K->4116K(37632K), 0.0016520 secs] 43879K->17299K(121024K), 0.0016820 secs] [Times: user=0.01 sys=0.00, real=0.00 secs] 
144.686: Total time for which application threads were stopped: 0.0018080 seconds, Stopping threads took: 0.0000680 seconds
144.747: Application time: 0.0609110 seconds
144.747: [GC144.747: [ParNew: 36984K->4112K(37632K), 0.0019200 secs] 50167K->20367K(121024K), 0.0019540 secs] [Times: user=0.02 sys=0.00, real=0.00 secs] 
144.749: Total time for which application threads were stopped: 0.0021470 seconds, Stopping threads took: 0.0001350 seconds
144.812: Application time: 0.0628300 seconds
144.812: [GC144.812: [ParNew: 37096K->4112K(37632K), 0.0019910 secs] 53351K->23439K(121024K), 0.0020290 secs] [Times: user=0.01 sys=0.00, real=0.00 secs] 
144.814: Total time for which application threads were stopped: 0.0022000 seconds, Stopping threads took: 0.0001110 seconds
144.873: Application time: 0.0592700 seconds
144.874: [GC144.874: [ParNew: 36995K->4114K(37632K), 0.0020440 secs] 56322K->26513K(121024K), 0.0020800 secs] [Times: user=0.01 sys=0.00, real=0.00 secs] 
144.876: Total time for which application threads were stopped: 0.0022820 seconds, Stopping threads took: 0.0001430 seconds
144.942: Application time: 0.0661140 seconds
144.942: [GC144.942: [ParNew: 37137K->4112K(37632K), 0.0018920 secs] 59537K->29583K(121024K), 0.0019260 secs] [Times: user=0.02 sys=0.00, real=0.00 secs] 
144.944: Total time for which application threads were stopped: 0.0021100 seconds, Stopping threads took: 0.0000960 seconds
145.005: Application time: 0.0605830 seconds
145.005: [GC145.005: [ParNew: 36987K->4130K(37632K), 0.0017130 secs] 62459K->31649K(121024K), 0.0017450 secs] [Times: user=0.01 sys=0.00, real=0.00 secs] 
145.007: Total time for which application threads were stopped: 0.0019510 seconds, Stopping threads took: 0.0001480 seconds
145.072: Application time: 0.0654270 seconds
145.072: [GC145.072: [ParNew: 37096K->4134K(37632K), 0.0014260 secs] 64615K->32677K(121024K), 0.0014570 secs] [Times: user=0.01 sys=0.00, real=0.00 secs] 
145.074: Total time for which application threads were stopped: 0.0016020 seconds, Stopping threads took: 0.0000770 seconds
145.135: Application time: 0.0615670 seconds
145.135: [GC145.135: [ParNew: 36750K->4158K(37632K), 0.0011550 secs] 65294K->32733K(121024K), 0.0011840 secs] [Times: user=0.01 sys=0.00, real=0.00 secs] 
145.136: Total time for which application threads were stopped: 0.0013200 seconds, Stopping threads took: 0.0000810 seconds
145.197: Application time: 0.0609960 seconds
145.198: [GC145.198: [ParNew: 36639K->3113K(37632K), 0.0008800 secs] 65215K->31697K(121024K), 0.0009070 secs] [Times: user=0.01 sys=0.00, real=0.00 secs] 
145.198: Total time for which application threads were stopped: 0.0010360 seconds, Stopping threads took: 0.0000760 seconds
145.254: Application time: 0.0556940 seconds
145.254: [GC145.254: [ParNew: 36585K->4158K(37632K), 0.0015130 secs] 65169K->33877K(121024K), 0.0015440 secs] [Times: user=0.01 sys=0.00, real=0.00 secs] 
145.256: Total time for which application threads were stopped: 0.0016860 seconds, Stopping threads took: 0.0000890 seconds
145.313: Application time: 0.0570620 seconds
145.313: [GC145.313: [ParNew: 37215K->4154K(37632K), 0.0020130 secs] 66934K->37089K(121024K), 0.0020480 secs] [Times: user=0.01 sys=0.00, real=0.00 secs] 
145.315: Total time for which application threads were stopped: 0.0021960 seconds, Stopping threads took: 0.0000890 seconds
145.376: Application time: 0.0613900 seconds
145.379: [GC145.379: [ParNew: 36993K->4126K(37632K), 0.0015980 secs] 69929K->39194K(121024K), 0.0016330 secs] [Times: user=0.01 sys=0.00, real=0.00 secs] 
145.380: Total time for which application threads were stopped: 0.0038700 seconds, Stopping threads took: 0.0021770 seconds
145.441: Application time: 0.0605680 seconds
145.441: [GC145.441: [ParNew: 36929K->4116K(37632K), 0.0015930 secs] 71997K->41232K(121024K), 0.0016260 secs] [Times: user=0.02 sys=0.00, real=0.00 secs] 
145.443: Total time for which application threads were stopped: 0.0017800 seconds, Stopping threads took: 0.0000970 seconds
145.503: Application time: 0.0605340 seconds
145.503: [GC145.503: [ParNew: 36999K->4112K(37632K), 0.0019610 secs] 74115K->44300K(121024K), 0.0019970 secs] [Times: user=0.01 sys=0.00, real=0.00 secs] 
145.505: Total time for which application threads were stopped: 0.0021480 seconds, Stopping threads took: 0.0000910 seconds
145.567: Application time: 0.0618410 seconds
145.567: [GC145.567: [ParNew: 37069K->4114K(37632K), 0.0020410 secs] 77257K->47374K(121024K), 0.0020730 secs] [Times: user=0.02 sys=0.00, real=0.00 secs] 
145.569: Total time for which application threads were stopped: 0.0022020 seconds, Stopping threads took: 0.0000720 seconds
145.634: Application time: 0.0642910 seconds
145.634: [GC145.634: [ParNew: 37068K->4114K(37632K), 0.0020350 secs] 80328K->50446K(121024K), 0.0020740 secs] [Times: user=0.01 sys=0.00, real=0.00 secs] 
145.636: Total time for which application threads were stopped: 0.0022350 seconds, Stopping threads took: 0.0000930 seconds
145.698: Application time: 0.0616400 seconds
145.698: [GC145.698: [ParNew: 37015K->4116K(37632K), 0.0017170 secs] 83347K->52496K(121024K), 0.0017520 secs] [Times: user=0.01 sys=0.00, real=0.01 secs] 
145.700: Total time for which application threads were stopped: 0.0019130 seconds, Stopping threads took: 0.0001020 seconds
145.764: Application time: 0.0643140 seconds
145.764: [GC145.764: [ParNew: 37042K->4133K(37632K), 0.0015300 secs] 85422K->53537K(121024K), 0.0015700 secs] [Times: user=0.02 sys=0.00, real=0.00 secs] 
145.766: Total time for which application threads were stopped: 0.0017260 seconds, Stopping threads took: 0.0000970 seconds
145.831: Application time: 0.0658180 seconds
145.832: [GC145.832: [ParNew: 37092K->3127K(37632K), 0.0009580 secs] 86496K->52531K(121024K), 0.0009870 secs] [Times: user=0.01 sys=0.00, real=0.00 secs] 
145.833: Total time for which application threads were stopped: 0.0011070 seconds, Stopping threads took: 0.0000640 seconds
145.893: Application time: 0.0600220 seconds
145.893: [GC145.893: [ParNew: 36454K->2105K(37632K), 0.0006820 secs] 85858K->51509K(121024K), 0.0007120 secs] [Times: user=0.00 sys=0.00, real=0.00 secs] 
145.893: Total time for which application threads were stopped: 0.0008610 seconds, Stopping threads took: 0.0000960 seconds
145.951: Application time: 0.0577240 seconds
145.951: [GC145.951: [ParNew: 34647K->4158K(37632K), 0.0013990 secs] 84051K->54666K(121024K), 0.0014270 secs] [Times: user=0.01 sys=0.00, real=0.00 secs] 
145.953: Total time for which application threads were stopped: 0.0015740 seconds, Stopping threads took: 0.0000920 seconds
146.005: Application time: 0.0527790 seconds
146.007: [GC146.007: [ParNew: 36984K->4158K(37632K), 0.0014480 secs] 87492K->55850K(121024K), 0.0014850 secs] [Times: user=0.01 sys=0.00, real=0.00 secs] 
146.008: Total time for which application threads were stopped: 0.0027280 seconds, Stopping threads took: 0.0011840 seconds
146.073: Application time: 0.0647390 seconds
146.073: [GC146.073: [ParNew: 37119K->4130K(37632K), 0.0013920 secs] 88812K->56918K(121024K), 0.0014220 secs] [Times: user=0.01 sys=0.00, real=0.00 secs] 
146.074: Total time for which application threads were stopped: 0.0015420 seconds, Stopping threads took: 0.0000670 seconds
146.132: Application time: 0.0570910 seconds
146.132: [GC146.132: [ParNew: 36835K->4114K(37632K), 0.0016320 secs] 89623K->58950K(121024K), 0.0016650 secs] [Times: user=0.01 sys=0.00, real=0.00 secs] 
146.133: Total time for which application threads were stopped: 0.0018020 seconds, Stopping threads took: 0.0000800 seconds
146.199: Application time: 0.0652130 seconds
146.199: [GC146.199: [ParNew: 37099K->4114K(37632K), 0.0012710 secs] 91935K->59974K(121024K), 0.0013010 secs] [Times: user=0.01 sys=0.00, real=0.00 secs] 
146.200: Total time for which application threads were stopped: 0.0014080 seconds, Stopping threads took: 0.0000460 seconds
146.257: Application time: 0.0568830 seconds
146.257: [GC146.257: [ParNew: 36931K->4112K(37632K), 0.0020350 secs] 92792K->63044K(121024K), 0.0020690 secs] [Times: user=0.02 sys=0.00, real=0.01 secs] 
146.259: Total time for which application threads were stopped: 0.0022160 seconds, Stopping threads took: 0.0000890 seconds
146.324: Application time: 0.0653470 seconds
146.325: [GC146.325: [ParNew: 37093K->4114K(37632K), 0.0019910 secs] 96025K->66118K(121024K), 0.0020260 secs] [Times: user=0.02 sys=0.00, real=0.00 secs] 
146.327: Total time for which application threads were stopped: 0.0021640 seconds, Stopping threads took: 0.0000810 seconds
146.390: Application time: 0.0632890 seconds
146.390: [GC146.390: [ParNew: 37046K->4114K(37632K), 0.0019440 secs] 99050K->69190K(121024K), 0.0019800 secs] [Times: user=0.01 sys=0.00, real=0.01 secs] 
146.392: Total time for which application threads were stopped: 0.0021360 seconds, Stopping threads took: 0.0000950 seconds
146.455: Application time: 0.0628450 seconds
146.455: [GC146.455: [ParNew: 36974K->4158K(37632K), 0.0012050 secs] 102051K->69258K(121024K), 0.0012350 secs] [Times: user=0.01 sys=0.00, real=0.00 secs] 
146.456: Total time for which application threads were stopped: 0.0013800 seconds, Stopping threads took: 0.0000890 seconds
146.519: Application time: 0.0631860 seconds
146.520: [GC146.520: [ParNew: 36664K->3144K(37632K), 0.0008190 secs] 101764K->68244K(121024K), 0.0008480 secs] [Times: user=0.00 sys=0.00, real=0.00 secs] 
146.520: Total time for which application threads were stopped: 0.0009570 seconds, Stopping threads took: 0.0000600 seconds
146.581: Application time: 0.0607530 seconds
146.581: [GC146.581: [ParNew: 36616K->3106K(37632K), 0.0009300 secs] 101716K->68207K(121024K), 0.0009670 secs] [Times: user=0.00 sys=0.00, real=0.00 secs] 
146.582: Total time for which application threads were stopped: 0.0011060 seconds, Stopping threads took: 0.0000860 seconds
146.642: Application time: 0.0601540 seconds
146.643: [GC146.643: [ParNew: 36134K->4158K(37632K), 0.0011830 secs] 101234K->69387K(121024K), 0.0012140 secs] [Times: user=0.01 sys=0.01, real=0.00 secs] 
146.644: Total time for which application threads were stopped: 0.0013280 seconds, Stopping threads took: 0.0000580 seconds
146.698: Application time: 0.0543800 seconds
146.698: [GC146.698: [ParNew: 36898K->4158K(37632K), 0.0013090 secs] 102127K->69511K(121024K), 0.0013390 secs] [Times: user=0.01 sys=0.00, real=0.01 secs] 
146.700: Total time for which application threads were stopped: 0.0015550 seconds, Stopping threads took: 0.0001610 seconds
146.759: Application time: 0.0591980 seconds
146.759: [GC146.759: [ParNew: 37010K->4112K(37632K), 0.0019770 secs] 102363K->72633K(121024K), 0.0020110 secs] [Times: user=0.02 sys=0.00, real=0.00 secs] 
146.761: Total time for which application threads were stopped: 0.0021390 seconds, Stopping threads took: 0.0000620 seconds
146.824: Application time: 0.0631180 seconds
146.824: [GC146.824: [ParNew: 37018K->4129K(37632K), 0.0013740 secs] 105539K->73673K(121024K), 0.0014080 secs] [Times: user=0.01 sys=0.00, real=0.00 secs] 
146.826: Total time for which application threads were stopped: 0.0015470 seconds, Stopping threads took: 0.0000820 seconds
146.888: Application time: 0.0624450 seconds
146.888: [GC146.888: [ParNew: 37012K->4116K(37632K), 0.0016360 secs] 106557K->75708K(121024K), 0.0016680 secs] [Times: user=0.01 sys=0.00, real=0.00 secs] 
146.890: Total time for which application threads were stopped: 0.0018010 seconds, Stopping threads took: 0.0000770 seconds
146.950: Application time: 0.0599400 seconds
146.950: [GC146.950: [ParNew: 36909K->4117K(37632K), 0.0017010 secs] 108502K->77758K(121024K), 0.0017310 secs] [Times: user=0.02 sys=0.00, real=0.01 secs] 
146.952: Total time for which application threads were stopped: 0.0018800 seconds, Stopping threads took: 0.0000910 seconds
147.015: Application time: 0.0630490 seconds
147.015: [GC147.015: [ParNew: 37094K->4117K(37632K), 0.0019660 secs] 110735K->80830K(121024K), 0.0020000 secs] [Times: user=0.01 sys=0.00, real=0.00 secs] 
147.017: Total time for which application threads were stopped: 0.0021400 seconds, Stopping threads took: 0.0000850 seconds
147.079: Application time: 0.0623080 seconds
147.079: [GC147.079: [ParNew: 37035K->4130K(37632K), 0.0016880 secs] 113748K->82891K(121024K), 0.0017190 secs] [Times: user=0.01 sys=0.00, real=0.00 secs] 
147.081: Total time for which application threads were stopped: 0.0018770 seconds, Stopping threads took: 0.0000990 seconds
147.144: Application time: 0.0632180 seconds
147.145: [GC147.145: [ParNew: 36878K->4151K(37632K), 0.0011630 secs] 115639K->82912K(121024K), 0.0011940 secs] [Times: user=0.01 sys=0.00, real=0.00 secs] 
147.146: Total time for which application threads were stopped: 0.0013660 seconds, Stopping threads took: 0.0001180 seconds
147.206: Application time: 0.0603550 seconds
147.206: [GC147.206: [ParNew: 37623K->4135K(37632K), 0.0011420 secs] 116384K->82896K(121024K), 0.0011730 secs] [Times: user=0.01 sys=0.00, real=0.00 secs] 
147.207: Total time for which application threads were stopped: 0.0013070 seconds, Stopping threads took: 0.0000800 seconds
147.272: Application time: 0.0646820 seconds
147.272: [GC147.272: [ParNew: 37012K->1079K(37632K), 0.0005890 secs] 115773K->79840K(121024K), 0.0006180 secs] [Times: user=0.01 sys=0.00, real=0.00 secs] 
147.273: Total time for which application threads were stopped: 0.0007540 seconds, Stopping threads took: 0.0000730 seconds
147.328: Application time: 0.0546460 seconds
147.328: [GC147.328: [ParNew: 34551K->4158K(37632K), 0.0015080 secs] 113312K->84047K(121024K), 0.0015480 secs] [Times: user=0.01 sys=0.00, real=0.00 secs] 
147.329: Total time for which application threads were stopped: 0.0016740 seconds, Stopping threads took: 0.0000700 seconds
147.386: Application time: 0.0571650 seconds
147.386: [GC147.386: [ParNew: 37193K->4158K(37632K), 0.0014490 secs] 117082K->85223K(121024K), 0.0014830 secs] [Times: user=0.01 sys=0.00, real=0.00 secs] 
147.388: Total time for which application threads were stopped: 0.0016170 seconds, Stopping threads took: 0.0000760 seconds
147.451: Application time: 0.0627010 seconds
147.451: [GC147.451: [ParNew: 37108K->4114K(37632K), 0.0018410 secs]147.453: [Tenured: 84221K->14390K(84420K), 0.0085790 secs] 118174K->14390K(122052K), [Perm : 5528K->5528K(21248K)], 0.0105270 secs] [Times: user=0.02 sys=0.00, real=0.01 secs] 
147.461: Total time for which application threads were stopped: 0.0106480 seconds, Stopping threads took: 0.0000580 seconds
147.521: Application time: 0.0593650 seconds
147.521: [GC147.521: [ParNew: 32879K->4112K(37632K), 0.0019240 secs] 47269K->21574K(121024K), 0.0019630 secs] [Times: user=0.02 sys=0.00, real=0.00 secs] 
147.523: Total time for which application threads were stopped: 0.0021100 seconds, Stopping threads took: 0.0000890 seconds
147.588: Application time: 0.0651650 seconds
147.591: [GC147.591: [ParNew: 37116K->4128K(37632K), 0.0013350 secs] 54578K->22614K(121024K), 0.0013680 secs] [Times: user=0.01 sys=0.00, real=0.00 secs] 
147.592: Total time for which application threads were stopped: 0.0041080 seconds, Stopping threads took: 0.0026840 seconds
147.649: Application time: 0.0571650 seconds
147.649: [GC147.649: [ParNew: 36796K->4118K(37632K), 0.0016230 secs] 55282K->24652K(121024K), 0.0016600 secs] [Times: user=0.01 sys=0.00, real=0.01 secs] 
147.651: Total time for which application threads were stopped: 0.0017990 seconds, Stopping threads took: 0.0000800 seconds
147.715: Application time: 0.0641750 seconds
147.715: [GC147.715: [ParNew: 37081K->4114K(37632K), 0.0016460 secs] 57615K->26696K(121024K), 0.0016780 secs] [Times: user=0.01 sys=0.00, real=0.00 secs] 
147.717: Total time for which application threads were stopped: 0.0018040 seconds, Stopping threads took: 0.0000680 seconds
147.779: Application time: 0.0617700 seconds
147.779: [GC147.779: [ParNew: 36995K->4114K(37632K), 0.0019760 secs] 59577K->29768K(121024K), 0.0020100 secs] [Times: user=0.01 sys=0.00, real=0.00 secs] 
147.781: Total time for which application threads were stopped: 0.0021550 seconds, Stopping threads took: 0.0000750 seconds
147.845: Application time: 0.0642040 seconds
147.845: [GC147.845: [ParNew: 37040K->4131K(37632K), 0.0012310 secs] 62694K->29785K(121024K), 0.0012690 secs] [Times: user=0.01 sys=0.00, real=0.00 secs] 
147.847: Total time for which application threads were stopped: 0.0014300 seconds, Stopping threads took: 0.0001020 seconds
147.910: Application time: 0.0632260 seconds
147.910: [GC147.910: [ParNew: 36867K->3143K(37632K), 0.0009310 secs] 62521K->28797K(121024K), 0.0009580 secs] [Times: user=0.01 sys=0.00, real=0.01 secs] 
147.911: Total time for which application threads were stopped: 0.0011050 seconds, Stopping threads took: 0.0000860 seconds
147.971: Application time: 0.0597700 seconds
147.971: [GC147.971: [ParNew: 36487K->2093K(37632K), 0.0007080 secs] 62141K->27747K(121024K), 0.0007380 secs] [Times: user=0.00 sys=0.00, real=0.00 secs] 
147.972: Total time for which application threads were stopped: 0.0009160 seconds, Stopping threads took: 0.0001250 seconds
148.030: Application time: 0.0578910 seconds
148.030: [GC148.030: [ParNew: 34840K->4157K(37632K), 0.0013570 secs] 60495K->30907K(121024K), 0.0013890 secs] [Times: user=0.01 sys=0.00, real=0.01 secs] 
148.031: Total time for which application threads were stopped: 0.0015180 seconds, Stopping threads took: 0.0000740 seconds
148.087: Application time: 0.0556980 seconds
148.087: [GC148.087: [ParNew: 37078K->4159K(37632K), 0.0014430 secs] 63828K->32078K(121024K), 0.0014770 secs] [Times: user=0.01 sys=0.00, real=0.00 secs] 
148.088: Total time for which application threads were stopped: 0.0016110 seconds, Stopping threads took: 0.0000790 seconds
148.150: Application time: 0.0620160 seconds
148.150: [GC148.151: [ParNew: 37006K->4116K(37632K), 0.0015900 secs] 64925K->34170K(121024K), 0.0016300 secs] [Times: user=0.01 sys=0.01, real=0.01 secs] 
148.152: Total time for which application threads were stopped: 0.0017690 seconds, Stopping threads took: 0.0000840 seconds
148.212: Application time: 0.0594990 seconds
148.212: [GC148.212: [ParNew: 37052K->4127K(37632K), 0.0014520 secs] 67107K->35205K(121024K), 0.0014840 secs] [Times: user=0.01 sys=0.00, real=0.00 secs] 
148.213: Total time for which application threads were stopped: 0.0016330 seconds, Stopping threads took: 0.0000930 seconds
148.279: Application time: 0.0652800 seconds
148.279: [GC148.279: [ParNew: 37089K->4115K(37632K), 0.0013450 secs] 68168K->36217K(121024K), 0.0013740 secs] [Times: user=0.01 sys=0.00, real=0.00 secs] 
148.280: Total time for which application threads were stopped: 0.0014990 seconds, Stopping threads took: 0.0000710 seconds
148.337: Application time: 0.0565080 seconds
148.337: [GC148.337: [ParNew: 36775K->4119K(37632K), 0.0014380 secs] 68878K->37245K(121024K), 0.0014690 secs] [Times: user=0.01 sys=0.00, real=0.00 secs] 
148.338: Total time for which application threads were stopped: 0.0016130 seconds, Stopping threads took: 0.0000820 seconds
148.403: Application time: 0.0652330 seconds
148.404: [GC148.404: [ParNew: 37072K->4112K(37632K), 0.0019790 secs] 70199K->40310K(121024K), 0.0020090 secs] [Times: user=0.02 sys=0.00, real=0.00 secs] 
148.406: Total time for which application threads were stopped: 0.0021410 seconds, Stopping threads took: 0.0000750 seconds
148.467: Application time: 0.0619010 seconds
148.468: [GC148.468: [ParNew: 36999K->4113K(37632K), 0.0019650 secs] 73198K->43384K(121024K), 0.0019970 secs] [Times: user=0.02 sys=0.00, real=0.00 secs] 
148.470: Total time for which application threads were stopped: 0.0021480 seconds, Stopping threads took: 0.0000940 seconds
148.533: Application time: 0.0637220 seconds
148.533: [GC148.533: [ParNew: 36921K->4158K(37632K), 0.0011390 secs] 76192K->43445K(121024K), 0.0011710 secs] [Times: user=0.01 sys=0.00, real=0.00 secs] 
148.535: Total time for which application threads were stopped: 0.0013030 seconds, Stopping threads took: 0.0000750 seconds
148.597: Application time: 0.0620000 seconds
148.597: [GC148.597: [ParNew: 36676K->4158K(37632K), 0.0011070 secs] 75963K->43493K(121024K), 0.0011400 secs] [Times: user=0.01 sys=0.00, real=0.00 secs] 
148.598: Total time for which application threads were stopped: 0.0012840 seconds, Stopping threads took: 0.0000860 seconds
148.657: Application time: 0.0594850 seconds
148.658: [GC148.658: [ParNew: 37605K->3103K(37632K), 0.0008880 secs] 76940K->42438K(121024K), 0.0009190 secs] [Times: user=0.00 sys=0.00, real=0.00 secs] 
148.658: Total time for which application threads were stopped: 0.0010430 seconds, Stopping threads took: 0.0000700 seconds
148.715: Application time: 0.0563140 seconds
148.715: [GC148.715: [ParNew: 35900K->4159K(37632K), 0.0013880 secs] 75234K->44614K(121024K), 0.0014220 secs] [Times: user=0.01 sys=0.00, real=0.00 secs] 
148.716: Total time for which application threads were stopped: 0.0015580 seconds, Stopping threads took: 0.0000800 seconds
148.775: Application time: 0.0588810 seconds
148.775: [GC148.775: [ParNew: 37276K->4156K(37632K), 0.0018090 secs] 77731K->46811K(121024K), 0.0018390 secs] [Times: user=0.02 sys=0.00, real=0.00 secs] 
148.777: Total time for which application threads were stopped: 0.0020140 seconds, Stopping threads took: 0.0001180 seconds
148.840: Application time: 0.0631040 seconds
148.840: [GC148.840: [ParNew: 37053K->4118K(37632K), 0.0032560 secs] 79708K->48889K(121024K), 0.0032930 secs] [Times: user=0.01 sys=0.00, real=0.00 secs] 
148.844: Total time for which application threads were stopped: 0.0034270 seconds, Stopping threads took: 0.0000690 seconds
148.903: Application time: 0.0592980 seconds
148.903: [GC148.903: [ParNew: 36972K->4112K(37632K), 0.0017690 secs] 81743K->50931K(121024K), 0.0018150 secs] [Times: user=0.01 sys=0.00, real=0.00 secs] 
148.905: Total time for which application threads were stopped: 0.0019810 seconds, Stopping threads took: 0.0001060 seconds
148.969: Application time: 0.0641100 seconds
148.969: [GC148.969: [ParNew: 37116K->4115K(37632K), 0.0016350 secs] 83935K->52982K(121024K), 0.0016680 secs] [Times: user=0.02 sys=0.00, real=0.01 secs] 
148.971: Total time for which application threads were stopped: 0.0018040 seconds, Stopping threads took: 0.0000800 seconds
149.029: Application time: 0.0576600 seconds
149.029: [GC149.029: [ParNew: 36783K->4114K(37632K), 0.0017430 secs] 85650K->55029K(121024K), 0.0017760 secs] [Times: user=0.01 sys=0.00, real=0.01 secs] 
149.031: Total time for which application threads were stopped: 0.0020100 seconds, Stopping threads took: 0.0001740 seconds
149.096: Application time: 0.0652180 seconds
149.096: [GC149.096: [ParNew: 37097K->4133K(37632K), 0.0013980 secs] 88012K->56072K(121024K), 0.0014290 secs] [Times: user=0.01 sys=0.00, real=0.00 secs] 
149.097: Total time for which application threads were stopped: 0.0015790 seconds, Stopping threads took: 0.0000910 seconds
149.161: Application time: 0.0638240 seconds
149.161: [GC149.161: [ParNew: 36651K->4132K(37632K), 0.0013650 secs] 88590K->57096K(121024K), 0.0013980 secs] [Times: user=0.01 sys=0.00, real=0.00 secs] 
149.163: Total time for which application threads were stopped: 0.0015420 seconds, Stopping threads took: 0.0000860 seconds
149.221: Application time: 0.0577120 seconds
149.221: [GC149.221: [ParNew: 37604K->4149K(37632K), 0.0015530 secs] 90568K->58136K(121024K), 0.0015810 secs] [Times: user=0.01 sys=0.00, real=0.00 secs] 
149.222: Total time for which application threads were stopped: 0.0017250 seconds, Stopping threads took: 0.0000870 seconds
149.286: Application time: 0.0635490 seconds
149.286: [GC149.286: [ParNew: 36994K->4120K(37632K), 0.0011590 secs] 90982K->58107K(121024K), 0.0011910 secs] [Times: user=0.01 sys=0.00, real=0.00 secs] 
149.287: Total time for which application threads were stopped: 0.0013110 seconds, Stopping threads took: 0.0000630 seconds
149.347: Application time: 0.0594530 seconds
149.347: [GC149.347: [ParNew: 36807K->4113K(37632K), 0.0019800 secs] 90795K->61172K(121024K), 0.0020130 secs] [Times: user=0.01 sys=0.00, real=0.00 secs] 
149.349: Total time for which application threads were stopped: 0.0021520 seconds, Stopping threads took: 0.0000730 seconds
149.410: Application time: 0.0610300 seconds
149.410: [GC149.410: [ParNew: 37330K->4158K(37632K), 0.0014660 secs] 94389K->62349K(121024K), 0.0015000 secs] [Times: user=0.01 sys=0.00, real=0.01 secs] 
149.411: Total time for which application threads were stopped: 0.0016380 seconds, Stopping threads took: 0.0000840 seconds
149.468: Application time: 0.0564760 seconds
149.468: [GC149.468: [ParNew: 37097K->4152K(37632K), 0.0020090 secs] 95289K->65543K(121024K), 0.0020450 secs] [Times: user=0.01 sys=0.00, real=0.00 secs] 
149.470: Total time for which application threads were stopped: 0.0021770 seconds, Stopping threads took: 0.0000710 seconds
149.536: Application time: 0.0657590 seconds
149.536: [GC149.536: [ParNew: 37154K->4112K(37632K), 0.0014780 secs] 98545K->66599K(121024K), 0.0015100 secs] [Times: user=0.01 sys=0.00, real=0.00 secs] 
149.537: Total time for which application threads were stopped: 0.0016390 seconds, Stopping threads took: 0.0000730 seconds
149.599: Application time: 0.0613590 seconds
149.599: [GC149.599: [ParNew: 37025K->4113K(37632K), 0.0020060 secs] 99513K->69673K(121024K), 0.0020400 secs] [Times: user=0.01 sys=0.00, real=0.00 secs] 
149.601: Total time for which application threads were stopped: 0.0021570 seconds, Stopping threads took: 0.0000600 seconds
149.661: Application time: 0.0603590 seconds
149.661: [GC149.662: [ParNew: 36780K->4129K(37632K), 0.0011610 secs] 102340K->69688K(121024K), 0.0011930 secs] [Times: user=0.00 sys=0.00, real=0.00 secs] 
149.663: Total time for which application threads were stopped: 0.0013630 seconds, Stopping threads took: 0.0001130 seconds
149.725: Application time: 0.0623320 seconds
149.725: [GC149.725: [ParNew: 36843K->4139K(37632K), 0.0011260 secs] 102403K->69699K(121024K), 0.0011640 secs] [Times: user=0.01 sys=0.00, real=0.00 secs] 
149.726: Total time for which application threads were stopped: 0.0013030 seconds, Stopping threads took: 0.0000850 seconds
149.786: Application time: 0.0594580 seconds
149.786: [GC149.786: [ParNew: 36713K->4117K(37632K), 0.0016970 secs] 102272K->71725K(121024K), 0.0017310 secs] [Times: user=0.01 sys=0.00, real=0.00 secs] 
149.788: Total time for which application threads were stopped: 0.0018710 seconds, Stopping threads took: 0.0000830 seconds
149.853: Application time: 0.0649120 seconds
149.853: [GC149.853: [ParNew: 37091K->4150K(37632K), 0.0013770 secs] 104699K->72782K(121024K), 0.0014110 secs] [Times: user=0.01 sys=0.00, real=0.00 secs] 
149.854: Total time for which application threads were stopped: 0.0015560 seconds, Stopping threads took: 0.0000800 seconds
149.913: Application time: 0.0585360 seconds
149.913: [GC149.913: [ParNew: 37622K->4113K(37632K), 0.0014870 secs] 106254K->73769K(121024K), 0.0015200 secs] [Times: user=0.01 sys=0.00, real=0.00 secs] 
149.914: Total time for which application threads were stopped: 0.0016440 seconds, Stopping threads took: 0.0000660 seconds
149.974: Application time: 0.0595360 seconds
149.974: [GC149.974: [ParNew: 36753K->4115K(37632K), 0.0017770 secs] 106408K->75819K(121024K), 0.0018100 secs] [Times: user=0.02 sys=0.00, real=0.00 secs] 
149.976: Total time for which application threads were stopped: 0.0019340 seconds, Stopping threads took: 0.0000650 seconds
150.038: Application time: 0.0624130 seconds
150.038: [GC150.038: [ParNew: 36990K->4114K(37632K), 0.0018970 secs] 108694K->78890K(121024K), 0.0019330 secs] [Times: user=0.01 sys=0.00, real=0.01 secs] 
150.040: Total time for which application threads were stopped: 0.0020820 seconds, Stopping threads took: 0.0000930 seconds
150.101: Application time: 0.0605930 seconds
150.101: [GC150.101: [ParNew: 37314K->4158K(37632K), 0.0014790 secs] 112090K->80062K(121024K), 0.0015080 secs] [Times: user=0.01 sys=0.00, real=0.00 secs] 
150.103: Total time for which application threads were stopped: 0.0016400 seconds, Stopping threads took: 0.0000780 seconds
150.165: Application time: 0.0623510 seconds
150.165: [GC150.165: [ParNew: 37381K->4159K(37632K), 0.0011430 secs] 113285K->80192K(121024K), 0.0011730 secs] [Times: user=0.01 sys=0.00, real=0.00 secs] 
150.166: Total time for which application threads were stopped: 0.0013270 seconds, Stopping threads took: 0.0001010 seconds
150.225: Application time: 0.0592190 seconds
150.226: [GC150.226: [ParNew: 36857K->4116K(37632K), 0.0016940 secs] 112889K->82276K(121024K), 0.0017280 secs] [Times: user=0.01 sys=0.00, real=0.00 secs] 
150.227: Total time for which application threads were stopped: 0.0018720 seconds, Stopping threads took: 0.0000880 seconds
150.289: Application time: 0.0621050 seconds
150.290: [GC150.290: [ParNew: 37043K->4116K(37632K), 0.0019770 secs] 115203K->85348K(121024K), 0.0020100 secs] [Times: user=0.02 sys=0.00, real=0.01 secs] 
150.292: Total time for which application threads were stopped: 0.0021520 seconds, Stopping threads took: 0.0000850 seconds
150.354: Application time: 0.0626830 seconds
150.354: [GC150.354: [ParNew: 36997K->4135K(37632K), 0.0016240 secs] 118229K->87415K(121024K), 0.0016570 secs] [Times: user=0.01 sys=0.01, real=0.00 secs] 
150.356: Total time for which application threads were stopped: 0.0018250 seconds, Stopping threads took: 0.0000990 seconds
150.416: Application time: 0.0598420 seconds
150.416: [GC150.416: [ParNew: 36685K->3112K(37632K), 0.0009450 secs] 119965K->86392K(121024K), 0.0009770 secs] [Times: user=0.00 sys=0.00, real=0.00 secs] 
150.417: Total time for which application threads were stopped: 0.0011490 seconds, Stopping threads took: 0.0001170 seconds
150.479: Application time: 0.0620980 seconds
150.479: [GC150.479: [ParNew: 35751K->4116K(37632K), 0.0014140 secs]150.481: [Tenured: 84304K->8695K(84420K), 0.0083580 secs] 119031K->8695K(122052K), [Perm : 5528K->5528K(21248K)], 0.0098800 secs] [Times: user=0.02 sys=0.00, real=0.00 secs] 
150.489: Total time for which application threads were stopped: 0.0100210 seconds, Stopping threads took: 0.0000710 seconds
150.552: Application time: 0.0623640 seconds
150.552: [GC150.552: [ParNew: 32831K->4152K(37632K), 0.0011370 secs] 41527K->12848K(121024K), 0.0011690 secs] [Times: user=0.00 sys=0.00, real=0.00 secs] 
150.553: Total time for which application threads were stopped: 0.0013250 seconds, Stopping threads took: 0.0001010 seconds
150.612: Application time: 0.0589250 seconds
150.612: [GC150.612: [ParNew: 37624K->4134K(37632K), 0.0013490 secs] 46320K->13853K(121024K), 0.0013810 secs] [Times: user=0.01 sys=0.00, real=0.00 secs] 
150.613: Total time for which application threads were stopped: 0.0015120 seconds, Stopping threads took: 0.0000730 seconds
150.673: Application time: 0.0598210 seconds
150.673: [GC150.673: [ParNew: 36832K->4119K(37632K), 0.0014720 secs] 46552K->14862K(121024K), 0.0015030 secs] [Times: user=0.01 sys=0.00, real=0.00 secs] 
150.675: Total time for which application threads were stopped: 0.0016260 seconds, Stopping threads took: 0.0000640 seconds
150.737: Application time: 0.0619420 seconds
150.737: [GC150.737: [ParNew: 36956K->4128K(37632K), 0.0016210 secs] 47700K->16919K(121024K), 0.0016570 secs] [Times: user=0.01 sys=0.00, real=0.00 secs] 
150.739: Total time for which application threads were stopped: 0.0018030 seconds, Stopping threads took: 0.0000890 seconds
150.798: Application time: 0.0591180 seconds
150.798: [GC150.798: [ParNew: 37285K->4158K(37632K), 0.0014840 secs] 50077K->18074K(121024K), 0.0015170 secs] [Times: user=0.01 sys=0.00, real=0.01 secs] 
150.799: Total time for which application threads were stopped: 0.0017390 seconds, Stopping threads took: 0.0001640 seconds
150.862: Application time: 0.0624830 seconds
150.862: [GC150.862: [ParNew: 37411K->4158K(37632K), 0.0013590 secs] 51327K->19262K(121024K), 0.0013920 secs] [Times: user=0.01 sys=0.00, real=0.00 secs] 
150.863: Total time for which application threads were stopped: 0.0015390 seconds, Stopping threads took: 0.0000790 seconds
150.923: Application time: 0.0598830 seconds
150.923: [GC150.923: [ParNew: 36862K->4116K(37632K), 0.0011310 secs] 51967K->19300K(121024K), 0.0011620 secs] [Times: user=0.01 sys=0.00, real=0.00 secs] 
150.925: Total time for which application threads were stopped: 0.0012880 seconds, Stopping threads took: 0.0000690 seconds
150.985: Application time: 0.0607270 seconds
150.985: [GC150.985: [ParNew: 36820K->4112K(37632K), 0.0016470 secs] 52004K->21344K(121024K), 0.0016780 secs] [Times: user=0.01 sys=0.00, real=0.00 secs] 
150.987: Total time for which application threads were stopped: 0.0018050 seconds, Stopping threads took: 0.0000710 seconds
151.051: Application time: 0.0633660 seconds
151.051: [GC151.051: [ParNew: 36991K->4114K(37632K), 0.0013230 secs] 54223K->22370K(121024K), 0.0013550 secs] [Times: user=0.01 sys=0.00, real=0.00 secs] 
151.052: Total time for which application threads were stopped: 0.0015030 seconds, Stopping threads took: 0.0000920 seconds
151.109: Application time: 0.0568260 seconds
151.109: [GC151.109: [ParNew: 36590K->4121K(37632K), 0.0013550 secs] 54846K->23401K(121024K), 0.0013830 secs] [Times: user=0.01 sys=0.00, real=0.00 secs] 
151.110: Total time for which application threads were stopped: 0.0015280 seconds, Stopping threads took: 0.0000890 seconds
151.172: Application time: 0.0615990 seconds
151.172: [GC151.172: [ParNew: 36946K->4132K(37632K), 0.0018570 secs] 56226K->25460K(121024K), 0.0018860 secs] [Times: user=0.01 sys=0.00, real=0.00 secs] 
151.174: Total time for which application threads were stopped: 0.0020230 seconds, Stopping threads took: 0.0000810 seconds
151.236: Application time: 0.0622040 seconds
151.236: [GC151.236: [ParNew: 36995K->4134K(37632K), 0.0012120 secs] 58323K->25462K(121024K), 0.0012410 secs] [Times: user=0.01 sys=0.00, real=0.00 secs] 
151.238: Total time for which application threads were stopped: 0.0013970 seconds, Stopping threads took: 0.0001010 seconds
151.295: Application time: 0.0569680 seconds
151.295: [GC151.295: [ParNew: 36620K->4113K(37632K), 0.0018120 secs] 57949K->27489K(121024K), 0.0018550 secs] [Times: user=0.01 sys=0.00, real=0.00 secs] 
151.297: Total time for which application threads were stopped: 0.0020130 seconds, Stopping threads took: 0.0001000 seconds
151.361: Application time: 0.0641070 seconds
151.361: [GC151.361: [ParNew: 36917K->4127K(37632K), 0.0010110 secs] 60293K->27504K(121024K), 0.0010380 secs] [Times: user=0.00 sys=0.00, real=0.00 secs] 
151.362: Total time for which application threads were stopped: 0.0011690 seconds, Stopping threads took: 0.0000760 seconds
151.423: Application time: 0.0610330 seconds
151.423: [GC151.423: [ParNew: 36867K->4132K(37632K), 0.0016070 secs] 60243K->29556K(121024K), 0.0016370 secs] [Times: user=0.01 sys=0.00, real=0.00 secs] 
151.425: Total time for which application threads were stopped: 0.0017800 seconds, Stopping threads took: 0.0000750 seconds
151.482: Application time: 0.0575530 seconds
151.482: [GC151.482: [ParNew: 37225K->4157K(37632K), 0.0016320 secs] 62650K->31702K(121024K), 0.0016650 secs] [Times: user=0.01 sys=0.00, real=0.00 secs] 
151.484: Total time for which application threads were stopped: 0.0018140 seconds, Stopping threads took: 0.0000920 seconds
151.546: Application time: 0.0622880 seconds
151.546: [GC151.546: [ParNew: 37479K->4158K(37632K), 0.0020800 secs] 65024K->34910K(121024K), 0.0021180 secs] [Times: user=0.01 sys=0.00, real=0.00 secs] 
151.549: Total time for which application threads were stopped: 0.0022580 seconds, Stopping threads took: 0.0000820 seconds
151.612: Application time: 0.0630060 seconds
151.612: [GC151.612: [ParNew: 37044K->4150K(37632K), 0.0013900 secs] 67797K->36015K(121024K), 0.0014230 secs] [Times: user=0.01 sys=0.00, real=0.00 secs] 
151.613: Total time for which application threads were stopped: 0.0015560 seconds, Stopping threads took: 0.0000750 seconds
151.675: Application time: 0.0616190 seconds
151.675: [GC151.675: [ParNew: 36788K->4152K(37632K), 0.0010820 secs] 68652K->36016K(121024K), 0.0011120 secs] [Times: user=0.01 sys=0.00, real=0.00 secs] 
151.676: Total time for which application threads were stopped: 0.0012300 seconds, Stopping threads took: 0.0000640 seconds
151.737: Application time: 0.0608900 seconds
151.737: [GC151.737: [ParNew: 36774K->4115K(37632K), 0.0013900 secs] 68638K->37003K(121024K), 0.0014230 secs] [Times: user=0.00 sys=0.00, real=0.00 secs] 
151.738: Total time for which application threads were stopped: 0.0015830 seconds, Stopping threads took: 0.0001060 seconds
151.795: Application time: 0.0562430 seconds
151.795: [GC151.795: [ParNew: 36660K->4115K(37632K), 0.0016810 secs] 69549K->39052K(121024K), 0.0017120 secs] [Times: user=0.02 sys=0.00, real=0.00 secs] 
151.797: Total time for which application threads were stopped: 0.0018520 seconds, Stopping threads took: 0.0000840 seconds
151.859: Application time: 0.0627880 seconds
151.859: [GC151.860: [ParNew: 36988K->4120K(37632K), 0.0015660 secs] 71925K->41104K(121024K), 0.0015970 secs] [Times: user=0.01 sys=0.00, real=0.00 secs] 
151.861: Total time for which application threads were stopped: 0.0017260 seconds, Stopping threads took: 0.0000730 seconds
151.923: Application time: 0.0623680 seconds
151.924: [GC151.924: [ParNew: 36974K->4158K(37632K), 0.0011420 secs] 73959K->41182K(121024K), 0.0011740 secs] [Times: user=0.01 sys=0.00, real=0.00 secs] 
151.925: Total time for which application threads were stopped: 0.0012990 seconds, Stopping threads took: 0.0000690 seconds
151.985: Application time: 0.0601250 seconds
151.985: [GC151.985: [ParNew: 37630K->4120K(37632K), 0.0013870 secs] 74654K->42169K(121024K), 0.0014190 secs] [Times: user=0.01 sys=0.00, real=0.00 secs] 
151.986: Total time for which application threads were stopped: 0.0015610 seconds, Stopping threads took: 0.0000730 seconds
152.045: Application time: 0.0589120 seconds
152.045: [GC152.046: [ParNew: 36776K->4112K(37632K), 0.0020280 secs] 74825K->45232K(121024K), 0.0020620 secs] [Times: user=0.02 sys=0.00, real=0.00 secs] 
152.048: Total time for which application threads were stopped: 0.0022050 seconds, Stopping threads took: 0.0000770 seconds
152.112: Application time: 0.0639480 seconds
152.112: [GC152.112: [ParNew: 37070K->4116K(37632K), 0.0013140 secs] 78191K->46261K(121024K), 0.0013460 secs] [Times: user=0.01 sys=0.00, real=0.00 secs] 
152.113: Total time for which application threads were stopped: 0.0014580 seconds, Stopping threads took: 0.0000580 seconds
152.169: Application time: 0.0561310 seconds
152.169: [GC152.169: [ParNew: 37173K->4159K(37632K), 0.0014550 secs] 79318K->47408K(121024K), 0.0014870 secs] [Times: user=0.01 sys=0.00, real=0.01 secs] 
152.171: Total time for which application threads were stopped: 0.0016090 seconds, Stopping threads took: 0.0000640 seconds
152.234: Application time: 0.0631940 seconds
152.234: [GC152.234: [ParNew: 37534K->4154K(37632K), 0.0020120 secs] 80783K->50619K(121024K), 0.0020450 secs] [Times: user=0.02 sys=0.00, real=0.00 secs] 
152.236: Total time for which application threads were stopped: 0.0022080 seconds, Stopping threads took: 0.0001050 seconds
152.299: Application time: 0.0632230 seconds
152.299: [GC152.300: [ParNew: 37060K->4115K(37632K), 0.0016670 secs] 83525K->52716K(121024K), 0.0017010 secs] [Times: user=0.01 sys=0.00, real=0.00 secs] 
152.301: Total time for which application threads were stopped: 0.0018480 seconds, Stopping threads took: 0.0000880 seconds
152.361: Application time: 0.0602460 seconds
152.362: [GC152.362: [ParNew: 36675K->4153K(37632K), 0.0011450 secs] 85277K->52754K(121024K), 0.0011740 secs] [Times: user=0.01 sys=0.00, real=0.00 secs] 
152.363: Total time for which application threads were stopped: 0.0012960 seconds, Stopping threads took: 0.0000700 seconds
152.423: Application time: 0.0602950 seconds
152.423: [GC152.423: [ParNew: 36750K->4120K(37632K), 0.0013500 secs] 85351K->53745K(121024K), 0.0013800 secs] [Times: user=0.01 sys=0.00, real=0.00 secs] 
152.425: Total time for which application threads were stopped: 0.0015120 seconds, Stopping threads took: 0.0000770 seconds
152.482: Application time: 0.0574570 seconds
152.482: [GC152.482: [ParNew: 36748K->4116K(37632K), 0.0018150 secs] 86373K->55789K(121024K), 0.0018470 secs] [Times: user=0.01 sys=0.00, real=0.00 secs] 
152.484: Total time for which application threads were stopped: 0.0019860 seconds, Stopping threads took: 0.0000800 seconds
152.548: Application time: 0.0642860 seconds
152.548: [GC152.548: [ParNew: 36987K->4125K(37632K), 0.0014400 secs] 88660K->56822K(121024K), 0.0014730 secs] [Times: user=0.01 sys=0.00, real=0.00 secs] 
152.550: Total time for which application threads were stopped: 0.0016220 seconds, Stopping threads took: 0.0000850 seconds
152.611: Application time: 0.0612290 seconds
152.611: [GC152.611: [ParNew: 36878K->4134K(37632K), 0.0011460 secs] 89575K->56831K(121024K), 0.0011770 secs] [Times: user=0.00 sys=0.00, real=0.00 secs] 
152.612: Total time for which application threads were stopped: 0.0013090 seconds, Stopping threads took: 0.0000760 seconds
152.673: Application time: 0.0600390 seconds
152.673: [GC152.673: [ParNew: 36705K->4150K(37632K), 0.0013800 secs] 89402K->57871K(121024K), 0.0014120 secs] [Times: user=0.01 sys=0.00, real=0.00 secs] 
152.674: Total time for which application threads were stopped: 0.0015660 seconds, Stopping threads took: 0.0000980 seconds
152.733: Application time: 0.0589970 seconds
152.733: [GC152.733: [ParNew: 36806K->4114K(37632K), 0.0014650 secs] 90527K->58859K(121024K), 0.0014950 secs] [Times: user=0.00 sys=0.00, real=0.00 secs] 
152.735: Total time for which application threads were stopped: 0.0016090 seconds, Stopping threads took: 0.0000590 seconds
152.792: Application time: 0.0577800 seconds
152.793: [GC152.793: [ParNew: 36793K->4118K(37632K), 0.0017710 secs] 91538K->60912K(121024K), 0.0018040 secs] [Times: user=0.02 sys=0.00, real=0.00 secs] 
152.794: Total time for which application threads were stopped: 0.0019270 seconds, Stopping threads took: 0.0000670 seconds
152.857: Application time: 0.0624490 seconds
152.857: [GC152.857: [ParNew: 37441K->4158K(37632K), 0.0016960 secs] 94234K->63071K(121024K), 0.0017270 secs] [Times: user=0.01 sys=0.00, real=0.01 secs] 
152.859: Total time for which application threads were stopped: 0.0018550 seconds, Stopping threads took: 0.0000710 seconds
152.921: Application time: 0.0626940 seconds
152.922: [GC152.922: [ParNew: 37509K->4154K(37632K), 0.0020610 secs] 96422K->66291K(121024K), 0.0020990 secs] [Times: user=0.01 sys=0.00, real=0.00 secs] 
152.924: Total time for which application threads were stopped: 0.0022220 seconds, Stopping threads took: 0.0000640 seconds
152.986: Application time: 0.0628020 seconds
152.987: [GC152.987: [ParNew: 37074K->4149K(37632K), 0.0013970 secs] 99212K->67403K(121024K), 0.0014290 secs] [Times: user=0.01 sys=0.00, real=0.00 secs] 
152.988: Total time for which application threads were stopped: 0.0015630 seconds, Stopping threads took: 0.0000770 seconds
153.048: Application time: 0.0599780 seconds
153.048: [GC153.048: [ParNew: 36616K->4140K(37632K), 0.0010340 secs] 99870K->67394K(121024K), 0.0010620 secs] [Times: user=0.01 sys=0.00, real=0.00 secs] 
153.049: Total time for which application threads were stopped: 0.0012020 seconds, Stopping threads took: 0.0000860 seconds
153.109: Application time: 0.0600990 seconds
153.109: [GC153.109: [ParNew: 36772K->4116K(37632K), 0.0016930 secs] 100026K->69417K(121024K), 0.0017240 secs] [Times: user=0.01 sys=0.00, real=0.01 secs] 
153.111: Total time for which application threads were stopped: 0.0018750 seconds, Stopping threads took: 0.0000860 seconds
153.170: Application time: 0.0591450 seconds
153.170: [GC153.170: [ParNew: 36866K->4130K(37632K), 0.0017150 secs] 102168K->71479K(121024K), 0.0017500 secs] [Times: user=0.01 sys=0.01, real=0.01 secs] 
153.172: Total time for which application threads were stopped: 0.0018860 seconds, Stopping threads took: 0.0000780 seconds
153.233: Application time: 0.0612630 seconds
153.234: [GC153.234: [ParNew: 36871K->4134K(37632K), 0.0013440 secs] 104221K->72507K(121024K), 0.0013770 secs] [Times: user=0.01 sys=0.00, real=0.00 secs] 
153.235: Total time for which application threads were stopped: 0.0015080 seconds, Stopping threads took: 0.0000740 seconds
153.299: Application time: 0.0639540 seconds
153.299: [GC153.299: [ParNew: 36964K->3110K(37632K), 0.0009500 secs] 105338K->71484K(121024K), 0.0009770 secs] [Times: user=0.00 sys=0.00, real=0.00 secs] 
153.300: Total time for which application threads were stopped: 0.0011260 seconds, Stopping threads took: 0.0000960 seconds
153.359: Application time: 0.0593720 seconds
153.360: [GC153.360: [ParNew: 36582K->4117K(37632K), 0.0015550 secs] 104956K->74539K(121024K), 0.0015890 secs] [Times: user=0.02 sys=0.00, real=0.00 secs] 
153.361: Total time for which application threads were stopped: 0.0017090 seconds, Stopping threads took: 0.0000650 seconds
153.421: Application time: 0.0594400 seconds
153.421: [GC153.421: [ParNew: 36905K->4112K(37632K), 0.0020330 secs] 107327K->77605K(121024K), 0.0020670 secs] [Times: user=0.02 sys=0.00, real=0.00 secs] 
153.423: Total time for which application threads were stopped: 0.0022020 seconds, Stopping threads took: 0.0000780 seconds
153.479: Application time: 0.0565120 seconds
153.479: [GC153.479: [ParNew: 36751K->4112K(37632K), 0.0016760 secs] 110244K->79654K(121024K), 0.0017080 secs] [Times: user=0.01 sys=0.00, real=0.00 secs] 
153.481: Total time for which application threads were stopped: 0.0018510 seconds, Stopping threads took: 0.0000840 seconds
153.544: Application time: 0.0628850 seconds
153.544: [GC153.544: [ParNew: 37343K->4152K(37632K), 0.0020580 secs] 112884K->82814K(121024K), 0.0020930 secs] [Times: user=0.01 sys=0.00, real=0.00 secs] 
153.546: Total time for which application threads were stopped: 0.0022440 seconds, Stopping threads took: 0.0000940 seconds
153.610: Application time: 0.0632540 seconds
153.610: [GC153.610: [ParNew: 37624K->4157K(37632K), 0.0020210 secs] 116286K->86059K(121024K), 0.0020570 secs] [Times: user=0.01 sys=0.00, real=0.01 secs] 
153.612: Total time for which application threads were stopped: 0.0022220 seconds, Stopping threads took: 0.0000980 seconds
153.673: Application time: 0.0616940 seconds
153.674: [GC153.674: [ParNew: 36951K->4146K(37632K), 0.0014150 secs] 118853K->87165K(121024K), 0.0014580 secs] [Times: user=0.00 sys=0.00, real=0.00 secs] 
153.675: Total time for which application threads were stopped: 0.0016230 seconds, Stopping threads took: 0.0001080 seconds
153.737: Application time: 0.0621040 seconds
153.737: [GC153.737: [ParNew: 36851K->4137K(37632K), 0.0012050 secs] 119870K->87155K(121024K), 0.0012350 secs] [Times: user=0.01 sys=0.00, real=0.00 secs] 
153.739: Total time for which application threads were stopped: 0.0013690 seconds, Stopping threads took: 0.0000780 seconds
153.799: Application time: 0.0606160 seconds
153.799: [GC153.799: [ParNew: 36735K->4114K(37632K), 0.0016950 secs]153.801: [Tenured: 85066K->9917K(85448K), 0.0085120 secs] 119753K->9917K(123080K), [Perm : 5528K->5528K(21248K)], 0.0103520 secs] [Times: user=0.02 sys=0.00, real=0.00 secs] 
153.810: Total time for which application threads were stopped: 0.0105030 seconds, Stopping threads took: 0.0000860 seconds
153.869: Application time: 0.0588320 seconds
153.869: [GC153.869: [ParNew: 32632K->4118K(37632K), 0.0017580 secs] 42550K->16084K(121024K), 0.0018050 secs] [Times: user=0.01 sys=0.00, real=0.00 secs] 
153.870: Total time for which application threads were stopped: 0.0019600 seconds, Stopping threads took: 0.0000950 seconds
153.931: Application time: 0.0610110 seconds
153.932: [GC153.932: [ParNew: 36885K->4121K(37632K), 0.0013590 secs] 48851K->17127K(121024K), 0.0013910 secs] [Times: user=0.01 sys=0.00, real=0.00 secs] 
153.933: Total time for which application threads were stopped: 0.0015240 seconds, Stopping threads took: 0.0000750 seconds
153.995: Application time: 0.0622790 seconds
153.995: [GC153.995: [ParNew: 36926K->4147K(37632K), 0.0011450 secs] 49932K->17153K(121024K), 0.0011760 secs] [Times: user=0.01 sys=0.00, real=0.00 secs] 
153.997: Total time for which application threads were stopped: 0.0013150 seconds, Stopping threads took: 0.0000840 seconds
154.057: Application time: 0.0599400 seconds
154.057: [GC154.057: [ParNew: 37619K->4117K(37632K), 0.0014030 secs] 50625K->18147K(121024K), 0.0014360 secs] [Times: user=0.01 sys=0.00, real=0.00 secs] 
154.058: Total time for which application threads were stopped: 0.0015470 seconds, Stopping threads took: 0.0000540 seconds
154.118: Application time: 0.0604030 seconds
154.119: [GC154.119: [ParNew: 36831K->4128K(37632K), 0.0017490 secs] 50861K->20206K(121024K), 0.0017860 secs] [Times: user=0.01 sys=0.00, real=0.00 secs] 
154.120: Total time for which application threads were stopped: 0.0019340 seconds, Stopping threads took: 0.0000810 seconds
154.179: Application time: 0.0588320 seconds
154.179: [GC154.179: [ParNew: 36885K->4120K(37632K), 0.0016310 secs] 52963K->22246K(121024K), 0.0016650 secs] [Times: user=0.01 sys=0.00, real=0.00 secs] 
154.181: Total time for which application threads were stopped: 0.0017800 seconds, Stopping threads took: 0.0000570 seconds
154.241: Application time: 0.0600250 seconds
154.241: [GC154.241: [ParNew: 37314K->4158K(37632K), 0.0020220 secs] 55440K->25400K(121024K), 0.0020590 secs] [Times: user=0.02 sys=0.00, real=0.00 secs] 
154.243: Total time for which application threads were stopped: 0.0021980 seconds, Stopping threads took: 0.0000780 seconds
154.307: Application time: 0.0635660 seconds
154.307: [GC154.307: [ParNew: 36621K->4158K(37632K), 0.0014780 secs] 57863K->26616K(121024K), 0.0015090 secs] [Times: user=0.01 sys=0.00, real=0.00 secs] 
154.308: Total time for which application threads were stopped: 0.0016330 seconds, Stopping threads took: 0.0000680 seconds
154.368: Application time: 0.0595650 seconds
154.368: [GC154.368: [ParNew: 36782K->4133K(37632K), 0.0013990 secs] 59240K->27704K(121024K), 0.0014300 secs] [Times: user=0.01 sys=0.00, real=0.00 secs] 
154.370: Total time for which application threads were stopped: 0.0015680 seconds, Stopping threads took: 0.0000800 seconds
154.434: Application time: 0.0640070 seconds
154.434: [GC154.434: [ParNew: 37036K->3131K(37632K), 0.0009380 secs] 60607K->26701K(121024K), 0.0009640 secs] [Times: user=0.00 sys=0.01, real=0.00 secs] 
154.435: Total time for which application threads were stopped: 0.0010960 seconds, Stopping threads took: 0.0000810 seconds
154.493: Application time: 0.0582550 seconds
154.493: [GC154.493: [ParNew: 36603K->4132K(37632K), 0.0020510 secs] 60173K->30775K(121024K), 0.0020860 secs] [Times: user=0.01 sys=0.00, real=0.00 secs] 
154.495: Total time for which application threads were stopped: 0.0022500 seconds, Stopping threads took: 0.0001050 seconds
154.556: Application time: 0.0606030 seconds
154.556: [GC154.556: [ParNew: 36852K->4118K(37632K), 0.0017430 secs] 63494K->32808K(121024K), 0.0017790 secs] [Times: user=0.01 sys=0.00, real=0.00 secs] 
154.558: Total time for which application threads were stopped: 0.0019330 seconds, Stopping threads took: 0.0000960 seconds
154.619: Application time: 0.0616030 seconds
154.620: [GC154.620: [ParNew: 36929K->4133K(37632K), 0.0014260 secs] 65620K->33848K(121024K), 0.0014570 secs] [Times: user=0.01 sys=0.00, real=0.00 secs] 
154.621: Total time for which application threads were stopped: 0.0016020 seconds, Stopping threads took: 0.0000830 seconds
154.685: Application time: 0.0644030 seconds
154.685: [GC154.686: [ParNew: 37045K->4128K(37632K), 0.0016240 secs] 66760K->35891K(121024K), 0.0016560 secs] [Times: user=0.02 sys=0.00, real=0.00 secs] 
154.687: Total time for which application threads were stopped: 0.0017790 seconds, Stopping threads took: 0.0000660 seconds
154.748: Application time: 0.0612860 seconds
154.749: [GC154.749: [ParNew: 36823K->4147K(37632K), 0.0011630 secs] 68585K->35909K(121024K), 0.0011950 secs] [Times: user=0.01 sys=0.00, real=0.00 secs] 
154.750: Total time for which application threads were stopped: 0.0013320 seconds, Stopping threads took: 0.0000800 seconds
154.809: Application time: 0.0592500 seconds
154.809: [GC154.809: [ParNew: 37619K->4121K(37632K), 0.0012910 secs] 69381K->36907K(121024K), 0.0013220 secs] [Times: user=0.01 sys=0.00, real=0.00 secs] 
154.811: Total time for which application threads were stopped: 0.0014620 seconds, Stopping threads took: 0.0000860 seconds
154.869: Application time: 0.0582090 seconds
154.869: [GC154.869: [ParNew: 36791K->4112K(37632K), 0.0020360 secs] 69578K->39970K(121024K), 0.0020680 secs] [Times: user=0.01 sys=0.00, real=0.01 secs] 
154.871: Total time for which application threads were stopped: 0.0021900 seconds, Stopping threads took: 0.0000650 seconds
154.930: Application time: 0.0594440 seconds
154.930: [GC154.930: [ParNew: 37291K->4154K(37632K), 0.0020600 secs] 73150K->43125K(121024K), 0.0020950 secs] [Times: user=0.01 sys=0.00, real=0.01 secs] 
154.933: Total time for which application threads were stopped: 0.0022450 seconds, Stopping threads took: 0.0000930 seconds
154.996: Application time: 0.0635340 seconds
154.996: [GC154.996: [ParNew: 37626K->4158K(37632K), 0.0017720 secs] 76597K->45389K(121024K), 0.0018060 secs] [Times: user=0.02 sys=0.00, real=0.00 secs] 
154.998: Total time for which application threads were stopped: 0.0019380 seconds, Stopping threads took: 0.0000730 seconds
155.060: Application time: 0.0616160 seconds
155.060: [GC155.060: [ParNew: 36886K->4134K(37632K), 0.0014420 secs] 78117K->46449K(121024K), 0.0014760 secs] [Times: user=0.01 sys=0.00, real=0.00 secs] 
155.061: Total time for which application threads were stopped: 0.0016260 seconds, Stopping threads took: 0.0000910 seconds
155.124: Application time: 0.0622360 seconds
155.124: [GC155.124: [ParNew: 36859K->4136K(37632K), 0.0010290 secs] 79174K->46451K(121024K), 0.0010590 secs] [Times: user=0.01 sys=0.00, real=0.00 secs] 
155.125: Total time for which application threads were stopped: 0.0011920 seconds, Stopping threads took: 0.0000690 seconds
155.185: Application time: 0.0599420 seconds
155.185: [GC155.185: [ParNew: 36796K->4114K(37632K), 0.0016960 secs] 79111K->48477K(121024K), 0.0017280 secs] [Times: user=0.02 sys=0.00, real=0.00 secs] 
155.187: Total time for which application threads were stopped: 0.0018570 seconds, Stopping threads took: 0.0000730 seconds
155.247: Application time: 0.0601200 seconds
155.247: [GC155.247: [ParNew: 36871K->4134K(37632K), 0.0016250 secs] 81234K->50545K(121024K), 0.0016650 secs] [Times: user=0.02 sys=0.00, real=0.00 secs] 
155.248: Total time for which application threads were stopped: 0.0017930 seconds, Stopping threads took: 0.0000720 seconds
155.310: Application time: 0.0616760 seconds
155.310: [GC155.310: [ParNew: 36894K->4139K(37632K), 0.0013790 secs] 83306K->51574K(121024K), 0.0014120 secs] [Times: user=0.01 sys=0.00, real=0.01 secs] 
155.312: Total time for which application threads were stopped: 0.0015370 seconds, Stopping threads took: 0.0000690 seconds
155.373: Application time: 0.0615890 seconds
155.373: [GC155.373: [ParNew: 36861K->4131K(37632K), 0.0014450 secs] 84296K->52590K(121024K), 0.0014770 secs] [Times: user=0.02 sys=0.00, real=0.00 secs] 
155.375: Total time for which application threads were stopped: 0.0016180 seconds, Stopping threads took: 0.0000820 seconds
155.437: Application time: 0.0622810 seconds
155.437: [GC155.437: [ParNew: 36879K->3113K(37632K), 0.0007990 secs] 85339K->51573K(121024K), 0.0008270 secs] [Times: user=0.01 sys=0.00, real=0.00 secs] 
155.438: Total time for which application threads were stopped: 0.0009420 seconds, Stopping threads took: 0.0000630 seconds
155.494: Application time: 0.0554230 seconds
155.494: [GC155.494: [ParNew: 36363K->4110K(37632K), 0.0019340 secs] 84822K->55641K(121024K), 0.0019670 secs] [Times: user=0.01 sys=0.00, real=0.00 secs] 
155.496: Total time for which application threads were stopped: 0.0021070 seconds, Stopping threads took: 0.0000840 seconds
155.559: Application time: 0.0634650 seconds
155.559: [GC155.559: [ParNew: 37093K->4111K(37632K), 0.0016270 secs] 88624K->57691K(121024K), 0.0016580 secs] [Times: user=0.02 sys=0.00, real=0.00 secs] 
155.561: Total time for which application threads were stopped: 0.0018020 seconds, Stopping threads took: 0.0000900 seconds
155.625: Application time: 0.0643970 seconds
155.625: [GC155.625: [ParNew: 37331K->4152K(37632K), 0.0019950 secs] 90910K->60851K(121024K), 0.0020310 secs] [Times: user=0.02 sys=0.00, real=0.00 secs] 
155.627: Total time for which application threads were stopped: 0.0021580 seconds, Stopping threads took: 0.0000610 seconds
155.694: Application time: 0.0668110 seconds
155.694: [GC155.694: [ParNew: 37392K->4158K(37632K), 0.0020470 secs] 94091K->63073K(121024K), 0.0020790 secs] [Times: user=0.01 sys=0.00, real=0.00 secs] 
155.697: Total time for which application threads were stopped: 0.0022030 seconds, Stopping threads took: 0.0000680 seconds
155.767: Application time: 0.0702760 seconds
155.767: [GC155.767: [ParNew: 36883K->4109K(37632K), 0.0017440 secs] 95799K->65161K(121024K), 0.0017820 secs] [Times: user=0.01 sys=0.00, real=0.00 secs] 
155.769: Total time for which application threads were stopped: 0.0019760 seconds, Stopping threads took: 0.0001310 seconds
155.825: Application time: 0.0566930 seconds
155.826: [GC155.826: [ParNew: 36862K->4112K(37632K), 0.0020630 secs] 97914K->68235K(121024K), 0.0020990 secs] [Times: user=0.01 sys=0.00, real=0.00 secs] 
155.828: Total time for which application threads were stopped: 0.0022550 seconds, Stopping threads took: 0.0000970 seconds
155.893: Application time: 0.0650440 seconds
155.893: [GC155.893: [ParNew: 37126K->4110K(37632K), 0.0021160 secs] 101250K->71305K(121024K), 0.0021510 secs] [Times: user=0.02 sys=0.00, real=0.00 secs] 
155.895: Total time for which application threads were stopped: 0.0023780 seconds, Stopping threads took: 0.0001680 seconds
155.957: Application time: 0.0623450 seconds
155.958: [GC155.958: [ParNew: 36978K->4114K(37632K), 0.0020590 secs] 104174K->74381K(121024K), 0.0020930 secs] [Times: user=0.02 sys=0.00, real=0.01 secs] 
155.960: Total time for which application threads were stopped: 0.0022590 seconds, Stopping threads took: 0.0001080 seconds
156.024: Application time: 0.0647110 seconds
156.025: [GC156.025: [ParNew: 37011K->4146K(37632K), 0.0013930 secs] 107279K->75438K(121024K), 0.0014230 secs] [Times: user=0.01 sys=0.00, real=0.00 secs] 
156.026: Total time for which application threads were stopped: 0.0016000 seconds, Stopping threads took: 0.0001090 seconds
156.090: Application time: 0.0638360 seconds
156.090: [GC156.090: [ParNew: 36940K->3128K(37632K), 0.0008880 secs] 108232K->74420K(121024K), 0.0009180 secs] [Times: user=0.00 sys=0.00, real=0.01 secs] 
156.091: Total time for which application threads were stopped: 0.0010500 seconds, Stopping threads took: 0.0000780 seconds
156.153: Application time: 0.0623040 seconds
156.153: [GC156.153: [ParNew: 36600K->2090K(37632K), 0.0006270 secs] 107892K->73382K(121024K), 0.0006550 secs] [Times: user=0.01 sys=0.00, real=0.00 secs] 
156.154: Total time for which application threads were stopped: 0.0007850 seconds, Stopping threads took: 0.0000710 seconds
156.213: Application time: 0.0588510 seconds
156.213: [GC156.213: [ParNew: 35450K->4130K(37632K), 0.0014350 secs] 106742K->76446K(121024K), 0.0014670 secs] [Times: user=0.01 sys=0.00, real=0.00 secs] 
156.214: Total time for which application threads were stopped: 0.0015970 seconds, Stopping threads took: 0.0000740 seconds
156.269: Application time: 0.0549330 seconds
156.270: [GC156.270: [ParNew: 36705K->4146K(37632K), 0.0013990 secs] 109021K->77502K(121024K), 0.0014310 secs] [Times: user=0.01 sys=0.00, real=0.01 secs] 
156.271: Total time for which application threads were stopped: 0.0015580 seconds, Stopping threads took: 0.0000710 seconds
156.333: Application time: 0.0615310 seconds
156.333: [GC156.333: [ParNew: 37111K->4156K(37632K), 0.0016740 secs] 110467K->79616K(121024K), 0.0017070 secs] [Times: user=0.01 sys=0.00, real=0.00 secs] 
156.334: Total time for which application threads were stopped: 0.0018350 seconds, Stopping threads took: 0.0000710 seconds
156.398: Application time: 0.0641110 seconds
156.399: [GC156.399: [ParNew: 37545K->4158K(37632K), 0.0014170 secs] 113005K->80798K(121024K), 0.0014550 secs] [Times: user=0.00 sys=0.01, real=0.01 secs] 
156.400: Total time for which application threads were stopped: 0.0015780 seconds, Stopping threads took: 0.0000670 seconds
156.462: Application time: 0.0615710 seconds
156.462: [GC156.462: [ParNew: 37070K->4158K(37632K), 0.0016060 secs] 113710K->82926K(121024K), 0.0016360 secs] [Times: user=0.01 sys=0.00, real=0.00 secs] 
156.463: Total time for which application threads were stopped: 0.0017570 seconds, Stopping threads took: 0.0000670 seconds
156.525: Application time: 0.0615550 seconds
156.525: [GC156.525: [ParNew: 37003K->4114K(37632K), 0.0016140 secs] 115771K->84978K(121024K), 0.0016490 secs] [Times: user=0.01 sys=0.00, real=0.00 secs] 
156.527: Total time for which application threads were stopped: 0.0017760 seconds, Stopping threads took: 0.0000700 seconds
156.587: Application time: 0.0602750 seconds
156.587: [GC156.587: [ParNew: 36987K->4112K(37632K), 0.0019480 secs]156.589: [Tenured: 83936K->11131K(84420K), 0.0087110 secs] 117851K->11131K(122052K), [Perm : 5528K->5528K(21248K)], 0.0107500 secs] [Times: user=0.02 sys=0.00, real=0.01 secs] 
156.598: Total time for which application threads were stopped: 0.0108830 seconds, Stopping threads took: 0.0000710 seconds
156.660: Application time: 0.0621770 seconds
156.660: [GC156.660: [ParNew: 32943K->4116K(37632K), 0.0020020 secs] 44074K->18320K(121024K), 0.0020340 secs] [Times: user=0.01 sys=0.00, real=0.00 secs] 
156.662: Total time for which application threads were stopped: 0.0022030 seconds, Stopping threads took: 0.0001040 seconds
156.724: Application time: 0.0620490 seconds
156.724: [GC156.724: [ParNew: 36969K->4131K(37632K), 0.0016870 secs] 51172K->20383K(121024K), 0.0017200 secs] [Times: user=0.01 sys=0.00, real=0.00 secs] 
156.726: Total time for which application threads were stopped: 0.0018830 seconds, Stopping threads took: 0.0001050 seconds
156.790: Application time: 0.0643080 seconds
156.795: [GC156.795: [ParNew: 36963K->4132K(37632K), 0.0013380 secs] 53215K->20384K(121024K), 0.0013720 secs] [Times: user=0.01 sys=0.00, real=0.00 secs] 
156.796: Total time for which application threads were stopped: 0.0055860 seconds, Stopping threads took: 0.0041580 seconds
156.860: Application time: 0.0636630 seconds
156.860: [GC156.860: [ParNew: 36877K->2138K(37632K), 0.0006450 secs] 53129K->18390K(121024K), 0.0006820 secs] [Times: user=0.00 sys=0.00, real=0.00 secs] 
156.861: Total time for which application threads were stopped: 0.0008370 seconds, Stopping threads took: 0.0000810 seconds
156.917: Application time: 0.0559250 seconds
156.917: [GC156.917: [ParNew: 34982K->4120K(37632K), 0.0014120 secs] 51234K->21396K(121024K), 0.0014430 secs] [Times: user=0.01 sys=0.00, real=0.00 secs] 
156.918: Total time for which application threads were stopped: 0.0015940 seconds, Stopping threads took: 0.0000950 seconds
156.972: Application time: 0.0541330 seconds
156.972: [GC156.972: [ParNew: 36813K->4158K(37632K), 0.0017010 secs] 54089K->23482K(121024K), 0.0017350 secs] [Times: user=0.01 sys=0.00, real=0.00 secs] 
156.974: Total time for which application threads were stopped: 0.0018690 seconds, Stopping threads took: 0.0000760 seconds
157.037: Application time: 0.0629250 seconds
157.037: [GC157.037: [ParNew: 37257K->4157K(37632K), 0.0013920 secs] 56581K->24593K(121024K), 0.0014240 secs] [Times: user=0.01 sys=0.00, real=0.01 secs] 
157.039: Total time for which application threads were stopped: 0.0015590 seconds, Stopping threads took: 0.0000690 seconds
157.100: Application time: 0.0615620 seconds
157.100: [GC157.100: [ParNew: 37444K->4158K(37632K), 0.0014220 secs] 57880K->25782K(121024K), 0.0014550 secs] [Times: user=0.01 sys=0.00, real=0.00 secs] 
157.102: Total time for which application threads were stopped: 0.0015750 seconds, Stopping threads took: 0.0000640 seconds
157.162: Application time: 0.0603580 seconds
157.162: [GC157.162: [ParNew: 37069K->4158K(37632K), 0.0017050 secs] 58694K->27902K(121024K), 0.0017410 secs] [Times: user=0.01 sys=0.00, real=0.00 secs] 
157.164: Total time for which application threads were stopped: 0.0018910 seconds, Stopping threads took: 0.0000830 seconds
157.225: Application time: 0.0605300 seconds
157.225: [GC157.225: [ParNew: 36975K->4118K(37632K), 0.0016270 secs] 60719K->29958K(121024K), 0.0016610 secs] [Times: user=0.01 sys=0.00, real=0.00 secs] 
157.226: Total time for which application threads were stopped: 0.0018020 seconds, Stopping threads took: 0.0000830 seconds
157.289: Application time: 0.0627440 seconds
157.289: [GC157.289: [ParNew: 37064K->4110K(37632K), 0.0019740 secs] 62904K->33022K(121024K), 0.0020080 secs] [Times: user=0.01 sys=0.00, real=0.01 secs] 
157.291: Total time for which application threads were stopped: 0.0021320 seconds, Stopping threads took: 0.0000670 seconds
157.353: Application time: 0.0619380 seconds
157.353: [GC157.353: [ParNew: 36993K->4114K(37632K), 0.0020200 secs] 65905K->36098K(121024K), 0.0020550 secs] [Times: user=0.02 sys=0.00, real=0.00 secs] 
157.355: Total time for which application threads were stopped: 0.0021930 seconds, Stopping threads took: 0.0000810 seconds
157.420: Application time: 0.0649790 seconds
157.420: [GC157.421: [ParNew: 37063K->4129K(37632K), 0.0014480 secs] 69047K->37137K(121024K), 0.0014800 secs] [Times: user=0.01 sys=0.00, real=0.00 secs] 
157.422: Total time for which application threads were stopped: 0.0016530 seconds, Stopping threads took: 0.0001170 seconds
157.482: Application time: 0.0604130 seconds
157.483: [GC157.483: [ParNew: 37586K->4116K(37632K), 0.0014320 secs] 70594K->38148K(121024K), 0.0014640 secs] [Times: user=0.01 sys=0.01, real=0.00 secs] 
157.484: Total time for which application threads were stopped: 0.0015960 seconds, Stopping threads took: 0.0000750 seconds
157.550: Application time: 0.0662880 seconds
157.550: [GC157.550: [ParNew: 37133K->3127K(37632K), 0.0008880 secs] 71165K->37159K(121024K), 0.0009190 secs] [Times: user=0.00 sys=0.00, real=0.01 secs] 
157.551: Total time for which application threads were stopped: 0.0010610 seconds, Stopping threads took: 0.0000870 seconds
157.613: Application time: 0.0616550 seconds
157.613: [GC157.613: [ParNew: 36599K->3149K(37632K), 0.0007810 secs] 70631K->37181K(121024K), 0.0008060 secs] [Times: user=0.00 sys=0.00, real=0.00 secs] 
157.614: Total time for which application threads were stopped: 0.0009130 seconds, Stopping threads took: 0.0000470 seconds
157.672: Application time: 0.0583820 seconds
157.675: [GC157.675: [ParNew: 36621K->4142K(37632K), 0.0015030 secs] 70653K->39198K(121024K), 0.0015380 secs] [Times: user=0.01 sys=0.00, real=0.00 secs] 
157.676: Total time for which application threads were stopped: 0.0039130 seconds, Stopping threads took: 0.0023090 seconds
157.737: Application time: 0.0603330 seconds
157.737: [GC157.737: [ParNew: 37151K->4154K(37632K), 0.0016660 secs] 72207K->41339K(121024K), 0.0017000 secs] [Times: user=0.01 sys=0.00, real=0.00 secs] 
157.738: Total time for which application threads were stopped: 0.0018210 seconds, Stopping threads took: 0.0000620 seconds
157.795: Application time: 0.0565420 seconds
157.795: [GC157.795: [ParNew: 37118K->4158K(37632K), 0.0015150 secs] 74302K->42531K(121024K), 0.0015460 secs] [Times: user=0.01 sys=0.00, real=0.00 secs] 
157.797: Total time for which application threads were stopped: 0.0017180 seconds, Stopping threads took: 0.0001160 seconds
157.859: Application time: 0.0627530 seconds
157.860: [GC157.860: [ParNew: 37109K->4143K(37632K), 0.0016170 secs] 75482K->44632K(121024K), 0.0016490 secs] [Times: user=0.01 sys=0.00, real=0.00 secs] 
157.861: Total time for which application threads were stopped: 0.0018190 seconds, Stopping threads took: 0.0001120 seconds
157.920: Application time: 0.0589970 seconds
157.920: [GC157.920: [ParNew: 36996K->4113K(37632K), 0.0020480 secs] 77485K->47714K(121024K), 0.0020820 secs] [Times: user=0.02 sys=0.00, real=0.00 secs] 
157.923: Total time for which application threads were stopped: 0.0023180 seconds, Stopping threads took: 0.0001760 seconds
157.985: Application time: 0.0623620 seconds
157.985: [GC157.985: [ParNew: 37086K->4116K(37632K), 0.0020810 secs] 80687K->50789K(121024K), 0.0021140 secs] [Times: user=0.01 sys=0.00, real=0.00 secs] 
157.987: Total time for which application threads were stopped: 0.0022790 seconds, Stopping threads took: 0.0001070 seconds
158.049: Application time: 0.0620220 seconds
158.049: [GC158.049: [ParNew: 37036K->4116K(37632K), 0.0018820 secs] 83709K->53861K(121024K), 0.0019140 secs] [Times: user=0.01 sys=0.00, real=0.01 secs] 
158.051: Total time for which application threads were stopped: 0.0020370 seconds, Stopping threads took: 0.0000650 seconds
158.115: Application time: 0.0637600 seconds
158.115: [GC158.115: [ParNew: 37080K->4110K(37632K), 0.0019710 secs] 86825K->56927K(121024K), 0.0020040 secs] [Times: user=0.02 sys=0.00, real=0.00 secs] 
158.117: Total time for which application threads were stopped: 0.0021500 seconds, Stopping threads took: 0.0000890 seconds
158.182: Application time: 0.0651650 seconds
158.182: [GC158.182: [ParNew: 37086K->4142K(37632K), 0.0014790 secs] 89903K->57983K(121024K), 0.0015120 secs] [Times: user=0.01 sys=0.00, real=0.00 secs] 
158.184: Total time for which application threads were stopped: 0.0016620 seconds, Stopping threads took: 0.0000860 seconds
158.245: Application time: 0.0608330 seconds
158.245: [GC158.245: [ParNew: 36693K->4134K(37632K), 0.0011610 secs] 90534K->57975K(121024K), 0.0011940 secs] [Times: user=0.01 sys=0.00, real=0.00 secs] 
158.246: Total time for which application threads were stopped: 0.0013230 seconds, Stopping threads took: 0.0000740 seconds
158.310: Application time: 0.0640350 seconds
158.310: [GC158.310: [ParNew: 36907K->2089K(37632K), 0.0006560 secs] 90748K->55930K(121024K), 0.0006840 secs] [Times: user=0.00 sys=0.00, real=0.01 secs] 
158.311: Total time for which application threads were stopped: 0.0008290 seconds, Stopping threads took: 0.0000940 seconds
158.366: Application time: 0.0552520 seconds
158.366: [GC158.366: [ParNew: 35198K->4158K(37632K), 0.0011270 secs] 89039K->58023K(121024K), 0.0011600 secs] [Times: user=0.00 sys=0.00, real=0.00 secs] 
158.368: Total time for which application threads were stopped: 0.0012880 seconds, Stopping threads took: 0.0000730 seconds
158.426: Application time: 0.0584220 seconds
158.426: [GC158.426: [ParNew: 37101K->4158K(37632K), 0.0017420 secs] 90966K->60143K(121024K), 0.0017880 secs] [Times: user=0.01 sys=0.00, real=0.00 secs] 
158.428: Total time for which application threads were stopped: 0.0019400 seconds, Stopping threads took: 0.0000930 seconds
158.489: Application time: 0.0608610 seconds
158.489: [GC158.489: [ParNew: 37312K->4159K(37632K), 0.0014840 secs] 93297K->61324K(121024K), 0.0015170 secs] [Times: user=0.01 sys=0.00, real=0.00 secs] 
158.490: Total time for which application threads were stopped: 0.0016540 seconds, Stopping threads took: 0.0000810 seconds
158.551: Application time: 0.0601840 seconds
158.551: [GC158.551: [ParNew: 36921K->4148K(37632K), 0.0013710 secs] 94086K->62417K(121024K), 0.0014030 secs] [Times: user=0.01 sys=0.00, real=0.00 secs] 
158.552: Total time for which application threads were stopped: 0.0015250 seconds, Stopping threads took: 0.0000640 seconds
158.613: Application time: 0.0612200 seconds
158.613: [GC158.614: [ParNew: 37030K->4118K(37632K), 0.0015800 secs] 95299K->64483K(121024K), 0.0016120 secs] [Times: user=0.01 sys=0.00, real=0.00 secs] 
158.615: Total time for which application threads were stopped: 0.0017350 seconds, Stopping threads took: 0.0000670 seconds
158.676: Application time: 0.0610230 seconds
158.676: [GC158.676: [ParNew: 37012K->4130K(37632K), 0.0016600 secs] 97378K->66543K(121024K), 0.0016910 secs] [Times: user=0.01 sys=0.00, real=0.00 secs] 
158.678: Total time for which application threads were stopped: 0.0018510 seconds, Stopping threads took: 0.0001010 seconds
158.738: Application time: 0.0598180 seconds
158.739: [GC158.739: [ParNew: 36886K->4132K(37632K), 0.0016150 secs] 99300K->68593K(121024K), 0.0016510 secs] [Times: user=0.01 sys=0.00, real=0.00 secs] 
158.740: Total time for which application threads were stopped: 0.0025470 seconds, Stopping threads took: 0.0008300 seconds
158.803: Application time: 0.0622820 seconds
158.803: [GC158.803: [ParNew: 37018K->4134K(37632K), 0.0014320 secs] 101479K->69619K(121024K), 0.0014630 secs] [Times: user=0.01 sys=0.00, real=0.00 secs] 
158.804: Total time for which application threads were stopped: 0.0016550 seconds, Stopping threads took: 0.0001330 seconds
158.868: Application time: 0.0639260 seconds
158.868: [GC158.868: [ParNew: 37010K->4135K(37632K), 0.0013850 secs] 102495K->70645K(121024K), 0.0014200 secs] [Times: user=0.01 sys=0.00, real=0.00 secs] 
158.870: Total time for which application threads were stopped: 0.0015750 seconds, Stopping threads took: 0.0000980 seconds
158.931: Application time: 0.0610440 seconds
158.931: [GC158.931: [ParNew: 36902K->4133K(37632K), 0.0014620 secs] 103412K->71667K(121024K), 0.0014920 secs] [Times: user=0.01 sys=0.00, real=0.00 secs] 
158.932: Total time for which application threads were stopped: 0.0016200 seconds, Stopping threads took: 0.0000720 seconds
158.994: Application time: 0.0610250 seconds
158.994: [GC158.994: [ParNew: 36711K->4158K(37632K), 0.0011330 secs] 104244K->71715K(121024K), 0.0011640 secs] [Times: user=0.01 sys=0.00, real=0.00 secs] 
158.995: Total time for which application threads were stopped: 0.0012940 seconds, Stopping threads took: 0.0000760 seconds
159.053: Application time: 0.0582450 seconds
159.053: [GC159.053: [ParNew: 37630K->4154K(37632K), 0.0015610 secs] 105187K->72760K(121024K), 0.0015950 secs] [Times: user=0.01 sys=0.00, real=0.00 secs] 
159.055: Total time for which application threads were stopped: 0.0017260 seconds, Stopping threads took: 0.0000750 seconds
159.117: Application time: 0.0624610 seconds
159.117: [GC159.117: [ParNew: 37065K->4144K(37632K), 0.0014030 secs] 105670K->73846K(121024K), 0.0014360 secs] [Times: user=0.01 sys=0.00, real=0.01 secs] 
159.119: Total time for which application threads were stopped: 0.0015520 seconds, Stopping threads took: 0.0000600 seconds
159.177: Application time: 0.0585870 seconds
159.177: [GC159.178: [ParNew: 37289K->4159K(37632K), 0.0012360 secs] 106991K->74013K(121024K), 0.0012670 secs] [Times: user=0.01 sys=0.00, real=0.01 secs] 
159.179: Total time for which application threads were stopped: 0.0013960 seconds, Stopping threads took: 0.0000740 seconds
159.238: Application time: 0.0591460 seconds
159.238: [GC159.238: [ParNew: 36893K->4147K(37632K), 0.0014420 secs] 106747K->75081K(121024K), 0.0014830 secs] [Times: user=0.01 sys=0.00, real=0.01 secs] 
159.240: Total time for which application threads were stopped: 0.0016060 seconds, Stopping threads took: 0.0000660 seconds
159.303: Application time: 0.0635750 seconds
159.303: [GC159.303: [ParNew: 37081K->4115K(37632K), 0.0013710 secs] 108015K->76129K(121024K), 0.0014020 secs] [Times: user=0.01 sys=0.00, real=0.00 secs] 
159.305: Total time for which application threads were stopped: 0.0015980 seconds, Stopping threads took: 0.0001330 seconds
159.363: Application time: 0.0587270 seconds
159.364: [GC159.364: [ParNew: 36887K->4114K(37632K), 0.0017070 secs] 108901K->78176K(121024K), 0.0017390 secs] [Times: user=0.01 sys=0.00, real=0.00 secs] 
159.365: Total time for which application threads were stopped: 0.0018770 seconds, Stopping threads took: 0.0000810 seconds
159.429: Application time: 0.0635730 seconds
159.429: [GC159.429: [ParNew: 37052K->4130K(37632K), 0.0016680 secs] 111114K->80240K(121024K), 0.0017010 secs] [Times: user=0.01 sys=0.00, real=0.01 secs] 
159.431: Total time for which application threads were stopped: 0.0018300 seconds, Stopping threads took: 0.0000700 seconds
159.492: Application time: 0.0614630 seconds
159.495: [GC159.495: [ParNew: 36936K->4114K(37632K), 0.0018220 secs] 113046K->82272K(121024K), 0.0018540 secs] [Times: user=0.01 sys=0.00, real=0.00 secs] 
159.497: Total time for which application threads were stopped: 0.0044420 seconds, Stopping threads took: 0.0025110 seconds
159.560: Application time: 0.0631690 seconds
159.563: [GC159.563: [ParNew: 36986K->4115K(37632K), 0.0014410 secs] 115144K->83297K(121024K), 0.0014690 secs] [Times: user=0.01 sys=0.00, real=0.00 secs] 
159.564: Total time for which application threads were stopped: 0.0044130 seconds, Stopping threads took: 0.0028890 seconds
159.627: Application time: 0.0628460 seconds
159.627: [GC159.627: [ParNew: 36879K->4149K(37632K), 0.0014050 secs] 116060K->84355K(121024K), 0.0014390 secs] [Times: user=0.01 sys=0.00, real=0.00 secs] 
159.629: Total time for which application threads were stopped: 0.0015880 seconds, Stopping threads took: 0.0000900 seconds
159.689: Application time: 0.0606580 seconds
159.689: [GC159.689: [ParNew: 36679K->3116K(37632K), 0.0008820 secs] 116885K->83322K(121024K), 0.0009110 secs] [Times: user=0.00 sys=0.00, real=0.00 secs] 
159.690: Total time for which application threads were stopped: 0.0010390 seconds, Stopping threads took: 0.0000740 seconds
159.747: Application time: 0.0571120 seconds
159.748: [GC159.748: [ParNew: 36588K->4154K(37632K), 0.0017210 secs] 116794K->86432K(121024K), 0.0017530 secs] [Times: user=0.01 sys=0.00, real=0.00 secs] 
159.749: Total time for which application threads were stopped: 0.0018770 seconds, Stopping threads took: 0.0000680 seconds
159.811: Application time: 0.0619760 seconds
159.811: [GC159.811: [ParNew: 37069K->4140K(37632K), 0.0019100 secs]159.813: [Tenured: 85398K->11333K(85448K), 0.0082670 secs] 119347K->11333K(123080K), [Perm : 5528K->5528K(21248K)], 0.0103390 secs] [Times: user=0.02 sys=0.00, real=0.01 secs] 
159.822: Total time for which application threads were stopped: 0.0104660 seconds, Stopping threads took: 0.0000540 seconds
159.880: Application time: 0.0579310 seconds
159.880: [GC159.880: [ParNew: 33089K->4159K(37632K), 0.0014680 secs] 44422K->16620K(121024K), 0.0015000 secs] [Times: user=0.01 sys=0.00, real=0.00 secs] 
159.881: Total time for which application threads were stopped: 0.0016570 seconds, Stopping threads took: 0.0000980 seconds
159.940: Application time: 0.0590220 seconds
159.941: [GC159.941: [ParNew: 36934K->4144K(37632K), 0.0016530 secs] 49395K->18722K(121024K), 0.0016870 secs] [Times: user=0.01 sys=0.00, real=0.00 secs] 
159.942: Total time for which application threads were stopped: 0.0018060 seconds, Stopping threads took: 0.0000590 seconds
160.004: Application time: 0.0617490 seconds
160.004: [GC160.004: [ParNew: 37058K->4112K(37632K), 0.0019440 secs] 51635K->21801K(121024K), 0.0019920 secs] [Times: user=0.01 sys=0.00, real=0.00 secs] 
160.006: Total time for which application threads were stopped: 0.0021580 seconds, Stopping threads took: 0.0001060 seconds
160.065: Application time: 0.0587030 seconds
160.065: [GC160.065: [ParNew: 36969K->4114K(37632K), 0.0020290 secs] 54658K->24875K(121024K), 0.0020670 secs] [Times: user=0.02 sys=0.00, real=0.00 secs] 
160.067: Total time for which application threads were stopped: 0.0021990 seconds, Stopping threads took: 0.0000730 seconds
160.133: Application time: 0.0662560 seconds
160.133: [GC160.133: [ParNew: 37131K->4128K(37632K), 0.0015950 secs] 57892K->26937K(121024K), 0.0016280 secs] [Times: user=0.01 sys=0.00, real=0.00 secs] 
160.135: Total time for which application threads were stopped: 0.0017510 seconds, Stopping threads took: 0.0000650 seconds
160.196: Application time: 0.0609010 seconds
160.196: [GC160.196: [ParNew: 36915K->4130K(37632K), 0.0017490 secs] 59724K->28987K(121024K), 0.0017820 secs] [Times: user=0.02 sys=0.00, real=0.00 secs] 
160.198: Total time for which application threads were stopped: 0.0019080 seconds, Stopping threads took: 0.0000650 seconds
160.260: Application time: 0.0622780 seconds
160.260: [GC160.260: [ParNew: 36950K->4130K(37632K), 0.0015220 secs] 61808K->30011K(121024K), 0.0015530 secs] [Times: user=0.00 sys=0.00, real=0.00 secs] 
160.262: Total time for which application threads were stopped: 0.0016960 seconds, Stopping threads took: 0.0000850 seconds
160.326: Application time: 0.0639300 seconds
160.326: [GC160.326: [ParNew: 36953K->4133K(37632K), 0.0010360 secs] 62835K->30015K(121024K), 0.0010680 secs] [Times: user=0.00 sys=0.00, real=0.00 secs] 
160.327: Total time for which application threads were stopped: 0.0012320 seconds, Stopping threads took: 0.0001010 seconds
160.389: Application time: 0.0617790 seconds
160.389: [GC160.389: [ParNew: 36721K->3134K(37632K), 0.0007840 secs] 62602K->29015K(121024K), 0.0008120 secs] [Times: user=0.00 sys=0.00, real=0.00 secs] 
160.390: Total time for which application threads were stopped: 0.0009530 seconds, Stopping threads took: 0.0000850 seconds
160.445: Application time: 0.0548140 seconds
160.445: [GC160.445: [ParNew: 36433K->4156K(37632K), 0.0013770 secs] 62315K->31085K(121024K), 0.0014100 secs] [Times: user=0.01 sys=0.00, real=0.00 secs] 
160.446: Total time for which application threads were stopped: 0.0015310 seconds, Stopping threads took: 0.0000650 seconds
160.505: Application time: 0.0587930 seconds
160.505: [GC160.505: [ParNew: 37086K->4140K(37632K), 0.0043010 secs] 64015K->34205K(121024K), 0.0043330 secs] [Times: user=0.03 sys=0.00, real=0.00 secs] 
160.509: Total time for which application threads were stopped: 0.0044670 seconds, Stopping threads took: 0.0000760 seconds
160.571: Application time: 0.0613620 seconds
160.571: [GC160.571: [ParNew: 37377K->4159K(37632K), 0.0014210 secs] 67443K->35405K(121024K), 0.0014510 secs] [Times: user=0.01 sys=0.00, real=0.00 secs] 
160.572: Total time for which application threads were stopped: 0.0015960 seconds, Stopping threads took: 0.0000900 seconds
160.633: Application time: 0.0610280 seconds
160.633: [GC160.633: [ParNew: 36882K->4146K(37632K), 0.0016950 secs] 68128K->37504K(121024K), 0.0017310 secs] [Times: user=0.01 sys=0.00, real=0.00 secs] 
160.635: Total time for which application threads were stopped: 0.0018690 seconds, Stopping threads took: 0.0000810 seconds
160.694: Application time: 0.0589440 seconds
160.694: [GC160.694: [ParNew: 36996K->4112K(37632K), 0.0020910 secs] 70354K->40590K(121024K), 0.0021260 secs] [Times: user=0.02 sys=0.00, real=0.00 secs] 
160.696: Total time for which application threads were stopped: 0.0022490 seconds, Stopping threads took: 0.0000620 seconds
160.758: Application time: 0.0612970 seconds
160.758: [GC160.758: [ParNew: 37038K->4116K(37632K), 0.0019760 secs] 73516K->43666K(121024K), 0.0020120 secs] [Times: user=0.01 sys=0.00, real=0.01 secs] 
160.760: Total time for which application threads were stopped: 0.0021430 seconds, Stopping threads took: 0.0000740 seconds
160.824: Application time: 0.0636800 seconds
160.824: [GC160.824: [ParNew: 36986K->4128K(37632K), 0.0016330 secs] 76536K->45726K(121024K), 0.0016750 secs] [Times: user=0.02 sys=0.00, real=0.00 secs] 
160.825: Total time for which application threads were stopped: 0.0018160 seconds, Stopping threads took: 0.0000850 seconds
160.888: Application time: 0.0622730 seconds
160.888: [GC160.888: [ParNew: 36971K->4120K(37632K), 0.0016360 secs] 78570K->47766K(121024K), 0.0016690 secs] [Times: user=0.02 sys=0.00, real=0.00 secs] 
160.889: Total time for which application threads were stopped: 0.0018140 seconds, Stopping threads took: 0.0000780 seconds
160.951: Application time: 0.0618470 seconds
160.951: [GC160.951: [ParNew: 36929K->4121K(37632K), 0.0013640 secs] 80575K->48791K(121024K), 0.0013960 secs] [Times: user=0.01 sys=0.00, real=0.00 secs] 
160.953: Total time for which application threads were stopped: 0.0015410 seconds, Stopping threads took: 0.0000850 seconds
161.017: Application time: 0.0641620 seconds
161.017: [GC161.017: [ParNew: 36958K->4135K(37632K), 0.0011340 secs] 81628K->48805K(121024K), 0.0011650 secs] [Times: user=0.01 sys=0.00, real=0.00 secs] 
161.018: Total time for which application threads were stopped: 0.0012970 seconds, Stopping threads took: 0.0000760 seconds
161.079: Application time: 0.0602440 seconds
161.079: [GC161.079: [ParNew: 37607K->4155K(37632K), 0.0010980 secs] 82277K->48825K(121024K), 0.0011280 secs] [Times: user=0.01 sys=0.00, real=0.00 secs] 
161.080: Total time for which application threads were stopped: 0.0013070 seconds, Stopping threads took: 0.0001240 seconds
161.137: Application time: 0.0570610 seconds
161.137: [GC161.137: [ParNew: 36658K->4155K(37632K), 0.0017890 secs] 81328K->50889K(121024K), 0.0018230 secs] [Times: user=0.01 sys=0.00, real=0.01 secs] 
161.139: Total time for which application threads were stopped: 0.0019650 seconds, Stopping threads took: 0.0000860 seconds
161.198: Application time: 0.0589040 seconds
161.198: [GC161.198: [ParNew: 37035K->4144K(37632K), 0.0018080 secs] 83769K->53022K(121024K), 0.0018450 secs] [Times: user=0.02 sys=0.00, real=0.01 secs] 
161.200: Total time for which application threads were stopped: 0.0019650 seconds, Stopping threads took: 0.0000590 seconds
161.260: Application time: 0.0607440 seconds
161.261: [GC161.261: [ParNew: 37405K->4158K(37632K), 0.0016930 secs] 86283K->55220K(121024K), 0.0017250 secs] [Times: user=0.01 sys=0.00, real=0.00 secs] 
161.262: Total time for which application threads were stopped: 0.0018770 seconds, Stopping threads took: 0.0000960 seconds
161.327: Application time: 0.0642190 seconds
161.327: [GC161.327: [ParNew: 37193K->4147K(37632K), 0.0010900 secs] 88255K->55270K(121024K), 0.0011190 secs] [Times: user=0.01 sys=0.00, real=0.00 secs] 
161.328: Total time for which application threads were stopped: 0.0012450 seconds, Stopping threads took: 0.0000750 seconds
161.385: Application time: 0.0576340 seconds
161.386: [GC161.386: [ParNew: 36754K->4115K(37632K), 0.0017090 secs] 87876K->57341K(121024K), 0.0017430 secs] [Times: user=0.02 sys=0.00, real=0.00 secs] 
161.387: Total time for which application threads were stopped: 0.0018990 seconds, Stopping threads took: 0.0000980 seconds
161.451: Application time: 0.0639390 seconds
161.451: [GC161.451: [ParNew: 37061K->4116K(37632K), 0.0015740 secs] 90287K->59391K(121024K), 0.0016050 secs] [Times: user=0.01 sys=0.00, real=0.00 secs] 
161.453: Total time for which application threads were stopped: 0.0017420 seconds, Stopping threads took: 0.0000760 seconds
161.513: Application time: 0.0598170 seconds
161.513: [GC161.513: [ParNew: 36907K->4113K(37632K), 0.0013430 secs] 92181K->60412K(121024K), 0.0013720 secs] [Times: user=0.01 sys=0.00, real=0.00 secs] 
161.514: Total time for which application threads were stopped: 0.0015100 seconds, Stopping threads took: 0.0000830 seconds
161.576: Application time: 0.0617060 seconds
161.576: [GC161.576: [ParNew: 36921K->4116K(37632K), 0.0016690 secs] 93220K->62462K(121024K), 0.0017120 secs] [Times: user=0.01 sys=0.00, real=0.00 secs] 
161.578: Total time for which application threads were stopped: 0.0018830 seconds, Stopping threads took: 0.0001130 seconds
161.643: Application time: 0.0648440 seconds
161.643: [GC161.643: [ParNew: 37078K->4135K(37632K), 0.0013360 secs] 95425K->63505K(121024K), 0.0013680 secs] [Times: user=0.01 sys=0.00, real=0.00 secs] 
161.644: Total time for which application threads were stopped: 0.0014900 seconds, Stopping threads took: 0.0000670 seconds
161.705: Application time: 0.0611440 seconds
161.706: [GC161.706: [ParNew: 36750K->3145K(37632K), 0.0009610 secs] 96121K->62516K(121024K), 0.0009910 secs] [Times: user=0.01 sys=0.00, real=0.00 secs] 
161.707: Total time for which application threads were stopped: 0.0011330 seconds, Stopping threads took: 0.0000780 seconds
161.768: Application time: 0.0609880 seconds
161.768: [GC161.768: [ParNew: 36617K->4154K(37632K), 0.0010580 secs] 95988K->63524K(121024K), 0.0010890 secs] [Times: user=0.01 sys=0.00, real=0.00 secs] 
161.769: Total time for which application threads were stopped: 0.0011960 seconds, Stopping threads took: 0.0000500 seconds
161.826: Application time: 0.0571010 seconds
161.826: [GC161.826: [ParNew: 36870K->4158K(37632K), 0.0017810 secs] 96240K->65608K(121024K), 0.0018160 secs] [Times: user=0.02 sys=0.00, real=0.00 secs] 
161.828: Total time for which application threads were stopped: 0.0019810 seconds, Stopping threads took: 0.0001060 seconds
161.887: Application time: 0.0595310 seconds
161.888: [GC161.888: [ParNew: 36957K->4140K(37632K), 0.0017700 secs] 98408K->67702K(121024K), 0.0018010 secs] [Times: user=0.01 sys=0.00, real=0.00 secs] 
161.889: Total time for which application threads were stopped: 0.0019530 seconds, Stopping threads took: 0.0000970 seconds
161.950: Application time: 0.0604190 seconds
161.950: [GC161.950: [ParNew: 37229K->4158K(37632K), 0.0011450 secs] 100792K->67905K(121024K), 0.0011770 secs] [Times: user=0.01 sys=0.00, real=0.01 secs] 
161.951: Total time for which application threads were stopped: 0.0013070 seconds, Stopping threads took: 0.0000740 seconds
162.017: Application time: 0.0655870 seconds
162.017: [GC162.017: [ParNew: 37083K->3127K(37632K), 0.0008410 secs] 100830K->66914K(121024K), 0.0008710 secs] [Times: user=0.01 sys=0.00, real=0.00 secs] 
162.018: Total time for which application threads were stopped: 0.0010080 seconds, Stopping threads took: 0.0000700 seconds
162.073: Application time: 0.0550670 seconds
162.073: [GC162.073: [ParNew: 35828K->4114K(37632K), 0.0017970 secs] 99615K->70005K(121024K), 0.0018310 secs] [Times: user=0.01 sys=0.00, real=0.00 secs] 
162.075: Total time for which application threads were stopped: 0.0019480 seconds, Stopping threads took: 0.0000590 seconds
162.136: Application time: 0.0610140 seconds
162.136: [GC162.136: [ParNew: 36970K->4112K(37632K), 0.0020360 secs] 102861K->73075K(121024K), 0.0020690 secs] [Times: user=0.02 sys=0.00, real=0.00 secs] 
162.138: Total time for which application threads were stopped: 0.0022070 seconds, Stopping threads took: 0.0000800 seconds
162.200: Application time: 0.0624000 seconds
162.200: [GC162.200: [ParNew: 37045K->4111K(37632K), 0.0017040 secs] 106008K->75122K(121024K), 0.0017360 secs] [Times: user=0.01 sys=0.00, real=0.00 secs] 
162.202: Total time for which application threads were stopped: 0.0018810 seconds, Stopping threads took: 0.0000820 seconds
162.268: Application time: 0.0653550 seconds
162.268: [GC162.268: [ParNew: 37105K->4129K(37632K), 0.0017110 secs] 108116K->77188K(121024K), 0.0017430 secs] [Times: user=0.01 sys=0.00, real=0.00 secs] 
162.269: Total time for which application threads were stopped: 0.0018880 seconds, Stopping threads took: 0.0000860 seconds
162.331: Application time: 0.0617120 seconds
162.331: [GC162.331: [ParNew: 36861K->4130K(37632K), 0.0014420 secs] 109920K->78213K(121024K), 0.0014740 secs] [Times: user=0.01 sys=0.00, real=0.00 secs] 
162.333: Total time for which application threads were stopped: 0.0016280 seconds, Stopping threads took: 0.0000960 seconds
162.397: Application time: 0.0637160 seconds
162.397: [GC162.397: [ParNew: 36865K->2140K(37632K), 0.0006460 secs] 110948K->76223K(121024K), 0.0006850 secs] [Times: user=0.00 sys=0.00, real=0.00 secs] 
162.397: Total time for which application threads were stopped: 0.0007970 seconds, Stopping threads took: 0.0000580 seconds
162.459: Application time: 0.0616300 seconds
162.459: [GC162.459: [ParNew: 35612K->4140K(37632K), 0.0010150 secs] 109695K->78223K(121024K), 0.0010450 secs] [Times: user=0.01 sys=0.00, real=0.00 secs] 
162.460: Total time for which application threads were stopped: 0.0011670 seconds, Stopping threads took: 0.0000690 seconds
162.518: Application time: 0.0574380 seconds
162.518: [GC162.518: [ParNew: 36878K->4154K(37632K), 0.0018950 secs] 110961K->81325K(121024K), 0.0019280 secs] [Times: user=0.01 sys=0.00, real=0.01 secs] 
162.520: Total time for which application threads were stopped: 0.0020570 seconds, Stopping threads took: 0.0000600 seconds
162.579: Application time: 0.0597010 seconds
162.579: [GC162.579: [ParNew: 37049K->4147K(37632K), 0.0014030 secs] 114220K->82406K(121024K), 0.0014340 secs] [Times: user=0.01 sys=0.00, real=0.00 secs] 
162.581: Total time for which application threads were stopped: 0.0015640 seconds, Stopping threads took: 0.0000730 seconds
162.643: Application time: 0.0617440 seconds
162.643: [GC162.643: [ParNew: 37188K->3224K(37632K), 0.0009600 secs] 115448K->81548K(121024K), 0.0009900 secs] [Times: user=0.01 sys=0.00, real=0.00 secs] 
162.644: Total time for which application threads were stopped: 0.0011280 seconds, Stopping threads took: 0.0000840 seconds
162.702: Application time: 0.0586320 seconds
162.702: [GC162.703: [ParNew: 35882K->4144K(37632K), 0.0016070 secs] 114205K->84675K(121024K), 0.0016400 secs] [Times: user=0.01 sys=0.00, real=0.00 secs] 
162.704: Total time for which application threads were stopped: 0.0017570 seconds, Stopping threads took: 0.0000610 seconds
162.765: Application time: 0.0611450 seconds
162.765: [GC162.765: [ParNew: 37041K->4114K(37632K), 0.0020140 secs]162.767: [Tenured: 83659K->10751K(84420K), 0.0084360 secs] 117572K->10751K(122052K), [Perm : 5528K->5528K(21248K)], 0.0105440 secs] [Times: user=0.02 sys=0.00, real=0.01 secs] 
162.776: Total time for which application threads were stopped: 0.0106690 seconds, Stopping threads took: 0.0000600 seconds
162.835: Application time: 0.0588660 seconds
162.835: [GC162.835: [ParNew: 32907K->4110K(37632K), 0.0019250 secs] 43658K->17933K(121024K), 0.0019590 secs] [Times: user=0.02 sys=0.00, real=0.00 secs] 
162.837: Total time for which application threads were stopped: 0.0021140 seconds, Stopping threads took: 0.0000970 seconds
162.902: Application time: 0.0652400 seconds
162.902: [GC162.902: [ParNew: 37093K->4114K(37632K), 0.0019140 secs] 50916K->21017K(121024K), 0.0019470 secs] [Times: user=0.01 sys=0.00, real=0.00 secs] 
162.904: Total time for which application threads were stopped: 0.0020980 seconds, Stopping threads took: 0.0000970 seconds
162.966: Application time: 0.0616560 seconds
162.966: [GC162.966: [ParNew: 37020K->4128K(37632K), 0.0016720 secs] 53923K->23079K(121024K), 0.0017050 secs] [Times: user=0.01 sys=0.00, real=0.00 secs] 
162.968: Total time for which application threads were stopped: 0.0018520 seconds, Stopping threads took: 0.0000880 seconds
163.033: Application time: 0.0648140 seconds
163.033: [GC163.033: [ParNew: 37061K->4129K(37632K), 0.0013320 secs] 56013K->24104K(121024K), 0.0013660 secs] [Times: user=0.01 sys=0.00, real=0.00 secs] 
163.034: Total time for which application threads were stopped: 0.0015170 seconds, Stopping threads took: 0.0000860 seconds
163.097: Application time: 0.0625300 seconds
163.097: [GC163.097: [ParNew: 36668K->3146K(37632K), 0.0008530 secs] 56644K->23121K(121024K), 0.0008830 secs] [Times: user=0.01 sys=0.00, real=0.00 secs] 
163.098: Total time for which application threads were stopped: 0.0010270 seconds, Stopping threads took: 0.0000900 seconds
163.157: Application time: 0.0594350 seconds
163.157: [GC163.157: [ParNew: 36562K->4124K(37632K), 0.0011650 secs] 56537K->24099K(121024K), 0.0012030 secs] [Times: user=0.00 sys=0.00, real=0.00 secs] 
163.158: Total time for which application threads were stopped: 0.0013300 seconds, Stopping threads took: 0.0000750 seconds
163.218: Application time: 0.0596140 seconds
163.218: [GC163.218: [ParNew: 37015K->4158K(37632K), 0.0018040 secs] 56991K->26237K(121024K), 0.0018360 secs] [Times: user=0.02 sys=0.00, real=0.01 secs] 
163.220: Total time for which application threads were stopped: 0.0019540 seconds, Stopping threads took: 0.0000590 seconds
163.277: Application time: 0.0571890 seconds
163.277: [GC163.277: [ParNew: 37630K->4144K(37632K), 0.0018120 secs] 59709K->28328K(121024K), 0.0018500 secs] [Times: user=0.02 sys=0.00, real=0.01 secs] 
163.279: Total time for which application threads were stopped: 0.0020060 seconds, Stopping threads took: 0.0000960 seconds
163.344: Application time: 0.0645510 seconds
163.344: [GC163.344: [ParNew: 37499K->4158K(37632K), 0.0011960 secs] 61682K->28498K(121024K), 0.0012230 secs] [Times: user=0.01 sys=0.00, real=0.00 secs] 
163.345: Total time for which application threads were stopped: 0.0013380 seconds, Stopping threads took: 0.0000600 seconds
163.400: Application time: 0.0553080 seconds
163.401: [GC163.401: [ParNew: 36794K->4142K(37632K), 0.0016570 secs] 61134K->30594K(121024K), 0.0016910 secs] [Times: user=0.02 sys=0.00, real=0.00 secs] 
163.402: Total time for which application threads were stopped: 0.0018130 seconds, Stopping threads took: 0.0000630 seconds
163.467: Application time: 0.0652030 seconds
163.468: [GC163.468: [ParNew: 37116K->4120K(37632K), 0.0013380 secs] 63567K->31644K(121024K), 0.0013690 secs] [Times: user=0.01 sys=0.00, real=0.00 secs] 
163.469: Total time for which application threads were stopped: 0.0015020 seconds, Stopping threads took: 0.0000750 seconds
163.526: Application time: 0.0573690 seconds
163.526: [GC163.526: [ParNew: 36966K->4114K(37632K), 0.0019930 secs] 64490K->34710K(121024K), 0.0020280 secs] [Times: user=0.02 sys=0.00, real=0.00 secs] 
163.529: Total time for which application threads were stopped: 0.0021620 seconds, Stopping threads took: 0.0000730 seconds
163.593: Application time: 0.0647950 seconds
163.593: [GC163.593: [ParNew: 37098K->4110K(37632K), 0.0019680 secs] 67694K->37778K(121024K), 0.0020020 secs] [Times: user=0.02 sys=0.00, real=0.00 secs] 
163.595: Total time for which application threads were stopped: 0.0021380 seconds, Stopping threads took: 0.0000680 seconds
163.656: Application time: 0.0604540 seconds
163.656: [GC163.656: [ParNew: 36986K->4110K(37632K), 0.0019690 secs] 70654K->40850K(121024K), 0.0020060 secs] [Times: user=0.02 sys=0.00, real=0.00 secs] 
163.658: Total time for which application threads were stopped: 0.0022370 seconds, Stopping threads took: 0.0001700 seconds
163.724: Application time: 0.0658640 seconds
163.724: [GC163.724: [ParNew: 37106K->4146K(37632K), 0.0013920 secs] 73846K->41910K(121024K), 0.0014210 secs] [Times: user=0.01 sys=0.00, real=0.00 secs] 
163.726: Total time for which application threads were stopped: 0.0015570 seconds, Stopping threads took: 0.0000790 seconds
163.789: Application time: 0.0630870 seconds
163.789: [GC163.789: [ParNew: 36781K->3158K(37632K), 0.0008860 secs] 74545K->40922K(121024K), 0.0009140 secs] [Times: user=0.00 sys=0.00, real=0.00 secs] 
163.790: Total time for which application threads were stopped: 0.0010500 seconds, Stopping threads took: 0.0000810 seconds
163.850: Application time: 0.0603000 seconds
163.850: [GC163.850: [ParNew: 36556K->3103K(37632K), 0.0008710 secs] 74320K->40867K(121024K), 0.0008990 secs] [Times: user=0.00 sys=0.00, real=0.01 secs] 
163.851: Total time for which application threads were stopped: 0.0010170 seconds, Stopping threads took: 0.0000620 seconds
163.913: Application time: 0.0620000 seconds
163.913: [GC163.913: [ParNew: 36007K->4154K(37632K), 0.0041910 secs] 73771K->43998K(121024K), 0.0042260 secs] [Times: user=0.01 sys=0.00, real=0.00 secs] 
163.917: Total time for which application threads were stopped: 0.0043810 seconds, Stopping threads took: 0.0001000 seconds
163.973: Application time: 0.0554230 seconds
163.973: [GC163.973: [ParNew: 36629K->4157K(37632K), 0.0014740 secs] 76473K->45073K(121024K), 0.0015150 secs] [Times: user=0.01 sys=0.00, real=0.00 secs] 
163.974: Total time for which application threads were stopped: 0.0016570 seconds, Stopping threads took: 0.0000850 seconds
164.038: Application time: 0.0637390 seconds
164.038: [GC164.038: [ParNew: 37466K->3215K(37632K), 0.0009770 secs] 78382K->44195K(121024K), 0.0010060 secs] [Times: user=0.00 sys=0.00, real=0.01 secs] 
164.039: Total time for which application threads were stopped: 0.0011460 seconds, Stopping threads took: 0.0000870 seconds
164.094: Application time: 0.0549990 seconds
164.095: [GC164.095: [ParNew: 35873K->4156K(37632K), 0.0016830 secs] 76853K->47336K(121024K), 0.0017150 secs] [Times: user=0.01 sys=0.00, real=0.00 secs] 
164.096: Total time for which application threads were stopped: 0.0018960 seconds, Stopping threads took: 0.0001170 seconds
164.162: Application time: 0.0662070 seconds
164.163: [GC164.163: [ParNew: 37147K->4110K(37632K), 0.0015810 secs] 80327K->49386K(121024K), 0.0016160 secs] [Times: user=0.01 sys=0.00, real=0.00 secs] 
164.164: Total time for which application threads were stopped: 0.0017570 seconds, Stopping threads took: 0.0000800 seconds
164.221: Application time: 0.0565470 seconds
164.221: [GC164.221: [ParNew: 36851K->4110K(37632K), 0.0019900 secs] 82127K->52458K(121024K), 0.0020250 secs] [Times: user=0.01 sys=0.00, real=0.00 secs] 
164.223: Total time for which application threads were stopped: 0.0023560 seconds, Stopping threads took: 0.0002710 seconds
164.287: Application time: 0.0642710 seconds
164.288: [GC164.288: [ParNew: 37109K->4118K(37632K), 0.0019530 secs] 85457K->55538K(121024K), 0.0019860 secs] [Times: user=0.01 sys=0.00, real=0.00 secs] 
164.290: Total time for which application threads were stopped: 0.0021240 seconds, Stopping threads took: 0.0000800 seconds
164.353: Application time: 0.0634250 seconds
164.353: [GC164.353: [ParNew: 37061K->4114K(37632K), 0.0017140 secs] 88482K->57582K(121024K), 0.0017460 secs] [Times: user=0.01 sys=0.00, real=0.00 secs] 
164.355: Total time for which application threads were stopped: 0.0019250 seconds, Stopping threads took: 0.0001210 seconds
164.416: Application time: 0.0613560 seconds
164.419: [GC164.419: [ParNew: 36721K->4158K(37632K), 0.0013560 secs] 90189K->57626K(121024K), 0.0013900 secs] [Times: user=0.01 sys=0.00, real=0.00 secs] 
164.420: Total time for which application threads were stopped: 0.0038660 seconds, Stopping threads took: 0.0023990 seconds
164.482: Application time: 0.0622530 seconds
164.483: [GC164.483: [ParNew: 36815K->3090K(37632K), 0.0008750 secs] 90283K->56558K(121024K), 0.0009050 secs] [Times: user=0.00 sys=0.00, real=0.00 secs] 
164.483: Total time for which application threads were stopped: 0.0010670 seconds, Stopping threads took: 0.0001070 seconds
164.543: Application time: 0.0591640 seconds
164.543: [GC164.543: [ParNew: 35548K->4132K(37632K), 0.0014200 secs] 89016K->58625K(121024K), 0.0014520 secs] [Times: user=0.01 sys=0.00, real=0.00 secs] 
164.544: Total time for which application threads were stopped: 0.0015850 seconds, Stopping threads took: 0.0000770 seconds
164.604: Application time: 0.0593010 seconds
164.604: [GC164.604: [ParNew: 36998K->4158K(37632K), 0.0016100 secs] 91490K->60715K(121024K), 0.0016450 secs] [Times: user=0.02 sys=0.00, real=0.00 secs] 
164.605: Total time for which application threads were stopped: 0.0017770 seconds, Stopping threads took: 0.0000660 seconds
164.668: Application time: 0.0626880 seconds
164.668: [GC164.668: [ParNew: 37117K->4158K(37632K), 0.0011920 secs] 93673K->60810K(121024K), 0.0012220 secs] [Times: user=0.01 sys=0.00, real=0.00 secs] 
164.669: Total time for which application threads were stopped: 0.0013520 seconds, Stopping threads took: 0.0000750 seconds
164.725: Application time: 0.0554580 seconds
164.725: [GC164.725: [ParNew: 36899K->4151K(37632K), 0.0017830 secs] 93551K->62956K(121024K), 0.0018190 secs] [Times: user=0.01 sys=0.00, real=0.00 secs] 
164.727: Total time for which application threads were stopped: 0.0020280 seconds, Stopping threads took: 0.0001400 seconds
164.791: Application time: 0.0637540 seconds
164.791: [GC164.791: [ParNew: 37299K->4154K(37632K), 0.0019400 secs] 96103K->66119K(121024K), 0.0019760 secs] [Times: user=0.02 sys=0.00, real=0.00 secs] 
164.793: Total time for which application threads were stopped: 0.0021170 seconds, Stopping threads took: 0.0000820 seconds
164.853: Application time: 0.0606080 seconds
164.853: [GC164.853: [ParNew: 36951K->4130K(37632K), 0.0016590 secs] 98916K->68215K(121024K), 0.0016950 secs] [Times: user=0.01 sys=0.00, real=0.00 secs] 
164.855: Total time for which application threads were stopped: 0.0018370 seconds, Stopping threads took: 0.0000860 seconds
164.914: Application time: 0.0593090 seconds
164.915: [GC164.915: [ParNew: 36908K->4116K(37632K), 0.0017340 secs] 100993K->70249K(121024K), 0.0017690 secs] [Times: user=0.02 sys=0.00, real=0.00 secs] 
164.916: Total time for which application threads were stopped: 0.0019500 seconds, Stopping threads took: 0.0001210 seconds
164.982: Application time: 0.0651380 seconds
164.982: [GC164.982: [ParNew: 37064K->4148K(37632K), 0.0012620 secs] 103197K->70281K(121024K), 0.0012950 secs] [Times: user=0.00 sys=0.00, real=0.00 secs] 
164.983: Total time for which application threads were stopped: 0.0014300 seconds, Stopping threads took: 0.0000780 seconds
165.043: Application time: 0.0598510 seconds
165.043: [GC165.043: [ParNew: 36697K->4117K(37632K), 0.0013910 secs] 102830K->71274K(121024K), 0.0014190 secs] [Times: user=0.01 sys=0.00, real=0.00 secs] 
165.044: Total time for which application threads were stopped: 0.0015660 seconds, Stopping threads took: 0.0000910 seconds
165.106: Application time: 0.0615140 seconds
165.106: [GC165.106: [ParNew: 36784K->4128K(37632K), 0.0014420 secs] 103941K->72309K(121024K), 0.0014740 secs] [Times: user=0.01 sys=0.00, real=0.00 secs] 
165.108: Total time for which application threads were stopped: 0.0016490 seconds, Stopping threads took: 0.0001080 seconds
165.168: Application time: 0.0602560 seconds
165.168: [GC165.168: [ParNew: 36857K->4137K(37632K), 0.0014180 secs] 105038K->73342K(121024K), 0.0014480 secs] [Times: user=0.01 sys=0.00, real=0.00 secs] 
165.169: Total time for which application threads were stopped: 0.0015910 seconds, Stopping threads took: 0.0000880 seconds
165.228: Application time: 0.0581840 seconds
165.231: [GC165.231: [ParNew: 36625K->4116K(37632K), 0.0014550 secs] 105829K->74345K(121024K), 0.0014870 secs] [Times: user=0.01 sys=0.00, real=0.00 secs] 
165.232: Total time for which application threads were stopped: 0.0045750 seconds, Stopping threads took: 0.0030310 seconds
165.295: Application time: 0.0625410 seconds
165.295: [GC165.295: [ParNew: 37172K->4156K(37632K), 0.0017370 secs] 107401K->76449K(121024K), 0.0017670 secs] [Times: user=0.02 sys=0.00, real=0.00 secs] 
165.297: Total time for which application threads were stopped: 0.0018870 seconds, Stopping threads took: 0.0000640 seconds
165.355: Application time: 0.0587920 seconds
165.356: [GC165.356: [ParNew: 36920K->4158K(37632K), 0.0014350 secs] 109213K->77591K(121024K), 0.0014630 secs] [Times: user=0.01 sys=0.00, real=0.00 secs] 
165.357: Total time for which application threads were stopped: 0.0016300 seconds, Stopping threads took: 0.0001110 seconds
165.420: Application time: 0.0625330 seconds
165.420: [GC165.420: [ParNew: 37376K->4158K(37632K), 0.0013950 secs] 110809K->78731K(121024K), 0.0014270 secs] [Times: user=0.01 sys=0.00, real=0.00 secs] 
165.421: Total time for which application threads were stopped: 0.0015720 seconds, Stopping threads took: 0.0000880 seconds
165.480: Application time: 0.0589390 seconds
165.480: [GC165.480: [ParNew: 37031K->4140K(37632K), 0.0020500 secs] 111605K->81865K(121024K), 0.0020850 secs] [Times: user=0.01 sys=0.00, real=0.00 secs] 
165.482: Total time for which application threads were stopped: 0.0022230 seconds, Stopping threads took: 0.0000770 seconds
165.549: Application time: 0.0662680 seconds
165.549: [GC165.549: [ParNew: 37150K->4113K(37632K), 0.0016220 secs] 114876K->83951K(121024K), 0.0016550 secs] [Times: user=0.01 sys=0.00, real=0.00 secs] 
165.550: Total time for which application threads were stopped: 0.0017890 seconds, Stopping threads took: 0.0000790 seconds
165.610: Application time: 0.0595250 seconds
165.610: [GC165.610: [ParNew: 36788K->4150K(37632K), 0.0012040 secs] 116625K->83988K(121024K), 0.0012380 secs] [Times: user=0.01 sys=0.00, real=0.01 secs] 
165.611: Total time for which application threads were stopped: 0.0013990 seconds, Stopping threads took: 0.0000950 seconds
165.672: Application time: 0.0611540 seconds
165.673: [GC165.673: [ParNew: 36776K->4137K(37632K), 0.0011260 secs] 116613K->83974K(121024K), 0.0011560 secs] [Times: user=0.01 sys=0.00, real=0.00 secs] 
165.674: Total time for which application threads were stopped: 0.0013080 seconds, Stopping threads took: 0.0000970 seconds
165.734: Application time: 0.0600950 seconds
165.734: [GC165.734: [ParNew: 36777K->4136K(37632K), 0.0011610 secs] 116614K->83973K(121024K), 0.0011920 secs] [Times: user=0.01 sys=0.00, real=0.00 secs] 
165.735: Total time for which application threads were stopped: 0.0013380 seconds, Stopping threads took: 0.0000910 seconds
165.795: Application time: 0.0593970 seconds
165.795: [GC165.795: [ParNew: 36831K->4117K(37632K), 0.0016710 secs] 116668K->86002K(121024K), 0.0017020 secs] [Times: user=0.02 sys=0.00, real=0.00 secs] 
165.796: Total time for which application threads were stopped: 0.0018180 seconds, Stopping threads took: 0.0000600 seconds
165.856: Application time: 0.0596250 seconds
165.856: [GC165.856: [ParNew: 36762K->4133K(37632K), 0.0016090 secs] 118647K->87042K(121024K), 0.0016390 secs] [Times: user=0.01 sys=0.00, real=0.00 secs] 
165.858: Total time for which application threads were stopped: 0.0017550 seconds, Stopping threads took: 0.0000610 seconds
165.918: Application time: 0.0604420 seconds
165.918: [GC165.918: [ParNew: 36798K->4120K(37632K), 0.0011540 secs] 119707K->87030K(121024K), 0.0011860 secs] [Times: user=0.00 sys=0.00, real=0.01 secs] 
165.920: Total time for which application threads were stopped: 0.0013290 seconds, Stopping threads took: 0.0000890 seconds
165.979: Application time: 0.0595510 seconds
165.979: [GC165.979: [ParNew: 37010K->4154K(37632K), 0.0016730 secs]165.981: [Tenured: 84989K->13019K(85448K), 0.0085780 secs] 119919K->13019K(123080K), [Perm : 5528K->5528K(21248K)], 0.0103930 secs] [Times: user=0.02 sys=0.00, real=0.00 secs] 
165.990: Total time for which application threads were stopped: 0.0105340 seconds, Stopping threads took: 0.0000760 seconds
166.052: Application time: 0.0624190 seconds
166.052: [GC166.052: [ParNew: 32945K->4159K(37632K), 0.0011420 secs] 45965K->17187K(121024K), 0.0011730 secs] [Times: user=0.01 sys=0.00, real=0.00 secs] 
166.053: Total time for which application threads were stopped: 0.0013030 seconds, Stopping threads took: 0.0000740 seconds
166.112: Application time: 0.0589900 seconds
166.113: [GC166.113: [ParNew: 37145K->4157K(37632K), 0.0013770 secs] 50172K->18305K(121024K), 0.0014080 secs] [Times: user=0.01 sys=0.00, real=0.00 secs] 
166.114: Total time for which application threads were stopped: 0.0015530 seconds, Stopping threads took: 0.0000830 seconds
166.176: Application time: 0.0620510 seconds
166.176: [GC166.176: [ParNew: 37280K->4157K(37632K), 0.0017450 secs] 51427K->20445K(121024K), 0.0017770 secs] [Times: user=0.02 sys=0.00, real=0.00 secs] 
166.178: Total time for which application threads were stopped: 0.0019160 seconds, Stopping threads took: 0.0000820 seconds
166.237: Application time: 0.0594210 seconds
166.239: [GC166.239: [ParNew: 36971K->4132K(37632K), 0.0017170 secs] 53259K->22548K(121024K), 0.0017490 secs] [Times: user=0.01 sys=0.00, real=0.00 secs] 
166.240: Total time for which application threads were stopped: 0.0031000 seconds, Stopping threads took: 0.0012950 seconds
166.307: Application time: 0.0665070 seconds
166.307: [GC166.307: [ParNew: 37141K->4150K(37632K), 0.0010780 secs] 55557K->22566K(121024K), 0.0011100 secs] [Times: user=0.01 sys=0.00, real=0.00 secs] 
166.308: Total time for which application threads were stopped: 0.0012540 seconds, Stopping threads took: 0.0000800 seconds
166.367: Application time: 0.0592140 seconds
166.368: [GC166.368: [ParNew: 37622K->4116K(37632K), 0.0014290 secs] 56038K->23556K(121024K), 0.0014620 secs] [Times: user=0.01 sys=0.00, real=0.00 secs] 
166.369: Total time for which application threads were stopped: 0.0016060 seconds, Stopping threads took: 0.0000860 seconds
166.431: Application time: 0.0622230 seconds
166.431: [GC166.431: [ParNew: 36884K->4118K(37632K), 0.0014130 secs] 56324K->24582K(121024K), 0.0014460 secs] [Times: user=0.01 sys=0.00, real=0.00 secs] 
166.433: Total time for which application threads were stopped: 0.0015690 seconds, Stopping threads took: 0.0000630 seconds
166.494: Application time: 0.0615010 seconds
166.494: [GC166.494: [ParNew: 36915K->4131K(37632K), 0.0017050 secs] 57379K->26643K(121024K), 0.0017410 secs] [Times: user=0.01 sys=0.00, real=0.00 secs] 
166.496: Total time for which application threads were stopped: 0.0018750 seconds, Stopping threads took: 0.0000730 seconds
166.556: Application time: 0.0594940 seconds
166.556: [GC166.556: [ParNew: 37603K->4135K(37632K), 0.0014250 secs] 60115K->27671K(121024K), 0.0014560 secs] [Times: user=0.01 sys=0.00, real=0.00 secs] 
166.557: Total time for which application threads were stopped: 0.0015680 seconds, Stopping threads took: 0.0000550 seconds
166.616: Application time: 0.0584440 seconds
166.616: [GC166.616: [ParNew: 36753K->4116K(37632K), 0.0018070 secs] 60289K->29700K(121024K), 0.0018430 secs] [Times: user=0.02 sys=0.00, real=0.00 secs] 
166.618: Total time for which application threads were stopped: 0.0019760 seconds, Stopping threads took: 0.0000660 seconds
166.682: Application time: 0.0647340 seconds
166.683: [GC166.683: [ParNew: 37299K->4159K(37632K), 0.0014710 secs] 62882K->30803K(121024K), 0.0015060 secs] [Times: user=0.01 sys=0.00, real=0.00 secs] 
166.684: Total time for which application threads were stopped: 0.0016410 seconds, Stopping threads took: 0.0000770 seconds
166.740: Application time: 0.0558960 seconds
166.740: [GC166.740: [ParNew: 36843K->4159K(37632K), 0.0016030 secs] 63487K->31883K(121024K), 0.0016340 secs] [Times: user=0.01 sys=0.00, real=0.00 secs] 
166.742: Total time for which application threads were stopped: 0.0017630 seconds, Stopping threads took: 0.0000720 seconds
166.807: Application time: 0.0653190 seconds
166.807: [GC166.807: [ParNew: 37526K->4158K(37632K), 0.0013000 secs] 65250K->33050K(121024K), 0.0013310 secs] [Times: user=0.01 sys=0.00, real=0.00 secs] 
166.809: Total time for which application threads were stopped: 0.0014470 seconds, Stopping threads took: 0.0000630 seconds
166.865: Application time: 0.0560750 seconds
166.865: [GC166.865: [ParNew: 36925K->4140K(37632K), 0.0020270 secs] 65817K->36168K(121024K), 0.0020630 secs] [Times: user=0.02 sys=0.00, real=0.00 secs] 
166.867: Total time for which application threads were stopped: 0.0022100 seconds, Stopping threads took: 0.0000890 seconds
166.932: Application time: 0.0651440 seconds
166.932: [GC166.932: [ParNew: 37146K->4114K(37632K), 0.0016100 secs] 69175K->38255K(121024K), 0.0016420 secs] [Times: user=0.01 sys=0.00, real=0.00 secs] 
166.934: Total time for which application threads were stopped: 0.0017570 seconds, Stopping threads took: 0.0000610 seconds
166.994: Application time: 0.0607050 seconds
166.995: [GC166.995: [ParNew: 36953K->4134K(37632K), 0.0013890 secs] 71093K->39298K(121024K), 0.0014210 secs] [Times: user=0.00 sys=0.01, real=0.00 secs] 
166.996: Total time for which application threads were stopped: 0.0015460 seconds, Stopping threads took: 0.0000680 seconds
167.058: Application time: 0.0625300 seconds
167.059: [GC167.059: [ParNew: 36900K->4149K(37632K), 0.0011820 secs] 72064K->39314K(121024K), 0.0012120 secs] [Times: user=0.01 sys=0.00, real=0.00 secs] 
167.060: Total time for which application threads were stopped: 0.0013640 seconds, Stopping threads took: 0.0000920 seconds
167.121: Application time: 0.0615360 seconds
167.122: [GC167.122: [ParNew: 36702K->3099K(37632K), 0.0008350 secs] 71867K->38264K(121024K), 0.0008720 secs] [Times: user=0.00 sys=0.00, real=0.00 secs] 
167.122: Total time for which application threads were stopped: 0.0010240 seconds, Stopping threads took: 0.0000900 seconds
167.185: Application time: 0.0622830 seconds
167.187: [GC167.187: [ParNew: 35794K->3114K(37632K), 0.0008330 secs] 70958K->38278K(121024K), 0.0008600 secs] [Times: user=0.01 sys=0.00, real=0.00 secs] 
167.188: Total time for which application threads were stopped: 0.0029790 seconds, Stopping threads took: 0.0020450 seconds
167.246: Application time: 0.0578860 seconds
167.246: [GC167.246: [ParNew: 36586K->4133K(37632K), 0.0015800 secs] 71750K->40321K(121024K), 0.0016120 secs] [Times: user=0.01 sys=0.00, real=0.00 secs] 
167.247: Total time for which application threads were stopped: 0.0018090 seconds, Stopping threads took: 0.0001430 seconds
167.305: Application time: 0.0575900 seconds
167.305: [GC167.305: [ParNew: 36763K->4118K(37632K), 0.0013880 secs] 72952K->41330K(121024K), 0.0014210 secs] [Times: user=0.01 sys=0.00, real=0.00 secs] 
167.307: Total time for which application threads were stopped: 0.0015840 seconds, Stopping threads took: 0.0001050 seconds
167.367: Application time: 0.0604020 seconds
167.367: [GC167.367: [ParNew: 36901K->4158K(37632K), 0.0015920 secs] 74114K->43442K(121024K), 0.0016270 secs] [Times: user=0.01 sys=0.00, real=0.00 secs] 
167.369: Total time for which application threads were stopped: 0.0018330 seconds, Stopping threads took: 0.0001480 seconds
167.430: Application time: 0.0615680 seconds
167.430: [GC167.430: [ParNew: 37208K->4156K(37632K), 0.0017520 secs] 76492K->45572K(121024K), 0.0017850 secs] [Times: user=0.01 sys=0.00, real=0.01 secs] 
167.432: Total time for which application threads were stopped: 0.0019160 seconds, Stopping threads took: 0.0000760 seconds
167.492: Application time: 0.0597220 seconds
167.492: [GC167.492: [ParNew: 37214K->4152K(37632K), 0.0016810 secs] 78631K->47720K(121024K), 0.0017150 secs] [Times: user=0.01 sys=0.00, real=0.00 secs] 
167.494: Total time for which application threads were stopped: 0.0018690 seconds, Stopping threads took: 0.0000990 seconds
167.556: Application time: 0.0618030 seconds
167.556: [GC167.556: [ParNew: 37249K->4156K(37632K), 0.0013890 secs] 80818K->48852K(121024K), 0.0014210 secs] [Times: user=0.01 sys=0.00, real=0.00 secs] 
167.557: Total time for which application threads were stopped: 0.0015490 seconds, Stopping threads took: 0.0000720 seconds
167.619: Application time: 0.0619680 seconds
167.619: [GC167.619: [ParNew: 37070K->4108K(37632K), 0.0020200 secs] 81766K->51941K(121024K), 0.0020520 secs] [Times: user=0.01 sys=0.00, real=0.00 secs] 
167.621: Total time for which application threads were stopped: 0.0022030 seconds, Stopping threads took: 0.0000930 seconds
167.686: Application time: 0.0650710 seconds
167.687: [GC167.687: [ParNew: 37120K->4113K(37632K), 0.0018890 secs] 84952K->55018K(121024K), 0.0019230 secs] [Times: user=0.01 sys=0.00, real=0.00 secs] 
167.689: Total time for which application threads were stopped: 0.0020660 seconds, Stopping threads took: 0.0000710 seconds
167.749: Application time: 0.0605000 seconds
167.749: [GC167.749: [ParNew: 36838K->4158K(37632K), 0.0012410 secs] 87743K->55095K(121024K), 0.0012730 secs] [Times: user=0.01 sys=0.00, real=0.00 secs] 
167.750: Total time for which application threads were stopped: 0.0014330 seconds, Stopping threads took: 0.0001010 seconds
167.814: Application time: 0.0633970 seconds
167.814: [GC167.814: [ParNew: 36875K->3126K(37632K), 0.0009290 secs] 87812K->54062K(121024K), 0.0009580 secs] [Times: user=0.00 sys=0.00, real=0.00 secs] 
167.815: Total time for which application threads were stopped: 0.0011010 seconds, Stopping threads took: 0.0000900 seconds
167.876: Application time: 0.0605700 seconds
167.876: [GC167.876: [ParNew: 36586K->4123K(37632K), 0.0011170 secs] 87522K->55060K(121024K), 0.0011480 secs] [Times: user=0.00 sys=0.00, real=0.00 secs] 
167.877: Total time for which application threads were stopped: 0.0012700 seconds, Stopping threads took: 0.0000670 seconds
167.936: Application time: 0.0594890 seconds
167.936: [GC167.936: [ParNew: 36727K->4134K(37632K), 0.0015990 secs] 87664K->57119K(121024K), 0.0016400 secs] [Times: user=0.01 sys=0.00, real=0.00 secs] 
167.938: Total time for which application threads were stopped: 0.0017750 seconds, Stopping threads took: 0.0000780 seconds
167.997: Application time: 0.0589370 seconds
167.997: [GC167.997: [ParNew: 36809K->4146K(37632K), 0.0011880 secs] 89794K->57131K(121024K), 0.0012180 secs] [Times: user=0.01 sys=0.00, real=0.00 secs] 
167.998: Total time for which application threads were stopped: 0.0013590 seconds, Stopping threads took: 0.0000870 seconds
168.059: Application time: 0.0601530 seconds
168.059: [GC168.059: [ParNew: 36986K->4157K(37632K), 0.0012420 secs] 89971K->57158K(121024K), 0.0012720 secs] [Times: user=0.01 sys=0.00, real=0.00 secs] 
168.060: Total time for which application threads were stopped: 0.0014450 seconds, Stopping threads took: 0.0001180 seconds
168.119: Application time: 0.0594680 seconds
168.120: [GC168.120: [ParNew: 36857K->4158K(37632K), 0.0016820 secs] 89858K->59279K(121024K), 0.0017130 secs] [Times: user=0.01 sys=0.00, real=0.00 secs] 
168.121: Total time for which application threads were stopped: 0.0018560 seconds, Stopping threads took: 0.0000870 seconds
168.181: Application time: 0.0596700 seconds
168.181: [GC168.181: [ParNew: 37298K->4158K(37632K), 0.0016710 secs] 92419K->61439K(121024K), 0.0017050 secs] [Times: user=0.01 sys=0.00, real=0.00 secs] 
168.183: Total time for which application threads were stopped: 0.0018290 seconds, Stopping threads took: 0.0000690 seconds
168.241: Application time: 0.0585470 seconds
168.242: [GC168.242: [ParNew: 37239K->4152K(37632K), 0.0019830 secs] 94520K->64617K(121024K), 0.0020190 secs] [Times: user=0.01 sys=0.00, real=0.00 secs] 
168.244: Total time for which application threads were stopped: 0.0021670 seconds, Stopping threads took: 0.0000770 seconds
168.307: Application time: 0.0636480 seconds
168.307: [GC168.307: [ParNew: 37121K->4110K(37632K), 0.0020360 secs] 97586K->67735K(121024K), 0.0020720 secs] [Times: user=0.01 sys=0.00, real=0.00 secs] 
168.309: Total time for which application threads were stopped: 0.0022010 seconds, Stopping threads took: 0.0000700 seconds
168.373: Application time: 0.0639100 seconds
168.373: [GC168.373: [ParNew: 37008K->4117K(37632K), 0.0017460 secs] 100634K->69790K(121024K), 0.0017810 secs] [Times: user=0.02 sys=0.00, real=0.00 secs] 
168.375: Total time for which application threads were stopped: 0.0019460 seconds, Stopping threads took: 0.0001070 seconds
168.439: Application time: 0.0633790 seconds
168.439: [GC168.439: [ParNew: 36982K->4133K(37632K), 0.0014060 secs] 102655K->70830K(121024K), 0.0014420 secs] [Times: user=0.02 sys=0.00, real=0.00 secs] 
168.440: Total time for which application threads were stopped: 0.0015700 seconds, Stopping threads took: 0.0000680 seconds
168.503: Application time: 0.0627970 seconds
168.503: [GC168.503: [ParNew: 36847K->3123K(37632K), 0.0008750 secs] 103545K->69821K(121024K), 0.0009050 secs] [Times: user=0.00 sys=0.00, real=0.00 secs] 
168.504: Total time for which application threads were stopped: 0.0010200 seconds, Stopping threads took: 0.0000590 seconds
168.565: Application time: 0.0614060 seconds
168.566: [GC168.566: [ParNew: 36595K->4149K(37632K), 0.0010580 secs] 103293K->70847K(121024K), 0.0010880 secs] [Times: user=0.01 sys=0.01, real=0.00 secs] 
168.567: Total time for which application threads were stopped: 0.0012210 seconds, Stopping threads took: 0.0000780 seconds
168.625: Application time: 0.0587790 seconds
168.626: [GC168.626: [ParNew: 37621K->4114K(37632K), 0.0019610 secs] 104319K->73883K(121024K), 0.0019960 secs] [Times: user=0.01 sys=0.00, real=0.00 secs] 
168.628: Total time for which application threads were stopped: 0.0021170 seconds, Stopping threads took: 0.0000610 seconds
168.687: Application time: 0.0594270 seconds
168.687: [GC168.687: [ParNew: 36994K->4115K(37632K), 0.0017870 secs] 106763K->75932K(121024K), 0.0018200 secs] [Times: user=0.01 sys=0.00, real=0.00 secs] 
168.689: Total time for which application threads were stopped: 0.0019620 seconds, Stopping threads took: 0.0000760 seconds
168.749: Application time: 0.0604490 seconds
168.750: [GC168.750: [ParNew: 37072K->4159K(37632K), 0.0015800 secs] 108890K->77053K(121024K), 0.0016120 secs] [Times: user=0.01 sys=0.00, real=0.01 secs] 
168.751: Total time for which application threads were stopped: 0.0017530 seconds, Stopping threads took: 0.0000750 seconds
168.814: Application time: 0.0628920 seconds
168.814: [GC168.814: [ParNew: 37037K->4159K(37632K), 0.0011840 secs] 109931K->77100K(121024K), 0.0012190 secs] [Times: user=0.01 sys=0.00, real=0.00 secs] 
168.815: Total time for which application threads were stopped: 0.0013480 seconds, Stopping threads took: 0.0000720 seconds
168.873: Application time: 0.0580640 seconds
168.874: [GC168.874: [ParNew: 37034K->4158K(37632K), 0.0016900 secs] 109976K->79259K(121024K), 0.0017240 secs] [Times: user=0.01 sys=0.00, real=0.00 secs] 
168.875: Total time for which application threads were stopped: 0.0018520 seconds, Stopping threads took: 0.0000690 seconds
168.941: Application time: 0.0660940 seconds
168.942: [GC168.942: [ParNew: 37356K->4152K(37632K), 0.0031270 secs] 112457K->81398K(121024K), 0.0031640 secs] [Times: user=0.02 sys=0.00, real=0.00 secs] 
168.945: Total time for which application threads were stopped: 0.0032910 seconds, Stopping threads took: 0.0000710 seconds
169.002: Application time: 0.0568750 seconds
169.002: [GC169.002: [ParNew: 36918K->4110K(37632K), 0.0020190 secs] 114163K->84524K(121024K), 0.0020540 secs] [Times: user=0.02 sys=0.00, real=0.00 secs] 
169.004: Total time for which application threads were stopped: 0.0022140 seconds, Stopping threads took: 0.0001040 seconds
169.068: Application time: 0.0639620 seconds
169.068: [GC169.068: [ParNew: 37086K->4120K(37632K), 0.0019980 secs]169.070: [Tenured: 83485K->14180K(84420K), 0.0088440 secs] 117499K->14180K(122052K), [Perm : 5528K->5528K(21248K)], 0.0109260 secs] [Times: user=0.03 sys=0.00, real=0.02 secs] 
169.079: Total time for which application threads were stopped: 0.0110920 seconds, Stopping threads took: 0.0001010 seconds
169.143: Application time: 0.0636660 seconds
169.143: [GC169.143: [ParNew: 32867K->4128K(37632K), 0.0012000 secs] 47048K->18309K(121024K), 0.0012260 secs] [Times: user=0.00 sys=0.00, real=0.00 secs] 
169.144: Total time for which application threads were stopped: 0.0015670 seconds, Stopping threads took: 0.0002890 seconds
169.211: Application time: 0.0670890 seconds
169.215: [GC169.215: [ParNew: 37120K->3140K(37632K), 0.0008200 secs] 51301K->17321K(121024K), 0.0008510 secs] [Times: user=0.01 sys=0.00, real=0.00 secs] 
169.216: Total time for which application threads were stopped: 0.0043430 seconds, Stopping threads took: 0.0034390 seconds
169.272: Application time: 0.0565700 seconds
169.272: [GC169.272: [ParNew: 36007K->2082K(37632K), 0.0006060 secs] 50188K->16263K(121024K), 0.0006340 secs] [Times: user=0.01 sys=0.00, real=0.00 secs] 
169.273: Total time for which application threads were stopped: 0.0008120 seconds, Stopping threads took: 0.0001150 seconds
169.328: Application time: 0.0553660 seconds
169.328: [GC169.328: [ParNew: 34689K->4112K(37632K), 0.0019160 secs] 48870K->21365K(121024K), 0.0019510 secs] [Times: user=0.01 sys=0.00, real=0.00 secs] 
169.330: Total time for which application threads were stopped: 0.0021250 seconds, Stopping threads took: 0.0001150 seconds
169.390: Application time: 0.0597450 seconds
169.390: [GC169.390: [ParNew: 37016K->4112K(37632K), 0.0016540 secs] 54269K->23413K(121024K), 0.0016870 secs] [Times: user=0.01 sys=0.00, real=0.01 secs] 
169.392: Total time for which application threads were stopped: 0.0018230 seconds, Stopping threads took: 0.0000780 seconds
169.459: Application time: 0.0671030 seconds
169.463: [GC169.463: [ParNew: 37326K->3182K(37632K), 0.0008880 secs] 56627K->22483K(121024K), 0.0009200 secs] [Times: user=0.01 sys=0.00, real=0.00 secs] 
169.464: Total time for which application threads were stopped: 0.0045200 seconds, Stopping threads took: 0.0035470 seconds
169.526: Application time: 0.0627430 seconds
169.526: [GC169.527: [ParNew: 35992K->4159K(37632K), 0.0010710 secs] 55293K->23548K(121024K), 0.0011120 secs] [Times: user=0.00 sys=0.00, real=0.00 secs] 
169.528: Total time for which application threads were stopped: 0.0012640 seconds, Stopping threads took: 0.0001000 seconds
169.587: Application time: 0.0595140 seconds
169.587: [GC169.587: [ParNew: 37229K->4158K(37632K), 0.0013980 secs] 56618K->24723K(121024K), 0.0014300 secs] [Times: user=0.01 sys=0.00, real=0.00 secs] 
169.589: Total time for which application threads were stopped: 0.0015610 seconds, Stopping threads took: 0.0000780 seconds
169.650: Application time: 0.0616150 seconds
169.650: [GC169.650: [ParNew: 37127K->4158K(37632K), 0.0017090 secs] 57692K->26859K(121024K), 0.0017450 secs] [Times: user=0.01 sys=0.01, real=0.01 secs] 
169.652: Total time for which application threads were stopped: 0.0019030 seconds, Stopping threads took: 0.0000990 seconds
169.713: Application time: 0.0602930 seconds
169.713: [GC169.713: [ParNew: 36882K->4118K(37632K), 0.0015970 secs] 59584K->28915K(121024K), 0.0016310 secs] [Times: user=0.01 sys=0.00, real=0.00 secs] 
169.714: Total time for which application threads were stopped: 0.0017580 seconds, Stopping threads took: 0.0000710 seconds
169.776: Application time: 0.0613280 seconds
169.776: [GC169.776: [ParNew: 37019K->4130K(37632K), 0.0014620 secs] 61816K->29952K(121024K), 0.0014930 secs] [Times: user=0.01 sys=0.00, real=0.00 secs] 
169.777: Total time for which application threads were stopped: 0.0016610 seconds, Stopping threads took: 0.0001040 seconds
169.842: Application time: 0.0651750 seconds
169.843: [GC169.843: [ParNew: 37093K->4127K(37632K), 0.0014270 secs] 62915K->30973K(121024K), 0.0014650 secs] [Times: user=0.01 sys=0.00, real=0.00 secs] 
169.844: Total time for which application threads were stopped: 0.0016040 seconds, Stopping threads took: 0.0000840 seconds
169.904: Application time: 0.0604200 seconds
169.905: [GC169.905: [ParNew: 37599K->4135K(37632K), 0.0011520 secs] 64445K->30980K(121024K), 0.0011820 secs] [Times: user=0.01 sys=0.00, real=0.00 secs] 
169.906: Total time for which application threads were stopped: 0.0013080 seconds, Stopping threads took: 0.0000710 seconds
169.968: Application time: 0.0618500 seconds
169.968: [GC169.968: [ParNew: 36699K->3114K(37632K), 0.0009030 secs] 63545K->29959K(121024K), 0.0009280 secs] [Times: user=0.01 sys=0.00, real=0.00 secs] 
169.969: Total time for which application threads were stopped: 0.0010470 seconds, Stopping threads took: 0.0000670 seconds
170.024: Application time: 0.0553060 seconds
170.024: [GC170.024: [ParNew: 36532K->4110K(37632K), 0.0020860 secs] 63377K->34027K(121024K), 0.0021170 secs] [Times: user=0.01 sys=0.00, real=0.00 secs] 
170.026: Total time for which application threads were stopped: 0.0023180 seconds, Stopping threads took: 0.0001440 seconds
170.086: Application time: 0.0598750 seconds
170.086: [GC170.086: [ParNew: 37050K->4114K(37632K), 0.0020330 secs] 66967K->37103K(121024K), 0.0020700 secs] [Times: user=0.02 sys=0.00, real=0.00 secs] 
170.088: Total time for which application threads were stopped: 0.0022170 seconds, Stopping threads took: 0.0000870 seconds
170.154: Application time: 0.0659750 seconds
170.154: [GC170.155: [ParNew: 37323K->4159K(37632K), 0.0011310 secs] 70313K->37204K(121024K), 0.0011620 secs] [Times: user=0.00 sys=0.01, real=0.00 secs] 
170.156: Total time for which application threads were stopped: 0.0012770 seconds, Stopping threads took: 0.0000600 seconds
170.213: Application time: 0.0573200 seconds
170.213: [GC170.213: [ParNew: 36751K->4144K(37632K), 0.0013750 secs] 69796K->38261K(121024K), 0.0014080 secs] [Times: user=0.01 sys=0.00, real=0.00 secs] 
170.215: Total time for which application threads were stopped: 0.0015440 seconds, Stopping threads took: 0.0000780 seconds
170.278: Application time: 0.0639400 seconds
170.279: [GC170.279: [ParNew: 37399K->4158K(37632K), 0.0017430 secs] 71517K->40451K(121024K), 0.0017770 secs] [Times: user=0.01 sys=0.00, real=0.00 secs] 
170.280: Total time for which application threads were stopped: 0.0019200 seconds, Stopping threads took: 0.0000610 seconds
170.337: Application time: 0.0569190 seconds
170.337: [GC170.337: [ParNew: 37005K->4158K(37632K), 0.0017240 secs] 73299K->42603K(121024K), 0.0017600 secs] [Times: user=0.01 sys=0.00, real=0.01 secs] 
170.339: Total time for which application threads were stopped: 0.0019130 seconds, Stopping threads took: 0.0000950 seconds
170.404: Application time: 0.0648230 seconds
170.404: [GC170.404: [ParNew: 37077K->4112K(37632K), 0.0015940 secs] 75523K->44662K(121024K), 0.0016260 secs] [Times: user=0.01 sys=0.00, real=0.00 secs] 
170.406: Total time for which application threads were stopped: 0.0017710 seconds, Stopping threads took: 0.0000850 seconds
170.466: Application time: 0.0604180 seconds
170.466: [GC170.466: [ParNew: 36933K->4110K(37632K), 0.0016290 secs] 77483K->46707K(121024K), 0.0016610 secs] [Times: user=0.02 sys=0.00, real=0.00 secs] 
170.468: Total time for which application threads were stopped: 0.0017950 seconds, Stopping threads took: 0.0000750 seconds
170.531: Application time: 0.0628260 seconds
170.531: [GC170.531: [ParNew: 36887K->4129K(37632K), 0.0014330 secs] 79485K->47751K(121024K), 0.0014640 secs] [Times: user=0.01 sys=0.00, real=0.00 secs] 
170.532: Total time for which application threads were stopped: 0.0016090 seconds, Stopping threads took: 0.0000880 seconds
170.592: Application time: 0.0592910 seconds
170.592: [GC170.592: [ParNew: 36632K->4129K(37632K), 0.0015120 secs] 80254K->48775K(121024K), 0.0015430 secs] [Times: user=0.01 sys=0.00, real=0.00 secs] 
170.594: Total time for which application threads were stopped: 0.0017260 seconds, Stopping threads took: 0.0001280 seconds
170.657: Application time: 0.0632550 seconds
170.657: [GC170.657: [ParNew: 36911K->4146K(37632K), 0.0012230 secs] 81557K->48792K(121024K), 0.0012530 secs] [Times: user=0.01 sys=0.00, real=0.00 secs] 
170.658: Total time for which application threads were stopped: 0.0013810 seconds, Stopping threads took: 0.0000730 seconds
170.716: Application time: 0.0581330 seconds
170.716: [GC170.716: [ParNew: 37603K->4121K(37632K), 0.0013780 secs] 82249K->49790K(121024K), 0.0014090 secs] [Times: user=0.01 sys=0.00, real=0.00 secs] 
170.718: Total time for which application threads were stopped: 0.0015320 seconds, Stopping threads took: 0.0000650 seconds
170.777: Application time: 0.0595080 seconds
170.777: [GC170.777: [ParNew: 36887K->4112K(37632K), 0.0020110 secs] 82556K->52854K(121024K), 0.0020490 secs] [Times: user=0.01 sys=0.00, real=0.01 secs] 
170.780: Total time for which application threads were stopped: 0.0021850 seconds, Stopping threads took: 0.0000750 seconds
170.843: Application time: 0.0633550 seconds
170.843: [GC170.843: [ParNew: 37279K->4159K(37632K), 0.0017100 secs] 86021K->54973K(121024K), 0.0017430 secs] [Times: user=0.01 sys=0.00, real=0.00 secs] 
170.845: Total time for which application threads were stopped: 0.0018810 seconds, Stopping threads took: 0.0000740 seconds
170.903: Application time: 0.0580350 seconds
170.903: [GC170.903: [ParNew: 36796K->4142K(37632K), 0.0014920 secs] 87610K->56052K(121024K), 0.0015250 secs] [Times: user=0.01 sys=0.00, real=0.00 secs] 
170.904: Total time for which application threads were stopped: 0.0016520 seconds, Stopping threads took: 0.0000690 seconds
170.967: Application time: 0.0626220 seconds
170.967: [GC170.967: [ParNew: 37415K->4154K(37632K), 0.0016940 secs] 89325K->58240K(121024K), 0.0017280 secs] [Times: user=0.01 sys=0.00, real=0.00 secs] 
170.969: Total time for which application threads were stopped: 0.0018800 seconds, Stopping threads took: 0.0000950 seconds
171.029: Application time: 0.0603540 seconds
171.029: [GC171.029: [ParNew: 37108K->4147K(37632K), 0.0016480 secs] 91194K->60357K(121024K), 0.0016840 secs] [Times: user=0.01 sys=0.00, real=0.01 secs] 
171.031: Total time for which application threads were stopped: 0.0018280 seconds, Stopping threads took: 0.0000860 seconds
171.092: Application time: 0.0605480 seconds
171.092: [GC171.092: [ParNew: 36896K->4115K(37632K), 0.0016240 secs] 93106K->62429K(121024K), 0.0016640 secs] [Times: user=0.01 sys=0.00, real=0.00 secs] 
171.093: Total time for which application threads were stopped: 0.0017950 seconds, Stopping threads took: 0.0000710 seconds
171.156: Application time: 0.0623510 seconds
171.156: [GC171.156: [ParNew: 36975K->4136K(37632K), 0.0011580 secs] 95289K->62450K(121024K), 0.0011890 secs] [Times: user=0.01 sys=0.00, real=0.00 secs] 
171.157: Total time for which application threads were stopped: 0.0013430 seconds, Stopping threads took: 0.0000990 seconds
171.218: Application time: 0.0608350 seconds
171.218: [GC171.218: [ParNew: 36783K->4129K(37632K), 0.0014590 secs] 95098K->63467K(121024K), 0.0014910 secs] [Times: user=0.01 sys=0.00, real=0.01 secs] 
171.220: Total time for which application threads were stopped: 0.0017300 seconds, Stopping threads took: 0.0001820 seconds
171.281: Application time: 0.0612850 seconds
171.281: [GC171.281: [ParNew: 36675K->4151K(37632K), 0.0011610 secs] 96013K->63489K(121024K), 0.0011900 secs] [Times: user=0.01 sys=0.00, real=0.00 secs] 
171.282: Total time for which application threads were stopped: 0.0013090 seconds, Stopping threads took: 0.0000630 seconds
171.341: Application time: 0.0591180 seconds
171.342: [GC171.342: [ParNew: 36628K->4137K(37632K), 0.0011280 secs] 95967K->63475K(121024K), 0.0011620 secs] [Times: user=0.00 sys=0.00, real=0.00 secs] 
171.343: Total time for which application threads were stopped: 0.0013060 seconds, Stopping threads took: 0.0000880 seconds
171.400: Application time: 0.0571200 seconds
171.400: [GC171.400: [ParNew: 36812K->4116K(37632K), 0.0017270 secs] 96151K->65502K(121024K), 0.0017580 secs] [Times: user=0.01 sys=0.00, real=0.00 secs] 
171.402: Total time for which application threads were stopped: 0.0018980 seconds, Stopping threads took: 0.0000740 seconds
171.465: Application time: 0.0627160 seconds
171.465: [GC171.465: [ParNew: 37014K->4110K(37632K), 0.0019360 secs] 98400K->68568K(121024K), 0.0019690 secs] [Times: user=0.01 sys=0.00, real=0.00 secs] 
171.467: Total time for which application threads were stopped: 0.0020970 seconds, Stopping threads took: 0.0000620 seconds
171.525: Application time: 0.0586090 seconds
171.525: [GC171.525: [ParNew: 37053K->4156K(37632K), 0.0016990 secs] 101512K->70678K(121024K), 0.0017330 secs] [Times: user=0.02 sys=0.00, real=0.00 secs] 
171.527: Total time for which application threads were stopped: 0.0018800 seconds, Stopping threads took: 0.0000870 seconds
171.592: Application time: 0.0644670 seconds
171.592: [GC171.592: [ParNew: 37235K->4144K(37632K), 0.0014120 secs] 103757K->71770K(121024K), 0.0014420 secs] [Times: user=0.01 sys=0.00, real=0.00 secs] 
171.593: Total time for which application threads were stopped: 0.0015750 seconds, Stopping threads took: 0.0000770 seconds
171.652: Application time: 0.0584190 seconds
171.652: [GC171.652: [ParNew: 37204K->4158K(37632K), 0.0018240 secs] 104831K->73960K(121024K), 0.0018580 secs] [Times: user=0.01 sys=0.00, real=0.00 secs] 
171.654: Total time for which application threads were stopped: 0.0020120 seconds, Stopping threads took: 0.0000950 seconds
171.718: Application time: 0.0646720 seconds
171.718: [GC171.718: [ParNew: 37176K->4146K(37632K), 0.0013540 secs] 106979K->75069K(121024K), 0.0013870 secs] [Times: user=0.01 sys=0.00, real=0.01 secs] 
171.720: Total time for which application threads were stopped: 0.0015220 seconds, Stopping threads took: 0.0000810 seconds
171.780: Application time: 0.0605660 seconds
171.780: [GC171.781: [ParNew: 36872K->4136K(37632K), 0.0014400 secs] 107794K->76131K(121024K), 0.0014730 secs] [Times: user=0.01 sys=0.00, real=0.00 secs] 
171.782: Total time for which application threads were stopped: 0.0016450 seconds, Stopping threads took: 0.0001140 seconds
171.843: Application time: 0.0605370 seconds
171.847: [GC171.847: [ParNew: 36736K->4152K(37632K), 0.0013010 secs] 108731K->76147K(121024K), 0.0013320 secs] [Times: user=0.01 sys=0.00, real=0.00 secs] 
171.848: Total time for which application threads were stopped: 0.0054860 seconds, Stopping threads took: 0.0040990 seconds
171.910: Application time: 0.0620160 seconds
171.910: [GC171.910: [ParNew: 36853K->4152K(37632K), 0.0013460 secs] 108848K->76147K(121024K), 0.0013860 secs] [Times: user=0.01 sys=0.00, real=0.01 secs] 
171.912: Total time for which application threads were stopped: 0.0015170 seconds, Stopping threads took: 0.0000650 seconds
171.972: Application time: 0.0602330 seconds
171.972: [GC171.972: [ParNew: 36779K->4114K(37632K), 0.0013570 secs] 108773K->77133K(121024K), 0.0013910 secs] [Times: user=0.01 sys=0.00, real=0.00 secs] 
171.973: Total time for which application threads were stopped: 0.0015610 seconds, Stopping threads took: 0.0001120 seconds
172.033: Application time: 0.0593060 seconds
172.033: [GC172.033: [ParNew: 36633K->4120K(37632K), 0.0014330 secs] 109651K->78163K(121024K), 0.0014690 secs] [Times: user=0.01 sys=0.00, real=0.00 secs] 
172.034: Total time for which application threads were stopped: 0.0015900 seconds, Stopping threads took: 0.0000620 seconds
172.095: Application time: 0.0605100 seconds
172.095: [GC172.095: [ParNew: 36818K->4112K(37632K), 0.0018520 secs] 110861K->81227K(121024K), 0.0018830 secs] [Times: user=0.02 sys=0.00, real=0.00 secs] 
172.097: Total time for which application threads were stopped: 0.0020110 seconds, Stopping threads took: 0.0000730 seconds
172.155: Application time: 0.0580010 seconds
172.155: [GC172.155: [ParNew: 36809K->4114K(37632K), 0.0017060 secs] 113924K->83277K(121024K), 0.0017400 secs] [Times: user=0.02 sys=0.00, real=0.00 secs] 
172.157: Total time for which application threads were stopped: 0.0018970 seconds, Stopping threads took: 0.0001000 seconds
172.219: Application time: 0.0621750 seconds
172.219: [GC172.219: [ParNew: 37242K->4156K(37632K), 0.0016340 secs] 116405K->85383K(121024K), 0.0016690 secs] [Times: user=0.02 sys=0.00, real=0.00 secs] 
172.221: Total time for which application threads were stopped: 0.0017870 seconds, Stopping threads took: 0.0000590 seconds
172.283: Application time: 0.0625830 seconds
172.283: [GC172.283: [ParNew: 37172K->4142K(37632K), 0.0019470 secs]172.285: [Tenured: 84371K->14367K(84420K), 0.0087900 secs] 118399K->14367K(122052K), [Perm : 5528K->5528K(21248K)], 0.0108510 secs] [Times: user=0.02 sys=0.00, real=0.01 secs] 
172.294: Total time for which application threads were stopped: 0.0110060 seconds, Stopping threads took: 0.0000900 seconds
172.356: Application time: 0.0620580 seconds
172.356: [GC172.356: [ParNew: 33311K->4158K(37632K), 0.0017070 secs] 47678K->20658K(121024K), 0.0017430 secs] [Times: user=0.01 sys=0.00, real=0.00 secs] 
172.358: Total time for which application threads were stopped: 0.0018760 seconds, Stopping threads took: 0.0000750 seconds
172.419: Application time: 0.0610650 seconds
172.419: [GC172.419: [ParNew: 37061K->4143K(37632K), 0.0016440 secs] 53561K->22767K(121024K), 0.0016780 secs] [Times: user=0.01 sys=0.00, real=0.00 secs] 
172.421: Total time for which application threads were stopped: 0.0018170 seconds, Stopping threads took: 0.0000750 seconds
172.484: Application time: 0.0629180 seconds
172.484: [GC172.484: [ParNew: 36949K->4132K(37632K), 0.0013940 secs] 55573K->23836K(121024K), 0.0014260 secs] [Times: user=0.01 sys=0.00, real=0.00 secs] 
172.486: Total time for which application threads were stopped: 0.0015580 seconds, Stopping threads took: 0.0000770 seconds
172.547: Application time: 0.0616460 seconds
172.547: [GC172.547: [ParNew: 36754K->4139K(37632K), 0.0011230 secs] 56458K->23843K(121024K), 0.0011540 secs] [Times: user=0.01 sys=0.00, real=0.00 secs] 
172.548: Total time for which application threads were stopped: 0.0012860 seconds, Stopping threads took: 0.0000750 seconds
172.608: Application time: 0.0593620 seconds
172.608: [GC172.608: [ParNew: 36593K->4133K(37632K), 0.0014330 secs] 56297K->24861K(121024K), 0.0014660 secs] [Times: user=0.01 sys=0.00, real=0.00 secs] 
172.609: Total time for which application threads were stopped: 0.0015950 seconds, Stopping threads took: 0.0000700 seconds
172.670: Application time: 0.0603720 seconds
172.670: [GC172.670: [ParNew: 36730K->4151K(37632K), 0.0012300 secs] 57457K->24879K(121024K), 0.0012680 secs] [Times: user=0.01 sys=0.00, real=0.01 secs] 
172.671: Total time for which application threads were stopped: 0.0013930 seconds, Stopping threads took: 0.0000710 seconds
172.727: Application time: 0.0558610 seconds
172.727: [GC172.727: [ParNew: 37610K->4114K(37632K), 0.0020270 secs] 58338K->27914K(121024K), 0.0020620 secs] [Times: user=0.01 sys=0.00, real=0.00 secs] 
172.729: Total time for which application threads were stopped: 0.0022010 seconds, Stopping threads took: 0.0000820 seconds
172.792: Application time: 0.0626060 seconds
172.792: [GC172.792: [ParNew: 37071K->4112K(37632K), 0.0019160 secs] 60871K->30984K(121024K), 0.0019520 secs] [Times: user=0.02 sys=0.00, real=0.00 secs] 
172.794: Total time for which application threads were stopped: 0.0020780 seconds, Stopping threads took: 0.0000680 seconds
172.852: Application time: 0.0582430 seconds
172.852: [GC172.852: [ParNew: 36817K->4119K(37632K), 0.0014220 secs] 63689K->32015K(121024K), 0.0014560 secs] [Times: user=0.01 sys=0.00, real=0.00 secs] 
172.854: Total time for which application threads were stopped: 0.0016070 seconds, Stopping threads took: 0.0000940 seconds
172.918: Application time: 0.0639820 seconds
172.918: [GC172.918: [ParNew: 37297K->4155K(37632K), 0.0016450 secs] 65193K->34115K(121024K), 0.0016800 secs] [Times: user=0.02 sys=0.00, real=0.01 secs] 
172.920: Total time for which application threads were stopped: 0.0018020 seconds, Stopping threads took: 0.0000660 seconds
172.979: Application time: 0.0597450 seconds
172.979: [GC172.979: [ParNew: 37060K->4142K(37632K), 0.0019530 secs] 67020K->37254K(121024K), 0.0019880 secs] [Times: user=0.01 sys=0.00, real=0.00 secs] 
172.981: Total time for which application threads were stopped: 0.0021480 seconds, Stopping threads took: 0.0000950 seconds
173.046: Application time: 0.0642400 seconds
173.046: [GC173.046: [ParNew: 37511K->4157K(37632K), 0.0017330 secs] 70623K->39442K(121024K), 0.0017670 secs] [Times: user=0.02 sys=0.00, real=0.00 secs] 
173.048: Total time for which application threads were stopped: 0.0019040 seconds, Stopping threads took: 0.0000780 seconds
173.109: Application time: 0.0615160 seconds
173.109: [GC173.109: [ParNew: 37073K->4146K(37632K), 0.0017060 secs] 72357K->41566K(121024K), 0.0017390 secs] [Times: user=0.01 sys=0.00, real=0.01 secs] 
173.111: Total time for which application threads were stopped: 0.0018710 seconds, Stopping threads took: 0.0000730 seconds
173.176: Application time: 0.0645810 seconds
173.176: [GC173.176: [ParNew: 37098K->4129K(37632K), 0.0011390 secs] 74518K->41598K(121024K), 0.0011710 secs] [Times: user=0.01 sys=0.00, real=0.00 secs] 
173.177: Total time for which application threads were stopped: 0.0013240 seconds, Stopping threads took: 0.0000960 seconds
173.237: Application time: 0.0601490 seconds
173.237: [GC173.237: [ParNew: 37601K->4132K(37632K), 0.0014330 secs] 75070K->42624K(121024K), 0.0014650 secs] [Times: user=0.01 sys=0.00, real=0.01 secs] 
173.239: Total time for which application threads were stopped: 0.0016090 seconds, Stopping threads took: 0.0000870 seconds
173.300: Application time: 0.0615080 seconds
173.300: [GC173.300: [ParNew: 36762K->4112K(37632K), 0.0011670 secs] 75254K->42605K(121024K), 0.0011980 secs] [Times: user=0.01 sys=0.00, real=0.00 secs] 
173.302: Total time for which application threads were stopped: 0.0013360 seconds, Stopping threads took: 0.0000820 seconds
173.361: Application time: 0.0596880 seconds
173.363: [GC173.363: [ParNew: 36771K->4132K(37632K), 0.0014120 secs] 75263K->43648K(121024K), 0.0014430 secs] [Times: user=0.01 sys=0.00, real=0.00 secs] 
173.364: Total time for which application threads were stopped: 0.0029100 seconds, Stopping threads took: 0.0014100 seconds
173.424: Application time: 0.0596570 seconds
173.424: [GC173.424: [ParNew: 37604K->4121K(37632K), 0.0011580 secs] 77120K->43637K(121024K), 0.0011890 secs] [Times: user=0.00 sys=0.00, real=0.00 secs] 
173.425: Total time for which application threads were stopped: 0.0013230 seconds, Stopping threads took: 0.0000780 seconds
173.488: Application time: 0.0631790 seconds
173.488: [GC173.488: [ParNew: 36954K->4130K(37632K), 0.0009980 secs] 76470K->43646K(121024K), 0.0010370 secs] [Times: user=0.00 sys=0.00, real=0.00 secs] 
173.489: Total time for which application threads were stopped: 0.0011550 seconds, Stopping threads took: 0.0000540 seconds
173.546: Application time: 0.0561050 seconds
173.546: [GC173.546: [ParNew: 36669K->4118K(37632K), 0.0016600 secs] 76185K->45682K(121024K), 0.0016960 secs] [Times: user=0.01 sys=0.00, real=0.00 secs] 
173.547: Total time for which application threads were stopped: 0.0018410 seconds, Stopping threads took: 0.0000890 seconds
173.607: Application time: 0.0596590 seconds
173.607: [GC173.607: [ParNew: 37234K->4152K(37632K), 0.0017090 secs] 78799K->47781K(121024K), 0.0017420 secs] [Times: user=0.01 sys=0.00, real=0.00 secs] 
173.609: Total time for which application threads were stopped: 0.0018890 seconds, Stopping threads took: 0.0000890 seconds
173.672: Application time: 0.0634300 seconds
173.673: [GC173.673: [ParNew: 37220K->4141K(37632K), 0.0015000 secs] 80849K->48869K(121024K), 0.0015340 secs] [Times: user=0.01 sys=0.00, real=0.00 secs] 
173.674: Total time for which application threads were stopped: 0.0016620 seconds, Stopping threads took: 0.0000720 seconds
173.734: Application time: 0.0599790 seconds
173.734: [GC173.734: [ParNew: 37473K->4152K(37632K), 0.0020120 secs] 82201K->52089K(121024K), 0.0020450 secs] [Times: user=0.01 sys=0.00, real=0.00 secs] 
173.736: Total time for which application threads were stopped: 0.0021920 seconds, Stopping threads took: 0.0000880 seconds
173.801: Application time: 0.0652210 seconds
173.802: [GC173.802: [ParNew: 37177K->4149K(37632K), 0.0014360 secs] 85114K->53198K(121024K), 0.0014670 secs] [Times: user=0.01 sys=0.00, real=0.00 secs] 
173.803: Total time for which application threads were stopped: 0.0015990 seconds, Stopping threads took: 0.0000730 seconds
173.866: Application time: 0.0628400 seconds
173.866: [GC173.866: [ParNew: 36914K->4148K(37632K), 0.0013530 secs] 85963K->54277K(121024K), 0.0013840 secs] [Times: user=0.01 sys=0.00, real=0.00 secs] 
173.867: Total time for which application threads were stopped: 0.0015080 seconds, Stopping threads took: 0.0000680 seconds
173.927: Application time: 0.0597120 seconds
173.927: [GC173.927: [ParNew: 37606K->4130K(37632K), 0.0017570 secs] 87735K->56307K(121024K), 0.0017890 secs] [Times: user=0.01 sys=0.00, real=0.00 secs] 
173.929: Total time for which application threads were stopped: 0.0019190 seconds, Stopping threads took: 0.0000730 seconds
173.993: Application time: 0.0639950 seconds
173.993: [GC173.993: [ParNew: 37000K->4129K(37632K), 0.0014010 secs] 89177K->57330K(121024K), 0.0014430 secs] [Times: user=0.01 sys=0.00, real=0.00 secs] 
173.995: Total time for which application threads were stopped: 0.0015820 seconds, Stopping threads took: 0.0000760 seconds
174.054: Application time: 0.0592970 seconds
174.054: [GC174.054: [ParNew: 36756K->4128K(37632K), 0.0017070 secs] 89957K->59377K(121024K), 0.0017410 secs] [Times: user=0.01 sys=0.00, real=0.00 secs] 
174.056: Total time for which application threads were stopped: 0.0018610 seconds, Stopping threads took: 0.0000640 seconds
174.116: Application time: 0.0600030 seconds
174.116: [GC174.116: [ParNew: 36775K->4139K(37632K), 0.0012080 secs] 92024K->59388K(121024K), 0.0012390 secs] [Times: user=0.00 sys=0.00, real=0.00 secs] 
174.117: Total time for which application threads were stopped: 0.0013820 seconds, Stopping threads took: 0.0000870 seconds
174.178: Application time: 0.0604370 seconds
174.178: [GC174.178: [ParNew: 36689K->4154K(37632K), 0.0010850 secs] 91938K->59403K(121024K), 0.0011160 secs] [Times: user=0.01 sys=0.00, real=0.01 secs] 
174.179: Total time for which application threads were stopped: 0.0012400 seconds, Stopping threads took: 0.0000670 seconds
174.238: Application time: 0.0593370 seconds
174.238: [GC174.238: [ParNew: 36787K->4118K(37632K), 0.0012960 secs] 92036K->60391K(121024K), 0.0013350 secs] [Times: user=0.01 sys=0.00, real=0.01 secs] 
174.240: Total time for which application threads were stopped: 0.0014510 seconds, Stopping threads took: 0.0000620 seconds
174.297: Application time: 0.0574140 seconds
174.297: [GC174.297: [ParNew: 37086K->4152K(37632K), 0.0021000 secs] 93359K->63513K(121024K), 0.0021340 secs] [Times: user=0.02 sys=0.00, real=0.01 secs] 
174.299: Total time for which application threads were stopped: 0.0022610 seconds, Stopping threads took: 0.0000710 seconds
174.363: Application time: 0.0634480 seconds
174.363: [GC174.363: [ParNew: 37242K->4143K(37632K), 0.0017710 secs] 96603K->65625K(121024K), 0.0018040 secs] [Times: user=0.01 sys=0.00, real=0.00 secs] 
174.365: Total time for which application threads were stopped: 0.0019260 seconds, Stopping threads took: 0.0000620 seconds
174.427: Application time: 0.0620460 seconds
174.427: [GC174.427: [ParNew: 37485K->4154K(37632K), 0.0017160 secs] 98966K->67827K(121024K), 0.0017490 secs] [Times: user=0.01 sys=0.00, real=0.00 secs] 
174.429: Total time for which application threads were stopped: 0.0019260 seconds, Stopping threads took: 0.0001190 seconds
174.491: Application time: 0.0624230 seconds
174.495: [GC174.495: [ParNew: 37105K->4156K(37632K), 0.0017560 secs] 100779K->69937K(121024K), 0.0017910 secs] [Times: user=0.01 sys=0.00, real=0.00 secs] 
174.497: Total time for which application threads were stopped: 0.0054750 seconds, Stopping threads took: 0.0036140 seconds
174.559: Application time: 0.0627340 seconds
174.559: [GC174.559: [ParNew: 36927K->4130K(37632K), 0.0012280 secs] 102708K->69968K(121024K), 0.0012580 secs] [Times: user=0.01 sys=0.00, real=0.00 secs] 
174.561: Total time for which application threads were stopped: 0.0014270 seconds, Stopping threads took: 0.0001170 seconds
174.621: Application time: 0.0606260 seconds
174.621: [GC174.621: [ParNew: 37602K->4131K(37632K), 0.0014000 secs] 103440K->70992K(121024K), 0.0014340 secs] [Times: user=0.01 sys=0.00, real=0.00 secs] 
174.623: Total time for which application threads were stopped: 0.0015640 seconds, Stopping threads took: 0.0000720 seconds
174.683: Application time: 0.0603670 seconds
174.683: [GC174.683: [ParNew: 36786K->4114K(37632K), 0.0017050 secs] 103647K->73024K(121024K), 0.0017370 secs] [Times: user=0.01 sys=0.00, real=0.00 secs] 
174.685: Total time for which application threads were stopped: 0.0018630 seconds, Stopping threads took: 0.0000690 seconds
174.744: Application time: 0.0591920 seconds
174.744: [GC174.744: [ParNew: 36868K->4134K(37632K), 0.0017880 secs] 105778K->75091K(121024K), 0.0018210 secs] [Times: user=0.02 sys=0.00, real=0.00 secs] 
174.746: Total time for which application threads were stopped: 0.0019480 seconds, Stopping threads took: 0.0000680 seconds
174.810: Application time: 0.0641610 seconds
174.811: [GC174.811: [ParNew: 36934K->4120K(37632K), 0.0011070 secs] 107891K->75078K(121024K), 0.0011430 secs] [Times: user=0.00 sys=0.00, real=0.01 secs] 
174.812: Total time for which application threads were stopped: 0.0012550 seconds, Stopping threads took: 0.0000570 seconds
174.871: Application time: 0.0590850 seconds
174.871: [GC174.871: [ParNew: 36613K->3114K(37632K), 0.0009080 secs] 107571K->74071K(121024K), 0.0009360 secs] [Times: user=0.00 sys=0.00, real=0.00 secs] 
174.872: Total time for which application threads were stopped: 0.0010410 seconds, Stopping threads took: 0.0000530 seconds
174.927: Application time: 0.0552520 seconds
174.927: [GC174.927: [ParNew: 35618K->4118K(37632K), 0.0017620 secs] 106575K->77123K(121024K), 0.0017990 secs] [Times: user=0.02 sys=0.00, real=0.00 secs] 
174.929: Total time for which application threads were stopped: 0.0019350 seconds, Stopping threads took: 0.0000770 seconds
174.990: Application time: 0.0607720 seconds
174.990: [GC174.990: [ParNew: 37222K->4154K(37632K), 0.0020920 secs] 110227K->80247K(121024K), 0.0021290 secs] [Times: user=0.02 sys=0.00, real=0.01 secs] 
174.992: Total time for which application threads were stopped: 0.0022570 seconds, Stopping threads took: 0.0000680 seconds
175.053: Application time: 0.0605520 seconds
175.055: [GC175.055: [ParNew: 37164K->4141K(37632K), 0.0018660 secs] 113257K->82375K(121024K), 0.0019080 secs] [Times: user=0.01 sys=0.00, real=0.00 secs] 
175.057: Total time for which application threads were stopped: 0.0040160 seconds, Stopping threads took: 0.0020390 seconds
175.122: Application time: 0.0655970 seconds
175.122: [GC175.122: [ParNew: 37558K->4157K(37632K), 0.0016430 secs] 115792K->84559K(121024K), 0.0016780 secs] [Times: user=0.00 sys=0.01, real=0.00 secs] 
175.124: Total time for which application threads were stopped: 0.0018150 seconds, Stopping threads took: 0.0000810 seconds
175.185: Application time: 0.0606620 seconds
175.185: [GC175.185: [ParNew: 37062K->4156K(37632K), 0.0017060 secs] 117464K->86702K(121024K), 0.0017500 secs] [Times: user=0.01 sys=0.00, real=0.00 secs] 
175.187: Total time for which application threads were stopped: 0.0018800 seconds, Stopping threads took: 0.0000680 seconds
175.249: Application time: 0.0626710 seconds
175.249: [GC175.249: [ParNew: 36915K->4149K(37632K), 0.0011800 secs] 119461K->86759K(121024K), 0.0012110 secs] [Times: user=0.01 sys=0.00, real=0.01 secs] 
175.251: Total time for which application threads were stopped: 0.0013480 seconds, Stopping threads took: 0.0000810 seconds
175.311: Application time: 0.0601930 seconds
175.311: [GC175.311: [ParNew: 37621K->4137K(37632K), 0.0014780 secs]175.312: [Tenured: 83634K->8736K(84420K), 0.0083090 secs] 120231K->8736K(122052K), [Perm : 5528K->5528K(21248K)], 0.0098680 secs] [Times: user=0.02 sys=0.00, real=0.01 secs] 
175.321: Total time for which application threads were stopped: 0.0099930 seconds, Stopping threads took: 0.0000620 seconds
175.381: Application time: 0.0601650 seconds
175.381: [GC175.381: [ParNew: 32665K->4118K(37632K), 0.0017890 secs] 41402K->14902K(121024K), 0.0018210 secs] [Times: user=0.02 sys=0.00, real=0.00 secs] 
175.383: Total time for which application threads were stopped: 0.0019800 seconds, Stopping threads took: 0.0001010 seconds
175.442: Application time: 0.0594240 seconds
175.443: [GC175.443: [ParNew: 36839K->4130K(37632K), 0.0017420 secs] 47624K->16978K(121024K), 0.0017750 secs] [Times: user=0.02 sys=0.00, real=0.00 secs] 
175.444: Total time for which application threads were stopped: 0.0019300 seconds, Stopping threads took: 0.0000970 seconds
175.509: Application time: 0.0646390 seconds
175.509: [GC175.509: [ParNew: 37032K->4136K(37632K), 0.0013310 secs] 49881K->16984K(121024K), 0.0013610 secs] [Times: user=0.01 sys=0.00, real=0.00 secs] 
175.510: Total time for which application threads were stopped: 0.0014950 seconds, Stopping threads took: 0.0000780 seconds
175.571: Application time: 0.0607150 seconds
175.571: [GC175.571: [ParNew: 36697K->4135K(37632K), 0.0011040 secs] 49545K->16983K(121024K), 0.0011320 secs] [Times: user=0.01 sys=0.00, real=0.00 secs] 
175.572: Total time for which application threads were stopped: 0.0012510 seconds, Stopping threads took: 0.0000550 seconds
175.629: Application time: 0.0561680 seconds
175.629: [GC175.629: [ParNew: 37607K->4112K(37632K), 0.0020490 secs] 50455K->20033K(121024K), 0.0020810 secs] [Times: user=0.02 sys=0.00, real=0.01 secs] 
175.631: Total time for which application threads were stopped: 0.0022080 seconds, Stopping threads took: 0.0000710 seconds
175.692: Application time: 0.0607350 seconds
175.692: [GC175.692: [ParNew: 37193K->4158K(37632K), 0.0019860 secs] 53114K->23167K(121024K), 0.0020230 secs] [Times: user=0.02 sys=0.00, real=0.00 secs] 
175.694: Total time for which application threads were stopped: 0.0021790 seconds, Stopping threads took: 0.0000980 seconds
175.755: Application time: 0.0609460 seconds
175.755: [GC175.755: [ParNew: 37212K->4144K(37632K), 0.0020280 secs] 56221K->26313K(121024K), 0.0020620 secs] [Times: user=0.02 sys=0.00, real=0.00 secs] 
175.757: Total time for which application threads were stopped: 0.0022360 seconds, Stopping threads took: 0.0001150 seconds
175.820: Application time: 0.0627550 seconds
175.820: [GC175.820: [ParNew: 37463K->4152K(37632K), 0.0020140 secs] 59632K->29529K(121024K), 0.0020580 secs] [Times: user=0.01 sys=0.00, real=0.00 secs] 
175.822: Total time for which application threads were stopped: 0.0021970 seconds, Stopping threads took: 0.0000810 seconds
175.886: Application time: 0.0637670 seconds
175.886: [GC175.886: [ParNew: 37226K->4141K(37632K), 0.0017100 secs] 62603K->31646K(121024K), 0.0017430 secs] [Times: user=0.01 sys=0.00, real=0.00 secs] 
175.888: Total time for which application threads were stopped: 0.0018740 seconds, Stopping threads took: 0.0000740 seconds
175.951: Application time: 0.0634940 seconds
175.951: [GC175.951: [ParNew: 36948K->4149K(37632K), 0.0011200 secs] 64453K->31718K(121024K), 0.0011500 secs] [Times: user=0.00 sys=0.00, real=0.00 secs] 
175.952: Total time for which application threads were stopped: 0.0012790 seconds, Stopping threads took: 0.0000720 seconds
176.013: Application time: 0.0602480 seconds
176.013: [GC176.013: [ParNew: 37621K->4134K(37632K), 0.0011110 secs] 65190K->31703K(121024K), 0.0011390 secs] [Times: user=0.00 sys=0.00, real=0.00 secs] 
176.014: Total time for which application threads were stopped: 0.0012610 seconds, Stopping threads took: 0.0000690 seconds
176.074: Application time: 0.0605350 seconds
176.074: [GC176.075: [ParNew: 36745K->4117K(37632K), 0.0015960 secs] 64314K->33734K(121024K), 0.0016330 secs] [Times: user=0.01 sys=0.00, real=0.00 secs] 
176.076: Total time for which application threads were stopped: 0.0017840 seconds, Stopping threads took: 0.0000830 seconds
176.136: Application time: 0.0597800 seconds
176.136: [GC176.136: [ParNew: 36891K->4115K(37632K), 0.0016830 secs] 66508K->35780K(121024K), 0.0017170 secs] [Times: user=0.01 sys=0.00, real=0.00 secs] 
176.138: Total time for which application threads were stopped: 0.0018610 seconds, Stopping threads took: 0.0000880 seconds
176.197: Application time: 0.0594130 seconds
176.197: [GC176.197: [ParNew: 36838K->4114K(37632K), 0.0014150 secs] 68503K->36803K(121024K), 0.0014460 secs] [Times: user=0.01 sys=0.00, real=0.01 secs] 
176.199: Total time for which application threads were stopped: 0.0015990 seconds, Stopping threads took: 0.0000960 seconds
176.263: Application time: 0.0640370 seconds
176.263: [GC176.263: [ParNew: 36959K->4135K(37632K), 0.0011160 secs] 69648K->36824K(121024K), 0.0011470 secs] [Times: user=0.01 sys=0.00, real=0.00 secs] 
176.264: Total time for which application threads were stopped: 0.0013010 seconds, Stopping threads took: 0.0000990 seconds
176.323: Application time: 0.0586670 seconds
176.323: [GC176.323: [ParNew: 37600K->4113K(37632K), 0.0014500 secs] 70290K->37826K(121024K), 0.0014830 secs] [Times: user=0.01 sys=0.00, real=0.00 secs] 
176.324: Total time for which application threads were stopped: 0.0016170 seconds, Stopping threads took: 0.0000780 seconds
176.386: Application time: 0.0617250 seconds
176.386: [GC176.386: [ParNew: 37114K->4158K(37632K), 0.0016220 secs] 70827K->39944K(121024K), 0.0016570 secs] [Times: user=0.01 sys=0.00, real=0.00 secs] 
176.388: Total time for which application threads were stopped: 0.0017840 seconds, Stopping threads took: 0.0000680 seconds
176.446: Application time: 0.0580440 seconds
176.446: [GC176.446: [ParNew: 37093K->4140K(37632K), 0.0019440 secs] 72878K->43085K(121024K), 0.0019800 secs] [Times: user=0.02 sys=0.00, real=0.00 secs] 
176.448: Total time for which application threads were stopped: 0.0021130 seconds, Stopping threads took: 0.0000740 seconds
176.510: Application time: 0.0622300 seconds
176.510: [GC176.510: [ParNew: 37469K->4158K(37632K), 0.0020820 secs] 76414K->46303K(121024K), 0.0021130 secs] [Times: user=0.01 sys=0.00, real=0.01 secs] 
176.513: Total time for which application threads were stopped: 0.0022550 seconds, Stopping threads took: 0.0000850 seconds
176.577: Application time: 0.0641460 seconds
176.577: [GC176.577: [ParNew: 37243K->4155K(37632K), 0.0014910 secs] 79388K->47409K(121024K), 0.0015240 secs] [Times: user=0.01 sys=0.00, real=0.00 secs] 
176.578: Total time for which application threads were stopped: 0.0016790 seconds, Stopping threads took: 0.0000880 seconds
176.642: Application time: 0.0633730 seconds
176.642: [GC176.642: [ParNew: 37036K->4133K(37632K), 0.0014550 secs] 80289K->48467K(121024K), 0.0014870 secs] [Times: user=0.01 sys=0.00, real=0.00 secs] 
176.643: Total time for which application threads were stopped: 0.0016800 seconds, Stopping threads took: 0.0001370 seconds
176.705: Application time: 0.0612890 seconds
176.705: [GC176.705: [ParNew: 37605K->4132K(37632K), 0.0011300 secs] 81939K->48465K(121024K), 0.0011620 secs] [Times: user=0.01 sys=0.00, real=0.00 secs] 
176.706: Total time for which application threads were stopped: 0.0013030 seconds, Stopping threads took: 0.0000850 seconds
176.767: Application time: 0.0609210 seconds
176.767: [GC176.767: [ParNew: 36720K->4123K(37632K), 0.0010340 secs] 81054K->48456K(121024K), 0.0010660 secs] [Times: user=0.00 sys=0.00, real=0.00 secs] 
176.768: Total time for which application threads were stopped: 0.0012010 seconds, Stopping threads took: 0.0000800 seconds
176.826: Application time: 0.0582850 seconds
176.827: [GC176.827: [ParNew: 36884K->4128K(37632K), 0.0017870 secs] 81218K->50509K(121024K), 0.0018190 secs] [Times: user=0.01 sys=0.00, real=0.00 secs] 
176.828: Total time for which application threads were stopped: 0.0019540 seconds, Stopping threads took: 0.0000710 seconds
176.887: Application time: 0.0584200 seconds
176.887: [GC176.887: [ParNew: 36776K->4131K(37632K), 0.0014360 secs] 83157K->51537K(121024K), 0.0014680 secs] [Times: user=0.01 sys=0.00, real=0.00 secs] 
176.888: Total time for which application threads were stopped: 0.0016110 seconds, Stopping threads took: 0.0000850 seconds
176.952: Application time: 0.0639530 seconds
176.953: [GC176.953: [ParNew: 37002K->3112K(37632K), 0.0008270 secs] 84408K->50517K(121024K), 0.0008570 secs] [Times: user=0.01 sys=0.00, real=0.00 secs] 
176.953: Total time for which application threads were stopped: 0.0009810 seconds, Stopping threads took: 0.0000680 seconds
177.013: Application time: 0.0598990 seconds
177.013: [GC177.013: [ParNew: 35690K->4114K(37632K), 0.0013880 secs] 83096K->52544K(121024K), 0.0014220 secs] [Times: user=0.01 sys=0.00, real=0.00 secs] 
177.015: Total time for which application threads were stopped: 0.0015500 seconds, Stopping threads took: 0.0000720 seconds
177.075: Application time: 0.0599900 seconds
177.075: [GC177.075: [ParNew: 36980K->4158K(37632K), 0.0017260 secs] 85410K->54659K(121024K), 0.0017590 secs] [Times: user=0.01 sys=0.00, real=0.00 secs] 
177.077: Total time for which application threads were stopped: 0.0018920 seconds, Stopping threads took: 0.0000770 seconds
177.133: Application time: 0.0560040 seconds
177.133: [GC177.133: [ParNew: 36965K->4140K(37632K), 0.0020050 secs] 87467K->57778K(121024K), 0.0020360 secs] [Times: user=0.01 sys=0.00, real=0.00 secs] 
177.135: Total time for which application threads were stopped: 0.0022120 seconds, Stopping threads took: 0.0001060 seconds
177.200: Application time: 0.0645440 seconds
177.200: [GC177.200: [ParNew: 37589K->4154K(37632K), 0.0019550 secs] 91226K->60992K(121024K), 0.0019900 secs] [Times: user=0.01 sys=0.00, real=0.00 secs] 
177.202: Total time for which application threads were stopped: 0.0021270 seconds, Stopping threads took: 0.0000770 seconds
177.263: Application time: 0.0612880 seconds
177.263: [GC177.263: [ParNew: 37128K->4154K(37632K), 0.0018470 secs] 93966K->63108K(121024K), 0.0018790 secs] [Times: user=0.01 sys=0.00, real=0.00 secs] 
177.265: Total time for which application threads were stopped: 0.0020190 seconds, Stopping threads took: 0.0000820 seconds
177.330: Application time: 0.0648470 seconds
177.330: [GC177.330: [ParNew: 37062K->4144K(37632K), 0.0011630 secs] 96016K->63138K(121024K), 0.0011930 secs] [Times: user=0.01 sys=0.00, real=0.01 secs] 
177.331: Total time for which application threads were stopped: 0.0013510 seconds, Stopping threads took: 0.0001010 seconds
177.392: Application time: 0.0611220 seconds
177.392: [GC177.392: [ParNew: 37616K->4155K(37632K), 0.0011350 secs] 96610K->63149K(121024K), 0.0011650 secs] [Times: user=0.01 sys=0.00, real=0.00 secs] 
177.394: Total time for which application threads were stopped: 0.0013070 seconds, Stopping threads took: 0.0000760 seconds
177.454: Application time: 0.0607670 seconds
177.454: [GC177.454: [ParNew: 36731K->4117K(37632K), 0.0014170 secs] 95725K->64135K(121024K), 0.0014480 secs] [Times: user=0.01 sys=0.00, real=0.00 secs] 
177.456: Total time for which application threads were stopped: 0.0015790 seconds, Stopping threads took: 0.0000760 seconds
177.516: Application time: 0.0599040 seconds
177.516: [GC177.516: [ParNew: 36948K->4112K(37632K), 0.0019030 secs] 96966K->67202K(121024K), 0.0019350 secs] [Times: user=0.02 sys=0.00, real=0.00 secs] 
177.518: Total time for which application threads were stopped: 0.0020530 seconds, Stopping threads took: 0.0000620 seconds
177.575: Application time: 0.0575220 seconds
177.576: [GC177.576: [ParNew: 36605K->4120K(37632K), 0.0014050 secs] 99695K->68234K(121024K), 0.0014370 secs] [Times: user=0.01 sys=0.00, real=0.00 secs] 
177.577: Total time for which application threads were stopped: 0.0015860 seconds, Stopping threads took: 0.0000890 seconds
177.638: Application time: 0.0614640 seconds
177.639: [GC177.639: [ParNew: 36868K->4116K(37632K), 0.0014110 secs] 100982K->69254K(121024K), 0.0014420 secs] [Times: user=0.01 sys=0.00, real=0.00 secs] 
177.640: Total time for which application threads were stopped: 0.0016050 seconds, Stopping threads took: 0.0000930 seconds
177.705: Application time: 0.0646850 seconds
177.705: [GC177.705: [ParNew: 37089K->4130K(37632K), 0.0016090 secs] 102227K->71316K(121024K), 0.0016380 secs] [Times: user=0.01 sys=0.00, real=0.00 secs] 
177.707: Total time for which application threads were stopped: 0.0017620 seconds, Stopping threads took: 0.0000700 seconds
177.763: Application time: 0.0565230 seconds
177.763: [GC177.763: [ParNew: 36825K->4153K(37632K), 0.0014310 secs] 104011K->72380K(121024K), 0.0014630 secs] [Times: user=0.01 sys=0.00, real=0.00 secs] 
177.765: Total time for which application threads were stopped: 0.0015990 seconds, Stopping threads took: 0.0000810 seconds
177.825: Application time: 0.0598630 seconds
177.825: [GC177.825: [ParNew: 37048K->4142K(37632K), 0.0016860 secs] 105274K->74488K(121024K), 0.0017180 secs] [Times: user=0.01 sys=0.00, real=0.00 secs] 
177.826: Total time for which application threads were stopped: 0.0018700 seconds, Stopping threads took: 0.0000940 seconds
177.888: Application time: 0.0620620 seconds
177.889: [GC177.889: [ParNew: 37546K->4156K(37632K), 0.0020800 secs] 107892K->77710K(121024K), 0.0021130 secs] [Times: user=0.02 sys=0.00, real=0.01 secs] 
177.891: Total time for which application threads were stopped: 0.0022380 seconds, Stopping threads took: 0.0000660 seconds
177.951: Application time: 0.0606540 seconds
177.951: [GC177.951: [ParNew: 37118K->4158K(37632K), 0.0018040 secs] 110673K->79848K(121024K), 0.0018360 secs] [Times: user=0.01 sys=0.00, real=0.00 secs] 
177.953: Total time for which application threads were stopped: 0.0019690 seconds, Stopping threads took: 0.0000760 seconds
178.019: Application time: 0.0654860 seconds
178.019: [GC178.019: [ParNew: 37122K->4131K(37632K), 0.0014870 secs] 112812K->80909K(121024K), 0.0015200 secs] [Times: user=0.01 sys=0.00, real=0.00 secs] 
178.020: Total time for which application threads were stopped: 0.0016370 seconds, Stopping threads took: 0.0000590 seconds
178.084: Application time: 0.0637030 seconds
178.084: [GC178.084: [ParNew: 36889K->2127K(37632K), 0.0006610 secs] 113668K->78905K(121024K), 0.0006900 secs] [Times: user=0.01 sys=0.00, real=0.00 secs] 
178.085: Total time for which application threads were stopped: 0.0008170 seconds, Stopping threads took: 0.0000730 seconds
178.145: Application time: 0.0601830 seconds
178.145: [GC178.145: [ParNew: 35521K->3099K(37632K), 0.0008710 secs] 112300K->79877K(121024K), 0.0008990 secs] [Times: user=0.01 sys=0.00, real=0.00 secs] 
178.146: Total time for which application threads were stopped: 0.0010230 seconds, Stopping threads took: 0.0000640 seconds
178.206: Application time: 0.0597870 seconds
178.206: [GC178.206: [ParNew: 35750K->4113K(37632K), 0.0018770 secs] 112529K->83963K(121024K), 0.0019100 secs] [Times: user=0.02 sys=0.00, real=0.00 secs] 
178.208: Total time for which application threads were stopped: 0.0020570 seconds, Stopping threads took: 0.0000900 seconds
178.265: Application time: 0.0566380 seconds
178.265: [GC178.265: [ParNew: 37569K->4109K(37632K), 0.0014640 secs] 117419K->84984K(121024K), 0.0014980 secs] [Times: user=0.01 sys=0.00, real=0.00 secs] 
178.266: Total time for which application threads were stopped: 0.0016380 seconds, Stopping threads took: 0.0000840 seconds
178.328: Application time: 0.0614340 seconds
178.328: [GC178.328: [ParNew: 36929K->4114K(37632K), 0.0020040 secs]178.330: [Tenured: 83946K->10989K(84420K), 0.0088050 secs] 117804K->10989K(122052K), [Perm : 5528K->5528K(21248K)], 0.0109060 secs] [Times: user=0.02 sys=0.00, real=0.02 secs] 
178.339: Total time for which application threads were stopped: 0.0110540 seconds, Stopping threads took: 0.0000830 seconds
178.403: Application time: 0.0646990 seconds
178.404: [GC178.404: [ParNew: 32977K->4113K(37632K), 0.0017150 secs] 43966K->17150K(121024K), 0.0017490 secs] [Times: user=0.01 sys=0.00, real=0.00 secs] 
178.405: Total time for which application threads were stopped: 0.0019040 seconds, Stopping threads took: 0.0000980 seconds
178.462: Application time: 0.0568510 seconds
178.462: [GC178.462: [ParNew: 36877K->4158K(37632K), 0.0014120 secs] 49915K->18260K(121024K), 0.0014480 secs] [Times: user=0.01 sys=0.00, real=0.00 secs] 
178.464: Total time for which application threads were stopped: 0.0016500 seconds, Stopping threads took: 0.0001450 seconds
178.526: Application time: 0.0616520 seconds
178.526: [GC178.526: [ParNew: 37171K->4158K(37632K), 0.0016790 secs] 51272K->20388K(121024K), 0.0017150 secs] [Times: user=0.01 sys=0.00, real=0.00 secs] 
178.527: Total time for which application threads were stopped: 0.0018500 seconds, Stopping threads took: 0.0000800 seconds
178.588: Application time: 0.0602780 seconds
178.588: [GC178.588: [ParNew: 37360K->4158K(37632K), 0.0020340 secs] 53590K->23584K(121024K), 0.0020670 secs] [Times: user=0.01 sys=0.00, real=0.00 secs] 
178.590: Total time for which application threads were stopped: 0.0022000 seconds, Stopping threads took: 0.0000750 seconds
178.651: Application time: 0.0612920 seconds
178.651: [GC178.651: [ParNew: 37155K->4144K(37632K), 0.0020040 secs] 56581K->26714K(121024K), 0.0020360 secs] [Times: user=0.02 sys=0.00, real=0.00 secs] 
178.653: Total time for which application threads were stopped: 0.0021870 seconds, Stopping threads took: 0.0000810 seconds
178.718: Application time: 0.0646980 seconds
178.718: [GC178.718: [ParNew: 37107K->4112K(37632K), 0.0016840 secs] 59677K->28778K(121024K), 0.0017180 secs] [Times: user=0.01 sys=0.00, real=0.01 secs] 
178.720: Total time for which application threads were stopped: 0.0018670 seconds, Stopping threads took: 0.0000880 seconds
178.782: Application time: 0.0619560 seconds
178.782: [GC178.782: [ParNew: 36807K->3142K(37632K), 0.0008450 secs] 61473K->27808K(121024K), 0.0008750 secs] [Times: user=0.00 sys=0.00, real=0.00 secs] 
178.783: Total time for which application threads were stopped: 0.0010060 seconds, Stopping threads took: 0.0000750 seconds
178.844: Application time: 0.0611300 seconds
178.844: [GC178.844: [ParNew: 35660K->3111K(37632K), 0.0008200 secs] 60327K->27777K(121024K), 0.0008500 secs] [Times: user=0.00 sys=0.00, real=0.00 secs] 
178.845: Total time for which application threads were stopped: 0.0010030 seconds, Stopping threads took: 0.0000990 seconds
178.905: Application time: 0.0594990 seconds
178.905: [GC178.905: [ParNew: 35597K->4131K(37632K), 0.0013300 secs] 60263K->29821K(121024K), 0.0013610 secs] [Times: user=0.01 sys=0.00, real=0.00 secs] 
178.906: Total time for which application threads were stopped: 0.0014730 seconds, Stopping threads took: 0.0000550 seconds
178.961: Application time: 0.0553780 seconds
178.961: [GC178.962: [ParNew: 37581K->4114K(37632K), 0.0016850 secs] 63271K->31852K(121024K), 0.0017250 secs] [Times: user=0.01 sys=0.00, real=0.00 secs] 
178.963: Total time for which application threads were stopped: 0.0018540 seconds, Stopping threads took: 0.0000620 seconds
179.025: Application time: 0.0619800 seconds
179.025: [GC179.025: [ParNew: 37009K->4112K(37632K), 0.0017990 secs] 64747K->33899K(121024K), 0.0018360 secs] [Times: user=0.01 sys=0.00, real=0.00 secs] 
179.027: Total time for which application threads were stopped: 0.0019570 seconds, Stopping threads took: 0.0000630 seconds
179.088: Application time: 0.0609620 seconds
179.088: [GC179.088: [ParNew: 36998K->4114K(37632K), 0.0016430 secs] 66784K->35949K(121024K), 0.0016770 secs] [Times: user=0.01 sys=0.00, real=0.00 secs] 
179.090: Total time for which application threads were stopped: 0.0018070 seconds, Stopping threads took: 0.0000700 seconds
179.152: Application time: 0.0617330 seconds
179.152: [GC179.152: [ParNew: 37110K->4155K(37632K), 0.0013570 secs] 68945K->37029K(121024K), 0.0013890 secs] [Times: user=0.01 sys=0.00, real=0.00 secs] 
179.153: Total time for which application threads were stopped: 0.0015470 seconds, Stopping threads took: 0.0000940 seconds
179.214: Application time: 0.0611160 seconds
179.214: [GC179.214: [ParNew: 37208K->4158K(37632K), 0.0014440 secs] 70082K->38180K(121024K), 0.0014760 secs] [Times: user=0.01 sys=0.01, real=0.00 secs] 
179.216: Total time for which application threads were stopped: 0.0016050 seconds, Stopping threads took: 0.0000730 seconds
179.276: Application time: 0.0600600 seconds
179.276: [GC179.276: [ParNew: 37189K->4159K(37632K), 0.0017220 secs] 71212K->40338K(121024K), 0.0017560 secs] [Times: user=0.01 sys=0.00, real=0.00 secs] 
179.278: Total time for which application threads were stopped: 0.0018890 seconds, Stopping threads took: 0.0000770 seconds
179.340: Application time: 0.0622000 seconds
179.340: [GC179.340: [ParNew: 37159K->4142K(37632K), 0.0019130 secs] 73338K->43464K(121024K), 0.0019470 secs] [Times: user=0.01 sys=0.00, real=0.00 secs] 
179.342: Total time for which application threads were stopped: 0.0021020 seconds, Stopping threads took: 0.0000980 seconds
179.406: Application time: 0.0641470 seconds
179.407: [GC179.407: [ParNew: 37108K->4123K(37632K), 0.0016510 secs] 76431K->44518K(121024K), 0.0016820 secs] [Times: user=0.01 sys=0.00, real=0.00 secs] 
179.408: Total time for which application threads were stopped: 0.0018330 seconds, Stopping threads took: 0.0000940 seconds
179.468: Application time: 0.0594730 seconds
179.468: [GC179.468: [ParNew: 37595K->4133K(37632K), 0.0015260 secs] 77990K->45551K(121024K), 0.0015540 secs] [Times: user=0.01 sys=0.00, real=0.00 secs] 
179.469: Total time for which application threads were stopped: 0.0017830 seconds, Stopping threads took: 0.0001720 seconds
179.533: Application time: 0.0631300 seconds
179.533: [GC179.533: [ParNew: 36845K->4133K(37632K), 0.0012490 secs] 78263K->45551K(121024K), 0.0012790 secs] [Times: user=0.01 sys=0.00, real=0.00 secs] 
179.534: Total time for which application threads were stopped: 0.0014160 seconds, Stopping threads took: 0.0000830 seconds
179.594: Application time: 0.0600680 seconds
179.594: [GC179.594: [ParNew: 36769K->4117K(37632K), 0.0017130 secs] 78188K->47583K(121024K), 0.0017430 secs] [Times: user=0.01 sys=0.00, real=0.00 secs] 
179.596: Total time for which application threads were stopped: 0.0018730 seconds, Stopping threads took: 0.0000740 seconds
179.654: Application time: 0.0578980 seconds
179.654: [GC179.654: [ParNew: 37589K->4119K(37632K), 0.0017550 secs] 81055K->49633K(121024K), 0.0017940 secs] [Times: user=0.01 sys=0.00, real=0.00 secs] 
179.656: Total time for which application threads were stopped: 0.0019560 seconds, Stopping threads took: 0.0000940 seconds
179.721: Application time: 0.0648940 seconds
179.721: [GC179.721: [ParNew: 37058K->4120K(37632K), 0.0011270 secs] 82572K->49634K(121024K), 0.0011570 secs] [Times: user=0.01 sys=0.00, real=0.00 secs] 
179.722: Total time for which application threads were stopped: 0.0012950 seconds, Stopping threads took: 0.0000820 seconds
179.780: Application time: 0.0575450 seconds
179.780: [GC179.780: [ParNew: 36707K->4115K(37632K), 0.0014220 secs] 82222K->50654K(121024K), 0.0014540 secs] [Times: user=0.01 sys=0.00, real=0.00 secs] 
179.781: Total time for which application threads were stopped: 0.0015950 seconds, Stopping threads took: 0.0000830 seconds
179.841: Application time: 0.0598640 seconds
179.841: [GC179.841: [ParNew: 37146K->4159K(37632K), 0.0020840 secs] 83685K->53786K(121024K), 0.0021220 secs] [Times: user=0.01 sys=0.00, real=0.00 secs] 
179.843: Total time for which application threads were stopped: 0.0022510 seconds, Stopping threads took: 0.0000690 seconds
179.904: Application time: 0.0608980 seconds
179.904: [GC179.904: [ParNew: 37284K->4157K(37632K), 0.0018140 secs] 86911K->55936K(121024K), 0.0018480 secs] [Times: user=0.01 sys=0.00, real=0.00 secs] 
179.906: Total time for which application threads were stopped: 0.0019760 seconds, Stopping threads took: 0.0000710 seconds
179.969: Application time: 0.0625830 seconds
179.971: [GC179.971: [ParNew: 37310K->4156K(37632K), 0.0017100 secs] 89089K->58115K(121024K), 0.0017480 secs] [Times: user=0.01 sys=0.00, real=0.00 secs] 
179.972: Total time for which application threads were stopped: 0.0037510 seconds, Stopping threads took: 0.0019230 seconds
180.036: Application time: 0.0635180 seconds
180.039: [GC180.039: [ParNew: 37168K->4159K(37632K), 0.0015370 secs] 91127K->59210K(121024K), 0.0015710 secs] [Times: user=0.01 sys=0.00, real=0.00 secs] 
180.040: Total time for which application threads were stopped: 0.0043560 seconds, Stopping threads took: 0.0027070 seconds
180.100: Application time: 0.0600150 seconds
180.101: [GC180.101: [ParNew: 36857K->4130K(37632K), 0.0017610 secs] 91908K->61277K(121024K), 0.0017920 secs] [Times: user=0.02 sys=0.00, real=0.00 secs] 
180.102: Total time for which application threads were stopped: 0.0019740 seconds, Stopping threads took: 0.0001240 seconds
180.166: Application time: 0.0640280 seconds
180.166: [GC180.167: [ParNew: 36966K->4122K(37632K), 0.0011420 secs] 94113K->61269K(121024K), 0.0011760 secs] [Times: user=0.01 sys=0.00, real=0.00 secs] 
180.168: Total time for which application threads were stopped: 0.0013030 seconds, Stopping threads took: 0.0000640 seconds
180.227: Application time: 0.0592600 seconds
180.227: [GC180.227: [ParNew: 37594K->4131K(37632K), 0.0013530 secs] 94741K->62302K(121024K), 0.0013850 secs] [Times: user=0.01 sys=0.00, real=0.00 secs] 
180.229: Total time for which application threads were stopped: 0.0015460 seconds, Stopping threads took: 0.0001050 seconds
180.287: Application time: 0.0589690 seconds
180.288: [GC180.288: [ParNew: 36721K->4118K(37632K), 0.0016380 secs] 94892K->64337K(121024K), 0.0016710 secs] [Times: user=0.02 sys=0.00, real=0.00 secs] 
180.289: Total time for which application threads were stopped: 0.0018310 seconds, Stopping threads took: 0.0001010 seconds
180.352: Application time: 0.0623210 seconds
180.352: [GC180.352: [ParNew: 37012K->4114K(37632K), 0.0016100 secs] 97232K->66381K(121024K), 0.0016450 secs] [Times: user=0.02 sys=0.00, real=0.00 secs] 
180.353: Total time for which application threads were stopped: 0.0017930 seconds, Stopping threads took: 0.0000890 seconds
180.411: Application time: 0.0577260 seconds
180.411: [GC180.411: [ParNew: 37586K->4115K(37632K), 0.0014590 secs] 99853K->67406K(121024K), 0.0014920 secs] [Times: user=0.01 sys=0.00, real=0.00 secs] 
180.413: Total time for which application threads were stopped: 0.0016280 seconds, Stopping threads took: 0.0000800 seconds
180.473: Application time: 0.0600790 seconds
180.475: [GC180.475: [ParNew: 36769K->4116K(37632K), 0.0016690 secs] 100060K->69455K(121024K), 0.0017010 secs] [Times: user=0.01 sys=0.00, real=0.00 secs] 
180.476: Total time for which application threads were stopped: 0.0035420 seconds, Stopping threads took: 0.0017810 seconds
180.537: Application time: 0.0608180 seconds
180.537: [GC180.537: [ParNew: 37168K->4157K(37632K), 0.0020290 secs] 102508K->72585K(121024K), 0.0020620 secs] [Times: user=0.02 sys=0.00, real=0.01 secs] 
180.539: Total time for which application threads were stopped: 0.0022180 seconds, Stopping threads took: 0.0000990 seconds
180.600: Application time: 0.0607330 seconds
180.600: [GC180.600: [ParNew: 37307K->4152K(37632K), 0.0020880 secs] 105734K->75755K(121024K), 0.0021340 secs] [Times: user=0.01 sys=0.00, real=0.00 secs] 
180.602: Total time for which application threads were stopped: 0.0022720 seconds, Stopping threads took: 0.0000790 seconds
180.668: Application time: 0.0654770 seconds
180.668: [GC180.668: [ParNew: 37473K->4158K(37632K), 0.0020020 secs] 109077K->78953K(121024K), 0.0020380 secs] [Times: user=0.01 sys=0.00, real=0.00 secs] 
180.670: Total time for which application threads were stopped: 0.0021950 seconds, Stopping threads took: 0.0000910 seconds
180.731: Application time: 0.0604780 seconds
180.731: [GC180.731: [ParNew: 37016K->4158K(37632K), 0.0016900 secs] 111812K->81089K(121024K), 0.0017210 secs] [Times: user=0.01 sys=0.00, real=0.00 secs] 
180.732: Total time for which application threads were stopped: 0.0018420 seconds, Stopping threads took: 0.0000650 seconds
180.794: Application time: 0.0617400 seconds
180.794: [GC180.794: [ParNew: 36922K->4136K(37632K), 0.0013720 secs] 113853K->82147K(121024K), 0.0014050 secs] [Times: user=0.01 sys=0.00, real=0.00 secs] 
180.796: Total time for which application threads were stopped: 0.0015390 seconds, Stopping threads took: 0.0000780 seconds
180.858: Application time: 0.0623910 seconds
180.858: [GC180.858: [ParNew: 36915K->4133K(37632K), 0.0014160 secs] 114926K->83168K(121024K), 0.0014490 secs] [Times: user=0.01 sys=0.00, real=0.01 secs] 
180.860: Total time for which application threads were stopped: 0.0015830 seconds, Stopping threads took: 0.0000770 seconds
180.924: Application time: 0.0639540 seconds
180.924: [GC180.924: [ParNew: 37056K->4117K(37632K), 0.0011750 secs] 116092K->83153K(121024K), 0.0012060 secs] [Times: user=0.01 sys=0.00, real=0.00 secs] 
180.925: Total time for which application threads were stopped: 0.0013410 seconds, Stopping threads took: 0.0000780 seconds
180.986: Application time: 0.0610800 seconds
180.986: [GC180.986: [ParNew: 37589K->4149K(37632K), 0.0011160 secs] 116625K->83184K(121024K), 0.0011470 secs] [Times: user=0.01 sys=0.00, real=0.00 secs] 
180.987: Total time for which application threads were stopped: 0.0012700 seconds, Stopping threads took: 0.0000680 seconds
181.046: Application time: 0.0584400 seconds
181.046: [GC181.046: [ParNew: 37506K->4119K(37632K), 0.0015260 secs] 116541K->84179K(121024K), 0.0015600 secs] [Times: user=0.02 sys=0.00, real=0.00 secs] 
181.048: Total time for which application threads were stopped: 0.0016890 seconds, Stopping threads took: 0.0000730 seconds
181.107: Application time: 0.0597030 seconds
181.111: [GC181.111: [ParNew: 36915K->4132K(37632K), 0.0017100 secs] 116975K->86240K(121024K), 0.0017420 secs] [Times: user=0.01 sys=0.00, real=0.00 secs] 
181.112: Total time for which application threads were stopped: 0.0052140 seconds, Stopping threads took: 0.0034130 seconds
181.170: Application time: 0.0574010 seconds
181.170: [GC181.170: [ParNew: 36696K->4132K(37632K), 0.0013940 secs] 118804K->87264K(121024K), 0.0014320 secs] [Times: user=0.01 sys=0.00, real=0.01 secs] 
181.171: Total time for which application threads were stopped: 0.0015770 seconds, Stopping threads took: 0.0000760 seconds
181.235: Application time: 0.0634800 seconds
181.235: [GC181.235: [ParNew: 37225K->4159K(37632K), 0.0014290 secs]181.236: [Tenured: 84171K->9145K(84420K), 0.0082880 secs] 120356K->9145K(122052K), [Perm : 5528K->5528K(21248K)], 0.0098230 secs] [Times: user=0.02 sys=0.00, real=0.01 secs] 
181.245: Total time for which application threads were stopped: 0.0099410 seconds, Stopping threads took: 0.0000550 seconds
181.303: Application time: 0.0578450 seconds
181.303: [GC181.303: [ParNew: 33005K->4158K(37632K), 0.0019300 secs] 42150K->16391K(121024K), 0.0019690 secs] [Times: user=0.01 sys=0.00, real=0.00 secs] 
181.305: Total time for which application threads were stopped: 0.0021060 seconds, Stopping threads took: 0.0000770 seconds
181.368: Application time: 0.0634130 seconds
181.368: [GC181.368: [ParNew: 37495K->4156K(37632K), 0.0020990 secs] 49728K->19581K(121024K), 0.0021420 secs] [Times: user=0.02 sys=0.00, real=0.00 secs] 
181.370: Total time for which application threads were stopped: 0.0022940 seconds, Stopping threads took: 0.0000920 seconds
181.433: Application time: 0.0628850 seconds
181.434: [GC181.434: [ParNew: 37133K->4157K(37632K), 0.0015980 secs] 52559K->21703K(121024K), 0.0016370 secs] [Times: user=0.01 sys=0.00, real=0.00 secs] 
181.435: Total time for which application threads were stopped: 0.0018080 seconds, Stopping threads took: 0.0001140 seconds
181.496: Application time: 0.0611980 seconds
181.497: [GC181.497: [ParNew: 36839K->4116K(37632K), 0.0013530 secs] 54384K->22749K(121024K), 0.0013870 secs] [Times: user=0.01 sys=0.00, real=0.00 secs] 
181.498: Total time for which application threads were stopped: 0.0015360 seconds, Stopping threads took: 0.0000920 seconds
181.560: Application time: 0.0615790 seconds
181.560: [GC181.560: [ParNew: 36884K->4112K(37632K), 0.0017180 secs] 55517K->24793K(121024K), 0.0017520 secs] [Times: user=0.02 sys=0.00, real=0.00 secs] 
181.561: Total time for which application threads were stopped: 0.0019060 seconds, Stopping threads took: 0.0000950 seconds
181.625: Application time: 0.0638790 seconds
181.625: [GC181.625: [ParNew: 36992K->4144K(37632K), 0.0014470 secs] 57674K->25849K(121024K), 0.0014820 secs] [Times: user=0.01 sys=0.00, real=0.00 secs] 
181.627: Total time for which application threads were stopped: 0.0016260 seconds, Stopping threads took: 0.0000870 seconds
181.687: Application time: 0.0596510 seconds
181.687: [GC181.687: [ParNew: 37616K->4117K(37632K), 0.0011680 secs] 59321K->25823K(121024K), 0.0012010 secs] [Times: user=0.00 sys=0.00, real=0.00 secs] 
181.688: Total time for which application threads were stopped: 0.0013770 seconds, Stopping threads took: 0.0001070 seconds
181.749: Application time: 0.0606520 seconds
181.749: [GC181.749: [ParNew: 36640K->4119K(37632K), 0.0013270 secs] 58346K->26849K(121024K), 0.0013540 secs] [Times: user=0.01 sys=0.00, real=0.00 secs] 
181.750: Total time for which application threads were stopped: 0.0014770 seconds, Stopping threads took: 0.0000710 seconds
181.810: Application time: 0.0598590 seconds
181.810: [GC181.810: [ParNew: 36863K->4128K(37632K), 0.0016550 secs] 59593K->28906K(121024K), 0.0016870 secs] [Times: user=0.01 sys=0.00, real=0.01 secs] 
181.812: Total time for which application threads were stopped: 0.0018130 seconds, Stopping threads took: 0.0000720 seconds
181.870: Application time: 0.0581170 seconds
181.870: [GC181.870: [ParNew: 36827K->4136K(37632K), 0.0013900 secs] 61604K->29937K(121024K), 0.0014220 secs] [Times: user=0.01 sys=0.00, real=0.01 secs] 
181.871: Total time for which application threads were stopped: 0.0015530 seconds, Stopping threads took: 0.0000740 seconds
181.931: Application time: 0.0592700 seconds
181.931: [GC181.931: [ParNew: 36995K->4158K(37632K), 0.0017690 secs] 62797K->32023K(121024K), 0.0018040 secs] [Times: user=0.01 sys=0.00, real=0.00 secs] 
181.933: Total time for which application threads were stopped: 0.0019520 seconds, Stopping threads took: 0.0000910 seconds
181.995: Application time: 0.0619420 seconds
181.995: [GC181.995: [ParNew: 37333K->4158K(37632K), 0.0017320 secs] 65199K->34188K(121024K), 0.0017670 secs] [Times: user=0.02 sys=0.00, real=0.00 secs] 
181.997: Total time for which application threads were stopped: 0.0018980 seconds, Stopping threads took: 0.0000720 seconds
182.059: Application time: 0.0620290 seconds
182.059: [GC182.059: [ParNew: 37269K->4155K(37632K), 0.0016590 secs] 67299K->36329K(121024K), 0.0016930 secs] [Times: user=0.02 sys=0.00, real=0.00 secs] 
182.060: Total time for which application threads were stopped: 0.0018350 seconds, Stopping threads took: 0.0000870 seconds
182.122: Application time: 0.0612440 seconds
182.122: [GC182.122: [ParNew: 37037K->4155K(37632K), 0.0014190 secs] 69211K->37433K(121024K), 0.0014510 secs] [Times: user=0.02 sys=0.00, real=0.00 secs] 
182.123: Total time for which application threads were stopped: 0.0015930 seconds, Stopping threads took: 0.0000870 seconds
182.183: Application time: 0.0599210 seconds
182.187: [GC182.187: [ParNew: 36838K->4128K(37632K), 0.0017290 secs] 70116K->39494K(121024K), 0.0017730 secs] [Times: user=0.01 sys=0.00, real=0.00 secs] 
182.188: Total time for which application threads were stopped: 0.0053490 seconds, Stopping threads took: 0.0035190 seconds
182.251: Application time: 0.0628150 seconds
182.251: [GC182.251: [ParNew: 36976K->4122K(37632K), 0.0011940 secs] 72342K->39488K(121024K), 0.0012250 secs] [Times: user=0.01 sys=0.00, real=0.00 secs] 
182.253: Total time for which application threads were stopped: 0.0013610 seconds, Stopping threads took: 0.0000690 seconds
182.316: Application time: 0.0631760 seconds
182.316: [GC182.316: [ParNew: 36977K->4130K(37632K), 0.0013550 secs] 72343K->40520K(121024K), 0.0013860 secs] [Times: user=0.01 sys=0.00, real=0.00 secs] 
182.317: Total time for which application threads were stopped: 0.0015760 seconds, Stopping threads took: 0.0001360 seconds
182.376: Application time: 0.0590590 seconds
182.377: [GC182.377: [ParNew: 36644K->3116K(37632K), 0.0009460 secs] 73034K->39506K(121024K), 0.0009770 secs] [Times: user=0.01 sys=0.00, real=0.00 secs] 
182.378: Total time for which application threads were stopped: 0.0010970 seconds, Stopping threads took: 0.0000660 seconds
182.437: Application time: 0.0593010 seconds
182.437: [GC182.437: [ParNew: 36588K->4120K(37632K), 0.0017690 secs] 72978K->42558K(121024K), 0.0018070 secs] [Times: user=0.02 sys=0.00, real=0.01 secs] 
182.439: Total time for which application threads were stopped: 0.0019510 seconds, Stopping threads took: 0.0000870 seconds
182.501: Application time: 0.0616850 seconds
182.501: [GC182.501: [ParNew: 36858K->4133K(37632K), 0.0014480 secs] 75296K->43595K(121024K), 0.0014790 secs] [Times: user=0.01 sys=0.00, real=0.00 secs] 
182.502: Total time for which application threads were stopped: 0.0016050 seconds, Stopping threads took: 0.0000710 seconds
182.560: Application time: 0.0574560 seconds
182.560: [GC182.560: [ParNew: 36810K->4116K(37632K), 0.0016520 secs] 76272K->45626K(121024K), 0.0016870 secs] [Times: user=0.01 sys=0.00, real=0.00 secs] 
182.561: Total time for which application threads were stopped: 0.0018180 seconds, Stopping threads took: 0.0000730 seconds
182.625: Application time: 0.0634410 seconds
182.625: [GC182.625: [ParNew: 37196K->4159K(37632K), 0.0016900 secs] 78706K->47757K(121024K), 0.0017240 secs] [Times: user=0.01 sys=0.01, real=0.00 secs] 
182.627: Total time for which application threads were stopped: 0.0018440 seconds, Stopping threads took: 0.0000590 seconds
182.687: Application time: 0.0603850 seconds
182.687: [GC182.687: [ParNew: 37258K->4157K(37632K), 0.0016720 secs] 80856K->49923K(121024K), 0.0017040 secs] [Times: user=0.01 sys=0.00, real=0.00 secs] 
182.689: Total time for which application threads were stopped: 0.0018380 seconds, Stopping threads took: 0.0000790 seconds
182.749: Application time: 0.0600990 seconds
182.749: [GC182.749: [ParNew: 37083K->4158K(37632K), 0.0016230 secs] 82849K->52088K(121024K), 0.0016560 secs] [Times: user=0.02 sys=0.00, real=0.01 secs] 
182.751: Total time for which application threads were stopped: 0.0017710 seconds, Stopping threads took: 0.0000600 seconds
182.814: Application time: 0.0634340 seconds
182.814: [GC182.814: [ParNew: 37129K->4144K(37632K), 0.0011620 secs] 85059K->52131K(121024K), 0.0011920 secs] [Times: user=0.01 sys=0.00, real=0.00 secs] 
182.816: Total time for which application threads were stopped: 0.0013310 seconds, Stopping threads took: 0.0000740 seconds
182.875: Application time: 0.0597820 seconds
182.875: [GC182.875: [ParNew: 36824K->4113K(37632K), 0.0017120 secs] 84810K->54203K(121024K), 0.0017430 secs] [Times: user=0.01 sys=0.00, real=0.00 secs] 
182.877: Total time for which application threads were stopped: 0.0018760 seconds, Stopping threads took: 0.0000760 seconds
182.939: Application time: 0.0616880 seconds
182.939: [GC182.939: [ParNew: 36911K->4140K(37632K), 0.0014230 secs] 87002K->55254K(121024K), 0.0014570 secs] [Times: user=0.01 sys=0.00, real=0.00 secs] 
182.941: Total time for which application threads were stopped: 0.0016320 seconds, Stopping threads took: 0.0001130 seconds
183.003: Application time: 0.0621660 seconds
183.003: [GC183.003: [ParNew: 36885K->4120K(37632K), 0.0011110 secs] 88000K->55235K(121024K), 0.0011430 secs] [Times: user=0.01 sys=0.00, real=0.00 secs] 
183.004: Total time for which application threads were stopped: 0.0012880 seconds, Stopping threads took: 0.0000890 seconds
183.064: Application time: 0.0597650 seconds
183.064: [GC183.064: [ParNew: 36621K->4134K(37632K), 0.0012070 secs] 87735K->55249K(121024K), 0.0012360 secs] [Times: user=0.01 sys=0.00, real=0.00 secs] 
183.065: Total time for which application threads were stopped: 0.0013860 seconds, Stopping threads took: 0.0000960 seconds
183.125: Application time: 0.0594730 seconds
183.125: [GC183.125: [ParNew: 36754K->4136K(37632K), 0.0013750 secs] 87869K->56275K(121024K), 0.0014050 secs] [Times: user=0.01 sys=0.00, real=0.00 secs] 
183.126: Total time for which application threads were stopped: 0.0015540 seconds, Stopping threads took: 0.0000970 seconds
183.185: Application time: 0.0588160 seconds
183.185: [GC183.185: [ParNew: 36772K->4116K(37632K), 0.0012130 secs] 88911K->56254K(121024K), 0.0012430 secs] [Times: user=0.01 sys=0.00, real=0.00 secs] 
183.186: Total time for which application threads were stopped: 0.0013870 seconds, Stopping threads took: 0.0000930 seconds
183.246: Application time: 0.0593430 seconds
183.246: [GC183.246: [ParNew: 36871K->4113K(37632K), 0.0020900 secs] 89009K->59324K(121024K), 0.0021230 secs] [Times: user=0.02 sys=0.00, real=0.00 secs] 
183.248: Total time for which application threads were stopped: 0.0022720 seconds, Stopping threads took: 0.0000950 seconds
183.310: Application time: 0.0619690 seconds
183.311: [GC183.311: [ParNew: 37233K->4151K(37632K), 0.0015130 secs] 92443K->60402K(121024K), 0.0015430 secs] [Times: user=0.01 sys=0.00, real=0.00 secs] 
183.312: Total time for which application threads were stopped: 0.0022480 seconds, Stopping threads took: 0.0006490 seconds
183.377: Application time: 0.0644470 seconds
183.377: [GC183.377: [ParNew: 37423K->4154K(37632K), 0.0016060 secs] 93673K->62589K(121024K), 0.0016390 secs] [Times: user=0.01 sys=0.00, real=0.00 secs] 
183.378: Total time for which application threads were stopped: 0.0017910 seconds, Stopping threads took: 0.0000850 seconds
183.436: Application time: 0.0572970 seconds
183.436: [GC183.436: [ParNew: 36869K->4153K(37632K), 0.0015870 secs] 95304K->63672K(121024K), 0.0016210 secs] [Times: user=0.01 sys=0.00, real=0.00 secs] 
183.438: Total time for which application threads were stopped: 0.0018330 seconds, Stopping threads took: 0.0001540 seconds
183.504: Application time: 0.0660420 seconds
183.504: [GC183.504: [ParNew: 37248K->4142K(37632K), 0.0014050 secs] 96767K->64765K(121024K), 0.0014350 secs] [Times: user=0.01 sys=0.00, real=0.00 secs] 
183.505: Total time for which application threads were stopped: 0.0015640 seconds, Stopping threads took: 0.0000750 seconds
183.565: Application time: 0.0593670 seconds
183.565: [GC183.565: [ParNew: 36885K->4151K(37632K), 0.0014240 secs] 97507K->65854K(121024K), 0.0014560 secs] [Times: user=0.01 sys=0.00, real=0.00 secs] 
183.566: Total time for which application threads were stopped: 0.0015790 seconds, Stopping threads took: 0.0000660 seconds
183.629: Application time: 0.0625450 seconds
183.629: [GC183.629: [ParNew: 36862K->4134K(37632K), 0.0011450 secs] 98565K->65837K(121024K), 0.0011760 secs] [Times: user=0.01 sys=0.00, real=0.00 secs] 
183.630: Total time for which application threads were stopped: 0.0013130 seconds, Stopping threads took: 0.0000820 seconds
183.689: Application time: 0.0587780 seconds
183.689: [GC183.689: [ParNew: 37606K->4134K(37632K), 0.0012760 secs] 99309K->65837K(121024K), 0.0013070 secs] [Times: user=0.01 sys=0.00, real=0.00 secs] 
183.690: Total time for which application threads were stopped: 0.0014340 seconds, Stopping threads took: 0.0000720 seconds
183.754: Application time: 0.0642220 seconds
183.755: [GC183.755: [ParNew: 37017K->4126K(37632K), 0.0016220 secs] 98720K->67877K(121024K), 0.0016640 secs] [Times: user=0.01 sys=0.00, real=0.00 secs] 
183.756: Total time for which application threads were stopped: 0.0018130 seconds, Stopping threads took: 0.0000880 seconds
183.814: Application time: 0.0576230 seconds
183.814: [GC183.814: [ParNew: 36680K->4139K(37632K), 0.0011230 secs] 100431K->67890K(121024K), 0.0011540 secs] [Times: user=0.00 sys=0.00, real=0.00 secs] 
183.815: Total time for which application threads were stopped: 0.0012930 seconds, Stopping threads took: 0.0000860 seconds
183.872: Application time: 0.0572020 seconds
183.873: [GC183.873: [ParNew: 36645K->4120K(37632K), 0.0013650 secs] 100396K->68895K(121024K), 0.0013960 secs] [Times: user=0.01 sys=0.00, real=0.00 secs] 
183.874: Total time for which application threads were stopped: 0.0015280 seconds, Stopping threads took: 0.0000740 seconds
183.934: Application time: 0.0599930 seconds
183.934: [GC183.934: [ParNew: 36945K->4112K(37632K), 0.0019810 secs] 101720K->71959K(121024K), 0.0020150 secs] [Times: user=0.02 sys=0.00, real=0.00 secs] 
183.936: Total time for which application threads were stopped: 0.0021750 seconds, Stopping threads took: 0.0000960 seconds
183.998: Application time: 0.0622000 seconds
183.998: [GC183.998: [ParNew: 37267K->4156K(37632K), 0.0017380 secs] 105114K->74083K(121024K), 0.0017720 secs] [Times: user=0.02 sys=0.00, real=0.01 secs] 
184.000: Total time for which application threads were stopped: 0.0018970 seconds, Stopping threads took: 0.0000670 seconds
184.064: Application time: 0.0635900 seconds
184.064: [GC184.064: [ParNew: 37382K->4159K(37632K), 0.0016770 secs] 107309K->76234K(121024K), 0.0017180 secs] [Times: user=0.02 sys=0.00, real=0.00 secs] 
184.066: Total time for which application threads were stopped: 0.0018620 seconds, Stopping threads took: 0.0000890 seconds
184.125: Application time: 0.0595140 seconds
184.125: [GC184.125: [ParNew: 36989K->4155K(37632K), 0.0014590 secs] 109064K->77351K(121024K), 0.0014930 secs] [Times: user=0.01 sys=0.00, real=0.00 secs] 
184.127: Total time for which application threads were stopped: 0.0016320 seconds, Stopping threads took: 0.0000800 seconds
184.191: Application time: 0.0640230 seconds
184.191: [GC184.191: [ParNew: 37166K->4147K(37632K), 0.0013410 secs] 110361K->78438K(121024K), 0.0013710 secs] [Times: user=0.01 sys=0.00, real=0.00 secs] 
184.192: Total time for which application threads were stopped: 0.0014870 seconds, Stopping threads took: 0.0000610 seconds
184.252: Application time: 0.0597010 seconds
184.252: [GC184.252: [ParNew: 36860K->4149K(37632K), 0.0014740 secs] 111151K->79528K(121024K), 0.0015060 secs] [Times: user=0.01 sys=0.00, real=0.00 secs] 
184.254: Total time for which application threads were stopped: 0.0016390 seconds, Stopping threads took: 0.0000740 seconds
184.314: Application time: 0.0605510 seconds
184.314: [GC184.314: [ParNew: 36672K->4154K(37632K), 0.0011480 secs] 112051K->79534K(121024K), 0.0011800 secs] [Times: user=0.01 sys=0.00, real=0.00 secs] 
184.316: Total time for which application threads were stopped: 0.0013180 seconds, Stopping threads took: 0.0000810 seconds
184.376: Application time: 0.0609290 seconds
184.377: [GC184.377: [ParNew: 36767K->3112K(37632K), 0.0008970 secs] 112146K->78491K(121024K), 0.0009270 secs] [Times: user=0.01 sys=0.00, real=0.00 secs] 
184.378: Total time for which application threads were stopped: 0.0010440 seconds, Stopping threads took: 0.0000640 seconds
184.437: Application time: 0.0597520 seconds
184.437: [GC184.437: [ParNew: 35791K->4116K(37632K), 0.0014270 secs] 111170K->80520K(121024K), 0.0014590 secs] [Times: user=0.01 sys=0.00, real=0.01 secs] 
184.439: Total time for which application threads were stopped: 0.0016050 seconds, Stopping threads took: 0.0000800 seconds
184.497: Application time: 0.0585740 seconds
184.498: [GC184.498: [ParNew: 36802K->4133K(37632K), 0.0014590 secs] 113205K->81560K(121024K), 0.0014890 secs] [Times: user=0.00 sys=0.00, real=0.01 secs] 
184.499: Total time for which application threads were stopped: 0.0016180 seconds, Stopping threads took: 0.0000730 seconds
184.560: Application time: 0.0613010 seconds
184.560: [GC184.561: [ParNew: 36852K->4131K(37632K), 0.0013450 secs] 114280K->82583K(121024K), 0.0013840 secs] [Times: user=0.01 sys=0.00, real=0.00 secs] 
184.562: Total time for which application threads were stopped: 0.0015050 seconds, Stopping threads took: 0.0000660 seconds
184.622: Application time: 0.0598180 seconds
184.622: [GC184.622: [ParNew: 36914K->4120K(37632K), 0.0013430 secs] 115365K->83595K(121024K), 0.0013760 secs] [Times: user=0.01 sys=0.00, real=0.00 secs] 
184.623: Total time for which application threads were stopped: 0.0015430 seconds, Stopping threads took: 0.0001110 seconds
184.685: Application time: 0.0617740 seconds
184.685: [GC184.685: [ParNew: 37270K->4158K(37632K), 0.0016690 secs] 116745K->85709K(121024K), 0.0017000 secs] [Times: user=0.01 sys=0.00, real=0.00 secs] 
184.687: Total time for which application threads were stopped: 0.0018540 seconds, Stopping threads took: 0.0000970 seconds
184.749: Application time: 0.0625530 seconds
184.750: [GC184.750: [ParNew: 37361K->4152K(37632K), 0.0019710 secs]184.752: [Tenured: 83743K->10328K(84420K), 0.0085850 secs] 118913K->10328K(122052K), [Perm : 5528K->5528K(21248K)], 0.0106500 secs] [Times: user=0.02 sys=0.00, real=0.02 secs] 
184.760: Total time for which application threads were stopped: 0.0108650 seconds, Stopping threads took: 0.0001430 seconds
184.820: Application time: 0.0601140 seconds
184.823: [GC184.823: [ParNew: 32865K->4152K(37632K), 0.0014090 secs] 43193K->15537K(121024K), 0.0014420 secs] [Times: user=0.01 sys=0.00, real=0.00 secs] 
184.824: Total time for which application threads were stopped: 0.0037460 seconds, Stopping threads took: 0.0022490 seconds
184.886: Application time: 0.0619700 seconds
184.886: [GC184.886: [ParNew: 36961K->4149K(37632K), 0.0013830 secs] 48345K->16637K(121024K), 0.0014200 secs] [Times: user=0.01 sys=0.00, real=0.00 secs] 
184.888: Total time for which application threads were stopped: 0.0015570 seconds, Stopping threads took: 0.0000780 seconds
184.950: Application time: 0.0621010 seconds
184.950: [GC184.950: [ParNew: 36931K->4113K(37632K), 0.0013970 secs] 49419K->17658K(121024K), 0.0014300 secs] [Times: user=0.01 sys=0.00, real=0.01 secs] 
184.951: Total time for which application threads were stopped: 0.0015630 seconds, Stopping threads took: 0.0000680 seconds
185.009: Application time: 0.0580860 seconds
185.010: [GC185.010: [ParNew: 36565K->4140K(37632K), 0.0012180 secs] 50109K->17684K(121024K), 0.0012490 secs] [Times: user=0.00 sys=0.00, real=0.01 secs] 
185.011: Total time for which application threads were stopped: 0.0013740 seconds, Stopping threads took: 0.0000680 seconds
185.069: Application time: 0.0585650 seconds
185.070: [GC185.070: [ParNew: 36654K->4115K(37632K), 0.0016440 secs] 50198K->19707K(121024K), 0.0016800 secs] [Times: user=0.01 sys=0.00, real=0.01 secs] 
185.071: Total time for which application threads were stopped: 0.0018190 seconds, Stopping threads took: 0.0000810 seconds
185.132: Application time: 0.0609260 seconds
185.132: [GC185.132: [ParNew: 36901K->4130K(37632K), 0.0015950 secs] 52494K->21770K(121024K), 0.0016290 secs] [Times: user=0.01 sys=0.00, real=0.00 secs] 
185.134: Total time for which application threads were stopped: 0.0017510 seconds, Stopping threads took: 0.0000660 seconds
185.192: Application time: 0.0579210 seconds
185.192: [GC185.192: [ParNew: 36783K->4115K(37632K), 0.0016610 secs] 54423K->23803K(121024K), 0.0016930 secs] [Times: user=0.02 sys=0.00, real=0.00 secs] 
185.194: Total time for which application threads were stopped: 0.0018340 seconds, Stopping threads took: 0.0000840 seconds
185.257: Application time: 0.0630190 seconds
185.257: [GC185.257: [ParNew: 37013K->4130K(37632K), 0.0015630 secs] 56701K->25866K(121024K), 0.0015950 secs] [Times: user=0.01 sys=0.00, real=0.00 secs] 
185.258: Total time for which application threads were stopped: 0.0017510 seconds, Stopping threads took: 0.0000970 seconds
185.318: Application time: 0.0594430 seconds
185.318: [GC185.318: [ParNew: 36888K->4114K(37632K), 0.0016620 secs] 58625K->27898K(121024K), 0.0017050 secs] [Times: user=0.01 sys=0.00, real=0.01 secs] 
185.320: Total time for which application threads were stopped: 0.0018500 seconds, Stopping threads took: 0.0000880 seconds
185.381: Application time: 0.0613880 seconds
185.381: [GC185.381: [ParNew: 37166K->4158K(37632K), 0.0016490 secs] 60951K->30038K(121024K), 0.0016820 secs] [Times: user=0.01 sys=0.00, real=0.00 secs] 
185.383: Total time for which application threads were stopped: 0.0018280 seconds, Stopping threads took: 0.0000850 seconds
185.446: Application time: 0.0634860 seconds
185.447: [GC185.447: [ParNew: 37385K->4159K(37632K), 0.0013960 secs] 63266K->31176K(121024K), 0.0014320 secs] [Times: user=0.01 sys=0.00, real=0.00 secs] 
185.448: Total time for which application threads were stopped: 0.0015850 seconds, Stopping threads took: 0.0001000 seconds
185.508: Application time: 0.0602950 seconds
185.509: [GC185.509: [ParNew: 37050K->4158K(37632K), 0.0017930 secs] 64067K->33335K(121024K), 0.0018250 secs] [Times: user=0.02 sys=0.00, real=0.01 secs] 
185.511: Total time for which application threads were stopped: 0.0023830 seconds, Stopping threads took: 0.0004910 seconds
185.572: Application time: 0.0611130 seconds
185.572: [GC185.572: [ParNew: 37002K->4148K(37632K), 0.0011520 secs] 66179K->33405K(121024K), 0.0011850 secs] [Times: user=0.01 sys=0.00, real=0.00 secs] 
185.573: Total time for which application threads were stopped: 0.0013550 seconds, Stopping threads took: 0.0001120 seconds
185.637: Application time: 0.0639980 seconds
185.637: [GC185.637: [ParNew: 36942K->4120K(37632K), 0.0009920 secs] 66199K->33409K(121024K), 0.0010230 secs] [Times: user=0.01 sys=0.00, real=0.00 secs] 
185.638: Total time for which application threads were stopped: 0.0011320 seconds, Stopping threads took: 0.0000540 seconds
185.696: Application time: 0.0577920 seconds
185.696: [GC185.696: [ParNew: 37574K->4122K(37632K), 0.0012280 secs] 66863K->33411K(121024K), 0.0012580 secs] [Times: user=0.01 sys=0.00, real=0.00 secs] 
185.697: Total time for which application threads were stopped: 0.0013860 seconds, Stopping threads took: 0.0000710 seconds
185.756: Application time: 0.0585530 seconds
185.756: [GC185.756: [ParNew: 36707K->4112K(37632K), 0.0016710 secs] 65996K->35449K(121024K), 0.0017080 secs] [Times: user=0.01 sys=0.00, real=0.00 secs] 
185.758: Total time for which application threads were stopped: 0.0018560 seconds, Stopping threads took: 0.0000900 seconds
185.821: Application time: 0.0629300 seconds
185.821: [GC185.821: [ParNew: 36985K->4118K(37632K), 0.0014280 secs] 68322K->36478K(121024K), 0.0014590 secs] [Times: user=0.01 sys=0.00, real=0.00 secs] 
185.822: Total time for which application threads were stopped: 0.0015760 seconds, Stopping threads took: 0.0000610 seconds
185.881: Application time: 0.0581580 seconds
185.881: [GC185.881: [ParNew: 36836K->4130K(37632K), 0.0014050 secs] 69197K->37515K(121024K), 0.0014370 secs] [Times: user=0.01 sys=0.00, real=0.00 secs] 
185.882: Total time for which application threads were stopped: 0.0015830 seconds, Stopping threads took: 0.0000900 seconds
185.946: Application time: 0.0634990 seconds
185.946: [GC185.946: [ParNew: 36973K->4134K(37632K), 0.0013130 secs] 70358K->38543K(121024K), 0.0013450 secs] [Times: user=0.01 sys=0.00, real=0.00 secs] 
185.947: Total time for which application threads were stopped: 0.0014730 seconds, Stopping threads took: 0.0000730 seconds
186.006: Application time: 0.0591830 seconds
186.006: [GC186.006: [ParNew: 36864K->4136K(37632K), 0.0014060 secs] 71273K->39569K(121024K), 0.0014380 secs] [Times: user=0.01 sys=0.00, real=0.00 secs] 
186.008: Total time for which application threads were stopped: 0.0015730 seconds, Stopping threads took: 0.0000780 seconds
186.069: Application time: 0.0612700 seconds
186.069: [GC186.069: [ParNew: 37125K->4154K(37632K), 0.0017200 secs] 72558K->41667K(121024K), 0.0017520 secs] [Times: user=0.01 sys=0.00, real=0.01 secs] 
186.071: Total time for which application threads were stopped: 0.0018960 seconds, Stopping threads took: 0.0000810 seconds
186.135: Application time: 0.0636970 seconds
186.135: [GC186.135: [ParNew: 37370K->4155K(37632K), 0.0013480 secs] 74883K->42804K(121024K), 0.0013920 secs] [Times: user=0.01 sys=0.00, real=0.00 secs] 
186.136: Total time for which application threads were stopped: 0.0015140 seconds, Stopping threads took: 0.0000600 seconds
186.197: Application time: 0.0610790 seconds
186.197: [GC186.197: [ParNew: 37051K->4158K(37632K), 0.0013930 secs] 75700K->43927K(121024K), 0.0014230 secs] [Times: user=0.01 sys=0.00, real=0.01 secs] 
186.199: Total time for which application threads were stopped: 0.0015710 seconds, Stopping threads took: 0.0000940 seconds
186.258: Application time: 0.0591320 seconds
186.259: [GC186.259: [ParNew: 36948K->4158K(37632K), 0.0014780 secs] 76717K->45031K(121024K), 0.0015100 secs] [Times: user=0.01 sys=0.00, real=0.00 secs] 
186.260: Total time for which application threads were stopped: 0.0021570 seconds, Stopping threads took: 0.0005870 seconds
186.323: Application time: 0.0625260 seconds
186.323: [GC186.323: [ParNew: 36938K->4136K(37632K), 0.0012910 secs] 77811K->46081K(121024K), 0.0013210 secs] [Times: user=0.01 sys=0.00, real=0.00 secs] 
186.324: Total time for which application threads were stopped: 0.0014710 seconds, Stopping threads took: 0.0000950 seconds
186.383: Application time: 0.0588260 seconds
186.383: [GC186.383: [ParNew: 36599K->4118K(37632K), 0.0011610 secs] 78544K->46063K(121024K), 0.0011910 secs] [Times: user=0.00 sys=0.00, real=0.00 secs] 
186.384: Total time for which application threads were stopped: 0.0013040 seconds, Stopping threads took: 0.0000580 seconds
186.443: Application time: 0.0584200 seconds
186.443: [GC186.443: [ParNew: 36707K->4110K(37632K), 0.0016770 secs] 78652K->48103K(121024K), 0.0017080 secs] [Times: user=0.01 sys=0.00, real=0.00 secs] 
186.445: Total time for which application threads were stopped: 0.0018320 seconds, Stopping threads took: 0.0000680 seconds
186.504: Application time: 0.0597230 seconds
186.504: [GC186.504: [ParNew: 36877K->4132K(37632K), 0.0016690 secs] 80870K->50173K(121024K), 0.0017010 secs] [Times: user=0.01 sys=0.00, real=0.00 secs] 
186.506: Total time for which application threads were stopped: 0.0018320 seconds, Stopping threads took: 0.0000750 seconds
186.568: Application time: 0.0622260 seconds
186.569: [GC186.569: [ParNew: 36927K->4112K(37632K), 0.0016860 secs] 82969K->52201K(121024K), 0.0017170 secs] [Times: user=0.01 sys=0.00, real=0.00 secs] 
186.570: Total time for which application threads were stopped: 0.0018460 seconds, Stopping threads took: 0.0000730 seconds
186.629: Application time: 0.0585900 seconds
186.629: [GC186.629: [ParNew: 36817K->4114K(37632K), 0.0016820 secs] 84907K->54251K(121024K), 0.0017170 secs] [Times: user=0.01 sys=0.01, real=0.01 secs] 
186.631: Total time for which application threads were stopped: 0.0018570 seconds, Stopping threads took: 0.0000720 seconds
186.694: Application time: 0.0633390 seconds
186.694: [GC186.694: [ParNew: 37042K->4135K(37632K), 0.0011480 secs] 87180K->54272K(121024K), 0.0011770 secs] [Times: user=0.01 sys=0.00, real=0.00 secs] 
186.695: Total time for which application threads were stopped: 0.0013090 seconds, Stopping threads took: 0.0000780 seconds
186.756: Application time: 0.0603840 seconds
186.756: [GC186.756: [ParNew: 36970K->4152K(37632K), 0.0014940 secs] 87107K->55330K(121024K), 0.0015230 secs] [Times: user=0.01 sys=0.00, real=0.00 secs] 
186.757: Total time for which application threads were stopped: 0.0016470 seconds, Stopping threads took: 0.0000670 seconds
186.819: Application time: 0.0616890 seconds
186.819: [GC186.819: [ParNew: 37166K->4158K(37632K), 0.0017050 secs] 88344K->57503K(121024K), 0.0017390 secs] [Times: user=0.01 sys=0.00, real=0.00 secs] 
186.821: Total time for which application threads were stopped: 0.0018580 seconds, Stopping threads took: 0.0000610 seconds
186.881: Application time: 0.0596060 seconds
186.881: [GC186.881: [ParNew: 37082K->4154K(37632K), 0.0018340 secs] 90427K->59620K(121024K), 0.0018760 secs] [Times: user=0.01 sys=0.00, real=0.00 secs] 
186.883: Total time for which application threads were stopped: 0.0020620 seconds, Stopping threads took: 0.0001190 seconds
186.947: Application time: 0.0639420 seconds
186.947: [GC186.947: [ParNew: 37246K->4158K(37632K), 0.0014750 secs] 92711K->60743K(121024K), 0.0015060 secs] [Times: user=0.01 sys=0.00, real=0.00 secs] 
186.948: Total time for which application threads were stopped: 0.0016460 seconds, Stopping threads took: 0.0000830 seconds
187.006: Application time: 0.0582140 seconds
187.007: [GC187.007: [ParNew: 37622K->4118K(37632K), 0.0014550 secs] 94207K->61800K(121024K), 0.0014880 secs] [Times: user=0.01 sys=0.00, real=0.00 secs] 
187.008: Total time for which application threads were stopped: 0.0016850 seconds, Stopping threads took: 0.0001350 seconds
187.073: Application time: 0.0651390 seconds
187.073: [GC187.073: [ParNew: 37049K->3095K(37632K), 0.0008830 secs] 94731K->60776K(121024K), 0.0009140 secs] [Times: user=0.01 sys=0.00, real=0.00 secs] 
187.074: Total time for which application threads were stopped: 0.0010470 seconds, Stopping threads took: 0.0000780 seconds
187.134: Application time: 0.0593400 seconds
187.134: [GC187.134: [ParNew: 35726K->4118K(37632K), 0.0013580 secs] 93408K->62824K(121024K), 0.0013900 secs] [Times: user=0.01 sys=0.00, real=0.00 secs] 
187.135: Total time for which application threads were stopped: 0.0015380 seconds, Stopping threads took: 0.0000820 seconds
187.194: Application time: 0.0592650 seconds
187.195: [GC187.195: [ParNew: 36720K->4130K(37632K), 0.0013850 secs] 95426K->63860K(121024K), 0.0014170 secs] [Times: user=0.01 sys=0.00, real=0.00 secs] 
187.196: Total time for which application threads were stopped: 0.0015480 seconds, Stopping threads took: 0.0000750 seconds
187.257: Application time: 0.0611470 seconds
187.257: [GC187.257: [ParNew: 36915K->4117K(37632K), 0.0013830 secs] 96644K->64870K(121024K), 0.0014160 secs] [Times: user=0.01 sys=0.00, real=0.01 secs] 
187.259: Total time for which application threads were stopped: 0.0015590 seconds, Stopping threads took: 0.0000860 seconds
187.318: Application time: 0.0594340 seconds
187.318: [GC187.318: [ParNew: 36909K->4128K(37632K), 0.0014110 secs] 97663K->65906K(121024K), 0.0014430 secs] [Times: user=0.01 sys=0.00, real=0.01 secs] 
187.320: Total time for which application threads were stopped: 0.0016060 seconds, Stopping threads took: 0.0001050 seconds
187.381: Application time: 0.0609570 seconds
187.381: [GC187.381: [ParNew: 36821K->4136K(37632K), 0.0013750 secs] 98599K->66938K(121024K), 0.0014060 secs] [Times: user=0.01 sys=0.00, real=0.00 secs] 
187.382: Total time for which application threads were stopped: 0.0015550 seconds, Stopping threads took: 0.0000900 seconds
187.446: Application time: 0.0639020 seconds
187.446: [GC187.446: [ParNew: 37222K->4158K(37632K), 0.0011210 secs] 100024K->67008K(121024K), 0.0011510 secs] [Times: user=0.01 sys=0.00, real=0.00 secs] 
187.447: Total time for which application threads were stopped: 0.0012970 seconds, Stopping threads took: 0.0000900 seconds
187.505: Application time: 0.0579900 seconds
187.506: [GC187.506: [ParNew: 36965K->4154K(37632K), 0.0039060 secs] 99815K->69116K(121024K), 0.0039400 secs] [Times: user=0.03 sys=0.00, real=0.00 secs] 
187.510: Total time for which application threads were stopped: 0.0040730 seconds, Stopping threads took: 0.0000750 seconds
187.571: Application time: 0.0611620 seconds
187.571: [GC187.571: [ParNew: 37232K->4154K(37632K), 0.0020130 secs] 102194K->72276K(121024K), 0.0020470 secs] [Times: user=0.01 sys=0.00, real=0.00 secs] 
187.573: Total time for which application threads were stopped: 0.0021790 seconds, Stopping threads took: 0.0000750 seconds
187.636: Application time: 0.0636130 seconds
187.637: [GC187.637: [ParNew: 37193K->4159K(37632K), 0.0014010 secs] 105315K->73433K(121024K), 0.0014340 secs] [Times: user=0.01 sys=0.00, real=0.00 secs] 
187.638: Total time for which application threads were stopped: 0.0015900 seconds, Stopping threads took: 0.0000910 seconds
187.698: Application time: 0.0602820 seconds
187.698: [GC187.698: [ParNew: 36760K->4132K(37632K), 0.0012400 secs] 106034K->73454K(121024K), 0.0012820 secs] [Times: user=0.00 sys=0.01, real=0.01 secs] 
187.700: Total time for which application threads were stopped: 0.0013980 seconds, Stopping threads took: 0.0000620 seconds
187.760: Application time: 0.0597700 seconds
187.760: [GC187.760: [ParNew: 36745K->4113K(37632K), 0.0017040 secs] 106067K->75484K(121024K), 0.0017360 secs] [Times: user=0.02 sys=0.00, real=0.00 secs] 
187.761: Total time for which application threads were stopped: 0.0018750 seconds, Stopping threads took: 0.0000810 seconds
187.821: Application time: 0.0600910 seconds
187.822: [GC187.822: [ParNew: 36665K->4153K(37632K), 0.0013780 secs] 108035K->76547K(121024K), 0.0014120 secs] [Times: user=0.01 sys=0.00, real=0.00 secs] 
187.823: Total time for which application threads were stopped: 0.0015370 seconds, Stopping threads took: 0.0000670 seconds
187.881: Application time: 0.0583970 seconds
187.883: [GC187.883: [ParNew: 36802K->4114K(37632K), 0.0015920 secs] 109196K->78556K(121024K), 0.0016240 secs] [Times: user=0.01 sys=0.00, real=0.00 secs] 
187.884: Total time for which application threads were stopped: 0.0028780 seconds, Stopping threads took: 0.0011970 seconds
187.946: Application time: 0.0621830 seconds
187.947: [GC187.947: [ParNew: 37061K->4112K(37632K), 0.0019630 secs] 111504K->81626K(121024K), 0.0019970 secs] [Times: user=0.02 sys=0.00, real=0.00 secs] 
187.949: Total time for which application threads were stopped: 0.0021560 seconds, Stopping threads took: 0.0001030 seconds
188.008: Application time: 0.0595380 seconds
188.008: [GC188.008: [ParNew: 36868K->4128K(37632K), 0.0016750 secs] 114382K->83690K(121024K), 0.0017070 secs] [Times: user=0.01 sys=0.00, real=0.00 secs] 
188.010: Total time for which application threads were stopped: 0.0018420 seconds, Stopping threads took: 0.0000770 seconds
188.072: Application time: 0.0615660 seconds
188.072: [GC188.072: [ParNew: 36902K->4131K(37632K), 0.0014860 secs] 116465K->84717K(121024K), 0.0015200 secs] [Times: user=0.01 sys=0.00, real=0.00 secs] 
188.073: Total time for which application threads were stopped: 0.0016680 seconds, Stopping threads took: 0.0000920 seconds
188.138: Application time: 0.0643130 seconds
188.138: [GC188.138: [ParNew: 37147K->4155K(37632K), 0.0011780 secs] 117733K->84765K(121024K), 0.0012090 secs] [Times: user=0.01 sys=0.00, real=0.01 secs] 
188.139: Total time for which application threads were stopped: 0.0014250 seconds, Stopping threads took: 0.0001540 seconds
188.196: Application time: 0.0566150 seconds
188.196: [GC188.196: [ParNew: 36928K->4156K(37632K), 0.0016910 secs] 117539K->86886K(121024K), 0.0017250 secs] [Times: user=0.01 sys=0.00, real=0.00 secs] 
188.197: Total time for which application threads were stopped: 0.0018500 seconds, Stopping threads took: 0.0000680 seconds
188.262: Application time: 0.0648720 seconds
188.262: [GC188.262: [ParNew: 37333K->4152K(37632K), 0.0015180 secs]188.264: [Tenured: 83858K->8736K(84420K), 0.0082670 secs] 120064K->8736K(122052K), [Perm : 5528K->5528K(21248K)], 0.0098810 secs] [Times: user=0.01 sys=0.01, real=0.01 secs] 
188.272: Total time for which application threads were stopped: 0.0100110 seconds, Stopping threads took: 0.0000670 seconds
188.332: Application time: 0.0596690 seconds
188.332: [GC188.332: [ParNew: 32783K->4157K(37632K), 0.0010760 secs] 41519K->12925K(121024K), 0.0011050 secs] [Times: user=0.01 sys=0.00, real=0.00 secs] 
188.333: Total time for which application threads were stopped: 0.0012460 seconds, Stopping threads took: 0.0000850 seconds
188.395: Application time: 0.0619090 seconds
188.399: [GC188.399: [ParNew: 36914K->3114K(37632K), 0.0008500 secs] 45682K->11946K(121024K), 0.0008800 secs] [Times: user=0.01 sys=0.00, real=0.00 secs] 
188.400: Total time for which application threads were stopped: 0.0044220 seconds, Stopping threads took: 0.0034640 seconds
188.460: Application time: 0.0599360 seconds
188.460: [GC188.460: [ParNew: 35744K->4134K(37632K), 0.0013860 secs] 44576K->13990K(121024K), 0.0014250 secs] [Times: user=0.01 sys=0.00, real=0.00 secs] 
188.461: Total time for which application threads were stopped: 0.0015790 seconds, Stopping threads took: 0.0000990 seconds
188.522: Application time: 0.0610600 seconds
188.522: [GC188.522: [ParNew: 36780K->4154K(37632K), 0.0012840 secs] 46636K->15034K(121024K), 0.0013130 secs] [Times: user=0.01 sys=0.00, real=0.00 secs] 
188.524: Total time for which application threads were stopped: 0.0014330 seconds, Stopping threads took: 0.0000690 seconds
188.580: Application time: 0.0562760 seconds
188.580: [GC188.580: [ParNew: 36737K->4114K(37632K), 0.0019580 secs] 47617K->18066K(121024K), 0.0019920 secs] [Times: user=0.01 sys=0.00, real=0.00 secs] 
188.582: Total time for which application threads were stopped: 0.0021170 seconds, Stopping threads took: 0.0000690 seconds
188.645: Application time: 0.0624850 seconds
188.645: [GC188.645: [ParNew: 37078K->4113K(37632K), 0.0019580 secs] 51031K->21137K(121024K), 0.0019960 secs] [Times: user=0.02 sys=0.00, real=0.00 secs] 
188.647: Total time for which application threads were stopped: 0.0021470 seconds, Stopping threads took: 0.0000770 seconds
188.708: Application time: 0.0617290 seconds
188.709: [GC188.709: [ParNew: 36938K->4150K(37632K), 0.0013870 secs] 53962K->22198K(121024K), 0.0014200 secs] [Times: user=0.01 sys=0.00, real=0.00 secs] 
188.710: Total time for which application threads were stopped: 0.0015470 seconds, Stopping threads took: 0.0000690 seconds
188.770: Application time: 0.0605440 seconds
188.771: [GC188.771: [ParNew: 36705K->4136K(37632K), 0.0011910 secs] 54754K->22184K(121024K), 0.0012190 secs] [Times: user=0.01 sys=0.00, real=0.00 secs] 
188.772: Total time for which application threads were stopped: 0.0013740 seconds, Stopping threads took: 0.0000990 seconds
188.833: Application time: 0.0606290 seconds
188.833: [GC188.833: [ParNew: 36989K->4152K(37632K), 0.0014790 secs] 55038K->23248K(121024K), 0.0015120 secs] [Times: user=0.01 sys=0.00, real=0.00 secs] 
188.834: Total time for which application threads were stopped: 0.0017840 seconds, Stopping threads took: 0.0002160 seconds
188.895: Application time: 0.0602130 seconds
188.895: [GC188.895: [ParNew: 37198K->4152K(37632K), 0.0020790 secs] 56294K->26408K(121024K), 0.0021130 secs] [Times: user=0.02 sys=0.00, real=0.00 secs] 
188.897: Total time for which application threads were stopped: 0.0022530 seconds, Stopping threads took: 0.0000790 seconds
188.960: Application time: 0.0629400 seconds
188.960: [GC188.960: [ParNew: 37273K->4155K(37632K), 0.0014100 secs] 59529K->27536K(121024K), 0.0014410 secs] [Times: user=0.01 sys=0.00, real=0.00 secs] 
188.961: Total time for which application threads were stopped: 0.0015760 seconds, Stopping threads took: 0.0000770 seconds
189.019: Application time: 0.0580080 seconds
189.019: [GC189.019: [ParNew: 36770K->4159K(37632K), 0.0011510 secs] 60150K->27619K(121024K), 0.0011790 secs] [Times: user=0.00 sys=0.00, real=0.00 secs] 
189.021: Total time for which application threads were stopped: 0.0012990 seconds, Stopping threads took: 0.0000680 seconds
189.084: Application time: 0.0633050 seconds
189.084: [GC189.084: [ParNew: 36951K->4124K(37632K), 0.0025710 secs] 60411K->27649K(121024K), 0.0026050 secs] [Times: user=0.00 sys=0.01, real=0.00 secs] 
189.087: Total time for which application threads were stopped: 0.0027230 seconds, Stopping threads took: 0.0000620 seconds
189.144: Application time: 0.0574550 seconds
189.144: [GC189.144: [ParNew: 36830K->4132K(37632K), 0.0016470 secs] 60355K->29704K(121024K), 0.0016740 secs] [Times: user=0.01 sys=0.00, real=0.00 secs] 
189.146: Total time for which application threads were stopped: 0.0018060 seconds, Stopping threads took: 0.0000790 seconds
189.207: Application time: 0.0612920 seconds
189.207: [GC189.207: [ParNew: 36841K->4136K(37632K), 0.0013430 secs] 62414K->30733K(121024K), 0.0013760 secs] [Times: user=0.01 sys=0.00, real=0.00 secs] 
189.209: Total time for which application threads were stopped: 0.0015130 seconds, Stopping threads took: 0.0000740 seconds
189.269: Application time: 0.0600630 seconds
189.269: [GC189.269: [ParNew: 36858K->4124K(37632K), 0.0014010 secs] 63455K->31744K(121024K), 0.0014400 secs] [Times: user=0.01 sys=0.00, real=0.00 secs] 
189.270: Total time for which application threads were stopped: 0.0015770 seconds, Stopping threads took: 0.0000810 seconds
189.333: Application time: 0.0625360 seconds
189.333: [GC189.333: [ParNew: 37014K->4114K(37632K), 0.0018920 secs] 64635K->34806K(121024K), 0.0019260 secs] [Times: user=0.02 sys=0.00, real=0.00 secs] 
189.335: Total time for which application threads were stopped: 0.0020620 seconds, Stopping threads took: 0.0000790 seconds
189.396: Application time: 0.0614390 seconds
189.399: [GC189.399: [ParNew: 36955K->4146K(37632K), 0.0014100 secs] 67647K->35862K(121024K), 0.0014430 secs] [Times: user=0.01 sys=0.00, real=0.00 secs] 
189.400: Total time for which application threads were stopped: 0.0037820 seconds, Stopping threads took: 0.0022810 seconds
189.462: Application time: 0.0620400 seconds
189.467: [GC189.467: [ParNew: 36791K->4150K(37632K), 0.0011260 secs] 68507K->35867K(121024K), 0.0011590 secs] [Times: user=0.00 sys=0.00, real=0.00 secs] 
189.468: Total time for which application threads were stopped: 0.0056460 seconds, Stopping threads took: 0.0044330 seconds
189.527: Application time: 0.0593860 seconds
189.527: [GC189.527: [ParNew: 36916K->4159K(37632K), 0.0011710 secs] 68633K->35916K(121024K), 0.0012020 secs] [Times: user=0.01 sys=0.00, real=0.00 secs] 
189.529: Total time for which application threads were stopped: 0.0013290 seconds, Stopping threads took: 0.0000720 seconds
189.591: Application time: 0.0623470 seconds
189.591: [GC189.591: [ParNew: 37265K->4152K(37632K), 0.0020420 secs] 69021K->39069K(121024K), 0.0020780 secs] [Times: user=0.02 sys=0.00, real=0.00 secs] 
189.593: Total time for which application threads were stopped: 0.0022130 seconds, Stopping threads took: 0.0000780 seconds
189.652: Application time: 0.0586760 seconds
189.652: [GC189.652: [ParNew: 36922K->4159K(37632K), 0.0011760 secs] 71839K->39204K(121024K), 0.0012080 secs] [Times: user=0.01 sys=0.00, real=0.00 secs] 
189.653: Total time for which application threads were stopped: 0.0013190 seconds, Stopping threads took: 0.0000560 seconds
189.715: Application time: 0.0615580 seconds
189.715: [GC189.715: [ParNew: 37039K->3159K(37632K), 0.0008670 secs] 72084K->38252K(121024K), 0.0008970 secs] [Times: user=0.01 sys=0.00, real=0.00 secs] 
189.716: Total time for which application threads were stopped: 0.0010370 seconds, Stopping threads took: 0.0000800 seconds
189.775: Application time: 0.0596500 seconds
189.775: [GC189.776: [ParNew: 35783K->4112K(37632K), 0.0016530 secs] 70876K->41345K(121024K), 0.0016860 secs] [Times: user=0.02 sys=0.00, real=0.00 secs] 
189.777: Total time for which application threads were stopped: 0.0018250 seconds, Stopping threads took: 0.0000810 seconds
189.837: Application time: 0.0593950 seconds
189.837: [GC189.837: [ParNew: 36889K->4114K(37632K), 0.0017190 secs] 74122K->43395K(121024K), 0.0017500 secs] [Times: user=0.01 sys=0.00, real=0.00 secs] 
189.838: Total time for which application threads were stopped: 0.0018800 seconds, Stopping threads took: 0.0000740 seconds
189.897: Application time: 0.0585340 seconds
189.897: [GC189.897: [ParNew: 36803K->4116K(37632K), 0.0014810 secs] 76084K->44421K(121024K), 0.0015130 secs] [Times: user=0.01 sys=0.00, real=0.01 secs] 
189.899: Total time for which application threads were stopped: 0.0016340 seconds, Stopping threads took: 0.0000640 seconds
189.963: Application time: 0.0641180 seconds
189.963: [GC189.963: [ParNew: 37049K->4111K(37632K), 0.0016120 secs] 77354K->46464K(121024K), 0.0016440 secs] [Times: user=0.01 sys=0.00, real=0.00 secs] 
189.965: Total time for which application threads were stopped: 0.0017650 seconds, Stopping threads took: 0.0000650 seconds
190.025: Application time: 0.0603570 seconds
190.025: [GC190.025: [ParNew: 36939K->4130K(37632K), 0.0016950 secs] 79292K->48531K(121024K), 0.0017280 secs] [Times: user=0.01 sys=0.00, real=0.00 secs] 
190.027: Total time for which application threads were stopped: 0.0018770 seconds, Stopping threads took: 0.0000830 seconds
190.091: Application time: 0.0641450 seconds
190.091: [GC190.091: [ParNew: 36989K->3126K(37632K), 0.0009410 secs] 81390K->47527K(121024K), 0.0009710 secs] [Times: user=0.01 sys=0.00, real=0.00 secs] 
190.092: Total time for which application threads were stopped: 0.0010910 seconds, Stopping threads took: 0.0000680 seconds
190.152: Application time: 0.0599540 seconds
190.152: [GC190.152: [ParNew: 36598K->4121K(37632K), 0.0012920 secs] 80999K->49546K(121024K), 0.0013210 secs] [Times: user=0.01 sys=0.00, real=0.00 secs] 
190.153: Total time for which application threads were stopped: 0.0014430 seconds, Stopping threads took: 0.0000690 seconds
190.214: Application time: 0.0608300 seconds
190.214: [GC190.214: [ParNew: 37065K->4152K(37632K), 0.0019580 secs] 82490K->52665K(121024K), 0.0019910 secs] [Times: user=0.01 sys=0.00, real=0.00 secs] 
190.216: Total time for which application threads were stopped: 0.0021710 seconds, Stopping threads took: 0.0001260 seconds
190.276: Application time: 0.0600100 seconds
190.277: [GC190.277: [ParNew: 37283K->4159K(37632K), 0.0019660 secs] 85796K->55840K(121024K), 0.0020000 secs] [Times: user=0.01 sys=0.00, real=0.01 secs] 
190.279: Total time for which application threads were stopped: 0.0021640 seconds, Stopping threads took: 0.0000920 seconds
190.341: Application time: 0.0623600 seconds
190.341: [GC190.341: [ParNew: 37153K->4159K(37632K), 0.0013070 secs] 88834K->55976K(121024K), 0.0013370 secs] [Times: user=0.01 sys=0.00, real=0.00 secs] 
190.342: Total time for which application threads were stopped: 0.0014800 seconds, Stopping threads took: 0.0000880 seconds
190.404: Application time: 0.0616660 seconds
190.404: [GC190.404: [ParNew: 37000K->3172K(37632K), 0.0009390 secs] 88817K->55029K(121024K), 0.0009670 secs] [Times: user=0.00 sys=0.00, real=0.00 secs] 
190.405: Total time for which application threads were stopped: 0.0011110 seconds, Stopping threads took: 0.0000880 seconds
190.464: Application time: 0.0590970 seconds
190.464: [GC190.464: [ParNew: 36644K->4112K(37632K), 0.0017650 secs] 88501K->58121K(121024K), 0.0017960 secs] [Times: user=0.01 sys=0.00, real=0.00 secs] 
190.466: Total time for which application threads were stopped: 0.0019510 seconds, Stopping threads took: 0.0001000 seconds
190.528: Application time: 0.0620770 seconds
190.528: [GC190.528: [ParNew: 36995K->4116K(37632K), 0.0017140 secs] 91005K->60174K(121024K), 0.0017460 secs] [Times: user=0.02 sys=0.00, real=0.00 secs] 
190.530: Total time for which application threads were stopped: 0.0018700 seconds, Stopping threads took: 0.0000710 seconds
190.587: Application time: 0.0563800 seconds
190.587: [GC190.587: [ParNew: 36736K->4126K(37632K), 0.0016760 secs] 92793K->62231K(121024K), 0.0017100 secs] [Times: user=0.01 sys=0.00, real=0.00 secs] 
190.588: Total time for which application threads were stopped: 0.0018360 seconds, Stopping threads took: 0.0000720 seconds
190.654: Application time: 0.0652040 seconds
190.654: [GC190.654: [ParNew: 37071K->4116K(37632K), 0.0011590 secs] 95177K->62222K(121024K), 0.0011900 secs] [Times: user=0.01 sys=0.00, real=0.00 secs] 
190.655: Total time for which application threads were stopped: 0.0013200 seconds, Stopping threads took: 0.0000740 seconds
190.716: Application time: 0.0608720 seconds
190.716: [GC190.716: [ParNew: 36957K->4112K(37632K), 0.0019580 secs] 95062K->65289K(121024K), 0.0019930 secs] [Times: user=0.01 sys=0.00, real=0.00 secs] 
190.718: Total time for which application threads were stopped: 0.0021540 seconds, Stopping threads took: 0.0001020 seconds
190.779: Application time: 0.0613730 seconds
190.779: [GC190.780: [ParNew: 36881K->4146K(37632K), 0.0016140 secs] 98058K->66347K(121024K), 0.0016480 secs] [Times: user=0.01 sys=0.00, real=0.00 secs] 
190.781: Total time for which application threads were stopped: 0.0017810 seconds, Stopping threads took: 0.0000670 seconds
190.842: Application time: 0.0613300 seconds
190.843: [GC190.843: [ParNew: 36779K->4132K(37632K), 0.0011480 secs] 98981K->66334K(121024K), 0.0011870 secs] [Times: user=0.01 sys=0.00, real=0.00 secs] 
190.844: Total time for which application threads were stopped: 0.0013140 seconds, Stopping threads took: 0.0000650 seconds
190.904: Application time: 0.0601140 seconds
190.904: [GC190.904: [ParNew: 36998K->4156K(37632K), 0.0014850 secs] 99199K->67398K(121024K), 0.0015150 secs] [Times: user=0.01 sys=0.00, real=0.00 secs] 
190.906: Total time for which application threads were stopped: 0.0016340 seconds, Stopping threads took: 0.0000630 seconds
190.965: Application time: 0.0598630 seconds
190.967: [GC190.967: [ParNew: 37207K->4154K(37632K), 0.0020090 secs] 100449K->70556K(121024K), 0.0020440 secs] [Times: user=0.01 sys=0.00, real=0.00 secs] 
190.969: Total time for which application threads were stopped: 0.0033340 seconds, Stopping threads took: 0.0012320 seconds
191.030: Application time: 0.0610440 seconds
191.030: [GC191.030: [ParNew: 37175K->4159K(37632K), 0.0016030 secs] 103577K->71681K(121024K), 0.0016350 secs] [Times: user=0.01 sys=0.00, real=0.01 secs] 
191.032: Total time for which application threads were stopped: 0.0017920 seconds, Stopping threads took: 0.0000990 seconds
191.095: Application time: 0.0636190 seconds
191.095: [GC191.095: [ParNew: 37135K->3187K(37632K), 0.0009840 secs] 104657K->70773K(121024K), 0.0010140 secs] [Times: user=0.00 sys=0.00, real=0.00 secs] 
191.096: Total time for which application threads were stopped: 0.0011400 seconds, Stopping threads took: 0.0000710 seconds
191.156: Application time: 0.0598610 seconds
191.156: [GC191.156: [ParNew: 36659K->4137K(37632K), 0.0011210 secs] 104245K->71811K(121024K), 0.0011520 secs] [Times: user=0.01 sys=0.00, real=0.00 secs] 
191.158: Total time for which application threads were stopped: 0.0012850 seconds, Stopping threads took: 0.0000770 seconds
191.218: Application time: 0.0608580 seconds
191.218: [GC191.218: [ParNew: 36907K->4118K(37632K), 0.0015930 secs] 104581K->73840K(121024K), 0.0016250 secs] [Times: user=0.01 sys=0.00, real=0.01 secs] 
191.220: Total time for which application threads were stopped: 0.0017480 seconds, Stopping threads took: 0.0000690 seconds
191.275: Application time: 0.0553180 seconds
191.276: [GC191.276: [ParNew: 36735K->4132K(37632K), 0.0017090 secs] 106457K->75902K(121024K), 0.0017410 secs] [Times: user=0.01 sys=0.00, real=0.00 secs] 
191.277: Total time for which application threads were stopped: 0.0018850 seconds, Stopping threads took: 0.0000860 seconds
191.340: Application time: 0.0626170 seconds
191.340: [GC191.340: [ParNew: 37017K->4112K(37632K), 0.0016850 secs] 108787K->77930K(121024K), 0.0017170 secs] [Times: user=0.01 sys=0.00, real=0.00 secs] 
191.342: Total time for which application threads were stopped: 0.0018710 seconds, Stopping threads took: 0.0000900 seconds
191.406: Application time: 0.0642160 seconds
191.407: [GC191.407: [ParNew: 37038K->4112K(37632K), 0.0016370 secs] 110856K->79978K(121024K), 0.0016690 secs] [Times: user=0.01 sys=0.00, real=0.00 secs] 
191.408: Total time for which application threads were stopped: 0.0023130 seconds, Stopping threads took: 0.0005860 seconds
191.470: Application time: 0.0616300 seconds
191.470: [GC191.470: [ParNew: 37008K->4111K(37632K), 0.0013670 secs] 112875K->81001K(121024K), 0.0014010 secs] [Times: user=0.02 sys=0.00, real=0.01 secs] 
191.472: Total time for which application threads were stopped: 0.0015570 seconds, Stopping threads took: 0.0000990 seconds
191.534: Application time: 0.0627010 seconds
191.534: [GC191.534: [ParNew: 36890K->4150K(37632K), 0.0012280 secs] 113780K->81041K(121024K), 0.0012590 secs] [Times: user=0.01 sys=0.00, real=0.00 secs] 
191.536: Total time for which application threads were stopped: 0.0013890 seconds, Stopping threads took: 0.0000750 seconds
191.593: Application time: 0.0577240 seconds
191.593: [GC191.594: [ParNew: 36691K->4154K(37632K), 0.0014200 secs] 113581K->82084K(121024K), 0.0014530 secs] [Times: user=0.01 sys=0.00, real=0.00 secs] 
191.595: Total time for which application threads were stopped: 0.0015970 seconds, Stopping threads took: 0.0000880 seconds
191.657: Application time: 0.0619780 seconds
191.657: [GC191.657: [ParNew: 37282K->4156K(37632K), 0.0021650 secs] 115212K->85254K(121024K), 0.0022070 secs] [Times: user=0.01 sys=0.00, real=0.01 secs] 
191.659: Total time for which application threads were stopped: 0.0023350 seconds, Stopping threads took: 0.0000700 seconds
191.720: Application time: 0.0606900 seconds
191.720: [GC191.720: [ParNew: 37129K->4158K(37632K), 0.0014990 secs] 118228K->86392K(121024K), 0.0015320 secs] [Times: user=0.01 sys=0.00, real=0.00 secs] 
191.722: Total time for which application threads were stopped: 0.0016680 seconds, Stopping threads took: 0.0000800 seconds
191.781: Application time: 0.0598210 seconds
191.782: [GC191.782: [ParNew: 36755K->3170K(37632K), 0.0008650 secs] 118989K->85461K(121024K), 0.0008920 secs] [Times: user=0.00 sys=0.00, real=0.00 secs] 
191.782: Total time for which application threads were stopped: 0.0010260 seconds, Stopping threads took: 0.0000820 seconds
191.839: Application time: 0.0566060 seconds
191.839: [GC191.839: [ParNew: 35633K->4116K(37632K), 0.0019380 secs]191.841: [Tenured: 85458K->11932K(85640K), 0.0084220 secs] 117924K->11932K(123272K), [Perm : 5528K->5528K(21248K)], 0.0105190 secs] [Times: user=0.03 sys=0.00, real=0.00 secs] 
191.850: Total time for which application threads were stopped: 0.0106690 seconds, Stopping threads took: 0.0000860 seconds
191.911: Application time: 0.0612460 seconds
191.911: [GC191.911: [ParNew: 32941K->4118K(37632K), 0.0019700 secs] 44874K->19123K(121024K), 0.0020050 secs] [Times: user=0.01 sys=0.00, real=0.00 secs] 
191.913: Total time for which application threads were stopped: 0.0021450 seconds, Stopping threads took: 0.0000730 seconds
191.973: Application time: 0.0599370 seconds
191.973: [GC191.973: [ParNew: 36952K->4113K(37632K), 0.0017700 secs] 51957K->21174K(121024K), 0.0018090 secs] [Times: user=0.01 sys=0.00, real=0.00 secs] 
191.975: Total time for which application threads were stopped: 0.0019890 seconds, Stopping threads took: 0.0001200 seconds
192.038: Application time: 0.0631630 seconds
192.038: [GC192.038: [ParNew: 37009K->4132K(37632K), 0.0017570 secs] 54070K->23241K(121024K), 0.0017930 secs] [Times: user=0.01 sys=0.00, real=0.01 secs] 
192.040: Total time for which application threads were stopped: 0.0019210 seconds, Stopping threads took: 0.0000680 seconds
192.103: Application time: 0.0631290 seconds
192.103: [GC192.103: [ParNew: 37044K->4115K(37632K), 0.0015800 secs] 56153K->25271K(121024K), 0.0016120 secs] [Times: user=0.02 sys=0.00, real=0.00 secs] 
192.105: Total time for which application threads were stopped: 0.0017690 seconds, Stopping threads took: 0.0001010 seconds
192.166: Application time: 0.0608670 seconds
192.166: [GC192.166: [ParNew: 36848K->4146K(37632K), 0.0015170 secs] 58005K->26327K(121024K), 0.0015520 secs] [Times: user=0.01 sys=0.00, real=0.00 secs] 
192.168: Total time for which application threads were stopped: 0.0016980 seconds, Stopping threads took: 0.0000900 seconds
192.231: Application time: 0.0629490 seconds
192.231: [GC192.231: [ParNew: 36898K->4150K(37632K), 0.0011110 secs] 59079K->26331K(121024K), 0.0011420 secs] [Times: user=0.01 sys=0.00, real=0.00 secs] 
192.232: Total time for which application threads were stopped: 0.0012570 seconds, Stopping threads took: 0.0000600 seconds
192.288: Application time: 0.0563280 seconds
192.288: [GC192.288: [ParNew: 36744K->4156K(37632K), 0.0017150 secs] 58925K->28401K(121024K), 0.0017470 secs] [Times: user=0.01 sys=0.00, real=0.00 secs] 
192.290: Total time for which application threads were stopped: 0.0018840 seconds, Stopping threads took: 0.0000800 seconds
192.353: Application time: 0.0629610 seconds
192.353: [GC192.353: [ParNew: 37313K->4158K(37632K), 0.0016750 secs] 61558K->30555K(121024K), 0.0017130 secs] [Times: user=0.01 sys=0.00, real=0.00 secs] 
192.355: Total time for which application threads were stopped: 0.0018690 seconds, Stopping threads took: 0.0000970 seconds
192.416: Application time: 0.0610930 seconds
192.416: [GC192.416: [ParNew: 37084K->4159K(37632K), 0.0011200 secs] 63481K->30676K(121024K), 0.0011510 secs] [Times: user=0.00 sys=0.00, real=0.00 secs] 
192.417: Total time for which application threads were stopped: 0.0012910 seconds, Stopping threads took: 0.0000750 seconds
192.475: Application time: 0.0581390 seconds
192.476: [GC192.476: [ParNew: 37631K->4159K(37632K), 0.0011560 secs] 64148K->30732K(121024K), 0.0011870 secs] [Times: user=0.01 sys=0.00, real=0.00 secs] 
192.477: Total time for which application threads were stopped: 0.0013070 seconds, Stopping threads took: 0.0000640 seconds
192.540: Application time: 0.0628580 seconds
192.540: [GC192.540: [ParNew: 36996K->4116K(37632K), 0.0012850 secs] 63569K->31785K(121024K), 0.0013150 secs] [Times: user=0.01 sys=0.00, real=0.00 secs] 
192.541: Total time for which application threads were stopped: 0.0014470 seconds, Stopping threads took: 0.0000800 seconds
192.596: Application time: 0.0551960 seconds
192.596: [GC192.596: [ParNew: 36892K->4116K(37632K), 0.0019630 secs] 64561K->34857K(121024K), 0.0019960 secs] [Times: user=0.01 sys=0.00, real=0.00 secs] 
192.598: Total time for which application threads were stopped: 0.0021250 seconds, Stopping threads took: 0.0000710 seconds
192.660: Application time: 0.0618000 seconds
192.660: [GC192.660: [ParNew: 37045K->4112K(37632K), 0.0019720 secs] 67787K->37926K(121024K), 0.0020060 secs] [Times: user=0.01 sys=0.00, real=0.00 secs] 
192.662: Total time for which application threads were stopped: 0.0021420 seconds, Stopping threads took: 0.0000780 seconds
192.727: Application time: 0.0647450 seconds
192.731: [GC192.731: [ParNew: 37079K->4131K(37632K), 0.0013720 secs] 70893K->38968K(121024K), 0.0014050 secs] [Times: user=0.01 sys=0.00, real=0.00 secs] 
192.732: Total time for which application threads were stopped: 0.0050580 seconds, Stopping threads took: 0.0035940 seconds
192.794: Application time: 0.0620420 seconds
192.794: [GC192.794: [ParNew: 36915K->4147K(37632K), 0.0011290 secs] 71752K->38984K(121024K), 0.0011600 secs] [Times: user=0.01 sys=0.00, real=0.00 secs] 
192.795: Total time for which application threads were stopped: 0.0012870 seconds, Stopping threads took: 0.0000680 seconds
192.857: Application time: 0.0611080 seconds
192.857: [GC192.857: [ParNew: 36786K->4117K(37632K), 0.0014450 secs] 71623K->39979K(121024K), 0.0014780 secs] [Times: user=0.01 sys=0.00, real=0.00 secs] 
192.858: Total time for which application threads were stopped: 0.0016520 seconds, Stopping threads took: 0.0001170 seconds
192.919: Application time: 0.0606530 seconds
192.919: [GC192.919: [ParNew: 36762K->4120K(37632K), 0.0014280 secs] 72624K->41005K(121024K), 0.0014590 secs] [Times: user=0.01 sys=0.00, real=0.00 secs] 
192.921: Total time for which application threads were stopped: 0.0016210 seconds, Stopping threads took: 0.0001000 seconds
192.981: Application time: 0.0609080 seconds
192.982: [GC192.982: [ParNew: 37016K->4158K(37632K), 0.0017070 secs] 73902K->43107K(121024K), 0.0017420 secs] [Times: user=0.01 sys=0.00, real=0.00 secs] 
192.983: Total time for which application threads were stopped: 0.0018820 seconds, Stopping threads took: 0.0000840 seconds
193.045: Application time: 0.0614640 seconds
193.045: [GC193.045: [ParNew: 37313K->4153K(37632K), 0.0015410 secs] 76263K->44255K(121024K), 0.0015760 secs] [Times: user=0.01 sys=0.00, real=0.00 secs] 
193.046: Total time for which application threads were stopped: 0.0017240 seconds, Stopping threads took: 0.0000890 seconds
193.106: Application time: 0.0596130 seconds
193.106: [GC193.106: [ParNew: 36734K->4159K(37632K), 0.0012110 secs] 76835K->44356K(121024K), 0.0012420 secs] [Times: user=0.01 sys=0.00, real=0.00 secs] 
193.107: Total time for which application threads were stopped: 0.0013800 seconds, Stopping threads took: 0.0000800 seconds
193.171: Application time: 0.0634560 seconds
193.171: [GC193.171: [ParNew: 37131K->3168K(37632K), 0.0007670 secs] 77329K->43421K(121024K), 0.0007930 secs] [Times: user=0.01 sys=0.00, real=0.00 secs] 
193.172: Total time for which application threads were stopped: 0.0009330 seconds, Stopping threads took: 0.0000900 seconds
193.227: Application time: 0.0552480 seconds
193.227: [GC193.227: [ParNew: 36640K->4114K(37632K), 0.0017050 secs] 76893K->46495K(121024K), 0.0017460 secs] [Times: user=0.02 sys=0.00, real=0.00 secs] 
193.229: Total time for which application threads were stopped: 0.0018780 seconds, Stopping threads took: 0.0000760 seconds
193.288: Application time: 0.0594510 seconds
193.289: [GC193.289: [ParNew: 36974K->4113K(37632K), 0.0019480 secs] 79356K->49567K(121024K), 0.0019800 secs] [Times: user=0.02 sys=0.00, real=0.00 secs] 
193.291: Total time for which application threads were stopped: 0.0021050 seconds, Stopping threads took: 0.0000660 seconds
193.354: Application time: 0.0632130 seconds
193.354: [GC193.354: [ParNew: 37020K->4131K(37632K), 0.0016660 secs] 82474K->51633K(121024K), 0.0017020 secs] [Times: user=0.01 sys=0.00, real=0.00 secs] 
193.356: Total time for which application threads were stopped: 0.0019110 seconds, Stopping threads took: 0.0001510 seconds
193.419: Application time: 0.0635760 seconds
193.419: [GC193.419: [ParNew: 37008K->4132K(37632K), 0.0016120 secs] 84510K->53682K(121024K), 0.0016450 secs] [Times: user=0.01 sys=0.00, real=0.00 secs] 
193.421: Total time for which application threads were stopped: 0.0017660 seconds, Stopping threads took: 0.0000660 seconds
193.482: Application time: 0.0604960 seconds
193.482: [GC193.482: [ParNew: 36871K->4120K(37632K), 0.0010970 secs] 86421K->53670K(121024K), 0.0011290 secs] [Times: user=0.01 sys=0.00, real=0.00 secs] 
193.483: Total time for which application threads were stopped: 0.0012790 seconds, Stopping threads took: 0.0000840 seconds
193.544: Application time: 0.0614780 seconds
193.544: [GC193.544: [ParNew: 36782K->4116K(37632K), 0.0014280 secs] 86332K->54690K(121024K), 0.0014600 secs] [Times: user=0.01 sys=0.00, real=0.00 secs] 
193.546: Total time for which application threads were stopped: 0.0015830 seconds, Stopping threads took: 0.0000660 seconds
193.607: Application time: 0.0610860 seconds
193.607: [GC193.607: [ParNew: 36862K->4120K(37632K), 0.0013500 secs] 87436K->55718K(121024K), 0.0013780 secs] [Times: user=0.01 sys=0.00, real=0.00 secs] 
193.608: Total time for which application threads were stopped: 0.0014870 seconds, Stopping threads took: 0.0000560 seconds
193.670: Application time: 0.0611200 seconds
193.670: [GC193.670: [ParNew: 37213K->4155K(37632K), 0.0015320 secs] 88811K->56793K(121024K), 0.0015650 secs] [Times: user=0.01 sys=0.00, real=0.01 secs] 
193.671: Total time for which application threads were stopped: 0.0017330 seconds, Stopping threads took: 0.0001090 seconds
193.732: Application time: 0.0608360 seconds
193.732: [GC193.732: [ParNew: 37129K->4158K(37632K), 0.0015380 secs] 89767K->57956K(121024K), 0.0015700 secs] [Times: user=0.01 sys=0.00, real=0.00 secs] 
193.734: Total time for which application threads were stopped: 0.0017150 seconds, Stopping threads took: 0.0000900 seconds
193.794: Application time: 0.0603080 seconds
193.794: [GC193.794: [ParNew: 36807K->4154K(37632K), 0.0011890 secs] 90605K->58040K(121024K), 0.0012200 secs] [Times: user=0.01 sys=0.00, real=0.00 secs] 
193.796: Total time for which application threads were stopped: 0.0013550 seconds, Stopping threads took: 0.0000750 seconds
193.861: Application time: 0.0653070 seconds
193.861: [GC193.861: [ParNew: 37249K->2181K(37632K), 0.0006530 secs] 91135K->56091K(121024K), 0.0006810 secs] [Times: user=0.00 sys=0.00, real=0.00 secs] 
193.862: Total time for which application threads were stopped: 0.0008160 seconds, Stopping threads took: 0.0000830 seconds
193.917: Application time: 0.0550980 seconds
193.917: [GC193.917: [ParNew: 35528K->4114K(37632K), 0.0016620 secs] 89439K->60180K(121024K), 0.0016950 secs] [Times: user=0.02 sys=0.00, real=0.00 secs] 
193.919: Total time for which application threads were stopped: 0.0018300 seconds, Stopping threads took: 0.0000720 seconds
193.980: Application time: 0.0612160 seconds
193.980: [GC193.980: [ParNew: 37006K->4116K(37632K), 0.0016530 secs] 93072K->62230K(121024K), 0.0016850 secs] [Times: user=0.01 sys=0.00, real=0.00 secs] 
193.982: Total time for which application threads were stopped: 0.0018250 seconds, Stopping threads took: 0.0000760 seconds
194.042: Application time: 0.0603170 seconds
194.042: [GC194.042: [ParNew: 36910K->4130K(37632K), 0.0016370 secs] 95024K->64292K(121024K), 0.0016670 secs] [Times: user=0.01 sys=0.00, real=0.00 secs] 
194.044: Total time for which application threads were stopped: 0.0019070 seconds, Stopping threads took: 0.0001740 seconds
194.104: Application time: 0.0605640 seconds
194.105: [GC194.105: [ParNew: 36899K->4112K(37632K), 0.0017340 secs] 97061K->66322K(121024K), 0.0017690 secs] [Times: user=0.01 sys=0.00, real=0.00 secs] 
194.106: Total time for which application threads were stopped: 0.0019110 seconds, Stopping threads took: 0.0000840 seconds
194.172: Application time: 0.0659700 seconds
194.175: [GC194.175: [ParNew: 37117K->4137K(37632K), 0.0010820 secs] 99327K->66348K(121024K), 0.0011140 secs] [Times: user=0.01 sys=0.00, real=0.00 secs] 
194.176: Total time for which application threads were stopped: 0.0035050 seconds, Stopping threads took: 0.0023360 seconds
194.240: Application time: 0.0639480 seconds
194.240: [GC194.240: [ParNew: 36992K->4129K(37632K), 0.0011080 secs] 99202K->66339K(121024K), 0.0011370 secs] [Times: user=0.01 sys=0.00, real=0.00 secs] 
194.241: Total time for which application threads were stopped: 0.0012670 seconds, Stopping threads took: 0.0000740 seconds
194.297: Application time: 0.0558220 seconds
194.297: [GC194.297: [ParNew: 37601K->4116K(37632K), 0.0020720 secs] 99811K->69399K(121024K), 0.0021060 secs] [Times: user=0.01 sys=0.00, real=0.01 secs] 
194.299: Total time for which application threads were stopped: 0.0023240 seconds, Stopping threads took: 0.0001600 seconds
194.364: Application time: 0.0650690 seconds
194.364: [GC194.364: [ParNew: 37314K->4152K(37632K), 0.0019250 secs] 102597K->72522K(121024K), 0.0019560 secs] [Times: user=0.01 sys=0.00, real=0.00 secs] 
194.366: Total time for which application threads were stopped: 0.0021050 seconds, Stopping threads took: 0.0000890 seconds
194.428: Application time: 0.0619930 seconds
194.429: [GC194.429: [ParNew: 37349K->4158K(37632K), 0.0017910 secs] 105719K->74720K(121024K), 0.0018260 secs] [Times: user=0.01 sys=0.00, real=0.00 secs] 
194.430: Total time for which application threads were stopped: 0.0020270 seconds, Stopping threads took: 0.0001410 seconds
194.493: Application time: 0.0628950 seconds
194.493: [GC194.493: [ParNew: 36948K->3186K(37632K), 0.0008810 secs] 107510K->73812K(121024K), 0.0009120 secs] [Times: user=0.01 sys=0.00, real=0.00 secs] 
194.494: Total time for which application threads were stopped: 0.0010540 seconds, Stopping threads took: 0.0000870 seconds
194.554: Application time: 0.0592210 seconds
194.554: [GC194.554: [ParNew: 35635K->2148K(37632K), 0.0007380 secs] 106261K->72838K(121024K), 0.0007640 secs] [Times: user=0.01 sys=0.00, real=0.00 secs] 
194.554: Total time for which application threads were stopped: 0.0008850 seconds, Stopping threads took: 0.0000640 seconds
194.609: Application time: 0.0545360 seconds
194.609: [GC194.609: [ParNew: 34627K->4116K(37632K), 0.0016990 secs] 105318K->76950K(121024K), 0.0017330 secs] [Times: user=0.01 sys=0.00, real=0.01 secs] 
194.611: Total time for which application threads were stopped: 0.0018670 seconds, Stopping threads took: 0.0000790 seconds
194.672: Application time: 0.0615550 seconds
194.673: [GC194.673: [ParNew: 37014K->4113K(37632K), 0.0016590 secs] 109849K->78996K(121024K), 0.0016920 secs] [Times: user=0.01 sys=0.00, real=0.00 secs] 
194.674: Total time for which application threads were stopped: 0.0018760 seconds, Stopping threads took: 0.0001280 seconds
194.736: Application time: 0.0612680 seconds
194.736: [GC194.736: [ParNew: 37002K->4133K(37632K), 0.0016570 secs] 111884K->81064K(121024K), 0.0016900 secs] [Times: user=0.01 sys=0.00, real=0.00 secs] 
194.737: Total time for which application threads were stopped: 0.0018170 seconds, Stopping threads took: 0.0000680 seconds
194.799: Application time: 0.0617300 seconds
194.799: [GC194.799: [ParNew: 36942K->4114K(37632K), 0.0017500 secs] 113872K->83093K(121024K), 0.0017920 secs] [Times: user=0.02 sys=0.00, real=0.00 secs] 
194.801: Total time for which application threads were stopped: 0.0019240 seconds, Stopping threads took: 0.0000750 seconds
194.866: Application time: 0.0646520 seconds
194.866: [GC194.866: [ParNew: 37094K->4115K(37632K), 0.0013420 secs] 116073K->84118K(121024K), 0.0013740 secs] [Times: user=0.01 sys=0.00, real=0.00 secs] 
194.867: Total time for which application threads were stopped: 0.0015210 seconds, Stopping threads took: 0.0000890 seconds
194.925: Application time: 0.0577430 seconds
194.925: [GC194.925: [ParNew: 36646K->4130K(37632K), 0.0015610 secs] 116649K->85157K(121024K), 0.0015920 secs] [Times: user=0.00 sys=0.00, real=0.00 secs] 
194.927: Total time for which application threads were stopped: 0.0017140 seconds, Stopping threads took: 0.0000660 seconds
194.990: Application time: 0.0638100 seconds
194.991: [GC194.991: [ParNew: 36940K->4118K(37632K), 0.0014040 secs] 117967K->86169K(121024K), 0.0014350 secs] [Times: user=0.01 sys=0.00, real=0.00 secs] 
194.992: Total time for which application threads were stopped: 0.0015800 seconds, Stopping threads took: 0.0000890 seconds
195.052: Application time: 0.0594500 seconds
195.052: [GC195.052: [ParNew: 37079K->4152K(37632K), 0.0018940 secs]195.054: [Tenured: 84130K->11099K(84420K), 0.0093920 secs] 119130K->11099K(122052K), [Perm : 5528K->5528K(21248K)], 0.0113900 secs] [Times: user=0.02 sys=0.00, real=0.01 secs] 
195.063: Total time for which application threads were stopped: 0.0116050 seconds, Stopping threads took: 0.0001510 seconds
195.128: Application time: 0.0646050 seconds
195.128: [GC195.128: [ParNew: 33149K->3193K(37632K), 0.0009270 secs] 44248K->14293K(121024K), 0.0009550 secs] [Times: user=0.01 sys=0.00, real=0.00 secs] 
195.129: Total time for which application threads were stopped: 0.0011150 seconds, Stopping threads took: 0.0000990 seconds
195.188: Application time: 0.0590510 seconds
195.188: [GC195.188: [ParNew: 35699K->3136K(37632K), 0.0007930 secs] 46799K->14356K(121024K), 0.0008240 secs] [Times: user=0.01 sys=0.00, real=0.00 secs] 
195.189: Total time for which application threads were stopped: 0.0009710 seconds, Stopping threads took: 0.0000920 seconds
195.247: Application time: 0.0583010 seconds
195.247: [GC195.247: [ParNew: 35875K->4158K(37632K), 0.0013300 secs] 47095K->16473K(121024K), 0.0013610 secs] [Times: user=0.01 sys=0.00, real=0.00 secs] 
195.249: Total time for which application threads were stopped: 0.0014880 seconds, Stopping threads took: 0.0000730 seconds
195.306: Application time: 0.0574810 seconds
195.306: [GC195.306: [ParNew: 36852K->4145K(37632K), 0.0015960 secs] 49168K->18572K(121024K), 0.0016280 secs] [Times: user=0.02 sys=0.00, real=0.00 secs] 
195.308: Total time for which application threads were stopped: 0.0017590 seconds, Stopping threads took: 0.0000740 seconds
195.371: Application time: 0.0627410 seconds
195.371: [GC195.371: [ParNew: 37029K->4114K(37632K), 0.0015940 secs] 51456K->20630K(121024K), 0.0016240 secs] [Times: user=0.01 sys=0.00, real=0.00 secs] 
195.372: Total time for which application threads were stopped: 0.0017450 seconds, Stopping threads took: 0.0000660 seconds
195.431: Application time: 0.0586270 seconds
195.431: [GC195.431: [ParNew: 36946K->4128K(37632K), 0.0016620 secs] 53461K->22691K(121024K), 0.0016950 secs] [Times: user=0.01 sys=0.00, real=0.00 secs] 
195.433: Total time for which application threads were stopped: 0.0018990 seconds, Stopping threads took: 0.0001480 seconds
195.497: Application time: 0.0645410 seconds
195.498: [GC195.498: [ParNew: 37037K->4148K(37632K), 0.0014230 secs] 55601K->23735K(121024K), 0.0014550 secs] [Times: user=0.01 sys=0.00, real=0.01 secs] 
195.499: Total time for which application threads were stopped: 0.0015910 seconds, Stopping threads took: 0.0000770 seconds
195.559: Application time: 0.0600750 seconds
195.559: [GC195.559: [ParNew: 36774K->4134K(37632K), 0.0013580 secs] 56361K->24745K(121024K), 0.0013890 secs] [Times: user=0.01 sys=0.00, real=0.00 secs] 
195.561: Total time for which application threads were stopped: 0.0015550 seconds, Stopping threads took: 0.0001030 seconds
195.625: Application time: 0.0642700 seconds
195.625: [GC195.625: [ParNew: 37021K->4116K(37632K), 0.0010870 secs] 57633K->24728K(121024K), 0.0011170 secs] [Times: user=0.01 sys=0.00, real=0.00 secs] 
195.626: Total time for which application threads were stopped: 0.0012480 seconds, Stopping threads took: 0.0000760 seconds
195.686: Application time: 0.0601950 seconds
195.687: [GC195.687: [ParNew: 36808K->4117K(37632K), 0.0016660 secs] 57420K->26777K(121024K), 0.0016990 secs] [Times: user=0.02 sys=0.00, real=0.00 secs] 
195.688: Total time for which application threads were stopped: 0.0018320 seconds, Stopping threads took: 0.0000680 seconds
195.749: Application time: 0.0604380 seconds
195.749: [GC195.749: [ParNew: 36860K->4159K(37632K), 0.0011450 secs] 59520K->26867K(121024K), 0.0011770 secs] [Times: user=0.01 sys=0.00, real=0.00 secs] 
195.750: Total time for which application threads were stopped: 0.0012870 seconds, Stopping threads took: 0.0000560 seconds
195.806: Application time: 0.0562140 seconds
195.806: [GC195.806: [ParNew: 36633K->4145K(37632K), 0.0016960 secs] 59341K->28941K(121024K), 0.0017280 secs] [Times: user=0.01 sys=0.00, real=0.00 secs] 
195.808: Total time for which application threads were stopped: 0.0018610 seconds, Stopping threads took: 0.0000760 seconds
195.869: Application time: 0.0605910 seconds
195.869: [GC195.869: [ParNew: 37292K->4159K(37632K), 0.0017040 secs] 62088K->31123K(121024K), 0.0017380 secs] [Times: user=0.01 sys=0.00, real=0.00 secs] 
195.871: Total time for which application threads were stopped: 0.0018870 seconds, Stopping threads took: 0.0000930 seconds
195.931: Application time: 0.0603620 seconds
195.931: [GC195.931: [ParNew: 36966K->4158K(37632K), 0.0016830 secs] 63930K->33250K(121024K), 0.0017060 secs] [Times: user=0.02 sys=0.00, real=0.00 secs] 
195.933: Total time for which application threads were stopped: 0.0020670 seconds, Stopping threads took: 0.0003050 seconds
195.994: Application time: 0.0610610 seconds
195.994: [GC195.994: [ParNew: 37106K->4158K(37632K), 0.0017180 secs] 66198K->35370K(121024K), 0.0017520 secs] [Times: user=0.02 sys=0.00, real=0.00 secs] 
195.996: Total time for which application threads were stopped: 0.0018890 seconds, Stopping threads took: 0.0000800 seconds
196.058: Application time: 0.0618980 seconds
196.058: [GC196.058: [ParNew: 36980K->4115K(37632K), 0.0016250 secs] 68192K->37423K(121024K), 0.0016570 secs] [Times: user=0.01 sys=0.00, real=0.01 secs] 
196.060: Total time for which application threads were stopped: 0.0018180 seconds, Stopping threads took: 0.0001070 seconds
196.121: Application time: 0.0614050 seconds
196.121: [GC196.121: [ParNew: 36974K->4113K(37632K), 0.0017230 secs] 70282K->39469K(121024K), 0.0017550 secs] [Times: user=0.01 sys=0.00, real=0.00 secs] 
196.123: Total time for which application threads were stopped: 0.0018860 seconds, Stopping threads took: 0.0000730 seconds
196.186: Application time: 0.0632520 seconds
196.186: [GC196.186: [ParNew: 36921K->4117K(37632K), 0.0016070 secs] 72277K->41521K(121024K), 0.0016380 secs] [Times: user=0.01 sys=0.00, real=0.00 secs] 
196.188: Total time for which application threads were stopped: 0.0017860 seconds, Stopping threads took: 0.0000910 seconds
196.247: Application time: 0.0585190 seconds
196.247: [GC196.247: [ParNew: 36690K->4134K(37632K), 0.0014660 secs] 74094K->42562K(121024K), 0.0014970 secs] [Times: user=0.01 sys=0.00, real=0.00 secs] 
196.248: Total time for which application threads were stopped: 0.0016730 seconds, Stopping threads took: 0.0001100 seconds
196.313: Application time: 0.0644520 seconds
196.313: [GC196.313: [ParNew: 36992K->4120K(37632K), 0.0011870 secs] 75420K->42548K(121024K), 0.0012160 secs] [Times: user=0.01 sys=0.00, real=0.00 secs] 
196.314: Total time for which application threads were stopped: 0.0013360 seconds, Stopping threads took: 0.0000650 seconds
196.373: Application time: 0.0591760 seconds
196.373: [GC196.373: [ParNew: 36794K->4113K(37632K), 0.0016700 secs] 75222K->44590K(121024K), 0.0017120 secs] [Times: user=0.01 sys=0.00, real=0.00 secs] 
196.375: Total time for which application threads were stopped: 0.0018580 seconds, Stopping threads took: 0.0000890 seconds
196.437: Application time: 0.0617230 seconds
196.437: [GC196.437: [ParNew: 37040K->4158K(37632K), 0.0013700 secs] 77516K->45706K(121024K), 0.0014030 secs] [Times: user=0.01 sys=0.00, real=0.00 secs] 
196.438: Total time for which application threads were stopped: 0.0015330 seconds, Stopping threads took: 0.0000730 seconds
196.495: Application time: 0.0566240 seconds
196.495: [GC196.495: [ParNew: 36698K->4159K(37632K), 0.0014440 secs] 78246K->46827K(121024K), 0.0014780 secs] [Times: user=0.01 sys=0.00, real=0.00 secs] 
196.496: Total time for which application threads were stopped: 0.0015970 seconds, Stopping threads took: 0.0000630 seconds
196.558: Application time: 0.0619840 seconds
196.559: [GC196.559: [ParNew: 37110K->4156K(37632K), 0.0016480 secs] 79778K->48961K(121024K), 0.0016830 secs] [Times: user=0.01 sys=0.00, real=0.00 secs] 
196.560: Total time for which application threads were stopped: 0.0018090 seconds, Stopping threads took: 0.0000610 seconds
196.619: Application time: 0.0587560 seconds
196.619: [GC196.619: [ParNew: 37050K->4158K(37632K), 0.0016740 secs] 81855K->51098K(121024K), 0.0017050 secs] [Times: user=0.01 sys=0.00, real=0.00 secs] 
196.621: Total time for which application threads were stopped: 0.0018340 seconds, Stopping threads took: 0.0000750 seconds
196.682: Application time: 0.0613250 seconds
196.682: [GC196.682: [ParNew: 37080K->4145K(37632K), 0.0015810 secs] 84021K->53197K(121024K), 0.0016130 secs] [Times: user=0.01 sys=0.00, real=0.00 secs] 
196.684: Total time for which application threads were stopped: 0.0017520 seconds, Stopping threads took: 0.0000830 seconds
196.744: Application time: 0.0604090 seconds
196.744: [GC196.745: [ParNew: 36968K->4113K(37632K), 0.0019880 secs] 86021K->56293K(121024K), 0.0020220 secs] [Times: user=0.01 sys=0.00, real=0.00 secs] 
196.747: Total time for which application threads were stopped: 0.0021530 seconds, Stopping threads took: 0.0000730 seconds
196.810: Application time: 0.0632870 seconds
196.811: [GC196.811: [ParNew: 37031K->4131K(37632K), 0.0017040 secs] 89211K->58359K(121024K), 0.0017380 secs] [Times: user=0.01 sys=0.00, real=0.00 secs] 
196.812: Total time for which application threads were stopped: 0.0026280 seconds, Stopping threads took: 0.0008220 seconds
196.874: Application time: 0.0620210 seconds
196.875: [GC196.875: [ParNew: 36889K->4139K(37632K), 0.0013880 secs] 91118K->59392K(121024K), 0.0014240 secs] [Times: user=0.01 sys=0.00, real=0.00 secs] 
196.876: Total time for which application threads were stopped: 0.0015420 seconds, Stopping threads took: 0.0000620 seconds
196.936: Application time: 0.0597400 seconds
196.936: [GC196.936: [ParNew: 36687K->4130K(37632K), 0.0014410 secs] 91939K->60407K(121024K), 0.0014740 secs] [Times: user=0.01 sys=0.00, real=0.00 secs] 
196.937: Total time for which application threads were stopped: 0.0016110 seconds, Stopping threads took: 0.0000830 seconds
196.997: Application time: 0.0593390 seconds
196.997: [GC196.997: [ParNew: 36850K->4116K(37632K), 0.0016840 secs] 93127K->62441K(121024K), 0.0017170 secs] [Times: user=0.02 sys=0.00, real=0.00 secs] 
196.999: Total time for which application threads were stopped: 0.0018420 seconds, Stopping threads took: 0.0000680 seconds
197.061: Application time: 0.0627890 seconds
197.061: [GC197.061: [ParNew: 37008K->4149K(37632K), 0.0013880 secs] 95333K->63497K(121024K), 0.0014170 secs] [Times: user=0.01 sys=0.00, real=0.00 secs] 
197.063: Total time for which application threads were stopped: 0.0015400 seconds, Stopping threads took: 0.0000670 seconds
197.122: Application time: 0.0594270 seconds
197.122: [GC197.122: [ParNew: 36999K->4157K(37632K), 0.0014810 secs] 96348K->64562K(121024K), 0.0015130 secs] [Times: user=0.01 sys=0.01, real=0.00 secs] 
197.124: Total time for which application threads were stopped: 0.0016560 seconds, Stopping threads took: 0.0000860 seconds
197.187: Application time: 0.0626030 seconds
197.187: [GC197.187: [ParNew: 37003K->4159K(37632K), 0.0011830 secs] 97408K->64668K(121024K), 0.0012210 secs] [Times: user=0.01 sys=0.00, real=0.00 secs] 
197.188: Total time for which application threads were stopped: 0.0013570 seconds, Stopping threads took: 0.0000800 seconds
197.246: Application time: 0.0581100 seconds
197.246: [GC197.246: [ParNew: 36879K->4158K(37632K), 0.0014450 secs] 97388K->65739K(121024K), 0.0014770 secs] [Times: user=0.02 sys=0.00, real=0.00 secs] 
197.248: Total time for which application threads were stopped: 0.0016010 seconds, Stopping threads took: 0.0000690 seconds
197.306: Application time: 0.0586270 seconds
197.306: [GC197.306: [ParNew: 37108K->4140K(37632K), 0.0019590 secs] 98689K->68889K(121024K), 0.0019960 secs] [Times: user=0.02 sys=0.00, real=0.00 secs] 
197.308: Total time for which application threads were stopped: 0.0021330 seconds, Stopping threads took: 0.0000770 seconds
197.372: Application time: 0.0632560 seconds
197.372: [GC197.372: [ParNew: 37179K->4144K(37632K), 0.0017070 secs] 101928K->71005K(121024K), 0.0017420 secs] [Times: user=0.01 sys=0.00, real=0.00 secs] 
197.374: Total time for which application threads were stopped: 0.0019000 seconds, Stopping threads took: 0.0000900 seconds
197.437: Application time: 0.0631690 seconds
197.437: [GC197.437: [ParNew: 36991K->4150K(37632K), 0.0010940 secs] 103852K->71035K(121024K), 0.0011240 secs] [Times: user=0.01 sys=0.00, real=0.00 secs] 
197.438: Total time for which application threads were stopped: 0.0012490 seconds, Stopping threads took: 0.0000710 seconds
197.500: Application time: 0.0620520 seconds
197.500: [GC197.500: [ParNew: 36778K->3110K(37632K), 0.0008970 secs] 103663K->69995K(121024K), 0.0009270 secs] [Times: user=0.00 sys=0.00, real=0.00 secs] 
197.501: Total time for which application threads were stopped: 0.0010730 seconds, Stopping threads took: 0.0000940 seconds
197.561: Application time: 0.0594200 seconds
197.561: [GC197.561: [ParNew: 36575K->4114K(37632K), 0.0015790 secs] 103460K->73047K(121024K), 0.0016070 secs] [Times: user=0.01 sys=0.00, real=0.00 secs] 
197.562: Total time for which application threads were stopped: 0.0017250 seconds, Stopping threads took: 0.0000620 seconds
197.621: Application time: 0.0585640 seconds
197.621: [GC197.621: [ParNew: 36839K->4116K(37632K), 0.0019620 secs] 105772K->76121K(121024K), 0.0019940 secs] [Times: user=0.01 sys=0.00, real=0.00 secs] 
197.623: Total time for which application threads were stopped: 0.0021280 seconds, Stopping threads took: 0.0000800 seconds
197.684: Application time: 0.0608690 seconds
197.684: [GC197.684: [ParNew: 37044K->4112K(37632K), 0.0019240 secs] 109049K->79189K(121024K), 0.0019600 secs] [Times: user=0.01 sys=0.00, real=0.00 secs] 
197.686: Total time for which application threads were stopped: 0.0021110 seconds, Stopping threads took: 0.0000940 seconds
197.749: Application time: 0.0626560 seconds
197.749: [GC197.749: [ParNew: 37030K->4114K(37632K), 0.0014890 secs] 112107K->80215K(121024K), 0.0015260 secs] [Times: user=0.00 sys=0.00, real=0.00 secs] 
197.750: Total time for which application threads were stopped: 0.0016870 seconds, Stopping threads took: 0.0001030 seconds
197.815: Application time: 0.0648230 seconds
197.815: [GC197.815: [ParNew: 37269K->4159K(37632K), 0.0012310 secs] 113370K->80325K(121024K), 0.0012620 secs] [Times: user=0.01 sys=0.00, real=0.00 secs] 
197.817: Total time for which application threads were stopped: 0.0014110 seconds, Stopping threads took: 0.0000910 seconds
197.875: Application time: 0.0580640 seconds
197.875: [GC197.875: [ParNew: 37631K->4159K(37632K), 0.0011740 secs] 113797K->80428K(121024K), 0.0012020 secs] [Times: user=0.01 sys=0.00, real=0.00 secs] 
197.876: Total time for which application threads were stopped: 0.0013230 seconds, Stopping threads took: 0.0000590 seconds
197.940: Application time: 0.0644020 seconds
197.943: [GC197.943: [ParNew: 37063K->3126K(37632K), 0.0008370 secs] 113332K->79491K(121024K), 0.0008630 secs] [Times: user=0.01 sys=0.00, real=0.00 secs] 
197.944: Total time for which application threads were stopped: 0.0032330 seconds, Stopping threads took: 0.0023100 seconds
197.999: Application time: 0.0555380 seconds
197.999: [GC197.999: [ParNew: 35969K->4141K(37632K), 0.0019450 secs] 112335K->83642K(121024K), 0.0019800 secs] [Times: user=0.02 sys=0.00, real=0.00 secs] 
198.001: Total time for which application threads were stopped: 0.0021200 seconds, Stopping threads took: 0.0000820 seconds
198.062: Application time: 0.0609540 seconds
198.062: [GC198.062: [ParNew: 37190K->4142K(37632K), 0.0021200 secs] 116691K->86771K(121024K), 0.0021540 secs] [Times: user=0.01 sys=0.00, real=0.00 secs] 
198.065: Total time for which application threads were stopped: 0.0023700 seconds, Stopping threads took: 0.0001580 seconds
198.131: Application time: 0.0665720 seconds
198.131: [GC198.131: [ParNew: 37152K->4113K(37632K), 0.0012030 secs] 119781K->86799K(121024K), 0.0012330 secs] [Times: user=0.01 sys=0.00, real=0.00 secs] 
198.133: Total time for which application threads were stopped: 0.0014390 seconds, Stopping threads took: 0.0001490 seconds
198.197: Application time: 0.0643940 seconds
198.197: [GC198.197: [ParNew: 36886K->4146K(37632K), 0.0010960 secs] 119571K->86832K(121024K), 0.0011270 secs] [Times: user=0.01 sys=0.00, real=0.00 secs] 
198.198: Total time for which application threads were stopped: 0.0012580 seconds, Stopping threads took: 0.0000750 seconds
198.258: Application time: 0.0593630 seconds
198.258: [GC198.258: [ParNew: 37501K->3114K(37632K), 0.0008610 secs] 120186K->85799K(121024K), 0.0008980 secs] [Times: user=0.00 sys=0.01, real=0.01 secs] 
198.259: Total time for which application threads were stopped: 0.0010160 seconds, Stopping threads took: 0.0000640 seconds
198.320: Application time: 0.0614770 seconds
198.320: [GC198.320: [ParNew: 35836K->4119K(37632K), 0.0015580 secs]198.322: [Tenured: 84733K->11211K(85448K), 0.0086650 secs] 118522K->11211K(123080K), [Perm : 5528K->5528K(21248K)], 0.0103550 secs] [Times: user=0.02 sys=0.00, real=0.00 secs] 
198.331: Total time for which application threads were stopped: 0.0105120 seconds, Stopping threads took: 0.0000840 seconds
198.391: Application time: 0.0604740 seconds
198.391: [GC198.391: [ParNew: 32813K->4110K(37632K), 0.0018400 secs] 44024K->18393K(121024K), 0.0018720 secs] [Times: user=0.01 sys=0.00, real=0.00 secs] 
198.393: Total time for which application threads were stopped: 0.0020080 seconds, Stopping threads took: 0.0000720 seconds
198.453: Application time: 0.0600370 seconds
198.453: [GC198.453: [ParNew: 36999K->4150K(37632K), 0.0014460 secs] 51282K->19457K(121024K), 0.0014790 secs] [Times: user=0.01 sys=0.00, real=0.00 secs] 
198.455: Total time for which application threads were stopped: 0.0016820 seconds, Stopping threads took: 0.0001460 seconds
198.521: Application time: 0.0663310 seconds
198.521: [GC198.521: [ParNew: 37293K->3150K(37632K), 0.0008820 secs] 52600K->18457K(121024K), 0.0009080 secs] [Times: user=0.01 sys=0.00, real=0.00 secs] 
198.522: Total time for which application threads were stopped: 0.0010350 seconds, Stopping threads took: 0.0000740 seconds
198.579: Application time: 0.0569150 seconds
198.579: [GC198.579: [ParNew: 35663K->3199K(37632K), 0.0008280 secs] 50970K->18610K(121024K), 0.0008570 secs] [Times: user=0.01 sys=0.00, real=0.00 secs] 
198.580: Total time for which application threads were stopped: 0.0009810 seconds, Stopping threads took: 0.0000720 seconds
198.644: Application time: 0.0635010 seconds
198.644: [GC198.644: [ParNew: 36141K->4146K(37632K), 0.0012640 secs] 51552K->20717K(121024K), 0.0012950 secs] [Times: user=0.01 sys=0.00, real=0.00 secs] 
198.645: Total time for which application threads were stopped: 0.0014180 seconds, Stopping threads took: 0.0000680 seconds
198.703: Application time: 0.0575790 seconds
198.703: [GC198.703: [ParNew: 36931K->4140K(37632K), 0.0018990 secs] 53503K->23839K(121024K), 0.0019320 secs] [Times: user=0.01 sys=0.00, real=0.00 secs] 
198.705: Total time for which application threads were stopped: 0.0020510 seconds, Stopping threads took: 0.0000600 seconds
198.767: Application time: 0.0626070 seconds
198.767: [GC198.767: [ParNew: 37198K->4140K(37632K), 0.0016660 secs] 56897K->25943K(121024K), 0.0017080 secs] [Times: user=0.01 sys=0.00, real=0.00 secs] 
198.769: Total time for which application threads were stopped: 0.0018250 seconds, Stopping threads took: 0.0000600 seconds
198.830: Application time: 0.0605690 seconds
198.830: [GC198.830: [ParNew: 36850K->4151K(37632K), 0.0014630 secs] 58653K->27043K(121024K), 0.0014960 secs] [Times: user=0.01 sys=0.00, real=0.01 secs] 
198.831: Total time for which application threads were stopped: 0.0016520 seconds, Stopping threads took: 0.0001000 seconds
198.892: Application time: 0.0606580 seconds
198.892: [GC198.892: [ParNew: 36691K->4134K(37632K), 0.0011210 secs] 59583K->27026K(121024K), 0.0011500 secs] [Times: user=0.00 sys=0.00, real=0.00 secs] 
198.893: Total time for which application threads were stopped: 0.0012800 seconds, Stopping threads took: 0.0000670 seconds
198.957: Application time: 0.0635470 seconds
198.957: [GC198.957: [ParNew: 36974K->4115K(37632K), 0.0013950 secs] 59866K->28031K(121024K), 0.0014240 secs] [Times: user=0.01 sys=0.00, real=0.00 secs] 
198.958: Total time for which application threads were stopped: 0.0015600 seconds, Stopping threads took: 0.0000820 seconds
199.016: Application time: 0.0577390 seconds
199.016: [GC199.016: [ParNew: 36750K->4118K(37632K), 0.0016220 secs] 60665K->30081K(121024K), 0.0016560 secs] [Times: user=0.01 sys=0.00, real=0.00 secs] 
199.018: Total time for which application threads were stopped: 0.0017750 seconds, Stopping threads took: 0.0000610 seconds
199.078: Application time: 0.0596920 seconds
199.078: [GC199.078: [ParNew: 36882K->4128K(37632K), 0.0016950 secs] 62846K->32139K(121024K), 0.0017290 secs] [Times: user=0.01 sys=0.00, real=0.01 secs] 
199.079: Total time for which application threads were stopped: 0.0019170 seconds, Stopping threads took: 0.0001290 seconds
199.143: Application time: 0.0632580 seconds
199.143: [GC199.143: [ParNew: 36952K->4148K(37632K), 0.0014590 secs] 64964K->33184K(121024K), 0.0016130 secs] [Times: user=0.01 sys=0.00, real=0.00 secs] 
199.144: Total time for which application threads were stopped: 0.0017350 seconds, Stopping threads took: 0.0000630 seconds
199.209: Application time: 0.0641870 seconds
199.209: [GC199.209: [ParNew: 37220K->4158K(37632K), 0.0010340 secs] 66256K->33273K(121024K), 0.0010660 secs] [Times: user=0.01 sys=0.00, real=0.00 secs] 
199.210: Total time for which application threads were stopped: 0.0011960 seconds, Stopping threads took: 0.0000760 seconds
199.267: Application time: 0.0569650 seconds
199.267: [GC199.267: [ParNew: 37630K->4145K(37632K), 0.0017130 secs] 66745K->35357K(121024K), 0.0017500 secs] [Times: user=0.02 sys=0.00, real=0.00 secs] 
199.269: Total time for which application threads were stopped: 0.0018650 seconds, Stopping threads took: 0.0000570 seconds
199.332: Application time: 0.0629350 seconds
199.332: [GC199.332: [ParNew: 37327K->4158K(37632K), 0.0015720 secs] 68539K->37522K(121024K), 0.0016040 secs] [Times: user=0.01 sys=0.00, real=0.00 secs] 
199.333: Total time for which application threads were stopped: 0.0017250 seconds, Stopping threads took: 0.0000660 seconds
199.390: Application time: 0.0561920 seconds
199.390: [GC199.390: [ParNew: 36948K->4142K(37632K), 0.0019370 secs] 70312K->40662K(121024K), 0.0019720 secs] [Times: user=0.02 sys=0.00, real=0.01 secs] 
199.392: Total time for which application threads were stopped: 0.0021230 seconds, Stopping threads took: 0.0000920 seconds
199.456: Application time: 0.0642370 seconds
199.456: [GC199.456: [ParNew: 37202K->4145K(37632K), 0.0016660 secs] 73722K->42761K(121024K), 0.0016970 secs] [Times: user=0.01 sys=0.00, real=0.00 secs] 
199.458: Total time for which application threads were stopped: 0.0018370 seconds, Stopping threads took: 0.0000730 seconds
199.521: Application time: 0.0629980 seconds
199.521: [GC199.521: [ParNew: 37106K->4154K(37632K), 0.0013470 secs] 75722K->43842K(121024K), 0.0013880 secs] [Times: user=0.01 sys=0.00, real=0.00 secs] 
199.522: Total time for which application threads were stopped: 0.0015200 seconds, Stopping threads took: 0.0000770 seconds
199.582: Application time: 0.0596990 seconds
199.582: [GC199.582: [ParNew: 37626K->4133K(37632K), 0.0013940 secs] 77314K->44845K(121024K), 0.0014270 secs] [Times: user=0.01 sys=0.00, real=0.00 secs] 
199.584: Total time for which application threads were stopped: 0.0015590 seconds, Stopping threads took: 0.0000740 seconds
199.648: Application time: 0.0640680 seconds
199.648: [GC199.648: [ParNew: 36994K->4112K(37632K), 0.0011140 secs] 77706K->44824K(121024K), 0.0011440 secs] [Times: user=0.01 sys=0.00, real=0.00 secs] 
199.649: Total time for which application threads were stopped: 0.0012580 seconds, Stopping threads took: 0.0000620 seconds
199.707: Application time: 0.0576400 seconds
199.707: [GC199.707: [ParNew: 36735K->4111K(37632K), 0.0017590 secs] 77447K->46871K(121024K), 0.0017910 secs] [Times: user=0.01 sys=0.00, real=0.00 secs] 
199.708: Total time for which application threads were stopped: 0.0019200 seconds, Stopping threads took: 0.0000720 seconds
199.770: Application time: 0.0614710 seconds
199.770: [GC199.770: [ParNew: 36902K->4120K(37632K), 0.0017010 secs] 79662K->48928K(121024K), 0.0017350 secs] [Times: user=0.01 sys=0.00, real=0.01 secs] 
199.772: Total time for which application threads were stopped: 0.0018600 seconds, Stopping threads took: 0.0000670 seconds
199.831: Application time: 0.0594460 seconds
199.831: [GC199.831: [ParNew: 36807K->4131K(37632K), 0.0014710 secs] 81615K->49963K(121024K), 0.0015040 secs] [Times: user=0.02 sys=0.00, real=0.00 secs] 
199.833: Total time for which application threads were stopped: 0.0016280 seconds, Stopping threads took: 0.0000660 seconds
199.897: Application time: 0.0638560 seconds
199.897: [GC199.897: [ParNew: 37149K->4158K(37632K), 0.0012010 secs] 82981K->50014K(121024K), 0.0012340 secs] [Times: user=0.00 sys=0.01, real=0.00 secs] 
199.898: Total time for which application threads were stopped: 0.0013960 seconds, Stopping threads took: 0.0001070 seconds
199.954: Application time: 0.0563440 seconds
199.955: [GC199.955: [ParNew: 36637K->4158K(37632K), 0.0014750 secs] 82493K->51102K(121024K), 0.0015090 secs] [Times: user=0.01 sys=0.00, real=0.00 secs] 
199.956: Total time for which application threads were stopped: 0.0016320 seconds, Stopping threads took: 0.0000640 seconds
200.020: Application time: 0.0635060 seconds
200.020: [GC200.020: [ParNew: 37408K->4158K(37632K), 0.0016650 secs] 84352K->53266K(121024K), 0.0016980 secs] [Times: user=0.01 sys=0.00, real=0.00 secs] 
200.021: Total time for which application threads were stopped: 0.0018240 seconds, Stopping threads took: 0.0000560 seconds
200.078: Application time: 0.0561010 seconds
200.078: [GC200.078: [ParNew: 36908K->4143K(37632K), 0.0016460 secs] 86016K->55363K(121024K), 0.0016770 secs] [Times: user=0.01 sys=0.00, real=0.01 secs] 
200.079: Total time for which application threads were stopped: 0.0018150 seconds, Stopping threads took: 0.0000820 seconds
200.143: Application time: 0.0635890 seconds
200.143: [GC200.143: [ParNew: 37217K->4142K(37632K), 0.0019010 secs] 88438K->58482K(121024K), 0.0019340 secs] [Times: user=0.02 sys=0.00, real=0.00 secs] 
200.145: Total time for which application threads were stopped: 0.0020890 seconds, Stopping threads took: 0.0000970 seconds
200.208: Application time: 0.0626130 seconds
200.208: [GC200.208: [ParNew: 37054K->4110K(37632K), 0.0017110 secs] 91394K->60562K(121024K), 0.0017420 secs] [Times: user=0.01 sys=0.00, real=0.00 secs] 
200.210: Total time for which application threads were stopped: 0.0018850 seconds, Stopping threads took: 0.0000880 seconds
200.270: Application time: 0.0601530 seconds
200.270: [GC200.270: [ParNew: 36711K->4158K(37632K), 0.0011740 secs] 93164K->60634K(121024K), 0.0012050 secs] [Times: user=0.01 sys=0.00, real=0.01 secs] 
200.271: Total time for which application threads were stopped: 0.0013330 seconds, Stopping threads took: 0.0000730 seconds
200.337: Application time: 0.0655160 seconds
200.337: [GC200.337: [ParNew: 37040K->4136K(37632K), 0.0010310 secs] 93516K->60620K(121024K), 0.0010690 secs] [Times: user=0.01 sys=0.00, real=0.00 secs] 
200.338: Total time for which application threads were stopped: 0.0011770 seconds, Stopping threads took: 0.0000550 seconds
200.395: Application time: 0.0575180 seconds
200.395: [GC200.395: [ParNew: 37608K->4128K(37632K), 0.0017740 secs] 94092K->62669K(121024K), 0.0018080 secs] [Times: user=0.01 sys=0.00, real=0.00 secs] 
200.397: Total time for which application threads were stopped: 0.0019730 seconds, Stopping threads took: 0.0001080 seconds
200.461: Application time: 0.0637050 seconds
200.461: [GC200.461: [ParNew: 37051K->4130K(37632K), 0.0016240 secs] 95592K->64718K(121024K), 0.0016570 secs] [Times: user=0.01 sys=0.00, real=0.00 secs] 
200.463: Total time for which application threads were stopped: 0.0017750 seconds, Stopping threads took: 0.0000600 seconds
200.523: Application time: 0.0601900 seconds
200.523: [GC200.523: [ParNew: 36833K->4152K(37632K), 0.0010620 secs] 97421K->64740K(121024K), 0.0010980 secs] [Times: user=0.01 sys=0.00, real=0.00 secs] 
200.524: Total time for which application threads were stopped: 0.0012340 seconds, Stopping threads took: 0.0000720 seconds
200.586: Application time: 0.0617600 seconds
200.586: [GC200.586: [ParNew: 37024K->3201K(37632K), 0.0009650 secs] 97613K->63790K(121024K), 0.0009930 secs] [Times: user=0.01 sys=0.00, real=0.00 secs] 
200.587: Total time for which application threads were stopped: 0.0011180 seconds, Stopping threads took: 0.0000730 seconds
200.647: Application time: 0.0602730 seconds
200.647: [GC200.647: [ParNew: 35973K->4158K(37632K), 0.0011850 secs] 96561K->64883K(121024K), 0.0012140 secs] [Times: user=0.00 sys=0.00, real=0.00 secs] 
200.649: Total time for which application threads were stopped: 0.0013340 seconds, Stopping threads took: 0.0000660 seconds
200.707: Application time: 0.0586340 seconds
200.707: [GC200.707: [ParNew: 36963K->4144K(37632K), 0.0016700 secs] 97687K->66997K(121024K), 0.0017040 secs] [Times: user=0.02 sys=0.00, real=0.00 secs] 
200.709: Total time for which application threads were stopped: 0.0018230 seconds, Stopping threads took: 0.0000580 seconds
200.766: Application time: 0.0570450 seconds
200.766: [GC200.766: [ParNew: 36890K->4159K(37632K), 0.0015150 secs] 99743K->68096K(121024K), 0.0015500 secs] [Times: user=0.01 sys=0.00, real=0.00 secs] 
200.768: Total time for which application threads were stopped: 0.0017110 seconds, Stopping threads took: 0.0001040 seconds
200.833: Application time: 0.0654220 seconds
200.833: [GC200.833: [ParNew: 37219K->4146K(37632K), 0.0012030 secs] 101155K->68131K(121024K), 0.0012400 secs] [Times: user=0.00 sys=0.00, real=0.00 secs] 
200.835: Total time for which application threads were stopped: 0.0013720 seconds, Stopping threads took: 0.0000780 seconds
200.893: Application time: 0.0581180 seconds
200.893: [GC200.893: [ParNew: 36862K->4113K(37632K), 0.0016620 secs] 100847K->70218K(121024K), 0.0016950 secs] [Times: user=0.02 sys=0.00, real=0.00 secs] 
200.895: Total time for which application threads were stopped: 0.0018270 seconds, Stopping threads took: 0.0000750 seconds
200.958: Application time: 0.0632040 seconds
200.958: [GC200.958: [ParNew: 37007K->4129K(37632K), 0.0013800 secs] 103112K->71258K(121024K), 0.0014120 secs] [Times: user=0.01 sys=0.00, real=0.01 secs] 
200.959: Total time for which application threads were stopped: 0.0015350 seconds, Stopping threads took: 0.0000670 seconds
201.017: Application time: 0.0580720 seconds
201.018: [GC201.018: [ParNew: 36653K->4112K(37632K), 0.0013450 secs] 103782K->72265K(121024K), 0.0013770 secs] [Times: user=0.01 sys=0.00, real=0.01 secs] 
201.019: Total time for which application threads were stopped: 0.0015320 seconds, Stopping threads took: 0.0001000 seconds
201.082: Application time: 0.0630220 seconds
201.082: [GC201.082: [ParNew: 37040K->4115K(37632K), 0.0017350 secs] 105193K->74316K(121024K), 0.0017700 secs] [Times: user=0.02 sys=0.00, real=0.00 secs] 
201.084: Total time for which application threads were stopped: 0.0019420 seconds, Stopping threads took: 0.0000950 seconds
201.146: Application time: 0.0620760 seconds
201.146: [GC201.146: [ParNew: 37033K->4128K(37632K), 0.0017570 secs] 107234K->76377K(121024K), 0.0017920 secs] [Times: user=0.01 sys=0.00, real=0.00 secs] 
201.148: Total time for which application threads were stopped: 0.0019400 seconds, Stopping threads took: 0.0000890 seconds
201.210: Application time: 0.0623400 seconds
201.210: [GC201.210: [ParNew: 36946K->4147K(37632K), 0.0011990 secs] 109195K->76396K(121024K), 0.0012300 secs] [Times: user=0.01 sys=0.00, real=0.01 secs] 
201.212: Total time for which application threads were stopped: 0.0013700 seconds, Stopping threads took: 0.0000850 seconds
201.274: Application time: 0.0620510 seconds
201.274: [GC201.274: [ParNew: 36916K->3184K(37632K), 0.0008330 secs] 109165K->75434K(121024K), 0.0008640 secs] [Times: user=0.01 sys=0.00, real=0.00 secs] 
201.275: Total time for which application threads were stopped: 0.0009770 seconds, Stopping threads took: 0.0000570 seconds
201.333: Application time: 0.0584630 seconds
201.333: [GC201.333: [ParNew: 35648K->4146K(37632K), 0.0014890 secs] 107897K->77507K(121024K), 0.0015240 secs] [Times: user=0.01 sys=0.00, real=0.00 secs] 
201.335: Total time for which application threads were stopped: 0.0016790 seconds, Stopping threads took: 0.0000960 seconds
201.390: Application time: 0.0554180 seconds
201.390: [GC201.390: [ParNew: 37023K->4156K(37632K), 0.0017330 secs] 110384K->79673K(121024K), 0.0017670 secs] [Times: user=0.01 sys=0.00, real=0.01 secs] 
201.392: Total time for which application threads were stopped: 0.0018940 seconds, Stopping threads took: 0.0000690 seconds
201.454: Application time: 0.0617440 seconds
201.455: [GC201.455: [ParNew: 37135K->4159K(37632K), 0.0014060 secs] 112653K->80777K(121024K), 0.0014370 secs] [Times: user=0.01 sys=0.00, real=0.00 secs] 
201.456: Total time for which application threads were stopped: 0.0023180 seconds, Stopping threads took: 0.0008220 seconds
201.519: Application time: 0.0630270 seconds
201.519: [GC201.519: [ParNew: 37009K->4158K(37632K), 0.0016780 secs] 113627K->82871K(121024K), 0.0017080 secs] [Times: user=0.01 sys=0.00, real=0.00 secs] 
201.521: Total time for which application threads were stopped: 0.0018600 seconds, Stopping threads took: 0.0000960 seconds
201.578: Application time: 0.0570210 seconds
201.578: [GC201.578: [ParNew: 36848K->4115K(37632K), 0.0017100 secs] 115562K->84940K(121024K), 0.0017440 secs] [Times: user=0.02 sys=0.00, real=0.01 secs] 
201.580: Total time for which application threads were stopped: 0.0019060 seconds, Stopping threads took: 0.0001030 seconds
201.645: Application time: 0.0652740 seconds
201.645: [GC201.645: [ParNew: 37061K->4112K(37632K), 0.0014680 secs] 117886K->85962K(121024K), 0.0015040 secs] [Times: user=0.01 sys=0.00, real=0.00 secs] 
201.647: Total time for which application threads were stopped: 0.0016420 seconds, Stopping threads took: 0.0000740 seconds
201.710: Application time: 0.0634410 seconds
201.710: [GC201.710: [ParNew: 36971K->4128K(37632K), 0.0016450 secs] 118821K->87002K(121024K), 0.0016750 secs] [Times: user=0.01 sys=0.00, real=0.01 secs] 
201.712: Total time for which application threads were stopped: 0.0017960 seconds, Stopping threads took: 0.0000640 seconds
201.770: Application time: 0.0579340 seconds
201.770: [GC201.770: [ParNew: 36680K->4118K(37632K), 0.0015490 secs]201.772: [Tenured: 83897K->8741K(84420K), 0.0083130 secs] 119553K->8741K(122052K), [Perm : 5528K->5528K(21248K)], 0.0099650 secs] [Times: user=0.02 sys=0.00, real=0.02 secs] 
201.780: Total time for which application threads were stopped: 0.0101500 seconds, Stopping threads took: 0.0001110 seconds
201.844: Application time: 0.0641300 seconds
201.845: [GC201.845: [ParNew: 32872K->4138K(37632K), 0.0013740 secs] 41614K->13904K(121024K), 0.0014050 secs] [Times: user=0.01 sys=0.00, real=0.00 secs] 
201.846: Total time for which application threads were stopped: 0.0015860 seconds, Stopping threads took: 0.0001230 seconds
201.906: Application time: 0.0600690 seconds
201.906: [GC201.906: [ParNew: 36805K->4117K(37632K), 0.0014140 secs] 46570K->14915K(121024K), 0.0014550 secs] [Times: user=0.01 sys=0.00, real=0.00 secs] 
201.908: Total time for which application threads were stopped: 0.0016050 seconds, Stopping threads took: 0.0000950 seconds
201.967: Application time: 0.0597960 seconds
201.968: [GC201.968: [ParNew: 36992K->4158K(37632K), 0.0016150 secs] 47790K->17028K(121024K), 0.0016490 secs] [Times: user=0.01 sys=0.00, real=0.00 secs] 
201.969: Total time for which application threads were stopped: 0.0017770 seconds, Stopping threads took: 0.0000690 seconds
202.031: Application time: 0.0621710 seconds
202.031: [GC202.032: [ParNew: 37175K->3183K(37632K), 0.0009220 secs] 50044K->16125K(121024K), 0.0009520 secs] [Times: user=0.01 sys=0.00, real=0.00 secs] 
202.032: Total time for which application threads were stopped: 0.0010830 seconds, Stopping threads took: 0.0000770 seconds
202.089: Application time: 0.0562950 seconds
202.089: [GC202.089: [ParNew: 36655K->4156K(37632K), 0.0017030 secs] 49597K->19258K(121024K), 0.0017360 secs] [Times: user=0.01 sys=0.00, real=0.01 secs] 
202.091: Total time for which application threads were stopped: 0.0018730 seconds, Stopping threads took: 0.0000780 seconds
202.154: Application time: 0.0634640 seconds
202.158: [GC202.158: [ParNew: 37160K->4145K(37632K), 0.0013810 secs] 52262K->20343K(121024K), 0.0014120 secs] [Times: user=0.01 sys=0.00, real=0.01 secs] 
202.159: Total time for which application threads were stopped: 0.0052190 seconds, Stopping threads took: 0.0037470 seconds
202.220: Application time: 0.0604390 seconds
202.220: [GC202.220: [ParNew: 37148K->4145K(37632K), 0.0016660 secs] 53346K->22455K(121024K), 0.0016980 secs] [Times: user=0.02 sys=0.00, real=0.00 secs] 
202.222: Total time for which application threads were stopped: 0.0018450 seconds, Stopping threads took: 0.0000910 seconds
202.281: Application time: 0.0590750 seconds
202.281: [GC202.281: [ParNew: 36868K->4116K(37632K), 0.0016960 secs] 55179K->24530K(121024K), 0.0017280 secs] [Times: user=0.01 sys=0.00, real=0.00 secs] 
202.283: Total time for which application threads were stopped: 0.0018610 seconds, Stopping threads took: 0.0000750 seconds
202.345: Application time: 0.0626410 seconds
202.345: [GC202.345: [ParNew: 37015K->4136K(37632K), 0.0013630 secs] 57429K->25574K(121024K), 0.0013960 secs] [Times: user=0.01 sys=0.00, real=0.00 secs] 
202.347: Total time for which application threads were stopped: 0.0015200 seconds, Stopping threads took: 0.0000670 seconds
202.410: Application time: 0.0636550 seconds
202.410: [GC202.410: [ParNew: 37021K->4127K(37632K), 0.0014150 secs] 58459K->26590K(121024K), 0.0014500 secs] [Times: user=0.00 sys=0.01, real=0.01 secs] 
202.412: Total time for which application threads were stopped: 0.0015700 seconds, Stopping threads took: 0.0000630 seconds
202.469: Application time: 0.0571430 seconds
202.469: [GC202.469: [ParNew: 36603K->4112K(37632K), 0.0014890 secs] 59065K->27598K(121024K), 0.0015220 secs] [Times: user=0.01 sys=0.00, real=0.01 secs] 
202.471: Total time for which application threads were stopped: 0.0016490 seconds, Stopping threads took: 0.0000680 seconds
202.536: Application time: 0.0650240 seconds
202.536: [GC202.536: [ParNew: 37093K->4114K(37632K), 0.0015740 secs] 60579K->29648K(121024K), 0.0016060 secs] [Times: user=0.01 sys=0.00, real=0.00 secs] 
202.538: Total time for which application threads were stopped: 0.0017340 seconds, Stopping threads took: 0.0000720 seconds
202.596: Application time: 0.0585860 seconds
202.596: [GC202.596: [ParNew: 36711K->4115K(37632K), 0.0014910 secs] 62245K->30674K(121024K), 0.0015220 secs] [Times: user=0.01 sys=0.00, real=0.00 secs] 
202.598: Total time for which application threads were stopped: 0.0016440 seconds, Stopping threads took: 0.0000680 seconds
202.657: Application time: 0.0590800 seconds
202.657: [GC202.657: [ParNew: 36951K->4159K(37632K), 0.0017650 secs] 63510K->32773K(121024K), 0.0017990 secs] [Times: user=0.01 sys=0.00, real=0.01 secs] 
202.659: Total time for which application threads were stopped: 0.0019510 seconds, Stopping threads took: 0.0000840 seconds
202.724: Application time: 0.0651850 seconds
202.726: [GC202.726: [ParNew: 37353K->4159K(37632K), 0.0013290 secs] 65968K->32901K(121024K), 0.0013560 secs] [Times: user=0.01 sys=0.00, real=0.00 secs] 
202.728: Total time for which application threads were stopped: 0.0036420 seconds, Stopping threads took: 0.0022210 seconds
202.785: Application time: 0.0570010 seconds
202.785: [GC202.785: [ParNew: 36619K->4159K(37632K), 0.0012020 secs] 65361K->32974K(121024K), 0.0012350 secs] [Times: user=0.01 sys=0.00, real=0.00 secs] 
202.786: Total time for which application threads were stopped: 0.0013600 seconds, Stopping threads took: 0.0000700 seconds
202.846: Application time: 0.0598200 seconds
202.846: [GC202.846: [ParNew: 36949K->4140K(37632K), 0.0019150 secs] 65763K->36098K(121024K), 0.0019490 secs] [Times: user=0.01 sys=0.00, real=0.00 secs] 
202.848: Total time for which application threads were stopped: 0.0020840 seconds, Stopping threads took: 0.0000800 seconds
202.907: Application time: 0.0594880 seconds
202.908: [GC202.908: [ParNew: 37094K->4142K(37632K), 0.0014400 secs] 69053K->37165K(121024K), 0.0014700 secs] [Times: user=0.01 sys=0.00, real=0.00 secs] 
202.909: Total time for which application threads were stopped: 0.0016240 seconds, Stopping threads took: 0.0001000 seconds
202.971: Application time: 0.0622100 seconds
202.971: [GC202.971: [ParNew: 37009K->4130K(37632K), 0.0016800 secs] 70031K->39264K(121024K), 0.0017130 secs] [Times: user=0.01 sys=0.00, real=0.00 secs] 
202.973: Total time for which application threads were stopped: 0.0019020 seconds, Stopping threads took: 0.0001320 seconds
203.036: Application time: 0.0625780 seconds
203.036: [GC203.036: [ParNew: 36979K->4128K(37632K), 0.0014310 secs] 72114K->40287K(121024K), 0.0014610 secs] [Times: user=0.01 sys=0.00, real=0.00 secs] 
203.037: Total time for which application threads were stopped: 0.0016130 seconds, Stopping threads took: 0.0000960 seconds
203.100: Application time: 0.0627370 seconds
203.100: [GC203.100: [ParNew: 36954K->4148K(37632K), 0.0014020 secs] 73113K->41330K(121024K), 0.0014330 secs] [Times: user=0.01 sys=0.00, real=0.00 secs] 
203.102: Total time for which application threads were stopped: 0.0015670 seconds, Stopping threads took: 0.0000790 seconds
203.162: Application time: 0.0600560 seconds
203.163: [GC203.163: [ParNew: 36762K->4116K(37632K), 0.0012780 secs] 73945K->41298K(121024K), 0.0013070 secs] [Times: user=0.01 sys=0.00, real=0.00 secs] 
203.164: Total time for which application threads were stopped: 0.0023760 seconds, Stopping threads took: 0.0010130 seconds
203.225: Application time: 0.0614200 seconds
203.226: [GC203.226: [ParNew: 36900K->4123K(37632K), 0.0013220 secs] 74082K->42330K(121024K), 0.0013540 secs] [Times: user=0.01 sys=0.00, real=0.00 secs] 
203.227: Total time for which application threads were stopped: 0.0015550 seconds, Stopping threads took: 0.0001210 seconds
203.287: Application time: 0.0601240 seconds
203.287: [GC203.287: [ParNew: 36870K->4117K(37632K), 0.0015300 secs] 75077K->43348K(121024K), 0.0015610 secs] [Times: user=0.01 sys=0.00, real=0.00 secs] 
203.289: Total time for which application threads were stopped: 0.0016940 seconds, Stopping threads took: 0.0000640 seconds
203.349: Application time: 0.0603230 seconds
203.349: [GC203.349: [ParNew: 36898K->4158K(37632K), 0.0015830 secs] 76129K->44469K(121024K), 0.0016150 secs] [Times: user=0.02 sys=0.00, real=0.01 secs] 
203.351: Total time for which application threads were stopped: 0.0017520 seconds, Stopping threads took: 0.0000800 seconds
203.412: Application time: 0.0610620 seconds
203.412: [GC203.412: [ParNew: 36925K->3183K(37632K), 0.0008630 secs] 77236K->43541K(121024K), 0.0008920 secs] [Times: user=0.01 sys=0.00, real=0.00 secs] 
203.413: Total time for which application threads were stopped: 0.0010280 seconds, Stopping threads took: 0.0000830 seconds
203.468: Application time: 0.0545740 seconds
203.468: [GC203.468: [ParNew: 35790K->4150K(37632K), 0.0021360 secs] 76148K->47689K(121024K), 0.0021760 secs] [Times: user=0.02 sys=0.00, real=0.00 secs] 
203.470: Total time for which application threads were stopped: 0.0023080 seconds, Stopping threads took: 0.0000740 seconds
203.531: Application time: 0.0612580 seconds
203.531: [GC203.531: [ParNew: 37172K->4138K(37632K), 0.0020360 secs] 80711K->50829K(121024K), 0.0020710 secs] [Times: user=0.02 sys=0.00, real=0.00 secs] 
203.533: Total time for which application threads were stopped: 0.0022050 seconds, Stopping threads took: 0.0000780 seconds
203.596: Application time: 0.0627100 seconds
203.596: [GC203.596: [ParNew: 37134K->4159K(37632K), 0.0013430 secs] 83825K->51922K(121024K), 0.0013770 secs] [Times: user=0.01 sys=0.00, real=0.00 secs] 
203.598: Total time for which application threads were stopped: 0.0015180 seconds, Stopping threads took: 0.0000840 seconds
203.660: Application time: 0.0628190 seconds
203.661: [GC203.661: [ParNew: 37002K->4114K(37632K), 0.0016350 secs] 84765K->53981K(121024K), 0.0016680 secs] [Times: user=0.01 sys=0.00, real=0.00 secs] 
203.662: Total time for which application threads were stopped: 0.0017860 seconds, Stopping threads took: 0.0000600 seconds
203.722: Application time: 0.0595140 seconds
203.722: [GC203.722: [ParNew: 36828K->4130K(37632K), 0.0016460 secs] 86696K->56045K(121024K), 0.0016790 secs] [Times: user=0.01 sys=0.00, real=0.00 secs] 
203.724: Total time for which application threads were stopped: 0.0018350 seconds, Stopping threads took: 0.0000990 seconds
203.787: Application time: 0.0631600 seconds
203.787: [GC203.787: [ParNew: 36970K->4127K(37632K), 0.0014410 secs] 88885K->57066K(121024K), 0.0014720 secs] [Times: user=0.01 sys=0.00, real=0.00 secs] 
203.788: Total time for which application threads were stopped: 0.0015830 seconds, Stopping threads took: 0.0000580 seconds
203.847: Application time: 0.0586810 seconds
203.847: [GC203.847: [ParNew: 36741K->4112K(37632K), 0.0017230 secs] 89681K->59099K(121024K), 0.0017520 secs] [Times: user=0.01 sys=0.00, real=0.00 secs] 
203.849: Total time for which application threads were stopped: 0.0018960 seconds, Stopping threads took: 0.0000800 seconds
203.911: Application time: 0.0616620 seconds
203.911: [GC203.911: [ParNew: 36941K->4130K(37632K), 0.0016950 secs] 91928K->61166K(121024K), 0.0017270 secs] [Times: user=0.01 sys=0.00, real=0.00 secs] 
203.912: Total time for which application threads were stopped: 0.0018540 seconds, Stopping threads took: 0.0000690 seconds
203.974: Application time: 0.0617730 seconds
203.974: [GC203.974: [ParNew: 36927K->4134K(37632K), 0.0014780 secs] 93962K->62193K(121024K), 0.0015100 secs] [Times: user=0.02 sys=0.00, real=0.00 secs] 
203.976: Total time for which application threads were stopped: 0.0016470 seconds, Stopping threads took: 0.0000790 seconds
204.036: Application time: 0.0606050 seconds
204.037: [GC204.037: [ParNew: 36800K->4152K(37632K), 0.0012520 secs] 94859K->62243K(121024K), 0.0012810 secs] [Times: user=0.01 sys=0.00, real=0.00 secs] 
204.038: Total time for which application threads were stopped: 0.0014240 seconds, Stopping threads took: 0.0000880 seconds
204.101: Application time: 0.0627100 seconds
204.101: [GC204.101: [ParNew: 37070K->3157K(37632K), 0.0009570 secs] 95161K->61296K(121024K), 0.0009840 secs] [Times: user=0.01 sys=0.00, real=0.00 secs] 
204.102: Total time for which application threads were stopped: 0.0011130 seconds, Stopping threads took: 0.0000780 seconds
204.156: Application time: 0.0542600 seconds
204.156: [GC204.156: [ParNew: 35776K->4152K(37632K), 0.0020380 secs] 93916K->65467K(121024K), 0.0020740 secs] [Times: user=0.02 sys=0.00, real=0.00 secs] 
204.158: Total time for which application threads were stopped: 0.0022360 seconds, Stopping threads took: 0.0001050 seconds
204.217: Application time: 0.0587100 seconds
204.217: [GC204.217: [ParNew: 37029K->4144K(37632K), 0.0016850 secs] 98345K->67591K(121024K), 0.0017190 secs] [Times: user=0.01 sys=0.00, real=0.01 secs] 
204.219: Total time for which application threads were stopped: 0.0018560 seconds, Stopping threads took: 0.0000800 seconds
204.282: Application time: 0.0630640 seconds
204.282: [GC204.282: [ParNew: 37157K->4143K(37632K), 0.0017600 secs] 100604K->69687K(121024K), 0.0018010 secs] [Times: user=0.01 sys=0.00, real=0.00 secs] 
204.284: Total time for which application threads were stopped: 0.0019330 seconds, Stopping threads took: 0.0000720 seconds
204.350: Application time: 0.0657550 seconds
204.351: [GC204.351: [ParNew: 37119K->4118K(37632K), 0.0010720 secs] 102662K->69718K(121024K), 0.0011010 secs] [Times: user=0.01 sys=0.00, real=0.00 secs] 
204.352: Total time for which application threads were stopped: 0.0022650 seconds, Stopping threads took: 0.0011040 seconds
204.411: Application time: 0.0590440 seconds
204.411: [GC204.411: [ParNew: 36788K->4112K(37632K), 0.0016610 secs] 102388K->71759K(121024K), 0.0016930 secs] [Times: user=0.01 sys=0.00, real=0.00 secs] 
204.413: Total time for which application threads were stopped: 0.0018330 seconds, Stopping threads took: 0.0000830 seconds
204.474: Application time: 0.0610600 seconds
204.474: [GC204.474: [ParNew: 36936K->4114K(37632K), 0.0019480 secs] 104583K->74833K(121024K), 0.0019820 secs] [Times: user=0.02 sys=0.00, real=0.00 secs] 
204.476: Total time for which application threads were stopped: 0.0021440 seconds, Stopping threads took: 0.0001040 seconds
204.538: Application time: 0.0620290 seconds
204.538: [GC204.538: [ParNew: 36958K->4130K(37632K), 0.0017060 secs] 107678K->76898K(121024K), 0.0017380 secs] [Times: user=0.01 sys=0.00, real=0.01 secs] 
204.540: Total time for which application threads were stopped: 0.0018870 seconds, Stopping threads took: 0.0000940 seconds
204.603: Application time: 0.0633130 seconds
204.603: [GC204.603: [ParNew: 36952K->4121K(37632K), 0.0013970 secs] 109720K->77913K(121024K), 0.0014280 secs] [Times: user=0.01 sys=0.00, real=0.00 secs] 
204.605: Total time for which application threads were stopped: 0.0015730 seconds, Stopping threads took: 0.0000890 seconds
204.669: Application time: 0.0639440 seconds
204.669: [GC204.669: [ParNew: 37012K->3148K(37632K), 0.0008510 secs] 110804K->76940K(121024K), 0.0008800 secs] [Times: user=0.00 sys=0.00, real=0.00 secs] 
204.670: Total time for which application threads were stopped: 0.0010240 seconds, Stopping threads took: 0.0000890 seconds
204.730: Application time: 0.0599960 seconds
204.730: [GC204.730: [ParNew: 35611K->2170K(37632K), 0.0006360 secs] 109403K->75962K(121024K), 0.0006610 secs] [Times: user=0.01 sys=0.00, real=0.00 secs] 
204.730: Total time for which application threads were stopped: 0.0007830 seconds, Stopping threads took: 0.0000740 seconds
204.784: Application time: 0.0540140 seconds
204.785: [GC204.785: [ParNew: 35369K->4115K(37632K), 0.0019210 secs] 109161K->81075K(121024K), 0.0019550 secs] [Times: user=0.01 sys=0.00, real=0.00 secs] 
204.787: Total time for which application threads were stopped: 0.0021100 seconds, Stopping threads took: 0.0000980 seconds
204.848: Application time: 0.0618050 seconds
204.848: [GC204.848: [ParNew: 37496K->4152K(37632K), 0.0014570 secs] 114456K->82217K(121024K), 0.0014900 secs] [Times: user=0.01 sys=0.00, real=0.00 secs] 
204.850: Total time for which application threads were stopped: 0.0016140 seconds, Stopping threads took: 0.0000670 seconds
204.909: Application time: 0.0592540 seconds
204.909: [GC204.909: [ParNew: 37137K->4140K(37632K), 0.0020310 secs] 115201K->85356K(121024K), 0.0020630 secs] [Times: user=0.02 sys=0.00, real=0.01 secs] 
204.911: Total time for which application threads were stopped: 0.0022210 seconds, Stopping threads took: 0.0000930 seconds
204.975: Application time: 0.0635360 seconds
204.975: [GC204.975: [ParNew: 37160K->4158K(37632K), 0.0014170 secs] 118376K->86454K(121024K), 0.0014490 secs] [Times: user=0.01 sys=0.00, real=0.00 secs] 
204.977: Total time for which application threads were stopped: 0.0016010 seconds, Stopping threads took: 0.0000940 seconds
205.038: Application time: 0.0618530 seconds
205.039: [GC205.039: [ParNew: 36992K->4118K(37632K), 0.0017150 secs]205.040: [Tenured: 84408K->9996K(84420K), 0.0085680 secs] 119288K->9996K(122052K), [Perm : 5528K->5528K(21248K)], 0.0104140 secs] [Times: user=0.02 sys=0.00, real=0.01 secs] 
205.049: Total time for which application threads were stopped: 0.0105620 seconds, Stopping threads took: 0.0000830 seconds
205.109: Application time: 0.0602860 seconds
205.109: [GC205.109: [ParNew: 32708K->4128K(37632K), 0.0013860 secs] 42705K->15148K(121024K), 0.0014160 secs] [Times: user=0.01 sys=0.00, real=0.01 secs] 
205.111: Total time for which application threads were stopped: 0.0015480 seconds, Stopping threads took: 0.0000780 seconds
205.174: Application time: 0.0632670 seconds
205.174: [GC205.174: [ParNew: 37014K->4117K(37632K), 0.0016760 secs] 48034K->17186K(121024K), 0.0017070 secs] [Times: user=0.01 sys=0.00, real=0.00 secs] 
205.176: Total time for which application threads were stopped: 0.0018510 seconds, Stopping threads took: 0.0000870 seconds
205.238: Application time: 0.0621390 seconds
205.238: [GC205.238: [ParNew: 36968K->4132K(37632K), 0.0013810 secs] 50037K->18225K(121024K), 0.0014110 secs] [Times: user=0.01 sys=0.00, real=0.01 secs] 
205.240: Total time for which application threads were stopped: 0.0015480 seconds, Stopping threads took: 0.0000790 seconds
205.302: Application time: 0.0626930 seconds
205.303: [GC205.303: [ParNew: 36926K->4149K(37632K), 0.0014090 secs] 51018K->19266K(121024K), 0.0014430 secs] [Times: user=0.01 sys=0.00, real=0.00 secs] 
205.304: Total time for which application threads were stopped: 0.0015990 seconds, Stopping threads took: 0.0000990 seconds
205.365: Application time: 0.0610950 seconds
205.365: [GC205.365: [ParNew: 37614K->3125K(37632K), 0.0008950 secs] 52731K->18242K(121024K), 0.0009270 secs] [Times: user=0.01 sys=0.00, real=0.00 secs] 
205.366: Total time for which application threads were stopped: 0.0010630 seconds, Stopping threads took: 0.0000820 seconds
205.423: Application time: 0.0569590 seconds
205.423: [GC205.423: [ParNew: 35577K->4159K(37632K), 0.0014150 secs] 50694K->20316K(121024K), 0.0014480 secs] [Times: user=0.01 sys=0.00, real=0.00 secs] 
205.425: Total time for which application threads were stopped: 0.0015840 seconds, Stopping threads took: 0.0000730 seconds
205.480: Application time: 0.0557640 seconds
205.481: [GC205.481: [ParNew: 36843K->4141K(37632K), 0.0016560 secs] 52999K->22418K(121024K), 0.0016910 secs] [Times: user=0.01 sys=0.00, real=0.00 secs] 
205.482: Total time for which application threads were stopped: 0.0018230 seconds, Stopping threads took: 0.0000730 seconds
205.545: Application time: 0.0624030 seconds
205.545: [GC205.545: [ParNew: 37448K->4158K(37632K), 0.0016720 secs] 55725K->24583K(121024K), 0.0017050 secs] [Times: user=0.01 sys=0.00, real=0.00 secs] 
205.547: Total time for which application threads were stopped: 0.0018490 seconds, Stopping threads took: 0.0000860 seconds
205.609: Application time: 0.0628420 seconds
205.609: [GC205.609: [ParNew: 37160K->4149K(37632K), 0.0015910 secs] 57585K->26718K(121024K), 0.0016220 secs] [Times: user=0.01 sys=0.00, real=0.01 secs] 
205.611: Total time for which application threads were stopped: 0.0017420 seconds, Stopping threads took: 0.0000650 seconds
205.673: Application time: 0.0622310 seconds
205.673: [GC205.673: [ParNew: 37173K->4157K(37632K), 0.0016610 secs] 59742K->28822K(121024K), 0.0016960 secs] [Times: user=0.01 sys=0.00, real=0.00 secs] 
205.675: Total time for which application threads were stopped: 0.0018430 seconds, Stopping threads took: 0.0000890 seconds
205.736: Application time: 0.0604360 seconds
205.736: [GC205.736: [ParNew: 36948K->4132K(37632K), 0.0016030 secs] 61613K->30909K(121024K), 0.0016350 secs] [Times: user=0.02 sys=0.00, real=0.00 secs] 
205.737: Total time for which application threads were stopped: 0.0017860 seconds, Stopping threads took: 0.0000930 seconds
205.798: Application time: 0.0606910 seconds
205.798: [GC205.798: [ParNew: 36836K->4128K(37632K), 0.0014330 secs] 63613K->31929K(121024K), 0.0014670 secs] [Times: user=0.01 sys=0.00, real=0.01 secs] 
205.800: Total time for which application threads were stopped: 0.0015920 seconds, Stopping threads took: 0.0000670 seconds
205.863: Application time: 0.0630540 seconds
205.863: [GC205.863: [ParNew: 36970K->4114K(37632K), 0.0013370 secs] 64771K->32939K(121024K), 0.0013780 secs] [Times: user=0.01 sys=0.00, real=0.00 secs] 
205.864: Total time for which application threads were stopped: 0.0014800 seconds, Stopping threads took: 0.0000440 seconds
205.925: Application time: 0.0612130 seconds
205.926: [GC205.926: [ParNew: 36946K->4132K(37632K), 0.0016820 secs] 65771K->35005K(121024K), 0.0017160 secs] [Times: user=0.01 sys=0.00, real=0.00 secs] 
205.927: Total time for which application threads were stopped: 0.0018680 seconds, Stopping threads took: 0.0000860 seconds
205.990: Application time: 0.0621880 seconds
205.990: [GC205.990: [ParNew: 36847K->4149K(37632K), 0.0010950 secs] 67720K->35023K(121024K), 0.0011240 secs] [Times: user=0.00 sys=0.00, real=0.01 secs] 
205.991: Total time for which application threads were stopped: 0.0012480 seconds, Stopping threads took: 0.0000710 seconds
206.052: Application time: 0.0611050 seconds
206.052: [GC206.052: [ParNew: 37621K->3125K(37632K), 0.0008200 secs] 68495K->33998K(121024K), 0.0008480 secs] [Times: user=0.00 sys=0.00, real=0.00 secs] 
206.053: Total time for which application threads were stopped: 0.0009730 seconds, Stopping threads took: 0.0000710 seconds
206.111: Application time: 0.0581500 seconds
206.111: [GC206.111: [ParNew: 36597K->4140K(37632K), 0.0020110 secs] 67470K->38085K(121024K), 0.0020470 secs] [Times: user=0.02 sys=0.00, real=0.00 secs] 
206.113: Total time for which application threads were stopped: 0.0021760 seconds, Stopping threads took: 0.0000700 seconds
206.172: Application time: 0.0588230 seconds
206.172: [GC206.172: [ParNew: 37186K->4154K(37632K), 0.0020370 secs] 71132K->41251K(121024K), 0.0020720 secs] [Times: user=0.01 sys=0.00, real=0.00 secs] 
206.174: Total time for which application threads were stopped: 0.0022370 seconds, Stopping threads took: 0.0001070 seconds
206.234: Application time: 0.0596800 seconds
206.234: [GC206.234: [ParNew: 37251K->4156K(37632K), 0.0018520 secs] 74348K->43429K(121024K), 0.0018890 secs] [Times: user=0.01 sys=0.00, real=0.00 secs] 
206.236: Total time for which application threads were stopped: 0.0020250 seconds, Stopping threads took: 0.0000750 seconds
206.300: Application time: 0.0635600 seconds
206.300: [GC206.300: [ParNew: 37197K->4139K(37632K), 0.0017510 secs] 76470K->45528K(121024K), 0.0017860 secs] [Times: user=0.01 sys=0.00, real=0.00 secs] 
206.301: Total time for which application threads were stopped: 0.0019180 seconds, Stopping threads took: 0.0000750 seconds
206.362: Application time: 0.0606160 seconds
206.362: [GC206.362: [ParNew: 37083K->4141K(37632K), 0.0017830 secs] 78473K->47635K(121024K), 0.0018230 secs] [Times: user=0.01 sys=0.00, real=0.00 secs] 
206.364: Total time for which application threads were stopped: 0.0019800 seconds, Stopping threads took: 0.0000970 seconds
206.427: Application time: 0.0633290 seconds
206.427: [GC206.427: [ParNew: 37073K->4146K(37632K), 0.0013920 secs] 80567K->48728K(121024K), 0.0014250 secs] [Times: user=0.01 sys=0.00, real=0.00 secs] 
206.429: Total time for which application threads were stopped: 0.0015630 seconds, Stopping threads took: 0.0000690 seconds
206.489: Application time: 0.0603950 seconds
206.489: [GC206.489: [ParNew: 36754K->4134K(37632K), 0.0014070 secs] 81335K->49740K(121024K), 0.0014370 secs] [Times: user=0.01 sys=0.00, real=0.01 secs] 
206.491: Total time for which application threads were stopped: 0.0015830 seconds, Stopping threads took: 0.0000920 seconds
206.551: Application time: 0.0600400 seconds
206.551: [GC206.551: [ParNew: 36884K->4114K(37632K), 0.0017160 secs] 82489K->51768K(121024K), 0.0017500 secs] [Times: user=0.01 sys=0.00, real=0.00 secs] 
206.553: Total time for which application threads were stopped: 0.0018740 seconds, Stopping threads took: 0.0000660 seconds
206.617: Application time: 0.0637490 seconds
206.617: [GC206.617: [ParNew: 37028K->4110K(37632K), 0.0017990 secs] 84682K->53812K(121024K), 0.0018310 secs] [Times: user=0.01 sys=0.00, real=0.00 secs] 
206.619: Total time for which application threads were stopped: 0.0019870 seconds, Stopping threads took: 0.0000890 seconds
206.683: Application time: 0.0644290 seconds
206.683: [GC206.683: [ParNew: 36993K->4158K(37632K), 0.0012370 secs] 86695K->53892K(121024K), 0.0012660 secs] [Times: user=0.00 sys=0.00, real=0.00 secs] 
206.684: Total time for which application threads were stopped: 0.0013990 seconds, Stopping threads took: 0.0000780 seconds
206.746: Application time: 0.0611460 seconds
206.746: [GC206.746: [ParNew: 37630K->3123K(37632K), 0.0008180 secs] 87364K->52865K(121024K), 0.0008450 secs] [Times: user=0.01 sys=0.00, real=0.00 secs] 
206.747: Total time for which application threads were stopped: 0.0009630 seconds, Stopping threads took: 0.0000660 seconds
206.806: Application time: 0.0592380 seconds
206.806: [GC206.806: [ParNew: 36592K->4146K(37632K), 0.0013670 secs] 86334K->54912K(121024K), 0.0014030 secs] [Times: user=0.01 sys=0.00, real=0.00 secs] 
206.807: Total time for which application threads were stopped: 0.0015460 seconds, Stopping threads took: 0.0000850 seconds
206.863: Application time: 0.0560910 seconds
206.863: [GC206.864: [ParNew: 37006K->4152K(37632K), 0.0020570 secs] 87772K->58070K(121024K), 0.0020910 secs] [Times: user=0.01 sys=0.00, real=0.00 secs] 
206.866: Total time for which application threads were stopped: 0.0022230 seconds, Stopping threads took: 0.0000670 seconds
206.926: Application time: 0.0605880 seconds
206.926: [GC206.926: [ParNew: 37417K->4156K(37632K), 0.0021610 secs] 91335K->61266K(121024K), 0.0021950 secs] [Times: user=0.02 sys=0.00, real=0.00 secs] 
206.929: Total time for which application threads were stopped: 0.0023410 seconds, Stopping threads took: 0.0000860 seconds
206.993: Application time: 0.0646640 seconds
206.993: [GC206.993: [ParNew: 37252K->4158K(37632K), 0.0017380 secs] 94362K->63404K(121024K), 0.0017760 secs] [Times: user=0.01 sys=0.00, real=0.00 secs] 
206.995: Total time for which application threads were stopped: 0.0019150 seconds, Stopping threads took: 0.0000660 seconds
207.058: Application time: 0.0624360 seconds
207.058: [GC207.058: [ParNew: 37098K->4146K(37632K), 0.0014840 secs] 96344K->64488K(121024K), 0.0015170 secs] [Times: user=0.01 sys=0.00, real=0.01 secs] 
207.059: Total time for which application threads were stopped: 0.0016830 seconds, Stopping threads took: 0.0001090 seconds
207.120: Application time: 0.0605620 seconds
207.120: [GC207.120: [ParNew: 36860K->4126K(37632K), 0.0014150 secs] 97202K->65540K(121024K), 0.0014500 secs] [Times: user=0.01 sys=0.00, real=0.00 secs] 
207.121: Total time for which application threads were stopped: 0.0015980 seconds, Stopping threads took: 0.0000920 seconds
207.184: Application time: 0.0625950 seconds
207.184: [GC207.184: [ParNew: 36943K->4129K(37632K), 0.0015190 secs] 98357K->66567K(121024K), 0.0015490 secs] [Times: user=0.01 sys=0.00, real=0.00 secs] 
207.186: Total time for which application threads were stopped: 0.0017040 seconds, Stopping threads took: 0.0000990 seconds
207.245: Application time: 0.0591910 seconds
207.245: [GC207.245: [ParNew: 36739K->4117K(37632K), 0.0016790 secs] 99177K->68603K(121024K), 0.0017110 secs] [Times: user=0.00 sys=0.01, real=0.00 secs] 
207.247: Total time for which application threads were stopped: 0.0018570 seconds, Stopping threads took: 0.0000890 seconds
207.310: Application time: 0.0633240 seconds
207.310: [GC207.310: [ParNew: 37057K->4114K(37632K), 0.0015170 secs] 101544K->69625K(121024K), 0.0015490 secs] [Times: user=0.01 sys=0.00, real=0.01 secs] 
207.312: Total time for which application threads were stopped: 0.0016750 seconds, Stopping threads took: 0.0000710 seconds
207.375: Application time: 0.0632320 seconds
207.375: [GC207.375: [ParNew: 36925K->4135K(37632K), 0.0010850 secs] 102436K->69646K(121024K), 0.0011150 secs] [Times: user=0.01 sys=0.00, real=0.00 secs] 
207.376: Total time for which application threads were stopped: 0.0012640 seconds, Stopping threads took: 0.0000930 seconds
207.439: Application time: 0.0630650 seconds
207.439: [GC207.439: [ParNew: 36849K->2149K(37632K), 0.0006360 secs] 102359K->67659K(121024K), 0.0006730 secs] [Times: user=0.00 sys=0.00, real=0.00 secs] 
207.440: Total time for which application threads were stopped: 0.0008140 seconds, Stopping threads took: 0.0000880 seconds
207.494: Application time: 0.0534060 seconds
207.494: [GC207.494: [ParNew: 35074K->4140K(37632K), 0.0019340 secs] 100585K->72722K(121024K), 0.0019620 secs] [Times: user=0.01 sys=0.00, real=0.00 secs] 
207.496: Total time for which application threads were stopped: 0.0020870 seconds, Stopping threads took: 0.0000640 seconds
207.554: Application time: 0.0579150 seconds
207.554: [GC207.554: [ParNew: 37195K->4152K(37632K), 0.0020410 secs] 105777K->75886K(121024K), 0.0020800 secs] [Times: user=0.02 sys=0.00, real=0.00 secs] 
207.556: Total time for which application threads were stopped: 0.0022350 seconds, Stopping threads took: 0.0000940 seconds
207.619: Application time: 0.0629040 seconds
207.619: [GC207.619: [ParNew: 37479K->4156K(37632K), 0.0014360 secs] 109213K->77030K(121024K), 0.0014700 secs] [Times: user=0.01 sys=0.00, real=0.00 secs] 
207.620: Total time for which application threads were stopped: 0.0016490 seconds, Stopping threads took: 0.0001210 seconds
207.685: Application time: 0.0650240 seconds
207.685: [GC207.685: [ParNew: 37247K->4145K(37632K), 0.0016750 secs] 110122K->79156K(121024K), 0.0017110 secs] [Times: user=0.01 sys=0.00, real=0.00 secs] 
207.687: Total time for which application threads were stopped: 0.0018370 seconds, Stopping threads took: 0.0000680 seconds
207.749: Application time: 0.0612990 seconds
207.749: [GC207.749: [ParNew: 37150K->4158K(37632K), 0.0017070 secs] 112160K->81264K(121024K), 0.0017400 secs] [Times: user=0.01 sys=0.00, real=0.00 secs] 
207.750: Total time for which application threads were stopped: 0.0018910 seconds, Stopping threads took: 0.0000940 seconds
207.812: Application time: 0.0616090 seconds
207.812: [GC207.812: [ParNew: 36898K->4148K(37632K), 0.0015420 secs] 114004K->82327K(121024K), 0.0015720 secs] [Times: user=0.01 sys=0.00, real=0.00 secs] 
207.814: Total time for which application threads were stopped: 0.0017400 seconds, Stopping threads took: 0.0001130 seconds
207.877: Application time: 0.0636930 seconds
207.878: [GC207.878: [ParNew: 36985K->4120K(37632K), 0.0012940 secs] 115164K->83322K(121024K), 0.0013290 secs] [Times: user=0.01 sys=0.00, real=0.01 secs] 
207.879: Total time for which application threads were stopped: 0.0014480 seconds, Stopping threads took: 0.0000620 seconds
207.940: Application time: 0.0611100 seconds
207.940: [GC207.940: [ParNew: 36850K->4114K(37632K), 0.0014280 secs] 116053K->84341K(121024K), 0.0014560 secs] [Times: user=0.01 sys=0.00, real=0.00 secs] 
207.942: Total time for which application threads were stopped: 0.0015800 seconds, Stopping threads took: 0.0000710 seconds
208.002: Application time: 0.0602790 seconds
208.002: [GC208.002: [ParNew: 36892K->4130K(37632K), 0.0017250 secs] 117119K->86405K(121024K), 0.0017580 secs] [Times: user=0.01 sys=0.00, real=0.00 secs] 
208.004: Total time for which application threads were stopped: 0.0019420 seconds, Stopping threads took: 0.0001160 seconds
208.066: Application time: 0.0624010 seconds
208.066: [GC208.066: [ParNew: 36810K->4151K(37632K), 0.0011360 secs] 119085K->86426K(121024K), 0.0011670 secs] [Times: user=0.01 sys=0.00, real=0.00 secs] 
208.068: Total time for which application threads were stopped: 0.0013010 seconds, Stopping threads took: 0.0000780 seconds
208.130: Application time: 0.0623240 seconds
208.130: [GC208.130: [ParNew: 37623K->3146K(37632K), 0.0008930 secs] 119898K->85421K(121024K), 0.0009230 secs] [Times: user=0.00 sys=0.00, real=0.01 secs] 
208.131: Total time for which application threads were stopped: 0.0010690 seconds, Stopping threads took: 0.0000920 seconds
208.190: Application time: 0.0591550 seconds
208.190: [GC208.190: [ParNew: 36616K->4154K(37632K), 0.0012710 secs] 118891K->87484K(121024K), 0.0013030 secs] [Times: user=0.01 sys=0.00, real=0.01 secs] 
208.192: Total time for which application threads were stopped: 0.0014130 seconds, Stopping threads took: 0.0000550 seconds
208.248: Application time: 0.0569060 seconds
208.249: [GC208.249: [ParNew: 37095K->4153K(37632K), 0.0015310 secs]208.250: [Tenured: 85442K->12265K(85448K), 0.0082420 secs] 120426K->12265K(123080K), [Perm : 5528K->5528K(21248K)], 0.0099430 secs] [Times: user=0.02 sys=0.00, real=0.01 secs] 
208.258: Total time for which application threads were stopped: 0.0100780 seconds, Stopping threads took: 0.0000710 seconds
208.317: Application time: 0.0586610 seconds
208.317: [GC208.317: [ParNew: 33199K->4154K(37632K), 0.0019460 secs] 45465K->19531K(121024K), 0.0019800 secs] [Times: user=0.01 sys=0.00, real=0.01 secs] 
208.319: Total time for which application threads were stopped: 0.0021260 seconds, Stopping threads took: 0.0000870 seconds
208.382: Application time: 0.0631480 seconds
208.383: [GC208.383: [ParNew: 37261K->4141K(37632K), 0.0017660 secs] 52639K->21643K(121024K), 0.0018020 secs] [Times: user=0.01 sys=0.00, real=0.00 secs] 
208.384: Total time for which application threads were stopped: 0.0019330 seconds, Stopping threads took: 0.0000700 seconds
208.444: Application time: 0.0600080 seconds
208.444: [GC208.444: [ParNew: 37131K->4140K(37632K), 0.0020340 secs] 54632K->24769K(121024K), 0.0020740 secs] [Times: user=0.02 sys=0.00, real=0.00 secs] 
208.447: Total time for which application threads were stopped: 0.0022150 seconds, Stopping threads took: 0.0000690 seconds
208.512: Application time: 0.0655760 seconds
208.512: [GC208.512: [ParNew: 37069K->4126K(37632K), 0.0016220 secs] 57699K->26860K(121024K), 0.0016550 secs] [Times: user=0.01 sys=0.00, real=0.00 secs] 
208.514: Total time for which application threads were stopped: 0.0018110 seconds, Stopping threads took: 0.0000890 seconds
208.574: Application time: 0.0599600 seconds
208.574: [GC208.574: [ParNew: 36781K->4135K(37632K), 0.0014320 secs] 59515K->27893K(121024K), 0.0014630 secs] [Times: user=0.01 sys=0.00, real=0.00 secs] 
208.576: Total time for which application threads were stopped: 0.0016050 seconds, Stopping threads took: 0.0000870 seconds
208.639: Application time: 0.0631900 seconds
208.639: [GC208.639: [ParNew: 36980K->4114K(37632K), 0.0016270 secs] 60737K->29920K(121024K), 0.0016600 secs] [Times: user=0.01 sys=0.00, real=0.00 secs] 
208.641: Total time for which application threads were stopped: 0.0017810 seconds, Stopping threads took: 0.0000610 seconds
208.702: Application time: 0.0614470 seconds
208.702: [GC208.702: [ParNew: 36947K->4132K(37632K), 0.0017060 secs] 62753K->31986K(121024K), 0.0017420 secs] [Times: user=0.01 sys=0.00, real=0.00 secs] 
208.704: Total time for which application threads were stopped: 0.0018980 seconds, Stopping threads took: 0.0000970 seconds
208.767: Application time: 0.0634700 seconds
208.767: [GC208.767: [ParNew: 36945K->4158K(37632K), 0.0011610 secs] 64798K->32036K(121024K), 0.0011930 secs] [Times: user=0.00 sys=0.00, real=0.00 secs] 
208.769: Total time for which application threads were stopped: 0.0013240 seconds, Stopping threads took: 0.0000770 seconds
208.830: Application time: 0.0614760 seconds
208.830: [GC208.830: [ParNew: 37630K->3124K(37632K), 0.0008580 secs] 65508K->31002K(121024K), 0.0008870 secs] [Times: user=0.01 sys=0.00, real=0.01 secs] 
208.831: Total time for which application threads were stopped: 0.0010250 seconds, Stopping threads took: 0.0000860 seconds
208.891: Application time: 0.0596540 seconds
208.891: [GC208.891: [ParNew: 36596K->4159K(37632K), 0.0014100 secs] 64474K->33101K(121024K), 0.0014390 secs] [Times: user=0.01 sys=0.00, real=0.00 secs] 
208.892: Total time for which application threads were stopped: 0.0015880 seconds, Stopping threads took: 0.0000950 seconds
208.946: Application time: 0.0533760 seconds
208.946: [GC208.946: [ParNew: 36798K->4154K(37632K), 0.0019600 secs] 65739K->36224K(121024K), 0.0019960 secs] [Times: user=0.02 sys=0.00, real=0.00 secs] 
208.948: Total time for which application threads were stopped: 0.0021420 seconds, Stopping threads took: 0.0000870 seconds
209.012: Application time: 0.0635640 seconds
209.012: [GC209.012: [ParNew: 37443K->4158K(37632K), 0.0020010 secs] 69513K->39412K(121024K), 0.0020420 secs] [Times: user=0.02 sys=0.00, real=0.00 secs] 
209.014: Total time for which application threads were stopped: 0.0021760 seconds, Stopping threads took: 0.0000770 seconds
209.071: Application time: 0.0573650 seconds
209.072: [GC209.072: [ParNew: 37144K->4140K(37632K), 0.0021460 secs] 72398K->42554K(121024K), 0.0021810 secs] [Times: user=0.02 sys=0.00, real=0.00 secs] 
209.074: Total time for which application threads were stopped: 0.0026470 seconds, Stopping threads took: 0.0003970 seconds
209.140: Application time: 0.0667480 seconds
209.141: [GC209.141: [ParNew: 37268K->4138K(37632K), 0.0016930 secs] 75682K->44641K(121024K), 0.0017270 secs] [Times: user=0.01 sys=0.00, real=0.00 secs] 
209.142: Total time for which application threads were stopped: 0.0018960 seconds, Stopping threads took: 0.0001100 seconds
209.206: Application time: 0.0632260 seconds
209.206: [GC209.206: [ParNew: 37013K->4118K(37632K), 0.0016270 secs] 77515K->46733K(121024K), 0.0016610 secs] [Times: user=0.01 sys=0.00, real=0.00 secs] 
209.207: Total time for which application threads were stopped: 0.0018040 seconds, Stopping threads took: 0.0000850 seconds
209.269: Application time: 0.0613330 seconds
209.269: [GC209.269: [ParNew: 36843K->4131K(37632K), 0.0011420 secs] 79457K->46745K(121024K), 0.0011740 secs] [Times: user=0.01 sys=0.00, real=0.00 secs] 
209.270: Total time for which application threads were stopped: 0.0012940 seconds, Stopping threads took: 0.0000640 seconds
209.334: Application time: 0.0635420 seconds
209.334: [GC209.334: [ParNew: 36944K->4124K(37632K), 0.0013310 secs] 79558K->47762K(121024K), 0.0013600 secs] [Times: user=0.01 sys=0.00, real=0.00 secs] 
209.335: Total time for which application threads were stopped: 0.0014910 seconds, Stopping threads took: 0.0000700 seconds
209.396: Application time: 0.0611150 seconds
209.396: [GC209.396: [ParNew: 36909K->4152K(37632K), 0.0011400 secs] 80548K->47790K(121024K), 0.0011710 secs] [Times: user=0.01 sys=0.00, real=0.00 secs] 
209.397: Total time for which application threads were stopped: 0.0013050 seconds, Stopping threads took: 0.0000800 seconds
209.459: Application time: 0.0610840 seconds
209.459: [GC209.459: [ParNew: 36829K->4146K(37632K), 0.0013750 secs] 80467K->48808K(121024K), 0.0014090 secs] [Times: user=0.01 sys=0.00, real=0.00 secs] 
209.460: Total time for which application threads were stopped: 0.0015450 seconds, Stopping threads took: 0.0000790 seconds
209.519: Application time: 0.0593170 seconds
209.520: [GC209.520: [ParNew: 36655K->4146K(37632K), 0.0014690 secs] 81317K->49832K(121024K), 0.0014980 secs] [Times: user=0.01 sys=0.00, real=0.00 secs] 
209.521: Total time for which application threads were stopped: 0.0016350 seconds, Stopping threads took: 0.0000830 seconds
209.585: Application time: 0.0635610 seconds
209.585: [GC209.585: [ParNew: 36979K->3153K(37632K), 0.0007960 secs] 82665K->48840K(121024K), 0.0008270 secs] [Times: user=0.01 sys=0.00, real=0.00 secs] 
209.586: Total time for which application threads were stopped: 0.0009620 seconds, Stopping threads took: 0.0000740 seconds
209.639: Application time: 0.0538850 seconds
209.640: [GC209.640: [ParNew: 36519K->4158K(37632K), 0.0020170 secs] 82206K->52980K(121024K), 0.0020500 secs] [Times: user=0.01 sys=0.00, real=0.00 secs] 
209.642: Total time for which application threads were stopped: 0.0021740 seconds, Stopping threads took: 0.0000660 seconds
209.701: Application time: 0.0588530 seconds
209.701: [GC209.701: [ParNew: 37329K->4155K(37632K), 0.0020180 secs] 86152K->56170K(121024K), 0.0020540 secs] [Times: user=0.02 sys=0.00, real=0.00 secs] 
209.703: Total time for which application threads were stopped: 0.0022010 seconds, Stopping threads took: 0.0000910 seconds
209.763: Application time: 0.0604630 seconds
209.763: [GC209.763: [ParNew: 37225K->4140K(37632K), 0.0019980 secs] 89240K->59314K(121024K), 0.0020310 secs] [Times: user=0.02 sys=0.00, real=0.00 secs] 
209.765: Total time for which application threads were stopped: 0.0022110 seconds, Stopping threads took: 0.0001190 seconds
209.832: Application time: 0.0662870 seconds
209.835: [GC209.835: [ParNew: 37270K->4142K(37632K), 0.0014750 secs] 92445K->60389K(121024K), 0.0015150 secs] [Times: user=0.01 sys=0.00, real=0.00 secs] 
209.836: Total time for which application threads were stopped: 0.0045720 seconds, Stopping threads took: 0.0030000 seconds
209.898: Application time: 0.0616940 seconds
209.898: [GC209.898: [ParNew: 36977K->4130K(37632K), 0.0016250 secs] 93224K->62473K(121024K), 0.0016560 secs] [Times: user=0.02 sys=0.00, real=0.01 secs] 
209.900: Total time for which application threads were stopped: 0.0017900 seconds, Stopping threads took: 0.0000790 seconds
209.960: Application time: 0.0605650 seconds
209.960: [GC209.960: [ParNew: 36802K->4134K(37632K), 0.0012080 secs] 95145K->62477K(121024K), 0.0012400 secs] [Times: user=0.01 sys=0.00, real=0.00 secs] 
209.962: Total time for which application threads were stopped: 0.0013870 seconds, Stopping threads took: 0.0000900 seconds
210.026: Application time: 0.0639790 seconds
210.026: [GC210.026: [ParNew: 37027K->4115K(37632K), 0.0016480 secs] 95370K->64505K(121024K), 0.0016830 secs] [Times: user=0.01 sys=0.00, real=0.00 secs] 
210.028: Total time for which application threads were stopped: 0.0018300 seconds, Stopping threads took: 0.0000910 seconds
210.086: Application time: 0.0584510 seconds
210.086: [GC210.086: [ParNew: 36832K->4152K(37632K), 0.0017510 secs] 97223K->65567K(121024K), 0.0017830 secs] [Times: user=0.01 sys=0.00, real=0.00 secs] 
210.088: Total time for which application threads were stopped: 0.0019620 seconds, Stopping threads took: 0.0001140 seconds
210.152: Application time: 0.0636010 seconds
210.152: [GC210.152: [ParNew: 37004K->4154K(37632K), 0.0014090 secs] 98419K->66593K(121024K), 0.0014400 secs] [Times: user=0.01 sys=0.00, real=0.00 secs] 
210.153: Total time for which application threads were stopped: 0.0016010 seconds, Stopping threads took: 0.0001030 seconds
210.215: Application time: 0.0623060 seconds
210.216: [GC210.216: [ParNew: 36845K->3110K(37632K), 0.0009660 secs] 99284K->65549K(121024K), 0.0009960 secs] [Times: user=0.00 sys=0.00, real=0.00 secs] 
210.217: Total time for which application threads were stopped: 0.0011120 seconds, Stopping threads took: 0.0000610 seconds
210.277: Application time: 0.0600260 seconds
210.277: [GC210.277: [ParNew: 36577K->4153K(37632K), 0.0011200 secs] 99016K->66616K(121024K), 0.0011480 secs] [Times: user=0.01 sys=0.00, real=0.00 secs] 
210.278: Total time for which application threads were stopped: 0.0012770 seconds, Stopping threads took: 0.0000740 seconds
210.333: Application time: 0.0548570 seconds
210.333: [GC210.333: [ParNew: 37625K->4154K(37632K), 0.0022240 secs] 100088K->70769K(121024K), 0.0022600 secs] [Times: user=0.02 sys=0.00, real=0.00 secs] 
210.335: Total time for which application threads were stopped: 0.0024110 seconds, Stopping threads took: 0.0000930 seconds
210.396: Application time: 0.0610630 seconds
210.396: [GC210.396: [ParNew: 37401K->4152K(37632K), 0.0019960 secs] 104016K->73959K(121024K), 0.0020280 secs] [Times: user=0.02 sys=0.00, real=0.00 secs] 
210.398: Total time for which application threads were stopped: 0.0021440 seconds, Stopping threads took: 0.0000600 seconds
210.458: Application time: 0.0594950 seconds
210.458: [GC210.458: [ParNew: 37171K->4141K(37632K), 0.0017850 secs] 106978K->76084K(121024K), 0.0018220 secs] [Times: user=0.01 sys=0.00, real=0.01 secs] 
210.460: Total time for which application threads were stopped: 0.0019650 seconds, Stopping threads took: 0.0000860 seconds
210.525: Application time: 0.0647120 seconds
210.525: [GC210.525: [ParNew: 37175K->4159K(37632K), 0.0017810 secs] 109118K->78214K(121024K), 0.0018170 secs] [Times: user=0.02 sys=0.00, real=0.00 secs] 
210.526: Total time for which application threads were stopped: 0.0019410 seconds, Stopping threads took: 0.0000620 seconds
210.590: Application time: 0.0631550 seconds
210.590: [GC210.590: [ParNew: 37060K->4130K(37632K), 0.0016580 secs] 111115K->80301K(121024K), 0.0016920 secs] [Times: user=0.01 sys=0.00, real=0.01 secs] 
210.591: Total time for which application threads were stopped: 0.0018610 seconds, Stopping threads took: 0.0000960 seconds
210.652: Application time: 0.0602010 seconds
210.652: [GC210.652: [ParNew: 36802K->4130K(37632K), 0.0013670 secs] 112973K->81325K(121024K), 0.0013990 secs] [Times: user=0.01 sys=0.00, real=0.00 secs] 
210.653: Total time for which application threads were stopped: 0.0015240 seconds, Stopping threads took: 0.0000690 seconds
210.714: Application time: 0.0612080 seconds
210.715: [GC210.715: [ParNew: 36965K->4120K(37632K), 0.0016860 secs] 114161K->83363K(121024K), 0.0017200 secs] [Times: user=0.01 sys=0.00, real=0.00 secs] 
210.716: Total time for which application threads were stopped: 0.0018570 seconds, Stopping threads took: 0.0000810 seconds
210.777: Application time: 0.0606090 seconds
210.777: [GC210.777: [ParNew: 36972K->4114K(37632K), 0.0021000 secs] 116215K->86429K(121024K), 0.0021320 secs] [Times: user=0.01 sys=0.00, real=0.01 secs] 
210.779: Total time for which application threads were stopped: 0.0022990 seconds, Stopping threads took: 0.0001090 seconds
210.844: Application time: 0.0646540 seconds
210.844: [GC210.844: [ParNew: 37014K->4136K(37632K), 0.0014780 secs] 119330K->87476K(121024K), 0.0015110 secs] [Times: user=0.01 sys=0.00, real=0.00 secs] 
210.845: Total time for which application threads were stopped: 0.0016390 seconds, Stopping threads took: 0.0000710 seconds
210.907: Application time: 0.0611730 seconds
210.907: [GC210.907: [ParNew: 36720K->3114K(37632K), 0.0009140 secs] 120060K->86454K(121024K), 0.0009440 secs] [Times: user=0.00 sys=0.00, real=0.00 secs] 
210.908: Total time for which application threads were stopped: 0.0010890 seconds, Stopping threads took: 0.0000880 seconds
210.968: Application time: 0.0599800 seconds
210.968: [GC210.968: [ParNew: 35577K->4158K(37632K), 0.0011830 secs] 118917K->87522K(121024K), 0.0012130 secs] [Times: user=0.01 sys=0.00, real=0.00 secs] 
210.969: Total time for which application threads were stopped: 0.0013530 seconds, Stopping threads took: 0.0000850 seconds
211.023: Application time: 0.0537980 seconds
211.023: [GC211.023: [ParNew: 36713K->4152K(37632K), 0.0017160 secs]211.025: [Tenured: 85507K->12427K(86216K), 0.0086420 secs] 120077K->12427K(123848K), [Perm : 5528K->5528K(21248K)], 0.0105210 secs] [Times: user=0.02 sys=0.00, real=0.01 secs] 
211.034: Total time for which application threads were stopped: 0.0106470 seconds, Stopping threads took: 0.0000600 seconds
211.095: Application time: 0.0611290 seconds
211.095: [GC211.095: [ParNew: 33125K->4157K(37632K), 0.0016240 secs] 45552K->18648K(121024K), 0.0016590 secs] [Times: user=0.01 sys=0.00, real=0.00 secs] 
211.096: Total time for which application threads were stopped: 0.0018130 seconds, Stopping threads took: 0.0000870 seconds
211.157: Application time: 0.0601520 seconds
211.157: [GC211.157: [ParNew: 37185K->4143K(37632K), 0.0019270 secs] 51676K->21786K(121024K), 0.0019610 secs] [Times: user=0.02 sys=0.00, real=0.01 secs] 
211.159: Total time for which application threads were stopped: 0.0021360 seconds, Stopping threads took: 0.0001180 seconds
211.220: Application time: 0.0611040 seconds
211.220: [GC211.220: [ParNew: 37050K->4140K(37632K), 0.0017230 secs] 54694K->23895K(121024K), 0.0017580 secs] [Times: user=0.01 sys=0.00, real=0.00 secs] 
211.222: Total time for which application threads were stopped: 0.0019270 seconds, Stopping threads took: 0.0001100 seconds
211.286: Application time: 0.0646440 seconds
211.287: [GC211.287: [ParNew: 37092K->4137K(37632K), 0.0012920 secs] 56847K->24964K(121024K), 0.0013280 secs] [Times: user=0.01 sys=0.00, real=0.00 secs] 
211.288: Total time for which application threads were stopped: 0.0014710 seconds, Stopping threads took: 0.0000860 seconds
211.348: Application time: 0.0604890 seconds
211.349: [GC211.349: [ParNew: 36805K->4128K(37632K), 0.0015390 secs] 57632K->27003K(121024K), 0.0015700 secs] [Times: user=0.01 sys=0.00, real=0.00 secs] 
211.350: Total time for which application threads were stopped: 0.0017020 seconds, Stopping threads took: 0.0000770 seconds
211.411: Application time: 0.0613400 seconds
211.415: [GC211.415: [ParNew: 36984K->4114K(37632K), 0.0016440 secs] 59859K->29037K(121024K), 0.0016860 secs] [Times: user=0.01 sys=0.00, real=0.00 secs] 
211.416: Total time for which application threads were stopped: 0.0049130 seconds, Stopping threads took: 0.0031710 seconds
211.478: Application time: 0.0611760 seconds
211.478: [GC211.478: [ParNew: 36987K->4112K(37632K), 0.0019560 secs] 61910K->32107K(121024K), 0.0019920 secs] [Times: user=0.02 sys=0.00, real=0.01 secs] 
211.480: Total time for which application threads were stopped: 0.0021540 seconds, Stopping threads took: 0.0001010 seconds
211.544: Application time: 0.0645950 seconds
211.544: [GC211.544: [ParNew: 37049K->4133K(37632K), 0.0013090 secs] 65045K->33152K(121024K), 0.0013410 secs] [Times: user=0.01 sys=0.00, real=0.00 secs] 
211.546: Total time for which application threads were stopped: 0.0014770 seconds, Stopping threads took: 0.0000770 seconds
211.607: Application time: 0.0616880 seconds
211.608: [GC211.608: [ParNew: 36758K->2122K(37632K), 0.0007100 secs] 65777K->31141K(121024K), 0.0007400 secs] [Times: user=0.01 sys=0.00, real=0.00 secs] 
211.608: Total time for which application threads were stopped: 0.0008910 seconds, Stopping threads took: 0.0000880 seconds
211.669: Application time: 0.0606540 seconds
211.671: [GC211.671: [ParNew: 35593K->3154K(37632K), 0.0007790 secs] 64612K->32173K(121024K), 0.0008080 secs] [Times: user=0.00 sys=0.00, real=0.00 secs] 
211.671: Total time for which application threads were stopped: 0.0024580 seconds, Stopping threads took: 0.0015990 seconds
211.728: Application time: 0.0561530 seconds
211.728: [GC211.728: [ParNew: 35716K->4156K(37632K), 0.0016400 secs] 64735K->35335K(121024K), 0.0016730 secs] [Times: user=0.01 sys=0.00, real=0.00 secs] 
211.729: Total time for which application threads were stopped: 0.0018200 seconds, Stopping threads took: 0.0000910 seconds
211.785: Application time: 0.0553400 seconds
211.785: [GC211.785: [ParNew: 37155K->4156K(37632K), 0.0020630 secs] 68334K->38511K(121024K), 0.0021010 secs] [Times: user=0.02 sys=0.00, real=0.00 secs] 
211.787: Total time for which application threads were stopped: 0.0022390 seconds, Stopping threads took: 0.0000790 seconds
211.851: Application time: 0.0635470 seconds
211.851: [GC211.851: [ParNew: 37208K->4138K(37632K), 0.0021180 secs] 71563K->41653K(121024K), 0.0021530 secs] [Times: user=0.01 sys=0.00, real=0.00 secs] 
211.853: Total time for which application threads were stopped: 0.0022860 seconds, Stopping threads took: 0.0000730 seconds
211.919: Application time: 0.0656530 seconds
211.919: [GC211.919: [ParNew: 37248K->4159K(37632K), 0.0010500 secs] 74764K->41747K(121024K), 0.0010810 secs] [Times: user=0.01 sys=0.00, real=0.00 secs] 
211.920: Total time for which application threads were stopped: 0.0012560 seconds, Stopping threads took: 0.0001200 seconds
211.978: Application time: 0.0584570 seconds
211.978: [GC211.978: [ParNew: 36712K->4117K(37632K), 0.0013400 secs] 74299K->42792K(121024K), 0.0013710 secs] [Times: user=0.01 sys=0.00, real=0.01 secs] 
211.980: Total time for which application threads were stopped: 0.0015140 seconds, Stopping threads took: 0.0000870 seconds
212.043: Application time: 0.0633130 seconds
212.043: [GC212.043: [ParNew: 37007K->4123K(37632K), 0.0012690 secs] 75683K->43823K(121024K), 0.0013000 secs] [Times: user=0.01 sys=0.00, real=0.00 secs] 
212.045: Total time for which application threads were stopped: 0.0014540 seconds, Stopping threads took: 0.0000990 seconds
212.104: Application time: 0.0599120 seconds
212.105: [GC212.105: [ParNew: 36944K->4112K(37632K), 0.0019470 secs] 76644K->46884K(121024K), 0.0019800 secs] [Times: user=0.02 sys=0.00, real=0.00 secs] 
212.107: Total time for which application threads were stopped: 0.0021130 seconds, Stopping threads took: 0.0000730 seconds
212.168: Application time: 0.0613850 seconds
212.168: [GC212.168: [ParNew: 36990K->4116K(37632K), 0.0021190 secs] 79762K->49960K(121024K), 0.0021530 secs] [Times: user=0.01 sys=0.00, real=0.00 secs] 
212.170: Total time for which application threads were stopped: 0.0023090 seconds, Stopping threads took: 0.0000800 seconds
212.234: Application time: 0.0635020 seconds
212.234: [GC212.234: [ParNew: 36944K->4150K(37632K), 0.0013880 secs] 82788K->51018K(121024K), 0.0014210 secs] [Times: user=0.01 sys=0.00, real=0.00 secs] 
212.235: Total time for which application threads were stopped: 0.0015730 seconds, Stopping threads took: 0.0000940 seconds
212.298: Application time: 0.0630580 seconds
212.299: [GC212.299: [ParNew: 36726K->2133K(37632K), 0.0007010 secs] 83594K->49001K(121024K), 0.0007310 secs] [Times: user=0.00 sys=0.01, real=0.01 secs] 
212.299: Total time for which application threads were stopped: 0.0008800 seconds, Stopping threads took: 0.0000930 seconds
212.359: Application time: 0.0598560 seconds
212.359: [GC212.359: [ParNew: 35605K->4157K(37632K), 0.0011460 secs] 82473K->51049K(121024K), 0.0011750 secs] [Times: user=0.00 sys=0.00, real=0.00 secs] 
212.360: Total time for which application threads were stopped: 0.0012830 seconds, Stopping threads took: 0.0000550 seconds
212.417: Application time: 0.0563610 seconds
212.417: [GC212.417: [ParNew: 36923K->4157K(37632K), 0.0015770 secs] 83815K->53177K(121024K), 0.0016080 secs] [Times: user=0.02 sys=0.00, real=0.00 secs] 
212.419: Total time for which application threads were stopped: 0.0017550 seconds, Stopping threads took: 0.0000920 seconds
212.477: Application time: 0.0582280 seconds
212.477: [GC212.477: [ParNew: 37184K->4152K(37632K), 0.0019540 secs] 86204K->56340K(121024K), 0.0019920 secs] [Times: user=0.02 sys=0.00, real=0.01 secs] 
212.479: Total time for which application threads were stopped: 0.0021190 seconds, Stopping threads took: 0.0000690 seconds
212.542: Application time: 0.0632840 seconds
212.542: [GC212.542: [ParNew: 37218K->4143K(37632K), 0.0017470 secs] 89406K->58459K(121024K), 0.0017820 secs] [Times: user=0.01 sys=0.00, real=0.00 secs] 
212.544: Total time for which application threads were stopped: 0.0019180 seconds, Stopping threads took: 0.0000760 seconds
212.608: Application time: 0.0637390 seconds
212.608: [GC212.608: [ParNew: 37214K->4143K(37632K), 0.0018740 secs] 91530K->61587K(121024K), 0.0019060 secs] [Times: user=0.01 sys=0.00, real=0.00 secs] 
212.610: Total time for which application threads were stopped: 0.0020320 seconds, Stopping threads took: 0.0000700 seconds
212.670: Application time: 0.0601380 seconds
212.670: [GC212.670: [ParNew: 36901K->4131K(37632K), 0.0013550 secs] 94345K->62664K(121024K), 0.0013910 secs] [Times: user=0.01 sys=0.00, real=0.01 secs] 
212.672: Total time for which application threads were stopped: 0.0015310 seconds, Stopping threads took: 0.0000750 seconds
212.735: Application time: 0.0631530 seconds
212.735: [GC212.735: [ParNew: 36949K->4130K(37632K), 0.0015760 secs] 95481K->63686K(121024K), 0.0016080 secs] [Times: user=0.01 sys=0.00, real=0.00 secs] 
212.736: Total time for which application threads were stopped: 0.0017280 seconds, Stopping threads took: 0.0000650 seconds
212.795: Application time: 0.0586150 seconds
212.795: [GC212.795: [ParNew: 36815K->4116K(37632K), 0.0015170 secs] 96372K->64696K(121024K), 0.0015480 secs] [Times: user=0.01 sys=0.00, real=0.00 secs] 
212.797: Total time for which application threads were stopped: 0.0017360 seconds, Stopping threads took: 0.0001310 seconds
212.862: Application time: 0.0649370 seconds
212.862: [GC212.862: [ParNew: 37092K->4134K(37632K), 0.0018410 secs] 97672K->66762K(121024K), 0.0018730 secs] [Times: user=0.02 sys=0.00, real=0.00 secs] 
212.864: Total time for which application threads were stopped: 0.0020170 seconds, Stopping threads took: 0.0000890 seconds
212.925: Application time: 0.0614860 seconds
212.925: [GC212.925: [ParNew: 36923K->4152K(37632K), 0.0014060 secs] 99551K->67804K(121024K), 0.0014390 secs] [Times: user=0.01 sys=0.00, real=0.00 secs] 
212.927: Total time for which application threads were stopped: 0.0015690 seconds, Stopping threads took: 0.0000680 seconds
212.989: Application time: 0.0626660 seconds
212.990: [GC212.990: [ParNew: 36678K->2090K(37632K), 0.0006940 secs] 100331K->65742K(121024K), 0.0007250 secs] [Times: user=0.01 sys=0.00, real=0.00 secs] 
212.990: Total time for which application threads were stopped: 0.0008260 seconds, Stopping threads took: 0.0000520 seconds
213.047: Application time: 0.0563680 seconds
213.047: [GC213.047: [ParNew: 35405K->4143K(37632K), 0.0014650 secs] 99058K->68820K(121024K), 0.0014950 secs] [Times: user=0.01 sys=0.00, real=0.00 secs] 
213.048: Total time for which application threads were stopped: 0.0016130 seconds, Stopping threads took: 0.0000620 seconds
213.104: Application time: 0.0561320 seconds
213.105: [GC213.105: [ParNew: 37026K->4155K(37632K), 0.0016810 secs] 101703K->70983K(121024K), 0.0017140 secs] [Times: user=0.01 sys=0.00, real=0.00 secs] 
213.106: Total time for which application threads were stopped: 0.0018330 seconds, Stopping threads took: 0.0000610 seconds
213.166: Application time: 0.0602150 seconds
213.167: [GC213.167: [ParNew: 37234K->4155K(37632K), 0.0019740 secs] 104062K->74148K(121024K), 0.0020130 secs] [Times: user=0.02 sys=0.00, real=0.00 secs] 
213.169: Total time for which application threads were stopped: 0.0021460 seconds, Stopping threads took: 0.0000760 seconds
213.231: Application time: 0.0623270 seconds
213.231: [GC213.231: [ParNew: 37224K->4140K(37632K), 0.0019450 secs] 107216K->77293K(121024K), 0.0019780 secs] [Times: user=0.01 sys=0.00, real=0.00 secs] 
213.233: Total time for which application threads were stopped: 0.0021090 seconds, Stopping threads took: 0.0000610 seconds
213.296: Application time: 0.0631300 seconds
213.296: [GC213.296: [ParNew: 37117K->4152K(37632K), 0.0016210 secs] 110270K->79409K(121024K), 0.0016540 secs] [Times: user=0.01 sys=0.00, real=0.00 secs] 
213.298: Total time for which application threads were stopped: 0.0017750 seconds, Stopping threads took: 0.0000620 seconds
213.360: Application time: 0.0617260 seconds
213.360: [GC213.360: [ParNew: 36989K->4111K(37632K), 0.0017310 secs] 112245K->81464K(121024K), 0.0017650 secs] [Times: user=0.01 sys=0.00, real=0.00 secs] 
213.362: Total time for which application threads were stopped: 0.0018980 seconds, Stopping threads took: 0.0000750 seconds
213.424: Application time: 0.0622870 seconds
213.424: [GC213.424: [ParNew: 36971K->4132K(37632K), 0.0014100 secs] 114324K->82509K(121024K), 0.0014410 secs] [Times: user=0.01 sys=0.00, real=0.00 secs] 
213.425: Total time for which application threads were stopped: 0.0015670 seconds, Stopping threads took: 0.0000680 seconds
213.487: Application time: 0.0617270 seconds
213.487: [GC213.487: [ParNew: 36975K->4128K(37632K), 0.0017240 secs] 115351K->84553K(121024K), 0.0017590 secs] [Times: user=0.01 sys=0.00, real=0.00 secs] 
213.489: Total time for which application threads were stopped: 0.0019260 seconds, Stopping threads took: 0.0001110 seconds
213.553: Application time: 0.0635930 seconds
213.553: [GC213.553: [ParNew: 37000K->4150K(37632K), 0.0012650 secs] 117425K->84575K(121024K), 0.0012940 secs] [Times: user=0.01 sys=0.00, real=0.00 secs] 
213.554: Total time for which application threads were stopped: 0.0014460 seconds, Stopping threads took: 0.0000970 seconds
213.617: Application time: 0.0625300 seconds
213.617: [GC213.617: [ParNew: 36856K->3144K(37632K), 0.0010330 secs] 117281K->83569K(121024K), 0.0010650 secs] [Times: user=0.01 sys=0.00, real=0.00 secs] 
213.618: Total time for which application threads were stopped: 0.0011970 seconds, Stopping threads took: 0.0000760 seconds
213.678: Application time: 0.0603800 seconds
213.678: [GC213.678: [ParNew: 36616K->3124K(37632K), 0.0009620 secs] 117041K->83549K(121024K), 0.0009910 secs] [Times: user=0.01 sys=0.00, real=0.01 secs] 
213.679: Total time for which application threads were stopped: 0.0011300 seconds, Stopping threads took: 0.0000870 seconds
213.738: Application time: 0.0584370 seconds
213.738: [GC213.738: [ParNew: 36591K->4142K(37632K), 0.0017030 secs] 117016K->86615K(121024K), 0.0017390 secs] [Times: user=0.01 sys=0.00, real=0.01 secs] 
213.740: Total time for which application threads were stopped: 0.0018830 seconds, Stopping threads took: 0.0000590 seconds
213.802: Application time: 0.0620970 seconds
213.802: [GC213.802: [ParNew: 37357K->4159K(37632K), 0.0011320 secs] 119830K->86772K(121024K), 0.0011600 secs] [Times: user=0.01 sys=0.00, real=0.00 secs] 
213.803: Total time for which application threads were stopped: 0.0012900 seconds, Stopping threads took: 0.0000770 seconds
213.858: Application time: 0.0549190 seconds
213.858: [GC213.858: [ParNew: 36823K->4144K(37632K), 0.0019090 secs]213.860: [Tenured: 84741K->9768K(85448K), 0.0081770 secs] 119436K->9768K(123080K), [Perm : 5528K->5528K(21248K)], 0.0102180 secs] [Times: user=0.02 sys=0.00, real=0.01 secs] 
213.868: Total time for which application threads were stopped: 0.0103760 seconds, Stopping threads took: 0.0000950 seconds
213.933: Application time: 0.0645370 seconds
213.933: [GC213.933: [ParNew: 33108K->4138K(37632K), 0.0018610 secs] 42876K->16979K(121024K), 0.0018940 secs] [Times: user=0.02 sys=0.00, real=0.00 secs] 
213.935: Total time for which application threads were stopped: 0.0020510 seconds, Stopping threads took: 0.0001000 seconds
213.995: Application time: 0.0601280 seconds
213.995: [GC213.995: [ParNew: 37146K->4158K(37632K), 0.0014200 secs] 49987K->18079K(121024K), 0.0014530 secs] [Times: user=0.01 sys=0.00, real=0.00 secs] 
213.997: Total time for which application threads were stopped: 0.0015750 seconds, Stopping threads took: 0.0000660 seconds
214.059: Application time: 0.0619960 seconds
214.059: [GC214.059: [ParNew: 37001K->4130K(37632K), 0.0016210 secs] 50922K->20139K(121024K), 0.0016550 secs] [Times: user=0.01 sys=0.00, real=0.00 secs] 
214.061: Total time for which application threads were stopped: 0.0018020 seconds, Stopping threads took: 0.0000890 seconds
214.121: Application time: 0.0606810 seconds
214.121: [GC214.121: [ParNew: 36930K->4113K(37632K), 0.0013800 secs] 52939K->21146K(121024K), 0.0014130 secs] [Times: user=0.01 sys=0.00, real=0.00 secs] 
214.123: Total time for which application threads were stopped: 0.0015820 seconds, Stopping threads took: 0.0001130 seconds
214.189: Application time: 0.0657950 seconds
214.189: [GC214.189: [ParNew: 37100K->2105K(37632K), 0.0022460 secs] 54133K->19138K(121024K), 0.0022790 secs] [Times: user=0.00 sys=0.00, real=0.01 secs] 
214.191: Total time for which application threads were stopped: 0.0024040 seconds, Stopping threads took: 0.0000710 seconds
214.249: Application time: 0.0583370 seconds
214.249: [GC214.249: [ParNew: 34595K->4118K(37632K), 0.0013520 secs] 51628K->22175K(121024K), 0.0013860 secs] [Times: user=0.01 sys=0.00, real=0.01 secs] 
214.251: Total time for which application threads were stopped: 0.0015300 seconds, Stopping threads took: 0.0000790 seconds
214.315: Application time: 0.0638490 seconds
214.315: [GC214.315: [ParNew: 36968K->4117K(37632K), 0.0010930 secs] 55025K->22174K(121024K), 0.0011230 secs] [Times: user=0.00 sys=0.00, real=0.00 secs] 
214.316: Total time for which application threads were stopped: 0.0012680 seconds, Stopping threads took: 0.0000890 seconds
214.377: Application time: 0.0611840 seconds
214.377: [GC214.377: [ParNew: 36726K->4132K(37632K), 0.0011300 secs] 54783K->22189K(121024K), 0.0011620 secs] [Times: user=0.01 sys=0.00, real=0.00 secs] 
214.378: Total time for which application threads were stopped: 0.0012830 seconds, Stopping threads took: 0.0000660 seconds
214.437: Application time: 0.0590610 seconds
214.438: [GC214.438: [ParNew: 37543K->4152K(37632K), 0.0011160 secs] 55600K->22209K(121024K), 0.0011470 secs] [Times: user=0.01 sys=0.00, real=0.01 secs] 
214.439: Total time for which application threads were stopped: 0.0012610 seconds, Stopping threads took: 0.0000580 seconds
214.498: Application time: 0.0594140 seconds
214.498: [GC214.498: [ParNew: 37190K->4158K(37632K), 0.0017130 secs] 55247K->24371K(121024K), 0.0017480 secs] [Times: user=0.01 sys=0.00, real=0.01 secs] 
214.500: Total time for which application threads were stopped: 0.0018700 seconds, Stopping threads took: 0.0000660 seconds
214.555: Application time: 0.0552830 seconds
214.555: [GC214.555: [ParNew: 36988K->4156K(37632K), 0.0017290 secs] 57201K->26505K(121024K), 0.0017710 secs] [Times: user=0.01 sys=0.00, real=0.00 secs] 
214.557: Total time for which application threads were stopped: 0.0018980 seconds, Stopping threads took: 0.0000680 seconds
214.622: Application time: 0.0644270 seconds
214.623: [GC214.623: [ParNew: 37248K->4147K(37632K), 0.0014860 secs] 59597K->27596K(121024K), 0.0015200 secs] [Times: user=0.01 sys=0.00, real=0.00 secs] 
214.624: Total time for which application threads were stopped: 0.0025990 seconds, Stopping threads took: 0.0010210 seconds
214.686: Application time: 0.0619590 seconds
214.686: [GC214.686: [ParNew: 37167K->4140K(37632K), 0.0018840 secs] 60616K->30717K(121024K), 0.0019200 secs] [Times: user=0.01 sys=0.00, real=0.00 secs] 
214.688: Total time for which application threads were stopped: 0.0020400 seconds, Stopping threads took: 0.0000590 seconds
214.748: Application time: 0.0595500 seconds
214.748: [GC214.748: [ParNew: 36929K->4130K(37632K), 0.0016510 secs] 63506K->32811K(121024K), 0.0016830 secs] [Times: user=0.01 sys=0.00, real=0.00 secs] 
214.750: Total time for which application threads were stopped: 0.0018590 seconds, Stopping threads took: 0.0001200 seconds
214.814: Application time: 0.0647520 seconds
214.815: [GC214.815: [ParNew: 37058K->4117K(37632K), 0.0015710 secs] 65739K->34846K(121024K), 0.0016060 secs] [Times: user=0.01 sys=0.00, real=0.00 secs] 
214.816: Total time for which application threads were stopped: 0.0017510 seconds, Stopping threads took: 0.0000790 seconds
214.877: Application time: 0.0609740 seconds
214.877: [GC214.877: [ParNew: 36890K->4133K(37632K), 0.0013870 secs] 67619K->35886K(121024K), 0.0014200 secs] [Times: user=0.01 sys=0.00, real=0.01 secs] 
214.879: Total time for which application threads were stopped: 0.0015640 seconds, Stopping threads took: 0.0000870 seconds
214.940: Application time: 0.0609340 seconds
214.940: [GC214.940: [ParNew: 36825K->4132K(37632K), 0.0013890 secs] 68578K->36910K(121024K), 0.0014210 secs] [Times: user=0.01 sys=0.00, real=0.00 secs] 
214.941: Total time for which application threads were stopped: 0.0015580 seconds, Stopping threads took: 0.0000790 seconds
215.001: Application time: 0.0600250 seconds
215.001: [GC215.001: [ParNew: 36741K->4133K(37632K), 0.0015350 secs] 69518K->37934K(121024K), 0.0015670 secs] [Times: user=0.01 sys=0.00, real=0.00 secs] 
215.003: Total time for which application threads were stopped: 0.0016950 seconds, Stopping threads took: 0.0000720 seconds
215.069: Application time: 0.0657730 seconds
215.069: [GC215.069: [ParNew: 37096K->3146K(37632K), 0.0008550 secs] 70897K->36947K(121024K), 0.0008820 secs] [Times: user=0.01 sys=0.00, real=0.00 secs] 
215.070: Total time for which application threads were stopped: 0.0010150 seconds, Stopping threads took: 0.0000820 seconds
215.124: Application time: 0.0546780 seconds
215.125: [GC215.125: [ParNew: 36204K->4148K(37632K), 0.0010760 secs] 70006K->37949K(121024K), 0.0011070 secs] [Times: user=0.01 sys=0.00, real=0.00 secs] 
215.126: Total time for which application threads were stopped: 0.0012400 seconds, Stopping threads took: 0.0000780 seconds
215.188: Application time: 0.0619900 seconds
215.188: [GC215.188: [ParNew: 37566K->4157K(37632K), 0.0014690 secs] 71368K->39079K(121024K), 0.0015040 secs] [Times: user=0.01 sys=0.00, real=0.00 secs] 
215.189: Total time for which application threads were stopped: 0.0016220 seconds, Stopping threads took: 0.0000600 seconds
215.252: Application time: 0.0628240 seconds
215.252: [GC215.252: [ParNew: 37316K->4158K(37632K), 0.0013070 secs] 72238K->40259K(121024K), 0.0013380 secs] [Times: user=0.01 sys=0.00, real=0.00 secs] 
215.254: Total time for which application threads were stopped: 0.0014660 seconds, Stopping threads took: 0.0000720 seconds
215.312: Application time: 0.0584210 seconds
215.312: [GC215.312: [ParNew: 36745K->4114K(37632K), 0.0013750 secs] 72847K->41304K(121024K), 0.0014070 secs] [Times: user=0.01 sys=0.00, real=0.00 secs] 
215.314: Total time for which application threads were stopped: 0.0015520 seconds, Stopping threads took: 0.0000810 seconds
215.376: Application time: 0.0627420 seconds
215.376: [GC215.376: [ParNew: 37136K->4144K(37632K), 0.0016690 secs] 74326K->43382K(121024K), 0.0017010 secs] [Times: user=0.01 sys=0.00, real=0.00 secs] 
215.378: Total time for which application threads were stopped: 0.0018540 seconds, Stopping threads took: 0.0000890 seconds
215.437: Application time: 0.0592440 seconds
215.438: [GC215.438: [ParNew: 36920K->4133K(37632K), 0.0014340 secs] 76158K->44450K(121024K), 0.0014640 secs] [Times: user=0.01 sys=0.00, real=0.01 secs] 
215.439: Total time for which application threads were stopped: 0.0016510 seconds, Stopping threads took: 0.0001310 seconds
215.502: Application time: 0.0624670 seconds
215.502: [GC215.502: [ParNew: 36897K->4131K(37632K), 0.0014630 secs] 77215K->45473K(121024K), 0.0014950 secs] [Times: user=0.01 sys=0.00, real=0.00 secs] 
215.503: Total time for which application threads were stopped: 0.0016230 seconds, Stopping threads took: 0.0000710 seconds
215.563: Application time: 0.0593880 seconds
215.563: [GC215.563: [ParNew: 36685K->4126K(37632K), 0.0017170 secs] 78027K->47516K(121024K), 0.0017490 secs] [Times: user=0.01 sys=0.00, real=0.00 secs] 
215.564: Total time for which application threads were stopped: 0.0019030 seconds, Stopping threads took: 0.0000980 seconds
215.630: Application time: 0.0658000 seconds
215.630: [GC215.630: [ParNew: 37109K->4151K(37632K), 0.0014370 secs] 80498K->48565K(121024K), 0.0014690 secs] [Times: user=0.02 sys=0.00, real=0.01 secs] 
215.632: Total time for which application threads were stopped: 0.0015810 seconds, Stopping threads took: 0.0000560 seconds
215.692: Application time: 0.0597170 seconds
215.692: [GC215.692: [ParNew: 36786K->4152K(37632K), 0.0010540 secs] 81200K->48566K(121024K), 0.0010860 secs] [Times: user=0.01 sys=0.00, real=0.00 secs] 
215.693: Total time for which application threads were stopped: 0.0012270 seconds, Stopping threads took: 0.0000840 seconds
215.753: Application time: 0.0598230 seconds
215.753: [GC215.753: [ParNew: 37604K->4122K(37632K), 0.0010750 secs] 82017K->48536K(121024K), 0.0011070 secs] [Times: user=0.01 sys=0.00, real=0.00 secs] 
215.754: Total time for which application threads were stopped: 0.0012420 seconds, Stopping threads took: 0.0000830 seconds
215.811: Application time: 0.0571950 seconds
215.811: [GC215.811: [ParNew: 36871K->4142K(37632K), 0.0020310 secs] 81284K->51628K(121024K), 0.0020660 secs] [Times: user=0.02 sys=0.00, real=0.00 secs] 
215.813: Total time for which application threads were stopped: 0.0022020 seconds, Stopping threads took: 0.0000750 seconds
215.876: Application time: 0.0632350 seconds
215.879: [GC215.879: [ParNew: 37439K->4156K(37632K), 0.0017990 secs] 84925K->53794K(121024K), 0.0018350 secs] [Times: user=0.01 sys=0.00, real=0.00 secs] 
215.881: Total time for which application threads were stopped: 0.0041120 seconds, Stopping threads took: 0.0022090 seconds
215.941: Application time: 0.0607700 seconds
215.941: [GC215.941: [ParNew: 37222K->4159K(37632K), 0.0013410 secs] 86860K->54946K(121024K), 0.0013750 secs] [Times: user=0.01 sys=0.00, real=0.00 secs] 
215.943: Total time for which application threads were stopped: 0.0015250 seconds, Stopping threads took: 0.0000940 seconds
216.003: Application time: 0.0605960 seconds
216.004: [GC216.004: [ParNew: 36851K->3095K(37632K), 0.0009120 secs] 87637K->53953K(121024K), 0.0009420 secs] [Times: user=0.01 sys=0.00, real=0.00 secs] 
216.005: Total time for which application threads were stopped: 0.0010620 seconds, Stopping threads took: 0.0000650 seconds
216.065: Application time: 0.0600590 seconds
216.065: [GC216.065: [ParNew: 35970K->4140K(37632K), 0.0019580 secs] 86828K->58070K(121024K), 0.0019930 secs] [Times: user=0.01 sys=0.00, real=0.00 secs] 
216.067: Total time for which application threads were stopped: 0.0021220 seconds, Stopping threads took: 0.0000700 seconds
216.131: Application time: 0.0639460 seconds
216.131: [GC216.131: [ParNew: 37106K->4117K(37632K), 0.0017040 secs] 91036K->60151K(121024K), 0.0017480 secs] [Times: user=0.01 sys=0.00, real=0.00 secs] 
216.133: Total time for which application threads were stopped: 0.0018850 seconds, Stopping threads took: 0.0000790 seconds
216.190: Application time: 0.0575630 seconds
216.190: [GC216.190: [ParNew: 36632K->4111K(37632K), 0.0014460 secs] 92667K->61169K(121024K), 0.0014740 secs] [Times: user=0.01 sys=0.00, real=0.01 secs] 
216.192: Total time for which application threads were stopped: 0.0016280 seconds, Stopping threads took: 0.0000970 seconds
216.257: Application time: 0.0647980 seconds
216.257: [GC216.257: [ParNew: 37040K->3104K(37632K), 0.0008130 secs] 94098K->60163K(121024K), 0.0008430 secs] [Times: user=0.01 sys=0.00, real=0.00 secs] 
216.258: Total time for which application threads were stopped: 0.0009660 seconds, Stopping threads took: 0.0000690 seconds
216.319: Application time: 0.0613660 seconds
216.319: [GC216.319: [ParNew: 35842K->4150K(37632K), 0.0011930 secs] 92900K->61208K(121024K), 0.0012230 secs] [Times: user=0.01 sys=0.00, real=0.00 secs] 
216.320: Total time for which application threads were stopped: 0.0013580 seconds, Stopping threads took: 0.0000800 seconds
216.380: Application time: 0.0594420 seconds
216.380: [GC216.380: [ParNew: 36644K->4136K(37632K), 0.0010740 secs] 93702K->61194K(121024K), 0.0011030 secs] [Times: user=0.01 sys=0.00, real=0.00 secs] 
216.381: Total time for which application threads were stopped: 0.0012300 seconds, Stopping threads took: 0.0000640 seconds
216.439: Application time: 0.0583540 seconds
216.439: [GC216.439: [ParNew: 36619K->4122K(37632K), 0.0011170 secs] 93677K->61180K(121024K), 0.0011460 secs] [Times: user=0.01 sys=0.00, real=0.00 secs] 
216.441: Total time for which application threads were stopped: 0.0012950 seconds, Stopping threads took: 0.0000940 seconds
216.498: Application time: 0.0576830 seconds
216.498: [GC216.498: [ParNew: 36956K->4142K(37632K), 0.0020220 secs] 94014K->64272K(121024K), 0.0020570 secs] [Times: user=0.01 sys=0.00, real=0.01 secs] 
216.500: Total time for which application threads were stopped: 0.0021920 seconds, Stopping threads took: 0.0000770 seconds
216.562: Application time: 0.0613240 seconds
216.562: [GC216.562: [ParNew: 37276K->4156K(37632K), 0.0016880 secs] 97406K->66446K(121024K), 0.0017230 secs] [Times: user=0.01 sys=0.00, real=0.00 secs] 
216.564: Total time for which application threads were stopped: 0.0018650 seconds, Stopping threads took: 0.0000850 seconds
216.626: Application time: 0.0624560 seconds
216.626: [GC216.626: [ParNew: 37303K->4157K(37632K), 0.0013870 secs] 99593K->67580K(121024K), 0.0014190 secs] [Times: user=0.01 sys=0.00, real=0.00 secs] 
216.628: Total time for which application threads were stopped: 0.0015450 seconds, Stopping threads took: 0.0000720 seconds
216.687: Application time: 0.0598300 seconds
216.688: [GC216.688: [ParNew: 36872K->4113K(37632K), 0.0016450 secs] 100295K->69655K(121024K), 0.0016770 secs] [Times: user=0.01 sys=0.00, real=0.00 secs] 
216.689: Total time for which application threads were stopped: 0.0018000 seconds, Stopping threads took: 0.0000670 seconds
216.752: Application time: 0.0630970 seconds
216.752: [GC216.753: [ParNew: 37131K->4142K(37632K), 0.0016730 secs] 102674K->71733K(121024K), 0.0017060 secs] [Times: user=0.01 sys=0.00, real=0.00 secs] 
216.754: Total time for which application threads were stopped: 0.0018430 seconds, Stopping threads took: 0.0000790 seconds
216.816: Application time: 0.0621950 seconds
216.817: [GC216.817: [ParNew: 37046K->4134K(37632K), 0.0016320 secs] 104637K->73821K(121024K), 0.0016630 secs] [Times: user=0.01 sys=0.00, real=0.00 secs] 
216.818: Total time for which application threads were stopped: 0.0018090 seconds, Stopping threads took: 0.0000880 seconds
216.878: Application time: 0.0599630 seconds
216.878: [GC216.878: [ParNew: 36711K->4136K(37632K), 0.0012150 secs] 106398K->73823K(121024K), 0.0012480 secs] [Times: user=0.01 sys=0.00, real=0.01 secs] 
216.880: Total time for which application threads were stopped: 0.0013920 seconds, Stopping threads took: 0.0000890 seconds
216.940: Application time: 0.0599480 seconds
216.940: [GC216.940: [ParNew: 36636K->4122K(37632K), 0.0012290 secs] 106322K->73809K(121024K), 0.0012610 secs] [Times: user=0.01 sys=0.00, real=0.00 secs] 
216.941: Total time for which application threads were stopped: 0.0014140 seconds, Stopping threads took: 0.0000900 seconds
217.005: Application time: 0.0642200 seconds
217.005: [GC217.005: [ParNew: 37011K->4133K(37632K), 0.0013840 secs] 106697K->74843K(121024K), 0.0014180 secs] [Times: user=0.01 sys=0.00, real=0.00 secs] 
217.007: Total time for which application threads were stopped: 0.0015360 seconds, Stopping threads took: 0.0000590 seconds
217.065: Application time: 0.0583440 seconds
217.065: [GC217.065: [ParNew: 37602K->4120K(37632K), 0.0014210 secs] 108313K->75855K(121024K), 0.0014540 secs] [Times: user=0.01 sys=0.00, real=0.00 secs] 
217.067: Total time for which application threads were stopped: 0.0015820 seconds, Stopping threads took: 0.0000710 seconds
217.124: Application time: 0.0576580 seconds
217.124: [GC217.124: [ParNew: 36699K->4117K(37632K), 0.0014970 secs] 108433K->76876K(121024K), 0.0015310 secs] [Times: user=0.01 sys=0.00, real=0.00 secs] 
217.126: Total time for which application threads were stopped: 0.0016800 seconds, Stopping threads took: 0.0000940 seconds
217.186: Application time: 0.0601430 seconds
217.186: [GC217.186: [ParNew: 37109K->4144K(37632K), 0.0020340 secs] 109868K->79975K(121024K), 0.0020690 secs] [Times: user=0.01 sys=0.00, real=0.00 secs] 
217.188: Total time for which application threads were stopped: 0.0022060 seconds, Stopping threads took: 0.0000810 seconds
217.249: Application time: 0.0611180 seconds
217.250: [GC217.250: [ParNew: 37386K->4159K(37632K), 0.0015500 secs] 113217K->81134K(121024K), 0.0015850 secs] [Times: user=0.01 sys=0.00, real=0.01 secs] 
217.251: Total time for which application threads were stopped: 0.0018020 seconds, Stopping threads took: 0.0001590 seconds
217.317: Application time: 0.0658070 seconds
217.317: [GC217.317: [ParNew: 37458K->4156K(37632K), 0.0014240 secs] 114433K->82279K(121024K), 0.0014580 secs] [Times: user=0.00 sys=0.00, real=0.01 secs] 
217.319: Total time for which application threads were stopped: 0.0015810 seconds, Stopping threads took: 0.0000660 seconds
217.375: Application time: 0.0567730 seconds
217.376: [GC217.376: [ParNew: 36642K->4117K(37632K), 0.0016120 secs] 114766K->83352K(121024K), 0.0016430 secs] [Times: user=0.01 sys=0.00, real=0.00 secs] 
217.377: Total time for which application threads were stopped: 0.0018190 seconds, Stopping threads took: 0.0001100 seconds
217.442: Application time: 0.0647650 seconds
217.442: [GC217.442: [ParNew: 37122K->4150K(37632K), 0.0014240 secs] 116357K->84409K(121024K), 0.0014550 secs] [Times: user=0.01 sys=0.00, real=0.00 secs] 
217.444: Total time for which application threads were stopped: 0.0015880 seconds, Stopping threads took: 0.0000660 seconds
217.505: Application time: 0.0615740 seconds
217.505: [GC217.505: [ParNew: 37017K->4134K(37632K), 0.0039170 secs] 117277K->86505K(121024K), 0.0039540 secs] [Times: user=0.03 sys=0.00, real=0.00 secs] 
217.509: Total time for which application threads were stopped: 0.0040980 seconds, Stopping threads took: 0.0000840 seconds
217.570: Application time: 0.0608680 seconds
217.575: [GC217.575: [ParNew: 36730K->4159K(37632K), 0.0012020 secs] 119101K->86546K(121024K), 0.0012330 secs] [Times: user=0.01 sys=0.00, real=0.00 secs] 
217.576: Total time for which application threads were stopped: 0.0057740 seconds, Stopping threads took: 0.0044850 seconds
217.635: Application time: 0.0592760 seconds
217.635: [GC217.635: [ParNew: 36640K->4112K(37632K), 0.0012750 secs] 119027K->86508K(121024K), 0.0013060 secs] [Times: user=0.01 sys=0.00, real=0.00 secs] 
217.637: Total time for which application threads were stopped: 0.0015350 seconds, Stopping threads took: 0.0001480 seconds
217.703: Application time: 0.0658520 seconds
217.703: [GC217.703: [ParNew: 37072K->3113K(37632K), 0.0009090 secs] 119468K->85508K(121024K), 0.0009390 secs] [Times: user=0.01 sys=0.00, real=0.00 secs] 
217.704: Total time for which application threads were stopped: 0.0010640 seconds, Stopping threads took: 0.0000620 seconds
217.759: Application time: 0.0550220 seconds
217.759: [GC217.759: [ParNew: 36374K->4138K(37632K), 0.0011210 secs] 118770K->86533K(121024K), 0.0011500 secs] [Times: user=0.00 sys=0.00, real=0.00 secs] 
217.760: Total time for which application threads were stopped: 0.0012600 seconds, Stopping threads took: 0.0000600 seconds
217.822: Application time: 0.0616290 seconds
217.822: [GC217.822: [ParNew: 36854K->4120K(37632K), 0.0016620 secs]217.823: [Tenured: 84443K->10959K(85448K), 0.0086050 secs] 119249K->10959K(123080K), [Perm : 5528K->5528K(21248K)], 0.0103760 secs] [Times: user=0.02 sys=0.00, real=0.01 secs] 
217.832: Total time for which application threads were stopped: 0.0105160 seconds, Stopping threads took: 0.0000780 seconds
217.893: Application time: 0.0608810 seconds
217.893: [GC217.893: [ParNew: 33029K->4140K(37632K), 0.0019540 secs] 43988K->18171K(121024K), 0.0019910 secs] [Times: user=0.01 sys=0.00, real=0.00 secs] 
217.895: Total time for which application threads were stopped: 0.0021130 seconds, Stopping threads took: 0.0000640 seconds
217.955: Application time: 0.0600800 seconds
217.955: [GC217.955: [ParNew: 37348K->4157K(37632K), 0.0017680 secs] 51380K->20332K(121024K), 0.0018020 secs] [Times: user=0.01 sys=0.00, real=0.00 secs] 
217.957: Total time for which application threads were stopped: 0.0019400 seconds, Stopping threads took: 0.0000690 seconds
218.019: Application time: 0.0617430 seconds
218.019: [GC218.019: [ParNew: 37248K->4158K(37632K), 0.0014140 secs] 53424K->21514K(121024K), 0.0014480 secs] [Times: user=0.01 sys=0.00, real=0.00 secs] 
218.020: Total time for which application threads were stopped: 0.0015690 seconds, Stopping threads took: 0.0000620 seconds
218.081: Application time: 0.0610550 seconds
218.082: [GC218.082: [ParNew: 36863K->4122K(37632K), 0.0013880 secs] 54219K->22558K(121024K), 0.0014180 secs] [Times: user=0.01 sys=0.00, real=0.00 secs] 
218.083: Total time for which application threads were stopped: 0.0015480 seconds, Stopping threads took: 0.0000750 seconds
218.143: Application time: 0.0604230 seconds
218.144: [GC218.144: [ParNew: 37021K->4140K(37632K), 0.0019510 secs] 55457K->25648K(121024K), 0.0019850 secs] [Times: user=0.02 sys=0.00, real=0.00 secs] 
218.146: Total time for which application threads were stopped: 0.0021180 seconds, Stopping threads took: 0.0000730 seconds
218.210: Application time: 0.0645950 seconds
218.210: [GC218.210: [ParNew: 37143K->4132K(37632K), 0.0017010 secs] 58651K->27752K(121024K), 0.0017340 secs] [Times: user=0.01 sys=0.00, real=0.01 secs] 
218.212: Total time for which application threads were stopped: 0.0018780 seconds, Stopping threads took: 0.0000850 seconds
218.274: Application time: 0.0617130 seconds
218.274: [GC218.274: [ParNew: 36825K->4149K(37632K), 0.0011440 secs] 60445K->27769K(121024K), 0.0011740 secs] [Times: user=0.01 sys=0.00, real=0.00 secs] 
218.275: Total time for which application threads were stopped: 0.0013160 seconds, Stopping threads took: 0.0000880 seconds
218.335: Application time: 0.0595490 seconds
218.335: [GC218.335: [ParNew: 36609K->3099K(37632K), 0.0009250 secs] 60229K->26719K(121024K), 0.0009540 secs] [Times: user=0.00 sys=0.00, real=0.00 secs] 
218.336: Total time for which application threads were stopped: 0.0010810 seconds, Stopping threads took: 0.0000730 seconds
218.395: Application time: 0.0594300 seconds
218.395: [GC218.395: [ParNew: 35674K->4114K(37632K), 0.0016360 secs] 59294K->29782K(121024K), 0.0016710 secs] [Times: user=0.01 sys=0.00, real=0.00 secs] 
218.397: Total time for which application threads were stopped: 0.0018160 seconds, Stopping threads took: 0.0000880 seconds
218.459: Application time: 0.0615890 seconds
218.459: [GC218.459: [ParNew: 36824K->4150K(37632K), 0.0011700 secs] 62492K->29818K(121024K), 0.0011960 secs] [Times: user=0.01 sys=0.00, real=0.00 secs] 
218.460: Total time for which application threads were stopped: 0.0013400 seconds, Stopping threads took: 0.0000870 seconds
218.517: Application time: 0.0574310 seconds
218.517: [GC218.517: [ParNew: 36641K->4118K(37632K), 0.0016540 secs] 62309K->31834K(121024K), 0.0016950 secs] [Times: user=0.01 sys=0.00, real=0.01 secs] 
218.519: Total time for which application threads were stopped: 0.0018230 seconds, Stopping threads took: 0.0000730 seconds
218.584: Application time: 0.0652200 seconds
218.585: [GC218.585: [ParNew: 36964K->4138K(37632K), 0.0020250 secs] 64680K->33902K(121024K), 0.0020630 secs] [Times: user=0.02 sys=0.00, real=0.00 secs] 
218.587: Total time for which application threads were stopped: 0.0023320 seconds, Stopping threads took: 0.0002100 seconds
218.644: Application time: 0.0575630 seconds
218.644: [GC218.644: [ParNew: 37167K->4158K(37632K), 0.0016680 secs] 66931K->36098K(121024K), 0.0017070 secs] [Times: user=0.02 sys=0.00, real=0.00 secs] 
218.646: Total time for which application threads were stopped: 0.0018710 seconds, Stopping threads took: 0.0001040 seconds
218.708: Application time: 0.0619770 seconds
218.708: [GC218.708: [ParNew: 37209K->4158K(37632K), 0.0014000 secs] 69149K->37219K(121024K), 0.0014340 secs] [Times: user=0.01 sys=0.00, real=0.00 secs] 
218.710: Total time for which application threads were stopped: 0.0015510 seconds, Stopping threads took: 0.0000620 seconds
218.769: Application time: 0.0591250 seconds
218.769: [GC218.769: [ParNew: 37093K->4140K(37632K), 0.0019830 secs] 70154K->40360K(121024K), 0.0020180 secs] [Times: user=0.02 sys=0.00, real=0.01 secs] 
218.771: Total time for which application threads were stopped: 0.0021760 seconds, Stopping threads took: 0.0001000 seconds
218.836: Application time: 0.0646860 seconds
218.836: [GC218.836: [ParNew: 37243K->4146K(37632K), 0.0016300 secs] 73463K->42463K(121024K), 0.0016640 secs] [Times: user=0.01 sys=0.00, real=0.00 secs] 
218.837: Total time for which application threads were stopped: 0.0017920 seconds, Stopping threads took: 0.0000720 seconds
218.899: Application time: 0.0615300 seconds
218.899: [GC218.899: [ParNew: 36981K->4130K(37632K), 0.0017550 secs] 75298K->44542K(121024K), 0.0017920 secs] [Times: user=0.01 sys=0.00, real=0.00 secs] 
218.901: Total time for which application threads were stopped: 0.0019300 seconds, Stopping threads took: 0.0000780 seconds
218.964: Application time: 0.0631280 seconds
218.964: [GC218.964: [ParNew: 36917K->4134K(37632K), 0.0010940 secs] 77329K->44547K(121024K), 0.0011240 secs] [Times: user=0.00 sys=0.00, real=0.00 secs] 
218.965: Total time for which application threads were stopped: 0.0012750 seconds, Stopping threads took: 0.0000890 seconds
219.024: Application time: 0.0584820 seconds
219.024: [GC219.024: [ParNew: 36609K->4114K(37632K), 0.0013860 secs] 77021K->45550K(121024K), 0.0014160 secs] [Times: user=0.01 sys=0.00, real=0.00 secs] 
219.025: Total time for which application threads were stopped: 0.0015430 seconds, Stopping threads took: 0.0000730 seconds
219.087: Application time: 0.0617620 seconds
219.087: [GC219.087: [ParNew: 36939K->4114K(37632K), 0.0016860 secs] 78375K->47598K(121024K), 0.0017160 secs] [Times: user=0.01 sys=0.00, real=0.00 secs] 
219.089: Total time for which application threads were stopped: 0.0018410 seconds, Stopping threads took: 0.0000680 seconds
219.149: Application time: 0.0596150 seconds
219.149: [GC219.149: [ParNew: 36683K->4118K(37632K), 0.0015030 secs] 80168K->48627K(121024K), 0.0015370 secs] [Times: user=0.01 sys=0.00, real=0.00 secs] 
219.150: Total time for which application threads were stopped: 0.0016740 seconds, Stopping threads took: 0.0000790 seconds
219.212: Application time: 0.0620720 seconds
219.212: [GC219.212: [ParNew: 36829K->3129K(37632K), 0.0008540 secs] 81338K->47637K(121024K), 0.0008850 secs] [Times: user=0.01 sys=0.00, real=0.00 secs] 
219.213: Total time for which application threads were stopped: 0.0010220 seconds, Stopping threads took: 0.0000820 seconds
219.276: Application time: 0.0629190 seconds
219.276: [GC219.276: [ParNew: 35953K->3157K(37632K), 0.0008880 secs] 80462K->47666K(121024K), 0.0009140 secs] [Times: user=0.01 sys=0.00, real=0.00 secs] 
219.277: Total time for which application threads were stopped: 0.0010580 seconds, Stopping threads took: 0.0000840 seconds
219.331: Application time: 0.0538300 seconds
219.335: [GC219.335: [ParNew: 35688K->4152K(37632K), 0.0016260 secs] 80197K->50789K(121024K), 0.0016570 secs] [Times: user=0.01 sys=0.00, real=0.00 secs] 
219.336: Total time for which application threads were stopped: 0.0051970 seconds, Stopping threads took: 0.0034820 seconds
219.395: Application time: 0.0586700 seconds
219.395: [GC219.395: [ParNew: 37325K->4158K(37632K), 0.0020300 secs] 83961K->53987K(121024K), 0.0020650 secs] [Times: user=0.01 sys=0.00, real=0.00 secs] 
219.397: Total time for which application threads were stopped: 0.0021850 seconds, Stopping threads took: 0.0000600 seconds
219.464: Application time: 0.0667220 seconds
219.464: [GC219.464: [ParNew: 36944K->4142K(37632K), 0.0019850 secs] 86773K->57139K(121024K), 0.0020170 secs] [Times: user=0.02 sys=0.00, real=0.00 secs] 
219.466: Total time for which application threads were stopped: 0.0021440 seconds, Stopping threads took: 0.0000680 seconds
219.530: Application time: 0.0638910 seconds
219.530: [GC219.530: [ParNew: 37208K->4146K(37632K), 0.0018950 secs] 90205K->60271K(121024K), 0.0019310 secs] [Times: user=0.01 sys=0.00, real=0.01 secs] 
219.532: Total time for which application threads were stopped: 0.0020810 seconds, Stopping threads took: 0.0000830 seconds
219.595: Application time: 0.0625780 seconds
219.595: [GC219.595: [ParNew: 37068K->4144K(37632K), 0.0013830 secs] 93194K->61341K(121024K), 0.0014140 secs] [Times: user=0.01 sys=0.00, real=0.00 secs] 
219.596: Total time for which application threads were stopped: 0.0015600 seconds, Stopping threads took: 0.0000880 seconds
219.657: Application time: 0.0610080 seconds
219.657: [GC219.657: [ParNew: 36776K->4148K(37632K), 0.0011290 secs] 93973K->61345K(121024K), 0.0011580 secs] [Times: user=0.01 sys=0.00, real=0.00 secs] 
219.659: Total time for which application threads were stopped: 0.0012970 seconds, Stopping threads took: 0.0000850 seconds
219.719: Application time: 0.0600770 seconds
219.723: [GC219.723: [ParNew: 36710K->4125K(37632K), 0.0010590 secs] 93907K->61322K(121024K), 0.0010890 secs] [Times: user=0.01 sys=0.00, real=0.00 secs] 
219.724: Total time for which application threads were stopped: 0.0051700 seconds, Stopping threads took: 0.0040270 seconds
219.784: Application time: 0.0604530 seconds
219.784: [GC219.784: [ParNew: 36946K->4114K(37632K), 0.0017490 secs] 94143K->63359K(121024K), 0.0017830 secs] [Times: user=0.01 sys=0.00, real=0.00 secs] 
219.786: Total time for which application threads were stopped: 0.0019120 seconds, Stopping threads took: 0.0000720 seconds
219.846: Application time: 0.0598130 seconds
219.846: [GC219.846: [ParNew: 36965K->4112K(37632K), 0.0020130 secs] 96210K->66429K(121024K), 0.0020480 secs] [Times: user=0.01 sys=0.00, real=0.00 secs] 
219.848: Total time for which application threads were stopped: 0.0021780 seconds, Stopping threads took: 0.0000710 seconds
219.912: Application time: 0.0640470 seconds
219.912: [GC219.912: [ParNew: 36995K->4148K(37632K), 0.0013590 secs] 99313K->67489K(121024K), 0.0013890 secs] [Times: user=0.02 sys=0.00, real=0.00 secs] 
219.914: Total time for which application threads were stopped: 0.0015590 seconds, Stopping threads took: 0.0001150 seconds
219.977: Application time: 0.0628800 seconds
219.977: [GC219.977: [ParNew: 36962K->2144K(37632K), 0.0006700 secs] 100303K->65485K(121024K), 0.0006990 secs] [Times: user=0.00 sys=0.00, real=0.00 secs] 
219.977: Total time for which application threads were stopped: 0.0008350 seconds, Stopping threads took: 0.0000810 seconds
220.034: Application time: 0.0563800 seconds
220.034: [GC220.034: [ParNew: 35616K->4157K(37632K), 0.0015080 secs] 98957K->68595K(121024K), 0.0015430 secs] [Times: user=0.00 sys=0.00, real=0.00 secs] 
220.036: Total time for which application threads were stopped: 0.0016780 seconds, Stopping threads took: 0.0000690 seconds
220.101: Application time: 0.0649820 seconds
220.101: [GC220.101: [ParNew: 37521K->4158K(37632K), 0.0012310 secs] 101959K->68760K(121024K), 0.0012680 secs] [Times: user=0.01 sys=0.00, real=0.00 secs] 
220.102: Total time for which application threads were stopped: 0.0014070 seconds, Stopping threads took: 0.0000840 seconds
220.157: Application time: 0.0554560 seconds
220.157: [GC220.158: [ParNew: 36712K->4116K(37632K), 0.0017750 secs] 101313K->70833K(121024K), 0.0018120 secs] [Times: user=0.01 sys=0.00, real=0.01 secs] 
220.159: Total time for which application threads were stopped: 0.0019350 seconds, Stopping threads took: 0.0000650 seconds
220.222: Application time: 0.0629780 seconds
220.222: [GC220.222: [ParNew: 37162K->4142K(37632K), 0.0019770 secs] 103879K->73931K(121024K), 0.0020120 secs] [Times: user=0.02 sys=0.00, real=0.00 secs] 
220.224: Total time for which application threads were stopped: 0.0021550 seconds, Stopping threads took: 0.0000850 seconds
220.288: Application time: 0.0636100 seconds
220.288: [GC220.288: [ParNew: 37122K->4113K(37632K), 0.0015100 secs] 106912K->74975K(121024K), 0.0015400 secs] [Times: user=0.01 sys=0.00, real=0.00 secs] 
220.290: Total time for which application threads were stopped: 0.0017270 seconds, Stopping threads took: 0.0001320 seconds
220.355: Application time: 0.0650640 seconds
220.355: [GC220.355: [ParNew: 37052K->4145K(37632K), 0.0014100 secs] 107914K->76030K(121024K), 0.0014420 secs] [Times: user=0.01 sys=0.00, real=0.00 secs] 
220.356: Total time for which application threads were stopped: 0.0015760 seconds, Stopping threads took: 0.0000780 seconds
220.413: Application time: 0.0570300 seconds
220.414: [GC220.414: [ParNew: 37384K->4116K(37632K), 0.0011650 secs] 109269K->76002K(121024K), 0.0011960 secs] [Times: user=0.01 sys=0.00, real=0.00 secs] 
220.415: Total time for which application threads were stopped: 0.0014090 seconds, Stopping threads took: 0.0001580 seconds
220.482: Application time: 0.0668790 seconds
220.482: [GC220.482: [ParNew: 37108K->3102K(37632K), 0.0008290 secs] 108993K->74988K(121024K), 0.0008570 secs] [Times: user=0.00 sys=0.00, real=0.00 secs] 
220.483: Total time for which application threads were stopped: 0.0009740 seconds, Stopping threads took: 0.0000650 seconds
220.538: Application time: 0.0554310 seconds
220.538: [GC220.538: [ParNew: 35725K->4130K(37632K), 0.0017510 secs] 107610K->78063K(121024K), 0.0017880 secs] [Times: user=0.02 sys=0.00, real=0.01 secs] 
220.540: Total time for which application threads were stopped: 0.0019330 seconds, Stopping threads took: 0.0000780 seconds
220.600: Application time: 0.0603560 seconds
220.601: [GC220.601: [ParNew: 36884K->4108K(37632K), 0.0038940 secs] 110818K->80089K(121024K), 0.0039260 secs] [Times: user=0.03 sys=0.00, real=0.00 secs] 
220.605: Total time for which application threads were stopped: 0.0044120 seconds, Stopping threads took: 0.0004250 seconds
220.673: Application time: 0.0676680 seconds
220.673: [GC220.673: [ParNew: 37230K->3136K(37632K), 0.0009770 secs] 113212K->79118K(121024K), 0.0010100 secs] [Times: user=0.01 sys=0.00, real=0.00 secs] 
220.674: Total time for which application threads were stopped: 0.0011940 seconds, Stopping threads took: 0.0001290 seconds
220.736: Application time: 0.0619250 seconds
220.736: [GC220.736: [ParNew: 35988K->4158K(37632K), 0.0012000 secs] 111970K->80288K(121024K), 0.0012270 secs] [Times: user=0.01 sys=0.00, real=0.00 secs] 
220.737: Total time for which application threads were stopped: 0.0013330 seconds, Stopping threads took: 0.0000550 seconds
220.797: Application time: 0.0594960 seconds
220.799: [GC220.799: [ParNew: 37006K->4158K(37632K), 0.0014330 secs] 113136K->81408K(121024K), 0.0014650 secs] [Times: user=0.01 sys=0.00, real=0.00 secs] 
220.800: Total time for which application threads were stopped: 0.0036730 seconds, Stopping threads took: 0.0021310 seconds
220.856: Application time: 0.0555940 seconds
220.856: [GC220.856: [ParNew: 36726K->4110K(37632K), 0.0017420 secs] 113976K->83504K(121024K), 0.0017790 secs] [Times: user=0.02 sys=0.00, real=0.00 secs] 
220.858: Total time for which application threads were stopped: 0.0019940 seconds, Stopping threads took: 0.0001550 seconds
220.918: Application time: 0.0604170 seconds
220.918: [GC220.918: [ParNew: 37088K->4140K(37632K), 0.0020090 secs] 116482K->86606K(121024K), 0.0020540 secs] [Times: user=0.02 sys=0.00, real=0.01 secs] 
220.920: Total time for which application threads were stopped: 0.0022090 seconds, Stopping threads took: 0.0000950 seconds
220.986: Application time: 0.0659710 seconds
220.987: [GC220.987: [ParNew: 37063K->4116K(37632K), 0.0013160 secs] 119529K->86622K(121024K), 0.0013470 secs] [Times: user=0.00 sys=0.00, real=0.00 secs] 
220.988: Total time for which application threads were stopped: 0.0014790 seconds, Stopping threads took: 0.0000760 seconds
221.053: Application time: 0.0652230 seconds
221.053: [GC221.053: [ParNew: 37043K->4145K(37632K), 0.0011380 secs] 119549K->86651K(121024K), 0.0011690 secs] [Times: user=0.00 sys=0.00, real=0.00 secs] 
221.054: Total time for which application threads were stopped: 0.0013330 seconds, Stopping threads took: 0.0001010 seconds
221.110: Application time: 0.0555140 seconds
221.110: [GC221.110: [ParNew: 37408K->4114K(37632K), 0.0017640 secs]221.112: [Tenured: 84554K->11154K(85448K), 0.0086370 secs] 119914K->11154K(123080K), [Perm : 5528K->5528K(21248K)], 0.0105230 secs] [Times: user=0.01 sys=0.00, real=0.02 secs] 
221.121: Total time for which application threads were stopped: 0.0106630 seconds, Stopping threads took: 0.0000780 seconds
221.186: Application time: 0.0657820 seconds
221.187: [GC221.187: [ParNew: 32988K->4117K(37632K), 0.0013080 secs] 44143K->16296K(121024K), 0.0013390 secs] [Times: user=0.00 sys=0.01, real=0.00 secs] 
221.188: Total time for which application threads were stopped: 0.0014760 seconds, Stopping threads took: 0.0000840 seconds
221.244: Application time: 0.0558940 seconds
221.244: [GC221.244: [ParNew: 36854K->4129K(37632K), 0.0016710 secs] 49033K->18364K(121024K), 0.0017020 secs] [Times: user=0.01 sys=0.00, real=0.00 secs] 
221.246: Total time for which application threads were stopped: 0.0018410 seconds, Stopping threads took: 0.0000820 seconds
221.309: Application time: 0.0630580 seconds
221.309: [GC221.309: [ParNew: 37005K->4130K(37632K), 0.0015980 secs] 51240K->20412K(121024K), 0.0016320 secs] [Times: user=0.01 sys=0.00, real=0.00 secs] 
221.311: Total time for which application threads were stopped: 0.0018340 seconds, Stopping threads took: 0.0001440 seconds
221.374: Application time: 0.0637790 seconds
221.374: [GC221.374: [ParNew: 37119K->4159K(37632K), 0.0013700 secs] 53402K->21473K(121024K), 0.0014020 secs] [Times: user=0.00 sys=0.01, real=0.00 secs] 
221.376: Total time for which application threads were stopped: 0.0015400 seconds, Stopping threads took: 0.0000800 seconds
221.438: Application time: 0.0617980 seconds
221.438: [GC221.438: [ParNew: 37191K->3245K(37632K), 0.0009000 secs] 54505K->20616K(121024K), 0.0009280 secs] [Times: user=0.01 sys=0.00, real=0.01 secs] 
221.439: Total time for which application threads were stopped: 0.0010510 seconds, Stopping threads took: 0.0000700 seconds
221.498: Application time: 0.0589740 seconds
221.498: [GC221.498: [ParNew: 35951K->4158K(37632K), 0.0013860 secs] 53322K->22725K(121024K), 0.0014190 secs] [Times: user=0.01 sys=0.00, real=0.01 secs] 
221.499: Total time for which application threads were stopped: 0.0015440 seconds, Stopping threads took: 0.0000690 seconds
221.558: Application time: 0.0586450 seconds
221.558: [GC221.558: [ParNew: 36775K->4116K(37632K), 0.0017090 secs] 55342K->24803K(121024K), 0.0017420 secs] [Times: user=0.02 sys=0.00, real=0.01 secs] 
221.560: Total time for which application threads were stopped: 0.0018970 seconds, Stopping threads took: 0.0000880 seconds
221.620: Application time: 0.0601310 seconds
221.620: [GC221.620: [ParNew: 36906K->4158K(37632K), 0.0017400 secs] 57593K->26893K(121024K), 0.0017750 secs] [Times: user=0.01 sys=0.00, real=0.00 secs] 
221.622: Total time for which application threads were stopped: 0.0019300 seconds, Stopping threads took: 0.0000940 seconds
221.683: Application time: 0.0608870 seconds
221.683: [GC221.683: [ParNew: 36891K->4136K(37632K), 0.0013790 secs] 59626K->27951K(121024K), 0.0014150 secs] [Times: user=0.01 sys=0.00, real=0.00 secs] 
221.684: Total time for which application threads were stopped: 0.0015430 seconds, Stopping threads took: 0.0000700 seconds
221.750: Application time: 0.0656830 seconds
221.750: [GC221.750: [ParNew: 37082K->4132K(37632K), 0.0010220 secs] 60897K->27947K(121024K), 0.0010540 secs] [Times: user=0.01 sys=0.00, real=0.01 secs] 
221.751: Total time for which application threads were stopped: 0.0011950 seconds, Stopping threads took: 0.0000880 seconds
221.810: Application time: 0.0587710 seconds
221.810: [GC221.810: [ParNew: 36847K->4134K(37632K), 0.0014310 secs] 60662K->28973K(121024K), 0.0014650 secs] [Times: user=0.01 sys=0.00, real=0.01 secs] 
221.812: Total time for which application threads were stopped: 0.0015960 seconds, Stopping threads took: 0.0000740 seconds
221.873: Application time: 0.0614830 seconds
221.873: [GC221.873: [ParNew: 36852K->4112K(37632K), 0.0013780 secs] 61691K->29975K(121024K), 0.0014130 secs] [Times: user=0.01 sys=0.00, real=0.00 secs] 
221.875: Total time for which application threads were stopped: 0.0016050 seconds, Stopping threads took: 0.0001230 seconds
221.938: Application time: 0.0630460 seconds
221.938: [GC221.938: [ParNew: 36978K->4154K(37632K), 0.0010280 secs] 62841K->30017K(121024K), 0.0010620 secs] [Times: user=0.01 sys=0.00, real=0.01 secs] 
221.939: Total time for which application threads were stopped: 0.0011770 seconds, Stopping threads took: 0.0000570 seconds
221.997: Application time: 0.0582630 seconds
221.997: [GC221.997: [ParNew: 36656K->4117K(37632K), 0.0013650 secs] 62519K->31004K(121024K), 0.0014010 secs] [Times: user=0.01 sys=0.00, real=0.01 secs] 
221.999: Total time for which application threads were stopped: 0.0015270 seconds, Stopping threads took: 0.0000690 seconds
222.058: Application time: 0.0595990 seconds
222.058: [GC222.058: [ParNew: 36977K->4140K(37632K), 0.0019170 secs] 63864K->34099K(121024K), 0.0019530 secs] [Times: user=0.01 sys=0.00, real=0.01 secs] 
222.060: Total time for which application threads were stopped: 0.0021060 seconds, Stopping threads took: 0.0000940 seconds
222.123: Application time: 0.0627580 seconds
222.123: [GC222.123: [ParNew: 37287K->4158K(37632K), 0.0014740 secs] 67246K->35273K(121024K), 0.0015050 secs] [Times: user=0.01 sys=0.00, real=0.00 secs] 
222.125: Total time for which application threads were stopped: 0.0016510 seconds, Stopping threads took: 0.0000810 seconds
222.183: Application time: 0.0585730 seconds
222.183: [GC222.183: [ParNew: 37050K->4156K(37632K), 0.0013650 secs] 68165K->36391K(121024K), 0.0013970 secs] [Times: user=0.01 sys=0.00, real=0.00 secs] 
222.185: Total time for which application threads were stopped: 0.0015390 seconds, Stopping threads took: 0.0000870 seconds
222.248: Application time: 0.0627150 seconds
222.248: [GC222.248: [ParNew: 36973K->4129K(37632K), 0.0015120 secs] 69208K->37461K(121024K), 0.0015470 secs] [Times: user=0.01 sys=0.00, real=0.00 secs] 
222.249: Total time for which application threads were stopped: 0.0016700 seconds, Stopping threads took: 0.0000620 seconds
222.309: Application time: 0.0592850 seconds
222.309: [GC222.309: [ParNew: 36846K->4156K(37632K), 0.0013910 secs] 70178K->38515K(121024K), 0.0014250 secs] [Times: user=0.01 sys=0.00, real=0.00 secs] 
222.310: Total time for which application threads were stopped: 0.0015670 seconds, Stopping threads took: 0.0000870 seconds
222.371: Application time: 0.0612000 seconds
222.371: [GC222.371: [ParNew: 36867K->4130K(37632K), 0.0013820 secs] 71227K->39569K(121024K), 0.0014120 secs] [Times: user=0.01 sys=0.00, real=0.00 secs] 
222.373: Total time for which application threads were stopped: 0.0015270 seconds, Stopping threads took: 0.0000590 seconds
222.432: Application time: 0.0593840 seconds
222.432: [GC222.432: [ParNew: 36802K->4112K(37632K), 0.0016610 secs] 72241K->41600K(121024K), 0.0016920 secs] [Times: user=0.01 sys=0.00, real=0.00 secs] 
222.434: Total time for which application threads were stopped: 0.0018510 seconds, Stopping threads took: 0.0001020 seconds
222.494: Application time: 0.0595830 seconds
222.494: [GC222.494: [ParNew: 36872K->4132K(37632K), 0.0017020 secs] 74359K->43667K(121024K), 0.0017450 secs] [Times: user=0.02 sys=0.00, real=0.00 secs] 
222.496: Total time for which application threads were stopped: 0.0018780 seconds, Stopping threads took: 0.0000740 seconds
222.560: Application time: 0.0643220 seconds
222.560: [GC222.560: [ParNew: 37008K->4134K(37632K), 0.0013820 secs] 76544K->44693K(121024K), 0.0014160 secs] [Times: user=0.01 sys=0.00, real=0.00 secs] 
222.561: Total time for which application threads were stopped: 0.0015380 seconds, Stopping threads took: 0.0000640 seconds
222.618: Application time: 0.0562670 seconds
222.618: [GC222.618: [ParNew: 36585K->4112K(37632K), 0.0014570 secs] 77144K->45696K(121024K), 0.0014900 secs] [Times: user=0.01 sys=0.00, real=0.01 secs] 
222.619: Total time for which application threads were stopped: 0.0016920 seconds, Stopping threads took: 0.0001410 seconds
222.685: Application time: 0.0657080 seconds
222.685: [GC222.685: [ParNew: 37078K->4122K(37632K), 0.0010690 secs] 78661K->45706K(121024K), 0.0011000 secs] [Times: user=0.00 sys=0.00, real=0.00 secs] 
222.686: Total time for which application threads were stopped: 0.0012260 seconds, Stopping threads took: 0.0000670 seconds
222.746: Application time: 0.0593650 seconds
222.746: [GC222.746: [ParNew: 36984K->4158K(37632K), 0.0016540 secs] 78567K->47790K(121024K), 0.0016880 secs] [Times: user=0.01 sys=0.00, real=0.00 secs] 
222.747: Total time for which application threads were stopped: 0.0018140 seconds, Stopping threads took: 0.0000670 seconds
222.810: Application time: 0.0630100 seconds
222.811: [GC222.811: [ParNew: 37322K->4159K(37632K), 0.0011890 secs] 80953K->47935K(121024K), 0.0012180 secs] [Times: user=0.00 sys=0.00, real=0.00 secs] 
222.812: Total time for which application threads were stopped: 0.0013380 seconds, Stopping threads took: 0.0000590 seconds
222.869: Application time: 0.0568860 seconds
222.869: [GC222.869: [ParNew: 36898K->4159K(37632K), 0.0014280 secs] 80674K->49071K(121024K), 0.0014600 secs] [Times: user=0.01 sys=0.00, real=0.00 secs] 
222.870: Total time for which application threads were stopped: 0.0015940 seconds, Stopping threads took: 0.0000770 seconds
222.934: Application time: 0.0640410 seconds
222.934: [GC222.935: [ParNew: 37040K->4130K(37632K), 0.0016310 secs] 81952K->51154K(121024K), 0.0016640 secs] [Times: user=0.01 sys=0.00, real=0.00 secs] 
222.936: Total time for which application threads were stopped: 0.0018180 seconds, Stopping threads took: 0.0000980 seconds
222.993: Application time: 0.0570180 seconds
222.993: [GC222.993: [ParNew: 36768K->4158K(37632K), 0.0014420 secs] 83792K->52214K(121024K), 0.0014750 secs] [Times: user=0.01 sys=0.00, real=0.00 secs] 
222.995: Total time for which application threads were stopped: 0.0016060 seconds, Stopping threads took: 0.0000750 seconds
223.057: Application time: 0.0620500 seconds
223.057: [GC223.057: [ParNew: 36871K->4118K(37632K), 0.0016100 secs] 84927K->54294K(121024K), 0.0016430 secs] [Times: user=0.01 sys=0.01, real=0.01 secs] 
223.059: Total time for which application threads were stopped: 0.0017640 seconds, Stopping threads took: 0.0000640 seconds
223.118: Application time: 0.0591580 seconds
223.118: [GC223.118: [ParNew: 36898K->4112K(37632K), 0.0020540 secs] 87074K->57360K(121024K), 0.0020880 secs] [Times: user=0.02 sys=0.00, real=0.01 secs] 
223.120: Total time for which application threads were stopped: 0.0022220 seconds, Stopping threads took: 0.0000740 seconds
223.183: Application time: 0.0628170 seconds
223.183: [GC223.183: [ParNew: 37025K->4131K(37632K), 0.0016850 secs] 90273K->59427K(121024K), 0.0017150 secs] [Times: user=0.01 sys=0.00, real=0.00 secs] 
223.185: Total time for which application threads were stopped: 0.0018640 seconds, Stopping threads took: 0.0000920 seconds
223.245: Application time: 0.0601350 seconds
223.245: [GC223.245: [ParNew: 36755K->4150K(37632K), 0.0011540 secs] 92051K->59446K(121024K), 0.0011850 secs] [Times: user=0.01 sys=0.00, real=0.00 secs] 
223.246: Total time for which application threads were stopped: 0.0013740 seconds, Stopping threads took: 0.0001160 seconds
223.307: Application time: 0.0611820 seconds
223.308: [GC223.308: [ParNew: 36742K->4118K(37632K), 0.0014050 secs] 92038K->60438K(121024K), 0.0014360 secs] [Times: user=0.01 sys=0.00, real=0.00 secs] 
223.309: Total time for which application threads were stopped: 0.0015780 seconds, Stopping threads took: 0.0000870 seconds
223.369: Application time: 0.0601650 seconds
223.369: [GC223.369: [ParNew: 36838K->4131K(37632K), 0.0017340 secs] 93158K->62499K(121024K), 0.0017650 secs] [Times: user=0.02 sys=0.00, real=0.01 secs] 
223.371: Total time for which application threads were stopped: 0.0018990 seconds, Stopping threads took: 0.0000780 seconds
223.430: Application time: 0.0594450 seconds
223.431: [GC223.431: [ParNew: 36995K->4143K(37632K), 0.0018000 secs] 95363K->64559K(121024K), 0.0018290 secs] [Times: user=0.01 sys=0.00, real=0.00 secs] 
223.432: Total time for which application threads were stopped: 0.0019880 seconds, Stopping threads took: 0.0001030 seconds
223.494: Application time: 0.0615530 seconds
223.494: [GC223.494: [ParNew: 37130K->4156K(37632K), 0.0018030 secs] 97546K->66708K(121024K), 0.0018390 secs] [Times: user=0.01 sys=0.00, real=0.00 secs] 
223.496: Total time for which application threads were stopped: 0.0019610 seconds, Stopping threads took: 0.0000610 seconds
223.558: Application time: 0.0617860 seconds
223.558: [GC223.558: [ParNew: 37293K->4159K(37632K), 0.0011730 secs] 99845K->66864K(121024K), 0.0012080 secs] [Times: user=0.01 sys=0.00, real=0.01 secs] 
223.559: Total time for which application threads were stopped: 0.0013260 seconds, Stopping threads took: 0.0000610 seconds
223.622: Application time: 0.0632540 seconds
223.622: [GC223.622: [ParNew: 36984K->4117K(37632K), 0.0012840 secs] 99688K->67918K(121024K), 0.0013150 secs] [Times: user=0.01 sys=0.00, real=0.00 secs] 
223.624: Total time for which application threads were stopped: 0.0014450 seconds, Stopping threads took: 0.0000750 seconds
223.683: Application time: 0.0590090 seconds
223.683: [GC223.683: [ParNew: 36784K->4158K(37632K), 0.0015140 secs] 100584K->68990K(121024K), 0.0015470 secs] [Times: user=0.01 sys=0.00, real=0.00 secs] 
223.684: Total time for which application threads were stopped: 0.0016730 seconds, Stopping threads took: 0.0000690 seconds
223.740: Application time: 0.0558470 seconds
223.740: [GC223.740: [ParNew: 36712K->4112K(37632K), 0.0020150 secs] 101544K->72072K(121024K), 0.0020500 secs] [Times: user=0.02 sys=0.00, real=0.00 secs] 
223.743: Total time for which application threads were stopped: 0.0021870 seconds, Stopping threads took: 0.0000760 seconds
223.807: Application time: 0.0648830 seconds
223.808: [GC223.808: [ParNew: 37108K->4127K(37632K), 0.0015430 secs] 105068K->73111K(121024K), 0.0015760 secs] [Times: user=0.01 sys=0.00, real=0.00 secs] 
223.809: Total time for which application threads were stopped: 0.0017170 seconds, Stopping threads took: 0.0000740 seconds
223.869: Application time: 0.0603340 seconds
223.870: [GC223.870: [ParNew: 36852K->4123K(37632K), 0.0016410 secs] 105836K->75156K(121024K), 0.0016750 secs] [Times: user=0.01 sys=0.00, real=0.01 secs] 
223.871: Total time for which application threads were stopped: 0.0018200 seconds, Stopping threads took: 0.0000860 seconds
223.932: Application time: 0.0606210 seconds
223.935: [GC223.935: [ParNew: 36734K->3107K(37632K), 0.0008240 secs] 107766K->74140K(121024K), 0.0008530 secs] [Times: user=0.01 sys=0.00, real=0.00 secs] 
223.936: Total time for which application threads were stopped: 0.0036450 seconds, Stopping threads took: 0.0027370 seconds
223.999: Application time: 0.0631840 seconds
223.999: [GC223.999: [ParNew: 35930K->4116K(37632K), 0.0012860 secs] 106963K->76172K(121024K), 0.0013180 secs] [Times: user=0.01 sys=0.00, real=0.00 secs] 
224.000: Total time for which application threads were stopped: 0.0014380 seconds, Stopping threads took: 0.0000650 seconds
224.058: Application time: 0.0575840 seconds
224.058: [GC224.058: [ParNew: 36749K->4130K(37632K), 0.0017490 secs] 108805K->78234K(121024K), 0.0017920 secs] [Times: user=0.02 sys=0.00, real=0.01 secs] 
224.060: Total time for which application threads were stopped: 0.0019340 seconds, Stopping threads took: 0.0000850 seconds
224.120: Application time: 0.0601260 seconds
224.120: [GC224.120: [ParNew: 37010K->4144K(37632K), 0.0016690 secs] 111115K->80296K(121024K), 0.0017010 secs] [Times: user=0.01 sys=0.00, real=0.00 secs] 
224.122: Total time for which application threads were stopped: 0.0018320 seconds, Stopping threads took: 0.0000720 seconds
224.187: Application time: 0.0649230 seconds
224.187: [GC224.187: [ParNew: 37303K->4158K(37632K), 0.0011750 secs] 113455K->80407K(121024K), 0.0012050 secs] [Times: user=0.01 sys=0.00, real=0.00 secs] 
224.188: Total time for which application threads were stopped: 0.0013600 seconds, Stopping threads took: 0.0000990 seconds
224.247: Application time: 0.0594860 seconds
224.248: [GC224.248: [ParNew: 37164K->4157K(37632K), 0.0012010 secs] 113412K->80550K(121024K), 0.0012320 secs] [Times: user=0.01 sys=0.00, real=0.00 secs] 
224.249: Total time for which application threads were stopped: 0.0013430 seconds, Stopping threads took: 0.0000580 seconds
224.308: Application time: 0.0592500 seconds
224.308: [GC224.308: [ParNew: 36846K->4114K(37632K), 0.0020070 secs] 113238K->83655K(121024K), 0.0020410 secs] [Times: user=0.01 sys=0.00, real=0.00 secs] 
224.310: Total time for which application threads were stopped: 0.0021810 seconds, Stopping threads took: 0.0000710 seconds
224.374: Application time: 0.0636770 seconds
224.374: [GC224.374: [ParNew: 37164K->4159K(37632K), 0.0015410 secs] 116705K->84724K(121024K), 0.0015740 secs] [Times: user=0.01 sys=0.00, real=0.00 secs] 
224.376: Total time for which application threads were stopped: 0.0017200 seconds, Stopping threads took: 0.0000850 seconds
224.436: Application time: 0.0603660 seconds
224.436: [GC224.436: [ParNew: 36758K->4151K(37632K), 0.0011760 secs] 117323K->84764K(121024K), 0.0012080 secs] [Times: user=0.01 sys=0.00, real=0.00 secs] 
224.437: Total time for which application threads were stopped: 0.0013430 seconds, Stopping threads took: 0.0000800 seconds
224.497: Application time: 0.0596150 seconds
224.497: [GC224.497: [ParNew: 36721K->4110K(37632K), 0.0016380 secs] 117334K->85747K(121024K), 0.0016710 secs] [Times: user=0.01 sys=0.00, real=0.01 secs] 
224.499: Total time for which application threads were stopped: 0.0018000 seconds, Stopping threads took: 0.0000710 seconds
224.564: Application time: 0.0648870 seconds
224.564: [GC224.564: [ParNew: 37041K->4131K(37632K), 0.0013650 secs] 118678K->86792K(121024K), 0.0013980 secs] [Times: user=0.01 sys=0.00, real=0.00 secs] 
224.565: Total time for which application threads were stopped: 0.0015160 seconds, Stopping threads took: 0.0000630 seconds
224.623: Application time: 0.0577620 seconds
224.623: [GC224.623: [ParNew: 37588K->4112K(37632K), 0.0011910 secs] 120249K->86773K(121024K), 0.0012230 secs] [Times: user=0.01 sys=0.00, real=0.00 secs] 
224.624: Total time for which application threads were stopped: 0.0013770 seconds, Stopping threads took: 0.0000990 seconds
224.684: Application time: 0.0595450 seconds
224.684: [GC224.684: [ParNew: 36857K->4112K(37632K), 0.0018310 secs]224.686: [Tenured: 85732K->12383K(86476K), 0.0089100 secs] 119518K->12383K(124108K), [Perm : 5528K->5528K(21248K)], 0.0109060 secs] [Times: user=0.02 sys=0.00, real=0.01 secs] 
224.695: Total time for which application threads were stopped: 0.0110420 seconds, Stopping threads took: 0.0000730 seconds
224.756: Application time: 0.0608310 seconds
224.756: [GC224.756: [ParNew: 32737K->4115K(37632K), 0.0016670 secs] 45120K->18547K(121024K), 0.0017000 secs] [Times: user=0.01 sys=0.00, real=0.00 secs] 
224.758: Total time for which application threads were stopped: 0.0018300 seconds, Stopping threads took: 0.0000720 seconds
224.817: Application time: 0.0598850 seconds
224.818: [GC224.818: [ParNew: 37061K->4140K(37632K), 0.0021540 secs] 51493K->21643K(121024K), 0.0021940 secs] [Times: user=0.02 sys=0.00, real=0.01 secs] 
224.820: Total time for which application threads were stopped: 0.0023560 seconds, Stopping threads took: 0.0000980 seconds
224.886: Application time: 0.0658340 seconds
224.886: [GC224.886: [ParNew: 37344K->4158K(37632K), 0.0012010 secs] 54848K->21770K(121024K), 0.0012300 secs] [Times: user=0.00 sys=0.00, real=0.00 secs] 
224.887: Total time for which application threads were stopped: 0.0013740 seconds, Stopping threads took: 0.0000880 seconds
224.944: Application time: 0.0572160 seconds
224.944: [GC224.944: [ParNew: 37015K->4158K(37632K), 0.0013620 secs] 54627K->22926K(121024K), 0.0013940 secs] [Times: user=0.01 sys=0.00, real=0.00 secs] 
224.946: Total time for which application threads were stopped: 0.0015260 seconds, Stopping threads took: 0.0000730 seconds
225.009: Application time: 0.0637050 seconds
225.010: [GC225.010: [ParNew: 37038K->4112K(37632K), 0.0018820 secs] 55806K->26040K(121024K), 0.0019170 secs] [Times: user=0.01 sys=0.00, real=0.01 secs] 
225.012: Total time for which application threads were stopped: 0.0020500 seconds, Stopping threads took: 0.0000750 seconds
225.072: Application time: 0.0604550 seconds
225.072: [GC225.072: [ParNew: 37060K->4152K(37632K), 0.0016730 secs] 58988K->28128K(121024K), 0.0017070 secs] [Times: user=0.02 sys=0.00, real=0.00 secs] 
225.074: Total time for which application threads were stopped: 0.0018330 seconds, Stopping threads took: 0.0000670 seconds
225.134: Application time: 0.0602940 seconds
225.134: [GC225.134: [ParNew: 36793K->4137K(37632K), 0.0013620 secs] 60769K->29185K(121024K), 0.0013930 secs] [Times: user=0.01 sys=0.00, real=0.00 secs] 
225.136: Total time for which application threads were stopped: 0.0015270 seconds, Stopping threads took: 0.0000780 seconds
225.200: Application time: 0.0643370 seconds
225.200: [GC225.200: [ParNew: 37042K->3093K(37632K), 0.0009820 secs] 62090K->28141K(121024K), 0.0010110 secs] [Times: user=0.01 sys=0.00, real=0.00 secs] 
225.201: Total time for which application threads were stopped: 0.0011420 seconds, Stopping threads took: 0.0000780 seconds
225.263: Application time: 0.0617190 seconds
225.263: [GC225.263: [ParNew: 35740K->4153K(37632K), 0.0010580 secs] 60788K->29201K(121024K), 0.0010890 secs] [Times: user=0.01 sys=0.00, real=0.00 secs] 
225.264: Total time for which application threads were stopped: 0.0012270 seconds, Stopping threads took: 0.0000820 seconds
225.324: Application time: 0.0595360 seconds
225.324: [GC225.324: [ParNew: 36648K->4136K(37632K), 0.0010200 secs] 61697K->29184K(121024K), 0.0010530 secs] [Times: user=0.00 sys=0.00, real=0.00 secs] 
225.325: Total time for which application threads were stopped: 0.0011830 seconds, Stopping threads took: 0.0000630 seconds
225.382: Application time: 0.0575660 seconds
225.382: [GC225.383: [ParNew: 36761K->4133K(37632K), 0.0015270 secs] 61809K->30205K(121024K), 0.0015570 secs] [Times: user=0.00 sys=0.00, real=0.00 secs] 
225.384: Total time for which application threads were stopped: 0.0017100 seconds, Stopping threads took: 0.0000970 seconds
225.446: Application time: 0.0615210 seconds
225.446: [GC225.446: [ParNew: 36883K->4132K(37632K), 0.0013850 secs] 62955K->31228K(121024K), 0.0014180 secs] [Times: user=0.01 sys=0.00, real=0.00 secs] 
225.447: Total time for which application threads were stopped: 0.0015660 seconds, Stopping threads took: 0.0000910 seconds
225.509: Application time: 0.0615200 seconds
225.509: [GC225.509: [ParNew: 36984K->4158K(37632K), 0.0013470 secs] 64081K->31286K(121024K), 0.0013840 secs] [Times: user=0.01 sys=0.00, real=0.00 secs] 
225.510: Total time for which application threads were stopped: 0.0015850 seconds, Stopping threads took: 0.0001370 seconds
225.574: Application time: 0.0635700 seconds
225.574: [GC225.574: [ParNew: 37068K->4155K(37632K), 0.0010910 secs] 64196K->31347K(121024K), 0.0011210 secs] [Times: user=0.00 sys=0.00, real=0.00 secs] 
225.575: Total time for which application threads were stopped: 0.0012540 seconds, Stopping threads took: 0.0000790 seconds
225.631: Application time: 0.0556200 seconds
225.631: [GC225.631: [ParNew: 37154K->4156K(37632K), 0.0020810 secs] 64346K->34532K(121024K), 0.0021260 secs] [Times: user=0.01 sys=0.00, real=0.00 secs] 
225.633: Total time for which application threads were stopped: 0.0022650 seconds, Stopping threads took: 0.0000800 seconds
225.698: Application time: 0.0651260 seconds
225.698: [GC225.698: [ParNew: 37253K->4146K(37632K), 0.0019250 secs] 67629K->37674K(121024K), 0.0019570 secs] [Times: user=0.02 sys=0.00, real=0.01 secs] 
225.700: Total time for which application threads were stopped: 0.0020750 seconds, Stopping threads took: 0.0000630 seconds
225.761: Application time: 0.0611010 seconds
225.761: [GC225.761: [ParNew: 37088K->4145K(37632K), 0.0014040 secs] 70617K->38769K(121024K), 0.0014390 secs] [Times: user=0.01 sys=0.00, real=0.00 secs] 
225.763: Total time for which application threads were stopped: 0.0016090 seconds, Stopping threads took: 0.0001110 seconds
225.827: Application time: 0.0642080 seconds
225.827: [GC225.827: [ParNew: 37051K->3127K(37632K), 0.0009180 secs] 71676K->37808K(121024K), 0.0009490 secs] [Times: user=0.01 sys=0.00, real=0.00 secs] 
225.828: Total time for which application threads were stopped: 0.0010850 seconds, Stopping threads took: 0.0000710 seconds
225.888: Application time: 0.0602570 seconds
225.889: [GC225.889: [ParNew: 36599K->4119K(37632K), 0.0013730 secs] 71279K->39823K(121024K), 0.0014040 secs] [Times: user=0.01 sys=0.00, real=0.00 secs] 
225.890: Total time for which application threads were stopped: 0.0015310 seconds, Stopping threads took: 0.0000690 seconds
225.954: Application time: 0.0637440 seconds
225.954: [GC225.954: [ParNew: 36936K->4120K(37632K), 0.0011410 secs] 72640K->39824K(121024K), 0.0011720 secs] [Times: user=0.00 sys=0.00, real=0.00 secs] 
225.955: Total time for which application threads were stopped: 0.0012910 seconds, Stopping threads took: 0.0000660 seconds
226.013: Application time: 0.0577920 seconds
226.013: [GC226.013: [ParNew: 37592K->4120K(37632K), 0.0016490 secs] 73296K->41873K(121024K), 0.0016810 secs] [Times: user=0.01 sys=0.00, real=0.00 secs] 
226.015: Total time for which application threads were stopped: 0.0018000 seconds, Stopping threads took: 0.0000610 seconds
226.075: Application time: 0.0606620 seconds
226.079: [GC226.079: [ParNew: 36888K->4110K(37632K), 0.0021270 secs] 74640K->44935K(121024K), 0.0021640 secs] [Times: user=0.01 sys=0.00, real=0.00 secs] 
226.081: Total time for which application threads were stopped: 0.0056050 seconds, Stopping threads took: 0.0033620 seconds
226.141: Application time: 0.0603920 seconds
226.142: [GC226.142: [ParNew: 36999K->4114K(37632K), 0.0017320 secs] 77824K->46987K(121024K), 0.0017640 secs] [Times: user=0.01 sys=0.00, real=0.00 secs] 
226.143: Total time for which application threads were stopped: 0.0020070 seconds, Stopping threads took: 0.0001840 seconds
226.209: Application time: 0.0661590 seconds
226.210: [GC226.210: [ParNew: 37221K->3163K(37632K), 0.0008440 secs] 80094K->46035K(121024K), 0.0008730 secs] [Times: user=0.00 sys=0.00, real=0.00 secs] 
226.210: Total time for which application threads were stopped: 0.0010200 seconds, Stopping threads took: 0.0000930 seconds
226.267: Application time: 0.0564130 seconds
226.267: [GC226.267: [ParNew: 35639K->3158K(37632K), 0.0008910 secs] 78511K->46094K(121024K), 0.0009170 secs] [Times: user=0.01 sys=0.00, real=0.00 secs] 
226.268: Total time for which application threads were stopped: 0.0010500 seconds, Stopping threads took: 0.0000820 seconds
226.324: Application time: 0.0557690 seconds
226.324: [GC226.324: [ParNew: 36195K->4158K(37632K), 0.0021360 secs] 79131K->50303K(121024K), 0.0021710 secs] [Times: user=0.01 sys=0.00, real=0.00 secs] 
226.326: Total time for which application threads were stopped: 0.0023170 seconds, Stopping threads took: 0.0000870 seconds
226.391: Application time: 0.0645550 seconds
226.391: [GC226.391: [ParNew: 37246K->4142K(37632K), 0.0020120 secs] 83390K->53447K(121024K), 0.0020460 secs] [Times: user=0.01 sys=0.00, real=0.00 secs] 
226.393: Total time for which application threads were stopped: 0.0021930 seconds, Stopping threads took: 0.0000720 seconds
226.455: Application time: 0.0617600 seconds
226.455: [GC226.455: [ParNew: 37169K->4144K(37632K), 0.0016300 secs] 86474K->55553K(121024K), 0.0016650 secs] [Times: user=0.02 sys=0.00, real=0.00 secs] 
226.456: Total time for which application threads were stopped: 0.0018130 seconds, Stopping threads took: 0.0000890 seconds
226.520: Application time: 0.0633420 seconds
226.520: [GC226.520: [ParNew: 37034K->4144K(37632K), 0.0012160 secs] 88443K->55601K(121024K), 0.0012480 secs] [Times: user=0.01 sys=0.00, real=0.00 secs] 
226.521: Total time for which application threads were stopped: 0.0014250 seconds, Stopping threads took: 0.0001200 seconds
226.585: Application time: 0.0638700 seconds
226.585: [GC226.585: [ParNew: 36933K->4155K(37632K), 0.0010580 secs] 88390K->55612K(121024K), 0.0010900 secs] [Times: user=0.01 sys=0.00, real=0.00 secs] 
226.586: Total time for which application threads were stopped: 0.0012470 seconds, Stopping threads took: 0.0001020 seconds
226.646: Application time: 0.0598780 seconds
226.646: [GC226.646: [ParNew: 37627K->4123K(37632K), 0.0011140 secs] 89084K->55580K(121024K), 0.0011470 secs] [Times: user=0.01 sys=0.00, real=0.00 secs] 
226.647: Total time for which application threads were stopped: 0.0012830 seconds, Stopping threads took: 0.0000780 seconds
226.710: Application time: 0.0622010 seconds
226.710: [GC226.710: [ParNew: 36761K->4119K(37632K), 0.0010580 secs] 88218K->55576K(121024K), 0.0010890 secs] [Times: user=0.01 sys=0.00, real=0.01 secs] 
226.711: Total time for which application threads were stopped: 0.0012530 seconds, Stopping threads took: 0.0001100 seconds
226.765: Application time: 0.0542560 seconds
226.765: [GC226.765: [ParNew: 36638K->4114K(37632K), 0.0020190 secs] 88095K->58643K(121024K), 0.0020540 secs] [Times: user=0.02 sys=0.00, real=0.00 secs] 
226.767: Total time for which application threads were stopped: 0.0021780 seconds, Stopping threads took: 0.0000670 seconds
226.831: Application time: 0.0634420 seconds
226.835: [GC226.835: [ParNew: 37049K->4129K(37632K), 0.0014970 secs] 91578K->59682K(121024K), 0.0015290 secs] [Times: user=0.01 sys=0.00, real=0.00 secs] 
226.836: Total time for which application threads were stopped: 0.0054840 seconds, Stopping threads took: 0.0039010 seconds
226.899: Application time: 0.0628300 seconds
226.899: [GC226.899: [ParNew: 37082K->4158K(37632K), 0.0012120 secs] 92635K->59743K(121024K), 0.0012420 secs] [Times: user=0.01 sys=0.00, real=0.00 secs] 
226.900: Total time for which application threads were stopped: 0.0013610 seconds, Stopping threads took: 0.0000570 seconds
226.959: Application time: 0.0581610 seconds
226.959: [GC226.959: [ParNew: 36753K->4157K(37632K), 0.0013710 secs] 92338K->60838K(121024K), 0.0014050 secs] [Times: user=0.01 sys=0.00, real=0.00 secs] 
226.960: Total time for which application threads were stopped: 0.0015500 seconds, Stopping threads took: 0.0000890 seconds
227.020: Application time: 0.0595470 seconds
227.020: [GC227.020: [ParNew: 37230K->4156K(37632K), 0.0019380 secs] 93911K->64013K(121024K), 0.0019740 secs] [Times: user=0.01 sys=0.00, real=0.00 secs] 
227.022: Total time for which application threads were stopped: 0.0020910 seconds, Stopping threads took: 0.0000570 seconds
227.081: Application time: 0.0587610 seconds
227.081: [GC227.081: [ParNew: 37116K->4142K(37632K), 0.0020530 secs] 96973K->67155K(121024K), 0.0020860 secs] [Times: user=0.02 sys=0.00, real=0.00 secs] 
227.083: Total time for which application threads were stopped: 0.0022150 seconds, Stopping threads took: 0.0000730 seconds
227.146: Application time: 0.0634770 seconds
227.146: [GC227.146: [ParNew: 37238K->4143K(37632K), 0.0017620 secs] 100251K->69260K(121024K), 0.0017960 secs] [Times: user=0.01 sys=0.00, real=0.00 secs] 
227.148: Total time for which application threads were stopped: 0.0019370 seconds, Stopping threads took: 0.0000830 seconds
227.211: Application time: 0.0632530 seconds
227.212: [GC227.212: [ParNew: 36955K->4117K(37632K), 0.0013820 secs] 102072K->70314K(121024K), 0.0014220 secs] [Times: user=0.01 sys=0.00, real=0.00 secs] 
227.213: Total time for which application threads were stopped: 0.0015790 seconds, Stopping threads took: 0.0001000 seconds
227.274: Application time: 0.0613160 seconds
227.274: [GC227.274: [ParNew: 36735K->4150K(37632K), 0.0011390 secs] 102932K->70347K(121024K), 0.0011700 secs] [Times: user=0.01 sys=0.01, real=0.00 secs] 
227.276: Total time for which application threads were stopped: 0.0013180 seconds, Stopping threads took: 0.0000910 seconds
227.335: Application time: 0.0593550 seconds
227.335: [GC227.335: [ParNew: 37614K->4114K(37632K), 0.0016810 secs] 103811K->72359K(121024K), 0.0017150 secs] [Times: user=0.01 sys=0.00, real=0.00 secs] 
227.337: Total time for which application threads were stopped: 0.0018360 seconds, Stopping threads took: 0.0000620 seconds
227.401: Application time: 0.0640400 seconds
227.401: [GC227.401: [ParNew: 37033K->4131K(37632K), 0.0014210 secs] 105279K->73401K(121024K), 0.0014520 secs] [Times: user=0.00 sys=0.00, real=0.00 secs] 
227.402: Total time for which application threads were stopped: 0.0015790 seconds, Stopping threads took: 0.0000650 seconds
227.458: Application time: 0.0553360 seconds
227.458: [GC227.458: [ParNew: 36663K->4110K(37632K), 0.0016770 secs] 105932K->75428K(121024K), 0.0017100 secs] [Times: user=0.01 sys=0.00, real=0.01 secs] 
227.460: Total time for which application threads were stopped: 0.0018420 seconds, Stopping threads took: 0.0000720 seconds
227.523: Application time: 0.0635250 seconds
227.523: [GC227.523: [ParNew: 36996K->4113K(37632K), 0.0017100 secs] 108314K->77478K(121024K), 0.0017420 secs] [Times: user=0.01 sys=0.00, real=0.00 secs] 
227.525: Total time for which application threads were stopped: 0.0019080 seconds, Stopping threads took: 0.0001090 seconds
227.586: Application time: 0.0612120 seconds
227.586: [GC227.586: [ParNew: 36985K->4143K(37632K), 0.0014350 secs] 110351K->78533K(121024K), 0.0014650 secs] [Times: user=0.01 sys=0.00, real=0.00 secs] 
227.588: Total time for which application threads were stopped: 0.0015950 seconds, Stopping threads took: 0.0000730 seconds
227.648: Application time: 0.0599820 seconds
227.648: [GC227.648: [ParNew: 36902K->4158K(37632K), 0.0014340 secs] 111292K->79663K(121024K), 0.0014640 secs] [Times: user=0.01 sys=0.00, real=0.00 secs] 
227.649: Total time for which application threads were stopped: 0.0015930 seconds, Stopping threads took: 0.0000770 seconds
227.710: Application time: 0.0600860 seconds
227.710: [GC227.710: [ParNew: 37303K->4156K(37632K), 0.0017260 secs] 112809K->81846K(121024K), 0.0017600 secs] [Times: user=0.01 sys=0.00, real=0.01 secs] 
227.712: Total time for which application threads were stopped: 0.0019200 seconds, Stopping threads took: 0.0001050 seconds
227.771: Application time: 0.0593120 seconds
227.771: [GC227.771: [ParNew: 37047K->4112K(37632K), 0.0019470 secs] 114736K->84946K(121024K), 0.0019810 secs] [Times: user=0.01 sys=0.00, real=0.00 secs] 
227.773: Total time for which application threads were stopped: 0.0021060 seconds, Stopping threads took: 0.0000670 seconds
227.835: Application time: 0.0623440 seconds
227.835: [GC227.835: [ParNew: 37140K->4158K(37632K), 0.0017690 secs] 117974K->87040K(121024K), 0.0018000 secs] [Times: user=0.01 sys=0.00, real=0.00 secs] 
227.837: Total time for which application threads were stopped: 0.0019460 seconds, Stopping threads took: 0.0000860 seconds
227.901: Application time: 0.0640890 seconds
227.901: [GC227.901: [ParNew: 37061K->4146K(37632K), 0.0014860 secs]227.903: [Tenured: 83961K->8787K(84420K), 0.0083220 secs] 119943K->8787K(122052K), [Perm : 5528K->5528K(21248K)], 0.0099040 secs] [Times: user=0.02 sys=0.00, real=0.01 secs] 
227.911: Total time for which application threads were stopped: 0.0100590 seconds, Stopping threads took: 0.0000890 seconds
227.973: Application time: 0.0614280 seconds
227.973: [GC227.973: [ParNew: 32610K->3141K(37632K), 0.0008570 secs] 41398K->11929K(121024K), 0.0008870 secs] [Times: user=0.01 sys=0.00, real=0.00 secs] 
227.974: Total time for which application threads were stopped: 0.0010610 seconds, Stopping threads took: 0.0001030 seconds
228.034: Application time: 0.0598040 seconds
228.034: [GC228.034: [ParNew: 36613K->4138K(37632K), 0.0016040 secs] 45401K->14973K(121024K), 0.0016350 secs] [Times: user=0.01 sys=0.00, real=0.00 secs] 
228.035: Total time for which application threads were stopped: 0.0017850 seconds, Stopping threads took: 0.0000940 seconds
228.094: Application time: 0.0587100 seconds
228.094: [GC228.094: [ParNew: 36806K->4135K(37632K), 0.0016540 secs] 47641K->17018K(121024K), 0.0016840 secs] [Times: user=0.01 sys=0.00, real=0.00 secs] 
228.096: Total time for which application threads were stopped: 0.0018170 seconds, Stopping threads took: 0.0000790 seconds
228.155: Application time: 0.0588660 seconds
228.155: [GC228.155: [ParNew: 36865K->4116K(37632K), 0.0016380 secs] 49749K->19048K(121024K), 0.0016710 secs] [Times: user=0.01 sys=0.00, real=0.00 secs] 
228.157: Total time for which application threads were stopped: 0.0018070 seconds, Stopping threads took: 0.0000760 seconds
228.219: Application time: 0.0628290 seconds
228.220: [GC228.220: [ParNew: 36973K->4111K(37632K), 0.0016990 secs] 51904K->21090K(121024K), 0.0017340 secs] [Times: user=0.01 sys=0.00, real=0.00 secs] 
228.221: Total time for which application threads were stopped: 0.0018870 seconds, Stopping threads took: 0.0000960 seconds
228.286: Application time: 0.0646060 seconds
228.286: [GC228.286: [ParNew: 37167K->4158K(37632K), 0.0014110 secs] 54146K->22193K(121024K), 0.0014450 secs] [Times: user=0.00 sys=0.00, real=0.00 secs] 
228.288: Total time for which application threads were stopped: 0.0015750 seconds, Stopping threads took: 0.0000720 seconds
228.347: Application time: 0.0594080 seconds
228.347: [GC228.347: [ParNew: 37053K->4157K(37632K), 0.0011760 secs] 55089K->22304K(121024K), 0.0012070 secs] [Times: user=0.01 sys=0.00, real=0.00 secs] 
228.348: Total time for which application threads were stopped: 0.0013210 seconds, Stopping threads took: 0.0000620 seconds
228.406: Application time: 0.0578790 seconds
228.406: [GC228.406: [ParNew: 37046K->4158K(37632K), 0.0016880 secs] 55194K->24457K(121024K), 0.0017220 secs] [Times: user=0.01 sys=0.00, real=0.00 secs] 
228.408: Total time for which application threads were stopped: 0.0018720 seconds, Stopping threads took: 0.0000920 seconds
228.472: Application time: 0.0641010 seconds
228.472: [GC228.472: [ParNew: 37055K->4113K(37632K), 0.0014920 secs] 57354K->25521K(121024K), 0.0015230 secs] [Times: user=0.01 sys=0.00, real=0.00 secs] 
228.474: Total time for which application threads were stopped: 0.0016490 seconds, Stopping threads took: 0.0000700 seconds
228.533: Application time: 0.0594240 seconds
228.533: [GC228.533: [ParNew: 36888K->4158K(37632K), 0.0013610 secs] 58296K->26601K(121024K), 0.0013930 secs] [Times: user=0.01 sys=0.00, real=0.00 secs] 
228.535: Total time for which application threads were stopped: 0.0015380 seconds, Stopping threads took: 0.0000810 seconds
228.597: Application time: 0.0620750 seconds
228.597: [GC228.597: [ParNew: 36927K->4132K(37632K), 0.0015050 secs] 59370K->27648K(121024K), 0.0015390 secs] [Times: user=0.01 sys=0.00, real=0.00 secs] 
228.599: Total time for which application threads were stopped: 0.0016630 seconds, Stopping threads took: 0.0000650 seconds
228.656: Application time: 0.0578200 seconds
228.656: [GC228.656: [ParNew: 36665K->4114K(37632K), 0.0017450 secs] 60181K->29677K(121024K), 0.0017780 secs] [Times: user=0.01 sys=0.00, real=0.00 secs] 
228.658: Total time for which application threads were stopped: 0.0019030 seconds, Stopping threads took: 0.0000650 seconds
228.721: Application time: 0.0626040 seconds
228.721: [GC228.721: [ParNew: 36970K->4131K(37632K), 0.0016770 secs] 62534K->31742K(121024K), 0.0017120 secs] [Times: user=0.01 sys=0.00, real=0.00 secs] 
228.723: Total time for which application threads were stopped: 0.0018340 seconds, Stopping threads took: 0.0000640 seconds
228.784: Application time: 0.0609760 seconds
228.784: [GC228.784: [ParNew: 36902K->4135K(37632K), 0.0013960 secs] 64514K->32770K(121024K), 0.0014300 secs] [Times: user=0.01 sys=0.00, real=0.00 secs] 
228.785: Total time for which application threads were stopped: 0.0015550 seconds, Stopping threads took: 0.0000690 seconds
228.845: Application time: 0.0598540 seconds
228.845: [GC228.845: [ParNew: 36824K->4116K(37632K), 0.0016490 secs] 65460K->34800K(121024K), 0.0016820 secs] [Times: user=0.02 sys=0.00, real=0.00 secs] 
228.847: Total time for which application threads were stopped: 0.0018230 seconds, Stopping threads took: 0.0000830 seconds
228.909: Application time: 0.0619670 seconds
228.909: [GC228.909: [ParNew: 36900K->4134K(37632K), 0.0014140 secs] 67584K->35842K(121024K), 0.0014460 secs] [Times: user=0.01 sys=0.00, real=0.00 secs] 
228.910: Total time for which application threads were stopped: 0.0015870 seconds, Stopping threads took: 0.0000850 seconds
228.970: Application time: 0.0596850 seconds
228.970: [GC228.970: [ParNew: 36928K->4158K(37632K), 0.0014760 secs] 68636K->36898K(121024K), 0.0015110 secs] [Times: user=0.01 sys=0.00, real=0.01 secs] 
228.972: Total time for which application threads were stopped: 0.0016350 seconds, Stopping threads took: 0.0000680 seconds
229.033: Application time: 0.0611400 seconds
229.033: [GC229.033: [ParNew: 37116K->4152K(37632K), 0.0017320 secs] 69856K->39012K(121024K), 0.0017680 secs] [Times: user=0.01 sys=0.00, real=0.00 secs] 
229.035: Total time for which application threads were stopped: 0.0019060 seconds, Stopping threads took: 0.0000780 seconds
229.094: Application time: 0.0595290 seconds
229.095: [GC229.095: [ParNew: 37205K->4158K(37632K), 0.0016030 secs] 72065K->40202K(121024K), 0.0016370 secs] [Times: user=0.00 sys=0.01, real=0.00 secs] 
229.096: Total time for which application threads were stopped: 0.0018170 seconds, Stopping threads took: 0.0001150 seconds
229.158: Application time: 0.0616310 seconds
229.158: [GC229.158: [ParNew: 36895K->4119K(37632K), 0.0014290 secs] 72939K->41243K(121024K), 0.0014590 secs] [Times: user=0.01 sys=0.00, real=0.01 secs] 
229.159: Total time for which application threads were stopped: 0.0015850 seconds, Stopping threads took: 0.0000700 seconds
229.219: Application time: 0.0599580 seconds
229.219: [GC229.219: [ParNew: 36968K->4156K(37632K), 0.0017540 secs] 74092K->43328K(121024K), 0.0017870 secs] [Times: user=0.02 sys=0.00, real=0.00 secs] 
229.221: Total time for which application threads were stopped: 0.0019160 seconds, Stopping threads took: 0.0000720 seconds
229.284: Application time: 0.0623780 seconds
229.284: [GC229.284: [ParNew: 36944K->4139K(37632K), 0.0013760 secs] 76116K->44391K(121024K), 0.0014110 secs] [Times: user=0.01 sys=0.00, real=0.00 secs] 
229.285: Total time for which application threads were stopped: 0.0015560 seconds, Stopping threads took: 0.0000860 seconds
229.343: Application time: 0.0576690 seconds
229.343: [GC229.343: [ParNew: 36621K->4127K(37632K), 0.0014860 secs] 76873K->45403K(121024K), 0.0015200 secs] [Times: user=0.01 sys=0.00, real=0.00 secs] 
229.345: Total time for which application threads were stopped: 0.0016850 seconds, Stopping threads took: 0.0001070 seconds
229.407: Application time: 0.0628330 seconds
229.407: [GC229.408: [ParNew: 37001K->4119K(37632K), 0.0015350 secs] 78277K->47443K(121024K), 0.0015660 secs] [Times: user=0.01 sys=0.00, real=0.00 secs] 
229.409: Total time for which application threads were stopped: 0.0016850 seconds, Stopping threads took: 0.0000650 seconds
229.469: Application time: 0.0595100 seconds
229.469: [GC229.469: [ParNew: 36897K->4112K(37632K), 0.0016260 secs] 80221K->49484K(121024K), 0.0016560 secs] [Times: user=0.01 sys=0.00, real=0.00 secs] 
229.470: Total time for which application threads were stopped: 0.0017990 seconds, Stopping threads took: 0.0000870 seconds
229.532: Application time: 0.0618460 seconds
229.532: [GC229.532: [ParNew: 36916K->4117K(37632K), 0.0013980 secs] 82288K->50513K(121024K), 0.0014300 secs] [Times: user=0.01 sys=0.00, real=0.00 secs] 
229.534: Total time for which application threads were stopped: 0.0015560 seconds, Stopping threads took: 0.0000740 seconds
229.594: Application time: 0.0600240 seconds
229.594: [GC229.594: [ParNew: 36848K->4133K(37632K), 0.0014460 secs] 83245K->51554K(121024K), 0.0014850 secs] [Times: user=0.01 sys=0.00, real=0.00 secs] 
229.595: Total time for which application threads were stopped: 0.0016200 seconds, Stopping threads took: 0.0000780 seconds
229.657: Application time: 0.0620490 seconds
229.658: [GC229.658: [ParNew: 37000K->4159K(37632K), 0.0014990 secs] 84420K->52604K(121024K), 0.0015340 secs] [Times: user=0.01 sys=0.00, real=0.01 secs] 
229.659: Total time for which application threads were stopped: 0.0017570 seconds, Stopping threads took: 0.0001570 seconds
229.719: Application time: 0.0593800 seconds
229.719: [GC229.719: [ParNew: 36903K->4158K(37632K), 0.0014490 secs] 85347K->53722K(121024K), 0.0014810 secs] [Times: user=0.01 sys=0.00, real=0.00 secs] 
229.720: Total time for which application threads were stopped: 0.0016050 seconds, Stopping threads took: 0.0000660 seconds
229.782: Application time: 0.0616080 seconds
229.782: [GC229.782: [ParNew: 37346K->4158K(37632K), 0.0014300 secs] 86911K->54899K(121024K), 0.0014550 secs] [Times: user=0.02 sys=0.00, real=0.00 secs] 
229.783: Total time for which application threads were stopped: 0.0015820 seconds, Stopping threads took: 0.0000710 seconds
229.844: Application time: 0.0608560 seconds
229.844: [GC229.844: [ParNew: 36898K->4112K(37632K), 0.0016120 secs] 87639K->56988K(121024K), 0.0016440 secs] [Times: user=0.01 sys=0.00, real=0.00 secs] 
229.846: Total time for which application threads were stopped: 0.0017760 seconds, Stopping threads took: 0.0000770 seconds
229.907: Application time: 0.0611410 seconds
229.907: [GC229.907: [ParNew: 37075K->4140K(37632K), 0.0018850 secs] 89952K->60088K(121024K), 0.0019190 secs] [Times: user=0.02 sys=0.00, real=0.00 secs] 
229.909: Total time for which application threads were stopped: 0.0020380 seconds, Stopping threads took: 0.0000620 seconds
229.971: Application time: 0.0614180 seconds
229.971: [GC229.971: [ParNew: 37050K->4118K(37632K), 0.0014650 secs] 92999K->61139K(121024K), 0.0014980 secs] [Times: user=0.01 sys=0.00, real=0.00 secs] 
229.972: Total time for which application threads were stopped: 0.0016680 seconds, Stopping threads took: 0.0001130 seconds
230.035: Application time: 0.0627370 seconds
230.039: [GC230.039: [ParNew: 36833K->4131K(37632K), 0.0011270 secs] 93854K->61151K(121024K), 0.0011590 secs] [Times: user=0.01 sys=0.00, real=0.00 secs] 
230.040: Total time for which application threads were stopped: 0.0048520 seconds, Stopping threads took: 0.0036150 seconds
230.100: Application time: 0.0604880 seconds
230.101: [GC230.101: [ParNew: 36644K->3114K(37632K), 0.0009080 secs] 93664K->60135K(121024K), 0.0009350 secs] [Times: user=0.00 sys=0.00, real=0.00 secs] 
230.101: Total time for which application threads were stopped: 0.0010430 seconds, Stopping threads took: 0.0000570 seconds
230.161: Application time: 0.0598800 seconds
230.161: [GC230.161: [ParNew: 35666K->4119K(37632K), 0.0013730 secs] 92686K->62164K(121024K), 0.0014050 secs] [Times: user=0.01 sys=0.00, real=0.00 secs] 
230.163: Total time for which application threads were stopped: 0.0015310 seconds, Stopping threads took: 0.0000640 seconds
230.217: Application time: 0.0542920 seconds
230.217: [GC230.217: [ParNew: 36639K->4114K(37632K), 0.0020180 secs] 94684K->65231K(121024K), 0.0020510 secs] [Times: user=0.02 sys=0.00, real=0.01 secs] 
230.219: Total time for which application threads were stopped: 0.0021970 seconds, Stopping threads took: 0.0000880 seconds
230.284: Application time: 0.0643400 seconds
230.284: [GC230.284: [ParNew: 37099K->4128K(37632K), 0.0016540 secs] 98215K->67293K(121024K), 0.0016880 secs] [Times: user=0.02 sys=0.00, real=0.00 secs] 
230.286: Total time for which application threads were stopped: 0.0018360 seconds, Stopping threads took: 0.0000900 seconds
230.347: Application time: 0.0617750 seconds
230.347: [GC230.347: [ParNew: 37104K->4152K(37632K), 0.0016840 secs] 100268K->69373K(121024K), 0.0017160 secs] [Times: user=0.01 sys=0.00, real=0.00 secs] 
230.349: Total time for which application threads were stopped: 0.0018710 seconds, Stopping threads took: 0.0000900 seconds
230.410: Application time: 0.0606600 seconds
230.410: [GC230.410: [ParNew: 37035K->4159K(37632K), 0.0011810 secs] 102256K->69484K(121024K), 0.0012110 secs] [Times: user=0.01 sys=0.00, real=0.01 secs] 
230.411: Total time for which application threads were stopped: 0.0013490 seconds, Stopping threads took: 0.0000840 seconds
230.474: Application time: 0.0630000 seconds
230.474: [GC230.474: [ParNew: 37357K->4159K(37632K), 0.0010890 secs] 102682K->69628K(121024K), 0.0011220 secs] [Times: user=0.01 sys=0.00, real=0.00 secs] 
230.475: Total time for which application threads were stopped: 0.0012610 seconds, Stopping threads took: 0.0000840 seconds
230.531: Application time: 0.0551120 seconds
230.531: [GC230.531: [ParNew: 36721K->4110K(37632K), 0.0020740 secs] 102190K->72723K(121024K), 0.0021080 secs] [Times: user=0.01 sys=0.00, real=0.00 secs] 
230.533: Total time for which application threads were stopped: 0.0022320 seconds, Stopping threads took: 0.0000650 seconds
230.594: Application time: 0.0614440 seconds
230.594: [GC230.594: [ParNew: 37139K->4140K(37632K), 0.0021510 secs] 105753K->75833K(121024K), 0.0021860 secs] [Times: user=0.01 sys=0.00, real=0.00 secs] 
230.597: Total time for which application threads were stopped: 0.0023250 seconds, Stopping threads took: 0.0000770 seconds
230.661: Application time: 0.0644540 seconds
230.661: [GC230.661: [ParNew: 37081K->4113K(37632K), 0.0014780 secs] 108774K->76895K(121024K), 0.0015150 secs] [Times: user=0.01 sys=0.00, real=0.00 secs] 
230.663: Total time for which application threads were stopped: 0.0016530 seconds, Stopping threads took: 0.0000820 seconds
230.725: Application time: 0.0618570 seconds
230.725: [GC230.725: [ParNew: 36801K->4158K(37632K), 0.0012120 secs] 109583K->76971K(121024K), 0.0012430 secs] [Times: user=0.01 sys=0.00, real=0.00 secs] 
230.726: Total time for which application threads were stopped: 0.0013860 seconds, Stopping threads took: 0.0000800 seconds
230.788: Application time: 0.0617000 seconds
230.788: [GC230.788: [ParNew: 37630K->4134K(37632K), 0.0013660 secs] 110443K->77971K(121024K), 0.0013960 secs] [Times: user=0.01 sys=0.00, real=0.00 secs] 
230.789: Total time for which application threads were stopped: 0.0015250 seconds, Stopping threads took: 0.0000720 seconds
230.846: Application time: 0.0572280 seconds
230.847: [GC230.847: [ParNew: 36632K->4130K(37632K), 0.0016810 secs] 110469K->80015K(121024K), 0.0017160 secs] [Times: user=0.02 sys=0.00, real=0.00 secs] 
230.848: Total time for which application threads were stopped: 0.0018610 seconds, Stopping threads took: 0.0000890 seconds
230.910: Application time: 0.0615160 seconds
230.910: [GC230.910: [ParNew: 36983K->4120K(37632K), 0.0013840 secs] 112868K->81029K(121024K), 0.0014150 secs] [Times: user=0.01 sys=0.00, real=0.01 secs] 
230.911: Total time for which application threads were stopped: 0.0015350 seconds, Stopping threads took: 0.0000650 seconds
230.970: Application time: 0.0591180 seconds
230.971: [GC230.971: [ParNew: 36917K->4112K(37632K), 0.0019730 secs] 113826K->84093K(121024K), 0.0020130 secs] [Times: user=0.01 sys=0.01, real=0.01 secs] 
230.973: Total time for which application threads were stopped: 0.0021470 seconds, Stopping threads took: 0.0000740 seconds
231.038: Application time: 0.0650030 seconds
231.038: [GC231.038: [ParNew: 37177K->4139K(37632K), 0.0016360 secs] 117159K->86169K(121024K), 0.0016680 secs] [Times: user=0.01 sys=0.00, real=0.01 secs] 
231.039: Total time for which application threads were stopped: 0.0018030 seconds, Stopping threads took: 0.0000760 seconds
231.100: Application time: 0.0604480 seconds
231.100: [GC231.100: [ParNew: 37019K->4158K(37632K), 0.0014070 secs] 119049K->87315K(121024K), 0.0014390 secs] [Times: user=0.01 sys=0.00, real=0.00 secs] 
231.101: Total time for which application threads were stopped: 0.0015620 seconds, Stopping threads took: 0.0000690 seconds
231.160: Application time: 0.0580900 seconds
231.160: [GC231.160: [ParNew: 36969K->4158K(37632K), 0.0018330 secs]231.162: [Tenured: 85313K->11009K(85448K), 0.0080740 secs] 120127K->11009K(123080K), [Perm : 5528K->5528K(21248K)], 0.0100690 secs] [Times: user=0.02 sys=0.00, real=0.00 secs] 
231.170: Total time for which application threads were stopped: 0.0102120 seconds, Stopping threads took: 0.0000820 seconds
231.231: Application time: 0.0611300 seconds
231.235: [GC231.235: [ParNew: 32939K->4146K(37632K), 0.0016810 secs] 43948K->17203K(121024K), 0.0017130 secs] [Times: user=0.01 sys=0.00, real=0.00 secs] 
231.236: Total time for which application threads were stopped: 0.0056050 seconds, Stopping threads took: 0.0038280 seconds
231.297: Application time: 0.0600950 seconds
231.297: [GC231.297: [ParNew: 37057K->4158K(37632K), 0.0016910 secs] 50114K->19319K(121024K), 0.0017250 secs] [Times: user=0.01 sys=0.00, real=0.00 secs] 
231.298: Total time for which application threads were stopped: 0.0018610 seconds, Stopping threads took: 0.0000770 seconds
231.363: Application time: 0.0650380 seconds
231.364: [GC231.364: [ParNew: 37109K->4153K(37632K), 0.0011250 secs] 52270K->19370K(121024K), 0.0011570 secs] [Times: user=0.01 sys=0.00, real=0.00 secs] 
231.365: Total time for which application threads were stopped: 0.0013240 seconds, Stopping threads took: 0.0001110 seconds
231.426: Application time: 0.0614350 seconds
231.426: [GC231.426: [ParNew: 36802K->4139K(37632K), 0.0010630 secs] 52020K->19357K(121024K), 0.0010940 secs] [Times: user=0.01 sys=0.00, real=0.00 secs] 
231.427: Total time for which application threads were stopped: 0.0012210 seconds, Stopping threads took: 0.0000720 seconds
231.488: Application time: 0.0600580 seconds
231.488: [GC231.488: [ParNew: 36627K->4133K(37632K), 0.0010630 secs] 51845K->19350K(121024K), 0.0010930 secs] [Times: user=0.01 sys=0.00, real=0.00 secs] 
231.489: Total time for which application threads were stopped: 0.0012350 seconds, Stopping threads took: 0.0000880 seconds
231.547: Application time: 0.0580110 seconds
231.547: [GC231.547: [ParNew: 36776K->4134K(37632K), 0.0016560 secs] 51993K->21399K(121024K), 0.0016860 secs] [Times: user=0.01 sys=0.00, real=0.00 secs] 
231.549: Total time for which application threads were stopped: 0.0019000 seconds, Stopping threads took: 0.0001590 seconds
231.608: Application time: 0.0595570 seconds
231.608: [GC231.608: [ParNew: 36870K->4118K(37632K), 0.0016880 secs] 54135K->23431K(121024K), 0.0017220 secs] [Times: user=0.01 sys=0.00, real=0.00 secs] 
231.610: Total time for which application threads were stopped: 0.0019180 seconds, Stopping threads took: 0.0001360 seconds
231.673: Application time: 0.0626740 seconds
231.673: [GC231.673: [ParNew: 36946K->4135K(37632K), 0.0010730 secs] 56259K->23449K(121024K), 0.0011040 secs] [Times: user=0.00 sys=0.00, real=0.00 secs] 
231.674: Total time for which application threads were stopped: 0.0012290 seconds, Stopping threads took: 0.0000680 seconds
231.735: Application time: 0.0612310 seconds
231.735: [GC231.735: [ParNew: 36988K->4144K(37632K), 0.0014130 secs] 56302K->24481K(121024K), 0.0014450 secs] [Times: user=0.01 sys=0.00, real=0.00 secs] 
231.737: Total time for which application threads were stopped: 0.0015780 seconds, Stopping threads took: 0.0000790 seconds
231.798: Application time: 0.0610850 seconds
231.798: [GC231.798: [ParNew: 37080K->4152K(37632K), 0.0016570 secs] 57417K->26618K(121024K), 0.0016870 secs] [Times: user=0.01 sys=0.00, real=0.01 secs] 
231.800: Total time for which application threads were stopped: 0.0018350 seconds, Stopping threads took: 0.0000790 seconds
231.858: Application time: 0.0583300 seconds
231.858: [GC231.858: [ParNew: 37078K->4158K(37632K), 0.0016680 secs] 59544K->28804K(121024K), 0.0017020 secs] [Times: user=0.01 sys=0.00, real=0.01 secs] 
231.860: Total time for which application threads were stopped: 0.0018270 seconds, Stopping threads took: 0.0000630 seconds
231.922: Application time: 0.0624290 seconds
231.923: [GC231.923: [ParNew: 37175K->4142K(37632K), 0.0017060 secs] 61821K->30920K(121024K), 0.0017400 secs] [Times: user=0.01 sys=0.00, real=0.00 secs] 
231.924: Total time for which application threads were stopped: 0.0018820 seconds, Stopping threads took: 0.0000780 seconds
231.984: Application time: 0.0596280 seconds
231.984: [GC231.984: [ParNew: 37063K->4155K(37632K), 0.0017920 secs] 63841K->33029K(121024K), 0.0018230 secs] [Times: user=0.01 sys=0.00, real=0.00 secs] 
231.986: Total time for which application threads were stopped: 0.0019560 seconds, Stopping threads took: 0.0000740 seconds
232.051: Application time: 0.0653390 seconds
232.051: [GC232.051: [ParNew: 37111K->4158K(37632K), 0.0011430 secs] 65985K->33104K(121024K), 0.0011740 secs] [Times: user=0.01 sys=0.00, real=0.00 secs] 
232.053: Total time for which application threads were stopped: 0.0013140 seconds, Stopping threads took: 0.0000850 seconds
232.113: Application time: 0.0606470 seconds
232.115: [GC232.115: [ParNew: 36645K->3131K(37632K), 0.0008750 secs] 65591K->32077K(121024K), 0.0009040 secs] [Times: user=0.01 sys=0.00, real=0.00 secs] 
232.116: Total time for which application threads were stopped: 0.0024740 seconds, Stopping threads took: 0.0015150 seconds
232.174: Application time: 0.0581800 seconds
232.174: [GC232.174: [ParNew: 36603K->4116K(37632K), 0.0020530 secs] 65549K->36134K(121024K), 0.0020910 secs] [Times: user=0.02 sys=0.00, real=0.00 secs] 
232.176: Total time for which application threads were stopped: 0.0022490 seconds, Stopping threads took: 0.0000980 seconds
232.237: Application time: 0.0606240 seconds
232.237: [GC232.237: [ParNew: 36945K->4112K(37632K), 0.0020010 secs] 68963K->39202K(121024K), 0.0020360 secs] [Times: user=0.02 sys=0.00, real=0.01 secs] 
232.239: Total time for which application threads were stopped: 0.0021910 seconds, Stopping threads took: 0.0000970 seconds
232.301: Application time: 0.0620610 seconds
232.301: [GC232.301: [ParNew: 36894K->4145K(37632K), 0.0014130 secs] 71984K->40259K(121024K), 0.0014450 secs] [Times: user=0.01 sys=0.00, real=0.00 secs] 
232.303: Total time for which application threads were stopped: 0.0015670 seconds, Stopping threads took: 0.0000570 seconds
232.363: Application time: 0.0604220 seconds
232.363: [GC232.363: [ParNew: 36801K->4117K(37632K), 0.0009980 secs] 72915K->40231K(121024K), 0.0010290 secs] [Times: user=0.00 sys=0.00, real=0.00 secs] 
232.364: Total time for which application threads were stopped: 0.0011480 seconds, Stopping threads took: 0.0000620 seconds
232.424: Application time: 0.0602560 seconds
232.424: [GC232.424: [ParNew: 36997K->4138K(37632K), 0.0019550 secs] 73111K->43324K(121024K), 0.0019880 secs] [Times: user=0.02 sys=0.00, real=0.00 secs] 
232.426: Total time for which application threads were stopped: 0.0021150 seconds, Stopping threads took: 0.0000690 seconds
232.489: Application time: 0.0623710 seconds
232.489: [GC232.489: [ParNew: 37258K->4154K(37632K), 0.0016340 secs] 76444K->45484K(121024K), 0.0016670 secs] [Times: user=0.01 sys=0.00, real=0.01 secs] 
232.491: Total time for which application threads were stopped: 0.0018020 seconds, Stopping threads took: 0.0000780 seconds
232.549: Application time: 0.0586370 seconds
232.551: [GC232.551: [ParNew: 37062K->4158K(37632K), 0.0014950 secs] 78392K->46640K(121024K), 0.0015290 secs] [Times: user=0.01 sys=0.00, real=0.00 secs] 
232.552: Total time for which application threads were stopped: 0.0029860 seconds, Stopping threads took: 0.0014000 seconds
232.617: Application time: 0.0643670 seconds
232.617: [GC232.617: [ParNew: 37174K->4143K(37632K), 0.0011790 secs] 79656K->46689K(121024K), 0.0012060 secs] [Times: user=0.01 sys=0.00, real=0.00 secs] 
232.618: Total time for which application threads were stopped: 0.0013460 seconds, Stopping threads took: 0.0000870 seconds
232.678: Application time: 0.0595660 seconds
232.678: [GC232.678: [ParNew: 36979K->4141K(37632K), 0.0017700 secs] 79525K->48800K(121024K), 0.0018050 secs] [Times: user=0.01 sys=0.00, real=0.01 secs] 
232.680: Total time for which application threads were stopped: 0.0019430 seconds, Stopping threads took: 0.0000770 seconds
232.744: Application time: 0.0642240 seconds
232.744: [GC232.744: [ParNew: 36945K->4137K(37632K), 0.0011940 secs] 81604K->48844K(121024K), 0.0012350 secs] [Times: user=0.01 sys=0.00, real=0.00 secs] 
232.745: Total time for which application threads were stopped: 0.0013700 seconds, Stopping threads took: 0.0000780 seconds
232.804: Application time: 0.0593870 seconds
232.805: [GC232.805: [ParNew: 36671K->3113K(37632K), 0.0008010 secs] 81378K->47820K(121024K), 0.0008300 secs] [Times: user=0.01 sys=0.00, real=0.00 secs] 
232.805: Total time for which application threads were stopped: 0.0009570 seconds, Stopping threads took: 0.0000620 seconds
232.866: Application time: 0.0608900 seconds
232.866: [GC232.866: [ParNew: 35714K->4134K(37632K), 0.0013320 secs] 80421K->49864K(121024K), 0.0013660 secs] [Times: user=0.01 sys=0.00, real=0.00 secs] 
232.868: Total time for which application threads were stopped: 0.0014890 seconds, Stopping threads took: 0.0000650 seconds
232.927: Application time: 0.0592780 seconds
232.927: [GC232.927: [ParNew: 36911K->4134K(37632K), 0.0014090 secs] 82641K->50888K(121024K), 0.0014400 secs] [Times: user=0.01 sys=0.00, real=0.00 secs] 
232.929: Total time for which application threads were stopped: 0.0015880 seconds, Stopping threads took: 0.0000900 seconds
232.985: Application time: 0.0567850 seconds
232.986: [GC232.986: [ParNew: 36598K->4120K(37632K), 0.0014400 secs] 83353K->51899K(121024K), 0.0014730 secs] [Times: user=0.01 sys=0.00, real=0.00 secs] 
232.987: Total time for which application threads were stopped: 0.0016150 seconds, Stopping threads took: 0.0000850 seconds
233.052: Application time: 0.0650600 seconds
233.052: [GC233.052: [ParNew: 37031K->4114K(37632K), 0.0011880 secs] 84810K->51893K(121024K), 0.0012160 secs] [Times: user=0.01 sys=0.00, real=0.00 secs] 
233.054: Total time for which application threads were stopped: 0.0013350 seconds, Stopping threads took: 0.0000650 seconds
233.113: Application time: 0.0590680 seconds
233.113: [GC233.113: [ParNew: 36966K->4159K(37632K), 0.0013860 secs] 84745K->52970K(121024K), 0.0014180 secs] [Times: user=0.01 sys=0.00, real=0.00 secs] 
233.114: Total time for which application threads were stopped: 0.0015440 seconds, Stopping threads took: 0.0000680 seconds
233.175: Application time: 0.0613610 seconds
233.176: [GC233.176: [ParNew: 37075K->4158K(37632K), 0.0012790 secs] 85885K->54088K(121024K), 0.0013090 secs] [Times: user=0.01 sys=0.00, real=0.00 secs] 
233.177: Total time for which application threads were stopped: 0.0014380 seconds, Stopping threads took: 0.0000740 seconds
233.234: Application time: 0.0569610 seconds
233.234: [GC233.234: [ParNew: 37014K->4152K(37632K), 0.0020370 secs] 86944K->57235K(121024K), 0.0020700 secs] [Times: user=0.02 sys=0.00, real=0.00 secs] 
233.236: Total time for which application threads were stopped: 0.0022080 seconds, Stopping threads took: 0.0000810 seconds
233.300: Application time: 0.0637860 seconds
233.300: [GC233.300: [ParNew: 37369K->4156K(37632K), 0.0019250 secs] 90452K->60415K(121024K), 0.0019590 secs] [Times: user=0.01 sys=0.00, real=0.00 secs] 
233.302: Total time for which application threads were stopped: 0.0020950 seconds, Stopping threads took: 0.0000790 seconds
233.362: Application time: 0.0595370 seconds
233.362: [GC233.362: [ParNew: 37033K->4143K(37632K), 0.0015170 secs] 93292K->61505K(121024K), 0.0015510 secs] [Times: user=0.01 sys=0.00, real=0.00 secs] 
233.363: Total time for which application threads were stopped: 0.0017140 seconds, Stopping threads took: 0.0000960 seconds
233.430: Application time: 0.0663170 seconds
233.430: [GC233.430: [ParNew: 37142K->4146K(37632K), 0.0011730 secs] 94505K->61565K(121024K), 0.0012040 secs] [Times: user=0.01 sys=0.00, real=0.01 secs] 
233.431: Total time for which application threads were stopped: 0.0013420 seconds, Stopping threads took: 0.0000800 seconds
233.491: Application time: 0.0605150 seconds
233.492: [GC233.492: [ParNew: 36624K->4137K(37632K), 0.0010310 secs] 94043K->61556K(121024K), 0.0010620 secs] [Times: user=0.01 sys=0.00, real=0.00 secs] 
233.493: Total time for which application threads were stopped: 0.0011900 seconds, Stopping threads took: 0.0000710 seconds
233.551: Application time: 0.0582460 seconds
233.551: [GC233.551: [ParNew: 37609K->4116K(37632K), 0.0020300 secs] 95028K->64607K(121024K), 0.0020720 secs] [Times: user=0.02 sys=0.00, real=0.00 secs] 
233.553: Total time for which application threads were stopped: 0.0022030 seconds, Stopping threads took: 0.0000750 seconds
233.615: Application time: 0.0624040 seconds
233.616: [GC233.616: [ParNew: 36975K->4112K(37632K), 0.0018710 secs] 97466K->67675K(121024K), 0.0019010 secs] [Times: user=0.01 sys=0.00, real=0.00 secs] 
233.618: Total time for which application threads were stopped: 0.0020420 seconds, Stopping threads took: 0.0000830 seconds
233.677: Application time: 0.0590190 seconds
233.679: [GC233.679: [ParNew: 36706K->4133K(37632K), 0.0015660 secs] 100269K->68720K(121024K), 0.0016050 secs] [Times: user=0.01 sys=0.00, real=0.00 secs] 
233.680: Total time for which application threads were stopped: 0.0038080 seconds, Stopping threads took: 0.0021200 seconds
233.743: Application time: 0.0621670 seconds
233.743: [GC233.743: [ParNew: 36939K->4123K(37632K), 0.0010650 secs] 101527K->68710K(121024K), 0.0010980 secs] [Times: user=0.01 sys=0.00, real=0.00 secs] 
233.744: Total time for which application threads were stopped: 0.0012280 seconds, Stopping threads took: 0.0000730 seconds
233.805: Application time: 0.0616290 seconds
233.805: [GC233.805: [ParNew: 37040K->4159K(37632K), 0.0014630 secs] 101627K->69786K(121024K), 0.0014950 secs] [Times: user=0.01 sys=0.00, real=0.00 secs] 
233.807: Total time for which application threads were stopped: 0.0016170 seconds, Stopping threads took: 0.0000650 seconds
233.866: Application time: 0.0590800 seconds
233.866: [GC233.866: [ParNew: 36941K->4159K(37632K), 0.0013560 secs] 102568K->70890K(121024K), 0.0013900 secs] [Times: user=0.01 sys=0.00, real=0.00 secs] 
233.868: Total time for which application threads were stopped: 0.0015360 seconds, Stopping threads took: 0.0000820 seconds
233.926: Application time: 0.0586130 seconds
233.926: [GC233.926: [ParNew: 37127K->4154K(37632K), 0.0019750 secs] 103858K->74037K(121024K), 0.0020100 secs] [Times: user=0.02 sys=0.00, real=0.00 secs] 
233.928: Total time for which application threads were stopped: 0.0021700 seconds, Stopping threads took: 0.0001010 seconds
233.991: Application time: 0.0630840 seconds
233.992: [GC233.992: [ParNew: 37335K->4156K(37632K), 0.0020560 secs] 107218K->77207K(121024K), 0.0020890 secs] [Times: user=0.01 sys=0.00, real=0.00 secs] 
233.994: Total time for which application threads were stopped: 0.0022140 seconds, Stopping threads took: 0.0000650 seconds
234.054: Application time: 0.0601150 seconds
234.054: [GC234.054: [ParNew: 37006K->4158K(37632K), 0.0015010 secs] 110057K->78313K(121024K), 0.0015320 secs] [Times: user=0.01 sys=0.00, real=0.00 secs] 
234.055: Total time for which application threads were stopped: 0.0016800 seconds, Stopping threads took: 0.0000930 seconds
234.119: Application time: 0.0637970 seconds
234.119: [GC234.119: [ParNew: 37050K->4137K(37632K), 0.0012000 secs] 111205K->78325K(121024K), 0.0012290 secs] [Times: user=0.00 sys=0.00, real=0.00 secs] 
234.121: Total time for which application threads were stopped: 0.0013610 seconds, Stopping threads took: 0.0000760 seconds
234.183: Application time: 0.0626530 seconds
234.183: [GC234.183: [ParNew: 36869K->4152K(37632K), 0.0010530 secs] 111057K->78339K(121024K), 0.0010820 secs] [Times: user=0.00 sys=0.00, real=0.00 secs] 
234.185: Total time for which application threads were stopped: 0.0012090 seconds, Stopping threads took: 0.0000720 seconds
234.242: Application time: 0.0577260 seconds
234.242: [GC234.242: [ParNew: 37542K->4113K(37632K), 0.0017790 secs] 111729K->80348K(121024K), 0.0018110 secs] [Times: user=0.02 sys=0.00, real=0.00 secs] 
234.244: Total time for which application threads were stopped: 0.0019550 seconds, Stopping threads took: 0.0000870 seconds
234.304: Application time: 0.0596130 seconds
234.304: [GC234.304: [ParNew: 36880K->4114K(37632K), 0.0019560 secs] 113116K->83421K(121024K), 0.0019890 secs] [Times: user=0.02 sys=0.00, real=0.00 secs] 
234.306: Total time for which application threads were stopped: 0.0021410 seconds, Stopping threads took: 0.0000860 seconds
234.369: Application time: 0.0626230 seconds
234.369: [GC234.369: [ParNew: 36961K->4148K(37632K), 0.0012260 secs] 116269K->83456K(121024K), 0.0012600 secs] [Times: user=0.01 sys=0.00, real=0.00 secs] 
234.370: Total time for which application threads were stopped: 0.0014130 seconds, Stopping threads took: 0.0000900 seconds
234.432: Application time: 0.0620260 seconds
234.432: [GC234.432: [ParNew: 36849K->4124K(37632K), 0.0011230 secs] 116157K->83431K(121024K), 0.0011540 secs] [Times: user=0.01 sys=0.00, real=0.00 secs] 
234.433: Total time for which application threads were stopped: 0.0012830 seconds, Stopping threads took: 0.0000740 seconds
234.493: Application time: 0.0598560 seconds
234.493: [GC234.493: [ParNew: 36850K->4159K(37632K), 0.0014310 secs] 116158K->84491K(121024K), 0.0014640 secs] [Times: user=0.01 sys=0.00, real=0.00 secs] 
234.495: Total time for which application threads were stopped: 0.0015980 seconds, Stopping threads took: 0.0000780 seconds
234.556: Application time: 0.0614620 seconds
234.556: [GC234.556: [ParNew: 37078K->4158K(37632K), 0.0011420 secs] 117410K->84582K(121024K), 0.0015770 secs] [Times: user=0.01 sys=0.00, real=0.00 secs] 
234.558: Total time for which application threads were stopped: 0.0016970 seconds, Stopping threads took: 0.0000640 seconds
234.615: Application time: 0.0573920 seconds
234.615: [GC234.615: [ParNew: 37099K->4152K(37632K), 0.0020710 secs]234.618: [Tenured: 83591K->14265K(84420K), 0.0084810 secs] 117522K->14265K(122052K), [Perm : 5528K->5528K(21248K)], 0.0106360 secs] [Times: user=0.03 sys=0.00, real=0.01 secs] 
234.626: Total time for which application threads were stopped: 0.0107730 seconds, Stopping threads took: 0.0000700 seconds
234.690: Application time: 0.0640540 seconds
234.690: [GC234.690: [ParNew: 33181K->4158K(37632K), 0.0018560 secs] 47447K->21512K(121024K), 0.0018890 secs] [Times: user=0.01 sys=0.00, real=0.01 secs] 
234.692: Total time for which application threads were stopped: 0.0020430 seconds, Stopping threads took: 0.0000940 seconds
234.752: Application time: 0.0598840 seconds
234.752: [GC234.752: [ParNew: 37090K->4159K(37632K), 0.0014260 secs] 54444K->22601K(121024K), 0.0014580 secs] [Times: user=0.01 sys=0.00, real=0.00 secs] 
234.754: Total time for which application threads were stopped: 0.0015920 seconds, Stopping threads took: 0.0000760 seconds
234.817: Application time: 0.0632180 seconds
234.817: [GC234.817: [ParNew: 36971K->4159K(37632K), 0.0010990 secs] 55413K->22665K(121024K), 0.0011320 secs] [Times: user=0.01 sys=0.00, real=0.00 secs] 
234.818: Total time for which application threads were stopped: 0.0012700 seconds, Stopping threads took: 0.0000770 seconds
234.881: Application time: 0.0627280 seconds
234.881: [GC234.881: [ParNew: 36840K->4131K(37632K), 0.0010530 secs] 55346K->22637K(121024K), 0.0010830 secs] [Times: user=0.01 sys=0.00, real=0.00 secs] 
234.882: Total time for which application threads were stopped: 0.0012280 seconds, Stopping threads took: 0.0000830 seconds
234.941: Application time: 0.0586560 seconds
234.941: [GC234.941: [ParNew: 37596K->4116K(37632K), 0.0018050 secs] 56102K->24670K(121024K), 0.0018400 secs] [Times: user=0.01 sys=0.00, real=0.00 secs] 
234.943: Total time for which application threads were stopped: 0.0019830 seconds, Stopping threads took: 0.0000860 seconds
235.002: Application time: 0.0591190 seconds
235.002: [GC235.002: [ParNew: 36890K->4114K(37632K), 0.0019770 secs] 57444K->27740K(121024K), 0.0020100 secs] [Times: user=0.02 sys=0.00, real=0.00 secs] 
235.004: Total time for which application threads were stopped: 0.0021710 seconds, Stopping threads took: 0.0001050 seconds
235.064: Application time: 0.0595600 seconds
235.064: [GC235.064: [ParNew: 36772K->4148K(37632K), 0.0013760 secs] 60398K->28798K(121024K), 0.0014090 secs] [Times: user=0.01 sys=0.00, real=0.00 secs] 
235.065: Total time for which application threads were stopped: 0.0015930 seconds, Stopping threads took: 0.0001250 seconds
235.129: Application time: 0.0638340 seconds
235.129: [GC235.129: [ParNew: 37022K->4119K(37632K), 0.0011170 secs] 61672K->28769K(121024K), 0.0011560 secs] [Times: user=0.01 sys=0.00, real=0.00 secs] 
235.130: Total time for which application threads were stopped: 0.0012980 seconds, Stopping threads took: 0.0000860 seconds
235.191: Application time: 0.0604060 seconds
235.191: [GC235.191: [ParNew: 36850K->4158K(37632K), 0.0013090 secs] 61500K->29872K(121024K), 0.0013400 secs] [Times: user=0.00 sys=0.00, real=0.00 secs] 
235.192: Total time for which application threads were stopped: 0.0014710 seconds, Stopping threads took: 0.0000750 seconds
235.253: Application time: 0.0609880 seconds
235.255: [GC235.255: [ParNew: 37131K->4156K(37632K), 0.0012750 secs] 62845K->29950K(121024K), 0.0013040 secs] [Times: user=0.01 sys=0.00, real=0.00 secs] 
235.256: Total time for which application threads were stopped: 0.0029140 seconds, Stopping threads took: 0.0015480 seconds
235.314: Application time: 0.0573840 seconds
235.314: [GC235.314: [ParNew: 37034K->4154K(37632K), 0.0019610 secs] 62828K->33092K(121024K), 0.0019960 secs] [Times: user=0.01 sys=0.00, real=0.00 secs] 
235.316: Total time for which application threads were stopped: 0.0021290 seconds, Stopping threads took: 0.0000740 seconds
235.379: Application time: 0.0634500 seconds
235.379: [GC235.379: [ParNew: 37328K->4154K(37632K), 0.0019190 secs] 66266K->36268K(121024K), 0.0019540 secs] [Times: user=0.01 sys=0.00, real=0.00 secs] 
235.381: Total time for which application threads were stopped: 0.0020820 seconds, Stopping threads took: 0.0000690 seconds
235.442: Application time: 0.0606460 seconds
235.442: [GC235.442: [ParNew: 37112K->4146K(37632K), 0.0014570 secs] 69226K->37372K(121024K), 0.0014890 secs] [Times: user=0.01 sys=0.00, real=0.00 secs] 
235.443: Total time for which application threads were stopped: 0.0016510 seconds, Stopping threads took: 0.0000980 seconds
235.506: Application time: 0.0627040 seconds
235.506: [GC235.506: [ParNew: 36885K->4151K(37632K), 0.0033610 secs] 70112K->37409K(121024K), 0.0033980 secs] [Times: user=0.02 sys=0.00, real=0.00 secs] 
235.510: Total time for which application threads were stopped: 0.0035360 seconds, Stopping threads took: 0.0000720 seconds
235.573: Application time: 0.0629090 seconds
235.573: [GC235.573: [ParNew: 36833K->3116K(37632K), 0.0008400 secs] 70092K->36374K(121024K), 0.0008690 secs] [Times: user=0.01 sys=0.00, real=0.00 secs] 
235.574: Total time for which application threads were stopped: 0.0009930 seconds, Stopping threads took: 0.0000710 seconds
235.631: Application time: 0.0573570 seconds
235.631: [GC235.631: [ParNew: 36588K->4112K(37632K), 0.0018700 secs] 69846K->40442K(121024K), 0.0019020 secs] [Times: user=0.01 sys=0.00, real=0.00 secs] 
235.633: Total time for which application threads were stopped: 0.0020280 seconds, Stopping threads took: 0.0000690 seconds
235.696: Application time: 0.0627660 seconds
235.696: [GC235.696: [ParNew: 37023K->4116K(37632K), 0.0015790 secs] 73354K->42494K(121024K), 0.0016120 secs] [Times: user=0.02 sys=0.00, real=0.00 secs] 
235.698: Total time for which application threads were stopped: 0.0017550 seconds, Stopping threads took: 0.0000860 seconds
235.757: Application time: 0.0596880 seconds
235.757: [GC235.757: [ParNew: 36713K->4119K(37632K), 0.0013780 secs] 75092K->43521K(121024K), 0.0014080 secs] [Times: user=0.00 sys=0.00, real=0.01 secs] 
235.759: Total time for which application threads were stopped: 0.0015390 seconds, Stopping threads took: 0.0000760 seconds
235.821: Application time: 0.0620220 seconds
235.821: [GC235.821: [ParNew: 36962K->4150K(37632K), 0.0012210 secs] 76364K->43553K(121024K), 0.0012520 secs] [Times: user=0.01 sys=0.00, real=0.00 secs] 
235.822: Total time for which application threads were stopped: 0.0013930 seconds, Stopping threads took: 0.0000850 seconds
235.881: Application time: 0.0592020 seconds
235.882: [GC235.882: [ParNew: 36837K->4149K(37632K), 0.0011430 secs] 76239K->43551K(121024K), 0.0011740 secs] [Times: user=0.01 sys=0.00, real=0.00 secs] 
235.883: Total time for which application threads were stopped: 0.0013070 seconds, Stopping threads took: 0.0000720 seconds
235.945: Application time: 0.0621620 seconds
235.945: [GC235.945: [ParNew: 37031K->4158K(37632K), 0.0013580 secs] 76433K->44641K(121024K), 0.0013880 secs] [Times: user=0.01 sys=0.00, real=0.00 secs] 
235.946: Total time for which application threads were stopped: 0.0015300 seconds, Stopping threads took: 0.0000810 seconds
236.006: Application time: 0.0599840 seconds
236.007: [GC236.007: [ParNew: 37325K->4158K(37632K), 0.0016860 secs] 77808K->46804K(121024K), 0.0017180 secs] [Times: user=0.02 sys=0.00, real=0.00 secs] 
236.008: Total time for which application threads were stopped: 0.0018570 seconds, Stopping threads took: 0.0000840 seconds
236.068: Application time: 0.0593010 seconds
236.068: [GC236.068: [ParNew: 37136K->4142K(37632K), 0.0019630 secs] 79783K->49957K(121024K), 0.0020000 secs] [Times: user=0.02 sys=0.00, real=0.00 secs] 
236.070: Total time for which application threads were stopped: 0.0021380 seconds, Stopping threads took: 0.0000760 seconds
236.132: Application time: 0.0625190 seconds
236.132: [GC236.132: [ParNew: 37106K->4156K(37632K), 0.0017440 secs] 82921K->52067K(121024K), 0.0017750 secs] [Times: user=0.01 sys=0.00, real=0.00 secs] 
236.134: Total time for which application threads were stopped: 0.0019550 seconds, Stopping threads took: 0.0001220 seconds
236.200: Application time: 0.0655740 seconds
236.200: [GC236.200: [ParNew: 37119K->4129K(37632K), 0.0011390 secs] 85030K->52096K(121024K), 0.0011710 secs] [Times: user=0.01 sys=0.00, real=0.00 secs] 
236.201: Total time for which application threads were stopped: 0.0012960 seconds, Stopping threads took: 0.0000680 seconds
236.260: Application time: 0.0593220 seconds
236.260: [GC236.260: [ParNew: 37564K->3116K(37632K), 0.0009530 secs] 85531K->51083K(121024K), 0.0009830 secs] [Times: user=0.00 sys=0.00, real=0.00 secs] 
236.261: Total time for which application threads were stopped: 0.0011010 seconds, Stopping threads took: 0.0000650 seconds
236.324: Application time: 0.0628560 seconds
236.324: [GC236.324: [ParNew: 35823K->4140K(37632K), 0.0010200 secs] 83790K->52107K(121024K), 0.0010490 secs] [Times: user=0.00 sys=0.00, real=0.00 secs] 
236.326: Total time for which application threads were stopped: 0.0011880 seconds, Stopping threads took: 0.0000840 seconds
236.383: Application time: 0.0578390 seconds
236.383: [GC236.383: [ParNew: 36742K->4133K(37632K), 0.0014010 secs] 84709K->53124K(121024K), 0.0014340 secs] [Times: user=0.01 sys=0.00, real=0.00 secs] 
236.385: Total time for which application threads were stopped: 0.0015510 seconds, Stopping threads took: 0.0000610 seconds
236.445: Application time: 0.0600450 seconds
236.445: [GC236.445: [ParNew: 36874K->4134K(37632K), 0.0013540 secs] 85865K->54149K(121024K), 0.0013860 secs] [Times: user=0.01 sys=0.00, real=0.00 secs] 
236.447: Total time for which application threads were stopped: 0.0015350 seconds, Stopping threads took: 0.0000930 seconds
236.509: Application time: 0.0621010 seconds
236.509: [GC236.509: [ParNew: 36838K->4113K(37632K), 0.0015470 secs] 86853K->55152K(121024K), 0.0015920 secs] [Times: user=0.01 sys=0.00, real=0.01 secs] 
236.511: Total time for which application threads were stopped: 0.0023800 seconds, Stopping threads took: 0.0007130 seconds
236.570: Application time: 0.0588320 seconds
236.570: [GC236.570: [ParNew: 36859K->4150K(37632K), 0.0014480 secs] 87898K->56229K(121024K), 0.0014810 secs] [Times: user=0.01 sys=0.00, real=0.01 secs] 
236.571: Total time for which application threads were stopped: 0.0016060 seconds, Stopping threads took: 0.0000660 seconds
236.636: Application time: 0.0643160 seconds
236.636: [GC236.636: [ParNew: 37177K->4143K(37632K), 0.0011210 secs] 89256K->56254K(121024K), 0.0011520 secs] [Times: user=0.01 sys=0.00, real=0.00 secs] 
236.637: Total time for which application threads were stopped: 0.0012650 seconds, Stopping threads took: 0.0000580 seconds
236.693: Application time: 0.0554980 seconds
236.693: [GC236.693: [ParNew: 37027K->4156K(37632K), 0.0021070 secs] 89138K->59443K(121024K), 0.0021500 secs] [Times: user=0.01 sys=0.00, real=0.00 secs] 
236.695: Total time for which application threads were stopped: 0.0022980 seconds, Stopping threads took: 0.0000900 seconds
236.758: Application time: 0.0636530 seconds
236.759: [GC236.759: [ParNew: 37315K->4156K(37632K), 0.0020120 secs] 92602K->62611K(121024K), 0.0020520 secs] [Times: user=0.01 sys=0.01, real=0.01 secs] 
236.761: Total time for which application threads were stopped: 0.0021740 seconds, Stopping threads took: 0.0000660 seconds
236.824: Application time: 0.0634320 seconds
236.824: [GC236.824: [ParNew: 37223K->4158K(37632K), 0.0013610 secs] 95678K->63726K(121024K), 0.0013920 secs] [Times: user=0.01 sys=0.00, real=0.00 secs] 
236.826: Total time for which application threads were stopped: 0.0015440 seconds, Stopping threads took: 0.0000950 seconds
236.886: Application time: 0.0606120 seconds
236.886: [GC236.886: [ParNew: 36711K->3145K(37632K), 0.0008880 secs] 96278K->62769K(121024K), 0.0009210 secs] [Times: user=0.01 sys=0.00, real=0.00 secs] 
236.887: Total time for which application threads were stopped: 0.0010360 seconds, Stopping threads took: 0.0000600 seconds
236.946: Application time: 0.0591790 seconds
236.947: [GC236.947: [ParNew: 35628K->4112K(37632K), 0.0019370 secs] 95252K->66807K(121024K), 0.0019730 secs] [Times: user=0.02 sys=0.00, real=0.00 secs] 
236.949: Total time for which application threads were stopped: 0.0020990 seconds, Stopping threads took: 0.0000680 seconds
237.008: Application time: 0.0589570 seconds
237.008: [GC237.008: [ParNew: 36861K->4128K(37632K), 0.0017050 secs] 99556K->68872K(121024K), 0.0017360 secs] [Times: user=0.01 sys=0.00, real=0.00 secs] 
237.009: Total time for which application threads were stopped: 0.0018750 seconds, Stopping threads took: 0.0000810 seconds
237.069: Application time: 0.0599980 seconds
237.070: [GC237.070: [ParNew: 36822K->4130K(37632K), 0.0019310 secs] 101565K->70921K(121024K), 0.0019660 secs] [Times: user=0.02 sys=0.00, real=0.01 secs] 
237.072: Total time for which application threads were stopped: 0.0021910 seconds, Stopping threads took: 0.0001590 seconds
237.137: Application time: 0.0653640 seconds
237.137: [GC237.137: [ParNew: 37061K->4130K(37632K), 0.0015950 secs] 103852K->72969K(121024K), 0.0016270 secs] [Times: user=0.01 sys=0.00, real=0.01 secs] 
237.139: Total time for which application threads were stopped: 0.0017570 seconds, Stopping threads took: 0.0000730 seconds
237.199: Application time: 0.0602480 seconds
237.199: [GC237.199: [ParNew: 36843K->4133K(37632K), 0.0013960 secs] 105683K->73997K(121024K), 0.0014290 secs] [Times: user=0.01 sys=0.00, real=0.00 secs] 
237.201: Total time for which application threads were stopped: 0.0015680 seconds, Stopping threads took: 0.0000830 seconds
237.260: Application time: 0.0597960 seconds
237.260: [GC237.260: [ParNew: 36792K->4159K(37632K), 0.0011350 secs] 106656K->74054K(121024K), 0.0011640 secs] [Times: user=0.01 sys=0.00, real=0.00 secs] 
237.262: Total time for which application threads were stopped: 0.0012860 seconds, Stopping threads took: 0.0000690 seconds
237.321: Application time: 0.0597730 seconds
237.322: [GC237.322: [ParNew: 36897K->4146K(37632K), 0.0014020 secs] 106792K->75098K(121024K), 0.0014340 secs] [Times: user=0.01 sys=0.00, real=0.00 secs] 
237.323: Total time for which application threads were stopped: 0.0015640 seconds, Stopping threads took: 0.0000750 seconds
237.385: Application time: 0.0615530 seconds
237.385: [GC237.385: [ParNew: 37321K->4156K(37632K), 0.0019920 secs] 108273K->78275K(121024K), 0.0020290 secs] [Times: user=0.02 sys=0.00, real=0.00 secs] 
237.387: Total time for which application threads were stopped: 0.0021860 seconds, Stopping threads took: 0.0001000 seconds
237.447: Application time: 0.0606500 seconds
237.448: [GC237.448: [ParNew: 37107K->4159K(37632K), 0.0014510 secs] 111226K->79427K(121024K), 0.0014820 secs] [Times: user=0.01 sys=0.00, real=0.00 secs] 
237.449: Total time for which application threads were stopped: 0.0016510 seconds, Stopping threads took: 0.0001120 seconds
237.509: Application time: 0.0603860 seconds
237.510: [GC237.510: [ParNew: 36863K->4150K(37632K), 0.0012560 secs] 112131K->79458K(121024K), 0.0012940 secs] [Times: user=0.01 sys=0.00, real=0.01 secs] 
237.511: Total time for which application threads were stopped: 0.0014290 seconds, Stopping threads took: 0.0000810 seconds
237.573: Application time: 0.0619340 seconds
237.573: [GC237.573: [ParNew: 36922K->4130K(37632K), 0.0017150 secs] 112230K->81542K(121024K), 0.0017490 secs] [Times: user=0.01 sys=0.00, real=0.00 secs] 
237.575: Total time for which application threads were stopped: 0.0018960 seconds, Stopping threads took: 0.0000820 seconds
237.636: Application time: 0.0610820 seconds
237.639: [GC237.639: [ParNew: 36973K->4112K(37632K), 0.0016420 secs] 114385K->83572K(121024K), 0.0016780 secs] [Times: user=0.01 sys=0.00, real=0.00 secs] 
237.640: Total time for which application threads were stopped: 0.0047290 seconds, Stopping threads took: 0.0029920 seconds
237.704: Application time: 0.0630920 seconds
237.704: [GC237.704: [ParNew: 36982K->4114K(37632K), 0.0013390 secs] 116442K->84597K(121024K), 0.0013710 secs] [Times: user=0.01 sys=0.00, real=0.00 secs] 
237.705: Total time for which application threads were stopped: 0.0014960 seconds, Stopping threads took: 0.0000690 seconds
237.763: Application time: 0.0574410 seconds
237.763: [GC237.763: [ParNew: 36605K->4117K(37632K), 0.0014150 secs] 117089K->85625K(121024K), 0.0014480 secs] [Times: user=0.01 sys=0.00, real=0.00 secs] 
237.764: Total time for which application threads were stopped: 0.0015910 seconds, Stopping threads took: 0.0000860 seconds
237.828: Application time: 0.0638740 seconds
237.828: [GC237.828: [ParNew: 36989K->4117K(37632K), 0.0011980 secs] 118497K->85625K(121024K), 0.0012300 secs] [Times: user=0.01 sys=0.00, real=0.00 secs] 
237.829: Total time for which application threads were stopped: 0.0013570 seconds, Stopping threads took: 0.0000720 seconds
237.889: Application time: 0.0594410 seconds
237.889: [GC237.889: [ParNew: 36782K->4149K(37632K), 0.0013730 secs] 118290K->86681K(121024K), 0.0014050 secs] [Times: user=0.01 sys=0.00, real=0.00 secs] 
237.890: Total time for which application threads were stopped: 0.0015370 seconds, Stopping threads took: 0.0000720 seconds
237.952: Application time: 0.0614520 seconds
237.952: [GC237.952: [ParNew: 36912K->4158K(37632K), 0.0010830 secs] 119444K->86722K(121024K), 0.0011130 secs] [Times: user=0.01 sys=0.00, real=0.00 secs] 
237.953: Total time for which application threads were stopped: 0.0012230 seconds, Stopping threads took: 0.0000550 seconds
238.011: Application time: 0.0575280 seconds
238.011: [GC238.011: [ParNew: 36847K->4143K(37632K), 0.0019240 secs]238.013: [Tenured: 84683K->13331K(85448K), 0.0084050 secs] 119411K->13331K(123080K), [Perm : 5528K->5528K(21248K)], 0.0104560 secs] [Times: user=0.02 sys=0.00, real=0.01 secs] 
238.021: Total time for which application threads were stopped: 0.0106010 seconds, Stopping threads took: 0.0000820 seconds
238.081: Application time: 0.0597750 seconds
238.081: [GC238.081: [ParNew: 33187K->4156K(37632K), 0.0021820 secs] 46519K->20600K(121024K), 0.0022200 secs] [Times: user=0.01 sys=0.00, real=0.00 secs] 
238.083: Total time for which application threads were stopped: 0.0023710 seconds, Stopping threads took: 0.0000760 seconds
238.147: Application time: 0.0636960 seconds
238.147: [GC238.147: [ParNew: 37309K->4159K(37632K), 0.0015050 secs] 53753K->21747K(121024K), 0.0015390 secs] [Times: user=0.01 sys=0.00, real=0.00 secs] 
238.149: Total time for which application threads were stopped: 0.0016890 seconds, Stopping threads took: 0.0000920 seconds
238.210: Application time: 0.0613910 seconds
238.210: [GC238.210: [ParNew: 36916K->4158K(37632K), 0.0011530 secs] 54504K->21858K(121024K), 0.0011830 secs] [Times: user=0.01 sys=0.00, real=0.01 secs] 
238.211: Total time for which application threads were stopped: 0.0013130 seconds, Stopping threads took: 0.0000730 seconds
238.271: Application time: 0.0592300 seconds
238.271: [GC238.271: [ParNew: 37630K->4116K(37632K), 0.0017440 secs] 55330K->23880K(121024K), 0.0017860 secs] [Times: user=0.01 sys=0.00, real=0.00 secs] 
238.273: Total time for which application threads were stopped: 0.0019110 seconds, Stopping threads took: 0.0000670 seconds
238.338: Application time: 0.0652970 seconds
238.338: [GC238.338: [ParNew: 37101K->4114K(37632K), 0.0015940 secs] 56865K->25926K(121024K), 0.0016260 secs] [Times: user=0.01 sys=0.00, real=0.01 secs] 
238.340: Total time for which application threads were stopped: 0.0017480 seconds, Stopping threads took: 0.0000660 seconds
238.399: Application time: 0.0598800 seconds
238.400: [GC238.400: [ParNew: 36907K->4134K(37632K), 0.0015810 secs] 58719K->27994K(121024K), 0.0016120 secs] [Times: user=0.01 sys=0.00, real=0.00 secs] 
238.401: Total time for which application threads were stopped: 0.0017420 seconds, Stopping threads took: 0.0000760 seconds
238.458: Application time: 0.0571470 seconds
238.458: [GC238.458: [ParNew: 36653K->4114K(37632K), 0.0014110 secs] 60513K->28998K(121024K), 0.0014450 secs] [Times: user=0.01 sys=0.00, real=0.01 secs] 
238.460: Total time for which application threads were stopped: 0.0015970 seconds, Stopping threads took: 0.0000950 seconds
238.524: Application time: 0.0639960 seconds
238.524: [GC238.524: [ParNew: 37036K->4119K(37632K), 0.0016790 secs] 61920K->31052K(121024K), 0.0017110 secs] [Times: user=0.01 sys=0.00, real=0.00 secs] 
238.526: Total time for which application threads were stopped: 0.0018740 seconds, Stopping threads took: 0.0001060 seconds
238.586: Application time: 0.0604040 seconds
238.586: [GC238.586: [ParNew: 36858K->4133K(37632K), 0.0013820 secs] 63790K->32089K(121024K), 0.0014150 secs] [Times: user=0.01 sys=0.00, real=0.00 secs] 
238.588: Total time for which application threads were stopped: 0.0015580 seconds, Stopping threads took: 0.0000730 seconds
238.648: Application time: 0.0604710 seconds
238.648: [GC238.648: [ParNew: 36685K->4152K(37632K), 0.0010510 secs] 64641K->32108K(121024K), 0.0010820 secs] [Times: user=0.01 sys=0.00, real=0.00 secs] 
238.649: Total time for which application threads were stopped: 0.0012010 seconds, Stopping threads took: 0.0000650 seconds
238.711: Application time: 0.0611750 seconds
238.711: [GC238.711: [ParNew: 37005K->4149K(37632K), 0.0013520 secs] 64961K->33185K(121024K), 0.0013840 secs] [Times: user=0.01 sys=0.00, real=0.00 secs] 
238.712: Total time for which application threads were stopped: 0.0015170 seconds, Stopping threads took: 0.0000800 seconds
238.771: Application time: 0.0590670 seconds
238.771: [GC238.771: [ParNew: 37356K->4156K(37632K), 0.0020090 secs] 66393K->36368K(121024K), 0.0020420 secs] [Times: user=0.02 sys=0.00, real=0.00 secs] 
238.773: Total time for which application threads were stopped: 0.0021660 seconds, Stopping threads took: 0.0000660 seconds
238.835: Application time: 0.0614030 seconds
238.835: [GC238.835: [ParNew: 37218K->4154K(37632K), 0.0016710 secs] 69431K->38534K(121024K), 0.0017030 secs] [Times: user=0.01 sys=0.00, real=0.00 secs] 
238.837: Total time for which application threads were stopped: 0.0018290 seconds, Stopping threads took: 0.0000660 seconds
238.900: Application time: 0.0634910 seconds
238.900: [GC238.900: [ParNew: 37045K->4147K(37632K), 0.0010700 secs] 71426K->38615K(121024K), 0.0011020 secs] [Times: user=0.01 sys=0.00, real=0.00 secs] 
238.901: Total time for which application threads were stopped: 0.0012260 seconds, Stopping threads took: 0.0000700 seconds
238.961: Application time: 0.0598900 seconds
238.961: [GC238.961: [ParNew: 36646K->4121K(37632K), 0.0013800 secs] 71115K->39638K(121024K), 0.0014140 secs] [Times: user=0.01 sys=0.00, real=0.00 secs] 
238.963: Total time for which application threads were stopped: 0.0015560 seconds, Stopping threads took: 0.0000840 seconds
239.024: Application time: 0.0607590 seconds
239.024: [GC239.024: [ParNew: 36926K->4130K(37632K), 0.0016360 secs] 72442K->41694K(121024K), 0.0016700 secs] [Times: user=0.01 sys=0.00, real=0.00 secs] 
239.025: Total time for which application threads were stopped: 0.0018330 seconds, Stopping threads took: 0.0000980 seconds
239.083: Application time: 0.0572140 seconds
239.083: [GC239.083: [ParNew: 36627K->4117K(37632K), 0.0014460 secs] 74192K->42705K(121024K), 0.0014780 secs] [Times: user=0.01 sys=0.00, real=0.00 secs] 
239.084: Total time for which application threads were stopped: 0.0016040 seconds, Stopping threads took: 0.0000720 seconds
239.148: Application time: 0.0636530 seconds
239.148: [GC239.148: [ParNew: 37139K->4139K(37632K), 0.0013390 secs] 75727K->43752K(121024K), 0.0013710 secs] [Times: user=0.01 sys=0.00, real=0.00 secs] 
239.149: Total time for which application threads were stopped: 0.0015170 seconds, Stopping threads took: 0.0000840 seconds
239.211: Application time: 0.0620610 seconds
239.212: [GC239.212: [ParNew: 36911K->4116K(37632K), 0.0016110 secs] 76523K->45776K(121024K), 0.0016430 secs] [Times: user=0.01 sys=0.00, real=0.00 secs] 
239.213: Total time for which application threads were stopped: 0.0017780 seconds, Stopping threads took: 0.0000760 seconds
239.274: Application time: 0.0604370 seconds
239.274: [GC239.274: [ParNew: 36752K->4150K(37632K), 0.0013630 secs] 78412K->46834K(121024K), 0.0013930 secs] [Times: user=0.01 sys=0.00, real=0.00 secs] 
239.275: Total time for which application threads were stopped: 0.0015590 seconds, Stopping threads took: 0.0001100 seconds
239.332: Application time: 0.0571640 seconds
239.332: [GC239.332: [ParNew: 36661K->4143K(37632K), 0.0017120 secs] 79346K->48876K(121024K), 0.0017470 secs] [Times: user=0.01 sys=0.00, real=0.00 secs] 
239.334: Total time for which application threads were stopped: 0.0018660 seconds, Stopping threads took: 0.0000620 seconds
239.396: Application time: 0.0616490 seconds
239.399: [GC239.399: [ParNew: 37105K->4145K(37632K), 0.0018290 secs] 81838K->50990K(121024K), 0.0018620 secs] [Times: user=0.02 sys=0.00, real=0.00 secs] 
239.401: Total time for which application threads were stopped: 0.0046520 seconds, Stopping threads took: 0.0027350 seconds
239.460: Application time: 0.0592610 seconds
239.460: [GC239.460: [ParNew: 37290K->4158K(37632K), 0.0017650 secs] 84135K->53179K(121024K), 0.0017970 secs] [Times: user=0.01 sys=0.00, real=0.00 secs] 
239.462: Total time for which application threads were stopped: 0.0019580 seconds, Stopping threads took: 0.0001040 seconds
239.528: Application time: 0.0658700 seconds
239.528: [GC239.528: [ParNew: 37353K->4158K(37632K), 0.0011540 secs] 86374K->53311K(121024K), 0.0011870 secs] [Times: user=0.01 sys=0.00, real=0.00 secs] 
239.529: Total time for which application threads were stopped: 0.0013250 seconds, Stopping threads took: 0.0000830 seconds
239.587: Application time: 0.0578770 seconds
239.587: [GC239.587: [ParNew: 37630K->4149K(37632K), 0.0014130 secs] 86783K->54358K(121024K), 0.0015570 secs] [Times: user=0.01 sys=0.00, real=0.00 secs] 
239.589: Total time for which application threads were stopped: 0.0017130 seconds, Stopping threads took: 0.0000990 seconds
239.652: Application time: 0.0631600 seconds
239.652: [GC239.652: [ParNew: 37002K->4116K(37632K), 0.0014850 secs] 87211K->55413K(121024K), 0.0015130 secs] [Times: user=0.02 sys=0.00, real=0.00 secs] 
239.653: Total time for which application threads were stopped: 0.0016410 seconds, Stopping threads took: 0.0000610 seconds
239.711: Application time: 0.0580030 seconds
239.712: [GC239.712: [ParNew: 36948K->4112K(37632K), 0.0019730 secs] 88245K->58481K(121024K), 0.0020060 secs] [Times: user=0.01 sys=0.00, real=0.00 secs] 
239.714: Total time for which application threads were stopped: 0.0021690 seconds, Stopping threads took: 0.0001050 seconds
239.778: Application time: 0.0648940 seconds
239.783: [GC239.783: [ParNew: 37060K->4150K(37632K), 0.0016000 secs] 91429K->59543K(121024K), 0.0016350 secs] [Times: user=0.02 sys=0.00, real=0.00 secs] 
239.784: Total time for which application threads were stopped: 0.0060440 seconds, Stopping threads took: 0.0043520 seconds
239.844: Application time: 0.0594870 seconds
239.844: [GC239.844: [ParNew: 36732K->4116K(37632K), 0.0014380 secs] 92125K->60533K(121024K), 0.0014810 secs] [Times: user=0.01 sys=0.00, real=0.00 secs] 
239.846: Total time for which application threads were stopped: 0.0016530 seconds, Stopping threads took: 0.0001120 seconds
239.910: Application time: 0.0641770 seconds
239.910: [GC239.910: [ParNew: 36969K->2092K(37632K), 0.0006540 secs] 93386K->58509K(121024K), 0.0006840 secs] [Times: user=0.00 sys=0.01, real=0.01 secs] 
239.911: Total time for which application threads were stopped: 0.0008350 seconds, Stopping threads took: 0.0000980 seconds
239.970: Application time: 0.0596310 seconds
239.970: [GC239.970: [ParNew: 35530K->4118K(37632K), 0.0013320 secs] 91947K->61559K(121024K), 0.0013620 secs] [Times: user=0.01 sys=0.00, real=0.01 secs] 
239.972: Total time for which application threads were stopped: 0.0015010 seconds, Stopping threads took: 0.0000830 seconds
240.033: Application time: 0.0609310 seconds
240.033: [GC240.033: [ParNew: 37035K->4157K(37632K), 0.0013790 secs] 94476K->62623K(121024K), 0.0014090 secs] [Times: user=0.01 sys=0.00, real=0.00 secs] 
240.034: Total time for which application threads were stopped: 0.0015290 seconds, Stopping threads took: 0.0000650 seconds
240.092: Application time: 0.0573680 seconds
240.092: [GC240.092: [ParNew: 36930K->4142K(37632K), 0.0017820 secs] 95395K->64711K(121024K), 0.0018130 secs] [Times: user=0.01 sys=0.00, real=0.00 secs] 
240.094: Total time for which application threads were stopped: 0.0019580 seconds, Stopping threads took: 0.0000880 seconds
240.157: Application time: 0.0638300 seconds
240.158: [GC240.158: [ParNew: 37379K->4159K(37632K), 0.0020480 secs] 97948K->65845K(121024K), 0.0020790 secs] [Times: user=0.01 sys=0.00, real=0.01 secs] 
240.160: Total time for which application threads were stopped: 0.0022240 seconds, Stopping threads took: 0.0000780 seconds
240.220: Application time: 0.0607780 seconds
240.221: [GC240.221: [ParNew: 37122K->4158K(37632K), 0.0014150 secs] 98807K->67000K(121024K), 0.0014500 secs] [Times: user=0.01 sys=0.00, real=0.00 secs] 
240.222: Total time for which application threads were stopped: 0.0016100 seconds, Stopping threads took: 0.0001020 seconds
240.284: Application time: 0.0617010 seconds
240.284: [GC240.284: [ParNew: 36944K->4159K(37632K), 0.0010800 secs] 99786K->67072K(121024K), 0.0011090 secs] [Times: user=0.01 sys=0.00, real=0.00 secs] 
240.285: Total time for which application threads were stopped: 0.0012250 seconds, Stopping threads took: 0.0000620 seconds
240.344: Application time: 0.0592770 seconds
240.344: [GC240.344: [ParNew: 36751K->4113K(37632K), 0.0016550 secs] 99664K->69138K(121024K), 0.0016890 secs] [Times: user=0.01 sys=0.00, real=0.00 secs] 
240.346: Total time for which application threads were stopped: 0.0018140 seconds, Stopping threads took: 0.0000680 seconds
240.408: Application time: 0.0616690 seconds
240.408: [GC240.408: [ParNew: 37026K->4118K(37632K), 0.0018810 secs] 102051K->72215K(121024K), 0.0019150 secs] [Times: user=0.02 sys=0.00, real=0.00 secs] 
240.410: Total time for which application threads were stopped: 0.0020390 seconds, Stopping threads took: 0.0000690 seconds
240.470: Application time: 0.0602230 seconds
240.470: [GC240.470: [ParNew: 37012K->4132K(37632K), 0.0018000 secs] 105109K->74277K(121024K), 0.0018360 secs] [Times: user=0.01 sys=0.00, real=0.01 secs] 
240.472: Total time for which application threads were stopped: 0.0019730 seconds, Stopping threads took: 0.0000790 seconds
240.538: Application time: 0.0655760 seconds
240.538: [GC240.538: [ParNew: 37024K->4148K(37632K), 0.0011880 secs] 107169K->74294K(121024K), 0.0012210 secs] [Times: user=0.01 sys=0.00, real=0.01 secs] 
240.539: Total time for which application threads were stopped: 0.0013530 seconds, Stopping threads took: 0.0000780 seconds
240.598: Application time: 0.0593210 seconds
240.598: [GC240.598: [ParNew: 37620K->4151K(37632K), 0.0011610 secs] 107766K->74297K(121024K), 0.0011950 secs] [Times: user=0.01 sys=0.00, real=0.01 secs] 
240.600: Total time for which application threads were stopped: 0.0013450 seconds, Stopping threads took: 0.0000930 seconds
240.663: Application time: 0.0637390 seconds
240.663: [GC240.663: [ParNew: 36947K->3097K(37632K), 0.0008790 secs] 107093K->73242K(121024K), 0.0009170 secs] [Times: user=0.01 sys=0.00, real=0.00 secs] 
240.664: Total time for which application threads were stopped: 0.0010520 seconds, Stopping threads took: 0.0000720 seconds
240.721: Application time: 0.0563140 seconds
240.721: [GC240.721: [ParNew: 35695K->4143K(37632K), 0.0014660 secs] 105840K->75313K(121024K), 0.0014990 secs] [Times: user=0.01 sys=0.00, real=0.00 secs] 
240.722: Total time for which application threads were stopped: 0.0016560 seconds, Stopping threads took: 0.0001010 seconds
240.782: Application time: 0.0599280 seconds
240.782: [GC240.782: [ParNew: 37000K->4143K(37632K), 0.0017270 secs] 108170K->77416K(121024K), 0.0017610 secs] [Times: user=0.01 sys=0.00, real=0.00 secs] 
240.784: Total time for which application threads were stopped: 0.0018890 seconds, Stopping threads took: 0.0000720 seconds
240.845: Application time: 0.0612060 seconds
240.845: [GC240.845: [ParNew: 37268K->4159K(37632K), 0.0047740 secs] 110542K->79597K(121024K), 0.0048100 secs] [Times: user=0.02 sys=0.00, real=0.00 secs] 
240.850: Total time for which application threads were stopped: 0.0049590 seconds, Stopping threads took: 0.0000910 seconds
240.910: Application time: 0.0598110 seconds
240.915: [GC240.915: [ParNew: 37030K->4157K(37632K), 0.0014790 secs] 112467K->80739K(121024K), 0.0015110 secs] [Times: user=0.02 sys=0.00, real=0.00 secs] 
240.916: Total time for which application threads were stopped: 0.0060970 seconds, Stopping threads took: 0.0045290 seconds
240.979: Application time: 0.0630990 seconds
240.979: [GC240.979: [ParNew: 36931K->4130K(37632K), 0.0011410 secs] 113513K->80776K(121024K), 0.0011710 secs] [Times: user=0.01 sys=0.00, real=0.00 secs] 
240.981: Total time for which application threads were stopped: 0.0013280 seconds, Stopping threads took: 0.0001010 seconds
241.039: Application time: 0.0579970 seconds
241.039: [GC241.039: [ParNew: 36871K->4148K(37632K), 0.0016970 secs] 113517K->82842K(121024K), 0.0017300 secs] [Times: user=0.02 sys=0.00, real=0.00 secs] 
241.041: Total time for which application threads were stopped: 0.0018920 seconds, Stopping threads took: 0.0001050 seconds
241.101: Application time: 0.0603230 seconds
241.101: [GC241.101: [ParNew: 37004K->4114K(37632K), 0.0019930 secs] 115698K->85936K(121024K), 0.0020280 secs] [Times: user=0.01 sys=0.00, real=0.00 secs] 
241.103: Total time for which application threads were stopped: 0.0021900 seconds, Stopping threads took: 0.0001040 seconds
241.166: Application time: 0.0627230 seconds
241.166: [GC241.166: [ParNew: 37018K->4133K(37632K), 0.0014990 secs] 118840K->86979K(121024K), 0.0015320 secs] [Times: user=0.01 sys=0.00, real=0.00 secs] 
241.168: Total time for which application threads were stopped: 0.0017050 seconds, Stopping threads took: 0.0001100 seconds
241.231: Application time: 0.0630900 seconds
241.231: [GC241.231: [ParNew: 36938K->4148K(37632K), 0.0013800 secs]241.232: [Tenured: 83870K->8801K(84420K), 0.0083730 secs] 119784K->8801K(122052K), [Perm : 5528K->5528K(21248K)], 0.0098450 secs] [Times: user=0.02 sys=0.00, real=0.01 secs] 
241.241: Total time for which application threads were stopped: 0.0099990 seconds, Stopping threads took: 0.0000900 seconds
241.301: Application time: 0.0607820 seconds
241.301: [GC241.302: [ParNew: 32519K->3135K(37632K), 0.0008110 secs] 41321K->11936K(121024K), 0.0008410 secs] [Times: user=0.01 sys=0.00, real=0.00 secs] 
241.302: Total time for which application threads were stopped: 0.0009680 seconds, Stopping threads took: 0.0000720 seconds
241.361: Application time: 0.0582360 seconds
241.361: [GC241.361: [ParNew: 35653K->4114K(37632K), 0.0015790 secs] 44454K->14964K(121024K), 0.0016120 secs] [Times: user=0.01 sys=0.00, real=0.00 secs] 
241.362: Total time for which application threads were stopped: 0.0017600 seconds, Stopping threads took: 0.0000900 seconds
241.423: Application time: 0.0610330 seconds
241.423: [GC241.423: [ParNew: 37087K->4146K(37632K), 0.0014680 secs] 47937K->16019K(121024K), 0.0014980 secs] [Times: user=0.01 sys=0.00, real=0.00 secs] 
241.425: Total time for which application threads were stopped: 0.0016200 seconds, Stopping threads took: 0.0000630 seconds
241.485: Application time: 0.0595970 seconds
241.485: [GC241.485: [ParNew: 36919K->4142K(37632K), 0.0014120 secs] 48792K->17095K(121024K), 0.0014440 secs] [Times: user=0.01 sys=0.00, real=0.00 secs] 
241.486: Total time for which application threads were stopped: 0.0015980 seconds, Stopping threads took: 0.0000960 seconds
241.549: Application time: 0.0632640 seconds
241.550: [GC241.550: [ParNew: 37457K->4159K(37632K), 0.0011910 secs] 50410K->17261K(121024K), 0.0012240 secs] [Times: user=0.00 sys=0.00, real=0.01 secs] 
241.551: Total time for which application threads were stopped: 0.0013630 seconds, Stopping threads took: 0.0000830 seconds
241.610: Application time: 0.0593740 seconds
241.610: [GC241.610: [ParNew: 36823K->4145K(37632K), 0.0014280 secs] 49925K->18342K(121024K), 0.0014630 secs] [Times: user=0.01 sys=0.00, real=0.01 secs] 
241.612: Total time for which application threads were stopped: 0.0016040 seconds, Stopping threads took: 0.0000840 seconds
241.671: Application time: 0.0594480 seconds
241.671: [GC241.671: [ParNew: 36726K->4134K(37632K), 0.0014480 secs] 50924K->19420K(121024K), 0.0014830 secs] [Times: user=0.01 sys=0.00, real=0.00 secs] 
241.673: Total time for which application threads were stopped: 0.0016340 seconds, Stopping threads took: 0.0000870 seconds
241.734: Application time: 0.0608220 seconds
241.734: [GC241.734: [ParNew: 37089K->4148K(37632K), 0.0016270 secs] 52374K->21481K(121024K), 0.0016590 secs] [Times: user=0.01 sys=0.00, real=0.00 secs] 
241.736: Total time for which application threads were stopped: 0.0017930 seconds, Stopping threads took: 0.0000770 seconds
241.796: Application time: 0.0603520 seconds
241.796: [GC241.796: [ParNew: 36997K->4130K(37632K), 0.0017900 secs] 54331K->23567K(121024K), 0.0018220 secs] [Times: user=0.01 sys=0.00, real=0.00 secs] 
241.798: Total time for which application threads were stopped: 0.0019620 seconds, Stopping threads took: 0.0000810 seconds
241.861: Application time: 0.0630570 seconds
241.861: [GC241.861: [ParNew: 36962K->4153K(37632K), 0.0013470 secs] 56400K->24615K(121024K), 0.0013800 secs] [Times: user=0.01 sys=0.00, real=0.00 secs] 
241.862: Total time for which application threads were stopped: 0.0015150 seconds, Stopping threads took: 0.0000790 seconds
241.926: Application time: 0.0637750 seconds
241.931: [GC241.931: [ParNew: 36977K->3105K(37632K), 0.0008210 secs] 57438K->23567K(121024K), 0.0008510 secs] [Times: user=0.01 sys=0.00, real=0.00 secs] 
241.932: Total time for which application threads were stopped: 0.0053440 seconds, Stopping threads took: 0.0044370 seconds
241.992: Application time: 0.0605880 seconds
241.992: [GC241.992: [ParNew: 36577K->3117K(37632K), 0.0007770 secs] 57039K->23579K(121024K), 0.0008030 secs] [Times: user=0.01 sys=0.00, real=0.00 secs] 
241.993: Total time for which application threads were stopped: 0.0009200 seconds, Stopping threads took: 0.0000680 seconds
242.047: Application time: 0.0543950 seconds
242.048: [GC242.048: [ParNew: 35663K->4108K(37632K), 0.0020530 secs] 56125K->27641K(121024K), 0.0020920 secs] [Times: user=0.02 sys=0.00, real=0.00 secs] 
242.050: Total time for which application threads were stopped: 0.0022780 seconds, Stopping threads took: 0.0001270 seconds
242.115: Application time: 0.0649670 seconds
242.115: [GC242.115: [ParNew: 37210K->4148K(37632K), 0.0017830 secs] 60744K->29746K(121024K), 0.0018200 secs] [Times: user=0.01 sys=0.00, real=0.00 secs] 
242.117: Total time for which application threads were stopped: 0.0019970 seconds, Stopping threads took: 0.0001180 seconds
242.175: Application time: 0.0582330 seconds
242.175: [GC242.175: [ParNew: 36953K->4144K(37632K), 0.0017500 secs] 62550K->31838K(121024K), 0.0017870 secs] [Times: user=0.01 sys=0.00, real=0.00 secs] 
242.177: Total time for which application threads were stopped: 0.0020160 seconds, Stopping threads took: 0.0001590 seconds
242.242: Application time: 0.0651310 seconds
242.242: [GC242.242: [ParNew: 37547K->4159K(37632K), 0.0017250 secs] 65241K->34021K(121024K), 0.0017670 secs] [Times: user=0.01 sys=0.00, real=0.00 secs] 
242.244: Total time for which application threads were stopped: 0.0019070 seconds, Stopping threads took: 0.0000840 seconds
242.304: Application time: 0.0599980 seconds
242.304: [GC242.304: [ParNew: 36948K->4158K(37632K), 0.0016810 secs] 66810K->36172K(121024K), 0.0017110 secs] [Times: user=0.01 sys=0.00, real=0.00 secs] 
242.306: Total time for which application threads were stopped: 0.0018810 seconds, Stopping threads took: 0.0001130 seconds
242.370: Application time: 0.0646330 seconds
242.371: [GC242.371: [ParNew: 37188K->4145K(37632K), 0.0012290 secs] 69202K->36215K(121024K), 0.0012600 secs] [Times: user=0.01 sys=0.00, real=0.00 secs] 
242.372: Total time for which application threads were stopped: 0.0014550 seconds, Stopping threads took: 0.0001420 seconds
242.432: Application time: 0.0603130 seconds
242.432: [GC242.432: [ParNew: 37617K->4113K(37632K), 0.0016410 secs] 69687K->38287K(121024K), 0.0016730 secs] [Times: user=0.01 sys=0.00, real=0.00 secs] 
242.434: Total time for which application threads were stopped: 0.0018170 seconds, Stopping threads took: 0.0000880 seconds
242.497: Application time: 0.0624580 seconds
242.497: [GC242.497: [ParNew: 36973K->3094K(37632K), 0.0009770 secs] 71148K->37268K(121024K), 0.0010070 secs] [Times: user=0.00 sys=0.00, real=0.00 secs] 
242.498: Total time for which application threads were stopped: 0.0011240 seconds, Stopping threads took: 0.0000620 seconds
242.558: Application time: 0.0602450 seconds
242.559: [GC242.559: [ParNew: 35810K->4128K(37632K), 0.0017550 secs] 69984K->40350K(121024K), 0.0017890 secs] [Times: user=0.01 sys=0.00, real=0.00 secs] 
242.561: Total time for which application threads were stopped: 0.0025800 seconds, Stopping threads took: 0.0007320 seconds
242.621: Application time: 0.0602840 seconds
242.621: [GC242.621: [ParNew: 37600K->4152K(37632K), 0.0011970 secs] 73822K->40374K(121024K), 0.0012330 secs] [Times: user=0.01 sys=0.00, real=0.00 secs] 
242.622: Total time for which application threads were stopped: 0.0013770 seconds, Stopping threads took: 0.0000870 seconds
242.685: Application time: 0.0626790 seconds
242.685: [GC242.685: [ParNew: 36862K->3089K(37632K), 0.0008610 secs] 73084K->39312K(121024K), 0.0008910 secs] [Times: user=0.01 sys=0.00, real=0.00 secs] 
242.686: Total time for which application threads were stopped: 0.0010070 seconds, Stopping threads took: 0.0000540 seconds
242.740: Application time: 0.0546270 seconds
242.741: [GC242.741: [ParNew: 35736K->4114K(37632K), 0.0020160 secs] 71958K->43408K(121024K), 0.0020510 secs] [Times: user=0.02 sys=0.00, real=0.00 secs] 
242.743: Total time for which application threads were stopped: 0.0021880 seconds, Stopping threads took: 0.0000780 seconds
242.805: Application time: 0.0625480 seconds
242.805: [GC242.805: [ParNew: 37120K->4141K(37632K), 0.0016550 secs] 76414K->45483K(121024K), 0.0016890 secs] [Times: user=0.01 sys=0.00, real=0.00 secs] 
242.807: Total time for which application threads were stopped: 0.0018130 seconds, Stopping threads took: 0.0000660 seconds
242.868: Application time: 0.0614110 seconds
242.869: [GC242.869: [ParNew: 37132K->4159K(37632K), 0.0017410 secs] 78474K->47605K(121024K), 0.0017730 secs] [Times: user=0.01 sys=0.00, real=0.00 secs] 
242.870: Total time for which application threads were stopped: 0.0019220 seconds, Stopping threads took: 0.0000940 seconds
242.931: Application time: 0.0609870 seconds
242.931: [GC242.931: [ParNew: 37365K->4158K(37632K), 0.0017320 secs] 80812K->49785K(121024K), 0.0017630 secs] [Times: user=0.02 sys=0.00, real=0.00 secs] 
242.933: Total time for which application threads were stopped: 0.0018900 seconds, Stopping threads took: 0.0000700 seconds
242.998: Application time: 0.0648760 seconds
242.998: [GC242.998: [ParNew: 37180K->4145K(37632K), 0.0013970 secs] 82807K->50900K(121024K), 0.0014280 secs] [Times: user=0.01 sys=0.00, real=0.01 secs] 
243.000: Total time for which application threads were stopped: 0.0015670 seconds, Stopping threads took: 0.0000740 seconds
243.061: Application time: 0.0616390 seconds
243.061: [GC243.061: [ParNew: 36982K->4156K(37632K), 0.0014070 secs] 83736K->52006K(121024K), 0.0014380 secs] [Times: user=0.01 sys=0.00, real=0.00 secs] 
243.063: Total time for which application threads were stopped: 0.0015650 seconds, Stopping threads took: 0.0000730 seconds
243.121: Application time: 0.0583660 seconds
243.122: [GC243.122: [ParNew: 36651K->4131K(37632K), 0.0017490 secs] 84501K->54054K(121024K), 0.0017740 secs] [Times: user=0.02 sys=0.00, real=0.00 secs] 
243.124: Total time for which application threads were stopped: 0.0022160 seconds, Stopping threads took: 0.0003840 seconds
243.186: Application time: 0.0624570 seconds
243.186: [GC243.186: [ParNew: 37007K->4134K(37632K), 0.0014180 secs] 86930K->55080K(121024K), 0.0014490 secs] [Times: user=0.01 sys=0.00, real=0.00 secs] 
243.188: Total time for which application threads were stopped: 0.0015910 seconds, Stopping threads took: 0.0000790 seconds
243.246: Application time: 0.0582680 seconds
243.246: [GC243.246: [ParNew: 36596K->4118K(37632K), 0.0014050 secs] 87542K->56089K(121024K), 0.0014360 secs] [Times: user=0.01 sys=0.00, real=0.00 secs] 
243.247: Total time for which application threads were stopped: 0.0015840 seconds, Stopping threads took: 0.0000910 seconds
243.311: Application time: 0.0637300 seconds
243.311: [GC243.311: [ParNew: 36952K->4133K(37632K), 0.0011860 secs] 88922K->56103K(121024K), 0.0012150 secs] [Times: user=0.01 sys=0.00, real=0.00 secs] 
243.313: Total time for which application threads were stopped: 0.0013630 seconds, Stopping threads took: 0.0000950 seconds
243.371: Application time: 0.0581520 seconds
243.371: [GC243.371: [ParNew: 37605K->4132K(37632K), 0.0016770 secs] 89575K->58151K(121024K), 0.0017090 secs] [Times: user=0.01 sys=0.00, real=0.00 secs] 
243.372: Total time for which application threads were stopped: 0.0018250 seconds, Stopping threads took: 0.0000600 seconds
243.434: Application time: 0.0611850 seconds
243.434: [GC243.434: [ParNew: 36956K->4113K(37632K), 0.0016970 secs] 90975K->60180K(121024K), 0.0017290 secs] [Times: user=0.02 sys=0.00, real=0.00 secs] 
243.436: Total time for which application threads were stopped: 0.0018590 seconds, Stopping threads took: 0.0000730 seconds
243.494: Application time: 0.0584980 seconds
243.494: [GC243.494: [ParNew: 36995K->4140K(37632K), 0.0019480 secs] 93062K->63279K(121024K), 0.0019850 secs] [Times: user=0.02 sys=0.00, real=0.00 secs] 
243.496: Total time for which application threads were stopped: 0.0021170 seconds, Stopping threads took: 0.0000720 seconds
243.560: Application time: 0.0636230 seconds
243.560: [GC243.560: [ParNew: 37119K->4140K(37632K), 0.0016430 secs] 96258K->65383K(121024K), 0.0016770 secs] [Times: user=0.02 sys=0.00, real=0.00 secs] 
243.562: Total time for which application threads were stopped: 0.0018100 seconds, Stopping threads took: 0.0000720 seconds
243.623: Application time: 0.0609750 seconds
243.623: [GC243.623: [ParNew: 37365K->4154K(37632K), 0.0017450 secs] 98608K->67565K(121024K), 0.0017760 secs] [Times: user=0.01 sys=0.00, real=0.00 secs] 
243.624: Total time for which application threads were stopped: 0.0019150 seconds, Stopping threads took: 0.0000850 seconds
243.686: Application time: 0.0615870 seconds
243.686: [GC243.686: [ParNew: 37043K->4158K(37632K), 0.0014720 secs] 100454K->68685K(121024K), 0.0015060 secs] [Times: user=0.01 sys=0.00, real=0.00 secs] 
243.688: Total time for which application threads were stopped: 0.0016410 seconds, Stopping threads took: 0.0000790 seconds
243.748: Application time: 0.0601700 seconds
243.748: [GC243.748: [ParNew: 36903K->4149K(37632K), 0.0014600 secs] 101430K->69748K(121024K), 0.0014930 secs] [Times: user=0.01 sys=0.00, real=0.00 secs] 
243.750: Total time for which application threads were stopped: 0.0016360 seconds, Stopping threads took: 0.0000810 seconds
243.810: Application time: 0.0605980 seconds
243.810: [GC243.810: [ParNew: 36855K->4130K(37632K), 0.0016860 secs] 102454K->71849K(121024K), 0.0017280 secs] [Times: user=0.01 sys=0.00, real=0.01 secs] 
243.812: Total time for which application threads were stopped: 0.0018720 seconds, Stopping threads took: 0.0000850 seconds
243.875: Application time: 0.0631320 seconds
243.875: [GC243.875: [ParNew: 37029K->4135K(37632K), 0.0012140 secs] 104748K->71854K(121024K), 0.0012440 secs] [Times: user=0.01 sys=0.00, real=0.00 secs] 
243.876: Total time for which application threads were stopped: 0.0013560 seconds, Stopping threads took: 0.0000560 seconds
243.935: Application time: 0.0582190 seconds
243.935: [GC243.935: [ParNew: 36688K->4131K(37632K), 0.0013630 secs] 104408K->72874K(121024K), 0.0013970 secs] [Times: user=0.01 sys=0.00, real=0.00 secs] 
243.936: Total time for which application threads were stopped: 0.0015420 seconds, Stopping threads took: 0.0000890 seconds
243.999: Application time: 0.0631710 seconds
244.000: [GC244.000: [ParNew: 36985K->4152K(37632K), 0.0011420 secs] 105728K->72895K(121024K), 0.0011740 secs] [Times: user=0.01 sys=0.00, real=0.00 secs] 
244.001: Total time for which application threads were stopped: 0.0013120 seconds, Stopping threads took: 0.0000830 seconds
244.060: Application time: 0.0589790 seconds
244.060: [GC244.060: [ParNew: 37623K->4117K(37632K), 0.0014130 secs] 106366K->73884K(121024K), 0.0014450 secs] [Times: user=0.01 sys=0.00, real=0.00 secs] 
244.061: Total time for which application threads were stopped: 0.0015800 seconds, Stopping threads took: 0.0000780 seconds
244.122: Application time: 0.0609800 seconds
244.122: [GC244.122: [ParNew: 36851K->4114K(37632K), 0.0017460 secs] 106618K->75930K(121024K), 0.0017820 secs] [Times: user=0.02 sys=0.00, real=0.00 secs] 
244.124: Total time for which application threads were stopped: 0.0019160 seconds, Stopping threads took: 0.0000770 seconds
244.185: Application time: 0.0611640 seconds
244.185: [GC244.185: [ParNew: 37059K->4142K(37632K), 0.0017170 secs] 108874K->78005K(121024K), 0.0017520 secs] [Times: user=0.01 sys=0.00, real=0.00 secs] 
244.187: Total time for which application threads were stopped: 0.0018800 seconds, Stopping threads took: 0.0000700 seconds
244.247: Application time: 0.0592680 seconds
244.247: [GC244.247: [ParNew: 36949K->4146K(37632K), 0.0017660 secs] 110813K->80097K(121024K), 0.0017990 secs] [Times: user=0.01 sys=0.00, real=0.00 secs] 
244.248: Total time for which application threads were stopped: 0.0019370 seconds, Stopping threads took: 0.0000790 seconds
244.313: Application time: 0.0645620 seconds
244.313: [GC244.313: [ParNew: 37485K->4159K(37632K), 0.0011820 secs] 113437K->80247K(121024K), 0.0012130 secs] [Times: user=0.01 sys=0.00, real=0.00 secs] 
244.314: Total time for which application threads were stopped: 0.0013510 seconds, Stopping threads took: 0.0000750 seconds
244.374: Application time: 0.0596460 seconds
244.374: [GC244.374: [ParNew: 36841K->4159K(37632K), 0.0014330 secs] 112928K->81355K(121024K), 0.0014650 secs] [Times: user=0.01 sys=0.00, real=0.00 secs] 
244.376: Total time for which application threads were stopped: 0.0016100 seconds, Stopping threads took: 0.0000890 seconds
244.437: Application time: 0.0610670 seconds
244.437: [GC244.437: [ParNew: 36928K->4116K(37632K), 0.0016190 secs] 114124K->83408K(121024K), 0.0016510 secs] [Times: user=0.01 sys=0.00, real=0.00 secs] 
244.439: Total time for which application threads were stopped: 0.0017970 seconds, Stopping threads took: 0.0000900 seconds
244.498: Application time: 0.0595130 seconds
244.498: [GC244.498: [ParNew: 37075K->4158K(37632K), 0.0017040 secs] 116367K->85497K(121024K), 0.0017370 secs] [Times: user=0.01 sys=0.00, real=0.01 secs] 
244.500: Total time for which application threads were stopped: 0.0018820 seconds, Stopping threads took: 0.0000890 seconds
244.563: Application time: 0.0634390 seconds
244.563: [GC244.563: [ParNew: 37041K->4130K(37632K), 0.0017320 secs]244.565: [Tenured: 83451K->10007K(83584K), 0.0086700 secs] 118381K->10007K(121216K), [Perm : 5528K->5528K(21248K)], 0.0104790 secs] [Times: user=0.02 sys=0.00, real=0.01 secs] 
244.574: Total time for which application threads were stopped: 0.0106230 seconds, Stopping threads took: 0.0000730 seconds
244.635: Application time: 0.0610180 seconds
244.635: [GC244.635: [ParNew: 32676K->4128K(37632K), 0.0011140 secs] 42684K->14136K(121024K), 0.0016500 secs] [Times: user=0.01 sys=0.00, real=0.00 secs] 
244.637: Total time for which application threads were stopped: 0.0018130 seconds, Stopping threads took: 0.0001040 seconds
244.700: Application time: 0.0629170 seconds
244.700: [GC244.700: [ParNew: 36863K->3111K(37632K), 0.0008150 secs] 46870K->13118K(121024K), 0.0008460 secs] [Times: user=0.01 sys=0.00, real=0.00 secs] 
244.701: Total time for which application threads were stopped: 0.0009860 seconds, Stopping threads took: 0.0000880 seconds
244.760: Application time: 0.0597380 seconds
244.761: [GC244.761: [ParNew: 35644K->4115K(37632K), 0.0015010 secs] 45652K->15146K(121024K), 0.0015300 secs] [Times: user=0.01 sys=0.00, real=0.00 secs] 
244.762: Total time for which application threads were stopped: 0.0017270 seconds, Stopping threads took: 0.0001420 seconds
244.817: Application time: 0.0553230 seconds
244.819: [GC244.819: [ParNew: 36610K->4115K(37632K), 0.0017180 secs] 47641K->17194K(121024K), 0.0017500 secs] [Times: user=0.01 sys=0.00, real=0.00 secs] 
244.821: Total time for which application threads were stopped: 0.0029950 seconds, Stopping threads took: 0.0011770 seconds
244.885: Application time: 0.0645640 seconds
244.885: [GC244.885: [ParNew: 37126K->4149K(37632K), 0.0013240 secs] 50206K->18253K(121024K), 0.0013570 secs] [Times: user=0.01 sys=0.00, real=0.00 secs] 
244.887: Total time for which application threads were stopped: 0.0015040 seconds, Stopping threads took: 0.0000890 seconds
244.949: Application time: 0.0620870 seconds
244.949: [GC244.949: [ParNew: 37095K->4158K(37632K), 0.0013580 secs] 51199K->19365K(121024K), 0.0013890 secs] [Times: user=0.01 sys=0.00, real=0.00 secs] 
244.950: Total time for which application threads were stopped: 0.0015330 seconds, Stopping threads took: 0.0000880 seconds
245.010: Application time: 0.0602340 seconds
245.011: [GC245.011: [ParNew: 37107K->4158K(37632K), 0.0011220 secs] 52314K->19517K(121024K), 0.0011520 secs] [Times: user=0.01 sys=0.00, real=0.01 secs] 
245.012: Total time for which application threads were stopped: 0.0012850 seconds, Stopping threads took: 0.0000830 seconds
245.071: Application time: 0.0592880 seconds
245.071: [GC245.071: [ParNew: 36889K->4145K(37632K), 0.0013740 secs] 52248K->20593K(121024K), 0.0014060 secs] [Times: user=0.01 sys=0.00, real=0.00 secs] 
245.073: Total time for which application threads were stopped: 0.0015540 seconds, Stopping threads took: 0.0000930 seconds
245.129: Application time: 0.0568630 seconds
245.130: [GC245.130: [ParNew: 36961K->4114K(37632K), 0.0019540 secs] 53409K->23689K(121024K), 0.0019880 secs] [Times: user=0.02 sys=0.00, real=0.01 secs] 
245.132: Total time for which application threads were stopped: 0.0021180 seconds, Stopping threads took: 0.0000700 seconds
245.196: Application time: 0.0646520 seconds
245.196: [GC245.196: [ParNew: 37223K->4158K(37632K), 0.0018520 secs] 56799K->25782K(121024K), 0.0018850 secs] [Times: user=0.02 sys=0.00, real=0.00 secs] 
245.198: Total time for which application threads were stopped: 0.0020300 seconds, Stopping threads took: 0.0000870 seconds
245.262: Application time: 0.0633980 seconds
245.263: [GC245.263: [ParNew: 37045K->4112K(37632K), 0.0016120 secs] 58669K->26816K(121024K), 0.0016470 secs] [Times: user=0.01 sys=0.00, real=0.00 secs] 
245.265: Total time for which application threads were stopped: 0.0028820 seconds, Stopping threads took: 0.0011560 seconds
245.328: Application time: 0.0635940 seconds
245.328: [GC245.328: [ParNew: 37005K->4152K(37632K), 0.0011040 secs] 59709K->26856K(121024K), 0.0011370 secs] [Times: user=0.01 sys=0.00, real=0.00 secs] 
245.329: Total time for which application threads were stopped: 0.0012570 seconds, Stopping threads took: 0.0000550 seconds
245.389: Application time: 0.0601130 seconds
245.390: [GC245.390: [ParNew: 37624K->4135K(37632K), 0.0014040 secs] 60328K->27863K(121024K), 0.0014460 secs] [Times: user=0.01 sys=0.00, real=0.01 secs] 
245.391: Total time for which application threads were stopped: 0.0015950 seconds, Stopping threads took: 0.0000910 seconds
245.452: Application time: 0.0612020 seconds
245.452: [GC245.452: [ParNew: 36770K->4122K(37632K), 0.0010830 secs] 60498K->27850K(121024K), 0.0011120 secs] [Times: user=0.01 sys=0.00, real=0.00 secs] 
245.454: Total time for which application threads were stopped: 0.0012300 seconds, Stopping threads took: 0.0000650 seconds
245.511: Application time: 0.0572450 seconds
245.511: [GC245.511: [ParNew: 36699K->4134K(37632K), 0.0016960 secs] 60427K->29910K(121024K), 0.0017270 secs] [Times: user=0.02 sys=0.00, real=0.00 secs] 
245.513: Total time for which application threads were stopped: 0.0018560 seconds, Stopping threads took: 0.0000720 seconds
245.576: Application time: 0.0636270 seconds
245.576: [GC245.576: [ParNew: 37149K->4159K(37632K), 0.0011790 secs] 62925K->29967K(121024K), 0.0012110 secs] [Times: user=0.01 sys=0.00, real=0.00 secs] 
245.578: Total time for which application threads were stopped: 0.0013460 seconds, Stopping threads took: 0.0000800 seconds
245.638: Application time: 0.0599120 seconds
245.638: [GC245.638: [ParNew: 36884K->4144K(37632K), 0.0021570 secs] 62692K->31040K(121024K), 0.0021870 secs] [Times: user=0.02 sys=0.00, real=0.01 secs] 
245.640: Total time for which application threads were stopped: 0.0023250 seconds, Stopping threads took: 0.0000820 seconds
245.700: Application time: 0.0604480 seconds
245.700: [GC245.700: [ParNew: 37165K->4159K(37632K), 0.0011710 secs] 64061K->31220K(121024K), 0.0012020 secs] [Times: user=0.01 sys=0.00, real=0.00 secs] 
245.702: Total time for which application threads were stopped: 0.0013290 seconds, Stopping threads took: 0.0000750 seconds
245.758: Application time: 0.0568390 seconds
245.759: [GC245.759: [ParNew: 36911K->4142K(37632K), 0.0020260 secs] 63971K->34354K(121024K), 0.0020690 secs] [Times: user=0.01 sys=0.00, real=0.01 secs] 
245.761: Total time for which application threads were stopped: 0.0021960 seconds, Stopping threads took: 0.0000690 seconds
245.822: Application time: 0.0610060 seconds
245.822: [GC245.822: [ParNew: 37087K->4114K(37632K), 0.0019330 secs] 67299K->37462K(121024K), 0.0019670 secs] [Times: user=0.01 sys=0.00, real=0.00 secs] 
245.824: Total time for which application threads were stopped: 0.0020930 seconds, Stopping threads took: 0.0000660 seconds
245.886: Application time: 0.0620690 seconds
245.886: [GC245.886: [ParNew: 37139K->4141K(37632K), 0.0016830 secs] 70487K->39537K(121024K), 0.0017170 secs] [Times: user=0.01 sys=0.00, real=0.00 secs] 
245.888: Total time for which application threads were stopped: 0.0019120 seconds, Stopping threads took: 0.0001250 seconds
245.951: Application time: 0.0637070 seconds
245.952: [GC245.952: [ParNew: 37067K->4131K(37632K), 0.0014510 secs] 72463K->40599K(121024K), 0.0014830 secs] [Times: user=0.01 sys=0.00, real=0.00 secs] 
245.953: Total time for which application threads were stopped: 0.0016540 seconds, Stopping threads took: 0.0001130 seconds
246.018: Application time: 0.0648180 seconds
246.018: [GC246.018: [ParNew: 37059K->3110K(37632K), 0.0008560 secs] 73527K->39579K(121024K), 0.0008860 secs] [Times: user=0.01 sys=0.00, real=0.01 secs] 
246.019: Total time for which application threads were stopped: 0.0010270 seconds, Stopping threads took: 0.0000880 seconds
246.078: Application time: 0.0593590 seconds
246.078: [GC246.078: [ParNew: 36540K->3111K(37632K), 0.0008870 secs] 73008K->39579K(121024K), 0.0009160 secs] [Times: user=0.01 sys=0.00, real=0.01 secs] 
246.079: Total time for which application threads were stopped: 0.0010420 seconds, Stopping threads took: 0.0000720 seconds
246.142: Application time: 0.0625140 seconds
246.142: [GC246.142: [ParNew: 35827K->4134K(37632K), 0.0013490 secs] 72296K->41626K(121024K), 0.0013810 secs] [Times: user=0.01 sys=0.00, real=0.00 secs] 
246.143: Total time for which application threads were stopped: 0.0015060 seconds, Stopping threads took: 0.0000670 seconds
246.201: Application time: 0.0576670 seconds
246.201: [GC246.201: [ParNew: 36752K->4121K(37632K), 0.0011660 secs] 74244K->41613K(121024K), 0.0012030 secs] [Times: user=0.01 sys=0.00, real=0.00 secs] 
246.202: Total time for which application threads were stopped: 0.0013210 seconds, Stopping threads took: 0.0000650 seconds
246.262: Application time: 0.0599430 seconds
246.262: [GC246.262: [ParNew: 36982K->4147K(37632K), 0.0014080 secs] 74474K->42663K(121024K), 0.0014410 secs] [Times: user=0.01 sys=0.00, real=0.00 secs] 
246.264: Total time for which application threads were stopped: 0.0015780 seconds, Stopping threads took: 0.0000750 seconds
246.328: Application time: 0.0638850 seconds
246.328: [GC246.328: [ParNew: 37188K->4159K(37632K), 0.0011870 secs] 75704K->42772K(121024K), 0.0012170 secs] [Times: user=0.01 sys=0.00, real=0.00 secs] 
246.329: Total time for which application threads were stopped: 0.0013450 seconds, Stopping threads took: 0.0000740 seconds
246.386: Application time: 0.0566330 seconds
246.386: [GC246.386: [ParNew: 36733K->4159K(37632K), 0.0012050 secs] 75346K->42876K(121024K), 0.0012350 secs] [Times: user=0.01 sys=0.00, real=0.00 secs] 
246.387: Total time for which application threads were stopped: 0.0013670 seconds, Stopping threads took: 0.0000810 seconds
246.444: Application time: 0.0564210 seconds
246.444: [GC246.444: [ParNew: 36985K->4140K(37632K), 0.0020360 secs] 75701K->46016K(121024K), 0.0020690 secs] [Times: user=0.02 sys=0.00, real=0.00 secs] 
246.446: Total time for which application threads were stopped: 0.0022050 seconds, Stopping threads took: 0.0000660 seconds
246.509: Application time: 0.0637290 seconds
246.510: [GC246.510: [ParNew: 37130K->4114K(37632K), 0.0020010 secs] 79007K->49130K(121024K), 0.0020370 secs] [Times: user=0.01 sys=0.00, real=0.01 secs] 
246.512: Total time for which application threads were stopped: 0.0021710 seconds, Stopping threads took: 0.0000780 seconds
246.574: Application time: 0.0619900 seconds
246.574: [GC246.574: [ParNew: 37156K->4142K(37632K), 0.0019500 secs] 82173K->52231K(121024K), 0.0019850 secs] [Times: user=0.01 sys=0.00, real=0.00 secs] 
246.576: Total time for which application threads were stopped: 0.0021160 seconds, Stopping threads took: 0.0000730 seconds
246.638: Application time: 0.0626920 seconds
246.639: [GC246.639: [ParNew: 37039K->4125K(37632K), 0.0017470 secs] 85128K->54318K(121024K), 0.0017840 secs] [Times: user=0.01 sys=0.00, real=0.00 secs] 
246.641: Total time for which application threads were stopped: 0.0020520 seconds, Stopping threads took: 0.0002080 seconds
246.707: Application time: 0.0663400 seconds
246.707: [GC246.707: [ParNew: 37095K->3141K(37632K), 0.0008850 secs] 87288K->53333K(121024K), 0.0009140 secs] [Times: user=0.01 sys=0.00, real=0.00 secs] 
246.708: Total time for which application threads were stopped: 0.0010380 seconds, Stopping threads took: 0.0000700 seconds
246.766: Application time: 0.0581010 seconds
246.766: [GC246.766: [ParNew: 36504K->4121K(37632K), 0.0011950 secs] 86697K->54313K(121024K), 0.0012270 secs] [Times: user=0.01 sys=0.00, real=0.00 secs] 
246.767: Total time for which application threads were stopped: 0.0013790 seconds, Stopping threads took: 0.0000950 seconds
246.831: Application time: 0.0634180 seconds
246.831: [GC246.831: [ParNew: 36962K->4110K(37632K), 0.0015890 secs] 87155K->56351K(121024K), 0.0016210 secs] [Times: user=0.01 sys=0.00, real=0.00 secs] 
246.833: Total time for which application threads were stopped: 0.0017810 seconds, Stopping threads took: 0.0001060 seconds
246.892: Application time: 0.0597280 seconds
246.892: [GC246.892: [ParNew: 36810K->4146K(37632K), 0.0014530 secs] 89051K->57411K(121024K), 0.0014840 secs] [Times: user=0.01 sys=0.00, real=0.00 secs] 
246.894: Total time for which application threads were stopped: 0.0016040 seconds, Stopping threads took: 0.0000630 seconds
246.954: Application time: 0.0605020 seconds
246.955: [GC246.955: [ParNew: 36774K->4158K(37632K), 0.0011370 secs] 90039K->57443K(121024K), 0.0011680 secs] [Times: user=0.01 sys=0.00, real=0.00 secs] 
246.956: Total time for which application threads were stopped: 0.0013080 seconds, Stopping threads took: 0.0000670 seconds
247.018: Application time: 0.0618820 seconds
247.018: [GC247.018: [ParNew: 37097K->3168K(37632K), 0.0009370 secs] 90382K->56525K(121024K), 0.0009660 secs] [Times: user=0.00 sys=0.00, real=0.01 secs] 
247.019: Total time for which application threads were stopped: 0.0010930 seconds, Stopping threads took: 0.0000740 seconds
247.073: Application time: 0.0544850 seconds
247.073: [GC247.073: [ParNew: 35812K->4159K(37632K), 0.0014790 secs] 89169K->58676K(121024K), 0.0015140 secs] [Times: user=0.01 sys=0.00, real=0.00 secs] 
247.075: Total time for which application threads were stopped: 0.0016420 seconds, Stopping threads took: 0.0000720 seconds
247.134: Application time: 0.0595340 seconds
247.135: [GC247.135: [ParNew: 37100K->4140K(37632K), 0.0019890 secs] 91617K->61825K(121024K), 0.0020240 secs] [Times: user=0.01 sys=0.00, real=0.00 secs] 
247.137: Total time for which application threads were stopped: 0.0021900 seconds, Stopping threads took: 0.0001070 seconds
247.199: Application time: 0.0627340 seconds
247.199: [GC247.199: [ParNew: 37090K->4114K(37632K), 0.0020360 secs] 94775K->64927K(121024K), 0.0020700 secs] [Times: user=0.01 sys=0.00, real=0.00 secs] 
247.202: Total time for which application threads were stopped: 0.0022250 seconds, Stopping threads took: 0.0000960 seconds
247.265: Application time: 0.0630490 seconds
247.265: [GC247.265: [ParNew: 37146K->4140K(37632K), 0.0018740 secs] 97959K->68025K(121024K), 0.0019060 secs] [Times: user=0.01 sys=0.00, real=0.00 secs] 
247.267: Total time for which application threads were stopped: 0.0020320 seconds, Stopping threads took: 0.0000680 seconds
247.330: Application time: 0.0632650 seconds
247.330: [GC247.330: [ParNew: 37080K->4159K(37632K), 0.0011550 secs] 100965K->68116K(121024K), 0.0011850 secs] [Times: user=0.00 sys=0.00, real=0.01 secs] 
247.331: Total time for which application threads were stopped: 0.0013100 seconds, Stopping threads took: 0.0000690 seconds
247.395: Application time: 0.0635420 seconds
247.395: [GC247.395: [ParNew: 36887K->3142K(37632K), 0.0009190 secs] 100844K->67099K(121024K), 0.0009480 secs] [Times: user=0.01 sys=0.00, real=0.00 secs] 
247.396: Total time for which application threads were stopped: 0.0010740 seconds, Stopping threads took: 0.0000750 seconds
247.453: Application time: 0.0575930 seconds
247.454: [GC247.454: [ParNew: 35592K->4118K(37632K), 0.0013740 secs] 99549K->69099K(121024K), 0.0014070 secs] [Times: user=0.01 sys=0.00, real=0.00 secs] 
247.455: Total time for which application threads were stopped: 0.0015380 seconds, Stopping threads took: 0.0000750 seconds
247.519: Application time: 0.0638410 seconds
247.519: [GC247.519: [ParNew: 37058K->4132K(37632K), 0.0014320 secs] 102040K->70137K(121024K), 0.0014640 secs] [Times: user=0.01 sys=0.00, real=0.00 secs] 
247.520: Total time for which application threads were stopped: 0.0015910 seconds, Stopping threads took: 0.0000620 seconds
247.579: Application time: 0.0589890 seconds
247.579: [GC247.580: [ParNew: 36688K->4118K(37632K), 0.0014950 secs] 102694K->71147K(121024K), 0.0015260 secs] [Times: user=0.01 sys=0.00, real=0.00 secs] 
247.581: Total time for which application threads were stopped: 0.0016510 seconds, Stopping threads took: 0.0000670 seconds
247.643: Application time: 0.0617120 seconds
247.643: [GC247.643: [ParNew: 36757K->4159K(37632K), 0.0011510 secs] 103787K->71236K(121024K), 0.0011840 secs] [Times: user=0.00 sys=0.00, real=0.00 secs] 
247.644: Total time for which application threads were stopped: 0.0012950 seconds, Stopping threads took: 0.0000550 seconds
247.701: Application time: 0.0572720 seconds
247.701: [GC247.701: [ParNew: 37631K->4158K(37632K), 0.0017700 secs] 104708K->73323K(121024K), 0.0018040 secs] [Times: user=0.02 sys=0.00, real=0.00 secs] 
247.703: Total time for which application threads were stopped: 0.0019280 seconds, Stopping threads took: 0.0000670 seconds
247.763: Application time: 0.0597000 seconds
247.763: [GC247.763: [ParNew: 37392K->4158K(37632K), 0.0016660 secs] 106557K->75508K(121024K), 0.0017080 secs] [Times: user=0.02 sys=0.00, real=0.00 secs] 
247.765: Total time for which application threads were stopped: 0.0018260 seconds, Stopping threads took: 0.0000600 seconds
247.823: Application time: 0.0586180 seconds
247.824: [GC247.824: [ParNew: 37134K->4138K(37632K), 0.0020220 secs] 108484K->78639K(121024K), 0.0020560 secs] [Times: user=0.02 sys=0.00, real=0.00 secs] 
247.826: Total time for which application threads were stopped: 0.0021950 seconds, Stopping threads took: 0.0000820 seconds
247.891: Application time: 0.0653130 seconds
247.891: [GC247.891: [ParNew: 37143K->4113K(37632K), 0.0014000 secs] 111644K->79694K(121024K), 0.0014310 secs] [Times: user=0.01 sys=0.00, real=0.00 secs] 
247.892: Total time for which application threads were stopped: 0.0015710 seconds, Stopping threads took: 0.0000870 seconds
247.954: Application time: 0.0610540 seconds
247.954: [GC247.954: [ParNew: 37141K->4144K(37632K), 0.0016750 secs] 112723K->81790K(121024K), 0.0017080 secs] [Times: user=0.01 sys=0.00, real=0.00 secs] 
247.955: Total time for which application threads were stopped: 0.0018760 seconds, Stopping threads took: 0.0001110 seconds
248.016: Application time: 0.0608800 seconds
248.016: [GC248.016: [ParNew: 36943K->4132K(37632K), 0.0017040 secs] 114589K->83858K(121024K), 0.0017370 secs] [Times: user=0.01 sys=0.00, real=0.00 secs] 
248.018: Total time for which application threads were stopped: 0.0018740 seconds, Stopping threads took: 0.0000790 seconds
248.084: Application time: 0.0661410 seconds
248.084: [GC248.084: [ParNew: 37094K->4136K(37632K), 0.0012960 secs] 116820K->84886K(121024K), 0.0013280 secs] [Times: user=0.01 sys=0.00, real=0.00 secs] 
248.086: Total time for which application threads were stopped: 0.0014570 seconds, Stopping threads took: 0.0000630 seconds
248.146: Application time: 0.0603160 seconds
248.146: [GC248.146: [ParNew: 36785K->4148K(37632K), 0.0013860 secs] 117535K->85922K(121024K), 0.0014170 secs] [Times: user=0.01 sys=0.00, real=0.00 secs] 
248.148: Total time for which application threads were stopped: 0.0015680 seconds, Stopping threads took: 0.0000960 seconds
248.209: Application time: 0.0615050 seconds
248.209: [GC248.209: [ParNew: 36894K->4138K(37632K), 0.0013740 secs] 118668K->86936K(121024K), 0.0014050 secs] [Times: user=0.01 sys=0.00, real=0.01 secs] 
248.211: Total time for which application threads were stopped: 0.0015380 seconds, Stopping threads took: 0.0000770 seconds
248.271: Application time: 0.0604130 seconds
248.271: [GC248.271: [ParNew: 36937K->4159K(37632K), 0.0012410 secs] 119735K->86981K(121024K), 0.0012730 secs] [Times: user=0.00 sys=0.00, real=0.00 secs] 
248.273: Total time for which application threads were stopped: 0.0013960 seconds, Stopping threads took: 0.0000670 seconds
248.334: Application time: 0.0612730 seconds
248.334: [GC248.334: [ParNew: 37631K->4158K(37632K), 0.0012100 secs] 120453K->87044K(121024K), 0.0012430 secs] [Times: user=0.00 sys=0.00, real=0.00 secs] 
248.335: Total time for which application threads were stopped: 0.0013690 seconds, Stopping threads took: 0.0000720 seconds
248.394: Application time: 0.0588450 seconds
248.394: [GC248.394: [ParNew: 37621K->4158K(37632K), 0.0011970 secs] 120507K->87084K(121024K), 0.0012280 secs] [Times: user=0.00 sys=0.00, real=0.00 secs] 
248.395: Total time for which application threads were stopped: 0.0013450 seconds, Stopping threads took: 0.0000640 seconds
248.456: Application time: 0.0602580 seconds
248.456: [GC248.456: [ParNew: 37186K->4156K(37632K), 0.0016120 secs]248.457: [Tenured: 85070K->12242K(85448K), 0.0087390 secs] 120112K->12242K(123080K), [Perm : 5528K->5528K(21248K)], 0.0104960 secs] [Times: user=0.02 sys=0.00, real=0.01 secs] 
248.466: Total time for which application threads were stopped: 0.0106260 seconds, Stopping threads took: 0.0000690 seconds
248.523: Application time: 0.0562740 seconds
248.523: [GC248.523: [ParNew: 33018K->4152K(37632K), 0.0020950 secs] 45261K->19482K(121024K), 0.0021400 secs] [Times: user=0.01 sys=0.00, real=0.00 secs] 
248.525: Total time for which application threads were stopped: 0.0023090 seconds, Stopping threads took: 0.0001080 seconds
248.589: Application time: 0.0638150 seconds
248.591: [GC248.591: [ParNew: 37130K->4114K(37632K), 0.0016550 secs] 52460K->21580K(121024K), 0.0016910 secs] [Times: user=0.02 sys=0.00, real=0.00 secs] 
248.593: Total time for which application threads were stopped: 0.0038840 seconds, Stopping threads took: 0.0021060 seconds
248.655: Application time: 0.0626410 seconds
248.655: [GC248.655: [ParNew: 37175K->4144K(37632K), 0.0016770 secs] 54642K->23659K(121024K), 0.0017120 secs] [Times: user=0.01 sys=0.00, real=0.00 secs] 
248.657: Total time for which application threads were stopped: 0.0018340 seconds, Stopping threads took: 0.0000650 seconds
248.718: Application time: 0.0611250 seconds
248.718: [GC248.718: [ParNew: 36977K->4130K(37632K), 0.0016810 secs] 56492K->25748K(121024K), 0.0017180 secs] [Times: user=0.02 sys=0.00, real=0.01 secs] 
248.720: Total time for which application threads were stopped: 0.0019190 seconds, Stopping threads took: 0.0001420 seconds
248.785: Application time: 0.0644970 seconds
248.785: [GC248.785: [ParNew: 37042K->4113K(37632K), 0.0015800 secs] 58660K->27780K(121024K), 0.0016110 secs] [Times: user=0.01 sys=0.00, real=0.00 secs] 
248.786: Total time for which application threads were stopped: 0.0017380 seconds, Stopping threads took: 0.0000720 seconds
248.847: Application time: 0.0606410 seconds
248.847: [GC248.847: [ParNew: 36804K->4128K(37632K), 0.0017040 secs] 60470K->29843K(121024K), 0.0017380 secs] [Times: user=0.01 sys=0.00, real=0.00 secs] 
248.849: Total time for which application threads were stopped: 0.0018580 seconds, Stopping threads took: 0.0000610 seconds
248.912: Application time: 0.0628510 seconds
248.912: [GC248.912: [ParNew: 36964K->4129K(37632K), 0.0013220 secs] 62679K->30868K(121024K), 0.0013570 secs] [Times: user=0.01 sys=0.00, real=0.00 secs] 
248.913: Total time for which application threads were stopped: 0.0014980 seconds, Stopping threads took: 0.0000850 seconds
248.974: Application time: 0.0609930 seconds
248.974: [GC248.974: [ParNew: 36912K->4159K(37632K), 0.0014230 secs] 63651K->31922K(121024K), 0.0014570 secs] [Times: user=0.01 sys=0.00, real=0.00 secs] 
248.976: Total time for which application threads were stopped: 0.0016060 seconds, Stopping threads took: 0.0000920 seconds
249.039: Application time: 0.0631680 seconds
249.039: [GC249.039: [ParNew: 36957K->3112K(37632K), 0.0008280 secs] 64720K->30923K(121024K), 0.0008570 secs] [Times: user=0.01 sys=0.00, real=0.00 secs] 
249.040: Total time for which application threads were stopped: 0.0009610 seconds, Stopping threads took: 0.0000540 seconds
249.099: Application time: 0.0594620 seconds
249.099: [GC249.099: [ParNew: 36584K->3220K(37632K), 0.0008100 secs] 64395K->31031K(121024K), 0.0008390 secs] [Times: user=0.01 sys=0.00, real=0.00 secs] 
249.100: Total time for which application threads were stopped: 0.0009720 seconds, Stopping threads took: 0.0000720 seconds
249.155: Application time: 0.0545350 seconds
249.155: [GC249.155: [ParNew: 36692K->4138K(37632K), 0.0023660 secs] 64503K->36165K(121024K), 0.0024050 secs] [Times: user=0.02 sys=0.00, real=0.00 secs] 
249.157: Total time for which application threads were stopped: 0.0025340 seconds, Stopping threads took: 0.0000690 seconds
249.217: Application time: 0.0596360 seconds
249.217: [GC249.217: [ParNew: 37299K->4154K(37632K), 0.0019810 secs] 69326K->39317K(121024K), 0.0020210 secs] [Times: user=0.01 sys=0.00, real=0.01 secs] 
249.219: Total time for which application threads were stopped: 0.0021910 seconds, Stopping threads took: 0.0001100 seconds
249.284: Application time: 0.0646610 seconds
249.284: [GC249.284: [ParNew: 37132K->4113K(37632K), 0.0016630 secs] 72295K->41396K(121024K), 0.0016930 secs] [Times: user=0.01 sys=0.00, real=0.00 secs] 
249.286: Total time for which application threads were stopped: 0.0018250 seconds, Stopping threads took: 0.0000790 seconds
249.345: Application time: 0.0593750 seconds
249.345: [GC249.345: [ParNew: 37123K->4140K(37632K), 0.0019450 secs] 74406K->43471K(121024K), 0.0019890 secs] [Times: user=0.01 sys=0.00, real=0.00 secs] 
249.347: Total time for which application threads were stopped: 0.0021180 seconds, Stopping threads took: 0.0000690 seconds
249.414: Application time: 0.0663870 seconds
249.414: [GC249.414: [ParNew: 37164K->4131K(37632K), 0.0014180 secs] 76495K->44542K(121024K), 0.0014500 secs] [Times: user=0.01 sys=0.00, real=0.00 secs] 
249.415: Total time for which application threads were stopped: 0.0016500 seconds, Stopping threads took: 0.0001430 seconds
249.475: Application time: 0.0600650 seconds
249.475: [GC249.475: [ParNew: 36832K->4132K(37632K), 0.0013670 secs] 77243K->45567K(121024K), 0.0013980 secs] [Times: user=0.01 sys=0.00, real=0.00 secs] 
249.477: Total time for which application threads were stopped: 0.0015510 seconds, Stopping threads took: 0.0000970 seconds
249.539: Application time: 0.0623790 seconds
249.539: [GC249.539: [ParNew: 36957K->4126K(37632K), 0.0014790 secs] 78392K->46585K(121024K), 0.0015110 secs] [Times: user=0.01 sys=0.00, real=0.00 secs] 
249.541: Total time for which application threads were stopped: 0.0017010 seconds, Stopping threads took: 0.0001330 seconds
249.601: Application time: 0.0600250 seconds
249.601: [GC249.601: [ParNew: 36851K->4118K(37632K), 0.0017940 secs] 79311K->48625K(121024K), 0.0018290 secs] [Times: user=0.01 sys=0.00, real=0.00 secs] 
249.603: Total time for which application threads were stopped: 0.0019890 seconds, Stopping threads took: 0.0000950 seconds
249.669: Application time: 0.0663850 seconds
249.670: [GC249.670: [ParNew: 37221K->3152K(37632K), 0.0010060 secs] 81728K->47659K(121024K), 0.0015940 secs] [Times: user=0.00 sys=0.00, real=0.01 secs] 
249.671: Total time for which application threads were stopped: 0.0017590 seconds, Stopping threads took: 0.0001080 seconds
249.731: Application time: 0.0599910 seconds
249.731: [GC249.731: [ParNew: 36602K->4132K(37632K), 0.0012180 secs] 81109K->48687K(121024K), 0.0012510 secs] [Times: user=0.01 sys=0.00, real=0.00 secs] 
249.733: Total time for which application threads were stopped: 0.0014600 seconds, Stopping threads took: 0.0001500 seconds
249.793: Application time: 0.0608310 seconds
249.794: [GC249.794: [ParNew: 36776K->3187K(37632K), 0.0009030 secs] 81331K->47742K(121024K), 0.0009320 secs] [Times: user=0.01 sys=0.00, real=0.00 secs] 
249.794: Total time for which application threads were stopped: 0.0010440 seconds, Stopping threads took: 0.0000590 seconds
249.848: Application time: 0.0537810 seconds
249.848: [GC249.848: [ParNew: 35637K->4157K(37632K), 0.0017220 secs] 80193K->50869K(121024K), 0.0017570 secs] [Times: user=0.01 sys=0.00, real=0.00 secs] 
249.850: Total time for which application threads were stopped: 0.0018730 seconds, Stopping threads took: 0.0000550 seconds
249.911: Application time: 0.0606420 seconds
249.911: [GC249.911: [ParNew: 37222K->4152K(37632K), 0.0017240 secs] 83933K->53015K(121024K), 0.0017560 secs] [Times: user=0.02 sys=0.00, real=0.00 secs] 
249.913: Total time for which application threads were stopped: 0.0019190 seconds, Stopping threads took: 0.0001040 seconds
249.974: Application time: 0.0612570 seconds
249.974: [GC249.974: [ParNew: 37132K->4112K(37632K), 0.0016760 secs] 85995K->55095K(121024K), 0.0017100 secs] [Times: user=0.01 sys=0.00, real=0.00 secs] 
249.976: Total time for which application threads were stopped: 0.0018450 seconds, Stopping threads took: 0.0000780 seconds
250.037: Application time: 0.0611910 seconds
250.037: [GC250.037: [ParNew: 37114K->4142K(37632K), 0.0020900 secs] 88098K->58198K(121024K), 0.0021270 secs] [Times: user=0.01 sys=0.00, real=0.01 secs] 
250.039: Total time for which application threads were stopped: 0.0022750 seconds, Stopping threads took: 0.0000880 seconds
250.104: Application time: 0.0642480 seconds
250.104: [GC250.104: [ParNew: 37152K->4108K(37632K), 0.0019670 secs] 91207K->61283K(121024K), 0.0019990 secs] [Times: user=0.01 sys=0.00, real=0.00 secs] 
250.106: Total time for which application threads were stopped: 0.0021380 seconds, Stopping threads took: 0.0000710 seconds
250.169: Application time: 0.0637210 seconds
250.170: [GC250.170: [ParNew: 37016K->4115K(37632K), 0.0016090 secs] 94192K->63339K(121024K), 0.0016470 secs] [Times: user=0.01 sys=0.00, real=0.01 secs] 
250.171: Total time for which application threads were stopped: 0.0017940 seconds, Stopping threads took: 0.0000910 seconds
250.233: Application time: 0.0618900 seconds
250.233: [GC250.233: [ParNew: 36936K->4134K(37632K), 0.0013480 secs] 96160K->64382K(121024K), 0.0013790 secs] [Times: user=0.01 sys=0.00, real=0.00 secs] 
250.235: Total time for which application threads were stopped: 0.0015110 seconds, Stopping threads took: 0.0000670 seconds
250.295: Application time: 0.0605430 seconds
250.295: [GC250.295: [ParNew: 36781K->4134K(37632K), 0.0011620 secs] 97028K->64382K(121024K), 0.0011930 secs] [Times: user=0.00 sys=0.00, real=0.00 secs] 
250.296: Total time for which application threads were stopped: 0.0013360 seconds, Stopping threads took: 0.0000850 seconds
250.360: Application time: 0.0639550 seconds
250.361: [GC250.361: [ParNew: 37064K->4159K(37632K), 0.0011740 secs] 97312K->64438K(121024K), 0.0012030 secs] [Times: user=0.01 sys=0.00, real=0.00 secs] 
250.362: Total time for which application threads were stopped: 0.0013360 seconds, Stopping threads took: 0.0000800 seconds
250.422: Application time: 0.0606300 seconds
250.422: [GC250.423: [ParNew: 37615K->4136K(37632K), 0.0012020 secs] 97895K->64440K(121024K), 0.0012340 secs] [Times: user=0.00 sys=0.00, real=0.00 secs] 
250.424: Total time for which application threads were stopped: 0.0013570 seconds, Stopping threads took: 0.0000660 seconds
250.487: Application time: 0.0636550 seconds
250.488: [GC250.488: [ParNew: 37177K->3182K(37632K), 0.0009050 secs] 97481K->63486K(121024K), 0.0009330 secs] [Times: user=0.01 sys=0.00, real=0.00 secs] 
250.488: Total time for which application threads were stopped: 0.0010500 seconds, Stopping threads took: 0.0000650 seconds
250.542: Application time: 0.0538810 seconds
250.542: [GC250.542: [ParNew: 36377K->4144K(37632K), 0.0016480 secs] 96681K->66636K(121024K), 0.0016830 secs] [Times: user=0.01 sys=0.01, real=0.00 secs] 
250.544: Total time for which application threads were stopped: 0.0018030 seconds, Stopping threads took: 0.0000640 seconds
250.603: Application time: 0.0586510 seconds
250.603: [GC250.603: [ParNew: 37164K->4154K(37632K), 0.0019650 secs] 99656K->69806K(121024K), 0.0019990 secs] [Times: user=0.02 sys=0.00, real=0.00 secs] 
250.605: Total time for which application threads were stopped: 0.0021210 seconds, Stopping threads took: 0.0000640 seconds
250.664: Application time: 0.0587700 seconds
250.664: [GC250.664: [ParNew: 37051K->4110K(37632K), 0.0020560 secs] 102703K->72914K(121024K), 0.0020880 secs] [Times: user=0.01 sys=0.00, real=0.00 secs] 
250.666: Total time for which application threads were stopped: 0.0022230 seconds, Stopping threads took: 0.0000720 seconds
250.730: Application time: 0.0637580 seconds
250.730: [GC250.730: [ParNew: 37203K->4140K(37632K), 0.0017590 secs] 106007K->74992K(121024K), 0.0017940 secs] [Times: user=0.01 sys=0.00, real=0.01 secs] 
250.732: Total time for which application threads were stopped: 0.0019380 seconds, Stopping threads took: 0.0000850 seconds
250.794: Application time: 0.0624600 seconds
250.794: [GC250.794: [ParNew: 37050K->4130K(37632K), 0.0016250 secs] 107902K->77078K(121024K), 0.0016590 secs] [Times: user=0.01 sys=0.00, real=0.00 secs] 
250.796: Total time for which application threads were stopped: 0.0018010 seconds, Stopping threads took: 0.0000840 seconds
250.858: Application time: 0.0619100 seconds
250.858: [GC250.858: [ParNew: 36943K->4115K(37632K), 0.0016550 secs] 109892K->79111K(121024K), 0.0016890 secs] [Times: user=0.01 sys=0.00, real=0.01 secs] 
250.860: Total time for which application threads were stopped: 0.0018270 seconds, Stopping threads took: 0.0000800 seconds
250.921: Application time: 0.0609420 seconds
250.921: [GC250.921: [ParNew: 36969K->4116K(37632K), 0.0017350 secs] 111966K->81160K(121024K), 0.0017760 secs] [Times: user=0.01 sys=0.00, real=0.00 secs] 
250.923: Total time for which application threads were stopped: 0.0019730 seconds, Stopping threads took: 0.0001370 seconds
250.987: Application time: 0.0643410 seconds
250.987: [GC250.987: [ParNew: 36987K->4115K(37632K), 0.0017400 secs] 114031K->83207K(121024K), 0.0017720 secs] [Times: user=0.01 sys=0.00, real=0.00 secs] 
250.989: Total time for which application threads were stopped: 0.0019130 seconds, Stopping threads took: 0.0000820 seconds
251.052: Application time: 0.0632820 seconds
251.052: [GC251.052: [ParNew: 37044K->4159K(37632K), 0.0014480 secs] 116137K->84303K(121024K), 0.0014790 secs] [Times: user=0.01 sys=0.00, real=0.00 secs] 
251.054: Total time for which application threads were stopped: 0.0016470 seconds, Stopping threads took: 0.0001100 seconds
251.117: Application time: 0.0628210 seconds
251.117: [GC251.117: [ParNew: 36859K->4133K(37632K), 0.0012060 secs] 117003K->84325K(121024K), 0.0012360 secs] [Times: user=0.01 sys=0.00, real=0.00 secs] 
251.118: Total time for which application threads were stopped: 0.0013730 seconds, Stopping threads took: 0.0000810 seconds
251.181: Application time: 0.0632660 seconds
251.181: [GC251.181: [ParNew: 37196K->1215K(37632K), 0.0005480 secs] 117388K->81407K(121024K), 0.0005750 secs] [Times: user=0.00 sys=0.00, real=0.00 secs] 
251.182: Total time for which application threads were stopped: 0.0007310 seconds, Stopping threads took: 0.0000940 seconds
251.230: Application time: 0.0483810 seconds
251.230: [GC251.230: [ParNew: 33861K->4157K(37632K), 0.0020200 secs] 114054K->87490K(121024K), 0.0020560 secs] [Times: user=0.01 sys=0.00, real=0.01 secs] 
251.233: Total time for which application threads were stopped: 0.0021970 seconds, Stopping threads took: 0.0000820 seconds
251.292: Application time: 0.0596670 seconds
251.292: [GC251.292: [ParNew: 37243K->4152K(37632K), 0.0018520 secs]251.294: [Tenured: 86512K->13379K(86860K), 0.0085320 secs] 120575K->13379K(124492K), [Perm : 5528K->5528K(21248K)], 0.0105850 secs] [Times: user=0.03 sys=0.00, real=0.01 secs] 
251.303: Total time for which application threads were stopped: 0.0107220 seconds, Stopping threads took: 0.0000740 seconds
251.365: Application time: 0.0616270 seconds
251.365: [GC251.365: [ParNew: 32954K->4112K(37632K), 0.0016540 secs] 46333K->19539K(121024K), 0.0016860 secs] [Times: user=0.01 sys=0.00, real=0.00 secs] 
251.366: Total time for which application threads were stopped: 0.0018310 seconds, Stopping threads took: 0.0000870 seconds
251.430: Application time: 0.0633790 seconds
251.430: [GC251.430: [ParNew: 37191K->4145K(37632K), 0.0016350 secs] 52618K->21620K(121024K), 0.0016690 secs] [Times: user=0.01 sys=0.00, real=0.01 secs] 
251.432: Total time for which application threads were stopped: 0.0017910 seconds, Stopping threads took: 0.0000640 seconds
251.494: Application time: 0.0624780 seconds
251.494: [GC251.494: [ParNew: 37082K->4130K(37632K), 0.0016520 secs] 54558K->23709K(121024K), 0.0016850 secs] [Times: user=0.01 sys=0.00, real=0.00 secs] 
251.496: Total time for which application threads were stopped: 0.0018140 seconds, Stopping threads took: 0.0000720 seconds
251.558: Application time: 0.0617880 seconds
251.558: [GC251.558: [ParNew: 36981K->4130K(37632K), 0.0016450 secs] 56560K->25757K(121024K), 0.0016760 secs] [Times: user=0.01 sys=0.00, real=0.01 secs] 
251.559: Total time for which application threads were stopped: 0.0018360 seconds, Stopping threads took: 0.0000990 seconds
251.622: Application time: 0.0625750 seconds
251.622: [GC251.622: [ParNew: 36890K->4116K(37632K), 0.0016690 secs] 58517K->27791K(121024K), 0.0017040 secs] [Times: user=0.01 sys=0.00, real=0.00 secs] 
251.624: Total time for which application threads were stopped: 0.0018530 seconds, Stopping threads took: 0.0000940 seconds
251.689: Application time: 0.0651030 seconds
251.689: [GC251.689: [ParNew: 37059K->4130K(37632K), 0.0016600 secs] 60734K->29853K(121024K), 0.0016950 secs] [Times: user=0.01 sys=0.00, real=0.01 secs] 
251.691: Total time for which application threads were stopped: 0.0018610 seconds, Stopping threads took: 0.0000900 seconds
251.761: Application time: 0.0698220 seconds
251.761: [GC251.761: [ParNew: 37076K->4158K(37632K), 0.0013300 secs] 62799K->30929K(121024K), 0.0013640 secs] [Times: user=0.01 sys=0.00, real=0.00 secs] 
251.762: Total time for which application threads were stopped: 0.0015140 seconds, Stopping threads took: 0.0000900 seconds
251.828: Application time: 0.0661850 seconds
251.828: [GC251.829: [ParNew: 36607K->3131K(37632K), 0.0009020 secs] 63378K->29934K(121024K), 0.0009330 secs] [Times: user=0.01 sys=0.00, real=0.00 secs] 
251.829: Total time for which application threads were stopped: 0.0010600 seconds, Stopping threads took: 0.0000700 seconds
251.895: Application time: 0.0656990 seconds
251.895: [GC251.895: [ParNew: 35944K->3230K(37632K), 0.0009360 secs] 62748K->30034K(121024K), 0.0009640 secs] [Times: user=0.01 sys=0.00, real=0.00 secs] 
251.896: Total time for which application threads were stopped: 0.0011230 seconds, Stopping threads took: 0.0001020 seconds
251.964: Application time: 0.0672640 seconds
251.964: [GC251.964: [ParNew: 35919K->3176K(37632K), 0.0008690 secs] 62722K->30107K(121024K), 0.0008970 secs] [Times: user=0.01 sys=0.00, real=0.00 secs] 
251.965: Total time for which application threads were stopped: 0.0010210 seconds, Stopping threads took: 0.0000710 seconds
252.024: Application time: 0.0599300 seconds
252.025: [GC252.025: [ParNew: 35682K->4152K(37632K), 0.0020950 secs] 62613K->34236K(121024K), 0.0021290 secs] [Times: user=0.01 sys=0.00, real=0.00 secs] 
252.027: Total time for which application threads were stopped: 0.0022560 seconds, Stopping threads took: 0.0000660 seconds
252.090: Application time: 0.0635900 seconds
252.090: [GC252.090: [ParNew: 37002K->4130K(37632K), 0.0017020 secs] 67086K->36333K(121024K), 0.0017340 secs] [Times: user=0.01 sys=0.00, real=0.01 secs] 
252.092: Total time for which application threads were stopped: 0.0018590 seconds, Stopping threads took: 0.0000690 seconds
252.160: Application time: 0.0677760 seconds
252.160: [GC252.160: [ParNew: 37105K->4158K(37632K), 0.0018070 secs] 69308K->38418K(121024K), 0.0018410 secs] [Times: user=0.02 sys=0.00, real=0.00 secs] 
252.162: Total time for which application threads were stopped: 0.0019690 seconds, Stopping threads took: 0.0000670 seconds
252.234: Application time: 0.0718620 seconds
252.234: [GC252.234: [ParNew: 37114K->4117K(37632K), 0.0011150 secs] 71374K->38425K(121024K), 0.0011460 secs] [Times: user=0.01 sys=0.00, real=0.00 secs] 
252.235: Total time for which application threads were stopped: 0.0012980 seconds, Stopping threads took: 0.0000860 seconds
252.300: Application time: 0.0643980 seconds
252.300: [GC252.300: [ParNew: 36764K->4128K(37632K), 0.0016760 secs] 71071K->40484K(121024K), 0.0017090 secs] [Times: user=0.01 sys=0.00, real=0.00 secs] 
252.301: Total time for which application threads were stopped: 0.0018600 seconds, Stopping threads took: 0.0000930 seconds
252.370: Application time: 0.0686980 seconds
252.375: [GC252.375: [ParNew: 37034K->4117K(37632K), 0.0017930 secs] 73390K->42520K(121024K), 0.0018290 secs] [Times: user=0.01 sys=0.00, real=0.00 secs] 
252.377: Total time for which application threads were stopped: 0.0064420 seconds, Stopping threads took: 0.0045530 seconds
252.445: Application time: 0.0681290 seconds
252.445: [GC252.445: [ParNew: 36970K->4134K(37632K), 0.0016480 secs] 75374K->44586K(121024K), 0.0016830 secs] [Times: user=0.02 sys=0.00, real=0.00 secs] 
252.446: Total time for which application threads were stopped: 0.0018130 seconds, Stopping threads took: 0.0000700 seconds
252.512: Application time: 0.0655380 seconds
252.512: [GC252.512: [ParNew: 36679K->4117K(37632K), 0.0014020 secs] 77131K->45593K(121024K), 0.0014360 secs] [Times: user=0.01 sys=0.00, real=0.00 secs] 
252.514: Total time for which application threads were stopped: 0.0015560 seconds, Stopping threads took: 0.0000630 seconds
252.584: Application time: 0.0708240 seconds
252.585: [GC252.585: [ParNew: 37139K->4147K(37632K), 0.0012970 secs] 78615K->46647K(121024K), 0.0013390 secs] [Times: user=0.01 sys=0.00, real=0.00 secs] 
252.586: Total time for which application threads were stopped: 0.0014900 seconds, Stopping threads took: 0.0000930 seconds
252.653: Application time: 0.0671380 seconds
252.653: [GC252.653: [ParNew: 37110K->4158K(37632K), 0.0013290 secs] 79610K->46814K(121024K), 0.0013630 secs] [Times: user=0.01 sys=0.00, real=0.00 secs] 
252.655: Total time for which application threads were stopped: 0.0015310 seconds, Stopping threads took: 0.0000890 seconds
252.721: Application time: 0.0659640 seconds
252.721: [GC252.721: [ParNew: 37630K->4148K(37632K), 0.0010840 secs] 80286K->46860K(121024K), 0.0011160 secs] [Times: user=0.01 sys=0.00, real=0.00 secs] 
252.722: Total time for which application threads were stopped: 0.0012270 seconds, Stopping threads took: 0.0000550 seconds
252.784: Application time: 0.0618670 seconds
252.784: [GC252.784: [ParNew: 36901K->4154K(37632K), 0.0020430 secs] 79613K->50010K(121024K), 0.0020790 secs] [Times: user=0.01 sys=0.00, real=0.00 secs] 
252.786: Total time for which application threads were stopped: 0.0022240 seconds, Stopping threads took: 0.0000750 seconds
252.848: Application time: 0.0625990 seconds
252.849: [GC252.849: [ParNew: 36953K->4109K(37632K), 0.0018140 secs] 82809K->52081K(121024K), 0.0018480 secs] [Times: user=0.01 sys=0.00, real=0.00 secs] 
252.850: Total time for which application threads were stopped: 0.0019940 seconds, Stopping threads took: 0.0000850 seconds
252.921: Application time: 0.0703730 seconds
252.921: [GC252.921: [ParNew: 37172K->4158K(37632K), 0.0016890 secs] 85144K->54178K(121024K), 0.0017250 secs] [Times: user=0.00 sys=0.01, real=0.00 secs] 
252.923: Total time for which application threads were stopped: 0.0018550 seconds, Stopping threads took: 0.0000690 seconds
252.992: Application time: 0.0695010 seconds
252.992: [GC252.992: [ParNew: 37087K->4131K(37632K), 0.0011960 secs] 87108K->54200K(121024K), 0.0012280 secs] [Times: user=0.01 sys=0.00, real=0.00 secs] 
252.994: Total time for which application threads were stopped: 0.0013570 seconds, Stopping threads took: 0.0000740 seconds
253.060: Application time: 0.0667130 seconds
253.060: [GC253.060: [ParNew: 36883K->4110K(37632K), 0.0014740 secs] 86952K->55202K(121024K), 0.0015040 secs] [Times: user=0.01 sys=0.00, real=0.00 secs] 
253.062: Total time for which application threads were stopped: 0.0016550 seconds, Stopping threads took: 0.0000940 seconds
253.129: Application time: 0.0669260 seconds
253.129: [GC253.129: [ParNew: 36846K->4116K(37632K), 0.0016820 secs] 87938K->57256K(121024K), 0.0017160 secs] [Times: user=0.01 sys=0.01, real=0.01 secs] 
253.131: Total time for which application threads were stopped: 0.0018480 seconds, Stopping threads took: 0.0000710 seconds
253.201: Application time: 0.0706580 seconds
253.201: [GC253.201: [ParNew: 37081K->4135K(37632K), 0.0014190 secs] 90222K->58299K(121024K), 0.0014520 secs] [Times: user=0.01 sys=0.00, real=0.00 secs] 
253.203: Total time for which application threads were stopped: 0.0015980 seconds, Stopping threads took: 0.0000890 seconds
253.267: Application time: 0.0643540 seconds
253.267: [GC253.267: [ParNew: 37607K->4114K(37632K), 0.0015100 secs] 91771K->59303K(121024K), 0.0015420 secs] [Times: user=0.01 sys=0.00, real=0.00 secs] 
253.269: Total time for which application threads were stopped: 0.0016830 seconds, Stopping threads took: 0.0000830 seconds
253.338: Application time: 0.0694060 seconds
253.339: [GC253.339: [ParNew: 37038K->4150K(37632K), 0.0011310 secs] 92227K->59354K(121024K), 0.0011620 secs] [Times: user=0.01 sys=0.00, real=0.01 secs] 
253.340: Total time for which application threads were stopped: 0.0013010 seconds, Stopping threads took: 0.0000730 seconds
253.408: Application time: 0.0684240 seconds
253.408: [GC253.408: [ParNew: 37200K->4158K(37632K), 0.0011300 secs] 92405K->59466K(121024K), 0.0011610 secs] [Times: user=0.01 sys=0.00, real=0.00 secs] 
253.409: Total time for which application threads were stopped: 0.0012800 seconds, Stopping threads took: 0.0000650 seconds
253.473: Application time: 0.0636790 seconds
253.473: [GC253.473: [ParNew: 37630K->4158K(37632K), 0.0013990 secs] 92938K->60571K(121024K), 0.0014420 secs] [Times: user=0.01 sys=0.00, real=0.00 secs] 
253.475: Total time for which application threads were stopped: 0.0016140 seconds, Stopping threads took: 0.0001130 seconds
253.537: Application time: 0.0621130 seconds
253.539: [GC253.539: [ParNew: 36910K->4152K(37632K), 0.0021100 secs] 93323K->63717K(121024K), 0.0021480 secs] [Times: user=0.02 sys=0.00, real=0.00 secs] 
253.541: Total time for which application threads were stopped: 0.0040340 seconds, Stopping threads took: 0.0018230 seconds
253.611: Application time: 0.0698530 seconds
253.611: [GC253.611: [ParNew: 37128K->4122K(37632K), 0.0016600 secs] 96693K->65807K(121024K), 0.0016940 secs] [Times: user=0.01 sys=0.00, real=0.00 secs] 
253.613: Total time for which application threads were stopped: 0.0018510 seconds, Stopping threads took: 0.0000980 seconds
253.675: Application time: 0.0627680 seconds
253.675: [GC253.675: [ParNew: 37014K->4158K(37632K), 0.0017150 secs] 98699K->67899K(121024K), 0.0017530 secs] [Times: user=0.02 sys=0.00, real=0.00 secs] 
253.677: Total time for which application threads were stopped: 0.0019000 seconds, Stopping threads took: 0.0000870 seconds
253.748: Application time: 0.0704270 seconds
253.748: [GC253.748: [ParNew: 37053K->4116K(37632K), 0.0017830 secs] 100794K->69969K(121024K), 0.0018160 secs] [Times: user=0.01 sys=0.00, real=0.00 secs] 
253.750: Total time for which application threads were stopped: 0.0019510 seconds, Stopping threads took: 0.0000760 seconds
253.816: Application time: 0.0659610 seconds
253.816: [GC253.816: [ParNew: 36901K->4108K(37632K), 0.0020220 secs] 102754K->73033K(121024K), 0.0020560 secs] [Times: user=0.01 sys=0.00, real=0.00 secs] 
253.818: Total time for which application threads were stopped: 0.0022120 seconds, Stopping threads took: 0.0000950 seconds
253.887: Application time: 0.0692030 seconds
253.887: [GC253.887: [ParNew: 37045K->4115K(37632K), 0.0017870 secs] 105970K->75088K(121024K), 0.0018200 secs] [Times: user=0.01 sys=0.00, real=0.00 secs] 
253.889: Total time for which application threads were stopped: 0.0019840 seconds, Stopping threads took: 0.0000980 seconds
253.958: Application time: 0.0687500 seconds
253.958: [GC253.958: [ParNew: 36998K->4132K(37632K), 0.0016670 secs] 107971K->77153K(121024K), 0.0017000 secs] [Times: user=0.01 sys=0.00, real=0.01 secs] 
253.960: Total time for which application threads were stopped: 0.0018620 seconds, Stopping threads took: 0.0001020 seconds
254.028: Application time: 0.0681440 seconds
254.028: [GC254.028: [ParNew: 36963K->4158K(37632K), 0.0012420 secs] 109984K->77211K(121024K), 0.0012730 secs] [Times: user=0.01 sys=0.00, real=0.00 secs] 
254.029: Total time for which application threads were stopped: 0.0014110 seconds, Stopping threads took: 0.0000770 seconds
254.097: Application time: 0.0682400 seconds
254.098: [GC254.098: [ParNew: 36845K->4134K(37632K), 0.0012230 secs] 109898K->77219K(121024K), 0.0012560 secs] [Times: user=0.00 sys=0.00, real=0.01 secs] 
254.099: Total time for which application threads were stopped: 0.0014000 seconds, Stopping threads took: 0.0000860 seconds
254.168: Application time: 0.0689520 seconds
254.168: [GC254.168: [ParNew: 37269K->2222K(37632K), 0.0006620 secs] 110354K->75307K(121024K), 0.0006920 secs] [Times: user=0.01 sys=0.00, real=0.00 secs] 
254.169: Total time for which application threads were stopped: 0.0008600 seconds, Stopping threads took: 0.0001100 seconds
254.234: Application time: 0.0654820 seconds
254.234: [GC254.234: [ParNew: 35694K->4158K(37632K), 0.0011150 secs] 108779K->77419K(121024K), 0.0011470 secs] [Times: user=0.01 sys=0.00, real=0.00 secs] 
254.235: Total time for which application threads were stopped: 0.0012760 seconds, Stopping threads took: 0.0000750 seconds
254.294: Application time: 0.0584730 seconds
254.294: [GC254.294: [ParNew: 36606K->4146K(37632K), 0.0016640 secs] 109868K->79503K(121024K), 0.0016980 secs] [Times: user=0.02 sys=0.00, real=0.00 secs] 
254.296: Total time for which application threads were stopped: 0.0018340 seconds, Stopping threads took: 0.0000690 seconds
254.364: Application time: 0.0682140 seconds
254.364: [GC254.364: [ParNew: 37077K->4116K(37632K), 0.0016120 secs] 112434K->81569K(121024K), 0.0016470 secs] [Times: user=0.01 sys=0.00, real=0.00 secs] 
254.366: Total time for which application threads were stopped: 0.0017960 seconds, Stopping threads took: 0.0000890 seconds
254.432: Application time: 0.0659490 seconds
254.432: [GC254.432: [ParNew: 37115K->4154K(37632K), 0.0015350 secs] 114568K->82639K(121024K), 0.0015700 secs] [Times: user=0.01 sys=0.00, real=0.00 secs] 
254.433: Total time for which application threads were stopped: 0.0017090 seconds, Stopping threads took: 0.0000670 seconds
254.501: Application time: 0.0681180 seconds
254.502: [GC254.502: [ParNew: 37007K->4128K(37632K), 0.0017110 secs] 115493K->84718K(121024K), 0.0017470 secs] [Times: user=0.01 sys=0.00, real=0.00 secs] 
254.503: Total time for which application threads were stopped: 0.0018790 seconds, Stopping threads took: 0.0000740 seconds
254.574: Application time: 0.0703220 seconds
254.574: [GC254.574: [ParNew: 37034K->4114K(37632K), 0.0017940 secs] 117623K->86751K(121024K), 0.0018270 secs] [Times: user=0.02 sys=0.00, real=0.00 secs] 
254.576: Total time for which application threads were stopped: 0.0019700 seconds, Stopping threads took: 0.0000820 seconds
254.643: Application time: 0.0677460 seconds
254.644: [GC254.644: [ParNew: 36892K->4134K(37632K), 0.0013540 secs]254.645: [Tenured: 83661K->8802K(84420K), 0.0085310 secs] 119529K->8802K(122052K), [Perm : 5528K->5528K(21248K)], 0.0099740 secs] [Times: user=0.01 sys=0.00, real=0.01 secs] 
254.654: Total time for which application threads were stopped: 0.0100980 seconds, Stopping threads took: 0.0000590 seconds
254.721: Application time: 0.0677170 seconds
254.721: [GC254.721: [ParNew: 32822K->4136K(37632K), 0.0029480 secs] 41624K->13962K(121024K), 0.0029870 secs] [Times: user=0.01 sys=0.00, real=0.00 secs] 
254.724: Total time for which application threads were stopped: 0.0031480 seconds, Stopping threads took: 0.0001020 seconds
254.790: Application time: 0.0657470 seconds
254.790: [GC254.790: [ParNew: 36789K->4112K(37632K), 0.0017430 secs] 46615K->16002K(121024K), 0.0017780 secs] [Times: user=0.01 sys=0.00, real=0.01 secs] 
254.792: Total time for which application threads were stopped: 0.0019290 seconds, Stopping threads took: 0.0000900 seconds
254.861: Application time: 0.0687520 seconds
254.861: [GC254.861: [ParNew: 37002K->4159K(37632K), 0.0011730 secs] 48892K->16058K(121024K), 0.0012040 secs] [Times: user=0.01 sys=0.00, real=0.00 secs] 
254.862: Total time for which application threads were stopped: 0.0013500 seconds, Stopping threads took: 0.0000880 seconds
254.932: Application time: 0.0696060 seconds
254.932: [GC254.932: [ParNew: 37150K->3212K(37632K), 0.0009590 secs] 49048K->15182K(121024K), 0.0009900 secs] [Times: user=0.01 sys=0.00, real=0.00 secs] 
254.933: Total time for which application threads were stopped: 0.0011320 seconds, Stopping threads took: 0.0000850 seconds
254.996: Application time: 0.0632010 seconds
254.996: [GC254.996: [ParNew: 36567K->4146K(37632K), 0.0011520 secs] 48537K->16233K(121024K), 0.0011830 secs] [Times: user=0.01 sys=0.00, real=0.00 secs] 
254.997: Total time for which application threads were stopped: 0.0013090 seconds, Stopping threads took: 0.0000580 seconds
255.056: Application time: 0.0587840 seconds
255.056: [GC255.056: [ParNew: 36842K->4154K(37632K), 0.0020100 secs] 48929K->19400K(121024K), 0.0020440 secs] [Times: user=0.02 sys=0.00, real=0.00 secs] 
255.058: Total time for which application threads were stopped: 0.0022010 seconds, Stopping threads took: 0.0000960 seconds
255.129: Application time: 0.0708160 seconds
255.129: [GC255.129: [ParNew: 37143K->4116K(37632K), 0.0015840 secs] 52389K->21490K(121024K), 0.0016100 secs] [Times: user=0.01 sys=0.00, real=0.01 secs] 
255.131: Total time for which application threads were stopped: 0.0017400 seconds, Stopping threads took: 0.0000750 seconds
255.197: Application time: 0.0656170 seconds
255.197: [GC255.197: [ParNew: 37109K->4143K(37632K), 0.0016640 secs] 54484K->23565K(121024K), 0.0017080 secs] [Times: user=0.01 sys=0.00, real=0.00 secs] 
255.198: Total time for which application threads were stopped: 0.0018440 seconds, Stopping threads took: 0.0000740 seconds
255.266: Application time: 0.0677210 seconds
255.266: [GC255.266: [ParNew: 37020K->4134K(37632K), 0.0016290 secs] 56442K->25652K(121024K), 0.0016620 secs] [Times: user=0.02 sys=0.00, real=0.00 secs] 
255.268: Total time for which application threads were stopped: 0.0018260 seconds, Stopping threads took: 0.0001040 seconds
255.337: Application time: 0.0686530 seconds
255.337: [GC255.337: [ParNew: 36980K->4112K(37632K), 0.0016350 secs] 58499K->27679K(121024K), 0.0016670 secs] [Times: user=0.02 sys=0.00, real=0.00 secs] 
255.338: Total time for which application threads were stopped: 0.0018150 seconds, Stopping threads took: 0.0000870 seconds
255.407: Application time: 0.0683570 seconds
255.407: [GC255.407: [ParNew: 36896K->4130K(37632K), 0.0016420 secs] 60463K->29744K(121024K), 0.0016700 secs] [Times: user=0.02 sys=0.00, real=0.00 secs] 
255.409: Total time for which application threads were stopped: 0.0017890 seconds, Stopping threads took: 0.0000610 seconds
255.476: Application time: 0.0676190 seconds
255.476: [GC255.476: [ParNew: 36957K->4115K(37632K), 0.0017940 secs] 62572K->31777K(121024K), 0.0018260 secs] [Times: user=0.01 sys=0.00, real=0.00 secs] 
255.478: Total time for which application threads were stopped: 0.0019530 seconds, Stopping threads took: 0.0000700 seconds
255.546: Application time: 0.0677970 seconds
255.546: [GC255.546: [ParNew: 36858K->4130K(37632K), 0.0016930 secs] 64520K->33840K(121024K), 0.0017260 secs] [Times: user=0.01 sys=0.00, real=0.00 secs] 
255.548: Total time for which application threads were stopped: 0.0018730 seconds, Stopping threads took: 0.0000810 seconds
255.615: Application time: 0.0670290 seconds
255.615: [GC255.615: [ParNew: 36874K->4158K(37632K), 0.0011940 secs] 66585K->33909K(121024K), 0.0012270 secs] [Times: user=0.01 sys=0.00, real=0.00 secs] 
255.616: Total time for which application threads were stopped: 0.0013510 seconds, Stopping threads took: 0.0000660 seconds
255.684: Application time: 0.0680100 seconds
255.684: [GC255.684: [ParNew: 37248K->2205K(37632K), 0.0007030 secs] 66999K->32012K(121024K), 0.0007320 secs] [Times: user=0.01 sys=0.00, real=0.00 secs] 
255.685: Total time for which application threads were stopped: 0.0008380 seconds, Stopping threads took: 0.0000540 seconds
255.743: Application time: 0.0584090 seconds
255.744: [GC255.744: [ParNew: 35585K->4136K(37632K), 0.0012750 secs] 65392K->34099K(121024K), 0.0013050 secs] [Times: user=0.01 sys=0.00, real=0.00 secs] 
255.745: Total time for which application threads were stopped: 0.0014200 seconds, Stopping threads took: 0.0000630 seconds
255.799: Application time: 0.0538490 seconds
255.799: [GC255.799: [ParNew: 36784K->4158K(37632K), 0.0017890 secs] 66747K->36201K(121024K), 0.0018220 secs] [Times: user=0.01 sys=0.00, real=0.00 secs] 
255.801: Total time for which application threads were stopped: 0.0019480 seconds, Stopping threads took: 0.0000690 seconds
255.863: Application time: 0.0625380 seconds
255.863: [GC255.863: [ParNew: 37110K->4114K(37632K), 0.0019070 secs] 69152K->39317K(121024K), 0.0019430 secs] [Times: user=0.02 sys=0.00, real=0.00 secs] 
255.865: Total time for which application threads were stopped: 0.0020860 seconds, Stopping threads took: 0.0000850 seconds
255.925: Application time: 0.0600610 seconds
255.927: [GC255.927: [ParNew: 37116K->4157K(37632K), 0.0017570 secs] 72319K->41408K(121024K), 0.0017910 secs] [Times: user=0.01 sys=0.00, real=0.00 secs] 
255.929: Total time for which application threads were stopped: 0.0030870 seconds, Stopping threads took: 0.0012390 seconds
255.992: Application time: 0.0632060 seconds
255.992: [GC255.992: [ParNew: 36931K->4118K(37632K), 0.0013220 secs] 74182K->42441K(121024K), 0.0013550 secs] [Times: user=0.01 sys=0.00, real=0.00 secs] 
255.993: Total time for which application threads were stopped: 0.0014860 seconds, Stopping threads took: 0.0000660 seconds
256.056: Application time: 0.0625810 seconds
256.056: [GC256.056: [ParNew: 37020K->4128K(37632K), 0.0016240 secs] 75343K->44499K(121024K), 0.0016560 secs] [Times: user=0.01 sys=0.00, real=0.00 secs] 
256.058: Total time for which application threads were stopped: 0.0017860 seconds, Stopping threads took: 0.0000660 seconds
256.116: Application time: 0.0586630 seconds
256.116: [GC256.116: [ParNew: 36867K->4116K(37632K), 0.0016950 secs] 77238K->46535K(121024K), 0.0017270 secs] [Times: user=0.01 sys=0.00, real=0.00 secs] 
256.118: Total time for which application threads were stopped: 0.0019020 seconds, Stopping threads took: 0.0001210 seconds
256.181: Application time: 0.0629810 seconds
256.181: [GC256.181: [ParNew: 36992K->4118K(37632K), 0.0016300 secs] 79411K->48585K(121024K), 0.0016650 secs] [Times: user=0.01 sys=0.00, real=0.00 secs] 
256.183: Total time for which application threads were stopped: 0.0017980 seconds, Stopping threads took: 0.0000740 seconds
256.245: Application time: 0.0618130 seconds
256.245: [GC256.245: [ParNew: 36994K->4128K(37632K), 0.0017980 secs] 81462K->50643K(121024K), 0.0018310 secs] [Times: user=0.01 sys=0.00, real=0.00 secs] 
256.247: Total time for which application threads were stopped: 0.0019600 seconds, Stopping threads took: 0.0000710 seconds
256.312: Application time: 0.0652380 seconds
256.312: [GC256.312: [ParNew: 37229K->4156K(37632K), 0.0011430 secs] 83744K->50671K(121024K), 0.0011760 secs] [Times: user=0.01 sys=0.00, real=0.00 secs] 
256.313: Total time for which application threads were stopped: 0.0013560 seconds, Stopping threads took: 0.0001230 seconds
256.374: Application time: 0.0610410 seconds
256.374: [GC256.374: [ParNew: 37072K->3262K(37632K), 0.0009560 secs] 83587K->49841K(121024K), 0.0009880 secs] [Times: user=0.01 sys=0.00, real=0.00 secs] 
256.375: Total time for which application threads were stopped: 0.0011080 seconds, Stopping threads took: 0.0000630 seconds
256.436: Application time: 0.0606690 seconds
256.436: [GC256.436: [ParNew: 36554K->2105K(37632K), 0.0007280 secs] 83134K->48849K(121024K), 0.0007560 secs] [Times: user=0.01 sys=0.00, real=0.00 secs] 
256.437: Total time for which application threads were stopped: 0.0008880 seconds, Stopping threads took: 0.0000800 seconds
256.490: Application time: 0.0530810 seconds
256.490: [GC256.490: [ParNew: 34660K->4158K(37632K), 0.0017140 secs] 81404K->52966K(121024K), 0.0017480 secs] [Times: user=0.01 sys=0.00, real=0.01 secs] 
256.492: Total time for which application threads were stopped: 0.0018670 seconds, Stopping threads took: 0.0000630 seconds
256.555: Application time: 0.0632800 seconds
256.555: [GC256.555: [ParNew: 37100K->4118K(37632K), 0.0013670 secs] 85907K->54038K(121024K), 0.0013980 secs] [Times: user=0.01 sys=0.00, real=0.00 secs] 
256.557: Total time for which application threads were stopped: 0.0015240 seconds, Stopping threads took: 0.0000710 seconds
256.618: Application time: 0.0615490 seconds
256.618: [GC256.618: [ParNew: 37137K->4141K(37632K), 0.0017650 secs] 87056K->56108K(121024K), 0.0018010 secs] [Times: user=0.01 sys=0.00, real=0.01 secs] 
256.620: Total time for which application threads were stopped: 0.0019400 seconds, Stopping threads took: 0.0000720 seconds
256.682: Application time: 0.0614320 seconds
256.682: [GC256.682: [ParNew: 36993K->4134K(37632K), 0.0014150 secs] 88960K->57182K(121024K), 0.0014500 secs] [Times: user=0.01 sys=0.00, real=0.00 secs] 
256.683: Total time for which application threads were stopped: 0.0016060 seconds, Stopping threads took: 0.0000980 seconds
256.748: Application time: 0.0647720 seconds
256.748: [GC256.748: [ParNew: 37086K->4144K(37632K), 0.0014290 secs] 90134K->58216K(121024K), 0.0014610 secs] [Times: user=0.00 sys=0.00, real=0.00 secs] 
256.750: Total time for which application threads were stopped: 0.0015980 seconds, Stopping threads took: 0.0000810 seconds
256.807: Application time: 0.0577470 seconds
256.808: [GC256.808: [ParNew: 36714K->4113K(37632K), 0.0016860 secs] 90786K->60232K(121024K), 0.0017280 secs] [Times: user=0.01 sys=0.00, real=0.00 secs] 
256.809: Total time for which application threads were stopped: 0.0018810 seconds, Stopping threads took: 0.0000970 seconds
256.873: Application time: 0.0637680 seconds
256.873: [GC256.873: [ParNew: 37055K->4120K(37632K), 0.0014660 secs] 93175K->61263K(121024K), 0.0015010 secs] [Times: user=0.01 sys=0.00, real=0.00 secs] 
256.875: Total time for which application threads were stopped: 0.0016520 seconds, Stopping threads took: 0.0000950 seconds
256.935: Application time: 0.0598750 seconds
256.935: [GC256.935: [ParNew: 36925K->4122K(37632K), 0.0018380 secs] 94069K->63313K(121024K), 0.0018670 secs] [Times: user=0.01 sys=0.00, real=0.00 secs] 
256.937: Total time for which application threads were stopped: 0.0021340 seconds, Stopping threads took: 0.0002100 seconds
257.001: Application time: 0.0643560 seconds
257.001: [GC257.001: [ParNew: 37067K->4156K(37632K), 0.0012390 secs] 96259K->63347K(121024K), 0.0012700 secs] [Times: user=0.00 sys=0.00, real=0.00 secs] 
257.003: Total time for which application threads were stopped: 0.0014140 seconds, Stopping threads took: 0.0000880 seconds
257.062: Application time: 0.0598470 seconds
257.062: [GC257.062: [ParNew: 36803K->4159K(37632K), 0.0011840 secs] 95995K->63475K(121024K), 0.0012160 secs] [Times: user=0.01 sys=0.01, real=0.00 secs] 
257.064: Total time for which application threads were stopped: 0.0013420 seconds, Stopping threads took: 0.0000690 seconds
257.123: Application time: 0.0591810 seconds
257.123: [GC257.123: [ParNew: 37617K->4158K(37632K), 0.0013370 secs] 96933K->64570K(121024K), 0.0013670 secs] [Times: user=0.01 sys=0.00, real=0.00 secs] 
257.124: Total time for which application threads were stopped: 0.0014960 seconds, Stopping threads took: 0.0000640 seconds
257.181: Application time: 0.0565290 seconds
257.181: [GC257.181: [ParNew: 36960K->4154K(37632K), 0.0020880 secs] 97372K->67710K(121024K), 0.0021230 secs] [Times: user=0.01 sys=0.00, real=0.00 secs] 
257.183: Total time for which application threads were stopped: 0.0022660 seconds, Stopping threads took: 0.0000860 seconds
257.243: Application time: 0.0600270 seconds
257.243: [GC257.243: [ParNew: 37069K->4112K(37632K), 0.0016020 secs] 100625K->69800K(121024K), 0.0016320 secs] [Times: user=0.01 sys=0.00, real=0.00 secs] 
257.245: Total time for which application threads were stopped: 0.0018360 seconds, Stopping threads took: 0.0001470 seconds
257.305: Application time: 0.0603480 seconds
257.306: [GC257.306: [ParNew: 37156K->4140K(37632K), 0.0019840 secs] 102844K->72900K(121024K), 0.0020190 secs] [Times: user=0.02 sys=0.00, real=0.00 secs] 
257.308: Total time for which application threads were stopped: 0.0021780 seconds, Stopping threads took: 0.0000980 seconds
257.372: Application time: 0.0641230 seconds
257.372: [GC257.372: [ParNew: 37071K->4114K(37632K), 0.0013600 secs] 105831K->73954K(121024K), 0.0013930 secs] [Times: user=0.01 sys=0.00, real=0.00 secs] 
257.373: Total time for which application threads were stopped: 0.0015320 seconds, Stopping threads took: 0.0000840 seconds
257.437: Application time: 0.0634090 seconds
257.437: [GC257.437: [ParNew: 37015K->4146K(37632K), 0.0013800 secs] 106855K->75010K(121024K), 0.0014100 secs] [Times: user=0.01 sys=0.00, real=0.00 secs] 
257.438: Total time for which application threads were stopped: 0.0015420 seconds, Stopping threads took: 0.0000770 seconds
257.495: Application time: 0.0571060 seconds
257.495: [GC257.495: [ParNew: 36664K->4112K(37632K), 0.0017990 secs] 107529K->77024K(121024K), 0.0018310 secs] [Times: user=0.02 sys=0.00, real=0.00 secs] 
257.497: Total time for which application threads were stopped: 0.0019650 seconds, Stopping threads took: 0.0000780 seconds
257.563: Application time: 0.0656930 seconds
257.563: [GC257.563: [ParNew: 37098K->4118K(37632K), 0.0017930 secs] 110010K->79078K(121024K), 0.0018270 secs] [Times: user=0.01 sys=0.00, real=0.00 secs] 
257.565: Total time for which application threads were stopped: 0.0019570 seconds, Stopping threads took: 0.0000720 seconds
257.625: Application time: 0.0601790 seconds
257.627: [GC257.627: [ParNew: 36910K->4130K(37632K), 0.0016810 secs] 111870K->81138K(121024K), 0.0017260 secs] [Times: user=0.01 sys=0.00, real=0.00 secs] 
257.629: Total time for which application threads were stopped: 0.0034690 seconds, Stopping threads took: 0.0016730 seconds
257.691: Application time: 0.0626590 seconds
257.691: [GC257.691: [ParNew: 36955K->3188K(37632K), 0.0009540 secs] 113963K->80196K(121024K), 0.0009860 secs] [Times: user=0.01 sys=0.00, real=0.00 secs] 
257.692: Total time for which application threads were stopped: 0.0011390 seconds, Stopping threads took: 0.0000970 seconds
257.752: Application time: 0.0597440 seconds
257.752: [GC257.752: [ParNew: 35989K->2200K(37632K), 0.0007560 secs] 112998K->79273K(121024K), 0.0007830 secs] [Times: user=0.00 sys=0.00, real=0.00 secs] 
257.753: Total time for which application threads were stopped: 0.0008890 seconds, Stopping threads took: 0.0000560 seconds
257.813: Application time: 0.0600830 seconds
257.813: [GC257.813: [ParNew: 35672K->4156K(37632K), 0.0014800 secs] 112745K->82389K(121024K), 0.0015140 secs] [Times: user=0.01 sys=0.00, real=0.00 secs] 
257.815: Total time for which application threads were stopped: 0.0016290 seconds, Stopping threads took: 0.0000580 seconds
257.869: Application time: 0.0543320 seconds
257.869: [GC257.869: [ParNew: 36878K->4154K(37632K), 0.0019790 secs] 115111K->85474K(121024K), 0.0020130 secs] [Times: user=0.01 sys=0.00, real=0.01 secs] 
257.871: Total time for which application threads were stopped: 0.0021490 seconds, Stopping threads took: 0.0000780 seconds
257.932: Application time: 0.0609010 seconds
257.932: [GC257.932: [ParNew: 37083K->4114K(37632K), 0.0020940 secs]257.934: [Tenured: 84472K->11033K(85188K), 0.0088980 secs] 118404K->11033K(122820K), [Perm : 5528K->5528K(21248K)], 0.0111110 secs] [Times: user=0.02 sys=0.00, real=0.01 secs] 
257.943: Total time for which application threads were stopped: 0.0112520 seconds, Stopping threads took: 0.0000800 seconds
258.004: Application time: 0.0608970 seconds
258.004: [GC258.004: [ParNew: 33029K->4140K(37632K), 0.0019800 secs] 44062K->18245K(121024K), 0.0020190 secs] [Times: user=0.01 sys=0.00, real=0.00 secs] 
258.006: Total time for which application threads were stopped: 0.0021740 seconds, Stopping threads took: 0.0000940 seconds
258.071: Application time: 0.0647170 seconds
258.071: [GC258.071: [ParNew: 37137K->4129K(37632K), 0.0018700 secs] 51243K->20339K(121024K), 0.0019050 secs] [Times: user=0.02 sys=0.00, real=0.00 secs] 
258.073: Total time for which application threads were stopped: 0.0020330 seconds, Stopping threads took: 0.0000690 seconds
258.138: Application time: 0.0643730 seconds
258.138: [GC258.138: [ParNew: 37042K->4118K(37632K), 0.0011770 secs] 53252K->20327K(121024K), 0.0012090 secs] [Times: user=0.01 sys=0.00, real=0.01 secs] 
258.139: Total time for which application threads were stopped: 0.0014520 seconds, Stopping threads took: 0.0001710 seconds
258.197: Application time: 0.0581020 seconds
258.197: [GC258.197: [ParNew: 36652K->4118K(37632K), 0.0014010 secs] 52862K->21352K(121024K), 0.0014350 secs] [Times: user=0.01 sys=0.00, real=0.01 secs] 
258.199: Total time for which application threads were stopped: 0.0016110 seconds, Stopping threads took: 0.0001200 seconds
258.263: Application time: 0.0639180 seconds
258.263: [GC258.263: [ParNew: 37003K->4118K(37632K), 0.0015490 secs] 54236K->23399K(121024K), 0.0015810 secs] [Times: user=0.01 sys=0.00, real=0.00 secs] 
258.264: Total time for which application threads were stopped: 0.0017040 seconds, Stopping threads took: 0.0000640 seconds
258.327: Application time: 0.0624540 seconds
258.327: [GC258.327: [ParNew: 36994K->4130K(37632K), 0.0015910 secs] 56276K->25459K(121024K), 0.0016250 secs] [Times: user=0.01 sys=0.00, real=0.00 secs] 
258.329: Total time for which application threads were stopped: 0.0017750 seconds, Stopping threads took: 0.0000910 seconds
258.390: Application time: 0.0618720 seconds
258.391: [GC258.391: [ParNew: 36952K->4159K(37632K), 0.0011580 secs] 58282K->25520K(121024K), 0.0011990 secs] [Times: user=0.01 sys=0.00, real=0.00 secs] 
258.392: Total time for which application threads were stopped: 0.0013520 seconds, Stopping threads took: 0.0000910 seconds
258.452: Application time: 0.0600700 seconds
258.452: [GC258.452: [ParNew: 37032K->2206K(37632K), 0.0007100 secs] 58394K->23616K(121024K), 0.0007340 secs] [Times: user=0.01 sys=0.00, real=0.00 secs] 
258.453: Total time for which application threads were stopped: 0.0008460 seconds, Stopping threads took: 0.0000630 seconds
258.514: Application time: 0.0617050 seconds
258.515: [GC258.515: [ParNew: 35672K->4157K(37632K), 0.0010450 secs] 57082K->25739K(121024K), 0.0010790 secs] [Times: user=0.01 sys=0.00, real=0.00 secs] 
258.516: Total time for which application threads were stopped: 0.0012070 seconds, Stopping threads took: 0.0000740 seconds
258.569: Application time: 0.0533710 seconds
258.569: [GC258.569: [ParNew: 36796K->4154K(37632K), 0.0020570 secs] 58378K->28832K(121024K), 0.0020940 secs] [Times: user=0.01 sys=0.00, real=0.01 secs] 
258.571: Total time for which application threads were stopped: 0.0022280 seconds, Stopping threads took: 0.0000740 seconds
258.633: Application time: 0.0622330 seconds
258.634: [GC258.634: [ParNew: 37078K->4114K(37632K), 0.0019350 secs] 61756K->31936K(121024K), 0.0019720 secs] [Times: user=0.01 sys=0.00, real=0.00 secs] 
258.636: Total time for which application threads were stopped: 0.0021140 seconds, Stopping threads took: 0.0000830 seconds
258.697: Application time: 0.0609230 seconds
258.697: [GC258.697: [ParNew: 37161K->4143K(37632K), 0.0017030 secs] 64983K->34013K(121024K), 0.0017400 secs] [Times: user=0.01 sys=0.00, real=0.00 secs] 
258.698: Total time for which application threads were stopped: 0.0018880 seconds, Stopping threads took: 0.0000790 seconds
258.763: Application time: 0.0646310 seconds
258.763: [GC258.763: [ParNew: 37080K->4113K(37632K), 0.0014110 secs] 66950K->35063K(121024K), 0.0014420 secs] [Times: user=0.01 sys=0.00, real=0.00 secs] 
258.765: Total time for which application threads were stopped: 0.0015740 seconds, Stopping threads took: 0.0000770 seconds
258.825: Application time: 0.0599970 seconds
258.825: [GC258.825: [ParNew: 36814K->4131K(37632K), 0.0013250 secs] 67764K->36105K(121024K), 0.0013550 secs] [Times: user=0.01 sys=0.00, real=0.00 secs] 
258.826: Total time for which application threads were stopped: 0.0014890 seconds, Stopping threads took: 0.0000770 seconds
258.888: Application time: 0.0616460 seconds
258.888: [GC258.888: [ParNew: 36917K->4122K(37632K), 0.0014350 secs] 68891K->37120K(121024K), 0.0014670 secs] [Times: user=0.01 sys=0.00, real=0.00 secs] 
258.889: Total time for which application threads were stopped: 0.0015960 seconds, Stopping threads took: 0.0000730 seconds
258.949: Application time: 0.0598540 seconds
258.949: [GC258.949: [ParNew: 36890K->4112K(37632K), 0.0020300 secs] 69888K->40182K(121024K), 0.0020640 secs] [Times: user=0.02 sys=0.00, real=0.01 secs] 
258.951: Total time for which application threads were stopped: 0.0022000 seconds, Stopping threads took: 0.0000740 seconds
259.015: Application time: 0.0638720 seconds
259.015: [GC259.015: [ParNew: 37035K->4133K(37632K), 0.0014130 secs] 73105K->41227K(121024K), 0.0014440 secs] [Times: user=0.01 sys=0.00, real=0.00 secs] 
259.017: Total time for which application threads were stopped: 0.0015760 seconds, Stopping threads took: 0.0000730 seconds
259.079: Application time: 0.0623370 seconds
259.083: [GC259.083: [ParNew: 36929K->4158K(37632K), 0.0014320 secs] 74023K->42300K(121024K), 0.0014660 secs] [Times: user=0.01 sys=0.00, real=0.00 secs] 
259.084: Total time for which application threads were stopped: 0.0049350 seconds, Stopping threads took: 0.0034100 seconds
259.146: Application time: 0.0619270 seconds
259.146: [GC259.146: [ParNew: 37230K->2222K(37632K), 0.0006650 secs] 75373K->40428K(121024K), 0.0006940 secs] [Times: user=0.00 sys=0.00, real=0.00 secs] 
259.147: Total time for which application threads were stopped: 0.0008140 seconds, Stopping threads took: 0.0000700 seconds
259.207: Application time: 0.0600960 seconds
259.207: [GC259.207: [ParNew: 35694K->4158K(37632K), 0.0011370 secs] 73900K->42536K(121024K), 0.0011760 secs] [Times: user=0.01 sys=0.00, real=0.00 secs] 
259.208: Total time for which application threads were stopped: 0.0013100 seconds, Stopping threads took: 0.0000720 seconds
259.262: Application time: 0.0535880 seconds
259.262: [GC259.262: [ParNew: 36670K->4140K(37632K), 0.0018910 secs] 75048K->45622K(121024K), 0.0019260 secs] [Times: user=0.02 sys=0.00, real=0.00 secs] 
259.264: Total time for which application threads were stopped: 0.0020520 seconds, Stopping threads took: 0.0000690 seconds
259.322: Application time: 0.0582180 seconds
259.322: [GC259.322: [ParNew: 37016K->4114K(37632K), 0.0019910 secs] 78498K->48732K(121024K), 0.0020270 secs] [Times: user=0.02 sys=0.00, real=0.00 secs] 
259.324: Total time for which application threads were stopped: 0.0021830 seconds, Stopping threads took: 0.0000970 seconds
259.389: Application time: 0.0645280 seconds
259.389: [GC259.389: [ParNew: 37206K->4140K(37632K), 0.0016170 secs] 81824K->50806K(121024K), 0.0016510 secs] [Times: user=0.00 sys=0.01, real=0.01 secs] 
259.391: Total time for which application threads were stopped: 0.0017790 seconds, Stopping threads took: 0.0000680 seconds
259.453: Application time: 0.0621060 seconds
259.453: [GC259.453: [ParNew: 37047K->4112K(37632K), 0.0017610 secs] 83713K->52875K(121024K), 0.0017910 secs] [Times: user=0.02 sys=0.00, real=0.00 secs] 
259.455: Total time for which application threads were stopped: 0.0019210 seconds, Stopping threads took: 0.0000740 seconds
259.519: Application time: 0.0638650 seconds
259.519: [GC259.519: [ParNew: 36960K->4148K(37632K), 0.0012480 secs] 85723K->53934K(121024K), 0.0012800 secs] [Times: user=0.01 sys=0.00, real=0.00 secs] 
259.520: Total time for which application threads were stopped: 0.0013990 seconds, Stopping threads took: 0.0000640 seconds
259.580: Application time: 0.0595360 seconds
259.580: [GC259.580: [ParNew: 36782K->4120K(37632K), 0.0013200 secs] 86569K->54931K(121024K), 0.0013530 secs] [Times: user=0.01 sys=0.00, real=0.00 secs] 
259.581: Total time for which application threads were stopped: 0.0014800 seconds, Stopping threads took: 0.0000700 seconds
259.643: Application time: 0.0620540 seconds
259.643: [GC259.643: [ParNew: 36986K->4118K(37632K), 0.0016300 secs] 87796K->56976K(121024K), 0.0016620 secs] [Times: user=0.01 sys=0.00, real=0.00 secs] 
259.645: Total time for which application threads were stopped: 0.0017960 seconds, Stopping threads took: 0.0000780 seconds
259.706: Application time: 0.0607000 seconds
259.706: [GC259.706: [ParNew: 36879K->4150K(37632K), 0.0014530 secs] 89737K->58033K(121024K), 0.0014870 secs] [Times: user=0.01 sys=0.00, real=0.00 secs] 
259.707: Total time for which application threads were stopped: 0.0016460 seconds, Stopping threads took: 0.0001000 seconds
259.769: Application time: 0.0617930 seconds
259.769: [GC259.769: [ParNew: 36914K->4158K(37632K), 0.0026930 secs] 90797K->58089K(121024K), 0.0027290 secs] [Times: user=0.01 sys=0.00, real=0.01 secs] 
259.772: Total time for which application threads were stopped: 0.0028670 seconds, Stopping threads took: 0.0000750 seconds
259.834: Application time: 0.0623090 seconds
259.834: [GC259.834: [ParNew: 36981K->4155K(37632K), 0.0011550 secs] 90912K->58189K(121024K), 0.0011860 secs] [Times: user=0.01 sys=0.00, real=0.00 secs] 
259.835: Total time for which application threads were stopped: 0.0013220 seconds, Stopping threads took: 0.0000820 seconds
259.893: Application time: 0.0576470 seconds
259.893: [GC259.893: [ParNew: 37622K->4146K(37632K), 0.0016310 secs] 91657K->60301K(121024K), 0.0016640 secs] [Times: user=0.01 sys=0.00, real=0.00 secs] 
259.895: Total time for which application threads were stopped: 0.0018180 seconds, Stopping threads took: 0.0000950 seconds
259.954: Application time: 0.0586550 seconds
259.954: [GC259.954: [ParNew: 37036K->4158K(37632K), 0.0014100 secs] 93191K->61409K(121024K), 0.0014410 secs] [Times: user=0.01 sys=0.00, real=0.00 secs] 
259.955: Total time for which application threads were stopped: 0.0015780 seconds, Stopping threads took: 0.0000750 seconds
260.015: Application time: 0.0593950 seconds
260.015: [GC260.015: [ParNew: 37069K->4112K(37632K), 0.0019530 secs] 94320K->64523K(121024K), 0.0019890 secs] [Times: user=0.02 sys=0.00, real=0.00 secs] 
260.017: Total time for which application threads were stopped: 0.0021300 seconds, Stopping threads took: 0.0000820 seconds
260.078: Application time: 0.0617210 seconds
260.079: [GC260.079: [ParNew: 37146K->4140K(37632K), 0.0020070 secs] 97557K->67623K(121024K), 0.0020420 secs] [Times: user=0.02 sys=0.00, real=0.01 secs] 
260.081: Total time for which application threads were stopped: 0.0021760 seconds, Stopping threads took: 0.0000750 seconds
260.144: Application time: 0.0631410 seconds
260.144: [GC260.144: [ParNew: 37080K->4119K(37632K), 0.0016630 secs] 100563K->69691K(121024K), 0.0016970 secs] [Times: user=0.01 sys=0.00, real=0.00 secs] 
260.146: Total time for which application threads were stopped: 0.0018270 seconds, Stopping threads took: 0.0000720 seconds
260.209: Application time: 0.0629810 seconds
260.209: [GC260.209: [ParNew: 36979K->4148K(37632K), 0.0014240 secs] 102550K->70743K(121024K), 0.0014540 secs] [Times: user=0.01 sys=0.00, real=0.00 secs] 
260.210: Total time for which application threads were stopped: 0.0015800 seconds, Stopping threads took: 0.0000700 seconds
260.270: Application time: 0.0597130 seconds
260.270: [GC260.270: [ParNew: 36789K->4134K(37632K), 0.0014640 secs] 103384K->71753K(121024K), 0.0014900 secs] [Times: user=0.01 sys=0.00, real=0.01 secs] 
260.272: Total time for which application threads were stopped: 0.0020310 seconds, Stopping threads took: 0.0004740 seconds
260.337: Application time: 0.0646640 seconds
260.337: [GC260.337: [ParNew: 37062K->4116K(37632K), 0.0016150 secs] 104681K->73783K(121024K), 0.0016490 secs] [Times: user=0.01 sys=0.00, real=0.00 secs] 
260.338: Total time for which application threads were stopped: 0.0017780 seconds, Stopping threads took: 0.0000720 seconds
260.400: Application time: 0.0612590 seconds
260.400: [GC260.400: [ParNew: 36853K->4152K(37632K), 0.0010940 secs] 106520K->73819K(121024K), 0.0011250 secs] [Times: user=0.01 sys=0.00, real=0.00 secs] 
260.401: Total time for which application threads were stopped: 0.0012630 seconds, Stopping threads took: 0.0000800 seconds
260.463: Application time: 0.0619830 seconds
260.463: [GC260.463: [ParNew: 36986K->4159K(37632K), 0.0011640 secs] 106654K->73851K(121024K), 0.0011940 secs] [Times: user=0.01 sys=0.00, real=0.00 secs] 
260.464: Total time for which application threads were stopped: 0.0013210 seconds, Stopping threads took: 0.0000720 seconds
260.524: Application time: 0.0597140 seconds
260.524: [GC260.524: [ParNew: 36804K->3199K(37632K), 0.0008590 secs] 106495K->72938K(121024K), 0.0008860 secs] [Times: user=0.01 sys=0.00, real=0.00 secs] 
260.525: Total time for which application threads were stopped: 0.0010060 seconds, Stopping threads took: 0.0000710 seconds
260.584: Application time: 0.0591310 seconds
260.584: [GC260.584: [ParNew: 36671K->4144K(37632K), 0.0014760 secs] 106410K->75027K(121024K), 0.0015110 secs] [Times: user=0.01 sys=0.00, real=0.00 secs] 
260.586: Total time for which application threads were stopped: 0.0016230 seconds, Stopping threads took: 0.0000540 seconds
260.645: Application time: 0.0589500 seconds
260.645: [GC260.645: [ParNew: 37086K->4157K(37632K), 0.0017150 secs] 107970K->77161K(121024K), 0.0017500 secs] [Times: user=0.01 sys=0.00, real=0.00 secs] 
260.646: Total time for which application threads were stopped: 0.0018780 seconds, Stopping threads took: 0.0000690 seconds
260.704: Application time: 0.0570490 seconds
260.704: [GC260.704: [ParNew: 37024K->4112K(37632K), 0.0018260 secs] 110027K->79235K(121024K), 0.0018600 secs] [Times: user=0.02 sys=0.00, real=0.00 secs] 
260.706: Total time for which application threads were stopped: 0.0019820 seconds, Stopping threads took: 0.0000600 seconds
260.770: Application time: 0.0640880 seconds
260.770: [GC260.770: [ParNew: 37202K->4140K(37632K), 0.0017400 secs] 112325K->81311K(121024K), 0.0017800 secs] [Times: user=0.01 sys=0.00, real=0.01 secs] 
260.772: Total time for which application threads were stopped: 0.0019100 seconds, Stopping threads took: 0.0000730 seconds
260.833: Application time: 0.0618650 seconds
260.834: [GC260.834: [ParNew: 37073K->4115K(37632K), 0.0017350 secs] 114245K->83374K(121024K), 0.0017670 secs] [Times: user=0.01 sys=0.00, real=0.00 secs] 
260.835: Total time for which application threads were stopped: 0.0019650 seconds, Stopping threads took: 0.0001310 seconds
260.898: Application time: 0.0623080 seconds
260.898: [GC260.898: [ParNew: 36956K->4131K(37632K), 0.0014150 secs] 116215K->84414K(121024K), 0.0014490 secs] [Times: user=0.01 sys=0.00, real=0.01 secs] 
260.899: Total time for which application threads were stopped: 0.0016150 seconds, Stopping threads took: 0.0001090 seconds
260.960: Application time: 0.0604820 seconds
260.960: [GC260.960: [ParNew: 36752K->4118K(37632K), 0.0014090 secs] 117035K->85425K(121024K), 0.0014410 secs] [Times: user=0.01 sys=0.00, real=0.00 secs] 
260.961: Total time for which application threads were stopped: 0.0015910 seconds, Stopping threads took: 0.0000930 seconds
261.026: Application time: 0.0649050 seconds
261.026: [GC261.026: [ParNew: 37050K->4113K(37632K), 0.0015890 secs] 118357K->87469K(121024K), 0.0016230 secs] [Times: user=0.01 sys=0.00, real=0.00 secs] 
261.028: Total time for which application threads were stopped: 0.0017480 seconds, Stopping threads took: 0.0000670 seconds
261.089: Application time: 0.0608600 seconds
261.089: [GC261.089: [ParNew: 36827K->4154K(37632K), 0.0013720 secs]261.090: [Tenured: 84379K->12295K(84420K), 0.0083940 secs] 120182K->12295K(122052K), [Perm : 5528K->5528K(21248K)], 0.0098770 secs] [Times: user=0.02 sys=0.00, real=0.02 secs] 
261.099: Total time for which application threads were stopped: 0.0100190 seconds, Stopping threads took: 0.0000810 seconds
261.159: Application time: 0.0600080 seconds
261.159: [GC261.159: [ParNew: 32731K->4158K(37632K), 0.0011520 secs] 45026K->16466K(121024K), 0.0011850 secs] [Times: user=0.01 sys=0.00, real=0.00 secs] 
261.160: Total time for which application threads were stopped: 0.0013750 seconds, Stopping threads took: 0.0001120 seconds
261.221: Application time: 0.0605510 seconds
261.221: [GC261.221: [ParNew: 36992K->3200K(37632K), 0.0009470 secs] 49300K->15572K(121024K), 0.0009740 secs] [Times: user=0.00 sys=0.00, real=0.00 secs] 
261.222: Total time for which application threads were stopped: 0.0011180 seconds, Stopping threads took: 0.0000940 seconds
261.281: Application time: 0.0588130 seconds
261.281: [GC261.281: [ParNew: 36671K->4156K(37632K), 0.0013480 secs] 49042K->17680K(121024K), 0.0013770 secs] [Times: user=0.01 sys=0.00, real=0.00 secs] 
261.282: Total time for which application threads were stopped: 0.0015020 seconds, Stopping threads took: 0.0000700 seconds
261.344: Application time: 0.0615200 seconds
261.344: [GC261.344: [ParNew: 37148K->4159K(37632K), 0.0011000 secs] 50672K->17755K(121024K), 0.0011330 secs] [Times: user=0.01 sys=0.00, real=0.00 secs] 
261.345: Total time for which application threads were stopped: 0.0013020 seconds, Stopping threads took: 0.0001030 seconds
261.401: Application time: 0.0560900 seconds
261.401: [GC261.401: [ParNew: 36974K->4121K(37632K), 0.0017240 secs] 50570K->19845K(121024K), 0.0017590 secs] [Times: user=0.01 sys=0.00, real=0.00 secs] 
261.403: Total time for which application threads were stopped: 0.0019080 seconds, Stopping threads took: 0.0000900 seconds
261.468: Application time: 0.0645570 seconds
261.468: [GC261.468: [ParNew: 37194K->4142K(37632K), 0.0019620 secs] 52919K->22938K(121024K), 0.0019950 secs] [Times: user=0.01 sys=0.00, real=0.00 secs] 
261.470: Total time for which application threads were stopped: 0.0021510 seconds, Stopping threads took: 0.0000980 seconds
261.530: Application time: 0.0601160 seconds
261.530: [GC261.530: [ParNew: 37034K->4115K(37632K), 0.0017070 secs] 55830K->25007K(121024K), 0.0017440 secs] [Times: user=0.01 sys=0.00, real=0.01 secs] 
261.532: Total time for which application threads were stopped: 0.0019130 seconds, Stopping threads took: 0.0001020 seconds
261.595: Application time: 0.0631400 seconds
261.595: [GC261.595: [ParNew: 37023K->4128K(37632K), 0.0017230 secs] 57915K->27068K(121024K), 0.0017550 secs] [Times: user=0.02 sys=0.00, real=0.00 secs] 
261.597: Total time for which application threads were stopped: 0.0018860 seconds, Stopping threads took: 0.0000700 seconds
261.661: Application time: 0.0644550 seconds
261.661: [GC261.661: [ParNew: 37014K->4135K(37632K), 0.0013100 secs] 59954K->28099K(121024K), 0.0013420 secs] [Times: user=0.01 sys=0.00, real=0.00 secs] 
261.663: Total time for which application threads were stopped: 0.0014670 seconds, Stopping threads took: 0.0000690 seconds
261.723: Application time: 0.0601430 seconds
261.727: [GC261.727: [ParNew: 36618K->3109K(37632K), 0.0008510 secs] 60583K->27073K(121024K), 0.0008800 secs] [Times: user=0.01 sys=0.00, real=0.00 secs] 
261.728: Total time for which application threads were stopped: 0.0046520 seconds, Stopping threads took: 0.0037170 seconds
261.789: Application time: 0.0611940 seconds
261.789: [GC261.789: [ParNew: 35711K->4122K(37632K), 0.0013330 secs] 59675K->29110K(121024K), 0.0013620 secs] [Times: user=0.01 sys=0.00, real=0.00 secs] 
261.790: Total time for which application threads were stopped: 0.0014900 seconds, Stopping threads took: 0.0000720 seconds
261.850: Application time: 0.0592630 seconds
261.850: [GC261.850: [ParNew: 36928K->4142K(37632K), 0.0017150 secs] 61916K->31179K(121024K), 0.0017480 secs] [Times: user=0.02 sys=0.00, real=0.01 secs] 
261.851: Total time for which application threads were stopped: 0.0018920 seconds, Stopping threads took: 0.0000770 seconds
261.911: Application time: 0.0592830 seconds
261.911: [GC261.911: [ParNew: 36851K->4159K(37632K), 0.0011230 secs] 63888K->31323K(121024K), 0.0011560 secs] [Times: user=0.01 sys=0.00, real=0.00 secs] 
261.912: Total time for which application threads were stopped: 0.0012730 seconds, Stopping threads took: 0.0000620 seconds
261.973: Application time: 0.0606370 seconds
261.973: [GC261.973: [ParNew: 37094K->4158K(37632K), 0.0011290 secs] 64259K->31426K(121024K), 0.0011540 secs] [Times: user=0.01 sys=0.00, real=0.00 secs] 
261.974: Total time for which application threads were stopped: 0.0013420 seconds, Stopping threads took: 0.0001360 seconds
262.032: Application time: 0.0575770 seconds
262.032: [GC262.032: [ParNew: 36876K->4146K(37632K), 0.0016430 secs] 64144K->33534K(121024K), 0.0016790 secs] [Times: user=0.02 sys=0.00, real=0.00 secs] 
262.033: Total time for which application threads were stopped: 0.0018080 seconds, Stopping threads took: 0.0000700 seconds
262.095: Application time: 0.0614360 seconds
262.095: [GC262.095: [ParNew: 37026K->4110K(37632K), 0.0019280 secs] 66415K->36626K(121024K), 0.0019640 secs] [Times: user=0.01 sys=0.00, real=0.00 secs] 
262.097: Total time for which application threads were stopped: 0.0020890 seconds, Stopping threads took: 0.0000660 seconds
262.158: Application time: 0.0609510 seconds
262.158: [GC262.158: [ParNew: 37182K->4142K(37632K), 0.0019700 secs] 69698K->39730K(121024K), 0.0020040 secs] [Times: user=0.01 sys=0.00, real=0.01 secs] 
262.160: Total time for which application threads were stopped: 0.0021340 seconds, Stopping threads took: 0.0000730 seconds
262.224: Application time: 0.0644180 seconds
262.225: [GC262.225: [ParNew: 37101K->4118K(37632K), 0.0016200 secs] 72689K->41794K(121024K), 0.0016540 secs] [Times: user=0.01 sys=0.00, real=0.00 secs] 
262.226: Total time for which application threads were stopped: 0.0018030 seconds, Stopping threads took: 0.0000910 seconds
262.288: Application time: 0.0620030 seconds
262.288: [GC262.288: [ParNew: 37023K->4148K(37632K), 0.0014630 secs] 74699K->42848K(121024K), 0.0014930 secs] [Times: user=0.01 sys=0.00, real=0.00 secs] 
262.290: Total time for which application threads were stopped: 0.0016530 seconds, Stopping threads took: 0.0001030 seconds
262.354: Application time: 0.0641490 seconds
262.354: [GC262.354: [ParNew: 37005K->3140K(37632K), 0.0009060 secs] 75705K->41841K(121024K), 0.0009420 secs] [Times: user=0.00 sys=0.00, real=0.00 secs] 
262.355: Total time for which application threads were stopped: 0.0010750 seconds, Stopping threads took: 0.0000730 seconds
262.416: Application time: 0.0613700 seconds
262.417: [GC262.417: [ParNew: 36612K->4139K(37632K), 0.0011020 secs] 75313K->42839K(121024K), 0.0011320 secs] [Times: user=0.01 sys=0.00, real=0.00 secs] 
262.418: Total time for which application threads were stopped: 0.0012540 seconds, Stopping threads took: 0.0000680 seconds
262.476: Application time: 0.0579220 seconds
262.476: [GC262.476: [ParNew: 36604K->4118K(37632K), 0.0016360 secs] 75305K->44866K(121024K), 0.0016690 secs] [Times: user=0.02 sys=0.00, real=0.00 secs] 
262.477: Total time for which application threads were stopped: 0.0018050 seconds, Stopping threads took: 0.0000780 seconds
262.540: Application time: 0.0623620 seconds
262.540: [GC262.540: [ParNew: 37164K->4158K(37632K), 0.0016380 secs] 77913K->46967K(121024K), 0.0016720 secs] [Times: user=0.01 sys=0.00, real=0.00 secs] 
262.542: Total time for which application threads were stopped: 0.0017950 seconds, Stopping threads took: 0.0000660 seconds
262.598: Application time: 0.0561700 seconds
262.598: [GC262.598: [ParNew: 36728K->4155K(37632K), 0.0011890 secs] 79537K->47060K(121024K), 0.0012210 secs] [Times: user=0.01 sys=0.00, real=0.01 secs] 
262.599: Total time for which application threads were stopped: 0.0013900 seconds, Stopping threads took: 0.0001130 seconds
262.665: Application time: 0.0657670 seconds
262.665: [GC262.665: [ParNew: 37416K->1156K(37632K), 0.0004160 secs] 80321K->44117K(121024K), 0.0004450 secs] [Times: user=0.01 sys=0.00, real=0.00 secs] 
262.666: Total time for which application threads were stopped: 0.0005640 seconds, Stopping threads took: 0.0000690 seconds
262.721: Application time: 0.0550930 seconds
262.721: [GC262.721: [ParNew: 33652K->4157K(37632K), 0.0017370 secs] 76613K->49238K(121024K), 0.0017740 secs] [Times: user=0.01 sys=0.00, real=0.00 secs] 
262.723: Total time for which application threads were stopped: 0.0019210 seconds, Stopping threads took: 0.0000870 seconds
262.780: Application time: 0.0579130 seconds
262.781: [GC262.781: [ParNew: 36954K->4110K(37632K), 0.0019820 secs] 82035K->52355K(121024K), 0.0020240 secs] [Times: user=0.01 sys=0.01, real=0.00 secs] 
262.783: Total time for which application threads were stopped: 0.0021590 seconds, Stopping threads took: 0.0000750 seconds
262.847: Application time: 0.0639650 seconds
262.847: [GC262.847: [ParNew: 37203K->4144K(37632K), 0.0020330 secs] 85448K->55461K(121024K), 0.0020660 secs] [Times: user=0.01 sys=0.00, real=0.00 secs] 
262.849: Total time for which application threads were stopped: 0.0022120 seconds, Stopping threads took: 0.0000910 seconds
262.911: Application time: 0.0625530 seconds
262.911: [GC262.911: [ParNew: 37040K->4115K(37632K), 0.0019700 secs] 88357K->58552K(121024K), 0.0020030 secs] [Times: user=0.01 sys=0.00, real=0.00 secs] 
262.913: Total time for which application threads were stopped: 0.0021330 seconds, Stopping threads took: 0.0000600 seconds
262.978: Application time: 0.0641900 seconds
262.978: [GC262.978: [ParNew: 37103K->4124K(37632K), 0.0013910 secs] 91541K->59585K(121024K), 0.0014230 secs] [Times: user=0.01 sys=0.00, real=0.01 secs] 
262.979: Total time for which application threads were stopped: 0.0015490 seconds, Stopping threads took: 0.0000700 seconds
263.043: Application time: 0.0642260 seconds
263.044: [GC263.044: [ParNew: 36962K->3145K(37632K), 0.0009340 secs] 92423K->58606K(121024K), 0.0009640 secs] [Times: user=0.00 sys=0.00, real=0.00 secs] 
263.045: Total time for which application threads were stopped: 0.0010880 seconds, Stopping threads took: 0.0000700 seconds
263.104: Application time: 0.0590240 seconds
263.104: [GC263.104: [ParNew: 36381K->3104K(37632K), 0.0007990 secs] 91843K->58566K(121024K), 0.0008290 secs] [Times: user=0.01 sys=0.00, real=0.00 secs] 
263.105: Total time for which application threads were stopped: 0.0009480 seconds, Stopping threads took: 0.0000660 seconds
263.166: Application time: 0.0615160 seconds
263.166: [GC263.166: [ParNew: 35906K->4119K(37632K), 0.0012790 secs] 91367K->60604K(121024K), 0.0013190 secs] [Times: user=0.01 sys=0.00, real=0.00 secs] 
263.168: Total time for which application threads were stopped: 0.0014810 seconds, Stopping threads took: 0.0001050 seconds
263.227: Application time: 0.0598020 seconds
263.227: [GC263.228: [ParNew: 37014K->4158K(37632K), 0.0015190 secs] 93500K->61691K(121024K), 0.0015490 secs] [Times: user=0.01 sys=0.00, real=0.00 secs] 
263.229: Total time for which application threads were stopped: 0.0017230 seconds, Stopping threads took: 0.0001170 seconds
263.288: Application time: 0.0593840 seconds
263.289: [GC263.289: [ParNew: 36908K->4158K(37632K), 0.0013630 secs] 94441K->62779K(121024K), 0.0013960 secs] [Times: user=0.01 sys=0.00, real=0.00 secs] 
263.290: Total time for which application threads were stopped: 0.0015200 seconds, Stopping threads took: 0.0000680 seconds
263.352: Application time: 0.0620540 seconds
263.352: [GC263.352: [ParNew: 37194K->3216K(37632K), 0.0009110 secs] 95815K->61909K(121024K), 0.0009380 secs] [Times: user=0.01 sys=0.00, real=0.00 secs] 
263.353: Total time for which application threads were stopped: 0.0010610 seconds, Stopping threads took: 0.0000700 seconds
263.409: Application time: 0.0559000 seconds
263.409: [GC263.409: [ParNew: 35730K->4145K(37632K), 0.0017650 secs] 94424K->65023K(121024K), 0.0018010 secs] [Times: user=0.01 sys=0.00, real=0.01 secs] 
263.411: Total time for which application threads were stopped: 0.0019410 seconds, Stopping threads took: 0.0000830 seconds
263.471: Application time: 0.0601740 seconds
263.471: [GC263.471: [ParNew: 37052K->4112K(37632K), 0.0019750 secs] 97929K->68110K(121024K), 0.0020100 secs] [Times: user=0.02 sys=0.00, real=0.00 secs] 
263.473: Total time for which application threads were stopped: 0.0021870 seconds, Stopping threads took: 0.0001070 seconds
263.537: Application time: 0.0637930 seconds
263.537: [GC263.537: [ParNew: 37178K->4144K(37632K), 0.0017000 secs] 101176K->70190K(121024K), 0.0017330 secs] [Times: user=0.02 sys=0.00, real=0.01 secs] 
263.539: Total time for which application threads were stopped: 0.0018680 seconds, Stopping threads took: 0.0000790 seconds
263.597: Application time: 0.0584370 seconds
263.598: [GC263.598: [ParNew: 36836K->4112K(37632K), 0.0017340 secs] 102882K->72261K(121024K), 0.0017690 secs] [Times: user=0.02 sys=0.00, real=0.01 secs] 
263.599: Total time for which application threads were stopped: 0.0019030 seconds, Stopping threads took: 0.0000770 seconds
263.664: Application time: 0.0649970 seconds
263.664: [GC263.664: [ParNew: 37073K->4127K(37632K), 0.0016920 secs] 105222K->73301K(121024K), 0.0017230 secs] [Times: user=0.01 sys=0.00, real=0.00 secs] 
263.666: Total time for which application threads were stopped: 0.0018850 seconds, Stopping threads took: 0.0001010 seconds
263.731: Application time: 0.0647990 seconds
263.731: [GC263.731: [ParNew: 37031K->3111K(37632K), 0.0009000 secs] 106204K->72285K(121024K), 0.0009290 secs] [Times: user=0.01 sys=0.00, real=0.00 secs] 
263.732: Total time for which application threads were stopped: 0.0010540 seconds, Stopping threads took: 0.0000690 seconds
263.790: Application time: 0.0583300 seconds
263.790: [GC263.790: [ParNew: 36551K->4137K(37632K), 0.0012140 secs] 105725K->73311K(121024K), 0.0012460 secs] [Times: user=0.01 sys=0.00, real=0.01 secs] 
263.792: Total time for which application threads were stopped: 0.0013720 seconds, Stopping threads took: 0.0000700 seconds
263.855: Application time: 0.0628060 seconds
263.859: [GC263.859: [ParNew: 36932K->4114K(37632K), 0.0017310 secs] 106105K->75335K(121024K), 0.0017630 secs] [Times: user=0.01 sys=0.00, real=0.00 secs] 
263.860: Total time for which application threads were stopped: 0.0059190 seconds, Stopping threads took: 0.0040980 seconds
263.920: Application time: 0.0590540 seconds
263.920: [GC263.920: [ParNew: 36909K->4157K(37632K), 0.0014690 secs] 108131K->76403K(121024K), 0.0015100 secs] [Times: user=0.01 sys=0.00, real=0.00 secs] 
263.921: Total time for which application threads were stopped: 0.0016270 seconds, Stopping threads took: 0.0000600 seconds
263.981: Application time: 0.0595780 seconds
263.981: [GC263.981: [ParNew: 36991K->4157K(37632K), 0.0014570 secs] 109237K->77483K(121024K), 0.0014880 secs] [Times: user=0.01 sys=0.00, real=0.00 secs] 
263.982: Total time for which application threads were stopped: 0.0016250 seconds, Stopping threads took: 0.0000730 seconds
264.044: Application time: 0.0621220 seconds
264.045: [GC264.045: [ParNew: 37179K->4158K(37632K), 0.0014200 secs] 110505K->78640K(121024K), 0.0014510 secs] [Times: user=0.01 sys=0.00, real=0.00 secs] 
264.046: Total time for which application threads were stopped: 0.0015930 seconds, Stopping threads took: 0.0000860 seconds
264.104: Application time: 0.0583700 seconds
264.105: [GC264.105: [ParNew: 36816K->4150K(37632K), 0.0013530 secs] 111298K->79728K(121024K), 0.0013840 secs] [Times: user=0.01 sys=0.00, real=0.00 secs] 
264.106: Total time for which application threads were stopped: 0.0015310 seconds, Stopping threads took: 0.0000910 seconds
264.163: Application time: 0.0569110 seconds
264.163: [GC264.163: [ParNew: 36907K->4112K(37632K), 0.0019570 secs] 112485K->82818K(121024K), 0.0019900 secs] [Times: user=0.01 sys=0.00, real=0.00 secs] 
264.165: Total time for which application threads were stopped: 0.0021400 seconds, Stopping threads took: 0.0000920 seconds
264.229: Application time: 0.0638930 seconds
264.229: [GC264.229: [ParNew: 37185K->4142K(37632K), 0.0018090 secs] 115891K->84896K(121024K), 0.0018440 secs] [Times: user=0.01 sys=0.00, real=0.01 secs] 
264.231: Total time for which application threads were stopped: 0.0019720 seconds, Stopping threads took: 0.0000690 seconds
264.293: Application time: 0.0624600 seconds
264.293: [GC264.294: [ParNew: 36971K->4128K(37632K), 0.0017400 secs] 117725K->86986K(121024K), 0.0017720 secs] [Times: user=0.02 sys=0.00, real=0.00 secs] 
264.295: Total time for which application threads were stopped: 0.0019120 seconds, Stopping threads took: 0.0000820 seconds
264.358: Application time: 0.0622300 seconds
264.358: [GC264.358: [ParNew: 36898K->4151K(37632K), 0.0010880 secs] 119756K->87010K(121024K), 0.0011160 secs] [Times: user=0.01 sys=0.00, real=0.01 secs] 
264.359: Total time for which application threads were stopped: 0.0012500 seconds, Stopping threads took: 0.0000830 seconds
264.421: Application time: 0.0624530 seconds
264.421: [GC264.421: [ParNew: 36824K->4119K(37632K), 0.0017270 secs] 119682K->86977K(121024K), 0.0017550 secs] [Times: user=0.01 sys=0.00, real=0.00 secs] 
264.423: Total time for which application threads were stopped: 0.0018750 seconds, Stopping threads took: 0.0000680 seconds
264.481: Application time: 0.0581960 seconds
264.481: [GC264.481: [ParNew: 36761K->4132K(37632K), 0.0017300 secs]264.483: [Tenured: 84906K->13500K(85448K), 0.0086850 secs] 119619K->13500K(123080K), [Perm : 5528K->5528K(21248K)], 0.0105500 secs] [Times: user=0.02 sys=0.00, real=0.01 secs] 
264.492: Total time for which application threads were stopped: 0.0106850 seconds, Stopping threads took: 0.0000720 seconds
264.554: Application time: 0.0615430 seconds
264.555: [GC264.555: [ParNew: 32831K->4112K(37632K), 0.0017950 secs] 46331K->19661K(121024K), 0.0018290 secs] [Times: user=0.02 sys=0.00, real=0.00 secs] 
264.557: Total time for which application threads were stopped: 0.0030180 seconds, Stopping threads took: 0.0011200 seconds
264.616: Application time: 0.0597270 seconds
264.616: [GC264.616: [ParNew: 36786K->4158K(37632K), 0.0011660 secs] 52334K->19730K(121024K), 0.0011960 secs] [Times: user=0.01 sys=0.00, real=0.00 secs] 
264.618: Total time for which application threads were stopped: 0.0013260 seconds, Stopping threads took: 0.0000730 seconds
264.683: Application time: 0.0651110 seconds
264.683: [GC264.683: [ParNew: 37257K->4159K(37632K), 0.0011070 secs] 52829K->19819K(121024K), 0.0011390 secs] [Times: user=0.01 sys=0.00, real=0.00 secs] 
264.684: Total time for which application threads were stopped: 0.0012530 seconds, Stopping threads took: 0.0000470 seconds
264.742: Application time: 0.0582560 seconds
264.742: [GC264.742: [ParNew: 37014K->4158K(37632K), 0.0011760 secs] 52675K->19931K(121024K), 0.0012070 secs] [Times: user=0.01 sys=0.00, real=0.00 secs] 
264.744: Total time for which application threads were stopped: 0.0013280 seconds, Stopping threads took: 0.0000680 seconds
264.800: Application time: 0.0569140 seconds
264.801: [GC264.801: [ParNew: 36739K->4150K(37632K), 0.0013370 secs] 52512K->21027K(121024K), 0.0015780 secs] [Times: user=0.01 sys=0.00, real=0.00 secs] 
264.802: Total time for which application threads were stopped: 0.0017070 seconds, Stopping threads took: 0.0000720 seconds
264.864: Application time: 0.0620240 seconds
264.864: [GC264.864: [ParNew: 37039K->4111K(37632K), 0.0016980 secs] 53915K->23084K(121024K), 0.0017290 secs] [Times: user=0.01 sys=0.00, real=0.00 secs] 
264.866: Total time for which application threads were stopped: 0.0018550 seconds, Stopping threads took: 0.0000660 seconds
264.927: Application time: 0.0613200 seconds
264.928: [GC264.928: [ParNew: 37141K->4143K(37632K), 0.0016740 secs] 56114K->25164K(121024K), 0.0017060 secs] [Times: user=0.01 sys=0.00, real=0.00 secs] 
264.929: Total time for which application threads were stopped: 0.0018530 seconds, Stopping threads took: 0.0000900 seconds
264.993: Application time: 0.0637130 seconds
264.993: [GC264.993: [ParNew: 36945K->4116K(37632K), 0.0011080 secs] 57966K->25193K(121024K), 0.0011400 secs] [Times: user=0.01 sys=0.00, real=0.00 secs] 
264.994: Total time for which application threads were stopped: 0.0012620 seconds, Stopping threads took: 0.0000640 seconds
265.054: Application time: 0.0594370 seconds
265.054: [GC265.054: [ParNew: 37588K->4117K(37632K), 0.0011080 secs] 58665K->25194K(121024K), 0.0011370 secs] [Times: user=0.01 sys=0.00, real=0.00 secs] 
265.055: Total time for which application threads were stopped: 0.0012360 seconds, Stopping threads took: 0.0000460 seconds
265.117: Application time: 0.0618500 seconds
265.117: [GC265.117: [ParNew: 36869K->4112K(37632K), 0.0019230 secs] 57946K->28261K(121024K), 0.0019560 secs] [Times: user=0.02 sys=0.00, real=0.01 secs] 
265.119: Total time for which application threads were stopped: 0.0020870 seconds, Stopping threads took: 0.0000660 seconds
265.178: Application time: 0.0592200 seconds
265.178: [GC265.178: [ParNew: 37002K->4116K(37632K), 0.0017200 secs] 61151K->30313K(121024K), 0.0017520 secs] [Times: user=0.01 sys=0.00, real=0.01 secs] 
265.180: Total time for which application threads were stopped: 0.0018750 seconds, Stopping threads took: 0.0000650 seconds
265.243: Application time: 0.0632240 seconds
265.243: [GC265.243: [ParNew: 37034K->4127K(37632K), 0.0015870 secs] 63231K->32372K(121024K), 0.0016200 secs] [Times: user=0.01 sys=0.00, real=0.00 secs] 
265.245: Total time for which application threads were stopped: 0.0017640 seconds, Stopping threads took: 0.0000880 seconds
265.307: Application time: 0.0623260 seconds
265.307: [GC265.307: [ParNew: 37001K->3171K(37632K), 0.0008430 secs] 65246K->31416K(121024K), 0.0008720 secs] [Times: user=0.01 sys=0.00, real=0.00 secs] 
265.308: Total time for which application threads were stopped: 0.0009960 seconds, Stopping threads took: 0.0000700 seconds
265.370: Application time: 0.0615050 seconds
265.370: [GC265.370: [ParNew: 36112K->4158K(37632K), 0.0011600 secs] 64357K->32516K(121024K), 0.0011890 secs] [Times: user=0.01 sys=0.00, real=0.01 secs] 
265.371: Total time for which application threads were stopped: 0.0012990 seconds, Stopping threads took: 0.0000570 seconds
265.430: Application time: 0.0591110 seconds
265.430: [GC265.430: [ParNew: 37017K->4158K(37632K), 0.0014770 secs] 65375K->33635K(121024K), 0.0015090 secs] [Times: user=0.02 sys=0.00, real=0.01 secs] 
265.432: Total time for which application threads were stopped: 0.0016380 seconds, Stopping threads took: 0.0000750 seconds
265.487: Application time: 0.0553430 seconds
265.487: [GC265.487: [ParNew: 36629K->4148K(37632K), 0.0014260 secs] 66106K->34713K(121024K), 0.0014670 secs] [Times: user=0.01 sys=0.00, real=0.00 secs] 
265.489: Total time for which application threads were stopped: 0.0016030 seconds, Stopping threads took: 0.0000800 seconds
265.553: Application time: 0.0646100 seconds
265.553: [GC265.554: [ParNew: 37092K->4112K(37632K), 0.0018560 secs] 67657K->37805K(121024K), 0.0018900 secs] [Times: user=0.02 sys=0.00, real=0.00 secs] 
265.555: Total time for which application threads were stopped: 0.0020320 seconds, Stopping threads took: 0.0000860 seconds
265.617: Application time: 0.0615280 seconds
265.617: [GC265.617: [ParNew: 37127K->4141K(37632K), 0.0016770 secs] 70820K->39882K(121024K), 0.0017090 secs] [Times: user=0.01 sys=0.00, real=0.01 secs] 
265.619: Total time for which application threads were stopped: 0.0018480 seconds, Stopping threads took: 0.0000810 seconds
265.678: Application time: 0.0591790 seconds
265.678: [GC265.678: [ParNew: 36600K->4149K(37632K), 0.0011460 secs] 72341K->39946K(121024K), 0.0011770 secs] [Times: user=0.00 sys=0.00, real=0.01 secs] 
265.679: Total time for which application threads were stopped: 0.0012980 seconds, Stopping threads took: 0.0000610 seconds
265.742: Application time: 0.0622760 seconds
265.742: [GC265.742: [ParNew: 36920K->4121K(37632K), 0.0010110 secs] 72718K->39918K(121024K), 0.0010420 secs] [Times: user=0.01 sys=0.00, real=0.00 secs] 
265.743: Total time for which application threads were stopped: 0.0011480 seconds, Stopping threads took: 0.0000540 seconds
265.800: Application time: 0.0569320 seconds
265.800: [GC265.800: [ParNew: 36835K->4112K(37632K), 0.0020150 secs] 72633K->42981K(121024K), 0.0020500 secs] [Times: user=0.02 sys=0.00, real=0.00 secs] 
265.802: Total time for which application threads were stopped: 0.0021770 seconds, Stopping threads took: 0.0000710 seconds
265.865: Application time: 0.0634490 seconds
265.865: [GC265.865: [ParNew: 37038K->4116K(37632K), 0.0019490 secs] 75908K->46057K(121024K), 0.0019830 secs] [Times: user=0.01 sys=0.00, real=0.00 secs] 
265.867: Total time for which application threads were stopped: 0.0021350 seconds, Stopping threads took: 0.0000960 seconds
265.929: Application time: 0.0611480 seconds
265.929: [GC265.929: [ParNew: 36999K->4134K(37632K), 0.0013380 secs] 78940K->47099K(121024K), 0.0013710 secs] [Times: user=0.01 sys=0.00, real=0.00 secs] 
265.930: Total time for which application threads were stopped: 0.0015130 seconds, Stopping threads took: 0.0000850 seconds
265.993: Application time: 0.0624620 seconds
265.993: [GC265.993: [ParNew: 36880K->4158K(37632K), 0.0011250 secs] 79846K->47155K(121024K), 0.0011570 secs] [Times: user=0.01 sys=0.00, real=0.00 secs] 
265.994: Total time for which application threads were stopped: 0.0012850 seconds, Stopping threads took: 0.0000700 seconds
266.051: Application time: 0.0572450 seconds
266.051: [GC266.051: [ParNew: 36710K->4142K(37632K), 0.0017850 secs] 79708K->49244K(121024K), 0.0018180 secs] [Times: user=0.01 sys=0.00, real=0.00 secs] 
266.053: Total time for which application threads were stopped: 0.0019430 seconds, Stopping threads took: 0.0000670 seconds
266.118: Application time: 0.0652490 seconds
266.118: [GC266.118: [ParNew: 37442K->4158K(37632K), 0.0014340 secs] 82544K->50424K(121024K), 0.0014650 secs] [Times: user=0.01 sys=0.00, real=0.01 secs] 
266.120: Total time for which application threads were stopped: 0.0015920 seconds, Stopping threads took: 0.0000720 seconds
266.175: Application time: 0.0549350 seconds
266.175: [GC266.175: [ParNew: 36691K->4156K(37632K), 0.0014560 secs] 82957K->51510K(121024K), 0.0014890 secs] [Times: user=0.01 sys=0.00, real=0.00 secs] 
266.176: Total time for which application threads were stopped: 0.0016510 seconds, Stopping threads took: 0.0001050 seconds
266.238: Application time: 0.0620290 seconds
266.239: [GC266.239: [ParNew: 37087K->4111K(37632K), 0.0017930 secs] 84441K->53581K(121024K), 0.0018260 secs] [Times: user=0.01 sys=0.00, real=0.00 secs] 
266.240: Total time for which application threads were stopped: 0.0020050 seconds, Stopping threads took: 0.0001090 seconds
266.305: Application time: 0.0641910 seconds
266.305: [GC266.305: [ParNew: 37191K->4144K(37632K), 0.0016490 secs] 86661K->55678K(121024K), 0.0016910 secs] [Times: user=0.01 sys=0.00, real=0.00 secs] 
266.307: Total time for which application threads were stopped: 0.0018400 seconds, Stopping threads took: 0.0000910 seconds
266.365: Application time: 0.0580090 seconds
266.365: [GC266.365: [ParNew: 37616K->4121K(37632K), 0.0014240 secs] 89150K->56711K(121024K), 0.0014560 secs] [Times: user=0.01 sys=0.00, real=0.00 secs] 
266.366: Total time for which application threads were stopped: 0.0015800 seconds, Stopping threads took: 0.0000660 seconds
266.431: Application time: 0.0645300 seconds
266.431: [GC266.431: [ParNew: 37012K->3113K(37632K), 0.0008810 secs] 89602K->55703K(121024K), 0.0009090 secs] [Times: user=0.01 sys=0.00, real=0.00 secs] 
266.432: Total time for which application threads were stopped: 0.0010310 seconds, Stopping threads took: 0.0000700 seconds
266.486: Application time: 0.0546920 seconds
266.486: [GC266.487: [ParNew: 35700K->4116K(37632K), 0.0020320 secs] 88290K->59778K(121024K), 0.0020670 secs] [Times: user=0.01 sys=0.00, real=0.00 secs] 
266.489: Total time for which application threads were stopped: 0.0022240 seconds, Stopping threads took: 0.0000990 seconds
266.553: Application time: 0.0647470 seconds
266.553: [GC266.553: [ParNew: 37077K->4112K(37632K), 0.0018650 secs] 92739K->62846K(121024K), 0.0019020 secs] [Times: user=0.02 sys=0.00, real=0.00 secs] 
266.555: Total time for which application threads were stopped: 0.0020540 seconds, Stopping threads took: 0.0000940 seconds
266.617: Application time: 0.0618100 seconds
266.617: [GC266.617: [ParNew: 36899K->4130K(37632K), 0.0015050 secs] 95633K->63888K(121024K), 0.0015380 secs] [Times: user=0.01 sys=0.00, real=0.01 secs] 
266.619: Total time for which application threads were stopped: 0.0016670 seconds, Stopping threads took: 0.0000710 seconds
266.680: Application time: 0.0615680 seconds
266.683: [GC266.683: [ParNew: 36929K->3135K(37632K), 0.0011450 secs] 96687K->62893K(121024K), 0.0011740 secs] [Times: user=0.01 sys=0.00, real=0.00 secs] 
266.684: Total time for which application threads were stopped: 0.0034830 seconds, Stopping threads took: 0.0022330 seconds
266.743: Application time: 0.0594930 seconds
266.744: [GC266.744: [ParNew: 36001K->4158K(37632K), 0.0014480 secs] 95760K->65052K(121024K), 0.0014780 secs] [Times: user=0.01 sys=0.00, real=0.00 secs] 
266.745: Total time for which application threads were stopped: 0.0016770 seconds, Stopping threads took: 0.0001380 seconds
266.806: Application time: 0.0609690 seconds
266.806: [GC266.806: [ParNew: 36904K->4156K(37632K), 0.0014180 secs] 97798K->66186K(121024K), 0.0014500 secs] [Times: user=0.01 sys=0.00, real=0.00 secs] 
266.808: Total time for which application threads were stopped: 0.0015950 seconds, Stopping threads took: 0.0000880 seconds
266.864: Application time: 0.0564490 seconds
266.864: [GC266.864: [ParNew: 36939K->4150K(37632K), 0.0020260 secs] 98970K->69292K(121024K), 0.0020610 secs] [Times: user=0.01 sys=0.00, real=0.00 secs] 
266.866: Total time for which application threads were stopped: 0.0021910 seconds, Stopping threads took: 0.0000700 seconds
266.930: Application time: 0.0634430 seconds
266.930: [GC266.930: [ParNew: 37137K->4112K(37632K), 0.0019970 secs] 102280K->72406K(121024K), 0.0020300 secs] [Times: user=0.02 sys=0.00, real=0.01 secs] 
266.932: Total time for which application threads were stopped: 0.0021780 seconds, Stopping threads took: 0.0000900 seconds
266.993: Application time: 0.0605760 seconds
266.993: [GC266.993: [ParNew: 36975K->4154K(37632K), 0.0017250 secs] 105270K->74497K(121024K), 0.0017600 secs] [Times: user=0.02 sys=0.00, real=0.00 secs] 
266.994: Total time for which application threads were stopped: 0.0018940 seconds, Stopping threads took: 0.0000750 seconds
267.058: Application time: 0.0638480 seconds
267.058: [GC267.058: [ParNew: 36986K->3091K(37632K), 0.0009180 secs] 107329K->73482K(121024K), 0.0009480 secs] [Times: user=0.01 sys=0.00, real=0.01 secs] 
267.059: Total time for which application threads were stopped: 0.0011240 seconds, Stopping threads took: 0.0000980 seconds
267.120: Application time: 0.0605570 seconds
267.120: [GC267.120: [ParNew: 35643K->4119K(37632K), 0.0013080 secs] 106033K->75533K(121024K), 0.0013370 secs] [Times: user=0.01 sys=0.00, real=0.00 secs] 
267.121: Total time for which application threads were stopped: 0.0014550 seconds, Stopping threads took: 0.0000650 seconds
267.181: Application time: 0.0598220 seconds
267.181: [GC267.181: [ParNew: 36885K->4114K(37632K), 0.0019420 secs] 108299K->78600K(121024K), 0.0019780 secs] [Times: user=0.02 sys=0.00, real=0.00 secs] 
267.183: Total time for which application threads were stopped: 0.0021350 seconds, Stopping threads took: 0.0001010 seconds
267.243: Application time: 0.0591550 seconds
267.243: [GC267.243: [ParNew: 36974K->4114K(37632K), 0.0020070 secs] 111461K->81672K(121024K), 0.0020410 secs] [Times: user=0.01 sys=0.00, real=0.00 secs] 
267.245: Total time for which application threads were stopped: 0.0022050 seconds, Stopping threads took: 0.0001060 seconds
267.309: Application time: 0.0642940 seconds
267.309: [GC267.309: [ParNew: 37061K->4111K(37632K), 0.0016600 secs] 114619K->83718K(121024K), 0.0016940 secs] [Times: user=0.02 sys=0.00, real=0.01 secs] 
267.311: Total time for which application threads were stopped: 0.0018390 seconds, Stopping threads took: 0.0000820 seconds
267.372: Application time: 0.0612850 seconds
267.372: [GC267.372: [ParNew: 36856K->4147K(37632K), 0.0011460 secs] 116463K->83770K(121024K), 0.0011750 secs] [Times: user=0.01 sys=0.00, real=0.00 secs] 
267.373: Total time for which application threads were stopped: 0.0013280 seconds, Stopping threads took: 0.0000990 seconds
267.436: Application time: 0.0627540 seconds
267.436: [GC267.436: [ParNew: 37036K->3225K(37632K), 0.0008570 secs] 116659K->82904K(121024K), 0.0008850 secs] [Times: user=0.01 sys=0.00, real=0.00 secs] 
267.437: Total time for which application threads were stopped: 0.0010000 seconds, Stopping threads took: 0.0000620 seconds
267.495: Application time: 0.0577870 seconds
267.495: [GC267.495: [ParNew: 36681K->4148K(37632K), 0.0013830 secs] 116360K->84971K(121024K), 0.0014140 secs] [Times: user=0.01 sys=0.00, real=0.00 secs] 
267.497: Total time for which application threads were stopped: 0.0015320 seconds, Stopping threads took: 0.0000640 seconds
267.554: Application time: 0.0574090 seconds
267.554: [GC267.554: [ParNew: 37188K->4158K(37632K), 0.0019490 secs]267.556: [Tenured: 83966K->10841K(84420K), 0.0084600 secs] 118011K->10841K(122052K), [Perm : 5528K->5528K(21248K)], 0.0105100 secs] [Times: user=0.02 sys=0.00, real=0.01 secs] 
267.565: Total time for which application threads were stopped: 0.0106470 seconds, Stopping threads took: 0.0000750 seconds
267.626: Application time: 0.0613540 seconds
267.626: [GC267.626: [ParNew: 32942K->4132K(37632K), 0.0017830 secs] 43783K->17021K(121024K), 0.0018160 secs] [Times: user=0.01 sys=0.00, real=0.00 secs] 
267.628: Total time for which application threads were stopped: 0.0019730 seconds, Stopping threads took: 0.0000990 seconds
267.693: Application time: 0.0645990 seconds
267.693: [GC267.693: [ParNew: 37167K->4144K(37632K), 0.0013730 secs] 50056K->18058K(121024K), 0.0014040 secs] [Times: user=0.01 sys=0.00, real=0.00 secs] 
267.694: Total time for which application threads were stopped: 0.0015290 seconds, Stopping threads took: 0.0000680 seconds
267.755: Application time: 0.0613860 seconds
267.756: [GC267.756: [ParNew: 36882K->4132K(37632K), 0.0013310 secs] 50795K->19125K(121024K), 0.0013640 secs] [Times: user=0.01 sys=0.00, real=0.00 secs] 
267.757: Total time for which application threads were stopped: 0.0014990 seconds, Stopping threads took: 0.0000770 seconds
267.817: Application time: 0.0604500 seconds
267.818: [GC267.818: [ParNew: 36738K->4131K(37632K), 0.0013780 secs] 51731K->20148K(121024K), 0.0014120 secs] [Times: user=0.01 sys=0.00, real=0.01 secs] 
267.819: Total time for which application threads were stopped: 0.0015500 seconds, Stopping threads took: 0.0000740 seconds
267.880: Application time: 0.0609180 seconds
267.880: [GC267.880: [ParNew: 36869K->4112K(37632K), 0.0016230 secs] 52886K->22178K(121024K), 0.0016650 secs] [Times: user=0.01 sys=0.00, real=0.00 secs] 
267.882: Total time for which application threads were stopped: 0.0018000 seconds, Stopping threads took: 0.0000790 seconds
267.943: Application time: 0.0617950 seconds
267.944: [GC267.944: [ParNew: 36992K->4114K(37632K), 0.0016700 secs] 55057K->24227K(121024K), 0.0017030 secs] [Times: user=0.02 sys=0.00, real=0.00 secs] 
267.945: Total time for which application threads were stopped: 0.0018250 seconds, Stopping threads took: 0.0000670 seconds
268.006: Application time: 0.0604560 seconds
268.006: [GC268.006: [ParNew: 36955K->4126K(37632K), 0.0015330 secs] 57068K->25263K(121024K), 0.0015650 secs] [Times: user=0.01 sys=0.00, real=0.00 secs] 
268.008: Total time for which application threads were stopped: 0.0017660 seconds, Stopping threads took: 0.0001420 seconds
268.073: Application time: 0.0657790 seconds
268.073: [GC268.073: [ParNew: 37105K->3181K(37632K), 0.0009270 secs] 58242K->24318K(121024K), 0.0009560 secs] [Times: user=0.00 sys=0.00, real=0.00 secs] 
268.074: Total time for which application threads were stopped: 0.0010810 seconds, Stopping threads took: 0.0000680 seconds
268.133: Application time: 0.0585780 seconds
268.133: [GC268.133: [ParNew: 36653K->2161K(37632K), 0.0006600 secs] 57790K->23355K(121024K), 0.0006880 secs] [Times: user=0.00 sys=0.00, real=0.00 secs] 
268.134: Total time for which application threads were stopped: 0.0008020 seconds, Stopping threads took: 0.0000620 seconds
268.189: Application time: 0.0548080 seconds
268.189: [GC268.189: [ParNew: 34681K->4144K(37632K), 0.0016440 secs] 55874K->27509K(121024K), 0.0016770 secs] [Times: user=0.02 sys=0.00, real=0.00 secs] 
268.190: Total time for which application threads were stopped: 0.0018110 seconds, Stopping threads took: 0.0000770 seconds
268.252: Application time: 0.0613420 seconds
268.252: [GC268.252: [ParNew: 37342K->4150K(37632K), 0.0020450 secs] 60707K->30659K(121024K), 0.0020780 secs] [Times: user=0.01 sys=0.00, real=0.00 secs] 
268.254: Total time for which application threads were stopped: 0.0021980 seconds, Stopping threads took: 0.0000630 seconds
268.315: Application time: 0.0615410 seconds
268.316: [GC268.316: [ParNew: 37043K->4110K(37632K), 0.0020150 secs] 63552K->33783K(121024K), 0.0020530 secs] [Times: user=0.01 sys=0.00, real=0.00 secs] 
268.318: Total time for which application threads were stopped: 0.0021810 seconds, Stopping threads took: 0.0000700 seconds
268.382: Application time: 0.0643350 seconds
268.382: [GC268.382: [ParNew: 37217K->4138K(37632K), 0.0016960 secs] 66891K->35860K(121024K), 0.0017310 secs] [Times: user=0.01 sys=0.00, real=0.00 secs] 
268.384: Total time for which application threads were stopped: 0.0018660 seconds, Stopping threads took: 0.0000710 seconds
268.446: Application time: 0.0624060 seconds
268.446: [GC268.446: [ParNew: 37037K->4132K(37632K), 0.0013900 secs] 68758K->36925K(121024K), 0.0014220 secs] [Times: user=0.01 sys=0.00, real=0.00 secs] 
268.448: Total time for which application threads were stopped: 0.0015430 seconds, Stopping threads took: 0.0000660 seconds
268.509: Application time: 0.0610650 seconds
268.509: [GC268.509: [ParNew: 36893K->4112K(37632K), 0.0018590 secs] 69687K->38954K(121024K), 0.0018940 secs] [Times: user=0.01 sys=0.00, real=0.01 secs] 
268.511: Total time for which application threads were stopped: 0.0022970 seconds, Stopping threads took: 0.0003400 seconds
268.573: Application time: 0.0622190 seconds
268.574: [GC268.574: [ParNew: 36911K->4130K(37632K), 0.0017340 secs] 71753K->41020K(121024K), 0.0017680 secs] [Times: user=0.01 sys=0.00, real=0.00 secs] 
268.575: Total time for which application threads were stopped: 0.0019910 seconds, Stopping threads took: 0.0001620 seconds
268.640: Application time: 0.0643340 seconds
268.640: [GC268.640: [ParNew: 37050K->4134K(37632K), 0.0016370 secs] 73940K->43072K(121024K), 0.0016700 secs] [Times: user=0.01 sys=0.00, real=0.00 secs] 
268.642: Total time for which application threads were stopped: 0.0018460 seconds, Stopping threads took: 0.0001110 seconds
268.705: Application time: 0.0632330 seconds
268.705: [GC268.705: [ParNew: 37036K->3155K(37632K), 0.0009940 secs] 75974K->42093K(121024K), 0.0010220 secs] [Times: user=0.00 sys=0.00, real=0.00 secs] 
268.706: Total time for which application threads were stopped: 0.0011780 seconds, Stopping threads took: 0.0001030 seconds
268.764: Application time: 0.0583060 seconds
268.764: [GC268.764: [ParNew: 36083K->2074K(37632K), 0.0007380 secs] 75020K->41052K(121024K), 0.0007680 secs] [Times: user=0.00 sys=0.00, real=0.00 secs] 
268.765: Total time for which application threads were stopped: 0.0009470 seconds, Stopping threads took: 0.0001270 seconds
268.819: Application time: 0.0537090 seconds
268.819: [GC268.819: [ParNew: 35546K->4138K(37632K), 0.0020040 secs] 74524K->46188K(121024K), 0.0020360 secs] [Times: user=0.01 sys=0.00, real=0.00 secs] 
268.821: Total time for which application threads were stopped: 0.0021430 seconds, Stopping threads took: 0.0000520 seconds
268.880: Application time: 0.0593760 seconds
268.881: [GC268.881: [ParNew: 37277K->4158K(37632K), 0.0016660 secs] 79327K->48352K(121024K), 0.0016980 secs] [Times: user=0.02 sys=0.00, real=0.00 secs] 
268.882: Total time for which application threads were stopped: 0.0018640 seconds, Stopping threads took: 0.0001080 seconds
268.947: Application time: 0.0643470 seconds
268.947: [GC268.947: [ParNew: 37321K->4156K(37632K), 0.0016380 secs] 81515K->50482K(121024K), 0.0016720 secs] [Times: user=0.01 sys=0.00, real=0.00 secs] 
268.949: Total time for which application threads were stopped: 0.0018220 seconds, Stopping threads took: 0.0000860 seconds
269.009: Application time: 0.0601430 seconds
269.009: [GC269.009: [ParNew: 37091K->4116K(37632K), 0.0020500 secs] 83417K->53586K(121024K), 0.0020890 secs] [Times: user=0.01 sys=0.00, real=0.01 secs] 
269.011: Total time for which application threads were stopped: 0.0022130 seconds, Stopping threads took: 0.0000650 seconds
269.073: Application time: 0.0620540 seconds
269.073: [GC269.073: [ParNew: 37158K->4140K(37632K), 0.0020060 secs] 86628K->56682K(121024K), 0.0020430 secs] [Times: user=0.01 sys=0.00, real=0.00 secs] 
269.075: Total time for which application threads were stopped: 0.0021750 seconds, Stopping threads took: 0.0000720 seconds
269.139: Application time: 0.0641890 seconds
269.139: [GC269.139: [ParNew: 37152K->4118K(37632K), 0.0016630 secs] 89694K->58756K(121024K), 0.0016950 secs] [Times: user=0.01 sys=0.00, real=0.00 secs] 
269.141: Total time for which application threads were stopped: 0.0018220 seconds, Stopping threads took: 0.0000700 seconds
269.202: Application time: 0.0612060 seconds
269.202: [GC269.202: [ParNew: 36908K->4130K(37632K), 0.0016910 secs] 91546K->60816K(121024K), 0.0017230 secs] [Times: user=0.01 sys=0.00, real=0.00 secs] 
269.204: Total time for which application threads were stopped: 0.0018680 seconds, Stopping threads took: 0.0000880 seconds
269.267: Application time: 0.0630480 seconds
269.267: [GC269.267: [ParNew: 36933K->4133K(37632K), 0.0014720 secs] 93620K->61844K(121024K), 0.0015040 secs] [Times: user=0.01 sys=0.00, real=0.00 secs] 
269.269: Total time for which application threads were stopped: 0.0016370 seconds, Stopping threads took: 0.0000750 seconds
269.332: Application time: 0.0631150 seconds
269.332: [GC269.332: [ParNew: 36937K->4136K(37632K), 0.0011480 secs] 94647K->61846K(121024K), 0.0011770 secs] [Times: user=0.01 sys=0.00, real=0.00 secs] 
269.333: Total time for which application threads were stopped: 0.0013040 seconds, Stopping threads took: 0.0000740 seconds
269.395: Application time: 0.0620240 seconds
269.395: [GC269.395: [ParNew: 36855K->4158K(37632K), 0.0011190 secs] 94565K->61900K(121024K), 0.0011440 secs] [Times: user=0.00 sys=0.00, real=0.00 secs] 
269.397: Total time for which application threads were stopped: 0.0012760 seconds, Stopping threads took: 0.0000770 seconds
269.458: Application time: 0.0617320 seconds
269.463: [GC269.463: [ParNew: 37623K->3092K(37632K), 0.0008860 secs] 95365K->60882K(121024K), 0.0009250 secs] [Times: user=0.01 sys=0.00, real=0.00 secs] 
269.464: Total time for which application threads were stopped: 0.0052510 seconds, Stopping threads took: 0.0042650 seconds
269.519: Application time: 0.0553910 seconds
269.519: [GC269.519: [ParNew: 36371K->4140K(37632K), 0.0018770 secs] 94161K->65002K(121024K), 0.0019100 secs] [Times: user=0.02 sys=0.00, real=0.00 secs] 
269.521: Total time for which application threads were stopped: 0.0020440 seconds, Stopping threads took: 0.0000790 seconds
269.579: Application time: 0.0583450 seconds
269.580: [GC269.580: [ParNew: 37219K->4158K(37632K), 0.0016680 secs] 98081K->67164K(121024K), 0.0016990 secs] [Times: user=0.02 sys=0.00, real=0.00 secs] 
269.581: Total time for which application threads were stopped: 0.0018290 seconds, Stopping threads took: 0.0000750 seconds
269.641: Application time: 0.0597170 seconds
269.641: [GC269.641: [ParNew: 37207K->4156K(37632K), 0.0016790 secs] 100214K->69290K(121024K), 0.0017150 secs] [Times: user=0.01 sys=0.00, real=0.00 secs] 
269.643: Total time for which application threads were stopped: 0.0018500 seconds, Stopping threads took: 0.0000770 seconds
269.708: Application time: 0.0651980 seconds
269.708: [GC269.708: [ParNew: 37139K->4112K(37632K), 0.0014270 secs] 102273K->70358K(121024K), 0.0014590 secs] [Times: user=0.01 sys=0.00, real=0.00 secs] 
269.710: Total time for which application threads were stopped: 0.0015760 seconds, Stopping threads took: 0.0000610 seconds
269.769: Application time: 0.0589690 seconds
269.769: [GC269.769: [ParNew: 37087K->4140K(37632K), 0.0019970 secs] 103333K->73458K(121024K), 0.0020310 secs] [Times: user=0.01 sys=0.00, real=0.01 secs] 
269.771: Total time for which application threads were stopped: 0.0021650 seconds, Stopping threads took: 0.0000780 seconds
269.835: Application time: 0.0642650 seconds
269.835: [GC269.835: [ParNew: 37147K->4110K(37632K), 0.0031660 secs] 106465K->75532K(121024K), 0.0032030 secs] [Times: user=0.01 sys=0.00, real=0.00 secs] 
269.838: Total time for which application threads were stopped: 0.0033500 seconds, Stopping threads took: 0.0000870 seconds
269.901: Application time: 0.0630760 seconds
269.902: [GC269.902: [ParNew: 37086K->4114K(37632K), 0.0020080 secs] 108508K->78609K(121024K), 0.0020430 secs] [Times: user=0.01 sys=0.00, real=0.00 secs] 
269.904: Total time for which application threads were stopped: 0.0021750 seconds, Stopping threads took: 0.0000740 seconds
269.967: Application time: 0.0629320 seconds
269.967: [GC269.967: [ParNew: 36943K->4114K(37632K), 0.0013780 secs] 111438K->79632K(121024K), 0.0014120 secs] [Times: user=0.01 sys=0.00, real=0.00 secs] 
269.968: Total time for which application threads were stopped: 0.0016180 seconds, Stopping threads took: 0.0001370 seconds
270.031: Application time: 0.0632030 seconds
270.032: [GC270.032: [ParNew: 36945K->3141K(37632K), 0.0011630 secs] 112464K->78660K(121024K), 0.0011980 secs] [Times: user=0.01 sys=0.00, real=0.00 secs] 
270.033: Total time for which application threads were stopped: 0.0015070 seconds, Stopping threads took: 0.0002460 seconds
270.098: Application time: 0.0651630 seconds
270.098: [GC270.098: [ParNew: 36042K->3142K(37632K), 0.0008170 secs] 111560K->78660K(121024K), 0.0008480 secs] [Times: user=0.01 sys=0.00, real=0.01 secs] 
270.099: Total time for which application threads were stopped: 0.0009830 seconds, Stopping threads took: 0.0000820 seconds
270.159: Application time: 0.0603410 seconds
270.159: [GC270.160: [ParNew: 36481K->1089K(37632K), 0.0005580 secs] 112000K->76664K(121024K), 0.0005860 secs] [Times: user=0.01 sys=0.00, real=0.00 secs] 
270.160: Total time for which application threads were stopped: 0.0007300 seconds, Stopping threads took: 0.0000920 seconds
270.215: Application time: 0.0547290 seconds
270.215: [GC270.215: [ParNew: 34319K->4156K(37632K), 0.0011450 secs] 109893K->79755K(121024K), 0.0011740 secs] [Times: user=0.01 sys=0.00, real=0.00 secs] 
270.216: Total time for which application threads were stopped: 0.0012940 seconds, Stopping threads took: 0.0000680 seconds
270.276: Application time: 0.0595530 seconds
270.276: [GC270.276: [ParNew: 37231K->4154K(37632K), 0.0015500 secs] 112830K->80865K(121024K), 0.0015860 secs] [Times: user=0.01 sys=0.00, real=0.00 secs] 
270.277: Total time for which application threads were stopped: 0.0017540 seconds, Stopping threads took: 0.0001130 seconds
270.333: Application time: 0.0553590 seconds
270.333: [GC270.333: [ParNew: 36997K->4152K(37632K), 0.0018010 secs] 113708K->83023K(121024K), 0.0018400 secs] [Times: user=0.02 sys=0.00, real=0.00 secs] 
270.335: Total time for which application threads were stopped: 0.0019700 seconds, Stopping threads took: 0.0000700 seconds
270.401: Application time: 0.0659070 seconds
270.401: [GC270.401: [ParNew: 37162K->4114K(37632K), 0.0017040 secs] 116033K->85121K(121024K), 0.0017380 secs] [Times: user=0.02 sys=0.00, real=0.00 secs] 
270.403: Total time for which application threads were stopped: 0.0018860 seconds, Stopping threads took: 0.0000890 seconds
270.467: Application time: 0.0647410 seconds
270.471: [GC270.471: [ParNew: 37182K->4140K(37632K), 0.0017240 secs] 118189K->87195K(121024K), 0.0017570 secs] [Times: user=0.01 sys=0.00, real=0.00 secs] 
270.472: Total time for which application threads were stopped: 0.0051530 seconds, Stopping threads took: 0.0033300 seconds
270.531: Application time: 0.0582600 seconds
270.531: [GC270.531: [ParNew: 37003K->4114K(37632K), 0.0019990 secs]270.533: [Tenured: 86175K->14099K(86476K), 0.0088150 secs] 120058K->14099K(124108K), [Perm : 5528K->5528K(21248K)], 0.0109990 secs] [Times: user=0.03 sys=0.00, real=0.01 secs] 
270.542: Total time for which application threads were stopped: 0.0112120 seconds, Stopping threads took: 0.0001500 seconds
270.606: Application time: 0.0640130 seconds
270.606: [GC270.606: [ParNew: 32975K->4116K(37632K), 0.0019660 secs] 47075K->21287K(121024K), 0.0020020 secs] [Times: user=0.01 sys=0.00, real=0.00 secs] 
270.608: Total time for which application threads were stopped: 0.0021600 seconds, Stopping threads took: 0.0001000 seconds
270.671: Application time: 0.0625390 seconds
270.671: [GC270.671: [ParNew: 37007K->4112K(37632K), 0.0016640 secs] 54178K->23340K(121024K), 0.0016970 secs] [Times: user=0.01 sys=0.00, real=0.00 secs] 
270.672: Total time for which application threads were stopped: 0.0018220 seconds, Stopping threads took: 0.0000650 seconds
270.736: Application time: 0.0639320 seconds
270.737: [GC270.737: [ParNew: 36956K->3129K(37632K), 0.0009800 secs] 56184K->22357K(121024K), 0.0010100 secs] [Times: user=0.00 sys=0.00, real=0.00 secs] 
270.738: Total time for which application threads were stopped: 0.0011420 seconds, Stopping threads took: 0.0000770 seconds
270.800: Application time: 0.0622340 seconds
270.800: [GC270.800: [ParNew: 35751K->3157K(37632K), 0.0008500 secs] 54979K->22384K(121024K), 0.0008780 secs] [Times: user=0.00 sys=0.00, real=0.00 secs] 
270.801: Total time for which application threads were stopped: 0.0010350 seconds, Stopping threads took: 0.0000980 seconds
270.860: Application time: 0.0595330 seconds
270.860: [GC270.860: [ParNew: 36497K->4134K(37632K), 0.0011400 secs] 55724K->23418K(121024K), 0.0011720 secs] [Times: user=0.01 sys=0.00, real=0.00 secs] 
270.862: Total time for which application threads were stopped: 0.0013050 seconds, Stopping threads took: 0.0000770 seconds
270.917: Application time: 0.0549600 seconds
270.917: [GC270.917: [ParNew: 37606K->4158K(37632K), 0.0017470 secs] 56890K->25513K(121024K), 0.0017840 secs] [Times: user=0.01 sys=0.00, real=0.00 secs] 
270.919: Total time for which application threads were stopped: 0.0019320 seconds, Stopping threads took: 0.0000880 seconds
270.980: Application time: 0.0613760 seconds
270.980: [GC270.980: [ParNew: 37225K->4152K(37632K), 0.0019640 secs] 58581K->28675K(121024K), 0.0020020 secs] [Times: user=0.01 sys=0.00, real=0.00 secs] 
270.982: Total time for which application threads were stopped: 0.0021550 seconds, Stopping threads took: 0.0000850 seconds
271.043: Application time: 0.0607370 seconds
271.043: [GC271.043: [ParNew: 37303K->4155K(37632K), 0.0019440 secs] 61827K->31854K(121024K), 0.0019910 secs] [Times: user=0.01 sys=0.00, real=0.00 secs] 
271.045: Total time for which application threads were stopped: 0.0021300 seconds, Stopping threads took: 0.0000810 seconds
271.106: Application time: 0.0605790 seconds
271.106: [GC271.106: [ParNew: 36959K->4130K(37632K), 0.0016330 secs] 64658K->33965K(121024K), 0.0016670 secs] [Times: user=0.01 sys=0.00, real=0.00 secs] 
271.107: Total time for which application threads were stopped: 0.0017870 seconds, Stopping threads took: 0.0000640 seconds
271.170: Application time: 0.0629570 seconds
271.170: [GC271.170: [ParNew: 37153K->4147K(37632K), 0.0013510 secs] 66989K->35007K(121024K), 0.0013840 secs] [Times: user=0.01 sys=0.00, real=0.01 secs] 
271.172: Total time for which application threads were stopped: 0.0015310 seconds, Stopping threads took: 0.0000930 seconds
271.232: Application time: 0.0600130 seconds
271.232: [GC271.232: [ParNew: 36968K->4112K(37632K), 0.0019220 secs] 67827K->38091K(121024K), 0.0019590 secs] [Times: user=0.02 sys=0.00, real=0.00 secs] 
271.234: Total time for which application threads were stopped: 0.0021070 seconds, Stopping threads took: 0.0000900 seconds
271.296: Application time: 0.0622310 seconds
271.296: [GC271.296: [ParNew: 37067K->4112K(37632K), 0.0019610 secs] 71047K->41164K(121024K), 0.0019960 secs] [Times: user=0.02 sys=0.00, real=0.00 secs] 
271.298: Total time for which application threads were stopped: 0.0021290 seconds, Stopping threads took: 0.0000740 seconds
271.362: Application time: 0.0636180 seconds
271.362: [GC271.362: [ParNew: 37057K->4114K(37632K), 0.0020350 secs] 74109K->44238K(121024K), 0.0020670 secs] [Times: user=0.01 sys=0.00, real=0.00 secs] 
271.364: Total time for which application threads were stopped: 0.0022260 seconds, Stopping threads took: 0.0001000 seconds
271.429: Application time: 0.0643730 seconds
271.429: [GC271.429: [ParNew: 37020K->4118K(37632K), 0.0014000 secs] 77144K->45266K(121024K), 0.0014300 secs] [Times: user=0.01 sys=0.00, real=0.00 secs] 
271.430: Total time for which application threads were stopped: 0.0015570 seconds, Stopping threads took: 0.0000700 seconds
271.490: Application time: 0.0601990 seconds
271.490: [GC271.490: [ParNew: 36614K->2150K(37632K), 0.0006950 secs] 77761K->43298K(121024K), 0.0007250 secs] [Times: user=0.01 sys=0.00, real=0.01 secs] 
271.491: Total time for which application threads were stopped: 0.0008680 seconds, Stopping threads took: 0.0000760 seconds
271.553: Application time: 0.0615720 seconds
271.553: [GC271.553: [ParNew: 35622K->4136K(37632K), 0.0013670 secs] 76770K->46356K(121024K), 0.0013990 secs] [Times: user=0.01 sys=0.00, real=0.00 secs] 
271.554: Total time for which application threads were stopped: 0.0015120 seconds, Stopping threads took: 0.0000570 seconds
271.614: Application time: 0.0594340 seconds
271.614: [GC271.614: [ParNew: 36901K->4159K(37632K), 0.0011290 secs] 79121K->46423K(121024K), 0.0011600 secs] [Times: user=0.01 sys=0.00, real=0.00 secs] 
271.615: Total time for which application threads were stopped: 0.0012790 seconds, Stopping threads took: 0.0000650 seconds
271.671: Application time: 0.0564400 seconds
271.672: [GC271.672: [ParNew: 36829K->4157K(37632K), 0.0014290 secs] 79093K->47525K(121024K), 0.0014620 secs] [Times: user=0.01 sys=0.00, real=0.00 secs] 
271.673: Total time for which application threads were stopped: 0.0015760 seconds, Stopping threads took: 0.0000580 seconds
271.731: Application time: 0.0578200 seconds
271.731: [GC271.731: [ParNew: 37223K->4158K(37632K), 0.0021180 secs] 80591K->50686K(121024K), 0.0021510 secs] [Times: user=0.01 sys=0.00, real=0.00 secs] 
271.733: Total time for which application threads were stopped: 0.0022760 seconds, Stopping threads took: 0.0000660 seconds
271.798: Application time: 0.0651630 seconds
271.798: [GC271.798: [ParNew: 37137K->4132K(37632K), 0.0016260 secs] 83665K->52780K(121024K), 0.0016570 secs] [Times: user=0.01 sys=0.00, real=0.01 secs] 
271.800: Total time for which application threads were stopped: 0.0017870 seconds, Stopping threads took: 0.0000760 seconds
271.858: Application time: 0.0579290 seconds
271.858: [GC271.858: [ParNew: 36950K->4142K(37632K), 0.0017170 secs] 85598K->54838K(121024K), 0.0017570 secs] [Times: user=0.01 sys=0.00, real=0.01 secs] 
271.860: Total time for which application threads were stopped: 0.0018950 seconds, Stopping threads took: 0.0000810 seconds
271.925: Application time: 0.0652260 seconds
271.925: [GC271.925: [ParNew: 37105K->4117K(37632K), 0.0014360 secs] 87801K->55893K(121024K), 0.0014660 secs] [Times: user=0.01 sys=0.00, real=0.00 secs] 
271.927: Total time for which application threads were stopped: 0.0016350 seconds, Stopping threads took: 0.0001130 seconds
271.986: Application time: 0.0594090 seconds
271.986: [GC271.986: [ParNew: 36945K->4114K(37632K), 0.0019620 secs] 88722K->58962K(121024K), 0.0019950 secs] [Times: user=0.01 sys=0.00, real=0.00 secs] 
271.988: Total time for which application threads were stopped: 0.0021720 seconds, Stopping threads took: 0.0001210 seconds
272.053: Application time: 0.0645630 seconds
272.053: [GC272.053: [ParNew: 37062K->4130K(37632K), 0.0014700 secs] 91910K->60002K(121024K), 0.0015010 secs] [Times: user=0.01 sys=0.00, real=0.00 secs] 
272.055: Total time for which application threads were stopped: 0.0016580 seconds, Stopping threads took: 0.0000850 seconds
272.118: Application time: 0.0639380 seconds
272.119: [GC272.119: [ParNew: 36889K->4113K(37632K), 0.0015370 secs] 92761K->61009K(121024K), 0.0015710 secs] [Times: user=0.01 sys=0.00, real=0.00 secs] 
272.120: Total time for which application threads were stopped: 0.0017280 seconds, Stopping threads took: 0.0001000 seconds
272.179: Application time: 0.0590700 seconds
272.179: [GC272.179: [ParNew: 37585K->4147K(37632K), 0.0013040 secs] 94481K->61060K(121024K), 0.0013330 secs] [Times: user=0.01 sys=0.00, real=0.00 secs] 
272.181: Total time for which application threads were stopped: 0.0014980 seconds, Stopping threads took: 0.0001100 seconds
272.242: Application time: 0.0617060 seconds
272.243: [GC272.243: [ParNew: 36771K->4141K(37632K), 0.0011160 secs] 93684K->61078K(121024K), 0.0011500 secs] [Times: user=0.00 sys=0.00, real=0.00 secs] 
272.244: Total time for which application threads were stopped: 0.0012870 seconds, Stopping threads took: 0.0000740 seconds
272.300: Application time: 0.0564170 seconds
272.300: [GC272.300: [ParNew: 36826K->4159K(37632K), 0.0014780 secs] 93762K->62180K(121024K), 0.0015100 secs] [Times: user=0.01 sys=0.00, real=0.00 secs] 
272.302: Total time for which application threads were stopped: 0.0016490 seconds, Stopping threads took: 0.0000800 seconds
272.359: Application time: 0.0572130 seconds
272.359: [GC272.359: [ParNew: 36898K->4156K(37632K), 0.0016510 secs] 94919K->64280K(121024K), 0.0016850 secs] [Times: user=0.02 sys=0.00, real=0.00 secs] 
272.361: Total time for which application threads were stopped: 0.0018070 seconds, Stopping threads took: 0.0000640 seconds
272.422: Application time: 0.0613100 seconds
272.422: [GC272.422: [ParNew: 37321K->4152K(37632K), 0.0020460 secs] 97445K->67460K(121024K), 0.0020790 secs] [Times: user=0.01 sys=0.00, real=0.00 secs] 
272.424: Total time for which application threads were stopped: 0.0022020 seconds, Stopping threads took: 0.0000660 seconds
272.484: Application time: 0.0594510 seconds
272.484: [GC272.484: [ParNew: 37025K->4110K(37632K), 0.0020630 secs] 100334K->70570K(121024K), 0.0020980 secs] [Times: user=0.01 sys=0.00, real=0.00 secs] 
272.486: Total time for which application threads were stopped: 0.0022440 seconds, Stopping threads took: 0.0000870 seconds
272.551: Application time: 0.0645190 seconds
272.551: [GC272.551: [ParNew: 37212K->4158K(37632K), 0.0016820 secs] 103673K->72675K(121024K), 0.0017140 secs] [Times: user=0.01 sys=0.00, real=0.00 secs] 
272.552: Total time for which application threads were stopped: 0.0018510 seconds, Stopping threads took: 0.0000810 seconds
272.615: Application time: 0.0630330 seconds
272.616: [GC272.616: [ParNew: 37014K->4132K(37632K), 0.0014150 secs] 105531K->73713K(121024K), 0.0014480 secs] [Times: user=0.01 sys=0.00, real=0.00 secs] 
272.617: Total time for which application threads were stopped: 0.0015900 seconds, Stopping threads took: 0.0000630 seconds
272.678: Application time: 0.0607320 seconds
272.678: [GC272.678: [ParNew: 36878K->4119K(37632K), 0.0014750 secs] 106459K->74724K(121024K), 0.0015060 secs] [Times: user=0.01 sys=0.00, real=0.01 secs] 
272.679: Total time for which application threads were stopped: 0.0016300 seconds, Stopping threads took: 0.0000660 seconds
272.742: Application time: 0.0621330 seconds
272.742: [GC272.742: [ParNew: 36913K->4132K(37632K), 0.0017190 secs] 107518K->76785K(121024K), 0.0017520 secs] [Times: user=0.01 sys=0.00, real=0.00 secs] 
272.744: Total time for which application threads were stopped: 0.0019050 seconds, Stopping threads took: 0.0000940 seconds
272.808: Application time: 0.0640480 seconds
272.808: [GC272.808: [ParNew: 37026K->4115K(37632K), 0.0013370 secs] 109679K->77792K(121024K), 0.0013690 secs] [Times: user=0.01 sys=0.00, real=0.00 secs] 
272.809: Total time for which application threads were stopped: 0.0015010 seconds, Stopping threads took: 0.0000750 seconds
272.868: Application time: 0.0593920 seconds
272.869: [GC272.869: [ParNew: 37560K->4145K(37632K), 0.0012390 secs] 111237K->77822K(121024K), 0.0012670 secs] [Times: user=0.00 sys=0.00, real=0.00 secs] 
272.870: Total time for which application threads were stopped: 0.0014010 seconds, Stopping threads took: 0.0000810 seconds
272.929: Application time: 0.0591510 seconds
272.929: [GC272.929: [ParNew: 36628K->4130K(37632K), 0.0017770 secs] 110305K->79911K(121024K), 0.0018110 secs] [Times: user=0.01 sys=0.00, real=0.01 secs] 
272.931: Total time for which application threads were stopped: 0.0019400 seconds, Stopping threads took: 0.0000700 seconds
272.991: Application time: 0.0597740 seconds
272.991: [GC272.991: [ParNew: 37014K->4159K(37632K), 0.0011000 secs] 112795K->80008K(121024K), 0.0011300 secs] [Times: user=0.01 sys=0.00, real=0.00 secs] 
272.992: Total time for which application threads were stopped: 0.0012670 seconds, Stopping threads took: 0.0000830 seconds
273.050: Application time: 0.0580600 seconds
273.050: [GC273.050: [ParNew: 36864K->4150K(37632K), 0.0020680 secs] 112713K->83151K(121024K), 0.0021040 secs] [Times: user=0.01 sys=0.00, real=0.01 secs] 
273.052: Total time for which application threads were stopped: 0.0022330 seconds, Stopping threads took: 0.0000720 seconds
273.109: Application time: 0.0568530 seconds
273.109: [GC273.109: [ParNew: 37207K->4152K(37632K), 0.0020750 secs] 116208K->86329K(121024K), 0.0021110 secs] [Times: user=0.02 sys=0.00, real=0.01 secs] 
273.111: Total time for which application threads were stopped: 0.0022390 seconds, Stopping threads took: 0.0000670 seconds
273.174: Application time: 0.0630150 seconds
273.175: [GC273.175: [ParNew: 37135K->4116K(37632K), 0.0020460 secs]273.177: [Tenured: 85329K->14258K(85448K), 0.0084780 secs] 119312K->14258K(123080K), [Perm : 5528K->5528K(21248K)], 0.0106760 secs] [Times: user=0.02 sys=0.00, real=0.01 secs] 
273.185: Total time for which application threads were stopped: 0.0108190 seconds, Stopping threads took: 0.0000710 seconds
273.250: Application time: 0.0642940 seconds
273.250: [GC273.250: [ParNew: 33091K->4140K(37632K), 0.0020280 secs] 47350K->21471K(121024K), 0.0020650 secs] [Times: user=0.02 sys=0.00, real=0.01 secs] 
273.252: Total time for which application threads were stopped: 0.0023150 seconds, Stopping threads took: 0.0001700 seconds
273.314: Application time: 0.0624590 seconds
273.314: [GC273.314: [ParNew: 37010K->4115K(37632K), 0.0016150 secs] 54341K->23550K(121024K), 0.0016510 secs] [Times: user=0.01 sys=0.00, real=0.00 secs] 
273.316: Total time for which application threads were stopped: 0.0017930 seconds, Stopping threads took: 0.0000840 seconds
273.378: Application time: 0.0618170 seconds
273.378: [GC273.378: [ParNew: 36946K->4131K(37632K), 0.0015180 secs] 56381K->24590K(121024K), 0.0015520 secs] [Times: user=0.01 sys=0.00, real=0.01 secs] 
273.380: Total time for which application threads were stopped: 0.0017400 seconds, Stopping threads took: 0.0001300 seconds
273.443: Application time: 0.0633360 seconds
273.443: [GC273.443: [ParNew: 36964K->4141K(37632K), 0.0011540 secs] 57423K->24600K(121024K), 0.0011940 secs] [Times: user=0.01 sys=0.00, real=0.00 secs] 
273.444: Total time for which application threads were stopped: 0.0013590 seconds, Stopping threads took: 0.0001060 seconds
273.506: Application time: 0.0617350 seconds
273.511: [GC273.511: [ParNew: 36840K->4154K(37632K), 0.0013640 secs] 57299K->24613K(121024K), 0.0013970 secs] [Times: user=0.01 sys=0.00, real=0.00 secs] 
273.512: Total time for which application threads were stopped: 0.0060530 seconds, Stopping threads took: 0.0045980 seconds
273.571: Application time: 0.0593540 seconds
273.572: [GC273.572: [ParNew: 37626K->4148K(37632K), 0.0014220 secs] 58085K->25631K(121024K), 0.0014550 secs] [Times: user=0.01 sys=0.00, real=0.00 secs] 
273.573: Total time for which application threads were stopped: 0.0016280 seconds, Stopping threads took: 0.0001160 seconds
273.633: Application time: 0.0594310 seconds
273.633: [GC273.633: [ParNew: 36686K->4128K(37632K), 0.0017400 secs] 58169K->27723K(121024K), 0.0017720 secs] [Times: user=0.01 sys=0.00, real=0.00 secs] 
273.634: Total time for which application threads were stopped: 0.0019360 seconds, Stopping threads took: 0.0001050 seconds
273.693: Application time: 0.0585130 seconds
273.693: [GC273.693: [ParNew: 36798K->4158K(37632K), 0.0010370 secs] 60393K->27802K(121024K), 0.0010680 secs] [Times: user=0.01 sys=0.00, real=0.00 secs] 
273.694: Total time for which application threads were stopped: 0.0012000 seconds, Stopping threads took: 0.0000680 seconds
273.752: Application time: 0.0582770 seconds
273.753: [GC273.753: [ParNew: 37063K->4154K(37632K), 0.0019520 secs] 60707K->30957K(121024K), 0.0019880 secs] [Times: user=0.02 sys=0.00, real=0.00 secs] 
273.755: Total time for which application threads were stopped: 0.0021130 seconds, Stopping threads took: 0.0000580 seconds
273.813: Application time: 0.0579410 seconds
273.813: [GC273.813: [ParNew: 37237K->4150K(37632K), 0.0020470 secs] 64040K->34129K(121024K), 0.0020830 secs] [Times: user=0.02 sys=0.00, real=0.00 secs] 
273.815: Total time for which application threads were stopped: 0.0022090 seconds, Stopping threads took: 0.0000680 seconds
273.878: Application time: 0.0629630 seconds
273.878: [GC273.878: [ParNew: 37130K->4112K(37632K), 0.0019310 secs] 67109K->37235K(121024K), 0.0019670 secs] [Times: user=0.02 sys=0.00, real=0.01 secs] 
273.880: Total time for which application threads were stopped: 0.0021060 seconds, Stopping threads took: 0.0000800 seconds
273.942: Application time: 0.0618700 seconds
273.942: [GC273.942: [ParNew: 37160K->4144K(37632K), 0.0017070 secs] 70283K->39316K(121024K), 0.0017420 secs] [Times: user=0.01 sys=0.00, real=0.00 secs] 
273.944: Total time for which application threads were stopped: 0.0018730 seconds, Stopping threads took: 0.0000720 seconds
274.007: Application time: 0.0631030 seconds
274.007: [GC274.007: [ParNew: 37050K->4115K(37632K), 0.0016250 secs] 72221K->41382K(121024K), 0.0016560 secs] [Times: user=0.01 sys=0.00, real=0.00 secs] 
274.008: Total time for which application threads were stopped: 0.0017820 seconds, Stopping threads took: 0.0000710 seconds
274.071: Application time: 0.0627340 seconds
274.071: [GC274.071: [ParNew: 37000K->4132K(37632K), 0.0016650 secs] 74268K->43447K(121024K), 0.0016980 secs] [Times: user=0.01 sys=0.00, real=0.00 secs] 
274.073: Total time for which application threads were stopped: 0.0018190 seconds, Stopping threads took: 0.0000640 seconds
274.135: Application time: 0.0622520 seconds
274.135: [GC274.135: [ParNew: 36903K->4129K(37632K), 0.0014340 secs] 76218K->44468K(121024K), 0.0014660 secs] [Times: user=0.01 sys=0.00, real=0.00 secs] 
274.137: Total time for which application threads were stopped: 0.0015900 seconds, Stopping threads took: 0.0000660 seconds
274.200: Application time: 0.0630280 seconds
274.200: [GC274.200: [ParNew: 36825K->4133K(37632K), 0.0012020 secs] 77165K->44473K(121024K), 0.0012320 secs] [Times: user=0.01 sys=0.00, real=0.00 secs] 
274.201: Total time for which application threads were stopped: 0.0013810 seconds, Stopping threads took: 0.0000730 seconds
274.261: Application time: 0.0593640 seconds
274.261: [GC274.261: [ParNew: 36621K->4159K(37632K), 0.0011130 secs] 76960K->44498K(121024K), 0.0011420 secs] [Times: user=0.00 sys=0.00, real=0.00 secs] 
274.262: Total time for which application threads were stopped: 0.0012670 seconds, Stopping threads took: 0.0000720 seconds
274.321: Application time: 0.0593930 seconds
274.321: [GC274.321: [ParNew: 37631K->4132K(37632K), 0.0014030 secs] 77970K->45544K(121024K), 0.0014360 secs] [Times: user=0.01 sys=0.00, real=0.00 secs] 
274.323: Total time for which application threads were stopped: 0.0015840 seconds, Stopping threads took: 0.0000900 seconds
274.379: Application time: 0.0565020 seconds
274.379: [GC274.379: [ParNew: 36674K->4159K(37632K), 0.0013220 secs] 78086K->46611K(121024K), 0.0013500 secs] [Times: user=0.01 sys=0.00, real=0.00 secs] 
274.381: Total time for which application threads were stopped: 0.0014600 seconds, Stopping threads took: 0.0000560 seconds
274.439: Application time: 0.0582670 seconds
274.439: [GC274.439: [ParNew: 37189K->4152K(37632K), 0.0019580 secs] 79641K->49780K(121024K), 0.0019880 secs] [Times: user=0.02 sys=0.00, real=0.00 secs] 
274.441: Total time for which application threads were stopped: 0.0021400 seconds, Stopping threads took: 0.0000980 seconds
274.502: Application time: 0.0608780 seconds
274.502: [GC274.502: [ParNew: 37295K->4154K(37632K), 0.0019650 secs] 82923K->52950K(121024K), 0.0020010 secs] [Times: user=0.02 sys=0.00, real=0.00 secs] 
274.504: Total time for which application threads were stopped: 0.0021340 seconds, Stopping threads took: 0.0000740 seconds
274.565: Application time: 0.0605020 seconds
274.565: [GC274.565: [ParNew: 37115K->4113K(37632K), 0.0020760 secs] 85910K->56061K(121024K), 0.0021100 secs] [Times: user=0.01 sys=0.00, real=0.00 secs] 
274.567: Total time for which application threads were stopped: 0.0022500 seconds, Stopping threads took: 0.0000820 seconds
274.632: Application time: 0.0652260 seconds
274.632: [GC274.632: [ParNew: 37229K->4142K(37632K), 0.0017270 secs] 89177K->58138K(121024K), 0.0017600 secs] [Times: user=0.02 sys=0.00, real=0.00 secs] 
274.634: Total time for which application threads were stopped: 0.0018850 seconds, Stopping threads took: 0.0000670 seconds
274.694: Application time: 0.0599700 seconds
274.694: [GC274.694: [ParNew: 36999K->4112K(37632K), 0.0020390 secs] 90995K->61236K(121024K), 0.0020730 secs] [Times: user=0.01 sys=0.00, real=0.00 secs] 
274.696: Total time for which application threads were stopped: 0.0022410 seconds, Stopping threads took: 0.0001090 seconds
274.762: Application time: 0.0660310 seconds
274.763: [GC274.763: [ParNew: 37118K->4131K(37632K), 0.0013860 secs] 94242K->62279K(121024K), 0.0014190 secs] [Times: user=0.01 sys=0.00, real=0.00 secs] 
274.764: Total time for which application threads were stopped: 0.0015880 seconds, Stopping threads took: 0.0001030 seconds
274.826: Application time: 0.0619760 seconds
274.826: [GC274.826: [ParNew: 36871K->4144K(37632K), 0.0014850 secs] 95019K->63316K(121024K), 0.0015170 secs] [Times: user=0.01 sys=0.00, real=0.00 secs] 
274.828: Total time for which application threads were stopped: 0.0016920 seconds, Stopping threads took: 0.0001190 seconds
274.892: Application time: 0.0646990 seconds
274.892: [GC274.893: [ParNew: 37026K->3126K(37632K), 0.0008830 secs] 96198K->62298K(121024K), 0.0009200 secs] [Times: user=0.01 sys=0.00, real=0.00 secs] 
274.893: Total time for which application threads were stopped: 0.0010550 seconds, Stopping threads took: 0.0000820 seconds
274.954: Application time: 0.0606290 seconds
274.954: [GC274.954: [ParNew: 36598K->2168K(37632K), 0.0007110 secs] 95770K->61340K(121024K), 0.0007420 secs] [Times: user=0.00 sys=0.00, real=0.00 secs] 
274.955: Total time for which application threads were stopped: 0.0008530 seconds, Stopping threads took: 0.0000580 seconds
275.016: Application time: 0.0607130 seconds
275.016: [GC275.016: [ParNew: 35585K->3101K(37632K), 0.0008650 secs] 94757K->62329K(121024K), 0.0009040 secs] [Times: user=0.00 sys=0.00, real=0.00 secs] 
275.017: Total time for which application threads were stopped: 0.0010330 seconds, Stopping threads took: 0.0000780 seconds
275.070: Application time: 0.0538320 seconds
275.071: [GC275.071: [ParNew: 35678K->4157K(37632K), 0.0014460 secs] 94906K->64449K(121024K), 0.0014850 secs] [Times: user=0.01 sys=0.00, real=0.01 secs] 
275.072: Total time for which application threads were stopped: 0.0016060 seconds, Stopping threads took: 0.0000620 seconds
275.132: Application time: 0.0595990 seconds
275.132: [GC275.132: [ParNew: 37049K->4152K(37632K), 0.0017360 secs] 97341K->66548K(121024K), 0.0017710 secs] [Times: user=0.01 sys=0.00, real=0.00 secs] 
275.134: Total time for which application threads were stopped: 0.0019070 seconds, Stopping threads took: 0.0000810 seconds
275.195: Application time: 0.0611380 seconds
275.195: [GC275.195: [ParNew: 37280K->4155K(37632K), 0.0018190 secs] 99677K->68703K(121024K), 0.0018510 secs] [Times: user=0.02 sys=0.00, real=0.00 secs] 
275.197: Total time for which application threads were stopped: 0.0019670 seconds, Stopping threads took: 0.0000560 seconds
275.256: Application time: 0.0597200 seconds
275.257: [GC275.257: [ParNew: 37051K->4114K(37632K), 0.0019700 secs] 101599K->71798K(121024K), 0.0020050 secs] [Times: user=0.02 sys=0.00, real=0.00 secs] 
275.259: Total time for which application threads were stopped: 0.0021540 seconds, Stopping threads took: 0.0000850 seconds
275.321: Application time: 0.0620340 seconds
275.321: [GC275.321: [ParNew: 37189K->4141K(37632K), 0.0017320 secs] 104873K->73874K(121024K), 0.0017620 secs] [Times: user=0.02 sys=0.00, real=0.00 secs] 
275.323: Total time for which application threads were stopped: 0.0019120 seconds, Stopping threads took: 0.0000880 seconds
275.386: Application time: 0.0635480 seconds
275.386: [GC275.386: [ParNew: 37120K->4114K(37632K), 0.0019270 secs] 106852K->76974K(121024K), 0.0019610 secs] [Times: user=0.01 sys=0.00, real=0.00 secs] 
275.388: Total time for which application threads were stopped: 0.0021080 seconds, Stopping threads took: 0.0000900 seconds
275.450: Application time: 0.0616270 seconds
275.450: [GC275.450: [ParNew: 37023K->4114K(37632K), 0.0019640 secs] 109884K->80046K(121024K), 0.0019970 secs] [Times: user=0.02 sys=0.00, real=0.01 secs] 
275.452: Total time for which application threads were stopped: 0.0021540 seconds, Stopping threads took: 0.0000990 seconds
275.515: Application time: 0.0632360 seconds
275.515: [GC275.515: [ParNew: 36937K->4151K(37632K), 0.0013830 secs] 112870K->81108K(121024K), 0.0014120 secs] [Times: user=0.01 sys=0.00, real=0.00 secs] 
275.517: Total time for which application threads were stopped: 0.0015610 seconds, Stopping threads took: 0.0000950 seconds
275.580: Application time: 0.0632530 seconds
275.580: [GC275.580: [ParNew: 36866K->4121K(37632K), 0.0011790 secs] 113823K->81077K(121024K), 0.0012110 secs] [Times: user=0.00 sys=0.00, real=0.00 secs] 
275.581: Total time for which application threads were stopped: 0.0013530 seconds, Stopping threads took: 0.0000850 seconds
275.644: Application time: 0.0631000 seconds
275.645: [GC275.645: [ParNew: 36939K->2133K(37632K), 0.0006630 secs] 113895K->79090K(121024K), 0.0006850 secs] [Times: user=0.00 sys=0.00, real=0.00 secs] 
275.645: Total time for which application threads were stopped: 0.0008090 seconds, Stopping threads took: 0.0000720 seconds
275.705: Application time: 0.0592260 seconds
275.705: [GC275.705: [ParNew: 35335K->3103K(37632K), 0.0008910 secs] 112292K->80108K(121024K), 0.0009230 secs] [Times: user=0.00 sys=0.00, real=0.00 secs] 
275.706: Total time for which application threads were stopped: 0.0010710 seconds, Stopping threads took: 0.0000930 seconds
275.765: Application time: 0.0596700 seconds
275.765: [GC275.765: [ParNew: 35647K->4159K(37632K), 0.0014800 secs] 112652K->82239K(121024K), 0.0015150 secs] [Times: user=0.01 sys=0.00, real=0.00 secs] 
275.767: Total time for which application threads were stopped: 0.0016380 seconds, Stopping threads took: 0.0000650 seconds
275.830: Application time: 0.0629040 seconds
275.830: [GC275.830: [ParNew: 36962K->4154K(37632K), 0.0016550 secs] 115043K->84363K(121024K), 0.0016990 secs] [Times: user=0.01 sys=0.00, real=0.01 secs] 
275.832: Total time for which application threads were stopped: 0.0018500 seconds, Stopping threads took: 0.0000830 seconds
275.902: Application time: 0.0700980 seconds
275.902: [GC275.902: [ParNew: 37355K->4156K(37632K), 0.0014530 secs] 117564K->85493K(121024K), 0.0014870 secs] [Times: user=0.01 sys=0.00, real=0.00 secs] 
275.903: Total time for which application threads were stopped: 0.0016310 seconds, Stopping threads took: 0.0000870 seconds
275.966: Application time: 0.0621440 seconds
275.966: [GC275.966: [ParNew: 37021K->4114K(37632K), 0.0019710 secs]275.968: [Tenured: 84489K->14390K(84612K), 0.0087830 secs] 118358K->14390K(122244K), [Perm : 5528K->5528K(21248K)], 0.0108770 secs] [Times: user=0.02 sys=0.01, real=0.01 secs] 
275.977: Total time for which application threads were stopped: 0.0110300 seconds, Stopping threads took: 0.0000890 seconds
276.048: Application time: 0.0709250 seconds
276.048: [GC276.048: [ParNew: 33104K->4142K(37632K), 0.0017060 secs] 47494K->20580K(121024K), 0.0017410 secs] [Times: user=0.02 sys=0.00, real=0.00 secs] 
276.050: Total time for which application threads were stopped: 0.0019930 seconds, Stopping threads took: 0.0001700 seconds
276.120: Application time: 0.0700520 seconds
276.120: [GC276.120: [ParNew: 37128K->4114K(37632K), 0.0018720 secs] 53566K->23688K(121024K), 0.0019050 secs] [Times: user=0.01 sys=0.00, real=0.00 secs] 
276.122: Total time for which application threads were stopped: 0.0020490 seconds, Stopping threads took: 0.0000840 seconds
276.188: Application time: 0.0663790 seconds
276.188: [GC276.188: [ParNew: 36933K->4112K(37632K), 0.0016700 secs] 56507K->25735K(121024K), 0.0017010 secs] [Times: user=0.01 sys=0.00, real=0.00 secs] 
276.190: Total time for which application threads were stopped: 0.0018490 seconds, Stopping threads took: 0.0000890 seconds
276.260: Application time: 0.0704820 seconds
276.260: [GC276.261: [ParNew: 37019K->4131K(37632K), 0.0012050 secs] 58642K->25753K(121024K), 0.0012360 secs] [Times: user=0.01 sys=0.00, real=0.00 secs] 
276.262: Total time for which application threads were stopped: 0.0014150 seconds, Stopping threads took: 0.0001210 seconds
276.330: Application time: 0.0682640 seconds
276.330: [GC276.330: [ParNew: 36727K->4129K(37632K), 0.0011090 secs] 58349K->25752K(121024K), 0.0011410 secs] [Times: user=0.01 sys=0.00, real=0.01 secs] 
276.331: Total time for which application threads were stopped: 0.0012900 seconds, Stopping threads took: 0.0000930 seconds
276.402: Application time: 0.0710930 seconds
276.403: [GC276.403: [ParNew: 37112K->2135K(37632K), 0.0006260 secs] 58735K->23757K(121024K), 0.0006550 secs] [Times: user=0.00 sys=0.00, real=0.00 secs] 
276.403: Total time for which application threads were stopped: 0.0007970 seconds, Stopping threads took: 0.0000760 seconds
276.465: Application time: 0.0622430 seconds
276.466: [GC276.466: [ParNew: 35159K->4124K(37632K), 0.0011890 secs] 56781K->25794K(121024K), 0.0012230 secs] [Times: user=0.00 sys=0.01, real=0.00 secs] 
276.467: Total time for which application threads were stopped: 0.0013350 seconds, Stopping threads took: 0.0000550 seconds
276.529: Application time: 0.0622370 seconds
276.529: [GC276.529: [ParNew: 36833K->4159K(37632K), 0.0014640 secs] 58504K->26914K(121024K), 0.0014990 secs] [Times: user=0.00 sys=0.00, real=0.01 secs] 
276.531: Total time for which application threads were stopped: 0.0016250 seconds, Stopping threads took: 0.0000640 seconds
276.593: Application time: 0.0626780 seconds
276.593: [GC276.593: [ParNew: 36867K->4153K(37632K), 0.0025730 secs] 59622K->30076K(121024K), 0.0026060 secs] [Times: user=0.02 sys=0.00, real=0.00 secs] 
276.596: Total time for which application threads were stopped: 0.0027660 seconds, Stopping threads took: 0.0001010 seconds
276.666: Application time: 0.0697260 seconds
276.666: [GC276.666: [ParNew: 37356K->4152K(37632K), 0.0019570 secs] 63279K->33243K(121024K), 0.0020020 secs] [Times: user=0.01 sys=0.00, real=0.00 secs] 
276.668: Total time for which application threads were stopped: 0.0021280 seconds, Stopping threads took: 0.0000640 seconds
276.732: Application time: 0.0638990 seconds
276.732: [GC276.732: [ParNew: 37029K->4112K(37632K), 0.0020190 secs] 66119K->36339K(121024K), 0.0020540 secs] [Times: user=0.02 sys=0.00, real=0.00 secs] 
276.734: Total time for which application threads were stopped: 0.0022440 seconds, Stopping threads took: 0.0001310 seconds
276.803: Application time: 0.0692190 seconds
276.803: [GC276.803: [ParNew: 37221K->4138K(37632K), 0.0019610 secs] 69448K->39437K(121024K), 0.0019960 secs] [Times: user=0.01 sys=0.00, real=0.00 secs] 
276.805: Total time for which application threads were stopped: 0.0021350 seconds, Stopping threads took: 0.0000800 seconds
276.878: Application time: 0.0726620 seconds
276.878: [GC276.878: [ParNew: 37126K->4119K(37632K), 0.0016830 secs] 72425K->41514K(121024K), 0.0017160 secs] [Times: user=0.01 sys=0.00, real=0.01 secs] 
276.880: Total time for which application threads were stopped: 0.0018500 seconds, Stopping threads took: 0.0000750 seconds
276.947: Application time: 0.0666370 seconds
276.947: [GC276.947: [ParNew: 37000K->4112K(37632K), 0.0020730 secs] 74395K->44579K(121024K), 0.0021070 secs] [Times: user=0.01 sys=0.00, real=0.00 secs] 
276.949: Total time for which application threads were stopped: 0.0022810 seconds, Stopping threads took: 0.0001030 seconds
277.021: Application time: 0.0719880 seconds
277.021: [GC277.021: [ParNew: 37109K->4132K(37632K), 0.0016060 secs] 77576K->46647K(121024K), 0.0016400 secs] [Times: user=0.02 sys=0.00, real=0.00 secs] 
277.023: Total time for which application threads were stopped: 0.0018110 seconds, Stopping threads took: 0.0001100 seconds
277.091: Application time: 0.0681970 seconds
277.091: [GC277.091: [ParNew: 36859K->4158K(37632K), 0.0011790 secs] 79374K->46697K(121024K), 0.0012090 secs] [Times: user=0.01 sys=0.00, real=0.00 secs] 
277.092: Total time for which application threads were stopped: 0.0014060 seconds, Stopping threads took: 0.0001380 seconds
277.165: Application time: 0.0725010 seconds
277.165: [GC277.165: [ParNew: 37193K->2160K(37632K), 0.0006670 secs] 79732K->44699K(121024K), 0.0006960 secs] [Times: user=0.00 sys=0.00, real=0.00 secs] 
277.166: Total time for which application threads were stopped: 0.0008480 seconds, Stopping threads took: 0.0000990 seconds
277.227: Application time: 0.0609890 seconds
277.227: [GC277.227: [ParNew: 34838K->2078K(37632K), 0.0006560 secs] 77377K->44665K(121024K), 0.0006880 secs] [Times: user=0.00 sys=0.00, real=0.00 secs] 
277.227: Total time for which application threads were stopped: 0.0008190 seconds, Stopping threads took: 0.0000760 seconds
277.284: Application time: 0.0565930 seconds
277.284: [GC277.284: [ParNew: 34532K->4158K(37632K), 0.0013840 secs] 77119K->47785K(121024K), 0.0014210 secs] [Times: user=0.01 sys=0.00, real=0.00 secs] 
277.286: Total time for which application threads were stopped: 0.0016020 seconds, Stopping threads took: 0.0001200 seconds
277.354: Application time: 0.0682360 seconds
277.354: [GC277.354: [ParNew: 37214K->4156K(37632K), 0.0017170 secs] 80842K->49915K(121024K), 0.0017550 secs] [Times: user=0.01 sys=0.00, real=0.00 secs] 
277.356: Total time for which application threads were stopped: 0.0018850 seconds, Stopping threads took: 0.0000680 seconds
277.420: Application time: 0.0645970 seconds
277.420: [GC277.421: [ParNew: 37246K->4153K(37632K), 0.0021030 secs] 83005K->53081K(121024K), 0.0021400 secs] [Times: user=0.01 sys=0.00, real=0.00 secs] 
277.423: Total time for which application threads were stopped: 0.0022660 seconds, Stopping threads took: 0.0000630 seconds
277.491: Application time: 0.0681500 seconds
277.491: [GC277.491: [ParNew: 37111K->4110K(37632K), 0.0020160 secs] 86038K->56189K(121024K), 0.0020520 secs] [Times: user=0.01 sys=0.00, real=0.00 secs] 
277.493: Total time for which application threads were stopped: 0.0021860 seconds, Stopping threads took: 0.0000600 seconds
277.562: Application time: 0.0687050 seconds
277.562: [GC277.562: [ParNew: 37171K->4140K(37632K), 0.0019820 secs] 89250K->59291K(121024K), 0.0020280 secs] [Times: user=0.01 sys=0.00, real=0.00 secs] 
277.564: Total time for which application threads were stopped: 0.0021530 seconds, Stopping threads took: 0.0000640 seconds
277.632: Application time: 0.0680340 seconds
277.632: [GC277.632: [ParNew: 37065K->4112K(37632K), 0.0016350 secs] 92217K->61375K(121024K), 0.0016700 secs] [Times: user=0.01 sys=0.00, real=0.00 secs] 
277.634: Total time for which application threads were stopped: 0.0018280 seconds, Stopping threads took: 0.0000990 seconds
277.703: Application time: 0.0696190 seconds
277.703: [GC277.703: [ParNew: 37069K->4116K(37632K), 0.0019340 secs] 94332K->64451K(121024K), 0.0019690 secs] [Times: user=0.01 sys=0.00, real=0.00 secs] 
277.705: Total time for which application threads were stopped: 0.0021200 seconds, Stopping threads took: 0.0000910 seconds
277.775: Application time: 0.0693600 seconds
277.775: [GC277.775: [ParNew: 37044K->4132K(37632K), 0.0017370 secs] 97379K->66515K(121024K), 0.0017710 secs] [Times: user=0.01 sys=0.00, real=0.00 secs] 
277.777: Total time for which application threads were stopped: 0.0019180 seconds, Stopping threads took: 0.0000880 seconds
277.846: Application time: 0.0696170 seconds
277.846: [GC277.846: [ParNew: 36916K->4148K(37632K), 0.0012540 secs] 99300K->66531K(121024K), 0.0012860 secs] [Times: user=0.00 sys=0.00, real=0.00 secs] 
277.848: Total time for which application threads were stopped: 0.0014180 seconds, Stopping threads took: 0.0000710 seconds
277.919: Application time: 0.0707830 seconds
277.919: [GC277.919: [ParNew: 37007K->2152K(37632K), 0.0006090 secs] 99391K->64536K(121024K), 0.0006370 secs] [Times: user=0.01 sys=0.00, real=0.00 secs] 
277.919: Total time for which application threads were stopped: 0.0007830 seconds, Stopping threads took: 0.0000930 seconds
277.979: Application time: 0.0594280 seconds
277.979: [GC277.979: [ParNew: 34843K->4114K(37632K), 0.0016630 secs] 97226K->68593K(121024K), 0.0016980 secs] [Times: user=0.01 sys=0.00, real=0.00 secs] 
277.981: Total time for which application threads were stopped: 0.0018220 seconds, Stopping threads took: 0.0000660 seconds
278.040: Application time: 0.0590050 seconds
278.040: [GC278.040: [ParNew: 36785K->4156K(37632K), 0.0015420 secs] 101265K->69684K(121024K), 0.0015760 secs] [Times: user=0.01 sys=0.00, real=0.00 secs] 
278.041: Total time for which application threads were stopped: 0.0017120 seconds, Stopping threads took: 0.0000650 seconds
278.112: Application time: 0.0711110 seconds
278.113: [GC278.113: [ParNew: 37247K->4159K(37632K), 0.0011140 secs] 102775K->69775K(121024K), 0.0011490 secs] [Times: user=0.01 sys=0.00, real=0.00 secs] 
278.114: Total time for which application threads were stopped: 0.0012720 seconds, Stopping threads took: 0.0000660 seconds
278.176: Application time: 0.0621420 seconds
278.177: [GC278.177: [ParNew: 37145K->4152K(37632K), 0.0021510 secs] 102760K->72932K(121024K), 0.0021780 secs] [Times: user=0.02 sys=0.00, real=0.01 secs] 
278.179: Total time for which application threads were stopped: 0.0030820 seconds, Stopping threads took: 0.0008490 seconds
278.250: Application time: 0.0709210 seconds
278.250: [GC278.250: [ParNew: 37155K->4111K(37632K), 0.0018930 secs] 105935K->76043K(121024K), 0.0019290 secs] [Times: user=0.01 sys=0.00, real=0.01 secs] 
278.252: Total time for which application threads were stopped: 0.0020660 seconds, Stopping threads took: 0.0000800 seconds
278.318: Application time: 0.0664280 seconds
278.318: [GC278.318: [ParNew: 37101K->4140K(37632K), 0.0019750 secs] 109033K->79144K(121024K), 0.0020150 secs] [Times: user=0.01 sys=0.00, real=0.01 secs] 
278.321: Total time for which application threads were stopped: 0.0021470 seconds, Stopping threads took: 0.0000700 seconds
278.388: Application time: 0.0676480 seconds
278.388: [GC278.388: [ParNew: 37101K->4116K(37632K), 0.0019490 secs] 112105K->82240K(121024K), 0.0019920 secs] [Times: user=0.02 sys=0.00, real=0.00 secs] 
278.390: Total time for which application threads were stopped: 0.0021330 seconds, Stopping threads took: 0.0000810 seconds
278.459: Application time: 0.0688750 seconds
278.459: [GC278.459: [ParNew: 37047K->4114K(37632K), 0.0016900 secs] 115171K->84286K(121024K), 0.0017240 secs] [Times: user=0.02 sys=0.00, real=0.00 secs] 
278.461: Total time for which application threads were stopped: 0.0018740 seconds, Stopping threads took: 0.0000890 seconds
278.533: Application time: 0.0723440 seconds
278.534: [GC278.534: [ParNew: 37111K->4128K(37632K), 0.0014030 secs] 117283K->85324K(121024K), 0.0014340 secs] [Times: user=0.01 sys=0.00, real=0.00 secs] 
278.535: Total time for which application threads were stopped: 0.0015960 seconds, Stopping threads took: 0.0001020 seconds
278.604: Application time: 0.0686920 seconds
278.604: [GC278.604: [ParNew: 36854K->4158K(37632K), 0.0010910 secs] 118050K->85370K(121024K), 0.0011230 secs] [Times: user=0.01 sys=0.00, real=0.00 secs] 
278.605: Total time for which application threads were stopped: 0.0012840 seconds, Stopping threads took: 0.0000940 seconds
278.672: Application time: 0.0669900 seconds
278.672: [GC278.672: [ParNew: 37630K->2148K(37632K), 0.0006810 secs] 118842K->83360K(121024K), 0.0007110 secs] [Times: user=0.01 sys=0.00, real=0.00 secs] 
278.673: Total time for which application threads were stopped: 0.0008700 seconds, Stopping threads took: 0.0001040 seconds
278.740: Application time: 0.0675900 seconds
278.741: [GC278.741: [ParNew: 35620K->4119K(37632K), 0.0010490 secs] 116832K->85387K(121024K), 0.0010770 secs] [Times: user=0.01 sys=0.00, real=0.00 secs] 
278.742: Total time for which application threads were stopped: 0.0011890 seconds, Stopping threads took: 0.0000600 seconds
278.799: Application time: 0.0576850 seconds
278.799: [GC278.799: [ParNew: 36589K->4159K(37632K), 0.0018450 secs] 117858K->87483K(121024K), 0.0018800 secs] [Times: user=0.01 sys=0.00, real=0.00 secs] 
278.801: Total time for which application threads were stopped: 0.0020030 seconds, Stopping threads took: 0.0000650 seconds
278.868: Application time: 0.0670080 seconds
278.868: [GC278.868: [ParNew: 37176K->4153K(37632K), 0.0017120 secs]278.870: [Tenured: 85468K->9818K(85832K), 0.0088750 secs] 120501K->9818K(123464K), [Perm : 5528K->5528K(21248K)], 0.0107460 secs] [Times: user=0.02 sys=0.00, real=0.02 secs] 
278.879: Total time for which application threads were stopped: 0.0108930 seconds, Stopping threads took: 0.0000830 seconds
278.945: Application time: 0.0659080 seconds
278.945: [GC278.945: [ParNew: 33020K->4156K(37632K), 0.0017260 secs] 42838K->16039K(121024K), 0.0017610 secs] [Times: user=0.02 sys=0.00, real=0.00 secs] 
278.947: Total time for which application threads were stopped: 0.0018940 seconds, Stopping threads took: 0.0000720 seconds
279.015: Application time: 0.0681280 seconds
279.015: [GC279.015: [ParNew: 37048K->4112K(37632K), 0.0019320 secs] 48931K->19147K(121024K), 0.0019700 secs] [Times: user=0.02 sys=0.00, real=0.00 secs] 
279.017: Total time for which application threads were stopped: 0.0021420 seconds, Stopping threads took: 0.0001070 seconds
279.086: Application time: 0.0684570 seconds
279.086: [GC279.086: [ParNew: 37186K->4140K(37632K), 0.0016760 secs] 52221K->21223K(121024K), 0.0017130 secs] [Times: user=0.01 sys=0.00, real=0.00 secs] 
279.088: Total time for which application threads were stopped: 0.0018440 seconds, Stopping threads took: 0.0000670 seconds
279.156: Application time: 0.0686860 seconds
279.156: [GC279.156: [ParNew: 37078K->4112K(37632K), 0.0018760 secs] 54161K->24323K(121024K), 0.0019140 secs] [Times: user=0.02 sys=0.00, real=0.00 secs] 
279.158: Total time for which application threads were stopped: 0.0020960 seconds, Stopping threads took: 0.0001130 seconds
279.225: Application time: 0.0665600 seconds
279.225: [GC279.225: [ParNew: 37003K->4114K(37632K), 0.0020170 secs] 57214K->27397K(121024K), 0.0020540 secs] [Times: user=0.01 sys=0.00, real=0.00 secs] 
279.227: Total time for which application threads were stopped: 0.0022050 seconds, Stopping threads took: 0.0000800 seconds
279.298: Application time: 0.0711740 seconds
279.298: [GC279.298: [ParNew: 37045K->4133K(37632K), 0.0012110 secs] 60328K->27416K(121024K), 0.0012430 secs] [Times: user=0.01 sys=0.01, real=0.01 secs] 
279.300: Total time for which application threads were stopped: 0.0013840 seconds, Stopping threads took: 0.0000810 seconds
279.369: Application time: 0.0690850 seconds
279.369: [GC279.369: [ParNew: 36904K->4158K(37632K), 0.0011130 secs] 60187K->27465K(121024K), 0.0011440 secs] [Times: user=0.01 sys=0.00, real=0.00 secs] 
279.370: Total time for which application threads were stopped: 0.0012760 seconds, Stopping threads took: 0.0000710 seconds
279.440: Application time: 0.0698200 seconds
279.440: [GC279.440: [ParNew: 36925K->2120K(37632K), 0.0005530 secs] 60232K->25427K(121024K), 0.0005780 secs] [Times: user=0.01 sys=0.00, real=0.00 secs] 
279.441: Total time for which application threads were stopped: 0.0006920 seconds, Stopping threads took: 0.0000630 seconds
279.507: Application time: 0.0666710 seconds
279.508: [GC279.508: [ParNew: 35425K->3112K(37632K), 0.0010050 secs] 58732K->26468K(121024K), 0.0010380 secs] [Times: user=0.01 sys=0.00, real=0.00 secs] 
279.509: Total time for which application threads were stopped: 0.0018420 seconds, Stopping threads took: 0.0007380 seconds
279.569: Application time: 0.0595970 seconds
279.569: [GC279.569: [ParNew: 36584K->4152K(37632K), 0.0020480 secs] 59940K->30611K(121024K), 0.0020870 secs] [Times: user=0.01 sys=0.00, real=0.01 secs] 
279.571: Total time for which application threads were stopped: 0.0022190 seconds, Stopping threads took: 0.0000690 seconds
279.637: Application time: 0.0662120 seconds
279.637: [GC279.637: [ParNew: 37159K->4154K(37632K), 0.0014540 secs] 63618K->31702K(121024K), 0.0014870 secs] [Times: user=0.01 sys=0.00, real=0.01 secs] 
279.639: Total time for which application threads were stopped: 0.0016360 seconds, Stopping threads took: 0.0000900 seconds
279.703: Application time: 0.0638190 seconds
279.703: [GC279.703: [ParNew: 37097K->4156K(37632K), 0.0017120 secs] 64644K->33855K(121024K), 0.0017470 secs] [Times: user=0.01 sys=0.00, real=0.00 secs] 
279.704: Total time for which application threads were stopped: 0.0018740 seconds, Stopping threads took: 0.0000570 seconds
279.768: Application time: 0.0638230 seconds
279.768: [GC279.768: [ParNew: 37091K->4121K(37632K), 0.0017610 secs] 66790K->35949K(121024K), 0.0018000 secs] [Times: user=0.01 sys=0.00, real=0.00 secs] 
279.770: Total time for which application threads were stopped: 0.0019720 seconds, Stopping threads took: 0.0001130 seconds
279.828: Application time: 0.0578600 seconds
279.828: [GC279.828: [ParNew: 37049K->4140K(37632K), 0.0019460 secs] 68877K->39039K(121024K), 0.0019820 secs] [Times: user=0.01 sys=0.00, real=0.00 secs] 
279.830: Total time for which application threads were stopped: 0.0021170 seconds, Stopping threads took: 0.0000780 seconds
279.896: Application time: 0.0656830 seconds
279.896: [GC279.896: [ParNew: 37156K->4115K(37632K), 0.0032350 secs] 72056K->41119K(121024K), 0.0032710 secs] [Times: user=0.01 sys=0.00, real=0.01 secs] 
279.899: Total time for which application threads were stopped: 0.0033970 seconds, Stopping threads took: 0.0000710 seconds
279.960: Application time: 0.0605420 seconds
279.960: [GC279.960: [ParNew: 37002K->4112K(37632K), 0.0019760 secs] 74006K->44187K(121024K), 0.0020100 secs] [Times: user=0.02 sys=0.00, real=0.00 secs] 
279.962: Total time for which application threads were stopped: 0.0021420 seconds, Stopping threads took: 0.0000750 seconds
280.024: Application time: 0.0616330 seconds
280.024: [GC280.024: [ParNew: 36851K->4148K(37632K), 0.0014620 secs] 76927K->45247K(121024K), 0.0014960 secs] [Times: user=0.01 sys=0.00, real=0.00 secs] 
280.025: Total time for which application threads were stopped: 0.0016700 seconds, Stopping threads took: 0.0001150 seconds
280.091: Application time: 0.0661350 seconds
280.092: [GC280.092: [ParNew: 37077K->3143K(37632K), 0.0009410 secs] 78177K->44243K(121024K), 0.0009790 secs] [Times: user=0.01 sys=0.00, real=0.00 secs] 
280.093: Total time for which application threads were stopped: 0.0010950 seconds, Stopping threads took: 0.0000620 seconds
280.152: Application time: 0.0596170 seconds
280.152: [GC280.152: [ParNew: 35626K->3146K(37632K), 0.0008830 secs] 76726K->44246K(121024K), 0.0009140 secs] [Times: user=0.01 sys=0.00, real=0.00 secs] 
280.153: Total time for which application threads were stopped: 0.0010300 seconds, Stopping threads took: 0.0000610 seconds
280.215: Application time: 0.0619220 seconds
280.215: [GC280.215: [ParNew: 35751K->3130K(37632K), 0.0008130 secs] 76850K->44278K(121024K), 0.0008420 secs] [Times: user=0.01 sys=0.00, real=0.00 secs] 
280.216: Total time for which application threads were stopped: 0.0009720 seconds, Stopping threads took: 0.0000670 seconds
280.271: Application time: 0.0546600 seconds
280.271: [GC280.271: [ParNew: 36540K->4159K(37632K), 0.0017430 secs] 77688K->47387K(121024K), 0.0017780 secs] [Times: user=0.01 sys=0.00, real=0.00 secs] 
280.273: Total time for which application threads were stopped: 0.0019170 seconds, Stopping threads took: 0.0000790 seconds
280.332: Application time: 0.0588890 seconds
280.332: [GC280.332: [ParNew: 37138K->4154K(37632K), 0.0017540 secs] 80366K->49518K(121024K), 0.0017870 secs] [Times: user=0.01 sys=0.00, real=0.00 secs] 
280.334: Total time for which application threads were stopped: 0.0019130 seconds, Stopping threads took: 0.0000670 seconds
280.395: Application time: 0.0618200 seconds
280.395: [GC280.395: [ParNew: 37246K->4152K(37632K), 0.0017370 secs] 82610K->51660K(121024K), 0.0017700 secs] [Times: user=0.01 sys=0.00, real=0.00 secs] 
280.397: Total time for which application threads were stopped: 0.0019070 seconds, Stopping threads took: 0.0000800 seconds
280.461: Application time: 0.0637720 seconds
280.461: [GC280.461: [ParNew: 37081K->4130K(37632K), 0.0015750 secs] 84589K->53774K(121024K), 0.0016070 secs] [Times: user=0.01 sys=0.00, real=0.00 secs] 
280.463: Total time for which application threads were stopped: 0.0017280 seconds, Stopping threads took: 0.0000640 seconds
280.521: Application time: 0.0585630 seconds
280.521: [GC280.521: [ParNew: 36997K->4138K(37632K), 0.0020440 secs] 86641K->56854K(121024K), 0.0020800 secs] [Times: user=0.01 sys=0.00, real=0.00 secs] 
280.524: Total time for which application threads were stopped: 0.0022190 seconds, Stopping threads took: 0.0000820 seconds
280.586: Application time: 0.0627450 seconds
280.586: [GC280.586: [ParNew: 37089K->4114K(37632K), 0.0019620 secs] 89805K->59966K(121024K), 0.0019980 secs] [Times: user=0.01 sys=0.01, real=0.00 secs] 
280.588: Total time for which application threads were stopped: 0.0021290 seconds, Stopping threads took: 0.0000730 seconds
280.652: Application time: 0.0633620 seconds
280.652: [GC280.652: [ParNew: 37090K->4116K(37632K), 0.0019610 secs] 92942K->63040K(121024K), 0.0019960 secs] [Times: user=0.02 sys=0.00, real=0.00 secs] 
280.654: Total time for which application threads were stopped: 0.0021210 seconds, Stopping threads took: 0.0000660 seconds
280.714: Application time: 0.0606130 seconds
280.715: [GC280.715: [ParNew: 36888K->4144K(37632K), 0.0014420 secs] 95812K->64092K(121024K), 0.0014730 secs] [Times: user=0.01 sys=0.00, real=0.00 secs] 
280.716: Total time for which application threads were stopped: 0.0017040 seconds, Stopping threads took: 0.0001710 seconds
280.779: Application time: 0.0629430 seconds
280.779: [GC280.779: [ParNew: 36711K->3111K(37632K), 0.0008890 secs] 96660K->63060K(121024K), 0.0009190 secs] [Times: user=0.00 sys=0.00, real=0.00 secs] 
280.780: Total time for which application threads were stopped: 0.0010740 seconds, Stopping threads took: 0.0000920 seconds
280.844: Application time: 0.0640840 seconds
280.844: [GC280.844: [ParNew: 35992K->2117K(37632K), 0.0006090 secs] 95940K->62066K(121024K), 0.0006360 secs] [Times: user=0.00 sys=0.00, real=0.00 secs] 
280.845: Total time for which application threads were stopped: 0.0007520 seconds, Stopping threads took: 0.0000630 seconds
280.905: Application time: 0.0601520 seconds
280.905: [GC280.905: [ParNew: 35589K->3136K(37632K), 0.0008720 secs] 95538K->63132K(121024K), 0.0009080 secs] [Times: user=0.01 sys=0.00, real=0.00 secs] 
280.906: Total time for which application threads were stopped: 0.0010290 seconds, Stopping threads took: 0.0000680 seconds
280.961: Application time: 0.0543940 seconds
280.961: [GC280.961: [ParNew: 35864K->4155K(37632K), 0.0014940 secs] 95860K->65239K(121024K), 0.0015240 secs] [Times: user=0.00 sys=0.00, real=0.00 secs] 
280.962: Total time for which application threads were stopped: 0.0016530 seconds, Stopping threads took: 0.0000730 seconds
281.022: Application time: 0.0601600 seconds
281.023: [GC281.023: [ParNew: 37167K->4138K(37632K), 0.0019280 secs] 98252K->68374K(121024K), 0.0019670 secs] [Times: user=0.01 sys=0.00, real=0.00 secs] 
281.025: Total time for which application threads were stopped: 0.0020980 seconds, Stopping threads took: 0.0000710 seconds
281.086: Application time: 0.0614710 seconds
281.086: [GC281.086: [ParNew: 37190K->4158K(37632K), 0.0017560 secs] 101427K->70539K(121024K), 0.0017900 secs] [Times: user=0.01 sys=0.00, real=0.00 secs] 
281.088: Total time for which application threads were stopped: 0.0019240 seconds, Stopping threads took: 0.0000710 seconds
281.152: Application time: 0.0636710 seconds
281.152: [GC281.152: [ParNew: 37147K->4149K(37632K), 0.0013220 secs] 103527K->71650K(121024K), 0.0013550 secs] [Times: user=0.01 sys=0.00, real=0.00 secs] 
281.153: Total time for which application threads were stopped: 0.0014940 seconds, Stopping threads took: 0.0000850 seconds
281.216: Application time: 0.0625960 seconds
281.216: [GC281.216: [ParNew: 36957K->4131K(37632K), 0.0012080 secs] 104457K->71672K(121024K), 0.0012370 secs] [Times: user=0.01 sys=0.00, real=0.00 secs] 
281.217: Total time for which application threads were stopped: 0.0015810 seconds, Stopping threads took: 0.0002820 seconds
281.275: Application time: 0.0573960 seconds
281.275: [GC281.275: [ParNew: 36623K->4112K(37632K), 0.0017240 secs] 104164K->73701K(121024K), 0.0017550 secs] [Times: user=0.01 sys=0.00, real=0.00 secs] 
281.277: Total time for which application threads were stopped: 0.0018900 seconds, Stopping threads took: 0.0000770 seconds
281.338: Application time: 0.0617650 seconds
281.338: [GC281.338: [ParNew: 36953K->4112K(37632K), 0.0020630 secs] 106542K->76772K(121024K), 0.0020970 secs] [Times: user=0.01 sys=0.01, real=0.01 secs] 
281.341: Total time for which application threads were stopped: 0.0022350 seconds, Stopping threads took: 0.0000730 seconds
281.404: Application time: 0.0629120 seconds
281.404: [GC281.404: [ParNew: 37058K->4134K(37632K), 0.0016430 secs] 109719K->78842K(121024K), 0.0016760 secs] [Times: user=0.01 sys=0.00, real=0.00 secs] 
281.405: Total time for which application threads were stopped: 0.0018290 seconds, Stopping threads took: 0.0000940 seconds
281.467: Application time: 0.0619930 seconds
281.467: [GC281.467: [ParNew: 36801K->4150K(37632K), 0.0011590 secs] 111509K->78859K(121024K), 0.0011890 secs] [Times: user=0.01 sys=0.00, real=0.00 secs] 
281.469: Total time for which application threads were stopped: 0.0013380 seconds, Stopping threads took: 0.0000900 seconds
281.528: Application time: 0.0595000 seconds
281.528: [GC281.528: [ParNew: 36659K->3143K(37632K), 0.0008720 secs] 111368K->77852K(121024K), 0.0009010 secs] [Times: user=0.00 sys=0.00, real=0.00 secs] 
281.529: Total time for which application threads were stopped: 0.0010150 seconds, Stopping threads took: 0.0000610 seconds
281.591: Application time: 0.0614150 seconds
281.591: [GC281.591: [ParNew: 36615K->4118K(37632K), 0.0018490 secs] 111324K->81947K(121024K), 0.0018780 secs] [Times: user=0.02 sys=0.00, real=0.00 secs] 
281.593: Total time for which application threads were stopped: 0.0020170 seconds, Stopping threads took: 0.0000830 seconds
281.652: Application time: 0.0589490 seconds
281.652: [GC281.652: [ParNew: 37135K->4154K(37632K), 0.0019730 secs] 114964K->85071K(121024K), 0.0020110 secs] [Times: user=0.02 sys=0.00, real=0.00 secs] 
281.654: Total time for which application threads were stopped: 0.0021710 seconds, Stopping threads took: 0.0000920 seconds
281.716: Application time: 0.0622430 seconds
281.716: [GC281.716: [ParNew: 37320K->4152K(37632K), 0.0017830 secs] 118237K->87209K(121024K), 0.0018170 secs] [Times: user=0.01 sys=0.00, real=0.00 secs] 
281.718: Total time for which application threads were stopped: 0.0019420 seconds, Stopping threads took: 0.0000670 seconds
281.780: Application time: 0.0621020 seconds
281.780: [GC281.780: [ParNew: 37315K->4158K(37632K), 0.0016450 secs]281.782: [Tenured: 85217K->13101K(85448K), 0.0088290 secs] 120372K->13101K(123080K), [Perm : 5528K->5528K(21248K)], 0.0106210 secs] [Times: user=0.02 sys=0.00, real=0.01 secs] 
281.791: Total time for which application threads were stopped: 0.0107530 seconds, Stopping threads took: 0.0000680 seconds
281.852: Application time: 0.0610140 seconds
281.852: [GC281.852: [ParNew: 32862K->4159K(37632K), 0.0014100 secs] 45964K->18300K(121024K), 0.0014420 secs] [Times: user=0.01 sys=0.00, real=0.00 secs] 
281.853: Total time for which application threads were stopped: 0.0016260 seconds, Stopping threads took: 0.0001220 seconds
281.914: Application time: 0.0607460 seconds
281.914: [GC281.914: [ParNew: 36835K->4117K(37632K), 0.0015740 secs] 50977K->19338K(121024K), 0.0016080 secs] [Times: user=0.01 sys=0.00, real=0.00 secs] 
281.916: Total time for which application threads were stopped: 0.0017560 seconds, Stopping threads took: 0.0000890 seconds
281.980: Application time: 0.0641400 seconds
281.980: [GC281.980: [ParNew: 36984K->4131K(37632K), 0.0012750 secs] 52206K->20376K(121024K), 0.0013060 secs] [Times: user=0.01 sys=0.00, real=0.00 secs] 
281.982: Total time for which application threads were stopped: 0.0014460 seconds, Stopping threads took: 0.0000830 seconds
282.042: Application time: 0.0609500 seconds
282.043: [GC282.043: [ParNew: 36912K->4146K(37632K), 0.0014530 secs] 53158K->21415K(121024K), 0.0014850 secs] [Times: user=0.01 sys=0.00, real=0.00 secs] 
282.044: Total time for which application threads were stopped: 0.0016350 seconds, Stopping threads took: 0.0000900 seconds
282.104: Application time: 0.0600310 seconds
282.104: [GC282.104: [ParNew: 36791K->4132K(37632K), 0.0012550 secs] 54061K->21402K(121024K), 0.0012870 secs] [Times: user=0.01 sys=0.00, real=0.00 secs] 
282.106: Total time for which application threads were stopped: 0.0014570 seconds, Stopping threads took: 0.0001130 seconds
282.166: Application time: 0.0601020 seconds
282.166: [GC282.166: [ParNew: 36700K->4152K(37632K), 0.0011660 secs] 53970K->21421K(121024K), 0.0011970 secs] [Times: user=0.00 sys=0.00, real=0.00 secs] 
282.167: Total time for which application threads were stopped: 0.0013240 seconds, Stopping threads took: 0.0000740 seconds
282.225: Application time: 0.0579360 seconds
282.225: [GC282.225: [ParNew: 36650K->4148K(37632K), 0.0013510 secs] 53919K->22441K(121024K), 0.0013830 secs] [Times: user=0.01 sys=0.00, real=0.00 secs] 
282.226: Total time for which application threads were stopped: 0.0015070 seconds, Stopping threads took: 0.0000650 seconds
282.290: Application time: 0.0638680 seconds
282.290: [GC282.290: [ParNew: 37074K->4133K(37632K), 0.0011270 secs] 55368K->22482K(121024K), 0.0011580 secs] [Times: user=0.01 sys=0.00, real=0.01 secs] 
282.292: Total time for which application threads were stopped: 0.0012770 seconds, Stopping threads took: 0.0000650 seconds
282.347: Application time: 0.0552720 seconds
282.347: [GC282.347: [ParNew: 36826K->4154K(37632K), 0.0019400 secs] 55176K->25591K(121024K), 0.0019730 secs] [Times: user=0.02 sys=0.00, real=0.00 secs] 
282.349: Total time for which application threads were stopped: 0.0021390 seconds, Stopping threads took: 0.0001080 seconds
282.411: Application time: 0.0623720 seconds
282.412: [GC282.412: [ParNew: 37312K->4156K(37632K), 0.0017300 secs] 58749K->27737K(121024K), 0.0017660 secs] [Times: user=0.02 sys=0.00, real=0.00 secs] 
282.413: Total time for which application threads were stopped: 0.0019280 seconds, Stopping threads took: 0.0000940 seconds
282.478: Application time: 0.0643190 seconds
282.478: [GC282.478: [ParNew: 36840K->4158K(37632K), 0.0014150 secs] 60422K->28851K(121024K), 0.0014560 secs] [Times: user=0.01 sys=0.00, real=0.01 secs] 
282.479: Total time for which application threads were stopped: 0.0016020 seconds, Stopping threads took: 0.0000890 seconds
282.543: Application time: 0.0638720 seconds
282.543: [GC282.543: [ParNew: 37240K->4155K(37632K), 0.0013390 secs] 61934K->29937K(121024K), 0.0013700 secs] [Times: user=0.01 sys=0.00, real=0.00 secs] 
282.545: Total time for which application threads were stopped: 0.0015410 seconds, Stopping threads took: 0.0001160 seconds
282.605: Application time: 0.0600210 seconds
282.605: [GC282.605: [ParNew: 36938K->4111K(37632K), 0.0016190 secs] 62720K->32017K(121024K), 0.0016510 secs] [Times: user=0.01 sys=0.00, real=0.00 secs] 
282.607: Total time for which application threads were stopped: 0.0017810 seconds, Stopping threads took: 0.0000720 seconds
282.671: Application time: 0.0645290 seconds
282.671: [GC282.671: [ParNew: 37072K->4129K(37632K), 0.0013450 secs] 64977K->33059K(121024K), 0.0013770 secs] [Times: user=0.01 sys=0.00, real=0.00 secs] 
282.673: Total time for which application threads were stopped: 0.0014920 seconds, Stopping threads took: 0.0000590 seconds
282.730: Application time: 0.0570480 seconds
282.730: [GC282.730: [ParNew: 36792K->4116K(37632K), 0.0016980 secs] 65721K->35094K(121024K), 0.0017330 secs] [Times: user=0.01 sys=0.00, real=0.01 secs] 
282.731: Total time for which application threads were stopped: 0.0018690 seconds, Stopping threads took: 0.0000770 seconds
282.797: Application time: 0.0651130 seconds
282.797: [GC282.797: [ParNew: 37095K->4128K(37632K), 0.0017260 secs] 68073K->37154K(121024K), 0.0017590 secs] [Times: user=0.02 sys=0.00, real=0.00 secs] 
282.798: Total time for which application threads were stopped: 0.0018960 seconds, Stopping threads took: 0.0000800 seconds
282.861: Application time: 0.0627410 seconds
282.861: [GC282.861: [ParNew: 36974K->4150K(37632K), 0.0014130 secs] 70000K->38200K(121024K), 0.0014450 secs] [Times: user=0.01 sys=0.00, real=0.00 secs] 
282.863: Total time for which application threads were stopped: 0.0015860 seconds, Stopping threads took: 0.0000850 seconds
282.925: Application time: 0.0624530 seconds
282.925: [GC282.925: [ParNew: 36969K->3161K(37632K), 0.0008430 secs] 71019K->37211K(121024K), 0.0008730 secs] [Times: user=0.00 sys=0.00, real=0.00 secs] 
282.926: Total time for which application threads were stopped: 0.0010220 seconds, Stopping threads took: 0.0000860 seconds
282.985: Application time: 0.0584350 seconds
282.985: [GC282.985: [ParNew: 36439K->3125K(37632K), 0.0008780 secs] 70488K->37239K(121024K), 0.0009080 secs] [Times: user=0.01 sys=0.00, real=0.00 secs] 
282.986: Total time for which application threads were stopped: 0.0010420 seconds, Stopping threads took: 0.0000800 seconds
283.040: Application time: 0.0542180 seconds
283.040: [GC283.040: [ParNew: 35621K->4145K(37632K), 0.0017510 secs] 69735K->40371K(121024K), 0.0017840 secs] [Times: user=0.01 sys=0.00, real=0.00 secs] 
283.042: Total time for which application threads were stopped: 0.0019080 seconds, Stopping threads took: 0.0000670 seconds
283.101: Application time: 0.0596120 seconds
283.102: [GC283.102: [ParNew: 37192K->4154K(37632K), 0.0020010 secs] 73418K->43532K(121024K), 0.0020370 secs] [Times: user=0.02 sys=0.00, real=0.00 secs] 
283.104: Total time for which application threads were stopped: 0.0021780 seconds, Stopping threads took: 0.0000830 seconds
283.167: Application time: 0.0633020 seconds
283.167: [GC283.167: [ParNew: 37189K->4144K(37632K), 0.0014720 secs] 76567K->44623K(121024K), 0.0015050 secs] [Times: user=0.01 sys=0.00, real=0.00 secs] 
283.169: Total time for which application threads were stopped: 0.0016410 seconds, Stopping threads took: 0.0000780 seconds
283.229: Application time: 0.0604900 seconds
283.229: [GC283.229: [ParNew: 37117K->4158K(37632K), 0.0016980 secs] 77595K->46748K(121024K), 0.0017290 secs] [Times: user=0.02 sys=0.00, real=0.01 secs] 
283.231: Total time for which application threads were stopped: 0.0018610 seconds, Stopping threads took: 0.0000690 seconds
283.293: Application time: 0.0617620 seconds
283.293: [GC283.293: [ParNew: 37048K->4130K(37632K), 0.0017340 secs] 79638K->48832K(121024K), 0.0017680 secs] [Times: user=0.01 sys=0.00, real=0.00 secs] 
283.295: Total time for which application threads were stopped: 0.0019760 seconds, Stopping threads took: 0.0001520 seconds
283.360: Application time: 0.0652660 seconds
283.360: [GC283.360: [ParNew: 37089K->4114K(37632K), 0.0012910 secs] 81791K->49840K(121024K), 0.0013210 secs] [Times: user=0.01 sys=0.00, real=0.00 secs] 
283.361: Total time for which application threads were stopped: 0.0014490 seconds, Stopping threads took: 0.0000740 seconds
283.419: Application time: 0.0571290 seconds
283.419: [GC283.419: [ParNew: 36766K->4112K(37632K), 0.0016260 secs] 82493K->51886K(121024K), 0.0016590 secs] [Times: user=0.01 sys=0.00, real=0.00 secs] 
283.420: Total time for which application threads were stopped: 0.0018110 seconds, Stopping threads took: 0.0000960 seconds
283.486: Application time: 0.0656720 seconds
283.486: [GC283.486: [ParNew: 37124K->4114K(37632K), 0.0016340 secs] 84898K->53936K(121024K), 0.0016660 secs] [Times: user=0.01 sys=0.00, real=0.00 secs] 
283.488: Total time for which application threads were stopped: 0.0018290 seconds, Stopping threads took: 0.0000970 seconds
283.550: Application time: 0.0618320 seconds
283.550: [GC283.550: [ParNew: 36861K->4150K(37632K), 0.0014140 secs] 86684K->54996K(121024K), 0.0014460 secs] [Times: user=0.01 sys=0.00, real=0.01 secs] 
283.551: Total time for which application threads were stopped: 0.0015920 seconds, Stopping threads took: 0.0000900 seconds
283.615: Application time: 0.0636060 seconds
283.615: [GC283.615: [ParNew: 37011K->3157K(37632K), 0.0008900 secs] 87858K->54003K(121024K), 0.0009200 secs] [Times: user=0.01 sys=0.00, real=0.00 secs] 
283.616: Total time for which application threads were stopped: 0.0010590 seconds, Stopping threads took: 0.0000840 seconds
283.672: Application time: 0.0564780 seconds
283.673: [GC283.673: [ParNew: 36264K->3123K(37632K), 0.0008930 secs] 87111K->54033K(121024K), 0.0009230 secs] [Times: user=0.01 sys=0.00, real=0.00 secs] 
283.674: Total time for which application threads were stopped: 0.0010380 seconds, Stopping threads took: 0.0000630 seconds
283.727: Application time: 0.0538740 seconds
283.731: [GC283.731: [ParNew: 35667K->4142K(37632K), 0.0017160 secs] 86578K->57156K(121024K), 0.0017520 secs] [Times: user=0.01 sys=0.00, real=0.00 secs] 
283.732: Total time for which application threads were stopped: 0.0050700 seconds, Stopping threads took: 0.0032580 seconds
283.793: Application time: 0.0608980 seconds
283.793: [GC283.794: [ParNew: 37276K->4152K(37632K), 0.0019850 secs] 90290K->60310K(121024K), 0.0020220 secs] [Times: user=0.02 sys=0.00, real=0.00 secs] 
283.796: Total time for which application threads were stopped: 0.0021820 seconds, Stopping threads took: 0.0001000 seconds
283.860: Application time: 0.0644210 seconds
283.860: [GC283.860: [ParNew: 37222K->4158K(37632K), 0.0013580 secs] 93380K->61417K(121024K), 0.0013920 secs] [Times: user=0.01 sys=0.00, real=0.00 secs] 
283.861: Total time for which application threads were stopped: 0.0015230 seconds, Stopping threads took: 0.0000740 seconds
283.923: Application time: 0.0615350 seconds
283.923: [GC283.923: [ParNew: 37223K->4158K(37632K), 0.0013990 secs] 94481K->62521K(121024K), 0.0014300 secs] [Times: user=0.01 sys=0.00, real=0.00 secs] 
283.925: Total time for which application threads were stopped: 0.0015700 seconds, Stopping threads took: 0.0000850 seconds
283.985: Application time: 0.0605900 seconds
283.985: [GC283.985: [ParNew: 36976K->4116K(37632K), 0.0016960 secs] 95339K->64582K(121024K), 0.0017300 secs] [Times: user=0.01 sys=0.00, real=0.00 secs] 
283.987: Total time for which application threads were stopped: 0.0018800 seconds, Stopping threads took: 0.0000930 seconds
284.053: Application time: 0.0660330 seconds
284.053: [GC284.053: [ParNew: 37110K->4116K(37632K), 0.0013830 secs] 97577K->65607K(121024K), 0.0014250 secs] [Times: user=0.01 sys=0.00, real=0.00 secs] 
284.055: Total time for which application threads were stopped: 0.0015470 seconds, Stopping threads took: 0.0000580 seconds
284.112: Application time: 0.0569840 seconds
284.112: [GC284.112: [ParNew: 36758K->4115K(37632K), 0.0016730 secs] 98249K->67654K(121024K), 0.0017040 secs] [Times: user=0.01 sys=0.00, real=0.00 secs] 
284.113: Total time for which application threads were stopped: 0.0018600 seconds, Stopping threads took: 0.0000960 seconds
284.179: Application time: 0.0650490 seconds
284.179: [GC284.179: [ParNew: 37100K->4114K(37632K), 0.0016750 secs] 100639K->69701K(121024K), 0.0017100 secs] [Times: user=0.01 sys=0.00, real=0.00 secs] 
284.180: Total time for which application threads were stopped: 0.0018530 seconds, Stopping threads took: 0.0000850 seconds
284.240: Application time: 0.0599080 seconds
284.240: [GC284.240: [ParNew: 36805K->4146K(37632K), 0.0015180 secs] 102391K->70757K(121024K), 0.0015520 secs] [Times: user=0.01 sys=0.00, real=0.00 secs] 
284.242: Total time for which application threads were stopped: 0.0017050 seconds, Stopping threads took: 0.0000930 seconds
284.307: Application time: 0.0651270 seconds
284.307: [GC284.307: [ParNew: 37099K->2100K(37632K), 0.0008620 secs] 103710K->68711K(121024K), 0.0008900 secs] [Times: user=0.00 sys=0.00, real=0.00 secs] 
284.308: Total time for which application threads were stopped: 0.0009990 seconds, Stopping threads took: 0.0000560 seconds
284.366: Application time: 0.0576840 seconds
284.366: [GC284.366: [ParNew: 35261K->3127K(37632K), 0.0009130 secs] 101872K->69794K(121024K), 0.0009430 secs] [Times: user=0.00 sys=0.00, real=0.00 secs] 
284.367: Total time for which application threads were stopped: 0.0010840 seconds, Stopping threads took: 0.0000880 seconds
284.420: Application time: 0.0527470 seconds
284.420: [GC284.420: [ParNew: 36599K->4146K(37632K), 0.0019670 secs] 103266K->73933K(121024K), 0.0020030 secs] [Times: user=0.02 sys=0.00, real=0.00 secs] 
284.422: Total time for which application threads were stopped: 0.0021440 seconds, Stopping threads took: 0.0000830 seconds
284.487: Application time: 0.0647130 seconds
284.487: [GC284.487: [ParNew: 37365K->4155K(37632K), 0.0018430 secs] 107152K->76070K(121024K), 0.0018780 secs] [Times: user=0.02 sys=0.00, real=0.00 secs] 
284.489: Total time for which application threads were stopped: 0.0020140 seconds, Stopping threads took: 0.0000760 seconds
284.552: Application time: 0.0630500 seconds
284.552: [GC284.552: [ParNew: 37224K->4141K(37632K), 0.0017410 secs] 109139K->78176K(121024K), 0.0017810 secs] [Times: user=0.01 sys=0.00, real=0.00 secs] 
284.554: Total time for which application threads were stopped: 0.0019380 seconds, Stopping threads took: 0.0000970 seconds
284.613: Application time: 0.0595380 seconds
284.613: [GC284.613: [ParNew: 37235K->4154K(37632K), 0.0020270 secs] 111270K->81325K(121024K), 0.0020620 secs] [Times: user=0.02 sys=0.00, real=0.00 secs] 
284.615: Total time for which application threads were stopped: 0.0022270 seconds, Stopping threads took: 0.0000980 seconds
284.678: Application time: 0.0624130 seconds
284.678: [GC284.678: [ParNew: 37051K->4130K(37632K), 0.0016820 secs] 114222K->83425K(121024K), 0.0017170 secs] [Times: user=0.01 sys=0.00, real=0.01 secs] 
284.680: Total time for which application threads were stopped: 0.0018630 seconds, Stopping threads took: 0.0000880 seconds
284.743: Application time: 0.0637550 seconds
284.743: [GC284.743: [ParNew: 37028K->4132K(37632K), 0.0018010 secs] 116323K->85475K(121024K), 0.0018320 secs] [Times: user=0.01 sys=0.00, real=0.00 secs] 
284.745: Total time for which application threads were stopped: 0.0019660 seconds, Stopping threads took: 0.0000780 seconds
284.806: Application time: 0.0604200 seconds
284.806: [GC284.806: [ParNew: 36736K->4130K(37632K), 0.0017220 secs]284.808: [Tenured: 83391K->13229K(83392K), 0.0086960 secs] 118079K->13229K(121024K), [Perm : 5528K->5528K(21248K)], 0.0104760 secs] [Times: user=0.02 sys=0.00, real=0.01 secs] 
284.816: Total time for which application threads were stopped: 0.0106440 seconds, Stopping threads took: 0.0000950 seconds
284.880: Application time: 0.0638730 seconds
284.880: [GC284.880: [ParNew: 32910K->4151K(37632K), 0.0011970 secs] 46140K->17380K(121024K), 0.0012290 secs] [Times: user=0.01 sys=0.00, real=0.00 secs] 
284.882: Total time for which application threads were stopped: 0.0014150 seconds, Stopping threads took: 0.0001290 seconds
284.944: Application time: 0.0619300 seconds
284.944: [GC284.944: [ParNew: 36841K->4148K(37632K), 0.0029100 secs] 50070K->18409K(121024K), 0.0029470 secs] [Times: user=0.01 sys=0.00, real=0.00 secs] 
284.947: Total time for which application threads were stopped: 0.0030670 seconds, Stopping threads took: 0.0000620 seconds
285.006: Application time: 0.0590360 seconds
285.007: [GC285.007: [ParNew: 37586K->3138K(37632K), 0.0009680 secs] 51847K->17400K(121024K), 0.0009980 secs] [Times: user=0.01 sys=0.00, real=0.00 secs] 
285.008: Total time for which application threads were stopped: 0.0020140 seconds, Stopping threads took: 0.0009630 seconds
285.067: Application time: 0.0596030 seconds
285.068: [GC285.068: [ParNew: 35791K->4112K(37632K), 0.0016650 secs] 50052K->20485K(121024K), 0.0016990 secs] [Times: user=0.02 sys=0.00, real=0.00 secs] 
285.069: Total time for which application threads were stopped: 0.0019620 seconds, Stopping threads took: 0.0001960 seconds
285.126: Application time: 0.0569480 seconds
285.126: [GC285.126: [ParNew: 36953K->4159K(37632K), 0.0014460 secs] 53327K->21645K(121024K), 0.0014830 secs] [Times: user=0.01 sys=0.00, real=0.00 secs] 
285.128: Total time for which application threads were stopped: 0.0016400 seconds, Stopping threads took: 0.0000900 seconds
285.188: Application time: 0.0604180 seconds
285.188: [GC285.188: [ParNew: 37017K->4143K(37632K), 0.0016870 secs] 54503K->23748K(121024K), 0.0017200 secs] [Times: user=0.02 sys=0.00, real=0.00 secs] 
285.190: Total time for which application threads were stopped: 0.0018360 seconds, Stopping threads took: 0.0000570 seconds
285.250: Application time: 0.0601810 seconds
285.250: [GC285.250: [ParNew: 37147K->4140K(37632K), 0.0020990 secs] 56753K->26881K(121024K), 0.0021370 secs] [Times: user=0.01 sys=0.00, real=0.01 secs] 
285.253: Total time for which application threads were stopped: 0.0022590 seconds, Stopping threads took: 0.0000620 seconds
285.314: Application time: 0.0612750 seconds
285.314: [GC285.314: [ParNew: 37278K->4154K(37632K), 0.0019910 secs] 60020K->30040K(121024K), 0.0020280 secs] [Times: user=0.01 sys=0.00, real=0.00 secs] 
285.316: Total time for which application threads were stopped: 0.0021660 seconds, Stopping threads took: 0.0000800 seconds
285.379: Application time: 0.0628560 seconds
285.379: [GC285.379: [ParNew: 37095K->4130K(37632K), 0.0016320 secs] 62981K->32144K(121024K), 0.0016670 secs] [Times: user=0.01 sys=0.00, real=0.00 secs] 
285.381: Total time for which application threads were stopped: 0.0018350 seconds, Stopping threads took: 0.0001100 seconds
285.445: Application time: 0.0647900 seconds
285.446: [GC285.446: [ParNew: 37095K->4113K(37632K), 0.0017010 secs] 65109K->34175K(121024K), 0.0017380 secs] [Times: user=0.02 sys=0.00, real=0.00 secs] 
285.447: Total time for which application threads were stopped: 0.0018720 seconds, Stopping threads took: 0.0000760 seconds
285.508: Application time: 0.0603390 seconds
285.509: [GC285.509: [ParNew: 36747K->4132K(37632K), 0.0016300 secs] 66809K->35217K(121024K), 0.0016590 secs] [Times: user=0.01 sys=0.00, real=0.00 secs] 
285.510: Total time for which application threads were stopped: 0.0027030 seconds, Stopping threads took: 0.0009870 seconds
285.573: Application time: 0.0626900 seconds
285.573: [GC285.573: [ParNew: 36861K->3110K(37632K), 0.0009670 secs] 67947K->34196K(121024K), 0.0009960 secs] [Times: user=0.01 sys=0.00, real=0.00 secs] 
285.574: Total time for which application threads were stopped: 0.0011730 seconds, Stopping threads took: 0.0001220 seconds
285.635: Application time: 0.0607700 seconds
285.635: [GC285.635: [ParNew: 35660K->4117K(37632K), 0.0014250 secs] 66745K->36227K(121024K), 0.0014630 secs] [Times: user=0.01 sys=0.00, real=0.00 secs] 
285.637: Total time for which application threads were stopped: 0.0015960 seconds, Stopping threads took: 0.0000710 seconds
285.694: Application time: 0.0575710 seconds
285.694: [GC285.694: [ParNew: 37589K->4140K(37632K), 0.0018210 secs] 69699K->38298K(121024K), 0.0018560 secs] [Times: user=0.02 sys=0.00, real=0.00 secs] 
285.696: Total time for which application threads were stopped: 0.0019840 seconds, Stopping threads took: 0.0000680 seconds
285.757: Application time: 0.0611810 seconds
285.758: [GC285.758: [ParNew: 36856K->4119K(37632K), 0.0014110 secs] 71014K->39349K(121024K), 0.0014440 secs] [Times: user=0.01 sys=0.00, real=0.01 secs] 
285.759: Total time for which application threads were stopped: 0.0015920 seconds, Stopping threads took: 0.0000920 seconds
285.818: Application time: 0.0586720 seconds
285.818: [GC285.818: [ParNew: 37100K->4159K(37632K), 0.0014740 secs] 72330K->40477K(121024K), 0.0015070 secs] [Times: user=0.01 sys=0.00, real=0.01 secs] 
285.819: Total time for which application threads were stopped: 0.0016360 seconds, Stopping threads took: 0.0000740 seconds
285.879: Application time: 0.0596840 seconds
285.879: [GC285.879: [ParNew: 36954K->4140K(37632K), 0.0016320 secs] 73272K->42578K(121024K), 0.0016650 secs] [Times: user=0.01 sys=0.00, real=0.00 secs] 
285.881: Total time for which application threads were stopped: 0.0017790 seconds, Stopping threads took: 0.0000580 seconds
285.943: Application time: 0.0619530 seconds
285.947: [GC285.947: [ParNew: 37175K->4147K(37632K), 0.0014570 secs] 75613K->43673K(121024K), 0.0014900 secs] [Times: user=0.01 sys=0.00, real=0.00 secs] 
285.948: Total time for which application threads were stopped: 0.0054860 seconds, Stopping threads took: 0.0039410 seconds
286.009: Application time: 0.0604310 seconds
286.009: [GC286.009: [ParNew: 37252K->4157K(37632K), 0.0019210 secs] 76778K->46827K(121024K), 0.0019550 secs] [Times: user=0.01 sys=0.00, real=0.01 secs] 
286.011: Total time for which application threads were stopped: 0.0020850 seconds, Stopping threads took: 0.0000720 seconds
286.073: Application time: 0.0623890 seconds
286.073: [GC286.073: [ParNew: 37109K->4112K(37632K), 0.0019310 secs] 79779K->49926K(121024K), 0.0019680 secs] [Times: user=0.01 sys=0.00, real=0.00 secs] 
286.075: Total time for which application threads were stopped: 0.0021440 seconds, Stopping threads took: 0.0001170 seconds
286.141: Application time: 0.0658480 seconds
286.141: [GC286.141: [ParNew: 37141K->4114K(37632K), 0.0013970 secs] 82956K->50952K(121024K), 0.0014270 secs] [Times: user=0.01 sys=0.00, real=0.00 secs] 
286.143: Total time for which application threads were stopped: 0.0015560 seconds, Stopping threads took: 0.0000660 seconds
286.204: Application time: 0.0616180 seconds
286.207: [GC286.207: [ParNew: 36889K->4133K(37632K), 0.0011330 secs] 83728K->50972K(121024K), 0.0011630 secs] [Times: user=0.01 sys=0.00, real=0.00 secs] 
286.208: Total time for which application threads were stopped: 0.0037090 seconds, Stopping threads took: 0.0024800 seconds
286.269: Application time: 0.0608660 seconds
286.269: [GC286.269: [ParNew: 37605K->4152K(37632K), 0.0012230 secs] 84444K->50990K(121024K), 0.0012560 secs] [Times: user=0.01 sys=0.00, real=0.00 secs] 
286.270: Total time for which application threads were stopped: 0.0014180 seconds, Stopping threads took: 0.0001060 seconds
286.331: Application time: 0.0604760 seconds
286.331: [GC286.331: [ParNew: 36664K->4118K(37632K), 0.0014000 secs] 83503K->51980K(121024K), 0.0014310 secs] [Times: user=0.01 sys=0.00, real=0.00 secs] 
286.332: Total time for which application threads were stopped: 0.0015660 seconds, Stopping threads took: 0.0000780 seconds
286.391: Application time: 0.0590370 seconds
286.391: [GC286.392: [ParNew: 36916K->4156K(37632K), 0.0016400 secs] 84779K->54070K(121024K), 0.0016720 secs] [Times: user=0.01 sys=0.00, real=0.00 secs] 
286.393: Total time for which application threads were stopped: 0.0018050 seconds, Stopping threads took: 0.0000730 seconds
286.454: Application time: 0.0607250 seconds
286.454: [GC286.454: [ParNew: 36840K->4114K(37632K), 0.0014120 secs] 86755K->55101K(121024K), 0.0014550 secs] [Times: user=0.01 sys=0.00, real=0.00 secs] 
286.456: Total time for which application threads were stopped: 0.0015870 seconds, Stopping threads took: 0.0000740 seconds
286.520: Application time: 0.0645160 seconds
286.520: [GC286.520: [ParNew: 37247K->4158K(37632K), 0.0013630 secs] 88233K->56224K(121024K), 0.0013970 secs] [Times: user=0.01 sys=0.00, real=0.00 secs] 
286.522: Total time for which application threads were stopped: 0.0015240 seconds, Stopping threads took: 0.0000700 seconds
286.579: Application time: 0.0571110 seconds
286.579: [GC286.579: [ParNew: 36733K->4144K(37632K), 0.0013690 secs] 88800K->57299K(121024K), 0.0014010 secs] [Times: user=0.02 sys=0.00, real=0.00 secs] 
286.580: Total time for which application threads were stopped: 0.0015440 seconds, Stopping threads took: 0.0000870 seconds
286.639: Application time: 0.0583500 seconds
286.639: [GC286.639: [ParNew: 37000K->4140K(37632K), 0.0020200 secs] 90155K->60422K(121024K), 0.0020540 secs] [Times: user=0.01 sys=0.00, real=0.00 secs] 
286.641: Total time for which application threads were stopped: 0.0021880 seconds, Stopping threads took: 0.0000750 seconds
286.704: Application time: 0.0631090 seconds
286.704: [GC286.704: [ParNew: 37293K->4152K(37632K), 0.0020950 secs] 93576K->63579K(121024K), 0.0021290 secs] [Times: user=0.01 sys=0.00, real=0.00 secs] 
286.706: Total time for which application threads were stopped: 0.0022980 seconds, Stopping threads took: 0.0001040 seconds
286.767: Application time: 0.0605770 seconds
286.767: [GC286.767: [ParNew: 37053K->4112K(37632K), 0.0020730 secs] 96479K->66699K(121024K), 0.0021100 secs] [Times: user=0.02 sys=0.00, real=0.00 secs] 
286.769: Total time for which application threads were stopped: 0.0022540 seconds, Stopping threads took: 0.0000840 seconds
286.833: Application time: 0.0639800 seconds
286.833: [GC286.833: [ParNew: 37023K->4145K(37632K), 0.0011920 secs] 99610K->66732K(121024K), 0.0012240 secs] [Times: user=0.01 sys=0.00, real=0.00 secs] 
286.834: Total time for which application threads were stopped: 0.0013520 seconds, Stopping threads took: 0.0000720 seconds
286.898: Application time: 0.0635640 seconds
286.898: [GC286.898: [ParNew: 36932K->4159K(37632K), 0.0011500 secs] 99519K->66777K(121024K), 0.0011830 secs] [Times: user=0.01 sys=0.00, real=0.01 secs] 
286.899: Total time for which application threads were stopped: 0.0013360 seconds, Stopping threads took: 0.0001010 seconds
286.957: Application time: 0.0575190 seconds
286.957: [GC286.957: [ParNew: 37368K->4116K(37632K), 0.0012220 secs] 99987K->66751K(121024K), 0.0012520 secs] [Times: user=0.01 sys=0.00, real=0.00 secs] 
286.958: Total time for which application threads were stopped: 0.0014190 seconds, Stopping threads took: 0.0001150 seconds
287.020: Application time: 0.0617100 seconds
287.020: [GC287.020: [ParNew: 36974K->4118K(37632K), 0.0016060 secs] 99609K->68801K(121024K), 0.0016370 secs] [Times: user=0.01 sys=0.00, real=0.00 secs] 
287.022: Total time for which application threads were stopped: 0.0017800 seconds, Stopping threads took: 0.0000870 seconds
287.082: Application time: 0.0598630 seconds
287.082: [GC287.082: [ParNew: 36997K->4139K(37632K), 0.0014560 secs] 101679K->69846K(121024K), 0.0014880 secs] [Times: user=0.01 sys=0.00, real=0.00 secs] 
287.083: Total time for which application threads were stopped: 0.0016250 seconds, Stopping threads took: 0.0000810 seconds
287.143: Application time: 0.0601420 seconds
287.143: [GC287.143: [ParNew: 36797K->4117K(37632K), 0.0014230 secs] 102504K->70896K(121024K), 0.0014550 secs] [Times: user=0.01 sys=0.00, real=0.00 secs] 
287.145: Total time for which application threads were stopped: 0.0015830 seconds, Stopping threads took: 0.0000720 seconds
287.207: Application time: 0.0617900 seconds
287.207: [GC287.207: [ParNew: 37141K->4159K(37632K), 0.0011310 secs] 103920K->71002K(121024K), 0.0011600 secs] [Times: user=0.01 sys=0.00, real=0.00 secs] 
287.208: Total time for which application threads were stopped: 0.0012920 seconds, Stopping threads took: 0.0000590 seconds
287.267: Application time: 0.0591000 seconds
287.267: [GC287.267: [ParNew: 36908K->4158K(37632K), 0.0013970 secs] 103752K->72105K(121024K), 0.0014300 secs] [Times: user=0.01 sys=0.00, real=0.00 secs] 
287.269: Total time for which application threads were stopped: 0.0015740 seconds, Stopping threads took: 0.0000860 seconds
287.325: Application time: 0.0566960 seconds
287.325: [GC287.326: [ParNew: 36949K->4140K(37632K), 0.0020880 secs] 104896K->75223K(121024K), 0.0021200 secs] [Times: user=0.01 sys=0.00, real=0.00 secs] 
287.328: Total time for which application threads were stopped: 0.0022870 seconds, Stopping threads took: 0.0001080 seconds
287.393: Application time: 0.0656450 seconds
287.393: [GC287.393: [ParNew: 37355K->4158K(37632K), 0.0014370 secs] 108438K->76361K(121024K), 0.0014690 secs] [Times: user=0.01 sys=0.00, real=0.00 secs] 
287.395: Total time for which application threads were stopped: 0.0016070 seconds, Stopping threads took: 0.0000830 seconds
287.455: Application time: 0.0598380 seconds
287.455: [GC287.455: [ParNew: 37009K->4130K(37632K), 0.0017110 secs] 109213K->78453K(121024K), 0.0017410 secs] [Times: user=0.01 sys=0.00, real=0.00 secs] 
287.457: Total time for which application threads were stopped: 0.0018770 seconds, Stopping threads took: 0.0000780 seconds
287.521: Application time: 0.0641710 seconds
287.521: [GC287.521: [ParNew: 36986K->4147K(37632K), 0.0011550 secs] 111309K->78470K(121024K), 0.0011850 secs] [Times: user=0.01 sys=0.00, real=0.00 secs] 
287.522: Total time for which application threads were stopped: 0.0013230 seconds, Stopping threads took: 0.0000820 seconds
287.584: Application time: 0.0616580 seconds
287.584: [GC287.584: [ParNew: 36740K->4131K(37632K), 0.0011510 secs] 111064K->78454K(121024K), 0.0011820 secs] [Times: user=0.01 sys=0.00, real=0.00 secs] 
287.585: Total time for which application threads were stopped: 0.0012990 seconds, Stopping threads took: 0.0000640 seconds
287.644: Application time: 0.0592890 seconds
287.644: [GC287.644: [ParNew: 37582K->4110K(37632K), 0.0017150 secs] 111905K->80481K(121024K), 0.0017480 secs] [Times: user=0.02 sys=0.00, real=0.00 secs] 
287.646: Total time for which application threads were stopped: 0.0018710 seconds, Stopping threads took: 0.0000650 seconds
287.707: Application time: 0.0609480 seconds
287.707: [GC287.707: [ParNew: 36978K->4114K(37632K), 0.0017460 secs] 113349K->82533K(121024K), 0.0017780 secs] [Times: user=0.02 sys=0.00, real=0.00 secs] 
287.709: Total time for which application threads were stopped: 0.0019250 seconds, Stopping threads took: 0.0000910 seconds
287.769: Application time: 0.0602730 seconds
287.769: [GC287.770: [ParNew: 36867K->4159K(37632K), 0.0014160 secs] 115287K->83603K(121024K), 0.0014510 secs] [Times: user=0.01 sys=0.00, real=0.01 secs] 
287.771: Total time for which application threads were stopped: 0.0015920 seconds, Stopping threads took: 0.0000770 seconds
287.834: Application time: 0.0626890 seconds
287.834: [GC287.834: [ParNew: 36971K->3111K(37632K), 0.0009260 secs] 116414K->82603K(121024K), 0.0009600 secs] [Times: user=0.01 sys=0.00, real=0.00 secs] 
287.835: Total time for which application threads were stopped: 0.0011060 seconds, Stopping threads took: 0.0000910 seconds
287.893: Application time: 0.0579330 seconds
287.893: [GC287.893: [ParNew: 36061K->4156K(37632K), 0.0014020 secs] 115553K->84735K(121024K), 0.0014340 secs] [Times: user=0.01 sys=0.00, real=0.00 secs] 
287.894: Total time for which application threads were stopped: 0.0015810 seconds, Stopping threads took: 0.0000900 seconds
287.958: Application time: 0.0641740 seconds
287.959: [GC287.959: [ParNew: 37122K->4158K(37632K), 0.0014460 secs] 117702K->85821K(121024K), 0.0014830 secs] [Times: user=0.01 sys=0.00, real=0.01 secs] 
287.960: Total time for which application threads were stopped: 0.0016160 seconds, Stopping threads took: 0.0000760 seconds
288.016: Application time: 0.0564000 seconds
288.017: [GC288.017: [ParNew: 36824K->4140K(37632K), 0.0016640 secs]288.018: [Tenured: 83775K->13408K(84420K), 0.0087520 secs] 118487K->13408K(122052K), [Perm : 5528K->5528K(21248K)], 0.0105100 secs] [Times: user=0.02 sys=0.00, real=0.01 secs] 
288.027: Total time for which application threads were stopped: 0.0106370 seconds, Stopping threads took: 0.0000640 seconds
288.091: Application time: 0.0640040 seconds
288.091: [GC288.091: [ParNew: 33171K->4152K(37632K), 0.0017490 secs] 46580K->19625K(121024K), 0.0017840 secs] [Times: user=0.01 sys=0.00, real=0.00 secs] 
288.093: Total time for which application threads were stopped: 0.0019140 seconds, Stopping threads took: 0.0000730 seconds
288.154: Application time: 0.0610450 seconds
288.154: [GC288.154: [ParNew: 37033K->4110K(37632K), 0.0018860 secs] 52505K->22743K(121024K), 0.0019240 secs] [Times: user=0.01 sys=0.00, real=0.00 secs] 
288.156: Total time for which application threads were stopped: 0.0020830 seconds, Stopping threads took: 0.0000980 seconds
288.219: Application time: 0.0625690 seconds
288.219: [GC288.219: [ParNew: 36935K->4131K(37632K), 0.0014100 secs] 55567K->23788K(121024K), 0.0014440 secs] [Times: user=0.02 sys=0.00, real=0.00 secs] 
288.220: Total time for which application threads were stopped: 0.0015720 seconds, Stopping threads took: 0.0000710 seconds
288.281: Application time: 0.0608010 seconds
288.281: [GC288.281: [ParNew: 36706K->4136K(37632K), 0.0011350 secs] 56363K->23793K(121024K), 0.0011660 secs] [Times: user=0.01 sys=0.00, real=0.00 secs] 
288.282: Total time for which application threads were stopped: 0.0013060 seconds, Stopping threads took: 0.0000730 seconds
288.346: Application time: 0.0639900 seconds
288.351: [GC288.351: [ParNew: 36863K->2077K(37632K), 0.0006450 secs] 56520K->21734K(121024K), 0.0006730 secs] [Times: user=0.01 sys=0.00, real=0.00 secs] 
288.351: Total time for which application threads were stopped: 0.0049490 seconds, Stopping threads took: 0.0042230 seconds
288.409: Application time: 0.0572510 seconds
288.409: [GC288.409: [ParNew: 35470K->4122K(37632K), 0.0013350 secs] 55127K->24803K(121024K), 0.0013690 secs] [Times: user=0.01 sys=0.00, real=0.00 secs] 
288.410: Total time for which application threads were stopped: 0.0015110 seconds, Stopping threads took: 0.0000870 seconds
288.468: Application time: 0.0575690 seconds
288.468: [GC288.468: [ParNew: 36957K->4144K(37632K), 0.0017010 secs] 57638K->26873K(121024K), 0.0017310 secs] [Times: user=0.01 sys=0.00, real=0.00 secs] 
288.470: Total time for which application threads were stopped: 0.0018880 seconds, Stopping threads took: 0.0001000 seconds
288.534: Application time: 0.0642310 seconds
288.534: [GC288.534: [ParNew: 37076K->4130K(37632K), 0.0016130 secs] 59805K->28963K(121024K), 0.0016460 secs] [Times: user=0.02 sys=0.00, real=0.00 secs] 
288.536: Total time for which application threads were stopped: 0.0017920 seconds, Stopping threads took: 0.0000890 seconds
288.596: Application time: 0.0600410 seconds
288.596: [GC288.596: [ParNew: 37117K->4158K(37632K), 0.0014270 secs] 61950K->30079K(121024K), 0.0014650 secs] [Times: user=0.01 sys=0.00, real=0.00 secs] 
288.597: Total time for which application threads were stopped: 0.0016200 seconds, Stopping threads took: 0.0000950 seconds
288.661: Application time: 0.0634770 seconds
288.661: [GC288.661: [ParNew: 37069K->3150K(37632K), 0.0008400 secs] 62991K->29143K(121024K), 0.0008680 secs] [Times: user=0.00 sys=0.00, real=0.00 secs] 
288.662: Total time for which application threads were stopped: 0.0009850 seconds, Stopping threads took: 0.0000650 seconds
288.719: Application time: 0.0572070 seconds
288.719: [GC288.719: [ParNew: 35813K->4112K(37632K), 0.0018850 secs] 61807K->33273K(121024K), 0.0019220 secs] [Times: user=0.01 sys=0.00, real=0.00 secs] 
288.721: Total time for which application threads were stopped: 0.0020500 seconds, Stopping threads took: 0.0000680 seconds
288.783: Application time: 0.0618690 seconds
288.783: [GC288.783: [ParNew: 37260K->4152K(37632K), 0.0019000 secs] 66421K->36409K(121024K), 0.0019350 secs] [Times: user=0.01 sys=0.00, real=0.00 secs] 
288.785: Total time for which application threads were stopped: 0.0020780 seconds, Stopping threads took: 0.0000670 seconds
288.846: Application time: 0.0612570 seconds
288.846: [GC288.846: [ParNew: 37035K->4130K(37632K), 0.0016920 secs] 69293K->38499K(121024K), 0.0017260 secs] [Times: user=0.02 sys=0.00, real=0.00 secs] 
288.848: Total time for which application threads were stopped: 0.0018660 seconds, Stopping threads took: 0.0000810 seconds
288.913: Application time: 0.0645540 seconds
288.913: [GC288.913: [ParNew: 37019K->4118K(37632K), 0.0011490 secs] 71389K->38487K(121024K), 0.0011830 secs] [Times: user=0.01 sys=0.00, real=0.00 secs] 
288.914: Total time for which application threads were stopped: 0.0013260 seconds, Stopping threads took: 0.0000840 seconds
288.977: Application time: 0.0628250 seconds
288.977: [GC288.977: [ParNew: 36862K->3163K(37632K), 0.0008360 secs] 71231K->37532K(121024K), 0.0008660 secs] [Times: user=0.01 sys=0.00, real=0.00 secs] 
288.978: Total time for which application threads were stopped: 0.0010000 seconds, Stopping threads took: 0.0000780 seconds
289.039: Application time: 0.0611760 seconds
289.039: [GC289.039: [ParNew: 36635K->3132K(37632K), 0.0007590 secs] 71004K->37501K(121024K), 0.0007830 secs] [Times: user=0.01 sys=0.00, real=0.00 secs] 
289.040: Total time for which application threads were stopped: 0.0008900 seconds, Stopping threads took: 0.0000600 seconds
289.098: Application time: 0.0578600 seconds
289.099: [GC289.099: [ParNew: 36604K->4116K(37632K), 0.0020790 secs] 70973K->41557K(121024K), 0.0021160 secs] [Times: user=0.02 sys=0.00, real=0.00 secs] 
289.101: Total time for which application threads were stopped: 0.0030720 seconds, Stopping threads took: 0.0008970 seconds
289.157: Application time: 0.0557520 seconds
289.157: [GC289.157: [ParNew: 36962K->4138K(37632K), 0.0021540 secs] 74404K->44651K(121024K), 0.0021880 secs] [Times: user=0.02 sys=0.00, real=0.01 secs] 
289.159: Total time for which application threads were stopped: 0.0025850 seconds, Stopping threads took: 0.0003370 seconds
289.224: Application time: 0.0649190 seconds
289.224: [GC289.224: [ParNew: 37130K->4128K(37632K), 0.0017930 secs] 77643K->46729K(121024K), 0.0018260 secs] [Times: user=0.01 sys=0.00, real=0.00 secs] 
289.226: Total time for which application threads were stopped: 0.0019910 seconds, Stopping threads took: 0.0001080 seconds
289.290: Application time: 0.0636560 seconds
289.290: [GC289.290: [ParNew: 37344K->4156K(37632K), 0.0017350 secs] 79946K->48861K(121024K), 0.0017660 secs] [Times: user=0.02 sys=0.00, real=0.01 secs] 
289.292: Total time for which application threads were stopped: 0.0019170 seconds, Stopping threads took: 0.0000820 seconds
289.351: Application time: 0.0592370 seconds
289.351: [GC289.351: [ParNew: 36987K->4159K(37632K), 0.0010910 secs] 81693K->48965K(121024K), 0.0011200 secs] [Times: user=0.01 sys=0.00, real=0.00 secs] 
289.352: Total time for which application threads were stopped: 0.0012510 seconds, Stopping threads took: 0.0000820 seconds
289.416: Application time: 0.0641850 seconds
289.416: [GC289.416: [ParNew: 37031K->3128K(37632K), 0.0008360 secs] 81837K->47998K(121024K), 0.0008650 secs] [Times: user=0.01 sys=0.00, real=0.00 secs] 
289.417: Total time for which application threads were stopped: 0.0010030 seconds, Stopping threads took: 0.0000880 seconds
289.473: Application time: 0.0555210 seconds
289.473: [GC289.473: [ParNew: 35844K->4152K(37632K), 0.0020350 secs] 80714K->52110K(121024K), 0.0020690 secs] [Times: user=0.01 sys=0.00, real=0.00 secs] 
289.475: Total time for which application threads were stopped: 0.0022030 seconds, Stopping threads took: 0.0000770 seconds
289.540: Application time: 0.0646400 seconds
289.540: [GC289.540: [ParNew: 37170K->4112K(37632K), 0.0019040 secs] 85128K->55222K(121024K), 0.0019380 secs] [Times: user=0.01 sys=0.00, real=0.00 secs] 
289.542: Total time for which application threads were stopped: 0.0020810 seconds, Stopping threads took: 0.0000850 seconds
289.603: Application time: 0.0610760 seconds
289.603: [GC289.603: [ParNew: 36956K->4127K(37632K), 0.0014300 secs] 88066K->56261K(121024K), 0.0014710 secs] [Times: user=0.01 sys=0.00, real=0.00 secs] 
289.604: Total time for which application threads were stopped: 0.0016000 seconds, Stopping threads took: 0.0000730 seconds
289.666: Application time: 0.0611300 seconds
289.666: [GC289.666: [ParNew: 36649K->3136K(37632K), 0.0009790 secs] 88783K->55270K(121024K), 0.0010090 secs] [Times: user=0.01 sys=0.00, real=0.00 secs] 
289.667: Total time for which application threads were stopped: 0.0012080 seconds, Stopping threads took: 0.0001440 seconds
289.729: Application time: 0.0624550 seconds
289.729: [GC289.729: [ParNew: 35733K->3103K(37632K), 0.0007650 secs] 87867K->55237K(121024K), 0.0007950 secs] [Times: user=0.00 sys=0.00, real=0.00 secs] 
289.730: Total time for which application threads were stopped: 0.0009230 seconds, Stopping threads took: 0.0000770 seconds
289.789: Application time: 0.0588130 seconds
289.789: [GC289.789: [ParNew: 35664K->4129K(37632K), 0.0017770 secs] 87798K->58311K(121024K), 0.0018150 secs] [Times: user=0.01 sys=0.00, real=0.01 secs] 
289.791: Total time for which application threads were stopped: 0.0019440 seconds, Stopping threads took: 0.0000700 seconds
289.846: Application time: 0.0548660 seconds
289.846: [GC289.846: [ParNew: 36834K->4140K(37632K), 0.0021190 secs] 91016K->61394K(121024K), 0.0021540 secs] [Times: user=0.02 sys=0.00, real=0.00 secs] 
289.848: Total time for which application threads were stopped: 0.0023050 seconds, Stopping threads took: 0.0000810 seconds
289.914: Application time: 0.0654470 seconds
289.914: [GC289.914: [ParNew: 37131K->4133K(37632K), 0.0013920 secs] 94385K->62459K(121024K), 0.0014240 secs] [Times: user=0.01 sys=0.00, real=0.00 secs] 
289.915: Total time for which application threads were stopped: 0.0015840 seconds, Stopping threads took: 0.0001050 seconds
289.976: Application time: 0.0604780 seconds
289.976: [GC289.976: [ParNew: 37190K->4155K(37632K), 0.0019010 secs] 95516K->64578K(121024K), 0.0019450 secs] [Times: user=0.02 sys=0.00, real=0.00 secs] 
289.978: Total time for which application threads were stopped: 0.0020970 seconds, Stopping threads took: 0.0000900 seconds
290.040: Application time: 0.0620990 seconds
290.040: [GC290.040: [ParNew: 37038K->4158K(37632K), 0.0013830 secs] 97460K->65676K(121024K), 0.0014150 secs] [Times: user=0.01 sys=0.00, real=0.00 secs] 
290.041: Total time for which application threads were stopped: 0.0015690 seconds, Stopping threads took: 0.0000980 seconds
290.102: Application time: 0.0606360 seconds
290.102: [GC290.102: [ParNew: 36953K->4158K(37632K), 0.0013760 secs] 98471K->66772K(121024K), 0.0014090 secs] [Times: user=0.01 sys=0.00, real=0.00 secs] 
290.104: Total time for which application threads were stopped: 0.0015270 seconds, Stopping threads took: 0.0000620 seconds
290.163: Application time: 0.0591390 seconds
290.163: [GC290.163: [ParNew: 37062K->4156K(37632K), 0.0016530 secs] 99677K->68898K(121024K), 0.0016860 secs] [Times: user=0.02 sys=0.00, real=0.00 secs] 
290.165: Total time for which application threads were stopped: 0.0018270 seconds, Stopping threads took: 0.0000850 seconds
290.228: Application time: 0.0634990 seconds
290.228: [GC290.228: [ParNew: 37123K->4133K(37632K), 0.0015980 secs] 101866K->69972K(121024K), 0.0016320 secs] [Times: user=0.01 sys=0.00, real=0.00 secs] 
290.230: Total time for which application threads were stopped: 0.0017650 seconds, Stopping threads took: 0.0000750 seconds
290.294: Application time: 0.0638150 seconds
290.294: [GC290.294: [ParNew: 36939K->4150K(37632K), 0.0013320 secs] 102778K->71012K(121024K), 0.0013620 secs] [Times: user=0.01 sys=0.00, real=0.00 secs] 
290.295: Total time for which application threads were stopped: 0.0015020 seconds, Stopping threads took: 0.0000840 seconds
290.355: Application time: 0.0596290 seconds
290.355: [GC290.355: [ParNew: 37610K->4117K(37632K), 0.0011370 secs] 104472K->70980K(121024K), 0.0011720 secs] [Times: user=0.01 sys=0.00, real=0.00 secs] 
290.356: Total time for which application threads were stopped: 0.0013190 seconds, Stopping threads took: 0.0000820 seconds
290.416: Application time: 0.0598020 seconds
290.416: [GC290.416: [ParNew: 36726K->4119K(37632K), 0.0013990 secs] 103588K->72006K(121024K), 0.0014380 secs] [Times: user=0.01 sys=0.00, real=0.00 secs] 
290.417: Total time for which application threads were stopped: 0.0015810 seconds, Stopping threads took: 0.0000890 seconds
290.476: Application time: 0.0583740 seconds
290.476: [GC290.476: [ParNew: 36861K->4114K(37632K), 0.0020220 secs] 104747K->75072K(121024K), 0.0020550 secs] [Times: user=0.02 sys=0.00, real=0.00 secs] 
290.478: Total time for which application threads were stopped: 0.0021840 seconds, Stopping threads took: 0.0000730 seconds
290.540: Application time: 0.0623230 seconds
290.540: [GC290.540: [ParNew: 37126K->4140K(37632K), 0.0019770 secs] 108085K->78170K(121024K), 0.0020120 secs] [Times: user=0.02 sys=0.00, real=0.00 secs] 
290.543: Total time for which application threads were stopped: 0.0021590 seconds, Stopping threads took: 0.0000880 seconds
290.603: Application time: 0.0603210 seconds
290.603: [GC290.603: [ParNew: 36856K->4148K(37632K), 0.0014040 secs] 110887K->79266K(121024K), 0.0014400 secs] [Times: user=0.01 sys=0.00, real=0.00 secs] 
290.604: Total time for which application threads were stopped: 0.0015660 seconds, Stopping threads took: 0.0000660 seconds
290.669: Application time: 0.0644970 seconds
290.669: [GC290.669: [ParNew: 37313K->4158K(37632K), 0.0011240 secs] 112431K->79348K(121024K), 0.0011540 secs] [Times: user=0.01 sys=0.00, real=0.00 secs] 
290.670: Total time for which application threads were stopped: 0.0012930 seconds, Stopping threads took: 0.0000860 seconds
290.731: Application time: 0.0604150 seconds
290.735: [GC290.735: [ParNew: 36968K->4158K(37632K), 0.0014000 secs] 112159K->80452K(121024K), 0.0014310 secs] [Times: user=0.01 sys=0.00, real=0.00 secs] 
290.736: Total time for which application threads were stopped: 0.0055000 seconds, Stopping threads took: 0.0040160 seconds
290.796: Application time: 0.0601100 seconds
290.796: [GC290.796: [ParNew: 36849K->4130K(37632K), 0.0017200 secs] 113144K->82537K(121024K), 0.0017520 secs] [Times: user=0.01 sys=0.00, real=0.00 secs] 
290.798: Total time for which application threads were stopped: 0.0019040 seconds, Stopping threads took: 0.0000950 seconds
290.857: Application time: 0.0586170 seconds
290.857: [GC290.857: [ParNew: 37051K->4156K(37632K), 0.0017340 secs] 115458K->84643K(121024K), 0.0017680 secs] [Times: user=0.01 sys=0.01, real=0.01 secs] 
290.859: Total time for which application threads were stopped: 0.0019280 seconds, Stopping threads took: 0.0000930 seconds
290.921: Application time: 0.0628120 seconds
290.922: [GC290.922: [ParNew: 36997K->4135K(37632K), 0.0012040 secs] 117484K->84682K(121024K), 0.0012350 secs] [Times: user=0.01 sys=0.00, real=0.00 secs] 
290.923: Total time for which application threads were stopped: 0.0013900 seconds, Stopping threads took: 0.0000960 seconds
290.985: Application time: 0.0618520 seconds
290.985: [GC290.985: [ParNew: 36834K->4134K(37632K), 0.0010640 secs] 117381K->84680K(121024K), 0.0010930 secs] [Times: user=0.01 sys=0.00, real=0.00 secs] 
290.986: Total time for which application threads were stopped: 0.0012160 seconds, Stopping threads took: 0.0000700 seconds
291.045: Application time: 0.0590400 seconds
291.045: [GC291.045: [ParNew: 36611K->4114K(37632K), 0.0015550 secs] 117158K->85685K(121024K), 0.0015900 secs] [Times: user=0.00 sys=0.00, real=0.00 secs] 
291.047: Total time for which application threads were stopped: 0.0017550 seconds, Stopping threads took: 0.0001050 seconds
291.103: Application time: 0.0561540 seconds
291.103: [GC291.103: [ParNew: 36699K->4116K(37632K), 0.0017070 secs]291.105: [Tenured: 83618K->9831K(84420K), 0.0086330 secs] 118270K->9831K(122052K), [Perm : 5528K->5528K(21248K)], 0.0104250 secs] [Times: user=0.02 sys=0.00, real=0.01 secs] 
291.113: Total time for which application threads were stopped: 0.0105560 seconds, Stopping threads took: 0.0000680 seconds
291.178: Application time: 0.0642310 seconds
291.178: [GC291.178: [ParNew: 32972K->4112K(37632K), 0.0017870 secs] 42804K->15992K(121024K), 0.0018310 secs] [Times: user=0.01 sys=0.00, real=0.01 secs] 
291.180: Total time for which application threads were stopped: 0.0020120 seconds, Stopping threads took: 0.0001260 seconds
291.240: Application time: 0.0601010 seconds
291.240: [GC291.240: [ParNew: 37112K->4140K(37632K), 0.0020530 secs] 48992K->19091K(121024K), 0.0020870 secs] [Times: user=0.01 sys=0.00, real=0.00 secs] 
291.242: Total time for which application threads were stopped: 0.0022220 seconds, Stopping threads took: 0.0000730 seconds
291.307: Application time: 0.0649890 seconds
291.307: [GC291.307: [ParNew: 37029K->4134K(37632K), 0.0011850 secs] 51981K->19141K(121024K), 0.0012140 secs] [Times: user=0.01 sys=0.00, real=0.00 secs] 
291.308: Total time for which application threads were stopped: 0.0013330 seconds, Stopping threads took: 0.0000610 seconds
291.367: Application time: 0.0587560 seconds
291.367: [GC291.367: [ParNew: 36868K->4154K(37632K), 0.0011350 secs] 51875K->19210K(121024K), 0.0011660 secs] [Times: user=0.01 sys=0.00, real=0.00 secs] 
291.368: Total time for which application threads were stopped: 0.0013310 seconds, Stopping threads took: 0.0001020 seconds
291.431: Application time: 0.0621250 seconds
291.431: [GC291.431: [ParNew: 37033K->4158K(37632K), 0.0013330 secs] 52089K->20346K(121024K), 0.0013620 secs] [Times: user=0.01 sys=0.00, real=0.00 secs] 
291.432: Total time for which application threads were stopped: 0.0014720 seconds, Stopping threads took: 0.0000580 seconds
291.489: Application time: 0.0573980 seconds
291.490: [GC291.490: [ParNew: 36834K->4120K(37632K), 0.0016080 secs] 53021K->22428K(121024K), 0.0016410 secs] [Times: user=0.01 sys=0.00, real=0.01 secs] 
291.491: Total time for which application threads were stopped: 0.0017820 seconds, Stopping threads took: 0.0000840 seconds
291.551: Application time: 0.0602070 seconds
291.552: [GC291.552: [ParNew: 37146K->4156K(37632K), 0.0017070 secs] 55453K->24544K(121024K), 0.0017390 secs] [Times: user=0.02 sys=0.00, real=0.00 secs] 
291.553: Total time for which application threads were stopped: 0.0018840 seconds, Stopping threads took: 0.0000910 seconds
291.617: Application time: 0.0637010 seconds
291.617: [GC291.617: [ParNew: 37003K->4114K(37632K), 0.0012760 secs] 57391K->24557K(121024K), 0.0013070 secs] [Times: user=0.00 sys=0.00, real=0.00 secs] 
291.619: Total time for which application threads were stopped: 0.0014800 seconds, Stopping threads took: 0.0001170 seconds
291.681: Application time: 0.0628640 seconds
291.682: [GC291.682: [ParNew: 36949K->4123K(37632K), 0.0011090 secs] 57393K->24567K(121024K), 0.0011390 secs] [Times: user=0.01 sys=0.00, real=0.00 secs] 
291.683: Total time for which application threads were stopped: 0.0012850 seconds, Stopping threads took: 0.0000930 seconds
291.741: Application time: 0.0580180 seconds
291.741: [GC291.741: [ParNew: 37595K->4132K(37632K), 0.0014610 secs] 58039K->25600K(121024K), 0.0014920 secs] [Times: user=0.02 sys=0.00, real=0.00 secs] 
291.742: Total time for which application threads were stopped: 0.0016390 seconds, Stopping threads took: 0.0000900 seconds
291.806: Application time: 0.0632900 seconds
291.806: [GC291.806: [ParNew: 36867K->4114K(37632K), 0.0016420 secs] 58335K->27630K(121024K), 0.0016760 secs] [Times: user=0.02 sys=0.00, real=0.00 secs] 
291.807: Total time for which application threads were stopped: 0.0018010 seconds, Stopping threads took: 0.0000690 seconds
291.866: Application time: 0.0587920 seconds
291.866: [GC291.866: [ParNew: 36875K->4130K(37632K), 0.0017210 secs] 60391K->29694K(121024K), 0.0017580 secs] [Times: user=0.00 sys=0.01, real=0.00 secs] 
291.868: Total time for which application threads were stopped: 0.0018970 seconds, Stopping threads took: 0.0000810 seconds
291.930: Application time: 0.0619000 seconds
291.930: [GC291.930: [ParNew: 37051K->4158K(37632K), 0.0013980 secs] 62615K->30754K(121024K), 0.0014320 secs] [Times: user=0.01 sys=0.00, real=0.01 secs] 
291.932: Total time for which application threads were stopped: 0.0015930 seconds, Stopping threads took: 0.0000870 seconds
291.994: Application time: 0.0622540 seconds
291.994: [GC291.994: [ParNew: 36888K->4136K(37632K), 0.0011290 secs] 63484K->30788K(121024K), 0.0011610 secs] [Times: user=0.01 sys=0.00, real=0.00 secs] 
291.995: Total time for which application threads were stopped: 0.0012920 seconds, Stopping threads took: 0.0000760 seconds
292.053: Application time: 0.0576320 seconds
292.053: [GC292.053: [ParNew: 36927K->4158K(37632K), 0.0016240 secs] 63580K->32874K(121024K), 0.0016600 secs] [Times: user=0.02 sys=0.00, real=0.00 secs] 
292.055: Total time for which application threads were stopped: 0.0017890 seconds, Stopping threads took: 0.0000680 seconds
292.118: Application time: 0.0635480 seconds
292.118: [GC292.118: [ParNew: 37365K->4157K(37632K), 0.0014280 secs] 66081K->34033K(121024K), 0.0014610 secs] [Times: user=0.01 sys=0.00, real=0.01 secs] 
292.120: Total time for which application threads were stopped: 0.0016040 seconds, Stopping threads took: 0.0000880 seconds
292.180: Application time: 0.0601140 seconds
292.180: [GC292.180: [ParNew: 36884K->4132K(37632K), 0.0016100 secs] 66760K->36120K(121024K), 0.0016430 secs] [Times: user=0.02 sys=0.00, real=0.00 secs] 
292.182: Total time for which application threads were stopped: 0.0017780 seconds, Stopping threads took: 0.0000780 seconds
292.244: Application time: 0.0626690 seconds
292.244: [GC292.244: [ParNew: 37250K->4159K(37632K), 0.0013160 secs] 69239K->37195K(121024K), 0.0013470 secs] [Times: user=0.01 sys=0.00, real=0.00 secs] 
292.246: Total time for which application threads were stopped: 0.0015010 seconds, Stopping threads took: 0.0000980 seconds
292.305: Application time: 0.0591270 seconds
292.305: [GC292.305: [ParNew: 36800K->4134K(37632K), 0.0014460 secs] 69837K->38266K(121024K), 0.0014770 secs] [Times: user=0.01 sys=0.00, real=0.00 secs] 
292.307: Total time for which application threads were stopped: 0.0016000 seconds, Stopping threads took: 0.0000650 seconds
292.370: Application time: 0.0632620 seconds
292.370: [GC292.370: [ParNew: 36984K->4141K(37632K), 0.0011090 secs] 71116K->38274K(121024K), 0.0011410 secs] [Times: user=0.00 sys=0.00, real=0.01 secs] 
292.371: Total time for which application threads were stopped: 0.0012680 seconds, Stopping threads took: 0.0000720 seconds
292.430: Application time: 0.0593980 seconds
292.431: [GC292.431: [ParNew: 37613K->4151K(37632K), 0.0017730 secs] 71746K->40331K(121024K), 0.0018060 secs] [Times: user=0.02 sys=0.00, real=0.00 secs] 
292.432: Total time for which application threads were stopped: 0.0019510 seconds, Stopping threads took: 0.0000830 seconds
292.494: Application time: 0.0612530 seconds
292.494: [GC292.494: [ParNew: 36846K->4118K(37632K), 0.0011820 secs] 73027K->40298K(121024K), 0.0012130 secs] [Times: user=0.01 sys=0.00, real=0.00 secs] 
292.495: Total time for which application threads were stopped: 0.0013490 seconds, Stopping threads took: 0.0000720 seconds
292.557: Application time: 0.0622700 seconds
292.557: [GC292.557: [ParNew: 36936K->4136K(37632K), 0.0013240 secs] 73117K->41340K(121024K), 0.0013590 secs] [Times: user=0.01 sys=0.00, real=0.01 secs] 
292.559: Total time for which application threads were stopped: 0.0015080 seconds, Stopping threads took: 0.0000930 seconds
292.617: Application time: 0.0582050 seconds
292.617: [GC292.617: [ParNew: 36892K->4158K(37632K), 0.0013880 secs] 74096K->42418K(121024K), 0.0014290 secs] [Times: user=0.01 sys=0.01, real=0.01 secs] 
292.619: Total time for which application threads were stopped: 0.0015970 seconds, Stopping threads took: 0.0001100 seconds
292.681: Application time: 0.0627240 seconds
292.681: [GC292.681: [ParNew: 36957K->4121K(37632K), 0.0010680 secs] 75217K->42429K(121024K), 0.0010980 secs] [Times: user=0.01 sys=0.00, real=0.00 secs] 
292.683: Total time for which application threads were stopped: 0.0012210 seconds, Stopping threads took: 0.0000700 seconds
292.740: Application time: 0.0575630 seconds
292.740: [GC292.740: [ParNew: 36907K->4154K(37632K), 0.0018250 secs] 75216K->44535K(121024K), 0.0018680 secs] [Times: user=0.01 sys=0.00, real=0.00 secs] 
292.742: Total time for which application threads were stopped: 0.0020000 seconds, Stopping threads took: 0.0000740 seconds
292.807: Application time: 0.0645190 seconds
292.807: [GC292.807: [ParNew: 37370K->4159K(37632K), 0.0015600 secs] 77750K->45700K(121024K), 0.0015950 secs] [Times: user=0.01 sys=0.00, real=0.00 secs] 
292.808: Total time for which application threads were stopped: 0.0017060 seconds, Stopping threads took: 0.0000550 seconds
292.867: Application time: 0.0589760 seconds
292.867: [GC292.867: [ParNew: 36799K->4134K(37632K), 0.0014020 secs] 78340K->46750K(121024K), 0.0014330 secs] [Times: user=0.01 sys=0.00, real=0.00 secs] 
292.869: Total time for which application threads were stopped: 0.0015770 seconds, Stopping threads took: 0.0000900 seconds
292.931: Application time: 0.0619140 seconds
292.935: [GC292.935: [ParNew: 37182K->4154K(37632K), 0.0016330 secs] 79799K->48851K(121024K), 0.0016640 secs] [Times: user=0.01 sys=0.00, real=0.00 secs] 
292.936: Total time for which application threads were stopped: 0.0055450 seconds, Stopping threads took: 0.0038270 seconds
292.997: Application time: 0.0603500 seconds
292.997: [GC292.997: [ParNew: 36881K->4135K(37632K), 0.0014210 secs] 81578K->49920K(121024K), 0.0014530 secs] [Times: user=0.01 sys=0.00, real=0.00 secs] 
292.998: Total time for which application threads were stopped: 0.0015890 seconds, Stopping threads took: 0.0000670 seconds
293.059: Application time: 0.0602770 seconds
293.059: [GC293.059: [ParNew: 36733K->4132K(37632K), 0.0014180 secs] 82518K->50941K(121024K), 0.0014500 secs] [Times: user=0.01 sys=0.00, real=0.00 secs] 
293.060: Total time for which application threads were stopped: 0.0015700 seconds, Stopping threads took: 0.0000640 seconds
293.122: Application time: 0.0615390 seconds
293.122: [GC293.122: [ParNew: 36871K->4123K(37632K), 0.0010930 secs] 83680K->50932K(121024K), 0.0011230 secs] [Times: user=0.00 sys=0.00, real=0.00 secs] 
293.123: Total time for which application threads were stopped: 0.0012610 seconds, Stopping threads took: 0.0000830 seconds
293.180: Application time: 0.0569670 seconds
293.180: [GC293.180: [ParNew: 36769K->4120K(37632K), 0.0017690 secs] 83578K->52977K(121024K), 0.0018020 secs] [Times: user=0.01 sys=0.00, real=0.00 secs] 
293.182: Total time for which application threads were stopped: 0.0019330 seconds, Stopping threads took: 0.0000730 seconds
293.244: Application time: 0.0620040 seconds
293.244: [GC293.244: [ParNew: 37000K->4110K(37632K), 0.0020260 secs] 85857K->56039K(121024K), 0.0020630 secs] [Times: user=0.02 sys=0.00, real=0.00 secs] 
293.246: Total time for which application threads were stopped: 0.0022090 seconds, Stopping threads took: 0.0000880 seconds
293.307: Application time: 0.0610590 seconds
293.307: [GC293.307: [ParNew: 37058K->4158K(37632K), 0.0014690 secs] 88987K->57111K(121024K), 0.0015030 secs] [Times: user=0.00 sys=0.00, real=0.00 secs] 
293.309: Total time for which application threads were stopped: 0.0016540 seconds, Stopping threads took: 0.0000940 seconds
293.373: Application time: 0.0644460 seconds
293.373: [GC293.373: [ParNew: 36993K->4120K(37632K), 0.0011870 secs] 89946K->57121K(121024K), 0.0012230 secs] [Times: user=0.01 sys=0.00, real=0.00 secs] 
293.375: Total time for which application threads were stopped: 0.0013470 seconds, Stopping threads took: 0.0000680 seconds
293.433: Application time: 0.0582360 seconds
293.433: [GC293.433: [ParNew: 36793K->4157K(37632K), 0.0011850 secs] 89794K->57190K(121024K), 0.0012150 secs] [Times: user=0.01 sys=0.00, real=0.00 secs] 
293.434: Total time for which application threads were stopped: 0.0013620 seconds, Stopping threads took: 0.0000920 seconds
293.497: Application time: 0.0631880 seconds
293.498: [GC293.498: [ParNew: 37335K->4158K(37632K), 0.0011540 secs] 90368K->57311K(121024K), 0.0011850 secs] [Times: user=0.01 sys=0.00, real=0.01 secs] 
293.499: Total time for which application threads were stopped: 0.0013290 seconds, Stopping threads took: 0.0000900 seconds
293.555: Application time: 0.0562100 seconds
293.555: [GC293.555: [ParNew: 36633K->4125K(37632K), 0.0018500 secs] 89786K->59382K(121024K), 0.0018930 secs] [Times: user=0.02 sys=0.00, real=0.00 secs] 
293.557: Total time for which application threads were stopped: 0.0020330 seconds, Stopping threads took: 0.0000720 seconds
293.622: Application time: 0.0650120 seconds
293.622: [GC293.622: [ParNew: 37313K->4154K(37632K), 0.0016070 secs] 92570K->61491K(121024K), 0.0016410 secs] [Times: user=0.01 sys=0.00, real=0.00 secs] 
293.624: Total time for which application threads were stopped: 0.0017850 seconds, Stopping threads took: 0.0000870 seconds
293.684: Application time: 0.0603450 seconds
293.684: [GC293.684: [ParNew: 36862K->4150K(37632K), 0.0011330 secs] 94200K->61544K(121024K), 0.0011650 secs] [Times: user=0.01 sys=0.00, real=0.00 secs] 
293.685: Total time for which application threads were stopped: 0.0013150 seconds, Stopping threads took: 0.0000940 seconds
293.746: Application time: 0.0604920 seconds
293.746: [GC293.746: [ParNew: 36643K->3110K(37632K), 0.0009350 secs] 94036K->60504K(121024K), 0.0009650 secs] [Times: user=0.01 sys=0.00, real=0.00 secs] 
293.747: Total time for which application threads were stopped: 0.0011010 seconds, Stopping threads took: 0.0000850 seconds
293.802: Application time: 0.0545670 seconds
293.802: [GC293.802: [ParNew: 35586K->4114K(37632K), 0.0021130 secs] 92979K->64579K(121024K), 0.0021500 secs] [Times: user=0.01 sys=0.00, real=0.00 secs] 
293.804: Total time for which application threads were stopped: 0.0022790 seconds, Stopping threads took: 0.0000720 seconds
293.866: Application time: 0.0624120 seconds
293.866: [GC293.866: [ParNew: 37046K->4112K(37632K), 0.0019220 secs] 97512K->67649K(121024K), 0.0019550 secs] [Times: user=0.01 sys=0.00, real=0.00 secs] 
293.868: Total time for which application threads were stopped: 0.0020860 seconds, Stopping threads took: 0.0000740 seconds
293.927: Application time: 0.0589680 seconds
293.927: [GC293.927: [ParNew: 36918K->4128K(37632K), 0.0018130 secs] 100456K->69713K(121024K), 0.0018470 secs] [Times: user=0.01 sys=0.00, real=0.00 secs] 
293.929: Total time for which application threads were stopped: 0.0019810 seconds, Stopping threads took: 0.0000740 seconds
293.995: Application time: 0.0658180 seconds
293.995: [GC293.995: [ParNew: 37251K->4159K(37632K), 0.0011630 secs] 102837K->69745K(121024K), 0.0011930 secs] [Times: user=0.01 sys=0.00, real=0.00 secs] 
293.997: Total time for which application threads were stopped: 0.0013550 seconds, Stopping threads took: 0.0001060 seconds
294.059: Application time: 0.0624060 seconds
294.059: [GC294.059: [ParNew: 36907K->4136K(37632K), 0.0010880 secs] 102493K->69777K(121024K), 0.0011180 secs] [Times: user=0.01 sys=0.00, real=0.00 secs] 
294.060: Total time for which application threads were stopped: 0.0012470 seconds, Stopping threads took: 0.0000670 seconds
294.120: Application time: 0.0600300 seconds
294.120: [GC294.120: [ParNew: 36929K->4154K(37632K), 0.0012730 secs] 102571K->69827K(121024K), 0.0013040 secs] [Times: user=0.00 sys=0.00, real=0.00 secs] 
294.122: Total time for which application threads were stopped: 0.0014550 seconds, Stopping threads took: 0.0000980 seconds
294.183: Application time: 0.0609140 seconds
294.183: [GC294.183: [ParNew: 37130K->4159K(37632K), 0.0013590 secs] 102804K->70969K(121024K), 0.0013880 secs] [Times: user=0.01 sys=0.00, real=0.00 secs] 
294.184: Total time for which application threads were stopped: 0.0015100 seconds, Stopping threads took: 0.0000660 seconds
294.243: Application time: 0.0591910 seconds
294.243: [GC294.243: [ParNew: 36872K->4112K(37632K), 0.0018830 secs] 103682K->74074K(121024K), 0.0019190 secs] [Times: user=0.02 sys=0.00, real=0.00 secs] 
294.245: Total time for which application threads were stopped: 0.0020370 seconds, Stopping threads took: 0.0000620 seconds
294.306: Application time: 0.0607350 seconds
294.306: [GC294.306: [ParNew: 37145K->4150K(37632K), 0.0017380 secs] 107106K->76191K(121024K), 0.0017740 secs] [Times: user=0.01 sys=0.00, real=0.00 secs] 
294.308: Total time for which application threads were stopped: 0.0019070 seconds, Stopping threads took: 0.0000640 seconds
294.369: Application time: 0.0613530 seconds
294.369: [GC294.369: [ParNew: 36766K->4150K(37632K), 0.0011950 secs] 108808K->76239K(121024K), 0.0012300 secs] [Times: user=0.01 sys=0.00, real=0.01 secs] 
294.371: Total time for which application threads were stopped: 0.0013700 seconds, Stopping threads took: 0.0000820 seconds
294.431: Application time: 0.0603670 seconds
294.431: [GC294.431: [ParNew: 36667K->4134K(37632K), 0.0010850 secs] 108756K->76224K(121024K), 0.0011170 secs] [Times: user=0.01 sys=0.00, real=0.00 secs] 
294.432: Total time for which application threads were stopped: 0.0012450 seconds, Stopping threads took: 0.0000720 seconds
294.489: Application time: 0.0563670 seconds
294.491: [GC294.491: [ParNew: 36768K->4112K(37632K), 0.0016650 secs] 108858K->78250K(121024K), 0.0016980 secs] [Times: user=0.01 sys=0.00, real=0.00 secs] 
294.492: Total time for which application threads were stopped: 0.0037200 seconds, Stopping threads took: 0.0019650 seconds
294.554: Application time: 0.0614200 seconds
294.554: [GC294.554: [ParNew: 37026K->4114K(37632K), 0.0020250 secs] 111164K->81324K(121024K), 0.0020630 secs] [Times: user=0.01 sys=0.00, real=0.00 secs] 
294.556: Total time for which application threads were stopped: 0.0021920 seconds, Stopping threads took: 0.0000690 seconds
294.620: Application time: 0.0636360 seconds
294.620: [GC294.620: [ParNew: 37076K->4122K(37632K), 0.0013300 secs] 114286K->82356K(121024K), 0.0013620 secs] [Times: user=0.01 sys=0.00, real=0.00 secs] 
294.621: Total time for which application threads were stopped: 0.0014890 seconds, Stopping threads took: 0.0000640 seconds
294.683: Application time: 0.0615490 seconds
294.683: [GC294.683: [ParNew: 37061K->4154K(37632K), 0.0014780 secs] 115295K->83436K(121024K), 0.0015090 secs] [Times: user=0.01 sys=0.00, real=0.00 secs] 
294.684: Total time for which application threads were stopped: 0.0016420 seconds, Stopping threads took: 0.0000770 seconds
294.745: Application time: 0.0607550 seconds
294.745: [GC294.745: [ParNew: 36795K->4110K(37632K), 0.0014620 secs] 116077K->84440K(121024K), 0.0014970 secs] [Times: user=0.00 sys=0.00, real=0.00 secs] 
294.747: Total time for which application threads were stopped: 0.0016490 seconds, Stopping threads took: 0.0000940 seconds
294.810: Application time: 0.0634010 seconds
294.810: [GC294.810: [ParNew: 37101K->4153K(37632K), 0.0016860 secs] 117431K->86547K(121024K), 0.0017190 secs] [Times: user=0.01 sys=0.00, real=0.01 secs] 
294.812: Total time for which application threads were stopped: 0.0018620 seconds, Stopping threads took: 0.0000860 seconds
294.871: Application time: 0.0586110 seconds
294.871: [GC294.871: [ParNew: 37017K->4159K(37632K), 0.0015340 secs]294.872: [Tenured: 83530K->9025K(84420K), 0.0084160 secs] 119411K->9025K(122052K), [Perm : 5528K->5528K(21248K)], 0.0100260 secs] [Times: user=0.02 sys=0.00, real=0.01 secs] 
294.881: Total time for which application threads were stopped: 0.0101690 seconds, Stopping threads took: 0.0000820 seconds
294.940: Application time: 0.0596560 seconds
294.941: [GC294.941: [ParNew: 32735K->4130K(37632K), 0.0016880 secs] 41760K->15203K(121024K), 0.0017150 secs] [Times: user=0.02 sys=0.00, real=0.00 secs] 
294.942: Total time for which application threads were stopped: 0.0019230 seconds, Stopping threads took: 0.0001500 seconds
295.006: Application time: 0.0639230 seconds
295.006: [GC295.006: [ParNew: 37224K->4160K(37632K), 0.0026860 secs] 48297K->15273K(121024K), 0.0027190 secs] [Times: user=0.01 sys=0.00, real=0.00 secs] 
295.009: Total time for which application threads were stopped: 0.0028740 seconds, Stopping threads took: 0.0000990 seconds
295.069: Application time: 0.0600480 seconds
295.069: [GC295.069: [ParNew: 37632K->4137K(37632K), 0.0010130 secs] 48745K->15306K(121024K), 0.0010420 secs] [Times: user=0.00 sys=0.00, real=0.00 secs] 
295.070: Total time for which application threads were stopped: 0.0011620 seconds, Stopping threads took: 0.0000660 seconds
295.130: Application time: 0.0591400 seconds
295.130: [GC295.130: [ParNew: 36640K->4113K(37632K), 0.0012980 secs] 47810K->16306K(121024K), 0.0013370 secs] [Times: user=0.01 sys=0.00, real=0.01 secs] 
295.131: Total time for which application threads were stopped: 0.0014740 seconds, Stopping threads took: 0.0000730 seconds
295.187: Application time: 0.0561320 seconds
295.187: [GC295.187: [ParNew: 36852K->4114K(37632K), 0.0020260 secs] 49045K->19379K(121024K), 0.0020610 secs] [Times: user=0.01 sys=0.00, real=0.00 secs] 
295.189: Total time for which application threads were stopped: 0.0022030 seconds, Stopping threads took: 0.0000830 seconds
295.253: Application time: 0.0632770 seconds
295.253: [GC295.253: [ParNew: 37071K->4114K(37632K), 0.0019490 secs] 52337K->22451K(121024K), 0.0019790 secs] [Times: user=0.01 sys=0.00, real=0.00 secs] 
295.255: Total time for which application threads were stopped: 0.0020980 seconds, Stopping threads took: 0.0000610 seconds
295.318: Application time: 0.0630790 seconds
295.318: [GC295.318: [ParNew: 37081K->4133K(37632K), 0.0013480 secs] 55418K->23494K(121024K), 0.0013780 secs] [Times: user=0.01 sys=0.00, real=0.01 secs] 
295.319: Total time for which application threads were stopped: 0.0015250 seconds, Stopping threads took: 0.0000910 seconds
295.379: Application time: 0.0592890 seconds
295.379: [GC295.379: [ParNew: 36788K->4147K(37632K), 0.0011540 secs] 56149K->23508K(121024K), 0.0011840 secs] [Times: user=0.00 sys=0.00, real=0.00 secs] 
295.380: Total time for which application threads were stopped: 0.0013390 seconds, Stopping threads took: 0.0000990 seconds
295.442: Application time: 0.0621910 seconds
295.442: [GC295.442: [ParNew: 36968K->4122K(37632K), 0.0012800 secs] 56330K->24563K(121024K), 0.0013120 secs] [Times: user=0.01 sys=0.00, real=0.00 secs] 
295.444: Total time for which application threads were stopped: 0.0014670 seconds, Stopping threads took: 0.0001000 seconds
295.507: Application time: 0.0632340 seconds
295.507: [GC295.507: [ParNew: 37226K->4152K(37632K), 0.0018930 secs] 57668K->26673K(121024K), 0.0019320 secs] [Times: user=0.01 sys=0.00, real=0.00 secs] 
295.509: Total time for which application threads were stopped: 0.0021410 seconds, Stopping threads took: 0.0001440 seconds
295.567: Application time: 0.0582400 seconds
295.567: [GC295.567: [ParNew: 36897K->4157K(37632K), 0.0014310 secs] 59418K->27815K(121024K), 0.0014620 secs] [Times: user=0.01 sys=0.00, real=0.00 secs] 
295.569: Total time for which application threads were stopped: 0.0015880 seconds, Stopping threads took: 0.0000730 seconds
295.630: Application time: 0.0611450 seconds
295.630: [GC295.630: [ParNew: 36961K->4118K(37632K), 0.0014000 secs] 60619K->28864K(121024K), 0.0014320 secs] [Times: user=0.01 sys=0.00, real=0.01 secs] 
295.632: Total time for which application threads were stopped: 0.0015640 seconds, Stopping threads took: 0.0000770 seconds
295.696: Application time: 0.0640630 seconds
295.696: [GC295.696: [ParNew: 37205K->4158K(37632K), 0.0015100 secs] 61950K->29975K(121024K), 0.0015400 secs] [Times: user=0.01 sys=0.00, real=0.00 secs] 
295.697: Total time for which application threads were stopped: 0.0016890 seconds, Stopping threads took: 0.0000810 seconds
295.757: Application time: 0.0592250 seconds
295.757: [GC295.757: [ParNew: 37630K->4153K(37632K), 0.0011010 secs] 63447K->30026K(121024K), 0.0011320 secs] [Times: user=0.00 sys=0.00, real=0.00 secs] 
295.758: Total time for which application threads were stopped: 0.0012430 seconds, Stopping threads took: 0.0000550 seconds
295.819: Application time: 0.0614970 seconds
295.823: [GC295.823: [ParNew: 36833K->3112K(37632K), 0.0008880 secs] 62707K->28985K(121024K), 0.0009160 secs] [Times: user=0.00 sys=0.00, real=0.00 secs] 
295.824: Total time for which application threads were stopped: 0.0043230 seconds, Stopping threads took: 0.0033560 seconds
295.879: Application time: 0.0550660 seconds
295.879: [GC295.879: [ParNew: 35734K->4114K(37632K), 0.0020310 secs] 61608K->33060K(121024K), 0.0020650 secs] [Times: user=0.02 sys=0.00, real=0.00 secs] 
295.881: Total time for which application threads were stopped: 0.0022160 seconds, Stopping threads took: 0.0000810 seconds
295.943: Application time: 0.0616890 seconds
295.943: [GC295.943: [ParNew: 37028K->4114K(37632K), 0.0019180 secs] 65974K->36132K(121024K), 0.0019530 secs] [Times: user=0.02 sys=0.00, real=0.00 secs] 
295.945: Total time for which application threads were stopped: 0.0021050 seconds, Stopping threads took: 0.0000940 seconds
296.007: Application time: 0.0625980 seconds
296.011: [GC296.011: [ParNew: 37004K->4111K(37632K), 0.0016250 secs] 69022K->37153K(121024K), 0.0016580 secs] [Times: user=0.01 sys=0.00, real=0.00 secs] 
296.012: Total time for which application threads were stopped: 0.0051890 seconds, Stopping threads took: 0.0034530 seconds
296.076: Application time: 0.0633320 seconds
296.076: [GC296.076: [ParNew: 37039K->4145K(37632K), 0.0014640 secs] 70081K->38211K(121024K), 0.0014960 secs] [Times: user=0.01 sys=0.00, real=0.00 secs] 
296.078: Total time for which application threads were stopped: 0.0016810 seconds, Stopping threads took: 0.0001070 seconds
296.137: Application time: 0.0592260 seconds
296.137: [GC296.137: [ParNew: 36817K->4114K(37632K), 0.0017470 secs] 70883K->40284K(121024K), 0.0017790 secs] [Times: user=0.01 sys=0.00, real=0.01 secs] 
296.139: Total time for which application threads were stopped: 0.0019030 seconds, Stopping threads took: 0.0000650 seconds
296.204: Application time: 0.0651530 seconds
296.204: [GC296.204: [ParNew: 37276K->4159K(37632K), 0.0013780 secs] 73446K->41397K(121024K), 0.0014150 secs] [Times: user=0.01 sys=0.00, real=0.00 secs] 
296.205: Total time for which application threads were stopped: 0.0015430 seconds, Stopping threads took: 0.0000620 seconds
296.262: Application time: 0.0567440 seconds
296.262: [GC296.262: [ParNew: 36934K->4158K(37632K), 0.0015210 secs] 74171K->42552K(121024K), 0.0015520 secs] [Times: user=0.02 sys=0.00, real=0.00 secs] 
296.264: Total time for which application threads were stopped: 0.0017220 seconds, Stopping threads took: 0.0001160 seconds
296.327: Application time: 0.0631480 seconds
296.327: [GC296.327: [ParNew: 36998K->4118K(37632K), 0.0016870 secs] 75392K->44640K(121024K), 0.0017190 secs] [Times: user=0.01 sys=0.00, real=0.00 secs] 
296.329: Total time for which application threads were stopped: 0.0018830 seconds, Stopping threads took: 0.0001060 seconds
296.392: Application time: 0.0633640 seconds
296.392: [GC296.392: [ParNew: 37178K->4158K(37632K), 0.0011280 secs] 77701K->44720K(121024K), 0.0011610 secs] [Times: user=0.01 sys=0.00, real=0.00 secs] 
296.393: Total time for which application threads were stopped: 0.0012940 seconds, Stopping threads took: 0.0000760 seconds
296.454: Application time: 0.0605700 seconds
296.454: [GC296.454: [ParNew: 37630K->3147K(37632K), 0.0008940 secs] 78192K->43749K(121024K), 0.0009210 secs] [Times: user=0.01 sys=0.00, real=0.00 secs] 
296.455: Total time for which application threads were stopped: 0.0010520 seconds, Stopping threads took: 0.0000800 seconds
296.515: Application time: 0.0595890 seconds
296.515: [GC296.515: [ParNew: 36554K->4114K(37632K), 0.0015380 secs] 77156K->46764K(121024K), 0.0015690 secs] [Times: user=0.02 sys=0.00, real=0.00 secs] 
296.516: Total time for which application threads were stopped: 0.0016750 seconds, Stopping threads took: 0.0000530 seconds
296.574: Application time: 0.0571810 seconds
296.574: [GC296.574: [ParNew: 36964K->4114K(37632K), 0.0019360 secs] 79614K->49836K(121024K), 0.0019690 secs] [Times: user=0.02 sys=0.00, real=0.00 secs] 
296.576: Total time for which application threads were stopped: 0.0020930 seconds, Stopping threads took: 0.0000660 seconds
296.636: Application time: 0.0601980 seconds
296.636: [GC296.636: [ParNew: 37057K->4110K(37632K), 0.0020000 secs] 82779K->52904K(121024K), 0.0020340 secs] [Times: user=0.02 sys=0.00, real=0.00 secs] 
296.638: Total time for which application threads were stopped: 0.0021940 seconds, Stopping threads took: 0.0001030 seconds
296.703: Application time: 0.0646600 seconds
296.703: [GC296.703: [ParNew: 37061K->4133K(37632K), 0.0013750 secs] 85856K->53951K(121024K), 0.0014140 secs] [Times: user=0.01 sys=0.00, real=0.00 secs] 
296.704: Total time for which application threads were stopped: 0.0015460 seconds, Stopping threads took: 0.0000790 seconds
296.768: Application time: 0.0635120 seconds
296.768: [GC296.768: [ParNew: 37128K->4158K(37632K), 0.0017110 secs] 86947K->56024K(121024K), 0.0017440 secs] [Times: user=0.01 sys=0.00, real=0.00 secs] 
296.770: Total time for which application threads were stopped: 0.0019060 seconds, Stopping threads took: 0.0000930 seconds
296.829: Application time: 0.0594090 seconds
296.829: [GC296.829: [ParNew: 36790K->4132K(37632K), 0.0014450 secs] 88656K->57071K(121024K), 0.0014780 secs] [Times: user=0.01 sys=0.00, real=0.01 secs] 
296.831: Total time for which application threads were stopped: 0.0016790 seconds, Stopping threads took: 0.0001430 seconds
296.895: Application time: 0.0638530 seconds
296.895: [GC296.895: [ParNew: 37240K->4156K(37632K), 0.0014600 secs] 90179K->58135K(121024K), 0.0014910 secs] [Times: user=0.01 sys=0.00, real=0.00 secs] 
296.896: Total time for which application threads were stopped: 0.0016500 seconds, Stopping threads took: 0.0001020 seconds
296.955: Application time: 0.0582540 seconds
296.955: [GC296.955: [ParNew: 37088K->4158K(37632K), 0.0015780 secs] 91066K->59304K(121024K), 0.0016090 secs] [Times: user=0.01 sys=0.00, real=0.00 secs] 
296.956: Total time for which application threads were stopped: 0.0017980 seconds, Stopping threads took: 0.0001300 seconds
297.020: Application time: 0.0635580 seconds
297.020: [GC297.020: [ParNew: 37035K->4132K(37632K), 0.0014730 secs] 92181K->60371K(121024K), 0.0015060 secs] [Times: user=0.01 sys=0.00, real=0.00 secs] 
297.022: Total time for which application threads were stopped: 0.0016340 seconds, Stopping threads took: 0.0000670 seconds
297.083: Application time: 0.0613590 seconds
297.083: [GC297.083: [ParNew: 37029K->4158K(37632K), 0.0014030 secs] 93267K->61473K(121024K), 0.0014350 secs] [Times: user=0.01 sys=0.00, real=0.00 secs] 
297.084: Total time for which application threads were stopped: 0.0015770 seconds, Stopping threads took: 0.0000850 seconds
297.147: Application time: 0.0627540 seconds
297.147: [GC297.147: [ParNew: 37630K->4154K(37632K), 0.0011120 secs] 94945K->61533K(121024K), 0.0011420 secs] [Times: user=0.00 sys=0.00, real=0.00 secs] 
297.149: Total time for which application threads were stopped: 0.0012670 seconds, Stopping threads took: 0.0000740 seconds
297.206: Application time: 0.0573350 seconds
297.206: [GC297.206: [ParNew: 37532K->4120K(37632K), 0.0013300 secs] 94911K->62522K(121024K), 0.0013620 secs] [Times: user=0.01 sys=0.00, real=0.00 secs] 
297.207: Total time for which application threads were stopped: 0.0014830 seconds, Stopping threads took: 0.0000680 seconds
297.264: Application time: 0.0570820 seconds
297.265: [GC297.265: [ParNew: 36908K->4115K(37632K), 0.0020320 secs] 95311K->65590K(121024K), 0.0020750 secs] [Times: user=0.01 sys=0.01, real=0.00 secs] 
297.267: Total time for which application threads were stopped: 0.0022060 seconds, Stopping threads took: 0.0000730 seconds
297.327: Application time: 0.0608200 seconds
297.328: [GC297.328: [ParNew: 37058K->4112K(37632K), 0.0019780 secs] 98533K->68659K(121024K), 0.0020120 secs] [Times: user=0.01 sys=0.00, real=0.00 secs] 
297.330: Total time for which application threads were stopped: 0.0021490 seconds, Stopping threads took: 0.0000710 seconds
297.394: Application time: 0.0648510 seconds
297.395: [GC297.395: [ParNew: 37117K->4132K(37632K), 0.0016390 secs] 101664K->70727K(121024K), 0.0016720 secs] [Times: user=0.01 sys=0.00, real=0.00 secs] 
297.396: Total time for which application threads were stopped: 0.0017970 seconds, Stopping threads took: 0.0000670 seconds
297.463: Application time: 0.0662950 seconds
297.463: [GC297.463: [ParNew: 37209K->4148K(37632K), 0.0011480 secs] 103804K->70759K(121024K), 0.0011800 secs] [Times: user=0.01 sys=0.00, real=0.00 secs] 
297.464: Total time for which application threads were stopped: 0.0013400 seconds, Stopping threads took: 0.0001050 seconds
297.526: Application time: 0.0617890 seconds
297.526: [GC297.526: [ParNew: 36979K->4148K(37632K), 0.0013900 secs] 103590K->71823K(121024K), 0.0014310 secs] [Times: user=0.01 sys=0.00, real=0.00 secs] 
297.527: Total time for which application threads were stopped: 0.0015740 seconds, Stopping threads took: 0.0000870 seconds
297.592: Application time: 0.0645450 seconds
297.592: [GC297.592: [ParNew: 37273K->4158K(37632K), 0.0010560 secs] 104947K->71885K(121024K), 0.0010840 secs] [Times: user=0.01 sys=0.00, real=0.00 secs] 
297.593: Total time for which application threads were stopped: 0.0012130 seconds, Stopping threads took: 0.0000750 seconds
297.651: Application time: 0.0580580 seconds
297.651: [GC297.651: [ParNew: 36650K->4158K(37632K), 0.0011240 secs] 104377K->72001K(121024K), 0.0011530 secs] [Times: user=0.01 sys=0.00, real=0.00 secs] 
297.652: Total time for which application threads were stopped: 0.0012690 seconds, Stopping threads took: 0.0000640 seconds
297.708: Application time: 0.0556520 seconds
297.708: [GC297.708: [ParNew: 36797K->4114K(37632K), 0.0020070 secs] 104640K->75109K(121024K), 0.0020410 secs] [Times: user=0.02 sys=0.00, real=0.00 secs] 
297.710: Total time for which application threads were stopped: 0.0022340 seconds, Stopping threads took: 0.0001340 seconds
297.773: Application time: 0.0627180 seconds
297.773: [GC297.773: [ParNew: 37203K->4154K(37632K), 0.0016730 secs] 108198K->77229K(121024K), 0.0017090 secs] [Times: user=0.01 sys=0.00, real=0.00 secs] 
297.775: Total time for which application threads were stopped: 0.0018620 seconds, Stopping threads took: 0.0000950 seconds
297.838: Application time: 0.0634360 seconds
297.838: [GC297.838: [ParNew: 36944K->4150K(37632K), 0.0011820 secs] 110019K->77289K(121024K), 0.0012120 secs] [Times: user=0.01 sys=0.00, real=0.01 secs] 
297.840: Total time for which application threads were stopped: 0.0013410 seconds, Stopping threads took: 0.0000680 seconds
297.901: Application time: 0.0610380 seconds
297.901: [GC297.901: [ParNew: 36716K->3110K(37632K), 0.0008400 secs] 109856K->76249K(121024K), 0.0008690 secs] [Times: user=0.00 sys=0.00, real=0.00 secs] 
297.902: Total time for which application threads were stopped: 0.0010230 seconds, Stopping threads took: 0.0001010 seconds
297.959: Application time: 0.0571030 seconds
297.959: [GC297.959: [ParNew: 35586K->4118K(37632K), 0.0015830 secs] 108726K->79305K(121024K), 0.0016150 secs] [Times: user=0.01 sys=0.00, real=0.00 secs] 
297.961: Total time for which application threads were stopped: 0.0018040 seconds, Stopping threads took: 0.0001330 seconds
298.018: Application time: 0.0576270 seconds
298.018: [GC298.018: [ParNew: 36939K->4113K(37632K), 0.0020340 secs] 112127K->82372K(121024K), 0.0020670 secs] [Times: user=0.02 sys=0.00, real=0.01 secs] 
298.020: Total time for which application threads were stopped: 0.0022120 seconds, Stopping threads took: 0.0000870 seconds
298.084: Application time: 0.0634930 seconds
298.084: [GC298.084: [ParNew: 37071K->4109K(37632K), 0.0017950 secs] 115330K->84416K(121024K), 0.0018280 secs] [Times: user=0.01 sys=0.00, real=0.00 secs] 
298.086: Total time for which application threads were stopped: 0.0019690 seconds, Stopping threads took: 0.0000830 seconds
298.150: Application time: 0.0638790 seconds
298.150: [GC298.150: [ParNew: 37154K->4158K(37632K), 0.0017380 secs] 117462K->86517K(121024K), 0.0017700 secs] [Times: user=0.01 sys=0.00, real=0.01 secs] 
298.152: Total time for which application threads were stopped: 0.0019270 seconds, Stopping threads took: 0.0000990 seconds
298.213: Application time: 0.0612380 seconds
298.213: [GC298.213: [ParNew: 36915K->4149K(37632K), 0.0011560 secs] 119275K->86573K(121024K), 0.0011840 secs] [Times: user=0.01 sys=0.00, real=0.00 secs] 
298.214: Total time for which application threads were stopped: 0.0013160 seconds, Stopping threads took: 0.0000790 seconds
298.277: Application time: 0.0626720 seconds
298.277: [GC298.277: [ParNew: 37166K->3225K(37632K), 0.0009810 secs] 119589K->85649K(121024K), 0.0010090 secs] [Times: user=0.01 sys=0.00, real=0.00 secs] 
298.278: Total time for which application threads were stopped: 0.0011530 seconds, Stopping threads took: 0.0000850 seconds
298.336: Application time: 0.0580910 seconds
298.336: [GC298.336: [ParNew: 36697K->4142K(37632K), 0.0017750 secs]298.338: [Tenured: 84599K->11260K(85448K), 0.0087560 secs] 119121K->11260K(123080K), [Perm : 5528K->5528K(21248K)], 0.0106500 secs] [Times: user=0.03 sys=0.00, real=0.01 secs] 
298.347: Total time for which application threads were stopped: 0.0108080 seconds, Stopping threads took: 0.0000960 seconds
298.411: Application time: 0.0635730 seconds
298.411: [GC298.411: [ParNew: 33025K->4158K(37632K), 0.0016060 secs] 44286K->16458K(121024K), 0.0016400 secs] [Times: user=0.01 sys=0.00, real=0.00 secs] 
298.412: Total time for which application threads were stopped: 0.0018070 seconds, Stopping threads took: 0.0001040 seconds
298.471: Application time: 0.0583530 seconds
298.471: [GC298.471: [ParNew: 37007K->4159K(37632K), 0.0015340 secs] 49307K->17580K(121024K), 0.0015660 secs] [Times: user=0.01 sys=0.00, real=0.00 secs] 
298.472: Total time for which application threads were stopped: 0.0016850 seconds, Stopping threads took: 0.0000600 seconds
298.534: Application time: 0.0618440 seconds
298.534: [GC298.534: [ParNew: 36831K->4148K(37632K), 0.0014260 secs] 50251K->18657K(121024K), 0.0014600 secs] [Times: user=0.01 sys=0.00, real=0.00 secs] 
298.536: Total time for which application threads were stopped: 0.0015920 seconds, Stopping threads took: 0.0000760 seconds
298.593: Application time: 0.0569430 seconds
298.593: [GC298.593: [ParNew: 36617K->4130K(37632K), 0.0016640 secs] 51125K->20687K(121024K), 0.0016990 secs] [Times: user=0.01 sys=0.00, real=0.00 secs] 
298.595: Total time for which application threads were stopped: 0.0018440 seconds, Stopping threads took: 0.0000860 seconds
298.659: Application time: 0.0638680 seconds
298.659: [GC298.659: [ParNew: 37075K->4128K(37632K), 0.0017010 secs] 53632K->22733K(121024K), 0.0017350 secs] [Times: user=0.01 sys=0.01, real=0.00 secs] 
298.660: Total time for which application threads were stopped: 0.0018640 seconds, Stopping threads took: 0.0000690 seconds
298.717: Application time: 0.0563800 seconds
298.717: [GC298.717: [ParNew: 36846K->4112K(37632K), 0.0018940 secs] 55451K->25789K(121024K), 0.0019300 secs] [Times: user=0.02 sys=0.00, real=0.01 secs] 
298.719: Total time for which application threads were stopped: 0.0021130 seconds, Stopping threads took: 0.0001140 seconds
298.783: Application time: 0.0644730 seconds
298.783: [GC298.783: [ParNew: 37103K->4113K(37632K), 0.0016040 secs] 58780K->27838K(121024K), 0.0016400 secs] [Times: user=0.02 sys=0.00, real=0.00 secs] 
298.785: Total time for which application threads were stopped: 0.0017920 seconds, Stopping threads took: 0.0000940 seconds
298.848: Application time: 0.0632600 seconds
298.849: [GC298.849: [ParNew: 37176K->4146K(37632K), 0.0016180 secs] 60901K->29935K(121024K), 0.0016530 secs] [Times: user=0.01 sys=0.00, real=0.00 secs] 
298.850: Total time for which application threads were stopped: 0.0017990 seconds, Stopping threads took: 0.0000870 seconds
298.910: Application time: 0.0601740 seconds
298.911: [GC298.911: [ParNew: 36789K->4151K(37632K), 0.0011590 secs] 62578K->29972K(121024K), 0.0011920 secs] [Times: user=0.01 sys=0.00, real=0.01 secs] 
298.912: Total time for which application threads were stopped: 0.0013480 seconds, Stopping threads took: 0.0000980 seconds
298.974: Application time: 0.0622410 seconds
298.974: [GC298.974: [ParNew: 37147K->3198K(37632K), 0.0009400 secs] 62968K->29019K(121024K), 0.0009720 secs] [Times: user=0.01 sys=0.00, real=0.00 secs] 
298.975: Total time for which application threads were stopped: 0.0011020 seconds, Stopping threads took: 0.0000660 seconds
299.035: Application time: 0.0595020 seconds
299.035: [GC299.035: [ParNew: 35850K->4158K(37632K), 0.0017250 secs] 61671K->32155K(121024K), 0.0017570 secs] [Times: user=0.02 sys=0.00, real=0.00 secs] 
299.036: Total time for which application threads were stopped: 0.0018980 seconds, Stopping threads took: 0.0000840 seconds
299.096: Application time: 0.0599830 seconds
299.097: [GC299.097: [ParNew: 36871K->4158K(37632K), 0.0014610 secs] 64868K->33259K(121024K), 0.0015020 secs] [Times: user=0.01 sys=0.00, real=0.00 secs] 
299.098: Total time for which application threads were stopped: 0.0016330 seconds, Stopping threads took: 0.0000740 seconds
299.158: Application time: 0.0600940 seconds
299.158: [GC299.158: [ParNew: 37061K->4158K(37632K), 0.0012020 secs] 66162K->33339K(121024K), 0.0012350 secs] [Times: user=0.01 sys=0.00, real=0.01 secs] 
299.160: Total time for which application threads were stopped: 0.0013720 seconds, Stopping threads took: 0.0000810 seconds
299.222: Application time: 0.0621440 seconds
299.222: [GC299.222: [ParNew: 36886K->4133K(37632K), 0.0014140 secs] 66067K->34386K(121024K), 0.0014460 secs] [Times: user=0.01 sys=0.00, real=0.00 secs] 
299.223: Total time for which application threads were stopped: 0.0015730 seconds, Stopping threads took: 0.0000680 seconds
299.282: Application time: 0.0588660 seconds
299.282: [GC299.282: [ParNew: 36812K->4134K(37632K), 0.0014200 secs] 67065K->35411K(121024K), 0.0014530 secs] [Times: user=0.01 sys=0.00, real=0.00 secs] 
299.284: Total time for which application threads were stopped: 0.0015800 seconds, Stopping threads took: 0.0000690 seconds
299.347: Application time: 0.0633620 seconds
299.347: [GC299.347: [ParNew: 37054K->4112K(37632K), 0.0015280 secs] 68331K->37438K(121024K), 0.0015590 secs] [Times: user=0.01 sys=0.00, real=0.00 secs] 
299.349: Total time for which application threads were stopped: 0.0016860 seconds, Stopping threads took: 0.0000700 seconds
299.405: Application time: 0.0559400 seconds
299.405: [GC299.405: [ParNew: 36686K->4114K(37632K), 0.0017230 secs] 70012K->39487K(121024K), 0.0017620 secs] [Times: user=0.01 sys=0.00, real=0.00 secs] 
299.407: Total time for which application threads were stopped: 0.0018980 seconds, Stopping threads took: 0.0000780 seconds
299.472: Application time: 0.0654940 seconds
299.472: [GC299.472: [ParNew: 37113K->4112K(37632K), 0.0017620 secs] 72487K->41534K(121024K), 0.0017950 secs] [Times: user=0.01 sys=0.00, real=0.00 secs] 
299.474: Total time for which application threads were stopped: 0.0019220 seconds, Stopping threads took: 0.0000680 seconds
299.537: Application time: 0.0625190 seconds
299.537: [GC299.537: [ParNew: 37055K->4142K(37632K), 0.0013880 secs] 74476K->42587K(121024K), 0.0014210 secs] [Times: user=0.01 sys=0.00, real=0.00 secs] 
299.538: Total time for which application threads were stopped: 0.0015670 seconds, Stopping threads took: 0.0000810 seconds
299.598: Application time: 0.0599680 seconds
299.598: [GC299.598: [ParNew: 36678K->4135K(37632K), 0.0012120 secs] 75123K->42636K(121024K), 0.0012440 secs] [Times: user=0.00 sys=0.00, real=0.01 secs] 
299.599: Total time for which application threads were stopped: 0.0013670 seconds, Stopping threads took: 0.0000660 seconds
299.659: Application time: 0.0597990 seconds
299.659: [GC299.659: [ParNew: 37055K->4158K(37632K), 0.0017040 secs] 75556K->44747K(121024K), 0.0017400 secs] [Times: user=0.02 sys=0.00, real=0.00 secs] 
299.661: Total time for which application threads were stopped: 0.0019020 seconds, Stopping threads took: 0.0001050 seconds
299.724: Application time: 0.0629860 seconds
299.724: [GC299.724: [ParNew: 37157K->4159K(37632K), 0.0014280 secs] 77746K->45857K(121024K), 0.0014580 secs] [Times: user=0.01 sys=0.00, real=0.00 secs] 
299.726: Total time for which application threads were stopped: 0.0015900 seconds, Stopping threads took: 0.0000770 seconds
299.783: Application time: 0.0573380 seconds
299.783: [GC299.783: [ParNew: 36671K->4142K(37632K), 0.0014170 secs] 78369K->46919K(121024K), 0.0014490 secs] [Times: user=0.01 sys=0.00, real=0.00 secs] 
299.785: Total time for which application threads were stopped: 0.0015780 seconds, Stopping threads took: 0.0000740 seconds
299.845: Application time: 0.0602110 seconds
299.845: [GC299.845: [ParNew: 37090K->4158K(37632K), 0.0014470 secs] 79868K->48048K(121024K), 0.0014820 secs] [Times: user=0.01 sys=0.00, real=0.00 secs] 
299.847: Total time for which application threads were stopped: 0.0016230 seconds, Stopping threads took: 0.0000770 seconds
299.907: Application time: 0.0606950 seconds
299.907: [GC299.907: [ParNew: 36859K->4130K(37632K), 0.0013850 secs] 80749K->49092K(121024K), 0.0014180 secs] [Times: user=0.01 sys=0.00, real=0.00 secs] 
299.909: Total time for which application threads were stopped: 0.0015380 seconds, Stopping threads took: 0.0000650 seconds
299.968: Application time: 0.0592810 seconds
299.971: [GC299.971: [ParNew: 36928K->4110K(37632K), 0.0016080 secs] 81890K->51119K(121024K), 0.0016410 secs] [Times: user=0.01 sys=0.00, real=0.00 secs] 
299.972: Total time for which application threads were stopped: 0.0043110 seconds, Stopping threads took: 0.0026100 seconds
300.036: Application time: 0.0632320 seconds
300.036: [GC300.036: [ParNew: 37005K->4129K(37632K), 0.0016310 secs] 84015K->53187K(121024K), 0.0016670 secs] [Times: user=0.01 sys=0.00, real=0.00 secs] 
300.037: Total time for which application threads were stopped: 0.0018050 seconds, Stopping threads took: 0.0000790 seconds
300.097: Application time: 0.0592490 seconds
300.097: [GC300.097: [ParNew: 36853K->4117K(37632K), 0.0013340 secs] 85911K->54199K(121024K), 0.0013640 secs] [Times: user=0.01 sys=0.00, real=0.00 secs] 
300.098: Total time for which application threads were stopped: 0.0014940 seconds, Stopping threads took: 0.0000670 seconds
300.161: Application time: 0.0632640 seconds
300.162: [GC300.162: [ParNew: 37016K->4132K(37632K), 0.0017730 secs] 87097K->56262K(121024K), 0.0018070 secs] [Times: user=0.01 sys=0.00, real=0.00 secs] 
300.163: Total time for which application threads were stopped: 0.0019530 seconds, Stopping threads took: 0.0000890 seconds
300.226: Application time: 0.0624300 seconds
300.226: [GC300.226: [ParNew: 37105K->4158K(37632K), 0.0013550 secs] 89235K->57344K(121024K), 0.0013890 secs] [Times: user=0.01 sys=0.00, real=0.00 secs] 
300.227: Total time for which application threads were stopped: 0.0015160 seconds, Stopping threads took: 0.0000690 seconds
300.289: Application time: 0.0614920 seconds
300.289: [GC300.289: [ParNew: 36830K->3119K(37632K), 0.0009650 secs] 90016K->56337K(121024K), 0.0009970 secs] [Times: user=0.01 sys=0.00, real=0.00 secs] 
300.290: Total time for which application threads were stopped: 0.0011370 seconds, Stopping threads took: 0.0000850 seconds
300.349: Application time: 0.0587220 seconds
300.349: [GC300.349: [ParNew: 35821K->4156K(37632K), 0.0011940 secs] 89039K->57422K(121024K), 0.0012250 secs] [Times: user=0.01 sys=0.00, real=0.00 secs] 
300.350: Total time for which application threads were stopped: 0.0013510 seconds, Stopping threads took: 0.0000710 seconds
300.406: Application time: 0.0559890 seconds
300.406: [GC300.406: [ParNew: 36708K->4141K(37632K), 0.0017160 secs] 89974K->59527K(121024K), 0.0017480 secs] [Times: user=0.02 sys=0.00, real=0.00 secs] 
300.408: Total time for which application threads were stopped: 0.0018980 seconds, Stopping threads took: 0.0000930 seconds
300.471: Application time: 0.0628530 seconds
300.471: [GC300.471: [ParNew: 37082K->4146K(37632K), 0.0016180 secs] 92468K->61644K(121024K), 0.0016520 secs] [Times: user=0.01 sys=0.00, real=0.00 secs] 
300.473: Total time for which application threads were stopped: 0.0018050 seconds, Stopping threads took: 0.0000980 seconds
300.530: Application time: 0.0571880 seconds
300.530: [GC300.530: [ParNew: 36905K->4154K(37632K), 0.0013870 secs] 94403K->62764K(121024K), 0.0014180 secs] [Times: user=0.01 sys=0.00, real=0.01 secs] 
300.531: Total time for which application threads were stopped: 0.0015680 seconds, Stopping threads took: 0.0000940 seconds
300.594: Application time: 0.0631240 seconds
300.595: [GC300.595: [ParNew: 37048K->4112K(37632K), 0.0016370 secs] 95658K->64830K(121024K), 0.0016700 secs] [Times: user=0.01 sys=0.01, real=0.00 secs] 
300.596: Total time for which application threads were stopped: 0.0018080 seconds, Stopping threads took: 0.0000820 seconds
300.658: Application time: 0.0617870 seconds
300.658: [GC300.658: [ParNew: 36988K->4115K(37632K), 0.0016530 secs] 97706K->66881K(121024K), 0.0016950 secs] [Times: user=0.01 sys=0.00, real=0.01 secs] 
300.660: Total time for which application threads were stopped: 0.0018560 seconds, Stopping threads took: 0.0000980 seconds
300.719: Application time: 0.0591750 seconds
300.719: [GC300.719: [ParNew: 36856K->4116K(37632K), 0.0017410 secs] 99623K->68930K(121024K), 0.0017740 secs] [Times: user=0.01 sys=0.00, real=0.00 secs] 
300.721: Total time for which application threads were stopped: 0.0018920 seconds, Stopping threads took: 0.0000610 seconds
300.784: Application time: 0.0631230 seconds
300.787: [GC300.787: [ParNew: 37023K->4118K(37632K), 0.0014290 secs] 101837K->69957K(121024K), 0.0014600 secs] [Times: user=0.01 sys=0.00, real=0.00 secs] 
300.788: Total time for which application threads were stopped: 0.0040580 seconds, Stopping threads took: 0.0025440 seconds
300.850: Application time: 0.0614170 seconds
300.850: [GC300.850: [ParNew: 36989K->4133K(37632K), 0.0015470 secs] 102828K->70995K(121024K), 0.0015780 secs] [Times: user=0.01 sys=0.00, real=0.01 secs] 
300.851: Total time for which application threads were stopped: 0.0017050 seconds, Stopping threads took: 0.0000670 seconds
300.911: Application time: 0.0598990 seconds
300.911: [GC300.911: [ParNew: 36886K->4158K(37632K), 0.0014590 secs] 103748K->72049K(121024K), 0.0014940 secs] [Times: user=0.01 sys=0.00, real=0.00 secs] 
300.913: Total time for which application threads were stopped: 0.0016450 seconds, Stopping threads took: 0.0000950 seconds
300.976: Application time: 0.0634530 seconds
300.976: [GC300.976: [ParNew: 36933K->4115K(37632K), 0.0012000 secs] 104824K->72045K(121024K), 0.0012340 secs] [Times: user=0.01 sys=0.00, real=0.00 secs] 
300.978: Total time for which application threads were stopped: 0.0013760 seconds, Stopping threads took: 0.0000830 seconds
301.039: Application time: 0.0609890 seconds
301.039: [GC301.039: [ParNew: 36906K->4158K(37632K), 0.0012610 secs] 104837K->72144K(121024K), 0.0012930 secs] [Times: user=0.01 sys=0.00, real=0.00 secs] 
301.040: Total time for which application threads were stopped: 0.0014390 seconds, Stopping threads took: 0.0000910 seconds
301.096: Application time: 0.0563480 seconds
301.097: [GC301.097: [ParNew: 36691K->4156K(37632K), 0.0016670 secs] 104678K->74262K(121024K), 0.0017010 secs] [Times: user=0.02 sys=0.00, real=0.00 secs] 
301.098: Total time for which application threads were stopped: 0.0018320 seconds, Stopping threads took: 0.0000740 seconds
301.159: Application time: 0.0609810 seconds
301.159: [GC301.159: [ParNew: 37102K->4156K(37632K), 0.0013970 secs] 107209K->75383K(121024K), 0.0014270 secs] [Times: user=0.01 sys=0.00, real=0.00 secs] 
301.161: Total time for which application threads were stopped: 0.0015620 seconds, Stopping threads took: 0.0000720 seconds
301.217: Application time: 0.0561840 seconds
301.217: [GC301.217: [ParNew: 36843K->4156K(37632K), 0.0017290 secs] 108070K->77486K(121024K), 0.0017590 secs] [Times: user=0.02 sys=0.00, real=0.01 secs] 
301.219: Total time for which application threads were stopped: 0.0018690 seconds, Stopping threads took: 0.0000570 seconds
301.282: Application time: 0.0636200 seconds
301.287: [GC301.287: [ParNew: 37077K->4114K(37632K), 0.0017240 secs] 110408K->79565K(121024K), 0.0017570 secs] [Times: user=0.01 sys=0.00, real=0.00 secs] 
301.288: Total time for which application threads were stopped: 0.0059680 seconds, Stopping threads took: 0.0041550 seconds
301.347: Application time: 0.0586410 seconds
301.347: [GC301.347: [ParNew: 36922K->4129K(37632K), 0.0016360 secs] 112373K->81628K(121024K), 0.0016690 secs] [Times: user=0.01 sys=0.00, real=0.00 secs] 
301.349: Total time for which application threads were stopped: 0.0017950 seconds, Stopping threads took: 0.0000630 seconds
301.411: Application time: 0.0624230 seconds
301.411: [GC301.411: [ParNew: 36996K->4116K(37632K), 0.0017420 secs] 114495K->83663K(121024K), 0.0017760 secs] [Times: user=0.01 sys=0.00, real=0.00 secs] 
301.413: Total time for which application threads were stopped: 0.0018970 seconds, Stopping threads took: 0.0000630 seconds
301.474: Application time: 0.0608620 seconds
301.474: [GC301.474: [ParNew: 36932K->4118K(37632K), 0.0017230 secs] 116479K->85713K(121024K), 0.0017630 secs] [Times: user=0.01 sys=0.00, real=0.00 secs] 
301.476: Total time for which application threads were stopped: 0.0019000 seconds, Stopping threads took: 0.0000790 seconds
301.541: Application time: 0.0653160 seconds
301.541: [GC301.541: [ParNew: 37071K->4135K(37632K), 0.0011280 secs] 118666K->85730K(121024K), 0.0011550 secs] [Times: user=0.00 sys=0.00, real=0.00 secs] 
301.543: Total time for which application threads were stopped: 0.0013170 seconds, Stopping threads took: 0.0001080 seconds
301.604: Application time: 0.0612110 seconds
301.604: [GC301.604: [ParNew: 36914K->4156K(37632K), 0.0013990 secs] 118508K->86783K(121024K), 0.0014330 secs] [Times: user=0.01 sys=0.00, real=0.00 secs] 
301.605: Total time for which application threads were stopped: 0.0015640 seconds, Stopping threads took: 0.0000730 seconds
301.667: Application time: 0.0611030 seconds
301.667: [GC301.667: [ParNew: 36752K->3113K(37632K), 0.0009110 secs] 119379K->85772K(121024K), 0.0009420 secs] [Times: user=0.01 sys=0.00, real=0.00 secs] 
301.668: Total time for which application threads were stopped: 0.0010900 seconds, Stopping threads took: 0.0000890 seconds
301.726: Application time: 0.0587870 seconds
301.726: [GC301.727: [ParNew: 35670K->3155K(37632K), 0.0009690 secs] 118329K->85814K(121024K), 0.0009990 secs] [Times: user=0.01 sys=0.01, real=0.00 secs] 
301.728: Total time for which application threads were stopped: 0.0011110 seconds, Stopping threads took: 0.0000580 seconds
301.783: Application time: 0.0550160 seconds
301.783: [GC301.783: [ParNew: 35919K->4158K(37632K), 0.0017850 secs]301.784: [Tenured: 84827K->13448K(85448K), 0.0086160 secs] 118578K->13448K(123080K), [Perm : 5530K->5530K(21248K)], 0.0105350 secs] [Times: user=0.02 sys=0.00, real=0.01 secs] 
301.793: Total time for which application threads were stopped: 0.0106760 seconds, Stopping threads took: 0.0000710 seconds
301.859: Application time: 0.0655890 seconds
301.859: [GC301.859: [ParNew: 33083K->4158K(37632K), 0.0012940 secs] 46532K->18655K(121024K), 0.0013260 secs] [Times: user=0.01 sys=0.00, real=0.00 secs] 
301.860: Total time for which application threads were stopped: 0.0014650 seconds, Stopping threads took: 0.0000840 seconds
301.918: Application time: 0.0575620 seconds
301.918: [GC301.918: [ParNew: 36882K->4157K(37632K), 0.0013770 secs] 51379K->19742K(121024K), 0.0014090 secs] [Times: user=0.01 sys=0.00, real=0.01 secs] 
301.919: Total time for which application threads were stopped: 0.0015330 seconds, Stopping threads took: 0.0000700 seconds
301.981: Application time: 0.0614370 seconds
301.981: [GC301.981: [ParNew: 37058K->4117K(37632K), 0.0018740 secs] 52642K->22845K(121024K), 0.0019080 secs] [Times: user=0.02 sys=0.00, real=0.00 secs] 
301.983: Total time for which application threads were stopped: 0.0020380 seconds, Stopping threads took: 0.0000750 seconds
302.043: Application time: 0.0600880 seconds
302.043: [GC302.043: [ParNew: 36974K->4115K(37632K), 0.0016410 secs] 55703K->24892K(121024K), 0.0016730 secs] [Times: user=0.02 sys=0.00, real=0.00 secs] 
302.045: Total time for which application threads were stopped: 0.0018000 seconds, Stopping threads took: 0.0000690 seconds
302.106: Application time: 0.0609990 seconds
302.106: [GC302.106: [ParNew: 36927K->4116K(37632K), 0.0016800 secs] 57704K->26941K(121024K), 0.0017150 secs] [Times: user=0.01 sys=0.00, real=0.00 secs] 
302.108: Total time for which application threads were stopped: 0.0018450 seconds, Stopping threads took: 0.0000730 seconds
302.170: Application time: 0.0628860 seconds
302.171: [GC302.171: [ParNew: 36970K->4120K(37632K), 0.0014640 secs] 59795K->27969K(121024K), 0.0014960 secs] [Times: user=0.01 sys=0.00, real=0.00 secs] 
302.172: Total time for which application threads were stopped: 0.0016610 seconds, Stopping threads took: 0.0000910 seconds
302.235: Application time: 0.0629940 seconds
302.235: [GC302.235: [ParNew: 36949K->4130K(37632K), 0.0017200 secs] 60798K->30027K(121024K), 0.0017610 secs] [Times: user=0.01 sys=0.00, real=0.00 secs] 
302.237: Total time for which application threads were stopped: 0.0019090 seconds, Stopping threads took: 0.0000900 seconds
302.299: Application time: 0.0621090 seconds
302.299: [GC302.299: [ParNew: 36992K->4159K(37632K), 0.0011620 secs] 62889K->30088K(121024K), 0.0011920 secs] [Times: user=0.01 sys=0.00, real=0.00 secs] 
302.300: Total time for which application threads were stopped: 0.0013380 seconds, Stopping threads took: 0.0000900 seconds
302.364: Application time: 0.0634910 seconds
302.364: [GC302.364: [ParNew: 36887K->4133K(37632K), 0.0010860 secs] 62816K->30102K(121024K), 0.0011160 secs] [Times: user=0.01 sys=0.00, real=0.00 secs] 
302.365: Total time for which application threads were stopped: 0.0012530 seconds, Stopping threads took: 0.0000810 seconds
302.422: Application time: 0.0566630 seconds
302.422: [GC302.422: [ParNew: 37506K->4156K(37632K), 0.0011960 secs] 63475K->30149K(121024K), 0.0012270 secs] [Times: user=0.01 sys=0.00, real=0.00 secs] 
302.423: Total time for which application threads were stopped: 0.0014070 seconds, Stopping threads took: 0.0001250 seconds
302.483: Application time: 0.0596050 seconds
302.483: [GC302.483: [ParNew: 37202K->4155K(37632K), 0.0017560 secs] 63195K->32272K(121024K), 0.0017880 secs] [Times: user=0.01 sys=0.00, real=0.00 secs] 
302.485: Total time for which application threads were stopped: 0.0019230 seconds, Stopping threads took: 0.0000780 seconds
302.544: Application time: 0.0587280 seconds
302.544: [GC302.544: [ParNew: 36794K->4146K(37632K), 0.0013630 secs] 64911K->33363K(121024K), 0.0013970 secs] [Times: user=0.01 sys=0.00, real=0.00 secs] 
302.545: Total time for which application threads were stopped: 0.0015700 seconds, Stopping threads took: 0.0001180 seconds
302.608: Application time: 0.0625510 seconds
302.608: [GC302.608: [ParNew: 37199K->4159K(37632K), 0.0010970 secs] 66416K->33448K(121024K), 0.0011320 secs] [Times: user=0.01 sys=0.00, real=0.00 secs] 
302.609: Total time for which application threads were stopped: 0.0012740 seconds, Stopping threads took: 0.0000870 seconds
302.669: Application time: 0.0599060 seconds
302.669: [GC302.669: [ParNew: 36991K->4112K(37632K), 0.0018820 secs] 66280K->36545K(121024K), 0.0019180 secs] [Times: user=0.02 sys=0.00, real=0.01 secs] 
302.671: Total time for which application threads were stopped: 0.0021180 seconds, Stopping threads took: 0.0001420 seconds
302.732: Application time: 0.0611920 seconds
302.735: [GC302.735: [ParNew: 37013K->4113K(37632K), 0.0017240 secs] 69447K->38594K(121024K), 0.0017560 secs] [Times: user=0.01 sys=0.00, real=0.00 secs] 
302.736: Total time for which application threads were stopped: 0.0042800 seconds, Stopping threads took: 0.0024560 seconds
302.801: Application time: 0.0642360 seconds
302.801: [GC302.801: [ParNew: 37057K->4136K(37632K), 0.0016730 secs] 71539K->40665K(121024K), 0.0017030 secs] [Times: user=0.01 sys=0.00, real=0.00 secs] 
302.803: Total time for which application threads were stopped: 0.0018300 seconds, Stopping threads took: 0.0000690 seconds
302.866: Application time: 0.0630100 seconds
302.866: [GC302.866: [ParNew: 36942K->4116K(37632K), 0.0013940 secs] 73472K->41670K(121024K), 0.0014270 secs] [Times: user=0.01 sys=0.00, real=0.00 secs] 
302.867: Total time for which application threads were stopped: 0.0015520 seconds, Stopping threads took: 0.0000690 seconds
302.926: Application time: 0.0588720 seconds
302.926: [GC302.926: [ParNew: 37588K->4116K(37632K), 0.0017050 secs] 75142K->43717K(121024K), 0.0017390 secs] [Times: user=0.02 sys=0.00, real=0.00 secs] 
302.928: Total time for which application threads were stopped: 0.0018700 seconds, Stopping threads took: 0.0000730 seconds
302.991: Application time: 0.0635690 seconds
302.992: [GC302.992: [ParNew: 37136K->4145K(37632K), 0.0014570 secs] 76738K->44770K(121024K), 0.0014880 secs] [Times: user=0.01 sys=0.00, real=0.00 secs] 
302.993: Total time for which application threads were stopped: 0.0016070 seconds, Stopping threads took: 0.0000590 seconds
303.055: Application time: 0.0619900 seconds
303.055: [GC303.055: [ParNew: 36932K->4130K(37632K), 0.0016270 secs] 77558K->46875K(121024K), 0.0016670 secs] [Times: user=0.01 sys=0.00, real=0.00 secs] 
303.057: Total time for which application threads were stopped: 0.0018140 seconds, Stopping threads took: 0.0000890 seconds
303.114: Application time: 0.0575880 seconds
303.115: [GC303.115: [ParNew: 36649K->4159K(37632K), 0.0011940 secs] 79395K->46921K(121024K), 0.0012230 secs] [Times: user=0.01 sys=0.00, real=0.00 secs] 
303.116: Total time for which application threads were stopped: 0.0013540 seconds, Stopping threads took: 0.0000770 seconds
303.175: Application time: 0.0593090 seconds
303.175: [GC303.175: [ParNew: 37127K->4152K(37632K), 0.0021350 secs] 79888K->50081K(121024K), 0.0021690 secs] [Times: user=0.01 sys=0.00, real=0.00 secs] 
303.177: Total time for which application threads were stopped: 0.0022930 seconds, Stopping threads took: 0.0000650 seconds
303.243: Application time: 0.0654850 seconds
303.243: [GC303.243: [ParNew: 37241K->4159K(37632K), 0.0011920 secs] 83171K->50185K(121024K), 0.0012220 secs] [Times: user=0.01 sys=0.00, real=0.00 secs] 
303.244: Total time for which application threads were stopped: 0.0013500 seconds, Stopping threads took: 0.0000660 seconds
303.299: Application time: 0.0544670 seconds
303.299: [GC303.299: [ParNew: 36702K->4154K(37632K), 0.0017660 secs] 82728K->52292K(121024K), 0.0017980 secs] [Times: user=0.02 sys=0.00, real=0.00 secs] 
303.301: Total time for which application threads were stopped: 0.0019350 seconds, Stopping threads took: 0.0000810 seconds
303.365: Application time: 0.0640030 seconds
303.365: [GC303.365: [ParNew: 37123K->4113K(37632K), 0.0017380 secs] 85260K->54379K(121024K), 0.0017710 secs] [Times: user=0.01 sys=0.00, real=0.00 secs] 
303.367: Total time for which application threads were stopped: 0.0018950 seconds, Stopping threads took: 0.0000680 seconds
303.427: Application time: 0.0605260 seconds
303.427: [GC303.427: [ParNew: 36996K->4136K(37632K), 0.0016300 secs] 87262K->56450K(121024K), 0.0016610 secs] [Times: user=0.01 sys=0.00, real=0.00 secs] 
303.429: Total time for which application threads were stopped: 0.0017750 seconds, Stopping threads took: 0.0000590 seconds
303.489: Application time: 0.0602540 seconds
303.489: [GC303.489: [ParNew: 36901K->4114K(37632K), 0.0017110 secs] 89215K->58476K(121024K), 0.0017430 secs] [Times: user=0.01 sys=0.00, real=0.01 secs] 
303.491: Total time for which application threads were stopped: 0.0018870 seconds, Stopping threads took: 0.0000880 seconds
303.555: Application time: 0.0643950 seconds
303.555: [GC303.556: [ParNew: 37079K->4149K(37632K), 0.0011280 secs] 91441K->58511K(121024K), 0.0011580 secs] [Times: user=0.01 sys=0.00, real=0.00 secs] 
303.557: Total time for which application threads were stopped: 0.0012870 seconds, Stopping threads took: 0.0000730 seconds
303.616: Application time: 0.0593820 seconds
303.616: [GC303.616: [ParNew: 37617K->4110K(37632K), 0.0016380 secs] 91979K->60520K(121024K), 0.0016710 secs] [Times: user=0.02 sys=0.00, real=0.00 secs] 
303.618: Total time for which application threads were stopped: 0.0018080 seconds, Stopping threads took: 0.0000790 seconds
303.682: Application time: 0.0637580 seconds
303.682: [GC303.682: [ParNew: 37116K->4158K(37632K), 0.0011230 secs] 93526K->60592K(121024K), 0.0011540 secs] [Times: user=0.00 sys=0.00, real=0.00 secs] 
303.683: Total time for which application threads were stopped: 0.0013270 seconds, Stopping threads took: 0.0001200 seconds
303.743: Application time: 0.0605160 seconds
303.744: [GC303.744: [ParNew: 36861K->4130K(37632K), 0.0016880 secs] 93295K->62676K(121024K), 0.0017240 secs] [Times: user=0.01 sys=0.00, real=0.00 secs] 
303.745: Total time for which application threads were stopped: 0.0018460 seconds, Stopping threads took: 0.0000600 seconds
303.804: Application time: 0.0589390 seconds
303.804: [GC303.804: [ParNew: 36775K->4159K(37632K), 0.0011970 secs] 95321K->62753K(121024K), 0.0012360 secs] [Times: user=0.01 sys=0.00, real=0.00 secs] 
303.806: Total time for which application threads were stopped: 0.0013880 seconds, Stopping threads took: 0.0000840 seconds
303.865: Application time: 0.0597070 seconds
303.865: [GC303.865: [ParNew: 37069K->4159K(37632K), 0.0014320 secs] 95663K->63858K(121024K), 0.0014640 secs] [Times: user=0.01 sys=0.00, real=0.00 secs] 
303.867: Total time for which application threads were stopped: 0.0016020 seconds, Stopping threads took: 0.0000820 seconds
303.929: Application time: 0.0617900 seconds
303.929: [GC303.929: [ParNew: 37066K->4145K(37632K), 0.0014710 secs] 96764K->64964K(121024K), 0.0015010 secs] [Times: user=0.01 sys=0.00, real=0.00 secs] 
303.930: Total time for which application threads were stopped: 0.0016200 seconds, Stopping threads took: 0.0000640 seconds
303.987: Application time: 0.0568170 seconds
303.987: [GC303.987: [ParNew: 36878K->4156K(37632K), 0.0016840 secs] 97696K->67086K(121024K), 0.0017140 secs] [Times: user=0.02 sys=0.00, real=0.00 secs] 
303.989: Total time for which application threads were stopped: 0.0018350 seconds, Stopping threads took: 0.0000660 seconds
304.051: Application time: 0.0618100 seconds
304.051: [GC304.051: [ParNew: 37067K->4114K(37632K), 0.0019070 secs] 99998K->70188K(121024K), 0.0019380 secs] [Times: user=0.01 sys=0.00, real=0.00 secs] 
304.053: Total time for which application threads were stopped: 0.0020620 seconds, Stopping threads took: 0.0000680 seconds
304.115: Application time: 0.0619300 seconds
304.115: [GC304.115: [ParNew: 37038K->4128K(37632K), 0.0016590 secs] 103113K->72251K(121024K), 0.0016910 secs] [Times: user=0.01 sys=0.00, real=0.00 secs] 
304.117: Total time for which application threads were stopped: 0.0018160 seconds, Stopping threads took: 0.0000680 seconds
304.177: Application time: 0.0600810 seconds
304.177: [GC304.177: [ParNew: 36906K->4130K(37632K), 0.0017660 secs] 105028K->74300K(121024K), 0.0017990 secs] [Times: user=0.01 sys=0.01, real=0.01 secs] 
304.179: Total time for which application threads were stopped: 0.0019460 seconds, Stopping threads took: 0.0000900 seconds
304.241: Application time: 0.0626240 seconds
304.241: [GC304.241: [ParNew: 36944K->4133K(37632K), 0.0014830 secs] 107115K->75328K(121024K), 0.0015150 secs] [Times: user=0.01 sys=0.00, real=0.00 secs] 
304.243: Total time for which application threads were stopped: 0.0016470 seconds, Stopping threads took: 0.0000740 seconds
304.303: Application time: 0.0597270 seconds
304.303: [GC304.303: [ParNew: 36699K->4134K(37632K), 0.0014230 secs] 107894K->76352K(121024K), 0.0014530 secs] [Times: user=0.01 sys=0.00, real=0.00 secs] 
304.304: Total time for which application threads were stopped: 0.0015710 seconds, Stopping threads took: 0.0000600 seconds
304.368: Application time: 0.0634100 seconds
304.368: [GC304.368: [ParNew: 37089K->4158K(37632K), 0.0014020 secs] 109308K->77405K(121024K), 0.0014330 secs] [Times: user=0.01 sys=0.00, real=0.00 secs] 
304.369: Total time for which application threads were stopped: 0.0015560 seconds, Stopping threads took: 0.0000580 seconds
304.429: Application time: 0.0593280 seconds
304.429: [GC304.429: [ParNew: 36778K->4113K(37632K), 0.0015310 secs] 110024K->78424K(121024K), 0.0015620 secs] [Times: user=0.00 sys=0.00, real=0.00 secs] 
304.430: Total time for which application threads were stopped: 0.0016910 seconds, Stopping threads took: 0.0000730 seconds
304.489: Application time: 0.0589230 seconds
304.489: [GC304.489: [ParNew: 36761K->4154K(37632K), 0.0013950 secs] 111071K->79513K(121024K), 0.0014260 secs] [Times: user=0.01 sys=0.00, real=0.01 secs] 
304.491: Total time for which application threads were stopped: 0.0015690 seconds, Stopping threads took: 0.0000860 seconds
304.552: Application time: 0.0617180 seconds
304.553: [GC304.553: [ParNew: 37130K->4158K(37632K), 0.0015060 secs] 112489K->80649K(121024K), 0.0015410 secs] [Times: user=0.01 sys=0.00, real=0.00 secs] 
304.554: Total time for which application threads were stopped: 0.0016630 seconds, Stopping threads took: 0.0000620 seconds
304.610: Application time: 0.0556960 seconds
304.610: [GC304.610: [ParNew: 36687K->4146K(37632K), 0.0016790 secs] 113177K->82741K(121024K), 0.0017210 secs] [Times: user=0.01 sys=0.00, real=0.01 secs] 
304.612: Total time for which application threads were stopped: 0.0018580 seconds, Stopping threads took: 0.0000800 seconds
304.673: Application time: 0.0610880 seconds
304.673: [GC304.673: [ParNew: 37190K->4146K(37632K), 0.0016900 secs] 115785K->84845K(121024K), 0.0017270 secs] [Times: user=0.01 sys=0.00, real=0.00 secs] 
304.675: Total time for which application threads were stopped: 0.0018860 seconds, Stopping threads took: 0.0001030 seconds
304.736: Application time: 0.0608800 seconds
304.736: [GC304.736: [ParNew: 37085K->4134K(37632K), 0.0020840 secs]304.738: [Tenured: 83854K->10862K(84420K), 0.0088810 secs] 117784K->10862K(122052K), [Perm : 5530K->5530K(21248K)], 0.0110540 secs] [Times: user=0.02 sys=0.00, real=0.01 secs] 
304.747: Total time for which application threads were stopped: 0.0112040 seconds, Stopping threads took: 0.0000890 seconds
304.811: Application time: 0.0642770 seconds
304.811: [GC304.811: [ParNew: 32996K->4116K(37632K), 0.0019040 secs] 43858K->18050K(121024K), 0.0019380 secs] [Times: user=0.02 sys=0.00, real=0.00 secs] 
304.813: Total time for which application threads were stopped: 0.0020630 seconds, Stopping threads took: 0.0000660 seconds
304.875: Application time: 0.0621190 seconds
304.875: [GC304.875: [ParNew: 36943K->4132K(37632K), 0.0016830 secs] 50878K->20114K(121024K), 0.0017180 secs] [Times: user=0.01 sys=0.00, real=0.00 secs] 
304.877: Total time for which application threads were stopped: 0.0018840 seconds, Stopping threads took: 0.0000970 seconds
304.939: Application time: 0.0617050 seconds
304.939: [GC304.939: [ParNew: 36819K->3134K(37632K), 0.0009080 secs] 52801K->19116K(121024K), 0.0009380 secs] [Times: user=0.00 sys=0.00, real=0.00 secs] 
304.940: Total time for which application threads were stopped: 0.0011110 seconds, Stopping threads took: 0.0001190 seconds
304.999: Application time: 0.0595250 seconds
305.000: [GC305.000: [ParNew: 35623K->4116K(37632K), 0.0015790 secs] 51605K->22146K(121024K), 0.0016140 secs] [Times: user=0.01 sys=0.00, real=0.00 secs] 
305.001: Total time for which application threads were stopped: 0.0017410 seconds, Stopping threads took: 0.0000710 seconds
305.063: Application time: 0.0613570 seconds
305.063: [GC305.063: [ParNew: 37115K->4143K(37632K), 0.0017530 secs] 55145K->24221K(121024K), 0.0017950 secs] [Times: user=0.01 sys=0.00, real=0.00 secs] 
305.065: Total time for which application threads were stopped: 0.0019520 seconds, Stopping threads took: 0.0001020 seconds
305.124: Application time: 0.0593660 seconds
305.124: [GC305.124: [ParNew: 36764K->4131K(37632K), 0.0013430 secs] 56842K->25289K(121024K), 0.0013710 secs] [Times: user=0.01 sys=0.00, real=0.00 secs] 
305.125: Total time for which application threads were stopped: 0.0014860 seconds, Stopping threads took: 0.0000610 seconds
305.187: Application time: 0.0616500 seconds
305.187: [GC305.187: [ParNew: 37003K->4156K(37632K), 0.0014050 secs] 58162K->26371K(121024K), 0.0014340 secs] [Times: user=0.01 sys=0.00, real=0.00 secs] 
305.189: Total time for which application threads were stopped: 0.0015630 seconds, Stopping threads took: 0.0000740 seconds
305.250: Application time: 0.0614430 seconds
305.250: [GC305.250: [ParNew: 37059K->4158K(37632K), 0.0012900 secs] 59273K->27485K(121024K), 0.0013220 secs] [Times: user=0.01 sys=0.00, real=0.01 secs] 
305.251: Total time for which application threads were stopped: 0.0014480 seconds, Stopping threads took: 0.0000710 seconds
305.308: Application time: 0.0560880 seconds
305.308: [GC305.308: [ParNew: 36696K->4142K(37632K), 0.0015820 secs] 60023K->29581K(121024K), 0.0016130 secs] [Times: user=0.01 sys=0.00, real=0.00 secs] 
305.309: Total time for which application threads were stopped: 0.0017300 seconds, Stopping threads took: 0.0000610 seconds
305.368: Application time: 0.0585760 seconds
305.368: [GC305.368: [ParNew: 37043K->4140K(37632K), 0.0020020 secs] 62481K->32698K(121024K), 0.0020420 secs] [Times: user=0.02 sys=0.00, real=0.00 secs] 
305.370: Total time for which application threads were stopped: 0.0021680 seconds, Stopping threads took: 0.0000680 seconds
305.432: Application time: 0.0622430 seconds
305.432: [GC305.432: [ParNew: 37182K->4142K(37632K), 0.0019570 secs] 65741K->35829K(121024K), 0.0019930 secs] [Times: user=0.01 sys=0.00, real=0.00 secs] 
305.434: Total time for which application threads were stopped: 0.0021340 seconds, Stopping threads took: 0.0000740 seconds
305.498: Application time: 0.0633760 seconds
305.498: [GC305.498: [ParNew: 37120K->4130K(37632K), 0.0014120 secs] 68806K->36889K(121024K), 0.0014450 secs] [Times: user=0.01 sys=0.00, real=0.01 secs] 
305.499: Total time for which application threads were stopped: 0.0016060 seconds, Stopping threads took: 0.0001030 seconds
305.562: Application time: 0.0627570 seconds
305.562: [GC305.562: [ParNew: 36877K->4146K(37632K), 0.0013150 secs] 69636K->37929K(121024K), 0.0013500 secs] [Times: user=0.01 sys=0.00, real=0.00 secs] 
305.564: Total time for which application threads were stopped: 0.0014680 seconds, Stopping threads took: 0.0000600 seconds
305.622: Application time: 0.0587010 seconds
305.622: [GC305.622: [ParNew: 37618K->4116K(37632K), 0.0017710 secs] 71401K->39947K(121024K), 0.0018030 secs] [Times: user=0.01 sys=0.00, real=0.00 secs] 
305.624: Total time for which application threads were stopped: 0.0019240 seconds, Stopping threads took: 0.0000640 seconds
305.688: Application time: 0.0640260 seconds
305.688: [GC305.688: [ParNew: 37046K->4115K(37632K), 0.0015950 secs] 72877K->41994K(121024K), 0.0016280 secs] [Times: user=0.01 sys=0.00, real=0.00 secs] 
305.690: Total time for which application threads were stopped: 0.0017460 seconds, Stopping threads took: 0.0000620 seconds
305.750: Application time: 0.0596530 seconds
305.750: [GC305.750: [ParNew: 37007K->4142K(37632K), 0.0017420 secs] 74886K->44069K(121024K), 0.0017740 secs] [Times: user=0.01 sys=0.00, real=0.01 secs] 
305.752: Total time for which application threads were stopped: 0.0019120 seconds, Stopping threads took: 0.0000790 seconds
305.811: Application time: 0.0594970 seconds
305.811: [GC305.811: [ParNew: 36772K->4137K(37632K), 0.0014720 secs] 76699K->45136K(121024K), 0.0015030 secs] [Times: user=0.01 sys=0.00, real=0.00 secs] 
305.813: Total time for which application threads were stopped: 0.0016350 seconds, Stopping threads took: 0.0000720 seconds
305.878: Application time: 0.0648400 seconds
305.878: [GC305.878: [ParNew: 37241K->3167K(37632K), 0.0009010 secs] 78240K->44166K(121024K), 0.0009300 secs] [Times: user=0.01 sys=0.00, real=0.01 secs] 
305.879: Total time for which application threads were stopped: 0.0010580 seconds, Stopping threads took: 0.0000740 seconds
305.938: Application time: 0.0589150 seconds
305.939: [GC305.939: [ParNew: 35847K->4158K(37632K), 0.0011960 secs] 76846K->45301K(121024K), 0.0012280 secs] [Times: user=0.01 sys=0.00, real=0.00 secs] 
305.940: Total time for which application threads were stopped: 0.0023810 seconds, Stopping threads took: 0.0010920 seconds
305.995: Application time: 0.0554590 seconds
305.996: [GC305.996: [ParNew: 37630K->4146K(37632K), 0.0019140 secs] 78773K->48425K(121024K), 0.0019470 secs] [Times: user=0.02 sys=0.00, real=0.00 secs] 
305.997: Total time for which application threads were stopped: 0.0020950 seconds, Stopping threads took: 0.0000910 seconds
306.061: Application time: 0.0633910 seconds
306.061: [GC306.061: [ParNew: 37211K->4140K(37632K), 0.0019650 secs] 81490K->51531K(121024K), 0.0019980 secs] [Times: user=0.02 sys=0.00, real=0.00 secs] 
306.063: Total time for which application threads were stopped: 0.0021300 seconds, Stopping threads took: 0.0000760 seconds
306.126: Application time: 0.0629080 seconds
306.126: [GC306.126: [ParNew: 37236K->4143K(37632K), 0.0016640 secs] 84627K->53630K(121024K), 0.0016980 secs] [Times: user=0.01 sys=0.00, real=0.00 secs] 
306.128: Total time for which application threads were stopped: 0.0018130 seconds, Stopping threads took: 0.0000590 seconds
306.188: Application time: 0.0605040 seconds
306.188: [GC306.188: [ParNew: 37029K->4112K(37632K), 0.0019870 secs] 86516K->56719K(121024K), 0.0020280 secs] [Times: user=0.02 sys=0.00, real=0.00 secs] 
306.190: Total time for which application threads were stopped: 0.0021570 seconds, Stopping threads took: 0.0000710 seconds
306.255: Application time: 0.0642900 seconds
306.255: [GC306.255: [ParNew: 37060K->4132K(37632K), 0.0014610 secs] 89667K->57764K(121024K), 0.0014920 secs] [Times: user=0.01 sys=0.00, real=0.00 secs] 
306.256: Total time for which application threads were stopped: 0.0016080 seconds, Stopping threads took: 0.0000590 seconds
306.317: Application time: 0.0604790 seconds
306.317: [GC306.317: [ParNew: 36734K->4113K(37632K), 0.0013370 secs] 90365K->58768K(121024K), 0.0013680 secs] [Times: user=0.01 sys=0.00, real=0.00 secs] 
306.318: Total time for which application threads were stopped: 0.0014940 seconds, Stopping threads took: 0.0000670 seconds
306.381: Application time: 0.0626550 seconds
306.381: [GC306.381: [ParNew: 36916K->4122K(37632K), 0.0011160 secs] 91571K->58778K(121024K), 0.0011440 secs] [Times: user=0.01 sys=0.00, real=0.00 secs] 
306.382: Total time for which application threads were stopped: 0.0012590 seconds, Stopping threads took: 0.0000610 seconds
306.442: Application time: 0.0599850 seconds
306.442: [GC306.442: [ParNew: 36927K->4143K(37632K), 0.0017140 secs] 91582K->60847K(121024K), 0.0017490 secs] [Times: user=0.01 sys=0.00, real=0.00 secs] 
306.444: Total time for which application threads were stopped: 0.0019200 seconds, Stopping threads took: 0.0001040 seconds
306.506: Application time: 0.0618860 seconds
306.506: [GC306.506: [ParNew: 36819K->4154K(37632K), 0.0032910 secs] 93523K->60905K(121024K), 0.0033240 secs] [Times: user=0.03 sys=0.00, real=0.00 secs] 
306.509: Total time for which application threads were stopped: 0.0034740 seconds, Stopping threads took: 0.0000910 seconds
306.567: Application time: 0.0579790 seconds
306.568: [GC306.568: [ParNew: 36673K->3178K(37632K), 0.0009190 secs] 93424K->59929K(121024K), 0.0009480 secs] [Times: user=0.01 sys=0.00, real=0.00 secs] 
306.569: Total time for which application threads were stopped: 0.0010740 seconds, Stopping threads took: 0.0000700 seconds
306.626: Application time: 0.0571350 seconds
306.626: [GC306.626: [ParNew: 35756K->4158K(37632K), 0.0014810 secs] 92507K->62029K(121024K), 0.0015150 secs] [Times: user=0.01 sys=0.00, real=0.00 secs] 
306.627: Total time for which application threads were stopped: 0.0016280 seconds, Stopping threads took: 0.0000560 seconds
306.685: Application time: 0.0574520 seconds
306.685: [GC306.685: [ParNew: 37081K->4144K(37632K), 0.0016390 secs] 94953K->64144K(121024K), 0.0016720 secs] [Times: user=0.01 sys=0.00, real=0.00 secs] 
306.687: Total time for which application threads were stopped: 0.0017870 seconds, Stopping threads took: 0.0000600 seconds
306.748: Application time: 0.0613400 seconds
306.748: [GC306.748: [ParNew: 37200K->4138K(37632K), 0.0020840 secs] 97200K->67270K(121024K), 0.0021180 secs] [Times: user=0.01 sys=0.00, real=0.00 secs] 
306.750: Total time for which application threads were stopped: 0.0022600 seconds, Stopping threads took: 0.0000850 seconds
306.813: Application time: 0.0628530 seconds
306.813: [GC306.813: [ParNew: 37185K->4144K(37632K), 0.0025140 secs] 100317K->70404K(121024K), 0.0025450 secs] [Times: user=0.02 sys=0.00, real=0.00 secs] 
306.816: Total time for which application threads were stopped: 0.0026790 seconds, Stopping threads took: 0.0000780 seconds
306.879: Application time: 0.0632960 seconds
306.879: [GC306.879: [ParNew: 37096K->4112K(37632K), 0.0019090 secs] 103355K->73500K(121024K), 0.0019430 secs] [Times: user=0.01 sys=0.00, real=0.00 secs] 
306.881: Total time for which application threads were stopped: 0.0021050 seconds, Stopping threads took: 0.0001040 seconds
306.942: Application time: 0.0608300 seconds
306.942: [GC306.942: [ParNew: 36863K->4146K(37632K), 0.0013980 secs] 106251K->74558K(121024K), 0.0014300 secs] [Times: user=0.01 sys=0.00, real=0.00 secs] 
306.943: Total time for which application threads were stopped: 0.0015770 seconds, Stopping threads took: 0.0000820 seconds
307.006: Application time: 0.0628290 seconds
307.006: [GC307.006: [ParNew: 36886K->4113K(37632K), 0.0014560 secs] 107298K->75549K(121024K), 0.0014880 secs] [Times: user=0.00 sys=0.00, real=0.00 secs] 
307.008: Total time for which application threads were stopped: 0.0016240 seconds, Stopping threads took: 0.0000670 seconds
307.066: Application time: 0.0578720 seconds
307.066: [GC307.066: [ParNew: 36674K->4116K(37632K), 0.0017880 secs] 108110K->77600K(121024K), 0.0018220 secs] [Times: user=0.01 sys=0.00, real=0.00 secs] 
307.068: Total time for which application threads were stopped: 0.0019640 seconds, Stopping threads took: 0.0000830 seconds
307.133: Application time: 0.0655560 seconds
307.133: [GC307.133: [ParNew: 37199K->4159K(37632K), 0.0012660 secs] 110683K->77675K(121024K), 0.0012980 secs] [Times: user=0.01 sys=0.00, real=0.00 secs] 
307.135: Total time for which application threads were stopped: 0.0014430 seconds, Stopping threads took: 0.0000900 seconds
307.194: Application time: 0.0594270 seconds
307.194: [GC307.194: [ParNew: 37595K->4114K(37632K), 0.0014130 secs] 111111K->78702K(121024K), 0.0014470 secs] [Times: user=0.01 sys=0.00, real=0.00 secs] 
307.196: Total time for which application threads were stopped: 0.0015770 seconds, Stopping threads took: 0.0000720 seconds
307.257: Application time: 0.0615460 seconds
307.257: [GC307.257: [ParNew: 37030K->3189K(37632K), 0.0009860 secs] 111618K->77777K(121024K), 0.0010150 secs] [Times: user=0.01 sys=0.00, real=0.00 secs] 
307.258: Total time for which application threads were stopped: 0.0011350 seconds, Stopping threads took: 0.0000670 seconds
307.315: Application time: 0.0560230 seconds
307.315: [GC307.315: [ParNew: 35663K->4139K(37632K), 0.0018040 secs] 110252K->80871K(121024K), 0.0018380 secs] [Times: user=0.01 sys=0.00, real=0.00 secs] 
307.317: Total time for which application threads were stopped: 0.0019880 seconds, Stopping threads took: 0.0000910 seconds
307.378: Application time: 0.0613090 seconds
307.378: [GC307.378: [ParNew: 37192K->4158K(37632K), 0.0016750 secs] 113924K->83010K(121024K), 0.0017080 secs] [Times: user=0.01 sys=0.00, real=0.01 secs] 
307.380: Total time for which application threads were stopped: 0.0018200 seconds, Stopping threads took: 0.0000550 seconds
307.439: Application time: 0.0592720 seconds
307.439: [GC307.439: [ParNew: 37053K->4140K(37632K), 0.0019370 secs] 115905K->86152K(121024K), 0.0019710 secs] [Times: user=0.01 sys=0.00, real=0.00 secs] 
307.441: Total time for which application threads were stopped: 0.0020960 seconds, Stopping threads took: 0.0000670 seconds
307.503: Application time: 0.0620180 seconds
307.503: [GC307.503: [ParNew: 37227K->4145K(37632K), 0.0017460 secs]307.505: [Tenured: 84132K->13087K(84420K), 0.0087540 secs] 119239K->13087K(122052K), [Perm : 5530K->5530K(21248K)], 0.0106050 secs] [Times: user=0.02 sys=0.00, real=0.01 secs] 
307.514: Total time for which application threads were stopped: 0.0107570 seconds, Stopping threads took: 0.0000900 seconds
307.580: Application time: 0.0657290 seconds
307.580: [GC307.580: [ParNew: 32988K->4118K(37632K), 0.0015970 secs] 46076K->19254K(121024K), 0.0016300 secs] [Times: user=0.01 sys=0.00, real=0.00 secs] 
307.581: Total time for which application threads were stopped: 0.0017670 seconds, Stopping threads took: 0.0000760 seconds
307.638: Application time: 0.0562850 seconds
307.638: [GC307.638: [ParNew: 36625K->4130K(37632K), 0.0015000 secs] 51761K->20298K(121024K), 0.0015320 secs] [Times: user=0.01 sys=0.00, real=0.01 secs] 
307.639: Total time for which application threads were stopped: 0.0016720 seconds, Stopping threads took: 0.0000810 seconds
307.706: Application time: 0.0664860 seconds
307.706: [GC307.706: [ParNew: 37144K->4135K(37632K), 0.0011250 secs] 53311K->20303K(121024K), 0.0011570 secs] [Times: user=0.00 sys=0.00, real=0.00 secs] 
307.707: Total time for which application threads were stopped: 0.0013330 seconds, Stopping threads took: 0.0001220 seconds
307.768: Application time: 0.0605660 seconds
307.768: [GC307.768: [ParNew: 36775K->4131K(37632K), 0.0014390 secs] 52943K->21323K(121024K), 0.0014780 secs] [Times: user=0.01 sys=0.00, real=0.00 secs] 
307.769: Total time for which application threads were stopped: 0.0016240 seconds, Stopping threads took: 0.0000900 seconds
307.830: Application time: 0.0611590 seconds
307.831: [GC307.831: [ParNew: 36847K->4159K(37632K), 0.0011630 secs] 54039K->21367K(121024K), 0.0011960 secs] [Times: user=0.01 sys=0.00, real=0.01 secs] 
307.832: Total time for which application threads were stopped: 0.0013180 seconds, Stopping threads took: 0.0000660 seconds
307.891: Application time: 0.0595550 seconds
307.891: [GC307.891: [ParNew: 36645K->4124K(37632K), 0.0011290 secs] 53853K->21364K(121024K), 0.0011600 secs] [Times: user=0.01 sys=0.00, real=0.00 secs] 
307.893: Total time for which application threads were stopped: 0.0013290 seconds, Stopping threads took: 0.0001130 seconds
307.953: Application time: 0.0606490 seconds
307.953: [GC307.953: [ParNew: 36854K->4159K(37632K), 0.0013010 secs] 54093K->22423K(121024K), 0.0013310 secs] [Times: user=0.01 sys=0.00, real=0.00 secs] 
307.955: Total time for which application threads were stopped: 0.0014760 seconds, Stopping threads took: 0.0000920 seconds
308.010: Application time: 0.0557350 seconds
308.011: [GC308.011: [ParNew: 36943K->4159K(37632K), 0.0014590 secs] 55207K->23535K(121024K), 0.0014950 secs] [Times: user=0.01 sys=0.00, real=0.00 secs] 
308.012: Total time for which application threads were stopped: 0.0016350 seconds, Stopping threads took: 0.0000770 seconds
308.074: Application time: 0.0621320 seconds
308.074: [GC308.074: [ParNew: 37218K->4158K(37632K), 0.0013140 secs] 56594K->24646K(121024K), 0.0013450 secs] [Times: user=0.01 sys=0.00, real=0.00 secs] 
308.076: Total time for which application threads were stopped: 0.0014650 seconds, Stopping threads took: 0.0000640 seconds
308.135: Application time: 0.0588650 seconds
308.135: [GC308.135: [ParNew: 37064K->4143K(37632K), 0.0016820 secs] 57552K->26763K(121024K), 0.0017140 secs] [Times: user=0.01 sys=0.00, real=0.00 secs] 
308.136: Total time for which application threads were stopped: 0.0018710 seconds, Stopping threads took: 0.0000920 seconds
308.200: Application time: 0.0637220 seconds
308.200: [GC308.200: [ParNew: 37249K->4142K(37632K), 0.0019720 secs] 59869K->29890K(121024K), 0.0020060 secs] [Times: user=0.02 sys=0.00, real=0.00 secs] 
308.202: Total time for which application threads were stopped: 0.0021620 seconds, Stopping threads took: 0.0000950 seconds
308.262: Application time: 0.0599540 seconds
308.262: [GC308.262: [ParNew: 36954K->4115K(37632K), 0.0016230 secs] 62702K->31968K(121024K), 0.0016540 secs] [Times: user=0.02 sys=0.00, real=0.00 secs] 
308.264: Total time for which application threads were stopped: 0.0017890 seconds, Stopping threads took: 0.0000790 seconds
308.328: Application time: 0.0637900 seconds
308.328: [GC308.328: [ParNew: 37023K->4130K(37632K), 0.0016310 secs] 64875K->34030K(121024K), 0.0016640 secs] [Times: user=0.02 sys=0.00, real=0.00 secs] 
308.330: Total time for which application threads were stopped: 0.0017890 seconds, Stopping threads took: 0.0000670 seconds
308.392: Application time: 0.0626130 seconds
308.392: [GC308.392: [ParNew: 36871K->4132K(37632K), 0.0014090 secs] 66772K->35056K(121024K), 0.0014410 secs] [Times: user=0.01 sys=0.00, real=0.00 secs] 
308.394: Total time for which application threads were stopped: 0.0015870 seconds, Stopping threads took: 0.0000880 seconds
308.457: Application time: 0.0626530 seconds
308.457: [GC308.457: [ParNew: 36877K->4119K(37632K), 0.0011640 secs] 67802K->35044K(121024K), 0.0011950 secs] [Times: user=0.01 sys=0.00, real=0.00 secs] 
308.458: Total time for which application threads were stopped: 0.0013590 seconds, Stopping threads took: 0.0001070 seconds
308.518: Application time: 0.0596590 seconds
308.518: [GC308.518: [ParNew: 36683K->4159K(37632K), 0.0011670 secs] 67607K->35131K(121024K), 0.0011980 secs] [Times: user=0.01 sys=0.00, real=0.01 secs] 
308.519: Total time for which application threads were stopped: 0.0013330 seconds, Stopping threads took: 0.0000700 seconds
308.578: Application time: 0.0595750 seconds
308.579: [GC308.579: [ParNew: 36649K->4136K(37632K), 0.0011130 secs] 67621K->35156K(121024K), 0.0011490 secs] [Times: user=0.01 sys=0.00, real=0.01 secs] 
308.580: Total time for which application threads were stopped: 0.0012750 seconds, Stopping threads took: 0.0000690 seconds
308.638: Application time: 0.0585400 seconds
308.638: [GC308.638: [ParNew: 36695K->4151K(37632K), 0.0010360 secs] 67715K->35171K(121024K), 0.0010670 secs] [Times: user=0.01 sys=0.00, real=0.01 secs] 
308.639: Total time for which application threads were stopped: 0.0011960 seconds, Stopping threads took: 0.0000630 seconds
308.696: Application time: 0.0565720 seconds
308.696: [GC308.696: [ParNew: 36899K->4158K(37632K), 0.0020350 secs] 67920K->38314K(121024K), 0.0020680 secs] [Times: user=0.01 sys=0.00, real=0.00 secs] 
308.698: Total time for which application threads were stopped: 0.0021930 seconds, Stopping threads took: 0.0000670 seconds
308.759: Application time: 0.0608630 seconds
308.759: [GC308.759: [ParNew: 37314K->4153K(37632K), 0.0016750 secs] 71470K->40466K(121024K), 0.0017080 secs] [Times: user=0.01 sys=0.00, real=0.00 secs] 
308.761: Total time for which application threads were stopped: 0.0018370 seconds, Stopping threads took: 0.0000710 seconds
308.821: Application time: 0.0600510 seconds
308.823: [GC308.823: [ParNew: 37173K->4144K(37632K), 0.0020500 secs] 73485K->43608K(121024K), 0.0020880 secs] [Times: user=0.02 sys=0.00, real=0.00 secs] 
308.825: Total time for which application threads were stopped: 0.0037850 seconds, Stopping threads took: 0.0016370 seconds
308.889: Application time: 0.0639050 seconds
308.889: [GC308.889: [ParNew: 37240K->4141K(37632K), 0.0016740 secs] 76705K->45710K(121024K), 0.0017080 secs] [Times: user=0.01 sys=0.00, real=0.00 secs] 
308.891: Total time for which application threads were stopped: 0.0018580 seconds, Stopping threads took: 0.0000910 seconds
308.954: Application time: 0.0634980 seconds
308.954: [GC308.954: [ParNew: 37074K->4115K(37632K), 0.0016100 secs] 78642K->47779K(121024K), 0.0016440 secs] [Times: user=0.01 sys=0.00, real=0.00 secs] 
308.956: Total time for which application threads were stopped: 0.0017790 seconds, Stopping threads took: 0.0000790 seconds
309.019: Application time: 0.0629790 seconds
309.019: [GC309.019: [ParNew: 37067K->4142K(37632K), 0.0015000 secs] 80732K->48831K(121024K), 0.0015330 secs] [Times: user=0.01 sys=0.00, real=0.00 secs] 
309.021: Total time for which application threads were stopped: 0.0016840 seconds, Stopping threads took: 0.0000940 seconds
309.083: Application time: 0.0623090 seconds
309.083: [GC309.083: [ParNew: 36842K->4158K(37632K), 0.0011850 secs] 81531K->48887K(121024K), 0.0012180 secs] [Times: user=0.01 sys=0.00, real=0.00 secs] 
309.084: Total time for which application threads were stopped: 0.0013440 seconds, Stopping threads took: 0.0000710 seconds
309.146: Application time: 0.0620210 seconds
309.146: [GC309.146: [ParNew: 36743K->4119K(37632K), 0.0012170 secs] 81471K->48856K(121024K), 0.0012470 secs] [Times: user=0.01 sys=0.00, real=0.00 secs] 
309.148: Total time for which application threads were stopped: 0.0013780 seconds, Stopping threads took: 0.0000610 seconds
309.207: Application time: 0.0595120 seconds
309.207: [GC309.207: [ParNew: 36596K->4148K(37632K), 0.0014990 secs] 81333K->49917K(121024K), 0.0015320 secs] [Times: user=0.01 sys=0.00, real=0.00 secs] 
309.209: Total time for which application threads were stopped: 0.0017340 seconds, Stopping threads took: 0.0001240 seconds
309.267: Application time: 0.0585190 seconds
309.267: [GC309.267: [ParNew: 37620K->4148K(37632K), 0.0014000 secs] 83389K->50941K(121024K), 0.0014340 secs] [Times: user=0.01 sys=0.00, real=0.00 secs] 
309.269: Total time for which application threads were stopped: 0.0015600 seconds, Stopping threads took: 0.0000680 seconds
309.332: Application time: 0.0630760 seconds
309.332: [GC309.332: [ParNew: 37206K->3164K(37632K), 0.0008950 secs] 83998K->50021K(121024K), 0.0009290 secs] [Times: user=0.00 sys=0.00, real=0.00 secs] 
309.333: Total time for which application threads were stopped: 0.0010330 seconds, Stopping threads took: 0.0000550 seconds
309.388: Application time: 0.0547210 seconds
309.388: [GC309.388: [ParNew: 35688K->4140K(37632K), 0.0013980 secs] 82545K->52109K(121024K), 0.0014280 secs] [Times: user=0.01 sys=0.00, real=0.00 secs] 
309.389: Total time for which application threads were stopped: 0.0015430 seconds, Stopping threads took: 0.0000580 seconds
309.451: Application time: 0.0619850 seconds
309.451: [GC309.451: [ParNew: 37248K->4156K(37632K), 0.0020360 secs] 85217K->55277K(121024K), 0.0020710 secs] [Times: user=0.01 sys=0.00, real=0.00 secs] 
309.453: Total time for which application threads were stopped: 0.0022000 seconds, Stopping threads took: 0.0000720 seconds
309.513: Application time: 0.0598030 seconds
309.513: [GC309.513: [ParNew: 37142K->4140K(37632K), 0.0019190 secs] 88263K->58405K(121024K), 0.0019550 secs] [Times: user=0.02 sys=0.00, real=0.00 secs] 
309.515: Total time for which application threads were stopped: 0.0020880 seconds, Stopping threads took: 0.0000740 seconds
309.579: Application time: 0.0640010 seconds
309.579: [GC309.579: [ParNew: 37257K->4142K(37632K), 0.0019520 secs] 91522K->61535K(121024K), 0.0019870 secs] [Times: user=0.01 sys=0.00, real=0.00 secs] 
309.581: Total time for which application threads were stopped: 0.0021140 seconds, Stopping threads took: 0.0000670 seconds
309.644: Application time: 0.0622740 seconds
309.644: [GC309.644: [ParNew: 37009K->4130K(37632K), 0.0016210 secs] 94403K->63627K(121024K), 0.0016560 secs] [Times: user=0.01 sys=0.00, real=0.00 secs] 
309.646: Total time for which application threads were stopped: 0.0017920 seconds, Stopping threads took: 0.0000780 seconds
309.708: Application time: 0.0622400 seconds
309.708: [GC309.708: [ParNew: 36879K->4131K(37632K), 0.0014490 secs] 96376K->64652K(121024K), 0.0014810 secs] [Times: user=0.01 sys=0.00, real=0.00 secs] 
309.709: Total time for which application threads were stopped: 0.0016280 seconds, Stopping threads took: 0.0000790 seconds
309.772: Application time: 0.0623190 seconds
309.772: [GC309.772: [ParNew: 36805K->4142K(37632K), 0.0010860 secs] 97326K->64663K(121024K), 0.0011190 secs] [Times: user=0.01 sys=0.00, real=0.00 secs] 
309.773: Total time for which application threads were stopped: 0.0012670 seconds, Stopping threads took: 0.0000940 seconds
309.834: Application time: 0.0606090 seconds
309.834: [GC309.834: [ParNew: 36807K->4117K(37632K), 0.0015130 secs] 97328K->65662K(121024K), 0.0015440 secs] [Times: user=0.01 sys=0.00, real=0.00 secs] 
309.835: Total time for which application threads were stopped: 0.0016740 seconds, Stopping threads took: 0.0000760 seconds
309.894: Application time: 0.0590760 seconds
309.895: [GC309.895: [ParNew: 36622K->4118K(37632K), 0.0013380 secs] 98167K->66687K(121024K), 0.0013720 secs] [Times: user=0.00 sys=0.01, real=0.00 secs] 
309.896: Total time for which application threads were stopped: 0.0015250 seconds, Stopping threads took: 0.0000970 seconds
309.956: Application time: 0.0601230 seconds
309.956: [GC309.956: [ParNew: 36830K->4150K(37632K), 0.0011640 secs] 99400K->66736K(121024K), 0.0011930 secs] [Times: user=0.01 sys=0.00, real=0.00 secs] 
309.957: Total time for which application threads were stopped: 0.0013210 seconds, Stopping threads took: 0.0000740 seconds
310.019: Application time: 0.0618440 seconds
310.019: [GC310.019: [ParNew: 36911K->4144K(37632K), 0.0013090 secs] 99497K->67801K(121024K), 0.0013390 secs] [Times: user=0.01 sys=0.00, real=0.00 secs] 
310.021: Total time for which application threads were stopped: 0.0014610 seconds, Stopping threads took: 0.0000690 seconds
310.077: Application time: 0.0560490 seconds
310.077: [GC310.077: [ParNew: 36932K->4156K(37632K), 0.0017400 secs] 100590K->69942K(121024K), 0.0017830 secs] [Times: user=0.01 sys=0.00, real=0.01 secs] 
310.079: Total time for which application threads were stopped: 0.0019490 seconds, Stopping threads took: 0.0001080 seconds
310.138: Application time: 0.0594820 seconds
310.138: [GC310.138: [ParNew: 37191K->4152K(37632K), 0.0019860 secs] 102976K->73113K(121024K), 0.0020290 secs] [Times: user=0.01 sys=0.00, real=0.01 secs] 
310.140: Total time for which application threads were stopped: 0.0021560 seconds, Stopping threads took: 0.0000710 seconds
310.202: Application time: 0.0617450 seconds
310.202: [GC310.202: [ParNew: 37243K->4140K(37632K), 0.0021200 secs] 106205K->76253K(121024K), 0.0021550 secs] [Times: user=0.01 sys=0.00, real=0.00 secs] 
310.204: Total time for which application threads were stopped: 0.0022910 seconds, Stopping threads took: 0.0000770 seconds
310.267: Application time: 0.0626080 seconds
310.267: [GC310.267: [ParNew: 37158K->4140K(37632K), 0.0020070 secs] 109271K->79390K(121024K), 0.0020380 secs] [Times: user=0.02 sys=0.00, real=0.00 secs] 
310.269: Total time for which application threads were stopped: 0.0021760 seconds, Stopping threads took: 0.0000670 seconds
310.333: Application time: 0.0638860 seconds
310.333: [GC310.333: [ParNew: 37077K->4131K(37632K), 0.0014820 secs] 112327K->80461K(121024K), 0.0015130 secs] [Times: user=0.00 sys=0.01, real=0.00 secs] 
310.335: Total time for which application threads were stopped: 0.0017170 seconds, Stopping threads took: 0.0001480 seconds
310.396: Application time: 0.0609270 seconds
310.396: [GC310.396: [ParNew: 36640K->4137K(37632K), 0.0010810 secs] 112970K->80466K(121024K), 0.0011100 secs] [Times: user=0.00 sys=0.00, real=0.00 secs] 
310.397: Total time for which application threads were stopped: 0.0012450 seconds, Stopping threads took: 0.0000780 seconds
310.457: Application time: 0.0602490 seconds
310.457: [GC310.457: [ParNew: 36772K->4116K(37632K), 0.0016900 secs] 113102K->82494K(121024K), 0.0017230 secs] [Times: user=0.01 sys=0.00, real=0.01 secs] 
310.459: Total time for which application threads were stopped: 0.0018500 seconds, Stopping threads took: 0.0000700 seconds
310.521: Application time: 0.0615550 seconds
310.521: [GC310.521: [ParNew: 36893K->4128K(37632K), 0.0017470 secs] 115271K->84554K(121024K), 0.0017810 secs] [Times: user=0.01 sys=0.00, real=0.00 secs] 
310.522: Total time for which application threads were stopped: 0.0019140 seconds, Stopping threads took: 0.0000760 seconds
310.581: Application time: 0.0589390 seconds
310.582: [GC310.582: [ParNew: 37600K->4136K(37632K), 0.0014000 secs] 118026K->85586K(121024K), 0.0014330 secs] [Times: user=0.01 sys=0.00, real=0.00 secs] 
310.583: Total time for which application threads were stopped: 0.0015680 seconds, Stopping threads took: 0.0000760 seconds
310.646: Application time: 0.0629350 seconds
310.646: [GC310.646: [ParNew: 37057K->4143K(37632K), 0.0014840 secs] 118507K->86616K(121024K), 0.0015170 secs] [Times: user=0.01 sys=0.00, real=0.00 secs] 
310.648: Total time for which application threads were stopped: 0.0016440 seconds, Stopping threads took: 0.0000700 seconds
310.707: Application time: 0.0598680 seconds
310.708: [GC310.708: [ParNew: 36912K->4158K(37632K), 0.0016600 secs]310.709: [Tenured: 84593K->13278K(85448K), 0.0085320 secs] 119386K->13278K(123080K), [Perm : 5530K->5530K(21248K)], 0.0103210 secs] [Times: user=0.02 sys=0.00, real=0.01 secs] 
310.718: Total time for which application threads were stopped: 0.0104750 seconds, Stopping threads took: 0.0000880 seconds
310.776: Application time: 0.0576790 seconds
310.776: [GC310.776: [ParNew: 32792K->4152K(37632K), 0.0016920 secs] 46070K->19494K(121024K), 0.0017260 secs] [Times: user=0.01 sys=0.00, real=0.00 secs] 
310.778: Total time for which application threads were stopped: 0.0019010 seconds, Stopping threads took: 0.0001080 seconds
310.838: Application time: 0.0602170 seconds
310.838: [GC310.838: [ParNew: 37199K->4159K(37632K), 0.0019840 secs] 52541K->22669K(121024K), 0.0020190 secs] [Times: user=0.02 sys=0.00, real=0.01 secs] 
310.840: Total time for which application threads were stopped: 0.0021560 seconds, Stopping threads took: 0.0000800 seconds
310.900: Application time: 0.0602480 seconds
310.900: [GC310.900: [ParNew: 37165K->4141K(37632K), 0.0019570 secs] 55676K->25795K(121024K), 0.0020010 secs] [Times: user=0.02 sys=0.00, real=0.00 secs] 
310.902: Total time for which application threads were stopped: 0.0021420 seconds, Stopping threads took: 0.0000820 seconds
310.967: Application time: 0.0648130 seconds
310.967: [GC310.967: [ParNew: 37231K->4140K(37632K), 0.0016870 secs] 58886K->27907K(121024K), 0.0017200 secs] [Times: user=0.01 sys=0.00, real=0.00 secs] 
310.969: Total time for which application threads were stopped: 0.0018680 seconds, Stopping threads took: 0.0000910 seconds
311.031: Application time: 0.0623470 seconds
311.035: [GC311.035: [ParNew: 36911K->4151K(37632K), 0.0010910 secs] 60678K->27958K(121024K), 0.0011230 secs] [Times: user=0.01 sys=0.00, real=0.00 secs] 
311.036: Total time for which application threads were stopped: 0.0044800 seconds, Stopping threads took: 0.0033000 seconds
311.097: Application time: 0.0608900 seconds
311.097: [GC311.097: [ParNew: 36790K->4137K(37632K), 0.0011060 secs] 60597K->27944K(121024K), 0.0011360 secs] [Times: user=0.00 sys=0.00, real=0.00 secs] 
311.098: Total time for which application threads were stopped: 0.0012510 seconds, Stopping threads took: 0.0000590 seconds
311.158: Application time: 0.0600510 seconds
311.158: [GC311.158: [ParNew: 36808K->4115K(37632K), 0.0016830 secs] 60615K->29969K(121024K), 0.0017180 secs] [Times: user=0.02 sys=0.00, real=0.01 secs] 
311.160: Total time for which application threads were stopped: 0.0018600 seconds, Stopping threads took: 0.0000840 seconds
311.219: Application time: 0.0591870 seconds
311.219: [GC311.219: [ParNew: 36759K->4128K(37632K), 0.0017330 secs] 62613K->32031K(121024K), 0.0017640 secs] [Times: user=0.01 sys=0.00, real=0.00 secs] 
311.221: Total time for which application threads were stopped: 0.0018950 seconds, Stopping threads took: 0.0000760 seconds
311.284: Application time: 0.0628980 seconds
311.284: [GC311.284: [ParNew: 36966K->4130K(37632K), 0.0011460 secs] 64869K->32033K(121024K), 0.0011780 secs] [Times: user=0.00 sys=0.00, real=0.00 secs] 
311.285: Total time for which application threads were stopped: 0.0013160 seconds, Stopping threads took: 0.0000690 seconds
311.345: Application time: 0.0602710 seconds
311.346: [GC311.346: [ParNew: 36783K->4143K(37632K), 0.0013920 secs] 64686K->33070K(121024K), 0.0014240 secs] [Times: user=0.01 sys=0.00, real=0.00 secs] 
311.347: Total time for which application threads were stopped: 0.0015420 seconds, Stopping threads took: 0.0000620 seconds
311.404: Application time: 0.0573970 seconds
311.404: [GC311.404: [ParNew: 36611K->4145K(37632K), 0.0013870 secs] 65538K->34144K(121024K), 0.0014170 secs] [Times: user=0.01 sys=0.00, real=0.00 secs] 
311.406: Total time for which application threads were stopped: 0.0015360 seconds, Stopping threads took: 0.0000650 seconds
311.463: Application time: 0.0575700 seconds
311.464: [GC311.464: [ParNew: 37078K->4152K(37632K), 0.0019940 secs] 67077K->37303K(121024K), 0.0020330 secs] [Times: user=0.02 sys=0.00, real=0.00 secs] 
311.466: Total time for which application threads were stopped: 0.0021550 seconds, Stopping threads took: 0.0000620 seconds
311.528: Application time: 0.0627460 seconds
311.528: [GC311.529: [ParNew: 37366K->4150K(37632K), 0.0021150 secs] 70517K->40469K(121024K), 0.0021530 secs] [Times: user=0.02 sys=0.00, real=0.01 secs] 
311.531: Total time for which application threads were stopped: 0.0022810 seconds, Stopping threads took: 0.0000680 seconds
311.592: Application time: 0.0613790 seconds
311.592: [GC311.592: [ParNew: 37140K->4156K(37632K), 0.0018690 secs] 73459K->42595K(121024K), 0.0019050 secs] [Times: user=0.01 sys=0.00, real=0.00 secs] 
311.594: Total time for which application threads were stopped: 0.0020670 seconds, Stopping threads took: 0.0001010 seconds
311.660: Application time: 0.0655410 seconds
311.660: [GC311.660: [ParNew: 37074K->4158K(37632K), 0.0010550 secs] 75513K->42657K(121024K), 0.0010840 secs] [Times: user=0.01 sys=0.00, real=0.00 secs] 
311.661: Total time for which application threads were stopped: 0.0012280 seconds, Stopping threads took: 0.0000890 seconds
311.717: Application time: 0.0561150 seconds
311.717: [GC311.717: [ParNew: 36735K->4116K(37632K), 0.0018040 secs] 75235K->44711K(121024K), 0.0018470 secs] [Times: user=0.01 sys=0.00, real=0.01 secs] 
311.719: Total time for which application threads were stopped: 0.0019880 seconds, Stopping threads took: 0.0000840 seconds
311.784: Application time: 0.0653040 seconds
311.784: [GC311.784: [ParNew: 37076K->4113K(37632K), 0.0016070 secs] 77672K->46756K(121024K), 0.0016370 secs] [Times: user=0.01 sys=0.00, real=0.00 secs] 
311.786: Total time for which application threads were stopped: 0.0017530 seconds, Stopping threads took: 0.0000590 seconds
311.847: Application time: 0.0606200 seconds
311.847: [GC311.847: [ParNew: 36998K->4130K(37632K), 0.0017690 secs] 79641K->48821K(121024K), 0.0018020 secs] [Times: user=0.01 sys=0.00, real=0.00 secs] 
311.849: Total time for which application threads were stopped: 0.0019360 seconds, Stopping threads took: 0.0000670 seconds
311.910: Application time: 0.0611990 seconds
311.910: [GC311.910: [ParNew: 36756K->4158K(37632K), 0.0012560 secs] 81447K->48889K(121024K), 0.0012880 secs] [Times: user=0.01 sys=0.00, real=0.01 secs] 
311.911: Total time for which application threads were stopped: 0.0014470 seconds, Stopping threads took: 0.0001020 seconds
311.972: Application time: 0.0604860 seconds
311.972: [GC311.972: [ParNew: 36659K->3112K(37632K), 0.0008790 secs] 81391K->47852K(121024K), 0.0009090 secs] [Times: user=0.00 sys=0.00, real=0.00 secs] 
311.973: Total time for which application threads were stopped: 0.0010250 seconds, Stopping threads took: 0.0000610 seconds
312.033: Application time: 0.0600650 seconds
312.033: [GC312.033: [ParNew: 35773K->4158K(37632K), 0.0013950 secs] 80512K->49930K(121024K), 0.0014240 secs] [Times: user=0.01 sys=0.00, real=0.00 secs] 
312.034: Total time for which application threads were stopped: 0.0015650 seconds, Stopping threads took: 0.0000850 seconds
312.089: Application time: 0.0543800 seconds
312.089: [GC312.089: [ParNew: 36635K->4146K(37632K), 0.0017010 secs] 82406K->52037K(121024K), 0.0017340 secs] [Times: user=0.01 sys=0.00, real=0.01 secs] 
312.091: Total time for which application threads were stopped: 0.0018680 seconds, Stopping threads took: 0.0000760 seconds
312.154: Application time: 0.0635660 seconds
312.154: [GC312.154: [ParNew: 37289K->4157K(37632K), 0.0017190 secs] 85181K->54161K(121024K), 0.0017550 secs] [Times: user=0.01 sys=0.00, real=0.00 secs] 
312.156: Total time for which application threads were stopped: 0.0019040 seconds, Stopping threads took: 0.0000900 seconds
312.218: Application time: 0.0617360 seconds
312.218: [GC312.218: [ParNew: 37297K->4157K(37632K), 0.0014720 secs] 87301K->55281K(121024K), 0.0015040 secs] [Times: user=0.01 sys=0.00, real=0.01 secs] 
312.220: Total time for which application threads were stopped: 0.0016460 seconds, Stopping threads took: 0.0000860 seconds
312.279: Application time: 0.0594570 seconds
312.279: [GC312.279: [ParNew: 37008K->4144K(37632K), 0.0016500 secs] 88131K->57387K(121024K), 0.0016840 secs] [Times: user=0.01 sys=0.00, real=0.00 secs] 
312.281: Total time for which application threads were stopped: 0.0019010 seconds, Stopping threads took: 0.0001560 seconds
312.344: Application time: 0.0630390 seconds
312.344: [GC312.344: [ParNew: 37137K->4149K(37632K), 0.0013030 secs] 90381K->58473K(121024K), 0.0013320 secs] [Times: user=0.01 sys=0.00, real=0.00 secs] 
312.345: Total time for which application threads were stopped: 0.0014540 seconds, Stopping threads took: 0.0000660 seconds
312.405: Application time: 0.0593700 seconds
312.405: [GC312.405: [ParNew: 36838K->4113K(37632K), 0.0016530 secs] 91161K->60533K(121024K), 0.0016860 secs] [Times: user=0.01 sys=0.00, real=0.00 secs] 
312.407: Total time for which application threads were stopped: 0.0018460 seconds, Stopping threads took: 0.0000840 seconds
312.468: Application time: 0.0618550 seconds
312.469: [GC312.469: [ParNew: 36952K->4110K(37632K), 0.0019980 secs] 93372K->63601K(121024K), 0.0020310 secs] [Times: user=0.02 sys=0.00, real=0.01 secs] 
312.471: Total time for which application threads were stopped: 0.0021800 seconds, Stopping threads took: 0.0000820 seconds
312.535: Application time: 0.0644560 seconds
312.535: [GC312.535: [ParNew: 37130K->4128K(37632K), 0.0018000 secs] 96621K->65668K(121024K), 0.0018380 secs] [Times: user=0.01 sys=0.00, real=0.00 secs] 
312.537: Total time for which application threads were stopped: 0.0019960 seconds, Stopping threads took: 0.0000960 seconds
312.597: Application time: 0.0601910 seconds
312.597: [GC312.597: [ParNew: 36587K->3142K(37632K), 0.0009370 secs] 98127K->64682K(121024K), 0.0009680 secs] [Times: user=0.01 sys=0.00, real=0.00 secs] 
312.598: Total time for which application threads were stopped: 0.0011200 seconds, Stopping threads took: 0.0000960 seconds
312.659: Application time: 0.0603720 seconds
312.659: [GC312.659: [ParNew: 36614K->4124K(37632K), 0.0011230 secs] 98154K->65664K(121024K), 0.0011560 secs] [Times: user=0.01 sys=0.00, real=0.00 secs] 
312.660: Total time for which application threads were stopped: 0.0012860 seconds, Stopping threads took: 0.0000740 seconds
312.722: Application time: 0.0620870 seconds
312.722: [GC312.722: [ParNew: 37047K->4158K(37632K), 0.0014390 secs] 98587K->66730K(121024K), 0.0014740 secs] [Times: user=0.01 sys=0.00, real=0.00 secs] 
312.724: Total time for which application threads were stopped: 0.0016110 seconds, Stopping threads took: 0.0000810 seconds
312.779: Application time: 0.0549640 seconds
312.779: [GC312.779: [ParNew: 37630K->4146K(37632K), 0.0016690 secs] 100202K->68830K(121024K), 0.0017030 secs] [Times: user=0.01 sys=0.00, real=0.00 secs] 
312.781: Total time for which application threads were stopped: 0.0018470 seconds, Stopping threads took: 0.0000850 seconds
312.844: Application time: 0.0630830 seconds
312.844: [GC312.844: [ParNew: 37253K->4152K(37632K), 0.0020590 secs] 101937K->71980K(121024K), 0.0020930 secs] [Times: user=0.02 sys=0.00, real=0.00 secs] 
312.846: Total time for which application threads were stopped: 0.0022240 seconds, Stopping threads took: 0.0000740 seconds
312.906: Application time: 0.0603910 seconds
312.906: [GC312.906: [ParNew: 37279K->4154K(37632K), 0.0020450 secs] 105107K->75150K(121024K), 0.0020820 secs] [Times: user=0.01 sys=0.00, real=0.00 secs] 
312.909: Total time for which application threads were stopped: 0.0022320 seconds, Stopping threads took: 0.0000830 seconds
312.972: Application time: 0.0633900 seconds
312.972: [GC312.972: [ParNew: 37199K->4142K(37632K), 0.0016470 secs] 108195K->77266K(121024K), 0.0016810 secs] [Times: user=0.01 sys=0.00, real=0.00 secs] 
312.974: Total time for which application threads were stopped: 0.0018100 seconds, Stopping threads took: 0.0000730 seconds
313.034: Application time: 0.0604020 seconds
313.034: [GC313.034: [ParNew: 37018K->4156K(37632K), 0.0014230 secs] 110143K->78360K(121024K), 0.0014560 secs] [Times: user=0.01 sys=0.00, real=0.00 secs] 
313.036: Total time for which application threads were stopped: 0.0015970 seconds, Stopping threads took: 0.0000870 seconds
313.097: Application time: 0.0616730 seconds
313.098: [GC313.098: [ParNew: 36916K->4132K(37632K), 0.0014110 secs] 111120K->79400K(121024K), 0.0014420 secs] [Times: user=0.01 sys=0.00, real=0.01 secs] 
313.099: Total time for which application threads were stopped: 0.0015700 seconds, Stopping threads took: 0.0000720 seconds
313.159: Application time: 0.0598390 seconds
313.159: [GC313.159: [ParNew: 36867K->4114K(37632K), 0.0016960 secs] 112136K->81430K(121024K), 0.0017290 secs] [Times: user=0.01 sys=0.00, real=0.00 secs] 
313.161: Total time for which application threads were stopped: 0.0018570 seconds, Stopping threads took: 0.0000680 seconds
313.226: Application time: 0.0651600 seconds
313.226: [GC313.226: [ParNew: 37088K->4128K(37632K), 0.0017250 secs] 114405K->83492K(121024K), 0.0017570 secs] [Times: user=0.01 sys=0.00, real=0.00 secs] 
313.228: Total time for which application threads were stopped: 0.0018990 seconds, Stopping threads took: 0.0000840 seconds
313.288: Application time: 0.0600660 seconds
313.288: [GC313.288: [ParNew: 36653K->4153K(37632K), 0.0011000 secs] 116018K->83517K(121024K), 0.0011410 secs] [Times: user=0.01 sys=0.00, real=0.00 secs] 
313.289: Total time for which application threads were stopped: 0.0012710 seconds, Stopping threads took: 0.0000740 seconds
313.349: Application time: 0.0595280 seconds
313.349: [GC313.349: [ParNew: 37625K->4138K(37632K), 0.0013630 secs] 116989K->84526K(121024K), 0.0013940 secs] [Times: user=0.01 sys=0.00, real=0.00 secs] 
313.350: Total time for which application threads were stopped: 0.0015150 seconds, Stopping threads took: 0.0000650 seconds
313.412: Application time: 0.0621710 seconds
313.412: [GC313.412: [ParNew: 37035K->4152K(37632K), 0.0013860 secs] 117424K->85564K(121024K), 0.0014170 secs] [Times: user=0.01 sys=0.00, real=0.00 secs] 
313.414: Total time for which application threads were stopped: 0.0015610 seconds, Stopping threads took: 0.0000820 seconds
313.469: Application time: 0.0555500 seconds
313.470: [GC313.470: [ParNew: 36716K->4144K(37632K), 0.0014350 secs] 118128K->86653K(121024K), 0.0014680 secs] [Times: user=0.01 sys=0.00, real=0.01 secs] 
313.471: Total time for which application threads were stopped: 0.0015960 seconds, Stopping threads took: 0.0000700 seconds
313.533: Application time: 0.0618520 seconds
313.533: [GC313.533: [ParNew: 37187K->4159K(37632K), 0.0014360 secs]313.534: [Tenured: 83588K->12411K(84420K), 0.0079990 secs] 119696K->12411K(122052K), [Perm : 5530K->5530K(21248K)], 0.0095210 secs] [Times: user=0.02 sys=0.00, real=0.01 secs] 
313.543: Total time for which application threads were stopped: 0.0096700 seconds, Stopping threads took: 0.0000850 seconds
313.602: Application time: 0.0592250 seconds
313.602: [GC313.602: [ParNew: 33019K->4157K(37632K), 0.0017410 secs] 45431K->18633K(121024K), 0.0017770 secs] [Times: user=0.02 sys=0.00, real=0.00 secs] 
313.604: Total time for which application threads were stopped: 0.0019520 seconds, Stopping threads took: 0.0001170 seconds
313.665: Application time: 0.0615330 seconds
313.665: [GC313.665: [ParNew: 37185K->4146K(37632K), 0.0017140 secs] 51660K->20737K(121024K), 0.0017500 secs] [Times: user=0.01 sys=0.00, real=0.00 secs] 
313.667: Total time for which application threads were stopped: 0.0019050 seconds, Stopping threads took: 0.0000970 seconds
313.730: Application time: 0.0631230 seconds
313.730: [GC313.730: [ParNew: 37070K->4159K(37632K), 0.0013760 secs] 53662K->21839K(121024K), 0.0014100 secs] [Times: user=0.01 sys=0.00, real=0.01 secs] 
313.732: Total time for which application threads were stopped: 0.0015480 seconds, Stopping threads took: 0.0000820 seconds
313.796: Application time: 0.0637540 seconds
313.796: [GC313.796: [ParNew: 37040K->4130K(37632K), 0.0010630 secs] 54720K->21873K(121024K), 0.0010920 secs] [Times: user=0.01 sys=0.00, real=0.00 secs] 
313.797: Total time for which application threads were stopped: 0.0012210 seconds, Stopping threads took: 0.0000750 seconds
313.856: Application time: 0.0590970 seconds
313.856: [GC313.856: [ParNew: 36839K->4132K(37632K), 0.0013370 secs] 54583K->22900K(121024K), 0.0013690 secs] [Times: user=0.01 sys=0.00, real=0.00 secs] 
313.857: Total time for which application threads were stopped: 0.0015030 seconds, Stopping threads took: 0.0000780 seconds
313.920: Application time: 0.0622470 seconds
313.920: [GC313.920: [ParNew: 36906K->4130K(37632K), 0.0016450 secs] 55673K->24945K(121024K), 0.0016760 secs] [Times: user=0.01 sys=0.00, real=0.00 secs] 
313.921: Total time for which application threads were stopped: 0.0018050 seconds, Stopping threads took: 0.0000610 seconds
313.981: Application time: 0.0592600 seconds
313.981: [GC313.981: [ParNew: 36708K->4152K(37632K), 0.0011770 secs] 57523K->24967K(121024K), 0.0012080 secs] [Times: user=0.01 sys=0.00, real=0.00 secs] 
313.982: Total time for which application threads were stopped: 0.0013340 seconds, Stopping threads took: 0.0000680 seconds
314.045: Application time: 0.0626080 seconds
314.045: [GC314.045: [ParNew: 36805K->4134K(37632K), 0.0010920 secs] 57620K->24949K(121024K), 0.0011200 secs] [Times: user=0.01 sys=0.00, real=0.00 secs] 
314.046: Total time for which application threads were stopped: 0.0012530 seconds, Stopping threads took: 0.0000700 seconds
314.105: Application time: 0.0592150 seconds
314.105: [GC314.105: [ParNew: 36780K->4145K(37632K), 0.0014240 secs] 57596K->25984K(121024K), 0.0014620 secs] [Times: user=0.01 sys=0.00, real=0.00 secs] 
314.107: Total time for which application threads were stopped: 0.0016040 seconds, Stopping threads took: 0.0000830 seconds
314.163: Application time: 0.0562110 seconds
314.163: [GC314.163: [ParNew: 36666K->4144K(37632K), 0.0013080 secs] 58505K->27071K(121024K), 0.0013380 secs] [Times: user=0.01 sys=0.00, real=0.00 secs] 
314.164: Total time for which application threads were stopped: 0.0014910 seconds, Stopping threads took: 0.0000970 seconds
314.225: Application time: 0.0608080 seconds
314.225: [GC314.225: [ParNew: 37230K->4156K(37632K), 0.0016330 secs] 60158K->29195K(121024K), 0.0016690 secs] [Times: user=0.01 sys=0.00, real=0.00 secs] 
314.227: Total time for which application threads were stopped: 0.0017970 seconds, Stopping threads took: 0.0000690 seconds
314.289: Application time: 0.0614470 seconds
314.289: [GC314.289: [ParNew: 37290K->4153K(37632K), 0.0016850 secs] 62329K->31337K(121024K), 0.0017190 secs] [Times: user=0.02 sys=0.00, real=0.00 secs] 
314.290: Total time for which application threads were stopped: 0.0018490 seconds, Stopping threads took: 0.0000740 seconds
314.349: Application time: 0.0589510 seconds
314.349: [GC314.349: [ParNew: 36924K->4152K(37632K), 0.0014550 secs] 64108K->32448K(121024K), 0.0014890 secs] [Times: user=0.01 sys=0.00, real=0.01 secs] 
314.351: Total time for which application threads were stopped: 0.0016340 seconds, Stopping threads took: 0.0000880 seconds
314.415: Application time: 0.0636860 seconds
314.415: [GC314.415: [ParNew: 37097K->4145K(37632K), 0.0014050 secs] 65393K->33497K(121024K), 0.0014360 secs] [Times: user=0.01 sys=0.00, real=0.00 secs] 
314.416: Total time for which application threads were stopped: 0.0015740 seconds, Stopping threads took: 0.0000820 seconds
314.475: Application time: 0.0585480 seconds
314.475: [GC314.475: [ParNew: 36830K->4112K(37632K), 0.0019290 secs] 66182K->36592K(121024K), 0.0019620 secs] [Times: user=0.02 sys=0.00, real=0.00 secs] 
314.477: Total time for which application threads were stopped: 0.0021100 seconds, Stopping threads took: 0.0000810 seconds
314.541: Application time: 0.0637080 seconds
314.541: [GC314.541: [ParNew: 37028K->4128K(37632K), 0.0018040 secs] 69508K->38656K(121024K), 0.0018400 secs] [Times: user=0.01 sys=0.01, real=0.00 secs] 
314.543: Total time for which application threads were stopped: 0.0020230 seconds, Stopping threads took: 0.0001150 seconds
314.605: Application time: 0.0619640 seconds
314.607: [GC314.607: [ParNew: 36926K->4115K(37632K), 0.0016400 secs] 71454K->40691K(121024K), 0.0016720 secs] [Times: user=0.01 sys=0.00, real=0.00 secs] 
314.608: Total time for which application threads were stopped: 0.0037790 seconds, Stopping threads took: 0.0020490 seconds
314.669: Application time: 0.0608640 seconds
314.671: [GC314.671: [ParNew: 36796K->4147K(37632K), 0.0011490 secs] 73372K->40723K(121024K), 0.0011810 secs] [Times: user=0.01 sys=0.00, real=0.00 secs] 
314.672: Total time for which application threads were stopped: 0.0026770 seconds, Stopping threads took: 0.0014390 seconds
314.736: Application time: 0.0639550 seconds
314.736: [GC314.736: [ParNew: 36939K->3135K(37632K), 0.0008730 secs] 73515K->39711K(121024K), 0.0009030 secs] [Times: user=0.00 sys=0.00, real=0.00 secs] 
314.737: Total time for which application threads were stopped: 0.0010200 seconds, Stopping threads took: 0.0000630 seconds
314.794: Application time: 0.0573970 seconds
314.794: [GC314.794: [ParNew: 36592K->4158K(37632K), 0.0014920 secs] 73168K->41774K(121024K), 0.0015280 secs] [Times: user=0.01 sys=0.00, real=0.00 secs] 
314.796: Total time for which application threads were stopped: 0.0016600 seconds, Stopping threads took: 0.0000740 seconds
314.857: Application time: 0.0611570 seconds
314.857: [GC314.857: [ParNew: 37012K->4159K(37632K), 0.0012800 secs] 74629K->42856K(121024K), 0.0013200 secs] [Times: user=0.01 sys=0.00, real=0.00 secs] 
314.859: Total time for which application threads were stopped: 0.0014430 seconds, Stopping threads took: 0.0000680 seconds
314.917: Application time: 0.0587650 seconds
314.917: [GC314.917: [ParNew: 37039K->4154K(37632K), 0.0016870 secs] 75735K->44971K(121024K), 0.0017210 secs] [Times: user=0.02 sys=0.00, real=0.01 secs] 
314.919: Total time for which application threads were stopped: 0.0018490 seconds, Stopping threads took: 0.0000700 seconds
314.980: Application time: 0.0611140 seconds
314.980: [GC314.980: [ParNew: 37215K->4158K(37632K), 0.0017150 secs] 78032K->47118K(121024K), 0.0017460 secs] [Times: user=0.01 sys=0.00, real=0.00 secs] 
314.982: Total time for which application threads were stopped: 0.0019070 seconds, Stopping threads took: 0.0000960 seconds
315.045: Application time: 0.0623330 seconds
315.045: [GC315.045: [ParNew: 37078K->4149K(37632K), 0.0013620 secs] 80038K->48206K(121024K), 0.0013920 secs] [Times: user=0.01 sys=0.00, real=0.00 secs] 
315.046: Total time for which application threads were stopped: 0.0015120 seconds, Stopping threads took: 0.0000640 seconds
315.105: Application time: 0.0588760 seconds
315.105: [GC315.105: [ParNew: 36923K->4141K(37632K), 0.0031780 secs] 80980K->50317K(121024K), 0.0032150 secs] [Times: user=0.00 sys=0.01, real=0.00 secs] 
315.108: Total time for which application threads were stopped: 0.0033670 seconds, Stopping threads took: 0.0000950 seconds
315.169: Application time: 0.0611960 seconds
315.170: [GC315.170: [ParNew: 37001K->4114K(37632K), 0.0019640 secs] 83177K->53410K(121024K), 0.0019980 secs] [Times: user=0.02 sys=0.00, real=0.01 secs] 
315.172: Total time for which application threads were stopped: 0.0021460 seconds, Stopping threads took: 0.0000900 seconds
315.231: Application time: 0.0592590 seconds
315.231: [GC315.231: [ParNew: 36783K->4150K(37632K), 0.0013960 secs] 86080K->54470K(121024K), 0.0014270 secs] [Times: user=0.01 sys=0.00, real=0.00 secs] 
315.232: Total time for which application threads were stopped: 0.0015880 seconds, Stopping threads took: 0.0001050 seconds
315.295: Application time: 0.0623210 seconds
315.295: [GC315.295: [ParNew: 36925K->4111K(37632K), 0.0015110 secs] 87246K->55456K(121024K), 0.0015430 secs] [Times: user=0.01 sys=0.00, real=0.00 secs] 
315.296: Total time for which application threads were stopped: 0.0016680 seconds, Stopping threads took: 0.0000670 seconds
315.358: Application time: 0.0610650 seconds
315.358: [GC315.358: [ParNew: 36810K->4130K(37632K), 0.0017830 secs] 88154K->57522K(121024K), 0.0018150 secs] [Times: user=0.01 sys=0.00, real=0.01 secs] 
315.359: Total time for which application threads were stopped: 0.0019540 seconds, Stopping threads took: 0.0000820 seconds
315.422: Application time: 0.0627190 seconds
315.422: [GC315.422: [ParNew: 36906K->4119K(37632K), 0.0013970 secs] 90299K->58535K(121024K), 0.0014290 secs] [Times: user=0.01 sys=0.00, real=0.00 secs] 
315.424: Total time for which application threads were stopped: 0.0015520 seconds, Stopping threads took: 0.0000660 seconds
315.483: Application time: 0.0595960 seconds
315.487: [GC315.487: [ParNew: 36843K->4158K(37632K), 0.0013930 secs] 91260K->59606K(121024K), 0.0014280 secs] [Times: user=0.01 sys=0.00, real=0.00 secs] 
315.488: Total time for which application threads were stopped: 0.0048150 seconds, Stopping threads took: 0.0033210 seconds
315.550: Application time: 0.0618700 seconds
315.550: [GC315.550: [ParNew: 36922K->4159K(37632K), 0.0013740 secs] 92371K->60704K(121024K), 0.0014050 secs] [Times: user=0.01 sys=0.00, real=0.01 secs] 
315.552: Total time for which application threads were stopped: 0.0015340 seconds, Stopping threads took: 0.0000750 seconds
315.609: Application time: 0.0569550 seconds
315.609: [GC315.609: [ParNew: 37011K->4153K(37632K), 0.0018350 secs] 93556K->62810K(121024K), 0.0018690 secs] [Times: user=0.02 sys=0.00, real=0.00 secs] 
315.611: Total time for which application threads were stopped: 0.0020270 seconds, Stopping threads took: 0.0000980 seconds
315.675: Application time: 0.0647400 seconds
315.675: [GC315.675: [ParNew: 37332K->4158K(37632K), 0.0016360 secs] 95988K->64979K(121024K), 0.0016780 secs] [Times: user=0.02 sys=0.00, real=0.00 secs] 
315.677: Total time for which application threads were stopped: 0.0018010 seconds, Stopping threads took: 0.0000650 seconds
315.734: Application time: 0.0571620 seconds
315.734: [GC315.734: [ParNew: 36896K->4143K(37632K), 0.0011790 secs] 97717K->65028K(121024K), 0.0012120 secs] [Times: user=0.01 sys=0.00, real=0.00 secs] 
315.736: Total time for which application threads were stopped: 0.0013580 seconds, Stopping threads took: 0.0000870 seconds
315.799: Application time: 0.0636580 seconds
315.799: [GC315.799: [ParNew: 37108K->4154K(37632K), 0.0011360 secs] 97993K->65103K(121024K), 0.0011670 secs] [Times: user=0.01 sys=0.00, real=0.00 secs] 
315.801: Total time for which application threads were stopped: 0.0013040 seconds, Stopping threads took: 0.0000820 seconds
315.860: Application time: 0.0597550 seconds
315.863: [GC315.863: [ParNew: 36894K->4134K(37632K), 0.0015060 secs] 97843K->66147K(121024K), 0.0015380 secs] [Times: user=0.01 sys=0.00, real=0.00 secs] 
315.864: Total time for which application threads were stopped: 0.0038800 seconds, Stopping threads took: 0.0022860 seconds
315.925: Application time: 0.0608280 seconds
315.925: [GC315.925: [ParNew: 36835K->4156K(37632K), 0.0014340 secs] 98848K->67193K(121024K), 0.0014660 secs] [Times: user=0.01 sys=0.00, real=0.00 secs] 
315.927: Total time for which application threads were stopped: 0.0015860 seconds, Stopping threads took: 0.0000630 seconds
315.988: Application time: 0.0609850 seconds
315.988: [GC315.988: [ParNew: 36860K->4138K(37632K), 0.0011020 secs] 99897K->67175K(121024K), 0.0011340 secs] [Times: user=0.00 sys=0.00, real=0.00 secs] 
315.989: Total time for which application threads were stopped: 0.0012650 seconds, Stopping threads took: 0.0000700 seconds
316.048: Application time: 0.0590960 seconds
316.051: [GC316.051: [ParNew: 36774K->4114K(37632K), 0.0019710 secs] 99811K->69199K(121024K), 0.0020050 secs] [Times: user=0.01 sys=0.00, real=0.00 secs] 
316.053: Total time for which application threads were stopped: 0.0047040 seconds, Stopping threads took: 0.0026400 seconds
316.114: Application time: 0.0617560 seconds
316.115: [GC316.115: [ParNew: 36864K->4136K(37632K), 0.0014030 secs] 101949K->70245K(121024K), 0.0014360 secs] [Times: user=0.01 sys=0.00, real=0.00 secs] 
316.116: Total time for which application threads were stopped: 0.0015790 seconds, Stopping threads took: 0.0000780 seconds
316.175: Application time: 0.0590540 seconds
316.175: [GC316.175: [ParNew: 36800K->4158K(37632K), 0.0011320 secs] 102909K->70299K(121024K), 0.0011600 secs] [Times: user=0.01 sys=0.00, real=0.00 secs] 
316.176: Total time for which application threads were stopped: 0.0012840 seconds, Stopping threads took: 0.0000710 seconds
316.239: Application time: 0.0623370 seconds
316.239: [GC316.239: [ParNew: 37005K->4147K(37632K), 0.0013330 secs] 103146K->71353K(121024K), 0.0013630 secs] [Times: user=0.01 sys=0.00, real=0.00 secs] 
316.240: Total time for which application threads were stopped: 0.0015050 seconds, Stopping threads took: 0.0000880 seconds
316.300: Application time: 0.0593280 seconds
316.300: [GC316.300: [ParNew: 37106K->4153K(37632K), 0.0016830 secs] 104311K->73478K(121024K), 0.0017160 secs] [Times: user=0.01 sys=0.00, real=0.00 secs] 
316.301: Total time for which application threads were stopped: 0.0018590 seconds, Stopping threads took: 0.0000860 seconds
316.362: Application time: 0.0600780 seconds
316.362: [GC316.362: [ParNew: 37178K->4154K(37632K), 0.0017740 secs] 106503K->75639K(121024K), 0.0018070 secs] [Times: user=0.01 sys=0.00, real=0.00 secs] 
316.363: Total time for which application threads were stopped: 0.0019390 seconds, Stopping threads took: 0.0000770 seconds
316.423: Application time: 0.0593640 seconds
316.423: [GC316.423: [ParNew: 36907K->4147K(37632K), 0.0014550 secs] 108392K->76729K(121024K), 0.0014940 secs] [Times: user=0.01 sys=0.00, real=0.00 secs] 
316.424: Total time for which application threads were stopped: 0.0016130 seconds, Stopping threads took: 0.0000620 seconds
316.488: Application time: 0.0636140 seconds
316.488: [GC316.488: [ParNew: 37155K->4145K(37632K), 0.0016800 secs] 109737K->78806K(121024K), 0.0017140 secs] [Times: user=0.01 sys=0.00, real=0.00 secs] 
316.490: Total time for which application threads were stopped: 0.0018390 seconds, Stopping threads took: 0.0000700 seconds
316.551: Application time: 0.0607500 seconds
316.551: [GC316.551: [ParNew: 36961K->4137K(37632K), 0.0015590 secs] 111622K->79894K(121024K), 0.0015900 secs] [Times: user=0.01 sys=0.00, real=0.00 secs] 
316.552: Total time for which application threads were stopped: 0.0017350 seconds, Stopping threads took: 0.0000780 seconds
316.614: Application time: 0.0619570 seconds
316.614: [GC316.614: [ParNew: 36827K->4131K(37632K), 0.0014910 secs] 112585K->80913K(121024K), 0.0015250 secs] [Times: user=0.01 sys=0.01, real=0.00 secs] 
316.616: Total time for which application threads were stopped: 0.0016580 seconds, Stopping threads took: 0.0000770 seconds
316.678: Application time: 0.0615310 seconds
316.678: [GC316.678: [ParNew: 36799K->4112K(37632K), 0.0013750 secs] 113581K->81917K(121024K), 0.0014080 secs] [Times: user=0.01 sys=0.00, real=0.01 secs] 
316.679: Total time for which application threads were stopped: 0.0015340 seconds, Stopping threads took: 0.0000690 seconds
316.739: Application time: 0.0600470 seconds
316.739: [GC316.739: [ParNew: 36745K->4132K(37632K), 0.0014050 secs] 114550K->82961K(121024K), 0.0014380 secs] [Times: user=0.01 sys=0.00, real=0.00 secs] 
316.741: Total time for which application threads were stopped: 0.0015610 seconds, Stopping threads took: 0.0000680 seconds
316.801: Application time: 0.0603310 seconds
316.801: [GC316.801: [ParNew: 36819K->4136K(37632K), 0.0013880 secs] 115649K->83989K(121024K), 0.0014190 secs] [Times: user=0.01 sys=0.00, real=0.00 secs] 
316.803: Total time for which application threads were stopped: 0.0015790 seconds, Stopping threads took: 0.0000990 seconds
316.863: Application time: 0.0603000 seconds
316.863: [GC316.863: [ParNew: 36956K->4159K(37632K), 0.0013540 secs] 116809K->85044K(121024K), 0.0013850 secs] [Times: user=0.01 sys=0.00, real=0.00 secs] 
316.864: Total time for which application threads were stopped: 0.0015130 seconds, Stopping threads took: 0.0000730 seconds
316.922: Application time: 0.0571090 seconds
316.922: [GC316.922: [ParNew: 36815K->4146K(37632K), 0.0016820 secs] 117700K->87144K(121024K), 0.0017150 secs] [Times: user=0.01 sys=0.00, real=0.00 secs] 
316.923: Total time for which application threads were stopped: 0.0018440 seconds, Stopping threads took: 0.0000700 seconds
316.986: Application time: 0.0630220 seconds
316.986: [GC316.987: [ParNew: 37289K->4159K(37632K), 0.0017280 secs]316.988: [Tenured: 85121K->9849K(85448K), 0.0087260 secs] 120287K->9849K(123080K), [Perm : 5530K->5530K(21248K)], 0.0106000 secs] [Times: user=0.02 sys=0.00, real=0.01 secs] 
316.997: Total time for which application threads were stopped: 0.0107380 seconds, Stopping threads took: 0.0000710 seconds
317.057: Application time: 0.0599130 seconds
317.057: [GC317.057: [ParNew: 32982K->4156K(37632K), 0.0017100 secs] 42831K->16085K(121024K), 0.0017430 secs] [Times: user=0.01 sys=0.00, real=0.01 secs] 
317.059: Total time for which application threads were stopped: 0.0018820 seconds, Stopping threads took: 0.0000730 seconds
317.120: Application time: 0.0609850 seconds
317.120: [GC317.120: [ParNew: 37019K->4158K(37632K), 0.0013870 secs] 48949K->17175K(121024K), 0.0014190 secs] [Times: user=0.01 sys=0.00, real=0.00 secs] 
317.121: Total time for which application threads were stopped: 0.0015470 seconds, Stopping threads took: 0.0000690 seconds
317.185: Application time: 0.0631050 seconds
317.185: [GC317.185: [ParNew: 37095K->4142K(37632K), 0.0013850 secs] 50113K->18239K(121024K), 0.0014150 secs] [Times: user=0.01 sys=0.00, real=0.00 secs] 
317.186: Total time for which application threads were stopped: 0.0015490 seconds, Stopping threads took: 0.0000790 seconds
317.245: Application time: 0.0593370 seconds
317.246: [GC317.246: [ParNew: 36838K->4132K(37632K), 0.0016580 secs] 50936K->20325K(121024K), 0.0016990 secs] [Times: user=0.01 sys=0.00, real=0.00 secs] 
317.247: Total time for which application threads were stopped: 0.0018530 seconds, Stopping threads took: 0.0000950 seconds
317.309: Application time: 0.0615310 seconds
317.309: [GC317.309: [ParNew: 36916K->4129K(37632K), 0.0014840 secs] 53109K->21346K(121024K), 0.0015140 secs] [Times: user=0.01 sys=0.00, real=0.00 secs] 
317.310: Total time for which application threads were stopped: 0.0016480 seconds, Stopping threads took: 0.0000780 seconds
317.372: Application time: 0.0618050 seconds
317.372: [GC317.372: [ParNew: 36725K->3130K(37632K), 0.0008760 secs] 53943K->20347K(121024K), 0.0009070 secs] [Times: user=0.01 sys=0.00, real=0.00 secs] 
317.373: Total time for which application threads were stopped: 0.0010620 seconds, Stopping threads took: 0.0001010 seconds
317.433: Application time: 0.0594700 seconds
317.433: [GC317.433: [ParNew: 35679K->4120K(37632K), 0.0011590 secs] 52897K->21338K(121024K), 0.0011910 secs] [Times: user=0.01 sys=0.00, real=0.00 secs] 
317.434: Total time for which application threads were stopped: 0.0013230 seconds, Stopping threads took: 0.0000760 seconds
317.494: Application time: 0.0594600 seconds
317.494: [GC317.494: [ParNew: 36875K->4112K(37632K), 0.0017910 secs] 54093K->23378K(121024K), 0.0018240 secs] [Times: user=0.01 sys=0.00, real=0.00 secs] 
317.496: Total time for which application threads were stopped: 0.0019740 seconds, Stopping threads took: 0.0000930 seconds
317.556: Application time: 0.0605670 seconds
317.559: [GC317.559: [ParNew: 36817K->4158K(37632K), 0.0010720 secs] 56083K->23432K(121024K), 0.0011050 secs] [Times: user=0.00 sys=0.00, real=0.00 secs] 
317.560: Total time for which application threads were stopped: 0.0038350 seconds, Stopping threads took: 0.0026690 seconds
317.619: Application time: 0.0589080 seconds
317.619: [GC317.619: [ParNew: 36993K->4144K(37632K), 0.0017230 secs] 56266K->25538K(121024K), 0.0017580 secs] [Times: user=0.02 sys=0.00, real=0.00 secs] 
317.621: Total time for which application threads were stopped: 0.0018800 seconds, Stopping threads took: 0.0000660 seconds
317.684: Application time: 0.0627780 seconds
317.684: [GC317.684: [ParNew: 37323K->4156K(37632K), 0.0019840 secs] 58717K->28694K(121024K), 0.0020190 secs] [Times: user=0.01 sys=0.00, real=0.00 secs] 
317.686: Total time for which application threads were stopped: 0.0021470 seconds, Stopping threads took: 0.0000700 seconds
317.746: Application time: 0.0604290 seconds
317.746: [GC317.746: [ParNew: 37148K->4154K(37632K), 0.0016930 secs] 61686K->30852K(121024K), 0.0017250 secs] [Times: user=0.01 sys=0.00, real=0.00 secs] 
317.748: Total time for which application threads were stopped: 0.0018550 seconds, Stopping threads took: 0.0000740 seconds
317.810: Application time: 0.0615590 seconds
317.811: [GC317.811: [ParNew: 37045K->4158K(37632K), 0.0012810 secs] 63743K->30916K(121024K), 0.0013030 secs] [Times: user=0.01 sys=0.00, real=0.00 secs] 
317.812: Total time for which application threads were stopped: 0.0024250 seconds, Stopping threads took: 0.0010680 seconds
317.871: Application time: 0.0586760 seconds
317.871: [GC317.871: [ParNew: 36939K->4144K(37632K), 0.0017430 secs] 63697K->33006K(121024K), 0.0017780 secs] [Times: user=0.02 sys=0.00, real=0.00 secs] 
317.873: Total time for which application threads were stopped: 0.0019550 seconds, Stopping threads took: 0.0001190 seconds
317.938: Application time: 0.0650760 seconds
317.938: [GC317.938: [ParNew: 37116K->4132K(37632K), 0.0017860 secs] 65978K->35098K(121024K), 0.0018220 secs] [Times: user=0.01 sys=0.00, real=0.01 secs] 
317.940: Total time for which application threads were stopped: 0.0020320 seconds, Stopping threads took: 0.0001500 seconds
318.001: Application time: 0.0611810 seconds
318.001: [GC318.001: [ParNew: 36838K->4150K(37632K), 0.0014120 secs] 67804K->36140K(121024K), 0.0014530 secs] [Times: user=0.01 sys=0.00, real=0.00 secs] 
318.003: Total time for which application threads were stopped: 0.0015880 seconds, Stopping threads took: 0.0000800 seconds
318.063: Application time: 0.0607190 seconds
318.063: [GC318.063: [ParNew: 37622K->3113K(37632K), 0.0008380 secs] 69612K->35103K(121024K), 0.0008660 secs] [Times: user=0.00 sys=0.00, real=0.00 secs] 
318.064: Total time for which application threads were stopped: 0.0010080 seconds, Stopping threads took: 0.0000810 seconds
318.124: Application time: 0.0601260 seconds
318.125: [GC318.125: [ParNew: 35749K->4115K(37632K), 0.0013450 secs] 67739K->37129K(121024K), 0.0013790 secs] [Times: user=0.01 sys=0.00, real=0.00 secs] 
318.126: Total time for which application threads were stopped: 0.0015250 seconds, Stopping threads took: 0.0000900 seconds
318.187: Application time: 0.0611820 seconds
318.187: [GC318.187: [ParNew: 36711K->4119K(37632K), 0.0013280 secs] 69725K->38157K(121024K), 0.0013570 secs] [Times: user=0.01 sys=0.00, real=0.00 secs] 
318.189: Total time for which application threads were stopped: 0.0014780 seconds, Stopping threads took: 0.0000680 seconds
318.247: Application time: 0.0581320 seconds
318.247: [GC318.247: [ParNew: 36868K->4147K(37632K), 0.0013890 secs] 70906K->39209K(121024K), 0.0014210 secs] [Times: user=0.02 sys=0.00, real=0.00 secs] 
318.248: Total time for which application threads were stopped: 0.0015470 seconds, Stopping threads took: 0.0000670 seconds
318.304: Application time: 0.0557460 seconds
318.304: [GC318.304: [ParNew: 37037K->4142K(37632K), 0.0020350 secs] 72099K->42340K(121024K), 0.0020690 secs] [Times: user=0.02 sys=0.00, real=0.00 secs] 
318.306: Total time for which application threads were stopped: 0.0022360 seconds, Stopping threads took: 0.0001100 seconds
318.372: Application time: 0.0652920 seconds
318.375: [GC318.375: [ParNew: 37343K->4154K(37632K), 0.0016590 secs] 75541K->44472K(121024K), 0.0016920 secs] [Times: user=0.01 sys=0.00, real=0.00 secs] 
318.376: Total time for which application threads were stopped: 0.0048700 seconds, Stopping threads took: 0.0031180 seconds
318.440: Application time: 0.0632690 seconds
318.440: [GC318.440: [ParNew: 37275K->4154K(37632K), 0.0016900 secs] 77593K->46616K(121024K), 0.0017200 secs] [Times: user=0.01 sys=0.00, real=0.00 secs] 
318.442: Total time for which application threads were stopped: 0.0018410 seconds, Stopping threads took: 0.0000640 seconds
318.500: Application time: 0.0584910 seconds
318.500: [GC318.500: [ParNew: 36887K->4144K(37632K), 0.0014330 secs] 79350K->47702K(121024K), 0.0014620 secs] [Times: user=0.01 sys=0.00, real=0.00 secs] 
318.502: Total time for which application threads were stopped: 0.0015850 seconds, Stopping threads took: 0.0000660 seconds
318.566: Application time: 0.0646950 seconds
318.566: [GC318.566: [ParNew: 37155K->4142K(37632K), 0.0017170 secs] 80713K->49788K(121024K), 0.0017500 secs] [Times: user=0.01 sys=0.01, real=0.00 secs] 
318.568: Total time for which application threads were stopped: 0.0019010 seconds, Stopping threads took: 0.0000860 seconds
318.629: Application time: 0.0612120 seconds
318.630: [GC318.630: [ParNew: 36975K->4134K(37632K), 0.0014350 secs] 82622K->50853K(121024K), 0.0014690 secs] [Times: user=0.01 sys=0.00, real=0.01 secs] 
318.631: Total time for which application threads were stopped: 0.0016060 seconds, Stopping threads took: 0.0000790 seconds
318.691: Application time: 0.0602170 seconds
318.691: [GC318.691: [ParNew: 36602K->4146K(37632K), 0.0011900 secs] 83321K->50865K(121024K), 0.0012220 secs] [Times: user=0.00 sys=0.00, real=0.00 secs] 
318.693: Total time for which application threads were stopped: 0.0013800 seconds, Stopping threads took: 0.0001020 seconds
318.751: Application time: 0.0584870 seconds
318.751: [GC318.751: [ParNew: 36644K->4132K(37632K), 0.0014800 secs] 83363K->51874K(121024K), 0.0015110 secs] [Times: user=0.01 sys=0.00, real=0.00 secs] 
318.753: Total time for which application threads were stopped: 0.0017050 seconds, Stopping threads took: 0.0001350 seconds
318.815: Application time: 0.0617110 seconds
318.815: [GC318.815: [ParNew: 36867K->4132K(37632K), 0.0013910 secs] 84610K->52899K(121024K), 0.0014300 secs] [Times: user=0.01 sys=0.00, real=0.00 secs] 
318.816: Total time for which application threads were stopped: 0.0015810 seconds, Stopping threads took: 0.0000930 seconds
318.875: Application time: 0.0590040 seconds
318.875: [GC318.875: [ParNew: 37604K->4116K(37632K), 0.0016880 secs] 86371K->54930K(121024K), 0.0017220 secs] [Times: user=0.01 sys=0.00, real=0.00 secs] 
318.877: Total time for which application threads were stopped: 0.0018440 seconds, Stopping threads took: 0.0000630 seconds
318.939: Application time: 0.0618650 seconds
318.939: [GC318.939: [ParNew: 37125K->4148K(37632K), 0.0013720 secs] 87939K->55986K(121024K), 0.0014060 secs] [Times: user=0.01 sys=0.00, real=0.00 secs] 
318.940: Total time for which application threads were stopped: 0.0015220 seconds, Stopping threads took: 0.0000590 seconds
318.999: Application time: 0.0581950 seconds
318.999: [GC318.999: [ParNew: 37047K->4138K(37632K), 0.0020460 secs] 88886K->59112K(121024K), 0.0020840 secs] [Times: user=0.02 sys=0.00, real=0.00 secs] 
319.001: Total time for which application threads were stopped: 0.0022170 seconds, Stopping threads took: 0.0000730 seconds
319.063: Application time: 0.0623740 seconds
319.063: [GC319.063: [ParNew: 37325K->4158K(37632K), 0.0019870 secs] 92299K->62261K(121024K), 0.0020230 secs] [Times: user=0.01 sys=0.00, real=0.00 secs] 
319.065: Total time for which application threads were stopped: 0.0021460 seconds, Stopping threads took: 0.0000620 seconds
319.130: Application time: 0.0648870 seconds
319.130: [GC319.130: [ParNew: 37349K->4155K(37632K), 0.0016410 secs] 95452K->64410K(121024K), 0.0016750 secs] [Times: user=0.01 sys=0.00, real=0.01 secs] 
319.132: Total time for which application threads were stopped: 0.0018060 seconds, Stopping threads took: 0.0000630 seconds
319.192: Application time: 0.0599670 seconds
319.192: [GC319.192: [ParNew: 37000K->4159K(37632K), 0.0013290 secs] 97255K->65518K(121024K), 0.0013620 secs] [Times: user=0.01 sys=0.00, real=0.00 secs] 
319.193: Total time for which application threads were stopped: 0.0014970 seconds, Stopping threads took: 0.0000790 seconds
319.255: Application time: 0.0619460 seconds
319.256: [GC319.256: [ParNew: 37045K->4158K(37632K), 0.0014990 secs] 98404K->66589K(121024K), 0.0015310 secs] [Times: user=0.01 sys=0.00, real=0.00 secs] 
319.257: Total time for which application threads were stopped: 0.0016680 seconds, Stopping threads took: 0.0000810 seconds
319.317: Application time: 0.0603910 seconds
319.318: [GC319.318: [ParNew: 36706K->4118K(37632K), 0.0014880 secs] 99137K->67629K(121024K), 0.0015200 secs] [Times: user=0.01 sys=0.00, real=0.01 secs] 
319.319: Total time for which application threads were stopped: 0.0016990 seconds, Stopping threads took: 0.0001230 seconds
319.382: Application time: 0.0629930 seconds
319.382: [GC319.382: [ParNew: 36935K->4136K(37632K), 0.0011740 secs] 100446K->67647K(121024K), 0.0012080 secs] [Times: user=0.01 sys=0.00, real=0.00 secs] 
319.384: Total time for which application threads were stopped: 0.0013370 seconds, Stopping threads took: 0.0000760 seconds
319.443: Application time: 0.0595380 seconds
319.443: [GC319.443: [ParNew: 36687K->4121K(37632K), 0.0013740 secs] 100198K->68656K(121024K), 0.0014040 secs] [Times: user=0.01 sys=0.00, real=0.00 secs] 
319.445: Total time for which application threads were stopped: 0.0015300 seconds, Stopping threads took: 0.0000700 seconds
319.505: Application time: 0.0606560 seconds
319.505: [GC319.505: [ParNew: 36710K->4135K(37632K), 0.0011080 secs] 101245K->68670K(121024K), 0.0011400 secs] [Times: user=0.01 sys=0.00, real=0.00 secs] 
319.506: Total time for which application threads were stopped: 0.0012660 seconds, Stopping threads took: 0.0000700 seconds
319.566: Application time: 0.0593380 seconds
319.566: [GC319.566: [ParNew: 36595K->4117K(37632K), 0.0011510 secs] 101130K->68652K(121024K), 0.0011770 secs] [Times: user=0.01 sys=0.00, real=0.00 secs] 
319.567: Total time for which application threads were stopped: 0.0013040 seconds, Stopping threads took: 0.0000700 seconds
319.622: Application time: 0.0550890 seconds
319.622: [GC319.622: [ParNew: 36868K->4140K(37632K), 0.0019410 secs] 101403K->71747K(121024K), 0.0019780 secs] [Times: user=0.01 sys=0.00, real=0.00 secs] 
319.624: Total time for which application threads were stopped: 0.0021030 seconds, Stopping threads took: 0.0000670 seconds
319.686: Application time: 0.0616230 seconds
319.686: [GC319.686: [ParNew: 37174K->4140K(37632K), 0.0020180 secs] 104781K->74875K(121024K), 0.0020540 secs] [Times: user=0.01 sys=0.00, real=0.00 secs] 
319.688: Total time for which application threads were stopped: 0.0021860 seconds, Stopping threads took: 0.0000640 seconds
319.750: Application time: 0.0616970 seconds
319.750: [GC319.750: [ParNew: 37249K->4155K(37632K), 0.0016800 secs] 107984K->77010K(121024K), 0.0017120 secs] [Times: user=0.02 sys=0.00, real=0.01 secs] 
319.752: Total time for which application threads were stopped: 0.0018500 seconds, Stopping threads took: 0.0000790 seconds
319.815: Application time: 0.0636540 seconds
319.815: [GC319.815: [ParNew: 37274K->4157K(37632K), 0.0015420 secs] 110129K->78168K(121024K), 0.0015730 secs] [Times: user=0.01 sys=0.00, real=0.00 secs] 
319.817: Total time for which application threads were stopped: 0.0016980 seconds, Stopping threads took: 0.0000650 seconds
319.878: Application time: 0.0606170 seconds
319.878: [GC319.878: [ParNew: 36956K->4146K(37632K), 0.0013980 secs] 110968K->79245K(121024K), 0.0014320 secs] [Times: user=0.01 sys=0.00, real=0.01 secs] 
319.879: Total time for which application threads were stopped: 0.0015610 seconds, Stopping threads took: 0.0000730 seconds
319.943: Application time: 0.0633160 seconds
319.943: [GC319.943: [ParNew: 37097K->4144K(37632K), 0.0016540 secs] 112196K->81348K(121024K), 0.0016900 secs] [Times: user=0.01 sys=0.00, real=0.00 secs] 
319.944: Total time for which application threads were stopped: 0.0018470 seconds, Stopping threads took: 0.0000990 seconds
320.005: Application time: 0.0609560 seconds
320.005: [GC320.005: [ParNew: 36843K->4128K(37632K), 0.0014140 secs] 114047K->82420K(121024K), 0.0014470 secs] [Times: user=0.01 sys=0.00, real=0.00 secs] 
320.007: Total time for which application threads were stopped: 0.0015850 seconds, Stopping threads took: 0.0000810 seconds
320.066: Application time: 0.0594110 seconds
320.066: [GC320.066: [ParNew: 36737K->4123K(37632K), 0.0014510 secs] 115028K->83439K(121024K), 0.0014830 secs] [Times: user=0.01 sys=0.01, real=0.00 secs] 
320.068: Total time for which application threads were stopped: 0.0016060 seconds, Stopping threads took: 0.0000660 seconds
320.130: Application time: 0.0622460 seconds
320.130: [GC320.130: [ParNew: 36790K->4148K(37632K), 0.0014500 secs] 116106K->84488K(121024K), 0.0016350 secs] [Times: user=0.01 sys=0.00, real=0.01 secs] 
320.132: Total time for which application threads were stopped: 0.0017720 seconds, Stopping threads took: 0.0000800 seconds
320.191: Application time: 0.0593160 seconds
320.191: [GC320.191: [ParNew: 37620K->4120K(37632K), 0.0014020 secs] 117960K->85483K(121024K), 0.0014340 secs] [Times: user=0.01 sys=0.00, real=0.00 secs] 
320.193: Total time for which application threads were stopped: 0.0015660 seconds, Stopping threads took: 0.0000650 seconds
320.252: Application time: 0.0591200 seconds
320.252: [GC320.252: [ParNew: 36775K->4130K(37632K), 0.0016620 secs]320.254: [Tenured: 83411K->12060K(84420K), 0.0087260 secs] 118139K->12060K(122052K), [Perm : 5530K->5530K(21248K)], 0.0104760 secs] [Times: user=0.02 sys=0.00, real=0.01 secs] 
320.263: Total time for which application threads were stopped: 0.0106310 seconds, Stopping threads took: 0.0000900 seconds
320.324: Application time: 0.0616610 seconds
320.324: [GC320.324: [ParNew: 32925K->4144K(37632K), 0.0016460 secs] 44985K->18252K(121024K), 0.0016760 secs] [Times: user=0.01 sys=0.00, real=0.00 secs] 
320.326: Total time for which application threads were stopped: 0.0017990 seconds, Stopping threads took: 0.0000690 seconds
320.385: Application time: 0.0592900 seconds
320.386: [GC320.386: [ParNew: 37104K->4158K(37632K), 0.0015060 secs] 51213K->19338K(121024K), 0.0015480 secs] [Times: user=0.01 sys=0.00, real=0.00 secs] 
320.387: Total time for which application threads were stopped: 0.0016990 seconds, Stopping threads took: 0.0000940 seconds
320.452: Application time: 0.0649010 seconds
320.452: [GC320.452: [ParNew: 37337K->4154K(37632K), 0.0016570 secs] 52518K->21454K(121024K), 0.0016890 secs] [Times: user=0.01 sys=0.00, real=0.00 secs] 
320.454: Total time for which application threads were stopped: 0.0018420 seconds, Stopping threads took: 0.0000960 seconds
320.511: Application time: 0.0567820 seconds
320.511: [GC320.511: [ParNew: 36940K->4159K(37632K), 0.0016450 secs] 54241K->23595K(121024K), 0.0016760 secs] [Times: user=0.01 sys=0.00, real=0.00 secs] 
320.512: Total time for which application threads were stopped: 0.0018200 seconds, Stopping threads took: 0.0000890 seconds
320.577: Application time: 0.0650470 seconds
320.578: [GC320.578: [ParNew: 37260K->4159K(37632K), 0.0017090 secs] 56697K->25732K(121024K), 0.0017430 secs] [Times: user=0.01 sys=0.00, real=0.01 secs] 
320.579: Total time for which application threads were stopped: 0.0018990 seconds, Stopping threads took: 0.0000980 seconds
320.640: Application time: 0.0610180 seconds
320.641: [GC320.641: [ParNew: 37042K->4148K(37632K), 0.0017060 secs] 58614K->27817K(121024K), 0.0017420 secs] [Times: user=0.01 sys=0.00, real=0.00 secs] 
320.642: Total time for which application threads were stopped: 0.0019350 seconds, Stopping threads took: 0.0001350 seconds
320.703: Application time: 0.0603570 seconds
320.703: [GC320.703: [ParNew: 36750K->4148K(37632K), 0.0013980 secs] 60419K->28889K(121024K), 0.0014310 secs] [Times: user=0.02 sys=0.00, real=0.00 secs] 
320.704: Total time for which application threads were stopped: 0.0015710 seconds, Stopping threads took: 0.0000740 seconds
320.768: Application time: 0.0636750 seconds
320.768: [GC320.768: [ParNew: 36939K->4118K(37632K), 0.0011370 secs] 61679K->28859K(121024K), 0.0011670 secs] [Times: user=0.01 sys=0.00, real=0.00 secs] 
320.769: Total time for which application threads were stopped: 0.0012890 seconds, Stopping threads took: 0.0000640 seconds
320.828: Application time: 0.0591910 seconds
320.829: [GC320.829: [ParNew: 36583K->4133K(37632K), 0.0013280 secs] 61324K->29897K(121024K), 0.0013620 secs] [Times: user=0.01 sys=0.00, real=0.00 secs] 
320.830: Total time for which application threads were stopped: 0.0015040 seconds, Stopping threads took: 0.0000850 seconds
320.889: Application time: 0.0594240 seconds
320.889: [GC320.889: [ParNew: 36702K->4136K(37632K), 0.0011490 secs] 62466K->29901K(121024K), 0.0011800 secs] [Times: user=0.01 sys=0.00, real=0.01 secs] 
320.891: Total time for which application threads were stopped: 0.0013200 seconds, Stopping threads took: 0.0000860 seconds
320.947: Application time: 0.0562480 seconds
320.947: [GC320.947: [ParNew: 36748K->4132K(37632K), 0.0017420 secs] 62513K->31945K(121024K), 0.0017760 secs] [Times: user=0.02 sys=0.00, real=0.00 secs] 
320.949: Total time for which application threads were stopped: 0.0018970 seconds, Stopping threads took: 0.0000650 seconds
321.011: Application time: 0.0619530 seconds
321.011: [GC321.011: [ParNew: 37094K->4143K(37632K), 0.0016640 secs] 64907K->34004K(121024K), 0.0017000 secs] [Times: user=0.01 sys=0.00, real=0.00 secs] 
321.013: Total time for which application threads were stopped: 0.0018110 seconds, Stopping threads took: 0.0000540 seconds
321.074: Application time: 0.0618950 seconds
321.075: [GC321.075: [ParNew: 37107K->4158K(37632K), 0.0014500 secs] 66968K->35107K(121024K), 0.0014800 secs] [Times: user=0.01 sys=0.00, real=0.00 secs] 
321.076: Total time for which application threads were stopped: 0.0016100 seconds, Stopping threads took: 0.0000690 seconds
321.137: Application time: 0.0607680 seconds
321.137: [GC321.137: [ParNew: 37185K->4158K(37632K), 0.0016880 secs] 68134K->37243K(121024K), 0.0017210 secs] [Times: user=0.01 sys=0.00, real=0.01 secs] 
321.139: Total time for which application threads were stopped: 0.0018710 seconds, Stopping threads took: 0.0000860 seconds
321.201: Application time: 0.0624120 seconds
321.201: [GC321.201: [ParNew: 37207K->4156K(37632K), 0.0016230 secs] 70292K->39377K(121024K), 0.0016600 secs] [Times: user=0.02 sys=0.00, real=0.00 secs] 
321.203: Total time for which application threads were stopped: 0.0018120 seconds, Stopping threads took: 0.0000950 seconds
321.263: Application time: 0.0603400 seconds
321.263: [GC321.263: [ParNew: 37024K->4158K(37632K), 0.0016620 secs] 72245K->41507K(121024K), 0.0016960 secs] [Times: user=0.01 sys=0.00, real=0.00 secs] 
321.265: Total time for which application threads were stopped: 0.0018480 seconds, Stopping threads took: 0.0000820 seconds
321.330: Application time: 0.0644220 seconds
321.330: [GC321.330: [ParNew: 37150K->3126K(37632K), 0.0009030 secs] 74499K->40524K(121024K), 0.0009330 secs] [Times: user=0.00 sys=0.00, real=0.01 secs] 
321.331: Total time for which application threads were stopped: 0.0010530 seconds, Stopping threads took: 0.0000650 seconds
321.390: Application time: 0.0596200 seconds
321.390: [GC321.390: [ParNew: 35725K->4111K(37632K), 0.0013590 secs] 73122K->42588K(121024K), 0.0013940 secs] [Times: user=0.01 sys=0.00, real=0.01 secs] 
321.392: Total time for which application threads were stopped: 0.0015390 seconds, Stopping threads took: 0.0000870 seconds
321.453: Application time: 0.0616190 seconds
321.454: [GC321.454: [ParNew: 36778K->3110K(37632K), 0.0009430 secs] 75255K->41587K(121024K), 0.0009720 secs] [Times: user=0.01 sys=0.00, real=0.00 secs] 
321.455: Total time for which application threads were stopped: 0.0010770 seconds, Stopping threads took: 0.0000470 seconds
321.514: Application time: 0.0592460 seconds
321.514: [GC321.514: [ParNew: 36582K->4134K(37632K), 0.0013170 secs] 75059K->43635K(121024K), 0.0013540 secs] [Times: user=0.01 sys=0.00, real=0.00 secs] 
321.515: Total time for which application threads were stopped: 0.0014930 seconds, Stopping threads took: 0.0000840 seconds
321.577: Application time: 0.0615920 seconds
321.577: [GC321.577: [ParNew: 36958K->4117K(37632K), 0.0013510 secs] 76459K->44642K(121024K), 0.0013800 secs] [Times: user=0.01 sys=0.00, real=0.00 secs] 
321.578: Total time for which application threads were stopped: 0.0015080 seconds, Stopping threads took: 0.0000730 seconds
321.638: Application time: 0.0592830 seconds
321.638: [GC321.638: [ParNew: 36812K->4112K(37632K), 0.0016950 secs] 77337K->46686K(121024K), 0.0017260 secs] [Times: user=0.01 sys=0.00, real=0.01 secs] 
321.640: Total time for which application threads were stopped: 0.0018890 seconds, Stopping threads took: 0.0001060 seconds
321.699: Application time: 0.0598140 seconds
321.699: [GC321.699: [ParNew: 36936K->4158K(37632K), 0.0017380 secs] 79509K->48779K(121024K), 0.0017690 secs] [Times: user=0.01 sys=0.00, real=0.00 secs] 
321.701: Total time for which application threads were stopped: 0.0018970 seconds, Stopping threads took: 0.0000700 seconds
321.766: Application time: 0.0650530 seconds
321.766: [GC321.766: [ParNew: 37238K->4147K(37632K), 0.0013900 secs] 81859K->49856K(121024K), 0.0014220 secs] [Times: user=0.01 sys=0.00, real=0.00 secs] 
321.768: Total time for which application threads were stopped: 0.0015600 seconds, Stopping threads took: 0.0000730 seconds
321.824: Application time: 0.0560310 seconds
321.824: [GC321.824: [ParNew: 36893K->4158K(37632K), 0.0017270 secs] 82602K->51979K(121024K), 0.0017600 secs] [Times: user=0.01 sys=0.00, real=0.00 secs] 
321.826: Total time for which application threads were stopped: 0.0019180 seconds, Stopping threads took: 0.0001000 seconds
321.890: Application time: 0.0646000 seconds
321.891: [GC321.891: [ParNew: 37338K->4152K(37632K), 0.0016430 secs] 85160K->54126K(121024K), 0.0016800 secs] [Times: user=0.01 sys=0.01, real=0.01 secs] 
321.892: Total time for which application threads were stopped: 0.0018270 seconds, Stopping threads took: 0.0000890 seconds
321.955: Application time: 0.0626000 seconds
321.955: [GC321.955: [ParNew: 37095K->4158K(37632K), 0.0016400 secs] 87069K->56275K(121024K), 0.0016820 secs] [Times: user=0.01 sys=0.00, real=0.00 secs] 
321.957: Total time for which application threads were stopped: 0.0018090 seconds, Stopping threads took: 0.0000670 seconds
322.016: Application time: 0.0590550 seconds
322.016: [GC322.016: [ParNew: 36701K->4159K(37632K), 0.0011320 secs] 88819K->56340K(121024K), 0.0011640 secs] [Times: user=0.01 sys=0.00, real=0.00 secs] 
322.017: Total time for which application threads were stopped: 0.0012920 seconds, Stopping threads took: 0.0000740 seconds
322.078: Application time: 0.0608410 seconds
322.078: [GC322.078: [ParNew: 36821K->4116K(37632K), 0.0013770 secs] 89003K->57386K(121024K), 0.0014070 secs] [Times: user=0.01 sys=0.00, real=0.01 secs] 
322.079: Total time for which application threads were stopped: 0.0015420 seconds, Stopping threads took: 0.0000800 seconds
322.136: Application time: 0.0569940 seconds
322.136: [GC322.137: [ParNew: 37588K->4116K(37632K), 0.0017480 secs] 90858K->59434K(121024K), 0.0017810 secs] [Times: user=0.02 sys=0.00, real=0.00 secs] 
322.138: Total time for which application threads were stopped: 0.0019030 seconds, Stopping threads took: 0.0000630 seconds
322.199: Application time: 0.0604110 seconds
322.199: [GC322.199: [ParNew: 36904K->4112K(37632K), 0.0019780 secs] 92222K->62501K(121024K), 0.0020130 secs] [Times: user=0.02 sys=0.00, real=0.00 secs] 
322.201: Total time for which application threads were stopped: 0.0021330 seconds, Stopping threads took: 0.0000620 seconds
322.265: Application time: 0.0645380 seconds
322.265: [GC322.266: [ParNew: 37093K->4130K(37632K), 0.0016760 secs] 95483K->64568K(121024K), 0.0017130 secs] [Times: user=0.01 sys=0.00, real=0.00 secs] 
322.267: Total time for which application threads were stopped: 0.0018430 seconds, Stopping threads took: 0.0000700 seconds
322.327: Application time: 0.0598830 seconds
322.327: [GC322.327: [ParNew: 36893K->4114K(37632K), 0.0017370 secs] 97331K->66600K(121024K), 0.0017680 secs] [Times: user=0.01 sys=0.00, real=0.00 secs] 
322.329: Total time for which application threads were stopped: 0.0019210 seconds, Stopping threads took: 0.0000890 seconds
322.389: Application time: 0.0595070 seconds
322.389: [GC322.389: [ParNew: 36982K->4142K(37632K), 0.0017060 secs] 99468K->68676K(121024K), 0.0017380 secs] [Times: user=0.01 sys=0.00, real=0.00 secs] 
322.390: Total time for which application threads were stopped: 0.0018870 seconds, Stopping threads took: 0.0000900 seconds
322.456: Application time: 0.0657600 seconds
322.456: [GC322.456: [ParNew: 37215K->4158K(37632K), 0.0014630 secs] 101749K->69780K(121024K), 0.0014920 secs] [Times: user=0.01 sys=0.00, real=0.00 secs] 
322.458: Total time for which application threads were stopped: 0.0016390 seconds, Stopping threads took: 0.0000920 seconds
322.513: Application time: 0.0551750 seconds
322.513: [GC322.513: [ParNew: 36761K->4154K(37632K), 0.0016940 secs] 102383K->71904K(121024K), 0.0017290 secs] [Times: user=0.02 sys=0.00, real=0.00 secs] 
322.515: Total time for which application threads were stopped: 0.0018600 seconds, Stopping threads took: 0.0000730 seconds
322.581: Application time: 0.0658660 seconds
322.581: [GC322.581: [ParNew: 37345K->4158K(37632K), 0.0014350 secs] 105095K->73036K(121024K), 0.0014700 secs] [Times: user=0.01 sys=0.00, real=0.00 secs] 
322.582: Total time for which application threads were stopped: 0.0016200 seconds, Stopping threads took: 0.0000920 seconds
322.643: Application time: 0.0605540 seconds
322.647: [GC322.647: [ParNew: 37030K->4156K(37632K), 0.0017440 secs] 105909K->75146K(121024K), 0.0017790 secs] [Times: user=0.02 sys=0.00, real=0.00 secs] 
322.648: Total time for which application threads were stopped: 0.0055800 seconds, Stopping threads took: 0.0037410 seconds
322.707: Application time: 0.0589540 seconds
322.708: [GC322.708: [ParNew: 36731K->4146K(37632K), 0.0015110 secs] 107721K->76232K(121024K), 0.0015460 secs] [Times: user=0.01 sys=0.00, real=0.00 secs] 
322.709: Total time for which application threads were stopped: 0.0017200 seconds, Stopping threads took: 0.0001150 seconds
322.771: Application time: 0.0622500 seconds
322.772: [GC322.772: [ParNew: 36942K->4116K(37632K), 0.0013620 secs] 109029K->77266K(121024K), 0.0014030 secs] [Times: user=0.01 sys=0.00, real=0.00 secs] 
322.773: Total time for which application threads were stopped: 0.0015480 seconds, Stopping threads took: 0.0000900 seconds
322.830: Application time: 0.0573740 seconds
322.830: [GC322.830: [ParNew: 36605K->4130K(37632K), 0.0015470 secs] 109755K->78304K(121024K), 0.0015830 secs] [Times: user=0.01 sys=0.01, real=0.01 secs] 
322.832: Total time for which application threads were stopped: 0.0017310 seconds, Stopping threads took: 0.0000790 seconds
322.894: Application time: 0.0617040 seconds
322.894: [GC322.894: [ParNew: 36892K->4114K(37632K), 0.0016580 secs] 111066K->80336K(121024K), 0.0016950 secs] [Times: user=0.01 sys=0.00, real=0.00 secs] 
322.896: Total time for which application threads were stopped: 0.0018530 seconds, Stopping threads took: 0.0000990 seconds
322.955: Application time: 0.0594830 seconds
322.955: [GC322.955: [ParNew: 36920K->4117K(37632K), 0.0014130 secs] 113142K->81364K(121024K), 0.0014440 secs] [Times: user=0.01 sys=0.00, real=0.00 secs] 
322.957: Total time for which application threads were stopped: 0.0016340 seconds, Stopping threads took: 0.0001320 seconds
323.017: Application time: 0.0606070 seconds
323.017: [GC323.018: [ParNew: 36882K->4113K(37632K), 0.0016890 secs] 114129K->83407K(121024K), 0.0017230 secs] [Times: user=0.01 sys=0.00, real=0.01 secs] 
323.019: Total time for which application threads were stopped: 0.0018640 seconds, Stopping threads took: 0.0000850 seconds
323.083: Application time: 0.0632830 seconds
323.087: [GC323.087: [ParNew: 37151K->4156K(37632K), 0.0014060 secs] 116445K->84474K(121024K), 0.0014370 secs] [Times: user=0.01 sys=0.00, real=0.00 secs] 
323.088: Total time for which application threads were stopped: 0.0057380 seconds, Stopping threads took: 0.0042200 seconds
323.150: Application time: 0.0621640 seconds
323.151: [GC323.151: [ParNew: 37021K->4158K(37632K), 0.0013810 secs] 117340K->85588K(121024K), 0.0014180 secs] [Times: user=0.01 sys=0.00, real=0.01 secs] 
323.152: Total time for which application threads were stopped: 0.0015640 seconds, Stopping threads took: 0.0000890 seconds
323.209: Application time: 0.0574590 seconds
323.210: [GC323.210: [ParNew: 36874K->4156K(37632K), 0.0017140 secs]323.211: [Tenured: 83534K->12250K(84420K), 0.0087120 secs] 118305K->12250K(122052K), [Perm : 5530K->5530K(21248K)], 0.0105080 secs] [Times: user=0.02 sys=0.00, real=0.02 secs] 
323.220: Total time for which application threads were stopped: 0.0106480 seconds, Stopping threads took: 0.0000750 seconds
323.283: Application time: 0.0632510 seconds
323.283: [GC323.283: [ParNew: 33166K->4156K(37632K), 0.0018670 secs] 45416K->18486K(121024K), 0.0019000 secs] [Times: user=0.01 sys=0.00, real=0.00 secs] 
323.285: Total time for which application threads were stopped: 0.0020350 seconds, Stopping threads took: 0.0000770 seconds
323.348: Application time: 0.0621200 seconds
323.348: [GC323.348: [ParNew: 37127K->4158K(37632K), 0.0014440 secs] 51458K->19600K(121024K), 0.0014770 secs] [Times: user=0.01 sys=0.00, real=0.00 secs] 
323.349: Total time for which application threads were stopped: 0.0016300 seconds, Stopping threads took: 0.0000890 seconds
323.408: Application time: 0.0592630 seconds
323.409: [GC323.409: [ParNew: 36690K->4155K(37632K), 0.0011150 secs] 52133K->19637K(121024K), 0.0011480 secs] [Times: user=0.00 sys=0.00, real=0.00 secs] 
323.410: Total time for which application threads were stopped: 0.0013060 seconds, Stopping threads took: 0.0001020 seconds
323.473: Application time: 0.0633690 seconds
323.473: [GC323.473: [ParNew: 36929K->3109K(37632K), 0.0008770 secs] 52411K->18631K(121024K), 0.0009050 secs] [Times: user=0.01 sys=0.00, real=0.00 secs] 
323.474: Total time for which application threads were stopped: 0.0010290 seconds, Stopping threads took: 0.0000690 seconds
323.529: Application time: 0.0547810 seconds
323.529: [GC323.529: [ParNew: 36468K->4114K(37632K), 0.0018030 secs] 51991K->21684K(121024K), 0.0018490 secs] [Times: user=0.02 sys=0.00, real=0.01 secs] 
323.531: Total time for which application threads were stopped: 0.0019950 seconds, Stopping threads took: 0.0000870 seconds
323.596: Application time: 0.0651400 seconds
323.596: [GC323.596: [ParNew: 37081K->4112K(37632K), 0.0015950 secs] 54652K->23731K(121024K), 0.0016300 secs] [Times: user=0.01 sys=0.00, real=0.00 secs] 
323.598: Total time for which application threads were stopped: 0.0017710 seconds, Stopping threads took: 0.0000820 seconds
323.656: Application time: 0.0579720 seconds
323.656: [GC323.656: [ParNew: 36863K->4110K(37632K), 0.0017090 secs] 56481K->25777K(121024K), 0.0017410 secs] [Times: user=0.01 sys=0.00, real=0.00 secs] 
323.658: Total time for which application threads were stopped: 0.0018790 seconds, Stopping threads took: 0.0000800 seconds
323.721: Application time: 0.0635230 seconds
323.721: [GC323.721: [ParNew: 37034K->4126K(37632K), 0.0014110 secs] 58700K->26817K(121024K), 0.0014420 secs] [Times: user=0.01 sys=0.00, real=0.00 secs] 
323.723: Total time for which application threads were stopped: 0.0015710 seconds, Stopping threads took: 0.0000730 seconds
323.783: Application time: 0.0597930 seconds
323.783: [GC323.783: [ParNew: 36754K->4147K(37632K), 0.0013390 secs] 59444K->27862K(121024K), 0.0013700 secs] [Times: user=0.01 sys=0.00, real=0.00 secs] 
323.784: Total time for which application threads were stopped: 0.0015010 seconds, Stopping threads took: 0.0000760 seconds
323.846: Application time: 0.0621100 seconds
323.846: [GC323.846: [ParNew: 37083K->4158K(37632K), 0.0017250 secs] 60798K->29993K(121024K), 0.0017590 secs] [Times: user=0.01 sys=0.00, real=0.00 secs] 
323.848: Total time for which application threads were stopped: 0.0018920 seconds, Stopping threads took: 0.0000740 seconds
323.907: Application time: 0.0594250 seconds
323.908: [GC323.908: [ParNew: 37107K->4152K(37632K), 0.0017110 secs] 62942K->32114K(121024K), 0.0017450 secs] [Times: user=0.01 sys=0.00, real=0.00 secs] 
323.909: Total time for which application threads were stopped: 0.0019650 seconds, Stopping threads took: 0.0001500 seconds
323.970: Application time: 0.0605330 seconds
323.970: [GC323.970: [ParNew: 37114K->4158K(37632K), 0.0017090 secs] 65076K->34269K(121024K), 0.0017460 secs] [Times: user=0.01 sys=0.00, real=0.01 secs] 
323.972: Total time for which application threads were stopped: 0.0018850 seconds, Stopping threads took: 0.0000820 seconds
324.035: Application time: 0.0629650 seconds
324.035: [GC324.035: [ParNew: 37130K->4143K(37632K), 0.0014450 secs] 67241K->35342K(121024K), 0.0014780 secs] [Times: user=0.02 sys=0.00, real=0.00 secs] 
324.036: Total time for which application threads were stopped: 0.0016080 seconds, Stopping threads took: 0.0000720 seconds
324.095: Application time: 0.0582410 seconds
324.095: [GC324.095: [ParNew: 36709K->4144K(37632K), 0.0015290 secs] 67908K->36415K(121024K), 0.0015610 secs] [Times: user=0.01 sys=0.00, real=0.00 secs] 
324.096: Total time for which application threads were stopped: 0.0017830 seconds, Stopping threads took: 0.0001640 seconds
324.162: Application time: 0.0654690 seconds
324.162: [GC324.162: [ParNew: 37097K->3111K(37632K), 0.0008920 secs] 69368K->35422K(121024K), 0.0009210 secs] [Times: user=0.01 sys=0.00, real=0.00 secs] 
324.163: Total time for which application threads were stopped: 0.0010350 seconds, Stopping threads took: 0.0000610 seconds
324.218: Application time: 0.0550740 seconds
324.218: [GC324.218: [ParNew: 36497K->4131K(37632K), 0.0013990 secs] 68808K->37466K(121024K), 0.0014310 secs] [Times: user=0.01 sys=0.00, real=0.01 secs] 
324.220: Total time for which application threads were stopped: 0.0015770 seconds, Stopping threads took: 0.0000900 seconds
324.284: Application time: 0.0645420 seconds
324.284: [GC324.284: [ParNew: 37013K->4110K(37632K), 0.0013860 secs] 70348K->38469K(121024K), 0.0014150 secs] [Times: user=0.01 sys=0.00, real=0.00 secs] 
324.286: Total time for which application threads were stopped: 0.0015440 seconds, Stopping threads took: 0.0000730 seconds
324.345: Application time: 0.0596620 seconds
324.346: [GC324.346: [ParNew: 36947K->4116K(37632K), 0.0016080 secs] 71306K->40523K(121024K), 0.0016500 secs] [Times: user=0.01 sys=0.00, real=0.00 secs] 
324.347: Total time for which application threads were stopped: 0.0018060 seconds, Stopping threads took: 0.0000950 seconds
324.413: Application time: 0.0654320 seconds
324.413: [GC324.413: [ParNew: 37124K->4126K(37632K), 0.0017520 secs] 73531K->42581K(121024K), 0.0017880 secs] [Times: user=0.01 sys=0.00, real=0.00 secs] 
324.415: Total time for which application threads were stopped: 0.0019210 seconds, Stopping threads took: 0.0000640 seconds
324.475: Application time: 0.0609200 seconds
324.476: [GC324.476: [ParNew: 36986K->4147K(37632K), 0.0015500 secs] 75441K->44666K(121024K), 0.0015830 secs] [Times: user=0.01 sys=0.00, real=0.00 secs] 
324.477: Total time for which application threads were stopped: 0.0017050 seconds, Stopping threads took: 0.0000650 seconds
324.538: Application time: 0.0606130 seconds
324.538: [GC324.538: [ParNew: 37030K->4158K(37632K), 0.0013860 secs] 77549K->45777K(121024K), 0.0014210 secs] [Times: user=0.01 sys=0.00, real=0.01 secs] 
324.539: Total time for which application threads were stopped: 0.0015940 seconds, Stopping threads took: 0.0001140 seconds
324.603: Application time: 0.0639360 seconds
324.603: [GC324.603: [ParNew: 37165K->4144K(37632K), 0.0013800 secs] 78784K->46851K(121024K), 0.0014120 secs] [Times: user=0.01 sys=0.00, real=0.00 secs] 
324.605: Total time for which application threads were stopped: 0.0015580 seconds, Stopping threads took: 0.0000900 seconds
324.666: Application time: 0.0606480 seconds
324.666: [GC324.666: [ParNew: 37013K->4159K(37632K), 0.0014640 secs] 79720K->47998K(121024K), 0.0014960 secs] [Times: user=0.01 sys=0.00, real=0.00 secs] 
324.667: Total time for which application threads were stopped: 0.0016170 seconds, Stopping threads took: 0.0000640 seconds
324.728: Application time: 0.0610360 seconds
324.728: [GC324.728: [ParNew: 36829K->4158K(37632K), 0.0013290 secs] 80669K->49078K(121024K), 0.0013600 secs] [Times: user=0.01 sys=0.00, real=0.00 secs] 
324.730: Total time for which application threads were stopped: 0.0014790 seconds, Stopping threads took: 0.0000600 seconds
324.789: Application time: 0.0595100 seconds
324.789: [GC324.789: [ParNew: 36757K->4159K(37632K), 0.0011190 secs] 81676K->49159K(121024K), 0.0011490 secs] [Times: user=0.01 sys=0.00, real=0.00 secs] 
324.791: Total time for which application threads were stopped: 0.0012970 seconds, Stopping threads took: 0.0000920 seconds
324.847: Application time: 0.0568940 seconds
324.848: [GC324.848: [ParNew: 36627K->4114K(37632K), 0.0014180 secs] 81627K->50178K(121024K), 0.0014490 secs] [Times: user=0.01 sys=0.00, real=0.00 secs] 
324.849: Total time for which application threads were stopped: 0.0016070 seconds, Stopping threads took: 0.0001010 seconds
324.906: Application time: 0.0565400 seconds
324.906: [GC324.906: [ParNew: 36748K->4116K(37632K), 0.0016450 secs] 82811K->52227K(121024K), 0.0016810 secs] [Times: user=0.01 sys=0.00, real=0.00 secs] 
324.907: Total time for which application threads were stopped: 0.0018290 seconds, Stopping threads took: 0.0000900 seconds
324.971: Application time: 0.0636350 seconds
324.971: [GC324.971: [ParNew: 37092K->4111K(37632K), 0.0020350 secs] 85204K->55295K(121024K), 0.0020700 secs] [Times: user=0.02 sys=0.00, real=0.00 secs] 
324.973: Total time for which application threads were stopped: 0.0022180 seconds, Stopping threads took: 0.0000810 seconds
325.034: Application time: 0.0607120 seconds
325.034: [GC325.034: [ParNew: 37027K->4113K(37632K), 0.0016600 secs] 88211K->57345K(121024K), 0.0016930 secs] [Times: user=0.01 sys=0.00, real=0.00 secs] 
325.036: Total time for which application threads were stopped: 0.0018300 seconds, Stopping threads took: 0.0000800 seconds
325.098: Application time: 0.0624040 seconds
325.098: [GC325.098: [ParNew: 37045K->4110K(37632K), 0.0018480 secs] 90277K->59390K(121024K), 0.0018800 secs] [Times: user=0.02 sys=0.00, real=0.01 secs] 
325.100: Total time for which application threads were stopped: 0.0020200 seconds, Stopping threads took: 0.0000720 seconds
325.161: Application time: 0.0612000 seconds
325.162: [GC325.162: [ParNew: 36999K->4144K(37632K), 0.0014980 secs] 92278K->60448K(121024K), 0.0015880 secs] [Times: user=0.00 sys=0.00, real=0.00 secs] 
325.163: Total time for which application threads were stopped: 0.0017560 seconds, Stopping threads took: 0.0001060 seconds
325.228: Application time: 0.0646110 seconds
325.228: [GC325.228: [ParNew: 37266K->4158K(37632K), 0.0011360 secs] 93570K->60550K(121024K), 0.0011660 secs] [Times: user=0.01 sys=0.00, real=0.00 secs] 
325.229: Total time for which application threads were stopped: 0.0013090 seconds, Stopping threads took: 0.0000860 seconds
325.288: Application time: 0.0591260 seconds
325.288: [GC325.288: [ParNew: 36777K->4145K(37632K), 0.0014160 secs] 93169K->61632K(121024K), 0.0014500 secs] [Times: user=0.01 sys=0.00, real=0.00 secs] 
325.290: Total time for which application threads were stopped: 0.0016000 seconds, Stopping threads took: 0.0000910 seconds
325.352: Application time: 0.0622610 seconds
325.352: [GC325.352: [ParNew: 37070K->4158K(37632K), 0.0014420 secs] 94558K->62766K(121024K), 0.0014720 secs] [Times: user=0.01 sys=0.00, real=0.00 secs] 
325.354: Total time for which application threads were stopped: 0.0016040 seconds, Stopping threads took: 0.0000770 seconds
325.413: Application time: 0.0589680 seconds
325.413: [GC325.413: [ParNew: 36814K->4157K(37632K), 0.0012340 secs] 95421K->62829K(121024K), 0.0012640 secs] [Times: user=0.01 sys=0.00, real=0.00 secs] 
325.414: Total time for which application threads were stopped: 0.0013850 seconds, Stopping threads took: 0.0000640 seconds
325.472: Application time: 0.0581440 seconds
325.472: [GC325.472: [ParNew: 36636K->4148K(37632K), 0.0014480 secs] 95307K->63892K(121024K), 0.0014780 secs] [Times: user=0.01 sys=0.00, real=0.00 secs] 
325.474: Total time for which application threads were stopped: 0.0016010 seconds, Stopping threads took: 0.0000580 seconds
325.534: Application time: 0.0602940 seconds
325.534: [GC325.534: [ParNew: 36784K->4128K(37632K), 0.0015870 secs] 96528K->65976K(121024K), 0.0016200 secs] [Times: user=0.01 sys=0.00, real=0.00 secs] 
325.536: Total time for which application threads were stopped: 0.0017350 seconds, Stopping threads took: 0.0000580 seconds
325.595: Application time: 0.0589880 seconds
325.595: [GC325.595: [ParNew: 36882K->4112K(37632K), 0.0019320 secs] 98730K->69032K(121024K), 0.0019670 secs] [Times: user=0.01 sys=0.00, real=0.00 secs] 
325.597: Total time for which application threads were stopped: 0.0021180 seconds, Stopping threads took: 0.0000950 seconds
325.656: Application time: 0.0592380 seconds
325.656: [GC325.656: [ParNew: 37010K->4112K(37632K), 0.0019170 secs] 101930K->72104K(121024K), 0.0019510 secs] [Times: user=0.02 sys=0.00, real=0.00 secs] 
325.658: Total time for which application threads were stopped: 0.0020790 seconds, Stopping threads took: 0.0000690 seconds
325.721: Application time: 0.0628180 seconds
325.721: [GC325.721: [ParNew: 37058K->4114K(37632K), 0.0020120 secs] 105050K->75178K(121024K), 0.0020450 secs] [Times: user=0.02 sys=0.00, real=0.00 secs] 
325.723: Total time for which application threads were stopped: 0.0022250 seconds, Stopping threads took: 0.0001220 seconds
325.786: Application time: 0.0630450 seconds
325.786: [GC325.786: [ParNew: 37069K->4132K(37632K), 0.0016980 secs] 108133K->77244K(121024K), 0.0017290 secs] [Times: user=0.01 sys=0.00, real=0.00 secs] 
325.788: Total time for which application threads were stopped: 0.0018770 seconds, Stopping threads took: 0.0000920 seconds
325.851: Application time: 0.0632070 seconds
325.852: [GC325.852: [ParNew: 37075K->4159K(37632K), 0.0014230 secs] 110187K->78327K(121024K), 0.0014550 secs] [Times: user=0.01 sys=0.00, real=0.00 secs] 
325.853: Total time for which application threads were stopped: 0.0015900 seconds, Stopping threads took: 0.0000780 seconds
325.913: Application time: 0.0604340 seconds
325.914: [GC325.914: [ParNew: 36839K->4159K(37632K), 0.0011710 secs] 111007K->78391K(121024K), 0.0012110 secs] [Times: user=0.01 sys=0.00, real=0.00 secs] 
325.915: Total time for which application threads were stopped: 0.0013690 seconds, Stopping threads took: 0.0001030 seconds
325.975: Application time: 0.0596900 seconds
325.975: [GC325.975: [ParNew: 36953K->4140K(37632K), 0.0020510 secs] 111185K->81516K(121024K), 0.0020850 secs] [Times: user=0.01 sys=0.00, real=0.00 secs] 
325.977: Total time for which application threads were stopped: 0.0022840 seconds, Stopping threads took: 0.0001320 seconds
326.041: Application time: 0.0642200 seconds
326.041: [GC326.041: [ParNew: 37297K->4153K(37632K), 0.0016860 secs] 114673K->83650K(121024K), 0.0017210 secs] [Times: user=0.01 sys=0.00, real=0.00 secs] 
326.043: Total time for which application threads were stopped: 0.0018680 seconds, Stopping threads took: 0.0000900 seconds
326.103: Application time: 0.0601900 seconds
326.103: [GC326.103: [ParNew: 36869K->4158K(37632K), 0.0011600 secs] 116365K->83758K(121024K), 0.0011900 secs] [Times: user=0.01 sys=0.00, real=0.00 secs] 
326.104: Total time for which application threads were stopped: 0.0013330 seconds, Stopping threads took: 0.0000890 seconds
326.168: Application time: 0.0631930 seconds
326.168: [GC326.168: [ParNew: 36992K->1097K(37632K), 0.0006100 secs] 116592K->80730K(121024K), 0.0006360 secs] [Times: user=0.00 sys=0.00, real=0.00 secs] 
326.168: Total time for which application threads were stopped: 0.0007760 seconds, Stopping threads took: 0.0000930 seconds
326.223: Application time: 0.0550680 seconds
326.224: [GC326.224: [ParNew: 34216K->4140K(37632K), 0.0014540 secs] 113848K->84796K(121024K), 0.0014880 secs] [Times: user=0.01 sys=0.00, real=0.00 secs] 
326.225: Total time for which application threads were stopped: 0.0016360 seconds, Stopping threads took: 0.0000900 seconds
326.287: Application time: 0.0623720 seconds
326.288: [GC326.288: [ParNew: 37074K->4116K(37632K), 0.0020180 secs]326.290: [Tenured: 83792K->13392K(84420K), 0.0090400 secs] 117730K->13392K(122052K), [Perm : 5530K->5530K(21248K)], 0.0111490 secs] [Times: user=0.03 sys=0.00, real=0.02 secs] 
326.299: Total time for which application threads were stopped: 0.0112740 seconds, Stopping threads took: 0.0000630 seconds
326.358: Application time: 0.0595190 seconds
326.358: [GC326.358: [ParNew: 32862K->4112K(37632K), 0.0018880 secs] 46255K->20576K(121024K), 0.0019220 secs] [Times: user=0.01 sys=0.00, real=0.01 secs] 
326.360: Total time for which application threads were stopped: 0.0020510 seconds, Stopping threads took: 0.0000730 seconds
326.421: Application time: 0.0606860 seconds
326.421: [GC326.421: [ParNew: 37042K->4113K(37632K), 0.0017910 secs] 53507K->22626K(121024K), 0.0018270 secs] [Times: user=0.01 sys=0.00, real=0.00 secs] 
326.423: Total time for which application threads were stopped: 0.0020680 seconds, Stopping threads took: 0.0001830 seconds
326.490: Application time: 0.0666300 seconds
326.490: [GC326.490: [ParNew: 37104K->3129K(37632K), 0.0008080 secs] 55617K->21641K(121024K), 0.0008410 secs] [Times: user=0.00 sys=0.00, real=0.01 secs] 
326.491: Total time for which application threads were stopped: 0.0009800 seconds, Stopping threads took: 0.0000760 seconds
326.552: Application time: 0.0608020 seconds
326.552: [GC326.552: [ParNew: 35811K->4151K(37632K), 0.0013130 secs] 54324K->23687K(121024K), 0.0013480 secs] [Times: user=0.00 sys=0.00, real=0.00 secs] 
326.553: Total time for which application threads were stopped: 0.0014750 seconds, Stopping threads took: 0.0000700 seconds
326.613: Application time: 0.0599740 seconds
326.613: [GC326.613: [ParNew: 36851K->4158K(37632K), 0.0016940 secs] 56387K->25807K(121024K), 0.0017290 secs] [Times: user=0.00 sys=0.01, real=0.00 secs] 
326.615: Total time for which application threads were stopped: 0.0018530 seconds, Stopping threads took: 0.0000670 seconds
326.672: Application time: 0.0569390 seconds
326.672: [GC326.672: [ParNew: 36890K->4153K(37632K), 0.0017080 secs] 58539K->27930K(121024K), 0.0017400 secs] [Times: user=0.01 sys=0.00, real=0.00 secs] 
326.674: Total time for which application threads were stopped: 0.0019170 seconds, Stopping threads took: 0.0000990 seconds
326.736: Application time: 0.0627370 seconds
326.737: [GC326.737: [ParNew: 37297K->4158K(37632K), 0.0016880 secs] 61074K->30079K(121024K), 0.0017180 secs] [Times: user=0.01 sys=0.00, real=0.00 secs] 
326.738: Total time for which application threads were stopped: 0.0018770 seconds, Stopping threads took: 0.0001010 seconds
326.801: Application time: 0.0630890 seconds
326.802: [GC326.802: [ParNew: 37154K->4142K(37632K), 0.0019200 secs] 63075K->33207K(121024K), 0.0019530 secs] [Times: user=0.02 sys=0.00, real=0.00 secs] 
326.803: Total time for which application threads were stopped: 0.0020920 seconds, Stopping threads took: 0.0000840 seconds
326.867: Application time: 0.0630690 seconds
326.867: [GC326.867: [ParNew: 37090K->4159K(37632K), 0.0011010 secs] 66155K->33304K(121024K), 0.0011340 secs] [Times: user=0.01 sys=0.00, real=0.00 secs] 
326.868: Total time for which application threads were stopped: 0.0012750 seconds, Stopping threads took: 0.0000830 seconds
326.929: Application time: 0.0611990 seconds
326.929: [GC326.929: [ParNew: 37631K->3133K(37632K), 0.0008670 secs] 66776K->32335K(121024K), 0.0008960 secs] [Times: user=0.01 sys=0.00, real=0.00 secs] 
326.930: Total time for which application threads were stopped: 0.0010200 seconds, Stopping threads took: 0.0000700 seconds
326.988: Application time: 0.0582000 seconds
326.988: [GC326.988: [ParNew: 36605K->4110K(37632K), 0.0020100 secs] 65807K->36391K(121024K), 0.0020430 secs] [Times: user=0.01 sys=0.00, real=0.00 secs] 
326.990: Total time for which application threads were stopped: 0.0021970 seconds, Stopping threads took: 0.0000980 seconds
327.053: Application time: 0.0621660 seconds
327.053: [GC327.053: [ParNew: 37072K->4112K(37632K), 0.0019370 secs] 69353K->39465K(121024K), 0.0019690 secs] [Times: user=0.02 sys=0.00, real=0.00 secs] 
327.055: Total time for which application threads were stopped: 0.0021210 seconds, Stopping threads took: 0.0000850 seconds
327.114: Application time: 0.0596040 seconds
327.114: [GC327.114: [ParNew: 36970K->4126K(37632K), 0.0017100 secs] 72323K->41527K(121024K), 0.0017420 secs] [Times: user=0.01 sys=0.00, real=0.00 secs] 
327.116: Total time for which application threads were stopped: 0.0018770 seconds, Stopping threads took: 0.0000790 seconds
327.177: Application time: 0.0604600 seconds
327.177: [GC327.177: [ParNew: 36769K->4133K(37632K), 0.0014770 secs] 74170K->42558K(121024K), 0.0015070 secs] [Times: user=0.01 sys=0.00, real=0.00 secs] 
327.178: Total time for which application threads were stopped: 0.0016910 seconds, Stopping threads took: 0.0001250 seconds
327.242: Application time: 0.0639570 seconds
327.242: [GC327.242: [ParNew: 37128K->4152K(37632K), 0.0010550 secs] 75553K->42577K(121024K), 0.0010860 secs] [Times: user=0.01 sys=0.00, real=0.00 secs] 
327.244: Total time for which application threads were stopped: 0.0012220 seconds, Stopping threads took: 0.0000810 seconds
327.304: Application time: 0.0605840 seconds
327.304: [GC327.304: [ParNew: 37031K->4156K(37632K), 0.0017240 secs] 75456K->44693K(121024K), 0.0017590 secs] [Times: user=0.01 sys=0.00, real=0.00 secs] 
327.306: Total time for which application threads were stopped: 0.0019040 seconds, Stopping threads took: 0.0000870 seconds
327.368: Application time: 0.0620440 seconds
327.368: [GC327.368: [ParNew: 37197K->4158K(37632K), 0.0014400 secs] 77734K->45800K(121024K), 0.0014710 secs] [Times: user=0.01 sys=0.00, real=0.00 secs] 
327.370: Total time for which application threads were stopped: 0.0015910 seconds, Stopping threads took: 0.0000610 seconds
327.425: Application time: 0.0555760 seconds
327.425: [GC327.425: [ParNew: 36732K->4138K(37632K), 0.0018020 secs] 78373K->47899K(121024K), 0.0018350 secs] [Times: user=0.01 sys=0.00, real=0.00 secs] 
327.427: Total time for which application threads were stopped: 0.0020040 seconds, Stopping threads took: 0.0001100 seconds
327.494: Application time: 0.0664020 seconds
327.494: [GC327.494: [ParNew: 37367K->4156K(37632K), 0.0016580 secs] 81129K->50045K(121024K), 0.0016980 secs] [Times: user=0.01 sys=0.00, real=0.00 secs] 
327.496: Total time for which application threads were stopped: 0.0018340 seconds, Stopping threads took: 0.0000790 seconds
327.557: Application time: 0.0616130 seconds
327.557: [GC327.557: [ParNew: 37017K->4158K(37632K), 0.0014070 secs] 82907K->51135K(121024K), 0.0014410 secs] [Times: user=0.01 sys=0.00, real=0.01 secs] 
327.559: Total time for which application threads were stopped: 0.0016030 seconds, Stopping threads took: 0.0000900 seconds
327.621: Application time: 0.0618880 seconds
327.621: [GC327.621: [ParNew: 37630K->4114K(37632K), 0.0010730 secs] 84607K->51131K(121024K), 0.0011050 secs] [Times: user=0.01 sys=0.00, real=0.00 secs] 
327.622: Total time for which application threads were stopped: 0.0012240 seconds, Stopping threads took: 0.0000650 seconds
327.680: Application time: 0.0577460 seconds
327.680: [GC327.680: [ParNew: 36591K->4110K(37632K), 0.0017610 secs] 83609K->53176K(121024K), 0.0017990 secs] [Times: user=0.01 sys=0.00, real=0.00 secs] 
327.682: Total time for which application threads were stopped: 0.0019400 seconds, Stopping threads took: 0.0000830 seconds
327.739: Application time: 0.0573260 seconds
327.739: [GC327.739: [ParNew: 36885K->4112K(37632K), 0.0017170 secs] 85950K->55226K(121024K), 0.0017500 secs] [Times: user=0.01 sys=0.00, real=0.00 secs] 
327.741: Total time for which application threads were stopped: 0.0019410 seconds, Stopping threads took: 0.0001340 seconds
327.803: Application time: 0.0626300 seconds
327.804: [GC327.804: [ParNew: 36954K->4112K(37632K), 0.0016370 secs] 88068K->57273K(121024K), 0.0016690 secs] [Times: user=0.01 sys=0.00, real=0.00 secs] 
327.805: Total time for which application threads were stopped: 0.0019400 seconds, Stopping threads took: 0.0002120 seconds
327.868: Application time: 0.0629500 seconds
327.868: [GC327.868: [ParNew: 37018K->4114K(37632K), 0.0016550 secs] 90179K->59324K(121024K), 0.0016880 secs] [Times: user=0.01 sys=0.00, real=0.00 secs] 
327.870: Total time for which application threads were stopped: 0.0018280 seconds, Stopping threads took: 0.0000850 seconds
327.930: Application time: 0.0597060 seconds
327.930: [GC327.930: [ParNew: 36955K->4154K(37632K), 0.0017390 secs] 92165K->61412K(121024K), 0.0017720 secs] [Times: user=0.01 sys=0.00, real=0.01 secs] 
327.932: Total time for which application threads were stopped: 0.0019690 seconds, Stopping threads took: 0.0001380 seconds
327.998: Application time: 0.0659450 seconds
327.998: [GC327.998: [ParNew: 37347K->4156K(37632K), 0.0014420 secs] 94605K->62510K(121024K), 0.0014740 secs] [Times: user=0.01 sys=0.00, real=0.01 secs] 
327.999: Total time for which application threads were stopped: 0.0016020 seconds, Stopping threads took: 0.0000750 seconds
328.059: Application time: 0.0593460 seconds
328.059: [GC328.059: [ParNew: 36971K->4141K(37632K), 0.0017000 secs] 95325K->64631K(121024K), 0.0017320 secs] [Times: user=0.01 sys=0.00, real=0.00 secs] 
328.061: Total time for which application threads were stopped: 0.0018670 seconds, Stopping threads took: 0.0000710 seconds
328.126: Application time: 0.0655010 seconds
328.126: [GC328.126: [ParNew: 37354K->4158K(37632K), 0.0011740 secs] 97844K->64764K(121024K), 0.0012080 secs] [Times: user=0.01 sys=0.00, real=0.00 secs] 
328.127: Total time for which application threads were stopped: 0.0013500 seconds, Stopping threads took: 0.0000850 seconds
328.187: Application time: 0.0599280 seconds
328.188: [GC328.188: [ParNew: 36768K->3143K(37632K), 0.0009530 secs] 97374K->63797K(121024K), 0.0009820 secs] [Times: user=0.00 sys=0.00, real=0.00 secs] 
328.189: Total time for which application threads were stopped: 0.0011570 seconds, Stopping threads took: 0.0001210 seconds
328.248: Application time: 0.0594360 seconds
328.248: [GC328.248: [ParNew: 36615K->4158K(37632K), 0.0013900 secs] 97269K->65900K(121024K), 0.0014240 secs] [Times: user=0.01 sys=0.00, real=0.00 secs] 
328.250: Total time for which application threads were stopped: 0.0015490 seconds, Stopping threads took: 0.0000680 seconds
328.311: Application time: 0.0618060 seconds
328.311: [GC328.312: [ParNew: 36857K->3102K(37632K), 0.0008000 secs] 98600K->64900K(121024K), 0.0008370 secs] [Times: user=0.00 sys=0.00, real=0.00 secs] 
328.312: Total time for which application threads were stopped: 0.0009670 seconds, Stopping threads took: 0.0000770 seconds
328.369: Application time: 0.0564320 seconds
328.369: [GC328.369: [ParNew: 35693K->4120K(37632K), 0.0014210 secs] 97492K->66942K(121024K), 0.0014510 secs] [Times: user=0.01 sys=0.00, real=0.00 secs] 
328.370: Total time for which application threads were stopped: 0.0015880 seconds, Stopping threads took: 0.0000840 seconds
328.428: Application time: 0.0574420 seconds
328.428: [GC328.428: [ParNew: 36917K->4111K(37632K), 0.0017480 secs] 99739K->68981K(121024K), 0.0017820 secs] [Times: user=0.01 sys=0.00, real=0.00 secs] 
328.430: Total time for which application threads were stopped: 0.0019280 seconds, Stopping threads took: 0.0000890 seconds
328.495: Application time: 0.0652270 seconds
328.495: [GC328.495: [ParNew: 37092K->4126K(37632K), 0.0013880 secs] 101962K->70020K(121024K), 0.0014210 secs] [Times: user=0.01 sys=0.00, real=0.00 secs] 
328.497: Total time for which application threads were stopped: 0.0015520 seconds, Stopping threads took: 0.0000750 seconds
328.561: Application time: 0.0642620 seconds
328.561: [GC328.561: [ParNew: 36807K->4132K(37632K), 0.0013430 secs] 102701K->71051K(121024K), 0.0013750 secs] [Times: user=0.01 sys=0.00, real=0.00 secs] 
328.562: Total time for which application threads were stopped: 0.0015030 seconds, Stopping threads took: 0.0000610 seconds
328.618: Application time: 0.0560530 seconds
328.618: [GC328.619: [ParNew: 36875K->4140K(37632K), 0.0020090 secs] 103794K->74130K(121024K), 0.0020490 secs] [Times: user=0.01 sys=0.00, real=0.01 secs] 
328.621: Total time for which application threads were stopped: 0.0022280 seconds, Stopping threads took: 0.0001200 seconds
328.680: Application time: 0.0593520 seconds
328.680: [GC328.680: [ParNew: 37098K->4140K(37632K), 0.0019620 secs] 107088K->77282K(121024K), 0.0019980 secs] [Times: user=0.01 sys=0.00, real=0.00 secs] 
328.682: Total time for which application threads were stopped: 0.0021290 seconds, Stopping threads took: 0.0000690 seconds
328.747: Application time: 0.0648380 seconds
328.747: [GC328.747: [ParNew: 37351K->4154K(37632K), 0.0015640 secs] 110494K->78416K(121024K), 0.0015960 secs] [Times: user=0.01 sys=0.00, real=0.00 secs] 
328.749: Total time for which application threads were stopped: 0.0017290 seconds, Stopping threads took: 0.0000760 seconds
328.811: Application time: 0.0620290 seconds
328.811: [GC328.811: [ParNew: 37130K->4159K(37632K), 0.0014000 secs] 111392K->79562K(121024K), 0.0014310 secs] [Times: user=0.01 sys=0.00, real=0.00 secs] 
328.812: Total time for which application threads were stopped: 0.0015530 seconds, Stopping threads took: 0.0000670 seconds
328.875: Application time: 0.0628500 seconds
328.875: [GC328.875: [ParNew: 36995K->4154K(37632K), 0.0011360 secs] 112397K->79612K(121024K), 0.0011710 secs] [Times: user=0.01 sys=0.00, real=0.00 secs] 
328.876: Total time for which application threads were stopped: 0.0012950 seconds, Stopping threads took: 0.0000660 seconds
328.935: Application time: 0.0583960 seconds
328.935: [GC328.935: [ParNew: 37554K->4154K(37632K), 0.0012320 secs] 113013K->79661K(121024K), 0.0012660 secs] [Times: user=0.01 sys=0.00, real=0.00 secs] 
328.936: Total time for which application threads were stopped: 0.0013830 seconds, Stopping threads took: 0.0000610 seconds
328.997: Application time: 0.0611670 seconds
328.997: [GC328.997: [ParNew: 36847K->4120K(37632K), 0.0012860 secs] 112354K->80683K(121024K), 0.0013180 secs] [Times: user=0.01 sys=0.00, real=0.01 secs] 
328.999: Total time for which application threads were stopped: 0.0014550 seconds, Stopping threads took: 0.0000840 seconds
329.057: Application time: 0.0581990 seconds
329.057: [GC329.057: [ParNew: 36987K->4114K(37632K), 0.0020270 secs] 113549K->83748K(121024K), 0.0020740 secs] [Times: user=0.01 sys=0.00, real=0.01 secs] 
329.059: Total time for which application threads were stopped: 0.0022200 seconds, Stopping threads took: 0.0000890 seconds
329.120: Application time: 0.0610030 seconds
329.120: [GC329.120: [ParNew: 36990K->4112K(37632K), 0.0020640 secs] 116624K->86818K(121024K), 0.0020980 secs] [Times: user=0.02 sys=0.00, real=0.00 secs] 
329.122: Total time for which application threads were stopped: 0.0022490 seconds, Stopping threads took: 0.0000820 seconds
329.185: Application time: 0.0627560 seconds
329.185: [GC329.185: [ParNew: 36973K->4159K(37632K), 0.0012220 secs] 119680K->86890K(121024K), 0.0012510 secs] [Times: user=0.01 sys=0.00, real=0.00 secs] 
329.187: Total time for which application threads were stopped: 0.0013800 seconds, Stopping threads took: 0.0000660 seconds
329.251: Application time: 0.0645820 seconds
329.251: [GC329.251: [ParNew: 36983K->2117K(37632K), 0.0007370 secs] 119713K->84848K(121024K), 0.0007650 secs] [Times: user=0.01 sys=0.00, real=0.00 secs] 
329.252: Total time for which application threads were stopped: 0.0009070 seconds, Stopping threads took: 0.0000920 seconds
329.308: Application time: 0.0556010 seconds
329.308: [GC329.308: [ParNew: 35589K->4138K(37632K), 0.0020840 secs]329.310: [Tenured: 85802K->10882K(86476K), 0.0087400 secs] 118320K->10882K(124108K), [Perm : 5530K->5530K(21248K)], 0.0110020 secs] [Times: user=0.03 sys=0.00, real=0.02 secs] 
329.319: Total time for which application threads were stopped: 0.0111590 seconds, Stopping threads took: 0.0000910 seconds
329.385: Application time: 0.0663420 seconds
329.385: [GC329.385: [ParNew: 33079K->4158K(37632K), 0.0013560 secs] 43961K->16072K(121024K), 0.0013890 secs] [Times: user=0.00 sys=0.01, real=0.00 secs] 
329.387: Total time for which application threads were stopped: 0.0015390 seconds, Stopping threads took: 0.0000940 seconds
329.443: Application time: 0.0566140 seconds
329.444: [GC329.444: [ParNew: 36927K->4158K(37632K), 0.0017260 secs] 48841K->18216K(121024K), 0.0017610 secs] [Times: user=0.01 sys=0.00, real=0.00 secs] 
329.445: Total time for which application threads were stopped: 0.0019420 seconds, Stopping threads took: 0.0001230 seconds
329.507: Application time: 0.0616800 seconds
329.508: [GC329.508: [ParNew: 37121K->4150K(37632K), 0.0019640 secs] 51179K->20320K(121024K), 0.0019980 secs] [Times: user=0.01 sys=0.00, real=0.00 secs] 
329.510: Total time for which application threads were stopped: 0.0032810 seconds, Stopping threads took: 0.0012150 seconds
329.574: Application time: 0.0641420 seconds
329.575: [GC329.575: [ParNew: 37187K->4150K(37632K), 0.0014960 secs] 53357K->21440K(121024K), 0.0015320 secs] [Times: user=0.00 sys=0.00, real=0.00 secs] 
329.576: Total time for which application threads were stopped: 0.0016590 seconds, Stopping threads took: 0.0000680 seconds
329.638: Application time: 0.0622730 seconds
329.638: [GC329.638: [ParNew: 36888K->4154K(37632K), 0.0010270 secs] 54178K->21509K(121024K), 0.0010570 secs] [Times: user=0.01 sys=0.01, real=0.01 secs] 
329.640: Total time for which application threads were stopped: 0.0011820 seconds, Stopping threads took: 0.0000610 seconds
329.697: Application time: 0.0575640 seconds
329.697: [GC329.697: [ParNew: 37626K->4116K(37632K), 0.0016210 secs] 54981K->23542K(121024K), 0.0016550 secs] [Times: user=0.01 sys=0.00, real=0.01 secs] 
329.699: Total time for which application threads were stopped: 0.0018000 seconds, Stopping threads took: 0.0000880 seconds
329.760: Application time: 0.0614300 seconds
329.760: [GC329.760: [ParNew: 37009K->4114K(37632K), 0.0018770 secs] 56435K->26612K(121024K), 0.0019140 secs] [Times: user=0.02 sys=0.00, real=0.00 secs] 
329.762: Total time for which application threads were stopped: 0.0020400 seconds, Stopping threads took: 0.0000680 seconds
329.825: Application time: 0.0625090 seconds
329.825: [GC329.825: [ParNew: 37081K->4134K(37632K), 0.0016860 secs] 59579K->28680K(121024K), 0.0017180 secs] [Times: user=0.00 sys=0.00, real=0.00 secs] 
329.827: Total time for which application threads were stopped: 0.0018440 seconds, Stopping threads took: 0.0000690 seconds
329.886: Application time: 0.0591980 seconds
329.886: [GC329.886: [ParNew: 36859K->4126K(37632K), 0.0029270 secs] 61406K->30720K(121024K), 0.0029680 secs] [Times: user=0.02 sys=0.00, real=0.00 secs] 
329.889: Total time for which application threads were stopped: 0.0031180 seconds, Stopping threads took: 0.0000930 seconds
329.953: Application time: 0.0642500 seconds
329.953: [GC329.953: [ParNew: 37030K->4117K(37632K), 0.0013680 secs] 63624K->31735K(121024K), 0.0014000 secs] [Times: user=0.01 sys=0.00, real=0.00 secs] 
329.955: Total time for which application threads were stopped: 0.0015360 seconds, Stopping threads took: 0.0000800 seconds
330.015: Application time: 0.0600990 seconds
330.015: [GC330.015: [ParNew: 36778K->4159K(37632K), 0.0014310 secs] 64396K->32818K(121024K), 0.0014610 secs] [Times: user=0.01 sys=0.00, real=0.00 secs] 
330.017: Total time for which application threads were stopped: 0.0015850 seconds, Stopping threads took: 0.0000670 seconds
330.077: Application time: 0.0601850 seconds
330.077: [GC330.077: [ParNew: 36922K->4147K(37632K), 0.0014750 secs] 65581K->33893K(121024K), 0.0015060 secs] [Times: user=0.01 sys=0.00, real=0.00 secs] 
330.078: Total time for which application threads were stopped: 0.0016230 seconds, Stopping threads took: 0.0000620 seconds
330.138: Application time: 0.0597990 seconds
330.138: [GC330.138: [ParNew: 37001K->4157K(37632K), 0.0013840 secs] 66748K->34976K(121024K), 0.0014160 secs] [Times: user=0.01 sys=0.00, real=0.01 secs] 
330.140: Total time for which application threads were stopped: 0.0015420 seconds, Stopping threads took: 0.0000680 seconds
330.201: Application time: 0.0616130 seconds
330.201: [GC330.201: [ParNew: 37188K->4159K(37632K), 0.0014550 secs] 68007K->36097K(121024K), 0.0014890 secs] [Times: user=0.01 sys=0.00, real=0.00 secs] 
330.203: Total time for which application threads were stopped: 0.0016270 seconds, Stopping threads took: 0.0000750 seconds
330.263: Application time: 0.0598410 seconds
330.263: [GC330.263: [ParNew: 36958K->4158K(37632K), 0.0016400 secs] 68897K->38217K(121024K), 0.0016730 secs] [Times: user=0.01 sys=0.00, real=0.00 secs] 
330.265: Total time for which application threads were stopped: 0.0018160 seconds, Stopping threads took: 0.0000850 seconds
330.327: Application time: 0.0626870 seconds
330.327: [GC330.327: [ParNew: 37009K->3156K(37632K), 0.0009870 secs] 71068K->37263K(121024K), 0.0010150 secs] [Times: user=0.00 sys=0.00, real=0.00 secs] 
330.328: Total time for which application threads were stopped: 0.0011640 seconds, Stopping threads took: 0.0000950 seconds
330.386: Application time: 0.0579830 seconds
330.387: [GC330.387: [ParNew: 36628K->4122K(37632K), 0.0016830 secs] 70735K->40325K(121024K), 0.0017190 secs] [Times: user=0.00 sys=0.01, real=0.00 secs] 
330.388: Total time for which application threads were stopped: 0.0018480 seconds, Stopping threads took: 0.0000690 seconds
330.450: Application time: 0.0621690 seconds
330.451: [GC330.451: [ParNew: 37046K->4112K(37632K), 0.0020130 secs] 73249K->43387K(121024K), 0.0020510 secs] [Times: user=0.01 sys=0.00, real=0.01 secs] 
330.453: Total time for which application threads were stopped: 0.0021780 seconds, Stopping threads took: 0.0000670 seconds
330.512: Application time: 0.0592860 seconds
330.512: [GC330.512: [ParNew: 36961K->4114K(37632K), 0.0019300 secs] 76236K->46461K(121024K), 0.0019620 secs] [Times: user=0.02 sys=0.00, real=0.00 secs] 
330.514: Total time for which application threads were stopped: 0.0020910 seconds, Stopping threads took: 0.0000720 seconds
330.578: Application time: 0.0643260 seconds
330.578: [GC330.578: [ParNew: 37060K->4124K(37632K), 0.0015080 secs] 79407K->47495K(121024K), 0.0015390 secs] [Times: user=0.01 sys=0.01, real=0.01 secs] 
330.580: Total time for which application threads were stopped: 0.0016880 seconds, Stopping threads took: 0.0000930 seconds
330.642: Application time: 0.0618850 seconds
330.642: [GC330.642: [ParNew: 36892K->4146K(37632K), 0.0013590 secs] 80263K->48541K(121024K), 0.0014020 secs] [Times: user=0.02 sys=0.00, real=0.00 secs] 
330.643: Total time for which application threads were stopped: 0.0015370 seconds, Stopping threads took: 0.0000770 seconds
330.708: Application time: 0.0644860 seconds
330.708: [GC330.708: [ParNew: 37148K->3159K(37632K), 0.0008220 secs] 81543K->47554K(121024K), 0.0008530 secs] [Times: user=0.01 sys=0.00, real=0.00 secs] 
330.709: Total time for which application threads were stopped: 0.0009840 seconds, Stopping threads took: 0.0000670 seconds
330.765: Application time: 0.0561220 seconds
330.765: [GC330.765: [ParNew: 36490K->4143K(37632K), 0.0018660 secs] 80885K->50642K(121024K), 0.0019030 secs] [Times: user=0.01 sys=0.00, real=0.00 secs] 
330.767: Total time for which application threads were stopped: 0.0020670 seconds, Stopping threads took: 0.0000960 seconds
330.827: Application time: 0.0601290 seconds
330.827: [GC330.827: [ParNew: 37184K->4154K(37632K), 0.0019450 secs] 83683K->53797K(121024K), 0.0019810 secs] [Times: user=0.02 sys=0.00, real=0.00 secs] 
330.829: Total time for which application threads were stopped: 0.0020990 seconds, Stopping threads took: 0.0000590 seconds
330.891: Application time: 0.0612060 seconds
330.891: [GC330.891: [ParNew: 37314K->4158K(37632K), 0.0018440 secs] 86957K->55954K(121024K), 0.0018780 secs] [Times: user=0.02 sys=0.00, real=0.00 secs] 
330.893: Total time for which application threads were stopped: 0.0020450 seconds, Stopping threads took: 0.0001080 seconds
330.958: Application time: 0.0653120 seconds
330.958: [GC330.958: [ParNew: 37220K->4145K(37632K), 0.0013720 secs] 89015K->57012K(121024K), 0.0014060 secs] [Times: user=0.01 sys=0.00, real=0.01 secs] 
330.959: Total time for which application threads were stopped: 0.0015270 seconds, Stopping threads took: 0.0000640 seconds
331.022: Application time: 0.0622520 seconds
331.022: [GC331.022: [ParNew: 37038K->4145K(37632K), 0.0014060 secs] 89905K->58116K(121024K), 0.0014390 secs] [Times: user=0.01 sys=0.00, real=0.00 secs] 
331.023: Total time for which application threads were stopped: 0.0015880 seconds, Stopping threads took: 0.0000920 seconds
331.084: Application time: 0.0602310 seconds
331.084: [GC331.084: [ParNew: 37617K->3132K(37632K), 0.0009890 secs] 91588K->57135K(121024K), 0.0010170 secs] [Times: user=0.00 sys=0.00, real=0.00 secs] 
331.085: Total time for which application threads were stopped: 0.0011580 seconds, Stopping threads took: 0.0000860 seconds
331.147: Application time: 0.0619400 seconds
331.147: [GC331.147: [ParNew: 35817K->4117K(37632K), 0.0011200 secs] 89820K->58121K(121024K), 0.0011470 secs] [Times: user=0.00 sys=0.00, real=0.00 secs] 
331.148: Total time for which application threads were stopped: 0.0012740 seconds, Stopping threads took: 0.0000770 seconds
331.206: Application time: 0.0582390 seconds
331.206: [GC331.206: [ParNew: 36849K->4132K(37632K), 0.0017130 secs] 90853K->60183K(121024K), 0.0017490 secs] [Times: user=0.01 sys=0.00, real=0.00 secs] 
331.208: Total time for which application threads were stopped: 0.0019190 seconds, Stopping threads took: 0.0001120 seconds
331.268: Application time: 0.0594540 seconds
331.268: [GC331.268: [ParNew: 36809K->4114K(37632K), 0.0013700 secs] 92861K->61189K(121024K), 0.0014000 secs] [Times: user=0.01 sys=0.00, real=0.00 secs] 
331.269: Total time for which application threads were stopped: 0.0015540 seconds, Stopping threads took: 0.0000900 seconds
331.330: Application time: 0.0608990 seconds
331.330: [GC331.330: [ParNew: 36683K->4132K(37632K), 0.0014510 secs] 93758K->62232K(121024K), 0.0014830 secs] [Times: user=0.01 sys=0.00, real=0.01 secs] 
331.332: Total time for which application threads were stopped: 0.0016190 seconds, Stopping threads took: 0.0000810 seconds
331.395: Application time: 0.0630760 seconds
331.399: [GC331.399: [ParNew: 36956K->4112K(37632K), 0.0013370 secs] 95056K->63236K(121024K), 0.0013710 secs] [Times: user=0.01 sys=0.00, real=0.00 secs] 
331.400: Total time for which application threads were stopped: 0.0054090 seconds, Stopping threads took: 0.0039820 seconds
331.458: Application time: 0.0576990 seconds
331.458: [GC331.458: [ParNew: 37068K->4155K(37632K), 0.0017380 secs] 96191K->65359K(121024K), 0.0017810 secs] [Times: user=0.02 sys=0.00, real=0.01 secs] 
331.460: Total time for which application threads were stopped: 0.0019350 seconds, Stopping threads took: 0.0000970 seconds
331.520: Application time: 0.0599940 seconds
331.520: [GC331.520: [ParNew: 37131K->4157K(37632K), 0.0017500 secs] 98334K->67480K(121024K), 0.0017870 secs] [Times: user=0.02 sys=0.00, real=0.00 secs] 
331.522: Total time for which application threads were stopped: 0.0019430 seconds, Stopping threads took: 0.0000960 seconds
331.584: Application time: 0.0624200 seconds
331.584: [GC331.584: [ParNew: 37230K->4150K(37632K), 0.0020980 secs] 100553K->70641K(121024K), 0.0021300 secs] [Times: user=0.01 sys=0.00, real=0.00 secs] 
331.586: Total time for which application threads were stopped: 0.0022610 seconds, Stopping threads took: 0.0000710 seconds
331.650: Application time: 0.0641100 seconds
331.651: [GC331.651: [ParNew: 37190K->4144K(37632K), 0.0014390 secs] 103682K->71748K(121024K), 0.0014730 secs] [Times: user=0.01 sys=0.00, real=0.01 secs] 
331.652: Total time for which application threads were stopped: 0.0016030 seconds, Stopping threads took: 0.0000700 seconds
331.713: Application time: 0.0606010 seconds
331.713: [GC331.713: [ParNew: 36850K->4156K(37632K), 0.0011050 secs] 104454K->71848K(121024K), 0.0011350 secs] [Times: user=0.01 sys=0.00, real=0.00 secs] 
331.714: Total time for which application threads were stopped: 0.0012660 seconds, Stopping threads took: 0.0000760 seconds
331.775: Application time: 0.0609680 seconds
331.779: [GC331.779: [ParNew: 36677K->3113K(37632K), 0.0010730 secs] 104369K->70836K(121024K), 0.0011070 secs] [Times: user=0.01 sys=0.00, real=0.00 secs] 
331.780: Total time for which application threads were stopped: 0.0049530 seconds, Stopping threads took: 0.0037860 seconds
331.837: Application time: 0.0567270 seconds
331.837: [GC331.837: [ParNew: 35687K->4120K(37632K), 0.0016820 secs] 103411K->73892K(121024K), 0.0017150 secs] [Times: user=0.01 sys=0.00, real=0.00 secs] 
331.838: Total time for which application threads were stopped: 0.0018830 seconds, Stopping threads took: 0.0001100 seconds
331.898: Application time: 0.0596910 seconds
331.898: [GC331.898: [ParNew: 36975K->4112K(37632K), 0.0017100 secs] 106747K->75932K(121024K), 0.0017470 secs] [Times: user=0.01 sys=0.00, real=0.01 secs] 
331.900: Total time for which application threads were stopped: 0.0018870 seconds, Stopping threads took: 0.0000790 seconds
331.967: Application time: 0.0665550 seconds
331.967: [GC331.967: [ParNew: 37136K->4131K(37632K), 0.0011250 secs] 108956K->75951K(121024K), 0.0011580 secs] [Times: user=0.00 sys=0.00, real=0.00 secs] 
331.968: Total time for which application threads were stopped: 0.0012810 seconds, Stopping threads took: 0.0000670 seconds
332.027: Application time: 0.0592940 seconds
332.027: [GC332.027: [ParNew: 37603K->4134K(37632K), 0.0014660 secs] 109423K->76978K(121024K), 0.0015020 secs] [Times: user=0.01 sys=0.00, real=0.00 secs] 
332.029: Total time for which application threads were stopped: 0.0016410 seconds, Stopping threads took: 0.0000830 seconds
332.091: Application time: 0.0622900 seconds
332.091: [GC332.091: [ParNew: 36909K->4114K(37632K), 0.0013820 secs] 109753K->77982K(121024K), 0.0014150 secs] [Times: user=0.01 sys=0.00, real=0.00 secs] 
332.093: Total time for which application threads were stopped: 0.0015440 seconds, Stopping threads took: 0.0000730 seconds
332.152: Application time: 0.0594380 seconds
332.152: [GC332.152: [ParNew: 37124K->4155K(37632K), 0.0019500 secs] 110992K->81111K(121024K), 0.0019830 secs] [Times: user=0.02 sys=0.00, real=0.00 secs] 
332.154: Total time for which application threads were stopped: 0.0021100 seconds, Stopping threads took: 0.0000670 seconds
332.215: Application time: 0.0605200 seconds
332.215: [GC332.215: [ParNew: 37150K->4156K(37632K), 0.0017100 secs] 114106K->83260K(121024K), 0.0017400 secs] [Times: user=0.01 sys=0.00, real=0.00 secs] 
332.217: Total time for which application threads were stopped: 0.0018750 seconds, Stopping threads took: 0.0000690 seconds
332.279: Application time: 0.0623220 seconds
332.279: [GC332.279: [ParNew: 37246K->4157K(37632K), 0.0016940 secs] 116351K->85389K(121024K), 0.0017270 secs] [Times: user=0.02 sys=0.00, real=0.00 secs] 
332.281: Total time for which application threads were stopped: 0.0018640 seconds, Stopping threads took: 0.0000790 seconds
332.343: Application time: 0.0622290 seconds
332.343: [GC332.343: [ParNew: 36994K->4159K(37632K), 0.0014870 secs] 118226K->86511K(121024K), 0.0015190 secs] [Times: user=0.01 sys=0.00, real=0.00 secs] 
332.345: Total time for which application threads were stopped: 0.0016470 seconds, Stopping threads took: 0.0000650 seconds
332.405: Application time: 0.0607010 seconds
332.405: [GC332.405: [ParNew: 36833K->4152K(37632K), 0.0011090 secs] 119185K->86552K(121024K), 0.0011400 secs] [Times: user=0.00 sys=0.00, real=0.00 secs] 
332.407: Total time for which application threads were stopped: 0.0012670 seconds, Stopping threads took: 0.0000710 seconds
332.466: Application time: 0.0592830 seconds
332.466: [GC332.466: [ParNew: 36783K->4116K(37632K), 0.0014200 secs]332.468: [Tenured: 83456K->9020K(84420K), 0.0083870 secs] 119184K->9020K(122052K), [Perm : 5530K->5530K(21248K)], 0.0098860 secs] [Times: user=0.02 sys=0.00, real=0.01 secs] 
332.476: Total time for which application threads were stopped: 0.0100450 seconds, Stopping threads took: 0.0000960 seconds
332.534: Application time: 0.0576020 seconds
332.534: [GC332.534: [ParNew: 32634K->4116K(37632K), 0.0017020 secs] 41654K->15184K(121024K), 0.0017360 secs] [Times: user=0.01 sys=0.00, real=0.00 secs] 
332.535: Total time for which application threads were stopped: 0.0018760 seconds, Stopping threads took: 0.0000830 seconds
332.599: Application time: 0.0636700 seconds
332.599: [GC332.599: [ParNew: 37074K->4133K(37632K), 0.0014820 secs] 48142K->16233K(121024K), 0.0015180 secs] [Times: user=0.01 sys=0.00, real=0.00 secs] 
332.601: Total time for which application threads were stopped: 0.0016460 seconds, Stopping threads took: 0.0000690 seconds
332.663: Application time: 0.0623730 seconds
332.663: [GC332.663: [ParNew: 36981K->4132K(37632K), 0.0016290 secs] 49082K->18280K(121024K), 0.0016640 secs] [Times: user=0.01 sys=0.00, real=0.00 secs] 
332.665: Total time for which application threads were stopped: 0.0018180 seconds, Stopping threads took: 0.0000980 seconds
332.724: Application time: 0.0590330 seconds
332.724: [GC332.724: [ParNew: 36648K->3100K(37632K), 0.0009300 secs] 50797K->17248K(121024K), 0.0009590 secs] [Times: user=0.01 sys=0.00, real=0.00 secs] 
332.725: Total time for which application threads were stopped: 0.0010780 seconds, Stopping threads took: 0.0000660 seconds
332.786: Application time: 0.0604340 seconds
332.786: [GC332.786: [ParNew: 35763K->4121K(37632K), 0.0013220 secs] 49912K->19294K(121024K), 0.0013530 secs] [Times: user=0.01 sys=0.00, real=0.00 secs] 
332.787: Total time for which application threads were stopped: 0.0014950 seconds, Stopping threads took: 0.0000870 seconds
332.848: Application time: 0.0609640 seconds
332.848: [GC332.848: [ParNew: 37102K->4152K(37632K), 0.0017110 secs] 52274K->21405K(121024K), 0.0017430 secs] [Times: user=0.01 sys=0.00, real=0.00 secs] 
332.850: Total time for which application threads were stopped: 0.0019160 seconds, Stopping threads took: 0.0001090 seconds
332.910: Application time: 0.0599980 seconds
332.910: [GC332.910: [ParNew: 37137K->4157K(37632K), 0.0014090 secs] 54389K->22514K(121024K), 0.0014400 secs] [Times: user=0.01 sys=0.00, real=0.01 secs] 
332.911: Total time for which application threads were stopped: 0.0015690 seconds, Stopping threads took: 0.0000730 seconds
332.972: Application time: 0.0610330 seconds
332.973: [GC332.973: [ParNew: 37069K->4158K(37632K), 0.0014450 secs] 55426K->23663K(121024K), 0.0014840 secs] [Times: user=0.01 sys=0.00, real=0.00 secs] 
332.974: Total time for which application threads were stopped: 0.0016130 seconds, Stopping threads took: 0.0000740 seconds
333.035: Application time: 0.0604290 seconds
333.035: [GC333.035: [ParNew: 36954K->4142K(37632K), 0.0014000 secs] 56459K->24719K(121024K), 0.0014400 secs] [Times: user=0.01 sys=0.00, real=0.00 secs] 
333.036: Total time for which application threads were stopped: 0.0016150 seconds, Stopping threads took: 0.0001200 seconds
333.097: Application time: 0.0607150 seconds
333.097: [GC333.097: [ParNew: 36959K->4156K(37632K), 0.0017560 secs] 57536K->26829K(121024K), 0.0017900 secs] [Times: user=0.01 sys=0.00, real=0.01 secs] 
333.099: Total time for which application threads were stopped: 0.0019210 seconds, Stopping threads took: 0.0000750 seconds
333.160: Application time: 0.0615370 seconds
333.160: [GC333.160: [ParNew: 36933K->4117K(37632K), 0.0013660 secs] 59606K->27870K(121024K), 0.0013980 secs] [Times: user=0.01 sys=0.00, real=0.00 secs] 
333.162: Total time for which application threads were stopped: 0.0015390 seconds, Stopping threads took: 0.0000850 seconds
333.221: Application time: 0.0591250 seconds
333.221: [GC333.221: [ParNew: 36777K->4136K(37632K), 0.0014710 secs] 60530K->28913K(121024K), 0.0015030 secs] [Times: user=0.02 sys=0.00, real=0.00 secs] 
333.223: Total time for which application threads were stopped: 0.0016290 seconds, Stopping threads took: 0.0000700 seconds
333.284: Application time: 0.0613620 seconds
333.284: [GC333.284: [ParNew: 36903K->4134K(37632K), 0.0016450 secs] 61680K->30959K(121024K), 0.0016780 secs] [Times: user=0.01 sys=0.00, real=0.00 secs] 
333.286: Total time for which application threads were stopped: 0.0018310 seconds, Stopping threads took: 0.0000950 seconds
333.350: Application time: 0.0643110 seconds
333.350: [GC333.350: [ParNew: 37146K->4133K(37632K), 0.0013750 secs] 63971K->31982K(121024K), 0.0014050 secs] [Times: user=0.01 sys=0.00, real=0.01 secs] 
333.352: Total time for which application threads were stopped: 0.0015420 seconds, Stopping threads took: 0.0000770 seconds
333.412: Application time: 0.0599200 seconds
333.412: [GC333.412: [ParNew: 36769K->4152K(37632K), 0.0010620 secs] 64619K->32001K(121024K), 0.0010930 secs] [Times: user=0.01 sys=0.00, real=0.00 secs] 
333.413: Total time for which application threads were stopped: 0.0012320 seconds, Stopping threads took: 0.0000830 seconds
333.474: Application time: 0.0612390 seconds
333.474: [GC333.474: [ParNew: 36821K->4152K(37632K), 0.0011230 secs] 64670K->32001K(121024K), 0.0011530 secs] [Times: user=0.01 sys=0.00, real=0.00 secs] 
333.475: Total time for which application threads were stopped: 0.0012790 seconds, Stopping threads took: 0.0000690 seconds
333.538: Application time: 0.0626350 seconds
333.538: [GC333.538: [ParNew: 37290K->4159K(37632K), 0.0011440 secs] 65139K->32101K(121024K), 0.0011760 secs] [Times: user=0.00 sys=0.00, real=0.01 secs] 
333.539: Total time for which application threads were stopped: 0.0013220 seconds, Stopping threads took: 0.0000920 seconds
333.596: Application time: 0.0570930 seconds
333.597: [GC333.597: [ParNew: 36645K->4159K(37632K), 0.0011550 secs] 64586K->32172K(121024K), 0.0011870 secs] [Times: user=0.01 sys=0.00, real=0.00 secs] 
333.598: Total time for which application threads were stopped: 0.0013380 seconds, Stopping threads took: 0.0000930 seconds
333.657: Application time: 0.0589740 seconds
333.657: [GC333.657: [ParNew: 36964K->4157K(37632K), 0.0016870 secs] 64977K->34290K(121024K), 0.0017210 secs] [Times: user=0.02 sys=0.00, real=0.00 secs] 
333.659: Total time for which application threads were stopped: 0.0018570 seconds, Stopping threads took: 0.0000710 seconds
333.719: Application time: 0.0605790 seconds
333.719: [GC333.719: [ParNew: 37114K->4140K(37632K), 0.0020340 secs] 67248K->37441K(121024K), 0.0020690 secs] [Times: user=0.02 sys=0.00, real=0.00 secs] 
333.721: Total time for which application threads were stopped: 0.0022010 seconds, Stopping threads took: 0.0000730 seconds
333.783: Application time: 0.0614530 seconds
333.783: [GC333.783: [ParNew: 37085K->4142K(37632K), 0.0016240 secs] 70386K->39548K(121024K), 0.0016570 secs] [Times: user=0.01 sys=0.00, real=0.00 secs] 
333.785: Total time for which application threads were stopped: 0.0017820 seconds, Stopping threads took: 0.0000590 seconds
333.846: Application time: 0.0608880 seconds
333.846: [GC333.846: [ParNew: 36909K->4128K(37632K), 0.0014830 secs] 72314K->40614K(121024K), 0.0015140 secs] [Times: user=0.01 sys=0.00, real=0.00 secs] 
333.847: Total time for which application threads were stopped: 0.0016540 seconds, Stopping threads took: 0.0000840 seconds
333.910: Application time: 0.0628010 seconds
333.910: [GC333.910: [ParNew: 36887K->4116K(37632K), 0.0013260 secs] 73373K->41626K(121024K), 0.0013590 secs] [Times: user=0.01 sys=0.00, real=0.01 secs] 
333.911: Total time for which application threads were stopped: 0.0014990 seconds, Stopping threads took: 0.0000680 seconds
333.973: Application time: 0.0610930 seconds
333.973: [GC333.973: [ParNew: 36923K->4118K(37632K), 0.0014430 secs] 74433K->42652K(121024K), 0.0014730 secs] [Times: user=0.01 sys=0.00, real=0.00 secs] 
333.974: Total time for which application threads were stopped: 0.0016260 seconds, Stopping threads took: 0.0000980 seconds
334.034: Application time: 0.0595640 seconds
334.034: [GC334.034: [ParNew: 36724K->4133K(37632K), 0.0014650 secs] 75257K->43691K(121024K), 0.0014950 secs] [Times: user=0.01 sys=0.00, real=0.00 secs] 
334.035: Total time for which application threads were stopped: 0.0016280 seconds, Stopping threads took: 0.0000750 seconds
334.096: Application time: 0.0603310 seconds
334.096: [GC334.096: [ParNew: 36710K->4136K(37632K), 0.0014390 secs] 76268K->44717K(121024K), 0.0014710 secs] [Times: user=0.00 sys=0.00, real=0.00 secs] 
334.097: Total time for which application threads were stopped: 0.0016040 seconds, Stopping threads took: 0.0000780 seconds
334.159: Application time: 0.0612790 seconds
334.159: [GC334.159: [ParNew: 36913K->4132K(37632K), 0.0013890 secs] 77495K->45737K(121024K), 0.0014220 secs] [Times: user=0.01 sys=0.00, real=0.00 secs] 
334.160: Total time for which application threads were stopped: 0.0015560 seconds, Stopping threads took: 0.0000760 seconds
334.219: Application time: 0.0590980 seconds
334.219: [GC334.219: [ParNew: 36993K->4154K(37632K), 0.0013790 secs] 78598K->46815K(121024K), 0.0014110 secs] [Times: user=0.02 sys=0.00, real=0.00 secs] 
334.221: Total time for which application threads were stopped: 0.0015430 seconds, Stopping threads took: 0.0000760 seconds
334.282: Application time: 0.0616960 seconds
334.283: [GC334.283: [ParNew: 37114K->4159K(37632K), 0.0012650 secs] 79775K->46925K(121024K), 0.0012980 secs] [Times: user=0.01 sys=0.00, real=0.00 secs] 
334.284: Total time for which application threads were stopped: 0.0014230 seconds, Stopping threads took: 0.0000620 seconds
334.342: Application time: 0.0583560 seconds
334.342: [GC334.342: [ParNew: 36941K->4156K(37632K), 0.0016190 secs] 79707K->49042K(121024K), 0.0016510 secs] [Times: user=0.01 sys=0.00, real=0.00 secs] 
334.344: Total time for which application threads were stopped: 0.0017990 seconds, Stopping threads took: 0.0000930 seconds
334.406: Application time: 0.0614500 seconds
334.406: [GC334.406: [ParNew: 37199K->4140K(37632K), 0.0019610 secs] 82084K->52178K(121024K), 0.0019940 secs] [Times: user=0.01 sys=0.00, real=0.00 secs] 
334.408: Total time for which application threads were stopped: 0.0021480 seconds, Stopping threads took: 0.0000940 seconds
334.469: Application time: 0.0612820 seconds
334.469: [GC334.469: [ParNew: 37008K->4158K(37632K), 0.0016110 secs] 85046K->54308K(121024K), 0.0016420 secs] [Times: user=0.01 sys=0.00, real=0.01 secs] 
334.471: Total time for which application threads were stopped: 0.0017940 seconds, Stopping threads took: 0.0000860 seconds
334.531: Application time: 0.0599450 seconds
334.531: [GC334.531: [ParNew: 36829K->4132K(37632K), 0.0014750 secs] 86979K->55354K(121024K), 0.0015070 secs] [Times: user=0.01 sys=0.00, real=0.00 secs] 
334.532: Total time for which application threads were stopped: 0.0016210 seconds, Stopping threads took: 0.0000580 seconds
334.596: Application time: 0.0635260 seconds
334.596: [GC334.596: [ParNew: 36952K->4132K(37632K), 0.0014040 secs] 88174K->56378K(121024K), 0.0014390 secs] [Times: user=0.01 sys=0.00, real=0.00 secs] 
334.597: Total time for which application threads were stopped: 0.0015730 seconds, Stopping threads took: 0.0000770 seconds
334.659: Application time: 0.0615480 seconds
334.659: [GC334.659: [ParNew: 36902K->4134K(37632K), 0.0013890 secs] 89148K->57404K(121024K), 0.0014160 secs] [Times: user=0.01 sys=0.00, real=0.00 secs] 
334.661: Total time for which application threads were stopped: 0.0015380 seconds, Stopping threads took: 0.0000700 seconds
334.720: Application time: 0.0593530 seconds
334.720: [GC334.720: [ParNew: 36760K->4115K(37632K), 0.0011510 secs] 90030K->57385K(121024K), 0.0011820 secs] [Times: user=0.01 sys=0.00, real=0.00 secs] 
334.721: Total time for which application threads were stopped: 0.0013540 seconds, Stopping threads took: 0.0001150 seconds
334.780: Application time: 0.0592060 seconds
334.781: [GC334.781: [ParNew: 36746K->4114K(37632K), 0.0017910 secs] 90016K->59432K(121024K), 0.0018220 secs] [Times: user=0.01 sys=0.00, real=0.00 secs] 
334.782: Total time for which application threads were stopped: 0.0019510 seconds, Stopping threads took: 0.0000730 seconds
334.845: Application time: 0.0622500 seconds
334.845: [GC334.845: [ParNew: 36906K->4134K(37632K), 0.0013510 secs] 92224K->60476K(121024K), 0.0013830 secs] [Times: user=0.01 sys=0.00, real=0.00 secs] 
334.846: Total time for which application threads were stopped: 0.0015120 seconds, Stopping threads took: 0.0000720 seconds
334.906: Application time: 0.0595730 seconds
334.906: [GC334.906: [ParNew: 37051K->4157K(37632K), 0.0015210 secs] 93393K->61539K(121024K), 0.0015520 secs] [Times: user=0.01 sys=0.00, real=0.00 secs] 
334.907: Total time for which application threads were stopped: 0.0016960 seconds, Stopping threads took: 0.0000860 seconds
334.971: Application time: 0.0634830 seconds
334.971: [GC334.971: [ParNew: 37148K->4158K(37632K), 0.0013860 secs] 94530K->62696K(121024K), 0.0014160 secs] [Times: user=0.01 sys=0.00, real=0.00 secs] 
334.972: Total time for which application threads were stopped: 0.0015660 seconds, Stopping threads took: 0.0000900 seconds
335.030: Application time: 0.0571550 seconds
335.030: [GC335.030: [ParNew: 36787K->4146K(37632K), 0.0017320 secs] 95325K->64764K(121024K), 0.0017650 secs] [Times: user=0.01 sys=0.00, real=0.01 secs] 
335.032: Total time for which application threads were stopped: 0.0019030 seconds, Stopping threads took: 0.0000820 seconds
335.094: Application time: 0.0621430 seconds
335.094: [GC335.094: [ParNew: 37307K->4156K(37632K), 0.0016630 secs] 97925K->66910K(121024K), 0.0017000 secs] [Times: user=0.01 sys=0.00, real=0.00 secs] 
335.096: Total time for which application threads were stopped: 0.0018320 seconds, Stopping threads took: 0.0000740 seconds
335.155: Application time: 0.0597160 seconds
335.155: [GC335.155: [ParNew: 36948K->4158K(37632K), 0.0014130 secs] 99703K->67968K(121024K), 0.0014440 secs] [Times: user=0.01 sys=0.00, real=0.00 secs] 
335.157: Total time for which application threads were stopped: 0.0016370 seconds, Stopping threads took: 0.0001340 seconds
335.219: Application time: 0.0617540 seconds
335.219: [GC335.219: [ParNew: 36947K->4134K(37632K), 0.0030110 secs] 100758K->69025K(121024K), 0.0030480 secs] [Times: user=0.01 sys=0.00, real=0.00 secs] 
335.222: Total time for which application threads were stopped: 0.0031680 seconds, Stopping threads took: 0.0000640 seconds
335.283: Application time: 0.0608210 seconds
335.283: [GC335.283: [ParNew: 36855K->4112K(37632K), 0.0014900 secs] 101745K->70027K(121024K), 0.0015200 secs] [Times: user=0.01 sys=0.00, real=0.00 secs] 
335.284: Total time for which application threads were stopped: 0.0016630 seconds, Stopping threads took: 0.0000880 seconds
335.349: Application time: 0.0650360 seconds
335.349: [GC335.349: [ParNew: 37038K->4150K(37632K), 0.0013980 secs] 102953K->71088K(121024K), 0.0014280 secs] [Times: user=0.01 sys=0.00, real=0.01 secs] 
335.351: Total time for which application threads were stopped: 0.0015670 seconds, Stopping threads took: 0.0000830 seconds
335.408: Application time: 0.0575790 seconds
335.409: [GC335.409: [ParNew: 37622K->4119K(37632K), 0.0014970 secs] 104560K->72082K(121024K), 0.0015360 secs] [Times: user=0.01 sys=0.00, real=0.00 secs] 
335.410: Total time for which application threads were stopped: 0.0016570 seconds, Stopping threads took: 0.0000640 seconds
335.473: Application time: 0.0625750 seconds
335.473: [GC335.473: [ParNew: 36950K->4142K(37632K), 0.0013880 secs] 104913K->73128K(121024K), 0.0014200 secs] [Times: user=0.01 sys=0.00, real=0.00 secs] 
335.474: Total time for which application threads were stopped: 0.0015480 seconds, Stopping threads took: 0.0000590 seconds
335.536: Application time: 0.0616490 seconds
335.536: [GC335.536: [ParNew: 36908K->4150K(37632K), 0.0011320 secs] 105895K->73136K(121024K), 0.0011620 secs] [Times: user=0.01 sys=0.00, real=0.00 secs] 
335.537: Total time for which application threads were stopped: 0.0012870 seconds, Stopping threads took: 0.0000690 seconds
335.595: Application time: 0.0579690 seconds
335.595: [GC335.595: [ParNew: 36875K->4159K(37632K), 0.0014570 secs] 105861K->74185K(121024K), 0.0014910 secs] [Times: user=0.01 sys=0.00, real=0.00 secs] 
335.597: Total time for which application threads were stopped: 0.0016400 seconds, Stopping threads took: 0.0000920 seconds
335.659: Application time: 0.0618270 seconds
335.659: [GC335.659: [ParNew: 37096K->4156K(37632K), 0.0013980 secs] 107123K->75318K(121024K), 0.0014270 secs] [Times: user=0.01 sys=0.00, real=0.00 secs] 
335.660: Total time for which application threads were stopped: 0.0015430 seconds, Stopping threads took: 0.0000620 seconds
335.720: Application time: 0.0593480 seconds
335.720: [GC335.720: [ParNew: 37023K->4144K(37632K), 0.0016310 secs] 108185K->77411K(121024K), 0.0016650 secs] [Times: user=0.01 sys=0.00, real=0.00 secs] 
335.721: Total time for which application threads were stopped: 0.0017880 seconds, Stopping threads took: 0.0000650 seconds
335.781: Application time: 0.0594480 seconds
335.781: [GC335.781: [ParNew: 37184K->4158K(37632K), 0.0019510 secs] 110450K->80569K(121024K), 0.0019870 secs] [Times: user=0.01 sys=0.00, real=0.00 secs] 
335.783: Total time for which application threads were stopped: 0.0021180 seconds, Stopping threads took: 0.0000680 seconds
335.846: Application time: 0.0630540 seconds
335.846: [GC335.846: [ParNew: 37200K->4159K(37632K), 0.0014810 secs] 113611K->81698K(121024K), 0.0015140 secs] [Times: user=0.01 sys=0.00, real=0.00 secs] 
335.848: Total time for which application threads were stopped: 0.0016440 seconds, Stopping threads took: 0.0000720 seconds
335.907: Application time: 0.0598660 seconds
335.908: [GC335.908: [ParNew: 36732K->4115K(37632K), 0.0013970 secs] 114271K->82710K(121024K), 0.0014280 secs] [Times: user=0.01 sys=0.00, real=0.00 secs] 
335.909: Total time for which application threads were stopped: 0.0015650 seconds, Stopping threads took: 0.0000800 seconds
335.971: Application time: 0.0618180 seconds
335.971: [GC335.971: [ParNew: 36864K->4134K(37632K), 0.0011980 secs] 115459K->82729K(121024K), 0.0012300 secs] [Times: user=0.01 sys=0.00, real=0.00 secs] 
335.972: Total time for which application threads were stopped: 0.0013570 seconds, Stopping threads took: 0.0000710 seconds
336.036: Application time: 0.0638950 seconds
336.036: [GC336.036: [ParNew: 37015K->4150K(37632K), 0.0013550 secs] 115610K->83769K(121024K), 0.0013870 secs] [Times: user=0.02 sys=0.00, real=0.00 secs] 
336.038: Total time for which application threads were stopped: 0.0015110 seconds, Stopping threads took: 0.0000570 seconds
336.095: Application time: 0.0576070 seconds
336.095: [GC336.095: [ParNew: 37609K->4129K(37632K), 0.0015040 secs] 117228K->84772K(121024K), 0.0015370 secs] [Times: user=0.01 sys=0.00, real=0.00 secs] 
336.097: Total time for which application threads were stopped: 0.0016890 seconds, Stopping threads took: 0.0000960 seconds
336.157: Application time: 0.0603850 seconds
336.157: [GC336.157: [ParNew: 36870K->4120K(37632K), 0.0017180 secs] 117513K->86811K(121024K), 0.0017540 secs] [Times: user=0.01 sys=0.00, real=0.01 secs] 
336.159: Total time for which application threads were stopped: 0.0019190 seconds, Stopping threads took: 0.0000970 seconds
336.221: Application time: 0.0619240 seconds
336.221: [GC336.221: [ParNew: 36942K->4133K(37632K), 0.0016960 secs]336.223: [Tenured: 84739K->11312K(85448K), 0.0086290 secs] 119633K->11312K(123080K), [Perm : 5530K->5530K(21248K)], 0.0104590 secs] [Times: user=0.01 sys=0.00, real=0.01 secs] 
336.232: Total time for which application threads were stopped: 0.0105930 seconds, Stopping threads took: 0.0000690 seconds
336.291: Application time: 0.0588400 seconds
336.291: [GC336.291: [ParNew: 32761K->4158K(37632K), 0.0014300 secs] 44073K->16519K(121024K), 0.0014600 secs] [Times: user=0.01 sys=0.00, real=0.00 secs] 
336.292: Total time for which application threads were stopped: 0.0015940 seconds, Stopping threads took: 0.0000780 seconds
336.355: Application time: 0.0626740 seconds
336.355: [GC336.355: [ParNew: 37207K->4158K(37632K), 0.0013440 secs] 49568K->17647K(121024K), 0.0013760 secs] [Times: user=0.01 sys=0.00, real=0.00 secs] 
336.356: Total time for which application threads were stopped: 0.0015470 seconds, Stopping threads took: 0.0001140 seconds
336.416: Application time: 0.0591370 seconds
336.416: [GC336.416: [ParNew: 36949K->4142K(37632K), 0.0016910 secs] 50437K->19759K(121024K), 0.0017230 secs] [Times: user=0.01 sys=0.00, real=0.00 secs] 
336.417: Total time for which application threads were stopped: 0.0018490 seconds, Stopping threads took: 0.0000710 seconds
336.477: Application time: 0.0593620 seconds
336.477: [GC336.477: [ParNew: 37199K->4152K(37632K), 0.0019390 secs] 52816K->22913K(121024K), 0.0019720 secs] [Times: user=0.01 sys=0.01, real=0.01 secs] 
336.479: Total time for which application threads were stopped: 0.0021290 seconds, Stopping threads took: 0.0001000 seconds
336.544: Application time: 0.0646510 seconds
336.544: [GC336.544: [ParNew: 37220K->4158K(37632K), 0.0015010 secs] 55981K->24015K(121024K), 0.0015350 secs] [Times: user=0.01 sys=0.00, real=0.00 secs] 
336.545: Total time for which application threads were stopped: 0.0016710 seconds, Stopping threads took: 0.0000670 seconds
336.604: Application time: 0.0590070 seconds
336.604: [GC336.604: [ParNew: 36674K->4114K(37632K), 0.0013610 secs] 56531K->25043K(121024K), 0.0013930 secs] [Times: user=0.01 sys=0.00, real=0.00 secs] 
336.606: Total time for which application threads were stopped: 0.0015400 seconds, Stopping threads took: 0.0000920 seconds
336.668: Application time: 0.0621030 seconds
336.668: [GC336.668: [ParNew: 36889K->4117K(37632K), 0.0014300 secs] 57818K->26070K(121024K), 0.0014640 secs] [Times: user=0.01 sys=0.00, real=0.00 secs] 
336.669: Total time for which application threads were stopped: 0.0015910 seconds, Stopping threads took: 0.0000680 seconds
336.733: Application time: 0.0636910 seconds
336.733: [GC336.733: [ParNew: 37002K->4130K(37632K), 0.0016380 secs] 58955K->28131K(121024K), 0.0016690 secs] [Times: user=0.01 sys=0.00, real=0.00 secs] 
336.735: Total time for which application threads were stopped: 0.0018120 seconds, Stopping threads took: 0.0000870 seconds
336.792: Application time: 0.0569560 seconds
336.792: [GC336.792: [ParNew: 37589K->4127K(37632K), 0.0015090 secs] 61590K->29153K(121024K), 0.0015380 secs] [Times: user=0.01 sys=0.00, real=0.00 secs] 
336.794: Total time for which application threads were stopped: 0.0016870 seconds, Stopping threads took: 0.0000940 seconds
336.856: Application time: 0.0624990 seconds
336.856: [GC336.856: [ParNew: 36937K->4118K(37632K), 0.0014350 secs] 61962K->30167K(121024K), 0.0014640 secs] [Times: user=0.00 sys=0.00, real=0.00 secs] 
336.858: Total time for which application threads were stopped: 0.0016150 seconds, Stopping threads took: 0.0000960 seconds
336.920: Application time: 0.0620930 seconds
336.920: [GC336.920: [ParNew: 36937K->4128K(37632K), 0.0016460 secs] 62987K->32225K(121024K), 0.0016770 secs] [Times: user=0.01 sys=0.00, real=0.00 secs] 
336.922: Total time for which application threads were stopped: 0.0017990 seconds, Stopping threads took: 0.0000650 seconds
336.981: Application time: 0.0592340 seconds
336.981: [GC336.981: [ParNew: 36961K->4152K(37632K), 0.0011780 secs] 65059K->32290K(121024K), 0.0012150 secs] [Times: user=0.00 sys=0.00, real=0.00 secs] 
336.982: Total time for which application threads were stopped: 0.0013360 seconds, Stopping threads took: 0.0000670 seconds
337.042: Application time: 0.0600140 seconds
337.042: [GC337.042: [ParNew: 37032K->4158K(37632K), 0.0017610 secs] 65169K->34431K(121024K), 0.0017960 secs] [Times: user=0.01 sys=0.00, real=0.00 secs] 
337.044: Total time for which application threads were stopped: 0.0019630 seconds, Stopping threads took: 0.0001090 seconds
337.106: Application time: 0.0615290 seconds
337.106: [GC337.106: [ParNew: 37109K->4158K(37632K), 0.0016830 secs] 67382K->36543K(121024K), 0.0017160 secs] [Times: user=0.02 sys=0.00, real=0.00 secs] 
337.108: Total time for which application threads were stopped: 0.0018650 seconds, Stopping threads took: 0.0000850 seconds
337.167: Application time: 0.0594810 seconds
337.167: [GC337.167: [ParNew: 37081K->4158K(37632K), 0.0014750 secs] 69467K->37656K(121024K), 0.0015060 secs] [Times: user=0.01 sys=0.00, real=0.00 secs] 
337.169: Total time for which application threads were stopped: 0.0016460 seconds, Stopping threads took: 0.0000820 seconds
337.235: Application time: 0.0660340 seconds
337.235: [GC337.235: [ParNew: 37266K->4158K(37632K), 0.0013640 secs] 70764K->38735K(121024K), 0.0013970 secs] [Times: user=0.01 sys=0.00, real=0.00 secs] 
337.236: Total time for which application threads were stopped: 0.0015400 seconds, Stopping threads took: 0.0000880 seconds
337.293: Application time: 0.0568240 seconds
337.293: [GC337.293: [ParNew: 37630K->4121K(37632K), 0.0017420 secs] 72207K->40794K(121024K), 0.0017760 secs] [Times: user=0.02 sys=0.00, real=0.00 secs] 
337.295: Total time for which application threads were stopped: 0.0019170 seconds, Stopping threads took: 0.0000820 seconds
337.360: Application time: 0.0645370 seconds
337.360: [GC337.360: [ParNew: 37085K->4114K(37632K), 0.0016510 secs] 73758K->42836K(121024K), 0.0016840 secs] [Times: user=0.02 sys=0.00, real=0.00 secs] 
337.361: Total time for which application threads were stopped: 0.0018300 seconds, Stopping threads took: 0.0000890 seconds
337.424: Application time: 0.0630250 seconds
337.425: [GC337.425: [ParNew: 36963K->4129K(37632K), 0.0014060 secs] 75684K->43875K(121024K), 0.0014400 secs] [Times: user=0.01 sys=0.00, real=0.00 secs] 
337.426: Total time for which application threads were stopped: 0.0015890 seconds, Stopping threads took: 0.0000910 seconds
337.486: Application time: 0.0598510 seconds
337.486: [GC337.486: [ParNew: 36661K->4147K(37632K), 0.0011820 secs] 76406K->43892K(121024K), 0.0012130 secs] [Times: user=0.00 sys=0.00, real=0.00 secs] 
337.487: Total time for which application threads were stopped: 0.0013320 seconds, Stopping threads took: 0.0000660 seconds
337.547: Application time: 0.0600870 seconds
337.547: [GC337.547: [ParNew: 37597K->4132K(37632K), 0.0013750 secs] 77343K->44901K(121024K), 0.0014050 secs] [Times: user=0.01 sys=0.00, real=0.00 secs] 
337.549: Total time for which application threads were stopped: 0.0015210 seconds, Stopping threads took: 0.0000630 seconds
337.606: Application time: 0.0574550 seconds
337.606: [GC337.606: [ParNew: 36840K->4114K(37632K), 0.0019880 secs] 77610K->47955K(121024K), 0.0020220 secs] [Times: user=0.01 sys=0.00, real=0.00 secs] 
337.608: Total time for which application threads were stopped: 0.0021460 seconds, Stopping threads took: 0.0000680 seconds
337.668: Application time: 0.0600010 seconds
337.669: [GC337.669: [ParNew: 37267K->4154K(37632K), 0.0017430 secs] 81109K->50060K(121024K), 0.0017770 secs] [Times: user=0.01 sys=0.00, real=0.00 secs] 
337.670: Total time for which application threads were stopped: 0.0019640 seconds, Stopping threads took: 0.0001190 seconds
337.734: Application time: 0.0637730 seconds
337.734: [GC337.734: [ParNew: 37279K->4157K(37632K), 0.0016230 secs] 83185K->52199K(121024K), 0.0016540 secs] [Times: user=0.02 sys=0.00, real=0.00 secs] 
337.736: Total time for which application threads were stopped: 0.0018080 seconds, Stopping threads took: 0.0000870 seconds
337.798: Application time: 0.0624610 seconds
337.799: [GC337.799: [ParNew: 37141K->4156K(37632K), 0.0018050 secs] 85182K->54326K(121024K), 0.0018450 secs] [Times: user=0.00 sys=0.00, real=0.01 secs] 
337.800: Total time for which application threads were stopped: 0.0019830 seconds, Stopping threads took: 0.0000800 seconds
337.862: Application time: 0.0617230 seconds
337.862: [GC337.862: [ParNew: 37245K->4159K(37632K), 0.0011760 secs] 87415K->54457K(121024K), 0.0012080 secs] [Times: user=0.01 sys=0.00, real=0.00 secs] 
337.864: Total time for which application threads were stopped: 0.0013430 seconds, Stopping threads took: 0.0000790 seconds
337.926: Application time: 0.0624330 seconds
337.926: [GC337.926: [ParNew: 36925K->4131K(37632K), 0.0013090 secs] 87223K->55517K(121024K), 0.0013400 secs] [Times: user=0.01 sys=0.00, real=0.00 secs] 
337.927: Total time for which application threads were stopped: 0.0014930 seconds, Stopping threads took: 0.0000960 seconds
337.986: Application time: 0.0586770 seconds
337.986: [GC337.986: [ParNew: 36706K->4115K(37632K), 0.0014520 secs] 88092K->56525K(121024K), 0.0014820 secs] [Times: user=0.01 sys=0.00, real=0.00 secs] 
337.988: Total time for which application threads were stopped: 0.0016230 seconds, Stopping threads took: 0.0000860 seconds
338.047: Application time: 0.0595600 seconds
338.047: [GC338.047: [ParNew: 36817K->4115K(37632K), 0.0016980 secs] 89227K->58573K(121024K), 0.0017310 secs] [Times: user=0.02 sys=0.00, real=0.00 secs] 
338.049: Total time for which application threads were stopped: 0.0018560 seconds, Stopping threads took: 0.0000670 seconds
338.114: Application time: 0.0649790 seconds
338.114: [GC338.114: [ParNew: 37038K->4130K(37632K), 0.0013400 secs] 91496K->59612K(121024K), 0.0013730 secs] [Times: user=0.01 sys=0.00, real=0.00 secs] 
338.116: Total time for which application threads were stopped: 0.0015220 seconds, Stopping threads took: 0.0000920 seconds
338.176: Application time: 0.0604040 seconds
338.176: [GC338.176: [ParNew: 36690K->3111K(37632K), 0.0009140 secs] 92172K->58593K(121024K), 0.0009420 secs] [Times: user=0.01 sys=0.00, real=0.00 secs] 
338.177: Total time for which application threads were stopped: 0.0010590 seconds, Stopping threads took: 0.0000560 seconds
338.239: Application time: 0.0616420 seconds
338.239: [GC338.239: [ParNew: 36583K->4138K(37632K), 0.0010400 secs] 92065K->59620K(121024K), 0.0010680 secs] [Times: user=0.00 sys=0.00, real=0.00 secs] 
338.240: Total time for which application threads were stopped: 0.0011780 seconds, Stopping threads took: 0.0000600 seconds
338.296: Application time: 0.0556520 seconds
338.296: [GC338.296: [ParNew: 36736K->4118K(37632K), 0.0020460 secs] 92218K->62672K(121024K), 0.0020770 secs] [Times: user=0.01 sys=0.00, real=0.00 secs] 
338.298: Total time for which application threads were stopped: 0.0022230 seconds, Stopping threads took: 0.0000900 seconds
338.358: Application time: 0.0605030 seconds
338.358: [GC338.358: [ParNew: 37277K->4148K(37632K), 0.0018210 secs] 95831K->64766K(121024K), 0.0018570 secs] [Times: user=0.01 sys=0.00, real=0.01 secs] 
338.360: Total time for which application threads were stopped: 0.0019850 seconds, Stopping threads took: 0.0000700 seconds
338.426: Application time: 0.0657620 seconds
338.426: [GC338.426: [ParNew: 37377K->4154K(37632K), 0.0014250 secs] 97995K->65900K(121024K), 0.0014570 secs] [Times: user=0.01 sys=0.00, real=0.00 secs] 
338.428: Total time for which application threads were stopped: 0.0015770 seconds, Stopping threads took: 0.0000630 seconds
338.488: Application time: 0.0606610 seconds
338.488: [GC338.488: [ParNew: 37013K->4158K(37632K), 0.0013660 secs] 98759K->67008K(121024K), 0.0013980 secs] [Times: user=0.01 sys=0.00, real=0.00 secs] 
338.490: Total time for which application threads were stopped: 0.0015320 seconds, Stopping threads took: 0.0000770 seconds
338.552: Application time: 0.0623720 seconds
338.552: [GC338.552: [ParNew: 37160K->3215K(37632K), 0.0009070 secs] 100010K->66105K(121024K), 0.0009460 secs] [Times: user=0.00 sys=0.00, real=0.00 secs] 
338.553: Total time for which application threads were stopped: 0.0010530 seconds, Stopping threads took: 0.0000550 seconds
338.610: Application time: 0.0563380 seconds
338.610: [GC338.610: [ParNew: 36687K->4112K(37632K), 0.0023460 secs] 99577K->71230K(121024K), 0.0023810 secs] [Times: user=0.02 sys=0.00, real=0.01 secs] 
338.612: Total time for which application threads were stopped: 0.0025110 seconds, Stopping threads took: 0.0000710 seconds
338.677: Application time: 0.0649310 seconds
338.677: [GC338.677: [ParNew: 37110K->4112K(37632K), 0.0019960 secs] 104229K->74302K(121024K), 0.0020280 secs] [Times: user=0.01 sys=0.00, real=0.01 secs] 
338.679: Total time for which application threads were stopped: 0.0021730 seconds, Stopping threads took: 0.0000790 seconds
338.740: Application time: 0.0606860 seconds
338.743: [GC338.743: [ParNew: 37006K->4116K(37632K), 0.0020950 secs] 107196K->77378K(121024K), 0.0021290 secs] [Times: user=0.01 sys=0.00, real=0.00 secs] 
338.745: Total time for which application threads were stopped: 0.0049040 seconds, Stopping threads took: 0.0027160 seconds
338.809: Application time: 0.0646210 seconds
338.811: [GC338.811: [ParNew: 37018K->4147K(37632K), 0.0011780 secs] 110281K->77410K(121024K), 0.0012060 secs] [Times: user=0.01 sys=0.00, real=0.00 secs] 
338.812: Total time for which application threads were stopped: 0.0026330 seconds, Stopping threads took: 0.0013470 seconds
338.872: Application time: 0.0603520 seconds
338.873: [GC338.873: [ParNew: 37619K->4154K(37632K), 0.0011470 secs] 110882K->77417K(121024K), 0.0011810 secs] [Times: user=0.01 sys=0.00, real=0.00 secs] 
338.874: Total time for which application threads were stopped: 0.0013460 seconds, Stopping threads took: 0.0001080 seconds
338.936: Application time: 0.0625620 seconds
338.936: [GC338.936: [ParNew: 36781K->3095K(37632K), 0.0008170 secs] 110044K->76357K(121024K), 0.0008460 secs] [Times: user=0.00 sys=0.00, real=0.00 secs] 
338.937: Total time for which application threads were stopped: 0.0009740 seconds, Stopping threads took: 0.0000770 seconds
338.993: Application time: 0.0558210 seconds
338.993: [GC338.993: [ParNew: 35548K->4119K(37632K), 0.0016760 secs] 108811K->79430K(121024K), 0.0017140 secs] [Times: user=0.01 sys=0.00, real=0.00 secs] 
338.995: Total time for which application threads were stopped: 0.0018320 seconds, Stopping threads took: 0.0000590 seconds
339.052: Application time: 0.0565890 seconds
339.052: [GC339.052: [ParNew: 37131K->4152K(37632K), 0.0020480 secs] 112442K->82551K(121024K), 0.0020820 secs] [Times: user=0.01 sys=0.00, real=0.00 secs] 
339.054: Total time for which application threads were stopped: 0.0022540 seconds, Stopping threads took: 0.0001150 seconds
339.120: Application time: 0.0660470 seconds
339.120: [GC339.120: [ParNew: 37398K->4159K(37632K), 0.0015250 secs] 115796K->83678K(121024K), 0.0015590 secs] [Times: user=0.01 sys=0.00, real=0.00 secs] 
339.122: Total time for which application threads were stopped: 0.0016810 seconds, Stopping threads took: 0.0000620 seconds
339.183: Application time: 0.0611200 seconds
339.183: [GC339.183: [ParNew: 37075K->4145K(37632K), 0.0016600 secs] 116594K->85808K(121024K), 0.0016930 secs] [Times: user=0.02 sys=0.00, real=0.00 secs] 
339.185: Total time for which application threads were stopped: 0.0018230 seconds, Stopping threads took: 0.0000630 seconds
339.245: Application time: 0.0608120 seconds
339.245: [GC339.245: [ParNew: 37114K->4158K(37632K), 0.0011870 secs] 118777K->85929K(121024K), 0.0012170 secs] [Times: user=0.01 sys=0.00, real=0.00 secs] 
339.247: Total time for which application threads were stopped: 0.0013440 seconds, Stopping threads took: 0.0000720 seconds
339.310: Application time: 0.0632390 seconds
339.310: [GC339.310: [ParNew: 36962K->4132K(37632K), 0.0013520 secs] 118733K->87007K(121024K), 0.0013850 secs] [Times: user=0.01 sys=0.00, real=0.01 secs] 
339.311: Total time for which application threads were stopped: 0.0015230 seconds, Stopping threads took: 0.0000830 seconds
339.369: Application time: 0.0570980 seconds
339.369: [GC339.369: [ParNew: 36726K->4112K(37632K), 0.0019160 secs]339.371: [Tenured: 85947K->12542K(86476K), 0.0102480 secs] 119601K->12542K(124108K), [Perm : 5530K->5530K(21248K)], 0.0123660 secs] [Times: user=0.02 sys=0.00, real=0.02 secs] 
339.381: Total time for which application threads were stopped: 0.0125260 seconds, Stopping threads took: 0.0000920 seconds
339.444: Application time: 0.0633990 seconds
339.445: [GC339.445: [ParNew: 32968K->4114K(37632K), 0.0019370 secs] 45511K->19728K(121024K), 0.0019810 secs] [Times: user=0.01 sys=0.00, real=0.00 secs] 
339.447: Total time for which application threads were stopped: 0.0021390 seconds, Stopping threads took: 0.0000970 seconds
339.509: Application time: 0.0623980 seconds
339.509: [GC339.509: [ParNew: 36884K->4134K(37632K), 0.0012100 secs] 52498K->19749K(121024K), 0.0012380 secs] [Times: user=0.01 sys=0.00, real=0.00 secs] 
339.510: Total time for which application threads were stopped: 0.0013730 seconds, Stopping threads took: 0.0000810 seconds
339.572: Application time: 0.0620350 seconds
339.573: [GC339.573: [ParNew: 36757K->2116K(37632K), 0.0006120 secs] 52371K->17730K(121024K), 0.0006400 secs] [Times: user=0.00 sys=0.00, real=0.00 secs] 
339.573: Total time for which application threads were stopped: 0.0008010 seconds, Stopping threads took: 0.0001060 seconds
339.632: Application time: 0.0591370 seconds
339.632: [GC339.632: [ParNew: 35535K->4114K(37632K), 0.0013800 secs] 51149K->20752K(121024K), 0.0014150 secs] [Times: user=0.01 sys=0.00, real=0.00 secs] 
339.634: Total time for which application threads were stopped: 0.0015390 seconds, Stopping threads took: 0.0000670 seconds
339.689: Application time: 0.0554370 seconds
339.689: [GC339.689: [ParNew: 36686K->4115K(37632K), 0.0017800 secs] 53325K->22801K(121024K), 0.0018110 secs] [Times: user=0.01 sys=0.00, real=0.01 secs] 
339.691: Total time for which application threads were stopped: 0.0019550 seconds, Stopping threads took: 0.0000770 seconds
339.757: Application time: 0.0652950 seconds
339.757: [GC339.757: [ParNew: 37298K->4156K(37632K), 0.0013700 secs] 55985K->23883K(121024K), 0.0013980 secs] [Times: user=0.01 sys=0.00, real=0.00 secs] 
339.758: Total time for which application threads were stopped: 0.0015270 seconds, Stopping threads took: 0.0000760 seconds
339.818: Application time: 0.0596720 seconds
339.818: [GC339.818: [ParNew: 37207K->4154K(37632K), 0.0016820 secs] 56934K->26033K(121024K), 0.0017150 secs] [Times: user=0.01 sys=0.00, real=0.01 secs] 
339.820: Total time for which application threads were stopped: 0.0018510 seconds, Stopping threads took: 0.0000790 seconds
339.882: Application time: 0.0620470 seconds
339.882: [GC339.882: [ParNew: 37011K->4158K(37632K), 0.0013670 secs] 58890K->27157K(121024K), 0.0013980 secs] [Times: user=0.01 sys=0.00, real=0.00 secs] 
339.883: Total time for which application threads were stopped: 0.0015220 seconds, Stopping threads took: 0.0000710 seconds
339.942: Application time: 0.0591660 seconds
339.943: [GC339.943: [ParNew: 37116K->4159K(37632K), 0.0014840 secs] 60115K->28254K(121024K), 0.0015180 secs] [Times: user=0.01 sys=0.00, real=0.00 secs] 
339.944: Total time for which application threads were stopped: 0.0016440 seconds, Stopping threads took: 0.0000700 seconds
340.008: Application time: 0.0635490 seconds
340.008: [GC340.008: [ParNew: 37035K->4128K(37632K), 0.0017330 secs] 61130K->30343K(121024K), 0.0017660 secs] [Times: user=0.01 sys=0.00, real=0.00 secs] 
340.010: Total time for which application threads were stopped: 0.0019100 seconds, Stopping threads took: 0.0000860 seconds
340.066: Application time: 0.0562180 seconds
340.066: [GC340.066: [ParNew: 37600K->4118K(37632K), 0.0017150 secs] 63815K->32381K(121024K), 0.0017470 secs] [Times: user=0.01 sys=0.00, real=0.00 secs] 
340.068: Total time for which application threads were stopped: 0.0018800 seconds, Stopping threads took: 0.0000760 seconds
340.132: Application time: 0.0641630 seconds
340.132: [GC340.132: [ParNew: 37049K->4114K(37632K), 0.0017520 secs] 65312K->34425K(121024K), 0.0017920 secs] [Times: user=0.01 sys=0.00, real=0.00 secs] 
340.134: Total time for which application threads were stopped: 0.0019240 seconds, Stopping threads took: 0.0000770 seconds
340.197: Application time: 0.0634770 seconds
340.197: [GC340.197: [ParNew: 37045K->4115K(37632K), 0.0013640 secs] 67356K->35450K(121024K), 0.0013960 secs] [Times: user=0.01 sys=0.00, real=0.01 secs] 
340.199: Total time for which application threads were stopped: 0.0015310 seconds, Stopping threads took: 0.0000720 seconds
340.257: Application time: 0.0578230 seconds
340.257: [GC340.257: [ParNew: 36659K->4132K(37632K), 0.0014030 secs] 67994K->36491K(121024K), 0.0016760 secs] [Times: user=0.01 sys=0.00, real=0.00 secs] 
340.258: Total time for which application threads were stopped: 0.0018220 seconds, Stopping threads took: 0.0000840 seconds
340.320: Application time: 0.0618370 seconds
340.320: [GC340.320: [ParNew: 36933K->4114K(37632K), 0.0016850 secs] 69292K->38521K(121024K), 0.0017190 secs] [Times: user=0.01 sys=0.00, real=0.00 secs] 
340.322: Total time for which application threads were stopped: 0.0018690 seconds, Stopping threads took: 0.0000940 seconds
340.386: Application time: 0.0644320 seconds
340.387: [GC340.387: [ParNew: 37067K->4133K(37632K), 0.0010220 secs] 71474K->38540K(121024K), 0.0010500 secs] [Times: user=0.01 sys=0.00, real=0.00 secs] 
340.388: Total time for which application threads were stopped: 0.0011940 seconds, Stopping threads took: 0.0000900 seconds
340.444: Application time: 0.0561030 seconds
340.444: [GC340.444: [ParNew: 36760K->4159K(37632K), 0.0014150 secs] 71167K->39606K(121024K), 0.0014460 secs] [Times: user=0.01 sys=0.00, real=0.00 secs] 
340.445: Total time for which application threads were stopped: 0.0015670 seconds, Stopping threads took: 0.0000620 seconds
340.509: Application time: 0.0635210 seconds
340.509: [GC340.509: [ParNew: 37215K->4158K(37632K), 0.0014960 secs] 72662K->40733K(121024K), 0.0015280 secs] [Times: user=0.01 sys=0.01, real=0.01 secs] 
340.511: Total time for which application threads were stopped: 0.0017760 seconds, Stopping threads took: 0.0001880 seconds
340.568: Application time: 0.0570480 seconds
340.568: [GC340.568: [ParNew: 36777K->4158K(37632K), 0.0014150 secs] 73352K->41833K(121024K), 0.0014460 secs] [Times: user=0.01 sys=0.00, real=0.00 secs] 
340.569: Total time for which application threads were stopped: 0.0015880 seconds, Stopping threads took: 0.0000840 seconds
340.629: Application time: 0.0596530 seconds
340.629: [GC340.629: [ParNew: 37220K->4156K(37632K), 0.0017440 secs] 74895K->43963K(121024K), 0.0017780 secs] [Times: user=0.01 sys=0.00, real=0.01 secs] 
340.631: Total time for which application threads were stopped: 0.0019050 seconds, Stopping threads took: 0.0000680 seconds
340.696: Application time: 0.0656230 seconds
340.697: [GC340.697: [ParNew: 37122K->4150K(37632K), 0.0014420 secs] 76930K->45061K(121024K), 0.0014760 secs] [Times: user=0.01 sys=0.00, real=0.00 secs] 
340.698: Total time for which application threads were stopped: 0.0016210 seconds, Stopping threads took: 0.0000870 seconds
340.755: Application time: 0.0570540 seconds
340.755: [GC340.755: [ParNew: 37622K->4121K(37632K), 0.0016620 secs] 78533K->47081K(121024K), 0.0016950 secs] [Times: user=0.01 sys=0.00, real=0.00 secs] 
340.757: Total time for which application threads were stopped: 0.0018280 seconds, Stopping threads took: 0.0000630 seconds
340.820: Application time: 0.0631770 seconds
340.820: [GC340.820: [ParNew: 36988K->4114K(37632K), 0.0016950 secs] 79948K->49121K(121024K), 0.0017290 secs] [Times: user=0.02 sys=0.00, real=0.00 secs] 
340.822: Total time for which application threads were stopped: 0.0018600 seconds, Stopping threads took: 0.0000750 seconds
340.885: Application time: 0.0626270 seconds
340.885: [GC340.885: [ParNew: 37024K->4117K(37632K), 0.0016130 secs] 82031K->51173K(121024K), 0.0016450 secs] [Times: user=0.01 sys=0.00, real=0.00 secs] 
340.886: Total time for which application threads were stopped: 0.0017760 seconds, Stopping threads took: 0.0000730 seconds
340.945: Application time: 0.0590420 seconds
340.946: [GC340.946: [ParNew: 36753K->4133K(37632K), 0.0013750 secs] 83808K->52212K(121024K), 0.0014160 secs] [Times: user=0.01 sys=0.00, real=0.00 secs] 
340.947: Total time for which application threads were stopped: 0.0015380 seconds, Stopping threads took: 0.0000630 seconds
341.008: Application time: 0.0608810 seconds
341.008: [GC341.008: [ParNew: 36897K->4110K(37632K), 0.0016530 secs] 84976K->54238K(121024K), 0.0016850 secs] [Times: user=0.01 sys=0.00, real=0.00 secs] 
341.010: Total time for which application threads were stopped: 0.0018110 seconds, Stopping threads took: 0.0000680 seconds
341.075: Application time: 0.0648220 seconds
341.075: [GC341.075: [ParNew: 37052K->4154K(37632K), 0.0010500 secs] 87180K->54281K(121024K), 0.0010790 secs] [Times: user=0.01 sys=0.00, real=0.00 secs] 
341.076: Total time for which application threads were stopped: 0.0012170 seconds, Stopping threads took: 0.0000830 seconds
341.132: Application time: 0.0564620 seconds
341.132: [GC341.132: [ParNew: 36793K->4158K(37632K), 0.0013930 secs] 86920K->55326K(121024K), 0.0014250 secs] [Times: user=0.01 sys=0.00, real=0.00 secs] 
341.134: Total time for which application threads were stopped: 0.0015410 seconds, Stopping threads took: 0.0000600 seconds
341.196: Application time: 0.0618580 seconds
341.196: [GC341.196: [ParNew: 37192K->4154K(37632K), 0.0017710 secs] 88360K->57482K(121024K), 0.0018010 secs] [Times: user=0.02 sys=0.00, real=0.00 secs] 
341.198: Total time for which application threads were stopped: 0.0019320 seconds, Stopping threads took: 0.0000750 seconds
341.257: Application time: 0.0595470 seconds
341.257: [GC341.257: [ParNew: 36913K->4154K(37632K), 0.0011430 secs] 90241K->57562K(121024K), 0.0011740 secs] [Times: user=0.01 sys=0.00, real=0.00 secs] 
341.258: Total time for which application threads were stopped: 0.0013110 seconds, Stopping threads took: 0.0000710 seconds
341.318: Application time: 0.0593720 seconds
341.318: [GC341.318: [ParNew: 37129K->4152K(37632K), 0.0017200 secs] 90537K->59688K(121024K), 0.0017530 secs] [Times: user=0.01 sys=0.00, real=0.01 secs] 
341.320: Total time for which application threads were stopped: 0.0018850 seconds, Stopping threads took: 0.0000730 seconds
341.383: Application time: 0.0631680 seconds
341.383: [GC341.383: [ParNew: 37041K->4131K(37632K), 0.0014630 secs] 92577K->60775K(121024K), 0.0014940 secs] [Times: user=0.01 sys=0.00, real=0.00 secs] 
341.385: Total time for which application threads were stopped: 0.0016490 seconds, Stopping threads took: 0.0000990 seconds
341.441: Application time: 0.0564410 seconds
341.441: [GC341.441: [ParNew: 37603K->4116K(37632K), 0.0017080 secs] 94247K->62808K(121024K), 0.0017400 secs] [Times: user=0.01 sys=0.00, real=0.00 secs] 
341.443: Total time for which application threads were stopped: 0.0018730 seconds, Stopping threads took: 0.0000790 seconds
341.507: Application time: 0.0643340 seconds
341.508: [GC341.509: [ParNew: 37047K->4116K(37632K), 0.0018980 secs] 95739K->64856K(121024K), 0.0019350 secs] [Times: user=0.01 sys=0.00, real=0.00 secs] 
341.510: Total time for which application threads were stopped: 0.0032850 seconds, Stopping threads took: 0.0012890 seconds
341.574: Application time: 0.0632470 seconds
341.574: [GC341.574: [ParNew: 37067K->4113K(37632K), 0.0017170 secs] 97807K->66901K(121024K), 0.0017490 secs] [Times: user=0.01 sys=0.00, real=0.00 secs] 
341.576: Total time for which application threads were stopped: 0.0019110 seconds, Stopping threads took: 0.0001050 seconds
341.634: Application time: 0.0585430 seconds
341.634: [GC341.634: [ParNew: 36742K->4117K(37632K), 0.0014160 secs] 99530K->67929K(121024K), 0.0014490 secs] [Times: user=0.01 sys=0.00, real=0.00 secs] 
341.636: Total time for which application threads were stopped: 0.0015820 seconds, Stopping threads took: 0.0000750 seconds
341.699: Application time: 0.0634130 seconds
341.699: [GC341.699: [ParNew: 36974K->4131K(37632K), 0.0013450 secs] 100786K->68967K(121024K), 0.0013850 secs] [Times: user=0.01 sys=0.00, real=0.00 secs] 
341.701: Total time for which application threads were stopped: 0.0015160 seconds, Stopping threads took: 0.0000730 seconds
341.764: Application time: 0.0629340 seconds
341.764: [GC341.764: [ParNew: 37072K->3143K(37632K), 0.0008240 secs] 101909K->67979K(121024K), 0.0008530 secs] [Times: user=0.00 sys=0.00, real=0.00 secs] 
341.765: Total time for which application threads were stopped: 0.0010010 seconds, Stopping threads took: 0.0000840 seconds
341.823: Application time: 0.0583390 seconds
341.823: [GC341.823: [ParNew: 35709K->4145K(37632K), 0.0014530 secs] 100545K->70078K(121024K), 0.0014870 secs] [Times: user=0.01 sys=0.00, real=0.00 secs] 
341.825: Total time for which application threads were stopped: 0.0016310 seconds, Stopping threads took: 0.0000880 seconds
341.884: Application time: 0.0594460 seconds
341.884: [GC341.884: [ParNew: 37029K->4159K(37632K), 0.0017270 secs] 102962K->72195K(121024K), 0.0017570 secs] [Times: user=0.01 sys=0.00, real=0.00 secs] 
341.886: Total time for which application threads were stopped: 0.0019100 seconds, Stopping threads took: 0.0000980 seconds
341.947: Application time: 0.0610100 seconds
341.947: [GC341.947: [ParNew: 36982K->4158K(37632K), 0.0014110 secs] 105018K->73314K(121024K), 0.0014420 secs] [Times: user=0.01 sys=0.00, real=0.00 secs] 
341.949: Total time for which application threads were stopped: 0.0015780 seconds, Stopping threads took: 0.0000820 seconds
342.006: Application time: 0.0571250 seconds
342.006: [GC342.006: [ParNew: 36881K->4154K(37632K), 0.0017470 secs] 106037K->75446K(121024K), 0.0017810 secs] [Times: user=0.01 sys=0.00, real=0.00 secs] 
342.008: Total time for which application threads were stopped: 0.0019260 seconds, Stopping threads took: 0.0000890 seconds
342.074: Application time: 0.0660790 seconds
342.074: [GC342.074: [ParNew: 37272K->3155K(37632K), 0.0009400 secs] 108565K->74512K(121024K), 0.0009720 secs] [Times: user=0.00 sys=0.00, real=0.00 secs] 
342.075: Total time for which application threads were stopped: 0.0011100 seconds, Stopping threads took: 0.0000850 seconds
342.130: Application time: 0.0549730 seconds
342.130: [GC342.130: [ParNew: 36615K->4116K(37632K), 0.0017610 secs] 107971K->77601K(121024K), 0.0017990 secs] [Times: user=0.01 sys=0.00, real=0.01 secs] 
342.132: Total time for which application threads were stopped: 0.0019470 seconds, Stopping threads took: 0.0000890 seconds
342.196: Application time: 0.0644260 seconds
342.196: [GC342.196: [ParNew: 37080K->4114K(37632K), 0.0017190 secs] 110565K->79646K(121024K), 0.0017500 secs] [Times: user=0.01 sys=0.00, real=0.00 secs] 
342.198: Total time for which application threads were stopped: 0.0018630 seconds, Stopping threads took: 0.0000550 seconds
342.257: Application time: 0.0594940 seconds
342.258: [GC342.258: [ParNew: 36976K->4114K(37632K), 0.0019340 secs] 112508K->82718K(121024K), 0.0019680 secs] [Times: user=0.01 sys=0.00, real=0.01 secs] 
342.260: Total time for which application threads were stopped: 0.0021310 seconds, Stopping threads took: 0.0001040 seconds
342.324: Application time: 0.0643330 seconds
342.324: [GC342.324: [ParNew: 37008K->4112K(37632K), 0.0013940 secs] 115613K->83741K(121024K), 0.0014260 secs] [Times: user=0.01 sys=0.00, real=0.00 secs] 
342.326: Total time for which application threads were stopped: 0.0015690 seconds, Stopping threads took: 0.0000790 seconds
342.388: Application time: 0.0623950 seconds
342.388: [GC342.388: [ParNew: 36849K->4131K(37632K), 0.0011050 secs] 116478K->83759K(121024K), 0.0011350 secs] [Times: user=0.01 sys=0.00, real=0.00 secs] 
342.389: Total time for which application threads were stopped: 0.0012860 seconds, Stopping threads took: 0.0000980 seconds
342.451: Application time: 0.0622880 seconds
342.452: [GC342.452: [ParNew: 36983K->4147K(37632K), 0.0010960 secs] 116612K->83775K(121024K), 0.0011250 secs] [Times: user=0.01 sys=0.00, real=0.00 secs] 
342.453: Total time for which application threads were stopped: 0.0012480 seconds, Stopping threads took: 0.0000700 seconds
342.512: Application time: 0.0592320 seconds
342.512: [GC342.512: [ParNew: 36813K->4159K(37632K), 0.0014180 secs] 116441K->84884K(121024K), 0.0014550 secs] [Times: user=0.01 sys=0.00, real=0.00 secs] 
342.514: Total time for which application threads were stopped: 0.0015630 seconds, Stopping threads took: 0.0000540 seconds
342.573: Application time: 0.0594320 seconds
342.573: [GC342.573: [ParNew: 36996K->4156K(37632K), 0.0017730 secs] 117721K->87008K(121024K), 0.0018070 secs] [Times: user=0.02 sys=0.00, real=0.00 secs] 
342.575: Total time for which application threads were stopped: 0.0019460 seconds, Stopping threads took: 0.0000800 seconds
342.637: Application time: 0.0616850 seconds
342.637: [GC342.637: [ParNew: 37050K->4159K(37632K), 0.0011480 secs] 119902K->87116K(121024K), 0.0011800 secs] [Times: user=0.01 sys=0.00, real=0.00 secs] 
342.638: Total time for which application threads were stopped: 0.0013380 seconds, Stopping threads took: 0.0001040 seconds
342.694: Application time: 0.0562250 seconds
342.694: [GC342.694: [ParNew: 36773K->4154K(37632K), 0.0017320 secs]342.696: [Tenured: 85076K->9888K(85448K), 0.0086920 secs] 119730K->9888K(123080K), [Perm : 5530K->5530K(21248K)], 0.0105650 secs] [Times: user=0.02 sys=0.00, real=0.01 secs] 
342.705: Total time for which application threads were stopped: 0.0107260 seconds, Stopping threads took: 0.0000960 seconds
342.770: Application time: 0.0647310 seconds
342.770: [GC342.770: [ParNew: 33036K->4159K(37632K), 0.0012590 secs] 42925K->14064K(121024K), 0.0012920 secs] [Times: user=0.01 sys=0.00, real=0.01 secs] 
342.771: Total time for which application threads were stopped: 0.0014390 seconds, Stopping threads took: 0.0000910 seconds
342.826: Application time: 0.0547050 seconds
342.826: [GC342.826: [ParNew: 36691K->4114K(37632K), 0.0018250 secs] 46596K->16122K(121024K), 0.0018590 secs] [Times: user=0.02 sys=0.00, real=0.00 secs] 
342.828: Total time for which application threads were stopped: 0.0020370 seconds, Stopping threads took: 0.0001150 seconds
342.892: Application time: 0.0640840 seconds
342.892: [GC342.892: [ParNew: 37104K->4116K(37632K), 0.0019360 secs] 49112K->19196K(121024K), 0.0019700 secs] [Times: user=0.01 sys=0.00, real=0.00 secs] 
342.894: Total time for which application threads were stopped: 0.0021120 seconds, Stopping threads took: 0.0000840 seconds
342.955: Application time: 0.0612750 seconds
342.955: [GC342.955: [ParNew: 37005K->4130K(37632K), 0.0016640 secs] 52086K->21258K(121024K), 0.0016950 secs] [Times: user=0.02 sys=0.00, real=0.00 secs] 
342.957: Total time for which application threads were stopped: 0.0018520 seconds, Stopping threads took: 0.0001010 seconds
343.019: Application time: 0.0621720 seconds
343.019: [GC343.019: [ParNew: 36916K->4146K(37632K), 0.0013470 secs] 54045K->22299K(121024K), 0.0013800 secs] [Times: user=0.01 sys=0.00, real=0.00 secs] 
343.021: Total time for which application threads were stopped: 0.0015380 seconds, Stopping threads took: 0.0001020 seconds
343.083: Application time: 0.0621550 seconds
343.083: [GC343.083: [ParNew: 36898K->4117K(37632K), 0.0013810 secs] 55051K->23293K(121024K), 0.0014140 secs] [Times: user=0.01 sys=0.00, real=0.00 secs] 
343.085: Total time for which application threads were stopped: 0.0015400 seconds, Stopping threads took: 0.0000710 seconds
343.144: Application time: 0.0593380 seconds
343.144: [GC343.144: [ParNew: 37582K->4130K(37632K), 0.0017210 secs] 56758K->25354K(121024K), 0.0017530 secs] [Times: user=0.02 sys=0.00, real=0.00 secs] 
343.146: Total time for which application threads were stopped: 0.0019040 seconds, Stopping threads took: 0.0000950 seconds
343.209: Application time: 0.0631100 seconds
343.209: [GC343.209: [ParNew: 37225K->4154K(37632K), 0.0013530 secs] 58449K->26418K(121024K), 0.0013820 secs] [Times: user=0.01 sys=0.00, real=0.00 secs] 
343.210: Total time for which application threads were stopped: 0.0015270 seconds, Stopping threads took: 0.0000890 seconds
343.270: Application time: 0.0594590 seconds
343.270: [GC343.270: [ParNew: 37070K->4155K(37632K), 0.0017200 secs] 59335K->28548K(121024K), 0.0017650 secs] [Times: user=0.01 sys=0.00, real=0.01 secs] 
343.272: Total time for which application threads were stopped: 0.0018930 seconds, Stopping threads took: 0.0000680 seconds
343.332: Application time: 0.0602550 seconds
343.332: [GC343.332: [ParNew: 36803K->4159K(37632K), 0.0016130 secs] 61195K->29648K(121024K), 0.0016450 secs] [Times: user=0.01 sys=0.00, real=0.00 secs] 
343.334: Total time for which application threads were stopped: 0.0017910 seconds, Stopping threads took: 0.0000790 seconds
343.396: Application time: 0.0622180 seconds
343.396: [GC343.396: [ParNew: 37321K->4156K(37632K), 0.0017440 secs] 62809K->31797K(121024K), 0.0017790 secs] [Times: user=0.01 sys=0.00, real=0.00 secs] 
343.398: Total time for which application threads were stopped: 0.0019240 seconds, Stopping threads took: 0.0000850 seconds
343.457: Application time: 0.0593450 seconds
343.457: [GC343.457: [ParNew: 36813K->4144K(37632K), 0.0014390 secs] 64454K->32897K(121024K), 0.0014720 secs] [Times: user=0.01 sys=0.00, real=0.01 secs] 
343.459: Total time for which application threads were stopped: 0.0015960 seconds, Stopping threads took: 0.0000660 seconds
343.521: Application time: 0.0616170 seconds
343.521: [GC343.521: [ParNew: 36898K->4119K(37632K), 0.0012340 secs] 65651K->33896K(121024K), 0.0012650 secs] [Times: user=0.01 sys=0.00, real=0.00 secs] 
343.522: Total time for which application threads were stopped: 0.0013890 seconds, Stopping threads took: 0.0000690 seconds
343.581: Application time: 0.0587440 seconds
343.581: [GC343.581: [ParNew: 36913K->4110K(37632K), 0.0019850 secs] 66690K->36959K(121024K), 0.0020210 secs] [Times: user=0.02 sys=0.00, real=0.00 secs] 
343.583: Total time for which application threads were stopped: 0.0021790 seconds, Stopping threads took: 0.0001010 seconds
343.647: Application time: 0.0644410 seconds
343.647: [GC343.647: [ParNew: 37096K->4119K(37632K), 0.0017000 secs] 69945K->39015K(121024K), 0.0017330 secs] [Times: user=0.01 sys=0.00, real=0.00 secs] 
343.649: Total time for which application threads were stopped: 0.0018550 seconds, Stopping threads took: 0.0000650 seconds
343.709: Application time: 0.0594320 seconds
343.709: [GC343.709: [ParNew: 36873K->4129K(37632K), 0.0014980 secs] 71770K->40050K(121024K), 0.0015290 secs] [Times: user=0.01 sys=0.00, real=0.00 secs] 
343.710: Total time for which application threads were stopped: 0.0016880 seconds, Stopping threads took: 0.0001030 seconds
343.774: Application time: 0.0632550 seconds
343.774: [GC343.774: [ParNew: 36945K->3132K(37632K), 0.0008820 secs] 72866K->39053K(121024K), 0.0009200 secs] [Times: user=0.01 sys=0.00, real=0.00 secs] 
343.775: Total time for which application threads were stopped: 0.0010490 seconds, Stopping threads took: 0.0000750 seconds
343.839: Application time: 0.0648490 seconds
343.840: [GC343.840: [ParNew: 35989K->2119K(37632K), 0.0006070 secs] 71910K->38040K(121024K), 0.0006360 secs] [Times: user=0.00 sys=0.00, real=0.00 secs] 
343.840: Total time for which application threads were stopped: 0.0007620 seconds, Stopping threads took: 0.0000630 seconds
343.898: Application time: 0.0576080 seconds
343.898: [GC343.898: [ParNew: 35591K->4159K(37632K), 0.0012730 secs] 71512K->40136K(121024K), 0.0013080 secs] [Times: user=0.01 sys=0.00, real=0.01 secs] 
343.899: Total time for which application threads were stopped: 0.0014290 seconds, Stopping threads took: 0.0000650 seconds
343.958: Application time: 0.0586190 seconds
343.958: [GC343.958: [ParNew: 37012K->4157K(37632K), 0.0017740 secs] 72989K->42246K(121024K), 0.0018110 secs] [Times: user=0.01 sys=0.00, real=0.01 secs] 
343.960: Total time for which application threads were stopped: 0.0019410 seconds, Stopping threads took: 0.0000710 seconds
344.021: Application time: 0.0613600 seconds
344.021: [GC344.021: [ParNew: 37056K->4158K(37632K), 0.0013820 secs] 75146K->43351K(121024K), 0.0014130 secs] [Times: user=0.01 sys=0.00, real=0.00 secs] 
344.023: Total time for which application threads were stopped: 0.0015380 seconds, Stopping threads took: 0.0000730 seconds
344.084: Application time: 0.0608830 seconds
344.084: [GC344.084: [ParNew: 37255K->4157K(37632K), 0.0014070 secs] 76448K->44478K(121024K), 0.0014460 secs] [Times: user=0.01 sys=0.00, real=0.00 secs] 
344.085: Total time for which application threads were stopped: 0.0015730 seconds, Stopping threads took: 0.0000720 seconds
344.147: Application time: 0.0619720 seconds
344.147: [GC344.147: [ParNew: 36943K->4150K(37632K), 0.0013070 secs] 77264K->45567K(121024K), 0.0013390 secs] [Times: user=0.01 sys=0.00, real=0.00 secs] 
344.149: Total time for which application threads were stopped: 0.0014960 seconds, Stopping threads took: 0.0001040 seconds
344.208: Application time: 0.0592770 seconds
344.208: [GC344.208: [ParNew: 36754K->4118K(37632K), 0.0013220 secs] 78172K->46559K(121024K), 0.0013540 secs] [Times: user=0.01 sys=0.00, real=0.00 secs] 
344.209: Total time for which application threads were stopped: 0.0014860 seconds, Stopping threads took: 0.0000730 seconds
344.267: Application time: 0.0578400 seconds
344.267: [GC344.267: [ParNew: 36882K->4114K(37632K), 0.0019830 secs] 79323K->49627K(121024K), 0.0020150 secs] [Times: user=0.02 sys=0.00, real=0.00 secs] 
344.269: Total time for which application threads were stopped: 0.0021700 seconds, Stopping threads took: 0.0000960 seconds
344.333: Application time: 0.0634560 seconds
344.333: [GC344.333: [ParNew: 37068K->4114K(37632K), 0.0019570 secs] 82581K->52699K(121024K), 0.0019900 secs] [Times: user=0.02 sys=0.00, real=0.00 secs] 
344.335: Total time for which application threads were stopped: 0.0021430 seconds, Stopping threads took: 0.0000950 seconds
344.398: Application time: 0.0625550 seconds
344.398: [GC344.398: [ParNew: 36998K->4116K(37632K), 0.0016660 secs] 85584K->54749K(121024K), 0.0016990 secs] [Times: user=0.01 sys=0.00, real=0.01 secs] 
344.399: Total time for which application threads were stopped: 0.0018550 seconds, Stopping threads took: 0.0000920 seconds
344.462: Application time: 0.0626820 seconds
344.462: [GC344.462: [ParNew: 36949K->3163K(37632K), 0.0009020 secs] 87583K->53797K(121024K), 0.0009340 secs] [Times: user=0.01 sys=0.00, real=0.00 secs] 
344.463: Total time for which application threads were stopped: 0.0010580 seconds, Stopping threads took: 0.0000680 seconds
344.524: Application time: 0.0610280 seconds
344.524: [GC344.524: [ParNew: 36635K->4158K(37632K), 0.0011010 secs] 87269K->54839K(121024K), 0.0011280 secs] [Times: user=0.01 sys=0.00, real=0.00 secs] 
344.525: Total time for which application threads were stopped: 0.0012600 seconds, Stopping threads took: 0.0000810 seconds
344.591: Application time: 0.0651490 seconds
344.591: [GC344.591: [ParNew: 37194K->4146K(37632K), 0.0011360 secs] 87875K->54915K(121024K), 0.0011660 secs] [Times: user=0.01 sys=0.00, real=0.00 secs] 
344.592: Total time for which application threads were stopped: 0.0013680 seconds, Stopping threads took: 0.0001490 seconds
344.653: Application time: 0.0609540 seconds
344.653: [GC344.653: [ParNew: 36958K->4143K(37632K), 0.0016910 secs] 87727K->57024K(121024K), 0.0017270 secs] [Times: user=0.01 sys=0.00, real=0.00 secs] 
344.655: Total time for which application threads were stopped: 0.0019080 seconds, Stopping threads took: 0.0001220 seconds
344.715: Application time: 0.0599930 seconds
344.716: [GC344.716: [ParNew: 36815K->4158K(37632K), 0.0012350 secs] 89696K->57147K(121024K), 0.0012650 secs] [Times: user=0.01 sys=0.00, real=0.00 secs] 
344.717: Total time for which application threads were stopped: 0.0020430 seconds, Stopping threads took: 0.0007030 seconds
344.774: Application time: 0.0571990 seconds
344.774: [GC344.774: [ParNew: 36823K->4152K(37632K), 0.0020440 secs] 89813K->60261K(121024K), 0.0020810 secs] [Times: user=0.02 sys=0.00, real=0.00 secs] 
344.776: Total time for which application threads were stopped: 0.0022200 seconds, Stopping threads took: 0.0000800 seconds
344.840: Application time: 0.0633710 seconds
344.843: [GC344.843: [ParNew: 37241K->4156K(37632K), 0.0017460 secs] 93351K->62402K(121024K), 0.0017780 secs] [Times: user=0.02 sys=0.00, real=0.00 secs] 
344.845: Total time for which application threads were stopped: 0.0047800 seconds, Stopping threads took: 0.0029340 seconds
344.903: Application time: 0.0587540 seconds
344.903: [GC344.903: [ParNew: 36878K->4114K(37632K), 0.0013890 secs] 95124K->63440K(121024K), 0.0014210 secs] [Times: user=0.01 sys=0.00, real=0.00 secs] 
344.905: Total time for which application threads were stopped: 0.0015600 seconds, Stopping threads took: 0.0000760 seconds
344.968: Application time: 0.0627770 seconds
344.968: [GC344.968: [ParNew: 37007K->4119K(37632K), 0.0011640 secs] 96333K->63445K(121024K), 0.0011960 secs] [Times: user=0.00 sys=0.00, real=0.00 secs] 
344.969: Total time for which application threads were stopped: 0.0013590 seconds, Stopping threads took: 0.0001090 seconds
345.029: Application time: 0.0600570 seconds
345.029: [GC345.029: [ParNew: 36994K->4112K(37632K), 0.0020430 secs] 96320K->66510K(121024K), 0.0020770 secs] [Times: user=0.02 sys=0.00, real=0.01 secs] 
345.031: Total time for which application threads were stopped: 0.0022670 seconds, Stopping threads took: 0.0001320 seconds
345.092: Application time: 0.0611450 seconds
345.093: [GC345.093: [ParNew: 36921K->4128K(37632K), 0.0018220 secs] 99319K->68574K(121024K), 0.0018540 secs] [Times: user=0.01 sys=0.00, real=0.00 secs] 
345.094: Total time for which application threads were stopped: 0.0019870 seconds, Stopping threads took: 0.0000750 seconds
345.161: Application time: 0.0665400 seconds
345.161: [GC345.161: [ParNew: 37124K->4126K(37632K), 0.0012300 secs] 101570K->68572K(121024K), 0.0012630 secs] [Times: user=0.01 sys=0.00, real=0.00 secs] 
345.162: Total time for which application threads were stopped: 0.0014110 seconds, Stopping threads took: 0.0000920 seconds
345.228: Application time: 0.0654200 seconds
345.228: [GC345.228: [ParNew: 37054K->3127K(37632K), 0.0007860 secs] 101500K->67573K(121024K), 0.0008140 secs] [Times: user=0.01 sys=0.00, real=0.00 secs] 
345.229: Total time for which application threads were stopped: 0.0009650 seconds, Stopping threads took: 0.0000970 seconds
345.285: Application time: 0.0564970 seconds
345.285: [GC345.285: [ParNew: 36374K->4150K(37632K), 0.0012730 secs] 100820K->68652K(121024K), 0.0013150 secs] [Times: user=0.01 sys=0.00, real=0.00 secs] 
345.287: Total time for which application threads were stopped: 0.0014510 seconds, Stopping threads took: 0.0000800 seconds
345.347: Application time: 0.0597990 seconds
345.347: [GC345.347: [ParNew: 37189K->4152K(37632K), 0.0019700 secs] 101691K->71806K(121024K), 0.0020030 secs] [Times: user=0.02 sys=0.00, real=0.00 secs] 
345.349: Total time for which application threads were stopped: 0.0021310 seconds, Stopping threads took: 0.0000690 seconds
345.409: Application time: 0.0601660 seconds
345.409: [GC345.409: [ParNew: 36905K->4158K(37632K), 0.0013810 secs] 104559K->71932K(121024K), 0.0014110 secs] [Times: user=0.01 sys=0.00, real=0.00 secs] 
345.410: Total time for which application threads were stopped: 0.0015430 seconds, Stopping threads took: 0.0000690 seconds
345.480: Application time: 0.0695140 seconds
345.480: [GC345.480: [ParNew: 37447K->4158K(37632K), 0.0012150 secs] 105221K->72037K(121024K), 0.0012460 secs] [Times: user=0.01 sys=0.00, real=0.00 secs] 
345.481: Total time for which application threads were stopped: 0.0013840 seconds, Stopping threads took: 0.0000840 seconds
345.542: Application time: 0.0605800 seconds
345.542: [GC345.542: [ParNew: 37630K->4150K(37632K), 0.0015000 secs] 105509K->73108K(121024K), 0.0015310 secs] [Times: user=0.01 sys=0.00, real=0.00 secs] 
345.544: Total time for which application threads were stopped: 0.0016820 seconds, Stopping threads took: 0.0000930 seconds
345.606: Application time: 0.0620060 seconds
345.606: [GC345.606: [ParNew: 36889K->4116K(37632K), 0.0012960 secs] 105848K->74098K(121024K), 0.0013280 secs] [Times: user=0.01 sys=0.00, real=0.00 secs] 
345.607: Total time for which application threads were stopped: 0.0014520 seconds, Stopping threads took: 0.0000660 seconds
345.665: Application time: 0.0584630 seconds
345.666: [GC345.666: [ParNew: 36762K->4130K(37632K), 0.0016410 secs] 106744K->76160K(121024K), 0.0016870 secs] [Times: user=0.01 sys=0.00, real=0.00 secs] 
345.667: Total time for which application threads were stopped: 0.0018430 seconds, Stopping threads took: 0.0001000 seconds
345.725: Application time: 0.0580790 seconds
345.726: [GC345.726: [ParNew: 36867K->4114K(37632K), 0.0020160 secs] 108898K->79216K(121024K), 0.0020510 secs] [Times: user=0.01 sys=0.00, real=0.00 secs] 
345.728: Total time for which application threads were stopped: 0.0021980 seconds, Stopping threads took: 0.0000890 seconds
345.791: Application time: 0.0633400 seconds
345.791: [GC345.791: [ParNew: 37096K->4117K(37632K), 0.0016990 secs] 112198K->81268K(121024K), 0.0017330 secs] [Times: user=0.01 sys=0.00, real=0.00 secs] 
345.793: Total time for which application threads were stopped: 0.0018560 seconds, Stopping threads took: 0.0000640 seconds
345.856: Application time: 0.0633780 seconds
345.856: [GC345.856: [ParNew: 37070K->4114K(37632K), 0.0017390 secs] 114221K->83312K(121024K), 0.0017700 secs] [Times: user=0.01 sys=0.00, real=0.00 secs] 
345.858: Total time for which application threads were stopped: 0.0019120 seconds, Stopping threads took: 0.0000860 seconds
345.918: Application time: 0.0595030 seconds
345.918: [GC345.918: [ParNew: 36771K->4157K(37632K), 0.0012120 secs] 115970K->83372K(121024K), 0.0012450 secs] [Times: user=0.00 sys=0.00, real=0.01 secs] 
345.919: Total time for which application threads were stopped: 0.0014050 seconds, Stopping threads took: 0.0000910 seconds
345.982: Application time: 0.0632050 seconds
345.982: [GC345.982: [ParNew: 37158K->3171K(37632K), 0.0008980 secs] 116373K->82433K(121024K), 0.0009290 secs] [Times: user=0.01 sys=0.00, real=0.00 secs] 
345.983: Total time for which application threads were stopped: 0.0010580 seconds, Stopping threads took: 0.0000750 seconds
346.041: Application time: 0.0576680 seconds
346.041: [GC346.041: [ParNew: 35900K->4156K(37632K), 0.0018330 secs] 115163K->85571K(121024K), 0.0018660 secs] [Times: user=0.01 sys=0.00, real=0.00 secs] 
346.043: Total time for which application threads were stopped: 0.0019940 seconds, Stopping threads took: 0.0000710 seconds
346.106: Application time: 0.0626990 seconds
346.106: [GC346.106: [ParNew: 37150K->4142K(37632K), 0.0017110 secs]346.107: [Tenured: 83518K->12079K(84420K), 0.0088170 secs] 118564K->12079K(122052K), [Perm : 5530K->5530K(21248K)], 0.0106100 secs] [Times: user=0.02 sys=0.00, real=0.01 secs] 
346.116: Total time for which application threads were stopped: 0.0107530 seconds, Stopping threads took: 0.0000810 seconds
346.177: Application time: 0.0603050 seconds
346.177: [GC346.177: [ParNew: 32944K->4159K(37632K), 0.0011410 secs] 45023K->16339K(121024K), 0.0011720 secs] [Times: user=0.01 sys=0.00, real=0.00 secs] 
346.178: Total time for which application threads were stopped: 0.0013230 seconds, Stopping threads took: 0.0000950 seconds
346.239: Application time: 0.0609960 seconds
346.239: [GC346.239: [ParNew: 36789K->4135K(37632K), 0.0010940 secs] 48969K->16379K(121024K), 0.0011250 secs] [Times: user=0.01 sys=0.00, real=0.00 secs] 
346.240: Total time for which application threads were stopped: 0.0012500 seconds, Stopping threads took: 0.0000690 seconds
346.299: Application time: 0.0591500 seconds
346.300: [GC346.300: [ParNew: 36681K->4113K(37632K), 0.0016860 secs] 48925K->18405K(121024K), 0.0017200 secs] [Times: user=0.01 sys=0.00, real=0.00 secs] 
346.301: Total time for which application threads were stopped: 0.0018450 seconds, Stopping threads took: 0.0000690 seconds
346.359: Application time: 0.0575340 seconds
346.359: [GC346.359: [ParNew: 36764K->4112K(37632K), 0.0017120 secs] 51056K->20452K(121024K), 0.0017440 secs] [Times: user=0.01 sys=0.00, real=0.00 secs] 
346.361: Total time for which application threads were stopped: 0.0018660 seconds, Stopping threads took: 0.0000630 seconds
346.424: Application time: 0.0631330 seconds
346.424: [GC346.424: [ParNew: 37025K->4118K(37632K), 0.0015050 secs] 53365K->22506K(121024K), 0.0015370 secs] [Times: user=0.01 sys=0.00, real=0.00 secs] 
346.425: Total time for which application threads were stopped: 0.0016830 seconds, Stopping threads took: 0.0000740 seconds
346.486: Application time: 0.0610140 seconds
346.487: [GC346.487: [ParNew: 37007K->4110K(37632K), 0.0015940 secs] 55395K->24546K(121024K), 0.0016280 secs] [Times: user=0.01 sys=0.00, real=0.00 secs] 
346.488: Total time for which application threads were stopped: 0.0017590 seconds, Stopping threads took: 0.0000640 seconds
346.551: Application time: 0.0622540 seconds
346.551: [GC346.551: [ParNew: 36853K->4133K(37632K), 0.0011050 secs] 57289K->24569K(121024K), 0.0011340 secs] [Times: user=0.01 sys=0.00, real=0.00 secs] 
346.552: Total time for which application threads were stopped: 0.0012760 seconds, Stopping threads took: 0.0000870 seconds
346.612: Application time: 0.0603130 seconds
346.612: [GC346.612: [ParNew: 36832K->4144K(37632K), 0.0010260 secs] 57268K->24596K(121024K), 0.0010580 secs] [Times: user=0.01 sys=0.00, real=0.00 secs] 
346.613: Total time for which application threads were stopped: 0.0011730 seconds, Stopping threads took: 0.0000630 seconds
346.674: Application time: 0.0602760 seconds
346.674: [GC346.674: [ParNew: 36952K->4141K(37632K), 0.0015910 secs] 57404K->26681K(121024K), 0.0016210 secs] [Times: user=0.01 sys=0.00, real=0.00 secs] 
346.675: Total time for which application threads were stopped: 0.0017680 seconds, Stopping threads took: 0.0000910 seconds
346.735: Application time: 0.0600600 seconds
346.735: [GC346.736: [ParNew: 37176K->4154K(37632K), 0.0019910 secs] 59716K->29846K(121024K), 0.0020240 secs] [Times: user=0.01 sys=0.00, real=0.00 secs] 
346.738: Total time for which application threads were stopped: 0.0021550 seconds, Stopping threads took: 0.0000730 seconds
346.798: Application time: 0.0607890 seconds
346.798: [GC346.798: [ParNew: 37051K->4159K(37632K), 0.0015740 secs] 62743K->30951K(121024K), 0.0016060 secs] [Times: user=0.01 sys=0.00, real=0.01 secs] 
346.800: Total time for which application threads were stopped: 0.0017610 seconds, Stopping threads took: 0.0000980 seconds
346.865: Application time: 0.0648270 seconds
346.865: [GC346.865: [ParNew: 37370K->4158K(37632K), 0.0011310 secs] 64162K->31094K(121024K), 0.0011590 secs] [Times: user=0.00 sys=0.00, real=0.00 secs] 
346.866: Total time for which application threads were stopped: 0.0013120 seconds, Stopping threads took: 0.0001000 seconds
346.925: Application time: 0.0587860 seconds
346.925: [GC346.925: [ParNew: 36620K->4122K(37632K), 0.0011950 secs] 63556K->31110K(121024K), 0.0012210 secs] [Times: user=0.01 sys=0.00, real=0.00 secs] 
346.926: Total time for which application threads were stopped: 0.0013690 seconds, Stopping threads took: 0.0000900 seconds
346.987: Application time: 0.0603070 seconds
346.987: [GC346.987: [ParNew: 36737K->4119K(37632K), 0.0014270 secs] 63725K->32131K(121024K), 0.0014570 secs] [Times: user=0.00 sys=0.00, real=0.00 secs] 
346.988: Total time for which application threads were stopped: 0.0015980 seconds, Stopping threads took: 0.0000840 seconds
347.048: Application time: 0.0593770 seconds
347.048: [GC347.048: [ParNew: 36844K->4130K(37632K), 0.0017410 secs] 64856K->34190K(121024K), 0.0017760 secs] [Times: user=0.01 sys=0.00, real=0.00 secs] 
347.050: Total time for which application threads were stopped: 0.0019120 seconds, Stopping threads took: 0.0000800 seconds
347.108: Application time: 0.0581180 seconds
347.108: [GC347.108: [ParNew: 36663K->4118K(37632K), 0.0014000 secs] 66723K->35202K(121024K), 0.0014320 secs] [Times: user=0.01 sys=0.00, real=0.00 secs] 
347.109: Total time for which application threads were stopped: 0.0016120 seconds, Stopping threads took: 0.0001220 seconds
347.172: Application time: 0.0627710 seconds
347.172: [GC347.172: [ParNew: 36968K->4132K(37632K), 0.0013400 secs] 68052K->36241K(121024K), 0.0013700 secs] [Times: user=0.01 sys=0.00, real=0.00 secs] 
347.174: Total time for which application threads were stopped: 0.0015230 seconds, Stopping threads took: 0.0000960 seconds
347.234: Application time: 0.0601430 seconds
347.234: [GC347.234: [ParNew: 36860K->4112K(37632K), 0.0016160 secs] 68968K->38268K(121024K), 0.0016570 secs] [Times: user=0.01 sys=0.00, real=0.00 secs] 
347.236: Total time for which application threads were stopped: 0.0017800 seconds, Stopping threads took: 0.0000630 seconds
347.294: Application time: 0.0584260 seconds
347.294: [GC347.294: [ParNew: 36857K->4146K(37632K), 0.0017390 secs] 71013K->40350K(121024K), 0.0017720 secs] [Times: user=0.01 sys=0.00, real=0.00 secs] 
347.296: Total time for which application threads were stopped: 0.0019020 seconds, Stopping threads took: 0.0000740 seconds
347.358: Application time: 0.0621980 seconds
347.358: [GC347.358: [ParNew: 37113K->4140K(37632K), 0.0016630 secs] 73318K->42441K(121024K), 0.0016960 secs] [Times: user=0.01 sys=0.00, real=0.01 secs] 
347.360: Total time for which application threads were stopped: 0.0018290 seconds, Stopping threads took: 0.0000750 seconds
347.423: Application time: 0.0632800 seconds
347.423: [GC347.423: [ParNew: 37302K->4154K(37632K), 0.0019330 secs] 75603K->45606K(121024K), 0.0019680 secs] [Times: user=0.02 sys=0.00, real=0.00 secs] 
347.425: Total time for which application threads were stopped: 0.0021110 seconds, Stopping threads took: 0.0000840 seconds
347.487: Application time: 0.0620750 seconds
347.488: [GC347.488: [ParNew: 37129K->4159K(37632K), 0.0014550 secs] 78582K->46724K(121024K), 0.0014870 secs] [Times: user=0.01 sys=0.00, real=0.00 secs] 
347.489: Total time for which application threads were stopped: 0.0016480 seconds, Stopping threads took: 0.0000980 seconds
347.549: Application time: 0.0604150 seconds
347.550: [GC347.550: [ParNew: 37084K->4159K(37632K), 0.0011580 secs] 79649K->46872K(121024K), 0.0011870 secs] [Times: user=0.00 sys=0.00, real=0.01 secs] 
347.551: Total time for which application threads were stopped: 0.0013030 seconds, Stopping threads took: 0.0000630 seconds
347.612: Application time: 0.0613360 seconds
347.615: [GC347.615: [ParNew: 36747K->4134K(37632K), 0.0011820 secs] 79460K->46895K(121024K), 0.0012150 secs] [Times: user=0.00 sys=0.00, real=0.00 secs] 
347.616: Total time for which application threads were stopped: 0.0038380 seconds, Stopping threads took: 0.0025680 seconds
347.674: Application time: 0.0581680 seconds
347.674: [GC347.674: [ParNew: 36696K->4116K(37632K), 0.0017090 secs] 79457K->48933K(121024K), 0.0017450 secs] [Times: user=0.01 sys=0.00, real=0.00 secs] 
347.676: Total time for which application threads were stopped: 0.0018990 seconds, Stopping threads took: 0.0000960 seconds
347.738: Application time: 0.0618530 seconds
347.738: [GC347.738: [ParNew: 36967K->4152K(37632K), 0.0013810 secs] 81784K->49993K(121024K), 0.0014130 secs] [Times: user=0.01 sys=0.00, real=0.01 secs] 
347.739: Total time for which application threads were stopped: 0.0015440 seconds, Stopping threads took: 0.0000750 seconds
347.799: Application time: 0.0594750 seconds
347.803: [GC347.803: [ParNew: 36738K->4117K(37632K), 0.0011820 secs] 82579K->49958K(121024K), 0.0012120 secs] [Times: user=0.01 sys=0.00, real=0.00 secs] 
347.804: Total time for which application threads were stopped: 0.0050420 seconds, Stopping threads took: 0.0037750 seconds
347.863: Application time: 0.0593840 seconds
347.863: [GC347.863: [ParNew: 36705K->4115K(37632K), 0.0016060 secs] 82546K->52004K(121024K), 0.0016390 secs] [Times: user=0.01 sys=0.00, real=0.00 secs] 
347.865: Total time for which application threads were stopped: 0.0017590 seconds, Stopping threads took: 0.0000620 seconds
347.925: Application time: 0.0603960 seconds
347.926: [GC347.926: [ParNew: 36885K->4133K(37632K), 0.0015710 secs] 84774K->54070K(121024K), 0.0016040 secs] [Times: user=0.01 sys=0.00, real=0.00 secs] 
347.927: Total time for which application threads were stopped: 0.0017370 seconds, Stopping threads took: 0.0000790 seconds
347.986: Application time: 0.0587880 seconds
347.986: [GC347.986: [ParNew: 36866K->4114K(37632K), 0.0020060 secs] 86802K->57123K(121024K), 0.0020410 secs] [Times: user=0.02 sys=0.00, real=0.00 secs] 
347.988: Total time for which application threads were stopped: 0.0021850 seconds, Stopping threads took: 0.0000860 seconds
348.051: Application time: 0.0624450 seconds
348.051: [GC348.051: [ParNew: 37245K->4154K(37632K), 0.0019030 secs] 90253K->60251K(121024K), 0.0019460 secs] [Times: user=0.01 sys=0.00, real=0.00 secs] 
348.053: Total time for which application threads were stopped: 0.0021030 seconds, Stopping threads took: 0.0000870 seconds
348.115: Application time: 0.0621030 seconds
348.115: [GC348.115: [ParNew: 37294K->4155K(37632K), 0.0014420 secs] 93391K->61388K(121024K), 0.0014740 secs] [Times: user=0.01 sys=0.00, real=0.00 secs] 
348.116: Total time for which application threads were stopped: 0.0016480 seconds, Stopping threads took: 0.0001160 seconds
348.179: Application time: 0.0621260 seconds
348.179: [GC348.179: [ParNew: 37140K->4158K(37632K), 0.0014060 secs] 94373K->62495K(121024K), 0.0014380 secs] [Times: user=0.01 sys=0.00, real=0.00 secs] 
348.180: Total time for which application threads were stopped: 0.0015850 seconds, Stopping threads took: 0.0000900 seconds
348.244: Application time: 0.0642270 seconds
348.245: [GC348.245: [ParNew: 37345K->4159K(37632K), 0.0011100 secs] 95682K->62600K(121024K), 0.0011400 secs] [Times: user=0.01 sys=0.00, real=0.00 secs] 
348.246: Total time for which application threads were stopped: 0.0012660 seconds, Stopping threads took: 0.0000690 seconds
348.306: Application time: 0.0603930 seconds
348.306: [GC348.306: [ParNew: 37631K->4153K(37632K), 0.0014180 secs] 96072K->63674K(121024K), 0.0014490 secs] [Times: user=0.01 sys=0.00, real=0.00 secs] 
348.308: Total time for which application threads were stopped: 0.0015680 seconds, Stopping threads took: 0.0000620 seconds
348.368: Application time: 0.0607020 seconds
348.368: [GC348.368: [ParNew: 36767K->4122K(37632K), 0.0013540 secs] 96288K->64667K(121024K), 0.0013840 secs] [Times: user=0.01 sys=0.00, real=0.00 secs] 
348.370: Total time for which application threads were stopped: 0.0015080 seconds, Stopping threads took: 0.0000670 seconds
348.433: Application time: 0.0632860 seconds
348.433: [GC348.433: [ParNew: 36988K->4146K(37632K), 0.0013660 secs] 97533K->65715K(121024K), 0.0013980 secs] [Times: user=0.01 sys=0.00, real=0.00 secs] 
348.435: Total time for which application threads were stopped: 0.0015150 seconds, Stopping threads took: 0.0000610 seconds
348.493: Application time: 0.0582010 seconds
348.493: [GC348.493: [ParNew: 36612K->3114K(37632K), 0.0008580 secs] 98181K->64683K(121024K), 0.0008870 secs] [Times: user=0.00 sys=0.00, real=0.00 secs] 
348.494: Total time for which application threads were stopped: 0.0010120 seconds, Stopping threads took: 0.0000690 seconds
348.552: Application time: 0.0584750 seconds
348.552: [GC348.553: [ParNew: 35663K->4118K(37632K), 0.0014010 secs] 97233K->66712K(121024K), 0.0014340 secs] [Times: user=0.01 sys=0.00, real=0.00 secs] 
348.554: Total time for which application threads were stopped: 0.0015600 seconds, Stopping threads took: 0.0000640 seconds
348.612: Application time: 0.0580840 seconds
348.612: [GC348.612: [ParNew: 36738K->4114K(37632K), 0.0016170 secs] 99332K->68755K(121024K), 0.0016500 secs] [Times: user=0.02 sys=0.00, real=0.00 secs] 
348.614: Total time for which application threads were stopped: 0.0017760 seconds, Stopping threads took: 0.0000690 seconds
348.677: Application time: 0.0630600 seconds
348.677: [GC348.677: [ParNew: 37055K->4115K(37632K), 0.0016850 secs] 101697K->70805K(121024K), 0.0017210 secs] [Times: user=0.01 sys=0.00, real=0.01 secs] 
348.679: Total time for which application threads were stopped: 0.0018600 seconds, Stopping threads took: 0.0000800 seconds
348.737: Application time: 0.0582220 seconds
348.737: [GC348.737: [ParNew: 37162K->4152K(37632K), 0.0019500 secs] 103852K->73929K(121024K), 0.0019860 secs] [Times: user=0.02 sys=0.00, real=0.01 secs] 
348.739: Total time for which application threads were stopped: 0.0021500 seconds, Stopping threads took: 0.0001070 seconds
348.803: Application time: 0.0636810 seconds
348.803: [GC348.803: [ParNew: 37365K->4159K(37632K), 0.0014610 secs] 107142K->75064K(121024K), 0.0014960 secs] [Times: user=0.01 sys=0.00, real=0.00 secs] 
348.804: Total time for which application threads were stopped: 0.0016470 seconds, Stopping threads took: 0.0000830 seconds
348.869: Application time: 0.0650240 seconds
348.870: [GC348.870: [ParNew: 37226K->4143K(37632K), 0.0017250 secs] 108131K->77153K(121024K), 0.0017600 secs] [Times: user=0.01 sys=0.00, real=0.01 secs] 
348.871: Total time for which application threads were stopped: 0.0019230 seconds, Stopping threads took: 0.0001050 seconds
348.932: Application time: 0.0607870 seconds
348.932: [GC348.932: [ParNew: 37162K->4157K(37632K), 0.0014190 secs] 110172K->78303K(121024K), 0.0014520 secs] [Times: user=0.01 sys=0.00, real=0.00 secs] 
348.934: Total time for which application threads were stopped: 0.0015940 seconds, Stopping threads took: 0.0000840 seconds
348.997: Application time: 0.0627580 seconds
348.997: [GC348.997: [ParNew: 36864K->3111K(37632K), 0.0009850 secs] 111010K->77320K(121024K), 0.0010150 secs] [Times: user=0.01 sys=0.00, real=0.00 secs] 
348.998: Total time for which application threads were stopped: 0.0011500 seconds, Stopping threads took: 0.0000800 seconds
349.059: Application time: 0.0609060 seconds
349.063: [GC349.063: [ParNew: 35630K->4125K(37632K), 0.0011200 secs] 109839K->78334K(121024K), 0.0011510 secs] [Times: user=0.01 sys=0.00, real=0.00 secs] 
349.064: Total time for which application threads were stopped: 0.0052820 seconds, Stopping threads took: 0.0040680 seconds
349.122: Application time: 0.0578590 seconds
349.122: [GC349.122: [ParNew: 37597K->4130K(37632K), 0.0017490 secs] 111806K->80388K(121024K), 0.0017810 secs] [Times: user=0.01 sys=0.00, real=0.00 secs] 
349.124: Total time for which application threads were stopped: 0.0019140 seconds, Stopping threads took: 0.0000750 seconds
349.183: Application time: 0.0597140 seconds
349.183: [GC349.183: [ParNew: 36756K->4130K(37632K), 0.0014080 secs] 113013K->81411K(121024K), 0.0014400 secs] [Times: user=0.01 sys=0.00, real=0.00 secs] 
349.185: Total time for which application threads were stopped: 0.0015690 seconds, Stopping threads took: 0.0000750 seconds
349.245: Application time: 0.0605090 seconds
349.246: [GC349.246: [ParNew: 36836K->4134K(37632K), 0.0014690 secs] 114118K->82440K(121024K), 0.0015030 secs] [Times: user=0.01 sys=0.00, real=0.00 secs] 
349.247: Total time for which application threads were stopped: 0.0016530 seconds, Stopping threads took: 0.0000920 seconds
349.304: Application time: 0.0565940 seconds
349.304: [GC349.304: [ParNew: 36719K->4114K(37632K), 0.0017400 secs] 115025K->84468K(121024K), 0.0017740 secs] [Times: user=0.02 sys=0.00, real=0.00 secs] 
349.306: Total time for which application threads were stopped: 0.0019050 seconds, Stopping threads took: 0.0000730 seconds
349.369: Application time: 0.0631570 seconds
349.369: [GC349.369: [ParNew: 37070K->4110K(37632K), 0.0019270 secs]349.371: [Tenured: 83425K->13227K(84420K), 0.0087470 secs] 117424K->13227K(122052K), [Perm : 5530K->5530K(21248K)], 0.0107510 secs] [Times: user=0.02 sys=0.00, real=0.02 secs] 
349.380: Total time for which application threads were stopped: 0.0108820 seconds, Stopping threads took: 0.0000690 seconds
349.438: Application time: 0.0584480 seconds
349.438: [GC349.438: [ParNew: 33073K->4154K(37632K), 0.0019480 secs] 46300K->20469K(121024K), 0.0019850 secs] [Times: user=0.02 sys=0.00, real=0.01 secs] 
349.440: Total time for which application threads were stopped: 0.0021310 seconds, Stopping threads took: 0.0000860 seconds
349.504: Application time: 0.0634290 seconds
349.504: [GC349.504: [ParNew: 37355K->4154K(37632K), 0.0020280 secs] 53670K->23621K(121024K), 0.0020640 secs] [Times: user=0.02 sys=0.00, real=0.00 secs] 
349.506: Total time for which application threads were stopped: 0.0022030 seconds, Stopping threads took: 0.0000780 seconds
349.571: Application time: 0.0649000 seconds
349.571: [GC349.571: [ParNew: 37248K->4158K(37632K), 0.0017030 secs] 56715K->25761K(121024K), 0.0017350 secs] [Times: user=0.02 sys=0.00, real=0.00 secs] 
349.573: Total time for which application threads were stopped: 0.0018630 seconds, Stopping threads took: 0.0000640 seconds
349.635: Application time: 0.0618930 seconds
349.635: [GC349.635: [ParNew: 37226K->4156K(37632K), 0.0014460 secs] 58829K->26896K(121024K), 0.0014860 secs] [Times: user=0.02 sys=0.00, real=0.00 secs] 
349.636: Total time for which application threads were stopped: 0.0016630 seconds, Stopping threads took: 0.0001220 seconds
349.700: Application time: 0.0638340 seconds
349.700: [GC349.700: [ParNew: 36920K->3109K(37632K), 0.0008310 secs] 59659K->25905K(121024K), 0.0008590 secs] [Times: user=0.00 sys=0.00, real=0.00 secs] 
349.701: Total time for which application threads were stopped: 0.0010260 seconds, Stopping threads took: 0.0001110 seconds
349.760: Application time: 0.0594330 seconds
349.761: [GC349.761: [ParNew: 36503K->4123K(37632K), 0.0011270 secs] 59298K->26918K(121024K), 0.0011600 secs] [Times: user=0.01 sys=0.00, real=0.00 secs] 
349.762: Total time for which application threads were stopped: 0.0012810 seconds, Stopping threads took: 0.0000660 seconds
349.823: Application time: 0.0615660 seconds
349.823: [GC349.823: [ParNew: 36849K->4148K(37632K), 0.0014170 secs] 59645K->27967K(121024K), 0.0014480 secs] [Times: user=0.01 sys=0.00, real=0.00 secs] 
349.825: Total time for which application threads were stopped: 0.0015760 seconds, Stopping threads took: 0.0000750 seconds
349.882: Application time: 0.0574680 seconds
349.883: [GC349.883: [ParNew: 37605K->4112K(37632K), 0.0017020 secs] 61424K->29980K(121024K), 0.0017390 secs] [Times: user=0.01 sys=0.00, real=0.00 secs] 
349.884: Total time for which application threads were stopped: 0.0018960 seconds, Stopping threads took: 0.0000960 seconds
349.945: Application time: 0.0608210 seconds
349.945: [GC349.945: [ParNew: 36867K->4117K(37632K), 0.0013840 secs] 62735K->31008K(121024K), 0.0014200 secs] [Times: user=0.01 sys=0.00, real=0.00 secs] 
349.947: Total time for which application threads were stopped: 0.0015510 seconds, Stopping threads took: 0.0000750 seconds
350.003: Application time: 0.0567280 seconds
350.004: [GC350.004: [ParNew: 36686K->4113K(37632K), 0.0017160 secs] 63578K->33053K(121024K), 0.0017480 secs] [Times: user=0.01 sys=0.00, real=0.00 secs] 
350.005: Total time for which application threads were stopped: 0.0019220 seconds, Stopping threads took: 0.0001160 seconds
350.069: Application time: 0.0632090 seconds
350.069: [GC350.069: [ParNew: 37159K->4146K(37632K), 0.0014290 secs] 66098K->34110K(121024K), 0.0014620 secs] [Times: user=0.01 sys=0.00, real=0.00 secs] 
350.070: Total time for which application threads were stopped: 0.0016060 seconds, Stopping threads took: 0.0000890 seconds
350.128: Application time: 0.0580940 seconds
350.128: [GC350.128: [ParNew: 37100K->4140K(37632K), 0.0019440 secs] 67064K->37239K(121024K), 0.0019790 secs] [Times: user=0.01 sys=0.00, real=0.00 secs] 
350.130: Total time for which application threads were stopped: 0.0021400 seconds, Stopping threads took: 0.0000970 seconds
350.195: Application time: 0.0643390 seconds
350.195: [GC350.195: [ParNew: 37341K->4152K(37632K), 0.0018990 secs] 70441K->40396K(121024K), 0.0019330 secs] [Times: user=0.01 sys=0.00, real=0.00 secs] 
350.197: Total time for which application threads were stopped: 0.0020940 seconds, Stopping threads took: 0.0001040 seconds
350.258: Application time: 0.0616520 seconds
350.259: [GC350.259: [ParNew: 37171K->4138K(37632K), 0.0020490 secs] 73415K->43534K(121024K), 0.0020800 secs] [Times: user=0.02 sys=0.00, real=0.00 secs] 
350.261: Total time for which application threads were stopped: 0.0023100 seconds, Stopping threads took: 0.0001720 seconds
350.327: Application time: 0.0660670 seconds
350.327: [GC350.327: [ParNew: 37452K->4158K(37632K), 0.0014550 secs] 76848K->44730K(121024K), 0.0015000 secs] [Times: user=0.01 sys=0.00, real=0.00 secs] 
350.328: Total time for which application threads were stopped: 0.0016320 seconds, Stopping threads took: 0.0000730 seconds
350.390: Application time: 0.0617700 seconds
350.390: [GC350.390: [ParNew: 37616K->4148K(37632K), 0.0011430 secs] 78188K->44768K(121024K), 0.0011750 secs] [Times: user=0.01 sys=0.00, real=0.01 secs] 
350.392: Total time for which application threads were stopped: 0.0013150 seconds, Stopping threads took: 0.0000730 seconds
350.452: Application time: 0.0609310 seconds
350.453: [GC350.453: [ParNew: 37620K->4118K(37632K), 0.0011760 secs] 78240K->44738K(121024K), 0.0012060 secs] [Times: user=0.00 sys=0.00, real=0.00 secs] 
350.454: Total time for which application threads were stopped: 0.0013300 seconds, Stopping threads took: 0.0000690 seconds
350.516: Application time: 0.0619110 seconds
350.516: [GC350.516: [ParNew: 36955K->4130K(37632K), 0.0016680 secs] 77575K->46798K(121024K), 0.0016990 secs] [Times: user=0.01 sys=0.00, real=0.00 secs] 
350.518: Total time for which application threads were stopped: 0.0018200 seconds, Stopping threads took: 0.0000650 seconds
350.574: Application time: 0.0562870 seconds
350.574: [GC350.574: [ParNew: 36626K->4134K(37632K), 0.0014450 secs] 79294K->47826K(121024K), 0.0014790 secs] [Times: user=0.01 sys=0.00, real=0.00 secs] 
350.575: Total time for which application threads were stopped: 0.0016110 seconds, Stopping threads took: 0.0000730 seconds
350.640: Application time: 0.0642170 seconds
350.640: [GC350.640: [ParNew: 37003K->4120K(37632K), 0.0010500 secs] 80695K->47812K(121024K), 0.0010820 secs] [Times: user=0.01 sys=0.00, real=0.00 secs] 
350.641: Total time for which application threads were stopped: 0.0012110 seconds, Stopping threads took: 0.0000620 seconds
350.701: Application time: 0.0596430 seconds
350.701: [GC350.701: [ParNew: 36778K->4115K(37632K), 0.0015630 secs] 80470K->49855K(121024K), 0.0015970 secs] [Times: user=0.01 sys=0.00, real=0.00 secs] 
350.702: Total time for which application threads were stopped: 0.0017420 seconds, Stopping threads took: 0.0000900 seconds
350.764: Application time: 0.0612480 seconds
350.764: [GC350.764: [ParNew: 36990K->4158K(37632K), 0.0016120 secs] 82730K->51946K(121024K), 0.0016460 secs] [Times: user=0.01 sys=0.00, real=0.00 secs] 
350.765: Total time for which application threads were stopped: 0.0017730 seconds, Stopping threads took: 0.0000710 seconds
350.826: Application time: 0.0606930 seconds
350.826: [GC350.826: [ParNew: 37111K->4146K(37632K), 0.0015990 secs] 84899K->54054K(121024K), 0.0016330 secs] [Times: user=0.01 sys=0.00, real=0.00 secs] 
350.828: Total time for which application threads were stopped: 0.0017680 seconds, Stopping threads took: 0.0000780 seconds
350.889: Application time: 0.0609250 seconds
350.889: [GC350.889: [ParNew: 37208K->4152K(37632K), 0.0019510 secs] 87116K->57204K(121024K), 0.0019890 secs] [Times: user=0.02 sys=0.00, real=0.01 secs] 
350.891: Total time for which application threads were stopped: 0.0021200 seconds, Stopping threads took: 0.0000710 seconds
350.952: Application time: 0.0612830 seconds
350.952: [GC350.952: [ParNew: 37096K->4159K(37632K), 0.0014590 secs] 90149K->58316K(121024K), 0.0014890 secs] [Times: user=0.01 sys=0.00, real=0.00 secs] 
350.954: Total time for which application threads were stopped: 0.0017200 seconds, Stopping threads took: 0.0001750 seconds
351.019: Application time: 0.0651310 seconds
351.019: [GC351.019: [ParNew: 37316K->3198K(37632K), 0.0008950 secs] 91472K->57410K(121024K), 0.0009240 secs] [Times: user=0.01 sys=0.00, real=0.00 secs] 
351.020: Total time for which application threads were stopped: 0.0010460 seconds, Stopping threads took: 0.0000700 seconds
351.078: Application time: 0.0583000 seconds
351.078: [GC351.078: [ParNew: 36477K->3102K(37632K), 0.0008730 secs] 90689K->57451K(121024K), 0.0009050 secs] [Times: user=0.01 sys=0.00, real=0.01 secs] 
351.079: Total time for which application threads were stopped: 0.0010380 seconds, Stopping threads took: 0.0000800 seconds
351.142: Application time: 0.0628760 seconds
351.142: [GC351.142: [ParNew: 35946K->4118K(37632K), 0.0013170 secs] 90294K->59490K(121024K), 0.0013500 secs] [Times: user=0.01 sys=0.00, real=0.00 secs] 
351.144: Total time for which application threads were stopped: 0.0014690 seconds, Stopping threads took: 0.0000550 seconds
351.201: Application time: 0.0568050 seconds
351.201: [GC351.201: [ParNew: 36860K->4115K(37632K), 0.0016700 secs] 92233K->61536K(121024K), 0.0017120 secs] [Times: user=0.01 sys=0.00, real=0.00 secs] 
351.202: Total time for which application threads were stopped: 0.0018460 seconds, Stopping threads took: 0.0000770 seconds
351.265: Application time: 0.0625520 seconds
351.265: [GC351.265: [ParNew: 36961K->4131K(37632K), 0.0014460 secs] 94382K->62575K(121024K), 0.0014780 secs] [Times: user=0.01 sys=0.00, real=0.00 secs] 
351.267: Total time for which application threads were stopped: 0.0016020 seconds, Stopping threads took: 0.0000670 seconds
351.328: Application time: 0.0617380 seconds
351.328: [GC351.328: [ParNew: 36939K->4116K(37632K), 0.0011760 secs] 95383K->62561K(121024K), 0.0012060 secs] [Times: user=0.00 sys=0.00, real=0.00 secs] 
351.330: Total time for which application threads were stopped: 0.0013520 seconds, Stopping threads took: 0.0000900 seconds
351.390: Application time: 0.0600610 seconds
351.390: [GC351.390: [ParNew: 36684K->4132K(37632K), 0.0014940 secs] 95128K->63600K(121024K), 0.0015250 secs] [Times: user=0.01 sys=0.00, real=0.01 secs] 
351.391: Total time for which application threads were stopped: 0.0016660 seconds, Stopping threads took: 0.0000860 seconds
351.453: Application time: 0.0619240 seconds
351.453: [GC351.453: [ParNew: 37029K->4158K(37632K), 0.0013450 secs] 96497K->64670K(121024K), 0.0013760 secs] [Times: user=0.01 sys=0.00, real=0.00 secs] 
351.455: Total time for which application threads were stopped: 0.0014970 seconds, Stopping threads took: 0.0000660 seconds
351.514: Application time: 0.0587390 seconds
351.514: [GC351.514: [ParNew: 36951K->4144K(37632K), 0.0016450 secs] 97463K->66777K(121024K), 0.0016780 secs] [Times: user=0.02 sys=0.00, real=0.00 secs] 
351.515: Total time for which application threads were stopped: 0.0017940 seconds, Stopping threads took: 0.0000590 seconds
351.575: Application time: 0.0597260 seconds
351.575: [GC351.575: [ParNew: 37108K->4152K(37632K), 0.0020990 secs] 99741K->69928K(121024K), 0.0021340 secs] [Times: user=0.02 sys=0.00, real=0.00 secs] 
351.577: Total time for which application threads were stopped: 0.0023020 seconds, Stopping threads took: 0.0001100 seconds
351.642: Application time: 0.0646990 seconds
351.642: [GC351.642: [ParNew: 37189K->4148K(37632K), 0.0014470 secs] 102966K->71028K(121024K), 0.0014800 secs] [Times: user=0.01 sys=0.00, real=0.00 secs] 
351.644: Total time for which application threads were stopped: 0.0016010 seconds, Stopping threads took: 0.0000640 seconds
351.704: Application time: 0.0608340 seconds
351.705: [GC351.705: [ParNew: 37001K->4158K(37632K), 0.0010980 secs] 103882K->71135K(121024K), 0.0011280 secs] [Times: user=0.00 sys=0.00, real=0.00 secs] 
351.706: Total time for which application threads were stopped: 0.0012510 seconds, Stopping threads took: 0.0000600 seconds
351.764: Application time: 0.0583510 seconds
351.764: [GC351.764: [ParNew: 37573K->4116K(37632K), 0.0017620 secs] 104550K->73213K(121024K), 0.0017940 secs] [Times: user=0.01 sys=0.00, real=0.00 secs] 
351.766: Total time for which application threads were stopped: 0.0019180 seconds, Stopping threads took: 0.0000680 seconds
351.827: Application time: 0.0613270 seconds
351.827: [GC351.827: [ParNew: 37032K->4118K(37632K), 0.0015660 secs] 106129K->75263K(121024K), 0.0015970 secs] [Times: user=0.01 sys=0.00, real=0.00 secs] 
351.829: Total time for which application threads were stopped: 0.0017290 seconds, Stopping threads took: 0.0000750 seconds
351.887: Application time: 0.0584430 seconds
351.888: [GC351.888: [ParNew: 36966K->4128K(37632K), 0.0017440 secs] 108110K->77321K(121024K), 0.0017760 secs] [Times: user=0.02 sys=0.00, real=0.00 secs] 
351.889: Total time for which application threads were stopped: 0.0019660 seconds, Stopping threads took: 0.0001330 seconds
351.953: Application time: 0.0639500 seconds
351.954: [GC351.954: [ParNew: 37045K->4116K(37632K), 0.0014370 secs] 110238K->78333K(121024K), 0.0014700 secs] [Times: user=0.01 sys=0.00, real=0.00 secs] 
351.955: Total time for which application threads were stopped: 0.0015910 seconds, Stopping threads took: 0.0000640 seconds
352.017: Application time: 0.0623080 seconds
352.019: [GC352.019: [ParNew: 36948K->4146K(37632K), 0.0013330 secs] 111164K->79387K(121024K), 0.0013740 secs] [Times: user=0.01 sys=0.00, real=0.00 secs] 
352.020: Total time for which application threads were stopped: 0.0027390 seconds, Stopping threads took: 0.0013090 seconds
352.080: Application time: 0.0594550 seconds
352.080: [GC352.080: [ParNew: 37618K->4116K(37632K), 0.0018040 secs] 112859K->81405K(121024K), 0.0018390 secs] [Times: user=0.01 sys=0.00, real=0.00 secs] 
352.082: Total time for which application threads were stopped: 0.0019740 seconds, Stopping threads took: 0.0000750 seconds
352.144: Application time: 0.0620430 seconds
352.144: [GC352.144: [ParNew: 37029K->4148K(37632K), 0.0014350 secs] 114318K->82461K(121024K), 0.0014660 secs] [Times: user=0.01 sys=0.00, real=0.00 secs] 
352.145: Total time for which application threads were stopped: 0.0015880 seconds, Stopping threads took: 0.0000650 seconds
352.203: Application time: 0.0582540 seconds
352.204: [GC352.204: [ParNew: 36904K->4144K(37632K), 0.0018270 secs] 115217K->84569K(121024K), 0.0018600 secs] [Times: user=0.01 sys=0.00, real=0.00 secs] 
352.205: Total time for which application threads were stopped: 0.0019980 seconds, Stopping threads took: 0.0000820 seconds
352.270: Application time: 0.0645540 seconds
352.270: [GC352.270: [ParNew: 37255K->4158K(37632K), 0.0014120 secs] 117680K->85687K(121024K), 0.0014460 secs] [Times: user=0.01 sys=0.00, real=0.01 secs] 
352.272: Total time for which application threads were stopped: 0.0016070 seconds, Stopping threads took: 0.0000960 seconds
352.331: Application time: 0.0593760 seconds
352.331: [GC352.331: [ParNew: 36966K->4157K(37632K), 0.0014840 secs] 118495K->86791K(121024K), 0.0015150 secs] [Times: user=0.01 sys=0.00, real=0.00 secs] 
352.333: Total time for which application threads were stopped: 0.0016770 seconds, Stopping threads took: 0.0001050 seconds
352.397: Application time: 0.0641060 seconds
352.397: [GC352.397: [ParNew: 37306K->3198K(37632K), 0.0008690 secs] 119939K->85879K(121024K), 0.0008990 secs] [Times: user=0.01 sys=0.00, real=0.00 secs] 
352.398: Total time for which application threads were stopped: 0.0010160 seconds, Stopping threads took: 0.0000640 seconds
352.454: Application time: 0.0565240 seconds
352.454: [GC352.454: [ParNew: 36670K->4117K(37632K), 0.0017450 secs]352.456: [Tenured: 84857K->12437K(85448K), 0.0086930 secs] 119351K->12437K(123080K), [Perm : 5530K->5530K(21248K)], 0.0105730 secs] [Times: user=0.02 sys=0.01, real=0.01 secs] 
352.465: Total time for which application threads were stopped: 0.0107110 seconds, Stopping threads took: 0.0000700 seconds
352.531: Application time: 0.0656800 seconds
352.531: [GC352.531: [ParNew: 32971K->4139K(37632K), 0.0011370 secs] 45409K->16577K(121024K), 0.0011700 secs] [Times: user=0.01 sys=0.00, real=0.00 secs] 
352.532: Total time for which application threads were stopped: 0.0013070 seconds, Stopping threads took: 0.0000820 seconds
352.589: Application time: 0.0568520 seconds
352.589: [GC352.589: [ParNew: 36686K->4117K(37632K), 0.0013800 secs] 49123K->17586K(121024K), 0.0014130 secs] [Times: user=0.01 sys=0.00, real=0.00 secs] 
352.590: Total time for which application threads were stopped: 0.0015600 seconds, Stopping threads took: 0.0000880 seconds
352.654: Application time: 0.0638620 seconds
352.654: [GC352.654: [ParNew: 36962K->4117K(37632K), 0.0010810 secs] 50431K->17586K(121024K), 0.0011150 secs] [Times: user=0.00 sys=0.00, real=0.00 secs] 
352.656: Total time for which application threads were stopped: 0.0012680 seconds, Stopping threads took: 0.0000990 seconds
352.715: Application time: 0.0596340 seconds
352.715: [GC352.715: [ParNew: 36890K->4130K(37632K), 0.0016260 secs] 50359K->19647K(121024K), 0.0016600 secs] [Times: user=0.01 sys=0.00, real=0.00 secs] 
352.717: Total time for which application threads were stopped: 0.0018170 seconds, Stopping threads took: 0.0001000 seconds
352.779: Application time: 0.0620590 seconds
352.779: [GC352.779: [ParNew: 36874K->4148K(37632K), 0.0013270 secs] 52391K->20689K(121024K), 0.0013660 secs] [Times: user=0.01 sys=0.00, real=0.00 secs] 
352.781: Total time for which application threads were stopped: 0.0015070 seconds, Stopping threads took: 0.0000750 seconds
352.840: Application time: 0.0590760 seconds
352.840: [GC352.840: [ParNew: 36860K->4152K(37632K), 0.0012070 secs] 53401K->20693K(121024K), 0.0012390 secs] [Times: user=0.01 sys=0.00, real=0.00 secs] 
352.841: Total time for which application threads were stopped: 0.0013910 seconds, Stopping threads took: 0.0000960 seconds
352.902: Application time: 0.0607930 seconds
352.902: [GC352.902: [ParNew: 37026K->4158K(37632K), 0.0016680 secs] 53568K->22819K(121024K), 0.0017010 secs] [Times: user=0.01 sys=0.00, real=0.00 secs] 
352.904: Total time for which application threads were stopped: 0.0018300 seconds, Stopping threads took: 0.0000710 seconds
352.965: Application time: 0.0612830 seconds
352.965: [GC352.965: [ParNew: 37200K->4158K(37632K), 0.0014560 secs] 55862K->23932K(121024K), 0.0014910 secs] [Times: user=0.01 sys=0.00, real=0.00 secs] 
352.967: Total time for which application threads were stopped: 0.0016190 seconds, Stopping threads took: 0.0000720 seconds
353.027: Application time: 0.0605780 seconds
353.027: [GC353.027: [ParNew: 36995K->4145K(37632K), 0.0014280 secs] 56768K->25010K(121024K), 0.0014530 secs] [Times: user=0.01 sys=0.00, real=0.00 secs] 
353.029: Total time for which application threads were stopped: 0.0015990 seconds, Stopping threads took: 0.0000890 seconds
353.094: Application time: 0.0652020 seconds
353.094: [GC353.094: [ParNew: 37399K->4158K(37632K), 0.0011080 secs] 58265K->25160K(121024K), 0.0011390 secs] [Times: user=0.01 sys=0.00, real=0.00 secs] 
353.095: Total time for which application threads were stopped: 0.0012770 seconds, Stopping threads took: 0.0000850 seconds
353.152: Application time: 0.0568870 seconds
353.155: [GC353.155: [ParNew: 37589K->4114K(37632K), 0.0014770 secs] 58591K->26188K(121024K), 0.0015090 secs] [Times: user=0.01 sys=0.00, real=0.00 secs] 
353.156: Total time for which application threads were stopped: 0.0041490 seconds, Stopping threads took: 0.0025820 seconds
353.219: Application time: 0.0628790 seconds
353.219: [GC353.219: [ParNew: 36959K->4114K(37632K), 0.0019480 secs] 59033K->29260K(121024K), 0.0019800 secs] [Times: user=0.02 sys=0.00, real=0.00 secs] 
353.221: Total time for which application threads were stopped: 0.0020990 seconds, Stopping threads took: 0.0000630 seconds
353.280: Application time: 0.0583070 seconds
353.280: [GC353.280: [ParNew: 36805K->4135K(37632K), 0.0014490 secs] 61951K->30305K(121024K), 0.0014820 secs] [Times: user=0.01 sys=0.00, real=0.00 secs] 
353.281: Total time for which application threads were stopped: 0.0016170 seconds, Stopping threads took: 0.0000660 seconds
353.344: Application time: 0.0623670 seconds
353.344: [GC353.344: [ParNew: 36904K->4134K(37632K), 0.0013350 secs] 63074K->31328K(121024K), 0.0013660 secs] [Times: user=0.01 sys=0.00, real=0.00 secs] 
353.345: Total time for which application threads were stopped: 0.0014920 seconds, Stopping threads took: 0.0000710 seconds
353.410: Application time: 0.0646100 seconds
353.410: [GC353.410: [ParNew: 37098K->3126K(37632K), 0.0008130 secs] 64292K->30320K(121024K), 0.0008410 secs] [Times: user=0.00 sys=0.00, real=0.01 secs] 
353.411: Total time for which application threads were stopped: 0.0010000 seconds, Stopping threads took: 0.0001060 seconds
353.471: Application time: 0.0600860 seconds
353.471: [GC353.471: [ParNew: 36588K->4120K(37632K), 0.0010540 secs] 63782K->31314K(121024K), 0.0010860 secs] [Times: user=0.00 sys=0.00, real=0.00 secs] 
353.472: Total time for which application threads were stopped: 0.0012190 seconds, Stopping threads took: 0.0000770 seconds
353.533: Application time: 0.0609740 seconds
353.533: [GC353.533: [ParNew: 36997K->4150K(37632K), 0.0012540 secs] 64191K->32368K(121024K), 0.0012880 secs] [Times: user=0.01 sys=0.00, real=0.00 secs] 
353.534: Total time for which application threads were stopped: 0.0014100 seconds, Stopping threads took: 0.0000670 seconds
353.595: Application time: 0.0602930 seconds
353.595: [GC353.595: [ParNew: 37225K->4158K(37632K), 0.0014400 secs] 65443K->33496K(121024K), 0.0014860 secs] [Times: user=0.01 sys=0.00, real=0.00 secs] 
353.596: Total time for which application threads were stopped: 0.0016360 seconds, Stopping threads took: 0.0000940 seconds
353.658: Application time: 0.0615760 seconds
353.658: [GC353.658: [ParNew: 36992K->4145K(37632K), 0.0015020 secs] 66330K->34579K(121024K), 0.0015370 secs] [Times: user=0.01 sys=0.00, real=0.01 secs] 
353.660: Total time for which application threads were stopped: 0.0016680 seconds, Stopping threads took: 0.0000750 seconds
353.720: Application time: 0.0604310 seconds
353.720: [GC353.720: [ParNew: 36887K->4158K(37632K), 0.0014870 secs] 67321K->35688K(121024K), 0.0015240 secs] [Times: user=0.01 sys=0.00, real=0.00 secs] 
353.722: Total time for which application threads were stopped: 0.0016510 seconds, Stopping threads took: 0.0000690 seconds
353.783: Application time: 0.0614170 seconds
353.783: [GC353.783: [ParNew: 37208K->4157K(37632K), 0.0010760 secs] 68738K->35783K(121024K), 0.0011050 secs] [Times: user=0.01 sys=0.00, real=0.00 secs] 
353.784: Total time for which application threads were stopped: 0.0012350 seconds, Stopping threads took: 0.0000670 seconds
353.843: Application time: 0.0587020 seconds
353.843: [GC353.843: [ParNew: 36753K->4112K(37632K), 0.0016370 secs] 68379K->37867K(121024K), 0.0016700 secs] [Times: user=0.01 sys=0.00, real=0.00 secs] 
353.845: Total time for which application threads were stopped: 0.0018040 seconds, Stopping threads took: 0.0000760 seconds
353.906: Application time: 0.0611780 seconds
353.906: [GC353.906: [ParNew: 36971K->4115K(37632K), 0.0016310 secs] 70726K->39917K(121024K), 0.0016650 secs] [Times: user=0.01 sys=0.00, real=0.00 secs] 
353.908: Total time for which application threads were stopped: 0.0017960 seconds, Stopping threads took: 0.0000740 seconds
353.967: Application time: 0.0593910 seconds
353.967: [GC353.967: [ParNew: 36764K->4134K(37632K), 0.0014640 secs] 72567K->40960K(121024K), 0.0014960 secs] [Times: user=0.00 sys=0.00, real=0.00 secs] 
353.969: Total time for which application threads were stopped: 0.0016200 seconds, Stopping threads took: 0.0000630 seconds
354.031: Application time: 0.0623250 seconds
354.031: [GC354.031: [ParNew: 36889K->4118K(37632K), 0.0013290 secs] 73715K->41969K(121024K), 0.0013600 secs] [Times: user=0.01 sys=0.00, real=0.00 secs] 
354.033: Total time for which application threads were stopped: 0.0015070 seconds, Stopping threads took: 0.0000890 seconds
354.094: Application time: 0.0617020 seconds
354.094: [GC354.094: [ParNew: 36945K->4115K(37632K), 0.0013540 secs] 74795K->42989K(121024K), 0.0013880 secs] [Times: user=0.01 sys=0.00, real=0.00 secs] 
354.096: Total time for which application threads were stopped: 0.0015140 seconds, Stopping threads took: 0.0000670 seconds
354.156: Application time: 0.0606580 seconds
354.157: [GC354.157: [ParNew: 36853K->4120K(37632K), 0.0014600 secs] 75728K->44018K(121024K), 0.0014930 secs] [Times: user=0.01 sys=0.00, real=0.00 secs] 
354.158: Total time for which application threads were stopped: 0.0016390 seconds, Stopping threads took: 0.0000880 seconds
354.216: Application time: 0.0581330 seconds
354.216: [GC354.216: [ParNew: 36833K->4142K(37632K), 0.0016540 secs] 76731K->46089K(121024K), 0.0016860 secs] [Times: user=0.02 sys=0.00, real=0.00 secs] 
354.218: Total time for which application threads were stopped: 0.0018100 seconds, Stopping threads took: 0.0000680 seconds
354.281: Application time: 0.0628670 seconds
354.281: [GC354.281: [ParNew: 37119K->4143K(37632K), 0.0016710 secs] 79065K->48193K(121024K), 0.0017050 secs] [Times: user=0.01 sys=0.00, real=0.00 secs] 
354.283: Total time for which application threads were stopped: 0.0018360 seconds, Stopping threads took: 0.0000730 seconds
354.343: Application time: 0.0605060 seconds
354.343: [GC354.343: [ParNew: 37132K->4156K(37632K), 0.0017360 secs] 81182K->50318K(121024K), 0.0017760 secs] [Times: user=0.02 sys=0.00, real=0.00 secs] 
354.345: Total time for which application threads were stopped: 0.0019210 seconds, Stopping threads took: 0.0000790 seconds
354.406: Application time: 0.0610310 seconds
354.406: [GC354.406: [ParNew: 36924K->4158K(37632K), 0.0011830 secs] 83087K->50401K(121024K), 0.0012130 secs] [Times: user=0.01 sys=0.00, real=0.00 secs] 
354.408: Total time for which application threads were stopped: 0.0013540 seconds, Stopping threads took: 0.0000870 seconds
354.470: Application time: 0.0626450 seconds
354.470: [GC354.470: [ParNew: 37200K->4158K(37632K), 0.0011590 secs] 83442K->50505K(121024K), 0.0011900 secs] [Times: user=0.01 sys=0.00, real=0.01 secs] 
354.472: Total time for which application threads were stopped: 0.0013110 seconds, Stopping threads took: 0.0000670 seconds
354.529: Application time: 0.0577870 seconds
354.529: [GC354.529: [ParNew: 36661K->4134K(37632K), 0.0014110 secs] 83007K->51589K(121024K), 0.0014460 secs] [Times: user=0.01 sys=0.00, real=0.01 secs] 
354.531: Total time for which application threads were stopped: 0.0015700 seconds, Stopping threads took: 0.0000680 seconds
354.594: Application time: 0.0629210 seconds
354.594: [GC354.594: [ParNew: 37009K->4130K(37632K), 0.0015550 secs] 84464K->53633K(121024K), 0.0015880 secs] [Times: user=0.01 sys=0.00, real=0.00 secs] 
354.596: Total time for which application threads were stopped: 0.0017270 seconds, Stopping threads took: 0.0000830 seconds
354.654: Application time: 0.0579650 seconds
354.654: [GC354.654: [ParNew: 36750K->4114K(37632K), 0.0014540 secs] 86253K->54641K(121024K), 0.0014850 secs] [Times: user=0.01 sys=0.00, real=0.00 secs] 
354.655: Total time for which application threads were stopped: 0.0016090 seconds, Stopping threads took: 0.0000700 seconds
354.716: Application time: 0.0607920 seconds
354.716: [GC354.716: [ParNew: 36909K->4114K(37632K), 0.0017800 secs] 87436K->56689K(121024K), 0.0018140 secs] [Times: user=0.01 sys=0.00, real=0.00 secs] 
354.718: Total time for which application threads were stopped: 0.0019400 seconds, Stopping threads took: 0.0000680 seconds
354.782: Application time: 0.0637970 seconds
354.782: [GC354.782: [ParNew: 36995K->4153K(37632K), 0.0010870 secs] 89570K->56728K(121024K), 0.0011170 secs] [Times: user=0.01 sys=0.00, real=0.00 secs] 
354.783: Total time for which application threads were stopped: 0.0012330 seconds, Stopping threads took: 0.0000600 seconds
354.841: Application time: 0.0576640 seconds
354.841: [GC354.841: [ParNew: 36606K->4124K(37632K), 0.0013350 secs] 89181K->57723K(121024K), 0.0013670 secs] [Times: user=0.01 sys=0.00, real=0.00 secs] 
354.842: Total time for which application threads were stopped: 0.0014990 seconds, Stopping threads took: 0.0000760 seconds
354.902: Application time: 0.0599860 seconds
354.902: [GC354.902: [ParNew: 37011K->4158K(37632K), 0.0016670 secs] 90609K->59805K(121024K), 0.0016990 secs] [Times: user=0.02 sys=0.00, real=0.00 secs] 
354.904: Total time for which application threads were stopped: 0.0018350 seconds, Stopping threads took: 0.0000670 seconds
354.966: Application time: 0.0618210 seconds
354.966: [GC354.966: [ParNew: 37104K->4158K(37632K), 0.0016760 secs] 92751K->61925K(121024K), 0.0017070 secs] [Times: user=0.01 sys=0.00, real=0.00 secs] 
354.968: Total time for which application threads were stopped: 0.0018190 seconds, Stopping threads took: 0.0000540 seconds
355.027: Application time: 0.0594100 seconds
355.027: [GC355.027: [ParNew: 37147K->4156K(37632K), 0.0014530 secs] 94914K->63043K(121024K), 0.0014820 secs] [Times: user=0.01 sys=0.00, real=0.00 secs] 
355.029: Total time for which application threads were stopped: 0.0016270 seconds, Stopping threads took: 0.0000880 seconds
355.092: Application time: 0.0635880 seconds
355.092: [GC355.092: [ParNew: 37084K->4158K(37632K), 0.0013820 secs] 95971K->64133K(121024K), 0.0014140 secs] [Times: user=0.01 sys=0.00, real=0.00 secs] 
355.094: Total time for which application threads were stopped: 0.0015550 seconds, Stopping threads took: 0.0000850 seconds
355.156: Application time: 0.0622890 seconds
355.156: [GC355.156: [ParNew: 37225K->4154K(37632K), 0.0014080 secs] 97201K->65241K(121024K), 0.0014480 secs] [Times: user=0.01 sys=0.00, real=0.00 secs] 
355.158: Total time for which application threads were stopped: 0.0015680 seconds, Stopping threads took: 0.0000620 seconds
355.216: Application time: 0.0588030 seconds
355.216: [GC355.217: [ParNew: 36667K->4134K(37632K), 0.0014500 secs] 97754K->66337K(121024K), 0.0014810 secs] [Times: user=0.01 sys=0.00, real=0.00 secs] 
355.218: Total time for which application threads were stopped: 0.0016050 seconds, Stopping threads took: 0.0000680 seconds
355.277: Application time: 0.0593810 seconds
355.277: [GC355.277: [ParNew: 36753K->4118K(37632K), 0.0016980 secs] 98956K->68369K(121024K), 0.0017290 secs] [Times: user=0.02 sys=0.00, real=0.01 secs] 
355.279: Total time for which application threads were stopped: 0.0018590 seconds, Stopping threads took: 0.0000740 seconds
355.337: Application time: 0.0579050 seconds
355.337: [GC355.337: [ParNew: 36723K->4115K(37632K), 0.0034390 secs] 100974K->70414K(121024K), 0.0034750 secs] [Times: user=0.01 sys=0.00, real=0.01 secs] 
355.341: Total time for which application threads were stopped: 0.0036270 seconds, Stopping threads took: 0.0000950 seconds
355.406: Application time: 0.0652780 seconds
355.406: [GC355.406: [ParNew: 37076K->4134K(37632K), 0.0013820 secs] 103375K->71458K(121024K), 0.0014150 secs] [Times: user=0.01 sys=0.00, real=0.00 secs] 
355.408: Total time for which application threads were stopped: 0.0015440 seconds, Stopping threads took: 0.0000640 seconds
355.465: Application time: 0.0570450 seconds
355.465: [GC355.465: [ParNew: 37606K->4117K(37632K), 0.0014950 secs] 104930K->72464K(121024K), 0.0015300 secs] [Times: user=0.01 sys=0.00, real=0.00 secs] 
355.466: Total time for which application threads were stopped: 0.0016650 seconds, Stopping threads took: 0.0000750 seconds
355.531: Application time: 0.0650600 seconds
355.531: [GC355.531: [ParNew: 37057K->4113K(37632K), 0.0013890 secs] 105405K->73484K(121024K), 0.0014190 secs] [Times: user=0.01 sys=0.00, real=0.00 secs] 
355.533: Total time for which application threads were stopped: 0.0015480 seconds, Stopping threads took: 0.0000740 seconds
355.590: Application time: 0.0569620 seconds
355.590: [GC355.590: [ParNew: 36945K->4158K(37632K), 0.0017860 secs] 106316K->75586K(121024K), 0.0018200 secs] [Times: user=0.01 sys=0.00, real=0.01 secs] 
355.592: Total time for which application threads were stopped: 0.0019690 seconds, Stopping threads took: 0.0000900 seconds
355.656: Application time: 0.0644680 seconds
355.656: [GC355.656: [ParNew: 37176K->4159K(37632K), 0.0014270 secs] 108603K->76683K(121024K), 0.0014590 secs] [Times: user=0.01 sys=0.00, real=0.00 secs] 
355.658: Total time for which application threads were stopped: 0.0015880 seconds, Stopping threads took: 0.0000720 seconds
355.717: Application time: 0.0595230 seconds
355.718: [GC355.718: [ParNew: 37134K->4158K(37632K), 0.0014370 secs] 109657K->77785K(121024K), 0.0014700 secs] [Times: user=0.01 sys=0.00, real=0.01 secs] 
355.719: Total time for which application threads were stopped: 0.0016810 seconds, Stopping threads took: 0.0001550 seconds
355.783: Application time: 0.0635650 seconds
355.783: [GC355.783: [ParNew: 37087K->4156K(37632K), 0.0011210 secs] 110715K->77864K(121024K), 0.0011510 secs] [Times: user=0.01 sys=0.00, real=0.00 secs] 
355.784: Total time for which application threads were stopped: 0.0012850 seconds, Stopping threads took: 0.0000800 seconds
355.845: Application time: 0.0615040 seconds
355.846: [GC355.846: [ParNew: 37184K->3200K(37632K), 0.0009220 secs] 110891K->76940K(121024K), 0.0009520 secs] [Times: user=0.00 sys=0.00, real=0.00 secs] 
355.847: Total time for which application threads were stopped: 0.0010680 seconds, Stopping threads took: 0.0000650 seconds
355.905: Application time: 0.0586530 seconds
355.905: [GC355.905: [ParNew: 35750K->4116K(37632K), 0.0018020 secs] 109489K->80035K(121024K), 0.0018370 secs] [Times: user=0.01 sys=0.00, real=0.00 secs] 
355.907: Total time for which application threads were stopped: 0.0019820 seconds, Stopping threads took: 0.0000780 seconds
355.967: Application time: 0.0595780 seconds
355.967: [GC355.967: [ParNew: 36821K->4130K(37632K), 0.0017290 secs] 112740K->82097K(121024K), 0.0017640 secs] [Times: user=0.01 sys=0.00, real=0.00 secs] 
355.969: Total time for which application threads were stopped: 0.0019020 seconds, Stopping threads took: 0.0000710 seconds
356.029: Application time: 0.0600220 seconds
356.029: [GC356.029: [ParNew: 36754K->4132K(37632K), 0.0014320 secs] 114722K->83124K(121024K), 0.0014640 secs] [Times: user=0.01 sys=0.00, real=0.00 secs] 
356.030: Total time for which application threads were stopped: 0.0016180 seconds, Stopping threads took: 0.0000960 seconds
356.094: Application time: 0.0640160 seconds
356.094: [GC356.094: [ParNew: 36982K->4115K(37632K), 0.0011840 secs] 115973K->83107K(121024K), 0.0012140 secs] [Times: user=0.01 sys=0.00, real=0.00 secs] 
356.096: Total time for which application threads were stopped: 0.0013410 seconds, Stopping threads took: 0.0000730 seconds
356.155: Application time: 0.0591380 seconds
356.155: [GC356.155: [ParNew: 36780K->4115K(37632K), 0.0016430 secs] 115772K->85155K(121024K), 0.0016740 secs] [Times: user=0.01 sys=0.00, real=0.00 secs] 
356.157: Total time for which application threads were stopped: 0.0018500 seconds, Stopping threads took: 0.0001140 seconds
356.219: Application time: 0.0621170 seconds
356.219: [GC356.219: [ParNew: 36880K->4132K(37632K), 0.0014680 secs] 117920K->86196K(121024K), 0.0014990 secs] [Times: user=0.01 sys=0.00, real=0.00 secs] 
356.220: Total time for which application threads were stopped: 0.0016180 seconds, Stopping threads took: 0.0000620 seconds
356.277: Application time: 0.0562000 seconds
356.277: [GC356.277: [ParNew: 36694K->4144K(37632K), 0.0016660 secs]356.278: [Tenured: 84111K->9884K(84420K), 0.0087810 secs] 118758K->9884K(122052K), [Perm : 5530K->5530K(21248K)], 0.0105490 secs] [Times: user=0.02 sys=0.00, real=0.01 secs] 
356.287: Total time for which application threads were stopped: 0.0106850 seconds, Stopping threads took: 0.0000720 seconds
356.348: Application time: 0.0609240 seconds
356.348: [GC356.348: [ParNew: 33041K->4140K(37632K), 0.0019400 secs] 42925K->17096K(121024K), 0.0019750 secs] [Times: user=0.01 sys=0.00, real=0.00 secs] 
356.350: Total time for which application threads were stopped: 0.0021550 seconds, Stopping threads took: 0.0001220 seconds
356.415: Application time: 0.0641640 seconds
356.415: [GC356.415: [ParNew: 37332K->4158K(37632K), 0.0013980 secs] 50288K->18218K(121024K), 0.0014300 secs] [Times: user=0.01 sys=0.00, real=0.00 secs] 
356.416: Total time for which application threads were stopped: 0.0015970 seconds, Stopping threads took: 0.0001110 seconds
356.479: Application time: 0.0623770 seconds
356.479: [GC356.479: [ParNew: 37068K->4159K(37632K), 0.0013780 secs] 51128K->19331K(121024K), 0.0014100 secs] [Times: user=0.01 sys=0.00, real=0.00 secs] 
356.480: Total time for which application threads were stopped: 0.0015690 seconds, Stopping threads took: 0.0000930 seconds
356.540: Application time: 0.0594280 seconds
356.540: [GC356.540: [ParNew: 36899K->4158K(37632K), 0.0014310 secs] 52071K->20466K(121024K), 0.0014610 secs] [Times: user=0.01 sys=0.00, real=0.00 secs] 
356.541: Total time for which application threads were stopped: 0.0016110 seconds, Stopping threads took: 0.0000940 seconds
356.601: Application time: 0.0594500 seconds
356.601: [GC356.601: [ParNew: 36862K->4114K(37632K), 0.0018710 secs] 53171K->23558K(121024K), 0.0019060 secs] [Times: user=0.01 sys=0.00, real=0.00 secs] 
356.603: Total time for which application threads were stopped: 0.0020580 seconds, Stopping threads took: 0.0000930 seconds
356.665: Application time: 0.0623110 seconds
356.665: [GC356.665: [ParNew: 36995K->4128K(37632K), 0.0022600 secs] 56440K->25620K(121024K), 0.0022900 secs] [Times: user=0.02 sys=0.00, real=0.00 secs] 
356.667: Total time for which application threads were stopped: 0.0024300 seconds, Stopping threads took: 0.0000830 seconds
356.726: Application time: 0.0584250 seconds
356.726: [GC356.726: [ParNew: 36658K->4118K(37632K), 0.0013930 secs] 58150K->26635K(121024K), 0.0014330 secs] [Times: user=0.01 sys=0.00, real=0.00 secs] 
356.727: Total time for which application threads were stopped: 0.0015680 seconds, Stopping threads took: 0.0000800 seconds
356.793: Application time: 0.0660340 seconds
356.794: [GC356.794: [ParNew: 37150K->2106K(37632K), 0.0006750 secs] 59667K->24623K(121024K), 0.0007040 secs] [Times: user=0.01 sys=0.00, real=0.00 secs] 
356.794: Total time for which application threads were stopped: 0.0008350 seconds, Stopping threads took: 0.0000780 seconds
356.854: Application time: 0.0597850 seconds
356.854: [GC356.854: [ParNew: 34707K->4118K(37632K), 0.0010620 secs] 57223K->26634K(121024K), 0.0010930 secs] [Times: user=0.01 sys=0.00, real=0.00 secs] 
356.855: Total time for which application threads were stopped: 0.0012150 seconds, Stopping threads took: 0.0000670 seconds
356.914: Application time: 0.0590890 seconds
356.914: [GC356.914: [ParNew: 37590K->4112K(37632K), 0.0016870 secs] 60106K->28676K(121024K), 0.0017190 secs] [Times: user=0.02 sys=0.00, real=0.00 secs] 
356.916: Total time for which application threads were stopped: 0.0018560 seconds, Stopping threads took: 0.0000780 seconds
356.975: Application time: 0.0585040 seconds
356.975: [GC356.975: [ParNew: 36817K->4114K(37632K), 0.0019730 secs] 61381K->31750K(121024K), 0.0020060 secs] [Times: user=0.02 sys=0.00, real=0.00 secs] 
356.977: Total time for which application threads were stopped: 0.0021240 seconds, Stopping threads took: 0.0000600 seconds
357.040: Application time: 0.0628230 seconds
357.040: [GC357.040: [ParNew: 37267K->4154K(37632K), 0.0016570 secs] 64904K->33855K(121024K), 0.0016900 secs] [Times: user=0.01 sys=0.00, real=0.00 secs] 
357.042: Total time for which application threads were stopped: 0.0018660 seconds, Stopping threads took: 0.0001090 seconds
357.103: Application time: 0.0613180 seconds
357.103: [GC357.103: [ParNew: 37279K->4159K(37632K), 0.0014860 secs] 66980K->34988K(121024K), 0.0015180 secs] [Times: user=0.01 sys=0.00, real=0.00 secs] 
357.104: Total time for which application threads were stopped: 0.0016480 seconds, Stopping threads took: 0.0000720 seconds
357.168: Application time: 0.0638160 seconds
357.168: [GC357.168: [ParNew: 37136K->4158K(37632K), 0.0012710 secs] 67965K->35059K(121024K), 0.0012990 secs] [Times: user=0.01 sys=0.00, real=0.00 secs] 
357.170: Total time for which application threads were stopped: 0.0014300 seconds, Stopping threads took: 0.0000780 seconds
357.228: Application time: 0.0579730 seconds
357.228: [GC357.228: [ParNew: 36837K->4158K(37632K), 0.0011230 secs] 67738K->35155K(121024K), 0.0011530 secs] [Times: user=0.01 sys=0.00, real=0.00 secs] 
357.229: Total time for which application threads were stopped: 0.0013120 seconds, Stopping threads took: 0.0001050 seconds
357.290: Application time: 0.0610060 seconds
357.290: [GC357.290: [ParNew: 36964K->4114K(37632K), 0.0019730 secs] 67961K->38263K(121024K), 0.0020070 secs] [Times: user=0.01 sys=0.00, real=0.01 secs] 
357.292: Total time for which application threads were stopped: 0.0021440 seconds, Stopping threads took: 0.0000770 seconds
357.353: Application time: 0.0606970 seconds
357.353: [GC357.353: [ParNew: 36902K->4130K(37632K), 0.0016500 secs] 71051K->40327K(121024K), 0.0016850 secs] [Times: user=0.01 sys=0.00, real=0.00 secs] 
357.355: Total time for which application threads were stopped: 0.0018110 seconds, Stopping threads took: 0.0000650 seconds
357.414: Application time: 0.0596330 seconds
357.415: [GC357.415: [ParNew: 36836K->4132K(37632K), 0.0015130 secs] 73033K->41353K(121024K), 0.0015430 secs] [Times: user=0.00 sys=0.01, real=0.00 secs] 
357.416: Total time for which application threads were stopped: 0.0018060 seconds, Stopping threads took: 0.0001970 seconds
357.482: Application time: 0.0655720 seconds
357.482: [GC357.482: [ParNew: 37045K->4154K(37632K), 0.0011010 secs] 74266K->41375K(121024K), 0.0011330 secs] [Times: user=0.01 sys=0.00, real=0.00 secs] 
357.483: Total time for which application threads were stopped: 0.0012850 seconds, Stopping threads took: 0.0000900 seconds
357.542: Application time: 0.0593090 seconds
357.542: [GC357.542: [ParNew: 36715K->4136K(37632K), 0.0010740 secs] 73936K->41357K(121024K), 0.0011070 secs] [Times: user=0.00 sys=0.00, real=0.00 secs] 
357.544: Total time for which application threads were stopped: 0.0012630 seconds, Stopping threads took: 0.0000930 seconds
357.605: Application time: 0.0611490 seconds
357.605: [GC357.605: [ParNew: 36760K->4115K(37632K), 0.0012450 secs] 73981K->42360K(121024K), 0.0012780 secs] [Times: user=0.01 sys=0.00, real=0.00 secs] 
357.606: Total time for which application threads were stopped: 0.0013960 seconds, Stopping threads took: 0.0000650 seconds
357.665: Application time: 0.0587270 seconds
357.665: [GC357.665: [ParNew: 36805K->4119K(37632K), 0.0014690 secs] 75050K->43388K(121024K), 0.0015030 secs] [Times: user=0.01 sys=0.00, real=0.00 secs] 
357.667: Total time for which application threads were stopped: 0.0017190 seconds, Stopping threads took: 0.0001520 seconds
357.727: Application time: 0.0607980 seconds
357.728: [GC357.728: [ParNew: 37122K->4157K(37632K), 0.0013930 secs] 76391K->44467K(121024K), 0.0014270 secs] [Times: user=0.01 sys=0.00, real=0.00 secs] 
357.729: Total time for which application threads were stopped: 0.0015870 seconds, Stopping threads took: 0.0001050 seconds
357.792: Application time: 0.0629560 seconds
357.792: [GC357.792: [ParNew: 37187K->4159K(37632K), 0.0011680 secs] 77496K->44588K(121024K), 0.0012000 secs] [Times: user=0.00 sys=0.00, real=0.00 secs] 
357.793: Total time for which application threads were stopped: 0.0013370 seconds, Stopping threads took: 0.0000820 seconds
357.852: Application time: 0.0588320 seconds
357.852: [GC357.852: [ParNew: 36655K->4153K(37632K), 0.0010090 secs] 77084K->44634K(121024K), 0.0010390 secs] [Times: user=0.01 sys=0.00, real=0.00 secs] 
357.853: Total time for which application threads were stopped: 0.0011560 seconds, Stopping threads took: 0.0000620 seconds
357.913: Application time: 0.0599490 seconds
357.913: [GC357.913: [ParNew: 37062K->4140K(37632K), 0.0018980 secs] 77543K->47757K(121024K), 0.0019450 secs] [Times: user=0.02 sys=0.00, real=0.00 secs] 
357.915: Total time for which application threads were stopped: 0.0020710 seconds, Stopping threads took: 0.0000680 seconds
357.976: Application time: 0.0607960 seconds
357.976: [GC357.976: [ParNew: 37229K->4158K(37632K), 0.0019930 secs] 80846K->50903K(121024K), 0.0020240 secs] [Times: user=0.01 sys=0.00, real=0.00 secs] 
357.978: Total time for which application threads were stopped: 0.0021550 seconds, Stopping threads took: 0.0000730 seconds
358.039: Application time: 0.0611250 seconds
358.040: [GC358.040: [ParNew: 37031K->4130K(37632K), 0.0014810 secs] 83776K->51995K(121024K), 0.0015140 secs] [Times: user=0.01 sys=0.00, real=0.00 secs] 
358.041: Total time for which application threads were stopped: 0.0016740 seconds, Stopping threads took: 0.0001020 seconds
358.107: Application time: 0.0658720 seconds
358.107: [GC358.107: [ParNew: 37052K->3115K(37632K), 0.0008610 secs] 84917K->50981K(121024K), 0.0008900 secs] [Times: user=0.01 sys=0.00, real=0.00 secs] 
358.108: Total time for which application threads were stopped: 0.0010160 seconds, Stopping threads took: 0.0000600 seconds
358.168: Application time: 0.0601930 seconds
358.168: [GC358.168: [ParNew: 35714K->4130K(37632K), 0.0013650 secs] 83580K->53020K(121024K), 0.0013950 secs] [Times: user=0.01 sys=0.00, real=0.00 secs] 
358.170: Total time for which application threads were stopped: 0.0015220 seconds, Stopping threads took: 0.0000700 seconds
358.231: Application time: 0.0610260 seconds
358.231: [GC358.231: [ParNew: 36743K->4120K(37632K), 0.0010450 secs] 85633K->53010K(121024K), 0.0010760 secs] [Times: user=0.00 sys=0.00, real=0.00 secs] 
358.232: Total time for which application threads were stopped: 0.0012310 seconds, Stopping threads took: 0.0001000 seconds
358.287: Application time: 0.0552320 seconds
358.287: [GC358.287: [ParNew: 36615K->4134K(37632K), 0.0018220 secs] 85504K->55071K(121024K), 0.0018550 secs] [Times: user=0.02 sys=0.00, real=0.00 secs] 
358.289: Total time for which application threads were stopped: 0.0019920 seconds, Stopping threads took: 0.0000810 seconds
358.351: Application time: 0.0623530 seconds
358.352: [GC358.352: [ParNew: 36940K->4115K(37632K), 0.0016810 secs] 87878K->57100K(121024K), 0.0017170 secs] [Times: user=0.01 sys=0.00, real=0.00 secs] 
358.353: Total time for which application threads were stopped: 0.0018400 seconds, Stopping threads took: 0.0000650 seconds
358.415: Application time: 0.0616320 seconds
358.415: [GC358.415: [ParNew: 37135K->4154K(37632K), 0.0014820 secs] 90120K->58179K(121024K), 0.0015160 secs] [Times: user=0.02 sys=0.00, real=0.00 secs] 
358.417: Total time for which application threads were stopped: 0.0016740 seconds, Stopping threads took: 0.0000980 seconds
358.481: Application time: 0.0645460 seconds
358.481: [GC358.481: [ParNew: 37280K->4156K(37632K), 0.0011510 secs] 91306K->58314K(121024K), 0.0011810 secs] [Times: user=0.01 sys=0.00, real=0.00 secs] 
358.483: Total time for which application threads were stopped: 0.0013040 seconds, Stopping threads took: 0.0000680 seconds
358.539: Application time: 0.0569030 seconds
358.540: [GC358.540: [ParNew: 37608K->4145K(37632K), 0.0014110 secs] 91766K->59383K(121024K), 0.0014460 secs] [Times: user=0.01 sys=0.00, real=0.00 secs] 
358.541: Total time for which application threads were stopped: 0.0015740 seconds, Stopping threads took: 0.0000730 seconds
358.605: Application time: 0.0635300 seconds
358.605: [GC358.605: [ParNew: 37499K->4155K(37632K), 0.0016850 secs] 92737K->61521K(121024K), 0.0017160 secs] [Times: user=0.01 sys=0.00, real=0.00 secs] 
358.606: Total time for which application threads were stopped: 0.0018530 seconds, Stopping threads took: 0.0000790 seconds
358.665: Application time: 0.0589450 seconds
358.665: [GC358.665: [ParNew: 36942K->4142K(37632K), 0.0017000 secs] 94308K->63612K(121024K), 0.0017350 secs] [Times: user=0.02 sys=0.00, real=0.00 secs] 
358.667: Total time for which application threads were stopped: 0.0018960 seconds, Stopping threads took: 0.0000920 seconds
358.731: Application time: 0.0641080 seconds
358.731: [GC358.731: [ParNew: 37050K->4116K(37632K), 0.0016470 secs] 96519K->65697K(121024K), 0.0016790 secs] [Times: user=0.01 sys=0.00, real=0.00 secs] 
358.733: Total time for which application threads were stopped: 0.0018150 seconds, Stopping threads took: 0.0000780 seconds
358.796: Application time: 0.0624750 seconds
358.796: [GC358.796: [ParNew: 36968K->4130K(37632K), 0.0016620 secs] 98550K->67760K(121024K), 0.0016950 secs] [Times: user=0.01 sys=0.00, real=0.00 secs] 
358.797: Total time for which application threads were stopped: 0.0018290 seconds, Stopping threads took: 0.0000770 seconds
358.861: Application time: 0.0633160 seconds
358.861: [GC358.861: [ParNew: 37010K->4154K(37632K), 0.0010560 secs] 100640K->67784K(121024K), 0.0010860 secs] [Times: user=0.01 sys=0.00, real=0.00 secs] 
358.862: Total time for which application threads were stopped: 0.0012080 seconds, Stopping threads took: 0.0000670 seconds
358.921: Application time: 0.0594720 seconds
358.922: [GC358.922: [ParNew: 37491K->3116K(37632K), 0.0008470 secs] 101121K->66746K(121024K), 0.0008780 secs] [Times: user=0.01 sys=0.00, real=0.00 secs] 
358.922: Total time for which application threads were stopped: 0.0009990 seconds, Stopping threads took: 0.0000630 seconds
358.986: Application time: 0.0636140 seconds
358.986: [GC358.986: [ParNew: 35951K->4133K(37632K), 0.0010620 secs] 99581K->67762K(121024K), 0.0010940 secs] [Times: user=0.01 sys=0.00, real=0.00 secs] 
358.987: Total time for which application threads were stopped: 0.0012170 seconds, Stopping threads took: 0.0000680 seconds
359.043: Application time: 0.0561320 seconds
359.044: [GC359.044: [ParNew: 37605K->4131K(37632K), 0.0017780 secs] 101234K->69809K(121024K), 0.0018120 secs] [Times: user=0.02 sys=0.00, real=0.00 secs] 
359.045: Total time for which application threads were stopped: 0.0019300 seconds, Stopping threads took: 0.0000580 seconds
359.108: Application time: 0.0626210 seconds
359.108: [GC359.108: [ParNew: 37006K->4159K(37632K), 0.0014080 secs] 102684K->70861K(121024K), 0.0014460 secs] [Times: user=0.01 sys=0.00, real=0.00 secs] 
359.110: Total time for which application threads were stopped: 0.0016420 seconds, Stopping threads took: 0.0001390 seconds
359.168: Application time: 0.0581650 seconds
359.168: [GC359.168: [ParNew: 37080K->4157K(37632K), 0.0017270 secs] 103782K->73019K(121024K), 0.0017600 secs] [Times: user=0.02 sys=0.00, real=0.00 secs] 
359.170: Total time for which application threads were stopped: 0.0019340 seconds, Stopping threads took: 0.0001040 seconds
359.232: Application time: 0.0619870 seconds
359.232: [GC359.232: [ParNew: 37154K->4142K(37632K), 0.0016020 secs] 106016K->75132K(121024K), 0.0016360 secs] [Times: user=0.01 sys=0.00, real=0.00 secs] 
359.233: Total time for which application threads were stopped: 0.0017750 seconds, Stopping threads took: 0.0000840 seconds
359.295: Application time: 0.0611650 seconds
359.295: [GC359.295: [ParNew: 37247K->4158K(37632K), 0.0014070 secs] 108237K->76252K(121024K), 0.0014370 secs] [Times: user=0.01 sys=0.00, real=0.00 secs] 
359.296: Total time for which application threads were stopped: 0.0015600 seconds, Stopping threads took: 0.0000670 seconds
359.357: Application time: 0.0604260 seconds
359.357: [GC359.357: [ParNew: 37049K->4138K(37632K), 0.0016230 secs] 109143K->78360K(121024K), 0.0016550 secs] [Times: user=0.01 sys=0.00, real=0.00 secs] 
359.358: Total time for which application threads were stopped: 0.0018060 seconds, Stopping threads took: 0.0000920 seconds
359.420: Application time: 0.0614300 seconds
359.420: [GC359.420: [ParNew: 36999K->4116K(37632K), 0.0016940 secs] 111221K->80434K(121024K), 0.0017270 secs] [Times: user=0.01 sys=0.00, real=0.00 secs] 
359.422: Total time for which application threads were stopped: 0.0018640 seconds, Stopping threads took: 0.0000790 seconds
359.486: Application time: 0.0641800 seconds
359.486: [GC359.486: [ParNew: 37079K->4132K(37632K), 0.0016790 secs] 113398K->82498K(121024K), 0.0017110 secs] [Times: user=0.01 sys=0.00, real=0.00 secs] 
359.488: Total time for which application threads were stopped: 0.0018430 seconds, Stopping threads took: 0.0000750 seconds
359.550: Application time: 0.0625720 seconds
359.550: [GC359.550: [ParNew: 36914K->4135K(37632K), 0.0013850 secs] 115281K->83526K(121024K), 0.0014170 secs] [Times: user=0.01 sys=0.00, real=0.01 secs] 
359.552: Total time for which application threads were stopped: 0.0015520 seconds, Stopping threads took: 0.0000760 seconds
359.612: Application time: 0.0605370 seconds
359.613: [GC359.613: [ParNew: 36651K->3131K(37632K), 0.0008540 secs] 116042K->82521K(121024K), 0.0008860 secs] [Times: user=0.01 sys=0.00, real=0.00 secs] 
359.613: Total time for which application threads were stopped: 0.0010080 seconds, Stopping threads took: 0.0000680 seconds
359.674: Application time: 0.0607240 seconds
359.674: [GC359.674: [ParNew: 35723K->4154K(37632K), 0.0011660 secs] 115113K->83544K(121024K), 0.0011960 secs] [Times: user=0.01 sys=0.00, real=0.00 secs] 
359.676: Total time for which application threads were stopped: 0.0013380 seconds, Stopping threads took: 0.0000780 seconds
359.734: Application time: 0.0584430 seconds
359.734: [GC359.734: [ParNew: 37626K->4128K(37632K), 0.0016740 secs] 117016K->85567K(121024K), 0.0017080 secs] [Times: user=0.01 sys=0.00, real=0.00 secs] 
359.736: Total time for which application threads were stopped: 0.0018310 seconds, Stopping threads took: 0.0000650 seconds
359.796: Application time: 0.0598550 seconds
359.796: [GC359.796: [ParNew: 36948K->4158K(37632K), 0.0014310 secs] 118387K->86644K(121024K), 0.0014660 secs] [Times: user=0.01 sys=0.00, real=0.00 secs] 
359.797: Total time for which application threads were stopped: 0.0016060 seconds, Stopping threads took: 0.0000830 seconds
359.854: Application time: 0.0566390 seconds
359.854: [GC359.854: [ParNew: 37076K->4153K(37632K), 0.0019230 secs]359.856: [Tenured: 84654K->10008K(85448K), 0.0087070 secs] 119563K->10008K(123080K), [Perm : 5530K->5530K(21248K)], 0.0107710 secs] [Times: user=0.02 sys=0.01, real=0.01 secs] 
359.865: Total time for which application threads were stopped: 0.0109050 seconds, Stopping threads took: 0.0000710 seconds
359.928: Application time: 0.0634720 seconds
359.928: [GC359.928: [ParNew: 33013K->4144K(37632K), 0.0016960 secs] 43022K->16201K(121024K), 0.0017340 secs] [Times: user=0.01 sys=0.00, real=0.00 secs] 
359.930: Total time for which application threads were stopped: 0.0018870 seconds, Stopping threads took: 0.0000950 seconds
359.992: Application time: 0.0622480 seconds
359.993: [GC359.993: [ParNew: 37315K->4153K(37632K), 0.0016560 secs] 49372K->18330K(121024K), 0.0016850 secs] [Times: user=0.01 sys=0.00, real=0.00 secs] 
359.994: Total time for which application threads were stopped: 0.0018130 seconds, Stopping threads took: 0.0000750 seconds
360.055: Application time: 0.0603610 seconds
360.055: [GC360.055: [ParNew: 37025K->4153K(37632K), 0.0014120 secs] 51202K->19434K(121024K), 0.0014440 secs] [Times: user=0.01 sys=0.00, real=0.00 secs] 
360.056: Total time for which application threads were stopped: 0.0015710 seconds, Stopping threads took: 0.0000700 seconds
360.118: Application time: 0.0615290 seconds
360.118: [GC360.118: [ParNew: 37006K->4118K(37632K), 0.0017380 secs] 52287K->21479K(121024K), 0.0017740 secs] [Times: user=0.01 sys=0.00, real=0.01 secs] 
360.120: Total time for which application threads were stopped: 0.0019140 seconds, Stopping threads took: 0.0000830 seconds
360.181: Application time: 0.0616100 seconds
360.181: [GC360.181: [ParNew: 36893K->4130K(37632K), 0.0017150 secs] 54254K->23539K(121024K), 0.0017450 secs] [Times: user=0.01 sys=0.00, real=0.00 secs] 
360.183: Total time for which application threads were stopped: 0.0019270 seconds, Stopping threads took: 0.0001130 seconds
360.246: Application time: 0.0627660 seconds
360.246: [GC360.246: [ParNew: 36966K->4135K(37632K), 0.0014050 secs] 56375K->24568K(121024K), 0.0014380 secs] [Times: user=0.01 sys=0.00, real=0.00 secs] 
360.248: Total time for which application threads were stopped: 0.0015830 seconds, Stopping threads took: 0.0000870 seconds
360.310: Application time: 0.0625050 seconds
360.310: [GC360.310: [ParNew: 36795K->4122K(37632K), 0.0010240 secs] 57228K->24555K(121024K), 0.0010530 secs] [Times: user=0.00 sys=0.00, real=0.01 secs] 
360.311: Total time for which application threads were stopped: 0.0011820 seconds, Stopping threads took: 0.0000740 seconds
360.371: Application time: 0.0594860 seconds
360.371: [GC360.371: [ParNew: 37594K->4150K(37632K), 0.0014150 secs] 58027K->25607K(121024K), 0.0014510 secs] [Times: user=0.01 sys=0.00, real=0.00 secs] 
360.372: Total time for which application threads were stopped: 0.0015720 seconds, Stopping threads took: 0.0000670 seconds
360.431: Application time: 0.0591650 seconds
360.432: [GC360.432: [ParNew: 36683K->4114K(37632K), 0.0016650 secs] 58140K->27619K(121024K), 0.0016960 secs] [Times: user=0.01 sys=0.00, real=0.00 secs] 
360.433: Total time for which application threads were stopped: 0.0018420 seconds, Stopping threads took: 0.0000900 seconds
360.495: Application time: 0.0614380 seconds
360.495: [GC360.495: [ParNew: 37002K->4159K(37632K), 0.0011180 secs] 60507K->27704K(121024K), 0.0011500 secs] [Times: user=0.01 sys=0.00, real=0.00 secs] 
360.496: Total time for which application threads were stopped: 0.0012720 seconds, Stopping threads took: 0.0000670 seconds
360.553: Application time: 0.0572330 seconds
360.553: [GC360.553: [ParNew: 36971K->4158K(37632K), 0.0014350 secs] 60516K->28803K(121024K), 0.0014680 secs] [Times: user=0.01 sys=0.00, real=0.00 secs] 
360.555: Total time for which application threads were stopped: 0.0016170 seconds, Stopping threads took: 0.0000940 seconds
360.615: Application time: 0.0602440 seconds
360.615: [GC360.615: [ParNew: 37190K->4144K(37632K), 0.0019100 secs] 61835K->31965K(121024K), 0.0019430 secs] [Times: user=0.01 sys=0.00, real=0.00 secs] 
360.617: Total time for which application threads were stopped: 0.0020730 seconds, Stopping threads took: 0.0000720 seconds
360.680: Application time: 0.0623870 seconds
360.680: [GC360.680: [ParNew: 37206K->4158K(37632K), 0.0018050 secs] 65027K->34099K(121024K), 0.0018460 secs] [Times: user=0.02 sys=0.00, real=0.00 secs] 
360.682: Total time for which application threads were stopped: 0.0019650 seconds, Stopping threads took: 0.0000620 seconds
360.741: Application time: 0.0593120 seconds
360.741: [GC360.741: [ParNew: 36979K->4142K(37632K), 0.0017000 secs] 66921K->36195K(121024K), 0.0017340 secs] [Times: user=0.01 sys=0.00, real=0.00 secs] 
360.743: Total time for which application threads were stopped: 0.0018840 seconds, Stopping threads took: 0.0000860 seconds
360.807: Application time: 0.0647550 seconds
360.808: [GC360.808: [ParNew: 37131K->4110K(37632K), 0.0020040 secs] 69185K->39283K(121024K), 0.0020370 secs] [Times: user=0.01 sys=0.00, real=0.00 secs] 
360.810: Total time for which application threads were stopped: 0.0021750 seconds, Stopping threads took: 0.0000820 seconds
360.873: Application time: 0.0637910 seconds
360.874: [GC360.874: [ParNew: 37062K->4111K(37632K), 0.0016650 secs] 72235K->41333K(121024K), 0.0016990 secs] [Times: user=0.02 sys=0.00, real=0.00 secs] 
360.875: Total time for which application threads were stopped: 0.0018530 seconds, Stopping threads took: 0.0000980 seconds
360.937: Application time: 0.0617870 seconds
360.937: [GC360.937: [ParNew: 36893K->4130K(37632K), 0.0013490 secs] 74114K->42375K(121024K), 0.0013790 secs] [Times: user=0.01 sys=0.00, real=0.00 secs] 
360.939: Total time for which application threads were stopped: 0.0015140 seconds, Stopping threads took: 0.0000720 seconds
361.000: Application time: 0.0617090 seconds
361.000: [GC361.000: [ParNew: 37602K->3111K(37632K), 0.0008350 secs] 75847K->41356K(121024K), 0.0008600 secs] [Times: user=0.00 sys=0.00, real=0.00 secs] 
361.001: Total time for which application threads were stopped: 0.0009830 seconds, Stopping threads took: 0.0000720 seconds
361.063: Application time: 0.0614830 seconds
361.063: [GC361.063: [ParNew: 35675K->3117K(37632K), 0.0007540 secs] 73920K->41362K(121024K), 0.0007830 secs] [Times: user=0.01 sys=0.00, real=0.00 secs] 
361.064: Total time for which application threads were stopped: 0.0008950 seconds, Stopping threads took: 0.0000600 seconds
361.118: Application time: 0.0539590 seconds
361.118: [GC361.118: [ParNew: 35604K->4113K(37632K), 0.0019360 secs] 73849K->45430K(121024K), 0.0019700 secs] [Times: user=0.01 sys=0.00, real=0.01 secs] 
361.120: Total time for which application threads were stopped: 0.0021110 seconds, Stopping threads took: 0.0000830 seconds
361.183: Application time: 0.0633630 seconds
361.183: [GC361.183: [ParNew: 37183K->4158K(37632K), 0.0014220 secs] 78501K->46500K(121024K), 0.0014540 secs] [Times: user=0.01 sys=0.00, real=0.00 secs] 
361.185: Total time for which application threads were stopped: 0.0015930 seconds, Stopping threads took: 0.0000820 seconds
361.246: Application time: 0.0613270 seconds
361.246: [GC361.246: [ParNew: 37296K->4158K(37632K), 0.0014010 secs] 79638K->47676K(121024K), 0.0014320 secs] [Times: user=0.01 sys=0.00, real=0.00 secs] 
361.248: Total time for which application threads were stopped: 0.0015790 seconds, Stopping threads took: 0.0000840 seconds
361.306: Application time: 0.0582220 seconds
361.306: [GC361.306: [ParNew: 36749K->4114K(37632K), 0.0017110 secs] 80266K->49744K(121024K), 0.0017460 secs] [Times: user=0.01 sys=0.00, real=0.00 secs] 
361.308: Total time for which application threads were stopped: 0.0019130 seconds, Stopping threads took: 0.0001100 seconds
361.370: Application time: 0.0626440 seconds
361.371: [GC361.371: [ParNew: 37249K->4154K(37632K), 0.0017250 secs] 82878K->51864K(121024K), 0.0017600 secs] [Times: user=0.01 sys=0.00, real=0.01 secs] 
361.372: Total time for which application threads were stopped: 0.0019210 seconds, Stopping threads took: 0.0001030 seconds
361.431: Application time: 0.0587410 seconds
361.431: [GC361.431: [ParNew: 36960K->4144K(37632K), 0.0016600 secs] 84670K->53958K(121024K), 0.0016940 secs] [Times: user=0.02 sys=0.00, real=0.00 secs] 
361.433: Total time for which application threads were stopped: 0.0018490 seconds, Stopping threads took: 0.0000880 seconds
361.496: Application time: 0.0629370 seconds
361.496: [GC361.496: [ParNew: 37073K->4116K(37632K), 0.0017080 secs] 86887K->56026K(121024K), 0.0017400 secs] [Times: user=0.01 sys=0.00, real=0.00 secs] 
361.498: Total time for which application threads were stopped: 0.0019050 seconds, Stopping threads took: 0.0001090 seconds
361.560: Application time: 0.0621970 seconds
361.560: [GC361.560: [ParNew: 37014K->4112K(37632K), 0.0021720 secs] 88924K->59094K(121024K), 0.0022100 secs] [Times: user=0.02 sys=0.00, real=0.00 secs] 
361.562: Total time for which application threads were stopped: 0.0023730 seconds, Stopping threads took: 0.0000980 seconds
361.627: Application time: 0.0646610 seconds
361.627: [GC361.627: [ParNew: 36968K->4117K(37632K), 0.0011750 secs] 91950K->59099K(121024K), 0.0012080 secs] [Times: user=0.01 sys=0.00, real=0.00 secs] 
361.628: Total time for which application threads were stopped: 0.0013500 seconds, Stopping threads took: 0.0000870 seconds
361.691: Application time: 0.0625970 seconds
361.691: [GC361.691: [ParNew: 37589K->3132K(37632K), 0.0008850 secs] 92571K->58114K(121024K), 0.0009130 secs] [Times: user=0.00 sys=0.00, real=0.00 secs] 
361.692: Total time for which application threads were stopped: 0.0010260 seconds, Stopping threads took: 0.0000590 seconds
361.754: Application time: 0.0616820 seconds
361.754: [GC361.754: [ParNew: 36604K->3105K(37632K), 0.0008090 secs] 91586K->58087K(121024K), 0.0008390 secs] [Times: user=0.00 sys=0.00, real=0.00 secs] 
361.755: Total time for which application threads were stopped: 0.0009690 seconds, Stopping threads took: 0.0000720 seconds
361.811: Application time: 0.0566720 seconds
361.811: [GC361.811: [ParNew: 35751K->4112K(37632K), 0.0019790 secs] 90734K->62166K(121024K), 0.0020140 secs] [Times: user=0.01 sys=0.01, real=0.00 secs] 
361.813: Total time for which application threads were stopped: 0.0021450 seconds, Stopping threads took: 0.0000720 seconds
361.873: Application time: 0.0598730 seconds
361.873: [GC361.873: [ParNew: 37123K->4156K(37632K), 0.0015420 secs] 95177K->63234K(121024K), 0.0015740 secs] [Times: user=0.01 sys=0.00, real=0.00 secs] 
361.875: Total time for which application threads were stopped: 0.0017290 seconds, Stopping threads took: 0.0000980 seconds
361.940: Application time: 0.0651620 seconds
361.940: [GC361.940: [ParNew: 37527K->4157K(37632K), 0.0014980 secs] 96605K->64395K(121024K), 0.0015300 secs] [Times: user=0.01 sys=0.00, real=0.00 secs] 
361.942: Total time for which application threads were stopped: 0.0016440 seconds, Stopping threads took: 0.0000560 seconds
361.998: Application time: 0.0564140 seconds
361.998: [GC361.998: [ParNew: 37629K->4120K(37632K), 0.0017310 secs] 97867K->66490K(121024K), 0.0017680 secs] [Times: user=0.02 sys=0.00, real=0.01 secs] 
362.000: Total time for which application threads were stopped: 0.0019010 seconds, Stopping threads took: 0.0000740 seconds
362.066: Application time: 0.0662440 seconds
362.067: [GC362.067: [ParNew: 37424K->4158K(37632K), 0.0013780 secs] 99794K->67604K(121024K), 0.0014100 secs] [Times: user=0.01 sys=0.00, real=0.00 secs] 
362.068: Total time for which application threads were stopped: 0.0015340 seconds, Stopping threads took: 0.0000700 seconds
362.128: Application time: 0.0600490 seconds
362.128: [GC362.128: [ParNew: 37046K->4114K(37632K), 0.0020660 secs] 100493K->70704K(121024K), 0.0020980 secs] [Times: user=0.01 sys=0.00, real=0.00 secs] 
362.130: Total time for which application threads were stopped: 0.0022280 seconds, Stopping threads took: 0.0000720 seconds
362.192: Application time: 0.0621990 seconds
362.193: [GC362.193: [ParNew: 37003K->4114K(37632K), 0.0019770 secs] 103593K->73776K(121024K), 0.0020090 secs] [Times: user=0.02 sys=0.00, real=0.00 secs] 
362.195: Total time for which application threads were stopped: 0.0021610 seconds, Stopping threads took: 0.0000860 seconds
362.258: Application time: 0.0634800 seconds
362.258: [GC362.258: [ParNew: 37046K->4130K(37632K), 0.0014900 secs] 106709K->74817K(121024K), 0.0015340 secs] [Times: user=0.01 sys=0.00, real=0.01 secs] 
362.260: Total time for which application threads were stopped: 0.0017090 seconds, Stopping threads took: 0.0001060 seconds
362.322: Application time: 0.0624910 seconds
362.322: [GC362.322: [ParNew: 36741K->4148K(37632K), 0.0011620 secs] 107427K->74834K(121024K), 0.0011920 secs] [Times: user=0.00 sys=0.00, real=0.00 secs] 
362.324: Total time for which application threads were stopped: 0.0013430 seconds, Stopping threads took: 0.0000950 seconds
362.385: Application time: 0.0610920 seconds
362.385: [GC362.385: [ParNew: 36719K->3115K(37632K), 0.0008200 secs] 107406K->73802K(121024K), 0.0008520 secs] [Times: user=0.01 sys=0.00, real=0.00 secs] 
362.386: Total time for which application threads were stopped: 0.0009690 seconds, Stopping threads took: 0.0000620 seconds
362.446: Application time: 0.0600210 seconds
362.446: [GC362.446: [ParNew: 36587K->4129K(37632K), 0.0013590 secs] 107274K->75840K(121024K), 0.0013910 secs] [Times: user=0.01 sys=0.00, real=0.00 secs] 
362.447: Total time for which application threads were stopped: 0.0015330 seconds, Stopping threads took: 0.0000860 seconds
362.502: Application time: 0.0545490 seconds
362.502: [GC362.502: [ParNew: 37601K->4112K(37632K), 0.0023860 secs] 109312K->79918K(121024K), 0.0024220 secs] [Times: user=0.02 sys=0.00, real=0.00 secs] 
362.504: Total time for which application threads were stopped: 0.0025740 seconds, Stopping threads took: 0.0000940 seconds
362.569: Application time: 0.0645210 seconds
362.569: [GC362.569: [ParNew: 37177K->4141K(37632K), 0.0017420 secs] 112983K->81996K(121024K), 0.0017750 secs] [Times: user=0.02 sys=0.00, real=0.01 secs] 
362.571: Total time for which application threads were stopped: 0.0019240 seconds, Stopping threads took: 0.0000910 seconds
362.633: Application time: 0.0616900 seconds
362.633: [GC362.633: [ParNew: 37466K->4159K(37632K), 0.0014110 secs] 115320K->83166K(121024K), 0.0014430 secs] [Times: user=0.01 sys=0.00, real=0.00 secs] 
362.634: Total time for which application threads were stopped: 0.0016300 seconds, Stopping threads took: 0.0001300 seconds
362.696: Application time: 0.0621050 seconds
362.696: [GC362.696: [ParNew: 36934K->4150K(37632K), 0.0011250 secs] 115941K->83241K(121024K), 0.0011550 secs] [Times: user=0.00 sys=0.00, real=0.00 secs] 
362.698: Total time for which application threads were stopped: 0.0012830 seconds, Stopping threads took: 0.0000730 seconds
362.759: Application time: 0.0610990 seconds
362.759: [GC362.759: [ParNew: 37224K->4159K(37632K), 0.0013680 secs] 116315K->84334K(121024K), 0.0013990 secs] [Times: user=0.01 sys=0.00, real=0.00 secs] 
362.760: Total time for which application threads were stopped: 0.0015370 seconds, Stopping threads took: 0.0000780 seconds
362.821: Application time: 0.0606190 seconds
362.821: [GC362.821: [ParNew: 36966K->4112K(37632K), 0.0020010 secs] 117141K->87439K(121024K), 0.0020350 secs] [Times: user=0.01 sys=0.00, real=0.00 secs] 
362.823: Total time for which application threads were stopped: 0.0021690 seconds, Stopping threads took: 0.0000790 seconds
362.885: Application time: 0.0622440 seconds
362.885: [GC362.885: [ParNew: 37066K->4116K(37632K), 0.0017870 secs]362.887: [Tenured: 86399K->13199K(86476K), 0.0088720 secs] 120394K->13199K(124108K), [Perm : 5530K->5530K(21248K)], 0.0108570 secs] [Times: user=0.02 sys=0.00, real=0.01 secs] 
362.896: Total time for which application threads were stopped: 0.0109810 seconds, Stopping threads took: 0.0000610 seconds
362.958: Application time: 0.0614440 seconds
362.958: [GC362.958: [ParNew: 32900K->4132K(37632K), 0.0015030 secs] 46099K->18356K(121024K), 0.0015340 secs] [Times: user=0.01 sys=0.00, real=0.01 secs] 
362.959: Total time for which application threads were stopped: 0.0017000 seconds, Stopping threads took: 0.0000950 seconds
363.024: Application time: 0.0647760 seconds
363.024: [GC363.024: [ParNew: 37012K->4134K(37632K), 0.0011170 secs] 51236K->18357K(121024K), 0.0011510 secs] [Times: user=0.01 sys=0.00, real=0.00 secs] 
363.025: Total time for which application threads were stopped: 0.0013090 seconds, Stopping threads took: 0.0000940 seconds
363.086: Application time: 0.0604830 seconds
363.086: [GC363.086: [ParNew: 36590K->3134K(37632K), 0.0008500 secs] 50813K->17358K(121024K), 0.0008820 secs] [Times: user=0.01 sys=0.00, real=0.00 secs] 
363.087: Total time for which application threads were stopped: 0.0010060 seconds, Stopping threads took: 0.0000690 seconds
363.148: Application time: 0.0612190 seconds
363.148: [GC363.148: [ParNew: 36606K->3142K(37632K), 0.0009090 secs] 50830K->17366K(121024K), 0.0009370 secs] [Times: user=0.00 sys=0.00, real=0.00 secs] 
363.149: Total time for which application threads were stopped: 0.0010560 seconds, Stopping threads took: 0.0000680 seconds
363.204: Application time: 0.0546650 seconds
363.204: [GC363.204: [ParNew: 36440K->4112K(37632K), 0.0020320 secs] 50664K->21407K(121024K), 0.0020680 secs] [Times: user=0.02 sys=0.00, real=0.00 secs] 
363.206: Total time for which application threads were stopped: 0.0022080 seconds, Stopping threads took: 0.0000810 seconds
363.268: Application time: 0.0619250 seconds
363.268: [GC363.268: [ParNew: 37195K->4143K(37632K), 0.0017570 secs] 54490K->23487K(121024K), 0.0017930 secs] [Times: user=0.01 sys=0.00, real=0.00 secs] 
363.270: Total time for which application threads were stopped: 0.0019170 seconds, Stopping threads took: 0.0000570 seconds
363.329: Application time: 0.0595320 seconds
363.330: [GC363.330: [ParNew: 37319K->4154K(37632K), 0.0017600 secs] 56663K->25690K(121024K), 0.0017950 secs] [Times: user=0.02 sys=0.00, real=0.01 secs] 
363.331: Total time for which application threads were stopped: 0.0019260 seconds, Stopping threads took: 0.0000700 seconds
363.394: Application time: 0.0626240 seconds
363.394: [GC363.394: [ParNew: 37026K->4115K(37632K), 0.0013580 secs] 58562K->26739K(121024K), 0.0013900 secs] [Times: user=0.01 sys=0.00, real=0.00 secs] 
363.396: Total time for which application threads were stopped: 0.0015270 seconds, Stopping threads took: 0.0000800 seconds
363.458: Application time: 0.0625760 seconds
363.458: [GC363.458: [ParNew: 37246K->4158K(37632K), 0.0016540 secs] 59870K->28870K(121024K), 0.0016860 secs] [Times: user=0.01 sys=0.00, real=0.01 secs] 
363.460: Total time for which application threads were stopped: 0.0018110 seconds, Stopping threads took: 0.0000700 seconds
363.520: Application time: 0.0597390 seconds
363.520: [GC363.520: [ParNew: 37018K->4158K(37632K), 0.0016120 secs] 61730K->30982K(121024K), 0.0016450 secs] [Times: user=0.01 sys=0.00, real=0.00 secs] 
363.521: Total time for which application threads were stopped: 0.0017680 seconds, Stopping threads took: 0.0000660 seconds
363.584: Application time: 0.0628410 seconds
363.584: [GC363.584: [ParNew: 37111K->4112K(37632K), 0.0017470 secs] 63935K->33032K(121024K), 0.0017830 secs] [Times: user=0.01 sys=0.00, real=0.00 secs] 
363.586: Total time for which application threads were stopped: 0.0019100 seconds, Stopping threads took: 0.0000710 seconds
363.647: Application time: 0.0607460 seconds
363.647: [GC363.647: [ParNew: 36898K->4112K(37632K), 0.0020540 secs] 65818K->36104K(121024K), 0.0020890 secs] [Times: user=0.01 sys=0.00, real=0.00 secs] 
363.649: Total time for which application threads were stopped: 0.0022220 seconds, Stopping threads took: 0.0000750 seconds
363.714: Application time: 0.0652970 seconds
363.715: [GC363.715: [ParNew: 37121K->4130K(37632K), 0.0014630 secs] 69113K->37146K(121024K), 0.0014940 secs] [Times: user=0.01 sys=0.00, real=0.00 secs] 
363.716: Total time for which application threads were stopped: 0.0016550 seconds, Stopping threads took: 0.0000990 seconds
363.777: Application time: 0.0604420 seconds
363.777: [GC363.777: [ParNew: 37602K->4148K(37632K), 0.0014070 secs] 70618K->38188K(121024K), 0.0014390 secs] [Times: user=0.01 sys=0.00, real=0.00 secs] 
363.778: Total time for which application threads were stopped: 0.0015620 seconds, Stopping threads took: 0.0000590 seconds
363.848: Application time: 0.0696640 seconds
363.848: [GC363.848: [ParNew: 36952K->2090K(37632K), 0.0007070 secs] 70992K->36130K(121024K), 0.0007480 secs] [Times: user=0.01 sys=0.00, real=0.00 secs] 
363.849: Total time for which application threads were stopped: 0.0009010 seconds, Stopping threads took: 0.0000970 seconds
363.915: Application time: 0.0659060 seconds
363.915: [GC363.915: [ParNew: 35373K->4135K(37632K), 0.0010970 secs] 69413K->38175K(121024K), 0.0011280 secs] [Times: user=0.00 sys=0.00, real=0.00 secs] 
363.916: Total time for which application threads were stopped: 0.0012780 seconds, Stopping threads took: 0.0000900 seconds
363.975: Application time: 0.0589200 seconds
363.975: [GC363.975: [ParNew: 36769K->4156K(37632K), 0.0016650 secs] 70809K->40244K(121024K), 0.0016990 secs] [Times: user=0.01 sys=0.00, real=0.00 secs] 
363.977: Total time for which application threads were stopped: 0.0018250 seconds, Stopping threads took: 0.0000650 seconds
364.046: Application time: 0.0690160 seconds
364.046: [GC364.046: [ParNew: 37446K->4158K(37632K), 0.0011090 secs] 73534K->40383K(121024K), 0.0011400 secs] [Times: user=0.01 sys=0.00, real=0.00 secs] 
364.047: Total time for which application threads were stopped: 0.0012880 seconds, Stopping threads took: 0.0000910 seconds
364.110: Application time: 0.0627800 seconds
364.110: [GC364.110: [ParNew: 36856K->4113K(37632K), 0.0017230 secs] 73080K->42473K(121024K), 0.0017600 secs] [Times: user=0.01 sys=0.00, real=0.01 secs] 
364.112: Total time for which application threads were stopped: 0.0018940 seconds, Stopping threads took: 0.0000710 seconds
364.183: Application time: 0.0716310 seconds
364.183: [GC364.183: [ParNew: 37323K->4152K(37632K), 0.0016060 secs] 75683K->44577K(121024K), 0.0016380 secs] [Times: user=0.02 sys=0.00, real=0.00 secs] 
364.185: Total time for which application threads were stopped: 0.0017550 seconds, Stopping threads took: 0.0000610 seconds
364.249: Application time: 0.0641720 seconds
364.249: [GC364.249: [ParNew: 37079K->4143K(37632K), 0.0016430 secs] 77503K->46679K(121024K), 0.0016770 secs] [Times: user=0.01 sys=0.00, real=0.01 secs] 
364.251: Total time for which application threads were stopped: 0.0018360 seconds, Stopping threads took: 0.0000970 seconds
364.321: Application time: 0.0702640 seconds
364.321: [GC364.321: [ParNew: 37111K->4130K(37632K), 0.0016850 secs] 79647K->48762K(121024K), 0.0017190 secs] [Times: user=0.01 sys=0.00, real=0.00 secs] 
364.323: Total time for which application threads were stopped: 0.0019060 seconds, Stopping threads took: 0.0001210 seconds
364.393: Application time: 0.0698310 seconds
364.393: [GC364.393: [ParNew: 37032K->4116K(37632K), 0.0015820 secs] 81664K->50796K(121024K), 0.0016170 secs] [Times: user=0.01 sys=0.01, real=0.00 secs] 
364.395: Total time for which application threads were stopped: 0.0017530 seconds, Stopping threads took: 0.0000770 seconds
364.465: Application time: 0.0697410 seconds
364.465: [GC364.465: [ParNew: 36898K->4130K(37632K), 0.0011540 secs] 83578K->50810K(121024K), 0.0011850 secs] [Times: user=0.01 sys=0.00, real=0.00 secs] 
364.466: Total time for which application threads were stopped: 0.0013370 seconds, Stopping threads took: 0.0000940 seconds
364.531: Application time: 0.0654360 seconds
364.531: [GC364.531: [ParNew: 37602K->4130K(37632K), 0.0014430 secs] 84282K->51834K(121024K), 0.0014760 secs] [Times: user=0.01 sys=0.00, real=0.00 secs] 
364.533: Total time for which application threads were stopped: 0.0016220 seconds, Stopping threads took: 0.0000870 seconds
364.605: Application time: 0.0724800 seconds
364.606: [GC364.606: [ParNew: 37104K->4123K(37632K), 0.0010390 secs] 84808K->51827K(121024K), 0.0010770 secs] [Times: user=0.01 sys=0.00, real=0.00 secs] 
364.607: Total time for which application threads were stopped: 0.0012030 seconds, Stopping threads took: 0.0000710 seconds
364.671: Application time: 0.0642760 seconds
364.671: [GC364.671: [ParNew: 36625K->3142K(37632K), 0.0009010 secs] 84329K->50847K(121024K), 0.0009300 secs] [Times: user=0.01 sys=0.00, real=0.00 secs] 
364.672: Total time for which application threads were stopped: 0.0010660 seconds, Stopping threads took: 0.0000800 seconds
364.733: Application time: 0.0612670 seconds
364.733: [GC364.733: [ParNew: 36611K->4149K(37632K), 0.0013870 secs] 84315K->52925K(121024K), 0.0014300 secs] [Times: user=0.01 sys=0.00, real=0.00 secs] 
364.735: Total time for which application threads were stopped: 0.0015710 seconds, Stopping threads took: 0.0000830 seconds
364.801: Application time: 0.0660870 seconds
364.801: [GC364.801: [ParNew: 37151K->4156K(37632K), 0.0017040 secs] 85927K->55084K(121024K), 0.0017410 secs] [Times: user=0.02 sys=0.00, real=0.00 secs] 
364.803: Total time for which application threads were stopped: 0.0018790 seconds, Stopping threads took: 0.0000770 seconds
364.866: Application time: 0.0635380 seconds
364.866: [GC364.866: [ParNew: 36938K->4112K(37632K), 0.0020130 secs] 87867K->58192K(121024K), 0.0020500 secs] [Times: user=0.02 sys=0.00, real=0.00 secs] 
364.869: Total time for which application threads were stopped: 0.0021980 seconds, Stopping threads took: 0.0000820 seconds
364.938: Application time: 0.0697170 seconds
364.938: [GC364.938: [ParNew: 37341K->4159K(37632K), 0.0017820 secs] 91422K->60311K(121024K), 0.0018180 secs] [Times: user=0.02 sys=0.00, real=0.01 secs] 
364.940: Total time for which application threads were stopped: 0.0019400 seconds, Stopping threads took: 0.0000620 seconds
365.006: Application time: 0.0657740 seconds
365.006: [GC365.006: [ParNew: 37130K->4142K(37632K), 0.0020520 secs] 93282K->63451K(121024K), 0.0020880 secs] [Times: user=0.02 sys=0.00, real=0.00 secs] 
365.008: Total time for which application threads were stopped: 0.0022340 seconds, Stopping threads took: 0.0000850 seconds
365.080: Application time: 0.0718280 seconds
365.080: [GC365.080: [ParNew: 37130K->4130K(37632K), 0.0016310 secs] 96439K->65535K(121024K), 0.0016640 secs] [Times: user=0.01 sys=0.00, real=0.00 secs] 
365.082: Total time for which application threads were stopped: 0.0018160 seconds, Stopping threads took: 0.0000920 seconds
365.150: Application time: 0.0682030 seconds
365.150: [GC365.150: [ParNew: 36981K->4131K(37632K), 0.0013860 secs] 98386K->66560K(121024K), 0.0014190 secs] [Times: user=0.01 sys=0.00, real=0.01 secs] 
365.152: Total time for which application threads were stopped: 0.0015560 seconds, Stopping threads took: 0.0000780 seconds
365.221: Application time: 0.0696420 seconds
365.221: [GC365.221: [ParNew: 37000K->4154K(37632K), 0.0011930 secs] 99429K->66583K(121024K), 0.0012240 secs] [Times: user=0.01 sys=0.00, real=0.00 secs] 
365.223: Total time for which application threads were stopped: 0.0013550 seconds, Stopping threads took: 0.0000660 seconds
365.289: Application time: 0.0665190 seconds
365.289: [GC365.289: [ParNew: 36673K->3130K(37632K), 0.0009710 secs] 99102K->65559K(121024K), 0.0010030 secs] [Times: user=0.01 sys=0.00, real=0.00 secs] 
365.290: Total time for which application threads were stopped: 0.0011350 seconds, Stopping threads took: 0.0000750 seconds
365.356: Application time: 0.0655860 seconds
365.356: [GC365.356: [ParNew: 36602K->4136K(37632K), 0.0014270 secs] 99031K->67589K(121024K), 0.0014610 secs] [Times: user=0.01 sys=0.00, real=0.00 secs] 
365.357: Total time for which application threads were stopped: 0.0016110 seconds, Stopping threads took: 0.0000910 seconds
365.422: Application time: 0.0649720 seconds
365.423: [GC365.423: [ParNew: 36617K->4135K(37632K), 0.0015720 secs] 100070K->68612K(121024K), 0.0016090 secs] [Times: user=0.01 sys=0.00, real=0.00 secs] 
365.424: Total time for which application threads were stopped: 0.0017920 seconds, Stopping threads took: 0.0001100 seconds
365.489: Application time: 0.0651990 seconds
365.491: [GC365.491: [ParNew: 36922K->4158K(37632K), 0.0016590 secs] 101399K->70707K(121024K), 0.0016940 secs] [Times: user=0.01 sys=0.00, real=0.00 secs] 
365.492: Total time for which application threads were stopped: 0.0029700 seconds, Stopping threads took: 0.0012160 seconds
365.559: Application time: 0.0668330 seconds
365.559: [GC365.559: [ParNew: 37239K->4158K(37632K), 0.0012410 secs] 103788K->70859K(121024K), 0.0012840 secs] [Times: user=0.01 sys=0.00, real=0.00 secs] 
365.561: Total time for which application threads were stopped: 0.0014590 seconds, Stopping threads took: 0.0001200 seconds
365.624: Application time: 0.0634720 seconds
365.624: [GC365.624: [ParNew: 36844K->4112K(37632K), 0.0020030 secs] 103545K->73945K(121024K), 0.0020340 secs] [Times: user=0.01 sys=0.00, real=0.00 secs] 
365.626: Total time for which application threads were stopped: 0.0021660 seconds, Stopping threads took: 0.0000740 seconds
365.694: Application time: 0.0673830 seconds
365.694: [GC365.694: [ParNew: 37278K->4152K(37632K), 0.0020560 secs] 107111K->77073K(121024K), 0.0020930 secs] [Times: user=0.01 sys=0.00, real=0.00 secs] 
365.696: Total time for which application threads were stopped: 0.0022340 seconds, Stopping threads took: 0.0000800 seconds
365.765: Application time: 0.0686550 seconds
365.765: [GC365.765: [ParNew: 37211K->4142K(37632K), 0.0020700 secs] 110132K->80215K(121024K), 0.0021020 secs] [Times: user=0.02 sys=0.00, real=0.00 secs] 
365.767: Total time for which application threads were stopped: 0.0022250 seconds, Stopping threads took: 0.0000650 seconds
365.837: Application time: 0.0700450 seconds
365.837: [GC365.837: [ParNew: 37073K->4136K(37632K), 0.0014330 secs] 113146K->81290K(121024K), 0.0014650 secs] [Times: user=0.01 sys=0.00, real=0.00 secs] 
365.839: Total time for which application threads were stopped: 0.0016400 seconds, Stopping threads took: 0.0001160 seconds
365.905: Application time: 0.0669090 seconds
365.906: [GC365.906: [ParNew: 36915K->4136K(37632K), 0.0014230 secs] 114069K->82313K(121024K), 0.0014590 secs] [Times: user=0.02 sys=0.00, real=0.00 secs] 
365.907: Total time for which application threads were stopped: 0.0016170 seconds, Stopping threads took: 0.0000990 seconds
365.978: Application time: 0.0709060 seconds
365.978: [GC365.978: [ParNew: 37089K->4150K(37632K), 0.0014720 secs] 115267K->83351K(121024K), 0.0015060 secs] [Times: user=0.01 sys=0.00, real=0.01 secs] 
365.980: Total time for which application threads were stopped: 0.0016600 seconds, Stopping threads took: 0.0000820 seconds
366.048: Application time: 0.0679140 seconds
366.048: [GC366.048: [ParNew: 36804K->3113K(37632K), 0.0009090 secs] 116006K->82314K(121024K), 0.0009380 secs] [Times: user=0.01 sys=0.00, real=0.00 secs] 
366.049: Total time for which application threads were stopped: 0.0010550 seconds, Stopping threads took: 0.0000610 seconds
366.116: Application time: 0.0673420 seconds
366.116: [GC366.116: [ParNew: 36585K->3114K(37632K), 0.0008790 secs] 115786K->82316K(121024K), 0.0009100 secs] [Times: user=0.00 sys=0.00, real=0.00 secs] 
366.117: Total time for which application threads were stopped: 0.0010330 seconds, Stopping threads took: 0.0000670 seconds
366.184: Application time: 0.0666320 seconds
366.184: [GC366.184: [ParNew: 36586K->4141K(37632K), 0.0012160 secs] 115788K->83342K(121024K), 0.0012460 secs] [Times: user=0.01 sys=0.00, real=0.00 secs] 
366.185: Total time for which application threads were stopped: 0.0013640 seconds, Stopping threads took: 0.0000640 seconds
366.248: Application time: 0.0627580 seconds
366.248: [GC366.248: [ParNew: 36890K->4154K(37632K), 0.0016540 secs] 116092K->85435K(121024K), 0.0016890 secs] [Times: user=0.02 sys=0.00, real=0.00 secs] 
366.250: Total time for which application threads were stopped: 0.0018500 seconds, Stopping threads took: 0.0001020 seconds
366.315: Application time: 0.0654010 seconds
366.315: [GC366.315: [ParNew: 37217K->4156K(37632K), 0.0014210 secs] 118499K->86573K(121024K), 0.0014560 secs] [Times: user=0.01 sys=0.00, real=0.00 secs] 
366.317: Total time for which application threads were stopped: 0.0015770 seconds, Stopping threads took: 0.0000610 seconds
366.384: Application time: 0.0672890 seconds
366.384: [GC366.384: [ParNew: 36982K->4116K(37632K), 0.0014240 secs]366.385: [Tenured: 83521K->11348K(84420K), 0.0088960 secs] 119400K->11348K(122052K), [Perm : 5530K->5530K(21248K)], 0.0104070 secs] [Times: user=0.02 sys=0.00, real=0.01 secs] 
366.394: Total time for which application threads were stopped: 0.0105440 seconds, Stopping threads took: 0.0000720 seconds
366.461: Application time: 0.0665270 seconds
366.461: [GC366.461: [ParNew: 33034K->4154K(37632K), 0.0016100 secs] 44383K->17567K(121024K), 0.0016550 secs] [Times: user=0.01 sys=0.00, real=0.00 secs] 
366.463: Total time for which application threads were stopped: 0.0017910 seconds, Stopping threads took: 0.0000750 seconds
366.529: Application time: 0.0660790 seconds
366.529: [GC366.529: [ParNew: 37185K->4142K(37632K), 0.0019950 secs] 50598K->20707K(121024K), 0.0020320 secs] [Times: user=0.01 sys=0.00, real=0.01 secs] 
366.531: Total time for which application threads were stopped: 0.0021720 seconds, Stopping threads took: 0.0000730 seconds
366.600: Application time: 0.0689750 seconds
366.600: [GC366.600: [ParNew: 37080K->4115K(37632K), 0.0017850 secs] 53645K->22776K(121024K), 0.0018160 secs] [Times: user=0.02 sys=0.00, real=0.00 secs] 
366.602: Total time for which application threads were stopped: 0.0019980 seconds, Stopping threads took: 0.0001240 seconds
366.673: Application time: 0.0709590 seconds
366.673: [GC366.673: [ParNew: 37080K->4112K(37632K), 0.0019570 secs] 55741K->25845K(121024K), 0.0019930 secs] [Times: user=0.01 sys=0.00, real=0.00 secs] 
366.675: Total time for which application threads were stopped: 0.0021370 seconds, Stopping threads took: 0.0000850 seconds
366.743: Application time: 0.0683640 seconds
366.744: [GC366.744: [ParNew: 37013K->4132K(37632K), 0.0017370 secs] 58746K->27913K(121024K), 0.0017700 secs] [Times: user=0.01 sys=0.00, real=0.00 secs] 
366.745: Total time for which application threads were stopped: 0.0019320 seconds, Stopping threads took: 0.0001020 seconds
366.816: Application time: 0.0702080 seconds
366.816: [GC366.816: [ParNew: 36940K->4130K(37632K), 0.0011540 secs] 60721K->27911K(121024K), 0.0011870 secs] [Times: user=0.01 sys=0.00, real=0.00 secs] 
366.817: Total time for which application threads were stopped: 0.0013280 seconds, Stopping threads took: 0.0000830 seconds
366.887: Application time: 0.0699450 seconds
366.887: [GC366.887: [ParNew: 36789K->2120K(37632K), 0.0007390 secs] 60570K->25901K(121024K), 0.0007660 secs] [Times: user=0.01 sys=0.00, real=0.00 secs] 
366.888: Total time for which application threads were stopped: 0.0008760 seconds, Stopping threads took: 0.0000600 seconds
366.948: Application time: 0.0600560 seconds
366.948: [GC366.948: [ParNew: 34926K->4120K(37632K), 0.0014900 secs] 58707K->28925K(121024K), 0.0015220 secs] [Times: user=0.01 sys=0.00, real=0.00 secs] 
366.949: Total time for which application threads were stopped: 0.0016730 seconds, Stopping threads took: 0.0000930 seconds
367.015: Application time: 0.0652310 seconds
367.015: [GC367.015: [ParNew: 37294K->4159K(37632K), 0.0014820 secs] 62099K->30048K(121024K), 0.0015140 secs] [Times: user=0.01 sys=0.00, real=0.00 secs] 
367.016: Total time for which application threads were stopped: 0.0016350 seconds, Stopping threads took: 0.0000610 seconds
367.083: Application time: 0.0664050 seconds
367.083: [GC367.083: [ParNew: 37017K->4154K(37632K), 0.0011420 secs] 62907K->30187K(121024K), 0.0011750 secs] [Times: user=0.01 sys=0.00, real=0.00 secs] 
367.084: Total time for which application threads were stopped: 0.0013270 seconds, Stopping threads took: 0.0000850 seconds
367.152: Application time: 0.0675400 seconds
367.152: [GC367.152: [ParNew: 36854K->3102K(37632K), 0.0007800 secs] 62888K->29175K(121024K), 0.0008080 secs] [Times: user=0.01 sys=0.00, real=0.00 secs] 
367.153: Total time for which application threads were stopped: 0.0009400 seconds, Stopping threads took: 0.0000810 seconds
367.216: Application time: 0.0634620 seconds
367.216: [GC367.216: [ParNew: 36186K->4156K(37632K), 0.0019080 secs] 62259K->33317K(121024K), 0.0019430 secs] [Times: user=0.02 sys=0.00, real=0.00 secs] 
367.218: Total time for which application threads were stopped: 0.0020850 seconds, Stopping threads took: 0.0000830 seconds
367.288: Application time: 0.0696990 seconds
367.288: [GC367.288: [ParNew: 37212K->4140K(37632K), 0.0019090 secs] 66374K->36454K(121024K), 0.0019490 secs] [Times: user=0.01 sys=0.00, real=0.00 secs] 
367.290: Total time for which application threads were stopped: 0.0020740 seconds, Stopping threads took: 0.0000660 seconds
367.356: Application time: 0.0665070 seconds
367.357: [GC367.357: [ParNew: 37059K->4113K(37632K), 0.0015880 secs] 69373K->38530K(121024K), 0.0016210 secs] [Times: user=0.01 sys=0.00, real=0.00 secs] 
367.358: Total time for which application threads were stopped: 0.0017620 seconds, Stopping threads took: 0.0000830 seconds
367.427: Application time: 0.0691400 seconds
367.427: [GC367.427: [ParNew: 37032K->4113K(37632K), 0.0017200 secs] 71450K->40578K(121024K), 0.0017520 secs] [Times: user=0.01 sys=0.00, real=0.00 secs] 
367.429: Total time for which application threads were stopped: 0.0019110 seconds, Stopping threads took: 0.0001000 seconds
367.499: Application time: 0.0699970 seconds
367.499: [GC367.499: [ParNew: 37032K->4132K(37632K), 0.0016230 secs] 73498K->42646K(121024K), 0.0016560 secs] [Times: user=0.01 sys=0.00, real=0.00 secs] 
367.501: Total time for which application threads were stopped: 0.0017910 seconds, Stopping threads took: 0.0000760 seconds
367.570: Application time: 0.0686410 seconds
367.570: [GC367.570: [ParNew: 36839K->3139K(37632K), 0.0009570 secs] 75353K->41652K(121024K), 0.0009880 secs] [Times: user=0.01 sys=0.00, real=0.01 secs] 
367.571: Total time for which application threads were stopped: 0.0011520 seconds, Stopping threads took: 0.0001100 seconds
367.641: Application time: 0.0698800 seconds
367.641: [GC367.641: [ParNew: 35829K->2105K(37632K), 0.0006200 secs] 74343K->40618K(121024K), 0.0006490 secs] [Times: user=0.01 sys=0.00, real=0.00 secs] 
367.641: Total time for which application threads were stopped: 0.0007970 seconds, Stopping threads took: 0.0000840 seconds
367.705: Application time: 0.0631980 seconds
367.705: [GC367.705: [ParNew: 35325K->3114K(37632K), 0.0009870 secs] 73839K->41628K(121024K), 0.0010170 secs] [Times: user=0.01 sys=0.00, real=0.00 secs] 
367.706: Total time for which application threads were stopped: 0.0011480 seconds, Stopping threads took: 0.0000760 seconds
367.771: Application time: 0.0652060 seconds
367.771: [GC367.771: [ParNew: 36084K->4159K(37632K), 0.0014300 secs] 74598K->43764K(121024K), 0.0014650 secs] [Times: user=0.01 sys=0.00, real=0.00 secs] 
367.773: Total time for which application threads were stopped: 0.0015970 seconds, Stopping threads took: 0.0000750 seconds
367.829: Application time: 0.0564860 seconds
367.829: [GC367.829: [ParNew: 36725K->4154K(37632K), 0.0014520 secs] 76331K->44872K(121024K), 0.0014830 secs] [Times: user=0.01 sys=0.00, real=0.01 secs] 
367.831: Total time for which application threads were stopped: 0.0016030 seconds, Stopping threads took: 0.0000670 seconds
367.893: Application time: 0.0626600 seconds
367.893: [GC367.894: [ParNew: 36956K->4111K(37632K), 0.0016010 secs] 77674K->46957K(121024K), 0.0016310 secs] [Times: user=0.01 sys=0.00, real=0.00 secs] 
367.895: Total time for which application threads were stopped: 0.0017710 seconds, Stopping threads took: 0.0000830 seconds
367.954: Application time: 0.0586350 seconds
367.954: [GC367.954: [ParNew: 37254K->4157K(37632K), 0.0016560 secs] 80100K->49067K(121024K), 0.0016890 secs] [Times: user=0.01 sys=0.00, real=0.00 secs] 
367.956: Total time for which application threads were stopped: 0.0018270 seconds, Stopping threads took: 0.0000810 seconds
368.019: Application time: 0.0630070 seconds
368.019: [GC368.019: [ParNew: 37208K->4138K(37632K), 0.0019640 secs] 82118K->52192K(121024K), 0.0019970 secs] [Times: user=0.01 sys=0.00, real=0.00 secs] 
368.021: Total time for which application threads were stopped: 0.0021350 seconds, Stopping threads took: 0.0000810 seconds
368.081: Application time: 0.0603310 seconds
368.081: [GC368.081: [ParNew: 37056K->4113K(37632K), 0.0016880 secs] 85110K->54263K(121024K), 0.0017230 secs] [Times: user=0.01 sys=0.00, real=0.00 secs] 
368.083: Total time for which application threads were stopped: 0.0018740 seconds, Stopping threads took: 0.0000940 seconds
368.149: Application time: 0.0656270 seconds
368.149: [GC368.149: [ParNew: 37089K->4126K(37632K), 0.0017130 secs] 87239K->56324K(121024K), 0.0017540 secs] [Times: user=0.01 sys=0.00, real=0.00 secs] 
368.151: Total time for which application threads were stopped: 0.0019000 seconds, Stopping threads took: 0.0000780 seconds
368.212: Application time: 0.0618050 seconds
368.212: [GC368.212: [ParNew: 36972K->4137K(37632K), 0.0017180 secs] 89170K->58383K(121024K), 0.0017520 secs] [Times: user=0.01 sys=0.00, real=0.00 secs] 
368.214: Total time for which application threads were stopped: 0.0018980 seconds, Stopping threads took: 0.0000880 seconds
368.275: Application time: 0.0606560 seconds
368.275: [GC368.275: [ParNew: 36629K->3106K(37632K), 0.0010150 secs] 90875K->57353K(121024K), 0.0010390 secs] [Times: user=0.00 sys=0.00, real=0.00 secs] 
368.276: Total time for which application threads were stopped: 0.0012120 seconds, Stopping threads took: 0.0001190 seconds
368.343: Application time: 0.0664380 seconds
368.343: [GC368.343: [ParNew: 36112K->1075K(37632K), 0.0005750 secs] 90358K->55322K(121024K), 0.0006020 secs] [Times: user=0.01 sys=0.00, real=0.00 secs] 
368.343: Total time for which application threads were stopped: 0.0007150 seconds, Stopping threads took: 0.0000580 seconds
368.398: Application time: 0.0550140 seconds
368.398: [GC368.398: [ParNew: 34195K->4150K(37632K), 0.0012300 secs] 88441K->58412K(121024K), 0.0012610 secs] [Times: user=0.01 sys=0.00, real=0.01 secs] 
368.400: Total time for which application threads were stopped: 0.0013900 seconds, Stopping threads took: 0.0000730 seconds
368.459: Application time: 0.0591170 seconds
368.459: [GC368.459: [ParNew: 37039K->4158K(37632K), 0.0014000 secs] 91301K->59516K(121024K), 0.0014320 secs] [Times: user=0.01 sys=0.00, real=0.00 secs] 
368.460: Total time for which application threads were stopped: 0.0015580 seconds, Stopping threads took: 0.0000690 seconds
368.521: Application time: 0.0601840 seconds
368.521: [GC368.521: [ParNew: 37039K->4158K(37632K), 0.0010860 secs] 92397K->59624K(121024K), 0.0011180 secs] [Times: user=0.01 sys=0.00, real=0.00 secs] 
368.522: Total time for which application threads were stopped: 0.0012290 seconds, Stopping threads took: 0.0000550 seconds
368.582: Application time: 0.0602310 seconds
368.582: [GC368.582: [ParNew: 36835K->4115K(37632K), 0.0013200 secs] 92301K->60653K(121024K), 0.0013500 secs] [Times: user=0.01 sys=0.00, real=0.00 secs] 
368.583: Total time for which application threads were stopped: 0.0014980 seconds, Stopping threads took: 0.0000920 seconds
368.643: Application time: 0.0590640 seconds
368.643: [GC368.643: [ParNew: 37169K->4152K(37632K), 0.0020020 secs] 93708K->63786K(121024K), 0.0020340 secs] [Times: user=0.02 sys=0.00, real=0.00 secs] 
368.645: Total time for which application threads were stopped: 0.0021870 seconds, Stopping threads took: 0.0000970 seconds
368.705: Application time: 0.0598020 seconds
368.705: [GC368.705: [ParNew: 37166K->4138K(37632K), 0.0020910 secs] 96801K->66908K(121024K), 0.0021270 secs] [Times: user=0.01 sys=0.00, real=0.00 secs] 
368.707: Total time for which application threads were stopped: 0.0022680 seconds, Stopping threads took: 0.0000740 seconds
368.772: Application time: 0.0654200 seconds
368.772: [GC368.772: [ParNew: 37124K->4130K(37632K), 0.0013980 secs] 99895K->67981K(121024K), 0.0014330 secs] [Times: user=0.02 sys=0.00, real=0.00 secs] 
368.774: Total time for which application threads were stopped: 0.0015920 seconds, Stopping threads took: 0.0001010 seconds
368.837: Application time: 0.0628660 seconds
368.837: [GC368.837: [ParNew: 36990K->4145K(37632K), 0.0014710 secs] 100840K->69020K(121024K), 0.0015040 secs] [Times: user=0.01 sys=0.00, real=0.00 secs] 
368.838: Total time for which application threads were stopped: 0.0016430 seconds, Stopping threads took: 0.0000820 seconds
368.898: Application time: 0.0597820 seconds
368.898: [GC368.898: [ParNew: 36728K->4133K(37632K), 0.0012480 secs] 101602K->69007K(121024K), 0.0012800 secs] [Times: user=0.01 sys=0.00, real=0.01 secs] 
368.900: Total time for which application threads were stopped: 0.0014200 seconds, Stopping threads took: 0.0000770 seconds
368.965: Application time: 0.0649880 seconds
368.965: [GC368.965: [ParNew: 37057K->4121K(37632K), 0.0010740 secs] 101932K->68996K(121024K), 0.0011040 secs] [Times: user=0.01 sys=0.00, real=0.00 secs] 
368.966: Total time for which application threads were stopped: 0.0012210 seconds, Stopping threads took: 0.0000610 seconds
369.024: Application time: 0.0582240 seconds
369.024: [GC369.024: [ParNew: 36613K->4137K(37632K), 0.0011420 secs] 101488K->69011K(121024K), 0.0011730 secs] [Times: user=0.01 sys=0.00, real=0.00 secs] 
369.025: Total time for which application threads were stopped: 0.0013070 seconds, Stopping threads took: 0.0000790 seconds
369.087: Application time: 0.0614620 seconds
369.087: [GC369.087: [ParNew: 36812K->4115K(37632K), 0.0017130 secs] 101686K->71037K(121024K), 0.0017450 secs] [Times: user=0.01 sys=0.00, real=0.00 secs] 
369.089: Total time for which application threads were stopped: 0.0019230 seconds, Stopping threads took: 0.0001200 seconds
369.151: Application time: 0.0622340 seconds
369.151: [GC369.151: [ParNew: 37275K->3243K(37632K), 0.0009710 secs] 104198K->70166K(121024K), 0.0010010 secs] [Times: user=0.01 sys=0.00, real=0.00 secs] 
369.152: Total time for which application threads were stopped: 0.0011210 seconds, Stopping threads took: 0.0000650 seconds
369.207: Application time: 0.0550190 seconds
369.207: [GC369.207: [ParNew: 36502K->4146K(37632K), 0.0015700 secs] 103424K->72253K(121024K), 0.0016040 secs] [Times: user=0.01 sys=0.00, real=0.00 secs] 
369.209: Total time for which application threads were stopped: 0.0017870 seconds, Stopping threads took: 0.0001170 seconds
369.274: Application time: 0.0651650 seconds
369.274: [GC369.274: [ParNew: 37092K->4114K(37632K), 0.0015500 secs] 105199K->74317K(121024K), 0.0015840 secs] [Times: user=0.01 sys=0.00, real=0.00 secs] 
369.276: Total time for which application threads were stopped: 0.0017130 seconds, Stopping threads took: 0.0000750 seconds
369.331: Application time: 0.0552360 seconds
369.331: [GC369.331: [ParNew: 37165K->4158K(37632K), 0.0021610 secs] 107368K->77441K(121024K), 0.0021960 secs] [Times: user=0.02 sys=0.00, real=0.00 secs] 
369.333: Total time for which application threads were stopped: 0.0023430 seconds, Stopping threads took: 0.0000880 seconds
369.399: Application time: 0.0653620 seconds
369.399: [GC369.399: [ParNew: 37281K->4141K(37632K), 0.0016800 secs] 110564K->79568K(121024K), 0.0017140 secs] [Times: user=0.01 sys=0.00, real=0.00 secs] 
369.401: Total time for which application threads were stopped: 0.0018400 seconds, Stopping threads took: 0.0000680 seconds
369.462: Application time: 0.0611570 seconds
369.462: [GC369.462: [ParNew: 37022K->4113K(37632K), 0.0016270 secs] 112449K->81636K(121024K), 0.0016600 secs] [Times: user=0.01 sys=0.00, real=0.00 secs] 
369.463: Total time for which application threads were stopped: 0.0018080 seconds, Stopping threads took: 0.0000920 seconds
369.527: Application time: 0.0632940 seconds
369.527: [GC369.527: [ParNew: 36992K->4129K(37632K), 0.0013550 secs] 114515K->82676K(121024K), 0.0013860 secs] [Times: user=0.01 sys=0.00, real=0.00 secs] 
369.528: Total time for which application threads were stopped: 0.0015030 seconds, Stopping threads took: 0.0000580 seconds
369.589: Application time: 0.0611020 seconds
369.589: [GC369.590: [ParNew: 36789K->4136K(37632K), 0.0014250 secs] 115336K->83707K(121024K), 0.0014590 secs] [Times: user=0.01 sys=0.00, real=0.01 secs] 
369.591: Total time for which application threads were stopped: 0.0015950 seconds, Stopping threads took: 0.0000790 seconds
369.653: Application time: 0.0616510 seconds
369.653: [GC369.653: [ParNew: 36796K->4138K(37632K), 0.0011760 secs] 116367K->83709K(121024K), 0.0012060 secs] [Times: user=0.01 sys=0.00, real=0.00 secs] 
369.654: Total time for which application threads were stopped: 0.0013510 seconds, Stopping threads took: 0.0000890 seconds
369.713: Application time: 0.0589530 seconds
369.713: [GC369.713: [ParNew: 36664K->4118K(37632K), 0.0015230 secs] 116235K->84713K(121024K), 0.0015530 secs] [Times: user=0.01 sys=0.00, real=0.00 secs] 
369.715: Total time for which application threads were stopped: 0.0017050 seconds, Stopping threads took: 0.0000870 seconds
369.776: Application time: 0.0609010 seconds
369.776: [GC369.776: [ParNew: 36879K->4128K(37632K), 0.0017440 secs] 117474K->86771K(121024K), 0.0017790 secs] [Times: user=0.01 sys=0.00, real=0.00 secs] 
369.777: Total time for which application threads were stopped: 0.0019180 seconds, Stopping threads took: 0.0000810 seconds
369.839: Application time: 0.0613370 seconds
369.839: [GC369.839: [ParNew: 37197K->4158K(37632K), 0.0011800 secs] 119840K->86913K(121024K), 0.0012110 secs] [Times: user=0.01 sys=0.00, real=0.00 secs] 
369.840: Total time for which application threads were stopped: 0.0013450 seconds, Stopping threads took: 0.0000790 seconds
369.898: Application time: 0.0581850 seconds
369.898: [GC369.898: [ParNew: 37630K->4156K(37632K), 0.0011980 secs] 120385K->86983K(121024K), 0.0012280 secs] [Times: user=0.00 sys=0.00, real=0.01 secs] 
369.900: Total time for which application threads were stopped: 0.0013550 seconds, Stopping threads took: 0.0000730 seconds
369.960: Application time: 0.0603450 seconds
369.960: [GC369.960: [ParNew: 36944K->4114K(37632K), 0.0018120 secs]369.962: [Tenured: 85963K->10915K(86476K), 0.0084130 secs] 119771K->10915K(124108K), [Perm : 5530K->5530K(21248K)], 0.0104020 secs] [Times: user=0.03 sys=0.00, real=0.00 secs] 
369.971: Total time for which application threads were stopped: 0.0105340 seconds, Stopping threads took: 0.0000690 seconds
370.031: Application time: 0.0600670 seconds
370.031: [GC370.031: [ParNew: 33124K->4152K(37632K), 0.0016890 secs] 44039K->17132K(121024K), 0.0017250 secs] [Times: user=0.01 sys=0.00, real=0.00 secs] 
370.033: Total time for which application threads were stopped: 0.0018660 seconds, Stopping threads took: 0.0000850 seconds
370.094: Application time: 0.0611220 seconds
370.094: [GC370.094: [ParNew: 37183K->4147K(37632K), 0.0017310 secs] 50163K->19251K(121024K), 0.0017660 secs] [Times: user=0.02 sys=0.00, real=0.00 secs] 
370.096: Total time for which application threads were stopped: 0.0019120 seconds, Stopping threads took: 0.0000890 seconds
370.158: Application time: 0.0627040 seconds
370.158: [GC370.158: [ParNew: 37091K->4130K(37632K), 0.0017380 secs] 52195K->21330K(121024K), 0.0017710 secs] [Times: user=0.01 sys=0.00, real=0.01 secs] 
370.160: Total time for which application threads were stopped: 0.0019070 seconds, Stopping threads took: 0.0000800 seconds
370.224: Application time: 0.0639710 seconds
370.224: [GC370.224: [ParNew: 37067K->4131K(37632K), 0.0016790 secs] 54267K->23379K(121024K), 0.0017130 secs] [Times: user=0.01 sys=0.00, real=0.00 secs] 
370.226: Total time for which application threads were stopped: 0.0019010 seconds, Stopping threads took: 0.0001190 seconds
370.287: Application time: 0.0608400 seconds
370.287: [GC370.287: [ParNew: 36804K->4147K(37632K), 0.0011160 secs] 56052K->23395K(121024K), 0.0011470 secs] [Times: user=0.00 sys=0.00, real=0.00 secs] 
370.288: Total time for which application threads were stopped: 0.0012910 seconds, Stopping threads took: 0.0000870 seconds
370.350: Application time: 0.0618930 seconds
370.350: [GC370.350: [ParNew: 36697K->3120K(37632K), 0.0009010 secs] 55945K->22368K(121024K), 0.0009330 secs] [Times: user=0.00 sys=0.00, real=0.01 secs] 
370.351: Total time for which application threads were stopped: 0.0010730 seconds, Stopping threads took: 0.0000850 seconds
370.411: Application time: 0.0599670 seconds
370.411: [GC370.411: [ParNew: 35685K->4115K(37632K), 0.0017090 secs] 54933K->25411K(121024K), 0.0017400 secs] [Times: user=0.01 sys=0.00, real=0.00 secs] 
370.413: Total time for which application threads were stopped: 0.0018730 seconds, Stopping threads took: 0.0000770 seconds
370.475: Application time: 0.0616540 seconds
370.475: [GC370.475: [ParNew: 36868K->4148K(37632K), 0.0014270 secs] 58164K->26468K(121024K), 0.0014620 secs] [Times: user=0.01 sys=0.00, real=0.00 secs] 
370.476: Total time for which application threads were stopped: 0.0016220 seconds, Stopping threads took: 0.0000920 seconds
370.536: Application time: 0.0597170 seconds
370.536: [GC370.536: [ParNew: 37168K->4159K(37632K), 0.0011340 secs] 59488K->26572K(121024K), 0.0011650 secs] [Times: user=0.01 sys=0.00, real=0.00 secs] 
370.537: Total time for which application threads were stopped: 0.0013000 seconds, Stopping threads took: 0.0000790 seconds
370.597: Application time: 0.0594530 seconds
370.597: [GC370.597: [ParNew: 36737K->4143K(37632K), 0.0014360 secs] 59149K->27663K(121024K), 0.0014670 secs] [Times: user=0.01 sys=0.00, real=0.00 secs] 
370.598: Total time for which application threads were stopped: 0.0015790 seconds, Stopping threads took: 0.0000580 seconds
370.654: Application time: 0.0555360 seconds
370.654: [GC370.654: [ParNew: 36810K->4108K(37632K), 0.0021250 secs] 60330K->30748K(121024K), 0.0021640 secs] [Times: user=0.01 sys=0.00, real=0.00 secs] 
370.656: Total time for which application threads were stopped: 0.0023650 seconds, Stopping threads took: 0.0001350 seconds
370.718: Application time: 0.0620720 seconds
370.723: [GC370.723: [ParNew: 37282K->4154K(37632K), 0.0020060 secs] 63922K->33882K(121024K), 0.0020430 secs] [Times: user=0.01 sys=0.00, real=0.00 secs] 
370.725: Total time for which application threads were stopped: 0.0064460 seconds, Stopping threads took: 0.0043420 seconds
370.784: Application time: 0.0593140 seconds
370.784: [GC370.784: [ParNew: 37147K->4142K(37632K), 0.0019720 secs] 66875K->37023K(121024K), 0.0020080 secs] [Times: user=0.01 sys=0.00, real=0.00 secs] 
370.786: Total time for which application threads were stopped: 0.0021580 seconds, Stopping threads took: 0.0000810 seconds
370.851: Application time: 0.0652090 seconds
370.852: [GC370.852: [ParNew: 37124K->4126K(37632K), 0.0016600 secs] 70004K->39111K(121024K), 0.0016930 secs] [Times: user=0.02 sys=0.00, real=0.00 secs] 
370.853: Total time for which application threads were stopped: 0.0018350 seconds, Stopping threads took: 0.0000840 seconds
370.918: Application time: 0.0647200 seconds
370.918: [GC370.918: [ParNew: 37061K->4134K(37632K), 0.0013890 secs] 72045K->40143K(121024K), 0.0014200 secs] [Times: user=0.01 sys=0.00, real=0.01 secs] 
370.920: Total time for which application threads were stopped: 0.0015480 seconds, Stopping threads took: 0.0000710 seconds
370.982: Application time: 0.0624450 seconds
370.982: [GC370.982: [ParNew: 36873K->4152K(37632K), 0.0011020 secs] 72882K->40160K(121024K), 0.0011320 secs] [Times: user=0.01 sys=0.00, real=0.00 secs] 
370.983: Total time for which application threads were stopped: 0.0012860 seconds, Stopping threads took: 0.0000990 seconds
371.043: Application time: 0.0599260 seconds
371.043: [GC371.043: [ParNew: 37563K->4138K(37632K), 0.0011270 secs] 73572K->40146K(121024K), 0.0011570 secs] [Times: user=0.01 sys=0.00, real=0.00 secs] 
371.044: Total time for which application threads were stopped: 0.0012800 seconds, Stopping threads took: 0.0000670 seconds
371.106: Application time: 0.0610460 seconds
371.106: [GC371.106: [ParNew: 36856K->4124K(37632K), 0.0013240 secs] 72865K->41156K(121024K), 0.0013560 secs] [Times: user=0.00 sys=0.00, real=0.00 secs] 
371.107: Total time for which application threads were stopped: 0.0014850 seconds, Stopping threads took: 0.0000740 seconds
371.166: Application time: 0.0592670 seconds
371.166: [GC371.166: [ParNew: 36773K->4134K(37632K), 0.0014430 secs] 73805K->42191K(121024K), 0.0014750 secs] [Times: user=0.01 sys=0.00, real=0.00 secs] 
371.168: Total time for which application threads were stopped: 0.0016030 seconds, Stopping threads took: 0.0000700 seconds
371.227: Application time: 0.0595700 seconds
371.228: [GC371.228: [ParNew: 37036K->4158K(37632K), 0.0015250 secs] 75092K->43295K(121024K), 0.0015560 secs] [Times: user=0.01 sys=0.00, real=0.00 secs] 
371.229: Total time for which application threads were stopped: 0.0016800 seconds, Stopping threads took: 0.0000670 seconds
371.291: Application time: 0.0617010 seconds
371.291: [GC371.291: [ParNew: 37054K->3185K(37632K), 0.0009430 secs] 76191K->42378K(121024K), 0.0009790 secs] [Times: user=0.01 sys=0.00, real=0.00 secs] 
371.292: Total time for which application threads were stopped: 0.0011050 seconds, Stopping threads took: 0.0000660 seconds
371.347: Application time: 0.0549340 seconds
371.347: [GC371.347: [ParNew: 35720K->4112K(37632K), 0.0020050 secs] 74913K->46473K(121024K), 0.0020410 secs] [Times: user=0.01 sys=0.00, real=0.00 secs] 
371.349: Total time for which application threads were stopped: 0.0021840 seconds, Stopping threads took: 0.0000820 seconds
371.410: Application time: 0.0605130 seconds
371.410: [GC371.410: [ParNew: 37227K->4156K(37632K), 0.0019830 secs] 79588K->49605K(121024K), 0.0020180 secs] [Times: user=0.02 sys=0.00, real=0.01 secs] 
371.412: Total time for which application threads were stopped: 0.0021720 seconds, Stopping threads took: 0.0000970 seconds
371.477: Application time: 0.0651590 seconds
371.477: [GC371.477: [ParNew: 37136K->4145K(37632K), 0.0014020 secs] 82585K->50722K(121024K), 0.0014320 secs] [Times: user=0.01 sys=0.00, real=0.00 secs] 
371.478: Total time for which application threads were stopped: 0.0015700 seconds, Stopping threads took: 0.0000830 seconds
371.541: Application time: 0.0621000 seconds
371.541: [GC371.541: [ParNew: 36986K->4114K(37632K), 0.0011630 secs] 83563K->50731K(121024K), 0.0011940 secs] [Times: user=0.01 sys=0.00, real=0.00 secs] 
371.542: Total time for which application threads were stopped: 0.0013180 seconds, Stopping threads took: 0.0000660 seconds
371.604: Application time: 0.0625160 seconds
371.605: [GC371.605: [ParNew: 36860K->4147K(37632K), 0.0011400 secs] 83477K->50764K(121024K), 0.0011720 secs] [Times: user=0.01 sys=0.00, real=0.00 secs] 
371.606: Total time for which application threads were stopped: 0.0012970 seconds, Stopping threads took: 0.0000670 seconds
371.665: Application time: 0.0592940 seconds
371.665: [GC371.665: [ParNew: 36672K->4134K(37632K), 0.0011100 secs] 83289K->50751K(121024K), 0.0011420 secs] [Times: user=0.01 sys=0.00, real=0.00 secs] 
371.666: Total time for which application threads were stopped: 0.0012590 seconds, Stopping threads took: 0.0000650 seconds
371.725: Application time: 0.0584850 seconds
371.725: [GC371.725: [ParNew: 36731K->4114K(37632K), 0.0016210 secs] 83348K->52779K(121024K), 0.0016550 secs] [Times: user=0.01 sys=0.00, real=0.00 secs] 
371.727: Total time for which application threads were stopped: 0.0017870 seconds, Stopping threads took: 0.0000740 seconds
371.787: Application time: 0.0600700 seconds
371.787: [GC371.787: [ParNew: 37024K->4114K(37632K), 0.0019420 secs] 85690K->55851K(121024K), 0.0019750 secs] [Times: user=0.01 sys=0.00, real=0.00 secs] 
371.789: Total time for which application threads were stopped: 0.0021470 seconds, Stopping threads took: 0.0001140 seconds
371.852: Application time: 0.0634350 seconds
371.852: [GC371.852: [ParNew: 37008K->4119K(37632K), 0.0014630 secs] 88745K->56880K(121024K), 0.0014950 secs] [Times: user=0.01 sys=0.00, real=0.00 secs] 
371.854: Total time for which application threads were stopped: 0.0016490 seconds, Stopping threads took: 0.0000900 seconds
371.918: Application time: 0.0637570 seconds
371.918: [GC371.918: [ParNew: 37430K->4159K(37632K), 0.0011880 secs] 90191K->57053K(121024K), 0.0012220 secs] [Times: user=0.01 sys=0.00, real=0.01 secs] 
371.919: Total time for which application threads were stopped: 0.0013510 seconds, Stopping threads took: 0.0000720 seconds
371.979: Application time: 0.0605000 seconds
371.980: [GC371.980: [ParNew: 36762K->3146K(37632K), 0.0008290 secs] 89655K->56107K(121024K), 0.0008580 secs] [Times: user=0.01 sys=0.00, real=0.00 secs] 
371.980: Total time for which application threads were stopped: 0.0009650 seconds, Stopping threads took: 0.0000530 seconds
372.038: Application time: 0.0579760 seconds
372.039: [GC372.039: [ParNew: 36618K->4114K(37632K), 0.0019860 secs] 89579K->60203K(121024K), 0.0020200 secs] [Times: user=0.02 sys=0.01, real=0.01 secs] 
372.041: Total time for which application threads were stopped: 0.0021480 seconds, Stopping threads took: 0.0000700 seconds
372.101: Application time: 0.0608260 seconds
372.102: [GC372.102: [ParNew: 37191K->4158K(37632K), 0.0019660 secs] 93280K->63335K(121024K), 0.0020080 secs] [Times: user=0.02 sys=0.00, real=0.00 secs] 
372.104: Total time for which application threads were stopped: 0.0021450 seconds, Stopping threads took: 0.0000810 seconds
372.164: Application time: 0.0600430 seconds
372.164: [GC372.164: [ParNew: 37120K->4144K(37632K), 0.0017190 secs] 96297K->65441K(121024K), 0.0017510 secs] [Times: user=0.02 sys=0.00, real=0.00 secs] 
372.165: Total time for which application threads were stopped: 0.0018860 seconds, Stopping threads took: 0.0000780 seconds
372.229: Application time: 0.0636730 seconds
372.229: [GC372.229: [ParNew: 37013K->4137K(37632K), 0.0014450 secs] 98310K->66515K(121024K), 0.0014760 secs] [Times: user=0.01 sys=0.00, real=0.01 secs] 
372.231: Total time for which application threads were stopped: 0.0016020 seconds, Stopping threads took: 0.0000690 seconds
372.290: Application time: 0.0595050 seconds
372.290: [GC372.290: [ParNew: 36683K->4132K(37632K), 0.0011610 secs] 99061K->66510K(121024K), 0.0011930 secs] [Times: user=0.01 sys=0.00, real=0.01 secs] 
372.292: Total time for which application threads were stopped: 0.0013690 seconds, Stopping threads took: 0.0001200 seconds
372.355: Application time: 0.0636440 seconds
372.355: [GC372.355: [ParNew: 36934K->4137K(37632K), 0.0010410 secs] 99311K->66514K(121024K), 0.0010680 secs] [Times: user=0.01 sys=0.00, real=0.00 secs] 
372.356: Total time for which application threads were stopped: 0.0011960 seconds, Stopping threads took: 0.0000670 seconds
372.412: Application time: 0.0557990 seconds
372.412: [GC372.412: [ParNew: 37609K->4114K(37632K), 0.0020600 secs] 99986K->69564K(121024K), 0.0020940 secs] [Times: user=0.02 sys=0.00, real=0.00 secs] 
372.415: Total time for which application threads were stopped: 0.0022280 seconds, Stopping threads took: 0.0000750 seconds
372.482: Application time: 0.0672850 seconds
372.482: [GC372.482: [ParNew: 37154K->4118K(37632K), 0.0013090 secs] 102604K->70591K(121024K), 0.0013400 secs] [Times: user=0.01 sys=0.00, real=0.00 secs] 
372.483: Total time for which application threads were stopped: 0.0014610 seconds, Stopping threads took: 0.0000640 seconds
372.545: Application time: 0.0614880 seconds
372.545: [GC372.545: [ParNew: 36941K->4136K(37632K), 0.0011890 secs] 103415K->70609K(121024K), 0.0012170 secs] [Times: user=0.01 sys=0.00, real=0.00 secs] 
372.546: Total time for which application threads were stopped: 0.0013360 seconds, Stopping threads took: 0.0000650 seconds
372.601: Application time: 0.0546890 seconds
372.601: [GC372.601: [ParNew: 36974K->4158K(37632K), 0.0017910 secs] 103448K->72752K(121024K), 0.0018280 secs] [Times: user=0.01 sys=0.00, real=0.00 secs] 
372.603: Total time for which application threads were stopped: 0.0019800 seconds, Stopping threads took: 0.0000950 seconds
372.669: Application time: 0.0665920 seconds
372.669: [GC372.669: [ParNew: 37299K->4158K(37632K), 0.0014380 secs] 105893K->73872K(121024K), 0.0014700 secs] [Times: user=0.01 sys=0.00, real=0.01 secs] 
372.671: Total time for which application threads were stopped: 0.0016100 seconds, Stopping threads took: 0.0000850 seconds
372.729: Application time: 0.0578260 seconds
372.729: [GC372.729: [ParNew: 37624K->4112K(37632K), 0.0016710 secs] 107338K->75946K(121024K), 0.0017040 secs] [Times: user=0.02 sys=0.00, real=0.01 secs] 
372.731: Total time for which application threads were stopped: 0.0018340 seconds, Stopping threads took: 0.0000730 seconds
372.794: Application time: 0.0634240 seconds
372.794: [GC372.794: [ParNew: 37235K->4153K(37632K), 0.0014310 secs] 109069K->77027K(121024K), 0.0014630 secs] [Times: user=0.01 sys=0.00, real=0.00 secs] 
372.796: Total time for which application threads were stopped: 0.0016040 seconds, Stopping threads took: 0.0000840 seconds
372.856: Application time: 0.0600820 seconds
372.856: [GC372.856: [ParNew: 37058K->4142K(37632K), 0.0019840 secs] 109932K->80160K(121024K), 0.0020170 secs] [Times: user=0.02 sys=0.00, real=0.00 secs] 
372.858: Total time for which application threads were stopped: 0.0021670 seconds, Stopping threads took: 0.0000680 seconds
372.920: Application time: 0.0618550 seconds
372.920: [GC372.920: [ParNew: 36933K->4142K(37632K), 0.0015810 secs] 112951K->81248K(121024K), 0.0016140 secs] [Times: user=0.01 sys=0.00, real=0.00 secs] 
372.922: Total time for which application threads were stopped: 0.0017630 seconds, Stopping threads took: 0.0000870 seconds
372.982: Application time: 0.0607740 seconds
372.982: [GC372.982: [ParNew: 36818K->4111K(37632K), 0.0013950 secs] 113924K->82241K(121024K), 0.0014240 secs] [Times: user=0.01 sys=0.00, real=0.00 secs] 
372.984: Total time for which application threads were stopped: 0.0015600 seconds, Stopping threads took: 0.0000810 seconds
373.045: Application time: 0.0611210 seconds
373.045: [GC373.045: [ParNew: 36764K->4146K(37632K), 0.0014070 secs] 114894K->83300K(121024K), 0.0014390 secs] [Times: user=0.01 sys=0.00, real=0.00 secs] 
373.047: Total time for which application threads were stopped: 0.0015580 seconds, Stopping threads took: 0.0000620 seconds
373.107: Application time: 0.0606410 seconds
373.107: [GC373.107: [ParNew: 36800K->4116K(37632K), 0.0017010 secs] 115955K->85318K(121024K), 0.0017320 secs] [Times: user=0.01 sys=0.00, real=0.00 secs] 
373.109: Total time for which application threads were stopped: 0.0018530 seconds, Stopping threads took: 0.0000630 seconds
373.168: Application time: 0.0593820 seconds
373.169: [GC373.169: [ParNew: 36755K->4114K(37632K), 0.0017030 secs] 117957K->87364K(121024K), 0.0017350 secs] [Times: user=0.01 sys=0.00, real=0.00 secs] 
373.170: Total time for which application threads were stopped: 0.0018550 seconds, Stopping threads took: 0.0000600 seconds
373.230: Application time: 0.0593940 seconds
373.230: [GC373.230: [ParNew: 36904K->4112K(37632K), 0.0018740 secs]373.232: [Tenured: 86322K->14189K(86476K), 0.0089310 secs] 120154K->14189K(124108K), [Perm : 5530K->5530K(21248K)], 0.0109990 secs] [Times: user=0.01 sys=0.01, real=0.02 secs] 
373.241: Total time for which application threads were stopped: 0.0111820 seconds, Stopping threads took: 0.0001170 seconds
373.303: Application time: 0.0619160 seconds
373.303: [GC373.303: [ParNew: 33283K->4159K(37632K), 0.0013810 secs] 47472K->19480K(121024K), 0.0014150 secs] [Times: user=0.01 sys=0.00, real=0.00 secs] 
373.304: Total time for which application threads were stopped: 0.0015570 seconds, Stopping threads took: 0.0000880 seconds
373.366: Application time: 0.0621030 seconds
373.367: [GC373.367: [ParNew: 37094K->4158K(37632K), 0.0014300 secs] 52416K->20568K(121024K), 0.0014630 secs] [Times: user=0.00 sys=0.00, real=0.00 secs] 
373.368: Total time for which application threads were stopped: 0.0016130 seconds, Stopping threads took: 0.0000760 seconds
373.428: Application time: 0.0603320 seconds
373.429: [GC373.429: [ParNew: 36818K->4147K(37632K), 0.0013420 secs] 53228K->21636K(121024K), 0.0013720 secs] [Times: user=0.01 sys=0.00, real=0.00 secs] 
373.430: Total time for which application threads were stopped: 0.0014970 seconds, Stopping threads took: 0.0000710 seconds
373.491: Application time: 0.0612710 seconds
373.491: [GC373.491: [ParNew: 37125K->4158K(37632K), 0.0013410 secs] 54614K->22695K(121024K), 0.0013730 secs] [Times: user=0.01 sys=0.00, real=0.00 secs] 
373.493: Total time for which application threads were stopped: 0.0015010 seconds, Stopping threads took: 0.0000710 seconds
373.552: Application time: 0.0594760 seconds
373.552: [GC373.552: [ParNew: 37007K->4140K(37632K), 0.0019870 secs] 55544K->25813K(121024K), 0.0020220 secs] [Times: user=0.01 sys=0.00, real=0.00 secs] 
373.554: Total time for which application threads were stopped: 0.0021570 seconds, Stopping threads took: 0.0000770 seconds
373.617: Application time: 0.0630110 seconds
373.617: [GC373.617: [ParNew: 36988K->4154K(37632K), 0.0013850 secs] 58662K->26916K(121024K), 0.0014170 secs] [Times: user=0.01 sys=0.00, real=0.01 secs] 
373.619: Total time for which application threads were stopped: 0.0015550 seconds, Stopping threads took: 0.0000810 seconds
373.678: Application time: 0.0588860 seconds
373.678: [GC373.678: [ParNew: 36640K->4121K(37632K), 0.0011480 secs] 59402K->26882K(121024K), 0.0011910 secs] [Times: user=0.00 sys=0.00, real=0.01 secs] 
373.679: Total time for which application threads were stopped: 0.0013410 seconds, Stopping threads took: 0.0000950 seconds
373.740: Application time: 0.0611610 seconds
373.740: [GC373.740: [ParNew: 36701K->4132K(37632K), 0.0014760 secs] 59463K->27918K(121024K), 0.0015070 secs] [Times: user=0.01 sys=0.00, real=0.00 secs] 
373.742: Total time for which application threads were stopped: 0.0016240 seconds, Stopping threads took: 0.0000590 seconds
373.800: Application time: 0.0583400 seconds
373.800: [GC373.800: [ParNew: 36717K->4134K(37632K), 0.0012970 secs] 60503K->28944K(121024K), 0.0013310 secs] [Times: user=0.01 sys=0.00, real=0.00 secs] 
373.802: Total time for which application threads were stopped: 0.0014630 seconds, Stopping threads took: 0.0000740 seconds
373.864: Application time: 0.0620740 seconds
373.864: [GC373.864: [ParNew: 36990K->4113K(37632K), 0.0013550 secs] 61800K->29947K(121024K), 0.0013850 secs] [Times: user=0.01 sys=0.00, real=0.00 secs] 
373.865: Total time for which application threads were stopped: 0.0015390 seconds, Stopping threads took: 0.0001000 seconds
373.925: Application time: 0.0593390 seconds
373.925: [GC373.925: [ParNew: 36914K->4126K(37632K), 0.0017440 secs] 62748K->32008K(121024K), 0.0017760 secs] [Times: user=0.01 sys=0.00, real=0.00 secs] 
373.927: Total time for which application threads were stopped: 0.0019190 seconds, Stopping threads took: 0.0000680 seconds
373.989: Application time: 0.0621240 seconds
373.989: [GC373.989: [ParNew: 37410K->4156K(37632K), 0.0016840 secs] 65292K->34174K(121024K), 0.0017160 secs] [Times: user=0.01 sys=0.00, real=0.00 secs] 
373.991: Total time for which application threads were stopped: 0.0018710 seconds, Stopping threads took: 0.0000910 seconds
374.053: Application time: 0.0621190 seconds
374.053: [GC374.053: [ParNew: 37114K->4141K(37632K), 0.0016840 secs] 67132K->36271K(121024K), 0.0017180 secs] [Times: user=0.01 sys=0.00, real=0.00 secs] 
374.055: Total time for which application threads were stopped: 0.0018580 seconds, Stopping threads took: 0.0000830 seconds
374.118: Application time: 0.0633740 seconds
374.118: [GC374.118: [ParNew: 36959K->3131K(37632K), 0.0008430 secs] 69089K->35318K(121024K), 0.0008740 secs] [Times: user=0.00 sys=0.00, real=0.01 secs] 
374.119: Total time for which application threads were stopped: 0.0010060 seconds, Stopping threads took: 0.0000790 seconds
374.178: Application time: 0.0592480 seconds
374.178: [GC374.178: [ParNew: 35924K->4159K(37632K), 0.0013660 secs] 68110K->37385K(121024K), 0.0013970 secs] [Times: user=0.01 sys=0.00, real=0.01 secs] 
374.180: Total time for which application threads were stopped: 0.0015270 seconds, Stopping threads took: 0.0000740 seconds
374.241: Application time: 0.0614090 seconds
374.241: [GC374.241: [ParNew: 37049K->4152K(37632K), 0.0014080 secs] 70275K->38498K(121024K), 0.0014380 secs] [Times: user=0.01 sys=0.00, real=0.00 secs] 
374.243: Total time for which application threads were stopped: 0.0015540 seconds, Stopping threads took: 0.0000610 seconds
374.302: Application time: 0.0595910 seconds
374.302: [GC374.302: [ParNew: 36746K->4136K(37632K), 0.0014110 secs] 71092K->39546K(121024K), 0.0014410 secs] [Times: user=0.01 sys=0.00, real=0.00 secs] 
374.304: Total time for which application threads were stopped: 0.0015670 seconds, Stopping threads took: 0.0000710 seconds
374.363: Application time: 0.0589140 seconds
374.363: [GC374.363: [ParNew: 36621K->4114K(37632K), 0.0017480 secs] 72031K->41572K(121024K), 0.0017820 secs] [Times: user=0.01 sys=0.00, real=0.00 secs] 
374.365: Total time for which application threads were stopped: 0.0019280 seconds, Stopping threads took: 0.0000860 seconds
374.427: Application time: 0.0627060 seconds
374.428: [GC374.428: [ParNew: 36975K->4131K(37632K), 0.0013890 secs] 74433K->42613K(121024K), 0.0014190 secs] [Times: user=0.01 sys=0.00, real=0.00 secs] 
374.429: Total time for which application threads were stopped: 0.0015610 seconds, Stopping threads took: 0.0000700 seconds
374.485: Application time: 0.0561080 seconds
374.485: [GC374.485: [ParNew: 37572K->4115K(37632K), 0.0016750 secs] 76054K->44645K(121024K), 0.0017090 secs] [Times: user=0.00 sys=0.01, real=0.00 secs] 
374.487: Total time for which application threads were stopped: 0.0018560 seconds, Stopping threads took: 0.0000900 seconds
374.551: Application time: 0.0644560 seconds
374.551: [GC374.552: [ParNew: 37069K->4116K(37632K), 0.0016080 secs] 77599K->46694K(121024K), 0.0016420 secs] [Times: user=0.01 sys=0.00, real=0.00 secs] 
374.553: Total time for which application threads were stopped: 0.0017660 seconds, Stopping threads took: 0.0000670 seconds
374.614: Application time: 0.0605200 seconds
374.614: [GC374.614: [ParNew: 36974K->4130K(37632K), 0.0016170 secs] 79552K->48757K(121024K), 0.0016510 secs] [Times: user=0.02 sys=0.00, real=0.00 secs] 
374.615: Total time for which application threads were stopped: 0.0017850 seconds, Stopping threads took: 0.0000780 seconds
374.677: Application time: 0.0616980 seconds
374.677: [GC374.677: [ParNew: 37443K->4158K(37632K), 0.0014940 secs] 82069K->49921K(121024K), 0.0015280 secs] [Times: user=0.01 sys=0.00, real=0.01 secs] 
374.679: Total time for which application threads were stopped: 0.0016670 seconds, Stopping threads took: 0.0000810 seconds
374.739: Application time: 0.0606360 seconds
374.740: [GC374.740: [ParNew: 37036K->4146K(37632K), 0.0016510 secs] 82798K->52036K(121024K), 0.0016830 secs] [Times: user=0.02 sys=0.00, real=0.00 secs] 
374.741: Total time for which application threads were stopped: 0.0018130 seconds, Stopping threads took: 0.0000730 seconds
374.804: Application time: 0.0626620 seconds
374.804: [GC374.804: [ParNew: 36920K->4144K(37632K), 0.0014700 secs] 84811K->53122K(121024K), 0.0015010 secs] [Times: user=0.01 sys=0.00, real=0.00 secs] 
374.806: Total time for which application threads were stopped: 0.0016340 seconds, Stopping threads took: 0.0000760 seconds
374.865: Application time: 0.0590180 seconds
374.865: [GC374.865: [ParNew: 36928K->4154K(37632K), 0.0014210 secs] 85906K->54180K(121024K), 0.0014530 secs] [Times: user=0.01 sys=0.00, real=0.00 secs] 
374.866: Total time for which application threads were stopped: 0.0015720 seconds, Stopping threads took: 0.0000630 seconds
374.929: Application time: 0.0625310 seconds
374.929: [GC374.929: [ParNew: 37107K->4143K(37632K), 0.0018050 secs] 87134K->56282K(121024K), 0.0018400 secs] [Times: user=0.01 sys=0.00, real=0.01 secs] 
374.931: Total time for which application threads were stopped: 0.0019770 seconds, Stopping threads took: 0.0000700 seconds
374.991: Application time: 0.0605340 seconds
374.991: [GC374.991: [ParNew: 36759K->4138K(37632K), 0.0011830 secs] 88897K->56325K(121024K), 0.0012130 secs] [Times: user=0.01 sys=0.00, real=0.00 secs] 
374.993: Total time for which application threads were stopped: 0.0013630 seconds, Stopping threads took: 0.0000960 seconds
375.051: Application time: 0.0586380 seconds
375.051: [GC375.051: [ParNew: 36658K->4118K(37632K), 0.0014450 secs] 88845K->57328K(121024K), 0.0014780 secs] [Times: user=0.01 sys=0.00, real=0.00 secs] 
375.053: Total time for which application threads were stopped: 0.0016280 seconds, Stopping threads took: 0.0000920 seconds
375.116: Application time: 0.0634620 seconds
375.116: [GC375.116: [ParNew: 36958K->4117K(37632K), 0.0013270 secs] 90168K->58352K(121024K), 0.0013560 secs] [Times: user=0.01 sys=0.00, real=0.00 secs] 
375.118: Total time for which application threads were stopped: 0.0014790 seconds, Stopping threads took: 0.0000670 seconds
375.175: Application time: 0.0576860 seconds
375.176: [GC375.176: [ParNew: 36674K->4132K(37632K), 0.0011500 secs] 90909K->58367K(121024K), 0.0011800 secs] [Times: user=0.01 sys=0.00, real=0.00 secs] 
375.177: Total time for which application threads were stopped: 0.0013100 seconds, Stopping threads took: 0.0000760 seconds
375.236: Application time: 0.0594240 seconds
375.236: [GC375.236: [ParNew: 36822K->4118K(37632K), 0.0015980 secs] 91057K->60401K(121024K), 0.0016420 secs] [Times: user=0.01 sys=0.00, real=0.00 secs] 
375.238: Total time for which application threads were stopped: 0.0017620 seconds, Stopping threads took: 0.0000620 seconds
375.300: Application time: 0.0621710 seconds
375.303: [GC375.303: [ParNew: 37038K->4130K(37632K), 0.0017500 secs] 93321K->62461K(121024K), 0.0017820 secs] [Times: user=0.01 sys=0.00, real=0.00 secs] 
375.305: Total time for which application threads were stopped: 0.0043270 seconds, Stopping threads took: 0.0024870 seconds
375.366: Application time: 0.0616030 seconds
375.366: [GC375.366: [ParNew: 37362K->4158K(37632K), 0.0016650 secs] 95693K->64629K(121024K), 0.0016980 secs] [Times: user=0.01 sys=0.00, real=0.00 secs] 
375.368: Total time for which application threads were stopped: 0.0018560 seconds, Stopping threads took: 0.0000990 seconds
375.431: Application time: 0.0626310 seconds
375.431: [GC375.431: [ParNew: 37031K->4146K(37632K), 0.0011110 secs] 97502K->64717K(121024K), 0.0011400 secs] [Times: user=0.01 sys=0.00, real=0.00 secs] 
375.432: Total time for which application threads were stopped: 0.0012770 seconds, Stopping threads took: 0.0000740 seconds
375.491: Application time: 0.0592150 seconds
375.491: [GC375.491: [ParNew: 36702K->4118K(37632K), 0.0013440 secs] 97273K->65737K(121024K), 0.0013790 secs] [Times: user=0.01 sys=0.00, real=0.00 secs] 
375.493: Total time for which application threads were stopped: 0.0014970 seconds, Stopping threads took: 0.0000610 seconds
375.552: Application time: 0.0597070 seconds
375.552: [GC375.552: [ParNew: 37108K->4152K(37632K), 0.0019530 secs] 98727K->68859K(121024K), 0.0019860 secs] [Times: user=0.01 sys=0.00, real=0.00 secs] 
375.554: Total time for which application threads were stopped: 0.0021190 seconds, Stopping threads took: 0.0000730 seconds
375.618: Application time: 0.0634550 seconds
375.618: [GC375.618: [ParNew: 37210K->4144K(37632K), 0.0016640 secs] 101917K->70987K(121024K), 0.0016960 secs] [Times: user=0.02 sys=0.00, real=0.01 secs] 
375.620: Total time for which application threads were stopped: 0.0018320 seconds, Stopping threads took: 0.0000800 seconds
375.680: Application time: 0.0604400 seconds
375.680: [GC375.680: [ParNew: 36820K->4148K(37632K), 0.0021380 secs] 103664K->72047K(121024K), 0.0021670 secs] [Times: user=0.01 sys=0.00, real=0.00 secs] 
375.682: Total time for which application threads were stopped: 0.0023250 seconds, Stopping threads took: 0.0001020 seconds
375.744: Application time: 0.0613010 seconds
375.744: [GC375.744: [ParNew: 36797K->4138K(37632K), 0.0011210 secs] 104696K->72037K(121024K), 0.0011510 secs] [Times: user=0.01 sys=0.00, real=0.00 secs] 
375.745: Total time for which application threads were stopped: 0.0012830 seconds, Stopping threads took: 0.0000760 seconds
375.804: Application time: 0.0586060 seconds
375.804: [GC375.804: [ParNew: 37610K->4112K(37632K), 0.0017740 secs] 105509K->74059K(121024K), 0.0018060 secs] [Times: user=0.01 sys=0.00, real=0.00 secs] 
375.806: Total time for which application threads were stopped: 0.0019480 seconds, Stopping threads took: 0.0000820 seconds
375.877: Application time: 0.0714330 seconds
375.877: [GC375.877: [ParNew: 37115K->4132K(37632K), 0.0014320 secs] 107062K->75103K(121024K), 0.0014650 secs] [Times: user=0.01 sys=0.00, real=0.01 secs] 
375.879: Total time for which application threads were stopped: 0.0015790 seconds, Stopping threads took: 0.0000570 seconds
375.941: Application time: 0.0619650 seconds
375.941: [GC375.941: [ParNew: 37604K->4112K(37632K), 0.0018250 secs] 108575K->77131K(121024K), 0.0018610 secs] [Times: user=0.01 sys=0.00, real=0.00 secs] 
375.943: Total time for which application threads were stopped: 0.0020350 seconds, Stopping threads took: 0.0001030 seconds
376.014: Application time: 0.0710260 seconds
376.014: [GC376.014: [ParNew: 37033K->3111K(37632K), 0.0008980 secs] 110053K->76130K(121024K), 0.0009290 secs] [Times: user=0.01 sys=0.00, real=0.00 secs] 
376.015: Total time for which application threads were stopped: 0.0010610 seconds, Stopping threads took: 0.0000770 seconds
376.080: Application time: 0.0654660 seconds
376.080: [GC376.080: [ParNew: 36252K->4156K(37632K), 0.0016930 secs] 109271K->79296K(121024K), 0.0017340 secs] [Times: user=0.01 sys=0.00, real=0.00 secs] 
376.082: Total time for which application threads were stopped: 0.0019250 seconds, Stopping threads took: 0.0001300 seconds
376.151: Application time: 0.0687620 seconds
376.151: [GC376.151: [ParNew: 37122K->4154K(37632K), 0.0013490 secs] 112261K->80418K(121024K), 0.0013800 secs] [Times: user=0.01 sys=0.00, real=0.00 secs] 
376.152: Total time for which application threads were stopped: 0.0014890 seconds, Stopping threads took: 0.0000550 seconds
376.219: Application time: 0.0667780 seconds
376.219: [GC376.219: [ParNew: 36862K->4139K(37632K), 0.0011730 secs] 113125K->80434K(121024K), 0.0012030 secs] [Times: user=0.01 sys=0.00, real=0.00 secs] 
376.221: Total time for which application threads were stopped: 0.0013410 seconds, Stopping threads took: 0.0000800 seconds
376.284: Application time: 0.0630770 seconds
376.284: [GC376.284: [ParNew: 37021K->4154K(37632K), 0.0019580 secs] 113316K->83537K(121024K), 0.0019920 secs] [Times: user=0.02 sys=0.00, real=0.00 secs] 
376.286: Total time for which application threads were stopped: 0.0021220 seconds, Stopping threads took: 0.0000680 seconds
376.355: Application time: 0.0689240 seconds
376.355: [GC376.355: [ParNew: 37225K->4140K(37632K), 0.0021160 secs] 116609K->86667K(121024K), 0.0021470 secs] [Times: user=0.01 sys=0.00, real=0.00 secs] 
376.357: Total time for which application threads were stopped: 0.0023010 seconds, Stopping threads took: 0.0000960 seconds
376.427: Application time: 0.0703100 seconds
376.427: [GC376.427: [ParNew: 37058K->4119K(37632K), 0.0016980 secs]376.429: [Tenured: 84631K->13373K(85448K), 0.0089300 secs] 119586K->13373K(123080K), [Perm : 5530K->5530K(21248K)], 0.0107580 secs] [Times: user=0.02 sys=0.00, real=0.01 secs] 
376.438: Total time for which application threads were stopped: 0.0109140 seconds, Stopping threads took: 0.0000910 seconds
376.504: Application time: 0.0660780 seconds
376.507: [GC376.507: [ParNew: 32706K->4129K(37632K), 0.0015900 secs] 46079K->18526K(121024K), 0.0016290 secs] [Times: user=0.01 sys=0.00, real=0.00 secs] 
376.508: Total time for which application threads were stopped: 0.0041420 seconds, Stopping threads took: 0.0024290 seconds
376.582: Application time: 0.0733310 seconds
376.582: [GC376.582: [ParNew: 37131K->3126K(37632K), 0.0008800 secs] 51529K->17524K(121024K), 0.0009120 secs] [Times: user=0.00 sys=0.00, real=0.00 secs] 
376.583: Total time for which application threads were stopped: 0.0010580 seconds, Stopping threads took: 0.0000900 seconds
376.644: Application time: 0.0613880 seconds
376.644: [GC376.644: [ParNew: 36101K->4121K(37632K), 0.0011170 secs] 50499K->18518K(121024K), 0.0011490 secs] [Times: user=0.00 sys=0.00, real=0.00 secs] 
376.645: Total time for which application threads were stopped: 0.0012960 seconds, Stopping threads took: 0.0000900 seconds
376.710: Application time: 0.0642740 seconds
376.710: [GC376.710: [ParNew: 36857K->4114K(37632K), 0.0019540 secs] 51255K->21583K(121024K), 0.0019880 secs] [Times: user=0.01 sys=0.00, real=0.01 secs] 
376.712: Total time for which application threads were stopped: 0.0021130 seconds, Stopping threads took: 0.0000650 seconds
376.775: Application time: 0.0628260 seconds
376.775: [GC376.775: [ParNew: 36780K->4111K(37632K), 0.0017710 secs] 54250K->23628K(121024K), 0.0018040 secs] [Times: user=0.02 sys=0.00, real=0.00 secs] 
376.777: Total time for which application threads were stopped: 0.0019560 seconds, Stopping threads took: 0.0000930 seconds
376.847: Application time: 0.0702560 seconds
376.847: [GC376.847: [ParNew: 37482K->4158K(37632K), 0.0014860 secs] 57000K->24788K(121024K), 0.0015170 secs] [Times: user=0.01 sys=0.00, real=0.00 secs] 
376.849: Total time for which application threads were stopped: 0.0016710 seconds, Stopping threads took: 0.0000960 seconds
376.921: Application time: 0.0719470 seconds
376.921: [GC376.921: [ParNew: 36871K->2072K(37632K), 0.0006790 secs] 57501K->22770K(121024K), 0.0007160 secs] [Times: user=0.00 sys=0.00, real=0.00 secs] 
376.921: Total time for which application threads were stopped: 0.0008190 seconds, Stopping threads took: 0.0000470 seconds
376.995: Application time: 0.0734910 seconds
376.995: [GC376.995: [ParNew: 34825K->1044K(37632K), 0.0003800 secs] 55523K->21742K(121024K), 0.0004100 secs] [Times: user=0.00 sys=0.00, real=0.00 secs] 
376.995: Total time for which application threads were stopped: 0.0005110 seconds, Stopping threads took: 0.0000490 seconds
377.074: Application time: 0.0788620 seconds
377.074: [GC377.074: [ParNew: 34012K->4112K(37632K), 0.0011820 secs] 54709K->24809K(121024K), 0.0012130 secs] [Times: user=0.01 sys=0.00, real=0.00 secs] 
377.076: Total time for which application threads were stopped: 0.0013460 seconds, Stopping threads took: 0.0000670 seconds
377.161: Application time: 0.0858780 seconds
377.162: [GC377.162: [ParNew: 36947K->1056K(37632K), 0.0005890 secs] 57645K->21770K(121024K), 0.0006160 secs] [Times: user=0.00 sys=0.00, real=0.00 secs] 
377.162: Total time for which application threads were stopped: 0.0007220 seconds, Stopping threads took: 0.0000520 seconds
377.238: Application time: 0.0761950 seconds
377.238: [GC377.238: [ParNew: 34387K->3090K(37632K), 0.0010010 secs] 55100K->23803K(121024K), 0.0010350 secs] [Times: user=0.00 sys=0.01, real=0.01 secs] 
377.240: Total time for which application threads were stopped: 0.0011520 seconds, Stopping threads took: 0.0000570 seconds
377.320: Application time: 0.0802000 seconds
377.320: [GC377.320: [ParNew: 35755K->2066K(37632K), 0.0006820 secs] 56469K->22795K(121024K), 0.0007140 secs] [Times: user=0.00 sys=0.00, real=0.00 secs] 
377.321: Total time for which application threads were stopped: 0.0008530 seconds, Stopping threads took: 0.0000810 seconds
377.419: Application time: 0.0987880 seconds
377.419: Total time for which application threads were stopped: 0.0000520 seconds, Stopping threads took: 0.0000140 seconds
377.442: Application time: 0.0222520 seconds
377.442: Total time for which application threads were stopped: 0.0000670 seconds, Stopping threads took: 0.0000080 seconds
377.450: Application time: 0.0079300 seconds
377.450: Total time for which application threads were stopped: 0.0000370 seconds, Stopping threads took: 0.0000050 seconds
377.592: Application time: 0.1422230 seconds
377.592: Total time for which application threads were stopped: 0.0000970 seconds, Stopping threads took: 0.0000120 seconds
377.695: Application time: 0.1028550 seconds
377.695: [GC377.695: [ParNew: 35538K->4159K(37632K), 0.0031620 secs] 56267K->26998K(121024K), 0.0031980 secs] [Times: user=0.03 sys=0.00, real=0.00 secs] 
377.698: Total time for which application threads were stopped: 0.0032690 seconds, Stopping threads took: 0.0000130 seconds
377.698: Application time: 0.0000880 seconds
377.698: Total time for which application threads were stopped: 0.0000430 seconds, Stopping threads took: 0.0000250 seconds
377.698: Application time: 0.0000490 seconds
377.698: Total time for which application threads were stopped: 0.0000320 seconds, Stopping threads took: 0.0000230 seconds
377.698: Application time: 0.0000460 seconds
377.698: Total time for which application threads were stopped: 0.0000250 seconds, Stopping threads took: 0.0000170 seconds
377.698: Application time: 0.0000160 seconds
377.698: Total time for which application threads were stopped: 0.0000220 seconds, Stopping threads took: 0.0000160 seconds
377.699: Application time: 0.0000130 seconds
377.699: Total time for which application threads were stopped: 0.0000190 seconds, Stopping threads took: 0.0000130 seconds
377.699: Application time: 0.0000130 seconds
377.699: Total time for which application threads were stopped: 0.0000180 seconds, Stopping threads took: 0.0000110 seconds
377.699: Application time: 0.0000130 seconds
377.699: Total time for which application threads were stopped: 0.0000250 seconds, Stopping threads took: 0.0000100 seconds
377.699: Application time: 0.0000130 seconds
377.699: Total time for which application threads were stopped: 0.0000120 seconds, Stopping threads took: 0.0000060 seconds
377.699: Application time: 0.0000130 seconds
377.699: Total time for which application threads were stopped: 0.0000160 seconds, Stopping threads took: 0.0000110 seconds
377.699: Application time: 0.0000120 seconds
377.699: Total time for which application threads were stopped: 0.0000190 seconds, Stopping threads took: 0.0000140 seconds
377.699: Application time: 0.0000130 seconds
377.699: Total time for which application threads were stopped: 0.0000160 seconds, Stopping threads took: 0.0000110 seconds
377.699: Application time: 0.0000130 seconds
377.699: Total time for which application threads were stopped: 0.0000190 seconds, Stopping threads took: 0.0000130 seconds
377.699: Application time: 0.0000130 seconds
377.699: Total time for which application threads were stopped: 0.0000210 seconds, Stopping threads took: 0.0000160 seconds
377.699: Application time: 0.0000120 seconds
377.699: Total time for which application threads were stopped: 0.0000180 seconds, Stopping threads took: 0.0000130 seconds
377.699: Application time: 0.0000130 seconds
377.699: Total time for which application threads were stopped: 0.0000210 seconds, Stopping threads took: 0.0000150 seconds
377.699: Application time: 0.0000110 seconds
377.699: Total time for which application threads were stopped: 0.0000180 seconds, Stopping threads took: 0.0000130 seconds
377.699: Application time: 0.0000130 seconds
377.699: Total time for which application threads were stopped: 0.0000730 seconds, Stopping threads took: 0.0000680 seconds
377.699: Application time: 0.0000200 seconds
377.699: Total time for which application threads were stopped: 0.0000210 seconds, Stopping threads took: 0.0000160 seconds
377.699: Application time: 0.0000110 seconds
377.699: Total time for which application threads were stopped: 0.0000220 seconds, Stopping threads took: 0.0000170 seconds
377.699: Application time: 0.0000120 seconds
377.699: Total time for which application threads were stopped: 0.0000250 seconds, Stopping threads took: 0.0000120 seconds
377.699: Application time: 0.0000130 seconds
377.699: Total time for which application threads were stopped: 0.0000180 seconds, Stopping threads took: 0.0000120 seconds
377.699: Application time: 0.0000120 seconds
377.699: Total time for which application threads were stopped: 0.0000140 seconds, Stopping threads took: 0.0000090 seconds
377.699: Application time: 0.0000120 seconds
377.699: Total time for which application threads were stopped: 0.0000180 seconds, Stopping threads took: 0.0000130 seconds
377.699: Application time: 0.0000120 seconds
377.699: Total time for which application threads were stopped: 0.0000140 seconds, Stopping threads took: 0.0000090 seconds
377.699: Application time: 0.0000120 seconds
377.699: Total time for which application threads were stopped: 0.0000150 seconds, Stopping threads took: 0.0000100 seconds
377.699: Application time: 0.0000110 seconds
377.699: Total time for which application threads were stopped: 0.0000140 seconds, Stopping threads took: 0.0000090 seconds
377.699: Application time: 0.0000110 seconds
377.699: Total time for which application threads were stopped: 0.0000220 seconds, Stopping threads took: 0.0000170 seconds
377.699: Application time: 0.0000110 seconds
377.699: Total time for which application threads were stopped: 0.0000210 seconds, Stopping threads took: 0.0000160 seconds
377.699: Application time: 0.0000100 seconds
377.699: Total time for which application threads were stopped: 0.0000140 seconds, Stopping threads took: 0.0000090 seconds
377.699: Application time: 0.0000110 seconds
377.699: Total time for which application threads were stopped: 0.0000140 seconds, Stopping threads took: 0.0000090 seconds
377.699: Application time: 0.0000110 seconds
377.699: Total time for which application threads were stopped: 0.0000140 seconds, Stopping threads took: 0.0000100 seconds
377.699: Application time: 0.0000090 seconds
377.699: Total time for which application threads were stopped: 0.0000130 seconds, Stopping threads took: 0.0000080 seconds
377.699: Application time: 0.0000100 seconds
377.699: Total time for which application threads were stopped: 0.0000150 seconds, Stopping threads took: 0.0000100 seconds
377.699: Application time: 0.0000090 seconds
377.699: Total time for which application threads were stopped: 0.0000170 seconds, Stopping threads took: 0.0000130 seconds
377.699: Application time: 0.0000100 seconds
377.699: Total time for which application threads were stopped: 0.0000080 seconds, Stopping threads took: 0.0000040 seconds
377.700: Application time: 0.0000100 seconds
377.700: Total time for which application threads were stopped: 0.0000140 seconds, Stopping threads took: 0.0000090 seconds
377.700: Application time: 0.0000100 seconds
377.700: Total time for which application threads were stopped: 0.0000090 seconds, Stopping threads took: 0.0000050 seconds
377.700: Application time: 0.0000100 seconds
377.700: Total time for which application threads were stopped: 0.0000140 seconds, Stopping threads took: 0.0000090 seconds
377.700: Application time: 0.0000100 seconds
377.700: Total time for which application threads were stopped: 0.0000080 seconds, Stopping threads took: 0.0000040 seconds
377.700: Application time: 0.0000100 seconds
377.700: Total time for which application threads were stopped: 0.0000230 seconds, Stopping threads took: 0.0000100 seconds
377.700: Application time: 0.0001140 seconds
377.700: Total time for which application threads were stopped: 0.0000150 seconds, Stopping threads took: 0.0000050 seconds
377.700: Application time: 0.0000210 seconds
377.700: Total time for which application threads were stopped: 0.0000190 seconds, Stopping threads took: 0.0000110 seconds
378.286: Application time: 0.5860820 seconds
378.286: Total time for which application threads were stopped: 0.0000860 seconds, Stopping threads took: 0.0000140 seconds
378.288: Application time: 0.0019360 seconds
378.288: Total time for which application threads were stopped: 0.0000210 seconds, Stopping threads took: 0.0000100 seconds
378.288: Application time: 0.0000200 seconds
378.288: [GC378.288: [ParNew: 37631K->1629K(37632K), 0.0018390 secs] 60470K->26264K(121024K), 0.0018760 secs] [Times: user=0.02 sys=0.00, real=0.00 secs] 
378.290: Total time for which application threads were stopped: 0.0019350 seconds, Stopping threads took: 0.0000060 seconds
378.290: Application time: 0.0000770 seconds
378.290: Total time for which application threads were stopped: 0.0000570 seconds, Stopping threads took: 0.0000400 seconds
378.290: Application time: 0.0000620 seconds
378.290: Total time for which application threads were stopped: 0.0000310 seconds, Stopping threads took: 0.0000230 seconds
378.290: Application time: 0.0000130 seconds
378.290: Total time for which application threads were stopped: 0.0000210 seconds, Stopping threads took: 0.0000150 seconds
378.290: Application time: 0.0000140 seconds
378.290: Total time for which application threads were stopped: 0.0000260 seconds, Stopping threads took: 0.0000200 seconds
378.290: Application time: 0.0000110 seconds
378.290: Total time for which application threads were stopped: 0.0000250 seconds, Stopping threads took: 0.0000190 seconds
378.290: Application time: 0.0000110 seconds
378.290: Total time for which application threads were stopped: 0.0000230 seconds, Stopping threads took: 0.0000160 seconds
378.290: Application time: 0.0000110 seconds
378.290: Total time for which application threads were stopped: 0.0000260 seconds, Stopping threads took: 0.0000180 seconds
378.290: Application time: 0.0000160 seconds
378.290: Total time for which application threads were stopped: 0.0000290 seconds, Stopping threads took: 0.0000230 seconds
Heap
 par new generation   total 37632K, used 1931K [0x0000000080c00000, 0x00000000834d0000, 0x00000000a9750000)
  eden space 33472K,   0% used [0x0000000080c00000, 0x0000000080c4b598, 0x0000000082cb0000)
378.290  from:  space 4160K,  39% usedApplication time: 0.0000190 seconds
 [0x0000000082cb0000, 0x0000000082e477d8, 0x00000000830c0000)
  to   space 4160K,   0% used [0x00000000830c0000, 0x00000000830c0000, 0x00000000834d0000)
 tenured generation   total 83392K, used 24634K [0x00000000a9750000, 0x00000000ae8c0000, 0x00000000fae00000)
   the space 83392K,  29% used [0x00000000a9750000, 0x00000000aaf5e8c8, 0x00000000aaf5ea00, 0x00000000ae8c0000)
 compacting perm gen  total 21248K, used 13249K [0x00000000fae00000, 0x00000000fc2c0000, 0x0000000100000000)
   the space 21248K,  62% used [0x00000000fae00000, 0x00000000fbaf0730, 0x00000000fbaf0800, 0x00000000fc2c0000)
No shared spaces configured.
378.290: Total time for which application threads were stopped: 0.0000300 seconds, Stopping threads took: 0.0000250 seconds
378.290: Application time: 0.0000100 seconds
