Java HotSpot(TM) 64-Bit Server VM (24.80-b11) for linux-amd64 JRE (1.7.0_80-b15), built on Apr 10 2015 19:53:14 by "java_re" with gcc 4.3.0 20080428 (Red Hat 4.3.0-8)
Memory: 4k page, physical 8000092k(6303984k free), swap 8218620k(8218620k free)
CommandLine flags: -XX:InitialHeapSize=128001472 -XX:MaxHeapSize=2048023552 -XX:+PrintGC -XX:+PrintGCApplicationConcurrentTime -XX:+PrintGCApplicationStoppedTime -XX:+PrintGCDetails -XX:+PrintGCTimeStamps -XX:+UseCompressedOops -XX:+UseParallelGC 
1.007: Application time: 0.9868840 seconds
1.007: Total time for which application threads were stopped: 0.0000400 seconds, Stopping threads took: 0.0000110 seconds
4.025: Application time: 3.0184930 seconds
4.025: Total time for which application threads were stopped: 0.0000650 seconds, Stopping threads took: 0.0000110 seconds
14.922: Application time: 10.8970800 seconds
14.922: Total time for which application threads were stopped: 0.0000230 seconds, Stopping threads took: 0.0000080 seconds
14.922: Application time: 0.0000390 seconds
14.922: Total time for which application threads were stopped: 0.0000110 seconds, Stopping threads took: 0.0000050 seconds
14.924: Application time: 0.0014890 seconds
14.924: Total time for which application threads were stopped: 0.0000110 seconds, Stopping threads took: 0.0000050 seconds
14.944: Application time: 0.0199960 seconds
14.944: Total time for which application threads were stopped: 0.0000370 seconds, Stopping threads took: 0.0000090 seconds
14.956: Application time: 0.0122080 seconds
14.956: [GC [PSYoungGen: 10773K->3314K(36864K)] 10773K->3322K(119808K), 0.0024170 secs] [Times: user=0.01 sys=0.00, real=0.00 secs] 
14.959: [Full GC [PSYoungGen: 3314K->0K(36864K)] [ParOldGen: 8K->3145K(82944K)] 3322K->3145K(119808K) [PSPermGen: 5076K->5074K(21504K)], 0.0108620 secs] [Times: user=0.04 sys=0.00, real=0.01 secs] 
14.970: Total time for which application threads were stopped: 0.0133930 seconds, Stopping threads took: 0.0000050 seconds
14.970: Application time: 0.0000660 seconds
14.970: [GC [PSYoungGen: 0K->0K(36864K)] 3145K->3145K(119808K), 0.0002820 secs] [Times: user=0.00 sys=0.00, real=0.00 secs] 
14.970: [Full GC [PSYoungGen: 0K->0K(36864K)] [ParOldGen: 3145K->3145K(82944K)] 3145K->3145K(119808K) [PSPermGen: 5074K->5074K(21504K)], 0.0041620 secs] [Times: user=0.02 sys=0.00, real=0.01 secs] 
14.974: Total time for which application threads were stopped: 0.0045460 seconds, Stopping threads took: 0.0000180 seconds
14.974: Application time: 0.0001160 seconds
14.974: Total time for which application threads were stopped: 0.0000250 seconds, Stopping threads took: 0.0000150 seconds
14.974: Application time: 0.0000140 seconds
14.974: Total time for which application threads were stopped: 0.0000200 seconds, Stopping threads took: 0.0000150 seconds
14.974: Application time: 0.0000110 seconds
14.974: Total time for which application threads were stopped: 0.0000160 seconds, Stopping threads took: 0.0000120 seconds
14.974: Application time: 0.0000110 seconds
14.974: Total time for which application threads were stopped: 0.0000210 seconds, Stopping threads took: 0.0000160 seconds
14.974: Application time: 0.0000110 seconds
14.974: Total time for which application threads were stopped: 0.0000200 seconds, Stopping threads took: 0.0000150 seconds
14.975: Application time: 0.0000110 seconds
14.975: Total time for which application threads were stopped: 0.0000160 seconds, Stopping threads took: 0.0000120 seconds
14.975: Application time: 0.0000160 seconds
14.975: Total time for which application threads were stopped: 0.0000130 seconds, Stopping threads took: 0.0000090 seconds
14.975: Application time: 0.0000150 seconds
14.975: Total time for which application threads were stopped: 0.0000170 seconds, Stopping threads took: 0.0000130 seconds
14.975: Application time: 0.0000140 seconds
14.975: Total time for which application threads were stopped: 0.0000170 seconds, Stopping threads took: 0.0000130 seconds
14.975: Application time: 0.0000100 seconds
14.975: Total time for which application threads were stopped: 0.0000140 seconds, Stopping threads took: 0.0000090 seconds
14.975: Application time: 0.0000110 seconds
14.975: Total time for which application threads were stopped: 0.0000160 seconds, Stopping threads took: 0.0000120 seconds
14.975: Application time: 0.0000100 seconds
14.975: Total time for which application threads were stopped: 0.0000160 seconds, Stopping threads took: 0.0000120 seconds
14.975: Application time: 0.0000100 seconds
14.975: Total time for which application threads were stopped: 0.0000140 seconds, Stopping threads took: 0.0000100 seconds
14.975: Application time: 0.0000110 seconds
14.975: Total time for which application threads were stopped: 0.0000160 seconds, Stopping threads took: 0.0000120 seconds
14.975: Application time: 0.0000120 seconds
14.975: Total time for which application threads were stopped: 0.0000130 seconds, Stopping threads took: 0.0000090 seconds
14.975: Application time: 0.0000140 seconds
14.975: Total time for which application threads were stopped: 0.0000130 seconds, Stopping threads took: 0.0000090 seconds
14.975: Application time: 0.0000150 seconds
14.975: Total time for which application threads were stopped: 0.0000130 seconds, Stopping threads took: 0.0000090 seconds
14.975: Application time: 0.0000140 seconds
14.975: Total time for which application threads were stopped: 0.0000130 seconds, Stopping threads took: 0.0000090 seconds
14.975: Application time: 0.0000200 seconds
14.975: Total time for which application threads were stopped: 0.0000190 seconds, Stopping threads took: 0.0000150 seconds
14.975: Application time: 0.0000140 seconds
14.975: Total time for which application threads were stopped: 0.0000220 seconds, Stopping threads took: 0.0000110 seconds
14.975: Application time: 0.0000150 seconds
14.975: Total time for which application threads were stopped: 0.0000110 seconds, Stopping threads took: 0.0000080 seconds
14.975: Application time: 0.0000120 seconds
14.975: Total time for which application threads were stopped: 0.0000070 seconds, Stopping threads took: 0.0000040 seconds
14.975: Application time: 0.0000110 seconds
14.975: Total time for which application threads were stopped: 0.0000160 seconds, Stopping threads took: 0.0000120 seconds
14.975: Application time: 0.0000110 seconds
14.975: Total time for which application threads were stopped: 0.0000160 seconds, Stopping threads took: 0.0000120 seconds
14.975: Application time: 0.0000120 seconds
14.975: Total time for which application threads were stopped: 0.0000140 seconds, Stopping threads took: 0.0000090 seconds
14.975: Application time: 0.0000120 seconds
14.975: Total time for which application threads were stopped: 0.0000220 seconds, Stopping threads took: 0.0000180 seconds
14.975: Application time: 0.0000110 seconds
14.975: Total time for which application threads were stopped: 0.0000100 seconds, Stopping threads took: 0.0000050 seconds
14.975: Application time: 0.0000120 seconds
14.975: Total time for which application threads were stopped: 0.0000180 seconds, Stopping threads took: 0.0000140 seconds
14.975: Application time: 0.0000120 seconds
14.975: Total time for which application threads were stopped: 0.0000140 seconds, Stopping threads took: 0.0000100 seconds
14.975: Application time: 0.0000110 seconds
14.975: Total time for which application threads were stopped: 0.0000150 seconds, Stopping threads took: 0.0000110 seconds
14.975: Application time: 0.0000100 seconds
14.975: Total time for which application threads were stopped: 0.0000130 seconds, Stopping threads took: 0.0000090 seconds
14.975: Application time: 0.0000110 seconds
14.975: Total time for which application threads were stopped: 0.0000080 seconds, Stopping threads took: 0.0000050 seconds
14.975: Application time: 0.0000100 seconds
14.975: Total time for which application threads were stopped: 0.0000150 seconds, Stopping threads took: 0.0000110 seconds
14.975: Application time: 0.0000110 seconds
14.975: Total time for which application threads were stopped: 0.0000090 seconds, Stopping threads took: 0.0000070 seconds
14.975: Application time: 0.0000110 seconds
14.975: Total time for which application threads were stopped: 0.0000070 seconds, Stopping threads took: 0.0000050 seconds
14.976: Application time: 0.0004140 seconds
14.976: Total time for which application threads were stopped: 0.0000180 seconds, Stopping threads took: 0.0000140 seconds
14.977: Application time: 0.0012760 seconds
14.977: Total time for which application threads were stopped: 0.0000300 seconds, Stopping threads took: 0.0000230 seconds
14.977: Application time: 0.0000700 seconds
14.977: Total time for which application threads were stopped: 0.0000510 seconds, Stopping threads took: 0.0000410 seconds
14.978: Application time: 0.0005020 seconds
14.978: Total time for which application threads were stopped: 0.0000300 seconds, Stopping threads took: 0.0000200 seconds
14.983: Application time: 0.0049790 seconds
14.983: Total time for which application threads were stopped: 0.0000540 seconds, Stopping threads took: 0.0000370 seconds
14.984: Application time: 0.0010220 seconds
14.984: Total time for which application threads were stopped: 0.0000410 seconds, Stopping threads took: 0.0000270 seconds
14.984: Application time: 0.0003310 seconds
14.984: Total time for which application threads were stopped: 0.0000760 seconds, Stopping threads took: 0.0000650 seconds
14.984: Application time: 0.0000470 seconds
14.984: Total time for which application threads were stopped: 0.0000570 seconds, Stopping threads took: 0.0000470 seconds
14.984: Application time: 0.0001210 seconds
14.984: Total time for which application threads were stopped: 0.0000180 seconds, Stopping threads took: 0.0000070 seconds
14.985: Application time: 0.0001360 seconds
14.985: Total time for which application threads were stopped: 0.0000090 seconds, Stopping threads took: 0.0000030 seconds
14.988: Application time: 0.0035910 seconds
14.988: Total time for which application threads were stopped: 0.0001010 seconds, Stopping threads took: 0.0000510 seconds
14.989: Application time: 0.0004760 seconds
14.989: Total time for which application threads were stopped: 0.0000800 seconds, Stopping threads took: 0.0000650 seconds
14.991: Application time: 0.0016230 seconds
14.991: Total time for which application threads were stopped: 0.0000410 seconds, Stopping threads took: 0.0000290 seconds
14.991: Application time: 0.0000300 seconds
14.991: Total time for which application threads were stopped: 0.0000410 seconds, Stopping threads took: 0.0000280 seconds
14.991: Application time: 0.0006390 seconds
14.991: Total time for which application threads were stopped: 0.0000460 seconds, Stopping threads took: 0.0000270 seconds
14.998: Application time: 0.0062400 seconds
14.998: Total time for which application threads were stopped: 0.0000610 seconds, Stopping threads took: 0.0000230 seconds
14.998: Application time: 0.0001100 seconds
14.998: Total time for which application threads were stopped: 0.0000920 seconds, Stopping threads took: 0.0000750 seconds
14.998: Application time: 0.0000510 seconds
14.998: Total time for which application threads were stopped: 0.0000180 seconds, Stopping threads took: 0.0000080 seconds
14.998: Application time: 0.0000500 seconds
14.998: Total time for which application threads were stopped: 0.0000940 seconds, Stopping threads took: 0.0000820 seconds
14.999: Application time: 0.0009730 seconds
14.999: Total time for which application threads were stopped: 0.0000420 seconds, Stopping threads took: 0.0000330 seconds
15.000: Application time: 0.0005930 seconds
15.000: Total time for which application threads were stopped: 0.0000470 seconds, Stopping threads took: 0.0000320 seconds
15.000: Application time: 0.0001970 seconds
15.000: Total time for which application threads were stopped: 0.0000510 seconds, Stopping threads took: 0.0000380 seconds
15.003: Application time: 0.0031450 seconds
15.003: Total time for which application threads were stopped: 0.0001080 seconds, Stopping threads took: 0.0000210 seconds
15.447: Application time: 0.4436270 seconds
15.448: [GC [PSYoungGen: 31741K->2505K(36864K)] 34886K->5658K(119808K), 0.0014520 secs] [Times: user=0.00 sys=0.00, real=0.00 secs] 
15.449: Total time for which application threads were stopped: 0.0025910 seconds, Stopping threads took: 0.0010170 seconds
15.450: Application time: 0.0001530 seconds
15.450: Total time for which application threads were stopped: 0.0000530 seconds, Stopping threads took: 0.0000330 seconds
15.450: Application time: 0.0000220 seconds
15.450: Total time for which application threads were stopped: 0.0000370 seconds, Stopping threads took: 0.0000260 seconds
15.450: Application time: 0.0000140 seconds
15.450: Total time for which application threads were stopped: 0.0000270 seconds, Stopping threads took: 0.0000200 seconds
15.450: Application time: 0.0000120 seconds
15.450: Total time for which application threads were stopped: 0.0000230 seconds, Stopping threads took: 0.0000170 seconds
15.450: Application time: 0.0000110 seconds
15.450: Total time for which application threads were stopped: 0.0000860 seconds, Stopping threads took: 0.0000190 seconds
15.632: Application time: 0.1825300 seconds
15.635: [GC [PSYoungGen: 34247K->2144K(36864K)] 37401K->5297K(119808K), 0.0009560 secs] [Times: user=0.01 sys=0.00, real=0.00 secs] 
15.636: Total time for which application threads were stopped: 0.0037900 seconds, Stopping threads took: 0.0027580 seconds
15.648: Application time: 0.0116640 seconds
15.652: Total time for which application threads were stopped: 0.0039980 seconds, Stopping threads took: 0.0039630 seconds
15.656: Application time: 0.0039160 seconds
15.658: Total time for which application threads were stopped: 0.0023100 seconds, Stopping threads took: 0.0022750 seconds
15.658: Application time: 0.0000400 seconds
15.658: Total time for which application threads were stopped: 0.0001440 seconds, Stopping threads took: 0.0001210 seconds
15.658: Application time: 0.0000240 seconds
15.660: Total time for which application threads were stopped: 0.0015060 seconds, Stopping threads took: 0.0014870 seconds
15.662: Application time: 0.0023200 seconds
15.663: Total time for which application threads were stopped: 0.0006960 seconds, Stopping threads took: 0.0006690 seconds
15.663: Application time: 0.0000300 seconds
15.663: Total time for which application threads were stopped: 0.0000630 seconds, Stopping threads took: 0.0000400 seconds
15.663: Application time: 0.0000270 seconds
15.663: Total time for which application threads were stopped: 0.0000520 seconds, Stopping threads took: 0.0000380 seconds
15.664: Application time: 0.0007710 seconds
15.664: Total time for which application threads were stopped: 0.0000580 seconds, Stopping threads took: 0.0000410 seconds
15.823: Application time: 0.1594410 seconds
15.824: [GC [PSYoungGen: 33885K->2176K(36864K)] 37039K->5329K(119808K), 0.0012440 secs] [Times: user=0.00 sys=0.01, real=0.00 secs] 
15.825: Total time for which application threads were stopped: 0.0018880 seconds, Stopping threads took: 0.0005400 seconds
16.004: Application time: 0.1784950 seconds
16.004: [GC [PSYoungGen: 33919K->2192K(36864K)] 37073K->5345K(119808K), 0.0009330 secs] [Times: user=0.00 sys=0.00, real=0.00 secs] 
16.005: Total time for which application threads were stopped: 0.0011040 seconds, Stopping threads took: 0.0000760 seconds
16.440: Application time: 0.4356180 seconds
16.441: [GC [PSYoungGen: 33934K->1968K(33280K)] 37088K->5121K(116224K), 0.0010300 secs] [Times: user=0.00 sys=0.00, real=0.00 secs] 
16.442: Total time for which application threads were stopped: 0.0012130 seconds, Stopping threads took: 0.0000900 seconds
16.583: Application time: 0.1410230 seconds
16.583: [GC [PSYoungGen: 33200K->2208K(33792K)] 36353K->5401K(116736K), 0.0008280 secs] [Times: user=0.00 sys=0.00, real=0.00 secs] 
16.584: Total time for which application threads were stopped: 0.0009680 seconds, Stopping threads took: 0.0000650 seconds
16.721: Application time: 0.1371840 seconds
16.721: [GC [PSYoungGen: 32924K->1184K(31744K)] 36117K->5286K(114688K), 0.0008220 secs] [Times: user=0.00 sys=0.00, real=0.00 secs] 
16.722: Total time for which application threads were stopped: 0.0009690 seconds, Stopping threads took: 0.0000800 seconds
16.856: Application time: 0.1344230 seconds
16.856: [GC [PSYoungGen: 31390K->448K(32768K)] 35492K->5353K(115712K), 0.0005420 secs] [Times: user=0.01 sys=0.00, real=0.00 secs] 
16.857: Total time for which application threads were stopped: 0.0006680 seconds, Stopping threads took: 0.0000610 seconds
16.989: Application time: 0.1325860 seconds
16.990: [GC [PSYoungGen: 30144K->32K(29696K)] 35049K->5362K(112640K), 0.0004160 secs] [Times: user=0.00 sys=0.00, real=0.00 secs] 
16.990: Total time for which application threads were stopped: 0.0005400 seconds, Stopping threads took: 0.0000590 seconds
17.119: Application time: 0.1292610 seconds
17.119: Total time for which application threads were stopped: 0.0000880 seconds, Stopping threads took: 0.0000550 seconds
17.119: Application time: 0.0000370 seconds
17.119: [GC [PSYoungGen: 29216K->352K(31744K)] 34555K->5691K(114688K), 0.0004090 secs] [Times: user=0.00 sys=0.00, real=0.00 secs] 
17.120: Total time for which application threads were stopped: 0.0004940 seconds, Stopping threads took: 0.0000350 seconds
17.221: Application time: 0.1015720 seconds
17.222: [GC [PSYoungGen: 29023K->512K(29184K)] 34642K->6147K(112128K), 0.0004580 secs] [Times: user=0.00 sys=0.00, real=0.00 secs] 
17.222: Total time for which application threads were stopped: 0.0005750 seconds, Stopping threads took: 0.0000530 seconds
17.341: Application time: 0.1186350 seconds
17.341: [GC [PSYoungGen: 28671K->512K(30720K)] 34306K->6163K(113664K), 0.0005040 secs] [Times: user=0.00 sys=0.00, real=0.00 secs] 
17.341: Total time for which application threads were stopped: 0.0006300 seconds, Stopping threads took: 0.0000620 seconds
17.435: Application time: 0.0937800 seconds
17.435: [GC [PSYoungGen: 28156K->576K(28160K)] 33807K->6639K(111104K), 0.0005740 secs] [Times: user=0.00 sys=0.00, real=0.00 secs] 
17.436: Total time for which application threads were stopped: 0.0007130 seconds, Stopping threads took: 0.0000690 seconds
17.520: Application time: 0.0837550 seconds
17.520: Total time for which application threads were stopped: 0.0000590 seconds, Stopping threads took: 0.0000350 seconds
17.520: Application time: 0.0000180 seconds
17.520: [GC [PSYoungGen: 27710K->1024K(29696K)] 33778K->7148K(112640K), 0.0005430 secs] [Times: user=0.01 sys=0.00, real=0.00 secs] 
17.520: Total time for which application threads were stopped: 0.0006170 seconds, Stopping threads took: 0.0000250 seconds
17.614: Application time: 0.0937680 seconds
17.614: [GC [PSYoungGen: 27647K->896K(27136K)] 34055K->7589K(110080K), 0.0006050 secs] [Times: user=0.01 sys=0.00, real=0.00 secs] 
17.615: Total time for which application threads were stopped: 0.0007320 seconds, Stopping threads took: 0.0000670 seconds
17.705: Application time: 0.0904160 seconds
17.705: [GC [PSYoungGen: 27008K->768K(28160K)] 33701K->8142K(111104K), 0.0006380 secs] [Times: user=0.00 sys=0.00, real=0.00 secs] 
17.706: Total time for which application threads were stopped: 0.0007820 seconds, Stopping threads took: 0.0000660 seconds
17.794: Application time: 0.0882350 seconds
17.794: [GC [PSYoungGen: 26366K->736K(26112K)] 33740K->8575K(109056K), 0.0005900 secs] [Times: user=0.00 sys=0.00, real=0.00 secs] 
17.795: Total time for which application threads were stopped: 0.0007090 seconds, Stopping threads took: 0.0000580 seconds
17.899: Application time: 0.1039570 seconds
17.899: [GC [PSYoungGen: 25819K->704K(27136K)] 33658K->8987K(110080K), 0.0005200 secs] [Times: user=0.00 sys=0.00, real=0.00 secs] 
17.900: Total time for which application threads were stopped: 0.0006560 seconds, Stopping threads took: 0.0000710 seconds
18.006: Application time: 0.1065580 seconds
18.006: [GC [PSYoungGen: 25279K->288K(24576K)] 33563K->9313K(107520K), 0.0004900 secs] [Times: user=0.01 sys=0.00, real=0.00 secs] 
18.007: Total time for which application threads were stopped: 0.0006180 seconds, Stopping threads took: 0.0000670 seconds
18.111: Application time: 0.1042610 seconds
18.111: [GC [PSYoungGen: 24350K->416K(26112K)] 33375K->9669K(109056K), 0.0004390 secs] [Times: user=0.00 sys=0.00, real=0.00 secs] 
18.112: Total time for which application threads were stopped: 0.0005780 seconds, Stopping threads took: 0.0000680 seconds
18.215: Application time: 0.1033600 seconds
18.215: [GC [PSYoungGen: 23963K->352K(24064K)] 33217K->9818K(107008K), 0.0004460 secs] [Times: user=0.00 sys=0.00, real=0.00 secs] 
18.215: Total time for which application threads were stopped: 0.0005730 seconds, Stopping threads took: 0.0000500 seconds
18.320: Application time: 0.1043090 seconds
18.320: [GC [PSYoungGen: 23901K->0K(26112K)] 33368K->9695K(109056K), 0.0003880 secs] [Times: user=0.00 sys=0.00, real=0.00 secs] 
18.320: Total time for which application threads were stopped: 0.0005070 seconds, Stopping threads took: 0.0000570 seconds
18.425: Application time: 0.1043650 seconds
18.425: [GC [PSYoungGen: 23549K->0K(26112K)] 33244K->9695K(109056K), 0.0003630 secs] [Times: user=0.00 sys=0.00, real=0.00 secs] 
18.425: Total time for which application threads were stopped: 0.0004820 seconds, Stopping threads took: 0.0000600 seconds
18.530: Application time: 0.1046960 seconds
18.530: [GC [PSYoungGen: 23551K->0K(26112K)] 33246K->9695K(109056K), 0.0003480 secs] [Times: user=0.00 sys=0.00, real=0.00 secs] 
18.530: Total time for which application threads were stopped: 0.0004710 seconds, Stopping threads took: 0.0000620 seconds
18.635: Application time: 0.1049060 seconds
18.635: [GC [PSYoungGen: 23548K->0K(26112K)] 33243K->9695K(109056K), 0.0003320 secs] [Times: user=0.00 sys=0.00, real=0.00 secs] 
18.636: Total time for which application threads were stopped: 0.0004680 seconds, Stopping threads took: 0.0000720 seconds
18.740: Application time: 0.1047000 seconds
18.741: [GC [PSYoungGen: 23548K->0K(26112K)] 33243K->9695K(109056K), 0.0003520 secs] [Times: user=0.01 sys=0.00, real=0.00 secs] 
18.741: Total time for which application threads were stopped: 0.0004980 seconds, Stopping threads took: 0.0000700 seconds
18.835: Application time: 0.0943720 seconds
18.835: [GC [PSYoungGen: 23550K->416K(26112K)] 33245K->10111K(109056K), 0.0003710 secs] [Times: user=0.00 sys=0.00, real=0.00 secs] 
18.836: Total time for which application threads were stopped: 0.0005120 seconds, Stopping threads took: 0.0000740 seconds
18.920: Application time: 0.0845690 seconds
18.920: [GC [PSYoungGen: 23967K->576K(25088K)] 33662K->10287K(108032K), 0.0005200 secs] [Times: user=0.00 sys=0.00, real=0.00 secs] 
18.921: Total time for which application threads were stopped: 0.0006260 seconds, Stopping threads took: 0.0000430 seconds
19.012: Application time: 0.0908110 seconds
19.012: [GC [PSYoungGen: 24124K->544K(25600K)] 33835K->10271K(108544K), 0.0004150 secs] [Times: user=0.00 sys=0.00, real=0.00 secs] 
19.012: Total time for which application threads were stopped: 0.0005400 seconds, Stopping threads took: 0.0000640 seconds
19.096: Application time: 0.0838300 seconds
19.096: [GC [PSYoungGen: 24095K->384K(25600K)] 33822K->10520K(108544K), 0.0004210 secs] [Times: user=0.00 sys=0.00, real=0.00 secs] 
19.097: Total time for which application threads were stopped: 0.0005700 seconds, Stopping threads took: 0.0000860 seconds
19.185: Application time: 0.0884410 seconds
19.185: Total time for which application threads were stopped: 0.0000830 seconds, Stopping threads took: 0.0000590 seconds
19.185: Application time: 0.0000440 seconds
19.185: [GC [PSYoungGen: 23897K->688K(25600K)] 34161K->10960K(108544K), 0.0004390 secs] [Times: user=0.00 sys=0.00, real=0.00 secs] 
19.186: Total time for which application threads were stopped: 0.0005250 seconds, Stopping threads took: 0.0000370 seconds
19.248: Application time: 0.0620920 seconds
19.248: [GC [PSYoungGen: 24239K->992K(25600K)] 34795K->11836K(108544K), 0.0005220 secs] [Times: user=0.00 sys=0.00, real=0.00 secs] 
19.249: Total time for which application threads were stopped: 0.0006510 seconds, Stopping threads took: 0.0000570 seconds
19.335: Application time: 0.0866720 seconds
19.335: [GC [PSYoungGen: 24541K->1376K(25600K)] 35386K->12300K(108544K), 0.0005870 secs] [Times: user=0.00 sys=0.00, real=0.00 secs] 
19.336: Total time for which application threads were stopped: 0.0007070 seconds, Stopping threads took: 0.0000510 seconds
19.421: Application time: 0.0853890 seconds
19.421: [GC [PSYoungGen: 24923K->320K(25600K)] 35848K->12314K(108544K), 0.0005440 secs] [Times: user=0.00 sys=0.00, real=0.00 secs] 
19.422: Total time for which application threads were stopped: 0.0006790 seconds, Stopping threads took: 0.0000720 seconds
19.504: Application time: 0.0814890 seconds
19.504: [GC [PSYoungGen: 23869K->768K(25600K)] 35864K->12810K(108544K), 0.0007220 secs] [Times: user=0.00 sys=0.00, real=0.01 secs] 
19.504: Total time for which application threads were stopped: 0.0008320 seconds, Stopping threads took: 0.0000540 seconds
19.605: Application time: 0.1002190 seconds
19.605: [GC [PSYoungGen: 24316K->576K(25600K)] 36358K->13074K(108544K), 0.0004720 secs] [Times: user=0.00 sys=0.00, real=0.00 secs] 
19.605: Total time for which application threads were stopped: 0.0006360 seconds, Stopping threads took: 0.0000980 seconds
19.706: Application time: 0.1006940 seconds
19.706: [GC [PSYoungGen: 24127K->512K(25600K)] 36626K->13563K(108544K), 0.0004830 secs] [Times: user=0.00 sys=0.00, real=0.00 secs] 
19.707: Total time for which application threads were stopped: 0.0006040 seconds, Stopping threads took: 0.0000610 seconds
19.809: Application time: 0.1026700 seconds
19.809: [GC [PSYoungGen: 24063K->384K(24576K)] 37114K->13844K(107520K), 0.0005220 secs] [Times: user=0.00 sys=0.00, real=0.00 secs] 
19.810: Total time for which application threads were stopped: 0.0006420 seconds, Stopping threads took: 0.0000510 seconds
19.913: Application time: 0.1035100 seconds
19.913: [GC [PSYoungGen: 23933K->256K(25088K)] 37394K->13929K(108032K), 0.0004610 secs] [Times: user=0.00 sys=0.00, real=0.00 secs] 
19.915: Total time for which application threads were stopped: 0.0018400 seconds, Stopping threads took: 0.0000610 seconds
20.020: Application time: 0.1050560 seconds
20.020: [GC [PSYoungGen: 23806K->0K(25088K)] 37480K->13897K(108032K), 0.0006210 secs] [Times: user=0.00 sys=0.00, real=0.00 secs] 
20.021: Total time for which application threads were stopped: 0.0008060 seconds, Stopping threads took: 0.0001030 seconds
20.126: Application time: 0.1053180 seconds
20.126: [GC [PSYoungGen: 23550K->0K(25088K)] 37448K->13897K(108032K), 0.0004070 secs] [Times: user=0.00 sys=0.00, real=0.00 secs] 
20.127: Total time for which application threads were stopped: 0.0005360 seconds, Stopping threads took: 0.0000690 seconds
20.232: Application time: 0.1050730 seconds
20.232: [GC [PSYoungGen: 23550K->0K(25088K)] 37448K->13897K(108032K), 0.0003470 secs] [Times: user=0.00 sys=0.00, real=0.00 secs] 
20.232: Total time for which application threads were stopped: 0.0004710 seconds, Stopping threads took: 0.0000630 seconds
20.338: Application time: 0.1051920 seconds
20.338: [GC [PSYoungGen: 23550K->0K(25088K)] 37448K->13897K(108032K), 0.0003570 secs] [Times: user=0.00 sys=0.00, real=0.00 secs] 
20.338: Total time for which application threads were stopped: 0.0005040 seconds, Stopping threads took: 0.0000770 seconds
20.444: Application time: 0.1053970 seconds
20.444: [GC [PSYoungGen: 23550K->0K(25088K)] 37448K->13897K(108032K), 0.0003480 secs] [Times: user=0.00 sys=0.00, real=0.01 secs] 
20.444: Total time for which application threads were stopped: 0.0004730 seconds, Stopping threads took: 0.0000640 seconds
20.543: Application time: 0.0985020 seconds
20.543: [GC [PSYoungGen: 23549K->384K(25088K)] 37447K->14281K(108032K), 0.0004130 secs] [Times: user=0.00 sys=0.00, real=0.00 secs] 
20.543: Total time for which application threads were stopped: 0.0005380 seconds, Stopping threads took: 0.0000630 seconds
20.623: Application time: 0.0799810 seconds
20.623: [GC [PSYoungGen: 23931K->544K(25088K)] 37829K->14457K(108032K), 0.0004290 secs] [Times: user=0.00 sys=0.00, real=0.00 secs] 
20.624: Total time for which application threads were stopped: 0.0005470 seconds, Stopping threads took: 0.0000520 seconds
20.716: Application time: 0.0921460 seconds
20.716: [GC [PSYoungGen: 24092K->576K(25088K)] 38006K->14521K(108032K), 0.0004840 secs] [Times: user=0.00 sys=0.00, real=0.00 secs] 
20.716: Total time for which application threads were stopped: 0.0006180 seconds, Stopping threads took: 0.0000670 seconds
20.800: Application time: 0.0840120 seconds
20.804: [GC [PSYoungGen: 24125K->384K(25088K)] 38071K->14754K(108032K), 0.0004230 secs] [Times: user=0.00 sys=0.00, real=0.00 secs] 
20.804: Total time for which application threads were stopped: 0.0039080 seconds, Stopping threads took: 0.0034240 seconds
20.893: Application time: 0.0886980 seconds
20.893: [GC [PSYoungGen: 23934K->576K(25088K)] 38305K->14962K(108032K), 0.0004490 secs] [Times: user=0.01 sys=0.00, real=0.00 secs] 
20.894: Total time for which application threads were stopped: 0.0005970 seconds, Stopping threads took: 0.0000720 seconds
20.970: Application time: 0.0767970 seconds
20.971: [GC [PSYoungGen: 24126K->992K(25088K)] 38512K->15663K(108032K), 0.0005430 secs] [Times: user=0.00 sys=0.00, real=0.00 secs] 
20.971: Total time for which application threads were stopped: 0.0006680 seconds, Stopping threads took: 0.0000680 seconds
21.046: Application time: 0.0748520 seconds
21.046: [GC [PSYoungGen: 24539K->976K(25088K)] 39210K->15923K(108032K), 0.0005620 secs] [Times: user=0.00 sys=0.00, real=0.00 secs] 
21.047: Total time for which application threads were stopped: 0.0006750 seconds, Stopping threads took: 0.0000530 seconds
21.128: Application time: 0.0815470 seconds
21.128: [GC [PSYoungGen: 24527K->736K(25088K)] 39475K->16184K(108032K), 0.0005260 secs] [Times: user=0.01 sys=0.00, real=0.00 secs] 
21.129: Total time for which application threads were stopped: 0.0006480 seconds, Stopping threads took: 0.0000550 seconds
21.211: Application time: 0.0821880 seconds
21.211: [GC [PSYoungGen: 24285K->704K(25088K)] 39733K->16581K(108032K), 0.0005130 secs] [Times: user=0.00 sys=0.00, real=0.00 secs] 
21.212: Total time for which application threads were stopped: 0.0006230 seconds, Stopping threads took: 0.0000500 seconds
21.310: Application time: 0.0986520 seconds
21.310: [GC [PSYoungGen: 24254K->576K(25088K)] 40131K->16886K(108032K), 0.0004840 secs] [Times: user=0.00 sys=0.00, real=0.00 secs] 
21.311: Total time for which application threads were stopped: 0.0006090 seconds, Stopping threads took: 0.0000640 seconds
21.410: Application time: 0.0992550 seconds
21.410: [GC [PSYoungGen: 24123K->416K(25088K)] 40433K->17138K(108032K), 0.0005240 secs] [Times: user=0.00 sys=0.00, real=0.00 secs] 
21.411: Total time for which application threads were stopped: 0.0006480 seconds, Stopping threads took: 0.0000480 seconds
21.513: Application time: 0.1021410 seconds
21.513: [GC [PSYoungGen: 23964K->352K(25088K)] 40686K->17627K(108032K), 0.0004550 secs] [Times: user=0.00 sys=0.00, real=0.00 secs] 
21.514: Total time for which application threads were stopped: 0.0005830 seconds, Stopping threads took: 0.0000660 seconds
21.616: Application time: 0.1021210 seconds
21.616: [GC [PSYoungGen: 23900K->352K(25088K)] 41176K->17859K(108032K), 0.0004740 secs] [Times: user=0.00 sys=0.00, real=0.00 secs] 
21.616: Total time for which application threads were stopped: 0.0005910 seconds, Stopping threads took: 0.0000530 seconds
21.720: Application time: 0.1040910 seconds
21.720: [GC [PSYoungGen: 23902K->0K(25088K)] 41410K->17856K(108032K), 0.0003950 secs] [Times: user=0.00 sys=0.00, real=0.00 secs] 
21.721: Total time for which application threads were stopped: 0.0005320 seconds, Stopping threads took: 0.0000760 seconds
21.825: Application time: 0.1043530 seconds
21.825: [GC [PSYoungGen: 23550K->0K(25088K)] 41406K->17856K(108032K), 0.0003840 secs] [Times: user=0.00 sys=0.00, real=0.00 secs] 
21.826: Total time for which application threads were stopped: 0.0004950 seconds, Stopping threads took: 0.0000510 seconds
21.931: Application time: 0.1048140 seconds
21.931: [GC [PSYoungGen: 23550K->0K(25088K)] 41407K->17856K(108032K), 0.0003700 secs] [Times: user=0.00 sys=0.00, real=0.00 secs] 
21.931: Total time for which application threads were stopped: 0.0005030 seconds, Stopping threads took: 0.0000630 seconds
22.036: Application time: 0.1045540 seconds
22.036: [GC [PSYoungGen: 23550K->0K(25088K)] 41406K->17856K(108032K), 0.0003780 secs] [Times: user=0.00 sys=0.00, real=0.00 secs] 
22.036: Total time for which application threads were stopped: 0.0004920 seconds, Stopping threads took: 0.0000540 seconds
22.141: Application time: 0.1044670 seconds
22.141: [GC [PSYoungGen: 23550K->0K(25088K)] 41406K->17856K(108032K), 0.0003560 secs] [Times: user=0.00 sys=0.00, real=0.00 secs] 
22.141: Total time for which application threads were stopped: 0.0004820 seconds, Stopping threads took: 0.0000600 seconds
22.239: Application time: 0.0982360 seconds
22.239: [GC [PSYoungGen: 23549K->320K(25088K)] 41406K->18176K(108032K), 0.0004070 secs] [Times: user=0.00 sys=0.01, real=0.00 secs] 
22.240: Total time for which application threads were stopped: 0.0005410 seconds, Stopping threads took: 0.0000670 seconds
22.324: Application time: 0.0838000 seconds
22.324: [GC [PSYoungGen: 23869K->576K(25088K)] 41725K->18448K(108032K), 0.0004390 secs] [Times: user=0.00 sys=0.00, real=0.01 secs] 
22.324: Total time for which application threads were stopped: 0.0005750 seconds, Stopping threads took: 0.0000700 seconds
22.413: Application time: 0.0889970 seconds
22.413: [GC [PSYoungGen: 24124K->480K(25088K)] 41997K->18376K(108032K), 0.0004850 secs] [Times: user=0.00 sys=0.00, real=0.00 secs] 
22.414: Total time for which application threads were stopped: 0.0006070 seconds, Stopping threads took: 0.0000580 seconds
22.498: Application time: 0.0839670 seconds
22.498: [GC [PSYoungGen: 24030K->512K(25088K)] 41926K->18613K(108032K), 0.0005240 secs] [Times: user=0.00 sys=0.00, real=0.00 secs] 
22.498: Total time for which application threads were stopped: 0.0006410 seconds, Stopping threads took: 0.0000460 seconds
22.589: Application time: 0.0904110 seconds
22.589: [GC [PSYoungGen: 24060K->592K(25088K)] 42161K->18917K(108032K), 0.0005150 secs] [Times: user=0.00 sys=0.00, real=0.00 secs] 
22.589: Total time for which application threads were stopped: 0.0006210 seconds, Stopping threads took: 0.0000450 seconds
22.666: Application time: 0.0761680 seconds
22.666: [GC [PSYoungGen: 24142K->960K(25088K)] 42467K->19565K(108032K), 0.0005680 secs] [Times: user=0.01 sys=0.00, real=0.00 secs] 
22.666: Total time for which application threads were stopped: 0.0006820 seconds, Stopping threads took: 0.0000500 seconds
22.743: Application time: 0.0763250 seconds
22.743: [GC [PSYoungGen: 24511K->784K(25088K)] 43117K->19674K(108032K), 0.0005040 secs] [Times: user=0.00 sys=0.00, real=0.00 secs] 
22.743: Total time for which application threads were stopped: 0.0006180 seconds, Stopping threads took: 0.0000530 seconds
22.822: Application time: 0.0788180 seconds
22.822: [GC [PSYoungGen: 24335K->992K(25088K)] 43225K->20134K(108032K), 0.0005600 secs] [Times: user=0.00 sys=0.00, real=0.00 secs] 
22.823: Total time for which application threads were stopped: 0.0007140 seconds, Stopping threads took: 0.0000660 seconds
22.906: Application time: 0.0831880 seconds
22.906: [GC [PSYoungGen: 24541K->704K(25088K)] 43684K->20512K(108032K), 0.0005560 secs] [Times: user=0.00 sys=0.00, real=0.00 secs] 
22.907: Total time for which application threads were stopped: 0.0006840 seconds, Stopping threads took: 0.0000630 seconds
23.002: Application time: 0.0951950 seconds
23.004: [GC [PSYoungGen: 24254K->544K(25088K)] 44062K->20788K(108032K), 0.0005190 secs] [Times: user=0.01 sys=0.00, real=0.00 secs] 
23.004: Total time for which application threads were stopped: 0.0025850 seconds, Stopping threads took: 0.0019940 seconds
23.106: Application time: 0.1011930 seconds
23.106: [GC [PSYoungGen: 24092K->608K(25088K)] 44336K->21273K(108032K), 0.0004790 secs] [Times: user=0.01 sys=0.00, real=0.00 secs] 
23.106: Total time for which application threads were stopped: 0.0006020 seconds, Stopping threads took: 0.0000590 seconds
23.209: Application time: 0.1023240 seconds
23.209: [GC [PSYoungGen: 24158K->544K(25088K)] 44823K->21421K(108032K), 0.0005130 secs] [Times: user=0.00 sys=0.00, real=0.00 secs] 
23.209: Total time for which application threads were stopped: 0.0006390 seconds, Stopping threads took: 0.0000540 seconds
23.311: Application time: 0.1022590 seconds
23.312: [GC [PSYoungGen: 24092K->576K(25088K)] 44969K->21805K(108032K), 0.0004550 secs] [Times: user=0.01 sys=0.00, real=0.01 secs] 
23.312: Total time for which application threads were stopped: 0.0005820 seconds, Stopping threads took: 0.0000640 seconds
23.415: Application time: 0.1033010 seconds
23.415: [GC [PSYoungGen: 24126K->256K(25088K)] 45356K->21690K(108032K), 0.0004850 secs] [Times: user=0.00 sys=0.00, real=0.00 secs] 
23.416: Total time for which application threads were stopped: 0.0006140 seconds, Stopping threads took: 0.0000640 seconds
23.520: Application time: 0.1042880 seconds
23.520: [GC [PSYoungGen: 23804K->0K(25088K)] 45238K->21666K(108032K), 0.0003910 secs] [Times: user=0.00 sys=0.00, real=0.00 secs] 
23.521: Total time for which application threads were stopped: 0.0005310 seconds, Stopping threads took: 0.0000650 seconds
23.625: Application time: 0.1042260 seconds
23.625: [GC [PSYoungGen: 23550K->0K(25088K)] 45216K->21666K(108032K), 0.0003530 secs] [Times: user=0.00 sys=0.00, real=0.00 secs] 
23.625: Total time for which application threads were stopped: 0.0004760 seconds, Stopping threads took: 0.0000610 seconds
23.730: Application time: 0.1043460 seconds
23.730: [GC [PSYoungGen: 23550K->0K(25088K)] 45216K->21666K(108032K), 0.0003840 secs] [Times: user=0.00 sys=0.00, real=0.00 secs] 
23.730: Total time for which application threads were stopped: 0.0005160 seconds, Stopping threads took: 0.0000700 seconds
23.835: Application time: 0.1045510 seconds
23.835: [GC [PSYoungGen: 23550K->0K(25088K)] 45216K->21666K(108032K), 0.0003690 secs] [Times: user=0.01 sys=0.00, real=0.00 secs] 
23.835: Total time for which application threads were stopped: 0.0004970 seconds, Stopping threads took: 0.0000620 seconds
23.934: Application time: 0.0986620 seconds
23.934: [GC [PSYoungGen: 23464K->256K(25088K)] 45131K->21922K(108032K), 0.0003900 secs] [Times: user=0.00 sys=0.00, real=0.00 secs] 
23.935: Total time for which application threads were stopped: 0.0005160 seconds, Stopping threads took: 0.0000670 seconds
24.024: Application time: 0.0898660 seconds
24.025: [GC [PSYoungGen: 23807K->288K(24064K)] 45473K->21970K(107008K), 0.0005270 secs] [Times: user=0.00 sys=0.00, real=0.00 secs] 
24.025: Total time for which application threads were stopped: 0.0006510 seconds, Stopping threads took: 0.0000510 seconds
24.108: Application time: 0.0825180 seconds
24.108: [GC [PSYoungGen: 23837K->544K(24576K)] 45519K->22242K(107520K), 0.0004400 secs] [Times: user=0.00 sys=0.00, real=0.00 secs] 
24.108: Total time for which application threads were stopped: 0.0005730 seconds, Stopping threads took: 0.0000670 seconds
24.192: Application time: 0.0835450 seconds
24.196: [GC [PSYoungGen: 24093K->576K(24064K)] 45791K->22494K(107008K), 0.0004520 secs] [Times: user=0.00 sys=0.00, real=0.00 secs] 
24.196: Total time for which application threads were stopped: 0.0045950 seconds, Stopping threads took: 0.0040820 seconds
24.288: Application time: 0.0917160 seconds
24.288: [GC [PSYoungGen: 23612K->576K(24576K)] 45531K->22715K(107520K), 0.0005100 secs] [Times: user=0.00 sys=0.00, real=0.00 secs] 
24.289: Total time for which application threads were stopped: 0.0006230 seconds, Stopping threads took: 0.0000540 seconds
24.365: Application time: 0.0767990 seconds
24.366: [GC [PSYoungGen: 23615K->736K(24576K)] 45755K->23160K(107520K), 0.0005090 secs] [Times: user=0.00 sys=0.00, real=0.00 secs] 
24.366: Total time for which application threads were stopped: 0.0006280 seconds, Stopping threads took: 0.0000550 seconds
24.433: Application time: 0.0673100 seconds
24.434: [GC [PSYoungGen: 23775K->928K(24576K)] 46199K->23440K(107520K), 0.0005250 secs] [Times: user=0.00 sys=0.00, real=0.00 secs] 
24.434: Total time for which application threads were stopped: 0.0006590 seconds, Stopping threads took: 0.0000720 seconds
24.514: Application time: 0.0801380 seconds
24.516: [GC [PSYoungGen: 23967K->896K(24576K)] 46479K->23857K(107520K), 0.0005530 secs] [Times: user=0.00 sys=0.00, real=0.00 secs] 
24.516: Total time for which application threads were stopped: 0.0022330 seconds, Stopping threads took: 0.0016140 seconds
24.600: Application time: 0.0839850 seconds
24.601: [GC [PSYoungGen: 23935K->768K(24576K)] 46896K->24366K(107520K), 0.0005640 secs] [Times: user=0.01 sys=0.00, real=0.00 secs] 
24.601: Total time for which application threads were stopped: 0.0006830 seconds, Stopping threads took: 0.0000410 seconds
24.689: Application time: 0.0877850 seconds
24.689: [GC [PSYoungGen: 23807K->320K(24576K)] 47406K->24395K(107520K), 0.0004560 secs] [Times: user=0.00 sys=0.00, real=0.00 secs] 
24.690: Total time for which application threads were stopped: 0.0005840 seconds, Stopping threads took: 0.0000640 seconds
24.786: Application time: 0.0963690 seconds
24.786: [GC [PSYoungGen: 23359K->864K(24576K)] 47434K->24963K(107520K), 0.0005030 secs] [Times: user=0.00 sys=0.00, real=0.00 secs] 
24.787: Total time for which application threads were stopped: 0.0006250 seconds, Stopping threads took: 0.0000580 seconds
24.886: Application time: 0.0991200 seconds
24.886: [GC [PSYoungGen: 23900K->352K(24576K)] 48000K->25057K(107520K), 0.0004950 secs] [Times: user=0.00 sys=0.00, real=0.00 secs] 
24.886: Total time for which application threads were stopped: 0.0006410 seconds, Stopping threads took: 0.0000820 seconds
24.986: Application time: 0.0997660 seconds
24.986: [GC [PSYoungGen: 23388K->320K(24576K)] 48093K->25249K(107520K), 0.0005020 secs] [Times: user=0.00 sys=0.00, real=0.00 secs] 
24.988: Total time for which application threads were stopped: 0.0016600 seconds, Stopping threads took: 0.0000620 seconds
25.088: Application time: 0.1004610 seconds
25.088: [GC [PSYoungGen: 23356K->384K(24576K)] 48285K->25525K(107520K), 0.0004770 secs] [Times: user=0.00 sys=0.00, real=0.00 secs] 
25.089: Total time for which application threads were stopped: 0.0005960 seconds, Stopping threads took: 0.0000550 seconds
25.191: Application time: 0.1021540 seconds
25.191: [GC [PSYoungGen: 23423K->0K(24576K)] 48565K->25365K(107520K), 0.0004240 secs] [Times: user=0.00 sys=0.00, real=0.00 secs] 
25.192: Total time for which application threads were stopped: 0.0005900 seconds, Stopping threads took: 0.0000950 seconds
25.293: Application time: 0.1017570 seconds
25.293: [GC [PSYoungGen: 23037K->0K(24576K)] 48403K->25365K(107520K), 0.0003450 secs] [Times: user=0.00 sys=0.00, real=0.00 secs] 
25.294: Total time for which application threads were stopped: 0.0004730 seconds, Stopping threads took: 0.0000670 seconds
25.396: Application time: 0.1021410 seconds
25.396: [GC [PSYoungGen: 23037K->0K(24576K)] 48403K->25365K(107520K), 0.0004130 secs] [Times: user=0.00 sys=0.00, real=0.00 secs] 
25.396: Total time for which application threads were stopped: 0.0005280 seconds, Stopping threads took: 0.0000530 seconds
25.500: Application time: 0.1034850 seconds
25.500: [GC [PSYoungGen: 23036K->0K(24576K)] 48402K->25365K(107520K), 0.0004090 secs] [Times: user=0.00 sys=0.00, real=0.00 secs] 
25.500: Total time for which application threads were stopped: 0.0005330 seconds, Stopping threads took: 0.0000640 seconds
25.602: Application time: 0.1020440 seconds
25.603: [GC [PSYoungGen: 23037K->0K(24576K)] 48403K->25365K(107520K), 0.0003600 secs] [Times: user=0.00 sys=0.00, real=0.00 secs] 
25.603: Total time for which application threads were stopped: 0.0004850 seconds, Stopping threads took: 0.0000560 seconds
25.689: Application time: 0.0856960 seconds
25.689: [GC [PSYoungGen: 23037K->256K(24576K)] 48403K->25621K(107520K), 0.0004350 secs] [Times: user=0.00 sys=0.00, real=0.00 secs] 
25.689: Total time for which application threads were stopped: 0.0005520 seconds, Stopping threads took: 0.0000550 seconds
25.773: Application time: 0.0838870 seconds
25.773: [GC [PSYoungGen: 23292K->544K(24576K)] 48658K->25933K(107520K), 0.0004230 secs] [Times: user=0.00 sys=0.00, real=0.00 secs] 
25.774: Total time for which application threads were stopped: 0.0005460 seconds, Stopping threads took: 0.0000560 seconds
25.866: Application time: 0.0918790 seconds
25.868: [GC [PSYoungGen: 23583K->544K(24576K)] 48972K->26154K(107520K), 0.0005250 secs] [Times: user=0.00 sys=0.00, real=0.00 secs] 
25.868: Total time for which application threads were stopped: 0.0028820 seconds, Stopping threads took: 0.0022940 seconds
25.953: Application time: 0.0844210 seconds
25.953: [GC [PSYoungGen: 23583K->224K(24576K)] 49193K->26030K(107520K), 0.0014040 secs] [Times: user=0.00 sys=0.00, real=0.00 secs] 
25.955: Total time for which application threads were stopped: 0.0016770 seconds, Stopping threads took: 0.0001870 seconds
26.036: Application time: 0.0817010 seconds
26.036: [GC [PSYoungGen: 23262K->576K(24576K)] 49069K->26390K(107520K), 0.0004770 secs] [Times: user=0.00 sys=0.00, real=0.00 secs] 
26.037: Total time for which application threads were stopped: 0.0005910 seconds, Stopping threads took: 0.0000500 seconds
26.102: Application time: 0.0647630 seconds
26.102: [GC [PSYoungGen: 23612K->960K(24576K)] 49427K->27063K(107520K), 0.0005510 secs] [Times: user=0.00 sys=0.00, real=0.00 secs] 
26.102: Total time for which application threads were stopped: 0.0006990 seconds, Stopping threads took: 0.0000850 seconds
26.188: Application time: 0.0856620 seconds
26.188: [GC [PSYoungGen: 23998K->928K(24576K)] 50101K->27504K(107520K), 0.0005850 secs] [Times: user=0.00 sys=0.00, real=0.00 secs] 
26.189: Total time for which application threads were stopped: 0.0007080 seconds, Stopping threads took: 0.0000600 seconds
26.270: Application time: 0.0815080 seconds
26.270: [GC [PSYoungGen: 23963K->608K(24576K)] 50539K->27628K(107520K), 0.0005300 secs] [Times: user=0.00 sys=0.00, real=0.00 secs] 
26.271: Total time for which application threads were stopped: 0.0006560 seconds, Stopping threads took: 0.0000590 seconds
26.350: Application time: 0.0787820 seconds
26.350: [GC [PSYoungGen: 23647K->768K(24576K)] 50668K->28065K(107520K), 0.0005140 secs] [Times: user=0.01 sys=0.00, real=0.00 secs] 
26.350: Total time for which application threads were stopped: 0.0006550 seconds, Stopping threads took: 0.0000700 seconds
26.448: Application time: 0.0977210 seconds
26.448: [GC [PSYoungGen: 23806K->512K(24576K)] 51103K->28242K(107520K), 0.0004850 secs] [Times: user=0.00 sys=0.00, real=0.00 secs] 
26.449: Total time for which application threads were stopped: 0.0006280 seconds, Stopping threads took: 0.0000770 seconds
26.547: Application time: 0.0987540 seconds
26.548: [GC [PSYoungGen: 23547K->512K(24576K)] 51278K->28651K(107520K), 0.0007850 secs] [Times: user=0.00 sys=0.00, real=0.00 secs] 
26.548: Total time for which application threads were stopped: 0.0010200 seconds, Stopping threads took: 0.0001660 seconds
26.649: Application time: 0.1009020 seconds
26.652: [GC [PSYoungGen: 23550K->320K(24576K)] 51690K->28864K(107520K), 0.0005940 secs] [Times: user=0.00 sys=0.00, real=0.00 secs] 
26.652: Total time for which application threads were stopped: 0.0031880 seconds, Stopping threads took: 0.0025310 seconds
26.753: Application time: 0.1001130 seconds
26.753: [GC [PSYoungGen: 23358K->416K(24576K)] 51902K->29180K(107520K), 0.0005130 secs] [Times: user=0.00 sys=0.00, real=0.00 secs] 
26.753: Total time for which application threads were stopped: 0.0006730 seconds, Stopping threads took: 0.0000930 seconds
26.855: Application time: 0.1020430 seconds
26.855: [GC [PSYoungGen: 23453K->0K(24576K)] 52218K->28993K(107520K), 0.0003980 secs] [Times: user=0.00 sys=0.00, real=0.00 secs] 
26.856: Total time for which application threads were stopped: 0.0005410 seconds, Stopping threads took: 0.0000670 seconds
26.958: Application time: 0.1023050 seconds
26.958: [GC [PSYoungGen: 23037K->0K(24576K)] 52030K->28993K(107520K), 0.0004070 secs] [Times: user=0.00 sys=0.00, real=0.00 secs] 
26.959: Total time for which application threads were stopped: 0.0005300 seconds, Stopping threads took: 0.0000600 seconds
27.063: Application time: 0.1041940 seconds
27.063: [GC [PSYoungGen: 23036K->0K(24576K)] 52029K->28993K(107520K), 0.0004620 secs] [Times: user=0.00 sys=0.00, real=0.00 secs] 
27.063: Total time for which application threads were stopped: 0.0005880 seconds, Stopping threads took: 0.0000650 seconds
27.166: Application time: 0.1024420 seconds
27.166: [GC [PSYoungGen: 23037K->0K(24576K)] 52030K->28993K(107520K), 0.0003710 secs] [Times: user=0.00 sys=0.00, real=0.00 secs] 
27.166: Total time for which application threads were stopped: 0.0004980 seconds, Stopping threads took: 0.0000680 seconds
27.270: Application time: 0.1033720 seconds
27.270: [GC [PSYoungGen: 23038K->0K(24576K)] 52032K->28993K(107520K), 0.0003710 secs] [Times: user=0.00 sys=0.00, real=0.00 secs] 
27.270: Total time for which application threads were stopped: 0.0004950 seconds, Stopping threads took: 0.0000610 seconds
27.369: Application time: 0.0987260 seconds
27.369: [GC [PSYoungGen: 23038K->384K(23552K)] 52032K->29377K(106496K), 0.0004380 secs] [Times: user=0.00 sys=0.00, real=0.00 secs] 
27.370: Total time for which application threads were stopped: 0.0005560 seconds, Stopping threads took: 0.0000460 seconds
27.455: Application time: 0.0851940 seconds
27.455: [GC [PSYoungGen: 23421K->320K(24064K)] 52414K->29329K(107008K), 0.0004530 secs] [Times: user=0.00 sys=0.00, real=0.00 secs] 
27.455: Total time for which application threads were stopped: 0.0005870 seconds, Stopping threads took: 0.0000660 seconds
27.536: Application time: 0.0808830 seconds
27.536: [GC [PSYoungGen: 23359K->576K(24064K)] 52368K->29609K(107008K), 0.0004210 secs] [Times: user=0.01 sys=0.00, real=0.00 secs] 
27.537: Total time for which application threads were stopped: 0.0005350 seconds, Stopping threads took: 0.0000540 seconds
27.629: Application time: 0.0925130 seconds
27.629: [GC [PSYoungGen: 23613K->512K(24064K)] 52646K->29749K(107008K), 0.0005480 secs] [Times: user=0.00 sys=0.00, real=0.00 secs] 
27.630: Total time for which application threads were stopped: 0.0006610 seconds, Stopping threads took: 0.0000540 seconds
27.717: Application time: 0.0867850 seconds
27.717: [GC [PSYoungGen: 23549K->512K(24064K)] 52787K->30090K(107008K), 0.0005550 secs] [Times: user=0.00 sys=0.00, real=0.00 secs] 
27.718: Total time for which application threads were stopped: 0.0007950 seconds, Stopping threads took: 0.0001720 seconds
27.783: Application time: 0.0652250 seconds
27.783: [GC [PSYoungGen: 23549K->992K(24064K)] 53127K->30770K(107008K), 0.0005970 secs] [Times: user=0.01 sys=0.00, real=0.00 secs] 
27.783: Total time for which application threads were stopped: 0.0007240 seconds, Stopping threads took: 0.0000600 seconds
27.854: Application time: 0.0710020 seconds
27.855: [GC [PSYoungGen: 24031K->896K(24576K)] 53809K->30970K(107520K), 0.0005880 secs] [Times: user=0.01 sys=0.00, real=0.00 secs] 
27.855: Total time for which application threads were stopped: 0.0007090 seconds, Stopping threads took: 0.0000600 seconds
27.931: Application time: 0.0759450 seconds
27.931: [GC [PSYoungGen: 23931K->992K(24576K)] 54006K->31651K(107520K), 0.0006180 secs] [Times: user=0.01 sys=0.00, real=0.01 secs] 
27.932: Total time for which application threads were stopped: 0.0007630 seconds, Stopping threads took: 0.0000680 seconds
28.025: Application time: 0.0933370 seconds
28.025: [GC [PSYoungGen: 24027K->448K(24576K)] 54687K->31772K(107520K), 0.0005130 secs] [Times: user=0.01 sys=0.00, real=0.00 secs] 
28.026: Total time for which application threads were stopped: 0.0006350 seconds, Stopping threads took: 0.0000620 seconds
28.109: Application time: 0.0833230 seconds
28.109: [GC [PSYoungGen: 23487K->576K(24576K)] 54812K->32129K(107520K), 0.0004690 secs] [Times: user=0.00 sys=0.00, real=0.00 secs] 
28.110: Total time for which application threads were stopped: 0.0006060 seconds, Stopping threads took: 0.0000730 seconds
28.205: Application time: 0.0956210 seconds
28.208: [GC [PSYoungGen: 23615K->896K(24576K)] 55169K->32690K(107520K), 0.0006060 secs] [Times: user=0.00 sys=0.00, real=0.00 secs] 
28.208: Total time for which application threads were stopped: 0.0027460 seconds, Stopping threads took: 0.0020770 seconds
28.308: Application time: 0.0996290 seconds
28.308: [GC [PSYoungGen: 23934K->544K(24576K)] 55728K->32951K(107520K), 0.0004970 secs] [Times: user=0.00 sys=0.00, real=0.00 secs] 
28.308: Total time for which application threads were stopped: 0.0006280 seconds, Stopping threads took: 0.0000660 seconds
28.409: Application time: 0.1010260 seconds
28.410: [GC [PSYoungGen: 23580K->352K(24576K)] 55988K->32991K(107520K), 0.0004390 secs] [Times: user=0.00 sys=0.00, real=0.00 secs] 
28.410: Total time for which application threads were stopped: 0.0005500 seconds, Stopping threads took: 0.0000480 seconds
28.512: Application time: 0.1015000 seconds
28.512: [GC [PSYoungGen: 23388K->320K(24576K)] 56028K->33164K(107520K), 0.0005010 secs] [Times: user=0.00 sys=0.00, real=0.00 secs] 
28.512: Total time for which application threads were stopped: 0.0008450 seconds, Stopping threads took: 0.0002770 seconds
28.615: Application time: 0.1028710 seconds
28.615: [GC [PSYoungGen: 23359K->0K(24576K)] 56203K->33084K(107520K), 0.0003970 secs] [Times: user=0.00 sys=0.00, real=0.00 secs] 
28.616: Total time for which application threads were stopped: 0.0005190 seconds, Stopping threads took: 0.0000570 seconds
28.719: Application time: 0.1030530 seconds
28.719: [GC [PSYoungGen: 23038K->0K(24576K)] 56123K->33084K(107520K), 0.0003760 secs] [Times: user=0.00 sys=0.00, real=0.00 secs] 
28.719: Total time for which application threads were stopped: 0.0005070 seconds, Stopping threads took: 0.0000720 seconds
28.822: Application time: 0.1024580 seconds
28.822: [GC [PSYoungGen: 23037K->0K(24576K)] 56121K->33084K(107520K), 0.0003690 secs] [Times: user=0.00 sys=0.00, real=0.00 secs] 
28.822: Total time for which application threads were stopped: 0.0004880 seconds, Stopping threads took: 0.0000610 seconds
28.925: Application time: 0.1023100 seconds
28.925: [GC [PSYoungGen: 23037K->0K(24576K)] 56121K->33084K(107520K), 0.0003820 secs] [Times: user=0.00 sys=0.00, real=0.00 secs] 
28.925: Total time for which application threads were stopped: 0.0005100 seconds, Stopping threads took: 0.0000660 seconds
29.027: Application time: 0.1022570 seconds
29.027: [GC [PSYoungGen: 23037K->0K(24576K)] 56121K->33084K(107520K), 0.0003750 secs] [Times: user=0.00 sys=0.00, real=0.00 secs] 
29.028: Total time for which application threads were stopped: 0.0005080 seconds, Stopping threads took: 0.0000620 seconds
29.110: Application time: 0.0822130 seconds
29.110: [GC [PSYoungGen: 23035K->288K(24576K)] 56120K->33372K(107520K), 0.0004760 secs] [Times: user=0.00 sys=0.00, real=0.00 secs] 
29.111: Total time for which application threads were stopped: 0.0006030 seconds, Stopping threads took: 0.0000640 seconds
29.203: Application time: 0.0920410 seconds
29.203: [GC [PSYoungGen: 23323K->544K(24576K)] 56407K->33644K(107520K), 0.0004350 secs] [Times: user=0.01 sys=0.00, real=0.00 secs] 
29.203: Total time for which application threads were stopped: 0.0005570 seconds, Stopping threads took: 0.0000620 seconds
29.293: Application time: 0.0894540 seconds
29.293: [GC [PSYoungGen: 23581K->288K(24576K)] 56681K->33600K(107520K), 0.0004550 secs] [Times: user=0.00 sys=0.00, real=0.00 secs] 
29.293: Total time for which application threads were stopped: 0.0005890 seconds, Stopping threads took: 0.0000730 seconds
29.374: Application time: 0.0807150 seconds
29.374: [GC [PSYoungGen: 23324K->576K(24576K)] 56637K->33904K(107520K), 0.0004380 secs] [Times: user=0.00 sys=0.00, real=0.00 secs] 
29.375: Total time for which application threads were stopped: 0.0005540 seconds, Stopping threads took: 0.0000520 seconds
29.461: Application time: 0.0861910 seconds
29.461: [GC [PSYoungGen: 23614K->640K(24576K)] 56943K->34184K(107520K), 0.0005220 secs] [Times: user=0.00 sys=0.00, real=0.00 secs] 
29.461: Total time for which application threads were stopped: 0.0006560 seconds, Stopping threads took: 0.0000680 seconds
29.522: Application time: 0.0602910 seconds
29.522: [GC [PSYoungGen: 23678K->992K(24576K)] 57223K->34941K(107520K), 0.0006320 secs] [Times: user=0.01 sys=0.00, real=0.00 secs] 
29.523: Total time for which application threads were stopped: 0.0007510 seconds, Stopping threads took: 0.0000600 seconds
29.603: Application time: 0.0804930 seconds
29.603: [GC [PSYoungGen: 24029K->944K(24576K)] 57978K->35165K(107520K), 0.0006060 secs] [Times: user=0.00 sys=0.00, real=0.00 secs] 
29.604: Total time for which application threads were stopped: 0.0007490 seconds, Stopping threads took: 0.0000720 seconds
29.687: Application time: 0.0832370 seconds
29.687: [GC [PSYoungGen: 23983K->704K(24576K)] 58204K->35366K(107520K), 0.0005580 secs] [Times: user=0.00 sys=0.00, real=0.00 secs] 
29.688: Total time for which application threads were stopped: 0.0006790 seconds, Stopping threads took: 0.0000550 seconds
29.765: Application time: 0.0774750 seconds
29.765: [GC [PSYoungGen: 23743K->720K(24576K)] 58406K->35843K(107520K), 0.0005910 secs] [Times: user=0.00 sys=0.00, real=0.00 secs] 
29.766: Total time for which application threads were stopped: 0.0007120 seconds, Stopping threads took: 0.0000600 seconds
29.863: Application time: 0.0970950 seconds
29.863: [GC [PSYoungGen: 23758K->480K(24576K)] 58882K->36172K(107520K), 0.0006130 secs] [Times: user=0.00 sys=0.00, real=0.00 secs] 
29.864: Total time for which application threads were stopped: 0.0007470 seconds, Stopping threads took: 0.0000740 seconds
29.960: Application time: 0.0965890 seconds
29.960: [GC [PSYoungGen: 23515K->704K(24576K)] 59208K->36609K(107520K), 0.0005120 secs] [Times: user=0.01 sys=0.00, real=0.00 secs] 
29.961: Total time for which application threads were stopped: 0.0006440 seconds, Stopping threads took: 0.0000690 seconds
30.062: Application time: 0.1009500 seconds
30.062: [GC [PSYoungGen: 23740K->352K(24576K)] 59645K->37006K(107520K), 0.0005460 secs] [Times: user=0.01 sys=0.00, real=0.00 secs] 
30.064: Total time for which application threads were stopped: 0.0017840 seconds, Stopping threads took: 0.0000770 seconds
30.164: Application time: 0.1001370 seconds
30.164: [GC [PSYoungGen: 23390K->384K(24576K)] 60045K->37259K(107520K), 0.0004460 secs] [Times: user=0.00 sys=0.00, real=0.00 secs] 
30.164: Total time for which application threads were stopped: 0.0005790 seconds, Stopping threads took: 0.0000590 seconds
30.268: Application time: 0.1032830 seconds
30.268: [GC [PSYoungGen: 23422K->0K(24576K)] 60298K->37103K(107520K), 0.0004280 secs] [Times: user=0.00 sys=0.00, real=0.00 secs] 
30.268: Total time for which application threads were stopped: 0.0005590 seconds, Stopping threads took: 0.0000700 seconds
30.370: Application time: 0.1022340 seconds
30.371: [GC [PSYoungGen: 23037K->0K(24576K)] 60141K->37103K(107520K), 0.0003780 secs] [Times: user=0.00 sys=0.00, real=0.00 secs] 
30.371: Total time for which application threads were stopped: 0.0004830 seconds, Stopping threads took: 0.0000460 seconds
30.473: Application time: 0.1024240 seconds
30.474: [GC [PSYoungGen: 23039K->0K(24576K)] 60143K->37103K(107520K), 0.0004240 secs] [Times: user=0.00 sys=0.00, real=0.00 secs] 
30.474: Total time for which application threads were stopped: 0.0005460 seconds, Stopping threads took: 0.0000610 seconds
30.577: Application time: 0.1027860 seconds
30.577: [GC [PSYoungGen: 23039K->0K(24576K)] 60143K->37103K(107520K), 0.0004100 secs] [Times: user=0.00 sys=0.00, real=0.00 secs] 
30.577: Total time for which application threads were stopped: 0.0005330 seconds, Stopping threads took: 0.0000600 seconds
30.680: Application time: 0.1026160 seconds
30.680: [GC [PSYoungGen: 23036K->0K(24576K)] 60140K->37103K(107520K), 0.0003880 secs] [Times: user=0.00 sys=0.00, real=0.00 secs] 
30.680: Total time for which application threads were stopped: 0.0005140 seconds, Stopping threads took: 0.0000550 seconds
30.775: Application time: 0.0949550 seconds
30.775: [GC [PSYoungGen: 23039K->384K(24576K)] 60143K->37487K(107520K), 0.0004400 secs] [Times: user=0.00 sys=0.00, real=0.00 secs] 
30.776: Total time for which application threads were stopped: 0.0005590 seconds, Stopping threads took: 0.0000560 seconds
30.864: Application time: 0.0884810 seconds
30.865: [GC [PSYoungGen: 23423K->320K(23552K)] 60526K->37431K(106496K), 0.0004830 secs] [Times: user=0.00 sys=0.00, real=0.00 secs] 
30.865: Total time for which application threads were stopped: 0.0006090 seconds, Stopping threads took: 0.0000630 seconds
30.946: Application time: 0.0807970 seconds
30.946: [GC [PSYoungGen: 23357K->544K(24064K)] 60469K->37671K(107008K), 0.0004610 secs] [Times: user=0.01 sys=0.00, real=0.00 secs] 
30.946: Total time for which application threads were stopped: 0.0005920 seconds, Stopping threads took: 0.0000690 seconds
31.034: Application time: 0.0873310 seconds
31.034: [GC [PSYoungGen: 23583K->480K(23552K)] 60711K->37812K(106496K), 0.0005350 secs] [Times: user=0.00 sys=0.00, real=0.00 secs] 
31.034: Total time for which application threads were stopped: 0.0006470 seconds, Stopping threads took: 0.0000490 seconds
31.127: Application time: 0.0925870 seconds
31.127: [GC [PSYoungGen: 23519K->416K(24064K)] 60851K->37972K(107008K), 0.0004340 secs] [Times: user=0.00 sys=0.00, real=0.00 secs] 
31.128: Total time for which application threads were stopped: 0.0005720 seconds, Stopping threads took: 0.0000760 seconds
31.203: Application time: 0.0755680 seconds
31.204: [GC [PSYoungGen: 23454K->720K(23552K)] 61010K->38520K(106496K), 0.0006170 secs] [Times: user=0.00 sys=0.00, real=0.00 secs] 
31.204: Total time for which application threads were stopped: 0.0013690 seconds, Stopping threads took: 0.0006850 seconds
31.266: Application time: 0.0610240 seconds
31.266: [GC [PSYoungGen: 23244K->544K(24064K)] 61045K->38826K(107008K), 0.0005720 secs] [Times: user=0.00 sys=0.00, real=0.00 secs] 
31.266: Total time for which application threads were stopped: 0.0007400 seconds, Stopping threads took: 0.0001000 seconds
31.338: Application time: 0.0719420 seconds
31.338: [GC [PSYoungGen: 23067K->1184K(24064K)] 61349K->39554K(107008K), 0.0005980 secs] [Times: user=0.00 sys=0.00, real=0.00 secs] 
31.339: Total time for which application threads were stopped: 0.0007280 seconds, Stopping threads took: 0.0000640 seconds
31.428: Application time: 0.0895010 seconds
31.429: [GC [PSYoungGen: 23710K->544K(24064K)] 62080K->39771K(107008K), 0.0005660 secs] [Times: user=0.00 sys=0.00, real=0.00 secs] 
31.429: Total time for which application threads were stopped: 0.0007000 seconds, Stopping threads took: 0.0000720 seconds
31.512: Application time: 0.0829530 seconds
31.512: [GC [PSYoungGen: 23067K->576K(24064K)] 62295K->40056K(107008K), 0.0004800 secs] [Times: user=0.00 sys=0.00, real=0.00 secs] 
31.513: Total time for which application threads were stopped: 0.0006090 seconds, Stopping threads took: 0.0000630 seconds
31.609: Application time: 0.0962940 seconds
31.609: [GC [PSYoungGen: 23099K->576K(24064K)] 62580K->40277K(107008K), 0.0004830 secs] [Times: user=0.01 sys=0.00, real=0.00 secs] 
31.610: Total time for which application threads were stopped: 0.0005950 seconds, Stopping threads took: 0.0000480 seconds
31.705: Application time: 0.0951880 seconds
31.705: [GC [PSYoungGen: 23104K->544K(24064K)] 62805K->40654K(107008K), 0.0005640 secs] [Times: user=0.00 sys=0.00, real=0.00 secs] 
31.705: Total time for which application threads were stopped: 0.0007050 seconds, Stopping threads took: 0.0000670 seconds
31.804: Application time: 0.0987680 seconds
31.804: [GC [PSYoungGen: 23071K->256K(24064K)] 63181K->40767K(107008K), 0.0005040 secs] [Times: user=0.00 sys=0.00, real=0.00 secs] 
31.805: Total time for which application threads were stopped: 0.0006460 seconds, Stopping threads took: 0.0000800 seconds
31.903: Application time: 0.0979130 seconds
31.903: [GC [PSYoungGen: 22782K->384K(24064K)] 63293K->41115K(107008K), 0.0004950 secs] [Times: user=0.00 sys=0.00, real=0.00 secs] 
31.903: Total time for which application threads were stopped: 0.0006200 seconds, Stopping threads took: 0.0000590 seconds
32.003: Application time: 0.0999310 seconds
32.003: [GC [PSYoungGen: 22911K->0K(24064K)] 63642K->40947K(107008K), 0.0004580 secs] [Times: user=0.00 sys=0.00, real=0.01 secs] 
32.004: Total time for which application threads were stopped: 0.0005940 seconds, Stopping threads took: 0.0000670 seconds
32.104: Application time: 0.1000150 seconds
32.104: [GC [PSYoungGen: 22527K->0K(24064K)] 63474K->40947K(107008K), 0.0004410 secs] [Times: user=0.01 sys=0.00, real=0.00 secs] 
32.105: Total time for which application threads were stopped: 0.0005950 seconds, Stopping threads took: 0.0000790 seconds
32.205: Application time: 0.1001760 seconds
32.205: [GC [PSYoungGen: 22527K->0K(24064K)] 63474K->40947K(107008K), 0.0005030 secs] [Times: user=0.00 sys=0.00, real=0.00 secs] 
32.205: Total time for which application threads were stopped: 0.0006490 seconds, Stopping threads took: 0.0000810 seconds
32.306: Application time: 0.1003830 seconds
32.306: [GC [PSYoungGen: 22527K->0K(24064K)] 63474K->40947K(107008K), 0.0004510 secs] [Times: user=0.00 sys=0.00, real=0.00 secs] 
32.306: Total time for which application threads were stopped: 0.0005890 seconds, Stopping threads took: 0.0000660 seconds
32.406: Application time: 0.1000620 seconds
32.408: [GC [PSYoungGen: 22527K->0K(24064K)] 63474K->40947K(107008K), 0.0004330 secs] [Times: user=0.00 sys=0.00, real=0.00 secs] 
32.408: Total time for which application threads were stopped: 0.0018690 seconds, Stopping threads took: 0.0013770 seconds
32.494: Application time: 0.0854870 seconds
32.494: [GC [PSYoungGen: 22526K->384K(23040K)] 63474K->41331K(105984K), 0.0004460 secs] [Times: user=0.00 sys=0.00, real=0.00 secs] 
32.494: Total time for which application threads were stopped: 0.0005640 seconds, Stopping threads took: 0.0000520 seconds
32.587: Application time: 0.0924520 seconds
32.588: [GC [PSYoungGen: 22910K->416K(23552K)] 63858K->41387K(106496K), 0.0004880 secs] [Times: user=0.01 sys=0.00, real=0.00 secs] 
32.588: Total time for which application threads were stopped: 0.0015390 seconds, Stopping threads took: 0.0009890 seconds
32.668: Application time: 0.0792930 seconds
32.668: [GC [PSYoungGen: 22941K->384K(23552K)] 63913K->41568K(106496K), 0.0004700 secs] [Times: user=0.01 sys=0.00, real=0.00 secs] 
32.668: Total time for which application threads were stopped: 0.0005970 seconds, Stopping threads took: 0.0000600 seconds
32.754: Application time: 0.0860800 seconds
32.754: [GC [PSYoungGen: 22911K->576K(23552K)] 64095K->41784K(106496K), 0.0004690 secs] [Times: user=0.00 sys=0.00, real=0.00 secs] 
32.755: Total time for which application threads were stopped: 0.0005780 seconds, Stopping threads took: 0.0000450 seconds
32.843: Application time: 0.0882980 seconds
32.843: [GC [PSYoungGen: 23103K->384K(23552K)] 64311K->41804K(106496K), 0.0005120 secs] [Times: user=0.00 sys=0.00, real=0.01 secs] 
32.844: Total time for which application threads were stopped: 0.0006500 seconds, Stopping threads took: 0.0000690 seconds
32.916: Application time: 0.0716620 seconds
32.916: [GC [PSYoungGen: 22910K->608K(23552K)] 64331K->42277K(106496K), 0.0005180 secs] [Times: user=0.00 sys=0.00, real=0.00 secs] 
32.916: Total time for which application threads were stopped: 0.0006350 seconds, Stopping threads took: 0.0000570 seconds
32.978: Application time: 0.0616530 seconds
32.978: [GC [PSYoungGen: 23135K->736K(23040K)] 64804K->42682K(105984K), 0.0005530 secs] [Times: user=0.00 sys=0.00, real=0.00 secs] 
32.979: Total time for which application threads were stopped: 0.0006750 seconds, Stopping threads took: 0.0000610 seconds
33.050: Application time: 0.0715270 seconds
33.050: [GC [PSYoungGen: 22750K->992K(23552K)] 64697K->43222K(106496K), 0.0005730 secs] [Times: user=0.00 sys=0.00, real=0.00 secs] 
33.051: Total time for which application threads were stopped: 0.0007030 seconds, Stopping threads took: 0.0000700 seconds
33.137: Application time: 0.0860410 seconds
33.137: [GC [PSYoungGen: 23005K->544K(23552K)] 65236K->43444K(106496K), 0.0005610 secs] [Times: user=0.00 sys=0.00, real=0.00 secs] 
33.137: Total time for which application threads were stopped: 0.0006860 seconds, Stopping threads took: 0.0000600 seconds
33.219: Application time: 0.0811990 seconds
33.220: [GC [PSYoungGen: 22558K->544K(23552K)] 65458K->43705K(106496K), 0.0005130 secs] [Times: user=0.00 sys=0.00, real=0.00 secs] 
33.220: Total time for which application threads were stopped: 0.0017290 seconds, Stopping threads took: 0.0011540 seconds
33.315: Application time: 0.0944080 seconds
33.315: [GC [PSYoungGen: 22558K->544K(23552K)] 65719K->43929K(106496K), 0.0005260 secs] [Times: user=0.00 sys=0.00, real=0.00 secs] 
33.315: Total time for which application threads were stopped: 0.0006650 seconds, Stopping threads took: 0.0000720 seconds
33.408: Application time: 0.0926350 seconds
33.408: [GC [PSYoungGen: 22555K->608K(23552K)] 65940K->44402K(106496K), 0.0005240 secs] [Times: user=0.00 sys=0.00, real=0.00 secs] 
33.409: Total time for which application threads were stopped: 0.0006710 seconds, Stopping threads took: 0.0000740 seconds
33.505: Application time: 0.0960320 seconds
33.505: [GC [PSYoungGen: 22622K->352K(23552K)] 66416K->44571K(106496K), 0.0004980 secs] [Times: user=0.00 sys=0.00, real=0.00 secs] 
33.505: Total time for which application threads were stopped: 0.0006190 seconds, Stopping threads took: 0.0000540 seconds
33.602: Application time: 0.0960750 seconds
33.602: [GC [PSYoungGen: 22364K->320K(22528K)] 66583K->44755K(105472K), 0.0005550 secs] [Times: user=0.00 sys=0.00, real=0.00 secs] 
33.602: Total time for which application threads were stopped: 0.0006790 seconds, Stopping threads took: 0.0000630 seconds
33.701: Application time: 0.0984190 seconds
33.701: [GC [PSYoungGen: 22336K->0K(22528K)] 66771K->44671K(105472K), 0.0004290 secs] [Times: user=0.00 sys=0.00, real=0.00 secs] 
33.701: Total time for which application threads were stopped: 0.0005640 seconds, Stopping threads took: 0.0000670 seconds
33.797: Application time: 0.0956720 seconds
33.797: [GC [PSYoungGen: 21502K->0K(23040K)] 66174K->44671K(105984K), 0.0005180 secs] [Times: user=0.00 sys=0.00, real=0.00 secs] 
33.798: Total time for which application threads were stopped: 0.0006690 seconds, Stopping threads took: 0.0000880 seconds
33.893: Application time: 0.0959230 seconds
33.894: [GC [PSYoungGen: 21502K->0K(23040K)] 66174K->44671K(105984K), 0.0004160 secs] [Times: user=0.00 sys=0.00, real=0.00 secs] 
33.894: Total time for which application threads were stopped: 0.0005500 seconds, Stopping threads took: 0.0000700 seconds
33.990: Application time: 0.0956520 seconds
33.990: [GC [PSYoungGen: 21500K->0K(22016K)] 66171K->44671K(104960K), 0.0005070 secs] [Times: user=0.00 sys=0.00, real=0.00 secs] 
33.990: Total time for which application threads were stopped: 0.0006390 seconds, Stopping threads took: 0.0000580 seconds
34.086: Application time: 0.0957290 seconds
34.088: [GC [PSYoungGen: 21502K->0K(22528K)] 66173K->44671K(105472K), 0.0004060 secs] [Times: user=0.00 sys=0.00, real=0.00 secs] 
34.088: Total time for which application threads were stopped: 0.0022620 seconds, Stopping threads took: 0.0017950 seconds
34.182: Application time: 0.0936010 seconds
34.182: [GC [PSYoungGen: 21504K->352K(22528K)] 66175K->45023K(105472K), 0.0004420 secs] [Times: user=0.00 sys=0.00, real=0.00 secs] 
34.182: Total time for which application threads were stopped: 0.0005710 seconds, Stopping threads took: 0.0000660 seconds
34.259: Application time: 0.0766470 seconds
34.259: [GC [PSYoungGen: 21852K->384K(22528K)] 66524K->45079K(105472K), 0.0004480 secs] [Times: user=0.00 sys=0.00, real=0.00 secs] 
34.260: Total time for which application threads were stopped: 0.0005750 seconds, Stopping threads took: 0.0000670 seconds
34.337: Application time: 0.0768180 seconds
34.337: [GC [PSYoungGen: 21884K->576K(22528K)] 66580K->45287K(105472K), 0.0004500 secs] [Times: user=0.01 sys=0.00, real=0.00 secs] 
34.337: Total time for which application threads were stopped: 0.0005700 seconds, Stopping threads took: 0.0000600 seconds
34.426: Application time: 0.0889390 seconds
34.426: [GC [PSYoungGen: 22076K->544K(22528K)] 66788K->45484K(105472K), 0.0004720 secs] [Times: user=0.00 sys=0.00, real=0.00 secs] 
34.427: Total time for which application threads were stopped: 0.0005950 seconds, Stopping threads took: 0.0000620 seconds
34.503: Application time: 0.0759620 seconds
34.503: [GC [PSYoungGen: 22044K->352K(22528K)] 66985K->45512K(105472K), 0.0004880 secs] [Times: user=0.00 sys=0.00, real=0.00 secs] 
34.503: Total time for which application threads were stopped: 0.0006060 seconds, Stopping threads took: 0.0000480 seconds
34.587: Application time: 0.0834300 seconds
34.587: [GC [PSYoungGen: 21853K->576K(22528K)] 67014K->45744K(105472K), 0.0005610 secs] [Times: user=0.00 sys=0.00, real=0.00 secs] 
34.587: Total time for which application threads were stopped: 0.0006840 seconds, Stopping threads took: 0.0000610 seconds
34.656: Application time: 0.0686780 seconds
34.656: [GC [PSYoungGen: 22078K->752K(22528K)] 67247K->46201K(105472K), 0.0006270 secs] [Times: user=0.00 sys=0.00, real=0.00 secs] 
34.657: Total time for which application threads were stopped: 0.0007440 seconds, Stopping threads took: 0.0000500 seconds
34.716: Application time: 0.0594740 seconds
34.716: [GC [PSYoungGen: 22173K->848K(23040K)] 67622K->46569K(105984K), 0.0006120 secs] [Times: user=0.01 sys=0.00, real=0.00 secs] 
34.717: Total time for which application threads were stopped: 0.0007440 seconds, Stopping threads took: 0.0000650 seconds
34.792: Application time: 0.0747920 seconds
34.792: [GC [PSYoungGen: 22351K->928K(23040K)] 68072K->46905K(105984K), 0.0005650 secs] [Times: user=0.01 sys=0.00, real=0.00 secs] 
34.792: Total time for which application threads were stopped: 0.0006840 seconds, Stopping threads took: 0.0000600 seconds
34.863: Application time: 0.0706780 seconds
34.863: [GC [PSYoungGen: 22431K->736K(23040K)] 68409K->47382K(105984K), 0.0006090 secs] [Times: user=0.00 sys=0.00, real=0.01 secs] 
34.864: Total time for which application threads were stopped: 0.0007400 seconds, Stopping threads took: 0.0000640 seconds
34.956: Application time: 0.0917550 seconds
34.956: [GC [PSYoungGen: 22238K->352K(23040K)] 68884K->47447K(105984K), 0.0004790 secs] [Times: user=0.00 sys=0.00, real=0.00 secs] 
34.956: Total time for which application threads were stopped: 0.0006280 seconds, Stopping threads took: 0.0000840 seconds
35.049: Application time: 0.0927850 seconds
35.049: [GC [PSYoungGen: 21851K->416K(23040K)] 68947K->47740K(105984K), 0.0004610 secs] [Times: user=0.00 sys=0.00, real=0.00 secs] 
35.050: Total time for which application threads were stopped: 0.0005940 seconds, Stopping threads took: 0.0000630 seconds
35.140: Application time: 0.0902880 seconds
35.140: [GC [PSYoungGen: 21917K->640K(23040K)] 69241K->48176K(105984K), 0.0005810 secs] [Times: user=0.00 sys=0.00, real=0.00 secs] 
35.142: Total time for which application threads were stopped: 0.0017580 seconds, Stopping threads took: 0.0000660 seconds
35.235: Application time: 0.0928690 seconds
35.235: [GC [PSYoungGen: 22140K->512K(23040K)] 69676K->48457K(105984K), 0.0005000 secs] [Times: user=0.00 sys=0.00, real=0.00 secs] 
35.235: Total time for which application threads were stopped: 0.0006310 seconds, Stopping threads took: 0.0000670 seconds
35.330: Application time: 0.0946380 seconds
35.330: [GC [PSYoungGen: 22015K->448K(23040K)] 69961K->48622K(105984K), 0.0004710 secs] [Times: user=0.01 sys=0.00, real=0.00 secs] 
35.330: Total time for which application threads were stopped: 0.0006130 seconds, Stopping threads took: 0.0000800 seconds
35.426: Application time: 0.0953300 seconds
35.426: [GC [PSYoungGen: 21950K->0K(23040K)] 70124K->48414K(105984K), 0.0004140 secs] [Times: user=0.01 sys=0.00, real=0.00 secs] 
35.426: Total time for which application threads were stopped: 0.0005500 seconds, Stopping threads took: 0.0000740 seconds
35.522: Application time: 0.0953910 seconds
35.522: [GC [PSYoungGen: 21502K->0K(23040K)] 69916K->48414K(105984K), 0.0003990 secs] [Times: user=0.00 sys=0.00, real=0.00 secs] 
35.522: Total time for which application threads were stopped: 0.0005300 seconds, Stopping threads took: 0.0000670 seconds
35.618: Application time: 0.0956840 seconds
35.618: [GC [PSYoungGen: 21502K->0K(23040K)] 69916K->48414K(105984K), 0.0003970 secs] [Times: user=0.00 sys=0.00, real=0.00 secs] 
35.618: Total time for which application threads were stopped: 0.0005570 seconds, Stopping threads took: 0.0000890 seconds
35.714: Application time: 0.0955730 seconds
35.714: [GC [PSYoungGen: 21502K->0K(23040K)] 69916K->48414K(105984K), 0.0004400 secs] [Times: user=0.00 sys=0.00, real=0.00 secs] 
35.715: Total time for which application threads were stopped: 0.0005870 seconds, Stopping threads took: 0.0000790 seconds
35.810: Application time: 0.0955210 seconds
35.810: [GC [PSYoungGen: 21502K->0K(23040K)] 69916K->48414K(105984K), 0.0004340 secs] [Times: user=0.00 sys=0.00, real=0.00 secs] 
35.811: Total time for which application threads were stopped: 0.0005430 seconds, Stopping threads took: 0.0000500 seconds
35.897: Application time: 0.0858050 seconds
35.897: [GC [PSYoungGen: 21500K->320K(22016K)] 69915K->48734K(104960K), 0.0005460 secs] [Times: user=0.00 sys=0.00, real=0.00 secs] 
35.897: Total time for which application threads were stopped: 0.0006740 seconds, Stopping threads took: 0.0000620 seconds
35.981: Application time: 0.0838200 seconds
35.981: [GC [PSYoungGen: 21819K->384K(22528K)] 70234K->48814K(105472K), 0.0004570 secs] [Times: user=0.00 sys=0.00, real=0.00 secs] 
35.982: Total time for which application threads were stopped: 0.0005690 seconds, Stopping threads took: 0.0000460 seconds
36.056: Application time: 0.0741840 seconds
36.056: [GC [PSYoungGen: 21887K->480K(22528K)] 70317K->48926K(105472K), 0.0005520 secs] [Times: user=0.00 sys=0.00, real=0.00 secs] 
36.056: Total time for which application threads were stopped: 0.0006840 seconds, Stopping threads took: 0.0000720 seconds
36.145: Application time: 0.0886570 seconds
36.145: [GC [PSYoungGen: 21983K->512K(22528K)] 70429K->49162K(105472K), 0.0004630 secs] [Times: user=0.01 sys=0.00, real=0.00 secs] 
36.146: Total time for which application threads were stopped: 0.0005740 seconds, Stopping threads took: 0.0000440 seconds
36.227: Application time: 0.0810540 seconds
36.227: [GC [PSYoungGen: 22015K->352K(22528K)] 70666K->49239K(105472K), 0.0004740 secs] [Times: user=0.00 sys=0.00, real=0.00 secs] 
36.227: Total time for which application threads were stopped: 0.0005860 seconds, Stopping threads took: 0.0000460 seconds
36.306: Application time: 0.0787120 seconds
36.306: [GC [PSYoungGen: 21852K->800K(22528K)] 70739K->49703K(105472K), 0.0005000 secs] [Times: user=0.00 sys=0.00, real=0.00 secs] 
36.307: Total time for which application threads were stopped: 0.0006120 seconds, Stopping threads took: 0.0000510 seconds
36.381: Application time: 0.0739860 seconds
36.381: [GC [PSYoungGen: 22303K->720K(22528K)] 71206K->49939K(105472K), 0.0006450 secs] [Times: user=0.00 sys=0.00, real=0.00 secs] 
36.381: Total time for which application threads were stopped: 0.0007770 seconds, Stopping threads took: 0.0000670 seconds
36.438: Application time: 0.0567260 seconds
36.438: [GC [PSYoungGen: 22221K->1120K(23040K)] 71441K->50579K(105984K), 0.0006390 secs] [Times: user=0.00 sys=0.00, real=0.00 secs] 
36.439: Total time for which application threads were stopped: 0.0007700 seconds, Stopping threads took: 0.0000650 seconds
36.514: Application time: 0.0755500 seconds
36.515: [GC [PSYoungGen: 22622K->1120K(23040K)] 72081K->50824K(105984K), 0.0006220 secs] [Times: user=0.00 sys=0.00, real=0.00 secs] 
36.515: Total time for which application threads were stopped: 0.0007440 seconds, Stopping threads took: 0.0000590 seconds
36.587: Application time: 0.0712720 seconds
36.588: [GC [PSYoungGen: 22623K->704K(23040K)] 72327K->51085K(105984K), 0.0006110 secs] [Times: user=0.00 sys=0.00, real=0.00 secs] 
36.589: Total time for which application threads were stopped: 0.0019850 seconds, Stopping threads took: 0.0013120 seconds
36.680: Application time: 0.0914450 seconds
36.680: [GC [PSYoungGen: 22206K->320K(23040K)] 72587K->51146K(105984K), 0.0005190 secs] [Times: user=0.00 sys=0.00, real=0.00 secs] 
36.681: Total time for which application threads were stopped: 0.0006430 seconds, Stopping threads took: 0.0000530 seconds
36.773: Application time: 0.0919260 seconds
36.773: [GC [PSYoungGen: 21820K->352K(23040K)] 72646K->51414K(105984K), 0.0004730 secs] [Times: user=0.00 sys=0.00, real=0.00 secs] 
36.773: Total time for which application threads were stopped: 0.0006050 seconds, Stopping threads took: 0.0000710 seconds
36.863: Application time: 0.0899470 seconds
36.863: [GC [PSYoungGen: 21853K->640K(23040K)] 72916K->51915K(105984K), 0.0005630 secs] [Times: user=0.00 sys=0.00, real=0.00 secs] 
36.864: Total time for which application threads were stopped: 0.0006830 seconds, Stopping threads took: 0.0000570 seconds
36.956: Application time: 0.0925770 seconds
36.956: [GC [PSYoungGen: 22141K->544K(23040K)] 73417K->52220K(105984K), 0.0006090 secs] [Times: user=0.00 sys=0.00, real=0.00 secs] 
36.957: Total time for which application threads were stopped: 0.0007270 seconds, Stopping threads took: 0.0000530 seconds
37.052: Application time: 0.0950220 seconds
37.052: [GC [PSYoungGen: 22046K->0K(23040K)] 73722K->52093K(105984K), 0.0004520 secs] [Times: user=0.00 sys=0.00, real=0.00 secs] 
37.053: Total time for which application threads were stopped: 0.0005760 seconds, Stopping threads took: 0.0000570 seconds
37.148: Application time: 0.0952450 seconds
37.148: [GC [PSYoungGen: 21500K->0K(23040K)] 73593K->52093K(105984K), 0.0004910 secs] [Times: user=0.01 sys=0.00, real=0.00 secs] 
37.149: Total time for which application threads were stopped: 0.0006120 seconds, Stopping threads took: 0.0000560 seconds
37.243: Application time: 0.0949110 seconds
37.244: [GC [PSYoungGen: 21502K->0K(23040K)] 73595K->52093K(105984K), 0.0004550 secs] [Times: user=0.01 sys=0.00, real=0.01 secs] 
37.244: Total time for which application threads were stopped: 0.0005960 seconds, Stopping threads took: 0.0000650 seconds
37.339: Application time: 0.0951810 seconds
37.339: [GC [PSYoungGen: 21502K->0K(23040K)] 73595K->52093K(105984K), 0.0004390 secs] [Times: user=0.00 sys=0.00, real=0.00 secs] 
37.340: Total time for which application threads were stopped: 0.0005780 seconds, Stopping threads took: 0.0000700 seconds
37.436: Application time: 0.0957780 seconds
37.436: [GC [PSYoungGen: 21502K->0K(23040K)] 73596K->52093K(105984K), 0.0004090 secs] [Times: user=0.00 sys=0.00, real=0.00 secs] 
37.436: Total time for which application threads were stopped: 0.0005290 seconds, Stopping threads took: 0.0000580 seconds
37.532: Application time: 0.0954220 seconds
37.532: [GC [PSYoungGen: 21502K->0K(23040K)] 73595K->52093K(105984K), 0.0003820 secs] [Times: user=0.00 sys=0.00, real=0.00 secs] 
37.532: Total time for which application threads were stopped: 0.0007230 seconds, Stopping threads took: 0.0002840 seconds
37.615: Application time: 0.0830630 seconds
37.615: [GC [PSYoungGen: 21502K->384K(23040K)] 73596K->52477K(105984K), 0.0004830 secs] [Times: user=0.00 sys=0.00, real=0.00 secs] 
37.616: Total time for which application threads were stopped: 0.0006280 seconds, Stopping threads took: 0.0000780 seconds
37.703: Application time: 0.0872890 seconds
37.703: [GC [PSYoungGen: 21886K->384K(23040K)] 73980K->52493K(105984K), 0.0004490 secs] [Times: user=0.00 sys=0.00, real=0.01 secs] 
37.704: Total time for which application threads were stopped: 0.0005880 seconds, Stopping threads took: 0.0000740 seconds
37.780: Application time: 0.0762500 seconds
37.780: [GC [PSYoungGen: 21884K->352K(22016K)] 73994K->52674K(104960K), 0.0004710 secs] [Times: user=0.00 sys=0.00, real=0.00 secs] 
37.781: Total time for which application threads were stopped: 0.0005960 seconds, Stopping threads took: 0.0000570 seconds
37.864: Application time: 0.0837950 seconds
37.865: [GC [PSYoungGen: 21852K->512K(22528K)] 74175K->52842K(105472K), 0.0004490 secs] [Times: user=0.00 sys=0.00, real=0.00 secs] 
37.865: Total time for which application threads were stopped: 0.0005640 seconds, Stopping threads took: 0.0000540 seconds
37.949: Application time: 0.0834990 seconds
37.949: [GC [PSYoungGen: 22014K->352K(22528K)] 74345K->52914K(105472K), 0.0004650 secs] [Times: user=0.00 sys=0.00, real=0.00 secs] 
37.949: Total time for which application threads were stopped: 0.0005990 seconds, Stopping threads took: 0.0000690 seconds
38.020: Application time: 0.0709770 seconds
38.020: [GC [PSYoungGen: 21852K->768K(22016K)] 74414K->53346K(104960K), 0.0005900 secs] [Times: user=0.00 sys=0.00, real=0.00 secs] 
38.021: Total time for which application threads were stopped: 0.0007020 seconds, Stopping threads took: 0.0000500 seconds
38.095: Application time: 0.0746210 seconds
38.096: [GC [PSYoungGen: 21759K->576K(22528K)] 74337K->53658K(105472K), 0.0005580 secs] [Times: user=0.00 sys=0.00, real=0.00 secs] 
38.096: Total time for which application threads were stopped: 0.0006740 seconds, Stopping threads took: 0.0000530 seconds
38.157: Application time: 0.0608580 seconds
38.157: [GC [PSYoungGen: 21566K->928K(22528K)] 74648K->54270K(105472K), 0.0006290 secs] [Times: user=0.00 sys=0.00, real=0.00 secs] 
38.158: Total time for which application threads were stopped: 0.0007590 seconds, Stopping threads took: 0.0000640 seconds
38.228: Application time: 0.0703860 seconds
38.232: [GC [PSYoungGen: 21916K->912K(22528K)] 75259K->54539K(105472K), 0.0006470 secs] [Times: user=0.01 sys=0.00, real=0.00 secs] 
38.233: Total time for which application threads were stopped: 0.0044130 seconds, Stopping threads took: 0.0037030 seconds
38.303: Application time: 0.0707490 seconds
38.303: [GC [PSYoungGen: 21904K->768K(22528K)] 75531K->54836K(105472K), 0.0005790 secs] [Times: user=0.00 sys=0.00, real=0.01 secs] 
38.304: Total time for which application threads were stopped: 0.0007110 seconds, Stopping threads took: 0.0000550 seconds
38.393: Application time: 0.0894810 seconds
38.394: [GC [PSYoungGen: 21758K->352K(22528K)] 75826K->54869K(105472K), 0.0005270 secs] [Times: user=0.00 sys=0.00, real=0.00 secs] 
38.394: Total time for which application threads were stopped: 0.0006540 seconds, Stopping threads took: 0.0000640 seconds
38.484: Application time: 0.0895220 seconds
38.484: [GC [PSYoungGen: 21339K->416K(22528K)] 75856K->55161K(105472K), 0.0004720 secs] [Times: user=0.00 sys=0.00, real=0.00 secs] 
38.484: Total time for which application threads were stopped: 0.0006050 seconds, Stopping threads took: 0.0000690 seconds
38.571: Application time: 0.0870560 seconds
38.571: [GC [PSYoungGen: 21405K->704K(22528K)] 76151K->55662K(105472K), 0.0005460 secs] [Times: user=0.00 sys=0.00, real=0.01 secs] 
38.572: Total time for which application threads were stopped: 0.0006740 seconds, Stopping threads took: 0.0000600 seconds
38.662: Application time: 0.0898460 seconds
38.662: [GC [PSYoungGen: 21691K->544K(22528K)] 76650K->55927K(105472K), 0.0005130 secs] [Times: user=0.00 sys=0.00, real=0.00 secs] 
38.663: Total time for which application threads were stopped: 0.0006480 seconds, Stopping threads took: 0.0000730 seconds
38.756: Application time: 0.0933020 seconds
38.756: [GC [PSYoungGen: 21534K->0K(22528K)] 76917K->55932K(105472K), 0.0004900 secs] [Times: user=0.00 sys=0.00, real=0.00 secs] 
38.756: Total time for which application threads were stopped: 0.0006210 seconds, Stopping threads took: 0.0000700 seconds
38.849: Application time: 0.0930510 seconds
38.850: [GC [PSYoungGen: 20987K->0K(22528K)] 76919K->55932K(105472K), 0.0004540 secs] [Times: user=0.01 sys=0.00, real=0.00 secs] 
38.850: Total time for which application threads were stopped: 0.0005820 seconds, Stopping threads took: 0.0000520 seconds
38.943: Application time: 0.0931610 seconds
38.943: [GC [PSYoungGen: 20988K->0K(22528K)] 76920K->55932K(105472K), 0.0004100 secs] [Times: user=0.00 sys=0.00, real=0.00 secs] 
38.944: Total time for which application threads were stopped: 0.0005480 seconds, Stopping threads took: 0.0000700 seconds
39.037: Application time: 0.0934230 seconds
39.037: [GC [PSYoungGen: 20987K->0K(22528K)] 76919K->55932K(105472K), 0.0004660 secs] [Times: user=0.00 sys=0.00, real=0.00 secs] 
39.038: Total time for which application threads were stopped: 0.0005890 seconds, Stopping threads took: 0.0000600 seconds
39.132: Application time: 0.0945750 seconds
39.132: [GC [PSYoungGen: 20990K->0K(22528K)] 76922K->55932K(105472K), 0.0004730 secs] [Times: user=0.00 sys=0.00, real=0.00 secs] 
39.133: Total time for which application threads were stopped: 0.0005900 seconds, Stopping threads took: 0.0000590 seconds
39.226: Application time: 0.0932800 seconds
39.226: [GC [PSYoungGen: 20988K->0K(22528K)] 76920K->55932K(105472K), 0.0004390 secs] [Times: user=0.00 sys=0.00, real=0.00 secs] 
39.227: Total time for which application threads were stopped: 0.0005830 seconds, Stopping threads took: 0.0000690 seconds
39.312: Application time: 0.0848030 seconds
39.312: [GC [PSYoungGen: 20991K->384K(22528K)] 76923K->56316K(105472K), 0.0004450 secs] [Times: user=0.00 sys=0.00, real=0.01 secs] 
39.312: Total time for which application threads were stopped: 0.0005750 seconds, Stopping threads took: 0.0000670 seconds
39.394: Application time: 0.0818890 seconds
39.396: [GC [PSYoungGen: 21373K->320K(21504K)] 77305K->56268K(104448K), 0.0005340 secs] [Times: user=0.00 sys=0.00, real=0.00 secs] 
39.396: Total time for which application threads were stopped: 0.0023020 seconds, Stopping threads took: 0.0016970 seconds
39.469: Application time: 0.0727630 seconds
39.469: [GC [PSYoungGen: 21310K->544K(22016K)] 77259K->56508K(104960K), 0.0004620 secs] [Times: user=0.00 sys=0.00, real=0.00 secs] 
39.470: Total time for which application threads were stopped: 0.0005730 seconds, Stopping threads took: 0.0000520 seconds
39.561: Application time: 0.0914090 seconds
39.561: [GC [PSYoungGen: 21534K->384K(22016K)] 77498K->56572K(104960K), 0.0005260 secs] [Times: user=0.00 sys=0.00, real=0.00 secs] 
39.562: Total time for which application threads were stopped: 0.0006750 seconds, Stopping threads took: 0.0000840 seconds
39.634: Application time: 0.0723620 seconds
39.634: [GC [PSYoungGen: 21375K->288K(22016K)] 77564K->56696K(104960K), 0.0005150 secs] [Times: user=0.00 sys=0.00, real=0.00 secs] 
39.635: Total time for which application threads were stopped: 0.0006320 seconds, Stopping threads took: 0.0000480 seconds
39.707: Application time: 0.0725880 seconds
39.708: [GC [PSYoungGen: 21278K->816K(21504K)] 77686K->57240K(104448K), 0.0005680 secs] [Times: user=0.01 sys=0.00, real=0.00 secs] 
39.708: Total time for which application threads were stopped: 0.0006900 seconds, Stopping threads took: 0.0000560 seconds
39.792: Application time: 0.0836640 seconds
39.792: [GC [PSYoungGen: 21296K->544K(22016K)] 77720K->57273K(104960K), 0.0006240 secs] [Times: user=0.01 sys=0.00, real=0.00 secs] 
39.793: Total time for which application threads were stopped: 0.0007350 seconds, Stopping threads took: 0.0000410 seconds
39.855: Application time: 0.0622720 seconds
39.855: [GC [PSYoungGen: 20983K->640K(22016K)] 77713K->57778K(104960K), 0.0005330 secs] [Times: user=0.00 sys=0.00, real=0.00 secs] 
39.855: Total time for which application threads were stopped: 0.0006670 seconds, Stopping threads took: 0.0000710 seconds
39.910: Application time: 0.0544850 seconds
39.910: [GC [PSYoungGen: 21118K->576K(22016K)] 78256K->57991K(104960K), 0.0005220 secs] [Times: user=0.00 sys=0.00, real=0.00 secs] 
39.911: Total time for which application threads were stopped: 0.0006510 seconds, Stopping threads took: 0.0000630 seconds
39.976: Application time: 0.0649210 seconds
39.976: [GC [PSYoungGen: 21054K->768K(22016K)] 78469K->58443K(104960K), 0.0005480 secs] [Times: user=0.00 sys=0.00, real=0.00 secs] 
39.976: Total time for which application threads were stopped: 0.0006680 seconds, Stopping threads took: 0.0000580 seconds
40.061: Application time: 0.0852760 seconds
40.062: [GC [PSYoungGen: 21243K->544K(22016K)] 78919K->58696K(104960K), 0.0006240 secs] [Times: user=0.00 sys=0.00, real=0.00 secs] 
40.062: Total time for which application threads were stopped: 0.0007480 seconds, Stopping threads took: 0.0000570 seconds
40.150: Application time: 0.0876060 seconds
40.150: [GC [PSYoungGen: 21022K->320K(22016K)] 79174K->58884K(104960K), 0.0005750 secs] [Times: user=0.01 sys=0.00, real=0.00 secs] 
40.152: Total time for which application threads were stopped: 0.0016770 seconds, Stopping threads took: 0.0000690 seconds
40.239: Application time: 0.0872880 seconds
40.239: [GC [PSYoungGen: 20798K->384K(20992K)] 79363K->59169K(103936K), 0.0005260 secs] [Times: user=0.01 sys=0.00, real=0.00 secs] 
40.239: Total time for which application threads were stopped: 0.0006760 seconds, Stopping threads took: 0.0000850 seconds
40.325: Application time: 0.0859980 seconds
40.326: [GC [PSYoungGen: 20859K->544K(21504K)] 79644K->59553K(104448K), 0.0005390 secs] [Times: user=0.01 sys=0.00, real=0.00 secs] 
40.326: Total time for which application threads were stopped: 0.0006890 seconds, Stopping threads took: 0.0000860 seconds
40.415: Application time: 0.0885010 seconds
40.416: [GC [PSYoungGen: 21023K->416K(21504K)] 80033K->59834K(104448K), 0.0005430 secs] [Times: user=0.00 sys=0.00, real=0.00 secs] 
40.416: Total time for which application threads were stopped: 0.0017790 seconds, Stopping threads took: 0.0011590 seconds
40.508: Application time: 0.0915740 seconds
40.508: [GC [PSYoungGen: 20892K->0K(21504K)] 80311K->59650K(104448K), 0.0004310 secs] [Times: user=0.00 sys=0.00, real=0.00 secs] 
40.509: Total time for which application threads were stopped: 0.0005470 seconds, Stopping threads took: 0.0000540 seconds
40.600: Application time: 0.0918680 seconds
40.601: [GC [PSYoungGen: 20476K->0K(21504K)] 80127K->59650K(104448K), 0.0003980 secs] [Times: user=0.00 sys=0.00, real=0.00 secs] 
40.601: Total time for which application threads were stopped: 0.0005150 seconds, Stopping threads took: 0.0000610 seconds
40.692: Application time: 0.0911020 seconds
40.692: [GC [PSYoungGen: 20478K->0K(21504K)] 80129K->59650K(104448K), 0.0004240 secs] [Times: user=0.00 sys=0.00, real=0.00 secs] 
40.693: Total time for which application threads were stopped: 0.0005500 seconds, Stopping threads took: 0.0000660 seconds
40.784: Application time: 0.0911990 seconds
40.784: [GC [PSYoungGen: 20476K->0K(21504K)] 80127K->59650K(104448K), 0.0004660 secs] [Times: user=0.01 sys=0.00, real=0.00 secs] 
40.784: Total time for which application threads were stopped: 0.0005890 seconds, Stopping threads took: 0.0000560 seconds
40.877: Application time: 0.0927890 seconds
40.877: [GC [PSYoungGen: 20476K->0K(21504K)] 80127K->59650K(104448K), 0.0004360 secs] [Times: user=0.00 sys=0.00, real=0.00 secs] 
40.878: Total time for which application threads were stopped: 0.0005910 seconds, Stopping threads took: 0.0000900 seconds
40.969: Application time: 0.0909280 seconds
40.969: [GC [PSYoungGen: 20476K->0K(21504K)] 80127K->59650K(104448K), 0.0004110 secs] [Times: user=0.00 sys=0.00, real=0.00 secs] 
40.969: Total time for which application threads were stopped: 0.0005500 seconds, Stopping threads took: 0.0000700 seconds
41.040: Application time: 0.0709760 seconds
41.040: [GC [PSYoungGen: 20475K->480K(21504K)] 80126K->60130K(104448K), 0.0004630 secs] [Times: user=0.00 sys=0.00, real=0.00 secs] 
41.041: Total time for which application threads were stopped: 0.0005850 seconds, Stopping threads took: 0.0000620 seconds
41.125: Application time: 0.0846100 seconds
41.126: [GC [PSYoungGen: 20956K->512K(21504K)] 80606K->60178K(104448K), 0.0004930 secs] [Times: user=0.00 sys=0.00, real=0.00 secs] 
41.126: Total time for which application threads were stopped: 0.0006130 seconds, Stopping threads took: 0.0000550 seconds
41.201: Application time: 0.0744730 seconds
41.201: [GC [PSYoungGen: 20990K->384K(21504K)] 80657K->60279K(104448K), 0.0004960 secs] [Times: user=0.00 sys=0.00, real=0.00 secs] 
41.201: Total time for which application threads were stopped: 0.0006160 seconds, Stopping threads took: 0.0000590 seconds
41.284: Application time: 0.0826580 seconds
41.284: [GC [PSYoungGen: 20860K->544K(21504K)] 80755K->60463K(104448K), 0.0004770 secs] [Times: user=0.00 sys=0.00, real=0.00 secs] 
41.284: Total time for which application threads were stopped: 0.0006010 seconds, Stopping threads took: 0.0000600 seconds
41.361: Application time: 0.0762990 seconds
41.361: [GC [PSYoungGen: 21022K->320K(21504K)] 80941K->60467K(104448K), 0.0005120 secs] [Times: user=0.00 sys=0.00, real=0.00 secs] 
41.361: Total time for which application threads were stopped: 0.0006430 seconds, Stopping threads took: 0.0000710 seconds
41.428: Application time: 0.0663030 seconds
41.428: [GC [PSYoungGen: 20795K->784K(21504K)] 80943K->60947K(104448K), 0.0005660 secs] [Times: user=0.00 sys=0.00, real=0.00 secs] 
41.428: Total time for which application threads were stopped: 0.0007020 seconds, Stopping threads took: 0.0000680 seconds
41.508: Application time: 0.0800750 seconds
41.509: [GC [PSYoungGen: 21263K->608K(20992K)] 81427K->61276K(103936K), 0.0005420 secs] [Times: user=0.00 sys=0.00, real=0.00 secs] 
41.509: Total time for which application threads were stopped: 0.0006780 seconds, Stopping threads took: 0.0000660 seconds
41.577: Application time: 0.0678030 seconds
41.577: [GC [PSYoungGen: 20575K->800K(21504K)] 81244K->61721K(104448K), 0.0005400 secs] [Times: user=0.00 sys=0.00, real=0.00 secs] 
41.578: Total time for which application threads were stopped: 0.0006610 seconds, Stopping threads took: 0.0000590 seconds
41.630: Application time: 0.0524690 seconds
41.630: [GC [PSYoungGen: 20767K->640K(21504K)] 81688K->61937K(104448K), 0.0005210 secs] [Times: user=0.00 sys=0.00, real=0.00 secs] 
41.631: Total time for which application threads were stopped: 0.0006620 seconds, Stopping threads took: 0.0000790 seconds
41.693: Application time: 0.0624610 seconds
41.693: [GC [PSYoungGen: 20604K->960K(21504K)] 81901K->62513K(104448K), 0.0006080 secs] [Times: user=0.00 sys=0.00, real=0.00 secs] 
41.694: Total time for which application threads were stopped: 0.0007350 seconds, Stopping threads took: 0.0000620 seconds
41.777: Application time: 0.0830350 seconds
41.777: [GC [PSYoungGen: 20926K->736K(21504K)] 82479K->62582K(104448K), 0.0005490 secs] [Times: user=0.00 sys=0.00, real=0.00 secs] 
41.778: Total time for which application threads were stopped: 0.0006740 seconds, Stopping threads took: 0.0000620 seconds
41.863: Application time: 0.0854870 seconds
41.863: [GC [PSYoungGen: 20702K->352K(21504K)] 82548K->62827K(104448K), 0.0005230 secs] [Times: user=0.00 sys=0.00, real=0.01 secs] 
41.864: Total time for which application threads were stopped: 0.0006650 seconds, Stopping threads took: 0.0000740 seconds
41.950: Application time: 0.0860950 seconds
41.950: [GC [PSYoungGen: 20317K->384K(21504K)] 82793K->63088K(104448K), 0.0004710 secs] [Times: user=0.00 sys=0.00, real=0.00 secs] 
41.950: Total time for which application threads were stopped: 0.0005970 seconds, Stopping threads took: 0.0000640 seconds
42.035: Application time: 0.0842690 seconds
42.035: [GC [PSYoungGen: 20349K->512K(21504K)] 83053K->63440K(104448K), 0.0005300 secs] [Times: user=0.00 sys=0.00, real=0.00 secs] 
42.035: Total time for which application threads were stopped: 0.0006500 seconds, Stopping threads took: 0.0000480 seconds
42.123: Application time: 0.0873820 seconds
42.123: [GC [PSYoungGen: 20478K->352K(21504K)] 83406K->63708K(104448K), 0.0005350 secs] [Times: user=0.00 sys=0.00, real=0.00 secs] 
42.123: Total time for which application threads were stopped: 0.0006340 seconds, Stopping threads took: 0.0000390 seconds
42.212: Application time: 0.0886680 seconds
42.212: [GC [PSYoungGen: 20316K->0K(21504K)] 83673K->63589K(104448K), 0.0004450 secs] [Times: user=0.00 sys=0.00, real=0.00 secs] 
42.213: Total time for which application threads were stopped: 0.0005750 seconds, Stopping threads took: 0.0000660 seconds
42.302: Application time: 0.0889680 seconds
42.302: Total time for which application threads were stopped: 0.0000850 seconds, Stopping threads took: 0.0000600 seconds
42.304: Application time: 0.0020580 seconds
42.304: [GC [PSYoungGen: 19964K->32K(21504K)] 83584K->63652K(104448K), 0.0004670 secs] [Times: user=0.00 sys=0.00, real=0.00 secs] 
42.304: Total time for which application threads were stopped: 0.0005240 seconds, Stopping threads took: 0.0000070 seconds
42.395: Application time: 0.0904440 seconds
42.395: [GC [PSYoungGen: 19996K->0K(21504K)] 83901K->63905K(104448K), 0.0004200 secs] [Times: user=0.00 sys=0.00, real=0.00 secs] 
42.395: Total time for which application threads were stopped: 0.0005320 seconds, Stopping threads took: 0.0000520 seconds
42.484: Application time: 0.0888860 seconds
42.484: [GC [PSYoungGen: 19964K->0K(21504K)] 83869K->63905K(104448K), 0.0005000 secs] [Times: user=0.00 sys=0.00, real=0.00 secs] 
42.485: Total time for which application threads were stopped: 0.0006280 seconds, Stopping threads took: 0.0000670 seconds
42.574: Application time: 0.0887960 seconds
42.574: [GC [PSYoungGen: 19964K->0K(21504K)] 83869K->63905K(104448K), 0.0004640 secs] [Times: user=0.00 sys=0.00, real=0.00 secs] 
42.574: Total time for which application threads were stopped: 0.0005860 seconds, Stopping threads took: 0.0000530 seconds
42.663: Application time: 0.0885290 seconds
42.663: [GC [PSYoungGen: 19964K->0K(21504K)] 83869K->63905K(104448K), 0.0004960 secs] [Times: user=0.00 sys=0.00, real=0.00 secs] 
42.663: Total time for which application threads were stopped: 0.0006210 seconds, Stopping threads took: 0.0000570 seconds
42.733: Application time: 0.0698780 seconds
42.736: [GC [PSYoungGen: 19966K->256K(20480K)] 83871K->64161K(103424K), 0.0005450 secs] [Times: user=0.01 sys=0.00, real=0.00 secs] 
42.736: Total time for which application threads were stopped: 0.0032290 seconds, Stopping threads took: 0.0026170 seconds
42.822: Application time: 0.0855910 seconds
42.822: [GC [PSYoungGen: 20210K->416K(20992K)] 84115K->64337K(103936K), 0.0005000 secs] [Times: user=0.00 sys=0.00, real=0.00 secs] 
42.823: Total time for which application threads were stopped: 0.0006250 seconds, Stopping threads took: 0.0000610 seconds
42.891: Application time: 0.0687250 seconds
42.892: [GC [PSYoungGen: 20382K->352K(20992K)] 84303K->64493K(103936K), 0.0004940 secs] [Times: user=0.00 sys=0.00, real=0.01 secs] 
42.892: Total time for which application threads were stopped: 0.0006200 seconds, Stopping threads took: 0.0000610 seconds
42.979: Application time: 0.0866520 seconds
42.979: [GC [PSYoungGen: 20318K->352K(20992K)] 84459K->64525K(103936K), 0.0004920 secs] [Times: user=0.01 sys=0.00, real=0.00 secs] 
42.979: Total time for which application threads were stopped: 0.0006210 seconds, Stopping threads took: 0.0000620 seconds
43.048: Application time: 0.0683240 seconds
43.048: [GC [PSYoungGen: 20316K->320K(20992K)] 84490K->64706K(103936K), 0.0005230 secs] [Times: user=0.00 sys=0.00, real=0.00 secs] 
43.048: Total time for which application threads were stopped: 0.0006510 seconds, Stopping threads took: 0.0000650 seconds
43.123: Application time: 0.0748450 seconds
43.123: [GC [PSYoungGen: 20283K->784K(20992K)] 84669K->65178K(103936K), 0.0006040 secs] [Times: user=0.00 sys=0.00, real=0.01 secs] 
43.124: Total time for which application threads were stopped: 0.0007530 seconds, Stopping threads took: 0.0000770 seconds
43.200: Application time: 0.0757150 seconds
43.200: [GC [PSYoungGen: 20752K->576K(20992K)] 85146K->65286K(103936K), 0.0005240 secs] [Times: user=0.00 sys=0.00, real=0.00 secs] 
43.200: Total time for which application threads were stopped: 0.0006460 seconds, Stopping threads took: 0.0000600 seconds
43.264: Application time: 0.0642410 seconds
43.265: [GC [PSYoungGen: 20540K->736K(20480K)] 85251K->65659K(103424K), 0.0006100 secs] [Times: user=0.01 sys=0.00, real=0.00 secs] 
43.265: Total time for which application threads were stopped: 0.0007270 seconds, Stopping threads took: 0.0000550 seconds
43.325: Application time: 0.0599870 seconds
43.325: [GC [PSYoungGen: 20189K->704K(20992K)] 85112K->66232K(103936K), 0.0006240 secs] [Times: user=0.00 sys=0.00, real=0.00 secs] 
43.326: Total time for which application threads were stopped: 0.0007500 seconds, Stopping threads took: 0.0000650 seconds
43.382: Application time: 0.0562820 seconds
43.382: [GC [PSYoungGen: 20158K->800K(20992K)] 85686K->66532K(103936K), 0.0005570 secs] [Times: user=0.00 sys=0.00, real=0.00 secs] 
43.383: Total time for which application threads were stopped: 0.0006800 seconds, Stopping threads took: 0.0000610 seconds
43.454: Application time: 0.0713310 seconds
43.454: [GC [PSYoungGen: 20251K->928K(20992K)] 85984K->66780K(103936K), 0.0006140 secs] [Times: user=0.00 sys=0.00, real=0.00 secs] 
43.455: Total time for which application threads were stopped: 0.0007510 seconds, Stopping threads took: 0.0000730 seconds
43.537: Application time: 0.0816990 seconds
43.537: [GC [PSYoungGen: 20379K->512K(20992K)] 86232K->66962K(103936K), 0.0005840 secs] [Times: user=0.00 sys=0.00, real=0.00 secs] 
43.537: Total time for which application threads were stopped: 0.0007040 seconds, Stopping threads took: 0.0000500 seconds
43.624: Application time: 0.0865600 seconds
43.624: [GC [PSYoungGen: 19963K->0K(20992K)] 86414K->66870K(103936K), 0.0004550 secs] [Times: user=0.00 sys=0.00, real=0.00 secs] 
43.625: Total time for which application threads were stopped: 0.0005790 seconds, Stopping threads took: 0.0000580 seconds
43.708: Application time: 0.0838730 seconds
43.709: [GC [PSYoungGen: 19455K->384K(20992K)] 86326K->67254K(103936K), 0.0004610 secs] [Times: user=0.01 sys=0.00, real=0.00 secs] 
43.709: Total time for which application threads were stopped: 0.0006010 seconds, Stopping threads took: 0.0000730 seconds
43.790: Application time: 0.0811750 seconds
43.790: [GC [PSYoungGen: 19837K->704K(20992K)] 86708K->67795K(103936K), 0.0005530 secs] [Times: user=0.00 sys=0.00, real=0.00 secs] 
43.791: Total time for which application threads were stopped: 0.0006770 seconds, Stopping threads took: 0.0000660 seconds
43.877: Application time: 0.0865980 seconds
43.878: [GC [PSYoungGen: 20157K->384K(20992K)] 87249K->67884K(103936K), 0.0005010 secs] [Times: user=0.00 sys=0.00, real=0.00 secs] 
43.878: Total time for which application threads were stopped: 0.0006210 seconds, Stopping threads took: 0.0000600 seconds
43.965: Application time: 0.0866930 seconds
43.965: [GC [PSYoungGen: 19835K->0K(20992K)] 87336K->67737K(103936K), 0.0004410 secs] [Times: user=0.00 sys=0.00, real=0.00 secs] 
43.965: Total time for which application threads were stopped: 0.0005530 seconds, Stopping threads took: 0.0000520 seconds
44.052: Application time: 0.0862200 seconds
44.052: [GC [PSYoungGen: 19453K->0K(20992K)] 87191K->67737K(103936K), 0.0004460 secs] [Times: user=0.01 sys=0.00, real=0.01 secs] 
44.052: Total time for which application threads were stopped: 0.0005690 seconds, Stopping threads took: 0.0000620 seconds
44.139: Application time: 0.0864420 seconds
44.139: [GC [PSYoungGen: 19453K->0K(20992K)] 87191K->67737K(103936K), 0.0004570 secs] [Times: user=0.00 sys=0.00, real=0.00 secs] 
44.139: Total time for which application threads were stopped: 0.0006050 seconds, Stopping threads took: 0.0000710 seconds
44.226: Application time: 0.0864490 seconds
44.226: [GC [PSYoungGen: 19453K->0K(20992K)] 87191K->67737K(103936K), 0.0004320 secs] [Times: user=0.00 sys=0.00, real=0.00 secs] 
44.226: Total time for which application threads were stopped: 0.0005560 seconds, Stopping threads took: 0.0000560 seconds
44.313: Application time: 0.0866070 seconds
44.313: [GC [PSYoungGen: 19453K->0K(20992K)] 87191K->67737K(103936K), 0.0005090 secs] [Times: user=0.00 sys=0.00, real=0.00 secs] 
44.313: Total time for which application threads were stopped: 0.0006300 seconds, Stopping threads took: 0.0000570 seconds
44.399: Application time: 0.0854980 seconds
44.399: [GC [PSYoungGen: 19451K->352K(20992K)] 87188K->68089K(103936K), 0.0004510 secs] [Times: user=0.00 sys=0.00, real=0.00 secs] 
44.400: Total time for which application threads were stopped: 0.0005560 seconds, Stopping threads took: 0.0000430 seconds
44.467: Application time: 0.0671720 seconds
44.467: [GC [PSYoungGen: 19806K->384K(19968K)] 87543K->68137K(102912K), 0.0005160 secs] [Times: user=0.00 sys=0.00, real=0.00 secs] 
44.467: Total time for which application threads were stopped: 0.0006420 seconds, Stopping threads took: 0.0000590 seconds
44.547: Application time: 0.0798780 seconds
44.547: [GC [PSYoungGen: 19838K->480K(20480K)] 87591K->68249K(103424K), 0.0005400 secs] [Times: user=0.01 sys=0.00, real=0.00 secs] 
44.548: Total time for which application threads were stopped: 0.0006710 seconds, Stopping threads took: 0.0000650 seconds
44.618: Application time: 0.0703290 seconds
44.618: [GC [PSYoungGen: 19935K->352K(20480K)] 87704K->68349K(103424K), 0.0004710 secs] [Times: user=0.00 sys=0.00, real=0.00 secs] 
44.619: Total time for which application threads were stopped: 0.0005770 seconds, Stopping threads took: 0.0000430 seconds
44.698: Application time: 0.0789560 seconds
44.698: [GC [PSYoungGen: 19806K->544K(20480K)] 87804K->68565K(103424K), 0.0004980 secs] [Times: user=0.00 sys=0.00, real=0.00 secs] 
44.698: Total time for which application threads were stopped: 0.0006320 seconds, Stopping threads took: 0.0000610 seconds
44.770: Application time: 0.0718740 seconds
44.770: [GC [PSYoungGen: 19996K->352K(20480K)] 88018K->68589K(103424K), 0.0004900 secs] [Times: user=0.00 sys=0.00, real=0.00 secs] 
44.771: Total time for which application threads were stopped: 0.0006130 seconds, Stopping threads took: 0.0000570 seconds
44.840: Application time: 0.0691160 seconds
44.840: [GC [PSYoungGen: 19806K->832K(19968K)] 88043K->69077K(102912K), 0.0005720 secs] [Times: user=0.00 sys=0.00, real=0.00 secs] 
44.841: Total time for which application threads were stopped: 0.0007050 seconds, Stopping threads took: 0.0000720 seconds
44.911: Application time: 0.0703590 seconds
44.911: [GC [PSYoungGen: 19774K->512K(19968K)] 88019K->69266K(102912K), 0.0006040 secs] [Times: user=0.00 sys=0.00, real=0.00 secs] 
44.912: Total time for which application threads were stopped: 0.0007330 seconds, Stopping threads took: 0.0000590 seconds
44.976: Application time: 0.0644110 seconds
44.976: [GC [PSYoungGen: 19455K->768K(19456K)] 88209K->69538K(102400K), 0.0005400 secs] [Times: user=0.00 sys=0.00, real=0.00 secs] 
44.977: Total time for which application threads were stopped: 0.0006500 seconds, Stopping threads took: 0.0000500 seconds
45.037: Application time: 0.0603640 seconds
45.037: [GC [PSYoungGen: 19198K->704K(19968K)] 87968K->69947K(102912K), 0.0005950 secs] [Times: user=0.01 sys=0.00, real=0.00 secs] 
45.038: Total time for which application threads were stopped: 0.0007460 seconds, Stopping threads took: 0.0000850 seconds
45.087: Application time: 0.0492560 seconds
45.087: [GC [PSYoungGen: 19132K->768K(19968K)] 88375K->70232K(102912K), 0.0005740 secs] [Times: user=0.00 sys=0.00, real=0.00 secs] 
45.088: Total time for which application threads were stopped: 0.0006970 seconds, Stopping threads took: 0.0000610 seconds
45.155: Application time: 0.0673540 seconds
45.155: [GC [PSYoungGen: 19199K->928K(19968K)] 88663K->70520K(102912K), 0.0005960 secs] [Times: user=0.00 sys=0.00, real=0.00 secs] 
45.156: Total time for which application threads were stopped: 0.0007250 seconds, Stopping threads took: 0.0000630 seconds
45.235: Application time: 0.0789060 seconds
45.235: [GC [PSYoungGen: 19356K->256K(19968K)] 88948K->70461K(102912K), 0.0006000 secs] [Times: user=0.00 sys=0.00, real=0.00 secs] 
45.236: Total time for which application threads were stopped: 0.0007170 seconds, Stopping threads took: 0.0000450 seconds
45.314: Application time: 0.0780960 seconds
45.314: [GC [PSYoungGen: 18686K->384K(19968K)] 88891K->70818K(102912K), 0.0005050 secs] [Times: user=0.00 sys=0.00, real=0.00 secs] 
45.314: Total time for which application threads were stopped: 0.0006570 seconds, Stopping threads took: 0.0000840 seconds
45.394: Application time: 0.0798280 seconds
45.394: [GC [PSYoungGen: 18814K->288K(19968K)] 89248K->70926K(102912K), 0.0005230 secs] [Times: user=0.00 sys=0.00, real=0.00 secs] 
45.395: Total time for which application threads were stopped: 0.0006600 seconds, Stopping threads took: 0.0000700 seconds
45.472: Application time: 0.0772970 seconds
45.472: [GC [PSYoungGen: 18717K->544K(19968K)] 89356K->71395K(102912K), 0.0005810 secs] [Times: user=0.00 sys=0.00, real=0.00 secs] 
45.473: Total time for which application threads were stopped: 0.0006960 seconds, Stopping threads took: 0.0000560 seconds
45.553: Application time: 0.0797130 seconds
45.553: [GC [PSYoungGen: 18975K->416K(19968K)] 89827K->71684K(102912K), 0.0005220 secs] [Times: user=0.01 sys=0.00, real=0.00 secs] 
45.553: Total time for which application threads were stopped: 0.0006450 seconds, Stopping threads took: 0.0000530 seconds
45.636: Application time: 0.0825430 seconds
45.636: [GC [PSYoungGen: 18843K->0K(19968K)] 90112K->71497K(102912K), 0.0004600 secs] [Times: user=0.01 sys=0.00, real=0.00 secs] 
45.636: Total time for which application threads were stopped: 0.0005760 seconds, Stopping threads took: 0.0000510 seconds
45.719: Application time: 0.0822780 seconds
45.719: [GC [PSYoungGen: 18427K->0K(19968K)] 89924K->71497K(102912K), 0.0004920 secs] [Times: user=0.00 sys=0.00, real=0.00 secs] 
45.719: Total time for which application threads were stopped: 0.0006160 seconds, Stopping threads took: 0.0000630 seconds
45.802: Application time: 0.0823730 seconds
45.802: [GC [PSYoungGen: 18429K->0K(19968K)] 89926K->71497K(102912K), 0.0004860 secs] [Times: user=0.00 sys=0.00, real=0.00 secs] 
45.802: Total time for which application threads were stopped: 0.0006350 seconds, Stopping threads took: 0.0000790 seconds
45.885: Application time: 0.0824310 seconds
45.885: [GC [PSYoungGen: 18427K->0K(19968K)] 89924K->71497K(102912K), 0.0005170 secs] [Times: user=0.00 sys=0.00, real=0.00 secs] 
45.885: Total time for which application threads were stopped: 0.0006440 seconds, Stopping threads took: 0.0000600 seconds
45.968: Application time: 0.0825500 seconds
45.968: [GC [PSYoungGen: 18429K->0K(19968K)] 89926K->71497K(102912K), 0.0006000 secs] [Times: user=0.00 sys=0.00, real=0.00 secs] 
45.969: Total time for which application threads were stopped: 0.0007140 seconds, Stopping threads took: 0.0000540 seconds
46.051: Application time: 0.0823730 seconds
46.051: [GC [PSYoungGen: 18429K->0K(18944K)] 89926K->71497K(101888K), 0.0004840 secs] [Times: user=0.00 sys=0.00, real=0.00 secs] 
46.052: Total time for which application threads were stopped: 0.0006020 seconds, Stopping threads took: 0.0000530 seconds
46.122: Application time: 0.0699490 seconds
46.124: [GC [PSYoungGen: 18431K->384K(19456K)] 89928K->71881K(102400K), 0.0004800 secs] [Times: user=0.00 sys=0.00, real=0.00 secs] 
46.124: Total time for which application threads were stopped: 0.0027990 seconds, Stopping threads took: 0.0022570 seconds
46.198: Application time: 0.0740310 seconds
46.198: [GC [PSYoungGen: 18814K->352K(19456K)] 90311K->71873K(102400K), 0.0004870 secs] [Times: user=0.00 sys=0.00, real=0.00 secs] 
46.199: Total time for which application threads were stopped: 0.0005980 seconds, Stopping threads took: 0.0000490 seconds
46.269: Application time: 0.0695300 seconds
46.269: [GC [PSYoungGen: 18780K->576K(19456K)] 90301K->72113K(102400K), 0.0005060 secs] [Times: user=0.01 sys=0.00, real=0.00 secs] 
46.269: Total time for which application threads were stopped: 0.0006370 seconds, Stopping threads took: 0.0000640 seconds
46.342: Application time: 0.0724310 seconds
46.342: [GC [PSYoungGen: 19003K->384K(19456K)] 90540K->72141K(102400K), 0.0005140 secs] [Times: user=0.00 sys=0.00, real=0.00 secs] 
46.342: Total time for which application threads were stopped: 0.0006400 seconds, Stopping threads took: 0.0000540 seconds
46.415: Application time: 0.0725030 seconds
46.415: [GC [PSYoungGen: 18812K->512K(19456K)] 90569K->72293K(102400K), 0.0005040 secs] [Times: user=0.00 sys=0.00, real=0.00 secs] 
46.415: Total time for which application threads were stopped: 0.0006160 seconds, Stopping threads took: 0.0000460 seconds
46.485: Application time: 0.0698670 seconds
46.485: [GC [PSYoungGen: 18940K->320K(19456K)] 90721K->72309K(102400K), 0.0005490 secs] [Times: user=0.00 sys=0.00, real=0.00 secs] 
46.486: Total time for which application threads were stopped: 0.0006680 seconds, Stopping threads took: 0.0000590 seconds
46.551: Application time: 0.0654740 seconds
46.551: [GC [PSYoungGen: 18749K->768K(19456K)] 90739K->72765K(102400K), 0.0006160 secs] [Times: user=0.01 sys=0.00, real=0.01 secs] 
46.552: Total time for which application threads were stopped: 0.0007350 seconds, Stopping threads took: 0.0000510 seconds
46.616: Application time: 0.0635330 seconds
46.620: [GC [PSYoungGen: 19199K->528K(19456K)] 91196K->73034K(102400K), 0.0005880 secs] [Times: user=0.00 sys=0.00, real=0.00 secs] 
46.620: Total time for which application threads were stopped: 0.0048360 seconds, Stopping threads took: 0.0041860 seconds
46.689: Application time: 0.0689020 seconds
46.689: [GC [PSYoungGen: 18957K->704K(19456K)] 91463K->73274K(102400K), 0.0005450 secs] [Times: user=0.00 sys=0.00, real=0.00 secs] 
46.690: Total time for which application threads were stopped: 0.0006640 seconds, Stopping threads took: 0.0000510 seconds
46.769: Application time: 0.0789230 seconds
46.769: [GC [PSYoungGen: 19132K->544K(19968K)] 91702K->73334K(102912K), 0.0005410 secs] [Times: user=0.00 sys=0.00, real=0.00 secs] 
46.770: Total time for which application threads were stopped: 0.0006720 seconds, Stopping threads took: 0.0000700 seconds
46.814: Application time: 0.0445430 seconds
46.814: [GC [PSYoungGen: 18974K->800K(19968K)] 91765K->74044K(102912K), 0.0006250 secs] [Times: user=0.01 sys=0.00, real=0.00 secs] 
46.815: Total time for which application threads were stopped: 0.0007480 seconds, Stopping threads took: 0.0000570 seconds
46.870: Application time: 0.0552820 seconds
46.870: [GC [PSYoungGen: 19230K->960K(19968K)] 92474K->74260K(102912K), 0.0005770 secs] [Times: user=0.00 sys=0.00, real=0.00 secs] 
46.871: Total time for which application threads were stopped: 0.0007040 seconds, Stopping threads took: 0.0000580 seconds
46.947: Application time: 0.0762540 seconds
46.947: [GC [PSYoungGen: 19392K->672K(19968K)] 92692K->74256K(102912K), 0.0006230 secs] [Times: user=0.00 sys=0.00, real=0.00 secs] 
46.948: Total time for which application threads were stopped: 0.0007610 seconds, Stopping threads took: 0.0000740 seconds
47.026: Application time: 0.0783000 seconds
47.026: [GC [PSYoungGen: 19103K->320K(19968K)] 92688K->74501K(102912K), 0.0005770 secs] [Times: user=0.00 sys=0.00, real=0.00 secs] 
47.027: Total time for which application threads were stopped: 0.0007030 seconds, Stopping threads took: 0.0000700 seconds
47.106: Application time: 0.0788950 seconds
47.106: [GC [PSYoungGen: 18749K->352K(19968K)] 92930K->74761K(102912K), 0.0004800 secs] [Times: user=0.01 sys=0.00, real=0.00 secs] 
47.106: Total time for which application threads were stopped: 0.0006070 seconds, Stopping threads took: 0.0000660 seconds
47.187: Application time: 0.0809040 seconds
47.187: [GC [PSYoungGen: 18779K->0K(19968K)] 93189K->74622K(102912K), 0.0004670 secs] [Times: user=0.00 sys=0.00, real=0.00 secs] 
47.188: Total time for which application threads were stopped: 0.0006150 seconds, Stopping threads took: 0.0000870 seconds
47.264: Application time: 0.0756770 seconds
47.264: [GC [PSYoungGen: 18430K->736K(19968K)] 93053K->75358K(102912K), 0.0005610 secs] [Times: user=0.01 sys=0.00, real=0.01 secs] 
47.264: Total time for which application threads were stopped: 0.0006820 seconds, Stopping threads took: 0.0000610 seconds
47.347: Application time: 0.0822640 seconds
47.347: [GC [PSYoungGen: 19164K->0K(19968K)] 93786K->75367K(102912K), 0.0005230 secs] [Times: user=0.01 sys=0.00, real=0.00 secs] 
47.347: Total time for which application threads were stopped: 0.0006660 seconds, Stopping threads took: 0.0000830 seconds
47.429: Application time: 0.0820750 seconds
47.429: [GC [PSYoungGen: 18430K->0K(19968K)] 93798K->75367K(102912K), 0.0004740 secs] [Times: user=0.00 sys=0.00, real=0.00 secs] 
47.430: Total time for which application threads were stopped: 0.0005940 seconds, Stopping threads took: 0.0000460 seconds
47.512: Application time: 0.0821110 seconds
47.512: [GC [PSYoungGen: 18430K->0K(19968K)] 93798K->75367K(102912K), 0.0004520 secs] [Times: user=0.00 sys=0.00, real=0.00 secs] 
47.513: Total time for which application threads were stopped: 0.0005550 seconds, Stopping threads took: 0.0000460 seconds
47.595: Application time: 0.0822050 seconds
47.595: [GC [PSYoungGen: 18430K->0K(19968K)] 93798K->75367K(102912K), 0.0004890 secs] [Times: user=0.00 sys=0.00, real=0.00 secs] 
47.595: Total time for which application threads were stopped: 0.0006040 seconds, Stopping threads took: 0.0000560 seconds
47.678: Application time: 0.0821110 seconds
47.678: [GC [PSYoungGen: 18430K->0K(19968K)] 93798K->75367K(102912K), 0.0004450 secs] [Times: user=0.00 sys=0.00, real=0.00 secs] 
47.678: Total time for which application threads were stopped: 0.0005580 seconds, Stopping threads took: 0.0000490 seconds
47.760: Application time: 0.0819240 seconds
47.760: [GC [PSYoungGen: 18430K->0K(19968K)] 93798K->75367K(102912K), 0.0004640 secs] [Times: user=0.01 sys=0.00, real=0.00 secs] 
47.761: Total time for which application threads were stopped: 0.0006080 seconds, Stopping threads took: 0.0000770 seconds
47.832: Application time: 0.0713530 seconds
47.832: [GC [PSYoungGen: 18431K->352K(19968K)] 93799K->75719K(102912K), 0.0004910 secs] [Times: user=0.00 sys=0.00, real=0.00 secs] 
47.833: Total time for which application threads were stopped: 0.0006140 seconds, Stopping threads took: 0.0000590 seconds
47.905: Application time: 0.0725110 seconds
47.905: [GC [PSYoungGen: 18782K->384K(18944K)] 94149K->75775K(101888K), 0.0005050 secs] [Times: user=0.00 sys=0.00, real=0.00 secs] 
47.906: Total time for which application threads were stopped: 0.0006460 seconds, Stopping threads took: 0.0000770 seconds
47.977: Application time: 0.0716380 seconds
47.978: [GC [PSYoungGen: 18814K->512K(18944K)] 94206K->75911K(101888K), 0.0005800 secs] [Times: user=0.00 sys=0.00, real=0.00 secs] 
47.978: Total time for which application threads were stopped: 0.0007150 seconds, Stopping threads took: 0.0000620 seconds
48.046: Application time: 0.0679950 seconds
48.046: [GC [PSYoungGen: 18427K->224K(18432K)] 93827K->75836K(101376K), 0.0005750 secs] [Times: user=0.00 sys=0.00, real=0.00 secs] 
48.047: Total time for which application threads were stopped: 0.0006930 seconds, Stopping threads took: 0.0000600 seconds
48.121: Application time: 0.0740290 seconds
48.121: [GC [PSYoungGen: 18143K->512K(18944K)] 93755K->76148K(101888K), 0.0004950 secs] [Times: user=0.01 sys=0.00, real=0.00 secs] 
48.121: Total time for which application threads were stopped: 0.0006020 seconds, Stopping threads took: 0.0000460 seconds
48.186: Application time: 0.0640570 seconds
48.186: [GC [PSYoungGen: 18430K->320K(18944K)] 94066K->76168K(101888K), 0.0005220 secs] [Times: user=0.01 sys=0.00, real=0.00 secs] 
48.186: Total time for which application threads were stopped: 0.0006390 seconds, Stopping threads took: 0.0000600 seconds
48.252: Application time: 0.0654180 seconds
48.254: [GC [PSYoungGen: 18237K->816K(18432K)] 94085K->76680K(101376K), 0.0006270 secs] [Times: user=0.00 sys=0.00, real=0.00 secs] 
48.254: Total time for which application threads were stopped: 0.0028650 seconds, Stopping threads took: 0.0021800 seconds
48.316: Application time: 0.0617010 seconds
48.316: [GC [PSYoungGen: 18222K->544K(18944K)] 94087K->76917K(101888K), 0.0005850 secs] [Times: user=0.00 sys=0.00, real=0.00 secs] 
48.317: Total time for which application threads were stopped: 0.0006970 seconds, Stopping threads took: 0.0000480 seconds
48.376: Application time: 0.0596590 seconds
48.377: [GC [PSYoungGen: 17950K->576K(18944K)] 94323K->76981K(101888K), 0.0005250 secs] [Times: user=0.01 sys=0.00, real=0.00 secs] 
48.377: Total time for which application threads were stopped: 0.0006440 seconds, Stopping threads took: 0.0000580 seconds
48.450: Application time: 0.0731570 seconds
48.452: [GC [PSYoungGen: 17980K->576K(18944K)] 94385K->77233K(101888K), 0.0005380 secs] [Times: user=0.00 sys=0.00, real=0.00 secs] 
48.452: Total time for which application threads were stopped: 0.0021130 seconds, Stopping threads took: 0.0015120 seconds
48.520: Application time: 0.0679720 seconds
48.521: [GC [PSYoungGen: 17980K->736K(18944K)] 94638K->77822K(101888K), 0.0006000 secs] [Times: user=0.01 sys=0.00, real=0.00 secs] 
48.521: Total time for which application threads were stopped: 0.0007500 seconds, Stopping threads took: 0.0000810 seconds
48.555: Application time: 0.0338110 seconds
48.555: [GC [PSYoungGen: 18140K->960K(18944K)] 95226K->78070K(101888K), 0.0005890 secs] [Times: user=0.00 sys=0.00, real=0.00 secs] 
48.556: Total time for which application threads were stopped: 0.0007100 seconds, Stopping threads took: 0.0000570 seconds
48.619: Application time: 0.0629010 seconds
48.619: [GC [PSYoungGen: 18364K->944K(18944K)] 95475K->78110K(101888K), 0.0005940 secs] [Times: user=0.01 sys=0.00, real=0.00 secs] 
48.619: Total time for which application threads were stopped: 0.0007310 seconds, Stopping threads took: 0.0000720 seconds
48.690: Application time: 0.0707570 seconds
48.690: [GC [PSYoungGen: 18349K->896K(18944K)] 95515K->78355K(101888K), 0.0006230 secs] [Times: user=0.00 sys=0.00, real=0.00 secs] 
48.691: Total time for which application threads were stopped: 0.0007340 seconds, Stopping threads took: 0.0000470 seconds
48.766: Application time: 0.0750200 seconds
48.766: [GC [PSYoungGen: 18303K->384K(18944K)] 95762K->78645K(101888K), 0.0005710 secs] [Times: user=0.00 sys=0.00, real=0.00 secs] 
48.767: Total time for which application threads were stopped: 0.0006970 seconds, Stopping threads took: 0.0000620 seconds
48.843: Application time: 0.0760720 seconds
48.843: [GC [PSYoungGen: 17789K->0K(18944K)] 96051K->78493K(101888K), 0.0005390 secs] [Times: user=0.00 sys=0.00, real=0.00 secs] 
48.843: Total time for which application threads were stopped: 0.0006580 seconds, Stopping threads took: 0.0000510 seconds
48.919: Application time: 0.0761020 seconds
48.919: [GC [PSYoungGen: 17405K->0K(18944K)] 95899K->78493K(101888K), 0.0004560 secs] [Times: user=0.00 sys=0.00, real=0.00 secs] 
48.920: Total time for which application threads were stopped: 0.0005800 seconds, Stopping threads took: 0.0000580 seconds
48.991: Application time: 0.0711330 seconds
48.991: [GC [PSYoungGen: 17407K->704K(18944K)] 95900K->79197K(101888K), 0.0006700 secs] [Times: user=0.00 sys=0.00, real=0.01 secs] 
48.992: Total time for which application threads were stopped: 0.0007920 seconds, Stopping threads took: 0.0000540 seconds
49.069: Application time: 0.0770030 seconds
49.069: [GC [PSYoungGen: 18109K->0K(18944K)] 96603K->79097K(101888K), 0.0005940 secs] [Times: user=0.00 sys=0.00, real=0.00 secs] 
49.070: Total time for which application threads were stopped: 0.0007320 seconds, Stopping threads took: 0.0000590 seconds
49.147: Application time: 0.0773010 seconds
49.147: [GC [PSYoungGen: 17405K->0K(18944K)] 96503K->79097K(101888K), 0.0004750 secs] [Times: user=0.00 sys=0.00, real=0.00 secs] 
49.148: Total time for which application threads were stopped: 0.0006130 seconds, Stopping threads took: 0.0000740 seconds
49.225: Application time: 0.0772240 seconds
49.228: [GC [PSYoungGen: 17405K->0K(18944K)] 96503K->79097K(101888K), 0.0004480 secs] [Times: user=0.00 sys=0.00, real=0.00 secs] 
49.228: Total time for which application threads were stopped: 0.0035730 seconds, Stopping threads took: 0.0030610 seconds
49.306: Application time: 0.0772370 seconds
49.306: [GC [PSYoungGen: 17405K->0K(18944K)] 96503K->79097K(101888K), 0.0004600 secs] [Times: user=0.00 sys=0.00, real=0.00 secs] 
49.306: Total time for which application threads were stopped: 0.0005840 seconds, Stopping threads took: 0.0000610 seconds
49.383: Application time: 0.0772490 seconds
49.383: [GC [PSYoungGen: 17405K->0K(18944K)] 96503K->79097K(101888K), 0.0004270 secs] [Times: user=0.00 sys=0.00, real=0.01 secs] 
49.384: Total time for which application threads were stopped: 0.0005390 seconds, Stopping threads took: 0.0000490 seconds
49.461: Application time: 0.0771030 seconds
49.461: [GC [PSYoungGen: 17405K->0K(18944K)] 96503K->79097K(101888K), 0.0004740 secs] [Times: user=0.00 sys=0.00, real=0.00 secs] 
49.462: Total time for which application threads were stopped: 0.0005830 seconds, Stopping threads took: 0.0000480 seconds
49.531: Application time: 0.0692060 seconds
49.531: [GC [PSYoungGen: 17404K->384K(18944K)] 96502K->79481K(101888K), 0.0004820 secs] [Times: user=0.00 sys=0.00, real=0.00 secs] 
49.531: Total time for which application threads were stopped: 0.0005880 seconds, Stopping threads took: 0.0000460 seconds
49.597: Application time: 0.0652130 seconds
49.597: [GC [PSYoungGen: 17787K->352K(18944K)] 96885K->79489K(101888K), 0.0004650 secs] [Times: user=0.00 sys=0.00, real=0.00 secs] 
49.597: Total time for which application threads were stopped: 0.0005870 seconds, Stopping threads took: 0.0000490 seconds
49.674: Application time: 0.0767670 seconds
49.674: [GC [PSYoungGen: 17757K->288K(17920K)] 96895K->79449K(100864K), 0.0005430 secs] [Times: user=0.00 sys=0.00, real=0.00 secs] 
49.675: Total time for which application threads were stopped: 0.0006600 seconds, Stopping threads took: 0.0000530 seconds
49.732: Application time: 0.0570970 seconds
49.732: [GC [PSYoungGen: 17694K->384K(18432K)] 96856K->79774K(101376K), 0.0005170 secs] [Times: user=0.01 sys=0.00, real=0.00 secs] 
49.732: Total time for which application threads were stopped: 0.0006510 seconds, Stopping threads took: 0.0000670 seconds
49.807: Application time: 0.0747440 seconds
49.807: [GC [PSYoungGen: 17788K->384K(18432K)] 97179K->79798K(101376K), 0.0005010 secs] [Times: user=0.01 sys=0.00, real=0.00 secs] 
49.808: Total time for which application threads were stopped: 0.0006200 seconds, Stopping threads took: 0.0000490 seconds
49.870: Application time: 0.0621930 seconds
49.870: [GC [PSYoungGen: 17792K->288K(18432K)] 97206K->79926K(101376K), 0.0005560 secs] [Times: user=0.00 sys=0.00, real=0.00 secs] 
49.871: Total time for which application threads were stopped: 0.0006630 seconds, Stopping threads took: 0.0000450 seconds
49.941: Application time: 0.0703450 seconds
49.941: [GC [PSYoungGen: 17694K->512K(18432K)] 97333K->80166K(101376K), 0.0004880 secs] [Times: user=0.01 sys=0.00, real=0.00 secs] 
49.942: Total time for which application threads were stopped: 0.0006290 seconds, Stopping threads took: 0.0000810 seconds
49.996: Application time: 0.0548440 seconds
49.997: [GC [PSYoungGen: 17916K->768K(18432K)] 97571K->80478K(101376K), 0.0006730 secs] [Times: user=0.01 sys=0.00, real=0.00 secs] 
49.997: Total time for which application threads were stopped: 0.0007810 seconds, Stopping threads took: 0.0000460 seconds
50.056: Application time: 0.0587710 seconds
50.056: [GC [PSYoungGen: 18172K->384K(18432K)] 97883K->80899K(101376K), 0.0006260 secs] [Times: user=0.00 sys=0.00, real=0.00 secs] 
50.057: Total time for which application threads were stopped: 0.0007570 seconds, Stopping threads took: 0.0000670 seconds
50.126: Application time: 0.0688620 seconds
50.126: [GC [PSYoungGen: 17787K->752K(18432K)] 98303K->81331K(101376K), 0.0006180 secs] [Times: user=0.00 sys=0.00, real=0.00 secs] 
50.126: Total time for which application threads were stopped: 0.0007500 seconds, Stopping threads took: 0.0000550 seconds
50.202: Application time: 0.0759560 seconds
50.202: [GC [PSYoungGen: 18157K->0K(18944K)] 98737K->81217K(101888K), 0.0005710 secs] [Times: user=0.00 sys=0.00, real=0.01 secs] 
50.204: Total time for which application threads were stopped: 0.0016920 seconds, Stopping threads took: 0.0000510 seconds
50.253: Application time: 0.0484930 seconds
50.253: [GC [PSYoungGen: 17404K->704K(18944K)] 98621K->81921K(101888K), 0.0006330 secs] [Times: user=0.00 sys=0.00, real=0.00 secs] 
50.253: Total time for which application threads were stopped: 0.0007490 seconds, Stopping threads took: 0.0000510 seconds
50.295: Application time: 0.0419910 seconds
50.295: [GC [PSYoungGen: 18107K->960K(18944K)] 99325K->82233K(101888K), 0.0006010 secs] [Times: user=0.00 sys=0.00, real=0.00 secs] 
50.296: Total time for which application threads were stopped: 0.0007320 seconds, Stopping threads took: 0.0000650 seconds
50.367: Application time: 0.0712880 seconds
50.367: [GC [PSYoungGen: 18366K->672K(18944K)] 99640K->82230K(101888K), 0.0006390 secs] [Times: user=0.00 sys=0.00, real=0.00 secs] 
50.368: Total time for which application threads were stopped: 0.0007650 seconds, Stopping threads took: 0.0000660 seconds
50.441: Application time: 0.0728930 seconds
50.441: [GC [PSYoungGen: 18076K->480K(18944K)] 99634K->82783K(101888K), 0.0006960 secs] [Times: user=0.00 sys=0.00, real=0.00 secs] 
50.442: [Full GC [PSYoungGen: 480K->0K(18944K)] [ParOldGen: 82303K->4265K(36352K)] 82783K->4265K(55296K) [PSPermGen: 5539K->5539K(21504K)], 0.0174100 secs] [Times: user=0.10 sys=0.00, real=0.02 secs] 
50.459: Total time for which application threads were stopped: 0.0182810 seconds, Stopping threads took: 0.0000590 seconds
50.535: Application time: 0.0757850 seconds
50.535: [GC [PSYoungGen: 17405K->480K(18944K)] 21670K->4745K(55296K), 0.0004230 secs] [Times: user=0.00 sys=0.00, real=0.00 secs] 
50.536: Total time for which application threads were stopped: 0.0005620 seconds, Stopping threads took: 0.0000700 seconds
50.612: Application time: 0.0762510 seconds
50.612: [GC [PSYoungGen: 17885K->0K(18944K)] 22150K->4493K(55296K), 0.0003920 secs] [Times: user=0.00 sys=0.00, real=0.00 secs] 
50.612: Total time for which application threads were stopped: 0.0005390 seconds, Stopping threads took: 0.0000820 seconds
50.685: Application time: 0.0726950 seconds
50.685: [GC [PSYoungGen: 17404K->896K(18944K)] 21897K->5389K(55296K), 0.0004690 secs] [Times: user=0.01 sys=0.00, real=0.00 secs] 
50.686: Total time for which application threads were stopped: 0.0006070 seconds, Stopping threads took: 0.0000610 seconds
50.761: Application time: 0.0749460 seconds
50.761: [GC [PSYoungGen: 18300K->448K(18944K)] 22794K->5146K(55296K), 0.0005110 secs] [Times: user=0.01 sys=0.00, real=0.00 secs] 
50.761: Total time for which application threads were stopped: 0.0006210 seconds, Stopping threads took: 0.0000460 seconds
50.838: Application time: 0.0772150 seconds
50.839: [GC [PSYoungGen: 17853K->0K(18944K)] 22551K->5110K(55296K), 0.0004050 secs] [Times: user=0.00 sys=0.00, real=0.00 secs] 
50.839: Total time for which application threads were stopped: 0.0005490 seconds, Stopping threads took: 0.0000790 seconds
50.916: Application time: 0.0773050 seconds
50.916: [GC [PSYoungGen: 17405K->0K(18944K)] 22516K->5110K(55296K), 0.0003220 secs] [Times: user=0.00 sys=0.00, real=0.00 secs] 
50.917: Total time for which application threads were stopped: 0.0004450 seconds, Stopping threads took: 0.0000610 seconds
50.994: Application time: 0.0776810 seconds
50.995: [GC [PSYoungGen: 17405K->0K(18944K)] 22516K->5110K(55296K), 0.0003640 secs] [Times: user=0.00 sys=0.00, real=0.00 secs] 
50.995: Total time for which application threads were stopped: 0.0004970 seconds, Stopping threads took: 0.0000680 seconds
51.073: Application time: 0.0778820 seconds
51.073: [GC [PSYoungGen: 17405K->0K(18944K)] 22516K->5110K(55296K), 0.0003440 secs] [Times: user=0.00 sys=0.00, real=0.00 secs] 
51.073: Total time for which application threads were stopped: 0.0004840 seconds, Stopping threads took: 0.0000730 seconds
51.151: Application time: 0.0776490 seconds
51.151: [GC [PSYoungGen: 17405K->0K(18944K)] 22516K->5110K(55296K), 0.0003290 secs] [Times: user=0.00 sys=0.00, real=0.00 secs] 
51.151: Total time for which application threads were stopped: 0.0004530 seconds, Stopping threads took: 0.0000640 seconds
51.230: Application time: 0.0785360 seconds
51.230: [GC [PSYoungGen: 17403K->0K(18944K)] 22514K->5110K(55296K), 0.0003400 secs] [Times: user=0.00 sys=0.00, real=0.00 secs] 
51.230: Total time for which application threads were stopped: 0.0004710 seconds, Stopping threads took: 0.0000590 seconds
51.288: Application time: 0.0575900 seconds
51.288: [GC [PSYoungGen: 17406K->416K(18944K)] 22517K->5526K(55296K), 0.0003720 secs] [Times: user=0.00 sys=0.00, real=0.00 secs] 
51.289: Total time for which application threads were stopped: 0.0005050 seconds, Stopping threads took: 0.0000720 seconds
51.365: Application time: 0.0762700 seconds
51.365: [GC [PSYoungGen: 17823K->320K(17920K)] 22934K->5454K(54272K), 0.0004200 secs] [Times: user=0.00 sys=0.00, real=0.00 secs] 
51.365: Total time for which application threads were stopped: 0.0005700 seconds, Stopping threads took: 0.0000890 seconds
51.429: Application time: 0.0637200 seconds
51.429: [GC [PSYoungGen: 17724K->352K(18432K)] 22858K->5707K(54784K), 0.0004150 secs] [Times: user=0.00 sys=0.00, real=0.00 secs] 
51.430: Total time for which application threads were stopped: 0.0005400 seconds, Stopping threads took: 0.0000600 seconds
51.499: Application time: 0.0696430 seconds
51.499: [GC [PSYoungGen: 17756K->352K(18432K)] 23111K->5715K(54784K), 0.0003870 secs] [Times: user=0.01 sys=0.00, real=0.00 secs] 
51.500: Total time for which application threads were stopped: 0.0005220 seconds, Stopping threads took: 0.0000720 seconds
51.571: Application time: 0.0708870 seconds
51.571: [GC [PSYoungGen: 17755K->512K(18432K)] 23118K->5891K(54784K), 0.0004040 secs] [Times: user=0.00 sys=0.00, real=0.00 secs] 
51.571: Total time for which application threads were stopped: 0.0005300 seconds, Stopping threads took: 0.0000600 seconds
51.632: Application time: 0.0604860 seconds
51.632: [GC [PSYoungGen: 17916K->384K(18432K)] 23295K->5991K(54784K), 0.0003980 secs] [Times: user=0.01 sys=0.00, real=0.00 secs] 
51.632: Total time for which application threads were stopped: 0.0005120 seconds, Stopping threads took: 0.0000530 seconds
51.696: Application time: 0.0633760 seconds
51.696: [GC [PSYoungGen: 17789K->800K(18432K)] 23396K->6415K(54784K), 0.0004620 secs] [Times: user=0.00 sys=0.00, real=0.00 secs] 
51.696: Total time for which application threads were stopped: 0.0005900 seconds, Stopping threads took: 0.0000650 seconds
51.753: Application time: 0.0564680 seconds
51.753: [GC [PSYoungGen: 18205K->544K(18432K)] 23820K->6655K(54784K), 0.0004970 secs] [Times: user=0.00 sys=0.00, real=0.00 secs] 
51.753: Total time for which application threads were stopped: 0.0006330 seconds, Stopping threads took: 0.0000650 seconds
51.818: Application time: 0.0644860 seconds
51.818: [GC [PSYoungGen: 17845K->576K(18432K)] 23957K->6744K(54784K), 0.0004090 secs] [Times: user=0.00 sys=0.00, real=0.00 secs] 
51.818: Total time for which application threads were stopped: 0.0005340 seconds, Stopping threads took: 0.0000630 seconds
51.892: Application time: 0.0739040 seconds
51.892: [GC [PSYoungGen: 17981K->432K(18432K)] 24149K->6812K(54784K), 0.0004920 secs] [Times: user=0.00 sys=0.00, real=0.00 secs] 
51.893: Total time for which application threads were stopped: 0.0006030 seconds, Stopping threads took: 0.0000540 seconds
51.964: Application time: 0.0707240 seconds
51.964: [GC [PSYoungGen: 17788K->224K(18432K)] 24168K->7052K(54784K), 0.0004430 secs] [Times: user=0.00 sys=0.00, real=0.01 secs] 
51.964: Total time for which application threads were stopped: 0.0005740 seconds, Stopping threads took: 0.0000650 seconds
52.011: Application time: 0.0464570 seconds
52.012: [GC [PSYoungGen: 17630K->896K(17920K)] 24459K->7780K(54272K), 0.0005430 secs] [Times: user=0.00 sys=0.00, real=0.00 secs] 
52.012: Total time for which application threads were stopped: 0.0018080 seconds, Stopping threads took: 0.0012030 seconds
52.060: Application time: 0.0479940 seconds
52.061: [GC [PSYoungGen: 17791K->544K(18432K)] 24675K->7829K(54784K), 0.0004900 secs] [Times: user=0.01 sys=0.00, real=0.00 secs] 
52.061: Total time for which application threads were stopped: 0.0006270 seconds, Stopping threads took: 0.0000760 seconds
52.129: Application time: 0.0677440 seconds
52.129: [GC [PSYoungGen: 17436K->928K(18432K)] 24722K->8309K(54784K), 0.0004950 secs] [Times: user=0.00 sys=0.00, real=0.00 secs] 
52.129: Total time for which application threads were stopped: 0.0006200 seconds, Stopping threads took: 0.0000620 seconds
52.201: Application time: 0.0719500 seconds
52.201: [GC [PSYoungGen: 17821K->320K(18432K)] 25203K->8499K(54784K), 0.0005260 secs] [Times: user=0.00 sys=0.00, real=0.00 secs] 
52.202: Total time for which application threads were stopped: 0.0006400 seconds, Stopping threads took: 0.0000560 seconds
52.276: Application time: 0.0742520 seconds
52.276: [GC [PSYoungGen: 17215K->0K(18432K)] 25395K->8408K(54784K), 0.0004150 secs] [Times: user=0.00 sys=0.00, real=0.00 secs] 
52.277: Total time for which application threads were stopped: 0.0005530 seconds, Stopping threads took: 0.0000600 seconds
52.351: Application time: 0.0744320 seconds
52.351: [GC [PSYoungGen: 16895K->0K(18432K)] 25303K->8408K(54784K), 0.0003520 secs] [Times: user=0.00 sys=0.00, real=0.00 secs] 
52.352: Total time for which application threads were stopped: 0.0004780 seconds, Stopping threads took: 0.0000580 seconds
52.423: Application time: 0.0715850 seconds
52.428: [GC [PSYoungGen: 16895K->512K(18432K)] 25303K->8920K(54784K), 0.0004470 secs] [Times: user=0.00 sys=0.00, real=0.00 secs] 
52.428: Total time for which application threads were stopped: 0.0050400 seconds, Stopping threads took: 0.0045350 seconds
52.502: Application time: 0.0731760 seconds
52.502: [GC [PSYoungGen: 17404K->512K(18432K)] 25812K->9140K(54784K), 0.0004910 secs] [Times: user=0.01 sys=0.00, real=0.00 secs] 
52.502: Total time for which application threads were stopped: 0.0006150 seconds, Stopping threads took: 0.0000590 seconds
52.577: Application time: 0.0751930 seconds
52.577: [GC [PSYoungGen: 17407K->0K(18432K)] 26036K->9045K(54784K), 0.0005350 secs] [Times: user=0.00 sys=0.00, real=0.00 secs] 
52.578: Total time for which application threads were stopped: 0.0006500 seconds, Stopping threads took: 0.0000540 seconds
52.653: Application time: 0.0752220 seconds
52.653: [GC [PSYoungGen: 16895K->0K(18432K)] 25941K->9045K(54784K), 0.0003570 secs] [Times: user=0.00 sys=0.00, real=0.00 secs] 
52.654: Total time for which application threads were stopped: 0.0004640 seconds, Stopping threads took: 0.0000480 seconds
52.730: Application time: 0.0761540 seconds
52.732: [GC [PSYoungGen: 16893K->0K(18432K)] 25939K->9045K(54784K), 0.0003460 secs] [Times: user=0.00 sys=0.00, real=0.00 secs] 
52.732: Total time for which application threads were stopped: 0.0023850 seconds, Stopping threads took: 0.0019720 seconds
52.808: Application time: 0.0761800 seconds
52.809: [GC [PSYoungGen: 16893K->0K(18432K)] 25939K->9045K(54784K), 0.0003530 secs] [Times: user=0.01 sys=0.00, real=0.00 secs] 
52.809: Total time for which application threads were stopped: 0.0004970 seconds, Stopping threads took: 0.0000710 seconds
52.885: Application time: 0.0762980 seconds
52.885: [GC [PSYoungGen: 16893K->0K(17408K)] 25939K->9045K(53760K), 0.0003780 secs] [Times: user=0.00 sys=0.00, real=0.00 secs] 
52.886: Total time for which application threads were stopped: 0.0005330 seconds, Stopping threads took: 0.0000900 seconds
52.958: Application time: 0.0723930 seconds
52.958: [GC [PSYoungGen: 16891K->352K(17920K)] 25937K->9397K(54272K), 0.0003740 secs] [Times: user=0.00 sys=0.00, real=0.00 secs] 
52.959: Total time for which application threads were stopped: 0.0004950 seconds, Stopping threads took: 0.0000570 seconds
53.017: Application time: 0.0578930 seconds
53.017: [GC [PSYoungGen: 17244K->352K(17920K)] 26290K->9421K(54272K), 0.0004040 secs] [Times: user=0.00 sys=0.00, real=0.00 secs] 
53.017: Total time for which application threads were stopped: 0.0005520 seconds, Stopping threads took: 0.0000850 seconds
53.090: Application time: 0.0733710 seconds
53.091: [GC [PSYoungGen: 17245K->352K(17920K)] 26315K->9445K(54272K), 0.0003920 secs] [Times: user=0.00 sys=0.00, real=0.00 secs] 
53.091: Total time for which application threads were stopped: 0.0005190 seconds, Stopping threads took: 0.0000670 seconds
53.151: Application time: 0.0595770 seconds
53.151: [GC [PSYoungGen: 17244K->384K(17920K)] 26338K->9717K(54272K), 0.0004090 secs] [Times: user=0.00 sys=0.00, real=0.00 secs] 
53.151: Total time for which application threads were stopped: 0.0005370 seconds, Stopping threads took: 0.0000640 seconds
53.221: Application time: 0.0694440 seconds
53.221: [GC [PSYoungGen: 17275K->352K(17920K)] 26609K->9701K(54272K), 0.0003600 secs] [Times: user=0.00 sys=0.00, real=0.00 secs] 
53.221: Total time for which application threads were stopped: 0.0004790 seconds, Stopping threads took: 0.0000600 seconds
53.290: Application time: 0.0690980 seconds
53.290: [GC [PSYoungGen: 17245K->640K(17920K)] 26595K->9997K(54272K), 0.0005010 secs] [Times: user=0.00 sys=0.00, real=0.00 secs] 
53.291: Total time for which application threads were stopped: 0.0006350 seconds, Stopping threads took: 0.0000680 seconds
53.350: Application time: 0.0587950 seconds
53.350: [GC [PSYoungGen: 17534K->320K(17920K)] 26892K->9882K(54272K), 0.0004130 secs] [Times: user=0.00 sys=0.00, real=0.00 secs] 
53.350: Total time for which application threads were stopped: 0.0005300 seconds, Stopping threads took: 0.0000430 seconds
53.410: Application time: 0.0596820 seconds
53.410: [GC [PSYoungGen: 17215K->800K(17920K)] 26778K->10370K(54272K), 0.0004700 secs] [Times: user=0.00 sys=0.00, real=0.00 secs] 
53.410: Total time for which application threads were stopped: 0.0006110 seconds, Stopping threads took: 0.0000780 seconds
53.462: Application time: 0.0511800 seconds
53.462: [GC [PSYoungGen: 17694K->544K(17920K)] 27265K->10606K(54272K), 0.0005120 secs] [Times: user=0.00 sys=0.00, real=0.00 secs] 
53.462: Total time for which application threads were stopped: 0.0006340 seconds, Stopping threads took: 0.0000610 seconds
53.528: Application time: 0.0662330 seconds
53.529: [GC [PSYoungGen: 17437K->480K(17920K)] 27500K->10606K(54272K), 0.0004790 secs] [Times: user=0.00 sys=0.00, real=0.00 secs] 
53.529: Total time for which application threads were stopped: 0.0005940 seconds, Stopping threads took: 0.0000470 seconds
53.601: Application time: 0.0718390 seconds
53.604: [GC [PSYoungGen: 17373K->608K(17920K)] 27500K->10963K(54272K), 0.0005070 secs] [Times: user=0.00 sys=0.00, real=0.00 secs] 
53.604: Total time for which application threads were stopped: 0.0035590 seconds, Stopping threads took: 0.0029860 seconds
53.674: Application time: 0.0691360 seconds
53.674: [GC [PSYoungGen: 17502K->128K(17920K)] 27857K->10912K(54272K), 0.0004890 secs] [Times: user=0.00 sys=0.00, real=0.00 secs] 
53.674: Total time for which application threads were stopped: 0.0006060 seconds, Stopping threads took: 0.0000540 seconds
53.731: Application time: 0.0572780 seconds
53.732: [GC [PSYoungGen: 17019K->608K(17920K)] 27804K->11392K(54272K), 0.0004320 secs] [Times: user=0.00 sys=0.00, real=0.01 secs] 
53.732: Total time for which application threads were stopped: 0.0005420 seconds, Stopping threads took: 0.0000500 seconds
53.787: Application time: 0.0551630 seconds
53.787: [GC [PSYoungGen: 17500K->704K(17408K)] 28284K->11732K(53760K), 0.0004930 secs] [Times: user=0.01 sys=0.00, real=0.00 secs] 
53.788: Total time for which application threads were stopped: 0.0006190 seconds, Stopping threads took: 0.0000520 seconds
53.836: Application time: 0.0481870 seconds
53.836: [GC [PSYoungGen: 17086K->800K(17920K)] 28114K->12057K(54272K), 0.0004760 secs] [Times: user=0.00 sys=0.00, real=0.00 secs] 
53.837: Total time for which application threads were stopped: 0.0005790 seconds, Stopping threads took: 0.0000440 seconds
53.902: Application time: 0.0657480 seconds
53.902: [GC [PSYoungGen: 17179K->896K(17920K)] 28436K->12241K(54272K), 0.0004930 secs] [Times: user=0.01 sys=0.00, real=0.00 secs] 
53.903: Total time for which application threads were stopped: 0.0006170 seconds, Stopping threads took: 0.0000500 seconds
53.976: Application time: 0.0726000 seconds
53.976: [GC [PSYoungGen: 17277K->0K(17920K)] 28623K->12174K(54272K), 0.0004940 secs] [Times: user=0.00 sys=0.00, real=0.00 secs] 
53.976: Total time for which application threads were stopped: 0.0006300 seconds, Stopping threads took: 0.0000720 seconds
54.048: Application time: 0.0720380 seconds
54.048: [GC [PSYoungGen: 16381K->0K(17920K)] 28556K->12174K(54272K), 0.0003850 secs] [Times: user=0.00 sys=0.00, real=0.00 secs] 
54.049: Total time for which application threads were stopped: 0.0005170 seconds, Stopping threads took: 0.0000670 seconds
54.119: Application time: 0.0705060 seconds
54.119: [GC [PSYoungGen: 16381K->384K(17920K)] 28556K->12558K(54272K), 0.0004000 secs] [Times: user=0.00 sys=0.00, real=0.00 secs] 
54.120: Total time for which application threads were stopped: 0.0005570 seconds, Stopping threads took: 0.0000860 seconds
54.192: Application time: 0.0727110 seconds
54.193: [GC [PSYoungGen: 16767K->416K(17920K)] 28942K->12787K(54272K), 0.0004540 secs] [Times: user=0.00 sys=0.00, real=0.00 secs] 
54.193: Total time for which application threads were stopped: 0.0005590 seconds, Stopping threads took: 0.0000520 seconds
54.263: Application time: 0.0702800 seconds
54.263: [GC [PSYoungGen: 16799K->544K(17920K)] 29170K->12931K(54272K), 0.0004110 secs] [Times: user=0.01 sys=0.00, real=0.01 secs] 
54.264: Total time for which application threads were stopped: 0.0005290 seconds, Stopping threads took: 0.0000570 seconds
54.337: Application time: 0.0726480 seconds
54.337: [GC [PSYoungGen: 16927K->0K(17920K)] 29315K->12824K(54272K), 0.0004110 secs] [Times: user=0.00 sys=0.00, real=0.00 secs] 
54.337: Total time for which application threads were stopped: 0.0005380 seconds, Stopping threads took: 0.0000640 seconds
54.411: Application time: 0.0742450 seconds
54.411: [GC [PSYoungGen: 16381K->0K(17920K)] 29205K->12824K(54272K), 0.0003530 secs] [Times: user=0.00 sys=0.00, real=0.01 secs] 
54.412: Total time for which application threads were stopped: 0.0004990 seconds, Stopping threads took: 0.0000710 seconds
54.485: Application time: 0.0730800 seconds
54.485: [GC [PSYoungGen: 16383K->0K(17920K)] 29207K->12824K(54272K), 0.0003870 secs] [Times: user=0.00 sys=0.00, real=0.00 secs] 
54.485: Total time for which application threads were stopped: 0.0004960 seconds, Stopping threads took: 0.0000490 seconds
54.558: Application time: 0.0727510 seconds
54.558: [GC [PSYoungGen: 16383K->0K(17920K)] 29207K->12824K(54272K), 0.0004280 secs] [Times: user=0.00 sys=0.00, real=0.00 secs] 
54.559: Total time for which application threads were stopped: 0.0005500 seconds, Stopping threads took: 0.0000600 seconds
54.631: Application time: 0.0725360 seconds
54.631: [GC [PSYoungGen: 16383K->0K(16896K)] 29207K->12824K(53248K), 0.0003840 secs] [Times: user=0.01 sys=0.00, real=0.00 secs] 
54.632: Total time for which application threads were stopped: 0.0005340 seconds, Stopping threads took: 0.0000850 seconds
54.688: Application time: 0.0565240 seconds
54.688: [GC [PSYoungGen: 16382K->320K(17408K)] 29206K->13144K(53760K), 0.0004190 secs] [Times: user=0.00 sys=0.00, real=0.00 secs] 
54.689: Total time for which application threads were stopped: 0.0005360 seconds, Stopping threads took: 0.0000550 seconds
54.757: Application time: 0.0680430 seconds
54.760: [GC [PSYoungGen: 16701K->352K(17408K)] 29526K->13184K(53760K), 0.0004540 secs] [Times: user=0.00 sys=0.00, real=0.00 secs] 
54.760: Total time for which application threads were stopped: 0.0034670 seconds, Stopping threads took: 0.0029480 seconds
54.828: Application time: 0.0674250 seconds
54.828: [GC [PSYoungGen: 16735K->512K(17408K)] 29567K->13352K(53760K), 0.0004440 secs] [Times: user=0.00 sys=0.00, real=0.00 secs] 
54.828: Total time for which application threads were stopped: 0.0005720 seconds, Stopping threads took: 0.0000640 seconds
54.885: Application time: 0.0567810 seconds
54.885: [GC [PSYoungGen: 16894K->416K(17408K)] 29734K->13484K(53760K), 0.0004160 secs] [Times: user=0.00 sys=0.00, real=0.00 secs] 
54.886: Total time for which application threads were stopped: 0.0005390 seconds, Stopping threads took: 0.0000650 seconds
54.956: Application time: 0.0705770 seconds
54.956: [GC [PSYoungGen: 16795K->352K(17408K)] 29864K->13444K(53760K), 0.0003630 secs] [Times: user=0.01 sys=0.00, real=0.00 secs] 
54.957: Total time for which application threads were stopped: 0.0005070 seconds, Stopping threads took: 0.0000700 seconds
55.019: Application time: 0.0618350 seconds
55.019: [GC [PSYoungGen: 16732K->384K(17408K)] 29825K->13697K(53760K), 0.0004120 secs] [Times: user=0.00 sys=0.00, real=0.00 secs] 
55.019: Total time for which application threads were stopped: 0.0005390 seconds, Stopping threads took: 0.0000640 seconds
55.080: Application time: 0.0606920 seconds
55.080: [GC [PSYoungGen: 16768K->480K(17408K)] 30081K->13801K(53760K), 0.0004250 secs] [Times: user=0.00 sys=0.00, real=0.00 secs] 
55.080: Total time for which application threads were stopped: 0.0005420 seconds, Stopping threads took: 0.0000550 seconds
55.140: Application time: 0.0595700 seconds
55.140: [GC [PSYoungGen: 16825K->832K(17408K)] 30146K->14209K(53760K), 0.0004730 secs] [Times: user=0.00 sys=0.00, real=0.00 secs] 
55.141: Total time for which application threads were stopped: 0.0005960 seconds, Stopping threads took: 0.0000610 seconds
55.184: Application time: 0.0434010 seconds
55.184: [GC [PSYoungGen: 17213K->480K(17408K)] 30591K->14330K(53760K), 0.0005090 secs] [Times: user=0.00 sys=0.00, real=0.00 secs] 
55.185: Total time for which application threads were stopped: 0.0006290 seconds, Stopping threads took: 0.0000610 seconds
55.250: Application time: 0.0655970 seconds
55.250: [GC [PSYoungGen: 16859K->832K(16896K)] 30709K->14738K(53248K), 0.0005450 secs] [Times: user=0.00 sys=0.00, real=0.01 secs] 
55.252: Total time for which application threads were stopped: 0.0017050 seconds, Stopping threads took: 0.0000560 seconds
55.322: Application time: 0.0701000 seconds
55.322: [GC [PSYoungGen: 16699K->0K(17408K)] 30606K->14680K(53760K), 0.0005020 secs] [Times: user=0.00 sys=0.00, real=0.00 secs] 
55.323: Total time for which application threads were stopped: 0.0006450 seconds, Stopping threads took: 0.0000760 seconds
55.385: Application time: 0.0622460 seconds
55.385: [GC [PSYoungGen: 15868K->384K(16384K)] 30548K->15064K(52736K), 0.0004580 secs] [Times: user=0.00 sys=0.00, real=0.00 secs] 
55.385: Total time for which application threads were stopped: 0.0006000 seconds, Stopping threads took: 0.0000770 seconds
55.443: Application time: 0.0574160 seconds
55.443: [GC [PSYoungGen: 16253K->544K(16896K)] 30933K->15280K(53248K), 0.0004040 secs] [Times: user=0.00 sys=0.00, real=0.00 secs] 
55.443: Total time for which application threads were stopped: 0.0005330 seconds, Stopping threads took: 0.0000700 seconds
55.508: Application time: 0.0648720 seconds
55.508: [GC [PSYoungGen: 16415K->672K(16384K)] 31151K->15424K(52736K), 0.0005220 secs] [Times: user=0.00 sys=0.00, real=0.00 secs] 
55.509: Total time for which application threads were stopped: 0.0006570 seconds, Stopping threads took: 0.0000620 seconds
55.547: Application time: 0.0380280 seconds
55.547: [GC [PSYoungGen: 16031K->800K(16896K)] 30783K->16097K(53248K), 0.0005430 secs] [Times: user=0.00 sys=0.00, real=0.00 secs] 
55.548: Total time for which application threads were stopped: 0.0006730 seconds, Stopping threads took: 0.0000670 seconds
55.603: Application time: 0.0549270 seconds
55.603: [GC [PSYoungGen: 16157K->960K(16896K)] 31454K->16265K(53248K), 0.0005220 secs] [Times: user=0.00 sys=0.00, real=0.00 secs] 
55.603: Total time for which application threads were stopped: 0.0006430 seconds, Stopping threads took: 0.0000600 seconds
55.668: Application time: 0.0647360 seconds
55.668: [GC [PSYoungGen: 16318K->544K(16896K)] 31623K->16317K(53248K), 0.0005210 secs] [Times: user=0.00 sys=0.00, real=0.00 secs] 
55.669: Total time for which application threads were stopped: 0.0006430 seconds, Stopping threads took: 0.0000570 seconds
55.737: Application time: 0.0682500 seconds
55.737: [GC [PSYoungGen: 15901K->0K(16896K)] 31675K->16198K(53248K), 0.0004080 secs] [Times: user=0.00 sys=0.00, real=0.00 secs] 
55.737: Total time for which application threads were stopped: 0.0005360 seconds, Stopping threads took: 0.0000660 seconds
55.803: Application time: 0.0653000 seconds
55.803: [GC [PSYoungGen: 15356K->416K(16896K)] 31555K->16614K(53248K), 0.0003700 secs] [Times: user=0.00 sys=0.00, real=0.00 secs] 
55.803: Total time for which application threads were stopped: 0.0005060 seconds, Stopping threads took: 0.0000750 seconds
55.870: Application time: 0.0672410 seconds
55.871: [GC [PSYoungGen: 15773K->0K(16896K)] 31972K->16543K(53248K), 0.0004130 secs] [Times: user=0.00 sys=0.00, real=0.00 secs] 
55.871: Total time for which application threads were stopped: 0.0005410 seconds, Stopping threads took: 0.0000600 seconds
55.938: Application time: 0.0668600 seconds
55.938: [GC [PSYoungGen: 15356K->320K(16896K)] 31899K->16863K(53248K), 0.0004320 secs] [Times: user=0.00 sys=0.00, real=0.00 secs] 
55.938: Total time for which application threads were stopped: 0.0005410 seconds, Stopping threads took: 0.0000510 seconds
56.005: Application time: 0.0664290 seconds
56.005: [GC [PSYoungGen: 15677K->544K(16896K)] 32220K->17119K(53248K), 0.0004190 secs] [Times: user=0.00 sys=0.00, real=0.00 secs] 
56.005: Total time for which application threads were stopped: 0.0005650 seconds, Stopping threads took: 0.0000820 seconds
56.073: Application time: 0.0680570 seconds
56.074: [GC [PSYoungGen: 15901K->0K(16896K)] 32476K->16976K(53248K), 0.0004170 secs] [Times: user=0.01 sys=0.00, real=0.00 secs] 
56.074: Total time for which application threads were stopped: 0.0005630 seconds, Stopping threads took: 0.0000730 seconds
56.142: Application time: 0.0680790 seconds
56.142: [GC [PSYoungGen: 15357K->0K(16896K)] 32333K->16976K(53248K), 0.0003520 secs] [Times: user=0.00 sys=0.00, real=0.00 secs] 
56.143: Total time for which application threads were stopped: 0.0004770 seconds, Stopping threads took: 0.0000610 seconds
56.211: Application time: 0.0682110 seconds
56.211: [GC [PSYoungGen: 15357K->0K(16896K)] 32333K->16976K(53248K), 0.0003420 secs] [Times: user=0.00 sys=0.00, real=0.00 secs] 
56.211: Total time for which application threads were stopped: 0.0004600 seconds, Stopping threads took: 0.0000550 seconds
56.279: Application time: 0.0681070 seconds
56.279: [GC [PSYoungGen: 15357K->0K(16896K)] 32333K->16976K(53248K), 0.0003680 secs] [Times: user=0.00 sys=0.00, real=0.00 secs] 
56.280: Total time for which application threads were stopped: 0.0004770 seconds, Stopping threads took: 0.0000450 seconds
56.348: Application time: 0.0679170 seconds
56.348: [GC [PSYoungGen: 15357K->0K(15872K)] 32333K->16976K(52224K), 0.0004700 secs] [Times: user=0.00 sys=0.00, real=0.00 secs] 
56.348: Total time for which application threads were stopped: 0.0005830 seconds, Stopping threads took: 0.0000490 seconds
56.398: Application time: 0.0498170 seconds
56.398: [GC [PSYoungGen: 15358K->384K(16384K)] 32334K->17360K(52736K), 0.0004510 secs] [Times: user=0.00 sys=0.00, real=0.00 secs] 
56.399: Total time for which application threads were stopped: 0.0005740 seconds, Stopping threads took: 0.0000600 seconds
56.464: Application time: 0.0651750 seconds
56.464: [GC [PSYoungGen: 15743K->288K(16384K)] 32719K->17272K(52736K), 0.0004120 secs] [Times: user=0.00 sys=0.00, real=0.00 secs] 
56.464: Total time for which application threads were stopped: 0.0005170 seconds, Stopping threads took: 0.0000480 seconds
56.532: Application time: 0.0679080 seconds
56.532: [GC [PSYoungGen: 15645K->0K(16384K)] 32629K->17196K(52736K), 0.0004530 secs] [Times: user=0.00 sys=0.00, real=0.00 secs] 
56.533: Total time for which application threads were stopped: 0.0005910 seconds, Stopping threads took: 0.0000750 seconds
56.586: Application time: 0.0531700 seconds
56.586: [GC [PSYoungGen: 15355K->384K(16384K)] 32552K->17580K(52736K), 0.0003890 secs] [Times: user=0.00 sys=0.00, real=0.00 secs] 
56.587: Total time for which application threads were stopped: 0.0005200 seconds, Stopping threads took: 0.0000560 seconds
56.648: Application time: 0.0618000 seconds
56.649: [GC [PSYoungGen: 15741K->352K(16384K)] 32938K->17556K(52736K), 0.0004050 secs] [Times: user=0.00 sys=0.00, real=0.00 secs] 
56.649: Total time for which application threads were stopped: 0.0005300 seconds, Stopping threads took: 0.0000620 seconds
56.713: Application time: 0.0636630 seconds
56.713: [GC [PSYoungGen: 15709K->480K(16384K)] 32913K->17700K(52736K), 0.0004600 secs] [Times: user=0.00 sys=0.00, real=0.00 secs] 
56.713: Total time for which application threads were stopped: 0.0005740 seconds, Stopping threads took: 0.0000530 seconds
56.764: Application time: 0.0505300 seconds
56.764: [GC [PSYoungGen: 15838K->416K(16384K)] 33059K->17865K(52736K), 0.0004240 secs] [Times: user=0.00 sys=0.00, real=0.00 secs] 
56.764: Total time for which application threads were stopped: 0.0005580 seconds, Stopping threads took: 0.0000700 seconds
56.826: Application time: 0.0619720 seconds
56.826: [GC [PSYoungGen: 15772K->800K(16384K)] 33222K->18257K(52736K), 0.0004830 secs] [Times: user=0.00 sys=0.00, real=0.00 secs] 
56.827: Total time for which application threads were stopped: 0.0006100 seconds, Stopping threads took: 0.0000620 seconds
56.871: Application time: 0.0445810 seconds
56.872: [GC [PSYoungGen: 16158K->544K(16384K)] 33615K->18493K(52736K), 0.0005160 secs] [Times: user=0.00 sys=0.01, real=0.01 secs] 
56.872: Total time for which application threads were stopped: 0.0006270 seconds, Stopping threads took: 0.0000440 seconds
56.923: Application time: 0.0512470 seconds
56.923: [GC [PSYoungGen: 15902K->320K(16384K)] 33852K->18482K(52736K), 0.0005430 secs] [Times: user=0.00 sys=0.00, real=0.01 secs] 
56.924: Total time for which application threads were stopped: 0.0006610 seconds, Stopping threads took: 0.0000500 seconds
56.987: Application time: 0.0626030 seconds
56.987: [GC [PSYoungGen: 15679K->736K(15872K)] 33842K->18962K(52224K), 0.0005200 secs] [Times: user=0.01 sys=0.00, real=0.00 secs] 
56.987: Total time for which application threads were stopped: 0.0006410 seconds, Stopping threads took: 0.0000570 seconds
57.052: Application time: 0.0646860 seconds
57.052: [GC [PSYoungGen: 15583K->0K(16384K)] 33809K->18876K(52736K), 0.0004800 secs] [Times: user=0.01 sys=0.00, real=0.00 secs] 
57.053: Total time for which application threads were stopped: 0.0005930 seconds, Stopping threads took: 0.0000510 seconds
57.102: Application time: 0.0498170 seconds
57.102: [GC [PSYoungGen: 14846K->320K(15360K)] 33723K->19196K(51712K), 0.0004800 secs] [Times: user=0.01 sys=0.00, real=0.00 secs] 
57.103: Total time for which application threads were stopped: 0.0006060 seconds, Stopping threads took: 0.0000550 seconds
57.161: Application time: 0.0582620 seconds
57.161: [GC [PSYoungGen: 15167K->576K(15872K)] 34043K->19508K(52224K), 0.0004770 secs] [Times: user=0.00 sys=0.00, real=0.00 secs] 
57.162: Total time for which application threads were stopped: 0.0005950 seconds, Stopping threads took: 0.0000540 seconds
57.226: Application time: 0.0641960 seconds
57.226: [GC [PSYoungGen: 15421K->512K(15872K)] 34353K->19648K(52224K), 0.0005160 secs] [Times: user=0.00 sys=0.00, real=0.00 secs] 
57.227: Total time for which application threads were stopped: 0.0006330 seconds, Stopping threads took: 0.0000580 seconds
57.263: Application time: 0.0367450 seconds
57.264: [GC [PSYoungGen: 15358K->736K(15872K)] 34495K->20077K(52224K), 0.0006100 secs] [Times: user=0.00 sys=0.00, real=0.01 secs] 
57.264: Total time for which application threads were stopped: 0.0007360 seconds, Stopping threads took: 0.0000650 seconds
57.314: Application time: 0.0502630 seconds
57.315: [GC [PSYoungGen: 15582K->1008K(15872K)] 34924K->20365K(52224K), 0.0004770 secs] [Times: user=0.00 sys=0.00, real=0.00 secs] 
57.315: Total time for which application threads were stopped: 0.0006130 seconds, Stopping threads took: 0.0000700 seconds
57.377: Application time: 0.0622260 seconds
57.377: [GC [PSYoungGen: 15854K->512K(15872K)] 35211K->20350K(52224K), 0.0004950 secs] [Times: user=0.00 sys=0.00, real=0.00 secs] 
57.378: Total time for which application threads were stopped: 0.0006060 seconds, Stopping threads took: 0.0000460 seconds
57.444: Application time: 0.0663540 seconds
57.444: [GC [PSYoungGen: 15357K->0K(15360K)] 35195K->20383K(51712K), 0.0005720 secs] [Times: user=0.01 sys=0.00, real=0.00 secs] 
57.445: Total time for which application threads were stopped: 0.0006940 seconds, Stopping threads took: 0.0000640 seconds
57.508: Application time: 0.0633880 seconds
57.508: [GC [PSYoungGen: 14844K->320K(16384K)] 35228K->20703K(52736K), 0.0004130 secs] [Times: user=0.00 sys=0.00, real=0.00 secs] 
57.509: Total time for which application threads were stopped: 0.0005270 seconds, Stopping threads took: 0.0000520 seconds
57.574: Application time: 0.0651360 seconds
57.574: [GC [PSYoungGen: 15165K->0K(15360K)] 35548K->20607K(51712K), 0.0004380 secs] [Times: user=0.00 sys=0.00, real=0.00 secs] 
57.575: Total time for which application threads were stopped: 0.0005560 seconds, Stopping threads took: 0.0000570 seconds
57.640: Application time: 0.0651190 seconds
57.640: [GC [PSYoungGen: 14847K->0K(16384K)] 35454K->20607K(52736K), 0.0004430 secs] [Times: user=0.00 sys=0.00, real=0.00 secs] 
57.640: Total time for which application threads were stopped: 0.0005590 seconds, Stopping threads took: 0.0000500 seconds
57.702: Application time: 0.0620400 seconds
57.704: [GC [PSYoungGen: 14847K->544K(16384K)] 35454K->21151K(52736K), 0.0004290 secs] [Times: user=0.00 sys=0.00, real=0.00 secs] 
57.704: Total time for which application threads were stopped: 0.0020880 seconds, Stopping threads took: 0.0015980 seconds
57.771: Application time: 0.0664750 seconds
57.771: [GC [PSYoungGen: 15389K->0K(16384K)] 35996K->21032K(52736K), 0.0004340 secs] [Times: user=0.01 sys=0.00, real=0.00 secs] 
57.771: Total time for which application threads were stopped: 0.0005700 seconds, Stopping threads took: 0.0000610 seconds
57.838: Application time: 0.0665100 seconds
57.838: [GC [PSYoungGen: 14845K->0K(16384K)] 35878K->21032K(52736K), 0.0003530 secs] [Times: user=0.00 sys=0.00, real=0.00 secs] 
57.838: Total time for which application threads were stopped: 0.0004890 seconds, Stopping threads took: 0.0000720 seconds
57.904: Application time: 0.0660780 seconds
57.905: [GC [PSYoungGen: 14847K->0K(16384K)] 35880K->21032K(52736K), 0.0003600 secs] [Times: user=0.00 sys=0.00, real=0.00 secs] 
57.905: Total time for which application threads were stopped: 0.0004840 seconds, Stopping threads took: 0.0000610 seconds
57.971: Application time: 0.0658800 seconds
57.971: [GC [PSYoungGen: 14847K->0K(15360K)] 35880K->21032K(51712K), 0.0004100 secs] [Times: user=0.00 sys=0.00, real=0.00 secs] 
57.971: Total time for which application threads were stopped: 0.0005460 seconds, Stopping threads took: 0.0000690 seconds
58.037: Application time: 0.0659870 seconds
58.037: [GC [PSYoungGen: 14847K->0K(15872K)] 35880K->21032K(52224K), 0.0003590 secs] [Times: user=0.00 sys=0.00, real=0.00 secs] 
58.038: Total time for which application threads were stopped: 0.0004810 seconds, Stopping threads took: 0.0000630 seconds
58.088: Application time: 0.0506070 seconds
58.089: [GC [PSYoungGen: 14844K->320K(15872K)] 35877K->21352K(52224K), 0.0004140 secs] [Times: user=0.01 sys=0.00, real=0.00 secs] 
58.089: Total time for which application threads were stopped: 0.0005300 seconds, Stopping threads took: 0.0000540 seconds
58.150: Application time: 0.0609240 seconds
58.150: [GC [PSYoungGen: 15166K->320K(15872K)] 36198K->21368K(52224K), 0.0004070 secs] [Times: user=0.00 sys=0.00, real=0.00 secs] 
58.150: Total time for which application threads were stopped: 0.0005290 seconds, Stopping threads took: 0.0000490 seconds
58.215: Application time: 0.0649570 seconds
58.216: [GC [PSYoungGen: 15164K->352K(15872K)] 36213K->21416K(52224K), 0.0003930 secs] [Times: user=0.00 sys=0.00, real=0.00 secs] 
58.217: Total time for which application threads were stopped: 0.0013660 seconds, Stopping threads took: 0.0009110 seconds
58.281: Application time: 0.0641120 seconds
58.281: [GC [PSYoungGen: 15198K->320K(15872K)] 36263K->21616K(52224K), 0.0004820 secs] [Times: user=0.00 sys=0.00, real=0.00 secs] 
58.282: Total time for which application threads were stopped: 0.0006070 seconds, Stopping threads took: 0.0000610 seconds
58.329: Application time: 0.0473940 seconds
58.329: [GC [PSYoungGen: 15166K->384K(15872K)] 36462K->21704K(52224K), 0.0003860 secs] [Times: user=0.00 sys=0.00, real=0.00 secs] 
58.329: Total time for which application threads were stopped: 0.0005070 seconds, Stopping threads took: 0.0000560 seconds
58.393: Application time: 0.0636240 seconds
58.393: [GC [PSYoungGen: 15228K->320K(15872K)] 36549K->21664K(52224K), 0.0004020 secs] [Times: user=0.00 sys=0.00, real=0.00 secs] 
58.394: Total time for which application threads were stopped: 0.0005120 seconds, Stopping threads took: 0.0000510 seconds
58.446: Application time: 0.0524100 seconds
58.446: [GC [PSYoungGen: 15163K->352K(15872K)] 36508K->21925K(52224K), 0.0004030 secs] [Times: user=0.00 sys=0.00, real=0.00 secs] 
58.446: Total time for which application threads were stopped: 0.0005180 seconds, Stopping threads took: 0.0000530 seconds
58.503: Application time: 0.0562340 seconds
58.503: [GC [PSYoungGen: 15197K->576K(15872K)] 36770K->22157K(52224K), 0.0004180 secs] [Times: user=0.00 sys=0.00, real=0.00 secs] 
58.503: Total time for which application threads were stopped: 0.0005420 seconds, Stopping threads took: 0.0000600 seconds
58.563: Application time: 0.0593430 seconds
58.563: [GC [PSYoungGen: 15422K->512K(15872K)] 37004K->22341K(52224K), 0.0005340 secs] [Times: user=0.00 sys=0.00, real=0.00 secs] 
58.563: Total time for which application threads were stopped: 0.0006500 seconds, Stopping threads took: 0.0000500 seconds
58.604: Application time: 0.0408150 seconds
58.604: [GC [PSYoungGen: 15359K->576K(15872K)] 37189K->22681K(52224K), 0.0004900 secs] [Times: user=0.00 sys=0.00, real=0.00 secs] 
58.605: Total time for which application threads were stopped: 0.0006140 seconds, Stopping threads took: 0.0000530 seconds
58.657: Application time: 0.0526550 seconds
58.657: [GC [PSYoungGen: 15421K->352K(15872K)] 37527K->22718K(52224K), 0.0004260 secs] [Times: user=0.00 sys=0.00, real=0.00 secs] 
58.658: Total time for which application threads were stopped: 0.0005670 seconds, Stopping threads took: 0.0000650 seconds
58.719: Application time: 0.0611600 seconds
58.720: [GC [PSYoungGen: 15197K->800K(15872K)] 37563K->23174K(52224K), 0.0004760 secs] [Times: user=0.01 sys=0.00, real=0.00 secs] 
58.720: Total time for which application threads were stopped: 0.0012780 seconds, Stopping threads took: 0.0007410 seconds
58.784: Application time: 0.0636330 seconds
58.784: [GC [PSYoungGen: 15645K->352K(15872K)] 38020K->23636K(52224K), 0.0005790 secs] [Times: user=0.00 sys=0.00, real=0.00 secs] 
58.785: Total time for which application threads were stopped: 0.0007030 seconds, Stopping threads took: 0.0000610 seconds
58.831: Application time: 0.0467520 seconds
58.832: [GC [PSYoungGen: 15198K->704K(15872K)] 38482K->23996K(52224K), 0.0004490 secs] [Times: user=0.01 sys=0.00, real=0.01 secs] 
58.832: Total time for which application threads were stopped: 0.0005800 seconds, Stopping threads took: 0.0000660 seconds
58.895: Application time: 0.0627390 seconds
58.895: [GC [PSYoungGen: 15550K->512K(15872K)] 38842K->23860K(52224K), 0.0004620 secs] [Times: user=0.00 sys=0.00, real=0.00 secs] 
58.895: Total time for which application threads were stopped: 0.0005840 seconds, Stopping threads took: 0.0000590 seconds
58.959: Application time: 0.0632970 seconds
58.959: [GC [PSYoungGen: 15357K->288K(15872K)] 38705K->24045K(52224K), 0.0004960 secs] [Times: user=0.00 sys=0.00, real=0.00 secs] 
58.959: Total time for which application threads were stopped: 0.0006030 seconds, Stopping threads took: 0.0000470 seconds
58.996: Application time: 0.0362510 seconds
58.996: [GC [PSYoungGen: 15132K->704K(15872K)] 38889K->24469K(52224K), 0.0004680 secs] [Times: user=0.01 sys=0.00, real=0.00 secs] 
58.996: Total time for which application threads were stopped: 0.0005850 seconds, Stopping threads took: 0.0000560 seconds
59.049: Application time: 0.0531810 seconds
59.049: [GC [PSYoungGen: 15551K->960K(15872K)] 39316K->24733K(52224K), 0.0005200 secs] [Times: user=0.00 sys=0.00, real=0.00 secs] 
59.050: Total time for which application threads were stopped: 0.0006360 seconds, Stopping threads took: 0.0000540 seconds
59.113: Application time: 0.0625950 seconds
59.113: [GC [PSYoungGen: 15805K->480K(16384K)] 39579K->24730K(52736K), 0.0005070 secs] [Times: user=0.00 sys=0.00, real=0.00 secs] 
59.113: Total time for which application threads were stopped: 0.0006330 seconds, Stopping threads took: 0.0000570 seconds
59.178: Application time: 0.0649740 seconds
59.178: [GC [PSYoungGen: 15327K->0K(16384K)] 39577K->24670K(52736K), 0.0004780 secs] [Times: user=0.00 sys=0.00, real=0.00 secs] 
59.179: Total time for which application threads were stopped: 0.0006090 seconds, Stopping threads took: 0.0000610 seconds
59.242: Application time: 0.0634540 seconds
59.242: [GC [PSYoungGen: 14845K->320K(16384K)] 39515K->24990K(52736K), 0.0004180 secs] [Times: user=0.00 sys=0.00, real=0.00 secs] 
59.243: Total time for which application threads were stopped: 0.0005390 seconds, Stopping threads took: 0.0000540 seconds
59.308: Application time: 0.0652070 seconds
59.308: [GC [PSYoungGen: 15167K->0K(16384K)] 39837K->24886K(52736K), 0.0004540 secs] [Times: user=0.00 sys=0.00, real=0.00 secs] 
59.309: Total time for which application threads were stopped: 0.0005720 seconds, Stopping threads took: 0.0000580 seconds
59.373: Application time: 0.0645200 seconds
59.373: [GC [PSYoungGen: 14844K->352K(15360K)] 39731K->25238K(51712K), 0.0004160 secs] [Times: user=0.00 sys=0.00, real=0.00 secs] 
59.374: Total time for which application threads were stopped: 0.0005260 seconds, Stopping threads took: 0.0000480 seconds
59.437: Application time: 0.0630860 seconds
59.437: [GC [PSYoungGen: 15199K->544K(15872K)] 40085K->25438K(52224K), 0.0004320 secs] [Times: user=0.01 sys=0.00, real=0.00 secs] 
59.437: Total time for which application threads were stopped: 0.0005740 seconds, Stopping threads took: 0.0000790 seconds
59.504: Application time: 0.0665600 seconds
59.508: [GC [PSYoungGen: 15391K->0K(15872K)] 40285K->25438K(52224K), 0.0004770 secs] [Times: user=0.00 sys=0.00, real=0.00 secs] 
59.508: Total time for which application threads were stopped: 0.0045830 seconds, Stopping threads took: 0.0040460 seconds
59.574: Application time: 0.0660290 seconds
59.576: [GC [PSYoungGen: 14847K->0K(15872K)] 40286K->25438K(52224K), 0.0004160 secs] [Times: user=0.00 sys=0.00, real=0.00 secs] 
59.576: Total time for which application threads were stopped: 0.0018920 seconds, Stopping threads took: 0.0014140 seconds
59.642: Application time: 0.0659350 seconds
59.642: [GC [PSYoungGen: 14847K->0K(15872K)] 40286K->25438K(52224K), 0.0003910 secs] [Times: user=0.00 sys=0.00, real=0.00 secs] 
59.643: Total time for which application threads were stopped: 0.0005110 seconds, Stopping threads took: 0.0000620 seconds
59.709: Application time: 0.0661140 seconds
59.709: [GC [PSYoungGen: 14847K->0K(15872K)] 40286K->25438K(52224K), 0.0004650 secs] [Times: user=0.00 sys=0.00, real=0.00 secs] 
59.709: Total time for which application threads were stopped: 0.0005840 seconds, Stopping threads took: 0.0000500 seconds
59.770: Application time: 0.0601250 seconds
59.770: [GC [PSYoungGen: 14846K->384K(15872K)] 40285K->25822K(52224K), 0.0004110 secs] [Times: user=0.00 sys=0.00, real=0.00 secs] 
59.770: Total time for which application threads were stopped: 0.0005540 seconds, Stopping threads took: 0.0000800 seconds
59.822: Application time: 0.0520090 seconds
59.822: [GC [PSYoungGen: 15229K->352K(15872K)] 40667K->25798K(52224K), 0.0003810 secs] [Times: user=0.00 sys=0.00, real=0.00 secs] 
59.823: Total time for which application threads were stopped: 0.0005020 seconds, Stopping threads took: 0.0000610 seconds
59.887: Application time: 0.0644540 seconds
59.887: [GC [PSYoungGen: 15196K->320K(15872K)] 40643K->25790K(52224K), 0.0004240 secs] [Times: user=0.00 sys=0.00, real=0.00 secs] 
59.888: Total time for which application threads were stopped: 0.0005360 seconds, Stopping threads took: 0.0000500 seconds
59.954: Application time: 0.0659830 seconds
59.954: [GC [PSYoungGen: 15165K->0K(15872K)] 40636K->25691K(52224K), 0.0004080 secs] [Times: user=0.00 sys=0.00, real=0.00 secs] 
59.954: Total time for which application threads were stopped: 0.0005360 seconds, Stopping threads took: 0.0000650 seconds
60.010: Application time: 0.0553560 seconds
60.010: [GC [PSYoungGen: 14843K->384K(15872K)] 40534K->26075K(52224K), 0.0004200 secs] [Times: user=0.00 sys=0.00, real=0.00 secs] 
60.010: Total time for which application threads were stopped: 0.0005540 seconds, Stopping threads took: 0.0000700 seconds
60.066: Application time: 0.0556580 seconds
60.066: [GC [PSYoungGen: 15231K->256K(15872K)] 40922K->25955K(52224K), 0.0004110 secs] [Times: user=0.00 sys=0.00, real=0.00 secs] 
60.066: Total time for which application threads were stopped: 0.0005360 seconds, Stopping threads took: 0.0000670 seconds
60.124: Application time: 0.0578170 seconds
60.124: [GC [PSYoungGen: 15102K->544K(15872K)] 40801K->26251K(52224K), 0.0004530 secs] [Times: user=0.00 sys=0.00, real=0.00 secs] 
60.125: Total time for which application threads were stopped: 0.0005800 seconds, Stopping threads took: 0.0000660 seconds
60.176: Application time: 0.0515190 seconds
60.176: [GC [PSYoungGen: 15387K->544K(15872K)] 41095K->26471K(52224K), 0.0004690 secs] [Times: user=0.00 sys=0.00, real=0.00 secs] 
60.177: Total time for which application threads were stopped: 0.0005790 seconds, Stopping threads took: 0.0000480 seconds
60.240: Application time: 0.0635480 seconds
60.240: [GC [PSYoungGen: 15391K->640K(15872K)] 41319K->26623K(52224K), 0.0005400 secs] [Times: user=0.00 sys=0.00, real=0.00 secs] 
60.241: Total time for which application threads were stopped: 0.0006730 seconds, Stopping threads took: 0.0000680 seconds
60.304: Application time: 0.0632770 seconds
60.304: [GC [PSYoungGen: 15483K->320K(15872K)] 41467K->26756K(52224K), 0.0004940 secs] [Times: user=0.00 sys=0.00, real=0.00 secs] 
60.305: Total time for which application threads were stopped: 0.0006000 seconds, Stopping threads took: 0.0000450 seconds
60.347: Application time: 0.0417050 seconds
60.347: [GC [PSYoungGen: 15164K->512K(15872K)] 41601K->27013K(52224K), 0.0004440 secs] [Times: user=0.00 sys=0.00, real=0.00 secs] 
60.347: Total time for which application threads were stopped: 0.0005700 seconds, Stopping threads took: 0.0000600 seconds
60.397: Application time: 0.0498020 seconds
60.397: [GC [PSYoungGen: 15355K->512K(15872K)] 41856K->27077K(52224K), 0.0004470 secs] [Times: user=0.01 sys=0.00, real=0.00 secs] 
60.398: Total time for which application threads were stopped: 0.0005710 seconds, Stopping threads took: 0.0000600 seconds
60.459: Application time: 0.0614040 seconds
60.459: [GC [PSYoungGen: 15359K->736K(15872K)] 41924K->27309K(52224K), 0.0005190 secs] [Times: user=0.00 sys=0.00, real=0.00 secs] 
60.460: Total time for which application threads were stopped: 0.0006350 seconds, Stopping threads took: 0.0000560 seconds
60.515: Application time: 0.0556200 seconds
60.515: [GC [PSYoungGen: 15579K->352K(15872K)] 42152K->27570K(52224K), 0.0005060 secs] [Times: user=0.01 sys=0.00, real=0.00 secs] 
60.516: Total time for which application threads were stopped: 0.0006360 seconds, Stopping threads took: 0.0000660 seconds
60.569: Application time: 0.0533650 seconds
60.569: [GC [PSYoungGen: 15196K->512K(15872K)] 42415K->27794K(52224K), 0.0004260 secs] [Times: user=0.00 sys=0.00, real=0.00 secs] 
60.570: Total time for which application threads were stopped: 0.0005440 seconds, Stopping threads took: 0.0000580 seconds
60.633: Application time: 0.0635560 seconds
60.633: [GC [PSYoungGen: 15356K->320K(15872K)] 42639K->27954K(52224K), 0.0004610 secs] [Times: user=0.00 sys=0.00, real=0.00 secs] 
60.634: Total time for which application threads were stopped: 0.0006220 seconds, Stopping threads took: 0.0000940 seconds
60.687: Application time: 0.0526030 seconds
60.687: [GC [PSYoungGen: 15165K->544K(15872K)] 42800K->28402K(52224K), 0.0004700 secs] [Times: user=0.00 sys=0.00, real=0.00 secs] 
60.687: Total time for which application threads were stopped: 0.0005900 seconds, Stopping threads took: 0.0000560 seconds
60.725: Application time: 0.0375210 seconds
60.725: [GC [PSYoungGen: 15388K->608K(15872K)] 43247K->28482K(52224K), 0.0004430 secs] [Times: user=0.00 sys=0.00, real=0.00 secs] 
60.725: Total time for which application threads were stopped: 0.0005430 seconds, Stopping threads took: 0.0000400 seconds
60.784: Application time: 0.0592400 seconds
60.785: [GC [PSYoungGen: 15454K->736K(15872K)] 43329K->28890K(52224K), 0.0005110 secs] [Times: user=0.01 sys=0.00, real=0.00 secs] 
60.785: Total time for which application threads were stopped: 0.0006490 seconds, Stopping threads took: 0.0000650 seconds
60.849: Application time: 0.0636250 seconds
60.852: [GC [PSYoungGen: 15580K->288K(15872K)] 43735K->29048K(52224K), 0.0005370 secs] [Times: user=0.00 sys=0.00, real=0.00 secs] 
60.852: Total time for which application threads were stopped: 0.0037550 seconds, Stopping threads took: 0.0031550 seconds
60.917: Application time: 0.0640840 seconds
60.917: [GC [PSYoungGen: 15132K->320K(15872K)] 43893K->29301K(52224K), 0.0004900 secs] [Times: user=0.00 sys=0.00, real=0.00 secs] 
60.917: Total time for which application threads were stopped: 0.0006040 seconds, Stopping threads took: 0.0000520 seconds
60.981: Application time: 0.0641490 seconds
60.981: [GC [PSYoungGen: 15164K->320K(15872K)] 44145K->29317K(52224K), 0.0004200 secs] [Times: user=0.00 sys=0.00, real=0.00 secs] 
60.982: Total time for which application threads were stopped: 0.0005310 seconds, Stopping threads took: 0.0000500 seconds
61.047: Application time: 0.0650700 seconds
61.047: [GC [PSYoungGen: 15167K->0K(15872K)] 44164K->29225K(52224K), 0.0004050 secs] [Times: user=0.01 sys=0.00, real=0.00 secs] 
61.047: Total time for which application threads were stopped: 0.0005220 seconds, Stopping threads took: 0.0000470 seconds
61.110: Application time: 0.0626250 seconds
61.110: [GC [PSYoungGen: 14846K->576K(15872K)] 44072K->29801K(52224K), 0.0004200 secs] [Times: user=0.00 sys=0.00, real=0.00 secs] 
61.111: Total time for which application threads were stopped: 0.0005280 seconds, Stopping threads took: 0.0000430 seconds
61.175: Application time: 0.0645750 seconds
61.175: [GC [PSYoungGen: 15420K->352K(15872K)] 44646K->29798K(52224K), 0.0004450 secs] [Times: user=0.00 sys=0.01, real=0.00 secs] 
61.176: Total time for which application threads were stopped: 0.0005990 seconds, Stopping threads took: 0.0000880 seconds
61.242: Application time: 0.0662440 seconds
61.242: [GC [PSYoungGen: 15197K->0K(15872K)] 44643K->29662K(52224K), 0.0004410 secs] [Times: user=0.00 sys=0.00, real=0.00 secs] 
61.243: Total time for which application threads were stopped: 0.0005630 seconds, Stopping threads took: 0.0000620 seconds
61.309: Application time: 0.0659780 seconds
61.309: [GC [PSYoungGen: 14847K->0K(15872K)] 44509K->29662K(52224K), 0.0004040 secs] [Times: user=0.00 sys=0.00, real=0.00 secs] 
61.309: Total time for which application threads were stopped: 0.0005230 seconds, Stopping threads took: 0.0000460 seconds
61.375: Application time: 0.0656760 seconds
61.375: [GC [PSYoungGen: 14847K->0K(15872K)] 44509K->29662K(52224K), 0.0004090 secs] [Times: user=0.00 sys=0.00, real=0.00 secs] 
61.375: Total time for which application threads were stopped: 0.0005310 seconds, Stopping threads took: 0.0000570 seconds
61.441: Application time: 0.0657830 seconds
61.441: [GC [PSYoungGen: 14847K->0K(15872K)] 44509K->29662K(52224K), 0.0003730 secs] [Times: user=0.00 sys=0.00, real=0.00 secs] 
61.442: Total time for which application threads were stopped: 0.0004920 seconds, Stopping threads took: 0.0000530 seconds
61.494: Application time: 0.0522770 seconds
61.494: [GC [PSYoungGen: 14843K->384K(15872K)] 44505K->30046K(52224K), 0.0004060 secs] [Times: user=0.00 sys=0.00, real=0.00 secs] 
61.494: Total time for which application threads were stopped: 0.0005110 seconds, Stopping threads took: 0.0000420 seconds
61.554: Application time: 0.0591560 seconds
61.554: [GC [PSYoungGen: 15227K->352K(15872K)] 44889K->30030K(52224K), 0.0003910 secs] [Times: user=0.00 sys=0.00, real=0.00 secs] 
61.554: Total time for which application threads were stopped: 0.0005130 seconds, Stopping threads took: 0.0000590 seconds
61.619: Application time: 0.0644930 seconds
61.619: [GC [PSYoungGen: 15196K->256K(15872K)] 44874K->29950K(52224K), 0.0005290 secs] [Times: user=0.00 sys=0.00, real=0.00 secs] 
61.619: Total time for which application threads were stopped: 0.0006590 seconds, Stopping threads took: 0.0000640 seconds
61.684: Application time: 0.0653050 seconds
61.685: [GC [PSYoungGen: 15103K->0K(15872K)] 44797K->29918K(52224K), 0.0004160 secs] [Times: user=0.00 sys=0.00, real=0.00 secs] 
61.685: Total time for which application threads were stopped: 0.0005390 seconds, Stopping threads took: 0.0000590 seconds
61.736: Application time: 0.0513300 seconds
61.737: [GC [PSYoungGen: 14846K->384K(15872K)] 44764K->30302K(52224K), 0.0004230 secs] [Times: user=0.00 sys=0.00, real=0.00 secs] 
61.737: Total time for which application threads were stopped: 0.0007810 seconds, Stopping threads took: 0.0002940 seconds
61.797: Application time: 0.0599920 seconds
61.797: [GC [PSYoungGen: 15227K->288K(15872K)] 45145K->30214K(52224K), 0.0004490 secs] [Times: user=0.00 sys=0.00, real=0.00 secs] 
61.798: Total time for which application threads were stopped: 0.0005570 seconds, Stopping threads took: 0.0000520 seconds
61.854: Application time: 0.0563210 seconds
61.854: [GC [PSYoungGen: 15134K->576K(15872K)] 45060K->30526K(52224K), 0.0004420 secs] [Times: user=0.00 sys=0.00, real=0.00 secs] 
61.855: Total time for which application threads were stopped: 0.0005780 seconds, Stopping threads took: 0.0000650 seconds
61.906: Application time: 0.0510210 seconds
61.908: [GC [PSYoungGen: 15422K->544K(15872K)] 45372K->30714K(52224K), 0.0004900 secs] [Times: user=0.00 sys=0.00, real=0.00 secs] 
61.908: Total time for which application threads were stopped: 0.0027580 seconds, Stopping threads took: 0.0021950 seconds
61.973: Application time: 0.0643170 seconds
61.973: [GC [PSYoungGen: 15389K->352K(15872K)] 45560K->30783K(52224K), 0.0004480 secs] [Times: user=0.00 sys=0.00, real=0.00 secs] 
61.973: Total time for which application threads were stopped: 0.0005860 seconds, Stopping threads took: 0.0000720 seconds
62.034: Application time: 0.0608480 seconds
62.034: [GC [PSYoungGen: 15196K->352K(15872K)] 45627K->31023K(52224K), 0.0004540 secs] [Times: user=0.01 sys=0.00, real=0.00 secs] 
62.035: Total time for which application threads were stopped: 0.0005770 seconds, Stopping threads took: 0.0000580 seconds
62.072: Application time: 0.0370340 seconds
62.072: [GC [PSYoungGen: 15132K->448K(15872K)] 45803K->31175K(52224K), 0.0004270 secs] [Times: user=0.00 sys=0.00, real=0.00 secs] 
62.072: Total time for which application threads were stopped: 0.0005730 seconds, Stopping threads took: 0.0000850 seconds
62.127: Application time: 0.0548230 seconds
62.127: [GC [PSYoungGen: 15294K->608K(15872K)] 46021K->31444K(52224K), 0.0005100 secs] [Times: user=0.00 sys=0.00, real=0.00 secs] 
62.128: Total time for which application threads were stopped: 0.0006370 seconds, Stopping threads took: 0.0000550 seconds
62.189: Application time: 0.0611360 seconds
62.189: [GC [PSYoungGen: 15453K->736K(15872K)] 46289K->31732K(52224K), 0.0005150 secs] [Times: user=0.00 sys=0.00, real=0.00 secs] 
62.190: Total time for which application threads were stopped: 0.0006230 seconds, Stopping threads took: 0.0000500 seconds
62.240: Application time: 0.0507380 seconds
62.240: [GC [PSYoungGen: 15582K->352K(15872K)] 46578K->31981K(52224K), 0.0005950 secs] [Times: user=0.00 sys=0.00, real=0.00 secs] 
62.241: Total time for which application threads were stopped: 0.0007360 seconds, Stopping threads took: 0.0000780 seconds
62.299: Application time: 0.0576860 seconds
62.299: [GC [PSYoungGen: 15197K->512K(15872K)] 46826K->32213K(52224K), 0.0004690 secs] [Times: user=0.00 sys=0.00, real=0.00 secs] 
62.299: Total time for which application threads were stopped: 0.0005940 seconds, Stopping threads took: 0.0000590 seconds
62.363: Application time: 0.0636280 seconds
62.363: [GC [PSYoungGen: 15356K->384K(15872K)] 47057K->32321K(52224K), 0.0004600 secs] [Times: user=0.00 sys=0.00, real=0.00 secs] 
62.364: Total time for which application threads were stopped: 0.0006040 seconds, Stopping threads took: 0.0000710 seconds
62.407: Application time: 0.0436340 seconds
62.407: [GC [PSYoungGen: 15230K->544K(15872K)] 47167K->32694K(52224K), 0.0004730 secs] [Times: user=0.00 sys=0.00, real=0.00 secs] 
62.408: Total time for which application threads were stopped: 0.0006210 seconds, Stopping threads took: 0.0000740 seconds
62.454: Application time: 0.0462010 seconds
62.454: [GC [PSYoungGen: 15389K->512K(15872K)] 47540K->32670K(52224K), 0.0004670 secs] [Times: user=0.00 sys=0.00, real=0.00 secs] 
62.455: Total time for which application threads were stopped: 0.0005890 seconds, Stopping threads took: 0.0000580 seconds
62.513: Application time: 0.0587720 seconds
62.513: [GC [PSYoungGen: 15355K->928K(15872K)] 47513K->33174K(52224K), 0.0005100 secs] [Times: user=0.01 sys=0.00, real=0.00 secs] 
62.514: Total time for which application threads were stopped: 0.0006420 seconds, Stopping threads took: 0.0000720 seconds
62.579: Application time: 0.0650810 seconds
62.579: [GC [PSYoungGen: 15773K->0K(15872K)] 48019K->33048K(52224K), 0.0005250 secs] [Times: user=0.00 sys=0.00, real=0.00 secs] 
62.580: Total time for which application threads were stopped: 0.0006450 seconds, Stopping threads took: 0.0000610 seconds
62.643: Application time: 0.0637000 seconds
62.644: [GC [PSYoungGen: 14845K->384K(15872K)] 47893K->33432K(52224K), 0.0004450 secs] [Times: user=0.00 sys=0.00, real=0.01 secs] 
62.644: Total time for which application threads were stopped: 0.0005640 seconds, Stopping threads took: 0.0000540 seconds
62.710: Application time: 0.0655120 seconds
62.710: [GC [PSYoungGen: 15229K->0K(15872K)] 48277K->33269K(52224K), 0.0004460 secs] [Times: user=0.00 sys=0.00, real=0.00 secs] 
62.710: Total time for which application threads were stopped: 0.0005890 seconds, Stopping threads took: 0.0000770 seconds
62.775: Application time: 0.0653770 seconds
62.776: [GC [PSYoungGen: 14847K->0K(15872K)] 48116K->33269K(52224K), 0.0004100 secs] [Times: user=0.01 sys=0.00, real=0.00 secs] 
62.776: Total time for which application threads were stopped: 0.0005430 seconds, Stopping threads took: 0.0000690 seconds
62.839: Application time: 0.0626100 seconds
62.839: [GC [PSYoungGen: 14844K->576K(15872K)] 48113K->33845K(52224K), 0.0004440 secs] [Times: user=0.01 sys=0.00, real=0.00 secs] 
62.839: Total time for which application threads were stopped: 0.0005580 seconds, Stopping threads took: 0.0000490 seconds
62.905: Application time: 0.0657470 seconds
62.905: [GC [PSYoungGen: 15423K->0K(15872K)] 48692K->33673K(52224K), 0.0005490 secs] [Times: user=0.00 sys=0.00, real=0.00 secs] 
62.906: Total time for which application threads were stopped: 0.0006850 seconds, Stopping threads took: 0.0000650 seconds
62.972: Application time: 0.0660390 seconds
62.972: [GC [PSYoungGen: 14847K->0K(15872K)] 48521K->33673K(52224K), 0.0004120 secs] [Times: user=0.00 sys=0.00, real=0.01 secs] 
62.972: Total time for which application threads were stopped: 0.0005240 seconds, Stopping threads took: 0.0000450 seconds
63.038: Application time: 0.0659940 seconds
63.038: [GC [PSYoungGen: 14847K->0K(15872K)] 48521K->33673K(52224K), 0.0003670 secs] [Times: user=0.00 sys=0.00, real=0.00 secs] 
63.039: Total time for which application threads were stopped: 0.0005140 seconds, Stopping threads took: 0.0000850 seconds
63.105: Application time: 0.0660280 seconds
63.105: [GC [PSYoungGen: 14847K->0K(15872K)] 48521K->33673K(52224K), 0.0004210 secs] [Times: user=0.00 sys=0.00, real=0.00 secs] 
63.105: Total time for which application threads were stopped: 0.0005630 seconds, Stopping threads took: 0.0000780 seconds
63.171: Application time: 0.0659430 seconds
63.171: [GC [PSYoungGen: 14847K->0K(15872K)] 48521K->33673K(52224K), 0.0004610 secs] [Times: user=0.00 sys=0.00, real=0.01 secs] 
63.172: Total time for which application threads were stopped: 0.0005790 seconds, Stopping threads took: 0.0000540 seconds
63.221: Application time: 0.0494160 seconds
63.221: [GC [PSYoungGen: 14844K->384K(15872K)] 48517K->34057K(52224K), 0.0004070 secs] [Times: user=0.00 sys=0.00, real=0.00 secs] 
63.222: Total time for which application threads were stopped: 0.0005450 seconds, Stopping threads took: 0.0000710 seconds
63.285: Application time: 0.0634320 seconds
63.285: [GC [PSYoungGen: 15231K->288K(15872K)] 48904K->33977K(52224K), 0.0004290 secs] [Times: user=0.01 sys=0.00, real=0.00 secs] 
63.286: Total time for which application threads were stopped: 0.0005600 seconds, Stopping threads took: 0.0000720 seconds
63.350: Application time: 0.0646620 seconds
63.351: [GC [PSYoungGen: 15132K->384K(15872K)] 48822K->34105K(52224K), 0.0004100 secs] [Times: user=0.01 sys=0.00, real=0.00 secs] 
63.351: Total time for which application threads were stopped: 0.0005230 seconds, Stopping threads took: 0.0000500 seconds
63.412: Application time: 0.0613950 seconds
63.413: [GC [PSYoungGen: 15229K->352K(15872K)] 48951K->34302K(52224K), 0.0004450 secs] [Times: user=0.00 sys=0.00, real=0.00 secs] 
63.413: Total time for which application threads were stopped: 0.0005890 seconds, Stopping threads took: 0.0000730 seconds
63.464: Application time: 0.0513040 seconds
63.464: [GC [PSYoungGen: 15196K->384K(15872K)] 49146K->34350K(52224K), 0.0004170 secs] [Times: user=0.00 sys=0.00, real=0.00 secs] 
63.465: Total time for which application threads were stopped: 0.0005170 seconds, Stopping threads took: 0.0000380 seconds
63.529: Application time: 0.0640740 seconds
63.529: [GC [PSYoungGen: 15228K->352K(15872K)] 49194K->34334K(52224K), 0.0004220 secs] [Times: user=0.00 sys=0.00, real=0.00 secs] 
63.529: Total time for which application threads were stopped: 0.0005420 seconds, Stopping threads took: 0.0000610 seconds
63.580: Application time: 0.0501760 seconds
63.580: [GC [PSYoungGen: 15196K->416K(15872K)] 49178K->34622K(52224K), 0.0004640 secs] [Times: user=0.00 sys=0.00, real=0.00 secs] 
63.580: Total time for which application threads were stopped: 0.0005790 seconds, Stopping threads took: 0.0000500 seconds
63.638: Application time: 0.0582030 seconds
63.638: [GC [PSYoungGen: 15259K->480K(15872K)] 49466K->34694K(52224K), 0.0004530 secs] [Times: user=0.00 sys=0.00, real=0.00 secs] 
63.639: Total time for which application threads were stopped: 0.0005740 seconds, Stopping threads took: 0.0000640 seconds
63.703: Application time: 0.0636850 seconds
63.703: [GC [PSYoungGen: 15327K->384K(15872K)] 49541K->34846K(52224K), 0.0004720 secs] [Times: user=0.01 sys=0.00, real=0.00 secs] 
63.703: Total time for which application threads were stopped: 0.0005930 seconds, Stopping threads took: 0.0000560 seconds
63.764: Application time: 0.0603560 seconds
63.764: [GC [PSYoungGen: 15230K->512K(15872K)] 49692K->35230K(52224K), 0.0005040 secs] [Times: user=0.00 sys=0.00, real=0.01 secs] 
63.764: Total time for which application threads were stopped: 0.0006160 seconds, Stopping threads took: 0.0000500 seconds
63.800: Application time: 0.0358190 seconds
63.800: [GC [PSYoungGen: 15356K->544K(15872K)] 50075K->35318K(52224K), 0.0004850 secs] [Times: user=0.00 sys=0.00, real=0.00 secs] 
63.801: Total time for which application threads were stopped: 0.0006050 seconds, Stopping threads took: 0.0000520 seconds
63.857: Application time: 0.0561500 seconds
63.857: [GC [PSYoungGen: 15390K->864K(15872K)] 50164K->35694K(52224K), 0.0005630 secs] [Times: user=0.00 sys=0.00, real=0.00 secs] 
63.857: Total time for which application threads were stopped: 0.0007000 seconds, Stopping threads took: 0.0000780 seconds
63.920: Application time: 0.0629040 seconds
63.921: [GC [PSYoungGen: 15710K->544K(15872K)] 50540K->35619K(52224K), 0.0005150 secs] [Times: user=0.00 sys=0.00, real=0.00 secs] 
63.921: Total time for which application threads were stopped: 0.0006480 seconds, Stopping threads took: 0.0000570 seconds
63.967: Application time: 0.0461980 seconds
63.967: [GC [PSYoungGen: 15390K->576K(15872K)] 50465K->36052K(52224K), 0.0005580 secs] [Times: user=0.01 sys=0.00, real=0.00 secs] 
63.968: Total time for which application threads were stopped: 0.0006800 seconds, Stopping threads took: 0.0000600 seconds
64.030: Application time: 0.0615990 seconds
64.030: [GC [PSYoungGen: 15420K->512K(15872K)] 50897K->36044K(52224K), 0.0004720 secs] [Times: user=0.01 sys=0.00, real=0.00 secs] 
64.030: Total time for which application threads were stopped: 0.0006030 seconds, Stopping threads took: 0.0000690 seconds
64.094: Application time: 0.0638580 seconds
64.094: [GC [PSYoungGen: 15356K->352K(15872K)] 50888K->36112K(52224K), 0.0004390 secs] [Times: user=0.00 sys=0.00, real=0.00 secs] 
64.095: Total time for which application threads were stopped: 0.0005680 seconds, Stopping threads took: 0.0000700 seconds
64.133: Application time: 0.0383190 seconds
64.133: [GC [PSYoungGen: 15196K->576K(15872K)] 50957K->36568K(52224K), 0.0004880 secs] [Times: user=0.01 sys=0.00, real=0.00 secs] 
64.133: [Full GC [PSYoungGen: 576K->0K(15872K)] [ParOldGen: 35992K->4370K(34816K)] 36568K->4370K(50688K) [PSPermGen: 5541K->5541K(21504K)], 0.0055610 secs] [Times: user=0.02 sys=0.00, real=0.00 secs] 
64.139: Total time for which application threads were stopped: 0.0062090 seconds, Stopping threads took: 0.0000500 seconds
64.190: Application time: 0.0507340 seconds
64.190: [GC [PSYoungGen: 14845K->512K(15872K)] 19216K->4882K(50688K), 0.0004420 secs] [Times: user=0.00 sys=0.00, real=0.00 secs] 
64.190: Total time for which application threads were stopped: 0.0005660 seconds, Stopping threads took: 0.0000610 seconds
64.249: Application time: 0.0586690 seconds
64.249: [GC [PSYoungGen: 15357K->928K(15872K)] 19728K->5398K(50688K), 0.0004770 secs] [Times: user=0.00 sys=0.00, real=0.00 secs] 
64.250: Total time for which application threads were stopped: 0.0006040 seconds, Stopping threads took: 0.0000640 seconds
64.315: Application time: 0.0653040 seconds
64.315: [GC [PSYoungGen: 15775K->0K(15872K)] 20245K->5280K(50688K), 0.0005000 secs] [Times: user=0.00 sys=0.00, real=0.00 secs] 
64.316: Total time for which application threads were stopped: 0.0006370 seconds, Stopping threads took: 0.0000710 seconds
64.380: Application time: 0.0642580 seconds
64.380: [GC [PSYoungGen: 14847K->384K(15360K)] 20127K->5664K(50176K), 0.0003870 secs] [Times: user=0.00 sys=0.00, real=0.00 secs] 
64.380: Total time for which application threads were stopped: 0.0005230 seconds, Stopping threads took: 0.0000720 seconds
64.447: Application time: 0.0664270 seconds
64.448: [GC [PSYoungGen: 15229K->0K(15872K)] 20509K->5501K(50688K), 0.0004120 secs] [Times: user=0.00 sys=0.00, real=0.00 secs] 
64.448: Total time for which application threads were stopped: 0.0014670 seconds, Stopping threads took: 0.0009840 seconds
64.514: Application time: 0.0662050 seconds
64.515: [GC [PSYoungGen: 14847K->0K(16384K)] 20348K->5501K(51200K), 0.0003280 secs] [Times: user=0.00 sys=0.00, real=0.00 secs] 
64.515: Total time for which application threads were stopped: 0.0004430 seconds, Stopping threads took: 0.0000540 seconds
64.577: Application time: 0.0622180 seconds
64.577: [GC [PSYoungGen: 14846K->576K(16384K)] 20347K->6077K(51200K), 0.0003920 secs] [Times: user=0.00 sys=0.00, real=0.00 secs] 
64.578: Total time for which application threads were stopped: 0.0005190 seconds, Stopping threads took: 0.0000640 seconds
64.644: Application time: 0.0662680 seconds
64.648: [GC [PSYoungGen: 15423K->0K(16384K)] 20924K->5929K(51200K), 0.0004780 secs] [Times: user=0.00 sys=0.00, real=0.00 secs] 
64.648: Total time for which application threads were stopped: 0.0044310 seconds, Stopping threads took: 0.0038840 seconds
64.715: Application time: 0.0664570 seconds
64.715: [GC [PSYoungGen: 14847K->0K(16384K)] 20777K->5929K(51200K), 0.0003440 secs] [Times: user=0.00 sys=0.00, real=0.00 secs] 
64.715: Total time for which application threads were stopped: 0.0004630 seconds, Stopping threads took: 0.0000560 seconds
64.783: Application time: 0.0672280 seconds
64.783: [GC [PSYoungGen: 14845K->0K(15360K)] 20774K->5929K(50176K), 0.0003320 secs] [Times: user=0.00 sys=0.00, real=0.00 secs] 
64.783: Total time for which application threads were stopped: 0.0004560 seconds, Stopping threads took: 0.0000620 seconds
64.849: Application time: 0.0659840 seconds
64.849: [GC [PSYoungGen: 14847K->0K(15872K)] 20777K->5929K(50688K), 0.0003320 secs] [Times: user=0.00 sys=0.00, real=0.00 secs] 
64.849: Total time for which application threads were stopped: 0.0004500 seconds, Stopping threads took: 0.0000520 seconds
64.908: Application time: 0.0589060 seconds
64.908: [GC [PSYoungGen: 14844K->384K(15872K)] 20773K->6313K(50688K), 0.0003850 secs] [Times: user=0.00 sys=0.00, real=0.00 secs] 
64.909: Total time for which application threads were stopped: 0.0004880 seconds, Stopping threads took: 0.0000400 seconds
64.963: Application time: 0.0542210 seconds
64.963: [GC [PSYoungGen: 15229K->256K(15872K)] 21158K->6193K(50688K), 0.0003950 secs] [Times: user=0.01 sys=0.00, real=0.00 secs] 
64.964: Total time for which application threads were stopped: 0.0005400 seconds, Stopping threads took: 0.0000720 seconds
65.028: Application time: 0.0645830 seconds
65.028: [GC [PSYoungGen: 15100K->352K(15872K)] 21038K->6305K(50688K), 0.0003770 secs] [Times: user=0.00 sys=0.00, real=0.00 secs] 
65.029: Total time for which application threads were stopped: 0.0005010 seconds, Stopping threads took: 0.0000650 seconds
65.094: Application time: 0.0656720 seconds
65.094: [GC [PSYoungGen: 15199K->0K(15872K)] 21153K->6169K(50688K), 0.0003880 secs] [Times: user=0.00 sys=0.00, real=0.00 secs] 
65.095: Total time for which application threads were stopped: 0.0005190 seconds, Stopping threads took: 0.0000680 seconds
65.148: Application time: 0.0534190 seconds
65.148: [GC [PSYoungGen: 14845K->384K(15872K)] 21015K->6553K(50688K), 0.0003730 secs] [Times: user=0.00 sys=0.00, real=0.00 secs] 
65.149: Total time for which application threads were stopped: 0.0005120 seconds, Stopping threads took: 0.0000600 seconds
65.207: Application time: 0.0586000 seconds
65.208: [GC [PSYoungGen: 15227K->352K(15872K)] 21397K->6529K(50688K), 0.0003780 secs] [Times: user=0.00 sys=0.00, real=0.00 secs] 
65.208: Total time for which application threads were stopped: 0.0005150 seconds, Stopping threads took: 0.0000710 seconds
65.266: Application time: 0.0581620 seconds
65.266: [GC [PSYoungGen: 15196K->512K(15872K)] 21373K->6697K(50688K), 0.0003950 secs] [Times: user=0.01 sys=0.00, real=0.00 secs] 
65.267: Total time for which application threads were stopped: 0.0005110 seconds, Stopping threads took: 0.0000530 seconds
65.317: Application time: 0.0507340 seconds
65.317: [GC [PSYoungGen: 15358K->576K(15872K)] 21544K->6974K(50688K), 0.0004760 secs] [Times: user=0.00 sys=0.00, real=0.00 secs] 
65.319: Total time for which application threads were stopped: 0.0017240 seconds, Stopping threads took: 0.0000470 seconds
65.382: Application time: 0.0627190 seconds
65.382: [GC [PSYoungGen: 15423K->576K(15872K)] 21822K->7038K(50688K), 0.0004060 secs] [Times: user=0.00 sys=0.00, real=0.00 secs] 
65.382: Total time for which application threads were stopped: 0.0005340 seconds, Stopping threads took: 0.0000630 seconds
65.448: Application time: 0.0657350 seconds
65.448: [GC [PSYoungGen: 15423K->0K(15872K)] 21885K->6914K(50688K), 0.0004420 secs] [Times: user=0.00 sys=0.00, real=0.00 secs] 
65.449: Total time for which application threads were stopped: 0.0005860 seconds, Stopping threads took: 0.0000740 seconds
65.514: Application time: 0.0658320 seconds
65.515: [GC [PSYoungGen: 14847K->0K(15872K)] 21762K->6914K(50688K), 0.0003440 secs] [Times: user=0.00 sys=0.00, real=0.00 secs] 
65.515: Total time for which application threads were stopped: 0.0004790 seconds, Stopping threads took: 0.0000610 seconds
65.552: Application time: 0.0375360 seconds
65.553: [GC [PSYoungGen: 14847K->768K(15872K)] 21762K->7682K(50688K), 0.0004720 secs] [Times: user=0.00 sys=0.00, real=0.00 secs] 
65.553: Total time for which application threads were stopped: 0.0006260 seconds, Stopping threads took: 0.0000910 seconds
65.604: Application time: 0.0505360 seconds
65.604: [GC [PSYoungGen: 15614K->720K(16384K)] 22529K->7730K(51200K), 0.0004680 secs] [Times: user=0.00 sys=0.00, real=0.00 secs] 
65.604: Total time for which application threads were stopped: 0.0006050 seconds, Stopping threads took: 0.0000690 seconds
65.654: Application time: 0.0499110 seconds
65.654: [GC [PSYoungGen: 15567K->768K(16384K)] 22578K->8035K(51200K), 0.0005110 secs] [Times: user=0.01 sys=0.00, real=0.00 secs] 
65.655: Total time for which application threads were stopped: 0.0006290 seconds, Stopping threads took: 0.0000500 seconds
65.711: Application time: 0.0561070 seconds
65.711: [GC [PSYoungGen: 15613K->544K(16384K)] 22880K->8244K(51200K), 0.0005160 secs] [Times: user=0.01 sys=0.00, real=0.00 secs] 
65.712: Total time for which application threads were stopped: 0.0006410 seconds, Stopping threads took: 0.0000630 seconds
65.775: Application time: 0.0634610 seconds
65.775: [GC [PSYoungGen: 15388K->288K(16384K)] 23088K->8184K(51200K), 0.0004200 secs] [Times: user=0.01 sys=0.00, real=0.00 secs] 
65.776: Total time for which application threads were stopped: 0.0005440 seconds, Stopping threads took: 0.0000610 seconds
65.839: Application time: 0.0637560 seconds
65.839: [GC [PSYoungGen: 15132K->352K(16384K)] 23029K->8472K(51200K), 0.0004520 secs] [Times: user=0.00 sys=0.00, real=0.00 secs] 
65.840: Total time for which application threads were stopped: 0.0005850 seconds, Stopping threads took: 0.0000730 seconds
65.876: Application time: 0.0355930 seconds
65.876: [GC [PSYoungGen: 15196K->512K(16384K)] 23316K->8648K(51200K), 0.0004250 secs] [Times: user=0.00 sys=0.00, real=0.00 secs] 
65.876: Total time for which application threads were stopped: 0.0005540 seconds, Stopping threads took: 0.0000630 seconds
65.930: Application time: 0.0540060 seconds
65.930: [GC [PSYoungGen: 15357K->544K(15872K)] 23494K->8696K(50688K), 0.0004320 secs] [Times: user=0.01 sys=0.00, real=0.00 secs] 
65.931: Total time for which application threads were stopped: 0.0005530 seconds, Stopping threads took: 0.0000500 seconds
65.989: Application time: 0.0587070 seconds
65.989: [GC [PSYoungGen: 15391K->960K(15872K)] 23544K->9200K(50688K), 0.0005040 secs] [Times: user=0.00 sys=0.00, real=0.00 secs] 
65.990: Total time for which application threads were stopped: 0.0006340 seconds, Stopping threads took: 0.0000610 seconds
66.054: Application time: 0.0643850 seconds
66.054: [GC [PSYoungGen: 15804K->352K(16384K)] 24045K->9406K(51200K), 0.0004950 secs] [Times: user=0.00 sys=0.00, real=0.00 secs] 
66.055: Total time for which application threads were stopped: 0.0006190 seconds, Stopping threads took: 0.0000470 seconds
66.119: Application time: 0.0643480 seconds
66.119: [GC [PSYoungGen: 15198K->288K(16384K)] 24252K->9366K(51200K), 0.0004670 secs] [Times: user=0.00 sys=0.00, real=0.00 secs] 
66.120: Total time for which application threads were stopped: 0.0005960 seconds, Stopping threads took: 0.0000630 seconds
66.185: Application time: 0.0652670 seconds
66.185: [GC [PSYoungGen: 15135K->0K(16384K)] 24213K->9314K(51200K), 0.0003930 secs] [Times: user=0.00 sys=0.00, real=0.00 secs] 
66.186: Total time for which application threads were stopped: 0.0005170 seconds, Stopping threads took: 0.0000600 seconds
66.251: Application time: 0.0652260 seconds
66.251: [GC [PSYoungGen: 14847K->0K(16384K)] 24162K->9314K(51200K), 0.0003420 secs] [Times: user=0.00 sys=0.00, real=0.00 secs] 
66.251: Total time for which application threads were stopped: 0.0004680 seconds, Stopping threads took: 0.0000640 seconds
66.314: Application time: 0.0629860 seconds
66.314: [GC [PSYoungGen: 14843K->512K(16384K)] 24158K->9827K(51200K), 0.0004300 secs] [Times: user=0.00 sys=0.00, real=0.00 secs] 
66.315: Total time for which application threads were stopped: 0.0005360 seconds, Stopping threads took: 0.0000470 seconds
66.381: Application time: 0.0656260 seconds
66.381: [GC [PSYoungGen: 15359K->0K(16384K)] 24674K->9732K(51200K), 0.0004400 secs] [Times: user=0.00 sys=0.00, real=0.00 secs] 
66.381: Total time for which application threads were stopped: 0.0005570 seconds, Stopping threads took: 0.0000570 seconds
66.448: Application time: 0.0667280 seconds
66.448: [GC [PSYoungGen: 14845K->0K(16384K)] 24577K->9732K(51200K), 0.0003280 secs] [Times: user=0.00 sys=0.00, real=0.00 secs] 
66.448: Total time for which application threads were stopped: 0.0004560 seconds, Stopping threads took: 0.0000650 seconds
66.515: Application time: 0.0671540 seconds
66.516: [GC [PSYoungGen: 14845K->0K(16384K)] 24577K->9732K(51200K), 0.0003390 secs] [Times: user=0.01 sys=0.00, real=0.00 secs] 
66.516: Total time for which application threads were stopped: 0.0004400 seconds, Stopping threads took: 0.0000410 seconds
66.582: Application time: 0.0656710 seconds
66.582: [GC [PSYoungGen: 14847K->0K(15360K)] 24579K->9732K(50176K), 0.0003870 secs] [Times: user=0.00 sys=0.00, real=0.00 secs] 
66.582: Total time for which application threads were stopped: 0.0005240 seconds, Stopping threads took: 0.0000630 seconds
66.634: Application time: 0.0515130 seconds
66.636: [GC [PSYoungGen: 14844K->320K(15872K)] 24576K->10052K(50688K), 0.0004220 secs] [Times: user=0.00 sys=0.00, real=0.00 secs] 
66.636: Total time for which application threads were stopped: 0.0026810 seconds, Stopping threads took: 0.0021960 seconds
66.696: Application time: 0.0598740 seconds
66.696: [GC [PSYoungGen: 15163K->352K(15872K)] 24895K->10100K(50688K), 0.0003860 secs] [Times: user=0.00 sys=0.00, real=0.00 secs] 
66.697: Total time for which application threads were stopped: 0.0005220 seconds, Stopping threads took: 0.0000700 seconds
66.761: Application time: 0.0644900 seconds
66.761: [GC [PSYoungGen: 15196K->352K(15872K)] 24944K->10124K(50688K), 0.0003800 secs] [Times: user=0.00 sys=0.00, real=0.00 secs] 
66.762: Total time for which application threads were stopped: 0.0004960 seconds, Stopping threads took: 0.0000530 seconds
66.827: Application time: 0.0652500 seconds
66.827: [GC [PSYoungGen: 15199K->0K(15872K)] 24971K->9980K(50688K), 0.0004270 secs] [Times: user=0.00 sys=0.00, real=0.00 secs] 
66.827: Total time for which application threads were stopped: 0.0005440 seconds, Stopping threads took: 0.0000570 seconds
66.876: Application time: 0.0486920 seconds
66.880: [GC [PSYoungGen: 14846K->416K(15872K)] 24826K->10396K(50688K), 0.0004640 secs] [Times: user=0.01 sys=0.00, real=0.00 secs] 
66.880: Total time for which application threads were stopped: 0.0041690 seconds, Stopping threads took: 0.0036400 seconds
66.943: Application time: 0.0623280 seconds
66.943: [GC [PSYoungGen: 15261K->352K(15872K)] 25241K->10348K(50688K), 0.0003840 secs] [Times: user=0.00 sys=0.00, real=0.00 secs] 
66.943: Total time for which application threads were stopped: 0.0005190 seconds, Stopping threads took: 0.0000710 seconds
67.002: Application time: 0.0592440 seconds
67.003: [GC [PSYoungGen: 15199K->512K(15872K)] 25196K->10516K(50688K), 0.0004110 secs] [Times: user=0.00 sys=0.00, real=0.00 secs] 
67.003: Total time for which application threads were stopped: 0.0005380 seconds, Stopping threads took: 0.0000640 seconds
67.051: Application time: 0.0484130 seconds
67.051: [GC [PSYoungGen: 15358K->544K(15872K)] 25362K->10784K(50688K), 0.0004690 secs] [Times: user=0.00 sys=0.00, real=0.01 secs] 
67.052: Total time for which application threads were stopped: 0.0005840 seconds, Stopping threads took: 0.0000500 seconds
67.116: Application time: 0.0636340 seconds
67.116: [GC [PSYoungGen: 15389K->448K(15872K)] 25629K->10928K(50688K), 0.0004610 secs] [Times: user=0.00 sys=0.00, real=0.00 secs] 
67.116: Total time for which application threads were stopped: 0.0005830 seconds, Stopping threads took: 0.0000500 seconds
67.181: Application time: 0.0649520 seconds
67.181: [GC [PSYoungGen: 15295K->0K(15872K)] 25776K->10732K(50688K), 0.0004160 secs] [Times: user=0.00 sys=0.00, real=0.00 secs] 
67.182: Total time for which application threads were stopped: 0.0005550 seconds, Stopping threads took: 0.0000750 seconds
67.239: Application time: 0.0572090 seconds
67.239: [GC [PSYoungGen: 14846K->384K(15872K)] 25578K->11116K(50688K), 0.0003860 secs] [Times: user=0.00 sys=0.00, real=0.00 secs] 
67.239: Total time for which application threads were stopped: 0.0005090 seconds, Stopping threads took: 0.0000600 seconds
67.280: Application time: 0.0408770 seconds
67.280: [GC [PSYoungGen: 15229K->800K(15872K)] 25961K->11596K(50688K), 0.0004680 secs] [Times: user=0.00 sys=0.00, real=0.00 secs] 
67.281: Total time for which application threads were stopped: 0.0005910 seconds, Stopping threads took: 0.0000610 seconds
67.335: Application time: 0.0539490 seconds
67.335: [GC [PSYoungGen: 15645K->512K(15872K)] 26441K->11581K(50688K), 0.0004780 secs] [Times: user=0.00 sys=0.00, real=0.00 secs] 
67.335: Total time for which application threads were stopped: 0.0005860 seconds, Stopping threads took: 0.0000450 seconds
67.381: Application time: 0.0451820 seconds
67.381: [GC [PSYoungGen: 15357K->576K(15872K)] 26427K->11866K(50688K), 0.0004560 secs] [Times: user=0.00 sys=0.00, real=0.00 secs] 
67.381: Total time for which application threads were stopped: 0.0005760 seconds, Stopping threads took: 0.0000580 seconds
67.442: Application time: 0.0610000 seconds
67.442: [GC [PSYoungGen: 15421K->512K(15872K)] 26711K->12058K(50688K), 0.0004450 secs] [Times: user=0.00 sys=0.00, real=0.00 secs] 
67.443: Total time for which application threads were stopped: 0.0005640 seconds, Stopping threads took: 0.0000560 seconds
67.509: Application time: 0.0662530 seconds
67.509: [GC [PSYoungGen: 15357K->320K(15872K)] 26903K->12086K(50688K), 0.0004110 secs] [Times: user=0.00 sys=0.00, real=0.00 secs] 
67.510: Total time for which application threads were stopped: 0.0005360 seconds, Stopping threads took: 0.0000620 seconds
67.570: Application time: 0.0604530 seconds
67.570: [GC [PSYoungGen: 15165K->320K(15872K)] 26932K->12315K(50688K), 0.0004140 secs] [Times: user=0.00 sys=0.00, real=0.00 secs] 
67.571: Total time for which application threads were stopped: 0.0005320 seconds, Stopping threads took: 0.0000530 seconds
67.608: Application time: 0.0370180 seconds
67.608: [GC [PSYoungGen: 15165K->528K(15872K)] 27160K->12539K(50688K), 0.0004750 secs] [Times: user=0.00 sys=0.00, real=0.00 secs] 
67.608: Total time for which application threads were stopped: 0.0005900 seconds, Stopping threads took: 0.0000540 seconds
67.663: Application time: 0.0548080 seconds
67.663: [GC [PSYoungGen: 15373K->576K(15872K)] 27384K->12843K(50688K), 0.0004800 secs] [Times: user=0.00 sys=0.00, real=0.00 secs] 
67.664: Total time for which application threads were stopped: 0.0006070 seconds, Stopping threads took: 0.0000540 seconds
67.724: Application time: 0.0606240 seconds
67.724: [GC [PSYoungGen: 15420K->704K(15872K)] 27687K->13215K(50688K), 0.0005100 secs] [Times: user=0.00 sys=0.00, real=0.00 secs] 
67.725: Total time for which application threads were stopped: 0.0006230 seconds, Stopping threads took: 0.0000490 seconds
67.790: Application time: 0.0650210 seconds
67.790: [GC [PSYoungGen: 15548K->384K(15872K)] 28060K->13493K(50688K), 0.0004770 secs] [Times: user=0.00 sys=0.00, real=0.00 secs] 
67.790: Total time for which application threads were stopped: 0.0006280 seconds, Stopping threads took: 0.0000890 seconds
67.856: Application time: 0.0652890 seconds
67.856: [GC [PSYoungGen: 15231K->0K(15872K)] 28340K->13337K(50688K), 0.0003850 secs] [Times: user=0.01 sys=0.00, real=0.00 secs] 
67.856: Total time for which application threads were stopped: 0.0005160 seconds, Stopping threads took: 0.0000620 seconds
67.922: Application time: 0.0654800 seconds
67.922: [GC [PSYoungGen: 14847K->0K(15872K)] 28185K->13337K(50688K), 0.0003500 secs] [Times: user=0.00 sys=0.00, real=0.00 secs] 
67.922: Total time for which application threads were stopped: 0.0004530 seconds, Stopping threads took: 0.0000400 seconds
67.989: Application time: 0.0664110 seconds
67.989: [GC [PSYoungGen: 14845K->0K(15872K)] 28183K->13337K(50688K), 0.0003870 secs] [Times: user=0.00 sys=0.00, real=0.00 secs] 
67.989: Total time for which application threads were stopped: 0.0005020 seconds, Stopping threads took: 0.0000530 seconds
68.051: Application time: 0.0620440 seconds
68.051: [GC [PSYoungGen: 14844K->768K(15872K)] 28182K->14106K(50688K), 0.0004880 secs] [Times: user=0.00 sys=0.00, real=0.01 secs] 
68.052: Total time for which application threads were stopped: 0.0006150 seconds, Stopping threads took: 0.0000630 seconds
68.118: Application time: 0.0658290 seconds
68.118: [GC [PSYoungGen: 15615K->0K(16384K)] 28953K->13758K(51200K), 0.0004170 secs] [Times: user=0.00 sys=0.00, real=0.00 secs] 
68.118: Total time for which application threads were stopped: 0.0005410 seconds, Stopping threads took: 0.0000560 seconds
68.184: Application time: 0.0662320 seconds
68.185: [GC [PSYoungGen: 14847K->0K(16384K)] 28605K->13758K(51200K), 0.0003410 secs] [Times: user=0.01 sys=0.00, real=0.00 secs] 
68.185: Total time for which application threads were stopped: 0.0004630 seconds, Stopping threads took: 0.0000510 seconds
68.251: Application time: 0.0660420 seconds
68.251: [GC [PSYoungGen: 14847K->0K(15360K)] 28605K->13758K(50176K), 0.0003790 secs] [Times: user=0.00 sys=0.00, real=0.00 secs] 
68.251: Total time for which application threads were stopped: 0.0005240 seconds, Stopping threads took: 0.0000830 seconds
68.311: Application time: 0.0592990 seconds
68.311: [GC [PSYoungGen: 14844K->352K(15872K)] 28602K->14110K(50688K), 0.0003990 secs] [Times: user=0.00 sys=0.00, real=0.00 secs] 
68.311: Total time for which application threads were stopped: 0.0005280 seconds, Stopping threads took: 0.0000660 seconds
68.368: Application time: 0.0564710 seconds
68.369: [GC [PSYoungGen: 15199K->256K(15872K)] 28958K->14022K(50688K), 0.0006380 secs] [Times: user=0.00 sys=0.00, real=0.00 secs] 
68.370: Total time for which application threads were stopped: 0.0022340 seconds, Stopping threads took: 0.0015200 seconds
68.435: Application time: 0.0651690 seconds
68.435: [GC [PSYoungGen: 15100K->352K(15872K)] 28866K->14150K(50688K), 0.0004070 secs] [Times: user=0.00 sys=0.00, real=0.00 secs] 
68.436: Total time for which application threads were stopped: 0.0005430 seconds, Stopping threads took: 0.0000630 seconds
68.502: Application time: 0.0658770 seconds
68.502: [GC [PSYoungGen: 15199K->0K(15872K)] 28997K->14030K(50688K), 0.0003930 secs] [Times: user=0.00 sys=0.00, real=0.00 secs] 
68.502: Total time for which application threads were stopped: 0.0005250 seconds, Stopping threads took: 0.0000670 seconds
68.562: Application time: 0.0597980 seconds
68.562: [GC [PSYoungGen: 14741K->288K(15872K)] 28771K->14318K(50688K), 0.0003780 secs] [Times: user=0.00 sys=0.00, real=0.00 secs] 
68.562: Total time for which application threads were stopped: 0.0004900 seconds, Stopping threads took: 0.0000510 seconds
68.613: Application time: 0.0509060 seconds
68.613: [GC [PSYoungGen: 15135K->320K(15872K)] 29166K->14366K(50688K), 0.0004060 secs] [Times: user=0.00 sys=0.00, real=0.00 secs] 
68.614: Total time for which application threads were stopped: 0.0005280 seconds, Stopping threads took: 0.0000570 seconds
68.678: Application time: 0.0639360 seconds
68.678: [GC [PSYoungGen: 15166K->320K(15872K)] 29212K->14390K(50688K), 0.0003810 secs] [Times: user=0.00 sys=0.00, real=0.00 secs] 
68.678: Total time for which application threads were stopped: 0.0005010 seconds, Stopping threads took: 0.0000550 seconds
68.727: Application time: 0.0487150 seconds
68.727: [GC [PSYoungGen: 15164K->544K(15872K)] 29235K->14822K(50688K), 0.0004920 secs] [Times: user=0.00 sys=0.00, real=0.00 secs] 
68.728: Total time for which application threads were stopped: 0.0006240 seconds, Stopping threads took: 0.0000570 seconds
68.788: Application time: 0.0600730 seconds
68.788: [GC [PSYoungGen: 15389K->512K(15872K)] 29668K->14846K(50688K), 0.0004350 secs] [Times: user=0.00 sys=0.00, real=0.00 secs] 
68.788: Total time for which application threads were stopped: 0.0005760 seconds, Stopping threads took: 0.0000770 seconds
68.852: Application time: 0.0640700 seconds
68.852: [GC [PSYoungGen: 15357K->352K(15872K)] 29691K->14899K(50688K), 0.0004230 secs] [Times: user=0.00 sys=0.00, real=0.00 secs] 
68.853: Total time for which application threads were stopped: 0.0005430 seconds, Stopping threads took: 0.0000580 seconds
68.918: Application time: 0.0655210 seconds
68.919: [GC [PSYoungGen: 15197K->0K(15872K)] 29744K->14799K(50688K), 0.0003890 secs] [Times: user=0.00 sys=0.00, real=0.00 secs] 
68.919: Total time for which application threads were stopped: 0.0005040 seconds, Stopping threads took: 0.0000520 seconds
68.976: Application time: 0.0568870 seconds
68.980: [GC [PSYoungGen: 14844K->512K(15872K)] 29643K->15311K(50688K), 0.0004680 secs] [Times: user=0.00 sys=0.00, real=0.00 secs] 
68.980: Total time for which application threads were stopped: 0.0045670 seconds, Stopping threads took: 0.0040340 seconds
69.018: Application time: 0.0380200 seconds
69.019: [GC [PSYoungGen: 15359K->896K(15872K)] 30158K->15759K(50688K), 0.0004840 secs] [Times: user=0.00 sys=0.00, real=0.00 secs] 
69.019: Total time for which application threads were stopped: 0.0006100 seconds, Stopping threads took: 0.0000610 seconds
69.067: Application time: 0.0475990 seconds
69.067: [GC [PSYoungGen: 15742K->576K(15872K)] 30606K->15924K(50688K), 0.0005250 secs] [Times: user=0.00 sys=0.00, real=0.00 secs] 
69.067: Total time for which application threads were stopped: 0.0006530 seconds, Stopping threads took: 0.0000610 seconds
69.119: Application time: 0.0518150 seconds
69.119: [GC [PSYoungGen: 15423K->928K(15872K)] 30771K->16324K(50688K), 0.0004930 secs] [Times: user=0.00 sys=0.00, real=0.00 secs] 
69.120: Total time for which application threads were stopped: 0.0006340 seconds, Stopping threads took: 0.0000770 seconds
69.183: Application time: 0.0628930 seconds
69.183: [GC [PSYoungGen: 15773K->512K(16384K)] 31169K->16321K(51200K), 0.0005690 secs] [Times: user=0.00 sys=0.00, real=0.00 secs] 
69.183: Total time for which application threads were stopped: 0.0006860 seconds, Stopping threads took: 0.0000500 seconds
69.249: Application time: 0.0654580 seconds
69.249: [GC [PSYoungGen: 15359K->0K(16384K)] 31168K->16357K(51200K), 0.0004540 secs] [Times: user=0.00 sys=0.00, real=0.00 secs] 
69.249: Total time for which application threads were stopped: 0.0005970 seconds, Stopping threads took: 0.0000690 seconds
69.311: Application time: 0.0611960 seconds
69.311: [GC [PSYoungGen: 14845K->384K(16384K)] 31203K->16741K(51200K), 0.0003990 secs] [Times: user=0.00 sys=0.00, real=0.00 secs] 
69.311: Total time for which application threads were stopped: 0.0005200 seconds, Stopping threads took: 0.0000580 seconds
69.350: Application time: 0.0390690 seconds
69.350: [GC [PSYoungGen: 15231K->544K(16384K)] 31589K->16909K(51200K), 0.0004030 secs] [Times: user=0.01 sys=0.00, real=0.00 secs] 
69.351: Total time for which application threads were stopped: 0.0005170 seconds, Stopping threads took: 0.0000520 seconds
69.404: Application time: 0.0531330 seconds
69.408: [GC [PSYoungGen: 15391K->640K(16384K)] 31757K->17253K(51200K), 0.0004850 secs] [Times: user=0.01 sys=0.00, real=0.00 secs] 
69.408: Total time for which application threads were stopped: 0.0045610 seconds, Stopping threads took: 0.0040110 seconds
69.469: Application time: 0.0606860 seconds
69.469: [GC [PSYoungGen: 15486K->704K(16384K)] 32100K->17562K(51200K), 0.0004980 secs] [Times: user=0.00 sys=0.00, real=0.00 secs] 
69.470: Total time for which application threads were stopped: 0.0006230 seconds, Stopping threads took: 0.0000600 seconds
69.535: Application time: 0.0648240 seconds
69.535: [GC [PSYoungGen: 15549K->320K(16384K)] 32407K->17795K(51200K), 0.0005310 secs] [Times: user=0.01 sys=0.00, real=0.00 secs] 
69.535: Total time for which application threads were stopped: 0.0006750 seconds, Stopping threads took: 0.0000790 seconds
69.600: Application time: 0.0652720 seconds
69.601: [GC [PSYoungGen: 15167K->0K(16384K)] 32642K->17703K(51200K), 0.0003790 secs] [Times: user=0.00 sys=0.00, real=0.00 secs] 
69.601: Total time for which application threads were stopped: 0.0005050 seconds, Stopping threads took: 0.0000620 seconds
69.666: Application time: 0.0653290 seconds
69.666: [GC [PSYoungGen: 14847K->0K(16384K)] 32551K->17703K(51200K), 0.0003640 secs] [Times: user=0.00 sys=0.00, real=0.00 secs] 
69.667: Total time for which application threads were stopped: 0.0004860 seconds, Stopping threads took: 0.0000580 seconds
69.731: Application time: 0.0643380 seconds
69.731: [GC [PSYoungGen: 14845K->384K(15360K)] 32549K->18088K(50176K), 0.0004050 secs] [Times: user=0.00 sys=0.00, real=0.00 secs] 
69.732: Total time for which application threads were stopped: 0.0005230 seconds, Stopping threads took: 0.0000530 seconds
69.795: Application time: 0.0631610 seconds
69.795: [GC [PSYoungGen: 15227K->512K(15872K)] 32931K->18232K(50688K), 0.0004240 secs] [Times: user=0.00 sys=0.00, real=0.00 secs] 
69.795: Total time for which application threads were stopped: 0.0005730 seconds, Stopping threads took: 0.0000790 seconds
69.861: Application time: 0.0657360 seconds
69.861: [GC [PSYoungGen: 15359K->0K(15872K)] 33079K->18137K(50688K), 0.0004230 secs] [Times: user=0.01 sys=0.00, real=0.00 secs] 
69.862: Total time for which application threads were stopped: 0.0005620 seconds, Stopping threads took: 0.0000750 seconds
69.928: Application time: 0.0659690 seconds
69.928: [GC [PSYoungGen: 14847K->0K(15872K)] 32984K->18137K(50688K), 0.0003620 secs] [Times: user=0.00 sys=0.00, real=0.00 secs] 
69.928: Total time for which application threads were stopped: 0.0004950 seconds, Stopping threads took: 0.0000680 seconds
69.994: Application time: 0.0659580 seconds
69.994: [GC [PSYoungGen: 14847K->0K(15872K)] 32984K->18137K(50688K), 0.0003720 secs] [Times: user=0.00 sys=0.00, real=0.00 secs] 
69.995: Total time for which application threads were stopped: 0.0004840 seconds, Stopping threads took: 0.0000460 seconds
70.042: Application time: 0.0478780 seconds
70.043: [GC [PSYoungGen: 14844K->384K(15872K)] 32981K->18521K(50688K), 0.0003960 secs] [Times: user=0.00 sys=0.00, real=0.00 secs] 
70.043: Total time for which application threads were stopped: 0.0005250 seconds, Stopping threads took: 0.0000680 seconds
70.106: Application time: 0.0634110 seconds
70.107: [GC [PSYoungGen: 15231K->352K(15872K)] 33368K->18513K(50688K), 0.0004050 secs] [Times: user=0.00 sys=0.00, real=0.00 secs] 
70.107: Total time for which application threads were stopped: 0.0005320 seconds, Stopping threads took: 0.0000630 seconds
70.172: Application time: 0.0646990 seconds
70.172: [GC [PSYoungGen: 15198K->448K(15872K)] 33359K->18625K(50688K), 0.0004100 secs] [Times: user=0.00 sys=0.00, real=0.01 secs] 
70.172: Total time for which application threads were stopped: 0.0005400 seconds, Stopping threads took: 0.0000640 seconds
70.238: Application time: 0.0656490 seconds
70.238: [GC [PSYoungGen: 15295K->0K(15872K)] 33472K->18389K(50688K), 0.0004210 secs] [Times: user=0.00 sys=0.00, real=0.00 secs] 
70.238: Total time for which application threads were stopped: 0.0005550 seconds, Stopping threads took: 0.0000700 seconds
70.293: Application time: 0.0546170 seconds
70.293: [GC [PSYoungGen: 14845K->320K(15872K)] 33235K->18709K(50688K), 0.0004150 secs] [Times: user=0.00 sys=0.00, real=0.00 secs] 
70.294: Total time for which application threads were stopped: 0.0005330 seconds, Stopping threads took: 0.0000520 seconds
70.350: Application time: 0.0562170 seconds
70.350: [GC [PSYoungGen: 15167K->288K(15872K)] 33557K->18693K(50688K), 0.0004260 secs] [Times: user=0.00 sys=0.00, real=0.00 secs] 
70.352: Total time for which application threads were stopped: 0.0018330 seconds, Stopping threads took: 0.0000650 seconds
70.412: Application time: 0.0601480 seconds
70.412: [GC [PSYoungGen: 15132K->512K(15872K)] 33538K->18925K(50688K), 0.0004960 secs] [Times: user=0.00 sys=0.00, real=0.00 secs] 
70.412: Total time for which application threads were stopped: 0.0006130 seconds, Stopping threads took: 0.0000540 seconds
70.460: Application time: 0.0474170 seconds
70.460: [GC [PSYoungGen: 15358K->544K(15872K)] 33772K->19181K(50688K), 0.0004630 secs] [Times: user=0.00 sys=0.00, real=0.00 secs] 
70.460: Total time for which application threads were stopped: 0.0006030 seconds, Stopping threads took: 0.0000720 seconds
70.524: Application time: 0.0639540 seconds
70.524: [GC [PSYoungGen: 15389K->352K(15872K)] 34027K->19365K(50688K), 0.0004540 secs] [Times: user=0.00 sys=0.00, real=0.00 secs] 
70.525: Total time for which application threads were stopped: 0.0005920 seconds, Stopping threads took: 0.0000720 seconds
70.591: Application time: 0.0656490 seconds
70.591: [GC [PSYoungGen: 15199K->0K(15872K)] 34213K->19269K(50688K), 0.0004060 secs] [Times: user=0.00 sys=0.00, real=0.00 secs] 
70.591: Total time for which application threads were stopped: 0.0005220 seconds, Stopping threads took: 0.0000520 seconds
70.656: Application time: 0.0648650 seconds
70.656: [GC [PSYoungGen: 14847K->0K(15872K)] 34117K->19269K(50688K), 0.0003870 secs] [Times: user=0.00 sys=0.00, real=0.00 secs] 
70.657: Total time for which application threads were stopped: 0.0005100 seconds, Stopping threads took: 0.0000610 seconds
70.706: Application time: 0.0494330 seconds
70.706: [GC [PSYoungGen: 14845K->576K(15872K)] 34115K->19845K(50688K), 0.0004190 secs] [Times: user=0.00 sys=0.00, real=0.00 secs] 
70.706: Total time for which application threads were stopped: 0.0005350 seconds, Stopping threads took: 0.0000490 seconds
70.749: Application time: 0.0424850 seconds
70.749: [GC [PSYoungGen: 15422K->576K(15872K)] 34691K->20137K(50688K), 0.0005040 secs] [Times: user=0.00 sys=0.00, real=0.00 secs] 
70.750: Total time for which application threads were stopped: 0.0006450 seconds, Stopping threads took: 0.0000770 seconds
70.798: Application time: 0.0487350 seconds
70.798: [GC [PSYoungGen: 15422K->896K(15872K)] 34984K->20514K(50688K), 0.0004990 secs] [Times: user=0.00 sys=0.00, real=0.00 secs] 
70.799: Total time for which application threads were stopped: 0.0006130 seconds, Stopping threads took: 0.0000530 seconds
70.852: Application time: 0.0534610 seconds
70.853: [GC [PSYoungGen: 15742K->736K(16384K)] 35360K->20598K(51200K), 0.0004860 secs] [Times: user=0.00 sys=0.00, real=0.00 secs] 
70.853: Total time for which application threads were stopped: 0.0006310 seconds, Stopping threads took: 0.0000710 seconds
70.917: Application time: 0.0636880 seconds
70.917: [GC [PSYoungGen: 15580K->352K(16384K)] 35442K->20639K(51200K), 0.0004770 secs] [Times: user=0.00 sys=0.00, real=0.00 secs] 
70.917: Total time for which application threads were stopped: 0.0006070 seconds, Stopping threads took: 0.0000690 seconds
70.982: Application time: 0.0648580 seconds
70.982: [GC [PSYoungGen: 15199K->0K(16384K)] 35486K->20500K(51200K), 0.0004010 secs] [Times: user=0.00 sys=0.00, real=0.00 secs] 
70.983: Total time for which application threads were stopped: 0.0005270 seconds, Stopping threads took: 0.0000630 seconds
71.040: Application time: 0.0571010 seconds
71.040: [GC [PSYoungGen: 14844K->288K(15360K)] 35344K->20788K(50176K), 0.0004440 secs] [Times: user=0.00 sys=0.00, real=0.00 secs] 
71.040: Total time for which application threads were stopped: 0.0005630 seconds, Stopping threads took: 0.0000520 seconds
71.087: Application time: 0.0461250 seconds
71.087: [GC [PSYoungGen: 15134K->576K(15360K)] 35634K->21092K(50176K), 0.0004500 secs] [Times: user=0.00 sys=0.00, real=0.00 secs] 
71.087: Total time for which application threads were stopped: 0.0005820 seconds, Stopping threads took: 0.0000680 seconds
71.133: Application time: 0.0458130 seconds
71.133: [GC [PSYoungGen: 14908K->992K(15872K)] 35425K->21556K(50688K), 0.0005100 secs] [Times: user=0.00 sys=0.00, real=0.00 secs] 
71.134: Total time for which application threads were stopped: 0.0006390 seconds, Stopping threads took: 0.0000680 seconds
71.193: Application time: 0.0595040 seconds
71.193: [GC [PSYoungGen: 15263K->512K(15872K)] 35827K->21520K(50688K), 0.0005310 secs] [Times: user=0.01 sys=0.00, real=0.00 secs] 
71.194: Total time for which application threads were stopped: 0.0006550 seconds, Stopping threads took: 0.0000580 seconds
71.256: Application time: 0.0618920 seconds
71.256: [GC [PSYoungGen: 14847K->320K(15872K)] 35855K->21749K(50688K), 0.0004450 secs] [Times: user=0.00 sys=0.00, real=0.00 secs] 
71.256: Total time for which application threads were stopped: 0.0005710 seconds, Stopping threads took: 0.0000650 seconds
71.320: Application time: 0.0636950 seconds
71.320: [GC [PSYoungGen: 14655K->0K(15872K)] 36084K->21657K(50688K), 0.0003950 secs] [Times: user=0.00 sys=0.00, real=0.00 secs] 
71.320: Total time for which application threads were stopped: 0.0005240 seconds, Stopping threads took: 0.0000680 seconds
71.384: Application time: 0.0634910 seconds
71.384: [GC [PSYoungGen: 14332K->0K(15872K)] 35990K->21657K(50688K), 0.0004030 secs] [Times: user=0.00 sys=0.00, real=0.00 secs] 
71.384: Total time for which application threads were stopped: 0.0005460 seconds, Stopping threads took: 0.0000660 seconds
71.448: Application time: 0.0634710 seconds
71.448: [GC [PSYoungGen: 14335K->0K(15872K)] 35993K->21657K(50688K), 0.0003340 secs] [Times: user=0.00 sys=0.00, real=0.00 secs] 
71.448: Total time for which application threads were stopped: 0.0004490 seconds, Stopping threads took: 0.0000560 seconds
71.509: Application time: 0.0608330 seconds
71.509: [GC [PSYoungGen: 14332K->544K(15872K)] 35990K->22201K(50688K), 0.0004220 secs] [Times: user=0.00 sys=0.00, real=0.00 secs] 
71.510: Total time for which application threads were stopped: 0.0005480 seconds, Stopping threads took: 0.0000630 seconds
71.572: Application time: 0.0624650 seconds
71.572: [GC [PSYoungGen: 14876K->352K(14848K)] 36534K->22217K(49664K), 0.0004720 secs] [Times: user=0.00 sys=0.00, real=0.00 secs] 
71.573: Total time for which application threads were stopped: 0.0006030 seconds, Stopping threads took: 0.0000680 seconds
71.637: Application time: 0.0636730 seconds
71.637: [GC [PSYoungGen: 14687K->0K(15360K)] 36553K->22094K(50176K), 0.0003710 secs] [Times: user=0.00 sys=0.00, real=0.00 secs] 
71.637: Total time for which application threads were stopped: 0.0005020 seconds, Stopping threads took: 0.0000710 seconds
71.698: Application time: 0.0610170 seconds
71.698: [GC [PSYoungGen: 14331K->384K(15360K)] 36426K->22478K(50176K), 0.0004520 secs] [Times: user=0.00 sys=0.00, real=0.00 secs] 
71.699: Total time for which application threads were stopped: 0.0005690 seconds, Stopping threads took: 0.0000440 seconds
71.745: Application time: 0.0461840 seconds
71.745: [GC [PSYoungGen: 14717K->320K(15360K)] 36812K->22430K(50176K), 0.0004450 secs] [Times: user=0.00 sys=0.00, real=0.00 secs] 
71.745: Total time for which application threads were stopped: 0.0005590 seconds, Stopping threads took: 0.0000510 seconds
71.807: Application time: 0.0617390 seconds
71.807: [GC [PSYoungGen: 14653K->352K(15360K)] 36763K->22478K(50176K), 0.0004560 secs] [Times: user=0.01 sys=0.00, real=0.00 secs] 
71.808: Total time for which application threads were stopped: 0.0005790 seconds, Stopping threads took: 0.0000630 seconds
71.871: Application time: 0.0630840 seconds
71.871: [GC [PSYoungGen: 14684K->0K(15360K)] 36811K->22347K(50176K), 0.0004430 secs] [Times: user=0.00 sys=0.00, real=0.00 secs] 
71.871: Total time for which application threads were stopped: 0.0005700 seconds, Stopping threads took: 0.0000640 seconds
71.934: Application time: 0.0628490 seconds
71.934: [GC [PSYoungGen: 14332K->0K(15360K)] 36679K->22347K(50176K), 0.0003880 secs] [Times: user=0.00 sys=0.00, real=0.00 secs] 
71.935: Total time for which application threads were stopped: 0.0005130 seconds, Stopping threads took: 0.0000580 seconds
71.994: Application time: 0.0589980 seconds
71.994: [GC [PSYoungGen: 14331K->352K(15360K)] 36678K->22699K(50176K), 0.0004160 secs] [Times: user=0.00 sys=0.00, real=0.00 secs] 
71.994: Total time for which application threads were stopped: 0.0005330 seconds, Stopping threads took: 0.0000570 seconds
72.042: Application time: 0.0473850 seconds
72.042: [GC [PSYoungGen: 14686K->384K(15360K)] 37033K->22747K(50176K), 0.0004040 secs] [Times: user=0.00 sys=0.00, real=0.00 secs] 
72.042: Total time for which application threads were stopped: 0.0005240 seconds, Stopping threads took: 0.0000560 seconds
72.103: Application time: 0.0603590 seconds
72.103: [GC [PSYoungGen: 14717K->544K(15360K)] 37080K->22915K(50176K), 0.0004690 secs] [Times: user=0.00 sys=0.00, real=0.00 secs] 
72.103: Total time for which application threads were stopped: 0.0005790 seconds, Stopping threads took: 0.0000480 seconds
72.146: Application time: 0.0433520 seconds
72.147: [GC [PSYoungGen: 14877K->544K(15360K)] 37248K->23143K(50176K), 0.0004710 secs] [Times: user=0.00 sys=0.00, real=0.00 secs] 
72.147: Total time for which application threads were stopped: 0.0005870 seconds, Stopping threads took: 0.0000550 seconds
72.208: Application time: 0.0612820 seconds
72.208: [GC [PSYoungGen: 14879K->352K(15360K)] 37479K->23204K(50176K), 0.0004190 secs] [Times: user=0.00 sys=0.00, real=0.00 secs] 
72.209: Total time for which application threads were stopped: 0.0005180 seconds, Stopping threads took: 0.0000360 seconds
72.270: Application time: 0.0616200 seconds
72.271: [GC [PSYoungGen: 14683K->288K(15360K)] 37535K->23164K(50176K), 0.0004050 secs] [Times: user=0.00 sys=0.00, real=0.00 secs] 
72.271: Total time for which application threads were stopped: 0.0005340 seconds, Stopping threads took: 0.0000690 seconds
72.335: Application time: 0.0636820 seconds
72.335: [GC [PSYoungGen: 14623K->0K(15360K)] 37499K->23132K(50176K), 0.0004200 secs] [Times: user=0.00 sys=0.00, real=0.00 secs] 
72.335: Total time for which application threads were stopped: 0.0005570 seconds, Stopping threads took: 0.0000750 seconds
72.393: Application time: 0.0578790 seconds
72.393: [GC [PSYoungGen: 14332K->288K(15360K)] 37464K->23420K(50176K), 0.0004660 secs] [Times: user=0.00 sys=0.00, real=0.00 secs] 
72.394: Total time for which application threads were stopped: 0.0005860 seconds, Stopping threads took: 0.0000610 seconds
72.433: Application time: 0.0388880 seconds
72.433: [GC [PSYoungGen: 14621K->768K(15360K)] 37753K->23964K(50176K), 0.0004760 secs] [Times: user=0.00 sys=0.00, real=0.00 secs] 
72.433: Total time for which application threads were stopped: 0.0005970 seconds, Stopping threads took: 0.0000610 seconds
72.480: Application time: 0.0466990 seconds
72.480: [GC [PSYoungGen: 15101K->480K(15360K)] 38297K->24149K(50176K), 0.0007140 secs] [Times: user=0.01 sys=0.00, real=0.00 secs] 
72.481: Total time for which application threads were stopped: 0.0008720 seconds, Stopping threads took: 0.0000630 seconds
72.525: Application time: 0.0442140 seconds
72.525: [GC [PSYoungGen: 14706K->640K(15360K)] 38375K->24522K(50176K), 0.0004920 secs] [Times: user=0.00 sys=0.00, real=0.00 secs] 
72.526: Total time for which application threads were stopped: 0.0006060 seconds, Stopping threads took: 0.0000560 seconds
72.586: Application time: 0.0599680 seconds
72.586: [GC [PSYoungGen: 14974K->480K(14848K)] 38856K->24803K(49664K), 0.0005650 secs] [Times: user=0.00 sys=0.00, real=0.00 secs] 
72.586: Total time for which application threads were stopped: 0.0006980 seconds, Stopping threads took: 0.0000710 seconds
72.648: Application time: 0.0619090 seconds
72.648: [GC [PSYoungGen: 14815K->352K(15360K)] 39138K->25084K(50176K), 0.0004080 secs] [Times: user=0.00 sys=0.00, real=0.00 secs] 
72.649: Total time for which application threads were stopped: 0.0005270 seconds, Stopping threads took: 0.0000590 seconds
72.712: Application time: 0.0628480 seconds
72.712: [GC [PSYoungGen: 14685K->0K(14848K)] 39417K->24952K(49664K), 0.0004350 secs] [Times: user=0.00 sys=0.00, real=0.01 secs] 
72.712: Total time for which application threads were stopped: 0.0005680 seconds, Stopping threads took: 0.0000730 seconds
72.761: Application time: 0.0490790 seconds
72.761: [GC [PSYoungGen: 14332K->384K(15360K)] 39285K->25336K(50176K), 0.0003840 secs] [Times: user=0.00 sys=0.00, real=0.00 secs] 
72.762: Total time for which application threads were stopped: 0.0005170 seconds, Stopping threads took: 0.0000730 seconds
72.807: Application time: 0.0454180 seconds
72.808: [GC [PSYoungGen: 14716K->576K(15360K)] 39669K->25536K(50176K), 0.0003950 secs] [Times: user=0.00 sys=0.00, real=0.00 secs] 
72.808: Total time for which application threads were stopped: 0.0011320 seconds, Stopping threads took: 0.0006790 seconds
72.857: Application time: 0.0488650 seconds
72.857: [GC [PSYoungGen: 14911K->992K(15360K)] 39872K->26024K(50176K), 0.0005240 secs] [Times: user=0.00 sys=0.00, real=0.00 secs] 
72.858: Total time for which application threads were stopped: 0.0006470 seconds, Stopping threads took: 0.0000640 seconds
72.916: Application time: 0.0585950 seconds
72.916: [GC [PSYoungGen: 15326K->448K(14848K)] 40359K->26153K(49664K), 0.0004940 secs] [Times: user=0.00 sys=0.00, real=0.00 secs] 
72.917: Total time for which application threads were stopped: 0.0005970 seconds, Stopping threads took: 0.0000470 seconds
72.981: Application time: 0.0639670 seconds
72.981: [GC [PSYoungGen: 14781K->0K(14848K)] 40487K->26059K(49664K), 0.0005290 secs] [Times: user=0.00 sys=0.00, real=0.00 secs] 
72.982: Total time for which application threads were stopped: 0.0006540 seconds, Stopping threads took: 0.0000550 seconds
73.046: Application time: 0.0641150 seconds
73.046: [GC [PSYoungGen: 14335K->0K(15360K)] 40394K->26059K(50176K), 0.0004410 secs] [Times: user=0.00 sys=0.00, real=0.00 secs] 
73.046: Total time for which application threads were stopped: 0.0005410 seconds, Stopping threads took: 0.0000380 seconds
73.110: Application time: 0.0639800 seconds
73.110: [GC [PSYoungGen: 14335K->0K(15872K)] 40394K->26059K(50688K), 0.0003740 secs] [Times: user=0.00 sys=0.00, real=0.00 secs] 
73.111: Total time for which application threads were stopped: 0.0004900 seconds, Stopping threads took: 0.0000510 seconds
73.173: Application time: 0.0620590 seconds
73.173: [GC [PSYoungGen: 14335K->384K(14848K)] 40394K->26443K(49664K), 0.0004490 secs] [Times: user=0.00 sys=0.00, real=0.00 secs] 
73.173: Total time for which application threads were stopped: 0.0005580 seconds, Stopping threads took: 0.0000460 seconds
73.235: Application time: 0.0617700 seconds
73.235: [GC [PSYoungGen: 14717K->384K(15360K)] 40776K->26667K(50176K), 0.0004310 secs] [Times: user=0.00 sys=0.00, real=0.00 secs] 
73.236: Total time for which application threads were stopped: 0.0005560 seconds, Stopping threads took: 0.0000660 seconds
73.300: Application time: 0.0641350 seconds
73.300: [GC [PSYoungGen: 14719K->0K(15360K)] 41002K->26619K(50176K), 0.0005280 secs] [Times: user=0.00 sys=0.00, real=0.00 secs] 
73.301: Total time for which application threads were stopped: 0.0008140 seconds, Stopping threads took: 0.0002090 seconds
73.364: Application time: 0.0636030 seconds
73.364: [GC [PSYoungGen: 14332K->0K(15360K)] 40951K->26619K(50176K), 0.0003890 secs] [Times: user=0.00 sys=0.00, real=0.00 secs] 
73.365: Total time for which application threads were stopped: 0.0005010 seconds, Stopping threads took: 0.0000550 seconds
73.420: Application time: 0.0556650 seconds
73.420: [GC [PSYoungGen: 14333K->352K(15360K)] 40953K->26971K(50176K), 0.0004020 secs] [Times: user=0.00 sys=0.00, real=0.00 secs] 
73.421: Total time for which application threads were stopped: 0.0005090 seconds, Stopping threads took: 0.0000490 seconds
73.473: Application time: 0.0516450 seconds
73.473: [GC [PSYoungGen: 14687K->352K(15360K)] 41306K->26995K(50176K), 0.0004210 secs] [Times: user=0.00 sys=0.00, real=0.00 secs] 
73.473: Total time for which application threads were stopped: 0.0005390 seconds, Stopping threads took: 0.0000550 seconds
73.535: Application time: 0.0623930 seconds
73.536: [GC [PSYoungGen: 14687K->352K(15360K)] 41330K->27011K(50176K), 0.0004000 secs] [Times: user=0.00 sys=0.00, real=0.00 secs] 
73.536: Total time for which application threads were stopped: 0.0005420 seconds, Stopping threads took: 0.0000620 seconds
73.600: Application time: 0.0636670 seconds
73.600: [GC [PSYoungGen: 14685K->0K(15360K)] 41344K->26883K(50176K), 0.0004170 secs] [Times: user=0.01 sys=0.00, real=0.00 secs] 
73.600: Total time for which application threads were stopped: 0.0005600 seconds, Stopping threads took: 0.0000800 seconds
73.664: Application time: 0.0633260 seconds
73.664: [GC [PSYoungGen: 14335K->0K(15360K)] 41218K->26883K(50176K), 0.0003760 secs] [Times: user=0.00 sys=0.00, real=0.01 secs] 
73.664: Total time for which application threads were stopped: 0.0005140 seconds, Stopping threads took: 0.0000740 seconds
73.716: Application time: 0.0520220 seconds
73.716: [GC [PSYoungGen: 14331K->320K(15360K)] 41215K->27203K(50176K), 0.0004310 secs] [Times: user=0.00 sys=0.00, real=0.00 secs] 
73.717: Total time for which application threads were stopped: 0.0005340 seconds, Stopping threads took: 0.0000420 seconds
73.771: Application time: 0.0543590 seconds
73.771: [GC [PSYoungGen: 14655K->352K(15360K)] 41538K->27251K(50176K), 0.0004160 secs] [Times: user=0.00 sys=0.00, real=0.00 secs] 
73.772: Total time for which application threads were stopped: 0.0005290 seconds, Stopping threads took: 0.0000510 seconds
73.831: Application time: 0.0597150 seconds
73.831: [GC [PSYoungGen: 14687K->704K(15360K)] 41586K->27611K(50176K), 0.0004710 secs] [Times: user=0.00 sys=0.00, real=0.01 secs] 
73.832: Total time for which application threads were stopped: 0.0006000 seconds, Stopping threads took: 0.0000680 seconds
73.876: Application time: 0.0444630 seconds
73.876: [GC [PSYoungGen: 15039K->480K(15360K)] 41946K->27631K(50176K), 0.0005170 secs] [Times: user=0.00 sys=0.00, real=0.00 secs] 
73.877: Total time for which application threads were stopped: 0.0006310 seconds, Stopping threads took: 0.0000550 seconds
73.940: Application time: 0.0629230 seconds
73.940: [GC [PSYoungGen: 14813K->0K(15360K)] 41964K->27568K(50176K), 0.0004390 secs] [Times: user=0.00 sys=0.00, real=0.00 secs] 
73.940: Total time for which application threads were stopped: 0.0005560 seconds, Stopping threads took: 0.0000580 seconds
74.002: Application time: 0.0617360 seconds
74.002: [GC [PSYoungGen: 14331K->352K(15360K)] 41900K->27920K(50176K), 0.0003920 secs] [Times: user=0.00 sys=0.00, real=0.00 secs] 
74.003: Total time for which application threads were stopped: 0.0005110 seconds, Stopping threads took: 0.0000600 seconds
74.067: Application time: 0.0638170 seconds
74.067: [GC [PSYoungGen: 14687K->0K(15360K)] 42255K->27816K(50176K), 0.0004030 secs] [Times: user=0.00 sys=0.00, real=0.00 secs] 
74.067: Total time for which application threads were stopped: 0.0005370 seconds, Stopping threads took: 0.0000570 seconds
74.119: Application time: 0.0515210 seconds
74.119: [GC [PSYoungGen: 14331K->416K(15360K)] 42148K->28232K(50176K), 0.0004170 secs] [Times: user=0.01 sys=0.00, real=0.00 secs] 
74.119: Total time for which application threads were stopped: 0.0005460 seconds, Stopping threads took: 0.0000700 seconds
74.167: Application time: 0.0476710 seconds
74.167: [GC [PSYoungGen: 14738K->608K(15360K)] 42555K->28488K(50176K), 0.0004550 secs] [Times: user=0.00 sys=0.00, real=0.00 secs] 
74.167: Total time for which application threads were stopped: 0.0005780 seconds, Stopping threads took: 0.0000620 seconds
74.211: Application time: 0.0438410 seconds
74.211: [GC [PSYoungGen: 14941K->736K(15360K)] 42822K->28861K(50176K), 0.0005140 secs] [Times: user=0.01 sys=0.00, real=0.01 secs] 
74.212: Total time for which application threads were stopped: 0.0006260 seconds, Stopping threads took: 0.0000530 seconds
74.257: Application time: 0.0446480 seconds
74.257: [GC [PSYoungGen: 15070K->544K(15360K)] 43195K->29102K(50176K), 0.0005220 secs] [Times: user=0.01 sys=0.00, real=0.00 secs] 
74.257: Total time for which application threads were stopped: 0.0006440 seconds, Stopping threads took: 0.0000580 seconds
74.316: Application time: 0.0592660 seconds
74.317: [GC [PSYoungGen: 14875K->704K(14848K)] 43433K->29310K(49664K), 0.0004640 secs] [Times: user=0.00 sys=0.00, real=0.00 secs] 
74.317: Total time for which application threads were stopped: 0.0005700 seconds, Stopping threads took: 0.0000470 seconds
74.378: Application time: 0.0609980 seconds
74.378: [GC [PSYoungGen: 14525K->0K(15360K)] 43131K->29219K(50176K), 0.0004740 secs] [Times: user=0.00 sys=0.00, real=0.00 secs] 
74.379: Total time for which application threads were stopped: 0.0005920 seconds, Stopping threads took: 0.0000530 seconds
74.437: Application time: 0.0586250 seconds
74.437: [GC [PSYoungGen: 13819K->320K(14336K)] 43039K->29539K(49152K), 0.0004650 secs] [Times: user=0.00 sys=0.00, real=0.00 secs] 
74.438: Total time for which application threads were stopped: 0.0006000 seconds, Stopping threads took: 0.0000710 seconds
74.481: Application time: 0.0427640 seconds
74.482: [GC [PSYoungGen: 14101K->288K(14848K)] 43321K->29515K(49664K), 0.0004130 secs] [Times: user=0.00 sys=0.00, real=0.00 secs] 
74.482: Total time for which application threads were stopped: 0.0013890 seconds, Stopping threads took: 0.0008950 seconds
74.533: Application time: 0.0513000 seconds
74.533: [GC [PSYoungGen: 14109K->640K(14848K)] 43336K->29988K(49664K), 0.0005100 secs] [Times: user=0.01 sys=0.00, real=0.00 secs] 
74.534: Total time for which application threads were stopped: 0.0006290 seconds, Stopping threads took: 0.0000560 seconds
74.579: Application time: 0.0451370 seconds
74.579: [GC [PSYoungGen: 14463K->528K(14848K)] 43811K->30224K(49664K), 0.0005010 secs] [Times: user=0.00 sys=0.00, real=0.00 secs] 
74.580: Total time for which application threads were stopped: 0.0006300 seconds, Stopping threads took: 0.0000580 seconds
74.636: Application time: 0.0565870 seconds
74.636: Total time for which application threads were stopped: 0.0000780 seconds, Stopping threads took: 0.0000550 seconds
74.636: Application time: 0.0000460 seconds
74.636: [GC [PSYoungGen: 14308K->608K(14848K)] 44133K->30685K(49664K), 0.0004910 secs] [Times: user=0.00 sys=0.00, real=0.00 secs] 
74.637: Total time for which application threads were stopped: 0.0005600 seconds, Stopping threads took: 0.0000260 seconds
74.698: Application time: 0.0612320 seconds
74.698: [GC [PSYoungGen: 14428K->320K(14848K)] 44790K->31091K(49664K), 0.0004790 secs] [Times: user=0.00 sys=0.00, real=0.00 secs] 
74.699: Total time for which application threads were stopped: 0.0005940 seconds, Stopping threads took: 0.0000510 seconds
74.760: Application time: 0.0611330 seconds
74.760: [GC [PSYoungGen: 14141K->0K(14848K)] 44912K->30987K(49664K), 0.0004180 secs] [Times: user=0.00 sys=0.00, real=0.00 secs] 
74.760: Total time for which application threads were stopped: 0.0005390 seconds, Stopping threads took: 0.0000590 seconds
74.822: Application time: 0.0615240 seconds
74.822: [GC [PSYoungGen: 13821K->0K(14848K)] 44808K->30987K(49664K), 0.0003940 secs] [Times: user=0.00 sys=0.00, real=0.00 secs] 
74.823: Total time for which application threads were stopped: 0.0005250 seconds, Stopping threads took: 0.0000690 seconds
74.883: Application time: 0.0601040 seconds
74.883: [GC [PSYoungGen: 13820K->384K(14848K)] 44807K->31371K(49664K), 0.0004570 secs] [Times: user=0.00 sys=0.00, real=0.00 secs] 
74.883: Total time for which application threads were stopped: 0.0005710 seconds, Stopping threads took: 0.0000450 seconds
74.944: Application time: 0.0608270 seconds
74.944: [GC [PSYoungGen: 14205K->0K(14848K)] 45192K->31211K(49664K), 0.0004510 secs] [Times: user=0.00 sys=0.00, real=0.00 secs] 
74.945: Total time for which application threads were stopped: 0.0005840 seconds, Stopping threads took: 0.0000700 seconds
75.004: Application time: 0.0593280 seconds
75.008: [GC [PSYoungGen: 13820K->384K(14848K)] 45031K->31595K(49664K), 0.0004130 secs] [Times: user=0.00 sys=0.00, real=0.00 secs] 
75.008: Total time for which application threads were stopped: 0.0043590 seconds, Stopping threads took: 0.0038800 seconds
75.070: Application time: 0.0615520 seconds
75.070: [GC [PSYoungGen: 14205K->0K(14848K)] 45416K->31443K(49664K), 0.0004170 secs] [Times: user=0.00 sys=0.00, real=0.00 secs] 
75.070: Total time for which application threads were stopped: 0.0005200 seconds, Stopping threads took: 0.0000420 seconds
75.128: Application time: 0.0581060 seconds
75.129: [GC [PSYoungGen: 13819K->352K(14848K)] 45262K->31795K(49664K), 0.0004490 secs] [Times: user=0.00 sys=0.00, real=0.00 secs] 
75.129: Total time for which application threads were stopped: 0.0005990 seconds, Stopping threads took: 0.0000770 seconds
75.175: Application time: 0.0457590 seconds
75.175: [GC [PSYoungGen: 14171K->384K(14848K)] 45614K->31843K(49664K), 0.0004010 secs] [Times: user=0.00 sys=0.00, real=0.00 secs] 
75.175: Total time for which application threads were stopped: 0.0005290 seconds, Stopping threads took: 0.0000720 seconds
75.235: Application time: 0.0596460 seconds
75.235: [GC [PSYoungGen: 14207K->384K(14848K)] 45666K->31875K(49664K), 0.0003950 secs] [Times: user=0.00 sys=0.00, real=0.00 secs] 
75.236: Total time for which application threads were stopped: 0.0004990 seconds, Stopping threads took: 0.0000420 seconds
75.296: Application time: 0.0609360 seconds
75.297: [GC [PSYoungGen: 14205K->0K(14848K)] 45696K->31711K(49664K), 0.0004660 secs] [Times: user=0.00 sys=0.00, real=0.00 secs] 
75.297: Total time for which application threads were stopped: 0.0005970 seconds, Stopping threads took: 0.0000690 seconds
75.359: Application time: 0.0619470 seconds
75.359: [GC [PSYoungGen: 13821K->0K(14848K)] 45532K->31711K(49664K), 0.0004920 secs] [Times: user=0.01 sys=0.00, real=0.00 secs] 
75.361: Total time for which application threads were stopped: 0.0017250 seconds, Stopping threads took: 0.0000560 seconds
75.419: Application time: 0.0580900 seconds
75.419: [GC [PSYoungGen: 13821K->352K(14848K)] 45533K->32063K(49664K), 0.0004970 secs] [Times: user=0.00 sys=0.00, real=0.00 secs] 
75.419: Total time for which application threads were stopped: 0.0006130 seconds, Stopping threads took: 0.0000580 seconds
75.463: Application time: 0.0438080 seconds
75.463: [GC [PSYoungGen: 14173K->384K(14848K)] 45885K->32111K(49664K), 0.0004400 secs] [Times: user=0.00 sys=0.00, real=0.01 secs] 
75.464: Total time for which application threads were stopped: 0.0005590 seconds, Stopping threads took: 0.0000560 seconds
75.524: Application time: 0.0599610 seconds
75.524: [GC [PSYoungGen: 14088K->224K(14848K)] 45815K->31967K(49664K), 0.0004260 secs] [Times: user=0.00 sys=0.00, real=0.00 secs] 
75.524: Total time for which application threads were stopped: 0.0005490 seconds, Stopping threads took: 0.0000640 seconds
75.574: Application time: 0.0493270 seconds
75.574: [GC [PSYoungGen: 14047K->704K(14848K)] 45791K->32532K(49664K), 0.0004840 secs] [Times: user=0.01 sys=0.00, real=0.00 secs] 
75.574: Total time for which application threads were stopped: 0.0006200 seconds, Stopping threads took: 0.0000650 seconds
75.625: Application time: 0.0507120 seconds
75.625: [GC [PSYoungGen: 14525K->320K(14848K)] 46353K->32528K(49664K), 0.0004490 secs] [Times: user=0.00 sys=0.00, real=0.00 secs] 
75.626: Total time for which application threads were stopped: 0.0005470 seconds, Stopping threads took: 0.0000400 seconds
75.685: Application time: 0.0592670 seconds
75.685: [GC [PSYoungGen: 14143K->432K(14848K)] 46352K->32648K(49664K), 0.0005020 secs] [Times: user=0.01 sys=0.00, real=0.00 secs] 
75.685: Total time for which application threads were stopped: 0.0006320 seconds, Stopping threads took: 0.0000610 seconds
75.746: Application time: 0.0607130 seconds
75.746: [GC [PSYoungGen: 14255K->0K(14848K)] 46472K->32581K(49664K), 0.0004530 secs] [Times: user=0.00 sys=0.00, real=0.00 secs] 
75.747: Total time for which application threads were stopped: 0.0005710 seconds, Stopping threads took: 0.0000580 seconds
75.807: Application time: 0.0605400 seconds
75.807: [GC [PSYoungGen: 13821K->0K(14848K)] 46403K->32581K(49664K), 0.0003550 secs] [Times: user=0.00 sys=0.00, real=0.00 secs] 
75.808: Total time for which application threads were stopped: 0.0004610 seconds, Stopping threads took: 0.0000460 seconds
75.855: Application time: 0.0474620 seconds
75.855: [GC [PSYoungGen: 13822K->576K(14848K)] 46403K->33157K(49664K), 0.0004440 secs] [Times: user=0.00 sys=0.00, real=0.00 secs] 
75.856: Total time for which application threads were stopped: 0.0005630 seconds, Stopping threads took: 0.0000540 seconds
75.895: Application time: 0.0395850 seconds
75.895: [GC [PSYoungGen: 14396K->544K(14848K)] 46977K->33398K(49664K), 0.0005350 secs] [Times: user=0.00 sys=0.00, real=0.00 secs] 
75.896: Total time for which application threads were stopped: 0.0006410 seconds, Stopping threads took: 0.0000460 seconds
75.938: Application time: 0.0416770 seconds
75.938: [GC [PSYoungGen: 14365K->512K(14848K)] 47219K->33614K(49664K), 0.0005290 secs] [Times: user=0.01 sys=0.00, real=0.00 secs] 
75.938: Total time for which application threads were stopped: 0.0006460 seconds, Stopping threads took: 0.0000540 seconds
75.985: Application time: 0.0463650 seconds
75.985: [GC [PSYoungGen: 14332K->928K(14336K)] 47434K->34086K(49152K), 0.0005730 secs] [Times: user=0.00 sys=0.00, real=0.00 secs] 
75.985: Total time for which application threads were stopped: 0.0006970 seconds, Stopping threads took: 0.0000630 seconds
76.042: Application time: 0.0568100 seconds
76.042: [GC [PSYoungGen: 14236K->288K(14848K)] 47395K->34058K(49664K), 0.0005490 secs] [Times: user=0.01 sys=0.00, real=0.00 secs] 
76.043: Total time for which application threads were stopped: 0.0006740 seconds, Stopping threads took: 0.0000670 seconds
76.101: Application time: 0.0580710 seconds
76.101: [GC [PSYoungGen: 13597K->0K(13824K)] 47368K->34002K(48640K), 0.0004260 secs] [Times: user=0.00 sys=0.00, real=0.00 secs] 
76.101: Total time for which application threads were stopped: 0.0005440 seconds, Stopping threads took: 0.0000540 seconds
76.156: Application time: 0.0544130 seconds
76.156: [GC [PSYoungGen: 13311K->352K(14848K)] 47314K->34354K(49664K), 0.0004350 secs] [Times: user=0.00 sys=0.00, real=0.00 secs] 
76.156: Total time for which application threads were stopped: 0.0005670 seconds, Stopping threads took: 0.0000680 seconds
76.198: Application time: 0.0418320 seconds
76.198: [GC [PSYoungGen: 13661K->320K(13824K)] 47664K->34338K(48640K), 0.0004950 secs] [Times: user=0.01 sys=0.00, real=0.00 secs] 
76.199: Total time for which application threads were stopped: 0.0006230 seconds, Stopping threads took: 0.0000600 seconds
76.252: Application time: 0.0528440 seconds
76.252: [GC [PSYoungGen: 13628K->352K(14336K)] 47647K->34623K(49152K), 0.0004920 secs] [Times: user=0.00 sys=0.00, real=0.00 secs] 
76.252: [Full GC [PSYoungGen: 352K->0K(14336K)] [ParOldGen: 34271K->4370K(33792K)] 34623K->4370K(48128K) [PSPermGen: 5542K->5542K(21504K)], 0.0056140 secs] [Times: user=0.02 sys=0.00, real=0.00 secs] 
76.258: Total time for which application threads were stopped: 0.0062750 seconds, Stopping threads took: 0.0000530 seconds
76.298: Application time: 0.0400730 seconds
76.298: [GC [PSYoungGen: 13308K->736K(14336K)] 17679K->5106K(48128K), 0.0004640 secs] [Times: user=0.00 sys=0.00, real=0.00 secs] 
76.299: Total time for which application threads were stopped: 0.0005710 seconds, Stopping threads took: 0.0000490 seconds
76.354: Application time: 0.0549910 seconds
76.354: [GC [PSYoungGen: 14046K->544K(14336K)] 18417K->5543K(48128K), 0.0005440 secs] [Times: user=0.00 sys=0.00, real=0.00 secs] 
76.354: Total time for which application threads were stopped: 0.0006700 seconds, Stopping threads took: 0.0000590 seconds
76.411: Application time: 0.0565000 seconds
76.411: [GC [PSYoungGen: 13854K->416K(13824K)] 18853K->5763K(47616K), 0.0004270 secs] [Times: user=0.00 sys=0.00, real=0.00 secs] 
76.411: Total time for which application threads were stopped: 0.0005440 seconds, Stopping threads took: 0.0000570 seconds
76.470: Application time: 0.0588780 seconds
76.470: [GC [PSYoungGen: 13727K->0K(14336K)] 19075K->5629K(48128K), 0.0004190 secs] [Times: user=0.00 sys=0.00, real=0.00 secs] 
76.471: Total time for which application threads were stopped: 0.0005520 seconds, Stopping threads took: 0.0000700 seconds
76.530: Application time: 0.0589110 seconds
76.530: [GC [PSYoungGen: 13309K->0K(13824K)] 18938K->5629K(47616K), 0.0003650 secs] [Times: user=0.00 sys=0.00, real=0.00 secs] 
76.530: Total time for which application threads were stopped: 0.0004980 seconds, Stopping threads took: 0.0000670 seconds
76.589: Application time: 0.0586230 seconds
76.589: [GC [PSYoungGen: 13309K->0K(14336K)] 18938K->5629K(48128K), 0.0003690 secs] [Times: user=0.00 sys=0.00, real=0.00 secs] 
76.589: Total time for which application threads were stopped: 0.0005080 seconds, Stopping threads took: 0.0000800 seconds
76.647: Application time: 0.0571390 seconds
76.647: [GC [PSYoungGen: 13308K->384K(13824K)] 18937K->6013K(47616K), 0.0003700 secs] [Times: user=0.00 sys=0.00, real=0.00 secs] 
76.647: Total time for which application threads were stopped: 0.0004790 seconds, Stopping threads took: 0.0000530 seconds
76.704: Application time: 0.0571320 seconds
76.704: [GC [PSYoungGen: 13692K->384K(14336K)] 19321K->6245K(48128K), 0.0003820 secs] [Times: user=0.00 sys=0.00, real=0.00 secs] 
76.705: Total time for which application threads were stopped: 0.0005280 seconds, Stopping threads took: 0.0000730 seconds
76.764: Application time: 0.0588850 seconds
76.764: [GC [PSYoungGen: 13693K->0K(13824K)] 19554K->6085K(47616K), 0.0004360 secs] [Times: user=0.00 sys=0.00, real=0.01 secs] 
76.764: Total time for which application threads were stopped: 0.0005620 seconds, Stopping threads took: 0.0000640 seconds
76.823: Application time: 0.0589020 seconds
76.823: [GC [PSYoungGen: 13309K->0K(14336K)] 19394K->6085K(48128K), 0.0003410 secs] [Times: user=0.00 sys=0.00, real=0.00 secs] 
76.823: Total time for which application threads were stopped: 0.0004630 seconds, Stopping threads took: 0.0000600 seconds
76.870: Application time: 0.0461380 seconds
76.872: [GC [PSYoungGen: 13309K->352K(13824K)] 19394K->6437K(47616K), 0.0004450 secs] [Times: user=0.00 sys=0.00, real=0.00 secs] 
76.872: Total time for which application threads were stopped: 0.0027120 seconds, Stopping threads took: 0.0022070 seconds
76.925: Application time: 0.0525910 seconds
76.925: [GC [PSYoungGen: 13660K->352K(14336K)] 19745K->6445K(48128K), 0.0003580 secs] [Times: user=0.01 sys=0.00, real=0.00 secs] 
76.925: Total time for which application threads were stopped: 0.0004670 seconds, Stopping threads took: 0.0000490 seconds
76.983: Application time: 0.0575490 seconds
76.983: [GC [PSYoungGen: 13663K->352K(14336K)] 19756K->6469K(48128K), 0.0003590 secs] [Times: user=0.00 sys=0.00, real=0.00 secs] 
76.983: Total time for which application threads were stopped: 0.0004800 seconds, Stopping threads took: 0.0000620 seconds
77.043: Application time: 0.0597510 seconds
77.043: [GC [PSYoungGen: 13663K->0K(14336K)] 19781K->6341K(48128K), 0.0003780 secs] [Times: user=0.00 sys=0.00, real=0.00 secs] 
77.044: Total time for which application threads were stopped: 0.0005060 seconds, Stopping threads took: 0.0000600 seconds
77.102: Application time: 0.0584860 seconds
77.102: [GC [PSYoungGen: 13309K->0K(14336K)] 19650K->6341K(48128K), 0.0003360 secs] [Times: user=0.00 sys=0.00, real=0.00 secs] 
77.103: Total time for which application threads were stopped: 0.0004500 seconds, Stopping threads took: 0.0000520 seconds
77.151: Application time: 0.0486940 seconds
77.151: [GC [PSYoungGen: 13310K->384K(14336K)] 19651K->6725K(48128K), 0.0003830 secs] [Times: user=0.00 sys=0.00, real=0.01 secs] 
77.152: Total time for which application threads were stopped: 0.0004920 seconds, Stopping threads took: 0.0000490 seconds
77.201: Application time: 0.0487280 seconds
77.201: [GC [PSYoungGen: 13695K->352K(14336K)] 20036K->6709K(48128K), 0.0003810 secs] [Times: user=0.00 sys=0.00, real=0.00 secs] 
77.201: Total time for which application threads were stopped: 0.0005080 seconds, Stopping threads took: 0.0000640 seconds
77.258: Application time: 0.0569070 seconds
77.258: [GC [PSYoungGen: 13660K->352K(14336K)] 20017K->6741K(48128K), 0.0003840 secs] [Times: user=0.00 sys=0.00, real=0.00 secs] 
77.258: Total time for which application threads were stopped: 0.0005080 seconds, Stopping threads took: 0.0000570 seconds
77.302: Application time: 0.0430950 seconds
77.302: [GC [PSYoungGen: 13663K->544K(14336K)] 20052K->7153K(48128K), 0.0004520 secs] [Times: user=0.00 sys=0.00, real=0.00 secs] 
77.302: Total time for which application threads were stopped: 0.0005680 seconds, Stopping threads took: 0.0000570 seconds
77.354: Application time: 0.0519350 seconds
77.354: [GC [PSYoungGen: 13855K->320K(14336K)] 20464K->7321K(48128K), 0.0004310 secs] [Times: user=0.00 sys=0.00, real=0.00 secs] 
77.355: Total time for which application threads were stopped: 0.0005560 seconds, Stopping threads took: 0.0000620 seconds
77.411: Application time: 0.0567570 seconds
77.412: [GC [PSYoungGen: 13631K->288K(14336K)] 20633K->7305K(48128K), 0.0004830 secs] [Times: user=0.00 sys=0.01, real=0.01 secs] 
77.412: Total time for which application threads were stopped: 0.0006110 seconds, Stopping threads took: 0.0000660 seconds
77.470: Application time: 0.0581980 seconds
77.470: [GC [PSYoungGen: 13597K->0K(14336K)] 20615K->7266K(48128K), 0.0003970 secs] [Times: user=0.00 sys=0.00, real=0.00 secs] 
77.471: Total time for which application threads were stopped: 0.0005240 seconds, Stopping threads took: 0.0000650 seconds
77.529: Application time: 0.0583600 seconds
77.529: [GC [PSYoungGen: 13309K->0K(14336K)] 20575K->7266K(48128K), 0.0003640 secs] [Times: user=0.00 sys=0.00, real=0.00 secs] 
77.530: Total time for which application threads were stopped: 0.0004760 seconds, Stopping threads took: 0.0000490 seconds
77.575: Application time: 0.0452410 seconds
77.575: [GC [PSYoungGen: 13307K->576K(14336K)] 20574K->7842K(48128K), 0.0004190 secs] [Times: user=0.00 sys=0.00, real=0.00 secs] 
77.575: Total time for which application threads were stopped: 0.0005410 seconds, Stopping threads took: 0.0000610 seconds
77.612: Application time: 0.0366730 seconds
77.612: [GC [PSYoungGen: 13884K->576K(14336K)] 21150K->8126K(48128K), 0.0004450 secs] [Times: user=0.01 sys=0.00, real=0.00 secs] 
77.613: Total time for which application threads were stopped: 0.0005580 seconds, Stopping threads took: 0.0000520 seconds
77.654: Application time: 0.0410740 seconds
77.654: [GC [PSYoungGen: 13886K->576K(14336K)] 21436K->8378K(48128K), 0.0004930 secs] [Times: user=0.01 sys=0.00, real=0.00 secs] 
77.654: Total time for which application threads were stopped: 0.0006080 seconds, Stopping threads took: 0.0000560 seconds
77.698: Application time: 0.0439120 seconds
77.698: [GC [PSYoungGen: 13884K->960K(13824K)] 21686K->8810K(47616K), 0.0004810 secs] [Times: user=0.00 sys=0.00, real=0.00 secs] 
77.699: Total time for which application threads were stopped: 0.0006030 seconds, Stopping threads took: 0.0000590 seconds
77.753: Application time: 0.0537250 seconds
77.753: [GC [PSYoungGen: 13759K->480K(14336K)] 21610K->8731K(48128K), 0.0005420 secs] [Times: user=0.00 sys=0.00, real=0.00 secs] 
77.753: Total time for which application threads were stopped: 0.0006870 seconds, Stopping threads took: 0.0000830 seconds
77.809: Application time: 0.0562100 seconds
77.810: [GC [PSYoungGen: 13279K->0K(14336K)] 21530K->8680K(48128K), 0.0004190 secs] [Times: user=0.00 sys=0.00, real=0.00 secs] 
77.810: Total time for which application threads were stopped: 0.0005480 seconds, Stopping threads took: 0.0000600 seconds
77.866: Application time: 0.0561380 seconds
77.866: [GC [PSYoungGen: 12799K->0K(14336K)] 21479K->8680K(48128K), 0.0003390 secs] [Times: user=0.00 sys=0.00, real=0.00 secs] 
77.867: Total time for which application threads were stopped: 0.0004470 seconds, Stopping threads took: 0.0000450 seconds
77.907: Application time: 0.0407870 seconds
77.907: [GC [PSYoungGen: 12795K->384K(13312K)] 21475K->9064K(47104K), 0.0004230 secs] [Times: user=0.00 sys=0.00, real=0.00 secs] 
77.908: Total time for which application threads were stopped: 0.0005450 seconds, Stopping threads took: 0.0000640 seconds
77.959: Application time: 0.0508480 seconds
77.959: [GC [PSYoungGen: 13183K->352K(13824K)] 21863K->9040K(47616K), 0.0003750 secs] [Times: user=0.00 sys=0.00, real=0.00 secs] 
77.959: Total time for which application threads were stopped: 0.0005030 seconds, Stopping threads took: 0.0000710 seconds
77.997: Application time: 0.0372580 seconds
77.997: [GC [PSYoungGen: 13148K->736K(13824K)] 21837K->9480K(47616K), 0.0004360 secs] [Times: user=0.00 sys=0.00, real=0.00 secs] 
77.997: Total time for which application threads were stopped: 0.0005590 seconds, Stopping threads took: 0.0000650 seconds
78.047: Application time: 0.0497800 seconds
78.047: [GC [PSYoungGen: 13535K->544K(13824K)] 22279K->9705K(47616K), 0.0004800 secs] [Times: user=0.00 sys=0.00, real=0.00 secs] 
78.047: Total time for which application threads were stopped: 0.0006170 seconds, Stopping threads took: 0.0000800 seconds
78.100: Application time: 0.0529090 seconds
78.100: [GC [PSYoungGen: 13342K->512K(13824K)] 22503K->9913K(47616K), 0.0004860 secs] [Times: user=0.00 sys=0.00, real=0.00 secs] 
78.101: Total time for which application threads were stopped: 0.0006130 seconds, Stopping threads took: 0.0000610 seconds
78.157: Application time: 0.0560490 seconds
78.157: [GC [PSYoungGen: 13311K->0K(13824K)] 22712K->9834K(47616K), 0.0004060 secs] [Times: user=0.00 sys=0.00, real=0.00 secs] 
78.158: Total time for which application threads were stopped: 0.0005170 seconds, Stopping threads took: 0.0000530 seconds
78.214: Application time: 0.0560740 seconds
78.214: [GC [PSYoungGen: 12799K->0K(13824K)] 22633K->9834K(47616K), 0.0003340 secs] [Times: user=0.00 sys=0.00, real=0.00 secs] 
78.214: Total time for which application threads were stopped: 0.0004510 seconds, Stopping threads took: 0.0000500 seconds
78.270: Application time: 0.0560330 seconds
78.270: [GC [PSYoungGen: 12799K->0K(13824K)] 22633K->9834K(47616K), 0.0003470 secs] [Times: user=0.00 sys=0.00, real=0.00 secs] 
78.271: Total time for which application threads were stopped: 0.0004700 seconds, Stopping threads took: 0.0000640 seconds
78.325: Application time: 0.0544590 seconds
78.325: [GC [PSYoungGen: 12796K->384K(13824K)] 22630K->10218K(47616K), 0.0003820 secs] [Times: user=0.00 sys=0.00, real=0.00 secs] 
78.326: Total time for which application threads were stopped: 0.0005050 seconds, Stopping threads took: 0.0000530 seconds
78.384: Application time: 0.0579530 seconds
78.384: [GC [PSYoungGen: 13181K->0K(13824K)] 23015K->10050K(47616K), 0.0004080 secs] [Times: user=0.00 sys=0.00, real=0.01 secs] 
78.384: Total time for which application threads were stopped: 0.0005170 seconds, Stopping threads took: 0.0000490 seconds
78.439: Application time: 0.0547870 seconds
78.439: [GC [PSYoungGen: 12798K->384K(13824K)] 22848K->10434K(47616K), 0.0003800 secs] [Times: user=0.00 sys=0.00, real=0.00 secs] 
78.439: Total time for which application threads were stopped: 0.0004870 seconds, Stopping threads took: 0.0000480 seconds
78.496: Application time: 0.0567570 seconds
78.496: [GC [PSYoungGen: 13183K->0K(13824K)] 23233K->10290K(47616K), 0.0003900 secs] [Times: user=0.00 sys=0.00, real=0.00 secs] 
78.497: Total time for which application threads were stopped: 0.0005100 seconds, Stopping threads took: 0.0000560 seconds
78.549: Application time: 0.0526630 seconds
78.549: [GC [PSYoungGen: 12796K->352K(13824K)] 23086K->10642K(47616K), 0.0003870 secs] [Times: user=0.00 sys=0.00, real=0.00 secs] 
78.550: Total time for which application threads were stopped: 0.0004960 seconds, Stopping threads took: 0.0000510 seconds
78.592: Application time: 0.0418090 seconds
78.592: [GC [PSYoungGen: 13149K->384K(13824K)] 23439K->10698K(47616K), 0.0003670 secs] [Times: user=0.00 sys=0.00, real=0.01 secs] 
78.592: Total time for which application threads were stopped: 0.0004790 seconds, Stopping threads took: 0.0000540 seconds
78.648: Application time: 0.0560950 seconds
78.652: [GC [PSYoungGen: 13183K->0K(13824K)] 23497K->10543K(47616K), 0.0003990 secs] [Times: user=0.00 sys=0.00, real=0.00 secs] 
78.652: Total time for which application threads were stopped: 0.0041640 seconds, Stopping threads took: 0.0037040 seconds
78.708: Application time: 0.0554910 seconds
78.708: [GC [PSYoungGen: 12796K->352K(13824K)] 23339K->10895K(47616K), 0.0003640 secs] [Times: user=0.00 sys=0.00, real=0.00 secs] 
78.708: Total time for which application threads were stopped: 0.0004710 seconds, Stopping threads took: 0.0000500 seconds
78.765: Application time: 0.0562970 seconds
78.765: [GC [PSYoungGen: 13151K->0K(13824K)] 23694K->10771K(47616K), 0.0003940 secs] [Times: user=0.00 sys=0.00, real=0.00 secs] 
78.765: Total time for which application threads were stopped: 0.0005070 seconds, Stopping threads took: 0.0000560 seconds
78.821: Application time: 0.0563080 seconds
78.821: [GC [PSYoungGen: 12799K->0K(13824K)] 23570K->10771K(47616K), 0.0003580 secs] [Times: user=0.00 sys=0.00, real=0.00 secs] 
78.822: Total time for which application threads were stopped: 0.0004760 seconds, Stopping threads took: 0.0000610 seconds
78.865: Application time: 0.0429060 seconds
78.865: [GC [PSYoungGen: 12799K->384K(13824K)] 23571K->11155K(47616K), 0.0003790 secs] [Times: user=0.00 sys=0.00, real=0.00 secs] 
78.865: Total time for which application threads were stopped: 0.0005160 seconds, Stopping threads took: 0.0000680 seconds
78.915: Application time: 0.0497360 seconds
78.915: [GC [PSYoungGen: 13183K->288K(13824K)] 23955K->11067K(47616K), 0.0004070 secs] [Times: user=0.00 sys=0.00, real=0.00 secs] 
78.916: Total time for which application threads were stopped: 0.0005180 seconds, Stopping threads took: 0.0000510 seconds
78.970: Application time: 0.0549590 seconds
78.971: [GC [PSYoungGen: 13086K->288K(13824K)] 23865K->11083K(47616K), 0.0003950 secs] [Times: user=0.00 sys=0.00, real=0.00 secs] 
78.971: Total time for which application threads were stopped: 0.0005190 seconds, Stopping threads took: 0.0000620 seconds
79.014: Application time: 0.0434420 seconds
79.015: [GC [PSYoungGen: 13085K->544K(13824K)] 23881K->11544K(47616K), 0.0004950 secs] [Times: user=0.00 sys=0.00, real=0.00 secs] 
79.015: Total time for which application threads were stopped: 0.0006150 seconds, Stopping threads took: 0.0000560 seconds
79.062: Application time: 0.0469850 seconds
79.062: [GC [PSYoungGen: 13343K->384K(13824K)] 24343K->11636K(47616K), 0.0004590 secs] [Times: user=0.00 sys=0.00, real=0.00 secs] 
79.063: Total time for which application threads were stopped: 0.0005820 seconds, Stopping threads took: 0.0000600 seconds
79.117: Application time: 0.0546970 seconds
79.117: [GC [PSYoungGen: 13180K->352K(13824K)] 24433K->11628K(47616K), 0.0004020 secs] [Times: user=0.00 sys=0.00, real=0.00 secs] 
79.118: Total time for which application threads were stopped: 0.0005460 seconds, Stopping threads took: 0.0000790 seconds
79.174: Application time: 0.0561780 seconds
79.174: [GC [PSYoungGen: 13151K->0K(13824K)] 24428K->11508K(47616K), 0.0004280 secs] [Times: user=0.00 sys=0.00, real=0.00 secs] 
79.175: Total time for which application threads were stopped: 0.0005620 seconds, Stopping threads took: 0.0000620 seconds
79.231: Application time: 0.0559780 seconds
79.231: [GC [PSYoungGen: 12799K->0K(13824K)] 24308K->11508K(47616K), 0.0003490 secs] [Times: user=0.00 sys=0.00, real=0.00 secs] 
79.231: Total time for which application threads were stopped: 0.0004700 seconds, Stopping threads took: 0.0000620 seconds
79.274: Application time: 0.0432970 seconds
79.274: [GC [PSYoungGen: 12798K->608K(13824K)] 24307K->12116K(47616K), 0.0004230 secs] [Times: user=0.00 sys=0.00, real=0.00 secs] 
79.275: Total time for which application threads were stopped: 0.0005440 seconds, Stopping threads took: 0.0000640 seconds
79.314: Application time: 0.0390090 seconds
79.314: [GC [PSYoungGen: 13404K->608K(13824K)] 24913K->12397K(47616K), 0.0004730 secs] [Times: user=0.00 sys=0.00, real=0.00 secs] 
79.315: Total time for which application threads were stopped: 0.0005910 seconds, Stopping threads took: 0.0000550 seconds
79.358: Application time: 0.0431530 seconds
79.358: [GC [PSYoungGen: 13407K->320K(13824K)] 25195K->12361K(47616K), 0.0004160 secs] [Times: user=0.00 sys=0.00, real=0.00 secs] 
79.358: Total time for which application threads were stopped: 0.0005420 seconds, Stopping threads took: 0.0000620 seconds
79.400: Application time: 0.0420010 seconds
79.400: [GC [PSYoungGen: 13117K->544K(13824K)] 25159K->12798K(47616K), 0.0004410 secs] [Times: user=0.00 sys=0.00, real=0.00 secs] 
79.401: Total time for which application threads were stopped: 0.0005610 seconds, Stopping threads took: 0.0000470 seconds
79.447: Application time: 0.0457290 seconds
79.447: [GC [PSYoungGen: 13340K->672K(13824K)] 25594K->13178K(47616K), 0.0005440 secs] [Times: user=0.00 sys=0.00, real=0.00 secs] 
79.447: Total time for which application threads were stopped: 0.0006730 seconds, Stopping threads took: 0.0000720 seconds
79.502: Application time: 0.0550050 seconds
79.502: [GC [PSYoungGen: 13468K->384K(13824K)] 25975K->13299K(47616K), 0.0004300 secs] [Times: user=0.00 sys=0.00, real=0.00 secs] 
79.503: Total time for which application threads were stopped: 0.0005510 seconds, Stopping threads took: 0.0000630 seconds
79.559: Application time: 0.0557840 seconds
79.559: [GC [PSYoungGen: 13183K->0K(13824K)] 26098K->13147K(47616K), 0.0004350 secs] [Times: user=0.00 sys=0.00, real=0.00 secs] 
79.559: Total time for which application threads were stopped: 0.0005460 seconds, Stopping threads took: 0.0000530 seconds
79.603: Application time: 0.0440570 seconds
79.603: [GC [PSYoungGen: 12797K->384K(13824K)] 25945K->13531K(47616K), 0.0003720 secs] [Times: user=0.00 sys=0.00, real=0.00 secs] 
79.604: Total time for which application threads were stopped: 0.0004960 seconds, Stopping threads took: 0.0000620 seconds
79.651: Application time: 0.0473530 seconds
79.651: [GC [PSYoungGen: 13181K->368K(13824K)] 26329K->13523K(47616K), 0.0003950 secs] [Times: user=0.00 sys=0.00, real=0.00 secs] 
79.652: Total time for which application threads were stopped: 0.0005010 seconds, Stopping threads took: 0.0000450 seconds
79.694: Application time: 0.0422460 seconds
79.694: [GC [PSYoungGen: 13164K->736K(13824K)] 26320K->13939K(47616K), 0.0004700 secs] [Times: user=0.00 sys=0.00, real=0.00 secs] 
79.694: Total time for which application threads were stopped: 0.0005940 seconds, Stopping threads took: 0.0000620 seconds
79.739: Application time: 0.0445520 seconds
79.739: [GC [PSYoungGen: 13534K->544K(13824K)] 26738K->14172K(47616K), 0.0004880 secs] [Times: user=0.00 sys=0.00, real=0.00 secs] 
79.740: Total time for which application threads were stopped: 0.0006130 seconds, Stopping threads took: 0.0000620 seconds
79.794: Application time: 0.0543900 seconds
79.794: [GC [PSYoungGen: 13340K->320K(13824K)] 26969K->14201K(47616K), 0.0004550 secs] [Times: user=0.00 sys=0.00, real=0.00 secs] 
79.794: Total time for which application threads were stopped: 0.0005730 seconds, Stopping threads took: 0.0000590 seconds
79.849: Application time: 0.0546850 seconds
79.852: [GC [PSYoungGen: 13118K->288K(13824K)] 26999K->14385K(47616K), 0.0004690 secs] [Times: user=0.00 sys=0.00, real=0.00 secs] 
79.852: Total time for which application threads were stopped: 0.0031810 seconds, Stopping threads took: 0.0026380 seconds
79.909: Application time: 0.0565720 seconds
79.909: [GC [PSYoungGen: 13087K->0K(13824K)] 27184K->14329K(47616K), 0.0004130 secs] [Times: user=0.00 sys=0.00, real=0.00 secs] 
79.909: Total time for which application threads were stopped: 0.0005560 seconds, Stopping threads took: 0.0000650 seconds
79.966: Application time: 0.0567960 seconds
79.966: [GC [PSYoungGen: 12799K->0K(13824K)] 27128K->14329K(47616K), 0.0003490 secs] [Times: user=0.00 sys=0.00, real=0.00 secs] 
79.967: Total time for which application threads were stopped: 0.0004570 seconds, Stopping threads took: 0.0000530 seconds
80.021: Application time: 0.0545220 seconds
80.021: [GC [PSYoungGen: 12798K->384K(13824K)] 27128K->14713K(47616K), 0.0003920 secs] [Times: user=0.00 sys=0.00, real=0.00 secs] 
80.022: Total time for which application threads were stopped: 0.0005110 seconds, Stopping threads took: 0.0000580 seconds
80.079: Application time: 0.0572450 seconds
80.079: [GC [PSYoungGen: 13181K->0K(13824K)] 27510K->14534K(47616K), 0.0003770 secs] [Times: user=0.01 sys=0.00, real=0.00 secs] 
80.080: Total time for which application threads were stopped: 0.0004940 seconds, Stopping threads took: 0.0000620 seconds
80.134: Application time: 0.0547420 seconds
80.134: [GC [PSYoungGen: 12796K->384K(13824K)] 27330K->14918K(47616K), 0.0004180 secs] [Times: user=0.00 sys=0.00, real=0.00 secs] 
80.135: Total time for which application threads were stopped: 0.0005480 seconds, Stopping threads took: 0.0000670 seconds
80.192: Application time: 0.0566900 seconds
80.192: [GC [PSYoungGen: 13183K->0K(13824K)] 27717K->14746K(47616K), 0.0004040 secs] [Times: user=0.00 sys=0.00, real=0.01 secs] 
80.192: Total time for which application threads were stopped: 0.0005180 seconds, Stopping threads took: 0.0000500 seconds
80.249: Application time: 0.0566580 seconds
80.249: [GC [PSYoungGen: 12799K->0K(13824K)] 27545K->14746K(47616K), 0.0003530 secs] [Times: user=0.00 sys=0.00, real=0.00 secs] 
80.249: Total time for which application threads were stopped: 0.0004700 seconds, Stopping threads took: 0.0000580 seconds
80.297: Application time: 0.0475880 seconds
80.297: [GC [PSYoungGen: 12798K->384K(13824K)] 27544K->15130K(47616K), 0.0003720 secs] [Times: user=0.01 sys=0.00, real=0.00 secs] 
80.297: Total time for which application threads were stopped: 0.0004850 seconds, Stopping threads took: 0.0000530 seconds
80.343: Application time: 0.0460560 seconds
80.343: [GC [PSYoungGen: 13183K->352K(13824K)] 27930K->15122K(47616K), 0.0004040 secs] [Times: user=0.00 sys=0.00, real=0.01 secs] 
80.344: Total time for which application threads were stopped: 0.0005450 seconds, Stopping threads took: 0.0000740 seconds
80.399: Application time: 0.0554920 seconds
80.399: [GC [PSYoungGen: 13151K->224K(13824K)] 27921K->15002K(47616K), 0.0004670 secs] [Times: user=0.00 sys=0.00, real=0.00 secs] 
80.401: Total time for which application threads were stopped: 0.0016500 seconds, Stopping threads took: 0.0000650 seconds
80.457: Application time: 0.0564720 seconds
80.458: [GC [PSYoungGen: 13023K->0K(13824K)] 27801K->14994K(47616K), 0.0004320 secs] [Times: user=0.00 sys=0.00, real=0.00 secs] 
80.458: Total time for which application threads were stopped: 0.0005730 seconds, Stopping threads took: 0.0000680 seconds
80.515: Application time: 0.0566570 seconds
80.515: [GC [PSYoungGen: 12799K->0K(13824K)] 27793K->14994K(47616K), 0.0003330 secs] [Times: user=0.00 sys=0.00, real=0.00 secs] 
80.515: Total time for which application threads were stopped: 0.0004630 seconds, Stopping threads took: 0.0000680 seconds
80.563: Application time: 0.0475760 seconds
80.563: [GC [PSYoungGen: 12798K->384K(13824K)] 27792K->15378K(47616K), 0.0004030 secs] [Times: user=0.00 sys=0.00, real=0.00 secs] 
80.563: Total time for which application threads were stopped: 0.0005220 seconds, Stopping threads took: 0.0000600 seconds
80.609: Application time: 0.0455280 seconds
80.609: [GC [PSYoungGen: 13180K->352K(13824K)] 28175K->15370K(47616K), 0.0004010 secs] [Times: user=0.00 sys=0.00, real=0.00 secs] 
80.609: Total time for which application threads were stopped: 0.0005150 seconds, Stopping threads took: 0.0000560 seconds
80.664: Application time: 0.0547780 seconds
80.664: [GC [PSYoungGen: 13148K->352K(13824K)] 28167K->15386K(47616K), 0.0003800 secs] [Times: user=0.00 sys=0.00, real=0.00 secs] 
80.665: Total time for which application threads were stopped: 0.0005070 seconds, Stopping threads took: 0.0000660 seconds
80.715: Application time: 0.0502390 seconds
80.715: [GC [PSYoungGen: 13147K->544K(13824K)] 28182K->15802K(47616K), 0.0004500 secs] [Times: user=0.00 sys=0.00, real=0.00 secs] 
80.715: Total time for which application threads were stopped: 0.0005710 seconds, Stopping threads took: 0.0000600 seconds
80.756: Application time: 0.0404390 seconds
80.756: [GC [PSYoungGen: 13343K->512K(13824K)] 28602K->15826K(47616K), 0.0004290 secs] [Times: user=0.00 sys=0.00, real=0.00 secs] 
80.756: Total time for which application threads were stopped: 0.0005590 seconds, Stopping threads took: 0.0000660 seconds
80.812: Application time: 0.0556930 seconds
80.812: [GC [PSYoungGen: 13308K->0K(13824K)] 28623K->15855K(47616K), 0.0004560 secs] [Times: user=0.00 sys=0.00, real=0.00 secs] 
80.813: Total time for which application threads were stopped: 0.0005740 seconds, Stopping threads took: 0.0000580 seconds
80.868: Application time: 0.0549120 seconds
80.868: [GC [PSYoungGen: 12796K->320K(13824K)] 28652K->16175K(47616K), 0.0003930 secs] [Times: user=0.00 sys=0.00, real=0.00 secs] 
80.868: Total time for which application threads were stopped: 0.0005120 seconds, Stopping threads took: 0.0000590 seconds
80.924: Application time: 0.0559950 seconds
80.924: [GC [PSYoungGen: 13119K->0K(13824K)] 28974K->16103K(47616K), 0.0004100 secs] [Times: user=0.00 sys=0.00, real=0.00 secs] 
80.925: Total time for which application threads were stopped: 0.0005320 seconds, Stopping threads took: 0.0000590 seconds
80.977: Application time: 0.0523040 seconds
80.977: [GC [PSYoungGen: 12795K->576K(13824K)] 28899K->16679K(47616K), 0.0004240 secs] [Times: user=0.00 sys=0.00, real=0.00 secs] 
80.977: Total time for which application threads were stopped: 0.0005460 seconds, Stopping threads took: 0.0000550 seconds
81.014: Application time: 0.0369570 seconds
81.015: [GC [PSYoungGen: 13371K->512K(13824K)] 29475K->16892K(47616K), 0.0004960 secs] [Times: user=0.00 sys=0.00, real=0.00 secs] 
81.015: Total time for which application threads were stopped: 0.0006300 seconds, Stopping threads took: 0.0000730 seconds
81.052: Application time: 0.0373590 seconds
81.056: [GC [PSYoungGen: 13310K->576K(13824K)] 29690K->16964K(47616K), 0.0004900 secs] [Times: user=0.00 sys=0.00, real=0.00 secs] 
81.056: Total time for which application threads were stopped: 0.0039300 seconds, Stopping threads took: 0.0033840 seconds
81.103: Application time: 0.0469360 seconds
81.103: [GC [PSYoungGen: 13373K->576K(13824K)] 29761K->17212K(47616K), 0.0005100 secs] [Times: user=0.00 sys=0.00, real=0.01 secs] 
81.104: Total time for which application threads were stopped: 0.0006180 seconds, Stopping threads took: 0.0000490 seconds
81.145: Application time: 0.0406260 seconds
81.145: [GC [PSYoungGen: 13375K->704K(13824K)] 30011K->17585K(47616K), 0.0005440 secs] [Times: user=0.01 sys=0.00, real=0.00 secs] 
81.145: Total time for which application threads were stopped: 0.0006610 seconds, Stopping threads took: 0.0000590 seconds
81.200: Application time: 0.0544700 seconds
81.200: [GC [PSYoungGen: 13500K->384K(13312K)] 30381K->17674K(47104K), 0.0004510 secs] [Times: user=0.00 sys=0.01, real=0.00 secs] 
81.200: Total time for which application threads were stopped: 0.0005640 seconds, Stopping threads took: 0.0000500 seconds
81.256: Application time: 0.0558040 seconds
81.256: [GC [PSYoungGen: 13183K->0K(13824K)] 30473K->17510K(47616K), 0.0003700 secs] [Times: user=0.00 sys=0.00, real=0.00 secs] 
81.257: Total time for which application threads were stopped: 0.0005040 seconds, Stopping threads took: 0.0000730 seconds
81.308: Application time: 0.0516350 seconds
81.308: [GC [PSYoungGen: 12797K->256K(13312K)] 30307K->17766K(47104K), 0.0004470 secs] [Times: user=0.00 sys=0.00, real=0.00 secs] 
81.309: Total time for which application threads were stopped: 0.0005790 seconds, Stopping threads took: 0.0000670 seconds
81.349: Application time: 0.0403660 seconds
81.349: [GC [PSYoungGen: 13053K->384K(13824K)] 30564K->17918K(47616K), 0.0004100 secs] [Times: user=0.00 sys=0.00, real=0.00 secs] 
81.350: Total time for which application threads were stopped: 0.0005310 seconds, Stopping threads took: 0.0000560 seconds
81.397: Application time: 0.0473180 seconds
81.397: [GC [PSYoungGen: 13182K->416K(13312K)] 30716K->18206K(47104K), 0.0004240 secs] [Times: user=0.00 sys=0.00, real=0.00 secs] 
81.398: Total time for which application threads were stopped: 0.0005630 seconds, Stopping threads took: 0.0000720 seconds
81.439: Application time: 0.0411260 seconds
81.439: [GC [PSYoungGen: 13215K->960K(13824K)] 31005K->18758K(47616K), 0.0004570 secs] [Times: user=0.00 sys=0.00, real=0.00 secs] 
81.439: Total time for which application threads were stopped: 0.0005550 seconds, Stopping threads took: 0.0000410 seconds
81.493: Application time: 0.0536920 seconds
81.493: [GC [PSYoungGen: 13758K->512K(13824K)] 31557K->18752K(47616K), 0.0004220 secs] [Times: user=0.00 sys=0.00, real=0.00 secs] 
81.493: Total time for which application threads were stopped: 0.0005450 seconds, Stopping threads took: 0.0000540 seconds
81.548: Application time: 0.0543970 seconds
81.548: [GC [PSYoungGen: 13310K->256K(13312K)] 31550K->18897K(47104K), 0.0005500 secs] [Times: user=0.00 sys=0.00, real=0.00 secs] 
81.549: Total time for which application threads were stopped: 0.0006780 seconds, Stopping threads took: 0.0000630 seconds
81.606: Application time: 0.0573960 seconds
81.606: [GC [PSYoungGen: 13053K->0K(13312K)] 31694K->18865K(47104K), 0.0004260 secs] [Times: user=0.00 sys=0.00, real=0.00 secs] 
81.607: Total time for which application threads were stopped: 0.0005570 seconds, Stopping threads took: 0.0000690 seconds
81.663: Application time: 0.0562640 seconds
81.664: [GC [PSYoungGen: 12799K->0K(13824K)] 31664K->18865K(47616K), 0.0003900 secs] [Times: user=0.01 sys=0.00, real=0.00 secs] 
81.664: Total time for which application threads were stopped: 0.0014730 seconds, Stopping threads took: 0.0010210 seconds
81.721: Application time: 0.0563560 seconds
81.721: [GC [PSYoungGen: 12799K->0K(13824K)] 31664K->18865K(47616K), 0.0003530 secs] [Times: user=0.01 sys=0.00, real=0.00 secs] 
81.721: Total time for which application threads were stopped: 0.0004770 seconds, Stopping threads took: 0.0000640 seconds
81.776: Application time: 0.0544520 seconds
81.776: [GC [PSYoungGen: 12798K->384K(13824K)] 31663K->19249K(47616K), 0.0003810 secs] [Times: user=0.00 sys=0.00, real=0.00 secs] 
81.776: Total time for which application threads were stopped: 0.0005050 seconds, Stopping threads took: 0.0000610 seconds
81.831: Application time: 0.0545710 seconds
81.831: [GC [PSYoungGen: 13182K->320K(13824K)] 32047K->19409K(47616K), 0.0004750 secs] [Times: user=0.00 sys=0.00, real=0.00 secs] 
81.831: Total time for which application threads were stopped: 0.0006120 seconds, Stopping threads took: 0.0000720 seconds
81.888: Application time: 0.0567710 seconds
81.892: [GC [PSYoungGen: 13119K->0K(13824K)] 32208K->19301K(47616K), 0.0004470 secs] [Times: user=0.00 sys=0.00, real=0.00 secs] 
81.892: Total time for which application threads were stopped: 0.0042990 seconds, Stopping threads took: 0.0037880 seconds
81.949: Application time: 0.0567740 seconds
81.952: [GC [PSYoungGen: 12799K->0K(13824K)] 32100K->19301K(47616K), 0.0003960 secs] [Times: user=0.00 sys=0.00, real=0.00 secs] 
81.952: Total time for which application threads were stopped: 0.0031950 seconds, Stopping threads took: 0.0027350 seconds
82.004: Application time: 0.0513850 seconds
82.004: [GC [PSYoungGen: 12679K->256K(13824K)] 31981K->19557K(47616K), 0.0003590 secs] [Times: user=0.00 sys=0.00, real=0.00 secs] 
82.004: Total time for which application threads were stopped: 0.0005080 seconds, Stopping threads took: 0.0000640 seconds
82.046: Application time: 0.0420930 seconds
82.046: [GC [PSYoungGen: 13054K->384K(13824K)] 32355K->19709K(47616K), 0.0003810 secs] [Times: user=0.00 sys=0.00, real=0.00 secs] 
82.047: Total time for which application threads were stopped: 0.0004980 seconds, Stopping threads took: 0.0000540 seconds
82.103: Application time: 0.0557750 seconds
82.103: [GC [PSYoungGen: 13180K->128K(13824K)] 32506K->19469K(47616K), 0.0003550 secs] [Times: user=0.00 sys=0.00, real=0.00 secs] 
82.103: Total time for which application threads were stopped: 0.0004760 seconds, Stopping threads took: 0.0000600 seconds
82.159: Application time: 0.0555160 seconds
82.159: [GC [PSYoungGen: 12924K->352K(13824K)] 32266K->19717K(47616K), 0.0003790 secs] [Times: user=0.01 sys=0.00, real=0.00 secs] 
82.159: Total time for which application threads were stopped: 0.0004930 seconds, Stopping threads took: 0.0000540 seconds
82.215: Application time: 0.0562690 seconds
82.215: [GC [PSYoungGen: 13151K->0K(13824K)] 32516K->19602K(47616K), 0.0003870 secs] [Times: user=0.00 sys=0.00, real=0.00 secs] 
82.216: Total time for which application threads were stopped: 0.0004940 seconds, Stopping threads took: 0.0000490 seconds
82.267: Application time: 0.0514740 seconds
82.267: [GC [PSYoungGen: 12798K->192K(13824K)] 32401K->19794K(47616K), 0.0003610 secs] [Times: user=0.01 sys=0.00, real=0.00 secs] 
82.268: Total time for which application threads were stopped: 0.0005000 seconds, Stopping threads took: 0.0000650 seconds
82.310: Application time: 0.0417710 seconds
82.310: [GC [PSYoungGen: 12987K->352K(13824K)] 32589K->19970K(47616K), 0.0003780 secs] [Times: user=0.00 sys=0.00, real=0.00 secs] 
82.310: Total time for which application threads were stopped: 0.0004930 seconds, Stopping threads took: 0.0000530 seconds
82.366: Application time: 0.0555150 seconds
82.366: [GC [PSYoungGen: 13152K->224K(13824K)] 32770K->19866K(47616K), 0.0003640 secs] [Times: user=0.00 sys=0.00, real=0.00 secs] 
82.366: Total time for which application threads were stopped: 0.0004800 seconds, Stopping threads took: 0.0000540 seconds
82.420: Application time: 0.0541730 seconds
82.420: [GC [PSYoungGen: 13021K->544K(13824K)] 32664K->20250K(47616K), 0.0004840 secs] [Times: user=0.00 sys=0.00, real=0.00 secs] 
82.421: Total time for which application threads were stopped: 0.0005950 seconds, Stopping threads took: 0.0000490 seconds
82.463: Application time: 0.0419810 seconds
82.463: [GC [PSYoungGen: 13343K->480K(13824K)] 33049K->20410K(47616K), 0.0004620 secs] [Times: user=0.00 sys=0.00, real=0.00 secs] 
82.463: Total time for which application threads were stopped: 0.0005810 seconds, Stopping threads took: 0.0000530 seconds
82.514: Application time: 0.0504150 seconds
82.514: [GC [PSYoungGen: 13279K->352K(13824K)] 33210K->20502K(47616K), 0.0004170 secs] [Times: user=0.00 sys=0.00, real=0.00 secs] 
82.514: Total time for which application threads were stopped: 0.0005470 seconds, Stopping threads took: 0.0000570 seconds
82.569: Application time: 0.0547450 seconds
82.569: [GC [PSYoungGen: 13151K->368K(13824K)] 33302K->20534K(47616K), 0.0004240 secs] [Times: user=0.01 sys=0.00, real=0.00 secs] 
82.570: Total time for which application threads were stopped: 0.0005430 seconds, Stopping threads took: 0.0000600 seconds
82.626: Application time: 0.0563160 seconds
82.626: [GC [PSYoungGen: 13167K->0K(13824K)] 33334K->20426K(47616K), 0.0003920 secs] [Times: user=0.00 sys=0.00, real=0.00 secs] 
82.627: Total time for which application threads were stopped: 0.0005290 seconds, Stopping threads took: 0.0000710 seconds
82.681: Application time: 0.0548740 seconds
82.681: [GC [PSYoungGen: 12796K->352K(13824K)] 33223K->20778K(47616K), 0.0003910 secs] [Times: user=0.00 sys=0.00, real=0.00 secs] 
82.682: Total time for which application threads were stopped: 0.0005090 seconds, Stopping threads took: 0.0000490 seconds
82.728: Application time: 0.0458080 seconds
82.728: [GC [PSYoungGen: 13111K->592K(13824K)] 33538K->21027K(47616K), 0.0005040 secs] [Times: user=0.00 sys=0.00, real=0.00 secs] 
82.728: Total time for which application threads were stopped: 0.0006380 seconds, Stopping threads took: 0.0000630 seconds
82.760: Application time: 0.0316350 seconds
82.760: [GC [PSYoungGen: 13391K->480K(13824K)] 33826K->21256K(47616K), 0.0004580 secs] [Times: user=0.00 sys=0.00, real=0.00 secs] 
82.761: Total time for which application threads were stopped: 0.0005800 seconds, Stopping threads took: 0.0000570 seconds
82.808: Application time: 0.0474220 seconds
82.808: [GC [PSYoungGen: 13280K->736K(13824K)] 34056K->21704K(47616K), 0.0005020 secs] [Times: user=0.00 sys=0.00, real=0.00 secs] 
82.809: Total time for which application threads were stopped: 0.0006130 seconds, Stopping threads took: 0.0000490 seconds
82.847: Application time: 0.0382120 seconds
82.847: [GC [PSYoungGen: 13533K->736K(13824K)] 34501K->21728K(47616K), 0.0005450 secs] [Times: user=0.01 sys=0.00, real=0.00 secs] 
82.847: Total time for which application threads were stopped: 0.0006640 seconds, Stopping threads took: 0.0000540 seconds
82.900: Application time: 0.0521670 seconds
82.900: [GC [PSYoungGen: 13531K->512K(13824K)] 34524K->21945K(47616K), 0.0004890 secs] [Times: user=0.01 sys=0.00, real=0.00 secs] 
82.900: Total time for which application threads were stopped: 0.0005970 seconds, Stopping threads took: 0.0000520 seconds
82.956: Application time: 0.0555780 seconds
82.956: [GC [PSYoungGen: 13308K->352K(13312K)] 34741K->22013K(47104K), 0.0004230 secs] [Times: user=0.00 sys=0.00, real=0.00 secs] 
82.956: Total time for which application threads were stopped: 0.0005360 seconds, Stopping threads took: 0.0000560 seconds
83.012: Application time: 0.0559650 seconds
83.012: [GC [PSYoungGen: 13151K->0K(13824K)] 34813K->21882K(47616K), 0.0004710 secs] [Times: user=0.00 sys=0.00, real=0.00 secs] 
83.013: Total time for which application threads were stopped: 0.0005850 seconds, Stopping threads took: 0.0000530 seconds
83.051: Application time: 0.0380870 seconds
83.051: [GC [PSYoungGen: 12797K->384K(13312K)] 34680K->22266K(47104K), 0.0003870 secs] [Times: user=0.00 sys=0.00, real=0.00 secs] 
83.052: Total time for which application threads were stopped: 0.0005110 seconds, Stopping threads took: 0.0000480 seconds
83.106: Application time: 0.0546310 seconds
83.106: [GC [PSYoungGen: 13180K->288K(13824K)] 35063K->22178K(47616K), 0.0004360 secs] [Times: user=0.00 sys=0.00, real=0.00 secs] 
83.107: Total time for which application threads were stopped: 0.0005650 seconds, Stopping threads took: 0.0000650 seconds
83.146: Application time: 0.0388420 seconds
83.146: [GC [PSYoungGen: 13085K->544K(13824K)] 34975K->22498K(47616K), 0.0003950 secs] [Times: user=0.00 sys=0.00, real=0.00 secs] 
83.146: Total time for which application threads were stopped: 0.0005190 seconds, Stopping threads took: 0.0000600 seconds
83.194: Application time: 0.0479160 seconds
83.194: [GC [PSYoungGen: 13340K->768K(13824K)] 35295K->22935K(47616K), 0.0005230 secs] [Times: user=0.00 sys=0.00, real=0.00 secs] 
83.195: Total time for which application threads were stopped: 0.0006440 seconds, Stopping threads took: 0.0000590 seconds
83.248: Application time: 0.0529700 seconds
83.248: [GC [PSYoungGen: 13563K->480K(13312K)] 35730K->23088K(47104K), 0.0005530 secs] [Times: user=0.00 sys=0.00, real=0.00 secs] 
83.248: Total time for which application threads were stopped: 0.0006700 seconds, Stopping threads took: 0.0000520 seconds
83.304: Application time: 0.0562010 seconds
83.305: [GC [PSYoungGen: 13279K->0K(13824K)] 35887K->23001K(47616K), 0.0004890 secs] [Times: user=0.00 sys=0.00, real=0.00 secs] 
83.305: Total time for which application threads were stopped: 0.0005960 seconds, Stopping threads took: 0.0000480 seconds
83.362: Application time: 0.0570340 seconds
83.362: [GC [PSYoungGen: 12797K->0K(13312K)] 35798K->23001K(47104K), 0.0004370 secs] [Times: user=0.00 sys=0.00, real=0.00 secs] 
83.363: Total time for which application threads were stopped: 0.0005470 seconds, Stopping threads took: 0.0000490 seconds
83.419: Application time: 0.0560120 seconds
83.419: [GC [PSYoungGen: 12799K->0K(13824K)] 35800K->23001K(47616K), 0.0003850 secs] [Times: user=0.00 sys=0.00, real=0.00 secs] 
83.419: Total time for which application threads were stopped: 0.0004970 seconds, Stopping threads took: 0.0000500 seconds
83.474: Application time: 0.0544090 seconds
83.474: [GC [PSYoungGen: 12798K->320K(13312K)] 35799K->23321K(47104K), 0.0004540 secs] [Times: user=0.00 sys=0.00, real=0.00 secs] 
83.474: Total time for which application threads were stopped: 0.0005600 seconds, Stopping threads took: 0.0000450 seconds
83.530: Application time: 0.0556950 seconds
83.530: [GC [PSYoungGen: 13116K->352K(13824K)] 36117K->23585K(47616K), 0.0004030 secs] [Times: user=0.00 sys=0.00, real=0.00 secs] 
83.530: Total time for which application threads were stopped: 0.0005250 seconds, Stopping threads took: 0.0000620 seconds
83.586: Application time: 0.0557010 seconds
83.586: [GC [PSYoungGen: 13148K->288K(13824K)] 36381K->23529K(47616K), 0.0004650 secs] [Times: user=0.00 sys=0.00, real=0.00 secs] 
83.587: Total time for which application threads were stopped: 0.0006030 seconds, Stopping threads took: 0.0000660 seconds
83.643: Application time: 0.0566680 seconds
83.643: [GC [PSYoungGen: 13087K->0K(13824K)] 36328K->23469K(47616K), 0.0004160 secs] [Times: user=0.00 sys=0.00, real=0.01 secs] 
83.644: Total time for which application threads were stopped: 0.0005410 seconds, Stopping threads took: 0.0000640 seconds
83.699: Application time: 0.0554780 seconds
83.699: [GC [PSYoungGen: 12799K->352K(13824K)] 36269K->23821K(47616K), 0.0003940 secs] [Times: user=0.00 sys=0.00, real=0.00 secs] 
83.700: Total time for which application threads were stopped: 0.0005060 seconds, Stopping threads took: 0.0000480 seconds
83.740: Application time: 0.0403190 seconds
83.740: [GC [PSYoungGen: 13150K->256K(13824K)] 36620K->23741K(47616K), 0.0004420 secs] [Times: user=0.01 sys=0.00, real=0.00 secs] 
83.741: Total time for which application threads were stopped: 0.0005580 seconds, Stopping threads took: 0.0000560 seconds
83.795: Application time: 0.0539030 seconds
83.795: [GC [PSYoungGen: 13052K->352K(13824K)] 36538K->23853K(47616K), 0.0004010 secs] [Times: user=0.00 sys=0.00, real=0.00 secs] 
83.795: Total time for which application threads were stopped: 0.0005090 seconds, Stopping threads took: 0.0000480 seconds
83.850: Application time: 0.0553150 seconds
83.851: [GC [PSYoungGen: 13148K->352K(13824K)] 36650K->23877K(47616K), 0.0004030 secs] [Times: user=0.00 sys=0.00, real=0.00 secs] 
83.851: Total time for which application threads were stopped: 0.0005170 seconds, Stopping threads took: 0.0000510 seconds
83.907: Application time: 0.0563510 seconds
83.912: [GC [PSYoungGen: 13151K->0K(13824K)] 36676K->23741K(47616K), 0.0004120 secs] [Times: user=0.00 sys=0.00, real=0.00 secs] 
83.912: Total time for which application threads were stopped: 0.0049390 seconds, Stopping threads took: 0.0044670 seconds
83.967: Application time: 0.0546630 seconds
83.967: [GC [PSYoungGen: 12798K->384K(13824K)] 36540K->24125K(47616K), 0.0003990 secs] [Times: user=0.00 sys=0.00, real=0.00 secs] 
83.967: Total time for which application threads were stopped: 0.0005180 seconds, Stopping threads took: 0.0000520 seconds
84.008: Application time: 0.0403090 seconds
84.008: [GC [PSYoungGen: 13181K->352K(13824K)] 36923K->24109K(47616K), 0.0003890 secs] [Times: user=0.00 sys=0.00, real=0.00 secs] 
84.008: Total time for which application threads were stopped: 0.0005020 seconds, Stopping threads took: 0.0000540 seconds
84.062: Application time: 0.0537260 seconds
84.062: [GC [PSYoungGen: 13150K->352K(13824K)] 36908K->24125K(47616K), 0.0003980 secs] [Times: user=0.00 sys=0.00, real=0.00 secs] 
84.063: Total time for which application threads were stopped: 0.0005360 seconds, Stopping threads took: 0.0000740 seconds
84.117: Application time: 0.0548220 seconds
84.117: [GC [PSYoungGen: 13148K->352K(13824K)] 36922K->24157K(47616K), 0.0003870 secs] [Times: user=0.00 sys=0.00, real=0.00 secs] 
84.118: Total time for which application threads were stopped: 0.0005140 seconds, Stopping threads took: 0.0000550 seconds
84.166: Application time: 0.0478940 seconds
84.166: [GC [PSYoungGen: 13150K->576K(13824K)] 36956K->24610K(47616K), 0.0004720 secs] [Times: user=0.00 sys=0.00, real=0.00 secs] 
84.166: Total time for which application threads were stopped: 0.0005890 seconds, Stopping threads took: 0.0000550 seconds
84.209: Application time: 0.0427790 seconds
84.209: [GC [PSYoungGen: 13375K->352K(13824K)] 37409K->24642K(47616K), 0.0004820 secs] [Times: user=0.01 sys=0.00, real=0.00 secs] 
84.210: Total time for which application threads were stopped: 0.0005930 seconds, Stopping threads took: 0.0000470 seconds
84.264: Application time: 0.0542700 seconds
84.264: [GC [PSYoungGen: 13148K->320K(13824K)] 37439K->24634K(47616K), 0.0004530 secs] [Times: user=0.00 sys=0.00, real=0.00 secs] 
84.265: Total time for which application threads were stopped: 0.0005670 seconds, Stopping threads took: 0.0000530 seconds
84.321: Application time: 0.0560180 seconds
84.321: [GC [PSYoungGen: 13119K->0K(13824K)] 37433K->24698K(47616K), 0.0004480 secs] [Times: user=0.00 sys=0.00, real=0.00 secs] 
84.321: Total time for which application threads were stopped: 0.0005640 seconds, Stopping threads took: 0.0000540 seconds
84.377: Application time: 0.0559990 seconds
84.380: [GC [PSYoungGen: 12799K->0K(13824K)] 37497K->24698K(47616K), 0.0004250 secs] [Times: user=0.00 sys=0.00, real=0.00 secs] 
84.380: Total time for which application threads were stopped: 0.0031040 seconds, Stopping threads took: 0.0026220 seconds
84.435: Application time: 0.0543690 seconds
84.435: [GC [PSYoungGen: 12799K->320K(13824K)] 37497K->25018K(47616K), 0.0004800 secs] [Times: user=0.00 sys=0.00, real=0.00 secs] 
84.435: Total time for which application threads were stopped: 0.0005950 seconds, Stopping threads took: 0.0000570 seconds
84.474: Application time: 0.0390180 seconds
84.474: [GC [PSYoungGen: 13116K->576K(13824K)] 37815K->25530K(47616K), 0.0004760 secs] [Times: user=0.00 sys=0.00, real=0.00 secs] 
84.475: Total time for which application threads were stopped: 0.0005870 seconds, Stopping threads took: 0.0000500 seconds
84.511: Application time: 0.0361820 seconds
84.511: [GC [PSYoungGen: 13374K->512K(13824K)] 38328K->25522K(47616K), 0.0004350 secs] [Times: user=0.00 sys=0.00, real=0.00 secs] 
84.512: Total time for which application threads were stopped: 0.0005810 seconds, Stopping threads took: 0.0000880 seconds
84.552: Application time: 0.0407330 seconds
84.552: [GC [PSYoungGen: 13311K->704K(13824K)] 38322K->25770K(47616K), 0.0005420 secs] [Times: user=0.01 sys=0.00, real=0.00 secs] 
84.553: Total time for which application threads were stopped: 0.0006670 seconds, Stopping threads took: 0.0000630 seconds
84.598: Application time: 0.0446580 seconds
84.598: [GC [PSYoungGen: 13499K->896K(16384K)] 38566K->26207K(50176K), 0.0004510 secs] [Times: user=0.00 sys=0.00, real=0.00 secs] 
84.598: Total time for which application threads were stopped: 0.0005700 seconds, Stopping threads took: 0.0000640 seconds
84.664: Application time: 0.0655050 seconds
84.664: [GC [PSYoungGen: 16253K->352K(16384K)] 41564K->26083K(50176K), 0.0005020 secs] [Times: user=0.00 sys=0.00, real=0.00 secs] 
84.664: Total time for which application threads were stopped: 0.0006390 seconds, Stopping threads took: 0.0000620 seconds
84.725: Application time: 0.0609410 seconds
84.728: [GC [PSYoungGen: 15710K->416K(16384K)] 41442K->26368K(50176K), 0.0004140 secs] [Times: user=0.00 sys=0.00, real=0.00 secs] 
84.728: Total time for which application threads were stopped: 0.0029200 seconds, Stopping threads took: 0.0024440 seconds
84.781: Application time: 0.0531800 seconds
84.782: [GC [PSYoungGen: 15773K->352K(16384K)] 41725K->26312K(50176K), 0.0004200 secs] [Times: user=0.00 sys=0.00, real=0.00 secs] 
84.782: Total time for which application threads were stopped: 0.0005580 seconds, Stopping threads took: 0.0000710 seconds
84.838: Application time: 0.0556770 seconds
84.838: [GC [PSYoungGen: 15709K->512K(16384K)] 41669K->26536K(50176K), 0.0004480 secs] [Times: user=0.00 sys=0.00, real=0.00 secs] 
84.838: Total time for which application threads were stopped: 0.0005830 seconds, Stopping threads took: 0.0000660 seconds
84.893: Application time: 0.0549250 seconds
84.893: [GC [PSYoungGen: 15869K->640K(16384K)] 41893K->26884K(50176K), 0.0005520 secs] [Times: user=0.00 sys=0.00, real=0.00 secs] 
84.894: Total time for which application threads were stopped: 0.0006730 seconds, Stopping threads took: 0.0000540 seconds
84.957: Application time: 0.0627470 seconds
84.957: [GC [PSYoungGen: 15998K->704K(16384K)] 42243K->27188K(50176K), 0.0005040 secs] [Times: user=0.00 sys=0.00, real=0.00 secs] 
84.957: Total time for which application threads were stopped: 0.0006310 seconds, Stopping threads took: 0.0000640 seconds
85.024: Application time: 0.0668110 seconds
85.024: [GC [PSYoungGen: 16063K->288K(16384K)] 42548K->27177K(50176K), 0.0005150 secs] [Times: user=0.00 sys=0.00, real=0.00 secs] 
85.025: Total time for which application threads were stopped: 0.0006260 seconds, Stopping threads took: 0.0000520 seconds
85.092: Application time: 0.0673230 seconds
85.092: [GC [PSYoungGen: 15645K->0K(16384K)] 42535K->27110K(50176K), 0.0004110 secs] [Times: user=0.00 sys=0.00, real=0.00 secs] 
85.093: Total time for which application threads were stopped: 0.0005250 seconds, Stopping threads took: 0.0000530 seconds
85.158: Application time: 0.0656180 seconds
85.158: [GC [PSYoungGen: 15356K->320K(16384K)] 42466K->27430K(50176K), 0.0004240 secs] [Times: user=0.00 sys=0.00, real=0.00 secs] 
85.159: Total time for which application threads were stopped: 0.0005430 seconds, Stopping threads took: 0.0000620 seconds
85.226: Application time: 0.0675670 seconds
85.226: [GC [PSYoungGen: 15677K->0K(16384K)] 42787K->27322K(50176K), 0.0004860 secs] [Times: user=0.01 sys=0.00, real=0.00 secs] 
85.227: Total time for which application threads were stopped: 0.0006210 seconds, Stopping threads took: 0.0000630 seconds
85.293: Application time: 0.0660700 seconds
85.293: [GC [PSYoungGen: 15356K->320K(16384K)] 42679K->27642K(50176K), 0.0004620 secs] [Times: user=0.00 sys=0.00, real=0.00 secs] 
85.294: Total time for which application threads were stopped: 0.0005780 seconds, Stopping threads took: 0.0000530 seconds
85.361: Application time: 0.0678480 seconds
85.362: [GC [PSYoungGen: 15677K->0K(16384K)] 43000K->27666K(50176K), 0.0004100 secs] [Times: user=0.00 sys=0.00, real=0.00 secs] 
85.362: Total time for which application threads were stopped: 0.0005490 seconds, Stopping threads took: 0.0000770 seconds
85.424: Application time: 0.0616430 seconds
85.424: [GC [PSYoungGen: 15356K->352K(16384K)] 43023K->28018K(50176K), 0.0004450 secs] [Times: user=0.00 sys=0.00, real=0.01 secs] 
85.425: Total time for which application threads were stopped: 0.0017490 seconds, Stopping threads took: 0.0000580 seconds
85.480: Application time: 0.0548560 seconds
85.484: [GC [PSYoungGen: 15711K->480K(16384K)] 43378K->28162K(50176K), 0.0005270 secs] [Times: user=0.01 sys=0.00, real=0.00 secs] 
85.484: Total time for which application threads were stopped: 0.0042160 seconds, Stopping threads took: 0.0036220 seconds
85.551: Application time: 0.0664930 seconds
85.551: [GC [PSYoungGen: 15837K->352K(16384K)] 43519K->28050K(50176K), 0.0004360 secs] [Times: user=0.01 sys=0.00, real=0.00 secs] 
85.552: Total time for which application threads were stopped: 0.0005610 seconds, Stopping threads took: 0.0000610 seconds
85.619: Application time: 0.0677480 seconds
85.619: [GC [PSYoungGen: 15709K->0K(16384K)] 43408K->27922K(50176K), 0.0004270 secs] [Times: user=0.00 sys=0.00, real=0.00 secs] 
85.620: Total time for which application threads were stopped: 0.0005590 seconds, Stopping threads took: 0.0000650 seconds
85.681: Application time: 0.0615100 seconds
85.681: [GC [PSYoungGen: 15359K->384K(16384K)] 43281K->28306K(50176K), 0.0004040 secs] [Times: user=0.00 sys=0.00, real=0.00 secs] 
85.682: Total time for which application threads were stopped: 0.0005210 seconds, Stopping threads took: 0.0000500 seconds
85.736: Application time: 0.0538520 seconds
85.736: [GC [PSYoungGen: 15741K->352K(16384K)] 43664K->28298K(50176K), 0.0004310 secs] [Times: user=0.01 sys=0.00, real=0.00 secs] 
85.736: Total time for which application threads were stopped: 0.0005690 seconds, Stopping threads took: 0.0000600 seconds
85.802: Application time: 0.0659100 seconds
85.802: [GC [PSYoungGen: 15711K->352K(16384K)] 43658K->28330K(50176K), 0.0003870 secs] [Times: user=0.00 sys=0.00, real=0.00 secs] 
85.803: Total time for which application threads were stopped: 0.0005110 seconds, Stopping threads took: 0.0000630 seconds
85.868: Application time: 0.0648170 seconds
85.868: [GC [PSYoungGen: 15699K->416K(16384K)] 43677K->28626K(50176K), 0.0005030 secs] [Times: user=0.00 sys=0.00, real=0.00 secs] 
85.868: Total time for which application threads were stopped: 0.0006270 seconds, Stopping threads took: 0.0000590 seconds
85.918: Application time: 0.0495260 seconds
85.918: [GC [PSYoungGen: 15774K->288K(16384K)] 43984K->28735K(50176K), 0.0004920 secs] [Times: user=0.01 sys=0.00, real=0.00 secs] 
85.918: Total time for which application threads were stopped: 0.0006050 seconds, Stopping threads took: 0.0000540 seconds
85.984: Application time: 0.0656720 seconds
85.984: [GC [PSYoungGen: 15647K->288K(16384K)] 44095K->28751K(50176K), 0.0004080 secs] [Times: user=0.00 sys=0.00, real=0.00 secs] 
85.984: Total time for which application threads were stopped: 0.0005290 seconds, Stopping threads took: 0.0000610 seconds
86.052: Application time: 0.0673830 seconds
86.052: [GC [PSYoungGen: 15645K->0K(16384K)] 44108K->28703K(50176K), 0.0004980 secs] [Times: user=0.00 sys=0.00, real=0.00 secs] 
86.052: Total time for which application threads were stopped: 0.0006170 seconds, Stopping threads took: 0.0000560 seconds
86.119: Application time: 0.0664380 seconds
86.120: [GC [PSYoungGen: 15357K->352K(16384K)] 44061K->29055K(50176K), 0.0004730 secs] [Times: user=0.00 sys=0.00, real=0.00 secs] 
86.120: Total time for which application threads were stopped: 0.0014150 seconds, Stopping threads took: 0.0008800 seconds
86.181: Application time: 0.0608680 seconds
86.181: [GC [PSYoungGen: 15708K->320K(16384K)] 44411K->29267K(50176K), 0.0005230 secs] [Times: user=0.00 sys=0.00, real=0.00 secs] 
86.182: Total time for which application threads were stopped: 0.0006400 seconds, Stopping threads took: 0.0000540 seconds
86.221: Application time: 0.0393150 seconds
86.221: [GC [PSYoungGen: 15676K->576K(16384K)] 44624K->29588K(50176K), 0.0004450 secs] [Times: user=0.00 sys=0.00, real=0.00 secs] 
86.222: Total time for which application threads were stopped: 0.0005690 seconds, Stopping threads took: 0.0000630 seconds
86.272: Application time: 0.0503600 seconds
86.272: [GC [PSYoungGen: 15935K->576K(16384K)] 44947K->29844K(50176K), 0.0004710 secs] [Times: user=0.00 sys=0.00, real=0.00 secs] 
86.273: Total time for which application threads were stopped: 0.0006050 seconds, Stopping threads took: 0.0000640 seconds
86.327: Application time: 0.0546020 seconds
86.327: [GC [PSYoungGen: 15932K->928K(16384K)] 45201K->30260K(50176K), 0.0004860 secs] [Times: user=0.00 sys=0.00, real=0.00 secs] 
86.328: Total time for which application threads were stopped: 0.0006010 seconds, Stopping threads took: 0.0000520 seconds
86.394: Application time: 0.0661210 seconds
86.394: [GC [PSYoungGen: 16285K->320K(16384K)] 45617K->30397K(50176K), 0.0005950 secs] [Times: user=0.01 sys=0.00, real=0.00 secs] 
86.395: Total time for which application threads were stopped: 0.0007090 seconds, Stopping threads took: 0.0000510 seconds
86.454: Application time: 0.0594320 seconds
86.454: [GC [PSYoungGen: 15676K->352K(16384K)] 45754K->30650K(50176K), 0.0004690 secs] [Times: user=0.00 sys=0.00, real=0.00 secs] 
86.455: Total time for which application threads were stopped: 0.0005850 seconds, Stopping threads took: 0.0000560 seconds
86.510: Application time: 0.0547900 seconds
86.510: [GC [PSYoungGen: 15709K->352K(16384K)] 46007K->30658K(50176K), 0.0004170 secs] [Times: user=0.00 sys=0.00, real=0.00 secs] 
86.510: Total time for which application threads were stopped: 0.0005400 seconds, Stopping threads took: 0.0000610 seconds
86.562: Application time: 0.0521070 seconds
86.562: [GC [PSYoungGen: 15710K->544K(16384K)] 46017K->30906K(50176K), 0.0004570 secs] [Times: user=0.00 sys=0.00, real=0.00 secs] 
86.563: Total time for which application threads were stopped: 0.0005730 seconds, Stopping threads took: 0.0000570 seconds
86.620: Application time: 0.0572020 seconds
86.620: [GC [PSYoungGen: 15903K->768K(16384K)] 46265K->31362K(50176K), 0.0005080 secs] [Times: user=0.00 sys=0.00, real=0.00 secs] 
86.621: Total time for which application threads were stopped: 0.0006250 seconds, Stopping threads took: 0.0000560 seconds
86.684: Application time: 0.0632100 seconds
86.684: [GC [PSYoungGen: 16124K->672K(16384K)] 46718K->31510K(50176K), 0.0006010 secs] [Times: user=0.00 sys=0.00, real=0.00 secs] 
86.685: Total time for which application threads were stopped: 0.0007460 seconds, Stopping threads took: 0.0000770 seconds
86.752: Application time: 0.0672220 seconds
86.752: [GC [PSYoungGen: 16029K->0K(16384K)] 46868K->31452K(50176K), 0.0005540 secs] [Times: user=0.00 sys=0.00, real=0.00 secs] 
86.752: Total time for which application threads were stopped: 0.0006770 seconds, Stopping threads took: 0.0000580 seconds
86.820: Application time: 0.0676430 seconds
86.820: [GC [PSYoungGen: 15357K->0K(16384K)] 46810K->31452K(50176K), 0.0003700 secs] [Times: user=0.00 sys=0.00, real=0.00 secs] 
86.821: Total time for which application threads were stopped: 0.0005110 seconds, Stopping threads took: 0.0000680 seconds
86.886: Application time: 0.0657680 seconds
86.886: [GC [PSYoungGen: 15356K->416K(16384K)] 46809K->31868K(50176K), 0.0003960 secs] [Times: user=0.00 sys=0.00, real=0.00 secs] 
86.887: Total time for which application threads were stopped: 0.0005030 seconds, Stopping threads took: 0.0000480 seconds
86.954: Application time: 0.0668880 seconds
86.954: [GC [PSYoungGen: 15775K->288K(16384K)] 47228K->31953K(50176K), 0.0004360 secs] [Times: user=0.00 sys=0.00, real=0.00 secs] 
86.954: Total time for which application threads were stopped: 0.0005500 seconds, Stopping threads took: 0.0000540 seconds
87.022: Application time: 0.0672940 seconds
87.022: [GC [PSYoungGen: 15647K->288K(16384K)] 47312K->31977K(50176K), 0.0004180 secs] [Times: user=0.00 sys=0.00, real=0.00 secs] 
87.022: Total time for which application threads were stopped: 0.0005480 seconds, Stopping threads took: 0.0000630 seconds
87.090: Application time: 0.0680040 seconds
87.090: [GC [PSYoungGen: 15645K->0K(16384K)] 47334K->31901K(50176K), 0.0004580 secs] [Times: user=0.00 sys=0.00, real=0.00 secs] 
87.091: Total time for which application threads were stopped: 0.0005750 seconds, Stopping threads took: 0.0000540 seconds
87.147: Application time: 0.0558080 seconds
87.147: [GC [PSYoungGen: 15356K->384K(16384K)] 47257K->32285K(50176K), 0.0003940 secs] [Times: user=0.00 sys=0.00, real=0.00 secs] 
87.147: Total time for which application threads were stopped: 0.0005260 seconds, Stopping threads took: 0.0000730 seconds
87.207: Application time: 0.0598480 seconds
87.207: [GC [PSYoungGen: 15739K->352K(16384K)] 47641K->32285K(50176K), 0.0003880 secs] [Times: user=0.00 sys=0.00, real=0.00 secs] 
87.207: Total time for which application threads were stopped: 0.0005100 seconds, Stopping threads took: 0.0000640 seconds
87.274: Application time: 0.0666750 seconds
87.274: [GC [PSYoungGen: 15709K->352K(16384K)] 47642K->32309K(50176K), 0.0004360 secs] [Times: user=0.00 sys=0.00, real=0.00 secs] 
87.275: Total time for which application threads were stopped: 0.0005660 seconds, Stopping threads took: 0.0000650 seconds
87.342: Application time: 0.0677050 seconds
87.343: [GC [PSYoungGen: 15709K->0K(16384K)] 47667K->32178K(50176K), 0.0004250 secs] [Times: user=0.00 sys=0.00, real=0.00 secs] 
87.343: Total time for which application threads were stopped: 0.0005450 seconds, Stopping threads took: 0.0000480 seconds
87.400: Application time: 0.0571380 seconds
87.402: [GC [PSYoungGen: 15355K->384K(16384K)] 47533K->32562K(50176K), 0.0004460 secs] [Times: user=0.00 sys=0.00, real=0.00 secs] 
87.403: Total time for which application threads were stopped: 0.0026310 seconds, Stopping threads took: 0.0021190 seconds
87.462: Application time: 0.0591430 seconds
87.462: [GC [PSYoungGen: 15739K->384K(16384K)] 47918K->32570K(50176K), 0.0003950 secs] [Times: user=0.00 sys=0.00, real=0.00 secs] 
87.462: Total time for which application threads were stopped: 0.0005200 seconds, Stopping threads took: 0.0000610 seconds
87.529: Application time: 0.0662790 seconds
87.529: [GC [PSYoungGen: 15743K->320K(16384K)] 47929K->32530K(50176K), 0.0004320 secs] [Times: user=0.00 sys=0.00, real=0.00 secs] 
87.529: Total time for which application threads were stopped: 0.0005630 seconds, Stopping threads took: 0.0000700 seconds
87.586: Application time: 0.0571900 seconds
87.587: [GC [PSYoungGen: 15675K->544K(16384K)] 47886K->32974K(50176K), 0.0004810 secs] [Times: user=0.00 sys=0.00, real=0.00 secs] 
87.587: Total time for which application threads were stopped: 0.0006100 seconds, Stopping threads took: 0.0000660 seconds
87.644: Application time: 0.0572500 seconds
87.644: [GC [PSYoungGen: 15901K->320K(16384K)] 48332K->32998K(50176K), 0.0004360 secs] [Times: user=0.01 sys=0.00, real=0.00 secs] 
87.645: Total time for which application threads were stopped: 0.0005760 seconds, Stopping threads took: 0.0000840 seconds
87.711: Application time: 0.0659630 seconds
87.711: [GC [PSYoungGen: 15679K->352K(16384K)] 48358K->33046K(50176K), 0.0004070 secs] [Times: user=0.01 sys=0.00, real=0.00 secs] 
87.711: Total time for which application threads were stopped: 0.0005220 seconds, Stopping threads took: 0.0000560 seconds
87.779: Application time: 0.0675410 seconds
87.779: [GC [PSYoungGen: 15709K->0K(16384K)] 48404K->32950K(50176K), 0.0004160 secs] [Times: user=0.01 sys=0.00, real=0.00 secs] 
87.779: Total time for which application threads were stopped: 0.0005470 seconds, Stopping threads took: 0.0000640 seconds
87.845: Application time: 0.0651440 seconds
87.845: [GC [PSYoungGen: 15357K->352K(16384K)] 48307K->33302K(50176K), 0.0004250 secs] [Times: user=0.00 sys=0.00, real=0.00 secs] 
87.845: Total time for which application threads were stopped: 0.0005500 seconds, Stopping threads took: 0.0000570 seconds
87.902: Application time: 0.0569280 seconds
87.902: [GC [PSYoungGen: 15711K->352K(16384K)] 48661K->33542K(50176K), 0.0005080 secs] [Times: user=0.01 sys=0.00, real=0.00 secs] 
87.903: Total time for which application threads were stopped: 0.0006360 seconds, Stopping threads took: 0.0000640 seconds
87.945: Application time: 0.0421550 seconds
87.945: [GC [PSYoungGen: 15707K->544K(16384K)] 48898K->33799K(50176K), 0.0005110 secs] [Times: user=0.00 sys=0.00, real=0.00 secs] 
87.946: Total time for which application threads were stopped: 0.0006350 seconds, Stopping threads took: 0.0000560 seconds
87.991: Application time: 0.0455270 seconds
87.991: [GC [PSYoungGen: 15902K->768K(16384K)] 49157K->34079K(50176K), 0.0004960 secs] [Times: user=0.01 sys=0.00, real=0.00 secs] 
87.992: Total time for which application threads were stopped: 0.0006260 seconds, Stopping threads took: 0.0000700 seconds
88.051: Application time: 0.0595590 seconds
88.051: [GC [PSYoungGen: 16127K->672K(16384K)] 49438K->34219K(50176K), 0.0005880 secs] [Times: user=0.01 sys=0.00, real=0.01 secs] 
88.052: [Full GC [PSYoungGen: 672K->0K(16384K)] [ParOldGen: 33547K->4377K(33280K)] 34219K->4377K(49664K) [PSPermGen: 5543K->5543K(21504K)], 0.0058550 secs] [Times: user=0.02 sys=0.00, real=0.00 secs] 
88.058: Total time for which application threads were stopped: 0.0066300 seconds, Stopping threads took: 0.0000730 seconds
88.124: Application time: 0.0662010 seconds
88.124: [GC [PSYoungGen: 15357K->352K(16384K)] 19734K->4729K(49664K), 0.0004030 secs] [Times: user=0.00 sys=0.00, real=0.00 secs] 
88.125: Total time for which application threads were stopped: 0.0005700 seconds, Stopping threads took: 0.0001030 seconds
88.180: Application time: 0.0554790 seconds
88.180: [GC [PSYoungGen: 15708K->384K(16384K)] 20085K->4982K(49664K), 0.0004070 secs] [Times: user=0.00 sys=0.00, real=0.00 secs] 
88.181: Total time for which application threads were stopped: 0.0005280 seconds, Stopping threads took: 0.0000500 seconds
88.239: Application time: 0.0578360 seconds
88.239: [GC [PSYoungGen: 15739K->352K(16384K)] 20338K->4958K(49664K), 0.0003730 secs] [Times: user=0.00 sys=0.00, real=0.00 secs] 
88.239: Total time for which application threads were stopped: 0.0005040 seconds, Stopping threads took: 0.0000650 seconds
88.286: Application time: 0.0471450 seconds
88.286: [GC [PSYoungGen: 15710K->512K(16384K)] 20316K->5182K(49664K), 0.0004000 secs] [Times: user=0.00 sys=0.00, real=0.00 secs] 
88.287: Total time for which application threads were stopped: 0.0005280 seconds, Stopping threads took: 0.0000600 seconds
88.349: Application time: 0.0618820 seconds
88.349: [GC [PSYoungGen: 15870K->704K(16384K)] 20541K->5579K(49664K), 0.0004730 secs] [Times: user=0.01 sys=0.00, real=0.00 secs] 
88.349: Total time for which application threads were stopped: 0.0006110 seconds, Stopping threads took: 0.0000620 seconds
88.412: Application time: 0.0631110 seconds
88.412: [GC [PSYoungGen: 16061K->704K(16384K)] 20936K->5815K(49664K), 0.0005790 secs] [Times: user=0.00 sys=0.00, real=0.00 secs] 
88.413: Total time for which application threads were stopped: 0.0006880 seconds, Stopping threads took: 0.0000520 seconds
88.480: Application time: 0.0674790 seconds
88.483: [GC [PSYoungGen: 16061K->0K(16384K)] 21173K->5701K(49664K), 0.0005050 secs] [Times: user=0.00 sys=0.00, real=0.00 secs] 
88.483: Total time for which application threads were stopped: 0.0026290 seconds, Stopping threads took: 0.0020520 seconds
88.551: Application time: 0.0678240 seconds
88.551: [GC [PSYoungGen: 15357K->0K(16384K)] 21058K->5701K(49664K), 0.0003380 secs] [Times: user=0.00 sys=0.00, real=0.00 secs] 
88.551: Total time for which application threads were stopped: 0.0004710 seconds, Stopping threads took: 0.0000710 seconds
88.617: Application time: 0.0660580 seconds
88.618: [GC [PSYoungGen: 15356K->352K(16384K)] 21058K->6053K(49664K), 0.0004470 secs] [Times: user=0.00 sys=0.00, real=0.00 secs] 
88.618: Total time for which application threads were stopped: 0.0005610 seconds, Stopping threads took: 0.0000550 seconds
88.685: Application time: 0.0664980 seconds
88.685: [GC [PSYoungGen: 15708K->384K(16384K)] 21409K->6305K(49664K), 0.0004120 secs] [Times: user=0.00 sys=0.00, real=0.00 secs] 
88.685: Total time for which application threads were stopped: 0.0005380 seconds, Stopping threads took: 0.0000620 seconds
88.753: Application time: 0.0681350 seconds
88.756: [GC [PSYoungGen: 15741K->0K(16384K)] 21663K->6145K(49664K), 0.0004360 secs] [Times: user=0.01 sys=0.00, real=0.00 secs] 
88.756: Total time for which application threads were stopped: 0.0031260 seconds, Stopping threads took: 0.0026230 seconds
88.824: Application time: 0.0679410 seconds
88.824: [GC [PSYoungGen: 15357K->0K(16384K)] 21503K->6145K(49664K), 0.0003530 secs] [Times: user=0.00 sys=0.00, real=0.00 secs] 
88.825: Total time for which application threads were stopped: 0.0004650 seconds, Stopping threads took: 0.0000520 seconds
88.876: Application time: 0.0509460 seconds
88.876: [GC [PSYoungGen: 15358K->384K(16384K)] 21504K->6529K(49664K), 0.0004240 secs] [Times: user=0.00 sys=0.00, real=0.00 secs] 
88.876: Total time for which application threads were stopped: 0.0005560 seconds, Stopping threads took: 0.0000520 seconds
88.942: Application time: 0.0657590 seconds
88.942: [GC [PSYoungGen: 15741K->288K(16384K)] 21887K->6449K(49664K), 0.0003940 secs] [Times: user=0.00 sys=0.00, real=0.00 secs] 
88.943: Total time for which application threads were stopped: 0.0005180 seconds, Stopping threads took: 0.0000600 seconds
89.010: Application time: 0.0672840 seconds
89.010: [GC [PSYoungGen: 15645K->256K(16384K)] 21806K->6433K(49664K), 0.0003870 secs] [Times: user=0.00 sys=0.00, real=0.00 secs] 
89.010: Total time for which application threads were stopped: 0.0005100 seconds, Stopping threads took: 0.0000610 seconds
89.078: Application time: 0.0676530 seconds
89.078: [GC [PSYoungGen: 15613K->0K(16384K)] 21791K->6401K(49664K), 0.0004110 secs] [Times: user=0.00 sys=0.00, real=0.00 secs] 
89.078: Total time for which application threads were stopped: 0.0005240 seconds, Stopping threads took: 0.0000460 seconds
89.135: Application time: 0.0563830 seconds
89.135: [GC [PSYoungGen: 15356K->320K(16384K)] 21757K->6721K(49664K), 0.0003800 secs] [Times: user=0.00 sys=0.00, real=0.00 secs] 
89.135: Total time for which application threads were stopped: 0.0004930 seconds, Stopping threads took: 0.0000530 seconds
89.195: Application time: 0.0599490 seconds
89.195: [GC [PSYoungGen: 15677K->352K(16384K)] 22079K->6769K(49664K), 0.0003900 secs] [Times: user=0.00 sys=0.00, real=0.00 secs] 
89.196: Total time for which application threads were stopped: 0.0005070 seconds, Stopping threads took: 0.0000520 seconds
89.261: Application time: 0.0649710 seconds
89.261: [GC [PSYoungGen: 15708K->528K(16384K)] 22126K->6961K(49664K), 0.0004020 secs] [Times: user=0.00 sys=0.00, real=0.00 secs] 
89.261: Total time for which application threads were stopped: 0.0005200 seconds, Stopping threads took: 0.0000550 seconds
89.318: Application time: 0.0563930 seconds
89.318: [GC [PSYoungGen: 15883K->576K(16384K)] 22317K->7249K(49664K), 0.0004620 secs] [Times: user=0.00 sys=0.00, real=0.00 secs] 
89.318: Total time for which application threads were stopped: 0.0005860 seconds, Stopping threads took: 0.0000590 seconds
89.376: Application time: 0.0578400 seconds
89.376: [GC [PSYoungGen: 15933K->320K(16384K)] 22607K->7214K(49664K), 0.0004070 secs] [Times: user=0.00 sys=0.00, real=0.00 secs] 
89.377: Total time for which application threads were stopped: 0.0005380 seconds, Stopping threads took: 0.0000620 seconds
89.443: Application time: 0.0663280 seconds
89.443: [GC [PSYoungGen: 15677K->352K(16384K)] 22572K->7262K(49664K), 0.0004040 secs] [Times: user=0.00 sys=0.00, real=0.00 secs] 
89.444: Total time for which application threads were stopped: 0.0005190 seconds, Stopping threads took: 0.0000540 seconds
89.511: Application time: 0.0674880 seconds
89.511: [GC [PSYoungGen: 15709K->0K(16384K)] 22620K->7147K(49664K), 0.0004280 secs] [Times: user=0.00 sys=0.00, real=0.00 secs] 
89.512: Total time for which application threads were stopped: 0.0005600 seconds, Stopping threads took: 0.0000700 seconds
89.577: Application time: 0.0652450 seconds
89.577: [GC [PSYoungGen: 15359K->416K(16384K)] 22506K->7563K(49664K), 0.0004200 secs] [Times: user=0.00 sys=0.00, real=0.00 secs] 
89.577: Total time for which application threads were stopped: 0.0005330 seconds, Stopping threads took: 0.0000500 seconds
89.628: Application time: 0.0502770 seconds
89.628: [GC [PSYoungGen: 15773K->576K(16384K)] 22920K->7967K(49664K), 0.0004810 secs] [Times: user=0.01 sys=0.00, real=0.00 secs] 
89.628: Total time for which application threads were stopped: 0.0005870 seconds, Stopping threads took: 0.0000460 seconds
89.673: Application time: 0.0452220 seconds
89.674: [GC [PSYoungGen: 15934K->544K(16384K)] 23325K->8007K(49664K), 0.0004090 secs] [Times: user=0.01 sys=0.00, real=0.00 secs] 
89.674: Total time for which application threads were stopped: 0.0005160 seconds, Stopping threads took: 0.0000490 seconds
89.719: Application time: 0.0446600 seconds
89.719: [GC [PSYoungGen: 15903K->784K(16384K)] 23366K->8311K(49664K), 0.0004970 secs] [Times: user=0.00 sys=0.00, real=0.00 secs] 
89.719: Total time for which application threads were stopped: 0.0006200 seconds, Stopping threads took: 0.0000570 seconds
89.783: Application time: 0.0632880 seconds
89.783: [GC [PSYoungGen: 16139K->544K(16384K)] 23667K->8324K(49664K), 0.0004510 secs] [Times: user=0.00 sys=0.00, real=0.00 secs] 
89.783: Total time for which application threads were stopped: 0.0005710 seconds, Stopping threads took: 0.0000570 seconds
89.849: Application time: 0.0660360 seconds
89.849: [GC [PSYoungGen: 15903K->288K(16384K)] 23683K->8493K(49664K), 0.0004530 secs] [Times: user=0.00 sys=0.00, real=0.00 secs] 
89.850: Total time for which application threads were stopped: 0.0005740 seconds, Stopping threads took: 0.0000560 seconds
89.902: Application time: 0.0524360 seconds
89.902: [GC [PSYoungGen: 15643K->320K(16384K)] 23848K->8717K(49664K), 0.0004460 secs] [Times: user=0.00 sys=0.00, real=0.00 secs] 
89.903: Total time for which application threads were stopped: 0.0005840 seconds, Stopping threads took: 0.0000720 seconds
89.960: Application time: 0.0569840 seconds
89.960: [GC [PSYoungGen: 15678K->416K(16384K)] 24075K->8821K(49664K), 0.0004620 secs] [Times: user=0.00 sys=0.00, real=0.00 secs] 
89.960: Total time for which application threads were stopped: 0.0005850 seconds, Stopping threads took: 0.0000640 seconds
90.010: Application time: 0.0496900 seconds
90.010: [GC [PSYoungGen: 15774K->544K(16384K)] 24179K->9013K(49664K), 0.0004090 secs] [Times: user=0.00 sys=0.00, real=0.00 secs] 
90.011: Total time for which application threads were stopped: 0.0005240 seconds, Stopping threads took: 0.0000550 seconds
90.072: Application time: 0.0618740 seconds
90.073: [GC [PSYoungGen: 15901K->768K(16384K)] 24371K->9474K(49664K), 0.0005280 secs] [Times: user=0.00 sys=0.00, real=0.00 secs] 
90.073: Total time for which application threads were stopped: 0.0006350 seconds, Stopping threads took: 0.0000470 seconds
90.138: Application time: 0.0650660 seconds
90.138: [GC [PSYoungGen: 16124K->352K(16384K)] 24830K->9799K(49664K), 0.0005010 secs] [Times: user=0.00 sys=0.00, real=0.00 secs] 
90.139: Total time for which application threads were stopped: 0.0006280 seconds, Stopping threads took: 0.0000640 seconds
90.206: Application time: 0.0672190 seconds
90.206: [GC [PSYoungGen: 15709K->0K(16384K)] 25157K->9663K(49664K), 0.0004050 secs] [Times: user=0.01 sys=0.00, real=0.00 secs] 
90.207: Total time for which application threads were stopped: 0.0005300 seconds, Stopping threads took: 0.0000580 seconds
90.274: Application time: 0.0675620 seconds
90.276: [GC [PSYoungGen: 15357K->0K(16384K)] 25021K->9663K(49664K), 0.0003770 secs] [Times: user=0.00 sys=0.00, real=0.00 secs] 
90.276: Total time for which application threads were stopped: 0.0021730 seconds, Stopping threads took: 0.0017390 seconds
90.342: Application time: 0.0659430 seconds
90.342: [GC [PSYoungGen: 15356K->384K(16384K)] 25020K->10047K(49664K), 0.0003890 secs] [Times: user=0.00 sys=0.00, real=0.00 secs] 
90.343: Total time for which application threads were stopped: 0.0004930 seconds, Stopping threads took: 0.0000450 seconds
90.409: Application time: 0.0663520 seconds
90.409: [GC [PSYoungGen: 15740K->416K(16384K)] 25404K->10300K(49664K), 0.0004060 secs] [Times: user=0.00 sys=0.00, real=0.00 secs] 
90.410: Total time for which application threads were stopped: 0.0005340 seconds, Stopping threads took: 0.0000570 seconds
90.479: Application time: 0.0697180 seconds
90.479: [GC [PSYoungGen: 15771K->0K(16384K)] 25655K->10108K(49664K), 0.0004250 secs] [Times: user=0.01 sys=0.00, real=0.00 secs] 
90.481: Total time for which application threads were stopped: 0.0016960 seconds, Stopping threads took: 0.0000780 seconds
90.548: Application time: 0.0667090 seconds
90.548: [GC [PSYoungGen: 15357K->352K(16384K)] 25465K->10460K(49664K), 0.0004440 secs] [Times: user=0.00 sys=0.00, real=0.00 secs] 
90.548: Total time for which application threads were stopped: 0.0005640 seconds, Stopping threads took: 0.0000510 seconds
90.598: Application time: 0.0501710 seconds
90.599: [GC [PSYoungGen: 15710K->384K(16384K)] 25818K->10500K(49664K), 0.0003780 secs] [Times: user=0.00 sys=0.00, real=0.00 secs] 
90.599: Total time for which application threads were stopped: 0.0005160 seconds, Stopping threads took: 0.0000750 seconds
90.667: Application time: 0.0675280 seconds
90.667: [GC [PSYoungGen: 15741K->384K(16384K)] 25857K->10524K(49664K), 0.0003630 secs] [Times: user=0.00 sys=0.00, real=0.00 secs] 
90.667: Total time for which application threads were stopped: 0.0004890 seconds, Stopping threads took: 0.0000600 seconds
90.735: Application time: 0.0682750 seconds
90.735: [GC [PSYoungGen: 15743K->0K(16384K)] 25883K->10364K(49664K), 0.0003730 secs] [Times: user=0.00 sys=0.00, real=0.00 secs] 
90.736: Total time for which application threads were stopped: 0.0005030 seconds, Stopping threads took: 0.0000640 seconds
90.804: Application time: 0.0677870 seconds
90.804: [GC [PSYoungGen: 15357K->0K(16384K)] 25721K->10364K(49664K), 0.0003820 secs] [Times: user=0.00 sys=0.00, real=0.01 secs] 
90.804: Total time for which application threads were stopped: 0.0005500 seconds, Stopping threads took: 0.0001020 seconds
90.856: Application time: 0.0516700 seconds
90.856: [GC [PSYoungGen: 15356K->384K(16384K)] 25720K->10748K(49664K), 0.0003880 secs] [Times: user=0.00 sys=0.00, real=0.00 secs] 
90.856: Total time for which application threads were stopped: 0.0004970 seconds, Stopping threads took: 0.0000480 seconds
90.920: Application time: 0.0639730 seconds
90.920: [GC [PSYoungGen: 15740K->256K(16384K)] 26105K->10644K(49664K), 0.0004200 secs] [Times: user=0.00 sys=0.00, real=0.00 secs] 
90.921: Total time for which application threads were stopped: 0.0005650 seconds, Stopping threads took: 0.0000720 seconds
90.986: Application time: 0.0649160 seconds
90.986: [GC [PSYoungGen: 15613K->512K(16384K)] 26001K->10916K(49664K), 0.0004220 secs] [Times: user=0.00 sys=0.00, real=0.00 secs] 
90.986: Total time for which application threads were stopped: 0.0005530 seconds, Stopping threads took: 0.0000680 seconds
91.040: Application time: 0.0534780 seconds
91.040: [GC [PSYoungGen: 15871K->384K(16384K)] 26276K->11244K(49664K), 0.0004510 secs] [Times: user=0.01 sys=0.00, real=0.00 secs] 
91.040: Total time for which application threads were stopped: 0.0005860 seconds, Stopping threads took: 0.0000710 seconds
91.102: Application time: 0.0618250 seconds
91.102: [GC [PSYoungGen: 15743K->352K(16384K)] 26604K->11236K(49664K), 0.0003850 secs] [Times: user=0.00 sys=0.00, real=0.00 secs] 
91.103: Total time for which application threads were stopped: 0.0005110 seconds, Stopping threads took: 0.0000630 seconds
91.169: Application time: 0.0665420 seconds
91.169: [GC [PSYoungGen: 15711K->368K(16384K)] 26596K->11268K(49664K), 0.0003870 secs] [Times: user=0.00 sys=0.00, real=0.00 secs] 
91.170: Total time for which application threads were stopped: 0.0005220 seconds, Stopping threads took: 0.0000720 seconds
91.236: Application time: 0.0665060 seconds
91.236: [GC [PSYoungGen: 15727K->384K(16384K)] 26627K->11529K(49664K), 0.0003890 secs] [Times: user=0.00 sys=0.00, real=0.00 secs] 
91.237: Total time for which application threads were stopped: 0.0005200 seconds, Stopping threads took: 0.0000650 seconds
91.303: Application time: 0.0666000 seconds
91.304: [GC [PSYoungGen: 15744K->352K(16384K)] 26889K->11513K(49664K), 0.0004220 secs] [Times: user=0.00 sys=0.00, real=0.01 secs] 
91.304: Total time for which application threads were stopped: 0.0005530 seconds, Stopping threads took: 0.0000630 seconds
91.355: Application time: 0.0508640 seconds
91.355: [GC [PSYoungGen: 15711K->400K(16384K)] 26872K->11813K(49664K), 0.0004390 secs] [Times: user=0.00 sys=0.00, real=0.00 secs] 
91.355: Total time for which application threads were stopped: 0.0005380 seconds, Stopping threads took: 0.0000380 seconds
91.401: Application time: 0.0451520 seconds
91.401: [GC [PSYoungGen: 15758K->768K(16384K)] 27172K->12237K(49664K), 0.0004730 secs] [Times: user=0.00 sys=0.00, real=0.00 secs] 
91.401: Total time for which application threads were stopped: 0.0006020 seconds, Stopping threads took: 0.0000650 seconds
91.444: Application time: 0.0432270 seconds
91.444: [GC [PSYoungGen: 16125K->992K(16384K)] 27595K->12517K(49664K), 0.0004700 secs] [Times: user=0.00 sys=0.00, real=0.00 secs] 
91.445: Total time for which application threads were stopped: 0.0006100 seconds, Stopping threads took: 0.0000700 seconds
91.510: Application time: 0.0646680 seconds
91.510: [GC [PSYoungGen: 16350K->480K(16384K)] 27875K->12446K(49664K), 0.0004620 secs] [Times: user=0.01 sys=0.00, real=0.00 secs] 
91.510: Total time for which application threads were stopped: 0.0005830 seconds, Stopping threads took: 0.0000610 seconds
91.575: Application time: 0.0644040 seconds
91.575: [GC [PSYoungGen: 15837K->384K(16384K)] 27804K->12751K(49664K), 0.0004380 secs] [Times: user=0.00 sys=0.00, real=0.00 secs] 
91.575: Total time for which application threads were stopped: 0.0005780 seconds, Stopping threads took: 0.0000650 seconds
91.625: Application time: 0.0497700 seconds
91.625: [GC [PSYoungGen: 15740K->384K(16384K)] 28108K->12767K(49664K), 0.0004510 secs] [Times: user=0.00 sys=0.00, real=0.00 secs] 
91.626: Total time for which application threads were stopped: 0.0005630 seconds, Stopping threads took: 0.0000490 seconds
91.680: Application time: 0.0547650 seconds
91.680: [GC [PSYoungGen: 15741K->544K(16384K)] 28125K->12991K(49664K), 0.0004230 secs] [Times: user=0.00 sys=0.00, real=0.00 secs] 
91.681: Total time for which application threads were stopped: 0.0005470 seconds, Stopping threads took: 0.0000590 seconds
91.738: Application time: 0.0571740 seconds
91.738: [GC [PSYoungGen: 15901K->352K(16384K)] 28349K->13020K(49664K), 0.0004150 secs] [Times: user=0.00 sys=0.00, real=0.00 secs] 
91.739: Total time for which application threads were stopped: 0.0005580 seconds, Stopping threads took: 0.0000830 seconds
91.800: Application time: 0.0618740 seconds
91.801: [GC [PSYoungGen: 15711K->704K(16384K)] 28379K->13436K(49664K), 0.0004670 secs] [Times: user=0.00 sys=0.00, real=0.00 secs] 
91.801: Total time for which application threads were stopped: 0.0006000 seconds, Stopping threads took: 0.0000660 seconds
91.867: Application time: 0.0658170 seconds
91.867: [GC [PSYoungGen: 16060K->320K(16384K)] 28793K->13666K(49664K), 0.0004840 secs] [Times: user=0.00 sys=0.00, real=0.00 secs] 
91.867: Total time for which application threads were stopped: 0.0005990 seconds, Stopping threads took: 0.0000540 seconds
91.936: Application time: 0.0686800 seconds
91.936: [GC [PSYoungGen: 15677K->0K(16384K)] 29023K->13562K(49664K), 0.0003630 secs] [Times: user=0.00 sys=0.00, real=0.00 secs] 
91.937: Total time for which application threads were stopped: 0.0004760 seconds, Stopping threads took: 0.0000570 seconds
92.003: Application time: 0.0666280 seconds
92.003: [GC [PSYoungGen: 15359K->352K(16384K)] 28921K->13914K(49664K), 0.0003920 secs] [Times: user=0.00 sys=0.00, real=0.01 secs] 
92.004: Total time for which application threads were stopped: 0.0005220 seconds, Stopping threads took: 0.0000640 seconds
92.071: Application time: 0.0671120 seconds
92.071: [GC [PSYoungGen: 15711K->288K(16384K)] 29273K->13866K(49664K), 0.0004430 secs] [Times: user=0.00 sys=0.00, real=0.00 secs] 
92.071: Total time for which application threads were stopped: 0.0005600 seconds, Stopping threads took: 0.0000580 seconds
92.139: Application time: 0.0671680 seconds
92.139: [GC [PSYoungGen: 15647K->320K(16384K)] 29225K->14110K(49664K), 0.0004640 secs] [Times: user=0.00 sys=0.00, real=0.00 secs] 
92.139: Total time for which application threads were stopped: 0.0006610 seconds, Stopping threads took: 0.0001360 seconds
92.207: Application time: 0.0679040 seconds
92.207: [GC [PSYoungGen: 15677K->0K(16384K)] 29468K->14019K(49664K), 0.0004460 secs] [Times: user=0.00 sys=0.00, real=0.00 secs] 
92.208: Total time for which application threads were stopped: 0.0005710 seconds, Stopping threads took: 0.0000610 seconds
92.265: Application time: 0.0573390 seconds
92.265: [GC [PSYoungGen: 15356K->384K(16384K)] 29375K->14403K(49664K), 0.0003680 secs] [Times: user=0.00 sys=0.00, real=0.00 secs] 
92.266: Total time for which application threads were stopped: 0.0004740 seconds, Stopping threads took: 0.0000460 seconds
92.324: Application time: 0.0587520 seconds
92.324: [GC [PSYoungGen: 15741K->352K(16384K)] 29761K->14395K(49664K), 0.0003930 secs] [Times: user=0.01 sys=0.00, real=0.00 secs] 
92.325: Total time for which application threads were stopped: 0.0005160 seconds, Stopping threads took: 0.0000640 seconds
92.391: Application time: 0.0666000 seconds
92.392: [GC [PSYoungGen: 15708K->352K(16384K)] 29751K->14403K(49664K), 0.0003780 secs] [Times: user=0.00 sys=0.00, real=0.01 secs] 
92.392: Total time for which application threads were stopped: 0.0005000 seconds, Stopping threads took: 0.0000580 seconds
92.460: Application time: 0.0679000 seconds
92.460: [GC [PSYoungGen: 15711K->0K(16384K)] 29762K->14275K(49664K), 0.0004260 secs] [Times: user=0.00 sys=0.00, real=0.00 secs] 
92.460: Total time for which application threads were stopped: 0.0005570 seconds, Stopping threads took: 0.0000610 seconds
92.525: Application time: 0.0640880 seconds
92.525: [GC [PSYoungGen: 15357K->288K(16384K)] 29632K->14563K(49664K), 0.0003790 secs] [Times: user=0.00 sys=0.00, real=0.00 secs] 
92.525: Total time for which application threads were stopped: 0.0005030 seconds, Stopping threads took: 0.0000540 seconds
92.576: Application time: 0.0513960 seconds
92.577: [GC [PSYoungGen: 15644K->384K(16384K)] 29919K->14683K(49664K), 0.0003890 secs] [Times: user=0.00 sys=0.00, real=0.00 secs] 
92.577: Total time for which application threads were stopped: 0.0005080 seconds, Stopping threads took: 0.0000610 seconds
92.643: Application time: 0.0658060 seconds
92.643: [GC [PSYoungGen: 15741K->352K(16384K)] 30040K->14683K(49664K), 0.0003840 secs] [Times: user=0.00 sys=0.00, real=0.00 secs] 
92.643: Total time for which application threads were stopped: 0.0005250 seconds, Stopping threads took: 0.0000760 seconds
92.708: Application time: 0.0651800 seconds
92.709: [GC [PSYoungGen: 15709K->416K(16384K)] 30040K->14979K(49664K), 0.0004180 secs] [Times: user=0.00 sys=0.00, real=0.00 secs] 
92.709: Total time for which application threads were stopped: 0.0005480 seconds, Stopping threads took: 0.0000690 seconds
92.759: Application time: 0.0495890 seconds
92.759: [GC [PSYoungGen: 15772K->416K(16384K)] 30335K->15223K(49664K), 0.0004350 secs] [Times: user=0.00 sys=0.00, real=0.00 secs] 
92.759: Total time for which application threads were stopped: 0.0005630 seconds, Stopping threads took: 0.0000660 seconds
92.825: Application time: 0.0654420 seconds
92.825: [GC [PSYoungGen: 15773K->352K(16384K)] 30581K->15167K(49664K), 0.0004020 secs] [Times: user=0.00 sys=0.00, real=0.00 secs] 
92.825: Total time for which application threads were stopped: 0.0005110 seconds, Stopping threads took: 0.0000460 seconds
92.891: Application time: 0.0661190 seconds
92.891: [GC [PSYoungGen: 15711K->448K(16384K)] 30527K->15279K(49664K), 0.0004550 secs] [Times: user=0.01 sys=0.00, real=0.01 secs] 
92.892: Total time for which application threads were stopped: 0.0005760 seconds, Stopping threads took: 0.0000590 seconds
92.957: Application time: 0.0652590 seconds
92.957: [GC [PSYoungGen: 15807K->352K(16384K)] 30639K->15431K(49664K), 0.0004390 secs] [Times: user=0.00 sys=0.00, real=0.00 secs] 
92.958: Total time for which application threads were stopped: 0.0005600 seconds, Stopping threads took: 0.0000580 seconds
93.025: Application time: 0.0670670 seconds
93.025: [GC [PSYoungGen: 15709K->0K(16384K)] 30789K->15319K(49664K), 0.0004060 secs] [Times: user=0.00 sys=0.00, real=0.00 secs] 
93.025: Total time for which application threads were stopped: 0.0005400 seconds, Stopping threads took: 0.0000700 seconds
93.071: Application time: 0.0457410 seconds
93.071: [GC [PSYoungGen: 15357K->416K(16384K)] 30677K->15736K(49664K), 0.0004160 secs] [Times: user=0.01 sys=0.00, real=0.00 secs] 
93.072: Total time for which application threads were stopped: 0.0005480 seconds, Stopping threads took: 0.0000620 seconds
93.119: Application time: 0.0475960 seconds
93.119: [GC [PSYoungGen: 15772K->672K(16384K)] 31092K->16108K(49664K), 0.0004630 secs] [Times: user=0.00 sys=0.00, real=0.00 secs] 
93.120: Total time for which application threads were stopped: 0.0005890 seconds, Stopping threads took: 0.0000590 seconds
93.165: Application time: 0.0450930 seconds
93.165: [GC [PSYoungGen: 16027K->768K(16384K)] 31464K->16596K(49664K), 0.0005610 secs] [Times: user=0.00 sys=0.00, real=0.00 secs] 
93.166: Total time for which application threads were stopped: 0.0006860 seconds, Stopping threads took: 0.0000590 seconds
93.230: Application time: 0.0644750 seconds
93.230: [GC [PSYoungGen: 16124K->576K(16384K)] 31953K->16853K(49664K), 0.0004920 secs] [Times: user=0.00 sys=0.00, real=0.00 secs] 
93.231: Total time for which application threads were stopped: 0.0006140 seconds, Stopping threads took: 0.0000560 seconds
93.293: Application time: 0.0626990 seconds
93.293: [GC [PSYoungGen: 15935K->320K(16384K)] 32213K->17006K(49664K), 0.0005160 secs] [Times: user=0.00 sys=0.00, real=0.00 secs] 
93.294: Total time for which application threads were stopped: 0.0006310 seconds, Stopping threads took: 0.0000520 seconds
93.346: Application time: 0.0515830 seconds
93.346: [GC [PSYoungGen: 15678K->384K(16384K)] 32364K->17086K(49664K), 0.0003860 secs] [Times: user=0.00 sys=0.00, real=0.00 secs] 
93.346: Total time for which application threads were stopped: 0.0005050 seconds, Stopping threads took: 0.0000560 seconds
93.398: Application time: 0.0518090 seconds
93.398: [GC [PSYoungGen: 15743K->512K(16384K)] 32446K->17278K(49664K), 0.0005060 secs] [Times: user=0.00 sys=0.00, real=0.00 secs] 
93.398: Total time for which application threads were stopped: 0.0006260 seconds, Stopping threads took: 0.0000550 seconds
93.459: Application time: 0.0602050 seconds
93.459: [GC [PSYoungGen: 15868K->544K(16384K)] 32635K->17531K(49664K), 0.0004210 secs] [Times: user=0.01 sys=0.00, real=0.00 secs] 
93.459: Total time for which application threads were stopped: 0.0005200 seconds, Stopping threads took: 0.0000440 seconds
93.522: Application time: 0.0631880 seconds
93.523: [GC [PSYoungGen: 15901K->736K(16384K)] 32889K->17795K(49664K), 0.0004490 secs] [Times: user=0.00 sys=0.00, real=0.00 secs] 
93.523: Total time for which application threads were stopped: 0.0005990 seconds, Stopping threads took: 0.0000890 seconds
93.589: Application time: 0.0661220 seconds
93.589: [GC [PSYoungGen: 16095K->384K(16384K)] 33154K->18052K(49664K), 0.0004940 secs] [Times: user=0.00 sys=0.00, real=0.00 secs] 
93.590: Total time for which application threads were stopped: 0.0006310 seconds, Stopping threads took: 0.0000590 seconds
93.659: Application time: 0.0691190 seconds
93.659: [GC [PSYoungGen: 15739K->0K(16384K)] 33408K->17884K(49664K), 0.0003950 secs] [Times: user=0.00 sys=0.00, real=0.00 secs] 
93.659: Total time for which application threads were stopped: 0.0005260 seconds, Stopping threads took: 0.0000710 seconds
93.726: Application time: 0.0665960 seconds
93.726: [GC [PSYoungGen: 15332K->256K(16384K)] 33217K->18140K(49664K), 0.0004060 secs] [Times: user=0.00 sys=0.00, real=0.00 secs] 
93.727: Total time for which application threads were stopped: 0.0005360 seconds, Stopping threads took: 0.0000680 seconds
93.793: Application time: 0.0664220 seconds
93.793: [GC [PSYoungGen: 15612K->512K(16384K)] 33497K->18492K(49664K), 0.0004110 secs] [Times: user=0.00 sys=0.00, real=0.00 secs] 
93.793: Total time for which application threads were stopped: 0.0005320 seconds, Stopping threads took: 0.0000610 seconds
93.861: Application time: 0.0673840 seconds
93.861: [GC [PSYoungGen: 15868K->288K(16384K)] 33849K->18428K(49664K), 0.0004560 secs] [Times: user=0.00 sys=0.00, real=0.00 secs] 
93.861: Total time for which application threads were stopped: 0.0005740 seconds, Stopping threads took: 0.0000570 seconds
93.930: Application time: 0.0682220 seconds
93.930: [GC [PSYoungGen: 15645K->0K(16384K)] 33786K->18356K(49664K), 0.0004510 secs] [Times: user=0.00 sys=0.00, real=0.00 secs] 
93.930: Total time for which application threads were stopped: 0.0005760 seconds, Stopping threads took: 0.0000640 seconds
93.980: Application time: 0.0495690 seconds
93.980: [GC [PSYoungGen: 15356K->384K(16384K)] 33713K->18740K(49664K), 0.0003850 secs] [Times: user=0.00 sys=0.00, real=0.00 secs] 
93.980: Total time for which application threads were stopped: 0.0005160 seconds, Stopping threads took: 0.0000660 seconds
94.046: Application time: 0.0656180 seconds
94.046: [GC [PSYoungGen: 15743K->384K(16384K)] 34099K->18756K(49664K), 0.0003850 secs] [Times: user=0.01 sys=0.00, real=0.00 secs] 
94.046: Total time for which application threads were stopped: 0.0005190 seconds, Stopping threads took: 0.0000690 seconds
94.115: Application time: 0.0680590 seconds
94.115: [GC [PSYoungGen: 15741K->0K(16384K)] 34114K->18604K(49664K), 0.0003990 secs] [Times: user=0.00 sys=0.00, real=0.00 secs] 
94.115: Total time for which application threads were stopped: 0.0005370 seconds, Stopping threads took: 0.0000670 seconds
94.183: Application time: 0.0681710 seconds
94.183: [GC [PSYoungGen: 15357K->0K(16384K)] 33962K->18604K(49664K), 0.0003790 secs] [Times: user=0.00 sys=0.00, real=0.00 secs] 
94.184: Total time for which application threads were stopped: 0.0005070 seconds, Stopping threads took: 0.0000690 seconds
94.240: Application time: 0.0563450 seconds
94.240: [GC [PSYoungGen: 15357K->384K(16384K)] 33962K->18988K(49664K), 0.0003790 secs] [Times: user=0.00 sys=0.00, real=0.00 secs] 
94.241: Total time for which application threads were stopped: 0.0005020 seconds, Stopping threads took: 0.0000610 seconds
94.300: Application time: 0.0594720 seconds
94.300: [GC [PSYoungGen: 15741K->320K(16384K)] 34346K->18932K(49664K), 0.0004730 secs] [Times: user=0.00 sys=0.00, real=0.00 secs] 
94.301: Total time for which application threads were stopped: 0.0006090 seconds, Stopping threads took: 0.0000690 seconds
94.366: Application time: 0.0653010 seconds
94.366: [GC [PSYoungGen: 15679K->656K(16384K)] 34292K->19276K(49664K), 0.0004650 secs] [Times: user=0.00 sys=0.00, real=0.00 secs] 
94.367: Total time for which application threads were stopped: 0.0005860 seconds, Stopping threads took: 0.0000590 seconds
94.433: Application time: 0.0668020 seconds
94.433: [GC [PSYoungGen: 16015K->320K(16384K)] 34636K->19201K(49664K), 0.0004320 secs] [Times: user=0.00 sys=0.00, real=0.00 secs] 
94.434: Total time for which application threads were stopped: 0.0005590 seconds, Stopping threads took: 0.0000670 seconds
94.483: Application time: 0.0485840 seconds
94.483: [GC [PSYoungGen: 15678K->448K(16384K)] 34559K->19541K(49664K), 0.0004640 secs] [Times: user=0.01 sys=0.00, real=0.00 secs] 
94.483: Total time for which application threads were stopped: 0.0006000 seconds, Stopping threads took: 0.0000720 seconds
94.549: Application time: 0.0657630 seconds
94.552: [GC [PSYoungGen: 15807K->352K(16384K)] 34901K->19461K(49664K), 0.0004720 secs] [Times: user=0.00 sys=0.00, real=0.00 secs] 
94.552: Total time for which application threads were stopped: 0.0034570 seconds, Stopping threads took: 0.0029170 seconds
94.620: Application time: 0.0675770 seconds
94.620: [GC [PSYoungGen: 15709K->0K(16384K)] 34819K->19357K(49664K), 0.0004370 secs] [Times: user=0.00 sys=0.00, real=0.00 secs] 
94.621: Total time for which application threads were stopped: 0.0005810 seconds, Stopping threads took: 0.0000730 seconds
94.686: Application time: 0.0657900 seconds
94.686: [GC [PSYoungGen: 15359K->400K(16384K)] 34717K->19757K(49664K), 0.0004210 secs] [Times: user=0.00 sys=0.00, real=0.00 secs] 
94.687: Total time for which application threads were stopped: 0.0005500 seconds, Stopping threads took: 0.0000650 seconds
94.753: Application time: 0.0665760 seconds
94.754: [GC [PSYoungGen: 15755K->352K(16384K)] 35113K->19970K(49664K), 0.0004520 secs] [Times: user=0.01 sys=0.00, real=0.00 secs] 
94.754: Total time for which application threads were stopped: 0.0005780 seconds, Stopping threads took: 0.0000610 seconds
94.803: Application time: 0.0488120 seconds
94.803: [GC [PSYoungGen: 15710K->288K(16384K)] 35328K->19962K(49664K), 0.0004440 secs] [Times: user=0.01 sys=0.00, real=0.00 secs] 
94.803: Total time for which application threads were stopped: 0.0005630 seconds, Stopping threads took: 0.0000600 seconds
94.846: Application time: 0.0422400 seconds
94.846: [GC [PSYoungGen: 15647K->544K(16384K)] 35321K->20439K(49664K), 0.0004710 secs] [Times: user=0.01 sys=0.00, real=0.00 secs] 
94.846: Total time for which application threads were stopped: 0.0005910 seconds, Stopping threads took: 0.0000550 seconds
94.895: Application time: 0.0484650 seconds
94.895: [GC [PSYoungGen: 15903K->864K(16384K)] 35798K->20835K(49664K), 0.0005510 secs] [Times: user=0.01 sys=0.00, real=0.00 secs] 
94.895: Total time for which application threads were stopped: 0.0006710 seconds, Stopping threads took: 0.0000530 seconds
94.961: Application time: 0.0659060 seconds
94.961: [GC [PSYoungGen: 16220K->544K(16384K)] 36192K->20932K(49664K), 0.0004630 secs] [Times: user=0.00 sys=0.00, real=0.00 secs] 
94.962: Total time for which application threads were stopped: 0.0005860 seconds, Stopping threads took: 0.0000540 seconds
95.017: Application time: 0.0554400 seconds
95.017: [GC [PSYoungGen: 15900K->320K(16384K)] 36288K->21245K(49664K), 0.0005240 secs] [Times: user=0.00 sys=0.00, real=0.00 secs] 
95.018: Total time for which application threads were stopped: 0.0006360 seconds, Stopping threads took: 0.0000510 seconds
95.076: Application time: 0.0582350 seconds
95.076: [GC [PSYoungGen: 15677K->256K(16384K)] 36603K->21189K(49664K), 0.0004490 secs] [Times: user=0.00 sys=0.00, real=0.00 secs] 
95.077: Total time for which application threads were stopped: 0.0005730 seconds, Stopping threads took: 0.0000590 seconds
95.125: Application time: 0.0482040 seconds
95.125: [GC [PSYoungGen: 15614K->512K(16384K)] 36547K->21509K(49664K), 0.0004410 secs] [Times: user=0.00 sys=0.00, real=0.00 secs] 
95.126: Total time for which application threads were stopped: 0.0005660 seconds, Stopping threads took: 0.0000570 seconds
95.189: Application time: 0.0632090 seconds
95.189: [GC [PSYoungGen: 15871K->576K(16384K)] 36868K->21801K(49664K), 0.0004730 secs] [Times: user=0.00 sys=0.00, real=0.00 secs] 
95.189: Total time for which application threads were stopped: 0.0005940 seconds, Stopping threads took: 0.0000570 seconds
95.253: Application time: 0.0637420 seconds
95.253: [GC [PSYoungGen: 15931K->704K(16384K)] 37157K->22186K(49664K), 0.0005350 secs] [Times: user=0.00 sys=0.00, real=0.00 secs] 
95.254: Total time for which application threads were stopped: 0.0006620 seconds, Stopping threads took: 0.0000630 seconds
95.320: Application time: 0.0659290 seconds
95.320: [GC [PSYoungGen: 16063K->512K(16384K)] 37545K->22354K(49664K), 0.0004860 secs] [Times: user=0.00 sys=0.00, real=0.00 secs] 
95.320: Total time for which application threads were stopped: 0.0006230 seconds, Stopping threads took: 0.0000670 seconds
95.388: Application time: 0.0676280 seconds
95.388: [GC [PSYoungGen: 15869K->0K(16384K)] 37712K->22263K(49664K), 0.0004870 secs] [Times: user=0.01 sys=0.00, real=0.00 secs] 
95.389: Total time for which application threads were stopped: 0.0006150 seconds, Stopping threads took: 0.0000590 seconds
95.454: Application time: 0.0658390 seconds
95.454: [GC [PSYoungGen: 15356K->352K(16384K)] 37619K->22615K(49664K), 0.0003830 secs] [Times: user=0.00 sys=0.00, real=0.00 secs] 
95.455: Total time for which application threads were stopped: 0.0005010 seconds, Stopping threads took: 0.0000590 seconds
95.521: Application time: 0.0661070 seconds
95.521: [GC [PSYoungGen: 15708K->320K(16384K)] 37972K->22795K(49664K), 0.0004820 secs] [Times: user=0.00 sys=0.00, real=0.00 secs] 
95.523: Total time for which application threads were stopped: 0.0017860 seconds, Stopping threads took: 0.0000560 seconds
95.591: Application time: 0.0679420 seconds
95.591: [GC [PSYoungGen: 15677K->0K(16384K)] 38153K->22696K(49664K), 0.0003830 secs] [Times: user=0.00 sys=0.00, real=0.00 secs] 
95.591: Total time for which application threads were stopped: 0.0005070 seconds, Stopping threads took: 0.0000650 seconds
95.655: Application time: 0.0639200 seconds
95.655: [GC [PSYoungGen: 15359K->352K(16384K)] 38055K->23048K(49664K), 0.0003970 secs] [Times: user=0.00 sys=0.00, real=0.00 secs] 
95.656: Total time for which application threads were stopped: 0.0005200 seconds, Stopping threads took: 0.0000500 seconds
95.708: Application time: 0.0524610 seconds
95.708: [GC [PSYoungGen: 15707K->384K(16384K)] 38403K->23088K(49664K), 0.0004400 secs] [Times: user=0.00 sys=0.00, real=0.00 secs] 
95.709: Total time for which application threads were stopped: 0.0005450 seconds, Stopping threads took: 0.0000410 seconds
95.775: Application time: 0.0663030 seconds
95.775: [GC [PSYoungGen: 15740K->352K(16384K)] 38444K->23072K(49664K), 0.0003920 secs] [Times: user=0.01 sys=0.00, real=0.00 secs] 
95.776: Total time for which application threads were stopped: 0.0005120 seconds, Stopping threads took: 0.0000610 seconds
95.843: Application time: 0.0678670 seconds
95.843: [GC [PSYoungGen: 15709K->0K(16384K)] 38429K->22940K(49664K), 0.0004060 secs] [Times: user=0.00 sys=0.00, real=0.01 secs] 
95.844: Total time for which application threads were stopped: 0.0005420 seconds, Stopping threads took: 0.0000690 seconds
95.912: Application time: 0.0679250 seconds
95.912: [GC [PSYoungGen: 15357K->0K(16384K)] 38298K->22940K(49664K), 0.0003820 secs] [Times: user=0.00 sys=0.00, real=0.00 secs] 
95.912: Total time for which application threads were stopped: 0.0005020 seconds, Stopping threads took: 0.0000570 seconds
95.962: Application time: 0.0493160 seconds
95.962: [GC [PSYoungGen: 15356K->384K(16384K)] 38297K->23324K(49664K), 0.0003910 secs] [Times: user=0.00 sys=0.00, real=0.00 secs] 
95.962: Total time for which application threads were stopped: 0.0005200 seconds, Stopping threads took: 0.0000670 seconds
96.027: Application time: 0.0649610 seconds
96.027: [GC [PSYoungGen: 15728K->256K(16384K)] 38668K->23212K(49664K), 0.0003820 secs] [Times: user=0.00 sys=0.00, real=0.00 secs] 
96.028: Total time for which application threads were stopped: 0.0005070 seconds, Stopping threads took: 0.0000650 seconds
96.092: Application time: 0.0645830 seconds
96.092: [GC [PSYoungGen: 15612K->480K(16384K)] 38569K->23529K(49664K), 0.0004250 secs] [Times: user=0.00 sys=0.00, real=0.00 secs] 
96.093: Total time for which application threads were stopped: 0.0005340 seconds, Stopping threads took: 0.0000490 seconds
96.158: Application time: 0.0656610 seconds
96.159: [GC [PSYoungGen: 15837K->320K(16384K)] 38886K->23753K(49664K), 0.0004630 secs] [Times: user=0.00 sys=0.00, real=0.00 secs] 
96.159: Total time for which application threads were stopped: 0.0005820 seconds, Stopping threads took: 0.0000440 seconds
96.209: Application time: 0.0497350 seconds
96.209: [GC [PSYoungGen: 15676K->384K(16384K)] 39109K->23833K(49664K), 0.0003960 secs] [Times: user=0.00 sys=0.00, real=0.00 secs] 
96.209: Total time for which application threads were stopped: 0.0005040 seconds, Stopping threads took: 0.0000470 seconds
96.275: Application time: 0.0657130 seconds
96.275: [GC [PSYoungGen: 15743K->384K(16384K)] 39193K->23857K(49664K), 0.0003870 secs] [Times: user=0.00 sys=0.00, real=0.00 secs] 
96.275: Total time for which application threads were stopped: 0.0005090 seconds, Stopping threads took: 0.0000600 seconds
96.342: Application time: 0.0664640 seconds
96.342: [GC [PSYoungGen: 15743K->320K(16384K)] 39216K->24165K(49664K), 0.0004250 secs] [Times: user=0.01 sys=0.00, real=0.00 secs] 
96.342: Total time for which application threads were stopped: 0.0005380 seconds, Stopping threads took: 0.0000540 seconds
96.409: Application time: 0.0662910 seconds
96.409: [GC [PSYoungGen: 15678K->256K(16384K)] 39523K->24117K(49664K), 0.0004700 secs] [Times: user=0.00 sys=0.00, real=0.00 secs] 
96.409: Total time for which application threads were stopped: 0.0006110 seconds, Stopping threads took: 0.0000710 seconds
96.471: Application time: 0.0616390 seconds
96.471: [GC [PSYoungGen: 15615K->320K(16384K)] 39477K->24434K(49664K), 0.0005040 secs] [Times: user=0.00 sys=0.00, real=0.00 secs] 
96.472: Total time for which application threads were stopped: 0.0006130 seconds, Stopping threads took: 0.0000580 seconds
96.526: Application time: 0.0546340 seconds
96.526: [GC [PSYoungGen: 15677K->352K(16384K)] 39791K->24538K(49664K), 0.0004000 secs] [Times: user=0.00 sys=0.00, real=0.00 secs] 
96.527: Total time for which application threads were stopped: 0.0005240 seconds, Stopping threads took: 0.0000590 seconds
96.565: Application time: 0.0386770 seconds
96.566: [GC [PSYoungGen: 15709K->544K(16384K)] 39895K->24942K(49664K), 0.0005110 secs] [Times: user=0.00 sys=0.00, real=0.00 secs] 
96.566: Total time for which application threads were stopped: 0.0006200 seconds, Stopping threads took: 0.0000480 seconds
96.618: Application time: 0.0520330 seconds
96.618: [GC [PSYoungGen: 15902K->896K(16384K)] 40301K->25374K(49664K), 0.0005870 secs] [Times: user=0.01 sys=0.00, real=0.00 secs] 
96.619: Total time for which application threads were stopped: 0.0007010 seconds, Stopping threads took: 0.0000540 seconds
96.685: Application time: 0.0660060 seconds
96.685: [GC [PSYoungGen: 16254K->480K(16384K)] 40732K->25359K(49664K), 0.0004820 secs] [Times: user=0.01 sys=0.00, real=0.00 secs] 
96.686: Total time for which application threads were stopped: 0.0007040 seconds, Stopping threads took: 0.0001570 seconds
96.735: Application time: 0.0494160 seconds
96.735: [GC [PSYoungGen: 15839K->288K(16384K)] 40718K->25704K(49664K), 0.0005230 secs] [Times: user=0.00 sys=0.00, real=0.00 secs] 
96.736: Total time for which application threads were stopped: 0.0006520 seconds, Stopping threads took: 0.0000690 seconds
96.798: Application time: 0.0621190 seconds
96.798: [GC [PSYoungGen: 15645K->512K(16384K)] 41062K->25944K(49664K), 0.0004980 secs] [Times: user=0.00 sys=0.00, real=0.00 secs] 
96.798: Total time for which application threads were stopped: 0.0006200 seconds, Stopping threads took: 0.0000560 seconds
96.846: Application time: 0.0476960 seconds
96.846: [GC [PSYoungGen: 15870K->576K(16384K)] 41303K->26072K(49664K), 0.0004510 secs] [Times: user=0.00 sys=0.00, real=0.00 secs] 
96.847: Total time for which application threads were stopped: 0.0005830 seconds, Stopping threads took: 0.0000650 seconds
96.912: Application time: 0.0653170 seconds
96.912: [GC [PSYoungGen: 15935K->352K(16384K)] 41432K->26301K(49664K), 0.0004780 secs] [Times: user=0.00 sys=0.00, real=0.00 secs] 
96.913: Total time for which application threads were stopped: 0.0006070 seconds, Stopping threads took: 0.0000640 seconds
96.976: Application time: 0.0632760 seconds
96.976: [GC [PSYoungGen: 15708K->736K(16384K)] 41658K->26898K(49664K), 0.0005740 secs] [Times: user=0.00 sys=0.00, real=0.00 secs] 
96.977: Total time for which application threads were stopped: 0.0007050 seconds, Stopping threads took: 0.0000690 seconds
97.043: Application time: 0.0666130 seconds
97.043: [GC [PSYoungGen: 16093K->352K(16384K)] 42255K->27054K(49664K), 0.0005080 secs] [Times: user=0.00 sys=0.00, real=0.01 secs] 
97.044: Total time for which application threads were stopped: 0.0006280 seconds, Stopping threads took: 0.0000620 seconds
97.111: Application time: 0.0674650 seconds
97.111: [GC [PSYoungGen: 15709K->0K(16384K)] 42412K->26947K(49664K), 0.0004380 secs] [Times: user=0.00 sys=0.00, real=0.01 secs] 
97.112: Total time for which application threads were stopped: 0.0005470 seconds, Stopping threads took: 0.0000430 seconds
97.178: Application time: 0.0657910 seconds
97.178: [GC [PSYoungGen: 15356K->320K(16384K)] 42303K->27267K(49664K), 0.0004750 secs] [Times: user=0.01 sys=0.00, real=0.00 secs] 
97.178: Total time for which application threads were stopped: 0.0005870 seconds, Stopping threads took: 0.0000480 seconds
97.245: Application time: 0.0666130 seconds
97.245: [GC [PSYoungGen: 15679K->384K(16384K)] 42626K->27563K(49664K), 0.0004270 secs] [Times: user=0.00 sys=0.00, real=0.00 secs] 
97.245: Total time for which application threads were stopped: 0.0005400 seconds, Stopping threads took: 0.0000470 seconds
97.312: Application time: 0.0667980 seconds
97.312: [GC [PSYoungGen: 15740K->352K(16384K)] 42919K->27547K(49664K), 0.0004450 secs] [Times: user=0.00 sys=0.00, real=0.00 secs] 
97.313: Total time for which application threads were stopped: 0.0005660 seconds, Stopping threads took: 0.0000600 seconds
97.370: Application time: 0.0571430 seconds
97.370: [GC [PSYoungGen: 15708K->384K(16384K)] 42903K->27811K(49664K), 0.0004300 secs] [Times: user=0.01 sys=0.00, real=0.00 secs] 
97.370: Total time for which application threads were stopped: 0.0005470 seconds, Stopping threads took: 0.0000570 seconds
97.429: Application time: 0.0585740 seconds
97.429: [GC [PSYoungGen: 15741K->352K(16384K)] 43169K->27787K(49664K), 0.0004030 secs] [Times: user=0.00 sys=0.00, real=0.00 secs] 
97.430: Total time for which application threads were stopped: 0.0005220 seconds, Stopping threads took: 0.0000580 seconds
97.496: Application time: 0.0667720 seconds
97.496: [GC [PSYoungGen: 15711K->384K(16384K)] 43146K->27843K(49664K), 0.0004050 secs] [Times: user=0.00 sys=0.00, real=0.00 secs] 
97.497: Total time for which application threads were stopped: 0.0005340 seconds, Stopping threads took: 0.0000620 seconds
97.565: Application time: 0.0678810 seconds
97.565: [GC [PSYoungGen: 15741K->0K(16384K)] 43200K->27699K(49664K), 0.0003910 secs] [Times: user=0.00 sys=0.00, real=0.00 secs] 
97.565: Total time for which application threads were stopped: 0.0005210 seconds, Stopping threads took: 0.0000600 seconds
97.630: Application time: 0.0646440 seconds
97.630: [GC [PSYoungGen: 15357K->384K(16384K)] 43056K->28083K(49664K), 0.0004220 secs] [Times: user=0.01 sys=0.00, real=0.00 secs] 
97.630: Total time for which application threads were stopped: 0.0005500 seconds, Stopping threads took: 0.0000620 seconds
97.681: Application time: 0.0510080 seconds
97.682: [GC [PSYoungGen: 15743K->384K(16384K)] 43442K->28099K(49664K), 0.0004070 secs] [Times: user=0.00 sys=0.00, real=0.00 secs] 
97.682: Total time for which application threads were stopped: 0.0005260 seconds, Stopping threads took: 0.0000580 seconds
97.748: Application time: 0.0658160 seconds
97.748: [GC [PSYoungGen: 15741K->352K(16384K)] 43456K->28091K(49664K), 0.0003990 secs] [Times: user=0.00 sys=0.00, real=0.00 secs] 
97.748: Total time for which application threads were stopped: 0.0005290 seconds, Stopping threads took: 0.0000580 seconds
97.813: Application time: 0.0651480 seconds
97.814: [GC [PSYoungGen: 15711K->352K(16384K)] 43451K->28303K(49664K), 0.0004610 secs] [Times: user=0.00 sys=0.00, real=0.00 secs] 
97.814: Total time for which application threads were stopped: 0.0005910 seconds, Stopping threads took: 0.0000650 seconds
97.874: Application time: 0.0595840 seconds
97.874: [GC [PSYoungGen: 15708K->352K(16384K)] 43660K->28556K(49664K), 0.0004750 secs] [Times: user=0.00 sys=0.00, real=0.00 secs] 
97.874: Total time for which application threads were stopped: 0.0005810 seconds, Stopping threads took: 0.0000480 seconds
97.931: Application time: 0.0564060 seconds
97.931: [GC [PSYoungGen: 15711K->352K(16384K)] 43916K->28564K(49664K), 0.0004070 secs] [Times: user=0.00 sys=0.00, real=0.00 secs] 
97.931: Total time for which application threads were stopped: 0.0005070 seconds, Stopping threads took: 0.0000400 seconds
97.998: Application time: 0.0669040 seconds
97.998: [GC [PSYoungGen: 15709K->384K(16384K)] 43922K->28620K(49664K), 0.0004130 secs] [Times: user=0.00 sys=0.00, real=0.00 secs] 
97.999: Total time for which application threads were stopped: 0.0005430 seconds, Stopping threads took: 0.0000650 seconds
98.064: Application time: 0.0658470 seconds
98.065: [GC [PSYoungGen: 15741K->416K(16384K)] 43978K->28900K(49664K), 0.0004440 secs] [Times: user=0.00 sys=0.00, real=0.00 secs] 
98.065: Total time for which application threads were stopped: 0.0005620 seconds, Stopping threads took: 0.0000590 seconds
98.132: Application time: 0.0674840 seconds
98.133: [GC [PSYoungGen: 15773K->0K(16384K)] 44258K->28721K(49664K), 0.0004480 secs] [Times: user=0.00 sys=0.00, real=0.00 secs] 
98.133: Total time for which application threads were stopped: 0.0005990 seconds, Stopping threads took: 0.0000840 seconds
98.197: Application time: 0.0635270 seconds
98.197: [GC [PSYoungGen: 15357K->288K(16384K)] 44079K->29009K(49664K), 0.0004180 secs] [Times: user=0.00 sys=0.00, real=0.00 secs] 
98.197: Total time for which application threads were stopped: 0.0005290 seconds, Stopping threads took: 0.0000540 seconds
98.240: Application time: 0.0425640 seconds
98.240: [GC [PSYoungGen: 15646K->576K(16384K)] 44367K->29353K(49664K), 0.0004520 secs] [Times: user=0.01 sys=0.00, real=0.00 secs] 
98.240: Total time for which application threads were stopped: 0.0005760 seconds, Stopping threads took: 0.0000600 seconds
98.282: Application time: 0.0412220 seconds
98.282: [GC [PSYoungGen: 15932K->576K(16384K)] 44710K->29605K(49664K), 0.0004960 secs] [Times: user=0.01 sys=0.00, real=0.00 secs] 
98.282: Total time for which application threads were stopped: 0.0006220 seconds, Stopping threads took: 0.0000520 seconds
98.340: Application time: 0.0579460 seconds
98.340: [GC [PSYoungGen: 15935K->960K(16384K)] 44964K->30045K(49664K), 0.0005390 secs] [Times: user=0.00 sys=0.00, real=0.00 secs] 
98.341: Total time for which application threads were stopped: 0.0006690 seconds, Stopping threads took: 0.0000560 seconds
98.402: Application time: 0.0611210 seconds
98.402: [GC [PSYoungGen: 16318K->352K(16384K)] 45404K->30038K(49664K), 0.0005690 secs] [Times: user=0.00 sys=0.00, real=0.00 secs] 
98.403: Total time for which application threads were stopped: 0.0006780 seconds, Stopping threads took: 0.0000480 seconds
98.455: Application time: 0.0520110 seconds
98.455: [GC [PSYoungGen: 15711K->352K(16384K)] 45398K->30259K(49664K), 0.0004510 secs] [Times: user=0.01 sys=0.00, real=0.00 secs] 
98.455: Total time for which application threads were stopped: 0.0005670 seconds, Stopping threads took: 0.0000550 seconds
98.521: Application time: 0.0653610 seconds
98.521: [GC [PSYoungGen: 15708K->352K(16384K)] 45615K->30323K(49664K), 0.0004220 secs] [Times: user=0.00 sys=0.00, real=0.00 secs] 
98.521: Total time for which application threads were stopped: 0.0005290 seconds, Stopping threads took: 0.0000480 seconds
98.568: Application time: 0.0473000 seconds
98.568: [GC [PSYoungGen: 15710K->352K(16384K)] 45681K->30535K(49664K), 0.0004390 secs] [Times: user=0.00 sys=0.00, real=0.00 secs] 
98.569: Total time for which application threads were stopped: 0.0005600 seconds, Stopping threads took: 0.0000620 seconds
98.632: Application time: 0.0633790 seconds
98.632: [GC [PSYoungGen: 15711K->544K(16384K)] 45895K->30776K(49664K), 0.0004290 secs] [Times: user=0.01 sys=0.00, real=0.00 secs] 
98.633: Total time for which application threads were stopped: 0.0005440 seconds, Stopping threads took: 0.0000520 seconds
98.696: Application time: 0.0632620 seconds
98.696: [GC [PSYoungGen: 15902K->544K(16384K)] 46134K->31193K(49664K), 0.0005250 secs] [Times: user=0.00 sys=0.00, real=0.00 secs] 
98.697: Total time for which application threads were stopped: 0.0006440 seconds, Stopping threads took: 0.0000560 seconds
98.764: Application time: 0.0674820 seconds
98.764: [GC [PSYoungGen: 15901K->0K(16384K)] 46550K->31074K(49664K), 0.0004460 secs] [Times: user=0.00 sys=0.00, real=0.00 secs] 
98.765: Total time for which application threads were stopped: 0.0005870 seconds, Stopping threads took: 0.0000760 seconds
98.831: Application time: 0.0662520 seconds
98.831: [GC [PSYoungGen: 15356K->384K(16384K)] 46431K->31458K(49664K), 0.0003970 secs] [Times: user=0.00 sys=0.00, real=0.00 secs] 
98.832: Total time for which application threads were stopped: 0.0005160 seconds, Stopping threads took: 0.0000500 seconds
98.900: Application time: 0.0679220 seconds
98.900: [GC [PSYoungGen: 15741K->0K(16384K)] 46815K->31306K(49664K), 0.0003900 secs] [Times: user=0.00 sys=0.00, real=0.00 secs] 
98.900: Total time for which application threads were stopped: 0.0005150 seconds, Stopping threads took: 0.0000640 seconds
98.966: Application time: 0.0664100 seconds
98.967: [GC [PSYoungGen: 15356K->320K(16384K)] 46663K->31626K(49664K), 0.0004430 secs] [Times: user=0.00 sys=0.00, real=0.00 secs] 
98.967: Total time for which application threads were stopped: 0.0005480 seconds, Stopping threads took: 0.0000430 seconds
99.035: Application time: 0.0681610 seconds
99.035: [GC [PSYoungGen: 15677K->0K(16384K)] 46983K->31518K(49664K), 0.0003870 secs] [Times: user=0.01 sys=0.00, real=0.00 secs] 
99.036: Total time for which application threads were stopped: 0.0004970 seconds, Stopping threads took: 0.0000500 seconds
99.087: Application time: 0.0516650 seconds
99.087: [GC [PSYoungGen: 15356K->288K(16384K)] 46874K->31806K(49664K), 0.0004760 secs] [Times: user=0.00 sys=0.00, real=0.00 secs] 
99.088: Total time for which application threads were stopped: 0.0005960 seconds, Stopping threads took: 0.0000560 seconds
99.152: Application time: 0.0643000 seconds
99.152: [GC [PSYoungGen: 15645K->448K(16384K)] 47164K->31990K(49664K), 0.0004190 secs] [Times: user=0.00 sys=0.00, real=0.00 secs] 
99.153: Total time for which application threads were stopped: 0.0005420 seconds, Stopping threads took: 0.0000650 seconds
99.220: Application time: 0.0669090 seconds
99.220: [GC [PSYoungGen: 15807K->352K(16384K)] 47350K->31910K(49664K), 0.0004740 secs] [Times: user=0.00 sys=0.00, real=0.00 secs] 
99.220: Total time for which application threads were stopped: 0.0005950 seconds, Stopping threads took: 0.0000620 seconds
99.288: Application time: 0.0678870 seconds
99.288: [GC [PSYoungGen: 15709K->0K(16384K)] 47268K->31779K(49664K), 0.0004160 secs] [Times: user=0.00 sys=0.00, real=0.00 secs] 
99.289: Total time for which application threads were stopped: 0.0005320 seconds, Stopping threads took: 0.0000560 seconds
99.347: Application time: 0.0582550 seconds
99.347: [GC [PSYoungGen: 15358K->416K(16384K)] 47137K->32195K(49664K), 0.0004200 secs] [Times: user=0.00 sys=0.00, real=0.00 secs] 
99.348: Total time for which application threads were stopped: 0.0005590 seconds, Stopping threads took: 0.0000650 seconds
99.405: Application time: 0.0573560 seconds
99.405: [GC [PSYoungGen: 15775K->352K(16384K)] 47555K->32147K(49664K), 0.0004170 secs] [Times: user=0.00 sys=0.00, real=0.00 secs] 
99.405: Total time for which application threads were stopped: 0.0005370 seconds, Stopping threads took: 0.0000580 seconds
99.471: Application time: 0.0652200 seconds
99.471: [GC [PSYoungGen: 15709K->544K(16384K)] 47504K->32355K(49664K), 0.0004510 secs] [Times: user=0.00 sys=0.00, real=0.00 secs] 
99.471: Total time for which application threads were stopped: 0.0005760 seconds, Stopping threads took: 0.0000580 seconds
99.539: Application time: 0.0681170 seconds
99.539: [GC [PSYoungGen: 15903K->288K(16384K)] 47714K->32335K(49664K), 0.0004990 secs] [Times: user=0.00 sys=0.00, real=0.00 secs] 
99.540: Total time for which application threads were stopped: 0.0006260 seconds, Stopping threads took: 0.0000630 seconds
99.600: Application time: 0.0596870 seconds
99.600: [GC [PSYoungGen: 15646K->320K(16384K)] 47694K->32564K(49664K), 0.0005160 secs] [Times: user=0.01 sys=0.00, real=0.00 secs] 
99.600: Total time for which application threads were stopped: 0.0006690 seconds, Stopping threads took: 0.0000900 seconds
99.657: Application time: 0.0563160 seconds
99.657: [GC [PSYoungGen: 15679K->352K(16384K)] 47924K->32612K(49664K), 0.0004180 secs] [Times: user=0.00 sys=0.00, real=0.00 secs] 
99.657: Total time for which application threads were stopped: 0.0005340 seconds, Stopping threads took: 0.0000540 seconds
99.724: Application time: 0.0670490 seconds
99.724: [GC [PSYoungGen: 15709K->352K(16384K)] 47970K->32628K(49664K), 0.0004130 secs] [Times: user=0.00 sys=0.00, real=0.00 secs] 
99.725: Total time for which application threads were stopped: 0.0005420 seconds, Stopping threads took: 0.0000660 seconds
99.790: Application time: 0.0657060 seconds
99.791: [GC [PSYoungGen: 15709K->416K(16384K)] 47985K->32945K(49664K), 0.0005010 secs] [Times: user=0.00 sys=0.00, real=0.00 secs] 
99.791: Total time for which application threads were stopped: 0.0006190 seconds, Stopping threads took: 0.0000600 seconds
99.859: Application time: 0.0678040 seconds
99.859: [GC [PSYoungGen: 15773K->0K(16384K)] 48302K->32793K(49664K), 0.0004300 secs] [Times: user=0.01 sys=0.00, real=0.00 secs] 
99.859: Total time for which application threads were stopped: 0.0005530 seconds, Stopping threads took: 0.0000560 seconds
99.917: Application time: 0.0574250 seconds
99.917: [GC [PSYoungGen: 15359K->288K(16384K)] 48152K->33081K(49664K), 0.0004700 secs] [Times: user=0.00 sys=0.00, real=0.00 secs] 
99.917: Total time for which application threads were stopped: 0.0005850 seconds, Stopping threads took: 0.0000490 seconds
99.971: Application time: 0.0536490 seconds
99.971: [GC [PSYoungGen: 15645K->544K(16384K)] 48438K->33401K(49664K), 0.0004490 secs] [Times: user=0.00 sys=0.00, real=0.00 secs] 
99.972: [Full GC [PSYoungGen: 544K->0K(16384K)] [ParOldGen: 32857K->4374K(32768K)] 33401K->4374K(49152K) [PSPermGen: 5543K->5543K(21504K)], 0.0054150 secs] [Times: user=0.02 sys=0.00, real=0.01 secs] 
99.977: Total time for which application threads were stopped: 0.0060160 seconds, Stopping threads took: 0.0000410 seconds
100.017: Application time: 0.0394570 seconds
100.017: [GC [PSYoungGen: 15356K->960K(16384K)] 19731K->5334K(49152K), 0.0005130 secs] [Times: user=0.00 sys=0.00, real=0.00 secs] 
100.017: Total time for which application threads were stopped: 0.0006300 seconds, Stopping threads took: 0.0000520 seconds
100.073: Application time: 0.0559330 seconds
100.073: [GC [PSYoungGen: 16317K->512K(16384K)] 20692K->5359K(49152K), 0.0004930 secs] [Times: user=0.00 sys=0.00, real=0.00 secs] 
100.074: Total time for which application threads were stopped: 0.0006080 seconds, Stopping threads took: 0.0000550 seconds
100.124: Application time: 0.0506110 seconds
100.124: [GC [PSYoungGen: 15867K->704K(16384K)] 20715K->5764K(49152K), 0.0004770 secs] [Times: user=0.00 sys=0.00, real=0.00 secs] 
100.125: Total time for which application threads were stopped: 0.0005810 seconds, Stopping threads took: 0.0000440 seconds
100.186: Application time: 0.0607760 seconds
100.186: [GC [PSYoungGen: 16061K->384K(16384K)] 21122K->5861K(49152K), 0.0004480 secs] [Times: user=0.00 sys=0.00, real=0.00 secs] 
100.186: Total time for which application threads were stopped: 0.0005720 seconds, Stopping threads took: 0.0000580 seconds
100.245: Application time: 0.0587560 seconds
100.245: [GC [PSYoungGen: 15742K->512K(16384K)] 21219K->6045K(49152K), 0.0004010 secs] [Times: user=0.00 sys=0.00, real=0.00 secs] 
100.246: Total time for which application threads were stopped: 0.0005180 seconds, Stopping threads took: 0.0000530 seconds
100.300: Application time: 0.0540130 seconds
100.300: [GC [PSYoungGen: 15871K->352K(16384K)] 21405K->6106K(49152K), 0.0004060 secs] [Times: user=0.00 sys=0.00, real=0.00 secs] 
100.300: Total time for which application threads were stopped: 0.0005360 seconds, Stopping threads took: 0.0000660 seconds
100.364: Application time: 0.0637700 seconds
100.364: [GC [PSYoungGen: 15708K->640K(16384K)] 21462K->6450K(49152K), 0.0004460 secs] [Times: user=0.00 sys=0.00, real=0.00 secs] 
100.364: Total time for which application threads were stopped: 0.0005780 seconds, Stopping threads took: 0.0000630 seconds
100.429: Application time: 0.0641990 seconds
100.432: [GC [PSYoungGen: 15996K->512K(16384K)] 21806K->6739K(49152K), 0.0004840 secs] [Times: user=0.01 sys=0.00, real=0.00 secs] 
100.432: Total time for which application threads were stopped: 0.0036790 seconds, Stopping threads took: 0.0031360 seconds
100.499: Application time: 0.0665980 seconds
100.499: [GC [PSYoungGen: 15871K->352K(16384K)] 22098K->6819K(49152K), 0.0004300 secs] [Times: user=0.00 sys=0.00, real=0.00 secs] 
100.500: Total time for which application threads were stopped: 0.0005640 seconds, Stopping threads took: 0.0000720 seconds
100.565: Application time: 0.0657890 seconds
100.565: [GC [PSYoungGen: 15708K->320K(16384K)] 22176K->7007K(49152K), 0.0004610 secs] [Times: user=0.01 sys=0.00, real=0.00 secs] 
100.567: Total time for which application threads were stopped: 0.0017510 seconds, Stopping threads took: 0.0000620 seconds
100.635: Application time: 0.0676250 seconds
100.635: [GC [PSYoungGen: 15677K->0K(16384K)] 22365K->6903K(49152K), 0.0004280 secs] [Times: user=0.00 sys=0.00, real=0.00 secs] 
100.635: Total time for which application threads were stopped: 0.0005520 seconds, Stopping threads took: 0.0000610 seconds
100.701: Application time: 0.0658850 seconds
100.701: [GC [PSYoungGen: 15356K->384K(16384K)] 22260K->7287K(49152K), 0.0003950 secs] [Times: user=0.00 sys=0.00, real=0.00 secs] 
100.702: Total time for which application threads were stopped: 0.0005300 seconds, Stopping threads took: 0.0000730 seconds
100.765: Application time: 0.0636810 seconds
100.765: [GC [PSYoungGen: 15743K->384K(16384K)] 22647K->7508K(49152K), 0.0003950 secs] [Times: user=0.00 sys=0.00, real=0.00 secs] 
100.766: Total time for which application threads were stopped: 0.0005240 seconds, Stopping threads took: 0.0000670 seconds
100.819: Application time: 0.0527270 seconds
100.819: [GC [PSYoungGen: 15741K->320K(16384K)] 22866K->7452K(49152K), 0.0004280 secs] [Times: user=0.00 sys=0.00, real=0.00 secs] 
100.819: Total time for which application threads were stopped: 0.0005610 seconds, Stopping threads took: 0.0000630 seconds
100.886: Application time: 0.0664150 seconds
100.886: [GC [PSYoungGen: 15676K->352K(16384K)] 22809K->7508K(49152K), 0.0004000 secs] [Times: user=0.00 sys=0.00, real=0.00 secs] 
100.886: Total time for which application threads were stopped: 0.0005230 seconds, Stopping threads took: 0.0000500 seconds
100.954: Application time: 0.0678380 seconds
100.954: [GC [PSYoungGen: 15709K->0K(16384K)] 22866K->7380K(49152K), 0.0003820 secs] [Times: user=0.01 sys=0.00, real=0.00 secs] 
100.954: Total time for which application threads were stopped: 0.0004910 seconds, Stopping threads took: 0.0000500 seconds
101.023: Application time: 0.0688470 seconds
101.023: [GC [PSYoungGen: 15357K->0K(16384K)] 22738K->7380K(49152K), 0.0003360 secs] [Times: user=0.01 sys=0.00, real=0.00 secs] 
101.024: Total time for which application threads were stopped: 0.0004480 seconds, Stopping threads took: 0.0000540 seconds
101.076: Application time: 0.0521270 seconds
101.080: [GC [PSYoungGen: 15356K->384K(16384K)] 22736K->7764K(49152K), 0.0004550 secs] [Times: user=0.00 sys=0.00, real=0.00 secs] 
101.080: Total time for which application threads were stopped: 0.0044600 seconds, Stopping threads took: 0.0039420 seconds
101.144: Application time: 0.0631930 seconds
101.144: [GC [PSYoungGen: 15741K->352K(16384K)] 23121K->7740K(49152K), 0.0003850 secs] [Times: user=0.00 sys=0.00, real=0.01 secs] 
101.144: Total time for which application threads were stopped: 0.0005090 seconds, Stopping threads took: 0.0000640 seconds
101.209: Application time: 0.0654420 seconds
101.210: [GC [PSYoungGen: 15709K->544K(16384K)] 23097K->7940K(49152K), 0.0004010 secs] [Times: user=0.00 sys=0.00, real=0.00 secs] 
101.210: Total time for which application threads were stopped: 0.0005100 seconds, Stopping threads took: 0.0000500 seconds
101.278: Application time: 0.0676510 seconds
101.278: [GC [PSYoungGen: 15901K->0K(16384K)] 23298K->7969K(49152K), 0.0004350 secs] [Times: user=0.00 sys=0.00, real=0.00 secs] 
101.278: Total time for which application threads were stopped: 0.0005620 seconds, Stopping threads took: 0.0000660 seconds
101.331: Application time: 0.0523640 seconds
101.331: [GC [PSYoungGen: 15357K->384K(16384K)] 23326K->8353K(49152K), 0.0003880 secs] [Times: user=0.00 sys=0.00, real=0.00 secs] 
101.331: Total time for which application threads were stopped: 0.0005390 seconds, Stopping threads took: 0.0000860 seconds
101.394: Application time: 0.0625730 seconds
101.394: [GC [PSYoungGen: 15740K->352K(16384K)] 23710K->8329K(49152K), 0.0003890 secs] [Times: user=0.00 sys=0.00, real=0.00 secs] 
101.394: Total time for which application threads were stopped: 0.0005300 seconds, Stopping threads took: 0.0000690 seconds
101.460: Application time: 0.0659000 seconds
101.464: [GC [PSYoungGen: 15711K->352K(16384K)] 23688K->8345K(49152K), 0.0003750 secs] [Times: user=0.00 sys=0.00, real=0.00 secs] 
101.464: Total time for which application threads were stopped: 0.0041370 seconds, Stopping threads took: 0.0036980 seconds
101.530: Application time: 0.0657380 seconds
101.530: [GC [PSYoungGen: 15711K->384K(16384K)] 23705K->8629K(49152K), 0.0004380 secs] [Times: user=0.00 sys=0.00, real=0.00 secs] 
101.531: Total time for which application threads were stopped: 0.0005560 seconds, Stopping threads took: 0.0000600 seconds
101.598: Application time: 0.0675670 seconds
101.598: [GC [PSYoungGen: 15741K->0K(16384K)] 23987K->8498K(49152K), 0.0003900 secs] [Times: user=0.00 sys=0.00, real=0.00 secs] 
101.599: Total time for which application threads were stopped: 0.0005130 seconds, Stopping threads took: 0.0000630 seconds
101.651: Application time: 0.0519100 seconds
101.651: [GC [PSYoungGen: 15356K->384K(16384K)] 23854K->8882K(49152K), 0.0004090 secs] [Times: user=0.00 sys=0.00, real=0.00 secs] 
101.651: Total time for which application threads were stopped: 0.0005470 seconds, Stopping threads took: 0.0000720 seconds
101.704: Application time: 0.0528500 seconds
101.704: [GC [PSYoungGen: 15740K->544K(16384K)] 24238K->9106K(49152K), 0.0004170 secs] [Times: user=0.00 sys=0.00, real=0.00 secs] 
101.705: Total time for which application threads were stopped: 0.0005400 seconds, Stopping threads took: 0.0000560 seconds
101.746: Application time: 0.0410680 seconds
101.746: [GC [PSYoungGen: 15901K->928K(16384K)] 24464K->9554K(49152K), 0.0005000 secs] [Times: user=0.00 sys=0.00, real=0.00 secs] 
101.746: Total time for which application threads were stopped: 0.0006090 seconds, Stopping threads took: 0.0000500 seconds
101.804: Application time: 0.0582430 seconds
101.805: [GC [PSYoungGen: 16287K->480K(16384K)] 24913K->9555K(49152K), 0.0005180 secs] [Times: user=0.00 sys=0.00, real=0.00 secs] 
101.805: Total time for which application threads were stopped: 0.0006280 seconds, Stopping threads took: 0.0000500 seconds
101.855: Application time: 0.0495050 seconds
101.855: [GC [PSYoungGen: 15835K->512K(16384K)] 24910K->9808K(49152K), 0.0004570 secs] [Times: user=0.00 sys=0.00, real=0.00 secs] 
101.855: Total time for which application threads were stopped: 0.0005760 seconds, Stopping threads took: 0.0000550 seconds
101.918: Application time: 0.0626490 seconds
101.918: [GC [PSYoungGen: 15869K->256K(16384K)] 25165K->9768K(49152K), 0.0004650 secs] [Times: user=0.00 sys=0.00, real=0.00 secs] 
101.918: Total time for which application threads were stopped: 0.0006120 seconds, Stopping threads took: 0.0000730 seconds
101.976: Application time: 0.0575170 seconds
101.976: [GC [PSYoungGen: 15612K->544K(16384K)] 25124K->10112K(49152K), 0.0004380 secs] [Times: user=0.00 sys=0.00, real=0.00 secs] 
101.977: Total time for which application threads were stopped: 0.0005720 seconds, Stopping threads took: 0.0000720 seconds
102.032: Application time: 0.0553240 seconds
102.032: [GC [PSYoungGen: 15901K->320K(16384K)] 25469K->10108K(49152K), 0.0004170 secs] [Times: user=0.00 sys=0.00, real=0.00 secs] 
102.032: Total time for which application threads were stopped: 0.0005390 seconds, Stopping threads took: 0.0000570 seconds
102.096: Application time: 0.0635410 seconds
102.096: [GC [PSYoungGen: 15676K->544K(16384K)] 25465K->10388K(49152K), 0.0004310 secs] [Times: user=0.00 sys=0.00, real=0.00 secs] 
102.096: Total time for which application threads were stopped: 0.0005420 seconds, Stopping threads took: 0.0000520 seconds
102.160: Application time: 0.0635670 seconds
102.160: [GC [PSYoungGen: 15902K->576K(16384K)] 25747K->10837K(49152K), 0.0004660 secs] [Times: user=0.01 sys=0.00, real=0.00 secs] 
102.161: Total time for which application threads were stopped: 0.0005800 seconds, Stopping threads took: 0.0000510 seconds
102.228: Application time: 0.0674390 seconds
102.228: [GC [PSYoungGen: 15933K->0K(16384K)] 26195K->10674K(49152K), 0.0004540 secs] [Times: user=0.00 sys=0.00, real=0.00 secs] 
102.229: Total time for which application threads were stopped: 0.0005850 seconds, Stopping threads took: 0.0000670 seconds
102.295: Application time: 0.0660250 seconds
102.295: [GC [PSYoungGen: 15359K->416K(16384K)] 26033K->11090K(49152K), 0.0003680 secs] [Times: user=0.01 sys=0.00, real=0.00 secs] 
102.295: Total time for which application threads were stopped: 0.0004920 seconds, Stopping threads took: 0.0000610 seconds
102.363: Application time: 0.0678830 seconds
102.363: [GC [PSYoungGen: 15773K->0K(16384K)] 26447K->10902K(49152K), 0.0004850 secs] [Times: user=0.00 sys=0.00, real=0.00 secs] 
102.364: Total time for which application threads were stopped: 0.0005950 seconds, Stopping threads took: 0.0000510 seconds
102.430: Application time: 0.0660200 seconds
102.430: [GC [PSYoungGen: 15356K->352K(16384K)] 26259K->11254K(49152K), 0.0003940 secs] [Times: user=0.00 sys=0.00, real=0.00 secs] 
102.430: Total time for which application threads were stopped: 0.0005230 seconds, Stopping threads took: 0.0000590 seconds
102.490: Application time: 0.0595320 seconds
102.490: [GC [PSYoungGen: 15708K->352K(16384K)] 26611K->11475K(49152K), 0.0003860 secs] [Times: user=0.00 sys=0.00, real=0.00 secs] 
102.490: Total time for which application threads were stopped: 0.0005080 seconds, Stopping threads took: 0.0000630 seconds
102.548: Application time: 0.0579180 seconds
102.548: [GC [PSYoungGen: 15709K->384K(16384K)] 26833K->11531K(49152K), 0.0003810 secs] [Times: user=0.00 sys=0.00, real=0.00 secs] 
102.549: Total time for which application threads were stopped: 0.0004950 seconds, Stopping threads took: 0.0000530 seconds
102.615: Application time: 0.0667250 seconds
102.615: [GC [PSYoungGen: 15743K->256K(16384K)] 26890K->11419K(49152K), 0.0004370 secs] [Times: user=0.00 sys=0.00, real=0.00 secs] 
102.616: Total time for which application threads were stopped: 0.0005650 seconds, Stopping threads took: 0.0000650 seconds
102.684: Application time: 0.0680160 seconds
102.684: [GC [PSYoungGen: 15613K->0K(16384K)] 26777K->11387K(49152K), 0.0003610 secs] [Times: user=0.00 sys=0.00, real=0.00 secs] 
102.684: Total time for which application threads were stopped: 0.0004810 seconds, Stopping threads took: 0.0000640 seconds
102.750: Application time: 0.0658580 seconds
102.750: [GC [PSYoungGen: 15359K->352K(16384K)] 26747K->11739K(49152K), 0.0003870 secs] [Times: user=0.01 sys=0.00, real=0.00 secs] 
102.751: Total time for which application threads were stopped: 0.0004950 seconds, Stopping threads took: 0.0000450 seconds
102.802: Application time: 0.0511650 seconds
102.802: [GC [PSYoungGen: 15711K->384K(16384K)] 27098K->11795K(49152K), 0.0003650 secs] [Times: user=0.01 sys=0.00, real=0.00 secs] 
102.802: Total time for which application threads were stopped: 0.0004920 seconds, Stopping threads took: 0.0000640 seconds
102.869: Application time: 0.0660960 seconds
102.869: [GC [PSYoungGen: 15741K->288K(16384K)] 27152K->11715K(49152K), 0.0004790 secs] [Times: user=0.00 sys=0.00, real=0.00 secs] 
102.869: Total time for which application threads were stopped: 0.0006220 seconds, Stopping threads took: 0.0000790 seconds
102.935: Application time: 0.0656110 seconds
102.935: [GC [PSYoungGen: 15645K->384K(16384K)] 27072K->12032K(49152K), 0.0004690 secs] [Times: user=0.00 sys=0.00, real=0.00 secs] 
102.935: Total time for which application threads were stopped: 0.0006000 seconds, Stopping threads took: 0.0000590 seconds
103.003: Application time: 0.0674750 seconds
103.003: [GC [PSYoungGen: 15741K->0K(16384K)] 27389K->11896K(49152K), 0.0003970 secs] [Times: user=0.00 sys=0.00, real=0.00 secs] 
103.003: Total time for which application threads were stopped: 0.0005180 seconds, Stopping threads took: 0.0000630 seconds
103.054: Application time: 0.0502650 seconds
103.054: [GC [PSYoungGen: 15356K->416K(16384K)] 27252K->12312K(49152K), 0.0004020 secs] [Times: user=0.01 sys=0.00, real=0.00 secs] 
103.054: Total time for which application threads were stopped: 0.0005250 seconds, Stopping threads took: 0.0000600 seconds
103.119: Application time: 0.0645190 seconds
103.119: [GC [PSYoungGen: 15775K->448K(16384K)] 27671K->12360K(49152K), 0.0004060 secs] [Times: user=0.00 sys=0.00, real=0.00 secs] 
103.119: Total time for which application threads were stopped: 0.0005310 seconds, Stopping threads took: 0.0000650 seconds
103.183: Application time: 0.0641070 seconds
103.183: [GC [PSYoungGen: 15805K->640K(16384K)] 27717K->12560K(49152K), 0.0004280 secs] [Times: user=0.00 sys=0.00, real=0.01 secs] 
103.184: Total time for which application threads were stopped: 0.0005520 seconds, Stopping threads took: 0.0000610 seconds
103.252: Application time: 0.0680560 seconds
103.252: [GC [PSYoungGen: 15997K->0K(16384K)] 27917K->12377K(49152K), 0.0004880 secs] [Times: user=0.00 sys=0.00, real=0.00 secs] 
103.253: Total time for which application threads were stopped: 0.0006220 seconds, Stopping threads took: 0.0000650 seconds
103.320: Application time: 0.0676570 seconds
103.320: [GC [PSYoungGen: 15357K->0K(16384K)] 27734K->12377K(49152K), 0.0004140 secs] [Times: user=0.00 sys=0.00, real=0.00 secs] 
103.321: Total time for which application threads were stopped: 0.0005370 seconds, Stopping threads took: 0.0000610 seconds
103.369: Application time: 0.0482160 seconds
103.369: [GC [PSYoungGen: 15339K->192K(16384K)] 27716K->12569K(49152K), 0.0004300 secs] [Times: user=0.00 sys=0.00, real=0.00 secs] 
103.370: Total time for which application threads were stopped: 0.0005730 seconds, Stopping threads took: 0.0000710 seconds
103.425: Application time: 0.0552080 seconds
103.425: [GC [PSYoungGen: 15551K->544K(16384K)] 27928K->13037K(49152K), 0.0004170 secs] [Times: user=0.00 sys=0.00, real=0.00 secs] 
103.425: Total time for which application threads were stopped: 0.0005150 seconds, Stopping threads took: 0.0000370 seconds
103.468: Application time: 0.0423580 seconds
103.468: [GC [PSYoungGen: 15900K->928K(16384K)] 28393K->13597K(49152K), 0.0005820 secs] [Times: user=0.00 sys=0.00, real=0.00 secs] 
103.468: Total time for which application threads were stopped: 0.0007220 seconds, Stopping threads took: 0.0000660 seconds
103.523: Application time: 0.0547970 seconds
103.523: [GC [PSYoungGen: 16285K->672K(16384K)] 28955K->13782K(49152K), 0.0005630 secs] [Times: user=0.00 sys=0.00, real=0.01 secs] 
103.524: Total time for which application threads were stopped: 0.0006750 seconds, Stopping threads took: 0.0000490 seconds
103.574: Application time: 0.0498520 seconds
103.574: [GC [PSYoungGen: 16027K->544K(16896K)] 29138K->13867K(49664K), 0.0004720 secs] [Times: user=0.00 sys=0.00, real=0.00 secs] 
103.574: Total time for which application threads were stopped: 0.0005840 seconds, Stopping threads took: 0.0000510 seconds
103.639: Application time: 0.0650870 seconds
103.639: [GC [PSYoungGen: 15903K->352K(15872K)] 29227K->13928K(48640K), 0.0004320 secs] [Times: user=0.00 sys=0.00, real=0.00 secs] 
103.640: Total time for which application threads were stopped: 0.0005580 seconds, Stopping threads took: 0.0000590 seconds
103.692: Application time: 0.0525250 seconds
103.693: [GC [PSYoungGen: 15710K->416K(16384K)] 29286K->14212K(49152K), 0.0004320 secs] [Times: user=0.00 sys=0.00, real=0.00 secs] 
103.693: Total time for which application threads were stopped: 0.0005490 seconds, Stopping threads took: 0.0000550 seconds
103.753: Application time: 0.0596070 seconds
103.753: [GC [PSYoungGen: 15773K->592K(16384K)] 29570K->14404K(49152K), 0.0004580 secs] [Times: user=0.01 sys=0.00, real=0.00 secs] 
103.753: Total time for which application threads were stopped: 0.0005730 seconds, Stopping threads took: 0.0000540 seconds
103.818: Application time: 0.0651840 seconds
103.818: [GC [PSYoungGen: 15948K->416K(16384K)] 29761K->14268K(49152K), 0.0004810 secs] [Times: user=0.00 sys=0.00, real=0.00 secs] 
103.819: Total time for which application threads were stopped: 0.0006080 seconds, Stopping threads took: 0.0000670 seconds
103.883: Application time: 0.0635420 seconds
103.883: [GC [PSYoungGen: 15774K->544K(16384K)] 29627K->14805K(49152K), 0.0004760 secs] [Times: user=0.01 sys=0.00, real=0.00 secs] 
103.883: Total time for which application threads were stopped: 0.0006020 seconds, Stopping threads took: 0.0000700 seconds
103.950: Application time: 0.0665540 seconds
103.950: [GC [PSYoungGen: 15900K->352K(16384K)] 30162K->15034K(49152K), 0.0004270 secs] [Times: user=0.00 sys=0.00, real=0.00 secs] 
103.950: Total time for which application threads were stopped: 0.0005510 seconds, Stopping threads took: 0.0000590 seconds
104.018: Application time: 0.0681750 seconds
104.019: [GC [PSYoungGen: 15709K->352K(16384K)] 30391K->15042K(49152K), 0.0003800 secs] [Times: user=0.00 sys=0.00, real=0.00 secs] 
104.019: Total time for which application threads were stopped: 0.0005110 seconds, Stopping threads took: 0.0000600 seconds
104.087: Application time: 0.0677020 seconds
104.088: [GC [PSYoungGen: 15710K->192K(16384K)] 30400K->15110K(49152K), 0.0004740 secs] [Times: user=0.00 sys=0.00, real=0.00 secs] 
104.088: Total time for which application threads were stopped: 0.0017490 seconds, Stopping threads took: 0.0012150 seconds
104.155: Application time: 0.0666900 seconds
104.155: [GC [PSYoungGen: 15550K->352K(16384K)] 30469K->15286K(49152K), 0.0003900 secs] [Times: user=0.00 sys=0.00, real=0.00 secs] 
104.156: Total time for which application threads were stopped: 0.0005180 seconds, Stopping threads took: 0.0000600 seconds
104.215: Application time: 0.0596450 seconds
104.215: [GC [PSYoungGen: 15708K->352K(16384K)] 30643K->15491K(49152K), 0.0004280 secs] [Times: user=0.00 sys=0.00, real=0.00 secs] 
104.216: Total time for which application threads were stopped: 0.0005560 seconds, Stopping threads took: 0.0000620 seconds
104.273: Application time: 0.0576620 seconds
104.274: [GC [PSYoungGen: 15711K->352K(16384K)] 30851K->15499K(49152K), 0.0003960 secs] [Times: user=0.00 sys=0.00, real=0.00 secs] 
104.274: Total time for which application threads were stopped: 0.0005330 seconds, Stopping threads took: 0.0000740 seconds
104.340: Application time: 0.0663710 seconds
104.344: [GC [PSYoungGen: 15711K->352K(16384K)] 30858K->15523K(49152K), 0.0003880 secs] [Times: user=0.00 sys=0.00, real=0.00 secs] 
104.344: Total time for which application threads were stopped: 0.0038920 seconds, Stopping threads took: 0.0034440 seconds
104.412: Application time: 0.0676920 seconds
104.412: [GC [PSYoungGen: 15709K->0K(16384K)] 30881K->15399K(49152K), 0.0003840 secs] [Times: user=0.01 sys=0.00, real=0.00 secs] 
104.412: Total time for which application threads were stopped: 0.0005220 seconds, Stopping threads took: 0.0000760 seconds
104.471: Application time: 0.0580500 seconds
104.471: [GC [PSYoungGen: 15358K->352K(16384K)] 30758K->15751K(49152K), 0.0003970 secs] [Times: user=0.00 sys=0.00, real=0.00 secs] 
104.471: Total time for which application threads were stopped: 0.0005120 seconds, Stopping threads took: 0.0000540 seconds
104.529: Application time: 0.0579030 seconds
104.529: [GC [PSYoungGen: 15711K->352K(16384K)] 31111K->15775K(49152K), 0.0004210 secs] [Times: user=0.00 sys=0.00, real=0.00 secs] 
104.529: Total time for which application threads were stopped: 0.0005400 seconds, Stopping threads took: 0.0000460 seconds
104.596: Application time: 0.0662200 seconds
104.596: [GC [PSYoungGen: 15708K->352K(16384K)] 31132K->15799K(49152K), 0.0003720 secs] [Times: user=0.00 sys=0.00, real=0.00 secs] 
104.596: Total time for which application threads were stopped: 0.0005000 seconds, Stopping threads took: 0.0000690 seconds
104.662: Application time: 0.0653060 seconds
104.662: [GC [PSYoungGen: 15709K->384K(16384K)] 31157K->16052K(49152K), 0.0004190 secs] [Times: user=0.00 sys=0.00, real=0.00 secs] 
104.662: Total time for which application threads were stopped: 0.0005420 seconds, Stopping threads took: 0.0000580 seconds
104.721: Application time: 0.0591440 seconds
104.721: [GC [PSYoungGen: 15740K->384K(16384K)] 31409K->16300K(49152K), 0.0004130 secs] [Times: user=0.00 sys=0.00, real=0.00 secs] 
104.722: Total time for which application threads were stopped: 0.0005440 seconds, Stopping threads took: 0.0000680 seconds
104.778: Application time: 0.0563280 seconds
104.778: [GC [PSYoungGen: 15743K->256K(16384K)] 31660K->16180K(49152K), 0.0004510 secs] [Times: user=0.00 sys=0.00, real=0.00 secs] 
104.779: Total time for which application threads were stopped: 0.0005820 seconds, Stopping threads took: 0.0000630 seconds
104.845: Application time: 0.0658950 seconds
104.845: [GC [PSYoungGen: 15615K->384K(16384K)] 31540K->16332K(49152K), 0.0003840 secs] [Times: user=0.00 sys=0.00, real=0.00 secs] 
104.845: Total time for which application threads were stopped: 0.0004970 seconds, Stopping threads took: 0.0000490 seconds
104.911: Application time: 0.0655580 seconds
104.911: [GC [PSYoungGen: 15743K->352K(16384K)] 31692K->16540K(49152K), 0.0004980 secs] [Times: user=0.00 sys=0.00, real=0.00 secs] 
104.911: Total time for which application threads were stopped: 0.0006310 seconds, Stopping threads took: 0.0000670 seconds
104.979: Application time: 0.0677380 seconds
104.979: [GC [PSYoungGen: 15709K->0K(16384K)] 31898K->16444K(49152K), 0.0004020 secs] [Times: user=0.00 sys=0.00, real=0.00 secs] 
104.980: Total time for which application threads were stopped: 0.0005150 seconds, Stopping threads took: 0.0000560 seconds
105.042: Application time: 0.0627280 seconds
105.042: [GC [PSYoungGen: 15359K->352K(16384K)] 31804K->16796K(49152K), 0.0004000 secs] [Times: user=0.00 sys=0.00, real=0.00 secs] 
105.043: Total time for which application threads were stopped: 0.0005310 seconds, Stopping threads took: 0.0000520 seconds
105.095: Application time: 0.0524280 seconds
105.095: [GC [PSYoungGen: 15709K->320K(16384K)] 32154K->16828K(49152K), 0.0004330 secs] [Times: user=0.00 sys=0.00, real=0.00 secs] 
105.096: Total time for which application threads were stopped: 0.0005590 seconds, Stopping threads took: 0.0000620 seconds
105.145: Application time: 0.0488750 seconds
105.145: [GC [PSYoungGen: 15677K->800K(16384K)] 32186K->17316K(49152K), 0.0004600 secs] [Times: user=0.00 sys=0.00, real=0.00 secs] 
105.145: Total time for which application threads were stopped: 0.0005830 seconds, Stopping threads took: 0.0000600 seconds
105.195: Application time: 0.0493310 seconds
105.195: [GC [PSYoungGen: 16156K->576K(16384K)] 32673K->17533K(49152K), 0.0004740 secs] [Times: user=0.01 sys=0.00, real=0.00 secs] 
105.195: Total time for which application threads were stopped: 0.0005970 seconds, Stopping threads took: 0.0000640 seconds
105.250: Application time: 0.0544860 seconds
105.250: [GC [PSYoungGen: 15933K->832K(16384K)] 32891K->17845K(49152K), 0.0004790 secs] [Times: user=0.00 sys=0.00, real=0.00 secs] 
105.250: Total time for which application threads were stopped: 0.0005910 seconds, Stopping threads took: 0.0000520 seconds
105.300: Application time: 0.0501130 seconds
105.300: [GC [PSYoungGen: 16190K->640K(16384K)] 33204K->17874K(49152K), 0.0004640 secs] [Times: user=0.01 sys=0.00, real=0.00 secs] 
105.301: Total time for which application threads were stopped: 0.0005870 seconds, Stopping threads took: 0.0000580 seconds
105.366: Application time: 0.0654810 seconds
105.367: [GC [PSYoungGen: 15997K->384K(16384K)] 33231K->17879K(49152K), 0.0004170 secs] [Times: user=0.00 sys=0.00, real=0.00 secs] 
105.367: Total time for which application threads were stopped: 0.0005250 seconds, Stopping threads took: 0.0000440 seconds
105.417: Application time: 0.0498270 seconds
105.417: [GC [PSYoungGen: 15742K->416K(16384K)] 33237K->18131K(49152K), 0.0004510 secs] [Times: user=0.00 sys=0.00, real=0.00 secs] 
105.417: Total time for which application threads were stopped: 0.0005850 seconds, Stopping threads took: 0.0000690 seconds
105.479: Application time: 0.0615570 seconds
105.479: [GC [PSYoungGen: 15773K->544K(16384K)] 33489K->18267K(49152K), 0.0004200 secs] [Times: user=0.00 sys=0.00, real=0.00 secs] 
105.479: Total time for which application threads were stopped: 0.0005380 seconds, Stopping threads took: 0.0000510 seconds
105.545: Application time: 0.0651380 seconds
105.545: [GC [PSYoungGen: 15900K->576K(16384K)] 33624K->18552K(49152K), 0.0005070 secs] [Times: user=0.01 sys=0.00, real=0.00 secs] 
105.545: Total time for which application threads were stopped: 0.0006460 seconds, Stopping threads took: 0.0000690 seconds
105.611: Application time: 0.0656770 seconds
105.611: [GC [PSYoungGen: 15932K->320K(16384K)] 33909K->18713K(49152K), 0.0004960 secs] [Times: user=0.00 sys=0.00, real=0.01 secs] 
105.613: Total time for which application threads were stopped: 0.0017040 seconds, Stopping threads took: 0.0000550 seconds
105.678: Application time: 0.0655700 seconds
105.680: [GC [PSYoungGen: 15679K->352K(16384K)] 34072K->18961K(49152K), 0.0004820 secs] [Times: user=0.00 sys=0.00, real=0.00 secs] 
105.680: Total time for which application threads were stopped: 0.0022250 seconds, Stopping threads took: 0.0016790 seconds
105.749: Application time: 0.0687430 seconds
105.749: [GC [PSYoungGen: 15707K->0K(16384K)] 34316K->18821K(49152K), 0.0003910 secs] [Times: user=0.00 sys=0.00, real=0.00 secs] 
105.750: Total time for which application threads were stopped: 0.0005130 seconds, Stopping threads took: 0.0000630 seconds
105.817: Application time: 0.0675450 seconds
105.817: [GC [PSYoungGen: 15359K->352K(16384K)] 34181K->19173K(49152K), 0.0004050 secs] [Times: user=0.00 sys=0.00, real=0.00 secs] 
105.818: Total time for which application threads were stopped: 0.0005460 seconds, Stopping threads took: 0.0000810 seconds
105.885: Application time: 0.0669620 seconds
105.885: [GC [PSYoungGen: 15708K->288K(16384K)] 34530K->19117K(49152K), 0.0004640 secs] [Times: user=0.00 sys=0.00, real=0.00 secs] 
105.885: Total time for which application threads were stopped: 0.0005890 seconds, Stopping threads took: 0.0000660 seconds
105.940: Application time: 0.0545450 seconds
105.940: [GC [PSYoungGen: 15646K->384K(16384K)] 34475K->19434K(49152K), 0.0004130 secs] [Times: user=0.00 sys=0.00, real=0.00 secs] 
105.940: Total time for which application threads were stopped: 0.0005180 seconds, Stopping threads took: 0.0000430 seconds
106.002: Application time: 0.0612000 seconds
106.002: [GC [PSYoungGen: 15739K->352K(16384K)] 34790K->19426K(49152K), 0.0004070 secs] [Times: user=0.00 sys=0.00, real=0.00 secs] 
106.002: Total time for which application threads were stopped: 0.0005310 seconds, Stopping threads took: 0.0000580 seconds
106.069: Application time: 0.0666990 seconds
106.069: [GC [PSYoungGen: 15711K->288K(16384K)] 34785K->19386K(49152K), 0.0004330 secs] [Times: user=0.00 sys=0.00, real=0.00 secs] 
106.069: Total time for which application threads were stopped: 0.0005610 seconds, Stopping threads took: 0.0000550 seconds
106.137: Application time: 0.0675790 seconds
106.137: [GC [PSYoungGen: 15645K->0K(16384K)] 34743K->19430K(49152K), 0.0004230 secs] [Times: user=0.00 sys=0.00, real=0.00 secs] 
106.138: Total time for which application threads were stopped: 0.0005510 seconds, Stopping threads took: 0.0000660 seconds
106.192: Application time: 0.0548550 seconds
106.192: [GC [PSYoungGen: 15358K->320K(16384K)] 34788K->19750K(49152K), 0.0004060 secs] [Times: user=0.00 sys=0.00, real=0.00 secs] 
106.193: Total time for which application threads were stopped: 0.0005250 seconds, Stopping threads took: 0.0000550 seconds
106.254: Application time: 0.0606910 seconds
106.254: [GC [PSYoungGen: 15679K->352K(16384K)] 35110K->19790K(49152K), 0.0004160 secs] [Times: user=0.00 sys=0.00, real=0.00 secs] 
106.254: Total time for which application threads were stopped: 0.0005460 seconds, Stopping threads took: 0.0000700 seconds
106.320: Application time: 0.0663360 seconds
106.321: [GC [PSYoungGen: 15711K->352K(16384K)] 35150K->19798K(49152K), 0.0003960 secs] [Times: user=0.00 sys=0.00, real=0.00 secs] 
106.321: Total time for which application threads were stopped: 0.0005040 seconds, Stopping threads took: 0.0000490 seconds
106.386: Application time: 0.0653950 seconds
106.386: [GC [PSYoungGen: 15711K->352K(16384K)] 35158K->20019K(49152K), 0.0004380 secs] [Times: user=0.00 sys=0.00, real=0.00 secs] 
106.387: Total time for which application threads were stopped: 0.0005480 seconds, Stopping threads took: 0.0000480 seconds
106.442: Application time: 0.0546770 seconds
106.442: [GC [PSYoungGen: 15708K->288K(16384K)] 35375K->20192K(49152K), 0.0004900 secs] [Times: user=0.00 sys=0.00, real=0.00 secs] 
106.442: Total time for which application threads were stopped: 0.0006150 seconds, Stopping threads took: 0.0000670 seconds
106.503: Application time: 0.0606360 seconds
106.503: [GC [PSYoungGen: 15643K->352K(16384K)] 35547K->20272K(49152K), 0.0004060 secs] [Times: user=0.00 sys=0.00, real=0.00 secs] 
106.503: Total time for which application threads were stopped: 0.0005180 seconds, Stopping threads took: 0.0000520 seconds
106.569: Application time: 0.0658240 seconds
106.569: [GC [PSYoungGen: 15709K->384K(16384K)] 35629K->20328K(49152K), 0.0004190 secs] [Times: user=0.00 sys=0.00, real=0.00 secs] 
106.570: Total time for which application threads were stopped: 0.0005470 seconds, Stopping threads took: 0.0000650 seconds
106.635: Application time: 0.0653950 seconds
106.635: [GC [PSYoungGen: 15743K->352K(16384K)] 35687K->20536K(49152K), 0.0004600 secs] [Times: user=0.01 sys=0.00, real=0.00 secs] 
106.636: Total time for which application threads were stopped: 0.0005820 seconds, Stopping threads took: 0.0000570 seconds
106.703: Application time: 0.0675190 seconds
106.703: [GC [PSYoungGen: 15709K->0K(16384K)] 35893K->20440K(49152K), 0.0004100 secs] [Times: user=0.00 sys=0.00, real=0.01 secs] 
106.704: Total time for which application threads were stopped: 0.0005370 seconds, Stopping threads took: 0.0000660 seconds
106.760: Application time: 0.0565030 seconds
106.760: [GC [PSYoungGen: 15356K->384K(16384K)] 35796K->20824K(49152K), 0.0004270 secs] [Times: user=0.00 sys=0.00, real=0.00 secs] 
106.761: Total time for which application threads were stopped: 0.0005500 seconds, Stopping threads took: 0.0000630 seconds
106.819: Application time: 0.0582400 seconds
106.819: [GC [PSYoungGen: 15741K->256K(16384K)] 36182K->20744K(49152K), 0.0004760 secs] [Times: user=0.00 sys=0.00, real=0.00 secs] 
106.820: Total time for which application threads were stopped: 0.0006060 seconds, Stopping threads took: 0.0000670 seconds
106.865: Application time: 0.0453620 seconds
106.865: [GC [PSYoungGen: 15614K->608K(16384K)] 36103K->21104K(49152K), 0.0004580 secs] [Times: user=0.00 sys=0.00, real=0.00 secs] 
106.866: Total time for which application threads were stopped: 0.0005760 seconds, Stopping threads took: 0.0000540 seconds
106.916: Application time: 0.0507090 seconds
106.916: [GC [PSYoungGen: 15964K->576K(16384K)] 36461K->21521K(49152K), 0.0005320 secs] [Times: user=0.00 sys=0.00, real=0.00 secs] 
106.917: Total time for which application threads were stopped: 0.0006550 seconds, Stopping threads took: 0.0000540 seconds
106.967: Application time: 0.0502380 seconds
106.967: [GC [PSYoungGen: 15934K->736K(16384K)] 36880K->21737K(49152K), 0.0004920 secs] [Times: user=0.00 sys=0.00, real=0.00 secs] 
106.968: Total time for which application threads were stopped: 0.0006220 seconds, Stopping threads took: 0.0000670 seconds
107.024: Application time: 0.0563870 seconds
107.028: [GC [PSYoungGen: 16095K->544K(16384K)] 37097K->21765K(49152K), 0.0004860 secs] [Times: user=0.00 sys=0.00, real=0.00 secs] 
107.028: Total time for which application threads were stopped: 0.0040830 seconds, Stopping threads took: 0.0035340 seconds
107.094: Application time: 0.0656320 seconds
107.094: [GC [PSYoungGen: 15900K->320K(16384K)] 37122K->21786K(49152K), 0.0004680 secs] [Times: user=0.00 sys=0.00, real=0.00 secs] 
107.095: Total time for which application threads were stopped: 0.0005960 seconds, Stopping threads took: 0.0000670 seconds
107.145: Application time: 0.0500740 seconds
107.145: [GC [PSYoungGen: 15677K->352K(16384K)] 37144K->22039K(49152K), 0.0004140 secs] [Times: user=0.00 sys=0.00, real=0.00 secs] 
107.145: Total time for which application threads were stopped: 0.0005390 seconds, Stopping threads took: 0.0000530 seconds
107.206: Application time: 0.0611850 seconds
107.206: [GC [PSYoungGen: 15711K->512K(16384K)] 37398K->22207K(49152K), 0.0004990 secs] [Times: user=0.00 sys=0.00, real=0.00 secs] 
107.207: Total time for which application threads were stopped: 0.0006140 seconds, Stopping threads took: 0.0000520 seconds
107.272: Application time: 0.0652280 seconds
107.272: [GC [PSYoungGen: 15868K->544K(16384K)] 37563K->22491K(49152K), 0.0004870 secs] [Times: user=0.01 sys=0.00, real=0.00 secs] 
107.273: Total time for which application threads were stopped: 0.0006140 seconds, Stopping threads took: 0.0000610 seconds
107.338: Application time: 0.0653400 seconds
107.338: [GC [PSYoungGen: 15900K->288K(16384K)] 37848K->22648K(49152K), 0.0005180 secs] [Times: user=0.01 sys=0.00, real=0.00 secs] 
107.339: Total time for which application threads were stopped: 0.0006230 seconds, Stopping threads took: 0.0000400 seconds
107.405: Application time: 0.0657430 seconds
107.405: [GC [PSYoungGen: 15647K->384K(16384K)] 38007K->22964K(49152K), 0.0004260 secs] [Times: user=0.00 sys=0.00, real=0.00 secs] 
107.405: Total time for which application threads were stopped: 0.0005560 seconds, Stopping threads took: 0.0000660 seconds
107.473: Application time: 0.0678420 seconds
107.473: [GC [PSYoungGen: 15741K->0K(16384K)] 38322K->22788K(49152K), 0.0004600 secs] [Times: user=0.00 sys=0.00, real=0.00 secs] 
107.474: Total time for which application threads were stopped: 0.0005770 seconds, Stopping threads took: 0.0000520 seconds
107.540: Application time: 0.0662040 seconds
107.540: [GC [PSYoungGen: 15356K->320K(16384K)] 38145K->23108K(49152K), 0.0004090 secs] [Times: user=0.00 sys=0.00, real=0.00 secs] 
107.540: Total time for which application threads were stopped: 0.0005290 seconds, Stopping threads took: 0.0000550 seconds
107.608: Application time: 0.0676660 seconds
107.608: [GC [PSYoungGen: 15677K->0K(16384K)] 38466K->23012K(49152K), 0.0003960 secs] [Times: user=0.00 sys=0.00, real=0.00 secs] 
107.608: Total time for which application threads were stopped: 0.0005200 seconds, Stopping threads took: 0.0000560 seconds
107.660: Application time: 0.0519730 seconds
107.661: [GC [PSYoungGen: 15359K->416K(16384K)] 38372K->23428K(49152K), 0.0004310 secs] [Times: user=0.00 sys=0.00, real=0.00 secs] 
107.661: Total time for which application threads were stopped: 0.0005850 seconds, Stopping threads took: 0.0000870 seconds
107.725: Application time: 0.0635850 seconds
107.725: [GC [PSYoungGen: 15773K->352K(16384K)] 38786K->23388K(49152K), 0.0004280 secs] [Times: user=0.00 sys=0.00, real=0.00 secs] 
107.725: Total time for which application threads were stopped: 0.0005450 seconds, Stopping threads took: 0.0000510 seconds
107.792: Application time: 0.0667480 seconds
107.792: [GC [PSYoungGen: 15711K->256K(16384K)] 38748K->23308K(49152K), 0.0004280 secs] [Times: user=0.00 sys=0.00, real=0.00 secs] 
107.792: Total time for which application threads were stopped: 0.0005630 seconds, Stopping threads took: 0.0000740 seconds
107.860: Application time: 0.0676610 seconds
107.860: [GC [PSYoungGen: 15613K->0K(16384K)] 38666K->23273K(49152K), 0.0004070 secs] [Times: user=0.00 sys=0.00, real=0.00 secs] 
107.861: Total time for which application threads were stopped: 0.0005520 seconds, Stopping threads took: 0.0000780 seconds
107.911: Application time: 0.0499130 seconds
107.911: [GC [PSYoungGen: 15356K->384K(16384K)] 38629K->23657K(49152K), 0.0004000 secs] [Times: user=0.00 sys=0.00, real=0.00 secs] 
107.911: Total time for which application threads were stopped: 0.0005310 seconds, Stopping threads took: 0.0000670 seconds
107.976: Application time: 0.0649860 seconds
107.976: [GC [PSYoungGen: 15741K->352K(16384K)] 39014K->23633K(49152K), 0.0003960 secs] [Times: user=0.00 sys=0.00, real=0.00 secs] 
107.977: Total time for which application threads were stopped: 0.0005220 seconds, Stopping threads took: 0.0000590 seconds
108.042: Application time: 0.0655820 seconds
108.042: [GC [PSYoungGen: 15662K->416K(16384K)] 38943K->23713K(49152K), 0.0004300 secs] [Times: user=0.00 sys=0.00, real=0.00 secs] 
108.043: Total time for which application threads were stopped: 0.0005520 seconds, Stopping threads took: 0.0000620 seconds
108.109: Application time: 0.0660440 seconds
108.109: [GC [PSYoungGen: 15772K->352K(16384K)] 39069K->23901K(49152K), 0.0004770 secs] [Times: user=0.00 sys=0.00, real=0.00 secs] 
108.109: Total time for which application threads were stopped: 0.0005860 seconds, Stopping threads took: 0.0000510 seconds
108.161: Application time: 0.0519560 seconds
108.162: [GC [PSYoungGen: 15710K->384K(16384K)] 39259K->24162K(49152K), 0.0004350 secs] [Times: user=0.00 sys=0.00, real=0.00 secs] 
108.162: Total time for which application threads were stopped: 0.0005780 seconds, Stopping threads took: 0.0000740 seconds
108.225: Application time: 0.0629140 seconds
108.225: [GC [PSYoungGen: 15740K->352K(16384K)] 39519K->24146K(49152K), 0.0003940 secs] [Times: user=0.00 sys=0.00, real=0.00 secs] 
108.225: Total time for which application threads were stopped: 0.0005320 seconds, Stopping threads took: 0.0000760 seconds
108.291: Application time: 0.0651960 seconds
108.291: [GC [PSYoungGen: 15711K->512K(16384K)] 39506K->24322K(49152K), 0.0004780 secs] [Times: user=0.00 sys=0.00, real=0.00 secs] 
108.291: Total time for which application threads were stopped: 0.0005900 seconds, Stopping threads took: 0.0000500 seconds
108.358: Application time: 0.0663740 seconds
108.358: [GC [PSYoungGen: 15872K->352K(16384K)] 39682K->24554K(49152K), 0.0004760 secs] [Times: user=0.00 sys=0.00, real=0.00 secs] 
108.358: Total time for which application threads were stopped: 0.0006160 seconds, Stopping threads took: 0.0000730 seconds
108.426: Application time: 0.0680390 seconds
108.426: [GC [PSYoungGen: 15709K->0K(16384K)] 39912K->24463K(49152K), 0.0004130 secs] [Times: user=0.00 sys=0.00, real=0.00 secs] 
108.427: Total time for which application threads were stopped: 0.0005420 seconds, Stopping threads took: 0.0000640 seconds
108.479: Application time: 0.0526870 seconds
108.480: [GC [PSYoungGen: 15356K->384K(16384K)] 39819K->24847K(49152K), 0.0005020 secs] [Times: user=0.00 sys=0.00, real=0.00 secs] 
108.480: Total time for which application threads were stopped: 0.0006340 seconds, Stopping threads took: 0.0000590 seconds
108.541: Application time: 0.0607130 seconds
108.541: [GC [PSYoungGen: 15739K->512K(16384K)] 40202K->25031K(49152K), 0.0004210 secs] [Times: user=0.00 sys=0.00, real=0.00 secs] 
108.541: Total time for which application threads were stopped: 0.0005360 seconds, Stopping threads took: 0.0000570 seconds
108.588: Application time: 0.0468410 seconds
108.588: [GC [PSYoungGen: 15867K->736K(16384K)] 40386K->25271K(49152K), 0.0004760 secs] [Times: user=0.00 sys=0.00, real=0.00 secs] 
108.589: Total time for which application threads were stopped: 0.0005940 seconds, Stopping threads took: 0.0000580 seconds
108.636: Application time: 0.0472210 seconds
108.636: [GC [PSYoungGen: 16092K->320K(16384K)] 40627K->25496K(49152K), 0.0005780 secs] [Times: user=0.00 sys=0.00, real=0.00 secs] 
108.637: Total time for which application threads were stopped: 0.0006940 seconds, Stopping threads took: 0.0000560 seconds
108.687: Application time: 0.0501760 seconds
108.687: [GC [PSYoungGen: 15679K->480K(16384K)] 40856K->25904K(49152K), 0.0005160 secs] [Times: user=0.00 sys=0.00, real=0.00 secs] 
108.688: Total time for which application threads were stopped: 0.0006440 seconds, Stopping threads took: 0.0000470 seconds
108.750: Application time: 0.0620280 seconds
108.750: [GC [PSYoungGen: 15839K->512K(16384K)] 41263K->26140K(49152K), 0.0005290 secs] [Times: user=0.00 sys=0.00, real=0.00 secs] 
108.750: Total time for which application threads were stopped: 0.0006330 seconds, Stopping threads took: 0.0000490 seconds
108.814: Application time: 0.0634870 seconds
108.814: [GC [PSYoungGen: 15870K->512K(16384K)] 41499K->26397K(49152K), 0.0004650 secs] [Times: user=0.00 sys=0.00, real=0.00 secs] 
108.814: Total time for which application threads were stopped: 0.0005900 seconds, Stopping threads took: 0.0000640 seconds
108.863: Application time: 0.0489220 seconds
108.863: [GC [PSYoungGen: 15871K->416K(16384K)] 41755K->26529K(49152K), 0.0004380 secs] [Times: user=0.00 sys=0.00, real=0.00 secs] 
108.864: Total time for which application threads were stopped: 0.0005740 seconds, Stopping threads took: 0.0000670 seconds
108.927: Application time: 0.0634190 seconds
108.927: [GC [PSYoungGen: 15771K->544K(16384K)] 41885K->26721K(49152K), 0.0004430 secs] [Times: user=0.00 sys=0.00, real=0.00 secs] 
108.928: Total time for which application threads were stopped: 0.0005580 seconds, Stopping threads took: 0.0000510 seconds
108.993: Application time: 0.0649900 seconds
108.993: [GC [PSYoungGen: 15900K->384K(16384K)] 42077K->26978K(49152K), 0.0004590 secs] [Times: user=0.00 sys=0.00, real=0.00 secs] 
108.993: Total time for which application threads were stopped: 0.0005880 seconds, Stopping threads took: 0.0000700 seconds
109.059: Application time: 0.0655910 seconds
109.059: [GC [PSYoungGen: 15740K->512K(16384K)] 42335K->27322K(49152K), 0.0004520 secs] [Times: user=0.01 sys=0.00, real=0.00 secs] 
109.060: Total time for which application threads were stopped: 0.0005710 seconds, Stopping threads took: 0.0000590 seconds
109.125: Application time: 0.0659070 seconds
109.126: [GC [PSYoungGen: 15868K->384K(16384K)] 42679K->27410K(49152K), 0.0004520 secs] [Times: user=0.01 sys=0.00, real=0.00 secs] 
109.126: Total time for which application threads were stopped: 0.0006020 seconds, Stopping threads took: 0.0000830 seconds
109.194: Application time: 0.0677500 seconds
109.194: [GC [PSYoungGen: 15741K->0K(16384K)] 42768K->27247K(49152K), 0.0003860 secs] [Times: user=0.00 sys=0.00, real=0.00 secs] 
109.194: Total time for which application threads were stopped: 0.0005320 seconds, Stopping threads took: 0.0000690 seconds
109.261: Application time: 0.0661990 seconds
109.261: [GC [PSYoungGen: 15356K->320K(16384K)] 42603K->27567K(49152K), 0.0004240 secs] [Times: user=0.00 sys=0.00, real=0.00 secs] 
109.261: Total time for which application threads were stopped: 0.0005360 seconds, Stopping threads took: 0.0000520 seconds
109.329: Application time: 0.0677750 seconds
109.329: [GC [PSYoungGen: 15677K->0K(16384K)] 42924K->27467K(49152K), 0.0004130 secs] [Times: user=0.00 sys=0.00, real=0.00 secs] 
109.329: Total time for which application threads were stopped: 0.0005410 seconds, Stopping threads took: 0.0000650 seconds
109.381: Application time: 0.0516140 seconds
109.381: [GC [PSYoungGen: 15358K->384K(16384K)] 42825K->27851K(49152K), 0.0004070 secs] [Times: user=0.01 sys=0.00, real=0.00 secs] 
109.382: Total time for which application threads were stopped: 0.0005330 seconds, Stopping threads took: 0.0000610 seconds
109.446: Application time: 0.0642730 seconds
109.446: [GC [PSYoungGen: 15740K->480K(16384K)] 43208K->27963K(49152K), 0.0004130 secs] [Times: user=0.00 sys=0.00, real=0.00 secs] 
109.446: Total time for which application threads were stopped: 0.0005540 seconds, Stopping threads took: 0.0000820 seconds
109.513: Application time: 0.0669630 seconds
109.513: [GC [PSYoungGen: 15839K->288K(16384K)] 43323K->27795K(49152K), 0.0004100 secs] [Times: user=0.00 sys=0.00, real=0.00 secs] 
109.514: Total time for which application threads were stopped: 0.0005320 seconds, Stopping threads took: 0.0000600 seconds
109.578: Application time: 0.0641890 seconds
109.578: [GC [PSYoungGen: 15647K->352K(16384K)] 43155K->28080K(49152K), 0.0004440 secs] [Times: user=0.00 sys=0.00, real=0.00 secs] 
109.579: Total time for which application threads were stopped: 0.0005700 seconds, Stopping threads took: 0.0000630 seconds
109.630: Application time: 0.0515270 seconds
109.630: [GC [PSYoungGen: 15708K->384K(16384K)] 43436K->28128K(49152K), 0.0004430 secs] [Times: user=0.00 sys=0.00, real=0.00 secs] 
109.631: Total time for which application threads were stopped: 0.0005610 seconds, Stopping threads took: 0.0000570 seconds
109.697: Application time: 0.0662690 seconds
109.697: [GC [PSYoungGen: 15743K->352K(16384K)] 43487K->28112K(49152K), 0.0003900 secs] [Times: user=0.00 sys=0.00, real=0.00 secs] 
109.698: Total time for which application threads were stopped: 0.0005440 seconds, Stopping threads took: 0.0000770 seconds
109.765: Application time: 0.0670320 seconds
109.765: [GC [PSYoungGen: 15709K->0K(16384K)] 43469K->27980K(49152K), 0.0003870 secs] [Times: user=0.00 sys=0.00, real=0.00 secs] 
109.765: Total time for which application threads were stopped: 0.0005080 seconds, Stopping threads took: 0.0000620 seconds
109.827: Application time: 0.0623770 seconds
109.828: [GC [PSYoungGen: 15357K->544K(16384K)] 43338K->28524K(49152K), 0.0004860 secs] [Times: user=0.00 sys=0.00, real=0.00 secs] 
109.828: Total time for which application threads were stopped: 0.0006010 seconds, Stopping threads took: 0.0000560 seconds
109.879: Application time: 0.0506660 seconds
109.879: [GC [PSYoungGen: 15900K->352K(16384K)] 43881K->28577K(49152K), 0.0004210 secs] [Times: user=0.01 sys=0.00, real=0.00 secs] 
109.879: Total time for which application threads were stopped: 0.0005350 seconds, Stopping threads took: 0.0000550 seconds
109.945: Application time: 0.0654930 seconds
109.945: [GC [PSYoungGen: 15711K->368K(16384K)] 43937K->28609K(49152K), 0.0004190 secs] [Times: user=0.00 sys=0.00, real=0.00 secs] 
109.945: Total time for which application threads were stopped: 0.0005300 seconds, Stopping threads took: 0.0000520 seconds
110.011: Application time: 0.0655730 seconds
110.011: [GC [PSYoungGen: 15727K->416K(16384K)] 43969K->28902K(49152K), 0.0004540 secs] [Times: user=0.00 sys=0.00, real=0.00 secs] 
110.011: Total time for which application threads were stopped: 0.0005780 seconds, Stopping threads took: 0.0000630 seconds
110.080: Application time: 0.0686560 seconds
110.080: [GC [PSYoungGen: 15773K->0K(16384K)] 44259K->28738K(49152K), 0.0004280 secs] [Times: user=0.00 sys=0.00, real=0.00 secs] 
110.081: Total time for which application threads were stopped: 0.0005560 seconds, Stopping threads took: 0.0000620 seconds
110.148: Application time: 0.0675410 seconds
110.148: [GC [PSYoungGen: 15357K->0K(16384K)] 44096K->28738K(49152K), 0.0004180 secs] [Times: user=0.00 sys=0.00, real=0.00 secs] 
110.149: Total time for which application threads were stopped: 0.0005440 seconds, Stopping threads took: 0.0000610 seconds
110.199: Application time: 0.0506220 seconds
110.199: [GC [PSYoungGen: 15357K->384K(16384K)] 44095K->29122K(49152K), 0.0004440 secs] [Times: user=0.00 sys=0.00, real=0.00 secs] 
110.200: Total time for which application threads were stopped: 0.0005820 seconds, Stopping threads took: 0.0000630 seconds
110.254: Application time: 0.0538110 seconds
110.254: [GC [PSYoungGen: 15742K->768K(16384K)] 44481K->29570K(49152K), 0.0005130 secs] [Times: user=0.00 sys=0.00, real=0.00 secs] 
110.254: Total time for which application threads were stopped: 0.0006510 seconds, Stopping threads took: 0.0000810 seconds
110.305: Application time: 0.0510460 seconds
110.306: [GC [PSYoungGen: 16124K->800K(16384K)] 44927K->29650K(49152K), 0.0005720 secs] [Times: user=0.00 sys=0.00, real=0.00 secs] 
110.306: Total time for which application threads were stopped: 0.0006980 seconds, Stopping threads took: 0.0000630 seconds
110.357: Application time: 0.0508790 seconds
110.357: [GC [PSYoungGen: 16159K->608K(16384K)] 45010K->29871K(49152K), 0.0005250 secs] [Times: user=0.00 sys=0.00, real=0.00 secs] 
110.358: Total time for which application threads were stopped: 0.0006550 seconds, Stopping threads took: 0.0000670 seconds
110.407: Application time: 0.0493470 seconds
110.407: [GC [PSYoungGen: 15965K->576K(16384K)] 45229K->30083K(49152K), 0.0005410 secs] [Times: user=0.00 sys=0.00, real=0.00 secs] 
110.408: Total time for which application threads were stopped: 0.0006550 seconds, Stopping threads took: 0.0000490 seconds
110.471: Application time: 0.0633640 seconds
110.471: [GC [PSYoungGen: 15933K->400K(16384K)] 45441K->30136K(49152K), 0.0005090 secs] [Times: user=0.00 sys=0.00, real=0.00 secs] 
110.472: Total time for which application threads were stopped: 0.0006250 seconds, Stopping threads took: 0.0000510 seconds
110.530: Application time: 0.0583020 seconds
110.530: [GC [PSYoungGen: 15758K->512K(16384K)] 45494K->30304K(49152K), 0.0005010 secs] [Times: user=0.01 sys=0.00, real=0.00 secs] 
110.531: Total time for which application threads were stopped: 0.0006270 seconds, Stopping threads took: 0.0000600 seconds
110.585: Application time: 0.0543670 seconds
110.585: [GC [PSYoungGen: 15869K->256K(16384K)] 45661K->30252K(49152K), 0.0005100 secs] [Times: user=0.00 sys=0.00, real=0.00 secs] 
110.586: Total time for which application threads were stopped: 0.0006300 seconds, Stopping threads took: 0.0000560 seconds
110.649: Application time: 0.0634720 seconds
110.649: [GC [PSYoungGen: 15611K->640K(16384K)] 45608K->30685K(49152K), 0.0005770 secs] [Times: user=0.00 sys=0.00, real=0.00 secs] 
110.651: Total time for which application threads were stopped: 0.0017300 seconds, Stopping threads took: 0.0000480 seconds
110.716: Application time: 0.0652460 seconds
110.716: [GC [PSYoungGen: 15996K->352K(16384K)] 46041K->30813K(49152K), 0.0005750 secs] [Times: user=0.00 sys=0.00, real=0.00 secs] 
110.717: Total time for which application threads were stopped: 0.0008030 seconds, Stopping threads took: 0.0001530 seconds
110.783: Application time: 0.0661080 seconds
110.783: [GC [PSYoungGen: 15708K->416K(16384K)] 46169K->31097K(49152K), 0.0004370 secs] [Times: user=0.00 sys=0.00, real=0.00 secs] 
110.784: Total time for which application threads were stopped: 0.0006010 seconds, Stopping threads took: 0.0000990 seconds
110.850: Application time: 0.0659790 seconds
110.850: [GC [PSYoungGen: 15772K->384K(16384K)] 46454K->31286K(49152K), 0.0004430 secs] [Times: user=0.00 sys=0.00, real=0.00 secs] 
110.850: Total time for which application threads were stopped: 0.0005620 seconds, Stopping threads took: 0.0000470 seconds
110.918: Application time: 0.0678120 seconds
110.918: [GC [PSYoungGen: 15741K->0K(16384K)] 46643K->31134K(49152K), 0.0003900 secs] [Times: user=0.00 sys=0.00, real=0.00 secs] 
110.918: Total time for which application threads were stopped: 0.0005140 seconds, Stopping threads took: 0.0000640 seconds
110.985: Application time: 0.0660640 seconds
110.985: [GC [PSYoungGen: 15356K->448K(16384K)] 46491K->31582K(49152K), 0.0004640 secs] [Times: user=0.00 sys=0.00, real=0.00 secs] 
110.985: Total time for which application threads were stopped: 0.0005930 seconds, Stopping threads took: 0.0000680 seconds
111.051: Application time: 0.0663630 seconds
111.052: [GC [PSYoungGen: 15805K->320K(16384K)] 46939K->31674K(49152K), 0.0005450 secs] [Times: user=0.00 sys=0.00, real=0.01 secs] 
111.052: Total time for which application threads were stopped: 0.0006580 seconds, Stopping threads took: 0.0000470 seconds
111.102: Application time: 0.0498000 seconds
111.102: [GC [PSYoungGen: 15676K->384K(16384K)] 47031K->31754K(49152K), 0.0003930 secs] [Times: user=0.00 sys=0.00, real=0.00 secs] 
111.102: Total time for which application threads were stopped: 0.0005120 seconds, Stopping threads took: 0.0000570 seconds
111.169: Application time: 0.0663320 seconds
111.169: [GC [PSYoungGen: 15743K->288K(16384K)] 47114K->31674K(49152K), 0.0004530 secs] [Times: user=0.00 sys=0.00, real=0.00 secs] 
111.169: Total time for which application threads were stopped: 0.0005800 seconds, Stopping threads took: 0.0000650 seconds
111.237: Application time: 0.0676070 seconds
111.237: [GC [PSYoungGen: 15645K->0K(16384K)] 47032K->31730K(49152K), 0.0004230 secs] [Times: user=0.00 sys=0.00, real=0.00 secs] 
111.238: Total time for which application threads were stopped: 0.0005560 seconds, Stopping threads took: 0.0000600 seconds
111.293: Application time: 0.0559340 seconds
111.294: [GC [PSYoungGen: 15356K->352K(16384K)] 47086K->32082K(49152K), 0.0004960 secs] [Times: user=0.01 sys=0.00, real=0.00 secs] 
111.294: Total time for which application threads were stopped: 0.0006100 seconds, Stopping threads took: 0.0000480 seconds
111.354: Application time: 0.0595290 seconds
111.354: [GC [PSYoungGen: 15709K->352K(16384K)] 47440K->32098K(49152K), 0.0003900 secs] [Times: user=0.00 sys=0.00, real=0.00 secs] 
111.354: Total time for which application threads were stopped: 0.0005040 seconds, Stopping threads took: 0.0000570 seconds
111.420: Application time: 0.0662070 seconds
111.420: [GC [PSYoungGen: 15709K->352K(16384K)] 47455K->32122K(49152K), 0.0004410 secs] [Times: user=0.00 sys=0.00, real=0.00 secs] 
111.421: Total time for which application threads were stopped: 0.0005640 seconds, Stopping threads took: 0.0000560 seconds
111.486: Application time: 0.0654820 seconds
111.486: [GC [PSYoungGen: 15709K->288K(16384K)] 47480K->32279K(49152K), 0.0005200 secs] [Times: user=0.00 sys=0.00, real=0.00 secs] 
111.487: Total time for which application threads were stopped: 0.0006400 seconds, Stopping threads took: 0.0000520 seconds
111.550: Application time: 0.0625790 seconds
111.550: [GC [PSYoungGen: 15647K->320K(16384K)] 47638K->32559K(49152K), 0.0004980 secs] [Times: user=0.01 sys=0.00, real=0.00 secs] 
111.550: Total time for which application threads were stopped: 0.0006200 seconds, Stopping threads took: 0.0000540 seconds
111.604: Application time: 0.0534960 seconds
111.604: [GC [PSYoungGen: 15675K->352K(16384K)] 47914K->32599K(49152K), 0.0004210 secs] [Times: user=0.00 sys=0.00, real=0.00 secs] 
111.604: Total time for which application threads were stopped: 0.0005360 seconds, Stopping threads took: 0.0000490 seconds
111.670: Application time: 0.0654220 seconds
111.670: [GC [PSYoungGen: 15711K->352K(16384K)] 47959K->32615K(49152K), 0.0004110 secs] [Times: user=0.00 sys=0.00, real=0.00 secs] 
111.670: Total time for which application threads were stopped: 0.0005180 seconds, Stopping threads took: 0.0000480 seconds
111.735: Application time: 0.0652480 seconds
111.736: [GC [PSYoungGen: 15708K->384K(16384K)] 47972K->32899K(49152K), 0.0004570 secs] [Times: user=0.00 sys=0.01, real=0.00 secs] 
111.736: [Full GC [PSYoungGen: 384K->0K(16384K)] [ParOldGen: 32515K->4383K(32256K)] 32899K->4383K(48640K) [PSPermGen: 5544K->5544K(21504K)], 0.0055660 secs] [Times: user=0.02 sys=0.00, real=0.00 secs] 
111.742: Total time for which application threads were stopped: 0.0061850 seconds, Stopping threads took: 0.0000490 seconds
111.811: Application time: 0.0688710 seconds
111.811: [GC [PSYoungGen: 15357K->0K(16384K)] 19741K->4383K(48640K), 0.0003650 secs] [Times: user=0.00 sys=0.00, real=0.00 secs] 
111.811: Total time for which application threads were stopped: 0.0004880 seconds, Stopping threads took: 0.0000550 seconds
111.879: Application time: 0.0675690 seconds
111.879: [GC [PSYoungGen: 15357K->0K(16384K)] 19741K->4383K(48640K), 0.0003500 secs] [Times: user=0.01 sys=0.00, real=0.00 secs] 
111.879: Total time for which application threads were stopped: 0.0004440 seconds, Stopping threads took: 0.0000330 seconds
111.929: Application time: 0.0499050 seconds
111.929: [GC [PSYoungGen: 15357K->384K(16384K)] 19740K->4767K(48640K), 0.0003990 secs] [Times: user=0.01 sys=0.00, real=0.00 secs] 
111.929: Total time for which application threads were stopped: 0.0005320 seconds, Stopping threads took: 0.0000710 seconds
111.978: Application time: 0.0489470 seconds
111.979: [GC [PSYoungGen: 15742K->768K(16384K)] 20126K->5199K(48640K), 0.0004590 secs] [Times: user=0.00 sys=0.00, real=0.00 secs] 
111.979: Total time for which application threads were stopped: 0.0006080 seconds, Stopping threads took: 0.0000840 seconds
112.034: Application time: 0.0548700 seconds
112.034: [GC [PSYoungGen: 16124K->672K(16384K)] 20556K->5340K(48640K), 0.0005120 secs] [Times: user=0.00 sys=0.00, real=0.00 secs] 
112.035: Total time for which application threads were stopped: 0.0006370 seconds, Stopping threads took: 0.0000650 seconds
112.085: Application time: 0.0508350 seconds
112.085: [GC [PSYoungGen: 16028K->544K(16384K)] 20696K->5440K(48640K), 0.0004360 secs] [Times: user=0.00 sys=0.00, real=0.00 secs] 
112.086: Total time for which application threads were stopped: 0.0005680 seconds, Stopping threads took: 0.0000660 seconds
112.134: Application time: 0.0481800 seconds
112.134: [GC [PSYoungGen: 15902K->544K(16384K)] 20798K->5709K(48640K), 0.0004490 secs] [Times: user=0.00 sys=0.00, real=0.00 secs] 
112.135: Total time for which application threads were stopped: 0.0005940 seconds, Stopping threads took: 0.0000810 seconds
112.199: Application time: 0.0639200 seconds
112.199: [GC [PSYoungGen: 15903K->352K(16384K)] 21069K->5737K(48640K), 0.0004380 secs] [Times: user=0.00 sys=0.00, real=0.00 secs] 
112.199: Total time for which application threads were stopped: 0.0005720 seconds, Stopping threads took: 0.0000700 seconds
112.250: Application time: 0.0505160 seconds
112.250: [GC [PSYoungGen: 15712K->512K(16384K)] 21097K->5961K(48640K), 0.0004130 secs] [Times: user=0.00 sys=0.00, real=0.00 secs] 
112.250: Total time for which application threads were stopped: 0.0005510 seconds, Stopping threads took: 0.0000740 seconds
112.311: Application time: 0.0603000 seconds
112.311: [GC [PSYoungGen: 15871K->512K(16384K)] 21321K->6177K(48640K), 0.0004660 secs] [Times: user=0.00 sys=0.00, real=0.00 secs] 
112.311: Total time for which application threads were stopped: 0.0005940 seconds, Stopping threads took: 0.0000640 seconds
112.375: Application time: 0.0636820 seconds
112.375: [GC [PSYoungGen: 15868K->672K(16384K)] 21534K->6393K(48640K), 0.0004100 secs] [Times: user=0.00 sys=0.00, real=0.00 secs] 
112.375: Total time for which application threads were stopped: 0.0005480 seconds, Stopping threads took: 0.0000640 seconds
112.442: Application time: 0.0663610 seconds
112.442: [GC [PSYoungGen: 16029K->320K(16384K)] 21751K->6462K(48640K), 0.0005110 secs] [Times: user=0.01 sys=0.00, real=0.00 secs] 
112.442: Total time for which application threads were stopped: 0.0006450 seconds, Stopping threads took: 0.0000660 seconds
112.508: Application time: 0.0660420 seconds
112.509: [GC [PSYoungGen: 15676K->416K(16384K)] 21818K->6782K(48640K), 0.0004060 secs] [Times: user=0.00 sys=0.00, real=0.00 secs] 
112.509: Total time for which application threads were stopped: 0.0005160 seconds, Stopping threads took: 0.0000480 seconds
112.575: Application time: 0.0660480 seconds
112.575: [GC [PSYoungGen: 15772K->416K(16384K)] 22139K->6986K(48640K), 0.0003860 secs] [Times: user=0.00 sys=0.00, real=0.00 secs] 
112.576: Total time for which application threads were stopped: 0.0004990 seconds, Stopping threads took: 0.0000530 seconds
112.642: Application time: 0.0668530 seconds
112.642: [GC [PSYoungGen: 15775K->448K(16384K)] 22346K->7239K(48640K), 0.0004270 secs] [Times: user=0.00 sys=0.00, real=0.00 secs] 
112.643: Total time for which application threads were stopped: 0.0005480 seconds, Stopping threads took: 0.0000630 seconds
112.710: Application time: 0.0668890 seconds
112.710: [GC [PSYoungGen: 15807K->352K(16384K)] 22599K->7159K(48640K), 0.0003630 secs] [Times: user=0.00 sys=0.00, real=0.00 secs] 
112.710: Total time for which application threads were stopped: 0.0004820 seconds, Stopping threads took: 0.0000620 seconds
112.770: Application time: 0.0595520 seconds
112.770: [GC [PSYoungGen: 15708K->352K(16384K)] 22515K->7380K(48640K), 0.0004060 secs] [Times: user=0.00 sys=0.00, real=0.00 secs] 
112.770: Total time for which application threads were stopped: 0.0005130 seconds, Stopping threads took: 0.0000430 seconds
112.827: Application time: 0.0565150 seconds
112.827: [GC [PSYoungGen: 15711K->352K(16384K)] 22739K->7388K(48640K), 0.0003970 secs] [Times: user=0.00 sys=0.00, real=0.00 secs] 
112.827: Total time for which application threads were stopped: 0.0005150 seconds, Stopping threads took: 0.0000500 seconds
112.894: Application time: 0.0662920 seconds
112.894: [GC [PSYoungGen: 15711K->352K(16384K)] 22747K->7396K(48640K), 0.0003590 secs] [Times: user=0.01 sys=0.00, real=0.00 secs] 
112.894: Total time for which application threads were stopped: 0.0005010 seconds, Stopping threads took: 0.0000720 seconds
112.962: Application time: 0.0674750 seconds
112.962: [GC [PSYoungGen: 15709K->0K(16384K)] 22753K->7276K(48640K), 0.0003850 secs] [Times: user=0.00 sys=0.00, real=0.00 secs] 
112.962: Total time for which application threads were stopped: 0.0005110 seconds, Stopping threads took: 0.0000630 seconds
113.014: Application time: 0.0521290 seconds
113.014: [GC [PSYoungGen: 15357K->384K(16384K)] 22633K->7660K(48640K), 0.0003890 secs] [Times: user=0.00 sys=0.00, real=0.00 secs] 
113.015: Total time for which application threads were stopped: 0.0005220 seconds, Stopping threads took: 0.0000690 seconds
113.078: Application time: 0.0635770 seconds
113.079: [GC [PSYoungGen: 15743K->352K(16384K)] 23019K->7636K(48640K), 0.0003610 secs] [Times: user=0.01 sys=0.00, real=0.00 secs] 
113.079: Total time for which application threads were stopped: 0.0004910 seconds, Stopping threads took: 0.0000660 seconds
113.145: Application time: 0.0662530 seconds
113.145: [GC [PSYoungGen: 15711K->288K(16384K)] 22995K->7588K(48640K), 0.0003840 secs] [Times: user=0.00 sys=0.00, real=0.00 secs] 
113.146: Total time for which application threads were stopped: 0.0005050 seconds, Stopping threads took: 0.0000620 seconds
113.211: Application time: 0.0651600 seconds
113.211: [GC [PSYoungGen: 15647K->384K(16384K)] 22947K->7912K(48640K), 0.0004070 secs] [Times: user=0.00 sys=0.00, real=0.00 secs] 
113.211: Total time for which application threads were stopped: 0.0005450 seconds, Stopping threads took: 0.0000770 seconds
113.274: Application time: 0.0623630 seconds
113.277: [GC [PSYoungGen: 15714K->224K(16384K)] 23243K->8008K(48640K), 0.0004310 secs] [Times: user=0.00 sys=0.00, real=0.00 secs] 
113.278: Total time for which application threads were stopped: 0.0040020 seconds, Stopping threads took: 0.0035140 seconds
113.331: Application time: 0.0529840 seconds
113.331: [GC [PSYoungGen: 15580K->352K(16384K)] 23365K->8152K(48640K), 0.0003830 secs] [Times: user=0.01 sys=0.00, real=0.00 secs] 
113.331: Total time for which application threads were stopped: 0.0005290 seconds, Stopping threads took: 0.0000790 seconds
113.397: Application time: 0.0654070 seconds
113.397: [GC [PSYoungGen: 15711K->368K(16384K)] 23512K->8184K(48640K), 0.0004010 secs] [Times: user=0.00 sys=0.00, real=0.00 secs] 
113.397: Total time for which application threads were stopped: 0.0005200 seconds, Stopping threads took: 0.0000490 seconds
113.462: Application time: 0.0652850 seconds
113.463: [GC [PSYoungGen: 15727K->384K(16384K)] 23544K->8456K(48640K), 0.0004170 secs] [Times: user=0.01 sys=0.00, real=0.00 secs] 
113.463: Total time for which application threads were stopped: 0.0005430 seconds, Stopping threads took: 0.0000590 seconds
113.531: Application time: 0.0677800 seconds
113.531: [GC [PSYoungGen: 15741K->0K(16384K)] 23814K->8317K(48640K), 0.0004950 secs] [Times: user=0.00 sys=0.00, real=0.00 secs] 
113.531: Total time for which application threads were stopped: 0.0006090 seconds, Stopping threads took: 0.0000490 seconds
113.597: Application time: 0.0655290 seconds
113.597: [GC [PSYoungGen: 15355K->352K(16384K)] 23673K->8669K(48640K), 0.0003750 secs] [Times: user=0.00 sys=0.00, real=0.00 secs] 
113.597: Total time for which application threads were stopped: 0.0004740 seconds, Stopping threads took: 0.0000410 seconds
113.646: Application time: 0.0482160 seconds
113.646: [GC [PSYoungGen: 15710K->544K(16384K)] 24028K->8925K(48640K), 0.0004260 secs] [Times: user=0.01 sys=0.00, real=0.00 secs] 
113.646: Total time for which application threads were stopped: 0.0005410 seconds, Stopping threads took: 0.0000550 seconds
113.693: Application time: 0.0471830 seconds
113.693: [GC [PSYoungGen: 15902K->576K(16384K)] 24283K->9169K(48640K), 0.0004480 secs] [Times: user=0.00 sys=0.00, real=0.00 secs] 
113.694: Total time for which application threads were stopped: 0.0005710 seconds, Stopping threads took: 0.0000580 seconds
113.749: Application time: 0.0548630 seconds
113.749: [GC [PSYoungGen: 15933K->736K(16384K)] 24527K->9566K(48640K), 0.0005070 secs] [Times: user=0.01 sys=0.00, real=0.00 secs] 
113.749: Total time for which application threads were stopped: 0.0006180 seconds, Stopping threads took: 0.0000480 seconds
113.802: Application time: 0.0528610 seconds
113.802: [GC [PSYoungGen: 16095K->608K(16384K)] 24926K->9871K(48640K), 0.0005640 secs] [Times: user=0.00 sys=0.00, real=0.00 secs] 
113.803: Total time for which application threads were stopped: 0.0006740 seconds, Stopping threads took: 0.0000510 seconds
113.851: Application time: 0.0484090 seconds
113.851: [GC [PSYoungGen: 15964K->576K(16384K)] 25227K->10060K(48640K), 0.0004460 secs] [Times: user=0.00 sys=0.00, real=0.01 secs] 
113.852: Total time for which application threads were stopped: 0.0005800 seconds, Stopping threads took: 0.0000740 seconds
113.917: Application time: 0.0651080 seconds
113.917: [GC [PSYoungGen: 15935K->384K(16384K)] 25419K->10112K(48640K), 0.0004220 secs] [Times: user=0.00 sys=0.00, real=0.00 secs] 
113.918: Total time for which application threads were stopped: 0.0005520 seconds, Stopping threads took: 0.0000600 seconds
113.965: Application time: 0.0469040 seconds
113.965: [GC [PSYoungGen: 15742K->416K(16384K)] 25471K->10357K(48640K), 0.0004230 secs] [Times: user=0.00 sys=0.00, real=0.00 secs] 
113.965: Total time for which application threads were stopped: 0.0005340 seconds, Stopping threads took: 0.0000470 seconds
114.029: Application time: 0.0637740 seconds
114.029: [GC [PSYoungGen: 15774K->544K(16384K)] 25715K->10541K(48640K), 0.0004230 secs] [Times: user=0.00 sys=0.00, real=0.00 secs] 
114.029: Total time for which application threads were stopped: 0.0005500 seconds, Stopping threads took: 0.0000610 seconds
114.093: Application time: 0.0639180 seconds
114.093: [GC [PSYoungGen: 15902K->544K(16384K)] 25899K->10769K(48640K), 0.0004380 secs] [Times: user=0.00 sys=0.00, real=0.00 secs] 
114.094: Total time for which application threads were stopped: 0.0005590 seconds, Stopping threads took: 0.0000590 seconds
114.160: Application time: 0.0660010 seconds
114.160: [GC [PSYoungGen: 15903K->288K(16384K)] 26129K->10926K(48640K), 0.0005000 secs] [Times: user=0.00 sys=0.00, real=0.00 secs] 
114.161: Total time for which application threads were stopped: 0.0006320 seconds, Stopping threads took: 0.0000620 seconds
114.226: Application time: 0.0655770 seconds
114.226: [GC [PSYoungGen: 15646K->480K(16384K)] 26284K->11134K(48640K), 0.0004280 secs] [Times: user=0.00 sys=0.00, real=0.00 secs] 
114.227: Total time for which application threads were stopped: 0.0005770 seconds, Stopping threads took: 0.0000820 seconds
114.293: Application time: 0.0665340 seconds
114.293: [GC [PSYoungGen: 15839K->384K(16384K)] 26493K->11258K(48640K), 0.0003990 secs] [Times: user=0.00 sys=0.00, real=0.00 secs] 
114.294: Total time for which application threads were stopped: 0.0005270 seconds, Stopping threads took: 0.0000700 seconds
114.360: Application time: 0.0661130 seconds
114.360: [GC [PSYoungGen: 15740K->352K(16384K)] 26615K->11455K(48640K), 0.0004040 secs] [Times: user=0.00 sys=0.00, real=0.00 secs] 
114.360: Total time for which application threads were stopped: 0.0005290 seconds, Stopping threads took: 0.0000640 seconds
114.428: Application time: 0.0676320 seconds
114.428: [GC [PSYoungGen: 15709K->0K(16384K)] 26813K->11332K(48640K), 0.0004060 secs] [Times: user=0.00 sys=0.00, real=0.00 secs] 
114.429: Total time for which application threads were stopped: 0.0005310 seconds, Stopping threads took: 0.0000540 seconds
114.484: Application time: 0.0559480 seconds
114.485: [GC [PSYoungGen: 15356K->384K(16384K)] 26688K->11716K(48640K), 0.0003770 secs] [Times: user=0.00 sys=0.00, real=0.00 secs] 
114.485: Total time for which application threads were stopped: 0.0005040 seconds, Stopping threads took: 0.0000640 seconds
114.545: Application time: 0.0597630 seconds
114.545: [GC [PSYoungGen: 15739K->384K(16384K)] 27071K->11732K(48640K), 0.0004030 secs] [Times: user=0.00 sys=0.00, real=0.00 secs] 
114.545: Total time for which application threads were stopped: 0.0005210 seconds, Stopping threads took: 0.0000570 seconds
114.613: Application time: 0.0676870 seconds
114.613: [GC [PSYoungGen: 15743K->256K(16384K)] 27091K->11620K(48640K), 0.0004070 secs] [Times: user=0.00 sys=0.00, real=0.00 secs] 
114.614: Total time for which application threads were stopped: 0.0005300 seconds, Stopping threads took: 0.0000590 seconds
114.681: Application time: 0.0675830 seconds
114.681: [GC [PSYoungGen: 15613K->0K(16384K)] 26977K->11580K(48640K), 0.0004200 secs] [Times: user=0.00 sys=0.00, real=0.00 secs] 
114.682: Total time for which application threads were stopped: 0.0005510 seconds, Stopping threads took: 0.0000650 seconds
114.731: Application time: 0.0494860 seconds
114.731: [GC [PSYoungGen: 15358K->384K(16384K)] 26938K->11964K(48640K), 0.0003750 secs] [Times: user=0.00 sys=0.00, real=0.00 secs] 
114.732: Total time for which application threads were stopped: 0.0005000 seconds, Stopping threads took: 0.0000620 seconds
114.797: Application time: 0.0656460 seconds
114.797: [GC [PSYoungGen: 15741K->416K(16384K)] 27321K->12020K(48640K), 0.0003720 secs] [Times: user=0.00 sys=0.00, real=0.00 secs] 
114.798: Total time for which application threads were stopped: 0.0004840 seconds, Stopping threads took: 0.0000530 seconds
114.865: Application time: 0.0674500 seconds
114.865: [GC [PSYoungGen: 15773K->0K(16384K)] 27377K->11820K(48640K), 0.0003840 secs] [Times: user=0.01 sys=0.00, real=0.00 secs] 
114.866: Total time for which application threads were stopped: 0.0005160 seconds, Stopping threads took: 0.0000630 seconds
114.931: Application time: 0.0653560 seconds
114.931: [GC [PSYoungGen: 15357K->384K(16384K)] 27177K->12204K(48640K), 0.0003940 secs] [Times: user=0.01 sys=0.00, real=0.00 secs] 
114.932: Total time for which application threads were stopped: 0.0005360 seconds, Stopping threads took: 0.0000640 seconds
114.990: Application time: 0.0581380 seconds
114.990: [GC [PSYoungGen: 15740K->384K(16384K)] 27560K->12452K(48640K), 0.0004340 secs] [Times: user=0.00 sys=0.00, real=0.00 secs] 
114.990: Total time for which application threads were stopped: 0.0005620 seconds, Stopping threads took: 0.0000670 seconds
115.047: Application time: 0.0570010 seconds
115.047: [GC [PSYoungGen: 15743K->352K(16384K)] 27812K->12428K(48640K), 0.0003970 secs] [Times: user=0.00 sys=0.00, real=0.00 secs] 
115.048: Total time for which application threads were stopped: 0.0005210 seconds, Stopping threads took: 0.0000600 seconds
115.114: Application time: 0.0659340 seconds
115.114: [GC [PSYoungGen: 15709K->512K(16384K)] 27785K->12612K(48640K), 0.0003780 secs] [Times: user=0.01 sys=0.00, real=0.00 secs] 
115.114: Total time for which application threads were stopped: 0.0004980 seconds, Stopping threads took: 0.0000640 seconds
115.181: Application time: 0.0663500 seconds
115.181: [GC [PSYoungGen: 15872K->256K(16384K)] 27972K->12592K(48640K), 0.0004740 secs] [Times: user=0.00 sys=0.00, real=0.00 secs] 
115.181: Total time for which application threads were stopped: 0.0005870 seconds, Stopping threads took: 0.0000550 seconds
115.249: Application time: 0.0675280 seconds
115.249: [GC [PSYoungGen: 15613K->0K(16384K)] 27950K->12581K(48640K), 0.0004170 secs] [Times: user=0.00 sys=0.00, real=0.00 secs] 
115.249: Total time for which application threads were stopped: 0.0005390 seconds, Stopping threads took: 0.0000610 seconds
115.311: Application time: 0.0613590 seconds
115.311: [GC [PSYoungGen: 15357K->384K(16384K)] 27938K->12965K(48640K), 0.0003940 secs] [Times: user=0.00 sys=0.00, real=0.00 secs] 
115.311: Total time for which application threads were stopped: 0.0005020 seconds, Stopping threads took: 0.0000480 seconds
115.357: Application time: 0.0462090 seconds
115.357: [GC [PSYoungGen: 15740K->608K(16384K)] 28321K->13245K(48640K), 0.0003960 secs] [Times: user=0.00 sys=0.00, real=0.00 secs] 
115.358: Total time for which application threads were stopped: 0.0005210 seconds, Stopping threads took: 0.0000670 seconds
115.409: Application time: 0.0515220 seconds
115.410: [GC [PSYoungGen: 15964K->736K(16384K)] 28602K->13429K(48640K), 0.0004610 secs] [Times: user=0.01 sys=0.00, real=0.00 secs] 
115.410: Total time for which application threads were stopped: 0.0005950 seconds, Stopping threads took: 0.0000650 seconds
115.462: Application time: 0.0522920 seconds
115.462: [GC [PSYoungGen: 16095K->544K(16384K)] 28789K->13634K(48640K), 0.0005160 secs] [Times: user=0.00 sys=0.00, real=0.00 secs] 
115.463: Total time for which application threads were stopped: 0.0006370 seconds, Stopping threads took: 0.0000530 seconds
115.518: Application time: 0.0554990 seconds
115.519: [GC [PSYoungGen: 15864K->352K(16384K)] 28954K->13686K(48640K), 0.0005030 secs] [Times: user=0.00 sys=0.00, real=0.00 secs] 
115.519: Total time for which application threads were stopped: 0.0006180 seconds, Stopping threads took: 0.0000560 seconds
115.570: Application time: 0.0511750 seconds
115.570: [GC [PSYoungGen: 15711K->512K(16384K)] 29045K->13862K(48640K), 0.0004210 secs] [Times: user=0.00 sys=0.00, real=0.00 secs] 
115.571: Total time for which application threads were stopped: 0.0005360 seconds, Stopping threads took: 0.0000570 seconds
115.634: Application time: 0.0631510 seconds
115.634: [GC [PSYoungGen: 15870K->544K(16384K)] 29221K->14154K(48640K), 0.0004520 secs] [Times: user=0.00 sys=0.00, real=0.00 secs] 
115.635: Total time for which application threads were stopped: 0.0005830 seconds, Stopping threads took: 0.0000670 seconds
115.684: Application time: 0.0493830 seconds
115.684: [GC [PSYoungGen: 15900K->320K(16384K)] 29511K->14143K(48640K), 0.0004820 secs] [Times: user=0.00 sys=0.00, real=0.00 secs] 
115.686: Total time for which application threads were stopped: 0.0017090 seconds, Stopping threads took: 0.0000430 seconds
115.749: Application time: 0.0634720 seconds
115.749: [GC [PSYoungGen: 15678K->512K(16384K)] 29501K->14391K(48640K), 0.0004370 secs] [Times: user=0.00 sys=0.00, real=0.00 secs] 
115.750: Total time for which application threads were stopped: 0.0005530 seconds, Stopping threads took: 0.0000530 seconds
115.815: Application time: 0.0649550 seconds
115.815: [GC [PSYoungGen: 15871K->448K(16384K)] 29750K->14744K(48640K), 0.0004930 secs] [Times: user=0.00 sys=0.00, real=0.00 secs] 
115.815: Total time for which application threads were stopped: 0.0006200 seconds, Stopping threads took: 0.0000520 seconds
115.881: Application time: 0.0660560 seconds
115.881: [GC [PSYoungGen: 15804K->416K(16384K)] 30100K->14932K(48640K), 0.0004020 secs] [Times: user=0.00 sys=0.00, real=0.00 secs] 
115.882: Total time for which application threads were stopped: 0.0005240 seconds, Stopping threads took: 0.0000600 seconds
115.948: Application time: 0.0664180 seconds
115.948: [GC [PSYoungGen: 15775K->256K(16384K)] 30292K->14977K(48640K), 0.0004240 secs] [Times: user=0.00 sys=0.00, real=0.00 secs] 
115.949: Total time for which application threads were stopped: 0.0005630 seconds, Stopping threads took: 0.0000740 seconds
116.015: Application time: 0.0666520 seconds
116.016: [GC [PSYoungGen: 15612K->352K(16384K)] 30334K->15097K(48640K), 0.0004010 secs] [Times: user=0.00 sys=0.00, real=0.00 secs] 
116.016: Total time for which application threads were stopped: 0.0005470 seconds, Stopping threads took: 0.0000720 seconds
116.082: Application time: 0.0661540 seconds
116.082: [GC [PSYoungGen: 15708K->352K(16384K)] 30453K->15313K(48640K), 0.0004680 secs] [Times: user=0.01 sys=0.00, real=0.00 secs] 
116.083: Total time for which application threads were stopped: 0.0006070 seconds, Stopping threads took: 0.0000720 seconds
116.151: Application time: 0.0687090 seconds
116.152: [GC [PSYoungGen: 15707K->0K(16384K)] 30669K->15177K(48640K), 0.0004000 secs] [Times: user=0.00 sys=0.00, real=0.01 secs] 
116.152: Total time for which application threads were stopped: 0.0005290 seconds, Stopping threads took: 0.0000670 seconds
116.200: Application time: 0.0483670 seconds
116.200: [GC [PSYoungGen: 15358K->384K(16384K)] 30535K->15561K(48640K), 0.0004020 secs] [Times: user=0.00 sys=0.00, real=0.00 secs] 
116.201: Total time for which application threads were stopped: 0.0005130 seconds, Stopping threads took: 0.0000500 seconds
116.267: Application time: 0.0664440 seconds
116.267: [GC [PSYoungGen: 15743K->384K(16384K)] 30920K->15585K(48640K), 0.0003870 secs] [Times: user=0.00 sys=0.00, real=0.00 secs] 
116.268: Total time for which application threads were stopped: 0.0005140 seconds, Stopping threads took: 0.0000650 seconds
116.337: Application time: 0.0686840 seconds
116.337: [GC [PSYoungGen: 15739K->0K(16384K)] 30941K->15433K(48640K), 0.0003720 secs] [Times: user=0.00 sys=0.00, real=0.00 secs] 
116.337: Total time for which application threads were stopped: 0.0004930 seconds, Stopping threads took: 0.0000570 seconds
116.401: Application time: 0.0640130 seconds
116.401: [GC [PSYoungGen: 15359K->352K(16384K)] 30792K->15785K(48640K), 0.0004030 secs] [Times: user=0.00 sys=0.00, real=0.00 secs] 
116.402: Total time for which application threads were stopped: 0.0005180 seconds, Stopping threads took: 0.0000560 seconds
116.453: Application time: 0.0514740 seconds
116.453: [GC [PSYoungGen: 15710K->416K(16384K)] 31143K->15857K(48640K), 0.0003820 secs] [Times: user=0.00 sys=0.00, real=0.00 secs] 
116.454: Total time for which application threads were stopped: 0.0005110 seconds, Stopping threads took: 0.0000650 seconds
116.520: Application time: 0.0661890 seconds
116.520: [GC [PSYoungGen: 15773K->352K(16384K)] 31214K->15809K(48640K), 0.0003750 secs] [Times: user=0.00 sys=0.00, real=0.00 secs] 
116.520: Total time for which application threads were stopped: 0.0005420 seconds, Stopping threads took: 0.0001010 seconds
116.587: Application time: 0.0666370 seconds
116.587: [GC [PSYoungGen: 15712K->352K(16384K)] 31169K->16025K(48640K), 0.0004250 secs] [Times: user=0.00 sys=0.00, real=0.00 secs] 
116.587: Total time for which application threads were stopped: 0.0005480 seconds, Stopping threads took: 0.0000630 seconds
116.654: Application time: 0.0664730 seconds
116.654: [GC [PSYoungGen: 15708K->320K(16384K)] 31381K->16057K(48640K), 0.0004210 secs] [Times: user=0.00 sys=0.00, real=0.00 secs] 
116.654: Total time for which application threads were stopped: 0.0005470 seconds, Stopping threads took: 0.0000580 seconds
116.706: Application time: 0.0519820 seconds
116.707: [GC [PSYoungGen: 15678K->384K(16384K)] 31415K->16342K(48640K), 0.0004130 secs] [Times: user=0.00 sys=0.00, real=0.00 secs] 
116.707: Total time for which application threads were stopped: 0.0005390 seconds, Stopping threads took: 0.0000640 seconds
116.770: Application time: 0.0627690 seconds
116.770: [GC [PSYoungGen: 15740K->352K(16384K)] 31699K->16318K(48640K), 0.0003950 secs] [Times: user=0.01 sys=0.00, real=0.00 secs] 
116.770: Total time for which application threads were stopped: 0.0005290 seconds, Stopping threads took: 0.0000730 seconds
116.835: Application time: 0.0650570 seconds
116.835: [GC [PSYoungGen: 15707K->592K(16384K)] 31673K->16566K(48640K), 0.0004420 secs] [Times: user=0.00 sys=0.00, real=0.00 secs] 
116.836: Total time for which application threads were stopped: 0.0005690 seconds, Stopping threads took: 0.0000650 seconds
116.904: Application time: 0.0683140 seconds
116.904: [GC [PSYoungGen: 15949K->0K(16384K)] 31923K->16447K(48640K), 0.0004290 secs] [Times: user=0.00 sys=0.00, real=0.00 secs] 
116.905: Total time for which application threads were stopped: 0.0005470 seconds, Stopping threads took: 0.0000570 seconds
116.973: Application time: 0.0678650 seconds
116.973: [GC [PSYoungGen: 15357K->0K(16384K)] 31804K->16447K(48640K), 0.0003960 secs] [Times: user=0.00 sys=0.00, real=0.00 secs] 
116.973: Total time for which application threads were stopped: 0.0005150 seconds, Stopping threads took: 0.0000580 seconds
117.032: Application time: 0.0591410 seconds
117.032: [GC [PSYoungGen: 15359K->400K(16384K)] 31806K->16847K(48640K), 0.0004020 secs] [Times: user=0.01 sys=0.00, real=0.00 secs] 
117.033: Total time for which application threads were stopped: 0.0005250 seconds, Stopping threads took: 0.0000520 seconds
117.081: Application time: 0.0483890 seconds
117.081: [GC [PSYoungGen: 15756K->528K(16384K)] 32203K->17031K(48640K), 0.0004650 secs] [Times: user=0.00 sys=0.00, real=0.00 secs] 
117.082: Total time for which application threads were stopped: 0.0005750 seconds, Stopping threads took: 0.0000470 seconds
117.133: Application time: 0.0512450 seconds
117.133: [GC [PSYoungGen: 15885K->928K(16384K)] 32388K->17487K(48640K), 0.0004940 secs] [Times: user=0.00 sys=0.00, real=0.00 secs] 
117.134: Total time for which application threads were stopped: 0.0006260 seconds, Stopping threads took: 0.0000660 seconds
117.182: Application time: 0.0481710 seconds
117.184: [GC [PSYoungGen: 16286K->384K(16384K)] 32846K->17556K(48640K), 0.0004910 secs] [Times: user=0.00 sys=0.00, real=0.00 secs] 
117.184: Total time for which application threads were stopped: 0.0024850 seconds, Stopping threads took: 0.0019310 seconds
117.246: Application time: 0.0613630 seconds
117.246: [GC [PSYoungGen: 15741K->672K(16384K)] 32914K->17901K(48640K), 0.0004590 secs] [Times: user=0.00 sys=0.00, real=0.00 secs] 
117.246: Total time for which application threads were stopped: 0.0005800 seconds, Stopping threads took: 0.0000600 seconds
117.296: Application time: 0.0501620 seconds
117.297: [GC [PSYoungGen: 16030K->352K(16384K)] 33259K->18001K(48640K), 0.0004670 secs] [Times: user=0.00 sys=0.00, real=0.00 secs] 
117.297: Total time for which application threads were stopped: 0.0005890 seconds, Stopping threads took: 0.0000590 seconds
117.361: Application time: 0.0640050 seconds
117.361: [GC [PSYoungGen: 15708K->480K(16384K)] 33358K->18177K(48640K), 0.0004220 secs] [Times: user=0.00 sys=0.00, real=0.00 secs] 
117.362: Total time for which application threads were stopped: 0.0005410 seconds, Stopping threads took: 0.0000590 seconds
117.411: Application time: 0.0497280 seconds
117.411: [GC [PSYoungGen: 15836K->384K(16384K)] 33534K->18302K(48640K), 0.0004790 secs] [Times: user=0.01 sys=0.00, real=0.01 secs] 
117.412: Total time for which application threads were stopped: 0.0005950 seconds, Stopping threads took: 0.0000570 seconds
117.475: Application time: 0.0635340 seconds
117.476: [GC [PSYoungGen: 15742K->544K(16384K)] 33660K->18518K(48640K), 0.0004350 secs] [Times: user=0.00 sys=0.00, real=0.00 secs] 
117.476: Total time for which application threads were stopped: 0.0005560 seconds, Stopping threads took: 0.0000500 seconds
117.542: Application time: 0.0656750 seconds
117.544: [GC [PSYoungGen: 15903K->416K(16384K)] 33877K->18807K(48640K), 0.0004930 secs] [Times: user=0.00 sys=0.00, real=0.00 secs] 
117.544: Total time for which application threads were stopped: 0.0027120 seconds, Stopping threads took: 0.0021430 seconds
117.611: Application time: 0.0666010 seconds
117.611: [GC [PSYoungGen: 15775K->384K(16384K)] 34166K->18999K(48640K), 0.0004000 secs] [Times: user=0.00 sys=0.00, real=0.00 secs] 
117.612: Total time for which application threads were stopped: 0.0005490 seconds, Stopping threads took: 0.0000900 seconds
117.677: Application time: 0.0656000 seconds
117.677: [GC [PSYoungGen: 15740K->384K(16384K)] 34355K->19211K(48640K), 0.0004040 secs] [Times: user=0.00 sys=0.00, real=0.00 secs] 
117.678: Total time for which application threads were stopped: 0.0005260 seconds, Stopping threads took: 0.0000630 seconds
117.745: Application time: 0.0675830 seconds
117.745: [GC [PSYoungGen: 15741K->0K(16384K)] 34569K->19043K(48640K), 0.0003940 secs] [Times: user=0.00 sys=0.00, real=0.00 secs] 
117.746: Total time for which application threads were stopped: 0.0005220 seconds, Stopping threads took: 0.0000660 seconds
117.813: Application time: 0.0670910 seconds
117.813: [GC [PSYoungGen: 15359K->352K(16384K)] 34403K->19395K(48640K), 0.0004060 secs] [Times: user=0.01 sys=0.00, real=0.00 secs] 
117.813: Total time for which application threads were stopped: 0.0005190 seconds, Stopping threads took: 0.0000540 seconds
117.871: Application time: 0.0575100 seconds
117.871: [GC [PSYoungGen: 15710K->384K(16384K)] 34754K->19648K(48640K), 0.0004040 secs] [Times: user=0.00 sys=0.00, real=0.00 secs] 
117.871: Total time for which application threads were stopped: 0.0005450 seconds, Stopping threads took: 0.0000790 seconds
117.930: Application time: 0.0580640 seconds
117.930: [GC [PSYoungGen: 15741K->288K(16384K)] 35006K->19560K(48640K), 0.0003810 secs] [Times: user=0.00 sys=0.00, real=0.00 secs] 
117.930: Total time for which application threads were stopped: 0.0005080 seconds, Stopping threads took: 0.0000680 seconds
117.997: Application time: 0.0664770 seconds
117.997: [GC [PSYoungGen: 15644K->352K(16384K)] 34916K->19640K(48640K), 0.0003840 secs] [Times: user=0.00 sys=0.00, real=0.00 secs] 
117.997: Total time for which application threads were stopped: 0.0004900 seconds, Stopping threads took: 0.0000450 seconds
118.065: Application time: 0.0676750 seconds
118.065: [GC [PSYoungGen: 15709K->0K(16384K)] 34998K->19500K(48640K), 0.0003830 secs] [Times: user=0.00 sys=0.00, real=0.00 secs] 
118.065: Total time for which application threads were stopped: 0.0005340 seconds, Stopping threads took: 0.0000740 seconds
118.125: Application time: 0.0598200 seconds
118.125: [GC [PSYoungGen: 15358K->320K(16384K)] 34859K->19821K(48640K), 0.0004530 secs] [Times: user=0.00 sys=0.00, real=0.00 secs] 
118.126: Total time for which application threads were stopped: 0.0005660 seconds, Stopping threads took: 0.0000480 seconds
118.181: Application time: 0.0554810 seconds
118.181: [GC [PSYoungGen: 15677K->320K(16384K)] 35178K->19837K(48640K), 0.0004020 secs] [Times: user=0.00 sys=0.00, real=0.00 secs] 
118.182: Total time for which application threads were stopped: 0.0005170 seconds, Stopping threads took: 0.0000520 seconds
118.248: Application time: 0.0659380 seconds
118.248: [GC [PSYoungGen: 15679K->352K(16384K)] 35196K->19885K(48640K), 0.0003940 secs] [Times: user=0.00 sys=0.00, real=0.00 secs] 
118.248: Total time for which application threads were stopped: 0.0005260 seconds, Stopping threads took: 0.0000710 seconds
118.313: Application time: 0.0653620 seconds
118.314: [GC [PSYoungGen: 15709K->352K(16384K)] 35242K->20117K(48640K), 0.0004540 secs] [Times: user=0.00 sys=0.00, real=0.00 secs] 
118.314: Total time for which application threads were stopped: 0.0005750 seconds, Stopping threads took: 0.0000580 seconds
118.374: Application time: 0.0596990 seconds
118.374: [GC [PSYoungGen: 15708K->352K(16384K)] 35473K->20369K(48640K), 0.0004220 secs] [Times: user=0.00 sys=0.00, real=0.00 secs] 
118.374: Total time for which application threads were stopped: 0.0005500 seconds, Stopping threads took: 0.0000630 seconds
118.430: Application time: 0.0559690 seconds
118.430: [GC [PSYoungGen: 15711K->320K(16384K)] 35729K->20353K(48640K), 0.0004010 secs] [Times: user=0.00 sys=0.00, real=0.00 secs] 
118.431: Total time for which application threads were stopped: 0.0005260 seconds, Stopping threads took: 0.0000630 seconds
118.497: Application time: 0.0658590 seconds
118.497: [GC [PSYoungGen: 15679K->352K(16384K)] 35713K->20401K(48640K), 0.0004320 secs] [Times: user=0.00 sys=0.00, real=0.00 secs] 
118.497: Total time for which application threads were stopped: 0.0005640 seconds, Stopping threads took: 0.0000710 seconds
118.563: Application time: 0.0652910 seconds
118.563: [GC [PSYoungGen: 15709K->416K(16384K)] 35759K->20710K(48640K), 0.0004570 secs] [Times: user=0.00 sys=0.00, real=0.00 secs] 
118.563: Total time for which application threads were stopped: 0.0005720 seconds, Stopping threads took: 0.0000530 seconds
118.631: Application time: 0.0676050 seconds
118.631: [GC [PSYoungGen: 15773K->0K(16384K)] 36067K->20546K(48640K), 0.0004010 secs] [Times: user=0.01 sys=0.00, real=0.00 secs] 
118.631: Total time for which application threads were stopped: 0.0005450 seconds, Stopping threads took: 0.0000740 seconds
118.699: Application time: 0.0673930 seconds
118.699: [GC [PSYoungGen: 15357K->0K(16384K)] 35904K->20546K(48640K), 0.0003750 secs] [Times: user=0.00 sys=0.00, real=0.00 secs] 
118.699: Total time for which application threads were stopped: 0.0004950 seconds, Stopping threads took: 0.0000600 seconds
118.754: Application time: 0.0550030 seconds
118.754: [GC [PSYoungGen: 15356K->384K(16384K)] 35903K->20930K(48640K), 0.0004270 secs] [Times: user=0.00 sys=0.00, real=0.00 secs] 
118.755: Total time for which application threads were stopped: 0.0005380 seconds, Stopping threads took: 0.0000470 seconds
118.805: Application time: 0.0498750 seconds
118.805: [GC [PSYoungGen: 15740K->752K(16384K)] 36287K->21354K(48640K), 0.0004750 secs] [Times: user=0.00 sys=0.00, real=0.00 secs] 
118.805: Total time for which application threads were stopped: 0.0005970 seconds, Stopping threads took: 0.0000590 seconds
118.858: Application time: 0.0526300 seconds
118.858: [GC [PSYoungGen: 16108K->672K(16384K)] 36711K->21519K(48640K), 0.0004800 secs] [Times: user=0.00 sys=0.00, real=0.00 secs] 
118.858: Total time for which application threads were stopped: 0.0006000 seconds, Stopping threads took: 0.0000570 seconds
118.906: Application time: 0.0475000 seconds
118.906: [GC [PSYoungGen: 16030K->544K(16384K)] 36877K->21599K(48640K), 0.0005150 secs] [Times: user=0.00 sys=0.00, real=0.00 secs] 
118.907: Total time for which application threads were stopped: 0.0006280 seconds, Stopping threads took: 0.0000500 seconds
118.965: Application time: 0.0583170 seconds
118.965: [GC [PSYoungGen: 15902K->416K(16384K)] 36957K->21911K(48640K), 0.0004580 secs] [Times: user=0.00 sys=0.00, real=0.00 secs] 
118.965: Total time for which application threads were stopped: 0.0005740 seconds, Stopping threads took: 0.0000550 seconds
119.019: Application time: 0.0536580 seconds
119.019: [GC [PSYoungGen: 15774K->512K(16384K)] 37270K->22023K(48640K), 0.0004700 secs] [Times: user=0.00 sys=0.00, real=0.00 secs] 
119.020: Total time for which application threads were stopped: 0.0005850 seconds, Stopping threads took: 0.0000550 seconds
119.081: Application time: 0.0609770 seconds
119.081: [GC [PSYoungGen: 15871K->512K(16384K)] 37382K->22268K(48640K), 0.0004820 secs] [Times: user=0.00 sys=0.00, real=0.00 secs] 
119.081: Total time for which application threads were stopped: 0.0005790 seconds, Stopping threads took: 0.0000390 seconds
119.133: Application time: 0.0518870 seconds
119.133: [GC [PSYoungGen: 15867K->384K(16384K)] 37623K->22360K(48640K), 0.0004100 secs] [Times: user=0.00 sys=0.00, real=0.00 secs] 
119.134: Total time for which application threads were stopped: 0.0005370 seconds, Stopping threads took: 0.0000630 seconds
119.197: Application time: 0.0631170 seconds
119.197: [GC [PSYoungGen: 15739K->544K(16384K)] 37716K->22568K(48640K), 0.0004700 secs] [Times: user=0.00 sys=0.00, real=0.00 secs] 
119.197: Total time for which application threads were stopped: 0.0006050 seconds, Stopping threads took: 0.0000690 seconds
119.263: Application time: 0.0654290 seconds
119.263: [GC [PSYoungGen: 15900K->352K(16384K)] 37925K->22797K(48640K), 0.0004450 secs] [Times: user=0.00 sys=0.00, real=0.00 secs] 
119.263: Total time for which application threads were stopped: 0.0005680 seconds, Stopping threads took: 0.0000650 seconds
119.330: Application time: 0.0666960 seconds
119.330: [GC [PSYoungGen: 15711K->384K(16384K)] 38156K->23049K(48640K), 0.0004120 secs] [Times: user=0.00 sys=0.00, real=0.00 secs] 
119.331: Total time for which application threads were stopped: 0.0005290 seconds, Stopping threads took: 0.0000570 seconds
119.397: Application time: 0.0661410 seconds
119.397: [GC [PSYoungGen: 15740K->352K(16384K)] 38406K->23246K(48640K), 0.0004230 secs] [Times: user=0.00 sys=0.00, real=0.00 secs] 
119.397: Total time for which application threads were stopped: 0.0005440 seconds, Stopping threads took: 0.0000580 seconds
119.465: Application time: 0.0677630 seconds
119.465: [GC [PSYoungGen: 15709K->0K(16384K)] 38603K->23106K(48640K), 0.0004530 secs] [Times: user=0.00 sys=0.00, real=0.00 secs] 
119.466: Total time for which application threads were stopped: 0.0005910 seconds, Stopping threads took: 0.0000690 seconds
119.532: Application time: 0.0664730 seconds
119.532: [GC [PSYoungGen: 15246K->256K(16384K)] 38353K->23362K(48640K), 0.0003910 secs] [Times: user=0.00 sys=0.00, real=0.00 secs] 
119.533: Total time for which application threads were stopped: 0.0005200 seconds, Stopping threads took: 0.0000640 seconds
119.587: Application time: 0.0544620 seconds
119.587: [GC [PSYoungGen: 15613K->512K(16384K)] 38720K->23698K(48640K), 0.0004130 secs] [Times: user=0.01 sys=0.00, real=0.00 secs] 
119.588: Total time for which application threads were stopped: 0.0005390 seconds, Stopping threads took: 0.0000660 seconds
119.648: Application time: 0.0608370 seconds
119.650: [GC [PSYoungGen: 15870K->320K(16384K)] 39057K->23658K(48640K), 0.0004120 secs] [Times: user=0.01 sys=0.00, real=0.00 secs] 
119.650: Total time for which application threads were stopped: 0.0019810 seconds, Stopping threads took: 0.0014950 seconds
119.717: Application time: 0.0667660 seconds
119.717: [GC [PSYoungGen: 15679K->352K(16384K)] 39018K->23714K(48640K), 0.0004210 secs] [Times: user=0.00 sys=0.00, real=0.00 secs] 
119.718: Total time for which application threads were stopped: 0.0005330 seconds, Stopping threads took: 0.0000470 seconds
119.785: Application time: 0.0677220 seconds
119.786: [GC [PSYoungGen: 15709K->0K(16384K)] 39072K->23594K(48640K), 0.0003720 secs] [Times: user=0.00 sys=0.00, real=0.00 secs] 
119.786: Total time for which application threads were stopped: 0.0004790 seconds, Stopping threads took: 0.0000480 seconds
119.840: Application time: 0.0544180 seconds
119.841: [GC [PSYoungGen: 15358K->384K(16384K)] 38952K->23978K(48640K), 0.0003850 secs] [Times: user=0.00 sys=0.00, real=0.00 secs] 
119.841: Total time for which application threads were stopped: 0.0005230 seconds, Stopping threads took: 0.0000730 seconds
119.901: Application time: 0.0605680 seconds
119.902: [GC [PSYoungGen: 15739K->352K(16384K)] 39334K->23962K(48640K), 0.0003930 secs] [Times: user=0.01 sys=0.00, real=0.00 secs] 
119.902: Total time for which application threads were stopped: 0.0005370 seconds, Stopping threads took: 0.0000780 seconds
119.968: Application time: 0.0662290 seconds
119.968: [GC [PSYoungGen: 15711K->352K(16384K)] 39322K->23970K(48640K), 0.0004200 secs] [Times: user=0.01 sys=0.00, real=0.00 secs] 
119.969: Total time for which application threads were stopped: 0.0005440 seconds, Stopping threads took: 0.0000600 seconds
120.034: Application time: 0.0652780 seconds
120.034: [GC [PSYoungGen: 15709K->352K(16384K)] 39328K->24183K(48640K), 0.0004370 secs] [Times: user=0.00 sys=0.00, real=0.00 secs] 
120.035: Total time for which application threads were stopped: 0.0005620 seconds, Stopping threads took: 0.0000570 seconds
120.091: Application time: 0.0558730 seconds
120.091: [GC [PSYoungGen: 15708K->288K(16384K)] 39539K->24364K(48640K), 0.0004970 secs] [Times: user=0.00 sys=0.00, real=0.00 secs] 
120.091: Total time for which application threads were stopped: 0.0006080 seconds, Stopping threads took: 0.0000430 seconds
120.150: Application time: 0.0588720 seconds
120.150: [GC [PSYoungGen: 15643K->320K(16384K)] 39719K->24404K(48640K), 0.0004120 secs] [Times: user=0.01 sys=0.00, real=0.00 secs] 
120.151: Total time for which application threads were stopped: 0.0005260 seconds, Stopping threads took: 0.0000540 seconds
120.217: Application time: 0.0660210 seconds
120.217: [GC [PSYoungGen: 15677K->352K(16384K)] 39761K->24452K(48640K), 0.0003900 secs] [Times: user=0.01 sys=0.00, real=0.00 secs] 
120.217: Total time for which application threads were stopped: 0.0005190 seconds, Stopping threads took: 0.0000620 seconds
120.282: Application time: 0.0653990 seconds
120.283: [GC [PSYoungGen: 15709K->384K(16384K)] 39809K->24740K(48640K), 0.0004610 secs] [Times: user=0.00 sys=0.00, real=0.00 secs] 
120.283: Total time for which application threads were stopped: 0.0005730 seconds, Stopping threads took: 0.0000480 seconds
120.351: Application time: 0.0678850 seconds
120.351: [GC [PSYoungGen: 15741K->0K(16384K)] 40098K->24617K(48640K), 0.0004170 secs] [Times: user=0.00 sys=0.00, real=0.00 secs] 
120.351: Total time for which application threads were stopped: 0.0005530 seconds, Stopping threads took: 0.0000740 seconds
120.419: Application time: 0.0674150 seconds
120.419: [GC [PSYoungGen: 15357K->0K(16384K)] 39974K->24617K(48640K), 0.0003850 secs] [Times: user=0.00 sys=0.00, real=0.00 secs] 
120.419: Total time for which application threads were stopped: 0.0005070 seconds, Stopping threads took: 0.0000630 seconds
120.469: Application time: 0.0498900 seconds
120.469: [GC [PSYoungGen: 15357K->320K(16384K)] 39974K->24937K(48640K), 0.0004640 secs] [Times: user=0.00 sys=0.00, real=0.00 secs] 
120.470: Total time for which application threads were stopped: 0.0005790 seconds, Stopping threads took: 0.0000570 seconds
120.519: Application time: 0.0495680 seconds
120.520: [GC [PSYoungGen: 15676K->768K(16384K)] 40293K->25449K(48640K), 0.0004920 secs] [Times: user=0.01 sys=0.00, real=0.00 secs] 
120.520: Total time for which application threads were stopped: 0.0006200 seconds, Stopping threads took: 0.0000700 seconds
120.578: Application time: 0.0580480 seconds
120.578: [GC [PSYoungGen: 16123K->672K(16384K)] 40804K->25589K(48640K), 0.0005380 secs] [Times: user=0.00 sys=0.00, real=0.00 secs] 
120.579: Total time for which application threads were stopped: 0.0006580 seconds, Stopping threads took: 0.0000550 seconds
120.629: Application time: 0.0504260 seconds
120.629: [GC [PSYoungGen: 16030K->512K(16384K)] 40948K->25650K(48640K), 0.0004730 secs] [Times: user=0.00 sys=0.00, real=0.00 secs] 
120.630: Total time for which application threads were stopped: 0.0005980 seconds, Stopping threads took: 0.0000670 seconds
120.686: Application time: 0.0557620 seconds
120.686: [GC [PSYoungGen: 15870K->512K(16384K)] 41008K->25902K(48640K), 0.0005360 secs] [Times: user=0.00 sys=0.00, real=0.00 secs] 
120.687: Total time for which application threads were stopped: 0.0016740 seconds, Stopping threads took: 0.0000590 seconds
120.742: Application time: 0.0551760 seconds
120.743: [GC [PSYoungGen: 15868K->512K(16384K)] 41259K->25926K(48640K), 0.0004050 secs] [Times: user=0.01 sys=0.00, real=0.00 secs] 
120.743: Total time for which application threads were stopped: 0.0005390 seconds, Stopping threads took: 0.0000640 seconds
120.804: Application time: 0.0610550 seconds
120.804: [GC [PSYoungGen: 15871K->544K(16384K)] 41286K->26211K(48640K), 0.0004740 secs] [Times: user=0.01 sys=0.00, real=0.00 secs] 
120.805: Total time for which application threads were stopped: 0.0005930 seconds, Stopping threads took: 0.0000610 seconds
120.855: Application time: 0.0506900 seconds
120.855: [GC [PSYoungGen: 15875K->448K(16384K)] 41543K->26344K(48640K), 0.0004770 secs] [Times: user=0.00 sys=0.00, real=0.00 secs] 
120.856: Total time for which application threads were stopped: 0.0006020 seconds, Stopping threads took: 0.0000620 seconds
120.920: Application time: 0.0640310 seconds
120.920: [GC [PSYoungGen: 15804K->832K(16384K)] 41700K->26872K(48640K), 0.0004820 secs] [Times: user=0.00 sys=0.00, real=0.00 secs] 
120.921: Total time for which application threads were stopped: 0.0006030 seconds, Stopping threads took: 0.0000620 seconds
120.987: Application time: 0.0661740 seconds
120.987: [GC [PSYoungGen: 16188K->384K(16384K)] 42228K->26780K(48640K), 0.0004560 secs] [Times: user=0.01 sys=0.00, real=0.00 secs] 
120.987: Total time for which application threads were stopped: 0.0005860 seconds, Stopping threads took: 0.0000660 seconds
121.053: Application time: 0.0654340 seconds
121.054: [GC [PSYoungGen: 15740K->384K(16384K)] 42137K->27009K(48640K), 0.0004360 secs] [Times: user=0.00 sys=0.00, real=0.00 secs] 
121.054: Total time for which application threads were stopped: 0.0013020 seconds, Stopping threads took: 0.0008000 seconds
121.120: Application time: 0.0656520 seconds
121.120: [GC [PSYoungGen: 15740K->352K(16384K)] 42366K->27193K(48640K), 0.0004290 secs] [Times: user=0.00 sys=0.00, real=0.00 secs] 
121.120: Total time for which application threads were stopped: 0.0005700 seconds, Stopping threads took: 0.0000740 seconds
121.188: Application time: 0.0678210 seconds
121.188: [GC [PSYoungGen: 15709K->0K(16384K)] 42550K->27065K(48640K), 0.0004150 secs] [Times: user=0.00 sys=0.00, real=0.00 secs] 
121.189: Total time for which application threads were stopped: 0.0005280 seconds, Stopping threads took: 0.0000480 seconds
121.254: Application time: 0.0657050 seconds
121.254: [GC [PSYoungGen: 15356K->384K(16384K)] 42422K->27449K(48640K), 0.0004690 secs] [Times: user=0.00 sys=0.00, real=0.00 secs] 
121.255: Total time for which application threads were stopped: 0.0006110 seconds, Stopping threads took: 0.0000730 seconds
121.304: Application time: 0.0489250 seconds
121.304: [GC [PSYoungGen: 15740K->384K(16384K)] 42805K->27661K(48640K), 0.0004640 secs] [Times: user=0.00 sys=0.00, real=0.00 secs] 
121.304: Total time for which application threads were stopped: 0.0005820 seconds, Stopping threads took: 0.0000550 seconds
121.370: Application time: 0.0652900 seconds
121.370: [GC [PSYoungGen: 15741K->384K(16384K)] 43019K->27669K(48640K), 0.0004140 secs] [Times: user=0.00 sys=0.00, real=0.00 secs] 
121.370: Total time for which application threads were stopped: 0.0005300 seconds, Stopping threads took: 0.0000540 seconds
121.438: Application time: 0.0679600 seconds
121.438: [GC [PSYoungGen: 15741K->0K(16384K)] 43027K->27506K(48640K), 0.0004790 secs] [Times: user=0.00 sys=0.00, real=0.00 secs] 
121.439: Total time for which application threads were stopped: 0.0006080 seconds, Stopping threads took: 0.0000640 seconds
121.505: Application time: 0.0663490 seconds
121.505: [GC [PSYoungGen: 15359K->352K(16384K)] 42866K->27858K(48640K), 0.0004030 secs] [Times: user=0.00 sys=0.00, real=0.00 secs] 
121.506: Total time for which application threads were stopped: 0.0005150 seconds, Stopping threads took: 0.0000520 seconds
121.555: Application time: 0.0495440 seconds
121.555: [GC [PSYoungGen: 15708K->384K(16384K)] 43214K->27906K(48640K), 0.0004110 secs] [Times: user=0.00 sys=0.01, real=0.00 secs] 
121.556: Total time for which application threads were stopped: 0.0005310 seconds, Stopping threads took: 0.0000530 seconds
121.622: Application time: 0.0658990 seconds
121.622: [GC [PSYoungGen: 15741K->352K(16384K)] 43263K->27890K(48640K), 0.0004280 secs] [Times: user=0.00 sys=0.00, real=0.00 secs] 
121.622: Total time for which application threads were stopped: 0.0005430 seconds, Stopping threads took: 0.0000520 seconds
121.688: Application time: 0.0658820 seconds
121.688: [GC [PSYoungGen: 15709K->352K(16384K)] 43248K->28114K(48640K), 0.0004320 secs] [Times: user=0.00 sys=0.00, real=0.00 secs] 
121.689: Total time for which application threads were stopped: 0.0005660 seconds, Stopping threads took: 0.0000640 seconds
121.755: Application time: 0.0663500 seconds
121.755: [GC [PSYoungGen: 15711K->352K(16384K)] 43473K->28178K(48640K), 0.0004360 secs] [Times: user=0.00 sys=0.00, real=0.00 secs] 
121.756: Total time for which application threads were stopped: 0.0005710 seconds, Stopping threads took: 0.0000640 seconds
121.805: Application time: 0.0491170 seconds
121.805: [GC [PSYoungGen: 15708K->288K(16384K)] 43534K->28319K(48640K), 0.0004630 secs] [Times: user=0.01 sys=0.00, real=0.00 secs] 
121.805: Total time for which application threads were stopped: 0.0005750 seconds, Stopping threads took: 0.0000520 seconds
121.870: Application time: 0.0644700 seconds
121.870: [GC [PSYoungGen: 15647K->416K(16384K)] 43678K->28463K(48640K), 0.0004040 secs] [Times: user=0.00 sys=0.00, real=0.00 secs] 
121.870: Total time for which application threads were stopped: 0.0005230 seconds, Stopping threads took: 0.0000600 seconds
121.935: Application time: 0.0651880 seconds
121.936: [GC [PSYoungGen: 15775K->288K(16384K)] 43822K->28567K(48640K), 0.0005170 secs] [Times: user=0.01 sys=0.00, real=0.00 secs] 
121.936: Total time for which application threads were stopped: 0.0006310 seconds, Stopping threads took: 0.0000520 seconds
122.004: Application time: 0.0676150 seconds
122.004: [GC [PSYoungGen: 15645K->0K(16384K)] 43924K->28523K(48640K), 0.0004610 secs] [Times: user=0.00 sys=0.00, real=0.00 secs] 
122.004: Total time for which application threads were stopped: 0.0005800 seconds, Stopping threads took: 0.0000590 seconds
122.072: Application time: 0.0677610 seconds
122.072: [GC [PSYoungGen: 15357K->0K(16384K)] 43881K->28523K(48640K), 0.0003500 secs] [Times: user=0.00 sys=0.00, real=0.00 secs] 
122.073: Total time for which application threads were stopped: 0.0004650 seconds, Stopping threads took: 0.0000510 seconds
122.135: Application time: 0.0622370 seconds
122.135: [GC [PSYoungGen: 15356K->384K(16384K)] 43879K->28907K(48640K), 0.0004260 secs] [Times: user=0.00 sys=0.00, real=0.00 secs] 
122.135: Total time for which application threads were stopped: 0.0005410 seconds, Stopping threads took: 0.0000540 seconds
122.188: Application time: 0.0528210 seconds
122.188: [GC [PSYoungGen: 15740K->480K(16384K)] 44264K->29067K(48640K), 0.0004230 secs] [Times: user=0.00 sys=0.00, real=0.00 secs] 
122.189: Total time for which application threads were stopped: 0.0005380 seconds, Stopping threads took: 0.0000560 seconds
122.237: Application time: 0.0483800 seconds
122.237: [GC [PSYoungGen: 15836K->768K(16384K)] 44424K->29371K(48640K), 0.0005380 secs] [Times: user=0.00 sys=0.00, real=0.00 secs] 
122.238: Total time for which application threads were stopped: 0.0006770 seconds, Stopping threads took: 0.0000780 seconds
122.301: Application time: 0.0636200 seconds
122.302: [GC [PSYoungGen: 16127K->384K(16384K)] 44731K->29440K(48640K), 0.0005170 secs] [Times: user=0.00 sys=0.00, real=0.00 secs] 
122.302: Total time for which application threads were stopped: 0.0006510 seconds, Stopping threads took: 0.0000650 seconds
122.353: Application time: 0.0510520 seconds
122.353: [GC [PSYoungGen: 15742K->480K(16384K)] 44798K->29552K(48640K), 0.0004930 secs] [Times: user=0.00 sys=0.00, real=0.00 secs] 
122.354: Total time for which application threads were stopped: 0.0006140 seconds, Stopping threads took: 0.0000610 seconds
122.402: Application time: 0.0484290 seconds
122.402: [GC [PSYoungGen: 15838K->512K(16384K)] 44911K->29836K(48640K), 0.0004820 secs] [Times: user=0.00 sys=0.00, real=0.00 secs] 
122.403: Total time for which application threads were stopped: 0.0006130 seconds, Stopping threads took: 0.0000670 seconds
122.463: Application time: 0.0604630 seconds
122.463: [GC [PSYoungGen: 15871K->512K(16384K)] 45196K->29852K(48640K), 0.0004770 secs] [Times: user=0.01 sys=0.00, real=0.01 secs] 
122.464: Total time for which application threads were stopped: 0.0005960 seconds, Stopping threads took: 0.0000560 seconds
122.526: Application time: 0.0626320 seconds
122.527: [GC [PSYoungGen: 15869K->544K(16384K)] 45210K->30140K(48640K), 0.0004790 secs] [Times: user=0.01 sys=0.00, real=0.00 secs] 
122.527: Total time for which application threads were stopped: 0.0006040 seconds, Stopping threads took: 0.0000670 seconds
122.575: Application time: 0.0483900 seconds
122.576: [GC [PSYoungGen: 15900K->544K(16384K)] 45496K->30361K(48640K), 0.0004910 secs] [Times: user=0.01 sys=0.00, real=0.00 secs] 
122.576: Total time for which application threads were stopped: 0.0006090 seconds, Stopping threads took: 0.0000530 seconds
122.639: Application time: 0.0633670 seconds
122.644: [GC [PSYoungGen: 15902K->576K(16384K)] 45720K->30641K(48640K), 0.0004920 secs] [Times: user=0.01 sys=0.00, real=0.00 secs] 
122.644: Total time for which application threads were stopped: 0.0050190 seconds, Stopping threads took: 0.0044640 seconds
122.712: Application time: 0.0677580 seconds
122.712: [GC [PSYoungGen: 15933K->0K(16384K)] 45999K->30490K(48640K), 0.0004680 secs] [Times: user=0.00 sys=0.00, real=0.00 secs] 
122.713: Total time for which application threads were stopped: 0.0005970 seconds, Stopping threads took: 0.0000690 seconds
122.778: Application time: 0.0656190 seconds
122.779: [GC [PSYoungGen: 15359K->384K(16384K)] 45850K->30874K(48640K), 0.0004140 secs] [Times: user=0.00 sys=0.00, real=0.00 secs] 
122.779: Total time for which application threads were stopped: 0.0005450 seconds, Stopping threads took: 0.0000630 seconds
122.845: Application time: 0.0659630 seconds
122.845: [GC [PSYoungGen: 15740K->416K(16384K)] 46231K->31130K(48640K), 0.0004410 secs] [Times: user=0.00 sys=0.00, real=0.00 secs] 
122.846: Total time for which application threads were stopped: 0.0005860 seconds, Stopping threads took: 0.0000710 seconds
122.914: Application time: 0.0682960 seconds
122.914: [GC [PSYoungGen: 15773K->0K(16384K)] 46488K->30927K(48640K), 0.0004450 secs] [Times: user=0.00 sys=0.00, real=0.00 secs] 
122.914: Total time for which application threads were stopped: 0.0005730 seconds, Stopping threads took: 0.0000680 seconds
122.977: Application time: 0.0621610 seconds
122.977: [GC [PSYoungGen: 15356K->512K(16384K)] 46284K->31439K(48640K), 0.0004830 secs] [Times: user=0.01 sys=0.00, real=0.00 secs] 
122.977: Total time for which application threads were stopped: 0.0005980 seconds, Stopping threads took: 0.0000530 seconds
123.029: Application time: 0.0519410 seconds
123.029: [GC [PSYoungGen: 15867K->416K(16384K)] 46794K->31563K(48640K), 0.0004300 secs] [Times: user=0.00 sys=0.00, real=0.00 secs] 
123.030: Total time for which application threads were stopped: 0.0005390 seconds, Stopping threads took: 0.0000500 seconds
123.096: Application time: 0.0668120 seconds
123.097: [GC [PSYoungGen: 15773K->352K(16384K)] 46920K->31523K(48640K), 0.0004090 secs] [Times: user=0.00 sys=0.00, real=0.00 secs] 
123.097: Total time for which application threads were stopped: 0.0005170 seconds, Stopping threads took: 0.0000480 seconds
123.165: Application time: 0.0677000 seconds
123.165: [GC [PSYoungGen: 15709K->0K(16384K)] 46881K->31384K(48640K), 0.0004180 secs] [Times: user=0.00 sys=0.00, real=0.00 secs] 
123.165: Total time for which application threads were stopped: 0.0005370 seconds, Stopping threads took: 0.0000530 seconds
123.221: Application time: 0.0559430 seconds
123.221: [GC [PSYoungGen: 15356K->352K(16384K)] 46740K->31736K(48640K), 0.0004300 secs] [Times: user=0.00 sys=0.00, real=0.00 secs] 
123.222: Total time for which application threads were stopped: 0.0005490 seconds, Stopping threads took: 0.0000560 seconds
123.281: Application time: 0.0591260 seconds
123.281: [GC [PSYoungGen: 15707K->352K(16384K)] 47092K->31760K(48640K), 0.0004320 secs] [Times: user=0.01 sys=0.00, real=0.00 secs] 
123.281: Total time for which application threads were stopped: 0.0005410 seconds, Stopping threads took: 0.0000500 seconds
123.348: Application time: 0.0663020 seconds
123.348: [GC [PSYoungGen: 15711K->384K(16384K)] 47119K->31816K(48640K), 0.0005070 secs] [Times: user=0.01 sys=0.00, real=0.00 secs] 
123.348: Total time for which application threads were stopped: 0.0006320 seconds, Stopping threads took: 0.0000540 seconds
123.414: Application time: 0.0652020 seconds
123.414: [GC [PSYoungGen: 15741K->384K(16384K)] 47173K->32044K(48640K), 0.0004590 secs] [Times: user=0.00 sys=0.00, real=0.00 secs] 
123.414: Total time for which application threads were stopped: 0.0005800 seconds, Stopping threads took: 0.0000580 seconds
123.481: Application time: 0.0664890 seconds
123.481: [GC [PSYoungGen: 15741K->352K(16384K)] 47402K->32252K(48640K), 0.0004980 secs] [Times: user=0.01 sys=0.00, real=0.00 secs] 
123.481: [Full GC [PSYoungGen: 352K->0K(16384K)] [ParOldGen: 31900K->4383K(31744K)] 32252K->4383K(48128K) [PSPermGen: 5544K->5544K(21504K)], 0.0058830 secs] [Times: user=0.02 sys=0.00, real=0.01 secs] 
123.487: Total time for which application threads were stopped: 0.0066000 seconds, Stopping threads took: 0.0000990 seconds
123.537: Application time: 0.0494310 seconds
123.537: [GC [PSYoungGen: 15356K->384K(16384K)] 19739K->4767K(48128K), 0.0003720 secs] [Times: user=0.00 sys=0.00, real=0.00 secs] 
123.537: Total time for which application threads were stopped: 0.0004940 seconds, Stopping threads took: 0.0000600 seconds
123.603: Application time: 0.0658360 seconds
123.603: [GC [PSYoungGen: 15743K->352K(16384K)] 20127K->4743K(48128K), 0.0003830 secs] [Times: user=0.00 sys=0.00, real=0.00 secs] 
123.603: Total time for which application threads were stopped: 0.0005070 seconds, Stopping threads took: 0.0000630 seconds
123.670: Application time: 0.0667740 seconds
123.670: [GC [PSYoungGen: 15711K->384K(16384K)] 20102K->5023K(48128K), 0.0004280 secs] [Times: user=0.00 sys=0.00, real=0.00 secs] 
123.671: Total time for which application threads were stopped: 0.0005600 seconds, Stopping threads took: 0.0000670 seconds
123.739: Application time: 0.0677410 seconds
123.739: [GC [PSYoungGen: 15741K->0K(16384K)] 20380K->4899K(48128K), 0.0004060 secs] [Times: user=0.00 sys=0.00, real=0.00 secs] 
123.739: Total time for which application threads were stopped: 0.0005120 seconds, Stopping threads took: 0.0000450 seconds
123.807: Application time: 0.0676110 seconds
123.807: [GC [PSYoungGen: 15357K->0K(16384K)] 20257K->4899K(48128K), 0.0003280 secs] [Times: user=0.00 sys=0.00, real=0.00 secs] 
123.807: Total time for which application threads were stopped: 0.0004470 seconds, Stopping threads took: 0.0000610 seconds
123.866: Application time: 0.0588910 seconds
123.868: [GC [PSYoungGen: 15359K->320K(16384K)] 20259K->5219K(48128K), 0.0004760 secs] [Times: user=0.00 sys=0.00, real=0.00 secs] 
123.868: Total time for which application threads were stopped: 0.0023640 seconds, Stopping threads took: 0.0018160 seconds
123.925: Application time: 0.0562590 seconds
123.925: [GC [PSYoungGen: 15679K->544K(16384K)] 20579K->5499K(48128K), 0.0004060 secs] [Times: user=0.00 sys=0.00, real=0.00 secs] 
123.925: Total time for which application threads were stopped: 0.0005360 seconds, Stopping threads took: 0.0000680 seconds
123.973: Application time: 0.0476340 seconds
123.973: [GC [PSYoungGen: 15901K->704K(16384K)] 20857K->5675K(48128K), 0.0004490 secs] [Times: user=0.00 sys=0.00, real=0.00 secs] 
123.973: Total time for which application threads were stopped: 0.0005770 seconds, Stopping threads took: 0.0000610 seconds
124.037: Application time: 0.0638480 seconds
124.037: [GC [PSYoungGen: 16063K->416K(16384K)] 21035K->5845K(48128K), 0.0004450 secs] [Times: user=0.00 sys=0.00, real=0.00 secs] 
124.038: Total time for which application threads were stopped: 0.0005560 seconds, Stopping threads took: 0.0000490 seconds
124.088: Application time: 0.0500500 seconds
124.088: [GC [PSYoungGen: 15773K->512K(16384K)] 21202K->6157K(48128K), 0.0005210 secs] [Times: user=0.01 sys=0.00, real=0.00 secs] 
124.088: Total time for which application threads were stopped: 0.0006380 seconds, Stopping threads took: 0.0000590 seconds
124.133: Application time: 0.0447290 seconds
124.133: [GC [PSYoungGen: 15870K->576K(16384K)] 21515K->6285K(48128K), 0.0004090 secs] [Times: user=0.00 sys=0.00, real=0.00 secs] 
124.134: Total time for which application threads were stopped: 0.0005240 seconds, Stopping threads took: 0.0000460 seconds
124.198: Application time: 0.0641810 seconds
124.198: [GC [PSYoungGen: 15934K->512K(16384K)] 21643K->6277K(48128K), 0.0003960 secs] [Times: user=0.00 sys=0.00, real=0.00 secs] 
124.198: Total time for which application threads were stopped: 0.0005110 seconds, Stopping threads took: 0.0000560 seconds
124.252: Application time: 0.0531470 seconds
124.252: [GC [PSYoungGen: 15871K->352K(16384K)] 21636K->6526K(48128K), 0.0004470 secs] [Times: user=0.01 sys=0.00, real=0.01 secs] 
124.252: Total time for which application threads were stopped: 0.0005680 seconds, Stopping threads took: 0.0000570 seconds
124.311: Application time: 0.0590520 seconds
124.311: [GC [PSYoungGen: 15707K->576K(16384K)] 21881K->6758K(48128K), 0.0004130 secs] [Times: user=0.00 sys=0.00, real=0.00 secs] 
124.312: Total time for which application threads were stopped: 0.0005210 seconds, Stopping threads took: 0.0000450 seconds
124.375: Application time: 0.0637100 seconds
124.376: [GC [PSYoungGen: 15934K->512K(16384K)] 22116K->6938K(48128K), 0.0004610 secs] [Times: user=0.00 sys=0.00, real=0.00 secs] 
124.376: Total time for which application threads were stopped: 0.0006020 seconds, Stopping threads took: 0.0000670 seconds
124.443: Application time: 0.0674130 seconds
124.444: [GC [PSYoungGen: 15869K->0K(16384K)] 22296K->6847K(48128K), 0.0004100 secs] [Times: user=0.00 sys=0.00, real=0.01 secs] 
124.444: Total time for which application threads were stopped: 0.0005320 seconds, Stopping threads took: 0.0000570 seconds
124.509: Application time: 0.0650110 seconds
124.509: [GC [PSYoungGen: 15356K->544K(16384K)] 22204K->7391K(48128K), 0.0003850 secs] [Times: user=0.00 sys=0.00, real=0.00 secs] 
124.510: Total time for which application threads were stopped: 0.0005170 seconds, Stopping threads took: 0.0000680 seconds
124.576: Application time: 0.0667070 seconds
124.576: [GC [PSYoungGen: 15903K->384K(16384K)] 22750K->7467K(48128K), 0.0004070 secs] [Times: user=0.00 sys=0.00, real=0.00 secs] 
124.577: Total time for which application threads were stopped: 0.0005410 seconds, Stopping threads took: 0.0000700 seconds
124.645: Application time: 0.0678540 seconds
124.645: [GC [PSYoungGen: 15741K->0K(16384K)] 22825K->7299K(48128K), 0.0003790 secs] [Times: user=0.00 sys=0.00, real=0.00 secs] 
124.645: Total time for which application threads were stopped: 0.0004930 seconds, Stopping threads took: 0.0000520 seconds
124.703: Application time: 0.0582840 seconds
124.704: [GC [PSYoungGen: 15355K->544K(16384K)] 22655K->7843K(48128K), 0.0004000 secs] [Times: user=0.00 sys=0.00, real=0.01 secs] 
124.704: Total time for which application threads were stopped: 0.0005280 seconds, Stopping threads took: 0.0000670 seconds
124.760: Application time: 0.0559000 seconds
124.760: [GC [PSYoungGen: 15901K->352K(16384K)] 23201K->7864K(48128K), 0.0003960 secs] [Times: user=0.00 sys=0.00, real=0.00 secs] 
124.760: Total time for which application threads were stopped: 0.0004980 seconds, Stopping threads took: 0.0000450 seconds
124.827: Application time: 0.0664260 seconds
124.827: [GC [PSYoungGen: 15708K->352K(16384K)] 23220K->7888K(48128K), 0.0003630 secs] [Times: user=0.00 sys=0.00, real=0.00 secs] 
124.827: Total time for which application threads were stopped: 0.0004640 seconds, Stopping threads took: 0.0000410 seconds
124.895: Application time: 0.0678180 seconds
124.895: [GC [PSYoungGen: 15709K->0K(16384K)] 23246K->7760K(48128K), 0.0004010 secs] [Times: user=0.01 sys=0.00, real=0.00 secs] 
124.896: Total time for which application threads were stopped: 0.0005410 seconds, Stopping threads took: 0.0000640 seconds
124.946: Application time: 0.0500240 seconds
124.946: [GC [PSYoungGen: 15356K->320K(16384K)] 23116K->8080K(48128K), 0.0004070 secs] [Times: user=0.00 sys=0.00, real=0.00 secs] 
124.946: Total time for which application threads were stopped: 0.0005250 seconds, Stopping threads took: 0.0000570 seconds
125.011: Application time: 0.0650310 seconds
125.011: [GC [PSYoungGen: 15679K->288K(16384K)] 23439K->8064K(48128K), 0.0004500 secs] [Times: user=0.00 sys=0.00, real=0.00 secs] 
125.012: Total time for which application threads were stopped: 0.0005890 seconds, Stopping threads took: 0.0000620 seconds
125.079: Application time: 0.0668380 seconds
125.079: [GC [PSYoungGen: 15644K->384K(16384K)] 23421K->8184K(48128K), 0.0003800 secs] [Times: user=0.01 sys=0.00, real=0.00 secs] 
125.079: Total time for which application threads were stopped: 0.0005010 seconds, Stopping threads took: 0.0000620 seconds
125.145: Application time: 0.0660630 seconds
125.148: [GC [PSYoungGen: 15741K->352K(16384K)] 23541K->8357K(48128K), 0.0004290 secs] [Times: user=0.00 sys=0.00, real=0.00 secs] 
125.148: Total time for which application threads were stopped: 0.0031340 seconds, Stopping threads took: 0.0026420 seconds
125.214: Application time: 0.0659880 seconds
125.214: [GC [PSYoungGen: 15709K->384K(16384K)] 23714K->8629K(48128K), 0.0003980 secs] [Times: user=0.01 sys=0.00, real=0.00 secs] 
125.215: Total time for which application threads were stopped: 0.0005440 seconds, Stopping threads took: 0.0000820 seconds
125.265: Application time: 0.0500820 seconds
125.265: [GC [PSYoungGen: 15742K->288K(16384K)] 23987K->8541K(48128K), 0.0004120 secs] [Times: user=0.01 sys=0.00, real=0.00 secs] 
125.265: Total time for which application threads were stopped: 0.0005360 seconds, Stopping threads took: 0.0000570 seconds
125.330: Application time: 0.0647460 seconds
125.330: [GC [PSYoungGen: 15645K->512K(16384K)] 23898K->8781K(48128K), 0.0004100 secs] [Times: user=0.00 sys=0.00, real=0.00 secs] 
125.331: Total time for which application threads were stopped: 0.0005210 seconds, Stopping threads took: 0.0000480 seconds
125.398: Application time: 0.0673620 seconds
125.398: [GC [PSYoungGen: 15868K->384K(16384K)] 24137K->8897K(48128K), 0.0004270 secs] [Times: user=0.00 sys=0.00, real=0.00 secs] 
125.399: Total time for which application threads were stopped: 0.0005670 seconds, Stopping threads took: 0.0000620 seconds
125.467: Application time: 0.0678570 seconds
125.467: [GC [PSYoungGen: 15741K->0K(16384K)] 24255K->8750K(48128K), 0.0003990 secs] [Times: user=0.00 sys=0.00, real=0.00 secs] 
125.467: Total time for which application threads were stopped: 0.0005240 seconds, Stopping threads took: 0.0000680 seconds
125.535: Application time: 0.0680560 seconds
125.535: [GC [PSYoungGen: 15357K->0K(16384K)] 24107K->8750K(48128K), 0.0003350 secs] [Times: user=0.00 sys=0.00, real=0.00 secs] 
125.536: Total time for which application threads were stopped: 0.0004480 seconds, Stopping threads took: 0.0000480 seconds
125.593: Application time: 0.0575170 seconds
125.593: [GC [PSYoungGen: 15359K->416K(16384K)] 24109K->9166K(48128K), 0.0004120 secs] [Times: user=0.00 sys=0.00, real=0.00 secs] 
125.594: Total time for which application threads were stopped: 0.0005370 seconds, Stopping threads took: 0.0000610 seconds
125.647: Application time: 0.0535420 seconds
125.647: [GC [PSYoungGen: 15773K->800K(16384K)] 24523K->9606K(48128K), 0.0004460 secs] [Times: user=0.00 sys=0.00, real=0.00 secs] 
125.648: Total time for which application threads were stopped: 0.0005720 seconds, Stopping threads took: 0.0000580 seconds
125.697: Application time: 0.0493160 seconds
125.697: [GC [PSYoungGen: 16158K->544K(16384K)] 24964K->9570K(48128K), 0.0004610 secs] [Times: user=0.01 sys=0.00, real=0.00 secs] 
125.699: Total time for which application threads were stopped: 0.0016350 seconds, Stopping threads took: 0.0000570 seconds
125.764: Application time: 0.0655070 seconds
125.764: [GC [PSYoungGen: 15903K->352K(16384K)] 24930K->9626K(48128K), 0.0004210 secs] [Times: user=0.00 sys=0.00, real=0.00 secs] 
125.765: Total time for which application threads were stopped: 0.0005550 seconds, Stopping threads took: 0.0000780 seconds
125.805: Application time: 0.0403970 seconds
125.805: [GC [PSYoungGen: 15711K->608K(16384K)] 24986K->10103K(48128K), 0.0004640 secs] [Times: user=0.00 sys=0.00, real=0.00 secs] 
125.806: Total time for which application threads were stopped: 0.0006050 seconds, Stopping threads took: 0.0000750 seconds
125.859: Application time: 0.0532840 seconds
125.859: [GC [PSYoungGen: 15965K->512K(16384K)] 25461K->10071K(48128K), 0.0004350 secs] [Times: user=0.00 sys=0.00, real=0.00 secs] 
125.860: Total time for which application threads were stopped: 0.0005460 seconds, Stopping threads took: 0.0000500 seconds
125.924: Application time: 0.0640790 seconds
125.924: [GC [PSYoungGen: 15868K->544K(16384K)] 25428K->10167K(48128K), 0.0004770 secs] [Times: user=0.00 sys=0.00, real=0.00 secs] 
125.924: Total time for which application threads were stopped: 0.0006190 seconds, Stopping threads took: 0.0000630 seconds
125.975: Application time: 0.0503790 seconds
125.975: [GC [PSYoungGen: 15901K->384K(16384K)] 25525K->10431K(48128K), 0.0004580 secs] [Times: user=0.01 sys=0.00, real=0.00 secs] 
125.975: Total time for which application threads were stopped: 0.0005890 seconds, Stopping threads took: 0.0000670 seconds
126.036: Application time: 0.0607540 seconds
126.036: [GC [PSYoungGen: 15743K->512K(16384K)] 25791K->10567K(48128K), 0.0004190 secs] [Times: user=0.00 sys=0.00, real=0.00 secs] 
126.037: Total time for which application threads were stopped: 0.0005460 seconds, Stopping threads took: 0.0000680 seconds
126.101: Application time: 0.0643280 seconds
126.101: [GC [PSYoungGen: 15868K->576K(16384K)] 25923K->10892K(48128K), 0.0004550 secs] [Times: user=0.01 sys=0.00, real=0.00 secs] 
126.101: Total time for which application threads were stopped: 0.0005730 seconds, Stopping threads took: 0.0000510 seconds
126.169: Application time: 0.0672810 seconds
126.172: [GC [PSYoungGen: 15933K->0K(16384K)] 26249K->10725K(48128K), 0.0004450 secs] [Times: user=0.00 sys=0.00, real=0.00 secs] 
126.172: Total time for which application threads were stopped: 0.0035820 seconds, Stopping threads took: 0.0030760 seconds
126.238: Application time: 0.0655690 seconds
126.238: [GC [PSYoungGen: 15356K->512K(16384K)] 26081K->11237K(48128K), 0.0004480 secs] [Times: user=0.00 sys=0.00, real=0.00 secs] 
126.238: Total time for which application threads were stopped: 0.0005720 seconds, Stopping threads took: 0.0000630 seconds
126.306: Application time: 0.0676740 seconds
126.306: [GC [PSYoungGen: 15869K->0K(16384K)] 26594K->11134K(48128K), 0.0004270 secs] [Times: user=0.00 sys=0.00, real=0.00 secs] 
126.307: Total time for which application threads were stopped: 0.0005650 seconds, Stopping threads took: 0.0000720 seconds
126.374: Application time: 0.0671670 seconds
126.374: [GC [PSYoungGen: 15359K->384K(16384K)] 26493K->11518K(48128K), 0.0003990 secs] [Times: user=0.01 sys=0.00, real=0.00 secs] 
126.374: Total time for which application threads were stopped: 0.0005230 seconds, Stopping threads took: 0.0000580 seconds
126.424: Application time: 0.0498620 seconds
126.424: [GC [PSYoungGen: 15742K->512K(16384K)] 26876K->11670K(48128K), 0.0003980 secs] [Times: user=0.01 sys=0.00, real=0.00 secs] 
126.425: Total time for which application threads were stopped: 0.0005460 seconds, Stopping threads took: 0.0000760 seconds
126.490: Application time: 0.0651910 seconds
126.490: [GC [PSYoungGen: 15871K->320K(16384K)] 27029K->11690K(48128K), 0.0003900 secs] [Times: user=0.00 sys=0.00, real=0.00 secs] 
126.491: Total time for which application threads were stopped: 0.0004900 seconds, Stopping threads took: 0.0000420 seconds
126.557: Application time: 0.0669580 seconds
126.558: [GC [PSYoungGen: 15677K->352K(16384K)] 27047K->11730K(48128K), 0.0004160 secs] [Times: user=0.00 sys=0.00, real=0.00 secs] 
126.558: Total time for which application threads were stopped: 0.0005380 seconds, Stopping threads took: 0.0000580 seconds
126.621: Application time: 0.0632440 seconds
126.621: [GC [PSYoungGen: 15709K->384K(16384K)] 27088K->11970K(48128K), 0.0004010 secs] [Times: user=0.00 sys=0.00, real=0.00 secs] 
126.622: Total time for which application threads were stopped: 0.0005190 seconds, Stopping threads took: 0.0000560 seconds
126.675: Application time: 0.0536230 seconds
126.676: [GC [PSYoungGen: 15739K->256K(16384K)] 27326K->11850K(48128K), 0.0004260 secs] [Times: user=0.00 sys=0.00, real=0.00 secs] 
126.676: Total time for which application threads were stopped: 0.0005480 seconds, Stopping threads took: 0.0000580 seconds
126.742: Application time: 0.0664680 seconds
126.743: [GC [PSYoungGen: 15615K->256K(16384K)] 27210K->11866K(48128K), 0.0003900 secs] [Times: user=0.00 sys=0.00, real=0.00 secs] 
126.743: Total time for which application threads were stopped: 0.0005170 seconds, Stopping threads took: 0.0000600 seconds
126.809: Application time: 0.0664060 seconds
126.809: [GC [PSYoungGen: 15616K->384K(16384K)] 27226K->12223K(48128K), 0.0004310 secs] [Times: user=0.00 sys=0.00, real=0.00 secs] 
126.810: Total time for which application threads were stopped: 0.0005390 seconds, Stopping threads took: 0.0000460 seconds
126.878: Application time: 0.0678270 seconds
126.878: [GC [PSYoungGen: 15741K->352K(16384K)] 27580K->12247K(48128K), 0.0003880 secs] [Times: user=0.00 sys=0.00, real=0.00 secs] 
126.878: Total time for which application threads were stopped: 0.0005080 seconds, Stopping threads took: 0.0000640 seconds
126.935: Application time: 0.0571220 seconds
126.935: [GC [PSYoungGen: 15708K->416K(16384K)] 27603K->12540K(48128K), 0.0003950 secs] [Times: user=0.00 sys=0.00, real=0.00 secs] 
126.936: Total time for which application threads were stopped: 0.0005300 seconds, Stopping threads took: 0.0000630 seconds
126.994: Application time: 0.0584960 seconds
126.994: [GC [PSYoungGen: 15773K->288K(16384K)] 27897K->12420K(48128K), 0.0004240 secs] [Times: user=0.00 sys=0.00, real=0.00 secs] 
126.995: Total time for which application threads were stopped: 0.0005450 seconds, Stopping threads took: 0.0000630 seconds
127.059: Application time: 0.0640090 seconds
127.059: [GC [PSYoungGen: 15643K->576K(16384K)] 27775K->12716K(48128K), 0.0004460 secs] [Times: user=0.00 sys=0.00, real=0.00 secs] 
127.060: Total time for which application threads were stopped: 0.0005750 seconds, Stopping threads took: 0.0000680 seconds
127.127: Application time: 0.0678460 seconds
127.127: [GC [PSYoungGen: 15933K->0K(16384K)] 28073K->12613K(48128K), 0.0004790 secs] [Times: user=0.01 sys=0.00, real=0.00 secs] 
127.128: Total time for which application threads were stopped: 0.0006090 seconds, Stopping threads took: 0.0000620 seconds
127.196: Application time: 0.0682940 seconds
127.196: [GC [PSYoungGen: 15357K->0K(16384K)] 27970K->12613K(48128K), 0.0003500 secs] [Times: user=0.01 sys=0.00, real=0.00 secs] 
127.197: Total time for which application threads were stopped: 0.0004700 seconds, Stopping threads took: 0.0000610 seconds
127.265: Application time: 0.0681680 seconds
127.265: [GC [PSYoungGen: 15357K->0K(16384K)] 27970K->12613K(48128K), 0.0003990 secs] [Times: user=0.00 sys=0.00, real=0.00 secs] 
127.265: Total time for which application threads were stopped: 0.0005320 seconds, Stopping threads took: 0.0000670 seconds
127.317: Application time: 0.0517010 seconds
127.317: [GC [PSYoungGen: 15359K->384K(16384K)] 27972K->12997K(48128K), 0.0004070 secs] [Times: user=0.00 sys=0.00, real=0.00 secs] 
127.318: Total time for which application threads were stopped: 0.0005270 seconds, Stopping threads took: 0.0000610 seconds
127.371: Application time: 0.0531280 seconds
127.371: [GC [PSYoungGen: 15741K->768K(16384K)] 28355K->13437K(48128K), 0.0004650 secs] [Times: user=0.00 sys=0.00, real=0.00 secs] 
127.371: Total time for which application threads were stopped: 0.0006010 seconds, Stopping threads took: 0.0000680 seconds
127.426: Application time: 0.0547890 seconds
127.426: [GC [PSYoungGen: 16125K->480K(16384K)] 28794K->13401K(48128K), 0.0005000 secs] [Times: user=0.00 sys=0.00, real=0.00 secs] 
127.427: Total time for which application threads were stopped: 0.0006280 seconds, Stopping threads took: 0.0000580 seconds
127.494: Application time: 0.0667460 seconds
127.494: [GC [PSYoungGen: 15839K->384K(16384K)] 28761K->13521K(48128K), 0.0003840 secs] [Times: user=0.01 sys=0.00, real=0.00 secs] 
127.494: Total time for which application threads were stopped: 0.0005280 seconds, Stopping threads took: 0.0000710 seconds
127.543: Application time: 0.0493370 seconds
127.544: [GC [PSYoungGen: 15741K->576K(16384K)] 28879K->13929K(48128K), 0.0004660 secs] [Times: user=0.00 sys=0.00, real=0.01 secs] 
127.544: Total time for which application threads were stopped: 0.0005810 seconds, Stopping threads took: 0.0000550 seconds
127.589: Application time: 0.0449010 seconds
127.589: [GC [PSYoungGen: 15933K->480K(16384K)] 29287K->13897K(48128K), 0.0004350 secs] [Times: user=0.01 sys=0.00, real=0.00 secs] 
127.590: Total time for which application threads were stopped: 0.0005700 seconds, Stopping threads took: 0.0000700 seconds
127.650: Application time: 0.0605330 seconds
127.650: [GC [PSYoungGen: 15838K->704K(16384K)] 29256K->14177K(48128K), 0.0004420 secs] [Times: user=0.00 sys=0.00, real=0.00 secs] 
127.651: Total time for which application threads were stopped: 0.0005480 seconds, Stopping threads took: 0.0000480 seconds
127.701: Application time: 0.0502310 seconds
127.701: [GC [PSYoungGen: 16062K->512K(16384K)] 29536K->14387K(48128K), 0.0005140 secs] [Times: user=0.00 sys=0.00, real=0.00 secs] 
127.701: Total time for which application threads were stopped: 0.0006290 seconds, Stopping threads took: 0.0000560 seconds
127.766: Application time: 0.0642750 seconds
127.766: [GC [PSYoungGen: 15870K->512K(16384K)] 29745K->14451K(48128K), 0.0004220 secs] [Times: user=0.00 sys=0.00, real=0.00 secs] 
127.766: Total time for which application threads were stopped: 0.0005310 seconds, Stopping threads took: 0.0000470 seconds
127.831: Application time: 0.0650810 seconds
127.831: [GC [PSYoungGen: 15868K->320K(16384K)] 29807K->14676K(48128K), 0.0004420 secs] [Times: user=0.00 sys=0.00, real=0.01 secs] 
127.832: Total time for which application threads were stopped: 0.0005580 seconds, Stopping threads took: 0.0000570 seconds
127.899: Application time: 0.0671560 seconds
127.899: [GC [PSYoungGen: 15677K->0K(16384K)] 30033K->14564K(48128K), 0.0004270 secs] [Times: user=0.00 sys=0.00, real=0.00 secs] 
127.900: Total time for which application threads were stopped: 0.0005570 seconds, Stopping threads took: 0.0000640 seconds
127.964: Application time: 0.0645710 seconds
127.964: [GC [PSYoungGen: 15358K->576K(16384K)] 29922K->15140K(48128K), 0.0003970 secs] [Times: user=0.00 sys=0.00, real=0.00 secs] 
127.965: Total time for which application threads were stopped: 0.0005070 seconds, Stopping threads took: 0.0000530 seconds
128.031: Application time: 0.0666860 seconds
128.032: [GC [PSYoungGen: 15935K->384K(16384K)] 30499K->15168K(48128K), 0.0004130 secs] [Times: user=0.00 sys=0.00, real=0.01 secs] 
128.032: Total time for which application threads were stopped: 0.0005610 seconds, Stopping threads took: 0.0000710 seconds
128.089: Application time: 0.0567840 seconds
128.089: [GC [PSYoungGen: 15744K->544K(16384K)] 30528K->15557K(48128K), 0.0004410 secs] [Times: user=0.00 sys=0.00, real=0.00 secs] 
128.089: Total time for which application threads were stopped: 0.0005600 seconds, Stopping threads took: 0.0000600 seconds
128.147: Application time: 0.0573640 seconds
128.147: [GC [PSYoungGen: 15903K->384K(16384K)] 30917K->15621K(48128K), 0.0004120 secs] [Times: user=0.00 sys=0.00, real=0.00 secs] 
128.147: Total time for which application threads were stopped: 0.0005440 seconds, Stopping threads took: 0.0000690 seconds
128.215: Application time: 0.0680210 seconds
128.215: [GC [PSYoungGen: 15743K->256K(16384K)] 30980K->15501K(48128K), 0.0004240 secs] [Times: user=0.00 sys=0.00, real=0.00 secs] 
128.216: Total time for which application threads were stopped: 0.0005470 seconds, Stopping threads took: 0.0000640 seconds
128.284: Application time: 0.0679380 seconds
128.284: [GC [PSYoungGen: 15613K->0K(16384K)] 30858K->15461K(48128K), 0.0003940 secs] [Times: user=0.00 sys=0.00, real=0.00 secs] 
128.284: Total time for which application threads were stopped: 0.0005080 seconds, Stopping threads took: 0.0000540 seconds
128.343: Application time: 0.0589260 seconds
128.343: [GC [PSYoungGen: 15356K->384K(16384K)] 30817K->15845K(48128K), 0.0003790 secs] [Times: user=0.01 sys=0.00, real=0.00 secs] 
128.344: Total time for which application threads were stopped: 0.0005050 seconds, Stopping threads took: 0.0000550 seconds
128.401: Application time: 0.0575250 seconds
128.401: [GC [PSYoungGen: 15741K->320K(16384K)] 31203K->15805K(48128K), 0.0004020 secs] [Times: user=0.00 sys=0.00, real=0.00 secs] 
128.402: Total time for which application threads were stopped: 0.0005170 seconds, Stopping threads took: 0.0000580 seconds
128.468: Application time: 0.0662500 seconds
128.468: [GC [PSYoungGen: 15679K->416K(16384K)] 31164K->15917K(48128K), 0.0004280 secs] [Times: user=0.00 sys=0.00, real=0.00 secs] 
128.469: Total time for which application threads were stopped: 0.0005570 seconds, Stopping threads took: 0.0000660 seconds
128.534: Application time: 0.0657680 seconds
128.536: [GC [PSYoungGen: 15773K->384K(16384K)] 31274K->16105K(48128K), 0.0004450 secs] [Times: user=0.00 sys=0.00, real=0.00 secs] 
128.536: Total time for which application threads were stopped: 0.0020890 seconds, Stopping threads took: 0.0015730 seconds
128.604: Application time: 0.0678750 seconds
128.604: [GC [PSYoungGen: 15741K->0K(16384K)] 31463K->15969K(48128K), 0.0003900 secs] [Times: user=0.00 sys=0.00, real=0.00 secs] 
128.605: Total time for which application threads were stopped: 0.0005440 seconds, Stopping threads took: 0.0000890 seconds
128.660: Application time: 0.0556230 seconds
128.661: [GC [PSYoungGen: 15356K->288K(16384K)] 31325K->16257K(48128K), 0.0004040 secs] [Times: user=0.01 sys=0.00, real=0.00 secs] 
128.661: Total time for which application threads were stopped: 0.0005290 seconds, Stopping threads took: 0.0000630 seconds
128.721: Application time: 0.0597800 seconds
128.721: [GC [PSYoungGen: 15645K->384K(16384K)] 31615K->16377K(48128K), 0.0003710 secs] [Times: user=0.00 sys=0.00, real=0.00 secs] 
128.721: Total time for which application threads were stopped: 0.0004810 seconds, Stopping threads took: 0.0000510 seconds
128.785: Application time: 0.0638090 seconds
128.785: [GC [PSYoungGen: 15741K->560K(16384K)] 31735K->16561K(48128K), 0.0004650 secs] [Times: user=0.00 sys=0.00, real=0.00 secs] 
128.786: Total time for which application threads were stopped: 0.0005870 seconds, Stopping threads took: 0.0000610 seconds
128.853: Application time: 0.0678490 seconds
128.854: [GC [PSYoungGen: 15917K->0K(16384K)] 31919K->16482K(48128K), 0.0004620 secs] [Times: user=0.00 sys=0.00, real=0.00 secs] 
128.854: Total time for which application threads were stopped: 0.0005810 seconds, Stopping threads took: 0.0000550 seconds
128.922: Application time: 0.0680050 seconds
128.922: [GC [PSYoungGen: 15357K->0K(16384K)] 31839K->16482K(48128K), 0.0003560 secs] [Times: user=0.00 sys=0.00, real=0.00 secs] 
128.923: Total time for which application threads were stopped: 0.0005020 seconds, Stopping threads took: 0.0000810 seconds
128.986: Application time: 0.0636450 seconds
128.986: [GC [PSYoungGen: 15359K->368K(16384K)] 31842K->16850K(48128K), 0.0003780 secs] [Times: user=0.00 sys=0.00, real=0.00 secs] 
128.987: Total time for which application threads were stopped: 0.0004860 seconds, Stopping threads took: 0.0000500 seconds
129.039: Application time: 0.0521450 seconds
129.039: [GC [PSYoungGen: 15724K->384K(16384K)] 32206K->16914K(48128K), 0.0003920 secs] [Times: user=0.00 sys=0.00, real=0.00 secs] 
129.039: Total time for which application threads were stopped: 0.0005130 seconds, Stopping threads took: 0.0000450 seconds
129.093: Application time: 0.0538420 seconds
129.093: [GC [PSYoungGen: 15743K->768K(16384K)] 32273K->17306K(48128K), 0.0004490 secs] [Times: user=0.00 sys=0.00, real=0.00 secs] 
129.094: Total time for which application threads were stopped: 0.0006020 seconds, Stopping threads took: 0.0000890 seconds
129.152: Application time: 0.0583520 seconds
129.152: [GC [PSYoungGen: 16125K->352K(16384K)] 32664K->17331K(48128K), 0.0004510 secs] [Times: user=0.00 sys=0.00, real=0.00 secs] 
129.153: Total time for which application threads were stopped: 0.0005620 seconds, Stopping threads took: 0.0000530 seconds
129.219: Application time: 0.0661870 seconds
129.219: [GC [PSYoungGen: 15711K->384K(16384K)] 32690K->17379K(48128K), 0.0003880 secs] [Times: user=0.00 sys=0.00, real=0.00 secs] 
129.219: Total time for which application threads were stopped: 0.0005110 seconds, Stopping threads took: 0.0000590 seconds
129.264: Application time: 0.0450260 seconds
129.265: [GC [PSYoungGen: 15743K->544K(16384K)] 32738K->17767K(48128K), 0.0004620 secs] [Times: user=0.00 sys=0.00, real=0.00 secs] 
129.265: Total time for which application threads were stopped: 0.0005810 seconds, Stopping threads took: 0.0000590 seconds
129.314: Application time: 0.0490540 seconds
129.314: [GC [PSYoungGen: 15902K->480K(16384K)] 33125K->17743K(48128K), 0.0004850 secs] [Times: user=0.00 sys=0.00, real=0.00 secs] 
129.315: Total time for which application threads were stopped: 0.0006150 seconds, Stopping threads took: 0.0000700 seconds
129.368: Application time: 0.0535350 seconds
129.368: [GC [PSYoungGen: 15839K->704K(16384K)] 33103K->18023K(48128K), 0.0005110 secs] [Times: user=0.00 sys=0.00, real=0.00 secs] 
129.369: Total time for which application threads were stopped: 0.0006510 seconds, Stopping threads took: 0.0000770 seconds
129.424: Application time: 0.0555390 seconds
129.425: [GC [PSYoungGen: 16063K->480K(16384K)] 33383K->18220K(48128K), 0.0005490 secs] [Times: user=0.00 sys=0.00, real=0.00 secs] 
129.425: Total time for which application threads were stopped: 0.0006770 seconds, Stopping threads took: 0.0000630 seconds
129.490: Application time: 0.0649390 seconds
129.490: [GC [PSYoungGen: 15838K->512K(16384K)] 33578K->18505K(48128K), 0.0004370 secs] [Times: user=0.00 sys=0.00, real=0.00 secs] 
129.491: Total time for which application threads were stopped: 0.0005570 seconds, Stopping threads took: 0.0000580 seconds
129.557: Application time: 0.0663170 seconds
129.557: [GC [PSYoungGen: 15871K->384K(16384K)] 33864K->18605K(48128K), 0.0004290 secs] [Times: user=0.00 sys=0.00, real=0.00 secs] 
129.558: Total time for which application threads were stopped: 0.0005650 seconds, Stopping threads took: 0.0000610 seconds
129.625: Application time: 0.0673700 seconds
129.625: [GC [PSYoungGen: 15741K->0K(16384K)] 33963K->18453K(48128K), 0.0004130 secs] [Times: user=0.00 sys=0.00, real=0.00 secs] 
129.625: Total time for which application threads were stopped: 0.0005440 seconds, Stopping threads took: 0.0000700 seconds
129.690: Application time: 0.0649250 seconds
129.690: [GC [PSYoungGen: 15358K->544K(16384K)] 33811K->18997K(48128K), 0.0004300 secs] [Times: user=0.01 sys=0.00, real=0.00 secs] 
129.691: Total time for which application threads were stopped: 0.0005380 seconds, Stopping threads took: 0.0000520 seconds
129.759: Application time: 0.0678320 seconds
129.759: [GC [PSYoungGen: 15901K->0K(16384K)] 34355K->18862K(48128K), 0.0004540 secs] [Times: user=0.00 sys=0.00, real=0.00 secs] 
129.759: Total time for which application threads were stopped: 0.0005760 seconds, Stopping threads took: 0.0000520 seconds
129.818: Application time: 0.0590330 seconds
129.818: [GC [PSYoungGen: 15358K->512K(16384K)] 34220K->19374K(48128K), 0.0004310 secs] [Times: user=0.00 sys=0.00, real=0.00 secs] 
129.819: Total time for which application threads were stopped: 0.0005490 seconds, Stopping threads took: 0.0000550 seconds
129.874: Application time: 0.0551240 seconds
129.874: [GC [PSYoungGen: 15869K->320K(16384K)] 34732K->19395K(48128K), 0.0004120 secs] [Times: user=0.00 sys=0.00, real=0.00 secs] 
129.875: Total time for which application threads were stopped: 0.0005330 seconds, Stopping threads took: 0.0000630 seconds
129.942: Application time: 0.0675850 seconds
129.942: [GC [PSYoungGen: 15679K->384K(16384K)] 34754K->19475K(48128K), 0.0004080 secs] [Times: user=0.00 sys=0.00, real=0.00 secs] 
129.943: Total time for which application threads were stopped: 0.0005260 seconds, Stopping threads took: 0.0000570 seconds
130.010: Application time: 0.0677860 seconds
130.011: [GC [PSYoungGen: 15741K->0K(16384K)] 34832K->19311K(48128K), 0.0003870 secs] [Times: user=0.00 sys=0.00, real=0.00 secs] 
130.011: Total time for which application threads were stopped: 0.0005120 seconds, Stopping threads took: 0.0000620 seconds
130.062: Application time: 0.0512460 seconds
130.062: [GC [PSYoungGen: 15358K->288K(16384K)] 34669K->19599K(48128K), 0.0004720 secs] [Times: user=0.00 sys=0.00, real=0.00 secs] 
130.063: Total time for which application threads were stopped: 0.0006180 seconds, Stopping threads took: 0.0000730 seconds
130.126: Application time: 0.0635950 seconds
130.128: [GC [PSYoungGen: 15647K->480K(16384K)] 34959K->19815K(48128K), 0.0004400 secs] [Times: user=0.00 sys=0.00, real=0.00 secs] 
130.128: Total time for which application threads were stopped: 0.0019190 seconds, Stopping threads took: 0.0014110 seconds
130.195: Application time: 0.0665440 seconds
130.195: [GC [PSYoungGen: 15839K->352K(16384K)] 35175K->19703K(48128K), 0.0004000 secs] [Times: user=0.00 sys=0.00, real=0.00 secs] 
130.195: Total time for which application threads were stopped: 0.0005160 seconds, Stopping threads took: 0.0000520 seconds
130.261: Application time: 0.0655570 seconds
130.261: [GC [PSYoungGen: 15711K->480K(16384K)] 35063K->20044K(48128K), 0.0004450 secs] [Times: user=0.00 sys=0.00, real=0.00 secs] 
130.262: Total time for which application threads were stopped: 0.0005630 seconds, Stopping threads took: 0.0000610 seconds
130.329: Application time: 0.0678460 seconds
130.329: [GC [PSYoungGen: 15839K->0K(16384K)] 35403K->19808K(48128K), 0.0004180 secs] [Times: user=0.00 sys=0.00, real=0.00 secs] 
130.330: Total time for which application threads were stopped: 0.0005340 seconds, Stopping threads took: 0.0000580 seconds
130.381: Application time: 0.0506020 seconds
130.381: [GC [PSYoungGen: 15356K->288K(16384K)] 35165K->20096K(48128K), 0.0004170 secs] [Times: user=0.00 sys=0.00, real=0.00 secs] 
130.381: Total time for which application threads were stopped: 0.0005410 seconds, Stopping threads took: 0.0000620 seconds
130.446: Application time: 0.0645610 seconds
130.446: [GC [PSYoungGen: 15645K->352K(16384K)] 35454K->20176K(48128K), 0.0003880 secs] [Times: user=0.00 sys=0.00, real=0.00 secs] 
130.446: Total time for which application threads were stopped: 0.0005190 seconds, Stopping threads took: 0.0000700 seconds
130.511: Application time: 0.0646530 seconds
130.511: [GC [PSYoungGen: 15711K->608K(16384K)] 35536K->20448K(48128K), 0.0004400 secs] [Times: user=0.00 sys=0.00, real=0.00 secs] 
130.511: Total time for which application threads were stopped: 0.0005550 seconds, Stopping threads took: 0.0000550 seconds
130.582: Application time: 0.0701790 seconds
130.584: [GC [PSYoungGen: 15963K->0K(16384K)] 35804K->20322K(48128K), 0.0004840 secs] [Times: user=0.00 sys=0.00, real=0.00 secs] 
130.584: Total time for which application threads were stopped: 0.0028460 seconds, Stopping threads took: 0.0022920 seconds
130.652: Application time: 0.0680160 seconds
130.653: [GC [PSYoungGen: 15357K->0K(16384K)] 35679K->20322K(48128K), 0.0003800 secs] [Times: user=0.00 sys=0.00, real=0.00 secs] 
130.653: Total time for which application threads were stopped: 0.0005070 seconds, Stopping threads took: 0.0000620 seconds
130.709: Application time: 0.0556280 seconds
130.709: [GC [PSYoungGen: 15356K->320K(16384K)] 35678K->20642K(48128K), 0.0004820 secs] [Times: user=0.00 sys=0.00, real=0.00 secs] 
130.710: Total time for which application threads were stopped: 0.0016870 seconds, Stopping threads took: 0.0000610 seconds
130.769: Application time: 0.0587700 seconds
130.769: [GC [PSYoungGen: 15679K->480K(16384K)] 36001K->20858K(48128K), 0.0004280 secs] [Times: user=0.00 sys=0.00, real=0.00 secs] 
130.770: Total time for which application threads were stopped: 0.0005430 seconds, Stopping threads took: 0.0000570 seconds
130.819: Application time: 0.0493780 seconds
130.819: [GC [PSYoungGen: 15839K->736K(16384K)] 36217K->21130K(48128K), 0.0005090 secs] [Times: user=0.00 sys=0.00, real=0.00 secs] 
130.820: Total time for which application threads were stopped: 0.0006480 seconds, Stopping threads took: 0.0000740 seconds
130.883: Application time: 0.0635300 seconds
130.883: [GC [PSYoungGen: 16095K->352K(16384K)] 36489K->21190K(48128K), 0.0004590 secs] [Times: user=0.00 sys=0.00, real=0.00 secs] 
130.884: Total time for which application threads were stopped: 0.0005860 seconds, Stopping threads took: 0.0000590 seconds
130.950: Application time: 0.0662640 seconds
130.950: [GC [PSYoungGen: 15711K->384K(16384K)] 36550K->21230K(48128K), 0.0003790 secs] [Times: user=0.00 sys=0.00, real=0.00 secs] 
130.950: Total time for which application threads were stopped: 0.0005120 seconds, Stopping threads took: 0.0000720 seconds
130.997: Application time: 0.0465190 seconds
130.997: [GC [PSYoungGen: 15740K->576K(16384K)] 36587K->21638K(48128K), 0.0004530 secs] [Times: user=0.00 sys=0.00, real=0.00 secs] 
130.998: Total time for which application threads were stopped: 0.0005660 seconds, Stopping threads took: 0.0000550 seconds
131.045: Application time: 0.0476000 seconds
131.045: [GC [PSYoungGen: 15934K->512K(16384K)] 36996K->21630K(48128K), 0.0004640 secs] [Times: user=0.00 sys=0.00, real=0.00 secs] 
131.046: Total time for which application threads were stopped: 0.0005860 seconds, Stopping threads took: 0.0000560 seconds
131.096: Application time: 0.0505950 seconds
131.096: [GC [PSYoungGen: 15871K->768K(16384K)] 36990K->21942K(48128K), 0.0004740 secs] [Times: user=0.00 sys=0.00, real=0.00 secs] 
131.097: Total time for which application threads were stopped: 0.0006000 seconds, Stopping threads took: 0.0000530 seconds
131.156: Application time: 0.0587680 seconds
131.156: [GC [PSYoungGen: 16125K->576K(16384K)] 37300K->22163K(48128K), 0.0005040 secs] [Times: user=0.00 sys=0.00, real=0.00 secs] 
131.156: Total time for which application threads were stopped: 0.0006280 seconds, Stopping threads took: 0.0000640 seconds
131.222: Application time: 0.0654170 seconds
131.222: [GC [PSYoungGen: 15935K->480K(16384K)] 37522K->22303K(48128K), 0.0004870 secs] [Times: user=0.00 sys=0.00, real=0.00 secs] 
131.222: Total time for which application threads were stopped: 0.0006090 seconds, Stopping threads took: 0.0000630 seconds
131.291: Application time: 0.0682000 seconds
131.291: [GC [PSYoungGen: 15835K->0K(16384K)] 37659K->22241K(48128K), 0.0004310 secs] [Times: user=0.00 sys=0.00, real=0.00 secs] 
131.291: Total time for which application threads were stopped: 0.0005590 seconds, Stopping threads took: 0.0000670 seconds
131.359: Application time: 0.0676460 seconds
131.359: [GC [PSYoungGen: 15357K->0K(16384K)] 37598K->22241K(48128K), 0.0003590 secs] [Times: user=0.00 sys=0.00, real=0.00 secs] 
131.359: Total time for which application threads were stopped: 0.0004880 seconds, Stopping threads took: 0.0000690 seconds
131.429: Application time: 0.0700220 seconds
131.432: [GC [PSYoungGen: 15359K->320K(16384K)] 37600K->22561K(48128K), 0.0004290 secs] [Times: user=0.01 sys=0.00, real=0.00 secs] 
131.432: Total time for which application threads were stopped: 0.0030230 seconds, Stopping threads took: 0.0025350 seconds
131.500: Application time: 0.0679060 seconds
131.500: [GC [PSYoungGen: 15677K->416K(16384K)] 37918K->22877K(48128K), 0.0004190 secs] [Times: user=0.00 sys=0.00, real=0.00 secs] 
131.501: Total time for which application threads were stopped: 0.0005370 seconds, Stopping threads took: 0.0000530 seconds
131.549: Application time: 0.0480870 seconds
131.549: [GC [PSYoungGen: 15774K->544K(16384K)] 38235K->23234K(48128K), 0.0004570 secs] [Times: user=0.01 sys=0.00, real=0.00 secs] 
131.549: Total time for which application threads were stopped: 0.0005750 seconds, Stopping threads took: 0.0000570 seconds
131.615: Application time: 0.0653340 seconds
131.615: [GC [PSYoungGen: 15901K->352K(16384K)] 38591K->23270K(48128K), 0.0004300 secs] [Times: user=0.00 sys=0.00, real=0.00 secs] 
131.615: Total time for which application threads were stopped: 0.0005690 seconds, Stopping threads took: 0.0000690 seconds
131.682: Application time: 0.0666950 seconds
131.682: [GC [PSYoungGen: 15708K->352K(16384K)] 38627K->23286K(48128K), 0.0003900 secs] [Times: user=0.00 sys=0.00, real=0.00 secs] 
131.683: Total time for which application threads were stopped: 0.0005050 seconds, Stopping threads took: 0.0000530 seconds
131.750: Application time: 0.0674800 seconds
131.750: [GC [PSYoungGen: 15709K->0K(16384K)] 38644K->23158K(48128K), 0.0004460 secs] [Times: user=0.00 sys=0.00, real=0.00 secs] 
131.751: Total time for which application threads were stopped: 0.0005780 seconds, Stopping threads took: 0.0000660 seconds
131.806: Application time: 0.0551860 seconds
131.806: [GC [PSYoungGen: 15358K->384K(16384K)] 38516K->23542K(48128K), 0.0003990 secs] [Times: user=0.00 sys=0.00, real=0.00 secs] 
131.806: Total time for which application threads were stopped: 0.0005120 seconds, Stopping threads took: 0.0000490 seconds
131.866: Application time: 0.0597780 seconds
131.866: [GC [PSYoungGen: 15741K->352K(16384K)] 38900K->23518K(48128K), 0.0004000 secs] [Times: user=0.00 sys=0.00, real=0.00 secs] 
131.867: Total time for which application threads were stopped: 0.0005070 seconds, Stopping threads took: 0.0000480 seconds
131.931: Application time: 0.0647840 seconds
131.931: [GC [PSYoungGen: 15711K->512K(16384K)] 38878K->23686K(48128K), 0.0004580 secs] [Times: user=0.00 sys=0.00, real=0.01 secs] 
131.932: Total time for which application threads were stopped: 0.0005700 seconds, Stopping threads took: 0.0000530 seconds
131.999: Application time: 0.0670350 seconds
131.999: [GC [PSYoungGen: 15871K->352K(16384K)] 39046K->23779K(48128K), 0.0004320 secs] [Times: user=0.00 sys=0.00, real=0.00 secs] 
132.000: Total time for which application threads were stopped: 0.0005840 seconds, Stopping threads took: 0.0000840 seconds
132.063: Application time: 0.0638470 seconds
132.064: [GC [PSYoungGen: 15711K->288K(16384K)] 39138K->24059K(48128K), 0.0004470 secs] [Times: user=0.00 sys=0.00, real=0.01 secs] 
132.064: Total time for which application threads were stopped: 0.0005850 seconds, Stopping threads took: 0.0000750 seconds
132.116: Application time: 0.0518620 seconds
132.116: [GC [PSYoungGen: 15646K->384K(16384K)] 39417K->24179K(48128K), 0.0004180 secs] [Times: user=0.00 sys=0.00, real=0.00 secs] 
132.116: Total time for which application threads were stopped: 0.0005480 seconds, Stopping threads took: 0.0000620 seconds
132.182: Application time: 0.0655660 seconds
132.182: [GC [PSYoungGen: 15743K->352K(16384K)] 39539K->24163K(48128K), 0.0003950 secs] [Times: user=0.00 sys=0.00, real=0.00 secs] 
132.183: Total time for which application threads were stopped: 0.0005130 seconds, Stopping threads took: 0.0000600 seconds
132.248: Application time: 0.0653340 seconds
132.248: [GC [PSYoungGen: 15711K->416K(16384K)] 39523K->24487K(48128K), 0.0004460 secs] [Times: user=0.00 sys=0.00, real=0.00 secs] 
132.248: Total time for which application threads were stopped: 0.0005920 seconds, Stopping threads took: 0.0000820 seconds
132.316: Application time: 0.0677280 seconds
132.316: [GC [PSYoungGen: 15773K->0K(16384K)] 39845K->24311K(48128K), 0.0004610 secs] [Times: user=0.00 sys=0.00, real=0.00 secs] 
132.317: Total time for which application threads were stopped: 0.0005720 seconds, Stopping threads took: 0.0000500 seconds
132.383: Application time: 0.0662510 seconds
132.383: [GC [PSYoungGen: 15358K->288K(16384K)] 39670K->24599K(48128K), 0.0004180 secs] [Times: user=0.00 sys=0.00, real=0.00 secs] 
132.384: Total time for which application threads were stopped: 0.0005460 seconds, Stopping threads took: 0.0000710 seconds
132.432: Application time: 0.0489420 seconds
132.433: [GC [PSYoungGen: 15644K->352K(16384K)] 39955K->24728K(48128K), 0.0004260 secs] [Times: user=0.00 sys=0.00, real=0.00 secs] 
132.433: Total time for which application threads were stopped: 0.0005520 seconds, Stopping threads took: 0.0000670 seconds
132.496: Application time: 0.0628050 seconds
132.496: [GC [PSYoungGen: 15709K->736K(16384K)] 40085K->25128K(48128K), 0.0004190 secs] [Times: user=0.01 sys=0.00, real=0.00 secs] 
132.496: Total time for which application threads were stopped: 0.0005320 seconds, Stopping threads took: 0.0000550 seconds
132.546: Application time: 0.0494610 seconds
132.546: [GC [PSYoungGen: 16092K->416K(16384K)] 40484K->25217K(48128K), 0.0004520 secs] [Times: user=0.00 sys=0.00, real=0.00 secs] 
132.546: Total time for which application threads were stopped: 0.0005730 seconds, Stopping threads took: 0.0000520 seconds
132.613: Application time: 0.0661810 seconds
132.613: [GC [PSYoungGen: 15772K->352K(16384K)] 40573K->25209K(48128K), 0.0004240 secs] [Times: user=0.00 sys=0.00, real=0.00 secs] 
132.613: Total time for which application threads were stopped: 0.0005490 seconds, Stopping threads took: 0.0000630 seconds
132.680: Application time: 0.0666920 seconds
132.680: Total time for which application threads were stopped: 0.0000950 seconds, Stopping threads took: 0.0000600 seconds
132.680: Application time: 0.0000440 seconds
132.680: [GC [PSYoungGen: 15640K->256K(16384K)] 40625K->25457K(48128K), 0.0004060 secs] [Times: user=0.01 sys=0.00, real=0.00 secs] 
132.680: Total time for which application threads were stopped: 0.0004910 seconds, Stopping threads took: 0.0000380 seconds
132.731: Application time: 0.0500590 seconds
132.731: [GC [PSYoungGen: 15616K->352K(16384K)] 40948K->25692K(48128K), 0.0004450 secs] [Times: user=0.00 sys=0.00, real=0.00 secs] 
132.731: Total time for which application threads were stopped: 0.0005590 seconds, Stopping threads took: 0.0000540 seconds
132.778: Application time: 0.0469630 seconds
132.778: [GC [PSYoungGen: 15711K->544K(16384K)] 41051K->26140K(48128K), 0.0004870 secs] [Times: user=0.00 sys=0.00, real=0.00 secs] 
132.779: Total time for which application threads were stopped: 0.0006060 seconds, Stopping threads took: 0.0000590 seconds
132.827: Application time: 0.0482200 seconds
132.827: [GC [PSYoungGen: 15901K->704K(16384K)] 41497K->26697K(48128K), 0.0005510 secs] [Times: user=0.00 sys=0.00, real=0.00 secs] 
132.828: Total time for which application threads were stopped: 0.0006750 seconds, Stopping threads took: 0.0000630 seconds
132.888: Application time: 0.0604470 seconds
132.888: [GC [PSYoungGen: 16060K->736K(16384K)] 42053K->26949K(48128K), 0.0005340 secs] [Times: user=0.00 sys=0.00, real=0.00 secs] 
132.889: Total time for which application threads were stopped: 0.0006520 seconds, Stopping threads took: 0.0000540 seconds
132.954: Application time: 0.0651280 seconds
132.954: [GC [PSYoungGen: 16094K->544K(16384K)] 42308K->27190K(48128K), 0.0005100 secs] [Times: user=0.00 sys=0.00, real=0.00 secs] 
132.954: Total time for which application threads were stopped: 0.0006460 seconds, Stopping threads took: 0.0000720 seconds
133.022: Application time: 0.0672530 seconds
133.022: [GC [PSYoungGen: 15901K->0K(16384K)] 42548K->27067K(48128K), 0.0004720 secs] [Times: user=0.00 sys=0.00, real=0.00 secs] 
133.022: Total time for which application threads were stopped: 0.0005820 seconds, Stopping threads took: 0.0000510 seconds
133.089: Application time: 0.0671550 seconds
133.090: [GC [PSYoungGen: 15357K->0K(16384K)] 42424K->27067K(48128K), 0.0003420 secs] [Times: user=0.00 sys=0.00, real=0.00 secs] 
133.090: Total time for which application threads were stopped: 0.0004590 seconds, Stopping threads took: 0.0000570 seconds
133.155: Application time: 0.0646990 seconds
133.155: [GC [PSYoungGen: 15358K->512K(16384K)] 42425K->27579K(48128K), 0.0004250 secs] [Times: user=0.00 sys=0.00, real=0.00 secs] 
133.155: Total time for which application threads were stopped: 0.0005320 seconds, Stopping threads took: 0.0000480 seconds
133.214: Application time: 0.0590950 seconds
133.214: [GC [PSYoungGen: 15870K->736K(16384K)] 42937K->28007K(48128K), 0.0005090 secs] [Times: user=0.00 sys=0.00, real=0.00 secs] 
133.215: Total time for which application threads were stopped: 0.0006250 seconds, Stopping threads took: 0.0000420 seconds
133.269: Application time: 0.0538040 seconds
133.269: [GC [PSYoungGen: 16094K->544K(16384K)] 43366K->28055K(48128K), 0.0004760 secs] [Times: user=0.01 sys=0.00, real=0.00 secs] 
133.269: Total time for which application threads were stopped: 0.0006000 seconds, Stopping threads took: 0.0000610 seconds
133.336: Application time: 0.0664580 seconds
133.336: [GC [PSYoungGen: 15901K->384K(16384K)] 43412K->28124K(48128K), 0.0004350 secs] [Times: user=0.00 sys=0.00, real=0.00 secs] 
133.336: Total time for which application threads were stopped: 0.0005520 seconds, Stopping threads took: 0.0000450 seconds
133.404: Application time: 0.0675570 seconds
133.404: [GC [PSYoungGen: 15741K->0K(16384K)] 43482K->27964K(48128K), 0.0004120 secs] [Times: user=0.00 sys=0.00, real=0.00 secs] 
133.404: Total time for which application threads were stopped: 0.0005210 seconds, Stopping threads took: 0.0000510 seconds
133.472: Application time: 0.0677450 seconds
133.472: [GC [PSYoungGen: 15357K->0K(16384K)] 43322K->27964K(48128K), 0.0003780 secs] [Times: user=0.00 sys=0.00, real=0.00 secs] 
133.473: Total time for which application threads were stopped: 0.0005000 seconds, Stopping threads took: 0.0000610 seconds
133.524: Application time: 0.0515980 seconds
133.524: [GC [PSYoungGen: 15357K->384K(16384K)] 43322K->28348K(48128K), 0.0004210 secs] [Times: user=0.00 sys=0.00, real=0.00 secs] 
133.525: Total time for which application threads were stopped: 0.0005520 seconds, Stopping threads took: 0.0000700 seconds
133.589: Application time: 0.0638100 seconds
133.589: [GC [PSYoungGen: 15743K->256K(16384K)] 43707K->28228K(48128K), 0.0004400 secs] [Times: user=0.00 sys=0.00, real=0.00 secs] 
133.589: Total time for which application threads were stopped: 0.0005580 seconds, Stopping threads took: 0.0000550 seconds
133.654: Application time: 0.0644860 seconds
133.654: [GC [PSYoungGen: 15615K->512K(16384K)] 43587K->28492K(48128K), 0.0004500 secs] [Times: user=0.00 sys=0.00, real=0.00 secs] 
133.654: Total time for which application threads were stopped: 0.0005710 seconds, Stopping threads took: 0.0000590 seconds
133.722: Application time: 0.0676590 seconds
133.722: [GC [PSYoungGen: 15869K->0K(16384K)] 43850K->28428K(48128K), 0.0004450 secs] [Times: user=0.00 sys=0.00, real=0.00 secs] 
133.722: Total time for which application threads were stopped: 0.0005740 seconds, Stopping threads took: 0.0000560 seconds
133.784: Application time: 0.0612580 seconds
133.784: [GC [PSYoungGen: 15359K->288K(16384K)] 43787K->28716K(48128K), 0.0004360 secs] [Times: user=0.00 sys=0.00, real=0.00 secs] 
133.784: Total time for which application threads were stopped: 0.0005670 seconds, Stopping threads took: 0.0000590 seconds
133.839: Application time: 0.0542680 seconds
133.839: [GC [PSYoungGen: 15647K->256K(16384K)] 44075K->28692K(48128K), 0.0004950 secs] [Times: user=0.00 sys=0.00, real=0.00 secs] 
133.839: Total time for which application threads were stopped: 0.0006110 seconds, Stopping threads took: 0.0000600 seconds
133.905: Application time: 0.0657520 seconds
133.905: [GC [PSYoungGen: 15615K->352K(16384K)] 44052K->28804K(48128K), 0.0004100 secs] [Times: user=0.01 sys=0.00, real=0.00 secs] 
133.905: Total time for which application threads were stopped: 0.0005380 seconds, Stopping threads took: 0.0000660 seconds
133.971: Application time: 0.0654890 seconds
133.971: [GC [PSYoungGen: 15711K->416K(16384K)] 44164K->29125K(48128K), 0.0004450 secs] [Times: user=0.00 sys=0.00, real=0.00 secs] 
133.971: Total time for which application threads were stopped: 0.0005660 seconds, Stopping threads took: 0.0000570 seconds
134.039: Application time: 0.0675920 seconds
134.039: [GC [PSYoungGen: 15773K->0K(16384K)] 44482K->28953K(48128K), 0.0004360 secs] [Times: user=0.00 sys=0.00, real=0.00 secs] 
134.040: Total time for which application threads were stopped: 0.0005580 seconds, Stopping threads took: 0.0000540 seconds
134.104: Application time: 0.0646710 seconds
134.104: [GC [PSYoungGen: 15355K->352K(16384K)] 44309K->29305K(48128K), 0.0004010 secs] [Times: user=0.00 sys=0.00, real=0.00 secs] 
134.105: Total time for which application threads were stopped: 0.0005020 seconds, Stopping threads took: 0.0000370 seconds
134.155: Application time: 0.0504260 seconds
134.155: [GC [PSYoungGen: 15708K->384K(16384K)] 44662K->29385K(48128K), 0.0004520 secs] [Times: user=0.00 sys=0.00, real=0.00 secs] 
134.156: Total time for which application threads were stopped: 0.0005550 seconds, Stopping threads took: 0.0000350 seconds
134.217: Application time: 0.0616520 seconds
134.218: [GC [PSYoungGen: 15743K->736K(16384K)] 44745K->29753K(48128K), 0.0004580 secs] [Times: user=0.01 sys=0.00, real=0.00 secs] 
134.218: Total time for which application threads were stopped: 0.0005650 seconds, Stopping threads took: 0.0000500 seconds
134.270: Application time: 0.0523680 seconds
134.270: [GC [PSYoungGen: 16093K->416K(16384K)] 45111K->29834K(48128K), 0.0004730 secs] [Times: user=0.00 sys=0.00, real=0.00 secs] 
134.271: Total time for which application threads were stopped: 0.0005880 seconds, Stopping threads took: 0.0000480 seconds
134.337: Application time: 0.0659740 seconds
134.337: [GC [PSYoungGen: 15775K->352K(16384K)] 45194K->29826K(48128K), 0.0004230 secs] [Times: user=0.00 sys=0.00, real=0.00 secs] 
134.338: Total time for which application threads were stopped: 0.0005620 seconds, Stopping threads took: 0.0000780 seconds
134.397: Application time: 0.0592140 seconds
134.397: [GC [PSYoungGen: 15708K->320K(16384K)] 45182K->29999K(48128K), 0.0004430 secs] [Times: user=0.00 sys=0.00, real=0.00 secs] 
134.397: Total time for which application threads were stopped: 0.0005490 seconds, Stopping threads took: 0.0000460 seconds
134.452: Application time: 0.0548020 seconds
134.452: [GC [PSYoungGen: 15677K->544K(16384K)] 45356K->30231K(48128K), 0.0004320 secs] [Times: user=0.00 sys=0.00, real=0.00 secs] 
134.453: Total time for which application threads were stopped: 0.0005470 seconds, Stopping threads took: 0.0000540 seconds
134.498: Application time: 0.0456800 seconds
134.498: [GC [PSYoungGen: 15901K->800K(16384K)] 45589K->30551K(48128K), 0.0004590 secs] [Times: user=0.00 sys=0.00, real=0.00 secs] 
134.499: Total time for which application threads were stopped: 0.0005710 seconds, Stopping threads took: 0.0000540 seconds
134.547: Application time: 0.0476550 seconds
134.547: [GC [PSYoungGen: 16155K->576K(16384K)] 45906K->30764K(48128K), 0.0005620 secs] [Times: user=0.00 sys=0.00, real=0.00 secs] 
134.547: Total time for which application threads were stopped: 0.0006780 seconds, Stopping threads took: 0.0000550 seconds
134.611: Application time: 0.0640940 seconds
134.611: [GC [PSYoungGen: 15934K->512K(16384K)] 46123K->30961K(48128K), 0.0004890 secs] [Times: user=0.00 sys=0.00, real=0.01 secs] 
134.612: Total time for which application threads were stopped: 0.0006160 seconds, Stopping threads took: 0.0000600 seconds
134.678: Application time: 0.0658160 seconds
134.678: [GC [PSYoungGen: 15868K->320K(16384K)] 46317K->31170K(48128K), 0.0004550 secs] [Times: user=0.01 sys=0.00, real=0.00 secs] 
134.678: Total time for which application threads were stopped: 0.0005770 seconds, Stopping threads took: 0.0000580 seconds
134.745: Application time: 0.0668900 seconds
134.745: [GC [PSYoungGen: 15677K->0K(16384K)] 46527K->31074K(48128K), 0.0004030 secs] [Times: user=0.00 sys=0.00, real=0.00 secs] 
134.746: Total time for which application threads were stopped: 0.0005260 seconds, Stopping threads took: 0.0000630 seconds
134.812: Application time: 0.0661840 seconds
134.812: [GC [PSYoungGen: 15360K->224K(16384K)] 46434K->31298K(48128K), 0.0004150 secs] [Times: user=0.01 sys=0.00, real=0.00 secs] 
134.812: Total time for which application threads were stopped: 0.0005290 seconds, Stopping threads took: 0.0000460 seconds
134.879: Application time: 0.0663860 seconds
134.879: [GC [PSYoungGen: 15583K->544K(16384K)] 46657K->31666K(48128K), 0.0004190 secs] [Times: user=0.00 sys=0.00, real=0.00 secs] 
134.879: Total time for which application threads were stopped: 0.0005080 seconds, Stopping threads took: 0.0000280 seconds
134.935: Application time: 0.0554550 seconds
134.935: [GC [PSYoungGen: 15903K->736K(16384K)] 47026K->32062K(48128K), 0.0005070 secs] [Times: user=0.00 sys=0.00, real=0.00 secs] 
134.935: [Full GC [PSYoungGen: 736K->0K(16384K)] [ParOldGen: 31326K->4387K(31232K)] 32062K->4387K(47616K) [PSPermGen: 5549K->5549K(21504K)], 0.0056020 secs] [Times: user=0.02 sys=0.00, real=0.00 secs] 
134.941: Total time for which application threads were stopped: 0.0062850 seconds, Stopping threads took: 0.0000610 seconds
134.998: Application time: 0.0571720 seconds
134.998: [GC [PSYoungGen: 15359K->352K(16384K)] 19747K->4739K(47616K), 0.0004130 secs] [Times: user=0.00 sys=0.00, real=0.00 secs] 
134.999: Total time for which application threads were stopped: 0.0005510 seconds, Stopping threads took: 0.0000760 seconds
135.065: Application time: 0.0664500 seconds
135.065: [GC [PSYoungGen: 15709K->352K(16384K)] 20096K->4763K(47616K), 0.0003750 secs] [Times: user=0.00 sys=0.00, real=0.00 secs] 
135.066: Total time for which application threads were stopped: 0.0004980 seconds, Stopping threads took: 0.0000600 seconds
135.134: Application time: 0.0677820 seconds
135.134: [GC [PSYoungGen: 15709K->0K(16384K)] 20121K->4624K(47616K), 0.0003550 secs] [Times: user=0.00 sys=0.00, real=0.00 secs] 
135.134: Total time for which application threads were stopped: 0.0004650 seconds, Stopping threads took: 0.0000480 seconds
135.200: Application time: 0.0662580 seconds
135.200: [GC [PSYoungGen: 15359K->352K(16384K)] 19983K->4976K(47616K), 0.0003490 secs] [Times: user=0.01 sys=0.00, real=0.00 secs] 
135.201: Total time for which application threads were stopped: 0.0004680 seconds, Stopping threads took: 0.0000580 seconds
135.250: Application time: 0.0492520 seconds
135.250: [GC [PSYoungGen: 15708K->384K(16384K)] 20332K->5024K(47616K), 0.0003820 secs] [Times: user=0.00 sys=0.00, real=0.00 secs] 
135.251: Total time for which application threads were stopped: 0.0005060 seconds, Stopping threads took: 0.0000600 seconds
135.316: Application time: 0.0659050 seconds
135.320: [GC [PSYoungGen: 15741K->352K(16384K)] 20381K->5016K(47616K), 0.0003900 secs] [Times: user=0.00 sys=0.00, real=0.00 secs] 
135.320: Total time for which application threads were stopped: 0.0038420 seconds, Stopping threads took: 0.0033760 seconds
135.386: Application time: 0.0655940 seconds
135.386: [GC [PSYoungGen: 15709K->416K(16384K)] 20373K->5316K(47616K), 0.0004400 secs] [Times: user=0.00 sys=0.00, real=0.00 secs] 
135.386: Total time for which application threads were stopped: 0.0005900 seconds, Stopping threads took: 0.0000810 seconds
135.454: Application time: 0.0676200 seconds
135.454: [GC [PSYoungGen: 15773K->0K(16384K)] 20674K->5145K(47616K), 0.0003760 secs] [Times: user=0.00 sys=0.00, real=0.00 secs] 
135.455: Total time for which application threads were stopped: 0.0004830 seconds, Stopping threads took: 0.0000490 seconds
135.515: Application time: 0.0600660 seconds
135.515: [GC [PSYoungGen: 15358K->384K(16384K)] 20503K->5529K(47616K), 0.0003540 secs] [Times: user=0.00 sys=0.00, real=0.00 secs] 
135.515: Total time for which application threads were stopped: 0.0004700 seconds, Stopping threads took: 0.0000560 seconds
135.571: Application time: 0.0554320 seconds
135.571: [GC [PSYoungGen: 15741K->352K(16384K)] 20886K->5505K(47616K), 0.0003770 secs] [Times: user=0.01 sys=0.00, real=0.00 secs] 
135.571: Total time for which application threads were stopped: 0.0004900 seconds, Stopping threads took: 0.0000520 seconds
135.635: Application time: 0.0639650 seconds
135.635: [GC [PSYoungGen: 15639K->448K(16384K)] 20793K->5609K(47616K), 0.0004140 secs] [Times: user=0.00 sys=0.00, real=0.00 secs] 
135.636: Total time for which application threads were stopped: 0.0005320 seconds, Stopping threads took: 0.0000570 seconds
135.703: Application time: 0.0671630 seconds
135.703: [GC [PSYoungGen: 15807K->192K(16384K)] 20968K->5697K(47616K), 0.0004790 secs] [Times: user=0.00 sys=0.00, real=0.00 secs] 
135.703: Total time for which application threads were stopped: 0.0006140 seconds, Stopping threads took: 0.0000710 seconds
135.773: Application time: 0.0698380 seconds
135.773: [GC [PSYoungGen: 15549K->0K(16384K)] 21055K->5665K(47616K), 0.0003940 secs] [Times: user=0.00 sys=0.00, real=0.00 secs] 
135.775: Total time for which application threads were stopped: 0.0017050 seconds, Stopping threads took: 0.0000670 seconds
135.831: Application time: 0.0562810 seconds
135.831: [GC [PSYoungGen: 15356K->384K(16384K)] 21022K->6049K(47616K), 0.0004230 secs] [Times: user=0.01 sys=0.00, real=0.00 secs] 
135.832: Total time for which application threads were stopped: 0.0005720 seconds, Stopping threads took: 0.0000670 seconds
135.891: Application time: 0.0595220 seconds
135.891: [GC [PSYoungGen: 15741K->352K(16384K)] 21407K->6089K(47616K), 0.0004060 secs] [Times: user=0.00 sys=0.00, real=0.00 secs] 
135.892: Total time for which application threads were stopped: 0.0005420 seconds, Stopping threads took: 0.0000640 seconds
135.945: Application time: 0.0532870 seconds
135.945: [GC [PSYoungGen: 15709K->800K(16384K)] 21447K->6545K(47616K), 0.0004280 secs] [Times: user=0.00 sys=0.00, real=0.00 secs] 
135.946: Total time for which application threads were stopped: 0.0005500 seconds, Stopping threads took: 0.0000610 seconds
136.006: Application time: 0.0599810 seconds
136.006: [GC [PSYoungGen: 16155K->384K(16384K)] 21901K->6571K(47616K), 0.0004410 secs] [Times: user=0.00 sys=0.00, real=0.00 secs] 
136.006: Total time for which application threads were stopped: 0.0005740 seconds, Stopping threads took: 0.0000680 seconds
136.073: Application time: 0.0665050 seconds
136.073: [GC [PSYoungGen: 15741K->352K(16384K)] 21928K->6571K(47616K), 0.0003750 secs] [Times: user=0.00 sys=0.00, real=0.00 secs] 
136.073: Total time for which application threads were stopped: 0.0004930 seconds, Stopping threads took: 0.0000590 seconds
136.125: Application time: 0.0515220 seconds
136.125: [GC [PSYoungGen: 15710K->352K(16384K)] 21929K->6779K(47616K), 0.0004370 secs] [Times: user=0.00 sys=0.00, real=0.00 secs] 
136.125: Total time for which application threads were stopped: 0.0005560 seconds, Stopping threads took: 0.0000550 seconds
136.188: Application time: 0.0624170 seconds
136.188: [GC [PSYoungGen: 15711K->480K(16384K)] 22138K->6915K(47616K), 0.0004500 secs] [Times: user=0.00 sys=0.00, real=0.00 secs] 
136.188: Total time for which application threads were stopped: 0.0005830 seconds, Stopping threads took: 0.0000630 seconds
136.232: Application time: 0.0436830 seconds
136.232: [GC [PSYoungGen: 15840K->544K(16384K)] 22275K->7035K(47616K), 0.0004380 secs] [Times: user=0.00 sys=0.00, real=0.00 secs] 
136.233: Total time for which application threads were stopped: 0.0005830 seconds, Stopping threads took: 0.0000780 seconds
136.267: Application time: 0.0340340 seconds
136.267: Total time for which application threads were stopped: 0.0001030 seconds, Stopping threads took: 0.0000790 seconds
136.283: Application time: 0.0163370 seconds
136.283: [GC [PSYoungGen: 15902K->544K(16384K)] 22393K->7287K(47616K), 0.0004320 secs] [Times: user=0.00 sys=0.00, real=0.00 secs] 
136.284: Total time for which application threads were stopped: 0.0005220 seconds, Stopping threads took: 0.0000410 seconds
136.351: Application time: 0.0677470 seconds
136.351: [GC [PSYoungGen: 15901K->544K(16384K)] 22644K->7511K(47616K), 0.0004200 secs] [Times: user=0.00 sys=0.00, real=0.01 secs] 
136.352: Total time for which application threads were stopped: 0.0005450 seconds, Stopping threads took: 0.0000560 seconds
136.422: Application time: 0.0705540 seconds
136.422: [GC [PSYoungGen: 15903K->0K(16384K)] 22871K->7388K(47616K), 0.0004030 secs] [Times: user=0.00 sys=0.00, real=0.00 secs] 
136.423: Total time for which application threads were stopped: 0.0005270 seconds, Stopping threads took: 0.0000540 seconds
136.493: Application time: 0.0704640 seconds
136.493: [GC [PSYoungGen: 15357K->0K(16384K)] 22745K->7388K(47616K), 0.0003710 secs] [Times: user=0.00 sys=0.00, real=0.00 secs] 
136.494: Total time for which application threads were stopped: 0.0004800 seconds, Stopping threads took: 0.0000440 seconds
136.544: Application time: 0.0500780 seconds
136.544: [GC [PSYoungGen: 15356K->512K(16384K)] 22744K->7900K(47616K), 0.0004920 secs] [Times: user=0.01 sys=0.00, real=0.00 secs] 
136.545: Total time for which application threads were stopped: 0.0006310 seconds, Stopping threads took: 0.0000720 seconds
136.611: Application time: 0.0662110 seconds
136.611: [GC [PSYoungGen: 15852K->448K(16384K)] 23240K->8084K(47616K), 0.0004210 secs] [Times: user=0.00 sys=0.00, real=0.00 secs] 
136.611: Total time for which application threads were stopped: 0.0005490 seconds, Stopping threads took: 0.0000610 seconds
136.681: Application time: 0.0692770 seconds
136.681: [GC [PSYoungGen: 15806K->512K(16384K)] 23442K->8236K(47616K), 0.0005120 secs] [Times: user=0.00 sys=0.00, real=0.00 secs] 
136.681: Total time for which application threads were stopped: 0.0006230 seconds, Stopping threads took: 0.0000490 seconds
136.752: Application time: 0.0707270 seconds
136.752: [GC [PSYoungGen: 15867K->0K(16384K)] 23591K->8068K(47616K), 0.0004070 secs] [Times: user=0.00 sys=0.00, real=0.00 secs] 
136.753: Total time for which application threads were stopped: 0.0005370 seconds, Stopping threads took: 0.0000690 seconds
136.823: Application time: 0.0709080 seconds
136.824: [GC [PSYoungGen: 15355K->0K(16384K)] 23423K->8068K(47616K), 0.0003540 secs] [Times: user=0.00 sys=0.00, real=0.01 secs] 
136.824: Total time for which application threads were stopped: 0.0004640 seconds, Stopping threads took: 0.0000510 seconds
136.895: Application time: 0.0706770 seconds
136.895: [GC [PSYoungGen: 15355K->0K(16384K)] 23423K->8068K(47616K), 0.0003450 secs] [Times: user=0.00 sys=0.00, real=0.00 secs] 
136.895: Total time for which application threads were stopped: 0.0004830 seconds, Stopping threads took: 0.0000690 seconds
136.922: Application time: 0.0270480 seconds
136.922: Total time for which application threads were stopped: 0.0000760 seconds, Stopping threads took: 0.0000570 seconds
136.953: Application time: 0.0310140 seconds
136.953: [GC [PSYoungGen: 15356K->384K(16384K)] 23424K->8452K(47616K), 0.0003810 secs] [Times: user=0.00 sys=0.00, real=0.00 secs] 
136.954: Total time for which application threads were stopped: 0.0004850 seconds, Stopping threads took: 0.0000470 seconds
137.021: Application time: 0.0673860 seconds
137.021: [GC [PSYoungGen: 15741K->480K(16384K)] 23810K->8564K(47616K), 0.0004040 secs] [Times: user=0.00 sys=0.00, real=0.00 secs] 
137.022: Total time for which application threads were stopped: 0.0005160 seconds, Stopping threads took: 0.0000500 seconds
137.095: Application time: 0.0732070 seconds
137.095: [GC [PSYoungGen: 15839K->352K(16384K)] 23923K->8468K(47616K), 0.0003760 secs] [Times: user=0.00 sys=0.00, real=0.00 secs] 
137.095: Total time for which application threads were stopped: 0.0005140 seconds, Stopping threads took: 0.0000720 seconds
137.156: Application time: 0.0602230 seconds
137.156: [GC [PSYoungGen: 15710K->416K(16384K)] 23826K->8752K(47616K), 0.0004290 secs] [Times: user=0.00 sys=0.00, real=0.00 secs] 
137.156: Total time for which application threads were stopped: 0.0005540 seconds, Stopping threads took: 0.0000560 seconds
137.222: Application time: 0.0656180 seconds
137.222: [GC [PSYoungGen: 15773K->256K(16384K)] 24110K->8600K(47616K), 0.0004470 secs] [Times: user=0.00 sys=0.00, real=0.00 secs] 
137.222: Total time for which application threads were stopped: 0.0005620 seconds, Stopping threads took: 0.0000440 seconds
137.236: Application time: 0.0142170 seconds
137.237: Total time for which application threads were stopped: 0.0000680 seconds, Stopping threads took: 0.0000480 seconds
137.299: Application time: 0.0622390 seconds
137.299: [GC [PSYoungGen: 15611K->352K(16384K)] 23956K->8712K(47616K), 0.0004340 secs] [Times: user=0.00 sys=0.00, real=0.00 secs] 
137.299: Total time for which application threads were stopped: 0.0005420 seconds, Stopping threads took: 0.0000420 seconds
137.306: Application time: 0.0066170 seconds
137.306: Total time for which application threads were stopped: 0.0000470 seconds, Stopping threads took: 0.0000320 seconds
137.394: Application time: 0.0883820 seconds
137.394: [GC [PSYoungGen: 15707K->32K(16384K)] 24068K->8424K(47616K), 0.0004270 secs] [Times: user=0.00 sys=0.00, real=0.00 secs] 
137.395: Total time for which application threads were stopped: 0.0005330 seconds, Stopping threads took: 0.0000450 seconds
137.400: Application time: 0.0051220 seconds
137.400: Total time for which application threads were stopped: 0.0000440 seconds, Stopping threads took: 0.0000240 seconds
137.473: Application time: 0.0732320 seconds
137.473: [GC [PSYoungGen: 15391K->416K(16384K)] 23784K->8816K(47616K), 0.0004610 secs] [Times: user=0.00 sys=0.00, real=0.00 secs] 
137.474: Total time for which application threads were stopped: 0.0005330 seconds, Stopping threads took: 0.0000120 seconds
137.476: Application time: 0.0016960 seconds
137.476: Total time for which application threads were stopped: 0.0000160 seconds, Stopping threads took: 0.0000080 seconds
137.558: Application time: 0.0821670 seconds
137.558: Total time for which application threads were stopped: 0.0000410 seconds, Stopping threads took: 0.0000210 seconds
137.574: Application time: 0.0159840 seconds
137.574: [GC [PSYoungGen: 15776K->992K(16384K)] 24176K->10229K(47616K), 0.0007760 secs] [Times: user=0.00 sys=0.00, real=0.00 secs] 
137.575: Total time for which application threads were stopped: 0.0009220 seconds, Stopping threads took: 0.0000640 seconds
137.612: Application time: 0.0370030 seconds
137.612: [GC [PSYoungGen: 16349K->672K(16896K)] 25586K->10638K(48128K), 0.0006030 secs] [Times: user=0.00 sys=0.00, real=0.00 secs] 
137.612: Total time for which application threads were stopped: 0.0007320 seconds, Stopping threads took: 0.0000590 seconds
137.672: Application time: 0.0595490 seconds
137.672: [GC [PSYoungGen: 16030K->1056K(16896K)] 25997K->11039K(48128K), 0.0005100 secs] [Times: user=0.00 sys=0.00, real=0.00 secs] 
137.673: Total time for which application threads were stopped: 0.0006260 seconds, Stopping threads took: 0.0000570 seconds
137.739: Application time: 0.0663330 seconds
137.739: [GC [PSYoungGen: 16416K->0K(16896K)] 26399K->10988K(48128K), 0.0005060 secs] [Times: user=0.00 sys=0.00, real=0.00 secs] 
137.740: Total time for which application threads were stopped: 0.0006460 seconds, Stopping threads took: 0.0000790 seconds
137.806: Application time: 0.0666810 seconds
137.806: [GC [PSYoungGen: 15358K->0K(16896K)] 26347K->10988K(48128K), 0.0004040 secs] [Times: user=0.00 sys=0.00, real=0.00 secs] 
137.807: Total time for which application threads were stopped: 0.0005340 seconds, Stopping threads took: 0.0000660 seconds
137.873: Application time: 0.0656960 seconds
137.873: [GC [PSYoungGen: 15358K->352K(16896K)] 26347K->11340K(48128K), 0.0003870 secs] [Times: user=0.00 sys=0.00, real=0.00 secs] 
137.873: Total time for which application threads were stopped: 0.0005080 seconds, Stopping threads took: 0.0000600 seconds
137.938: Application time: 0.0651840 seconds
137.938: [GC [PSYoungGen: 15709K->480K(16896K)] 26697K->11476K(48128K), 0.0004260 secs] [Times: user=0.00 sys=0.00, real=0.00 secs] 
137.939: Total time for which application threads were stopped: 0.0005580 seconds, Stopping threads took: 0.0000650 seconds
137.998: Application time: 0.0592270 seconds
137.998: [GC [PSYoungGen: 15835K->1120K(16896K)] 26832K->12321K(48128K), 0.0005980 secs] [Times: user=0.00 sys=0.00, real=0.00 secs] 
137.999: Total time for which application threads were stopped: 0.0007230 seconds, Stopping threads took: 0.0000630 seconds
138.067: Application time: 0.0682690 seconds
138.067: [GC [PSYoungGen: 16478K->0K(16896K)] 27679K->12211K(48128K), 0.0005130 secs] [Times: user=0.01 sys=0.00, real=0.00 secs] 
138.068: Total time for which application threads were stopped: 0.0006400 seconds, Stopping threads took: 0.0000630 seconds
138.137: Application time: 0.0690500 seconds
138.137: [GC [PSYoungGen: 15357K->0K(16896K)] 27569K->12211K(48128K), 0.0003600 secs] [Times: user=0.00 sys=0.00, real=0.00 secs] 
138.137: Total time for which application threads were stopped: 0.0004900 seconds, Stopping threads took: 0.0000680 seconds
138.206: Application time: 0.0689880 seconds
138.206: [GC [PSYoungGen: 15359K->0K(16896K)] 27570K->12211K(48128K), 0.0003310 secs] [Times: user=0.00 sys=0.00, real=0.00 secs] 
138.207: Total time for which application threads were stopped: 0.0004510 seconds, Stopping threads took: 0.0000570 seconds
138.276: Application time: 0.0689420 seconds
138.276: [GC [PSYoungGen: 15358K->0K(16896K)] 27569K->12211K(48128K), 0.0003690 secs] [Times: user=0.00 sys=0.00, real=0.00 secs] 
138.276: Total time for which application threads were stopped: 0.0004930 seconds, Stopping threads took: 0.0000530 seconds
138.345: Application time: 0.0688520 seconds
138.345: [GC [PSYoungGen: 15357K->0K(16896K)] 27569K->12211K(48128K), 0.0003580 secs] [Times: user=0.00 sys=0.00, real=0.00 secs] 
138.345: Total time for which application threads were stopped: 0.0004770 seconds, Stopping threads took: 0.0000520 seconds
138.415: Application time: 0.0693090 seconds
138.416: [GC [PSYoungGen: 15357K->0K(16896K)] 27569K->12211K(48128K), 0.0004310 secs] [Times: user=0.00 sys=0.00, real=0.00 secs] 
138.416: Total time for which application threads were stopped: 0.0016190 seconds, Stopping threads took: 0.0011290 seconds
138.486: Application time: 0.0696550 seconds
138.486: [GC [PSYoungGen: 15357K->0K(16896K)] 27569K->12211K(48128K), 0.0003750 secs] [Times: user=0.00 sys=0.00, real=0.00 secs] 
138.487: Total time for which application threads were stopped: 0.0005290 seconds, Stopping threads took: 0.0000820 seconds
138.556: Application time: 0.0695470 seconds
138.556: [GC [PSYoungGen: 15357K->0K(16896K)] 27569K->12211K(48128K), 0.0003500 secs] [Times: user=0.00 sys=0.00, real=0.00 secs] 
138.557: Total time for which application threads were stopped: 0.0004880 seconds, Stopping threads took: 0.0000740 seconds
138.626: Application time: 0.0693490 seconds
138.628: [GC [PSYoungGen: 15357K->0K(16896K)] 27569K->12211K(48128K), 0.0004240 secs] [Times: user=0.00 sys=0.00, real=0.00 secs] 
138.628: Total time for which application threads were stopped: 0.0024260 seconds, Stopping threads took: 0.0019420 seconds
138.697: Application time: 0.0688150 seconds
138.697: [GC [PSYoungGen: 15357K->0K(15872K)] 27569K->12211K(47104K), 0.0003810 secs] [Times: user=0.01 sys=0.00, real=0.00 secs] 
138.698: Total time for which application threads were stopped: 0.0005030 seconds, Stopping threads took: 0.0000650 seconds
138.768: Application time: 0.0703410 seconds
138.768: [GC [PSYoungGen: 15355K->0K(16384K)] 27567K->12211K(47616K), 0.0003650 secs] [Times: user=0.00 sys=0.00, real=0.00 secs] 
138.768: Total time for which application threads were stopped: 0.0004990 seconds, Stopping threads took: 0.0000740 seconds
138.833: Application time: 0.0647190 seconds
138.833: [GC [PSYoungGen: 15360K->416K(16384K)] 27571K->12627K(47616K), 0.0003980 secs] [Times: user=0.01 sys=0.00, real=0.00 secs] 
138.834: Total time for which application threads were stopped: 0.0005310 seconds, Stopping threads took: 0.0000700 seconds
138.872: Application time: 0.0379220 seconds
138.872: [GC [PSYoungGen: 15773K->512K(16384K)] 27984K->12747K(47616K), 0.0004340 secs] [Times: user=0.00 sys=0.00, real=0.01 secs] 
138.872: Total time for which application threads were stopped: 0.0005490 seconds, Stopping threads took: 0.0000540 seconds
138.937: Application time: 0.0643780 seconds
138.937: [GC [PSYoungGen: 15869K->544K(15872K)] 28105K->12795K(47104K), 0.0005090 secs] [Times: user=0.00 sys=0.00, real=0.00 secs] 
138.937: Total time for which application threads were stopped: 0.0006460 seconds, Stopping threads took: 0.0000710 seconds
139.002: Application time: 0.0651190 seconds
139.002: [GC [PSYoungGen: 15388K->512K(16384K)] 27639K->12795K(47616K), 0.0004420 secs] [Times: user=0.00 sys=0.00, real=0.00 secs] 
139.003: Total time for which application threads were stopped: 0.0005770 seconds, Stopping threads took: 0.0000610 seconds
139.070: Application time: 0.0669010 seconds
139.070: [GC [PSYoungGen: 15357K->0K(16384K)] 27640K->12708K(47616K), 0.0003980 secs] [Times: user=0.01 sys=0.00, real=0.00 secs] 
139.070: Total time for which application threads were stopped: 0.0005240 seconds, Stopping threads took: 0.0000680 seconds
139.137: Application time: 0.0664750 seconds
139.137: [GC [PSYoungGen: 14845K->0K(15360K)] 27553K->12708K(46592K), 0.0003880 secs] [Times: user=0.00 sys=0.00, real=0.00 secs] 
139.137: Total time for which application threads were stopped: 0.0005150 seconds, Stopping threads took: 0.0000620 seconds
139.187: Application time: 0.0494630 seconds
139.187: [GC [PSYoungGen: 14846K->320K(15872K)] 27555K->13028K(47104K), 0.0004390 secs] [Times: user=0.01 sys=0.00, real=0.00 secs] 
139.187: Total time for which application threads were stopped: 0.0005630 seconds, Stopping threads took: 0.0000640 seconds
139.239: Application time: 0.0515250 seconds
139.239: [GC [PSYoungGen: 15166K->544K(15872K)] 27875K->13284K(47104K), 0.0004270 secs] [Times: user=0.00 sys=0.00, real=0.00 secs] 
139.239: Total time for which application threads were stopped: 0.0005650 seconds, Stopping threads took: 0.0000710 seconds
139.281: Application time: 0.0417420 seconds
139.281: [GC [PSYoungGen: 15366K->1008K(15360K)] 28106K->14040K(46592K), 0.0006170 secs] [Times: user=0.01 sys=0.00, real=0.00 secs] 
139.282: Total time for which application threads were stopped: 0.0007320 seconds, Stopping threads took: 0.0000580 seconds
139.318: Application time: 0.0359880 seconds
139.318: [GC [PSYoungGen: 15339K->512K(15872K)] 28372K->14218K(47104K), 0.0006110 secs] [Times: user=0.01 sys=0.00, real=0.00 secs] 
139.319: Total time for which application threads were stopped: 0.0007190 seconds, Stopping threads took: 0.0000490 seconds
139.355: Application time: 0.0368080 seconds
139.356: [GC [PSYoungGen: 14844K->960K(18944K)] 28551K->14902K(50176K), 0.0005290 secs] [Times: user=0.00 sys=0.00, real=0.00 secs] 
139.356: Total time for which application threads were stopped: 0.0006710 seconds, Stopping threads took: 0.0000770 seconds
139.409: Application time: 0.0532320 seconds
139.409: [GC [PSYoungGen: 18368K->928K(18944K)] 32310K->15119K(50176K), 0.0004840 secs] [Times: user=0.00 sys=0.00, real=0.00 secs] 
139.410: Total time for which application threads were stopped: 0.0006000 seconds, Stopping threads took: 0.0000570 seconds
139.483: Application time: 0.0728150 seconds
139.483: [GC [PSYoungGen: 18334K->448K(17920K)] 32526K->15072K(49152K), 0.0005510 secs] [Times: user=0.00 sys=0.00, real=0.00 secs] 
139.483: Total time for which application threads were stopped: 0.0006690 seconds, Stopping threads took: 0.0000580 seconds
139.558: Application time: 0.0747560 seconds
139.558: [GC [PSYoungGen: 17853K->0K(18944K)] 32478K->15029K(50176K), 0.0004600 secs] [Times: user=0.00 sys=0.00, real=0.00 secs] 
139.559: Total time for which application threads were stopped: 0.0005860 seconds, Stopping threads took: 0.0000530 seconds
139.632: Application time: 0.0733660 seconds
139.632: [GC [PSYoungGen: 17405K->384K(17920K)] 32434K->15413K(49152K), 0.0003890 secs] [Times: user=0.00 sys=0.00, real=0.00 secs] 
139.633: Total time for which application threads were stopped: 0.0005280 seconds, Stopping threads took: 0.0000720 seconds
139.705: Application time: 0.0722430 seconds
139.705: [GC [PSYoungGen: 17790K->576K(18944K)] 32820K->15841K(50176K), 0.0004750 secs] [Times: user=0.01 sys=0.00, real=0.00 secs] 
139.706: Total time for which application threads were stopped: 0.0005760 seconds, Stopping threads took: 0.0000370 seconds
139.777: Application time: 0.0711820 seconds
139.777: [GC [PSYoungGen: 17979K->768K(18432K)] 33245K->16442K(49664K), 0.0004980 secs] [Times: user=0.00 sys=0.00, real=0.00 secs] 
139.777: Total time for which application threads were stopped: 0.0006150 seconds, Stopping threads took: 0.0000550 seconds
139.855: Application time: 0.0777940 seconds
139.855: [GC [PSYoungGen: 18173K->0K(17920K)] 33848K->16288K(49152K), 0.0005120 secs] [Times: user=0.00 sys=0.00, real=0.00 secs] 
139.856: Total time for which application threads were stopped: 0.0006390 seconds, Stopping threads took: 0.0000630 seconds
139.934: Application time: 0.0779660 seconds
139.934: [GC [PSYoungGen: 17405K->0K(18432K)] 33694K->16288K(49664K), 0.0004030 secs] [Times: user=0.00 sys=0.00, real=0.00 secs] 
139.934: Total time for which application threads were stopped: 0.0005330 seconds, Stopping threads took: 0.0000670 seconds
140.012: Application time: 0.0776870 seconds
140.012: [GC [PSYoungGen: 17405K->0K(18944K)] 33694K->16288K(50176K), 0.0003900 secs] [Times: user=0.00 sys=0.00, real=0.00 secs] 
140.012: Total time for which application threads were stopped: 0.0005090 seconds, Stopping threads took: 0.0000560 seconds
140.090: Application time: 0.0778870 seconds
140.090: [GC [PSYoungGen: 17405K->0K(18944K)] 33694K->16288K(50176K), 0.0003830 secs] [Times: user=0.00 sys=0.00, real=0.00 secs] 
140.091: Total time for which application threads were stopped: 0.0005300 seconds, Stopping threads took: 0.0000720 seconds
140.169: Application time: 0.0780540 seconds
140.169: [GC [PSYoungGen: 17405K->0K(18944K)] 33694K->16288K(50176K), 0.0003530 secs] [Times: user=0.00 sys=0.00, real=0.00 secs] 
140.169: Total time for which application threads were stopped: 0.0004700 seconds, Stopping threads took: 0.0000530 seconds
140.249: Application time: 0.0793940 seconds
140.250: [GC [PSYoungGen: 17405K->0K(18944K)] 33694K->16288K(50176K), 0.0003760 secs] [Times: user=0.00 sys=0.00, real=0.00 secs] 
140.251: Total time for which application threads were stopped: 0.0020640 seconds, Stopping threads took: 0.0016270 seconds
140.329: Application time: 0.0782700 seconds
140.329: [GC [PSYoungGen: 17405K->0K(18944K)] 33694K->16288K(50176K), 0.0003560 secs] [Times: user=0.00 sys=0.00, real=0.00 secs] 
140.330: Total time for which application threads were stopped: 0.0004780 seconds, Stopping threads took: 0.0000580 seconds
140.408: Application time: 0.0781040 seconds
140.408: [GC [PSYoungGen: 17405K->0K(18944K)] 33694K->16288K(50176K), 0.0003490 secs] [Times: user=0.00 sys=0.00, real=0.00 secs] 
140.408: Total time for which application threads were stopped: 0.0004830 seconds, Stopping threads took: 0.0000740 seconds
140.487: Application time: 0.0790090 seconds
140.487: [GC [PSYoungGen: 17403K->0K(17920K)] 33692K->16288K(49152K), 0.0003810 secs] [Times: user=0.00 sys=0.00, real=0.00 secs] 
140.488: Total time for which application threads were stopped: 0.0004970 seconds, Stopping threads took: 0.0000530 seconds
140.554: Application time: 0.0659100 seconds
140.554: [GC [PSYoungGen: 17404K->416K(18432K)] 33693K->16704K(49664K), 0.0003890 secs] [Times: user=0.00 sys=0.00, real=0.00 secs] 
140.554: Total time for which application threads were stopped: 0.0005180 seconds, Stopping threads took: 0.0000670 seconds
140.603: Application time: 0.0489080 seconds
140.603: [GC [PSYoungGen: 17822K->672K(18432K)] 34111K->16968K(49664K), 0.0004730 secs] [Times: user=0.00 sys=0.00, real=0.00 secs] 
140.604: Total time for which application threads were stopped: 0.0006200 seconds, Stopping threads took: 0.0000700 seconds
140.678: Application time: 0.0744940 seconds
140.678: [GC [PSYoungGen: 18077K->512K(18944K)] 34373K->16824K(50176K), 0.0004080 secs] [Times: user=0.00 sys=0.00, real=0.00 secs] 
140.679: Total time for which application threads were stopped: 0.0005330 seconds, Stopping threads took: 0.0000640 seconds
140.756: Application time: 0.0775200 seconds
140.756: [GC [PSYoungGen: 17917K->0K(18944K)] 34230K->16737K(50176K), 0.0004290 secs] [Times: user=0.00 sys=0.00, real=0.00 secs] 
140.757: Total time for which application threads were stopped: 0.0005630 seconds, Stopping threads took: 0.0000640 seconds
140.835: Application time: 0.0777240 seconds
140.835: [GC [PSYoungGen: 17405K->0K(18944K)] 34143K->16737K(50176K), 0.0004200 secs] [Times: user=0.00 sys=0.00, real=0.00 secs] 
140.836: Total time for which application threads were stopped: 0.0017500 seconds, Stopping threads took: 0.0000590 seconds
140.896: Application time: 0.0600000 seconds
140.896: [GC [PSYoungGen: 17407K->384K(17920K)] 34144K->17121K(49152K), 0.0004800 secs] [Times: user=0.01 sys=0.00, real=0.00 secs] 
140.897: Total time for which application threads were stopped: 0.0006210 seconds, Stopping threads took: 0.0000750 seconds
140.966: Application time: 0.0687970 seconds
140.966: [GC [PSYoungGen: 17788K->576K(17920K)] 34526K->17321K(49152K), 0.0004490 secs] [Times: user=0.01 sys=0.00, real=0.00 secs] 
140.966: Total time for which application threads were stopped: 0.0005690 seconds, Stopping threads took: 0.0000610 seconds
141.016: Application time: 0.0501610 seconds
141.017: [GC [PSYoungGen: 17468K->992K(18432K)] 34213K->17977K(49664K), 0.0005530 secs] [Times: user=0.00 sys=0.00, real=0.00 secs] 
141.017: Total time for which application threads were stopped: 0.0006860 seconds, Stopping threads took: 0.0000650 seconds
141.056: Application time: 0.0385830 seconds
141.056: [GC [PSYoungGen: 17886K->864K(18432K)] 34872K->18538K(49664K), 0.0006550 secs] [Times: user=0.00 sys=0.00, real=0.00 secs] 
141.056: Total time for which application threads were stopped: 0.0007730 seconds, Stopping threads took: 0.0000520 seconds
141.093: Application time: 0.0361760 seconds
141.096: [GC [PSYoungGen: 17756K->1056K(18432K)] 35430K->18867K(49664K), 0.0005840 secs] [Times: user=0.00 sys=0.00, real=0.00 secs] 
141.096: Total time for which application threads were stopped: 0.0038090 seconds, Stopping threads took: 0.0031620 seconds
141.161: Application time: 0.0647250 seconds
141.161: [GC [PSYoungGen: 17951K->960K(21504K)] 35762K->19155K(52736K), 0.0005500 secs] [Times: user=0.00 sys=0.00, real=0.00 secs] 
141.162: Total time for which application threads were stopped: 0.0007150 seconds, Stopping threads took: 0.0000880 seconds
141.247: Application time: 0.0853240 seconds
141.247: [GC [PSYoungGen: 20927K->320K(20480K)] 39122K->19140K(51712K), 0.0005620 secs] [Times: user=0.00 sys=0.00, real=0.00 secs] 
141.248: Total time for which application threads were stopped: 0.0006920 seconds, Stopping threads took: 0.0000650 seconds
141.332: Application time: 0.0843370 seconds
141.332: [GC [PSYoungGen: 20288K->384K(21504K)] 39108K->19420K(52736K), 0.0004850 secs] [Times: user=0.00 sys=0.00, real=0.00 secs] 
141.333: Total time for which application threads were stopped: 0.0006010 seconds, Stopping threads took: 0.0000570 seconds
141.418: Application time: 0.0847230 seconds
141.418: [GC [PSYoungGen: 20352K->384K(21504K)] 39388K->19756K(52736K), 0.0004540 secs] [Times: user=0.00 sys=0.00, real=0.00 secs] 
141.418: Total time for which application threads were stopped: 0.0005800 seconds, Stopping threads took: 0.0000580 seconds
141.499: Application time: 0.0807610 seconds
141.499: [GC [PSYoungGen: 20349K->928K(21504K)] 39721K->20512K(52736K), 0.0004770 secs] [Times: user=0.00 sys=0.00, real=0.00 secs] 
141.500: Total time for which application threads were stopped: 0.0005840 seconds, Stopping threads took: 0.0000420 seconds
141.588: Application time: 0.0888430 seconds
141.588: [GC [PSYoungGen: 20892K->0K(21504K)] 40477K->20398K(52736K), 0.0005590 secs] [Times: user=0.00 sys=0.00, real=0.00 secs] 
141.589: Total time for which application threads were stopped: 0.0006770 seconds, Stopping threads took: 0.0000570 seconds
141.678: Application time: 0.0888360 seconds
141.678: [GC [PSYoungGen: 19964K->0K(21504K)] 40362K->20398K(52736K), 0.0003690 secs] [Times: user=0.00 sys=0.00, real=0.00 secs] 
141.678: Total time for which application threads were stopped: 0.0005020 seconds, Stopping threads took: 0.0000620 seconds
141.768: Application time: 0.0898240 seconds
141.768: [GC [PSYoungGen: 19966K->0K(21504K)] 40365K->20398K(52736K), 0.0003570 secs] [Times: user=0.00 sys=0.00, real=0.00 secs] 
141.769: Total time for which application threads were stopped: 0.0004790 seconds, Stopping threads took: 0.0000630 seconds
141.858: Application time: 0.0888940 seconds
141.858: [GC [PSYoungGen: 19964K->0K(21504K)] 40362K->20398K(52736K), 0.0003560 secs] [Times: user=0.00 sys=0.00, real=0.00 secs] 
141.858: Total time for which application threads were stopped: 0.0004870 seconds, Stopping threads took: 0.0000680 seconds
141.947: Application time: 0.0890230 seconds
141.947: [GC [PSYoungGen: 19964K->0K(21504K)] 40362K->20398K(52736K), 0.0003730 secs] [Times: user=0.00 sys=0.00, real=0.00 secs] 
141.948: Total time for which application threads were stopped: 0.0005120 seconds, Stopping threads took: 0.0000750 seconds
142.038: Application time: 0.0902160 seconds
142.038: [GC [PSYoungGen: 19966K->0K(21504K)] 40365K->20398K(52736K), 0.0003590 secs] [Times: user=0.00 sys=0.00, real=0.00 secs] 
142.038: Total time for which application threads were stopped: 0.0004800 seconds, Stopping threads took: 0.0000620 seconds
142.127: Application time: 0.0889650 seconds
142.127: [GC [PSYoungGen: 19964K->0K(21504K)] 40362K->20398K(52736K), 0.0003880 secs] [Times: user=0.00 sys=0.00, real=0.00 secs] 
142.128: Total time for which application threads were stopped: 0.0005150 seconds, Stopping threads took: 0.0000610 seconds
142.216: Application time: 0.0884420 seconds
142.216: [GC [PSYoungGen: 19964K->0K(21504K)] 40362K->20398K(52736K), 0.0004190 secs] [Times: user=0.00 sys=0.00, real=0.00 secs] 
142.217: Total time for which application threads were stopped: 0.0005710 seconds, Stopping threads took: 0.0000720 seconds
142.281: Application time: 0.0637480 seconds
142.284: [GC [PSYoungGen: 19965K->544K(21504K)] 40364K->20942K(52736K), 0.0004630 secs] [Times: user=0.00 sys=0.00, real=0.00 secs] 
142.284: Total time for which application threads were stopped: 0.0037930 seconds, Stopping threads took: 0.0032650 seconds
142.357: Application time: 0.0723020 seconds
142.357: [GC [PSYoungGen: 20511K->512K(21504K)] 40909K->20918K(52736K), 0.0004600 secs] [Times: user=0.00 sys=0.00, real=0.00 secs] 
142.357: Total time for which application threads were stopped: 0.0005740 seconds, Stopping threads took: 0.0000490 seconds
142.444: Application time: 0.0866630 seconds
142.444: [GC [PSYoungGen: 20479K->640K(21504K)] 40886K->21070K(52736K), 0.0004630 secs] [Times: user=0.01 sys=0.00, real=0.00 secs] 
142.445: Total time for which application threads were stopped: 0.0005970 seconds, Stopping threads took: 0.0000640 seconds
142.533: Application time: 0.0883440 seconds
142.533: [GC [PSYoungGen: 20604K->0K(21504K)] 41034K->20847K(52736K), 0.0004270 secs] [Times: user=0.00 sys=0.00, real=0.00 secs] 
142.533: Total time for which application threads were stopped: 0.0005300 seconds, Stopping threads took: 0.0000330 seconds
142.611: Application time: 0.0774760 seconds
142.612: [GC [PSYoungGen: 19964K->384K(21504K)] 40812K->21231K(52736K), 0.0004130 secs] [Times: user=0.00 sys=0.00, real=0.00 secs] 
142.612: Total time for which application threads were stopped: 0.0014290 seconds, Stopping threads took: 0.0009520 seconds
142.687: Application time: 0.0748980 seconds
142.687: [GC [PSYoungGen: 20348K->1056K(21504K)] 41195K->21911K(52736K), 0.0005320 secs] [Times: user=0.01 sys=0.00, real=0.00 secs] 
142.688: Total time for which application threads were stopped: 0.0006640 seconds, Stopping threads took: 0.0000660 seconds
142.748: Application time: 0.0597570 seconds
142.748: [GC [PSYoungGen: 20964K->1088K(21504K)] 41820K->21999K(52736K), 0.0005610 secs] [Times: user=0.00 sys=0.01, real=0.00 secs] 
142.748: Total time for which application threads were stopped: 0.0007050 seconds, Stopping threads took: 0.0000700 seconds
142.784: Application time: 0.0355740 seconds
142.784: [GC [PSYoungGen: 21052K->928K(20992K)] 41964K->22765K(52224K), 0.0006820 secs] [Times: user=0.01 sys=0.00, real=0.00 secs] 
142.785: Total time for which application threads were stopped: 0.0008230 seconds, Stopping threads took: 0.0000780 seconds
142.844: Application time: 0.0597110 seconds
142.845: [GC [PSYoungGen: 20382K->896K(21504K)] 42220K->23002K(52736K), 0.0005600 secs] [Times: user=0.00 sys=0.00, real=0.00 secs] 
142.845: Total time for which application threads were stopped: 0.0006830 seconds, Stopping threads took: 0.0000620 seconds
142.925: Application time: 0.0795820 seconds
142.925: [GC [PSYoungGen: 20347K->832K(21504K)] 42453K->23178K(52736K), 0.0005410 secs] [Times: user=0.00 sys=0.00, real=0.00 secs] 
142.925: Total time for which application threads were stopped: 0.0006670 seconds, Stopping threads took: 0.0000650 seconds
143.010: Application time: 0.0848250 seconds
143.010: [GC [PSYoungGen: 20286K->0K(21504K)] 42632K->23143K(52736K), 0.0005190 secs] [Times: user=0.00 sys=0.00, real=0.00 secs] 
143.011: Total time for which application threads were stopped: 0.0006500 seconds, Stopping threads took: 0.0000650 seconds
143.094: Application time: 0.0829190 seconds
143.094: [GC [PSYoungGen: 19453K->384K(20480K)] 42597K->23527K(51712K), 0.0004400 secs] [Times: user=0.00 sys=0.00, real=0.00 secs] 
143.094: Total time for which application threads were stopped: 0.0005740 seconds, Stopping threads took: 0.0000650 seconds
143.175: Application time: 0.0803890 seconds
143.175: [GC [PSYoungGen: 19756K->800K(20992K)] 42900K->24167K(52224K), 0.0004920 secs] [Times: user=0.00 sys=0.00, real=0.00 secs] 
143.175: Total time for which application threads were stopped: 0.0006240 seconds, Stopping threads took: 0.0000650 seconds
143.256: Application time: 0.0806360 seconds
143.256: [GC [PSYoungGen: 20254K->896K(20480K)] 43621K->24468K(51712K), 0.0005590 secs] [Times: user=0.00 sys=0.00, real=0.00 secs] 
143.257: Total time for which application threads were stopped: 0.0006920 seconds, Stopping threads took: 0.0000570 seconds
143.342: Application time: 0.0852890 seconds
143.342: [GC [PSYoungGen: 19837K->0K(20992K)] 43410K->24374K(52224K), 0.0005630 secs] [Times: user=0.00 sys=0.00, real=0.00 secs] 
143.343: Total time for which application threads were stopped: 0.0007010 seconds, Stopping threads took: 0.0000740 seconds
143.427: Application time: 0.0840240 seconds
143.427: [GC [PSYoungGen: 18941K->0K(20992K)] 43316K->24374K(52224K), 0.0004190 secs] [Times: user=0.00 sys=0.00, real=0.00 secs] 
143.427: Total time for which application threads were stopped: 0.0005490 seconds, Stopping threads took: 0.0000630 seconds
143.513: Application time: 0.0852800 seconds
143.513: [GC [PSYoungGen: 18941K->0K(19456K)] 43316K->24374K(50688K), 0.0003960 secs] [Times: user=0.00 sys=0.00, real=0.00 secs] 
143.513: Total time for which application threads were stopped: 0.0005150 seconds, Stopping threads took: 0.0000570 seconds
143.597: Application time: 0.0839400 seconds
143.597: [GC [PSYoungGen: 18943K->0K(20480K)] 43318K->24374K(51712K), 0.0003990 secs] [Times: user=0.01 sys=0.00, real=0.00 secs] 
143.598: Total time for which application threads were stopped: 0.0005270 seconds, Stopping threads took: 0.0000670 seconds
143.682: Application time: 0.0843210 seconds
143.682: [GC [PSYoungGen: 18943K->0K(20480K)] 43318K->24374K(51712K), 0.0004050 secs] [Times: user=0.00 sys=0.00, real=0.00 secs] 
143.682: Total time for which application threads were stopped: 0.0005420 seconds, Stopping threads took: 0.0000740 seconds
143.767: Application time: 0.0847930 seconds
143.767: [GC [PSYoungGen: 18941K->0K(20480K)] 43316K->24374K(51712K), 0.0003630 secs] [Times: user=0.00 sys=0.00, real=0.00 secs] 
143.768: Total time for which application threads were stopped: 0.0005270 seconds, Stopping threads took: 0.0000860 seconds
143.852: Application time: 0.0841990 seconds
143.852: [GC [PSYoungGen: 18943K->0K(20480K)] 43318K->24374K(51712K), 0.0003660 secs] [Times: user=0.00 sys=0.00, real=0.00 secs] 
143.852: Total time for which application threads were stopped: 0.0004970 seconds, Stopping threads took: 0.0000670 seconds
143.936: Application time: 0.0837270 seconds
143.936: [GC [PSYoungGen: 18943K->0K(20480K)] 43318K->24374K(51712K), 0.0003880 secs] [Times: user=0.00 sys=0.00, real=0.00 secs] 
143.937: Total time for which application threads were stopped: 0.0005350 seconds, Stopping threads took: 0.0000850 seconds
143.997: Application time: 0.0599620 seconds
143.997: [GC [PSYoungGen: 18939K->544K(20480K)] 43314K->24918K(51712K), 0.0004270 secs] [Times: user=0.00 sys=0.00, real=0.00 secs] 
143.997: Total time for which application threads were stopped: 0.0005460 seconds, Stopping threads took: 0.0000540 seconds
144.064: Application time: 0.0672220 seconds
144.068: [GC [PSYoungGen: 19484K->544K(20480K)] 43858K->24934K(51712K), 0.0004700 secs] [Times: user=0.00 sys=0.00, real=0.00 secs] 
144.068: Total time for which application threads were stopped: 0.0039760 seconds, Stopping threads took: 0.0034370 seconds
144.150: Application time: 0.0815140 seconds
144.150: [GC [PSYoungGen: 19483K->480K(20480K)] 43874K->24894K(51712K), 0.0004520 secs] [Times: user=0.00 sys=0.00, real=0.00 secs] 
144.151: Total time for which application threads were stopped: 0.0005880 seconds, Stopping threads took: 0.0000760 seconds
144.234: Application time: 0.0837190 seconds
144.234: [GC [PSYoungGen: 19421K->0K(20480K)] 43836K->24823K(51712K), 0.0004390 secs] [Times: user=0.00 sys=0.00, real=0.00 secs] 
144.235: Total time for which application threads were stopped: 0.0005810 seconds, Stopping threads took: 0.0000760 seconds
144.314: Application time: 0.0789030 seconds
144.314: [GC [PSYoungGen: 18940K->384K(20480K)] 43764K->25207K(51712K), 0.0003930 secs] [Times: user=0.00 sys=0.00, real=0.00 secs] 
144.314: Total time for which application threads were stopped: 0.0005240 seconds, Stopping threads took: 0.0000550 seconds
144.383: Application time: 0.0686770 seconds
144.383: [GC [PSYoungGen: 19327K->384K(20480K)] 44150K->25215K(51712K), 0.0004220 secs] [Times: user=0.00 sys=0.00, real=0.00 secs] 
144.383: Total time for which application threads were stopped: 0.0005720 seconds, Stopping threads took: 0.0000860 seconds
144.441: Application time: 0.0570790 seconds
144.441: [GC [PSYoungGen: 19327K->992K(20480K)] 44159K->25831K(51712K), 0.0005180 secs] [Times: user=0.01 sys=0.00, real=0.00 secs] 
144.441: Total time for which application threads were stopped: 0.0006280 seconds, Stopping threads took: 0.0000460 seconds
144.486: Application time: 0.0448710 seconds
144.486: [GC [PSYoungGen: 19933K->992K(20480K)] 44772K->26765K(51712K), 0.0006480 secs] [Times: user=0.00 sys=0.00, real=0.00 secs] 
144.487: Total time for which application threads were stopped: 0.0007760 seconds, Stopping threads took: 0.0000680 seconds
144.526: Application time: 0.0394750 seconds
144.526: [GC [PSYoungGen: 19934K->1152K(20480K)] 45707K->27045K(51712K), 0.0005830 secs] [Times: user=0.00 sys=0.00, real=0.00 secs] 
144.527: Total time for which application threads were stopped: 0.0007140 seconds, Stopping threads took: 0.0000650 seconds
144.603: Application time: 0.0763490 seconds
144.603: [GC [PSYoungGen: 20093K->864K(20992K)] 45986K->27001K(52224K), 0.0005350 secs] [Times: user=0.00 sys=0.00, real=0.01 secs] 
144.604: Total time for which application threads were stopped: 0.0006450 seconds, Stopping threads took: 0.0000520 seconds
144.685: Application time: 0.0814290 seconds
144.686: [GC [PSYoungGen: 19803K->0K(20992K)] 45941K->26930K(52224K), 0.0005600 secs] [Times: user=0.01 sys=0.00, real=0.00 secs] 
144.686: Total time for which application threads were stopped: 0.0006980 seconds, Stopping threads took: 0.0000750 seconds
144.766: Application time: 0.0798890 seconds
144.766: [GC [PSYoungGen: 18939K->512K(19968K)] 45870K->27442K(51200K), 0.0004530 secs] [Times: user=0.01 sys=0.00, real=0.00 secs] 
144.767: Total time for which application threads were stopped: 0.0005780 seconds, Stopping threads took: 0.0000580 seconds
144.848: Application time: 0.0816130 seconds
144.848: [GC [PSYoungGen: 19453K->384K(20480K)] 46384K->27535K(51712K), 0.0004650 secs] [Times: user=0.00 sys=0.00, real=0.00 secs] 
144.849: Total time for which application threads were stopped: 0.0005960 seconds, Stopping threads took: 0.0000590 seconds
144.925: Application time: 0.0763310 seconds
144.925: [GC [PSYoungGen: 19325K->896K(20480K)] 46477K->28271K(51712K), 0.0005360 secs] [Times: user=0.00 sys=0.00, real=0.00 secs] 
144.926: Total time for which application threads were stopped: 0.0006600 seconds, Stopping threads took: 0.0000600 seconds
145.011: Application time: 0.0851740 seconds
145.011: [GC [PSYoungGen: 19837K->0K(20480K)] 47213K->28173K(51712K), 0.0004710 secs] [Times: user=0.00 sys=0.00, real=0.00 secs] 
145.012: Total time for which application threads were stopped: 0.0005970 seconds, Stopping threads took: 0.0000680 seconds
145.096: Application time: 0.0844930 seconds
145.096: [GC [PSYoungGen: 18939K->0K(20480K)] 47112K->28173K(51712K), 0.0003390 secs] [Times: user=0.00 sys=0.00, real=0.00 secs] 
145.097: Total time for which application threads were stopped: 0.0005750 seconds, Stopping threads took: 0.0001750 seconds
145.181: Application time: 0.0840330 seconds
145.181: [GC [PSYoungGen: 18939K->0K(20480K)] 47112K->28173K(51712K), 0.0003820 secs] [Times: user=0.00 sys=0.00, real=0.00 secs] 
145.181: Total time for which application threads were stopped: 0.0005040 seconds, Stopping threads took: 0.0000650 seconds
145.266: Application time: 0.0845240 seconds
145.266: [GC [PSYoungGen: 18939K->0K(20480K)] 47112K->28173K(51712K), 0.0003710 secs] [Times: user=0.00 sys=0.00, real=0.00 secs] 
145.266: Total time for which application threads were stopped: 0.0005130 seconds, Stopping threads took: 0.0000780 seconds
145.351: Application time: 0.0844200 seconds
145.351: [GC [PSYoungGen: 18939K->0K(20480K)] 47112K->28173K(51712K), 0.0003660 secs] [Times: user=0.00 sys=0.00, real=0.00 secs] 
145.351: Total time for which application threads were stopped: 0.0005020 seconds, Stopping threads took: 0.0000660 seconds
145.436: Application time: 0.0847270 seconds
145.436: [GC [PSYoungGen: 18939K->0K(20480K)] 47112K->28173K(51712K), 0.0003810 secs] [Times: user=0.00 sys=0.00, real=0.00 secs] 
145.436: Total time for which application threads were stopped: 0.0005060 seconds, Stopping threads took: 0.0000640 seconds
145.521: Application time: 0.0848860 seconds
145.521: [GC [PSYoungGen: 18941K->0K(20480K)] 47114K->28173K(51712K), 0.0004340 secs] [Times: user=0.00 sys=0.00, real=0.00 secs] 
145.522: Total time for which application threads were stopped: 0.0005850 seconds, Stopping threads took: 0.0000830 seconds
145.606: Application time: 0.0843340 seconds
145.606: [GC [PSYoungGen: 18939K->0K(20480K)] 47112K->28173K(51712K), 0.0003790 secs] [Times: user=0.00 sys=0.00, real=0.00 secs] 
145.607: Total time for which application threads were stopped: 0.0005170 seconds, Stopping threads took: 0.0000750 seconds
145.678: Application time: 0.0710620 seconds
145.678: [GC [PSYoungGen: 18940K->512K(20480K)] 47113K->28685K(51712K), 0.0004450 secs] [Times: user=0.00 sys=0.00, real=0.00 secs] 
145.678: Total time for which application threads were stopped: 0.0005570 seconds, Stopping threads took: 0.0000490 seconds
145.735: Application time: 0.0570690 seconds
145.736: [GC [PSYoungGen: 19452K->576K(20480K)] 47625K->28757K(51712K), 0.0004330 secs] [Times: user=0.01 sys=0.00, real=0.00 secs] 
145.736: Total time for which application threads were stopped: 0.0005610 seconds, Stopping threads took: 0.0000670 seconds
145.817: Application time: 0.0811800 seconds
145.817: [GC [PSYoungGen: 19515K->608K(20480K)] 47696K->28813K(51712K), 0.0004620 secs] [Times: user=0.00 sys=0.00, real=0.00 secs] 
145.818: Total time for which application threads were stopped: 0.0005860 seconds, Stopping threads took: 0.0000600 seconds
145.902: Application time: 0.0837990 seconds
145.902: [GC [PSYoungGen: 19548K->0K(20480K)] 47753K->28609K(51712K), 0.0004650 secs] [Times: user=0.00 sys=0.00, real=0.00 secs] 
145.903: Total time for which application threads were stopped: 0.0018160 seconds, Stopping threads took: 0.0000540 seconds
145.987: Application time: 0.0839560 seconds
145.987: [GC [PSYoungGen: 18940K->0K(20480K)] 47549K->28609K(51712K), 0.0003870 secs] [Times: user=0.00 sys=0.00, real=0.00 secs] 
145.988: Total time for which application threads were stopped: 0.0005030 seconds, Stopping threads took: 0.0000500 seconds
146.052: Application time: 0.0641830 seconds
146.052: [GC [PSYoungGen: 18942K->384K(20480K)] 47552K->28993K(51712K), 0.0004030 secs] [Times: user=0.01 sys=0.00, real=0.00 secs] 
146.053: Total time for which application threads were stopped: 0.0005170 seconds, Stopping threads took: 0.0000490 seconds
146.123: Application time: 0.0702030 seconds
146.123: [GC [PSYoungGen: 19325K->1024K(20480K)] 47934K->29649K(51712K), 0.0005160 secs] [Times: user=0.00 sys=0.00, real=0.00 secs] 
146.123: Total time for which application threads were stopped: 0.0006470 seconds, Stopping threads took: 0.0000700 seconds
146.188: Application time: 0.0641300 seconds
146.188: [GC [PSYoungGen: 19964K->576K(20480K)] 48590K->29898K(51712K), 0.0006050 secs] [Times: user=0.00 sys=0.00, real=0.00 secs] 
146.188: Total time for which application threads were stopped: 0.0007160 seconds, Stopping threads took: 0.0000460 seconds
146.227: Application time: 0.0391650 seconds
146.228: [GC [PSYoungGen: 19519K->1248K(20480K)] 48842K->30618K(51712K), 0.0005740 secs] [Times: user=0.00 sys=0.00, real=0.00 secs] 
146.228: Total time for which application threads were stopped: 0.0006940 seconds, Stopping threads took: 0.0000490 seconds
146.280: Application time: 0.0518600 seconds
146.280: [GC [PSYoungGen: 20191K->736K(20480K)] 49561K->30627K(51712K), 0.0005780 secs] [Times: user=0.00 sys=0.00, real=0.00 secs] 
146.281: Total time for which application threads were stopped: 0.0006940 seconds, Stopping threads took: 0.0000530 seconds
146.360: Application time: 0.0788390 seconds
146.360: [GC [PSYoungGen: 19678K->1056K(20480K)] 49570K->30963K(51712K), 0.0005750 secs] [Times: user=0.00 sys=0.00, real=0.00 secs] 
146.360: Total time for which application threads were stopped: 0.0006900 seconds, Stopping threads took: 0.0000540 seconds
146.442: Application time: 0.0814630 seconds
146.442: [GC [PSYoungGen: 19997K->320K(20992K)] 49905K->31033K(52224K), 0.0005410 secs] [Times: user=0.01 sys=0.00, real=0.00 secs] 
146.442: [Full GC [PSYoungGen: 320K->0K(20992K)] [ParOldGen: 30713K->4404K(31232K)] 31033K->4404K(52224K) [PSPermGen: 5577K->5577K(21504K)], 0.0054950 secs] [Times: user=0.02 sys=0.00, real=0.01 secs] 
146.448: Total time for which application threads were stopped: 0.0062290 seconds, Stopping threads took: 0.0000640 seconds
146.532: Application time: 0.0838860 seconds
146.532: [GC [PSYoungGen: 18941K->512K(19968K)] 23345K->4916K(51200K), 0.0004760 secs] [Times: user=0.00 sys=0.00, real=0.00 secs] 
146.532: Total time for which application threads were stopped: 0.0006000 seconds, Stopping threads took: 0.0000580 seconds
146.613: Application time: 0.0809240 seconds
146.613: [GC [PSYoungGen: 19453K->736K(20480K)] 23857K->5360K(51712K), 0.0004740 secs] [Times: user=0.00 sys=0.00, real=0.00 secs] 
146.614: Total time for which application threads were stopped: 0.0006120 seconds, Stopping threads took: 0.0000690 seconds
146.693: Application time: 0.0786580 seconds
146.693: [GC [PSYoungGen: 19679K->928K(20480K)] 24304K->5773K(51712K), 0.0004720 secs] [Times: user=0.00 sys=0.00, real=0.00 secs] 
146.693: Total time for which application threads were stopped: 0.0005940 seconds, Stopping threads took: 0.0000600 seconds
146.779: Application time: 0.0856810 seconds
146.779: [GC [PSYoungGen: 19867K->0K(20480K)] 24712K->5642K(51712K), 0.0005190 secs] [Times: user=0.00 sys=0.00, real=0.00 secs] 
146.780: Total time for which application threads were stopped: 0.0006560 seconds, Stopping threads took: 0.0000740 seconds
146.864: Application time: 0.0849410 seconds
146.865: [GC [PSYoungGen: 18942K->0K(20480K)] 24584K->5642K(51712K), 0.0003840 secs] [Times: user=0.01 sys=0.00, real=0.00 secs] 
146.865: Total time for which application threads were stopped: 0.0005320 seconds, Stopping threads took: 0.0000780 seconds
146.950: Application time: 0.0848610 seconds
146.950: [GC [PSYoungGen: 18939K->0K(20480K)] 24582K->5642K(51712K), 0.0003440 secs] [Times: user=0.01 sys=0.00, real=0.00 secs] 
146.950: Total time for which application threads were stopped: 0.0004790 seconds, Stopping threads took: 0.0000640 seconds
147.035: Application time: 0.0849370 seconds
147.035: [GC [PSYoungGen: 18939K->0K(20480K)] 24582K->5642K(51712K), 0.0003740 secs] [Times: user=0.00 sys=0.00, real=0.00 secs] 
147.036: Total time for which application threads were stopped: 0.0004940 seconds, Stopping threads took: 0.0000540 seconds
147.121: Application time: 0.0850280 seconds
147.121: [GC [PSYoungGen: 18939K->0K(20480K)] 24582K->5642K(51712K), 0.0004160 secs] [Times: user=0.00 sys=0.00, real=0.00 secs] 
147.121: Total time for which application threads were stopped: 0.0005320 seconds, Stopping threads took: 0.0000570 seconds
147.206: Application time: 0.0850730 seconds
147.207: [GC [PSYoungGen: 18942K->0K(20480K)] 24584K->5642K(51712K), 0.0003400 secs] [Times: user=0.01 sys=0.00, real=0.00 secs] 
147.207: Total time for which application threads were stopped: 0.0004630 seconds, Stopping threads took: 0.0000640 seconds
147.292: Application time: 0.0850110 seconds
147.292: [GC [PSYoungGen: 18941K->0K(20480K)] 24584K->5642K(51712K), 0.0003450 secs] [Times: user=0.00 sys=0.00, real=0.00 secs] 
147.292: Total time for which application threads were stopped: 0.0004830 seconds, Stopping threads took: 0.0000660 seconds
147.377: Application time: 0.0850220 seconds
147.378: [GC [PSYoungGen: 18939K->0K(20480K)] 24582K->5642K(51712K), 0.0003690 secs] [Times: user=0.00 sys=0.00, real=0.00 secs] 
147.378: Total time for which application threads were stopped: 0.0004950 seconds, Stopping threads took: 0.0000600 seconds
147.443: Application time: 0.0646170 seconds
147.443: [GC [PSYoungGen: 18943K->512K(20480K)] 24586K->6154K(51712K), 0.0004220 secs] [Times: user=0.00 sys=0.00, real=0.00 secs] 
147.443: Total time for which application threads were stopped: 0.0005470 seconds, Stopping threads took: 0.0000600 seconds
147.507: Application time: 0.0642750 seconds
147.507: [GC [PSYoungGen: 19454K->448K(20480K)] 25096K->6098K(51712K), 0.0003980 secs] [Times: user=0.00 sys=0.00, real=0.00 secs] 
147.508: Total time for which application threads were stopped: 0.0005320 seconds, Stopping threads took: 0.0000630 seconds
147.589: Application time: 0.0809840 seconds
147.589: [GC [PSYoungGen: 19387K->512K(20480K)] 25038K->6186K(51712K), 0.0004150 secs] [Times: user=0.00 sys=0.00, real=0.00 secs] 
147.589: Total time for which application threads were stopped: 0.0005430 seconds, Stopping threads took: 0.0000590 seconds
147.673: Application time: 0.0835150 seconds
147.673: [GC [PSYoungGen: 19454K->0K(20480K)] 25129K->6087K(51712K), 0.0004130 secs] [Times: user=0.00 sys=0.00, real=0.00 secs] 
147.673: Total time for which application threads were stopped: 0.0005320 seconds, Stopping threads took: 0.0000610 seconds
147.747: Application time: 0.0732600 seconds
147.747: [GC [PSYoungGen: 18942K->416K(20480K)] 25030K->6503K(51712K), 0.0003570 secs] [Times: user=0.00 sys=0.00, real=0.00 secs] 
147.747: Total time for which application threads were stopped: 0.0004620 seconds, Stopping threads took: 0.0000470 seconds
147.813: Application time: 0.0661080 seconds
147.813: [GC [PSYoungGen: 19359K->512K(20480K)] 25446K->6607K(51712K), 0.0004310 secs] [Times: user=0.00 sys=0.00, real=0.00 secs] 
147.814: Total time for which application threads were stopped: 0.0005330 seconds, Stopping threads took: 0.0000430 seconds
147.879: Application time: 0.0648960 seconds
147.879: [GC [PSYoungGen: 19454K->1008K(20480K)] 25550K->7111K(51712K), 0.0005010 secs] [Times: user=0.00 sys=0.00, real=0.00 secs] 
147.879: Total time for which application threads were stopped: 0.0006300 seconds, Stopping threads took: 0.0000640 seconds
147.933: Application time: 0.0541110 seconds
147.934: [GC [PSYoungGen: 19947K->736K(20480K)] 26051K->7572K(51712K), 0.0006410 secs] [Times: user=0.00 sys=0.00, real=0.00 secs] 
147.934: Total time for which application threads were stopped: 0.0007640 seconds, Stopping threads took: 0.0000580 seconds
147.980: Application time: 0.0458530 seconds
147.980: [GC [PSYoungGen: 19676K->1024K(20480K)] 26512K->8104K(51712K), 0.0005510 secs] [Times: user=0.00 sys=0.00, real=0.00 secs] 
147.981: Total time for which application threads were stopped: 0.0006820 seconds, Stopping threads took: 0.0000680 seconds
148.045: Application time: 0.0639660 seconds
148.045: [GC [PSYoungGen: 19967K->896K(20480K)] 27048K->8104K(51712K), 0.0005020 secs] [Times: user=0.00 sys=0.00, real=0.00 secs] 
148.045: Total time for which application threads were stopped: 0.0006330 seconds, Stopping threads took: 0.0000570 seconds
148.125: Application time: 0.0792490 seconds
148.125: [GC [PSYoungGen: 19837K->512K(20480K)] 27046K->8141K(51712K), 0.0004710 secs] [Times: user=0.00 sys=0.00, real=0.00 secs] 
148.125: Total time for which application threads were stopped: 0.0005880 seconds, Stopping threads took: 0.0000530 seconds
148.205: Application time: 0.0801060 seconds
148.205: [GC [PSYoungGen: 19455K->416K(20480K)] 27084K->8462K(51712K), 0.0004450 secs] [Times: user=0.00 sys=0.00, real=0.00 secs] 
148.206: Total time for which application threads were stopped: 0.0005790 seconds, Stopping threads took: 0.0000650 seconds
148.287: Application time: 0.0811830 seconds
148.287: [GC [PSYoungGen: 19357K->384K(20480K)] 27404K->8659K(51712K), 0.0004400 secs] [Times: user=0.01 sys=0.00, real=0.00 secs] 
148.288: Total time for which application threads were stopped: 0.0005550 seconds, Stopping threads took: 0.0000470 seconds
148.367: Application time: 0.0796630 seconds
148.367: [GC [PSYoungGen: 19325K->544K(20480K)] 27600K->9039K(51712K), 0.0004440 secs] [Times: user=0.01 sys=0.00, real=0.00 secs] 
148.368: Total time for which application threads were stopped: 0.0005760 seconds, Stopping threads took: 0.0000670 seconds
148.448: Application time: 0.0801720 seconds
148.448: [GC [PSYoungGen: 19483K->672K(20480K)] 27979K->9584K(51712K), 0.0005020 secs] [Times: user=0.01 sys=0.00, real=0.00 secs] 
148.449: Total time for which application threads were stopped: 0.0006290 seconds, Stopping threads took: 0.0000680 seconds
148.534: Application time: 0.0850060 seconds
148.534: [GC [PSYoungGen: 19611K->0K(20480K)] 28524K->9341K(51712K), 0.0004230 secs] [Times: user=0.00 sys=0.00, real=0.00 secs] 
148.534: Total time for which application threads were stopped: 0.0005400 seconds, Stopping threads took: 0.0000540 seconds
148.618: Application time: 0.0841330 seconds
148.619: [GC [PSYoungGen: 18939K->0K(20480K)] 28280K->9341K(51712K), 0.0003570 secs] [Times: user=0.00 sys=0.00, real=0.00 secs] 
148.619: Total time for which application threads were stopped: 0.0005060 seconds, Stopping threads took: 0.0000760 seconds
148.703: Application time: 0.0841870 seconds
148.703: [GC [PSYoungGen: 18939K->0K(20480K)] 28280K->9341K(51712K), 0.0003990 secs] [Times: user=0.01 sys=0.00, real=0.00 secs] 
148.704: Total time for which application threads were stopped: 0.0005310 seconds, Stopping threads took: 0.0000690 seconds
148.788: Application time: 0.0843290 seconds
148.788: [GC [PSYoungGen: 18939K->0K(20480K)] 28280K->9341K(51712K), 0.0003430 secs] [Times: user=0.00 sys=0.00, real=0.00 secs] 
148.788: Total time for which application threads were stopped: 0.0004770 seconds, Stopping threads took: 0.0000710 seconds
148.873: Application time: 0.0846740 seconds
148.873: [GC [PSYoungGen: 18942K->0K(20480K)] 28283K->9341K(51712K), 0.0003610 secs] [Times: user=0.00 sys=0.00, real=0.00 secs] 
148.874: Total time for which application threads were stopped: 0.0005190 seconds, Stopping threads took: 0.0000930 seconds
148.958: Application time: 0.0843950 seconds
148.958: [GC [PSYoungGen: 18939K->0K(20480K)] 28280K->9341K(51712K), 0.0003480 secs] [Times: user=0.00 sys=0.00, real=0.00 secs] 
148.959: Total time for which application threads were stopped: 0.0004750 seconds, Stopping threads took: 0.0000640 seconds
149.043: Application time: 0.0841750 seconds
149.043: [GC [PSYoungGen: 18939K->0K(20480K)] 28280K->9341K(51712K), 0.0003950 secs] [Times: user=0.00 sys=0.00, real=0.00 secs] 
149.043: Total time for which application threads were stopped: 0.0005370 seconds, Stopping threads took: 0.0000710 seconds
149.121: Application time: 0.0781230 seconds
149.121: [GC [PSYoungGen: 18853K->256K(19456K)] 28194K->9597K(50688K), 0.0004310 secs] [Times: user=0.01 sys=0.00, real=0.00 secs] 
149.122: Total time for which application threads were stopped: 0.0005720 seconds, Stopping threads took: 0.0000700 seconds
149.174: Application time: 0.0524590 seconds
149.174: [GC [PSYoungGen: 19198K->640K(19968K)] 28539K->9997K(51200K), 0.0004470 secs] [Times: user=0.00 sys=0.00, real=0.00 secs] 
149.175: Total time for which application threads were stopped: 0.0005700 seconds, Stopping threads took: 0.0000600 seconds
149.253: Application time: 0.0775830 seconds
149.253: [GC [PSYoungGen: 19579K->544K(20480K)] 28936K->9917K(51712K), 0.0004210 secs] [Times: user=0.00 sys=0.00, real=0.00 secs] 
149.253: Total time for which application threads were stopped: 0.0005400 seconds, Stopping threads took: 0.0000550 seconds
149.338: Application time: 0.0853330 seconds
149.339: [GC [PSYoungGen: 19485K->0K(20480K)] 28858K->9790K(51712K), 0.0003890 secs] [Times: user=0.00 sys=0.00, real=0.00 secs] 
149.339: Total time for which application threads were stopped: 0.0005220 seconds, Stopping threads took: 0.0000600 seconds
149.422: Application time: 0.0835440 seconds
149.423: [GC [PSYoungGen: 18939K->0K(20480K)] 28730K->9790K(51712K), 0.0003980 secs] [Times: user=0.00 sys=0.00, real=0.00 secs] 
149.423: Total time for which application threads were stopped: 0.0005200 seconds, Stopping threads took: 0.0000580 seconds
149.487: Application time: 0.0641280 seconds
149.487: [GC [PSYoungGen: 18940K->352K(19456K)] 28731K->10142K(50688K), 0.0003960 secs] [Times: user=0.00 sys=0.00, real=0.00 secs] 
149.488: Total time for which application threads were stopped: 0.0005100 seconds, Stopping threads took: 0.0000530 seconds
149.549: Application time: 0.0612930 seconds
149.552: [GC [PSYoungGen: 19291K->832K(19456K)] 29082K->10646K(50688K), 0.0004850 secs] [Times: user=0.01 sys=0.00, real=0.00 secs] 
149.553: Total time for which application threads were stopped: 0.0036600 seconds, Stopping threads took: 0.0031170 seconds
149.629: Application time: 0.0762040 seconds
149.629: [GC [PSYoungGen: 19259K->800K(19968K)] 29074K->10926K(51200K), 0.0006070 secs] [Times: user=0.00 sys=0.00, real=0.00 secs] 
149.630: Total time for which application threads were stopped: 0.0007380 seconds, Stopping threads took: 0.0000570 seconds
149.671: Application time: 0.0417790 seconds
149.671: [GC [PSYoungGen: 19229K->992K(19968K)] 29355K->11756K(51200K), 0.0006380 secs] [Times: user=0.00 sys=0.00, real=0.01 secs] 
149.672: Total time for which application threads were stopped: 0.0007560 seconds, Stopping threads took: 0.0000500 seconds
149.713: Application time: 0.0408930 seconds
149.713: [GC [PSYoungGen: 19421K->1056K(19968K)] 30185K->11900K(51200K), 0.0005800 secs] [Times: user=0.01 sys=0.00, real=0.00 secs] 
149.714: Total time for which application threads were stopped: 0.0007090 seconds, Stopping threads took: 0.0000630 seconds
149.786: Application time: 0.0723990 seconds
149.786: [GC [PSYoungGen: 19485K->928K(19456K)] 30329K->11868K(50688K), 0.0005280 secs] [Times: user=0.01 sys=0.00, real=0.00 secs] 
149.787: Total time for which application threads were stopped: 0.0006450 seconds, Stopping threads took: 0.0000530 seconds
149.863: Application time: 0.0767470 seconds
149.864: [GC [PSYoungGen: 18846K->256K(18432K)] 29786K->11990K(49664K), 0.0005530 secs] [Times: user=0.00 sys=0.00, real=0.01 secs] 
149.864: Total time for which application threads were stopped: 0.0006830 seconds, Stopping threads took: 0.0000650 seconds
149.940: Application time: 0.0757770 seconds
149.940: [GC [PSYoungGen: 18172K->576K(19456K)] 29907K->12326K(50688K), 0.0004230 secs] [Times: user=0.01 sys=0.00, real=0.00 secs] 
149.940: Total time for which application threads were stopped: 0.0005360 seconds, Stopping threads took: 0.0000510 seconds
150.019: Application time: 0.0786830 seconds
150.019: [GC [PSYoungGen: 18492K->0K(19456K)] 30242K->12167K(50688K), 0.0004180 secs] [Times: user=0.00 sys=0.00, real=0.00 secs] 
150.020: Total time for which application threads were stopped: 0.0005480 seconds, Stopping threads took: 0.0000650 seconds
150.094: Application time: 0.0738610 seconds
150.094: [GC [PSYoungGen: 17918K->736K(19456K)] 30086K->12903K(50688K), 0.0004460 secs] [Times: user=0.00 sys=0.00, real=0.00 secs] 
150.094: Total time for which application threads were stopped: 0.0005630 seconds, Stopping threads took: 0.0000520 seconds
150.172: Application time: 0.0778980 seconds
150.172: [GC [PSYoungGen: 18655K->384K(19456K)] 30823K->13149K(50688K), 0.0004790 secs] [Times: user=0.00 sys=0.00, real=0.00 secs] 
150.173: Total time for which application threads were stopped: 0.0006270 seconds, Stopping threads took: 0.0000750 seconds
150.254: Application time: 0.0808410 seconds
150.254: [GC [PSYoungGen: 18300K->0K(19456K)] 31065K->12989K(50688K), 0.0004280 secs] [Times: user=0.01 sys=0.00, real=0.00 secs] 
150.254: Total time for which application threads were stopped: 0.0005520 seconds, Stopping threads took: 0.0000570 seconds
150.334: Application time: 0.0802410 seconds
150.334: [GC [PSYoungGen: 17916K->0K(19456K)] 30905K->12989K(50688K), 0.0003680 secs] [Times: user=0.00 sys=0.00, real=0.00 secs] 
150.335: Total time for which application threads were stopped: 0.0004880 seconds, Stopping threads took: 0.0000580 seconds
150.415: Application time: 0.0804760 seconds
150.415: [GC [PSYoungGen: 17916K->0K(19456K)] 30905K->12989K(50688K), 0.0003610 secs] [Times: user=0.00 sys=0.00, real=0.00 secs] 
150.416: Total time for which application threads were stopped: 0.0004710 seconds, Stopping threads took: 0.0000460 seconds
150.497: Application time: 0.0808450 seconds
150.497: [GC [PSYoungGen: 17916K->0K(19456K)] 30905K->12989K(50688K), 0.0004150 secs] [Times: user=0.00 sys=0.00, real=0.00 secs] 
150.497: Total time for which application threads were stopped: 0.0005280 seconds, Stopping threads took: 0.0000550 seconds
150.578: Application time: 0.0806830 seconds
150.578: [GC [PSYoungGen: 17916K->0K(19456K)] 30905K->12989K(50688K), 0.0003390 secs] [Times: user=0.00 sys=0.00, real=0.00 secs] 
150.578: Total time for which application threads were stopped: 0.0004550 seconds, Stopping threads took: 0.0000540 seconds
150.659: Application time: 0.0806360 seconds
150.659: [GC [PSYoungGen: 17916K->0K(19456K)] 30905K->12989K(50688K), 0.0003720 secs] [Times: user=0.00 sys=0.00, real=0.00 secs] 
150.659: Total time for which application threads were stopped: 0.0005050 seconds, Stopping threads took: 0.0000680 seconds
150.740: Application time: 0.0803770 seconds
150.740: [GC [PSYoungGen: 17916K->0K(19456K)] 30905K->12989K(50688K), 0.0004070 secs] [Times: user=0.00 sys=0.00, real=0.00 secs] 
150.740: Total time for which application threads were stopped: 0.0005390 seconds, Stopping threads took: 0.0000590 seconds
150.821: Application time: 0.0809270 seconds
150.823: [GC [PSYoungGen: 17916K->0K(19456K)] 30905K->12989K(50688K), 0.0003680 secs] [Times: user=0.00 sys=0.00, real=0.00 secs] 
150.823: Total time for which application threads were stopped: 0.0017040 seconds, Stopping threads took: 0.0012750 seconds
150.878: Application time: 0.0552280 seconds
150.878: [GC [PSYoungGen: 17916K->544K(19456K)] 30905K->13533K(50688K), 0.0003980 secs] [Times: user=0.01 sys=0.00, real=0.00 secs] 
150.879: Total time for which application threads were stopped: 0.0005240 seconds, Stopping threads took: 0.0000640 seconds
150.943: Application time: 0.0638330 seconds
150.943: [GC [PSYoungGen: 18462K->448K(19456K)] 31451K->13445K(50688K), 0.0005050 secs] [Times: user=0.00 sys=0.00, real=0.01 secs] 
150.944: Total time for which application threads were stopped: 0.0017980 seconds, Stopping threads took: 0.0000610 seconds
151.022: Application time: 0.0776490 seconds
151.024: [GC [PSYoungGen: 18365K->448K(19456K)] 31362K->13461K(50688K), 0.0005580 secs] [Times: user=0.00 sys=0.00, real=0.00 secs] 
151.024: Total time for which application threads were stopped: 0.0024380 seconds, Stopping threads took: 0.0018210 seconds
151.105: Application time: 0.0804270 seconds
151.105: [GC [PSYoungGen: 18364K->0K(19456K)] 31377K->13441K(50688K), 0.0004260 secs] [Times: user=0.00 sys=0.00, real=0.00 secs] 
151.105: Total time for which application threads were stopped: 0.0005620 seconds, Stopping threads took: 0.0000690 seconds
151.174: Application time: 0.0684520 seconds
151.174: [GC [PSYoungGen: 17918K->384K(19456K)] 31360K->13825K(50688K), 0.0003900 secs] [Times: user=0.00 sys=0.00, real=0.00 secs] 
151.174: Total time for which application threads were stopped: 0.0005280 seconds, Stopping threads took: 0.0000760 seconds
151.237: Application time: 0.0630330 seconds
151.238: [GC [PSYoungGen: 18300K->512K(19456K)] 31742K->13961K(50688K), 0.0004860 secs] [Times: user=0.00 sys=0.00, real=0.00 secs] 
151.238: Total time for which application threads were stopped: 0.0006110 seconds, Stopping threads took: 0.0000530 seconds
151.300: Application time: 0.0615630 seconds
151.300: [GC [PSYoungGen: 18428K->1024K(19456K)] 31877K->14481K(50688K), 0.0004940 secs] [Times: user=0.01 sys=0.00, real=0.00 secs] 
151.300: Total time for which application threads were stopped: 0.0006380 seconds, Stopping threads took: 0.0000720 seconds
151.371: Application time: 0.0704200 seconds
151.371: [GC [PSYoungGen: 18943K->784K(19456K)] 32401K->14739K(50688K), 0.0005470 secs] [Times: user=0.00 sys=0.00, real=0.00 secs] 
151.371: Total time for which application threads were stopped: 0.0006530 seconds, Stopping threads took: 0.0000430 seconds
151.407: Application time: 0.0359180 seconds
151.407: [GC [PSYoungGen: 18703K->1024K(19456K)] 32658K->15452K(50688K), 0.0006000 secs] [Times: user=0.00 sys=0.00, real=0.00 secs] 
151.408: Total time for which application threads were stopped: 0.0007140 seconds, Stopping threads took: 0.0000490 seconds
151.455: Application time: 0.0467010 seconds
151.455: [GC [PSYoungGen: 18943K->704K(19456K)] 33371K->15408K(50688K), 0.0004920 secs] [Times: user=0.01 sys=0.00, real=0.00 secs] 
151.455: Total time for which application threads were stopped: 0.0006080 seconds, Stopping threads took: 0.0000560 seconds
151.528: Application time: 0.0724440 seconds
151.528: [GC [PSYoungGen: 18619K->896K(19456K)] 33324K->15664K(50688K), 0.0004910 secs] [Times: user=0.00 sys=0.00, real=0.00 secs] 
151.528: Total time for which application threads were stopped: 0.0006230 seconds, Stopping threads took: 0.0000660 seconds
151.605: Application time: 0.0766920 seconds
151.605: [GC [PSYoungGen: 18815K->352K(19456K)] 33584K->15926K(50688K), 0.0005400 secs] [Times: user=0.00 sys=0.00, real=0.00 secs] 
151.606: Total time for which application threads were stopped: 0.0006620 seconds, Stopping threads took: 0.0000550 seconds
151.682: Application time: 0.0765590 seconds
151.682: [GC [PSYoungGen: 18271K->384K(19456K)] 33846K->16182K(50688K), 0.0004320 secs] [Times: user=0.00 sys=0.00, real=0.00 secs] 
151.683: Total time for which application threads were stopped: 0.0005540 seconds, Stopping threads took: 0.0000630 seconds
151.761: Application time: 0.0786030 seconds
151.762: [GC [PSYoungGen: 18300K->0K(19456K)] 34098K->16006K(50688K), 0.0004630 secs] [Times: user=0.00 sys=0.00, real=0.00 secs] 
151.762: Total time for which application threads were stopped: 0.0006030 seconds, Stopping threads took: 0.0000740 seconds
151.834: Application time: 0.0723660 seconds
151.835: [GC [PSYoungGen: 17918K->960K(19456K)] 33925K->16966K(50688K), 0.0004800 secs] [Times: user=0.00 sys=0.00, real=0.00 secs] 
151.835: Total time for which application threads were stopped: 0.0005990 seconds, Stopping threads took: 0.0000470 seconds
151.914: Application time: 0.0785800 seconds
151.914: [GC [PSYoungGen: 18877K->320K(19456K)] 34884K->16935K(50688K), 0.0004670 secs] [Times: user=0.01 sys=0.00, real=0.00 secs] 
151.914: Total time for which application threads were stopped: 0.0006150 seconds, Stopping threads took: 0.0000870 seconds
151.994: Application time: 0.0799610 seconds
151.994: [GC [PSYoungGen: 18236K->0K(19456K)] 34851K->16836K(50688K), 0.0003930 secs] [Times: user=0.01 sys=0.00, real=0.00 secs] 
151.995: Total time for which application threads were stopped: 0.0005140 seconds, Stopping threads took: 0.0000610 seconds
152.074: Application time: 0.0793920 seconds
152.074: [GC [PSYoungGen: 17916K->0K(19456K)] 34752K->16836K(50688K), 0.0003640 secs] [Times: user=0.00 sys=0.00, real=0.00 secs] 
152.075: Total time for which application threads were stopped: 0.0004890 seconds, Stopping threads took: 0.0000610 seconds
152.154: Application time: 0.0793520 seconds
152.154: [GC [PSYoungGen: 17916K->0K(19456K)] 34752K->16836K(50688K), 0.0003850 secs] [Times: user=0.00 sys=0.00, real=0.00 secs] 
152.154: Total time for which application threads were stopped: 0.0005070 seconds, Stopping threads took: 0.0000580 seconds
152.234: Application time: 0.0792940 seconds
152.234: [GC [PSYoungGen: 17916K->0K(19456K)] 34752K->16836K(50688K), 0.0003790 secs] [Times: user=0.00 sys=0.00, real=0.00 secs] 
152.234: Total time for which application threads were stopped: 0.0005200 seconds, Stopping threads took: 0.0000730 seconds
152.314: Application time: 0.0797540 seconds
152.314: [GC [PSYoungGen: 17916K->0K(19456K)] 34752K->16836K(50688K), 0.0004480 secs] [Times: user=0.00 sys=0.00, real=0.00 secs] 
152.315: Total time for which application threads were stopped: 0.0005730 seconds, Stopping threads took: 0.0000620 seconds
152.395: Application time: 0.0808090 seconds
152.396: [GC [PSYoungGen: 17918K->0K(19456K)] 34754K->16836K(50688K), 0.0003440 secs] [Times: user=0.00 sys=0.00, real=0.00 secs] 
152.396: Total time for which application threads were stopped: 0.0004980 seconds, Stopping threads took: 0.0000840 seconds
152.476: Application time: 0.0797460 seconds
152.476: [GC [PSYoungGen: 17916K->0K(19456K)] 34752K->16836K(50688K), 0.0003700 secs] [Times: user=0.00 sys=0.00, real=0.00 secs] 
152.476: Total time for which application threads were stopped: 0.0005110 seconds, Stopping threads took: 0.0000740 seconds
152.555: Application time: 0.0793020 seconds
152.556: [GC [PSYoungGen: 17918K->352K(19456K)] 34754K->17188K(50688K), 0.0004110 secs] [Times: user=0.00 sys=0.00, real=0.00 secs] 
152.556: Total time for which application threads were stopped: 0.0005310 seconds, Stopping threads took: 0.0000580 seconds
152.612: Application time: 0.0560550 seconds
152.612: [GC [PSYoungGen: 18270K->512K(19456K)] 35106K->17356K(50688K), 0.0004140 secs] [Times: user=0.00 sys=0.00, real=0.00 secs] 
152.613: Total time for which application threads were stopped: 0.0005340 seconds, Stopping threads took: 0.0000580 seconds
152.677: Application time: 0.0639900 seconds
152.677: [GC [PSYoungGen: 18430K->512K(19456K)] 35274K->17364K(50688K), 0.0004430 secs] [Times: user=0.01 sys=0.00, real=0.00 secs] 
152.677: Total time for which application threads were stopped: 0.0005630 seconds, Stopping threads took: 0.0000550 seconds
152.754: Application time: 0.0768580 seconds
152.754: [GC [PSYoungGen: 18430K->480K(19456K)] 35282K->17356K(50688K), 0.0004560 secs] [Times: user=0.00 sys=0.00, real=0.00 secs] 
152.755: Total time for which application threads were stopped: 0.0005890 seconds, Stopping threads took: 0.0000720 seconds
152.834: Application time: 0.0790040 seconds
152.834: [GC [PSYoungGen: 18396K->0K(19456K)] 35272K->17408K(50688K), 0.0004390 secs] [Times: user=0.01 sys=0.00, real=0.00 secs] 
152.834: Total time for which application threads were stopped: 0.0005760 seconds, Stopping threads took: 0.0000690 seconds
152.896: Application time: 0.0620590 seconds
152.896: [GC [PSYoungGen: 17918K->384K(19456K)] 35327K->17792K(50688K), 0.0004050 secs] [Times: user=0.00 sys=0.00, real=0.00 secs] 
152.897: Total time for which application threads were stopped: 0.0005380 seconds, Stopping threads took: 0.0000600 seconds
152.958: Application time: 0.0610520 seconds
152.958: [GC [PSYoungGen: 18303K->448K(18432K)] 35712K->17864K(49664K), 0.0005370 secs] [Times: user=0.00 sys=0.00, real=0.00 secs] 
152.958: Total time for which application threads were stopped: 0.0006570 seconds, Stopping threads took: 0.0000560 seconds
153.026: Application time: 0.0676950 seconds
153.026: [GC [PSYoungGen: 18366K->1008K(18432K)] 35783K->18432K(49664K), 0.0005200 secs] [Times: user=0.00 sys=0.00, real=0.00 secs] 
153.027: Total time for which application threads were stopped: 0.0006530 seconds, Stopping threads took: 0.0000720 seconds
153.089: Application time: 0.0621990 seconds
153.089: [GC [PSYoungGen: 18412K->800K(18944K)] 35837K->18729K(50176K), 0.0005870 secs] [Times: user=0.00 sys=0.00, real=0.00 secs] 
153.090: Total time for which application threads were stopped: 0.0007350 seconds, Stopping threads took: 0.0000820 seconds
153.125: Application time: 0.0353370 seconds
153.125: [GC [PSYoungGen: 18206K->1008K(18944K)] 36135K->19409K(50176K), 0.0005710 secs] [Times: user=0.01 sys=0.00, real=0.00 secs] 
153.126: Total time for which application threads were stopped: 0.0007000 seconds, Stopping threads took: 0.0000680 seconds
153.173: Application time: 0.0475910 seconds
153.174: [GC [PSYoungGen: 18412K->896K(18944K)] 36813K->19385K(50176K), 0.0005150 secs] [Times: user=0.00 sys=0.00, real=0.00 secs] 
153.174: Total time for which application threads were stopped: 0.0006370 seconds, Stopping threads took: 0.0000600 seconds
153.246: Application time: 0.0714790 seconds
153.246: [GC [PSYoungGen: 18301K->736K(18944K)] 36790K->19494K(50176K), 0.0005600 secs] [Times: user=0.00 sys=0.00, real=0.00 secs] 
153.246: Total time for which application threads were stopped: 0.0006790 seconds, Stopping threads took: 0.0000540 seconds
153.320: Application time: 0.0738400 seconds
153.320: [GC [PSYoungGen: 18143K->320K(18944K)] 36901K->19683K(50176K), 0.0004910 secs] [Times: user=0.01 sys=0.00, real=0.00 secs] 
153.321: Total time for which application threads were stopped: 0.0006210 seconds, Stopping threads took: 0.0000630 seconds
153.395: Application time: 0.0739830 seconds
153.395: [GC [PSYoungGen: 17725K->416K(18944K)] 37089K->20003K(50176K), 0.0004860 secs] [Times: user=0.00 sys=0.00, real=0.00 secs] 
153.395: Total time for which application threads were stopped: 0.0006000 seconds, Stopping threads took: 0.0000540 seconds
153.471: Application time: 0.0761890 seconds
153.472: [GC [PSYoungGen: 17819K->0K(18944K)] 37407K->19800K(50176K), 0.0003920 secs] [Times: user=0.00 sys=0.00, real=0.01 secs] 
153.472: Total time for which application threads were stopped: 0.0005430 seconds, Stopping threads took: 0.0000780 seconds
153.542: Application time: 0.0704090 seconds
153.542: [GC [PSYoungGen: 17407K->1024K(18944K)] 37208K->20824K(50176K), 0.0004930 secs] [Times: user=0.01 sys=0.00, real=0.00 secs] 
153.543: Total time for which application threads were stopped: 0.0005910 seconds, Stopping threads took: 0.0000390 seconds
153.619: Application time: 0.0759360 seconds
153.619: [GC [PSYoungGen: 18431K->320K(18944K)] 38231K->20729K(50176K), 0.0005270 secs] [Times: user=0.00 sys=0.00, real=0.00 secs] 
153.620: Total time for which application threads were stopped: 0.0006440 seconds, Stopping threads took: 0.0000520 seconds
153.697: Application time: 0.0771520 seconds
153.697: [GC [PSYoungGen: 17725K->0K(18944K)] 38135K->20633K(50176K), 0.0003920 secs] [Times: user=0.00 sys=0.00, real=0.00 secs] 
153.697: Total time for which application threads were stopped: 0.0005320 seconds, Stopping threads took: 0.0000780 seconds
153.774: Application time: 0.0769090 seconds
153.774: [GC [PSYoungGen: 17405K->0K(18944K)] 38039K->20633K(50176K), 0.0003990 secs] [Times: user=0.00 sys=0.00, real=0.00 secs] 
153.775: Total time for which application threads were stopped: 0.0005390 seconds, Stopping threads took: 0.0000790 seconds
153.853: Application time: 0.0784250 seconds
153.853: [GC [PSYoungGen: 17403K->0K(18944K)] 38037K->20633K(50176K), 0.0003680 secs] [Times: user=0.00 sys=0.00, real=0.00 secs] 
153.854: Total time for which application threads were stopped: 0.0004870 seconds, Stopping threads took: 0.0000620 seconds
153.931: Application time: 0.0770920 seconds
153.931: [GC [PSYoungGen: 17405K->0K(18944K)] 38039K->20633K(50176K), 0.0004860 secs] [Times: user=0.00 sys=0.00, real=0.00 secs] 
153.931: Total time for which application threads were stopped: 0.0006040 seconds, Stopping threads took: 0.0000580 seconds
154.009: Application time: 0.0777050 seconds
154.009: [GC [PSYoungGen: 17405K->0K(18944K)] 38039K->20633K(50176K), 0.0004170 secs] [Times: user=0.00 sys=0.00, real=0.00 secs] 
154.010: Total time for which application threads were stopped: 0.0005380 seconds, Stopping threads took: 0.0000540 seconds
154.088: Application time: 0.0785150 seconds
154.088: [GC [PSYoungGen: 17403K->0K(18944K)] 38037K->20633K(50176K), 0.0003530 secs] [Times: user=0.00 sys=0.00, real=0.00 secs] 
154.089: Total time for which application threads were stopped: 0.0004790 seconds, Stopping threads took: 0.0000660 seconds
154.166: Application time: 0.0773440 seconds
154.166: [GC [PSYoungGen: 17405K->0K(18944K)] 38039K->20633K(50176K), 0.0003390 secs] [Times: user=0.00 sys=0.00, real=0.00 secs] 
154.166: Total time for which application threads were stopped: 0.0004490 seconds, Stopping threads took: 0.0000520 seconds
154.243: Application time: 0.0768580 seconds
154.243: [GC [PSYoungGen: 17405K->0K(18944K)] 38039K->20633K(50176K), 0.0003860 secs] [Times: user=0.00 sys=0.00, real=0.00 secs] 
154.244: Total time for which application threads were stopped: 0.0005210 seconds, Stopping threads took: 0.0000590 seconds
154.307: Application time: 0.0634280 seconds
154.307: [GC [PSYoungGen: 17406K->576K(18944K)] 38040K->21209K(50176K), 0.0004370 secs] [Times: user=0.00 sys=0.00, real=0.00 secs] 
154.308: Total time for which application threads were stopped: 0.0005580 seconds, Stopping threads took: 0.0000570 seconds
154.358: Application time: 0.0503500 seconds
154.358: [GC [PSYoungGen: 17982K->608K(18944K)] 38616K->21257K(50176K), 0.0004780 secs] [Times: user=0.00 sys=0.00, real=0.00 secs] 
154.359: Total time for which application threads were stopped: 0.0005870 seconds, Stopping threads took: 0.0000500 seconds
154.432: Application time: 0.0735210 seconds
154.432: [GC [PSYoungGen: 18014K->512K(18944K)] 38664K->21177K(50176K), 0.0004150 secs] [Times: user=0.00 sys=0.00, real=0.00 secs] 
154.433: Total time for which application threads were stopped: 0.0005580 seconds, Stopping threads took: 0.0000780 seconds
154.510: Application time: 0.0769970 seconds
154.510: [GC [PSYoungGen: 17917K->0K(18944K)] 38583K->21074K(50176K), 0.0004140 secs] [Times: user=0.00 sys=0.00, real=0.00 secs] 
154.510: Total time for which application threads were stopped: 0.0005550 seconds, Stopping threads took: 0.0000650 seconds
154.587: Application time: 0.0766810 seconds
154.587: [GC [PSYoungGen: 17405K->0K(18944K)] 38480K->21074K(50176K), 0.0003760 secs] [Times: user=0.00 sys=0.00, real=0.00 secs] 
154.588: Total time for which application threads were stopped: 0.0004990 seconds, Stopping threads took: 0.0000580 seconds
154.634: Application time: 0.0465800 seconds
154.634: [GC [PSYoungGen: 17404K->512K(18944K)] 38479K->21586K(50176K), 0.0004420 secs] [Times: user=0.01 sys=0.00, real=0.00 secs] 
154.635: Total time for which application threads were stopped: 0.0005820 seconds, Stopping threads took: 0.0000760 seconds
154.699: Application time: 0.0643670 seconds
154.699: [GC [PSYoungGen: 17918K->560K(18944K)] 38992K->21650K(50176K), 0.0004780 secs] [Times: user=0.00 sys=0.00, real=0.00 secs] 
154.700: Total time for which application threads were stopped: 0.0005970 seconds, Stopping threads took: 0.0000600 seconds
154.768: Application time: 0.0683430 seconds
154.768: [GC [PSYoungGen: 17964K->992K(18944K)] 39055K->22354K(50176K), 0.0006040 secs] [Times: user=0.00 sys=0.00, real=0.00 secs] 
154.769: Total time for which application threads were stopped: 0.0007250 seconds, Stopping threads took: 0.0000610 seconds
154.816: Application time: 0.0477840 seconds
154.817: [GC [PSYoungGen: 18398K->800K(18944K)] 39761K->22836K(50176K), 0.0006170 secs] [Times: user=0.01 sys=0.00, real=0.00 secs] 
154.817: Total time for which application threads were stopped: 0.0007270 seconds, Stopping threads took: 0.0000470 seconds
154.852: Application time: 0.0343290 seconds
154.852: [GC [PSYoungGen: 18203K->736K(18944K)] 40239K->23048K(50176K), 0.0005400 secs] [Times: user=0.00 sys=0.00, real=0.01 secs] 
154.852: Total time for which application threads were stopped: 0.0006560 seconds, Stopping threads took: 0.0000540 seconds
154.916: Application time: 0.0634490 seconds
154.916: [GC [PSYoungGen: 18141K->944K(18432K)] 40454K->23312K(49664K), 0.0004800 secs] [Times: user=0.00 sys=0.00, real=0.00 secs] 
154.916: Total time for which application threads were stopped: 0.0006160 seconds, Stopping threads took: 0.0000720 seconds
154.990: Application time: 0.0733840 seconds
154.990: [GC [PSYoungGen: 18349K->448K(17920K)] 40717K->23253K(49152K), 0.0005640 secs] [Times: user=0.00 sys=0.00, real=0.00 secs] 
154.990: Total time for which application threads were stopped: 0.0007010 seconds, Stopping threads took: 0.0000750 seconds
155.062: Application time: 0.0718700 seconds
155.062: [GC [PSYoungGen: 17854K->544K(18432K)] 40660K->23761K(49664K), 0.0005040 secs] [Times: user=0.01 sys=0.00, real=0.00 secs] 
155.063: Total time for which application threads were stopped: 0.0006370 seconds, Stopping threads took: 0.0000580 seconds
155.139: Application time: 0.0757950 seconds
155.139: [GC [PSYoungGen: 17949K->0K(17920K)] 41167K->23642K(49152K), 0.0004370 secs] [Times: user=0.00 sys=0.00, real=0.00 secs] 
155.139: Total time for which application threads were stopped: 0.0005420 seconds, Stopping threads took: 0.0000480 seconds
155.214: Application time: 0.0743640 seconds
155.214: [GC [PSYoungGen: 17404K->416K(17920K)] 41047K->24058K(49152K), 0.0004330 secs] [Times: user=0.00 sys=0.00, real=0.00 secs] 
155.214: Total time for which application threads were stopped: 0.0005590 seconds, Stopping threads took: 0.0000620 seconds
155.285: Application time: 0.0713410 seconds
155.286: [GC [PSYoungGen: 17823K->736K(18944K)] 41466K->24599K(50176K), 0.0005610 secs] [Times: user=0.00 sys=0.00, real=0.00 secs] 
155.286: Total time for which application threads were stopped: 0.0006620 seconds, Stopping threads took: 0.0000400 seconds
155.365: Application time: 0.0788280 seconds
155.365: [GC [PSYoungGen: 18139K->0K(18432K)] 42003K->24469K(49664K), 0.0004510 secs] [Times: user=0.00 sys=0.00, real=0.00 secs] 
155.366: Total time for which application threads were stopped: 0.0005660 seconds, Stopping threads took: 0.0000560 seconds
155.443: Application time: 0.0779450 seconds
155.444: [GC [PSYoungGen: 17405K->0K(18944K)] 41874K->24469K(50176K), 0.0003560 secs] [Times: user=0.00 sys=0.00, real=0.01 secs] 
155.444: Total time for which application threads were stopped: 0.0004900 seconds, Stopping threads took: 0.0000700 seconds
155.521: Application time: 0.0774230 seconds
155.522: [GC [PSYoungGen: 17405K->0K(18944K)] 41874K->24469K(50176K), 0.0003750 secs] [Times: user=0.00 sys=0.00, real=0.00 secs] 
155.522: Total time for which application threads were stopped: 0.0005040 seconds, Stopping threads took: 0.0000650 seconds
155.600: Application time: 0.0784910 seconds
155.601: [GC [PSYoungGen: 17403K->0K(18944K)] 41872K->24469K(50176K), 0.0004140 secs] [Times: user=0.00 sys=0.00, real=0.00 secs] 
155.601: Total time for which application threads were stopped: 0.0005590 seconds, Stopping threads took: 0.0000670 seconds
155.679: Application time: 0.0776030 seconds
155.679: [GC [PSYoungGen: 17405K->0K(18944K)] 41874K->24469K(50176K), 0.0003780 secs] [Times: user=0.00 sys=0.00, real=0.00 secs] 
155.679: Total time for which application threads were stopped: 0.0005090 seconds, Stopping threads took: 0.0000650 seconds
155.757: Application time: 0.0779660 seconds
155.757: [GC [PSYoungGen: 17405K->0K(18944K)] 41874K->24469K(50176K), 0.0003640 secs] [Times: user=0.00 sys=0.00, real=0.00 secs] 
155.758: Total time for which application threads were stopped: 0.0005130 seconds, Stopping threads took: 0.0000800 seconds
155.835: Application time: 0.0773910 seconds
155.835: [GC [PSYoungGen: 17405K->0K(18944K)] 41874K->24469K(50176K), 0.0003500 secs] [Times: user=0.00 sys=0.00, real=0.00 secs] 
155.835: Total time for which application threads were stopped: 0.0004730 seconds, Stopping threads took: 0.0000560 seconds
155.913: Application time: 0.0774610 seconds
155.913: [GC [PSYoungGen: 17405K->0K(18944K)] 41874K->24469K(50176K), 0.0003480 secs] [Times: user=0.01 sys=0.00, real=0.00 secs] 
155.913: Total time for which application threads were stopped: 0.0004700 seconds, Stopping threads took: 0.0000600 seconds
155.990: Application time: 0.0770390 seconds
155.990: [GC [PSYoungGen: 17405K->0K(17920K)] 41874K->24469K(49152K), 0.0004780 secs] [Times: user=0.00 sys=0.00, real=0.01 secs] 
155.992: Total time for which application threads were stopped: 0.0016530 seconds, Stopping threads took: 0.0000500 seconds
156.040: Application time: 0.0479080 seconds
156.040: [GC [PSYoungGen: 17405K->512K(18432K)] 41874K->24981K(49664K), 0.0004510 secs] [Times: user=0.00 sys=0.00, real=0.00 secs] 
156.041: Total time for which application threads were stopped: 0.0005990 seconds, Stopping threads took: 0.0000850 seconds
156.106: Application time: 0.0658110 seconds
156.106: [GC [PSYoungGen: 17915K->608K(18944K)] 42384K->25101K(50176K), 0.0004360 secs] [Times: user=0.00 sys=0.00, real=0.00 secs] 
156.107: Total time for which application threads were stopped: 0.0005710 seconds, Stopping threads took: 0.0000680 seconds
156.182: Application time: 0.0747490 seconds
156.182: [GC [PSYoungGen: 18013K->512K(18944K)] 42506K->25021K(50176K), 0.0004460 secs] [Times: user=0.00 sys=0.00, real=0.00 secs] 
156.182: Total time for which application threads were stopped: 0.0005590 seconds, Stopping threads took: 0.0000490 seconds
156.259: Application time: 0.0769760 seconds
156.259: [GC [PSYoungGen: 17917K->0K(18944K)] 42426K->24902K(50176K), 0.0004920 secs] [Times: user=0.00 sys=0.00, real=0.00 secs] 
156.260: Total time for which application threads were stopped: 0.0006380 seconds, Stopping threads took: 0.0000820 seconds
156.323: Application time: 0.0630520 seconds
156.323: [GC [PSYoungGen: 17403K->512K(18944K)] 42305K->25414K(50176K), 0.0004170 secs] [Times: user=0.01 sys=0.00, real=0.00 secs] 
156.323: Total time for which application threads were stopped: 0.0005440 seconds, Stopping threads took: 0.0000660 seconds
156.374: Application time: 0.0500820 seconds
156.374: [GC [PSYoungGen: 17917K->576K(18944K)] 42819K->25486K(50176K), 0.0005030 secs] [Times: user=0.00 sys=0.00, real=0.00 secs] 
156.374: Total time for which application threads were stopped: 0.0006280 seconds, Stopping threads took: 0.0000600 seconds
156.443: Application time: 0.0687520 seconds
156.443: [GC [PSYoungGen: 17982K->992K(18944K)] 42892K->25950K(50176K), 0.0005730 secs] [Times: user=0.00 sys=0.00, real=0.00 secs] 
156.444: Total time for which application threads were stopped: 0.0007020 seconds, Stopping threads took: 0.0000630 seconds
156.504: Application time: 0.0606240 seconds
156.504: [GC [PSYoungGen: 18396K->384K(18944K)] 43355K->26223K(50176K), 0.0005390 secs] [Times: user=0.01 sys=0.00, real=0.00 secs] 
156.505: Total time for which application threads were stopped: 0.0006600 seconds, Stopping threads took: 0.0000590 seconds
156.551: Application time: 0.0460420 seconds
156.551: [GC [PSYoungGen: 17789K->960K(18944K)] 43628K->26855K(50176K), 0.0005850 secs] [Times: user=0.01 sys=0.00, real=0.00 secs] 
156.552: Total time for which application threads were stopped: 0.0007020 seconds, Stopping threads took: 0.0000490 seconds
156.593: Application time: 0.0410570 seconds
156.593: [GC [PSYoungGen: 18366K->944K(18944K)] 44262K->26935K(50176K), 0.0005030 secs] [Times: user=0.01 sys=0.00, real=0.00 secs] 
156.593: Total time for which application threads were stopped: 0.0006580 seconds, Stopping threads took: 0.0000940 seconds
156.665: Application time: 0.0715670 seconds
156.665: [GC [PSYoungGen: 18350K->704K(18944K)] 44342K->26960K(50176K), 0.0004910 secs] [Times: user=0.00 sys=0.00, real=0.00 secs] 
156.666: Total time for which application threads were stopped: 0.0006170 seconds, Stopping threads took: 0.0000570 seconds
156.741: Application time: 0.0751920 seconds
156.741: [GC [PSYoungGen: 18111K->384K(18944K)] 44367K->27229K(50176K), 0.0004980 secs] [Times: user=0.00 sys=0.00, real=0.00 secs] 
156.741: Total time for which application threads were stopped: 0.0006150 seconds, Stopping threads took: 0.0000560 seconds
156.815: Application time: 0.0732610 seconds
156.815: [GC [PSYoungGen: 17788K->576K(18944K)] 44634K->27429K(50176K), 0.0004420 secs] [Times: user=0.00 sys=0.00, real=0.00 secs] 
156.815: Total time for which application threads were stopped: 0.0005630 seconds, Stopping threads took: 0.0000600 seconds
156.892: Application time: 0.0763500 seconds
156.892: [GC [PSYoungGen: 17981K->288K(18944K)] 44835K->27558K(50176K), 0.0005010 secs] [Times: user=0.00 sys=0.01, real=0.01 secs] 
156.892: Total time for which application threads were stopped: 0.0006060 seconds, Stopping threads took: 0.0000440 seconds
156.965: Application time: 0.0730140 seconds
156.965: [GC [PSYoungGen: 17694K->864K(18944K)] 44965K->28142K(50176K), 0.0005470 secs] [Times: user=0.01 sys=0.00, real=0.00 secs] 
156.966: Total time for which application threads were stopped: 0.0006590 seconds, Stopping threads took: 0.0000480 seconds
157.040: Application time: 0.0743910 seconds
157.040: [GC [PSYoungGen: 18270K->736K(18944K)] 45549K->28235K(50176K), 0.0005380 secs] [Times: user=0.00 sys=0.00, real=0.00 secs] 
157.041: Total time for which application threads were stopped: 0.0006840 seconds, Stopping threads took: 0.0000720 seconds
157.120: Application time: 0.0789430 seconds
157.120: [GC [PSYoungGen: 18139K->0K(18944K)] 45639K->28105K(50176K), 0.0004550 secs] [Times: user=0.00 sys=0.00, real=0.00 secs] 
157.120: Total time for which application threads were stopped: 0.0005840 seconds, Stopping threads took: 0.0000660 seconds
157.198: Application time: 0.0776170 seconds
157.198: [GC [PSYoungGen: 17405K->0K(18944K)] 45510K->28105K(50176K), 0.0003810 secs] [Times: user=0.00 sys=0.00, real=0.00 secs] 
157.199: Total time for which application threads were stopped: 0.0004970 seconds, Stopping threads took: 0.0000480 seconds
157.276: Application time: 0.0773280 seconds
157.276: [GC [PSYoungGen: 17405K->0K(18944K)] 45510K->28105K(50176K), 0.0003640 secs] [Times: user=0.00 sys=0.00, real=0.00 secs] 
157.276: Total time for which application threads were stopped: 0.0004980 seconds, Stopping threads took: 0.0000670 seconds
157.354: Application time: 0.0776050 seconds
157.354: [GC [PSYoungGen: 17405K->0K(18944K)] 45510K->28105K(50176K), 0.0004230 secs] [Times: user=0.00 sys=0.00, real=0.00 secs] 
157.355: Total time for which application threads were stopped: 0.0005550 seconds, Stopping threads took: 0.0000700 seconds
157.432: Application time: 0.0778150 seconds
157.433: [GC [PSYoungGen: 17405K->32K(18944K)] 45510K->28137K(50176K), 0.0004140 secs] [Times: user=0.00 sys=0.00, real=0.00 secs] 
157.433: Total time for which application threads were stopped: 0.0005680 seconds, Stopping threads took: 0.0000660 seconds
157.511: Application time: 0.0783420 seconds
157.511: [GC [PSYoungGen: 17435K->0K(18944K)] 45540K->28105K(50176K), 0.0003640 secs] [Times: user=0.00 sys=0.00, real=0.01 secs] 
157.512: Total time for which application threads were stopped: 0.0004860 seconds, Stopping threads took: 0.0000540 seconds
157.590: Application time: 0.0777510 seconds
157.590: [GC [PSYoungGen: 17405K->0K(18944K)] 45510K->28105K(50176K), 0.0003690 secs] [Times: user=0.00 sys=0.00, real=0.00 secs] 
157.590: Total time for which application threads were stopped: 0.0004910 seconds, Stopping threads took: 0.0000610 seconds
157.667: Application time: 0.0771000 seconds
157.667: [GC [PSYoungGen: 17405K->0K(18944K)] 45510K->28105K(50176K), 0.0003840 secs] [Times: user=0.00 sys=0.00, real=0.00 secs] 
157.668: Total time for which application threads were stopped: 0.0005130 seconds, Stopping threads took: 0.0000680 seconds
157.731: Application time: 0.0638020 seconds
157.732: [GC [PSYoungGen: 17407K->544K(18944K)] 45512K->28649K(50176K), 0.0004280 secs] [Times: user=0.00 sys=0.00, real=0.01 secs] 
157.732: Total time for which application threads were stopped: 0.0005530 seconds, Stopping threads took: 0.0000550 seconds
157.783: Application time: 0.0510260 seconds
157.783: [GC [PSYoungGen: 17948K->512K(18944K)] 46053K->28625K(50176K), 0.0004220 secs] [Times: user=0.01 sys=0.00, real=0.00 secs] 
157.784: Total time for which application threads were stopped: 0.0005660 seconds, Stopping threads took: 0.0000770 seconds
157.858: Application time: 0.0744710 seconds
157.858: [GC [PSYoungGen: 17917K->480K(18944K)] 46030K->28617K(50176K), 0.0004680 secs] [Times: user=0.00 sys=0.00, real=0.00 secs] 
157.859: Total time for which application threads were stopped: 0.0005900 seconds, Stopping threads took: 0.0000580 seconds
157.936: Application time: 0.0769810 seconds
157.936: [GC [PSYoungGen: 17885K->0K(18944K)] 46022K->28538K(50176K), 0.0004550 secs] [Times: user=0.00 sys=0.00, real=0.00 secs] 
157.936: Total time for which application threads were stopped: 0.0005880 seconds, Stopping threads took: 0.0000690 seconds
158.013: Application time: 0.0766290 seconds
158.013: [GC [PSYoungGen: 17405K->0K(18944K)] 45943K->28538K(50176K), 0.0003790 secs] [Times: user=0.01 sys=0.00, real=0.00 secs] 
158.013: Total time for which application threads were stopped: 0.0004990 seconds, Stopping threads took: 0.0000600 seconds
158.065: Application time: 0.0513280 seconds
158.065: [GC [PSYoungGen: 17403K->544K(18944K)] 45941K->29082K(50176K), 0.0004530 secs] [Times: user=0.00 sys=0.00, real=0.00 secs] 
158.065: Total time for which application threads were stopped: 0.0005790 seconds, Stopping threads took: 0.0000620 seconds
158.127: Application time: 0.0614480 seconds
158.127: [GC [PSYoungGen: 17950K->544K(18944K)] 46489K->29098K(50176K), 0.0004380 secs] [Times: user=0.01 sys=0.00, real=0.00 secs] 
158.127: Total time for which application threads were stopped: 0.0005530 seconds, Stopping threads took: 0.0000510 seconds
158.184: Application time: 0.0569210 seconds
158.184: [GC [PSYoungGen: 17948K->1232K(18944K)] 46502K->29842K(50176K), 0.0006650 secs] [Times: user=0.00 sys=0.00, real=0.00 secs] 
158.185: Total time for which application threads were stopped: 0.0007930 seconds, Stopping threads took: 0.0000600 seconds
158.250: Application time: 0.0645630 seconds
158.250: [GC [PSYoungGen: 18635K->480K(18944K)] 47246K->30012K(50176K), 0.0006270 secs] [Times: user=0.00 sys=0.00, real=0.00 secs] 
158.250: Total time for which application threads were stopped: 0.0007520 seconds, Stopping threads took: 0.0000550 seconds
158.285: Application time: 0.0349570 seconds
158.285: [GC [PSYoungGen: 17884K->976K(18944K)] 47416K->30516K(50176K), 0.0004940 secs] [Times: user=0.00 sys=0.00, real=0.00 secs] 
158.286: Total time for which application threads were stopped: 0.0006140 seconds, Stopping threads took: 0.0000600 seconds
158.345: Application time: 0.0592450 seconds
158.345: [GC [PSYoungGen: 18382K->736K(18944K)] 47923K->30568K(50176K), 0.0005160 secs] [Times: user=0.00 sys=0.00, real=0.00 secs] 
158.346: Total time for which application threads were stopped: 0.0006480 seconds, Stopping threads took: 0.0000710 seconds
158.419: Application time: 0.0734940 seconds
158.419: [GC [PSYoungGen: 18140K->672K(18944K)] 47973K->30560K(50176K), 0.0004900 secs] [Times: user=0.00 sys=0.00, real=0.00 secs] 
158.420: Total time for which application threads were stopped: 0.0006260 seconds, Stopping threads took: 0.0000690 seconds
158.492: Application time: 0.0725280 seconds
158.493: [GC [PSYoungGen: 18076K->512K(18944K)] 47965K->31005K(50176K), 0.0005150 secs] [Times: user=0.01 sys=0.00, real=0.00 secs] 
158.493: [Full GC [PSYoungGen: 512K->0K(18944K)] [ParOldGen: 30493K->4412K(30720K)] 31005K->4412K(49664K) [PSPermGen: 5577K->5577K(21504K)], 0.0056360 secs] [Times: user=0.02 sys=0.00, real=0.00 secs] 
158.499: Total time for which application threads were stopped: 0.0063350 seconds, Stopping threads took: 0.0000660 seconds
158.576: Application time: 0.0771200 seconds
158.577: [GC [PSYoungGen: 17403K->0K(18944K)] 21815K->4412K(49664K), 0.0003800 secs] [Times: user=0.00 sys=0.00, real=0.00 secs] 
158.577: Total time for which application threads were stopped: 0.0010980 seconds, Stopping threads took: 0.0006580 seconds
158.652: Application time: 0.0748370 seconds
158.652: [GC [PSYoungGen: 17405K->288K(18944K)] 21817K->4700K(49664K), 0.0004230 secs] [Times: user=0.00 sys=0.00, real=0.00 secs] 
158.652: Total time for which application threads were stopped: 0.0005370 seconds, Stopping threads took: 0.0000510 seconds
158.724: Application time: 0.0718010 seconds
158.724: [GC [PSYoungGen: 17694K->704K(18944K)] 22106K->5336K(49664K), 0.0004710 secs] [Times: user=0.00 sys=0.00, real=0.00 secs] 
158.725: Total time for which application threads were stopped: 0.0005870 seconds, Stopping threads took: 0.0000520 seconds
158.803: Application time: 0.0778820 seconds
158.803: [GC [PSYoungGen: 18109K->0K(18944K)] 22742K->5246K(49664K), 0.0004680 secs] [Times: user=0.00 sys=0.00, real=0.00 secs] 
158.803: Total time for which application threads were stopped: 0.0006110 seconds, Stopping threads took: 0.0000670 seconds
158.881: Application time: 0.0778420 seconds
158.884: [GC [PSYoungGen: 17405K->0K(18944K)] 22652K->5246K(49664K), 0.0003260 secs] [Times: user=0.00 sys=0.00, real=0.00 secs] 
158.884: Total time for which application threads were stopped: 0.0030960 seconds, Stopping threads took: 0.0027080 seconds
158.962: Application time: 0.0775760 seconds
158.964: [GC [PSYoungGen: 17405K->0K(18944K)] 22652K->5246K(49664K), 0.0003920 secs] [Times: user=0.00 sys=0.00, real=0.00 secs] 
158.964: Total time for which application threads were stopped: 0.0024990 seconds, Stopping threads took: 0.0020380 seconds
159.042: Application time: 0.0774310 seconds
159.042: [GC [PSYoungGen: 17405K->0K(18944K)] 22652K->5246K(49664K), 0.0003320 secs] [Times: user=0.00 sys=0.00, real=0.00 secs] 
159.042: Total time for which application threads were stopped: 0.0004340 seconds, Stopping threads took: 0.0000430 seconds
159.120: Application time: 0.0774380 seconds
159.120: [GC [PSYoungGen: 17405K->0K(18944K)] 22652K->5246K(49664K), 0.0003670 secs] [Times: user=0.00 sys=0.00, real=0.00 secs] 
159.120: Total time for which application threads were stopped: 0.0005060 seconds, Stopping threads took: 0.0000780 seconds
159.198: Application time: 0.0773890 seconds
159.198: [GC [PSYoungGen: 17405K->0K(18944K)] 22652K->5246K(49664K), 0.0003810 secs] [Times: user=0.01 sys=0.00, real=0.00 secs] 
159.198: Total time for which application threads were stopped: 0.0005030 seconds, Stopping threads took: 0.0000540 seconds
159.275: Application time: 0.0773340 seconds
159.275: [GC [PSYoungGen: 17405K->0K(18944K)] 22652K->5246K(49664K), 0.0003900 secs] [Times: user=0.01 sys=0.00, real=0.00 secs] 
159.276: Total time for which application threads were stopped: 0.0005090 seconds, Stopping threads took: 0.0000530 seconds
159.353: Application time: 0.0771990 seconds
159.353: [GC [PSYoungGen: 17405K->0K(18944K)] 22652K->5246K(49664K), 0.0003370 secs] [Times: user=0.00 sys=0.00, real=0.00 secs] 
159.354: Total time for which application threads were stopped: 0.0004640 seconds, Stopping threads took: 0.0000580 seconds
159.431: Application time: 0.0770720 seconds
159.431: [GC [PSYoungGen: 17405K->0K(17920K)] 22652K->5246K(48640K), 0.0003760 secs] [Times: user=0.00 sys=0.00, real=0.00 secs] 
159.431: Total time for which application threads were stopped: 0.0004940 seconds, Stopping threads took: 0.0000560 seconds
159.482: Application time: 0.0506210 seconds
159.482: Total time for which application threads were stopped: 0.0002880 seconds, Stopping threads took: 0.0002610 seconds
159.482: Application time: 0.0000370 seconds
159.482: [GC [PSYoungGen: 17407K->512K(17920K)] 22681K->5785K(48640K), 0.0004170 secs] [Times: user=0.00 sys=0.00, real=0.00 secs] 
159.483: Total time for which application threads were stopped: 0.0004800 seconds, Stopping threads took: 0.0000200 seconds
159.546: Application time: 0.0634830 seconds
159.546: [GC [PSYoungGen: 17406K->480K(18432K)] 22964K->6053K(49152K), 0.0004230 secs] [Times: user=0.01 sys=0.00, real=0.00 secs] 
159.547: Total time for which application threads were stopped: 0.0005490 seconds, Stopping threads took: 0.0000650 seconds
159.619: Application time: 0.0725970 seconds
159.619: [GC [PSYoungGen: 17373K->544K(18432K)] 22947K->6141K(49152K), 0.0004190 secs] [Times: user=0.00 sys=0.00, real=0.00 secs] 
159.620: Total time for which application threads were stopped: 0.0005340 seconds, Stopping threads took: 0.0000550 seconds
159.695: Application time: 0.0749260 seconds
159.696: [GC [PSYoungGen: 17439K->0K(18432K)] 23037K->6026K(49152K), 0.0004360 secs] [Times: user=0.00 sys=0.00, real=0.00 secs] 
159.696: Total time for which application threads were stopped: 0.0017120 seconds, Stopping threads took: 0.0012130 seconds
159.769: Application time: 0.0731520 seconds
159.770: [GC [PSYoungGen: 16893K->352K(17408K)] 22920K->6378K(48128K), 0.0004290 secs] [Times: user=0.00 sys=0.00, real=0.00 secs] 
159.770: Total time for which application threads were stopped: 0.0005510 seconds, Stopping threads took: 0.0000590 seconds
159.813: Application time: 0.0425220 seconds
159.813: [GC [PSYoungGen: 17244K->384K(17920K)] 23271K->6434K(48640K), 0.0003780 secs] [Times: user=0.00 sys=0.00, real=0.00 secs] 
159.813: Total time for which application threads were stopped: 0.0005040 seconds, Stopping threads took: 0.0000610 seconds
159.870: Application time: 0.0569210 seconds
159.870: [GC [PSYoungGen: 17276K->928K(17408K)] 23326K->6994K(48128K), 0.0005540 secs] [Times: user=0.01 sys=0.00, real=0.00 secs] 
159.871: Total time for which application threads were stopped: 0.0006920 seconds, Stopping threads took: 0.0000690 seconds
159.926: Application time: 0.0555500 seconds
159.926: [GC [PSYoungGen: 17310K->1184K(17920K)] 23377K->7330K(48640K), 0.0005300 secs] [Times: user=0.00 sys=0.00, real=0.00 secs] 
159.927: Total time for which application threads were stopped: 0.0006630 seconds, Stopping threads took: 0.0000710 seconds
159.992: Application time: 0.0647290 seconds
159.992: [GC [PSYoungGen: 17566K->704K(17920K)] 23713K->7747K(48640K), 0.0006480 secs] [Times: user=0.00 sys=0.00, real=0.01 secs] 
159.992: Total time for which application threads were stopped: 0.0007730 seconds, Stopping threads took: 0.0000630 seconds
160.025: Application time: 0.0321970 seconds
160.025: [GC [PSYoungGen: 17087K->768K(17920K)] 24131K->8048K(48640K), 0.0005040 secs] [Times: user=0.00 sys=0.00, real=0.00 secs] 
160.025: Total time for which application threads were stopped: 0.0006220 seconds, Stopping threads took: 0.0000530 seconds
160.081: Application time: 0.0556670 seconds
160.084: [GC [PSYoungGen: 17150K->704K(17920K)] 24430K->8032K(48640K), 0.0005310 secs] [Times: user=0.00 sys=0.00, real=0.00 secs] 
160.084: Total time for which application threads were stopped: 0.0035370 seconds, Stopping threads took: 0.0029470 seconds
160.152: Application time: 0.0673520 seconds
160.152: [GC [PSYoungGen: 17087K->864K(17920K)] 24416K->8256K(48640K), 0.0005230 secs] [Times: user=0.01 sys=0.00, real=0.00 secs] 
160.152: Total time for which application threads were stopped: 0.0006750 seconds, Stopping threads took: 0.0000850 seconds
160.220: Application time: 0.0674810 seconds
160.220: [GC [PSYoungGen: 17246K->480K(17920K)] 24638K->8470K(48640K), 0.0004870 secs] [Times: user=0.01 sys=0.00, real=0.00 secs] 
160.221: Total time for which application threads were stopped: 0.0006040 seconds, Stopping threads took: 0.0000550 seconds
160.290: Application time: 0.0696900 seconds
160.290: [GC [PSYoungGen: 16863K->416K(17920K)] 24854K->8822K(48640K), 0.0004700 secs] [Times: user=0.00 sys=0.00, real=0.00 secs] 
160.291: Total time for which application threads were stopped: 0.0005930 seconds, Stopping threads took: 0.0000650 seconds
160.362: Application time: 0.0715260 seconds
160.362: [GC [PSYoungGen: 16797K->0K(17920K)] 25203K->8646K(48640K), 0.0003710 secs] [Times: user=0.00 sys=0.00, real=0.00 secs] 
160.363: Total time for which application threads were stopped: 0.0004970 seconds, Stopping threads took: 0.0000630 seconds
160.431: Application time: 0.0684230 seconds
160.431: [GC [PSYoungGen: 16380K->736K(17920K)] 25026K->9382K(48640K), 0.0004680 secs] [Times: user=0.01 sys=0.00, real=0.01 secs] 
160.432: Total time for which application threads were stopped: 0.0005810 seconds, Stopping threads took: 0.0000460 seconds
160.504: Application time: 0.0724790 seconds
160.504: [GC [PSYoungGen: 17116K->512K(17920K)] 25762K->9378K(48640K), 0.0004560 secs] [Times: user=0.00 sys=0.00, real=0.00 secs] 
160.505: Total time for which application threads were stopped: 0.0005880 seconds, Stopping threads took: 0.0000730 seconds
160.584: Application time: 0.0795040 seconds
160.585: [GC [PSYoungGen: 16895K->0K(17920K)] 25762K->9283K(48640K), 0.0004370 secs] [Times: user=0.00 sys=0.00, real=0.00 secs] 
160.585: Total time for which application threads were stopped: 0.0005930 seconds, Stopping threads took: 0.0000870 seconds
160.665: Application time: 0.0801650 seconds
160.665: [GC [PSYoungGen: 16381K->0K(17920K)] 25665K->9283K(48640K), 0.0003670 secs] [Times: user=0.01 sys=0.00, real=0.00 secs] 
160.666: Total time for which application threads were stopped: 0.0004920 seconds, Stopping threads took: 0.0000660 seconds
160.745: Application time: 0.0797730 seconds
160.746: [GC [PSYoungGen: 16383K->0K(17920K)] 25667K->9283K(48640K), 0.0003630 secs] [Times: user=0.00 sys=0.00, real=0.00 secs] 
160.746: Total time for which application threads were stopped: 0.0005060 seconds, Stopping threads took: 0.0000780 seconds
160.826: Application time: 0.0803750 seconds
160.826: [GC [PSYoungGen: 16381K->0K(17920K)] 25665K->9283K(48640K), 0.0003640 secs] [Times: user=0.00 sys=0.00, real=0.00 secs] 
160.827: Total time for which application threads were stopped: 0.0005040 seconds, Stopping threads took: 0.0000700 seconds
160.907: Application time: 0.0804920 seconds
160.907: [GC [PSYoungGen: 16381K->0K(17920K)] 25665K->9283K(48640K), 0.0003720 secs] [Times: user=0.00 sys=0.00, real=0.00 secs] 
160.908: Total time for which application threads were stopped: 0.0004740 seconds, Stopping threads took: 0.0000430 seconds
160.988: Application time: 0.0804470 seconds
160.988: [GC [PSYoungGen: 16381K->0K(17920K)] 25665K->9283K(48640K), 0.0004080 secs] [Times: user=0.00 sys=0.00, real=0.00 secs] 
160.990: Total time for which application threads were stopped: 0.0017580 seconds, Stopping threads took: 0.0000660 seconds
161.071: Application time: 0.0806110 seconds
161.071: [GC [PSYoungGen: 16381K->0K(17920K)] 25665K->9283K(48640K), 0.0004030 secs] [Times: user=0.00 sys=0.00, real=0.00 secs] 
161.071: Total time for which application threads were stopped: 0.0005290 seconds, Stopping threads took: 0.0000650 seconds
161.151: Application time: 0.0802540 seconds
161.152: [GC [PSYoungGen: 16383K->0K(17920K)] 25667K->9283K(48640K), 0.0004020 secs] [Times: user=0.00 sys=0.00, real=0.01 secs] 
161.152: Total time for which application threads were stopped: 0.0005370 seconds, Stopping threads took: 0.0000740 seconds
161.225: Application time: 0.0732080 seconds
161.225: [GC [PSYoungGen: 16380K->384K(17920K)] 25663K->9667K(48640K), 0.0004370 secs] [Times: user=0.00 sys=0.00, real=0.00 secs] 
161.226: Total time for which application threads were stopped: 0.0005810 seconds, Stopping threads took: 0.0000830 seconds
161.273: Application time: 0.0474000 seconds
161.273: [GC [PSYoungGen: 16766K->576K(17920K)] 26050K->9875K(48640K), 0.0004670 secs] [Times: user=0.00 sys=0.00, real=0.00 secs] 
161.274: Total time for which application threads were stopped: 0.0005920 seconds, Stopping threads took: 0.0000620 seconds
161.347: Application time: 0.0731640 seconds
161.347: [GC [PSYoungGen: 16959K->544K(17920K)] 26259K->9875K(48640K), 0.0004090 secs] [Times: user=0.00 sys=0.00, real=0.00 secs] 
161.347: Total time for which application threads were stopped: 0.0005460 seconds, Stopping threads took: 0.0000730 seconds
161.427: Application time: 0.0795550 seconds
161.427: [GC [PSYoungGen: 16925K->320K(17920K)] 26256K->9880K(48640K), 0.0004470 secs] [Times: user=0.00 sys=0.00, real=0.00 secs] 
161.428: Total time for which application threads were stopped: 0.0005690 seconds, Stopping threads took: 0.0000590 seconds
161.507: Application time: 0.0795890 seconds
161.507: [GC [PSYoungGen: 16699K->0K(16896K)] 26260K->9776K(47616K), 0.0004220 secs] [Times: user=0.00 sys=0.00, real=0.00 secs] 
161.508: Total time for which application threads were stopped: 0.0005750 seconds, Stopping threads took: 0.0000740 seconds
161.587: Application time: 0.0787740 seconds
161.587: [GC [PSYoungGen: 16381K->0K(17408K)] 26158K->9776K(48128K), 0.0004010 secs] [Times: user=0.00 sys=0.00, real=0.00 secs] 
161.587: Total time for which application threads were stopped: 0.0005300 seconds, Stopping threads took: 0.0000600 seconds
161.638: Application time: 0.0513620 seconds
161.639: [GC [PSYoungGen: 16381K->512K(17408K)] 26157K->10288K(48128K), 0.0004300 secs] [Times: user=0.00 sys=0.00, real=0.00 secs] 
161.639: Total time for which application threads were stopped: 0.0005570 seconds, Stopping threads took: 0.0000620 seconds
161.688: Application time: 0.0490800 seconds
161.688: [GC [PSYoungGen: 16892K->784K(16896K)] 26669K->10568K(47616K), 0.0004730 secs] [Times: user=0.00 sys=0.00, real=0.00 secs] 
161.689: Total time for which application threads were stopped: 0.0005870 seconds, Stopping threads took: 0.0000500 seconds
161.750: Application time: 0.0614320 seconds
161.750: [GC [PSYoungGen: 16654K->1152K(17408K)] 26438K->11016K(48128K), 0.0005960 secs] [Times: user=0.00 sys=0.00, real=0.00 secs] 
161.751: Total time for which application threads were stopped: 0.0007290 seconds, Stopping threads took: 0.0000640 seconds
161.823: Application time: 0.0720770 seconds
161.823: [GC [PSYoungGen: 17021K->448K(17408K)] 26885K->11202K(48128K), 0.0006030 secs] [Times: user=0.00 sys=0.00, real=0.00 secs] 
161.824: Total time for which application threads were stopped: 0.0007300 seconds, Stopping threads took: 0.0000640 seconds
161.859: Application time: 0.0352870 seconds
161.859: [GC [PSYoungGen: 16318K->800K(17408K)] 27072K->11766K(48128K), 0.0005110 secs] [Times: user=0.00 sys=0.00, real=0.00 secs] 
161.860: Total time for which application threads were stopped: 0.0006410 seconds, Stopping threads took: 0.0000640 seconds
161.912: Application time: 0.0528670 seconds
161.913: [GC [PSYoungGen: 16668K->736K(17408K)] 27634K->11798K(48128K), 0.0004920 secs] [Times: user=0.00 sys=0.00, real=0.00 secs] 
161.913: Total time for which application threads were stopped: 0.0006320 seconds, Stopping threads took: 0.0000790 seconds
161.985: Application time: 0.0714320 seconds
161.985: [GC [PSYoungGen: 16605K->640K(17408K)] 27667K->11750K(48128K), 0.0005290 secs] [Times: user=0.00 sys=0.00, real=0.00 secs] 
161.985: Total time for which application threads were stopped: 0.0006640 seconds, Stopping threads took: 0.0000700 seconds
162.061: Application time: 0.0757850 seconds
162.061: [GC [PSYoungGen: 16507K->0K(17408K)] 27618K->11727K(48128K), 0.0005130 secs] [Times: user=0.00 sys=0.00, real=0.00 secs] 
162.062: Total time for which application threads were stopped: 0.0006430 seconds, Stopping threads took: 0.0000560 seconds
162.133: Application time: 0.0712060 seconds
162.133: [GC [PSYoungGen: 15867K->736K(17408K)] 27595K->12464K(48128K), 0.0004500 secs] [Times: user=0.00 sys=0.00, real=0.00 secs] 
162.133: Total time for which application threads were stopped: 0.0005890 seconds, Stopping threads took: 0.0000760 seconds
162.209: Application time: 0.0753470 seconds
162.209: [GC [PSYoungGen: 16605K->320K(17408K)] 28333K->12465K(48128K), 0.0004700 secs] [Times: user=0.00 sys=0.00, real=0.00 secs] 
162.209: Total time for which application threads were stopped: 0.0006010 seconds, Stopping threads took: 0.0000620 seconds
162.286: Application time: 0.0761580 seconds
162.286: [GC [PSYoungGen: 16191K->288K(17408K)] 28336K->12641K(48128K), 0.0004910 secs] [Times: user=0.00 sys=0.00, real=0.00 secs] 
162.286: Total time for which application threads were stopped: 0.0006160 seconds, Stopping threads took: 0.0000620 seconds
162.359: Application time: 0.0724790 seconds
162.359: [GC [PSYoungGen: 16156K->736K(17408K)] 28509K->13097K(48128K), 0.0004600 secs] [Times: user=0.00 sys=0.00, real=0.00 secs] 
162.359: Total time for which application threads were stopped: 0.0005800 seconds, Stopping threads took: 0.0000540 seconds
162.437: Application time: 0.0779480 seconds
162.437: [GC [PSYoungGen: 16603K->0K(17408K)] 28965K->12966K(48128K), 0.0004750 secs] [Times: user=0.00 sys=0.00, real=0.00 secs] 
162.438: Total time for which application threads were stopped: 0.0006110 seconds, Stopping threads took: 0.0000740 seconds
162.516: Application time: 0.0781440 seconds
162.516: [GC [PSYoungGen: 15867K->0K(17408K)] 28834K->12966K(48128K), 0.0003910 secs] [Times: user=0.00 sys=0.00, real=0.00 secs] 
162.516: Total time for which application threads were stopped: 0.0005220 seconds, Stopping threads took: 0.0000650 seconds
162.594: Application time: 0.0779200 seconds
162.594: [GC [PSYoungGen: 15867K->0K(17408K)] 28834K->12966K(48128K), 0.0003870 secs] [Times: user=0.00 sys=0.00, real=0.00 secs] 
162.595: Total time for which application threads were stopped: 0.0005340 seconds, Stopping threads took: 0.0000730 seconds
162.673: Application time: 0.0781420 seconds
162.673: [GC [PSYoungGen: 15867K->0K(17408K)] 28834K->12966K(48128K), 0.0003980 secs] [Times: user=0.00 sys=0.00, real=0.00 secs] 
162.674: Total time for which application threads were stopped: 0.0005400 seconds, Stopping threads took: 0.0000760 seconds
162.752: Application time: 0.0787190 seconds
162.752: [GC [PSYoungGen: 15869K->0K(17408K)] 28836K->12966K(48128K), 0.0004230 secs] [Times: user=0.00 sys=0.00, real=0.00 secs] 
162.753: Total time for which application threads were stopped: 0.0005440 seconds, Stopping threads took: 0.0000500 seconds
162.831: Application time: 0.0781430 seconds
162.832: [GC [PSYoungGen: 15867K->0K(17408K)] 28834K->12966K(48128K), 0.0004040 secs] [Times: user=0.00 sys=0.00, real=0.00 secs] 
162.832: Total time for which application threads were stopped: 0.0013000 seconds, Stopping threads took: 0.0008340 seconds
162.912: Application time: 0.0794150 seconds
162.912: [GC [PSYoungGen: 15869K->0K(17408K)] 28836K->12966K(48128K), 0.0003710 secs] [Times: user=0.00 sys=0.00, real=0.00 secs] 
162.912: Total time for which application threads were stopped: 0.0004800 seconds, Stopping threads took: 0.0000510 seconds
162.990: Application time: 0.0778990 seconds
162.990: [GC [PSYoungGen: 15867K->0K(17408K)] 28834K->12966K(48128K), 0.0003740 secs] [Times: user=0.00 sys=0.00, real=0.00 secs] 
162.991: Total time for which application threads were stopped: 0.0005120 seconds, Stopping threads took: 0.0000690 seconds
163.069: Application time: 0.0779470 seconds
163.072: [GC [PSYoungGen: 15867K->0K(16384K)] 28834K->12966K(47104K), 0.0004390 secs] [Times: user=0.00 sys=0.00, real=0.00 secs] 
163.072: Total time for which application threads were stopped: 0.0037940 seconds, Stopping threads took: 0.0032900 seconds
163.131: Application time: 0.0585810 seconds
163.131: [GC [PSYoungGen: 15871K->544K(16384K)] 28838K->13510K(47104K), 0.0004460 secs] [Times: user=0.00 sys=0.00, real=0.00 secs] 
163.132: Total time for which application threads were stopped: 0.0006000 seconds, Stopping threads took: 0.0000790 seconds
163.183: Application time: 0.0516380 seconds
163.183: [GC [PSYoungGen: 15899K->512K(16896K)] 28866K->13494K(47616K), 0.0004180 secs] [Times: user=0.00 sys=0.00, real=0.00 secs] 
163.184: Total time for which application threads were stopped: 0.0005480 seconds, Stopping threads took: 0.0000650 seconds
163.256: Application time: 0.0718050 seconds
163.256: [GC [PSYoungGen: 15870K->480K(16896K)] 28853K->13486K(47616K), 0.0004630 secs] [Times: user=0.00 sys=0.00, real=0.00 secs] 
163.256: Total time for which application threads were stopped: 0.0005830 seconds, Stopping threads took: 0.0000530 seconds
163.331: Application time: 0.0748720 seconds
163.331: [GC [PSYoungGen: 15837K->0K(16896K)] 28844K->13547K(47616K), 0.0004930 secs] [Times: user=0.00 sys=0.00, real=0.00 secs] 
163.332: Total time for which application threads were stopped: 0.0006270 seconds, Stopping threads took: 0.0000680 seconds
163.406: Application time: 0.0748730 seconds
163.407: [GC [PSYoungGen: 15357K->0K(15872K)] 28904K->13547K(46592K), 0.0004280 secs] [Times: user=0.00 sys=0.00, real=0.00 secs] 
163.407: Total time for which application threads were stopped: 0.0005590 seconds, Stopping threads took: 0.0000660 seconds
163.482: Application time: 0.0747000 seconds
163.482: [GC [PSYoungGen: 15357K->0K(16384K)] 28904K->13547K(47104K), 0.0004170 secs] [Times: user=0.00 sys=0.00, real=0.00 secs] 
163.482: Total time for which application threads were stopped: 0.0005700 seconds, Stopping threads took: 0.0000780 seconds
163.533: Application time: 0.0504920 seconds
163.533: [GC [PSYoungGen: 15356K->512K(16384K)] 28904K->14059K(47104K), 0.0004700 secs] [Times: user=0.00 sys=0.00, real=0.00 secs] 
163.533: Total time for which application threads were stopped: 0.0005930 seconds, Stopping threads took: 0.0000600 seconds
163.574: Application time: 0.0402890 seconds
163.574: [GC [PSYoungGen: 15870K->992K(16384K)] 29417K->14683K(47104K), 0.0005810 secs] [Times: user=0.00 sys=0.00, real=0.00 secs] 
163.574: Total time for which application threads were stopped: 0.0007290 seconds, Stopping threads took: 0.0000810 seconds
163.634: Application time: 0.0594020 seconds
163.634: [GC [PSYoungGen: 16348K->928K(16896K)] 30040K->14932K(47616K), 0.0005620 secs] [Times: user=0.00 sys=0.00, real=0.00 secs] 
163.635: Total time for which application threads were stopped: 0.0007050 seconds, Stopping threads took: 0.0000580 seconds
163.706: Application time: 0.0715520 seconds
163.706: [GC [PSYoungGen: 16285K->480K(16896K)] 30289K->15125K(47616K), 0.0005230 secs] [Times: user=0.00 sys=0.00, real=0.00 secs] 
163.707: Total time for which application threads were stopped: 0.0006490 seconds, Stopping threads took: 0.0000630 seconds
163.751: Application time: 0.0442950 seconds
163.751: [GC [PSYoungGen: 15836K->832K(16896K)] 30481K->15910K(47616K), 0.0005700 secs] [Times: user=0.01 sys=0.00, real=0.00 secs] 
163.752: Total time for which application threads were stopped: 0.0006940 seconds, Stopping threads took: 0.0000540 seconds
163.791: Application time: 0.0396420 seconds
163.792: [GC [PSYoungGen: 16188K->704K(16896K)] 31266K->15866K(47616K), 0.0006400 secs] [Times: user=0.01 sys=0.00, real=0.01 secs] 
163.792: Total time for which application threads were stopped: 0.0007810 seconds, Stopping threads took: 0.0000730 seconds
163.859: Application time: 0.0668130 seconds
163.859: [GC [PSYoungGen: 16060K->672K(16384K)] 31223K->15882K(47104K), 0.0004970 secs] [Times: user=0.00 sys=0.00, real=0.00 secs] 
163.860: Total time for which application threads were stopped: 0.0006510 seconds, Stopping threads took: 0.0000880 seconds
163.932: Application time: 0.0719330 seconds
163.932: [GC [PSYoungGen: 16031K->320K(15872K)] 31241K->15939K(46592K), 0.0004890 secs] [Times: user=0.00 sys=0.00, real=0.01 secs] 
163.932: Total time for which application threads were stopped: 0.0006140 seconds, Stopping threads took: 0.0000560 seconds
164.002: Application time: 0.0699730 seconds
164.002: [GC [PSYoungGen: 15678K->576K(16384K)] 31298K->16416K(47104K), 0.0005020 secs] [Times: user=0.01 sys=0.00, real=0.00 secs] 
164.003: Total time for which application threads were stopped: 0.0006330 seconds, Stopping threads took: 0.0000620 seconds
164.073: Application time: 0.0703990 seconds
164.073: [GC [PSYoungGen: 15932K->544K(16384K)] 31772K->16604K(47104K), 0.0004700 secs] [Times: user=0.00 sys=0.00, real=0.00 secs] 
164.074: Total time for which application threads were stopped: 0.0005980 seconds, Stopping threads took: 0.0000600 seconds
164.148: Application time: 0.0739480 seconds
164.148: [GC [PSYoungGen: 15901K->0K(15872K)] 31962K->16481K(46592K), 0.0004670 secs] [Times: user=0.00 sys=0.00, real=0.00 secs] 
164.148: Total time for which application threads were stopped: 0.0006090 seconds, Stopping threads took: 0.0000680 seconds
164.218: Application time: 0.0691930 seconds
164.218: [GC [PSYoungGen: 15356K->736K(16896K)] 31837K->17217K(47616K), 0.0004640 secs] [Times: user=0.00 sys=0.00, real=0.00 secs] 
164.218: Total time for which application threads were stopped: 0.0006060 seconds, Stopping threads took: 0.0000780 seconds
164.292: Application time: 0.0733590 seconds
164.292: [GC [PSYoungGen: 16095K->320K(16896K)] 32576K->17218K(47616K), 0.0004640 secs] [Times: user=0.00 sys=0.00, real=0.01 secs] 
164.292: Total time for which application threads were stopped: 0.0005890 seconds, Stopping threads took: 0.0000540 seconds
164.368: Application time: 0.0757690 seconds
164.368: [GC [PSYoungGen: 15677K->0K(16896K)] 32575K->17118K(47616K), 0.0004040 secs] [Times: user=0.00 sys=0.00, real=0.00 secs] 
164.368: Total time for which application threads were stopped: 0.0005250 seconds, Stopping threads took: 0.0000530 seconds
164.445: Application time: 0.0767100 seconds
164.448: [GC [PSYoungGen: 15355K->0K(16896K)] 32474K->17118K(47616K), 0.0003720 secs] [Times: user=0.00 sys=0.00, real=0.00 secs] 
164.448: Total time for which application threads were stopped: 0.0033560 seconds, Stopping threads took: 0.0029230 seconds
164.522: Application time: 0.0735890 seconds
164.522: [GC [PSYoungGen: 15357K->0K(16896K)] 32476K->17118K(47616K), 0.0003790 secs] [Times: user=0.00 sys=0.00, real=0.00 secs] 
164.523: Total time for which application threads were stopped: 0.0004940 seconds, Stopping threads took: 0.0000520 seconds
164.591: Application time: 0.0686340 seconds
164.591: [GC [PSYoungGen: 15357K->0K(16896K)] 32476K->17118K(47616K), 0.0003650 secs] [Times: user=0.00 sys=0.00, real=0.00 secs] 
164.592: Total time for which application threads were stopped: 0.0005040 seconds, Stopping threads took: 0.0000740 seconds
164.661: Application time: 0.0697560 seconds
164.662: [GC [PSYoungGen: 15355K->0K(16896K)] 32474K->17118K(47616K), 0.0003780 secs] [Times: user=0.00 sys=0.00, real=0.00 secs] 
164.662: Total time for which application threads were stopped: 0.0005270 seconds, Stopping threads took: 0.0000770 seconds
164.731: Application time: 0.0689170 seconds
164.731: [GC [PSYoungGen: 15355K->0K(16896K)] 32474K->17118K(47616K), 0.0004120 secs] [Times: user=0.00 sys=0.00, real=0.00 secs] 
164.731: Total time for which application threads were stopped: 0.0005350 seconds, Stopping threads took: 0.0000600 seconds
164.800: Application time: 0.0688270 seconds
164.800: [GC [PSYoungGen: 15357K->0K(16896K)] 32476K->17118K(47616K), 0.0003800 secs] [Times: user=0.00 sys=0.00, real=0.00 secs] 
164.801: Total time for which application threads were stopped: 0.0005020 seconds, Stopping threads took: 0.0000620 seconds
164.870: Application time: 0.0689560 seconds
164.870: [GC [PSYoungGen: 15357K->0K(15872K)] 32476K->17118K(46592K), 0.0004230 secs] [Times: user=0.00 sys=0.00, real=0.00 secs] 
164.870: Total time for which application threads were stopped: 0.0005630 seconds, Stopping threads took: 0.0000730 seconds
164.935: Application time: 0.0645110 seconds
164.935: [GC [PSYoungGen: 15359K->288K(16384K)] 32478K->17406K(47104K), 0.0005230 secs] [Times: user=0.00 sys=0.00, real=0.00 secs] 
164.935: Total time for which application threads were stopped: 0.0006330 seconds, Stopping threads took: 0.0000470 seconds
164.974: Application time: 0.0384750 seconds
164.974: [GC [PSYoungGen: 15645K->480K(16384K)] 32764K->17606K(47104K), 0.0004850 secs] [Times: user=0.01 sys=0.00, real=0.00 secs] 
164.975: Total time for which application threads were stopped: 0.0005970 seconds, Stopping threads took: 0.0000450 seconds
165.036: Application time: 0.0614240 seconds
165.036: [GC [PSYoungGen: 15837K->320K(16384K)] 32964K->17675K(47104K), 0.0004820 secs] [Times: user=0.00 sys=0.00, real=0.00 secs] 
165.037: Total time for which application threads were stopped: 0.0006170 seconds, Stopping threads took: 0.0000660 seconds
165.102: Application time: 0.0658010 seconds
165.102: [GC [PSYoungGen: 15678K->544K(16384K)] 33033K->17923K(47104K), 0.0004170 secs] [Times: user=0.01 sys=0.00, real=0.00 secs] 
165.103: Total time for which application threads were stopped: 0.0005500 seconds, Stopping threads took: 0.0000700 seconds
165.172: Application time: 0.0686930 seconds
165.172: [GC [PSYoungGen: 15901K->0K(16384K)] 33281K->17799K(47104K), 0.0004530 secs] [Times: user=0.00 sys=0.00, real=0.01 secs] 
165.172: Total time for which application threads were stopped: 0.0005890 seconds, Stopping threads took: 0.0000620 seconds
165.241: Application time: 0.0689520 seconds
165.241: [GC [PSYoungGen: 15357K->0K(16384K)] 33157K->17799K(47104K), 0.0003760 secs] [Times: user=0.00 sys=0.00, real=0.00 secs] 
165.242: Total time for which application threads were stopped: 0.0005070 seconds, Stopping threads took: 0.0000650 seconds
165.306: Application time: 0.0648170 seconds
165.307: [GC [PSYoungGen: 15357K->352K(16384K)] 33157K->18151K(47104K), 0.0003960 secs] [Times: user=0.00 sys=0.00, real=0.00 secs] 
165.307: Total time for which application threads were stopped: 0.0005230 seconds, Stopping threads took: 0.0000620 seconds
165.344: Application time: 0.0369850 seconds
165.344: [GC [PSYoungGen: 15709K->736K(16384K)] 33509K->18543K(47104K), 0.0004500 secs] [Times: user=0.00 sys=0.00, real=0.00 secs] 
165.345: Total time for which application threads were stopped: 0.0005530 seconds, Stopping threads took: 0.0000410 seconds
165.383: Application time: 0.0385730 seconds
165.383: [GC [PSYoungGen: 16094K->1008K(16384K)] 33902K->19012K(47104K), 0.0006180 secs] [Times: user=0.00 sys=0.00, real=0.01 secs] 
165.384: Total time for which application threads were stopped: 0.0007370 seconds, Stopping threads took: 0.0000570 seconds
165.446: Application time: 0.0619020 seconds
165.446: [GC [PSYoungGen: 16364K->896K(16896K)] 34369K->19220K(47616K), 0.0005290 secs] [Times: user=0.00 sys=0.00, real=0.00 secs] 
165.446: Total time for which application threads were stopped: 0.0006420 seconds, Stopping threads took: 0.0000530 seconds
165.513: Application time: 0.0669580 seconds
165.513: [GC [PSYoungGen: 16251K->288K(16896K)] 34576K->19438K(47616K), 0.0005400 secs] [Times: user=0.00 sys=0.00, real=0.00 secs] 
165.514: Total time for which application threads were stopped: 0.0006560 seconds, Stopping threads took: 0.0000500 seconds
165.557: Application time: 0.0428860 seconds
165.557: [GC [PSYoungGen: 15647K->416K(16896K)] 34797K->19638K(47616K), 0.0004100 secs] [Times: user=0.00 sys=0.00, real=0.00 secs] 
165.557: Total time for which application threads were stopped: 0.0005390 seconds, Stopping threads took: 0.0000680 seconds
165.600: Application time: 0.0424830 seconds
165.600: [GC [PSYoungGen: 15771K->688K(16896K)] 34993K->19970K(47616K), 0.0005290 secs] [Times: user=0.00 sys=0.00, real=0.00 secs] 
165.601: Total time for which application threads were stopped: 0.0006540 seconds, Stopping threads took: 0.0000640 seconds
165.656: Application time: 0.0555630 seconds
165.660: [GC [PSYoungGen: 16047K->512K(16896K)] 35330K->20219K(47616K), 0.0005020 secs] [Times: user=0.00 sys=0.00, real=0.00 secs] 
165.660: Total time for which application threads were stopped: 0.0042130 seconds, Stopping threads took: 0.0036490 seconds
165.725: Application time: 0.0644240 seconds
165.725: [GC [PSYoungGen: 15868K->544K(16896K)] 35575K->20471K(47616K), 0.0004910 secs] [Times: user=0.00 sys=0.00, real=0.00 secs] 
165.725: Total time for which application threads were stopped: 0.0006300 seconds, Stopping threads took: 0.0000610 seconds
165.787: Application time: 0.0615770 seconds
165.787: [GC [PSYoungGen: 15901K->704K(16896K)] 35829K->21024K(47616K), 0.0005750 secs] [Times: user=0.00 sys=0.00, real=0.00 secs] 
165.788: Total time for which application threads were stopped: 0.0006910 seconds, Stopping threads took: 0.0000540 seconds
165.855: Application time: 0.0670530 seconds
165.855: [GC [PSYoungGen: 16061K->0K(16896K)] 36382K->20934K(47616K), 0.0004430 secs] [Times: user=0.00 sys=0.00, real=0.00 secs] 
165.855: Total time for which application threads were stopped: 0.0005850 seconds, Stopping threads took: 0.0000800 seconds
165.924: Application time: 0.0684960 seconds
165.924: [GC [PSYoungGen: 15357K->0K(16896K)] 36291K->20934K(47616K), 0.0004030 secs] [Times: user=0.00 sys=0.00, real=0.00 secs] 
165.925: Total time for which application threads were stopped: 0.0010060 seconds, Stopping threads took: 0.0005340 seconds
165.989: Application time: 0.0641710 seconds
165.989: [GC [PSYoungGen: 15358K->448K(16896K)] 36293K->21382K(47616K), 0.0004960 secs] [Times: user=0.00 sys=0.00, real=0.00 secs] 
165.991: Total time for which application threads were stopped: 0.0017020 seconds, Stopping threads took: 0.0000570 seconds
166.057: Application time: 0.0663110 seconds
166.057: [GC [PSYoungGen: 15804K->352K(16896K)] 36739K->21719K(47616K), 0.0004300 secs] [Times: user=0.00 sys=0.00, real=0.00 secs] 
166.058: Total time for which application threads were stopped: 0.0005370 seconds, Stopping threads took: 0.0000470 seconds
166.127: Application time: 0.0698910 seconds
166.128: [GC [PSYoungGen: 15707K->0K(16896K)] 37075K->21599K(47616K), 0.0003860 secs] [Times: user=0.00 sys=0.00, real=0.00 secs] 
166.128: Total time for which application threads were stopped: 0.0005260 seconds, Stopping threads took: 0.0000780 seconds
166.197: Application time: 0.0690060 seconds
166.197: [GC [PSYoungGen: 15357K->0K(16896K)] 36957K->21599K(47616K), 0.0003800 secs] [Times: user=0.00 sys=0.00, real=0.00 secs] 
166.198: Total time for which application threads were stopped: 0.0004980 seconds, Stopping threads took: 0.0000530 seconds
166.266: Application time: 0.0685100 seconds
166.266: [GC [PSYoungGen: 15357K->0K(16896K)] 36957K->21599K(47616K), 0.0003830 secs] [Times: user=0.01 sys=0.00, real=0.00 secs] 
166.267: Total time for which application threads were stopped: 0.0005180 seconds, Stopping threads took: 0.0000520 seconds
166.335: Application time: 0.0685850 seconds
166.335: [GC [PSYoungGen: 15357K->0K(15872K)] 36957K->21599K(46592K), 0.0004430 secs] [Times: user=0.01 sys=0.00, real=0.00 secs] 
166.336: Total time for which application threads were stopped: 0.0005690 seconds, Stopping threads took: 0.0000590 seconds
166.404: Application time: 0.0685510 seconds
166.404: [GC [PSYoungGen: 15357K->0K(16384K)] 36957K->21599K(47104K), 0.0005680 secs] [Times: user=0.00 sys=0.00, real=0.00 secs] 
166.405: Total time for which application threads were stopped: 0.0007130 seconds, Stopping threads took: 0.0000720 seconds
166.474: Application time: 0.0686790 seconds
166.474: [GC [PSYoungGen: 15357K->0K(16384K)] 36957K->21599K(47104K), 0.0003530 secs] [Times: user=0.00 sys=0.00, real=0.00 secs] 
166.474: Total time for which application threads were stopped: 0.0004790 seconds, Stopping threads took: 0.0000670 seconds
166.543: Application time: 0.0686890 seconds
166.543: [GC [PSYoungGen: 15357K->0K(16384K)] 36957K->21599K(47104K), 0.0003910 secs] [Times: user=0.00 sys=0.00, real=0.00 secs] 
166.543: Total time for which application threads were stopped: 0.0005250 seconds, Stopping threads took: 0.0000700 seconds
166.612: Application time: 0.0683040 seconds
166.612: [GC [PSYoungGen: 15357K->0K(16384K)] 36957K->21599K(47104K), 0.0003940 secs] [Times: user=0.00 sys=0.00, real=0.01 secs] 
166.612: Total time for which application threads were stopped: 0.0005040 seconds, Stopping threads took: 0.0000470 seconds
166.667: Application time: 0.0548710 seconds
166.667: [GC [PSYoungGen: 15355K->512K(16384K)] 36955K->22111K(47104K), 0.0005380 secs] [Times: user=0.01 sys=0.00, real=0.00 secs] 
166.668: Total time for which application threads were stopped: 0.0006500 seconds, Stopping threads took: 0.0000520 seconds
166.709: Application time: 0.0415380 seconds
166.709: [GC [PSYoungGen: 15870K->544K(16384K)] 37470K->22167K(47104K), 0.0004300 secs] [Times: user=0.00 sys=0.00, real=0.00 secs] 
166.710: Total time for which application threads were stopped: 0.0005570 seconds, Stopping threads took: 0.0000630 seconds
166.775: Application time: 0.0649780 seconds
166.776: [GC [PSYoungGen: 15902K->512K(16384K)] 37525K->22151K(47104K), 0.0004600 secs] [Times: user=0.00 sys=0.00, real=0.00 secs] 
166.776: Total time for which application threads were stopped: 0.0015790 seconds, Stopping threads took: 0.0010480 seconds
166.845: Application time: 0.0683060 seconds
166.845: [GC [PSYoungGen: 15869K->0K(16384K)] 37509K->22048K(47104K), 0.0004260 secs] [Times: user=0.00 sys=0.00, real=0.00 secs] 
166.845: Total time for which application threads were stopped: 0.0005400 seconds, Stopping threads took: 0.0000520 seconds
166.913: Application time: 0.0681890 seconds
166.913: [GC [PSYoungGen: 15357K->0K(16384K)] 37406K->22048K(47104K), 0.0003480 secs] [Times: user=0.00 sys=0.00, real=0.00 secs] 
166.914: Total time for which application threads were stopped: 0.0004630 seconds, Stopping threads took: 0.0000540 seconds
166.982: Application time: 0.0682790 seconds
166.982: [GC [PSYoungGen: 15357K->0K(16384K)] 37406K->22048K(47104K), 0.0003440 secs] [Times: user=0.00 sys=0.00, real=0.00 secs] 
166.983: Total time for which application threads were stopped: 0.0004970 seconds, Stopping threads took: 0.0000920 seconds
167.044: Application time: 0.0618350 seconds
167.045: [GC [PSYoungGen: 15358K->384K(16384K)] 37407K->22432K(47104K), 0.0003860 secs] [Times: user=0.00 sys=0.00, real=0.00 secs] 
167.045: Total time for which application threads were stopped: 0.0005000 seconds, Stopping threads took: 0.0000500 seconds
167.082: Application time: 0.0370640 seconds
167.082: [GC [PSYoungGen: 15741K->992K(15872K)] 37790K->23048K(46592K), 0.0004990 secs] [Times: user=0.01 sys=0.00, real=0.00 secs] 
167.083: Total time for which application threads were stopped: 0.0006140 seconds, Stopping threads took: 0.0000540 seconds
167.121: Application time: 0.0380040 seconds
167.121: [GC [PSYoungGen: 15835K->960K(16384K)] 37892K->23288K(47104K), 0.0006230 secs] [Times: user=0.00 sys=0.00, real=0.00 secs] 
167.121: Total time for which application threads were stopped: 0.0007550 seconds, Stopping threads took: 0.0000710 seconds
167.182: Application time: 0.0607480 seconds
167.182: [GC [PSYoungGen: 15805K->672K(16384K)] 38134K->23464K(47104K), 0.0005380 secs] [Times: user=0.00 sys=0.00, real=0.00 secs] 
167.183: Total time for which application threads were stopped: 0.0006530 seconds, Stopping threads took: 0.0000510 seconds
167.248: Application time: 0.0649160 seconds
167.248: [GC [PSYoungGen: 15519K->0K(16384K)] 38312K->23422K(47104K), 0.0004810 secs] [Times: user=0.00 sys=0.00, real=0.00 secs] 
167.248: Total time for which application threads were stopped: 0.0006510 seconds, Stopping threads took: 0.0001080 seconds
167.288: Application time: 0.0398470 seconds
167.288: [GC [PSYoungGen: 14845K->736K(16384K)] 38267K->24158K(47104K), 0.0004750 secs] [Times: user=0.00 sys=0.00, real=0.00 secs] 
167.289: Total time for which application threads were stopped: 0.0006080 seconds, Stopping threads took: 0.0000610 seconds
167.322: Application time: 0.0332570 seconds
167.322: [GC [PSYoungGen: 15582K->704K(16384K)] 39004K->24182K(47104K), 0.0005240 secs] [Times: user=0.00 sys=0.00, real=0.00 secs] 
167.323: Total time for which application threads were stopped: 0.0006400 seconds, Stopping threads took: 0.0000560 seconds
167.381: Application time: 0.0583390 seconds
167.381: [GC [PSYoungGen: 15551K->736K(15872K)] 39030K->24270K(46592K), 0.0004540 secs] [Times: user=0.00 sys=0.00, real=0.00 secs] 
167.382: Total time for which application threads were stopped: 0.0005780 seconds, Stopping threads took: 0.0000570 seconds
167.445: Application time: 0.0631600 seconds
167.445: [GC [PSYoungGen: 15580K->480K(15360K)] 39115K->24267K(46080K), 0.0004790 secs] [Times: user=0.00 sys=0.00, real=0.00 secs] 
167.445: Total time for which application threads were stopped: 0.0005940 seconds, Stopping threads took: 0.0000580 seconds
167.505: Application time: 0.0595310 seconds
167.505: [GC [PSYoungGen: 15326K->736K(15872K)] 39113K->24924K(46592K), 0.0005490 secs] [Times: user=0.00 sys=0.00, real=0.00 secs] 
167.506: Total time for which application threads were stopped: 0.0006540 seconds, Stopping threads took: 0.0000460 seconds
167.570: Application time: 0.0647390 seconds
167.570: [GC [PSYoungGen: 15583K->0K(15360K)] 39771K->24925K(46080K), 0.0005090 secs] [Times: user=0.00 sys=0.00, real=0.00 secs] 
167.571: Total time for which application threads were stopped: 0.0006390 seconds, Stopping threads took: 0.0000700 seconds
167.638: Application time: 0.0667890 seconds
167.638: [GC [PSYoungGen: 14845K->0K(15360K)] 39770K->24925K(46080K), 0.0004260 secs] [Times: user=0.00 sys=0.00, real=0.00 secs] 
167.638: Total time for which application threads were stopped: 0.0005490 seconds, Stopping threads took: 0.0000610 seconds
167.701: Application time: 0.0631380 seconds
167.702: [GC [PSYoungGen: 14843K->544K(16384K)] 39769K->25469K(47104K), 0.0004430 secs] [Times: user=0.01 sys=0.00, real=0.00 secs] 
167.702: Total time for which application threads were stopped: 0.0005740 seconds, Stopping threads took: 0.0000670 seconds
167.765: Application time: 0.0631630 seconds
167.765: [GC [PSYoungGen: 15387K->544K(16384K)] 40313K->25689K(47104K), 0.0005000 secs] [Times: user=0.00 sys=0.00, real=0.00 secs] 
167.766: Total time for which application threads were stopped: 0.0006170 seconds, Stopping threads took: 0.0000510 seconds
167.832: Application time: 0.0666710 seconds
167.833: [GC [PSYoungGen: 15391K->0K(16384K)] 40537K->25550K(47104K), 0.0004420 secs] [Times: user=0.00 sys=0.00, real=0.00 secs] 
167.833: Total time for which application threads were stopped: 0.0005900 seconds, Stopping threads took: 0.0000750 seconds
167.900: Application time: 0.0665430 seconds
167.900: [GC [PSYoungGen: 14847K->0K(16384K)] 40397K->25550K(47104K), 0.0003770 secs] [Times: user=0.00 sys=0.00, real=0.00 secs] 
167.900: Total time for which application threads were stopped: 0.0005080 seconds, Stopping threads took: 0.0000570 seconds
167.967: Application time: 0.0663980 seconds
167.967: [GC [PSYoungGen: 14847K->0K(16384K)] 40397K->25550K(47104K), 0.0004270 secs] [Times: user=0.00 sys=0.00, real=0.00 secs] 
167.967: Total time for which application threads were stopped: 0.0005610 seconds, Stopping threads took: 0.0000680 seconds
168.034: Application time: 0.0667470 seconds
168.034: [GC [PSYoungGen: 14847K->0K(16384K)] 40397K->25550K(47104K), 0.0004180 secs] [Times: user=0.01 sys=0.00, real=0.00 secs] 
168.034: Total time for which application threads were stopped: 0.0005400 seconds, Stopping threads took: 0.0000610 seconds
168.101: Application time: 0.0668290 seconds
168.104: [GC [PSYoungGen: 14847K->0K(16384K)] 40397K->25550K(47104K), 0.0003600 secs] [Times: user=0.00 sys=0.00, real=0.00 secs] 
168.104: Total time for which application threads were stopped: 0.0030000 seconds, Stopping threads took: 0.0025770 seconds
168.171: Application time: 0.0668290 seconds
168.171: [GC [PSYoungGen: 14847K->0K(16384K)] 40397K->25550K(47104K), 0.0003760 secs] [Times: user=0.00 sys=0.00, real=0.00 secs] 
168.172: Total time for which application threads were stopped: 0.0004980 seconds, Stopping threads took: 0.0000580 seconds
168.238: Application time: 0.0667340 seconds
168.238: [GC [PSYoungGen: 14847K->0K(15360K)] 40397K->25550K(46080K), 0.0004250 secs] [Times: user=0.00 sys=0.00, real=0.00 secs] 
168.239: Total time for which application threads were stopped: 0.0005660 seconds, Stopping threads took: 0.0000770 seconds
168.306: Application time: 0.0667070 seconds
168.306: [GC [PSYoungGen: 14847K->0K(15872K)] 40397K->25550K(46592K), 0.0003740 secs] [Times: user=0.00 sys=0.00, real=0.00 secs] 
168.306: Total time for which application threads were stopped: 0.0004920 seconds, Stopping threads took: 0.0000540 seconds
168.371: Application time: 0.0652690 seconds
168.371: [GC [PSYoungGen: 14845K->352K(15872K)] 40395K->25902K(46592K), 0.0004040 secs] [Times: user=0.00 sys=0.00, real=0.01 secs] 
168.372: Total time for which application threads were stopped: 0.0005250 seconds, Stopping threads took: 0.0000450 seconds
168.415: Application time: 0.0435760 seconds
168.416: [GC [PSYoungGen: 15200K->512K(15872K)] 40750K->26070K(46592K), 0.0004470 secs] [Times: user=0.00 sys=0.00, real=0.00 secs] 
168.416: Total time for which application threads were stopped: 0.0005640 seconds, Stopping threads took: 0.0000540 seconds
168.466: Application time: 0.0501250 seconds
168.466: [GC [PSYoungGen: 15355K->512K(15872K)] 40914K->26086K(46592K), 0.0004130 secs] [Times: user=0.00 sys=0.00, real=0.00 secs] 
168.467: Total time for which application threads were stopped: 0.0005340 seconds, Stopping threads took: 0.0000580 seconds
168.530: Application time: 0.0636970 seconds
168.530: [GC [PSYoungGen: 15356K->480K(15360K)] 40930K->26070K(46080K), 0.0004660 secs] [Times: user=0.01 sys=0.00, real=0.00 secs] 
168.531: Total time for which application threads were stopped: 0.0006070 seconds, Stopping threads took: 0.0000750 seconds
168.594: Application time: 0.0633210 seconds
168.594: [GC [PSYoungGen: 14813K->0K(14848K)] 40403K->26147K(45568K), 0.0004810 secs] [Times: user=0.00 sys=0.00, real=0.00 secs] 
168.595: Total time for which application threads were stopped: 0.0006340 seconds, Stopping threads took: 0.0000880 seconds
168.658: Application time: 0.0634180 seconds
168.658: [GC [PSYoungGen: 14333K->0K(15360K)] 40480K->26147K(46080K), 0.0003450 secs] [Times: user=0.00 sys=0.00, real=0.00 secs] 
168.659: Total time for which application threads were stopped: 0.0004990 seconds, Stopping threads took: 0.0000890 seconds
168.722: Application time: 0.0633970 seconds
168.722: [GC [PSYoungGen: 14333K->0K(15360K)] 40480K->26147K(46080K), 0.0004140 secs] [Times: user=0.00 sys=0.00, real=0.00 secs] 
168.723: Total time for which application threads were stopped: 0.0005360 seconds, Stopping threads took: 0.0000600 seconds
168.781: Application time: 0.0582820 seconds
168.781: [GC [PSYoungGen: 14333K->352K(15360K)] 40480K->26499K(46080K), 0.0003990 secs] [Times: user=0.01 sys=0.00, real=0.00 secs] 
168.782: Total time for which application threads were stopped: 0.0005100 seconds, Stopping threads took: 0.0000470 seconds
168.817: Application time: 0.0351370 seconds
168.817: [GC [PSYoungGen: 14684K->928K(15360K)] 40831K->27083K(46080K), 0.0005220 secs] [Times: user=0.01 sys=0.00, real=0.00 secs] 
168.817: Total time for which application threads were stopped: 0.0006400 seconds, Stopping threads took: 0.0000550 seconds
168.855: Application time: 0.0376540 seconds
168.855: [GC [PSYoungGen: 15262K->816K(15872K)] 41417K->27436K(46592K), 0.0005530 secs] [Times: user=0.00 sys=0.00, real=0.00 secs] 
168.856: Total time for which application threads were stopped: 0.0006890 seconds, Stopping threads took: 0.0000740 seconds
168.909: Application time: 0.0535090 seconds
168.909: [GC [PSYoungGen: 15148K->704K(15872K)] 41768K->27608K(46592K), 0.0005070 secs] [Times: user=0.00 sys=0.00, real=0.00 secs] 
168.910: Total time for which application threads were stopped: 0.0006520 seconds, Stopping threads took: 0.0000660 seconds
168.965: Application time: 0.0552050 seconds
168.965: [GC [PSYoungGen: 15038K->544K(15872K)] 41942K->27860K(46592K), 0.0005040 secs] [Times: user=0.00 sys=0.00, real=0.00 secs] 
168.966: Total time for which application threads were stopped: 0.0006210 seconds, Stopping threads took: 0.0000540 seconds
169.003: Application time: 0.0374010 seconds
169.003: [GC [PSYoungGen: 14876K->736K(15872K)] 42193K->28324K(46592K), 0.0005360 secs] [Times: user=0.00 sys=0.00, real=0.00 secs] 
169.004: Total time for which application threads were stopped: 0.0006700 seconds, Stopping threads took: 0.0000640 seconds
169.043: Application time: 0.0396660 seconds
169.048: [GC [PSYoungGen: 15070K->512K(18944K)] 42659K->28305K(49664K), 0.0004700 secs] [Times: user=0.00 sys=0.00, real=0.00 secs] 
169.048: Total time for which application threads were stopped: 0.0049060 seconds, Stopping threads took: 0.0043680 seconds
169.117: Application time: 0.0690650 seconds
169.118: [GC [PSYoungGen: 17917K->768K(18944K)] 45711K->28665K(49664K), 0.0004570 secs] [Times: user=0.00 sys=0.00, real=0.00 secs] 
169.118: Total time for which application threads were stopped: 0.0005800 seconds, Stopping threads took: 0.0000620 seconds
169.193: Application time: 0.0751500 seconds
169.196: [GC [PSYoungGen: 18175K->352K(18944K)] 46072K->28662K(49664K), 0.0004910 secs] [Times: user=0.00 sys=0.00, real=0.00 secs] 
169.196: Total time for which application threads were stopped: 0.0032270 seconds, Stopping threads took: 0.0026770 seconds
169.267: Application time: 0.0701980 seconds
169.267: [GC [PSYoungGen: 17757K->704K(18944K)] 46067K->29226K(49664K), 0.0004900 secs] [Times: user=0.00 sys=0.00, real=0.00 secs] 
169.267: Total time for which application threads were stopped: 0.0006400 seconds, Stopping threads took: 0.0000880 seconds
169.343: Application time: 0.0761590 seconds
169.343: [GC [PSYoungGen: 18107K->0K(18944K)] 46630K->29136K(49664K), 0.0004870 secs] [Times: user=0.00 sys=0.00, real=0.01 secs] 
169.344: Total time for which application threads were stopped: 0.0006120 seconds, Stopping threads took: 0.0000600 seconds
169.418: Application time: 0.0735910 seconds
169.418: [GC [PSYoungGen: 17406K->480K(18944K)] 46542K->29616K(49664K), 0.0004870 secs] [Times: user=0.00 sys=0.00, real=0.00 secs] 
169.418: Total time for which application threads were stopped: 0.0006110 seconds, Stopping threads took: 0.0000510 seconds
169.492: Application time: 0.0739940 seconds
169.492: [GC [PSYoungGen: 17884K->480K(18944K)] 47021K->29836K(49664K), 0.0005270 secs] [Times: user=0.01 sys=0.00, real=0.00 secs] 
169.493: Total time for which application threads were stopped: 0.0006740 seconds, Stopping threads took: 0.0000860 seconds
169.570: Application time: 0.0773120 seconds
169.570: [GC [PSYoungGen: 17885K->0K(18944K)] 47242K->29773K(49664K), 0.0004660 secs] [Times: user=0.00 sys=0.00, real=0.00 secs] 
169.571: Total time for which application threads were stopped: 0.0005870 seconds, Stopping threads took: 0.0000580 seconds
169.648: Application time: 0.0773580 seconds
169.648: [GC [PSYoungGen: 17405K->0K(18944K)] 47179K->29773K(49664K), 0.0003740 secs] [Times: user=0.00 sys=0.00, real=0.00 secs] 
169.649: Total time for which application threads were stopped: 0.0004880 seconds, Stopping threads took: 0.0000510 seconds
169.727: Application time: 0.0779570 seconds
169.727: [GC [PSYoungGen: 17405K->0K(18944K)] 47179K->29773K(49664K), 0.0004100 secs] [Times: user=0.01 sys=0.00, real=0.00 secs] 
169.727: Total time for which application threads were stopped: 0.0005480 seconds, Stopping threads took: 0.0000710 seconds
169.805: Application time: 0.0781890 seconds
169.805: [GC [PSYoungGen: 17405K->0K(18944K)] 47179K->29773K(49664K), 0.0004130 secs] [Times: user=0.00 sys=0.00, real=0.00 secs] 
169.806: Total time for which application threads were stopped: 0.0005280 seconds, Stopping threads took: 0.0000540 seconds
169.884: Application time: 0.0781630 seconds
169.884: [GC [PSYoungGen: 17405K->0K(18944K)] 47179K->29773K(49664K), 0.0004370 secs] [Times: user=0.01 sys=0.00, real=0.00 secs] 
169.885: Total time for which application threads were stopped: 0.0005620 seconds, Stopping threads took: 0.0000620 seconds
169.963: Application time: 0.0780510 seconds
169.963: [GC [PSYoungGen: 17405K->0K(17920K)] 47179K->29773K(48640K), 0.0003970 secs] [Times: user=0.00 sys=0.00, real=0.00 secs] 
169.963: Total time for which application threads were stopped: 0.0005410 seconds, Stopping threads took: 0.0000670 seconds
170.041: Application time: 0.0780220 seconds
170.044: [GC [PSYoungGen: 17405K->0K(18432K)] 47179K->29773K(49152K), 0.0004240 secs] [Times: user=0.00 sys=0.00, real=0.00 secs] 
170.044: Total time for which application threads were stopped: 0.0031180 seconds, Stopping threads took: 0.0026300 seconds
170.112: Application time: 0.0672120 seconds
170.112: [GC [PSYoungGen: 17406K->384K(18432K)] 47180K->30157K(49152K), 0.0004240 secs] [Times: user=0.00 sys=0.00, real=0.01 secs] 
170.112: Total time for which application threads were stopped: 0.0005390 seconds, Stopping threads took: 0.0000500 seconds
170.164: Application time: 0.0521600 seconds
170.164: [GC [PSYoungGen: 17790K->544K(18432K)] 47564K->30333K(49152K), 0.0004180 secs] [Times: user=0.00 sys=0.00, real=0.00 secs] 
170.165: Total time for which application threads were stopped: 0.0005400 seconds, Stopping threads took: 0.0000600 seconds
170.236: Application time: 0.0714080 seconds
170.236: [GC [PSYoungGen: 17947K->544K(17920K)] 47737K->30349K(48640K), 0.0004710 secs] [Times: user=0.00 sys=0.00, real=0.00 secs] 
170.237: Total time for which application threads were stopped: 0.0005980 seconds, Stopping threads took: 0.0000610 seconds
170.311: Application time: 0.0738810 seconds
170.311: [GC [PSYoungGen: 17438K->320K(17408K)] 47244K->30346K(48128K), 0.0004870 secs] [Times: user=0.00 sys=0.00, real=0.00 secs] 
170.311: Total time for which application threads were stopped: 0.0006270 seconds, Stopping threads took: 0.0000710 seconds
170.387: Application time: 0.0752200 seconds
170.387: [GC [PSYoungGen: 17213K->0K(17920K)] 47240K->30247K(48640K), 0.0004450 secs] [Times: user=0.00 sys=0.00, real=0.00 secs] 
170.387: [Full GC [PSYoungGen: 0K->0K(17920K)] [ParOldGen: 30247K->4411K(29696K)] 30247K->4411K(47616K) [PSPermGen: 5577K->5577K(21504K)], 0.0057570 secs] [Times: user=0.02 sys=0.00, real=0.01 secs] 
170.393: Total time for which application threads were stopped: 0.0063830 seconds, Stopping threads took: 0.0000610 seconds
170.469: Application time: 0.0762040 seconds
170.469: [GC [PSYoungGen: 16893K->0K(17920K)] 21304K->4411K(47616K), 0.0003350 secs] [Times: user=0.00 sys=0.00, real=0.00 secs] 
170.470: Total time for which application threads were stopped: 0.0004550 seconds, Stopping threads took: 0.0000570 seconds
170.534: Application time: 0.0643200 seconds
170.534: [GC [PSYoungGen: 16892K->544K(17920K)] 21303K->4955K(47616K), 0.0003820 secs] [Times: user=0.00 sys=0.00, real=0.00 secs] 
170.534: Total time for which application threads were stopped: 0.0004990 seconds, Stopping threads took: 0.0000580 seconds
170.573: Application time: 0.0386190 seconds
170.573: [GC [PSYoungGen: 17435K->992K(17920K)] 21847K->5640K(47616K), 0.0005560 secs] [Times: user=0.01 sys=0.00, real=0.00 secs] 
170.574: Total time for which application threads were stopped: 0.0006870 seconds, Stopping threads took: 0.0000660 seconds
170.628: Application time: 0.0546100 seconds
170.628: [GC [PSYoungGen: 17887K->672K(18432K)] 22535K->5628K(48128K), 0.0004820 secs] [Times: user=0.00 sys=0.00, real=0.00 secs] 
170.629: Total time for which application threads were stopped: 0.0006080 seconds, Stopping threads took: 0.0000630 seconds
170.694: Application time: 0.0650160 seconds
170.694: [GC [PSYoungGen: 17563K->800K(18432K)] 22520K->5977K(48128K), 0.0004620 secs] [Times: user=0.01 sys=0.00, real=0.00 secs] 
170.695: Total time for which application threads were stopped: 0.0005760 seconds, Stopping threads took: 0.0000540 seconds
170.743: Application time: 0.0488600 seconds
170.743: [GC [PSYoungGen: 17694K->512K(18432K)] 22871K->6153K(48128K), 0.0005660 secs] [Times: user=0.00 sys=0.00, real=0.01 secs] 
170.744: Total time for which application threads were stopped: 0.0006890 seconds, Stopping threads took: 0.0000580 seconds
170.789: Application time: 0.0454120 seconds
170.792: [GC [PSYoungGen: 17407K->448K(18432K)] 23049K->6310K(48128K), 0.0004450 secs] [Times: user=0.00 sys=0.00, real=0.00 secs] 
170.792: Total time for which application threads were stopped: 0.0028450 seconds, Stopping threads took: 0.0023390 seconds
170.861: Application time: 0.0684120 seconds
170.861: [GC [PSYoungGen: 17342K->832K(18432K)] 23205K->6774K(48128K), 0.0005060 secs] [Times: user=0.01 sys=0.00, real=0.00 secs] 
170.861: Total time for which application threads were stopped: 0.0006350 seconds, Stopping threads took: 0.0000680 seconds
170.934: Application time: 0.0728700 seconds
170.934: [GC [PSYoungGen: 17725K->0K(18432K)] 23667K->6564K(48128K), 0.0004320 secs] [Times: user=0.00 sys=0.00, real=0.00 secs] 
170.935: Total time for which application threads were stopped: 0.0005510 seconds, Stopping threads took: 0.0000580 seconds
171.003: Application time: 0.0682180 seconds
171.003: [GC [PSYoungGen: 16895K->704K(18432K)] 23459K->7268K(48128K), 0.0004980 secs] [Times: user=0.00 sys=0.00, real=0.01 secs] 
171.005: Total time for which application threads were stopped: 0.0017610 seconds, Stopping threads took: 0.0000590 seconds
171.079: Application time: 0.0746570 seconds
171.080: [GC [PSYoungGen: 17597K->0K(18432K)] 24161K->7169K(48128K), 0.0004460 secs] [Times: user=0.00 sys=0.00, real=0.00 secs] 
171.080: Total time for which application threads were stopped: 0.0005540 seconds, Stopping threads took: 0.0000500 seconds
171.152: Application time: 0.0722990 seconds
171.152: [GC [PSYoungGen: 16893K->576K(18432K)] 24062K->7745K(48128K), 0.0004210 secs] [Times: user=0.00 sys=0.00, real=0.00 secs] 
171.153: Total time for which application threads were stopped: 0.0005390 seconds, Stopping threads took: 0.0000560 seconds
171.225: Application time: 0.0724050 seconds
171.225: [GC [PSYoungGen: 17471K->480K(18432K)] 24640K->7862K(48128K), 0.0004660 secs] [Times: user=0.00 sys=0.00, real=0.00 secs] 
171.226: Total time for which application threads were stopped: 0.0005780 seconds, Stopping threads took: 0.0000540 seconds
171.301: Application time: 0.0755300 seconds
171.301: [GC [PSYoungGen: 17373K->0K(18432K)] 24755K->7799K(48128K), 0.0004110 secs] [Times: user=0.00 sys=0.00, real=0.00 secs] 
171.302: Total time for which application threads were stopped: 0.0005330 seconds, Stopping threads took: 0.0000570 seconds
171.377: Application time: 0.0755810 seconds
171.378: [GC [PSYoungGen: 16893K->0K(18432K)] 24692K->7799K(48128K), 0.0003830 secs] [Times: user=0.00 sys=0.00, real=0.00 secs] 
171.378: Total time for which application threads were stopped: 0.0005100 seconds, Stopping threads took: 0.0000590 seconds
171.454: Application time: 0.0755830 seconds
171.454: [GC [PSYoungGen: 16893K->0K(18432K)] 24692K->7799K(48128K), 0.0003840 secs] [Times: user=0.00 sys=0.00, real=0.00 secs] 
171.454: Total time for which application threads were stopped: 0.0005170 seconds, Stopping threads took: 0.0000580 seconds
171.530: Application time: 0.0760370 seconds
171.530: [GC [PSYoungGen: 16893K->0K(18432K)] 24692K->7799K(48128K), 0.0003420 secs] [Times: user=0.00 sys=0.00, real=0.00 secs] 
171.531: Total time for which application threads were stopped: 0.0004790 seconds, Stopping threads took: 0.0000620 seconds
171.607: Application time: 0.0759020 seconds
171.607: [GC [PSYoungGen: 16893K->0K(18432K)] 24692K->7799K(48128K), 0.0003800 secs] [Times: user=0.00 sys=0.00, real=0.00 secs] 
171.607: Total time for which application threads were stopped: 0.0004830 seconds, Stopping threads took: 0.0000430 seconds
171.683: Application time: 0.0760400 seconds
171.683: [GC [PSYoungGen: 16893K->0K(18432K)] 24692K->7799K(48128K), 0.0003660 secs] [Times: user=0.00 sys=0.00, real=0.00 secs] 
171.684: Total time for which application threads were stopped: 0.0004770 seconds, Stopping threads took: 0.0000520 seconds
171.759: Application time: 0.0757440 seconds
171.764: [GC [PSYoungGen: 16893K->0K(17408K)] 24692K->7799K(47104K), 0.0004620 secs] [Times: user=0.00 sys=0.00, real=0.00 secs] 
171.764: Total time for which application threads were stopped: 0.0050920 seconds, Stopping threads took: 0.0045640 seconds
171.824: Application time: 0.0600140 seconds
171.824: [GC [PSYoungGen: 16894K->384K(17920K)] 24694K->8183K(47616K), 0.0003710 secs] [Times: user=0.00 sys=0.00, real=0.00 secs] 
171.825: Total time for which application threads were stopped: 0.0004910 seconds, Stopping threads took: 0.0000510 seconds
171.878: Application time: 0.0528980 seconds
171.878: [GC [PSYoungGen: 17275K->544K(17920K)] 25075K->8367K(47616K), 0.0004040 secs] [Times: user=0.00 sys=0.00, real=0.00 secs] 
171.878: Total time for which application threads were stopped: 0.0005290 seconds, Stopping threads took: 0.0000620 seconds
171.948: Application time: 0.0696250 seconds
171.948: [GC [PSYoungGen: 17439K->544K(17920K)] 25263K->8391K(47616K), 0.0004240 secs] [Times: user=0.00 sys=0.00, real=0.00 secs] 
171.948: Total time for which application threads were stopped: 0.0005480 seconds, Stopping threads took: 0.0000570 seconds
172.024: Application time: 0.0758660 seconds
172.024: [GC [PSYoungGen: 17437K->0K(18432K)] 25284K->8248K(48128K), 0.0004280 secs] [Times: user=0.01 sys=0.00, real=0.00 secs] 
172.025: Total time for which application threads were stopped: 0.0005730 seconds, Stopping threads took: 0.0000850 seconds
172.100: Application time: 0.0755210 seconds
172.101: [GC [PSYoungGen: 16896K->0K(17408K)] 25144K->8248K(47104K), 0.0003840 secs] [Times: user=0.00 sys=0.00, real=0.00 secs] 
172.101: Total time for which application threads were stopped: 0.0005170 seconds, Stopping threads took: 0.0000540 seconds
172.178: Application time: 0.0767820 seconds
172.178: [GC [PSYoungGen: 16896K->0K(17920K)] 25144K->8248K(47616K), 0.0003650 secs] [Times: user=0.00 sys=0.00, real=0.00 secs] 
172.178: Total time for which application threads were stopped: 0.0005050 seconds, Stopping threads took: 0.0000800 seconds
172.251: Application time: 0.0730060 seconds
172.251: [GC [PSYoungGen: 16894K->320K(17920K)] 25142K->8568K(47616K), 0.0004580 secs] [Times: user=0.01 sys=0.00, real=0.01 secs] 
172.252: Total time for which application threads were stopped: 0.0005720 seconds, Stopping threads took: 0.0000480 seconds
172.299: Application time: 0.0467090 seconds
172.299: [GC [PSYoungGen: 17213K->800K(17408K)] 25462K->9293K(47104K), 0.0005800 secs] [Times: user=0.00 sys=0.00, real=0.00 secs] 
172.299: Total time for which application threads were stopped: 0.0007050 seconds, Stopping threads took: 0.0000610 seconds
172.346: Application time: 0.0469730 seconds
172.346: [GC [PSYoungGen: 17180K->832K(17920K)] 25673K->9597K(47616K), 0.0005110 secs] [Times: user=0.00 sys=0.00, real=0.00 secs] 
172.347: Total time for which application threads were stopped: 0.0006310 seconds, Stopping threads took: 0.0000600 seconds
172.401: Application time: 0.0539620 seconds
172.401: [GC [PSYoungGen: 17136K->832K(17920K)] 25901K->9645K(47616K), 0.0004830 secs] [Times: user=0.00 sys=0.00, real=0.00 secs] 
172.401: Total time for which application threads were stopped: 0.0006130 seconds, Stopping threads took: 0.0000680 seconds
172.457: Application time: 0.0556190 seconds
172.457: [GC [PSYoungGen: 17215K->464K(17920K)] 26028K->9714K(47616K), 0.0005720 secs] [Times: user=0.00 sys=0.00, real=0.00 secs] 
172.458: Total time for which application threads were stopped: 0.0007020 seconds, Stopping threads took: 0.0000680 seconds
172.502: Application time: 0.0443410 seconds
172.502: [GC [PSYoungGen: 16844K->704K(17920K)] 26095K->10202K(47616K), 0.0004930 secs] [Times: user=0.00 sys=0.00, real=0.00 secs] 
172.503: Total time for which application threads were stopped: 0.0006070 seconds, Stopping threads took: 0.0000510 seconds
172.559: Application time: 0.0565510 seconds
172.559: [GC [PSYoungGen: 17086K->512K(17920K)] 26584K->10246K(47616K), 0.0004790 secs] [Times: user=0.00 sys=0.00, real=0.00 secs] 
172.560: Total time for which application threads were stopped: 0.0006100 seconds, Stopping threads took: 0.0000690 seconds
172.628: Application time: 0.0684910 seconds
172.628: [GC [PSYoungGen: 16892K->544K(17920K)] 26627K->10358K(47616K), 0.0004600 secs] [Times: user=0.00 sys=0.00, real=0.00 secs] 
172.629: Total time for which application threads were stopped: 0.0005890 seconds, Stopping threads took: 0.0000550 seconds
172.698: Application time: 0.0691910 seconds
172.698: [GC [PSYoungGen: 16925K->512K(17920K)] 26740K->10731K(47616K), 0.0004360 secs] [Times: user=0.00 sys=0.00, real=0.00 secs] 
172.699: Total time for which application threads were stopped: 0.0005450 seconds, Stopping threads took: 0.0000500 seconds
172.766: Application time: 0.0677220 seconds
172.767: [GC [PSYoungGen: 16893K->736K(17920K)] 27112K->10963K(47616K), 0.0004280 secs] [Times: user=0.00 sys=0.00, real=0.00 secs] 
172.767: Total time for which application threads were stopped: 0.0005370 seconds, Stopping threads took: 0.0000450 seconds
172.838: Application time: 0.0715220 seconds
172.839: [GC [PSYoungGen: 17119K->352K(17920K)] 27347K->11193K(47616K), 0.0004750 secs] [Times: user=0.00 sys=0.00, real=0.00 secs] 
172.839: Total time for which application threads were stopped: 0.0006110 seconds, Stopping threads took: 0.0000710 seconds
172.909: Application time: 0.0703460 seconds
172.910: [GC [PSYoungGen: 16733K->256K(17920K)] 27574K->11293K(47616K), 0.0004680 secs] [Times: user=0.00 sys=0.00, real=0.00 secs] 
172.910: Total time for which application threads were stopped: 0.0006130 seconds, Stopping threads took: 0.0000830 seconds
172.981: Application time: 0.0710890 seconds
172.981: [GC [PSYoungGen: 16639K->352K(17920K)] 27677K->11618K(47616K), 0.0004750 secs] [Times: user=0.00 sys=0.00, real=0.00 secs] 
172.982: Total time for which application threads were stopped: 0.0005880 seconds, Stopping threads took: 0.0000450 seconds
173.054: Application time: 0.0725980 seconds
173.054: [GC [PSYoungGen: 16735K->0K(17920K)] 28001K->11490K(47616K), 0.0003780 secs] [Times: user=0.00 sys=0.00, real=0.00 secs] 
173.055: Total time for which application threads were stopped: 0.0004980 seconds, Stopping threads took: 0.0000570 seconds
173.127: Application time: 0.0723750 seconds
173.127: [GC [PSYoungGen: 16381K->0K(17920K)] 27871K->11490K(47616K), 0.0004760 secs] [Times: user=0.00 sys=0.00, real=0.00 secs] 
173.128: Total time for which application threads were stopped: 0.0005920 seconds, Stopping threads took: 0.0000550 seconds
173.201: Application time: 0.0732790 seconds
173.201: [GC [PSYoungGen: 16383K->0K(17920K)] 27874K->11490K(47616K), 0.0003410 secs] [Times: user=0.00 sys=0.00, real=0.00 secs] 
173.202: Total time for which application threads were stopped: 0.0004680 seconds, Stopping threads took: 0.0000550 seconds
173.274: Application time: 0.0727040 seconds
173.274: [GC [PSYoungGen: 16383K->0K(17920K)] 27874K->11490K(47616K), 0.0003450 secs] [Times: user=0.00 sys=0.00, real=0.00 secs] 
173.275: Total time for which application threads were stopped: 0.0004760 seconds, Stopping threads took: 0.0000620 seconds
173.348: Application time: 0.0732420 seconds
173.348: [GC [PSYoungGen: 16383K->0K(16896K)] 27874K->11490K(46592K), 0.0004170 secs] [Times: user=0.00 sys=0.00, real=0.00 secs] 
173.349: Total time for which application threads were stopped: 0.0005450 seconds, Stopping threads took: 0.0000670 seconds
173.422: Application time: 0.0730810 seconds
173.422: [GC [PSYoungGen: 16383K->0K(17408K)] 27873K->11490K(47104K), 0.0003640 secs] [Times: user=0.00 sys=0.00, real=0.00 secs] 
173.422: Total time for which application threads were stopped: 0.0004840 seconds, Stopping threads took: 0.0000610 seconds
173.496: Application time: 0.0737360 seconds
173.496: [GC [PSYoungGen: 16383K->0K(17408K)] 27873K->11490K(47104K), 0.0003830 secs] [Times: user=0.00 sys=0.00, real=0.00 secs] 
173.496: Total time for which application threads were stopped: 0.0005130 seconds, Stopping threads took: 0.0000690 seconds
173.547: Application time: 0.0509300 seconds
173.547: [GC [PSYoungGen: 16383K->512K(17408K)] 27873K->12002K(47104K), 0.0004270 secs] [Times: user=0.00 sys=0.00, real=0.00 secs] 
173.548: Total time for which application threads were stopped: 0.0005670 seconds, Stopping threads took: 0.0000730 seconds
173.602: Application time: 0.0538400 seconds
173.602: [GC [PSYoungGen: 16892K->384K(17408K)] 28382K->12094K(47104K), 0.0004690 secs] [Times: user=0.00 sys=0.00, real=0.00 secs] 
173.602: Total time for which application threads were stopped: 0.0005950 seconds, Stopping threads took: 0.0000620 seconds
173.672: Application time: 0.0701790 seconds
173.675: [GC [PSYoungGen: 16765K->512K(17408K)] 28476K->12246K(47104K), 0.0004050 secs] [Times: user=0.00 sys=0.00, real=0.00 secs] 
173.676: Total time for which application threads were stopped: 0.0032630 seconds, Stopping threads took: 0.0027990 seconds
173.749: Application time: 0.0733510 seconds
173.749: [GC [PSYoungGen: 16893K->0K(17408K)] 28628K->12151K(47104K), 0.0004060 secs] [Times: user=0.00 sys=0.00, real=0.00 secs] 
173.750: Total time for which application threads were stopped: 0.0005270 seconds, Stopping threads took: 0.0000480 seconds
173.822: Application time: 0.0724470 seconds
173.822: [GC [PSYoungGen: 16381K->0K(17408K)] 28533K->12151K(47104K), 0.0003970 secs] [Times: user=0.01 sys=0.00, real=0.00 secs] 
173.823: Total time for which application threads were stopped: 0.0005390 seconds, Stopping threads took: 0.0000740 seconds
173.895: Application time: 0.0727910 seconds
173.896: [GC [PSYoungGen: 16381K->0K(17408K)] 28533K->12151K(47104K), 0.0003600 secs] [Times: user=0.00 sys=0.00, real=0.00 secs] 
173.896: Total time for which application threads were stopped: 0.0004850 seconds, Stopping threads took: 0.0000590 seconds
173.966: Application time: 0.0700260 seconds
173.966: [GC [PSYoungGen: 16382K->384K(17408K)] 28534K->12535K(47104K), 0.0003840 secs] [Times: user=0.00 sys=0.00, real=0.00 secs] 
173.966: Total time for which application threads were stopped: 0.0005100 seconds, Stopping threads took: 0.0000640 seconds
174.016: Application time: 0.0496890 seconds
174.016: [GC [PSYoungGen: 16768K->736K(17408K)] 28919K->13124K(47104K), 0.0005820 secs] [Times: user=0.00 sys=0.00, real=0.00 secs] 
174.017: Total time for which application threads were stopped: 0.0007160 seconds, Stopping threads took: 0.0000690 seconds
174.059: Application time: 0.0423990 seconds
174.059: [GC [PSYoungGen: 17116K->736K(17408K)] 29505K->13396K(47104K), 0.0005340 secs] [Times: user=0.01 sys=0.00, real=0.00 secs] 
174.060: Total time for which application threads were stopped: 0.0006660 seconds, Stopping threads took: 0.0000650 seconds
174.109: Application time: 0.0492600 seconds
174.109: [GC [PSYoungGen: 17117K->960K(17920K)] 29777K->13676K(47616K), 0.0004730 secs] [Times: user=0.00 sys=0.00, real=0.00 secs] 
174.110: Total time for which application threads were stopped: 0.0005880 seconds, Stopping threads took: 0.0000550 seconds
174.169: Application time: 0.0597090 seconds
174.170: [GC [PSYoungGen: 17342K->512K(17920K)] 30059K->13673K(47616K), 0.0005500 secs] [Times: user=0.00 sys=0.00, real=0.00 secs] 
174.170: Total time for which application threads were stopped: 0.0006740 seconds, Stopping threads took: 0.0000630 seconds
174.216: Application time: 0.0462080 seconds
174.216: [GC [PSYoungGen: 16895K->736K(17920K)] 30056K->14129K(47616K), 0.0005090 secs] [Times: user=0.00 sys=0.00, real=0.00 secs] 
174.217: Total time for which application threads were stopped: 0.0006460 seconds, Stopping threads took: 0.0000700 seconds
174.271: Application time: 0.0542770 seconds
174.271: [GC [PSYoungGen: 17115K->480K(17920K)] 30509K->14117K(47616K), 0.0004940 secs] [Times: user=0.00 sys=0.00, real=0.01 secs] 
174.272: Total time for which application threads were stopped: 0.0006350 seconds, Stopping threads took: 0.0000620 seconds
174.340: Application time: 0.0679500 seconds
174.340: [GC [PSYoungGen: 16863K->448K(17920K)] 30501K->14133K(47616K), 0.0004270 secs] [Times: user=0.00 sys=0.00, real=0.00 secs] 
174.340: Total time for which application threads were stopped: 0.0005500 seconds, Stopping threads took: 0.0000650 seconds
174.411: Application time: 0.0703120 seconds
174.412: [GC [PSYoungGen: 16831K->0K(17920K)] 30517K->14103K(47616K), 0.0004960 secs] [Times: user=0.00 sys=0.00, real=0.00 secs] 
174.412: Total time for which application threads were stopped: 0.0016330 seconds, Stopping threads took: 0.0010750 seconds
174.478: Application time: 0.0656370 seconds
174.478: [GC [PSYoungGen: 16382K->736K(17920K)] 30485K->14839K(47616K), 0.0004380 secs] [Times: user=0.00 sys=0.00, real=0.00 secs] 
174.479: Total time for which application threads were stopped: 0.0005760 seconds, Stopping threads took: 0.0000750 seconds
174.549: Application time: 0.0702000 seconds
174.549: [GC [PSYoungGen: 17115K->384K(17920K)] 31218K->15092K(47616K), 0.0004770 secs] [Times: user=0.00 sys=0.00, real=0.00 secs] 
174.549: Total time for which application threads were stopped: 0.0005920 seconds, Stopping threads took: 0.0000520 seconds
174.620: Application time: 0.0709420 seconds
174.620: [GC [PSYoungGen: 16767K->384K(17920K)] 31476K->15321K(47616K), 0.0004300 secs] [Times: user=0.00 sys=0.00, real=0.00 secs] 
174.621: Total time for which application threads were stopped: 0.0005520 seconds, Stopping threads took: 0.0000610 seconds
174.692: Application time: 0.0707090 seconds
174.692: [GC [PSYoungGen: 16765K->352K(16896K)] 31703K->15517K(46592K), 0.0004980 secs] [Times: user=0.00 sys=0.00, real=0.01 secs] 
174.692: Total time for which application threads were stopped: 0.0006220 seconds, Stopping threads took: 0.0000530 seconds
174.765: Application time: 0.0727660 seconds
174.765: [GC [PSYoungGen: 16733K->0K(17408K)] 31898K->15386K(47104K), 0.0003810 secs] [Times: user=0.00 sys=0.00, real=0.00 secs] 
174.765: Total time for which application threads were stopped: 0.0005090 seconds, Stopping threads took: 0.0000600 seconds
174.838: Application time: 0.0726900 seconds
174.838: [GC [PSYoungGen: 16381K->0K(17408K)] 31767K->15386K(47104K), 0.0004200 secs] [Times: user=0.00 sys=0.00, real=0.00 secs] 
174.839: Total time for which application threads were stopped: 0.0005590 seconds, Stopping threads took: 0.0000680 seconds
174.911: Application time: 0.0727210 seconds
174.912: [GC [PSYoungGen: 16381K->0K(17408K)] 31767K->15386K(47104K), 0.0003500 secs] [Times: user=0.00 sys=0.00, real=0.01 secs] 
174.912: Total time for which application threads were stopped: 0.0004640 seconds, Stopping threads took: 0.0000540 seconds
174.986: Application time: 0.0739710 seconds
174.986: [GC [PSYoungGen: 16383K->0K(17408K)] 31769K->15386K(47104K), 0.0003580 secs] [Times: user=0.00 sys=0.00, real=0.00 secs] 
174.986: Total time for which application threads were stopped: 0.0004700 seconds, Stopping threads took: 0.0000540 seconds
175.059: Application time: 0.0730570 seconds
175.060: [GC [PSYoungGen: 16381K->0K(17408K)] 31768K->15386K(47104K), 0.0003770 secs] [Times: user=0.00 sys=0.00, real=0.00 secs] 
175.060: Total time for which application threads were stopped: 0.0005090 seconds, Stopping threads took: 0.0000720 seconds
175.133: Application time: 0.0728380 seconds
175.133: [GC [PSYoungGen: 16381K->0K(17408K)] 31767K->15386K(47104K), 0.0003570 secs] [Times: user=0.00 sys=0.00, real=0.00 secs] 
175.133: Total time for which application threads were stopped: 0.0004870 seconds, Stopping threads took: 0.0000710 seconds
175.205: Application time: 0.0721710 seconds
175.206: [GC [PSYoungGen: 16379K->352K(17408K)] 31766K->15738K(47104K), 0.0003910 secs] [Times: user=0.00 sys=0.00, real=0.00 secs] 
175.206: Total time for which application threads were stopped: 0.0004970 seconds, Stopping threads took: 0.0000480 seconds
175.260: Application time: 0.0544000 seconds
175.260: [GC [PSYoungGen: 16734K->384K(17408K)] 32120K->15778K(47104K), 0.0003820 secs] [Times: user=0.00 sys=0.00, real=0.00 secs] 
175.261: Total time for which application threads were stopped: 0.0005020 seconds, Stopping threads took: 0.0000610 seconds
175.312: Application time: 0.0511690 seconds
175.312: [GC [PSYoungGen: 16764K->544K(17408K)] 32158K->15946K(47104K), 0.0004450 secs] [Times: user=0.00 sys=0.00, real=0.00 secs] 
175.313: Total time for which application threads were stopped: 0.0005810 seconds, Stopping threads took: 0.0000680 seconds
175.383: Application time: 0.0704740 seconds
175.383: [GC [PSYoungGen: 16923K->384K(17408K)] 32325K->16006K(47104K), 0.0004270 secs] [Times: user=0.00 sys=0.00, real=0.00 secs] 
175.384: Total time for which application threads were stopped: 0.0005660 seconds, Stopping threads took: 0.0000680 seconds
175.456: Application time: 0.0723750 seconds
175.456: [GC [PSYoungGen: 16765K->0K(17408K)] 32388K->15843K(47104K), 0.0004350 secs] [Times: user=0.00 sys=0.00, real=0.00 secs] 
175.457: Total time for which application threads were stopped: 0.0005670 seconds, Stopping threads took: 0.0000650 seconds
175.529: Application time: 0.0724350 seconds
175.529: [GC [PSYoungGen: 16381K->0K(17408K)] 32225K->15843K(47104K), 0.0004200 secs] [Times: user=0.01 sys=0.00, real=0.00 secs] 
175.530: Total time for which application threads were stopped: 0.0005230 seconds, Stopping threads took: 0.0000420 seconds
175.602: Application time: 0.0721630 seconds
175.602: [GC [PSYoungGen: 16381K->0K(17408K)] 32225K->15843K(47104K), 0.0003520 secs] [Times: user=0.00 sys=0.00, real=0.00 secs] 
175.602: Total time for which application threads were stopped: 0.0004890 seconds, Stopping threads took: 0.0000710 seconds
175.672: Application time: 0.0700100 seconds
175.672: [GC [PSYoungGen: 16379K->384K(17408K)] 32222K->16227K(47104K), 0.0003920 secs] [Times: user=0.00 sys=0.00, real=0.00 secs] 
175.673: Total time for which application threads were stopped: 0.0005270 seconds, Stopping threads took: 0.0000710 seconds
175.727: Application time: 0.0541640 seconds
175.728: [GC [PSYoungGen: 16742K->640K(17408K)] 32586K->16731K(47104K), 0.0004980 secs] [Times: user=0.00 sys=0.00, real=0.00 secs] 
175.728: Total time for which application threads were stopped: 0.0014750 seconds, Stopping threads took: 0.0009160 seconds
175.773: Application time: 0.0443010 seconds
175.773: [GC [PSYoungGen: 17019K->784K(17408K)] 33111K->17155K(47104K), 0.0005080 secs] [Times: user=0.00 sys=0.00, real=0.00 secs] 
175.773: Total time for which application threads were stopped: 0.0006300 seconds, Stopping threads took: 0.0000560 seconds
175.816: Application time: 0.0430710 seconds
175.817: [GC [PSYoungGen: 17165K->736K(17920K)] 33536K->17344K(47616K), 0.0005110 secs] [Times: user=0.01 sys=0.00, real=0.00 secs] 
175.817: Total time for which application threads were stopped: 0.0006510 seconds, Stopping threads took: 0.0000760 seconds
175.876: Application time: 0.0593690 seconds
175.877: [GC [PSYoungGen: 17119K->704K(17920K)] 33727K->17544K(47616K), 0.0005710 secs] [Times: user=0.00 sys=0.00, real=0.00 secs] 
175.877: Total time for which application threads were stopped: 0.0007000 seconds, Stopping threads took: 0.0000650 seconds
175.924: Application time: 0.0468470 seconds
175.924: [GC [PSYoungGen: 17083K->768K(17920K)] 33924K->18049K(47616K), 0.0005240 secs] [Times: user=0.00 sys=0.00, real=0.00 secs] 
175.925: Total time for which application threads were stopped: 0.0006710 seconds, Stopping threads took: 0.0000680 seconds
175.979: Application time: 0.0542890 seconds
175.979: [GC [PSYoungGen: 17148K->352K(17920K)] 34430K->18082K(47616K), 0.0004550 secs] [Times: user=0.00 sys=0.00, real=0.00 secs] 
175.979: Total time for which application threads were stopped: 0.0005640 seconds, Stopping threads took: 0.0000490 seconds
176.047: Application time: 0.0679250 seconds
176.048: [GC [PSYoungGen: 16735K->480K(17920K)] 34466K->18267K(47616K), 0.0004740 secs] [Times: user=0.00 sys=0.00, real=0.00 secs] 
176.049: Total time for which application threads were stopped: 0.0017050 seconds, Stopping threads took: 0.0000460 seconds
176.120: Application time: 0.0708130 seconds
176.120: [GC [PSYoungGen: 16861K->0K(17920K)] 34648K->18199K(47616K), 0.0004290 secs] [Times: user=0.00 sys=0.00, real=0.00 secs] 
176.121: Total time for which application threads were stopped: 0.0005640 seconds, Stopping threads took: 0.0000740 seconds
176.187: Application time: 0.0668130 seconds
176.187: [GC [PSYoungGen: 16379K->736K(17920K)] 34579K->18935K(47616K), 0.0004630 secs] [Times: user=0.00 sys=0.00, real=0.00 secs] 
176.188: Total time for which application threads were stopped: 0.0006010 seconds, Stopping threads took: 0.0000720 seconds
176.258: Application time: 0.0696820 seconds
176.258: [GC [PSYoungGen: 17117K->576K(17920K)] 35317K->19184K(47616K), 0.0004770 secs] [Times: user=0.01 sys=0.00, real=0.00 secs] 
176.258: Total time for which application threads were stopped: 0.0006030 seconds, Stopping threads took: 0.0000670 seconds
176.329: Application time: 0.0711060 seconds
176.329: [GC [PSYoungGen: 16957K->384K(17920K)] 35566K->19401K(47616K), 0.0005260 secs] [Times: user=0.00 sys=0.00, real=0.00 secs] 
176.330: Total time for which application threads were stopped: 0.0006500 seconds, Stopping threads took: 0.0000600 seconds
176.401: Application time: 0.0707340 seconds
176.401: [GC [PSYoungGen: 16767K->288K(17920K)] 35785K->19518K(47616K), 0.0004700 secs] [Times: user=0.00 sys=0.00, real=0.00 secs] 
176.401: Total time for which application threads were stopped: 0.0005820 seconds, Stopping threads took: 0.0000520 seconds
176.474: Application time: 0.0727450 seconds
176.474: [GC [PSYoungGen: 16671K->0K(17920K)] 35902K->19458K(47616K), 0.0004140 secs] [Times: user=0.00 sys=0.00, real=0.00 secs] 
176.475: Total time for which application threads were stopped: 0.0005510 seconds, Stopping threads took: 0.0000630 seconds
176.549: Application time: 0.0741010 seconds
176.552: [GC [PSYoungGen: 16383K->0K(17920K)] 35842K->19458K(47616K), 0.0003670 secs] [Times: user=0.00 sys=0.00, real=0.00 secs] 
176.552: Total time for which application threads were stopped: 0.0035570 seconds, Stopping threads took: 0.0031230 seconds
176.625: Application time: 0.0728430 seconds
176.625: [GC [PSYoungGen: 16381K->0K(17920K)] 35840K->19458K(47616K), 0.0004440 secs] [Times: user=0.00 sys=0.00, real=0.00 secs] 
176.626: Total time for which application threads were stopped: 0.0005710 seconds, Stopping threads took: 0.0000650 seconds
176.700: Application time: 0.0740310 seconds
176.700: [GC [PSYoungGen: 16383K->0K(17920K)] 35842K->19458K(47616K), 0.0003560 secs] [Times: user=0.00 sys=0.00, real=0.00 secs] 
176.700: Total time for which application threads were stopped: 0.0004750 seconds, Stopping threads took: 0.0000570 seconds
176.773: Application time: 0.0732440 seconds
176.774: [GC [PSYoungGen: 16383K->0K(16896K)] 35842K->19458K(46592K), 0.0003630 secs] [Times: user=0.00 sys=0.00, real=0.00 secs] 
176.774: Total time for which application threads were stopped: 0.0004800 seconds, Stopping threads took: 0.0000580 seconds
176.847: Application time: 0.0734670 seconds
176.848: [GC [PSYoungGen: 16383K->0K(17408K)] 35842K->19458K(47104K), 0.0003550 secs] [Times: user=0.00 sys=0.00, real=0.00 secs] 
176.848: Total time for which application threads were stopped: 0.0005010 seconds, Stopping threads took: 0.0000880 seconds
176.914: Application time: 0.0659290 seconds
176.914: [GC [PSYoungGen: 16382K->384K(17408K)] 35841K->19842K(47104K), 0.0004240 secs] [Times: user=0.00 sys=0.00, real=0.00 secs] 
176.914: Total time for which application threads were stopped: 0.0005450 seconds, Stopping threads took: 0.0000580 seconds
176.971: Application time: 0.0568430 seconds
176.971: [GC [PSYoungGen: 16765K->480K(17408K)] 36224K->19946K(47104K), 0.0004850 secs] [Times: user=0.00 sys=0.00, real=0.01 secs] 
176.972: Total time for which application threads were stopped: 0.0005990 seconds, Stopping threads took: 0.0000460 seconds
177.026: Application time: 0.0543110 seconds
177.026: [GC [PSYoungGen: 16863K->512K(17408K)] 36330K->19994K(47104K), 0.0004550 secs] [Times: user=0.00 sys=0.00, real=0.00 secs] 
177.027: Total time for which application threads were stopped: 0.0005910 seconds, Stopping threads took: 0.0000660 seconds
177.097: Application time: 0.0707590 seconds
177.098: [GC [PSYoungGen: 16891K->352K(17408K)] 36374K->20063K(47104K), 0.0004590 secs] [Times: user=0.00 sys=0.00, real=0.00 secs] 
177.098: Total time for which application threads were stopped: 0.0005690 seconds, Stopping threads took: 0.0000510 seconds
177.170: Application time: 0.0720850 seconds
177.170: [GC [PSYoungGen: 16731K->0K(17408K)] 36443K->19947K(47104K), 0.0004100 secs] [Times: user=0.00 sys=0.00, real=0.00 secs] 
177.171: Total time for which application threads were stopped: 0.0005350 seconds, Stopping threads took: 0.0000660 seconds
177.243: Application time: 0.0721210 seconds
177.243: [GC [PSYoungGen: 16379K->0K(17408K)] 36327K->19947K(47104K), 0.0004150 secs] [Times: user=0.00 sys=0.00, real=0.00 secs] 
177.243: Total time for which application threads were stopped: 0.0005510 seconds, Stopping threads took: 0.0000700 seconds
177.316: Application time: 0.0727350 seconds
177.316: [GC [PSYoungGen: 16382K->0K(17408K)] 36330K->19947K(47104K), 0.0003910 secs] [Times: user=0.00 sys=0.00, real=0.00 secs] 
177.317: Total time for which application threads were stopped: 0.0005060 seconds, Stopping threads took: 0.0000560 seconds
177.387: Application time: 0.0701530 seconds
177.387: [GC [PSYoungGen: 16379K->384K(17408K)] 36327K->20331K(47104K), 0.0004050 secs] [Times: user=0.00 sys=0.00, real=0.00 secs] 
177.387: Total time for which application threads were stopped: 0.0005370 seconds, Stopping threads took: 0.0000630 seconds
177.443: Application time: 0.0556860 seconds
177.443: [GC [PSYoungGen: 16765K->704K(17408K)] 36713K->20892K(47104K), 0.0005450 secs] [Times: user=0.01 sys=0.00, real=0.00 secs] 
177.444: Total time for which application threads were stopped: 0.0006590 seconds, Stopping threads took: 0.0000530 seconds
177.491: Application time: 0.0471010 seconds
177.491: [GC [PSYoungGen: 17083K->512K(17408K)] 37271K->20976K(47104K), 0.0004740 secs] [Times: user=0.00 sys=0.00, real=0.00 secs] 
177.491: Total time for which application threads were stopped: 0.0006050 seconds, Stopping threads took: 0.0000660 seconds
177.535: Application time: 0.0435690 seconds
177.535: [GC [PSYoungGen: 16891K->576K(16896K)] 37356K->21481K(46592K), 0.0004990 secs] [Times: user=0.00 sys=0.00, real=0.00 secs] 
177.536: Total time for which application threads were stopped: 0.0006210 seconds, Stopping threads took: 0.0000520 seconds
177.590: Application time: 0.0543810 seconds
177.590: [GC [PSYoungGen: 16447K->896K(17408K)] 37353K->21857K(47104K), 0.0005560 secs] [Times: user=0.00 sys=0.00, real=0.00 secs] 
177.591: Total time for which application threads were stopped: 0.0006740 seconds, Stopping threads took: 0.0000570 seconds
177.637: Application time: 0.0465280 seconds
177.637: [GC [PSYoungGen: 16767K->800K(17408K)] 37728K->22170K(47104K), 0.0005840 secs] [Times: user=0.00 sys=0.00, real=0.00 secs] 
177.638: Total time for which application threads were stopped: 0.0006930 seconds, Stopping threads took: 0.0000510 seconds
177.693: Application time: 0.0556680 seconds
177.694: [GC [PSYoungGen: 16668K->384K(17408K)] 38039K->22432K(47104K), 0.0005390 secs] [Times: user=0.00 sys=0.00, real=0.00 secs] 
177.694: Total time for which application threads were stopped: 0.0006770 seconds, Stopping threads took: 0.0000660 seconds
177.754: Application time: 0.0597960 seconds
177.754: [GC [PSYoungGen: 16256K->512K(17408K)] 38304K->22624K(47104K), 0.0004200 secs] [Times: user=0.00 sys=0.00, real=0.00 secs] 
177.755: Total time for which application threads were stopped: 0.0005540 seconds, Stopping threads took: 0.0000730 seconds
177.822: Application time: 0.0671390 seconds
177.822: [GC [PSYoungGen: 16383K->352K(17408K)] 38495K->22684K(47104K), 0.0004450 secs] [Times: user=0.00 sys=0.00, real=0.00 secs] 
177.822: Total time for which application threads were stopped: 0.0005650 seconds, Stopping threads took: 0.0000570 seconds
177.887: Application time: 0.0651160 seconds
177.887: [GC [PSYoungGen: 16220K->544K(17408K)] 38553K->23097K(47104K), 0.0004620 secs] [Times: user=0.00 sys=0.00, real=0.00 secs] 
177.888: Total time for which application threads were stopped: 0.0005810 seconds, Stopping threads took: 0.0000540 seconds
177.953: Application time: 0.0654770 seconds
177.953: [GC [PSYoungGen: 16414K->576K(17408K)] 38968K->23541K(47104K), 0.0004740 secs] [Times: user=0.01 sys=0.00, real=0.00 secs] 
177.954: Total time for which application threads were stopped: 0.0005900 seconds, Stopping threads took: 0.0000580 seconds
178.023: Application time: 0.0688360 seconds
178.023: [GC [PSYoungGen: 16445K->384K(16384K)] 39411K->23762K(46080K), 0.0004980 secs] [Times: user=0.00 sys=0.00, real=0.00 secs] 
178.023: Total time for which application threads were stopped: 0.0006310 seconds, Stopping threads took: 0.0000740 seconds
178.094: Application time: 0.0702330 seconds
178.094: [GC [PSYoungGen: 16253K->0K(16896K)] 39632K->23602K(46592K), 0.0003960 secs] [Times: user=0.01 sys=0.00, real=0.00 secs] 
178.094: Total time for which application threads were stopped: 0.0005250 seconds, Stopping threads took: 0.0000490 seconds
178.163: Application time: 0.0688670 seconds
178.163: [GC [PSYoungGen: 15868K->384K(16896K)] 39471K->23986K(46592K), 0.0004000 secs] [Times: user=0.01 sys=0.00, real=0.00 secs] 
178.164: Total time for which application threads were stopped: 0.0005330 seconds, Stopping threads took: 0.0000670 seconds
178.235: Application time: 0.0714600 seconds
178.235: [GC [PSYoungGen: 16253K->0K(16896K)] 39856K->23826K(46592K), 0.0003810 secs] [Times: user=0.00 sys=0.00, real=0.00 secs] 
178.236: Total time for which application threads were stopped: 0.0004970 seconds, Stopping threads took: 0.0000550 seconds
178.306: Application time: 0.0704920 seconds
178.306: [GC [PSYoungGen: 15867K->0K(16896K)] 39694K->23826K(46592K), 0.0003490 secs] [Times: user=0.00 sys=0.00, real=0.00 secs] 
178.307: Total time for which application threads were stopped: 0.0004740 seconds, Stopping threads took: 0.0000630 seconds
178.377: Application time: 0.0705400 seconds
178.377: [GC [PSYoungGen: 15867K->0K(16896K)] 39694K->23826K(46592K), 0.0003600 secs] [Times: user=0.00 sys=0.00, real=0.00 secs] 
178.378: Total time for which application threads were stopped: 0.0004740 seconds, Stopping threads took: 0.0000550 seconds
178.448: Application time: 0.0706770 seconds
178.448: [GC [PSYoungGen: 15867K->0K(16896K)] 39694K->23826K(46592K), 0.0003540 secs] [Times: user=0.00 sys=0.00, real=0.00 secs] 
178.449: Total time for which application threads were stopped: 0.0004920 seconds, Stopping threads took: 0.0000710 seconds
178.521: Application time: 0.0718500 seconds
178.521: [GC [PSYoungGen: 15869K->0K(16896K)] 39696K->23826K(46592K), 0.0003970 secs] [Times: user=0.00 sys=0.00, real=0.00 secs] 
178.521: Total time for which application threads were stopped: 0.0005140 seconds, Stopping threads took: 0.0000570 seconds
178.592: Application time: 0.0705820 seconds
178.592: [GC [PSYoungGen: 15867K->0K(16896K)] 39694K->23826K(46592K), 0.0003990 secs] [Times: user=0.01 sys=0.00, real=0.00 secs] 
178.592: Total time for which application threads were stopped: 0.0005410 seconds, Stopping threads took: 0.0000730 seconds
178.643: Application time: 0.0506410 seconds
178.643: [GC [PSYoungGen: 15870K->384K(16896K)] 39697K->24210K(46592K), 0.0004160 secs] [Times: user=0.00 sys=0.00, real=0.00 secs] 
178.643: Total time for which application threads were stopped: 0.0005530 seconds, Stopping threads took: 0.0000660 seconds
178.699: Application time: 0.0556330 seconds
178.699: [GC [PSYoungGen: 16251K->384K(16896K)] 40078K->24438K(46592K), 0.0004290 secs] [Times: user=0.00 sys=0.00, real=0.00 secs] 
178.700: Total time for which application threads were stopped: 0.0005480 seconds, Stopping threads took: 0.0000580 seconds
178.762: Application time: 0.0624410 seconds
178.762: [GC [PSYoungGen: 16255K->544K(16896K)] 40310K->24607K(46592K), 0.0004300 secs] [Times: user=0.00 sys=0.00, real=0.00 secs] 
178.763: Total time for which application threads were stopped: 0.0005530 seconds, Stopping threads took: 0.0000630 seconds
178.831: Application time: 0.0686680 seconds
178.831: [GC [PSYoungGen: 16415K->352K(16896K)] 40478K->24643K(46592K), 0.0004400 secs] [Times: user=0.00 sys=0.00, real=0.01 secs] 
178.832: Total time for which application threads were stopped: 0.0005620 seconds, Stopping threads took: 0.0000590 seconds
178.902: Application time: 0.0698550 seconds
178.902: [GC [PSYoungGen: 16223K->0K(16896K)] 40515K->24504K(46592K), 0.0004530 secs] [Times: user=0.00 sys=0.00, real=0.00 secs] 
178.902: Total time for which application threads were stopped: 0.0005740 seconds, Stopping threads took: 0.0000610 seconds
178.972: Application time: 0.0698960 seconds
178.972: [GC [PSYoungGen: 15871K->0K(16896K)] 40375K->24504K(46592K), 0.0003880 secs] [Times: user=0.00 sys=0.00, real=0.00 secs] 
178.973: Total time for which application threads were stopped: 0.0005130 seconds, Stopping threads took: 0.0000640 seconds
179.041: Application time: 0.0681150 seconds
179.041: [GC [PSYoungGen: 15869K->320K(16896K)] 40373K->24824K(46592K), 0.0004570 secs] [Times: user=0.00 sys=0.00, real=0.00 secs] 
179.041: Total time for which application threads were stopped: 0.0005840 seconds, Stopping threads took: 0.0000590 seconds
179.109: Application time: 0.0680410 seconds
179.110: [GC [PSYoungGen: 16187K->416K(16896K)] 40691K->25176K(46592K), 0.0004650 secs] [Times: user=0.00 sys=0.00, real=0.00 secs] 
179.110: Total time for which application threads were stopped: 0.0005890 seconds, Stopping threads took: 0.0000630 seconds
179.162: Application time: 0.0521820 seconds
179.162: [GC [PSYoungGen: 16284K->576K(16896K)] 41045K->25576K(46592K), 0.0004900 secs] [Times: user=0.00 sys=0.00, real=0.00 secs] 
179.163: Total time for which application threads were stopped: 0.0006260 seconds, Stopping threads took: 0.0000650 seconds
179.210: Application time: 0.0471450 seconds
179.210: [GC [PSYoungGen: 16446K->544K(16896K)] 41446K->25592K(46592K), 0.0004280 secs] [Times: user=0.00 sys=0.00, real=0.00 secs] 
179.211: Total time for which application threads were stopped: 0.0005470 seconds, Stopping threads took: 0.0000600 seconds
179.255: Application time: 0.0443220 seconds
179.255: [GC [PSYoungGen: 16412K->704K(16896K)] 41461K->25992K(46592K), 0.0005770 secs] [Times: user=0.00 sys=0.00, real=0.00 secs] 
179.256: Total time for which application threads were stopped: 0.0006900 seconds, Stopping threads took: 0.0000480 seconds
179.301: Application time: 0.0458500 seconds
179.301: [GC [PSYoungGen: 16572K->928K(16384K)] 41860K->26480K(46080K), 0.0005850 secs] [Times: user=0.00 sys=0.00, real=0.00 secs] 
179.302: Total time for which application threads were stopped: 0.0006990 seconds, Stopping threads took: 0.0000540 seconds
179.352: Application time: 0.0500710 seconds
179.352: [GC [PSYoungGen: 16285K->736K(16896K)] 41838K->26509K(46592K), 0.0005600 secs] [Times: user=0.01 sys=0.00, real=0.00 secs] 
179.353: Total time for which application threads were stopped: 0.0006750 seconds, Stopping threads took: 0.0000530 seconds
179.405: Application time: 0.0519830 seconds
179.405: [GC [PSYoungGen: 16095K->544K(16896K)] 41868K->26790K(46592K), 0.0005760 secs] [Times: user=0.00 sys=0.00, real=0.00 secs] 
179.406: Total time for which application threads were stopped: 0.0006960 seconds, Stopping threads took: 0.0000570 seconds
179.465: Application time: 0.0599710 seconds
179.466: [GC [PSYoungGen: 15903K->352K(16896K)] 42150K->26850K(46592K), 0.0004410 secs] [Times: user=0.01 sys=0.00, real=0.00 secs] 
179.466: Total time for which application threads were stopped: 0.0005610 seconds, Stopping threads took: 0.0000600 seconds
179.532: Application time: 0.0663710 seconds
179.533: [GC [PSYoungGen: 15709K->352K(16896K)] 42208K->26866K(46592K), 0.0003820 secs] [Times: user=0.00 sys=0.00, real=0.00 secs] 
179.533: Total time for which application threads were stopped: 0.0005100 seconds, Stopping threads took: 0.0000700 seconds
179.596: Application time: 0.0627950 seconds
179.596: [GC [PSYoungGen: 15708K->512K(16896K)] 42223K->27239K(46592K), 0.0004610 secs] [Times: user=0.00 sys=0.00, real=0.00 secs] 
179.596: Total time for which application threads were stopped: 0.0005780 seconds, Stopping threads took: 0.0000550 seconds
179.662: Application time: 0.0655380 seconds
179.662: [GC [PSYoungGen: 15871K->256K(15872K)] 42598K->27520K(45568K), 0.0005680 secs] [Times: user=0.00 sys=0.00, real=0.00 secs] 
179.663: Total time for which application threads were stopped: 0.0006890 seconds, Stopping threads took: 0.0000580 seconds
179.727: Application time: 0.0639930 seconds
179.727: [GC [PSYoungGen: 15613K->768K(16384K)] 42878K->28040K(46080K), 0.0004890 secs] [Times: user=0.00 sys=0.00, real=0.00 secs] 
179.727: Total time for which application threads were stopped: 0.0006130 seconds, Stopping threads took: 0.0000610 seconds
179.795: Application time: 0.0677250 seconds
179.795: [GC [PSYoungGen: 16125K->0K(16896K)] 43397K->27877K(46592K), 0.0005380 secs] [Times: user=0.01 sys=0.00, real=0.00 secs] 
179.796: Total time for which application threads were stopped: 0.0006730 seconds, Stopping threads took: 0.0000690 seconds
179.863: Application time: 0.0671570 seconds
179.863: [GC [PSYoungGen: 15359K->480K(16896K)] 43237K->28357K(46592K), 0.0004290 secs] [Times: user=0.00 sys=0.00, real=0.00 secs] 
179.863: Total time for which application threads were stopped: 0.0005660 seconds, Stopping threads took: 0.0000750 seconds
179.931: Application time: 0.0681900 seconds
179.932: [GC [PSYoungGen: 15837K->0K(16896K)] 43715K->28098K(46592K), 0.0004250 secs] [Times: user=0.01 sys=0.00, real=0.01 secs] 
179.932: Total time for which application threads were stopped: 0.0005450 seconds, Stopping threads took: 0.0000580 seconds
180.001: Application time: 0.0685200 seconds
180.001: [GC [PSYoungGen: 15357K->0K(16896K)] 43456K->28098K(46592K), 0.0003580 secs] [Times: user=0.00 sys=0.00, real=0.00 secs] 
180.001: Total time for which application threads were stopped: 0.0004760 seconds, Stopping threads took: 0.0000530 seconds
180.069: Application time: 0.0683980 seconds
180.070: [GC [PSYoungGen: 15357K->0K(16896K)] 43456K->28098K(46592K), 0.0003780 secs] [Times: user=0.00 sys=0.00, real=0.00 secs] 
180.070: Total time for which application threads were stopped: 0.0005170 seconds, Stopping threads took: 0.0000750 seconds
180.138: Application time: 0.0683970 seconds
180.138: [GC [PSYoungGen: 15357K->0K(15872K)] 43456K->28098K(45568K), 0.0003780 secs] [Times: user=0.00 sys=0.00, real=0.00 secs] 
180.139: Total time for which application threads were stopped: 0.0005030 seconds, Stopping threads took: 0.0000640 seconds
180.207: Application time: 0.0686370 seconds
180.212: [GC [PSYoungGen: 15357K->0K(16384K)] 43456K->28098K(46080K), 0.0003930 secs] [Times: user=0.00 sys=0.00, real=0.00 secs] 
180.212: Total time for which application threads were stopped: 0.0047900 seconds, Stopping threads took: 0.0043340 seconds
180.281: Application time: 0.0683040 seconds
180.281: [GC [PSYoungGen: 15357K->0K(16384K)] 43456K->28098K(46080K), 0.0003850 secs] [Times: user=0.00 sys=0.00, real=0.00 secs] 
180.281: Total time for which application threads were stopped: 0.0005080 seconds, Stopping threads took: 0.0000500 seconds
180.338: Application time: 0.0569840 seconds
180.338: [GC [PSYoungGen: 15355K->384K(16384K)] 43454K->28482K(46080K), 0.0004130 secs] [Times: user=0.00 sys=0.00, real=0.00 secs] 
180.339: Total time for which application threads were stopped: 0.0005430 seconds, Stopping threads took: 0.0000570 seconds
180.384: Application time: 0.0454490 seconds
180.384: [GC [PSYoungGen: 15739K->512K(16384K)] 43838K->28626K(46080K), 0.0005030 secs] [Times: user=0.00 sys=0.00, real=0.00 secs] 
180.385: Total time for which application threads were stopped: 0.0006190 seconds, Stopping threads took: 0.0000530 seconds
180.444: Application time: 0.0597580 seconds
180.445: [GC [PSYoungGen: 15869K->480K(16384K)] 43983K->28602K(46080K), 0.0004790 secs] [Times: user=0.00 sys=0.00, real=0.00 secs] 
180.445: Total time for which application threads were stopped: 0.0006050 seconds, Stopping threads took: 0.0000640 seconds
180.512: Application time: 0.0667730 seconds
180.512: [GC [PSYoungGen: 15839K->320K(16384K)] 43962K->28674K(46080K), 0.0004300 secs] [Times: user=0.00 sys=0.00, real=0.00 secs] 
180.512: Total time for which application threads were stopped: 0.0005630 seconds, Stopping threads took: 0.0000730 seconds
180.580: Application time: 0.0677010 seconds
180.580: [GC [PSYoungGen: 15677K->0K(16384K)] 44032K->28578K(46080K), 0.0003840 secs] [Times: user=0.00 sys=0.00, real=0.00 secs] 
180.581: Total time for which application threads were stopped: 0.0005260 seconds, Stopping threads took: 0.0000810 seconds
180.648: Application time: 0.0678220 seconds
180.649: [GC [PSYoungGen: 15357K->0K(16384K)] 43936K->28578K(46080K), 0.0004680 secs] [Times: user=0.00 sys=0.00, real=0.00 secs] 
180.649: Total time for which application threads were stopped: 0.0006000 seconds, Stopping threads took: 0.0000720 seconds
180.717: Application time: 0.0681530 seconds
180.717: [GC [PSYoungGen: 15359K->0K(16384K)] 43938K->28578K(46080K), 0.0003660 secs] [Times: user=0.00 sys=0.00, real=0.00 secs] 
180.718: Total time for which application threads were stopped: 0.0004810 seconds, Stopping threads took: 0.0000470 seconds
180.783: Application time: 0.0649030 seconds
180.783: [GC [PSYoungGen: 15358K->768K(16384K)] 43936K->29346K(46080K), 0.0004660 secs] [Times: user=0.00 sys=0.00, real=0.00 secs] 
180.783: Total time for which application threads were stopped: 0.0005950 seconds, Stopping threads took: 0.0000530 seconds
180.850: Application time: 0.0671320 seconds
180.850: [GC [PSYoungGen: 16124K->320K(16384K)] 44703K->29167K(46080K), 0.0004550 secs] [Times: user=0.00 sys=0.00, real=0.00 secs] 
180.851: Total time for which application threads were stopped: 0.0005720 seconds, Stopping threads took: 0.0000500 seconds
180.888: Application time: 0.0375470 seconds
180.889: [GC [PSYoungGen: 15676K->576K(16384K)] 44523K->29635K(46080K), 0.0005170 secs] [Times: user=0.00 sys=0.00, real=0.00 secs] 
180.889: Total time for which application threads were stopped: 0.0006580 seconds, Stopping threads took: 0.0000760 seconds
180.941: Application time: 0.0521860 seconds
180.941: [GC [PSYoungGen: 15936K->640K(15872K)] 44995K->29763K(45568K), 0.0004870 secs] [Times: user=0.00 sys=0.00, real=0.00 secs] 
180.942: Total time for which application threads were stopped: 0.0006020 seconds, Stopping threads took: 0.0000550 seconds
180.990: Application time: 0.0481310 seconds
180.990: [GC [PSYoungGen: 15487K->704K(16384K)] 44610K->29923K(46080K), 0.0004720 secs] [Times: user=0.00 sys=0.00, real=0.00 secs] 
180.991: Total time for which application threads were stopped: 0.0005980 seconds, Stopping threads took: 0.0000580 seconds
181.038: Application time: 0.0478230 seconds
181.039: [GC [PSYoungGen: 15550K->512K(16384K)] 44770K->30329K(46592K), 0.0005030 secs] [Times: user=0.00 sys=0.00, real=0.00 secs] 
181.039: [Full GC [PSYoungGen: 512K->0K(16384K)] [ParOldGen: 29817K->4401K(29184K)] 30329K->4401K(45568K) [PSPermGen: 5577K->5577K(21504K)], 0.0054940 secs] [Times: user=0.03 sys=0.00, real=0.01 secs] 
181.045: Total time for which application threads were stopped: 0.0061560 seconds, Stopping threads took: 0.0000510 seconds
181.086: Application time: 0.0410750 seconds
181.086: [GC [PSYoungGen: 14846K->832K(16384K)] 19248K->5233K(45568K), 0.0005740 secs] [Times: user=0.00 sys=0.00, real=0.00 secs] 
181.087: Total time for which application threads were stopped: 0.0016620 seconds, Stopping threads took: 0.0000560 seconds
181.131: Application time: 0.0438550 seconds
181.131: [GC [PSYoungGen: 15676K->912K(16384K)] 20077K->5518K(45568K), 0.0005690 secs] [Times: user=0.00 sys=0.00, real=0.01 secs] 
181.132: Total time for which application threads were stopped: 0.0006970 seconds, Stopping threads took: 0.0000600 seconds
181.193: Application time: 0.0613420 seconds
181.196: [GC [PSYoungGen: 15759K->544K(16384K)] 20365K->5466K(45568K), 0.0004900 secs] [Times: user=0.01 sys=0.00, real=0.00 secs] 
181.196: Total time for which application threads were stopped: 0.0031670 seconds, Stopping threads took: 0.0026190 seconds
181.262: Application time: 0.0650990 seconds
181.262: [GC [PSYoungGen: 15389K->0K(16384K)] 20312K->5347K(45568K), 0.0004080 secs] [Times: user=0.00 sys=0.00, real=0.00 secs] 
181.262: Total time for which application threads were stopped: 0.0005630 seconds, Stopping threads took: 0.0000870 seconds
181.323: Application time: 0.0610010 seconds
181.323: [GC [PSYoungGen: 14846K->544K(16384K)] 20194K->5891K(45568K), 0.0003970 secs] [Times: user=0.00 sys=0.00, real=0.00 secs] 
181.324: Total time for which application threads were stopped: 0.0005250 seconds, Stopping threads took: 0.0000560 seconds
181.387: Application time: 0.0636050 seconds
181.387: [GC [PSYoungGen: 15390K->256K(16384K)] 20738K->6020K(45568K), 0.0004210 secs] [Times: user=0.00 sys=0.00, real=0.00 secs] 
181.388: Total time for which application threads were stopped: 0.0005640 seconds, Stopping threads took: 0.0000690 seconds
181.451: Application time: 0.0630890 seconds
181.451: [GC [PSYoungGen: 15101K->480K(16384K)] 20865K->6289K(45568K), 0.0004600 secs] [Times: user=0.00 sys=0.00, real=0.00 secs] 
181.451: Total time for which application threads were stopped: 0.0005680 seconds, Stopping threads took: 0.0000480 seconds
181.515: Application time: 0.0640500 seconds
181.516: [GC [PSYoungGen: 15324K->320K(16384K)] 21134K->6510K(45568K), 0.0004920 secs] [Times: user=0.00 sys=0.00, real=0.00 secs] 
181.516: Total time for which application threads were stopped: 0.0006280 seconds, Stopping threads took: 0.0000700 seconds
181.580: Application time: 0.0641570 seconds
181.580: [GC [PSYoungGen: 15164K->416K(15360K)] 21354K->6822K(44544K), 0.0004260 secs] [Times: user=0.01 sys=0.00, real=0.00 secs] 
181.581: Total time for which application threads were stopped: 0.0005690 seconds, Stopping threads took: 0.0000790 seconds
181.647: Application time: 0.0660700 seconds
181.648: [GC [PSYoungGen: 15261K->0K(15872K)] 21667K->6630K(45056K), 0.0003860 secs] [Times: user=0.00 sys=0.00, real=0.00 secs] 
181.648: Total time for which application threads were stopped: 0.0013250 seconds, Stopping threads took: 0.0008800 seconds
181.715: Application time: 0.0662890 seconds
181.715: [GC [PSYoungGen: 14845K->0K(15872K)] 21475K->6630K(45056K), 0.0003750 secs] [Times: user=0.00 sys=0.00, real=0.00 secs] 
181.715: Total time for which application threads were stopped: 0.0005120 seconds, Stopping threads took: 0.0000760 seconds
181.781: Application time: 0.0660430 seconds
181.781: [GC [PSYoungGen: 14847K->0K(15872K)] 21477K->6630K(45056K), 0.0003360 secs] [Times: user=0.00 sys=0.00, real=0.00 secs] 
181.782: Total time for which application threads were stopped: 0.0004670 seconds, Stopping threads took: 0.0000700 seconds
181.848: Application time: 0.0660800 seconds
181.848: [GC [PSYoungGen: 14847K->0K(15872K)] 21477K->6630K(45056K), 0.0004370 secs] [Times: user=0.00 sys=0.00, real=0.00 secs] 
181.848: Total time for which application threads were stopped: 0.0005620 seconds, Stopping threads took: 0.0000550 seconds
181.915: Application time: 0.0665450 seconds
181.915: [GC [PSYoungGen: 14847K->0K(15872K)] 21477K->6630K(45056K), 0.0003300 secs] [Times: user=0.00 sys=0.00, real=0.00 secs] 
181.915: Total time for which application threads were stopped: 0.0004460 seconds, Stopping threads took: 0.0000580 seconds
181.981: Application time: 0.0662320 seconds
181.982: [GC [PSYoungGen: 14847K->0K(15872K)] 21477K->6630K(45056K), 0.0003440 secs] [Times: user=0.00 sys=0.00, real=0.00 secs] 
181.982: Total time for which application threads were stopped: 0.0004620 seconds, Stopping threads took: 0.0000580 seconds
182.046: Application time: 0.0643750 seconds
182.046: [GC [PSYoungGen: 14846K->352K(15872K)] 21476K->6982K(45056K), 0.0003840 secs] [Times: user=0.00 sys=0.00, real=0.00 secs] 
182.047: Total time for which application threads were stopped: 0.0005160 seconds, Stopping threads took: 0.0000690 seconds
182.084: Application time: 0.0373120 seconds
182.084: [GC [PSYoungGen: 15196K->512K(15872K)] 21826K->7166K(45056K), 0.0004170 secs] [Times: user=0.00 sys=0.00, real=0.00 secs] 
182.085: Total time for which application threads were stopped: 0.0005440 seconds, Stopping threads took: 0.0000590 seconds
182.140: Application time: 0.0556730 seconds
182.140: [GC [PSYoungGen: 15359K->544K(15872K)] 22013K->7214K(45056K), 0.0004110 secs] [Times: user=0.00 sys=0.00, real=0.00 secs] 
182.141: Total time for which application threads were stopped: 0.0005320 seconds, Stopping threads took: 0.0000630 seconds
182.204: Application time: 0.0632710 seconds
182.204: [GC [PSYoungGen: 15391K->544K(15872K)] 22061K->7238K(45056K), 0.0003870 secs] [Times: user=0.00 sys=0.00, real=0.00 secs] 
182.205: Total time for which application threads were stopped: 0.0005180 seconds, Stopping threads took: 0.0000700 seconds
182.270: Application time: 0.0657060 seconds
182.272: [GC [PSYoungGen: 15391K->0K(15872K)] 22085K->7103K(45056K), 0.0004360 secs] [Times: user=0.01 sys=0.00, real=0.00 secs] 
182.272: Total time for which application threads were stopped: 0.0019500 seconds, Stopping threads took: 0.0014530 seconds
182.338: Application time: 0.0656110 seconds
182.338: [GC [PSYoungGen: 14847K->0K(15872K)] 21950K->7103K(45056K), 0.0003480 secs] [Times: user=0.00 sys=0.00, real=0.00 secs] 
182.338: Total time for which application threads were stopped: 0.0004860 seconds, Stopping threads took: 0.0000760 seconds
182.404: Application time: 0.0658060 seconds
182.404: [GC [PSYoungGen: 14847K->0K(15872K)] 21950K->7103K(45056K), 0.0003430 secs] [Times: user=0.01 sys=0.00, real=0.00 secs] 
182.405: Total time for which application threads were stopped: 0.0004690 seconds, Stopping threads took: 0.0000560 seconds
182.470: Application time: 0.0656860 seconds
182.470: [GC [PSYoungGen: 14847K->0K(15872K)] 21950K->7103K(45056K), 0.0003360 secs] [Times: user=0.00 sys=0.00, real=0.00 secs] 
182.471: Total time for which application threads were stopped: 0.0004540 seconds, Stopping threads took: 0.0000550 seconds
182.534: Application time: 0.0628400 seconds
182.535: [GC [PSYoungGen: 14845K->544K(15872K)] 21948K->7647K(45056K), 0.0005130 secs] [Times: user=0.00 sys=0.00, real=0.00 secs] 
182.536: Total time for which application threads were stopped: 0.0018280 seconds, Stopping threads took: 0.0012510 seconds
182.602: Application time: 0.0662650 seconds
182.602: [GC [PSYoungGen: 15391K->0K(15872K)] 22494K->7575K(45056K), 0.0004450 secs] [Times: user=0.00 sys=0.00, real=0.00 secs] 
182.602: Total time for which application threads were stopped: 0.0005550 seconds, Stopping threads took: 0.0000480 seconds
182.642: Application time: 0.0398210 seconds
182.642: [GC [PSYoungGen: 14844K->544K(15872K)] 22419K->8119K(45056K), 0.0004160 secs] [Times: user=0.00 sys=0.00, real=0.00 secs] 
182.643: Total time for which application threads were stopped: 0.0005340 seconds, Stopping threads took: 0.0000520 seconds
182.682: Application time: 0.0394790 seconds
182.682: [GC [PSYoungGen: 15389K->752K(15872K)] 22964K->8383K(45056K), 0.0004740 secs] [Times: user=0.00 sys=0.00, real=0.00 secs] 
182.683: Total time for which application threads were stopped: 0.0006030 seconds, Stopping threads took: 0.0000630 seconds
182.730: Application time: 0.0474730 seconds
182.732: [GC [PSYoungGen: 15595K->736K(16384K)] 23227K->8635K(45568K), 0.0006020 secs] [Times: user=0.00 sys=0.00, real=0.00 secs] 
182.732: Total time for which application threads were stopped: 0.0022280 seconds, Stopping threads took: 0.0015560 seconds
182.775: Application time: 0.0424320 seconds
182.775: [GC [PSYoungGen: 15583K->960K(16384K)] 23483K->9064K(45568K), 0.0005290 secs] [Times: user=0.00 sys=0.00, real=0.00 secs] 
182.776: Total time for which application threads were stopped: 0.0006700 seconds, Stopping threads took: 0.0000760 seconds
182.819: Application time: 0.0435330 seconds
182.819: [GC [PSYoungGen: 15806K->608K(16384K)] 23910K->9328K(45568K), 0.0005330 secs] [Times: user=0.00 sys=0.00, real=0.00 secs] 
182.820: Total time for which application threads were stopped: 0.0006700 seconds, Stopping threads took: 0.0000650 seconds
182.870: Application time: 0.0506050 seconds
182.871: [GC [PSYoungGen: 15455K->752K(16384K)] 24175K->9560K(45568K), 0.0004580 secs] [Times: user=0.00 sys=0.00, real=0.00 secs] 
182.871: Total time for which application threads were stopped: 0.0005810 seconds, Stopping threads took: 0.0000540 seconds
182.934: Application time: 0.0634030 seconds
182.934: [GC [PSYoungGen: 15599K->288K(15360K)] 24407K->9657K(44544K), 0.0005000 secs] [Times: user=0.00 sys=0.00, real=0.00 secs] 
182.935: Total time for which application threads were stopped: 0.0006230 seconds, Stopping threads took: 0.0000510 seconds
182.999: Application time: 0.0638840 seconds
182.999: [GC [PSYoungGen: 15135K->0K(16384K)] 24504K->9593K(45568K), 0.0003610 secs] [Times: user=0.00 sys=0.00, real=0.00 secs] 
182.999: Total time for which application threads were stopped: 0.0004830 seconds, Stopping threads took: 0.0000590 seconds
183.060: Application time: 0.0609190 seconds
183.060: [GC [PSYoungGen: 14844K->544K(15872K)] 24437K->10137K(45056K), 0.0004680 secs] [Times: user=0.01 sys=0.00, real=0.00 secs] 
183.061: Total time for which application threads were stopped: 0.0005770 seconds, Stopping threads took: 0.0000440 seconds
183.124: Application time: 0.0634910 seconds
183.124: [GC [PSYoungGen: 15391K->320K(15360K)] 24984K->10314K(44544K), 0.0004570 secs] [Times: user=0.00 sys=0.00, real=0.00 secs] 
183.125: Total time for which application threads were stopped: 0.0005720 seconds, Stopping threads took: 0.0000520 seconds
183.188: Application time: 0.0627560 seconds
183.188: [GC [PSYoungGen: 15166K->512K(15872K)] 25161K->10734K(45056K), 0.0004510 secs] [Times: user=0.00 sys=0.00, real=0.00 secs] 
183.188: Total time for which application threads were stopped: 0.0005660 seconds, Stopping threads took: 0.0000480 seconds
183.252: Application time: 0.0636690 seconds
183.252: [GC [PSYoungGen: 15359K->544K(15872K)] 25581K->10979K(45056K), 0.0005140 secs] [Times: user=0.00 sys=0.00, real=0.00 secs] 
183.253: Total time for which application threads were stopped: 0.0006210 seconds, Stopping threads took: 0.0000460 seconds
183.319: Application time: 0.0662200 seconds
183.319: [GC [PSYoungGen: 15391K->0K(16384K)] 25826K->10848K(45568K), 0.0004190 secs] [Times: user=0.00 sys=0.00, real=0.00 secs] 
183.319: Total time for which application threads were stopped: 0.0005400 seconds, Stopping threads took: 0.0000610 seconds
183.386: Application time: 0.0663020 seconds
183.386: [GC [PSYoungGen: 14847K->0K(16384K)] 25695K->10848K(45568K), 0.0003530 secs] [Times: user=0.01 sys=0.00, real=0.00 secs] 
183.386: Total time for which application threads were stopped: 0.0004760 seconds, Stopping threads took: 0.0000620 seconds
183.453: Application time: 0.0665220 seconds
183.453: [GC [PSYoungGen: 14847K->0K(16384K)] 25695K->10848K(45568K), 0.0003700 secs] [Times: user=0.00 sys=0.00, real=0.00 secs] 
183.453: Total time for which application threads were stopped: 0.0004940 seconds, Stopping threads took: 0.0000530 seconds
183.520: Application time: 0.0666880 seconds
183.520: [GC [PSYoungGen: 14847K->0K(16384K)] 25695K->10848K(45568K), 0.0003840 secs] [Times: user=0.00 sys=0.00, real=0.00 secs] 
183.520: Total time for which application threads were stopped: 0.0005210 seconds, Stopping threads took: 0.0000730 seconds
183.587: Application time: 0.0665240 seconds
183.588: [GC [PSYoungGen: 14847K->0K(16384K)] 25695K->10848K(45568K), 0.0004050 secs] [Times: user=0.00 sys=0.00, real=0.00 secs] 
183.588: Total time for which application threads were stopped: 0.0014170 seconds, Stopping threads took: 0.0009480 seconds
183.655: Application time: 0.0671360 seconds
183.656: [GC [PSYoungGen: 14845K->0K(15360K)] 25693K->10848K(44544K), 0.0004280 secs] [Times: user=0.00 sys=0.00, real=0.00 secs] 
183.656: Total time for which application threads were stopped: 0.0005380 seconds, Stopping threads took: 0.0000500 seconds
183.723: Application time: 0.0665760 seconds
183.723: [GC [PSYoungGen: 14847K->0K(15872K)] 25695K->10848K(45056K), 0.0003660 secs] [Times: user=0.00 sys=0.00, real=0.00 secs] 
183.723: Total time for which application threads were stopped: 0.0004820 seconds, Stopping threads took: 0.0000540 seconds
183.780: Application time: 0.0566940 seconds
183.780: [GC [PSYoungGen: 14847K->448K(15872K)] 25695K->11296K(45056K), 0.0004060 secs] [Times: user=0.00 sys=0.00, real=0.00 secs] 
183.780: Total time for which application threads were stopped: 0.0005300 seconds, Stopping threads took: 0.0000580 seconds
183.818: Application time: 0.0380190 seconds
183.818: [GC [PSYoungGen: 15292K->544K(15872K)] 26140K->11416K(45056K), 0.0004270 secs] [Times: user=0.00 sys=0.00, real=0.00 secs] 
183.819: Total time for which application threads were stopped: 0.0005640 seconds, Stopping threads took: 0.0000700 seconds
183.880: Application time: 0.0616250 seconds
183.881: [GC [PSYoungGen: 15391K->480K(15872K)] 26263K->11360K(45056K), 0.0004900 secs] [Times: user=0.00 sys=0.00, real=0.00 secs] 
183.881: Total time for which application threads were stopped: 0.0006310 seconds, Stopping threads took: 0.0000760 seconds
183.946: Application time: 0.0647110 seconds
183.946: [GC [PSYoungGen: 15327K->384K(15872K)] 26207K->11492K(45056K), 0.0004460 secs] [Times: user=0.00 sys=0.00, real=0.00 secs] 
183.946: Total time for which application threads were stopped: 0.0005780 seconds, Stopping threads took: 0.0000690 seconds
184.012: Application time: 0.0654970 seconds
184.012: [GC [PSYoungGen: 15231K->0K(15872K)] 26339K->11324K(45056K), 0.0004090 secs] [Times: user=0.00 sys=0.00, real=0.00 secs] 
184.012: Total time for which application threads were stopped: 0.0005330 seconds, Stopping threads took: 0.0000540 seconds
184.079: Application time: 0.0668000 seconds
184.079: [GC [PSYoungGen: 14845K->0K(15872K)] 26169K->11324K(45056K), 0.0003640 secs] [Times: user=0.00 sys=0.00, real=0.00 secs] 
184.080: Total time for which application threads were stopped: 0.0004810 seconds, Stopping threads took: 0.0000520 seconds
184.145: Application time: 0.0656690 seconds
184.145: [GC [PSYoungGen: 14847K->0K(15872K)] 26171K->11324K(45056K), 0.0003760 secs] [Times: user=0.00 sys=0.00, real=0.00 secs] 
184.146: Total time for which application threads were stopped: 0.0005010 seconds, Stopping threads took: 0.0000600 seconds
184.209: Application time: 0.0631960 seconds
184.209: [GC [PSYoungGen: 14844K->608K(15872K)] 26168K->11932K(45056K), 0.0004180 secs] [Times: user=0.01 sys=0.00, real=0.00 secs] 
184.210: Total time for which application threads were stopped: 0.0005420 seconds, Stopping threads took: 0.0000620 seconds
184.276: Application time: 0.0660730 seconds
184.276: [GC [PSYoungGen: 15455K->320K(15872K)] 26780K->11881K(45056K), 0.0005160 secs] [Times: user=0.00 sys=0.00, real=0.00 secs] 
184.276: Total time for which application threads were stopped: 0.0006460 seconds, Stopping threads took: 0.0000640 seconds
184.342: Application time: 0.0660370 seconds
184.342: [GC [PSYoungGen: 15167K->0K(15872K)] 26728K->11813K(45056K), 0.0003860 secs] [Times: user=0.00 sys=0.00, real=0.00 secs] 
184.343: Total time for which application threads were stopped: 0.0005150 seconds, Stopping threads took: 0.0000640 seconds
184.384: Application time: 0.0408320 seconds
184.384: [GC [PSYoungGen: 14844K->800K(15872K)] 26657K->12613K(45056K), 0.0005280 secs] [Times: user=0.00 sys=0.00, real=0.00 secs] 
184.384: Total time for which application threads were stopped: 0.0006430 seconds, Stopping threads took: 0.0000540 seconds
184.417: Application time: 0.0330760 seconds
184.418: [GC [PSYoungGen: 15644K->480K(16384K)] 27458K->12365K(45568K), 0.0004880 secs] [Times: user=0.00 sys=0.00, real=0.00 secs] 
184.418: Total time for which application threads were stopped: 0.0006000 seconds, Stopping threads took: 0.0000500 seconds
184.461: Application time: 0.0432230 seconds
184.461: [GC [PSYoungGen: 15325K->704K(16384K)] 27211K->12794K(45568K), 0.0005060 secs] [Times: user=0.00 sys=0.00, real=0.00 secs] 
184.462: Total time for which application threads were stopped: 0.0006250 seconds, Stopping threads took: 0.0000490 seconds
184.508: Application time: 0.0457540 seconds
184.508: [GC [PSYoungGen: 15548K->1120K(16384K)] 27638K->13266K(45568K), 0.0005000 secs] [Times: user=0.00 sys=0.00, real=0.00 secs] 
184.508: Total time for which application threads were stopped: 0.0006130 seconds, Stopping threads took: 0.0000510 seconds
184.550: Application time: 0.0414440 seconds
184.550: [GC [PSYoungGen: 15964K->864K(16384K)] 28111K->13608K(45568K), 0.0005780 secs] [Times: user=0.00 sys=0.00, real=0.00 secs] 
184.550: Total time for which application threads were stopped: 0.0007010 seconds, Stopping threads took: 0.0000490 seconds
184.616: Application time: 0.0655390 seconds
184.616: [GC [PSYoungGen: 15711K->544K(15872K)] 28455K->13600K(45056K), 0.0004760 secs] [Times: user=0.00 sys=0.00, real=0.00 secs] 
184.617: Total time for which application threads were stopped: 0.0006250 seconds, Stopping threads took: 0.0000820 seconds
184.686: Application time: 0.0698010 seconds
184.687: [GC [PSYoungGen: 15388K->384K(15360K)] 28444K->13668K(44544K), 0.0004070 secs] [Times: user=0.00 sys=0.00, real=0.00 secs] 
184.687: Total time for which application threads were stopped: 0.0005350 seconds, Stopping threads took: 0.0000680 seconds
184.757: Application time: 0.0705260 seconds
184.758: [GC [PSYoungGen: 15231K->0K(15360K)] 28516K->13508K(44544K), 0.0004850 secs] [Times: user=0.00 sys=0.00, real=0.00 secs] 
184.758: Total time for which application threads were stopped: 0.0006180 seconds, Stopping threads took: 0.0000700 seconds
184.826: Application time: 0.0677450 seconds
184.826: [GC [PSYoungGen: 14846K->512K(16384K)] 28355K->14020K(45568K), 0.0004320 secs] [Times: user=0.00 sys=0.00, real=0.00 secs] 
184.826: Total time for which application threads were stopped: 0.0005390 seconds, Stopping threads took: 0.0000480 seconds
184.892: Application time: 0.0660580 seconds
184.893: [GC [PSYoungGen: 15357K->704K(15872K)] 28866K->14553K(45056K), 0.0004960 secs] [Times: user=0.00 sys=0.00, real=0.00 secs] 
184.893: Total time for which application threads were stopped: 0.0006400 seconds, Stopping threads took: 0.0000730 seconds
184.963: Application time: 0.0704210 seconds
184.964: [GC [PSYoungGen: 15549K->352K(15360K)] 29398K->14814K(44544K), 0.0005380 secs] [Times: user=0.00 sys=0.00, real=0.01 secs] 
184.964: Total time for which application threads were stopped: 0.0006860 seconds, Stopping threads took: 0.0000800 seconds
185.035: Application time: 0.0705660 seconds
185.036: [GC [PSYoungGen: 15196K->384K(16384K)] 29659K->15075K(45568K), 0.0004560 secs] [Times: user=0.00 sys=0.00, real=0.00 secs] 
185.036: Total time for which application threads were stopped: 0.0015880 seconds, Stopping threads took: 0.0010700 seconds
185.109: Application time: 0.0727290 seconds
185.109: [GC [PSYoungGen: 15231K->0K(16384K)] 29922K->14899K(45568K), 0.0004100 secs] [Times: user=0.00 sys=0.00, real=0.00 secs] 
185.110: Total time for which application threads were stopped: 0.0005630 seconds, Stopping threads took: 0.0000770 seconds
185.182: Application time: 0.0725410 seconds
185.182: [GC [PSYoungGen: 14847K->0K(16384K)] 29746K->14899K(45568K), 0.0003760 secs] [Times: user=0.01 sys=0.00, real=0.00 secs] 
185.183: Total time for which application threads were stopped: 0.0005160 seconds, Stopping threads took: 0.0000700 seconds
185.255: Application time: 0.0725890 seconds
185.255: [GC [PSYoungGen: 14847K->0K(16384K)] 29746K->14899K(45568K), 0.0004140 secs] [Times: user=0.00 sys=0.00, real=0.00 secs] 
185.256: Total time for which application threads were stopped: 0.0005550 seconds, Stopping threads took: 0.0000650 seconds
185.328: Application time: 0.0726370 seconds
185.329: [GC [PSYoungGen: 14847K->0K(16384K)] 29746K->14899K(45568K), 0.0003580 secs] [Times: user=0.00 sys=0.00, real=0.00 secs] 
185.329: Total time for which application threads were stopped: 0.0004880 seconds, Stopping threads took: 0.0000690 seconds
185.402: Application time: 0.0726980 seconds
185.402: [GC [PSYoungGen: 14847K->0K(16384K)] 29746K->14899K(45568K), 0.0003760 secs] [Times: user=0.00 sys=0.00, real=0.00 secs] 
185.402: Total time for which application threads were stopped: 0.0005010 seconds, Stopping threads took: 0.0000600 seconds
185.475: Application time: 0.0726820 seconds
185.475: [GC [PSYoungGen: 14847K->0K(15360K)] 29746K->14899K(44544K), 0.0004870 secs] [Times: user=0.01 sys=0.00, real=0.00 secs] 
185.475: Total time for which application threads were stopped: 0.0006200 seconds, Stopping threads took: 0.0000670 seconds
185.546: Application time: 0.0709950 seconds
185.548: [GC [PSYoungGen: 14845K->320K(15872K)] 29744K->15219K(45056K), 0.0004750 secs] [Times: user=0.00 sys=0.00, real=0.00 secs] 
185.548: Total time for which application threads were stopped: 0.0019230 seconds, Stopping threads took: 0.0013820 seconds
185.600: Application time: 0.0512320 seconds
185.600: [GC [PSYoungGen: 15163K->512K(15872K)] 30063K->15419K(45056K), 0.0004640 secs] [Times: user=0.00 sys=0.01, real=0.00 secs] 
185.600: Total time for which application threads were stopped: 0.0005840 seconds, Stopping threads took: 0.0000480 seconds
185.653: Application time: 0.0523960 seconds
185.653: [GC [PSYoungGen: 15358K->416K(15872K)] 30265K->15552K(45056K), 0.0004090 secs] [Times: user=0.00 sys=0.00, real=0.00 secs] 
185.653: Total time for which application threads were stopped: 0.0005530 seconds, Stopping threads took: 0.0000690 seconds
185.723: Application time: 0.0694070 seconds
185.723: [GC [PSYoungGen: 15260K->544K(15872K)] 30396K->15696K(45056K), 0.0004470 secs] [Times: user=0.00 sys=0.00, real=0.00 secs] 
185.723: Total time for which application threads were stopped: 0.0005720 seconds, Stopping threads took: 0.0000560 seconds
185.796: Application time: 0.0729670 seconds
185.796: [GC [PSYoungGen: 15389K->0K(15872K)] 30541K->15553K(45056K), 0.0005000 secs] [Times: user=0.00 sys=0.00, real=0.00 secs] 
185.797: Total time for which application threads were stopped: 0.0006350 seconds, Stopping threads took: 0.0000690 seconds
185.869: Application time: 0.0719910 seconds
185.869: [GC [PSYoungGen: 14845K->0K(15872K)] 30398K->15553K(45056K), 0.0003890 secs] [Times: user=0.00 sys=0.00, real=0.00 secs] 
185.869: Total time for which application threads were stopped: 0.0005150 seconds, Stopping threads took: 0.0000650 seconds
185.942: Application time: 0.0722920 seconds
185.942: [GC [PSYoungGen: 14847K->0K(15872K)] 30400K->15553K(45056K), 0.0003810 secs] [Times: user=0.00 sys=0.00, real=0.00 secs] 
185.942: Total time for which application threads were stopped: 0.0005010 seconds, Stopping threads took: 0.0000530 seconds
186.013: Application time: 0.0708820 seconds
186.016: [GC [PSYoungGen: 14845K->448K(15872K)] 30398K->16001K(45056K), 0.0004780 secs] [Times: user=0.00 sys=0.00, real=0.00 secs] 
186.016: Total time for which application threads were stopped: 0.0034350 seconds, Stopping threads took: 0.0028920 seconds
186.086: Application time: 0.0692870 seconds
186.086: [GC [PSYoungGen: 15295K->704K(15872K)] 30848K->16329K(45056K), 0.0004980 secs] [Times: user=0.00 sys=0.00, real=0.00 secs] 
186.087: Total time for which application threads were stopped: 0.0016910 seconds, Stopping threads took: 0.0000640 seconds
186.160: Application time: 0.0724090 seconds
186.160: [GC [PSYoungGen: 15551K->0K(15360K)] 31176K->16069K(44544K), 0.0005760 secs] [Times: user=0.00 sys=0.00, real=0.00 secs] 
186.161: Total time for which application threads were stopped: 0.0007260 seconds, Stopping threads took: 0.0000740 seconds
186.230: Application time: 0.0691370 seconds
186.230: [GC [PSYoungGen: 14847K->288K(15872K)] 30916K->16357K(45056K), 0.0004550 secs] [Times: user=0.00 sys=0.00, real=0.00 secs] 
186.230: Total time for which application threads were stopped: 0.0005990 seconds, Stopping threads took: 0.0000770 seconds
186.274: Application time: 0.0440780 seconds
186.274: [GC [PSYoungGen: 15135K->544K(15872K)] 31205K->16621K(45056K), 0.0004760 secs] [Times: user=0.00 sys=0.00, real=0.00 secs] 
186.275: Total time for which application threads were stopped: 0.0006030 seconds, Stopping threads took: 0.0000610 seconds
186.315: Application time: 0.0404880 seconds
186.316: [GC [PSYoungGen: 15389K->768K(15872K)] 31467K->17090K(45056K), 0.0006470 secs] [Times: user=0.00 sys=0.00, real=0.00 secs] 
186.316: Total time for which application threads were stopped: 0.0007650 seconds, Stopping threads took: 0.0000510 seconds
186.358: Application time: 0.0416600 seconds
186.358: [GC [PSYoungGen: 15614K->928K(16384K)] 31936K->17511K(45568K), 0.0005360 secs] [Times: user=0.00 sys=0.00, real=0.00 secs] 
186.359: Total time for which application threads were stopped: 0.0006570 seconds, Stopping threads took: 0.0000590 seconds
186.404: Application time: 0.0450330 seconds
186.404: [GC [PSYoungGen: 15773K->1024K(16384K)] 32356K->17811K(45568K), 0.0005590 secs] [Times: user=0.00 sys=0.00, real=0.01 secs] 
186.404: Total time for which application threads were stopped: 0.0006850 seconds, Stopping threads took: 0.0000560 seconds
186.455: Application time: 0.0509520 seconds
186.455: [GC [PSYoungGen: 15870K->832K(19456K)] 32658K->18028K(48640K), 0.0005340 secs] [Times: user=0.00 sys=0.00, real=0.00 secs] 
186.456: Total time for which application threads were stopped: 0.0006660 seconds, Stopping threads took: 0.0000680 seconds
186.538: Application time: 0.0823240 seconds
186.538: [GC [PSYoungGen: 18751K->512K(19456K)] 35948K->18033K(48640K), 0.0004950 secs] [Times: user=0.00 sys=0.00, real=0.00 secs] 
186.539: Total time for which application threads were stopped: 0.0006050 seconds, Stopping threads took: 0.0000480 seconds
186.624: Application time: 0.0851580 seconds
186.624: [GC [PSYoungGen: 18428K->0K(19456K)] 35949K->17937K(48640K), 0.0004640 secs] [Times: user=0.00 sys=0.00, real=0.00 secs] 
186.625: Total time for which application threads were stopped: 0.0006080 seconds, Stopping threads took: 0.0000810 seconds
186.708: Application time: 0.0830300 seconds
186.708: [GC [PSYoungGen: 17917K->416K(19456K)] 35855K->18353K(48640K), 0.0003960 secs] [Times: user=0.00 sys=0.00, real=0.00 secs] 
186.708: Total time for which application threads were stopped: 0.0005240 seconds, Stopping threads took: 0.0000590 seconds
186.789: Application time: 0.0809790 seconds
186.789: [GC [PSYoungGen: 18336K->640K(19456K)] 36273K->18797K(48640K), 0.0004860 secs] [Times: user=0.00 sys=0.00, real=0.00 secs] 
186.790: Total time for which application threads were stopped: 0.0006460 seconds, Stopping threads took: 0.0000950 seconds
186.872: Application time: 0.0824340 seconds
186.872: [GC [PSYoungGen: 18559K->672K(19456K)] 36717K->19295K(48640K), 0.0005200 secs] [Times: user=0.00 sys=0.00, real=0.00 secs] 
186.873: Total time for which application threads were stopped: 0.0006630 seconds, Stopping threads took: 0.0000750 seconds
186.960: Application time: 0.0875450 seconds
186.960: [GC [PSYoungGen: 18588K->0K(19456K)] 37211K->19176K(48640K), 0.0005230 secs] [Times: user=0.01 sys=0.00, real=0.00 secs] 
186.961: Total time for which application threads were stopped: 0.0006620 seconds, Stopping threads took: 0.0000710 seconds
187.049: Application time: 0.0878600 seconds
187.049: [GC [PSYoungGen: 17916K->0K(19456K)] 37092K->19176K(48640K), 0.0003820 secs] [Times: user=0.00 sys=0.00, real=0.00 secs] 
187.049: Total time for which application threads were stopped: 0.0005150 seconds, Stopping threads took: 0.0000690 seconds
187.139: Application time: 0.0892130 seconds
187.139: [GC [PSYoungGen: 17916K->0K(19456K)] 37092K->19176K(48640K), 0.0004180 secs] [Times: user=0.00 sys=0.00, real=0.00 secs] 
187.139: Total time for which application threads were stopped: 0.0005680 seconds, Stopping threads took: 0.0000790 seconds
187.227: Application time: 0.0879250 seconds
187.227: [GC [PSYoungGen: 17916K->0K(19456K)] 37092K->19176K(48640K), 0.0003850 secs] [Times: user=0.00 sys=0.00, real=0.00 secs] 
187.228: Total time for which application threads were stopped: 0.0005210 seconds, Stopping threads took: 0.0000630 seconds
187.317: Application time: 0.0891420 seconds
187.320: [GC [PSYoungGen: 17916K->0K(19456K)] 37092K->19176K(48640K), 0.0004180 secs] [Times: user=0.00 sys=0.00, real=0.00 secs] 
187.320: Total time for which application threads were stopped: 0.0035090 seconds, Stopping threads took: 0.0030250 seconds
187.408: Application time: 0.0877780 seconds
187.408: [GC [PSYoungGen: 17916K->0K(19456K)] 37092K->19176K(48640K), 0.0004010 secs] [Times: user=0.00 sys=0.00, real=0.00 secs] 
187.409: Total time for which application threads were stopped: 0.0005210 seconds, Stopping threads took: 0.0000580 seconds
187.477: Application time: 0.0688810 seconds
187.478: [GC [PSYoungGen: 17918K->352K(19456K)] 37094K->19528K(48640K), 0.0004320 secs] [Times: user=0.00 sys=0.00, real=0.00 secs] 
187.478: Total time for which application threads were stopped: 0.0005610 seconds, Stopping threads took: 0.0000660 seconds
187.540: Application time: 0.0618640 seconds
187.540: [GC [PSYoungGen: 18268K->480K(19456K)] 37444K->19664K(48640K), 0.0004690 secs] [Times: user=0.00 sys=0.00, real=0.00 secs] 
187.541: Total time for which application threads were stopped: 0.0005850 seconds, Stopping threads took: 0.0000490 seconds
187.624: Application time: 0.0838960 seconds
187.625: [GC [PSYoungGen: 18397K->576K(19456K)] 37581K->19776K(48640K), 0.0004450 secs] [Times: user=0.00 sys=0.00, real=0.00 secs] 
187.625: Total time for which application threads were stopped: 0.0005810 seconds, Stopping threads took: 0.0000720 seconds
187.712: Application time: 0.0868650 seconds
187.712: [GC [PSYoungGen: 18492K->0K(19456K)] 37692K->19601K(48640K), 0.0004910 secs] [Times: user=0.00 sys=0.00, real=0.00 secs] 
187.712: Total time for which application threads were stopped: 0.0006090 seconds, Stopping threads took: 0.0000520 seconds
187.799: Application time: 0.0867420 seconds
187.799: [GC [PSYoungGen: 17916K->0K(19456K)] 37517K->19601K(48640K), 0.0003960 secs] [Times: user=0.00 sys=0.00, real=0.00 secs] 
187.800: Total time for which application threads were stopped: 0.0005320 seconds, Stopping threads took: 0.0000620 seconds
187.887: Application time: 0.0868980 seconds
187.887: [GC [PSYoungGen: 17916K->0K(18432K)] 37517K->19601K(47616K), 0.0004040 secs] [Times: user=0.00 sys=0.00, real=0.00 secs] 
187.887: Total time for which application threads were stopped: 0.0005200 seconds, Stopping threads took: 0.0000510 seconds
187.970: Application time: 0.0825490 seconds
187.970: [GC [PSYoungGen: 17915K->576K(18432K)] 37517K->20177K(47616K), 0.0004300 secs] [Times: user=0.00 sys=0.00, real=0.00 secs] 
187.970: Total time for which application threads were stopped: 0.0005590 seconds, Stopping threads took: 0.0000640 seconds
188.056: Application time: 0.0853040 seconds
188.056: [GC [PSYoungGen: 17981K->0K(18944K)] 37583K->20077K(48128K), 0.0004750 secs] [Times: user=0.00 sys=0.00, real=0.00 secs] 
188.056: Total time for which application threads were stopped: 0.0006140 seconds, Stopping threads took: 0.0000750 seconds
188.129: Application time: 0.0726830 seconds
188.129: [GC [PSYoungGen: 17405K->384K(17920K)] 37483K->20461K(47104K), 0.0004580 secs] [Times: user=0.00 sys=0.00, real=0.00 secs] 
188.129: Total time for which application threads were stopped: 0.0005710 seconds, Stopping threads took: 0.0000470 seconds
188.178: Application time: 0.0488800 seconds
188.178: [GC [PSYoungGen: 17792K->624K(18432K)] 37869K->20749K(47616K), 0.0005300 secs] [Times: user=0.00 sys=0.00, real=0.00 secs] 
188.179: Total time for which application threads were stopped: 0.0006590 seconds, Stopping threads took: 0.0000620 seconds
188.235: Application time: 0.0557710 seconds
188.235: [GC [PSYoungGen: 18031K->928K(18944K)] 38157K->21162K(48128K), 0.0005180 secs] [Times: user=0.00 sys=0.00, real=0.00 secs] 
188.235: Total time for which application threads were stopped: 0.0006530 seconds, Stopping threads took: 0.0000720 seconds
188.281: Application time: 0.0451120 seconds
188.281: [GC [PSYoungGen: 18332K->960K(18944K)] 38566K->21787K(48128K), 0.0006170 secs] [Times: user=0.01 sys=0.00, real=0.00 secs] 
188.281: Total time for which application threads were stopped: 0.0007390 seconds, Stopping threads took: 0.0000510 seconds
188.340: Application time: 0.0587660 seconds
188.340: [GC [PSYoungGen: 18367K->992K(18944K)] 39194K->22043K(48128K), 0.0005710 secs] [Times: user=0.00 sys=0.00, real=0.00 secs] 
188.341: Total time for which application threads were stopped: 0.0006980 seconds, Stopping threads took: 0.0000530 seconds
188.420: Application time: 0.0796660 seconds
188.421: [GC [PSYoungGen: 18397K->480K(18944K)] 39449K->22024K(48128K), 0.0006270 secs] [Times: user=0.00 sys=0.00, real=0.00 secs] 
188.421: Total time for which application threads were stopped: 0.0007680 seconds, Stopping threads took: 0.0000770 seconds
188.504: Application time: 0.0828890 seconds
188.504: [GC [PSYoungGen: 17885K->0K(18944K)] 39430K->21945K(48128K), 0.0004520 secs] [Times: user=0.00 sys=0.00, real=0.00 secs] 
188.505: Total time for which application threads were stopped: 0.0005930 seconds, Stopping threads took: 0.0000770 seconds
188.581: Application time: 0.0766540 seconds
188.581: [GC [PSYoungGen: 17407K->384K(18944K)] 39353K->22329K(48128K), 0.0003550 secs] [Times: user=0.00 sys=0.00, real=0.00 secs] 
188.582: Total time for which application threads were stopped: 0.0004810 seconds, Stopping threads took: 0.0000680 seconds
188.654: Application time: 0.0723190 seconds
188.656: [GC [PSYoungGen: 17789K->480K(18944K)] 39735K->22641K(48128K), 0.0005180 secs] [Times: user=0.00 sys=0.00, real=0.00 secs] 
188.656: Total time for which application threads were stopped: 0.0022510 seconds, Stopping threads took: 0.0016750 seconds
188.729: Application time: 0.0724600 seconds
188.729: [GC [PSYoungGen: 17888K->736K(18944K)] 40049K->23318K(48128K), 0.0005220 secs] [Times: user=0.00 sys=0.00, real=0.00 secs] 
188.730: Total time for which application threads were stopped: 0.0006460 seconds, Stopping threads took: 0.0000590 seconds
188.807: Application time: 0.0777740 seconds
188.807: [GC [PSYoungGen: 18141K->352K(18944K)] 40724K->23478K(48128K), 0.0004910 secs] [Times: user=0.00 sys=0.00, real=0.00 secs] 
188.808: Total time for which application threads were stopped: 0.0006090 seconds, Stopping threads took: 0.0000570 seconds
188.885: Application time: 0.0774740 seconds
188.885: [GC [PSYoungGen: 17757K->0K(18944K)] 40884K->23342K(48128K), 0.0004130 secs] [Times: user=0.00 sys=0.00, real=0.00 secs] 
188.886: Total time for which application threads were stopped: 0.0005550 seconds, Stopping threads took: 0.0000710 seconds
188.963: Application time: 0.0774590 seconds
188.963: [GC [PSYoungGen: 17405K->0K(18944K)] 40748K->23342K(48128K), 0.0003760 secs] [Times: user=0.00 sys=0.00, real=0.01 secs] 
188.964: Total time for which application threads were stopped: 0.0004910 seconds, Stopping threads took: 0.0000480 seconds
189.041: Application time: 0.0773730 seconds
189.041: [GC [PSYoungGen: 17405K->0K(18944K)] 40748K->23342K(48128K), 0.0003800 secs] [Times: user=0.00 sys=0.00, real=0.00 secs] 
189.042: Total time for which application threads were stopped: 0.0005070 seconds, Stopping threads took: 0.0000630 seconds
189.119: Application time: 0.0775520 seconds
189.119: [GC [PSYoungGen: 17405K->0K(18944K)] 40748K->23342K(48128K), 0.0003700 secs] [Times: user=0.01 sys=0.00, real=0.00 secs] 
189.120: Total time for which application threads were stopped: 0.0005020 seconds, Stopping threads took: 0.0000710 seconds
189.197: Application time: 0.0776710 seconds
189.198: [GC [PSYoungGen: 17405K->0K(18944K)] 40748K->23342K(48128K), 0.0003470 secs] [Times: user=0.00 sys=0.00, real=0.00 secs] 
189.198: Total time for which application threads were stopped: 0.0004730 seconds, Stopping threads took: 0.0000620 seconds
189.269: Application time: 0.0711260 seconds
189.269: [GC [PSYoungGen: 17405K->384K(18944K)] 40747K->23726K(48128K), 0.0003960 secs] [Times: user=0.00 sys=0.00, real=0.00 secs] 
189.270: Total time for which application threads were stopped: 0.0005170 seconds, Stopping threads took: 0.0000580 seconds
189.324: Application time: 0.0548630 seconds
189.325: [GC [PSYoungGen: 17791K->544K(18944K)] 41133K->23902K(48128K), 0.0004260 secs] [Times: user=0.00 sys=0.00, real=0.00 secs] 
189.325: Total time for which application threads were stopped: 0.0005590 seconds, Stopping threads took: 0.0000690 seconds
189.389: Application time: 0.0638460 seconds
189.389: [GC [PSYoungGen: 17949K->640K(18944K)] 41308K->24022K(48128K), 0.0004400 secs] [Times: user=0.00 sys=0.00, real=0.00 secs] 
189.389: Total time for which application threads were stopped: 0.0005570 seconds, Stopping threads took: 0.0000490 seconds
189.465: Application time: 0.0751390 seconds
189.465: [GC [PSYoungGen: 18047K->352K(18944K)] 41430K->23955K(48128K), 0.0004360 secs] [Times: user=0.00 sys=0.00, real=0.00 secs] 
189.465: Total time for which application threads were stopped: 0.0005700 seconds, Stopping threads took: 0.0000710 seconds
189.541: Application time: 0.0763330 seconds
189.542: [GC [PSYoungGen: 17757K->0K(18944K)] 41360K->23807K(48128K), 0.0004220 secs] [Times: user=0.00 sys=0.00, real=0.00 secs] 
189.542: Total time for which application threads were stopped: 0.0005570 seconds, Stopping threads took: 0.0000700 seconds
189.618: Application time: 0.0764030 seconds
189.619: [GC [PSYoungGen: 17405K->0K(17920K)] 41213K->23807K(47104K), 0.0003870 secs] [Times: user=0.00 sys=0.00, real=0.00 secs] 
189.619: Total time for which application threads were stopped: 0.0005290 seconds, Stopping threads took: 0.0000760 seconds
189.694: Application time: 0.0749380 seconds
189.694: [GC [PSYoungGen: 17403K->368K(18432K)] 41211K->24175K(47616K), 0.0004030 secs] [Times: user=0.00 sys=0.00, real=0.00 secs] 
189.694: Total time for which application threads were stopped: 0.0005290 seconds, Stopping threads took: 0.0000650 seconds
189.770: Application time: 0.0752570 seconds
189.770: [GC [PSYoungGen: 17771K->352K(18432K)] 41579K->24535K(47616K), 0.0004830 secs] [Times: user=0.00 sys=0.00, real=0.00 secs] 
189.770: Total time for which application threads were stopped: 0.0006110 seconds, Stopping threads took: 0.0000660 seconds
189.847: Application time: 0.0764110 seconds
189.847: [GC [PSYoungGen: 17679K->256K(18432K)] 41863K->24692K(47616K), 0.0004470 secs] [Times: user=0.00 sys=0.00, real=0.00 secs] 
189.847: Total time for which application threads were stopped: 0.0005720 seconds, Stopping threads took: 0.0000620 seconds
189.895: Application time: 0.0473180 seconds
189.895: [GC [PSYoungGen: 17663K->672K(18432K)] 42099K->25116K(47616K), 0.0004910 secs] [Times: user=0.01 sys=0.00, real=0.00 secs] 
189.895: Total time for which application threads were stopped: 0.0006180 seconds, Stopping threads took: 0.0000600 seconds
189.950: Application time: 0.0549380 seconds
189.950: [GC [PSYoungGen: 18076K->640K(18432K)] 42521K->25337K(47616K), 0.0004690 secs] [Times: user=0.01 sys=0.00, real=0.00 secs] 
189.951: Total time for which application threads were stopped: 0.0005920 seconds, Stopping threads took: 0.0000620 seconds
189.989: Application time: 0.0381250 seconds
189.989: [GC [PSYoungGen: 18044K->992K(18432K)] 42741K->25897K(47616K), 0.0006150 secs] [Times: user=0.00 sys=0.00, real=0.00 secs] 
189.990: Total time for which application threads were stopped: 0.0007290 seconds, Stopping threads took: 0.0000490 seconds
190.036: Application time: 0.0468330 seconds
190.037: [GC [PSYoungGen: 18397K->800K(18944K)] 43302K->26318K(48128K), 0.0005770 secs] [Times: user=0.00 sys=0.00, real=0.00 secs] 
190.037: Total time for which application threads were stopped: 0.0006970 seconds, Stopping threads took: 0.0000610 seconds
190.104: Application time: 0.0668690 seconds
190.108: [GC [PSYoungGen: 18208K->976K(18944K)] 43726K->26590K(48128K), 0.0005440 secs] [Times: user=0.00 sys=0.00, real=0.00 secs] 
190.109: Total time for which application threads were stopped: 0.0044740 seconds, Stopping threads took: 0.0038610 seconds
190.184: Application time: 0.0750140 seconds
190.184: [GC [PSYoungGen: 18383K->320K(18944K)] 43998K->26572K(48128K), 0.0005680 secs] [Times: user=0.01 sys=0.00, real=0.01 secs] 
190.184: Total time for which application threads were stopped: 0.0006950 seconds, Stopping threads took: 0.0000670 seconds
190.260: Application time: 0.0753710 seconds
190.260: [GC [PSYoungGen: 17725K->0K(18944K)] 43978K->26476K(48128K), 0.0004060 secs] [Times: user=0.00 sys=0.00, real=0.00 secs] 
190.260: Total time for which application threads were stopped: 0.0005220 seconds, Stopping threads took: 0.0000530 seconds
190.333: Application time: 0.0730750 seconds
190.333: [GC [PSYoungGen: 17406K->544K(18944K)] 43882K->27020K(48128K), 0.0004940 secs] [Times: user=0.00 sys=0.00, real=0.00 secs] 
190.334: Total time for which application threads were stopped: 0.0006060 seconds, Stopping threads took: 0.0000460 seconds
190.406: Application time: 0.0719300 seconds
190.406: [GC [PSYoungGen: 17951K->736K(18944K)] 44427K->27613K(48128K), 0.0005240 secs] [Times: user=0.00 sys=0.00, real=0.00 secs] 
190.406: Total time for which application threads were stopped: 0.0006470 seconds, Stopping threads took: 0.0000530 seconds
190.481: Application time: 0.0749690 seconds
190.481: [GC [PSYoungGen: 18143K->480K(18944K)] 45021K->27766K(48128K), 0.0006460 secs] [Times: user=0.00 sys=0.00, real=0.00 secs] 
190.482: Total time for which application threads were stopped: 0.0007980 seconds, Stopping threads took: 0.0000850 seconds
190.559: Application time: 0.0769800 seconds
190.559: [GC [PSYoungGen: 17885K->0K(18944K)] 45172K->27827K(48128K), 0.0004670 secs] [Times: user=0.01 sys=0.00, real=0.00 secs] 
190.560: Total time for which application threads were stopped: 0.0006050 seconds, Stopping threads took: 0.0000780 seconds
190.637: Application time: 0.0773220 seconds
190.637: [GC [PSYoungGen: 17405K->0K(18944K)] 45233K->27827K(48128K), 0.0003750 secs] [Times: user=0.00 sys=0.00, real=0.00 secs] 
190.638: Total time for which application threads were stopped: 0.0004990 seconds, Stopping threads took: 0.0000600 seconds
190.715: Application time: 0.0773830 seconds
190.715: [GC [PSYoungGen: 17405K->0K(18944K)] 45233K->27827K(48128K), 0.0003520 secs] [Times: user=0.00 sys=0.00, real=0.00 secs] 
190.715: Total time for which application threads were stopped: 0.0004940 seconds, Stopping threads took: 0.0000730 seconds
190.793: Application time: 0.0774990 seconds
190.793: [GC [PSYoungGen: 17405K->0K(18944K)] 45233K->27827K(48128K), 0.0003650 secs] [Times: user=0.00 sys=0.00, real=0.00 secs] 
190.793: Total time for which application threads were stopped: 0.0004820 seconds, Stopping threads took: 0.0000550 seconds
190.871: Application time: 0.0776560 seconds
190.871: [GC [PSYoungGen: 17405K->0K(18944K)] 45233K->27827K(48128K), 0.0004280 secs] [Times: user=0.00 sys=0.00, real=0.00 secs] 
190.872: Total time for which application threads were stopped: 0.0005350 seconds, Stopping threads took: 0.0000460 seconds
190.949: Application time: 0.0773270 seconds
190.949: [GC [PSYoungGen: 17405K->0K(18944K)] 45233K->27827K(48128K), 0.0004720 secs] [Times: user=0.00 sys=0.00, real=0.00 secs] 
190.950: Total time for which application threads were stopped: 0.0006060 seconds, Stopping threads took: 0.0000590 seconds
191.005: Application time: 0.0553960 seconds
191.008: [GC [PSYoungGen: 17404K->544K(18944K)] 45231K->28371K(48128K), 0.0004390 secs] [Times: user=0.01 sys=0.00, real=0.00 secs] 
191.008: Total time for which application threads were stopped: 0.0033570 seconds, Stopping threads took: 0.0028500 seconds
191.067: Application time: 0.0588310 seconds
191.067: [GC [PSYoungGen: 17950K->512K(18944K)] 45778K->28347K(48128K), 0.0004090 secs] [Times: user=0.00 sys=0.00, real=0.00 secs] 
191.068: Total time for which application threads were stopped: 0.0005270 seconds, Stopping threads took: 0.0000560 seconds
191.142: Application time: 0.0741900 seconds
191.142: [GC [PSYoungGen: 17917K->576K(18944K)] 45752K->28427K(48128K), 0.0005610 secs] [Times: user=0.00 sys=0.00, real=0.00 secs] 
191.144: Total time for which application threads were stopped: 0.0016570 seconds, Stopping threads took: 0.0000640 seconds
191.220: Application time: 0.0764880 seconds
191.220: [GC [PSYoungGen: 17981K->0K(18944K)] 45833K->28268K(48128K), 0.0004300 secs] [Times: user=0.00 sys=0.00, real=0.00 secs] 
191.221: Total time for which application threads were stopped: 0.0005790 seconds, Stopping threads took: 0.0000850 seconds
191.297: Application time: 0.0764950 seconds
191.297: [GC [PSYoungGen: 17405K->0K(18944K)] 45674K->28268K(48128K), 0.0003830 secs] [Times: user=0.00 sys=0.00, real=0.00 secs] 
191.298: Total time for which application threads were stopped: 0.0005190 seconds, Stopping threads took: 0.0000730 seconds
191.374: Application time: 0.0766570 seconds
191.374: [GC [PSYoungGen: 17405K->0K(18944K)] 45674K->28268K(48128K), 0.0003680 secs] [Times: user=0.00 sys=0.00, real=0.00 secs] 
191.375: Total time for which application threads were stopped: 0.0004940 seconds, Stopping threads took: 0.0000650 seconds
191.448: Application time: 0.0727650 seconds
191.448: [GC [PSYoungGen: 17406K->576K(18944K)] 45674K->28844K(48128K), 0.0004540 secs] [Times: user=0.01 sys=0.00, real=0.00 secs] 
191.448: Total time for which application threads were stopped: 0.0005890 seconds, Stopping threads took: 0.0000730 seconds
191.526: Application time: 0.0783060 seconds
191.527: [GC [PSYoungGen: 17979K->0K(18944K)] 46248K->28736K(48128K), 0.0004460 secs] [Times: user=0.00 sys=0.00, real=0.00 secs] 
191.527: [Full GC [PSYoungGen: 0K->0K(18944K)] [ParOldGen: 28736K->4410K(28672K)] 28736K->4410K(47616K) [PSPermGen: 5577K->5577K(21504K)], 0.0056720 secs] [Times: user=0.03 sys=0.00, real=0.01 secs] 
191.533: Total time for which application threads were stopped: 0.0062930 seconds, Stopping threads took: 0.0000500 seconds
191.595: Application time: 0.0623400 seconds
191.596: [GC [PSYoungGen: 17407K->544K(18944K)] 21818K->4954K(47616K), 0.0004030 secs] [Times: user=0.00 sys=0.00, real=0.00 secs] 
191.596: Total time for which application threads were stopped: 0.0012210 seconds, Stopping threads took: 0.0007570 seconds
191.649: Application time: 0.0527320 seconds
191.649: [GC [PSYoungGen: 17949K->512K(18944K)] 22360K->4978K(47616K), 0.0004200 secs] [Times: user=0.00 sys=0.00, real=0.00 secs] 
191.650: Total time for which application threads were stopped: 0.0005380 seconds, Stopping threads took: 0.0000540 seconds
191.701: Application time: 0.0516540 seconds
191.701: [GC [PSYoungGen: 17916K->1152K(18944K)] 22383K->5666K(47616K), 0.0005210 secs] [Times: user=0.01 sys=0.00, real=0.00 secs] 
191.702: Total time for which application threads were stopped: 0.0006380 seconds, Stopping threads took: 0.0000530 seconds
191.738: Application time: 0.0361290 seconds
191.738: [GC [PSYoungGen: 18557K->736K(18944K)] 23072K->5692K(47616K), 0.0005780 secs] [Times: user=0.00 sys=0.00, real=0.00 secs] 
191.739: Total time for which application threads were stopped: 0.0007100 seconds, Stopping threads took: 0.0000690 seconds
191.795: Application time: 0.0566220 seconds
191.795: [GC [PSYoungGen: 18139K->976K(18944K)] 23095K->6144K(47616K), 0.0004980 secs] [Times: user=0.01 sys=0.00, real=0.00 secs] 
191.796: Total time for which application threads were stopped: 0.0006170 seconds, Stopping threads took: 0.0000610 seconds
191.867: Application time: 0.0715420 seconds
191.868: [GC [PSYoungGen: 18383K->704K(18944K)] 23551K->6184K(47616K), 0.0005090 secs] [Times: user=0.00 sys=0.00, real=0.00 secs] 
191.868: Total time for which application threads were stopped: 0.0006380 seconds, Stopping threads took: 0.0000670 seconds
191.944: Application time: 0.0761900 seconds
191.944: [GC [PSYoungGen: 18109K->0K(18944K)] 23590K->6089K(47616K), 0.0004500 secs] [Times: user=0.00 sys=0.00, real=0.00 secs] 
191.945: Total time for which application threads were stopped: 0.0005720 seconds, Stopping threads took: 0.0000610 seconds
192.018: Application time: 0.0729870 seconds
192.018: [GC [PSYoungGen: 17405K->544K(18944K)] 23495K->6633K(47616K), 0.0004170 secs] [Times: user=0.00 sys=0.00, real=0.00 secs] 
192.018: Total time for which application threads were stopped: 0.0005360 seconds, Stopping threads took: 0.0000550 seconds
192.093: Application time: 0.0742350 seconds
192.093: [GC [PSYoungGen: 17951K->512K(18944K)] 24041K->6814K(47616K), 0.0004630 secs] [Times: user=0.01 sys=0.00, real=0.00 secs] 
192.093: Total time for which application threads were stopped: 0.0005910 seconds, Stopping threads took: 0.0000510 seconds
192.164: Application time: 0.0707230 seconds
192.164: [GC [PSYoungGen: 17918K->896K(18944K)] 24220K->7414K(47616K), 0.0004970 secs] [Times: user=0.01 sys=0.00, real=0.00 secs] 
192.165: Total time for which application threads were stopped: 0.0006410 seconds, Stopping threads took: 0.0000780 seconds
192.242: Application time: 0.0775820 seconds
192.242: [GC [PSYoungGen: 18301K->0K(18944K)] 24820K->7328K(47616K), 0.0004930 secs] [Times: user=0.01 sys=0.00, real=0.00 secs] 
192.243: Total time for which application threads were stopped: 0.0006090 seconds, Stopping threads took: 0.0000510 seconds
192.321: Application time: 0.0777870 seconds
192.321: [GC [PSYoungGen: 17405K->0K(18944K)] 24734K->7328K(47616K), 0.0003830 secs] [Times: user=0.00 sys=0.00, real=0.00 secs] 
192.321: Total time for which application threads were stopped: 0.0004960 seconds, Stopping threads took: 0.0000510 seconds
192.400: Application time: 0.0784490 seconds
192.400: [GC [PSYoungGen: 17405K->0K(18944K)] 24734K->7328K(47616K), 0.0003510 secs] [Times: user=0.00 sys=0.01, real=0.00 secs] 
192.400: Total time for which application threads were stopped: 0.0004850 seconds, Stopping threads took: 0.0000690 seconds
192.478: Application time: 0.0778380 seconds
192.478: [GC [PSYoungGen: 17405K->0K(18944K)] 24734K->7328K(47616K), 0.0003350 secs] [Times: user=0.01 sys=0.00, real=0.00 secs] 
192.478: Total time for which application threads were stopped: 0.0004620 seconds, Stopping threads took: 0.0000660 seconds
192.557: Application time: 0.0782250 seconds
192.557: [GC [PSYoungGen: 17405K->0K(18944K)] 24734K->7328K(47616K), 0.0003660 secs] [Times: user=0.00 sys=0.00, real=0.00 secs] 
192.557: Total time for which application threads were stopped: 0.0004930 seconds, Stopping threads took: 0.0000620 seconds
192.635: Application time: 0.0781820 seconds
192.635: [GC [PSYoungGen: 17405K->0K(18944K)] 24734K->7328K(47616K), 0.0003570 secs] [Times: user=0.00 sys=0.00, real=0.00 secs] 
192.636: Total time for which application threads were stopped: 0.0004870 seconds, Stopping threads took: 0.0000590 seconds
192.712: Application time: 0.0763560 seconds
192.712: [GC [PSYoungGen: 17407K->352K(18944K)] 24736K->7680K(47616K), 0.0003650 secs] [Times: user=0.01 sys=0.00, real=0.00 secs] 
192.713: Total time for which application threads were stopped: 0.0004900 seconds, Stopping threads took: 0.0000590 seconds
192.757: Application time: 0.0439820 seconds
192.757: [GC [PSYoungGen: 17759K->544K(18944K)] 25087K->7896K(47616K), 0.0003970 secs] [Times: user=0.00 sys=0.00, real=0.00 secs] 
192.757: Total time for which application threads were stopped: 0.0005160 seconds, Stopping threads took: 0.0000580 seconds
192.828: Application time: 0.0706640 seconds
192.828: [GC [PSYoungGen: 17947K->544K(18944K)] 25300K->7920K(47616K), 0.0004090 secs] [Times: user=0.00 sys=0.00, real=0.00 secs] 
192.828: Total time for which application threads were stopped: 0.0005600 seconds, Stopping threads took: 0.0000870 seconds
192.905: Application time: 0.0762080 seconds
192.905: [GC [PSYoungGen: 17947K->352K(18944K)] 25324K->7957K(47616K), 0.0004160 secs] [Times: user=0.00 sys=0.00, real=0.00 secs] 
192.905: Total time for which application threads were stopped: 0.0005530 seconds, Stopping threads took: 0.0000720 seconds
192.982: Application time: 0.0769370 seconds
192.982: [GC [PSYoungGen: 17757K->0K(18944K)] 25362K->7833K(47616K), 0.0003790 secs] [Times: user=0.00 sys=0.00, real=0.00 secs] 
192.983: Total time for which application threads were stopped: 0.0005160 seconds, Stopping threads took: 0.0000710 seconds
193.060: Application time: 0.0769840 seconds
193.060: [GC [PSYoungGen: 17405K->0K(18944K)] 25239K->7833K(47616K), 0.0003630 secs] [Times: user=0.00 sys=0.00, real=0.00 secs] 
193.060: Total time for which application threads were stopped: 0.0004880 seconds, Stopping threads took: 0.0000630 seconds
193.137: Application time: 0.0769920 seconds
193.137: [GC [PSYoungGen: 17406K->352K(17920K)] 25239K->8185K(46592K), 0.0004050 secs] [Times: user=0.00 sys=0.00, real=0.00 secs] 
193.138: Total time for which application threads were stopped: 0.0005420 seconds, Stopping threads took: 0.0000700 seconds
193.212: Application time: 0.0745600 seconds
193.212: [GC [PSYoungGen: 17759K->544K(17920K)] 25593K->8433K(46592K), 0.0004510 secs] [Times: user=0.00 sys=0.00, real=0.00 secs] 
193.213: Total time for which application threads were stopped: 0.0005740 seconds, Stopping threads took: 0.0000550 seconds
193.284: Application time: 0.0709660 seconds
193.284: [GC [PSYoungGen: 17439K->352K(17408K)] 25329K->8690K(46080K), 0.0004900 secs] [Times: user=0.00 sys=0.00, real=0.01 secs] 
193.284: Total time for which application threads were stopped: 0.0005980 seconds, Stopping threads took: 0.0000460 seconds
193.329: Application time: 0.0451340 seconds
193.329: [GC [PSYoungGen: 17244K->608K(17920K)] 25583K->8954K(46592K), 0.0004290 secs] [Times: user=0.00 sys=0.00, real=0.00 secs] 
193.330: Total time for which application threads were stopped: 0.0005440 seconds, Stopping threads took: 0.0000540 seconds
193.398: Application time: 0.0685250 seconds
193.399: [GC [PSYoungGen: 17499K->576K(17920K)] 25846K->8978K(46592K), 0.0004360 secs] [Times: user=0.00 sys=0.00, real=0.00 secs] 
193.399: Total time for which application threads were stopped: 0.0005590 seconds, Stopping threads took: 0.0000650 seconds
193.445: Application time: 0.0459740 seconds
193.445: [GC [PSYoungGen: 17468K->896K(18432K)] 25870K->9551K(47104K), 0.0005150 secs] [Times: user=0.00 sys=0.00, real=0.00 secs] 
193.446: Total time for which application threads were stopped: 0.0006440 seconds, Stopping threads took: 0.0000670 seconds
193.481: Application time: 0.0352870 seconds
193.482: [GC [PSYoungGen: 17788K->992K(18432K)] 26443K->9859K(47104K), 0.0005670 secs] [Times: user=0.00 sys=0.00, real=0.00 secs] 
193.482: Total time for which application threads were stopped: 0.0014320 seconds, Stopping threads took: 0.0007880 seconds
193.542: Application time: 0.0593290 seconds
193.542: [GC [PSYoungGen: 17886K->928K(18432K)] 26754K->9924K(47104K), 0.0004880 secs] [Times: user=0.01 sys=0.00, real=0.00 secs] 
193.542: Total time for which application threads were stopped: 0.0005950 seconds, Stopping threads took: 0.0000480 seconds
193.613: Application time: 0.0705510 seconds
193.613: [GC [PSYoungGen: 17823K->576K(18432K)] 26819K->10005K(47104K), 0.0004610 secs] [Times: user=0.00 sys=0.00, real=0.00 secs] 
193.613: Total time for which application threads were stopped: 0.0005730 seconds, Stopping threads took: 0.0000510 seconds
193.686: Application time: 0.0729350 seconds
193.686: [GC [PSYoungGen: 17469K->0K(18432K)] 26898K->9841K(47104K), 0.0004660 secs] [Times: user=0.01 sys=0.00, real=0.00 secs] 
193.687: Total time for which application threads were stopped: 0.0005900 seconds, Stopping threads took: 0.0000510 seconds
193.757: Application time: 0.0700540 seconds
193.757: [GC [PSYoungGen: 16895K->576K(18432K)] 26737K->10417K(47104K), 0.0004180 secs] [Times: user=0.01 sys=0.00, real=0.00 secs] 
193.758: Total time for which application threads were stopped: 0.0005620 seconds, Stopping threads took: 0.0000800 seconds
193.831: Application time: 0.0738970 seconds
193.832: [GC [PSYoungGen: 17469K->0K(18432K)] 27311K->10258K(47104K), 0.0004080 secs] [Times: user=0.00 sys=0.01, real=0.01 secs] 
193.832: Total time for which application threads were stopped: 0.0005520 seconds, Stopping threads took: 0.0000800 seconds
193.900: Application time: 0.0681500 seconds
193.900: [GC [PSYoungGen: 16892K->928K(18432K)] 27151K->11186K(47104K), 0.0004940 secs] [Times: user=0.00 sys=0.00, real=0.00 secs] 
193.901: Total time for which application threads were stopped: 0.0006030 seconds, Stopping threads took: 0.0000420 seconds
193.976: Application time: 0.0757020 seconds
193.977: [GC [PSYoungGen: 17823K->224K(18432K)] 28082K->11075K(47104K), 0.0005230 secs] [Times: user=0.01 sys=0.00, real=0.00 secs] 
193.977: Total time for which application threads were stopped: 0.0006710 seconds, Stopping threads took: 0.0000840 seconds
194.052: Application time: 0.0750620 seconds
194.052: [GC [PSYoungGen: 17119K->0K(18432K)] 27971K->11072K(47104K), 0.0004040 secs] [Times: user=0.00 sys=0.00, real=0.00 secs] 
194.053: Total time for which application threads were stopped: 0.0005390 seconds, Stopping threads took: 0.0000690 seconds
194.128: Application time: 0.0755590 seconds
194.128: [GC [PSYoungGen: 16896K->0K(18432K)] 27968K->11072K(47104K), 0.0004270 secs] [Times: user=0.00 sys=0.00, real=0.00 secs] 
194.129: Total time for which application threads were stopped: 0.0005480 seconds, Stopping threads took: 0.0000570 seconds
194.205: Application time: 0.0756850 seconds
194.205: [GC [PSYoungGen: 16896K->0K(18432K)] 27968K->11072K(47104K), 0.0004530 secs] [Times: user=0.00 sys=0.00, real=0.00 secs] 
194.205: Total time for which application threads were stopped: 0.0005770 seconds, Stopping threads took: 0.0000570 seconds
194.281: Application time: 0.0757390 seconds
194.281: [GC [PSYoungGen: 16893K->0K(18432K)] 27965K->11072K(47104K), 0.0004100 secs] [Times: user=0.00 sys=0.00, real=0.00 secs] 
194.281: Total time for which application threads were stopped: 0.0005250 seconds, Stopping threads took: 0.0000480 seconds
194.357: Application time: 0.0757560 seconds
194.357: [GC [PSYoungGen: 16896K->0K(18432K)] 27968K->11072K(47104K), 0.0003230 secs] [Times: user=0.00 sys=0.00, real=0.00 secs] 
194.358: Total time for which application threads were stopped: 0.0004360 seconds, Stopping threads took: 0.0000530 seconds
194.438: Application time: 0.0803340 seconds
194.439: [GC [PSYoungGen: 16894K->256K(18432K)] 27966K->11328K(47104K), 0.0003950 secs] [Times: user=0.00 sys=0.00, real=0.00 secs] 
194.440: Total time for which application threads were stopped: 0.0017420 seconds, Stopping threads took: 0.0012830 seconds
194.489: Application time: 0.0497410 seconds
194.489: [GC [PSYoungGen: 17149K->480K(18432K)] 28221K->11568K(47104K), 0.0004280 secs] [Times: user=0.00 sys=0.00, real=0.00 secs] 
194.490: Total time for which application threads were stopped: 0.0005450 seconds, Stopping threads took: 0.0000530 seconds
194.552: Application time: 0.0622740 seconds
194.552: [GC [PSYoungGen: 17373K->448K(18432K)] 28462K->11544K(47104K), 0.0004620 secs] [Times: user=0.00 sys=0.00, real=0.00 secs] 
194.553: Total time for which application threads were stopped: 0.0005770 seconds, Stopping threads took: 0.0000520 seconds
194.626: Application time: 0.0731480 seconds
194.626: [GC [PSYoungGen: 17340K->512K(18432K)] 28437K->11632K(47104K), 0.0003990 secs] [Times: user=0.00 sys=0.00, real=0.00 secs] 
194.626: Total time for which application threads were stopped: 0.0005110 seconds, Stopping threads took: 0.0000520 seconds
194.701: Application time: 0.0742890 seconds
194.701: [GC [PSYoungGen: 17405K->0K(18432K)] 28526K->11533K(47104K), 0.0004020 secs] [Times: user=0.01 sys=0.00, real=0.00 secs] 
194.701: Total time for which application threads were stopped: 0.0005160 seconds, Stopping threads took: 0.0000550 seconds
194.775: Application time: 0.0740490 seconds
194.775: [GC [PSYoungGen: 16895K->0K(18432K)] 28428K->11533K(47104K), 0.0003610 secs] [Times: user=0.00 sys=0.00, real=0.00 secs] 
194.776: Total time for which application threads were stopped: 0.0005070 seconds, Stopping threads took: 0.0000680 seconds
194.852: Application time: 0.0758720 seconds
194.852: [GC [PSYoungGen: 16896K->0K(17408K)] 28429K->11533K(46080K), 0.0004280 secs] [Times: user=0.00 sys=0.00, real=0.00 secs] 
194.852: Total time for which application threads were stopped: 0.0005550 seconds, Stopping threads took: 0.0000560 seconds
194.923: Application time: 0.0704780 seconds
194.923: [GC [PSYoungGen: 16892K->576K(17920K)] 28425K->12109K(46592K), 0.0004760 secs] [Times: user=0.00 sys=0.00, real=0.00 secs] 
194.923: Total time for which application threads were stopped: 0.0006140 seconds, Stopping threads took: 0.0000720 seconds
194.992: Application time: 0.0689000 seconds
194.992: [GC [PSYoungGen: 17368K->320K(17408K)] 28901K->12325K(46080K), 0.0004740 secs] [Times: user=0.00 sys=0.00, real=0.00 secs] 
194.993: Total time for which application threads were stopped: 0.0006250 seconds, Stopping threads took: 0.0000910 seconds
195.043: Application time: 0.0497110 seconds
195.043: [GC [PSYoungGen: 17212K->512K(17920K)] 29217K->12581K(46592K), 0.0004270 secs] [Times: user=0.00 sys=0.00, real=0.00 secs] 
195.043: Total time for which application threads were stopped: 0.0006270 seconds, Stopping threads took: 0.0001330 seconds
195.108: Application time: 0.0646730 seconds
195.108: [GC [PSYoungGen: 17407K->544K(17408K)] 29476K->12629K(46080K), 0.0004630 secs] [Times: user=0.00 sys=0.00, real=0.00 secs] 
195.108: Total time for which application threads were stopped: 0.0005850 seconds, Stopping threads took: 0.0000590 seconds
195.161: Application time: 0.0520800 seconds
195.161: [GC [PSYoungGen: 16923K->736K(17920K)] 29009K->13065K(46592K), 0.0004940 secs] [Times: user=0.00 sys=0.00, real=0.00 secs] 
195.161: Total time for which application threads were stopped: 0.0006020 seconds, Stopping threads took: 0.0000460 seconds
195.193: Application time: 0.0319710 seconds
195.193: [GC [PSYoungGen: 17118K->960K(17920K)] 29448K->13502K(46592K), 0.0005470 secs] [Times: user=0.01 sys=0.00, real=0.00 secs] 
195.194: Total time for which application threads were stopped: 0.0006650 seconds, Stopping threads took: 0.0000550 seconds
195.242: Application time: 0.0483370 seconds
195.242: [GC [PSYoungGen: 17340K->912K(17920K)] 29882K->13542K(46592K), 0.0005110 secs] [Times: user=0.00 sys=0.00, real=0.00 secs] 
195.243: Total time for which application threads were stopped: 0.0006480 seconds, Stopping threads took: 0.0000710 seconds
195.310: Application time: 0.0670890 seconds
195.310: [GC [PSYoungGen: 17293K->672K(17920K)] 29923K->13574K(46592K), 0.0005400 secs] [Times: user=0.00 sys=0.00, real=0.00 secs] 
195.311: Total time for which application threads were stopped: 0.0006870 seconds, Stopping threads took: 0.0000740 seconds
195.382: Application time: 0.0712820 seconds
195.382: [GC [PSYoungGen: 17055K->0K(17920K)] 29958K->13644K(46592K), 0.0004630 secs] [Times: user=0.00 sys=0.00, real=0.00 secs] 
195.382: Total time for which application threads were stopped: 0.0005960 seconds, Stopping threads took: 0.0000700 seconds
195.451: Application time: 0.0686170 seconds
195.451: [GC [PSYoungGen: 16383K->544K(17920K)] 30027K->14188K(46592K), 0.0004000 secs] [Times: user=0.00 sys=0.00, real=0.00 secs] 
195.452: Total time for which application threads were stopped: 0.0005430 seconds, Stopping threads took: 0.0000830 seconds
195.523: Application time: 0.0709650 seconds
195.523: [GC [PSYoungGen: 16927K->352K(17920K)] 30571K->14224K(46592K), 0.0004090 secs] [Times: user=0.00 sys=0.00, real=0.00 secs] 
195.523: Total time for which application threads were stopped: 0.0005330 seconds, Stopping threads took: 0.0000640 seconds
195.591: Application time: 0.0681130 seconds
195.591: [GC [PSYoungGen: 16734K->576K(17920K)] 30606K->14669K(46592K), 0.0004430 secs] [Times: user=0.00 sys=0.00, real=0.01 secs] 
195.592: Total time for which application threads were stopped: 0.0005590 seconds, Stopping threads took: 0.0000490 seconds
195.661: Application time: 0.0689760 seconds
195.661: [GC [PSYoungGen: 16955K->576K(17920K)] 31048K->15086K(46592K), 0.0004720 secs] [Times: user=0.00 sys=0.00, real=0.00 secs] 
195.661: Total time for which application threads were stopped: 0.0006130 seconds, Stopping threads took: 0.0000750 seconds
195.735: Application time: 0.0731960 seconds
195.735: [GC [PSYoungGen: 16957K->0K(17920K)] 31468K->14930K(46592K), 0.0004450 secs] [Times: user=0.01 sys=0.00, real=0.00 secs] 
195.735: Total time for which application threads were stopped: 0.0005720 seconds, Stopping threads took: 0.0000510 seconds
195.808: Application time: 0.0732620 seconds
195.809: [GC [PSYoungGen: 16383K->0K(17920K)] 31314K->14930K(46592K), 0.0003500 secs] [Times: user=0.00 sys=0.00, real=0.00 secs] 
195.809: Total time for which application threads were stopped: 0.0004720 seconds, Stopping threads took: 0.0000580 seconds
195.882: Application time: 0.0732820 seconds
195.882: [GC [PSYoungGen: 16381K->0K(17920K)] 31312K->14930K(46592K), 0.0003690 secs] [Times: user=0.00 sys=0.00, real=0.00 secs] 
195.883: Total time for which application threads were stopped: 0.0004900 seconds, Stopping threads took: 0.0000480 seconds
195.956: Application time: 0.0735190 seconds
195.956: [GC [PSYoungGen: 16384K->0K(17920K)] 31314K->14930K(46592K), 0.0003580 secs] [Times: user=0.00 sys=0.00, real=0.00 secs] 
195.957: Total time for which application threads were stopped: 0.0004750 seconds, Stopping threads took: 0.0000490 seconds
196.030: Application time: 0.0734490 seconds
196.030: [GC [PSYoungGen: 16383K->0K(17920K)] 31314K->14930K(46592K), 0.0003470 secs] [Times: user=0.00 sys=0.00, real=0.00 secs] 
196.031: Total time for which application threads were stopped: 0.0004740 seconds, Stopping threads took: 0.0000670 seconds
196.104: Application time: 0.0734410 seconds
196.104: [GC [PSYoungGen: 16381K->0K(17920K)] 31312K->14930K(46592K), 0.0003660 secs] [Times: user=0.00 sys=0.00, real=0.00 secs] 
196.105: Total time for which application threads were stopped: 0.0004820 seconds, Stopping threads took: 0.0000520 seconds
196.178: Application time: 0.0730260 seconds
196.178: [GC [PSYoungGen: 16379K->256K(16896K)] 31310K->15186K(45568K), 0.0004630 secs] [Times: user=0.00 sys=0.00, real=0.00 secs] 
196.179: Total time for which application threads were stopped: 0.0017440 seconds, Stopping threads took: 0.0000540 seconds
196.225: Application time: 0.0461830 seconds
196.226: [GC [PSYoungGen: 16639K->544K(17408K)] 31570K->15490K(46080K), 0.0004270 secs] [Times: user=0.00 sys=0.00, real=0.00 secs] 
196.226: Total time for which application threads were stopped: 0.0005420 seconds, Stopping threads took: 0.0000570 seconds
196.286: Application time: 0.0599790 seconds
196.286: [GC [PSYoungGen: 16925K->352K(17408K)] 31872K->15527K(46080K), 0.0004150 secs] [Times: user=0.00 sys=0.00, real=0.00 secs] 
196.287: Total time for which application threads were stopped: 0.0005720 seconds, Stopping threads took: 0.0000930 seconds
196.357: Application time: 0.0708640 seconds
196.358: [GC [PSYoungGen: 16735K->576K(17408K)] 31911K->15767K(46080K), 0.0004220 secs] [Times: user=0.00 sys=0.00, real=0.00 secs] 
196.358: Total time for which application threads were stopped: 0.0005570 seconds, Stopping threads took: 0.0000730 seconds
196.430: Application time: 0.0721910 seconds
196.430: [GC [PSYoungGen: 16957K->0K(17408K)] 32149K->15600K(46080K), 0.0004270 secs] [Times: user=0.00 sys=0.00, real=0.00 secs] 
196.431: Total time for which application threads were stopped: 0.0005620 seconds, Stopping threads took: 0.0000640 seconds
196.503: Application time: 0.0726670 seconds
196.504: [GC [PSYoungGen: 16383K->0K(17408K)] 31984K->15600K(46080K), 0.0004130 secs] [Times: user=0.00 sys=0.00, real=0.01 secs] 
196.504: Total time for which application threads were stopped: 0.0005330 seconds, Stopping threads took: 0.0000570 seconds
196.577: Application time: 0.0727590 seconds
196.577: [GC [PSYoungGen: 16383K->0K(17408K)] 31984K->15600K(46080K), 0.0003540 secs] [Times: user=0.00 sys=0.00, real=0.00 secs] 
196.577: Total time for which application threads were stopped: 0.0004870 seconds, Stopping threads took: 0.0000700 seconds
196.646: Application time: 0.0684470 seconds
196.646: [GC [PSYoungGen: 16382K->512K(17408K)] 31982K->16112K(46080K), 0.0004230 secs] [Times: user=0.00 sys=0.00, real=0.00 secs] 
196.646: Total time for which application threads were stopped: 0.0005370 seconds, Stopping threads took: 0.0000510 seconds
196.716: Application time: 0.0696920 seconds
196.716: [GC [PSYoungGen: 16891K->320K(17408K)] 32492K->16397K(46080K), 0.0004590 secs] [Times: user=0.00 sys=0.00, real=0.00 secs] 
196.716: Total time for which application threads were stopped: 0.0005870 seconds, Stopping threads took: 0.0000680 seconds
196.761: Application time: 0.0442740 seconds
196.761: [GC [PSYoungGen: 16703K->560K(17408K)] 32780K->16645K(46080K), 0.0004220 secs] [Times: user=0.01 sys=0.00, real=0.00 secs] 
196.761: Total time for which application threads were stopped: 0.0005650 seconds, Stopping threads took: 0.0000770 seconds
196.824: Application time: 0.0622250 seconds
196.824: [GC [PSYoungGen: 16851K->384K(17408K)] 32937K->16525K(46080K), 0.0004570 secs] [Times: user=0.00 sys=0.00, real=0.01 secs] 
196.824: Total time for which application threads were stopped: 0.0005860 seconds, Stopping threads took: 0.0000670 seconds
196.875: Application time: 0.0504800 seconds
196.875: [GC [PSYoungGen: 16767K->992K(17408K)] 32908K->17386K(46080K), 0.0005840 secs] [Times: user=0.00 sys=0.00, real=0.00 secs] 
196.875: Total time for which application threads were stopped: 0.0007130 seconds, Stopping threads took: 0.0000660 seconds
196.907: Application time: 0.0314320 seconds
196.907: [GC [PSYoungGen: 17372K->960K(17920K)] 33766K->17727K(46592K), 0.0005770 secs] [Times: user=0.00 sys=0.00, real=0.00 secs] 
196.907: Total time for which application threads were stopped: 0.0006980 seconds, Stopping threads took: 0.0000590 seconds
196.957: Application time: 0.0494760 seconds
196.957: [GC [PSYoungGen: 17342K->912K(17920K)] 34109K->17743K(46592K), 0.0005110 secs] [Times: user=0.01 sys=0.00, real=0.00 secs] 
196.958: Total time for which application threads were stopped: 0.0006470 seconds, Stopping threads took: 0.0000650 seconds
197.025: Application time: 0.0671670 seconds
197.025: [GC [PSYoungGen: 17295K->704K(17408K)] 34126K->17807K(46080K), 0.0004600 secs] [Times: user=0.01 sys=0.00, real=0.00 secs] 
197.025: Total time for which application threads were stopped: 0.0005920 seconds, Stopping threads took: 0.0000700 seconds
197.096: Application time: 0.0708280 seconds
197.096: [GC [PSYoungGen: 17085K->0K(16896K)] 34188K->17699K(45568K), 0.0004730 secs] [Times: user=0.00 sys=0.00, real=0.00 secs] 
197.097: Total time for which application threads were stopped: 0.0006050 seconds, Stopping threads took: 0.0000660 seconds
197.165: Application time: 0.0687040 seconds
197.166: [GC [PSYoungGen: 16383K->512K(17408K)] 34083K->18211K(46080K), 0.0004040 secs] [Times: user=0.01 sys=0.00, real=0.00 secs] 
197.166: Total time for which application threads were stopped: 0.0005330 seconds, Stopping threads took: 0.0000640 seconds
197.237: Application time: 0.0711700 seconds
197.237: [GC [PSYoungGen: 16891K->384K(16896K)] 34591K->18312K(45568K), 0.0004490 secs] [Times: user=0.00 sys=0.00, real=0.00 secs] 
197.238: Total time for which application threads were stopped: 0.0005730 seconds, Stopping threads took: 0.0000590 seconds
197.306: Application time: 0.0685250 seconds
197.306: [GC [PSYoungGen: 16765K->704K(17408K)] 34693K->18860K(46080K), 0.0005170 secs] [Times: user=0.00 sys=0.00, real=0.00 secs] 
197.307: Total time for which application threads were stopped: 0.0006340 seconds, Stopping threads took: 0.0000570 seconds
197.376: Application time: 0.0691500 seconds
197.376: [GC [PSYoungGen: 17084K->704K(17408K)] 35240K->19081K(46080K), 0.0005600 secs] [Times: user=0.00 sys=0.00, real=0.00 secs] 
197.377: Total time for which application threads were stopped: 0.0006960 seconds, Stopping threads took: 0.0000680 seconds
197.450: Application time: 0.0730720 seconds
197.450: [GC [PSYoungGen: 17087K->0K(17408K)] 35465K->18990K(46080K), 0.0005230 secs] [Times: user=0.00 sys=0.00, real=0.00 secs] 
197.451: Total time for which application threads were stopped: 0.0006430 seconds, Stopping threads took: 0.0000580 seconds
197.525: Application time: 0.0740670 seconds
197.525: [GC [PSYoungGen: 16381K->0K(17920K)] 35372K->18990K(46592K), 0.0003960 secs] [Times: user=0.00 sys=0.00, real=0.00 secs] 
197.525: Total time for which application threads were stopped: 0.0005510 seconds, Stopping threads took: 0.0000750 seconds
197.599: Application time: 0.0737250 seconds
197.599: [GC [PSYoungGen: 16381K->0K(17920K)] 35372K->18990K(46592K), 0.0004190 secs] [Times: user=0.00 sys=0.00, real=0.00 secs] 
197.599: Total time for which application threads were stopped: 0.0005420 seconds, Stopping threads took: 0.0000670 seconds
197.675: Application time: 0.0751190 seconds
197.675: [GC [PSYoungGen: 16383K->0K(17920K)] 35374K->18990K(46592K), 0.0003920 secs] [Times: user=0.00 sys=0.00, real=0.00 secs] 
197.675: Total time for which application threads were stopped: 0.0005050 seconds, Stopping threads took: 0.0000530 seconds
197.749: Application time: 0.0739360 seconds
197.749: [GC [PSYoungGen: 16381K->0K(17920K)] 35372K->18990K(46592K), 0.0003530 secs] [Times: user=0.00 sys=0.00, real=0.00 secs] 
197.749: Total time for which application threads were stopped: 0.0004720 seconds, Stopping threads took: 0.0000570 seconds
197.823: Application time: 0.0739870 seconds
197.824: [GC [PSYoungGen: 16381K->0K(17920K)] 35372K->18990K(46592K), 0.0003710 secs] [Times: user=0.00 sys=0.00, real=0.01 secs] 
197.824: Total time for which application threads were stopped: 0.0004930 seconds, Stopping threads took: 0.0000520 seconds
197.899: Application time: 0.0747740 seconds
197.899: [GC [PSYoungGen: 16383K->0K(17920K)] 35374K->18990K(46592K), 0.0003510 secs] [Times: user=0.00 sys=0.00, real=0.00 secs] 
197.899: Total time for which application threads were stopped: 0.0004790 seconds, Stopping threads took: 0.0000680 seconds
197.955: Application time: 0.0559310 seconds
197.955: [GC [PSYoungGen: 16383K->512K(17920K)] 35374K->19502K(46592K), 0.0004100 secs] [Times: user=0.00 sys=0.00, real=0.00 secs] 
197.956: Total time for which application threads were stopped: 0.0005290 seconds, Stopping threads took: 0.0000570 seconds
198.006: Application time: 0.0506570 seconds
198.006: [GC [PSYoungGen: 16894K->544K(17920K)] 35885K->19574K(46592K), 0.0004240 secs] [Times: user=0.00 sys=0.00, real=0.00 secs] 
198.007: Total time for which application threads were stopped: 0.0005320 seconds, Stopping threads took: 0.0000470 seconds
198.077: Application time: 0.0702160 seconds
198.077: [GC [PSYoungGen: 16925K->448K(17920K)] 35956K->19486K(46592K), 0.0004690 secs] [Times: user=0.00 sys=0.00, real=0.00 secs] 
198.078: Total time for which application threads were stopped: 0.0005990 seconds, Stopping threads took: 0.0000600 seconds
198.151: Application time: 0.0730560 seconds
198.152: [GC [PSYoungGen: 16829K->0K(17920K)] 35868K->19456K(46592K), 0.0004570 secs] [Times: user=0.00 sys=0.00, real=0.00 secs] 
198.152: Total time for which application threads were stopped: 0.0016280 seconds, Stopping threads took: 0.0011070 seconds
198.225: Application time: 0.0728670 seconds
198.225: [GC [PSYoungGen: 16383K->0K(17920K)] 35839K->19456K(46592K), 0.0003740 secs] [Times: user=0.00 sys=0.00, real=0.00 secs] 
198.226: Total time for which application threads were stopped: 0.0005000 seconds, Stopping threads took: 0.0000630 seconds
198.299: Application time: 0.0730810 seconds
198.299: [GC [PSYoungGen: 16381K->0K(16896K)] 35837K->19456K(45568K), 0.0003810 secs] [Times: user=0.00 sys=0.00, real=0.00 secs] 
198.299: Total time for which application threads were stopped: 0.0005110 seconds, Stopping threads took: 0.0000690 seconds
198.371: Application time: 0.0713130 seconds
198.371: [GC [PSYoungGen: 16381K->576K(17408K)] 35837K->20032K(46080K), 0.0004310 secs] [Times: user=0.00 sys=0.00, real=0.00 secs] 
198.371: Total time for which application threads were stopped: 0.0005500 seconds, Stopping threads took: 0.0000610 seconds
198.427: Application time: 0.0560310 seconds
198.427: [GC [PSYoungGen: 16956K->800K(17920K)] 36412K->20312K(46592K), 0.0005040 secs] [Times: user=0.00 sys=0.00, real=0.00 secs] 
198.428: Total time for which application threads were stopped: 0.0006140 seconds, Stopping threads took: 0.0000510 seconds
198.480: Application time: 0.0517940 seconds
198.480: [GC [PSYoungGen: 17182K->512K(17920K)] 36695K->20501K(46592K), 0.0006440 secs] [Times: user=0.00 sys=0.00, real=0.00 secs] 
198.480: Total time for which application threads were stopped: 0.0007680 seconds, Stopping threads took: 0.0000620 seconds
198.546: Application time: 0.0654890 seconds
198.548: [GC [PSYoungGen: 16893K->720K(17920K)] 36882K->20725K(46592K), 0.0004480 secs] [Times: user=0.00 sys=0.00, real=0.00 secs] 
198.548: Total time for which application threads were stopped: 0.0024590 seconds, Stopping threads took: 0.0019510 seconds
198.602: Application time: 0.0536540 seconds
198.604: [GC [PSYoungGen: 17101K->544K(17920K)] 37106K->20793K(46592K), 0.0006290 secs] [Times: user=0.00 sys=0.00, real=0.00 secs] 
198.605: Total time for which application threads were stopped: 0.0025830 seconds, Stopping threads took: 0.0018800 seconds
198.652: Application time: 0.0472160 seconds
198.652: [GC [PSYoungGen: 16924K->560K(17920K)] 37174K->21218K(46592K), 0.0005750 secs] [Times: user=0.00 sys=0.00, real=0.00 secs] 
198.652: Total time for which application threads were stopped: 0.0006500 seconds, Stopping threads took: 0.0000120 seconds
198.688: Application time: 0.0351890 seconds
198.688: [GC [PSYoungGen: 16940K->912K(17920K)] 37599K->21659K(46592K), 0.0005200 secs] [Times: user=0.00 sys=0.00, real=0.00 secs] 
198.688: Total time for which application threads were stopped: 0.0006250 seconds, Stopping threads took: 0.0000450 seconds
198.755: Application time: 0.0663420 seconds
198.755: [GC [PSYoungGen: 17295K->672K(17408K)] 38042K->21695K(46080K), 0.0004460 secs] [Times: user=0.00 sys=0.00, real=0.00 secs] 
198.755: Total time for which application threads were stopped: 0.0005640 seconds, Stopping threads took: 0.0000580 seconds
198.824: Application time: 0.0688790 seconds
198.824: [GC [PSYoungGen: 17053K->320K(16896K)] 38077K->21941K(45568K), 0.0006040 secs] [Times: user=0.00 sys=0.00, real=0.00 secs] 
198.825: Total time for which application threads were stopped: 0.0007220 seconds, Stopping threads took: 0.0000550 seconds
198.894: Application time: 0.0690500 seconds
198.894: [GC [PSYoungGen: 16701K->384K(16896K)] 38322K->22229K(45568K), 0.0004310 secs] [Times: user=0.00 sys=0.00, real=0.00 secs] 
198.894: Total time for which application threads were stopped: 0.0005830 seconds, Stopping threads took: 0.0000840 seconds
198.966: Application time: 0.0711220 seconds
198.966: [GC [PSYoungGen: 16767K->0K(17920K)] 38613K->22073K(46592K), 0.0004380 secs] [Times: user=0.00 sys=0.00, real=0.00 secs] 
198.966: Total time for which application threads were stopped: 0.0005700 seconds, Stopping threads took: 0.0000660 seconds
199.036: Application time: 0.0697230 seconds
199.036: [GC [PSYoungGen: 16381K->384K(16896K)] 38455K->22457K(45568K), 0.0004240 secs] [Times: user=0.00 sys=0.00, real=0.00 secs] 
199.036: Total time for which application threads were stopped: 0.0005500 seconds, Stopping threads took: 0.0000610 seconds
199.103: Application time: 0.0668590 seconds
199.103: [GC [PSYoungGen: 16764K->704K(17920K)] 38838K->22982K(46592K), 0.0005570 secs] [Times: user=0.01 sys=0.00, real=0.01 secs] 
199.104: Total time for which application threads were stopped: 0.0006960 seconds, Stopping threads took: 0.0000790 seconds
199.178: Application time: 0.0743820 seconds
199.180: [GC [PSYoungGen: 17085K->0K(17408K)] 39363K->22884K(46080K), 0.0005450 secs] [Times: user=0.00 sys=0.00, real=0.00 secs] 
199.180: Total time for which application threads were stopped: 0.0021290 seconds, Stopping threads took: 0.0015120 seconds
199.254: Application time: 0.0733320 seconds
199.254: [GC [PSYoungGen: 16381K->0K(17920K)] 39265K->22884K(46592K), 0.0003690 secs] [Times: user=0.00 sys=0.00, real=0.00 secs] 
199.254: Total time for which application threads were stopped: 0.0005040 seconds, Stopping threads took: 0.0000650 seconds
199.327: Application time: 0.0731260 seconds
199.328: [GC [PSYoungGen: 16381K->0K(17920K)] 39265K->22884K(46592K), 0.0003650 secs] [Times: user=0.01 sys=0.00, real=0.00 secs] 
199.328: Total time for which application threads were stopped: 0.0004850 seconds, Stopping threads took: 0.0000550 seconds
199.402: Application time: 0.0744520 seconds
199.402: [GC [PSYoungGen: 16381K->0K(17920K)] 39265K->22884K(46592K), 0.0003690 secs] [Times: user=0.00 sys=0.00, real=0.00 secs] 
199.403: Total time for which application threads were stopped: 0.0004920 seconds, Stopping threads took: 0.0000640 seconds
199.477: Application time: 0.0739550 seconds
199.477: [GC [PSYoungGen: 16381K->0K(17920K)] 39265K->22884K(46592K), 0.0004180 secs] [Times: user=0.00 sys=0.00, real=0.00 secs] 
199.477: Total time for which application threads were stopped: 0.0005500 seconds, Stopping threads took: 0.0000670 seconds
199.551: Application time: 0.0737500 seconds
199.551: [GC [PSYoungGen: 16383K->0K(17920K)] 39267K->22884K(46592K), 0.0003560 secs] [Times: user=0.00 sys=0.00, real=0.00 secs] 
199.552: Total time for which application threads were stopped: 0.0004720 seconds, Stopping threads took: 0.0000580 seconds
199.625: Application time: 0.0732610 seconds
199.625: [GC [PSYoungGen: 16381K->0K(16896K)] 39265K->22884K(45568K), 0.0004120 secs] [Times: user=0.00 sys=0.00, real=0.00 secs] 
199.625: Total time for which application threads were stopped: 0.0005320 seconds, Stopping threads took: 0.0000600 seconds
199.681: Application time: 0.0553100 seconds
199.681: [GC [PSYoungGen: 16381K->512K(17408K)] 39265K->23396K(46080K), 0.0004300 secs] [Times: user=0.00 sys=0.00, real=0.00 secs] 
199.681: Total time for which application threads were stopped: 0.0005450 seconds, Stopping threads took: 0.0000520 seconds
199.732: Application time: 0.0506420 seconds
199.732: [GC [PSYoungGen: 16892K->512K(16896K)] 39776K->23404K(45568K), 0.0004720 secs] [Times: user=0.00 sys=0.00, real=0.00 secs] 
199.732: Total time for which application threads were stopped: 0.0006120 seconds, Stopping threads took: 0.0000560 seconds
199.800: Application time: 0.0678800 seconds
199.800: [GC [PSYoungGen: 16382K->512K(17408K)] 39274K->23428K(46080K), 0.0004420 secs] [Times: user=0.01 sys=0.00, real=0.00 secs] 
199.801: Total time for which application threads were stopped: 0.0005830 seconds, Stopping threads took: 0.0000760 seconds
199.871: Application time: 0.0703090 seconds
199.871: [GC [PSYoungGen: 16383K->0K(17408K)] 39299K->23341K(46080K), 0.0004070 secs] [Times: user=0.00 sys=0.00, real=0.01 secs] 
199.872: Total time for which application threads were stopped: 0.0005240 seconds, Stopping threads took: 0.0000490 seconds
199.942: Application time: 0.0705380 seconds
199.942: [GC [PSYoungGen: 15869K->0K(16384K)] 39211K->23341K(45056K), 0.0004000 secs] [Times: user=0.00 sys=0.00, real=0.00 secs] 
199.943: Total time for which application threads were stopped: 0.0005150 seconds, Stopping threads took: 0.0000530 seconds
200.013: Application time: 0.0706270 seconds
200.014: [GC [PSYoungGen: 15869K->0K(16896K)] 39211K->23341K(45568K), 0.0004580 secs] [Times: user=0.00 sys=0.00, real=0.00 secs] 
200.014: Total time for which application threads were stopped: 0.0005860 seconds, Stopping threads took: 0.0000620 seconds
200.084: Application time: 0.0696520 seconds
200.084: [GC [PSYoungGen: 15871K->320K(16896K)] 39212K->23661K(45568K), 0.0003850 secs] [Times: user=0.00 sys=0.00, real=0.00 secs] 
200.084: Total time for which application threads were stopped: 0.0005170 seconds, Stopping threads took: 0.0000680 seconds
200.137: Application time: 0.0529250 seconds
200.137: [GC [PSYoungGen: 16189K->976K(16384K)] 39530K->24325K(45056K), 0.0005530 secs] [Times: user=0.00 sys=0.00, real=0.00 secs] 
200.138: Total time for which application threads were stopped: 0.0006960 seconds, Stopping threads took: 0.0000780 seconds
200.184: Application time: 0.0460070 seconds
200.184: [GC [PSYoungGen: 16334K->512K(16896K)] 39683K->24358K(45568K), 0.0005600 secs] [Times: user=0.00 sys=0.00, real=0.00 secs] 
200.185: Total time for which application threads were stopped: 0.0006770 seconds, Stopping threads took: 0.0000510 seconds
200.248: Application time: 0.0634720 seconds
200.248: [GC [PSYoungGen: 15870K->688K(16896K)] 39717K->24550K(45568K), 0.0004620 secs] [Times: user=0.00 sys=0.00, real=0.00 secs] 
200.249: Total time for which application threads were stopped: 0.0006380 seconds, Stopping threads took: 0.0000870 seconds
200.300: Application time: 0.0513990 seconds
200.300: [GC [PSYoungGen: 16043K->512K(16896K)] 39906K->24618K(45568K), 0.0005070 secs] [Times: user=0.00 sys=0.00, real=0.00 secs] 
200.301: Total time for which application threads were stopped: 0.0006180 seconds, Stopping threads took: 0.0000520 seconds
200.362: Application time: 0.0614780 seconds
200.362: [GC [PSYoungGen: 15868K->480K(16896K)] 39975K->24802K(45568K), 0.0004790 secs] [Times: user=0.00 sys=0.00, real=0.00 secs] 
200.363: Total time for which application threads were stopped: 0.0006020 seconds, Stopping threads took: 0.0000610 seconds
200.402: Application time: 0.0392560 seconds
200.402: [GC [PSYoungGen: 15837K->736K(16896K)] 40160K->25114K(45568K), 0.0005020 secs] [Times: user=0.01 sys=0.00, real=0.00 secs] 
200.403: Total time for which application threads were stopped: 0.0006370 seconds, Stopping threads took: 0.0000640 seconds
200.447: Application time: 0.0439050 seconds
200.447: [GC [PSYoungGen: 16094K->800K(16896K)] 40473K->25427K(45568K), 0.0005120 secs] [Times: user=0.00 sys=0.00, real=0.00 secs] 
200.447: Total time for which application threads were stopped: 0.0006440 seconds, Stopping threads took: 0.0000650 seconds
200.502: Application time: 0.0550240 seconds
200.502: [GC [PSYoungGen: 16157K->704K(16896K)] 40784K->25427K(45568K), 0.0004590 secs] [Times: user=0.00 sys=0.00, real=0.00 secs] 
200.503: Total time for which application threads were stopped: 0.0005800 seconds, Stopping threads took: 0.0000570 seconds
200.566: Application time: 0.0626940 seconds
200.566: [GC [PSYoungGen: 16062K->736K(16896K)] 40785K->25868K(45568K), 0.0005250 secs] [Times: user=0.00 sys=0.00, real=0.00 secs] 
200.566: Total time for which application threads were stopped: 0.0006380 seconds, Stopping threads took: 0.0000540 seconds
200.632: Application time: 0.0659500 seconds
200.632: [GC [PSYoungGen: 16095K->352K(16896K)] 41227K->25904K(45568K), 0.0004630 secs] [Times: user=0.00 sys=0.00, real=0.00 secs] 
200.633: Total time for which application threads were stopped: 0.0005650 seconds, Stopping threads took: 0.0000410 seconds
200.701: Application time: 0.0678660 seconds
200.701: [GC [PSYoungGen: 15709K->320K(16896K)] 41262K->26088K(45568K), 0.0004300 secs] [Times: user=0.00 sys=0.00, real=0.00 secs] 
200.701: Total time for which application threads were stopped: 0.0005690 seconds, Stopping threads took: 0.0000710 seconds
200.768: Application time: 0.0664480 seconds
200.768: [GC [PSYoungGen: 15679K->352K(16896K)] 41448K->26136K(45568K), 0.0004630 secs] [Times: user=0.00 sys=0.00, real=0.00 secs] 
200.768: Total time for which application threads were stopped: 0.0006000 seconds, Stopping threads took: 0.0000580 seconds
200.832: Application time: 0.0643230 seconds
200.833: [GC [PSYoungGen: 15708K->544K(16896K)] 41493K->26552K(45568K), 0.0004710 secs] [Times: user=0.00 sys=0.00, real=0.00 secs] 
200.833: Total time for which application threads were stopped: 0.0005890 seconds, Stopping threads took: 0.0000510 seconds
200.900: Application time: 0.0673380 seconds
200.901: [GC [PSYoungGen: 15901K->320K(16896K)] 41910K->26749K(45568K), 0.0005130 secs] [Times: user=0.00 sys=0.00, real=0.00 secs] 
200.901: Total time for which application threads were stopped: 0.0006340 seconds, Stopping threads took: 0.0000590 seconds
200.969: Application time: 0.0681070 seconds
200.969: [GC [PSYoungGen: 15677K->0K(16896K)] 42107K->26645K(45568K), 0.0004070 secs] [Times: user=0.00 sys=0.00, real=0.00 secs] 
200.970: Total time for which application threads were stopped: 0.0005350 seconds, Stopping threads took: 0.0000610 seconds
201.038: Application time: 0.0682260 seconds
201.038: [GC [PSYoungGen: 15357K->0K(16896K)] 42003K->26645K(45568K), 0.0003820 secs] [Times: user=0.00 sys=0.00, real=0.00 secs] 
201.038: Total time for which application threads were stopped: 0.0004990 seconds, Stopping threads took: 0.0000560 seconds
201.107: Application time: 0.0681200 seconds
201.107: [GC [PSYoungGen: 15357K->0K(16896K)] 42003K->26645K(45568K), 0.0003880 secs] [Times: user=0.00 sys=0.00, real=0.00 secs] 
201.107: Total time for which application threads were stopped: 0.0005110 seconds, Stopping threads took: 0.0000620 seconds
201.175: Application time: 0.0681400 seconds
201.175: [GC [PSYoungGen: 15357K->0K(16896K)] 42003K->26645K(45568K), 0.0003830 secs] [Times: user=0.00 sys=0.00, real=0.00 secs] 
201.176: Total time for which application threads were stopped: 0.0004950 seconds, Stopping threads took: 0.0000500 seconds
201.244: Application time: 0.0681380 seconds
201.244: [GC [PSYoungGen: 15357K->0K(16896K)] 42003K->26645K(45568K), 0.0004680 secs] [Times: user=0.00 sys=0.00, real=0.00 secs] 
201.246: Total time for which application threads were stopped: 0.0017020 seconds, Stopping threads took: 0.0000590 seconds
201.314: Application time: 0.0681090 seconds
201.314: [GC [PSYoungGen: 15357K->0K(15872K)] 42003K->26645K(44544K), 0.0004040 secs] [Times: user=0.01 sys=0.00, real=0.00 secs] 
201.314: Total time for which application threads were stopped: 0.0005440 seconds, Stopping threads took: 0.0000730 seconds
201.380: Application time: 0.0660610 seconds
201.380: [GC [PSYoungGen: 15357K->352K(16384K)] 42002K->26997K(45056K), 0.0004200 secs] [Times: user=0.01 sys=0.00, real=0.00 secs] 
201.381: Total time for which application threads were stopped: 0.0005320 seconds, Stopping threads took: 0.0000490 seconds
201.418: Application time: 0.0373270 seconds
201.418: [GC [PSYoungGen: 15708K->480K(16384K)] 42353K->27133K(45056K), 0.0004380 secs] [Times: user=0.00 sys=0.00, real=0.00 secs] 
201.419: Total time for which application threads were stopped: 0.0005690 seconds, Stopping threads took: 0.0000690 seconds
201.478: Application time: 0.0596110 seconds
201.478: [GC [PSYoungGen: 15838K->576K(16384K)] 42491K->27245K(45056K), 0.0004680 secs] [Times: user=0.00 sys=0.00, real=0.00 secs] 
201.479: Total time for which application threads were stopped: 0.0006050 seconds, Stopping threads took: 0.0000760 seconds
201.547: Application time: 0.0680760 seconds
201.547: [GC [PSYoungGen: 15935K->512K(16384K)] 42604K->27213K(45056K), 0.0004790 secs] [Times: user=0.00 sys=0.00, real=0.00 secs] 
201.548: Total time for which application threads were stopped: 0.0005880 seconds, Stopping threads took: 0.0000460 seconds
201.615: Application time: 0.0673570 seconds
201.615: [GC [PSYoungGen: 15869K->0K(16384K)] 42571K->27118K(45056K), 0.0004370 secs] [Times: user=0.00 sys=0.00, real=0.00 secs] 
201.616: Total time for which application threads were stopped: 0.0005670 seconds, Stopping threads took: 0.0000700 seconds
201.683: Application time: 0.0675710 seconds
201.683: [GC [PSYoungGen: 15357K->0K(16384K)] 42476K->27118K(45056K), 0.0003620 secs] [Times: user=0.00 sys=0.00, real=0.00 secs] 
201.684: Total time for which application threads were stopped: 0.0004830 seconds, Stopping threads took: 0.0000600 seconds
201.751: Application time: 0.0676930 seconds
201.751: [GC [PSYoungGen: 15357K->0K(16384K)] 42476K->27118K(45056K), 0.0003920 secs] [Times: user=0.00 sys=0.00, real=0.00 secs] 
201.752: Total time for which application threads were stopped: 0.0005200 seconds, Stopping threads took: 0.0000640 seconds
201.814: Application time: 0.0621680 seconds
201.814: [GC [PSYoungGen: 15357K->672K(16384K)] 42476K->27790K(45056K), 0.0006000 secs] [Times: user=0.00 sys=0.00, real=0.00 secs] 
201.815: Total time for which application threads were stopped: 0.0007280 seconds, Stopping threads took: 0.0000570 seconds
201.857: Application time: 0.0427100 seconds
201.858: [GC [PSYoungGen: 16028K->1040K(16896K)] 43147K->28214K(45568K), 0.0005400 secs] [Times: user=0.00 sys=0.00, real=0.00 secs] 
201.858: Total time for which application threads were stopped: 0.0006660 seconds, Stopping threads took: 0.0000630 seconds
201.911: Application time: 0.0528580 seconds
201.911: [GC [PSYoungGen: 16399K->352K(16896K)] 43574K->28319K(45568K), 0.0006010 secs] [Times: user=0.00 sys=0.00, real=0.00 secs] 
201.912: Total time for which application threads were stopped: 0.0007320 seconds, Stopping threads took: 0.0000630 seconds
201.977: Application time: 0.0649130 seconds
201.977: [GC [PSYoungGen: 15708K->480K(16896K)] 43676K->28503K(45568K), 0.0004510 secs] [Times: user=0.00 sys=0.00, real=0.00 secs] 
201.977: Total time for which application threads were stopped: 0.0005660 seconds, Stopping threads took: 0.0000520 seconds
202.027: Application time: 0.0501550 seconds
202.027: [GC [PSYoungGen: 15839K->288K(16896K)] 43862K->28724K(45568K), 0.0005510 secs] [Times: user=0.00 sys=0.00, real=0.00 secs] 
202.028: [Full GC [PSYoungGen: 288K->0K(16896K)] [ParOldGen: 28436K->4416K(28160K)] 28724K->4416K(45056K) [PSPermGen: 5577K->5577K(21504K)], 0.0059270 secs] [Times: user=0.02 sys=0.00, real=0.01 secs] 
202.034: Total time for which application threads were stopped: 0.0066690 seconds, Stopping threads took: 0.0000750 seconds
202.091: Application time: 0.0566730 seconds
202.091: [GC [PSYoungGen: 15356K->544K(16896K)] 19773K->4960K(45056K), 0.0004600 secs] [Times: user=0.01 sys=0.00, real=0.00 secs] 
202.091: Total time for which application threads were stopped: 0.0005950 seconds, Stopping threads took: 0.0000700 seconds
202.131: Application time: 0.0401970 seconds
202.132: [GC [PSYoungGen: 15903K->752K(16896K)] 20320K->5200K(45056K), 0.0004590 secs] [Times: user=0.00 sys=0.00, real=0.01 secs] 
202.132: Total time for which application threads were stopped: 0.0005700 seconds, Stopping threads took: 0.0000510 seconds
202.178: Application time: 0.0456240 seconds
202.178: [GC [PSYoungGen: 16108K->512K(16896K)] 20556K->5466K(45056K), 0.0004870 secs] [Times: user=0.00 sys=0.00, real=0.00 secs] 
202.178: Total time for which application threads were stopped: 0.0006130 seconds, Stopping threads took: 0.0000670 seconds
202.237: Application time: 0.0589140 seconds
202.237: [GC [PSYoungGen: 15868K->864K(16896K)] 20822K->5858K(45056K), 0.0005250 secs] [Times: user=0.00 sys=0.00, real=0.00 secs] 
202.238: Total time for which application threads were stopped: 0.0006420 seconds, Stopping threads took: 0.0000530 seconds
202.301: Application time: 0.0633560 seconds
202.301: [GC [PSYoungGen: 16220K->832K(16896K)] 21214K->6246K(45056K), 0.0005300 secs] [Times: user=0.01 sys=0.00, real=0.00 secs] 
202.302: Total time for which application threads were stopped: 0.0006630 seconds, Stopping threads took: 0.0000690 seconds
202.370: Application time: 0.0685050 seconds
202.370: [GC [PSYoungGen: 16189K->0K(16896K)] 21604K->6020K(45056K), 0.0004340 secs] [Times: user=0.00 sys=0.00, real=0.00 secs] 
202.371: Total time for which application threads were stopped: 0.0005830 seconds, Stopping threads took: 0.0000800 seconds
202.436: Application time: 0.0655330 seconds
202.437: [GC [PSYoungGen: 15356K->384K(16896K)] 21376K->6404K(45056K), 0.0004290 secs] [Times: user=0.00 sys=0.00, real=0.00 secs] 
202.437: Total time for which application threads were stopped: 0.0005640 seconds, Stopping threads took: 0.0000670 seconds
202.503: Application time: 0.0660020 seconds
202.503: [GC [PSYoungGen: 15740K->352K(16896K)] 21761K->6608K(45056K), 0.0003870 secs] [Times: user=0.00 sys=0.00, real=0.00 secs] 
202.504: Total time for which application threads were stopped: 0.0005090 seconds, Stopping threads took: 0.0000640 seconds
202.569: Application time: 0.0652050 seconds
202.569: [GC [PSYoungGen: 15708K->544K(16896K)] 21965K->7032K(45056K), 0.0004240 secs] [Times: user=0.01 sys=0.00, real=0.00 secs] 
202.569: Total time for which application threads were stopped: 0.0005530 seconds, Stopping threads took: 0.0000680 seconds
202.636: Application time: 0.0671120 seconds
202.637: [GC [PSYoungGen: 15903K->288K(16896K)] 22392K->6976K(45056K), 0.0004360 secs] [Times: user=0.00 sys=0.00, real=0.00 secs] 
202.637: Total time for which application threads were stopped: 0.0005670 seconds, Stopping threads took: 0.0000690 seconds
202.705: Application time: 0.0682680 seconds
202.705: [GC [PSYoungGen: 15645K->0K(16896K)] 22334K->6909K(45056K), 0.0003930 secs] [Times: user=0.00 sys=0.00, real=0.00 secs] 
202.706: Total time for which application threads were stopped: 0.0005290 seconds, Stopping threads took: 0.0000640 seconds
202.774: Application time: 0.0682520 seconds
202.774: [GC [PSYoungGen: 15357K->0K(16896K)] 22267K->6909K(45056K), 0.0003350 secs] [Times: user=0.00 sys=0.00, real=0.00 secs] 
202.774: Total time for which application threads were stopped: 0.0004570 seconds, Stopping threads took: 0.0000600 seconds
202.843: Application time: 0.0685060 seconds
202.843: [GC [PSYoungGen: 15357K->0K(16896K)] 22267K->6909K(45056K), 0.0003420 secs] [Times: user=0.00 sys=0.00, real=0.00 secs] 
202.843: Total time for which application threads were stopped: 0.0004480 seconds, Stopping threads took: 0.0000440 seconds
202.912: Application time: 0.0685580 seconds
202.912: [GC [PSYoungGen: 15357K->0K(16896K)] 22267K->6909K(45056K), 0.0003440 secs] [Times: user=0.00 sys=0.00, real=0.00 secs] 
202.912: Total time for which application threads were stopped: 0.0004790 seconds, Stopping threads took: 0.0000600 seconds
202.981: Application time: 0.0682670 seconds
202.981: [GC [PSYoungGen: 15357K->0K(15872K)] 22267K->6909K(44032K), 0.0003770 secs] [Times: user=0.00 sys=0.00, real=0.00 secs] 
202.981: Total time for which application threads were stopped: 0.0004840 seconds, Stopping threads took: 0.0000450 seconds
203.049: Application time: 0.0681960 seconds
203.050: [GC [PSYoungGen: 15357K->0K(16384K)] 22267K->6909K(44544K), 0.0003440 secs] [Times: user=0.00 sys=0.00, real=0.00 secs] 
203.050: Total time for which application threads were stopped: 0.0004780 seconds, Stopping threads took: 0.0000700 seconds
203.116: Application time: 0.0657010 seconds
203.116: [GC [PSYoungGen: 15357K->352K(16384K)] 22266K->7261K(44544K), 0.0003570 secs] [Times: user=0.00 sys=0.00, real=0.00 secs] 
203.116: Total time for which application threads were stopped: 0.0004650 seconds, Stopping threads took: 0.0000500 seconds
203.157: Application time: 0.0404100 seconds
203.160: [GC [PSYoungGen: 15644K->416K(16384K)] 22553K->7333K(44544K), 0.0004720 secs] [Times: user=0.01 sys=0.00, real=0.00 secs] 
203.160: Total time for which application threads were stopped: 0.0038360 seconds, Stopping threads took: 0.0033070 seconds
203.219: Application time: 0.0586180 seconds
203.219: [GC [PSYoungGen: 15775K->480K(16384K)] 22692K->7493K(44544K), 0.0004130 secs] [Times: user=0.01 sys=0.00, real=0.00 secs] 
203.220: Total time for which application threads were stopped: 0.0005420 seconds, Stopping threads took: 0.0000670 seconds
203.285: Application time: 0.0651690 seconds
203.285: [GC [PSYoungGen: 15838K->512K(16384K)] 22852K->7677K(44544K), 0.0004470 secs] [Times: user=0.00 sys=0.00, real=0.00 secs] 
203.285: Total time for which application threads were stopped: 0.0005740 seconds, Stopping threads took: 0.0000620 seconds
203.352: Application time: 0.0672390 seconds
203.353: [GC [PSYoungGen: 15869K->0K(16384K)] 23035K->7590K(44544K), 0.0004200 secs] [Times: user=0.00 sys=0.00, real=0.00 secs] 
203.353: Total time for which application threads were stopped: 0.0005290 seconds, Stopping threads took: 0.0000500 seconds
203.421: Application time: 0.0681630 seconds
203.421: [GC [PSYoungGen: 15357K->0K(16384K)] 22948K->7590K(44544K), 0.0003930 secs] [Times: user=0.00 sys=0.00, real=0.00 secs] 
203.422: Total time for which application threads were stopped: 0.0005030 seconds, Stopping threads took: 0.0000440 seconds
203.489: Application time: 0.0677690 seconds
203.490: [GC [PSYoungGen: 15357K->0K(16384K)] 22948K->7590K(44544K), 0.0004070 secs] [Times: user=0.00 sys=0.00, real=0.00 secs] 
203.490: Total time for which application threads were stopped: 0.0005430 seconds, Stopping threads took: 0.0000710 seconds
203.547: Application time: 0.0567700 seconds
203.547: [GC [PSYoungGen: 15359K->560K(16384K)] 22949K->8150K(44544K), 0.0003980 secs] [Times: user=0.00 sys=0.00, real=0.00 secs] 
203.547: Total time for which application threads were stopped: 0.0005120 seconds, Stopping threads took: 0.0000480 seconds
203.594: Application time: 0.0470800 seconds
203.594: [GC [PSYoungGen: 15915K->960K(15872K)] 23506K->8634K(44032K), 0.0005970 secs] [Times: user=0.01 sys=0.00, real=0.00 secs] 
203.595: Total time for which application threads were stopped: 0.0007120 seconds, Stopping threads took: 0.0000530 seconds
203.646: Application time: 0.0506450 seconds
203.646: [GC [PSYoungGen: 15806K->560K(16384K)] 23480K->8691K(44544K), 0.0005000 secs] [Times: user=0.00 sys=0.00, real=0.00 secs] 
203.646: Total time for which application threads were stopped: 0.0006220 seconds, Stopping threads took: 0.0000570 seconds
203.709: Application time: 0.0630980 seconds
203.710: [GC [PSYoungGen: 15407K->544K(16384K)] 23539K->8920K(44544K), 0.0004400 secs] [Times: user=0.00 sys=0.00, real=0.00 secs] 
203.710: Total time for which application threads were stopped: 0.0005580 seconds, Stopping threads took: 0.0000580 seconds
203.757: Application time: 0.0472070 seconds
203.757: [GC [PSYoungGen: 15390K->320K(16384K)] 23766K->8908K(44544K), 0.0004680 secs] [Times: user=0.00 sys=0.00, real=0.00 secs] 
203.758: Total time for which application threads were stopped: 0.0006030 seconds, Stopping threads took: 0.0000670 seconds
203.806: Application time: 0.0482810 seconds
203.806: [GC [PSYoungGen: 15165K->544K(16384K)] 23753K->9364K(44544K), 0.0004690 secs] [Times: user=0.00 sys=0.00, real=0.00 secs] 
203.807: Total time for which application threads were stopped: 0.0006010 seconds, Stopping threads took: 0.0000680 seconds
203.848: Application time: 0.0413840 seconds
203.848: [GC [PSYoungGen: 15389K->736K(16384K)] 24210K->9612K(44544K), 0.0004990 secs] [Times: user=0.00 sys=0.00, real=0.00 secs] 
203.849: Total time for which application threads were stopped: 0.0006210 seconds, Stopping threads took: 0.0000560 seconds
203.895: Application time: 0.0462630 seconds
203.895: [GC [PSYoungGen: 15582K->704K(16384K)] 24459K->9849K(44544K), 0.0005410 secs] [Times: user=0.00 sys=0.00, real=0.00 secs] 
203.896: Total time for which application threads were stopped: 0.0006670 seconds, Stopping threads took: 0.0000670 seconds
203.954: Application time: 0.0583520 seconds
203.954: [GC [PSYoungGen: 15552K->512K(16384K)] 24697K->9910K(44544K), 0.0004250 secs] [Times: user=0.00 sys=0.00, real=0.00 secs] 
203.955: Total time for which application threads were stopped: 0.0005440 seconds, Stopping threads took: 0.0000470 seconds
204.014: Application time: 0.0594990 seconds
204.016: [GC [PSYoungGen: 15356K->704K(16384K)] 24754K->10306K(44544K), 0.0005160 secs] [Times: user=0.00 sys=0.00, real=0.00 secs] 
204.016: Total time for which application threads were stopped: 0.0023410 seconds, Stopping threads took: 0.0017660 seconds
204.081: Application time: 0.0647550 seconds
204.081: [GC [PSYoungGen: 15549K->0K(16384K)] 25152K->10224K(44544K), 0.0004540 secs] [Times: user=0.01 sys=0.00, real=0.00 secs] 
204.082: Total time for which application threads were stopped: 0.0005870 seconds, Stopping threads took: 0.0000680 seconds
204.145: Application time: 0.0632550 seconds
204.145: [GC [PSYoungGen: 14847K->384K(16384K)] 25071K->10608K(44544K), 0.0003750 secs] [Times: user=0.00 sys=0.00, real=0.00 secs] 
204.146: Total time for which application threads were stopped: 0.0005090 seconds, Stopping threads took: 0.0000700 seconds
204.209: Application time: 0.0631710 seconds
204.209: [GC [PSYoungGen: 15228K->416K(16384K)] 25452K->10856K(44544K), 0.0004160 secs] [Times: user=0.01 sys=0.00, real=0.00 secs] 
204.209: Total time for which application threads were stopped: 0.0005510 seconds, Stopping threads took: 0.0000730 seconds
204.273: Application time: 0.0635030 seconds
204.273: [GC [PSYoungGen: 15262K->384K(15360K)] 25702K->11048K(43520K), 0.0004590 secs] [Times: user=0.00 sys=0.00, real=0.00 secs] 
204.273: Total time for which application threads were stopped: 0.0005900 seconds, Stopping threads took: 0.0000650 seconds
204.337: Application time: 0.0637980 seconds
204.337: [GC [PSYoungGen: 15230K->416K(15872K)] 25895K->11292K(44032K), 0.0004200 secs] [Times: user=0.00 sys=0.00, real=0.00 secs] 
204.338: Total time for which application threads were stopped: 0.0005530 seconds, Stopping threads took: 0.0000670 seconds
204.403: Application time: 0.0656270 seconds
204.403: [GC [PSYoungGen: 15263K->0K(15872K)] 26140K->11100K(44032K), 0.0004140 secs] [Times: user=0.00 sys=0.00, real=0.01 secs] 
204.404: Total time for which application threads were stopped: 0.0005310 seconds, Stopping threads took: 0.0000580 seconds
204.470: Application time: 0.0657060 seconds
204.470: [GC [PSYoungGen: 14847K->0K(15872K)] 25948K->11100K(44032K), 0.0003460 secs] [Times: user=0.00 sys=0.00, real=0.00 secs] 
204.470: Total time for which application threads were stopped: 0.0004830 seconds, Stopping threads took: 0.0000660 seconds
204.536: Application time: 0.0661390 seconds
204.536: [GC [PSYoungGen: 14847K->0K(15872K)] 25948K->11100K(44032K), 0.0003410 secs] [Times: user=0.00 sys=0.00, real=0.00 secs] 
204.537: Total time for which application threads were stopped: 0.0004600 seconds, Stopping threads took: 0.0000590 seconds
204.603: Application time: 0.0660720 seconds
204.603: [GC [PSYoungGen: 14847K->0K(15872K)] 25948K->11100K(44032K), 0.0003410 secs] [Times: user=0.00 sys=0.00, real=0.00 secs] 
204.603: Total time for which application threads were stopped: 0.0004600 seconds, Stopping threads took: 0.0000610 seconds
204.669: Application time: 0.0660260 seconds
204.669: [GC [PSYoungGen: 14847K->0K(15872K)] 25948K->11100K(44032K), 0.0004220 secs] [Times: user=0.00 sys=0.00, real=0.00 secs] 
204.670: Total time for which application threads were stopped: 0.0005240 seconds, Stopping threads took: 0.0000420 seconds
204.736: Application time: 0.0659390 seconds
204.736: [GC [PSYoungGen: 14847K->0K(15872K)] 25948K->11100K(44032K), 0.0003470 secs] [Times: user=0.00 sys=0.00, real=0.00 secs] 
204.736: Total time for which application threads were stopped: 0.0004680 seconds, Stopping threads took: 0.0000590 seconds
204.802: Application time: 0.0657970 seconds
204.802: [GC [PSYoungGen: 14847K->0K(15872K)] 25948K->11100K(44032K), 0.0003520 secs] [Times: user=0.01 sys=0.00, real=0.00 secs] 
204.802: Total time for which application threads were stopped: 0.0004960 seconds, Stopping threads took: 0.0000830 seconds
204.852: Application time: 0.0498020 seconds
204.852: [GC [PSYoungGen: 14847K->512K(15872K)] 25947K->11612K(44032K), 0.0004500 secs] [Times: user=0.01 sys=0.00, real=0.00 secs] 
204.853: Total time for which application threads were stopped: 0.0005650 seconds, Stopping threads took: 0.0000490 seconds
204.896: Application time: 0.0430380 seconds
204.896: [GC [PSYoungGen: 15359K->480K(15872K)] 26460K->11596K(44032K), 0.0004180 secs] [Times: user=0.00 sys=0.00, real=0.00 secs] 
204.896: Total time for which application threads were stopped: 0.0005420 seconds, Stopping threads took: 0.0000610 seconds
204.959: Application time: 0.0621470 seconds
204.959: [GC [PSYoungGen: 15327K->480K(15872K)] 26444K->11620K(44032K), 0.0004190 secs] [Times: user=0.01 sys=0.00, real=0.00 secs] 
204.959: Total time for which application threads were stopped: 0.0005370 seconds, Stopping threads took: 0.0000520 seconds
205.023: Application time: 0.0642320 seconds
205.023: [GC [PSYoungGen: 15324K->256K(15872K)] 26465K->11601K(44032K), 0.0004800 secs] [Times: user=0.00 sys=0.00, real=0.01 secs] 
205.024: Total time for which application threads were stopped: 0.0006110 seconds, Stopping threads took: 0.0000550 seconds
205.089: Application time: 0.0652440 seconds
205.089: [GC [PSYoungGen: 15103K->0K(15872K)] 26448K->11561K(44032K), 0.0004090 secs] [Times: user=0.00 sys=0.00, real=0.00 secs] 
205.090: Total time for which application threads were stopped: 0.0005340 seconds, Stopping threads took: 0.0000610 seconds
205.155: Application time: 0.0651720 seconds
205.155: [GC [PSYoungGen: 14847K->0K(15872K)] 26408K->11561K(44032K), 0.0003730 secs] [Times: user=0.00 sys=0.00, real=0.00 secs] 
205.155: Total time for which application threads were stopped: 0.0004940 seconds, Stopping threads took: 0.0000560 seconds
205.222: Application time: 0.0662150 seconds
205.222: [GC [PSYoungGen: 14845K->0K(15872K)] 26406K->11561K(44032K), 0.0003420 secs] [Times: user=0.00 sys=0.00, real=0.00 secs] 
205.222: Total time for which application threads were stopped: 0.0004590 seconds, Stopping threads took: 0.0000500 seconds
205.275: Application time: 0.0533130 seconds
205.275: [GC [PSYoungGen: 14845K->768K(15872K)] 26406K->12329K(44032K), 0.0004450 secs] [Times: user=0.00 sys=0.00, real=0.00 secs] 
205.276: Total time for which application threads were stopped: 0.0005430 seconds, Stopping threads took: 0.0000400 seconds
205.314: Application time: 0.0379460 seconds
205.314: [GC [PSYoungGen: 15612K->704K(15872K)] 27173K->12549K(44032K), 0.0005880 secs] [Times: user=0.00 sys=0.00, real=0.00 secs] 
205.315: Total time for which application threads were stopped: 0.0007030 seconds, Stopping threads took: 0.0000470 seconds
205.373: Application time: 0.0587670 seconds
205.373: [GC [PSYoungGen: 15549K->544K(16384K)] 27395K->12629K(44544K), 0.0004630 secs] [Times: user=0.00 sys=0.00, real=0.00 secs] 
205.374: Total time for which application threads were stopped: 0.0006020 seconds, Stopping threads took: 0.0000730 seconds
205.437: Application time: 0.0635630 seconds
205.438: [GC [PSYoungGen: 15390K->544K(16384K)] 27476K->12874K(44544K), 0.0004630 secs] [Times: user=0.00 sys=0.00, real=0.00 secs] 
205.438: Total time for which application threads were stopped: 0.0006020 seconds, Stopping threads took: 0.0000750 seconds
205.482: Application time: 0.0438990 seconds
205.482: [GC [PSYoungGen: 15387K->544K(16384K)] 27718K->13094K(44544K), 0.0004370 secs] [Times: user=0.00 sys=0.00, real=0.00 secs] 
205.483: Total time for which application threads were stopped: 0.0005670 seconds, Stopping threads took: 0.0000720 seconds
205.524: Application time: 0.0417340 seconds
205.524: [GC [PSYoungGen: 15279K->480K(16384K)] 27830K->13251K(44544K), 0.0004710 secs] [Times: user=0.00 sys=0.00, real=0.00 secs] 
205.525: Total time for which application threads were stopped: 0.0006070 seconds, Stopping threads took: 0.0000610 seconds
205.573: Application time: 0.0482970 seconds
205.573: [GC [PSYoungGen: 15325K->672K(16384K)] 28096K->13723K(44544K), 0.0004720 secs] [Times: user=0.00 sys=0.00, real=0.00 secs] 
205.574: Total time for which application threads were stopped: 0.0005960 seconds, Stopping threads took: 0.0000620 seconds
205.620: Application time: 0.0464900 seconds
205.620: [GC [PSYoungGen: 15518K->544K(16384K)] 28569K->14032K(44544K), 0.0005390 secs] [Times: user=0.00 sys=0.00, real=0.00 secs] 
205.621: Total time for which application threads were stopped: 0.0006460 seconds, Stopping threads took: 0.0000480 seconds
205.680: Application time: 0.0587850 seconds
205.680: [GC [PSYoungGen: 15391K->448K(15360K)] 28880K->14173K(43520K), 0.0005500 secs] [Times: user=0.01 sys=0.00, real=0.00 secs] 
205.680: Total time for which application threads were stopped: 0.0006790 seconds, Stopping threads took: 0.0000640 seconds
205.740: Application time: 0.0595810 seconds
205.740: [GC [PSYoungGen: 15294K->736K(15872K)] 29019K->14661K(44032K), 0.0005650 secs] [Times: user=0.00 sys=0.00, real=0.00 secs] 
205.741: Total time for which application threads were stopped: 0.0006880 seconds, Stopping threads took: 0.0000590 seconds
205.806: Application time: 0.0648870 seconds
205.806: [GC [PSYoungGen: 15583K->0K(16384K)] 29508K->14510K(44544K), 0.0005070 secs] [Times: user=0.01 sys=0.00, real=0.00 secs] 
205.806: Total time for which application threads were stopped: 0.0006380 seconds, Stopping threads took: 0.0000660 seconds
205.869: Application time: 0.0629080 seconds
205.872: [GC [PSYoungGen: 14846K->320K(16384K)] 29356K->14830K(44544K), 0.0004350 secs] [Times: user=0.00 sys=0.00, real=0.00 secs] 
205.872: Total time for which application threads were stopped: 0.0032090 seconds, Stopping threads took: 0.0027100 seconds
205.935: Application time: 0.0631460 seconds
205.936: [GC [PSYoungGen: 15167K->384K(15360K)] 29677K->15114K(43520K), 0.0004350 secs] [Times: user=0.00 sys=0.00, real=0.00 secs] 
205.936: Total time for which application threads were stopped: 0.0005520 seconds, Stopping threads took: 0.0000510 seconds
205.999: Application time: 0.0633950 seconds
206.000: [GC [PSYoungGen: 15230K->416K(15872K)] 29960K->15375K(44032K), 0.0004390 secs] [Times: user=0.00 sys=0.00, real=0.00 secs] 
206.000: Total time for which application threads were stopped: 0.0005760 seconds, Stopping threads took: 0.0000720 seconds
206.064: Application time: 0.0638100 seconds
206.064: [GC [PSYoungGen: 15260K->288K(15872K)] 30220K->15467K(44032K), 0.0004890 secs] [Times: user=0.00 sys=0.00, real=0.00 secs] 
206.064: Total time for which application threads were stopped: 0.0006150 seconds, Stopping threads took: 0.0000580 seconds
206.130: Application time: 0.0656710 seconds
206.130: [GC [PSYoungGen: 15135K->0K(15872K)] 30315K->15408K(44032K), 0.0003990 secs] [Times: user=0.01 sys=0.00, real=0.00 secs] 
206.131: Total time for which application threads were stopped: 0.0005080 seconds, Stopping threads took: 0.0000450 seconds
206.196: Application time: 0.0654580 seconds
206.196: [GC [PSYoungGen: 14847K->0K(15872K)] 30255K->15408K(44032K), 0.0003590 secs] [Times: user=0.00 sys=0.00, real=0.00 secs] 
206.197: Total time for which application threads were stopped: 0.0004920 seconds, Stopping threads took: 0.0000670 seconds
206.263: Application time: 0.0659420 seconds
206.263: [GC [PSYoungGen: 14847K->0K(15872K)] 30255K->15408K(44032K), 0.0004050 secs] [Times: user=0.01 sys=0.00, real=0.01 secs] 
206.264: Total time for which application threads were stopped: 0.0017110 seconds, Stopping threads took: 0.0000500 seconds
206.330: Application time: 0.0661530 seconds
206.330: [GC [PSYoungGen: 14847K->0K(15872K)] 30255K->15408K(44032K), 0.0003890 secs] [Times: user=0.00 sys=0.00, real=0.00 secs] 
206.331: Total time for which application threads were stopped: 0.0005050 seconds, Stopping threads took: 0.0000510 seconds
206.397: Application time: 0.0658990 seconds
206.397: [GC [PSYoungGen: 14847K->0K(15872K)] 30255K->15408K(44032K), 0.0003900 secs] [Times: user=0.01 sys=0.00, real=0.00 secs] 
206.397: Total time for which application threads were stopped: 0.0005100 seconds, Stopping threads took: 0.0000600 seconds
206.463: Application time: 0.0659650 seconds
206.463: [GC [PSYoungGen: 14847K->0K(15872K)] 30255K->15408K(44032K), 0.0003450 secs] [Times: user=0.00 sys=0.00, real=0.00 secs] 
206.464: Total time for which application threads were stopped: 0.0004830 seconds, Stopping threads took: 0.0000780 seconds
206.528: Application time: 0.0643100 seconds
206.528: [GC [PSYoungGen: 14847K->352K(15872K)] 30256K->15760K(44032K), 0.0004030 secs] [Times: user=0.00 sys=0.00, real=0.00 secs] 
206.529: Total time for which application threads were stopped: 0.0005480 seconds, Stopping threads took: 0.0000820 seconds
206.573: Application time: 0.0445580 seconds
206.573: [GC [PSYoungGen: 15195K->512K(15872K)] 30604K->15928K(44032K), 0.0004380 secs] [Times: user=0.00 sys=0.00, real=0.00 secs] 
206.574: Total time for which application threads were stopped: 0.0005760 seconds, Stopping threads took: 0.0000650 seconds
206.622: Application time: 0.0485730 seconds
206.622: [GC [PSYoungGen: 15356K->352K(15872K)] 30772K->15997K(44032K), 0.0004260 secs] [Times: user=0.00 sys=0.00, real=0.00 secs] 
206.623: Total time for which application threads were stopped: 0.0005410 seconds, Stopping threads took: 0.0000510 seconds
206.685: Application time: 0.0625810 seconds
206.686: [GC [PSYoungGen: 15198K->512K(15872K)] 30843K->16181K(44032K), 0.0003990 secs] [Times: user=0.00 sys=0.00, real=0.00 secs] 
206.686: Total time for which application threads were stopped: 0.0005290 seconds, Stopping threads took: 0.0000640 seconds
206.752: Application time: 0.0662110 seconds
206.752: [GC [PSYoungGen: 15357K->0K(15872K)] 31026K->16078K(44032K), 0.0004410 secs] [Times: user=0.00 sys=0.00, real=0.00 secs] 
206.753: Total time for which application threads were stopped: 0.0005540 seconds, Stopping threads took: 0.0000530 seconds
206.818: Application time: 0.0656310 seconds
206.820: [GC [PSYoungGen: 14847K->0K(15872K)] 30925K->16078K(44032K), 0.0003690 secs] [Times: user=0.00 sys=0.00, real=0.00 secs] 
206.820: Total time for which application threads were stopped: 0.0018820 seconds, Stopping threads took: 0.0014390 seconds
206.886: Application time: 0.0656000 seconds
206.886: [GC [PSYoungGen: 14847K->0K(15872K)] 30925K->16078K(44032K), 0.0004060 secs] [Times: user=0.00 sys=0.00, real=0.00 secs] 
206.886: Total time for which application threads were stopped: 0.0005270 seconds, Stopping threads took: 0.0000560 seconds
206.953: Application time: 0.0662110 seconds
206.953: [GC [PSYoungGen: 14848K->128K(15872K)] 30926K->16206K(44032K), 0.0003540 secs] [Times: user=0.00 sys=0.00, real=0.00 secs] 
206.953: Total time for which application threads were stopped: 0.0004760 seconds, Stopping threads took: 0.0000590 seconds
206.998: Application time: 0.0445800 seconds
206.998: [GC [PSYoungGen: 14975K->992K(15872K)] 31054K->17086K(44032K), 0.0005110 secs] [Times: user=0.00 sys=0.00, real=0.00 secs] 
206.998: Total time for which application threads were stopped: 0.0006350 seconds, Stopping threads took: 0.0000600 seconds
207.040: Application time: 0.0420190 seconds
207.040: [GC [PSYoungGen: 15838K->768K(16384K)] 31932K->17134K(44544K), 0.0004950 secs] [Times: user=0.01 sys=0.00, real=0.00 secs] 
207.041: Total time for which application threads were stopped: 0.0006110 seconds, Stopping threads took: 0.0000570 seconds
207.103: Application time: 0.0624390 seconds
207.103: [GC [PSYoungGen: 15614K->544K(16384K)] 31980K->17198K(44544K), 0.0004720 secs] [Times: user=0.00 sys=0.00, real=0.01 secs] 
207.104: Total time for which application threads were stopped: 0.0006070 seconds, Stopping threads took: 0.0000630 seconds
207.160: Application time: 0.0563120 seconds
207.160: [GC [PSYoungGen: 15390K->384K(16384K)] 32044K->17463K(44544K), 0.0004240 secs] [Times: user=0.00 sys=0.00, real=0.00 secs] 
207.161: Total time for which application threads were stopped: 0.0005570 seconds, Stopping threads took: 0.0000710 seconds
207.205: Application time: 0.0437150 seconds
207.205: [GC [PSYoungGen: 15229K->544K(16384K)] 32309K->17647K(44544K), 0.0004360 secs] [Times: user=0.00 sys=0.00, real=0.00 secs] 
207.205: Total time for which application threads were stopped: 0.0005650 seconds, Stopping threads took: 0.0000650 seconds
207.252: Application time: 0.0463580 seconds
207.252: [GC [PSYoungGen: 15390K->656K(16384K)] 32494K->17767K(44544K), 0.0004530 secs] [Times: user=0.00 sys=0.00, real=0.01 secs] 
207.252: Total time for which application threads were stopped: 0.0005550 seconds, Stopping threads took: 0.0000400 seconds
207.301: Application time: 0.0487050 seconds
207.301: [GC [PSYoungGen: 15502K->832K(16384K)] 32613K->18087K(44544K), 0.0005660 secs] [Times: user=0.00 sys=0.00, real=0.00 secs] 
207.301: Total time for which application threads were stopped: 0.0006990 seconds, Stopping threads took: 0.0000680 seconds
207.348: Application time: 0.0467580 seconds
207.348: [GC [PSYoungGen: 15676K->320K(16384K)] 32931K->18152K(44544K), 0.0006020 secs] [Times: user=0.00 sys=0.00, real=0.00 secs] 
207.349: Total time for which application threads were stopped: 0.0007180 seconds, Stopping threads took: 0.0000550 seconds
207.410: Application time: 0.0606430 seconds
207.410: [GC [PSYoungGen: 15164K->736K(16384K)] 32997K->18632K(44544K), 0.0004710 secs] [Times: user=0.00 sys=0.00, real=0.00 secs] 
207.410: Total time for which application threads were stopped: 0.0005850 seconds, Stopping threads took: 0.0000570 seconds
207.472: Application time: 0.0617580 seconds
207.472: [GC [PSYoungGen: 15582K->544K(16384K)] 33478K->18849K(44544K), 0.0005200 secs] [Times: user=0.01 sys=0.00, real=0.00 secs] 
207.473: Total time for which application threads were stopped: 0.0006210 seconds, Stopping threads took: 0.0000390 seconds
207.538: Application time: 0.0655750 seconds
207.538: [GC [PSYoungGen: 15389K->0K(16384K)] 33695K->18722K(44544K), 0.0004090 secs] [Times: user=0.00 sys=0.00, real=0.00 secs] 
207.539: Total time for which application threads were stopped: 0.0005440 seconds, Stopping threads took: 0.0000670 seconds
207.601: Application time: 0.0625740 seconds
207.601: [GC [PSYoungGen: 14844K->576K(16384K)] 33567K->19298K(44544K), 0.0004220 secs] [Times: user=0.00 sys=0.00, real=0.00 secs] 
207.602: Total time for which application threads were stopped: 0.0005290 seconds, Stopping threads took: 0.0000440 seconds
207.666: Application time: 0.0646430 seconds
207.667: [GC [PSYoungGen: 15420K->384K(16384K)] 34143K->19319K(44544K), 0.0004220 secs] [Times: user=0.00 sys=0.00, real=0.00 secs] 
207.667: Total time for which application threads were stopped: 0.0005520 seconds, Stopping threads took: 0.0000600 seconds
207.730: Application time: 0.0629600 seconds
207.730: [GC [PSYoungGen: 15228K->576K(16384K)] 34163K->19743K(44544K), 0.0004480 secs] [Times: user=0.00 sys=0.00, real=0.00 secs] 
207.731: Total time for which application threads were stopped: 0.0005520 seconds, Stopping threads took: 0.0000450 seconds
207.795: Application time: 0.0646850 seconds
207.795: [GC [PSYoungGen: 15420K->256K(16384K)] 34587K->19628K(44544K), 0.0004320 secs] [Times: user=0.00 sys=0.00, real=0.00 secs] 
207.796: Total time for which application threads were stopped: 0.0005550 seconds, Stopping threads took: 0.0000610 seconds
207.861: Application time: 0.0654200 seconds
207.861: [GC [PSYoungGen: 15103K->0K(16384K)] 34475K->19600K(44544K), 0.0004000 secs] [Times: user=0.00 sys=0.00, real=0.00 secs] 
207.862: Total time for which application threads were stopped: 0.0005390 seconds, Stopping threads took: 0.0000710 seconds
207.928: Application time: 0.0658160 seconds
207.928: [GC [PSYoungGen: 14847K->0K(16384K)] 34447K->19600K(44544K), 0.0004140 secs] [Times: user=0.00 sys=0.00, real=0.00 secs] 
207.928: Total time for which application threads were stopped: 0.0005120 seconds, Stopping threads took: 0.0000360 seconds
207.994: Application time: 0.0657570 seconds
207.994: [GC [PSYoungGen: 14847K->0K(16384K)] 34447K->19600K(44544K), 0.0003610 secs] [Times: user=0.00 sys=0.00, real=0.00 secs] 
207.994: Total time for which application threads were stopped: 0.0004890 seconds, Stopping threads took: 0.0000630 seconds
208.060: Application time: 0.0658590 seconds
208.060: [GC [PSYoungGen: 14847K->0K(15360K)] 34447K->19600K(43520K), 0.0004010 secs] [Times: user=0.01 sys=0.00, real=0.00 secs] 
208.061: Total time for which application threads were stopped: 0.0005450 seconds, Stopping threads took: 0.0000840 seconds
208.127: Application time: 0.0659650 seconds
208.128: [GC [PSYoungGen: 14847K->0K(15872K)] 34447K->19600K(44032K), 0.0003840 secs] [Times: user=0.00 sys=0.00, real=0.00 secs] 
208.128: Total time for which application threads were stopped: 0.0016070 seconds, Stopping threads took: 0.0011630 seconds
208.194: Application time: 0.0657570 seconds
208.194: [GC [PSYoungGen: 14847K->0K(15872K)] 34447K->19600K(44032K), 0.0003700 secs] [Times: user=0.00 sys=0.00, real=0.00 secs] 
208.195: Total time for which application threads were stopped: 0.0005130 seconds, Stopping threads took: 0.0000700 seconds
208.257: Application time: 0.0622550 seconds
208.257: [GC [PSYoungGen: 14845K->352K(15872K)] 34446K->19952K(44032K), 0.0004000 secs] [Times: user=0.00 sys=0.00, real=0.00 secs] 
208.257: Total time for which application threads were stopped: 0.0005290 seconds, Stopping threads took: 0.0000650 seconds
208.297: Application time: 0.0395410 seconds
208.297: [GC [PSYoungGen: 15199K->512K(15872K)] 34799K->20136K(44032K), 0.0004270 secs] [Times: user=0.00 sys=0.00, real=0.00 secs] 
208.297: Total time for which application threads were stopped: 0.0005450 seconds, Stopping threads took: 0.0000520 seconds
208.353: Application time: 0.0557670 seconds
208.353: [GC [PSYoungGen: 15359K->352K(15872K)] 34984K->20200K(44032K), 0.0004080 secs] [Times: user=0.00 sys=0.00, real=0.00 secs] 
208.354: Total time for which application threads were stopped: 0.0005250 seconds, Stopping threads took: 0.0000550 seconds
208.418: Application time: 0.0641510 seconds
208.418: [GC [PSYoungGen: 15197K->480K(15872K)] 35046K->20352K(44032K), 0.0004200 secs] [Times: user=0.00 sys=0.00, real=0.00 secs] 
208.418: Total time for which application threads were stopped: 0.0005380 seconds, Stopping threads took: 0.0000580 seconds
208.484: Application time: 0.0655720 seconds
208.484: [GC [PSYoungGen: 15325K->0K(15872K)] 35197K->20293K(44032K), 0.0004350 secs] [Times: user=0.00 sys=0.00, real=0.00 secs] 
208.485: Total time for which application threads were stopped: 0.0005650 seconds, Stopping threads took: 0.0000680 seconds
208.550: Application time: 0.0651420 seconds
208.550: [GC [PSYoungGen: 14847K->0K(15872K)] 35140K->20293K(44032K), 0.0003520 secs] [Times: user=0.00 sys=0.00, real=0.00 secs] 
208.550: Total time for which application threads were stopped: 0.0004740 seconds, Stopping threads took: 0.0000630 seconds
208.621: Application time: 0.0710420 seconds
208.621: [GC [PSYoungGen: 14847K->0K(15872K)] 35140K->20293K(44032K), 0.0003850 secs] [Times: user=0.00 sys=0.00, real=0.00 secs] 
208.622: Total time for which application threads were stopped: 0.0005140 seconds, Stopping threads took: 0.0000630 seconds
208.692: Application time: 0.0701890 seconds
208.692: [GC [PSYoungGen: 14847K->320K(15872K)] 35140K->20613K(44032K), 0.0004350 secs] [Times: user=0.00 sys=0.00, real=0.00 secs] 
208.692: Total time for which application threads were stopped: 0.0005650 seconds, Stopping threads took: 0.0000610 seconds
208.739: Application time: 0.0465260 seconds
208.739: [GC [PSYoungGen: 15166K->960K(15360K)] 35459K->21301K(43520K), 0.0005810 secs] [Times: user=0.00 sys=0.00, real=0.00 secs] 
208.740: Total time for which application threads were stopped: 0.0007210 seconds, Stopping threads took: 0.0000630 seconds
208.787: Application time: 0.0476180 seconds
208.787: [GC [PSYoungGen: 15295K->480K(15872K)] 35636K->21293K(44032K), 0.0006120 secs] [Times: user=0.00 sys=0.00, real=0.00 secs] 
208.788: Total time for which application threads were stopped: 0.0007400 seconds, Stopping threads took: 0.0000610 seconds
208.855: Application time: 0.0664100 seconds
208.855: [GC [PSYoungGen: 14815K->512K(15872K)] 35629K->21389K(44032K), 0.0004860 secs] [Times: user=0.00 sys=0.00, real=0.00 secs] 
208.855: Total time for which application threads were stopped: 0.0006180 seconds, Stopping threads took: 0.0000680 seconds
208.908: Application time: 0.0524200 seconds
208.908: [GC [PSYoungGen: 14846K->544K(15872K)] 35724K->21847K(44032K), 0.0005280 secs] [Times: user=0.00 sys=0.01, real=0.00 secs] 
208.908: Total time for which application threads were stopped: 0.0006590 seconds, Stopping threads took: 0.0000640 seconds
208.953: Application time: 0.0445670 seconds
208.953: [GC [PSYoungGen: 14875K->544K(15872K)] 36178K->21871K(44032K), 0.0004480 secs] [Times: user=0.00 sys=0.00, real=0.00 secs] 
208.953: Total time for which application threads were stopped: 0.0005820 seconds, Stopping threads took: 0.0000680 seconds
209.009: Application time: 0.0558410 seconds
209.009: [GC [PSYoungGen: 14879K->832K(15872K)] 36206K->22175K(44032K), 0.0005590 secs] [Times: user=0.00 sys=0.00, real=0.00 secs] 
209.010: Total time for which application threads were stopped: 0.0006840 seconds, Stopping threads took: 0.0000630 seconds
209.063: Application time: 0.0529140 seconds
209.064: [GC [PSYoungGen: 15165K->576K(15872K)] 36508K->22239K(44032K), 0.0004950 secs] [Times: user=0.00 sys=0.00, real=0.00 secs] 
209.064: Total time for which application threads were stopped: 0.0015620 seconds, Stopping threads took: 0.0009990 seconds
209.114: Application time: 0.0491380 seconds
209.114: [GC [PSYoungGen: 14908K->352K(15872K)] 36571K->22424K(44032K), 0.0004820 secs] [Times: user=0.00 sys=0.00, real=0.00 secs] 
209.114: Total time for which application threads were stopped: 0.0005990 seconds, Stopping threads took: 0.0000530 seconds
209.177: Application time: 0.0626960 seconds
209.177: [GC [PSYoungGen: 14688K->544K(15872K)] 36760K->22688K(44032K), 0.0005400 secs] [Times: user=0.01 sys=0.00, real=0.00 secs] 
209.177: Total time for which application threads were stopped: 0.0006620 seconds, Stopping threads took: 0.0000610 seconds
209.241: Application time: 0.0635420 seconds
209.241: [GC [PSYoungGen: 14875K->736K(15872K)] 37020K->23092K(44032K), 0.0005450 secs] [Times: user=0.01 sys=0.00, real=0.00 secs] 
209.242: Total time for which application threads were stopped: 0.0006830 seconds, Stopping threads took: 0.0000480 seconds
209.311: Application time: 0.0690750 seconds
209.312: [GC [PSYoungGen: 15069K->0K(15872K)] 37425K->22970K(44032K), 0.0005020 secs] [Times: user=0.00 sys=0.00, real=0.00 secs] 
209.312: Total time for which application threads were stopped: 0.0016050 seconds, Stopping threads took: 0.0010340 seconds
209.379: Application time: 0.0663720 seconds
209.379: [GC [PSYoungGen: 14332K->512K(15872K)] 37302K->23482K(44032K), 0.0004860 secs] [Times: user=0.00 sys=0.00, real=0.00 secs] 
209.379: Total time for which application threads were stopped: 0.0006110 seconds, Stopping threads took: 0.0000610 seconds
209.448: Application time: 0.0683830 seconds
209.448: [GC [PSYoungGen: 14844K->288K(15872K)] 37815K->23478K(44032K), 0.0004780 secs] [Times: user=0.00 sys=0.00, real=0.00 secs] 
209.448: Total time for which application threads were stopped: 0.0006020 seconds, Stopping threads took: 0.0000610 seconds
209.517: Application time: 0.0683560 seconds
209.517: [GC [PSYoungGen: 14623K->320K(14848K)] 37814K->23731K(43008K), 0.0005520 secs] [Times: user=0.00 sys=0.00, real=0.00 secs] 
209.517: Total time for which application threads were stopped: 0.0006870 seconds, Stopping threads took: 0.0000660 seconds
209.586: Application time: 0.0681710 seconds
209.586: [GC [PSYoungGen: 14655K->416K(15360K)] 38066K->24064K(43520K), 0.0005070 secs] [Times: user=0.00 sys=0.00, real=0.00 secs] 
209.586: Total time for which application threads were stopped: 0.0006500 seconds, Stopping threads took: 0.0000770 seconds
209.656: Application time: 0.0701310 seconds
209.656: [GC [PSYoungGen: 14748K->0K(15360K)] 38396K->23872K(43520K), 0.0004110 secs] [Times: user=0.00 sys=0.00, real=0.00 secs] 
209.657: Total time for which application threads were stopped: 0.0005290 seconds, Stopping threads took: 0.0000550 seconds
209.728: Application time: 0.0713990 seconds
209.728: [GC [PSYoungGen: 14335K->0K(15360K)] 38207K->23872K(43520K), 0.0003870 secs] [Times: user=0.01 sys=0.00, real=0.00 secs] 
209.729: Total time for which application threads were stopped: 0.0005010 seconds, Stopping threads took: 0.0000570 seconds
209.799: Application time: 0.0704850 seconds
209.799: [GC [PSYoungGen: 14333K->0K(15360K)] 38205K->23872K(43520K), 0.0003900 secs] [Times: user=0.00 sys=0.00, real=0.00 secs] 
209.800: Total time for which application threads were stopped: 0.0005290 seconds, Stopping threads took: 0.0000700 seconds
209.870: Application time: 0.0704600 seconds
209.870: [GC [PSYoungGen: 14335K->0K(15360K)] 38207K->23872K(43520K), 0.0003820 secs] [Times: user=0.00 sys=0.00, real=0.00 secs] 
209.871: Total time for which application threads were stopped: 0.0005080 seconds, Stopping threads took: 0.0000650 seconds
209.942: Application time: 0.0716860 seconds
209.943: [GC [PSYoungGen: 14335K->0K(15360K)] 38207K->23872K(43520K), 0.0004230 secs] [Times: user=0.00 sys=0.00, real=0.00 secs] 
209.943: Total time for which application threads were stopped: 0.0005350 seconds, Stopping threads took: 0.0000550 seconds
210.014: Application time: 0.0705390 seconds
210.014: [GC [PSYoungGen: 14332K->0K(15360K)] 38204K->23872K(43520K), 0.0003690 secs] [Times: user=0.01 sys=0.00, real=0.00 secs] 
210.014: Total time for which application threads were stopped: 0.0004990 seconds, Stopping threads took: 0.0000630 seconds
210.084: Application time: 0.0700620 seconds
210.084: [GC [PSYoungGen: 14335K->0K(15360K)] 38207K->23872K(43520K), 0.0004070 secs] [Times: user=0.00 sys=0.00, real=0.00 secs] 
210.085: Total time for which application threads were stopped: 0.0005360 seconds, Stopping threads took: 0.0000640 seconds
210.137: Application time: 0.0524220 seconds
210.137: [GC [PSYoungGen: 14334K->480K(15360K)] 38206K->24352K(43520K), 0.0004700 secs] [Times: user=0.00 sys=0.00, real=0.00 secs] 
210.138: Total time for which application threads were stopped: 0.0006060 seconds, Stopping threads took: 0.0000720 seconds
210.182: Application time: 0.0441070 seconds
210.182: [GC [PSYoungGen: 14811K->512K(15360K)] 38683K->24408K(43520K), 0.0004630 secs] [Times: user=0.00 sys=0.00, real=0.00 secs] 
210.182: Total time for which application threads were stopped: 0.0006040 seconds, Stopping threads took: 0.0000710 seconds
210.249: Application time: 0.0664630 seconds
210.249: [GC [PSYoungGen: 14844K->512K(15360K)] 38741K->24424K(43520K), 0.0004440 secs] [Times: user=0.00 sys=0.00, real=0.00 secs] 
210.249: Total time for which application threads were stopped: 0.0005720 seconds, Stopping threads took: 0.0000650 seconds
210.319: Application time: 0.0698470 seconds
210.319: [GC [PSYoungGen: 14845K->0K(15360K)] 38757K->24324K(43520K), 0.0005240 secs] [Times: user=0.00 sys=0.00, real=0.00 secs] 
210.320: Total time for which application threads were stopped: 0.0006600 seconds, Stopping threads took: 0.0000630 seconds
210.389: Application time: 0.0690770 seconds
210.389: [GC [PSYoungGen: 14332K->0K(15360K)] 38657K->24324K(43520K), 0.0004060 secs] [Times: user=0.00 sys=0.00, real=0.00 secs] 
210.390: Total time for which application threads were stopped: 0.0005220 seconds, Stopping threads took: 0.0000510 seconds
210.459: Application time: 0.0697270 seconds
210.459: [GC [PSYoungGen: 14333K->0K(15360K)] 38657K->24324K(43520K), 0.0003730 secs] [Times: user=0.01 sys=0.00, real=0.00 secs] 
210.460: Total time for which application threads were stopped: 0.0004990 seconds, Stopping threads took: 0.0000600 seconds
210.530: Application time: 0.0697850 seconds
210.530: [GC [PSYoungGen: 14333K->0K(15360K)] 38657K->24324K(43520K), 0.0004130 secs] [Times: user=0.00 sys=0.00, real=0.00 secs] 
210.530: Total time for which application threads were stopped: 0.0005360 seconds, Stopping threads took: 0.0000570 seconds
210.597: Application time: 0.0669570 seconds
210.597: [GC [PSYoungGen: 14331K->352K(15360K)] 38656K->24676K(43520K), 0.0005010 secs] [Times: user=0.00 sys=0.00, real=0.00 secs] 
210.598: Total time for which application threads were stopped: 0.0006230 seconds, Stopping threads took: 0.0000560 seconds
210.648: Application time: 0.0506920 seconds
210.648: Total time for which application threads were stopped: 0.0000980 seconds, Stopping threads took: 0.0000730 seconds
210.649: Application time: 0.0000450 seconds
210.649: [GC [PSYoungGen: 14609K->864K(14848K)] 39061K->25380K(43008K), 0.0005290 secs] [Times: user=0.01 sys=0.00, real=0.00 secs] 
210.649: Total time for which application threads were stopped: 0.0006300 seconds, Stopping threads took: 0.0000480 seconds
210.691: Application time: 0.0415990 seconds
210.691: [GC [PSYoungGen: 14683K->416K(14336K)] 39485K->25682K(42496K), 0.0006700 secs] [Times: user=0.00 sys=0.00, real=0.00 secs] 
210.692: Total time for which application threads were stopped: 0.0007910 seconds, Stopping threads took: 0.0000550 seconds
210.752: Application time: 0.0604940 seconds
210.752: [GC [PSYoungGen: 14239K->448K(14848K)] 39505K->25958K(43008K), 0.0004890 secs] [Times: user=0.00 sys=0.00, real=0.00 secs] 
210.753: Total time for which application threads were stopped: 0.0006140 seconds, Stopping threads took: 0.0000590 seconds
210.797: Application time: 0.0439390 seconds
210.797: [GC [PSYoungGen: 14270K->736K(14848K)] 39781K->26467K(43008K), 0.0005450 secs] [Times: user=0.00 sys=0.00, real=0.00 secs] 
210.797: Total time for which application threads were stopped: 0.0006770 seconds, Stopping threads took: 0.0000640 seconds
210.845: Application time: 0.0480690 seconds
210.845: [GC [PSYoungGen: 14555K->416K(15360K)] 40287K->26568K(43520K), 0.0004980 secs] [Times: user=0.00 sys=0.00, real=0.00 secs] 
210.846: Total time for which application threads were stopped: 0.0006400 seconds, Stopping threads took: 0.0000670 seconds
210.894: Application time: 0.0483290 seconds
210.894: [GC [PSYoungGen: 14238K->576K(15360K)] 40390K->26976K(43520K), 0.0005040 secs] [Times: user=0.00 sys=0.00, real=0.00 secs] 
210.895: Total time for which application threads were stopped: 0.0006230 seconds, Stopping threads took: 0.0000540 seconds
210.951: Application time: 0.0564420 seconds
210.951: [GC [PSYoungGen: 14399K->672K(15360K)] 40799K->27364K(43520K), 0.0005300 secs] [Times: user=0.00 sys=0.00, real=0.01 secs] 
210.952: Total time for which application threads were stopped: 0.0006430 seconds, Stopping threads took: 0.0000500 seconds
210.998: Application time: 0.0458350 seconds
210.998: [GC [PSYoungGen: 14493K->512K(15360K)] 41185K->27424K(43520K), 0.0005410 secs] [Times: user=0.00 sys=0.00, real=0.00 secs] 
210.999: Total time for which application threads were stopped: 0.0006630 seconds, Stopping threads took: 0.0000550 seconds
211.061: Application time: 0.0627490 seconds
211.061: [GC [PSYoungGen: 14331K->288K(14336K)] 41244K->27448K(42496K), 0.0004890 secs] [Times: user=0.00 sys=0.00, real=0.00 secs] 
211.062: Total time for which application threads were stopped: 0.0006220 seconds, Stopping threads took: 0.0000670 seconds
211.123: Application time: 0.0605970 seconds
211.123: [GC [PSYoungGen: 14108K->896K(15360K)] 41268K->28080K(43520K), 0.0004870 secs] [Times: user=0.00 sys=0.00, real=0.00 secs] 
211.123: Total time for which application threads were stopped: 0.0005990 seconds, Stopping threads took: 0.0000460 seconds
211.189: Application time: 0.0657000 seconds
211.189: [GC [PSYoungGen: 14717K->0K(14336K)] 41902K->27790K(42496K), 0.0005120 secs] [Times: user=0.01 sys=0.00, real=0.00 secs] 
211.189: [Full GC [PSYoungGen: 0K->0K(14336K)] [ParOldGen: 27790K->4416K(27648K)] 27790K->4416K(41984K) [PSPermGen: 5578K->5578K(21504K)], 0.0058830 secs] [Times: user=0.02 sys=0.00, real=0.01 secs] 
211.195: Total time for which application threads were stopped: 0.0065810 seconds, Stopping threads took: 0.0000650 seconds
211.261: Application time: 0.0653510 seconds
211.261: [GC [PSYoungGen: 13820K->544K(15360K)] 18236K->4960K(43008K), 0.0004230 secs] [Times: user=0.00 sys=0.00, real=0.00 secs] 
211.262: Total time for which application threads were stopped: 0.0017030 seconds, Stopping threads took: 0.0000630 seconds
211.329: Application time: 0.0664900 seconds
211.329: [GC [PSYoungGen: 14367K->352K(14336K)] 18784K->5000K(41984K), 0.0004300 secs] [Times: user=0.00 sys=0.00, real=0.00 secs] 
211.330: Total time for which application threads were stopped: 0.0005550 seconds, Stopping threads took: 0.0000580 seconds
211.395: Application time: 0.0657440 seconds
211.395: [GC [PSYoungGen: 14172K->416K(15360K)] 18820K->5293K(43008K), 0.0004330 secs] [Times: user=0.00 sys=0.00, real=0.00 secs] 
211.396: Total time for which application threads were stopped: 0.0005910 seconds, Stopping threads took: 0.0000790 seconds
211.463: Application time: 0.0669620 seconds
211.463: [GC [PSYoungGen: 14239K->288K(14336K)] 19116K->5381K(41984K), 0.0005260 secs] [Times: user=0.00 sys=0.00, real=0.00 secs] 
211.463: Total time for which application threads were stopped: 0.0006660 seconds, Stopping threads took: 0.0000710 seconds
211.531: Application time: 0.0679080 seconds
211.531: [GC [PSYoungGen: 14109K->0K(14848K)] 19202K->5309K(42496K), 0.0003870 secs] [Times: user=0.00 sys=0.00, real=0.01 secs] 
211.532: Total time for which application threads were stopped: 0.0005150 seconds, Stopping threads took: 0.0000640 seconds
211.600: Application time: 0.0678940 seconds
211.600: [GC [PSYoungGen: 13821K->0K(14336K)] 19130K->5309K(41984K), 0.0003970 secs] [Times: user=0.00 sys=0.00, real=0.00 secs] 
211.600: Total time for which application threads were stopped: 0.0005220 seconds, Stopping threads took: 0.0000610 seconds
211.668: Application time: 0.0678120 seconds
211.668: [GC [PSYoungGen: 13821K->0K(14848K)] 19130K->5309K(42496K), 0.0003510 secs] [Times: user=0.00 sys=0.00, real=0.00 secs] 
211.669: Total time for which application threads were stopped: 0.0004770 seconds, Stopping threads took: 0.0000640 seconds
211.737: Application time: 0.0679790 seconds
211.737: [GC [PSYoungGen: 13823K->0K(14848K)] 19132K->5309K(42496K), 0.0003440 secs] [Times: user=0.01 sys=0.00, real=0.00 secs] 
211.737: Total time for which application threads were stopped: 0.0004570 seconds, Stopping threads took: 0.0000510 seconds
211.805: Application time: 0.0680500 seconds
211.805: [GC [PSYoungGen: 13821K->0K(14848K)] 19130K->5309K(42496K), 0.0003930 secs] [Times: user=0.00 sys=0.00, real=0.00 secs] 
211.806: Total time for which application threads were stopped: 0.0005100 seconds, Stopping threads took: 0.0000540 seconds
211.874: Application time: 0.0681530 seconds
211.874: [GC [PSYoungGen: 13821K->0K(14848K)] 19130K->5309K(42496K), 0.0003880 secs] [Times: user=0.01 sys=0.00, real=0.00 secs] 
211.874: Total time for which application threads were stopped: 0.0005060 seconds, Stopping threads took: 0.0000550 seconds
211.942: Application time: 0.0678420 seconds
211.942: [GC [PSYoungGen: 13821K->0K(14848K)] 19130K->5309K(42496K), 0.0003760 secs] [Times: user=0.00 sys=0.00, real=0.00 secs] 
211.943: Total time for which application threads were stopped: 0.0005030 seconds, Stopping threads took: 0.0000550 seconds
212.007: Application time: 0.0640520 seconds
212.007: [GC [PSYoungGen: 13821K->256K(14848K)] 19130K->5565K(42496K), 0.0004590 secs] [Times: user=0.00 sys=0.00, real=0.00 secs] 
212.007: Total time for which application threads were stopped: 0.0005790 seconds, Stopping threads took: 0.0000540 seconds
212.046: Application time: 0.0382790 seconds
212.046: [GC [PSYoungGen: 14076K->512K(14848K)] 19385K->5837K(42496K), 0.0004290 secs] [Times: user=0.00 sys=0.00, real=0.00 secs] 
212.046: Total time for which application threads were stopped: 0.0005680 seconds, Stopping threads took: 0.0000710 seconds
212.102: Application time: 0.0562260 seconds
212.102: [GC [PSYoungGen: 14331K->480K(14848K)] 19656K->5837K(42496K), 0.0003980 secs] [Times: user=0.01 sys=0.00, real=0.00 secs] 
212.103: Total time for which application threads were stopped: 0.0005360 seconds, Stopping threads took: 0.0000690 seconds
212.167: Application time: 0.0645500 seconds
212.168: [GC [PSYoungGen: 14302K->512K(14848K)] 19659K->5901K(42496K), 0.0004170 secs] [Times: user=0.00 sys=0.00, real=0.00 secs] 
212.168: Total time for which application threads were stopped: 0.0005300 seconds, Stopping threads took: 0.0000460 seconds
212.235: Application time: 0.0674540 seconds
212.236: [GC [PSYoungGen: 14335K->0K(14848K)] 19724K->5790K(42496K), 0.0004730 secs] [Times: user=0.00 sys=0.00, real=0.00 secs] 
212.236: Total time for which application threads were stopped: 0.0006000 seconds, Stopping threads took: 0.0000610 seconds
212.303: Application time: 0.0672600 seconds
212.303: [GC [PSYoungGen: 13823K->0K(14848K)] 19613K->5790K(42496K), 0.0003650 secs] [Times: user=0.00 sys=0.00, real=0.00 secs] 
212.304: Total time for which application threads were stopped: 0.0005010 seconds, Stopping threads took: 0.0000630 seconds
212.371: Application time: 0.0673750 seconds
212.371: [GC [PSYoungGen: 13823K->0K(14848K)] 19613K->5790K(42496K), 0.0003520 secs] [Times: user=0.01 sys=0.00, real=0.00 secs] 
212.372: Total time for which application threads were stopped: 0.0004830 seconds, Stopping threads took: 0.0000670 seconds
212.439: Application time: 0.0672960 seconds
212.439: [GC [PSYoungGen: 13823K->0K(14848K)] 19613K->5790K(42496K), 0.0003570 secs] [Times: user=0.00 sys=0.00, real=0.00 secs] 
212.439: Total time for which application threads were stopped: 0.0004910 seconds, Stopping threads took: 0.0000710 seconds
212.503: Application time: 0.0631650 seconds
212.503: [GC [PSYoungGen: 13820K->528K(14848K)] 19610K->6318K(42496K), 0.0004650 secs] [Times: user=0.00 sys=0.00, real=0.00 secs] 
212.503: Total time for which application threads were stopped: 0.0005980 seconds, Stopping threads took: 0.0000590 seconds
212.566: Application time: 0.0632110 seconds
212.566: [GC [PSYoungGen: 14351K->352K(14848K)] 20141K->6615K(42496K), 0.0005600 secs] [Times: user=0.00 sys=0.00, real=0.00 secs] 
212.567: Total time for which application threads were stopped: 0.0006590 seconds, Stopping threads took: 0.0000360 seconds
212.601: Application time: 0.0343250 seconds
212.601: [GC [PSYoungGen: 14172K->512K(14848K)] 20435K->6783K(42496K), 0.0004660 secs] [Times: user=0.00 sys=0.00, real=0.00 secs] 
212.602: Total time for which application threads were stopped: 0.0005900 seconds, Stopping threads took: 0.0000530 seconds
212.640: Application time: 0.0382180 seconds
212.640: [GC [PSYoungGen: 14332K->736K(14848K)] 20603K->7063K(42496K), 0.0004440 secs] [Times: user=0.01 sys=0.00, real=0.00 secs] 
212.641: Total time for which application threads were stopped: 0.0005680 seconds, Stopping threads took: 0.0000610 seconds
212.680: Application time: 0.0387410 seconds
212.680: [GC [PSYoungGen: 14559K->800K(15360K)] 20887K->7371K(43008K), 0.0005310 secs] [Times: user=0.01 sys=0.00, real=0.00 secs] 
212.680: Total time for which application threads were stopped: 0.0006580 seconds, Stopping threads took: 0.0000630 seconds
212.726: Application time: 0.0457910 seconds
212.726: [GC [PSYoungGen: 14623K->800K(15360K)] 21195K->7773K(43008K), 0.0005020 secs] [Times: user=0.01 sys=0.00, real=0.00 secs] 
212.727: Total time for which application threads were stopped: 0.0006220 seconds, Stopping threads took: 0.0000600 seconds
212.771: Application time: 0.0439310 seconds
212.771: [GC [PSYoungGen: 14621K->864K(18432K)] 21594K->8113K(46080K), 0.0004830 secs] [Times: user=0.00 sys=0.00, real=0.00 secs] 
212.771: Total time for which application threads were stopped: 0.0006100 seconds, Stopping threads took: 0.0000630 seconds
212.835: Application time: 0.0638830 seconds
212.835: [GC [PSYoungGen: 17675K->432K(18432K)] 24925K->8118K(46080K), 0.0004530 secs] [Times: user=0.00 sys=0.00, real=0.00 secs] 
212.836: Total time for which application threads were stopped: 0.0005940 seconds, Stopping threads took: 0.0000790 seconds
212.896: Application time: 0.0604130 seconds
212.896: [GC [PSYoungGen: 17327K->480K(18432K)] 25013K->8294K(46080K), 0.0004130 secs] [Times: user=0.00 sys=0.00, real=0.00 secs] 
212.897: Total time for which application threads were stopped: 0.0005310 seconds, Stopping threads took: 0.0000550 seconds
212.969: Application time: 0.0726780 seconds
212.969: [GC [PSYoungGen: 17375K->352K(18432K)] 25190K->8318K(46080K), 0.0004050 secs] [Times: user=0.00 sys=0.00, real=0.00 secs] 
212.970: Total time for which application threads were stopped: 0.0005300 seconds, Stopping threads took: 0.0000650 seconds
213.039: Application time: 0.0696280 seconds
213.040: [GC [PSYoungGen: 17246K->544K(18432K)] 25212K->8730K(46080K), 0.0004420 secs] [Times: user=0.00 sys=0.00, real=0.00 secs] 
213.040: Total time for which application threads were stopped: 0.0005680 seconds, Stopping threads took: 0.0000540 seconds
213.111: Application time: 0.0706710 seconds
213.111: [GC [PSYoungGen: 17438K->576K(18432K)] 25625K->9171K(46080K), 0.0004890 secs] [Times: user=0.00 sys=0.00, real=0.00 secs] 
213.111: Total time for which application threads were stopped: 0.0006180 seconds, Stopping threads took: 0.0000620 seconds
213.184: Application time: 0.0732040 seconds
213.185: [GC [PSYoungGen: 17468K->320K(18432K)] 26064K->9325K(46080K), 0.0004830 secs] [Times: user=0.00 sys=0.00, real=0.00 secs] 
213.185: Total time for which application threads were stopped: 0.0006050 seconds, Stopping threads took: 0.0000620 seconds
213.258: Application time: 0.0729020 seconds
213.258: [GC [PSYoungGen: 17215K->384K(17408K)] 26220K->9609K(45056K), 0.0004290 secs] [Times: user=0.01 sys=0.00, real=0.00 secs] 
213.259: Total time for which application threads were stopped: 0.0005520 seconds, Stopping threads took: 0.0000600 seconds
213.334: Application time: 0.0754490 seconds
213.334: [GC [PSYoungGen: 17280K->0K(17920K)] 26505K->9438K(45568K), 0.0004450 secs] [Times: user=0.00 sys=0.00, real=0.00 secs] 
213.335: Total time for which application threads were stopped: 0.0005810 seconds, Stopping threads took: 0.0000690 seconds
213.410: Application time: 0.0749810 seconds
213.410: [GC [PSYoungGen: 16895K->0K(17920K)] 26333K->9438K(45568K), 0.0004110 secs] [Times: user=0.00 sys=0.00, real=0.00 secs] 
213.410: Total time for which application threads were stopped: 0.0005360 seconds, Stopping threads took: 0.0000630 seconds
213.486: Application time: 0.0755520 seconds
213.486: [GC [PSYoungGen: 16895K->0K(17920K)] 26333K->9438K(45568K), 0.0003660 secs] [Times: user=0.00 sys=0.00, real=0.00 secs] 
213.486: Total time for which application threads were stopped: 0.0004680 seconds, Stopping threads took: 0.0000420 seconds
213.561: Application time: 0.0752120 seconds
213.561: [GC [PSYoungGen: 16895K->0K(17920K)] 26333K->9438K(45568K), 0.0003490 secs] [Times: user=0.00 sys=0.00, real=0.00 secs] 
213.562: Total time for which application threads were stopped: 0.0004970 seconds, Stopping threads took: 0.0000770 seconds
213.637: Application time: 0.0753940 seconds
213.637: [GC [PSYoungGen: 16895K->0K(17920K)] 26333K->9438K(45568K), 0.0004070 secs] [Times: user=0.00 sys=0.00, real=0.00 secs] 
213.638: Total time for which application threads were stopped: 0.0005200 seconds, Stopping threads took: 0.0000510 seconds
213.713: Application time: 0.0750060 seconds
213.713: [GC [PSYoungGen: 16895K->0K(17920K)] 26333K->9438K(45568K), 0.0004230 secs] [Times: user=0.01 sys=0.00, real=0.00 secs] 
213.713: Total time for which application threads were stopped: 0.0005540 seconds, Stopping threads took: 0.0000670 seconds
213.780: Application time: 0.0661970 seconds
213.780: [GC [PSYoungGen: 16894K->320K(17920K)] 26332K->9758K(45568K), 0.0003950 secs] [Times: user=0.00 sys=0.00, real=0.00 secs] 
213.780: Total time for which application threads were stopped: 0.0005060 seconds, Stopping threads took: 0.0000470 seconds
213.825: Application time: 0.0448570 seconds
213.825: [GC [PSYoungGen: 17215K->544K(17920K)] 26653K->10006K(45568K), 0.0004300 secs] [Times: user=0.00 sys=0.00, real=0.00 secs] 
213.825: Total time for which application threads were stopped: 0.0005580 seconds, Stopping threads took: 0.0000640 seconds
213.897: Application time: 0.0711310 seconds
213.897: [GC [PSYoungGen: 17435K->512K(17920K)] 26897K->9998K(45568K), 0.0004320 secs] [Times: user=0.00 sys=0.00, real=0.00 secs] 
213.897: Total time for which application threads were stopped: 0.0005470 seconds, Stopping threads took: 0.0000570 seconds
213.971: Application time: 0.0742970 seconds
213.972: [GC [PSYoungGen: 17407K->0K(17920K)] 26893K->9895K(45568K), 0.0004030 secs] [Times: user=0.00 sys=0.00, real=0.01 secs] 
213.972: Total time for which application threads were stopped: 0.0005360 seconds, Stopping threads took: 0.0000680 seconds
214.046: Application time: 0.0744110 seconds
214.046: [GC [PSYoungGen: 16895K->0K(17920K)] 26790K->9895K(45568K), 0.0003290 secs] [Times: user=0.00 sys=0.00, real=0.00 secs] 
214.047: Total time for which application threads were stopped: 0.0004620 seconds, Stopping threads took: 0.0000700 seconds
214.121: Application time: 0.0744590 seconds
214.121: [GC [PSYoungGen: 16895K->0K(17920K)] 26790K->9895K(45568K), 0.0003310 secs] [Times: user=0.00 sys=0.00, real=0.00 secs] 
214.122: Total time for which application threads were stopped: 0.0004630 seconds, Stopping threads took: 0.0000610 seconds
214.195: Application time: 0.0734910 seconds
214.195: [GC [PSYoungGen: 16895K->288K(17920K)] 26790K->10183K(45568K), 0.0003960 secs] [Times: user=0.00 sys=0.00, real=0.00 secs] 
214.196: Total time for which application threads were stopped: 0.0005140 seconds, Stopping threads took: 0.0000580 seconds
214.268: Application time: 0.0721750 seconds
214.268: [GC [PSYoungGen: 17180K->544K(17920K)] 27075K->10447K(45568K), 0.0004940 secs] [Times: user=0.00 sys=0.00, real=0.00 secs] 
214.269: Total time for which application threads were stopped: 0.0006180 seconds, Stopping threads took: 0.0000620 seconds
214.313: Application time: 0.0449020 seconds
214.314: [GC [PSYoungGen: 17435K->512K(17920K)] 27339K->10879K(45568K), 0.0005690 secs] [Times: user=0.00 sys=0.00, real=0.00 secs] 
214.314: Total time for which application threads were stopped: 0.0007020 seconds, Stopping threads took: 0.0000700 seconds
214.364: Application time: 0.0501600 seconds
214.364: [GC [PSYoungGen: 17405K->672K(17920K)] 27772K->11079K(45568K), 0.0004920 secs] [Times: user=0.00 sys=0.00, real=0.00 secs] 
214.365: Total time for which application threads were stopped: 0.0006230 seconds, Stopping threads took: 0.0000620 seconds
214.411: Application time: 0.0460080 seconds
214.411: [GC [PSYoungGen: 17566K->768K(17408K)] 27974K->11231K(45056K), 0.0005110 secs] [Times: user=0.00 sys=0.00, real=0.00 secs] 
214.412: Total time for which application threads were stopped: 0.0006130 seconds, Stopping threads took: 0.0000410 seconds
214.464: Application time: 0.0525300 seconds
214.464: [GC [PSYoungGen: 17150K->768K(17920K)] 27613K->11692K(45568K), 0.0005340 secs] [Times: user=0.01 sys=0.00, real=0.00 secs] 
214.465: Total time for which application threads were stopped: 0.0006580 seconds, Stopping threads took: 0.0000610 seconds
214.531: Application time: 0.0661830 seconds
214.531: [GC [PSYoungGen: 17148K->544K(17920K)] 28072K->11920K(45568K), 0.0005130 secs] [Times: user=0.00 sys=0.00, real=0.00 secs] 
214.532: Total time for which application threads were stopped: 0.0006280 seconds, Stopping threads took: 0.0000500 seconds
214.582: Application time: 0.0501800 seconds
214.582: [GC [PSYoungGen: 16926K->608K(17920K)] 28303K->12205K(45568K), 0.0004500 secs] [Times: user=0.00 sys=0.00, real=0.00 secs] 
214.582: Total time for which application threads were stopped: 0.0005890 seconds, Stopping threads took: 0.0000750 seconds
214.652: Application time: 0.0693570 seconds
214.652: [GC [PSYoungGen: 16990K->352K(17920K)] 28587K->12201K(45568K), 0.0004010 secs] [Times: user=0.00 sys=0.00, real=0.00 secs] 
214.652: Total time for which application threads were stopped: 0.0005300 seconds, Stopping threads took: 0.0000540 seconds
214.720: Application time: 0.0679830 seconds
214.720: [GC [PSYoungGen: 16735K->576K(17920K)] 28585K->12646K(45568K), 0.0004700 secs] [Times: user=0.00 sys=0.00, real=0.00 secs] 
214.721: Total time for which application threads were stopped: 0.0005880 seconds, Stopping threads took: 0.0000570 seconds
214.788: Application time: 0.0675200 seconds
214.788: [GC [PSYoungGen: 16956K->768K(17920K)] 29027K->13050K(45568K), 0.0004810 secs] [Times: user=0.00 sys=0.00, real=0.00 secs] 
214.789: Total time for which application threads were stopped: 0.0006060 seconds, Stopping threads took: 0.0000630 seconds
214.858: Application time: 0.0691130 seconds
214.858: [GC [PSYoungGen: 17151K->544K(17920K)] 29434K->13227K(45568K), 0.0005400 secs] [Times: user=0.01 sys=0.00, real=0.00 secs] 
214.859: Total time for which application threads were stopped: 0.0006510 seconds, Stopping threads took: 0.0000460 seconds
214.931: Application time: 0.0720350 seconds
214.931: [GC [PSYoungGen: 16923K->0K(17920K)] 29607K->13101K(45568K), 0.0004210 secs] [Times: user=0.00 sys=0.00, real=0.00 secs] 
214.931: Total time for which application threads were stopped: 0.0005460 seconds, Stopping threads took: 0.0000620 seconds
215.002: Application time: 0.0706600 seconds
215.002: [GC [PSYoungGen: 16383K->384K(17920K)] 29484K->13485K(45568K), 0.0003750 secs] [Times: user=0.00 sys=0.00, real=0.00 secs] 
215.002: Total time for which application threads were stopped: 0.0004970 seconds, Stopping threads took: 0.0000570 seconds
215.076: Application time: 0.0732780 seconds
215.076: [GC [PSYoungGen: 16767K->0K(17920K)] 29868K->13325K(45568K), 0.0003930 secs] [Times: user=0.00 sys=0.00, real=0.00 secs] 
215.076: Total time for which application threads were stopped: 0.0005110 seconds, Stopping threads took: 0.0000550 seconds
215.149: Application time: 0.0727410 seconds
215.149: [GC [PSYoungGen: 16381K->0K(17920K)] 29706K->13325K(45568K), 0.0003580 secs] [Times: user=0.01 sys=0.00, real=0.00 secs] 
215.149: Total time for which application threads were stopped: 0.0004860 seconds, Stopping threads took: 0.0000640 seconds
215.222: Application time: 0.0729110 seconds
215.223: [GC [PSYoungGen: 16381K->0K(17920K)] 29706K->13325K(45568K), 0.0004210 secs] [Times: user=0.00 sys=0.00, real=0.00 secs] 
215.223: Total time for which application threads were stopped: 0.0005720 seconds, Stopping threads took: 0.0000730 seconds
215.296: Application time: 0.0730180 seconds
215.296: [GC [PSYoungGen: 16381K->0K(17920K)] 29706K->13325K(45568K), 0.0003540 secs] [Times: user=0.01 sys=0.00, real=0.00 secs] 
215.296: Total time for which application threads were stopped: 0.0004810 seconds, Stopping threads took: 0.0000570 seconds
215.370: Application time: 0.0730830 seconds
215.370: [GC [PSYoungGen: 16381K->0K(16896K)] 29706K->13325K(44544K), 0.0004600 secs] [Times: user=0.00 sys=0.00, real=0.00 secs] 
215.370: Total time for which application threads were stopped: 0.0005820 seconds, Stopping threads took: 0.0000570 seconds
215.443: Application time: 0.0726720 seconds
215.443: [GC [PSYoungGen: 16381K->0K(17408K)] 29706K->13325K(45056K), 0.0003550 secs] [Times: user=0.00 sys=0.00, real=0.00 secs] 
215.443: Total time for which application threads were stopped: 0.0004870 seconds, Stopping threads took: 0.0000670 seconds
215.498: Application time: 0.0545220 seconds
215.498: [GC [PSYoungGen: 16382K->512K(17408K)] 29707K->13837K(45056K), 0.0004610 secs] [Times: user=0.00 sys=0.00, real=0.00 secs] 
215.498: Total time for which application threads were stopped: 0.0005820 seconds, Stopping threads took: 0.0000590 seconds
215.549: Application time: 0.0508660 seconds
215.549: [GC [PSYoungGen: 16895K->576K(17408K)] 30220K->13917K(45056K), 0.0004320 secs] [Times: user=0.00 sys=0.00, real=0.00 secs] 
215.550: Total time for which application threads were stopped: 0.0005480 seconds, Stopping threads took: 0.0000520 seconds
215.619: Application time: 0.0692910 seconds
215.619: [GC [PSYoungGen: 16957K->544K(17920K)] 30298K->13909K(45568K), 0.0004050 secs] [Times: user=0.00 sys=0.00, real=0.00 secs] 
215.620: Total time for which application threads were stopped: 0.0005220 seconds, Stopping threads took: 0.0000600 seconds
215.692: Application time: 0.0728520 seconds
215.693: [GC [PSYoungGen: 16925K->0K(17920K)] 30290K->13782K(45568K), 0.0004130 secs] [Times: user=0.00 sys=0.00, real=0.00 secs] 
215.693: Total time for which application threads were stopped: 0.0005280 seconds, Stopping threads took: 0.0000550 seconds
215.766: Application time: 0.0734200 seconds
215.767: [GC [PSYoungGen: 16383K->0K(16896K)] 30165K->13782K(44544K), 0.0003540 secs] [Times: user=0.00 sys=0.00, real=0.00 secs] 
215.767: Total time for which application threads were stopped: 0.0004830 seconds, Stopping threads took: 0.0000610 seconds
215.840: Application time: 0.0726120 seconds
215.840: [GC [PSYoungGen: 16379K->0K(17408K)] 30161K->13782K(45056K), 0.0003500 secs] [Times: user=0.00 sys=0.00, real=0.00 secs] 
215.840: Total time for which application threads were stopped: 0.0004780 seconds, Stopping threads took: 0.0000650 seconds
215.910: Application time: 0.0703400 seconds
215.910: [GC [PSYoungGen: 16382K->384K(17408K)] 30164K->14166K(45056K), 0.0003850 secs] [Times: user=0.00 sys=0.00, real=0.00 secs] 
215.911: Total time for which application threads were stopped: 0.0005030 seconds, Stopping threads took: 0.0000550 seconds
215.981: Application time: 0.0700940 seconds
215.981: [GC [PSYoungGen: 16764K->576K(17408K)] 30546K->14618K(45056K), 0.0004470 secs] [Times: user=0.00 sys=0.00, real=0.00 secs] 
215.982: Total time for which application threads were stopped: 0.0005470 seconds, Stopping threads took: 0.0000440 seconds
216.025: Application time: 0.0433650 seconds
216.025: [GC [PSYoungGen: 16847K->480K(17408K)] 30890K->14778K(45056K), 0.0004360 secs] [Times: user=0.00 sys=0.00, real=0.00 secs] 
216.025: Total time for which application threads were stopped: 0.0005560 seconds, Stopping threads took: 0.0000610 seconds
216.072: Application time: 0.0464930 seconds
216.072: [GC [PSYoungGen: 16861K->640K(17408K)] 31160K->15103K(45056K), 0.0004930 secs] [Times: user=0.00 sys=0.00, real=0.00 secs] 
216.073: Total time for which application threads were stopped: 0.0006100 seconds, Stopping threads took: 0.0000570 seconds
216.124: Application time: 0.0518880 seconds
216.125: [GC [PSYoungGen: 17019K->960K(17920K)] 31483K->15575K(45568K), 0.0004930 secs] [Times: user=0.00 sys=0.00, real=0.00 secs] 
216.125: Total time for which application threads were stopped: 0.0006120 seconds, Stopping threads took: 0.0000550 seconds
216.173: Application time: 0.0475360 seconds
216.173: [GC [PSYoungGen: 17341K->832K(17920K)] 31957K->15848K(45568K), 0.0005600 secs] [Times: user=0.00 sys=0.00, real=0.00 secs] 
216.173: Total time for which application threads were stopped: 0.0006970 seconds, Stopping threads took: 0.0000760 seconds
216.237: Application time: 0.0640400 seconds
216.237: [GC [PSYoungGen: 17213K->672K(17920K)] 32229K->15992K(45568K), 0.0005020 secs] [Times: user=0.00 sys=0.00, real=0.00 secs] 
216.238: Total time for which application threads were stopped: 0.0006330 seconds, Stopping threads took: 0.0000680 seconds
216.289: Application time: 0.0512030 seconds
216.289: [GC [PSYoungGen: 17051K->496K(17920K)] 32372K->16013K(45568K), 0.0005170 secs] [Times: user=0.00 sys=0.00, real=0.01 secs] 
216.292: Total time for which application threads were stopped: 0.0029420 seconds, Stopping threads took: 0.0000500 seconds
216.360: Application time: 0.0679290 seconds
216.360: [GC [PSYoungGen: 16877K->384K(17920K)] 32395K->16153K(45568K), 0.0004410 secs] [Times: user=0.01 sys=0.00, real=0.00 secs] 
216.361: Total time for which application threads were stopped: 0.0005520 seconds, Stopping threads took: 0.0000480 seconds
216.429: Application time: 0.0685330 seconds
216.429: [GC [PSYoungGen: 16764K->576K(17920K)] 32534K->16566K(45568K), 0.0004530 secs] [Times: user=0.01 sys=0.00, real=0.00 secs] 
216.430: Total time for which application threads were stopped: 0.0005680 seconds, Stopping threads took: 0.0000470 seconds
216.499: Application time: 0.0688580 seconds
216.499: [GC [PSYoungGen: 16959K->576K(17920K)] 32949K->16786K(45568K), 0.0004280 secs] [Times: user=0.01 sys=0.00, real=0.00 secs] 
216.499: Total time for which application threads were stopped: 0.0005550 seconds, Stopping threads took: 0.0000640 seconds
216.569: Application time: 0.0694750 seconds
216.569: [GC [PSYoungGen: 16956K->512K(17920K)] 33167K->17131K(45568K), 0.0004540 secs] [Times: user=0.00 sys=0.00, real=0.00 secs] 
216.569: Total time for which application threads were stopped: 0.0005860 seconds, Stopping threads took: 0.0000730 seconds
216.641: Application time: 0.0715880 seconds
216.641: [GC [PSYoungGen: 16893K->352K(17920K)] 33513K->17188K(45568K), 0.0004580 secs] [Times: user=0.00 sys=0.00, real=0.00 secs] 
216.641: Total time for which application threads were stopped: 0.0005990 seconds, Stopping threads took: 0.0000810 seconds
216.712: Application time: 0.0708610 seconds
216.712: [GC [PSYoungGen: 16733K->384K(16896K)] 33569K->17448K(44544K), 0.0004480 secs] [Times: user=0.00 sys=0.00, real=0.00 secs] 
216.713: Total time for which application threads were stopped: 0.0005440 seconds, Stopping threads took: 0.0000350 seconds
216.786: Application time: 0.0729430 seconds
216.786: [GC [PSYoungGen: 16767K->0K(17408K)] 33832K->17288K(45056K), 0.0003790 secs] [Times: user=0.00 sys=0.00, real=0.00 secs] 
216.786: Total time for which application threads were stopped: 0.0004960 seconds, Stopping threads took: 0.0000490 seconds
216.859: Application time: 0.0727690 seconds
216.859: [GC [PSYoungGen: 16381K->0K(17408K)] 33669K->17288K(45056K), 0.0003780 secs] [Times: user=0.00 sys=0.00, real=0.00 secs] 
216.860: Total time for which application threads were stopped: 0.0005180 seconds, Stopping threads took: 0.0000640 seconds
216.932: Application time: 0.0728810 seconds
216.932: [GC [PSYoungGen: 16381K->0K(16896K)] 33669K->17288K(44544K), 0.0003640 secs] [Times: user=0.00 sys=0.00, real=0.00 secs] 
216.933: Total time for which application threads were stopped: 0.0004780 seconds, Stopping threads took: 0.0000490 seconds
217.006: Application time: 0.0729380 seconds
217.006: [GC [PSYoungGen: 16381K->0K(17408K)] 33669K->17288K(45056K), 0.0003350 secs] [Times: user=0.00 sys=0.00, real=0.00 secs] 
217.006: Total time for which application threads were stopped: 0.0004670 seconds, Stopping threads took: 0.0000680 seconds
217.079: Application time: 0.0730790 seconds
217.079: [GC [PSYoungGen: 16381K->0K(17408K)] 33669K->17288K(45056K), 0.0004020 secs] [Times: user=0.00 sys=0.00, real=0.00 secs] 
217.080: Total time for which application threads were stopped: 0.0005350 seconds, Stopping threads took: 0.0000660 seconds
217.153: Application time: 0.0726510 seconds
217.153: [GC [PSYoungGen: 16383K->0K(17408K)] 33672K->17288K(45056K), 0.0003630 secs] [Times: user=0.00 sys=0.00, real=0.00 secs] 
217.153: Total time for which application threads were stopped: 0.0004880 seconds, Stopping threads took: 0.0000610 seconds
217.203: Application time: 0.0498780 seconds
217.203: [GC [PSYoungGen: 16381K->512K(17408K)] 33669K->17800K(45056K), 0.0003950 secs] [Times: user=0.00 sys=0.00, real=0.00 secs] 
217.203: Total time for which application threads were stopped: 0.0005310 seconds, Stopping threads took: 0.0000760 seconds
217.259: Application time: 0.0555300 seconds
217.260: [GC [PSYoungGen: 16893K->448K(17408K)] 34182K->17744K(45056K), 0.0006240 secs] [Times: user=0.00 sys=0.00, real=0.00 secs] 
217.261: Total time for which application threads were stopped: 0.0015530 seconds, Stopping threads took: 0.0008530 seconds
217.331: Application time: 0.0703500 seconds
217.331: [GC [PSYoungGen: 16829K->512K(17408K)] 34126K->17824K(45056K), 0.0004120 secs] [Times: user=0.00 sys=0.00, real=0.00 secs] 
217.331: Total time for which application threads were stopped: 0.0005540 seconds, Stopping threads took: 0.0000810 seconds
217.404: Application time: 0.0722190 seconds
217.404: [GC [PSYoungGen: 16893K->0K(17408K)] 34205K->17717K(45056K), 0.0004290 secs] [Times: user=0.00 sys=0.00, real=0.01 secs] 
217.404: Total time for which application threads were stopped: 0.0005690 seconds, Stopping threads took: 0.0000710 seconds
217.478: Application time: 0.0733330 seconds
217.478: [GC [PSYoungGen: 16383K->0K(17408K)] 34100K->17717K(45056K), 0.0003790 secs] [Times: user=0.00 sys=0.00, real=0.00 secs] 
217.478: Total time for which application threads were stopped: 0.0005000 seconds, Stopping threads took: 0.0000610 seconds
217.551: Application time: 0.0726110 seconds
217.551: [GC [PSYoungGen: 16383K->0K(17408K)] 34100K->17717K(45056K), 0.0003480 secs] [Times: user=0.00 sys=0.00, real=0.00 secs] 
217.551: Total time for which application threads were stopped: 0.0004830 seconds, Stopping threads took: 0.0000780 seconds
217.620: Application time: 0.0689940 seconds
217.620: [GC [PSYoungGen: 16380K->576K(17408K)] 34097K->18293K(45056K), 0.0004390 secs] [Times: user=0.00 sys=0.00, real=0.00 secs] 
217.621: Total time for which application threads were stopped: 0.0005440 seconds, Stopping threads took: 0.0000450 seconds
217.685: Application time: 0.0638410 seconds
217.685: [GC [PSYoungGen: 16958K->576K(17408K)] 34675K->18565K(45056K), 0.0005270 secs] [Times: user=0.00 sys=0.00, real=0.00 secs] 
217.685: Total time for which application threads were stopped: 0.0006530 seconds, Stopping threads took: 0.0000590 seconds
217.745: Application time: 0.0600520 seconds
217.745: [GC [PSYoungGen: 16955K->368K(16896K)] 34945K->18581K(44544K), 0.0004230 secs] [Times: user=0.00 sys=0.00, real=0.00 secs] 
217.746: Total time for which application threads were stopped: 0.0005590 seconds, Stopping threads took: 0.0000670 seconds
217.794: Application time: 0.0485320 seconds
217.794: [GC [PSYoungGen: 16749K->832K(17408K)] 34963K->19093K(45056K), 0.0005470 secs] [Times: user=0.00 sys=0.00, real=0.00 secs] 
217.795: Total time for which application threads were stopped: 0.0006740 seconds, Stopping threads took: 0.0000630 seconds
217.835: Application time: 0.0397220 seconds
217.835: [GC [PSYoungGen: 17212K->640K(17920K)] 35473K->19217K(45568K), 0.0005030 secs] [Times: user=0.00 sys=0.00, real=0.00 secs] 
217.835: Total time for which application threads were stopped: 0.0006190 seconds, Stopping threads took: 0.0000500 seconds
217.886: Application time: 0.0503510 seconds
217.886: [GC [PSYoungGen: 17020K->992K(17920K)] 35598K->19713K(45568K), 0.0005230 secs] [Times: user=0.00 sys=0.00, real=0.00 secs] 
217.886: Total time for which application threads were stopped: 0.0006590 seconds, Stopping threads took: 0.0000760 seconds
217.948: Application time: 0.0614070 seconds
217.948: [GC [PSYoungGen: 17371K->704K(17920K)] 36093K->19698K(45568K), 0.0005550 secs] [Times: user=0.00 sys=0.00, real=0.00 secs] 
217.948: Total time for which application threads were stopped: 0.0006960 seconds, Stopping threads took: 0.0000600 seconds
217.998: Application time: 0.0499670 seconds
218.000: [GC [PSYoungGen: 17086K->544K(17920K)] 36080K->19967K(45568K), 0.0004960 secs] [Times: user=0.00 sys=0.00, real=0.00 secs] 
218.000: Total time for which application threads were stopped: 0.0019120 seconds, Stopping threads took: 0.0013570 seconds
218.070: Application time: 0.0694950 seconds
218.070: [GC [PSYoungGen: 16925K->288K(17920K)] 36348K->20087K(45568K), 0.0004880 secs] [Times: user=0.00 sys=0.00, real=0.00 secs] 
218.070: Total time for which application threads were stopped: 0.0006160 seconds, Stopping threads took: 0.0000660 seconds
218.139: Application time: 0.0689130 seconds
218.139: [GC [PSYoungGen: 16668K->320K(17920K)] 36468K->20331K(45568K), 0.0004880 secs] [Times: user=0.00 sys=0.00, real=0.00 secs] 
218.140: Total time for which application threads were stopped: 0.0006080 seconds, Stopping threads took: 0.0000550 seconds
218.209: Application time: 0.0690770 seconds
218.209: [GC [PSYoungGen: 16701K->416K(17920K)] 36712K->20648K(45568K), 0.0004200 secs] [Times: user=0.01 sys=0.00, real=0.00 secs] 
218.210: Total time for which application threads were stopped: 0.0005370 seconds, Stopping threads took: 0.0000520 seconds
218.277: Application time: 0.0676670 seconds
218.277: [GC [PSYoungGen: 16800K->576K(17920K)] 37032K->21036K(45568K), 0.0004480 secs] [Times: user=0.01 sys=0.00, real=0.00 secs] 
218.278: Total time for which application threads were stopped: 0.0005610 seconds, Stopping threads took: 0.0000480 seconds
218.348: Application time: 0.0701740 seconds
218.348: [GC [PSYoungGen: 16958K->384K(16896K)] 37418K->21269K(44544K), 0.0004810 secs] [Times: user=0.01 sys=0.00, real=0.00 secs] 
218.349: Total time for which application threads were stopped: 0.0006060 seconds, Stopping threads took: 0.0000580 seconds
218.420: Application time: 0.0708960 seconds
218.420: [GC [PSYoungGen: 16767K->416K(17408K)] 37653K->21526K(45056K), 0.0004240 secs] [Times: user=0.00 sys=0.00, real=0.00 secs] 
218.420: Total time for which application threads were stopped: 0.0005670 seconds, Stopping threads took: 0.0000740 seconds
218.493: Application time: 0.0729290 seconds
218.493: [GC [PSYoungGen: 16799K->0K(17408K)] 37909K->21334K(45056K), 0.0003670 secs] [Times: user=0.01 sys=0.00, real=0.00 secs] 
218.494: Total time for which application threads were stopped: 0.0004920 seconds, Stopping threads took: 0.0000570 seconds
218.566: Application time: 0.0726560 seconds
218.566: [GC [PSYoungGen: 16381K->0K(17408K)] 37715K->21334K(45056K), 0.0003700 secs] [Times: user=0.00 sys=0.00, real=0.00 secs] 
218.567: Total time for which application threads were stopped: 0.0005130 seconds, Stopping threads took: 0.0000810 seconds
218.639: Application time: 0.0723760 seconds
218.639: [GC [PSYoungGen: 16383K->0K(17408K)] 37717K->21334K(45056K), 0.0003650 secs] [Times: user=0.00 sys=0.00, real=0.00 secs] 
218.640: Total time for which application threads were stopped: 0.0004950 seconds, Stopping threads took: 0.0000660 seconds
218.712: Application time: 0.0726820 seconds
218.712: [GC [PSYoungGen: 16383K->0K(17408K)] 37717K->21334K(45056K), 0.0003980 secs] [Times: user=0.00 sys=0.00, real=0.00 secs] 
218.713: Total time for which application threads were stopped: 0.0005180 seconds, Stopping threads took: 0.0000560 seconds
218.787: Application time: 0.0737790 seconds
218.787: [GC [PSYoungGen: 16383K->0K(17408K)] 37717K->21334K(45056K), 0.0003300 secs] [Times: user=0.01 sys=0.00, real=0.00 secs] 
218.787: Total time for which application threads were stopped: 0.0004570 seconds, Stopping threads took: 0.0000730 seconds
218.859: Application time: 0.0723310 seconds
218.859: [GC [PSYoungGen: 16383K->0K(17408K)] 37717K->21334K(45056K), 0.0003700 secs] [Times: user=0.01 sys=0.00, real=0.00 secs] 
218.860: Total time for which application threads were stopped: 0.0004820 seconds, Stopping threads took: 0.0000480 seconds
218.908: Application time: 0.0477220 seconds
218.908: [GC [PSYoungGen: 16383K->512K(17408K)] 37717K->21846K(45056K), 0.0004480 secs] [Times: user=0.00 sys=0.00, real=0.00 secs] 
218.908: Total time for which application threads were stopped: 0.0005550 seconds, Stopping threads took: 0.0000430 seconds
218.965: Application time: 0.0564180 seconds
218.965: [GC [PSYoungGen: 16891K->480K(17408K)] 38225K->21846K(45056K), 0.0004170 secs] [Times: user=0.00 sys=0.00, real=0.00 secs] 
218.965: Total time for which application threads were stopped: 0.0005470 seconds, Stopping threads took: 0.0000660 seconds
219.036: Application time: 0.0705290 seconds
219.036: [GC [PSYoungGen: 16861K->512K(17408K)] 38227K->21894K(45056K), 0.0004180 secs] [Times: user=0.00 sys=0.00, real=0.00 secs] 
219.036: Total time for which application threads were stopped: 0.0005560 seconds, Stopping threads took: 0.0000640 seconds
219.109: Application time: 0.0724200 seconds
219.109: [GC [PSYoungGen: 16895K->0K(17408K)] 38277K->21791K(45056K), 0.0004150 secs] [Times: user=0.00 sys=0.00, real=0.00 secs] 
219.109: Total time for which application threads were stopped: 0.0005340 seconds, Stopping threads took: 0.0000610 seconds
219.181: Application time: 0.0722500 seconds
219.181: [GC [PSYoungGen: 16381K->0K(17408K)] 38172K->21791K(45056K), 0.0003640 secs] [Times: user=0.01 sys=0.00, real=0.00 secs] 
219.182: Total time for which application threads were stopped: 0.0004950 seconds, Stopping threads took: 0.0000690 seconds
219.254: Application time: 0.0725860 seconds
219.255: [GC [PSYoungGen: 16381K->0K(17408K)] 38172K->21791K(45056K), 0.0003470 secs] [Times: user=0.00 sys=0.00, real=0.00 secs] 
219.255: Total time for which application threads were stopped: 0.0004750 seconds, Stopping threads took: 0.0000660 seconds
219.324: Application time: 0.0690590 seconds
219.324: [GC [PSYoungGen: 16380K->576K(17408K)] 38171K->22367K(45056K), 0.0004230 secs] [Times: user=0.00 sys=0.00, real=0.00 secs] 
219.325: Total time for which application threads were stopped: 0.0005380 seconds, Stopping threads took: 0.0000530 seconds
219.390: Application time: 0.0652000 seconds
219.390: [GC [PSYoungGen: 16955K->544K(17408K)] 38746K->22603K(45056K), 0.0005070 secs] [Times: user=0.00 sys=0.00, real=0.00 secs] 
219.390: Total time for which application threads were stopped: 0.0006490 seconds, Stopping threads took: 0.0000810 seconds
219.449: Application time: 0.0586860 seconds
219.449: [GC [PSYoungGen: 16923K->352K(17408K)] 38983K->22632K(45056K), 0.0004380 secs] [Times: user=0.00 sys=0.00, real=0.00 secs] 
219.450: Total time for which application threads were stopped: 0.0005620 seconds, Stopping threads took: 0.0000620 seconds
219.501: Application time: 0.0513810 seconds
219.501: [GC [PSYoungGen: 16732K->576K(17408K)] 39012K->22928K(45056K), 0.0004360 secs] [Times: user=0.00 sys=0.00, real=0.00 secs] 
219.502: Total time for which application threads were stopped: 0.0005500 seconds, Stopping threads took: 0.0000510 seconds
219.543: Application time: 0.0414020 seconds
219.543: [GC [PSYoungGen: 16959K->512K(17408K)] 39311K->23305K(45056K), 0.0004900 secs] [Times: user=0.00 sys=0.00, real=0.00 secs] 
219.544: Total time for which application threads were stopped: 0.0006250 seconds, Stopping threads took: 0.0000630 seconds
219.587: Application time: 0.0434510 seconds
219.587: [GC [PSYoungGen: 16892K->992K(17408K)] 39685K->23793K(45056K), 0.0005310 secs] [Times: user=0.00 sys=0.00, real=0.00 secs] 
219.588: Total time for which application threads were stopped: 0.0006400 seconds, Stopping threads took: 0.0000500 seconds
219.652: Application time: 0.0640620 seconds
219.652: [GC [PSYoungGen: 17373K->672K(17920K)] 40174K->23758K(45568K), 0.0005230 secs] [Times: user=0.00 sys=0.00, real=0.00 secs] 
219.652: Total time for which application threads were stopped: 0.0006720 seconds, Stopping threads took: 0.0000830 seconds
219.706: Application time: 0.0540150 seconds
219.707: [GC [PSYoungGen: 17054K->512K(17920K)] 40140K->24039K(45568K), 0.0005180 secs] [Times: user=0.01 sys=0.00, real=0.00 secs] 
219.707: Total time for which application threads were stopped: 0.0006480 seconds, Stopping threads took: 0.0000630 seconds
219.773: Application time: 0.0661900 seconds
219.773: [GC [PSYoungGen: 16893K->320K(17920K)] 40421K->24099K(45568K), 0.0004540 secs] [Times: user=0.00 sys=0.00, real=0.00 secs] 
219.774: Total time for which application threads were stopped: 0.0005910 seconds, Stopping threads took: 0.0000760 seconds
219.842: Application time: 0.0679600 seconds
219.842: [GC [PSYoungGen: 16703K->512K(17920K)] 40483K->24299K(45568K), 0.0004100 secs] [Times: user=0.00 sys=0.00, real=0.00 secs] 
219.842: Total time for which application threads were stopped: 0.0005390 seconds, Stopping threads took: 0.0000680 seconds
219.912: Application time: 0.0692600 seconds
219.916: [GC [PSYoungGen: 16891K->352K(16896K)] 40679K->24556K(44544K), 0.0005180 secs] [Times: user=0.00 sys=0.00, real=0.00 secs] 
219.916: Total time for which application threads were stopped: 0.0047730 seconds, Stopping threads took: 0.0041900 seconds
219.983: Application time: 0.0668850 seconds
219.983: [GC [PSYoungGen: 16732K->736K(17408K)] 40936K->25153K(45056K), 0.0004980 secs] [Times: user=0.00 sys=0.00, real=0.01 secs] 
219.984: Total time for which application threads were stopped: 0.0006480 seconds, Stopping threads took: 0.0000850 seconds
220.057: Application time: 0.0725570 seconds
220.057: [GC [PSYoungGen: 17119K->0K(17920K)] 41537K->25151K(45568K), 0.0004790 secs] [Times: user=0.00 sys=0.00, real=0.00 secs] 
220.057: Total time for which application threads were stopped: 0.0006220 seconds, Stopping threads took: 0.0000680 seconds
220.128: Application time: 0.0710220 seconds
220.128: [GC [PSYoungGen: 16383K->384K(17920K)] 41534K->25535K(45568K), 0.0004150 secs] [Times: user=0.00 sys=0.00, real=0.00 secs] 
220.129: Total time for which application threads were stopped: 0.0005400 seconds, Stopping threads took: 0.0000560 seconds
220.202: Application time: 0.0728870 seconds
220.202: [GC [PSYoungGen: 16765K->0K(17920K)] 41916K->25383K(45568K), 0.0004170 secs] [Times: user=0.00 sys=0.00, real=0.00 secs] 
220.202: Total time for which application threads were stopped: 0.0005520 seconds, Stopping threads took: 0.0000670 seconds
220.275: Application time: 0.0730650 seconds
220.275: [GC [PSYoungGen: 16381K->0K(17920K)] 41764K->25383K(45568K), 0.0003680 secs] [Times: user=0.00 sys=0.00, real=0.00 secs] 
220.276: Total time for which application threads were stopped: 0.0004830 seconds, Stopping threads took: 0.0000540 seconds
220.350: Application time: 0.0743510 seconds
220.352: [GC [PSYoungGen: 16383K->0K(16896K)] 41766K->25383K(44544K), 0.0004940 secs] [Times: user=0.00 sys=0.00, real=0.00 secs] 
220.352: Total time for which application threads were stopped: 0.0023210 seconds, Stopping threads took: 0.0017620 seconds
220.426: Application time: 0.0733690 seconds
220.426: [GC [PSYoungGen: 16383K->0K(17408K)] 41766K->25383K(45056K), 0.0003690 secs] [Times: user=0.00 sys=0.00, real=0.00 secs] 
220.426: Total time for which application threads were stopped: 0.0004960 seconds, Stopping threads took: 0.0000600 seconds
220.501: Application time: 0.0748450 seconds
220.501: [GC [PSYoungGen: 16383K->0K(17408K)] 41766K->25383K(45056K), 0.0004020 secs] [Times: user=0.00 sys=0.00, real=0.00 secs] 
220.502: Total time for which application threads were stopped: 0.0005270 seconds, Stopping threads took: 0.0000670 seconds
220.575: Application time: 0.0730840 seconds
220.575: [GC [PSYoungGen: 16383K->0K(17408K)] 41766K->25383K(45056K), 0.0003950 secs] [Times: user=0.00 sys=0.00, real=0.00 secs] 
220.575: Total time for which application threads were stopped: 0.0005270 seconds, Stopping threads took: 0.0000660 seconds
220.626: Application time: 0.0504510 seconds
220.628: [GC [PSYoungGen: 16382K->512K(17408K)] 41765K->25895K(45056K), 0.0004390 secs] [Times: user=0.01 sys=0.00, real=0.00 secs] 
220.628: Total time for which application threads were stopped: 0.0026160 seconds, Stopping threads took: 0.0021180 seconds
220.684: Application time: 0.0553020 seconds
220.684: [GC [PSYoungGen: 16894K->384K(17408K)] 42277K->26007K(45056K), 0.0004760 secs] [Times: user=0.00 sys=0.00, real=0.01 secs] 
220.684: Total time for which application threads were stopped: 0.0005990 seconds, Stopping threads took: 0.0000590 seconds
220.754: Application time: 0.0700150 seconds
220.754: [GC [PSYoungGen: 16765K->512K(17408K)] 42388K->26151K(45056K), 0.0004240 secs] [Times: user=0.01 sys=0.00, real=0.00 secs] 
220.755: Total time for which application threads were stopped: 0.0005410 seconds, Stopping threads took: 0.0000560 seconds
220.827: Application time: 0.0725530 seconds
220.827: [GC [PSYoungGen: 16895K->0K(17408K)] 42534K->26059K(45056K), 0.0004960 secs] [Times: user=0.00 sys=0.00, real=0.00 secs] 
220.828: Total time for which application threads were stopped: 0.0006060 seconds, Stopping threads took: 0.0000430 seconds
220.901: Application time: 0.0727780 seconds
220.901: [GC [PSYoungGen: 16381K->0K(17408K)] 42441K->26059K(45056K), 0.0003980 secs] [Times: user=0.00 sys=0.00, real=0.00 secs] 
220.901: Total time for which application threads were stopped: 0.0005100 seconds, Stopping threads took: 0.0000510 seconds
220.974: Application time: 0.0729970 seconds
220.974: [GC [PSYoungGen: 16381K->0K(17408K)] 42441K->26059K(45056K), 0.0003590 secs] [Times: user=0.00 sys=0.00, real=0.00 secs] 
220.975: Total time for which application threads were stopped: 0.0005030 seconds, Stopping threads took: 0.0000810 seconds
221.045: Application time: 0.0701150 seconds
221.045: [GC [PSYoungGen: 16379K->384K(17408K)] 42439K->26443K(45056K), 0.0004340 secs] [Times: user=0.01 sys=0.00, real=0.00 secs] 
221.045: Total time for which application threads were stopped: 0.0005500 seconds, Stopping threads took: 0.0000500 seconds
221.113: Application time: 0.0679430 seconds
221.113: [GC [PSYoungGen: 16767K->576K(17408K)] 42827K->26880K(45056K), 0.0004900 secs] [Times: user=0.00 sys=0.00, real=0.00 secs] 
221.114: Total time for which application threads were stopped: 0.0006060 seconds, Stopping threads took: 0.0000480 seconds
221.168: Application time: 0.0543490 seconds
221.168: [GC [PSYoungGen: 16957K->576K(17408K)] 43262K->27140K(45056K), 0.0004980 secs] [Times: user=0.00 sys=0.00, real=0.00 secs] 
221.169: Total time for which application threads were stopped: 0.0006130 seconds, Stopping threads took: 0.0000500 seconds
221.218: Application time: 0.0486210 seconds
221.218: [GC [PSYoungGen: 16956K->768K(17408K)] 43520K->27396K(45056K), 0.0004950 secs] [Times: user=0.01 sys=0.00, real=0.00 secs] 
221.218: Total time for which application threads were stopped: 0.0006190 seconds, Stopping threads took: 0.0000630 seconds
221.271: Application time: 0.0532070 seconds
221.271: [GC [PSYoungGen: 17147K->512K(17920K)] 43776K->27590K(45568K), 0.0004990 secs] [Times: user=0.00 sys=0.00, real=0.01 secs] 
221.272: [Full GC [PSYoungGen: 512K->0K(17920K)] [ParOldGen: 27077K->4414K(27136K)] 27590K->4414K(45056K) [PSPermGen: 5578K->5578K(21504K)], 0.0057480 secs] [Times: user=0.02 sys=0.00, real=0.00 secs] 
221.278: Total time for which application threads were stopped: 0.0064260 seconds, Stopping threads took: 0.0000620 seconds
221.323: Application time: 0.0450070 seconds
221.323: [GC [PSYoungGen: 16381K->832K(17920K)] 20796K->5246K(45056K), 0.0004770 secs] [Times: user=0.01 sys=0.00, real=0.01 secs] 
221.324: Total time for which application threads were stopped: 0.0016390 seconds, Stopping threads took: 0.0000510 seconds
221.379: Application time: 0.0548910 seconds
221.379: [GC [PSYoungGen: 17214K->736K(17920K)] 21629K->5619K(45056K), 0.0006040 secs] [Times: user=0.00 sys=0.00, real=0.00 secs] 
221.380: Total time for which application threads were stopped: 0.0007130 seconds, Stopping threads took: 0.0000490 seconds
221.431: Application time: 0.0512990 seconds
221.431: [GC [PSYoungGen: 17118K->736K(17920K)] 22001K->5863K(45056K), 0.0005110 secs] [Times: user=0.00 sys=0.00, real=0.01 secs] 
221.432: Total time for which application threads were stopped: 0.0006370 seconds, Stopping threads took: 0.0000610 seconds
221.501: Application time: 0.0693680 seconds
221.501: [GC [PSYoungGen: 17115K->320K(17920K)] 22243K->5899K(45056K), 0.0004690 secs] [Times: user=0.00 sys=0.00, real=0.00 secs] 
221.502: Total time for which application threads were stopped: 0.0005920 seconds, Stopping threads took: 0.0000620 seconds
221.571: Application time: 0.0689830 seconds
221.571: [GC [PSYoungGen: 16701K->288K(17920K)] 22281K->6072K(45056K), 0.0004140 secs] [Times: user=0.00 sys=0.00, real=0.00 secs] 
221.572: Total time for which application threads were stopped: 0.0005650 seconds, Stopping threads took: 0.0000860 seconds
221.640: Application time: 0.0686550 seconds
221.640: [GC [PSYoungGen: 16669K->544K(17920K)] 22453K->6536K(45056K), 0.0004370 secs] [Times: user=0.00 sys=0.00, real=0.00 secs] 
221.641: Total time for which application threads were stopped: 0.0005650 seconds, Stopping threads took: 0.0000560 seconds
221.709: Application time: 0.0687410 seconds
221.710: [GC [PSYoungGen: 16925K->480K(17920K)] 22917K->6669K(45056K), 0.0005470 secs] [Times: user=0.00 sys=0.00, real=0.00 secs] 
221.710: Total time for which application threads were stopped: 0.0006640 seconds, Stopping threads took: 0.0000520 seconds
221.780: Application time: 0.0702240 seconds
221.780: [GC [PSYoungGen: 16859K->384K(17920K)] 23048K->6990K(45056K), 0.0004470 secs] [Times: user=0.00 sys=0.00, real=0.00 secs] 
221.781: Total time for which application threads were stopped: 0.0005770 seconds, Stopping threads took: 0.0000710 seconds
221.853: Application time: 0.0725020 seconds
221.854: [GC [PSYoungGen: 16767K->448K(16896K)] 23373K->7262K(44032K), 0.0004590 secs] [Times: user=0.00 sys=0.00, real=0.00 secs] 
221.854: Total time for which application threads were stopped: 0.0005720 seconds, Stopping threads took: 0.0000460 seconds
221.927: Application time: 0.0728770 seconds
221.927: [GC [PSYoungGen: 16831K->0K(17408K)] 23645K->7034K(44544K), 0.0003810 secs] [Times: user=0.01 sys=0.00, real=0.00 secs] 
221.927: Total time for which application threads were stopped: 0.0005220 seconds, Stopping threads took: 0.0000790 seconds
222.001: Application time: 0.0739590 seconds
222.004: [GC [PSYoungGen: 16383K->0K(17408K)] 23418K->7034K(44544K), 0.0003990 secs] [Times: user=0.00 sys=0.00, real=0.00 secs] 
222.004: Total time for which application threads were stopped: 0.0029030 seconds, Stopping threads took: 0.0024460 seconds
222.077: Application time: 0.0730290 seconds
222.077: [GC [PSYoungGen: 16381K->0K(17408K)] 23415K->7034K(44544K), 0.0003500 secs] [Times: user=0.00 sys=0.00, real=0.00 secs] 
222.078: Total time for which application threads were stopped: 0.0004930 seconds, Stopping threads took: 0.0000780 seconds
222.151: Application time: 0.0730880 seconds
222.151: [GC [PSYoungGen: 16381K->0K(17408K)] 23415K->7034K(44544K), 0.0003470 secs] [Times: user=0.00 sys=0.00, real=0.00 secs] 
222.151: Total time for which application threads were stopped: 0.0004850 seconds, Stopping threads took: 0.0000650 seconds
222.225: Application time: 0.0731610 seconds
222.225: [GC [PSYoungGen: 16381K->0K(17408K)] 23415K->7034K(44544K), 0.0003530 secs] [Times: user=0.00 sys=0.00, real=0.00 secs] 
222.225: Total time for which application threads were stopped: 0.0004750 seconds, Stopping threads took: 0.0000630 seconds
222.294: Application time: 0.0690350 seconds
222.294: [GC [PSYoungGen: 16379K->352K(17408K)] 23414K->7386K(44544K), 0.0003900 secs] [Times: user=0.00 sys=0.00, real=0.00 secs] 
222.295: Total time for which application threads were stopped: 0.0005000 seconds, Stopping threads took: 0.0000490 seconds
222.348: Application time: 0.0538780 seconds
222.349: [GC [PSYoungGen: 16731K->512K(17408K)] 23766K->7562K(44544K), 0.0004060 secs] [Times: user=0.00 sys=0.00, real=0.00 secs] 
222.349: Total time for which application threads were stopped: 0.0005180 seconds, Stopping threads took: 0.0000460 seconds
222.403: Application time: 0.0542320 seconds
222.403: [GC [PSYoungGen: 16893K->544K(17408K)] 23944K->7618K(44544K), 0.0004020 secs] [Times: user=0.00 sys=0.00, real=0.00 secs] 
222.404: Total time for which application threads were stopped: 0.0005190 seconds, Stopping threads took: 0.0000500 seconds
222.475: Application time: 0.0708610 seconds
222.475: [GC [PSYoungGen: 16923K->320K(17408K)] 23998K->7618K(44544K), 0.0004460 secs] [Times: user=0.00 sys=0.00, real=0.00 secs] 
222.475: Total time for which application threads were stopped: 0.0005560 seconds, Stopping threads took: 0.0000500 seconds
222.547: Application time: 0.0722860 seconds
222.548: [GC [PSYoungGen: 16703K->0K(17408K)] 24002K->7514K(44544K), 0.0003970 secs] [Times: user=0.00 sys=0.00, real=0.00 secs] 
222.548: Total time for which application threads were stopped: 0.0005080 seconds, Stopping threads took: 0.0000500 seconds
222.620: Application time: 0.0721080 seconds
222.620: [GC [PSYoungGen: 16381K->0K(17408K)] 23896K->7514K(44544K), 0.0003430 secs] [Times: user=0.00 sys=0.00, real=0.00 secs] 
222.621: Total time for which application threads were stopped: 0.0004620 seconds, Stopping threads took: 0.0000590 seconds
222.693: Application time: 0.0723470 seconds
222.693: [GC [PSYoungGen: 16383K->0K(17408K)] 23898K->7514K(44544K), 0.0003540 secs] [Times: user=0.00 sys=0.00, real=0.00 secs] 
222.693: Total time for which application threads were stopped: 0.0004820 seconds, Stopping threads took: 0.0000520 seconds
222.763: Application time: 0.0692910 seconds
222.763: [GC [PSYoungGen: 16322K->464K(17408K)] 23837K->7978K(44544K), 0.0004320 secs] [Times: user=0.00 sys=0.00, real=0.00 secs] 
222.763: Total time for which application threads were stopped: 0.0005540 seconds, Stopping threads took: 0.0000580 seconds
222.828: Application time: 0.0652160 seconds
222.829: [GC [PSYoungGen: 16847K->544K(17408K)] 24362K->8335K(44544K), 0.0004690 secs] [Times: user=0.00 sys=0.00, real=0.00 secs] 
222.829: Total time for which application threads were stopped: 0.0005960 seconds, Stopping threads took: 0.0000590 seconds
222.884: Application time: 0.0551510 seconds
222.884: [GC [PSYoungGen: 16925K->480K(17408K)] 24717K->8499K(44544K), 0.0004470 secs] [Times: user=0.00 sys=0.00, real=0.00 secs] 
222.885: Total time for which application threads were stopped: 0.0005600 seconds, Stopping threads took: 0.0000540 seconds
222.939: Application time: 0.0540080 seconds
222.939: [GC [PSYoungGen: 16862K->544K(17408K)] 24882K->8619K(44544K), 0.0004030 secs] [Times: user=0.00 sys=0.00, real=0.00 secs] 
222.939: Total time for which application threads were stopped: 0.0005260 seconds, Stopping threads took: 0.0000640 seconds
222.998: Application time: 0.0584440 seconds
222.998: [GC [PSYoungGen: 16925K->544K(17408K)] 25001K->8864K(44544K), 0.0004500 secs] [Times: user=0.00 sys=0.00, real=0.00 secs] 
222.998: Total time for which application threads were stopped: 0.0005750 seconds, Stopping threads took: 0.0000620 seconds
223.038: Application time: 0.0397360 seconds
223.038: [GC [PSYoungGen: 16926K->704K(17408K)] 25246K->9237K(44544K), 0.0005280 secs] [Times: user=0.00 sys=0.00, real=0.00 secs] 
223.039: Total time for which application threads were stopped: 0.0006310 seconds, Stopping threads took: 0.0000450 seconds
223.088: Application time: 0.0498120 seconds
223.089: [GC [PSYoungGen: 17084K->928K(17920K)] 25617K->9509K(45056K), 0.0004510 secs] [Times: user=0.00 sys=0.00, real=0.00 secs] 
223.089: Total time for which application threads were stopped: 0.0005800 seconds, Stopping threads took: 0.0000690 seconds
223.142: Application time: 0.0525540 seconds
223.142: [GC [PSYoungGen: 17307K->704K(17920K)] 25888K->9553K(45056K), 0.0005090 secs] [Times: user=0.00 sys=0.00, real=0.00 secs] 
223.142: Total time for which application threads were stopped: 0.0006240 seconds, Stopping threads took: 0.0000540 seconds
223.212: Application time: 0.0693130 seconds
223.212: [GC [PSYoungGen: 17085K->256K(17920K)] 25935K->9538K(45056K), 0.0004510 secs] [Times: user=0.00 sys=0.00, real=0.01 secs] 
223.212: Total time for which application threads were stopped: 0.0006020 seconds, Stopping threads took: 0.0000780 seconds
223.281: Application time: 0.0688520 seconds
223.281: [GC [PSYoungGen: 16637K->384K(17920K)] 25920K->9895K(45056K), 0.0003980 secs] [Times: user=0.00 sys=0.00, real=0.00 secs] 
223.282: Total time for which application threads were stopped: 0.0005250 seconds, Stopping threads took: 0.0000580 seconds
223.352: Application time: 0.0704700 seconds
223.352: [GC [PSYoungGen: 16766K->384K(17920K)] 26278K->10115K(45056K), 0.0004180 secs] [Times: user=0.01 sys=0.00, real=0.00 secs] 
223.353: Total time for which application threads were stopped: 0.0005610 seconds, Stopping threads took: 0.0000790 seconds
223.422: Application time: 0.0695160 seconds
223.424: [GC [PSYoungGen: 16765K->416K(16896K)] 26497K->10368K(44032K), 0.0004770 secs] [Times: user=0.00 sys=0.00, real=0.00 secs] 
223.424: Total time for which application threads were stopped: 0.0022730 seconds, Stopping threads took: 0.0017340 seconds
223.494: Application time: 0.0693360 seconds
223.494: [GC [PSYoungGen: 16796K->512K(17408K)] 26749K->10677K(44544K), 0.0004350 secs] [Times: user=0.00 sys=0.00, real=0.00 secs] 
223.494: Total time for which application threads were stopped: 0.0005670 seconds, Stopping threads took: 0.0000740 seconds
223.566: Application time: 0.0720430 seconds
223.566: [GC [PSYoungGen: 16894K->416K(17408K)] 27059K->10998K(44544K), 0.0004210 secs] [Times: user=0.00 sys=0.00, real=0.00 secs] 
223.567: Total time for which application threads were stopped: 0.0005630 seconds, Stopping threads took: 0.0000760 seconds
223.639: Application time: 0.0726040 seconds
223.640: [GC [PSYoungGen: 16799K->0K(17408K)] 27381K->10810K(44544K), 0.0003960 secs] [Times: user=0.00 sys=0.00, real=0.00 secs] 
223.640: Total time for which application threads were stopped: 0.0005180 seconds, Stopping threads took: 0.0000640 seconds
223.712: Application time: 0.0724880 seconds
223.713: [GC [PSYoungGen: 16381K->0K(17408K)] 27191K->10810K(44544K), 0.0003330 secs] [Times: user=0.00 sys=0.00, real=0.00 secs] 
223.713: Total time for which application threads were stopped: 0.0004710 seconds, Stopping threads took: 0.0000620 seconds
223.786: Application time: 0.0727510 seconds
223.786: [GC [PSYoungGen: 16383K->0K(17408K)] 27193K->10810K(44544K), 0.0003520 secs] [Times: user=0.00 sys=0.00, real=0.00 secs] 
223.786: Total time for which application threads were stopped: 0.0004790 seconds, Stopping threads took: 0.0000630 seconds
223.859: Application time: 0.0729890 seconds
223.859: [GC [PSYoungGen: 16381K->0K(17408K)] 27191K->10810K(44544K), 0.0003410 secs] [Times: user=0.00 sys=0.00, real=0.00 secs] 
223.860: Total time for which application threads were stopped: 0.0004670 seconds, Stopping threads took: 0.0000680 seconds
223.932: Application time: 0.0728110 seconds
223.933: [GC [PSYoungGen: 16383K->0K(17408K)] 27194K->10810K(44544K), 0.0003370 secs] [Times: user=0.00 sys=0.00, real=0.00 secs] 
223.933: Total time for which application threads were stopped: 0.0004630 seconds, Stopping threads took: 0.0000670 seconds
224.002: Application time: 0.0686440 seconds
224.002: [GC [PSYoungGen: 16381K->352K(17408K)] 27192K->11162K(44544K), 0.0003610 secs] [Times: user=0.00 sys=0.00, real=0.00 secs] 
224.002: Total time for which application threads were stopped: 0.0004830 seconds, Stopping threads took: 0.0000610 seconds
224.056: Application time: 0.0537470 seconds
224.056: [GC [PSYoungGen: 16731K->544K(17408K)] 27542K->11362K(44544K), 0.0004230 secs] [Times: user=0.00 sys=0.00, real=0.00 secs] 
224.056: Total time for which application threads were stopped: 0.0005550 seconds, Stopping threads took: 0.0000650 seconds
224.110: Application time: 0.0540010 seconds
224.110: [GC [PSYoungGen: 16925K->704K(17408K)] 27744K->11562K(44544K), 0.0004450 secs] [Times: user=0.01 sys=0.00, real=0.00 secs] 
224.111: Total time for which application threads were stopped: 0.0005690 seconds, Stopping threads took: 0.0000630 seconds
224.181: Application time: 0.0703810 seconds
224.181: [GC [PSYoungGen: 17083K->352K(17408K)] 27942K->11458K(44544K), 0.0004260 secs] [Times: user=0.00 sys=0.00, real=0.00 secs] 
224.182: Total time for which application threads were stopped: 0.0005750 seconds, Stopping threads took: 0.0000830 seconds
224.254: Application time: 0.0716970 seconds
224.254: [GC [PSYoungGen: 16734K->0K(17408K)] 27840K->11330K(44544K), 0.0004290 secs] [Times: user=0.01 sys=0.00, real=0.00 secs] 
224.254: Total time for which application threads were stopped: 0.0005740 seconds, Stopping threads took: 0.0000680 seconds
224.326: Application time: 0.0717400 seconds
224.326: [GC [PSYoungGen: 16384K->0K(17408K)] 27714K->11330K(44544K), 0.0003860 secs] [Times: user=0.00 sys=0.00, real=0.00 secs] 
224.326: Total time for which application threads were stopped: 0.0004960 seconds, Stopping threads took: 0.0000520 seconds
224.398: Application time: 0.0718780 seconds
224.398: [GC [PSYoungGen: 16382K->0K(17408K)] 27712K->11330K(44544K), 0.0003470 secs] [Times: user=0.00 sys=0.00, real=0.00 secs] 
224.399: Total time for which application threads were stopped: 0.0004520 seconds, Stopping threads took: 0.0000450 seconds
224.469: Application time: 0.0698800 seconds
224.469: [GC [PSYoungGen: 16379K->352K(17408K)] 27710K->11682K(44544K), 0.0004190 secs] [Times: user=0.00 sys=0.00, real=0.00 secs] 
224.469: Total time for which application threads were stopped: 0.0005370 seconds, Stopping threads took: 0.0000560 seconds
224.537: Application time: 0.0673460 seconds
224.537: [GC [PSYoungGen: 16735K->544K(17408K)] 28066K->12122K(44544K), 0.0004670 secs] [Times: user=0.01 sys=0.00, real=0.00 secs] 
224.537: Total time for which application threads were stopped: 0.0005710 seconds, Stopping threads took: 0.0000430 seconds
224.584: Application time: 0.0467220 seconds
224.584: [GC [PSYoungGen: 16923K->576K(17408K)] 28502K->12407K(44544K), 0.0005010 secs] [Times: user=0.00 sys=0.00, real=0.00 secs] 
224.584: Total time for which application threads were stopped: 0.0006200 seconds, Stopping threads took: 0.0000560 seconds
224.644: Application time: 0.0593210 seconds
224.644: [GC [PSYoungGen: 16957K->544K(17408K)] 28789K->12471K(44544K), 0.0004220 secs] [Times: user=0.00 sys=0.00, real=0.00 secs] 
224.644: Total time for which application threads were stopped: 0.0005490 seconds, Stopping threads took: 0.0000620 seconds
224.703: Application time: 0.0589100 seconds
224.703: [GC [PSYoungGen: 16926K->544K(17408K)] 28853K->12691K(44544K), 0.0004620 secs] [Times: user=0.00 sys=0.00, real=0.01 secs] 
224.704: Total time for which application threads were stopped: 0.0005890 seconds, Stopping threads took: 0.0000580 seconds
224.755: Application time: 0.0516320 seconds
224.756: [GC [PSYoungGen: 16927K->736K(17408K)] 29075K->13216K(44544K), 0.0005240 secs] [Times: user=0.00 sys=0.00, real=0.00 secs] 
224.756: Total time for which application threads were stopped: 0.0006460 seconds, Stopping threads took: 0.0000510 seconds
224.793: Application time: 0.0371380 seconds
224.793: [GC [PSYoungGen: 17119K->1024K(17920K)] 29600K->13560K(45056K), 0.0004740 secs] [Times: user=0.00 sys=0.00, real=0.00 secs] 
224.794: Total time for which application threads were stopped: 0.0005900 seconds, Stopping threads took: 0.0000530 seconds
224.851: Application time: 0.0566920 seconds
224.852: [GC [PSYoungGen: 17403K->480K(17920K)] 29940K->13485K(45056K), 0.0005400 secs] [Times: user=0.00 sys=0.00, real=0.00 secs] 
224.852: Total time for which application threads were stopped: 0.0019170 seconds, Stopping threads took: 0.0013130 seconds
224.920: Application time: 0.0678590 seconds
224.920: [GC [PSYoungGen: 16863K->736K(17920K)] 29868K->13813K(45056K), 0.0004800 secs] [Times: user=0.00 sys=0.00, real=0.00 secs] 
224.921: Total time for which application threads were stopped: 0.0006220 seconds, Stopping threads took: 0.0000770 seconds
224.991: Application time: 0.0697260 seconds
224.991: [GC [PSYoungGen: 17117K->320K(17920K)] 30194K->13993K(45056K), 0.0004750 secs] [Times: user=0.00 sys=0.00, real=0.00 secs] 
224.991: Total time for which application threads were stopped: 0.0005980 seconds, Stopping threads took: 0.0000620 seconds
225.062: Application time: 0.0704920 seconds
225.062: [GC [PSYoungGen: 16703K->480K(17920K)] 30377K->14369K(45056K), 0.0004400 secs] [Times: user=0.01 sys=0.00, real=0.00 secs] 
225.062: Total time for which application threads were stopped: 0.0005820 seconds, Stopping threads took: 0.0000670 seconds
225.132: Application time: 0.0694700 seconds
225.132: [GC [PSYoungGen: 16861K->384K(17920K)] 30751K->14497K(45056K), 0.0004240 secs] [Times: user=0.00 sys=0.00, real=0.00 secs] 
225.132: Total time for which application threads were stopped: 0.0005560 seconds, Stopping threads took: 0.0000620 seconds
225.200: Application time: 0.0680840 seconds
225.201: [GC [PSYoungGen: 16765K->576K(17920K)] 30879K->14902K(45056K), 0.0004540 secs] [Times: user=0.00 sys=0.00, real=0.00 secs] 
225.201: Total time for which application threads were stopped: 0.0005770 seconds, Stopping threads took: 0.0000560 seconds
225.271: Application time: 0.0703520 seconds
225.271: [GC [PSYoungGen: 16957K->416K(16896K)] 31284K->15151K(44032K), 0.0004820 secs] [Times: user=0.00 sys=0.00, real=0.01 secs] 
225.272: Total time for which application threads were stopped: 0.0006290 seconds, Stopping threads took: 0.0000690 seconds
225.345: Application time: 0.0727630 seconds
225.348: [GC [PSYoungGen: 16799K->0K(17408K)] 31535K->14959K(44544K), 0.0004190 secs] [Times: user=0.00 sys=0.00, real=0.00 secs] 
225.348: Total time for which application threads were stopped: 0.0035420 seconds, Stopping threads took: 0.0030560 seconds
225.421: Application time: 0.0727560 seconds
225.421: [GC [PSYoungGen: 16381K->0K(17408K)] 31340K->14959K(44544K), 0.0003720 secs] [Times: user=0.01 sys=0.00, real=0.00 secs] 
225.422: Total time for which application threads were stopped: 0.0005210 seconds, Stopping threads took: 0.0000880 seconds
225.495: Application time: 0.0730510 seconds
225.495: [GC [PSYoungGen: 16383K->0K(17920K)] 31343K->14959K(45056K), 0.0003540 secs] [Times: user=0.00 sys=0.00, real=0.00 secs] 
225.495: Total time for which application threads were stopped: 0.0004820 seconds, Stopping threads took: 0.0000620 seconds
225.568: Application time: 0.0729370 seconds
225.568: [GC [PSYoungGen: 16381K->0K(16896K)] 31340K->14959K(44032K), 0.0004120 secs] [Times: user=0.00 sys=0.00, real=0.00 secs] 
225.569: Total time for which application threads were stopped: 0.0005350 seconds, Stopping threads took: 0.0000590 seconds
225.641: Application time: 0.0726810 seconds
225.641: [GC [PSYoungGen: 16381K->0K(17408K)] 31340K->14959K(44544K), 0.0003620 secs] [Times: user=0.01 sys=0.00, real=0.00 secs] 
225.642: Total time for which application threads were stopped: 0.0004960 seconds, Stopping threads took: 0.0000700 seconds
225.705: Application time: 0.0630950 seconds
225.705: [GC [PSYoungGen: 16381K->384K(17408K)] 31341K->15343K(44544K), 0.0004200 secs] [Times: user=0.00 sys=0.00, real=0.00 secs] 
225.705: Total time for which application threads were stopped: 0.0005610 seconds, Stopping threads took: 0.0000780 seconds
225.768: Application time: 0.0620850 seconds
225.768: [GC [PSYoungGen: 16765K->352K(17408K)] 31725K->15319K(44544K), 0.0004050 secs] [Times: user=0.00 sys=0.00, real=0.00 secs] 
225.768: Total time for which application threads were stopped: 0.0005210 seconds, Stopping threads took: 0.0000530 seconds
225.820: Application time: 0.0514780 seconds
225.820: [GC [PSYoungGen: 16735K->640K(17408K)] 31703K->15615K(44544K), 0.0005310 secs] [Times: user=0.00 sys=0.00, real=0.00 secs] 
225.820: Total time for which application threads were stopped: 0.0006610 seconds, Stopping threads took: 0.0000640 seconds
225.891: Application time: 0.0707080 seconds
225.891: [GC [PSYoungGen: 17020K->352K(17408K)] 31996K->15564K(44544K), 0.0004040 secs] [Times: user=0.00 sys=0.00, real=0.00 secs] 
225.891: Total time for which application threads were stopped: 0.0005190 seconds, Stopping threads took: 0.0000560 seconds
225.963: Application time: 0.0718720 seconds
225.963: [GC [PSYoungGen: 16733K->0K(17408K)] 31945K->15432K(44544K), 0.0004120 secs] [Times: user=0.00 sys=0.00, real=0.01 secs] 
225.964: Total time for which application threads were stopped: 0.0005500 seconds, Stopping threads took: 0.0000710 seconds
226.036: Application time: 0.0718780 seconds
226.036: [GC [PSYoungGen: 16381K->0K(17408K)] 31814K->15432K(44544K), 0.0003770 secs] [Times: user=0.00 sys=0.00, real=0.00 secs] 
226.036: Total time for which application threads were stopped: 0.0005030 seconds, Stopping threads took: 0.0000660 seconds
226.107: Application time: 0.0712310 seconds
226.108: [GC [PSYoungGen: 16382K->352K(17408K)] 31814K->15784K(44544K), 0.0004000 secs] [Times: user=0.00 sys=0.00, real=0.00 secs] 
226.108: Total time for which application threads were stopped: 0.0005160 seconds, Stopping threads took: 0.0000570 seconds
226.179: Application time: 0.0714360 seconds
226.180: [GC [PSYoungGen: 16734K->448K(17408K)] 32167K->15896K(44544K), 0.0004330 secs] [Times: user=0.00 sys=0.00, real=0.00 secs] 
226.180: Total time for which application threads were stopped: 0.0005740 seconds, Stopping threads took: 0.0000720 seconds
226.243: Application time: 0.0634280 seconds
226.244: [GC [PSYoungGen: 16830K->576K(17408K)] 32279K->16264K(44544K), 0.0004730 secs] [Times: user=0.00 sys=0.00, real=0.01 secs] 
226.244: Total time for which application threads were stopped: 0.0006220 seconds, Stopping threads took: 0.0000840 seconds
226.294: Application time: 0.0500140 seconds
226.294: [GC [PSYoungGen: 16956K->608K(17408K)] 32645K->16549K(44544K), 0.0004570 secs] [Times: user=0.00 sys=0.00, real=0.00 secs] 
226.295: Total time for which application threads were stopped: 0.0005750 seconds, Stopping threads took: 0.0000580 seconds
226.356: Application time: 0.0608770 seconds
226.356: [GC [PSYoungGen: 16989K->512K(17408K)] 32931K->16553K(44544K), 0.0005830 secs] [Times: user=0.00 sys=0.00, real=0.00 secs] 
226.357: Total time for which application threads were stopped: 0.0017050 seconds, Stopping threads took: 0.0000530 seconds
226.412: Application time: 0.0545230 seconds
226.412: [GC [PSYoungGen: 16893K->576K(17408K)] 32935K->16845K(44544K), 0.0004520 secs] [Times: user=0.00 sys=0.00, real=0.00 secs] 
226.412: Total time for which application threads were stopped: 0.0005890 seconds, Stopping threads took: 0.0000780 seconds
226.480: Application time: 0.0677150 seconds
226.480: [GC [PSYoungGen: 16955K->320K(17408K)] 33225K->16821K(44544K), 0.0005780 secs] [Times: user=0.00 sys=0.00, real=0.00 secs] 
226.481: Total time for which application threads were stopped: 0.0007630 seconds, Stopping threads took: 0.0001050 seconds
226.522: Application time: 0.0413190 seconds
226.522: [GC [PSYoungGen: 16700K->992K(16896K)] 33202K->17509K(44032K), 0.0005910 secs] [Times: user=0.01 sys=0.00, real=0.00 secs] 
226.523: Total time for which application threads were stopped: 0.0007290 seconds, Stopping threads took: 0.0000750 seconds
226.562: Application time: 0.0393450 seconds
226.562: [GC [PSYoungGen: 16862K->736K(17408K)] 33380K->17570K(44544K), 0.0005370 secs] [Times: user=0.00 sys=0.00, real=0.00 secs] 
226.563: Total time for which application threads were stopped: 0.0006710 seconds, Stopping threads took: 0.0000690 seconds
226.627: Application time: 0.0643700 seconds
226.627: [GC [PSYoungGen: 16606K->704K(16896K)] 33440K->17602K(44032K), 0.0004250 secs] [Times: user=0.00 sys=0.00, real=0.00 secs] 
226.628: Total time for which application threads were stopped: 0.0005530 seconds, Stopping threads took: 0.0000680 seconds
226.695: Application time: 0.0668360 seconds
226.695: [GC [PSYoungGen: 16575K->352K(16384K)] 33473K->17855K(43520K), 0.0005230 secs] [Times: user=0.01 sys=0.00, real=0.00 secs] 
226.695: Total time for which application threads were stopped: 0.0006450 seconds, Stopping threads took: 0.0000570 seconds
226.762: Application time: 0.0670060 seconds
226.762: [GC [PSYoungGen: 16223K->320K(16384K)] 33727K->18036K(43520K), 0.0005380 secs] [Times: user=0.00 sys=0.00, real=0.00 secs] 
226.763: Total time for which application threads were stopped: 0.0006680 seconds, Stopping threads took: 0.0000660 seconds
226.830: Application time: 0.0671770 seconds
226.830: [GC [PSYoungGen: 16191K->352K(17408K)] 33907K->18412K(44544K), 0.0004440 secs] [Times: user=0.00 sys=0.00, real=0.00 secs] 
226.831: Total time for which application threads were stopped: 0.0005580 seconds, Stopping threads took: 0.0000500 seconds
226.900: Application time: 0.0690420 seconds
226.900: [GC [PSYoungGen: 16219K->0K(16384K)] 34280K->18280K(43520K), 0.0004350 secs] [Times: user=0.00 sys=0.00, real=0.00 secs] 
226.900: Total time for which application threads were stopped: 0.0005690 seconds, Stopping threads took: 0.0000630 seconds
226.965: Application time: 0.0643260 seconds
226.965: [GC [PSYoungGen: 15867K->736K(17408K)] 34148K->19016K(44544K), 0.0004440 secs] [Times: user=0.01 sys=0.00, real=0.00 secs] 
226.965: Total time for which application threads were stopped: 0.0005920 seconds, Stopping threads took: 0.0000800 seconds
227.035: Application time: 0.0701540 seconds
227.036: [GC [PSYoungGen: 16603K->0K(16896K)] 34884K->18898K(44032K), 0.0004880 secs] [Times: user=0.00 sys=0.01, real=0.00 secs] 
227.036: Total time for which application threads were stopped: 0.0006140 seconds, Stopping threads took: 0.0000640 seconds
227.107: Application time: 0.0708410 seconds
227.107: [GC [PSYoungGen: 15869K->0K(17408K)] 34767K->18898K(44544K), 0.0003940 secs] [Times: user=0.00 sys=0.00, real=0.00 secs] 
227.107: Total time for which application threads were stopped: 0.0005260 seconds, Stopping threads took: 0.0000690 seconds
227.178: Application time: 0.0706310 seconds
227.178: [GC [PSYoungGen: 15867K->0K(17408K)] 34765K->18898K(44544K), 0.0003670 secs] [Times: user=0.00 sys=0.00, real=0.00 secs] 
227.179: Total time for which application threads were stopped: 0.0004890 seconds, Stopping threads took: 0.0000560 seconds
227.249: Application time: 0.0706440 seconds
227.249: [GC [PSYoungGen: 15867K->0K(17408K)] 34765K->18898K(44544K), 0.0003630 secs] [Times: user=0.00 sys=0.00, real=0.00 secs] 
227.250: Total time for which application threads were stopped: 0.0004920 seconds, Stopping threads took: 0.0000630 seconds
227.320: Application time: 0.0707000 seconds
227.320: [GC [PSYoungGen: 15867K->0K(17408K)] 34765K->18898K(44544K), 0.0003970 secs] [Times: user=0.00 sys=0.00, real=0.00 secs] 
227.321: Total time for which application threads were stopped: 0.0005070 seconds, Stopping threads took: 0.0000530 seconds
227.388: Application time: 0.0671590 seconds
227.388: [GC [PSYoungGen: 15867K->352K(16384K)] 34765K->19250K(43520K), 0.0004440 secs] [Times: user=0.00 sys=0.00, real=0.00 secs] 
227.389: Total time for which application threads were stopped: 0.0005670 seconds, Stopping threads took: 0.0000570 seconds
227.443: Application time: 0.0540090 seconds
227.443: [GC [PSYoungGen: 16221K->320K(16896K)] 35119K->19226K(44032K), 0.0004240 secs] [Times: user=0.01 sys=0.00, real=0.00 secs] 
227.443: Total time for which application threads were stopped: 0.0005560 seconds, Stopping threads took: 0.0000590 seconds
227.498: Application time: 0.0548900 seconds
227.498: [GC [PSYoungGen: 16189K->544K(16896K)] 35095K->19458K(44032K), 0.0003990 secs] [Times: user=0.00 sys=0.00, real=0.00 secs] 
227.499: Total time for which application threads were stopped: 0.0005170 seconds, Stopping threads took: 0.0000620 seconds
227.562: Application time: 0.0637520 seconds
227.562: [GC [PSYoungGen: 16413K->288K(16896K)] 35327K->19414K(44032K), 0.0004670 secs] [Times: user=0.00 sys=0.00, real=0.00 secs] 
227.563: Total time for which application threads were stopped: 0.0005910 seconds, Stopping threads took: 0.0000580 seconds
227.632: Application time: 0.0687620 seconds
227.632: [GC [PSYoungGen: 16159K->352K(16896K)] 35286K->19502K(44032K), 0.0003950 secs] [Times: user=0.01 sys=0.00, real=0.00 secs] 
227.632: Total time for which application threads were stopped: 0.0005240 seconds, Stopping threads took: 0.0000600 seconds
227.702: Application time: 0.0699270 seconds
227.702: [GC [PSYoungGen: 16223K->0K(16896K)] 35374K->19371K(44032K), 0.0004040 secs] [Times: user=0.00 sys=0.00, real=0.00 secs] 
227.703: Total time for which application threads were stopped: 0.0005280 seconds, Stopping threads took: 0.0000620 seconds
227.773: Application time: 0.0698900 seconds
227.773: [GC [PSYoungGen: 15867K->0K(16896K)] 35238K->19371K(44032K), 0.0003740 secs] [Times: user=0.01 sys=0.00, real=0.00 secs] 
227.773: Total time for which application threads were stopped: 0.0004880 seconds, Stopping threads took: 0.0000500 seconds
227.842: Application time: 0.0688130 seconds
227.842: [GC [PSYoungGen: 15869K->400K(16896K)] 35240K->19771K(44032K), 0.0003700 secs] [Times: user=0.00 sys=0.00, real=0.00 secs] 
227.842: Total time for which application threads were stopped: 0.0005010 seconds, Stopping threads took: 0.0000750 seconds
227.910: Application time: 0.0680850 seconds
227.912: [GC [PSYoungGen: 16267K->368K(16896K)] 35638K->19979K(44032K), 0.0004350 secs] [Times: user=0.00 sys=0.00, real=0.00 secs] 
227.912: Total time for which application threads were stopped: 0.0018900 seconds, Stopping threads took: 0.0013930 seconds
227.966: Application time: 0.0539220 seconds
227.966: [GC [PSYoungGen: 16238K->352K(16896K)] 35849K->20219K(44032K), 0.0004520 secs] [Times: user=0.00 sys=0.00, real=0.00 secs] 
227.967: Total time for which application threads were stopped: 0.0005910 seconds, Stopping threads took: 0.0000670 seconds
228.016: Application time: 0.0487560 seconds
228.016: [GC [PSYoungGen: 16223K->512K(16896K)] 36090K->20387K(44032K), 0.0004730 secs] [Times: user=0.00 sys=0.00, real=0.00 secs] 
228.016: Total time for which application threads were stopped: 0.0005960 seconds, Stopping threads took: 0.0000670 seconds
228.083: Application time: 0.0664720 seconds
228.083: Total time for which application threads were stopped: 0.0000810 seconds, Stopping threads took: 0.0000570 seconds
228.083: Application time: 0.0001770 seconds
228.083: [GC [PSYoungGen: 16341K->448K(16896K)] 36344K->20555K(44032K), 0.0004720 secs] [Times: user=0.00 sys=0.00, real=0.00 secs] 
228.083: Total time for which application threads were stopped: 0.0005310 seconds, Stopping threads took: 0.0000140 seconds
228.137: Application time: 0.0532000 seconds
228.137: [GC [PSYoungGen: 16315K->352K(16896K)] 36707K->21031K(44032K), 0.0004600 secs] [Times: user=0.00 sys=0.00, real=0.00 secs] 
228.137: Total time for which application threads were stopped: 0.0005820 seconds, Stopping threads took: 0.0000590 seconds
228.203: Application time: 0.0658700 seconds
228.203: [GC [PSYoungGen: 16221K->384K(16896K)] 36901K->21071K(44032K), 0.0004060 secs] [Times: user=0.00 sys=0.00, real=0.00 secs] 
228.204: Total time for which application threads were stopped: 0.0005330 seconds, Stopping threads took: 0.0000640 seconds
228.246: Application time: 0.0423790 seconds
228.246: [GC [PSYoungGen: 16252K->720K(16896K)] 36940K->21652K(44032K), 0.0005410 secs] [Times: user=0.00 sys=0.00, real=0.00 secs] 
228.247: Total time for which application threads were stopped: 0.0006550 seconds, Stopping threads took: 0.0000550 seconds
228.286: Application time: 0.0389100 seconds
228.286: [GC [PSYoungGen: 16588K->672K(16896K)] 37520K->21700K(44032K), 0.0004690 secs] [Times: user=0.01 sys=0.00, real=0.00 secs] 
228.286: Total time for which application threads were stopped: 0.0005780 seconds, Stopping threads took: 0.0000510 seconds
228.349: Application time: 0.0626910 seconds
228.349: [GC [PSYoungGen: 16543K->768K(16896K)] 37571K->21804K(44032K), 0.0004560 secs] [Times: user=0.01 sys=0.00, real=0.00 secs] 
228.349: Total time for which application threads were stopped: 0.0005680 seconds, Stopping threads took: 0.0000530 seconds
228.414: Application time: 0.0647220 seconds
228.414: [GC [PSYoungGen: 16636K->704K(16384K)] 37672K->22181K(43520K), 0.0005440 secs] [Times: user=0.01 sys=0.00, real=0.00 secs] 
228.415: Total time for which application threads were stopped: 0.0006640 seconds, Stopping threads took: 0.0000510 seconds
228.482: Application time: 0.0674560 seconds
228.482: [GC [PSYoungGen: 16061K->0K(16896K)] 37539K->22083K(44032K), 0.0004750 secs] [Times: user=0.00 sys=0.00, real=0.00 secs] 
228.483: Total time for which application threads were stopped: 0.0006190 seconds, Stopping threads took: 0.0000680 seconds
228.549: Application time: 0.0657350 seconds
228.549: [GC [PSYoungGen: 15356K->448K(16896K)] 37439K->22531K(44032K), 0.0005370 secs] [Times: user=0.00 sys=0.00, real=0.00 secs] 
228.549: Total time for which application threads were stopped: 0.0006800 seconds, Stopping threads took: 0.0000770 seconds
228.617: Application time: 0.0675900 seconds
228.617: [GC [PSYoungGen: 15805K->0K(16896K)] 37888K->22295K(44032K), 0.0004090 secs] [Times: user=0.00 sys=0.00, real=0.00 secs] 
228.617: Total time for which application threads were stopped: 0.0005240 seconds, Stopping threads took: 0.0000520 seconds
228.682: Application time: 0.0641970 seconds
228.682: [GC [PSYoungGen: 15358K->512K(16384K)] 37654K->22807K(43520K), 0.0004540 secs] [Times: user=0.00 sys=0.00, real=0.00 secs] 
228.682: Total time for which application threads were stopped: 0.0005720 seconds, Stopping threads took: 0.0000520 seconds
228.748: Application time: 0.0660570 seconds
228.748: [GC [PSYoungGen: 15868K->320K(15872K)] 38164K->23016K(43008K), 0.0006160 secs] [Times: user=0.01 sys=0.00, real=0.00 secs] 
228.749: Total time for which application threads were stopped: 0.0007470 seconds, Stopping threads took: 0.0000680 seconds
228.817: Application time: 0.0681450 seconds
228.817: [GC [PSYoungGen: 15677K->0K(16384K)] 38374K->22925K(43520K), 0.0004450 secs] [Times: user=0.00 sys=0.00, real=0.00 secs] 
228.818: Total time for which application threads were stopped: 0.0005710 seconds, Stopping threads took: 0.0000570 seconds
228.886: Application time: 0.0684430 seconds
228.886: [GC [PSYoungGen: 15357K->0K(16384K)] 38283K->22925K(43520K), 0.0003670 secs] [Times: user=0.00 sys=0.00, real=0.00 secs] 
228.887: Total time for which application threads were stopped: 0.0004760 seconds, Stopping threads took: 0.0000500 seconds
228.955: Application time: 0.0682330 seconds
228.955: [GC [PSYoungGen: 15357K->0K(16384K)] 38283K->22925K(43520K), 0.0003530 secs] [Times: user=0.00 sys=0.00, real=0.00 secs] 
228.955: Total time for which application threads were stopped: 0.0004790 seconds, Stopping threads took: 0.0000610 seconds
229.024: Application time: 0.0682500 seconds
229.024: [GC [PSYoungGen: 15357K->0K(16384K)] 38283K->22925K(43520K), 0.0004090 secs] [Times: user=0.00 sys=0.00, real=0.01 secs] 
229.024: Total time for which application threads were stopped: 0.0005380 seconds, Stopping threads took: 0.0000550 seconds
229.087: Application time: 0.0629460 seconds
229.087: [GC [PSYoungGen: 15358K->160K(16384K)] 38284K->23085K(43520K), 0.0004790 secs] [Times: user=0.00 sys=0.00, real=0.00 secs] 
229.088: Total time for which application threads were stopped: 0.0006040 seconds, Stopping threads took: 0.0000630 seconds
229.141: Application time: 0.0531340 seconds
229.141: [GC [PSYoungGen: 15517K->288K(16384K)] 38443K->23221K(43520K), 0.0004660 secs] [Times: user=0.01 sys=0.00, real=0.00 secs] 
229.141: Total time for which application threads were stopped: 0.0005990 seconds, Stopping threads took: 0.0000730 seconds
229.197: Application time: 0.0556430 seconds
229.197: [GC [PSYoungGen: 15645K->512K(16384K)] 38579K->23453K(43520K), 0.0004300 secs] [Times: user=0.00 sys=0.00, real=0.00 secs] 
229.198: Total time for which application threads were stopped: 0.0005570 seconds, Stopping threads took: 0.0000670 seconds
229.256: Application time: 0.0581920 seconds
229.256: [GC [PSYoungGen: 15869K->320K(16384K)] 38811K->23605K(43520K), 0.0004580 secs] [Times: user=0.01 sys=0.00, real=0.00 secs] 
229.256: Total time for which application threads were stopped: 0.0005780 seconds, Stopping threads took: 0.0000590 seconds
229.323: Application time: 0.0662120 seconds
229.323: [GC [PSYoungGen: 15679K->384K(16384K)] 38965K->23693K(43520K), 0.0004090 secs] [Times: user=0.00 sys=0.00, real=0.00 secs] 
229.323: Total time for which application threads were stopped: 0.0005340 seconds, Stopping threads took: 0.0000640 seconds
229.392: Application time: 0.0685860 seconds
229.392: [GC [PSYoungGen: 15739K->0K(16384K)] 39049K->23517K(43520K), 0.0004370 secs] [Times: user=0.01 sys=0.00, real=0.00 secs] 
229.392: Total time for which application threads were stopped: 0.0005730 seconds, Stopping threads took: 0.0000700 seconds
229.460: Application time: 0.0674580 seconds
229.460: [GC [PSYoungGen: 15357K->0K(16384K)] 38875K->23517K(43520K), 0.0003880 secs] [Times: user=0.00 sys=0.00, real=0.00 secs] 
229.461: Total time for which application threads were stopped: 0.0006760 seconds, Stopping threads took: 0.0002260 seconds
229.526: Application time: 0.0658270 seconds
229.526: [GC [PSYoungGen: 15359K->384K(16384K)] 38877K->23901K(43520K), 0.0004310 secs] [Times: user=0.00 sys=0.00, real=0.00 secs] 
229.527: Total time for which application threads were stopped: 0.0005540 seconds, Stopping threads took: 0.0000540 seconds
229.594: Application time: 0.0675610 seconds
229.595: [GC [PSYoungGen: 15741K->384K(16384K)] 39259K->24165K(43520K), 0.0004230 secs] [Times: user=0.01 sys=0.00, real=0.00 secs] 
229.595: Total time for which application threads were stopped: 0.0005470 seconds, Stopping threads took: 0.0000660 seconds
229.661: Application time: 0.0658000 seconds
229.661: [GC [PSYoungGen: 15742K->512K(16384K)] 39523K->24349K(43520K), 0.0004570 secs] [Times: user=0.00 sys=0.00, real=0.00 secs] 
229.661: Total time for which application threads were stopped: 0.0005830 seconds, Stopping threads took: 0.0000570 seconds
229.706: Application time: 0.0448920 seconds
229.706: [GC [PSYoungGen: 15870K->576K(16384K)] 39708K->24629K(43520K), 0.0004540 secs] [Times: user=0.00 sys=0.00, real=0.00 secs] 
229.707: Total time for which application threads were stopped: 0.0005630 seconds, Stopping threads took: 0.0000480 seconds
229.758: Application time: 0.0513760 seconds
229.758: [GC [PSYoungGen: 15934K->384K(16384K)] 39988K->24698K(43520K), 0.0004690 secs] [Times: user=0.00 sys=0.00, real=0.00 secs] 
229.759: Total time for which application threads were stopped: 0.0005840 seconds, Stopping threads took: 0.0000470 seconds
229.814: Application time: 0.0553160 seconds
229.814: [GC [PSYoungGen: 15740K->736K(16384K)] 40055K->25114K(43520K), 0.0004880 secs] [Times: user=0.00 sys=0.00, real=0.00 secs] 
229.815: Total time for which application threads were stopped: 0.0006140 seconds, Stopping threads took: 0.0000640 seconds
229.872: Application time: 0.0571630 seconds
229.872: [GC [PSYoungGen: 16095K->288K(16384K)] 40474K->25091K(43520K), 0.0005190 secs] [Times: user=0.01 sys=0.00, real=0.00 secs] 
229.873: Total time for which application threads were stopped: 0.0006330 seconds, Stopping threads took: 0.0000530 seconds
229.933: Application time: 0.0606910 seconds
229.933: [GC [PSYoungGen: 15646K->800K(16384K)] 40450K->25611K(43520K), 0.0004610 secs] [Times: user=0.00 sys=0.00, real=0.00 secs] 
229.934: Total time for which application threads were stopped: 0.0005800 seconds, Stopping threads took: 0.0000520 seconds
229.971: Application time: 0.0369790 seconds
229.971: [GC [PSYoungGen: 16159K->560K(16384K)] 40970K->25651K(43520K), 0.0005000 secs] [Times: user=0.00 sys=0.00, real=0.00 secs] 
229.971: Total time for which application threads were stopped: 0.0006200 seconds, Stopping threads took: 0.0000620 seconds
230.015: Application time: 0.0433200 seconds
230.015: [GC [PSYoungGen: 15918K->896K(15872K)] 41009K->26051K(43008K), 0.0005710 secs] [Times: user=0.00 sys=0.00, real=0.00 secs] 
230.015: Total time for which application threads were stopped: 0.0006920 seconds, Stopping threads took: 0.0000580 seconds
230.074: Application time: 0.0589870 seconds
230.075: [GC [PSYoungGen: 15741K->704K(16384K)] 40897K->25883K(43520K), 0.0004860 secs] [Times: user=0.00 sys=0.00, real=0.00 secs] 
230.075: Total time for which application threads were stopped: 0.0006220 seconds, Stopping threads took: 0.0000630 seconds
230.136: Application time: 0.0605610 seconds
230.136: [GC [PSYoungGen: 15551K->544K(16384K)] 40731K->26176K(43520K), 0.0005270 secs] [Times: user=0.00 sys=0.00, real=0.00 secs] 
230.136: Total time for which application threads were stopped: 0.0006450 seconds, Stopping threads took: 0.0000500 seconds
230.200: Application time: 0.0638520 seconds
230.204: [GC [PSYoungGen: 15387K->320K(16384K)] 41019K->26389K(43520K), 0.0004810 secs] [Times: user=0.00 sys=0.00, real=0.00 secs] 
230.204: Total time for which application threads were stopped: 0.0042570 seconds, Stopping threads took: 0.0037030 seconds
230.267: Application time: 0.0630890 seconds
230.268: [GC [PSYoungGen: 15166K->416K(16384K)] 41236K->26669K(43520K), 0.0004300 secs] [Times: user=0.00 sys=0.00, real=0.00 secs] 
230.268: Total time for which application threads were stopped: 0.0005590 seconds, Stopping threads took: 0.0000620 seconds
230.333: Application time: 0.0648260 seconds
230.333: [GC [PSYoungGen: 15263K->0K(16384K)] 41517K->26482K(43520K), 0.0004210 secs] [Times: user=0.01 sys=0.00, real=0.00 secs] 
230.333: Total time for which application threads were stopped: 0.0005640 seconds, Stopping threads took: 0.0000770 seconds
230.395: Application time: 0.0615930 seconds
230.395: [GC [PSYoungGen: 14846K->544K(16384K)] 41328K->27026K(43520K), 0.0004440 secs] [Times: user=0.00 sys=0.00, real=0.00 secs] 
230.396: Total time for which application threads were stopped: 0.0005550 seconds, Stopping threads took: 0.0000530 seconds
230.459: Application time: 0.0637580 seconds
230.459: [GC [PSYoungGen: 15388K->352K(15360K)] 41870K->27251K(42496K), 0.0005180 secs] [Times: user=0.00 sys=0.00, real=0.00 secs] 
230.460: [Full GC [PSYoungGen: 352K->0K(15360K)] [ParOldGen: 26899K->4420K(26624K)] 27251K->4420K(41984K) [PSPermGen: 5578K->5578K(21504K)], 0.0056460 secs] [Times: user=0.03 sys=0.00, real=0.01 secs] 
230.466: Total time for which application threads were stopped: 0.0063450 seconds, Stopping threads took: 0.0000660 seconds
230.533: Application time: 0.0669560 seconds
230.533: [GC [PSYoungGen: 14847K->0K(15872K)] 19268K->4420K(42496K), 0.0003560 secs] [Times: user=0.01 sys=0.00, real=0.00 secs] 
230.533: Total time for which application threads were stopped: 0.0004770 seconds, Stopping threads took: 0.0000630 seconds
230.600: Application time: 0.0664290 seconds
230.600: [GC [PSYoungGen: 14847K->0K(15872K)] 19268K->4420K(42496K), 0.0003380 secs] [Times: user=0.00 sys=0.00, real=0.00 secs] 
230.600: Total time for which application threads were stopped: 0.0004900 seconds, Stopping threads took: 0.0000810 seconds
230.667: Application time: 0.0664880 seconds
230.667: [GC [PSYoungGen: 14845K->0K(15872K)] 19266K->4420K(42496K), 0.0003350 secs] [Times: user=0.00 sys=0.00, real=0.00 secs] 
230.667: Total time for which application threads were stopped: 0.0004610 seconds, Stopping threads took: 0.0000620 seconds
230.734: Application time: 0.0665250 seconds
230.734: [GC [PSYoungGen: 14847K->0K(15872K)] 19268K->4420K(42496K), 0.0003410 secs] [Times: user=0.00 sys=0.00, real=0.00 secs] 
230.734: Total time for which application threads were stopped: 0.0004450 seconds, Stopping threads took: 0.0000410 seconds
230.792: Application time: 0.0580130 seconds
230.792: [GC [PSYoungGen: 14845K->384K(15872K)] 19266K->4804K(42496K), 0.0003620 secs] [Times: user=0.00 sys=0.00, real=0.00 secs] 
230.792: Total time for which application threads were stopped: 0.0004900 seconds, Stopping threads took: 0.0000680 seconds
230.847: Application time: 0.0542890 seconds
230.848: [GC [PSYoungGen: 15229K->256K(15872K)] 19650K->4700K(42496K), 0.0004830 secs] [Times: user=0.00 sys=0.00, real=0.00 secs] 
230.848: Total time for which application threads were stopped: 0.0016080 seconds, Stopping threads took: 0.0010570 seconds
230.905: Application time: 0.0568630 seconds
230.905: [GC [PSYoungGen: 15101K->544K(15872K)] 19546K->5004K(42496K), 0.0004010 secs] [Times: user=0.00 sys=0.00, real=0.00 secs] 
230.906: Total time for which application threads were stopped: 0.0005240 seconds, Stopping threads took: 0.0000610 seconds
230.961: Application time: 0.0548750 seconds
230.961: [GC [PSYoungGen: 15389K->352K(15872K)] 19850K->5025K(42496K), 0.0003790 secs] [Times: user=0.00 sys=0.00, real=0.00 secs] 
230.961: Total time for which application threads were stopped: 0.0005200 seconds, Stopping threads took: 0.0000790 seconds
231.026: Application time: 0.0646050 seconds
231.026: [GC [PSYoungGen: 15199K->352K(15872K)] 19873K->5041K(42496K), 0.0003610 secs] [Times: user=0.00 sys=0.00, real=0.00 secs] 
231.026: Total time for which application threads were stopped: 0.0005060 seconds, Stopping threads took: 0.0000750 seconds
231.093: Application time: 0.0667290 seconds
231.093: [GC [PSYoungGen: 15197K->0K(15872K)] 19886K->4918K(42496K), 0.0003690 secs] [Times: user=0.01 sys=0.00, real=0.00 secs] 
231.093: Total time for which application threads were stopped: 0.0004990 seconds, Stopping threads took: 0.0000680 seconds
231.159: Application time: 0.0656720 seconds
231.159: [GC [PSYoungGen: 14847K->0K(15872K)] 19765K->4918K(42496K), 0.0003660 secs] [Times: user=0.00 sys=0.00, real=0.00 secs] 
231.160: Total time for which application threads were stopped: 0.0004980 seconds, Stopping threads took: 0.0000590 seconds
231.223: Application time: 0.0636370 seconds
231.223: [GC [PSYoungGen: 14845K->384K(15872K)] 19763K->5302K(42496K), 0.0003660 secs] [Times: user=0.00 sys=0.01, real=0.01 secs] 
231.224: Total time for which application threads were stopped: 0.0004880 seconds, Stopping threads took: 0.0000560 seconds
231.289: Application time: 0.0657000 seconds
231.290: [GC [PSYoungGen: 15231K->0K(15872K)] 20149K->5174K(42496K), 0.0004500 secs] [Times: user=0.00 sys=0.00, real=0.00 secs] 
231.290: Total time for which application threads were stopped: 0.0005610 seconds, Stopping threads took: 0.0000490 seconds
231.354: Application time: 0.0638320 seconds
231.354: [GC [PSYoungGen: 14847K->416K(15872K)] 20021K->5590K(42496K), 0.0003880 secs] [Times: user=0.00 sys=0.00, real=0.00 secs] 
231.354: Total time for which application threads were stopped: 0.0005070 seconds, Stopping threads took: 0.0000610 seconds
231.407: Application time: 0.0525710 seconds
231.407: [GC [PSYoungGen: 15263K->288K(15872K)] 20437K->5690K(42496K), 0.0004880 secs] [Times: user=0.00 sys=0.00, real=0.00 secs] 
231.409: Total time for which application threads were stopped: 0.0017620 seconds, Stopping threads took: 0.0000640 seconds
231.453: Application time: 0.0442210 seconds
231.453: [GC [PSYoungGen: 15133K->560K(15872K)] 20536K->5970K(42496K), 0.0004270 secs] [Times: user=0.00 sys=0.00, real=0.00 secs] 
231.454: Total time for which application threads were stopped: 0.0005460 seconds, Stopping threads took: 0.0000550 seconds
231.511: Application time: 0.0571880 seconds
231.511: [GC [PSYoungGen: 15407K->736K(15872K)] 20818K->6242K(42496K), 0.0004410 secs] [Times: user=0.01 sys=0.00, real=0.00 secs] 
231.511: Total time for which application threads were stopped: 0.0005530 seconds, Stopping threads took: 0.0000530 seconds
231.559: Application time: 0.0472910 seconds
231.559: [GC [PSYoungGen: 15582K->512K(15872K)] 21088K->6239K(42496K), 0.0004330 secs] [Times: user=0.01 sys=0.00, real=0.00 secs] 
231.559: Total time for which application threads were stopped: 0.0005490 seconds, Stopping threads took: 0.0000520 seconds
231.623: Application time: 0.0634990 seconds
231.623: [GC [PSYoungGen: 15357K->352K(15872K)] 21084K->6299K(42496K), 0.0004130 secs] [Times: user=0.01 sys=0.00, real=0.00 secs] 
231.623: Total time for which application threads were stopped: 0.0005350 seconds, Stopping threads took: 0.0000600 seconds
231.688: Application time: 0.0647010 seconds
231.688: [GC [PSYoungGen: 15199K->0K(15872K)] 21147K->6204K(42496K), 0.0003920 secs] [Times: user=0.00 sys=0.00, real=0.00 secs] 
231.688: Total time for which application threads were stopped: 0.0005250 seconds, Stopping threads took: 0.0000610 seconds
231.722: Application time: 0.0338870 seconds
231.722: [GC [PSYoungGen: 14843K->800K(15872K)] 21048K->7004K(42496K), 0.0004470 secs] [Times: user=0.00 sys=0.00, real=0.00 secs] 
231.723: Total time for which application threads were stopped: 0.0005520 seconds, Stopping threads took: 0.0000450 seconds
231.759: Application time: 0.0359990 seconds
231.759: [GC [PSYoungGen: 15646K->720K(15872K)] 21850K->7020K(42496K), 0.0004760 secs] [Times: user=0.00 sys=0.00, real=0.00 secs] 
231.759: Total time for which application threads were stopped: 0.0006150 seconds, Stopping threads took: 0.0000760 seconds
231.818: Application time: 0.0590630 seconds
231.819: [GC [PSYoungGen: 15564K->736K(16384K)] 21865K->7273K(43008K), 0.0004870 secs] [Times: user=0.01 sys=0.00, real=0.00 secs] 
231.819: Total time for which application threads were stopped: 0.0006200 seconds, Stopping threads took: 0.0000670 seconds
231.881: Application time: 0.0618480 seconds
231.881: [GC [PSYoungGen: 15580K->544K(16384K)] 22117K->7690K(43008K), 0.0005130 secs] [Times: user=0.00 sys=0.00, real=0.00 secs] 
231.882: Total time for which application threads were stopped: 0.0006440 seconds, Stopping threads took: 0.0000670 seconds
231.945: Application time: 0.0635120 seconds
231.945: [GC [PSYoungGen: 15389K->288K(16384K)] 22535K->7835K(43008K), 0.0005730 secs] [Times: user=0.00 sys=0.00, real=0.00 secs] 
231.946: Total time for which application threads were stopped: 0.0006860 seconds, Stopping threads took: 0.0000470 seconds
232.011: Application time: 0.0652430 seconds
232.011: [GC [PSYoungGen: 15135K->0K(16384K)] 22682K->7775K(43008K), 0.0003840 secs] [Times: user=0.00 sys=0.00, real=0.00 secs] 
232.012: Total time for which application threads were stopped: 0.0005040 seconds, Stopping threads took: 0.0000610 seconds
232.077: Application time: 0.0652000 seconds
232.077: [GC [PSYoungGen: 14847K->0K(16384K)] 22623K->7775K(43008K), 0.0003410 secs] [Times: user=0.00 sys=0.00, real=0.00 secs] 
232.077: Total time for which application threads were stopped: 0.0004700 seconds, Stopping threads took: 0.0000690 seconds
232.139: Application time: 0.0615910 seconds
232.139: [GC [PSYoungGen: 14846K->864K(16384K)] 22622K->8639K(43008K), 0.0004500 secs] [Times: user=0.00 sys=0.00, real=0.00 secs] 
232.139: Total time for which application threads were stopped: 0.0005730 seconds, Stopping threads took: 0.0000620 seconds
232.203: Application time: 0.0632680 seconds
232.204: [GC [PSYoungGen: 15710K->480K(16384K)] 23486K->8476K(43008K), 0.0004640 secs] [Times: user=0.01 sys=0.00, real=0.00 secs] 
232.204: Total time for which application threads were stopped: 0.0016950 seconds, Stopping threads took: 0.0011580 seconds
232.270: Application time: 0.0656930 seconds
232.270: [GC [PSYoungGen: 15327K->0K(16384K)] 23323K->8421K(43008K), 0.0003980 secs] [Times: user=0.00 sys=0.00, real=0.00 secs] 
232.271: Total time for which application threads were stopped: 0.0005360 seconds, Stopping threads took: 0.0000770 seconds
232.336: Application time: 0.0658340 seconds
232.337: [GC [PSYoungGen: 14847K->0K(16384K)] 23268K->8421K(43008K), 0.0003890 secs] [Times: user=0.00 sys=0.00, real=0.00 secs] 
232.337: Total time for which application threads were stopped: 0.0005170 seconds, Stopping threads took: 0.0000670 seconds
232.404: Application time: 0.0672410 seconds
232.404: [GC [PSYoungGen: 14845K->0K(16384K)] 23266K->8421K(43008K), 0.0003600 secs] [Times: user=0.00 sys=0.00, real=0.00 secs] 
232.405: Total time for which application threads were stopped: 0.0004960 seconds, Stopping threads took: 0.0000730 seconds
232.470: Application time: 0.0656300 seconds
232.470: [GC [PSYoungGen: 14847K->0K(16384K)] 23268K->8421K(43008K), 0.0003410 secs] [Times: user=0.00 sys=0.00, real=0.00 secs] 
232.471: Total time for which application threads were stopped: 0.0004660 seconds, Stopping threads took: 0.0000700 seconds
232.523: Application time: 0.0517600 seconds
232.523: [GC [PSYoungGen: 14843K->384K(16384K)] 23265K->8805K(43008K), 0.0003970 secs] [Times: user=0.01 sys=0.00, real=0.00 secs] 
232.523: Total time for which application threads were stopped: 0.0005180 seconds, Stopping threads took: 0.0000560 seconds
232.584: Application time: 0.0606050 seconds
232.584: [GC [PSYoungGen: 15227K->352K(15360K)] 23649K->8781K(41984K), 0.0004080 secs] [Times: user=0.00 sys=0.00, real=0.01 secs] 
232.584: Total time for which application threads were stopped: 0.0005190 seconds, Stopping threads took: 0.0000530 seconds
232.634: Application time: 0.0496080 seconds
232.634: [GC [PSYoungGen: 15195K->544K(15872K)] 23625K->8989K(42496K), 0.0004000 secs] [Times: user=0.00 sys=0.00, real=0.00 secs] 
232.634: Total time for which application threads were stopped: 0.0005130 seconds, Stopping threads took: 0.0000490 seconds
232.694: Application time: 0.0601270 seconds
232.695: [GC [PSYoungGen: 15387K->352K(15872K)] 23833K->9026K(42496K), 0.0003960 secs] [Times: user=0.00 sys=0.00, real=0.00 secs] 
232.695: Total time for which application threads were stopped: 0.0005170 seconds, Stopping threads took: 0.0000570 seconds
232.759: Application time: 0.0639470 seconds
232.759: [GC [PSYoungGen: 15196K->352K(15872K)] 23870K->9042K(42496K), 0.0003790 secs] [Times: user=0.00 sys=0.00, real=0.00 secs] 
232.759: Total time for which application threads were stopped: 0.0005210 seconds, Stopping threads took: 0.0000670 seconds
232.825: Application time: 0.0654360 seconds
232.828: [GC [PSYoungGen: 15197K->0K(15872K)] 23887K->8906K(42496K), 0.0004410 secs] [Times: user=0.00 sys=0.00, real=0.00 secs] 
232.828: Total time for which application threads were stopped: 0.0035070 seconds, Stopping threads took: 0.0030010 seconds
232.894: Application time: 0.0653830 seconds
232.894: [GC [PSYoungGen: 14847K->0K(15872K)] 23753K->8906K(42496K), 0.0003530 secs] [Times: user=0.00 sys=0.00, real=0.00 secs] 
232.894: Total time for which application threads were stopped: 0.0005100 seconds, Stopping threads took: 0.0000930 seconds
232.957: Application time: 0.0631390 seconds
232.958: [GC [PSYoungGen: 14847K->384K(15872K)] 23753K->9290K(42496K), 0.0003860 secs] [Times: user=0.00 sys=0.00, real=0.00 secs] 
232.958: Total time for which application threads were stopped: 0.0005070 seconds, Stopping threads took: 0.0000610 seconds
233.023: Application time: 0.0652800 seconds
233.023: [GC [PSYoungGen: 15231K->0K(15872K)] 24137K->9158K(42496K), 0.0003930 secs] [Times: user=0.00 sys=0.00, real=0.00 secs] 
233.024: Total time for which application threads were stopped: 0.0005070 seconds, Stopping threads took: 0.0000500 seconds
233.087: Application time: 0.0629560 seconds
233.087: [GC [PSYoungGen: 14827K->416K(15872K)] 23986K->9574K(42496K), 0.0004380 secs] [Times: user=0.01 sys=0.00, real=0.00 secs] 
233.087: Total time for which application threads were stopped: 0.0005620 seconds, Stopping threads took: 0.0000650 seconds
233.133: Application time: 0.0458850 seconds
233.133: [GC [PSYoungGen: 15263K->384K(15872K)] 24422K->9803K(42496K), 0.0004200 secs] [Times: user=0.00 sys=0.00, real=0.00 secs] 
233.134: Total time for which application threads were stopped: 0.0005350 seconds, Stopping threads took: 0.0000520 seconds
233.182: Application time: 0.0479270 seconds
233.182: [GC [PSYoungGen: 15228K->384K(15872K)] 24647K->10039K(42496K), 0.0004490 secs] [Times: user=0.00 sys=0.00, real=0.00 secs] 
233.182: Total time for which application threads were stopped: 0.0005730 seconds, Stopping threads took: 0.0000640 seconds
233.231: Application time: 0.0489210 seconds
233.231: [GC [PSYoungGen: 15227K->640K(15872K)] 24883K->10335K(42496K), 0.0005380 secs] [Times: user=0.00 sys=0.00, real=0.00 secs] 
233.232: Total time for which application threads were stopped: 0.0006470 seconds, Stopping threads took: 0.0000490 seconds
233.288: Application time: 0.0564190 seconds
233.288: [GC [PSYoungGen: 15485K->640K(15872K)] 25180K->10548K(42496K), 0.0004460 secs] [Times: user=0.00 sys=0.00, real=0.00 secs] 
233.289: Total time for which application threads were stopped: 0.0005810 seconds, Stopping threads took: 0.0000590 seconds
233.352: Application time: 0.0629950 seconds
233.352: [GC [PSYoungGen: 15487K->384K(15872K)] 25395K->10504K(42496K), 0.0004100 secs] [Times: user=0.00 sys=0.00, real=0.00 secs] 
233.352: Total time for which application threads were stopped: 0.0005290 seconds, Stopping threads took: 0.0000610 seconds
233.411: Application time: 0.0592200 seconds
233.412: [GC [PSYoungGen: 15228K->544K(15872K)] 25349K->10920K(42496K), 0.0004540 secs] [Times: user=0.01 sys=0.00, real=0.01 secs] 
233.412: Total time for which application threads were stopped: 0.0005720 seconds, Stopping threads took: 0.0000570 seconds
233.443: Application time: 0.0310630 seconds
233.443: [GC [PSYoungGen: 15391K->704K(15872K)] 25768K->11145K(42496K), 0.0004790 secs] [Times: user=0.01 sys=0.00, real=0.00 secs] 
233.444: Total time for which application threads were stopped: 0.0005900 seconds, Stopping threads took: 0.0000470 seconds
233.487: Application time: 0.0433120 seconds
233.487: [GC [PSYoungGen: 15551K->704K(15360K)] 25992K->11201K(41984K), 0.0004630 secs] [Times: user=0.00 sys=0.00, real=0.00 secs] 
233.488: Total time for which application threads were stopped: 0.0005770 seconds, Stopping threads took: 0.0000510 seconds
233.544: Application time: 0.0563040 seconds
233.544: [GC [PSYoungGen: 15035K->928K(15872K)] 25532K->11473K(42496K), 0.0004930 secs] [Times: user=0.01 sys=0.00, real=0.00 secs] 
233.545: Total time for which application threads were stopped: 0.0006090 seconds, Stopping threads took: 0.0000530 seconds
233.605: Application time: 0.0606260 seconds
233.605: [GC [PSYoungGen: 15263K->320K(15872K)] 25808K->11659K(42496K), 0.0005110 secs] [Times: user=0.01 sys=0.00, real=0.00 secs] 
233.606: Total time for which application threads were stopped: 0.0006400 seconds, Stopping threads took: 0.0000640 seconds
233.667: Application time: 0.0608700 seconds
233.667: [GC [PSYoungGen: 14652K->384K(15872K)] 25991K->11947K(42496K), 0.0004040 secs] [Times: user=0.00 sys=0.00, real=0.00 secs] 
233.667: Total time for which application threads were stopped: 0.0005090 seconds, Stopping threads took: 0.0000420 seconds
233.730: Application time: 0.0627640 seconds
233.730: [GC [PSYoungGen: 14719K->0K(15872K)] 26282K->11783K(42496K), 0.0003880 secs] [Times: user=0.01 sys=0.00, real=0.00 secs] 
233.730: Total time for which application threads were stopped: 0.0005120 seconds, Stopping threads took: 0.0000640 seconds
233.793: Application time: 0.0629610 seconds
233.794: [GC [PSYoungGen: 14333K->0K(15872K)] 26116K->11783K(42496K), 0.0003720 secs] [Times: user=0.00 sys=0.00, real=0.00 secs] 
233.794: Total time for which application threads were stopped: 0.0005200 seconds, Stopping threads took: 0.0000730 seconds
233.852: Application time: 0.0584820 seconds
233.853: [GC [PSYoungGen: 14334K->736K(15872K)] 26118K->12519K(42496K), 0.0004510 secs] [Times: user=0.00 sys=0.00, real=0.00 secs] 
233.853: Total time for which application threads were stopped: 0.0005660 seconds, Stopping threads took: 0.0000520 seconds
233.916: Application time: 0.0632990 seconds
233.916: [GC [PSYoungGen: 15068K->256K(15872K)] 26852K->12444K(42496K), 0.0004360 secs] [Times: user=0.00 sys=0.00, real=0.00 secs] 
233.917: Total time for which application threads were stopped: 0.0005550 seconds, Stopping threads took: 0.0000560 seconds
233.980: Application time: 0.0635530 seconds
233.981: [GC [PSYoungGen: 14588K->0K(15872K)] 26776K->12400K(42496K), 0.0004090 secs] [Times: user=0.00 sys=0.00, real=0.00 secs] 
233.981: Total time for which application threads were stopped: 0.0005280 seconds, Stopping threads took: 0.0000560 seconds
234.045: Application time: 0.0636870 seconds
234.045: [GC [PSYoungGen: 14332K->0K(15872K)] 26733K->12400K(42496K), 0.0003860 secs] [Times: user=0.00 sys=0.00, real=0.00 secs] 
234.045: Total time for which application threads were stopped: 0.0005220 seconds, Stopping threads took: 0.0000700 seconds
234.110: Application time: 0.0646550 seconds
234.110: [GC [PSYoungGen: 14335K->0K(15872K)] 26736K->12400K(42496K), 0.0003390 secs] [Times: user=0.00 sys=0.00, real=0.00 secs] 
234.110: Total time for which application threads were stopped: 0.0004750 seconds, Stopping threads took: 0.0000750 seconds
234.174: Application time: 0.0635570 seconds
234.174: [GC [PSYoungGen: 14332K->0K(15872K)] 26733K->12400K(42496K), 0.0003420 secs] [Times: user=0.00 sys=0.00, real=0.00 secs] 
234.174: Total time for which application threads were stopped: 0.0004610 seconds, Stopping threads took: 0.0000600 seconds
234.226: Application time: 0.0513700 seconds
234.226: [GC [PSYoungGen: 14334K->384K(14848K)] 26735K->12784K(41472K), 0.0004730 secs] [Times: user=0.00 sys=0.00, real=0.00 secs] 
234.226: Total time for which application threads were stopped: 0.0005840 seconds, Stopping threads took: 0.0000470 seconds
234.282: Application time: 0.0556680 seconds
234.282: [GC [PSYoungGen: 14717K->320K(15360K)] 27118K->12728K(41984K), 0.0004250 secs] [Times: user=0.00 sys=0.00, real=0.00 secs] 
234.282: Total time for which application threads were stopped: 0.0005390 seconds, Stopping threads took: 0.0000550 seconds
234.335: Application time: 0.0522160 seconds
234.335: [GC [PSYoungGen: 14655K->512K(15360K)] 27063K->12936K(41984K), 0.0004550 secs] [Times: user=0.00 sys=0.00, real=0.00 secs] 
234.335: Total time for which application threads were stopped: 0.0005820 seconds, Stopping threads took: 0.0000570 seconds
234.388: Application time: 0.0527480 seconds
234.388: [GC [PSYoungGen: 14844K->320K(15360K)] 27269K->12976K(41984K), 0.0004160 secs] [Times: user=0.01 sys=0.00, real=0.00 secs] 
234.389: Total time for which application threads were stopped: 0.0005350 seconds, Stopping threads took: 0.0000580 seconds
234.450: Application time: 0.0616820 seconds
234.450: [GC [PSYoungGen: 14655K->352K(15360K)] 27312K->13024K(41984K), 0.0004000 secs] [Times: user=0.00 sys=0.00, real=0.00 secs] 
234.451: Total time for which application threads were stopped: 0.0005240 seconds, Stopping threads took: 0.0000620 seconds
234.514: Application time: 0.0630400 seconds
234.514: [GC [PSYoungGen: 14687K->0K(15360K)] 27360K->12877K(41984K), 0.0004160 secs] [Times: user=0.00 sys=0.00, real=0.00 secs] 
234.514: Total time for which application threads were stopped: 0.0005230 seconds, Stopping threads took: 0.0000470 seconds
234.577: Application time: 0.0628580 seconds
234.577: [GC [PSYoungGen: 14332K->0K(15360K)] 27210K->12877K(41984K), 0.0003610 secs] [Times: user=0.00 sys=0.00, real=0.00 secs] 
234.578: Total time for which application threads were stopped: 0.0004810 seconds, Stopping threads took: 0.0000620 seconds
234.639: Application time: 0.0609050 seconds
234.639: [GC [PSYoungGen: 14331K->384K(15360K)] 27209K->13261K(41984K), 0.0003990 secs] [Times: user=0.00 sys=0.00, real=0.00 secs] 
234.639: Total time for which application threads were stopped: 0.0005330 seconds, Stopping threads took: 0.0000700 seconds
234.702: Application time: 0.0632310 seconds
234.702: [GC [PSYoungGen: 14719K->0K(15360K)] 27596K->13130K(41984K), 0.0003920 secs] [Times: user=0.00 sys=0.00, real=0.00 secs] 
234.703: Total time for which application threads were stopped: 0.0005170 seconds, Stopping threads took: 0.0000630 seconds
234.764: Application time: 0.0611180 seconds
234.764: [GC [PSYoungGen: 14331K->384K(15360K)] 27461K->13514K(41984K), 0.0003820 secs] [Times: user=0.00 sys=0.00, real=0.00 secs] 
234.764: Total time for which application threads were stopped: 0.0004870 seconds, Stopping threads took: 0.0000460 seconds
234.818: Application time: 0.0530820 seconds
234.818: [GC [PSYoungGen: 14719K->384K(15360K)] 27849K->13754K(41984K), 0.0004590 secs] [Times: user=0.00 sys=0.00, real=0.00 secs] 
234.818: Total time for which application threads were stopped: 0.0005780 seconds, Stopping threads took: 0.0000540 seconds
234.867: Application time: 0.0490450 seconds
234.867: [GC [PSYoungGen: 14716K->512K(15360K)] 28086K->13890K(41984K), 0.0004120 secs] [Times: user=0.00 sys=0.00, real=0.00 secs] 
234.868: Total time for which application threads were stopped: 0.0005390 seconds, Stopping threads took: 0.0000540 seconds
234.910: Application time: 0.0425050 seconds
234.910: [GC [PSYoungGen: 14847K->768K(15360K)] 28225K->14194K(41984K), 0.0004540 secs] [Times: user=0.00 sys=0.00, real=0.00 secs] 
234.911: Total time for which application threads were stopped: 0.0005710 seconds, Stopping threads took: 0.0000570 seconds
234.957: Application time: 0.0463490 seconds
234.957: [GC [PSYoungGen: 15101K->352K(15360K)] 28528K->14226K(41984K), 0.0004930 secs] [Times: user=0.00 sys=0.00, real=0.00 secs] 
234.958: Total time for which application threads were stopped: 0.0006120 seconds, Stopping threads took: 0.0000590 seconds
235.018: Application time: 0.0597590 seconds
235.018: [GC [PSYoungGen: 14685K->512K(15360K)] 28559K->14394K(41984K), 0.0004150 secs] [Times: user=0.00 sys=0.00, real=0.00 secs] 
235.018: Total time for which application threads were stopped: 0.0005590 seconds, Stopping threads took: 0.0000760 seconds
235.081: Application time: 0.0631770 seconds
235.081: [GC [PSYoungGen: 14847K->0K(15360K)] 28729K->14334K(41984K), 0.0004250 secs] [Times: user=0.00 sys=0.00, real=0.00 secs] 
235.082: Total time for which application threads were stopped: 0.0005370 seconds, Stopping threads took: 0.0000480 seconds
235.134: Application time: 0.0526020 seconds
235.134: [GC [PSYoungGen: 14334K->736K(15360K)] 28669K->15070K(41984K), 0.0004380 secs] [Times: user=0.00 sys=0.00, real=0.00 secs] 
235.135: Total time for which application threads were stopped: 0.0005440 seconds, Stopping threads took: 0.0000470 seconds
235.163: Application time: 0.0285330 seconds
235.164: [GC [PSYoungGen: 15069K->512K(15360K)] 29403K->15083K(41984K), 0.0004650 secs] [Times: user=0.00 sys=0.00, real=0.01 secs] 
235.164: Total time for which application threads were stopped: 0.0005780 seconds, Stopping threads took: 0.0000500 seconds
235.210: Application time: 0.0457170 seconds
235.210: [GC [PSYoungGen: 14843K->704K(14848K)] 29415K->15331K(41472K), 0.0005010 secs] [Times: user=0.00 sys=0.00, real=0.00 secs] 
235.210: Total time for which application threads were stopped: 0.0006310 seconds, Stopping threads took: 0.0000640 seconds
235.265: Application time: 0.0546070 seconds
235.268: [GC [PSYoungGen: 14526K->896K(15360K)] 29153K->15579K(41984K), 0.0005190 secs] [Times: user=0.00 sys=0.00, real=0.00 secs] 
235.268: Total time for which application threads were stopped: 0.0033880 seconds, Stopping threads took: 0.0028060 seconds
235.328: Application time: 0.0593610 seconds
235.328: [GC [PSYoungGen: 14718K->288K(15360K)] 29402K->15769K(41984K), 0.0005000 secs] [Times: user=0.00 sys=0.00, real=0.00 secs] 
235.328: Total time for which application threads were stopped: 0.0006430 seconds, Stopping threads took: 0.0000770 seconds
235.388: Application time: 0.0598010 seconds
235.388: [GC [PSYoungGen: 14109K->384K(15360K)] 29590K->16093K(41984K), 0.0003940 secs] [Times: user=0.00 sys=0.00, real=0.00 secs] 
235.389: Total time for which application threads were stopped: 0.0005200 seconds, Stopping threads took: 0.0000530 seconds
235.449: Application time: 0.0604250 seconds
235.449: [GC [PSYoungGen: 14205K->0K(15360K)] 29915K->15925K(41984K), 0.0003920 secs] [Times: user=0.00 sys=0.00, real=0.00 secs] 
235.450: Total time for which application threads were stopped: 0.0005250 seconds, Stopping threads took: 0.0000700 seconds
235.510: Application time: 0.0607350 seconds
235.511: [GC [PSYoungGen: 13823K->0K(15360K)] 29749K->15925K(41984K), 0.0003420 secs] [Times: user=0.00 sys=0.00, real=0.00 secs] 
235.511: Total time for which application threads were stopped: 0.0004610 seconds, Stopping threads took: 0.0000620 seconds
235.569: Application time: 0.0577150 seconds
235.569: [GC [PSYoungGen: 13820K->512K(15360K)] 29746K->16437K(41984K), 0.0004770 secs] [Times: user=0.00 sys=0.00, real=0.00 secs] 
235.569: Total time for which application threads were stopped: 0.0005990 seconds, Stopping threads took: 0.0000580 seconds
235.629: Application time: 0.0597010 seconds
235.629: [GC [PSYoungGen: 14335K->576K(15360K)] 30261K->16706K(41984K), 0.0004340 secs] [Times: user=0.00 sys=0.00, real=0.00 secs] 
235.630: Total time for which application threads were stopped: 0.0008910 seconds, Stopping threads took: 0.0003960 seconds
235.692: Application time: 0.0617360 seconds
235.692: [GC [PSYoungGen: 14399K->0K(15360K)] 30530K->16547K(41984K), 0.0004950 secs] [Times: user=0.00 sys=0.00, real=0.01 secs] 
235.692: Total time for which application threads were stopped: 0.0006440 seconds, Stopping threads took: 0.0000810 seconds
235.754: Application time: 0.0615840 seconds
235.754: [GC [PSYoungGen: 13819K->0K(15360K)] 30367K->16547K(41984K), 0.0003490 secs] [Times: user=0.00 sys=0.00, real=0.00 secs] 
235.754: Total time for which application threads were stopped: 0.0004760 seconds, Stopping threads took: 0.0000630 seconds
235.816: Application time: 0.0614320 seconds
235.820: [GC [PSYoungGen: 13819K->0K(15360K)] 30367K->16547K(41984K), 0.0003840 secs] [Times: user=0.00 sys=0.00, real=0.00 secs] 
235.820: Total time for which application threads were stopped: 0.0045670 seconds, Stopping threads took: 0.0041180 seconds
235.882: Application time: 0.0613670 seconds
235.882: [GC [PSYoungGen: 13821K->0K(14336K)] 30369K->16547K(40960K), 0.0004300 secs] [Times: user=0.00 sys=0.00, real=0.00 secs] 
235.882: Total time for which application threads were stopped: 0.0005710 seconds, Stopping threads took: 0.0000770 seconds
235.934: Application time: 0.0515290 seconds
235.934: [GC [PSYoungGen: 13820K->384K(14848K)] 30367K->16931K(41472K), 0.0003780 secs] [Times: user=0.01 sys=0.00, real=0.00 secs] 
235.934: Total time for which application threads were stopped: 0.0005070 seconds, Stopping threads took: 0.0000520 seconds
235.986: Application time: 0.0514820 seconds
235.986: [GC [PSYoungGen: 14207K->352K(14848K)] 30754K->16923K(41472K), 0.0003960 secs] [Times: user=0.00 sys=0.00, real=0.00 secs] 
235.986: Total time for which application threads were stopped: 0.0005130 seconds, Stopping threads took: 0.0000550 seconds
236.039: Application time: 0.0530650 seconds
236.039: [GC [PSYoungGen: 14175K->480K(14848K)] 30746K->17059K(41472K), 0.0004730 secs] [Times: user=0.00 sys=0.00, real=0.00 secs] 
236.040: Total time for which application threads were stopped: 0.0005910 seconds, Stopping threads took: 0.0000580 seconds
236.088: Application time: 0.0479480 seconds
236.088: [GC [PSYoungGen: 14301K->352K(14848K)] 30880K->17167K(41472K), 0.0004230 secs] [Times: user=0.01 sys=0.00, real=0.00 secs] 
236.088: Total time for which application threads were stopped: 0.0005380 seconds, Stopping threads took: 0.0000550 seconds
236.148: Application time: 0.0595080 seconds
236.148: [GC [PSYoungGen: 14172K->288K(14848K)] 30988K->17127K(41472K), 0.0004470 secs] [Times: user=0.00 sys=0.00, real=0.00 secs] 
236.148: Total time for which application threads were stopped: 0.0005670 seconds, Stopping threads took: 0.0000570 seconds
236.209: Application time: 0.0607500 seconds
236.209: [GC [PSYoungGen: 14111K->0K(14848K)] 30951K->17052K(41472K), 0.0004100 secs] [Times: user=0.00 sys=0.00, real=0.00 secs] 
236.210: Total time for which application threads were stopped: 0.0005220 seconds, Stopping threads took: 0.0000520 seconds
236.270: Application time: 0.0606930 seconds
236.271: [GC [PSYoungGen: 13823K->0K(14848K)] 30876K->17052K(41472K), 0.0003600 secs] [Times: user=0.00 sys=0.00, real=0.00 secs] 
236.271: Total time for which application threads were stopped: 0.0004850 seconds, Stopping threads took: 0.0000620 seconds
236.332: Application time: 0.0607790 seconds
236.332: [GC [PSYoungGen: 13823K->0K(14848K)] 30876K->17052K(41472K), 0.0003450 secs] [Times: user=0.00 sys=0.00, real=0.00 secs] 
236.332: Total time for which application threads were stopped: 0.0004570 seconds, Stopping threads took: 0.0000490 seconds
236.391: Application time: 0.0587960 seconds
236.391: [GC [PSYoungGen: 13819K->384K(14848K)] 30872K->17436K(41472K), 0.0003900 secs] [Times: user=0.01 sys=0.00, real=0.00 secs] 
236.391: Total time for which application threads were stopped: 0.0005070 seconds, Stopping threads took: 0.0000550 seconds
236.451: Application time: 0.0596420 seconds
236.451: [GC [PSYoungGen: 14206K->288K(14848K)] 31258K->17585K(41472K), 0.0004710 secs] [Times: user=0.00 sys=0.00, real=0.01 secs] 
236.453: Total time for which application threads were stopped: 0.0016650 seconds, Stopping threads took: 0.0000500 seconds
236.509: Application time: 0.0566540 seconds
236.510: [GC [PSYoungGen: 14109K->512K(14848K)] 31406K->17873K(41472K), 0.0004450 secs] [Times: user=0.00 sys=0.00, real=0.00 secs] 
236.510: Total time for which application threads were stopped: 0.0005520 seconds, Stopping threads took: 0.0000500 seconds
236.555: Application time: 0.0452640 seconds
236.555: [GC [PSYoungGen: 14331K->352K(14848K)] 31692K->17941K(41472K), 0.0004110 secs] [Times: user=0.00 sys=0.00, real=0.00 secs] 
236.556: Total time for which application threads were stopped: 0.0005470 seconds, Stopping threads took: 0.0000600 seconds
236.605: Application time: 0.0495610 seconds
236.605: [GC [PSYoungGen: 14172K->432K(14848K)] 31761K->18274K(41472K), 0.0004190 secs] [Times: user=0.00 sys=0.00, real=0.00 secs] 
236.606: Total time for which application threads were stopped: 0.0005620 seconds, Stopping threads took: 0.0000830 seconds
236.644: Application time: 0.0380830 seconds
236.644: [GC [PSYoungGen: 14254K->704K(14848K)] 32096K->18610K(41472K), 0.0004590 secs] [Times: user=0.00 sys=0.00, real=0.00 secs] 
236.645: Total time for which application threads were stopped: 0.0005920 seconds, Stopping threads took: 0.0000690 seconds
236.697: Application time: 0.0519840 seconds
236.697: [GC [PSYoungGen: 14526K->512K(14848K)] 32432K->18634K(41472K), 0.0004460 secs] [Times: user=0.01 sys=0.00, real=0.00 secs] 
236.697: Total time for which application threads were stopped: 0.0005600 seconds, Stopping threads took: 0.0000540 seconds
236.756: Application time: 0.0590050 seconds
236.756: [GC [PSYoungGen: 14333K->352K(14848K)] 32456K->18694K(41472K), 0.0004230 secs] [Times: user=0.00 sys=0.00, real=0.00 secs] 
236.757: Total time for which application threads were stopped: 0.0005550 seconds, Stopping threads took: 0.0000700 seconds
236.817: Application time: 0.0602640 seconds
236.817: [GC [PSYoungGen: 14175K->0K(14848K)] 32518K->18579K(41472K), 0.0004280 secs] [Times: user=0.00 sys=0.00, real=0.00 secs] 
236.818: Total time for which application threads were stopped: 0.0005500 seconds, Stopping threads took: 0.0000600 seconds
236.861: Application time: 0.0429810 seconds
236.861: [GC [PSYoungGen: 13823K->384K(14848K)] 32402K->18963K(41472K), 0.0003820 secs] [Times: user=0.00 sys=0.00, real=0.00 secs] 
236.861: Total time for which application threads were stopped: 0.0005050 seconds, Stopping threads took: 0.0000600 seconds
236.902: Application time: 0.0406610 seconds
236.902: [GC [PSYoungGen: 14205K->784K(14848K)] 32784K->19371K(41472K), 0.0004450 secs] [Times: user=0.00 sys=0.00, real=0.00 secs] 
236.902: Total time for which application threads were stopped: 0.0005420 seconds, Stopping threads took: 0.0000420 seconds
236.938: Application time: 0.0352980 seconds
236.938: [GC [PSYoungGen: 14607K->896K(14848K)] 33194K->19603K(41472K), 0.0005330 secs] [Times: user=0.00 sys=0.00, real=0.00 secs] 
236.938: Total time for which application threads were stopped: 0.0006480 seconds, Stopping threads took: 0.0000510 seconds
236.996: Application time: 0.0577650 seconds
236.996: [GC [PSYoungGen: 14717K->352K(14336K)] 33424K->19668K(40960K), 0.0004880 secs] [Times: user=0.00 sys=0.00, real=0.00 secs] 
236.997: Total time for which application threads were stopped: 0.0006230 seconds, Stopping threads took: 0.0000640 seconds
237.052: Application time: 0.0554350 seconds
237.052: [GC [PSYoungGen: 14171K->672K(15360K)] 33488K->20209K(41984K), 0.0004650 secs] [Times: user=0.00 sys=0.00, real=0.00 secs] 
237.053: Total time for which application threads were stopped: 0.0005950 seconds, Stopping threads took: 0.0000630 seconds
237.114: Application time: 0.0617570 seconds
237.114: [GC [PSYoungGen: 14494K->0K(14336K)] 34032K->20134K(40960K), 0.0004950 secs] [Times: user=0.00 sys=0.00, real=0.00 secs] 
237.115: Total time for which application threads were stopped: 0.0006250 seconds, Stopping threads took: 0.0000650 seconds
237.175: Application time: 0.0603490 seconds
237.175: [GC [PSYoungGen: 13821K->0K(15360K)] 33956K->20134K(41984K), 0.0003930 secs] [Times: user=0.00 sys=0.00, real=0.00 secs] 
237.176: Total time for which application threads were stopped: 0.0005190 seconds, Stopping threads took: 0.0000620 seconds
237.236: Application time: 0.0604050 seconds
237.236: [GC [PSYoungGen: 13821K->0K(14336K)] 33956K->20134K(40960K), 0.0004320 secs] [Times: user=0.00 sys=0.00, real=0.00 secs] 
237.237: Total time for which application threads were stopped: 0.0005510 seconds, Stopping threads took: 0.0000630 seconds
237.296: Application time: 0.0590750 seconds
237.296: [GC [PSYoungGen: 13823K->480K(15360K)] 33957K->20614K(41984K), 0.0003820 secs] [Times: user=0.00 sys=0.00, real=0.00 secs] 
237.296: Total time for which application threads were stopped: 0.0005160 seconds, Stopping threads took: 0.0000740 seconds
237.354: Application time: 0.0573380 seconds
237.354: [GC [PSYoungGen: 14302K->576K(15360K)] 34437K->20947K(41984K), 0.0004540 secs] [Times: user=0.00 sys=0.00, real=0.00 secs] 
237.354: Total time for which application threads were stopped: 0.0005820 seconds, Stopping threads took: 0.0000640 seconds
237.416: Application time: 0.0614040 seconds
237.416: [GC [PSYoungGen: 14395K->0K(15360K)] 34767K->20796K(41984K), 0.0004490 secs] [Times: user=0.01 sys=0.00, real=0.00 secs] 
237.416: Total time for which application threads were stopped: 0.0005760 seconds, Stopping threads took: 0.0000630 seconds
237.478: Application time: 0.0615820 seconds
237.478: [GC [PSYoungGen: 13819K->0K(15360K)] 34616K->20796K(41984K), 0.0003670 secs] [Times: user=0.00 sys=0.00, real=0.00 secs] 
237.478: Total time for which application threads were stopped: 0.0004730 seconds, Stopping threads took: 0.0000410 seconds
237.540: Application time: 0.0617800 seconds
237.540: [GC [PSYoungGen: 13819K->0K(14336K)] 34616K->20796K(40960K), 0.0004420 secs] [Times: user=0.00 sys=0.00, real=0.00 secs] 
237.541: Total time for which application threads were stopped: 0.0005890 seconds, Stopping threads took: 0.0000640 seconds
237.602: Application time: 0.0612590 seconds
237.602: [GC [PSYoungGen: 13821K->0K(14848K)] 34618K->20796K(41472K), 0.0003850 secs] [Times: user=0.00 sys=0.00, real=0.00 secs] 
237.603: Total time for which application threads were stopped: 0.0005100 seconds, Stopping threads took: 0.0000620 seconds
237.652: Application time: 0.0489940 seconds
237.652: [GC [PSYoungGen: 13819K->416K(14848K)] 34616K->21212K(41472K), 0.0003880 secs] [Times: user=0.00 sys=0.00, real=0.01 secs] 
237.652: Total time for which application threads were stopped: 0.0005170 seconds, Stopping threads took: 0.0000640 seconds
237.705: Application time: 0.0533440 seconds
237.705: [GC [PSYoungGen: 14239K->352K(14848K)] 35035K->21156K(41472K), 0.0004150 secs] [Times: user=0.00 sys=0.00, real=0.00 secs] 
237.706: Total time for which application threads were stopped: 0.0005380 seconds, Stopping threads took: 0.0000570 seconds
237.756: Application time: 0.0503960 seconds
237.756: [GC [PSYoungGen: 14174K->544K(14848K)] 34978K->21364K(41472K), 0.0003930 secs] [Times: user=0.00 sys=0.00, real=0.00 secs] 
237.757: Total time for which application threads were stopped: 0.0005150 seconds, Stopping threads took: 0.0000600 seconds
237.807: Application time: 0.0502630 seconds
237.807: [GC [PSYoungGen: 14363K->288K(14848K)] 35184K->21321K(41472K), 0.0004750 secs] [Times: user=0.00 sys=0.00, real=0.00 secs] 
237.808: Total time for which application threads were stopped: 0.0006080 seconds, Stopping threads took: 0.0000680 seconds
237.867: Application time: 0.0593290 seconds
237.867: [GC [PSYoungGen: 14111K->352K(14848K)] 35144K->21401K(41472K), 0.0004110 secs] [Times: user=0.00 sys=0.00, real=0.00 secs] 
237.868: Total time for which application threads were stopped: 0.0005330 seconds, Stopping threads took: 0.0000600 seconds
237.928: Application time: 0.0607080 seconds
237.928: [GC [PSYoungGen: 14175K->0K(14848K)] 35224K->21393K(41472K), 0.0004260 secs] [Times: user=0.00 sys=0.00, real=0.00 secs] 
237.929: Total time for which application threads were stopped: 0.0005450 seconds, Stopping threads took: 0.0000520 seconds
237.989: Application time: 0.0605900 seconds
237.990: [GC [PSYoungGen: 13823K->0K(14848K)] 35216K->21393K(41472K), 0.0003570 secs] [Times: user=0.00 sys=0.00, real=0.00 secs] 
237.990: Total time for which application threads were stopped: 0.0004740 seconds, Stopping threads took: 0.0000590 seconds
238.050: Application time: 0.0597980 seconds
238.050: [GC [PSYoungGen: 13821K->352K(14848K)] 35214K->21745K(41472K), 0.0004090 secs] [Times: user=0.00 sys=0.00, real=0.00 secs] 
238.050: Total time for which application threads were stopped: 0.0005390 seconds, Stopping threads took: 0.0000610 seconds
238.110: Application time: 0.0595330 seconds
238.110: [GC [PSYoungGen: 14174K->320K(14848K)] 35567K->21729K(41472K), 0.0004700 secs] [Times: user=0.01 sys=0.00, real=0.00 secs] 
238.110: Total time for which application threads were stopped: 0.0005860 seconds, Stopping threads took: 0.0000540 seconds
238.170: Application time: 0.0595820 seconds
238.170: [GC [PSYoungGen: 14142K->160K(14848K)] 35551K->21813K(41472K), 0.0004250 secs] [Times: user=0.00 sys=0.00, real=0.00 secs] 
238.170: Total time for which application threads were stopped: 0.0005320 seconds, Stopping threads took: 0.0000460 seconds
238.219: Application time: 0.0481170 seconds
238.219: [GC [PSYoungGen: 13981K->544K(14848K)] 35635K->22277K(41472K), 0.0004640 secs] [Times: user=0.00 sys=0.00, real=0.00 secs] 
238.219: Total time for which application threads were stopped: 0.0005660 seconds, Stopping threads took: 0.0000410 seconds
238.272: Application time: 0.0526090 seconds
238.272: [GC [PSYoungGen: 14367K->384K(14848K)] 36100K->22333K(41472K), 0.0004660 secs] [Times: user=0.00 sys=0.00, real=0.00 secs] 
238.272: Total time for which application threads were stopped: 0.0005920 seconds, Stopping threads took: 0.0000680 seconds
238.321: Application time: 0.0489430 seconds
238.321: [GC [PSYoungGen: 14204K->512K(14848K)] 36153K->22517K(41472K), 0.0004940 secs] [Times: user=0.00 sys=0.00, real=0.00 secs] 
238.322: Total time for which application threads were stopped: 0.0006040 seconds, Stopping threads took: 0.0000500 seconds
238.361: Application time: 0.0387850 seconds
238.361: [GC [PSYoungGen: 14334K->576K(14848K)] 36339K->22829K(41472K), 0.0004570 secs] [Times: user=0.00 sys=0.00, real=0.00 secs] 
238.361: Total time for which application threads were stopped: 0.0005850 seconds, Stopping threads took: 0.0000640 seconds
238.414: Application time: 0.0527820 seconds
238.414: [GC [PSYoungGen: 14398K->544K(14848K)] 36652K->22821K(41472K), 0.0003890 secs] [Times: user=0.00 sys=0.00, real=0.00 secs] 
238.415: Total time for which application threads were stopped: 0.0004910 seconds, Stopping threads took: 0.0000480 seconds
238.473: Application time: 0.0587980 seconds
238.473: [GC [PSYoungGen: 14365K->384K(14848K)] 36643K->22890K(41472K), 0.0004340 secs] [Times: user=0.01 sys=0.00, real=0.00 secs] 
238.474: Total time for which application threads were stopped: 0.0005550 seconds, Stopping threads took: 0.0000580 seconds
238.531: Application time: 0.0571620 seconds
238.531: [GC [PSYoungGen: 14205K->352K(14848K)] 36711K->23102K(41472K), 0.0004080 secs] [Times: user=0.00 sys=0.00, real=0.00 secs] 
238.532: Total time for which application threads were stopped: 0.0005210 seconds, Stopping threads took: 0.0000550 seconds
238.575: Application time: 0.0436760 seconds
238.575: [GC [PSYoungGen: 14173K->448K(14848K)] 36924K->23214K(41472K), 0.0004730 secs] [Times: user=0.00 sys=0.00, real=0.00 secs] 
238.576: Total time for which application threads were stopped: 0.0006080 seconds, Stopping threads took: 0.0000590 seconds
238.620: Application time: 0.0437430 seconds
238.620: [GC [PSYoungGen: 14270K->544K(14848K)] 37037K->23571K(41472K), 0.0004820 secs] [Times: user=0.00 sys=0.00, real=0.00 secs] 
238.620: Total time for which application threads were stopped: 0.0005810 seconds, Stopping threads took: 0.0000420 seconds
238.661: Application time: 0.0411920 seconds
238.662: [GC [PSYoungGen: 14366K->896K(14848K)] 37393K->23979K(41472K), 0.0005530 secs] [Times: user=0.00 sys=0.00, real=0.00 secs] 
238.662: Total time for which application threads were stopped: 0.0006700 seconds, Stopping threads took: 0.0000560 seconds
238.715: Application time: 0.0527050 seconds
238.715: [GC [PSYoungGen: 14716K->480K(14848K)] 37800K->24004K(41472K), 0.0005470 secs] [Times: user=0.01 sys=0.00, real=0.00 secs] 
238.715: Total time for which application threads were stopped: 0.0006950 seconds, Stopping threads took: 0.0000830 seconds
238.771: Application time: 0.0553080 seconds
238.771: [GC [PSYoungGen: 14302K->864K(14848K)] 37827K->24601K(41472K), 0.0004640 secs] [Times: user=0.00 sys=0.00, real=0.00 secs] 
238.771: Total time for which application threads were stopped: 0.0005850 seconds, Stopping threads took: 0.0000550 seconds
238.832: Application time: 0.0601420 seconds
238.832: [GC [PSYoungGen: 14685K->0K(14336K)] 38422K->24346K(40960K), 0.0004780 secs] [Times: user=0.00 sys=0.00, real=0.01 secs] 
238.832: Total time for which application threads were stopped: 0.0005950 seconds, Stopping threads took: 0.0000550 seconds
238.893: Application time: 0.0604180 seconds
238.893: [GC [PSYoungGen: 13821K->0K(14336K)] 38167K->24346K(40960K), 0.0004260 secs] [Times: user=0.00 sys=0.00, real=0.00 secs] 
238.893: Total time for which application threads were stopped: 0.0005430 seconds, Stopping threads took: 0.0000570 seconds
238.953: Application time: 0.0595590 seconds
238.953: [GC [PSYoungGen: 13821K->352K(15360K)] 38167K->24698K(41984K), 0.0003910 secs] [Times: user=0.00 sys=0.00, real=0.00 secs] 
238.953: Total time for which application threads were stopped: 0.0005200 seconds, Stopping threads took: 0.0000670 seconds
239.012: Application time: 0.0589690 seconds
239.012: [GC [PSYoungGen: 14175K->544K(14848K)] 38521K->24914K(41472K), 0.0004030 secs] [Times: user=0.00 sys=0.00, real=0.00 secs] 
239.013: Total time for which application threads were stopped: 0.0005230 seconds, Stopping threads took: 0.0000580 seconds
239.071: Application time: 0.0584110 seconds
239.071: [GC [PSYoungGen: 14366K->704K(14848K)] 38737K->25310K(41472K), 0.0004970 secs] [Times: user=0.00 sys=0.00, real=0.00 secs] 
239.072: Total time for which application threads were stopped: 0.0006320 seconds, Stopping threads took: 0.0000730 seconds
239.133: Application time: 0.0611310 seconds
239.133: [GC [PSYoungGen: 14525K->0K(14336K)] 39132K->25019K(40960K), 0.0004250 secs] [Times: user=0.00 sys=0.00, real=0.00 secs] 
239.133: Total time for which application threads were stopped: 0.0005600 seconds, Stopping threads took: 0.0000600 seconds
239.195: Application time: 0.0612660 seconds
239.195: [GC [PSYoungGen: 13819K->0K(15360K)] 38839K->25019K(41984K), 0.0003790 secs] [Times: user=0.00 sys=0.00, real=0.00 secs] 
239.195: Total time for which application threads were stopped: 0.0004980 seconds, Stopping threads took: 0.0000580 seconds
239.256: Application time: 0.0613300 seconds
239.257: [GC [PSYoungGen: 13819K->0K(15360K)] 38839K->25019K(41984K), 0.0003610 secs] [Times: user=0.00 sys=0.00, real=0.00 secs] 
239.257: Total time for which application threads were stopped: 0.0004880 seconds, Stopping threads took: 0.0000640 seconds
239.318: Application time: 0.0611190 seconds
239.318: [GC [PSYoungGen: 13821K->0K(15360K)] 38841K->25019K(41984K), 0.0004260 secs] [Times: user=0.00 sys=0.00, real=0.00 secs] 
239.319: Total time for which application threads were stopped: 0.0005290 seconds, Stopping threads took: 0.0000460 seconds
239.369: Application time: 0.0499050 seconds
239.369: [GC [PSYoungGen: 13822K->384K(14336K)] 38842K->25403K(40960K), 0.0004410 secs] [Times: user=0.00 sys=0.00, real=0.00 secs] 
239.369: Total time for which application threads were stopped: 0.0005590 seconds, Stopping threads took: 0.0000600 seconds
239.421: Application time: 0.0521930 seconds
239.421: [GC [PSYoungGen: 14207K->352K(14848K)] 39226K->25387K(41472K), 0.0003870 secs] [Times: user=0.00 sys=0.00, real=0.00 secs] 
239.422: Total time for which application threads were stopped: 0.0005210 seconds, Stopping threads took: 0.0000700 seconds
239.467: Application time: 0.0453800 seconds
239.467: [GC [PSYoungGen: 14173K->512K(14848K)] 39208K->25555K(41472K), 0.0004280 secs] [Times: user=0.00 sys=0.00, real=0.00 secs] 
239.468: Total time for which application threads were stopped: 0.0005430 seconds, Stopping threads took: 0.0000490 seconds
239.523: Application time: 0.0555060 seconds
239.523: [GC [PSYoungGen: 14333K->320K(14848K)] 39376K->25584K(41472K), 0.0004340 secs] [Times: user=0.00 sys=0.00, real=0.01 secs] 
239.524: Total time for which application threads were stopped: 0.0005580 seconds, Stopping threads took: 0.0000600 seconds
239.584: Application time: 0.0600050 seconds
239.584: [GC [PSYoungGen: 14140K->352K(14848K)] 39404K->25632K(41472K), 0.0004080 secs] [Times: user=0.01 sys=0.00, real=0.00 secs] 
239.584: Total time for which application threads were stopped: 0.0005260 seconds, Stopping threads took: 0.0000590 seconds
239.646: Application time: 0.0614230 seconds
239.646: [GC [PSYoungGen: 14175K->0K(14848K)] 39455K->25508K(41472K), 0.0003920 secs] [Times: user=0.00 sys=0.00, real=0.00 secs] 
239.646: Total time for which application threads were stopped: 0.0005260 seconds, Stopping threads took: 0.0000610 seconds
239.707: Application time: 0.0609490 seconds
239.707: [GC [PSYoungGen: 13823K->0K(14848K)] 39332K->25508K(41472K), 0.0003620 secs] [Times: user=0.00 sys=0.00, real=0.00 secs] 
239.708: Total time for which application threads were stopped: 0.0004840 seconds, Stopping threads took: 0.0000600 seconds
239.768: Application time: 0.0598200 seconds
239.768: [GC [PSYoungGen: 13823K->352K(14848K)] 39332K->25860K(41472K), 0.0004280 secs] [Times: user=0.00 sys=0.00, real=0.00 secs] 
239.768: Total time for which application threads were stopped: 0.0005670 seconds, Stopping threads took: 0.0000790 seconds
239.828: Application time: 0.0598640 seconds
239.828: [GC [PSYoungGen: 14174K->352K(14848K)] 39682K->25868K(41472K), 0.0004070 secs] [Times: user=0.01 sys=0.00, real=0.00 secs] 
239.829: Total time for which application threads were stopped: 0.0005360 seconds, Stopping threads took: 0.0000670 seconds
239.888: Application time: 0.0591920 seconds
239.888: [GC [PSYoungGen: 14175K->384K(14848K)] 39692K->26156K(41472K), 0.0004740 secs] [Times: user=0.00 sys=0.00, real=0.00 secs] 
239.888: Total time for which application threads were stopped: 0.0006000 seconds, Stopping threads took: 0.0000600 seconds
239.933: Application time: 0.0441960 seconds
239.933: [GC [PSYoungGen: 14205K->352K(14848K)] 39977K->26377K(41472K), 0.0004250 secs] [Times: user=0.01 sys=0.00, real=0.00 secs] 
239.933: Total time for which application threads were stopped: 0.0005450 seconds, Stopping threads took: 0.0000580 seconds
239.992: Application time: 0.0589860 seconds
239.992: [GC [PSYoungGen: 14171K->352K(14848K)] 40196K->26393K(41472K), 0.0004450 secs] [Times: user=0.01 sys=0.00, real=0.00 secs] 
239.993: Total time for which application threads were stopped: 0.0005600 seconds, Stopping threads took: 0.0000540 seconds
240.046: Application time: 0.0531990 seconds
240.046: [GC [PSYoungGen: 14173K->576K(14848K)] 40214K->26681K(41472K), 0.0004550 secs] [Times: user=0.00 sys=0.00, real=0.00 secs] 
240.046: Total time for which application threads were stopped: 0.0005890 seconds, Stopping threads took: 0.0000680 seconds
240.080: Application time: 0.0337900 seconds
240.080: [GC [PSYoungGen: 14397K->544K(14848K)] 40502K->26901K(41472K), 0.0004690 secs] [Times: user=0.00 sys=0.00, real=0.00 secs] 
240.081: [Full GC [PSYoungGen: 544K->0K(14848K)] [ParOldGen: 26357K->4421K(26112K)] 26901K->4421K(40960K) [PSPermGen: 5578K->5578K(21504K)], 0.0056760 secs] [Times: user=0.03 sys=0.00, real=0.01 secs] 
240.087: Total time for which application threads were stopped: 0.0063230 seconds, Stopping threads took: 0.0000630 seconds
240.142: Application time: 0.0549700 seconds
240.142: [GC [PSYoungGen: 13821K->352K(14848K)] 18242K->4773K(40960K), 0.0003900 secs] [Times: user=0.00 sys=0.00, real=0.00 secs] 
240.142: Total time for which application threads were stopped: 0.0005420 seconds, Stopping threads took: 0.0000950 seconds
240.200: Application time: 0.0583650 seconds
240.201: [GC [PSYoungGen: 14175K->544K(14848K)] 18597K->4981K(40960K), 0.0004040 secs] [Times: user=0.00 sys=0.00, real=0.00 secs] 
240.201: Total time for which application threads were stopped: 0.0005310 seconds, Stopping threads took: 0.0000580 seconds
240.258: Application time: 0.0566990 seconds
240.258: [GC [PSYoungGen: 14367K->384K(14848K)] 18804K->5249K(40960K), 0.0004390 secs] [Times: user=0.01 sys=0.00, real=0.00 secs] 
240.258: Total time for which application threads were stopped: 0.0005720 seconds, Stopping threads took: 0.0000680 seconds
240.303: Application time: 0.0451540 seconds
240.303: [GC [PSYoungGen: 14203K->320K(14848K)] 19069K->5193K(40960K), 0.0004060 secs] [Times: user=0.00 sys=0.00, real=0.01 secs] 
240.304: Total time for which application threads were stopped: 0.0005360 seconds, Stopping threads took: 0.0000640 seconds
240.345: Application time: 0.0410170 seconds
240.348: [GC [PSYoungGen: 14139K->768K(14848K)] 19013K->5897K(40960K), 0.0005210 secs] [Times: user=0.00 sys=0.00, real=0.00 secs] 
240.348: Total time for which application threads were stopped: 0.0034980 seconds, Stopping threads took: 0.0029120 seconds
240.389: Application time: 0.0408850 seconds
240.389: [GC [PSYoungGen: 14589K->704K(14848K)] 19719K->6089K(40960K), 0.0004810 secs] [Times: user=0.00 sys=0.00, real=0.00 secs] 
240.390: Total time for which application threads were stopped: 0.0006060 seconds, Stopping threads took: 0.0000580 seconds
240.444: Application time: 0.0539670 seconds
240.444: [GC [PSYoungGen: 14524K->448K(14848K)] 19910K->6070K(40960K), 0.0004580 secs] [Times: user=0.00 sys=0.00, real=0.00 secs] 
240.444: Total time for which application threads were stopped: 0.0005730 seconds, Stopping threads took: 0.0000550 seconds
240.500: Application time: 0.0558600 seconds
240.500: [GC [PSYoungGen: 14269K->704K(14848K)] 19891K->6547K(40960K), 0.0004520 secs] [Times: user=0.00 sys=0.00, real=0.00 secs] 
240.501: Total time for which application threads were stopped: 0.0005790 seconds, Stopping threads took: 0.0000620 seconds
240.561: Application time: 0.0603070 seconds
240.561: [GC [PSYoungGen: 14527K->0K(14848K)] 20370K->6464K(40960K), 0.0004300 secs] [Times: user=0.00 sys=0.00, real=0.00 secs] 
240.562: Total time for which application threads were stopped: 0.0005480 seconds, Stopping threads took: 0.0000600 seconds
240.626: Application time: 0.0640650 seconds
240.628: [GC [PSYoungGen: 13823K->0K(14848K)] 20288K->6464K(40960K), 0.0003700 secs] [Times: user=0.00 sys=0.00, real=0.00 secs] 
240.628: Total time for which application threads were stopped: 0.0024130 seconds, Stopping threads took: 0.0019770 seconds
240.694: Application time: 0.0656340 seconds
240.694: [GC [PSYoungGen: 13823K->384K(14848K)] 20288K->6848K(40960K), 0.0004290 secs] [Times: user=0.00 sys=0.00, real=0.00 secs] 
240.694: Total time for which application threads were stopped: 0.0005380 seconds, Stopping threads took: 0.0000460 seconds
240.759: Application time: 0.0647530 seconds
240.759: [GC [PSYoungGen: 14206K->416K(14848K)] 20670K->6888K(40960K), 0.0004310 secs] [Times: user=0.00 sys=0.00, real=0.00 secs] 
240.760: Total time for which application threads were stopped: 0.0005620 seconds, Stopping threads took: 0.0000600 seconds
240.824: Application time: 0.0646660 seconds
240.825: [GC [PSYoungGen: 14236K->576K(14848K)] 20709K->7261K(40960K), 0.0004620 secs] [Times: user=0.00 sys=0.00, real=0.00 secs] 
240.825: Total time for which application threads were stopped: 0.0006010 seconds, Stopping threads took: 0.0000750 seconds
240.893: Application time: 0.0676320 seconds
240.893: [GC [PSYoungGen: 14397K->0K(14848K)] 21083K->7102K(40960K), 0.0004140 secs] [Times: user=0.00 sys=0.00, real=0.00 secs] 
240.893: Total time for which application threads were stopped: 0.0005460 seconds, Stopping threads took: 0.0000690 seconds
240.961: Application time: 0.0675140 seconds
240.961: [GC [PSYoungGen: 13819K->0K(14848K)] 20922K->7102K(40960K), 0.0003340 secs] [Times: user=0.00 sys=0.00, real=0.00 secs] 
240.961: Total time for which application threads were stopped: 0.0004630 seconds, Stopping threads took: 0.0000590 seconds
241.029: Application time: 0.0677920 seconds
241.029: [GC [PSYoungGen: 13819K->0K(14848K)] 20922K->7102K(40960K), 0.0003920 secs] [Times: user=0.00 sys=0.00, real=0.00 secs] 
241.029: Total time for which application threads were stopped: 0.0005030 seconds, Stopping threads took: 0.0000480 seconds
241.097: Application time: 0.0672910 seconds
241.097: [GC [PSYoungGen: 13821K->0K(14848K)] 20924K->7102K(40960K), 0.0003410 secs] [Times: user=0.00 sys=0.00, real=0.00 secs] 
241.097: Total time for which application threads were stopped: 0.0004740 seconds, Stopping threads took: 0.0000620 seconds
241.149: Application time: 0.0513020 seconds
241.149: [GC [PSYoungGen: 13823K->416K(14848K)] 20926K->7518K(40960K), 0.0004180 secs] [Times: user=0.00 sys=0.00, real=0.00 secs] 
241.149: Total time for which application threads were stopped: 0.0005440 seconds, Stopping threads took: 0.0000550 seconds
241.207: Application time: 0.0575070 seconds
241.208: [GC [PSYoungGen: 14237K->512K(14848K)] 21339K->7630K(40960K), 0.0004570 secs] [Times: user=0.00 sys=0.00, real=0.00 secs] 
241.208: Total time for which application threads were stopped: 0.0017310 seconds, Stopping threads took: 0.0012100 seconds
241.257: Application time: 0.0482620 seconds
241.257: [GC [PSYoungGen: 14335K->544K(14848K)] 21453K->7678K(40960K), 0.0004370 secs] [Times: user=0.00 sys=0.00, real=0.00 secs] 
241.257: Total time for which application threads were stopped: 0.0005700 seconds, Stopping threads took: 0.0000710 seconds
241.323: Application time: 0.0658140 seconds
241.323: [GC [PSYoungGen: 14367K->320K(14848K)] 21501K->7658K(40960K), 0.0004230 secs] [Times: user=0.00 sys=0.00, real=0.00 secs] 
241.324: Total time for which application threads were stopped: 0.0005540 seconds, Stopping threads took: 0.0000610 seconds
241.390: Application time: 0.0667820 seconds
241.390: [GC [PSYoungGen: 14143K->0K(14848K)] 21482K->7567K(40960K), 0.0004180 secs] [Times: user=0.00 sys=0.00, real=0.00 secs] 
241.391: Total time for which application threads were stopped: 0.0005480 seconds, Stopping threads took: 0.0000610 seconds
241.459: Application time: 0.0678550 seconds
241.459: [GC [PSYoungGen: 13823K->0K(14848K)] 21391K->7567K(40960K), 0.0003930 secs] [Times: user=0.00 sys=0.00, real=0.00 secs] 
241.460: Total time for which application threads were stopped: 0.0016520 seconds, Stopping threads took: 0.0000660 seconds
241.528: Application time: 0.0672840 seconds
241.528: [GC [PSYoungGen: 13823K->0K(14848K)] 21391K->7567K(40960K), 0.0003800 secs] [Times: user=0.00 sys=0.00, real=0.00 secs] 
241.528: Total time for which application threads were stopped: 0.0005040 seconds, Stopping threads took: 0.0000580 seconds
241.593: Application time: 0.0647840 seconds
241.593: [GC [PSYoungGen: 13819K->384K(14848K)] 21386K->7951K(40960K), 0.0004340 secs] [Times: user=0.00 sys=0.00, real=0.00 secs] 
241.594: Total time for which application threads were stopped: 0.0005500 seconds, Stopping threads took: 0.0000510 seconds
241.661: Application time: 0.0678660 seconds
241.661: [GC [PSYoungGen: 14207K->0K(14848K)] 21774K->7807K(40960K), 0.0004020 secs] [Times: user=0.00 sys=0.00, real=0.00 secs] 
241.662: Total time for which application threads were stopped: 0.0005370 seconds, Stopping threads took: 0.0000690 seconds
241.722: Application time: 0.0596740 seconds
241.722: [GC [PSYoungGen: 13822K->544K(14848K)] 21630K->8351K(40960K), 0.0004320 secs] [Times: user=0.00 sys=0.00, real=0.00 secs] 
241.722: Total time for which application threads were stopped: 0.0005600 seconds, Stopping threads took: 0.0000620 seconds
241.773: Application time: 0.0503630 seconds
241.776: [GC [PSYoungGen: 14363K->432K(14848K)] 22171K->8496K(40960K), 0.0004930 secs] [Times: user=0.00 sys=0.00, real=0.00 secs] 
241.776: Total time for which application threads were stopped: 0.0038740 seconds, Stopping threads took: 0.0033130 seconds
241.842: Application time: 0.0659010 seconds
241.842: [GC [PSYoungGen: 14253K->352K(14848K)] 22317K->8472K(40960K), 0.0004110 secs] [Times: user=0.01 sys=0.00, real=0.00 secs] 
241.843: Total time for which application threads were stopped: 0.0005390 seconds, Stopping threads took: 0.0000520 seconds
241.902: Application time: 0.0586940 seconds
241.902: [GC [PSYoungGen: 14173K->352K(14848K)] 22293K->8808K(40960K), 0.0004340 secs] [Times: user=0.00 sys=0.00, real=0.00 secs] 
241.902: Total time for which application threads were stopped: 0.0005650 seconds, Stopping threads took: 0.0000680 seconds
241.944: Application time: 0.0420450 seconds
241.944: [GC [PSYoungGen: 14174K->480K(14848K)] 22630K->8984K(40960K), 0.0005120 secs] [Times: user=0.01 sys=0.00, real=0.00 secs] 
241.945: Total time for which application threads were stopped: 0.0006400 seconds, Stopping threads took: 0.0000680 seconds
242.000: Application time: 0.0549310 seconds
242.000: [GC [PSYoungGen: 14301K->384K(14848K)] 22805K->9100K(40960K), 0.0004190 secs] [Times: user=0.00 sys=0.00, real=0.00 secs] 
242.000: Total time for which application threads were stopped: 0.0005460 seconds, Stopping threads took: 0.0000660 seconds
242.064: Application time: 0.0632630 seconds
242.064: [GC [PSYoungGen: 14205K->576K(14848K)] 22922K->9300K(40960K), 0.0004300 secs] [Times: user=0.00 sys=0.00, real=0.01 secs] 
242.064: Total time for which application threads were stopped: 0.0005460 seconds, Stopping threads took: 0.0000540 seconds
242.117: Application time: 0.0525340 seconds
242.117: [GC [PSYoungGen: 14396K->416K(14848K)] 23120K->9593K(40960K), 0.0004640 secs] [Times: user=0.00 sys=0.00, real=0.00 secs] 
242.117: Total time for which application threads were stopped: 0.0005950 seconds, Stopping threads took: 0.0000660 seconds
242.175: Application time: 0.0573110 seconds
242.175: [GC [PSYoungGen: 14239K->384K(14848K)] 23416K->9577K(40960K), 0.0004280 secs] [Times: user=0.00 sys=0.00, real=0.00 secs] 
242.175: Total time for which application threads were stopped: 0.0005530 seconds, Stopping threads took: 0.0000640 seconds
242.222: Application time: 0.0464250 seconds
242.222: [GC [PSYoungGen: 14206K->672K(14848K)] 23400K->9921K(40960K), 0.0005030 secs] [Times: user=0.00 sys=0.00, real=0.00 secs] 
242.222: Total time for which application threads were stopped: 0.0006370 seconds, Stopping threads took: 0.0000680 seconds
242.265: Application time: 0.0433290 seconds
242.266: [GC [PSYoungGen: 14492K->512K(14848K)] 23741K->10209K(40960K), 0.0005290 secs] [Times: user=0.00 sys=0.00, real=0.00 secs] 
242.266: Total time for which application threads were stopped: 0.0006560 seconds, Stopping threads took: 0.0000620 seconds
242.326: Application time: 0.0596520 seconds
242.326: [GC [PSYoungGen: 14332K->576K(14848K)] 24030K->10329K(40960K), 0.0004890 secs] [Times: user=0.00 sys=0.00, real=0.00 secs] 
242.326: Total time for which application threads were stopped: 0.0006200 seconds, Stopping threads took: 0.0000620 seconds
242.388: Application time: 0.0617680 seconds
242.392: [GC [PSYoungGen: 14398K->736K(14848K)] 24152K->10726K(40960K), 0.0004720 secs] [Times: user=0.01 sys=0.00, real=0.00 secs] 
242.392: Total time for which application threads were stopped: 0.0042010 seconds, Stopping threads took: 0.0036550 seconds
242.458: Application time: 0.0653360 seconds
242.458: [GC [PSYoungGen: 14559K->384K(14848K)] 24549K->10783K(40960K), 0.0004560 secs] [Times: user=0.00 sys=0.00, real=0.00 secs] 
242.458: Total time for which application threads were stopped: 0.0005900 seconds, Stopping threads took: 0.0000640 seconds
242.525: Application time: 0.0667740 seconds
242.525: [GC [PSYoungGen: 14205K->0K(14848K)] 24604K->10615K(40960K), 0.0004080 secs] [Times: user=0.00 sys=0.00, real=0.00 secs] 
242.526: Total time for which application threads were stopped: 0.0005270 seconds, Stopping threads took: 0.0000540 seconds
242.590: Application time: 0.0647250 seconds
242.590: [GC [PSYoungGen: 13823K->416K(14848K)] 24438K->11031K(40960K), 0.0003760 secs] [Times: user=0.00 sys=0.00, real=0.00 secs] 
242.591: Total time for which application threads were stopped: 0.0005080 seconds, Stopping threads took: 0.0000700 seconds
242.657: Application time: 0.0656500 seconds
242.657: [GC [PSYoungGen: 14237K->320K(14848K)] 24852K->11163K(40960K), 0.0004260 secs] [Times: user=0.00 sys=0.00, real=0.00 secs] 
242.657: Total time for which application threads were stopped: 0.0005490 seconds, Stopping threads took: 0.0000570 seconds
242.721: Application time: 0.0643180 seconds
242.722: [GC [PSYoungGen: 14140K->544K(14848K)] 24984K->11403K(40960K), 0.0004380 secs] [Times: user=0.00 sys=0.00, real=0.00 secs] 
242.722: Total time for which application threads were stopped: 0.0005900 seconds, Stopping threads took: 0.0000860 seconds
242.789: Application time: 0.0674140 seconds
242.789: [GC [PSYoungGen: 14367K->0K(14848K)] 25227K->11280K(40960K), 0.0004910 secs] [Times: user=0.00 sys=0.00, real=0.00 secs] 
242.790: Total time for which application threads were stopped: 0.0006220 seconds, Stopping threads took: 0.0000650 seconds
242.858: Application time: 0.0678010 seconds
242.858: [GC [PSYoungGen: 13823K->0K(14848K)] 25104K->11280K(40960K), 0.0004030 secs] [Times: user=0.00 sys=0.00, real=0.00 secs] 
242.858: Total time for which application threads were stopped: 0.0005500 seconds, Stopping threads took: 0.0000830 seconds
242.926: Application time: 0.0672860 seconds
242.928: [GC [PSYoungGen: 13819K->0K(14848K)] 25100K->11280K(40960K), 0.0004630 secs] [Times: user=0.00 sys=0.00, real=0.00 secs] 
242.928: Total time for which application threads were stopped: 0.0027270 seconds, Stopping threads took: 0.0021860 seconds
242.991: Application time: 0.0621840 seconds
242.991: [GC [PSYoungGen: 13819K->384K(14848K)] 25099K->11664K(40960K), 0.0003870 secs] [Times: user=0.00 sys=0.00, real=0.00 secs] 
242.991: Total time for which application threads were stopped: 0.0005190 seconds, Stopping threads took: 0.0000700 seconds
243.043: Application time: 0.0519090 seconds
243.043: [GC [PSYoungGen: 14207K->352K(14848K)] 25487K->11640K(40960K), 0.0003770 secs] [Times: user=0.00 sys=0.00, real=0.00 secs] 
243.044: Total time for which application threads were stopped: 0.0005220 seconds, Stopping threads took: 0.0000810 seconds
243.099: Application time: 0.0551470 seconds
243.099: [GC [PSYoungGen: 14172K->544K(14848K)] 25460K->11856K(40960K), 0.0004380 secs] [Times: user=0.00 sys=0.00, real=0.00 secs] 
243.099: Total time for which application threads were stopped: 0.0005770 seconds, Stopping threads took: 0.0000730 seconds
243.156: Application time: 0.0567110 seconds
243.156: [GC [PSYoungGen: 14365K->352K(14848K)] 25677K->11880K(40960K), 0.0004190 secs] [Times: user=0.00 sys=0.00, real=0.00 secs] 
243.157: Total time for which application threads were stopped: 0.0005470 seconds, Stopping threads took: 0.0000660 seconds
243.222: Application time: 0.0659230 seconds
243.223: [GC [PSYoungGen: 14173K->352K(14848K)] 25701K->11896K(40960K), 0.0003820 secs] [Times: user=0.00 sys=0.00, real=0.00 secs] 
243.223: Total time for which application threads were stopped: 0.0004940 seconds, Stopping threads took: 0.0000510 seconds
243.290: Application time: 0.0669410 seconds
243.290: [GC [PSYoungGen: 14175K->0K(14848K)] 25720K->11760K(40960K), 0.0004180 secs] [Times: user=0.00 sys=0.00, real=0.00 secs] 
243.290: Total time for which application threads were stopped: 0.0005340 seconds, Stopping threads took: 0.0000550 seconds
243.357: Application time: 0.0668470 seconds
243.357: [GC [PSYoungGen: 13823K->0K(14848K)] 25584K->11760K(40960K), 0.0003580 secs] [Times: user=0.00 sys=0.00, real=0.00 secs] 
243.358: Total time for which application threads were stopped: 0.0004860 seconds, Stopping threads took: 0.0000650 seconds
243.425: Application time: 0.0670420 seconds
243.425: [GC [PSYoungGen: 13821K->0K(14848K)] 25581K->11760K(40960K), 0.0004110 secs] [Times: user=0.00 sys=0.00, real=0.00 secs] 
243.425: Total time for which application threads were stopped: 0.0005260 seconds, Stopping threads took: 0.0000540 seconds
243.490: Application time: 0.0651700 seconds
243.491: [GC [PSYoungGen: 13819K->352K(14848K)] 25579K->12112K(40960K), 0.0004540 secs] [Times: user=0.00 sys=0.00, real=0.00 secs] 
243.491: Total time for which application threads were stopped: 0.0005730 seconds, Stopping threads took: 0.0000470 seconds
243.556: Application time: 0.0652830 seconds
243.556: [GC [PSYoungGen: 14175K->384K(14848K)] 25936K->12384K(40960K), 0.0004310 secs] [Times: user=0.00 sys=0.00, real=0.00 secs] 
243.557: Total time for which application threads were stopped: 0.0005570 seconds, Stopping threads took: 0.0000580 seconds
243.616: Application time: 0.0589310 seconds
243.616: [GC [PSYoungGen: 14207K->352K(14848K)] 26208K->12597K(40960K), 0.0004820 secs] [Times: user=0.00 sys=0.00, real=0.00 secs] 
243.616: Total time for which application threads were stopped: 0.0005950 seconds, Stopping threads took: 0.0000450 seconds
243.670: Application time: 0.0538480 seconds
243.670: [GC [PSYoungGen: 14171K->320K(14848K)] 26416K->12589K(40960K), 0.0004430 secs] [Times: user=0.00 sys=0.00, real=0.00 secs] 
243.671: Total time for which application threads were stopped: 0.0005660 seconds, Stopping threads took: 0.0000600 seconds
243.737: Application time: 0.0656630 seconds
243.737: [GC [PSYoungGen: 14143K->384K(14848K)] 26412K->12733K(40960K), 0.0003940 secs] [Times: user=0.00 sys=0.00, real=0.00 secs] 
243.737: Total time for which application threads were stopped: 0.0005200 seconds, Stopping threads took: 0.0000640 seconds
243.792: Application time: 0.0546960 seconds
243.792: [GC [PSYoungGen: 14206K->416K(14848K)] 26555K->12981K(40960K), 0.0004440 secs] [Times: user=0.00 sys=0.00, real=0.00 secs] 
243.792: Total time for which application threads were stopped: 0.0005710 seconds, Stopping threads took: 0.0000620 seconds
243.841: Application time: 0.0482740 seconds
243.841: [GC [PSYoungGen: 14237K->544K(14848K)] 26802K->13165K(40960K), 0.0004300 secs] [Times: user=0.00 sys=0.00, real=0.00 secs] 
243.841: Total time for which application threads were stopped: 0.0005680 seconds, Stopping threads took: 0.0000750 seconds
243.896: Application time: 0.0547040 seconds
243.896: [GC [PSYoungGen: 14366K->480K(14848K)] 26987K->13125K(40960K), 0.0004260 secs] [Times: user=0.00 sys=0.00, real=0.00 secs] 
243.896: Total time for which application threads were stopped: 0.0005620 seconds, Stopping threads took: 0.0000680 seconds
243.961: Application time: 0.0646370 seconds
243.961: [GC [PSYoungGen: 14303K->352K(14848K)] 26949K->13221K(40960K), 0.0004280 secs] [Times: user=0.00 sys=0.00, real=0.00 secs] 
243.962: Total time for which application threads were stopped: 0.0005470 seconds, Stopping threads took: 0.0000560 seconds
244.010: Application time: 0.0484630 seconds
244.010: [GC [PSYoungGen: 14173K->384K(14848K)] 27042K->13497K(40960K), 0.0004280 secs] [Times: user=0.00 sys=0.00, real=0.00 secs] 
244.011: Total time for which application threads were stopped: 0.0005610 seconds, Stopping threads took: 0.0000630 seconds
244.072: Application time: 0.0609110 seconds
244.072: [GC [PSYoungGen: 14207K->544K(14848K)] 27321K->13665K(40960K), 0.0004400 secs] [Times: user=0.00 sys=0.00, real=0.01 secs] 
244.072: Total time for which application threads were stopped: 0.0005620 seconds, Stopping threads took: 0.0000600 seconds
244.122: Application time: 0.0496430 seconds
244.122: [GC [PSYoungGen: 14363K->704K(14848K)] 27485K->13873K(40960K), 0.0005420 secs] [Times: user=0.00 sys=0.00, real=0.00 secs] 
244.122: Total time for which application threads were stopped: 0.0006790 seconds, Stopping threads took: 0.0000700 seconds
244.174: Application time: 0.0512540 seconds
244.174: [GC [PSYoungGen: 14524K->512K(14848K)] 27694K->14122K(40960K), 0.0004920 secs] [Times: user=0.00 sys=0.00, real=0.00 secs] 
244.174: Total time for which application threads were stopped: 0.0006170 seconds, Stopping threads took: 0.0000610 seconds
244.225: Application time: 0.0502320 seconds
244.225: [GC [PSYoungGen: 14335K->512K(14848K)] 27946K->14178K(40960K), 0.0004740 secs] [Times: user=0.00 sys=0.00, real=0.00 secs] 
244.225: Total time for which application threads were stopped: 0.0006010 seconds, Stopping threads took: 0.0000650 seconds
244.287: Application time: 0.0622850 seconds
244.288: [GC [PSYoungGen: 14333K->768K(14848K)] 28000K->14655K(40960K), 0.0005120 secs] [Times: user=0.00 sys=0.00, real=0.00 secs] 
244.288: Total time for which application threads were stopped: 0.0006350 seconds, Stopping threads took: 0.0000520 seconds
244.353: Application time: 0.0652620 seconds
244.353: [GC [PSYoungGen: 14589K->320K(14848K)] 28476K->14620K(40960K), 0.0004600 secs] [Times: user=0.00 sys=0.00, real=0.00 secs] 
244.354: Total time for which application threads were stopped: 0.0005990 seconds, Stopping threads took: 0.0000710 seconds
244.420: Application time: 0.0663830 seconds
244.420: [GC [PSYoungGen: 14141K->0K(14848K)] 28441K->14532K(40960K), 0.0004620 secs] [Times: user=0.01 sys=0.00, real=0.00 secs] 
244.421: Total time for which application threads were stopped: 0.0006020 seconds, Stopping threads took: 0.0000700 seconds
244.488: Application time: 0.0666140 seconds
244.488: [GC [PSYoungGen: 13822K->384K(14848K)] 28354K->14916K(40960K), 0.0003900 secs] [Times: user=0.00 sys=0.00, real=0.00 secs] 
244.488: Total time for which application threads were stopped: 0.0005180 seconds, Stopping threads took: 0.0000670 seconds
244.554: Application time: 0.0656890 seconds
244.554: [GC [PSYoungGen: 14207K->384K(14848K)] 28739K->15144K(40960K), 0.0004300 secs] [Times: user=0.01 sys=0.00, real=0.00 secs] 
244.554: Total time for which application threads were stopped: 0.0005730 seconds, Stopping threads took: 0.0000700 seconds
244.617: Application time: 0.0629280 seconds
244.617: [GC [PSYoungGen: 14205K->352K(14848K)] 28966K->15136K(40960K), 0.0003980 secs] [Times: user=0.00 sys=0.00, real=0.00 secs] 
244.618: Total time for which application threads were stopped: 0.0005240 seconds, Stopping threads took: 0.0000650 seconds
244.679: Application time: 0.0611330 seconds
244.679: [GC [PSYoungGen: 14175K->320K(14848K)] 28960K->15309K(40960K), 0.0004380 secs] [Times: user=0.00 sys=0.00, real=0.00 secs] 
244.679: Total time for which application threads were stopped: 0.0005680 seconds, Stopping threads took: 0.0000680 seconds
244.742: Application time: 0.0622900 seconds
244.742: [GC [PSYoungGen: 14141K->0K(14848K)] 29130K->15221K(40960K), 0.0003790 secs] [Times: user=0.00 sys=0.00, real=0.00 secs] 
244.742: Total time for which application threads were stopped: 0.0005040 seconds, Stopping threads took: 0.0000580 seconds
244.803: Application time: 0.0611930 seconds
244.804: [GC [PSYoungGen: 13821K->0K(14848K)] 29042K->15221K(40960K), 0.0003710 secs] [Times: user=0.00 sys=0.00, real=0.01 secs] 
244.804: Total time for which application threads were stopped: 0.0005050 seconds, Stopping threads took: 0.0000680 seconds
244.852: Application time: 0.0484400 seconds
244.853: [GC [PSYoungGen: 13821K->320K(14848K)] 29042K->15541K(40960K), 0.0004280 secs] [Times: user=0.00 sys=0.00, real=0.00 secs] 
244.853: Total time for which application threads were stopped: 0.0005560 seconds, Stopping threads took: 0.0000630 seconds
244.907: Application time: 0.0536880 seconds
244.907: [GC [PSYoungGen: 14141K->320K(14848K)] 29362K->15557K(40960K), 0.0004170 secs] [Times: user=0.00 sys=0.00, real=0.00 secs] 
244.907: Total time for which application threads were stopped: 0.0005220 seconds, Stopping threads took: 0.0000440 seconds
244.949: Application time: 0.0422900 seconds
244.950: [GC [PSYoungGen: 14141K->544K(14848K)] 29378K->15789K(40960K), 0.0004050 secs] [Times: user=0.01 sys=0.00, real=0.00 secs] 
244.950: Total time for which application threads were stopped: 0.0005300 seconds, Stopping threads took: 0.0000580 seconds
245.008: Application time: 0.0581760 seconds
245.008: [GC [PSYoungGen: 14365K->384K(14848K)] 29610K->15857K(40960K), 0.0004240 secs] [Times: user=0.00 sys=0.00, real=0.00 secs] 
245.009: Total time for which application threads were stopped: 0.0005640 seconds, Stopping threads took: 0.0000710 seconds
245.068: Application time: 0.0596090 seconds
245.069: [GC [PSYoungGen: 14204K->352K(14848K)] 29678K->15849K(40960K), 0.0004180 secs] [Times: user=0.00 sys=0.00, real=0.00 secs] 
245.069: Total time for which application threads were stopped: 0.0005680 seconds, Stopping threads took: 0.0000780 seconds
245.130: Application time: 0.0607870 seconds
245.130: [GC [PSYoungGen: 14173K->0K(14848K)] 29671K->15710K(40960K), 0.0004180 secs] [Times: user=0.00 sys=0.00, real=0.00 secs] 
245.130: Total time for which application threads were stopped: 0.0005360 seconds, Stopping threads took: 0.0000600 seconds
245.191: Application time: 0.0608000 seconds
245.191: [GC [PSYoungGen: 13823K->0K(14848K)] 29534K->15710K(40960K), 0.0003430 secs] [Times: user=0.00 sys=0.00, real=0.00 secs] 
245.192: Total time for which application threads were stopped: 0.0004750 seconds, Stopping threads took: 0.0000600 seconds
245.251: Application time: 0.0596880 seconds
245.251: [GC [PSYoungGen: 13820K->352K(14848K)] 29531K->16062K(40960K), 0.0003860 secs] [Times: user=0.00 sys=0.00, real=0.00 secs] 
245.252: Total time for which application threads were stopped: 0.0005210 seconds, Stopping threads took: 0.0000750 seconds
245.311: Application time: 0.0595550 seconds
245.311: [GC [PSYoungGen: 14171K->352K(14848K)] 29881K->16086K(40960K), 0.0004180 secs] [Times: user=0.00 sys=0.00, real=0.01 secs] 
245.312: Total time for which application threads were stopped: 0.0005550 seconds, Stopping threads took: 0.0000760 seconds
245.371: Application time: 0.0587560 seconds
245.371: [GC [PSYoungGen: 14175K->416K(14848K)] 29910K->16398K(40960K), 0.0004370 secs] [Times: user=0.00 sys=0.00, real=0.00 secs] 
245.371: Total time for which application threads were stopped: 0.0005460 seconds, Stopping threads took: 0.0000470 seconds
245.420: Application time: 0.0490050 seconds
245.420: [GC [PSYoungGen: 14235K->416K(14848K)] 30218K->16626K(40960K), 0.0004290 secs] [Times: user=0.00 sys=0.00, real=0.00 secs] 
245.421: Total time for which application threads were stopped: 0.0005530 seconds, Stopping threads took: 0.0000620 seconds
245.474: Application time: 0.0529670 seconds
245.474: [GC [PSYoungGen: 14237K->352K(14848K)] 30447K->16578K(40960K), 0.0003920 secs] [Times: user=0.00 sys=0.00, real=0.00 secs] 
245.474: Total time for which application threads were stopped: 0.0005030 seconds, Stopping threads took: 0.0000490 seconds
245.534: Application time: 0.0599010 seconds
245.534: [GC [PSYoungGen: 14175K->384K(14848K)] 30402K->16682K(40960K), 0.0003910 secs] [Times: user=0.00 sys=0.00, real=0.00 secs] 
245.535: Total time for which application threads were stopped: 0.0005130 seconds, Stopping threads took: 0.0000640 seconds
245.583: Application time: 0.0485880 seconds
245.583: [GC [PSYoungGen: 14203K->384K(14848K)] 30502K->16906K(40960K), 0.0004070 secs] [Times: user=0.00 sys=0.00, real=0.00 secs] 
245.584: Total time for which application threads were stopped: 0.0005410 seconds, Stopping threads took: 0.0000670 seconds
245.624: Application time: 0.0400720 seconds
245.624: [GC [PSYoungGen: 14205K->512K(14848K)] 30728K->17091K(40960K), 0.0004780 secs] [Times: user=0.01 sys=0.00, real=0.00 secs] 
245.624: Total time for which application threads were stopped: 0.0005990 seconds, Stopping threads took: 0.0000600 seconds
245.677: Application time: 0.0524790 seconds
245.677: [GC [PSYoungGen: 14334K->512K(14848K)] 30913K->17107K(40960K), 0.0004110 secs] [Times: user=0.00 sys=0.00, real=0.00 secs] 
245.677: Total time for which application threads were stopped: 0.0005430 seconds, Stopping threads took: 0.0000730 seconds
245.736: Application time: 0.0588300 seconds
245.736: [GC [PSYoungGen: 14333K->320K(14848K)] 30928K->17135K(40960K), 0.0004280 secs] [Times: user=0.00 sys=0.00, real=0.00 secs] 
245.737: Total time for which application threads were stopped: 0.0005490 seconds, Stopping threads took: 0.0000590 seconds
245.783: Application time: 0.0462630 seconds
245.783: [GC [PSYoungGen: 14142K->352K(14848K)] 30957K->17423K(40960K), 0.0004320 secs] [Times: user=0.00 sys=0.00, real=0.00 secs] 
245.784: Total time for which application threads were stopped: 0.0005500 seconds, Stopping threads took: 0.0000590 seconds
245.836: Application time: 0.0520610 seconds
245.836: [GC [PSYoungGen: 14174K->544K(14848K)] 31246K->17623K(40960K), 0.0004150 secs] [Times: user=0.00 sys=0.00, real=0.00 secs] 
245.836: Total time for which application threads were stopped: 0.0005440 seconds, Stopping threads took: 0.0000660 seconds
245.882: Application time: 0.0458540 seconds
245.882: [GC [PSYoungGen: 14364K->496K(14848K)] 31443K->17812K(40960K), 0.0005260 secs] [Times: user=0.01 sys=0.00, real=0.00 secs] 
245.883: Total time for which application threads were stopped: 0.0006530 seconds, Stopping threads took: 0.0000660 seconds
245.931: Application time: 0.0486330 seconds
245.932: [GC [PSYoungGen: 14315K->480K(14848K)] 31632K->18032K(40960K), 0.0004730 secs] [Times: user=0.01 sys=0.00, real=0.01 secs] 
245.932: Total time for which application threads were stopped: 0.0006040 seconds, Stopping threads took: 0.0000650 seconds
245.976: Application time: 0.0435360 seconds
245.976: [GC [PSYoungGen: 14301K->704K(14848K)] 31854K->18264K(40960K), 0.0004830 secs] [Times: user=0.01 sys=0.00, real=0.00 secs] 
245.976: Total time for which application threads were stopped: 0.0006000 seconds, Stopping threads took: 0.0000570 seconds
246.033: Application time: 0.0568820 seconds
246.033: [GC [PSYoungGen: 14526K->640K(14848K)] 32087K->18437K(40960K), 0.0005330 secs] [Times: user=0.00 sys=0.00, real=0.00 secs] 
246.034: Total time for which application threads were stopped: 0.0006560 seconds, Stopping threads took: 0.0000640 seconds
246.093: Application time: 0.0590430 seconds
246.093: [GC [PSYoungGen: 14463K->352K(14848K)] 32261K->18550K(40960K), 0.0004380 secs] [Times: user=0.00 sys=0.00, real=0.00 secs] 
246.093: Total time for which application threads were stopped: 0.0005780 seconds, Stopping threads took: 0.0000690 seconds
246.154: Application time: 0.0611160 seconds
246.156: [GC [PSYoungGen: 14175K->0K(14848K)] 32374K->18418K(40960K), 0.0004870 secs] [Times: user=0.01 sys=0.00, real=0.00 secs] 
246.156: Total time for which application threads were stopped: 0.0019490 seconds, Stopping threads took: 0.0013900 seconds
246.215: Application time: 0.0588550 seconds
246.215: [GC [PSYoungGen: 13823K->384K(14848K)] 32242K->18803K(40960K), 0.0004240 secs] [Times: user=0.00 sys=0.00, real=0.00 secs] 
246.216: Total time for which application threads were stopped: 0.0005580 seconds, Stopping threads took: 0.0000690 seconds
246.276: Application time: 0.0606390 seconds
246.277: [GC [PSYoungGen: 14207K->0K(14848K)] 32626K->18647K(40960K), 0.0003760 secs] [Times: user=0.00 sys=0.00, real=0.00 secs] 
246.277: Total time for which application threads were stopped: 0.0005010 seconds, Stopping threads took: 0.0000600 seconds
246.336: Application time: 0.0592340 seconds
246.336: [GC [PSYoungGen: 13823K->384K(14848K)] 32471K->19031K(40960K), 0.0004010 secs] [Times: user=0.00 sys=0.00, real=0.00 secs] 
246.337: Total time for which application threads were stopped: 0.0005440 seconds, Stopping threads took: 0.0000810 seconds
246.399: Application time: 0.0619440 seconds
246.399: [GC [PSYoungGen: 14204K->352K(14848K)] 32852K->19220K(40960K), 0.0004410 secs] [Times: user=0.00 sys=0.00, real=0.00 secs] 
246.399: Total time for which application threads were stopped: 0.0005620 seconds, Stopping threads took: 0.0000600 seconds
246.461: Application time: 0.0614890 seconds
246.461: [GC [PSYoungGen: 14173K->0K(14848K)] 33041K->19084K(40960K), 0.0003970 secs] [Times: user=0.00 sys=0.00, real=0.00 secs] 
246.463: Total time for which application threads were stopped: 0.0017750 seconds, Stopping threads took: 0.0000600 seconds
246.524: Application time: 0.0615200 seconds
246.524: [GC [PSYoungGen: 13821K->0K(14848K)] 32905K->19084K(40960K), 0.0003930 secs] [Times: user=0.00 sys=0.00, real=0.00 secs] 
246.525: Total time for which application threads were stopped: 0.0004940 seconds, Stopping threads took: 0.0000430 seconds
246.571: Application time: 0.0468120 seconds
246.571: [GC [PSYoungGen: 13822K->384K(14848K)] 32906K->19468K(40960K), 0.0004260 secs] [Times: user=0.00 sys=0.00, real=0.01 secs] 
246.572: Total time for which application threads were stopped: 0.0005560 seconds, Stopping threads took: 0.0000690 seconds
246.621: Application time: 0.0487200 seconds
246.624: [GC [PSYoungGen: 14206K->544K(14848K)] 33290K->19644K(40960K), 0.0004320 secs] [Times: user=0.00 sys=0.00, real=0.00 secs] 
246.624: Total time for which application threads were stopped: 0.0036930 seconds, Stopping threads took: 0.0031880 seconds
246.671: Application time: 0.0470090 seconds
246.671: [GC [PSYoungGen: 14367K->544K(14848K)] 33467K->19660K(40960K), 0.0004240 secs] [Times: user=0.00 sys=0.00, real=0.01 secs] 
246.672: Total time for which application threads were stopped: 0.0005450 seconds, Stopping threads took: 0.0000610 seconds
246.731: Application time: 0.0592930 seconds
246.731: [GC [PSYoungGen: 14367K->352K(14848K)] 33483K->19688K(40960K), 0.0004420 secs] [Times: user=0.00 sys=0.00, real=0.00 secs] 
246.732: Total time for which application threads were stopped: 0.0005530 seconds, Stopping threads took: 0.0000460 seconds
246.792: Application time: 0.0603550 seconds
246.792: [GC [PSYoungGen: 14175K->0K(14848K)] 33512K->19560K(40960K), 0.0004180 secs] [Times: user=0.00 sys=0.00, real=0.00 secs] 
246.793: Total time for which application threads were stopped: 0.0005380 seconds, Stopping threads took: 0.0000620 seconds
246.853: Application time: 0.0604760 seconds
246.853: [GC [PSYoungGen: 13823K->0K(14848K)] 33384K->19560K(40960K), 0.0003950 secs] [Times: user=0.01 sys=0.00, real=0.00 secs] 
246.854: Total time for which application threads were stopped: 0.0005270 seconds, Stopping threads took: 0.0000700 seconds
246.914: Application time: 0.0605550 seconds
246.914: [GC [PSYoungGen: 13823K->0K(14848K)] 33384K->19560K(40960K), 0.0003650 secs] [Times: user=0.00 sys=0.00, real=0.00 secs] 
246.915: Total time for which application threads were stopped: 0.0004810 seconds, Stopping threads took: 0.0000540 seconds
246.974: Application time: 0.0596350 seconds
246.974: [GC [PSYoungGen: 13823K->352K(14848K)] 33384K->19912K(40960K), 0.0003960 secs] [Times: user=0.00 sys=0.00, real=0.00 secs] 
246.975: Total time for which application threads were stopped: 0.0005070 seconds, Stopping threads took: 0.0000530 seconds
247.034: Application time: 0.0594920 seconds
247.034: [GC [PSYoungGen: 14171K->352K(14848K)] 33732K->19936K(40960K), 0.0004000 secs] [Times: user=0.00 sys=0.00, real=0.00 secs] 
247.035: Total time for which application threads were stopped: 0.0005230 seconds, Stopping threads took: 0.0000600 seconds
247.094: Application time: 0.0588630 seconds
247.094: [GC [PSYoungGen: 14173K->368K(14848K)] 33758K->20192K(40960K), 0.0004830 secs] [Times: user=0.00 sys=0.00, real=0.00 secs] 
247.094: Total time for which application threads were stopped: 0.0005940 seconds, Stopping threads took: 0.0000480 seconds
247.144: Application time: 0.0495920 seconds
247.144: [GC [PSYoungGen: 14188K->352K(14848K)] 34012K->20424K(40960K), 0.0004450 secs] [Times: user=0.01 sys=0.00, real=0.00 secs] 
247.144: Total time for which application threads were stopped: 0.0005860 seconds, Stopping threads took: 0.0000600 seconds
247.196: Application time: 0.0520300 seconds
247.197: [GC [PSYoungGen: 14173K->288K(14848K)] 34245K->20368K(40960K), 0.0004670 secs] [Times: user=0.00 sys=0.00, real=0.00 secs] 
247.197: Total time for which application threads were stopped: 0.0005950 seconds, Stopping threads took: 0.0000650 seconds
247.256: Application time: 0.0593620 seconds
247.257: [GC [PSYoungGen: 14111K->256K(14848K)] 34192K->20392K(40960K), 0.0004350 secs] [Times: user=0.00 sys=0.00, real=0.00 secs] 
247.257: Total time for which application threads were stopped: 0.0005590 seconds, Stopping threads took: 0.0000590 seconds
247.299: Application time: 0.0424110 seconds
247.300: [GC [PSYoungGen: 14077K->320K(14848K)] 34214K->20669K(40960K), 0.0004850 secs] [Times: user=0.00 sys=0.00, real=0.00 secs] 
247.300: Total time for which application threads were stopped: 0.0005960 seconds, Stopping threads took: 0.0000490 seconds
247.344: Application time: 0.0441130 seconds
247.344: [GC [PSYoungGen: 14143K->544K(14848K)] 34493K->20949K(40960K), 0.0004450 secs] [Times: user=0.00 sys=0.00, real=0.00 secs] 
247.345: Total time for which application threads were stopped: 0.0005670 seconds, Stopping threads took: 0.0000620 seconds
247.398: Application time: 0.0537160 seconds
247.399: [GC [PSYoungGen: 14366K->512K(14848K)] 34772K->20933K(40960K), 0.0004280 secs] [Times: user=0.01 sys=0.00, real=0.00 secs] 
247.399: Total time for which application threads were stopped: 0.0005560 seconds, Stopping threads took: 0.0000680 seconds
247.458: Application time: 0.0586870 seconds
247.458: [GC [PSYoungGen: 14333K->384K(14848K)] 34755K->21025K(40960K), 0.0004360 secs] [Times: user=0.00 sys=0.00, real=0.00 secs] 
247.458: Total time for which application threads were stopped: 0.0005850 seconds, Stopping threads took: 0.0000660 seconds
247.502: Application time: 0.0439780 seconds
247.502: [GC [PSYoungGen: 14205K->384K(14848K)] 34847K->21286K(40960K), 0.0004130 secs] [Times: user=0.00 sys=0.00, real=0.00 secs] 
247.503: Total time for which application threads were stopped: 0.0005490 seconds, Stopping threads took: 0.0000730 seconds
247.559: Application time: 0.0561850 seconds
247.559: [GC [PSYoungGen: 14205K->512K(14848K)] 35107K->21422K(40960K), 0.0004320 secs] [Times: user=0.00 sys=0.00, real=0.00 secs] 
247.560: Total time for which application threads were stopped: 0.0005400 seconds, Stopping threads took: 0.0000450 seconds
247.603: Application time: 0.0437540 seconds
247.603: [GC [PSYoungGen: 14332K->576K(14848K)] 35242K->21739K(40960K), 0.0004840 secs] [Times: user=0.00 sys=0.00, real=0.01 secs] 
247.604: Total time for which application threads were stopped: 0.0006230 seconds, Stopping threads took: 0.0000750 seconds
247.647: Application time: 0.0431230 seconds
247.647: [GC [PSYoungGen: 14398K->544K(14848K)] 35561K->21951K(40960K), 0.0004760 secs] [Times: user=0.01 sys=0.00, real=0.00 secs] 
247.648: Total time for which application threads were stopped: 0.0006230 seconds, Stopping threads took: 0.0000750 seconds
247.698: Application time: 0.0507730 seconds
247.699: [GC [PSYoungGen: 14364K->672K(14848K)] 35772K->22143K(40960K), 0.0004800 secs] [Times: user=0.01 sys=0.00, real=0.00 secs] 
247.699: Total time for which application threads were stopped: 0.0005910 seconds, Stopping threads took: 0.0000490 seconds
247.755: Application time: 0.0561150 seconds
247.755: [GC [PSYoungGen: 14491K->704K(14848K)] 35963K->22388K(40960K), 0.0005240 secs] [Times: user=0.01 sys=0.00, real=0.00 secs] 
247.756: Total time for which application threads were stopped: 0.0006600 seconds, Stopping threads took: 0.0000670 seconds
247.816: Application time: 0.0600650 seconds
247.816: [GC [PSYoungGen: 14527K->0K(14848K)] 36212K->22297K(40960K), 0.0004680 secs] [Times: user=0.00 sys=0.00, real=0.00 secs] 
247.816: Total time for which application threads were stopped: 0.0005910 seconds, Stopping threads took: 0.0000590 seconds
247.877: Application time: 0.0602410 seconds
247.877: [GC [PSYoungGen: 13823K->0K(14848K)] 36121K->22297K(40960K), 0.0003700 secs] [Times: user=0.00 sys=0.00, real=0.00 secs] 
247.877: Total time for which application threads were stopped: 0.0004990 seconds, Stopping threads took: 0.0000700 seconds
247.937: Application time: 0.0595790 seconds
247.937: [GC [PSYoungGen: 13820K->384K(14848K)] 36118K->22681K(40960K), 0.0004490 secs] [Times: user=0.00 sys=0.00, real=0.00 secs] 
247.937: Total time for which application threads were stopped: 0.0005610 seconds, Stopping threads took: 0.0000500 seconds
247.997: Application time: 0.0599700 seconds
247.997: [GC [PSYoungGen: 14207K->384K(14848K)] 36505K->22910K(40960K), 0.0004220 secs] [Times: user=0.00 sys=0.00, real=0.00 secs] 
247.998: Total time for which application threads were stopped: 0.0005350 seconds, Stopping threads took: 0.0000490 seconds
248.057: Application time: 0.0591770 seconds
248.057: [GC [PSYoungGen: 14205K->448K(14848K)] 36731K->22990K(40960K), 0.0004620 secs] [Times: user=0.00 sys=0.00, real=0.00 secs] 
248.058: Total time for which application threads were stopped: 0.0005800 seconds, Stopping threads took: 0.0000550 seconds
248.118: Application time: 0.0601820 seconds
248.118: [GC [PSYoungGen: 14271K->320K(14848K)] 36813K->23075K(40960K), 0.0004830 secs] [Times: user=0.01 sys=0.00, real=0.00 secs] 
248.118: Total time for which application threads were stopped: 0.0006060 seconds, Stopping threads took: 0.0000650 seconds
248.180: Application time: 0.0615100 seconds
248.180: [GC [PSYoungGen: 14139K->0K(14848K)] 36894K->22975K(40960K), 0.0004120 secs] [Times: user=0.00 sys=0.00, real=0.00 secs] 
248.180: Total time for which application threads were stopped: 0.0005420 seconds, Stopping threads took: 0.0000540 seconds
248.242: Application time: 0.0615570 seconds
248.242: [GC [PSYoungGen: 13823K->0K(14848K)] 36799K->22975K(40960K), 0.0003750 secs] [Times: user=0.00 sys=0.00, real=0.00 secs] 
248.242: Total time for which application threads were stopped: 0.0004740 seconds, Stopping threads took: 0.0000410 seconds
248.295: Application time: 0.0528990 seconds
248.296: [GC [PSYoungGen: 13823K->384K(14848K)] 36799K->23359K(40960K), 0.0004180 secs] [Times: user=0.00 sys=0.00, real=0.00 secs] 
248.296: Total time for which application threads were stopped: 0.0005490 seconds, Stopping threads took: 0.0000660 seconds
248.336: Application time: 0.0404370 seconds
248.336: [GC [PSYoungGen: 14204K->480K(14848K)] 37179K->23463K(40960K), 0.0004840 secs] [Times: user=0.00 sys=0.00, real=0.00 secs] 
248.337: Total time for which application threads were stopped: 0.0006050 seconds, Stopping threads took: 0.0000580 seconds
248.386: Application time: 0.0492650 seconds
248.386: [GC [PSYoungGen: 14301K->288K(14848K)] 37285K->23492K(40960K), 0.0004290 secs] [Times: user=0.00 sys=0.00, real=0.00 secs] 
248.387: Total time for which application threads were stopped: 0.0005630 seconds, Stopping threads took: 0.0000730 seconds
248.445: Application time: 0.0583410 seconds
248.445: [GC [PSYoungGen: 14110K->480K(14848K)] 37314K->23700K(40960K), 0.0004120 secs] [Times: user=0.00 sys=0.00, real=0.00 secs] 
248.446: Total time for which application threads were stopped: 0.0005220 seconds, Stopping threads took: 0.0000500 seconds
248.507: Application time: 0.0608570 seconds
248.507: [GC [PSYoungGen: 14303K->0K(14848K)] 37523K->23637K(40960K), 0.0003920 secs] [Times: user=0.00 sys=0.00, real=0.00 secs] 
248.507: Total time for which application threads were stopped: 0.0005080 seconds, Stopping threads took: 0.0000570 seconds
248.568: Application time: 0.0610860 seconds
248.568: [GC [PSYoungGen: 13821K->0K(14848K)] 37458K->23637K(40960K), 0.0003740 secs] [Times: user=0.00 sys=0.00, real=0.00 secs] 
248.569: Total time for which application threads were stopped: 0.0004890 seconds, Stopping threads took: 0.0000530 seconds
248.633: Application time: 0.0642490 seconds
248.633: [GC [PSYoungGen: 13823K->0K(14848K)] 37460K->23637K(40960K), 0.0004670 secs] [Times: user=0.00 sys=0.00, real=0.00 secs] 
248.633: Total time for which application threads were stopped: 0.0005960 seconds, Stopping threads took: 0.0000640 seconds
248.700: Application time: 0.0669330 seconds
248.701: [GC [PSYoungGen: 13823K->0K(14848K)] 37460K->23637K(40960K), 0.0003780 secs] [Times: user=0.00 sys=0.00, real=0.00 secs] 
248.701: Total time for which application threads were stopped: 0.0005070 seconds, Stopping threads took: 0.0000560 seconds
248.764: Application time: 0.0631610 seconds
248.764: [GC [PSYoungGen: 13821K->576K(14848K)] 37458K->24213K(40960K), 0.0004520 secs] [Times: user=0.01 sys=0.00, real=0.00 secs] 
248.765: Total time for which application threads were stopped: 0.0005800 seconds, Stopping threads took: 0.0000640 seconds
248.830: Application time: 0.0657650 seconds
248.831: [GC [PSYoungGen: 14397K->352K(14848K)] 38034K->24273K(40960K), 0.0004480 secs] [Times: user=0.00 sys=0.00, real=0.00 secs] 
248.831: Total time for which application threads were stopped: 0.0005790 seconds, Stopping threads took: 0.0000680 seconds
248.882: Application time: 0.0509370 seconds
248.882: [GC [PSYoungGen: 14175K->288K(14848K)] 38097K->24542K(40960K), 0.0005530 secs] [Times: user=0.00 sys=0.00, real=0.00 secs] 
248.883: Total time for which application threads were stopped: 0.0006730 seconds, Stopping threads took: 0.0000530 seconds
248.944: Application time: 0.0609270 seconds
248.944: [GC [PSYoungGen: 14111K->352K(14848K)] 38365K->24614K(40960K), 0.0004320 secs] [Times: user=0.00 sys=0.01, real=0.01 secs] 
248.944: Total time for which application threads were stopped: 0.0005740 seconds, Stopping threads took: 0.0000730 seconds
249.009: Application time: 0.0647730 seconds
249.009: [GC [PSYoungGen: 14175K->480K(14848K)] 38438K->24798K(40960K), 0.0004450 secs] [Times: user=0.00 sys=0.00, real=0.00 secs] 
249.009: Total time for which application threads were stopped: 0.0005680 seconds, Stopping threads took: 0.0000540 seconds
249.056: Application time: 0.0469400 seconds
249.057: [GC [PSYoungGen: 14301K->320K(14848K)] 38620K->24858K(40960K), 0.0005400 secs] [Times: user=0.00 sys=0.00, real=0.00 secs] 
249.057: Total time for which application threads were stopped: 0.0006840 seconds, Stopping threads took: 0.0000790 seconds
249.106: Application time: 0.0486190 seconds
249.106: [GC [PSYoungGen: 14139K->320K(14848K)] 38678K->25087K(40960K), 0.0005190 secs] [Times: user=0.00 sys=0.00, real=0.00 secs] 
249.106: Total time for which application threads were stopped: 0.0006560 seconds, Stopping threads took: 0.0000710 seconds
249.167: Application time: 0.0604260 seconds
249.167: [GC [PSYoungGen: 14140K->448K(14848K)] 38908K->25223K(40960K), 0.0005190 secs] [Times: user=0.01 sys=0.00, real=0.00 secs] 
249.167: Total time for which application threads were stopped: 0.0006330 seconds, Stopping threads took: 0.0000490 seconds
249.233: Application time: 0.0658880 seconds
249.233: [GC [PSYoungGen: 14269K->496K(14848K)] 39045K->25495K(40960K), 0.0005150 secs] [Times: user=0.00 sys=0.00, real=0.00 secs] 
249.234: Total time for which application threads were stopped: 0.0006630 seconds, Stopping threads took: 0.0000720 seconds
249.281: Application time: 0.0473700 seconds
249.281: [GC [PSYoungGen: 14319K->384K(14848K)] 39319K->25643K(40960K), 0.0004690 secs] [Times: user=0.00 sys=0.00, real=0.00 secs] 
249.282: Total time for which application threads were stopped: 0.0005940 seconds, Stopping threads took: 0.0000650 seconds
249.339: Application time: 0.0573860 seconds
249.339: [GC [PSYoungGen: 14203K->768K(14848K)] 39463K->26035K(40960K), 0.0005620 secs] [Times: user=0.00 sys=0.00, real=0.00 secs] 
249.340: Total time for which application threads were stopped: 0.0007030 seconds, Stopping threads took: 0.0000720 seconds
249.386: Application time: 0.0462730 seconds
249.386: [GC [PSYoungGen: 14591K->576K(14848K)] 39859K->26128K(40960K), 0.0005400 secs] [Times: user=0.01 sys=0.00, real=0.00 secs] 
249.387: Total time for which application threads were stopped: 0.0006610 seconds, Stopping threads took: 0.0000590 seconds
249.435: Application time: 0.0478340 seconds
249.435: [GC [PSYoungGen: 14395K->320K(14848K)] 39948K->26273K(40960K), 0.0005620 secs] [Times: user=0.00 sys=0.00, real=0.00 secs] 
249.436: [Full GC [PSYoungGen: 320K->0K(14848K)] [ParOldGen: 25953K->4424K(26624K)] 26273K->4424K(41472K) [PSPermGen: 5578K->5578K(21504K)], 0.0061310 secs] [Times: user=0.03 sys=0.00, real=0.00 secs] 
249.442: Total time for which application threads were stopped: 0.0068730 seconds, Stopping threads took: 0.0000610 seconds
249.501: Application time: 0.0588450 seconds
249.501: [GC [PSYoungGen: 13820K->736K(14848K)] 18244K->5160K(41472K), 0.0004610 secs] [Times: user=0.00 sys=0.00, real=0.00 secs] 
249.501: Total time for which application threads were stopped: 0.0005890 seconds, Stopping threads took: 0.0000600 seconds
249.564: Application time: 0.0629310 seconds
249.564: [GC [PSYoungGen: 14558K->544K(14848K)] 18982K->5393K(41472K), 0.0005070 secs] [Times: user=0.01 sys=0.00, real=0.00 secs] 
249.565: Total time for which application threads were stopped: 0.0006570 seconds, Stopping threads took: 0.0000840 seconds
249.631: Application time: 0.0664490 seconds
249.631: [GC [PSYoungGen: 14367K->0K(14848K)] 19216K->5266K(41472K), 0.0004110 secs] [Times: user=0.00 sys=0.00, real=0.00 secs] 
249.632: Total time for which application threads were stopped: 0.0005740 seconds, Stopping threads took: 0.0000980 seconds
249.698: Application time: 0.0661940 seconds
249.698: [GC [PSYoungGen: 13822K->128K(14848K)] 19088K->5394K(41472K), 0.0004060 secs] [Times: user=0.00 sys=0.00, real=0.00 secs] 
249.698: Total time for which application threads were stopped: 0.0005340 seconds, Stopping threads took: 0.0000640 seconds
249.764: Application time: 0.0654720 seconds
249.764: [GC [PSYoungGen: 13949K->256K(14848K)] 19215K->5538K(41472K), 0.0004800 secs] [Times: user=0.00 sys=0.00, real=0.00 secs] 
249.765: Total time for which application threads were stopped: 0.0006270 seconds, Stopping threads took: 0.0000580 seconds
249.830: Application time: 0.0654230 seconds
249.830: [GC [PSYoungGen: 14078K->352K(14848K)] 19361K->5854K(41472K), 0.0004060 secs] [Times: user=0.00 sys=0.00, real=0.00 secs] 
249.831: Total time for which application threads were stopped: 0.0005400 seconds, Stopping threads took: 0.0000740 seconds
249.896: Application time: 0.0651240 seconds
249.896: [GC [PSYoungGen: 14175K->416K(14848K)] 19678K->6147K(41472K), 0.0004090 secs] [Times: user=0.00 sys=0.00, real=0.00 secs] 
249.896: Total time for which application threads were stopped: 0.0005400 seconds, Stopping threads took: 0.0000640 seconds
249.963: Application time: 0.0671870 seconds
249.964: [GC [PSYoungGen: 14237K->0K(14848K)] 19969K->5951K(41472K), 0.0004580 secs] [Times: user=0.00 sys=0.00, real=0.01 secs] 
249.964: Total time for which application threads were stopped: 0.0005980 seconds, Stopping threads took: 0.0000680 seconds
250.031: Application time: 0.0672500 seconds
250.031: [GC [PSYoungGen: 13819K->0K(14848K)] 19771K->5951K(41472K), 0.0003610 secs] [Times: user=0.00 sys=0.00, real=0.00 secs] 
250.032: Total time for which application threads were stopped: 0.0004860 seconds, Stopping threads took: 0.0000630 seconds
250.099: Application time: 0.0671570 seconds
250.099: [GC [PSYoungGen: 13819K->0K(14848K)] 19771K->5951K(41472K), 0.0003820 secs] [Times: user=0.00 sys=0.00, real=0.00 secs] 
250.099: Total time for which application threads were stopped: 0.0005110 seconds, Stopping threads took: 0.0000700 seconds
250.153: Application time: 0.0535220 seconds
250.153: [GC [PSYoungGen: 13819K->384K(14848K)] 19771K->6335K(41472K), 0.0004390 secs] [Times: user=0.00 sys=0.00, real=0.00 secs] 
250.154: Total time for which application threads were stopped: 0.0005540 seconds, Stopping threads took: 0.0000510 seconds
250.207: Application time: 0.0531350 seconds
250.207: [GC [PSYoungGen: 14205K->512K(14848K)] 20157K->6471K(41472K), 0.0004120 secs] [Times: user=0.00 sys=0.00, real=0.00 secs] 
250.207: Total time for which application threads were stopped: 0.0005300 seconds, Stopping threads took: 0.0000560 seconds
250.256: Application time: 0.0490680 seconds
250.256: [GC [PSYoungGen: 14333K->512K(14848K)] 20293K->6487K(41472K), 0.0004720 secs] [Times: user=0.00 sys=0.00, real=0.00 secs] 
250.257: Total time for which application threads were stopped: 0.0006010 seconds, Stopping threads took: 0.0000680 seconds
250.322: Application time: 0.0650600 seconds
250.322: [GC [PSYoungGen: 14335K->352K(14848K)] 20311K->6559K(41472K), 0.0004230 secs] [Times: user=0.00 sys=0.00, real=0.00 secs] 
250.322: Total time for which application threads were stopped: 0.0005570 seconds, Stopping threads took: 0.0000630 seconds
250.389: Application time: 0.0666760 seconds
250.389: [GC [PSYoungGen: 14175K->0K(14848K)] 20383K->6423K(41472K), 0.0003940 secs] [Times: user=0.00 sys=0.00, real=0.00 secs] 
250.390: Total time for which application threads were stopped: 0.0005170 seconds, Stopping threads took: 0.0000620 seconds
250.456: Application time: 0.0665730 seconds
250.456: [GC [PSYoungGen: 13823K->0K(14848K)] 20247K->6423K(41472K), 0.0003860 secs] [Times: user=0.00 sys=0.00, real=0.00 secs] 
250.457: Total time for which application threads were stopped: 0.0005080 seconds, Stopping threads took: 0.0000620 seconds
250.525: Application time: 0.0680960 seconds
250.525: [GC [PSYoungGen: 13820K->0K(14848K)] 20244K->6423K(41472K), 0.0003450 secs] [Times: user=0.00 sys=0.00, real=0.00 secs] 
250.525: Total time for which application threads were stopped: 0.0004650 seconds, Stopping threads took: 0.0000580 seconds
250.592: Application time: 0.0665190 seconds
250.592: [GC [PSYoungGen: 13823K->0K(14848K)] 20247K->6423K(41472K), 0.0004310 secs] [Times: user=0.00 sys=0.00, real=0.00 secs] 
250.592: Total time for which application threads were stopped: 0.0005440 seconds, Stopping threads took: 0.0000470 seconds
250.657: Application time: 0.0644780 seconds
250.657: [GC [PSYoungGen: 13823K->288K(14848K)] 20247K->6711K(41472K), 0.0004460 secs] [Times: user=0.01 sys=0.00, real=0.00 secs] 
250.657: Total time for which application threads were stopped: 0.0005810 seconds, Stopping threads took: 0.0000690 seconds
250.722: Application time: 0.0642830 seconds
250.722: [GC [PSYoungGen: 14111K->544K(14848K)] 20535K->7220K(41472K), 0.0004500 secs] [Times: user=0.00 sys=0.00, real=0.00 secs] 
250.722: Total time for which application threads were stopped: 0.0005790 seconds, Stopping threads took: 0.0000680 seconds
250.769: Application time: 0.0471640 seconds
250.770: [GC [PSYoungGen: 14325K->256K(14848K)] 21002K->7180K(41472K), 0.0004230 secs] [Times: user=0.00 sys=0.00, real=0.00 secs] 
250.770: Total time for which application threads were stopped: 0.0005520 seconds, Stopping threads took: 0.0000620 seconds
250.836: Application time: 0.0655000 seconds
250.836: [GC [PSYoungGen: 14076K->224K(14848K)] 21001K->7273K(41472K), 0.0004010 secs] [Times: user=0.00 sys=0.00, real=0.00 secs] 
250.836: Total time for which application threads were stopped: 0.0005530 seconds, Stopping threads took: 0.0000760 seconds
250.897: Application time: 0.0611500 seconds
250.897: [GC [PSYoungGen: 14047K->512K(14848K)] 21096K->7705K(41472K), 0.0004540 secs] [Times: user=0.00 sys=0.00, real=0.00 secs] 
250.898: Total time for which application threads were stopped: 0.0005830 seconds, Stopping threads took: 0.0000650 seconds
250.946: Application time: 0.0484260 seconds
250.946: [GC [PSYoungGen: 14332K->576K(14848K)] 21525K->7985K(41472K), 0.0004500 secs] [Times: user=0.00 sys=0.00, real=0.00 secs] 
250.947: Total time for which application threads were stopped: 0.0005770 seconds, Stopping threads took: 0.0000620 seconds
250.994: Application time: 0.0471220 seconds
250.994: [GC [PSYoungGen: 14397K->352K(14848K)] 21806K->8017K(41472K), 0.0005010 secs] [Times: user=0.00 sys=0.00, real=0.00 secs] 
250.995: Total time for which application threads were stopped: 0.0006640 seconds, Stopping threads took: 0.0000930 seconds
251.057: Application time: 0.0628560 seconds
251.058: [GC [PSYoungGen: 14173K->512K(14848K)] 21838K->8201K(41472K), 0.0004350 secs] [Times: user=0.01 sys=0.00, real=0.00 secs] 
251.058: Total time for which application threads were stopped: 0.0005510 seconds, Stopping threads took: 0.0000520 seconds
251.116: Application time: 0.0578900 seconds
251.116: [GC [PSYoungGen: 14331K->544K(14848K)] 22021K->8465K(41472K), 0.0004690 secs] [Times: user=0.00 sys=0.00, real=0.00 secs] 
251.117: Total time for which application threads were stopped: 0.0005900 seconds, Stopping threads took: 0.0000580 seconds
251.168: Application time: 0.0512700 seconds
251.168: [GC [PSYoungGen: 14365K->384K(14848K)] 22286K->8549K(41472K), 0.0004390 secs] [Times: user=0.01 sys=0.00, real=0.00 secs] 
251.168: Total time for which application threads were stopped: 0.0005630 seconds, Stopping threads took: 0.0000580 seconds
251.228: Application time: 0.0594320 seconds
251.228: [GC [PSYoungGen: 14204K->736K(14848K)] 22370K->8949K(41472K), 0.0004710 secs] [Times: user=0.00 sys=0.00, real=0.00 secs] 
251.228: Total time for which application threads were stopped: 0.0005930 seconds, Stopping threads took: 0.0000520 seconds
251.276: Application time: 0.0479780 seconds
251.276: [GC [PSYoungGen: 14557K->352K(14848K)] 22771K->9007K(41472K), 0.0004620 secs] [Times: user=0.00 sys=0.00, real=0.00 secs] 
251.277: Total time for which application threads were stopped: 0.0005930 seconds, Stopping threads took: 0.0000610 seconds
251.326: Application time: 0.0494430 seconds
251.326: [GC [PSYoungGen: 14173K->384K(14848K)] 22828K->9267K(41472K), 0.0004090 secs] [Times: user=0.00 sys=0.00, real=0.00 secs] 
251.327: Total time for which application threads were stopped: 0.0005190 seconds, Stopping threads took: 0.0000480 seconds
251.384: Application time: 0.0575580 seconds
251.385: [GC [PSYoungGen: 14206K->736K(14848K)] 23089K->9675K(41472K), 0.0004610 secs] [Times: user=0.01 sys=0.00, real=0.00 secs] 
251.385: Total time for which application threads were stopped: 0.0006020 seconds, Stopping threads took: 0.0000640 seconds
251.449: Application time: 0.0636580 seconds
251.449: [GC [PSYoungGen: 14558K->544K(14848K)] 23498K->9892K(41472K), 0.0004790 secs] [Times: user=0.00 sys=0.00, real=0.00 secs] 
251.449: Total time for which application threads were stopped: 0.0006050 seconds, Stopping threads took: 0.0000610 seconds
251.516: Application time: 0.0670110 seconds
251.516: [GC [PSYoungGen: 14367K->0K(14848K)] 23716K->9764K(41472K), 0.0004770 secs] [Times: user=0.00 sys=0.00, real=0.00 secs] 
251.518: Total time for which application threads were stopped: 0.0017780 seconds, Stopping threads took: 0.0000620 seconds
251.584: Application time: 0.0656860 seconds
251.584: [GC [PSYoungGen: 13823K->352K(14848K)] 23588K->10116K(41472K), 0.0003890 secs] [Times: user=0.01 sys=0.00, real=0.00 secs] 
251.584: Total time for which application threads were stopped: 0.0005060 seconds, Stopping threads took: 0.0000550 seconds
251.651: Application time: 0.0666440 seconds
251.651: [GC [PSYoungGen: 14174K->352K(14848K)] 23939K->10140K(41472K), 0.0004200 secs] [Times: user=0.00 sys=0.00, real=0.00 secs] 
251.652: Total time for which application threads were stopped: 0.0005430 seconds, Stopping threads took: 0.0000580 seconds
251.716: Application time: 0.0649030 seconds
251.717: [GC [PSYoungGen: 14175K->480K(14848K)] 23964K->10489K(41472K), 0.0004650 secs] [Times: user=0.00 sys=0.00, real=0.00 secs] 
251.717: Total time for which application threads were stopped: 0.0005800 seconds, Stopping threads took: 0.0000530 seconds
251.782: Application time: 0.0651360 seconds
251.782: [GC [PSYoungGen: 14303K->384K(14848K)] 24312K->10609K(41472K), 0.0004390 secs] [Times: user=0.00 sys=0.00, real=0.00 secs] 
251.783: Total time for which application threads were stopped: 0.0005740 seconds, Stopping threads took: 0.0000680 seconds
251.850: Application time: 0.0671390 seconds
251.850: [GC [PSYoungGen: 14205K->0K(14848K)] 24431K->10449K(41472K), 0.0003990 secs] [Times: user=0.00 sys=0.00, real=0.00 secs] 
251.850: Total time for which application threads were stopped: 0.0005160 seconds, Stopping threads took: 0.0000470 seconds
251.918: Application time: 0.0673130 seconds
251.918: [GC [PSYoungGen: 13819K->0K(14848K)] 24269K->10449K(41472K), 0.0003520 secs] [Times: user=0.00 sys=0.00, real=0.00 secs] 
251.918: Total time for which application threads were stopped: 0.0004790 seconds, Stopping threads took: 0.0000570 seconds
251.985: Application time: 0.0672290 seconds
251.986: [GC [PSYoungGen: 13823K->0K(14848K)] 24273K->10449K(41472K), 0.0003600 secs] [Times: user=0.00 sys=0.00, real=0.00 secs] 
251.986: Total time for which application threads were stopped: 0.0004840 seconds, Stopping threads took: 0.0000630 seconds
252.039: Application time: 0.0527030 seconds
252.039: [GC [PSYoungGen: 13822K->384K(14848K)] 24271K->10833K(41472K), 0.0003980 secs] [Times: user=0.00 sys=0.00, real=0.00 secs] 
252.039: Total time for which application threads were stopped: 0.0005320 seconds, Stopping threads took: 0.0000680 seconds
252.092: Application time: 0.0531620 seconds
252.092: [GC [PSYoungGen: 14206K->512K(14848K)] 24655K->10969K(41472K), 0.0004310 secs] [Times: user=0.00 sys=0.00, real=0.00 secs] 
252.093: Total time for which application threads were stopped: 0.0005660 seconds, Stopping threads took: 0.0000680 seconds
252.145: Application time: 0.0518040 seconds
252.145: [GC [PSYoungGen: 14333K->512K(14848K)] 24790K->10977K(41472K), 0.0004230 secs] [Times: user=0.01 sys=0.00, real=0.00 secs] 
252.145: Total time for which application threads were stopped: 0.0005420 seconds, Stopping threads took: 0.0000540 seconds
252.212: Application time: 0.0665800 seconds
252.212: [GC [PSYoungGen: 14332K->320K(14848K)] 24798K->11017K(41472K), 0.0004080 secs] [Times: user=0.00 sys=0.00, real=0.00 secs] 
252.212: Total time for which application threads were stopped: 0.0005280 seconds, Stopping threads took: 0.0000570 seconds
252.279: Application time: 0.0666020 seconds
252.279: [GC [PSYoungGen: 14143K->0K(14848K)] 24841K->10921K(41472K), 0.0004700 secs] [Times: user=0.00 sys=0.00, real=0.00 secs] 
252.280: Total time for which application threads were stopped: 0.0006120 seconds, Stopping threads took: 0.0000760 seconds
252.347: Application time: 0.0671490 seconds
252.347: [GC [PSYoungGen: 13823K->0K(14848K)] 24745K->10921K(41472K), 0.0004080 secs] [Times: user=0.00 sys=0.00, real=0.00 secs] 
252.347: Total time for which application threads were stopped: 0.0005380 seconds, Stopping threads took: 0.0000700 seconds
252.414: Application time: 0.0666500 seconds
252.414: [GC [PSYoungGen: 13823K->0K(14848K)] 24745K->10921K(41472K), 0.0003640 secs] [Times: user=0.01 sys=0.00, real=0.00 secs] 
252.414: Total time for which application threads were stopped: 0.0004880 seconds, Stopping threads took: 0.0000570 seconds
252.479: Application time: 0.0645550 seconds
252.479: [GC [PSYoungGen: 13819K->384K(14848K)] 24740K->11305K(41472K), 0.0004050 secs] [Times: user=0.00 sys=0.00, real=0.00 secs] 
252.479: Total time for which application threads were stopped: 0.0005350 seconds, Stopping threads took: 0.0000550 seconds
252.546: Application time: 0.0669740 seconds
252.548: [GC [PSYoungGen: 14205K->0K(14848K)] 25127K->11158K(41472K), 0.0004410 secs] [Times: user=0.01 sys=0.00, real=0.00 secs] 
252.548: Total time for which application threads were stopped: 0.0019070 seconds, Stopping threads took: 0.0014010 seconds
252.607: Application time: 0.0587240 seconds
252.607: [GC [PSYoungGen: 13821K->544K(14848K)] 24979K->11702K(41472K), 0.0004290 secs] [Times: user=0.00 sys=0.00, real=0.00 secs] 
252.608: Total time for which application threads were stopped: 0.0005480 seconds, Stopping threads took: 0.0000570 seconds
252.653: Application time: 0.0451940 seconds
252.653: [GC [PSYoungGen: 14363K->384K(14848K)] 25521K->11782K(41472K), 0.0004420 secs] [Times: user=0.01 sys=0.00, real=0.00 secs] 
252.653: Total time for which application threads were stopped: 0.0005640 seconds, Stopping threads took: 0.0000600 seconds
252.713: Application time: 0.0594270 seconds
252.713: [GC [PSYoungGen: 14207K->352K(14848K)] 25606K->11806K(41472K), 0.0003830 secs] [Times: user=0.00 sys=0.00, real=0.00 secs] 
252.713: Total time for which application threads were stopped: 0.0004940 seconds, Stopping threads took: 0.0000530 seconds
252.772: Application time: 0.0582060 seconds
252.772: [GC [PSYoungGen: 14171K->352K(14848K)] 25626K->12035K(41472K), 0.0004130 secs] [Times: user=0.01 sys=0.00, real=0.01 secs] 
252.772: Total time for which application threads were stopped: 0.0005350 seconds, Stopping threads took: 0.0000590 seconds
252.810: Application time: 0.0378700 seconds
252.810: [GC [PSYoungGen: 14174K->512K(14848K)] 25857K->12211K(41472K), 0.0004290 secs] [Times: user=0.00 sys=0.00, real=0.00 secs] 
252.810: Total time for which application threads were stopped: 0.0005370 seconds, Stopping threads took: 0.0000450 seconds
252.856: Application time: 0.0458590 seconds
252.856: [GC [PSYoungGen: 14333K->544K(14848K)] 26032K->12307K(41472K), 0.0004270 secs] [Times: user=0.00 sys=0.00, real=0.00 secs] 
252.857: Total time for which application threads were stopped: 0.0005510 seconds, Stopping threads took: 0.0000600 seconds
252.914: Application time: 0.0574480 seconds
252.914: [GC [PSYoungGen: 14367K->512K(14848K)] 26130K->12291K(41472K), 0.0004850 secs] [Times: user=0.00 sys=0.00, real=0.00 secs] 
252.915: Total time for which application threads were stopped: 0.0006150 seconds, Stopping threads took: 0.0000670 seconds
252.971: Application time: 0.0561420 seconds
252.971: [GC [PSYoungGen: 14335K->352K(14848K)] 26114K->12579K(41472K), 0.0004430 secs] [Times: user=0.00 sys=0.00, real=0.00 secs] 
252.972: Total time for which application threads were stopped: 0.0005670 seconds, Stopping threads took: 0.0000650 seconds
253.017: Application time: 0.0450980 seconds
253.020: [GC [PSYoungGen: 14171K->384K(14848K)] 26398K->12619K(41472K), 0.0003750 secs] [Times: user=0.00 sys=0.00, real=0.00 secs] 
253.020: Total time for which application threads were stopped: 0.0035170 seconds, Stopping threads took: 0.0030720 seconds
253.072: Application time: 0.0519860 seconds
253.072: [GC [PSYoungGen: 14205K->576K(14848K)] 26440K->13055K(41472K), 0.0005060 secs] [Times: user=0.00 sys=0.00, real=0.00 secs] 
253.073: Total time for which application threads were stopped: 0.0006190 seconds, Stopping threads took: 0.0000490 seconds
253.118: Application time: 0.0454370 seconds
253.118: [GC [PSYoungGen: 14399K->704K(14848K)] 26879K->13431K(41472K), 0.0004870 secs] [Times: user=0.00 sys=0.00, real=0.00 secs] 
253.119: Total time for which application threads were stopped: 0.0006180 seconds, Stopping threads took: 0.0000670 seconds
253.162: Application time: 0.0425710 seconds
253.162: [GC [PSYoungGen: 14525K->384K(14848K)] 27253K->13524K(41472K), 0.0004550 secs] [Times: user=0.00 sys=0.00, real=0.00 secs] 
253.162: Total time for which application threads were stopped: 0.0005770 seconds, Stopping threads took: 0.0000590 seconds
253.217: Application time: 0.0552140 seconds
253.217: [GC [PSYoungGen: 14204K->736K(14848K)] 27344K->13940K(41472K), 0.0004590 secs] [Times: user=0.00 sys=0.00, real=0.00 secs] 
253.218: Total time for which application threads were stopped: 0.0005790 seconds, Stopping threads took: 0.0000520 seconds
253.275: Application time: 0.0574920 seconds
253.275: [GC [PSYoungGen: 14555K->576K(14848K)] 27760K->14193K(41472K), 0.0004770 secs] [Times: user=0.00 sys=0.00, real=0.00 secs] 
253.276: Total time for which application threads were stopped: 0.0005980 seconds, Stopping threads took: 0.0000550 seconds
253.336: Application time: 0.0604860 seconds
253.337: [GC [PSYoungGen: 14399K->0K(14848K)] 28016K->14026K(41472K), 0.0004230 secs] [Times: user=0.00 sys=0.00, real=0.00 secs] 
253.337: Total time for which application threads were stopped: 0.0005240 seconds, Stopping threads took: 0.0000350 seconds
253.397: Application time: 0.0595930 seconds
253.397: [GC [PSYoungGen: 13824K->352K(14848K)] 27850K->14378K(41472K), 0.0004200 secs] [Times: user=0.00 sys=0.00, real=0.00 secs] 
253.397: Total time for which application threads were stopped: 0.0005430 seconds, Stopping threads took: 0.0000580 seconds
253.457: Application time: 0.0597890 seconds
253.457: [GC [PSYoungGen: 14173K->352K(14848K)] 28199K->14394K(41472K), 0.0003740 secs] [Times: user=0.00 sys=0.00, real=0.00 secs] 
253.457: Total time for which application threads were stopped: 0.0005090 seconds, Stopping threads took: 0.0000710 seconds
253.518: Application time: 0.0606930 seconds
253.518: [GC [PSYoungGen: 14173K->384K(14848K)] 28215K->14638K(41472K), 0.0004110 secs] [Times: user=0.00 sys=0.00, real=0.00 secs] 
253.519: Total time for which application threads were stopped: 0.0005330 seconds, Stopping threads took: 0.0000650 seconds
253.578: Application time: 0.0591990 seconds
253.578: [GC [PSYoungGen: 14204K->352K(14848K)] 28459K->14838K(41472K), 0.0004220 secs] [Times: user=0.00 sys=0.00, real=0.00 secs] 
253.578: Total time for which application threads were stopped: 0.0005570 seconds, Stopping threads took: 0.0000630 seconds
253.640: Application time: 0.0613550 seconds
253.644: [GC [PSYoungGen: 14171K->0K(14848K)] 28658K->14715K(41472K), 0.0004280 secs] [Times: user=0.00 sys=0.00, real=0.00 secs] 
253.644: Total time for which application threads were stopped: 0.0045350 seconds, Stopping threads took: 0.0040420 seconds
253.706: Application time: 0.0621330 seconds
253.708: [GC [PSYoungGen: 13821K->0K(14848K)] 28536K->14715K(41472K), 0.0004740 secs] [Times: user=0.00 sys=0.00, real=0.00 secs] 
253.708: Total time for which application threads were stopped: 0.0019300 seconds, Stopping threads took: 0.0013850 seconds
253.767: Application time: 0.0585960 seconds
253.767: [GC [PSYoungGen: 13821K->352K(14848K)] 28536K->15067K(41472K), 0.0004300 secs] [Times: user=0.00 sys=0.00, real=0.00 secs] 
253.768: Total time for which application threads were stopped: 0.0005700 seconds, Stopping threads took: 0.0000810 seconds
253.812: Application time: 0.0441890 seconds
253.812: [GC [PSYoungGen: 14171K->384K(14848K)] 28887K->15123K(41472K), 0.0004000 secs] [Times: user=0.01 sys=0.00, real=0.00 secs] 
253.812: Total time for which application threads were stopped: 0.0005420 seconds, Stopping threads took: 0.0000700 seconds
253.866: Application time: 0.0540500 seconds
253.866: [GC [PSYoungGen: 14205K->352K(14848K)] 28944K->15303K(41472K), 0.0004990 secs] [Times: user=0.00 sys=0.00, real=0.00 secs] 
253.867: Total time for which application threads were stopped: 0.0006240 seconds, Stopping threads took: 0.0000590 seconds
253.913: Application time: 0.0462200 seconds
253.913: [GC [PSYoungGen: 14175K->480K(14848K)] 29127K->15447K(41472K), 0.0004030 secs] [Times: user=0.00 sys=0.00, real=0.00 secs] 
253.914: Total time for which application threads were stopped: 0.0005290 seconds, Stopping threads took: 0.0000620 seconds
253.973: Application time: 0.0592760 seconds
253.973: [GC [PSYoungGen: 14303K->320K(14848K)] 29271K->15500K(41472K), 0.0004630 secs] [Times: user=0.00 sys=0.00, real=0.00 secs] 
253.974: Total time for which application threads were stopped: 0.0006010 seconds, Stopping threads took: 0.0000720 seconds
254.034: Application time: 0.0606850 seconds
254.034: [GC [PSYoungGen: 14143K->0K(14848K)] 29324K->15400K(41472K), 0.0003890 secs] [Times: user=0.00 sys=0.00, real=0.00 secs] 
254.035: Total time for which application threads were stopped: 0.0005200 seconds, Stopping threads took: 0.0000720 seconds
254.095: Application time: 0.0606380 seconds
254.096: [GC [PSYoungGen: 13823K->0K(14848K)] 29224K->15400K(41472K), 0.0003400 secs] [Times: user=0.00 sys=0.00, real=0.00 secs] 
254.096: Total time for which application threads were stopped: 0.0004680 seconds, Stopping threads took: 0.0000550 seconds
254.157: Application time: 0.0606350 seconds
254.157: [GC [PSYoungGen: 13823K->0K(14848K)] 29224K->15400K(41472K), 0.0004170 secs] [Times: user=0.01 sys=0.00, real=0.00 secs] 
254.157: Total time for which application threads were stopped: 0.0005330 seconds, Stopping threads took: 0.0000500 seconds
254.216: Application time: 0.0590470 seconds
254.216: [GC [PSYoungGen: 13819K->352K(14848K)] 29220K->15753K(41472K), 0.0004150 secs] [Times: user=0.00 sys=0.00, real=0.00 secs] 
254.217: Total time for which application threads were stopped: 0.0005230 seconds, Stopping threads took: 0.0000480 seconds
254.276: Application time: 0.0596490 seconds
254.276: [GC [PSYoungGen: 14174K->288K(14848K)] 29575K->15925K(41472K), 0.0005050 secs] [Times: user=0.00 sys=0.00, real=0.00 secs] 
254.277: Total time for which application threads were stopped: 0.0006250 seconds, Stopping threads took: 0.0000580 seconds
254.333: Application time: 0.0557410 seconds
254.333: [GC [PSYoungGen: 14111K->480K(14848K)] 29748K->16181K(41472K), 0.0004260 secs] [Times: user=0.00 sys=0.00, real=0.00 secs] 
254.333: Total time for which application threads were stopped: 0.0005450 seconds, Stopping threads took: 0.0000570 seconds
254.379: Application time: 0.0453550 seconds
254.379: [GC [PSYoungGen: 14299K->384K(14848K)] 30001K->16309K(41472K), 0.0004250 secs] [Times: user=0.00 sys=0.00, real=0.00 secs] 
254.379: Total time for which application threads were stopped: 0.0005400 seconds, Stopping threads took: 0.0000550 seconds
254.438: Application time: 0.0593430 seconds
254.439: [GC [PSYoungGen: 14207K->256K(14848K)] 30133K->16237K(41472K), 0.0004440 secs] [Times: user=0.00 sys=0.00, real=0.00 secs] 
254.439: Total time for which application threads were stopped: 0.0005580 seconds, Stopping threads took: 0.0000540 seconds
254.496: Application time: 0.0574290 seconds
254.497: [GC [PSYoungGen: 14077K->352K(14848K)] 30059K->16554K(41472K), 0.0004120 secs] [Times: user=0.00 sys=0.00, real=0.00 secs] 
254.497: Total time for which application threads were stopped: 0.0005270 seconds, Stopping threads took: 0.0000520 seconds
254.536: Application time: 0.0387170 seconds
254.536: [GC [PSYoungGen: 14175K->576K(14848K)] 30377K->16786K(41472K), 0.0004910 secs] [Times: user=0.00 sys=0.00, real=0.00 secs] 
254.536: Total time for which application threads were stopped: 0.0006150 seconds, Stopping threads took: 0.0000570 seconds
254.583: Application time: 0.0466000 seconds
254.583: [GC [PSYoungGen: 14397K->352K(14848K)] 30607K->16806K(41472K), 0.0004310 secs] [Times: user=0.01 sys=0.00, real=0.00 secs] 
254.583: Total time for which application threads were stopped: 0.0005440 seconds, Stopping threads took: 0.0000540 seconds
254.641: Application time: 0.0573190 seconds
254.641: [GC [PSYoungGen: 14172K->544K(14848K)] 30627K->17014K(41472K), 0.0004060 secs] [Times: user=0.00 sys=0.00, real=0.00 secs] 
254.641: Total time for which application threads were stopped: 0.0005360 seconds, Stopping threads took: 0.0000570 seconds
254.691: Application time: 0.0501600 seconds
254.692: [GC [PSYoungGen: 14366K->384K(14848K)] 30836K->17299K(41472K), 0.0004620 secs] [Times: user=0.00 sys=0.00, real=0.01 secs] 
254.692: Total time for which application threads were stopped: 0.0005730 seconds, Stopping threads took: 0.0000510 seconds
254.742: Application time: 0.0501260 seconds
254.742: [GC [PSYoungGen: 14207K->288K(14848K)] 31123K->17211K(41472K), 0.0004400 secs] [Times: user=0.00 sys=0.00, real=0.00 secs] 
254.743: Total time for which application threads were stopped: 0.0005470 seconds, Stopping threads took: 0.0000470 seconds
254.795: Application time: 0.0525030 seconds
254.795: [GC [PSYoungGen: 14111K->704K(14848K)] 31035K->17675K(41472K), 0.0005160 secs] [Times: user=0.00 sys=0.00, real=0.00 secs] 
254.796: Total time for which application threads were stopped: 0.0006270 seconds, Stopping threads took: 0.0000480 seconds
254.836: Application time: 0.0404110 seconds
254.836: [GC [PSYoungGen: 14527K->448K(14848K)] 31499K->17864K(41472K), 0.0004860 secs] [Times: user=0.00 sys=0.00, real=0.00 secs] 
254.837: Total time for which application threads were stopped: 0.0006120 seconds, Stopping threads took: 0.0000660 seconds
254.882: Application time: 0.0451820 seconds
254.882: [GC [PSYoungGen: 14270K->352K(14848K)] 31686K->18028K(41472K), 0.0004180 secs] [Times: user=0.00 sys=0.00, real=0.00 secs] 
254.883: Total time for which application threads were stopped: 0.0005420 seconds, Stopping threads took: 0.0000600 seconds
254.938: Application time: 0.0556930 seconds
254.938: [GC [PSYoungGen: 14174K->704K(14848K)] 31851K->18396K(41472K), 0.0004520 secs] [Times: user=0.00 sys=0.00, real=0.00 secs] 
254.939: Total time for which application threads were stopped: 0.0005810 seconds, Stopping threads took: 0.0000630 seconds
254.997: Application time: 0.0584260 seconds
254.997: [GC [PSYoungGen: 14524K->352K(14848K)] 32217K->18658K(41472K), 0.0004850 secs] [Times: user=0.00 sys=0.00, real=0.00 secs] 
254.998: Total time for which application threads were stopped: 0.0005990 seconds, Stopping threads took: 0.0000490 seconds
255.059: Application time: 0.0614430 seconds
255.059: [GC [PSYoungGen: 14175K->0K(14848K)] 32481K->18526K(41472K), 0.0004080 secs] [Times: user=0.00 sys=0.00, real=0.00 secs] 
255.060: Total time for which application threads were stopped: 0.0005220 seconds, Stopping threads took: 0.0000580 seconds
255.119: Application time: 0.0587490 seconds
255.119: [GC [PSYoungGen: 13823K->480K(14848K)] 32350K->19006K(41472K), 0.0004040 secs] [Times: user=0.00 sys=0.00, real=0.00 secs] 
255.119: Total time for which application threads were stopped: 0.0005420 seconds, Stopping threads took: 0.0000760 seconds
255.179: Application time: 0.0602550 seconds
255.180: [GC [PSYoungGen: 14303K->0K(14848K)] 32830K->18739K(41472K), 0.0004180 secs] [Times: user=0.00 sys=0.00, real=0.00 secs] 
255.180: Total time for which application threads were stopped: 0.0005530 seconds, Stopping threads took: 0.0000640 seconds
255.240: Application time: 0.0600300 seconds
255.240: [GC [PSYoungGen: 13823K->384K(14848K)] 32562K->19123K(41472K), 0.0003920 secs] [Times: user=0.00 sys=0.00, real=0.00 secs] 
255.241: Total time for which application threads were stopped: 0.0004920 seconds, Stopping threads took: 0.0000420 seconds
255.301: Application time: 0.0602410 seconds
255.301: [GC [PSYoungGen: 14207K->320K(14848K)] 32946K->19279K(41472K), 0.0004360 secs] [Times: user=0.00 sys=0.00, real=0.00 secs] 
255.301: Total time for which application threads were stopped: 0.0005780 seconds, Stopping threads took: 0.0000670 seconds
255.363: Application time: 0.0612360 seconds
255.364: [GC [PSYoungGen: 14141K->0K(14848K)] 33101K->19191K(41472K), 0.0003920 secs] [Times: user=0.00 sys=0.00, real=0.00 secs] 
255.364: Total time for which application threads were stopped: 0.0017050 seconds, Stopping threads took: 0.0012510 seconds
255.426: Application time: 0.0612630 seconds
255.426: [GC [PSYoungGen: 13821K->0K(14848K)] 33013K->19191K(41472K), 0.0003550 secs] [Times: user=0.00 sys=0.00, real=0.00 secs] 
255.426: Total time for which application threads were stopped: 0.0004880 seconds, Stopping threads took: 0.0000680 seconds
255.481: Application time: 0.0552290 seconds
255.482: [GC [PSYoungGen: 13821K->384K(14848K)] 33013K->19575K(41472K), 0.0004910 secs] [Times: user=0.00 sys=0.00, real=0.00 secs] 
255.482: Total time for which application threads were stopped: 0.0011720 seconds, Stopping threads took: 0.0006140 seconds
255.530: Application time: 0.0472920 seconds
255.530: [GC [PSYoungGen: 14207K->352K(14848K)] 33399K->19567K(41472K), 0.0003770 secs] [Times: user=0.00 sys=0.00, real=0.00 secs] 
255.530: Total time for which application threads were stopped: 0.0004930 seconds, Stopping threads took: 0.0000540 seconds
255.580: Application time: 0.0495520 seconds
255.580: [GC [PSYoungGen: 14172K->384K(14848K)] 33388K->19623K(41472K), 0.0004290 secs] [Times: user=0.01 sys=0.00, real=0.00 secs] 
255.580: Total time for which application threads were stopped: 0.0005360 seconds, Stopping threads took: 0.0000430 seconds
255.631: Application time: 0.0507720 seconds
255.631: [GC [PSYoungGen: 14203K->480K(14848K)] 33443K->19743K(41472K), 0.0004200 secs] [Times: user=0.00 sys=0.00, real=0.00 secs] 
255.632: Total time for which application threads were stopped: 0.0005440 seconds, Stopping threads took: 0.0000600 seconds
255.691: Application time: 0.0592680 seconds
255.691: [GC [PSYoungGen: 14303K->352K(14848K)] 33567K->19836K(41472K), 0.0004370 secs] [Times: user=0.01 sys=0.00, real=0.00 secs] 
255.691: Total time for which application threads were stopped: 0.0005820 seconds, Stopping threads took: 0.0000720 seconds
255.752: Application time: 0.0609770 seconds
255.753: [GC [PSYoungGen: 14175K->0K(14848K)] 33660K->19708K(41472K), 0.0003780 secs] [Times: user=0.00 sys=0.00, real=0.00 secs] 
255.753: Total time for which application threads were stopped: 0.0004950 seconds, Stopping threads took: 0.0000570 seconds
255.814: Application time: 0.0607280 seconds
255.816: [GC [PSYoungGen: 13821K->0K(14848K)] 33529K->19708K(41472K), 0.0003690 secs] [Times: user=0.00 sys=0.00, real=0.00 secs] 
255.816: Total time for which application threads were stopped: 0.0025820 seconds, Stopping threads took: 0.0021520 seconds
255.877: Application time: 0.0606450 seconds
255.877: [GC [PSYoungGen: 13823K->0K(14848K)] 33532K->19708K(41472K), 0.0003440 secs] [Times: user=0.00 sys=0.00, real=0.00 secs] 
255.877: Total time for which application threads were stopped: 0.0004800 seconds, Stopping threads took: 0.0000760 seconds
255.936: Application time: 0.0586800 seconds
255.936: [GC [PSYoungGen: 13822K->384K(14848K)] 33530K->20092K(41472K), 0.0004040 secs] [Times: user=0.00 sys=0.00, real=0.00 secs] 
255.937: Total time for which application threads were stopped: 0.0005240 seconds, Stopping threads took: 0.0000610 seconds
255.996: Application time: 0.0597190 seconds
255.996: [GC [PSYoungGen: 14205K->352K(14848K)] 33914K->20308K(41472K), 0.0004330 secs] [Times: user=0.00 sys=0.00, real=0.00 secs] 
255.997: Total time for which application threads were stopped: 0.0005470 seconds, Stopping threads took: 0.0000540 seconds
256.053: Application time: 0.0559440 seconds
256.053: [GC [PSYoungGen: 14175K->480K(14848K)] 34131K->20500K(41472K), 0.0004150 secs] [Times: user=0.00 sys=0.00, real=0.00 secs] 
256.053: Total time for which application threads were stopped: 0.0005130 seconds, Stopping threads took: 0.0000400 seconds
256.099: Application time: 0.0460990 seconds
256.100: [GC [PSYoungGen: 14299K->384K(14848K)] 34320K->20628K(41472K), 0.0004560 secs] [Times: user=0.00 sys=0.00, real=0.00 secs] 
256.100: Total time for which application threads were stopped: 0.0005780 seconds, Stopping threads took: 0.0000620 seconds
256.161: Application time: 0.0605120 seconds
256.161: [GC [PSYoungGen: 14207K->352K(14848K)] 34452K->20660K(41472K), 0.0004050 secs] [Times: user=0.00 sys=0.00, real=0.00 secs] 
256.161: Total time for which application threads were stopped: 0.0005400 seconds, Stopping threads took: 0.0000720 seconds
256.215: Application time: 0.0536680 seconds
256.215: [GC [PSYoungGen: 14173K->384K(14848K)] 34482K->20913K(41472K), 0.0004350 secs] [Times: user=0.00 sys=0.00, real=0.00 secs] 
256.215: Total time for which application threads were stopped: 0.0005480 seconds, Stopping threads took: 0.0000490 seconds
256.257: Application time: 0.0415450 seconds
256.257: [GC [PSYoungGen: 14203K->576K(14848K)] 34733K->21153K(41472K), 0.0004410 secs] [Times: user=0.00 sys=0.00, real=0.00 secs] 
256.257: Total time for which application threads were stopped: 0.0005510 seconds, Stopping threads took: 0.0000460 seconds
256.304: Application time: 0.0468840 seconds
256.304: [GC [PSYoungGen: 14397K->352K(14848K)] 34974K->21157K(41472K), 0.0004580 secs] [Times: user=0.00 sys=0.00, real=0.00 secs] 
256.305: Total time for which application threads were stopped: 0.0005990 seconds, Stopping threads took: 0.0000770 seconds
256.362: Application time: 0.0575450 seconds
256.363: [GC [PSYoungGen: 14175K->480K(14848K)] 34981K->21301K(41472K), 0.0004130 secs] [Times: user=0.00 sys=0.00, real=0.00 secs] 
256.363: Total time for which application threads were stopped: 0.0005510 seconds, Stopping threads took: 0.0000790 seconds
256.414: Application time: 0.0505530 seconds
256.414: [GC [PSYoungGen: 14302K->416K(14848K)] 35124K->21682K(41472K), 0.0004370 secs] [Times: user=0.00 sys=0.00, real=0.00 secs] 
256.414: Total time for which application threads were stopped: 0.0005600 seconds, Stopping threads took: 0.0000640 seconds
256.464: Application time: 0.0503810 seconds
256.465: [GC [PSYoungGen: 14237K->352K(14848K)] 35503K->21626K(41472K), 0.0003800 secs] [Times: user=0.00 sys=0.00, real=0.00 secs] 
256.465: Total time for which application threads were stopped: 0.0005100 seconds, Stopping threads took: 0.0000680 seconds
256.509: Application time: 0.0439590 seconds
256.509: [GC [PSYoungGen: 14175K->704K(14848K)] 35449K->22034K(41472K), 0.0004740 secs] [Times: user=0.00 sys=0.00, real=0.00 secs] 
256.510: Total time for which application threads were stopped: 0.0005700 seconds, Stopping threads took: 0.0000350 seconds
256.563: Application time: 0.0534680 seconds
256.563: [GC [PSYoungGen: 14525K->480K(14848K)] 35855K->22247K(41472K), 0.0005100 secs] [Times: user=0.00 sys=0.00, real=0.01 secs] 
256.565: Total time for which application threads were stopped: 0.0017430 seconds, Stopping threads took: 0.0000690 seconds
256.609: Application time: 0.0439880 seconds
256.609: [GC [PSYoungGen: 14301K->544K(14848K)] 36068K->22327K(41472K), 0.0004440 secs] [Times: user=0.00 sys=0.00, real=0.00 secs] 
256.609: Total time for which application threads were stopped: 0.0005540 seconds, Stopping threads took: 0.0000510 seconds
256.667: Application time: 0.0578220 seconds
256.667: [GC [PSYoungGen: 14364K->576K(14848K)] 36147K->22611K(41472K), 0.0004800 secs] [Times: user=0.01 sys=0.00, real=0.00 secs] 
256.668: Total time for which application threads were stopped: 0.0005930 seconds, Stopping threads took: 0.0000490 seconds
256.728: Application time: 0.0599130 seconds
256.728: [GC [PSYoungGen: 14398K->256K(14848K)] 36434K->22699K(41472K), 0.0005430 secs] [Times: user=0.00 sys=0.00, real=0.00 secs] 
256.728: Total time for which application threads were stopped: 0.0006930 seconds, Stopping threads took: 0.0000740 seconds
256.789: Application time: 0.0605440 seconds
256.789: [GC [PSYoungGen: 14079K->0K(14848K)] 36523K->22659K(41472K), 0.0004500 secs] [Times: user=0.01 sys=0.00, real=0.00 secs] 
256.789: Total time for which application threads were stopped: 0.0005870 seconds, Stopping threads took: 0.0000750 seconds
256.848: Application time: 0.0587410 seconds
256.852: [GC [PSYoungGen: 13823K->384K(14848K)] 36483K->23043K(41472K), 0.0004110 secs] [Times: user=0.00 sys=0.00, real=0.00 secs] 
256.852: Total time for which application threads were stopped: 0.0040950 seconds, Stopping threads took: 0.0036210 seconds
256.913: Application time: 0.0607970 seconds
256.913: [GC [PSYoungGen: 14207K->0K(14848K)] 36867K->22875K(41472K), 0.0004240 secs] [Times: user=0.00 sys=0.00, real=0.00 secs] 
256.914: Total time for which application threads were stopped: 0.0005510 seconds, Stopping threads took: 0.0000660 seconds
256.974: Application time: 0.0600480 seconds
256.974: [GC [PSYoungGen: 13820K->416K(14848K)] 36696K->23291K(41472K), 0.0004180 secs] [Times: user=0.00 sys=0.00, real=0.00 secs] 
256.974: Total time for which application threads were stopped: 0.0005280 seconds, Stopping threads took: 0.0000500 seconds
257.034: Application time: 0.0595540 seconds
257.034: [GC [PSYoungGen: 14237K->416K(14848K)] 37112K->23499K(41472K), 0.0004210 secs] [Times: user=0.00 sys=0.00, real=0.00 secs] 
257.034: Total time for which application threads were stopped: 0.0005440 seconds, Stopping threads took: 0.0000650 seconds
257.096: Application time: 0.0613350 seconds
257.096: [GC [PSYoungGen: 14237K->0K(14848K)] 37321K->23304K(41472K), 0.0004120 secs] [Times: user=0.00 sys=0.00, real=0.00 secs] 
257.096: Total time for which application threads were stopped: 0.0005400 seconds, Stopping threads took: 0.0000690 seconds
257.157: Application time: 0.0612880 seconds
257.158: [GC [PSYoungGen: 13819K->0K(14848K)] 37124K->23304K(41472K), 0.0003770 secs] [Times: user=0.00 sys=0.00, real=0.00 secs] 
257.158: Total time for which application threads were stopped: 0.0004850 seconds, Stopping threads took: 0.0000460 seconds
257.211: Application time: 0.0532540 seconds
257.212: [GC [PSYoungGen: 13823K->384K(14848K)] 37128K->23688K(41472K), 0.0004010 secs] [Times: user=0.00 sys=0.00, real=0.00 secs] 
257.212: Total time for which application threads were stopped: 0.0010430 seconds, Stopping threads took: 0.0005840 seconds
257.262: Application time: 0.0493070 seconds
257.262: [GC [PSYoungGen: 14205K->352K(14848K)] 37509K->23672K(41472K), 0.0004470 secs] [Times: user=0.00 sys=0.00, real=0.00 secs] 
257.262: Total time for which application threads were stopped: 0.0005970 seconds, Stopping threads took: 0.0000760 seconds
257.306: Application time: 0.0435440 seconds
257.306: [GC [PSYoungGen: 14173K->320K(14848K)] 37494K->23856K(41472K), 0.0004890 secs] [Times: user=0.00 sys=0.00, real=0.00 secs] 
257.306: Total time for which application threads were stopped: 0.0006040 seconds, Stopping threads took: 0.0000510 seconds
257.363: Application time: 0.0564400 seconds
257.363: [GC [PSYoungGen: 14143K->544K(14848K)] 37679K->24096K(41472K), 0.0004380 secs] [Times: user=0.00 sys=0.00, real=0.00 secs] 
257.363: Total time for which application threads were stopped: 0.0005570 seconds, Stopping threads took: 0.0000600 seconds
257.423: Application time: 0.0596500 seconds
257.423: [GC [PSYoungGen: 14367K->288K(14848K)] 37920K->24060K(41472K), 0.0004480 secs] [Times: user=0.00 sys=0.00, real=0.00 secs] 
257.424: Total time for which application threads were stopped: 0.0005720 seconds, Stopping threads took: 0.0000630 seconds
257.490: Application time: 0.0666250 seconds
257.490: [GC [PSYoungGen: 14111K->0K(14848K)] 37884K->24116K(41472K), 0.0004290 secs] [Times: user=0.00 sys=0.00, real=0.00 secs] 
257.491: Total time for which application threads were stopped: 0.0005420 seconds, Stopping threads took: 0.0000540 seconds
257.551: Application time: 0.0605340 seconds
257.551: [GC [PSYoungGen: 13823K->0K(14848K)] 37940K->24116K(41472K), 0.0004090 secs] [Times: user=0.00 sys=0.00, real=0.01 secs] 
257.552: Total time for which application threads were stopped: 0.0005480 seconds, Stopping threads took: 0.0000730 seconds
257.613: Application time: 0.0608650 seconds
257.613: [GC [PSYoungGen: 13823K->0K(14848K)] 37940K->24116K(41472K), 0.0003690 secs] [Times: user=0.01 sys=0.00, real=0.00 secs] 
257.613: Total time for which application threads were stopped: 0.0004950 seconds, Stopping threads took: 0.0000570 seconds
257.673: Application time: 0.0597890 seconds
257.673: [GC [PSYoungGen: 13823K->352K(14848K)] 37940K->24468K(41472K), 0.0003780 secs] [Times: user=0.01 sys=0.00, real=0.00 secs] 
257.673: Total time for which application threads were stopped: 0.0004880 seconds, Stopping threads took: 0.0000500 seconds
257.731: Application time: 0.0575450 seconds
257.731: [GC [PSYoungGen: 14171K->576K(14848K)] 38288K->24700K(41472K), 0.0004460 secs] [Times: user=0.01 sys=0.00, real=0.00 secs] 
257.732: Total time for which application threads were stopped: 0.0005830 seconds, Stopping threads took: 0.0000730 seconds
257.781: Application time: 0.0490130 seconds
257.781: [GC [PSYoungGen: 14395K->288K(14848K)] 38520K->24878K(41472K), 0.0005080 secs] [Times: user=0.00 sys=0.00, real=0.00 secs] 
257.781: Total time for which application threads were stopped: 0.0006490 seconds, Stopping threads took: 0.0000690 seconds
257.834: Application time: 0.0530180 seconds
257.834: [GC [PSYoungGen: 14111K->288K(14848K)] 38701K->24894K(41472K), 0.0004340 secs] [Times: user=0.01 sys=0.00, real=0.00 secs] 
257.835: Total time for which application threads were stopped: 0.0005760 seconds, Stopping threads took: 0.0000810 seconds
257.895: Application time: 0.0597870 seconds
257.895: [GC [PSYoungGen: 14111K->384K(14848K)] 38717K->25062K(41472K), 0.0004290 secs] [Times: user=0.00 sys=0.00, real=0.00 secs] 
257.895: Total time for which application threads were stopped: 0.0005530 seconds, Stopping threads took: 0.0000580 seconds
257.942: Application time: 0.0464320 seconds
257.942: [GC [PSYoungGen: 14206K->352K(14848K)] 38884K->25254K(41472K), 0.0004220 secs] [Times: user=0.00 sys=0.00, real=0.00 secs] 
257.942: Total time for which application threads were stopped: 0.0005270 seconds, Stopping threads took: 0.0000450 seconds
257.989: Application time: 0.0468560 seconds
257.989: [GC [PSYoungGen: 14174K->544K(14848K)] 39076K->25502K(41472K), 0.0004450 secs] [Times: user=0.00 sys=0.00, real=0.00 secs] 
257.990: Total time for which application threads were stopped: 0.0005600 seconds, Stopping threads took: 0.0000560 seconds
258.039: Application time: 0.0490490 seconds
258.039: Total time for which application threads were stopped: 0.0000740 seconds, Stopping threads took: 0.0000480 seconds
258.039: Application time: 0.0002230 seconds
258.039: [GC [PSYoungGen: 14367K->512K(14848K)] 39357K->25525K(41472K), 0.0004290 secs] [Times: user=0.00 sys=0.00, real=0.00 secs] 
258.039: Total time for which application threads were stopped: 0.0004840 seconds, Stopping threads took: 0.0000070 seconds
258.099: Application time: 0.0600090 seconds
258.100: [GC [PSYoungGen: 14333K->368K(14848K)] 39632K->25886K(41472K), 0.0004230 secs] [Times: user=0.00 sys=0.00, real=0.00 secs] 
258.100: Total time for which application threads were stopped: 0.0005370 seconds, Stopping threads took: 0.0000580 seconds
258.152: Application time: 0.0517890 seconds
258.152: [GC [PSYoungGen: 14189K->416K(14848K)] 39708K->26195K(41472K), 0.0004260 secs] [Times: user=0.00 sys=0.00, real=0.00 secs] 
258.152: Total time for which application threads were stopped: 0.0005710 seconds, Stopping threads took: 0.0000860 seconds
258.200: Application time: 0.0474510 seconds
258.200: [GC [PSYoungGen: 14237K->576K(14848K)] 40016K->26371K(41472K), 0.0004880 secs] [Times: user=0.00 sys=0.00, real=0.00 secs] 
258.200: Total time for which application threads were stopped: 0.0006050 seconds, Stopping threads took: 0.0000520 seconds
258.245: Application time: 0.0448690 seconds
258.245: [GC [PSYoungGen: 14398K->576K(14848K)] 40193K->26624K(41472K), 0.0005140 secs] [Times: user=0.00 sys=0.00, real=0.00 secs] 
258.246: Total time for which application threads were stopped: 0.0006400 seconds, Stopping threads took: 0.0000660 seconds
258.292: Application time: 0.0457010 seconds
258.292: [GC [PSYoungGen: 14398K->576K(14848K)] 40446K->26884K(41472K), 0.0007000 secs] [Times: user=0.00 sys=0.00, real=0.01 secs] 
258.292: [Full GC [PSYoungGen: 576K->0K(14848K)] [ParOldGen: 26308K->4422K(27136K)] 26884K->4422K(41984K) [PSPermGen: 5578K->5578K(21504K)], 0.0056220 secs] [Times: user=0.02 sys=0.00, real=0.00 secs] 
258.298: Total time for which application threads were stopped: 0.0065090 seconds, Stopping threads took: 0.0000620 seconds
258.346: Application time: 0.0479330 seconds
258.346: [GC [PSYoungGen: 13822K->704K(14848K)] 18245K->5126K(41984K), 0.0004840 secs] [Times: user=0.00 sys=0.00, real=0.00 secs] 
258.347: Total time for which application threads were stopped: 0.0006010 seconds, Stopping threads took: 0.0000590 seconds
258.404: Application time: 0.0570870 seconds
258.404: [GC [PSYoungGen: 14526K->704K(14848K)] 18949K->5355K(41984K), 0.0004320 secs] [Times: user=0.01 sys=0.00, real=0.00 secs] 
258.404: Total time for which application threads were stopped: 0.0005620 seconds, Stopping threads took: 0.0000690 seconds
258.464: Application time: 0.0598430 seconds
258.464: [GC [PSYoungGen: 14526K->288K(14848K)] 19178K->5476K(41984K), 0.0004620 secs] [Times: user=0.00 sys=0.00, real=0.00 secs] 
258.465: Total time for which application threads were stopped: 0.0005760 seconds, Stopping threads took: 0.0000550 seconds
258.526: Application time: 0.0608440 seconds
258.526: [GC [PSYoungGen: 14111K->0K(14336K)] 19300K->5400K(41472K), 0.0004220 secs] [Times: user=0.00 sys=0.00, real=0.00 secs] 
258.526: Total time for which application threads were stopped: 0.0005550 seconds, Stopping threads took: 0.0000710 seconds
258.585: Application time: 0.0588490 seconds
258.585: [GC [PSYoungGen: 13823K->384K(14848K)] 19224K->5784K(41984K), 0.0004190 secs] [Times: user=0.00 sys=0.00, real=0.00 secs] 
258.586: Total time for which application threads were stopped: 0.0005380 seconds, Stopping threads took: 0.0000560 seconds
258.646: Application time: 0.0603600 seconds
258.646: [GC [PSYoungGen: 14207K->352K(14336K)] 19608K->5973K(41472K), 0.0003850 secs] [Times: user=0.00 sys=0.00, real=0.00 secs] 
258.646: Total time for which application threads were stopped: 0.0005100 seconds, Stopping threads took: 0.0000630 seconds
258.706: Application time: 0.0593430 seconds
258.708: [GC [PSYoungGen: 14175K->544K(14848K)] 19797K->6181K(41984K), 0.0003740 secs] [Times: user=0.00 sys=0.00, real=0.00 secs] 
258.708: Total time for which application threads were stopped: 0.0025190 seconds, Stopping threads took: 0.0020810 seconds
258.769: Application time: 0.0607460 seconds
258.772: [GC [PSYoungGen: 14364K->448K(14336K)] 20002K->6301K(41472K), 0.0005480 secs] [Times: user=0.00 sys=0.00, real=0.00 secs] 
258.772: Total time for which application threads were stopped: 0.0034330 seconds, Stopping threads took: 0.0028170 seconds
258.834: Application time: 0.0615730 seconds
258.834: [GC [PSYoungGen: 14267K->0K(14848K)] 20121K->6074K(41984K), 0.0003500 secs] [Times: user=0.00 sys=0.00, real=0.00 secs] 
258.835: Total time for which application threads were stopped: 0.0004980 seconds, Stopping threads took: 0.0000770 seconds
258.896: Application time: 0.0614940 seconds
258.896: [GC [PSYoungGen: 13819K->0K(14336K)] 19893K->6074K(41472K), 0.0003730 secs] [Times: user=0.00 sys=0.00, real=0.00 secs] 
258.897: Total time for which application threads were stopped: 0.0005040 seconds, Stopping threads took: 0.0000670 seconds
258.958: Application time: 0.0618250 seconds
258.960: [GC [PSYoungGen: 13823K->0K(14848K)] 19897K->6074K(41984K), 0.0003820 secs] [Times: user=0.00 sys=0.00, real=0.00 secs] 
258.960: Total time for which application threads were stopped: 0.0019370 seconds, Stopping threads took: 0.0014920 seconds
259.007: Application time: 0.0468790 seconds
259.007: [GC [PSYoungGen: 13822K->384K(14336K)] 19896K->6458K(41472K), 0.0004310 secs] [Times: user=0.00 sys=0.00, real=0.00 secs] 
259.008: Total time for which application threads were stopped: 0.0005620 seconds, Stopping threads took: 0.0000690 seconds
259.048: Application time: 0.0400680 seconds
259.048: [GC [PSYoungGen: 14203K->544K(14848K)] 20277K->6626K(41984K), 0.0003930 secs] [Times: user=0.00 sys=0.00, real=0.00 secs] 
259.048: Total time for which application threads were stopped: 0.0005210 seconds, Stopping threads took: 0.0000590 seconds
259.103: Application time: 0.0547110 seconds
259.103: [GC [PSYoungGen: 14366K->480K(14848K)] 20449K->6570K(41984K), 0.0004190 secs] [Times: user=0.00 sys=0.00, real=0.00 secs] 
259.104: Total time for which application threads were stopped: 0.0005570 seconds, Stopping threads took: 0.0000730 seconds
259.163: Application time: 0.0595920 seconds
259.163: [GC [PSYoungGen: 14301K->352K(14848K)] 20391K->6670K(41984K), 0.0004180 secs] [Times: user=0.00 sys=0.00, real=0.00 secs] 
259.164: Total time for which application threads were stopped: 0.0005440 seconds, Stopping threads took: 0.0000630 seconds
259.224: Application time: 0.0607460 seconds
259.225: [GC [PSYoungGen: 14175K->0K(14848K)] 20494K->6547K(41984K), 0.0003670 secs] [Times: user=0.00 sys=0.00, real=0.00 secs] 
259.225: Total time for which application threads were stopped: 0.0004830 seconds, Stopping threads took: 0.0000500 seconds
259.286: Application time: 0.0606920 seconds
259.286: [GC [PSYoungGen: 13823K->0K(14848K)] 20370K->6547K(41984K), 0.0003360 secs] [Times: user=0.00 sys=0.00, real=0.00 secs] 
259.286: Total time for which application threads were stopped: 0.0004620 seconds, Stopping threads took: 0.0000630 seconds
259.347: Application time: 0.0607830 seconds
259.347: [GC [PSYoungGen: 13823K->0K(14848K)] 20370K->6547K(41984K), 0.0003250 secs] [Times: user=0.00 sys=0.00, real=0.00 secs] 
259.347: Total time for which application threads were stopped: 0.0004570 seconds, Stopping threads took: 0.0000560 seconds
259.407: Application time: 0.0599260 seconds
259.407: [GC [PSYoungGen: 13821K->352K(14848K)] 20368K->6899K(41984K), 0.0004200 secs] [Times: user=0.00 sys=0.00, real=0.00 secs] 
259.408: Total time for which application threads were stopped: 0.0005250 seconds, Stopping threads took: 0.0000460 seconds
259.462: Application time: 0.0540960 seconds
259.462: [GC [PSYoungGen: 14171K->736K(14848K)] 20718K->7291K(41984K), 0.0004890 secs] [Times: user=0.00 sys=0.00, real=0.00 secs] 
259.463: Total time for which application threads were stopped: 0.0006120 seconds, Stopping threads took: 0.0000630 seconds
259.507: Application time: 0.0445380 seconds
259.507: [GC [PSYoungGen: 14555K->384K(14848K)] 21110K->7404K(41984K), 0.0004480 secs] [Times: user=0.00 sys=0.00, real=0.00 secs] 
259.508: Total time for which application threads were stopped: 0.0005760 seconds, Stopping threads took: 0.0000660 seconds
259.568: Application time: 0.0605610 seconds
259.568: [GC [PSYoungGen: 14207K->352K(14848K)] 21227K->7436K(41984K), 0.0003960 secs] [Times: user=0.00 sys=0.00, real=0.00 secs] 
259.569: Total time for which application threads were stopped: 0.0005270 seconds, Stopping threads took: 0.0000710 seconds
259.630: Application time: 0.0608990 seconds
259.630: [GC [PSYoungGen: 14173K->0K(14848K)] 21258K->7312K(41984K), 0.0003700 secs] [Times: user=0.00 sys=0.00, real=0.00 secs] 
259.630: Total time for which application threads were stopped: 0.0004950 seconds, Stopping threads took: 0.0000610 seconds
259.675: Application time: 0.0446800 seconds
259.675: [GC [PSYoungGen: 13819K->288K(14848K)] 21132K->7600K(41984K), 0.0004630 secs] [Times: user=0.00 sys=0.00, real=0.00 secs] 
259.675: Total time for which application threads were stopped: 0.0005790 seconds, Stopping threads took: 0.0000520 seconds
259.720: Application time: 0.0449760 seconds
259.720: [GC [PSYoungGen: 14110K->480K(14848K)] 21422K->7840K(41984K), 0.0004900 secs] [Times: user=0.00 sys=0.00, real=0.00 secs] 
259.721: Total time for which application threads were stopped: 0.0005960 seconds, Stopping threads took: 0.0000490 seconds
259.773: Application time: 0.0521740 seconds
259.773: [GC [PSYoungGen: 14302K->544K(14848K)] 21663K->7928K(41984K), 0.0003810 secs] [Times: user=0.01 sys=0.00, real=0.00 secs] 
259.774: Total time for which application threads were stopped: 0.0004890 seconds, Stopping threads took: 0.0000490 seconds
259.832: Application time: 0.0588680 seconds
259.833: [GC [PSYoungGen: 14367K->352K(14848K)] 21752K->7965K(41984K), 0.0004090 secs] [Times: user=0.01 sys=0.00, real=0.00 secs] 
259.833: Total time for which application threads were stopped: 0.0005380 seconds, Stopping threads took: 0.0000700 seconds
259.887: Application time: 0.0537400 seconds
259.887: [GC [PSYoungGen: 14066K->416K(14848K)] 21679K->8290K(41984K), 0.0004220 secs] [Times: user=0.01 sys=0.00, real=0.00 secs] 
259.887: Total time for which application threads were stopped: 0.0005660 seconds, Stopping threads took: 0.0000770 seconds
259.933: Application time: 0.0453670 seconds
259.933: [GC [PSYoungGen: 14236K->544K(14848K)] 22110K->8434K(41984K), 0.0003950 secs] [Times: user=0.00 sys=0.00, real=0.00 secs] 
259.933: Total time for which application threads were stopped: 0.0005140 seconds, Stopping threads took: 0.0000600 seconds
259.976: Application time: 0.0429250 seconds
259.976: [GC [PSYoungGen: 14364K->384K(14848K)] 22254K->8843K(41984K), 0.0004740 secs] [Times: user=0.00 sys=0.00, real=0.00 secs] 
259.977: Total time for which application threads were stopped: 0.0006050 seconds, Stopping threads took: 0.0000650 seconds
260.020: Application time: 0.0434010 seconds
260.020: [GC [PSYoungGen: 14205K->736K(14848K)] 22664K->9243K(41984K), 0.0005320 secs] [Times: user=0.00 sys=0.00, real=0.00 secs] 
260.021: Total time for which application threads were stopped: 0.0006460 seconds, Stopping threads took: 0.0000520 seconds
260.072: Application time: 0.0509240 seconds
260.072: [GC [PSYoungGen: 14559K->672K(14848K)] 23066K->9415K(41984K), 0.0004790 secs] [Times: user=0.00 sys=0.00, real=0.00 secs] 
260.072: Total time for which application threads were stopped: 0.0006060 seconds, Stopping threads took: 0.0000660 seconds
260.129: Application time: 0.0564790 seconds
260.132: [GC [PSYoungGen: 14494K->736K(14848K)] 23238K->9695K(41984K), 0.0004780 secs] [Times: user=0.00 sys=0.00, real=0.00 secs] 
260.132: Total time for which application threads were stopped: 0.0035320 seconds, Stopping threads took: 0.0029930 seconds
260.194: Application time: 0.0613390 seconds
260.194: [GC [PSYoungGen: 14559K->0K(14848K)] 23519K->9584K(41984K), 0.0004420 secs] [Times: user=0.00 sys=0.00, real=0.00 secs] 
260.194: Total time for which application threads were stopped: 0.0005840 seconds, Stopping threads took: 0.0000770 seconds
260.255: Application time: 0.0607000 seconds
260.255: [GC [PSYoungGen: 13823K->0K(14848K)] 23408K->9584K(41984K), 0.0003680 secs] [Times: user=0.01 sys=0.00, real=0.00 secs] 
260.255: Total time for which application threads were stopped: 0.0005000 seconds, Stopping threads took: 0.0000700 seconds
260.315: Application time: 0.0590340 seconds
260.315: [GC [PSYoungGen: 13823K->384K(14336K)] 23408K->9968K(41472K), 0.0004140 secs] [Times: user=0.00 sys=0.00, real=0.00 secs] 
260.315: Total time for which application threads were stopped: 0.0005370 seconds, Stopping threads took: 0.0000590 seconds
260.374: Application time: 0.0590580 seconds
260.374: [GC [PSYoungGen: 14207K->416K(14848K)] 23792K->10221K(41984K), 0.0004210 secs] [Times: user=0.00 sys=0.00, real=0.00 secs] 
260.375: Total time for which application threads were stopped: 0.0005470 seconds, Stopping threads took: 0.0000610 seconds
260.435: Application time: 0.0601540 seconds
260.435: [GC [PSYoungGen: 14239K->352K(14848K)] 24045K->10381K(41984K), 0.0004190 secs] [Times: user=0.00 sys=0.00, real=0.00 secs] 
260.435: Total time for which application threads were stopped: 0.0005550 seconds, Stopping threads took: 0.0000620 seconds
260.496: Application time: 0.0607790 seconds
260.496: [GC [PSYoungGen: 14175K->352K(14848K)] 24205K->10413K(41984K), 0.0004090 secs] [Times: user=0.00 sys=0.00, real=0.00 secs] 
260.497: Total time for which application threads were stopped: 0.0005480 seconds, Stopping threads took: 0.0000690 seconds
260.558: Application time: 0.0615990 seconds
260.558: [GC [PSYoungGen: 14173K->0K(14848K)] 24235K->10277K(41984K), 0.0004340 secs] [Times: user=0.00 sys=0.00, real=0.00 secs] 
260.559: Total time for which application threads were stopped: 0.0005550 seconds, Stopping threads took: 0.0000490 seconds
260.620: Application time: 0.0614420 seconds
260.620: [GC [PSYoungGen: 13821K->0K(14848K)] 24099K->10277K(41984K), 0.0003880 secs] [Times: user=0.00 sys=0.00, real=0.00 secs] 
260.621: Total time for which application threads were stopped: 0.0004960 seconds, Stopping threads took: 0.0000500 seconds
260.682: Application time: 0.0611630 seconds
260.682: [GC [PSYoungGen: 13819K->0K(14848K)] 24097K->10277K(41984K), 0.0003680 secs] [Times: user=0.00 sys=0.00, real=0.00 secs] 
260.682: Total time for which application threads were stopped: 0.0005060 seconds, Stopping threads took: 0.0000750 seconds
260.728: Application time: 0.0453860 seconds
260.728: [GC [PSYoungGen: 13821K->512K(14848K)] 24099K->10789K(41984K), 0.0004360 secs] [Times: user=0.00 sys=0.00, real=0.00 secs] 
260.728: Total time for which application threads were stopped: 0.0005380 seconds, Stopping threads took: 0.0000390 seconds
260.767: Application time: 0.0387530 seconds
260.767: [GC [PSYoungGen: 14332K->512K(14848K)] 24609K->10821K(41984K), 0.0003970 secs] [Times: user=0.01 sys=0.00, real=0.00 secs] 
260.768: Total time for which application threads were stopped: 0.0005240 seconds, Stopping threads took: 0.0000640 seconds
260.826: Application time: 0.0585070 seconds
260.826: [GC [PSYoungGen: 14335K->512K(14848K)] 24644K->10837K(41984K), 0.0003940 secs] [Times: user=0.00 sys=0.00, real=0.00 secs] 
260.827: Total time for which application threads were stopped: 0.0005070 seconds, Stopping threads took: 0.0000510 seconds
260.887: Application time: 0.0599570 seconds
260.887: [GC [PSYoungGen: 14335K->352K(14848K)] 24661K->10906K(41984K), 0.0004350 secs] [Times: user=0.00 sys=0.00, real=0.00 secs] 
260.887: Total time for which application threads were stopped: 0.0005680 seconds, Stopping threads took: 0.0000690 seconds
260.948: Application time: 0.0609450 seconds
260.948: [GC [PSYoungGen: 14175K->0K(14848K)] 24729K->10790K(41984K), 0.0003960 secs] [Times: user=0.00 sys=0.00, real=0.00 secs] 
260.949: Total time for which application threads were stopped: 0.0005170 seconds, Stopping threads took: 0.0000480 seconds
261.009: Application time: 0.0607500 seconds
261.010: [GC [PSYoungGen: 13823K->0K(14848K)] 24614K->10790K(41984K), 0.0003580 secs] [Times: user=0.00 sys=0.00, real=0.00 secs] 
261.010: Total time for which application threads were stopped: 0.0004840 seconds, Stopping threads took: 0.0000640 seconds
261.072: Application time: 0.0617670 seconds
261.072: [GC [PSYoungGen: 13821K->0K(14848K)] 24611K->10790K(41984K), 0.0003400 secs] [Times: user=0.00 sys=0.00, real=0.00 secs] 
261.072: Total time for which application threads were stopped: 0.0004560 seconds, Stopping threads took: 0.0000580 seconds
261.131: Application time: 0.0585230 seconds
261.131: [GC [PSYoungGen: 13819K->384K(14848K)] 24610K->11174K(41984K), 0.0003690 secs] [Times: user=0.00 sys=0.00, real=0.00 secs] 
261.131: Total time for which application threads were stopped: 0.0005010 seconds, Stopping threads took: 0.0000720 seconds
261.178: Application time: 0.0468430 seconds
261.178: [GC [PSYoungGen: 14206K->544K(14848K)] 24997K->11583K(41984K), 0.0005030 secs] [Times: user=0.00 sys=0.00, real=0.00 secs] 
261.179: Total time for which application threads were stopped: 0.0006200 seconds, Stopping threads took: 0.0000530 seconds
261.231: Application time: 0.0526100 seconds
261.231: [GC [PSYoungGen: 14365K->352K(14848K)] 25404K->11655K(41984K), 0.0004390 secs] [Times: user=0.01 sys=0.00, real=0.01 secs] 
261.232: Total time for which application threads were stopped: 0.0005490 seconds, Stopping threads took: 0.0000500 seconds
261.294: Application time: 0.0619230 seconds
261.294: [GC [PSYoungGen: 14175K->352K(14848K)] 25478K->11719K(41984K), 0.0004060 secs] [Times: user=0.00 sys=0.00, real=0.00 secs] 
261.294: Total time for which application threads were stopped: 0.0005380 seconds, Stopping threads took: 0.0000670 seconds
261.355: Application time: 0.0609210 seconds
261.355: [GC [PSYoungGen: 14173K->0K(14848K)] 25541K->11583K(41984K), 0.0004410 secs] [Times: user=0.01 sys=0.00, real=0.00 secs] 
261.356: Total time for which application threads were stopped: 0.0005770 seconds, Stopping threads took: 0.0000640 seconds
261.409: Application time: 0.0531800 seconds
261.409: [GC [PSYoungGen: 13821K->384K(14848K)] 25405K->11967K(41984K), 0.0003930 secs] [Times: user=0.00 sys=0.00, real=0.00 secs] 
261.409: Total time for which application threads were stopped: 0.0005030 seconds, Stopping threads took: 0.0000490 seconds
261.444: Application time: 0.0340290 seconds
261.444: [GC [PSYoungGen: 14205K->512K(14848K)] 25788K->12143K(41984K), 0.0004130 secs] [Times: user=0.01 sys=0.00, real=0.01 secs] 
261.444: Total time for which application threads were stopped: 0.0005240 seconds, Stopping threads took: 0.0000520 seconds
261.499: Application time: 0.0549330 seconds
261.499: [GC [PSYoungGen: 14335K->320K(14848K)] 25966K->12171K(41984K), 0.0004420 secs] [Times: user=0.01 sys=0.00, real=0.00 secs] 
261.500: Total time for which application threads were stopped: 0.0005770 seconds, Stopping threads took: 0.0000590 seconds
261.557: Application time: 0.0577430 seconds
261.557: [GC [PSYoungGen: 14143K->544K(14848K)] 25995K->12411K(41984K), 0.0004280 secs] [Times: user=0.00 sys=0.00, real=0.00 secs] 
261.558: Total time for which application threads were stopped: 0.0005320 seconds, Stopping threads took: 0.0000450 seconds
261.614: Application time: 0.0558150 seconds
261.614: [GC [PSYoungGen: 14367K->480K(14848K)] 26235K->12788K(41984K), 0.0005550 secs] [Times: user=0.00 sys=0.00, real=0.00 secs] 
261.615: Total time for which application threads were stopped: 0.0018430 seconds, Stopping threads took: 0.0000760 seconds
261.654: Application time: 0.0382100 seconds
261.654: [GC [PSYoungGen: 14303K->576K(14848K)] 26611K->13121K(41984K), 0.0004810 secs] [Times: user=0.00 sys=0.00, real=0.00 secs] 
261.654: Total time for which application threads were stopped: 0.0005830 seconds, Stopping threads took: 0.0000440 seconds
261.700: Application time: 0.0452270 seconds
261.700: [GC [PSYoungGen: 14397K->544K(14848K)] 26942K->13161K(41984K), 0.0004320 secs] [Times: user=0.00 sys=0.00, real=0.00 secs] 
261.700: Total time for which application threads were stopped: 0.0005620 seconds, Stopping threads took: 0.0000700 seconds
261.746: Application time: 0.0456350 seconds
261.746: [GC [PSYoungGen: 14365K->576K(14848K)] 26983K->13437K(41984K), 0.0004520 secs] [Times: user=0.00 sys=0.00, real=0.00 secs] 
261.746: Total time for which application threads were stopped: 0.0005840 seconds, Stopping threads took: 0.0000740 seconds
261.798: Application time: 0.0515920 seconds
261.798: [GC [PSYoungGen: 14398K->512K(14848K)] 27260K->13634K(41984K), 0.0004460 secs] [Times: user=0.00 sys=0.00, real=0.00 secs] 
261.798: Total time for which application threads were stopped: 0.0005780 seconds, Stopping threads took: 0.0000640 seconds
261.854: Application time: 0.0552910 seconds
261.854: [GC [PSYoungGen: 14336K->704K(14848K)] 27458K->14038K(41984K), 0.0004750 secs] [Times: user=0.00 sys=0.00, real=0.00 secs] 
261.854: Total time for which application threads were stopped: 0.0005950 seconds, Stopping threads took: 0.0000580 seconds
261.915: Application time: 0.0602800 seconds
261.915: [GC [PSYoungGen: 14527K->0K(14848K)] 27862K->14064K(41984K), 0.0005040 secs] [Times: user=0.01 sys=0.00, real=0.00 secs] 
261.915: Total time for which application threads were stopped: 0.0006070 seconds, Stopping threads took: 0.0000440 seconds
261.976: Application time: 0.0603230 seconds
261.976: [GC [PSYoungGen: 13821K->0K(14848K)] 27885K->14064K(41984K), 0.0004230 secs] [Times: user=0.00 sys=0.00, real=0.00 secs] 
261.976: Total time for which application threads were stopped: 0.0005340 seconds, Stopping threads took: 0.0000530 seconds
262.036: Application time: 0.0596190 seconds
262.036: [GC [PSYoungGen: 13821K->288K(14848K)] 27885K->14352K(41984K), 0.0004120 secs] [Times: user=0.00 sys=0.00, real=0.00 secs] 
262.036: Total time for which application threads were stopped: 0.0005230 seconds, Stopping threads took: 0.0000380 seconds
262.094: Application time: 0.0579280 seconds
262.094: [GC [PSYoungGen: 14110K->512K(14848K)] 28174K->14600K(41984K), 0.0004180 secs] [Times: user=0.00 sys=0.00, real=0.00 secs] 
262.095: Total time for which application threads were stopped: 0.0005300 seconds, Stopping threads took: 0.0000500 seconds
262.154: Application time: 0.0596670 seconds
262.154: [GC [PSYoungGen: 14335K->288K(14848K)] 28423K->14777K(41984K), 0.0004850 secs] [Times: user=0.01 sys=0.00, real=0.00 secs] 
262.155: Total time for which application threads were stopped: 0.0005950 seconds, Stopping threads took: 0.0000490 seconds
262.216: Application time: 0.0612220 seconds
262.216: [GC [PSYoungGen: 14109K->0K(14848K)] 28598K->14709K(41984K), 0.0003900 secs] [Times: user=0.00 sys=0.00, real=0.00 secs] 
262.217: Total time for which application threads were stopped: 0.0005070 seconds, Stopping threads took: 0.0000590 seconds
262.278: Application time: 0.0614530 seconds
262.278: [GC [PSYoungGen: 13819K->0K(14848K)] 28529K->14709K(41984K), 0.0003490 secs] [Times: user=0.00 sys=0.00, real=0.00 secs] 
262.279: Total time for which application threads were stopped: 0.0004540 seconds, Stopping threads took: 0.0000440 seconds
262.340: Application time: 0.0613320 seconds
262.340: [GC [PSYoungGen: 13819K->0K(14848K)] 28529K->14709K(41984K), 0.0003480 secs] [Times: user=0.00 sys=0.00, real=0.00 secs] 
262.340: Total time for which application threads were stopped: 0.0004490 seconds, Stopping threads took: 0.0000450 seconds
262.401: Application time: 0.0609770 seconds
262.401: [GC [PSYoungGen: 13821K->0K(14848K)] 28531K->14709K(41984K), 0.0003550 secs] [Times: user=0.00 sys=0.00, real=0.00 secs] 
262.402: Total time for which application threads were stopped: 0.0004780 seconds, Stopping threads took: 0.0000610 seconds
262.441: Application time: 0.0391110 seconds
262.441: [GC [PSYoungGen: 13821K->512K(14848K)] 28530K->15221K(41984K), 0.0004040 secs] [Times: user=0.00 sys=0.00, real=0.00 secs] 
262.442: Total time for which application threads were stopped: 0.0005330 seconds, Stopping threads took: 0.0000670 seconds
262.485: Application time: 0.0435030 seconds
262.485: [GC [PSYoungGen: 14335K->480K(14848K)] 29044K->15197K(41984K), 0.0004460 secs] [Times: user=0.00 sys=0.00, real=0.00 secs] 
262.486: Total time for which application threads were stopped: 0.0005500 seconds, Stopping threads took: 0.0000460 seconds
262.544: Application time: 0.0581410 seconds
262.544: [GC [PSYoungGen: 14303K->512K(14848K)] 29020K->15253K(41984K), 0.0004530 secs] [Times: user=0.01 sys=0.00, real=0.00 secs] 
262.544: Total time for which application threads were stopped: 0.0005930 seconds, Stopping threads took: 0.0000620 seconds
262.606: Application time: 0.0620790 seconds
262.606: [GC [PSYoungGen: 14335K->0K(14848K)] 29076K->15158K(41984K), 0.0004070 secs] [Times: user=0.01 sys=0.00, real=0.00 secs] 
262.607: Total time for which application threads were stopped: 0.0005240 seconds, Stopping threads took: 0.0000580 seconds
262.668: Application time: 0.0611700 seconds
262.668: [GC [PSYoungGen: 13823K->0K(14848K)] 28982K->15158K(41984K), 0.0003460 secs] [Times: user=0.01 sys=0.00, real=0.00 secs] 
262.669: Total time for which application threads were stopped: 0.0004940 seconds, Stopping threads took: 0.0000850 seconds
262.730: Application time: 0.0610720 seconds
262.730: [GC [PSYoungGen: 13821K->0K(14848K)] 28980K->15158K(41984K), 0.0003700 secs] [Times: user=0.01 sys=0.00, real=0.00 secs] 
262.730: Total time for which application threads were stopped: 0.0004860 seconds, Stopping threads took: 0.0000560 seconds
262.792: Application time: 0.0620090 seconds
262.792: [GC [PSYoungGen: 13821K->0K(14848K)] 28980K->15158K(41984K), 0.0003450 secs] [Times: user=0.00 sys=0.00, real=0.00 secs] 
262.793: Total time for which application threads were stopped: 0.0004500 seconds, Stopping threads took: 0.0000490 seconds
262.850: Application time: 0.0576080 seconds
262.850: [GC [PSYoungGen: 13821K->576K(14848K)] 28980K->15734K(41984K), 0.0004160 secs] [Times: user=0.01 sys=0.00, real=0.00 secs] 
262.851: Total time for which application threads were stopped: 0.0005520 seconds, Stopping threads took: 0.0000670 seconds
262.893: Application time: 0.0422050 seconds
262.893: [GC [PSYoungGen: 14397K->512K(14848K)] 29556K->15910K(41984K), 0.0005480 secs] [Times: user=0.00 sys=0.00, real=0.00 secs] 
262.894: Total time for which application threads were stopped: 0.0006590 seconds, Stopping threads took: 0.0000530 seconds
262.952: Application time: 0.0586960 seconds
262.952: [GC [PSYoungGen: 14331K->320K(14848K)] 29730K->15955K(41984K), 0.0004950 secs] [Times: user=0.01 sys=0.00, real=0.00 secs] 
262.953: Total time for which application threads were stopped: 0.0006330 seconds, Stopping threads took: 0.0000730 seconds
263.013: Application time: 0.0602770 seconds
263.013: [GC [PSYoungGen: 14141K->352K(14848K)] 29776K->16043K(41984K), 0.0004300 secs] [Times: user=0.00 sys=0.00, real=0.00 secs] 
263.014: Total time for which application threads were stopped: 0.0005570 seconds, Stopping threads took: 0.0000640 seconds
263.075: Application time: 0.0608180 seconds
263.075: [GC [PSYoungGen: 14173K->0K(14848K)] 29865K->15911K(41984K), 0.0003920 secs] [Times: user=0.00 sys=0.00, real=0.00 secs] 
263.075: Total time for which application threads were stopped: 0.0005220 seconds, Stopping threads took: 0.0000550 seconds
263.124: Application time: 0.0485780 seconds
263.124: [GC [PSYoungGen: 13819K->384K(14848K)] 29731K->16295K(41984K), 0.0003760 secs] [Times: user=0.00 sys=0.00, real=0.00 secs] 
263.124: Total time for which application threads were stopped: 0.0005060 seconds, Stopping threads took: 0.0000690 seconds
263.163: Application time: 0.0389510 seconds
263.163: [GC [PSYoungGen: 14204K->544K(14848K)] 30116K->16512K(41984K), 0.0004220 secs] [Times: user=0.00 sys=0.00, real=0.00 secs] 
263.164: Total time for which application threads were stopped: 0.0005390 seconds, Stopping threads took: 0.0000580 seconds
263.217: Application time: 0.0527880 seconds
263.220: [GC [PSYoungGen: 14366K->608K(14848K)] 30334K->16592K(41984K), 0.0004760 secs] [Times: user=0.01 sys=0.00, real=0.00 secs] 
263.220: Total time for which application threads were stopped: 0.0038370 seconds, Stopping threads took: 0.0033000 seconds
263.279: Application time: 0.0585230 seconds
263.279: [GC [PSYoungGen: 14429K->384K(14848K)] 30413K->16592K(41984K), 0.0004370 secs] [Times: user=0.01 sys=0.00, real=0.00 secs] 
263.279: Total time for which application threads were stopped: 0.0005580 seconds, Stopping threads took: 0.0000560 seconds
263.334: Application time: 0.0543210 seconds
263.334: [GC [PSYoungGen: 14204K->576K(14848K)] 30412K->17028K(41984K), 0.0004680 secs] [Times: user=0.00 sys=0.00, real=0.00 secs] 
263.334: Total time for which application threads were stopped: 0.0005930 seconds, Stopping threads took: 0.0000630 seconds
263.370: Application time: 0.0360310 seconds
263.370: [GC [PSYoungGen: 14399K->576K(14848K)] 30852K->17241K(41984K), 0.0005120 secs] [Times: user=0.00 sys=0.00, real=0.00 secs] 
263.371: Total time for which application threads were stopped: 0.0006330 seconds, Stopping threads took: 0.0000600 seconds
263.419: Application time: 0.0484270 seconds
263.420: [GC [PSYoungGen: 14395K->320K(14848K)] 31060K->17265K(41984K), 0.0004390 secs] [Times: user=0.00 sys=0.00, real=0.00 secs] 
263.420: Total time for which application threads were stopped: 0.0005680 seconds, Stopping threads took: 0.0000660 seconds
263.465: Application time: 0.0451290 seconds
263.465: [GC [PSYoungGen: 14141K->736K(14848K)] 31086K->17689K(41984K), 0.0004650 secs] [Times: user=0.01 sys=0.00, real=0.00 secs] 
263.466: Total time for which application threads were stopped: 0.0005870 seconds, Stopping threads took: 0.0000560 seconds
263.519: Application time: 0.0530000 seconds
263.519: [GC [PSYoungGen: 14559K->320K(14848K)] 31512K->17722K(41984K), 0.0004610 secs] [Times: user=0.00 sys=0.00, real=0.00 secs] 
263.519: Total time for which application threads were stopped: 0.0005850 seconds, Stopping threads took: 0.0000590 seconds
263.575: Application time: 0.0553740 seconds
263.575: [GC [PSYoungGen: 14141K->736K(14848K)] 31543K->18146K(41984K), 0.0004800 secs] [Times: user=0.00 sys=0.00, real=0.00 secs] 
263.575: Total time for which application threads were stopped: 0.0006250 seconds, Stopping threads took: 0.0000800 seconds
263.636: Application time: 0.0606460 seconds
263.636: [GC [PSYoungGen: 14559K->0K(15360K)] 31970K->18022K(42496K), 0.0004270 secs] [Times: user=0.00 sys=0.00, real=0.00 secs] 
263.637: Total time for which application threads were stopped: 0.0005760 seconds, Stopping threads took: 0.0000710 seconds
263.697: Application time: 0.0608770 seconds
263.698: [GC [PSYoungGen: 13821K->0K(15360K)] 31844K->18022K(42496K), 0.0003600 secs] [Times: user=0.00 sys=0.00, real=0.00 secs] 
263.698: Total time for which application threads were stopped: 0.0005050 seconds, Stopping threads took: 0.0000880 seconds
263.758: Application time: 0.0596900 seconds
263.758: [GC [PSYoungGen: 13821K->352K(14336K)] 31844K->18374K(41472K), 0.0004040 secs] [Times: user=0.01 sys=0.00, real=0.00 secs] 
263.758: Total time for which application threads were stopped: 0.0005170 seconds, Stopping threads took: 0.0000540 seconds
263.817: Application time: 0.0583780 seconds
263.817: [GC [PSYoungGen: 14172K->544K(14848K)] 32195K->18575K(41984K), 0.0004130 secs] [Times: user=0.00 sys=0.00, real=0.00 secs] 
263.817: Total time for which application threads were stopped: 0.0005380 seconds, Stopping threads took: 0.0000640 seconds
263.878: Application time: 0.0605310 seconds
263.878: [GC [PSYoungGen: 14367K->320K(14848K)] 32398K->18760K(41984K), 0.0004900 secs] [Times: user=0.00 sys=0.00, real=0.00 secs] 
263.878: Total time for which application threads were stopped: 0.0006090 seconds, Stopping threads took: 0.0000610 seconds
263.939: Application time: 0.0605760 seconds
263.939: [GC [PSYoungGen: 14141K->352K(14848K)] 32581K->18824K(41984K), 0.0004070 secs] [Times: user=0.00 sys=0.00, real=0.00 secs] 
263.939: Total time for which application threads were stopped: 0.0005220 seconds, Stopping threads took: 0.0000520 seconds
264.001: Application time: 0.0612940 seconds
264.001: [GC [PSYoungGen: 14171K->0K(14848K)] 32643K->18684K(41984K), 0.0004440 secs] [Times: user=0.00 sys=0.00, real=0.00 secs] 
264.001: Total time for which application threads were stopped: 0.0005820 seconds, Stopping threads took: 0.0000740 seconds
264.062: Application time: 0.0612990 seconds
264.063: [GC [PSYoungGen: 13821K->0K(14848K)] 32506K->18684K(41984K), 0.0003650 secs] [Times: user=0.00 sys=0.00, real=0.00 secs] 
264.063: Total time for which application threads were stopped: 0.0004930 seconds, Stopping threads took: 0.0000670 seconds
264.120: Application time: 0.0568330 seconds
264.120: [GC [PSYoungGen: 13811K->224K(14848K)] 32496K->18908K(41984K), 0.0004020 secs] [Times: user=0.00 sys=0.00, real=0.00 secs] 
264.120: Total time for which application threads were stopped: 0.0005200 seconds, Stopping threads took: 0.0000580 seconds
264.158: Application time: 0.0376550 seconds
264.158: [GC [PSYoungGen: 14045K->576K(14848K)] 32730K->19268K(41984K), 0.0004160 secs] [Times: user=0.00 sys=0.00, real=0.00 secs] 
264.159: Total time for which application threads were stopped: 0.0005540 seconds, Stopping threads took: 0.0000650 seconds
264.208: Application time: 0.0493470 seconds
264.208: [GC [PSYoungGen: 14395K->288K(14848K)] 33088K->19185K(41984K), 0.0004880 secs] [Times: user=0.00 sys=0.00, real=0.00 secs] 
264.208: Total time for which application threads were stopped: 0.0005980 seconds, Stopping threads took: 0.0000470 seconds
264.267: Application time: 0.0582460 seconds
264.267: [GC [PSYoungGen: 14110K->672K(14848K)] 33007K->19585K(41984K), 0.0004400 secs] [Times: user=0.00 sys=0.00, real=0.00 secs] 
264.267: Total time for which application threads were stopped: 0.0005570 seconds, Stopping threads took: 0.0000520 seconds
264.329: Application time: 0.0617230 seconds
264.329: [GC [PSYoungGen: 14493K->0K(14848K)] 33406K->19461K(41984K), 0.0004420 secs] [Times: user=0.00 sys=0.00, real=0.00 secs] 
264.330: Total time for which application threads were stopped: 0.0005780 seconds, Stopping threads took: 0.0000610 seconds
264.390: Application time: 0.0607440 seconds
264.390: [GC [PSYoungGen: 13823K->0K(14848K)] 33285K->19461K(41984K), 0.0003770 secs] [Times: user=0.01 sys=0.00, real=0.00 secs] 
264.391: Total time for which application threads were stopped: 0.0004890 seconds, Stopping threads took: 0.0000530 seconds
264.452: Application time: 0.0607250 seconds
264.452: [GC [PSYoungGen: 13823K->0K(14848K)] 33285K->19461K(41984K), 0.0003310 secs] [Times: user=0.00 sys=0.00, real=0.01 secs] 
264.452: Total time for which application threads were stopped: 0.0004560 seconds, Stopping threads took: 0.0000650 seconds
264.513: Application time: 0.0610970 seconds
264.513: [GC [PSYoungGen: 13821K->0K(14848K)] 33283K->19461K(41984K), 0.0004480 secs] [Times: user=0.01 sys=0.00, real=0.00 secs] 
264.514: Total time for which application threads were stopped: 0.0005620 seconds, Stopping threads took: 0.0000540 seconds
264.571: Application time: 0.0572840 seconds
264.571: [GC [PSYoungGen: 13819K->608K(14848K)] 33281K->20069K(41984K), 0.0004310 secs] [Times: user=0.01 sys=0.00, real=0.00 secs] 
264.572: Total time for which application threads were stopped: 0.0005580 seconds, Stopping threads took: 0.0000620 seconds
264.615: Application time: 0.0433280 seconds
264.615: [GC [PSYoungGen: 14431K->512K(14848K)] 33893K->20253K(41984K), 0.0004760 secs] [Times: user=0.00 sys=0.00, real=0.00 secs] 
264.615: Total time for which application threads were stopped: 0.0006070 seconds, Stopping threads took: 0.0000610 seconds
264.678: Application time: 0.0630050 seconds
264.679: [GC [PSYoungGen: 14333K->352K(14848K)] 34075K->20317K(41984K), 0.0004820 secs] [Times: user=0.00 sys=0.00, real=0.00 secs] 
264.679: Total time for which application threads were stopped: 0.0006140 seconds, Stopping threads took: 0.0000530 seconds
264.745: Application time: 0.0661530 seconds
264.745: [GC [PSYoungGen: 14175K->256K(14848K)] 34141K->20269K(41984K), 0.0004780 secs] [Times: user=0.00 sys=0.00, real=0.00 secs] 
264.746: Total time for which application threads were stopped: 0.0005980 seconds, Stopping threads took: 0.0000550 seconds
264.813: Application time: 0.0666860 seconds
264.813: [GC [PSYoungGen: 14077K->0K(14848K)] 34091K->20234K(41984K), 0.0004290 secs] [Times: user=0.01 sys=0.00, real=0.00 secs] 
264.813: Total time for which application threads were stopped: 0.0005410 seconds, Stopping threads took: 0.0000490 seconds
264.865: Application time: 0.0520700 seconds
264.865: [GC [PSYoungGen: 13822K->576K(14848K)] 34056K->20810K(41984K), 0.0004400 secs] [Times: user=0.00 sys=0.00, real=0.00 secs] 
264.866: Total time for which application threads were stopped: 0.0005510 seconds, Stopping threads took: 0.0000490 seconds
264.906: Application time: 0.0407440 seconds
264.907: [GC [PSYoungGen: 14398K->608K(14848K)] 34632K->20914K(41984K), 0.0004570 secs] [Times: user=0.00 sys=0.00, real=0.00 secs] 
264.907: Total time for which application threads were stopped: 0.0005830 seconds, Stopping threads took: 0.0000630 seconds
264.968: Application time: 0.0613330 seconds
264.968: [GC [PSYoungGen: 14428K->480K(14848K)] 34735K->20802K(41984K), 0.0004610 secs] [Times: user=0.00 sys=0.00, real=0.00 secs] 
264.969: Total time for which application threads were stopped: 0.0005740 seconds, Stopping threads took: 0.0000470 seconds
265.033: Application time: 0.0641300 seconds
265.033: [GC [PSYoungGen: 14279K->448K(14848K)] 34602K->20983K(41984K), 0.0004360 secs] [Times: user=0.00 sys=0.00, real=0.00 secs] 
265.034: Total time for which application threads were stopped: 0.0005570 seconds, Stopping threads took: 0.0000630 seconds
265.091: Application time: 0.0575640 seconds
265.091: [GC [PSYoungGen: 14268K->544K(14848K)] 34803K->21331K(41984K), 0.0005050 secs] [Times: user=0.00 sys=0.00, real=0.01 secs] 
265.092: Total time for which application threads were stopped: 0.0006350 seconds, Stopping threads took: 0.0000620 seconds
265.133: Application time: 0.0414790 seconds
265.133: [GC [PSYoungGen: 14365K->608K(14848K)] 35152K->21616K(41984K), 0.0004960 secs] [Times: user=0.01 sys=0.00, real=0.00 secs] 
265.134: Total time for which application threads were stopped: 0.0006190 seconds, Stopping threads took: 0.0000600 seconds
265.188: Application time: 0.0539730 seconds
265.188: [GC [PSYoungGen: 14427K->384K(14848K)] 35435K->21672K(41984K), 0.0004900 secs] [Times: user=0.00 sys=0.00, real=0.00 secs] 
265.189: Total time for which application threads were stopped: 0.0006370 seconds, Stopping threads took: 0.0000770 seconds
265.237: Application time: 0.0486870 seconds
265.237: [GC [PSYoungGen: 14205K->736K(14848K)] 35493K->22032K(41984K), 0.0004740 secs] [Times: user=0.00 sys=0.00, real=0.00 secs] 
265.238: Total time for which application threads were stopped: 0.0005830 seconds, Stopping threads took: 0.0000490 seconds
265.296: Application time: 0.0584140 seconds
265.296: [GC [PSYoungGen: 14559K->320K(14848K)] 35855K->22065K(41984K), 0.0004770 secs] [Times: user=0.01 sys=0.00, real=0.00 secs] 
265.297: Total time for which application threads were stopped: 0.0005990 seconds, Stopping threads took: 0.0000550 seconds
265.358: Application time: 0.0613260 seconds
265.358: [GC [PSYoungGen: 14140K->672K(14848K)] 35885K->22433K(41984K), 0.0005150 secs] [Times: user=0.01 sys=0.00, real=0.00 secs] 
265.359: Total time for which application threads were stopped: 0.0006270 seconds, Stopping threads took: 0.0000500 seconds
265.426: Application time: 0.0667950 seconds
265.426: [GC [PSYoungGen: 14493K->0K(14848K)] 36255K->22498K(41984K), 0.0004870 secs] [Times: user=0.00 sys=0.00, real=0.00 secs] 
265.426: Total time for which application threads were stopped: 0.0006080 seconds, Stopping threads took: 0.0000620 seconds
265.493: Application time: 0.0666830 seconds
265.493: [GC [PSYoungGen: 13819K->0K(14336K)] 36318K->22498K(41472K), 0.0004140 secs] [Times: user=0.00 sys=0.00, real=0.00 secs] 
265.493: Total time for which application threads were stopped: 0.0005660 seconds, Stopping threads took: 0.0000900 seconds
265.557: Application time: 0.0631600 seconds
265.557: [GC [PSYoungGen: 13311K->352K(13824K)] 35809K->22850K(40960K), 0.0004520 secs] [Times: user=0.00 sys=0.00, real=0.00 secs] 
265.557: Total time for which application threads were stopped: 0.0005800 seconds, Stopping threads took: 0.0000620 seconds
265.620: Application time: 0.0626050 seconds
265.620: [GC [PSYoungGen: 13662K->512K(14336K)] 36160K->23018K(41472K), 0.0004500 secs] [Times: user=0.00 sys=0.00, real=0.00 secs] 
265.620: Total time for which application threads were stopped: 0.0005750 seconds, Stopping threads took: 0.0000590 seconds
265.684: Application time: 0.0632720 seconds
265.684: [GC [PSYoungGen: 13824K->256K(14336K)] 36330K->23199K(41472K), 0.0004430 secs] [Times: user=0.00 sys=0.00, real=0.01 secs] 
265.684: Total time for which application threads were stopped: 0.0005730 seconds, Stopping threads took: 0.0000610 seconds
265.748: Application time: 0.0640170 seconds
265.748: [GC [PSYoungGen: 13566K->192K(14336K)] 36509K->23187K(41472K), 0.0004500 secs] [Times: user=0.00 sys=0.00, real=0.00 secs] 
265.749: Total time for which application threads were stopped: 0.0005930 seconds, Stopping threads took: 0.0000630 seconds
265.815: Application time: 0.0661310 seconds
265.815: [GC [PSYoungGen: 13501K->0K(14336K)] 36497K->23163K(41472K), 0.0004050 secs] [Times: user=0.00 sys=0.00, real=0.00 secs] 
265.816: Total time for which application threads were stopped: 0.0005350 seconds, Stopping threads took: 0.0000710 seconds
265.880: Application time: 0.0649400 seconds
265.881: [GC [PSYoungGen: 13309K->0K(14336K)] 36473K->23163K(41472K), 0.0003850 secs] [Times: user=0.00 sys=0.00, real=0.00 secs] 
265.881: Total time for which application threads were stopped: 0.0005070 seconds, Stopping threads took: 0.0000640 seconds
265.939: Application time: 0.0580890 seconds
265.939: [GC [PSYoungGen: 13309K->384K(14336K)] 36472K->23547K(41472K), 0.0004320 secs] [Times: user=0.00 sys=0.00, real=0.00 secs] 
265.940: Total time for which application threads were stopped: 0.0005370 seconds, Stopping threads took: 0.0000420 seconds
265.980: Application time: 0.0407240 seconds
265.980: [GC [PSYoungGen: 13693K->576K(14336K)] 36857K->23747K(41472K), 0.0005090 secs] [Times: user=0.00 sys=0.00, real=0.00 secs] 
265.981: Total time for which application threads were stopped: 0.0006440 seconds, Stopping threads took: 0.0000690 seconds
266.032: Application time: 0.0508640 seconds
266.032: [GC [PSYoungGen: 13887K->352K(14336K)] 37058K->23744K(41472K), 0.0004290 secs] [Times: user=0.00 sys=0.00, real=0.00 secs] 
266.032: Total time for which application threads were stopped: 0.0005540 seconds, Stopping threads took: 0.0000650 seconds
266.094: Application time: 0.0615830 seconds
266.094: [GC [PSYoungGen: 13662K->512K(14336K)] 37054K->23920K(41472K), 0.0004370 secs] [Times: user=0.00 sys=0.00, real=0.00 secs] 
266.095: Total time for which application threads were stopped: 0.0005580 seconds, Stopping threads took: 0.0000580 seconds
266.160: Application time: 0.0650330 seconds
266.160: [GC [PSYoungGen: 13821K->0K(14336K)] 37229K->23820K(41472K), 0.0004330 secs] [Times: user=0.00 sys=0.00, real=0.00 secs] 
266.160: Total time for which application threads were stopped: 0.0005620 seconds, Stopping threads took: 0.0000670 seconds
266.224: Application time: 0.0643560 seconds
266.225: [GC [PSYoungGen: 13309K->0K(14336K)] 37130K->23820K(41472K), 0.0003600 secs] [Times: user=0.00 sys=0.00, real=0.00 secs] 
266.225: Total time for which application threads were stopped: 0.0004920 seconds, Stopping threads took: 0.0000640 seconds
266.289: Application time: 0.0643800 seconds
266.289: [GC [PSYoungGen: 13309K->0K(14336K)] 37130K->23820K(41472K), 0.0003920 secs] [Times: user=0.01 sys=0.00, real=0.00 secs] 
266.290: Total time for which application threads were stopped: 0.0005200 seconds, Stopping threads took: 0.0000530 seconds
266.354: Application time: 0.0644330 seconds
266.354: [GC [PSYoungGen: 13309K->0K(14336K)] 37130K->23820K(41472K), 0.0004370 secs] [Times: user=0.00 sys=0.00, real=0.00 secs] 
266.355: Total time for which application threads were stopped: 0.0005510 seconds, Stopping threads took: 0.0000490 seconds
266.417: Application time: 0.0620380 seconds
266.420: [GC [PSYoungGen: 13311K->384K(14336K)] 37132K->24204K(41472K), 0.0004460 secs] [Times: user=0.00 sys=0.00, real=0.00 secs] 
266.420: Total time for which application threads were stopped: 0.0034290 seconds, Stopping threads took: 0.0029200 seconds
266.472: Application time: 0.0516490 seconds
266.472: [GC [PSYoungGen: 13694K->576K(14336K)] 37514K->24636K(41472K), 0.0005070 secs] [Times: user=0.01 sys=0.00, real=0.00 secs] 
266.473: Total time for which application threads were stopped: 0.0006320 seconds, Stopping threads took: 0.0000630 seconds
266.526: Application time: 0.0535400 seconds
266.526: [GC [PSYoungGen: 13887K->384K(14336K)] 37948K->24700K(41472K), 0.0004860 secs] [Times: user=0.00 sys=0.00, real=0.00 secs] 
266.527: Total time for which application threads were stopped: 0.0006110 seconds, Stopping threads took: 0.0000600 seconds
266.590: Application time: 0.0632570 seconds
266.590: [GC [PSYoungGen: 13692K->352K(14336K)] 38009K->24740K(41472K), 0.0004970 secs] [Times: user=0.00 sys=0.00, real=0.00 secs] 
266.591: Total time for which application threads were stopped: 0.0006250 seconds, Stopping threads took: 0.0000650 seconds
266.655: Application time: 0.0646540 seconds
266.655: [GC [PSYoungGen: 13661K->0K(14336K)] 38050K->24612K(41472K), 0.0004570 secs] [Times: user=0.00 sys=0.00, real=0.00 secs] 
266.657: Total time for which application threads were stopped: 0.0016970 seconds, Stopping threads took: 0.0000660 seconds
266.717: Application time: 0.0600760 seconds
266.717: [GC [PSYoungGen: 13311K->384K(14336K)] 37924K->24996K(41472K), 0.0004120 secs] [Times: user=0.00 sys=0.00, real=0.00 secs] 
266.718: Total time for which application threads were stopped: 0.0005370 seconds, Stopping threads took: 0.0000630 seconds
266.757: Application time: 0.0389200 seconds
266.757: [GC [PSYoungGen: 13694K->512K(14336K)] 38307K->25132K(41472K), 0.0004460 secs] [Times: user=0.00 sys=0.00, real=0.00 secs] 
266.757: Total time for which application threads were stopped: 0.0005880 seconds, Stopping threads took: 0.0000690 seconds
266.807: Application time: 0.0501170 seconds
266.807: [GC [PSYoungGen: 13823K->512K(14336K)] 38444K->25189K(41472K), 0.0004960 secs] [Times: user=0.01 sys=0.00, real=0.00 secs] 
266.808: Total time for which application threads were stopped: 0.0006270 seconds, Stopping threads took: 0.0000510 seconds
266.869: Application time: 0.0610730 seconds
266.869: [GC [PSYoungGen: 13821K->512K(14336K)] 38498K->25205K(41472K), 0.0004260 secs] [Times: user=0.01 sys=0.00, real=0.00 secs] 
266.870: Total time for which application threads were stopped: 0.0005440 seconds, Stopping threads took: 0.0000550 seconds
266.932: Application time: 0.0624020 seconds
266.932: [GC [PSYoungGen: 13820K->384K(14336K)] 38513K->25638K(41472K), 0.0005130 secs] [Times: user=0.01 sys=0.00, real=0.00 secs] 
266.933: Total time for which application threads were stopped: 0.0006670 seconds, Stopping threads took: 0.0000840 seconds
266.995: Application time: 0.0628160 seconds
266.995: [GC [PSYoungGen: 13695K->384K(14336K)] 38949K->25862K(41472K), 0.0004750 secs] [Times: user=0.00 sys=0.00, real=0.00 secs] 
266.996: Total time for which application threads were stopped: 0.0006020 seconds, Stopping threads took: 0.0000570 seconds
267.037: Application time: 0.0407480 seconds
267.037: [GC [PSYoungGen: 13693K->544K(14336K)] 39171K->26030K(41472K), 0.0004490 secs] [Times: user=0.00 sys=0.00, real=0.00 secs] 
267.037: Total time for which application threads were stopped: 0.0005630 seconds, Stopping threads took: 0.0000480 seconds
267.080: Application time: 0.0425960 seconds
267.080: [GC [PSYoungGen: 13851K->736K(14336K)] 39337K->26278K(41472K), 0.0005000 secs] [Times: user=0.00 sys=0.00, real=0.00 secs] 
267.081: Total time for which application threads were stopped: 0.0006300 seconds, Stopping threads took: 0.0000630 seconds
267.125: Application time: 0.0449200 seconds
267.128: [GC [PSYoungGen: 14043K->480K(14336K)] 39585K->26262K(41472K), 0.0006160 secs] [Times: user=0.00 sys=0.00, real=0.00 secs] 
267.129: Total time for which application threads were stopped: 0.0030550 seconds, Stopping threads took: 0.0023750 seconds
267.188: Application time: 0.0591990 seconds
267.188: [GC [PSYoungGen: 13788K->704K(14336K)] 39571K->26747K(41472K), 0.0005110 secs] [Times: user=0.00 sys=0.00, real=0.00 secs] 
267.188: Total time for which application threads were stopped: 0.0006330 seconds, Stopping threads took: 0.0000600 seconds
267.248: Application time: 0.0596930 seconds
267.248: [GC [PSYoungGen: 14015K->704K(14336K)] 40059K->26967K(41472K), 0.0006060 secs] [Times: user=0.00 sys=0.00, real=0.00 secs] 
267.249: Total time for which application threads were stopped: 0.0007370 seconds, Stopping threads took: 0.0000690 seconds
267.314: Application time: 0.0652590 seconds
267.314: [GC [PSYoungGen: 14016K->0K(14336K)] 40279K->26873K(41472K), 0.0004480 secs] [Times: user=0.00 sys=0.00, real=0.00 secs] 
267.315: [Full GC [PSYoungGen: 0K->0K(14336K)] [ParOldGen: 26873K->4433K(26624K)] 26873K->4433K(40960K) [PSPermGen: 5578K->5578K(21504K)], 0.0060070 secs] [Times: user=0.03 sys=0.00, real=0.00 secs] 
267.321: Total time for which application threads were stopped: 0.0066520 seconds, Stopping threads took: 0.0000730 seconds
267.385: Application time: 0.0646050 seconds
267.385: [GC [PSYoungGen: 13309K->0K(14848K)] 17743K->4433K(41472K), 0.0003690 secs] [Times: user=0.00 sys=0.00, real=0.00 secs] 
267.386: Total time for which application threads were stopped: 0.0005160 seconds, Stopping threads took: 0.0000820 seconds
267.450: Application time: 0.0643670 seconds
267.450: [GC [PSYoungGen: 13309K->0K(14848K)] 17743K->4433K(41472K), 0.0003630 secs] [Times: user=0.00 sys=0.00, real=0.00 secs] 
267.451: Total time for which application threads were stopped: 0.0005000 seconds, Stopping threads took: 0.0000710 seconds
267.513: Application time: 0.0618780 seconds
267.513: [GC [PSYoungGen: 13310K->576K(14848K)] 17744K->5009K(41472K), 0.0004060 secs] [Times: user=0.00 sys=0.00, real=0.00 secs] 
267.513: Total time for which application threads were stopped: 0.0005260 seconds, Stopping threads took: 0.0000570 seconds
267.575: Application time: 0.0618890 seconds
267.575: [GC [PSYoungGen: 13883K->544K(14848K)] 18317K->5198K(41472K), 0.0004540 secs] [Times: user=0.00 sys=0.00, real=0.00 secs] 
267.576: Total time for which application threads were stopped: 0.0005830 seconds, Stopping threads took: 0.0000670 seconds
267.641: Application time: 0.0651640 seconds
267.641: [GC [PSYoungGen: 13853K->0K(14848K)] 18507K->5071K(41472K), 0.0004320 secs] [Times: user=0.01 sys=0.00, real=0.00 secs] 
267.641: Total time for which application threads were stopped: 0.0005590 seconds, Stopping threads took: 0.0000600 seconds
267.707: Application time: 0.0652470 seconds
267.707: [GC [PSYoungGen: 13309K->0K(14848K)] 18381K->5071K(41472K), 0.0003460 secs] [Times: user=0.00 sys=0.00, real=0.00 secs] 
267.707: Total time for which application threads were stopped: 0.0004750 seconds, Stopping threads took: 0.0000650 seconds
267.772: Application time: 0.0651240 seconds
267.772: [GC [PSYoungGen: 13309K->0K(13824K)] 18381K->5071K(40448K), 0.0004160 secs] [Times: user=0.00 sys=0.00, real=0.00 secs] 
267.773: Total time for which application threads were stopped: 0.0005620 seconds, Stopping threads took: 0.0000810 seconds
267.830: Application time: 0.0576940 seconds
267.831: [GC [PSYoungGen: 13309K->288K(14336K)] 18381K->5359K(40960K), 0.0004800 secs] [Times: user=0.00 sys=0.00, real=0.00 secs] 
267.831: Total time for which application threads were stopped: 0.0006190 seconds, Stopping threads took: 0.0000680 seconds
267.873: Application time: 0.0423060 seconds
267.873: [GC [PSYoungGen: 13598K->544K(14336K)] 18669K->5623K(40960K), 0.0004420 secs] [Times: user=0.00 sys=0.00, real=0.00 secs] 
267.874: Total time for which application threads were stopped: 0.0005630 seconds, Stopping threads took: 0.0000560 seconds
267.925: Application time: 0.0513510 seconds
267.925: [GC [PSYoungGen: 13855K->352K(14336K)] 18935K->5652K(40960K), 0.0004380 secs] [Times: user=0.00 sys=0.00, real=0.00 secs] 
267.926: Total time for which application threads were stopped: 0.0005440 seconds, Stopping threads took: 0.0000440 seconds
267.987: Application time: 0.0616870 seconds
267.988: [GC [PSYoungGen: 13662K->640K(14336K)] 18962K->5964K(40960K), 0.0004470 secs] [Times: user=0.00 sys=0.00, real=0.00 secs] 
267.988: Total time for which application threads were stopped: 0.0005700 seconds, Stopping threads took: 0.0000590 seconds
268.053: Application time: 0.0646910 seconds
268.053: [GC [PSYoungGen: 13949K->0K(14336K)] 19273K->5740K(40960K), 0.0004000 secs] [Times: user=0.00 sys=0.00, real=0.00 secs] 
268.053: Total time for which application threads were stopped: 0.0005300 seconds, Stopping threads took: 0.0000710 seconds
268.118: Application time: 0.0648590 seconds
268.118: [GC [PSYoungGen: 13309K->0K(14336K)] 19049K->5740K(40960K), 0.0004250 secs] [Times: user=0.00 sys=0.00, real=0.00 secs] 
268.119: Total time for which application threads were stopped: 0.0005660 seconds, Stopping threads took: 0.0000770 seconds
268.183: Application time: 0.0646900 seconds
268.184: [GC [PSYoungGen: 13309K->0K(14336K)] 19049K->5740K(40960K), 0.0004990 secs] [Times: user=0.00 sys=0.00, real=0.01 secs] 
268.184: Total time for which application threads were stopped: 0.0006380 seconds, Stopping threads took: 0.0000750 seconds
268.249: Application time: 0.0650590 seconds
268.249: [GC [PSYoungGen: 13308K->0K(14336K)] 19049K->5740K(40960K), 0.0003710 secs] [Times: user=0.00 sys=0.00, real=0.00 secs] 
268.250: Total time for which application threads were stopped: 0.0004980 seconds, Stopping threads took: 0.0000680 seconds
268.312: Application time: 0.0624380 seconds
268.312: [GC [PSYoungGen: 13311K->384K(14336K)] 19051K->6124K(40960K), 0.0003820 secs] [Times: user=0.00 sys=0.00, real=0.00 secs] 
268.313: Total time for which application threads were stopped: 0.0004980 seconds, Stopping threads took: 0.0000540 seconds
268.358: Application time: 0.0459050 seconds
268.359: [GC [PSYoungGen: 13694K->544K(14336K)] 19434K->6544K(40960K), 0.0005040 secs] [Times: user=0.00 sys=0.00, real=0.00 secs] 
268.359: Total time for which application threads were stopped: 0.0006530 seconds, Stopping threads took: 0.0000780 seconds
268.418: Application time: 0.0586360 seconds
268.418: [GC [PSYoungGen: 13852K->384K(14336K)] 19853K->6632K(40960K), 0.0004400 secs] [Times: user=0.00 sys=0.00, real=0.00 secs] 
268.418: Total time for which application threads were stopped: 0.0005680 seconds, Stopping threads took: 0.0000660 seconds
268.482: Application time: 0.0639360 seconds
268.483: [GC [PSYoungGen: 13692K->320K(14336K)] 19941K->6616K(40960K), 0.0005270 secs] [Times: user=0.00 sys=0.00, real=0.00 secs] 
268.483: Total time for which application threads were stopped: 0.0008030 seconds, Stopping threads took: 0.0001790 seconds
268.548: Application time: 0.0652370 seconds
268.548: [GC [PSYoungGen: 13629K->0K(14336K)] 19926K->6509K(40960K), 0.0004110 secs] [Times: user=0.00 sys=0.00, real=0.00 secs] 
268.549: Total time for which application threads were stopped: 0.0005400 seconds, Stopping threads took: 0.0000570 seconds
268.614: Application time: 0.0651080 seconds
268.614: [GC [PSYoungGen: 13309K->0K(14336K)] 19818K->6509K(40960K), 0.0003490 secs] [Times: user=0.00 sys=0.00, real=0.00 secs] 
268.614: Total time for which application threads were stopped: 0.0004590 seconds, Stopping threads took: 0.0000560 seconds
268.658: Application time: 0.0436740 seconds
268.658: [GC [PSYoungGen: 13308K->544K(14336K)] 19818K->7053K(40960K), 0.0004120 secs] [Times: user=0.00 sys=0.00, real=0.00 secs] 
268.659: Total time for which application threads were stopped: 0.0005280 seconds, Stopping threads took: 0.0000540 seconds
268.696: Application time: 0.0369040 seconds
268.696: [GC [PSYoungGen: 13851K->448K(14336K)] 20361K->6997K(40960K), 0.0004210 secs] [Times: user=0.00 sys=0.00, real=0.00 secs] 
268.696: Total time for which application threads were stopped: 0.0005460 seconds, Stopping threads took: 0.0000640 seconds
268.750: Application time: 0.0535410 seconds
268.750: [GC [PSYoungGen: 13756K->512K(14336K)] 20306K->7085K(40960K), 0.0003990 secs] [Times: user=0.00 sys=0.00, real=0.00 secs] 
268.750: Total time for which application threads were stopped: 0.0005170 seconds, Stopping threads took: 0.0000580 seconds
268.806: Application time: 0.0556390 seconds
268.808: [GC [PSYoungGen: 13820K->512K(14336K)] 20394K->7298K(40960K), 0.0005370 secs] [Times: user=0.00 sys=0.00, real=0.00 secs] 
268.808: Total time for which application threads were stopped: 0.0026720 seconds, Stopping threads took: 0.0020710 seconds
268.863: Application time: 0.0546770 seconds
268.863: [GC [PSYoungGen: 13821K->320K(14336K)] 20607K->7550K(40960K), 0.0004860 secs] [Times: user=0.01 sys=0.00, real=0.00 secs] 
268.864: Total time for which application threads were stopped: 0.0006270 seconds, Stopping threads took: 0.0000640 seconds
268.907: Application time: 0.0428780 seconds
268.907: [GC [PSYoungGen: 13629K->352K(14336K)] 20859K->7598K(40960K), 0.0004250 secs] [Times: user=0.00 sys=0.00, real=0.00 secs] 
268.907: Total time for which application threads were stopped: 0.0005720 seconds, Stopping threads took: 0.0000820 seconds
268.948: Application time: 0.0405560 seconds
268.948: [GC [PSYoungGen: 13664K->384K(14336K)] 20910K->7878K(40960K), 0.0004620 secs] [Times: user=0.00 sys=0.00, real=0.00 secs] 
268.948: Total time for which application threads were stopped: 0.0005780 seconds, Stopping threads took: 0.0000520 seconds
268.986: Application time: 0.0375820 seconds
268.986: [GC [PSYoungGen: 13695K->896K(14336K)] 21190K->8446K(40960K), 0.0004770 secs] [Times: user=0.00 sys=0.00, real=0.00 secs] 
268.987: Total time for which application threads were stopped: 0.0005920 seconds, Stopping threads took: 0.0000550 seconds
269.040: Application time: 0.0536830 seconds
269.040: [GC [PSYoungGen: 14207K->448K(14336K)] 21757K->8243K(40960K), 0.0005420 secs] [Times: user=0.00 sys=0.00, real=0.00 secs] 
269.041: Total time for which application threads were stopped: 0.0006820 seconds, Stopping threads took: 0.0000670 seconds
269.094: Application time: 0.0532790 seconds
269.094: [GC [PSYoungGen: 13759K->736K(14336K)] 21555K->8763K(40960K), 0.0004610 secs] [Times: user=0.00 sys=0.00, real=0.00 secs] 
269.095: Total time for which application threads were stopped: 0.0005770 seconds, Stopping threads took: 0.0000570 seconds
269.153: Application time: 0.0578840 seconds
269.153: [GC [PSYoungGen: 14045K->0K(14336K)] 22072K->8648K(40960K), 0.0004550 secs] [Times: user=0.00 sys=0.00, real=0.00 secs] 
269.153: Total time for which application threads were stopped: 0.0005760 seconds, Stopping threads took: 0.0000610 seconds
269.211: Application time: 0.0580420 seconds
269.211: [GC [PSYoungGen: 13309K->0K(14336K)] 21958K->8648K(40960K), 0.0003440 secs] [Times: user=0.00 sys=0.00, real=0.00 secs] 
269.212: Total time for which application threads were stopped: 0.0004760 seconds, Stopping threads took: 0.0000700 seconds
269.270: Application time: 0.0584610 seconds
269.270: [GC [PSYoungGen: 13309K->0K(14336K)] 21958K->8648K(40960K), 0.0003390 secs] [Times: user=0.00 sys=0.00, real=0.00 secs] 
269.271: Total time for which application threads were stopped: 0.0004580 seconds, Stopping threads took: 0.0000610 seconds
269.327: Application time: 0.0561100 seconds
269.327: [GC [PSYoungGen: 13200K->416K(14336K)] 21849K->9064K(40960K), 0.0003630 secs] [Times: user=0.00 sys=0.00, real=0.00 secs] 
269.327: Total time for which application threads were stopped: 0.0004760 seconds, Stopping threads took: 0.0000560 seconds
269.384: Application time: 0.0567440 seconds
269.384: [GC [PSYoungGen: 13726K->544K(14336K)] 22375K->9432K(40960K), 0.0004100 secs] [Times: user=0.00 sys=0.00, real=0.00 secs] 
269.385: Total time for which application threads were stopped: 0.0005340 seconds, Stopping threads took: 0.0000480 seconds
269.442: Application time: 0.0579630 seconds
269.443: [GC [PSYoungGen: 13852K->352K(14336K)] 22741K->9461K(40960K), 0.0004380 secs] [Times: user=0.00 sys=0.00, real=0.00 secs] 
269.443: Total time for which application threads were stopped: 0.0005600 seconds, Stopping threads took: 0.0000630 seconds
269.503: Application time: 0.0597280 seconds
269.503: [GC [PSYoungGen: 13661K->0K(14336K)] 22770K->9322K(40960K), 0.0003690 secs] [Times: user=0.00 sys=0.00, real=0.00 secs] 
269.503: Total time for which application threads were stopped: 0.0004730 seconds, Stopping threads took: 0.0000450 seconds
269.562: Application time: 0.0588660 seconds
269.562: [GC [PSYoungGen: 13309K->0K(14336K)] 22631K->9322K(40960K), 0.0004490 secs] [Times: user=0.00 sys=0.00, real=0.00 secs] 
269.563: Total time for which application threads were stopped: 0.0005660 seconds, Stopping threads took: 0.0000560 seconds
269.614: Application time: 0.0510820 seconds
269.614: [GC [PSYoungGen: 13310K->320K(14336K)] 22632K->9642K(40960K), 0.0003860 secs] [Times: user=0.00 sys=0.00, real=0.00 secs] 
269.614: Total time for which application threads were stopped: 0.0004980 seconds, Stopping threads took: 0.0000480 seconds
269.653: Application time: 0.0387490 seconds
269.653: [GC [PSYoungGen: 13627K->512K(14336K)] 22949K->9850K(40960K), 0.0003990 secs] [Times: user=0.00 sys=0.00, real=0.00 secs] 
269.654: Total time for which application threads were stopped: 0.0004970 seconds, Stopping threads took: 0.0000350 seconds
269.700: Application time: 0.0467610 seconds
269.700: [GC [PSYoungGen: 13821K->384K(14336K)] 23159K->9938K(40960K), 0.0003920 secs] [Times: user=0.00 sys=0.00, real=0.00 secs] 
269.701: Total time for which application threads were stopped: 0.0005030 seconds, Stopping threads took: 0.0000520 seconds
269.757: Application time: 0.0560770 seconds
269.757: [GC [PSYoungGen: 13692K->480K(14336K)] 23246K->10050K(40960K), 0.0004330 secs] [Times: user=0.00 sys=0.00, real=0.00 secs] 
269.757: Total time for which application threads were stopped: 0.0005460 seconds, Stopping threads took: 0.0000500 seconds
269.816: Application time: 0.0585290 seconds
269.816: [GC [PSYoungGen: 13789K->0K(14336K)] 23359K->9979K(40960K), 0.0004100 secs] [Times: user=0.00 sys=0.00, real=0.00 secs] 
269.816: Total time for which application threads were stopped: 0.0005390 seconds, Stopping threads took: 0.0000660 seconds
269.875: Application time: 0.0586490 seconds
269.875: [GC [PSYoungGen: 13309K->0K(14336K)] 23288K->9979K(40960K), 0.0003600 secs] [Times: user=0.00 sys=0.00, real=0.00 secs] 
269.876: Total time for which application threads were stopped: 0.0004800 seconds, Stopping threads took: 0.0000590 seconds
269.934: Application time: 0.0588220 seconds
269.935: [GC [PSYoungGen: 13309K->0K(14336K)] 23288K->9979K(40960K), 0.0004160 secs] [Times: user=0.00 sys=0.00, real=0.00 secs] 
269.935: Total time for which application threads were stopped: 0.0005540 seconds, Stopping threads took: 0.0000630 seconds
269.994: Application time: 0.0585270 seconds
269.994: [GC [PSYoungGen: 13309K->0K(14336K)] 23288K->9979K(40960K), 0.0003760 secs] [Times: user=0.00 sys=0.00, real=0.00 secs] 
269.994: Total time for which application threads were stopped: 0.0004990 seconds, Stopping threads took: 0.0000600 seconds
270.050: Application time: 0.0564240 seconds
270.051: [GC [PSYoungGen: 13311K->384K(14336K)] 23290K->10363K(40960K), 0.0004050 secs] [Times: user=0.00 sys=0.00, real=0.00 secs] 
270.051: Total time for which application threads were stopped: 0.0005280 seconds, Stopping threads took: 0.0000650 seconds
270.092: Application time: 0.0407600 seconds
270.092: [GC [PSYoungGen: 13692K->608K(14336K)] 23671K->10847K(40960K), 0.0004400 secs] [Times: user=0.00 sys=0.00, real=0.00 secs] 
270.092: Total time for which application threads were stopped: 0.0005770 seconds, Stopping threads took: 0.0000730 seconds
270.147: Application time: 0.0550040 seconds
270.147: [GC [PSYoungGen: 13919K->400K(14336K)] 24159K->10895K(40960K), 0.0004180 secs] [Times: user=0.00 sys=0.00, real=0.00 secs] 
270.148: Total time for which application threads were stopped: 0.0005310 seconds, Stopping threads took: 0.0000530 seconds
270.206: Application time: 0.0577080 seconds
270.206: [GC [PSYoungGen: 13711K->352K(14336K)] 24207K->10903K(40960K), 0.0004080 secs] [Times: user=0.00 sys=0.00, real=0.00 secs] 
270.206: Total time for which application threads were stopped: 0.0005230 seconds, Stopping threads took: 0.0000530 seconds
270.265: Application time: 0.0585170 seconds
270.265: [GC [PSYoungGen: 13661K->0K(14336K)] 24213K->10783K(40960K), 0.0003870 secs] [Times: user=0.00 sys=0.00, real=0.00 secs] 
270.265: Total time for which application threads were stopped: 0.0005090 seconds, Stopping threads took: 0.0000640 seconds
270.325: Application time: 0.0595490 seconds
270.325: [GC [PSYoungGen: 13309K->0K(14336K)] 24093K->10783K(40960K), 0.0003560 secs] [Times: user=0.00 sys=0.00, real=0.00 secs] 
270.325: Total time for which application threads were stopped: 0.0004690 seconds, Stopping threads took: 0.0000530 seconds
270.375: Application time: 0.0499580 seconds
270.375: [GC [PSYoungGen: 13310K->320K(14336K)] 24094K->11103K(40960K), 0.0004370 secs] [Times: user=0.00 sys=0.00, real=0.00 secs] 
270.376: Total time for which application threads were stopped: 0.0005570 seconds, Stopping threads took: 0.0000520 seconds
270.409: Application time: 0.0330750 seconds
270.409: [GC [PSYoungGen: 13629K->480K(14336K)] 24413K->11319K(40960K), 0.0004310 secs] [Times: user=0.01 sys=0.00, real=0.00 secs] 
270.409: Total time for which application threads were stopped: 0.0005420 seconds, Stopping threads took: 0.0000470 seconds
270.461: Application time: 0.0517580 seconds
270.461: [GC [PSYoungGen: 13789K->384K(14336K)] 24629K->11436K(40960K), 0.0004040 secs] [Times: user=0.00 sys=0.00, real=0.00 secs] 
270.462: Total time for which application threads were stopped: 0.0005280 seconds, Stopping threads took: 0.0000550 seconds
270.516: Application time: 0.0543080 seconds
270.516: [GC [PSYoungGen: 13692K->768K(14336K)] 24744K->11828K(40960K), 0.0004610 secs] [Times: user=0.00 sys=0.00, real=0.00 secs] 
270.516: Total time for which application threads were stopped: 0.0005780 seconds, Stopping threads took: 0.0000530 seconds
270.573: Application time: 0.0562170 seconds
270.573: [GC [PSYoungGen: 14077K->288K(14336K)] 25137K->11980K(40960K), 0.0005360 secs] [Times: user=0.01 sys=0.00, real=0.00 secs] 
270.573: Total time for which application threads were stopped: 0.0006530 seconds, Stopping threads took: 0.0000570 seconds
270.614: Application time: 0.0404090 seconds
270.614: [GC [PSYoungGen: 13600K->448K(14336K)] 25292K->12148K(40960K), 0.0003870 secs] [Times: user=0.00 sys=0.00, real=0.00 secs] 
270.614: Total time for which application threads were stopped: 0.0004920 seconds, Stopping threads took: 0.0000420 seconds
270.655: Application time: 0.0412030 seconds
270.656: [GC [PSYoungGen: 13758K->480K(14336K)] 25459K->12317K(40960K), 0.0004390 secs] [Times: user=0.00 sys=0.00, real=0.00 secs] 
270.656: Total time for which application threads were stopped: 0.0005660 seconds, Stopping threads took: 0.0000670 seconds
270.695: Application time: 0.0389550 seconds
270.695: [GC [PSYoungGen: 13788K->736K(14336K)] 25625K->12757K(40960K), 0.0005020 secs] [Times: user=0.00 sys=0.00, real=0.00 secs] 
270.696: Total time for which application threads were stopped: 0.0006090 seconds, Stopping threads took: 0.0000480 seconds
270.747: Application time: 0.0514660 seconds
270.747: [GC [PSYoungGen: 14044K->512K(14336K)] 26065K->12785K(40960K), 0.0004640 secs] [Times: user=0.00 sys=0.00, real=0.00 secs] 
270.748: Total time for which application threads were stopped: 0.0005920 seconds, Stopping threads took: 0.0000660 seconds
270.802: Application time: 0.0547400 seconds
270.802: [GC [PSYoungGen: 13820K->576K(14336K)] 26094K->13073K(40960K), 0.0004400 secs] [Times: user=0.00 sys=0.00, real=0.00 secs] 
270.803: Total time for which application threads were stopped: 0.0005480 seconds, Stopping threads took: 0.0000490 seconds
270.859: Application time: 0.0561060 seconds
270.859: [GC [PSYoungGen: 13884K->352K(14336K)] 26382K->13254K(40960K), 0.0004330 secs] [Times: user=0.00 sys=0.00, real=0.00 secs] 
270.860: Total time for which application threads were stopped: 0.0005770 seconds, Stopping threads took: 0.0000780 seconds
270.918: Application time: 0.0580250 seconds
270.918: [GC [PSYoungGen: 13661K->0K(14336K)] 26563K->13114K(40960K), 0.0004130 secs] [Times: user=0.00 sys=0.00, real=0.00 secs] 
270.918: Total time for which application threads were stopped: 0.0005280 seconds, Stopping threads took: 0.0000520 seconds
270.976: Application time: 0.0581120 seconds
270.976: [GC [PSYoungGen: 13309K->0K(14336K)] 26424K->13114K(40960K), 0.0003550 secs] [Times: user=0.00 sys=0.00, real=0.00 secs] 
270.977: Total time for which application threads were stopped: 0.0004650 seconds, Stopping threads took: 0.0000410 seconds
271.033: Application time: 0.0563780 seconds
271.033: [GC [PSYoungGen: 13311K->320K(14336K)] 26425K->13434K(40960K), 0.0004420 secs] [Times: user=0.00 sys=0.00, real=0.00 secs] 
271.034: Total time for which application threads were stopped: 0.0005690 seconds, Stopping threads took: 0.0000680 seconds
271.090: Application time: 0.0560830 seconds
271.090: [GC [PSYoungGen: 13628K->512K(14336K)] 26743K->13831K(40960K), 0.0005230 secs] [Times: user=0.00 sys=0.00, real=0.00 secs] 
271.090: Total time for which application threads were stopped: 0.0006330 seconds, Stopping threads took: 0.0000480 seconds
271.149: Application time: 0.0582480 seconds
271.149: [GC [PSYoungGen: 13823K->320K(14336K)] 27142K->13860K(40960K), 0.0003970 secs] [Times: user=0.00 sys=0.00, real=0.00 secs] 
271.149: Total time for which application threads were stopped: 0.0005220 seconds, Stopping threads took: 0.0000590 seconds
271.208: Application time: 0.0589230 seconds
271.208: [GC [PSYoungGen: 13629K->0K(14336K)] 27169K->13760K(40960K), 0.0003750 secs] [Times: user=0.01 sys=0.00, real=0.00 secs] 
271.209: Total time for which application threads were stopped: 0.0004990 seconds, Stopping threads took: 0.0000560 seconds
271.267: Application time: 0.0586800 seconds
271.267: [GC [PSYoungGen: 13309K->0K(14336K)] 27070K->13760K(40960K), 0.0003470 secs] [Times: user=0.00 sys=0.00, real=0.00 secs] 
271.268: Total time for which application threads were stopped: 0.0004830 seconds, Stopping threads took: 0.0000600 seconds
271.318: Application time: 0.0497660 seconds
271.318: [GC [PSYoungGen: 13311K->384K(14336K)] 27072K->14144K(40960K), 0.0004110 secs] [Times: user=0.00 sys=0.00, real=0.00 secs] 
271.318: Total time for which application threads were stopped: 0.0005190 seconds, Stopping threads took: 0.0000490 seconds
271.359: Application time: 0.0404700 seconds
271.359: [GC [PSYoungGen: 13692K->544K(14336K)] 27453K->14312K(40960K), 0.0004100 secs] [Times: user=0.00 sys=0.00, real=0.00 secs] 
271.359: Total time for which application threads were stopped: 0.0005290 seconds, Stopping threads took: 0.0000590 seconds
271.405: Application time: 0.0457810 seconds
271.405: [GC [PSYoungGen: 13853K->416K(14336K)] 27621K->14389K(40960K), 0.0004380 secs] [Times: user=0.00 sys=0.00, real=0.00 secs] 
271.405: Total time for which application threads were stopped: 0.0005520 seconds, Stopping threads took: 0.0000530 seconds
271.462: Application time: 0.0560910 seconds
271.462: [GC [PSYoungGen: 13726K->512K(14336K)] 27699K->14501K(40960K), 0.0004160 secs] [Times: user=0.00 sys=0.00, real=0.00 secs] 
271.462: Total time for which application threads were stopped: 0.0005340 seconds, Stopping threads took: 0.0000560 seconds
271.521: Application time: 0.0588940 seconds
271.521: [GC [PSYoungGen: 13821K->0K(14336K)] 27810K->14398K(40960K), 0.0004080 secs] [Times: user=0.00 sys=0.00, real=0.00 secs] 
271.521: Total time for which application threads were stopped: 0.0005420 seconds, Stopping threads took: 0.0000620 seconds
271.580: Application time: 0.0584590 seconds
271.580: [GC [PSYoungGen: 13309K->0K(14336K)] 27707K->14398K(40960K), 0.0004200 secs] [Times: user=0.00 sys=0.00, real=0.00 secs] 
271.580: Total time for which application threads were stopped: 0.0005380 seconds, Stopping threads took: 0.0000570 seconds
271.640: Application time: 0.0596210 seconds
271.640: [GC [PSYoungGen: 13311K->0K(14336K)] 27710K->14398K(40960K), 0.0003080 secs] [Times: user=0.01 sys=0.00, real=0.00 secs] 
271.641: Total time for which application threads were stopped: 0.0004260 seconds, Stopping threads took: 0.0000640 seconds
271.699: Application time: 0.0583910 seconds
271.699: [GC [PSYoungGen: 13309K->0K(14336K)] 27707K->14398K(40960K), 0.0003900 secs] [Times: user=0.00 sys=0.00, real=0.00 secs] 
271.701: Total time for which application threads were stopped: 0.0016920 seconds, Stopping threads took: 0.0000570 seconds
271.757: Application time: 0.0562080 seconds
271.757: [GC [PSYoungGen: 13309K->384K(14336K)] 27707K->14782K(40960K), 0.0004120 secs] [Times: user=0.01 sys=0.00, real=0.00 secs] 
271.757: Total time for which application threads were stopped: 0.0005410 seconds, Stopping threads took: 0.0000660 seconds
271.800: Application time: 0.0424820 seconds
271.800: [GC [PSYoungGen: 13691K->576K(14336K)] 28089K->15226K(40960K), 0.0004630 secs] [Times: user=0.00 sys=0.00, real=0.00 secs] 
271.800: Total time for which application threads were stopped: 0.0005800 seconds, Stopping threads took: 0.0000540 seconds
271.854: Application time: 0.0535070 seconds
271.854: [GC [PSYoungGen: 13887K->384K(14336K)] 28537K->15286K(40960K), 0.0004120 secs] [Times: user=0.00 sys=0.00, real=0.00 secs] 
271.854: Total time for which application threads were stopped: 0.0005310 seconds, Stopping threads took: 0.0000600 seconds
271.912: Application time: 0.0575430 seconds
271.912: [GC [PSYoungGen: 13692K->352K(14336K)] 28595K->15318K(40960K), 0.0004060 secs] [Times: user=0.00 sys=0.00, real=0.00 secs] 
271.913: Total time for which application threads were stopped: 0.0005270 seconds, Stopping threads took: 0.0000650 seconds
271.971: Application time: 0.0588530 seconds
271.972: [GC [PSYoungGen: 13661K->0K(14336K)] 28628K->15182K(40960K), 0.0003980 secs] [Times: user=0.00 sys=0.00, real=0.01 secs] 
271.972: Total time for which application threads were stopped: 0.0005200 seconds, Stopping threads took: 0.0000600 seconds
272.030: Application time: 0.0584920 seconds
272.031: [GC [PSYoungGen: 13309K->0K(14336K)] 28492K->15182K(40960K), 0.0003580 secs] [Times: user=0.00 sys=0.00, real=0.00 secs] 
272.031: Total time for which application threads were stopped: 0.0005030 seconds, Stopping threads took: 0.0000750 seconds
272.081: Application time: 0.0496050 seconds
272.081: [GC [PSYoungGen: 13308K->512K(14336K)] 28491K->15694K(40960K), 0.0003980 secs] [Times: user=0.01 sys=0.00, real=0.00 secs] 
272.081: Total time for which application threads were stopped: 0.0005210 seconds, Stopping threads took: 0.0000610 seconds
272.115: Application time: 0.0339980 seconds
272.115: [GC [PSYoungGen: 13823K->384K(14336K)] 29006K->15819K(40960K), 0.0004360 secs] [Times: user=0.00 sys=0.00, real=0.00 secs] 
272.116: Total time for which application threads were stopped: 0.0005680 seconds, Stopping threads took: 0.0000640 seconds
272.167: Application time: 0.0514950 seconds
272.167: [GC [PSYoungGen: 13695K->512K(14336K)] 29131K->15955K(40960K), 0.0004500 secs] [Times: user=0.00 sys=0.00, real=0.00 secs] 
272.168: Total time for which application threads were stopped: 0.0005630 seconds, Stopping threads took: 0.0000510 seconds
272.222: Application time: 0.0542510 seconds
272.222: [GC [PSYoungGen: 13822K->768K(14336K)] 29266K->16227K(40960K), 0.0004470 secs] [Times: user=0.00 sys=0.00, real=0.00 secs] 
272.223: Total time for which application threads were stopped: 0.0005740 seconds, Stopping threads took: 0.0000660 seconds
272.276: Application time: 0.0538930 seconds
272.277: [GC [PSYoungGen: 14079K->320K(14336K)] 29538K->16409K(40960K), 0.0004890 secs] [Times: user=0.01 sys=0.00, real=0.00 secs] 
272.277: Total time for which application threads were stopped: 0.0006210 seconds, Stopping threads took: 0.0000710 seconds
272.320: Application time: 0.0425960 seconds
272.320: [GC [PSYoungGen: 13629K->384K(14336K)] 29718K->16489K(40960K), 0.0004240 secs] [Times: user=0.00 sys=0.00, real=0.00 secs] 
272.320: Total time for which application threads were stopped: 0.0005520 seconds, Stopping threads took: 0.0000600 seconds
272.364: Application time: 0.0434780 seconds
272.364: [GC [PSYoungGen: 13691K->320K(14336K)] 29797K->16669K(40960K), 0.0004800 secs] [Times: user=0.00 sys=0.00, real=0.01 secs] 
272.364: Total time for which application threads were stopped: 0.0006010 seconds, Stopping threads took: 0.0000580 seconds
272.402: Application time: 0.0382190 seconds
272.403: [GC [PSYoungGen: 13628K->800K(14336K)] 29977K->17205K(40960K), 0.0004550 secs] [Times: user=0.00 sys=0.00, real=0.00 secs] 
272.403: Total time for which application threads were stopped: 0.0005630 seconds, Stopping threads took: 0.0000480 seconds
272.452: Application time: 0.0490720 seconds
272.452: [GC [PSYoungGen: 14111K->480K(14336K)] 30517K->17130K(40960K), 0.0005310 secs] [Times: user=0.01 sys=0.00, real=0.00 secs] 
272.453: Total time for which application threads were stopped: 0.0006400 seconds, Stopping threads took: 0.0000460 seconds
272.508: Application time: 0.0556420 seconds
272.508: [GC [PSYoungGen: 13788K->544K(14336K)] 30439K->17410K(40960K), 0.0004070 secs] [Times: user=0.01 sys=0.00, real=0.00 secs] 
272.509: Total time for which application threads were stopped: 0.0005130 seconds, Stopping threads took: 0.0000490 seconds
272.564: Application time: 0.0552600 seconds
272.564: [GC [PSYoungGen: 13855K->576K(14336K)] 30722K->17662K(40960K), 0.0004670 secs] [Times: user=0.00 sys=0.00, real=0.00 secs] 
272.565: Total time for which application threads were stopped: 0.0006050 seconds, Stopping threads took: 0.0000670 seconds
272.623: Application time: 0.0585400 seconds
272.623: [GC [PSYoungGen: 13885K->0K(13824K)] 30972K->17499K(40448K), 0.0004660 secs] [Times: user=0.00 sys=0.00, real=0.01 secs] 
272.624: Total time for which application threads were stopped: 0.0005840 seconds, Stopping threads took: 0.0000570 seconds
272.688: Application time: 0.0638590 seconds
272.688: [GC [PSYoungGen: 13309K->0K(14336K)] 30809K->17499K(40960K), 0.0003760 secs] [Times: user=0.01 sys=0.00, real=0.00 secs] 
272.688: Total time for which application threads were stopped: 0.0005160 seconds, Stopping threads took: 0.0000710 seconds
272.750: Application time: 0.0621550 seconds
272.751: [GC [PSYoungGen: 13308K->352K(13824K)] 30808K->17851K(40448K), 0.0004710 secs] [Times: user=0.00 sys=0.00, real=0.00 secs] 
272.751: Total time for which application threads were stopped: 0.0006010 seconds, Stopping threads took: 0.0000680 seconds
272.813: Application time: 0.0615820 seconds
272.813: [GC [PSYoungGen: 13662K->544K(14336K)] 31162K->18259K(40960K), 0.0004480 secs] [Times: user=0.00 sys=0.00, real=0.00 secs] 
272.813: Total time for which application threads were stopped: 0.0005840 seconds, Stopping threads took: 0.0000730 seconds
272.877: Application time: 0.0639880 seconds
272.877: [GC [PSYoungGen: 13852K->384K(13824K)] 31568K->18328K(40448K), 0.0004650 secs] [Times: user=0.00 sys=0.00, real=0.00 secs] 
272.878: Total time for which application threads were stopped: 0.0006020 seconds, Stopping threads took: 0.0000680 seconds
272.943: Application time: 0.0649040 seconds
272.943: [GC [PSYoungGen: 13693K->0K(14336K)] 31637K->18176K(40960K), 0.0003980 secs] [Times: user=0.00 sys=0.00, real=0.00 secs] 
272.943: Total time for which application threads were stopped: 0.0005220 seconds, Stopping threads took: 0.0000620 seconds
273.008: Application time: 0.0648510 seconds
273.008: [GC [PSYoungGen: 13309K->0K(13824K)] 31485K->18176K(40448K), 0.0004090 secs] [Times: user=0.00 sys=0.00, real=0.00 secs] 
273.009: Total time for which application threads were stopped: 0.0005240 seconds, Stopping threads took: 0.0000470 seconds
273.068: Application time: 0.0598570 seconds
273.069: [GC [PSYoungGen: 13311K->384K(14336K)] 31487K->18560K(40960K), 0.0003900 secs] [Times: user=0.00 sys=0.00, real=0.00 secs] 
273.069: Total time for which application threads were stopped: 0.0005200 seconds, Stopping threads took: 0.0000570 seconds
273.110: Application time: 0.0413690 seconds
273.110: [GC [PSYoungGen: 13696K->576K(14336K)] 31872K->18776K(40960K), 0.0004430 secs] [Times: user=0.00 sys=0.00, real=0.00 secs] 
273.111: Total time for which application threads were stopped: 0.0005760 seconds, Stopping threads took: 0.0000670 seconds
273.161: Application time: 0.0498940 seconds
273.161: [GC [PSYoungGen: 13887K->384K(13824K)] 32087K->18796K(40448K), 0.0005130 secs] [Times: user=0.00 sys=0.00, real=0.00 secs] 
273.161: Total time for which application threads were stopped: 0.0006450 seconds, Stopping threads took: 0.0000680 seconds
273.223: Application time: 0.0616710 seconds
273.223: [GC [PSYoungGen: 13692K->608K(14336K)] 32105K->19044K(40960K), 0.0004860 secs] [Times: user=0.01 sys=0.00, real=0.00 secs] 
273.224: Total time for which application threads were stopped: 0.0006230 seconds, Stopping threads took: 0.0000630 seconds
273.288: Application time: 0.0641370 seconds
273.288: [GC [PSYoungGen: 13917K->0K(14336K)] 32354K->18860K(40960K), 0.0004490 secs] [Times: user=0.00 sys=0.00, real=0.00 secs] 
273.289: Total time for which application threads were stopped: 0.0005810 seconds, Stopping threads took: 0.0000670 seconds
273.354: Application time: 0.0654050 seconds
273.354: [GC [PSYoungGen: 13309K->0K(14336K)] 32170K->18860K(40960K), 0.0003570 secs] [Times: user=0.00 sys=0.00, real=0.00 secs] 
273.354: Total time for which application threads were stopped: 0.0004770 seconds, Stopping threads took: 0.0000600 seconds
273.419: Application time: 0.0643050 seconds
273.419: [GC [PSYoungGen: 13309K->0K(14336K)] 32170K->18860K(40960K), 0.0003790 secs] [Times: user=0.00 sys=0.00, real=0.00 secs] 
273.419: Total time for which application threads were stopped: 0.0004960 seconds, Stopping threads took: 0.0000540 seconds
273.484: Application time: 0.0643720 seconds
273.484: [GC [PSYoungGen: 13309K->0K(14336K)] 32170K->18860K(40960K), 0.0003860 secs] [Times: user=0.00 sys=0.00, real=0.01 secs] 
273.484: Total time for which application threads were stopped: 0.0005210 seconds, Stopping threads took: 0.0000690 seconds
273.543: Application time: 0.0591930 seconds
273.543: [GC [PSYoungGen: 13309K->608K(14336K)] 32170K->19468K(40960K), 0.0005140 secs] [Times: user=0.00 sys=0.00, real=0.01 secs] 
273.544: Total time for which application threads were stopped: 0.0006390 seconds, Stopping threads took: 0.0000550 seconds
273.589: Application time: 0.0454930 seconds
273.590: [GC [PSYoungGen: 13915K->576K(14336K)] 32776K->19684K(40960K), 0.0005010 secs] [Times: user=0.00 sys=0.00, real=0.00 secs] 
273.590: Total time for which application threads were stopped: 0.0006310 seconds, Stopping threads took: 0.0000570 seconds
273.651: Application time: 0.0612140 seconds
273.651: [GC [PSYoungGen: 13887K->352K(14336K)] 32996K->19729K(40960K), 0.0004530 secs] [Times: user=0.00 sys=0.00, real=0.01 secs] 
273.652: Total time for which application threads were stopped: 0.0005690 seconds, Stopping threads took: 0.0000510 seconds
273.715: Application time: 0.0632810 seconds
273.715: [GC [PSYoungGen: 13660K->352K(14336K)] 33037K->19785K(40960K), 0.0004130 secs] [Times: user=0.00 sys=0.00, real=0.00 secs] 
273.716: Total time for which application threads were stopped: 0.0005470 seconds, Stopping threads took: 0.0000690 seconds
273.780: Application time: 0.0645050 seconds
273.780: [GC [PSYoungGen: 13661K->0K(14336K)] 33094K->19657K(40960K), 0.0004630 secs] [Times: user=0.00 sys=0.00, real=0.00 secs] 
273.781: Total time for which application threads were stopped: 0.0005850 seconds, Stopping threads took: 0.0000590 seconds
273.845: Application time: 0.0643350 seconds
273.845: [GC [PSYoungGen: 13309K->0K(14336K)] 32966K->19657K(40960K), 0.0003590 secs] [Times: user=0.00 sys=0.00, real=0.00 secs] 
273.846: Total time for which application threads were stopped: 0.0004850 seconds, Stopping threads took: 0.0000600 seconds
273.907: Application time: 0.0614720 seconds
273.907: [GC [PSYoungGen: 13310K->224K(14336K)] 32968K->19881K(40960K), 0.0004690 secs] [Times: user=0.00 sys=0.00, real=0.00 secs] 
273.908: Total time for which application threads were stopped: 0.0005860 seconds, Stopping threads took: 0.0000530 seconds
273.948: Application time: 0.0401160 seconds
273.948: [GC [PSYoungGen: 13534K->512K(14336K)] 33192K->20177K(40960K), 0.0004800 secs] [Times: user=0.00 sys=0.00, real=0.00 secs] 
273.948: Total time for which application threads were stopped: 0.0006070 seconds, Stopping threads took: 0.0000620 seconds
273.996: Application time: 0.0472680 seconds
273.996: [GC [PSYoungGen: 13822K->544K(14336K)] 33488K->20257K(40960K), 0.0004350 secs] [Times: user=0.00 sys=0.00, real=0.00 secs] 
273.996: Total time for which application threads were stopped: 0.0005450 seconds, Stopping threads took: 0.0000480 seconds
274.055: Application time: 0.0587340 seconds
274.055: [GC [PSYoungGen: 13854K->704K(14336K)] 33568K->20425K(40960K), 0.0004890 secs] [Times: user=0.00 sys=0.00, real=0.00 secs] 
274.056: Total time for which application threads were stopped: 0.0006050 seconds, Stopping threads took: 0.0000550 seconds
274.116: Application time: 0.0599970 seconds
274.116: [GC [PSYoungGen: 14014K->320K(14336K)] 33736K->20670K(40960K), 0.0005210 secs] [Times: user=0.01 sys=0.00, real=0.00 secs] 
274.116: Total time for which application threads were stopped: 0.0006470 seconds, Stopping threads took: 0.0000550 seconds
274.163: Application time: 0.0465030 seconds
274.163: [GC [PSYoungGen: 13629K->384K(14336K)] 33980K->20750K(40960K), 0.0004010 secs] [Times: user=0.00 sys=0.00, real=0.00 secs] 
274.163: Total time for which application threads were stopped: 0.0005190 seconds, Stopping threads took: 0.0000550 seconds
274.212: Application time: 0.0483810 seconds
274.212: [GC [PSYoungGen: 13694K->384K(14336K)] 34061K->21011K(40960K), 0.0004360 secs] [Times: user=0.00 sys=0.00, real=0.01 secs] 
274.212: Total time for which application threads were stopped: 0.0005640 seconds, Stopping threads took: 0.0000630 seconds
274.254: Application time: 0.0415520 seconds
274.254: [GC [PSYoungGen: 13694K->768K(14336K)] 34321K->21443K(40960K), 0.0004810 secs] [Times: user=0.01 sys=0.00, real=0.00 secs] 
274.254: Total time for which application threads were stopped: 0.0005920 seconds, Stopping threads took: 0.0000480 seconds
274.308: Application time: 0.0535570 seconds
274.308: [GC [PSYoungGen: 14079K->576K(14336K)] 34754K->21503K(40960K), 0.0004820 secs] [Times: user=0.01 sys=0.00, real=0.00 secs] 
274.308: Total time for which application threads were stopped: 0.0005930 seconds, Stopping threads took: 0.0000480 seconds
274.369: Application time: 0.0609200 seconds
274.369: [GC [PSYoungGen: 13884K->544K(14336K)] 34812K->21692K(40960K), 0.0004580 secs] [Times: user=0.00 sys=0.00, real=0.00 secs] 
274.370: Total time for which application threads were stopped: 0.0005750 seconds, Stopping threads took: 0.0000550 seconds
274.431: Application time: 0.0608190 seconds
274.431: [GC [PSYoungGen: 13853K->576K(14336K)] 35001K->21936K(40960K), 0.0004680 secs] [Times: user=0.00 sys=0.00, real=0.00 secs] 
274.431: Total time for which application threads were stopped: 0.0005910 seconds, Stopping threads took: 0.0000550 seconds
274.495: Application time: 0.0637910 seconds
274.495: [GC [PSYoungGen: 13885K->0K(14336K)] 35246K->21778K(40960K), 0.0004550 secs] [Times: user=0.00 sys=0.00, real=0.00 secs] 
274.496: Total time for which application threads were stopped: 0.0005890 seconds, Stopping threads took: 0.0000700 seconds
274.560: Application time: 0.0639840 seconds
274.560: [GC [PSYoungGen: 13309K->0K(14336K)] 35087K->21778K(40960K), 0.0004220 secs] [Times: user=0.00 sys=0.00, real=0.00 secs] 
274.560: Total time for which application threads were stopped: 0.0005540 seconds, Stopping threads took: 0.0000650 seconds
274.623: Application time: 0.0623050 seconds
274.623: [GC [PSYoungGen: 13308K->384K(14336K)] 35086K->22162K(40960K), 0.0004180 secs] [Times: user=0.00 sys=0.00, real=0.00 secs] 
274.623: Total time for which application threads were stopped: 0.0005480 seconds, Stopping threads took: 0.0000530 seconds
274.686: Application time: 0.0626270 seconds
274.686: [GC [PSYoungGen: 13692K->512K(14336K)] 35470K->22510K(40960K), 0.0004640 secs] [Times: user=0.00 sys=0.00, real=0.00 secs] 
274.686: Total time for which application threads were stopped: 0.0005860 seconds, Stopping threads took: 0.0000640 seconds
274.750: Application time: 0.0639790 seconds
274.750: [GC [PSYoungGen: 13820K->352K(14336K)] 35819K->22571K(40960K), 0.0004350 secs] [Times: user=0.00 sys=0.00, real=0.00 secs] 
274.751: Total time for which application threads were stopped: 0.0005610 seconds, Stopping threads took: 0.0000630 seconds
274.816: Application time: 0.0653540 seconds
274.816: [GC [PSYoungGen: 13661K->0K(14336K)] 35880K->22431K(40960K), 0.0004700 secs] [Times: user=0.00 sys=0.00, real=0.00 secs] 
274.817: Total time for which application threads were stopped: 0.0005960 seconds, Stopping threads took: 0.0000620 seconds
274.883: Application time: 0.0661640 seconds
274.883: [GC [PSYoungGen: 13311K->0K(14336K)] 35743K->22431K(40960K), 0.0003600 secs] [Times: user=0.01 sys=0.00, real=0.00 secs] 
274.884: Total time for which application threads were stopped: 0.0004920 seconds, Stopping threads took: 0.0000710 seconds
274.941: Application time: 0.0572770 seconds
274.941: [GC [PSYoungGen: 13311K->384K(14336K)] 35743K->22815K(40960K), 0.0003880 secs] [Times: user=0.01 sys=0.00, real=0.00 secs] 
274.941: Total time for which application threads were stopped: 0.0005020 seconds, Stopping threads took: 0.0000530 seconds
274.985: Application time: 0.0435270 seconds
274.985: [GC [PSYoungGen: 13694K->512K(14336K)] 36126K->22951K(40960K), 0.0004720 secs] [Times: user=0.00 sys=0.00, real=0.00 secs] 
274.985: Total time for which application threads were stopped: 0.0005900 seconds, Stopping threads took: 0.0000580 seconds
275.035: Application time: 0.0496190 seconds
275.035: [GC [PSYoungGen: 13823K->352K(14336K)] 36262K->23028K(40960K), 0.0004420 secs] [Times: user=0.00 sys=0.00, real=0.00 secs] 
275.036: Total time for which application threads were stopped: 0.0005720 seconds, Stopping threads took: 0.0000610 seconds
275.097: Application time: 0.0616990 seconds
275.100: [GC [PSYoungGen: 13662K->480K(14336K)] 36338K->23172K(40960K), 0.0005190 secs] [Times: user=0.00 sys=0.00, real=0.00 secs] 
275.100: Total time for which application threads were stopped: 0.0030960 seconds, Stopping threads took: 0.0025030 seconds
275.165: Application time: 0.0645160 seconds
275.165: [GC [PSYoungGen: 13789K->0K(14336K)] 36481K->23120K(40960K), 0.0004220 secs] [Times: user=0.00 sys=0.00, real=0.00 secs] 
275.166: Total time for which application threads were stopped: 0.0005840 seconds, Stopping threads took: 0.0000860 seconds
275.231: Application time: 0.0650790 seconds
275.231: [GC [PSYoungGen: 13309K->0K(14336K)] 36430K->23120K(40960K), 0.0003670 secs] [Times: user=0.00 sys=0.00, real=0.00 secs] 
275.231: Total time for which application threads were stopped: 0.0004910 seconds, Stopping threads took: 0.0000620 seconds
275.296: Application time: 0.0650910 seconds
275.296: [GC [PSYoungGen: 13309K->0K(14336K)] 36430K->23120K(40960K), 0.0003960 secs] [Times: user=0.00 sys=0.00, real=0.00 secs] 
275.297: Total time for which application threads were stopped: 0.0005120 seconds, Stopping threads took: 0.0000570 seconds
275.361: Application time: 0.0646040 seconds
275.361: [GC [PSYoungGen: 13311K->0K(14336K)] 36432K->23120K(40960K), 0.0003620 secs] [Times: user=0.00 sys=0.00, real=0.00 secs] 
275.362: Total time for which application threads were stopped: 0.0004820 seconds, Stopping threads took: 0.0000530 seconds
275.420: Application time: 0.0583390 seconds
275.420: [GC [PSYoungGen: 13311K->544K(14336K)] 36432K->23664K(40960K), 0.0004890 secs] [Times: user=0.00 sys=0.00, real=0.00 secs] 
275.421: Total time for which application threads were stopped: 0.0006050 seconds, Stopping threads took: 0.0000500 seconds
275.465: Application time: 0.0445060 seconds
275.465: [GC [PSYoungGen: 13852K->640K(14336K)] 36973K->24013K(40960K), 0.0004880 secs] [Times: user=0.00 sys=0.00, real=0.00 secs] 
275.466: Total time for which application threads were stopped: 0.0006060 seconds, Stopping threads took: 0.0000530 seconds
275.530: Application time: 0.0644470 seconds
275.530: [GC [PSYoungGen: 13951K->0K(14336K)] 37324K->23837K(40960K), 0.0004630 secs] [Times: user=0.00 sys=0.00, real=0.00 secs] 
275.531: Total time for which application threads were stopped: 0.0006050 seconds, Stopping threads took: 0.0000750 seconds
275.595: Application time: 0.0637110 seconds
275.595: [GC [PSYoungGen: 13308K->320K(14336K)] 37146K->24157K(40960K), 0.0004440 secs] [Times: user=0.00 sys=0.00, real=0.00 secs] 
275.595: Total time for which application threads were stopped: 0.0005610 seconds, Stopping threads took: 0.0000520 seconds
275.660: Application time: 0.0646320 seconds
275.664: [GC [PSYoungGen: 13629K->0K(14336K)] 37466K->24066K(40960K), 0.0004370 secs] [Times: user=0.00 sys=0.00, real=0.00 secs] 
275.664: Total time for which application threads were stopped: 0.0044960 seconds, Stopping threads took: 0.0039930 seconds
275.730: Application time: 0.0653390 seconds
275.730: [GC [PSYoungGen: 13311K->0K(14336K)] 37377K->24066K(40960K), 0.0004070 secs] [Times: user=0.00 sys=0.00, real=0.00 secs] 
275.730: Total time for which application threads were stopped: 0.0005800 seconds, Stopping threads took: 0.0000940 seconds
275.795: Application time: 0.0646530 seconds
275.795: [GC [PSYoungGen: 13309K->0K(14336K)] 37375K->24066K(40960K), 0.0003830 secs] [Times: user=0.00 sys=0.00, real=0.00 secs] 
275.795: Total time for which application threads were stopped: 0.0005020 seconds, Stopping threads took: 0.0000590 seconds
275.845: Application time: 0.0499780 seconds
275.845: [GC [PSYoungGen: 13309K->544K(14336K)] 37375K->24610K(40960K), 0.0004160 secs] [Times: user=0.00 sys=0.00, real=0.00 secs] 
275.846: Total time for which application threads were stopped: 0.0005360 seconds, Stopping threads took: 0.0000570 seconds
275.884: Application time: 0.0383600 seconds
275.884: [GC [PSYoungGen: 13853K->640K(14336K)] 37919K->24754K(40960K), 0.0005620 secs] [Times: user=0.00 sys=0.00, real=0.00 secs] 
275.885: Total time for which application threads were stopped: 0.0006650 seconds, Stopping threads took: 0.0000400 seconds
275.942: Application time: 0.0568420 seconds
275.942: [GC [PSYoungGen: 13948K->704K(13824K)] 38062K->24850K(40448K), 0.0005220 secs] [Times: user=0.00 sys=0.00, real=0.00 secs] 
275.942: Total time for which application threads were stopped: 0.0006450 seconds, Stopping threads took: 0.0000560 seconds
275.998: Application time: 0.0558180 seconds
275.998: [GC [PSYoungGen: 13504K->496K(14336K)] 37650K->25051K(40960K), 0.0006380 secs] [Times: user=0.00 sys=0.00, real=0.00 secs] 
275.999: Total time for which application threads were stopped: 0.0007500 seconds, Stopping threads took: 0.0000500 seconds
276.044: Application time: 0.0451040 seconds
276.048: [GC [PSYoungGen: 13291K->352K(13312K)] 37846K->25143K(39936K), 0.0005170 secs] [Times: user=0.00 sys=0.00, real=0.00 secs] 
276.048: Total time for which application threads were stopped: 0.0042780 seconds, Stopping threads took: 0.0036970 seconds
276.106: Application time: 0.0573990 seconds
276.106: [GC [PSYoungGen: 13150K->416K(13824K)] 37941K->25463K(40448K), 0.0005180 secs] [Times: user=0.00 sys=0.00, real=0.00 secs] 
276.106: Total time for which application threads were stopped: 0.0006430 seconds, Stopping threads took: 0.0000600 seconds
276.140: Application time: 0.0333450 seconds
276.140: [GC [PSYoungGen: 13213K->672K(13824K)] 38261K->25956K(40448K), 0.0005490 secs] [Times: user=0.00 sys=0.00, real=0.00 secs] 
276.140: Total time for which application threads were stopped: 0.0006830 seconds, Stopping threads took: 0.0000680 seconds
276.194: Application time: 0.0534000 seconds
276.194: [GC [PSYoungGen: 13471K->544K(13824K)] 38756K->26081K(40448K), 0.0004930 secs] [Times: user=0.00 sys=0.00, real=0.00 secs] 
276.195: Total time for which application threads were stopped: 0.0006250 seconds, Stopping threads took: 0.0000720 seconds
276.253: Application time: 0.0586330 seconds
276.256: [GC [PSYoungGen: 13341K->512K(13824K)] 38878K->26081K(40448K), 0.0004080 secs] [Times: user=0.00 sys=0.00, real=0.00 secs] 
276.256: Total time for which application threads were stopped: 0.0031680 seconds, Stopping threads took: 0.0026870 seconds
276.316: Application time: 0.0592210 seconds
276.320: [GC [PSYoungGen: 13308K->448K(13824K)] 38877K->26445K(40448K), 0.0005030 secs] [Times: user=0.00 sys=0.00, real=0.00 secs] 
276.320: Total time for which application threads were stopped: 0.0048740 seconds, Stopping threads took: 0.0043070 seconds
276.381: Application time: 0.0606230 seconds
276.381: [GC [PSYoungGen: 13244K->480K(13312K)] 39241K->26709K(39936K), 0.0005100 secs] [Times: user=0.00 sys=0.00, real=0.00 secs] 
276.382: [Full GC [PSYoungGen: 480K->0K(13312K)] [ParOldGen: 26229K->4434K(26112K)] 26709K->4434K(39424K) [PSPermGen: 5580K->5580K(21504K)], 0.0062220 secs] [Times: user=0.02 sys=0.00, real=0.01 secs] 
276.388: Total time for which application threads were stopped: 0.0069350 seconds, Stopping threads took: 0.0000820 seconds
276.450: Application time: 0.0619440 seconds
276.450: [GC [PSYoungGen: 12799K->0K(13824K)] 17233K->4434K(39936K), 0.0003680 secs] [Times: user=0.00 sys=0.00, real=0.00 secs] 
276.450: Total time for which application threads were stopped: 0.0004950 seconds, Stopping threads took: 0.0000610 seconds
276.511: Application time: 0.0601880 seconds
276.511: [GC [PSYoungGen: 12798K->384K(13312K)] 17232K->4818K(39424K), 0.0003850 secs] [Times: user=0.00 sys=0.00, real=0.00 secs] 
276.511: Total time for which application threads were stopped: 0.0005220 seconds, Stopping threads took: 0.0000750 seconds
276.573: Application time: 0.0616850 seconds
276.573: [GC [PSYoungGen: 13183K->0K(13824K)] 17617K->4658K(39936K), 0.0004440 secs] [Times: user=0.00 sys=0.00, real=0.00 secs] 
276.573: Total time for which application threads were stopped: 0.0005820 seconds, Stopping threads took: 0.0000690 seconds
276.630: Application time: 0.0565510 seconds
276.630: [GC [PSYoungGen: 12797K->576K(13824K)] 17456K->5234K(39936K), 0.0004110 secs] [Times: user=0.00 sys=0.00, real=0.00 secs] 
276.630: Total time for which application threads were stopped: 0.0005330 seconds, Stopping threads took: 0.0000600 seconds
276.687: Application time: 0.0566680 seconds
276.687: [GC [PSYoungGen: 13375K->0K(13312K)] 18033K->5075K(39424K), 0.0004290 secs] [Times: user=0.00 sys=0.00, real=0.00 secs] 
276.688: Total time for which application threads were stopped: 0.0005560 seconds, Stopping threads took: 0.0000650 seconds
276.744: Application time: 0.0566040 seconds
276.744: [GC [PSYoungGen: 12799K->0K(13312K)] 17874K->5075K(39424K), 0.0004000 secs] [Times: user=0.00 sys=0.00, real=0.00 secs] 
276.746: Total time for which application threads were stopped: 0.0017140 seconds, Stopping threads took: 0.0000520 seconds
276.802: Application time: 0.0563050 seconds
276.802: [GC [PSYoungGen: 12799K->0K(13824K)] 17874K->5075K(39936K), 0.0003270 secs] [Times: user=0.00 sys=0.00, real=0.00 secs] 
276.803: Total time for which application threads were stopped: 0.0004630 seconds, Stopping threads took: 0.0000660 seconds
276.847: Application time: 0.0446400 seconds
276.848: [GC [PSYoungGen: 12797K->384K(13824K)] 17873K->5459K(39936K), 0.0003880 secs] [Times: user=0.00 sys=0.00, real=0.00 secs] 
276.848: Total time for which application threads were stopped: 0.0005230 seconds, Stopping threads took: 0.0000750 seconds
276.882: Application time: 0.0340610 seconds
276.884: [GC [PSYoungGen: 13183K->512K(13824K)] 18258K->5595K(39936K), 0.0004250 secs] [Times: user=0.01 sys=0.00, real=0.00 secs] 
276.884: Total time for which application threads were stopped: 0.0022620 seconds, Stopping threads took: 0.0017760 seconds
276.934: Application time: 0.0495960 seconds
276.934: [GC [PSYoungGen: 13311K->640K(13824K)] 18394K->5739K(39936K), 0.0004150 secs] [Times: user=0.01 sys=0.00, real=0.00 secs] 
276.934: Total time for which application threads were stopped: 0.0005250 seconds, Stopping threads took: 0.0000530 seconds
276.989: Application time: 0.0549020 seconds
276.989: [GC [PSYoungGen: 13436K->352K(13824K)] 18536K->5664K(39936K), 0.0004040 secs] [Times: user=0.01 sys=0.00, real=0.00 secs] 
276.990: Total time for which application threads were stopped: 0.0005240 seconds, Stopping threads took: 0.0000580 seconds
277.046: Application time: 0.0562460 seconds
277.048: [GC [PSYoungGen: 13151K->0K(13824K)] 18463K->5544K(39936K), 0.0003740 secs] [Times: user=0.00 sys=0.00, real=0.00 secs] 
277.048: Total time for which application threads were stopped: 0.0021660 seconds, Stopping threads took: 0.0017310 seconds
277.105: Application time: 0.0566100 seconds
277.105: [GC [PSYoungGen: 12799K->0K(13824K)] 18343K->5544K(39936K), 0.0003830 secs] [Times: user=0.00 sys=0.00, real=0.00 secs] 
277.105: Total time for which application threads were stopped: 0.0005240 seconds, Stopping threads took: 0.0000820 seconds
277.162: Application time: 0.0562130 seconds
277.162: [GC [PSYoungGen: 12799K->0K(13824K)] 18343K->5544K(39936K), 0.0003320 secs] [Times: user=0.00 sys=0.00, real=0.00 secs] 
277.162: Total time for which application threads were stopped: 0.0004400 seconds, Stopping threads took: 0.0000500 seconds
277.218: Application time: 0.0560270 seconds
277.218: [GC [PSYoungGen: 12799K->0K(13824K)] 18343K->5544K(39936K), 0.0003600 secs] [Times: user=0.00 sys=0.00, real=0.00 secs] 
277.219: Total time for which application threads were stopped: 0.0004870 seconds, Stopping threads took: 0.0000700 seconds
277.269: Application time: 0.0508550 seconds
277.270: [GC [PSYoungGen: 12799K->480K(13824K)] 18343K->6024K(39936K), 0.0004650 secs] [Times: user=0.00 sys=0.00, real=0.00 secs] 
277.270: Total time for which application threads were stopped: 0.0005760 seconds, Stopping threads took: 0.0000460 seconds
277.309: Application time: 0.0385920 seconds
277.309: [GC [PSYoungGen: 13277K->320K(13824K)] 18821K->6108K(39936K), 0.0004940 secs] [Times: user=0.00 sys=0.00, real=0.00 secs] 
277.309: Total time for which application threads were stopped: 0.0006280 seconds, Stopping threads took: 0.0000600 seconds
277.364: Application time: 0.0552230 seconds
277.365: [GC [PSYoungGen: 13118K->352K(13824K)] 18906K->6385K(39936K), 0.0004720 secs] [Times: user=0.01 sys=0.00, real=0.00 secs] 
277.365: Total time for which application threads were stopped: 0.0006200 seconds, Stopping threads took: 0.0000740 seconds
277.421: Application time: 0.0556910 seconds
277.421: [GC [PSYoungGen: 13148K->352K(13824K)] 19181K->6441K(39936K), 0.0004630 secs] [Times: user=0.00 sys=0.00, real=0.00 secs] 
277.421: Total time for which application threads were stopped: 0.0005930 seconds, Stopping threads took: 0.0000700 seconds
277.478: Application time: 0.0565020 seconds
277.478: [GC [PSYoungGen: 13151K->0K(13824K)] 19240K->6309K(39936K), 0.0003720 secs] [Times: user=0.00 sys=0.00, real=0.00 secs] 
277.478: Total time for which application threads were stopped: 0.0004910 seconds, Stopping threads took: 0.0000610 seconds
277.535: Application time: 0.0565000 seconds
277.535: [GC [PSYoungGen: 12799K->0K(13824K)] 19108K->6309K(39936K), 0.0003540 secs] [Times: user=0.00 sys=0.00, real=0.00 secs] 
277.535: Total time for which application threads were stopped: 0.0004880 seconds, Stopping threads took: 0.0000710 seconds
277.592: Application time: 0.0562210 seconds
277.592: [GC [PSYoungGen: 12799K->0K(13824K)] 19108K->6309K(39936K), 0.0003940 secs] [Times: user=0.00 sys=0.00, real=0.01 secs] 
277.592: Total time for which application threads were stopped: 0.0005150 seconds, Stopping threads took: 0.0000580 seconds
277.638: Application time: 0.0456440 seconds
277.638: [GC [PSYoungGen: 12796K->544K(13824K)] 19105K->6853K(39936K), 0.0003860 secs] [Times: user=0.01 sys=0.00, real=0.00 secs] 
277.638: Total time for which application threads were stopped: 0.0005090 seconds, Stopping threads took: 0.0000630 seconds
277.674: Application time: 0.0353910 seconds
277.674: [GC [PSYoungGen: 13341K->480K(13824K)] 19651K->6845K(39936K), 0.0004510 secs] [Times: user=0.00 sys=0.00, real=0.00 secs] 
277.674: Total time for which application threads were stopped: 0.0005640 seconds, Stopping threads took: 0.0000590 seconds
277.721: Application time: 0.0463730 seconds
277.721: [GC [PSYoungGen: 13276K->576K(13824K)] 19642K->7170K(39936K), 0.0004600 secs] [Times: user=0.00 sys=0.00, real=0.00 secs] 
277.721: Total time for which application threads were stopped: 0.0005890 seconds, Stopping threads took: 0.0000620 seconds
277.775: Application time: 0.0537940 seconds
277.775: [GC [PSYoungGen: 13375K->640K(13824K)] 19969K->7454K(39936K), 0.0004710 secs] [Times: user=0.00 sys=0.00, real=0.00 secs] 
277.776: Total time for which application threads were stopped: 0.0005940 seconds, Stopping threads took: 0.0000600 seconds
277.816: Application time: 0.0408580 seconds
277.817: [GC [PSYoungGen: 13438K->416K(13824K)] 20253K->7680K(39936K), 0.0004630 secs] [Times: user=0.00 sys=0.00, real=0.00 secs] 
277.817: Total time for which application threads were stopped: 0.0005840 seconds, Stopping threads took: 0.0000450 seconds
277.869: Application time: 0.0521940 seconds
277.872: [GC [PSYoungGen: 13214K->384K(13824K)] 20478K->7672K(39936K), 0.0003690 secs] [Times: user=0.00 sys=0.00, real=0.01 secs] 
277.872: Total time for which application threads were stopped: 0.0027490 seconds, Stopping threads took: 0.0023170 seconds
277.911: Application time: 0.0386710 seconds
277.911: [GC [PSYoungGen: 13182K->560K(13824K)] 20470K->7912K(39936K), 0.0004160 secs] [Times: user=0.00 sys=0.00, real=0.00 secs] 
277.911: Total time for which application threads were stopped: 0.0005470 seconds, Stopping threads took: 0.0000660 seconds
277.948: Application time: 0.0372300 seconds
277.948: [GC [PSYoungGen: 13358K->560K(13824K)] 20710K->8164K(39936K), 0.0004850 secs] [Times: user=0.00 sys=0.00, real=0.00 secs] 
277.949: Total time for which application threads were stopped: 0.0005980 seconds, Stopping threads took: 0.0000470 seconds
277.997: Application time: 0.0484530 seconds
278.000: [GC [PSYoungGen: 13359K->512K(13824K)] 20964K->8172K(39936K), 0.0004550 secs] [Times: user=0.01 sys=0.00, real=0.00 secs] 
278.000: Total time for which application threads were stopped: 0.0028840 seconds, Stopping threads took: 0.0023670 seconds
278.054: Application time: 0.0537130 seconds
278.054: [GC [PSYoungGen: 13309K->544K(13824K)] 20970K->8420K(39936K), 0.0004220 secs] [Times: user=0.00 sys=0.00, real=0.00 secs] 
278.055: Total time for which application threads were stopped: 0.0005740 seconds, Stopping threads took: 0.0000920 seconds
278.107: Application time: 0.0528130 seconds
278.108: [GC [PSYoungGen: 13343K->576K(13824K)] 21220K->8665K(39936K), 0.0004410 secs] [Times: user=0.00 sys=0.00, real=0.00 secs] 
278.108: Total time for which application threads were stopped: 0.0005540 seconds, Stopping threads took: 0.0000520 seconds
278.164: Application time: 0.0560770 seconds
278.164: [GC [PSYoungGen: 13375K->0K(13824K)] 21464K->8509K(39936K), 0.0003950 secs] [Times: user=0.00 sys=0.00, real=0.00 secs] 
278.165: Total time for which application threads were stopped: 0.0005270 seconds, Stopping threads took: 0.0000710 seconds
278.220: Application time: 0.0552060 seconds
278.220: [GC [PSYoungGen: 12796K->256K(13824K)] 21306K->8765K(39936K), 0.0004070 secs] [Times: user=0.00 sys=0.00, real=0.00 secs] 
278.220: Total time for which application threads were stopped: 0.0005340 seconds, Stopping threads took: 0.0000630 seconds
278.276: Application time: 0.0552620 seconds
278.276: [GC [PSYoungGen: 13054K->352K(13824K)] 21563K->8885K(39936K), 0.0003890 secs] [Times: user=0.00 sys=0.00, real=0.00 secs] 
278.276: Total time for which application threads were stopped: 0.0005230 seconds, Stopping threads took: 0.0000710 seconds
278.331: Application time: 0.0545720 seconds
278.331: [GC [PSYoungGen: 13150K->352K(13824K)] 21684K->9117K(39936K), 0.0004010 secs] [Times: user=0.00 sys=0.00, real=0.00 secs] 
278.331: Total time for which application threads were stopped: 0.0005320 seconds, Stopping threads took: 0.0000610 seconds
278.386: Application time: 0.0548340 seconds
278.386: [GC [PSYoungGen: 13150K->320K(13824K)] 21916K->9306K(39936K), 0.0004180 secs] [Times: user=0.00 sys=0.00, real=0.00 secs] 
278.387: Total time for which application threads were stopped: 0.0005470 seconds, Stopping threads took: 0.0000690 seconds
278.443: Application time: 0.0567580 seconds
278.448: [GC [PSYoungGen: 13119K->0K(13824K)] 22105K->9202K(39936K), 0.0003810 secs] [Times: user=0.00 sys=0.00, real=0.00 secs] 
278.448: Total time for which application threads were stopped: 0.0048670 seconds, Stopping threads took: 0.0044250 seconds
278.505: Application time: 0.0568240 seconds
278.505: [GC [PSYoungGen: 12799K->0K(13824K)] 22001K->9202K(39936K), 0.0003550 secs] [Times: user=0.00 sys=0.00, real=0.00 secs] 
278.506: Total time for which application threads were stopped: 0.0004620 seconds, Stopping threads took: 0.0000470 seconds
278.554: Application time: 0.0487260 seconds
278.554: [GC [PSYoungGen: 12797K->384K(13824K)] 21999K->9586K(39936K), 0.0003880 secs] [Times: user=0.00 sys=0.00, real=0.00 secs] 
278.555: Total time for which application threads were stopped: 0.0004960 seconds, Stopping threads took: 0.0000480 seconds
278.589: Application time: 0.0345030 seconds
278.589: [GC [PSYoungGen: 13183K->544K(13824K)] 22385K->9762K(39936K), 0.0004080 secs] [Times: user=0.01 sys=0.00, real=0.00 secs] 
278.590: Total time for which application threads were stopped: 0.0005120 seconds, Stopping threads took: 0.0000460 seconds
278.636: Application time: 0.0462510 seconds
278.636: [GC [PSYoungGen: 13343K->352K(13824K)] 22561K->9794K(39936K), 0.0004010 secs] [Times: user=0.00 sys=0.00, real=0.00 secs] 
278.637: Total time for which application threads were stopped: 0.0005330 seconds, Stopping threads took: 0.0000670 seconds
278.690: Application time: 0.0537840 seconds
278.690: [GC [PSYoungGen: 13150K->512K(13824K)] 22592K->9970K(39936K), 0.0003870 secs] [Times: user=0.00 sys=0.00, real=0.00 secs] 
278.691: Total time for which application threads were stopped: 0.0005000 seconds, Stopping threads took: 0.0000560 seconds
278.747: Application time: 0.0563960 seconds
278.747: [GC [PSYoungGen: 13311K->0K(13824K)] 22769K->9871K(39936K), 0.0004810 secs] [Times: user=0.01 sys=0.00, real=0.00 secs] 
278.748: Total time for which application threads were stopped: 0.0006030 seconds, Stopping threads took: 0.0000610 seconds
278.804: Application time: 0.0563480 seconds
278.804: [GC [PSYoungGen: 12799K->0K(13824K)] 22670K->9871K(39936K), 0.0003450 secs] [Times: user=0.00 sys=0.00, real=0.00 secs] 
278.805: Total time for which application threads were stopped: 0.0004600 seconds, Stopping threads took: 0.0000520 seconds
278.861: Application time: 0.0562290 seconds
278.861: [GC [PSYoungGen: 12799K->0K(13824K)] 22670K->9871K(39936K), 0.0003200 secs] [Times: user=0.00 sys=0.00, real=0.00 secs] 
278.861: Total time for which application threads were stopped: 0.0004570 seconds, Stopping threads took: 0.0000640 seconds
278.918: Application time: 0.0564430 seconds
278.918: [GC [PSYoungGen: 12799K->0K(13824K)] 22670K->9871K(39936K), 0.0003440 secs] [Times: user=0.00 sys=0.00, real=0.00 secs] 
278.918: Total time for which application threads were stopped: 0.0004840 seconds, Stopping threads took: 0.0000730 seconds
278.973: Application time: 0.0544770 seconds
278.973: [GC [PSYoungGen: 12796K->304K(13824K)] 22667K->10175K(39936K), 0.0003980 secs] [Times: user=0.00 sys=0.00, real=0.00 secs] 
278.973: Total time for which application threads were stopped: 0.0005170 seconds, Stopping threads took: 0.0000580 seconds
279.013: Application time: 0.0393580 seconds
279.013: [GC [PSYoungGen: 13103K->512K(13824K)] 22975K->10627K(39936K), 0.0004570 secs] [Times: user=0.01 sys=0.00, real=0.00 secs] 
279.013: Total time for which application threads were stopped: 0.0005700 seconds, Stopping threads took: 0.0000520 seconds
279.064: Application time: 0.0510380 seconds
279.064: [GC [PSYoungGen: 13311K->320K(13824K)] 23427K->10675K(39936K), 0.0004760 secs] [Times: user=0.00 sys=0.00, real=0.00 secs] 
279.065: Total time for which application threads were stopped: 0.0005990 seconds, Stopping threads took: 0.0000620 seconds
279.120: Application time: 0.0553240 seconds
279.120: [GC [PSYoungGen: 13118K->352K(13824K)] 23474K->10771K(39936K), 0.0003730 secs] [Times: user=0.00 sys=0.00, real=0.00 secs] 
279.121: Total time for which application threads were stopped: 0.0004720 seconds, Stopping threads took: 0.0000420 seconds
279.178: Application time: 0.0568850 seconds
279.180: [GC [PSYoungGen: 13151K->0K(13824K)] 23570K->10643K(39936K), 0.0005060 secs] [Times: user=0.00 sys=0.00, real=0.00 secs] 
279.180: Total time for which application threads were stopped: 0.0028860 seconds, Stopping threads took: 0.0023040 seconds
279.237: Application time: 0.0567640 seconds
279.237: [GC [PSYoungGen: 12799K->0K(13824K)] 23442K->10643K(39936K), 0.0003550 secs] [Times: user=0.00 sys=0.00, real=0.00 secs] 
279.238: Total time for which application threads were stopped: 0.0004800 seconds, Stopping threads took: 0.0000600 seconds
279.294: Application time: 0.0563760 seconds
279.294: [GC [PSYoungGen: 12799K->0K(13824K)] 23442K->10643K(39936K), 0.0003460 secs] [Times: user=0.00 sys=0.00, real=0.00 secs] 
279.295: Total time for which application threads were stopped: 0.0004560 seconds, Stopping threads took: 0.0000490 seconds
279.351: Application time: 0.0562860 seconds
279.352: [GC [PSYoungGen: 12799K->0K(13824K)] 23442K->10643K(39936K), 0.0005020 secs] [Times: user=0.00 sys=0.00, real=0.00 secs] 
279.352: Total time for which application threads were stopped: 0.0015580 seconds, Stopping threads took: 0.0009910 seconds
279.389: Application time: 0.0363930 seconds
279.389: [GC [PSYoungGen: 12798K->576K(13824K)] 23442K->11219K(39936K), 0.0003960 secs] [Times: user=0.00 sys=0.00, real=0.00 secs] 
279.389: Total time for which application threads were stopped: 0.0005200 seconds, Stopping threads took: 0.0000560 seconds
279.425: Application time: 0.0356980 seconds
279.425: [GC [PSYoungGen: 13372K->768K(13824K)] 24016K->11451K(39936K), 0.0004690 secs] [Times: user=0.00 sys=0.00, real=0.00 secs] 
279.426: Total time for which application threads were stopped: 0.0005930 seconds, Stopping threads took: 0.0000640 seconds
279.480: Application time: 0.0540870 seconds
279.480: [GC [PSYoungGen: 13564K->320K(13824K)] 24248K->11411K(39936K), 0.0005660 secs] [Times: user=0.00 sys=0.00, real=0.00 secs] 
279.480: Total time for which application threads were stopped: 0.0007250 seconds, Stopping threads took: 0.0000700 seconds
279.522: Application time: 0.0415280 seconds
279.522: [GC [PSYoungGen: 13117K->576K(13824K)] 24209K->11891K(39936K), 0.0004490 secs] [Times: user=0.00 sys=0.00, real=0.00 secs] 
279.523: Total time for which application threads were stopped: 0.0005810 seconds, Stopping threads took: 0.0000700 seconds
279.572: Application time: 0.0493540 seconds
279.572: [GC [PSYoungGen: 13375K->320K(13824K)] 24691K->11867K(39936K), 0.0004730 secs] [Times: user=0.00 sys=0.00, real=0.00 secs] 
279.572: Total time for which application threads were stopped: 0.0005880 seconds, Stopping threads took: 0.0000560 seconds
279.617: Application time: 0.0444740 seconds
279.617: [GC [PSYoungGen: 13119K->576K(13824K)] 24667K->12179K(39936K), 0.0004400 secs] [Times: user=0.00 sys=0.00, real=0.00 secs] 
279.618: Total time for which application threads were stopped: 0.0005650 seconds, Stopping threads took: 0.0000600 seconds
279.655: Application time: 0.0373550 seconds
279.656: [GC [PSYoungGen: 13372K->608K(13824K)] 24976K->12468K(39936K), 0.0004930 secs] [Times: user=0.00 sys=0.00, real=0.00 secs] 
279.656: Total time for which application threads were stopped: 0.0015040 seconds, Stopping threads took: 0.0009500 seconds
279.700: Application time: 0.0440090 seconds
279.701: [GC [PSYoungGen: 13404K->352K(16384K)] 25264K->12476K(42496K), 0.0004400 secs] [Times: user=0.00 sys=0.00, real=0.00 secs] 
279.701: Total time for which application threads were stopped: 0.0005980 seconds, Stopping threads took: 0.0000920 seconds
279.765: Application time: 0.0637520 seconds
279.765: [GC [PSYoungGen: 15710K->480K(16384K)] 27834K->12620K(42496K), 0.0003580 secs] [Times: user=0.00 sys=0.00, real=0.00 secs] 
279.765: Total time for which application threads were stopped: 0.0004860 seconds, Stopping threads took: 0.0000690 seconds
279.829: Application time: 0.0633420 seconds
279.829: [GC [PSYoungGen: 15838K->544K(16384K)] 27978K->13101K(42496K), 0.0004770 secs] [Times: user=0.00 sys=0.00, real=0.00 secs] 
279.829: Total time for which application threads were stopped: 0.0005990 seconds, Stopping threads took: 0.0000590 seconds
279.896: Application time: 0.0670510 seconds
279.896: [GC [PSYoungGen: 15901K->0K(16384K)] 28458K->12974K(42496K), 0.0004050 secs] [Times: user=0.00 sys=0.00, real=0.00 secs] 
279.897: Total time for which application threads were stopped: 0.0005630 seconds, Stopping threads took: 0.0000820 seconds
279.962: Application time: 0.0656190 seconds
279.963: [GC [PSYoungGen: 15356K->416K(16384K)] 28331K->13390K(42496K), 0.0003840 secs] [Times: user=0.00 sys=0.00, real=0.00 secs] 
279.963: Total time for which application threads were stopped: 0.0005010 seconds, Stopping threads took: 0.0000590 seconds
280.030: Application time: 0.0667730 seconds
280.030: [GC [PSYoungGen: 15775K->352K(16384K)] 28749K->13558K(42496K), 0.0004110 secs] [Times: user=0.01 sys=0.00, real=0.00 secs] 
280.030: Total time for which application threads were stopped: 0.0005250 seconds, Stopping threads took: 0.0000540 seconds
280.095: Application time: 0.0652420 seconds
280.096: [GC [PSYoungGen: 15710K->512K(16384K)] 28916K->13726K(42496K), 0.0005460 secs] [Times: user=0.00 sys=0.00, real=0.00 secs] 
280.096: Total time for which application threads were stopped: 0.0006680 seconds, Stopping threads took: 0.0000640 seconds
280.165: Application time: 0.0687560 seconds
280.165: [GC [PSYoungGen: 15869K->0K(16384K)] 29083K->13623K(42496K), 0.0004600 secs] [Times: user=0.00 sys=0.00, real=0.00 secs] 
280.165: Total time for which application threads were stopped: 0.0005810 seconds, Stopping threads took: 0.0000560 seconds
280.233: Application time: 0.0679620 seconds
280.234: [GC [PSYoungGen: 15357K->0K(16384K)] 28981K->13623K(42496K), 0.0003300 secs] [Times: user=0.00 sys=0.00, real=0.00 secs] 
280.234: Total time for which application threads were stopped: 0.0004460 seconds, Stopping threads took: 0.0000550 seconds
280.285: Application time: 0.0510710 seconds
280.285: [GC [PSYoungGen: 15358K->416K(16384K)] 28981K->14039K(42496K), 0.0003840 secs] [Times: user=0.00 sys=0.00, real=0.00 secs] 
280.285: Total time for which application threads were stopped: 0.0005000 seconds, Stopping threads took: 0.0000570 seconds
280.332: Application time: 0.0462140 seconds
280.332: [GC [PSYoungGen: 15773K->512K(16384K)] 29397K->14143K(42496K), 0.0004270 secs] [Times: user=0.00 sys=0.00, real=0.01 secs] 
280.332: Total time for which application threads were stopped: 0.0005550 seconds, Stopping threads took: 0.0000630 seconds
280.396: Application time: 0.0642420 seconds
280.397: [GC [PSYoungGen: 15871K->672K(16384K)] 29502K->14327K(42496K), 0.0004680 secs] [Times: user=0.01 sys=0.00, real=0.00 secs] 
280.397: Total time for which application threads were stopped: 0.0005920 seconds, Stopping threads took: 0.0000640 seconds
280.465: Application time: 0.0676850 seconds
280.465: [GC [PSYoungGen: 16029K->0K(16384K)] 29685K->14088K(42496K), 0.0004080 secs] [Times: user=0.00 sys=0.00, real=0.00 secs] 
280.465: Total time for which application threads were stopped: 0.0005350 seconds, Stopping threads took: 0.0000500 seconds
280.534: Application time: 0.0688430 seconds
280.534: [GC [PSYoungGen: 15357K->0K(16384K)] 29446K->14088K(42496K), 0.0003740 secs] [Times: user=0.00 sys=0.00, real=0.00 secs] 
280.535: Total time for which application threads were stopped: 0.0005090 seconds, Stopping threads took: 0.0000680 seconds
280.602: Application time: 0.0675290 seconds
280.602: [GC [PSYoungGen: 15357K->0K(16384K)] 29446K->14088K(42496K), 0.0004190 secs] [Times: user=0.00 sys=0.00, real=0.00 secs] 
280.603: Total time for which application threads were stopped: 0.0005390 seconds, Stopping threads took: 0.0000560 seconds
280.673: Application time: 0.0703850 seconds
280.673: [GC [PSYoungGen: 15359K->352K(16384K)] 29448K->14440K(42496K), 0.0004010 secs] [Times: user=0.00 sys=0.00, real=0.00 secs] 
280.674: Total time for which application threads were stopped: 0.0005560 seconds, Stopping threads took: 0.0000830 seconds
280.728: Application time: 0.0544700 seconds
280.728: [GC [PSYoungGen: 15708K->832K(15872K)] 29797K->14928K(41984K), 0.0004880 secs] [Times: user=0.00 sys=0.00, real=0.00 secs] 
280.729: Total time for which application threads were stopped: 0.0006120 seconds, Stopping threads took: 0.0000580 seconds
280.795: Application time: 0.0664580 seconds
280.795: [GC [PSYoungGen: 15675K->512K(16384K)] 29772K->14877K(42496K), 0.0005120 secs] [Times: user=0.00 sys=0.00, real=0.00 secs] 
280.796: Total time for which application threads were stopped: 0.0006340 seconds, Stopping threads took: 0.0000570 seconds
280.867: Application time: 0.0713810 seconds
280.867: [GC [PSYoungGen: 15359K->352K(15360K)] 29724K->14965K(41472K), 0.0004830 secs] [Times: user=0.00 sys=0.00, real=0.00 secs] 
280.868: Total time for which application threads were stopped: 0.0006310 seconds, Stopping threads took: 0.0000770 seconds
280.942: Application time: 0.0736820 seconds
280.942: [GC [PSYoungGen: 15197K->0K(15872K)] 29810K->14837K(41984K), 0.0003950 secs] [Times: user=0.00 sys=0.00, real=0.00 secs] 
280.942: Total time for which application threads were stopped: 0.0005170 seconds, Stopping threads took: 0.0000600 seconds
281.014: Application time: 0.0723480 seconds
281.015: [GC [PSYoungGen: 14847K->0K(15872K)] 29684K->14837K(41984K), 0.0003730 secs] [Times: user=0.00 sys=0.00, real=0.00 secs] 
281.015: Total time for which application threads were stopped: 0.0005090 seconds, Stopping threads took: 0.0000610 seconds
281.087: Application time: 0.0722720 seconds
281.087: [GC [PSYoungGen: 14847K->0K(15872K)] 29684K->14837K(41984K), 0.0003800 secs] [Times: user=0.00 sys=0.00, real=0.00 secs] 
281.088: Total time for which application threads were stopped: 0.0004990 seconds, Stopping threads took: 0.0000550 seconds
281.146: Application time: 0.0583440 seconds
281.146: [GC [PSYoungGen: 14845K->576K(15872K)] 29682K->15413K(41984K), 0.0004210 secs] [Times: user=0.00 sys=0.00, real=0.00 secs] 
281.147: Total time for which application threads were stopped: 0.0005580 seconds, Stopping threads took: 0.0000650 seconds
281.191: Application time: 0.0447810 seconds
281.191: [GC [PSYoungGen: 15422K->672K(15872K)] 30259K->15557K(41984K), 0.0005710 secs] [Times: user=0.00 sys=0.00, real=0.01 secs] 
281.192: Total time for which application threads were stopped: 0.0006980 seconds, Stopping threads took: 0.0000640 seconds
281.253: Application time: 0.0612450 seconds
281.253: [GC [PSYoungGen: 15517K->736K(16384K)] 30403K->15841K(42496K), 0.0005250 secs] [Times: user=0.01 sys=0.00, real=0.00 secs] 
281.254: Total time for which application threads were stopped: 0.0006520 seconds, Stopping threads took: 0.0000610 seconds
281.306: Application time: 0.0520370 seconds
281.306: [GC [PSYoungGen: 15580K->672K(16384K)] 30686K->15990K(42496K), 0.0005410 secs] [Times: user=0.00 sys=0.00, real=0.00 secs] 
281.307: Total time for which application threads were stopped: 0.0006740 seconds, Stopping threads took: 0.0000680 seconds
281.376: Application time: 0.0697400 seconds
281.377: [GC [PSYoungGen: 15516K->384K(16384K)] 30835K->15982K(42496K), 0.0004610 secs] [Times: user=0.00 sys=0.00, real=0.00 secs] 
281.377: Total time for which application threads were stopped: 0.0006190 seconds, Stopping threads took: 0.0000910 seconds
281.429: Application time: 0.0518660 seconds
281.429: [GC [PSYoungGen: 15231K->512K(16384K)] 30829K->16334K(42496K), 0.0005070 secs] [Times: user=0.00 sys=0.00, real=0.00 secs] 
281.430: Total time for which application threads were stopped: 0.0006250 seconds, Stopping threads took: 0.0000560 seconds
281.477: Application time: 0.0474740 seconds
281.477: [GC [PSYoungGen: 15358K->512K(16384K)] 31180K->16398K(42496K), 0.0004580 secs] [Times: user=0.01 sys=0.00, real=0.00 secs] 
281.478: Total time for which application threads were stopped: 0.0005800 seconds, Stopping threads took: 0.0000530 seconds
281.545: Application time: 0.0675760 seconds
281.545: [GC [PSYoungGen: 15356K->480K(15360K)] 31242K->16430K(41472K), 0.0005030 secs] [Times: user=0.00 sys=0.00, real=0.00 secs] 
281.546: Total time for which application threads were stopped: 0.0006570 seconds, Stopping threads took: 0.0000770 seconds
281.614: Application time: 0.0680580 seconds
281.614: [GC [PSYoungGen: 15326K->672K(15360K)] 31277K->16854K(41472K), 0.0004590 secs] [Times: user=0.01 sys=0.00, real=0.00 secs] 
281.614: Total time for which application threads were stopped: 0.0005870 seconds, Stopping threads took: 0.0000600 seconds
281.681: Application time: 0.0664040 seconds
281.681: [GC [PSYoungGen: 15004K->352K(14848K)] 31187K->16935K(40960K), 0.0005590 secs] [Times: user=0.00 sys=0.00, real=0.00 secs] 
281.682: Total time for which application threads were stopped: 0.0006890 seconds, Stopping threads took: 0.0000650 seconds
281.749: Application time: 0.0670060 seconds
281.749: [GC [PSYoungGen: 14685K->384K(15360K)] 31268K->17188K(41472K), 0.0004320 secs] [Times: user=0.00 sys=0.00, real=0.00 secs] 
281.750: Total time for which application threads were stopped: 0.0016300 seconds, Stopping threads took: 0.0000610 seconds
281.820: Application time: 0.0692940 seconds
281.820: [GC [PSYoungGen: 14716K->0K(15360K)] 31520K->17020K(41472K), 0.0004530 secs] [Times: user=0.00 sys=0.00, real=0.00 secs] 
281.820: Total time for which application threads were stopped: 0.0006100 seconds, Stopping threads took: 0.0000930 seconds
281.887: Application time: 0.0673240 seconds
281.888: [GC [PSYoungGen: 14333K->384K(15360K)] 31353K->17404K(41472K), 0.0004170 secs] [Times: user=0.00 sys=0.00, real=0.00 secs] 
281.888: Total time for which application threads were stopped: 0.0005490 seconds, Stopping threads took: 0.0000620 seconds
281.956: Application time: 0.0678570 seconds
281.956: [GC [PSYoungGen: 14719K->352K(15360K)] 31739K->17600K(41472K), 0.0004280 secs] [Times: user=0.00 sys=0.00, real=0.00 secs] 
281.956: Total time for which application threads were stopped: 0.0005550 seconds, Stopping threads took: 0.0000610 seconds
282.026: Application time: 0.0700120 seconds
282.027: [GC [PSYoungGen: 14687K->0K(15360K)] 31936K->17469K(41472K), 0.0003920 secs] [Times: user=0.00 sys=0.00, real=0.00 secs] 
282.027: Total time for which application threads were stopped: 0.0005370 seconds, Stopping threads took: 0.0000830 seconds
282.095: Application time: 0.0680300 seconds
282.095: [GC [PSYoungGen: 14335K->352K(15360K)] 31804K->17821K(41472K), 0.0004060 secs] [Times: user=0.00 sys=0.00, real=0.00 secs] 
282.096: Total time for which application threads were stopped: 0.0005270 seconds, Stopping threads took: 0.0000500 seconds
282.143: Application time: 0.0475760 seconds
282.143: [GC [PSYoungGen: 14664K->448K(15360K)] 32133K->17925K(41472K), 0.0004140 secs] [Times: user=0.00 sys=0.00, real=0.00 secs] 
282.144: Total time for which application threads were stopped: 0.0005560 seconds, Stopping threads took: 0.0000760 seconds
282.193: Application time: 0.0494740 seconds
282.193: [GC [PSYoungGen: 14781K->512K(15360K)] 32258K->18081K(41472K), 0.0004240 secs] [Times: user=0.00 sys=0.00, real=0.00 secs] 
282.194: Total time for which application threads were stopped: 0.0005610 seconds, Stopping threads took: 0.0000710 seconds
282.263: Application time: 0.0688560 seconds
282.263: [GC [PSYoungGen: 14846K->288K(15360K)] 32416K->18198K(41472K), 0.0004940 secs] [Times: user=0.00 sys=0.00, real=0.00 secs] 
282.263: Total time for which application threads were stopped: 0.0006130 seconds, Stopping threads took: 0.0000530 seconds
282.331: Application time: 0.0679650 seconds
282.331: [GC [PSYoungGen: 14620K->288K(15360K)] 32530K->18554K(41472K), 0.0004670 secs] [Times: user=0.00 sys=0.00, real=0.00 secs] 
282.332: Total time for which application threads were stopped: 0.0006000 seconds, Stopping threads took: 0.0000630 seconds
282.402: Application time: 0.0701850 seconds
282.402: [GC [PSYoungGen: 14623K->0K(15360K)] 32890K->18482K(41472K), 0.0003920 secs] [Times: user=0.00 sys=0.00, real=0.00 secs] 
282.402: Total time for which application threads were stopped: 0.0005210 seconds, Stopping threads took: 0.0000670 seconds
282.471: Application time: 0.0689440 seconds
282.472: [GC [PSYoungGen: 14332K->0K(15360K)] 32815K->18482K(41472K), 0.0003680 secs] [Times: user=0.00 sys=0.00, real=0.01 secs] 
282.472: Total time for which application threads were stopped: 0.0004950 seconds, Stopping threads took: 0.0000650 seconds
282.541: Application time: 0.0692570 seconds
282.541: [GC [PSYoungGen: 14333K->0K(15360K)] 32816K->18482K(41472K), 0.0003900 secs] [Times: user=0.00 sys=0.00, real=0.00 secs] 
282.542: Total time for which application threads were stopped: 0.0005170 seconds, Stopping threads took: 0.0000580 seconds
282.592: Application time: 0.0505260 seconds
282.592: [GC [PSYoungGen: 14331K->736K(15360K)] 32814K->19219K(41472K), 0.0004620 secs] [Times: user=0.01 sys=0.00, real=0.00 secs] 
282.593: Total time for which application threads were stopped: 0.0005800 seconds, Stopping threads took: 0.0000560 seconds
282.653: Application time: 0.0606360 seconds
282.654: [GC [PSYoungGen: 15071K->560K(15360K)] 33554K->19287K(41472K), 0.0004900 secs] [Times: user=0.00 sys=0.00, real=0.00 secs] 
282.654: Total time for which application threads were stopped: 0.0006140 seconds, Stopping threads took: 0.0000460 seconds
282.722: Application time: 0.0683320 seconds
282.722: [GC [PSYoungGen: 14894K->384K(15360K)] 33622K->19391K(41472K), 0.0004530 secs] [Times: user=0.00 sys=0.00, real=0.00 secs] 
282.723: Total time for which application threads were stopped: 0.0005850 seconds, Stopping threads took: 0.0000660 seconds
282.792: Application time: 0.0694190 seconds
282.792: [GC [PSYoungGen: 14716K->0K(15360K)] 33724K->19215K(41472K), 0.0004820 secs] [Times: user=0.00 sys=0.00, real=0.00 secs] 
282.793: Total time for which application threads were stopped: 0.0005930 seconds, Stopping threads took: 0.0000460 seconds
282.862: Application time: 0.0693430 seconds
282.862: [GC [PSYoungGen: 14335K->0K(15360K)] 33550K->19215K(41472K), 0.0004300 secs] [Times: user=0.00 sys=0.00, real=0.00 secs] 
282.863: Total time for which application threads were stopped: 0.0005740 seconds, Stopping threads took: 0.0000750 seconds
282.932: Application time: 0.0692160 seconds
282.936: [GC [PSYoungGen: 14332K->0K(15360K)] 33548K->19215K(41472K), 0.0004150 secs] [Times: user=0.01 sys=0.00, real=0.00 secs] 
282.936: Total time for which application threads were stopped: 0.0042000 seconds, Stopping threads took: 0.0037240 seconds
283.003: Application time: 0.0667510 seconds
283.003: [GC [PSYoungGen: 14333K->384K(15360K)] 33549K->19599K(41472K), 0.0004000 secs] [Times: user=0.00 sys=0.00, real=0.00 secs] 
283.004: Total time for which application threads were stopped: 0.0005160 seconds, Stopping threads took: 0.0000500 seconds
283.044: Application time: 0.0399880 seconds
283.044: [GC [PSYoungGen: 14716K->736K(15360K)] 33932K->19959K(41472K), 0.0005220 secs] [Times: user=0.00 sys=0.00, real=0.01 secs] 
283.044: Total time for which application threads were stopped: 0.0006590 seconds, Stopping threads took: 0.0000680 seconds
283.099: Application time: 0.0546900 seconds
283.099: [GC [PSYoungGen: 15070K->544K(15360K)] 34293K->20020K(41472K), 0.0004870 secs] [Times: user=0.00 sys=0.00, real=0.00 secs] 
283.100: Total time for which application threads were stopped: 0.0006290 seconds, Stopping threads took: 0.0000710 seconds
283.154: Application time: 0.0545670 seconds
283.154: [GC [PSYoungGen: 14879K->864K(14848K)] 34356K->20364K(40960K), 0.0005040 secs] [Times: user=0.00 sys=0.00, real=0.00 secs] 
283.155: Total time for which application threads were stopped: 0.0006340 seconds, Stopping threads took: 0.0000560 seconds
283.210: Application time: 0.0556990 seconds
283.211: [GC [PSYoungGen: 14683K->480K(15360K)] 34183K->20436K(41472K), 0.0005180 secs] [Times: user=0.01 sys=0.00, real=0.00 secs] 
283.211: Total time for which application threads were stopped: 0.0006570 seconds, Stopping threads took: 0.0000710 seconds
283.269: Application time: 0.0579230 seconds
283.269: [GC [PSYoungGen: 14299K->576K(15360K)] 34255K->20580K(41472K), 0.0004540 secs] [Times: user=0.00 sys=0.00, real=0.00 secs] 
283.270: Total time for which application threads were stopped: 0.0005650 seconds, Stopping threads took: 0.0000490 seconds
283.314: Application time: 0.0441220 seconds
283.314: [GC [PSYoungGen: 14398K->544K(15360K)] 34402K->20796K(41472K), 0.0004780 secs] [Times: user=0.00 sys=0.00, real=0.00 secs] 
283.314: Total time for which application threads were stopped: 0.0006110 seconds, Stopping threads took: 0.0000690 seconds
283.365: Application time: 0.0510070 seconds
283.365: [GC [PSYoungGen: 14363K->288K(15360K)] 34615K->20792K(41472K), 0.0005160 secs] [Times: user=0.00 sys=0.00, real=0.00 secs] 
283.366: Total time for which application threads were stopped: 0.0006490 seconds, Stopping threads took: 0.0000660 seconds
283.429: Application time: 0.0630530 seconds
283.429: [GC [PSYoungGen: 14111K->480K(14336K)] 34615K->20992K(40448K), 0.0004820 secs] [Times: user=0.00 sys=0.00, real=0.00 secs] 
283.430: Total time for which application threads were stopped: 0.0006020 seconds, Stopping threads took: 0.0000530 seconds
283.493: Application time: 0.0633440 seconds
283.493: [GC [PSYoungGen: 14299K->576K(14848K)] 34812K->21509K(40960K), 0.0004770 secs] [Times: user=0.00 sys=0.00, real=0.00 secs] 
283.494: Total time for which application threads were stopped: 0.0005960 seconds, Stopping threads took: 0.0000530 seconds
283.559: Application time: 0.0652580 seconds
283.559: [GC [PSYoungGen: 14397K->480K(14848K)] 35330K->21633K(40960K), 0.0004580 secs] [Times: user=0.01 sys=0.00, real=0.00 secs] 
283.559: Total time for which application threads were stopped: 0.0005970 seconds, Stopping threads took: 0.0000740 seconds
283.624: Application time: 0.0645520 seconds
283.624: [GC [PSYoungGen: 14303K->352K(14848K)] 35456K->21734K(40960K), 0.0004460 secs] [Times: user=0.00 sys=0.00, real=0.00 secs] 
283.625: Total time for which application threads were stopped: 0.0005730 seconds, Stopping threads took: 0.0000610 seconds
283.691: Application time: 0.0665410 seconds
283.691: [GC [PSYoungGen: 14175K->0K(14848K)] 35557K->21594K(40960K), 0.0004320 secs] [Times: user=0.00 sys=0.00, real=0.00 secs] 
283.692: Total time for which application threads were stopped: 0.0005590 seconds, Stopping threads took: 0.0000470 seconds
283.757: Application time: 0.0657840 seconds
283.758: [GC [PSYoungGen: 13820K->384K(14848K)] 35415K->21978K(40960K), 0.0004140 secs] [Times: user=0.01 sys=0.00, real=0.00 secs] 
283.758: Total time for which application threads were stopped: 0.0005330 seconds, Stopping threads took: 0.0000520 seconds
283.823: Application time: 0.0650450 seconds
283.823: [GC [PSYoungGen: 14204K->352K(14848K)] 35799K->22159K(40960K), 0.0004510 secs] [Times: user=0.01 sys=0.00, real=0.00 secs] 
283.824: Total time for which application threads were stopped: 0.0005940 seconds, Stopping threads took: 0.0000770 seconds
283.891: Application time: 0.0675120 seconds
283.891: [GC [PSYoungGen: 14173K->0K(14848K)] 35981K->22019K(40960K), 0.0004390 secs] [Times: user=0.00 sys=0.00, real=0.00 secs] 
283.892: Total time for which application threads were stopped: 0.0005720 seconds, Stopping threads took: 0.0000650 seconds
283.960: Application time: 0.0682050 seconds
283.960: [GC [PSYoungGen: 13820K->0K(14848K)] 35840K->22019K(40960K), 0.0003640 secs] [Times: user=0.00 sys=0.00, real=0.00 secs] 
283.960: Total time for which application threads were stopped: 0.0004830 seconds, Stopping threads took: 0.0000570 seconds
284.014: Application time: 0.0536320 seconds
284.014: [GC [PSYoungGen: 13819K->384K(14848K)] 35839K->22403K(40960K), 0.0004080 secs] [Times: user=0.00 sys=0.00, real=0.00 secs] 
284.015: Total time for which application threads were stopped: 0.0005320 seconds, Stopping threads took: 0.0000560 seconds
284.062: Application time: 0.0471150 seconds
284.062: [GC [PSYoungGen: 14206K->544K(14848K)] 36225K->22579K(40960K), 0.0004390 secs] [Times: user=0.01 sys=0.00, real=0.00 secs] 
284.062: Total time for which application threads were stopped: 0.0005990 seconds, Stopping threads took: 0.0000890 seconds
284.117: Application time: 0.0549790 seconds
284.117: [GC [PSYoungGen: 14367K->512K(14848K)] 36403K->22571K(40960K), 0.0004300 secs] [Times: user=0.01 sys=0.00, real=0.00 secs] 
284.118: Total time for which application threads were stopped: 0.0005510 seconds, Stopping threads took: 0.0000580 seconds
284.183: Application time: 0.0653850 seconds
284.183: [GC [PSYoungGen: 14333K->288K(14848K)] 36393K->22555K(40960K), 0.0005090 secs] [Times: user=0.00 sys=0.00, real=0.01 secs] 
284.184: Total time for which application threads were stopped: 0.0006460 seconds, Stopping threads took: 0.0000680 seconds
284.251: Application time: 0.0666960 seconds
284.251: [GC [PSYoungGen: 14109K->0K(14848K)] 36377K->22483K(40960K), 0.0005120 secs] [Times: user=0.00 sys=0.00, real=0.00 secs] 
284.251: Total time for which application threads were stopped: 0.0006860 seconds, Stopping threads took: 0.0000940 seconds
284.318: Application time: 0.0666400 seconds
284.320: [GC [PSYoungGen: 13823K->0K(14848K)] 36307K->22483K(40960K), 0.0004450 secs] [Times: user=0.00 sys=0.00, real=0.00 secs] 
284.320: Total time for which application threads were stopped: 0.0024580 seconds, Stopping threads took: 0.0019480 seconds
284.387: Application time: 0.0663600 seconds
284.387: [GC [PSYoungGen: 13823K->0K(14848K)] 36307K->22483K(40960K), 0.0004040 secs] [Times: user=0.00 sys=0.00, real=0.00 secs] 
284.387: Total time for which application threads were stopped: 0.0005410 seconds, Stopping threads took: 0.0000790 seconds
284.443: Application time: 0.0557790 seconds
284.443: [GC [PSYoungGen: 13820K->384K(14848K)] 36304K->22867K(40960K), 0.0004260 secs] [Times: user=0.00 sys=0.00, real=0.00 secs] 
284.444: Total time for which application threads were stopped: 0.0005610 seconds, Stopping threads took: 0.0000710 seconds
284.498: Application time: 0.0540250 seconds
284.498: [GC [PSYoungGen: 14205K->576K(14848K)] 36689K->23067K(40960K), 0.0005150 secs] [Times: user=0.00 sys=0.00, real=0.00 secs] 
284.498: Total time for which application threads were stopped: 0.0006260 seconds, Stopping threads took: 0.0000510 seconds
284.562: Application time: 0.0635370 seconds
284.562: [GC [PSYoungGen: 14397K->544K(14848K)] 36888K->23308K(40960K), 0.0005010 secs] [Times: user=0.00 sys=0.00, real=0.00 secs] 
284.562: Total time for which application threads were stopped: 0.0006120 seconds, Stopping threads took: 0.0000510 seconds
284.629: Application time: 0.0664380 seconds
284.629: [GC [PSYoungGen: 14365K->0K(14848K)] 37129K->23229K(40960K), 0.0004330 secs] [Times: user=0.00 sys=0.00, real=0.00 secs] 
284.629: Total time for which application threads were stopped: 0.0005710 seconds, Stopping threads took: 0.0000770 seconds
284.691: Application time: 0.0611970 seconds
284.691: [GC [PSYoungGen: 13821K->0K(14848K)] 37050K->23229K(40960K), 0.0004180 secs] [Times: user=0.00 sys=0.00, real=0.00 secs] 
284.691: Total time for which application threads were stopped: 0.0005640 seconds, Stopping threads took: 0.0000830 seconds
284.752: Application time: 0.0610750 seconds
284.752: [GC [PSYoungGen: 13821K->0K(14848K)] 37050K->23229K(40960K), 0.0003570 secs] [Times: user=0.00 sys=0.00, real=0.00 secs] 
284.753: Total time for which application threads were stopped: 0.0005120 seconds, Stopping threads took: 0.0000830 seconds
284.814: Application time: 0.0610330 seconds
284.814: [GC [PSYoungGen: 13821K->0K(14848K)] 37050K->23229K(40960K), 0.0003430 secs] [Times: user=0.00 sys=0.00, real=0.00 secs] 
284.814: Total time for which application threads were stopped: 0.0004600 seconds, Stopping threads took: 0.0000520 seconds
284.867: Application time: 0.0531210 seconds
284.868: [GC [PSYoungGen: 13821K->544K(14848K)] 37050K->23773K(40960K), 0.0004240 secs] [Times: user=0.00 sys=0.00, real=0.00 secs] 
284.868: Total time for which application threads were stopped: 0.0005440 seconds, Stopping threads took: 0.0000540 seconds
284.905: Application time: 0.0368300 seconds
284.905: [GC [PSYoungGen: 14367K->704K(14848K)] 37596K->23989K(40960K), 0.0005410 secs] [Times: user=0.01 sys=0.00, real=0.00 secs] 
284.905: Total time for which application threads were stopped: 0.0006770 seconds, Stopping threads took: 0.0000690 seconds
284.955: Application time: 0.0493910 seconds
284.955: [GC [PSYoungGen: 14523K->544K(14336K)] 37809K->24241K(40448K), 0.0004910 secs] [Times: user=0.00 sys=0.00, real=0.00 secs] 
284.955: Total time for which application threads were stopped: 0.0006180 seconds, Stopping threads took: 0.0000630 seconds
284.995: Application time: 0.0398110 seconds
284.995: [GC [PSYoungGen: 13851K->704K(14848K)] 37549K->24417K(40960K), 0.0004710 secs] [Times: user=0.00 sys=0.00, real=0.00 secs] 
284.996: Total time for which application threads were stopped: 0.0005840 seconds, Stopping threads took: 0.0000490 seconds
285.050: Application time: 0.0545500 seconds
285.051: [GC [PSYoungGen: 14013K->384K(14848K)] 37727K->24542K(40960K), 0.0005010 secs] [Times: user=0.00 sys=0.00, real=0.00 secs] 
285.051: Total time for which application threads were stopped: 0.0006420 seconds, Stopping threads took: 0.0000750 seconds
285.102: Application time: 0.0507320 seconds
285.102: [GC [PSYoungGen: 13692K->512K(14848K)] 37850K->24726K(40960K), 0.0004820 secs] [Times: user=0.00 sys=0.00, real=0.00 secs] 
285.102: Total time for which application threads were stopped: 0.0006110 seconds, Stopping threads took: 0.0000680 seconds
285.138: Application time: 0.0359260 seconds
285.138: [GC [PSYoungGen: 13820K->544K(14848K)] 38034K->25010K(40960K), 0.0004990 secs] [Times: user=0.00 sys=0.00, real=0.00 secs] 
285.139: Total time for which application threads were stopped: 0.0006290 seconds, Stopping threads took: 0.0000650 seconds
285.185: Application time: 0.0459830 seconds
285.185: [GC [PSYoungGen: 13853K->352K(14848K)] 38320K->25063K(40960K), 0.0004310 secs] [Times: user=0.00 sys=0.00, real=0.00 secs] 
285.186: Total time for which application threads were stopped: 0.0005570 seconds, Stopping threads took: 0.0000630 seconds
285.242: Application time: 0.0566400 seconds
285.242: [GC [PSYoungGen: 13661K->448K(13824K)] 38372K->25183K(39936K), 0.0004650 secs] [Times: user=0.00 sys=0.00, real=0.00 secs] 
285.243: Total time for which application threads were stopped: 0.0005900 seconds, Stopping threads took: 0.0000590 seconds
285.299: Application time: 0.0561460 seconds
285.299: [GC [PSYoungGen: 13756K->320K(14336K)] 38492K->25464K(40448K), 0.0004860 secs] [Times: user=0.00 sys=0.00, real=0.00 secs] 
285.300: Total time for which application threads were stopped: 0.0006200 seconds, Stopping threads took: 0.0000660 seconds
285.356: Application time: 0.0561390 seconds
285.356: [GC [PSYoungGen: 13628K->384K(13824K)] 38773K->25749K(39936K), 0.0004440 secs] [Times: user=0.00 sys=0.00, real=0.00 secs] 
285.356: Total time for which application threads were stopped: 0.0005620 seconds, Stopping threads took: 0.0000560 seconds
285.413: Application time: 0.0564000 seconds
285.413: [GC [PSYoungGen: 13692K->288K(14336K)] 39057K->25857K(40448K), 0.0004250 secs] [Times: user=0.00 sys=0.00, real=0.00 secs] 
285.413: Total time for which application threads were stopped: 0.0005510 seconds, Stopping threads took: 0.0000630 seconds
285.473: Application time: 0.0595960 seconds
285.473: [GC [PSYoungGen: 13599K->0K(13824K)] 39169K->25918K(39936K), 0.0005090 secs] [Times: user=0.00 sys=0.00, real=0.00 secs] 
285.473: [Full GC [PSYoungGen: 0K->0K(13824K)] [ParOldGen: 25918K->4435K(25600K)] 25918K->4435K(39424K) [PSPermGen: 5580K->5580K(21504K)], 0.0057370 secs] [Times: user=0.03 sys=0.00, real=0.00 secs] 
285.479: Total time for which application threads were stopped: 0.0064240 seconds, Stopping threads took: 0.0000610 seconds
285.537: Application time: 0.0579540 seconds
285.537: [GC [PSYoungGen: 13311K->256K(14336K)] 17747K->4691K(39936K), 0.0004820 secs] [Times: user=0.00 sys=0.00, real=0.00 secs] 
285.538: Total time for which application threads were stopped: 0.0006160 seconds, Stopping threads took: 0.0000690 seconds
285.594: Application time: 0.0562220 seconds
285.594: [GC [PSYoungGen: 13566K->512K(14336K)] 18002K->4955K(39936K), 0.0003830 secs] [Times: user=0.00 sys=0.00, real=0.00 secs] 
285.595: Total time for which application threads were stopped: 0.0005150 seconds, Stopping threads took: 0.0000640 seconds
285.653: Application time: 0.0588180 seconds
285.656: [GC [PSYoungGen: 13821K->0K(13824K)] 18265K->4861K(39424K), 0.0004570 secs] [Times: user=0.00 sys=0.00, real=0.00 secs] 
285.656: Total time for which application threads were stopped: 0.0030190 seconds, Stopping threads took: 0.0024990 seconds
285.716: Application time: 0.0594780 seconds
285.716: [GC [PSYoungGen: 13311K->0K(13824K)] 18172K->4861K(39424K), 0.0004020 secs] [Times: user=0.00 sys=0.00, real=0.00 secs] 
285.716: Total time for which application threads were stopped: 0.0005480 seconds, Stopping threads took: 0.0000810 seconds
285.772: Application time: 0.0559730 seconds
285.772: [GC [PSYoungGen: 13309K->352K(14336K)] 18170K->5213K(39936K), 0.0004830 secs] [Times: user=0.00 sys=0.00, real=0.00 secs] 
285.773: Total time for which application threads were stopped: 0.0005850 seconds, Stopping threads took: 0.0000360 seconds
285.815: Application time: 0.0422310 seconds
285.815: [GC [PSYoungGen: 13661K->384K(13824K)] 18522K->5253K(39424K), 0.0004000 secs] [Times: user=0.00 sys=0.00, real=0.00 secs] 
285.816: Total time for which application threads were stopped: 0.0005260 seconds, Stopping threads took: 0.0000540 seconds
285.859: Application time: 0.0432900 seconds
285.859: [GC [PSYoungGen: 13695K->384K(14336K)] 18564K->5473K(39936K), 0.0003940 secs] [Times: user=0.00 sys=0.00, real=0.00 secs] 
285.860: Total time for which application threads were stopped: 0.0005280 seconds, Stopping threads took: 0.0000690 seconds
285.913: Application time: 0.0530370 seconds
285.913: [GC [PSYoungGen: 13695K->608K(14336K)] 18784K->5713K(39936K), 0.0004430 secs] [Times: user=0.00 sys=0.00, real=0.00 secs] 
285.913: Total time for which application threads were stopped: 0.0005580 seconds, Stopping threads took: 0.0000530 seconds
285.971: Application time: 0.0576060 seconds
285.971: [GC [PSYoungGen: 13916K->352K(14336K)] 19022K->5686K(39936K), 0.0004120 secs] [Times: user=0.00 sys=0.00, real=0.00 secs] 
285.971: Total time for which application threads were stopped: 0.0005480 seconds, Stopping threads took: 0.0000690 seconds
286.030: Application time: 0.0584830 seconds
286.030: [GC [PSYoungGen: 13661K->0K(14336K)] 18995K->5546K(39936K), 0.0003930 secs] [Times: user=0.00 sys=0.00, real=0.00 secs] 
286.030: Total time for which application threads were stopped: 0.0005040 seconds, Stopping threads took: 0.0000540 seconds
286.089: Application time: 0.0584210 seconds
286.089: [GC [PSYoungGen: 13309K->0K(14336K)] 18856K->5546K(39936K), 0.0004080 secs] [Times: user=0.00 sys=0.00, real=0.00 secs] 
286.089: Total time for which application threads were stopped: 0.0005280 seconds, Stopping threads took: 0.0000620 seconds
286.146: Application time: 0.0569740 seconds
286.146: [GC [PSYoungGen: 13311K->288K(14336K)] 18858K->5834K(39936K), 0.0004220 secs] [Times: user=0.00 sys=0.00, real=0.00 secs] 
286.147: Total time for which application threads were stopped: 0.0005270 seconds, Stopping threads took: 0.0000430 seconds
286.188: Application time: 0.0409240 seconds
286.188: [GC [PSYoungGen: 13595K->512K(14336K)] 19142K->6082K(39936K), 0.0004040 secs] [Times: user=0.00 sys=0.00, real=0.00 secs] 
286.188: Total time for which application threads were stopped: 0.0005410 seconds, Stopping threads took: 0.0000760 seconds
286.243: Application time: 0.0546880 seconds
286.243: [GC [PSYoungGen: 13823K->608K(14336K)] 19394K->6194K(39936K), 0.0004290 secs] [Times: user=0.00 sys=0.00, real=0.00 secs] 
286.243: Total time for which application threads were stopped: 0.0005590 seconds, Stopping threads took: 0.0000640 seconds
286.299: Application time: 0.0555470 seconds
286.299: [GC [PSYoungGen: 13918K->512K(14336K)] 19505K->6363K(39936K), 0.0004830 secs] [Times: user=0.01 sys=0.00, real=0.00 secs] 
286.300: Total time for which application threads were stopped: 0.0005980 seconds, Stopping threads took: 0.0000570 seconds
286.359: Application time: 0.0590820 seconds
286.359: [GC [PSYoungGen: 13821K->0K(14336K)] 19672K->6287K(39936K), 0.0004250 secs] [Times: user=0.00 sys=0.00, real=0.00 secs] 
286.359: Total time for which application threads were stopped: 0.0005610 seconds, Stopping threads took: 0.0000660 seconds
286.419: Application time: 0.0592850 seconds
286.419: [GC [PSYoungGen: 13309K->0K(14336K)] 19597K->6287K(39936K), 0.0003560 secs] [Times: user=0.00 sys=0.00, real=0.00 secs] 
286.419: Total time for which application threads were stopped: 0.0004750 seconds, Stopping threads took: 0.0000570 seconds
286.478: Application time: 0.0591690 seconds
286.478: [GC [PSYoungGen: 13309K->0K(14336K)] 19597K->6287K(39936K), 0.0004360 secs] [Times: user=0.00 sys=0.00, real=0.00 secs] 
286.479: Total time for which application threads were stopped: 0.0005550 seconds, Stopping threads took: 0.0000550 seconds
286.538: Application time: 0.0592980 seconds
286.538: [GC [PSYoungGen: 13309K->0K(14336K)] 19597K->6287K(39936K), 0.0004140 secs] [Times: user=0.00 sys=0.00, real=0.00 secs] 
286.539: Total time for which application threads were stopped: 0.0005520 seconds, Stopping threads took: 0.0000720 seconds
286.589: Application time: 0.0499290 seconds
286.589: [GC [PSYoungGen: 13310K->560K(14336K)] 19598K->6847K(39936K), 0.0004100 secs] [Times: user=0.00 sys=0.00, real=0.00 secs] 
286.589: Total time for which application threads were stopped: 0.0005290 seconds, Stopping threads took: 0.0000570 seconds
286.624: Application time: 0.0349350 seconds
286.624: [GC [PSYoungGen: 13870K->576K(14336K)] 20158K->7116K(39936K), 0.0004290 secs] [Times: user=0.01 sys=0.00, real=0.00 secs] 
286.625: Total time for which application threads were stopped: 0.0005470 seconds, Stopping threads took: 0.0000590 seconds
286.672: Application time: 0.0472140 seconds
286.672: [GC [PSYoungGen: 13885K->544K(14336K)] 20426K->7297K(39936K), 0.0004230 secs] [Times: user=0.00 sys=0.00, real=0.00 secs] 
286.672: Total time for which application threads were stopped: 0.0005440 seconds, Stopping threads took: 0.0000620 seconds
286.713: Application time: 0.0411300 seconds
286.714: [GC [PSYoungGen: 13852K->608K(14336K)] 20605K->7385K(39936K), 0.0004170 secs] [Times: user=0.00 sys=0.00, real=0.00 secs] 
286.714: Total time for which application threads were stopped: 0.0005310 seconds, Stopping threads took: 0.0000520 seconds
286.772: Application time: 0.0581760 seconds
286.772: [GC [PSYoungGen: 13919K->448K(13824K)] 20696K->7681K(39424K), 0.0005450 secs] [Times: user=0.01 sys=0.00, real=0.00 secs] 
286.774: Total time for which application threads were stopped: 0.0016320 seconds, Stopping threads took: 0.0000620 seconds
286.831: Application time: 0.0572880 seconds
286.831: [GC [PSYoungGen: 13759K->352K(14336K)] 20993K->7641K(39936K), 0.0003920 secs] [Times: user=0.00 sys=0.00, real=0.00 secs] 
286.832: Total time for which application threads were stopped: 0.0005150 seconds, Stopping threads took: 0.0000580 seconds
286.875: Application time: 0.0432120 seconds
286.875: [GC [PSYoungGen: 13659K->384K(14336K)] 20949K->7894K(39936K), 0.0004240 secs] [Times: user=0.00 sys=0.00, real=0.00 secs] 
286.875: Total time for which application threads were stopped: 0.0005810 seconds, Stopping threads took: 0.0000790 seconds
286.914: Application time: 0.0389700 seconds
286.914: [GC [PSYoungGen: 13692K->544K(14336K)] 21202K->8118K(39936K), 0.0004680 secs] [Times: user=0.00 sys=0.00, real=0.00 secs] 
286.915: Total time for which application threads were stopped: 0.0005770 seconds, Stopping threads took: 0.0000500 seconds
286.966: Application time: 0.0513790 seconds
286.966: [GC [PSYoungGen: 13855K->512K(14336K)] 21429K->8150K(39936K), 0.0003890 secs] [Times: user=0.01 sys=0.00, real=0.00 secs] 
286.967: Total time for which application threads were stopped: 0.0005040 seconds, Stopping threads took: 0.0000570 seconds
287.022: Application time: 0.0555350 seconds
287.022: [GC [PSYoungGen: 13820K->512K(14336K)] 21459K->8370K(39936K), 0.0004420 secs] [Times: user=0.00 sys=0.00, real=0.00 secs] 
287.023: Total time for which application threads were stopped: 0.0005670 seconds, Stopping threads took: 0.0000630 seconds
287.078: Application time: 0.0550030 seconds
287.078: [GC [PSYoungGen: 13822K->576K(14336K)] 21680K->8647K(39936K), 0.0004390 secs] [Times: user=0.00 sys=0.00, real=0.00 secs] 
287.078: Total time for which application threads were stopped: 0.0005770 seconds, Stopping threads took: 0.0000730 seconds
287.135: Application time: 0.0563100 seconds
287.135: [GC [PSYoungGen: 13884K->384K(14336K)] 21956K->8883K(39936K), 0.0004750 secs] [Times: user=0.00 sys=0.00, real=0.00 secs] 
287.135: Total time for which application threads were stopped: 0.0005980 seconds, Stopping threads took: 0.0000590 seconds
287.194: Application time: 0.0582840 seconds
287.194: [GC [PSYoungGen: 13693K->0K(14336K)] 22193K->8736K(39936K), 0.0003660 secs] [Times: user=0.00 sys=0.00, real=0.00 secs] 
287.194: Total time for which application threads were stopped: 0.0004790 seconds, Stopping threads took: 0.0000560 seconds
287.253: Application time: 0.0584510 seconds
287.253: [GC [PSYoungGen: 13309K->0K(14336K)] 22045K->8736K(39936K), 0.0003800 secs] [Times: user=0.00 sys=0.00, real=0.00 secs] 
287.253: Total time for which application threads were stopped: 0.0004930 seconds, Stopping threads took: 0.0000560 seconds
287.309: Application time: 0.0559470 seconds
287.309: [GC [PSYoungGen: 13307K->480K(14336K)] 22044K->9216K(39936K), 0.0004420 secs] [Times: user=0.00 sys=0.00, real=0.00 secs] 
287.310: Total time for which application threads were stopped: 0.0005540 seconds, Stopping threads took: 0.0000540 seconds
287.367: Application time: 0.0578210 seconds
287.368: [GC [PSYoungGen: 13791K->352K(14336K)] 22527K->9328K(39936K), 0.0004180 secs] [Times: user=0.00 sys=0.00, real=0.00 secs] 
287.368: Total time for which application threads were stopped: 0.0005410 seconds, Stopping threads took: 0.0000560 seconds
287.427: Application time: 0.0588180 seconds
287.427: [GC [PSYoungGen: 13661K->0K(14336K)] 22638K->9181K(39936K), 0.0004260 secs] [Times: user=0.00 sys=0.00, real=0.00 secs] 
287.427: Total time for which application threads were stopped: 0.0005570 seconds, Stopping threads took: 0.0000610 seconds
287.480: Application time: 0.0521470 seconds
287.480: [GC [PSYoungGen: 13309K->416K(14336K)] 22490K->9597K(39936K), 0.0006270 secs] [Times: user=0.00 sys=0.00, real=0.00 secs] 
287.480: Total time for which application threads were stopped: 0.0007650 seconds, Stopping threads took: 0.0000630 seconds
287.526: Application time: 0.0457600 seconds
287.526: [GC [PSYoungGen: 13727K->352K(14336K)] 22908K->9541K(39936K), 0.0003860 secs] [Times: user=0.00 sys=0.00, real=0.00 secs] 
287.527: Total time for which application threads were stopped: 0.0005000 seconds, Stopping threads took: 0.0000540 seconds
287.570: Application time: 0.0430120 seconds
287.570: [GC [PSYoungGen: 13663K->384K(14336K)] 22852K->9805K(39936K), 0.0004560 secs] [Times: user=0.00 sys=0.00, real=0.00 secs] 
287.570: Total time for which application threads were stopped: 0.0005830 seconds, Stopping threads took: 0.0000660 seconds
287.623: Application time: 0.0528490 seconds
287.623: [GC [PSYoungGen: 13694K->512K(14336K)] 23115K->9949K(39936K), 0.0003960 secs] [Times: user=0.01 sys=0.00, real=0.00 secs] 
287.624: Total time for which application threads were stopped: 0.0005210 seconds, Stopping threads took: 0.0000630 seconds
287.681: Application time: 0.0574870 seconds
287.681: [GC [PSYoungGen: 13820K->256K(14336K)] 23257K->9897K(39936K), 0.0003880 secs] [Times: user=0.00 sys=0.00, real=0.00 secs] 
287.682: Total time for which application threads were stopped: 0.0005320 seconds, Stopping threads took: 0.0000810 seconds
287.740: Application time: 0.0584300 seconds
287.740: [GC [PSYoungGen: 13565K->0K(14336K)] 23207K->9854K(39936K), 0.0003820 secs] [Times: user=0.01 sys=0.00, real=0.00 secs] 
287.740: Total time for which application threads were stopped: 0.0005080 seconds, Stopping threads took: 0.0000620 seconds
287.799: Application time: 0.0583110 seconds
287.799: [GC [PSYoungGen: 13309K->0K(14336K)] 23163K->9854K(39936K), 0.0003570 secs] [Times: user=0.00 sys=0.00, real=0.00 secs] 
287.799: Total time for which application threads were stopped: 0.0004780 seconds, Stopping threads took: 0.0000640 seconds
287.852: Application time: 0.0525660 seconds
287.852: [GC [PSYoungGen: 13311K->352K(14336K)] 23165K->10206K(39936K), 0.0003830 secs] [Times: user=0.01 sys=0.00, real=0.00 secs] 
287.852: Total time for which application threads were stopped: 0.0004940 seconds, Stopping threads took: 0.0000480 seconds
287.896: Application time: 0.0436680 seconds
287.896: [GC [PSYoungGen: 13661K->512K(14336K)] 23515K->10374K(39936K), 0.0004210 secs] [Times: user=0.00 sys=0.00, real=0.00 secs] 
287.897: Total time for which application threads were stopped: 0.0005290 seconds, Stopping threads took: 0.0000450 seconds
287.951: Application time: 0.0545710 seconds
287.951: [GC [PSYoungGen: 13819K->672K(14336K)] 23681K->10582K(39936K), 0.0004870 secs] [Times: user=0.00 sys=0.00, real=0.00 secs] 
287.952: Total time for which application threads were stopped: 0.0006080 seconds, Stopping threads took: 0.0000540 seconds
288.010: Application time: 0.0578610 seconds
288.010: [GC [PSYoungGen: 13980K->288K(14336K)] 23890K->10666K(39936K), 0.0004670 secs] [Times: user=0.01 sys=0.00, real=0.00 secs] 
288.010: Total time for which application threads were stopped: 0.0006000 seconds, Stopping threads took: 0.0000650 seconds
288.069: Application time: 0.0589760 seconds
288.069: [GC [PSYoungGen: 13599K->0K(14336K)] 23978K->10594K(39936K), 0.0003930 secs] [Times: user=0.00 sys=0.00, real=0.00 secs] 
288.070: Total time for which application threads were stopped: 0.0005090 seconds, Stopping threads took: 0.0000540 seconds
288.129: Application time: 0.0591880 seconds
288.129: [GC [PSYoungGen: 13311K->0K(14336K)] 23906K->10594K(39936K), 0.0004450 secs] [Times: user=0.00 sys=0.00, real=0.00 secs] 
288.129: Total time for which application threads were stopped: 0.0005820 seconds, Stopping threads took: 0.0000730 seconds
288.188: Application time: 0.0590300 seconds
288.189: [GC [PSYoungGen: 13309K->0K(14336K)] 23904K->10594K(39936K), 0.0003470 secs] [Times: user=0.00 sys=0.00, real=0.00 secs] 
288.189: Total time for which application threads were stopped: 0.0004750 seconds, Stopping threads took: 0.0000600 seconds
288.249: Application time: 0.0601310 seconds
288.249: [GC [PSYoungGen: 13311K->0K(14336K)] 23906K->10594K(39936K), 0.0003210 secs] [Times: user=0.00 sys=0.00, real=0.00 secs] 
288.250: Total time for which application threads were stopped: 0.0004310 seconds, Stopping threads took: 0.0000510 seconds
288.307: Application time: 0.0569990 seconds
288.307: [GC [PSYoungGen: 13309K->384K(14336K)] 23903K->10978K(39936K), 0.0004350 secs] [Times: user=0.00 sys=0.00, real=0.00 secs] 
288.307: Total time for which application threads were stopped: 0.0005420 seconds, Stopping threads took: 0.0000500 seconds
288.342: Application time: 0.0344830 seconds
288.344: [GC [PSYoungGen: 13694K->544K(14336K)] 24289K->11362K(39936K), 0.0004520 secs] [Times: user=0.00 sys=0.00, real=0.00 secs] 
288.344: Total time for which application threads were stopped: 0.0027870 seconds, Stopping threads took: 0.0022750 seconds
288.387: Application time: 0.0429430 seconds
288.387: [GC [PSYoungGen: 13854K->544K(14336K)] 24673K->11411K(39936K), 0.0004240 secs] [Times: user=0.00 sys=0.00, real=0.00 secs] 
288.388: Total time for which application threads were stopped: 0.0005510 seconds, Stopping threads took: 0.0000630 seconds
288.431: Application time: 0.0434380 seconds
288.431: [GC [PSYoungGen: 13853K->672K(14336K)] 24720K->11743K(39936K), 0.0004500 secs] [Times: user=0.00 sys=0.00, real=0.01 secs] 
288.432: Total time for which application threads were stopped: 0.0005670 seconds, Stopping threads took: 0.0000540 seconds
288.483: Application time: 0.0513550 seconds
288.483: [GC [PSYoungGen: 13979K->512K(14336K)] 25051K->11796K(39936K), 0.0004380 secs] [Times: user=0.00 sys=0.00, real=0.00 secs] 
288.484: Total time for which application threads were stopped: 0.0005680 seconds, Stopping threads took: 0.0000600 seconds
288.541: Application time: 0.0569600 seconds
288.541: [GC [PSYoungGen: 13823K->384K(14336K)] 25107K->11948K(39936K), 0.0004240 secs] [Times: user=0.00 sys=0.00, real=0.00 secs] 
288.541: Total time for which application threads were stopped: 0.0005390 seconds, Stopping threads took: 0.0000560 seconds
288.586: Application time: 0.0451970 seconds
288.587: [GC [PSYoungGen: 13694K->544K(14336K)] 25258K->12312K(39936K), 0.0005170 secs] [Times: user=0.01 sys=0.00, real=0.00 secs] 
288.587: Total time for which application threads were stopped: 0.0006320 seconds, Stopping threads took: 0.0000500 seconds
288.621: Application time: 0.0343860 seconds
288.622: [GC [PSYoungGen: 13852K->512K(14336K)] 25620K->12344K(39936K), 0.0004510 secs] [Times: user=0.00 sys=0.00, real=0.00 secs] 
288.622: Total time for which application threads were stopped: 0.0005850 seconds, Stopping threads took: 0.0000730 seconds
288.674: Application time: 0.0523560 seconds
288.675: [GC [PSYoungGen: 13820K->608K(14336K)] 25653K->12496K(39936K), 0.0004770 secs] [Times: user=0.00 sys=0.00, real=0.00 secs] 
288.675: Total time for which application threads were stopped: 0.0005930 seconds, Stopping threads took: 0.0000500 seconds
288.731: Application time: 0.0562110 seconds
288.731: [GC [PSYoungGen: 13919K->320K(14336K)] 25808K->12437K(39936K), 0.0004190 secs] [Times: user=0.00 sys=0.00, real=0.00 secs] 
288.732: Total time for which application threads were stopped: 0.0005280 seconds, Stopping threads took: 0.0000500 seconds
288.786: Application time: 0.0542530 seconds
288.786: [GC [PSYoungGen: 13630K->576K(14336K)] 25747K->12897K(39936K), 0.0004190 secs] [Times: user=0.00 sys=0.00, real=0.00 secs] 
288.787: Total time for which application threads were stopped: 0.0005380 seconds, Stopping threads took: 0.0000590 seconds
288.843: Application time: 0.0562050 seconds
288.843: [GC [PSYoungGen: 13884K->512K(14336K)] 26206K->13371K(39936K), 0.0005440 secs] [Times: user=0.00 sys=0.00, real=0.00 secs] 
288.843: Total time for which application threads were stopped: 0.0006640 seconds, Stopping threads took: 0.0000560 seconds
288.902: Application time: 0.0581470 seconds
288.902: [GC [PSYoungGen: 13821K->0K(13824K)] 26680K->13071K(39424K), 0.0004470 secs] [Times: user=0.00 sys=0.00, real=0.00 secs] 
288.902: Total time for which application threads were stopped: 0.0005730 seconds, Stopping threads took: 0.0000680 seconds
288.961: Application time: 0.0584060 seconds
288.961: [GC [PSYoungGen: 13309K->0K(14336K)] 26380K->13071K(39936K), 0.0004240 secs] [Times: user=0.00 sys=0.00, real=0.00 secs] 
288.961: Total time for which application threads were stopped: 0.0005460 seconds, Stopping threads took: 0.0000620 seconds
289.016: Application time: 0.0550310 seconds
289.016: [GC [PSYoungGen: 13307K->544K(14336K)] 26379K->13615K(39936K), 0.0004050 secs] [Times: user=0.00 sys=0.00, real=0.00 secs] 
289.017: Total time for which application threads were stopped: 0.0005400 seconds, Stopping threads took: 0.0000640 seconds
289.076: Application time: 0.0589820 seconds
289.076: [GC [PSYoungGen: 13853K->0K(13824K)] 26925K->13496K(39424K), 0.0004440 secs] [Times: user=0.00 sys=0.00, real=0.00 secs] 
289.076: Total time for which application threads were stopped: 0.0005620 seconds, Stopping threads took: 0.0000570 seconds
289.135: Application time: 0.0591450 seconds
289.135: [GC [PSYoungGen: 13309K->0K(13824K)] 26806K->13496K(39424K), 0.0003700 secs] [Times: user=0.00 sys=0.00, real=0.00 secs] 
289.136: Total time for which application threads were stopped: 0.0005090 seconds, Stopping threads took: 0.0000770 seconds
289.188: Application time: 0.0517850 seconds
289.188: [GC [PSYoungGen: 13309K->384K(14336K)] 26806K->13880K(39936K), 0.0003700 secs] [Times: user=0.00 sys=0.00, real=0.00 secs] 
289.188: Total time for which application threads were stopped: 0.0004810 seconds, Stopping threads took: 0.0000500 seconds
289.234: Application time: 0.0461930 seconds
289.234: [GC [PSYoungGen: 13695K->352K(13824K)] 27191K->13864K(39424K), 0.0003840 secs] [Times: user=0.00 sys=0.00, real=0.00 secs] 
289.235: Total time for which application threads were stopped: 0.0005170 seconds, Stopping threads took: 0.0000720 seconds
289.276: Application time: 0.0414660 seconds
289.276: [GC [PSYoungGen: 13659K->352K(14336K)] 27172K->14085K(39936K), 0.0004020 secs] [Times: user=0.00 sys=0.00, real=0.00 secs] 
289.277: Total time for which application threads were stopped: 0.0005350 seconds, Stopping threads took: 0.0000690 seconds
289.332: Application time: 0.0548760 seconds
289.332: [GC [PSYoungGen: 13660K->480K(14336K)] 27393K->14221K(39936K), 0.0004320 secs] [Times: user=0.00 sys=0.00, real=0.00 secs] 
289.332: Total time for which application threads were stopped: 0.0005560 seconds, Stopping threads took: 0.0000660 seconds
289.390: Application time: 0.0577970 seconds
289.390: [GC [PSYoungGen: 13788K->352K(14336K)] 27530K->14321K(39936K), 0.0004080 secs] [Times: user=0.00 sys=0.00, real=0.00 secs] 
289.391: Total time for which application threads were stopped: 0.0005200 seconds, Stopping threads took: 0.0000490 seconds
289.449: Application time: 0.0584660 seconds
289.449: [GC [PSYoungGen: 13661K->0K(14336K)] 27631K->14190K(39936K), 0.0003820 secs] [Times: user=0.00 sys=0.00, real=0.00 secs] 
289.450: Total time for which application threads were stopped: 0.0004970 seconds, Stopping threads took: 0.0000520 seconds
289.508: Application time: 0.0586170 seconds
289.508: [GC [PSYoungGen: 13309K->0K(14336K)] 27499K->14190K(39936K), 0.0003690 secs] [Times: user=0.00 sys=0.00, real=0.00 secs] 
289.509: Total time for which application threads were stopped: 0.0005010 seconds, Stopping threads took: 0.0000720 seconds
289.564: Application time: 0.0548810 seconds
289.564: [GC [PSYoungGen: 13311K->288K(14336K)] 27501K->14478K(39936K), 0.0004390 secs] [Times: user=0.00 sys=0.00, real=0.01 secs] 
289.564: Total time for which application threads were stopped: 0.0005780 seconds, Stopping threads took: 0.0000640 seconds
289.606: Application time: 0.0419880 seconds
289.606: [GC [PSYoungGen: 13599K->384K(14336K)] 27790K->14590K(39936K), 0.0004090 secs] [Times: user=0.00 sys=0.00, real=0.00 secs] 
289.607: Total time for which application threads were stopped: 0.0005670 seconds, Stopping threads took: 0.0000850 seconds
289.662: Application time: 0.0552410 seconds
289.662: [GC [PSYoungGen: 13693K->528K(14336K)] 27899K->14978K(39936K), 0.0004600 secs] [Times: user=0.00 sys=0.00, real=0.00 secs] 
289.663: Total time for which application threads were stopped: 0.0005740 seconds, Stopping threads took: 0.0000550 seconds
289.720: Application time: 0.0571830 seconds
289.720: [GC [PSYoungGen: 13836K->544K(14336K)] 28287K->15415K(39936K), 0.0004990 secs] [Times: user=0.00 sys=0.00, real=0.00 secs] 
289.720: Total time for which application threads were stopped: 0.0006310 seconds, Stopping threads took: 0.0000670 seconds
289.781: Application time: 0.0601340 seconds
289.781: [GC [PSYoungGen: 13855K->0K(14336K)] 28726K->15296K(39936K), 0.0003940 secs] [Times: user=0.01 sys=0.00, real=0.00 secs] 
289.781: Total time for which application threads were stopped: 0.0005110 seconds, Stopping threads took: 0.0000550 seconds
289.840: Application time: 0.0590700 seconds
289.840: [GC [PSYoungGen: 13309K->0K(14336K)] 28606K->15296K(39936K), 0.0003910 secs] [Times: user=0.00 sys=0.00, real=0.00 secs] 
289.841: Total time for which application threads were stopped: 0.0005050 seconds, Stopping threads took: 0.0000510 seconds
289.900: Application time: 0.0590330 seconds
289.900: [GC [PSYoungGen: 13309K->0K(14336K)] 28606K->15296K(39936K), 0.0003550 secs] [Times: user=0.00 sys=0.00, real=0.00 secs] 
289.900: Total time for which application threads were stopped: 0.0004690 seconds, Stopping threads took: 0.0000540 seconds
289.960: Application time: 0.0599910 seconds
289.960: [GC [PSYoungGen: 13311K->0K(14336K)] 28608K->15296K(39936K), 0.0003770 secs] [Times: user=0.00 sys=0.00, real=0.00 secs] 
289.961: Total time for which application threads were stopped: 0.0004930 seconds, Stopping threads took: 0.0000600 seconds
290.018: Application time: 0.0571120 seconds
290.018: [GC [PSYoungGen: 13308K->288K(14336K)] 28605K->15584K(39936K), 0.0004170 secs] [Times: user=0.00 sys=0.00, real=0.00 secs] 
290.018: Total time for which application threads were stopped: 0.0005450 seconds, Stopping threads took: 0.0000680 seconds
290.054: Application time: 0.0359790 seconds
290.054: [GC [PSYoungGen: 13599K->512K(14336K)] 28895K->16021K(39936K), 0.0004600 secs] [Times: user=0.00 sys=0.00, real=0.00 secs] 
290.055: Total time for which application threads were stopped: 0.0005790 seconds, Stopping threads took: 0.0000600 seconds
290.096: Application time: 0.0414300 seconds
290.096: [GC [PSYoungGen: 13823K->480K(14336K)] 29332K->16053K(39936K), 0.0003910 secs] [Times: user=0.00 sys=0.00, real=0.00 secs] 
290.097: Total time for which application threads were stopped: 0.0005240 seconds, Stopping threads took: 0.0000640 seconds
290.139: Application time: 0.0422550 seconds
290.140: [GC [PSYoungGen: 13789K->576K(14336K)] 29362K->16369K(39936K), 0.0004630 secs] [Times: user=0.00 sys=0.00, real=0.00 secs] 
290.140: Total time for which application threads were stopped: 0.0013190 seconds, Stopping threads took: 0.0007940 seconds
290.192: Application time: 0.0515600 seconds
290.192: [GC [PSYoungGen: 13885K->576K(14336K)] 29679K->16582K(39936K), 0.0004730 secs] [Times: user=0.00 sys=0.00, real=0.00 secs] 
290.193: Total time for which application threads were stopped: 0.0005980 seconds, Stopping threads took: 0.0000600 seconds
290.250: Application time: 0.0570460 seconds
290.250: [GC [PSYoungGen: 13887K->256K(14336K)] 29893K->16534K(39936K), 0.0004740 secs] [Times: user=0.00 sys=0.00, real=0.00 secs] 
290.250: Total time for which application threads were stopped: 0.0005800 seconds, Stopping threads took: 0.0000450 seconds
290.306: Application time: 0.0553730 seconds
290.308: [GC [PSYoungGen: 13565K->320K(14336K)] 29844K->16942K(39936K), 0.0005170 secs] [Times: user=0.00 sys=0.00, real=0.00 secs] 
290.308: Total time for which application threads were stopped: 0.0028900 seconds, Stopping threads took: 0.0023150 seconds
290.340: Application time: 0.0316030 seconds
290.340: [GC [PSYoungGen: 13630K->576K(14336K)] 30253K->17206K(39936K), 0.0004760 secs] [Times: user=0.01 sys=0.00, real=0.00 secs] 
290.341: Total time for which application threads were stopped: 0.0005920 seconds, Stopping threads took: 0.0000540 seconds
290.387: Application time: 0.0464780 seconds
290.387: [GC [PSYoungGen: 13887K->512K(14336K)] 30518K->17246K(39936K), 0.0004290 secs] [Times: user=0.01 sys=0.00, real=0.00 secs] 
290.388: Total time for which application threads were stopped: 0.0005350 seconds, Stopping threads took: 0.0000440 seconds
290.443: Application time: 0.0549570 seconds
290.443: [GC [PSYoungGen: 13820K->512K(14336K)] 30555K->17270K(39936K), 0.0004120 secs] [Times: user=0.00 sys=0.00, real=0.00 secs] 
290.443: Total time for which application threads were stopped: 0.0005370 seconds, Stopping threads took: 0.0000660 seconds
290.498: Application time: 0.0545140 seconds
290.498: [GC [PSYoungGen: 13823K->576K(14336K)] 30582K->17752K(39936K), 0.0004290 secs] [Times: user=0.00 sys=0.00, real=0.00 secs] 
290.498: Total time for which application threads were stopped: 0.0005420 seconds, Stopping threads took: 0.0000560 seconds
290.555: Application time: 0.0570310 seconds
290.555: [GC [PSYoungGen: 13884K->384K(14336K)] 31060K->17964K(39936K), 0.0005220 secs] [Times: user=0.00 sys=0.00, real=0.00 secs] 
290.556: Total time for which application threads were stopped: 0.0006510 seconds, Stopping threads took: 0.0000660 seconds
290.615: Application time: 0.0587430 seconds
290.615: [GC [PSYoungGen: 13695K->0K(13824K)] 31276K->17796K(39424K), 0.0004080 secs] [Times: user=0.00 sys=0.00, real=0.00 secs] 
290.615: Total time for which application threads were stopped: 0.0005510 seconds, Stopping threads took: 0.0000640 seconds
290.674: Application time: 0.0587830 seconds
290.674: [GC [PSYoungGen: 13309K->0K(14336K)] 31106K->17796K(39936K), 0.0003640 secs] [Times: user=0.00 sys=0.00, real=0.00 secs] 
290.674: Total time for which application threads were stopped: 0.0004880 seconds, Stopping threads took: 0.0000590 seconds
290.732: Application time: 0.0577080 seconds
290.732: [GC [PSYoungGen: 13311K->352K(13824K)] 31108K->18148K(39424K), 0.0003880 secs] [Times: user=0.00 sys=0.00, real=0.00 secs] 
290.733: Total time for which application threads were stopped: 0.0005280 seconds, Stopping threads took: 0.0000770 seconds
290.789: Application time: 0.0562070 seconds
290.789: [GC [PSYoungGen: 13662K->544K(14336K)] 31458K->18348K(39936K), 0.0004080 secs] [Times: user=0.00 sys=0.00, real=0.00 secs] 
290.789: Total time for which application threads were stopped: 0.0005340 seconds, Stopping threads took: 0.0000680 seconds
290.849: Application time: 0.0591430 seconds
290.849: [GC [PSYoungGen: 13853K->0K(13824K)] 31658K->18197K(39424K), 0.0004820 secs] [Times: user=0.00 sys=0.00, real=0.00 secs] 
290.849: Total time for which application threads were stopped: 0.0005920 seconds, Stopping threads took: 0.0000490 seconds
290.896: Application time: 0.0468200 seconds
290.896: [GC [PSYoungGen: 13307K->384K(14336K)] 31505K->18581K(39936K), 0.0003820 secs] [Times: user=0.00 sys=0.00, real=0.00 secs] 
290.896: Total time for which application threads were stopped: 0.0004860 seconds, Stopping threads took: 0.0000450 seconds
290.948: Application time: 0.0514040 seconds
290.948: [GC [PSYoungGen: 13693K->352K(13824K)] 31891K->18557K(39424K), 0.0004260 secs] [Times: user=0.01 sys=0.00, real=0.00 secs] 
290.948: Total time for which application threads were stopped: 0.0005690 seconds, Stopping threads took: 0.0000790 seconds
290.990: Application time: 0.0415870 seconds
290.990: [GC [PSYoungGen: 13663K->512K(14336K)] 31869K->18725K(39936K), 0.0003960 secs] [Times: user=0.00 sys=0.00, real=0.00 secs] 
290.991: Total time for which application threads were stopped: 0.0005180 seconds, Stopping threads took: 0.0000610 seconds
291.045: Application time: 0.0547140 seconds
291.045: [GC [PSYoungGen: 13823K->352K(14336K)] 32037K->18786K(39936K), 0.0004410 secs] [Times: user=0.00 sys=0.00, real=0.00 secs] 
291.046: Total time for which application threads were stopped: 0.0005760 seconds, Stopping threads took: 0.0000700 seconds
291.104: Application time: 0.0580050 seconds
291.104: [GC [PSYoungGen: 13661K->352K(14336K)] 32095K->18802K(39936K), 0.0003930 secs] [Times: user=0.00 sys=0.00, real=0.00 secs] 
291.104: Total time for which application threads were stopped: 0.0005070 seconds, Stopping threads took: 0.0000530 seconds
291.163: Application time: 0.0587640 seconds
291.163: [GC [PSYoungGen: 13661K->0K(14336K)] 32111K->18782K(39936K), 0.0004620 secs] [Times: user=0.01 sys=0.00, real=0.00 secs] 
291.164: Total time for which application threads were stopped: 0.0006120 seconds, Stopping threads took: 0.0000730 seconds
291.222: Application time: 0.0584710 seconds
291.222: [GC [PSYoungGen: 13309K->0K(14336K)] 32092K->18782K(39936K), 0.0003550 secs] [Times: user=0.00 sys=0.00, real=0.00 secs] 
291.223: Total time for which application threads were stopped: 0.0004740 seconds, Stopping threads took: 0.0000600 seconds
291.274: Application time: 0.0513590 seconds
291.274: [GC [PSYoungGen: 13309K->384K(14336K)] 32092K->19166K(39936K), 0.0003920 secs] [Times: user=0.00 sys=0.00, real=0.00 secs] 
291.275: Total time for which application threads were stopped: 0.0005170 seconds, Stopping threads took: 0.0000670 seconds
291.319: Application time: 0.0444820 seconds
291.319: [GC [PSYoungGen: 13695K->544K(14336K)] 32477K->19334K(39936K), 0.0004950 secs] [Times: user=0.00 sys=0.00, real=0.00 secs] 
291.320: Total time for which application threads were stopped: 0.0006230 seconds, Stopping threads took: 0.0000670 seconds
291.375: Application time: 0.0551490 seconds
291.376: Total time for which application threads were stopped: 0.0010140 seconds, Stopping threads took: 0.0009880 seconds
291.376: Application time: 0.0000480 seconds
291.376: [GC [PSYoungGen: 13791K->448K(14336K)] 32710K->19643K(39936K), 0.0004370 secs] [Times: user=0.00 sys=0.00, real=0.00 secs] 
291.376: Total time for which application threads were stopped: 0.0005110 seconds, Stopping threads took: 0.0000280 seconds
291.438: Application time: 0.0618970 seconds
291.438: [GC [PSYoungGen: 13759K->0K(14336K)] 33239K->19777K(39936K), 0.0004260 secs] [Times: user=0.00 sys=0.00, real=0.00 secs] 
291.439: Total time for which application threads were stopped: 0.0005550 seconds, Stopping threads took: 0.0000700 seconds
291.499: Application time: 0.0604440 seconds
291.499: [GC [PSYoungGen: 13309K->0K(14336K)] 33086K->19777K(39936K), 0.0003970 secs] [Times: user=0.00 sys=0.00, real=0.00 secs] 
291.500: Total time for which application threads were stopped: 0.0005090 seconds, Stopping threads took: 0.0000530 seconds
291.559: Application time: 0.0595000 seconds
291.559: [GC [PSYoungGen: 13311K->0K(14336K)] 33088K->19777K(39936K), 0.0003690 secs] [Times: user=0.00 sys=0.00, real=0.00 secs] 
291.560: Total time for which application threads were stopped: 0.0004960 seconds, Stopping threads took: 0.0000600 seconds
291.619: Application time: 0.0589950 seconds
291.619: [GC [PSYoungGen: 13309K->0K(14336K)] 33086K->19777K(39936K), 0.0004710 secs] [Times: user=0.00 sys=0.00, real=0.00 secs] 
291.619: Total time for which application threads were stopped: 0.0006030 seconds, Stopping threads took: 0.0000710 seconds
291.678: Application time: 0.0590220 seconds
291.679: [GC [PSYoungGen: 13309K->0K(14336K)] 33086K->19777K(39936K), 0.0003840 secs] [Times: user=0.00 sys=0.00, real=0.00 secs] 
291.679: Total time for which application threads were stopped: 0.0005190 seconds, Stopping threads took: 0.0000590 seconds
291.736: Application time: 0.0572440 seconds
291.736: [GC [PSYoungGen: 13308K->384K(14336K)] 33085K->20161K(39936K), 0.0004000 secs] [Times: user=0.00 sys=0.00, real=0.00 secs] 
291.737: Total time for which application threads were stopped: 0.0005210 seconds, Stopping threads took: 0.0000560 seconds
291.784: Application time: 0.0474850 seconds
291.784: [GC [PSYoungGen: 13692K->576K(14336K)] 33469K->20565K(39936K), 0.0004840 secs] [Times: user=0.00 sys=0.00, real=0.00 secs] 
291.786: Total time for which application threads were stopped: 0.0017480 seconds, Stopping threads took: 0.0000490 seconds
291.820: Application time: 0.0342840 seconds
291.820: [GC [PSYoungGen: 13887K->512K(14336K)] 33877K->20565K(39936K), 0.0004540 secs] [Times: user=0.00 sys=0.00, real=0.00 secs] 
291.821: Total time for which application threads were stopped: 0.0005660 seconds, Stopping threads took: 0.0000540 seconds
291.859: Application time: 0.0381920 seconds
291.859: [GC [PSYoungGen: 13821K->544K(14336K)] 33875K->20818K(39936K), 0.0004690 secs] [Times: user=0.01 sys=0.00, real=0.00 secs] 
291.860: Total time for which application threads were stopped: 0.0005820 seconds, Stopping threads took: 0.0000490 seconds
291.911: Application time: 0.0511320 seconds
291.911: [GC [PSYoungGen: 13855K->736K(13824K)] 34130K->21026K(39424K), 0.0005080 secs] [Times: user=0.00 sys=0.00, real=0.00 secs] 
291.911: Total time for which application threads were stopped: 0.0006350 seconds, Stopping threads took: 0.0000630 seconds
291.966: Application time: 0.0547110 seconds
291.966: [GC [PSYoungGen: 13532K->352K(13312K)] 33822K->21114K(38912K), 0.0005120 secs] [Times: user=0.00 sys=0.00, real=0.00 secs] 
291.967: Total time for which application threads were stopped: 0.0006270 seconds, Stopping threads took: 0.0000500 seconds
292.022: Application time: 0.0555810 seconds
292.024: [GC [PSYoungGen: 13151K->64K(13824K)] 33913K->21158K(39424K), 0.0004530 secs] [Times: user=0.00 sys=0.00, real=0.00 secs] 
292.024: Total time for which application threads were stopped: 0.0020670 seconds, Stopping threads took: 0.0015510 seconds
292.055: Application time: 0.0304520 seconds
292.055: [GC [PSYoungGen: 12863K->576K(13824K)] 33958K->21670K(39424K), 0.0005370 secs] [Times: user=0.00 sys=0.00, real=0.00 secs] 
292.055: Total time for which application threads were stopped: 0.0006540 seconds, Stopping threads took: 0.0000550 seconds
292.097: Application time: 0.0412490 seconds
292.097: [GC [PSYoungGen: 13375K->544K(16384K)] 34470K->21734K(41984K), 0.0004640 secs] [Times: user=0.01 sys=0.00, real=0.00 secs] 
292.097: Total time for which application threads were stopped: 0.0005880 seconds, Stopping threads took: 0.0000660 seconds
292.161: Application time: 0.0638080 seconds
292.161: [GC [PSYoungGen: 15900K->544K(16384K)] 37091K->21758K(41984K), 0.0003720 secs] [Times: user=0.01 sys=0.00, real=0.00 secs] 
292.162: Total time for which application threads were stopped: 0.0004810 seconds, Stopping threads took: 0.0000490 seconds
292.225: Application time: 0.0631190 seconds
292.225: [GC [PSYoungGen: 15900K->512K(16384K)] 37115K->22136K(41984K), 0.0004670 secs] [Times: user=0.00 sys=0.00, real=0.00 secs] 
292.225: Total time for which application threads were stopped: 0.0005880 seconds, Stopping threads took: 0.0000530 seconds
292.291: Application time: 0.0653760 seconds
292.291: [GC [PSYoungGen: 15868K->256K(16384K)] 37492K->22284K(41984K), 0.0005410 secs] [Times: user=0.00 sys=0.00, real=0.00 secs] 
292.291: Total time for which application threads were stopped: 0.0006560 seconds, Stopping threads took: 0.0000560 seconds
292.359: Application time: 0.0678550 seconds
292.359: [GC [PSYoungGen: 15615K->0K(16384K)] 37644K->22257K(41984K), 0.0003870 secs] [Times: user=0.00 sys=0.00, real=0.00 secs] 
292.360: Total time for which application threads were stopped: 0.0005370 seconds, Stopping threads took: 0.0000900 seconds
292.427: Application time: 0.0674170 seconds
292.427: [GC [PSYoungGen: 15357K->0K(16384K)] 37614K->22257K(41984K), 0.0003620 secs] [Times: user=0.00 sys=0.00, real=0.00 secs] 
292.428: Total time for which application threads were stopped: 0.0004870 seconds, Stopping threads took: 0.0000630 seconds
292.492: Application time: 0.0642220 seconds
292.492: [GC [PSYoungGen: 15355K->512K(16384K)] 37612K->22769K(41984K), 0.0003930 secs] [Times: user=0.01 sys=0.00, real=0.00 secs] 
292.492: Total time for which application threads were stopped: 0.0005080 seconds, Stopping threads took: 0.0000560 seconds
292.561: Application time: 0.0682820 seconds
292.561: [GC [PSYoungGen: 15869K->0K(16384K)] 38126K->22674K(41984K), 0.0004580 secs] [Times: user=0.00 sys=0.00, real=0.00 secs] 
292.561: Total time for which application threads were stopped: 0.0005950 seconds, Stopping threads took: 0.0000700 seconds
292.614: Application time: 0.0530460 seconds
292.614: [GC [PSYoungGen: 15355K->288K(16384K)] 38029K->22962K(41984K), 0.0004530 secs] [Times: user=0.00 sys=0.00, real=0.00 secs] 
292.615: Total time for which application threads were stopped: 0.0005740 seconds, Stopping threads took: 0.0000560 seconds
292.668: Application time: 0.0535740 seconds
292.669: [GC [PSYoungGen: 15645K->480K(16384K)] 38320K->23162K(41984K), 0.0004520 secs] [Times: user=0.00 sys=0.00, real=0.00 secs] 
292.669: Total time for which application threads were stopped: 0.0005820 seconds, Stopping threads took: 0.0000640 seconds
292.725: Application time: 0.0556960 seconds
292.725: [GC [PSYoungGen: 15839K->544K(16384K)] 38521K->23234K(41984K), 0.0004410 secs] [Times: user=0.00 sys=0.00, real=0.00 secs] 
292.725: Total time for which application threads were stopped: 0.0005750 seconds, Stopping threads took: 0.0000570 seconds
292.793: Application time: 0.0680200 seconds
292.793: [GC [PSYoungGen: 15901K->352K(16384K)] 38591K->23262K(41984K), 0.0004080 secs] [Times: user=0.00 sys=0.00, real=0.00 secs] 
292.794: Total time for which application threads were stopped: 0.0005250 seconds, Stopping threads took: 0.0000610 seconds
292.862: Application time: 0.0676870 seconds
292.862: [GC [PSYoungGen: 15709K->0K(16384K)] 38620K->23131K(41984K), 0.0004050 secs] [Times: user=0.00 sys=0.00, real=0.00 secs] 
292.862: Total time for which application threads were stopped: 0.0005280 seconds, Stopping threads took: 0.0000550 seconds
292.930: Application time: 0.0679120 seconds
292.930: [GC [PSYoungGen: 15357K->0K(16384K)] 38488K->23131K(41984K), 0.0004000 secs] [Times: user=0.00 sys=0.00, real=0.00 secs] 
292.930: Total time for which application threads were stopped: 0.0005120 seconds, Stopping threads took: 0.0000510 seconds
292.992: Application time: 0.0617410 seconds
292.992: [GC [PSYoungGen: 15356K->384K(16384K)] 38487K->23515K(41984K), 0.0004060 secs] [Times: user=0.00 sys=0.00, real=0.00 secs] 
292.993: Total time for which application threads were stopped: 0.0005190 seconds, Stopping threads took: 0.0000530 seconds
293.045: Application time: 0.0521050 seconds
293.045: [GC [PSYoungGen: 15741K->576K(16384K)] 38872K->23715K(41984K), 0.0004430 secs] [Times: user=0.00 sys=0.00, real=0.00 secs] 
293.045: Total time for which application threads were stopped: 0.0005720 seconds, Stopping threads took: 0.0000660 seconds
293.110: Application time: 0.0640920 seconds
293.110: [GC [PSYoungGen: 15934K->704K(16384K)] 39074K->24115K(41984K), 0.0005600 secs] [Times: user=0.00 sys=0.00, real=0.00 secs] 
293.110: Total time for which application threads were stopped: 0.0006890 seconds, Stopping threads took: 0.0000650 seconds
293.178: Application time: 0.0678550 seconds
293.178: [GC [PSYoungGen: 16061K->0K(16384K)] 39473K->23976K(41984K), 0.0004400 secs] [Times: user=0.00 sys=0.00, real=0.00 secs] 
293.179: Total time for which application threads were stopped: 0.0005700 seconds, Stopping threads took: 0.0000660 seconds
293.247: Application time: 0.0682340 seconds
293.247: [GC [PSYoungGen: 15357K->0K(16384K)] 39333K->23976K(41984K), 0.0004000 secs] [Times: user=0.00 sys=0.00, real=0.00 secs] 
293.247: Total time for which application threads were stopped: 0.0005230 seconds, Stopping threads took: 0.0000550 seconds
293.316: Application time: 0.0682110 seconds
293.316: [GC [PSYoungGen: 15357K->0K(16384K)] 39333K->23976K(41984K), 0.0003790 secs] [Times: user=0.00 sys=0.00, real=0.00 secs] 
293.316: Total time for which application threads were stopped: 0.0005020 seconds, Stopping threads took: 0.0000590 seconds
293.384: Application time: 0.0681010 seconds
293.384: [GC [PSYoungGen: 15357K->0K(16384K)] 39333K->23976K(41984K), 0.0003870 secs] [Times: user=0.00 sys=0.00, real=0.00 secs] 
293.385: Total time for which application threads were stopped: 0.0005160 seconds, Stopping threads took: 0.0000670 seconds
293.451: Application time: 0.0660360 seconds
293.451: [GC [PSYoungGen: 15356K->384K(16384K)] 39332K->24360K(41984K), 0.0004180 secs] [Times: user=0.00 sys=0.00, real=0.00 secs] 
293.451: Total time for which application threads were stopped: 0.0005410 seconds, Stopping threads took: 0.0000620 seconds
293.504: Application time: 0.0528360 seconds
293.504: [GC [PSYoungGen: 15739K->384K(16384K)] 39715K->24592K(41984K), 0.0004380 secs] [Times: user=0.00 sys=0.00, real=0.00 secs] 
293.505: Total time for which application threads were stopped: 0.0005650 seconds, Stopping threads took: 0.0000620 seconds
293.547: Application time: 0.0420610 seconds
293.547: [GC [PSYoungGen: 15741K->736K(16384K)] 39949K->25000K(41984K), 0.0004720 secs] [Times: user=0.00 sys=0.00, real=0.00 secs] 
293.547: Total time for which application threads were stopped: 0.0005860 seconds, Stopping threads took: 0.0000470 seconds
293.594: Application time: 0.0467220 seconds
293.594: [GC [PSYoungGen: 16094K->768K(15872K)] 40358K->25048K(41472K), 0.0004490 secs] [Times: user=0.01 sys=0.00, real=0.00 secs] 
293.595: Total time for which application threads were stopped: 0.0005710 seconds, Stopping threads took: 0.0000590 seconds
293.657: Application time: 0.0620550 seconds
293.657: [GC [PSYoungGen: 15612K->576K(16384K)] 39892K->25116K(41984K), 0.0004970 secs] [Times: user=0.00 sys=0.00, real=0.00 secs] 
293.657: Total time for which application threads were stopped: 0.0006260 seconds, Stopping threads took: 0.0000660 seconds
293.722: Application time: 0.0645240 seconds
293.722: [GC [PSYoungGen: 15423K->0K(16384K)] 39964K->24989K(41984K), 0.0004450 secs] [Times: user=0.00 sys=0.00, real=0.00 secs] 
293.722: Total time for which application threads were stopped: 0.0005650 seconds, Stopping threads took: 0.0000610 seconds
293.765: Application time: 0.0429270 seconds
293.766: [GC [PSYoungGen: 14847K->592K(16384K)] 39837K->25581K(41984K), 0.0004300 secs] [Times: user=0.00 sys=0.00, real=0.00 secs] 
293.766: Total time for which application threads were stopped: 0.0005760 seconds, Stopping threads took: 0.0000720 seconds
293.813: Application time: 0.0466920 seconds
293.813: [GC [PSYoungGen: 15439K->480K(16384K)] 40429K->25565K(41984K), 0.0004580 secs] [Times: user=0.00 sys=0.00, real=0.00 secs] 
293.813: [Full GC [PSYoungGen: 480K->0K(16384K)] [ParOldGen: 25085K->4437K(25088K)] 25565K->4437K(41472K) [PSPermGen: 5580K->5580K(21504K)], 0.0057900 secs] [Times: user=0.02 sys=0.00, real=0.00 secs] 
293.819: Total time for which application threads were stopped: 0.0064160 seconds, Stopping threads took: 0.0000560 seconds
293.881: Application time: 0.0616870 seconds
293.881: [GC [PSYoungGen: 14845K->480K(16384K)] 19282K->4917K(41472K), 0.0004130 secs] [Times: user=0.00 sys=0.00, real=0.00 secs] 
293.881: Total time for which application threads were stopped: 0.0005650 seconds, Stopping threads took: 0.0000860 seconds
293.943: Application time: 0.0619920 seconds
293.943: [GC [PSYoungGen: 15326K->512K(16384K)] 19764K->5358K(41472K), 0.0004680 secs] [Times: user=0.00 sys=0.00, real=0.01 secs] 
293.944: Total time for which application threads were stopped: 0.0005790 seconds, Stopping threads took: 0.0000520 seconds
294.006: Application time: 0.0624750 seconds
294.006: [GC [PSYoungGen: 15359K->608K(16384K)] 20205K->5678K(41472K), 0.0004380 secs] [Times: user=0.00 sys=0.00, real=0.00 secs] 
294.007: Total time for which application threads were stopped: 0.0005530 seconds, Stopping threads took: 0.0000540 seconds
294.072: Application time: 0.0653370 seconds
294.072: [GC [PSYoungGen: 15455K->0K(16384K)] 20526K->5503K(41472K), 0.0004050 secs] [Times: user=0.00 sys=0.00, real=0.00 secs] 
294.073: Total time for which application threads were stopped: 0.0005300 seconds, Stopping threads took: 0.0000590 seconds
294.138: Application time: 0.0652880 seconds
294.138: [GC [PSYoungGen: 14847K->0K(16384K)] 20351K->5503K(41472K), 0.0003430 secs] [Times: user=0.00 sys=0.00, real=0.00 secs] 
294.139: Total time for which application threads were stopped: 0.0004770 seconds, Stopping threads took: 0.0000740 seconds
294.200: Application time: 0.0617020 seconds
294.200: [GC [PSYoungGen: 14844K->480K(16384K)] 20348K->5984K(41472K), 0.0004090 secs] [Times: user=0.01 sys=0.00, real=0.00 secs] 
294.201: Total time for which application threads were stopped: 0.0005370 seconds, Stopping threads took: 0.0000700 seconds
294.266: Application time: 0.0655190 seconds
294.266: [GC [PSYoungGen: 15327K->0K(16384K)] 20831K->5908K(41472K), 0.0004500 secs] [Times: user=0.00 sys=0.00, real=0.00 secs] 
294.267: Total time for which application threads were stopped: 0.0006010 seconds, Stopping threads took: 0.0000700 seconds
294.319: Application time: 0.0518630 seconds
294.319: [GC [PSYoungGen: 14844K->384K(15360K)] 20752K->6292K(40448K), 0.0003910 secs] [Times: user=0.00 sys=0.00, real=0.00 secs] 
294.319: Total time for which application threads were stopped: 0.0005180 seconds, Stopping threads took: 0.0000630 seconds
294.378: Application time: 0.0584150 seconds
294.378: [GC [PSYoungGen: 15229K->512K(15872K)] 21138K->6436K(40960K), 0.0004530 secs] [Times: user=0.00 sys=0.00, real=0.00 secs] 
294.378: Total time for which application threads were stopped: 0.0005550 seconds, Stopping threads took: 0.0000420 seconds
294.426: Application time: 0.0475020 seconds
294.426: [GC [PSYoungGen: 15359K->512K(15872K)] 21284K->6444K(40960K), 0.0004670 secs] [Times: user=0.00 sys=0.00, real=0.00 secs] 
294.426: Total time for which application threads were stopped: 0.0005960 seconds, Stopping threads took: 0.0000670 seconds
294.492: Application time: 0.0654720 seconds
294.492: [GC [PSYoungGen: 15356K->384K(15872K)] 21288K->6545K(40960K), 0.0003740 secs] [Times: user=0.00 sys=0.00, real=0.00 secs] 
294.492: Total time for which application threads were stopped: 0.0004790 seconds, Stopping threads took: 0.0000520 seconds
294.558: Application time: 0.0654630 seconds
294.558: [GC [PSYoungGen: 15231K->0K(15872K)] 21392K->6377K(40960K), 0.0003690 secs] [Times: user=0.00 sys=0.00, real=0.00 secs] 
294.558: Total time for which application threads were stopped: 0.0004890 seconds, Stopping threads took: 0.0000520 seconds
294.623: Application time: 0.0651610 seconds
294.624: [GC [PSYoungGen: 14847K->0K(15872K)] 21224K->6377K(40960K), 0.0003820 secs] [Times: user=0.00 sys=0.00, real=0.01 secs] 
294.624: Total time for which application threads were stopped: 0.0005090 seconds, Stopping threads took: 0.0000610 seconds
294.689: Application time: 0.0650790 seconds
294.689: [GC [PSYoungGen: 14847K->0K(15872K)] 21224K->6377K(40960K), 0.0003650 secs] [Times: user=0.00 sys=0.00, real=0.00 secs] 
294.690: Total time for which application threads were stopped: 0.0005030 seconds, Stopping threads took: 0.0000730 seconds
294.734: Application time: 0.0446130 seconds
294.734: [GC [PSYoungGen: 14845K->576K(15872K)] 21222K->6953K(40960K), 0.0004600 secs] [Times: user=0.00 sys=0.00, real=0.00 secs] 
294.735: Total time for which application threads were stopped: 0.0005820 seconds, Stopping threads took: 0.0000600 seconds
294.797: Application time: 0.0619760 seconds
294.797: [GC [PSYoungGen: 15319K->416K(15872K)] 21696K->7033K(40960K), 0.0004670 secs] [Times: user=0.01 sys=0.00, real=0.00 secs] 
294.797: Total time for which application threads were stopped: 0.0006000 seconds, Stopping threads took: 0.0000590 seconds
294.860: Application time: 0.0630850 seconds
294.861: [GC [PSYoungGen: 15263K->544K(15872K)] 21881K->7265K(40960K), 0.0004300 secs] [Times: user=0.00 sys=0.00, real=0.00 secs] 
294.861: Total time for which application threads were stopped: 0.0005670 seconds, Stopping threads took: 0.0000770 seconds
294.927: Application time: 0.0663320 seconds
294.927: [GC [PSYoungGen: 15391K->0K(15872K)] 22112K->7122K(40960K), 0.0004440 secs] [Times: user=0.00 sys=0.00, real=0.00 secs] 
294.928: Total time for which application threads were stopped: 0.0005610 seconds, Stopping threads took: 0.0000550 seconds
294.994: Application time: 0.0660200 seconds
294.994: [GC [PSYoungGen: 14847K->0K(15872K)] 21969K->7122K(40960K), 0.0003500 secs] [Times: user=0.00 sys=0.00, real=0.00 secs] 
294.994: Total time for which application threads were stopped: 0.0005070 seconds, Stopping threads took: 0.0000820 seconds
295.060: Application time: 0.0660550 seconds
295.061: [GC [PSYoungGen: 14847K->0K(15872K)] 21969K->7122K(40960K), 0.0003370 secs] [Times: user=0.00 sys=0.00, real=0.00 secs] 
295.061: Total time for which application threads were stopped: 0.0004540 seconds, Stopping threads took: 0.0000500 seconds
295.126: Application time: 0.0648240 seconds
295.126: [GC [PSYoungGen: 14844K->352K(15872K)] 21967K->7474K(40960K), 0.0004170 secs] [Times: user=0.00 sys=0.00, real=0.00 secs] 
295.126: Total time for which application threads were stopped: 0.0005250 seconds, Stopping threads took: 0.0000490 seconds
295.188: Application time: 0.0618440 seconds
295.188: [GC [PSYoungGen: 15198K->480K(15872K)] 22321K->7618K(40960K), 0.0004300 secs] [Times: user=0.00 sys=0.00, real=0.00 secs] 
295.189: Total time for which application threads were stopped: 0.0005540 seconds, Stopping threads took: 0.0000630 seconds
295.230: Application time: 0.0410220 seconds
295.230: [GC [PSYoungGen: 15327K->512K(15872K)] 22466K->7874K(40960K), 0.0005030 secs] [Times: user=0.00 sys=0.00, real=0.00 secs] 
295.230: Total time for which application threads were stopped: 0.0006120 seconds, Stopping threads took: 0.0000450 seconds
295.276: Application time: 0.0454700 seconds
295.276: [GC [PSYoungGen: 15355K->544K(15872K)] 22718K->8159K(40960K), 0.0004420 secs] [Times: user=0.00 sys=0.00, real=0.00 secs] 
295.276: Total time for which application threads were stopped: 0.0005560 seconds, Stopping threads took: 0.0000510 seconds
295.326: Application time: 0.0494490 seconds
295.326: [GC [PSYoungGen: 15390K->736K(15872K)] 23005K->8359K(40960K), 0.0004580 secs] [Times: user=0.00 sys=0.00, real=0.00 secs] 
295.326: Total time for which application threads were stopped: 0.0005850 seconds, Stopping threads took: 0.0000530 seconds
295.390: Application time: 0.0637310 seconds
295.390: [GC [PSYoungGen: 15580K->256K(15360K)] 23203K->8352K(40448K), 0.0005050 secs] [Times: user=0.01 sys=0.00, real=0.00 secs] 
295.391: Total time for which application threads were stopped: 0.0006230 seconds, Stopping threads took: 0.0000580 seconds
295.455: Application time: 0.0645160 seconds
295.455: [GC [PSYoungGen: 15103K->0K(15872K)] 23199K->8308K(40960K), 0.0003880 secs] [Times: user=0.00 sys=0.00, real=0.00 secs] 
295.456: Total time for which application threads were stopped: 0.0005120 seconds, Stopping threads took: 0.0000600 seconds
295.497: Application time: 0.0415930 seconds
295.497: [GC [PSYoungGen: 14845K->576K(15360K)] 23153K->8884K(40448K), 0.0004420 secs] [Times: user=0.00 sys=0.00, real=0.00 secs] 
295.498: Total time for which application threads were stopped: 0.0005530 seconds, Stopping threads took: 0.0000480 seconds
295.543: Application time: 0.0455640 seconds
295.544: [GC [PSYoungGen: 14909K->512K(15360K)] 23218K->8908K(40448K), 0.0004710 secs] [Times: user=0.00 sys=0.00, real=0.01 secs] 
295.544: Total time for which application threads were stopped: 0.0005920 seconds, Stopping threads took: 0.0000570 seconds
295.603: Application time: 0.0592430 seconds
295.603: [GC [PSYoungGen: 14847K->480K(15360K)] 23244K->8900K(40448K), 0.0004140 secs] [Times: user=0.00 sys=0.00, real=0.01 secs] 
295.604: Total time for which application threads were stopped: 0.0005330 seconds, Stopping threads took: 0.0000550 seconds
295.663: Application time: 0.0589310 seconds
295.663: [GC [PSYoungGen: 14813K->576K(15360K)] 23233K->9409K(40448K), 0.0004740 secs] [Times: user=0.00 sys=0.00, real=0.00 secs] 
295.663: Total time for which application threads were stopped: 0.0005970 seconds, Stopping threads took: 0.0000580 seconds
295.724: Application time: 0.0608440 seconds
295.724: [GC [PSYoungGen: 14911K->416K(15360K)] 23744K->9650K(40448K), 0.0004330 secs] [Times: user=0.00 sys=0.00, real=0.00 secs] 
295.725: Total time for which application threads were stopped: 0.0005520 seconds, Stopping threads took: 0.0000520 seconds
295.789: Application time: 0.0638740 seconds
295.792: [GC [PSYoungGen: 14751K->0K(15360K)] 23985K->9438K(40448K), 0.0004570 secs] [Times: user=0.00 sys=0.00, real=0.00 secs] 
295.792: Total time for which application threads were stopped: 0.0036880 seconds, Stopping threads took: 0.0031640 seconds
295.856: Application time: 0.0632220 seconds
295.856: [GC [PSYoungGen: 14332K->0K(15360K)] 23771K->9438K(40448K), 0.0003780 secs] [Times: user=0.00 sys=0.00, real=0.00 secs] 
295.856: Total time for which application threads were stopped: 0.0005430 seconds, Stopping threads took: 0.0000810 seconds
295.916: Application time: 0.0595400 seconds
295.916: [GC [PSYoungGen: 14333K->544K(15360K)] 23771K->9982K(40448K), 0.0004150 secs] [Times: user=0.00 sys=0.00, real=0.00 secs] 
295.916: Total time for which application threads were stopped: 0.0005160 seconds, Stopping threads took: 0.0000400 seconds
295.980: Application time: 0.0633200 seconds
295.980: [GC [PSYoungGen: 14876K->0K(15360K)] 24315K->9851K(40448K), 0.0004360 secs] [Times: user=0.00 sys=0.00, real=0.00 secs] 
295.980: Total time for which application threads were stopped: 0.0005500 seconds, Stopping threads took: 0.0000500 seconds
296.029: Application time: 0.0490970 seconds
296.029: [GC [PSYoungGen: 14334K->384K(15360K)] 24185K->10235K(40448K), 0.0004010 secs] [Times: user=0.00 sys=0.00, real=0.00 secs] 
296.030: Total time for which application threads were stopped: 0.0005290 seconds, Stopping threads took: 0.0000620 seconds
296.085: Application time: 0.0549270 seconds
296.085: [GC [PSYoungGen: 14719K->512K(15360K)] 24571K->10379K(40448K), 0.0004170 secs] [Times: user=0.00 sys=0.00, real=0.00 secs] 
296.085: Total time for which application threads were stopped: 0.0005360 seconds, Stopping threads took: 0.0000550 seconds
296.131: Application time: 0.0461950 seconds
296.131: [GC [PSYoungGen: 14845K->544K(15360K)] 24713K->10427K(40448K), 0.0004000 secs] [Times: user=0.00 sys=0.00, real=0.01 secs] 
296.132: Total time for which application threads were stopped: 0.0005130 seconds, Stopping threads took: 0.0000510 seconds
296.194: Application time: 0.0620760 seconds
296.194: [GC [PSYoungGen: 14876K->384K(15360K)] 24760K->10488K(40448K), 0.0004010 secs] [Times: user=0.00 sys=0.00, real=0.00 secs] 
296.194: Total time for which application threads were stopped: 0.0005320 seconds, Stopping threads took: 0.0000680 seconds
296.258: Application time: 0.0631170 seconds
296.258: [GC [PSYoungGen: 14717K->0K(15360K)] 24821K->10320K(40448K), 0.0003950 secs] [Times: user=0.00 sys=0.00, real=0.00 secs] 
296.258: Total time for which application threads were stopped: 0.0005180 seconds, Stopping threads took: 0.0000620 seconds
296.321: Application time: 0.0631750 seconds
296.321: [GC [PSYoungGen: 14333K->0K(15360K)] 24653K->10320K(40448K), 0.0003390 secs] [Times: user=0.00 sys=0.00, real=0.00 secs] 
296.322: Total time for which application threads were stopped: 0.0004600 seconds, Stopping threads took: 0.0000620 seconds
296.385: Application time: 0.0629890 seconds
296.385: [GC [PSYoungGen: 14333K->0K(15360K)] 24653K->10320K(40448K), 0.0003380 secs] [Times: user=0.00 sys=0.00, real=0.00 secs] 
296.385: Total time for which application threads were stopped: 0.0004660 seconds, Stopping threads took: 0.0000560 seconds
296.433: Application time: 0.0478440 seconds
296.433: [GC [PSYoungGen: 14331K->544K(15360K)] 24651K->10864K(40448K), 0.0004030 secs] [Times: user=0.00 sys=0.00, real=0.00 secs] 
296.434: Total time for which application threads were stopped: 0.0005160 seconds, Stopping threads took: 0.0000510 seconds
296.490: Application time: 0.0562980 seconds
296.490: [GC [PSYoungGen: 14877K->368K(15360K)] 25197K->10944K(40448K), 0.0004250 secs] [Times: user=0.00 sys=0.00, real=0.00 secs] 
296.490: Total time for which application threads were stopped: 0.0005550 seconds, Stopping threads took: 0.0000670 seconds
296.550: Application time: 0.0600560 seconds
296.551: [GC [PSYoungGen: 14701K->544K(15360K)] 25277K->11184K(40448K), 0.0004460 secs] [Times: user=0.00 sys=0.00, real=0.00 secs] 
296.551: Total time for which application threads were stopped: 0.0005540 seconds, Stopping threads took: 0.0000460 seconds
296.615: Application time: 0.0640870 seconds
296.615: [GC [PSYoungGen: 14879K->0K(15360K)] 25519K->11068K(40448K), 0.0004920 secs] [Times: user=0.00 sys=0.00, real=0.00 secs] 
296.616: Total time for which application threads were stopped: 0.0006250 seconds, Stopping threads took: 0.0000640 seconds
296.679: Application time: 0.0635850 seconds
296.679: [GC [PSYoungGen: 14332K->0K(15360K)] 25401K->11068K(40448K), 0.0003670 secs] [Times: user=0.00 sys=0.00, real=0.00 secs] 
296.680: Total time for which application threads were stopped: 0.0004850 seconds, Stopping threads took: 0.0000590 seconds
296.743: Application time: 0.0633800 seconds
296.743: [GC [PSYoungGen: 14332K->0K(15360K)] 25401K->11068K(40448K), 0.0003500 secs] [Times: user=0.00 sys=0.00, real=0.00 secs] 
296.744: Total time for which application threads were stopped: 0.0004710 seconds, Stopping threads took: 0.0000570 seconds
296.807: Application time: 0.0633730 seconds
296.807: [GC [PSYoungGen: 14332K->0K(15360K)] 25401K->11068K(40448K), 0.0003510 secs] [Times: user=0.00 sys=0.00, real=0.00 secs] 
296.808: Total time for which application threads were stopped: 0.0004700 seconds, Stopping threads took: 0.0000520 seconds
296.869: Application time: 0.0617200 seconds
296.869: [GC [PSYoungGen: 14335K->288K(15360K)] 25404K->11356K(40448K), 0.0004710 secs] [Times: user=0.00 sys=0.00, real=0.00 secs] 
296.870: Total time for which application threads were stopped: 0.0005960 seconds, Stopping threads took: 0.0000610 seconds
296.923: Application time: 0.0531600 seconds
296.923: [GC [PSYoungGen: 14621K->416K(15360K)] 25690K->11713K(40448K), 0.0004000 secs] [Times: user=0.00 sys=0.00, real=0.00 secs] 
296.924: Total time for which application threads were stopped: 0.0005220 seconds, Stopping threads took: 0.0000550 seconds
296.964: Application time: 0.0408950 seconds
296.968: [GC [PSYoungGen: 14750K->544K(15360K)] 26048K->11921K(40448K), 0.0004900 secs] [Times: user=0.00 sys=0.00, real=0.00 secs] 
296.968: Total time for which application threads were stopped: 0.0039390 seconds, Stopping threads took: 0.0033890 seconds
297.008: Application time: 0.0397600 seconds
297.008: [GC [PSYoungGen: 14876K->576K(15360K)] 26253K->12177K(40448K), 0.0004380 secs] [Times: user=0.00 sys=0.00, real=0.00 secs] 
297.009: Total time for which application threads were stopped: 0.0005640 seconds, Stopping threads took: 0.0000650 seconds
297.064: Application time: 0.0552860 seconds
297.068: [GC [PSYoungGen: 14909K->736K(15360K)] 26510K->12345K(40448K), 0.0004930 secs] [Times: user=0.00 sys=0.00, real=0.00 secs] 
297.068: Total time for which application threads were stopped: 0.0043960 seconds, Stopping threads took: 0.0038410 seconds
297.130: Application time: 0.0617440 seconds
297.132: [GC [PSYoungGen: 15071K->416K(14848K)] 26680K->12506K(39936K), 0.0005520 secs] [Times: user=0.00 sys=0.00, real=0.00 secs] 
297.132: Total time for which application threads were stopped: 0.0022940 seconds, Stopping threads took: 0.0016750 seconds
297.195: Application time: 0.0624970 seconds
297.195: [GC [PSYoungGen: 14748K->0K(15360K)] 26839K->12311K(40448K), 0.0003770 secs] [Times: user=0.01 sys=0.00, real=0.00 secs] 
297.195: Total time for which application threads were stopped: 0.0004910 seconds, Stopping threads took: 0.0000560 seconds
297.237: Application time: 0.0419850 seconds
297.238: [GC [PSYoungGen: 14332K->544K(15360K)] 26643K->12855K(40448K), 0.0004210 secs] [Times: user=0.00 sys=0.00, real=0.00 secs] 
297.238: Total time for which application threads were stopped: 0.0005370 seconds, Stopping threads took: 0.0000520 seconds
297.281: Application time: 0.0431420 seconds
297.281: [GC [PSYoungGen: 14877K->416K(15360K)] 27188K->12799K(40448K), 0.0004820 secs] [Times: user=0.00 sys=0.00, real=0.00 secs] 
297.282: Total time for which application threads were stopped: 0.0005910 seconds, Stopping threads took: 0.0000460 seconds
297.342: Application time: 0.0604070 seconds
297.342: [GC [PSYoungGen: 14751K->544K(15360K)] 27134K->12943K(40448K), 0.0003890 secs] [Times: user=0.00 sys=0.00, real=0.00 secs] 
297.343: Total time for which application threads were stopped: 0.0005170 seconds, Stopping threads took: 0.0000610 seconds
297.401: Application time: 0.0580280 seconds
297.401: [GC [PSYoungGen: 14878K->704K(15360K)] 27277K->13520K(40448K), 0.0005910 secs] [Times: user=0.00 sys=0.00, real=0.00 secs] 
297.401: Total time for which application threads were stopped: 0.0007020 seconds, Stopping threads took: 0.0000520 seconds
297.464: Application time: 0.0621720 seconds
297.464: [GC [PSYoungGen: 15036K->320K(14848K)] 27853K->13545K(39936K), 0.0004720 secs] [Times: user=0.00 sys=0.00, real=0.01 secs] 
297.464: Total time for which application threads were stopped: 0.0006100 seconds, Stopping threads took: 0.0000600 seconds
297.529: Application time: 0.0644310 seconds
297.529: [GC [PSYoungGen: 14655K->0K(15360K)] 27880K->13561K(40448K), 0.0004430 secs] [Times: user=0.00 sys=0.00, real=0.00 secs] 
297.529: Total time for which application threads were stopped: 0.0005570 seconds, Stopping threads took: 0.0000560 seconds
297.592: Application time: 0.0629150 seconds
297.592: [GC [PSYoungGen: 14332K->0K(15360K)] 27894K->13561K(40448K), 0.0003770 secs] [Times: user=0.00 sys=0.00, real=0.00 secs] 
297.593: Total time for which application threads were stopped: 0.0004920 seconds, Stopping threads took: 0.0000570 seconds
297.653: Application time: 0.0601980 seconds
297.653: [GC [PSYoungGen: 14335K->576K(15360K)] 27897K->14137K(40448K), 0.0004370 secs] [Times: user=0.00 sys=0.00, real=0.00 secs] 
297.653: Total time for which application threads were stopped: 0.0005610 seconds, Stopping threads took: 0.0000600 seconds
297.712: Application time: 0.0587820 seconds
297.712: [GC [PSYoungGen: 14910K->448K(14848K)] 28472K->14222K(39936K), 0.0005000 secs] [Times: user=0.00 sys=0.00, real=0.00 secs] 
297.713: Total time for which application threads were stopped: 0.0006230 seconds, Stopping threads took: 0.0000590 seconds
297.760: Application time: 0.0472930 seconds
297.760: [GC [PSYoungGen: 14779K->416K(15360K)] 28553K->14418K(40448K), 0.0004180 secs] [Times: user=0.00 sys=0.00, real=0.00 secs] 
297.761: Total time for which application threads were stopped: 0.0005400 seconds, Stopping threads took: 0.0000570 seconds
297.813: Application time: 0.0519720 seconds
297.813: [GC [PSYoungGen: 14749K->352K(15360K)] 28752K->14583K(40448K), 0.0004020 secs] [Times: user=0.00 sys=0.00, real=0.00 secs] 
297.813: Total time for which application threads were stopped: 0.0005240 seconds, Stopping threads took: 0.0000610 seconds
297.866: Application time: 0.0529270 seconds
297.866: [GC [PSYoungGen: 14686K->512K(15360K)] 28917K->14759K(40448K), 0.0004330 secs] [Times: user=0.01 sys=0.00, real=0.00 secs] 
297.867: Total time for which application threads were stopped: 0.0005720 seconds, Stopping threads took: 0.0000760 seconds
297.928: Application time: 0.0617800 seconds
297.928: [GC [PSYoungGen: 14847K->352K(15360K)] 29094K->14827K(40448K), 0.0004180 secs] [Times: user=0.00 sys=0.00, real=0.00 secs] 
297.929: Total time for which application threads were stopped: 0.0005440 seconds, Stopping threads took: 0.0000610 seconds
297.992: Application time: 0.0632570 seconds
297.992: [GC [PSYoungGen: 14687K->0K(15360K)] 29162K->14688K(40448K), 0.0004020 secs] [Times: user=0.00 sys=0.00, real=0.00 secs] 
297.993: Total time for which application threads were stopped: 0.0005440 seconds, Stopping threads took: 0.0000700 seconds
298.055: Application time: 0.0627910 seconds
298.056: [GC [PSYoungGen: 14332K->0K(15360K)] 29020K->14688K(40448K), 0.0004380 secs] [Times: user=0.00 sys=0.00, real=0.00 secs] 
298.056: Total time for which application threads were stopped: 0.0005560 seconds, Stopping threads took: 0.0000570 seconds
298.117: Application time: 0.0610900 seconds
298.117: [GC [PSYoungGen: 14335K->352K(15360K)] 29023K->15040K(40448K), 0.0003750 secs] [Times: user=0.00 sys=0.00, real=0.00 secs] 
298.118: Total time for which application threads were stopped: 0.0004940 seconds, Stopping threads took: 0.0000550 seconds
298.161: Application time: 0.0428960 seconds
298.161: [GC [PSYoungGen: 14683K->576K(15360K)] 29371K->15280K(40448K), 0.0004410 secs] [Times: user=0.00 sys=0.00, real=0.00 secs] 
298.161: Total time for which application threads were stopped: 0.0005650 seconds, Stopping threads took: 0.0000650 seconds
298.222: Application time: 0.0610490 seconds
298.222: [GC [PSYoungGen: 14909K->448K(15360K)] 29614K->15628K(40448K), 0.0005160 secs] [Times: user=0.01 sys=0.00, real=0.00 secs] 
298.223: Total time for which application threads were stopped: 0.0006420 seconds, Stopping threads took: 0.0000620 seconds
298.284: Application time: 0.0612770 seconds
298.284: [GC [PSYoungGen: 14780K->512K(15360K)] 29961K->15764K(40448K), 0.0004140 secs] [Times: user=0.00 sys=0.00, real=0.00 secs] 
298.285: Total time for which application threads were stopped: 0.0005390 seconds, Stopping threads took: 0.0000650 seconds
298.348: Application time: 0.0633900 seconds
298.348: [GC [PSYoungGen: 14844K->0K(15360K)] 30097K->15661K(40448K), 0.0004250 secs] [Times: user=0.01 sys=0.00, real=0.00 secs] 
298.349: Total time for which application threads were stopped: 0.0005450 seconds, Stopping threads took: 0.0000600 seconds
298.412: Application time: 0.0634260 seconds
298.412: [GC [PSYoungGen: 14332K->0K(15360K)] 29994K->15661K(40448K), 0.0003340 secs] [Times: user=0.00 sys=0.00, real=0.00 secs] 
298.412: Total time for which application threads were stopped: 0.0004690 seconds, Stopping threads took: 0.0000710 seconds
298.476: Application time: 0.0633480 seconds
298.476: [GC [PSYoungGen: 14332K->0K(15360K)] 29994K->15661K(40448K), 0.0003630 secs] [Times: user=0.00 sys=0.00, real=0.00 secs] 
298.476: Total time for which application threads were stopped: 0.0004950 seconds, Stopping threads took: 0.0000680 seconds
298.540: Application time: 0.0635770 seconds
298.540: [GC [PSYoungGen: 14335K->0K(15360K)] 29997K->15661K(40448K), 0.0003740 secs] [Times: user=0.00 sys=0.00, real=0.00 secs] 
298.540: Total time for which application threads were stopped: 0.0005080 seconds, Stopping threads took: 0.0000680 seconds
298.602: Application time: 0.0615410 seconds
298.602: [GC [PSYoungGen: 14332K->384K(15360K)] 29994K->16045K(40448K), 0.0004030 secs] [Times: user=0.00 sys=0.00, real=0.00 secs] 
298.602: Total time for which application threads were stopped: 0.0005220 seconds, Stopping threads took: 0.0000570 seconds
298.653: Application time: 0.0509450 seconds
298.653: [GC [PSYoungGen: 14718K->320K(15360K)] 30380K->16194K(40448K), 0.0004830 secs] [Times: user=0.00 sys=0.00, real=0.00 secs] 
298.654: Total time for which application threads were stopped: 0.0006120 seconds, Stopping threads took: 0.0000620 seconds
298.693: Application time: 0.0387230 seconds
298.693: [GC [PSYoungGen: 14653K->736K(15360K)] 30527K->16674K(40448K), 0.0004670 secs] [Times: user=0.00 sys=0.00, real=0.00 secs] 
298.693: Total time for which application threads were stopped: 0.0005850 seconds, Stopping threads took: 0.0000550 seconds
298.733: Application time: 0.0398130 seconds
298.733: [GC [PSYoungGen: 15067K->480K(15360K)] 31006K->16626K(40448K), 0.0004880 secs] [Times: user=0.00 sys=0.00, real=0.00 secs] 
298.734: Total time for which application threads were stopped: 0.0005950 seconds, Stopping threads took: 0.0000500 seconds
298.792: Application time: 0.0585720 seconds
298.796: [GC [PSYoungGen: 14815K->736K(15360K)] 30961K->16946K(40448K), 0.0004900 secs] [Times: user=0.00 sys=0.00, real=0.00 secs] 
298.796: Total time for which application threads were stopped: 0.0040940 seconds, Stopping threads took: 0.0035420 seconds
298.860: Application time: 0.0638400 seconds
298.860: [GC [PSYoungGen: 15069K->0K(15872K)] 31279K->16991K(40960K), 0.0004900 secs] [Times: user=0.01 sys=0.00, real=0.00 secs] 
298.861: Total time for which application threads were stopped: 0.0006090 seconds, Stopping threads took: 0.0000580 seconds
298.920: Application time: 0.0596100 seconds
298.921: [GC [PSYoungGen: 14334K->352K(14848K)] 31326K->17343K(39936K), 0.0004390 secs] [Times: user=0.00 sys=0.00, real=0.00 secs] 
298.921: Total time for which application threads were stopped: 0.0005660 seconds, Stopping threads took: 0.0000540 seconds
298.956: Application time: 0.0353770 seconds
298.956: [GC [PSYoungGen: 14684K->576K(15360K)] 31675K->17623K(40448K), 0.0004590 secs] [Times: user=0.00 sys=0.00, real=0.00 secs] 
298.957: Total time for which application threads were stopped: 0.0005880 seconds, Stopping threads took: 0.0000630 seconds
299.010: Application time: 0.0526200 seconds
299.012: [GC [PSYoungGen: 14911K->512K(15360K)] 31958K->17623K(40448K), 0.0004280 secs] [Times: user=0.01 sys=0.00, real=0.01 secs] 
299.012: Total time for which application threads were stopped: 0.0025330 seconds, Stopping threads took: 0.0020400 seconds
299.070: Application time: 0.0582180 seconds
299.070: [GC [PSYoungGen: 14846K->736K(14848K)] 31957K->17871K(39936K), 0.0004570 secs] [Times: user=0.00 sys=0.00, real=0.00 secs] 
299.071: Total time for which application threads were stopped: 0.0005930 seconds, Stopping threads took: 0.0000620 seconds
299.129: Application time: 0.0579050 seconds
299.129: [GC [PSYoungGen: 14528K->320K(14336K)] 31663K->18056K(39424K), 0.0006080 secs] [Times: user=0.00 sys=0.00, real=0.00 secs] 
299.130: Total time for which application threads were stopped: 0.0007440 seconds, Stopping threads took: 0.0000700 seconds
299.190: Application time: 0.0599710 seconds
299.190: [GC [PSYoungGen: 14143K->160K(14848K)] 31879K->18180K(39936K), 0.0004280 secs] [Times: user=0.00 sys=0.00, real=0.00 secs] 
299.190: Total time for which application threads were stopped: 0.0005460 seconds, Stopping threads took: 0.0000500 seconds
299.251: Application time: 0.0613820 seconds
299.252: [GC [PSYoungGen: 13983K->0K(14848K)] 32004K->18172K(39936K), 0.0003640 secs] [Times: user=0.00 sys=0.00, real=0.01 secs] 
299.252: Total time for which application threads were stopped: 0.0004960 seconds, Stopping threads took: 0.0000720 seconds
299.313: Application time: 0.0613570 seconds
299.313: [GC [PSYoungGen: 13821K->0K(14848K)] 31994K->18172K(39936K), 0.0003480 secs] [Times: user=0.01 sys=0.00, real=0.00 secs] 
299.314: Total time for which application threads were stopped: 0.0004810 seconds, Stopping threads took: 0.0000700 seconds
299.372: Application time: 0.0577170 seconds
299.372: [GC [PSYoungGen: 13822K->512K(14848K)] 31995K->18685K(39936K), 0.0004780 secs] [Times: user=0.00 sys=0.00, real=0.01 secs] 
299.372: Total time for which application threads were stopped: 0.0005960 seconds, Stopping threads took: 0.0000560 seconds
299.431: Application time: 0.0590900 seconds
299.431: [GC [PSYoungGen: 14333K->256K(14848K)] 32506K->18966K(39936K), 0.0004960 secs] [Times: user=0.00 sys=0.00, real=0.01 secs] 
299.432: Total time for which application threads were stopped: 0.0006110 seconds, Stopping threads took: 0.0000530 seconds
299.477: Application time: 0.0452180 seconds
299.477: [GC [PSYoungGen: 14077K->384K(14848K)] 32787K->19110K(39936K), 0.0004150 secs] [Times: user=0.00 sys=0.00, real=0.00 secs] 
299.478: Total time for which application threads were stopped: 0.0005790 seconds, Stopping threads took: 0.0000970 seconds
299.528: Application time: 0.0503510 seconds
299.528: [GC [PSYoungGen: 14204K->320K(14848K)] 32930K->19250K(39936K), 0.0004060 secs] [Times: user=0.00 sys=0.00, real=0.00 secs] 
299.529: Total time for which application threads were stopped: 0.0005280 seconds, Stopping threads took: 0.0000610 seconds
299.580: Application time: 0.0510790 seconds
299.580: [GC [PSYoungGen: 14143K->512K(14848K)] 33074K->19458K(39936K), 0.0004170 secs] [Times: user=0.00 sys=0.00, real=0.00 secs] 
299.580: Total time for which application threads were stopped: 0.0005560 seconds, Stopping threads took: 0.0000680 seconds
299.640: Application time: 0.0599940 seconds
299.644: [GC [PSYoungGen: 14335K->256K(14848K)] 33282K->19415K(39936K), 0.0004290 secs] [Times: user=0.00 sys=0.00, real=0.00 secs] 
299.644: Total time for which application threads were stopped: 0.0041360 seconds, Stopping threads took: 0.0036490 seconds
299.706: Application time: 0.0614740 seconds
299.706: [GC [PSYoungGen: 14079K->0K(14848K)] 33238K->19375K(39936K), 0.0004170 secs] [Times: user=0.01 sys=0.00, real=0.00 secs] 
299.706: Total time for which application threads were stopped: 0.0005470 seconds, Stopping threads took: 0.0000660 seconds
299.768: Application time: 0.0617000 seconds
299.768: [GC [PSYoungGen: 13821K->0K(14848K)] 33196K->19375K(39936K), 0.0003390 secs] [Times: user=0.01 sys=0.00, real=0.00 secs] 
299.769: Total time for which application threads were stopped: 0.0004800 seconds, Stopping threads took: 0.0000820 seconds
299.829: Application time: 0.0606610 seconds
299.829: [GC [PSYoungGen: 13823K->0K(14848K)] 33198K->19375K(39936K), 0.0004280 secs] [Times: user=0.00 sys=0.00, real=0.00 secs] 
299.830: Total time for which application threads were stopped: 0.0005440 seconds, Stopping threads took: 0.0000540 seconds
299.874: Application time: 0.0442710 seconds
299.874: [GC [PSYoungGen: 13821K->560K(14848K)] 33196K->19935K(39936K), 0.0004280 secs] [Times: user=0.00 sys=0.00, real=0.00 secs] 
299.875: Total time for which application threads were stopped: 0.0005460 seconds, Stopping threads took: 0.0000580 seconds
299.928: Application time: 0.0536060 seconds
299.928: [GC [PSYoungGen: 14383K->592K(14848K)] 33758K->20219K(39936K), 0.0005280 secs] [Times: user=0.00 sys=0.00, real=0.00 secs] 
299.929: Total time for which application threads were stopped: 0.0006540 seconds, Stopping threads took: 0.0000680 seconds
299.988: Application time: 0.0591620 seconds
299.988: [GC [PSYoungGen: 14413K->448K(14848K)] 34040K->20155K(39936K), 0.0005390 secs] [Times: user=0.00 sys=0.00, real=0.00 secs] 
299.989: Total time for which application threads were stopped: 0.0006540 seconds, Stopping threads took: 0.0000580 seconds
300.050: Application time: 0.0612160 seconds
300.050: [GC [PSYoungGen: 14269K->0K(14848K)] 33977K->20132K(39936K), 0.0004220 secs] [Times: user=0.01 sys=0.00, real=0.00 secs] 
300.050: Total time for which application threads were stopped: 0.0005370 seconds, Stopping threads took: 0.0000510 seconds
300.112: Application time: 0.0612730 seconds
300.112: [GC [PSYoungGen: 13821K->0K(14848K)] 33954K->20132K(39936K), 0.0003750 secs] [Times: user=0.00 sys=0.00, real=0.01 secs] 
300.112: Total time for which application threads were stopped: 0.0005080 seconds, Stopping threads took: 0.0000610 seconds
300.173: Application time: 0.0611960 seconds
300.173: [GC [PSYoungGen: 13821K->0K(14848K)] 33954K->20132K(39936K), 0.0003440 secs] [Times: user=0.00 sys=0.00, real=0.00 secs] 
300.174: Total time for which application threads were stopped: 0.0004730 seconds, Stopping threads took: 0.0000690 seconds
300.235: Application time: 0.0612160 seconds
300.235: [GC [PSYoungGen: 13821K->0K(14848K)] 33954K->20132K(39936K), 0.0004360 secs] [Times: user=0.01 sys=0.00, real=0.00 secs] 
300.236: Total time for which application threads were stopped: 0.0005710 seconds, Stopping threads took: 0.0000680 seconds
300.295: Application time: 0.0598670 seconds
300.296: [GC [PSYoungGen: 13823K->352K(14848K)] 33956K->20484K(39936K), 0.0004210 secs] [Times: user=0.01 sys=0.00, real=0.00 secs] 
300.296: Total time for which application threads were stopped: 0.0005350 seconds, Stopping threads took: 0.0000530 seconds
300.356: Application time: 0.0596600 seconds
300.356: [GC [PSYoungGen: 14171K->320K(14848K)] 34304K->20657K(39936K), 0.0004700 secs] [Times: user=0.00 sys=0.00, real=0.00 secs] 
300.356: Total time for which application threads were stopped: 0.0006010 seconds, Stopping threads took: 0.0000630 seconds
300.401: Application time: 0.0443720 seconds
300.401: [GC [PSYoungGen: 14141K->368K(14848K)] 34479K->20721K(39936K), 0.0004070 secs] [Times: user=0.00 sys=0.00, real=0.00 secs] 
300.401: Total time for which application threads were stopped: 0.0005160 seconds, Stopping threads took: 0.0000510 seconds
300.444: Application time: 0.0428790 seconds
300.444: [GC [PSYoungGen: 14190K->512K(14848K)] 34543K->21110K(39936K), 0.0005110 secs] [Times: user=0.00 sys=0.00, real=0.00 secs] 
300.445: Total time for which application threads were stopped: 0.0006200 seconds, Stopping threads took: 0.0000480 seconds
300.485: Application time: 0.0400450 seconds
300.485: [GC [PSYoungGen: 14332K->736K(14848K)] 34930K->21350K(39936K), 0.0004560 secs] [Times: user=0.00 sys=0.00, real=0.00 secs] 
300.485: Total time for which application threads were stopped: 0.0005660 seconds, Stopping threads took: 0.0000500 seconds
300.543: Application time: 0.0572480 seconds
300.543: [GC [PSYoungGen: 14557K->576K(14848K)] 35171K->21406K(39936K), 0.0004730 secs] [Times: user=0.00 sys=0.00, real=0.00 secs] 
300.543: Total time for which application threads were stopped: 0.0005880 seconds, Stopping threads took: 0.0000550 seconds
300.602: Application time: 0.0592340 seconds
300.602: [GC [PSYoungGen: 14399K->320K(14848K)] 35229K->21418K(39936K), 0.0004440 secs] [Times: user=0.00 sys=0.00, real=0.00 secs] 
300.603: Total time for which application threads were stopped: 0.0005680 seconds, Stopping threads took: 0.0000660 seconds
300.654: Application time: 0.0508000 seconds
300.654: [GC [PSYoungGen: 14142K->384K(14848K)] 35241K->21703K(39936K), 0.0004230 secs] [Times: user=0.00 sys=0.00, real=0.00 secs] 
300.654: Total time for which application threads were stopped: 0.0005370 seconds, Stopping threads took: 0.0000440 seconds
300.692: Application time: 0.0378040 seconds
300.696: [GC [PSYoungGen: 14204K->544K(14848K)] 35523K->21919K(39936K), 0.0004450 secs] [Times: user=0.00 sys=0.00, real=0.00 secs] 
300.696: Total time for which application threads were stopped: 0.0042510 seconds, Stopping threads took: 0.0037400 seconds
300.747: Application time: 0.0509420 seconds
300.747: [GC [PSYoungGen: 14368K->352K(14848K)] 35743K->21791K(39936K), 0.0004280 secs] [Times: user=0.00 sys=0.00, real=0.00 secs] 
300.748: Total time for which application threads were stopped: 0.0005710 seconds, Stopping threads took: 0.0000750 seconds
300.804: Application time: 0.0562770 seconds
300.804: [GC [PSYoungGen: 14172K->608K(14848K)] 35611K->22147K(39936K), 0.0004830 secs] [Times: user=0.00 sys=0.00, real=0.00 secs] 
300.805: Total time for which application threads were stopped: 0.0005860 seconds, Stopping threads took: 0.0000420 seconds
300.863: Application time: 0.0583320 seconds
300.863: [GC [PSYoungGen: 14428K->384K(14848K)] 35968K->22460K(39936K), 0.0004630 secs] [Times: user=0.00 sys=0.00, real=0.00 secs] 
300.864: Total time for which application threads were stopped: 0.0005950 seconds, Stopping threads took: 0.0000700 seconds
300.923: Application time: 0.0591960 seconds
300.923: [GC [PSYoungGen: 14207K->320K(14848K)] 36284K->22621K(39936K), 0.0004620 secs] [Times: user=0.00 sys=0.00, real=0.00 secs] 
300.923: Total time for which application threads were stopped: 0.0005940 seconds, Stopping threads took: 0.0000700 seconds
300.985: Application time: 0.0615230 seconds
300.985: [GC [PSYoungGen: 14141K->0K(14848K)] 36442K->22521K(39936K), 0.0003800 secs] [Times: user=0.00 sys=0.00, real=0.00 secs] 
300.985: Total time for which application threads were stopped: 0.0004980 seconds, Stopping threads took: 0.0000590 seconds
301.046: Application time: 0.0609200 seconds
301.046: [GC [PSYoungGen: 13821K->0K(14848K)] 36343K->22521K(39936K), 0.0003860 secs] [Times: user=0.00 sys=0.00, real=0.00 secs] 
301.047: Total time for which application threads were stopped: 0.0005120 seconds, Stopping threads took: 0.0000620 seconds
301.105: Application time: 0.0581810 seconds
301.105: [GC [PSYoungGen: 13820K->544K(14848K)] 36342K->23065K(39936K), 0.0004230 secs] [Times: user=0.00 sys=0.00, real=0.00 secs] 
301.106: Total time for which application threads were stopped: 0.0005460 seconds, Stopping threads took: 0.0000610 seconds
301.156: Application time: 0.0504410 seconds
301.156: [GC [PSYoungGen: 14364K->512K(14848K)] 36886K->23262K(39936K), 0.0004400 secs] [Times: user=0.00 sys=0.00, real=0.00 secs] 
301.157: Total time for which application threads were stopped: 0.0005640 seconds, Stopping threads took: 0.0000590 seconds
301.207: Application time: 0.0504640 seconds
301.207: [GC [PSYoungGen: 14334K->384K(14848K)] 37084K->23354K(39936K), 0.0004290 secs] [Times: user=0.00 sys=0.00, real=0.00 secs] 
301.208: Total time for which application threads were stopped: 0.0005490 seconds, Stopping threads took: 0.0000600 seconds
301.251: Application time: 0.0435620 seconds
301.251: [GC [PSYoungGen: 14207K->576K(14848K)] 37177K->23562K(39936K), 0.0004360 secs] [Times: user=0.00 sys=0.01, real=0.01 secs] 
301.252: Total time for which application threads were stopped: 0.0005700 seconds, Stopping threads took: 0.0000640 seconds
301.308: Application time: 0.0565420 seconds
301.312: [GC [PSYoungGen: 14397K->288K(14848K)] 37384K->23487K(39936K), 0.0005070 secs] [Times: user=0.00 sys=0.00, real=0.00 secs] 
301.312: Total time for which application threads were stopped: 0.0040720 seconds, Stopping threads took: 0.0035000 seconds
301.372: Application time: 0.0596040 seconds
301.372: [GC [PSYoungGen: 14109K->256K(14848K)] 37308K->23463K(39936K), 0.0004360 secs] [Times: user=0.00 sys=0.00, real=0.00 secs] 
301.373: Total time for which application threads were stopped: 0.0005600 seconds, Stopping threads took: 0.0000610 seconds
301.433: Application time: 0.0605530 seconds
301.433: [GC [PSYoungGen: 14079K->0K(14848K)] 37286K->23423K(39936K), 0.0004260 secs] [Times: user=0.00 sys=0.00, real=0.00 secs] 
301.435: Total time for which application threads were stopped: 0.0016310 seconds, Stopping threads took: 0.0000560 seconds
301.495: Application time: 0.0607250 seconds
301.496: [GC [PSYoungGen: 13823K->0K(14848K)] 37246K->23423K(39936K), 0.0003590 secs] [Times: user=0.00 sys=0.00, real=0.00 secs] 
301.496: Total time for which application threads were stopped: 0.0004760 seconds, Stopping threads took: 0.0000610 seconds
301.555: Application time: 0.0590940 seconds
301.555: [GC [PSYoungGen: 13822K->352K(14848K)] 37245K->23775K(39936K), 0.0004440 secs] [Times: user=0.01 sys=0.00, real=0.00 secs] 
301.556: Total time for which application threads were stopped: 0.0005500 seconds, Stopping threads took: 0.0000430 seconds
301.597: Application time: 0.0417640 seconds
301.597: [GC [PSYoungGen: 14175K->544K(14848K)] 37598K->23983K(39936K), 0.0004440 secs] [Times: user=0.00 sys=0.00, real=0.00 secs] 
301.598: Total time for which application threads were stopped: 0.0005730 seconds, Stopping threads took: 0.0000690 seconds
301.655: Application time: 0.0570200 seconds
301.655: [GC [PSYoungGen: 14367K->576K(14848K)] 37806K->24263K(39936K), 0.0004660 secs] [Times: user=0.01 sys=0.00, real=0.00 secs] 
301.656: Total time for which application threads were stopped: 0.0005970 seconds, Stopping threads took: 0.0000740 seconds
301.715: Application time: 0.0598000 seconds
301.715: [GC [PSYoungGen: 14397K->352K(14848K)] 38084K->24323K(39936K), 0.0004580 secs] [Times: user=0.01 sys=0.00, real=0.00 secs] 
301.716: Total time for which application threads were stopped: 0.0005900 seconds, Stopping threads took: 0.0000600 seconds
301.777: Application time: 0.0608290 seconds
301.777: [GC [PSYoungGen: 14173K->0K(14848K)] 38145K->24195K(39936K), 0.0004080 secs] [Times: user=0.00 sys=0.00, real=0.00 secs] 
301.777: Total time for which application threads were stopped: 0.0005370 seconds, Stopping threads took: 0.0000660 seconds
301.839: Application time: 0.0620170 seconds
301.839: [GC [PSYoungGen: 13823K->0K(14848K)] 38019K->24195K(39936K), 0.0003400 secs] [Times: user=0.00 sys=0.00, real=0.00 secs] 
301.840: Total time for which application threads were stopped: 0.0004680 seconds, Stopping threads took: 0.0000700 seconds
301.901: Application time: 0.0611170 seconds
301.901: [GC [PSYoungGen: 13823K->0K(14848K)] 38019K->24195K(39936K), 0.0004110 secs] [Times: user=0.00 sys=0.00, real=0.00 secs] 
301.901: Total time for which application threads were stopped: 0.0005260 seconds, Stopping threads took: 0.0000490 seconds
301.962: Application time: 0.0607870 seconds
301.962: [GC [PSYoungGen: 13821K->0K(14848K)] 38017K->24195K(39936K), 0.0003440 secs] [Times: user=0.00 sys=0.00, real=0.00 secs] 
301.963: Total time for which application threads were stopped: 0.0004610 seconds, Stopping threads took: 0.0000580 seconds
302.022: Application time: 0.0591740 seconds
302.024: [GC [PSYoungGen: 13823K->320K(14848K)] 38019K->24515K(39936K), 0.0004970 secs] [Times: user=0.00 sys=0.00, real=0.00 secs] 
302.024: Total time for which application threads were stopped: 0.0024800 seconds, Stopping threads took: 0.0019150 seconds
302.077: Application time: 0.0529790 seconds
302.077: [GC [PSYoungGen: 14141K->384K(14848K)] 38337K->24808K(39936K), 0.0004600 secs] [Times: user=0.00 sys=0.00, real=0.00 secs] 
302.078: Total time for which application threads were stopped: 0.0005910 seconds, Stopping threads took: 0.0000660 seconds
302.128: Application time: 0.0497100 seconds
302.128: [GC [PSYoungGen: 14203K->352K(14848K)] 38627K->24832K(39936K), 0.0004260 secs] [Times: user=0.00 sys=0.00, real=0.00 secs] 
302.128: Total time for which application threads were stopped: 0.0005510 seconds, Stopping threads took: 0.0000600 seconds
302.174: Application time: 0.0455720 seconds
302.174: [GC [PSYoungGen: 14173K->576K(14848K)] 38654K->25072K(39936K), 0.0004590 secs] [Times: user=0.00 sys=0.00, real=0.00 secs] 
302.174: Total time for which application threads were stopped: 0.0005830 seconds, Stopping threads took: 0.0000620 seconds
302.213: Application time: 0.0387460 seconds
302.213: [GC [PSYoungGen: 14398K->544K(14848K)] 38894K->25256K(39936K), 0.0004930 secs] [Times: user=0.00 sys=0.00, real=0.00 secs] 
302.214: [Full GC [PSYoungGen: 544K->0K(14848K)] [ParOldGen: 24712K->4435K(24576K)] 25256K->4435K(39424K) [PSPermGen: 5580K->5580K(21504K)], 0.0059450 secs] [Times: user=0.02 sys=0.00, real=0.00 secs] 
302.220: Total time for which application threads were stopped: 0.0066110 seconds, Stopping threads took: 0.0000610 seconds
302.274: Application time: 0.0546590 seconds
302.275: [GC [PSYoungGen: 13821K->608K(14848K)] 18256K->5043K(39424K), 0.0004370 secs] [Times: user=0.00 sys=0.00, real=0.00 secs] 
302.275: Total time for which application threads were stopped: 0.0005680 seconds, Stopping threads took: 0.0000620 seconds
302.334: Application time: 0.0590710 seconds
302.334: [GC [PSYoungGen: 14429K->384K(14848K)] 18864K->5103K(39424K), 0.0004080 secs] [Times: user=0.00 sys=0.00, real=0.00 secs] 
302.335: Total time for which application threads were stopped: 0.0005210 seconds, Stopping threads took: 0.0000500 seconds
302.384: Application time: 0.0499300 seconds
302.385: [GC [PSYoungGen: 14207K->416K(14848K)] 18926K->5359K(39424K), 0.0004110 secs] [Times: user=0.01 sys=0.00, real=0.00 secs] 
302.385: Total time for which application threads were stopped: 0.0005570 seconds, Stopping threads took: 0.0000820 seconds
302.422: Application time: 0.0372960 seconds
302.422: [GC [PSYoungGen: 14238K->544K(14848K)] 19182K->5543K(39424K), 0.0004620 secs] [Times: user=0.00 sys=0.00, real=0.00 secs] 
302.423: Total time for which application threads were stopped: 0.0005690 seconds, Stopping threads took: 0.0000450 seconds
302.475: Application time: 0.0516440 seconds
302.475: [GC [PSYoungGen: 14364K->480K(14848K)] 19364K->5543K(39424K), 0.0004290 secs] [Times: user=0.00 sys=0.00, real=0.00 secs] 
302.475: Total time for which application threads were stopped: 0.0005490 seconds, Stopping threads took: 0.0000590 seconds
302.532: Application time: 0.0571780 seconds
302.532: [GC [PSYoungGen: 14300K->448K(14848K)] 19364K->5708K(39424K), 0.0005320 secs] [Times: user=0.00 sys=0.00, real=0.00 secs] 
302.533: Total time for which application threads were stopped: 0.0006500 seconds, Stopping threads took: 0.0000540 seconds
302.591: Application time: 0.0581320 seconds
302.591: [GC [PSYoungGen: 14271K->416K(14848K)] 19531K->6104K(39424K), 0.0004460 secs] [Times: user=0.00 sys=0.00, real=0.00 secs] 
302.592: Total time for which application threads were stopped: 0.0005670 seconds, Stopping threads took: 0.0000570 seconds
302.651: Application time: 0.0588940 seconds
302.651: [GC [PSYoungGen: 14239K->288K(14848K)] 19928K->6181K(39424K), 0.0004610 secs] [Times: user=0.00 sys=0.00, real=0.00 secs] 
302.651: Total time for which application threads were stopped: 0.0005840 seconds, Stopping threads took: 0.0000610 seconds
302.712: Application time: 0.0610790 seconds
302.712: [GC [PSYoungGen: 14109K->0K(14848K)] 20003K->6113K(39424K), 0.0004140 secs] [Times: user=0.00 sys=0.00, real=0.00 secs] 
302.713: Total time for which application threads were stopped: 0.0005220 seconds, Stopping threads took: 0.0000410 seconds
302.774: Application time: 0.0609300 seconds
302.774: [GC [PSYoungGen: 13823K->0K(14848K)] 19937K->6113K(39424K), 0.0003500 secs] [Times: user=0.00 sys=0.00, real=0.00 secs] 
302.774: Total time for which application threads were stopped: 0.0004730 seconds, Stopping threads took: 0.0000660 seconds
302.832: Application time: 0.0575480 seconds
302.832: [GC [PSYoungGen: 13822K->672K(14848K)] 19936K->6786K(39424K), 0.0004260 secs] [Times: user=0.00 sys=0.00, real=0.00 secs] 
302.832: Total time for which application threads were stopped: 0.0005550 seconds, Stopping threads took: 0.0000590 seconds
302.887: Application time: 0.0548630 seconds
302.887: [GC [PSYoungGen: 14493K->384K(14848K)] 20607K->6915K(39424K), 0.0004340 secs] [Times: user=0.00 sys=0.00, real=0.00 secs] 
302.888: Total time for which application threads were stopped: 0.0005500 seconds, Stopping threads took: 0.0000540 seconds
302.924: Application time: 0.0368290 seconds
302.925: [GC [PSYoungGen: 14206K->512K(14848K)] 20737K->7059K(39424K), 0.0004050 secs] [Times: user=0.00 sys=0.00, real=0.00 secs] 
302.925: Total time for which application threads were stopped: 0.0005270 seconds, Stopping threads took: 0.0000640 seconds
302.976: Application time: 0.0507930 seconds
302.976: [GC [PSYoungGen: 14334K->352K(14848K)] 20881K->7123K(39424K), 0.0004130 secs] [Times: user=0.00 sys=0.00, real=0.00 secs] 
302.976: Total time for which application threads were stopped: 0.0005300 seconds, Stopping threads took: 0.0000520 seconds
303.035: Application time: 0.0584480 seconds
303.035: [GC [PSYoungGen: 14174K->544K(14848K)] 20945K->7331K(39424K), 0.0004050 secs] [Times: user=0.00 sys=0.00, real=0.00 secs] 
303.035: Total time for which application threads were stopped: 0.0005450 seconds, Stopping threads took: 0.0000720 seconds
303.096: Application time: 0.0608650 seconds
303.096: [GC [PSYoungGen: 14367K->0K(14848K)] 21154K->7332K(39424K), 0.0004190 secs] [Times: user=0.00 sys=0.00, real=0.00 secs] 
303.097: Total time for which application threads were stopped: 0.0005520 seconds, Stopping threads took: 0.0000670 seconds
303.158: Application time: 0.0608320 seconds
303.158: [GC [PSYoungGen: 13821K->0K(14848K)] 21153K->7332K(39424K), 0.0003790 secs] [Times: user=0.00 sys=0.00, real=0.00 secs] 
303.158: Total time for which application threads were stopped: 0.0005110 seconds, Stopping threads took: 0.0000700 seconds
303.219: Application time: 0.0606790 seconds
303.219: [GC [PSYoungGen: 13823K->0K(14848K)] 21155K->7332K(39424K), 0.0003420 secs] [Times: user=0.00 sys=0.00, real=0.00 secs] 
303.219: Total time for which application threads were stopped: 0.0004770 seconds, Stopping threads took: 0.0000720 seconds
303.276: Application time: 0.0570040 seconds
303.276: [GC [PSYoungGen: 13821K->320K(14848K)] 21153K->7652K(39424K), 0.0004020 secs] [Times: user=0.00 sys=0.00, real=0.00 secs] 
303.277: Total time for which application threads were stopped: 0.0005190 seconds, Stopping threads took: 0.0000580 seconds
303.319: Application time: 0.0422190 seconds
303.319: [GC [PSYoungGen: 14142K->576K(14848K)] 21474K->7916K(39424K), 0.0004100 secs] [Times: user=0.00 sys=0.00, real=0.00 secs] 
303.320: Total time for which application threads were stopped: 0.0005350 seconds, Stopping threads took: 0.0000650 seconds
303.379: Application time: 0.0594820 seconds
303.379: [GC [PSYoungGen: 14397K->352K(14848K)] 21737K->8160K(39424K), 0.0004650 secs] [Times: user=0.00 sys=0.00, real=0.00 secs] 
303.380: Total time for which application threads were stopped: 0.0005760 seconds, Stopping threads took: 0.0000420 seconds
303.440: Application time: 0.0602170 seconds
303.440: [GC [PSYoungGen: 14175K->384K(14848K)] 21984K->8448K(39424K), 0.0004150 secs] [Times: user=0.01 sys=0.00, real=0.00 secs] 
303.440: Total time for which application threads were stopped: 0.0005360 seconds, Stopping threads took: 0.0000510 seconds
303.502: Application time: 0.0616100 seconds
303.502: [GC [PSYoungGen: 14205K->0K(14848K)] 22270K->8280K(39424K), 0.0003760 secs] [Times: user=0.00 sys=0.00, real=0.00 secs] 
303.502: Total time for which application threads were stopped: 0.0004970 seconds, Stopping threads took: 0.0000580 seconds
303.565: Application time: 0.0621970 seconds
303.565: [GC [PSYoungGen: 13820K->0K(14848K)] 22101K->8280K(39424K), 0.0003510 secs] [Times: user=0.00 sys=0.00, real=0.00 secs] 
303.565: Total time for which application threads were stopped: 0.0004750 seconds, Stopping threads took: 0.0000640 seconds
303.626: Application time: 0.0611820 seconds
303.626: [GC [PSYoungGen: 13821K->0K(14848K)] 22102K->8280K(39424K), 0.0004070 secs] [Times: user=0.00 sys=0.00, real=0.00 secs] 
303.627: Total time for which application threads were stopped: 0.0005310 seconds, Stopping threads took: 0.0000600 seconds
303.688: Application time: 0.0611100 seconds
303.688: [GC [PSYoungGen: 13821K->0K(14848K)] 22102K->8280K(39424K), 0.0003270 secs] [Times: user=0.00 sys=0.00, real=0.00 secs] 
303.688: Total time for which application threads were stopped: 0.0004470 seconds, Stopping threads took: 0.0000540 seconds
303.748: Application time: 0.0594260 seconds
303.748: [GC [PSYoungGen: 13823K->320K(14848K)] 22104K->8600K(39424K), 0.0003940 secs] [Times: user=0.00 sys=0.00, real=0.00 secs] 
303.748: Total time for which application threads were stopped: 0.0005120 seconds, Stopping threads took: 0.0000550 seconds
303.798: Application time: 0.0495440 seconds
303.798: [GC [PSYoungGen: 14140K->416K(14848K)] 22421K->8913K(39424K), 0.0004210 secs] [Times: user=0.01 sys=0.00, real=0.00 secs] 
303.798: Total time for which application threads were stopped: 0.0005400 seconds, Stopping threads took: 0.0000570 seconds
303.851: Application time: 0.0527990 seconds
303.851: [GC [PSYoungGen: 14239K->288K(14848K)] 22736K->8841K(39424K), 0.0004010 secs] [Times: user=0.00 sys=0.00, real=0.01 secs] 
303.852: Total time for which application threads were stopped: 0.0005220 seconds, Stopping threads took: 0.0000600 seconds
303.890: Application time: 0.0387010 seconds
303.891: [GC [PSYoungGen: 14108K->736K(14848K)] 22661K->9297K(39424K), 0.0004330 secs] [Times: user=0.00 sys=0.00, real=0.00 secs] 
303.891: Total time for which application threads were stopped: 0.0005490 seconds, Stopping threads took: 0.0000530 seconds
303.933: Application time: 0.0424430 seconds
303.934: [GC [PSYoungGen: 14559K->544K(14848K)] 23120K->9317K(39424K), 0.0004440 secs] [Times: user=0.00 sys=0.00, real=0.00 secs] 
303.934: Total time for which application threads were stopped: 0.0005750 seconds, Stopping threads took: 0.0000660 seconds
303.992: Application time: 0.0576150 seconds
303.992: [GC [PSYoungGen: 14367K->512K(14848K)] 23141K->9333K(39424K), 0.0004510 secs] [Times: user=0.00 sys=0.00, real=0.00 secs] 
303.992: Total time for which application threads were stopped: 0.0005820 seconds, Stopping threads took: 0.0000590 seconds
304.053: Application time: 0.0605800 seconds
304.053: [GC [PSYoungGen: 14335K->0K(14848K)] 23156K->9269K(39424K), 0.0004340 secs] [Times: user=0.01 sys=0.00, real=0.00 secs] 
304.053: Total time for which application threads were stopped: 0.0005570 seconds, Stopping threads took: 0.0000640 seconds
304.106: Application time: 0.0522720 seconds
304.106: [GC [PSYoungGen: 13819K->320K(14848K)] 23089K->9589K(39424K), 0.0003960 secs] [Times: user=0.00 sys=0.00, real=0.00 secs] 
304.106: Total time for which application threads were stopped: 0.0005270 seconds, Stopping threads took: 0.0000680 seconds
304.143: Application time: 0.0372170 seconds
304.144: [GC [PSYoungGen: 14142K->512K(14848K)] 23411K->9837K(39424K), 0.0004710 secs] [Times: user=0.00 sys=0.00, real=0.01 secs] 
304.144: Total time for which application threads were stopped: 0.0005880 seconds, Stopping threads took: 0.0000550 seconds
304.194: Application time: 0.0499050 seconds
304.194: [GC [PSYoungGen: 14333K->512K(14848K)] 23659K->10090K(39424K), 0.0004650 secs] [Times: user=0.00 sys=0.00, real=0.00 secs] 
304.195: Total time for which application threads were stopped: 0.0005910 seconds, Stopping threads took: 0.0000640 seconds
304.252: Application time: 0.0574010 seconds
304.252: [GC [PSYoungGen: 14332K->736K(14848K)] 23911K->10322K(39424K), 0.0005190 secs] [Times: user=0.00 sys=0.00, real=0.00 secs] 
304.253: Total time for which application threads were stopped: 0.0006400 seconds, Stopping threads took: 0.0000590 seconds
304.311: Application time: 0.0582240 seconds
304.311: [GC [PSYoungGen: 14556K->544K(14848K)] 24143K->10751K(39424K), 0.0004830 secs] [Times: user=0.01 sys=0.00, real=0.00 secs] 
304.311: Total time for which application threads were stopped: 0.0006080 seconds, Stopping threads took: 0.0000610 seconds
304.371: Application time: 0.0595390 seconds
304.371: [GC [PSYoungGen: 14367K->320K(14848K)] 24575K->10748K(39424K), 0.0004290 secs] [Times: user=0.00 sys=0.00, real=0.00 secs] 
304.372: Total time for which application threads were stopped: 0.0005640 seconds, Stopping threads took: 0.0000760 seconds
304.432: Application time: 0.0609530 seconds
304.433: [GC [PSYoungGen: 14143K->0K(14848K)] 24572K->10644K(39424K), 0.0003990 secs] [Times: user=0.00 sys=0.00, real=0.00 secs] 
304.433: Total time for which application threads were stopped: 0.0005410 seconds, Stopping threads took: 0.0000670 seconds
304.494: Application time: 0.0611350 seconds
304.494: [GC [PSYoungGen: 13823K->0K(14848K)] 24468K->10644K(39424K), 0.0003660 secs] [Times: user=0.00 sys=0.00, real=0.00 secs] 
304.495: Total time for which application threads were stopped: 0.0004970 seconds, Stopping threads took: 0.0000730 seconds
304.552: Application time: 0.0571190 seconds
304.552: [GC [PSYoungGen: 13822K->512K(14848K)] 24466K->11156K(39424K), 0.0004220 secs] [Times: user=0.00 sys=0.00, real=0.00 secs] 
304.552: Total time for which application threads were stopped: 0.0005540 seconds, Stopping threads took: 0.0000680 seconds
304.610: Application time: 0.0574490 seconds
304.610: [GC [PSYoungGen: 14333K->480K(14848K)] 24978K->11533K(39424K), 0.0004820 secs] [Times: user=0.00 sys=0.00, real=0.00 secs] 
304.610: Total time for which application threads were stopped: 0.0005890 seconds, Stopping threads took: 0.0000420 seconds
304.644: Application time: 0.0335930 seconds
304.644: [GC [PSYoungGen: 14299K->512K(14848K)] 25353K->11597K(39424K), 0.0004100 secs] [Times: user=0.00 sys=0.00, real=0.00 secs] 
304.644: Total time for which application threads were stopped: 0.0005080 seconds, Stopping threads took: 0.0000380 seconds
304.701: Application time: 0.0565610 seconds
304.704: [GC [PSYoungGen: 14335K->512K(14848K)] 25420K->11605K(39424K), 0.0004980 secs] [Times: user=0.01 sys=0.00, real=0.00 secs] 
304.704: Total time for which application threads were stopped: 0.0033510 seconds, Stopping threads took: 0.0027890 seconds
304.769: Application time: 0.0650550 seconds
304.770: [GC [PSYoungGen: 14333K->512K(14848K)] 25426K->11629K(39424K), 0.0004500 secs] [Times: user=0.00 sys=0.00, real=0.00 secs] 
304.770: Total time for which application threads were stopped: 0.0005660 seconds, Stopping threads took: 0.0000530 seconds
304.837: Application time: 0.0671590 seconds
304.837: [GC [PSYoungGen: 14333K->0K(14848K)] 25451K->11530K(39424K), 0.0004130 secs] [Times: user=0.00 sys=0.00, real=0.00 secs] 
304.838: Total time for which application threads were stopped: 0.0005410 seconds, Stopping threads took: 0.0000620 seconds
304.906: Application time: 0.0683600 seconds
304.906: [GC [PSYoungGen: 13824K->0K(14848K)] 25354K->11530K(39424K), 0.0003900 secs] [Times: user=0.01 sys=0.00, real=0.00 secs] 
304.907: Total time for which application threads were stopped: 0.0005070 seconds, Stopping threads took: 0.0000560 seconds
304.974: Application time: 0.0671550 seconds
304.976: [GC [PSYoungGen: 13821K->0K(14848K)] 25351K->11530K(39424K), 0.0004040 secs] [Times: user=0.00 sys=0.00, real=0.00 secs] 
304.976: Total time for which application threads were stopped: 0.0025690 seconds, Stopping threads took: 0.0020860 seconds
305.034: Application time: 0.0581400 seconds
305.035: [GC [PSYoungGen: 13819K->416K(14848K)] 25349K->11946K(39424K), 0.0003940 secs] [Times: user=0.00 sys=0.00, real=0.00 secs] 
305.035: Total time for which application threads were stopped: 0.0005420 seconds, Stopping threads took: 0.0000820 seconds
305.088: Application time: 0.0533770 seconds
305.088: [GC [PSYoungGen: 14238K->640K(14848K)] 25768K->12178K(39424K), 0.0004700 secs] [Times: user=0.00 sys=0.00, real=0.00 secs] 
305.089: Total time for which application threads were stopped: 0.0006070 seconds, Stopping threads took: 0.0000730 seconds
305.151: Application time: 0.0622740 seconds
305.152: [GC [PSYoungGen: 14462K->736K(14336K)] 26001K->12362K(38912K), 0.0005420 secs] [Times: user=0.00 sys=0.00, real=0.00 secs] 
305.152: Total time for which application threads were stopped: 0.0011750 seconds, Stopping threads took: 0.0005690 seconds
305.217: Application time: 0.0645500 seconds
305.217: [GC [PSYoungGen: 14045K->0K(14848K)] 25671K->12279K(39424K), 0.0005320 secs] [Times: user=0.00 sys=0.00, real=0.00 secs] 
305.218: Total time for which application threads were stopped: 0.0006610 seconds, Stopping threads took: 0.0000650 seconds
305.283: Application time: 0.0652060 seconds
305.283: [GC [PSYoungGen: 13309K->0K(14848K)] 25589K->12279K(39424K), 0.0004250 secs] [Times: user=0.00 sys=0.00, real=0.00 secs] 
305.283: Total time for which application threads were stopped: 0.0005460 seconds, Stopping threads took: 0.0000580 seconds
305.348: Application time: 0.0647260 seconds
305.348: [GC [PSYoungGen: 13309K->0K(14848K)] 25589K->12279K(39424K), 0.0003890 secs] [Times: user=0.00 sys=0.00, real=0.00 secs] 
305.349: Total time for which application threads were stopped: 0.0005040 seconds, Stopping threads took: 0.0000520 seconds
305.413: Application time: 0.0648170 seconds
305.414: [GC [PSYoungGen: 13309K->0K(13824K)] 25589K->12279K(38400K), 0.0004260 secs] [Times: user=0.00 sys=0.00, real=0.00 secs] 
305.414: Total time for which application threads were stopped: 0.0005540 seconds, Stopping threads took: 0.0000640 seconds
305.479: Application time: 0.0648520 seconds
305.479: [GC [PSYoungGen: 13309K->0K(14336K)] 25589K->12279K(38912K), 0.0003640 secs] [Times: user=0.00 sys=0.00, real=0.00 secs] 
305.479: Total time for which application threads were stopped: 0.0005140 seconds, Stopping threads took: 0.0000770 seconds
305.542: Application time: 0.0630380 seconds
305.543: [GC [PSYoungGen: 13308K->288K(14336K)] 25588K->12567K(38912K), 0.0004230 secs] [Times: user=0.00 sys=0.00, real=0.00 secs] 
305.543: Total time for which application threads were stopped: 0.0005380 seconds, Stopping threads took: 0.0000490 seconds
305.593: Application time: 0.0504910 seconds
305.594: [GC [PSYoungGen: 13598K->352K(14336K)] 25877K->12860K(38912K), 0.0004560 secs] [Times: user=0.00 sys=0.00, real=0.00 secs] 
305.594: Total time for which application threads were stopped: 0.0005820 seconds, Stopping threads took: 0.0000610 seconds
305.651: Application time: 0.0567700 seconds
305.651: [GC [PSYoungGen: 13663K->352K(14336K)] 26172K->12916K(38912K), 0.0004060 secs] [Times: user=0.00 sys=0.00, real=0.00 secs] 
305.651: Total time for which application threads were stopped: 0.0005360 seconds, Stopping threads took: 0.0000660 seconds
305.696: Application time: 0.0444400 seconds
305.696: [GC [PSYoungGen: 13663K->704K(14336K)] 26227K->13276K(38912K), 0.0004520 secs] [Times: user=0.01 sys=0.00, real=0.00 secs] 
305.696: Total time for which application threads were stopped: 0.0005900 seconds, Stopping threads took: 0.0000730 seconds
305.736: Application time: 0.0399770 seconds
305.736: [GC [PSYoungGen: 14014K->512K(14336K)] 26586K->13289K(38912K), 0.0004700 secs] [Times: user=0.00 sys=0.00, real=0.00 secs] 
305.737: Total time for which application threads were stopped: 0.0005830 seconds, Stopping threads took: 0.0000500 seconds
305.799: Application time: 0.0617410 seconds
305.799: [GC [PSYoungGen: 13823K->480K(14336K)] 26600K->13505K(38912K), 0.0004850 secs] [Times: user=0.01 sys=0.00, real=0.00 secs] 
305.799: Total time for which application threads were stopped: 0.0006220 seconds, Stopping threads took: 0.0000700 seconds
305.862: Application time: 0.0629730 seconds
305.862: [GC [PSYoungGen: 13788K->384K(14336K)] 26814K->13665K(38912K), 0.0004180 secs] [Times: user=0.00 sys=0.00, real=0.00 secs] 
305.863: Total time for which application threads were stopped: 0.0005530 seconds, Stopping threads took: 0.0000700 seconds
305.925: Application time: 0.0622940 seconds
305.925: [GC [PSYoungGen: 13691K->320K(14336K)] 26972K->13817K(38912K), 0.0004190 secs] [Times: user=0.00 sys=0.00, real=0.00 secs] 
305.926: Total time for which application threads were stopped: 0.0005310 seconds, Stopping threads took: 0.0000520 seconds
305.967: Application time: 0.0410490 seconds
305.968: [GC [PSYoungGen: 13628K->576K(14336K)] 27125K->14129K(38912K), 0.0004420 secs] [Times: user=0.00 sys=0.00, real=0.00 secs] 
305.968: Total time for which application threads were stopped: 0.0016260 seconds, Stopping threads took: 0.0011200 seconds
306.013: Application time: 0.0448950 seconds
306.013: [GC [PSYoungGen: 13887K->512K(14336K)] 27440K->14121K(38912K), 0.0004590 secs] [Times: user=0.00 sys=0.00, real=0.00 secs] 
306.014: Total time for which application threads were stopped: 0.0006130 seconds, Stopping threads took: 0.0000810 seconds
306.074: Application time: 0.0597560 seconds
306.074: [GC [PSYoungGen: 13823K->544K(14336K)] 27433K->14373K(38912K), 0.0004620 secs] [Times: user=0.00 sys=0.00, real=0.00 secs] 
306.074: Total time for which application threads were stopped: 0.0006030 seconds, Stopping threads took: 0.0000760 seconds
306.136: Application time: 0.0616860 seconds
306.136: [GC [PSYoungGen: 13852K->448K(14336K)] 27682K->14682K(38912K), 0.0005330 secs] [Times: user=0.00 sys=0.00, real=0.00 secs] 
306.137: Total time for which application threads were stopped: 0.0006610 seconds, Stopping threads took: 0.0000640 seconds
306.198: Application time: 0.0612670 seconds
306.200: [GC [PSYoungGen: 13758K->576K(14336K)] 27993K->15154K(38912K), 0.0005700 secs] [Times: user=0.01 sys=0.00, real=0.00 secs] 
306.200: Total time for which application threads were stopped: 0.0026350 seconds, Stopping threads took: 0.0020030 seconds
306.265: Application time: 0.0641300 seconds
306.265: [GC [PSYoungGen: 13885K->0K(14336K)] 28463K->14995K(38912K), 0.0004960 secs] [Times: user=0.00 sys=0.00, real=0.00 secs] 
306.265: Total time for which application threads were stopped: 0.0006130 seconds, Stopping threads took: 0.0000540 seconds
306.329: Application time: 0.0641240 seconds
306.329: [GC [PSYoungGen: 13309K->0K(14336K)] 28305K->14995K(38912K), 0.0003790 secs] [Times: user=0.01 sys=0.00, real=0.00 secs] 
306.330: Total time for which application threads were stopped: 0.0005110 seconds, Stopping threads took: 0.0000680 seconds
306.395: Application time: 0.0651590 seconds
306.395: [GC [PSYoungGen: 13311K->0K(14336K)] 28307K->14995K(38912K), 0.0004000 secs] [Times: user=0.00 sys=0.00, real=0.00 secs] 
306.396: Total time for which application threads were stopped: 0.0005210 seconds, Stopping threads took: 0.0000590 seconds
306.456: Application time: 0.0603500 seconds
306.456: [GC [PSYoungGen: 13307K->512K(14336K)] 28303K->15507K(38912K), 0.0004710 secs] [Times: user=0.00 sys=0.00, real=0.00 secs] 
306.456: Total time for which application threads were stopped: 0.0005820 seconds, Stopping threads took: 0.0000500 seconds
306.515: Application time: 0.0585640 seconds
306.515: [GC [PSYoungGen: 13823K->448K(14336K)] 28819K->15844K(38912K), 0.0004930 secs] [Times: user=0.01 sys=0.00, real=0.00 secs] 
306.516: Total time for which application threads were stopped: 0.0006330 seconds, Stopping threads took: 0.0000660 seconds
306.551: Application time: 0.0355460 seconds
306.551: [GC [PSYoungGen: 13757K->512K(14336K)] 29154K->15932K(38912K), 0.0004560 secs] [Times: user=0.00 sys=0.00, real=0.00 secs] 
306.552: Total time for which application threads were stopped: 0.0005820 seconds, Stopping threads took: 0.0000500 seconds
306.610: Application time: 0.0584510 seconds
306.610: [GC [PSYoungGen: 13821K->480K(14336K)] 29242K->15916K(38912K), 0.0004870 secs] [Times: user=0.00 sys=0.00, real=0.00 secs] 
306.611: Total time for which application threads were stopped: 0.0006130 seconds, Stopping threads took: 0.0000620 seconds
306.673: Application time: 0.0622640 seconds
306.673: [GC [PSYoungGen: 13788K->512K(14336K)] 29225K->15980K(38912K), 0.0005220 secs] [Times: user=0.00 sys=0.00, real=0.00 secs] 
306.674: Total time for which application threads were stopped: 0.0006400 seconds, Stopping threads took: 0.0000570 seconds
306.738: Application time: 0.0646490 seconds
306.739: [GC [PSYoungGen: 13821K->0K(14336K)] 29290K->16009K(38912K), 0.0005080 secs] [Times: user=0.01 sys=0.00, real=0.00 secs] 
306.739: Total time for which application threads were stopped: 0.0006250 seconds, Stopping threads took: 0.0000530 seconds
306.804: Application time: 0.0645550 seconds
306.804: [GC [PSYoungGen: 13309K->0K(14336K)] 29318K->16009K(38912K), 0.0003750 secs] [Times: user=0.00 sys=0.00, real=0.01 secs] 
306.804: Total time for which application threads were stopped: 0.0005000 seconds, Stopping threads took: 0.0000580 seconds
306.869: Application time: 0.0644440 seconds
306.869: [GC [PSYoungGen: 13309K->0K(14336K)] 29318K->16009K(38912K), 0.0003640 secs] [Times: user=0.00 sys=0.00, real=0.00 secs] 
306.869: Total time for which application threads were stopped: 0.0004990 seconds, Stopping threads took: 0.0000720 seconds
306.925: Application time: 0.0556630 seconds
306.925: [GC [PSYoungGen: 13307K->320K(14336K)] 29317K->16329K(38912K), 0.0004600 secs] [Times: user=0.00 sys=0.00, real=0.00 secs] 
306.925: Total time for which application threads were stopped: 0.0005770 seconds, Stopping threads took: 0.0000560 seconds
306.974: Application time: 0.0488900 seconds
306.974: [GC [PSYoungGen: 13631K->736K(14336K)] 29640K->16753K(38912K), 0.0004960 secs] [Times: user=0.00 sys=0.00, real=0.00 secs] 
306.975: Total time for which application threads were stopped: 0.0006240 seconds, Stopping threads took: 0.0000640 seconds
307.036: Application time: 0.0609710 seconds
307.036: [GC [PSYoungGen: 14046K->768K(13824K)] 30064K->16873K(38400K), 0.0005700 secs] [Times: user=0.01 sys=0.00, real=0.00 secs] 
307.036: Total time for which application threads were stopped: 0.0007050 seconds, Stopping threads took: 0.0000640 seconds
307.099: Application time: 0.0625540 seconds
307.099: [GC [PSYoungGen: 13567K->0K(14336K)] 29672K->16738K(38912K), 0.0005190 secs] [Times: user=0.00 sys=0.00, real=0.00 secs] 
307.100: Total time for which application threads were stopped: 0.0006500 seconds, Stopping threads took: 0.0000670 seconds
307.162: Application time: 0.0627390 seconds
307.163: [GC [PSYoungGen: 12799K->0K(14336K)] 29538K->16738K(38912K), 0.0003900 secs] [Times: user=0.00 sys=0.00, real=0.00 secs] 
307.163: Total time for which application threads were stopped: 0.0005130 seconds, Stopping threads took: 0.0000600 seconds
307.226: Application time: 0.0628030 seconds
307.226: [GC [PSYoungGen: 12799K->0K(14336K)] 29538K->16738K(38912K), 0.0003930 secs] [Times: user=0.00 sys=0.00, real=0.00 secs] 
307.226: Total time for which application threads were stopped: 0.0005070 seconds, Stopping threads took: 0.0000530 seconds
307.289: Application time: 0.0625090 seconds
307.289: [GC [PSYoungGen: 12799K->0K(13312K)] 29538K->16738K(37888K), 0.0004850 secs] [Times: user=0.00 sys=0.00, real=0.00 secs] 
307.289: Total time for which application threads were stopped: 0.0006090 seconds, Stopping threads took: 0.0000630 seconds
307.352: Application time: 0.0624130 seconds
307.352: [GC [PSYoungGen: 12799K->0K(13824K)] 29538K->16738K(38400K), 0.0003670 secs] [Times: user=0.00 sys=0.00, real=0.00 secs] 
307.352: Total time for which application threads were stopped: 0.0004900 seconds, Stopping threads took: 0.0000600 seconds
307.413: Application time: 0.0603060 seconds
307.413: [GC [PSYoungGen: 12798K->384K(13824K)] 29537K->17122K(38400K), 0.0003990 secs] [Times: user=0.00 sys=0.00, real=0.00 secs] 
307.413: Total time for which application threads were stopped: 0.0005350 seconds, Stopping threads took: 0.0000630 seconds
307.462: Application time: 0.0491710 seconds
307.462: [GC [PSYoungGen: 13181K->288K(13824K)] 29920K->17231K(38400K), 0.0005060 secs] [Times: user=0.00 sys=0.00, real=0.00 secs] 
307.463: Total time for which application threads were stopped: 0.0006320 seconds, Stopping threads took: 0.0000580 seconds
307.516: Application time: 0.0535340 seconds
307.517: [GC [PSYoungGen: 13085K->352K(13824K)] 30028K->17367K(38400K), 0.0004350 secs] [Times: user=0.01 sys=0.00, real=0.00 secs] 
307.517: Total time for which application threads were stopped: 0.0005670 seconds, Stopping threads took: 0.0000670 seconds
307.567: Application time: 0.0500830 seconds
307.567: [GC [PSYoungGen: 13149K->544K(13824K)] 30165K->17575K(38400K), 0.0004370 secs] [Times: user=0.00 sys=0.00, real=0.00 secs] 
307.568: Total time for which application threads were stopped: 0.0005910 seconds, Stopping threads took: 0.0000700 seconds
307.609: Application time: 0.0415070 seconds
307.609: [GC [PSYoungGen: 13341K->544K(13824K)] 30373K->17796K(38400K), 0.0004810 secs] [Times: user=0.00 sys=0.00, real=0.00 secs] 
307.610: Total time for which application threads were stopped: 0.0006350 seconds, Stopping threads took: 0.0000850 seconds
307.659: Application time: 0.0493400 seconds
307.659: [GC [PSYoungGen: 13343K->320K(13824K)] 30595K->17800K(38400K), 0.0004960 secs] [Times: user=0.00 sys=0.00, real=0.00 secs] 
307.660: Total time for which application threads were stopped: 0.0006160 seconds, Stopping threads took: 0.0000570 seconds
307.719: Application time: 0.0588310 seconds
307.719: [GC [PSYoungGen: 13116K->512K(13824K)] 30597K->18056K(38400K), 0.0004520 secs] [Times: user=0.00 sys=0.00, real=0.00 secs] 
307.719: Total time for which application threads were stopped: 0.0005630 seconds, Stopping threads took: 0.0000490 seconds
307.781: Application time: 0.0612770 seconds
307.781: [GC [PSYoungGen: 13311K->0K(13824K)] 30855K->17989K(38400K), 0.0004780 secs] [Times: user=0.00 sys=0.00, real=0.00 secs] 
307.781: Total time for which application threads were stopped: 0.0005960 seconds, Stopping threads took: 0.0000570 seconds
307.843: Application time: 0.0614680 seconds
307.843: [GC [PSYoungGen: 12799K->0K(13824K)] 30788K->17989K(38400K), 0.0003630 secs] [Times: user=0.00 sys=0.00, real=0.00 secs] 
307.843: Total time for which application threads were stopped: 0.0004700 seconds, Stopping threads took: 0.0000430 seconds
307.878: Application time: 0.0346680 seconds
307.878: [GC [PSYoungGen: 12796K->608K(13824K)] 30786K->18597K(38400K), 0.0004400 secs] [Times: user=0.00 sys=0.00, real=0.00 secs] 
307.878: Total time for which application threads were stopped: 0.0005730 seconds, Stopping threads took: 0.0000670 seconds
307.922: Application time: 0.0432410 seconds
307.922: [GC [PSYoungGen: 13405K->736K(13312K)] 31394K->18821K(37888K), 0.0005170 secs] [Times: user=0.01 sys=0.00, real=0.00 secs] 
307.922: Total time for which application threads were stopped: 0.0006240 seconds, Stopping threads took: 0.0000430 seconds
307.978: Application time: 0.0558880 seconds
307.978: [GC [PSYoungGen: 13020K->544K(13824K)] 31106K->18849K(38400K), 0.0004870 secs] [Times: user=0.00 sys=0.00, real=0.00 secs] 
307.979: Total time for which application threads were stopped: 0.0006080 seconds, Stopping threads took: 0.0000560 seconds
308.036: Application time: 0.0569830 seconds
308.036: [GC [PSYoungGen: 12827K->384K(12800K)] 31133K->19107K(37376K), 0.0004840 secs] [Times: user=0.00 sys=0.00, real=0.00 secs] 
308.036: Total time for which application threads were stopped: 0.0006050 seconds, Stopping threads took: 0.0000600 seconds
308.095: Application time: 0.0587320 seconds
308.095: [GC [PSYoungGen: 12668K->288K(13312K)] 31391K->19223K(37888K), 0.0004300 secs] [Times: user=0.00 sys=0.00, real=0.00 secs] 
308.096: Total time for which application threads were stopped: 0.0005600 seconds, Stopping threads took: 0.0000650 seconds
308.155: Application time: 0.0593110 seconds
308.155: [GC [PSYoungGen: 12574K->0K(13312K)] 31510K->19164K(37888K), 0.0004340 secs] [Times: user=0.00 sys=0.00, real=0.00 secs] 
308.155: Total time for which application threads were stopped: 0.0005820 seconds, Stopping threads took: 0.0000820 seconds
308.215: Application time: 0.0592330 seconds
308.215: [GC [PSYoungGen: 12284K->0K(13312K)] 31448K->19164K(37888K), 0.0005010 secs] [Times: user=0.00 sys=0.00, real=0.00 secs] 
308.215: Total time for which application threads were stopped: 0.0006230 seconds, Stopping threads took: 0.0000590 seconds
308.275: Application time: 0.0592640 seconds
308.275: [GC [PSYoungGen: 12284K->0K(13312K)] 31448K->19164K(37888K), 0.0004110 secs] [Times: user=0.01 sys=0.00, real=0.00 secs] 
308.275: Total time for which application threads were stopped: 0.0005360 seconds, Stopping threads took: 0.0000640 seconds
308.330: Application time: 0.0553680 seconds
308.331: [GC [PSYoungGen: 12284K->544K(13312K)] 31448K->19708K(37888K), 0.0004170 secs] [Times: user=0.00 sys=0.00, real=0.00 secs] 
308.331: Total time for which application threads were stopped: 0.0005400 seconds, Stopping threads took: 0.0000580 seconds
308.390: Application time: 0.0592270 seconds
308.390: [GC [PSYoungGen: 12828K->0K(13312K)] 31992K->19572K(37888K), 0.0004510 secs] [Times: user=0.01 sys=0.00, real=0.00 secs] 
308.391: Total time for which application threads were stopped: 0.0005880 seconds, Stopping threads took: 0.0000700 seconds
308.429: Application time: 0.0379030 seconds
308.429: [GC [PSYoungGen: 12284K->512K(13312K)] 31856K->20084K(37888K), 0.0004790 secs] [Times: user=0.00 sys=0.00, real=0.00 secs] 
308.429: Total time for which application threads were stopped: 0.0005820 seconds, Stopping threads took: 0.0000450 seconds
308.468: Application time: 0.0382970 seconds
308.468: [GC [PSYoungGen: 12798K->512K(13312K)] 32371K->20092K(37888K), 0.0004280 secs] [Times: user=0.00 sys=0.00, real=0.00 secs] 
308.468: Total time for which application threads were stopped: 0.0005530 seconds, Stopping threads took: 0.0000620 seconds
308.526: Application time: 0.0575830 seconds
308.526: [GC [PSYoungGen: 12796K->352K(13312K)] 32376K->20160K(37888K), 0.0004220 secs] [Times: user=0.00 sys=0.00, real=0.00 secs] 
308.526: Total time for which application threads were stopped: 0.0005450 seconds, Stopping threads took: 0.0000610 seconds
308.585: Application time: 0.0583540 seconds
308.585: [GC [PSYoungGen: 12637K->320K(13312K)] 32446K->20341K(37888K), 0.0004810 secs] [Times: user=0.00 sys=0.00, real=0.00 secs] 
308.585: Total time for which application threads were stopped: 0.0006040 seconds, Stopping threads took: 0.0000560 seconds
308.645: Application time: 0.0592980 seconds
308.645: [GC [PSYoungGen: 12604K->0K(13312K)] 32625K->20261K(37888K), 0.0003980 secs] [Times: user=0.00 sys=0.00, real=0.00 secs] 
308.645: Total time for which application threads were stopped: 0.0005450 seconds, Stopping threads took: 0.0000720 seconds
308.699: Application time: 0.0541880 seconds
308.699: [GC [PSYoungGen: 12284K->0K(13312K)] 32545K->20261K(37888K), 0.0004000 secs] [Times: user=0.00 sys=0.00, real=0.00 secs] 
308.700: Total time for which application threads were stopped: 0.0005360 seconds, Stopping threads took: 0.0000700 seconds
308.754: Application time: 0.0539340 seconds
308.754: [GC [PSYoungGen: 12286K->0K(13312K)] 32548K->20261K(37888K), 0.0003860 secs] [Times: user=0.00 sys=0.00, real=0.00 secs] 
308.754: Total time for which application threads were stopped: 0.0004940 seconds, Stopping threads took: 0.0000450 seconds
308.792: Application time: 0.0379660 seconds
308.792: [GC [PSYoungGen: 12287K->384K(13312K)] 32549K->20645K(37888K), 0.0004040 secs] [Times: user=0.01 sys=0.00, real=0.00 secs] 
308.793: Total time for which application threads were stopped: 0.0005230 seconds, Stopping threads took: 0.0000570 seconds
308.842: Application time: 0.0492920 seconds
308.842: [GC [PSYoungGen: 12671K->352K(13312K)] 32932K->20629K(37888K), 0.0003990 secs] [Times: user=0.00 sys=0.00, real=0.00 secs] 
308.843: Total time for which application threads were stopped: 0.0005290 seconds, Stopping threads took: 0.0000640 seconds
308.891: Application time: 0.0487410 seconds
308.891: [GC [PSYoungGen: 12636K->800K(13312K)] 32913K->21125K(37888K), 0.0005140 secs] [Times: user=0.00 sys=0.00, real=0.01 secs] 
308.893: Total time for which application threads were stopped: 0.0017320 seconds, Stopping threads took: 0.0000500 seconds
308.948: Application time: 0.0548630 seconds
308.948: [GC [PSYoungGen: 13086K->0K(13312K)] 33412K->20998K(37888K), 0.0004790 secs] [Times: user=0.00 sys=0.00, real=0.00 secs] 
308.949: Total time for which application threads were stopped: 0.0006180 seconds, Stopping threads took: 0.0000720 seconds
309.003: Application time: 0.0546040 seconds
309.003: [GC [PSYoungGen: 12284K->0K(13312K)] 33282K->20998K(37888K), 0.0004100 secs] [Times: user=0.00 sys=0.00, real=0.00 secs] 
309.004: Total time for which application threads were stopped: 0.0005340 seconds, Stopping threads took: 0.0000600 seconds
309.058: Application time: 0.0545920 seconds
309.058: [GC [PSYoungGen: 12284K->0K(13312K)] 33282K->20998K(37888K), 0.0003420 secs] [Times: user=0.00 sys=0.00, real=0.00 secs] 
309.059: Total time for which application threads were stopped: 0.0004700 seconds, Stopping threads took: 0.0000660 seconds
309.113: Application time: 0.0546260 seconds
309.113: [GC [PSYoungGen: 12284K->0K(13312K)] 33282K->20998K(37888K), 0.0004270 secs] [Times: user=0.00 sys=0.00, real=0.00 secs] 
309.114: Total time for which application threads were stopped: 0.0005560 seconds, Stopping threads took: 0.0000670 seconds
309.168: Application time: 0.0544490 seconds
309.168: [GC [PSYoungGen: 12284K->0K(13312K)] 33282K->20998K(37888K), 0.0003870 secs] [Times: user=0.00 sys=0.00, real=0.00 secs] 
309.169: Total time for which application threads were stopped: 0.0005130 seconds, Stopping threads took: 0.0000570 seconds
309.222: Application time: 0.0527350 seconds
309.222: [GC [PSYoungGen: 12286K->352K(13312K)] 33284K->21350K(37888K), 0.0004230 secs] [Times: user=0.00 sys=0.00, real=0.00 secs] 
309.222: Total time for which application threads were stopped: 0.0005450 seconds, Stopping threads took: 0.0000620 seconds
309.270: Application time: 0.0475160 seconds
309.270: [GC [PSYoungGen: 12637K->384K(13312K)] 33636K->21614K(37888K), 0.0004160 secs] [Times: user=0.00 sys=0.00, real=0.00 secs] 
309.270: Total time for which application threads were stopped: 0.0005360 seconds, Stopping threads took: 0.0000610 seconds
309.312: Application time: 0.0417210 seconds
309.312: [GC [PSYoungGen: 12668K->352K(13312K)] 33899K->21646K(37888K), 0.0003980 secs] [Times: user=0.01 sys=0.00, real=0.00 secs] 
309.312: Total time for which application threads were stopped: 0.0005270 seconds, Stopping threads took: 0.0000620 seconds
309.363: Application time: 0.0505990 seconds
309.363: [GC [PSYoungGen: 12637K->256K(13312K)] 33932K->21755K(37888K), 0.0004820 secs] [Times: user=0.00 sys=0.00, real=0.00 secs] 
309.364: Total time for which application threads were stopped: 0.0006080 seconds, Stopping threads took: 0.0000560 seconds
309.402: Application time: 0.0383940 seconds
309.402: Total time for which application threads were stopped: 0.0001000 seconds, Stopping threads took: 0.0000750 seconds
309.402: Application time: 0.0000410 seconds
309.402: [GC [PSYoungGen: 12539K->448K(13312K)] 34171K->22087K(37888K), 0.0003920 secs] [Times: user=0.00 sys=0.00, real=0.00 secs] 
309.403: Total time for which application threads were stopped: 0.0004540 seconds, Stopping threads took: 0.0000170 seconds
309.442: Application time: 0.0394030 seconds
309.442: [GC [PSYoungGen: 12733K->320K(13312K)] 34657K->22525K(37888K), 0.0004440 secs] [Times: user=0.00 sys=0.00, real=0.00 secs] 
309.443: Total time for which application threads were stopped: 0.0005640 seconds, Stopping threads took: 0.0000610 seconds
309.491: Application time: 0.0485180 seconds
309.491: [GC [PSYoungGen: 12607K->544K(13312K)] 34813K->22773K(37888K), 0.0003950 secs] [Times: user=0.00 sys=0.00, real=0.00 secs] 
309.492: Total time for which application threads were stopped: 0.0005170 seconds, Stopping threads took: 0.0000630 seconds
309.544: Application time: 0.0525890 seconds
309.544: [GC [PSYoungGen: 12830K->352K(13312K)] 35059K->22865K(37888K), 0.0004480 secs] [Times: user=0.00 sys=0.00, real=0.00 secs] 
309.545: Total time for which application threads were stopped: 0.0005740 seconds, Stopping threads took: 0.0000610 seconds
309.600: Application time: 0.0546680 seconds
309.600: [GC [PSYoungGen: 12638K->0K(13312K)] 35152K->22729K(37888K), 0.0003860 secs] [Times: user=0.00 sys=0.00, real=0.00 secs] 
309.600: Total time for which application threads were stopped: 0.0005000 seconds, Stopping threads took: 0.0000570 seconds
309.646: Application time: 0.0456990 seconds
309.646: [GC [PSYoungGen: 12284K->544K(13312K)] 35014K->23273K(37888K), 0.0004430 secs] [Times: user=0.00 sys=0.00, real=0.00 secs] 
309.646: Total time for which application threads were stopped: 0.0005610 seconds, Stopping threads took: 0.0000590 seconds
309.676: Application time: 0.0301250 seconds
309.680: [GC [PSYoungGen: 12829K->544K(13312K)] 35559K->23385K(37888K), 0.0005120 secs] [Times: user=0.00 sys=0.00, real=0.00 secs] 
309.680: Total time for which application threads were stopped: 0.0040260 seconds, Stopping threads took: 0.0034400 seconds
309.727: Application time: 0.0461150 seconds
309.727: [GC [PSYoungGen: 12830K->576K(13312K)] 35672K->23638K(37888K), 0.0004550 secs] [Times: user=0.00 sys=0.00, real=0.00 secs] 
309.727: Total time for which application threads were stopped: 0.0005720 seconds, Stopping threads took: 0.0000520 seconds
309.778: Application time: 0.0508600 seconds
309.778: [GC [PSYoungGen: 12860K->640K(13312K)] 35922K->23934K(37888K), 0.0004570 secs] [Times: user=0.00 sys=0.00, real=0.00 secs] 
309.779: Total time for which application threads were stopped: 0.0005900 seconds, Stopping threads took: 0.0000680 seconds
309.830: Application time: 0.0510410 seconds
309.830: [GC [PSYoungGen: 12924K->544K(13312K)] 36218K->24239K(37888K), 0.0005290 secs] [Times: user=0.00 sys=0.00, real=0.00 secs] 
309.830: Total time for which application threads were stopped: 0.0006400 seconds, Stopping threads took: 0.0000490 seconds
309.883: Application time: 0.0529340 seconds
309.883: [GC [PSYoungGen: 12829K->256K(12800K)] 36525K->24156K(37376K), 0.0005200 secs] [Times: user=0.00 sys=0.00, real=0.01 secs] 
309.884: Total time for which application threads were stopped: 0.0006360 seconds, Stopping threads took: 0.0000480 seconds
309.938: Application time: 0.0540600 seconds
309.938: [GC [PSYoungGen: 12542K->0K(13312K)] 36443K->24116K(37888K), 0.0004440 secs] [Times: user=0.00 sys=0.00, real=0.00 secs] 
309.939: [Full GC [PSYoungGen: 0K->0K(13312K)] [ParOldGen: 24116K->4439K(24064K)] 24116K->4439K(37376K) [PSPermGen: 5580K->5580K(21504K)], 0.0058200 secs] [Times: user=0.03 sys=0.00, real=0.01 secs] 
309.944: Total time for which application threads were stopped: 0.0064410 seconds, Stopping threads took: 0.0000640 seconds
309.999: Application time: 0.0542930 seconds
309.999: [GC [PSYoungGen: 12286K->0K(12800K)] 16726K->4439K(36864K), 0.0003700 secs] [Times: user=0.00 sys=0.00, real=0.00 secs] 
309.999: Total time for which application threads were stopped: 0.0004910 seconds, Stopping threads took: 0.0000570 seconds
310.053: Application time: 0.0542390 seconds
310.053: [GC [PSYoungGen: 12284K->0K(13312K)] 16723K->4439K(37376K), 0.0003360 secs] [Times: user=0.00 sys=0.00, real=0.00 secs] 
310.054: Total time for which application threads were stopped: 0.0004510 seconds, Stopping threads took: 0.0000550 seconds
310.104: Application time: 0.0506190 seconds
310.105: [GC [PSYoungGen: 12286K->672K(13312K)] 16726K->5111K(37376K), 0.0004020 secs] [Times: user=0.00 sys=0.00, real=0.00 secs] 
310.105: Total time for which application threads were stopped: 0.0005040 seconds, Stopping threads took: 0.0000390 seconds
310.159: Application time: 0.0541870 seconds
310.159: [GC [PSYoungGen: 12958K->0K(12800K)] 17398K->4856K(36864K), 0.0004240 secs] [Times: user=0.00 sys=0.00, real=0.00 secs] 
310.160: Total time for which application threads were stopped: 0.0005480 seconds, Stopping threads took: 0.0000550 seconds
310.193: Application time: 0.0328980 seconds
310.193: [GC [PSYoungGen: 12285K->512K(13312K)] 17142K->5368K(37376K), 0.0004110 secs] [Times: user=0.00 sys=0.00, real=0.00 secs] 
310.193: Total time for which application threads were stopped: 0.0005450 seconds, Stopping threads took: 0.0000610 seconds
310.230: Application time: 0.0366250 seconds
310.230: [GC [PSYoungGen: 12799K->512K(13312K)] 17655K->5384K(37376K), 0.0004300 secs] [Times: user=0.00 sys=0.00, real=0.00 secs] 
310.230: Total time for which application threads were stopped: 0.0005630 seconds, Stopping threads took: 0.0000730 seconds
310.283: Application time: 0.0524050 seconds
310.283: [GC [PSYoungGen: 12796K->384K(12800K)] 17668K->5472K(36864K), 0.0003850 secs] [Times: user=0.00 sys=0.00, real=0.00 secs] 
310.283: Total time for which application threads were stopped: 0.0005000 seconds, Stopping threads took: 0.0000560 seconds
310.336: Application time: 0.0530570 seconds
310.336: [GC [PSYoungGen: 12670K->352K(13312K)] 17758K->5664K(37376K), 0.0004110 secs] [Times: user=0.00 sys=0.00, real=0.00 secs] 
310.337: Total time for which application threads were stopped: 0.0005270 seconds, Stopping threads took: 0.0000550 seconds
310.391: Application time: 0.0538170 seconds
310.391: [GC [PSYoungGen: 12636K->0K(13312K)] 17949K->5544K(37376K), 0.0003850 secs] [Times: user=0.00 sys=0.00, real=0.00 secs] 
310.391: Total time for which application threads were stopped: 0.0004940 seconds, Stopping threads took: 0.0000500 seconds
310.445: Application time: 0.0538280 seconds
310.445: [GC [PSYoungGen: 12284K->0K(13312K)] 17829K->5544K(37376K), 0.0003650 secs] [Times: user=0.00 sys=0.00, real=0.00 secs] 
310.445: Total time for which application threads were stopped: 0.0004880 seconds, Stopping threads took: 0.0000650 seconds
310.492: Application time: 0.0468640 seconds
310.492: [GC [PSYoungGen: 12285K->320K(13312K)] 17830K->5864K(37376K), 0.0003890 secs] [Times: user=0.00 sys=0.00, real=0.00 secs] 
310.493: Total time for which application threads were stopped: 0.0005060 seconds, Stopping threads took: 0.0000590 seconds
310.534: Application time: 0.0410630 seconds
310.534: [GC [PSYoungGen: 12605K->320K(13312K)] 18150K->5872K(37376K), 0.0004100 secs] [Times: user=0.00 sys=0.00, real=0.00 secs] 
310.534: Total time for which application threads were stopped: 0.0005400 seconds, Stopping threads took: 0.0000710 seconds
310.587: Application time: 0.0522100 seconds
310.587: [GC [PSYoungGen: 12607K->256K(13312K)] 18159K->6045K(37376K), 0.0004170 secs] [Times: user=0.00 sys=0.00, real=0.00 secs] 
310.587: Total time for which application threads were stopped: 0.0005240 seconds, Stopping threads took: 0.0000460 seconds
310.637: Application time: 0.0497250 seconds
310.637: [GC [PSYoungGen: 12540K->768K(13312K)] 18330K->6573K(37376K), 0.0004390 secs] [Times: user=0.00 sys=0.00, real=0.00 secs] 
310.637: Total time for which application threads were stopped: 0.0005620 seconds, Stopping threads took: 0.0000640 seconds
310.692: Application time: 0.0542980 seconds
310.692: [GC [PSYoungGen: 13052K->0K(13312K)] 18857K->6470K(37376K), 0.0005120 secs] [Times: user=0.00 sys=0.00, real=0.00 secs] 
310.692: Total time for which application threads were stopped: 0.0006540 seconds, Stopping threads took: 0.0000770 seconds
310.747: Application time: 0.0542840 seconds
310.747: [GC [PSYoungGen: 12284K->0K(13312K)] 18755K->6470K(37376K), 0.0003390 secs] [Times: user=0.01 sys=0.00, real=0.00 secs] 
310.747: Total time for which application threads were stopped: 0.0004510 seconds, Stopping threads took: 0.0000450 seconds
310.801: Application time: 0.0542500 seconds
310.802: [GC [PSYoungGen: 12284K->0K(13312K)] 18755K->6470K(37376K), 0.0004190 secs] [Times: user=0.00 sys=0.00, real=0.00 secs] 
310.802: Total time for which application threads were stopped: 0.0005460 seconds, Stopping threads took: 0.0000690 seconds
310.856: Application time: 0.0542480 seconds
310.856: [GC [PSYoungGen: 12284K->0K(13312K)] 18755K->6470K(37376K), 0.0003550 secs] [Times: user=0.00 sys=0.00, real=0.00 secs] 
310.857: Total time for which application threads were stopped: 0.0004740 seconds, Stopping threads took: 0.0000620 seconds
310.910: Application time: 0.0535440 seconds
310.910: [GC [PSYoungGen: 12285K->384K(13312K)] 18756K->6854K(37376K), 0.0003540 secs] [Times: user=0.01 sys=0.00, real=0.00 secs] 
310.911: Total time for which application threads were stopped: 0.0004690 seconds, Stopping threads took: 0.0000600 seconds
310.965: Application time: 0.0543380 seconds
310.965: [GC [PSYoungGen: 12668K->0K(13312K)] 19139K->6691K(37376K), 0.0003790 secs] [Times: user=0.00 sys=0.00, real=0.00 secs] 
310.966: Total time for which application threads were stopped: 0.0005000 seconds, Stopping threads took: 0.0000630 seconds
311.007: Application time: 0.0414840 seconds
311.007: [GC [PSYoungGen: 12285K->352K(13312K)] 18976K->7043K(37376K), 0.0004450 secs] [Times: user=0.00 sys=0.00, real=0.00 secs] 
311.008: Total time for which application threads were stopped: 0.0005660 seconds, Stopping threads took: 0.0000560 seconds
311.054: Application time: 0.0467260 seconds
311.054: [GC [PSYoungGen: 12637K->352K(13312K)] 19328K->7107K(37376K), 0.0003910 secs] [Times: user=0.01 sys=0.00, real=0.00 secs] 
311.055: Total time for which application threads were stopped: 0.0005120 seconds, Stopping threads took: 0.0000560 seconds
311.099: Application time: 0.0443170 seconds
311.099: [GC [PSYoungGen: 12637K->640K(13312K)] 19392K->7411K(37376K), 0.0004050 secs] [Times: user=0.00 sys=0.00, real=0.00 secs] 
311.100: Total time for which application threads were stopped: 0.0005060 seconds, Stopping threads took: 0.0000450 seconds
311.134: Application time: 0.0342900 seconds
311.134: [GC [PSYoungGen: 12927K->576K(13312K)] 19699K->7584K(37376K), 0.0004220 secs] [Times: user=0.00 sys=0.00, real=0.00 secs] 
311.135: Total time for which application threads were stopped: 0.0005390 seconds, Stopping threads took: 0.0000570 seconds
311.178: Application time: 0.0434380 seconds
311.178: [GC [PSYoungGen: 12860K->368K(13312K)] 19868K->7596K(37376K), 0.0003990 secs] [Times: user=0.00 sys=0.00, real=0.00 secs] 
311.178: Total time for which application threads were stopped: 0.0005180 seconds, Stopping threads took: 0.0000610 seconds
311.230: Application time: 0.0511820 seconds
311.230: [GC [PSYoungGen: 12655K->512K(13312K)] 19884K->7788K(37376K), 0.0004900 secs] [Times: user=0.00 sys=0.00, real=0.00 secs] 
311.230: Total time for which application threads were stopped: 0.0005940 seconds, Stopping threads took: 0.0000450 seconds
311.284: Application time: 0.0537160 seconds
311.284: [GC [PSYoungGen: 12796K->0K(13312K)] 20073K->7717K(37376K), 0.0004120 secs] [Times: user=0.01 sys=0.00, real=0.00 secs] 
311.285: Total time for which application threads were stopped: 0.0005420 seconds, Stopping threads took: 0.0000570 seconds
311.338: Application time: 0.0535710 seconds
311.338: [GC [PSYoungGen: 12284K->0K(13312K)] 20002K->7717K(37376K), 0.0003370 secs] [Times: user=0.01 sys=0.00, real=0.00 secs] 
311.339: Total time for which application threads were stopped: 0.0004620 seconds, Stopping threads took: 0.0000650 seconds
311.381: Application time: 0.0421840 seconds
311.381: [GC [PSYoungGen: 12285K->320K(13312K)] 20003K->8037K(37376K), 0.0004260 secs] [Times: user=0.00 sys=0.00, real=0.00 secs] 
311.381: Total time for which application threads were stopped: 0.0005500 seconds, Stopping threads took: 0.0000610 seconds
311.412: Application time: 0.0309060 seconds
311.412: [GC [PSYoungGen: 12604K->768K(13312K)] 20322K->8541K(37376K), 0.0004660 secs] [Times: user=0.00 sys=0.00, real=0.00 secs] 
311.413: Total time for which application threads were stopped: 0.0005980 seconds, Stopping threads took: 0.0000720 seconds
311.458: Application time: 0.0450780 seconds
311.458: [GC [PSYoungGen: 13054K->512K(13312K)] 20828K->8549K(37376K), 0.0004160 secs] [Times: user=0.01 sys=0.00, real=0.00 secs] 
311.458: Total time for which application threads were stopped: 0.0005380 seconds, Stopping threads took: 0.0000570 seconds
311.509: Application time: 0.0506210 seconds
311.509: [GC [PSYoungGen: 12796K->736K(13312K)] 20834K->8994K(37376K), 0.0004880 secs] [Times: user=0.00 sys=0.00, real=0.00 secs] 
311.510: Total time for which application threads were stopped: 0.0006090 seconds, Stopping threads took: 0.0000570 seconds
311.561: Application time: 0.0513180 seconds
311.561: [GC [PSYoungGen: 13020K->512K(13312K)] 21278K->9163K(37376K), 0.0004980 secs] [Times: user=0.00 sys=0.00, real=0.00 secs] 
311.562: Total time for which application threads were stopped: 0.0006270 seconds, Stopping threads took: 0.0000620 seconds
311.616: Application time: 0.0544650 seconds
311.616: [GC [PSYoungGen: 12798K->0K(12800K)] 21450K->9076K(36864K), 0.0004340 secs] [Times: user=0.00 sys=0.00, real=0.00 secs] 
311.617: Total time for which application threads were stopped: 0.0005350 seconds, Stopping threads took: 0.0000400 seconds
311.671: Application time: 0.0542320 seconds
311.671: [GC [PSYoungGen: 12286K->0K(13824K)] 21363K->9076K(37888K), 0.0003510 secs] [Times: user=0.00 sys=0.00, real=0.00 secs] 
311.671: Total time for which application threads were stopped: 0.0004860 seconds, Stopping threads took: 0.0000700 seconds
311.725: Application time: 0.0541160 seconds
311.726: [GC [PSYoungGen: 12284K->0K(12800K)] 21361K->9076K(36864K), 0.0003730 secs] [Times: user=0.00 sys=0.00, real=0.00 secs] 
311.726: Total time for which application threads were stopped: 0.0004780 seconds, Stopping threads took: 0.0000460 seconds
311.779: Application time: 0.0531040 seconds
311.779: [GC [PSYoungGen: 12286K->352K(13312K)] 21362K->9428K(37376K), 0.0003930 secs] [Times: user=0.00 sys=0.00, real=0.00 secs] 
311.780: Total time for which application threads were stopped: 0.0005020 seconds, Stopping threads took: 0.0000440 seconds
311.831: Application time: 0.0514230 seconds
311.831: [GC [PSYoungGen: 12638K->576K(13312K)] 21714K->9676K(37376K), 0.0003880 secs] [Times: user=0.00 sys=0.00, real=0.00 secs] 
311.831: Total time for which application threads were stopped: 0.0005100 seconds, Stopping threads took: 0.0000550 seconds
311.877: Application time: 0.0459220 seconds
311.877: [GC [PSYoungGen: 12861K->320K(13312K)] 21962K->9833K(37376K), 0.0004680 secs] [Times: user=0.01 sys=0.00, real=0.00 secs] 
311.878: Total time for which application threads were stopped: 0.0005790 seconds, Stopping threads took: 0.0000470 seconds
311.911: Application time: 0.0335290 seconds
311.912: [GC [PSYoungGen: 12607K->512K(13312K)] 22120K->10041K(37376K), 0.0004420 secs] [Times: user=0.00 sys=0.00, real=0.01 secs] 
311.912: Total time for which application threads were stopped: 0.0005640 seconds, Stopping threads took: 0.0000600 seconds
311.956: Application time: 0.0439550 seconds
311.956: [GC [PSYoungGen: 12796K->384K(13312K)] 22325K->10141K(37376K), 0.0003890 secs] [Times: user=0.00 sys=0.00, real=0.00 secs] 
311.957: Total time for which application threads were stopped: 0.0005080 seconds, Stopping threads took: 0.0000560 seconds
312.009: Application time: 0.0520450 seconds
312.009: [GC [PSYoungGen: 12669K->544K(13312K)] 22426K->10333K(37376K), 0.0003910 secs] [Times: user=0.01 sys=0.00, real=0.00 secs] 
312.009: Total time for which application threads were stopped: 0.0005060 seconds, Stopping threads took: 0.0000510 seconds
312.064: Application time: 0.0545120 seconds
312.064: [GC [PSYoungGen: 12828K->0K(13312K)] 22618K->10202K(37376K), 0.0003930 secs] [Times: user=0.00 sys=0.00, real=0.01 secs] 
312.064: Total time for which application threads were stopped: 0.0005120 seconds, Stopping threads took: 0.0000560 seconds
312.119: Application time: 0.0548660 seconds
312.119: [GC [PSYoungGen: 12284K->0K(13312K)] 22487K->10202K(37376K), 0.0003890 secs] [Times: user=0.00 sys=0.00, real=0.00 secs] 
312.119: Total time for which application threads were stopped: 0.0005160 seconds, Stopping threads took: 0.0000660 seconds
312.174: Application time: 0.0544320 seconds
312.174: [GC [PSYoungGen: 12284K->0K(13312K)] 22486K->10202K(37376K), 0.0003570 secs] [Times: user=0.00 sys=0.00, real=0.00 secs] 
312.174: Total time for which application threads were stopped: 0.0004770 seconds, Stopping threads took: 0.0000540 seconds
312.217: Application time: 0.0426270 seconds
312.217: [GC [PSYoungGen: 12287K->384K(13312K)] 22489K->10586K(37376K), 0.0003810 secs] [Times: user=0.00 sys=0.00, real=0.00 secs] 
312.218: Total time for which application threads were stopped: 0.0005170 seconds, Stopping threads took: 0.0000750 seconds
312.263: Application time: 0.0458970 seconds
312.264: [GC [PSYoungGen: 12671K->352K(13312K)] 22873K->10562K(37376K), 0.0004030 secs] [Times: user=0.00 sys=0.00, real=0.01 secs] 
312.264: Total time for which application threads were stopped: 0.0005260 seconds, Stopping threads took: 0.0000610 seconds
312.315: Application time: 0.0510940 seconds
312.315: [GC [PSYoungGen: 12639K->576K(13312K)] 22849K->10842K(37376K), 0.0004230 secs] [Times: user=0.00 sys=0.00, real=0.00 secs] 
312.316: Total time for which application threads were stopped: 0.0005400 seconds, Stopping threads took: 0.0000580 seconds
312.368: Application time: 0.0524480 seconds
312.368: [GC [PSYoungGen: 12860K->384K(13312K)] 23126K->11091K(37376K), 0.0004650 secs] [Times: user=0.00 sys=0.00, real=0.00 secs] 
312.369: Total time for which application threads were stopped: 0.0005980 seconds, Stopping threads took: 0.0000620 seconds
312.425: Application time: 0.0559740 seconds
312.425: [GC [PSYoungGen: 12670K->0K(13312K)] 23378K->10947K(37376K), 0.0003920 secs] [Times: user=0.00 sys=0.00, real=0.00 secs] 
312.425: Total time for which application threads were stopped: 0.0005160 seconds, Stopping threads took: 0.0000660 seconds
312.480: Application time: 0.0551320 seconds
312.481: [GC [PSYoungGen: 12284K->0K(13312K)] 23231K->10947K(37376K), 0.0003740 secs] [Times: user=0.00 sys=0.00, real=0.00 secs] 
312.482: Total time for which application threads were stopped: 0.0014920 seconds, Stopping threads took: 0.0010500 seconds
312.537: Application time: 0.0550210 seconds
312.537: [GC [PSYoungGen: 12284K->0K(13312K)] 23231K->10947K(37376K), 0.0003330 secs] [Times: user=0.00 sys=0.00, real=0.00 secs] 
312.537: Total time for which application threads were stopped: 0.0004480 seconds, Stopping threads took: 0.0000560 seconds
312.592: Application time: 0.0548010 seconds
312.596: [GC [PSYoungGen: 12284K->0K(13312K)] 23231K->10947K(37376K), 0.0003820 secs] [Times: user=0.00 sys=0.00, real=0.00 secs] 
312.596: Total time for which application threads were stopped: 0.0041960 seconds, Stopping threads took: 0.0037530 seconds
312.650: Application time: 0.0536740 seconds
312.650: [GC [PSYoungGen: 12284K->384K(13312K)] 23231K->11331K(37376K), 0.0003620 secs] [Times: user=0.00 sys=0.00, real=0.00 secs] 
312.650: Total time for which application threads were stopped: 0.0004720 seconds, Stopping threads took: 0.0000530 seconds
312.702: Application time: 0.0514010 seconds
312.702: [GC [PSYoungGen: 12669K->352K(13312K)] 23617K->11523K(37376K), 0.0004150 secs] [Times: user=0.00 sys=0.00, real=0.00 secs] 
312.702: Total time for which application threads were stopped: 0.0005260 seconds, Stopping threads took: 0.0000510 seconds
312.741: Application time: 0.0382650 seconds
312.741: [GC [PSYoungGen: 12580K->256K(13312K)] 23751K->11443K(37376K), 0.0003970 secs] [Times: user=0.00 sys=0.00, real=0.00 secs] 
312.741: Total time for which application threads were stopped: 0.0005150 seconds, Stopping threads took: 0.0000570 seconds
312.795: Application time: 0.0536170 seconds
312.795: [GC [PSYoungGen: 12542K->192K(13312K)] 23729K->11499K(37376K), 0.0004250 secs] [Times: user=0.00 sys=0.00, real=0.00 secs] 
312.795: Total time for which application threads were stopped: 0.0005330 seconds, Stopping threads took: 0.0000470 seconds
312.839: Application time: 0.0436710 seconds
312.839: [GC [PSYoungGen: 12476K->512K(13312K)] 23784K->11971K(37376K), 0.0004550 secs] [Times: user=0.00 sys=0.00, real=0.00 secs] 
312.840: Total time for which application threads were stopped: 0.0005810 seconds, Stopping threads took: 0.0000690 seconds
312.872: Application time: 0.0322500 seconds
312.872: [GC [PSYoungGen: 12799K->512K(13312K)] 24259K->12200K(37376K), 0.0004460 secs] [Times: user=0.00 sys=0.00, real=0.00 secs] 
312.872: Total time for which application threads were stopped: 0.0005720 seconds, Stopping threads took: 0.0000520 seconds
312.918: Application time: 0.0457260 seconds
312.920: [GC [PSYoungGen: 12797K->256K(13312K)] 24485K->12148K(37376K), 0.0004780 secs] [Times: user=0.00 sys=0.00, real=0.00 secs] 
312.920: Total time for which application threads were stopped: 0.0023040 seconds, Stopping threads took: 0.0017660 seconds
312.972: Application time: 0.0512630 seconds
312.972: [GC [PSYoungGen: 12543K->512K(13312K)] 24436K->12468K(37376K), 0.0004170 secs] [Times: user=0.00 sys=0.01, real=0.01 secs] 
312.972: Total time for which application threads were stopped: 0.0005490 seconds, Stopping threads took: 0.0000720 seconds
313.026: Application time: 0.0535940 seconds
313.026: [GC [PSYoungGen: 12796K->0K(13312K)] 24753K->12416K(37376K), 0.0004880 secs] [Times: user=0.00 sys=0.00, real=0.00 secs] 
313.026: Total time for which application threads were stopped: 0.0006080 seconds, Stopping threads took: 0.0000580 seconds
313.080: Application time: 0.0538290 seconds
313.080: [GC [PSYoungGen: 12284K->128K(13312K)] 24701K->12544K(37376K), 0.0003670 secs] [Times: user=0.00 sys=0.00, real=0.00 secs] 
313.081: Total time for which application threads were stopped: 0.0004880 seconds, Stopping threads took: 0.0000550 seconds
313.118: Application time: 0.0374100 seconds
313.118: [GC [PSYoungGen: 12414K->384K(13312K)] 24831K->12816K(37376K), 0.0004000 secs] [Times: user=0.00 sys=0.00, real=0.00 secs] 
313.119: Total time for which application threads were stopped: 0.0005260 seconds, Stopping threads took: 0.0000640 seconds
313.154: Application time: 0.0348640 seconds
313.154: [GC [PSYoungGen: 12671K->768K(13312K)] 25104K->13256K(37376K), 0.0004840 secs] [Times: user=0.00 sys=0.00, real=0.00 secs] 
313.154: Total time for which application threads were stopped: 0.0006030 seconds, Stopping threads took: 0.0000570 seconds
313.200: Application time: 0.0454020 seconds
313.200: [GC [PSYoungGen: 13053K->480K(13312K)] 25541K->13229K(37376K), 0.0004440 secs] [Times: user=0.00 sys=0.00, real=0.00 secs] 
313.200: Total time for which application threads were stopped: 0.0005800 seconds, Stopping threads took: 0.0000740 seconds
313.252: Application time: 0.0514470 seconds
313.252: [GC [PSYoungGen: 12764K->512K(13312K)] 25514K->13493K(37376K), 0.0004660 secs] [Times: user=0.00 sys=0.00, real=0.01 secs] 
313.252: Total time for which application threads were stopped: 0.0005900 seconds, Stopping threads took: 0.0000600 seconds
313.304: Application time: 0.0515670 seconds
313.304: [GC [PSYoungGen: 12795K->576K(13312K)] 25777K->13773K(37376K), 0.0004560 secs] [Times: user=0.01 sys=0.00, real=0.00 secs] 
313.304: Total time for which application threads were stopped: 0.0005900 seconds, Stopping threads took: 0.0000710 seconds
313.358: Application time: 0.0539300 seconds
313.358: [GC [PSYoungGen: 12860K->0K(12800K)] 26057K->13605K(36864K), 0.0004550 secs] [Times: user=0.01 sys=0.00, real=0.00 secs] 
313.359: Total time for which application threads were stopped: 0.0005640 seconds, Stopping threads took: 0.0000510 seconds
313.413: Application time: 0.0539220 seconds
313.413: [GC [PSYoungGen: 12284K->0K(13312K)] 25889K->13605K(37376K), 0.0004110 secs] [Times: user=0.00 sys=0.00, real=0.00 secs] 
313.413: Total time for which application threads were stopped: 0.0005420 seconds, Stopping threads took: 0.0000610 seconds
313.467: Application time: 0.0540690 seconds
313.467: [GC [PSYoungGen: 12284K->0K(12800K)] 25889K->13605K(36864K), 0.0003930 secs] [Times: user=0.00 sys=0.00, real=0.00 secs] 
313.468: Total time for which application threads were stopped: 0.0005080 seconds, Stopping threads took: 0.0000510 seconds
313.521: Application time: 0.0531600 seconds
313.521: [GC [PSYoungGen: 12286K->224K(13312K)] 25891K->13829K(37376K), 0.0003560 secs] [Times: user=0.00 sys=0.00, real=0.00 secs] 
313.522: Total time for which application threads were stopped: 0.0004670 seconds, Stopping threads took: 0.0000520 seconds
313.573: Application time: 0.0515710 seconds
313.573: [GC [PSYoungGen: 12509K->480K(12800K)] 26115K->14117K(36864K), 0.0004590 secs] [Times: user=0.00 sys=0.00, real=0.00 secs] 
313.574: Total time for which application threads were stopped: 0.0005940 seconds, Stopping threads took: 0.0000730 seconds
313.617: Application time: 0.0437390 seconds
313.617: [GC [PSYoungGen: 12767K->544K(13312K)] 26404K->14594K(37376K), 0.0004700 secs] [Times: user=0.00 sys=0.00, real=0.00 secs] 
313.618: Total time for which application threads were stopped: 0.0005820 seconds, Stopping threads took: 0.0000500 seconds
313.649: Application time: 0.0309610 seconds
313.649: [GC [PSYoungGen: 12827K->512K(13312K)] 26877K->14586K(37376K), 0.0004220 secs] [Times: user=0.01 sys=0.00, real=0.00 secs] 
313.649: Total time for which application threads were stopped: 0.0005400 seconds, Stopping threads took: 0.0000600 seconds
313.698: Application time: 0.0489430 seconds
313.699: [GC [PSYoungGen: 12797K->320K(12800K)] 26871K->14606K(36864K), 0.0004620 secs] [Times: user=0.00 sys=0.00, real=0.00 secs] 
313.699: Total time for which application threads were stopped: 0.0005960 seconds, Stopping threads took: 0.0000690 seconds
313.751: Application time: 0.0520400 seconds
313.751: [GC [PSYoungGen: 12604K->480K(13312K)] 26891K->14790K(37376K), 0.0004050 secs] [Times: user=0.00 sys=0.00, real=0.00 secs] 
313.752: Total time for which application threads were stopped: 0.0005170 seconds, Stopping threads took: 0.0000540 seconds
313.806: Application time: 0.0547810 seconds
313.806: [GC [PSYoungGen: 12764K->0K(13312K)] 27075K->14719K(37376K), 0.0005000 secs] [Times: user=0.00 sys=0.00, real=0.00 secs] 
313.807: Total time for which application threads were stopped: 0.0006300 seconds, Stopping threads took: 0.0000630 seconds
313.861: Application time: 0.0543830 seconds
313.862: [GC [PSYoungGen: 12284K->0K(13312K)] 27004K->14719K(37376K), 0.0003420 secs] [Times: user=0.00 sys=0.00, real=0.00 secs] 
313.862: Total time for which application threads were stopped: 0.0004820 seconds, Stopping threads took: 0.0000800 seconds
313.912: Application time: 0.0501110 seconds
313.914: [GC [PSYoungGen: 12282K->128K(13312K)] 27002K->14847K(37376K), 0.0003990 secs] [Times: user=0.00 sys=0.00, real=0.00 secs] 
313.916: Total time for which application threads were stopped: 0.0035530 seconds, Stopping threads took: 0.0019440 seconds
313.955: Application time: 0.0392960 seconds
313.955: [GC [PSYoungGen: 12414K->352K(13312K)] 27134K->15087K(37376K), 0.0003900 secs] [Times: user=0.00 sys=0.00, real=0.00 secs] 
313.955: Total time for which application threads were stopped: 0.0005540 seconds, Stopping threads took: 0.0000970 seconds
314.009: Application time: 0.0536780 seconds
314.009: [GC [PSYoungGen: 12636K->0K(13312K)] 27372K->14983K(37376K), 0.0003980 secs] [Times: user=0.00 sys=0.00, real=0.00 secs] 
314.010: Total time for which application threads were stopped: 0.0005360 seconds, Stopping threads took: 0.0000780 seconds
314.059: Application time: 0.0496690 seconds
314.059: [GC [PSYoungGen: 12285K->768K(13312K)] 27269K->15751K(37376K), 0.0004430 secs] [Times: user=0.00 sys=0.00, real=0.00 secs] 
314.060: Total time for which application threads were stopped: 0.0005690 seconds, Stopping threads took: 0.0000650 seconds
314.114: Application time: 0.0546090 seconds
314.115: [GC [PSYoungGen: 13054K->320K(13312K)] 28038K->15777K(37376K), 0.0004620 secs] [Times: user=0.00 sys=0.00, real=0.00 secs] 
314.115: Total time for which application threads were stopped: 0.0005690 seconds, Stopping threads took: 0.0000480 seconds
314.169: Application time: 0.0543070 seconds
314.169: [GC [PSYoungGen: 12604K->0K(13312K)] 28061K->15677K(37376K), 0.0004060 secs] [Times: user=0.00 sys=0.00, real=0.00 secs] 
314.170: Total time for which application threads were stopped: 0.0005470 seconds, Stopping threads took: 0.0000740 seconds
314.224: Application time: 0.0542060 seconds
314.224: [GC [PSYoungGen: 12284K->0K(13312K)] 27961K->15677K(37376K), 0.0003350 secs] [Times: user=0.00 sys=0.00, real=0.00 secs] 
314.225: Total time for which application threads were stopped: 0.0004640 seconds, Stopping threads took: 0.0000620 seconds
314.279: Application time: 0.0543100 seconds
314.279: [GC [PSYoungGen: 12284K->0K(13312K)] 27961K->15677K(37376K), 0.0003540 secs] [Times: user=0.00 sys=0.00, real=0.00 secs] 
314.279: Total time for which application threads were stopped: 0.0004750 seconds, Stopping threads took: 0.0000620 seconds
314.333: Application time: 0.0532240 seconds
314.333: [GC [PSYoungGen: 12285K->352K(13312K)] 27963K->16029K(37376K), 0.0003780 secs] [Times: user=0.00 sys=0.00, real=0.00 secs] 
314.333: Total time for which application threads were stopped: 0.0004940 seconds, Stopping threads took: 0.0000550 seconds
314.386: Application time: 0.0533680 seconds
314.387: [GC [PSYoungGen: 12636K->384K(13312K)] 28313K->16085K(37376K), 0.0003710 secs] [Times: user=0.00 sys=0.00, real=0.00 secs] 
314.387: Total time for which application threads were stopped: 0.0004970 seconds, Stopping threads took: 0.0000590 seconds
314.433: Application time: 0.0462030 seconds
314.433: [GC [PSYoungGen: 12669K->320K(13312K)] 28371K->16234K(37376K), 0.0004550 secs] [Times: user=0.00 sys=0.00, real=0.00 secs] 
314.434: Total time for which application threads were stopped: 0.0005880 seconds, Stopping threads took: 0.0000600 seconds
314.476: Application time: 0.0425090 seconds
314.476: [GC [PSYoungGen: 12604K->288K(13312K)] 28518K->16258K(37376K), 0.0004120 secs] [Times: user=0.00 sys=0.00, real=0.00 secs] 
314.477: Total time for which application threads were stopped: 0.0005230 seconds, Stopping threads took: 0.0000500 seconds
314.530: Application time: 0.0531890 seconds
314.532: [GC [PSYoungGen: 12574K->352K(13312K)] 28544K->16338K(37376K), 0.0004160 secs] [Times: user=0.00 sys=0.00, real=0.00 secs] 
314.532: Total time for which application threads were stopped: 0.0023200 seconds, Stopping threads took: 0.0018430 seconds
314.575: Application time: 0.0431810 seconds
314.576: [GC [PSYoungGen: 12637K->576K(13312K)] 28623K->16774K(37376K), 0.0004390 secs] [Times: user=0.00 sys=0.00, real=0.00 secs] 
314.576: Total time for which application threads were stopped: 0.0005680 seconds, Stopping threads took: 0.0000660 seconds
314.606: Application time: 0.0299570 seconds
314.606: [GC [PSYoungGen: 12824K->416K(13312K)] 29022K->16630K(37376K), 0.0004060 secs] [Times: user=0.00 sys=0.00, real=0.00 secs] 
314.607: Total time for which application threads were stopped: 0.0005560 seconds, Stopping threads took: 0.0000850 seconds
314.656: Application time: 0.0491140 seconds
314.656: [GC [PSYoungGen: 12703K->480K(13312K)] 28917K->16771K(37376K), 0.0004100 secs] [Times: user=0.00 sys=0.00, real=0.00 secs] 
314.656: Total time for which application threads were stopped: 0.0005420 seconds, Stopping threads took: 0.0000690 seconds
314.707: Application time: 0.0511970 seconds
314.708: [GC [PSYoungGen: 12765K->544K(13312K)] 29056K->17027K(37376K), 0.0004770 secs] [Times: user=0.00 sys=0.00, real=0.00 secs] 
314.708: Total time for which application threads were stopped: 0.0005950 seconds, Stopping threads took: 0.0000560 seconds
314.762: Application time: 0.0538400 seconds
314.762: [GC [PSYoungGen: 12830K->0K(13312K)] 29314K->16928K(37376K), 0.0004490 secs] [Times: user=0.00 sys=0.00, real=0.00 secs] 
314.762: Total time for which application threads were stopped: 0.0005670 seconds, Stopping threads took: 0.0000530 seconds
314.813: Application time: 0.0509240 seconds
314.813: [GC [PSYoungGen: 12287K->352K(13312K)] 29215K->17280K(37376K), 0.0004070 secs] [Times: user=0.00 sys=0.00, real=0.00 secs] 
314.814: Total time for which application threads were stopped: 0.0005270 seconds, Stopping threads took: 0.0000580 seconds
314.846: Application time: 0.0316710 seconds
314.846: [GC [PSYoungGen: 12635K->768K(13312K)] 29564K->17712K(37376K), 0.0005110 secs] [Times: user=0.00 sys=0.00, real=0.00 secs] 
314.846: Total time for which application threads were stopped: 0.0006100 seconds, Stopping threads took: 0.0000410 seconds
314.883: Application time: 0.0364460 seconds
314.883: [GC [PSYoungGen: 13052K->704K(13312K)] 29996K->17744K(37376K), 0.0004820 secs] [Times: user=0.01 sys=0.00, real=0.00 secs] 
314.883: Total time for which application threads were stopped: 0.0005980 seconds, Stopping threads took: 0.0000590 seconds
314.935: Application time: 0.0515590 seconds
314.935: [GC [PSYoungGen: 12987K->352K(15872K)] 30028K->17801K(39936K), 0.0004740 secs] [Times: user=0.00 sys=0.00, real=0.00 secs] 
314.935: Total time for which application threads were stopped: 0.0006080 seconds, Stopping threads took: 0.0000600 seconds
314.997: Application time: 0.0618120 seconds
314.997: [GC [PSYoungGen: 15196K->704K(15872K)] 32646K->18382K(39936K), 0.0004440 secs] [Times: user=0.01 sys=0.00, real=0.00 secs] 
314.998: Total time for which application threads were stopped: 0.0005690 seconds, Stopping threads took: 0.0000620 seconds
315.061: Application time: 0.0630600 seconds
315.061: [GC [PSYoungGen: 15548K->608K(15872K)] 33226K->18506K(39936K), 0.0005820 secs] [Times: user=0.00 sys=0.00, real=0.00 secs] 
315.062: Total time for which application threads were stopped: 0.0007070 seconds, Stopping threads took: 0.0000610 seconds
315.127: Application time: 0.0655180 seconds
315.128: [GC [PSYoungGen: 15455K->0K(15872K)] 33354K->18323K(39936K), 0.0004540 secs] [Times: user=0.00 sys=0.00, real=0.00 secs] 
315.128: Total time for which application threads were stopped: 0.0012850 seconds, Stopping threads took: 0.0007660 seconds
315.194: Application time: 0.0651810 seconds
315.194: [GC [PSYoungGen: 14847K->0K(16384K)] 33171K->18323K(40448K), 0.0003880 secs] [Times: user=0.00 sys=0.00, real=0.00 secs] 
315.194: Total time for which application threads were stopped: 0.0005450 seconds, Stopping threads took: 0.0000950 seconds
315.256: Application time: 0.0624170 seconds
315.257: [GC [PSYoungGen: 14846K->512K(16384K)] 33169K->18835K(40448K), 0.0004390 secs] [Times: user=0.00 sys=0.00, real=0.00 secs] 
315.257: Total time for which application threads were stopped: 0.0005440 seconds, Stopping threads took: 0.0000420 seconds
315.317: Application time: 0.0604070 seconds
315.318: [GC [PSYoungGen: 15357K->480K(15360K)] 33681K->19016K(39424K), 0.0004570 secs] [Times: user=0.00 sys=0.00, real=0.00 secs] 
315.318: Total time for which application threads were stopped: 0.0006010 seconds, Stopping threads took: 0.0000780 seconds
315.360: Application time: 0.0419930 seconds
315.360: [GC [PSYoungGen: 15326K->512K(15872K)] 33862K->19252K(39936K), 0.0005390 secs] [Times: user=0.01 sys=0.00, real=0.00 secs] 
315.361: Total time for which application threads were stopped: 0.0006500 seconds, Stopping threads took: 0.0000510 seconds
315.414: Application time: 0.0531300 seconds
315.414: [GC [PSYoungGen: 15357K->352K(15872K)] 34097K->19305K(39936K), 0.0004140 secs] [Times: user=0.00 sys=0.00, real=0.00 secs] 
315.414: Total time for which application threads were stopped: 0.0005340 seconds, Stopping threads took: 0.0000570 seconds
315.478: Application time: 0.0640560 seconds
315.479: [GC [PSYoungGen: 15196K->480K(15872K)] 34149K->19449K(39936K), 0.0003950 secs] [Times: user=0.00 sys=0.00, real=0.00 secs] 
315.479: Total time for which application threads were stopped: 0.0005350 seconds, Stopping threads took: 0.0000670 seconds
315.545: Application time: 0.0660070 seconds
315.545: [GC [PSYoungGen: 15327K->0K(15872K)] 34296K->19386K(39936K), 0.0004190 secs] [Times: user=0.00 sys=0.00, real=0.00 secs] 
315.546: Total time for which application threads were stopped: 0.0005550 seconds, Stopping threads took: 0.0000750 seconds
315.611: Application time: 0.0650600 seconds
315.611: [GC [PSYoungGen: 14847K->0K(15872K)] 34233K->19386K(39936K), 0.0004220 secs] [Times: user=0.00 sys=0.00, real=0.00 secs] 
315.611: Total time for which application threads were stopped: 0.0005440 seconds, Stopping threads took: 0.0000640 seconds
315.662: Application time: 0.0511110 seconds
315.662: [GC [PSYoungGen: 14848K->384K(15872K)] 34234K->19770K(39936K), 0.0003740 secs] [Times: user=0.00 sys=0.00, real=0.00 secs] 
315.663: Total time for which application threads were stopped: 0.0005250 seconds, Stopping threads took: 0.0000820 seconds
315.722: Application time: 0.0597040 seconds
315.723: [GC [PSYoungGen: 15232K->320K(15872K)] 34618K->19714K(39936K), 0.0004240 secs] [Times: user=0.00 sys=0.00, real=0.00 secs] 
315.723: Total time for which application threads were stopped: 0.0005450 seconds, Stopping threads took: 0.0000630 seconds
315.783: Application time: 0.0597930 seconds
315.784: [GC [PSYoungGen: 15165K->768K(15872K)] 34559K->20218K(39936K), 0.0005420 secs] [Times: user=0.00 sys=0.00, real=0.00 secs] 
315.784: Total time for which application threads were stopped: 0.0016000 seconds, Stopping threads took: 0.0009970 seconds
315.851: Application time: 0.0667190 seconds
315.851: [GC [PSYoungGen: 15615K->0K(15872K)] 35066K->20115K(39936K), 0.0004760 secs] [Times: user=0.00 sys=0.00, real=0.00 secs] 
315.852: Total time for which application threads were stopped: 0.0006020 seconds, Stopping threads took: 0.0000630 seconds
315.918: Application time: 0.0659850 seconds
315.918: [GC [PSYoungGen: 14847K->0K(15872K)] 34963K->20115K(39936K), 0.0003850 secs] [Times: user=0.00 sys=0.00, real=0.00 secs] 
315.918: Total time for which application threads were stopped: 0.0005250 seconds, Stopping threads took: 0.0000770 seconds
315.984: Application time: 0.0660160 seconds
315.984: [GC [PSYoungGen: 14847K->0K(15872K)] 34963K->20115K(39936K), 0.0003540 secs] [Times: user=0.00 sys=0.00, real=0.00 secs] 
315.985: Total time for which application threads were stopped: 0.0004790 seconds, Stopping threads took: 0.0000530 seconds
316.050: Application time: 0.0656820 seconds
316.051: [GC [PSYoungGen: 14847K->0K(15872K)] 34963K->20115K(39936K), 0.0003550 secs] [Times: user=0.00 sys=0.00, real=0.00 secs] 
316.051: Total time for which application threads were stopped: 0.0004760 seconds, Stopping threads took: 0.0000600 seconds
316.115: Application time: 0.0637760 seconds
316.115: [GC [PSYoungGen: 14844K->384K(15872K)] 34960K->20499K(39936K), 0.0004150 secs] [Times: user=0.01 sys=0.00, real=0.00 secs] 
316.115: Total time for which application threads were stopped: 0.0005480 seconds, Stopping threads took: 0.0000710 seconds
316.169: Application time: 0.0540970 seconds
316.169: [GC [PSYoungGen: 15227K->320K(15872K)] 35343K->20792K(39936K), 0.0004470 secs] [Times: user=0.00 sys=0.00, real=0.00 secs] 
316.170: Total time for which application threads were stopped: 0.0005710 seconds, Stopping threads took: 0.0000580 seconds
316.227: Application time: 0.0568870 seconds
316.227: [GC [PSYoungGen: 15165K->352K(15872K)] 35637K->20888K(39936K), 0.0003860 secs] [Times: user=0.00 sys=0.00, real=0.00 secs] 
316.227: Total time for which application threads were stopped: 0.0005140 seconds, Stopping threads took: 0.0000680 seconds
316.288: Application time: 0.0611600 seconds
316.292: [GC [PSYoungGen: 15199K->512K(15872K)] 35736K->21072K(39936K), 0.0004700 secs] [Times: user=0.00 sys=0.00, real=0.00 secs] 
316.292: Total time for which application threads were stopped: 0.0038870 seconds, Stopping threads took: 0.0033580 seconds
316.330: Application time: 0.0375120 seconds
316.330: [GC [PSYoungGen: 15358K->544K(15872K)] 35919K->21316K(39936K), 0.0004660 secs] [Times: user=0.00 sys=0.00, real=0.00 secs] 
316.330: Total time for which application threads were stopped: 0.0006020 seconds, Stopping threads took: 0.0000730 seconds
316.387: Application time: 0.0562710 seconds
316.387: [GC [PSYoungGen: 15391K->544K(15872K)] 36164K->21324K(39936K), 0.0004470 secs] [Times: user=0.00 sys=0.00, real=0.00 secs] 
316.387: Total time for which application threads were stopped: 0.0005720 seconds, Stopping threads took: 0.0000640 seconds
316.450: Application time: 0.0625920 seconds
316.450: [GC [PSYoungGen: 15388K->576K(15872K)] 36169K->21420K(39936K), 0.0004290 secs] [Times: user=0.00 sys=0.00, real=0.00 secs] 
316.450: Total time for which application threads were stopped: 0.0005570 seconds, Stopping threads took: 0.0000650 seconds
316.514: Application time: 0.0634580 seconds
316.514: [GC [PSYoungGen: 15422K->288K(15872K)] 36267K->21574K(39936K), 0.0004760 secs] [Times: user=0.00 sys=0.00, real=0.00 secs] 
316.515: Total time for which application threads were stopped: 0.0005850 seconds, Stopping threads took: 0.0000400 seconds
316.554: Application time: 0.0391060 seconds
316.554: [GC [PSYoungGen: 15134K->576K(15872K)] 36420K->21870K(39936K), 0.0004290 secs] [Times: user=0.00 sys=0.00, real=0.00 secs] 
316.554: Total time for which application threads were stopped: 0.0005480 seconds, Stopping threads took: 0.0000530 seconds
316.604: Application time: 0.0496410 seconds
316.604: [GC [PSYoungGen: 15422K->736K(15872K)] 36716K->22126K(39936K), 0.0004720 secs] [Times: user=0.00 sys=0.00, real=0.00 secs] 
316.604: Total time for which application threads were stopped: 0.0005900 seconds, Stopping threads took: 0.0000580 seconds
316.667: Application time: 0.0626490 seconds
316.667: [GC [PSYoungGen: 15582K->480K(15872K)] 36972K->22082K(39936K), 0.0005840 secs] [Times: user=0.00 sys=0.00, real=0.00 secs] 
316.668: Total time for which application threads were stopped: 0.0006970 seconds, Stopping threads took: 0.0000460 seconds
316.736: Application time: 0.0686060 seconds
316.736: [GC [PSYoungGen: 15326K->480K(15872K)] 36929K->22487K(39936K), 0.0005660 secs] [Times: user=0.00 sys=0.00, real=0.00 secs] 
316.737: Total time for which application threads were stopped: 0.0006980 seconds, Stopping threads took: 0.0000650 seconds
316.808: Application time: 0.0705300 seconds
316.808: [GC [PSYoungGen: 15324K->288K(15872K)] 37331K->22647K(39936K), 0.0004760 secs] [Times: user=0.00 sys=0.00, real=0.00 secs] 
316.808: Total time for which application threads were stopped: 0.0006190 seconds, Stopping threads took: 0.0000740 seconds
316.880: Application time: 0.0717790 seconds
316.880: [GC [PSYoungGen: 15135K->0K(15872K)] 37494K->22579K(39936K), 0.0004270 secs] [Times: user=0.00 sys=0.00, real=0.00 secs] 
316.881: Total time for which application threads were stopped: 0.0005510 seconds, Stopping threads took: 0.0000650 seconds
316.954: Application time: 0.0729640 seconds
316.954: [GC [PSYoungGen: 14845K->0K(15872K)] 37425K->22579K(39936K), 0.0004050 secs] [Times: user=0.00 sys=0.00, real=0.00 secs] 
316.954: Total time for which application threads were stopped: 0.0005150 seconds, Stopping threads took: 0.0000520 seconds
317.022: Application time: 0.0678170 seconds
317.022: [GC [PSYoungGen: 14848K->544K(15872K)] 37427K->23123K(39936K), 0.0004870 secs] [Times: user=0.00 sys=0.00, real=0.00 secs] 
317.022: Total time for which application threads were stopped: 0.0006100 seconds, Stopping threads took: 0.0000490 seconds
317.082: Application time: 0.0599410 seconds
317.082: [GC [PSYoungGen: 15387K->320K(15872K)] 37967K->23308K(39936K), 0.0005780 secs] [Times: user=0.00 sys=0.00, real=0.00 secs] 
317.083: Total time for which application threads were stopped: 0.0006850 seconds, Stopping threads took: 0.0000460 seconds
317.132: Application time: 0.0490970 seconds
317.133: [GC [PSYoungGen: 15163K->544K(15872K)] 38152K->23548K(39936K), 0.0004550 secs] [Times: user=0.00 sys=0.00, real=0.00 secs] 
317.133: Total time for which application threads were stopped: 0.0012280 seconds, Stopping threads took: 0.0007050 seconds
317.196: Application time: 0.0628390 seconds
317.196: [GC [PSYoungGen: 15389K->512K(15872K)] 38394K->23524K(39936K), 0.0004410 secs] [Times: user=0.00 sys=0.00, real=0.00 secs] 
317.197: Total time for which application threads were stopped: 0.0005690 seconds, Stopping threads took: 0.0000620 seconds
317.268: Application time: 0.0708340 seconds
317.268: [GC [PSYoungGen: 15356K->384K(15872K)] 38369K->23620K(39936K), 0.0004750 secs] [Times: user=0.01 sys=0.00, real=0.00 secs] 
317.268: Total time for which application threads were stopped: 0.0006160 seconds, Stopping threads took: 0.0000610 seconds
317.340: Application time: 0.0720530 seconds
317.340: [GC [PSYoungGen: 15229K->0K(15872K)] 38466K->23452K(39936K), 0.0004170 secs] [Times: user=0.01 sys=0.00, real=0.00 secs] 
317.341: Total time for which application threads were stopped: 0.0005890 seconds, Stopping threads took: 0.0000990 seconds
317.413: Application time: 0.0716970 seconds
317.413: [GC [PSYoungGen: 14847K->0K(15872K)] 38300K->23452K(39936K), 0.0003800 secs] [Times: user=0.00 sys=0.00, real=0.00 secs] 
317.413: Total time for which application threads were stopped: 0.0005040 seconds, Stopping threads took: 0.0000580 seconds
317.465: Application time: 0.0518580 seconds
317.465: [GC [PSYoungGen: 14846K->288K(15872K)] 38299K->23740K(39936K), 0.0004880 secs] [Times: user=0.00 sys=0.00, real=0.00 secs] 
317.466: Total time for which application threads were stopped: 0.0006100 seconds, Stopping threads took: 0.0000560 seconds
317.533: Application time: 0.0670660 seconds
317.533: [GC [PSYoungGen: 15131K->592K(15872K)] 38584K->24052K(39936K), 0.0004410 secs] [Times: user=0.00 sys=0.00, real=0.00 secs] 
317.533: Total time for which application threads were stopped: 0.0005780 seconds, Stopping threads took: 0.0000620 seconds
317.602: Application time: 0.0682770 seconds
317.602: [GC [PSYoungGen: 15439K->544K(15872K)] 38900K->24269K(39936K), 0.0005560 secs] [Times: user=0.00 sys=0.00, real=0.00 secs] 
317.602: [Full GC [PSYoungGen: 544K->0K(15872K)] [ParOldGen: 23725K->4443K(23552K)] 24269K->4443K(39424K) [PSPermGen: 5580K->5580K(21504K)], 0.0061190 secs] [Times: user=0.03 sys=0.00, real=0.01 secs] 
317.608: Total time for which application threads were stopped: 0.0068640 seconds, Stopping threads took: 0.0000700 seconds
317.681: Application time: 0.0721830 seconds
317.681: [GC [PSYoungGen: 14847K->0K(15872K)] 19290K->4443K(39424K), 0.0004280 secs] [Times: user=0.00 sys=0.00, real=0.00 secs] 
317.681: Total time for which application threads were stopped: 0.0005690 seconds, Stopping threads took: 0.0000750 seconds
317.753: Application time: 0.0721460 seconds
317.753: [GC [PSYoungGen: 14847K->0K(15872K)] 19290K->4443K(39424K), 0.0003630 secs] [Times: user=0.00 sys=0.00, real=0.00 secs] 
317.754: Total time for which application threads were stopped: 0.0004990 seconds, Stopping threads took: 0.0000680 seconds
317.826: Application time: 0.0722430 seconds
317.826: [GC [PSYoungGen: 14847K->0K(15872K)] 19290K->4443K(39424K), 0.0003460 secs] [Times: user=0.00 sys=0.00, real=0.00 secs] 
317.827: Total time for which application threads were stopped: 0.0004710 seconds, Stopping threads took: 0.0000630 seconds
317.898: Application time: 0.0711470 seconds
317.898: [GC [PSYoungGen: 14844K->352K(15872K)] 19288K->4795K(39424K), 0.0004020 secs] [Times: user=0.00 sys=0.00, real=0.00 secs] 
317.898: Total time for which application threads were stopped: 0.0005390 seconds, Stopping threads took: 0.0000710 seconds
317.969: Application time: 0.0710700 seconds
317.969: [GC [PSYoungGen: 15196K->352K(15872K)] 19640K->4827K(39424K), 0.0003990 secs] [Times: user=0.01 sys=0.00, real=0.00 secs] 
317.970: Total time for which application threads were stopped: 0.0005280 seconds, Stopping threads took: 0.0000650 seconds
318.028: Application time: 0.0579390 seconds
318.028: [GC [PSYoungGen: 15199K->432K(15872K)] 19675K->5111K(39424K), 0.0004180 secs] [Times: user=0.01 sys=0.00, real=0.00 secs] 
318.028: Total time for which application threads were stopped: 0.0005500 seconds, Stopping threads took: 0.0000620 seconds
318.092: Application time: 0.0637700 seconds
318.092: [GC [PSYoungGen: 15277K->352K(15872K)] 19957K->5095K(39424K), 0.0003930 secs] [Times: user=0.00 sys=0.00, real=0.00 secs] 
318.093: Total time for which application threads were stopped: 0.0005260 seconds, Stopping threads took: 0.0000610 seconds
318.152: Application time: 0.0591230 seconds
318.152: [GC [PSYoungGen: 15199K->672K(15872K)] 19943K->5423K(39424K), 0.0005040 secs] [Times: user=0.00 sys=0.00, real=0.00 secs] 
318.152: Total time for which application threads were stopped: 0.0006220 seconds, Stopping threads took: 0.0000550 seconds
318.193: Application time: 0.0405410 seconds
318.193: [GC [PSYoungGen: 15451K->480K(15872K)] 20203K->5460K(39424K), 0.0004490 secs] [Times: user=0.00 sys=0.00, real=0.00 secs] 
318.193: Total time for which application threads were stopped: 0.0005860 seconds, Stopping threads took: 0.0000620 seconds
318.262: Application time: 0.0683260 seconds
318.262: [GC [PSYoungGen: 15324K->416K(15872K)] 20304K->5513K(39424K), 0.0004420 secs] [Times: user=0.00 sys=0.00, real=0.00 secs] 
318.262: Total time for which application threads were stopped: 0.0005600 seconds, Stopping threads took: 0.0000550 seconds
318.332: Application time: 0.0697890 seconds
318.332: [GC [PSYoungGen: 15261K->288K(15872K)] 20358K->5733K(39424K), 0.0004740 secs] [Times: user=0.01 sys=0.00, real=0.00 secs] 
318.333: Total time for which application threads were stopped: 0.0006010 seconds, Stopping threads took: 0.0000620 seconds
318.398: Application time: 0.0655930 seconds
318.398: [GC [PSYoungGen: 15133K->320K(15872K)] 20579K->6021K(39424K), 0.0004240 secs] [Times: user=0.00 sys=0.00, real=0.00 secs] 
318.399: Total time for which application threads were stopped: 0.0005390 seconds, Stopping threads took: 0.0000510 seconds
318.441: Application time: 0.0423990 seconds
318.444: [GC [PSYoungGen: 15165K->576K(15872K)] 20867K->6285K(39424K), 0.0005760 secs] [Times: user=0.00 sys=0.00, real=0.00 secs] 
318.444: Total time for which application threads were stopped: 0.0031300 seconds, Stopping threads took: 0.0024870 seconds
318.504: Application time: 0.0598160 seconds
318.504: [GC [PSYoungGen: 15423K->576K(15872K)] 21133K->6557K(39424K), 0.0004470 secs] [Times: user=0.00 sys=0.00, real=0.00 secs] 
318.505: Total time for which application threads were stopped: 0.0005510 seconds, Stopping threads took: 0.0000420 seconds
318.573: Application time: 0.0682750 seconds
318.573: [GC [PSYoungGen: 15419K->544K(15872K)] 21401K->6754K(39424K), 0.0004650 secs] [Times: user=0.00 sys=0.00, real=0.00 secs] 
318.574: Total time for which application threads were stopped: 0.0005900 seconds, Stopping threads took: 0.0000580 seconds
318.642: Application time: 0.0682400 seconds
318.643: [GC [PSYoungGen: 15388K->576K(15872K)] 21598K->7195K(39424K), 0.0004760 secs] [Times: user=0.00 sys=0.00, real=0.00 secs] 
318.644: Total time for which application threads were stopped: 0.0018370 seconds, Stopping threads took: 0.0012880 seconds
318.716: Application time: 0.0722920 seconds
318.716: [GC [PSYoungGen: 15423K->0K(15872K)] 22043K->7031K(39424K), 0.0004210 secs] [Times: user=0.00 sys=0.00, real=0.00 secs] 
318.717: Total time for which application threads were stopped: 0.0005450 seconds, Stopping threads took: 0.0000630 seconds
318.788: Application time: 0.0715410 seconds
318.788: [GC [PSYoungGen: 14847K->0K(15872K)] 21879K->7031K(39424K), 0.0003630 secs] [Times: user=0.00 sys=0.00, real=0.00 secs] 
318.789: Total time for which application threads were stopped: 0.0004820 seconds, Stopping threads took: 0.0000540 seconds
318.860: Application time: 0.0716100 seconds
318.860: [GC [PSYoungGen: 14847K->0K(15872K)] 21879K->7031K(39424K), 0.0003770 secs] [Times: user=0.00 sys=0.00, real=0.00 secs] 
318.861: Total time for which application threads were stopped: 0.0005150 seconds, Stopping threads took: 0.0000710 seconds
318.929: Application time: 0.0679690 seconds
318.929: [GC [PSYoungGen: 14844K->544K(15872K)] 21876K->7576K(39424K), 0.0004640 secs] [Times: user=0.00 sys=0.00, real=0.00 secs] 
318.930: Total time for which application threads were stopped: 0.0016830 seconds, Stopping threads took: 0.0000570 seconds
318.983: Application time: 0.0522870 seconds
318.983: [GC [PSYoungGen: 15388K->384K(15872K)] 22420K->7828K(39424K), 0.0004680 secs] [Times: user=0.00 sys=0.00, real=0.00 secs] 
318.983: Total time for which application threads were stopped: 0.0005970 seconds, Stopping threads took: 0.0000620 seconds
319.034: Application time: 0.0511200 seconds
319.035: [GC [PSYoungGen: 15230K->544K(15872K)] 22675K->8004K(39424K), 0.0004170 secs] [Times: user=0.00 sys=0.00, real=0.00 secs] 
319.035: Total time for which application threads were stopped: 0.0005420 seconds, Stopping threads took: 0.0000540 seconds
319.102: Application time: 0.0674080 seconds
319.102: [GC [PSYoungGen: 15389K->512K(15872K)] 22850K->8004K(39424K), 0.0004270 secs] [Times: user=0.00 sys=0.00, real=0.00 secs] 
319.103: Total time for which application threads were stopped: 0.0005610 seconds, Stopping threads took: 0.0000660 seconds
319.174: Application time: 0.0708850 seconds
319.174: [GC [PSYoungGen: 15356K->352K(15872K)] 22849K->8065K(39424K), 0.0004490 secs] [Times: user=0.00 sys=0.00, real=0.00 secs] 
319.174: Total time for which application threads were stopped: 0.0005900 seconds, Stopping threads took: 0.0000680 seconds
319.246: Application time: 0.0715670 seconds
319.246: [GC [PSYoungGen: 15199K->0K(15872K)] 22912K->7933K(39424K), 0.0003880 secs] [Times: user=0.00 sys=0.00, real=0.00 secs] 
319.246: Total time for which application threads were stopped: 0.0005050 seconds, Stopping threads took: 0.0000560 seconds
319.313: Application time: 0.0661410 seconds
319.313: [GC [PSYoungGen: 14843K->352K(15872K)] 22777K->8285K(39424K), 0.0003760 secs] [Times: user=0.00 sys=0.00, real=0.00 secs] 
319.313: Total time for which application threads were stopped: 0.0005090 seconds, Stopping threads took: 0.0000730 seconds
319.368: Application time: 0.0549810 seconds
319.368: [GC [PSYoungGen: 15198K->384K(15872K)] 23131K->8333K(39424K), 0.0004120 secs] [Times: user=0.01 sys=0.00, real=0.00 secs] 
319.369: Total time for which application threads were stopped: 0.0005450 seconds, Stopping threads took: 0.0000640 seconds
319.437: Application time: 0.0682060 seconds
319.440: [GC [PSYoungGen: 15229K->576K(15872K)] 23178K->8589K(39424K), 0.0004420 secs] [Times: user=0.00 sys=0.00, real=0.00 secs] 
319.440: Total time for which application threads were stopped: 0.0034440 seconds, Stopping threads took: 0.0029420 seconds
319.511: Application time: 0.0706390 seconds
319.511: [GC [PSYoungGen: 15423K->352K(15872K)] 23437K->8814K(39424K), 0.0004510 secs] [Times: user=0.00 sys=0.00, real=0.00 secs] 
319.512: Total time for which application threads were stopped: 0.0005810 seconds, Stopping threads took: 0.0000640 seconds
319.586: Application time: 0.0749500 seconds
319.587: [GC [PSYoungGen: 15199K->0K(15872K)] 23662K->8699K(39424K), 0.0004160 secs] [Times: user=0.01 sys=0.00, real=0.00 secs] 
319.587: Total time for which application threads were stopped: 0.0005740 seconds, Stopping threads took: 0.0000940 seconds
319.660: Application time: 0.0726050 seconds
319.660: [GC [PSYoungGen: 14847K->0K(15872K)] 23546K->8699K(39424K), 0.0003870 secs] [Times: user=0.00 sys=0.00, real=0.00 secs] 
319.660: Total time for which application threads were stopped: 0.0004980 seconds, Stopping threads took: 0.0000500 seconds
319.733: Application time: 0.0725640 seconds
319.733: [GC [PSYoungGen: 14847K->0K(15872K)] 23546K->8699K(39424K), 0.0003600 secs] [Times: user=0.00 sys=0.00, real=0.00 secs] 
319.733: Total time for which application threads were stopped: 0.0004940 seconds, Stopping threads took: 0.0000600 seconds
319.805: Application time: 0.0713540 seconds
319.805: [GC [PSYoungGen: 14844K->320K(15872K)] 23544K->9019K(39424K), 0.0004160 secs] [Times: user=0.00 sys=0.00, real=0.00 secs] 
319.805: Total time for which application threads were stopped: 0.0005660 seconds, Stopping threads took: 0.0000860 seconds
319.876: Application time: 0.0711320 seconds
319.876: [GC [PSYoungGen: 15164K->256K(15872K)] 23864K->8971K(39424K), 0.0004920 secs] [Times: user=0.00 sys=0.00, real=0.00 secs] 
319.877: Total time for which application threads were stopped: 0.0006220 seconds, Stopping threads took: 0.0000640 seconds
319.933: Application time: 0.0561740 seconds
319.933: [GC [PSYoungGen: 15102K->352K(15872K)] 23818K->9271K(39424K), 0.0004520 secs] [Times: user=0.00 sys=0.00, real=0.00 secs] 
319.934: Total time for which application threads were stopped: 0.0005740 seconds, Stopping threads took: 0.0000530 seconds
320.001: Application time: 0.0671610 seconds
320.004: [GC [PSYoungGen: 15195K->352K(15872K)] 24115K->9343K(39424K), 0.0004610 secs] [Times: user=0.01 sys=0.00, real=0.00 secs] 
320.004: Total time for which application threads were stopped: 0.0035880 seconds, Stopping threads took: 0.0030610 seconds
320.053: Application time: 0.0490500 seconds
320.054: [GC [PSYoungGen: 15195K->704K(15872K)] 24187K->9712K(39424K), 0.0004700 secs] [Times: user=0.00 sys=0.00, real=0.00 secs] 
320.054: Total time for which application threads were stopped: 0.0005990 seconds, Stopping threads took: 0.0000620 seconds
320.104: Application time: 0.0498710 seconds
320.104: [GC [PSYoungGen: 15548K->544K(15872K)] 24556K->9764K(39424K), 0.0004440 secs] [Times: user=0.01 sys=0.00, real=0.00 secs] 
320.105: Total time for which application threads were stopped: 0.0005700 seconds, Stopping threads took: 0.0000600 seconds
320.174: Application time: 0.0693890 seconds
320.174: [GC [PSYoungGen: 15389K->512K(15872K)] 24609K->9796K(39424K), 0.0004740 secs] [Times: user=0.00 sys=0.00, real=0.00 secs] 
320.175: Total time for which application threads were stopped: 0.0005990 seconds, Stopping threads took: 0.0000630 seconds
320.246: Application time: 0.0718450 seconds
320.246: [GC [PSYoungGen: 15359K->0K(15872K)] 24643K->9725K(39424K), 0.0005010 secs] [Times: user=0.00 sys=0.00, real=0.00 secs] 
320.247: Total time for which application threads were stopped: 0.0006450 seconds, Stopping threads took: 0.0000700 seconds
320.308: Application time: 0.0608360 seconds
320.308: [GC [PSYoungGen: 14846K->384K(15872K)] 24572K->10109K(39424K), 0.0004090 secs] [Times: user=0.00 sys=0.00, real=0.00 secs] 
320.308: Total time for which application threads were stopped: 0.0005220 seconds, Stopping threads took: 0.0000490 seconds
320.353: Application time: 0.0443360 seconds
320.353: [GC [PSYoungGen: 15228K->544K(15872K)] 24954K->10325K(39424K), 0.0004580 secs] [Times: user=0.00 sys=0.00, real=0.00 secs] 
320.353: Total time for which application threads were stopped: 0.0005870 seconds, Stopping threads took: 0.0000680 seconds
320.414: Application time: 0.0607520 seconds
320.416: [GC [PSYoungGen: 15388K->704K(15872K)] 25170K->10533K(39424K), 0.0007580 secs] [Times: user=0.01 sys=0.00, real=0.00 secs] 
320.417: Total time for which application threads were stopped: 0.0026680 seconds, Stopping threads took: 0.0018030 seconds
320.494: Application time: 0.0772270 seconds
320.494: [GC [PSYoungGen: 15551K->384K(15872K)] 25381K->10630K(39424K), 0.0004350 secs] [Times: user=0.00 sys=0.00, real=0.00 secs] 
320.495: Total time for which application threads were stopped: 0.0005800 seconds, Stopping threads took: 0.0000780 seconds
320.563: Application time: 0.0681590 seconds
320.563: [GC [PSYoungGen: 15230K->576K(15872K)] 25476K->11043K(39424K), 0.0004850 secs] [Times: user=0.00 sys=0.00, real=0.00 secs] 
320.563: Total time for which application threads were stopped: 0.0006220 seconds, Stopping threads took: 0.0000690 seconds
320.636: Application time: 0.0723250 seconds
320.636: [GC [PSYoungGen: 15423K->0K(15872K)] 25890K->10884K(39424K), 0.0006270 secs] [Times: user=0.00 sys=0.00, real=0.00 secs] 
320.636: Total time for which application threads were stopped: 0.0007420 seconds, Stopping threads took: 0.0000500 seconds
320.704: Application time: 0.0678700 seconds
320.704: [GC [PSYoungGen: 14847K->0K(15872K)] 25731K->10884K(39424K), 0.0003470 secs] [Times: user=0.01 sys=0.00, real=0.00 secs] 
320.705: Total time for which application threads were stopped: 0.0004720 seconds, Stopping threads took: 0.0000650 seconds
320.769: Application time: 0.0646070 seconds
320.769: [GC [PSYoungGen: 14844K->320K(15872K)] 25729K->11204K(39424K), 0.0003640 secs] [Times: user=0.00 sys=0.00, real=0.00 secs] 
320.770: Total time for which application threads were stopped: 0.0004930 seconds, Stopping threads took: 0.0000520 seconds
320.823: Application time: 0.0531580 seconds
320.823: [GC [PSYoungGen: 15165K->704K(15872K)] 26049K->11596K(39424K), 0.0004250 secs] [Times: user=0.00 sys=0.00, real=0.00 secs] 
320.824: Total time for which application threads were stopped: 0.0005330 seconds, Stopping threads took: 0.0000480 seconds
320.873: Application time: 0.0495240 seconds
320.873: [GC [PSYoungGen: 15548K->512K(15872K)] 26441K->11817K(39424K), 0.0004950 secs] [Times: user=0.00 sys=0.00, real=0.00 secs] 
320.874: Total time for which application threads were stopped: 0.0006260 seconds, Stopping threads took: 0.0000610 seconds
320.924: Application time: 0.0506760 seconds
320.924: [GC [PSYoungGen: 15359K->512K(15872K)] 26664K->11833K(39424K), 0.0003950 secs] [Times: user=0.01 sys=0.00, real=0.00 secs] 
320.925: Total time for which application threads were stopped: 0.0005070 seconds, Stopping threads took: 0.0000550 seconds
320.989: Application time: 0.0640530 seconds
320.989: [GC [PSYoungGen: 15358K->384K(15872K)] 26679K->11925K(39424K), 0.0003960 secs] [Times: user=0.01 sys=0.00, real=0.00 secs] 
320.989: Total time for which application threads were stopped: 0.0005240 seconds, Stopping threads took: 0.0000660 seconds
321.055: Application time: 0.0659900 seconds
321.056: [GC [PSYoungGen: 15229K->0K(15872K)] 26770K->11754K(39424K), 0.0004570 secs] [Times: user=0.00 sys=0.00, real=0.00 secs] 
321.056: Total time for which application threads were stopped: 0.0005740 seconds, Stopping threads took: 0.0000550 seconds
321.121: Application time: 0.0654270 seconds
321.122: [GC [PSYoungGen: 14847K->0K(15872K)] 26601K->11754K(39424K), 0.0003480 secs] [Times: user=0.00 sys=0.00, real=0.00 secs] 
321.122: Total time for which application threads were stopped: 0.0004760 seconds, Stopping threads took: 0.0000640 seconds
321.182: Application time: 0.0598830 seconds
321.182: [GC [PSYoungGen: 14792K->288K(15872K)] 26547K->12042K(39424K), 0.0003770 secs] [Times: user=0.00 sys=0.00, real=0.00 secs] 
321.182: Total time for which application threads were stopped: 0.0005140 seconds, Stopping threads took: 0.0000710 seconds
321.232: Application time: 0.0494870 seconds
321.232: [GC [PSYoungGen: 15132K->544K(15872K)] 26886K->12306K(39424K), 0.0004200 secs] [Times: user=0.01 sys=0.00, real=0.00 secs] 
321.232: Total time for which application threads were stopped: 0.0005490 seconds, Stopping threads took: 0.0000640 seconds
321.294: Application time: 0.0616710 seconds
321.294: [GC [PSYoungGen: 15389K->752K(15872K)] 27152K->12570K(39424K), 0.0004550 secs] [Times: user=0.00 sys=0.00, real=0.00 secs] 
321.295: Total time for which application threads were stopped: 0.0005720 seconds, Stopping threads took: 0.0000500 seconds
321.360: Application time: 0.0651020 seconds
321.360: [GC [PSYoungGen: 15598K->352K(15872K)] 27417K->12635K(39424K), 0.0004630 secs] [Times: user=0.01 sys=0.00, real=0.00 secs] 
321.360: Total time for which application threads were stopped: 0.0005950 seconds, Stopping threads took: 0.0000720 seconds
321.426: Application time: 0.0660850 seconds
321.426: [GC [PSYoungGen: 15197K->0K(15872K)] 27480K->12511K(39424K), 0.0003790 secs] [Times: user=0.00 sys=0.00, real=0.00 secs] 
321.427: Total time for which application threads were stopped: 0.0004780 seconds, Stopping threads took: 0.0000400 seconds
321.494: Application time: 0.0667480 seconds
321.494: [GC [PSYoungGen: 14845K->0K(15872K)] 27357K->12511K(39424K), 0.0003910 secs] [Times: user=0.00 sys=0.00, real=0.00 secs] 
321.494: Total time for which application threads were stopped: 0.0005030 seconds, Stopping threads took: 0.0000520 seconds
321.560: Application time: 0.0656130 seconds
321.564: [GC [PSYoungGen: 14847K->0K(15872K)] 27359K->12511K(39424K), 0.0003840 secs] [Times: user=0.01 sys=0.00, real=0.00 secs] 
321.564: Total time for which application threads were stopped: 0.0045180 seconds, Stopping threads took: 0.0040740 seconds
321.628: Application time: 0.0640090 seconds
321.628: [GC [PSYoungGen: 14846K->384K(15872K)] 27358K->12895K(39424K), 0.0003870 secs] [Times: user=0.00 sys=0.00, real=0.00 secs] 
321.629: Total time for which application threads were stopped: 0.0005020 seconds, Stopping threads took: 0.0000500 seconds
321.694: Application time: 0.0648630 seconds
321.694: [GC [PSYoungGen: 15228K->320K(15872K)] 27740K->13060K(39424K), 0.0004120 secs] [Times: user=0.00 sys=0.00, real=0.00 secs] 
321.694: Total time for which application threads were stopped: 0.0005420 seconds, Stopping threads took: 0.0000690 seconds
321.742: Application time: 0.0480740 seconds
321.742: [GC [PSYoungGen: 15164K->384K(15872K)] 27904K->13140K(39424K), 0.0004000 secs] [Times: user=0.00 sys=0.00, real=0.00 secs] 
321.743: Total time for which application threads were stopped: 0.0005210 seconds, Stopping threads took: 0.0000550 seconds
321.807: Application time: 0.0644020 seconds
321.807: [GC [PSYoungGen: 15228K->352K(15872K)] 27984K->13172K(39424K), 0.0003950 secs] [Times: user=0.00 sys=0.00, real=0.00 secs] 
321.808: Total time for which application threads were stopped: 0.0005270 seconds, Stopping threads took: 0.0000590 seconds
321.849: Application time: 0.0411420 seconds
321.849: [GC [PSYoungGen: 15200K->544K(15872K)] 28020K->13585K(39424K), 0.0004570 secs] [Times: user=0.01 sys=0.00, real=0.00 secs] 
321.849: Total time for which application threads were stopped: 0.0005810 seconds, Stopping threads took: 0.0000590 seconds
321.899: Application time: 0.0493700 seconds
321.899: [GC [PSYoungGen: 15390K->512K(15872K)] 28431K->13569K(39424K), 0.0004300 secs] [Times: user=0.00 sys=0.00, real=0.00 secs] 
321.899: Total time for which application threads were stopped: 0.0005380 seconds, Stopping threads took: 0.0000450 seconds
321.962: Application time: 0.0625110 seconds
321.962: [GC [PSYoungGen: 15359K->576K(15872K)] 28416K->13705K(39424K), 0.0004330 secs] [Times: user=0.00 sys=0.00, real=0.00 secs] 
321.962: Total time for which application threads were stopped: 0.0005390 seconds, Stopping threads took: 0.0000420 seconds
322.027: Application time: 0.0646110 seconds
322.027: [GC [PSYoungGen: 15423K->0K(15872K)] 28552K->13585K(39424K), 0.0004310 secs] [Times: user=0.00 sys=0.00, real=0.00 secs] 
322.028: Total time for which application threads were stopped: 0.0005690 seconds, Stopping threads took: 0.0000740 seconds
322.085: Application time: 0.0570290 seconds
322.085: [GC [PSYoungGen: 14846K->416K(15872K)] 28432K->14001K(39424K), 0.0003890 secs] [Times: user=0.00 sys=0.00, real=0.00 secs] 
322.085: Total time for which application threads were stopped: 0.0005030 seconds, Stopping threads took: 0.0000540 seconds
322.121: Application time: 0.0363660 seconds
322.122: [GC [PSYoungGen: 15260K->768K(15872K)] 28846K->14409K(39424K), 0.0004500 secs] [Times: user=0.00 sys=0.00, real=0.00 secs] 
322.122: Total time for which application threads were stopped: 0.0005620 seconds, Stopping threads took: 0.0000520 seconds
322.179: Application time: 0.0574040 seconds
322.180: [GC [PSYoungGen: 15614K->736K(15872K)] 29256K->14441K(39424K), 0.0005580 secs] [Times: user=0.00 sys=0.00, real=0.00 secs] 
322.180: Total time for which application threads were stopped: 0.0006950 seconds, Stopping threads took: 0.0000710 seconds
322.243: Application time: 0.0627030 seconds
322.243: [GC [PSYoungGen: 15580K->544K(16384K)] 29286K->14654K(39936K), 0.0004610 secs] [Times: user=0.00 sys=0.00, real=0.00 secs] 
322.243: Total time for which application threads were stopped: 0.0006010 seconds, Stopping threads took: 0.0000740 seconds
322.306: Application time: 0.0626280 seconds
322.308: [GC [PSYoungGen: 15388K->480K(15360K)] 29498K->14794K(38912K), 0.0005750 secs] [Times: user=0.01 sys=0.00, real=0.00 secs] 
322.309: Total time for which application threads were stopped: 0.0024210 seconds, Stopping threads took: 0.0017730 seconds
322.374: Application time: 0.0656060 seconds
322.374: [GC [PSYoungGen: 15327K->0K(15872K)] 29642K->14731K(39424K), 0.0004160 secs] [Times: user=0.00 sys=0.00, real=0.00 secs] 
322.375: Total time for which application threads were stopped: 0.0005440 seconds, Stopping threads took: 0.0000640 seconds
322.440: Application time: 0.0654730 seconds
322.440: [GC [PSYoungGen: 14847K->0K(15872K)] 29579K->14731K(39424K), 0.0003780 secs] [Times: user=0.00 sys=0.00, real=0.00 secs] 
322.441: Total time for which application threads were stopped: 0.0005080 seconds, Stopping threads took: 0.0000690 seconds
322.505: Application time: 0.0645160 seconds
322.505: [GC [PSYoungGen: 14844K->352K(15872K)] 29576K->15083K(39424K), 0.0003710 secs] [Times: user=0.00 sys=0.00, real=0.00 secs] 
322.506: Total time for which application threads were stopped: 0.0004940 seconds, Stopping threads took: 0.0000560 seconds
322.552: Application time: 0.0460650 seconds
322.552: [GC [PSYoungGen: 15199K->704K(15872K)] 29931K->15443K(39424K), 0.0004550 secs] [Times: user=0.00 sys=0.00, real=0.00 secs] 
322.552: Total time for which application threads were stopped: 0.0005760 seconds, Stopping threads took: 0.0000590 seconds
322.605: Application time: 0.0529900 seconds
322.608: [GC [PSYoungGen: 15549K->544K(15872K)] 30289K->15685K(39424K), 0.0004990 secs] [Times: user=0.00 sys=0.00, real=0.00 secs] 
322.608: Total time for which application threads were stopped: 0.0030780 seconds, Stopping threads took: 0.0025150 seconds
322.663: Application time: 0.0542640 seconds
322.663: [GC [PSYoungGen: 15391K->544K(15872K)] 30532K->15693K(39424K), 0.0004110 secs] [Times: user=0.00 sys=0.00, real=0.00 secs] 
322.663: Total time for which application threads were stopped: 0.0005560 seconds, Stopping threads took: 0.0000810 seconds
322.727: Application time: 0.0641570 seconds
322.727: [GC [PSYoungGen: 15388K->352K(15872K)] 30537K->15725K(39424K), 0.0004370 secs] [Times: user=0.00 sys=0.00, real=0.00 secs] 
322.728: Total time for which application threads were stopped: 0.0005520 seconds, Stopping threads took: 0.0000510 seconds
322.793: Application time: 0.0654910 seconds
322.794: [GC [PSYoungGen: 15199K->0K(15872K)] 30572K->15585K(39424K), 0.0004180 secs] [Times: user=0.00 sys=0.00, real=0.00 secs] 
322.794: Total time for which application threads were stopped: 0.0005320 seconds, Stopping threads took: 0.0000540 seconds
322.859: Application time: 0.0650580 seconds
322.859: [GC [PSYoungGen: 14847K->0K(15872K)] 30432K->15585K(39424K), 0.0003550 secs] [Times: user=0.00 sys=0.00, real=0.00 secs] 
322.859: Total time for which application threads were stopped: 0.0004830 seconds, Stopping threads took: 0.0000520 seconds
322.912: Application time: 0.0529220 seconds
322.913: [GC [PSYoungGen: 14845K->384K(15872K)] 30431K->15969K(39424K), 0.0003860 secs] [Times: user=0.00 sys=0.00, real=0.00 secs] 
322.913: Total time for which application threads were stopped: 0.0005170 seconds, Stopping threads took: 0.0000660 seconds
322.968: Application time: 0.0550850 seconds
322.972: [GC [PSYoungGen: 15229K->576K(15872K)] 30815K->16169K(39424K), 0.0004770 secs] [Times: user=0.00 sys=0.00, real=0.00 secs] 
322.972: Total time for which application threads were stopped: 0.0043580 seconds, Stopping threads took: 0.0038200 seconds
323.035: Application time: 0.0628280 seconds
323.035: [GC [PSYoungGen: 15423K->576K(15872K)] 31017K->16446K(39424K), 0.0004520 secs] [Times: user=0.01 sys=0.00, real=0.00 secs] 
323.036: Total time for which application threads were stopped: 0.0005750 seconds, Stopping threads took: 0.0000610 seconds
323.102: Application time: 0.0659110 seconds
323.102: [GC [PSYoungGen: 15421K->0K(15872K)] 31291K->16318K(39424K), 0.0004380 secs] [Times: user=0.00 sys=0.00, real=0.00 secs] 
323.102: Total time for which application threads were stopped: 0.0005680 seconds, Stopping threads took: 0.0000650 seconds
323.169: Application time: 0.0667850 seconds
323.172: [GC [PSYoungGen: 14845K->0K(15872K)] 31163K->16318K(39424K), 0.0003880 secs] [Times: user=0.00 sys=0.00, real=0.01 secs] 
323.172: Total time for which application threads were stopped: 0.0028890 seconds, Stopping threads took: 0.0024400 seconds
323.238: Application time: 0.0659340 seconds
323.238: [GC [PSYoungGen: 14847K->0K(15872K)] 31165K->16318K(39424K), 0.0003810 secs] [Times: user=0.00 sys=0.00, real=0.00 secs] 
323.238: Total time for which application threads were stopped: 0.0004980 seconds, Stopping threads took: 0.0000550 seconds
323.305: Application time: 0.0661620 seconds
323.305: [GC [PSYoungGen: 14847K->0K(15872K)] 31165K->16318K(39424K), 0.0003520 secs] [Times: user=0.00 sys=0.00, real=0.00 secs] 
323.305: Total time for which application threads were stopped: 0.0004660 seconds, Stopping threads took: 0.0000500 seconds
323.369: Application time: 0.0638880 seconds
323.369: [GC [PSYoungGen: 14844K->320K(15872K)] 31162K->16638K(39424K), 0.0004700 secs] [Times: user=0.00 sys=0.00, real=0.00 secs] 
323.369: Total time for which application threads were stopped: 0.0005910 seconds, Stopping threads took: 0.0000470 seconds
323.431: Application time: 0.0617720 seconds
323.431: [GC [PSYoungGen: 15165K->288K(15872K)] 31483K->16814K(39424K), 0.0004550 secs] [Times: user=0.00 sys=0.00, real=0.01 secs] 
323.432: Total time for which application threads were stopped: 0.0005690 seconds, Stopping threads took: 0.0000490 seconds
323.482: Application time: 0.0501610 seconds
323.482: [GC [PSYoungGen: 15132K->320K(15872K)] 31658K->16862K(39424K), 0.0004610 secs] [Times: user=0.00 sys=0.00, real=0.00 secs] 
323.483: Total time for which application threads were stopped: 0.0005840 seconds, Stopping threads took: 0.0000590 seconds
323.542: Application time: 0.0593780 seconds
323.542: [GC [PSYoungGen: 15167K->480K(15872K)] 31710K->17078K(39424K), 0.0004190 secs] [Times: user=0.01 sys=0.00, real=0.00 secs] 
323.542: Total time for which application threads were stopped: 0.0005300 seconds, Stopping threads took: 0.0000520 seconds
323.582: Application time: 0.0390520 seconds
323.582: [GC [PSYoungGen: 15327K->576K(15872K)] 31925K->17394K(39424K), 0.0004620 secs] [Times: user=0.00 sys=0.00, real=0.00 secs] 
323.582: Total time for which application threads were stopped: 0.0005850 seconds, Stopping threads took: 0.0000590 seconds
323.638: Application time: 0.0556280 seconds
323.638: [GC [PSYoungGen: 15423K->384K(15872K)] 32242K->17431K(39424K), 0.0004210 secs] [Times: user=0.00 sys=0.00, real=0.00 secs] 
323.638: Total time for which application threads were stopped: 0.0005360 seconds, Stopping threads took: 0.0000550 seconds
323.701: Application time: 0.0623070 seconds
323.701: [GC [PSYoungGen: 15230K->480K(15872K)] 32278K->17567K(39424K), 0.0006010 secs] [Times: user=0.00 sys=0.00, real=0.00 secs] 
323.701: Total time for which application threads were stopped: 0.0007360 seconds, Stopping threads took: 0.0000640 seconds
323.766: Application time: 0.0647710 seconds
323.766: [GC [PSYoungGen: 15327K->0K(15872K)] 32414K->17543K(39424K), 0.0004230 secs] [Times: user=0.01 sys=0.00, real=0.00 secs] 
323.767: Total time for which application threads were stopped: 0.0005500 seconds, Stopping threads took: 0.0000630 seconds
323.814: Application time: 0.0477450 seconds
323.815: [GC [PSYoungGen: 14843K->560K(15872K)] 32387K->18103K(39424K), 0.0004630 secs] [Times: user=0.00 sys=0.00, real=0.00 secs] 
323.815: Total time for which application threads were stopped: 0.0006020 seconds, Stopping threads took: 0.0000720 seconds
323.856: Application time: 0.0409720 seconds
323.856: [GC [PSYoungGen: 15405K->736K(15872K)] 32948K->18367K(39424K), 0.0004710 secs] [Times: user=0.00 sys=0.00, real=0.00 secs] 
323.857: Total time for which application threads were stopped: 0.0005870 seconds, Stopping threads took: 0.0000490 seconds
323.917: Application time: 0.0608900 seconds
323.918: [GC [PSYoungGen: 15583K->672K(15360K)] 33214K->18327K(38912K), 0.0004960 secs] [Times: user=0.00 sys=0.00, real=0.00 secs] 
323.918: Total time for which application threads were stopped: 0.0006230 seconds, Stopping threads took: 0.0000540 seconds
323.979: Application time: 0.0608420 seconds
323.979: [GC [PSYoungGen: 15007K->384K(14848K)] 32663K->18653K(38400K), 0.0005750 secs] [Times: user=0.00 sys=0.00, real=0.00 secs] 
323.980: Total time for which application threads were stopped: 0.0006920 seconds, Stopping threads took: 0.0000560 seconds
324.041: Application time: 0.0618320 seconds
324.042: [GC [PSYoungGen: 14718K->320K(15360K)] 32987K->18801K(38912K), 0.0004670 secs] [Times: user=0.00 sys=0.00, real=0.00 secs] 
324.042: Total time for which application threads were stopped: 0.0006050 seconds, Stopping threads took: 0.0000730 seconds
324.105: Application time: 0.0632300 seconds
324.105: [GC [PSYoungGen: 14655K->0K(15360K)] 33136K->18705K(38912K), 0.0003980 secs] [Times: user=0.00 sys=0.00, real=0.00 secs] 
324.106: Total time for which application threads were stopped: 0.0005190 seconds, Stopping threads took: 0.0000630 seconds
324.169: Application time: 0.0631230 seconds
324.169: [GC [PSYoungGen: 14335K->0K(15360K)] 33040K->18705K(38912K), 0.0003660 secs] [Times: user=0.00 sys=0.00, real=0.00 secs] 
324.169: Total time for which application threads were stopped: 0.0004880 seconds, Stopping threads took: 0.0000650 seconds
324.231: Application time: 0.0611720 seconds
324.231: [GC [PSYoungGen: 14335K->480K(15360K)] 33041K->19185K(38912K), 0.0003960 secs] [Times: user=0.00 sys=0.00, real=0.00 secs] 
324.231: Total time for which application threads were stopped: 0.0005010 seconds, Stopping threads took: 0.0000480 seconds
324.275: Application time: 0.0436130 seconds
324.275: [GC [PSYoungGen: 14812K->736K(14848K)] 33518K->19457K(38400K), 0.0004590 secs] [Times: user=0.00 sys=0.00, real=0.00 secs] 
324.275: Total time for which application threads were stopped: 0.0005900 seconds, Stopping threads took: 0.0000640 seconds
324.319: Application time: 0.0439870 seconds
324.319: [GC [PSYoungGen: 14559K->544K(15360K)] 33281K->19678K(38912K), 0.0005570 secs] [Times: user=0.00 sys=0.00, real=0.00 secs] 
324.320: Total time for which application threads were stopped: 0.0006740 seconds, Stopping threads took: 0.0000580 seconds
324.374: Application time: 0.0541370 seconds
324.374: [GC [PSYoungGen: 14366K->480K(14336K)] 33501K->19630K(37888K), 0.0004860 secs] [Times: user=0.00 sys=0.00, real=0.00 secs] 
324.375: Total time for which application threads were stopped: 0.0006150 seconds, Stopping threads took: 0.0000650 seconds
324.434: Application time: 0.0596790 seconds
324.435: [GC [PSYoungGen: 14304K->352K(14848K)] 33454K->19739K(38400K), 0.0004110 secs] [Times: user=0.00 sys=0.00, real=0.00 secs] 
324.435: Total time for which application threads were stopped: 0.0005540 seconds, Stopping threads took: 0.0000700 seconds
324.497: Application time: 0.0620830 seconds
324.497: [GC [PSYoungGen: 14175K->0K(14848K)] 33562K->19603K(38400K), 0.0004340 secs] [Times: user=0.00 sys=0.00, real=0.00 secs] 
324.498: Total time for which application threads were stopped: 0.0005620 seconds, Stopping threads took: 0.0000690 seconds
324.558: Application time: 0.0607230 seconds
324.558: [GC [PSYoungGen: 13823K->0K(14848K)] 33426K->19603K(38400K), 0.0003970 secs] [Times: user=0.00 sys=0.00, real=0.00 secs] 
324.559: Total time for which application threads were stopped: 0.0005140 seconds, Stopping threads took: 0.0000540 seconds
324.615: Application time: 0.0557880 seconds
324.615: [GC [PSYoungGen: 13823K->256K(14848K)] 33426K->19859K(38400K), 0.0004520 secs] [Times: user=0.00 sys=0.00, real=0.00 secs] 
324.615: Total time for which application threads were stopped: 0.0005740 seconds, Stopping threads took: 0.0000550 seconds
324.660: Application time: 0.0445310 seconds
324.660: [GC [PSYoungGen: 14078K->512K(14848K)] 33682K->20123K(38400K), 0.0004460 secs] [Times: user=0.00 sys=0.00, real=0.00 secs] 
324.660: Total time for which application threads were stopped: 0.0005740 seconds, Stopping threads took: 0.0000630 seconds
324.723: Application time: 0.0623070 seconds
324.723: [GC [PSYoungGen: 14331K->784K(14336K)] 33942K->20459K(37888K), 0.0005140 secs] [Times: user=0.00 sys=0.00, real=0.00 secs] 
324.723: Total time for which application threads were stopped: 0.0006310 seconds, Stopping threads took: 0.0000540 seconds
324.787: Application time: 0.0634430 seconds
324.787: [GC [PSYoungGen: 14092K->352K(13824K)] 33767K->20500K(37376K), 0.0005080 secs] [Times: user=0.00 sys=0.00, real=0.00 secs] 
324.787: Total time for which application threads were stopped: 0.0006390 seconds, Stopping threads took: 0.0000690 seconds
324.852: Application time: 0.0647970 seconds
324.852: [GC [PSYoungGen: 13661K->0K(14336K)] 33809K->20372K(37888K), 0.0003990 secs] [Times: user=0.00 sys=0.00, real=0.00 secs] 
324.853: Total time for which application threads were stopped: 0.0005270 seconds, Stopping threads took: 0.0000670 seconds
324.917: Application time: 0.0647620 seconds
324.918: [GC [PSYoungGen: 13309K->0K(14336K)] 33681K->20372K(37888K), 0.0003600 secs] [Times: user=0.00 sys=0.00, real=0.00 secs] 
324.918: Total time for which application threads were stopped: 0.0004890 seconds, Stopping threads took: 0.0000550 seconds
324.983: Application time: 0.0648200 seconds
324.983: [GC [PSYoungGen: 13309K->0K(14336K)] 33681K->20372K(37888K), 0.0003820 secs] [Times: user=0.00 sys=0.00, real=0.00 secs] 
324.983: Total time for which application threads were stopped: 0.0005170 seconds, Stopping threads took: 0.0000600 seconds
325.048: Application time: 0.0647930 seconds
325.048: [GC [PSYoungGen: 13309K->0K(14336K)] 33681K->20372K(37888K), 0.0003670 secs] [Times: user=0.00 sys=0.00, real=0.00 secs] 
325.049: Total time for which application threads were stopped: 0.0004860 seconds, Stopping threads took: 0.0000580 seconds
325.111: Application time: 0.0626990 seconds
325.111: [GC [PSYoungGen: 13308K->320K(14336K)] 33680K->20692K(37888K), 0.0004340 secs] [Times: user=0.00 sys=0.00, real=0.01 secs] 
325.112: Total time for which application threads were stopped: 0.0005530 seconds, Stopping threads took: 0.0000560 seconds
325.177: Application time: 0.0647440 seconds
325.177: [GC [PSYoungGen: 13629K->0K(14336K)] 34001K->20576K(37888K), 0.0004570 secs] [Times: user=0.00 sys=0.00, real=0.00 secs] 
325.177: Total time for which application threads were stopped: 0.0005820 seconds, Stopping threads took: 0.0000600 seconds
325.223: Application time: 0.0456290 seconds
325.223: [GC [PSYoungGen: 13311K->288K(14336K)] 33888K->20864K(37888K), 0.0004240 secs] [Times: user=0.00 sys=0.00, real=0.00 secs] 
325.223: Total time for which application threads were stopped: 0.0005350 seconds, Stopping threads took: 0.0000500 seconds
325.284: Application time: 0.0610130 seconds
325.284: [GC [PSYoungGen: 13599K->384K(14336K)] 34176K->21024K(37888K), 0.0004190 secs] [Times: user=0.00 sys=0.00, real=0.00 secs] 
325.285: Total time for which application threads were stopped: 0.0005460 seconds, Stopping threads took: 0.0000630 seconds
325.328: Application time: 0.0430850 seconds
325.328: [GC [PSYoungGen: 13639K->576K(14336K)] 34280K->21224K(37888K), 0.0005750 secs] [Times: user=0.00 sys=0.00, real=0.00 secs] 
325.329: Total time for which application threads were stopped: 0.0007410 seconds, Stopping threads took: 0.0001020 seconds
325.370: Application time: 0.0412420 seconds
325.370: [GC [PSYoungGen: 13885K->512K(14336K)] 34534K->21389K(37888K), 0.0004770 secs] [Times: user=0.00 sys=0.00, real=0.00 secs] 
325.371: Total time for which application threads were stopped: 0.0006080 seconds, Stopping threads took: 0.0000660 seconds
325.432: Application time: 0.0616670 seconds
325.432: [GC [PSYoungGen: 13821K->288K(14336K)] 34698K->21409K(37888K), 0.0005260 secs] [Times: user=0.00 sys=0.00, real=0.00 secs] 
325.434: Total time for which application threads were stopped: 0.0017780 seconds, Stopping threads took: 0.0000700 seconds
325.497: Application time: 0.0633070 seconds
325.497: [GC [PSYoungGen: 13599K->352K(14336K)] 34721K->21846K(37888K), 0.0005010 secs] [Times: user=0.00 sys=0.00, real=0.00 secs] 
325.498: Total time for which application threads were stopped: 0.0006490 seconds, Stopping threads took: 0.0000770 seconds
325.562: Application time: 0.0639120 seconds
325.562: [GC [PSYoungGen: 13663K->0K(14336K)] 35158K->21715K(37888K), 0.0004150 secs] [Times: user=0.00 sys=0.00, real=0.00 secs] 
325.562: Total time for which application threads were stopped: 0.0005390 seconds, Stopping threads took: 0.0000620 seconds
325.624: Application time: 0.0615510 seconds
325.624: [GC [PSYoungGen: 13307K->352K(14336K)] 35022K->22067K(37888K), 0.0004280 secs] [Times: user=0.00 sys=0.00, real=0.00 secs] 
325.625: Total time for which application threads were stopped: 0.0005510 seconds, Stopping threads took: 0.0000630 seconds
325.658: Application time: 0.0338730 seconds
325.659: [GC [PSYoungGen: 13662K->768K(14336K)] 35377K->22531K(37888K), 0.0004830 secs] [Times: user=0.00 sys=0.00, real=0.00 secs] 
325.659: Total time for which application threads were stopped: 0.0005990 seconds, Stopping threads took: 0.0000550 seconds
325.709: Application time: 0.0495730 seconds
325.709: [GC [PSYoungGen: 14079K->480K(14336K)] 35842K->22635K(37888K), 0.0004970 secs] [Times: user=0.01 sys=0.00, real=0.00 secs] 
325.709: Total time for which application threads were stopped: 0.0006160 seconds, Stopping threads took: 0.0000570 seconds
325.769: Application time: 0.0599120 seconds
325.769: [GC [PSYoungGen: 13788K->896K(13824K)] 35943K->23075K(37376K), 0.0004950 secs] [Times: user=0.00 sys=0.00, real=0.00 secs] 
325.770: Total time for which application threads were stopped: 0.0006090 seconds, Stopping threads took: 0.0000520 seconds
325.829: Application time: 0.0588770 seconds
325.829: [GC [PSYoungGen: 13691K->544K(14336K)] 35870K->23132K(37888K), 0.0005110 secs] [Times: user=0.00 sys=0.00, real=0.00 secs] 
325.829: Total time for which application threads were stopped: 0.0006220 seconds, Stopping threads took: 0.0000490 seconds
325.891: Application time: 0.0619960 seconds
325.891: [GC [PSYoungGen: 13343K->0K(14336K)] 35931K->23005K(37888K), 0.0004450 secs] [Times: user=0.01 sys=0.00, real=0.01 secs] 
325.892: [Full GC [PSYoungGen: 0K->0K(14336K)] [ParOldGen: 23005K->4446K(23040K)] 23005K->4446K(37376K) [PSPermGen: 5580K->5580K(21504K)], 0.0060620 secs] [Times: user=0.01 sys=0.00, real=0.00 secs] 
325.898: Total time for which application threads were stopped: 0.0066860 seconds, Stopping threads took: 0.0000570 seconds
325.960: Application time: 0.0622920 seconds
325.960: [GC [PSYoungGen: 12797K->0K(14336K)] 17243K->4446K(37376K), 0.0004010 secs] [Times: user=0.00 sys=0.00, real=0.00 secs] 
325.961: Total time for which application threads were stopped: 0.0005190 seconds, Stopping threads took: 0.0000560 seconds
326.024: Application time: 0.0628950 seconds
326.024: [GC [PSYoungGen: 12797K->0K(14336K)] 17243K->4446K(37376K), 0.0004060 secs] [Times: user=0.00 sys=0.01, real=0.01 secs] 
326.024: Total time for which application threads were stopped: 0.0005380 seconds, Stopping threads took: 0.0000620 seconds
326.082: Application time: 0.0575100 seconds
326.082: [GC [PSYoungGen: 12798K->320K(13312K)] 17245K->4766K(36352K), 0.0004470 secs] [Times: user=0.00 sys=0.00, real=0.00 secs] 
326.082: Total time for which application threads were stopped: 0.0005710 seconds, Stopping threads took: 0.0000550 seconds
326.124: Application time: 0.0417220 seconds
326.124: [GC [PSYoungGen: 13117K->928K(13312K)] 17563K->5382K(36352K), 0.0005030 secs] [Times: user=0.01 sys=0.00, real=0.00 secs] 
326.125: Total time for which application threads were stopped: 0.0006190 seconds, Stopping threads took: 0.0000520 seconds
326.165: Application time: 0.0401600 seconds
326.165: [GC [PSYoungGen: 13213K->544K(13824K)] 17668K->5415K(36864K), 0.0004760 secs] [Times: user=0.01 sys=0.00, real=0.00 secs] 
326.165: Total time for which application threads were stopped: 0.0005920 seconds, Stopping threads took: 0.0000540 seconds
326.221: Application time: 0.0556670 seconds
326.221: [GC [PSYoungGen: 12831K->512K(13824K)] 17703K->5391K(36864K), 0.0004140 secs] [Times: user=0.00 sys=0.00, real=0.00 secs] 
326.222: Total time for which application threads were stopped: 0.0005230 seconds, Stopping threads took: 0.0000470 seconds
326.280: Application time: 0.0587000 seconds
326.280: [GC [PSYoungGen: 12797K->320K(13824K)] 17677K->5420K(36864K), 0.0004150 secs] [Times: user=0.00 sys=0.00, real=0.00 secs] 
326.281: Total time for which application threads were stopped: 0.0005370 seconds, Stopping threads took: 0.0000600 seconds
326.340: Application time: 0.0596130 seconds
326.341: [GC [PSYoungGen: 12604K->0K(13824K)] 17704K->5324K(36864K), 0.0003790 secs] [Times: user=0.00 sys=0.00, real=0.00 secs] 
326.341: Total time for which application threads were stopped: 0.0005100 seconds, Stopping threads took: 0.0000670 seconds
326.400: Application time: 0.0595330 seconds
326.401: [GC [PSYoungGen: 12284K->0K(13824K)] 17608K->5324K(36864K), 0.0003850 secs] [Times: user=0.00 sys=0.00, real=0.00 secs] 
326.401: Total time for which application threads were stopped: 0.0005180 seconds, Stopping threads took: 0.0000740 seconds
326.460: Application time: 0.0594550 seconds
326.461: [GC [PSYoungGen: 12284K->0K(12800K)] 17608K->5324K(35840K), 0.0004790 secs] [Times: user=0.00 sys=0.00, real=0.00 secs] 
326.461: Total time for which application threads were stopped: 0.0005970 seconds, Stopping threads took: 0.0000550 seconds
326.509: Application time: 0.0481870 seconds
326.509: [GC [PSYoungGen: 12284K->320K(13312K)] 17609K->5644K(36352K), 0.0004140 secs] [Times: user=0.01 sys=0.00, real=0.00 secs] 
326.510: Total time for which application threads were stopped: 0.0005340 seconds, Stopping threads took: 0.0000610 seconds
326.556: Application time: 0.0466900 seconds
326.557: [GC [PSYoungGen: 12604K->576K(13312K)] 17928K->5916K(36352K), 0.0004180 secs] [Times: user=0.00 sys=0.00, real=0.00 secs] 
326.557: Total time for which application threads were stopped: 0.0005560 seconds, Stopping threads took: 0.0000630 seconds
326.613: Application time: 0.0557690 seconds
326.613: [GC [PSYoungGen: 12863K->544K(13312K)] 18203K->6144K(36352K), 0.0005370 secs] [Times: user=0.01 sys=0.00, real=0.00 secs] 
326.613: Total time for which application threads were stopped: 0.0006630 seconds, Stopping threads took: 0.0000680 seconds
326.674: Application time: 0.0605380 seconds
326.674: [GC [PSYoungGen: 12828K->0K(13312K)] 18428K->6033K(36352K), 0.0004600 secs] [Times: user=0.00 sys=0.00, real=0.00 secs] 
326.675: Total time for which application threads were stopped: 0.0005910 seconds, Stopping threads took: 0.0000700 seconds
326.735: Application time: 0.0605360 seconds
326.735: [GC [PSYoungGen: 12284K->0K(13312K)] 18318K->6033K(36352K), 0.0003710 secs] [Times: user=0.00 sys=0.00, real=0.00 secs] 
326.736: Total time for which application threads were stopped: 0.0005110 seconds, Stopping threads took: 0.0000760 seconds
326.796: Application time: 0.0604860 seconds
326.796: [GC [PSYoungGen: 12284K->0K(13312K)] 18318K->6033K(36352K), 0.0003340 secs] [Times: user=0.00 sys=0.00, real=0.00 secs] 
326.797: Total time for which application threads were stopped: 0.0004500 seconds, Stopping threads took: 0.0000560 seconds
326.857: Application time: 0.0601720 seconds
326.857: [GC [PSYoungGen: 12284K->0K(13312K)] 18318K->6033K(36352K), 0.0003580 secs] [Times: user=0.01 sys=0.00, real=0.00 secs] 
326.857: Total time for which application threads were stopped: 0.0004850 seconds, Stopping threads took: 0.0000640 seconds
326.918: Application time: 0.0603400 seconds
326.918: [GC [PSYoungGen: 12284K->0K(13312K)] 18318K->6033K(36352K), 0.0003650 secs] [Times: user=0.00 sys=0.00, real=0.00 secs] 
326.918: Total time for which application threads were stopped: 0.0004970 seconds, Stopping threads took: 0.0000690 seconds
326.977: Application time: 0.0588790 seconds
326.977: [GC [PSYoungGen: 12286K->448K(13312K)] 18319K->6481K(36352K), 0.0004230 secs] [Times: user=0.00 sys=0.00, real=0.00 secs] 
326.977: Total time for which application threads were stopped: 0.0005410 seconds, Stopping threads took: 0.0000530 seconds
327.037: Application time: 0.0598830 seconds
327.037: [GC [PSYoungGen: 12732K->0K(13312K)] 18766K->6257K(36352K), 0.0003580 secs] [Times: user=0.00 sys=0.00, real=0.00 secs] 
327.038: Total time for which application threads were stopped: 0.0004820 seconds, Stopping threads took: 0.0000610 seconds
327.083: Application time: 0.0447620 seconds
327.083: [GC [PSYoungGen: 12284K->288K(13312K)] 18542K->6545K(36352K), 0.0004370 secs] [Times: user=0.00 sys=0.00, real=0.00 secs] 
327.083: Total time for which application threads were stopped: 0.0005730 seconds, Stopping threads took: 0.0000640 seconds
327.136: Application time: 0.0527330 seconds
327.136: [GC [PSYoungGen: 12573K->256K(13312K)] 18830K->6561K(36352K), 0.0005110 secs] [Times: user=0.00 sys=0.00, real=0.00 secs] 
327.137: Total time for which application threads were stopped: 0.0006310 seconds, Stopping threads took: 0.0000590 seconds
327.189: Application time: 0.0522190 seconds
327.189: [GC [PSYoungGen: 12494K->448K(13312K)] 18800K->6761K(36352K), 0.0003890 secs] [Times: user=0.00 sys=0.00, real=0.00 secs] 
327.189: Total time for which application threads were stopped: 0.0005230 seconds, Stopping threads took: 0.0000660 seconds
327.228: Application time: 0.0390580 seconds
327.228: [GC [PSYoungGen: 12734K->512K(13312K)] 19048K->7054K(36352K), 0.0004290 secs] [Times: user=0.00 sys=0.00, real=0.00 secs] 
327.229: Total time for which application threads were stopped: 0.0005500 seconds, Stopping threads took: 0.0000590 seconds
327.270: Application time: 0.0415930 seconds
327.271: [GC [PSYoungGen: 12795K->416K(13312K)] 19337K->7186K(36352K), 0.0004750 secs] [Times: user=0.00 sys=0.00, real=0.00 secs] 
327.271: Total time for which application threads were stopped: 0.0005900 seconds, Stopping threads took: 0.0000520 seconds
327.328: Application time: 0.0569140 seconds
327.328: [GC [PSYoungGen: 12701K->288K(13312K)] 19471K->7310K(36352K), 0.0005040 secs] [Times: user=0.00 sys=0.00, real=0.00 secs] 
327.329: Total time for which application threads were stopped: 0.0006260 seconds, Stopping threads took: 0.0000580 seconds
327.386: Application time: 0.0578020 seconds
327.387: [GC [PSYoungGen: 12571K->448K(13312K)] 19594K->7723K(36352K), 0.0004380 secs] [Times: user=0.00 sys=0.00, real=0.00 secs] 
327.387: Total time for which application threads were stopped: 0.0005620 seconds, Stopping threads took: 0.0000610 seconds
327.446: Application time: 0.0588550 seconds
327.446: [GC [PSYoungGen: 12732K->0K(13312K)] 20007K->7491K(36352K), 0.0003930 secs] [Times: user=0.00 sys=0.00, real=0.00 secs] 
327.446: Total time for which application threads were stopped: 0.0005030 seconds, Stopping threads took: 0.0000500 seconds
327.506: Application time: 0.0601190 seconds
327.507: [GC [PSYoungGen: 12286K->0K(13312K)] 19778K->7491K(36352K), 0.0003600 secs] [Times: user=0.00 sys=0.00, real=0.00 secs] 
327.507: Total time for which application threads were stopped: 0.0004870 seconds, Stopping threads took: 0.0000710 seconds
327.557: Application time: 0.0502950 seconds
327.557: [GC [PSYoungGen: 12287K->704K(13312K)] 19779K->8195K(36352K), 0.0004400 secs] [Times: user=0.00 sys=0.00, real=0.00 secs] 
327.558: Total time for which application threads were stopped: 0.0005700 seconds, Stopping threads took: 0.0000690 seconds
327.590: Application time: 0.0322490 seconds
327.590: [GC [PSYoungGen: 12988K->512K(13312K)] 20480K->8379K(36352K), 0.0005090 secs] [Times: user=0.01 sys=0.00, real=0.00 secs] 
327.591: Total time for which application threads were stopped: 0.0006340 seconds, Stopping threads took: 0.0000500 seconds
327.639: Application time: 0.0480110 seconds
327.639: [GC [PSYoungGen: 12798K->512K(13312K)] 20666K->8443K(36352K), 0.0004300 secs] [Times: user=0.00 sys=0.00, real=0.00 secs] 
327.639: Total time for which application threads were stopped: 0.0005550 seconds, Stopping threads took: 0.0000650 seconds
327.693: Application time: 0.0533600 seconds
327.693: [GC [PSYoungGen: 12799K->992K(13312K)] 20731K->8963K(36352K), 0.0005100 secs] [Times: user=0.01 sys=0.00, real=0.00 secs] 
327.693: Total time for which application threads were stopped: 0.0006360 seconds, Stopping threads took: 0.0000620 seconds
327.753: Application time: 0.0595410 seconds
327.753: [GC [PSYoungGen: 13275K->320K(13824K)] 21247K->8905K(36864K), 0.0004550 secs] [Times: user=0.00 sys=0.00, real=0.00 secs] 
327.753: Total time for which application threads were stopped: 0.0005700 seconds, Stopping threads took: 0.0000560 seconds
327.813: Application time: 0.0592320 seconds
327.813: [GC [PSYoungGen: 12604K->0K(13824K)] 21189K->8805K(36864K), 0.0003840 secs] [Times: user=0.00 sys=0.00, real=0.00 secs] 
327.813: Total time for which application threads were stopped: 0.0005090 seconds, Stopping threads took: 0.0000590 seconds
327.873: Application time: 0.0594310 seconds
327.873: [GC [PSYoungGen: 12284K->0K(13824K)] 21090K->8805K(36864K), 0.0003640 secs] [Times: user=0.00 sys=0.00, real=0.00 secs] 
327.873: Total time for which application threads were stopped: 0.0004760 seconds, Stopping threads took: 0.0000460 seconds
327.932: Application time: 0.0589750 seconds
327.932: [GC [PSYoungGen: 12284K->0K(13824K)] 21090K->8805K(36864K), 0.0003500 secs] [Times: user=0.00 sys=0.00, real=0.00 secs] 
327.933: Total time for which application threads were stopped: 0.0004710 seconds, Stopping threads took: 0.0000580 seconds
327.978: Application time: 0.0454540 seconds
327.980: [GC [PSYoungGen: 12284K->384K(12800K)] 21090K->9189K(35840K), 0.0004030 secs] [Times: user=0.01 sys=0.00, real=0.00 secs] 
327.980: Total time for which application threads were stopped: 0.0023510 seconds, Stopping threads took: 0.0018850 seconds
328.021: Application time: 0.0405000 seconds
328.021: [GC [PSYoungGen: 12669K->928K(13312K)] 21475K->9741K(36352K), 0.0005150 secs] [Times: user=0.00 sys=0.00, real=0.00 secs] 
328.021: Total time for which application threads were stopped: 0.0006430 seconds, Stopping threads took: 0.0000600 seconds
328.066: Application time: 0.0443310 seconds
328.066: [GC [PSYoungGen: 13214K->704K(13824K)] 22027K->9730K(36864K), 0.0004740 secs] [Times: user=0.00 sys=0.00, real=0.00 secs] 
328.066: Total time for which application threads were stopped: 0.0005970 seconds, Stopping threads took: 0.0000620 seconds
328.123: Application time: 0.0566900 seconds
328.123: [GC [PSYoungGen: 12990K->512K(13824K)] 22016K->9947K(36864K), 0.0004830 secs] [Times: user=0.01 sys=0.00, real=0.00 secs] 
328.124: Total time for which application threads were stopped: 0.0006420 seconds, Stopping threads took: 0.0000780 seconds
328.183: Application time: 0.0594990 seconds
328.183: [GC [PSYoungGen: 12798K->0K(13824K)] 22234K->9844K(36864K), 0.0004280 secs] [Times: user=0.00 sys=0.00, real=0.00 secs] 
328.184: Total time for which application threads were stopped: 0.0005720 seconds, Stopping threads took: 0.0000700 seconds
328.243: Application time: 0.0596770 seconds
328.244: [GC [PSYoungGen: 12284K->0K(13824K)] 22128K->9844K(36864K), 0.0003720 secs] [Times: user=0.00 sys=0.00, real=0.01 secs] 
328.244: Total time for which application threads were stopped: 0.0004930 seconds, Stopping threads took: 0.0000540 seconds
328.304: Application time: 0.0595630 seconds
328.304: [GC [PSYoungGen: 12284K->0K(13824K)] 22128K->9844K(36864K), 0.0003510 secs] [Times: user=0.00 sys=0.00, real=0.01 secs] 
328.304: Total time for which application threads were stopped: 0.0004830 seconds, Stopping threads took: 0.0000690 seconds
328.364: Application time: 0.0601570 seconds
328.372: [GC [PSYoungGen: 12284K->0K(13824K)] 22129K->9844K(36864K), 0.0004260 secs] [Times: user=0.00 sys=0.00, real=0.00 secs] 
328.372: Total time for which application threads were stopped: 0.0081370 seconds, Stopping threads took: 0.0076510 seconds
328.417: Application time: 0.0445750 seconds
328.417: [GC [PSYoungGen: 12284K->384K(13824K)] 22128K->10228K(36864K), 0.0004400 secs] [Times: user=0.00 sys=0.00, real=0.00 secs] 
328.417: Total time for which application threads were stopped: 0.0005720 seconds, Stopping threads took: 0.0000670 seconds
328.467: Application time: 0.0497260 seconds
328.467: [GC [PSYoungGen: 12669K->608K(13824K)] 22513K->10460K(36864K), 0.0004120 secs] [Times: user=0.00 sys=0.00, real=0.00 secs] 
328.468: Total time for which application threads were stopped: 0.0005300 seconds, Stopping threads took: 0.0000540 seconds
328.524: Application time: 0.0562480 seconds
328.524: [GC [PSYoungGen: 12893K->608K(13824K)] 22745K->10748K(36864K), 0.0004880 secs] [Times: user=0.00 sys=0.00, real=0.00 secs] 
328.525: Total time for which application threads were stopped: 0.0006320 seconds, Stopping threads took: 0.0000730 seconds
328.584: Application time: 0.0595830 seconds
328.584: [GC [PSYoungGen: 12892K->0K(13824K)] 23033K->10577K(36864K), 0.0004400 secs] [Times: user=0.01 sys=0.00, real=0.00 secs] 
328.585: Total time for which application threads were stopped: 0.0005880 seconds, Stopping threads took: 0.0000750 seconds
328.645: Application time: 0.0599320 seconds
328.645: [GC [PSYoungGen: 12286K->0K(13824K)] 22864K->10577K(36864K), 0.0003970 secs] [Times: user=0.00 sys=0.00, real=0.00 secs] 
328.645: Total time for which application threads were stopped: 0.0005260 seconds, Stopping threads took: 0.0000530 seconds
328.702: Application time: 0.0566000 seconds
328.702: [GC [PSYoungGen: 12284K->0K(13824K)] 22861K->10577K(36864K), 0.0003250 secs] [Times: user=0.00 sys=0.00, real=0.00 secs] 
328.702: Total time for which application threads were stopped: 0.0004530 seconds, Stopping threads took: 0.0000670 seconds
328.757: Application time: 0.0545110 seconds
328.757: [GC [PSYoungGen: 12284K->0K(12800K)] 22861K->10577K(35840K), 0.0003770 secs] [Times: user=0.00 sys=0.00, real=0.00 secs] 
328.757: Total time for which application threads were stopped: 0.0005090 seconds, Stopping threads took: 0.0000660 seconds
328.812: Application time: 0.0544330 seconds
328.812: [GC [PSYoungGen: 12284K->0K(13312K)] 22861K->10577K(36352K), 0.0003290 secs] [Times: user=0.00 sys=0.00, real=0.00 secs] 
328.812: Total time for which application threads were stopped: 0.0004530 seconds, Stopping threads took: 0.0000630 seconds
328.865: Application time: 0.0527380 seconds
328.865: [GC [PSYoungGen: 12286K->352K(13312K)] 22863K->10929K(36352K), 0.0003920 secs] [Times: user=0.00 sys=0.00, real=0.00 secs] 
328.865: Total time for which application threads were stopped: 0.0005120 seconds, Stopping threads took: 0.0000600 seconds
328.916: Application time: 0.0507540 seconds
328.920: [GC [PSYoungGen: 12639K->352K(13312K)] 23216K->11149K(36352K), 0.0004340 secs] [Times: user=0.00 sys=0.00, real=0.00 secs] 
328.920: Total time for which application threads were stopped: 0.0040910 seconds, Stopping threads took: 0.0035950 seconds
328.959: Application time: 0.0383670 seconds
328.959: [GC [PSYoungGen: 12638K->384K(13312K)] 23436K->11189K(36352K), 0.0003930 secs] [Times: user=0.00 sys=0.00, real=0.00 secs] 
328.959: Total time for which application threads were stopped: 0.0005330 seconds, Stopping threads took: 0.0000790 seconds
329.013: Application time: 0.0541340 seconds
329.013: [GC [PSYoungGen: 12669K->160K(13312K)] 23475K->11218K(36352K), 0.0005440 secs] [Times: user=0.00 sys=0.00, real=0.00 secs] 
329.014: Total time for which application threads were stopped: 0.0006830 seconds, Stopping threads took: 0.0000670 seconds
329.051: Application time: 0.0373020 seconds
329.051: [GC [PSYoungGen: 12444K->576K(13312K)] 23502K->11650K(36352K), 0.0004240 secs] [Times: user=0.00 sys=0.00, real=0.01 secs] 
329.052: Total time for which application threads were stopped: 0.0005510 seconds, Stopping threads took: 0.0000620 seconds
329.091: Application time: 0.0391170 seconds
329.091: [GC [PSYoungGen: 12860K->544K(13312K)] 23934K->11830K(36352K), 0.0004830 secs] [Times: user=0.01 sys=0.00, real=0.00 secs] 
329.092: Total time for which application threads were stopped: 0.0005790 seconds, Stopping threads took: 0.0000370 seconds
329.135: Application time: 0.0435440 seconds
329.135: [GC [PSYoungGen: 12831K->672K(12800K)] 24118K->11974K(35840K), 0.0004860 secs] [Times: user=0.00 sys=0.00, real=0.00 secs] 
329.136: Total time for which application threads were stopped: 0.0005910 seconds, Stopping threads took: 0.0000420 seconds
329.186: Application time: 0.0501250 seconds
329.186: [GC [PSYoungGen: 12447K->384K(12288K)] 23749K->11974K(35328K), 0.0004680 secs] [Times: user=0.01 sys=0.00, real=0.00 secs] 
329.186: Total time for which application threads were stopped: 0.0005960 seconds, Stopping threads took: 0.0000600 seconds
329.239: Application time: 0.0525970 seconds
329.239: [GC [PSYoungGen: 12156K->0K(12800K)] 23747K->11811K(35840K), 0.0004030 secs] [Times: user=0.00 sys=0.00, real=0.00 secs] 
329.240: Total time for which application threads were stopped: 0.0005270 seconds, Stopping threads took: 0.0000630 seconds
329.291: Application time: 0.0514950 seconds
329.291: [GC [PSYoungGen: 11773K->0K(12800K)] 23584K->11811K(35840K), 0.0003850 secs] [Times: user=0.00 sys=0.00, real=0.00 secs] 
329.292: Total time for which application threads were stopped: 0.0004910 seconds, Stopping threads took: 0.0000480 seconds
329.342: Application time: 0.0504020 seconds
329.344: [GC [PSYoungGen: 11775K->352K(12800K)] 23586K->12163K(35840K), 0.0004010 secs] [Times: user=0.00 sys=0.00, real=0.00 secs] 
329.344: Total time for which application threads were stopped: 0.0023050 seconds, Stopping threads took: 0.0018330 seconds
329.389: Application time: 0.0448760 seconds
329.389: [GC [PSYoungGen: 12125K->736K(12800K)] 23937K->12563K(35840K), 0.0004510 secs] [Times: user=0.00 sys=0.00, real=0.00 secs] 
329.390: Total time for which application threads were stopped: 0.0005560 seconds, Stopping threads took: 0.0000450 seconds
329.418: Application time: 0.0286900 seconds
329.419: [GC [PSYoungGen: 12508K->544K(12288K)] 24335K->12620K(35328K), 0.0005060 secs] [Times: user=0.00 sys=0.00, real=0.00 secs] 
329.419: Total time for which application threads were stopped: 0.0006280 seconds, Stopping threads took: 0.0000630 seconds
329.455: Application time: 0.0360900 seconds
329.456: [GC [PSYoungGen: 11708K->640K(12800K)] 23784K->12772K(35840K), 0.0004460 secs] [Times: user=0.00 sys=0.00, real=0.00 secs] 
329.456: Total time for which application threads were stopped: 0.0011820 seconds, Stopping threads took: 0.0006760 seconds
329.502: Application time: 0.0458120 seconds
329.502: [GC [PSYoungGen: 11899K->864K(15360K)] 24031K->13092K(38400K), 0.0004180 secs] [Times: user=0.00 sys=0.00, real=0.00 secs] 
329.503: Total time for which application threads were stopped: 0.0005380 seconds, Stopping threads took: 0.0000580 seconds
329.562: Application time: 0.0596530 seconds
329.562: [GC [PSYoungGen: 14687K->384K(15360K)] 26915K->13149K(38400K), 0.0004670 secs] [Times: user=0.00 sys=0.00, real=0.00 secs] 
329.563: Total time for which application threads were stopped: 0.0006070 seconds, Stopping threads took: 0.0000740 seconds
329.624: Application time: 0.0608030 seconds
329.628: [GC [PSYoungGen: 14207K->0K(15360K)] 26973K->12985K(38400K), 0.0003840 secs] [Times: user=0.00 sys=0.00, real=0.00 secs] 
329.628: Total time for which application threads were stopped: 0.0045340 seconds, Stopping threads took: 0.0040850 seconds
329.689: Application time: 0.0609160 seconds
329.689: [GC [PSYoungGen: 13823K->0K(15360K)] 26809K->12985K(38400K), 0.0003540 secs] [Times: user=0.00 sys=0.00, real=0.00 secs] 
329.690: Total time for which application threads were stopped: 0.0005180 seconds, Stopping threads took: 0.0000920 seconds
329.750: Application time: 0.0605730 seconds
329.750: [GC [PSYoungGen: 13819K->0K(15360K)] 26805K->12985K(38400K), 0.0003520 secs] [Times: user=0.00 sys=0.00, real=0.00 secs] 
329.751: Total time for which application threads were stopped: 0.0004710 seconds, Stopping threads took: 0.0000600 seconds
329.795: Application time: 0.0440880 seconds
329.795: [GC [PSYoungGen: 13821K->352K(15360K)] 26807K->13337K(38400K), 0.0003960 secs] [Times: user=0.00 sys=0.00, real=0.00 secs] 
329.795: Total time for which application threads were stopped: 0.0005300 seconds, Stopping threads took: 0.0000700 seconds
329.838: Application time: 0.0428670 seconds
329.838: [GC [PSYoungGen: 14173K->992K(15360K)] 27159K->13985K(38400K), 0.0004680 secs] [Times: user=0.00 sys=0.00, real=0.00 secs] 
329.839: Total time for which application threads were stopped: 0.0005840 seconds, Stopping threads took: 0.0000540 seconds
329.889: Application time: 0.0502790 seconds
329.889: [GC [PSYoungGen: 14813K->480K(15360K)] 27807K->13874K(38400K), 0.0004750 secs] [Times: user=0.00 sys=0.00, real=0.00 secs] 
329.890: Total time for which application threads were stopped: 0.0006060 seconds, Stopping threads took: 0.0000700 seconds
329.949: Application time: 0.0596190 seconds
329.949: [GC [PSYoungGen: 14301K->320K(15360K)] 27696K->14042K(38400K), 0.0004200 secs] [Times: user=0.00 sys=0.00, real=0.00 secs] 
329.950: Total time for which application threads were stopped: 0.0005450 seconds, Stopping threads took: 0.0000670 seconds
330.011: Application time: 0.0608560 seconds
330.011: [GC [PSYoungGen: 14143K->0K(15360K)] 27866K->13935K(38400K), 0.0004190 secs] [Times: user=0.01 sys=0.00, real=0.00 secs] 
330.011: Total time for which application threads were stopped: 0.0005400 seconds, Stopping threads took: 0.0000640 seconds
330.072: Application time: 0.0606600 seconds
330.072: [GC [PSYoungGen: 13823K->0K(15360K)] 27759K->13935K(38400K), 0.0004070 secs] [Times: user=0.00 sys=0.00, real=0.00 secs] 
330.072: Total time for which application threads were stopped: 0.0005180 seconds, Stopping threads took: 0.0000500 seconds
330.133: Application time: 0.0604960 seconds
330.136: [GC [PSYoungGen: 13823K->0K(15360K)] 27759K->13935K(38400K), 0.0003410 secs] [Times: user=0.00 sys=0.00, real=0.00 secs] 
330.136: Total time for which application threads were stopped: 0.0032500 seconds, Stopping threads took: 0.0028490 seconds
330.179: Application time: 0.0424250 seconds
330.179: [GC [PSYoungGen: 13822K->544K(15360K)] 27758K->14479K(38400K), 0.0004400 secs] [Times: user=0.00 sys=0.00, real=0.00 secs] 
330.179: Total time for which application threads were stopped: 0.0005530 seconds, Stopping threads took: 0.0000530 seconds
330.235: Application time: 0.0562870 seconds
330.236: [GC [PSYoungGen: 14367K->512K(15360K)] 28303K->14463K(38400K), 0.0004500 secs] [Times: user=0.00 sys=0.00, real=0.00 secs] 
330.236: Total time for which application threads were stopped: 0.0005930 seconds, Stopping threads took: 0.0000680 seconds
330.294: Application time: 0.0576990 seconds
330.294: [GC [PSYoungGen: 14335K->608K(15360K)] 28286K->14847K(38400K), 0.0004700 secs] [Times: user=0.00 sys=0.00, real=0.00 secs] 
330.294: Total time for which application threads were stopped: 0.0005940 seconds, Stopping threads took: 0.0000630 seconds
330.355: Application time: 0.0609250 seconds
330.355: [GC [PSYoungGen: 14429K->0K(15360K)] 28669K->14688K(38400K), 0.0004380 secs] [Times: user=0.00 sys=0.00, real=0.00 secs] 
330.356: Total time for which application threads were stopped: 0.0005580 seconds, Stopping threads took: 0.0000540 seconds
330.417: Application time: 0.0614310 seconds
330.420: [GC [PSYoungGen: 13821K->0K(15360K)] 28509K->14688K(38400K), 0.0003520 secs] [Times: user=0.00 sys=0.00, real=0.00 secs] 
330.420: Total time for which application threads were stopped: 0.0029520 seconds, Stopping threads took: 0.0025360 seconds
330.482: Application time: 0.0614350 seconds
330.482: [GC [PSYoungGen: 13823K->0K(15360K)] 28512K->14688K(38400K), 0.0006750 secs] [Times: user=0.00 sys=0.00, real=0.00 secs] 
330.483: Total time for which application threads were stopped: 0.0017260 seconds, Stopping threads took: 0.0000830 seconds
330.546: Application time: 0.0625240 seconds
330.546: [GC [PSYoungGen: 13820K->0K(14336K)] 28509K->14688K(37376K), 0.0003880 secs] [Times: user=0.00 sys=0.00, real=0.00 secs] 
330.546: Total time for which application threads were stopped: 0.0004950 seconds, Stopping threads took: 0.0000490 seconds
330.606: Application time: 0.0595240 seconds
330.606: [GC [PSYoungGen: 13823K->288K(14848K)] 28512K->14976K(37888K), 0.0004300 secs] [Times: user=0.00 sys=0.00, real=0.00 secs] 
330.607: Total time for which application threads were stopped: 0.0005700 seconds, Stopping threads took: 0.0000730 seconds
330.657: Application time: 0.0500350 seconds
330.657: [GC [PSYoungGen: 14110K->288K(14848K)] 28799K->15181K(37888K), 0.0004550 secs] [Times: user=0.00 sys=0.00, real=0.00 secs] 
330.657: Total time for which application threads were stopped: 0.0005850 seconds, Stopping threads took: 0.0000700 seconds
330.709: Application time: 0.0518710 seconds
330.709: [GC [PSYoungGen: 14111K->480K(14848K)] 29004K->15445K(37888K), 0.0004210 secs] [Times: user=0.00 sys=0.00, real=0.00 secs] 
330.710: Total time for which application threads were stopped: 0.0005610 seconds, Stopping threads took: 0.0000760 seconds
330.760: Application time: 0.0504030 seconds
330.760: [GC [PSYoungGen: 14299K->512K(14848K)] 29264K->15485K(37888K), 0.0004190 secs] [Times: user=0.00 sys=0.00, real=0.00 secs] 
330.761: Total time for which application threads were stopped: 0.0005550 seconds, Stopping threads took: 0.0000630 seconds
330.799: Application time: 0.0384030 seconds
330.799: [GC [PSYoungGen: 14334K->576K(14848K)] 29307K->15773K(37888K), 0.0004570 secs] [Times: user=0.00 sys=0.00, real=0.00 secs] 
330.800: Total time for which application threads were stopped: 0.0005950 seconds, Stopping threads took: 0.0000700 seconds
330.852: Application time: 0.0522540 seconds
330.852: [GC [PSYoungGen: 14397K->544K(14848K)] 29595K->15757K(37888K), 0.0004350 secs] [Times: user=0.00 sys=0.00, real=0.00 secs] 
330.852: Total time for which application threads were stopped: 0.0005690 seconds, Stopping threads took: 0.0000710 seconds
330.912: Application time: 0.0596600 seconds
330.912: [GC [PSYoungGen: 14365K->352K(14848K)] 29578K->15857K(37888K), 0.0004540 secs] [Times: user=0.00 sys=0.00, real=0.00 secs] 
330.913: Total time for which application threads were stopped: 0.0005960 seconds, Stopping threads took: 0.0000760 seconds
330.973: Application time: 0.0604790 seconds
330.973: [GC [PSYoungGen: 14173K->0K(14848K)] 29679K->15726K(37888K), 0.0003980 secs] [Times: user=0.00 sys=0.00, real=0.00 secs] 
330.974: Total time for which application threads were stopped: 0.0005230 seconds, Stopping threads took: 0.0000600 seconds
331.034: Application time: 0.0604130 seconds
331.034: [GC [PSYoungGen: 13821K->0K(14848K)] 29547K->15726K(37888K), 0.0003460 secs] [Times: user=0.00 sys=0.00, real=0.00 secs] 
331.035: Total time for which application threads were stopped: 0.0004790 seconds, Stopping threads took: 0.0000710 seconds
331.093: Application time: 0.0587370 seconds
331.093: [GC [PSYoungGen: 13823K->512K(14848K)] 29549K->16238K(37888K), 0.0004220 secs] [Times: user=0.01 sys=0.00, real=0.00 secs] 
331.094: Total time for which application threads were stopped: 0.0005400 seconds, Stopping threads took: 0.0000590 seconds
331.146: Application time: 0.0524820 seconds
331.146: [GC [PSYoungGen: 14332K->576K(14848K)] 30059K->16518K(37888K), 0.0004430 secs] [Times: user=0.00 sys=0.00, real=0.00 secs] 
331.147: Total time for which application threads were stopped: 0.0005490 seconds, Stopping threads took: 0.0000430 seconds
331.180: Application time: 0.0332300 seconds
331.180: [GC [PSYoungGen: 14397K->576K(14848K)] 30339K->16787K(37888K), 0.0004740 secs] [Times: user=0.00 sys=0.00, real=0.00 secs] 
331.181: Total time for which application threads were stopped: 0.0005990 seconds, Stopping threads took: 0.0000640 seconds
331.233: Application time: 0.0521040 seconds
331.233: [GC [PSYoungGen: 14399K->864K(14848K)] 30610K->17287K(37888K), 0.0005210 secs] [Times: user=0.00 sys=0.00, real=0.00 secs] 
331.233: Total time for which application threads were stopped: 0.0006280 seconds, Stopping threads took: 0.0000450 seconds
331.292: Application time: 0.0583900 seconds
331.292: [GC [PSYoungGen: 14687K->448K(15360K)] 31110K->17076K(38400K), 0.0005100 secs] [Times: user=0.00 sys=0.00, real=0.00 secs] 
331.292: Total time for which application threads were stopped: 0.0006510 seconds, Stopping threads took: 0.0000690 seconds
331.353: Application time: 0.0608440 seconds
331.353: [GC [PSYoungGen: 14271K->0K(15360K)] 30899K->17181K(38400K), 0.0004550 secs] [Times: user=0.00 sys=0.00, real=0.00 secs] 
331.354: Total time for which application threads were stopped: 0.0006040 seconds, Stopping threads took: 0.0000830 seconds
331.414: Application time: 0.0604750 seconds
331.414: [GC [PSYoungGen: 13823K->0K(15360K)] 31005K->17181K(38400K), 0.0003950 secs] [Times: user=0.00 sys=0.00, real=0.00 secs] 
331.415: Total time for which application threads were stopped: 0.0004980 seconds, Stopping threads took: 0.0000410 seconds
331.472: Application time: 0.0569860 seconds
331.472: [GC [PSYoungGen: 13819K->352K(14336K)] 31000K->17533K(37376K), 0.0004010 secs] [Times: user=0.00 sys=0.00, real=0.00 secs] 
331.472: Total time for which application threads were stopped: 0.0005230 seconds, Stopping threads took: 0.0000610 seconds
331.517: Application time: 0.0450760 seconds
331.518: [GC [PSYoungGen: 14174K->320K(14848K)] 31355K->17509K(37888K), 0.0004570 secs] [Times: user=0.00 sys=0.00, real=0.00 secs] 
331.518: Total time for which application threads were stopped: 0.0005790 seconds, Stopping threads took: 0.0000620 seconds
331.561: Application time: 0.0428760 seconds
331.561: [GC [PSYoungGen: 14143K->576K(14848K)] 31332K->17993K(37888K), 0.0004810 secs] [Times: user=0.00 sys=0.00, real=0.00 secs] 
331.562: Total time for which application threads were stopped: 0.0006070 seconds, Stopping threads took: 0.0000590 seconds
331.614: Application time: 0.0528690 seconds
331.615: [GC [PSYoungGen: 14396K->992K(14336K)] 31813K->18417K(37376K), 0.0004940 secs] [Times: user=0.00 sys=0.00, real=0.00 secs] 
331.615: Total time for which application threads were stopped: 0.0006110 seconds, Stopping threads took: 0.0000550 seconds
331.673: Application time: 0.0581170 seconds
331.673: [GC [PSYoungGen: 14303K->352K(14848K)] 31729K->18394K(37888K), 0.0005090 secs] [Times: user=0.01 sys=0.00, real=0.00 secs] 
331.674: Total time for which application threads were stopped: 0.0006420 seconds, Stopping threads took: 0.0000700 seconds
331.733: Application time: 0.0589850 seconds
331.733: [GC [PSYoungGen: 13661K->0K(14848K)] 31704K->18379K(37888K), 0.0003990 secs] [Times: user=0.00 sys=0.00, real=0.00 secs] 
331.733: Total time for which application threads were stopped: 0.0005270 seconds, Stopping threads took: 0.0000670 seconds
331.792: Application time: 0.0588790 seconds
331.792: [GC [PSYoungGen: 13309K->0K(14848K)] 31688K->18379K(37888K), 0.0003610 secs] [Times: user=0.00 sys=0.00, real=0.00 secs] 
331.793: Total time for which application threads were stopped: 0.0004770 seconds, Stopping threads took: 0.0000560 seconds
331.851: Application time: 0.0584680 seconds
331.851: [GC [PSYoungGen: 13309K->0K(14848K)] 31688K->18379K(37888K), 0.0003810 secs] [Times: user=0.00 sys=0.00, real=0.00 secs] 
331.852: Total time for which application threads were stopped: 0.0005270 seconds, Stopping threads took: 0.0000760 seconds
331.893: Application time: 0.0412500 seconds
331.893: [GC [PSYoungGen: 13308K->512K(14848K)] 31687K->18891K(37888K), 0.0004240 secs] [Times: user=0.00 sys=0.00, real=0.00 secs] 
331.893: Total time for which application threads were stopped: 0.0005340 seconds, Stopping threads took: 0.0000480 seconds
331.946: Application time: 0.0529630 seconds
331.947: [GC [PSYoungGen: 13823K->560K(14848K)] 32202K->18955K(37888K), 0.0005710 secs] [Times: user=0.00 sys=0.00, real=0.00 secs] 
331.947: Total time for which application threads were stopped: 0.0006880 seconds, Stopping threads took: 0.0000540 seconds
332.003: Application time: 0.0560600 seconds
332.003: [GC [PSYoungGen: 13869K->544K(14848K)] 32264K->19251K(37888K), 0.0004830 secs] [Times: user=0.00 sys=0.00, real=0.00 secs] 
332.004: Total time for which application threads were stopped: 0.0006180 seconds, Stopping threads took: 0.0000700 seconds
332.064: Application time: 0.0601770 seconds
332.064: [GC [PSYoungGen: 13853K->0K(14848K)] 32560K->19127K(37888K), 0.0004660 secs] [Times: user=0.00 sys=0.00, real=0.00 secs] 
332.065: Total time for which application threads were stopped: 0.0005910 seconds, Stopping threads took: 0.0000600 seconds
332.124: Application time: 0.0595980 seconds
332.124: [GC [PSYoungGen: 13309K->0K(14848K)] 32437K->19127K(37888K), 0.0003560 secs] [Times: user=0.01 sys=0.00, real=0.00 secs] 
332.125: Total time for which application threads were stopped: 0.0004860 seconds, Stopping threads took: 0.0000660 seconds
332.184: Application time: 0.0592310 seconds
332.188: [GC [PSYoungGen: 13309K->0K(14848K)] 32437K->19127K(37888K), 0.0003670 secs] [Times: user=0.00 sys=0.00, real=0.00 secs] 
332.188: Total time for which application threads were stopped: 0.0043810 seconds, Stopping threads took: 0.0039540 seconds
332.249: Application time: 0.0603600 seconds
332.249: [GC [PSYoungGen: 13312K->0K(13824K)] 32439K->19127K(36864K), 0.0004360 secs] [Times: user=0.01 sys=0.00, real=0.00 secs] 
332.249: Total time for which application threads were stopped: 0.0005490 seconds, Stopping threads took: 0.0000520 seconds
332.307: Application time: 0.0574390 seconds
332.307: [GC [PSYoungGen: 13308K->320K(14336K)] 32436K->19447K(37376K), 0.0004470 secs] [Times: user=0.00 sys=0.00, real=0.00 secs] 
332.307: Total time for which application threads were stopped: 0.0005650 seconds, Stopping threads took: 0.0000590 seconds
332.356: Application time: 0.0490490 seconds
332.356: [GC [PSYoungGen: 13630K->352K(14336K)] 32758K->19692K(37376K), 0.0004920 secs] [Times: user=0.00 sys=0.00, real=0.00 secs] 
332.357: Total time for which application threads were stopped: 0.0006070 seconds, Stopping threads took: 0.0000430 seconds
332.406: Application time: 0.0488070 seconds
332.406: [GC [PSYoungGen: 13663K->288K(14336K)] 33004K->19692K(37376K), 0.0004560 secs] [Times: user=0.00 sys=0.00, real=0.00 secs] 
332.406: Total time for which application threads were stopped: 0.0005880 seconds, Stopping threads took: 0.0000750 seconds
332.459: Application time: 0.0526520 seconds
332.459: [GC [PSYoungGen: 13595K->640K(14336K)] 33000K->20052K(37376K), 0.0004910 secs] [Times: user=0.00 sys=0.00, real=0.00 secs] 
332.459: Total time for which application threads were stopped: 0.0006060 seconds, Stopping threads took: 0.0000580 seconds
332.500: Application time: 0.0408010 seconds
332.500: [GC [PSYoungGen: 13948K->544K(14336K)] 33360K->20172K(37376K), 0.0004550 secs] [Times: user=0.00 sys=0.00, real=0.00 secs] 
332.501: Total time for which application threads were stopped: 0.0005580 seconds, Stopping threads took: 0.0000480 seconds
332.542: Application time: 0.0415540 seconds
332.543: [GC [PSYoungGen: 13853K->352K(14336K)] 33482K->20208K(37376K), 0.0004260 secs] [Times: user=0.00 sys=0.00, real=0.00 secs] 
332.543: Total time for which application threads were stopped: 0.0005490 seconds, Stopping threads took: 0.0000590 seconds
332.599: Application time: 0.0563210 seconds
332.599: [GC [PSYoungGen: 13661K->384K(14336K)] 33518K->20477K(37376K), 0.0004660 secs] [Times: user=0.00 sys=0.00, real=0.00 secs] 
332.600: Total time for which application threads were stopped: 0.0005970 seconds, Stopping threads took: 0.0000650 seconds
332.657: Application time: 0.0575020 seconds
332.657: [GC [PSYoungGen: 13695K->448K(14336K)] 33788K->20786K(37376K), 0.0004470 secs] [Times: user=0.01 sys=0.00, real=0.00 secs] 
332.658: Total time for which application threads were stopped: 0.0005640 seconds, Stopping threads took: 0.0000560 seconds
332.716: Application time: 0.0583420 seconds
332.716: [GC [PSYoungGen: 13757K->0K(14336K)] 34095K->20566K(37376K), 0.0003970 secs] [Times: user=0.00 sys=0.00, real=0.00 secs] 
332.717: Total time for which application threads were stopped: 0.0005090 seconds, Stopping threads took: 0.0000500 seconds
332.773: Application time: 0.0565600 seconds
332.773: [GC [PSYoungGen: 13308K->288K(14336K)] 33875K->20854K(37376K), 0.0004240 secs] [Times: user=0.00 sys=0.00, real=0.00 secs] 
332.774: Total time for which application threads were stopped: 0.0005410 seconds, Stopping threads took: 0.0000510 seconds
332.832: Application time: 0.0582370 seconds
332.832: [GC [PSYoungGen: 13597K->0K(14336K)] 34164K->20779K(37376K), 0.0004510 secs] [Times: user=0.01 sys=0.00, real=0.00 secs] 
332.833: Total time for which application threads were stopped: 0.0005760 seconds, Stopping threads took: 0.0000640 seconds
332.885: Application time: 0.0525430 seconds
332.885: [GC [PSYoungGen: 13310K->544K(14336K)] 34089K->21323K(37376K), 0.0004340 secs] [Times: user=0.00 sys=0.00, real=0.00 secs] 
332.886: Total time for which application threads were stopped: 0.0005600 seconds, Stopping threads took: 0.0000560 seconds
332.921: Application time: 0.0354710 seconds
332.921: [GC [PSYoungGen: 13855K->768K(14336K)] 34634K->21759K(37376K), 0.0005100 secs] [Times: user=0.00 sys=0.00, real=0.00 secs] 
332.922: Total time for which application threads were stopped: 0.0006220 seconds, Stopping threads took: 0.0000520 seconds
332.965: Application time: 0.0433750 seconds
332.965: [GC [PSYoungGen: 14076K->704K(14336K)] 35068K->21791K(37376K), 0.0004950 secs] [Times: user=0.01 sys=0.00, real=0.00 secs] 
332.966: Total time for which application threads were stopped: 0.0006150 seconds, Stopping threads took: 0.0000540 seconds
333.022: Application time: 0.0561140 seconds
333.022: [GC [PSYoungGen: 14014K->544K(14848K)] 35102K->21852K(37888K), 0.0004640 secs] [Times: user=0.00 sys=0.00, real=0.00 secs] 
333.023: Total time for which application threads were stopped: 0.0005960 seconds, Stopping threads took: 0.0000600 seconds
333.081: Application time: 0.0586030 seconds
333.081: [GC [PSYoungGen: 13853K->0K(14848K)] 35161K->21728K(37888K), 0.0004190 secs] [Times: user=0.00 sys=0.00, real=0.00 secs] 
333.082: Total time for which application threads were stopped: 0.0005310 seconds, Stopping threads took: 0.0000520 seconds
333.140: Application time: 0.0582320 seconds
333.140: [GC [PSYoungGen: 13309K->0K(14848K)] 35038K->21728K(37888K), 0.0003930 secs] [Times: user=0.00 sys=0.00, real=0.00 secs] 
333.141: Total time for which application threads were stopped: 0.0005130 seconds, Stopping threads took: 0.0000560 seconds
333.189: Application time: 0.0486840 seconds
333.189: [GC [PSYoungGen: 13310K->384K(13824K)] 35039K->22112K(36864K), 0.0004040 secs] [Times: user=0.00 sys=0.00, real=0.00 secs] 
333.190: Total time for which application threads were stopped: 0.0005390 seconds, Stopping threads took: 0.0000720 seconds
333.236: Application time: 0.0458680 seconds
333.236: [GC [PSYoungGen: 13693K->512K(14336K)] 35422K->22248K(37376K), 0.0004380 secs] [Times: user=0.00 sys=0.00, real=0.00 secs] 
333.236: Total time for which application threads were stopped: 0.0005720 seconds, Stopping threads took: 0.0000700 seconds
333.277: Application time: 0.0408260 seconds
333.280: [GC [PSYoungGen: 13764K->192K(14336K)] 35500K->22272K(37376K), 0.0004700 secs] [Times: user=0.00 sys=0.00, real=0.00 secs] 
333.280: Total time for which application threads were stopped: 0.0033390 seconds, Stopping threads took: 0.0028080 seconds
333.335: Application time: 0.0544880 seconds
333.336: [GC [PSYoungGen: 13503K->800K(13824K)] 35584K->22960K(36864K), 0.0005020 secs] [Times: user=0.01 sys=0.00, real=0.00 secs] 
333.336: Total time for which application threads were stopped: 0.0015570 seconds, Stopping threads took: 0.0009950 seconds
333.390: Application time: 0.0533960 seconds
333.390: [GC [PSYoungGen: 13599K->544K(14336K)] 35760K->23253K(37376K), 0.0005390 secs] [Times: user=0.00 sys=0.00, real=0.00 secs] 
333.390: [Full GC [PSYoungGen: 544K->0K(14336K)] [ParOldGen: 22709K->4447K(22528K)] 23253K->4447K(36864K) [PSPermGen: 5580K->5580K(21504K)], 0.0057520 secs] [Times: user=0.02 sys=0.00, real=0.01 secs] 
333.396: Total time for which application threads were stopped: 0.0064920 seconds, Stopping threads took: 0.0000770 seconds
333.453: Application time: 0.0563580 seconds
333.453: [GC [PSYoungGen: 12799K->0K(14336K)] 17246K->4447K(36864K), 0.0003440 secs] [Times: user=0.00 sys=0.00, real=0.00 secs] 
333.453: Total time for which application threads were stopped: 0.0004640 seconds, Stopping threads took: 0.0000640 seconds
333.510: Application time: 0.0564570 seconds
333.510: [GC [PSYoungGen: 12799K->0K(14336K)] 17246K->4447K(36864K), 0.0003270 secs] [Times: user=0.00 sys=0.00, real=0.00 secs] 
333.510: Total time for which application threads were stopped: 0.0004480 seconds, Stopping threads took: 0.0000650 seconds
333.566: Application time: 0.0560380 seconds
333.566: [GC [PSYoungGen: 12799K->352K(13312K)] 17246K->4799K(35840K), 0.0004130 secs] [Times: user=0.00 sys=0.00, real=0.00 secs] 
333.567: Total time for which application threads were stopped: 0.0005230 seconds, Stopping threads took: 0.0000490 seconds
333.606: Application time: 0.0393600 seconds
333.606: [GC [PSYoungGen: 13151K->544K(13824K)] 17598K->5015K(36352K), 0.0003930 secs] [Times: user=0.00 sys=0.00, real=0.00 secs] 
333.606: Total time for which application threads were stopped: 0.0005120 seconds, Stopping threads took: 0.0000560 seconds
333.658: Application time: 0.0512900 seconds
333.658: [GC [PSYoungGen: 13344K->576K(13824K)] 17815K->5063K(36352K), 0.0004290 secs] [Times: user=0.01 sys=0.00, real=0.00 secs] 
333.658: Total time for which application threads were stopped: 0.0005700 seconds, Stopping threads took: 0.0000770 seconds
333.711: Application time: 0.0530270 seconds
333.711: [GC [PSYoungGen: 13372K->544K(13824K)] 17859K->5315K(36352K), 0.0004640 secs] [Times: user=0.00 sys=0.00, real=0.01 secs] 
333.712: Total time for which application threads were stopped: 0.0006000 seconds, Stopping threads took: 0.0000680 seconds
333.770: Application time: 0.0577270 seconds
333.770: [GC [PSYoungGen: 13341K->0K(13824K)] 18113K->5216K(36352K), 0.0004540 secs] [Times: user=0.00 sys=0.00, real=0.00 secs] 
333.770: Total time for which application threads were stopped: 0.0005750 seconds, Stopping threads took: 0.0000630 seconds
333.827: Application time: 0.0564850 seconds
333.827: [GC [PSYoungGen: 12799K->0K(13824K)] 18015K->5216K(36352K), 0.0003380 secs] [Times: user=0.00 sys=0.00, real=0.00 secs] 
333.827: Total time for which application threads were stopped: 0.0004600 seconds, Stopping threads took: 0.0000590 seconds
333.884: Application time: 0.0565660 seconds
333.884: [GC [PSYoungGen: 12799K->0K(13824K)] 18015K->5216K(36352K), 0.0003350 secs] [Times: user=0.00 sys=0.00, real=0.00 secs] 
333.884: Total time for which application threads were stopped: 0.0004380 seconds, Stopping threads took: 0.0000440 seconds
333.941: Application time: 0.0565110 seconds
333.941: [GC [PSYoungGen: 12799K->0K(13824K)] 18015K->5216K(36352K), 0.0003440 secs] [Times: user=0.00 sys=0.00, real=0.00 secs] 
333.941: Total time for which application threads were stopped: 0.0004740 seconds, Stopping threads took: 0.0000610 seconds
333.997: Application time: 0.0555320 seconds
333.997: [GC [PSYoungGen: 12796K->352K(13824K)] 18013K->5568K(36352K), 0.0003860 secs] [Times: user=0.00 sys=0.00, real=0.00 secs] 
333.997: Total time for which application threads were stopped: 0.0004920 seconds, Stopping threads took: 0.0000470 seconds
334.053: Application time: 0.0558040 seconds
334.053: [GC [PSYoungGen: 13148K->352K(13824K)] 18364K->5592K(36352K), 0.0003550 secs] [Times: user=0.00 sys=0.00, real=0.00 secs] 
334.054: Total time for which application threads were stopped: 0.0004740 seconds, Stopping threads took: 0.0000590 seconds
334.094: Application time: 0.0406780 seconds
334.094: [GC [PSYoungGen: 13147K->416K(13824K)] 18388K->5885K(36352K), 0.0003940 secs] [Times: user=0.00 sys=0.00, real=0.00 secs] 
334.095: Total time for which application threads were stopped: 0.0005210 seconds, Stopping threads took: 0.0000660 seconds
334.147: Application time: 0.0520980 seconds
334.147: [GC [PSYoungGen: 13214K->352K(13824K)] 18683K->5885K(36352K), 0.0003800 secs] [Times: user=0.00 sys=0.00, real=0.00 secs] 
334.147: Total time for which application threads were stopped: 0.0005200 seconds, Stopping threads took: 0.0000770 seconds
334.191: Application time: 0.0439220 seconds
334.191: [GC [PSYoungGen: 13149K->576K(13824K)] 18682K->6125K(36352K), 0.0003880 secs] [Times: user=0.00 sys=0.01, real=0.01 secs] 
334.192: Total time for which application threads were stopped: 0.0005330 seconds, Stopping threads took: 0.0000780 seconds
334.228: Application time: 0.0363550 seconds
334.228: [GC [PSYoungGen: 13375K->544K(13824K)] 18925K->6457K(36352K), 0.0004420 secs] [Times: user=0.01 sys=0.00, real=0.00 secs] 
334.229: Total time for which application threads were stopped: 0.0005530 seconds, Stopping threads took: 0.0000530 seconds
334.275: Application time: 0.0467440 seconds
334.276: [GC [PSYoungGen: 13343K->352K(13824K)] 19257K->6494K(36352K), 0.0004120 secs] [Times: user=0.00 sys=0.00, real=0.00 secs] 
334.276: Total time for which application threads were stopped: 0.0005410 seconds, Stopping threads took: 0.0000620 seconds
334.329: Application time: 0.0533360 seconds
334.329: [GC [PSYoungGen: 13150K->512K(13824K)] 19292K->6710K(36352K), 0.0004390 secs] [Times: user=0.00 sys=0.00, real=0.00 secs] 
334.330: Total time for which application threads were stopped: 0.0005430 seconds, Stopping threads took: 0.0000450 seconds
334.386: Application time: 0.0558570 seconds
334.386: [GC [PSYoungGen: 13311K->0K(13824K)] 19509K->6639K(36352K), 0.0004200 secs] [Times: user=0.00 sys=0.00, real=0.00 secs] 
334.386: Total time for which application threads were stopped: 0.0005300 seconds, Stopping threads took: 0.0000510 seconds
334.443: Application time: 0.0563460 seconds
334.443: [GC [PSYoungGen: 12799K->0K(13824K)] 19438K->6639K(36352K), 0.0003490 secs] [Times: user=0.00 sys=0.00, real=0.00 secs] 
334.443: Total time for which application threads were stopped: 0.0004840 seconds, Stopping threads took: 0.0000660 seconds
334.498: Application time: 0.0544910 seconds
334.498: [GC [PSYoungGen: 12798K->384K(13824K)] 19437K->7023K(36352K), 0.0003490 secs] [Times: user=0.00 sys=0.00, real=0.00 secs] 
334.498: Total time for which application threads were stopped: 0.0004590 seconds, Stopping threads took: 0.0000550 seconds
334.554: Application time: 0.0560570 seconds
334.554: [GC [PSYoungGen: 13183K->0K(13824K)] 19822K->6871K(36352K), 0.0004000 secs] [Times: user=0.00 sys=0.00, real=0.00 secs] 
334.555: Total time for which application threads were stopped: 0.0005420 seconds, Stopping threads took: 0.0000780 seconds
334.605: Application time: 0.0505720 seconds
334.608: [GC [PSYoungGen: 12796K->544K(13824K)] 19668K->7415K(36352K), 0.0004140 secs] [Times: user=0.00 sys=0.00, real=0.00 secs] 
334.608: Total time for which application threads were stopped: 0.0030580 seconds, Stopping threads took: 0.0025850 seconds
334.647: Application time: 0.0388000 seconds
334.647: [GC [PSYoungGen: 13340K->800K(13824K)] 20211K->7883K(36352K), 0.0005520 secs] [Times: user=0.00 sys=0.00, real=0.00 secs] 
334.648: Total time for which application threads were stopped: 0.0006620 seconds, Stopping threads took: 0.0000500 seconds
334.687: Application time: 0.0391300 seconds
334.687: [GC [PSYoungGen: 13595K->768K(14336K)] 20679K->7955K(36864K), 0.0004250 secs] [Times: user=0.01 sys=0.00, real=0.00 secs] 
334.687: Total time for which application threads were stopped: 0.0005250 seconds, Stopping threads took: 0.0000410 seconds
334.741: Application time: 0.0534620 seconds
334.741: [GC [PSYoungGen: 13564K->576K(14336K)] 20752K->7976K(36864K), 0.0004570 secs] [Times: user=0.00 sys=0.00, real=0.00 secs] 
334.741: Total time for which application threads were stopped: 0.0005850 seconds, Stopping threads took: 0.0000690 seconds
334.797: Application time: 0.0552420 seconds
334.797: [GC [PSYoungGen: 13374K->352K(14336K)] 20774K->7973K(36864K), 0.0004010 secs] [Times: user=0.00 sys=0.00, real=0.00 secs] 
334.797: Total time for which application threads were stopped: 0.0005260 seconds, Stopping threads took: 0.0000610 seconds
334.853: Application time: 0.0559220 seconds
334.853: [GC [PSYoungGen: 13151K->0K(14336K)] 20772K->7833K(36864K), 0.0004080 secs] [Times: user=0.00 sys=0.00, real=0.00 secs] 
334.854: Total time for which application threads were stopped: 0.0005210 seconds, Stopping threads took: 0.0000560 seconds
334.903: Application time: 0.0489510 seconds
334.903: [GC [PSYoungGen: 12796K->384K(13312K)] 20629K->8217K(35840K), 0.0004130 secs] [Times: user=0.00 sys=0.00, real=0.00 secs] 
334.903: Total time for which application threads were stopped: 0.0005380 seconds, Stopping threads took: 0.0000620 seconds
334.946: Application time: 0.0430900 seconds
334.946: [GC [PSYoungGen: 13182K->352K(13824K)] 21016K->8193K(36352K), 0.0003690 secs] [Times: user=0.00 sys=0.00, real=0.00 secs] 
334.947: Total time for which application threads were stopped: 0.0005000 seconds, Stopping threads took: 0.0000590 seconds
334.989: Application time: 0.0417680 seconds
334.989: [GC [PSYoungGen: 13148K->352K(13824K)] 20990K->8422K(36352K), 0.0004060 secs] [Times: user=0.00 sys=0.00, real=0.00 secs] 
334.989: Total time for which application threads were stopped: 0.0005100 seconds, Stopping threads took: 0.0000410 seconds
335.037: Application time: 0.0476370 seconds
335.037: [GC [PSYoungGen: 13148K->704K(13824K)] 21218K->8790K(36352K), 0.0004350 secs] [Times: user=0.00 sys=0.00, real=0.00 secs] 
335.037: Total time for which application threads were stopped: 0.0005550 seconds, Stopping threads took: 0.0000570 seconds
335.090: Application time: 0.0531410 seconds
335.090: [GC [PSYoungGen: 13503K->704K(13824K)] 21589K->9010K(36352K), 0.0004890 secs] [Times: user=0.00 sys=0.00, real=0.00 secs] 
335.091: Total time for which application threads were stopped: 0.0006220 seconds, Stopping threads took: 0.0000590 seconds
335.147: Application time: 0.0561050 seconds
335.147: [GC [PSYoungGen: 13503K->0K(13824K)] 21809K->8904K(36352K), 0.0004470 secs] [Times: user=0.00 sys=0.00, real=0.00 secs] 
335.148: Total time for which application threads were stopped: 0.0005670 seconds, Stopping threads took: 0.0000570 seconds
335.204: Application time: 0.0565760 seconds
335.204: [GC [PSYoungGen: 12799K->0K(14336K)] 21703K->8904K(36864K), 0.0003620 secs] [Times: user=0.00 sys=0.00, real=0.00 secs] 
335.205: Total time for which application threads were stopped: 0.0004660 seconds, Stopping threads took: 0.0000440 seconds
335.262: Application time: 0.0573600 seconds
335.262: [GC [PSYoungGen: 12797K->0K(13312K)] 21701K->8904K(35840K), 0.0003520 secs] [Times: user=0.00 sys=0.00, real=0.00 secs] 
335.263: Total time for which application threads were stopped: 0.0004720 seconds, Stopping threads took: 0.0000620 seconds
335.309: Application time: 0.0463950 seconds
335.309: [GC [PSYoungGen: 12795K->384K(13824K)] 21699K->9288K(36352K), 0.0003720 secs] [Times: user=0.00 sys=0.00, real=0.00 secs] 
335.309: Total time for which application threads were stopped: 0.0004930 seconds, Stopping threads took: 0.0000550 seconds
335.354: Application time: 0.0442460 seconds
335.354: [GC [PSYoungGen: 13181K->608K(13824K)] 22085K->9520K(36352K), 0.0004360 secs] [Times: user=0.00 sys=0.00, real=0.00 secs] 
335.354: Total time for which application threads were stopped: 0.0005860 seconds, Stopping threads took: 0.0000870 seconds
335.407: Application time: 0.0530090 seconds
335.407: [GC [PSYoungGen: 13406K->576K(13312K)] 22319K->9764K(35840K), 0.0004900 secs] [Times: user=0.00 sys=0.00, real=0.00 secs] 
335.408: Total time for which application threads were stopped: 0.0006130 seconds, Stopping threads took: 0.0000630 seconds
335.462: Application time: 0.0542570 seconds
335.462: [GC [PSYoungGen: 12860K->0K(13824K)] 22049K->9633K(36352K), 0.0004110 secs] [Times: user=0.01 sys=0.00, real=0.00 secs] 
335.463: Total time for which application threads were stopped: 0.0005310 seconds, Stopping threads took: 0.0000520 seconds
335.517: Application time: 0.0546880 seconds
335.517: [GC [PSYoungGen: 12286K->0K(12800K)] 21920K->9633K(35328K), 0.0003890 secs] [Times: user=0.00 sys=0.00, real=0.00 secs] 
335.519: Total time for which application threads were stopped: 0.0017140 seconds, Stopping threads took: 0.0000550 seconds
335.574: Application time: 0.0544580 seconds
335.574: [GC [PSYoungGen: 12284K->0K(13312K)] 21917K->9633K(35840K), 0.0004020 secs] [Times: user=0.01 sys=0.00, real=0.00 secs] 
335.574: Total time for which application threads were stopped: 0.0005100 seconds, Stopping threads took: 0.0000490 seconds
335.628: Application time: 0.0542850 seconds
335.628: [GC [PSYoungGen: 12284K->0K(13312K)] 21917K->9633K(35840K), 0.0003460 secs] [Times: user=0.00 sys=0.00, real=0.00 secs] 
335.629: Total time for which application threads were stopped: 0.0004810 seconds, Stopping threads took: 0.0000780 seconds
335.683: Application time: 0.0545100 seconds
335.683: [GC [PSYoungGen: 12286K->0K(13312K)] 21920K->9633K(35840K), 0.0003520 secs] [Times: user=0.01 sys=0.00, real=0.01 secs] 
335.684: Total time for which application threads were stopped: 0.0004750 seconds, Stopping threads took: 0.0000600 seconds
335.736: Application time: 0.0524400 seconds
335.736: [GC [PSYoungGen: 12287K->320K(13312K)] 21921K->9953K(35840K), 0.0003910 secs] [Times: user=0.00 sys=0.00, real=0.00 secs] 
335.737: Total time for which application threads were stopped: 0.0005170 seconds, Stopping threads took: 0.0000640 seconds
335.783: Application time: 0.0457230 seconds
335.783: [GC [PSYoungGen: 12605K->320K(13312K)] 22239K->10166K(35840K), 0.0005870 secs] [Times: user=0.00 sys=0.00, real=0.00 secs] 
335.783: Total time for which application threads were stopped: 0.0006880 seconds, Stopping threads took: 0.0000430 seconds
335.826: Application time: 0.0427240 seconds
335.826: [GC [PSYoungGen: 12606K->352K(13312K)] 22452K->10270K(35840K), 0.0003850 secs] [Times: user=0.01 sys=0.00, real=0.00 secs] 
335.826: Total time for which application threads were stopped: 0.0005130 seconds, Stopping threads took: 0.0000580 seconds
335.879: Application time: 0.0525160 seconds
335.879: [GC [PSYoungGen: 12638K->352K(13312K)] 22556K->10286K(35840K), 0.0003770 secs] [Times: user=0.00 sys=0.00, real=0.00 secs] 
335.879: Total time for which application threads were stopped: 0.0005070 seconds, Stopping threads took: 0.0000680 seconds
335.918: Application time: 0.0385110 seconds
335.918: [GC [PSYoungGen: 12639K->384K(13312K)] 22573K->10550K(35840K), 0.0004060 secs] [Times: user=0.00 sys=0.00, real=0.00 secs] 
335.919: Total time for which application threads were stopped: 0.0005200 seconds, Stopping threads took: 0.0000530 seconds
335.954: Application time: 0.0355800 seconds
335.954: [GC [PSYoungGen: 12667K->544K(13312K)] 22833K->10718K(35840K), 0.0004080 secs] [Times: user=0.00 sys=0.00, real=0.00 secs] 
335.955: Total time for which application threads were stopped: 0.0005250 seconds, Stopping threads took: 0.0000610 seconds
336.001: Application time: 0.0460770 seconds
336.004: [GC [PSYoungGen: 12829K->576K(13312K)] 23003K->10758K(35840K), 0.0004030 secs] [Times: user=0.00 sys=0.00, real=0.00 secs] 
336.004: Total time for which application threads were stopped: 0.0035850 seconds, Stopping threads took: 0.0031130 seconds
336.057: Application time: 0.0524920 seconds
336.057: [GC [PSYoungGen: 12862K->384K(13312K)] 23044K->10850K(35840K), 0.0004600 secs] [Times: user=0.00 sys=0.00, real=0.00 secs] 
336.057: Total time for which application threads were stopped: 0.0005650 seconds, Stopping threads took: 0.0000440 seconds
336.111: Application time: 0.0536140 seconds
336.111: [GC [PSYoungGen: 12668K->0K(13312K)] 23135K->10698K(35840K), 0.0003760 secs] [Times: user=0.00 sys=0.00, real=0.00 secs] 
336.111: Total time for which application threads were stopped: 0.0004810 seconds, Stopping threads took: 0.0000440 seconds
336.165: Application time: 0.0535200 seconds
336.165: [GC [PSYoungGen: 12284K->0K(13312K)] 22983K->10698K(35840K), 0.0004050 secs] [Times: user=0.00 sys=0.00, real=0.00 secs] 
336.165: Total time for which application threads were stopped: 0.0005180 seconds, Stopping threads took: 0.0000550 seconds
336.218: Application time: 0.0522240 seconds
336.218: [GC [PSYoungGen: 12286K->320K(13312K)] 22984K->11018K(35840K), 0.0003880 secs] [Times: user=0.00 sys=0.00, real=0.00 secs] 
336.218: Total time for which application threads were stopped: 0.0005010 seconds, Stopping threads took: 0.0000510 seconds
336.272: Application time: 0.0538270 seconds
336.272: [GC [PSYoungGen: 12604K->0K(13312K)] 23303K->10903K(35840K), 0.0004360 secs] [Times: user=0.00 sys=0.00, real=0.00 secs] 
336.273: Total time for which application threads were stopped: 0.0005560 seconds, Stopping threads took: 0.0000590 seconds
336.325: Application time: 0.0518920 seconds
336.325: [GC [PSYoungGen: 12288K->352K(13312K)] 23191K->11255K(35840K), 0.0005100 secs] [Times: user=0.00 sys=0.00, real=0.00 secs] 
336.325: Total time for which application threads were stopped: 0.0006140 seconds, Stopping threads took: 0.0000440 seconds
336.362: Application time: 0.0365420 seconds
336.362: [GC [PSYoungGen: 12638K->544K(13312K)] 23542K->11675K(35840K), 0.0004420 secs] [Times: user=0.01 sys=0.00, real=0.00 secs] 
336.362: Total time for which application threads were stopped: 0.0005630 seconds, Stopping threads took: 0.0000580 seconds
336.398: Application time: 0.0353460 seconds
336.398: [GC [PSYoungGen: 12828K->480K(13312K)] 23959K->11848K(35840K), 0.0005780 secs] [Times: user=0.00 sys=0.00, real=0.00 secs] 
336.398: Total time for which application threads were stopped: 0.0007110 seconds, Stopping threads took: 0.0000630 seconds
336.445: Application time: 0.0467790 seconds
336.445: [GC [PSYoungGen: 12765K->512K(13312K)] 24133K->11936K(35840K), 0.0004030 secs] [Times: user=0.00 sys=0.00, real=0.00 secs] 
336.446: Total time for which application threads were stopped: 0.0005170 seconds, Stopping threads took: 0.0000550 seconds
336.499: Application time: 0.0530640 seconds
336.499: [GC [PSYoungGen: 12795K->352K(12800K)] 24220K->11997K(35328K), 0.0003930 secs] [Times: user=0.00 sys=0.00, real=0.00 secs] 
336.499: Total time for which application threads were stopped: 0.0005020 seconds, Stopping threads took: 0.0000500 seconds
336.553: Application time: 0.0537020 seconds
336.553: [GC [PSYoungGen: 12636K->0K(13312K)] 24281K->11873K(35840K), 0.0004070 secs] [Times: user=0.01 sys=0.00, real=0.00 secs] 
336.553: Total time for which application threads were stopped: 0.0005360 seconds, Stopping threads took: 0.0000540 seconds
336.605: Application time: 0.0514340 seconds
336.605: [GC [PSYoungGen: 12287K->352K(12800K)] 24160K->12225K(35328K), 0.0003770 secs] [Times: user=0.00 sys=0.00, real=0.00 secs] 
336.605: Total time for which application threads were stopped: 0.0004920 seconds, Stopping threads took: 0.0000540 seconds
336.643: Application time: 0.0381040 seconds
336.644: [GC [PSYoungGen: 12620K->192K(13312K)] 24494K->12073K(35840K), 0.0004070 secs] [Times: user=0.00 sys=0.00, real=0.01 secs] 
336.644: Total time for which application threads were stopped: 0.0005300 seconds, Stopping threads took: 0.0000630 seconds
336.695: Application time: 0.0505460 seconds
336.695: [GC [PSYoungGen: 12478K->512K(13312K)] 24360K->12502K(35840K), 0.0003990 secs] [Times: user=0.01 sys=0.00, real=0.00 secs] 
336.695: Total time for which application threads were stopped: 0.0005100 seconds, Stopping threads took: 0.0000540 seconds
336.732: Application time: 0.0373870 seconds
336.736: [GC [PSYoungGen: 12799K->480K(12800K)] 24789K->12614K(35328K), 0.0005490 secs] [Times: user=0.00 sys=0.00, real=0.00 secs] 
336.736: Total time for which application threads were stopped: 0.0040280 seconds, Stopping threads took: 0.0034200 seconds
336.786: Application time: 0.0498890 seconds
336.786: [GC [PSYoungGen: 12768K->576K(13312K)] 24902K->12930K(35840K), 0.0004020 secs] [Times: user=0.00 sys=0.00, real=0.00 secs] 
336.787: Total time for which application threads were stopped: 0.0005110 seconds, Stopping threads took: 0.0000520 seconds
336.838: Application time: 0.0508680 seconds
336.838: [GC [PSYoungGen: 12862K->576K(13312K)] 25217K->13151K(35840K), 0.0004850 secs] [Times: user=0.00 sys=0.00, real=0.00 secs] 
336.838: Total time for which application threads were stopped: 0.0006010 seconds, Stopping threads took: 0.0000520 seconds
336.892: Application time: 0.0540010 seconds
336.892: [GC [PSYoungGen: 12860K->0K(12800K)] 25435K->12992K(35328K), 0.0004080 secs] [Times: user=0.00 sys=0.00, real=0.00 secs] 
336.893: Total time for which application threads were stopped: 0.0005330 seconds, Stopping threads took: 0.0000630 seconds
336.947: Application time: 0.0540230 seconds
336.947: [GC [PSYoungGen: 12286K->0K(13312K)] 25279K->12992K(35840K), 0.0003710 secs] [Times: user=0.00 sys=0.00, real=0.00 secs] 
336.947: Total time for which application threads were stopped: 0.0004800 seconds, Stopping threads took: 0.0000490 seconds
337.001: Application time: 0.0536640 seconds
337.004: [GC [PSYoungGen: 12284K->0K(12800K)] 25276K->12992K(35328K), 0.0003760 secs] [Times: user=0.00 sys=0.00, real=0.00 secs] 
337.004: Total time for which application threads were stopped: 0.0032250 seconds, Stopping threads took: 0.0027860 seconds
337.042: Application time: 0.0380190 seconds
337.042: [GC [PSYoungGen: 12286K->544K(13312K)] 25278K->13536K(35840K), 0.0003940 secs] [Times: user=0.00 sys=0.00, real=0.00 secs] 
337.043: Total time for which application threads were stopped: 0.0004980 seconds, Stopping threads took: 0.0000440 seconds
337.090: Application time: 0.0474170 seconds
337.090: [GC [PSYoungGen: 12831K->384K(13312K)] 25824K->13620K(35840K), 0.0004130 secs] [Times: user=0.00 sys=0.00, real=0.00 secs] 
337.091: Total time for which application threads were stopped: 0.0005390 seconds, Stopping threads took: 0.0000600 seconds
337.141: Application time: 0.0506740 seconds
337.141: [GC [PSYoungGen: 12669K->576K(13312K)] 25906K->13876K(35840K), 0.0004620 secs] [Times: user=0.01 sys=0.00, real=0.00 secs] 
337.142: Total time for which application threads were stopped: 0.0005840 seconds, Stopping threads took: 0.0000500 seconds
337.196: Application time: 0.0540450 seconds
337.196: [GC [PSYoungGen: 12860K->0K(13312K)] 26161K->13742K(35840K), 0.0004610 secs] [Times: user=0.00 sys=0.00, real=0.00 secs] 
337.197: Total time for which application threads were stopped: 0.0005780 seconds, Stopping threads took: 0.0000580 seconds
337.251: Application time: 0.0543870 seconds
337.251: [GC [PSYoungGen: 12284K->0K(13312K)] 26026K->13742K(35840K), 0.0003250 secs] [Times: user=0.00 sys=0.00, real=0.00 secs] 
337.251: Total time for which application threads were stopped: 0.0004450 seconds, Stopping threads took: 0.0000620 seconds
337.306: Application time: 0.0543170 seconds
337.306: [GC [PSYoungGen: 12284K->0K(13312K)] 26026K->13742K(35840K), 0.0003440 secs] [Times: user=0.00 sys=0.00, real=0.00 secs] 
337.306: Total time for which application threads were stopped: 0.0004820 seconds, Stopping threads took: 0.0000750 seconds
337.361: Application time: 0.0544110 seconds
337.361: [GC [PSYoungGen: 12284K->0K(13312K)] 26026K->13742K(35840K), 0.0003880 secs] [Times: user=0.00 sys=0.00, real=0.00 secs] 
337.361: Total time for which application threads were stopped: 0.0005150 seconds, Stopping threads took: 0.0000640 seconds
337.415: Application time: 0.0542420 seconds
337.416: [GC [PSYoungGen: 12284K->0K(13312K)] 26026K->13742K(35840K), 0.0003900 secs] [Times: user=0.00 sys=0.00, real=0.00 secs] 
337.416: Total time for which application threads were stopped: 0.0005170 seconds, Stopping threads took: 0.0000600 seconds
337.468: Application time: 0.0524770 seconds
337.469: [GC [PSYoungGen: 12287K->320K(13312K)] 26029K->14062K(35840K), 0.0004630 secs] [Times: user=0.00 sys=0.00, real=0.00 secs] 
337.469: Total time for which application threads were stopped: 0.0005770 seconds, Stopping threads took: 0.0000550 seconds
337.508: Application time: 0.0389980 seconds
337.508: [GC [PSYoungGen: 12606K->384K(13312K)] 26348K->14346K(35840K), 0.0004410 secs] [Times: user=0.00 sys=0.00, real=0.00 secs] 
337.509: Total time for which application threads were stopped: 0.0005570 seconds, Stopping threads took: 0.0000530 seconds
337.558: Application time: 0.0493870 seconds
337.558: [GC [PSYoungGen: 12669K->352K(13312K)] 26632K->14386K(35840K), 0.0004100 secs] [Times: user=0.00 sys=0.00, real=0.00 secs] 
337.558: Total time for which application threads were stopped: 0.0005330 seconds, Stopping threads took: 0.0000590 seconds
337.607: Application time: 0.0488400 seconds
337.607: [GC [PSYoungGen: 12636K->480K(13312K)] 26671K->14522K(35840K), 0.0004430 secs] [Times: user=0.00 sys=0.00, real=0.00 secs] 
337.608: Total time for which application threads were stopped: 0.0005700 seconds, Stopping threads took: 0.0000540 seconds
337.644: Application time: 0.0360460 seconds
337.644: [GC [PSYoungGen: 12765K->480K(13312K)] 26808K->14743K(35840K), 0.0004630 secs] [Times: user=0.00 sys=0.00, real=0.00 secs] 
337.645: Total time for which application threads were stopped: 0.0005910 seconds, Stopping threads took: 0.0000640 seconds
337.683: Application time: 0.0383170 seconds
337.683: [GC [PSYoungGen: 12763K->480K(13312K)] 27026K->14767K(35840K), 0.0003990 secs] [Times: user=0.00 sys=0.00, real=0.00 secs] 
337.683: Total time for which application threads were stopped: 0.0005310 seconds, Stopping threads took: 0.0000720 seconds
337.733: Application time: 0.0494930 seconds
337.733: [GC [PSYoungGen: 12765K->544K(13312K)] 27053K->14847K(35840K), 0.0004770 secs] [Times: user=0.00 sys=0.00, real=0.00 secs] 
337.733: Total time for which application threads were stopped: 0.0005880 seconds, Stopping threads took: 0.0000500 seconds
337.786: Application time: 0.0525530 seconds
337.786: [GC [PSYoungGen: 12830K->352K(13312K)] 27133K->14931K(35840K), 0.0004130 secs] [Times: user=0.00 sys=0.00, real=0.00 secs] 
337.787: Total time for which application threads were stopped: 0.0005500 seconds, Stopping threads took: 0.0000760 seconds
337.840: Application time: 0.0535890 seconds
337.840: [GC [PSYoungGen: 12636K->0K(13312K)] 27216K->14808K(35840K), 0.0003770 secs] [Times: user=0.00 sys=0.00, real=0.00 secs] 
337.841: Total time for which application threads were stopped: 0.0004990 seconds, Stopping threads took: 0.0000650 seconds
337.893: Application time: 0.0528080 seconds
337.894: [GC [PSYoungGen: 12286K->352K(13312K)] 27094K->15160K(35840K), 0.0003820 secs] [Times: user=0.00 sys=0.00, real=0.00 secs] 
337.894: Total time for which application threads were stopped: 0.0005160 seconds, Stopping threads took: 0.0000720 seconds
337.947: Application time: 0.0530050 seconds
337.947: [GC [PSYoungGen: 12635K->352K(13312K)] 27444K->15184K(35840K), 0.0004040 secs] [Times: user=0.00 sys=0.00, real=0.00 secs] 
337.948: Total time for which application threads were stopped: 0.0005290 seconds, Stopping threads took: 0.0000630 seconds
338.002: Application time: 0.0540510 seconds
338.002: [GC [PSYoungGen: 12638K->0K(13312K)] 27471K->15060K(35840K), 0.0003760 secs] [Times: user=0.00 sys=0.00, real=0.00 secs] 
338.002: Total time for which application threads were stopped: 0.0004920 seconds, Stopping threads took: 0.0000560 seconds
338.048: Application time: 0.0458380 seconds
338.048: [GC [PSYoungGen: 12287K->544K(13312K)] 27348K->15604K(35840K), 0.0004030 secs] [Times: user=0.00 sys=0.00, real=0.00 secs] 
338.048: Total time for which application threads were stopped: 0.0005110 seconds, Stopping threads took: 0.0000510 seconds
338.087: Application time: 0.0381240 seconds
338.087: [GC [PSYoungGen: 12829K->736K(13312K)] 27890K->16045K(35840K), 0.0005290 secs] [Times: user=0.00 sys=0.00, real=0.00 secs] 
338.087: Total time for which application threads were stopped: 0.0006510 seconds, Stopping threads took: 0.0000630 seconds
338.125: Application time: 0.0381860 seconds
338.126: [GC [PSYoungGen: 13019K->352K(13312K)] 28329K->16094K(35840K), 0.0005480 secs] [Times: user=0.00 sys=0.00, real=0.00 secs] 
338.126: Total time for which application threads were stopped: 0.0006860 seconds, Stopping threads took: 0.0000670 seconds
338.176: Application time: 0.0497180 seconds
338.176: [GC [PSYoungGen: 12639K->672K(15872K)] 28382K->16422K(38400K), 0.0004240 secs] [Times: user=0.01 sys=0.00, real=0.00 secs] 
338.176: Total time for which application threads were stopped: 0.0005410 seconds, Stopping threads took: 0.0000540 seconds
338.240: Application time: 0.0641490 seconds
338.241: [GC [PSYoungGen: 15516K->448K(15872K)] 31267K->16419K(38400K), 0.0004040 secs] [Times: user=0.00 sys=0.00, real=0.00 secs] 
338.241: Total time for which application threads were stopped: 0.0005280 seconds, Stopping threads took: 0.0000560 seconds
338.305: Application time: 0.0639340 seconds
338.305: [GC [PSYoungGen: 15295K->384K(15872K)] 31266K->16591K(38400K), 0.0003980 secs] [Times: user=0.00 sys=0.00, real=0.00 secs] 
338.305: Total time for which application threads were stopped: 0.0005190 seconds, Stopping threads took: 0.0000610 seconds
338.353: Application time: 0.0473900 seconds
338.353: [GC [PSYoungGen: 15228K->384K(15872K)] 31435K->16599K(38400K), 0.0003960 secs] [Times: user=0.00 sys=0.00, real=0.00 secs] 
338.353: Total time for which application threads were stopped: 0.0005300 seconds, Stopping threads took: 0.0000730 seconds
338.413: Application time: 0.0594360 seconds
338.413: [GC [PSYoungGen: 15229K->352K(15872K)] 31444K->16788K(38400K), 0.0004140 secs] [Times: user=0.00 sys=0.00, real=0.00 secs] 
338.413: Total time for which application threads were stopped: 0.0005320 seconds, Stopping threads took: 0.0000580 seconds
338.463: Application time: 0.0492030 seconds
338.463: [GC [PSYoungGen: 15200K->544K(15872K)] 31636K->16996K(38400K), 0.0003970 secs] [Times: user=0.00 sys=0.00, real=0.00 secs] 
338.463: Total time for which application threads were stopped: 0.0005200 seconds, Stopping threads took: 0.0000630 seconds
338.523: Application time: 0.0600000 seconds
338.523: [GC [PSYoungGen: 15390K->704K(15872K)] 31842K->17388K(38400K), 0.0004700 secs] [Times: user=0.00 sys=0.00, real=0.00 secs] 
338.524: Total time for which application threads were stopped: 0.0005900 seconds, Stopping threads took: 0.0000540 seconds
338.589: Application time: 0.0650120 seconds
338.589: [GC [PSYoungGen: 15551K->0K(15872K)] 32235K->17304K(38400K), 0.0004600 secs] [Times: user=0.00 sys=0.00, real=0.00 secs] 
338.589: Total time for which application threads were stopped: 0.0005830 seconds, Stopping threads took: 0.0000620 seconds
338.655: Application time: 0.0655780 seconds
338.655: [GC [PSYoungGen: 14847K->0K(15872K)] 32152K->17304K(38400K), 0.0003550 secs] [Times: user=0.00 sys=0.00, real=0.00 secs] 
338.655: Total time for which application threads were stopped: 0.0004840 seconds, Stopping threads took: 0.0000560 seconds
338.721: Application time: 0.0651600 seconds
338.721: [GC [PSYoungGen: 14847K->0K(15872K)] 32152K->17304K(38400K), 0.0003770 secs] [Times: user=0.01 sys=0.00, real=0.00 secs] 
338.721: Total time for which application threads were stopped: 0.0004870 seconds, Stopping threads took: 0.0000500 seconds
338.768: Application time: 0.0473850 seconds
338.769: [GC [PSYoungGen: 14846K->576K(15872K)] 32151K->17880K(38400K), 0.0004470 secs] [Times: user=0.00 sys=0.00, real=0.00 secs] 
338.769: Total time for which application threads were stopped: 0.0005740 seconds, Stopping threads took: 0.0000690 seconds
338.830: Application time: 0.0609890 seconds
338.830: [GC [PSYoungGen: 15420K->320K(15872K)] 32724K->17861K(38400K), 0.0005330 secs] [Times: user=0.00 sys=0.00, real=0.00 secs] 
338.831: Total time for which application threads were stopped: 0.0006810 seconds, Stopping threads took: 0.0000850 seconds
338.893: Application time: 0.0623000 seconds
338.896: [GC [PSYoungGen: 15165K->512K(15872K)] 32707K->18109K(38400K), 0.0004340 secs] [Times: user=0.00 sys=0.00, real=0.00 secs] 
338.896: Total time for which application threads were stopped: 0.0033850 seconds, Stopping threads took: 0.0028910 seconds
338.963: Application time: 0.0663010 seconds
338.963: [GC [PSYoungGen: 15357K->0K(15872K)] 32954K->18042K(38400K), 0.0005210 secs] [Times: user=0.00 sys=0.00, real=0.00 secs] 
338.963: Total time for which application threads were stopped: 0.0006610 seconds, Stopping threads took: 0.0000750 seconds
339.030: Application time: 0.0662530 seconds
339.030: [GC [PSYoungGen: 14845K->0K(15872K)] 32887K->18042K(38400K), 0.0003490 secs] [Times: user=0.00 sys=0.00, real=0.00 secs] 
339.030: Total time for which application threads were stopped: 0.0004600 seconds, Stopping threads took: 0.0000520 seconds
339.096: Application time: 0.0658500 seconds
339.096: [GC [PSYoungGen: 14847K->0K(15872K)] 32889K->18042K(38400K), 0.0003800 secs] [Times: user=0.00 sys=0.00, real=0.00 secs] 
339.096: Total time for which application threads were stopped: 0.0005220 seconds, Stopping threads took: 0.0000810 seconds
339.162: Application time: 0.0655850 seconds
339.162: [GC [PSYoungGen: 14846K->352K(15872K)] 32888K->18394K(38400K), 0.0003790 secs] [Times: user=0.00 sys=0.00, real=0.00 secs] 
339.162: Total time for which application threads were stopped: 0.0005080 seconds, Stopping threads took: 0.0000590 seconds
339.214: Application time: 0.0514230 seconds
339.214: [GC [PSYoungGen: 15196K->544K(15872K)] 33238K->18602K(38400K), 0.0004280 secs] [Times: user=0.00 sys=0.00, real=0.00 secs] 
339.214: Total time for which application threads were stopped: 0.0005580 seconds, Stopping threads took: 0.0000660 seconds
339.273: Application time: 0.0584130 seconds
339.273: [GC [PSYoungGen: 15387K->352K(15872K)] 33445K->18662K(38400K), 0.0004260 secs] [Times: user=0.00 sys=0.00, real=0.00 secs] 
339.273: Total time for which application threads were stopped: 0.0005380 seconds, Stopping threads took: 0.0000500 seconds
339.333: Application time: 0.0592990 seconds
339.336: [GC [PSYoungGen: 15199K->512K(15872K)] 33510K->18838K(38400K), 0.0004300 secs] [Times: user=0.00 sys=0.00, real=0.00 secs] 
339.336: Total time for which application threads were stopped: 0.0035960 seconds, Stopping threads took: 0.0031040 seconds
339.373: Application time: 0.0370640 seconds
339.374: [GC [PSYoungGen: 15359K->576K(15872K)] 33685K->19123K(38400K), 0.0004640 secs] [Times: user=0.00 sys=0.00, real=0.00 secs] 
339.374: Total time for which application threads were stopped: 0.0006090 seconds, Stopping threads took: 0.0000750 seconds
339.432: Application time: 0.0577350 seconds
339.432: [GC [PSYoungGen: 15421K->352K(15872K)] 33968K->19119K(38400K), 0.0004220 secs] [Times: user=0.00 sys=0.00, real=0.00 secs] 
339.432: Total time for which application threads were stopped: 0.0005420 seconds, Stopping threads took: 0.0000610 seconds
339.495: Application time: 0.0629380 seconds
339.495: [GC [PSYoungGen: 15196K->544K(15872K)] 33964K->19383K(38400K), 0.0004330 secs] [Times: user=0.00 sys=0.00, real=0.00 secs] 
339.496: Total time for which application threads were stopped: 0.0005650 seconds, Stopping threads took: 0.0000640 seconds
339.561: Application time: 0.0650600 seconds
339.561: [GC [PSYoungGen: 15391K->0K(15872K)] 34231K->19284K(38400K), 0.0004730 secs] [Times: user=0.00 sys=0.00, real=0.00 secs] 
339.561: Total time for which application threads were stopped: 0.0006130 seconds, Stopping threads took: 0.0000760 seconds
339.626: Application time: 0.0643910 seconds
339.626: [GC [PSYoungGen: 14844K->384K(15872K)] 34129K->19668K(38400K), 0.0004020 secs] [Times: user=0.01 sys=0.00, real=0.00 secs] 
339.626: Total time for which application threads were stopped: 0.0005250 seconds, Stopping threads took: 0.0000580 seconds
339.692: Application time: 0.0654100 seconds
339.692: [GC [PSYoungGen: 15229K->0K(15872K)] 34513K->19496K(38400K), 0.0004410 secs] [Times: user=0.01 sys=0.00, real=0.00 secs] 
339.692: Total time for which application threads were stopped: 0.0005600 seconds, Stopping threads took: 0.0000480 seconds
339.756: Application time: 0.0640910 seconds
339.757: [GC [PSYoungGen: 14844K->352K(15872K)] 34341K->19848K(38400K), 0.0004350 secs] [Times: user=0.00 sys=0.00, real=0.00 secs] 
339.758: Total time for which application threads were stopped: 0.0014570 seconds, Stopping threads took: 0.0009590 seconds
339.803: Application time: 0.0452450 seconds
339.803: [GC [PSYoungGen: 15198K->992K(15872K)] 34695K->20497K(38400K), 0.0005510 secs] [Times: user=0.00 sys=0.01, real=0.01 secs] 
339.804: Total time for which application threads were stopped: 0.0006680 seconds, Stopping threads took: 0.0000530 seconds
339.847: Application time: 0.0436530 seconds
339.848: [GC [PSYoungGen: 15840K->480K(15360K)] 35344K->20446K(37888K), 0.0005570 secs] [Times: user=0.00 sys=0.00, real=0.00 secs] 
339.848: Total time for which application threads were stopped: 0.0006820 seconds, Stopping threads took: 0.0000610 seconds
339.911: Application time: 0.0624890 seconds
339.912: [GC [PSYoungGen: 15326K->512K(15872K)] 35292K->20494K(38400K), 0.0004520 secs] [Times: user=0.00 sys=0.00, real=0.00 secs] 
339.912: Total time for which application threads were stopped: 0.0016970 seconds, Stopping threads took: 0.0011870 seconds
339.977: Application time: 0.0651410 seconds
339.978: [GC [PSYoungGen: 15359K->0K(15872K)] 35341K->20410K(38400K), 0.0004560 secs] [Times: user=0.00 sys=0.00, real=0.00 secs] 
339.978: Total time for which application threads were stopped: 0.0005940 seconds, Stopping threads took: 0.0000680 seconds
340.037: Application time: 0.0590030 seconds
340.037: [GC [PSYoungGen: 14846K->416K(15872K)] 35257K->20826K(38400K), 0.0004340 secs] [Times: user=0.00 sys=0.00, real=0.00 secs] 
340.038: Total time for which application threads were stopped: 0.0005670 seconds, Stopping threads took: 0.0000700 seconds
340.089: Application time: 0.0518080 seconds
340.090: [GC [PSYoungGen: 15263K->288K(15872K)] 35674K->20706K(38400K), 0.0004440 secs] [Times: user=0.00 sys=0.00, real=0.00 secs] 
340.090: Total time for which application threads were stopped: 0.0005640 seconds, Stopping threads took: 0.0000580 seconds
340.147: Application time: 0.0567970 seconds
340.147: [GC [PSYoungGen: 15133K->512K(15872K)] 35552K->20946K(38400K), 0.0004050 secs] [Times: user=0.01 sys=0.00, real=0.00 secs] 
340.147: Total time for which application threads were stopped: 0.0005320 seconds, Stopping threads took: 0.0000590 seconds
340.200: Application time: 0.0523620 seconds
340.200: [GC [PSYoungGen: 15359K->384K(15872K)] 35794K->21047K(38400K), 0.0004330 secs] [Times: user=0.00 sys=0.00, real=0.00 secs] 
340.200: Total time for which application threads were stopped: 0.0005870 seconds, Stopping threads took: 0.0000800 seconds
340.261: Application time: 0.0602240 seconds
340.264: [GC [PSYoungGen: 15227K->736K(15872K)] 35890K->21415K(38400K), 0.0004850 secs] [Times: user=0.00 sys=0.00, real=0.00 secs] 
340.264: Total time for which application threads were stopped: 0.0038250 seconds, Stopping threads took: 0.0032790 seconds
340.330: Application time: 0.0660320 seconds
340.330: [GC [PSYoungGen: 15581K->0K(15872K)] 36260K->21292K(38400K), 0.0004750 secs] [Times: user=0.00 sys=0.00, real=0.00 secs] 
340.331: Total time for which application threads were stopped: 0.0005920 seconds, Stopping threads took: 0.0000520 seconds
340.396: Application time: 0.0653710 seconds
340.396: [GC [PSYoungGen: 14847K->0K(15872K)] 36140K->21292K(38400K), 0.0004290 secs] [Times: user=0.00 sys=0.00, real=0.00 secs] 
340.397: Total time for which application threads were stopped: 0.0005540 seconds, Stopping threads took: 0.0000600 seconds
340.461: Application time: 0.0637180 seconds
340.464: [GC [PSYoungGen: 14845K->224K(15872K)] 36137K->21516K(38400K), 0.0003940 secs] [Times: user=0.00 sys=0.00, real=0.00 secs] 
340.464: Total time for which application threads were stopped: 0.0036170 seconds, Stopping threads took: 0.0031630 seconds
340.510: Application time: 0.0459360 seconds
340.510: Total time for which application threads were stopped: 0.0000780 seconds, Stopping threads took: 0.0000550 seconds
340.510: Application time: 0.0000570 seconds
340.510: [GC [PSYoungGen: 15003K->448K(15872K)] 36424K->21940K(38400K), 0.0004310 secs] [Times: user=0.00 sys=0.00, real=0.00 secs] 
340.511: Total time for which application threads were stopped: 0.0005010 seconds, Stopping threads took: 0.0000230 seconds
340.575: Application time: 0.0643350 seconds
340.575: [GC [PSYoungGen: 15296K->384K(15872K)] 36907K->22231K(38400K), 0.0004560 secs] [Times: user=0.00 sys=0.00, real=0.00 secs] 
340.577: Total time for which application threads were stopped: 0.0016970 seconds, Stopping threads took: 0.0000810 seconds
340.641: Application time: 0.0638980 seconds
340.641: [GC [PSYoungGen: 15231K->512K(15872K)] 37079K->22432K(38400K), 0.0004370 secs] [Times: user=0.01 sys=0.00, real=0.00 secs] 
340.641: Total time for which application threads were stopped: 0.0005580 seconds, Stopping threads took: 0.0000580 seconds
340.707: Application time: 0.0654390 seconds
340.707: [GC [PSYoungGen: 15359K->0K(15872K)] 37279K->22296K(38400K), 0.0004120 secs] [Times: user=0.00 sys=0.00, real=0.00 secs] 
340.707: [Full GC [PSYoungGen: 0K->0K(15872K)] [ParOldGen: 22296K->4447K(22528K)] 22296K->4447K(38400K) [PSPermGen: 5580K->5580K(21504K)], 0.0058390 secs] [Times: user=0.03 sys=0.00, real=0.01 secs] 
340.713: Total time for which application threads were stopped: 0.0064460 seconds, Stopping threads took: 0.0000720 seconds
340.780: Application time: 0.0670980 seconds
340.780: [GC [PSYoungGen: 14845K->0K(15872K)] 19293K->4447K(38400K), 0.0003530 secs] [Times: user=0.01 sys=0.00, real=0.00 secs] 
340.781: Total time for which application threads were stopped: 0.0004830 seconds, Stopping threads took: 0.0000700 seconds
340.847: Application time: 0.0663270 seconds
340.847: [GC [PSYoungGen: 14845K->0K(15872K)] 19293K->4447K(38400K), 0.0003400 secs] [Times: user=0.00 sys=0.00, real=0.00 secs] 
340.848: Total time for which application threads were stopped: 0.0005060 seconds, Stopping threads took: 0.0001050 seconds
340.908: Application time: 0.0604770 seconds
340.908: [GC [PSYoungGen: 14844K->512K(15872K)] 19292K->4959K(38400K), 0.0003670 secs] [Times: user=0.00 sys=0.00, real=0.00 secs] 
340.909: Total time for which application threads were stopped: 0.0004920 seconds, Stopping threads took: 0.0000650 seconds
340.958: Application time: 0.0494680 seconds
340.958: [GC [PSYoungGen: 15357K->576K(15872K)] 19805K->5031K(38400K), 0.0004050 secs] [Times: user=0.00 sys=0.00, real=0.00 secs] 
340.959: Total time for which application threads were stopped: 0.0005380 seconds, Stopping threads took: 0.0000720 seconds
341.023: Application time: 0.0642150 seconds
341.023: [GC [PSYoungGen: 15420K->288K(15872K)] 19876K->4980K(38400K), 0.0004560 secs] [Times: user=0.00 sys=0.00, real=0.00 secs] 
341.023: Total time for which application threads were stopped: 0.0005770 seconds, Stopping threads took: 0.0000570 seconds
341.079: Application time: 0.0558780 seconds
341.079: [GC [PSYoungGen: 15132K->480K(15872K)] 19824K->5376K(38400K), 0.0004930 secs] [Times: user=0.00 sys=0.00, real=0.00 secs] 
341.080: Total time for which application threads were stopped: 0.0006100 seconds, Stopping threads took: 0.0000590 seconds
341.121: Application time: 0.0413250 seconds
341.121: [GC [PSYoungGen: 15323K->480K(15872K)] 20220K->5384K(38400K), 0.0003890 secs] [Times: user=0.00 sys=0.00, real=0.00 secs] 
341.122: Total time for which application threads were stopped: 0.0005220 seconds, Stopping threads took: 0.0000660 seconds
341.181: Application time: 0.0595590 seconds
341.181: [GC [PSYoungGen: 15323K->576K(15872K)] 20228K->5488K(38400K), 0.0004270 secs] [Times: user=0.00 sys=0.00, real=0.00 secs] 
341.182: Total time for which application threads were stopped: 0.0005700 seconds, Stopping threads took: 0.0000750 seconds
341.246: Application time: 0.0642270 seconds
341.246: [GC [PSYoungGen: 15423K->384K(15872K)] 20336K->5573K(38400K), 0.0004160 secs] [Times: user=0.01 sys=0.00, real=0.00 secs] 
341.247: Total time for which application threads were stopped: 0.0005800 seconds, Stopping threads took: 0.0000920 seconds
341.313: Application time: 0.0661470 seconds
341.313: [GC [PSYoungGen: 15229K->0K(15872K)] 20418K->5417K(38400K), 0.0003830 secs] [Times: user=0.00 sys=0.00, real=0.00 secs] 
341.313: Total time for which application threads were stopped: 0.0005080 seconds, Stopping threads took: 0.0000660 seconds
341.377: Application time: 0.0633940 seconds
341.377: [GC [PSYoungGen: 14847K->320K(15872K)] 20264K->5737K(38400K), 0.0004150 secs] [Times: user=0.01 sys=0.00, real=0.00 secs] 
341.377: Total time for which application threads were stopped: 0.0005360 seconds, Stopping threads took: 0.0000620 seconds
341.443: Application time: 0.0656770 seconds
341.443: [GC [PSYoungGen: 15167K->0K(15872K)] 20584K->5641K(38400K), 0.0003920 secs] [Times: user=0.00 sys=0.00, real=0.00 secs] 
341.443: Total time for which application threads were stopped: 0.0005090 seconds, Stopping threads took: 0.0000570 seconds
341.507: Application time: 0.0636640 seconds
341.507: [GC [PSYoungGen: 14848K->448K(15872K)] 20489K->6089K(38400K), 0.0003640 secs] [Times: user=0.01 sys=0.00, real=0.00 secs] 
341.508: Total time for which application threads were stopped: 0.0004970 seconds, Stopping threads took: 0.0000650 seconds
341.554: Application time: 0.0464530 seconds
341.554: [GC [PSYoungGen: 15295K->608K(15872K)] 20937K->6478K(38400K), 0.0004480 secs] [Times: user=0.00 sys=0.00, real=0.00 secs] 
341.555: Total time for which application threads were stopped: 0.0005720 seconds, Stopping threads took: 0.0000640 seconds
341.599: Application time: 0.0444390 seconds
341.599: [GC [PSYoungGen: 15454K->576K(15872K)] 21325K->6698K(38400K), 0.0004760 secs] [Times: user=0.00 sys=0.00, real=0.00 secs] 
341.600: Total time for which application threads were stopped: 0.0006110 seconds, Stopping threads took: 0.0000710 seconds
341.662: Application time: 0.0619230 seconds
341.662: [GC [PSYoungGen: 15421K->544K(15872K)] 21544K->6722K(38400K), 0.0004110 secs] [Times: user=0.00 sys=0.00, real=0.00 secs] 
341.662: Total time for which application threads were stopped: 0.0005340 seconds, Stopping threads took: 0.0000590 seconds
341.727: Application time: 0.0646700 seconds
341.727: [GC [PSYoungGen: 15391K->288K(15872K)] 21569K->6682K(38400K), 0.0004440 secs] [Times: user=0.00 sys=0.00, real=0.00 secs] 
341.727: Total time for which application threads were stopped: 0.0005710 seconds, Stopping threads took: 0.0000630 seconds
341.777: Application time: 0.0495260 seconds
341.777: [GC [PSYoungGen: 15134K->352K(15872K)] 21529K->6975K(38400K), 0.0003940 secs] [Times: user=0.01 sys=0.00, real=0.00 secs] 
341.777: Total time for which application threads were stopped: 0.0005090 seconds, Stopping threads took: 0.0000470 seconds
341.838: Application time: 0.0603490 seconds
341.838: [GC [PSYoungGen: 15199K->320K(15872K)] 21822K->6967K(38400K), 0.0004990 secs] [Times: user=0.00 sys=0.00, real=0.00 secs] 
341.838: Total time for which application threads were stopped: 0.0006230 seconds, Stopping threads took: 0.0000600 seconds
341.887: Application time: 0.0490180 seconds
341.888: [GC [PSYoungGen: 15164K->512K(15872K)] 21811K->7167K(38400K), 0.0004730 secs] [Times: user=0.00 sys=0.00, real=0.00 secs] 
341.888: Total time for which application threads were stopped: 0.0005900 seconds, Stopping threads took: 0.0000520 seconds
341.947: Application time: 0.0587020 seconds
341.948: [GC [PSYoungGen: 15359K->512K(15872K)] 22014K->7379K(38400K), 0.0004350 secs] [Times: user=0.00 sys=0.00, real=0.00 secs] 
341.948: Total time for which application threads were stopped: 0.0015660 seconds, Stopping threads took: 0.0010730 seconds
342.010: Application time: 0.0612380 seconds
342.010: [GC [PSYoungGen: 15358K->704K(15872K)] 22226K->7587K(38400K), 0.0004770 secs] [Times: user=0.00 sys=0.00, real=0.00 secs] 
342.010: Total time for which application threads were stopped: 0.0006010 seconds, Stopping threads took: 0.0000630 seconds
342.076: Application time: 0.0655290 seconds
342.076: [GC [PSYoungGen: 15551K->0K(15872K)] 22435K->7489K(38400K), 0.0004890 secs] [Times: user=0.00 sys=0.00, real=0.00 secs] 
342.076: Total time for which application threads were stopped: 0.0006400 seconds, Stopping threads took: 0.0000840 seconds
342.142: Application time: 0.0654550 seconds
342.142: [GC [PSYoungGen: 14847K->0K(15872K)] 22336K->7489K(38400K), 0.0003380 secs] [Times: user=0.01 sys=0.00, real=0.00 secs] 
342.142: Total time for which application threads were stopped: 0.0004970 seconds, Stopping threads took: 0.0000920 seconds
342.197: Application time: 0.0549360 seconds
342.197: [GC [PSYoungGen: 14845K->544K(15872K)] 22335K->8033K(38400K), 0.0004910 secs] [Times: user=0.00 sys=0.00, real=0.00 secs] 
342.198: Total time for which application threads were stopped: 0.0006110 seconds, Stopping threads took: 0.0000570 seconds
342.252: Application time: 0.0541060 seconds
342.252: [GC [PSYoungGen: 15389K->384K(15872K)] 22878K->8137K(38400K), 0.0004110 secs] [Times: user=0.00 sys=0.00, real=0.00 secs] 
342.252: Total time for which application threads were stopped: 0.0005350 seconds, Stopping threads took: 0.0000660 seconds
342.315: Application time: 0.0622640 seconds
342.315: [GC [PSYoungGen: 15231K->544K(15872K)] 22984K->8353K(38400K), 0.0004530 secs] [Times: user=0.00 sys=0.00, real=0.00 secs] 
342.315: Total time for which application threads were stopped: 0.0005710 seconds, Stopping threads took: 0.0000520 seconds
342.381: Application time: 0.0657870 seconds
342.381: [GC [PSYoungGen: 15391K->0K(15872K)] 23200K->8254K(38400K), 0.0004370 secs] [Times: user=0.00 sys=0.00, real=0.00 secs] 
342.382: Total time for which application threads were stopped: 0.0005430 seconds, Stopping threads took: 0.0000480 seconds
342.447: Application time: 0.0657320 seconds
342.448: [GC [PSYoungGen: 14847K->0K(15872K)] 23101K->8254K(38400K), 0.0003600 secs] [Times: user=0.00 sys=0.00, real=0.00 secs] 
342.448: Total time for which application threads were stopped: 0.0004940 seconds, Stopping threads took: 0.0000720 seconds
342.514: Application time: 0.0663450 seconds
342.514: [GC [PSYoungGen: 14847K->0K(15872K)] 23101K->8254K(38400K), 0.0003480 secs] [Times: user=0.00 sys=0.00, real=0.00 secs] 
342.515: Total time for which application threads were stopped: 0.0004720 seconds, Stopping threads took: 0.0000620 seconds
342.581: Application time: 0.0658800 seconds
342.581: [GC [PSYoungGen: 14847K->0K(15872K)] 23101K->8254K(38400K), 0.0003890 secs] [Times: user=0.00 sys=0.00, real=0.00 secs] 
342.581: Total time for which application threads were stopped: 0.0005030 seconds, Stopping threads took: 0.0000470 seconds
342.637: Application time: 0.0563380 seconds
342.638: [GC [PSYoungGen: 14846K->672K(15872K)] 23100K->8926K(38400K), 0.0004490 secs] [Times: user=0.00 sys=0.00, real=0.00 secs] 
342.638: Total time for which application threads were stopped: 0.0005710 seconds, Stopping threads took: 0.0000600 seconds
342.692: Application time: 0.0538890 seconds
342.696: [GC [PSYoungGen: 15517K->352K(15872K)] 23771K->8870K(38400K), 0.0004170 secs] [Times: user=0.00 sys=0.00, real=0.00 secs] 
342.696: Total time for which application threads were stopped: 0.0043970 seconds, Stopping threads took: 0.0039180 seconds
342.760: Application time: 0.0638840 seconds
342.760: [GC [PSYoungGen: 15198K->352K(15872K)] 23716K->8894K(38400K), 0.0003690 secs] [Times: user=0.00 sys=0.00, real=0.00 secs] 
342.761: Total time for which application threads were stopped: 0.0004810 seconds, Stopping threads took: 0.0000500 seconds
342.807: Application time: 0.0463370 seconds
342.807: [GC [PSYoungGen: 15196K->576K(15872K)] 23738K->9330K(38400K), 0.0004240 secs] [Times: user=0.00 sys=0.00, real=0.00 secs] 
342.808: Total time for which application threads were stopped: 0.0005280 seconds, Stopping threads took: 0.0000460 seconds
342.853: Application time: 0.0450870 seconds
342.853: [GC [PSYoungGen: 15423K->528K(15872K)] 24178K->9314K(38400K), 0.0004320 secs] [Times: user=0.00 sys=0.00, real=0.00 secs] 
342.853: Total time for which application threads were stopped: 0.0005620 seconds, Stopping threads took: 0.0000550 seconds
342.915: Application time: 0.0617070 seconds
342.915: [GC [PSYoungGen: 15373K->512K(15872K)] 24160K->9370K(38400K), 0.0004180 secs] [Times: user=0.00 sys=0.00, real=0.00 secs] 
342.915: Total time for which application threads were stopped: 0.0005300 seconds, Stopping threads took: 0.0000520 seconds
342.980: Application time: 0.0646490 seconds
342.980: [GC [PSYoungGen: 15359K->0K(15872K)] 24218K->9423K(38400K), 0.0004400 secs] [Times: user=0.00 sys=0.00, real=0.00 secs] 
342.981: Total time for which application threads were stopped: 0.0005510 seconds, Stopping threads took: 0.0000520 seconds
343.045: Application time: 0.0644730 seconds
343.045: [GC [PSYoungGen: 14848K->160K(15872K)] 24271K->9583K(38400K), 0.0003800 secs] [Times: user=0.01 sys=0.00, real=0.00 secs] 
343.046: Total time for which application threads were stopped: 0.0004880 seconds, Stopping threads took: 0.0000480 seconds
343.109: Application time: 0.0635810 seconds
343.109: [GC [PSYoungGen: 15006K->384K(15872K)] 24429K->9831K(38400K), 0.0003840 secs] [Times: user=0.00 sys=0.00, real=0.00 secs] 
343.110: Total time for which application threads were stopped: 0.0005070 seconds, Stopping threads took: 0.0000630 seconds
343.175: Application time: 0.0651310 seconds
343.175: [GC [PSYoungGen: 15231K->0K(15872K)] 24678K->9663K(38400K), 0.0003650 secs] [Times: user=0.00 sys=0.00, real=0.00 secs] 
343.175: Total time for which application threads were stopped: 0.0004770 seconds, Stopping threads took: 0.0000500 seconds
343.234: Application time: 0.0586480 seconds
343.234: [GC [PSYoungGen: 14844K->640K(15872K)] 24508K->10303K(38400K), 0.0004760 secs] [Times: user=0.00 sys=0.00, real=0.00 secs] 
343.235: Total time for which application threads were stopped: 0.0005900 seconds, Stopping threads took: 0.0000560 seconds
343.282: Application time: 0.0479020 seconds
343.283: [GC [PSYoungGen: 15487K->320K(15872K)] 25151K->10384K(38400K), 0.0005050 secs] [Times: user=0.00 sys=0.00, real=0.00 secs] 
343.283: Total time for which application threads were stopped: 0.0006220 seconds, Stopping threads took: 0.0000520 seconds
343.328: Application time: 0.0453790 seconds
343.329: [GC [PSYoungGen: 15165K->384K(15872K)] 25230K->10717K(38400K), 0.0004420 secs] [Times: user=0.00 sys=0.00, real=0.00 secs] 
343.329: Total time for which application threads were stopped: 0.0005540 seconds, Stopping threads took: 0.0000520 seconds
343.393: Application time: 0.0635090 seconds
343.393: [GC [PSYoungGen: 15230K->256K(15872K)] 25563K->10793K(38400K), 0.0004650 secs] [Times: user=0.01 sys=0.00, real=0.00 secs] 
343.393: Total time for which application threads were stopped: 0.0005890 seconds, Stopping threads took: 0.0000530 seconds
343.457: Application time: 0.0638330 seconds
343.457: [GC [PSYoungGen: 15100K->352K(15872K)] 25638K->11110K(38400K), 0.0004300 secs] [Times: user=0.00 sys=0.00, real=0.00 secs] 
343.458: Total time for which application threads were stopped: 0.0005690 seconds, Stopping threads took: 0.0000740 seconds
343.504: Application time: 0.0459930 seconds
343.504: [GC [PSYoungGen: 15195K->352K(15872K)] 25953K->11330K(38400K), 0.0004020 secs] [Times: user=0.00 sys=0.00, real=0.01 secs] 
343.504: Total time for which application threads were stopped: 0.0005210 seconds, Stopping threads took: 0.0000600 seconds
343.568: Application time: 0.0641790 seconds
343.568: [GC [PSYoungGen: 15199K->352K(15872K)] 26178K->11362K(38400K), 0.0003970 secs] [Times: user=0.00 sys=0.00, real=0.00 secs] 
343.569: Total time for which application threads were stopped: 0.0005250 seconds, Stopping threads took: 0.0000630 seconds
343.616: Application time: 0.0469010 seconds
343.616: [GC [PSYoungGen: 15198K->384K(15872K)] 26209K->11615K(38400K), 0.0004650 secs] [Times: user=0.00 sys=0.00, real=0.00 secs] 
343.616: Total time for which application threads were stopped: 0.0005770 seconds, Stopping threads took: 0.0000510 seconds
343.677: Application time: 0.0603390 seconds
343.677: [GC [PSYoungGen: 15228K->576K(15872K)] 26460K->11815K(38400K), 0.0004190 secs] [Times: user=0.00 sys=0.00, real=0.00 secs] 
343.677: Total time for which application threads were stopped: 0.0005440 seconds, Stopping threads took: 0.0000630 seconds
343.740: Application time: 0.0631200 seconds
343.740: [GC [PSYoungGen: 15420K->384K(15872K)] 26660K->12043K(38400K), 0.0004190 secs] [Times: user=0.01 sys=0.00, real=0.00 secs] 
343.741: Total time for which application threads were stopped: 0.0005210 seconds, Stopping threads took: 0.0000390 seconds
343.806: Application time: 0.0650350 seconds
343.806: [GC [PSYoungGen: 15231K->0K(15872K)] 26891K->11883K(38400K), 0.0004100 secs] [Times: user=0.00 sys=0.00, real=0.00 secs] 
343.806: Total time for which application threads were stopped: 0.0005360 seconds, Stopping threads took: 0.0000640 seconds
343.871: Application time: 0.0650900 seconds
343.872: [GC [PSYoungGen: 14847K->0K(15872K)] 26731K->11883K(38400K), 0.0004450 secs] [Times: user=0.00 sys=0.00, real=0.01 secs] 
343.872: Total time for which application threads were stopped: 0.0005670 seconds, Stopping threads took: 0.0000570 seconds
343.924: Application time: 0.0518200 seconds
343.924: [GC [PSYoungGen: 14846K->576K(15872K)] 26730K->12460K(38400K), 0.0004200 secs] [Times: user=0.01 sys=0.00, real=0.00 secs] 
343.924: Total time for which application threads were stopped: 0.0005430 seconds, Stopping threads took: 0.0000510 seconds
343.981: Application time: 0.0564320 seconds
343.981: [GC [PSYoungGen: 15421K->352K(15872K)] 27305K->12496K(38400K), 0.0004400 secs] [Times: user=0.01 sys=0.00, real=0.00 secs] 
343.981: Total time for which application threads were stopped: 0.0005580 seconds, Stopping threads took: 0.0000530 seconds
344.044: Application time: 0.0621610 seconds
344.044: [GC [PSYoungGen: 15199K->576K(15872K)] 27344K->12776K(38400K), 0.0004400 secs] [Times: user=0.00 sys=0.00, real=0.01 secs] 
344.044: Total time for which application threads were stopped: 0.0005680 seconds, Stopping threads took: 0.0000620 seconds
344.110: Application time: 0.0659630 seconds
344.112: [GC [PSYoungGen: 15423K->0K(15872K)] 27623K->12645K(38400K), 0.0006360 secs] [Times: user=0.00 sys=0.00, real=0.00 secs] 
344.113: Total time for which application threads were stopped: 0.0024990 seconds, Stopping threads took: 0.0017860 seconds
344.179: Application time: 0.0660420 seconds
344.179: [GC [PSYoungGen: 14847K->0K(15872K)] 27493K->12645K(38400K), 0.0003710 secs] [Times: user=0.00 sys=0.00, real=0.00 secs] 
344.179: Total time for which application threads were stopped: 0.0005070 seconds, Stopping threads took: 0.0000700 seconds
344.245: Application time: 0.0659140 seconds
344.245: [GC [PSYoungGen: 14847K->0K(15872K)] 27493K->12645K(38400K), 0.0003490 secs] [Times: user=0.00 sys=0.00, real=0.00 secs] 
344.245: Total time for which application threads were stopped: 0.0004720 seconds, Stopping threads took: 0.0000630 seconds
344.312: Application time: 0.0665300 seconds
344.313: [GC [PSYoungGen: 14845K->0K(15872K)] 27491K->12645K(38400K), 0.0003580 secs] [Times: user=0.00 sys=0.00, real=0.00 secs] 
344.313: Total time for which application threads were stopped: 0.0009690 seconds, Stopping threads took: 0.0005490 seconds
344.363: Application time: 0.0495940 seconds
344.363: [GC [PSYoungGen: 14846K->544K(15872K)] 27492K->13189K(38400K), 0.0004370 secs] [Times: user=0.00 sys=0.00, real=0.00 secs] 
344.363: Total time for which application threads were stopped: 0.0005600 seconds, Stopping threads took: 0.0000600 seconds
344.422: Application time: 0.0593040 seconds
344.423: [GC [PSYoungGen: 15390K->384K(15872K)] 28035K->13298K(38400K), 0.0004260 secs] [Times: user=0.00 sys=0.00, real=0.00 secs] 
344.423: Total time for which application threads were stopped: 0.0005510 seconds, Stopping threads took: 0.0000660 seconds
344.488: Application time: 0.0648380 seconds
344.488: [GC [PSYoungGen: 15231K->352K(15872K)] 28145K->13290K(38400K), 0.0003900 secs] [Times: user=0.00 sys=0.00, real=0.00 secs] 
344.488: Total time for which application threads were stopped: 0.0005220 seconds, Stopping threads took: 0.0000600 seconds
344.532: Application time: 0.0440970 seconds
344.533: [GC [PSYoungGen: 15198K->544K(15872K)] 28137K->13702K(38400K), 0.0004920 secs] [Times: user=0.00 sys=0.00, real=0.00 secs] 
344.533: Total time for which application threads were stopped: 0.0006120 seconds, Stopping threads took: 0.0000540 seconds
344.580: Application time: 0.0464290 seconds
344.580: [GC [PSYoungGen: 15389K->480K(15872K)] 28548K->13646K(38400K), 0.0005020 secs] [Times: user=0.00 sys=0.00, real=0.00 secs] 
344.580: Total time for which application threads were stopped: 0.0006230 seconds, Stopping threads took: 0.0000620 seconds
344.642: Application time: 0.0622530 seconds
344.643: [GC [PSYoungGen: 15325K->480K(15872K)] 28492K->13710K(38400K), 0.0004630 secs] [Times: user=0.00 sys=0.00, real=0.00 secs] 
344.643: Total time for which application threads were stopped: 0.0005960 seconds, Stopping threads took: 0.0000720 seconds
344.708: Application time: 0.0650600 seconds
344.708: [GC [PSYoungGen: 15325K->0K(15872K)] 28556K->13675K(38400K), 0.0004690 secs] [Times: user=0.00 sys=0.00, real=0.00 secs] 
344.709: Total time for which application threads were stopped: 0.0006050 seconds, Stopping threads took: 0.0000790 seconds
344.772: Application time: 0.0631370 seconds
344.772: [GC [PSYoungGen: 14846K->384K(15872K)] 28522K->14059K(38400K), 0.0004090 secs] [Times: user=0.00 sys=0.00, real=0.00 secs] 
344.772: Total time for which application threads were stopped: 0.0005280 seconds, Stopping threads took: 0.0000520 seconds
344.838: Application time: 0.0652000 seconds
344.838: [GC [PSYoungGen: 15229K->0K(15872K)] 28904K->13907K(38400K), 0.0003880 secs] [Times: user=0.00 sys=0.00, real=0.00 secs] 
344.838: Total time for which application threads were stopped: 0.0005150 seconds, Stopping threads took: 0.0000620 seconds
344.903: Application time: 0.0652910 seconds
344.903: [GC [PSYoungGen: 14847K->0K(15872K)] 28754K->13907K(38400K), 0.0004010 secs] [Times: user=0.00 sys=0.00, real=0.01 secs] 
344.904: Total time for which application threads were stopped: 0.0005290 seconds, Stopping threads took: 0.0000610 seconds
344.958: Application time: 0.0538920 seconds
344.958: [GC [PSYoungGen: 14845K->768K(15872K)] 28753K->14675K(38400K), 0.0004620 secs] [Times: user=0.00 sys=0.00, real=0.00 secs] 
344.958: Total time for which application threads were stopped: 0.0005910 seconds, Stopping threads took: 0.0000670 seconds
345.010: Application time: 0.0519830 seconds
345.010: [GC [PSYoungGen: 15611K->544K(15872K)] 29519K->14904K(38400K), 0.0005110 secs] [Times: user=0.00 sys=0.00, real=0.00 secs] 
345.011: Total time for which application threads were stopped: 0.0006510 seconds, Stopping threads took: 0.0000590 seconds
345.057: Application time: 0.0458760 seconds
345.057: [GC [PSYoungGen: 15387K->512K(15872K)] 29747K->14928K(38400K), 0.0004770 secs] [Times: user=0.00 sys=0.00, real=0.00 secs] 
345.057: Total time for which application threads were stopped: 0.0005950 seconds, Stopping threads took: 0.0000580 seconds
345.122: Application time: 0.0641360 seconds
345.122: [GC [PSYoungGen: 15356K->256K(15872K)] 29772K->14888K(38400K), 0.0004300 secs] [Times: user=0.00 sys=0.00, real=0.00 secs] 
345.122: Total time for which application threads were stopped: 0.0005650 seconds, Stopping threads took: 0.0000750 seconds
345.179: Application time: 0.0568030 seconds
345.179: [GC [PSYoungGen: 15100K->384K(15872K)] 29732K->15236K(38400K), 0.0004170 secs] [Times: user=0.00 sys=0.00, real=0.00 secs] 
345.180: Total time for which application threads were stopped: 0.0005560 seconds, Stopping threads took: 0.0000740 seconds
345.233: Application time: 0.0530890 seconds
345.233: [GC [PSYoungGen: 15229K->352K(15872K)] 30081K->15236K(38400K), 0.0004100 secs] [Times: user=0.00 sys=0.00, real=0.00 secs] 
345.233: Total time for which application threads were stopped: 0.0005430 seconds, Stopping threads took: 0.0000670 seconds
345.288: Application time: 0.0549800 seconds
345.288: [GC [PSYoungGen: 15197K->544K(15872K)] 30082K->15436K(38400K), 0.0004220 secs] [Times: user=0.00 sys=0.00, real=0.00 secs] 
345.289: Total time for which application threads were stopped: 0.0005350 seconds, Stopping threads took: 0.0000510 seconds
345.342: Application time: 0.0536210 seconds
345.342: [GC [PSYoungGen: 15391K->320K(15872K)] 30284K->15441K(38400K), 0.0004040 secs] [Times: user=0.00 sys=0.00, real=0.00 secs] 
345.343: Total time for which application threads were stopped: 0.0005170 seconds, Stopping threads took: 0.0000550 seconds
345.405: Application time: 0.0619710 seconds
345.405: [GC [PSYoungGen: 15164K->544K(15872K)] 30285K->15681K(38400K), 0.0004280 secs] [Times: user=0.00 sys=0.00, real=0.00 secs] 
345.405: Total time for which application threads were stopped: 0.0005620 seconds, Stopping threads took: 0.0000760 seconds
345.469: Application time: 0.0639180 seconds
345.469: [GC [PSYoungGen: 15388K->288K(15872K)] 30525K->15834K(38400K), 0.0005320 secs] [Times: user=0.00 sys=0.00, real=0.00 secs] 
345.470: Total time for which application threads were stopped: 0.0006410 seconds, Stopping threads took: 0.0000490 seconds
345.535: Application time: 0.0654660 seconds
345.540: [GC [PSYoungGen: 15135K->0K(15872K)] 30681K->15766K(38400K), 0.0003950 secs] [Times: user=0.00 sys=0.00, real=0.00 secs] 
345.540: Total time for which application threads were stopped: 0.0049010 seconds, Stopping threads took: 0.0044260 seconds
345.605: Application time: 0.0645500 seconds
345.605: [GC [PSYoungGen: 14847K->352K(15872K)] 30614K->16118K(38400K), 0.0004520 secs] [Times: user=0.01 sys=0.00, real=0.00 secs] 
345.606: Total time for which application threads were stopped: 0.0016510 seconds, Stopping threads took: 0.0000580 seconds
345.653: Application time: 0.0466630 seconds
345.653: [GC [PSYoungGen: 15198K->576K(15872K)] 30965K->16366K(38400K), 0.0004240 secs] [Times: user=0.00 sys=0.00, real=0.00 secs] 
345.654: Total time for which application threads were stopped: 0.0005510 seconds, Stopping threads took: 0.0000640 seconds
345.716: Application time: 0.0621360 seconds
345.716: [GC [PSYoungGen: 15350K->416K(15872K)] 31141K->16447K(38400K), 0.0004530 secs] [Times: user=0.00 sys=0.00, real=0.00 secs] 
345.716: Total time for which application threads were stopped: 0.0005990 seconds, Stopping threads took: 0.0000790 seconds
345.779: Application time: 0.0629320 seconds
345.779: [GC [PSYoungGen: 15263K->512K(15872K)] 31294K->16647K(38400K), 0.0004660 secs] [Times: user=0.00 sys=0.00, real=0.00 secs] 
345.780: Total time for which application threads were stopped: 0.0005950 seconds, Stopping threads took: 0.0000680 seconds
345.847: Application time: 0.0667760 seconds
345.847: [GC [PSYoungGen: 15357K->0K(15872K)] 31492K->16544K(38400K), 0.0004070 secs] [Times: user=0.00 sys=0.00, real=0.00 secs] 
345.847: Total time for which application threads were stopped: 0.0005440 seconds, Stopping threads took: 0.0000770 seconds
345.913: Application time: 0.0657490 seconds
345.913: [GC [PSYoungGen: 14847K->0K(15872K)] 31391K->16544K(38400K), 0.0003430 secs] [Times: user=0.00 sys=0.00, real=0.00 secs] 
345.914: Total time for which application threads were stopped: 0.0004770 seconds, Stopping threads took: 0.0000710 seconds
345.979: Application time: 0.0656860 seconds
345.979: [GC [PSYoungGen: 14847K->0K(15872K)] 31391K->16544K(38400K), 0.0003400 secs] [Times: user=0.00 sys=0.00, real=0.00 secs] 
345.980: Total time for which application threads were stopped: 0.0004610 seconds, Stopping threads took: 0.0000590 seconds
346.042: Application time: 0.0625080 seconds
346.042: [GC [PSYoungGen: 14847K->512K(15872K)] 31391K->17056K(38400K), 0.0004300 secs] [Times: user=0.00 sys=0.00, real=0.00 secs] 
346.043: Total time for which application threads were stopped: 0.0005580 seconds, Stopping threads took: 0.0000550 seconds
346.090: Application time: 0.0471800 seconds
346.090: [GC [PSYoungGen: 15358K->544K(15872K)] 31902K->17104K(38400K), 0.0004360 secs] [Times: user=0.00 sys=0.00, real=0.00 secs] 
346.091: Total time for which application threads were stopped: 0.0005640 seconds, Stopping threads took: 0.0000640 seconds
346.154: Application time: 0.0639470 seconds
346.155: [GC [PSYoungGen: 15390K->384K(15872K)] 31950K->17196K(38400K), 0.0004270 secs] [Times: user=0.01 sys=0.00, real=0.00 secs] 
346.155: Total time for which application threads were stopped: 0.0005730 seconds, Stopping threads took: 0.0000830 seconds
346.220: Application time: 0.0652170 seconds
346.220: [GC [PSYoungGen: 15231K->0K(15872K)] 32044K->17036K(38400K), 0.0003850 secs] [Times: user=0.00 sys=0.00, real=0.00 secs] 
346.221: Total time for which application threads were stopped: 0.0005170 seconds, Stopping threads took: 0.0000710 seconds
346.261: Application time: 0.0399840 seconds
346.261: [GC [PSYoungGen: 14845K->512K(15872K)] 31881K->17548K(38400K), 0.0004230 secs] [Times: user=0.00 sys=0.00, real=0.00 secs] 
346.261: Total time for which application threads were stopped: 0.0005390 seconds, Stopping threads took: 0.0000510 seconds
346.311: Application time: 0.0500820 seconds
346.311: [GC [PSYoungGen: 15355K->608K(15872K)] 32392K->17660K(38400K), 0.0004870 secs] [Times: user=0.00 sys=0.00, real=0.01 secs] 
346.312: Total time for which application threads were stopped: 0.0005980 seconds, Stopping threads took: 0.0000490 seconds
346.374: Application time: 0.0618930 seconds
346.374: [GC [PSYoungGen: 15455K->544K(15872K)] 32508K->17660K(38400K), 0.0004270 secs] [Times: user=0.00 sys=0.00, real=0.00 secs] 
346.374: Total time for which application threads were stopped: 0.0005420 seconds, Stopping threads took: 0.0000540 seconds
346.439: Application time: 0.0648310 seconds
346.439: [GC [PSYoungGen: 15391K->0K(15872K)] 32508K->17565K(38400K), 0.0004300 secs] [Times: user=0.00 sys=0.00, real=0.00 secs] 
346.440: Total time for which application threads were stopped: 0.0005520 seconds, Stopping threads took: 0.0000510 seconds
346.503: Application time: 0.0633080 seconds
346.503: [GC [PSYoungGen: 14844K->384K(15872K)] 32410K->17949K(38400K), 0.0003950 secs] [Times: user=0.00 sys=0.00, real=0.00 secs] 
346.504: Total time for which application threads were stopped: 0.0005210 seconds, Stopping threads took: 0.0000660 seconds
346.569: Application time: 0.0650730 seconds
346.569: [GC [PSYoungGen: 15231K->0K(15872K)] 32797K->17770K(38400K), 0.0004380 secs] [Times: user=0.00 sys=0.00, real=0.00 secs] 
346.569: Total time for which application threads were stopped: 0.0005560 seconds, Stopping threads took: 0.0000490 seconds
346.634: Application time: 0.0648470 seconds
346.634: [GC [PSYoungGen: 14847K->0K(15872K)] 32617K->17770K(38400K), 0.0003970 secs] [Times: user=0.00 sys=0.00, real=0.00 secs] 
346.635: Total time for which application threads were stopped: 0.0005090 seconds, Stopping threads took: 0.0000450 seconds
346.678: Application time: 0.0433760 seconds
346.678: [GC [PSYoungGen: 14847K->736K(15872K)] 32617K->18506K(38400K), 0.0004610 secs] [Times: user=0.00 sys=0.00, real=0.00 secs] 
346.679: Total time for which application threads were stopped: 0.0005740 seconds, Stopping threads took: 0.0000540 seconds
346.734: Application time: 0.0551780 seconds
346.734: [GC [PSYoungGen: 15580K->608K(15872K)] 33351K->18827K(38400K), 0.0004840 secs] [Times: user=0.00 sys=0.00, real=0.00 secs] 
346.734: Total time for which application threads were stopped: 0.0006110 seconds, Stopping threads took: 0.0000650 seconds
346.786: Application time: 0.0520530 seconds
346.787: [GC [PSYoungGen: 15456K->640K(16384K)] 33675K->18923K(38912K), 0.0004540 secs] [Times: user=0.00 sys=0.00, real=0.00 secs] 
346.787: Total time for which application threads were stopped: 0.0005740 seconds, Stopping threads took: 0.0000560 seconds
346.851: Application time: 0.0637240 seconds
346.851: [GC [PSYoungGen: 15484K->320K(16384K)] 33768K->18816K(38912K), 0.0004500 secs] [Times: user=0.00 sys=0.00, real=0.00 secs] 
346.851: Total time for which application threads were stopped: 0.0005710 seconds, Stopping threads took: 0.0000540 seconds
346.903: Application time: 0.0514470 seconds
346.903: [GC [PSYoungGen: 15163K->384K(15360K)] 33659K->19100K(37888K), 0.0004370 secs] [Times: user=0.01 sys=0.00, real=0.00 secs] 
346.903: Total time for which application threads were stopped: 0.0005490 seconds, Stopping threads took: 0.0000510 seconds
346.962: Application time: 0.0584110 seconds
346.962: [GC [PSYoungGen: 15227K->352K(15872K)] 33944K->19076K(38400K), 0.0004070 secs] [Times: user=0.00 sys=0.00, real=0.00 secs] 
346.962: Total time for which application threads were stopped: 0.0005360 seconds, Stopping threads took: 0.0000650 seconds
347.019: Application time: 0.0568520 seconds
347.019: [GC [PSYoungGen: 15199K->576K(15872K)] 33924K->19308K(38400K), 0.0004260 secs] [Times: user=0.00 sys=0.00, real=0.00 secs] 
347.020: Total time for which application threads were stopped: 0.0005510 seconds, Stopping threads took: 0.0000610 seconds
347.070: Application time: 0.0504760 seconds
347.070: [GC [PSYoungGen: 15421K->544K(15872K)] 34154K->19489K(38400K), 0.0005610 secs] [Times: user=0.01 sys=0.00, real=0.00 secs] 
347.071: Total time for which application threads were stopped: 0.0006810 seconds, Stopping threads took: 0.0000470 seconds
347.136: Application time: 0.0647330 seconds
347.136: [GC [PSYoungGen: 15391K->288K(15872K)] 34336K->19449K(38400K), 0.0004010 secs] [Times: user=0.00 sys=0.00, real=0.00 secs] 
347.136: Total time for which application threads were stopped: 0.0005160 seconds, Stopping threads took: 0.0000570 seconds
347.200: Application time: 0.0635170 seconds
347.200: [GC [PSYoungGen: 15132K->352K(15872K)] 34293K->19725K(38400K), 0.0004380 secs] [Times: user=0.00 sys=0.00, real=0.00 secs] 
347.200: Total time for which application threads were stopped: 0.0005530 seconds, Stopping threads took: 0.0000550 seconds
347.265: Application time: 0.0648900 seconds
347.265: [GC [PSYoungGen: 15199K->0K(15872K)] 34573K->19594K(38400K), 0.0003880 secs] [Times: user=0.00 sys=0.00, real=0.00 secs] 
347.266: Total time for which application threads were stopped: 0.0005250 seconds, Stopping threads took: 0.0000690 seconds
347.324: Application time: 0.0589430 seconds
347.328: [GC [PSYoungGen: 14846K->544K(15872K)] 34440K->20138K(38400K), 0.0004990 secs] [Times: user=0.01 sys=0.00, real=0.00 secs] 
347.328: Total time for which application threads were stopped: 0.0039110 seconds, Stopping threads took: 0.0033470 seconds
347.378: Application time: 0.0495580 seconds
347.378: [GC [PSYoungGen: 15388K->416K(15872K)] 34982K->20250K(38400K), 0.0004300 secs] [Times: user=0.00 sys=0.00, real=0.00 secs] 
347.379: Total time for which application threads were stopped: 0.0005580 seconds, Stopping threads took: 0.0000620 seconds
347.440: Application time: 0.0619210 seconds
347.441: [GC [PSYoungGen: 15263K->576K(15872K)] 35098K->20466K(38400K), 0.0004630 secs] [Times: user=0.00 sys=0.00, real=0.00 secs] 
347.441: Total time for which application threads were stopped: 0.0005730 seconds, Stopping threads took: 0.0000460 seconds
347.507: Application time: 0.0656590 seconds
347.507: [GC [PSYoungGen: 15423K->0K(15872K)] 35313K->20463K(38400K), 0.0004530 secs] [Times: user=0.00 sys=0.00, real=0.00 secs] 
347.507: Total time for which application threads were stopped: 0.0005680 seconds, Stopping threads took: 0.0000520 seconds
347.573: Application time: 0.0654330 seconds
347.573: [GC [PSYoungGen: 14847K->0K(15872K)] 35310K->20463K(38400K), 0.0003830 secs] [Times: user=0.00 sys=0.00, real=0.00 secs] 
347.573: Total time for which application threads were stopped: 0.0005180 seconds, Stopping threads took: 0.0000610 seconds
347.639: Application time: 0.0656900 seconds
347.639: [GC [PSYoungGen: 14847K->0K(15872K)] 35310K->20463K(38400K), 0.0003570 secs] [Times: user=0.01 sys=0.00, real=0.00 secs] 
347.639: Total time for which application threads were stopped: 0.0004660 seconds, Stopping threads took: 0.0000520 seconds
347.705: Application time: 0.0654730 seconds
347.705: [GC [PSYoungGen: 14847K->0K(15872K)] 35310K->20463K(38400K), 0.0003620 secs] [Times: user=0.00 sys=0.00, real=0.00 secs] 
347.705: Total time for which application threads were stopped: 0.0004750 seconds, Stopping threads took: 0.0000450 seconds
347.760: Application time: 0.0550700 seconds
347.760: [GC [PSYoungGen: 14843K->576K(15872K)] 35306K->21039K(38400K), 0.0004350 secs] [Times: user=0.00 sys=0.00, real=0.00 secs] 
347.761: Total time for which application threads were stopped: 0.0005520 seconds, Stopping threads took: 0.0000520 seconds
347.815: Application time: 0.0538950 seconds
347.815: [GC [PSYoungGen: 15421K->352K(15872K)] 35884K->21075K(38400K), 0.0004190 secs] [Times: user=0.01 sys=0.00, real=0.00 secs] 
347.815: Total time for which application threads were stopped: 0.0005480 seconds, Stopping threads took: 0.0000670 seconds
347.879: Application time: 0.0640350 seconds
347.880: [GC [PSYoungGen: 15198K->352K(15872K)] 35922K->21091K(38400K), 0.0003910 secs] [Times: user=0.00 sys=0.00, real=0.00 secs] 
347.880: Total time for which application threads were stopped: 0.0005040 seconds, Stopping threads took: 0.0000530 seconds
347.942: Application time: 0.0622860 seconds
347.942: [GC [PSYoungGen: 15199K->384K(15872K)] 35938K->21344K(38400K), 0.0003910 secs] [Times: user=0.00 sys=0.00, real=0.00 secs] 
347.943: Total time for which application threads were stopped: 0.0004970 seconds, Stopping threads took: 0.0000450 seconds
347.984: Application time: 0.0409760 seconds
347.984: [GC [PSYoungGen: 15228K->512K(15872K)] 36188K->21480K(38400K), 0.0004640 secs] [Times: user=0.00 sys=0.00, real=0.00 secs] 
347.984: Total time for which application threads were stopped: 0.0005850 seconds, Stopping threads took: 0.0000530 seconds
348.036: Application time: 0.0517710 seconds
348.036: [GC [PSYoungGen: 15359K->384K(15872K)] 36327K->21576K(38400K), 0.0004380 secs] [Times: user=0.00 sys=0.00, real=0.00 secs] 
348.037: Total time for which application threads were stopped: 0.0005550 seconds, Stopping threads took: 0.0000540 seconds
348.099: Application time: 0.0620310 seconds
348.099: [GC [PSYoungGen: 15231K->544K(15872K)] 36423K->21800K(38400K), 0.0004640 secs] [Times: user=0.00 sys=0.00, real=0.00 secs] 
348.099: Total time for which application threads were stopped: 0.0005740 seconds, Stopping threads took: 0.0000400 seconds
348.163: Application time: 0.0640300 seconds
348.163: [GC [PSYoungGen: 15388K->352K(15872K)] 36645K->22052K(38400K), 0.0004750 secs] [Times: user=0.01 sys=0.00, real=0.01 secs] 
348.164: Total time for which application threads were stopped: 0.0006030 seconds, Stopping threads took: 0.0000650 seconds
348.228: Application time: 0.0642010 seconds
348.228: [GC [PSYoungGen: 15198K->384K(15872K)] 36899K->22108K(38400K), 0.0003900 secs] [Times: user=0.00 sys=0.00, real=0.00 secs] 
348.229: Total time for which application threads were stopped: 0.0005390 seconds, Stopping threads took: 0.0000770 seconds
348.294: Application time: 0.0654750 seconds
348.294: [GC [PSYoungGen: 15231K->0K(15872K)] 36956K->22081K(38400K), 0.0004200 secs] [Times: user=0.00 sys=0.00, real=0.00 secs] 
348.295: [Full GC [PSYoungGen: 0K->0K(15872K)] [ParOldGen: 22081K->4449K(22528K)] 22081K->4449K(38400K) [PSPermGen: 5580K->5580K(21504K)], 0.0057250 secs] [Times: user=0.03 sys=0.00, real=0.00 secs] 
348.300: Total time for which application threads were stopped: 0.0063370 seconds, Stopping threads took: 0.0000790 seconds
348.359: Application time: 0.0590010 seconds
348.360: [GC [PSYoungGen: 14846K->400K(15872K)] 19296K->4849K(38400K), 0.0003990 secs] [Times: user=0.00 sys=0.00, real=0.00 secs] 
348.360: Total time for which application threads were stopped: 0.0005380 seconds, Stopping threads took: 0.0000740 seconds
348.409: Application time: 0.0485880 seconds
348.409: [GC [PSYoungGen: 15246K->704K(15872K)] 19696K->5209K(38400K), 0.0004440 secs] [Times: user=0.01 sys=0.00, real=0.00 secs] 
348.409: Total time for which application threads were stopped: 0.0005600 seconds, Stopping threads took: 0.0000530 seconds
348.460: Application time: 0.0508110 seconds
348.460: [GC [PSYoungGen: 15548K->768K(15872K)] 20054K->5478K(38400K), 0.0005000 secs] [Times: user=0.00 sys=0.00, real=0.00 secs] 
348.461: Total time for which application threads were stopped: 0.0006220 seconds, Stopping threads took: 0.0000610 seconds
348.518: Application time: 0.0571870 seconds
348.518: [GC [PSYoungGen: 15613K->288K(15872K)] 20323K->5442K(38400K), 0.0004470 secs] [Times: user=0.00 sys=0.00, real=0.00 secs] 
348.518: Total time for which application threads were stopped: 0.0005850 seconds, Stopping threads took: 0.0000790 seconds
348.580: Application time: 0.0620150 seconds
348.580: [GC [PSYoungGen: 15133K->480K(15872K)] 20287K->5650K(38400K), 0.0003990 secs] [Times: user=0.00 sys=0.00, real=0.00 secs] 
348.581: Total time for which application threads were stopped: 0.0005190 seconds, Stopping threads took: 0.0000600 seconds
348.628: Application time: 0.0473450 seconds
348.628: [GC [PSYoungGen: 15326K->320K(15872K)] 20497K->5711K(38400K), 0.0005110 secs] [Times: user=0.00 sys=0.00, real=0.00 secs] 
348.629: Total time for which application threads were stopped: 0.0006100 seconds, Stopping threads took: 0.0000290 seconds
348.695: Application time: 0.0658300 seconds
348.695: [GC [PSYoungGen: 15167K->0K(15872K)] 20558K->5596K(38400K), 0.0003980 secs] [Times: user=0.00 sys=0.00, real=0.00 secs] 
348.695: Total time for which application threads were stopped: 0.0005310 seconds, Stopping threads took: 0.0000720 seconds
348.752: Application time: 0.0563450 seconds
348.752: [GC [PSYoungGen: 14847K->544K(15872K)] 20443K->6140K(38400K), 0.0004360 secs] [Times: user=0.00 sys=0.00, real=0.01 secs] 
348.752: Total time for which application threads were stopped: 0.0005630 seconds, Stopping threads took: 0.0000570 seconds
348.814: Application time: 0.0616050 seconds
348.814: [GC [PSYoungGen: 15391K->576K(15872K)] 20987K->6400K(38400K), 0.0004520 secs] [Times: user=0.00 sys=0.00, real=0.00 secs] 
348.814: Total time for which application threads were stopped: 0.0005850 seconds, Stopping threads took: 0.0000660 seconds
348.884: Application time: 0.0695940 seconds
348.884: [GC [PSYoungGen: 15393K->416K(15872K)] 21218K->6472K(38400K), 0.0004310 secs] [Times: user=0.00 sys=0.00, real=0.00 secs] 
348.885: Total time for which application threads were stopped: 0.0006430 seconds, Stopping threads took: 0.0001540 seconds
348.955: Application time: 0.0709590 seconds
348.960: [GC [PSYoungGen: 15260K->192K(15872K)] 21317K->6537K(38400K), 0.0004690 secs] [Times: user=0.00 sys=0.00, real=0.00 secs] 
348.960: Total time for which application threads were stopped: 0.0048730 seconds, Stopping threads took: 0.0043440 seconds
349.032: Application time: 0.0716540 seconds
349.032: [GC [PSYoungGen: 15039K->0K(15872K)] 21385K->6505K(38400K), 0.0003680 secs] [Times: user=0.00 sys=0.00, real=0.00 secs] 
349.033: Total time for which application threads were stopped: 0.0005050 seconds, Stopping threads took: 0.0000620 seconds
349.090: Application time: 0.0576140 seconds
349.090: [GC [PSYoungGen: 14846K->512K(15872K)] 21351K->7017K(38400K), 0.0004870 secs] [Times: user=0.01 sys=0.00, real=0.00 secs] 
349.091: Total time for which application threads were stopped: 0.0006130 seconds, Stopping threads took: 0.0000580 seconds
349.152: Application time: 0.0608990 seconds
349.152: [GC [PSYoungGen: 15359K->400K(15872K)] 21865K->7162K(38400K), 0.0004440 secs] [Times: user=0.00 sys=0.00, real=0.01 secs] 
349.152: Total time for which application threads were stopped: 0.0005760 seconds, Stopping threads took: 0.0000540 seconds
349.221: Application time: 0.0683580 seconds
349.224: [GC [PSYoungGen: 15245K->544K(15872K)] 22007K->7354K(38400K), 0.0004900 secs] [Times: user=0.00 sys=0.00, real=0.00 secs] 
349.224: Total time for which application threads were stopped: 0.0037930 seconds, Stopping threads took: 0.0032420 seconds
349.296: Application time: 0.0717490 seconds
349.296: [GC [PSYoungGen: 15391K->0K(15872K)] 22201K->7246K(38400K), 0.0004520 secs] [Times: user=0.01 sys=0.00, real=0.00 secs] 
349.297: Total time for which application threads were stopped: 0.0006040 seconds, Stopping threads took: 0.0000830 seconds
349.369: Application time: 0.0720190 seconds
349.369: [GC [PSYoungGen: 14847K->0K(15872K)] 22094K->7246K(38400K), 0.0003700 secs] [Times: user=0.00 sys=0.00, real=0.00 secs] 
349.369: Total time for which application threads were stopped: 0.0004970 seconds, Stopping threads took: 0.0000650 seconds
349.442: Application time: 0.0724390 seconds
349.442: [GC [PSYoungGen: 14847K->0K(15872K)] 22094K->7246K(38400K), 0.0004100 secs] [Times: user=0.00 sys=0.00, real=0.00 secs] 
349.442: Total time for which application threads were stopped: 0.0005330 seconds, Stopping threads took: 0.0000600 seconds
349.515: Application time: 0.0724440 seconds
349.515: [GC [PSYoungGen: 14847K->0K(15872K)] 22094K->7246K(38400K), 0.0004650 secs] [Times: user=0.00 sys=0.00, real=0.00 secs] 
349.515: Total time for which application threads were stopped: 0.0005710 seconds, Stopping threads took: 0.0000450 seconds
349.568: Application time: 0.0528680 seconds
349.568: [GC [PSYoungGen: 14845K->528K(15872K)] 22092K->7774K(38400K), 0.0004280 secs] [Times: user=0.00 sys=0.00, real=0.00 secs] 
349.569: Total time for which application threads were stopped: 0.0005360 seconds, Stopping threads took: 0.0000470 seconds
349.636: Application time: 0.0672010 seconds
349.636: [GC [PSYoungGen: 15371K->320K(15872K)] 22618K->7811K(38400K), 0.0004390 secs] [Times: user=0.00 sys=0.00, real=0.00 secs] 
349.636: Total time for which application threads were stopped: 0.0005860 seconds, Stopping threads took: 0.0000820 seconds
349.707: Application time: 0.0707420 seconds
349.707: [GC [PSYoungGen: 15164K->320K(15872K)] 22655K->7835K(38400K), 0.0004320 secs] [Times: user=0.00 sys=0.00, real=0.00 secs] 
349.708: Total time for which application threads were stopped: 0.0005750 seconds, Stopping threads took: 0.0000690 seconds
349.775: Application time: 0.0671270 seconds
349.775: [GC [PSYoungGen: 15167K->320K(15872K)] 22683K->8056K(38400K), 0.0004130 secs] [Times: user=0.00 sys=0.00, real=0.00 secs] 
349.775: Total time for which application threads were stopped: 0.0005320 seconds, Stopping threads took: 0.0000570 seconds
349.817: Application time: 0.0415500 seconds
349.817: [GC [PSYoungGen: 15166K->512K(15872K)] 22902K->8272K(38400K), 0.0003990 secs] [Times: user=0.00 sys=0.00, real=0.00 secs] 
349.818: Total time for which application threads were stopped: 0.0005150 seconds, Stopping threads took: 0.0000550 seconds
349.879: Application time: 0.0615860 seconds
349.879: [GC [PSYoungGen: 15359K->352K(15872K)] 23119K->8340K(38400K), 0.0004230 secs] [Times: user=0.00 sys=0.00, real=0.00 secs] 
349.880: Total time for which application threads were stopped: 0.0005570 seconds, Stopping threads took: 0.0000670 seconds
349.948: Application time: 0.0686080 seconds
349.948: [GC [PSYoungGen: 15199K->544K(15872K)] 23187K->8604K(38400K), 0.0004470 secs] [Times: user=0.00 sys=0.00, real=0.00 secs] 
349.949: Total time for which application threads were stopped: 0.0005600 seconds, Stopping threads took: 0.0000510 seconds
350.018: Application time: 0.0696080 seconds
350.019: [GC [PSYoungGen: 15390K->352K(15872K)] 23450K->8845K(38400K), 0.0004650 secs] [Times: user=0.00 sys=0.00, real=0.00 secs] 
350.019: Total time for which application threads were stopped: 0.0005800 seconds, Stopping threads took: 0.0000430 seconds
350.092: Application time: 0.0731140 seconds
350.092: [GC [PSYoungGen: 15197K->0K(15872K)] 23691K->8714K(38400K), 0.0004360 secs] [Times: user=0.00 sys=0.00, real=0.00 secs] 
350.093: Total time for which application threads were stopped: 0.0005780 seconds, Stopping threads took: 0.0000720 seconds
350.166: Application time: 0.0729610 seconds
350.166: [GC [PSYoungGen: 14845K->0K(15872K)] 23559K->8714K(38400K), 0.0003930 secs] [Times: user=0.00 sys=0.00, real=0.00 secs] 
350.166: Total time for which application threads were stopped: 0.0004990 seconds, Stopping threads took: 0.0000460 seconds
350.229: Application time: 0.0626690 seconds
350.229: [GC [PSYoungGen: 14846K->320K(15872K)] 23560K->9034K(38400K), 0.0004200 secs] [Times: user=0.00 sys=0.00, real=0.00 secs] 
350.229: Total time for which application threads were stopped: 0.0005560 seconds, Stopping threads took: 0.0000660 seconds
350.284: Application time: 0.0543300 seconds
350.284: [GC [PSYoungGen: 15166K->736K(15872K)] 23880K->9514K(38400K), 0.0004490 secs] [Times: user=0.00 sys=0.00, real=0.00 secs] 
350.284: Total time for which application threads were stopped: 0.0005850 seconds, Stopping threads took: 0.0000710 seconds
350.334: Application time: 0.0501250 seconds
350.335: [GC [PSYoungGen: 15582K->576K(15872K)] 24361K->9766K(38400K), 0.0005580 secs] [Times: user=0.00 sys=0.00, real=0.00 secs] 
350.335: Total time for which application threads were stopped: 0.0006750 seconds, Stopping threads took: 0.0000500 seconds
350.406: Application time: 0.0709920 seconds
350.406: [GC [PSYoungGen: 15423K->256K(15872K)] 24614K->9691K(38400K), 0.0005460 secs] [Times: user=0.00 sys=0.00, real=0.00 secs] 
350.407: Total time for which application threads were stopped: 0.0006730 seconds, Stopping threads took: 0.0000610 seconds
350.471: Application time: 0.0644660 seconds
350.471: [GC [PSYoungGen: 15101K->544K(15872K)] 24537K->10003K(38400K), 0.0004270 secs] [Times: user=0.00 sys=0.00, real=0.01 secs] 
350.472: Total time for which application threads were stopped: 0.0005680 seconds, Stopping threads took: 0.0000740 seconds
350.529: Application time: 0.0568320 seconds
350.529: [GC [PSYoungGen: 15389K->320K(15872K)] 24849K->10000K(38400K), 0.0004120 secs] [Times: user=0.00 sys=0.00, real=0.00 secs] 
350.529: Total time for which application threads were stopped: 0.0005430 seconds, Stopping threads took: 0.0000670 seconds
350.599: Application time: 0.0698990 seconds
350.599: [GC [PSYoungGen: 15164K->256K(15872K)] 24844K->9952K(38400K), 0.0004100 secs] [Times: user=0.00 sys=0.00, real=0.00 secs] 
350.600: Total time for which application threads were stopped: 0.0005330 seconds, Stopping threads took: 0.0000580 seconds
350.654: Application time: 0.0544920 seconds
350.654: [GC [PSYoungGen: 15102K->288K(15872K)] 24798K->10180K(38400K), 0.0005010 secs] [Times: user=0.00 sys=0.00, real=0.00 secs] 
350.656: Total time for which application threads were stopped: 0.0016860 seconds, Stopping threads took: 0.0000700 seconds
350.720: Application time: 0.0644740 seconds
350.720: [GC [PSYoungGen: 15133K->512K(15872K)] 25025K->10412K(38400K), 0.0005130 secs] [Times: user=0.00 sys=0.00, real=0.00 secs] 
350.721: Total time for which application threads were stopped: 0.0006320 seconds, Stopping threads took: 0.0000590 seconds
350.790: Application time: 0.0688350 seconds
350.790: [GC [PSYoungGen: 15356K->480K(15872K)] 25257K->10596K(38400K), 0.0005040 secs] [Times: user=0.00 sys=0.00, real=0.00 secs] 
350.790: Total time for which application threads were stopped: 0.0006430 seconds, Stopping threads took: 0.0000590 seconds
350.862: Application time: 0.0717600 seconds
350.862: [GC [PSYoungGen: 15327K->0K(15872K)] 25444K->10545K(38400K), 0.0004450 secs] [Times: user=0.00 sys=0.00, real=0.00 secs] 
350.863: Total time for which application threads were stopped: 0.0005730 seconds, Stopping threads took: 0.0000620 seconds
350.933: Application time: 0.0706230 seconds
350.933: [GC [PSYoungGen: 14844K->256K(15872K)] 25389K->10801K(38400K), 0.0004400 secs] [Times: user=0.00 sys=0.00, real=0.00 secs] 
350.934: Total time for which application threads were stopped: 0.0005700 seconds, Stopping threads took: 0.0000670 seconds
350.986: Application time: 0.0522980 seconds
350.986: [GC [PSYoungGen: 15100K->544K(15872K)] 25645K->11105K(38400K), 0.0004360 secs] [Times: user=0.00 sys=0.00, real=0.00 secs] 
350.987: Total time for which application threads were stopped: 0.0005600 seconds, Stopping threads took: 0.0000590 seconds
351.055: Application time: 0.0677970 seconds
351.055: [GC [PSYoungGen: 15391K->352K(15872K)] 25952K->11173K(38400K), 0.0004380 secs] [Times: user=0.01 sys=0.00, real=0.00 secs] 
351.055: Total time for which application threads were stopped: 0.0005710 seconds, Stopping threads took: 0.0000650 seconds
351.124: Application time: 0.0683400 seconds
351.124: [GC [PSYoungGen: 15197K->576K(15872K)] 26019K->11453K(38400K), 0.0004810 secs] [Times: user=0.00 sys=0.00, real=0.01 secs] 
351.124: Total time for which application threads were stopped: 0.0006100 seconds, Stopping threads took: 0.0000610 seconds
351.196: Application time: 0.0718250 seconds
351.196: [GC [PSYoungGen: 15423K->0K(15872K)] 26301K->11326K(38400K), 0.0004540 secs] [Times: user=0.00 sys=0.00, real=0.00 secs] 
351.197: Total time for which application threads were stopped: 0.0005820 seconds, Stopping threads took: 0.0000580 seconds
351.269: Application time: 0.0729190 seconds
351.270: [GC [PSYoungGen: 14847K->0K(15872K)] 26174K->11326K(38400K), 0.0003680 secs] [Times: user=0.00 sys=0.00, real=0.00 secs] 
351.270: Total time for which application threads were stopped: 0.0005040 seconds, Stopping threads took: 0.0000720 seconds
351.343: Application time: 0.0726150 seconds
351.343: [GC [PSYoungGen: 14847K->0K(15872K)] 26174K->11326K(38400K), 0.0003630 secs] [Times: user=0.00 sys=0.00, real=0.00 secs] 
351.343: Total time for which application threads were stopped: 0.0005030 seconds, Stopping threads took: 0.0000650 seconds
351.409: Application time: 0.0659600 seconds
351.409: [GC [PSYoungGen: 14784K->192K(15872K)] 26111K->11518K(38400K), 0.0004560 secs] [Times: user=0.00 sys=0.00, real=0.00 secs] 
351.410: Total time for which application threads were stopped: 0.0005790 seconds, Stopping threads took: 0.0000590 seconds
351.464: Application time: 0.0544170 seconds
351.464: [GC [PSYoungGen: 15036K->544K(15872K)] 26363K->11934K(38400K), 0.0004350 secs] [Times: user=0.00 sys=0.00, real=0.00 secs] 
351.465: Total time for which application threads were stopped: 0.0005580 seconds, Stopping threads took: 0.0000610 seconds
351.536: Application time: 0.0708890 seconds
351.536: [GC [PSYoungGen: 15388K->352K(15872K)] 26779K->11971K(38400K), 0.0004300 secs] [Times: user=0.00 sys=0.00, real=0.00 secs] 
351.536: Total time for which application threads were stopped: 0.0005640 seconds, Stopping threads took: 0.0000660 seconds
351.608: Application time: 0.0718270 seconds
351.608: [GC [PSYoungGen: 15199K->0K(15872K)] 26818K->11848K(38400K), 0.0004560 secs] [Times: user=0.00 sys=0.00, real=0.00 secs] 
351.609: Total time for which application threads were stopped: 0.0005950 seconds, Stopping threads took: 0.0000700 seconds
351.678: Application time: 0.0696660 seconds
351.678: [GC [PSYoungGen: 14847K->352K(15872K)] 26695K->12200K(38400K), 0.0003760 secs] [Times: user=0.00 sys=0.00, real=0.00 secs] 
351.679: Total time for which application threads were stopped: 0.0004990 seconds, Stopping threads took: 0.0000620 seconds
351.719: Application time: 0.0403880 seconds
351.719: [GC [PSYoungGen: 15198K->512K(15872K)] 27046K->12368K(38400K), 0.0004130 secs] [Times: user=0.00 sys=0.00, real=0.00 secs] 
351.720: Total time for which application threads were stopped: 0.0005310 seconds, Stopping threads took: 0.0000490 seconds
351.781: Application time: 0.0612590 seconds
351.781: [GC [PSYoungGen: 15359K->544K(15872K)] 27216K->12432K(38400K), 0.0004410 secs] [Times: user=0.01 sys=0.00, real=0.00 secs] 
351.781: Total time for which application threads were stopped: 0.0005570 seconds, Stopping threads took: 0.0000520 seconds
351.850: Application time: 0.0683430 seconds
351.850: [GC [PSYoungGen: 15390K->544K(15872K)] 27278K->12496K(38400K), 0.0004560 secs] [Times: user=0.00 sys=0.00, real=0.00 secs] 
351.850: Total time for which application threads were stopped: 0.0006100 seconds, Stopping threads took: 0.0000790 seconds
351.921: Application time: 0.0710580 seconds
351.924: [GC [PSYoungGen: 15389K->384K(15872K)] 27341K->12780K(38400K), 0.0005130 secs] [Times: user=0.01 sys=0.00, real=0.00 secs] 
351.924: Total time for which application threads were stopped: 0.0029780 seconds, Stopping threads took: 0.0023990 seconds
351.996: Application time: 0.0719160 seconds
351.996: [GC [PSYoungGen: 15231K->0K(15872K)] 27628K->12612K(38400K), 0.0004070 secs] [Times: user=0.00 sys=0.00, real=0.00 secs] 
351.997: Total time for which application threads were stopped: 0.0005510 seconds, Stopping threads took: 0.0000810 seconds
352.067: Application time: 0.0702620 seconds
352.067: [GC [PSYoungGen: 14847K->352K(15872K)] 27460K->12964K(38400K), 0.0004400 secs] [Times: user=0.00 sys=0.00, real=0.00 secs] 
352.068: Total time for which application threads were stopped: 0.0005510 seconds, Stopping threads took: 0.0000490 seconds
352.119: Application time: 0.0510940 seconds
352.119: [GC [PSYoungGen: 15196K->320K(15872K)] 27809K->12948K(38400K), 0.0004540 secs] [Times: user=0.00 sys=0.00, real=0.00 secs] 
352.119: Total time for which application threads were stopped: 0.0005780 seconds, Stopping threads took: 0.0000610 seconds
352.180: Application time: 0.0604620 seconds
352.180: [GC [PSYoungGen: 15089K->640K(15872K)] 27718K->13516K(38400K), 0.0004990 secs] [Times: user=0.00 sys=0.00, real=0.00 secs] 
352.180: Total time for which application threads were stopped: 0.0006190 seconds, Stopping threads took: 0.0000550 seconds
352.235: Application time: 0.0548500 seconds
352.235: [GC [PSYoungGen: 15485K->448K(15872K)] 28361K->13757K(38400K), 0.0005640 secs] [Times: user=0.00 sys=0.00, real=0.00 secs] 
352.236: Total time for which application threads were stopped: 0.0006870 seconds, Stopping threads took: 0.0000570 seconds
352.306: Application time: 0.0703210 seconds
352.306: [GC [PSYoungGen: 15294K->288K(15872K)] 28604K->13810K(38400K), 0.0004700 secs] [Times: user=0.00 sys=0.00, real=0.00 secs] 
352.307: Total time for which application threads were stopped: 0.0006040 seconds, Stopping threads took: 0.0000740 seconds
352.368: Application time: 0.0606710 seconds
352.376: [GC [PSYoungGen: 15131K->352K(15872K)] 28654K->14090K(38400K), 0.0004680 secs] [Times: user=0.00 sys=0.00, real=0.00 secs] 
352.376: Total time for which application threads were stopped: 0.0085770 seconds, Stopping threads took: 0.0080330 seconds
352.436: Application time: 0.0601430 seconds
352.436: [GC [PSYoungGen: 15197K->352K(15872K)] 28935K->14106K(38400K), 0.0004410 secs] [Times: user=0.00 sys=0.00, real=0.00 secs] 
352.437: Total time for which application threads were stopped: 0.0005660 seconds, Stopping threads took: 0.0000640 seconds
352.507: Application time: 0.0698940 seconds
352.507: [GC [PSYoungGen: 15199K->352K(15872K)] 28953K->14122K(38400K), 0.0004030 secs] [Times: user=0.00 sys=0.00, real=0.00 secs] 
352.507: Total time for which application threads were stopped: 0.0005330 seconds, Stopping threads took: 0.0000650 seconds
352.557: Application time: 0.0500280 seconds
352.557: [GC [PSYoungGen: 15199K->544K(15872K)] 28969K->14519K(38400K), 0.0005210 secs] [Times: user=0.00 sys=0.00, real=0.00 secs] 
352.558: Total time for which application threads were stopped: 0.0006370 seconds, Stopping threads took: 0.0000510 seconds
352.626: Application time: 0.0682620 seconds
352.626: [GC [PSYoungGen: 15389K->320K(15872K)] 29364K->14495K(38400K), 0.0005720 secs] [Times: user=0.00 sys=0.00, real=0.00 secs] 
352.627: Total time for which application threads were stopped: 0.0006960 seconds, Stopping threads took: 0.0000560 seconds
352.695: Application time: 0.0683010 seconds
352.695: [GC [PSYoungGen: 15164K->544K(15872K)] 29339K->14727K(38400K), 0.0004290 secs] [Times: user=0.00 sys=0.00, real=0.00 secs] 
352.696: Total time for which application threads were stopped: 0.0005500 seconds, Stopping threads took: 0.0000530 seconds
352.761: Application time: 0.0655470 seconds
352.761: [GC [PSYoungGen: 15391K->0K(15872K)] 29574K->14608K(38400K), 0.0004190 secs] [Times: user=0.00 sys=0.00, real=0.00 secs] 
352.762: Total time for which application threads were stopped: 0.0005470 seconds, Stopping threads took: 0.0000670 seconds
352.825: Application time: 0.0632200 seconds
352.825: [GC [PSYoungGen: 14844K->416K(15872K)] 29452K->15024K(38400K), 0.0003920 secs] [Times: user=0.00 sys=0.00, real=0.00 secs] 
352.826: Total time for which application threads were stopped: 0.0005170 seconds, Stopping threads took: 0.0000650 seconds
352.875: Application time: 0.0490680 seconds
352.875: [GC [PSYoungGen: 15259K->320K(15872K)] 29868K->15184K(38400K), 0.0004520 secs] [Times: user=0.00 sys=0.00, real=0.00 secs] 
352.875: Total time for which application threads were stopped: 0.0005740 seconds, Stopping threads took: 0.0000620 seconds
352.937: Application time: 0.0614720 seconds
352.937: [GC [PSYoungGen: 15166K->352K(15872K)] 30030K->15224K(38400K), 0.0004070 secs] [Times: user=0.00 sys=0.00, real=0.00 secs] 
352.937: Total time for which application threads were stopped: 0.0005390 seconds, Stopping threads took: 0.0000550 seconds
353.000: Application time: 0.0629340 seconds
353.000: [GC [PSYoungGen: 15196K->576K(15872K)] 30069K->15520K(38400K), 0.0004490 secs] [Times: user=0.00 sys=0.00, real=0.00 secs] 
353.001: Total time for which application threads were stopped: 0.0005700 seconds, Stopping threads took: 0.0000550 seconds
353.067: Application time: 0.0658720 seconds
353.067: [GC [PSYoungGen: 15423K->0K(15872K)] 30367K->15396K(38400K), 0.0004370 secs] [Times: user=0.00 sys=0.00, real=0.00 secs] 
353.067: Total time for which application threads were stopped: 0.0005620 seconds, Stopping threads took: 0.0000630 seconds
353.133: Application time: 0.0657770 seconds
353.133: [GC [PSYoungGen: 14847K->0K(15872K)] 30244K->15396K(38400K), 0.0003500 secs] [Times: user=0.00 sys=0.00, real=0.00 secs] 
353.133: Total time for which application threads were stopped: 0.0004690 seconds, Stopping threads took: 0.0000560 seconds
353.200: Application time: 0.0666330 seconds
353.200: [GC [PSYoungGen: 14845K->0K(15872K)] 30242K->15396K(38400K), 0.0004340 secs] [Times: user=0.01 sys=0.00, real=0.00 secs] 
353.201: Total time for which application threads were stopped: 0.0005640 seconds, Stopping threads took: 0.0000630 seconds
353.252: Application time: 0.0517610 seconds
353.253: [GC [PSYoungGen: 14843K->384K(15872K)] 30240K->15780K(38400K), 0.0004150 secs] [Times: user=0.00 sys=0.00, real=0.00 secs] 
353.253: Total time for which application threads were stopped: 0.0005450 seconds, Stopping threads took: 0.0000650 seconds
353.310: Application time: 0.0575020 seconds
353.311: [GC [PSYoungGen: 15231K->672K(15872K)] 30628K->16124K(38400K), 0.0004300 secs] [Times: user=0.01 sys=0.00, real=0.00 secs] 
353.311: Total time for which application threads were stopped: 0.0005510 seconds, Stopping threads took: 0.0000530 seconds
353.376: Application time: 0.0654200 seconds
353.377: [GC [PSYoungGen: 15516K->384K(15872K)] 30969K->16065K(38400K), 0.0004300 secs] [Times: user=0.00 sys=0.00, real=0.00 secs] 
353.377: Total time for which application threads were stopped: 0.0005390 seconds, Stopping threads took: 0.0000540 seconds
353.443: Application time: 0.0656340 seconds
353.443: [GC [PSYoungGen: 15231K->0K(15872K)] 30912K->15909K(38400K), 0.0003980 secs] [Times: user=0.00 sys=0.00, real=0.00 secs] 
353.443: Total time for which application threads were stopped: 0.0005320 seconds, Stopping threads took: 0.0000510 seconds
353.505: Application time: 0.0614610 seconds
353.505: [GC [PSYoungGen: 14846K->512K(15872K)] 30756K->16422K(38400K), 0.0003930 secs] [Times: user=0.00 sys=0.00, real=0.00 secs] 
353.505: Total time for which application threads were stopped: 0.0004930 seconds, Stopping threads took: 0.0000420 seconds
353.542: Application time: 0.0366450 seconds
353.544: [GC [PSYoungGen: 15359K->480K(15872K)] 31269K->16414K(38400K), 0.0004310 secs] [Times: user=0.00 sys=0.00, real=0.00 secs] 
353.544: Total time for which application threads were stopped: 0.0025430 seconds, Stopping threads took: 0.0020500 seconds
353.601: Application time: 0.0570900 seconds
353.602: [GC [PSYoungGen: 15323K->512K(15872K)] 31257K->16462K(38400K), 0.0004620 secs] [Times: user=0.00 sys=0.00, real=0.00 secs] 
353.602: Total time for which application threads were stopped: 0.0005860 seconds, Stopping threads took: 0.0000600 seconds
353.663: Application time: 0.0607590 seconds
353.663: [GC [PSYoungGen: 15359K->688K(15872K)] 31309K->16678K(38400K), 0.0004930 secs] [Times: user=0.00 sys=0.00, real=0.00 secs] 
353.663: Total time for which application threads were stopped: 0.0006220 seconds, Stopping threads took: 0.0000650 seconds
353.728: Application time: 0.0648210 seconds
353.728: [GC [PSYoungGen: 15535K->0K(15872K)] 31525K->16743K(38400K), 0.0005110 secs] [Times: user=0.00 sys=0.00, real=0.00 secs] 
353.729: Total time for which application threads were stopped: 0.0006500 seconds, Stopping threads took: 0.0000770 seconds
353.794: Application time: 0.0655820 seconds
353.795: [GC [PSYoungGen: 14847K->0K(15872K)] 31590K->16743K(38400K), 0.0004040 secs] [Times: user=0.00 sys=0.00, real=0.00 secs] 
353.795: Total time for which application threads were stopped: 0.0005090 seconds, Stopping threads took: 0.0000500 seconds
353.852: Application time: 0.0569460 seconds
353.852: [GC [PSYoungGen: 14844K->384K(15872K)] 31587K->17127K(38400K), 0.0005260 secs] [Times: user=0.00 sys=0.00, real=0.00 secs] 
353.853: Total time for which application threads were stopped: 0.0006300 seconds, Stopping threads took: 0.0000450 seconds
353.906: Application time: 0.0532610 seconds
353.906: [GC [PSYoungGen: 15231K->352K(15872K)] 31974K->17167K(38400K), 0.0004050 secs] [Times: user=0.00 sys=0.00, real=0.00 secs] 
353.906: Total time for which application threads were stopped: 0.0005370 seconds, Stopping threads took: 0.0000720 seconds
353.954: Application time: 0.0477040 seconds
353.954: [GC [PSYoungGen: 15196K->928K(15360K)] 32011K->17751K(37888K), 0.0005340 secs] [Times: user=0.00 sys=0.00, real=0.00 secs] 
353.955: Total time for which application threads were stopped: 0.0006660 seconds, Stopping threads took: 0.0000600 seconds
354.010: Application time: 0.0553510 seconds
354.010: [GC [PSYoungGen: 15261K->256K(14848K)] 32084K->17716K(37376K), 0.0005890 secs] [Times: user=0.00 sys=0.00, real=0.00 secs] 
354.011: Total time for which application threads were stopped: 0.0007230 seconds, Stopping threads took: 0.0000690 seconds
354.073: Application time: 0.0618250 seconds
354.073: [GC [PSYoungGen: 14588K->352K(15360K)] 32049K->17820K(37888K), 0.0003950 secs] [Times: user=0.01 sys=0.00, real=0.00 secs] 
354.073: Total time for which application threads were stopped: 0.0005110 seconds, Stopping threads took: 0.0000560 seconds
354.123: Application time: 0.0495040 seconds
354.123: [GC [PSYoungGen: 14686K->384K(15360K)] 32155K->18073K(37888K), 0.0004350 secs] [Times: user=0.00 sys=0.00, real=0.00 secs] 
354.123: Total time for which application threads were stopped: 0.0005790 seconds, Stopping threads took: 0.0000800 seconds
354.179: Application time: 0.0561600 seconds
354.179: [GC [PSYoungGen: 14717K->352K(15360K)] 32406K->18049K(37888K), 0.0004000 secs] [Times: user=0.00 sys=0.00, real=0.00 secs] 
354.180: Total time for which application threads were stopped: 0.0005260 seconds, Stopping threads took: 0.0000610 seconds
354.240: Application time: 0.0597420 seconds
354.240: [GC [PSYoungGen: 14687K->512K(15360K)] 32385K->18225K(37888K), 0.0004130 secs] [Times: user=0.01 sys=0.00, real=0.00 secs] 
354.240: Total time for which application threads were stopped: 0.0005260 seconds, Stopping threads took: 0.0000530 seconds
354.284: Application time: 0.0440360 seconds
354.284: [GC [PSYoungGen: 14847K->576K(15360K)] 32561K->18510K(37888K), 0.0004350 secs] [Times: user=0.00 sys=0.00, real=0.00 secs] 
354.285: Total time for which application threads were stopped: 0.0005590 seconds, Stopping threads took: 0.0000610 seconds
354.346: Application time: 0.0610040 seconds
354.346: [GC [PSYoungGen: 14909K->384K(15360K)] 32843K->18554K(37888K), 0.0004080 secs] [Times: user=0.00 sys=0.00, real=0.00 secs] 
354.346: Total time for which application threads were stopped: 0.0005270 seconds, Stopping threads took: 0.0000550 seconds
354.407: Application time: 0.0610440 seconds
354.412: [GC [PSYoungGen: 14717K->384K(15360K)] 32887K->18783K(37888K), 0.0004320 secs] [Times: user=0.00 sys=0.00, real=0.00 secs] 
354.412: Total time for which application threads were stopped: 0.0049610 seconds, Stopping threads took: 0.0044650 seconds
354.475: Application time: 0.0630770 seconds
354.480: [GC [PSYoungGen: 14719K->0K(15360K)] 33118K->18623K(37888K), 0.0005270 secs] [Times: user=0.01 sys=0.00, real=0.00 secs] 
354.480: Total time for which application threads were stopped: 0.0050520 seconds, Stopping threads took: 0.0044520 seconds
354.542: Application time: 0.0612420 seconds
354.542: [GC [PSYoungGen: 14335K->384K(15360K)] 32958K->19007K(37888K), 0.0004490 secs] [Times: user=0.00 sys=0.00, real=0.00 secs] 
354.542: Total time for which application threads were stopped: 0.0005900 seconds, Stopping threads took: 0.0000760 seconds
354.595: Application time: 0.0531160 seconds
354.596: [GC [PSYoungGen: 14717K->384K(15360K)] 33340K->19271K(37888K), 0.0004250 secs] [Times: user=0.00 sys=0.00, real=0.00 secs] 
354.596: Total time for which application threads were stopped: 0.0005520 seconds, Stopping threads took: 0.0000630 seconds
354.649: Application time: 0.0526620 seconds
354.649: [GC [PSYoungGen: 14719K->352K(15360K)] 33606K->19263K(37888K), 0.0004030 secs] [Times: user=0.01 sys=0.00, real=0.00 secs] 
354.649: Total time for which application threads were stopped: 0.0005190 seconds, Stopping threads took: 0.0000570 seconds
354.710: Application time: 0.0606830 seconds
354.710: [GC [PSYoungGen: 14683K->608K(15360K)] 33594K->19583K(37888K), 0.0004290 secs] [Times: user=0.00 sys=0.00, real=0.00 secs] 
354.710: Total time for which application threads were stopped: 0.0005650 seconds, Stopping threads took: 0.0000710 seconds
354.774: Application time: 0.0632040 seconds
354.774: [GC [PSYoungGen: 14943K->0K(15360K)] 33918K->19419K(37888K), 0.0004600 secs] [Times: user=0.00 sys=0.00, real=0.00 secs] 
354.774: Total time for which application threads were stopped: 0.0005790 seconds, Stopping threads took: 0.0000550 seconds
354.838: Application time: 0.0634590 seconds
354.838: [GC [PSYoungGen: 14335K->0K(15360K)] 33754K->19419K(37888K), 0.0003480 secs] [Times: user=0.00 sys=0.00, real=0.00 secs] 
354.838: Total time for which application threads were stopped: 0.0004730 seconds, Stopping threads took: 0.0000610 seconds
354.903: Application time: 0.0646780 seconds
354.903: [GC [PSYoungGen: 14333K->0K(15360K)] 33752K->19419K(37888K), 0.0004360 secs] [Times: user=0.00 sys=0.00, real=0.00 secs] 
354.903: Total time for which application threads were stopped: 0.0005530 seconds, Stopping threads took: 0.0000590 seconds
354.955: Application time: 0.0520910 seconds
354.956: [GC [PSYoungGen: 14334K->384K(15360K)] 33754K->19803K(37888K), 0.0004150 secs] [Times: user=0.01 sys=0.00, real=0.00 secs] 
354.956: Total time for which application threads were stopped: 0.0005420 seconds, Stopping threads took: 0.0000600 seconds
355.010: Application time: 0.0536860 seconds
355.010: [GC [PSYoungGen: 14716K->480K(15360K)] 34136K->19963K(37888K), 0.0004340 secs] [Times: user=0.00 sys=0.00, real=0.00 secs] 
355.010: Total time for which application threads were stopped: 0.0005730 seconds, Stopping threads took: 0.0000650 seconds
355.071: Application time: 0.0610670 seconds
355.071: [GC [PSYoungGen: 14813K->544K(15360K)] 34297K->20059K(37888K), 0.0004260 secs] [Times: user=0.00 sys=0.00, real=0.01 secs] 
355.072: Total time for which application threads were stopped: 0.0005390 seconds, Stopping threads took: 0.0000540 seconds
355.136: Application time: 0.0639930 seconds
355.136: [GC [PSYoungGen: 14879K->0K(15360K)] 34394K->19932K(37888K), 0.0003910 secs] [Times: user=0.00 sys=0.00, real=0.00 secs] 
355.136: Total time for which application threads were stopped: 0.0005060 seconds, Stopping threads took: 0.0000560 seconds
355.200: Application time: 0.0632290 seconds
355.200: [GC [PSYoungGen: 14332K->0K(15360K)] 34265K->19932K(37888K), 0.0003630 secs] [Times: user=0.00 sys=0.00, real=0.00 secs] 
355.200: Total time for which application threads were stopped: 0.0004780 seconds, Stopping threads took: 0.0000490 seconds
355.251: Application time: 0.0504530 seconds
355.251: [GC [PSYoungGen: 14334K->512K(15360K)] 34267K->20444K(37888K), 0.0004250 secs] [Times: user=0.00 sys=0.00, real=0.00 secs] 
355.251: Total time for which application threads were stopped: 0.0005280 seconds, Stopping threads took: 0.0000410 seconds
355.289: Application time: 0.0381890 seconds
355.289: [GC [PSYoungGen: 14846K->512K(15360K)] 34779K->20468K(37888K), 0.0004230 secs] [Times: user=0.00 sys=0.00, real=0.00 secs] 
355.290: Total time for which application threads were stopped: 0.0005480 seconds, Stopping threads took: 0.0000660 seconds
355.348: Application time: 0.0584270 seconds
355.348: [GC [PSYoungGen: 14846K->608K(15360K)] 34802K->20580K(37888K), 0.0004250 secs] [Times: user=0.01 sys=0.00, real=0.00 secs] 
355.349: Total time for which application threads were stopped: 0.0005470 seconds, Stopping threads took: 0.0000600 seconds
355.409: Application time: 0.0600340 seconds
355.409: [GC [PSYoungGen: 14941K->480K(15360K)] 34914K->20841K(37888K), 0.0005360 secs] [Times: user=0.00 sys=0.00, real=0.00 secs] 
355.409: Total time for which application threads were stopped: 0.0006680 seconds, Stopping threads took: 0.0000660 seconds
355.472: Application time: 0.0626190 seconds
355.472: [GC [PSYoungGen: 14812K->0K(15360K)] 35174K->20782K(37888K), 0.0004290 secs] [Times: user=0.00 sys=0.00, real=0.00 secs] 
355.473: Total time for which application threads were stopped: 0.0005490 seconds, Stopping threads took: 0.0000610 seconds
355.536: Application time: 0.0631540 seconds
355.536: [GC [PSYoungGen: 14335K->0K(15360K)] 35117K->20782K(37888K), 0.0003730 secs] [Times: user=0.01 sys=0.00, real=0.00 secs] 
355.536: Total time for which application threads were stopped: 0.0005140 seconds, Stopping threads took: 0.0000690 seconds
355.582: Application time: 0.0459530 seconds
355.582: [GC [PSYoungGen: 14332K->320K(15360K)] 35114K->21102K(37888K), 0.0004200 secs] [Times: user=0.01 sys=0.00, real=0.00 secs] 
355.583: Total time for which application threads were stopped: 0.0005380 seconds, Stopping threads took: 0.0000610 seconds
355.642: Application time: 0.0591850 seconds
355.642: [GC [PSYoungGen: 14655K->352K(15360K)] 35437K->21190K(37888K), 0.0004200 secs] [Times: user=0.00 sys=0.00, real=0.00 secs] 
355.643: Total time for which application threads were stopped: 0.0005440 seconds, Stopping threads took: 0.0000650 seconds
355.687: Application time: 0.0445060 seconds
355.687: [GC [PSYoungGen: 14687K->928K(14848K)] 35525K->21782K(37376K), 0.0005410 secs] [Times: user=0.01 sys=0.00, real=0.00 secs] 
355.689: Total time for which application threads were stopped: 0.0016440 seconds, Stopping threads took: 0.0000600 seconds
355.743: Application time: 0.0542940 seconds
355.743: [GC [PSYoungGen: 14749K->384K(14336K)] 35603K->22019K(36864K), 0.0006070 secs] [Times: user=0.00 sys=0.00, real=0.00 secs] 
355.744: Total time for which application threads were stopped: 0.0007520 seconds, Stopping threads took: 0.0000780 seconds
355.801: Application time: 0.0567720 seconds
355.801: [GC [PSYoungGen: 14207K->480K(14848K)] 35842K->22131K(37376K), 0.0004890 secs] [Times: user=0.01 sys=0.00, real=0.00 secs] 
355.801: Total time for which application threads were stopped: 0.0006120 seconds, Stopping threads took: 0.0000550 seconds
355.845: Application time: 0.0439150 seconds
355.845: [GC [PSYoungGen: 14303K->512K(14848K)] 35955K->22376K(37376K), 0.0004540 secs] [Times: user=0.00 sys=0.00, real=0.00 secs] 
355.846: Total time for which application threads were stopped: 0.0005740 seconds, Stopping threads took: 0.0000510 seconds
355.905: Application time: 0.0591150 seconds
355.905: [GC [PSYoungGen: 14284K->256K(14848K)] 36148K->22144K(37376K), 0.0003830 secs] [Times: user=0.00 sys=0.00, real=0.00 secs] 
355.905: Total time for which application threads were stopped: 0.0004990 seconds, Stopping threads took: 0.0000570 seconds
355.961: Application time: 0.0557110 seconds
355.961: [GC [PSYoungGen: 14076K->416K(14848K)] 35965K->22396K(37376K), 0.0004390 secs] [Times: user=0.00 sys=0.00, real=0.00 secs] 
355.962: [Full GC [PSYoungGen: 416K->0K(14848K)] [ParOldGen: 21980K->4447K(22528K)] 22396K->4447K(37376K) [PSPermGen: 5580K->5580K(21504K)], 0.0059870 secs] [Times: user=0.03 sys=0.00, real=0.01 secs] 
355.968: Total time for which application threads were stopped: 0.0065980 seconds, Stopping threads took: 0.0000590 seconds
356.011: Application time: 0.0438450 seconds
356.012: [GC [PSYoungGen: 13823K->672K(14848K)] 18270K->5119K(37376K), 0.0004260 secs] [Times: user=0.00 sys=0.00, real=0.01 secs] 
356.012: Total time for which application threads were stopped: 0.0005640 seconds, Stopping threads took: 0.0000750 seconds
356.071: Application time: 0.0588080 seconds
356.071: [GC [PSYoungGen: 14495K->352K(14848K)] 18943K->5020K(37376K), 0.0004000 secs] [Times: user=0.00 sys=0.00, real=0.00 secs] 
356.071: Total time for which application threads were stopped: 0.0005240 seconds, Stopping threads took: 0.0000490 seconds
356.130: Application time: 0.0585400 seconds
356.130: [GC [PSYoungGen: 14175K->352K(14848K)] 18843K->5248K(37376K), 0.0004440 secs] [Times: user=0.00 sys=0.00, real=0.00 secs] 
356.130: Total time for which application threads were stopped: 0.0005640 seconds, Stopping threads took: 0.0000620 seconds
356.192: Application time: 0.0613630 seconds
356.194: [GC [PSYoungGen: 14173K->0K(14848K)] 19070K->5112K(37376K), 0.0003830 secs] [Times: user=0.00 sys=0.00, real=0.00 secs] 
356.194: Total time for which application threads were stopped: 0.0025960 seconds, Stopping threads took: 0.0021510 seconds
356.253: Application time: 0.0587170 seconds
356.253: [GC [PSYoungGen: 13822K->416K(14848K)] 18934K->5529K(37376K), 0.0003710 secs] [Times: user=0.01 sys=0.00, real=0.00 secs] 
356.254: Total time for which application threads were stopped: 0.0005030 seconds, Stopping threads took: 0.0000730 seconds
356.312: Application time: 0.0584340 seconds
356.312: [GC [PSYoungGen: 14237K->352K(14848K)] 19350K->5713K(37376K), 0.0004100 secs] [Times: user=0.00 sys=0.00, real=0.00 secs] 
356.313: Total time for which application threads were stopped: 0.0005420 seconds, Stopping threads took: 0.0000690 seconds
356.356: Application time: 0.0433100 seconds
356.356: [GC [PSYoungGen: 14173K->384K(14848K)] 19534K->5769K(37376K), 0.0003930 secs] [Times: user=0.00 sys=0.00, real=0.00 secs] 
356.356: Total time for which application threads were stopped: 0.0005060 seconds, Stopping threads took: 0.0000510 seconds
356.416: Application time: 0.0592750 seconds
356.416: [GC [PSYoungGen: 14205K->416K(14848K)] 19590K->6045K(37376K), 0.0004280 secs] [Times: user=0.00 sys=0.00, real=0.00 secs] 
356.416: Total time for which application threads were stopped: 0.0005340 seconds, Stopping threads took: 0.0000450 seconds
356.477: Application time: 0.0604300 seconds
356.477: [GC [PSYoungGen: 14236K->288K(14848K)] 19866K->6298K(37376K), 0.0004420 secs] [Times: user=0.00 sys=0.00, real=0.00 secs] 
356.477: Total time for which application threads were stopped: 0.0005740 seconds, Stopping threads took: 0.0000700 seconds
356.538: Application time: 0.0611580 seconds
356.538: [GC [PSYoungGen: 14109K->0K(14848K)] 20119K->6222K(37376K), 0.0004510 secs] [Times: user=0.00 sys=0.00, real=0.00 secs] 
356.539: Total time for which application threads were stopped: 0.0005710 seconds, Stopping threads took: 0.0000500 seconds
356.600: Application time: 0.0609690 seconds
356.600: [GC [PSYoungGen: 13821K->0K(14848K)] 20044K->6222K(37376K), 0.0003420 secs] [Times: user=0.00 sys=0.00, real=0.00 secs] 
356.600: Total time for which application threads were stopped: 0.0004670 seconds, Stopping threads took: 0.0000510 seconds
356.659: Application time: 0.0582890 seconds
356.659: [GC [PSYoungGen: 13821K->352K(14848K)] 20044K->6574K(37376K), 0.0003820 secs] [Times: user=0.00 sys=0.00, real=0.00 secs] 
356.659: Total time for which application threads were stopped: 0.0005110 seconds, Stopping threads took: 0.0000640 seconds
356.703: Application time: 0.0434670 seconds
356.703: [GC [PSYoungGen: 14173K->400K(14848K)] 20396K->6638K(37376K), 0.0003880 secs] [Times: user=0.00 sys=0.00, real=0.00 secs] 
356.703: Total time for which application threads were stopped: 0.0004970 seconds, Stopping threads took: 0.0000520 seconds
356.761: Application time: 0.0583270 seconds
356.762: [GC [PSYoungGen: 14221K->416K(14848K)] 20459K->6894K(37376K), 0.0004040 secs] [Times: user=0.00 sys=0.00, real=0.00 secs] 
356.762: Total time for which application threads were stopped: 0.0005190 seconds, Stopping threads took: 0.0000520 seconds
356.822: Application time: 0.0600330 seconds
356.822: [GC [PSYoungGen: 14237K->384K(14848K)] 20715K->7083K(37376K), 0.0003940 secs] [Times: user=0.00 sys=0.00, real=0.00 secs] 
356.823: Total time for which application threads were stopped: 0.0005000 seconds, Stopping threads took: 0.0000470 seconds
356.883: Application time: 0.0608160 seconds
356.883: [GC [PSYoungGen: 14205K->0K(14848K)] 20905K->6911K(37376K), 0.0003800 secs] [Times: user=0.00 sys=0.00, real=0.01 secs] 
356.884: Total time for which application threads were stopped: 0.0005090 seconds, Stopping threads took: 0.0000690 seconds
356.941: Application time: 0.0574490 seconds
356.941: [GC [PSYoungGen: 13819K->352K(14848K)] 20731K->7263K(37376K), 0.0003750 secs] [Times: user=0.00 sys=0.00, real=0.00 secs] 
356.942: Total time for which application threads were stopped: 0.0005000 seconds, Stopping threads took: 0.0000640 seconds
356.983: Application time: 0.0410470 seconds
356.983: [GC [PSYoungGen: 14172K->512K(14848K)] 21084K->7447K(37376K), 0.0004390 secs] [Times: user=0.00 sys=0.00, real=0.00 secs] 
356.983: Total time for which application threads were stopped: 0.0005560 seconds, Stopping threads took: 0.0000600 seconds
357.027: Application time: 0.0435230 seconds
357.027: [GC [PSYoungGen: 14333K->448K(14848K)] 21269K->7604K(37376K), 0.0004020 secs] [Times: user=0.00 sys=0.00, real=0.00 secs] 
357.027: Total time for which application threads were stopped: 0.0005200 seconds, Stopping threads took: 0.0000570 seconds
357.085: Application time: 0.0574510 seconds
357.085: [GC [PSYoungGen: 14269K->544K(14848K)] 21425K->7948K(37376K), 0.0004320 secs] [Times: user=0.00 sys=0.00, real=0.00 secs] 
357.085: Total time for which application threads were stopped: 0.0005480 seconds, Stopping threads took: 0.0000550 seconds
357.144: Application time: 0.0586990 seconds
357.144: [GC [PSYoungGen: 14366K->512K(14848K)] 21771K->8156K(37376K), 0.0004510 secs] [Times: user=0.00 sys=0.00, real=0.00 secs] 
357.145: Total time for which application threads were stopped: 0.0005870 seconds, Stopping threads took: 0.0000620 seconds
357.205: Application time: 0.0604190 seconds
357.205: [GC [PSYoungGen: 14335K->0K(14848K)] 21980K->8053K(37376K), 0.0004490 secs] [Times: user=0.00 sys=0.00, real=0.00 secs] 
357.206: Total time for which application threads were stopped: 0.0005680 seconds, Stopping threads took: 0.0000570 seconds
357.264: Application time: 0.0578550 seconds
357.264: [GC [PSYoungGen: 13821K->352K(14848K)] 21874K->8405K(37376K), 0.0003670 secs] [Times: user=0.00 sys=0.00, real=0.01 secs] 
357.264: Total time for which application threads were stopped: 0.0004820 seconds, Stopping threads took: 0.0000500 seconds
357.308: Application time: 0.0436970 seconds
357.308: [GC [PSYoungGen: 14171K->352K(14848K)] 22225K->8421K(37376K), 0.0004370 secs] [Times: user=0.00 sys=0.00, real=0.00 secs] 
357.308: Total time for which application threads were stopped: 0.0005540 seconds, Stopping threads took: 0.0000580 seconds
357.367: Application time: 0.0588240 seconds
357.367: [GC [PSYoungGen: 14175K->384K(14848K)] 22245K->8714K(37376K), 0.0004130 secs] [Times: user=0.00 sys=0.00, real=0.00 secs] 
357.368: Total time for which application threads were stopped: 0.0005350 seconds, Stopping threads took: 0.0000640 seconds
357.410: Application time: 0.0421460 seconds
357.410: [GC [PSYoungGen: 14204K->912K(14848K)] 22534K->9250K(37376K), 0.0004840 secs] [Times: user=0.00 sys=0.00, real=0.00 secs] 
357.410: Total time for which application threads were stopped: 0.0006040 seconds, Stopping threads took: 0.0000570 seconds
357.465: Application time: 0.0547270 seconds
357.465: [GC [PSYoungGen: 14732K->512K(14848K)] 23071K->9315K(37376K), 0.0004890 secs] [Times: user=0.00 sys=0.00, real=0.00 secs] 
357.466: Total time for which application threads were stopped: 0.0006130 seconds, Stopping threads took: 0.0000650 seconds
357.516: Application time: 0.0501750 seconds
357.516: [GC [PSYoungGen: 14334K->480K(14848K)] 23137K->9503K(37376K), 0.0004640 secs] [Times: user=0.00 sys=0.00, real=0.00 secs] 
357.517: Total time for which application threads were stopped: 0.0005820 seconds, Stopping threads took: 0.0000490 seconds
357.569: Application time: 0.0519330 seconds
357.569: [GC [PSYoungGen: 14303K->320K(14848K)] 23327K->9572K(37376K), 0.0004170 secs] [Times: user=0.00 sys=0.00, real=0.00 secs] 
357.569: Total time for which application threads were stopped: 0.0005340 seconds, Stopping threads took: 0.0000580 seconds
357.628: Application time: 0.0594170 seconds
357.629: [GC [PSYoungGen: 14141K->352K(14848K)] 23393K->9636K(37376K), 0.0004280 secs] [Times: user=0.00 sys=0.00, real=0.00 secs] 
357.629: Total time for which application threads were stopped: 0.0005400 seconds, Stopping threads took: 0.0000520 seconds
357.686: Application time: 0.0566600 seconds
357.686: [GC [PSYoungGen: 14175K->448K(14848K)] 23459K->9937K(37376K), 0.0004870 secs] [Times: user=0.00 sys=0.00, real=0.00 secs] 
357.686: Total time for which application threads were stopped: 0.0006080 seconds, Stopping threads took: 0.0000530 seconds
357.731: Application time: 0.0443280 seconds
357.731: [GC [PSYoungGen: 14269K->544K(14848K)] 23758K->10041K(37376K), 0.0003980 secs] [Times: user=0.01 sys=0.00, real=0.00 secs] 
357.731: Total time for which application threads were stopped: 0.0005190 seconds, Stopping threads took: 0.0000600 seconds
357.790: Application time: 0.0590780 seconds
357.792: [GC [PSYoungGen: 14280K->224K(14848K)] 23777K->9925K(37376K), 0.0004050 secs] [Times: user=0.00 sys=0.00, real=0.00 secs] 
357.792: Total time for which application threads were stopped: 0.0020830 seconds, Stopping threads took: 0.0016100 seconds
357.850: Application time: 0.0581100 seconds
357.850: [GC [PSYoungGen: 14046K->544K(14848K)] 23748K->10330K(37376K), 0.0004070 secs] [Times: user=0.00 sys=0.00, real=0.00 secs] 
357.851: Total time for which application threads were stopped: 0.0005250 seconds, Stopping threads took: 0.0000490 seconds
357.912: Application time: 0.0614040 seconds
357.912: [GC [PSYoungGen: 14367K->0K(14848K)] 24153K->10130K(37376K), 0.0003800 secs] [Times: user=0.00 sys=0.00, real=0.00 secs] 
357.913: Total time for which application threads were stopped: 0.0004940 seconds, Stopping threads took: 0.0000580 seconds
357.971: Application time: 0.0585640 seconds
357.971: [GC [PSYoungGen: 13823K->400K(14848K)] 23953K->10530K(37376K), 0.0004020 secs] [Times: user=0.00 sys=0.00, real=0.01 secs] 
357.972: Total time for which application threads were stopped: 0.0005180 seconds, Stopping threads took: 0.0000590 seconds
358.025: Application time: 0.0533560 seconds
358.025: [GC [PSYoungGen: 14221K->384K(14848K)] 24351K->10766K(37376K), 0.0004130 secs] [Times: user=0.01 sys=0.00, real=0.00 secs] 
358.026: Total time for which application threads were stopped: 0.0005510 seconds, Stopping threads took: 0.0000660 seconds
358.074: Application time: 0.0479550 seconds
358.074: [GC [PSYoungGen: 14203K->288K(14848K)] 24586K->10678K(37376K), 0.0004240 secs] [Times: user=0.00 sys=0.00, real=0.00 secs] 
358.074: Total time for which application threads were stopped: 0.0005380 seconds, Stopping threads took: 0.0000550 seconds
358.132: Application time: 0.0572430 seconds
358.132: [GC [PSYoungGen: 14109K->544K(14848K)] 24500K->10990K(37376K), 0.0004320 secs] [Times: user=0.00 sys=0.00, real=0.01 secs] 
358.132: Total time for which application threads were stopped: 0.0005560 seconds, Stopping threads took: 0.0000610 seconds
358.193: Application time: 0.0612620 seconds
358.193: [GC [PSYoungGen: 14363K->0K(14848K)] 24810K->10886K(37376K), 0.0004130 secs] [Times: user=0.00 sys=0.00, real=0.00 secs] 
358.194: Total time for which application threads were stopped: 0.0005520 seconds, Stopping threads took: 0.0000640 seconds
358.255: Application time: 0.0613180 seconds
358.255: [GC [PSYoungGen: 13823K->0K(14848K)] 24710K->10886K(37376K), 0.0004490 secs] [Times: user=0.00 sys=0.00, real=0.00 secs] 
358.256: Total time for which application threads were stopped: 0.0005740 seconds, Stopping threads took: 0.0000620 seconds
358.317: Application time: 0.0608500 seconds
358.317: [GC [PSYoungGen: 13821K->0K(14848K)] 24708K->10886K(37376K), 0.0003370 secs] [Times: user=0.00 sys=0.00, real=0.00 secs] 
358.317: Total time for which application threads were stopped: 0.0004630 seconds, Stopping threads took: 0.0000680 seconds
358.373: Application time: 0.0558820 seconds
358.373: [GC [PSYoungGen: 13823K->160K(14848K)] 24710K->11046K(37376K), 0.0003450 secs] [Times: user=0.00 sys=0.00, real=0.00 secs] 
358.374: Total time for which application threads were stopped: 0.0004690 seconds, Stopping threads took: 0.0000610 seconds
358.419: Application time: 0.0457770 seconds
358.419: [GC [PSYoungGen: 13980K->384K(14848K)] 24866K->11278K(37376K), 0.0004130 secs] [Times: user=0.01 sys=0.00, real=0.00 secs] 
358.420: Total time for which application threads were stopped: 0.0005500 seconds, Stopping threads took: 0.0000670 seconds
358.478: Application time: 0.0578210 seconds
358.478: [GC [PSYoungGen: 14206K->480K(14848K)] 25101K->11422K(37376K), 0.0004760 secs] [Times: user=0.01 sys=0.00, real=0.00 secs] 
358.478: Total time for which application threads were stopped: 0.0005860 seconds, Stopping threads took: 0.0000470 seconds
358.539: Application time: 0.0611800 seconds
358.540: [GC [PSYoungGen: 14301K->0K(14848K)] 25244K->11351K(37376K), 0.0004230 secs] [Times: user=0.00 sys=0.00, real=0.00 secs] 
358.540: Total time for which application threads were stopped: 0.0005490 seconds, Stopping threads took: 0.0000620 seconds
358.601: Application time: 0.0611030 seconds
358.601: [GC [PSYoungGen: 13823K->0K(14848K)] 25175K->11351K(37376K), 0.0003390 secs] [Times: user=0.00 sys=0.00, real=0.00 secs] 
358.602: Total time for which application threads were stopped: 0.0004710 seconds, Stopping threads took: 0.0000640 seconds
358.658: Application time: 0.0562710 seconds
358.658: [GC [PSYoungGen: 13823K->352K(14848K)] 25175K->11704K(37376K), 0.0003890 secs] [Times: user=0.00 sys=0.00, real=0.00 secs] 
358.658: Total time for which application threads were stopped: 0.0005180 seconds, Stopping threads took: 0.0000670 seconds
358.699: Application time: 0.0410420 seconds
358.699: [GC [PSYoungGen: 14174K->480K(14848K)] 25526K->11848K(37376K), 0.0004870 secs] [Times: user=0.00 sys=0.00, real=0.00 secs] 
358.700: Total time for which application threads were stopped: 0.0006170 seconds, Stopping threads took: 0.0000560 seconds
358.745: Application time: 0.0453510 seconds
358.745: [GC [PSYoungGen: 14302K->352K(14848K)] 25670K->11956K(37376K), 0.0004150 secs] [Times: user=0.00 sys=0.00, real=0.00 secs] 
358.746: Total time for which application threads were stopped: 0.0005490 seconds, Stopping threads took: 0.0000720 seconds
358.803: Application time: 0.0569220 seconds
358.803: [GC [PSYoungGen: 14173K->720K(14848K)] 25777K->12372K(37376K), 0.0005320 secs] [Times: user=0.00 sys=0.00, real=0.00 secs] 
358.803: Total time for which application threads were stopped: 0.0006420 seconds, Stopping threads took: 0.0000420 seconds
358.863: Application time: 0.0596680 seconds
358.863: [GC [PSYoungGen: 14543K->320K(14848K)] 26195K->12413K(37376K), 0.0004640 secs] [Times: user=0.00 sys=0.00, real=0.00 secs] 
358.864: Total time for which application threads were stopped: 0.0005910 seconds, Stopping threads took: 0.0000610 seconds
358.924: Application time: 0.0605250 seconds
358.924: [GC [PSYoungGen: 14143K->0K(14848K)] 26237K->12330K(37376K), 0.0004030 secs] [Times: user=0.00 sys=0.00, real=0.00 secs] 
358.925: Total time for which application threads were stopped: 0.0005400 seconds, Stopping threads took: 0.0000720 seconds
358.981: Application time: 0.0563660 seconds
358.984: [GC [PSYoungGen: 13821K->352K(14848K)] 26151K->12682K(37376K), 0.0004080 secs] [Times: user=0.00 sys=0.00, real=0.00 secs] 
358.984: Total time for which application threads were stopped: 0.0031120 seconds, Stopping threads took: 0.0026430 seconds
359.030: Application time: 0.0452740 seconds
359.030: [GC [PSYoungGen: 14174K->384K(14848K)] 26504K->12730K(37376K), 0.0004040 secs] [Times: user=0.00 sys=0.00, real=0.00 secs] 
359.030: Total time for which application threads were stopped: 0.0005560 seconds, Stopping threads took: 0.0000900 seconds
359.087: Application time: 0.0572910 seconds
359.092: [GC [PSYoungGen: 14137K->448K(14848K)] 26483K->12850K(37376K), 0.0004530 secs] [Times: user=0.00 sys=0.00, real=0.00 secs] 
359.092: Total time for which application threads were stopped: 0.0049300 seconds, Stopping threads took: 0.0044180 seconds
359.139: Application time: 0.0466830 seconds
359.139: [GC [PSYoungGen: 14269K->736K(14848K)] 26671K->13419K(37376K), 0.0004940 secs] [Times: user=0.01 sys=0.00, real=0.00 secs] 
359.140: Total time for which application threads were stopped: 0.0006260 seconds, Stopping threads took: 0.0000660 seconds
359.192: Application time: 0.0520110 seconds
359.192: [GC [PSYoungGen: 14559K->320K(14848K)] 27242K->13375K(37376K), 0.0004700 secs] [Times: user=0.00 sys=0.00, real=0.01 secs] 
359.192: Total time for which application threads were stopped: 0.0005840 seconds, Stopping threads took: 0.0000540 seconds
359.235: Application time: 0.0431650 seconds
359.236: [GC [PSYoungGen: 14141K->544K(14848K)] 27197K->13607K(37376K), 0.0004220 secs] [Times: user=0.01 sys=0.00, real=0.00 secs] 
359.236: Total time for which application threads were stopped: 0.0005490 seconds, Stopping threads took: 0.0000560 seconds
359.293: Application time: 0.0575200 seconds
359.294: [GC [PSYoungGen: 14365K->320K(14848K)] 27429K->13604K(37376K), 0.0004080 secs] [Times: user=0.00 sys=0.00, real=0.00 secs] 
359.294: Total time for which application threads were stopped: 0.0005320 seconds, Stopping threads took: 0.0000650 seconds
359.353: Application time: 0.0592700 seconds
359.353: [GC [PSYoungGen: 14143K->352K(14848K)] 27427K->13660K(37376K), 0.0003940 secs] [Times: user=0.00 sys=0.00, real=0.00 secs] 
359.354: Total time for which application threads were stopped: 0.0005280 seconds, Stopping threads took: 0.0000710 seconds
359.411: Application time: 0.0574290 seconds
359.412: [GC [PSYoungGen: 14172K->448K(14848K)] 27480K->13969K(37376K), 0.0005020 secs] [Times: user=0.00 sys=0.00, real=0.00 secs] 
359.412: Total time for which application threads were stopped: 0.0011160 seconds, Stopping threads took: 0.0005570 seconds
359.456: Application time: 0.0434990 seconds
359.456: [GC [PSYoungGen: 14271K->544K(14848K)] 27792K->14081K(37376K), 0.0004110 secs] [Times: user=0.00 sys=0.00, real=0.00 secs] 
359.456: Total time for which application threads were stopped: 0.0005320 seconds, Stopping threads took: 0.0000610 seconds
359.517: Application time: 0.0602540 seconds
359.517: [GC [PSYoungGen: 14367K->0K(14848K)] 27904K->13773K(37376K), 0.0003890 secs] [Times: user=0.00 sys=0.00, real=0.00 secs] 
359.517: Total time for which application threads were stopped: 0.0005050 seconds, Stopping threads took: 0.0000480 seconds
359.575: Application time: 0.0577910 seconds
359.575: [GC [PSYoungGen: 13822K->576K(14848K)] 27595K->14349K(37376K), 0.0004360 secs] [Times: user=0.00 sys=0.00, real=0.00 secs] 
359.576: Total time for which application threads were stopped: 0.0005640 seconds, Stopping threads took: 0.0000680 seconds
359.635: Application time: 0.0593410 seconds
359.635: [GC [PSYoungGen: 14400K->192K(14848K)] 28173K->14398K(37376K), 0.0004360 secs] [Times: user=0.00 sys=0.00, real=0.00 secs] 
359.635: Total time for which application threads were stopped: 0.0005540 seconds, Stopping threads took: 0.0000550 seconds
359.695: Application time: 0.0600070 seconds
359.696: [GC [PSYoungGen: 14013K->352K(14848K)] 28220K->14654K(37376K), 0.0004240 secs] [Times: user=0.00 sys=0.00, real=0.00 secs] 
359.696: Total time for which application threads were stopped: 0.0005370 seconds, Stopping threads took: 0.0000510 seconds
359.749: Application time: 0.0532480 seconds
359.749: [GC [PSYoungGen: 14175K->320K(14848K)] 28478K->14798K(37376K), 0.0004090 secs] [Times: user=0.00 sys=0.00, real=0.00 secs] 
359.750: Total time for which application threads were stopped: 0.0005540 seconds, Stopping threads took: 0.0000690 seconds
359.798: Application time: 0.0482530 seconds
359.798: [GC [PSYoungGen: 14139K->448K(14848K)] 28618K->14934K(37376K), 0.0004150 secs] [Times: user=0.00 sys=0.00, real=0.00 secs] 
359.799: Total time for which application threads were stopped: 0.0005480 seconds, Stopping threads took: 0.0000720 seconds
359.856: Application time: 0.0572910 seconds
359.860: [GC [PSYoungGen: 14269K->576K(14848K)] 28756K->15118K(37376K), 0.0004660 secs] [Times: user=0.01 sys=0.00, real=0.00 secs] 
359.860: Total time for which application threads were stopped: 0.0044810 seconds, Stopping threads took: 0.0039490 seconds
359.921: Application time: 0.0610220 seconds
359.921: [GC [PSYoungGen: 14395K->0K(14848K)] 28938K->14979K(37376K), 0.0004500 secs] [Times: user=0.01 sys=0.00, real=0.00 secs] 
359.922: Total time for which application threads were stopped: 0.0005640 seconds, Stopping threads took: 0.0000480 seconds
359.983: Application time: 0.0611090 seconds
359.983: [GC [PSYoungGen: 13821K->0K(14848K)] 28801K->14979K(37376K), 0.0003440 secs] [Times: user=0.01 sys=0.00, real=0.00 secs] 
359.984: Total time for which application threads were stopped: 0.0004660 seconds, Stopping threads took: 0.0000610 seconds
360.045: Application time: 0.0609940 seconds
360.045: [GC [PSYoungGen: 13821K->0K(14848K)] 28801K->14979K(37376K), 0.0003440 secs] [Times: user=0.00 sys=0.00, real=0.00 secs] 
360.045: Total time for which application threads were stopped: 0.0004650 seconds, Stopping threads took: 0.0000610 seconds
360.098: Application time: 0.0532580 seconds
360.098: [GC [PSYoungGen: 13821K->384K(14848K)] 28801K->15363K(37376K), 0.0003980 secs] [Times: user=0.00 sys=0.00, real=0.00 secs] 
360.099: Total time for which application threads were stopped: 0.0005000 seconds, Stopping threads took: 0.0000430 seconds
360.147: Application time: 0.0487530 seconds
360.148: [GC [PSYoungGen: 14203K->352K(14848K)] 29183K->15387K(37376K), 0.0003900 secs] [Times: user=0.00 sys=0.00, real=0.00 secs] 
360.148: Total time for which application threads were stopped: 0.0005000 seconds, Stopping threads took: 0.0000520 seconds
360.206: Application time: 0.0577620 seconds
360.206: [GC [PSYoungGen: 14172K->512K(14848K)] 29208K->15555K(37376K), 0.0004320 secs] [Times: user=0.00 sys=0.00, real=0.00 secs] 
360.206: Total time for which application threads were stopped: 0.0005700 seconds, Stopping threads took: 0.0000760 seconds
360.268: Application time: 0.0612820 seconds
360.268: [GC [PSYoungGen: 14333K->0K(14848K)] 29377K->15456K(37376K), 0.0004430 secs] [Times: user=0.00 sys=0.00, real=0.00 secs] 
360.268: Total time for which application threads were stopped: 0.0005710 seconds, Stopping threads took: 0.0000500 seconds
360.329: Application time: 0.0609820 seconds
360.329: [GC [PSYoungGen: 13821K->0K(14848K)] 29278K->15456K(37376K), 0.0003400 secs] [Times: user=0.00 sys=0.00, real=0.00 secs] 
360.330: Total time for which application threads were stopped: 0.0004700 seconds, Stopping threads took: 0.0000620 seconds
360.386: Application time: 0.0561280 seconds
360.386: [GC [PSYoungGen: 13823K->352K(14848K)] 29280K->15808K(37376K), 0.0003800 secs] [Times: user=0.00 sys=0.00, real=0.00 secs] 
360.386: Total time for which application threads were stopped: 0.0005110 seconds, Stopping threads took: 0.0000700 seconds
360.421: Application time: 0.0344780 seconds
360.421: [GC [PSYoungGen: 14175K->320K(14848K)] 29631K->15784K(37376K), 0.0004240 secs] [Times: user=0.00 sys=0.00, real=0.00 secs] 
360.421: Total time for which application threads were stopped: 0.0005450 seconds, Stopping threads took: 0.0000590 seconds
360.473: Application time: 0.0516760 seconds
360.473: [GC [PSYoungGen: 14142K->432K(14848K)] 29606K->15912K(37376K), 0.0004810 secs] [Times: user=0.00 sys=0.00, real=0.00 secs] 
360.474: Total time for which application threads were stopped: 0.0006070 seconds, Stopping threads took: 0.0000590 seconds
360.531: Application time: 0.0574420 seconds
360.531: [GC [PSYoungGen: 14253K->768K(14848K)] 29733K->16320K(37376K), 0.0004710 secs] [Times: user=0.00 sys=0.00, real=0.00 secs] 
360.532: Total time for which application threads were stopped: 0.0006110 seconds, Stopping threads took: 0.0000760 seconds
360.591: Application time: 0.0596790 seconds
360.591: [GC [PSYoungGen: 14591K->384K(14848K)] 30143K->16385K(37376K), 0.0004360 secs] [Times: user=0.00 sys=0.00, real=0.01 secs] 
360.592: Total time for which application threads were stopped: 0.0005600 seconds, Stopping threads took: 0.0000640 seconds
360.653: Application time: 0.0609420 seconds
360.656: [GC [PSYoungGen: 14207K->0K(14848K)] 30209K->16225K(37376K), 0.0004480 secs] [Times: user=0.00 sys=0.00, real=0.00 secs] 
360.656: Total time for which application threads were stopped: 0.0034960 seconds, Stopping threads took: 0.0029930 seconds
360.711: Application time: 0.0546990 seconds
360.711: [GC [PSYoungGen: 13821K->384K(14848K)] 30047K->16609K(37376K), 0.0003870 secs] [Times: user=0.00 sys=0.00, real=0.01 secs] 
360.713: Total time for which application threads were stopped: 0.0016210 seconds, Stopping threads took: 0.0000860 seconds
360.761: Application time: 0.0479370 seconds
360.761: [GC [PSYoungGen: 14205K->352K(14848K)] 30431K->16641K(37376K), 0.0004780 secs] [Times: user=0.00 sys=0.00, real=0.00 secs] 
360.761: Total time for which application threads were stopped: 0.0006510 seconds, Stopping threads took: 0.0001130 seconds
360.817: Application time: 0.0562090 seconds
360.818: [GC [PSYoungGen: 14171K->672K(14848K)] 30461K->16977K(37376K), 0.0004320 secs] [Times: user=0.00 sys=0.00, real=0.00 secs] 
360.818: Total time for which application threads were stopped: 0.0005510 seconds, Stopping threads took: 0.0000480 seconds
360.860: Application time: 0.0418630 seconds
360.860: [GC [PSYoungGen: 14494K->608K(14848K)] 30800K->17234K(37376K), 0.0005470 secs] [Times: user=0.00 sys=0.00, real=0.00 secs] 
360.861: Total time for which application threads were stopped: 0.0006720 seconds, Stopping threads took: 0.0000610 seconds
360.917: Application time: 0.0568920 seconds
360.920: [GC [PSYoungGen: 14431K->480K(14848K)] 31058K->17458K(37376K), 0.0005630 secs] [Times: user=0.00 sys=0.00, real=0.00 secs] 
360.920: Total time for which application threads were stopped: 0.0030000 seconds, Stopping threads took: 0.0023720 seconds
360.963: Application time: 0.0426570 seconds
360.963: [GC [PSYoungGen: 14299K->544K(14848K)] 31278K->17530K(37376K), 0.0004210 secs] [Times: user=0.00 sys=0.00, real=0.00 secs] 
360.964: Total time for which application threads were stopped: 0.0005580 seconds, Stopping threads took: 0.0000730 seconds
361.024: Application time: 0.0601390 seconds
361.024: [GC [PSYoungGen: 14367K->0K(14848K)] 31354K->17396K(37376K), 0.0003890 secs] [Times: user=0.00 sys=0.00, real=0.00 secs] 
361.024: Total time for which application threads were stopped: 0.0005050 seconds, Stopping threads took: 0.0000550 seconds
361.084: Application time: 0.0592960 seconds
361.084: [GC [PSYoungGen: 13823K->288K(14848K)] 31219K->17684K(37376K), 0.0004640 secs] [Times: user=0.00 sys=0.00, real=0.01 secs] 
361.084: Total time for which application threads were stopped: 0.0005960 seconds, Stopping threads took: 0.0000650 seconds
361.139: Application time: 0.0549150 seconds
361.139: [GC [PSYoungGen: 14108K->544K(14848K)] 31504K->18160K(37376K), 0.0004830 secs] [Times: user=0.01 sys=0.00, real=0.00 secs] 
361.140: Total time for which application threads were stopped: 0.0006080 seconds, Stopping threads took: 0.0000620 seconds
361.184: Application time: 0.0444040 seconds
361.184: [GC [PSYoungGen: 14365K->576K(14848K)] 31981K->18224K(37376K), 0.0004120 secs] [Times: user=0.00 sys=0.00, real=0.00 secs] 
361.185: Total time for which application threads were stopped: 0.0005170 seconds, Stopping threads took: 0.0000410 seconds
361.244: Application time: 0.0591320 seconds
361.244: [GC [PSYoungGen: 14399K->288K(14848K)] 32048K->18149K(37376K), 0.0004720 secs] [Times: user=0.00 sys=0.00, real=0.00 secs] 
361.244: Total time for which application threads were stopped: 0.0005930 seconds, Stopping threads took: 0.0000550 seconds
361.303: Application time: 0.0586390 seconds
361.303: [GC [PSYoungGen: 14111K->384K(14848K)] 31972K->18465K(37376K), 0.0004160 secs] [Times: user=0.01 sys=0.00, real=0.00 secs] 
361.304: Total time for which application threads were stopped: 0.0005330 seconds, Stopping threads took: 0.0000520 seconds
361.363: Application time: 0.0589450 seconds
361.363: [GC [PSYoungGen: 14205K->384K(14848K)] 32286K->18694K(37376K), 0.0004480 secs] [Times: user=0.00 sys=0.00, real=0.00 secs] 
361.363: Total time for which application threads were stopped: 0.0005720 seconds, Stopping threads took: 0.0000540 seconds
361.424: Application time: 0.0605910 seconds
361.424: [GC [PSYoungGen: 14205K->0K(14848K)] 32515K->18562K(37376K), 0.0004240 secs] [Times: user=0.00 sys=0.00, real=0.00 secs] 
361.424: Total time for which application threads were stopped: 0.0005540 seconds, Stopping threads took: 0.0000560 seconds
361.474: Application time: 0.0498130 seconds
361.474: [GC [PSYoungGen: 13822K->384K(14848K)] 32384K->18946K(37376K), 0.0003970 secs] [Times: user=0.00 sys=0.00, real=0.00 secs] 
361.475: Total time for which application threads were stopped: 0.0005110 seconds, Stopping threads took: 0.0000560 seconds
361.527: Application time: 0.0524240 seconds
361.527: [GC [PSYoungGen: 14207K->352K(14848K)] 32769K->18922K(37376K), 0.0003940 secs] [Times: user=0.00 sys=0.00, real=0.00 secs] 
361.528: Total time for which application threads were stopped: 0.0005130 seconds, Stopping threads took: 0.0000570 seconds
361.585: Application time: 0.0573770 seconds
361.585: [GC [PSYoungGen: 14175K->576K(14848K)] 32745K->19202K(37376K), 0.0004350 secs] [Times: user=0.00 sys=0.00, real=0.00 secs] 
361.585: Total time for which application threads were stopped: 0.0005590 seconds, Stopping threads took: 0.0000620 seconds
361.646: Application time: 0.0609120 seconds
361.646: [GC [PSYoungGen: 14397K->0K(14848K)] 33024K->19079K(37376K), 0.0004550 secs] [Times: user=0.00 sys=0.00, real=0.00 secs] 
361.647: Total time for which application threads were stopped: 0.0005790 seconds, Stopping threads took: 0.0000660 seconds
361.708: Application time: 0.0609510 seconds
361.708: [GC [PSYoungGen: 13821K->0K(14848K)] 32901K->19079K(37376K), 0.0003390 secs] [Times: user=0.00 sys=0.00, real=0.00 secs] 
361.708: Total time for which application threads were stopped: 0.0004440 seconds, Stopping threads took: 0.0000430 seconds
361.769: Application time: 0.0608600 seconds
361.769: [GC [PSYoungGen: 13821K->0K(14848K)] 32901K->19079K(37376K), 0.0003500 secs] [Times: user=0.00 sys=0.00, real=0.00 secs] 
361.770: Total time for which application threads were stopped: 0.0004810 seconds, Stopping threads took: 0.0000700 seconds
361.829: Application time: 0.0588990 seconds
361.829: [GC [PSYoungGen: 13819K->320K(14848K)] 32899K->19399K(37376K), 0.0004160 secs] [Times: user=0.00 sys=0.00, real=0.00 secs] 
361.829: Total time for which application threads were stopped: 0.0005510 seconds, Stopping threads took: 0.0000610 seconds
361.871: Application time: 0.0422340 seconds
361.871: [GC [PSYoungGen: 14143K->608K(14848K)] 33223K->19695K(37376K), 0.0004420 secs] [Times: user=0.00 sys=0.00, real=0.01 secs] 
361.872: Total time for which application threads were stopped: 0.0005740 seconds, Stopping threads took: 0.0000570 seconds
361.931: Application time: 0.0591820 seconds
361.931: [GC [PSYoungGen: 14428K->384K(14848K)] 33516K->19732K(37376K), 0.0004480 secs] [Times: user=0.01 sys=0.00, real=0.00 secs] 
361.932: Total time for which application threads were stopped: 0.0005700 seconds, Stopping threads took: 0.0000570 seconds
361.992: Application time: 0.0602260 seconds
361.992: [GC [PSYoungGen: 14205K->352K(14848K)] 33553K->19937K(37376K), 0.0004080 secs] [Times: user=0.00 sys=0.00, real=0.00 secs] 
361.992: Total time for which application threads were stopped: 0.0005360 seconds, Stopping threads took: 0.0000660 seconds
362.053: Application time: 0.0610190 seconds
362.054: [GC [PSYoungGen: 14175K->0K(14848K)] 33760K->19809K(37376K), 0.0003940 secs] [Times: user=0.00 sys=0.00, real=0.00 secs] 
362.054: Total time for which application threads were stopped: 0.0005370 seconds, Stopping threads took: 0.0000780 seconds
362.107: Application time: 0.0527160 seconds
362.107: [GC [PSYoungGen: 13823K->320K(14848K)] 33632K->20129K(37376K), 0.0004400 secs] [Times: user=0.00 sys=0.00, real=0.00 secs] 
362.107: Total time for which application threads were stopped: 0.0005640 seconds, Stopping threads took: 0.0000600 seconds
362.145: Application time: 0.0373800 seconds
362.145: [GC [PSYoungGen: 14141K->544K(14848K)] 33951K->20369K(37376K), 0.0004360 secs] [Times: user=0.01 sys=0.00, real=0.00 secs] 
362.145: Total time for which application threads were stopped: 0.0005460 seconds, Stopping threads took: 0.0000490 seconds
362.197: Application time: 0.0517950 seconds
362.197: [GC [PSYoungGen: 14366K->320K(14848K)] 34191K->20369K(37376K), 0.0004730 secs] [Times: user=0.00 sys=0.00, real=0.00 secs] 
362.198: Total time for which application threads were stopped: 0.0005910 seconds, Stopping threads took: 0.0000590 seconds
362.256: Application time: 0.0581160 seconds
362.256: [GC [PSYoungGen: 14142K->704K(14848K)] 34191K->20809K(37376K), 0.0004390 secs] [Times: user=0.00 sys=0.00, real=0.00 secs] 
362.256: Total time for which application threads were stopped: 0.0005640 seconds, Stopping threads took: 0.0000630 seconds
362.316: Application time: 0.0598460 seconds
362.316: [GC [PSYoungGen: 14527K->448K(14848K)] 34632K->20997K(37376K), 0.0005380 secs] [Times: user=0.00 sys=0.00, real=0.00 secs] 
362.317: Total time for which application threads were stopped: 0.0006570 seconds, Stopping threads took: 0.0000590 seconds
362.378: Application time: 0.0614100 seconds
362.378: [GC [PSYoungGen: 14271K->0K(14848K)] 34821K->20770K(37376K), 0.0004190 secs] [Times: user=0.00 sys=0.00, real=0.00 secs] 
362.379: Total time for which application threads were stopped: 0.0005570 seconds, Stopping threads took: 0.0000650 seconds
362.431: Application time: 0.0522180 seconds
362.431: [GC [PSYoungGen: 13821K->384K(14848K)] 34591K->21154K(37376K), 0.0003790 secs] [Times: user=0.00 sys=0.00, real=0.00 secs] 
362.432: Total time for which application threads were stopped: 0.0007280 seconds, Stopping threads took: 0.0002880 seconds
362.482: Application time: 0.0498800 seconds
362.482: [GC [PSYoungGen: 14205K->288K(14848K)] 34975K->21122K(37376K), 0.0005580 secs] [Times: user=0.00 sys=0.00, real=0.00 secs] 
362.482: Total time for which application threads were stopped: 0.0007690 seconds, Stopping threads took: 0.0001430 seconds
362.537: Application time: 0.0544790 seconds
362.537: [GC [PSYoungGen: 14111K->768K(14848K)] 34946K->21610K(37376K), 0.0005000 secs] [Times: user=0.00 sys=0.00, real=0.00 secs] 
362.537: Total time for which application threads were stopped: 0.0006010 seconds, Stopping threads took: 0.0000390 seconds
362.580: Application time: 0.0423370 seconds
362.580: [GC [PSYoungGen: 14591K->512K(14848K)] 35433K->21799K(37376K), 0.0005500 secs] [Times: user=0.01 sys=0.00, real=0.00 secs] 
362.580: Total time for which application threads were stopped: 0.0006590 seconds, Stopping threads took: 0.0000480 seconds
362.641: Application time: 0.0607480 seconds
362.641: [GC [PSYoungGen: 14332K->160K(14848K)] 35620K->21671K(37376K), 0.0003720 secs] [Times: user=0.00 sys=0.00, real=0.00 secs] 
362.642: Total time for which application threads were stopped: 0.0004800 seconds, Stopping threads took: 0.0000480 seconds
362.686: Application time: 0.0441100 seconds
362.686: [GC [PSYoungGen: 13980K->512K(14848K)] 35492K->22063K(37376K), 0.0004270 secs] [Times: user=0.00 sys=0.00, real=0.00 secs] 
362.686: Total time for which application threads were stopped: 0.0005560 seconds, Stopping threads took: 0.0000670 seconds
362.742: Application time: 0.0559630 seconds
362.742: [GC [PSYoungGen: 14335K->320K(14848K)] 35887K->22071K(37376K), 0.0004460 secs] [Times: user=0.00 sys=0.00, real=0.00 secs] 
362.743: Total time for which application threads were stopped: 0.0005780 seconds, Stopping threads took: 0.0000670 seconds
362.802: Application time: 0.0589850 seconds
362.802: [GC [PSYoungGen: 14141K->352K(14848K)] 35893K->22127K(37376K), 0.0003810 secs] [Times: user=0.00 sys=0.00, real=0.00 secs] 
362.802: Total time for which application threads were stopped: 0.0005000 seconds, Stopping threads took: 0.0000590 seconds
362.851: Application time: 0.0486200 seconds
362.851: [GC [PSYoungGen: 14173K->544K(14848K)] 35949K->22548K(37376K), 0.0004630 secs] [Times: user=0.00 sys=0.00, real=0.00 secs] 
362.852: Total time for which application threads were stopped: 0.0005910 seconds, Stopping threads took: 0.0000630 seconds
362.902: Application time: 0.0508710 seconds
362.903: [GC [PSYoungGen: 14365K->384K(14848K)] 36369K->22608K(37376K), 0.0004100 secs] [Times: user=0.00 sys=0.00, real=0.00 secs] 
362.903: [Full GC [PSYoungGen: 384K->0K(14848K)] [ParOldGen: 22224K->4452K(22528K)] 22608K->4452K(37376K) [PSPermGen: 5580K->5580K(21504K)], 0.0057490 secs] [Times: user=0.02 sys=0.00, real=0.01 secs] 
362.909: Total time for which application threads were stopped: 0.0063340 seconds, Stopping threads took: 0.0000520 seconds
362.967: Application time: 0.0585030 seconds
362.967: [GC [PSYoungGen: 13820K->480K(14848K)] 18273K->4932K(37376K), 0.0003870 secs] [Times: user=0.01 sys=0.00, real=0.00 secs] 
362.968: Total time for which application threads were stopped: 0.0005160 seconds, Stopping threads took: 0.0000640 seconds
363.028: Application time: 0.0597540 seconds
363.028: [GC [PSYoungGen: 14303K->384K(14848K)] 18756K->5073K(37376K), 0.0004100 secs] [Times: user=0.01 sys=0.00, real=0.00 secs] 
363.028: Total time for which application threads were stopped: 0.0005390 seconds, Stopping threads took: 0.0000630 seconds
363.088: Application time: 0.0598590 seconds
363.088: [GC [PSYoungGen: 14207K->320K(14848K)] 18897K->5233K(37376K), 0.0004030 secs] [Times: user=0.01 sys=0.00, real=0.00 secs] 
363.089: Total time for which application threads were stopped: 0.0005280 seconds, Stopping threads took: 0.0000650 seconds
363.148: Application time: 0.0594670 seconds
363.148: [GC [PSYoungGen: 14139K->352K(14848K)] 19053K->5281K(37376K), 0.0003900 secs] [Times: user=0.00 sys=0.00, real=0.00 secs] 
363.149: Total time for which application threads were stopped: 0.0005290 seconds, Stopping threads took: 0.0000750 seconds
363.195: Application time: 0.0467290 seconds
363.195: [GC [PSYoungGen: 14174K->320K(14848K)] 19103K->5505K(37376K), 0.0004500 secs] [Times: user=0.00 sys=0.00, real=0.00 secs] 
363.196: Total time for which application threads were stopped: 0.0005720 seconds, Stopping threads took: 0.0000600 seconds
363.251: Application time: 0.0552440 seconds
363.251: [GC [PSYoungGen: 14143K->352K(14848K)] 19329K->5545K(37376K), 0.0003850 secs] [Times: user=0.00 sys=0.00, real=0.00 secs] 
363.252: Total time for which application threads were stopped: 0.0004940 seconds, Stopping threads took: 0.0000490 seconds
363.309: Application time: 0.0577390 seconds
363.309: [GC [PSYoungGen: 14175K->560K(14848K)] 19368K->5817K(37376K), 0.0004460 secs] [Times: user=0.00 sys=0.00, real=0.00 secs] 
363.310: Total time for which application threads were stopped: 0.0005600 seconds, Stopping threads took: 0.0000550 seconds
363.371: Application time: 0.0610070 seconds
363.371: [GC [PSYoungGen: 14381K->0K(14848K)] 19639K->5710K(37376K), 0.0004080 secs] [Times: user=0.00 sys=0.00, real=0.00 secs] 
363.371: Total time for which application threads were stopped: 0.0005290 seconds, Stopping threads took: 0.0000600 seconds
363.432: Application time: 0.0610620 seconds
363.433: [GC [PSYoungGen: 13821K->0K(14848K)] 19531K->5710K(37376K), 0.0003400 secs] [Times: user=0.00 sys=0.00, real=0.00 secs] 
363.433: Total time for which application threads were stopped: 0.0004720 seconds, Stopping threads took: 0.0000620 seconds
363.494: Application time: 0.0612170 seconds
363.494: [GC [PSYoungGen: 13823K->0K(14848K)] 19533K->5710K(37376K), 0.0003550 secs] [Times: user=0.00 sys=0.00, real=0.00 secs] 
363.495: Total time for which application threads were stopped: 0.0004630 seconds, Stopping threads took: 0.0000510 seconds
363.546: Application time: 0.0510150 seconds
363.546: [GC [PSYoungGen: 13822K->320K(14848K)] 19533K->6030K(37376K), 0.0004090 secs] [Times: user=0.00 sys=0.00, real=0.00 secs] 
363.546: Total time for which application threads were stopped: 0.0005240 seconds, Stopping threads took: 0.0000550 seconds
363.596: Application time: 0.0500920 seconds
363.596: [GC [PSYoungGen: 14143K->544K(14848K)] 19854K->6318K(37376K), 0.0004190 secs] [Times: user=0.00 sys=0.00, real=0.00 secs] 
363.597: Total time for which application threads were stopped: 0.0005520 seconds, Stopping threads took: 0.0000690 seconds
363.655: Application time: 0.0585680 seconds
363.655: [GC [PSYoungGen: 14366K->512K(14848K)] 20140K->6302K(37376K), 0.0004220 secs] [Times: user=0.01 sys=0.00, real=0.00 secs] 
363.656: Total time for which application threads were stopped: 0.0005430 seconds, Stopping threads took: 0.0000590 seconds
363.717: Application time: 0.0613360 seconds
363.717: [GC [PSYoungGen: 14335K->0K(14848K)] 20126K->6210K(37376K), 0.0003880 secs] [Times: user=0.00 sys=0.00, real=0.00 secs] 
363.718: Total time for which application threads were stopped: 0.0005040 seconds, Stopping threads took: 0.0000530 seconds
363.780: Application time: 0.0623670 seconds
363.780: [GC [PSYoungGen: 13822K->0K(14848K)] 20033K->6210K(37376K), 0.0003340 secs] [Times: user=0.01 sys=0.00, real=0.00 secs] 
363.781: Total time for which application threads were stopped: 0.0004570 seconds, Stopping threads took: 0.0000620 seconds
363.831: Application time: 0.0499980 seconds
363.831: [GC [PSYoungGen: 13820K->384K(14848K)] 20030K->6594K(37376K), 0.0003870 secs] [Times: user=0.00 sys=0.00, real=0.00 secs] 
363.831: Total time for which application threads were stopped: 0.0004950 seconds, Stopping threads took: 0.0000490 seconds
363.875: Application time: 0.0436280 seconds
363.875: [GC [PSYoungGen: 14208K->544K(14848K)] 20418K->6770K(37376K), 0.0003950 secs] [Times: user=0.00 sys=0.01, real=0.00 secs] 
363.875: Total time for which application threads were stopped: 0.0005030 seconds, Stopping threads took: 0.0000480 seconds
363.923: Application time: 0.0482070 seconds
363.924: [GC [PSYoungGen: 14363K->576K(14848K)] 20590K->6810K(37376K), 0.0004130 secs] [Times: user=0.00 sys=0.00, real=0.01 secs] 
363.924: Total time for which application threads were stopped: 0.0005250 seconds, Stopping threads took: 0.0000540 seconds
363.983: Application time: 0.0589650 seconds
363.983: [GC [PSYoungGen: 14398K->544K(14848K)] 20633K->7050K(37376K), 0.0004440 secs] [Times: user=0.00 sys=0.00, real=0.00 secs] 
363.984: Total time for which application threads were stopped: 0.0005660 seconds, Stopping threads took: 0.0000540 seconds
364.044: Application time: 0.0604100 seconds
364.044: [GC [PSYoungGen: 14367K->0K(14848K)] 20874K->6911K(37376K), 0.0004110 secs] [Times: user=0.01 sys=0.00, real=0.00 secs] 
364.044: Total time for which application threads were stopped: 0.0005510 seconds, Stopping threads took: 0.0000740 seconds
364.105: Application time: 0.0605590 seconds
364.105: [GC [PSYoungGen: 13823K->0K(14848K)] 20735K->6911K(37376K), 0.0003410 secs] [Times: user=0.00 sys=0.00, real=0.00 secs] 
364.105: Total time for which application threads were stopped: 0.0004580 seconds, Stopping threads took: 0.0000560 seconds
364.153: Application time: 0.0474330 seconds
364.153: [GC [PSYoungGen: 13820K->384K(14848K)] 20731K->7295K(37376K), 0.0003800 secs] [Times: user=0.00 sys=0.00, real=0.00 secs] 
364.153: Total time for which application threads were stopped: 0.0004830 seconds, Stopping threads took: 0.0000480 seconds
364.207: Application time: 0.0532090 seconds
364.207: [GC [PSYoungGen: 14207K->352K(14848K)] 21118K->7327K(37376K), 0.0004620 secs] [Times: user=0.01 sys=0.00, real=0.00 secs] 
364.207: Total time for which application threads were stopped: 0.0005730 seconds, Stopping threads took: 0.0000510 seconds
364.260: Application time: 0.0527310 seconds
364.260: [GC [PSYoungGen: 14174K->736K(14848K)] 21150K->7719K(37376K), 0.0004290 secs] [Times: user=0.00 sys=0.00, real=0.00 secs] 
364.260: Total time for which application threads were stopped: 0.0005420 seconds, Stopping threads took: 0.0000550 seconds
364.304: Application time: 0.0437380 seconds
364.304: [GC [PSYoungGen: 14557K->576K(14848K)] 21540K->8008K(37376K), 0.0004740 secs] [Times: user=0.00 sys=0.00, real=0.00 secs] 
364.305: Total time for which application threads were stopped: 0.0006090 seconds, Stopping threads took: 0.0000690 seconds
364.361: Application time: 0.0561620 seconds
364.361: [GC [PSYoungGen: 14397K->544K(14848K)] 21830K->8197K(37376K), 0.0004190 secs] [Times: user=0.00 sys=0.00, real=0.00 secs] 
364.362: Total time for which application threads were stopped: 0.0005370 seconds, Stopping threads took: 0.0000580 seconds
364.405: Application time: 0.0438620 seconds
364.405: [GC [PSYoungGen: 14367K->416K(14848K)] 22020K->8301K(37376K), 0.0004100 secs] [Times: user=0.00 sys=0.00, real=0.00 secs] 
364.406: Total time for which application threads were stopped: 0.0005260 seconds, Stopping threads took: 0.0000560 seconds
364.465: Application time: 0.0595200 seconds
364.466: [GC [PSYoungGen: 14240K->192K(14848K)] 22125K->8093K(37376K), 0.0004150 secs] [Times: user=0.00 sys=0.00, real=0.00 secs] 
364.466: Total time for which application threads were stopped: 0.0005430 seconds, Stopping threads took: 0.0000660 seconds
364.526: Application time: 0.0598310 seconds
364.526: [GC [PSYoungGen: 14014K->352K(14848K)] 21915K->8309K(37376K), 0.0003850 secs] [Times: user=0.00 sys=0.00, real=0.00 secs] 
364.526: Total time for which application threads were stopped: 0.0005100 seconds, Stopping threads took: 0.0000540 seconds
364.574: Application time: 0.0474840 seconds
364.574: [GC [PSYoungGen: 14173K->544K(14848K)] 22130K->8685K(37376K), 0.0004430 secs] [Times: user=0.00 sys=0.00, real=0.00 secs] 
364.574: Total time for which application threads were stopped: 0.0005660 seconds, Stopping threads took: 0.0000580 seconds
364.626: Application time: 0.0516520 seconds
364.626: [GC [PSYoungGen: 14367K->384K(14848K)] 22508K->8745K(37376K), 0.0003890 secs] [Times: user=0.01 sys=0.00, real=0.00 secs] 
364.627: Total time for which application threads were stopped: 0.0005190 seconds, Stopping threads took: 0.0000670 seconds
364.685: Application time: 0.0582280 seconds
364.685: [GC [PSYoungGen: 14205K->544K(14848K)] 22566K->8929K(37376K), 0.0004010 secs] [Times: user=0.00 sys=0.00, real=0.00 secs] 
364.685: Total time for which application threads were stopped: 0.0005050 seconds, Stopping threads took: 0.0000440 seconds
364.745: Application time: 0.0596640 seconds
364.745: [GC [PSYoungGen: 14367K->352K(14848K)] 22752K->8966K(37376K), 0.0004020 secs] [Times: user=0.00 sys=0.00, real=0.00 secs] 
364.746: Total time for which application threads were stopped: 0.0005520 seconds, Stopping threads took: 0.0000920 seconds
364.804: Application time: 0.0585740 seconds
364.804: [GC [PSYoungGen: 14171K->384K(14848K)] 22785K->9234K(37376K), 0.0004230 secs] [Times: user=0.00 sys=0.00, real=0.00 secs] 
364.805: Total time for which application threads were stopped: 0.0005430 seconds, Stopping threads took: 0.0000580 seconds
364.865: Application time: 0.0606710 seconds
364.865: [GC [PSYoungGen: 14205K->0K(14848K)] 23056K->9095K(37376K), 0.0004160 secs] [Times: user=0.01 sys=0.00, real=0.00 secs] 
364.866: Total time for which application threads were stopped: 0.0005300 seconds, Stopping threads took: 0.0000500 seconds
364.910: Application time: 0.0446160 seconds
364.911: [GC [PSYoungGen: 13819K->288K(14848K)] 22915K->9383K(37376K), 0.0004660 secs] [Times: user=0.00 sys=0.00, real=0.00 secs] 
364.911: Total time for which application threads were stopped: 0.0005830 seconds, Stopping threads took: 0.0000550 seconds
364.968: Application time: 0.0567270 seconds
364.968: [GC [PSYoungGen: 14109K->384K(14848K)] 23205K->9487K(37376K), 0.0004500 secs] [Times: user=0.00 sys=0.00, real=0.00 secs] 
364.968: Total time for which application threads were stopped: 0.0005770 seconds, Stopping threads took: 0.0000590 seconds
365.026: Application time: 0.0576370 seconds
365.026: [GC [PSYoungGen: 14205K->576K(14848K)] 23308K->9743K(37376K), 0.0004760 secs] [Times: user=0.01 sys=0.00, real=0.00 secs] 
365.027: Total time for which application threads were stopped: 0.0006010 seconds, Stopping threads took: 0.0000580 seconds
365.088: Application time: 0.0611140 seconds
365.088: [GC [PSYoungGen: 14397K->0K(14848K)] 23565K->9604K(37376K), 0.0004580 secs] [Times: user=0.00 sys=0.00, real=0.00 secs] 
365.088: Total time for which application threads were stopped: 0.0005830 seconds, Stopping threads took: 0.0000510 seconds
365.149: Application time: 0.0610070 seconds
365.149: [GC [PSYoungGen: 13821K->0K(14848K)] 23425K->9604K(37376K), 0.0003540 secs] [Times: user=0.00 sys=0.00, real=0.00 secs] 
365.150: Total time for which application threads were stopped: 0.0004540 seconds, Stopping threads took: 0.0000410 seconds
365.211: Application time: 0.0609880 seconds
365.211: [GC [PSYoungGen: 13821K->0K(14848K)] 23425K->9604K(37376K), 0.0003800 secs] [Times: user=0.00 sys=0.00, real=0.00 secs] 
365.211: Total time for which application threads were stopped: 0.0005000 seconds, Stopping threads took: 0.0000590 seconds
365.267: Application time: 0.0556740 seconds
365.267: [GC [PSYoungGen: 13819K->384K(14848K)] 23423K->9988K(37376K), 0.0003620 secs] [Times: user=0.00 sys=0.00, real=0.00 secs] 
365.267: Total time for which application threads were stopped: 0.0004910 seconds, Stopping threads took: 0.0000700 seconds
365.313: Application time: 0.0459090 seconds
365.313: [GC [PSYoungGen: 14208K->576K(14848K)] 23812K->10236K(37376K), 0.0004110 secs] [Times: user=0.00 sys=0.00, real=0.00 secs] 
365.314: Total time for which application threads were stopped: 0.0005290 seconds, Stopping threads took: 0.0000590 seconds
365.373: Application time: 0.0594720 seconds
365.373: [GC [PSYoungGen: 14399K->384K(14848K)] 24059K->10268K(37376K), 0.0004170 secs] [Times: user=0.00 sys=0.00, real=0.00 secs] 
365.374: Total time for which application threads were stopped: 0.0005350 seconds, Stopping threads took: 0.0000530 seconds
365.435: Application time: 0.0608930 seconds
365.435: [GC [PSYoungGen: 14205K->0K(14848K)] 24089K->10112K(37376K), 0.0003870 secs] [Times: user=0.01 sys=0.00, real=0.00 secs] 
365.435: Total time for which application threads were stopped: 0.0004960 seconds, Stopping threads took: 0.0000500 seconds
365.497: Application time: 0.0621120 seconds
365.497: [GC [PSYoungGen: 13823K->0K(14848K)] 23936K->10112K(37376K), 0.0003730 secs] [Times: user=0.00 sys=0.00, real=0.00 secs] 
365.498: Total time for which application threads were stopped: 0.0004910 seconds, Stopping threads took: 0.0000560 seconds
365.546: Application time: 0.0481820 seconds
365.548: [GC [PSYoungGen: 13820K->416K(14848K)] 23932K->10528K(37376K), 0.0003840 secs] [Times: user=0.00 sys=0.00, real=0.00 secs] 
365.548: Total time for which application threads were stopped: 0.0022250 seconds, Stopping threads took: 0.0017800 seconds
365.589: Application time: 0.0411590 seconds
365.590: [GC [PSYoungGen: 14237K->544K(14848K)] 24350K->10680K(37376K), 0.0004020 secs] [Times: user=0.00 sys=0.00, real=0.00 secs] 
365.590: Total time for which application threads were stopped: 0.0005380 seconds, Stopping threads took: 0.0000680 seconds
365.641: Application time: 0.0510490 seconds
365.641: [GC [PSYoungGen: 14363K->480K(14848K)] 24500K->10632K(37376K), 0.0004190 secs] [Times: user=0.00 sys=0.00, real=0.00 secs] 
365.642: Total time for which application threads were stopped: 0.0005290 seconds, Stopping threads took: 0.0000510 seconds
365.699: Application time: 0.0572780 seconds
365.699: [GC [PSYoungGen: 14302K->576K(14848K)] 24455K->11012K(37376K), 0.0004660 secs] [Times: user=0.00 sys=0.00, real=0.00 secs] 
365.699: Total time for which application threads were stopped: 0.0006070 seconds, Stopping threads took: 0.0000800 seconds
365.760: Application time: 0.0604910 seconds
365.760: [GC [PSYoungGen: 14399K->0K(14848K)] 24836K->10857K(37376K), 0.0004410 secs] [Times: user=0.00 sys=0.00, real=0.00 secs] 
365.762: Total time for which application threads were stopped: 0.0016760 seconds, Stopping threads took: 0.0000770 seconds
365.822: Application time: 0.0607970 seconds
365.823: [GC [PSYoungGen: 13821K->0K(14848K)] 24679K->10857K(37376K), 0.0003350 secs] [Times: user=0.00 sys=0.00, real=0.00 secs] 
365.823: Total time for which application threads were stopped: 0.0004770 seconds, Stopping threads took: 0.0000760 seconds
365.870: Application time: 0.0474350 seconds
365.870: [GC [PSYoungGen: 13820K->400K(14848K)] 24677K->11257K(37376K), 0.0004560 secs] [Times: user=0.00 sys=0.00, real=0.00 secs] 
365.871: Total time for which application threads were stopped: 0.0005790 seconds, Stopping threads took: 0.0000610 seconds
365.925: Application time: 0.0537510 seconds
365.925: [GC [PSYoungGen: 14221K->288K(14848K)] 25078K->11201K(37376K), 0.0003810 secs] [Times: user=0.00 sys=0.00, real=0.00 secs] 
365.925: Total time for which application threads were stopped: 0.0005100 seconds, Stopping threads took: 0.0000680 seconds
365.975: Application time: 0.0499090 seconds
365.975: [GC [PSYoungGen: 14110K->880K(14848K)] 25023K->11801K(37376K), 0.0004700 secs] [Times: user=0.00 sys=0.00, real=0.00 secs] 
365.976: Total time for which application threads were stopped: 0.0005770 seconds, Stopping threads took: 0.0000450 seconds
366.022: Application time: 0.0468030 seconds
366.023: [GC [PSYoungGen: 14703K->544K(14848K)] 25624K->11910K(37376K), 0.0005800 secs] [Times: user=0.00 sys=0.00, real=0.00 secs] 
366.023: Total time for which application threads were stopped: 0.0006910 seconds, Stopping threads took: 0.0000520 seconds
366.076: Application time: 0.0527540 seconds
366.076: [GC [PSYoungGen: 14367K->480K(14848K)] 25733K->12059K(37376K), 0.0004600 secs] [Times: user=0.00 sys=0.00, real=0.00 secs] 
366.077: Total time for which application threads were stopped: 0.0005900 seconds, Stopping threads took: 0.0000640 seconds
366.124: Application time: 0.0474800 seconds
366.124: [GC [PSYoungGen: 14301K->384K(14848K)] 25880K->12179K(37376K), 0.0003970 secs] [Times: user=0.00 sys=0.00, real=0.00 secs] 
366.125: Total time for which application threads were stopped: 0.0005330 seconds, Stopping threads took: 0.0000650 seconds
366.183: Application time: 0.0589450 seconds
366.184: [GC [PSYoungGen: 14207K->352K(14848K)] 26002K->12171K(37376K), 0.0003910 secs] [Times: user=0.01 sys=0.00, real=0.01 secs] 
366.184: Total time for which application threads were stopped: 0.0005160 seconds, Stopping threads took: 0.0000610 seconds
366.244: Application time: 0.0605030 seconds
366.245: [GC [PSYoungGen: 14175K->0K(14848K)] 25994K->12051K(37376K), 0.0004370 secs] [Times: user=0.00 sys=0.00, real=0.00 secs] 
366.245: Total time for which application threads were stopped: 0.0005740 seconds, Stopping threads took: 0.0000710 seconds
366.289: Application time: 0.0440520 seconds
366.289: [GC [PSYoungGen: 13821K->512K(14848K)] 25872K->12563K(37376K), 0.0004310 secs] [Times: user=0.00 sys=0.00, real=0.00 secs] 
366.290: Total time for which application threads were stopped: 0.0005570 seconds, Stopping threads took: 0.0000600 seconds
366.345: Application time: 0.0551430 seconds
366.345: [GC [PSYoungGen: 14335K->352K(14848K)] 26386K->12639K(37376K), 0.0004390 secs] [Times: user=0.01 sys=0.00, real=0.00 secs] 
366.345: Total time for which application threads were stopped: 0.0005630 seconds, Stopping threads took: 0.0000620 seconds
366.403: Application time: 0.0574810 seconds
366.404: [GC [PSYoungGen: 14174K->512K(14848K)] 26462K->12823K(37376K), 0.0004370 secs] [Times: user=0.00 sys=0.00, real=0.00 secs] 
366.404: Total time for which application threads were stopped: 0.0014490 seconds, Stopping threads took: 0.0009510 seconds
366.465: Application time: 0.0608560 seconds
366.465: [GC [PSYoungGen: 14335K->0K(14848K)] 26647K->12720K(37376K), 0.0004200 secs] [Times: user=0.00 sys=0.00, real=0.00 secs] 
366.466: Total time for which application threads were stopped: 0.0005540 seconds, Stopping threads took: 0.0000690 seconds
366.525: Application time: 0.0588180 seconds
366.525: [GC [PSYoungGen: 13823K->416K(14848K)] 26544K->13136K(37376K), 0.0003960 secs] [Times: user=0.00 sys=0.00, real=0.00 secs] 
366.525: Total time for which application threads were stopped: 0.0005220 seconds, Stopping threads took: 0.0000580 seconds
366.583: Application time: 0.0578310 seconds
366.583: [GC [PSYoungGen: 14237K->288K(14848K)] 26958K->13248K(37376K), 0.0004370 secs] [Times: user=0.00 sys=0.00, real=0.00 secs] 
366.583: Total time for which application threads were stopped: 0.0005540 seconds, Stopping threads took: 0.0000570 seconds
366.627: Application time: 0.0439860 seconds
366.628: [GC [PSYoungGen: 14111K->384K(14848K)] 27072K->13352K(37376K), 0.0004230 secs] [Times: user=0.00 sys=0.00, real=0.00 secs] 
366.628: Total time for which application threads were stopped: 0.0005440 seconds, Stopping threads took: 0.0000500 seconds
366.688: Application time: 0.0598530 seconds
366.688: [GC [PSYoungGen: 14207K->544K(14848K)] 27176K->13584K(37376K), 0.0004200 secs] [Times: user=0.00 sys=0.00, real=0.00 secs] 
366.688: Total time for which application threads were stopped: 0.0005380 seconds, Stopping threads took: 0.0000550 seconds
366.748: Application time: 0.0597790 seconds
366.748: [GC [PSYoungGen: 14364K->320K(14848K)] 27405K->13617K(37376K), 0.0004910 secs] [Times: user=0.00 sys=0.00, real=0.00 secs] 
366.749: Total time for which application threads were stopped: 0.0006290 seconds, Stopping threads took: 0.0000740 seconds
366.811: Application time: 0.0620300 seconds
366.811: [GC [PSYoungGen: 14140K->0K(14848K)] 27438K->13521K(37376K), 0.0003940 secs] [Times: user=0.00 sys=0.00, real=0.00 secs] 
366.811: Total time for which application threads were stopped: 0.0005290 seconds, Stopping threads took: 0.0000700 seconds
366.872: Application time: 0.0609310 seconds
366.872: [GC [PSYoungGen: 13821K->0K(14848K)] 27343K->13521K(37376K), 0.0003570 secs] [Times: user=0.00 sys=0.00, real=0.00 secs] 
366.873: Total time for which application threads were stopped: 0.0004850 seconds, Stopping threads took: 0.0000690 seconds
366.934: Application time: 0.0607280 seconds
366.934: [GC [PSYoungGen: 13821K->0K(14848K)] 27343K->13521K(37376K), 0.0003580 secs] [Times: user=0.01 sys=0.00, real=0.00 secs] 
366.934: Total time for which application threads were stopped: 0.0004850 seconds, Stopping threads took: 0.0000630 seconds
366.988: Application time: 0.0541470 seconds
366.988: [GC [PSYoungGen: 13819K->384K(14848K)] 27341K->13905K(37376K), 0.0003920 secs] [Times: user=0.00 sys=0.00, real=0.00 secs] 
366.989: Total time for which application threads were stopped: 0.0005190 seconds, Stopping threads took: 0.0000640 seconds
367.036: Application time: 0.0470170 seconds
367.036: [GC [PSYoungGen: 14206K->544K(14848K)] 27728K->14121K(37376K), 0.0004110 secs] [Times: user=0.01 sys=0.00, real=0.00 secs] 
367.036: Total time for which application threads were stopped: 0.0005390 seconds, Stopping threads took: 0.0000600 seconds
367.096: Application time: 0.0597280 seconds
367.096: [GC [PSYoungGen: 14367K->352K(14848K)] 27944K->14150K(37376K), 0.0004280 secs] [Times: user=0.01 sys=0.00, real=0.00 secs] 
367.097: Total time for which application threads were stopped: 0.0005450 seconds, Stopping threads took: 0.0000530 seconds
367.157: Application time: 0.0609750 seconds
367.158: [GC [PSYoungGen: 14173K->0K(14848K)] 27971K->14030K(37376K), 0.0004420 secs] [Times: user=0.01 sys=0.00, real=0.00 secs] 
367.158: Total time for which application threads were stopped: 0.0005710 seconds, Stopping threads took: 0.0000530 seconds
367.219: Application time: 0.0607510 seconds
367.219: [GC [PSYoungGen: 13821K->0K(14848K)] 27851K->14030K(37376K), 0.0003390 secs] [Times: user=0.00 sys=0.00, real=0.00 secs] 
367.219: Total time for which application threads were stopped: 0.0004560 seconds, Stopping threads took: 0.0000590 seconds
367.265: Application time: 0.0461110 seconds
367.265: [GC [PSYoungGen: 13823K->384K(14848K)] 27853K->14414K(37376K), 0.0004020 secs] [Times: user=0.00 sys=0.00, real=0.00 secs] 
367.266: Total time for which application threads were stopped: 0.0005290 seconds, Stopping threads took: 0.0000650 seconds
367.309: Application time: 0.0428320 seconds
367.309: [GC [PSYoungGen: 14205K->512K(14848K)] 28235K->14550K(37376K), 0.0004060 secs] [Times: user=0.00 sys=0.00, real=0.00 secs] 
367.309: Total time for which application threads were stopped: 0.0005190 seconds, Stopping threads took: 0.0000500 seconds
367.360: Application time: 0.0512140 seconds
367.361: [GC [PSYoungGen: 14331K->512K(14848K)] 28369K->14558K(37376K), 0.0004360 secs] [Times: user=0.00 sys=0.00, real=0.00 secs] 
367.361: Total time for which application threads were stopped: 0.0005600 seconds, Stopping threads took: 0.0000620 seconds
367.419: Application time: 0.0575630 seconds
367.419: [GC [PSYoungGen: 14334K->576K(14848K)] 28380K->14906K(37376K), 0.0004690 secs] [Times: user=0.00 sys=0.00, real=0.00 secs] 
367.419: Total time for which application threads were stopped: 0.0005850 seconds, Stopping threads took: 0.0000500 seconds
367.480: Application time: 0.0606730 seconds
367.480: [GC [PSYoungGen: 14397K->0K(14848K)] 28728K->14735K(37376K), 0.0006460 secs] [Times: user=0.00 sys=0.00, real=0.00 secs] 
367.481: Total time for which application threads were stopped: 0.0007870 seconds, Stopping threads took: 0.0000620 seconds
367.542: Application time: 0.0609490 seconds
367.542: [GC [PSYoungGen: 13821K->0K(14848K)] 28556K->14735K(37376K), 0.0003480 secs] [Times: user=0.00 sys=0.00, real=0.00 secs] 
367.542: Total time for which application threads were stopped: 0.0004770 seconds, Stopping threads took: 0.0000650 seconds
367.586: Application time: 0.0434920 seconds
367.586: [GC [PSYoungGen: 13821K->320K(14848K)] 28557K->15055K(37376K), 0.0004210 secs] [Times: user=0.00 sys=0.00, real=0.00 secs] 
367.586: Total time for which application threads were stopped: 0.0005460 seconds, Stopping threads took: 0.0000630 seconds
367.643: Application time: 0.0568930 seconds
367.643: [GC [PSYoungGen: 14141K->352K(14848K)] 28876K->15143K(37376K), 0.0004090 secs] [Times: user=0.00 sys=0.00, real=0.00 secs] 
367.644: Total time for which application threads were stopped: 0.0005400 seconds, Stopping threads took: 0.0000630 seconds
367.691: Application time: 0.0469650 seconds
367.691: [GC [PSYoungGen: 14175K->736K(14848K)] 28967K->15535K(37376K), 0.0004360 secs] [Times: user=0.00 sys=0.00, real=0.00 secs] 
367.691: Total time for which application threads were stopped: 0.0005570 seconds, Stopping threads took: 0.0000430 seconds
367.741: Application time: 0.0495700 seconds
367.741: [GC [PSYoungGen: 14559K->544K(14848K)] 29359K->15916K(37376K), 0.0005280 secs] [Times: user=0.00 sys=0.00, real=0.00 secs] 
367.741: Total time for which application threads were stopped: 0.0006710 seconds, Stopping threads took: 0.0000830 seconds
367.797: Application time: 0.0553350 seconds
367.797: [GC [PSYoungGen: 14367K->512K(14848K)] 29739K->16108K(37376K), 0.0004540 secs] [Times: user=0.00 sys=0.00, real=0.00 secs] 
367.797: Total time for which application threads were stopped: 0.0005690 seconds, Stopping threads took: 0.0000430 seconds
367.842: Application time: 0.0449510 seconds
367.842: [GC [PSYoungGen: 14331K->480K(14848K)] 29927K->16300K(37376K), 0.0004440 secs] [Times: user=0.00 sys=0.00, real=0.00 secs] 
367.843: Total time for which application threads were stopped: 0.0005660 seconds, Stopping threads took: 0.0000650 seconds
367.902: Application time: 0.0588430 seconds
367.904: [GC [PSYoungGen: 14303K->352K(14848K)] 30123K->16196K(37376K), 0.0003710 secs] [Times: user=0.01 sys=0.00, real=0.00 secs] 
367.904: Total time for which application threads were stopped: 0.0026540 seconds, Stopping threads took: 0.0022250 seconds
367.963: Application time: 0.0582550 seconds
367.963: [GC [PSYoungGen: 14171K->320K(14848K)] 30015K->16384K(37376K), 0.0003990 secs] [Times: user=0.00 sys=0.00, real=0.00 secs] 
367.963: Total time for which application threads were stopped: 0.0005400 seconds, Stopping threads took: 0.0000770 seconds
368.005: Application time: 0.0420910 seconds
368.005: [GC [PSYoungGen: 14140K->608K(14848K)] 30205K->16688K(37376K), 0.0004350 secs] [Times: user=0.00 sys=0.00, real=0.00 secs] 
368.006: Total time for which application threads were stopped: 0.0005570 seconds, Stopping threads took: 0.0000620 seconds
368.064: Application time: 0.0587490 seconds
368.065: [GC [PSYoungGen: 14427K->320K(14848K)] 30508K->16621K(37376K), 0.0005030 secs] [Times: user=0.00 sys=0.00, real=0.00 secs] 
368.065: Total time for which application threads were stopped: 0.0006330 seconds, Stopping threads took: 0.0000640 seconds
368.123: Application time: 0.0579490 seconds
368.123: [GC [PSYoungGen: 14140K->544K(14848K)] 30442K->16861K(37376K), 0.0004090 secs] [Times: user=0.00 sys=0.00, real=0.00 secs] 
368.124: Total time for which application threads were stopped: 0.0005390 seconds, Stopping threads took: 0.0000700 seconds
368.184: Application time: 0.0605900 seconds
368.184: [GC [PSYoungGen: 14365K->0K(14848K)] 30682K->16726K(37376K), 0.0004090 secs] [Times: user=0.00 sys=0.00, real=0.00 secs] 
368.185: Total time for which application threads were stopped: 0.0005380 seconds, Stopping threads took: 0.0000700 seconds
368.243: Application time: 0.0587090 seconds
368.244: [GC [PSYoungGen: 13822K->400K(14848K)] 30548K->17126K(37376K), 0.0004210 secs] [Times: user=0.00 sys=0.00, real=0.01 secs] 
368.244: Total time for which application threads were stopped: 0.0005640 seconds, Stopping threads took: 0.0000730 seconds
368.299: Application time: 0.0552060 seconds
368.299: [GC [PSYoungGen: 14221K->384K(14848K)] 30947K->17362K(37376K), 0.0004160 secs] [Times: user=0.00 sys=0.00, real=0.00 secs] 
368.300: Total time for which application threads were stopped: 0.0005300 seconds, Stopping threads took: 0.0000530 seconds
368.348: Application time: 0.0477980 seconds
368.348: [GC [PSYoungGen: 14203K->352K(14848K)] 31182K->17338K(37376K), 0.0003970 secs] [Times: user=0.00 sys=0.00, real=0.00 secs] 
368.348: Total time for which application threads were stopped: 0.0005340 seconds, Stopping threads took: 0.0000730 seconds
368.405: Application time: 0.0573080 seconds
368.405: [GC [PSYoungGen: 14175K->608K(14848K)] 31162K->17658K(37376K), 0.0004160 secs] [Times: user=0.00 sys=0.00, real=0.00 secs] 
368.406: Total time for which application threads were stopped: 0.0005400 seconds, Stopping threads took: 0.0000650 seconds
368.468: Application time: 0.0617660 seconds
368.468: [GC [PSYoungGen: 14429K->0K(14848K)] 31480K->17491K(37376K), 0.0004900 secs] [Times: user=0.00 sys=0.00, real=0.00 secs] 
368.468: Total time for which application threads were stopped: 0.0006450 seconds, Stopping threads took: 0.0000800 seconds
368.530: Application time: 0.0615300 seconds
368.530: [GC [PSYoungGen: 13823K->0K(14848K)] 31315K->17491K(37376K), 0.0003550 secs] [Times: user=0.00 sys=0.00, real=0.00 secs] 
368.530: Total time for which application threads were stopped: 0.0004710 seconds, Stopping threads took: 0.0000560 seconds
368.591: Application time: 0.0608630 seconds
368.592: [GC [PSYoungGen: 13821K->0K(14848K)] 31313K->17491K(37376K), 0.0003750 secs] [Times: user=0.00 sys=0.00, real=0.00 secs] 
368.592: Total time for which application threads were stopped: 0.0010660 seconds, Stopping threads took: 0.0006290 seconds
368.653: Application time: 0.0609150 seconds
368.653: [GC [PSYoungGen: 13821K->0K(14848K)] 31313K->17491K(37376K), 0.0003620 secs] [Times: user=0.01 sys=0.00, real=0.00 secs] 
368.654: Total time for which application threads were stopped: 0.0004990 seconds, Stopping threads took: 0.0000760 seconds
368.703: Application time: 0.0488630 seconds
368.703: [GC [PSYoungGen: 13819K->288K(14848K)] 31311K->17780K(37376K), 0.0004210 secs] [Times: user=0.00 sys=0.00, real=0.00 secs] 
368.703: Total time for which application threads were stopped: 0.0005310 seconds, Stopping threads took: 0.0000450 seconds
368.754: Application time: 0.0510660 seconds
368.754: [GC [PSYoungGen: 14111K->512K(14848K)] 31603K->18052K(37376K), 0.0004650 secs] [Times: user=0.00 sys=0.00, real=0.00 secs] 
368.755: Total time for which application threads were stopped: 0.0005860 seconds, Stopping threads took: 0.0000580 seconds
368.814: Application time: 0.0594760 seconds
368.814: [GC [PSYoungGen: 14335K->224K(14848K)] 31875K->17976K(37376K), 0.0004980 secs] [Times: user=0.00 sys=0.00, real=0.00 secs] 
368.815: Total time for which application threads were stopped: 0.0006160 seconds, Stopping threads took: 0.0000510 seconds
368.876: Application time: 0.0608260 seconds
368.876: [GC [PSYoungGen: 14045K->0K(14848K)] 31798K->17984K(37376K), 0.0004060 secs] [Times: user=0.00 sys=0.00, real=0.00 secs] 
368.876: Total time for which application threads were stopped: 0.0005330 seconds, Stopping threads took: 0.0000640 seconds
368.936: Application time: 0.0594180 seconds
368.936: [GC [PSYoungGen: 13819K->352K(14848K)] 31804K->18336K(37376K), 0.0004000 secs] [Times: user=0.00 sys=0.00, real=0.00 secs] 
368.936: Total time for which application threads were stopped: 0.0005260 seconds, Stopping threads took: 0.0000640 seconds
368.979: Application time: 0.0432500 seconds
368.979: [GC [PSYoungGen: 14124K->288K(14848K)] 32109K->18280K(37376K), 0.0003880 secs] [Times: user=0.00 sys=0.00, real=0.00 secs] 
368.980: Total time for which application threads were stopped: 0.0005170 seconds, Stopping threads took: 0.0000660 seconds
369.024: Application time: 0.0444660 seconds
369.024: [GC [PSYoungGen: 14109K->512K(14848K)] 32101K->18597K(37376K), 0.0004630 secs] [Times: user=0.00 sys=0.00, real=0.00 secs] 
369.025: Total time for which application threads were stopped: 0.0005800 seconds, Stopping threads took: 0.0000550 seconds
369.078: Application time: 0.0535060 seconds
369.079: [GC [PSYoungGen: 14333K->512K(14848K)] 32418K->18749K(37376K), 0.0004720 secs] [Times: user=0.00 sys=0.00, real=0.00 secs] 
369.079: Total time for which application threads were stopped: 0.0005850 seconds, Stopping threads took: 0.0000510 seconds
369.137: Application time: 0.0576090 seconds
369.137: [GC [PSYoungGen: 14334K->576K(14848K)] 32572K->19109K(37376K), 0.0004710 secs] [Times: user=0.00 sys=0.00, real=0.00 secs] 
369.137: Total time for which application threads were stopped: 0.0005990 seconds, Stopping threads took: 0.0000610 seconds
369.198: Application time: 0.0608210 seconds
369.198: [GC [PSYoungGen: 14397K->0K(14848K)] 32931K->18942K(37376K), 0.0004930 secs] [Times: user=0.00 sys=0.00, real=0.00 secs] 
369.199: Total time for which application threads were stopped: 0.0006070 seconds, Stopping threads took: 0.0000550 seconds
369.259: Application time: 0.0606430 seconds
369.259: [GC [PSYoungGen: 13821K->0K(14848K)] 32764K->18942K(37376K), 0.0004020 secs] [Times: user=0.00 sys=0.00, real=0.00 secs] 
369.260: Total time for which application threads were stopped: 0.0005300 seconds, Stopping threads took: 0.0000560 seconds
369.304: Application time: 0.0444110 seconds
369.304: [GC [PSYoungGen: 13824K->384K(14848K)] 32766K->19326K(37376K), 0.0004380 secs] [Times: user=0.01 sys=0.00, real=0.00 secs] 
369.305: Total time for which application threads were stopped: 0.0005530 seconds, Stopping threads took: 0.0000570 seconds
369.361: Application time: 0.0557070 seconds
369.361: [GC [PSYoungGen: 14207K->480K(14848K)] 33149K->19486K(37376K), 0.0004400 secs] [Times: user=0.00 sys=0.00, real=0.00 secs] 
369.361: Total time for which application threads were stopped: 0.0005550 seconds, Stopping threads took: 0.0000590 seconds
369.408: Application time: 0.0470090 seconds
369.408: [GC [PSYoungGen: 14302K->768K(14848K)] 33308K->19790K(37376K), 0.0004530 secs] [Times: user=0.00 sys=0.00, real=0.00 secs] 
369.409: Total time for which application threads were stopped: 0.0005660 seconds, Stopping threads took: 0.0000530 seconds
369.459: Application time: 0.0507210 seconds
369.459: [GC [PSYoungGen: 14588K->512K(14848K)] 33611K->19983K(37376K), 0.0004970 secs] [Times: user=0.00 sys=0.00, real=0.00 secs] 
369.460: Total time for which application threads were stopped: 0.0006220 seconds, Stopping threads took: 0.0000630 seconds
369.513: Application time: 0.0531260 seconds
369.513: [GC [PSYoungGen: 14331K->576K(14848K)] 33803K->20279K(37376K), 0.0004600 secs] [Times: user=0.00 sys=0.00, real=0.00 secs] 
369.514: Total time for which application threads were stopped: 0.0005810 seconds, Stopping threads took: 0.0000570 seconds
369.562: Application time: 0.0478960 seconds
369.562: [GC [PSYoungGen: 14397K->384K(14848K)] 34101K->20316K(37376K), 0.0004410 secs] [Times: user=0.00 sys=0.00, real=0.00 secs] 
369.562: Total time for which application threads were stopped: 0.0005700 seconds, Stopping threads took: 0.0000660 seconds
369.621: Application time: 0.0592410 seconds
369.622: [GC [PSYoungGen: 14206K->352K(14848K)] 34138K->20300K(37376K), 0.0004030 secs] [Times: user=0.00 sys=0.00, real=0.00 secs] 
369.622: Total time for which application threads were stopped: 0.0005150 seconds, Stopping threads took: 0.0000480 seconds
369.679: Application time: 0.0574880 seconds
369.680: [GC [PSYoungGen: 14173K->352K(14848K)] 34121K->20520K(37376K), 0.0004110 secs] [Times: user=0.01 sys=0.00, real=0.00 secs] 
369.680: Total time for which application threads were stopped: 0.0005270 seconds, Stopping threads took: 0.0000490 seconds
369.722: Application time: 0.0423150 seconds
369.722: [GC [PSYoungGen: 14175K->512K(14848K)] 34344K->20696K(37376K), 0.0004400 secs] [Times: user=0.00 sys=0.00, real=0.00 secs] 
369.723: Total time for which application threads were stopped: 0.0005640 seconds, Stopping threads took: 0.0000590 seconds
369.784: Application time: 0.0606660 seconds
369.784: [GC [PSYoungGen: 14335K->0K(14848K)] 34520K->20589K(37376K), 0.0004540 secs] [Times: user=0.00 sys=0.00, real=0.00 secs] 
369.784: Total time for which application threads were stopped: 0.0008170 seconds, Stopping threads took: 0.0002870 seconds
369.843: Application time: 0.0582630 seconds
369.843: [GC [PSYoungGen: 13822K->512K(14848K)] 34411K->21101K(37376K), 0.0004950 secs] [Times: user=0.00 sys=0.00, real=0.00 secs] 
369.843: Total time for which application threads were stopped: 0.0006080 seconds, Stopping threads took: 0.0000500 seconds
369.904: Application time: 0.0607480 seconds
369.904: [GC [PSYoungGen: 14333K->0K(14848K)] 34922K->21001K(37376K), 0.0005000 secs] [Times: user=0.00 sys=0.00, real=0.00 secs] 
369.905: Total time for which application threads were stopped: 0.0006170 seconds, Stopping threads took: 0.0000500 seconds
369.963: Application time: 0.0587160 seconds
369.963: [GC [PSYoungGen: 13822K->416K(14848K)] 34823K->21417K(37376K), 0.0004360 secs] [Times: user=0.00 sys=0.00, real=0.01 secs] 
369.964: Total time for which application threads were stopped: 0.0005550 seconds, Stopping threads took: 0.0000510 seconds
370.019: Application time: 0.0547980 seconds
370.019: [GC [PSYoungGen: 14238K->352K(14848K)] 35239K->21614K(37376K), 0.0004230 secs] [Times: user=0.00 sys=0.00, real=0.00 secs] 
370.019: Total time for which application threads were stopped: 0.0005370 seconds, Stopping threads took: 0.0000540 seconds
370.068: Application time: 0.0489190 seconds
370.068: [GC [PSYoungGen: 14174K->352K(14848K)] 35436K->21622K(37376K), 0.0004230 secs] [Times: user=0.00 sys=0.00, real=0.00 secs] 
370.069: Total time for which application threads were stopped: 0.0005540 seconds, Stopping threads took: 0.0000600 seconds
370.126: Application time: 0.0574210 seconds
370.126: [GC [PSYoungGen: 14175K->576K(14848K)] 35445K->21902K(37376K), 0.0004570 secs] [Times: user=0.00 sys=0.00, real=0.00 secs] 
370.127: Total time for which application threads were stopped: 0.0005760 seconds, Stopping threads took: 0.0000610 seconds
370.187: Application time: 0.0608150 seconds
370.188: [GC [PSYoungGen: 14397K->0K(14848K)] 35724K->21767K(37376K), 0.0004650 secs] [Times: user=0.01 sys=0.00, real=0.00 secs] 
370.188: Total time for which application threads were stopped: 0.0005940 seconds, Stopping threads took: 0.0000640 seconds
370.249: Application time: 0.0611380 seconds
370.249: [GC [PSYoungGen: 13821K->0K(14848K)] 35588K->21767K(37376K), 0.0003590 secs] [Times: user=0.00 sys=0.00, real=0.00 secs] 
370.250: Total time for which application threads were stopped: 0.0005060 seconds, Stopping threads took: 0.0000850 seconds
370.311: Application time: 0.0610610 seconds
370.311: [GC [PSYoungGen: 13821K->0K(14848K)] 35589K->21767K(37376K), 0.0003580 secs] [Times: user=0.00 sys=0.00, real=0.00 secs] 
370.311: Total time for which application threads were stopped: 0.0004940 seconds, Stopping threads took: 0.0000640 seconds
370.372: Application time: 0.0608750 seconds
370.372: [GC [PSYoungGen: 13821K->0K(14848K)] 35589K->21767K(37376K), 0.0003980 secs] [Times: user=0.00 sys=0.00, real=0.00 secs] 
370.373: Total time for which application threads were stopped: 0.0005150 seconds, Stopping threads took: 0.0000590 seconds
370.424: Application time: 0.0511110 seconds
370.424: [GC [PSYoungGen: 13822K->416K(14848K)] 35590K->22183K(37376K), 0.0003840 secs] [Times: user=0.00 sys=0.00, real=0.00 secs] 
370.424: Total time for which application threads were stopped: 0.0004920 seconds, Stopping threads took: 0.0000510 seconds
370.474: Application time: 0.0498610 seconds
370.474: [GC [PSYoungGen: 14236K->544K(14848K)] 36004K->22375K(37376K), 0.0004190 secs] [Times: user=0.00 sys=0.00, real=0.00 secs] 
370.475: Total time for which application threads were stopped: 0.0005580 seconds, Stopping threads took: 0.0000750 seconds
370.535: Application time: 0.0599230 seconds
370.535: [GC [PSYoungGen: 14367K->256K(14848K)] 36199K->22292K(37376K), 0.0004380 secs] [Times: user=0.00 sys=0.00, real=0.00 secs] 
370.535: [Full GC [PSYoungGen: 256K->0K(14848K)] [ParOldGen: 22036K->4456K(22528K)] 22292K->4456K(37376K) [PSPermGen: 5580K->5580K(21504K)], 0.0059020 secs] [Times: user=0.02 sys=0.00, real=0.00 secs] 
370.541: Total time for which application threads were stopped: 0.0065290 seconds, Stopping threads took: 0.0000690 seconds
370.602: Application time: 0.0613090 seconds
370.603: [GC [PSYoungGen: 13821K->0K(14848K)] 18278K->4456K(37376K), 0.0003410 secs] [Times: user=0.00 sys=0.00, real=0.00 secs] 
370.603: Total time for which application threads were stopped: 0.0004800 seconds, Stopping threads took: 0.0000760 seconds
370.659: Application time: 0.0562750 seconds
370.659: [GC [PSYoungGen: 13823K->352K(14848K)] 18280K->4808K(37376K), 0.0003810 secs] [Times: user=0.00 sys=0.00, real=0.00 secs] 
370.660: Total time for which application threads were stopped: 0.0005060 seconds, Stopping threads took: 0.0000630 seconds
370.705: Application time: 0.0453950 seconds
370.705: [GC [PSYoungGen: 14171K->384K(14848K)] 18628K->4848K(37376K), 0.0003740 secs] [Times: user=0.00 sys=0.00, real=0.00 secs] 
370.706: Total time for which application threads were stopped: 0.0004990 seconds, Stopping threads took: 0.0000680 seconds
370.752: Application time: 0.0459110 seconds
370.752: [GC [PSYoungGen: 14203K->416K(14848K)] 18668K->5096K(37376K), 0.0004020 secs] [Times: user=0.00 sys=0.00, real=0.01 secs] 
370.752: Total time for which application threads were stopped: 0.0005190 seconds, Stopping threads took: 0.0000560 seconds
370.805: Application time: 0.0533070 seconds
370.805: [GC [PSYoungGen: 14235K->576K(14848K)] 18916K->5272K(37376K), 0.0004720 secs] [Times: user=0.01 sys=0.00, real=0.00 secs] 
370.807: Total time for which application threads were stopped: 0.0016240 seconds, Stopping threads took: 0.0000480 seconds
370.865: Application time: 0.0577280 seconds
370.865: [GC [PSYoungGen: 14398K->544K(14848K)] 19095K->5537K(37376K), 0.0004950 secs] [Times: user=0.00 sys=0.00, real=0.00 secs] 
370.865: Total time for which application threads were stopped: 0.0006490 seconds, Stopping threads took: 0.0000830 seconds
370.926: Application time: 0.0606610 seconds
370.926: [GC [PSYoungGen: 14365K->0K(14848K)] 19358K->5402K(37376K), 0.0004350 secs] [Times: user=0.00 sys=0.00, real=0.00 secs] 
370.927: Total time for which application threads were stopped: 0.0005490 seconds, Stopping threads took: 0.0000540 seconds
370.986: Application time: 0.0590600 seconds
370.986: [GC [PSYoungGen: 13819K->352K(14848K)] 19221K->5754K(37376K), 0.0003580 secs] [Times: user=0.00 sys=0.00, real=0.00 secs] 
370.986: Total time for which application threads were stopped: 0.0004680 seconds, Stopping threads took: 0.0000480 seconds
371.029: Application time: 0.0429570 seconds
371.029: [GC [PSYoungGen: 14174K->160K(14848K)] 19576K->5570K(37376K), 0.0004070 secs] [Times: user=0.00 sys=0.00, real=0.00 secs] 
371.030: Total time for which application threads were stopped: 0.0005290 seconds, Stopping threads took: 0.0000610 seconds
371.087: Application time: 0.0575920 seconds
371.087: [GC [PSYoungGen: 13979K->480K(14848K)] 19389K->6010K(37376K), 0.0004160 secs] [Times: user=0.00 sys=0.00, real=0.00 secs] 
371.088: Total time for which application threads were stopped: 0.0005470 seconds, Stopping threads took: 0.0000690 seconds
371.132: Application time: 0.0445970 seconds
371.132: [GC [PSYoungGen: 14302K->512K(14848K)] 19832K->6374K(37376K), 0.0004960 secs] [Times: user=0.00 sys=0.00, real=0.00 secs] 
371.133: Total time for which application threads were stopped: 0.0006280 seconds, Stopping threads took: 0.0000710 seconds
371.186: Application time: 0.0532920 seconds
371.186: [GC [PSYoungGen: 14334K->576K(14848K)] 20197K->6699K(37376K), 0.0004430 secs] [Times: user=0.00 sys=0.00, real=0.00 secs] 
371.187: Total time for which application threads were stopped: 0.0005700 seconds, Stopping threads took: 0.0000640 seconds
371.237: Application time: 0.0500870 seconds
371.240: [GC [PSYoungGen: 14396K->544K(14848K)] 20519K->6879K(37376K), 0.0004540 secs] [Times: user=0.01 sys=0.00, real=0.00 secs] 
371.240: Total time for which application threads were stopped: 0.0033760 seconds, Stopping threads took: 0.0028610 seconds
371.291: Application time: 0.0506220 seconds
371.292: [GC [PSYoungGen: 14363K->320K(14848K)] 20699K->6868K(37376K), 0.0004490 secs] [Times: user=0.00 sys=0.00, real=0.00 secs] 
371.292: Total time for which application threads were stopped: 0.0013800 seconds, Stopping threads took: 0.0008740 seconds
371.351: Application time: 0.0591270 seconds
371.352: [GC [PSYoungGen: 14143K->352K(14848K)] 20691K->6924K(37376K), 0.0003720 secs] [Times: user=0.00 sys=0.00, real=0.01 secs] 
371.352: Total time for which application threads were stopped: 0.0004870 seconds, Stopping threads took: 0.0000550 seconds
371.409: Application time: 0.0568750 seconds
371.409: [GC [PSYoungGen: 14171K->288K(14848K)] 20743K->7056K(37376K), 0.0004320 secs] [Times: user=0.00 sys=0.00, real=0.00 secs] 
371.409: Total time for which application threads were stopped: 0.0005540 seconds, Stopping threads took: 0.0000570 seconds
371.452: Application time: 0.0426250 seconds
371.452: [GC [PSYoungGen: 14111K->544K(14848K)] 20880K->7320K(37376K), 0.0003860 secs] [Times: user=0.00 sys=0.00, real=0.00 secs] 
371.453: Total time for which application threads were stopped: 0.0005210 seconds, Stopping threads took: 0.0000720 seconds
371.513: Application time: 0.0601150 seconds
371.513: [GC [PSYoungGen: 14367K->256K(14848K)] 21144K->7245K(37376K), 0.0003940 secs] [Times: user=0.00 sys=0.00, real=0.00 secs] 
371.513: Total time for which application threads were stopped: 0.0004970 seconds, Stopping threads took: 0.0000450 seconds
371.572: Application time: 0.0586620 seconds
371.572: [GC [PSYoungGen: 14079K->320K(14848K)] 21069K->7530K(37376K), 0.0004160 secs] [Times: user=0.00 sys=0.00, real=0.00 secs] 
371.572: Total time for which application threads were stopped: 0.0005360 seconds, Stopping threads took: 0.0000570 seconds
371.633: Application time: 0.0605530 seconds
371.633: [GC [PSYoungGen: 14141K->0K(14848K)] 21351K->7418K(37376K), 0.0004020 secs] [Times: user=0.00 sys=0.00, real=0.00 secs] 
371.633: Total time for which application threads were stopped: 0.0005270 seconds, Stopping threads took: 0.0000600 seconds
371.692: Application time: 0.0585190 seconds
371.692: [GC [PSYoungGen: 13823K->384K(14848K)] 21241K->7802K(37376K), 0.0003790 secs] [Times: user=0.01 sys=0.00, real=0.00 secs] 
371.692: Total time for which application threads were stopped: 0.0004870 seconds, Stopping threads took: 0.0000420 seconds
371.745: Application time: 0.0529430 seconds
371.745: [GC [PSYoungGen: 14203K->288K(14848K)] 21621K->7946K(37376K), 0.0005030 secs] [Times: user=0.00 sys=0.00, real=0.00 secs] 
371.746: Total time for which application threads were stopped: 0.0006160 seconds, Stopping threads took: 0.0000450 seconds
371.796: Application time: 0.0502970 seconds
371.796: [GC [PSYoungGen: 14109K->480K(14848K)] 21768K->8146K(37376K), 0.0003900 secs] [Times: user=0.00 sys=0.00, real=0.00 secs] 
371.797: Total time for which application threads were stopped: 0.0005160 seconds, Stopping threads took: 0.0000670 seconds
371.854: Application time: 0.0571160 seconds
371.854: [GC [PSYoungGen: 14302K->576K(14848K)] 21969K->8306K(37376K), 0.0004290 secs] [Times: user=0.00 sys=0.00, real=0.00 secs] 
371.854: Total time for which application threads were stopped: 0.0005430 seconds, Stopping threads took: 0.0000490 seconds
371.915: Application time: 0.0607750 seconds
371.915: [GC [PSYoungGen: 14397K->0K(14848K)] 22128K->8315K(37376K), 0.0004500 secs] [Times: user=0.01 sys=0.00, real=0.00 secs] 
371.916: Total time for which application threads were stopped: 0.0005930 seconds, Stopping threads took: 0.0000730 seconds
371.977: Application time: 0.0609580 seconds
371.977: [GC [PSYoungGen: 13821K->0K(14848K)] 22137K->8315K(37376K), 0.0003880 secs] [Times: user=0.00 sys=0.00, real=0.00 secs] 
371.977: Total time for which application threads were stopped: 0.0005150 seconds, Stopping threads took: 0.0000620 seconds
372.039: Application time: 0.0611910 seconds
372.039: [GC [PSYoungGen: 13823K->0K(14848K)] 22139K->8315K(37376K), 0.0003320 secs] [Times: user=0.00 sys=0.00, real=0.00 secs] 
372.039: Total time for which application threads were stopped: 0.0004710 seconds, Stopping threads took: 0.0000730 seconds
372.100: Application time: 0.0610840 seconds
372.100: [GC [PSYoungGen: 13819K->0K(14848K)] 22135K->8315K(37376K), 0.0003810 secs] [Times: user=0.00 sys=0.00, real=0.00 secs] 
372.101: Total time for which application threads were stopped: 0.0004900 seconds, Stopping threads took: 0.0000480 seconds
372.144: Application time: 0.0437110 seconds
372.144: [GC [PSYoungGen: 13821K->384K(14848K)] 22137K->8699K(37376K), 0.0003980 secs] [Times: user=0.00 sys=0.00, real=0.00 secs] 
372.145: Total time for which application threads were stopped: 0.0005100 seconds, Stopping threads took: 0.0000510 seconds
372.201: Application time: 0.0563080 seconds
372.204: [GC [PSYoungGen: 14204K->544K(14848K)] 22520K->8915K(37376K), 0.0004090 secs] [Times: user=0.00 sys=0.00, real=0.00 secs] 
372.204: Total time for which application threads were stopped: 0.0031850 seconds, Stopping threads took: 0.0027150 seconds
372.265: Application time: 0.0602690 seconds
372.265: [GC [PSYoungGen: 14364K->320K(14848K)] 22736K->8904K(37376K), 0.0004710 secs] [Times: user=0.00 sys=0.00, real=0.00 secs] 
372.265: Total time for which application threads were stopped: 0.0006090 seconds, Stopping threads took: 0.0000770 seconds
372.326: Application time: 0.0608090 seconds
372.326: [GC [PSYoungGen: 14143K->0K(14848K)] 22728K->8808K(37376K), 0.0003900 secs] [Times: user=0.00 sys=0.00, real=0.00 secs] 
372.327: Total time for which application threads were stopped: 0.0005430 seconds, Stopping threads took: 0.0000820 seconds
372.378: Application time: 0.0511430 seconds
372.380: [GC [PSYoungGen: 13822K->416K(14848K)] 22631K->9224K(37376K), 0.0004090 secs] [Times: user=0.00 sys=0.00, real=0.00 secs] 
372.380: Total time for which application threads were stopped: 0.0026360 seconds, Stopping threads took: 0.0021650 seconds
372.431: Application time: 0.0503100 seconds
372.431: [GC [PSYoungGen: 14235K->352K(14848K)] 23043K->9176K(37376K), 0.0003950 secs] [Times: user=0.00 sys=0.00, real=0.00 secs] 
372.431: Total time for which application threads were stopped: 0.0005260 seconds, Stopping threads took: 0.0000650 seconds
372.473: Application time: 0.0420110 seconds
372.473: [GC [PSYoungGen: 14175K->576K(14848K)] 22999K->9408K(37376K), 0.0004080 secs] [Times: user=0.00 sys=0.00, real=0.00 secs] 
372.474: Total time for which application threads were stopped: 0.0005330 seconds, Stopping threads took: 0.0000620 seconds
372.531: Application time: 0.0577170 seconds
372.532: [GC [PSYoungGen: 14395K->496K(14848K)] 23227K->9589K(37376K), 0.0004400 secs] [Times: user=0.00 sys=0.01, real=0.01 secs] 
372.532: Total time for which application threads were stopped: 0.0005810 seconds, Stopping threads took: 0.0000780 seconds
372.590: Application time: 0.0578050 seconds
372.592: [GC [PSYoungGen: 14316K->576K(14848K)] 23409K->9725K(37376K), 0.0004060 secs] [Times: user=0.00 sys=0.00, real=0.00 secs] 
372.592: Total time for which application threads were stopped: 0.0024780 seconds, Stopping threads took: 0.0020100 seconds
372.653: Application time: 0.0611950 seconds
372.654: [GC [PSYoungGen: 14399K->0K(14848K)] 23548K->9710K(37376K), 0.0004370 secs] [Times: user=0.00 sys=0.00, real=0.00 secs] 
372.654: Total time for which application threads were stopped: 0.0005880 seconds, Stopping threads took: 0.0000870 seconds
372.715: Application time: 0.0609010 seconds
372.715: [GC [PSYoungGen: 13819K->192K(14848K)] 23529K->9902K(37376K), 0.0003480 secs] [Times: user=0.00 sys=0.00, real=0.00 secs] 
372.715: Total time for which application threads were stopped: 0.0004620 seconds, Stopping threads took: 0.0000470 seconds
372.762: Application time: 0.0466080 seconds
372.762: [GC [PSYoungGen: 14011K->256K(14848K)] 23721K->9974K(37376K), 0.0005430 secs] [Times: user=0.00 sys=0.00, real=0.00 secs] 
372.763: Total time for which application threads were stopped: 0.0006710 seconds, Stopping threads took: 0.0000600 seconds
372.826: Application time: 0.0632390 seconds
372.826: [GC [PSYoungGen: 14076K->608K(14848K)] 23794K->10390K(37376K), 0.0004280 secs] [Times: user=0.00 sys=0.00, real=0.00 secs] 
372.827: Total time for which application threads were stopped: 0.0005860 seconds, Stopping threads took: 0.0000940 seconds
372.887: Application time: 0.0599760 seconds
372.887: [GC [PSYoungGen: 14428K->768K(14848K)] 24210K->10778K(37376K), 0.0005750 secs] [Times: user=0.00 sys=0.00, real=0.00 secs] 
372.887: Total time for which application threads were stopped: 0.0006940 seconds, Stopping threads took: 0.0000600 seconds
372.940: Application time: 0.0527690 seconds
372.940: [GC [PSYoungGen: 14589K->512K(14848K)] 24599K->10767K(37376K), 0.0004780 secs] [Times: user=0.01 sys=0.00, real=0.00 secs] 
372.941: Total time for which application threads were stopped: 0.0005980 seconds, Stopping threads took: 0.0000450 seconds
372.992: Application time: 0.0510920 seconds
372.992: [GC [PSYoungGen: 14334K->576K(14848K)] 24589K->11055K(37376K), 0.0005100 secs] [Times: user=0.00 sys=0.00, real=0.00 secs] 
372.992: Total time for which application threads were stopped: 0.0006560 seconds, Stopping threads took: 0.0000740 seconds
373.052: Application time: 0.0599020 seconds
373.052: [GC [PSYoungGen: 14397K->320K(14848K)] 24876K->11155K(37376K), 0.0004530 secs] [Times: user=0.00 sys=0.00, real=0.00 secs] 
373.053: Total time for which application threads were stopped: 0.0005980 seconds, Stopping threads took: 0.0000780 seconds
373.118: Application time: 0.0646830 seconds
373.118: [GC [PSYoungGen: 14141K->288K(14848K)] 24977K->11139K(37376K), 0.0004500 secs] [Times: user=0.00 sys=0.00, real=0.00 secs] 
373.118: Total time for which application threads were stopped: 0.0005970 seconds, Stopping threads took: 0.0000810 seconds
373.174: Application time: 0.0562570 seconds
373.174: [GC [PSYoungGen: 14109K->320K(14848K)] 24961K->11376K(37376K), 0.0004620 secs] [Times: user=0.00 sys=0.00, real=0.00 secs] 
373.175: Total time for which application threads were stopped: 0.0005880 seconds, Stopping threads took: 0.0000630 seconds
373.228: Application time: 0.0526350 seconds
373.228: [GC [PSYoungGen: 14140K->544K(14848K)] 25197K->11624K(37376K), 0.0004090 secs] [Times: user=0.00 sys=0.00, real=0.00 secs] 
373.228: Total time for which application threads were stopped: 0.0005330 seconds, Stopping threads took: 0.0000590 seconds
373.293: Application time: 0.0649760 seconds
373.293: [GC [PSYoungGen: 14367K->384K(14848K)] 25448K->11685K(37376K), 0.0004360 secs] [Times: user=0.00 sys=0.00, real=0.00 secs] 
373.294: Total time for which application threads were stopped: 0.0005590 seconds, Stopping threads took: 0.0000580 seconds
373.358: Application time: 0.0644690 seconds
373.358: [GC [PSYoungGen: 14207K->320K(14848K)] 25508K->11841K(37376K), 0.0005020 secs] [Times: user=0.00 sys=0.00, real=0.00 secs] 
373.359: Total time for which application threads were stopped: 0.0006310 seconds, Stopping threads took: 0.0000650 seconds
373.425: Application time: 0.0665350 seconds
373.425: [GC [PSYoungGen: 14141K->0K(14848K)] 25662K->11737K(37376K), 0.0004040 secs] [Times: user=0.00 sys=0.00, real=0.00 secs] 
373.426: Total time for which application threads were stopped: 0.0005280 seconds, Stopping threads took: 0.0000640 seconds
373.490: Application time: 0.0646180 seconds
373.491: [GC [PSYoungGen: 13822K->384K(14848K)] 25560K->12121K(37376K), 0.0004170 secs] [Times: user=0.00 sys=0.00, real=0.00 secs] 
373.491: Total time for which application threads were stopped: 0.0005470 seconds, Stopping threads took: 0.0000560 seconds
373.550: Application time: 0.0593210 seconds
373.550: [GC [PSYoungGen: 14205K->352K(14848K)] 25943K->12350K(37376K), 0.0004320 secs] [Times: user=0.00 sys=0.00, real=0.00 secs] 
373.551: Total time for which application threads were stopped: 0.0005740 seconds, Stopping threads took: 0.0000790 seconds
373.603: Application time: 0.0522980 seconds
373.603: [GC [PSYoungGen: 14173K->352K(14848K)] 26171K->12374K(37376K), 0.0004500 secs] [Times: user=0.00 sys=0.00, real=0.00 secs] 
373.604: Total time for which application threads were stopped: 0.0005700 seconds, Stopping threads took: 0.0000510 seconds
373.667: Application time: 0.0628930 seconds
373.667: [GC [PSYoungGen: 14173K->480K(14848K)] 26195K->12558K(37376K), 0.0004850 secs] [Times: user=0.00 sys=0.00, real=0.00 secs] 
373.667: Total time for which application threads were stopped: 0.0006010 seconds, Stopping threads took: 0.0000470 seconds
373.735: Application time: 0.0673690 seconds
373.735: [GC [PSYoungGen: 14303K->0K(14848K)] 26382K->12514K(37376K), 0.0004510 secs] [Times: user=0.00 sys=0.00, real=0.00 secs] 
373.735: Total time for which application threads were stopped: 0.0005690 seconds, Stopping threads took: 0.0000500 seconds
373.802: Application time: 0.0672370 seconds
373.803: [GC [PSYoungGen: 13821K->0K(14848K)] 26336K->12514K(37376K), 0.0004310 secs] [Times: user=0.00 sys=0.00, real=0.00 secs] 
373.803: Total time for which application threads were stopped: 0.0005520 seconds, Stopping threads took: 0.0000560 seconds
373.870: Application time: 0.0673040 seconds
373.872: [GC [PSYoungGen: 13819K->0K(14848K)] 26334K->12514K(37376K), 0.0004070 secs] [Times: user=0.00 sys=0.00, real=0.00 secs] 
373.872: Total time for which application threads were stopped: 0.0019530 seconds, Stopping threads took: 0.0014830 seconds
373.936: Application time: 0.0640930 seconds
373.936: [GC [PSYoungGen: 13821K->384K(14848K)] 26336K->12898K(37376K), 0.0004080 secs] [Times: user=0.00 sys=0.00, real=0.00 secs] 
373.937: Total time for which application threads were stopped: 0.0005370 seconds, Stopping threads took: 0.0000670 seconds
373.985: Application time: 0.0483550 seconds
373.985: [GC [PSYoungGen: 14207K->384K(14848K)] 26722K->12914K(37376K), 0.0004340 secs] [Times: user=0.00 sys=0.00, real=0.00 secs] 
373.986: Total time for which application threads were stopped: 0.0005610 seconds, Stopping threads took: 0.0000610 seconds
374.050: Application time: 0.0643450 seconds
374.050: [GC [PSYoungGen: 14205K->416K(14848K)] 26735K->13191K(37376K), 0.0004500 secs] [Times: user=0.00 sys=0.00, real=0.00 secs] 
374.051: Total time for which application threads were stopped: 0.0006020 seconds, Stopping threads took: 0.0000820 seconds
374.117: Application time: 0.0657920 seconds
374.117: [GC [PSYoungGen: 14239K->352K(14848K)] 27014K->13359K(37376K), 0.0004350 secs] [Times: user=0.00 sys=0.00, real=0.00 secs] 
374.117: Total time for which application threads were stopped: 0.0005580 seconds, Stopping threads took: 0.0000570 seconds
374.184: Application time: 0.0668330 seconds
374.184: [GC [PSYoungGen: 14175K->0K(14848K)] 27183K->13231K(37376K), 0.0004420 secs] [Times: user=0.00 sys=0.00, real=0.00 secs] 
374.185: Total time for which application threads were stopped: 0.0005730 seconds, Stopping threads took: 0.0000650 seconds
374.235: Application time: 0.0506980 seconds
374.235: [GC [PSYoungGen: 13823K->384K(14848K)] 27055K->13615K(37376K), 0.0004130 secs] [Times: user=0.00 sys=0.00, real=0.00 secs] 
374.236: Total time for which application threads were stopped: 0.0005400 seconds, Stopping threads took: 0.0000600 seconds
374.293: Application time: 0.0576110 seconds
374.293: [GC [PSYoungGen: 14204K->480K(14848K)] 27436K->13719K(37376K), 0.0004410 secs] [Times: user=0.00 sys=0.00, real=0.00 secs] 
374.294: Total time for which application threads were stopped: 0.0005610 seconds, Stopping threads took: 0.0000540 seconds
374.341: Application time: 0.0471130 seconds
374.341: [GC [PSYoungGen: 14300K->576K(14848K)] 27540K->13823K(37376K), 0.0004590 secs] [Times: user=0.00 sys=0.00, real=0.00 secs] 
374.342: Total time for which application threads were stopped: 0.0005850 seconds, Stopping threads took: 0.0000630 seconds
374.406: Application time: 0.0646770 seconds
374.406: [GC [PSYoungGen: 14399K->320K(14848K)] 27647K->14040K(37376K), 0.0004640 secs] [Times: user=0.00 sys=0.00, real=0.00 secs] 
374.407: Total time for which application threads were stopped: 0.0005860 seconds, Stopping threads took: 0.0000620 seconds
374.471: Application time: 0.0643480 seconds
374.471: [GC [PSYoungGen: 14142K->480K(14848K)] 27862K->14208K(37376K), 0.0004370 secs] [Times: user=0.00 sys=0.00, real=0.01 secs] 
374.472: Total time for which application threads were stopped: 0.0005820 seconds, Stopping threads took: 0.0000790 seconds
374.540: Application time: 0.0679690 seconds
374.540: [GC [PSYoungGen: 14303K->0K(14848K)] 28031K->14144K(37376K), 0.0004580 secs] [Times: user=0.00 sys=0.00, real=0.00 secs] 
374.540: Total time for which application threads were stopped: 0.0005760 seconds, Stopping threads took: 0.0000510 seconds
374.601: Application time: 0.0606980 seconds
374.604: [GC [PSYoungGen: 13818K->160K(14848K)] 27963K->14304K(37376K), 0.0004050 secs] [Times: user=0.01 sys=0.00, real=0.00 secs] 
374.604: Total time for which application threads were stopped: 0.0031890 seconds, Stopping threads took: 0.0027140 seconds
374.655: Application time: 0.0502380 seconds
374.655: [GC [PSYoungGen: 13982K->384K(14848K)] 28127K->14536K(37376K), 0.0004530 secs] [Times: user=0.00 sys=0.00, real=0.00 secs] 
374.655: Total time for which application threads were stopped: 0.0005890 seconds, Stopping threads took: 0.0000690 seconds
374.718: Application time: 0.0627780 seconds
374.718: [GC [PSYoungGen: 14206K->544K(14848K)] 28359K->14752K(37376K), 0.0004750 secs] [Times: user=0.01 sys=0.00, real=0.00 secs] 
374.719: Total time for which application threads were stopped: 0.0006250 seconds, Stopping threads took: 0.0000830 seconds
374.768: Application time: 0.0495260 seconds
374.768: [GC [PSYoungGen: 14364K->608K(14848K)] 28572K->15229K(37376K), 0.0005240 secs] [Times: user=0.00 sys=0.00, real=0.00 secs] 
374.769: Total time for which application threads were stopped: 0.0006660 seconds, Stopping threads took: 0.0000670 seconds
374.828: Application time: 0.0595010 seconds
374.828: [GC [PSYoungGen: 14428K->384K(14848K)] 29049K->15253K(37376K), 0.0004460 secs] [Times: user=0.00 sys=0.00, real=0.00 secs] 
374.829: Total time for which application threads were stopped: 0.0005690 seconds, Stopping threads took: 0.0000550 seconds
374.881: Application time: 0.0518050 seconds
374.881: [GC [PSYoungGen: 14205K->512K(14848K)] 29075K->15397K(37376K), 0.0004520 secs] [Times: user=0.00 sys=0.00, real=0.00 secs] 
374.881: Total time for which application threads were stopped: 0.0005880 seconds, Stopping threads took: 0.0000670 seconds
374.941: Application time: 0.0595690 seconds
374.941: [GC [PSYoungGen: 14332K->384K(14848K)] 29218K->15485K(37376K), 0.0004590 secs] [Times: user=0.01 sys=0.00, real=0.00 secs] 
374.941: Total time for which application threads were stopped: 0.0006090 seconds, Stopping threads took: 0.0000840 seconds
375.007: Application time: 0.0651110 seconds
375.007: [GC [PSYoungGen: 14205K->352K(14848K)] 29306K->15469K(37376K), 0.0004080 secs] [Times: user=0.00 sys=0.00, real=0.00 secs] 
375.007: Total time for which application threads were stopped: 0.0005280 seconds, Stopping threads took: 0.0000590 seconds
375.065: Application time: 0.0581080 seconds
375.065: [GC [PSYoungGen: 14175K->576K(14848K)] 29292K->15921K(37376K), 0.0005120 secs] [Times: user=0.00 sys=0.00, real=0.00 secs] 
375.066: Total time for which application threads were stopped: 0.0006230 seconds, Stopping threads took: 0.0000520 seconds
375.117: Application time: 0.0511240 seconds
375.117: [GC [PSYoungGen: 14399K->512K(14848K)] 29744K->15873K(37376K), 0.0004530 secs] [Times: user=0.00 sys=0.00, real=0.00 secs] 
375.117: Total time for which application threads were stopped: 0.0005830 seconds, Stopping threads took: 0.0000540 seconds
375.183: Application time: 0.0651120 seconds
375.183: [GC [PSYoungGen: 14332K->320K(14848K)] 29694K->15905K(37376K), 0.0004330 secs] [Times: user=0.01 sys=0.00, real=0.00 secs] 
375.183: Total time for which application threads were stopped: 0.0005680 seconds, Stopping threads took: 0.0000660 seconds
375.248: Application time: 0.0644600 seconds
375.248: [GC [PSYoungGen: 14142K->352K(14848K)] 29728K->16158K(37376K), 0.0004640 secs] [Times: user=0.00 sys=0.00, real=0.00 secs] 
375.248: Total time for which application threads were stopped: 0.0005950 seconds, Stopping threads took: 0.0000680 seconds
375.315: Application time: 0.0664110 seconds
375.315: [GC [PSYoungGen: 14175K->0K(14848K)] 29982K->16022K(37376K), 0.0004290 secs] [Times: user=0.00 sys=0.00, real=0.00 secs] 
375.315: Total time for which application threads were stopped: 0.0005520 seconds, Stopping threads took: 0.0000580 seconds
375.380: Application time: 0.0648300 seconds
375.380: [GC [PSYoungGen: 13822K->384K(14848K)] 29844K->16406K(37376K), 0.0004170 secs] [Times: user=0.00 sys=0.00, real=0.00 secs] 
375.381: Total time for which application threads were stopped: 0.0005580 seconds, Stopping threads took: 0.0000770 seconds
375.445: Application time: 0.0642270 seconds
375.445: [GC [PSYoungGen: 14207K->352K(14848K)] 30229K->16614K(37376K), 0.0004760 secs] [Times: user=0.01 sys=0.00, real=0.00 secs] 
375.445: Total time for which application threads were stopped: 0.0006030 seconds, Stopping threads took: 0.0000610 seconds
375.493: Application time: 0.0478750 seconds
375.493: [GC [PSYoungGen: 14175K->416K(14848K)] 30438K->16686K(37376K), 0.0004330 secs] [Times: user=0.00 sys=0.00, real=0.00 secs] 
375.494: Total time for which application threads were stopped: 0.0005570 seconds, Stopping threads took: 0.0000630 seconds
375.558: Application time: 0.0637140 seconds
375.558: [GC [PSYoungGen: 14236K->384K(14848K)] 30506K->16907K(37376K), 0.0004630 secs] [Times: user=0.00 sys=0.00, real=0.00 secs] 
375.558: Total time for which application threads were stopped: 0.0005810 seconds, Stopping threads took: 0.0000530 seconds
375.624: Application time: 0.0655720 seconds
375.624: [GC [PSYoungGen: 14207K->352K(14848K)] 30730K->17127K(37376K), 0.0004700 secs] [Times: user=0.01 sys=0.00, real=0.00 secs] 
375.624: Total time for which application threads were stopped: 0.0006100 seconds, Stopping threads took: 0.0000630 seconds
375.691: Application time: 0.0668810 seconds
375.691: [GC [PSYoungGen: 14173K->0K(14848K)] 30949K->16991K(37376K), 0.0004320 secs] [Times: user=0.00 sys=0.00, real=0.00 secs] 
375.692: Total time for which application threads were stopped: 0.0005850 seconds, Stopping threads took: 0.0000820 seconds
375.759: Application time: 0.0669950 seconds
375.759: [GC [PSYoungGen: 13821K->0K(14848K)] 30813K->16991K(37376K), 0.0003560 secs] [Times: user=0.00 sys=0.00, real=0.00 secs] 
375.759: Total time for which application threads were stopped: 0.0004730 seconds, Stopping threads took: 0.0000570 seconds
375.816: Application time: 0.0565240 seconds
375.816: [GC [PSYoungGen: 13821K->384K(14848K)] 30813K->17375K(37376K), 0.0004470 secs] [Times: user=0.01 sys=0.00, real=0.00 secs] 
375.818: Total time for which application threads were stopped: 0.0017040 seconds, Stopping threads took: 0.0000490 seconds
375.874: Application time: 0.0564260 seconds
375.874: [GC [PSYoungGen: 14205K->352K(14848K)] 31196K->17415K(37376K), 0.0004210 secs] [Times: user=0.00 sys=0.00, real=0.00 secs] 
375.874: Total time for which application threads were stopped: 0.0005480 seconds, Stopping threads took: 0.0000640 seconds
375.938: Application time: 0.0634710 seconds
375.938: [GC [PSYoungGen: 14174K->544K(14848K)] 31238K->17623K(37376K), 0.0004350 secs] [Times: user=0.00 sys=0.00, real=0.00 secs] 
375.939: Total time for which application threads were stopped: 0.0005540 seconds, Stopping threads took: 0.0000590 seconds
376.005: Application time: 0.0668250 seconds
376.005: [GC [PSYoungGen: 14365K->0K(14848K)] 31445K->17488K(37376K), 0.0004430 secs] [Times: user=0.01 sys=0.00, real=0.00 secs] 
376.006: Total time for which application threads were stopped: 0.0005610 seconds, Stopping threads took: 0.0000560 seconds
376.074: Application time: 0.0682360 seconds
376.074: [GC [PSYoungGen: 13823K->0K(14848K)] 31312K->17488K(37376K), 0.0003930 secs] [Times: user=0.00 sys=0.00, real=0.00 secs] 
376.075: Total time for which application threads were stopped: 0.0005230 seconds, Stopping threads took: 0.0000630 seconds
376.124: Application time: 0.0497830 seconds
376.125: [GC [PSYoungGen: 13823K->352K(14848K)] 31312K->17840K(37376K), 0.0004140 secs] [Times: user=0.00 sys=0.00, real=0.00 secs] 
376.125: Total time for which application threads were stopped: 0.0005310 seconds, Stopping threads took: 0.0000490 seconds
376.179: Application time: 0.0536370 seconds
376.179: [GC [PSYoungGen: 14173K->544K(14848K)] 31662K->18040K(37376K), 0.0004420 secs] [Times: user=0.00 sys=0.00, real=0.00 secs] 
376.179: Total time for which application threads were stopped: 0.0005690 seconds, Stopping threads took: 0.0000530 seconds
376.231: Application time: 0.0515110 seconds
376.231: [GC [PSYoungGen: 14364K->576K(14848K)] 31861K->18080K(37376K), 0.0004510 secs] [Times: user=0.00 sys=0.00, real=0.00 secs] 
376.231: Total time for which application threads were stopped: 0.0005740 seconds, Stopping threads took: 0.0000650 seconds
376.294: Application time: 0.0631080 seconds
376.294: [GC [PSYoungGen: 14396K->544K(14848K)] 31901K->18329K(37376K), 0.0005010 secs] [Times: user=0.00 sys=0.00, real=0.00 secs] 
376.295: Total time for which application threads were stopped: 0.0006330 seconds, Stopping threads took: 0.0000670 seconds
376.362: Application time: 0.0666570 seconds
376.362: [GC [PSYoungGen: 14367K->0K(14848K)] 32152K->18349K(37376K), 0.0004870 secs] [Times: user=0.00 sys=0.00, real=0.00 secs] 
376.362: Total time for which application threads were stopped: 0.0006370 seconds, Stopping threads took: 0.0000850 seconds
376.429: Application time: 0.0666050 seconds
376.429: [GC [PSYoungGen: 13823K->0K(14848K)] 32173K->18349K(37376K), 0.0003820 secs] [Times: user=0.00 sys=0.00, real=0.00 secs] 
376.429: Total time for which application threads were stopped: 0.0005240 seconds, Stopping threads took: 0.0000640 seconds
376.488: Application time: 0.0581980 seconds
376.488: [GC [PSYoungGen: 13819K->384K(14848K)] 32169K->18733K(37376K), 0.0004390 secs] [Times: user=0.00 sys=0.00, real=0.00 secs] 
376.488: Total time for which application threads were stopped: 0.0005680 seconds, Stopping threads took: 0.0000650 seconds
376.541: Application time: 0.0530890 seconds
376.541: [GC [PSYoungGen: 14207K->384K(14848K)] 32557K->18797K(37376K), 0.0004220 secs] [Times: user=0.00 sys=0.00, real=0.00 secs] 
376.542: Total time for which application threads were stopped: 0.0005310 seconds, Stopping threads took: 0.0000440 seconds
376.604: Application time: 0.0616940 seconds
376.604: [GC [PSYoungGen: 14206K->736K(14848K)] 32620K->19165K(37376K), 0.0004670 secs] [Times: user=0.01 sys=0.00, real=0.01 secs] 
376.604: Total time for which application threads were stopped: 0.0005810 seconds, Stopping threads took: 0.0000510 seconds
376.650: Application time: 0.0463690 seconds
376.651: [GC [PSYoungGen: 14556K->544K(14848K)] 32986K->19418K(37376K), 0.0005330 secs] [Times: user=0.01 sys=0.00, real=0.00 secs] 
376.651: Total time for which application threads were stopped: 0.0006470 seconds, Stopping threads took: 0.0000470 seconds
376.715: Application time: 0.0638390 seconds
376.715: [GC [PSYoungGen: 14367K->288K(14848K)] 33241K->19502K(37376K), 0.0004460 secs] [Times: user=0.00 sys=0.00, real=0.00 secs] 
376.716: Total time for which application threads were stopped: 0.0005820 seconds, Stopping threads took: 0.0000720 seconds
376.763: Application time: 0.0478670 seconds
376.764: [GC [PSYoungGen: 14109K->544K(14848K)] 33323K->19766K(37376K), 0.0004360 secs] [Times: user=0.00 sys=0.00, real=0.01 secs] 
376.764: Total time for which application threads were stopped: 0.0005510 seconds, Stopping threads took: 0.0000500 seconds
376.817: Application time: 0.0526130 seconds
376.817: [GC [PSYoungGen: 14364K->384K(14848K)] 33587K->19830K(37376K), 0.0004430 secs] [Times: user=0.00 sys=0.00, real=0.00 secs] 
376.817: Total time for which application threads were stopped: 0.0005700 seconds, Stopping threads took: 0.0000660 seconds
376.876: Application time: 0.0589540 seconds
376.876: [GC [PSYoungGen: 14205K->288K(14848K)] 33652K->19750K(37376K), 0.0005000 secs] [Times: user=0.01 sys=0.00, real=0.00 secs] 
376.877: Total time for which application threads were stopped: 0.0006190 seconds, Stopping threads took: 0.0000550 seconds
376.928: Application time: 0.0508670 seconds
376.928: [GC [PSYoungGen: 14109K->544K(14848K)] 33572K->20219K(37376K), 0.0004800 secs] [Times: user=0.00 sys=0.00, real=0.00 secs] 
376.928: Total time for which application threads were stopped: 0.0005990 seconds, Stopping threads took: 0.0000600 seconds
376.977: Application time: 0.0485130 seconds
376.977: [GC [PSYoungGen: 14367K->352K(14848K)] 34043K->20255K(37376K), 0.0004000 secs] [Times: user=0.00 sys=0.00, real=0.00 secs] 
376.977: Total time for which application threads were stopped: 0.0005330 seconds, Stopping threads took: 0.0000720 seconds
377.036: Application time: 0.0587750 seconds
377.036: [GC [PSYoungGen: 14175K->448K(14848K)] 34078K->20383K(37376K), 0.0004500 secs] [Times: user=0.00 sys=0.00, real=0.00 secs] 
377.037: Total time for which application threads were stopped: 0.0005780 seconds, Stopping threads took: 0.0000650 seconds
377.095: Application time: 0.0587910 seconds
377.096: [GC [PSYoungGen: 14270K->320K(14848K)] 34206K->20468K(37376K), 0.0004420 secs] [Times: user=0.00 sys=0.00, real=0.00 secs] 
377.096: Total time for which application threads were stopped: 0.0005680 seconds, Stopping threads took: 0.0000640 seconds
377.156: Application time: 0.0602330 seconds
377.156: [GC [PSYoungGen: 14141K->352K(14848K)] 34289K->20729K(37376K), 0.0004280 secs] [Times: user=0.00 sys=0.00, real=0.00 secs] 
377.157: Total time for which application threads were stopped: 0.0005480 seconds, Stopping threads took: 0.0000600 seconds
377.217: Application time: 0.0598120 seconds
377.217: [GC [PSYoungGen: 14172K->368K(14848K)] 34549K->20769K(37376K), 0.0004200 secs] [Times: user=0.00 sys=0.00, real=0.00 secs] 
377.217: Total time for which application threads were stopped: 0.0005600 seconds, Stopping threads took: 0.0000610 seconds
377.274: Application time: 0.0569950 seconds
377.274: [GC [PSYoungGen: 14189K->352K(14848K)] 34590K->21009K(37376K), 0.0004230 secs] [Times: user=0.00 sys=0.00, real=0.00 secs] 
377.275: Total time for which application threads were stopped: 0.0005430 seconds, Stopping threads took: 0.0000600 seconds
377.320: Application time: 0.0448930 seconds
377.320: [GC [PSYoungGen: 14175K->352K(14848K)] 34832K->21017K(37376K), 0.0004370 secs] [Times: user=0.00 sys=0.00, real=0.00 secs] 
377.320: Total time for which application threads were stopped: 0.0005560 seconds, Stopping threads took: 0.0000590 seconds
377.379: Application time: 0.0583920 seconds
377.379: [GC [PSYoungGen: 14174K->528K(14848K)] 34839K->21241K(37376K), 0.0004350 secs] [Times: user=0.00 sys=0.00, real=0.00 secs] 
377.379: Total time for which application threads were stopped: 0.0005490 seconds, Stopping threads took: 0.0000530 seconds
377.440: Application time: 0.0608190 seconds
377.440: [GC [PSYoungGen: 14349K->0K(14848K)] 35062K->21149K(37376K), 0.0004490 secs] [Times: user=0.01 sys=0.00, real=0.00 secs] 
377.440: Total time for which application threads were stopped: 0.0005830 seconds, Stopping threads took: 0.0000700 seconds
377.502: Application time: 0.0616550 seconds
377.502: [GC [PSYoungGen: 13821K->0K(14848K)] 34971K->21149K(37376K), 0.0003570 secs] [Times: user=0.00 sys=0.00, real=0.00 secs] 
377.503: Total time for which application threads were stopped: 0.0004730 seconds, Stopping threads took: 0.0000580 seconds
377.565: Application time: 0.0620830 seconds
377.565: [GC [PSYoungGen: 13823K->0K(14848K)] 34973K->21149K(37376K), 0.0003680 secs] [Times: user=0.00 sys=0.00, real=0.00 secs] 
377.565: Total time for which application threads were stopped: 0.0004860 seconds, Stopping threads took: 0.0000600 seconds
377.614: Application time: 0.0489660 seconds
377.614: [GC [PSYoungGen: 13819K->368K(14848K)] 34969K->21517K(37376K), 0.0004760 secs] [Times: user=0.00 sys=0.00, real=0.00 secs] 
377.615: Total time for which application threads were stopped: 0.0005900 seconds, Stopping threads took: 0.0000570 seconds
377.667: Application time: 0.0526860 seconds
377.668: [GC [PSYoungGen: 14188K->384K(14848K)] 35337K->21589K(37376K), 0.0004430 secs] [Times: user=0.00 sys=0.00, real=0.00 secs] 
377.668: Total time for which application threads were stopped: 0.0005570 seconds, Stopping threads took: 0.0000540 seconds
377.726: Application time: 0.0580060 seconds
377.726: [GC [PSYoungGen: 14206K->544K(14848K)] 35412K->21757K(37376K), 0.0004300 secs] [Times: user=0.00 sys=0.00, real=0.00 secs] 
377.727: Total time for which application threads were stopped: 0.0005670 seconds, Stopping threads took: 0.0000640 seconds
377.787: Application time: 0.0609250 seconds
377.788: [GC [PSYoungGen: 14365K->0K(14848K)] 35579K->21622K(37376K), 0.0004540 secs] [Times: user=0.00 sys=0.00, real=0.00 secs] 
377.788: Total time for which application threads were stopped: 0.0005760 seconds, Stopping threads took: 0.0000550 seconds
377.849: Application time: 0.0608390 seconds
377.849: [GC [PSYoungGen: 13821K->0K(14848K)] 35444K->21622K(37376K), 0.0004240 secs] [Times: user=0.00 sys=0.00, real=0.00 secs] 
377.849: Total time for which application threads were stopped: 0.0005540 seconds, Stopping threads took: 0.0000650 seconds
377.893: Application time: 0.0438950 seconds
377.893: [GC [PSYoungGen: 13820K->416K(14848K)] 35443K->22038K(37376K), 0.0004120 secs] [Times: user=0.00 sys=0.00, real=0.00 secs] 
377.894: Total time for which application threads were stopped: 0.0005380 seconds, Stopping threads took: 0.0000670 seconds
377.937: Application time: 0.0435070 seconds
377.938: [GC [PSYoungGen: 14236K->544K(14848K)] 35859K->22190K(37376K), 0.0004320 secs] [Times: user=0.00 sys=0.00, real=0.00 secs] 
377.938: Total time for which application threads were stopped: 0.0005680 seconds, Stopping threads took: 0.0000640 seconds
377.991: Application time: 0.0526780 seconds
377.991: [GC [PSYoungGen: 14364K->736K(14848K)] 36011K->22390K(37376K), 0.0005050 secs] [Times: user=0.00 sys=0.00, real=0.00 secs] 
377.991: Total time for which application threads were stopped: 0.0006330 seconds, Stopping threads took: 0.0000660 seconds
378.049: Application time: 0.0575790 seconds
378.049: [GC [PSYoungGen: 14556K->544K(14848K)] 36211K->22478K(37376K), 0.0004920 secs] [Times: user=0.01 sys=0.00, real=0.00 secs] 
378.049: Total time for which application threads were stopped: 0.0006180 seconds, Stopping threads took: 0.0000640 seconds
378.110: Application time: 0.0607080 seconds
378.110: [GC [PSYoungGen: 14365K->0K(14848K)] 36300K->22347K(37376K), 0.0004500 secs] [Times: user=0.00 sys=0.00, real=0.00 secs] 
378.111: [Full GC [PSYoungGen: 0K->0K(14848K)] [ParOldGen: 22347K->4459K(22528K)] 22347K->4459K(37376K) [PSPermGen: 5580K->5580K(21504K)], 0.0059590 secs] [Times: user=0.03 sys=0.00, real=0.01 secs] 
378.117: Total time for which application threads were stopped: 0.0065780 seconds, Stopping threads took: 0.0000530 seconds
378.178: Application time: 0.0613340 seconds
378.178: [GC [PSYoungGen: 13823K->0K(14848K)] 18282K->4459K(37376K), 0.0003510 secs] [Times: user=0.00 sys=0.00, real=0.00 secs] 
378.179: Total time for which application threads were stopped: 0.0004930 seconds, Stopping threads took: 0.0000790 seconds
378.228: Application time: 0.0497540 seconds
378.228: [GC [PSYoungGen: 13822K->320K(14848K)] 18282K->4779K(37376K), 0.0003960 secs] [Times: user=0.00 sys=0.00, real=0.00 secs] 
378.229: Total time for which application threads were stopped: 0.0005310 seconds, Stopping threads took: 0.0000650 seconds
378.280: Application time: 0.0511990 seconds
378.280: [GC [PSYoungGen: 14142K->512K(14848K)] 18602K->5027K(37376K), 0.0004410 secs] [Times: user=0.00 sys=0.00, real=0.00 secs] 
378.281: Total time for which application threads were stopped: 0.0005520 seconds, Stopping threads took: 0.0000530 seconds
378.338: Application time: 0.0571620 seconds
378.338: [GC [PSYoungGen: 14334K->736K(14848K)] 18849K->5267K(37376K), 0.0004360 secs] [Times: user=0.00 sys=0.00, real=0.00 secs] 
378.338: Total time for which application threads were stopped: 0.0005450 seconds, Stopping threads took: 0.0000490 seconds
378.380: Application time: 0.0419910 seconds
378.380: [GC [PSYoungGen: 14558K->544K(14848K)] 19090K->5524K(37376K), 0.0005480 secs] [Times: user=0.00 sys=0.00, real=0.00 secs] 
378.381: Total time for which application threads were stopped: 0.0006790 seconds, Stopping threads took: 0.0000680 seconds
378.439: Application time: 0.0583270 seconds
378.439: [GC [PSYoungGen: 14367K->320K(14848K)] 19348K->5521K(37376K), 0.0003910 secs] [Times: user=0.00 sys=0.00, real=0.00 secs] 
378.440: Total time for which application threads were stopped: 0.0005100 seconds, Stopping threads took: 0.0000590 seconds
378.488: Application time: 0.0476700 seconds
378.488: [GC [PSYoungGen: 14141K->512K(14848K)] 19342K->5729K(37376K), 0.0004050 secs] [Times: user=0.00 sys=0.00, real=0.00 secs] 
378.488: Total time for which application threads were stopped: 0.0005170 seconds, Stopping threads took: 0.0000500 seconds
378.542: Application time: 0.0539170 seconds
378.542: [GC [PSYoungGen: 14335K->320K(14848K)] 19552K->5761K(37376K), 0.0004690 secs] [Times: user=0.00 sys=0.00, real=0.00 secs] 
378.543: Total time for which application threads were stopped: 0.0005960 seconds, Stopping threads took: 0.0000670 seconds
378.601: Application time: 0.0588010 seconds
378.601: [GC [PSYoungGen: 14143K->384K(14848K)] 19584K->5849K(37376K), 0.0003820 secs] [Times: user=0.00 sys=0.00, real=0.00 secs] 
378.602: Total time for which application threads were stopped: 0.0005010 seconds, Stopping threads took: 0.0000600 seconds
378.650: Application time: 0.0483180 seconds
378.650: [GC [PSYoungGen: 14203K->576K(14848K)] 19668K->6269K(37376K), 0.0004860 secs] [Times: user=0.01 sys=0.00, real=0.00 secs] 
378.651: Total time for which application threads were stopped: 0.0006050 seconds, Stopping threads took: 0.0000530 seconds
378.701: Application time: 0.0506520 seconds
378.702: [GC [PSYoungGen: 14397K->352K(14848K)] 20091K->6258K(37376K), 0.0004250 secs] [Times: user=0.00 sys=0.00, real=0.00 secs] 
378.702: Total time for which application threads were stopped: 0.0005570 seconds, Stopping threads took: 0.0000680 seconds
378.760: Application time: 0.0581650 seconds
378.760: [GC [PSYoungGen: 14175K->512K(14848K)] 20081K->6442K(37376K), 0.0004140 secs] [Times: user=0.00 sys=0.00, real=0.00 secs] 
378.761: Total time for which application threads were stopped: 0.0005410 seconds, Stopping threads took: 0.0000560 seconds
378.820: Application time: 0.0596080 seconds
378.820: [GC [PSYoungGen: 14333K->320K(14848K)] 20264K->6474K(37376K), 0.0005460 secs] [Times: user=0.00 sys=0.00, real=0.00 secs] 
378.821: Total time for which application threads were stopped: 0.0006710 seconds, Stopping threads took: 0.0000560 seconds
378.883: Application time: 0.0616460 seconds
378.883: [GC [PSYoungGen: 14141K->0K(14848K)] 20295K->6378K(37376K), 0.0004020 secs] [Times: user=0.00 sys=0.00, real=0.00 secs] 
378.883: Total time for which application threads were stopped: 0.0005270 seconds, Stopping threads took: 0.0000610 seconds
378.942: Application time: 0.0589130 seconds
378.942: [GC [PSYoungGen: 13822K->384K(14848K)] 20201K->6762K(37376K), 0.0003900 secs] [Times: user=0.01 sys=0.00, real=0.00 secs] 
378.943: Total time for which application threads were stopped: 0.0005110 seconds, Stopping threads took: 0.0000580 seconds
378.995: Application time: 0.0522680 seconds
378.995: [GC [PSYoungGen: 14204K->320K(14848K)] 20582K->6943K(37376K), 0.0004250 secs] [Times: user=0.01 sys=0.00, real=0.00 secs] 
378.995: Total time for which application threads were stopped: 0.0005520 seconds, Stopping threads took: 0.0000620 seconds
379.045: Application time: 0.0500030 seconds
379.046: [GC [PSYoungGen: 14139K->368K(14848K)] 20762K->6999K(37376K), 0.0003790 secs] [Times: user=0.00 sys=0.00, real=0.00 secs] 
379.046: Total time for which application threads were stopped: 0.0004960 seconds, Stopping threads took: 0.0000590 seconds
379.052: Application time: 0.0064370 seconds
379.052: Total time for which application threads were stopped: 0.0000580 seconds, Stopping threads took: 0.0000430 seconds
379.108: Application time: 0.0553530 seconds
379.108: [GC [PSYoungGen: 14189K->352K(14848K)] 20820K->7055K(37376K), 0.0004270 secs] [Times: user=0.00 sys=0.00, real=0.00 secs] 
379.108: Total time for which application threads were stopped: 0.0005480 seconds, Stopping threads took: 0.0000600 seconds
379.172: Application time: 0.0636790 seconds
379.172: [GC [PSYoungGen: 14172K->0K(14848K)] 20875K->6919K(37376K), 0.0004380 secs] [Times: user=0.01 sys=0.00, real=0.00 secs] 
379.173: Total time for which application threads were stopped: 0.0005480 seconds, Stopping threads took: 0.0000460 seconds
379.236: Application time: 0.0636150 seconds
379.236: [GC [PSYoungGen: 13820K->0K(14848K)] 20739K->6919K(37376K), 0.0004270 secs] [Times: user=0.00 sys=0.00, real=0.00 secs] 
379.237: Total time for which application threads were stopped: 0.0005430 seconds, Stopping threads took: 0.0000540 seconds
379.300: Application time: 0.0636510 seconds
379.301: [GC [PSYoungGen: 13820K->0K(14848K)] 20739K->6919K(37376K), 0.0003680 secs] [Times: user=0.00 sys=0.00, real=0.00 secs] 
379.301: Total time for which application threads were stopped: 0.0005040 seconds, Stopping threads took: 0.0000620 seconds
379.361: Application time: 0.0599190 seconds
379.361: [GC [PSYoungGen: 13822K->128K(14848K)] 20741K->7047K(37376K), 0.0003880 secs] [Times: user=0.00 sys=0.00, real=0.00 secs] 
379.361: Total time for which application threads were stopped: 0.0005280 seconds, Stopping threads took: 0.0000780 seconds
379.426: Application time: 0.0649480 seconds
379.426: [GC [PSYoungGen: 13951K->320K(14848K)] 20870K->7247K(37376K), 0.0004200 secs] [Times: user=0.00 sys=0.00, real=0.00 secs] 
379.427: Total time for which application threads were stopped: 0.0005470 seconds, Stopping threads took: 0.0000570 seconds
379.481: Application time: 0.0542890 seconds
379.481: [GC [PSYoungGen: 14143K->352K(14848K)] 21070K->7511K(37376K), 0.0005010 secs] [Times: user=0.00 sys=0.00, real=0.00 secs] 
379.482: Total time for which application threads were stopped: 0.0006210 seconds, Stopping threads took: 0.0000430 seconds
379.532: Application time: 0.0506080 seconds
379.532: Total time for which application threads were stopped: 0.0000930 seconds, Stopping threads took: 0.0000670 seconds
379.540: Application time: 0.0078890 seconds
379.540: [GC [PSYoungGen: 14173K->128K(14848K)] 21332K->7303K(37376K), 0.0004020 secs] [Times: user=0.01 sys=0.00, real=0.00 secs] 
379.541: Total time for which application threads were stopped: 0.0005060 seconds, Stopping threads took: 0.0000490 seconds
379.623: Application time: 0.0824190 seconds
379.623: [GC [PSYoungGen: 13947K->320K(14848K)] 21122K->7503K(37376K), 0.0004050 secs] [Times: user=0.00 sys=0.00, real=0.01 secs] 
379.624: Total time for which application threads were stopped: 0.0005310 seconds, Stopping threads took: 0.0000600 seconds
379.689: Application time: 0.0655620 seconds
379.690: [GC [PSYoungGen: 14139K->96K(14848K)] 21322K->7287K(37376K), 0.0005960 secs] [Times: user=0.00 sys=0.00, real=0.00 secs] 
379.690: Total time for which application threads were stopped: 0.0007430 seconds, Stopping threads took: 0.0000890 seconds
379.764: Application time: 0.0735100 seconds
379.764: [GC [PSYoungGen: 13918K->352K(14848K)] 21109K->7551K(37376K), 0.0004490 secs] [Times: user=0.00 sys=0.00, real=0.01 secs] 
379.764: Total time for which application threads were stopped: 0.0005480 seconds, Stopping threads took: 0.0000390 seconds
379.815: Application time: 0.0508040 seconds
379.815: [GC [PSYoungGen: 14173K->416K(14848K)] 21372K->7631K(37376K), 0.0006360 secs] [Times: user=0.00 sys=0.00, real=0.00 secs] 
379.816: Total time for which application threads were stopped: 0.0007440 seconds, Stopping threads took: 0.0000320 seconds
379.834: Application time: 0.0184800 seconds
379.834: Total time for which application threads were stopped: 0.0000520 seconds, Stopping threads took: 0.0000370 seconds
379.891: Application time: 0.0567340 seconds
379.891: Total time for which application threads were stopped: 0.0000470 seconds, Stopping threads took: 0.0000300 seconds
379.901: Application time: 0.0101730 seconds
379.901: [GC [PSYoungGen: 14238K->352K(14848K)] 21453K->7575K(37376K), 0.0003730 secs] [Times: user=0.00 sys=0.00, real=0.00 secs] 
379.902: Total time for which application threads were stopped: 0.0004290 seconds, Stopping threads took: 0.0000140 seconds
380.062: Application time: 0.1604540 seconds
380.062: [GC [PSYoungGen: 14174K->96K(14848K)] 21397K->7335K(37376K), 0.0005600 secs] [Times: user=0.00 sys=0.00, real=0.00 secs] 
380.063: Total time for which application threads were stopped: 0.0006270 seconds, Stopping threads took: 0.0000110 seconds
380.289: Application time: 0.2266910 seconds
380.289: [GC [PSYoungGen: 13917K->288K(14848K)] 21156K->7535K(37376K), 0.0005190 secs] [Times: user=0.00 sys=0.00, real=0.00 secs] 
380.290: Total time for which application threads were stopped: 0.0005890 seconds, Stopping threads took: 0.0000120 seconds
380.354: Application time: 0.0638860 seconds
380.354: Total time for which application threads were stopped: 0.0000770 seconds, Stopping threads took: 0.0000090 seconds
380.499: Application time: 0.1452420 seconds
380.499: [GC [PSYoungGen: 14112K->1013K(13824K)] 21359K->11060K(36352K), 0.0021180 secs] [Times: user=0.01 sys=0.00, real=0.00 secs] 
380.501: Total time for which application threads were stopped: 0.0022090 seconds, Stopping threads took: 0.0000090 seconds
380.612: Application time: 0.1102840 seconds
380.612: [GC [PSYoungGen: 13813K->1182K(14848K)] 23860K->20681K(37376K), 0.0036740 secs] [Times: user=0.03 sys=0.00, real=0.00 secs] 
380.616: [Full GC [PSYoungGen: 1182K->0K(14848K)] [ParOldGen: 19498K->7902K(31232K)] 20681K->7902K(46080K) [PSPermGen: 12877K->12873K(21504K)], 0.0202950 secs] [Times: user=0.07 sys=0.01, real=0.02 secs] 
380.636: Total time for which application threads were stopped: 0.0241370 seconds, Stopping threads took: 0.0000110 seconds
380.636: Application time: 0.0001100 seconds
380.636: Total time for which application threads were stopped: 0.0000490 seconds, Stopping threads took: 0.0000220 seconds
380.636: Application time: 0.0000690 seconds
380.636: Total time for which application threads were stopped: 0.0000290 seconds, Stopping threads took: 0.0000140 seconds
380.879: Application time: 0.2425240 seconds
380.879: [GC [PSYoungGen: 12800K->960K(17408K)] 20702K->17299K(48640K), 0.0025080 secs] [Times: user=0.01 sys=0.00, real=0.00 secs] 
380.881: Total time for which application threads were stopped: 0.0026340 seconds, Stopping threads took: 0.0000100 seconds
380.881: Application time: 0.0000930 seconds
380.881: Total time for which application threads were stopped: 0.0000370 seconds, Stopping threads took: 0.0000140 seconds
380.920: Application time: 0.0381950 seconds
380.920: Total time for which application threads were stopped: 0.0000310 seconds, Stopping threads took: 0.0000130 seconds
Heap
 PSYoungGen      total 17408K, used 6584K [0x00000000d7480000, 0x00000000d8780000, 0x0000000100000000)
  eden space 15360K, 36% used [0x00000000d7480000,0x00000000d79fe260,0x00000000d8380000)
  from space 2048K, 46% used [0x00000000d8580000,0x00000000d8670000,0x00000000d8780000)
  to   space 2048K, 0% used [0x00000000d8380000,0x00000000d8380000,0x00000000d8580000)
 ParOldGen       total 31232K, used 16339K [0x0000000085e00000, 0x0000000087c80000, 0x00000000d7480000)
  object space 31232K, 52% used [0x0000000085e00000,0x0000000086df4f60,0x0000000087c80000)
 PSPermGen       total 21504K, used 13257K [0x0000000080c00000, 0x0000000082100000, 0x0000000085e00000)
  object space 21504K, 61% used [0x0000000080c00000,0x00000000818f24a8,0x0000000082100000)
380.920: Application time: 0.0002200 seconds
