Java HotSpot(TM) 64-Bit Server VM (24.80-b11) for linux-amd64 JRE (1.7.0_80-b15), built on Apr 10 2015 19:53:14 by "java_re" with gcc 4.3.0 20080428 (Red Hat 4.3.0-8)
Memory: 4k page, physical 8000092k(6262800k free), swap 8218620k(8218620k free)
CommandLine flags: -XX:InitialHeapSize=128001472 -XX:MaxHeapSize=2048023552 -XX:+PrintGC -XX:+PrintGCApplicationConcurrentTime -XX:+PrintGCApplicationStoppedTime -XX:+PrintGCDetails -XX:+PrintGCTimeStamps -XX:+UseCompressedOops -XX:+UseParallelGC -XX:+UseParallelOldGC 
1.007: Application time: 0.9859570 seconds
1.007: Total time for which application threads were stopped: 0.0000450 seconds, Stopping threads took: 0.0000120 seconds
4.026: Application time: 3.0194310 seconds
4.027: Total time for which application threads were stopped: 0.0000650 seconds, Stopping threads took: 0.0000100 seconds
14.692: Application time: 10.6656950 seconds
14.692: Total time for which application threads were stopped: 0.0000340 seconds, Stopping threads took: 0.0000180 seconds
14.692: Application time: 0.0000640 seconds
14.692: Total time for which application threads were stopped: 0.0000230 seconds, Stopping threads took: 0.0000070 seconds
14.694: Application time: 0.0015060 seconds
14.694: Total time for which application threads were stopped: 0.0000230 seconds, Stopping threads took: 0.0000170 seconds
14.713: Application time: 0.0191940 seconds
14.713: Total time for which application threads were stopped: 0.0000390 seconds, Stopping threads took: 0.0000090 seconds
14.725: Application time: 0.0121940 seconds
14.725: [GC [PSYoungGen: 10773K->3306K(36864K)] 10773K->3314K(119808K), 0.0023040 secs] [Times: user=0.01 sys=0.00, real=0.00 secs] 
14.728: [Full GC [PSYoungGen: 3306K->0K(36864K)] [ParOldGen: 8K->3145K(82944K)] 3314K->3145K(119808K) [PSPermGen: 5075K->5074K(21504K)], 0.0106850 secs] [Times: user=0.04 sys=0.00, real=0.01 secs] 
14.738: Total time for which application threads were stopped: 0.0131210 seconds, Stopping threads took: 0.0000170 seconds
14.739: Application time: 0.0000440 seconds
14.739: [GC [PSYoungGen: 0K->0K(36864K)] 3145K->3145K(119808K), 0.0002940 secs] [Times: user=0.00 sys=0.00, real=0.00 secs] 
14.739: [Full GC [PSYoungGen: 0K->0K(36864K)] [ParOldGen: 3145K->3145K(82944K)] 3145K->3145K(119808K) [PSPermGen: 5074K->5074K(21504K)], 0.0040590 secs] [Times: user=0.01 sys=0.00, real=0.01 secs] 
14.743: Total time for which application threads were stopped: 0.0044560 seconds, Stopping threads took: 0.0000150 seconds
14.743: Application time: 0.0000630 seconds
14.743: Total time for which application threads were stopped: 0.0000260 seconds, Stopping threads took: 0.0000170 seconds
14.743: Application time: 0.0000360 seconds
14.743: Total time for which application threads were stopped: 0.0000180 seconds, Stopping threads took: 0.0000130 seconds
14.743: Application time: 0.0000320 seconds
14.743: Total time for which application threads were stopped: 0.0000130 seconds, Stopping threads took: 0.0000090 seconds
14.743: Application time: 0.0000130 seconds
14.743: Total time for which application threads were stopped: 0.0000150 seconds, Stopping threads took: 0.0000110 seconds
14.743: Application time: 0.0000120 seconds
14.743: Total time for which application threads were stopped: 0.0000170 seconds, Stopping threads took: 0.0000130 seconds
14.743: Application time: 0.0000100 seconds
14.743: Total time for which application threads were stopped: 0.0000140 seconds, Stopping threads took: 0.0000110 seconds
14.743: Application time: 0.0000110 seconds
14.743: Total time for which application threads were stopped: 0.0000160 seconds, Stopping threads took: 0.0000120 seconds
14.743: Application time: 0.0000110 seconds
14.743: Total time for which application threads were stopped: 0.0000160 seconds, Stopping threads took: 0.0000130 seconds
14.743: Application time: 0.0001260 seconds
14.743: Total time for which application threads were stopped: 0.0000140 seconds, Stopping threads took: 0.0000100 seconds
14.744: Application time: 0.0000750 seconds
14.744: Total time for which application threads were stopped: 0.0000190 seconds, Stopping threads took: 0.0000160 seconds
14.744: Application time: 0.0000110 seconds
14.744: Total time for which application threads were stopped: 0.0000140 seconds, Stopping threads took: 0.0000100 seconds
14.744: Application time: 0.0000120 seconds
14.744: Total time for which application threads were stopped: 0.0000210 seconds, Stopping threads took: 0.0000170 seconds
14.744: Application time: 0.0000120 seconds
14.744: Total time for which application threads were stopped: 0.0000150 seconds, Stopping threads took: 0.0000120 seconds
14.744: Application time: 0.0000100 seconds
14.744: Total time for which application threads were stopped: 0.0000130 seconds, Stopping threads took: 0.0000100 seconds
14.744: Application time: 0.0000100 seconds
14.744: Total time for which application threads were stopped: 0.0000060 seconds, Stopping threads took: 0.0000030 seconds
14.744: Application time: 0.0000160 seconds
14.744: Total time for which application threads were stopped: 0.0000130 seconds, Stopping threads took: 0.0000100 seconds
14.744: Application time: 0.0000110 seconds
14.744: Total time for which application threads were stopped: 0.0000110 seconds, Stopping threads took: 0.0000070 seconds
14.744: Application time: 0.0000110 seconds
14.744: Total time for which application threads were stopped: 0.0000070 seconds, Stopping threads took: 0.0000040 seconds
14.744: Application time: 0.0000110 seconds
14.744: Total time for which application threads were stopped: 0.0000130 seconds, Stopping threads took: 0.0000100 seconds
14.744: Application time: 0.0000120 seconds
14.744: Total time for which application threads were stopped: 0.0000170 seconds, Stopping threads took: 0.0000090 seconds
14.744: Application time: 0.0002650 seconds
14.744: Total time for which application threads were stopped: 0.0000110 seconds, Stopping threads took: 0.0000050 seconds
14.746: Application time: 0.0014820 seconds
14.746: Total time for which application threads were stopped: 0.0000350 seconds, Stopping threads took: 0.0000280 seconds
14.746: Application time: 0.0001140 seconds
14.746: Total time for which application threads were stopped: 0.0000470 seconds, Stopping threads took: 0.0000350 seconds
14.746: Application time: 0.0004400 seconds
14.746: Total time for which application threads were stopped: 0.0000220 seconds, Stopping threads took: 0.0000110 seconds
14.751: Application time: 0.0050090 seconds
14.751: Total time for which application threads were stopped: 0.0000390 seconds, Stopping threads took: 0.0000240 seconds
14.752: Application time: 0.0010470 seconds
14.752: Total time for which application threads were stopped: 0.0000690 seconds, Stopping threads took: 0.0000560 seconds
14.753: Application time: 0.0003420 seconds
14.753: Total time for which application threads were stopped: 0.0000370 seconds, Stopping threads took: 0.0000240 seconds
14.753: Application time: 0.0000550 seconds
14.753: Total time for which application threads were stopped: 0.0000800 seconds, Stopping threads took: 0.0000440 seconds
14.753: Application time: 0.0001330 seconds
14.753: Total time for which application threads were stopped: 0.0000110 seconds, Stopping threads took: 0.0000040 seconds
14.753: Application time: 0.0001420 seconds
14.753: Total time for which application threads were stopped: 0.0000080 seconds, Stopping threads took: 0.0000030 seconds
14.757: Application time: 0.0036490 seconds
14.757: Total time for which application threads were stopped: 0.0000660 seconds, Stopping threads took: 0.0000520 seconds
14.757: Application time: 0.0003320 seconds
14.757: Total time for which application threads were stopped: 0.0000520 seconds, Stopping threads took: 0.0000370 seconds
14.759: Application time: 0.0017160 seconds
14.759: Total time for which application threads were stopped: 0.0000410 seconds, Stopping threads took: 0.0000310 seconds
14.759: Application time: 0.0000390 seconds
14.759: Total time for which application threads were stopped: 0.0000490 seconds, Stopping threads took: 0.0000340 seconds
14.760: Application time: 0.0006220 seconds
14.760: Total time for which application threads were stopped: 0.0000330 seconds, Stopping threads took: 0.0000210 seconds
14.765: Application time: 0.0055850 seconds
14.765: Total time for which application threads were stopped: 0.0000780 seconds, Stopping threads took: 0.0000420 seconds
14.766: Application time: 0.0000830 seconds
14.766: Total time for which application threads were stopped: 0.0000370 seconds, Stopping threads took: 0.0000230 seconds
14.766: Application time: 0.0000200 seconds
14.766: Total time for which application threads were stopped: 0.0000670 seconds, Stopping threads took: 0.0000570 seconds
14.766: Application time: 0.0000210 seconds
14.766: Total time for which application threads were stopped: 0.0000240 seconds, Stopping threads took: 0.0000140 seconds
14.767: Application time: 0.0011390 seconds
14.767: Total time for which application threads were stopped: 0.0000360 seconds, Stopping threads took: 0.0000260 seconds
14.767: Application time: 0.0004750 seconds
14.767: Total time for which application threads were stopped: 0.0000490 seconds, Stopping threads took: 0.0000310 seconds
14.768: Application time: 0.0000600 seconds
14.768: Total time for which application threads were stopped: 0.0001030 seconds, Stopping threads took: 0.0000420 seconds
15.269: Application time: 0.5015940 seconds
15.269: [GC [PSYoungGen: 31744K->2408K(36864K)] 34889K->5562K(119808K), 0.0015920 secs] [Times: user=0.01 sys=0.00, real=0.00 secs] 
15.271: Total time for which application threads were stopped: 0.0018200 seconds, Stopping threads took: 0.0001100 seconds
15.271: Application time: 0.0001730 seconds
15.271: Total time for which application threads were stopped: 0.0000690 seconds, Stopping threads took: 0.0000530 seconds
15.271: Application time: 0.0000150 seconds
15.271: Total time for which application threads were stopped: 0.0000340 seconds, Stopping threads took: 0.0000280 seconds
15.271: Application time: 0.0000120 seconds
15.271: Total time for which application threads were stopped: 0.0000210 seconds, Stopping threads took: 0.0000160 seconds
15.271: Application time: 0.0000100 seconds
15.271: Total time for which application threads were stopped: 0.0000270 seconds, Stopping threads took: 0.0000210 seconds
15.271: Application time: 0.0000100 seconds
15.271: Total time for which application threads were stopped: 0.0000210 seconds, Stopping threads took: 0.0000160 seconds
15.271: Application time: 0.0000100 seconds
15.271: Total time for which application threads were stopped: 0.0000260 seconds, Stopping threads took: 0.0000200 seconds
15.271: Application time: 0.0000100 seconds
15.272: Total time for which application threads were stopped: 0.0000170 seconds, Stopping threads took: 0.0000120 seconds
15.272: Application time: 0.0000100 seconds
15.272: Total time for which application threads were stopped: 0.0000260 seconds, Stopping threads took: 0.0000200 seconds
15.272: Application time: 0.0000100 seconds
15.272: Total time for which application threads were stopped: 0.0000210 seconds, Stopping threads took: 0.0000150 seconds
15.272: Application time: 0.0000100 seconds
15.272: Total time for which application threads were stopped: 0.0000230 seconds, Stopping threads took: 0.0000170 seconds
15.272: Application time: 0.0000100 seconds
15.272: Total time for which application threads were stopped: 0.0000220 seconds, Stopping threads took: 0.0000170 seconds
15.272: Application time: 0.0000170 seconds
15.276: Total time for which application threads were stopped: 0.0041050 seconds, Stopping threads took: 0.0040840 seconds
15.276: Application time: 0.0000280 seconds
15.276: Total time for which application threads were stopped: 0.0000440 seconds, Stopping threads took: 0.0000310 seconds
15.276: Application time: 0.0000380 seconds
15.279: Total time for which application threads were stopped: 0.0029890 seconds, Stopping threads took: 0.0029700 seconds
15.280: Application time: 0.0008460 seconds
15.280: Total time for which application threads were stopped: 0.0000600 seconds, Stopping threads took: 0.0000450 seconds
15.292: Application time: 0.0119520 seconds
15.296: Total time for which application threads were stopped: 0.0040450 seconds, Stopping threads took: 0.0040080 seconds
15.298: Application time: 0.0023580 seconds
15.298: Total time for which application threads were stopped: 0.0000660 seconds, Stopping threads took: 0.0000540 seconds
15.298: Application time: 0.0000200 seconds
15.298: Total time for which application threads were stopped: 0.0000280 seconds, Stopping threads took: 0.0000220 seconds
15.298: Application time: 0.0000120 seconds
15.298: Total time for which application threads were stopped: 0.0000290 seconds, Stopping threads took: 0.0000200 seconds
15.304: Application time: 0.0054120 seconds
15.305: Total time for which application threads were stopped: 0.0013880 seconds, Stopping threads took: 0.0013390 seconds
15.461: Application time: 0.1555230 seconds
15.461: [GC [PSYoungGen: 34152K->2208K(36864K)] 37306K->5361K(119808K), 0.0009900 secs] [Times: user=0.00 sys=0.00, real=0.00 secs] 
15.462: Total time for which application threads were stopped: 0.0011540 seconds, Stopping threads took: 0.0000780 seconds
15.488: Application time: 0.0259980 seconds
15.490: Total time for which application threads were stopped: 0.0025880 seconds, Stopping threads took: 0.0025510 seconds
15.490: Application time: 0.0000380 seconds
15.490: Total time for which application threads were stopped: 0.0000870 seconds, Stopping threads took: 0.0000680 seconds
15.491: Application time: 0.0000230 seconds
15.491: Total time for which application threads were stopped: 0.0000500 seconds, Stopping threads took: 0.0000380 seconds
15.491: Application time: 0.0000180 seconds
15.491: Total time for which application threads were stopped: 0.0000410 seconds, Stopping threads took: 0.0000260 seconds
15.491: Application time: 0.0000180 seconds
15.491: Total time for which application threads were stopped: 0.0000470 seconds, Stopping threads took: 0.0000330 seconds
15.491: Application time: 0.0000210 seconds
15.491: Total time for which application threads were stopped: 0.0000520 seconds, Stopping threads took: 0.0000330 seconds
15.491: Application time: 0.0000160 seconds
15.491: Total time for which application threads were stopped: 0.0000380 seconds, Stopping threads took: 0.0000250 seconds
15.491: Application time: 0.0000270 seconds
15.491: Total time for which application threads were stopped: 0.0000440 seconds, Stopping threads took: 0.0000310 seconds
15.653: Application time: 0.1617620 seconds
15.656: Total time for which application threads were stopped: 0.0031220 seconds, Stopping threads took: 0.0030910 seconds
15.656: Application time: 0.0000480 seconds
15.660: [GC [PSYoungGen: 33952K->2192K(36864K)] 37110K->5350K(119808K), 0.0010880 secs] [Times: user=0.00 sys=0.00, real=0.00 secs] 
15.661: Total time for which application threads were stopped: 0.0050750 seconds, Stopping threads took: 0.0039090 seconds
16.120: Application time: 0.4587370 seconds
16.120: [GC [PSYoungGen: 33933K->2208K(36864K)] 37375K->5650K(119808K), 0.0010460 secs] [Times: user=0.01 sys=0.00, real=0.00 secs] 
16.121: Total time for which application threads were stopped: 0.0012620 seconds, Stopping threads took: 0.0000890 seconds
16.276: Application time: 0.1554710 seconds
16.276: [GC [PSYoungGen: 33952K->2096K(33792K)] 37394K->5578K(116736K), 0.0008830 secs] [Times: user=0.01 sys=0.01, real=0.00 secs] 
16.277: Total time for which application threads were stopped: 0.0009940 seconds, Stopping threads took: 0.0000450 seconds
16.415: Application time: 0.1376110 seconds
16.415: [GC [PSYoungGen: 33328K->2144K(33792K)] 36810K->5634K(116736K), 0.0008160 secs] [Times: user=0.00 sys=0.00, real=0.00 secs] 
16.416: Total time for which application threads were stopped: 0.0009490 seconds, Stopping threads took: 0.0000700 seconds
16.552: Application time: 0.1362190 seconds
16.552: [GC [PSYoungGen: 32863K->1152K(31744K)] 36353K->5539K(114688K), 0.0008480 secs] [Times: user=0.00 sys=0.00, real=0.00 secs] 
16.553: Total time for which application threads were stopped: 0.0009630 seconds, Stopping threads took: 0.0000510 seconds
16.689: Application time: 0.1354530 seconds
16.689: [GC [PSYoungGen: 31360K->0K(32768K)] 35747K->5585K(115712K), 0.0006040 secs] [Times: user=0.01 sys=0.00, real=0.00 secs] 
16.689: Total time for which application threads were stopped: 0.0007360 seconds, Stopping threads took: 0.0000560 seconds
16.826: Application time: 0.1362480 seconds
16.826: [GC [PSYoungGen: 29692K->0K(29696K)] 35278K->5585K(112640K), 0.0004110 secs] [Times: user=0.00 sys=0.00, real=0.00 secs] 
16.826: Total time for which application threads were stopped: 0.0005590 seconds, Stopping threads took: 0.0000850 seconds
16.939: Application time: 0.1128000 seconds
16.939: [GC [PSYoungGen: 29184K->416K(31744K)] 34769K->6002K(114688K), 0.0004390 secs] [Times: user=0.00 sys=0.00, real=0.00 secs] 
16.940: Total time for which application threads were stopped: 0.0005680 seconds, Stopping threads took: 0.0000640 seconds
17.053: Application time: 0.1134330 seconds
17.053: [GC [PSYoungGen: 29087K->512K(29184K)] 34673K->6122K(112128K), 0.0005310 secs] [Times: user=0.00 sys=0.00, real=0.00 secs] 
17.054: Total time for which application threads were stopped: 0.0006760 seconds, Stopping threads took: 0.0000820 seconds
17.180: Application time: 0.1268260 seconds
17.181: [GC [PSYoungGen: 28669K->384K(30720K)] 34279K->6230K(113664K), 0.0004520 secs] [Times: user=0.00 sys=0.00, real=0.00 secs] 
17.181: Total time for which application threads were stopped: 0.0005740 seconds, Stopping threads took: 0.0000580 seconds
17.305: Application time: 0.1235230 seconds
17.305: [GC [PSYoungGen: 28029K->416K(27648K)] 33875K->6491K(110592K), 0.0004510 secs] [Times: user=0.01 sys=0.00, real=0.00 secs] 
17.305: Total time for which application threads were stopped: 0.0006060 seconds, Stopping threads took: 0.0000800 seconds
17.396: Application time: 0.0912080 seconds
17.396: [GC [PSYoungGen: 27549K->1136K(29696K)] 33624K->7475K(112640K), 0.0005920 secs] [Times: user=0.01 sys=0.00, real=0.00 secs] 
17.397: Total time for which application threads were stopped: 0.0007120 seconds, Stopping threads took: 0.0000570 seconds
17.448: Application time: 0.0510260 seconds
17.448: [GC [PSYoungGen: 27759K->1216K(27648K)] 34098K->7807K(110592K), 0.0006990 secs] [Times: user=0.00 sys=0.00, real=0.00 secs] 
17.449: Total time for which application threads were stopped: 0.0008030 seconds, Stopping threads took: 0.0000400 seconds
17.529: Application time: 0.0799850 seconds
17.529: [GC [PSYoungGen: 27326K->1360K(28160K)] 33917K->8284K(111104K), 0.0006770 secs] [Times: user=0.01 sys=0.00, real=0.00 secs] 
17.530: Total time for which application threads were stopped: 0.0008110 seconds, Stopping threads took: 0.0000710 seconds
17.639: Application time: 0.1090740 seconds
17.639: [GC [PSYoungGen: 26958K->256K(25600K)] 33882K->8234K(108544K), 0.0005690 secs] [Times: user=0.00 sys=0.00, real=0.00 secs] 
17.639: Total time for which application threads were stopped: 0.0007000 seconds, Stopping threads took: 0.0000690 seconds
17.750: Application time: 0.1102110 seconds
17.750: [GC [PSYoungGen: 25340K->0K(27136K)] 33319K->8207K(110080K), 0.0004000 secs] [Times: user=0.00 sys=0.00, real=0.00 secs] 
17.750: Total time for which application threads were stopped: 0.0005230 seconds, Stopping threads took: 0.0000590 seconds
17.850: Application time: 0.0993980 seconds
17.850: [GC [PSYoungGen: 24574K->1152K(25600K)] 32782K->9359K(108544K), 0.0005470 secs] [Times: user=0.00 sys=0.00, real=0.00 secs] 
17.850: Total time for which application threads were stopped: 0.0006580 seconds, Stopping threads took: 0.0000400 seconds
17.954: Application time: 0.1040770 seconds
17.954: [GC [PSYoungGen: 25213K->512K(26112K)] 33421K->9652K(109056K), 0.0005880 secs] [Times: user=0.00 sys=0.00, real=0.00 secs] 
17.955: Total time for which application threads were stopped: 0.0007130 seconds, Stopping threads took: 0.0000630 seconds
18.062: Application time: 0.1065530 seconds
18.062: [GC [PSYoungGen: 24059K->0K(26624K)] 33200K->9558K(109568K), 0.0004910 secs] [Times: user=0.00 sys=0.00, real=0.00 secs] 
18.062: Total time for which application threads were stopped: 0.0006250 seconds, Stopping threads took: 0.0000620 seconds
18.168: Application time: 0.1056390 seconds
18.172: [GC [PSYoungGen: 23547K->0K(26624K)] 33105K->9558K(109568K), 0.0003530 secs] [Times: user=0.00 sys=0.01, real=0.00 secs] 
18.172: Total time for which application threads were stopped: 0.0042370 seconds, Stopping threads took: 0.0038200 seconds
18.278: Application time: 0.1055360 seconds
18.278: Total time for which application threads were stopped: 0.0000940 seconds, Stopping threads took: 0.0000700 seconds
18.278: Application time: 0.0000430 seconds
18.278: [GC [PSYoungGen: 23548K->32K(26624K)] 33110K->9594K(109568K), 0.0003500 secs] [Times: user=0.00 sys=0.00, real=0.00 secs] 
18.278: Total time for which application threads were stopped: 0.0004330 seconds, Stopping threads took: 0.0000360 seconds
18.385: Application time: 0.1068210 seconds
18.385: [GC [PSYoungGen: 23582K->0K(25600K)] 33429K->9847K(108544K), 0.0004050 secs] [Times: user=0.00 sys=0.00, real=0.00 secs] 
18.386: Total time for which application threads were stopped: 0.0005390 seconds, Stopping threads took: 0.0000560 seconds
18.491: Application time: 0.1058230 seconds
18.492: [GC [PSYoungGen: 23551K->0K(26112K)] 33398K->9847K(109056K), 0.0003900 secs] [Times: user=0.00 sys=0.00, real=0.01 secs] 
18.492: Total time for which application threads were stopped: 0.0005130 seconds, Stopping threads took: 0.0000630 seconds
18.581: Application time: 0.0887300 seconds
18.581: [GC [PSYoungGen: 23550K->320K(26112K)] 33397K->10167K(109056K), 0.0004160 secs] [Times: user=0.00 sys=0.00, real=0.00 secs] 
18.581: Total time for which application threads were stopped: 0.0005240 seconds, Stopping threads took: 0.0000480 seconds
18.679: Application time: 0.0975430 seconds
18.679: [GC [PSYoungGen: 23871K->512K(26112K)] 33718K->10375K(109056K), 0.0004200 secs] [Times: user=0.00 sys=0.00, real=0.00 secs] 
18.679: Total time for which application threads were stopped: 0.0005700 seconds, Stopping threads took: 0.0000880 seconds
18.765: Application time: 0.0860420 seconds
18.765: [GC [PSYoungGen: 24063K->384K(25088K)] 33926K->10479K(108032K), 0.0004970 secs] [Times: user=0.00 sys=0.00, real=0.00 secs] 
18.766: Total time for which application threads were stopped: 0.0006090 seconds, Stopping threads took: 0.0000490 seconds
18.869: Application time: 0.1034360 seconds
18.870: [GC [PSYoungGen: 23932K->320K(25600K)] 34027K->10439K(108544K), 0.0004610 secs] [Times: user=0.00 sys=0.00, real=0.00 secs] 
18.870: Total time for which application threads were stopped: 0.0005760 seconds, Stopping threads took: 0.0000500 seconds
18.974: Application time: 0.1040270 seconds
18.974: [GC [PSYoungGen: 23870K->128K(25600K)] 33989K->10467K(108544K), 0.0004050 secs] [Times: user=0.00 sys=0.00, real=0.00 secs] 
18.975: Total time for which application threads were stopped: 0.0005130 seconds, Stopping threads took: 0.0000380 seconds
19.078: Application time: 0.1037230 seconds
19.078: [GC [PSYoungGen: 23675K->256K(25600K)] 34015K->10603K(108544K), 0.0004390 secs] [Times: user=0.00 sys=0.00, real=0.00 secs] 
19.079: Total time for which application threads were stopped: 0.0005530 seconds, Stopping threads took: 0.0000500 seconds
19.132: Application time: 0.0531240 seconds
19.132: [GC [PSYoungGen: 23807K->1104K(25600K)] 34155K->11696K(108544K), 0.0006010 secs] [Times: user=0.01 sys=0.00, real=0.00 secs] 
19.133: Total time for which application threads were stopped: 0.0007050 seconds, Stopping threads took: 0.0000430 seconds
19.188: Application time: 0.0554510 seconds
19.188: [GC [PSYoungGen: 24653K->1264K(25600K)] 35245K->12345K(108544K), 0.0006100 secs] [Times: user=0.00 sys=0.00, real=0.00 secs] 
19.189: Total time for which application threads were stopped: 0.0007240 seconds, Stopping threads took: 0.0000520 seconds
19.262: Application time: 0.0730100 seconds
19.262: [GC [PSYoungGen: 24813K->1344K(25088K)] 35894K->12537K(108032K), 0.0006250 secs] [Times: user=0.00 sys=0.00, real=0.00 secs] 
19.263: Total time for which application threads were stopped: 0.0007690 seconds, Stopping threads took: 0.0000720 seconds
19.360: Application time: 0.0970280 seconds
19.360: [GC [PSYoungGen: 24382K->448K(23552K)] 35575K->12503K(106496K), 0.0006360 secs] [Times: user=0.01 sys=0.00, real=0.00 secs] 
19.360: Total time for which application threads were stopped: 0.0007700 seconds, Stopping threads took: 0.0000700 seconds
19.460: Application time: 0.0999340 seconds
19.460: [GC [PSYoungGen: 23486K->0K(25088K)] 35542K->12595K(108032K), 0.0005580 secs] [Times: user=0.00 sys=0.00, real=0.00 secs] 
19.461: Total time for which application threads were stopped: 0.0006650 seconds, Stopping threads took: 0.0000460 seconds
19.554: Application time: 0.0928500 seconds
19.556: [GC [PSYoungGen: 23037K->928K(25088K)] 35633K->13523K(108032K), 0.0005200 secs] [Times: user=0.00 sys=0.00, real=0.00 secs] 
19.556: Total time for which application threads were stopped: 0.0024650 seconds, Stopping threads took: 0.0018730 seconds
19.655: Application time: 0.0983390 seconds
19.655: [GC [PSYoungGen: 23963K->480K(25088K)] 36559K->13881K(108032K), 0.0005140 secs] [Times: user=0.00 sys=0.00, real=0.00 secs] 
19.655: Total time for which application threads were stopped: 0.0006480 seconds, Stopping threads took: 0.0000700 seconds
19.758: Application time: 0.1030330 seconds
19.758: [GC [PSYoungGen: 23516K->0K(25088K)] 36918K->13810K(108032K), 0.0004910 secs] [Times: user=0.00 sys=0.00, real=0.01 secs] 
19.760: Total time for which application threads were stopped: 0.0017730 seconds, Stopping threads took: 0.0000690 seconds
19.863: Application time: 0.1026780 seconds
19.863: [GC [PSYoungGen: 23036K->0K(25088K)] 36847K->13810K(108032K), 0.0004170 secs] [Times: user=0.00 sys=0.00, real=0.00 secs] 
19.863: Total time for which application threads were stopped: 0.0005710 seconds, Stopping threads took: 0.0000910 seconds
19.966: Application time: 0.1030350 seconds
19.967: [GC [PSYoungGen: 23036K->0K(25088K)] 36847K->13810K(108032K), 0.0003940 secs] [Times: user=0.00 sys=0.00, real=0.00 secs] 
19.967: Total time for which application threads were stopped: 0.0005150 seconds, Stopping threads took: 0.0000600 seconds
20.070: Application time: 0.1035360 seconds
20.071: [GC [PSYoungGen: 23038K->0K(25088K)] 36849K->13810K(108032K), 0.0003690 secs] [Times: user=0.00 sys=0.00, real=0.00 secs] 
20.071: Total time for which application threads were stopped: 0.0005060 seconds, Stopping threads took: 0.0000670 seconds
20.174: Application time: 0.1035020 seconds
20.175: [GC [PSYoungGen: 23039K->0K(25088K)] 36849K->13810K(108032K), 0.0003850 secs] [Times: user=0.00 sys=0.00, real=0.00 secs] 
20.175: Total time for which application threads were stopped: 0.0004930 seconds, Stopping threads took: 0.0000500 seconds
20.265: Application time: 0.0898400 seconds
20.265: [GC [PSYoungGen: 23037K->416K(24064K)] 36848K->14226K(107008K), 0.0004540 secs] [Times: user=0.00 sys=0.00, real=0.00 secs] 
20.265: Total time for which application threads were stopped: 0.0005810 seconds, Stopping threads took: 0.0000630 seconds
20.360: Application time: 0.0943430 seconds
20.360: [GC [PSYoungGen: 23454K->384K(24576K)] 37265K->14210K(107520K), 0.0004110 secs] [Times: user=0.00 sys=0.00, real=0.00 secs] 
20.360: Total time for which application threads were stopped: 0.0005520 seconds, Stopping threads took: 0.0000780 seconds
20.443: Application time: 0.0824940 seconds
20.443: [GC [PSYoungGen: 23422K->352K(24576K)] 37248K->14407K(107520K), 0.0004020 secs] [Times: user=0.00 sys=0.00, real=0.00 secs] 
20.443: Total time for which application threads were stopped: 0.0005160 seconds, Stopping threads took: 0.0000530 seconds
20.544: Application time: 0.1005450 seconds
20.544: [GC [PSYoungGen: 23390K->352K(24576K)] 37445K->14439K(107520K), 0.0004130 secs] [Times: user=0.00 sys=0.00, real=0.00 secs] 
20.544: Total time for which application threads were stopped: 0.0005360 seconds, Stopping threads took: 0.0000600 seconds
20.646: Application time: 0.1020160 seconds
20.647: [GC [PSYoungGen: 23388K->0K(24576K)] 37476K->14303K(107520K), 0.0003690 secs] [Times: user=0.00 sys=0.00, real=0.00 secs] 
20.647: Total time for which application threads were stopped: 0.0005330 seconds, Stopping threads took: 0.0000850 seconds
20.748: Application time: 0.1005750 seconds
20.748: [GC [PSYoungGen: 23037K->416K(24576K)] 37340K->14719K(107520K), 0.0004350 secs] [Times: user=0.00 sys=0.00, real=0.00 secs] 
20.748: Total time for which application threads were stopped: 0.0005450 seconds, Stopping threads took: 0.0000480 seconds
20.831: Application time: 0.0830510 seconds
20.831: [GC [PSYoungGen: 23454K->736K(24576K)] 37757K->15283K(107520K), 0.0005710 secs] [Times: user=0.00 sys=0.00, real=0.01 secs] 
20.832: Total time for which application threads were stopped: 0.0006830 seconds, Stopping threads took: 0.0000480 seconds
20.876: Application time: 0.0439810 seconds
20.876: [GC [PSYoungGen: 23771K->1168K(24576K)] 38319K->15976K(107520K), 0.0005820 secs] [Times: user=0.00 sys=0.00, real=0.00 secs] 
20.876: Total time for which application threads were stopped: 0.0006830 seconds, Stopping threads took: 0.0000400 seconds
20.936: Application time: 0.0594720 seconds
20.940: [GC [PSYoungGen: 24204K->1168K(24064K)] 39012K->16284K(107008K), 0.0007140 secs] [Times: user=0.00 sys=0.00, real=0.00 secs] 
20.941: Total time for which application threads were stopped: 0.0045640 seconds, Stopping threads took: 0.0037900 seconds
21.026: Application time: 0.0858050 seconds
21.026: [GC [PSYoungGen: 23695K->1088K(24576K)] 38812K->16505K(107520K), 0.0006550 secs] [Times: user=0.00 sys=0.00, real=0.00 secs] 
21.027: Total time for which application threads were stopped: 0.0007780 seconds, Stopping threads took: 0.0000630 seconds
21.124: Application time: 0.0967490 seconds
21.124: [GC [PSYoungGen: 23615K->0K(24576K)] 39032K->16419K(107520K), 0.0005260 secs] [Times: user=0.00 sys=0.00, real=0.00 secs] 
21.125: Total time for which application threads were stopped: 0.0006620 seconds, Stopping threads took: 0.0000740 seconds
21.223: Application time: 0.0980100 seconds
21.223: [GC [PSYoungGen: 22527K->0K(24576K)] 38946K->16419K(107520K), 0.0003880 secs] [Times: user=0.00 sys=0.00, real=0.00 secs] 
21.223: Total time for which application threads were stopped: 0.0005120 seconds, Stopping threads took: 0.0000560 seconds
21.313: Application time: 0.0895880 seconds
21.313: [GC [PSYoungGen: 22523K->1152K(24576K)] 38943K->17571K(107520K), 0.0005190 secs] [Times: user=0.00 sys=0.00, real=0.00 secs] 
21.313: Total time for which application threads were stopped: 0.0006560 seconds, Stopping threads took: 0.0000720 seconds
21.413: Application time: 0.0993730 seconds
21.413: [GC [PSYoungGen: 23676K->256K(24576K)] 40096K->17802K(107520K), 0.0005660 secs] [Times: user=0.00 sys=0.00, real=0.00 secs] 
21.413: Total time for which application threads were stopped: 0.0007080 seconds, Stopping threads took: 0.0000740 seconds
21.514: Application time: 0.1007440 seconds
21.514: [GC [PSYoungGen: 22783K->0K(24576K)] 40329K->17775K(107520K), 0.0004140 secs] [Times: user=0.00 sys=0.00, real=0.00 secs] 
21.515: Total time for which application threads were stopped: 0.0005280 seconds, Stopping threads took: 0.0000470 seconds
21.615: Application time: 0.1003000 seconds
21.615: [GC [PSYoungGen: 22527K->0K(24576K)] 40302K->17775K(107520K), 0.0003600 secs] [Times: user=0.00 sys=0.00, real=0.00 secs] 
21.615: Total time for which application threads were stopped: 0.0004800 seconds, Stopping threads took: 0.0000580 seconds
21.716: Application time: 0.1004220 seconds
21.716: [GC [PSYoungGen: 22527K->0K(24576K)] 40302K->17775K(107520K), 0.0003610 secs] [Times: user=0.00 sys=0.00, real=0.00 secs] 
21.716: Total time for which application threads were stopped: 0.0004790 seconds, Stopping threads took: 0.0000590 seconds
21.817: Application time: 0.1010170 seconds
21.817: [GC [PSYoungGen: 22527K->0K(23040K)] 40302K->17775K(105984K), 0.0004910 secs] [Times: user=0.00 sys=0.00, real=0.00 secs] 
21.818: Total time for which application threads were stopped: 0.0006210 seconds, Stopping threads took: 0.0000550 seconds
21.919: Application time: 0.1006470 seconds
21.919: [GC [PSYoungGen: 22527K->0K(24064K)] 40302K->17775K(107008K), 0.0004560 secs] [Times: user=0.00 sys=0.00, real=0.00 secs] 
21.919: Total time for which application threads were stopped: 0.0005800 seconds, Stopping threads took: 0.0000650 seconds
22.000: Application time: 0.0803620 seconds
22.000: [GC [PSYoungGen: 22523K->416K(24064K)] 40298K->18191K(107008K), 0.0003930 secs] [Times: user=0.00 sys=0.00, real=0.01 secs] 
22.000: Total time for which application threads were stopped: 0.0005180 seconds, Stopping threads took: 0.0000660 seconds
22.092: Application time: 0.0922010 seconds
22.092: [GC [PSYoungGen: 22943K->544K(24064K)] 40718K->18335K(107008K), 0.0004540 secs] [Times: user=0.00 sys=0.00, real=0.00 secs] 
22.093: Total time for which application threads were stopped: 0.0005920 seconds, Stopping threads took: 0.0000740 seconds
22.179: Application time: 0.0858840 seconds
22.179: [GC [PSYoungGen: 23070K->352K(24064K)] 40861K->18367K(107008K), 0.0004470 secs] [Times: user=0.00 sys=0.00, real=0.00 secs] 
22.179: Total time for which application threads were stopped: 0.0005610 seconds, Stopping threads took: 0.0000540 seconds
22.278: Application time: 0.0985660 seconds
22.278: [GC [PSYoungGen: 22876K->352K(24064K)] 40891K->18399K(107008K), 0.0003920 secs] [Times: user=0.00 sys=0.00, real=0.00 secs] 
22.278: Total time for which application threads were stopped: 0.0005110 seconds, Stopping threads took: 0.0000580 seconds
22.377: Application time: 0.0985190 seconds
22.377: [GC [PSYoungGen: 22878K->384K(24064K)] 40926K->18663K(107008K), 0.0004250 secs] [Times: user=0.00 sys=0.00, real=0.00 secs] 
22.377: Total time for which application threads were stopped: 0.0005540 seconds, Stopping threads took: 0.0000620 seconds
22.479: Application time: 0.1011760 seconds
22.479: [GC [PSYoungGen: 22908K->0K(24064K)] 41187K->18527K(107008K), 0.0003800 secs] [Times: user=0.00 sys=0.00, real=0.00 secs] 
22.479: Total time for which application threads were stopped: 0.0005100 seconds, Stopping threads took: 0.0000680 seconds
22.556: Application time: 0.0768430 seconds
22.556: [GC [PSYoungGen: 22526K->736K(24064K)] 41053K->19263K(107008K), 0.0004800 secs] [Times: user=0.00 sys=0.00, real=0.00 secs] 
22.557: Total time for which application threads were stopped: 0.0006140 seconds, Stopping threads took: 0.0000550 seconds
22.606: Application time: 0.0497500 seconds
22.608: [GC [PSYoungGen: 23260K->1184K(24064K)] 41787K->19971K(107008K), 0.0006460 secs] [Times: user=0.00 sys=0.00, real=0.00 secs] 
22.608: Total time for which application threads were stopped: 0.0020600 seconds, Stopping threads took: 0.0013510 seconds
22.657: Application time: 0.0487170 seconds
22.657: [GC [PSYoungGen: 23708K->1344K(24064K)] 42496K->20239K(107008K), 0.0006650 secs] [Times: user=0.00 sys=0.00, real=0.00 secs] 
22.658: Total time for which application threads were stopped: 0.0007720 seconds, Stopping threads took: 0.0000470 seconds
22.747: Application time: 0.0894510 seconds
22.748: [GC [PSYoungGen: 23871K->928K(24576K)] 42767K->20329K(107520K), 0.0006070 secs] [Times: user=0.00 sys=0.00, real=0.00 secs] 
22.748: Total time for which application threads were stopped: 0.0007370 seconds, Stopping threads took: 0.0000660 seconds
22.845: Application time: 0.0971450 seconds
22.845: [GC [PSYoungGen: 23452K->0K(24576K)] 42853K->20214K(107520K), 0.0004730 secs] [Times: user=0.00 sys=0.00, real=0.00 secs] 
22.846: Total time for which application threads were stopped: 0.0006060 seconds, Stopping threads took: 0.0000720 seconds
22.943: Application time: 0.0975160 seconds
22.944: [GC [PSYoungGen: 22527K->0K(24576K)] 42741K->20214K(107520K), 0.0003550 secs] [Times: user=0.00 sys=0.00, real=0.00 secs] 
22.944: Total time for which application threads were stopped: 0.0004980 seconds, Stopping threads took: 0.0000690 seconds
23.034: Application time: 0.0897910 seconds
23.034: [GC [PSYoungGen: 22527K->1088K(24576K)] 42741K->21302K(107520K), 0.0005980 secs] [Times: user=0.00 sys=0.00, real=0.00 secs] 
23.034: Total time for which application threads were stopped: 0.0007160 seconds, Stopping threads took: 0.0000540 seconds
23.133: Application time: 0.0985230 seconds
23.133: [GC [PSYoungGen: 23614K->256K(24576K)] 43829K->21469K(107520K), 0.0005480 secs] [Times: user=0.00 sys=0.00, real=0.00 secs] 
23.134: Total time for which application threads were stopped: 0.0006610 seconds, Stopping threads took: 0.0000500 seconds
23.235: Application time: 0.1015020 seconds
23.235: [GC [PSYoungGen: 22783K->0K(24576K)] 43996K->21445K(107520K), 0.0004120 secs] [Times: user=0.00 sys=0.00, real=0.00 secs] 
23.236: Total time for which application threads were stopped: 0.0005350 seconds, Stopping threads took: 0.0000610 seconds
23.336: Application time: 0.1006550 seconds
23.336: [GC [PSYoungGen: 22527K->0K(24576K)] 43972K->21445K(107520K), 0.0003720 secs] [Times: user=0.00 sys=0.00, real=0.00 secs] 
23.337: Total time for which application threads were stopped: 0.0005070 seconds, Stopping threads took: 0.0000750 seconds
23.438: Application time: 0.1016120 seconds
23.439: [GC [PSYoungGen: 22527K->0K(24576K)] 43972K->21445K(107520K), 0.0003810 secs] [Times: user=0.00 sys=0.00, real=0.00 secs] 
23.439: Total time for which application threads were stopped: 0.0005050 seconds, Stopping threads took: 0.0000630 seconds
23.540: Application time: 0.1014560 seconds
23.541: [GC [PSYoungGen: 22527K->0K(23552K)] 43972K->21445K(106496K), 0.0004400 secs] [Times: user=0.00 sys=0.00, real=0.00 secs] 
23.541: Total time for which application threads were stopped: 0.0005780 seconds, Stopping threads took: 0.0000640 seconds
23.640: Application time: 0.0985830 seconds
23.640: [GC [PSYoungGen: 22524K->256K(24064K)] 43969K->21701K(107008K), 0.0004350 secs] [Times: user=0.00 sys=0.00, real=0.01 secs] 
23.640: Total time for which application threads were stopped: 0.0005530 seconds, Stopping threads took: 0.0000580 seconds
23.723: Application time: 0.0829900 seconds
23.723: [GC [PSYoungGen: 22781K->352K(24064K)] 44227K->21821K(107008K), 0.0004290 secs] [Times: user=0.00 sys=0.00, real=0.00 secs] 
23.724: Total time for which application threads were stopped: 0.0005420 seconds, Stopping threads took: 0.0000520 seconds
23.810: Application time: 0.0865340 seconds
23.810: [GC [PSYoungGen: 22876K->512K(24064K)] 44346K->21997K(107008K), 0.0004630 secs] [Times: user=0.01 sys=0.00, real=0.00 secs] 
23.811: Total time for which application threads were stopped: 0.0005800 seconds, Stopping threads took: 0.0000580 seconds
23.902: Application time: 0.0911850 seconds
23.902: [GC [PSYoungGen: 23036K->352K(24064K)] 44522K->22066K(107008K), 0.0004820 secs] [Times: user=0.00 sys=0.00, real=0.00 secs] 
23.903: Total time for which application threads were stopped: 0.0006120 seconds, Stopping threads took: 0.0000690 seconds
24.003: Application time: 0.0999990 seconds
24.003: [GC [PSYoungGen: 22878K->0K(24064K)] 44592K->21938K(107008K), 0.0004190 secs] [Times: user=0.00 sys=0.00, real=0.00 secs] 
24.003: Total time for which application threads were stopped: 0.0005590 seconds, Stopping threads took: 0.0000750 seconds
24.102: Application time: 0.0988050 seconds
24.102: [GC [PSYoungGen: 22526K->384K(24064K)] 44464K->22322K(107008K), 0.0004580 secs] [Times: user=0.00 sys=0.00, real=0.00 secs] 
24.103: Total time for which application threads were stopped: 0.0005990 seconds, Stopping threads took: 0.0000670 seconds
24.203: Application time: 0.1006820 seconds
24.203: [GC [PSYoungGen: 22908K->0K(24064K)] 44846K->22174K(107008K), 0.0004540 secs] [Times: user=0.00 sys=0.00, real=0.00 secs] 
24.204: Total time for which application threads were stopped: 0.0005980 seconds, Stopping threads took: 0.0000780 seconds
24.289: Application time: 0.0855650 seconds
24.289: [GC [PSYoungGen: 22527K->544K(24064K)] 44702K->22718K(107008K), 0.0004480 secs] [Times: user=0.00 sys=0.00, real=0.00 secs] 
24.290: Total time for which application threads were stopped: 0.0005680 seconds, Stopping threads took: 0.0000560 seconds
24.328: Application time: 0.0378120 seconds
24.328: [GC [PSYoungGen: 23069K->1344K(24064K)] 45243K->23766K(107008K), 0.0006810 secs] [Times: user=0.01 sys=0.00, real=0.00 secs] 
24.329: Total time for which application threads were stopped: 0.0007910 seconds, Stopping threads took: 0.0000380 seconds
24.379: Application time: 0.0506440 seconds
24.379: [GC [PSYoungGen: 23870K->1376K(23552K)] 46293K->23918K(106496K), 0.0006360 secs] [Times: user=0.01 sys=0.00, real=0.01 secs] 
24.380: Total time for which application threads were stopped: 0.0007520 seconds, Stopping threads took: 0.0000530 seconds
24.469: Application time: 0.0887570 seconds
24.469: [GC [PSYoungGen: 23389K->1088K(24064K)] 45932K->23931K(107008K), 0.0007150 secs] [Times: user=0.00 sys=0.00, real=0.00 secs] 
24.470: Total time for which application threads were stopped: 0.0008240 seconds, Stopping threads took: 0.0000470 seconds
24.564: Application time: 0.0948680 seconds
24.565: [GC [PSYoungGen: 23100K->0K(24064K)] 45943K->23857K(107008K), 0.0004760 secs] [Times: user=0.00 sys=0.00, real=0.00 secs] 
24.565: Total time for which application threads were stopped: 0.0006030 seconds, Stopping threads took: 0.0000640 seconds
24.661: Application time: 0.0961140 seconds
24.661: [GC [PSYoungGen: 22012K->0K(24064K)] 45869K->23857K(107008K), 0.0003630 secs] [Times: user=0.00 sys=0.00, real=0.00 secs] 
24.662: Total time for which application threads were stopped: 0.0005000 seconds, Stopping threads took: 0.0000640 seconds
24.749: Application time: 0.0877140 seconds
24.749: [GC [PSYoungGen: 22015K->1344K(24064K)] 45872K->25201K(107008K), 0.0005610 secs] [Times: user=0.01 sys=0.00, real=0.00 secs] 
24.750: Total time for which application threads were stopped: 0.0006780 seconds, Stopping threads took: 0.0000550 seconds
24.846: Application time: 0.0959920 seconds
24.847: [GC [PSYoungGen: 23357K->512K(24064K)] 47215K->25166K(107008K), 0.0016790 secs] [Times: user=0.01 sys=0.00, real=0.00 secs] 
24.849: Total time for which application threads were stopped: 0.0025000 seconds, Stopping threads took: 0.0007480 seconds
24.947: Application time: 0.0985250 seconds
24.947: [GC [PSYoungGen: 22524K->0K(24064K)] 47179K->25207K(107008K), 0.0004370 secs] [Times: user=0.00 sys=0.00, real=0.00 secs] 
24.948: Total time for which application threads were stopped: 0.0005640 seconds, Stopping threads took: 0.0000620 seconds
25.045: Application time: 0.0976900 seconds
25.045: [GC [PSYoungGen: 22012K->0K(24064K)] 47220K->25207K(107008K), 0.0004160 secs] [Times: user=0.00 sys=0.00, real=0.00 secs] 
25.046: Total time for which application threads were stopped: 0.0005400 seconds, Stopping threads took: 0.0000630 seconds
25.145: Application time: 0.0987980 seconds
25.145: [GC [PSYoungGen: 22012K->0K(24064K)] 47220K->25207K(107008K), 0.0004660 secs] [Times: user=0.00 sys=0.00, real=0.00 secs] 
25.145: Total time for which application threads were stopped: 0.0005840 seconds, Stopping threads took: 0.0000560 seconds
25.244: Application time: 0.0982680 seconds
25.244: [GC [PSYoungGen: 22012K->0K(24064K)] 47220K->25207K(107008K), 0.0003890 secs] [Times: user=0.01 sys=0.00, real=0.00 secs] 
25.244: Total time for which application threads were stopped: 0.0005250 seconds, Stopping threads took: 0.0000620 seconds
25.342: Application time: 0.0984530 seconds
25.343: [GC [PSYoungGen: 22012K->0K(23040K)] 47220K->25207K(105984K), 0.0004210 secs] [Times: user=0.00 sys=0.00, real=0.00 secs] 
25.343: Total time for which application threads were stopped: 0.0005540 seconds, Stopping threads took: 0.0000700 seconds
25.421: Application time: 0.0777510 seconds
25.421: [GC [PSYoungGen: 22013K->384K(23552K)] 47221K->25591K(106496K), 0.0004240 secs] [Times: user=0.00 sys=0.00, real=0.00 secs] 
25.421: Total time for which application threads were stopped: 0.0005440 seconds, Stopping threads took: 0.0000550 seconds
25.507: Application time: 0.0856100 seconds
25.507: [GC [PSYoungGen: 22398K->544K(23552K)] 47606K->25775K(106496K), 0.0004540 secs] [Times: user=0.01 sys=0.00, real=0.00 secs] 
25.508: Total time for which application threads were stopped: 0.0005790 seconds, Stopping threads took: 0.0000630 seconds
25.594: Application time: 0.0865820 seconds
25.594: [GC [PSYoungGen: 22558K->416K(23552K)] 47790K->25988K(106496K), 0.0005770 secs] [Times: user=0.00 sys=0.00, real=0.00 secs] 
25.595: Total time for which application threads were stopped: 0.0007050 seconds, Stopping threads took: 0.0000660 seconds
25.692: Application time: 0.0971420 seconds
25.692: [GC [PSYoungGen: 22428K->0K(23552K)] 48000K->25793K(106496K), 0.0004180 secs] [Times: user=0.00 sys=0.00, real=0.00 secs] 
25.693: Total time for which application threads were stopped: 0.0005450 seconds, Stopping threads took: 0.0000630 seconds
25.788: Application time: 0.0955080 seconds
25.788: [GC [PSYoungGen: 22012K->320K(23552K)] 47805K->26113K(106496K), 0.0005200 secs] [Times: user=0.00 sys=0.00, real=0.00 secs] 
25.789: Total time for which application threads were stopped: 0.0006540 seconds, Stopping threads took: 0.0000620 seconds
25.886: Application time: 0.0977900 seconds
25.887: [GC [PSYoungGen: 22332K->0K(23552K)] 48125K->26057K(106496K), 0.0004340 secs] [Times: user=0.00 sys=0.00, real=0.00 secs] 
25.887: Total time for which application threads were stopped: 0.0005730 seconds, Stopping threads took: 0.0000770 seconds
25.982: Application time: 0.0952870 seconds
25.982: [GC [PSYoungGen: 22014K->352K(23552K)] 48071K->26409K(106496K), 0.0005240 secs] [Times: user=0.00 sys=0.00, real=0.00 secs] 
25.983: Total time for which application threads were stopped: 0.0006480 seconds, Stopping threads took: 0.0000610 seconds
26.032: Application time: 0.0492080 seconds
26.032: [GC [PSYoungGen: 22364K->1312K(23552K)] 48421K->27613K(106496K), 0.0006990 secs] [Times: user=0.01 sys=0.00, real=0.00 secs] 
26.033: Total time for which application threads were stopped: 0.0008250 seconds, Stopping threads took: 0.0000610 seconds
26.067: Application time: 0.0340410 seconds
26.067: [GC [PSYoungGen: 23327K->1088K(23552K)] 49628K->27678K(106496K), 0.0006280 secs] [Times: user=0.00 sys=0.00, real=0.00 secs] 
26.068: Total time for which application threads were stopped: 0.0007370 seconds, Stopping threads took: 0.0000470 seconds
26.146: Application time: 0.0778440 seconds
26.146: [GC [PSYoungGen: 23099K->1344K(24064K)] 49690K->28014K(107008K), 0.0006610 secs] [Times: user=0.00 sys=0.00, real=0.00 secs] 
26.146: Total time for which application threads were stopped: 0.0007780 seconds, Stopping threads took: 0.0000630 seconds
26.241: Application time: 0.0946960 seconds
26.241: [GC [PSYoungGen: 23356K->0K(24064K)] 50026K->27921K(107008K), 0.0005530 secs] [Times: user=0.00 sys=0.00, real=0.00 secs] 
26.242: Total time for which application threads were stopped: 0.0006850 seconds, Stopping threads took: 0.0000730 seconds
26.338: Application time: 0.0962390 seconds
26.338: [GC [PSYoungGen: 22012K->0K(24064K)] 49934K->27921K(107008K), 0.0004170 secs] [Times: user=0.00 sys=0.00, real=0.00 secs] 
26.339: Total time for which application threads were stopped: 0.0005450 seconds, Stopping threads took: 0.0000580 seconds
26.432: Application time: 0.0934550 seconds
26.432: [GC [PSYoungGen: 22015K->480K(24064K)] 49937K->28401K(107008K), 0.0004570 secs] [Times: user=0.00 sys=0.00, real=0.00 secs] 
26.433: Total time for which application threads were stopped: 0.0005720 seconds, Stopping threads took: 0.0000550 seconds
26.521: Application time: 0.0886690 seconds
26.521: [GC [PSYoungGen: 22494K->1120K(24064K)] 50416K->29246K(107008K), 0.0005710 secs] [Times: user=0.00 sys=0.00, real=0.00 secs] 
26.522: Total time for which application threads were stopped: 0.0006960 seconds, Stopping threads took: 0.0000630 seconds
26.621: Application time: 0.0993880 seconds
26.621: [GC [PSYoungGen: 23134K->0K(24064K)] 51261K->29123K(107008K), 0.0006400 secs] [Times: user=0.00 sys=0.00, real=0.00 secs] 
26.622: Total time for which application threads were stopped: 0.0007630 seconds, Stopping threads took: 0.0000630 seconds
26.720: Application time: 0.0977040 seconds
26.720: [GC [PSYoungGen: 22012K->0K(24064K)] 51136K->29123K(107008K), 0.0003670 secs] [Times: user=0.00 sys=0.00, real=0.00 secs] 
26.720: Total time for which application threads were stopped: 0.0004900 seconds, Stopping threads took: 0.0000540 seconds
26.819: Application time: 0.0985000 seconds
26.819: [GC [PSYoungGen: 22014K->0K(24064K)] 51138K->29123K(107008K), 0.0004420 secs] [Times: user=0.00 sys=0.00, real=0.00 secs] 
26.819: Total time for which application threads were stopped: 0.0005600 seconds, Stopping threads took: 0.0000560 seconds
26.918: Application time: 0.0985420 seconds
26.918: [GC [PSYoungGen: 22012K->0K(23040K)] 51136K->29123K(105984K), 0.0004070 secs] [Times: user=0.00 sys=0.00, real=0.00 secs] 
26.919: Total time for which application threads were stopped: 0.0005490 seconds, Stopping threads took: 0.0000710 seconds
27.018: Application time: 0.0989920 seconds
27.018: [GC [PSYoungGen: 22012K->0K(23552K)] 51136K->29123K(106496K), 0.0004100 secs] [Times: user=0.00 sys=0.00, real=0.00 secs] 
27.018: Total time for which application threads were stopped: 0.0005450 seconds, Stopping threads took: 0.0000700 seconds
27.097: Application time: 0.0787590 seconds
27.097: [GC [PSYoungGen: 22015K->384K(23552K)] 51139K->29507K(106496K), 0.0004380 secs] [Times: user=0.00 sys=0.00, real=0.00 secs] 
27.097: Total time for which application threads were stopped: 0.0005670 seconds, Stopping threads took: 0.0000670 seconds
27.191: Application time: 0.0932190 seconds
27.191: [GC [PSYoungGen: 22395K->512K(23552K)] 51519K->29659K(106496K), 0.0004810 secs] [Times: user=0.00 sys=0.00, real=0.00 secs] 
27.191: Total time for which application threads were stopped: 0.0005970 seconds, Stopping threads took: 0.0000550 seconds
27.271: Application time: 0.0795470 seconds
27.271: [GC [PSYoungGen: 22525K->320K(23552K)] 51673K->29680K(106496K), 0.0004900 secs] [Times: user=0.00 sys=0.00, real=0.00 secs] 
27.271: Total time for which application threads were stopped: 0.0006210 seconds, Stopping threads took: 0.0000690 seconds
27.367: Application time: 0.0956620 seconds
27.367: [GC [PSYoungGen: 22334K->352K(23552K)] 51694K->29744K(106496K), 0.0004180 secs] [Times: user=0.00 sys=0.00, real=0.00 secs] 
27.368: Total time for which application threads were stopped: 0.0005330 seconds, Stopping threads took: 0.0000520 seconds
27.464: Application time: 0.0965070 seconds
27.464: [GC [PSYoungGen: 22366K->320K(23552K)] 51758K->29917K(106496K), 0.0005120 secs] [Times: user=0.00 sys=0.00, real=0.00 secs] 
27.465: Total time for which application threads were stopped: 0.0006360 seconds, Stopping threads took: 0.0000540 seconds
27.561: Application time: 0.0965600 seconds
27.561: [GC [PSYoungGen: 22334K->352K(22528K)] 51931K->29965K(105472K), 0.0004860 secs] [Times: user=0.01 sys=0.00, real=0.00 secs] 
27.562: Total time for which application threads were stopped: 0.0006070 seconds, Stopping threads took: 0.0000590 seconds
27.658: Application time: 0.0957950 seconds
27.658: [GC [PSYoungGen: 22364K->352K(23040K)] 51977K->30209K(105984K), 0.0005290 secs] [Times: user=0.00 sys=0.00, real=0.00 secs] 
27.658: Total time for which application threads were stopped: 0.0006700 seconds, Stopping threads took: 0.0000780 seconds
27.730: Application time: 0.0713960 seconds
27.730: [GC [PSYoungGen: 22364K->768K(23040K)] 52221K->30870K(105984K), 0.0005350 secs] [Times: user=0.00 sys=0.00, real=0.00 secs] 
27.730: Total time for which application threads were stopped: 0.0006480 seconds, Stopping threads took: 0.0000510 seconds
27.772: Application time: 0.0411510 seconds
27.772: [GC [PSYoungGen: 22779K->1312K(23552K)] 52881K->31470K(106496K), 0.0005770 secs] [Times: user=0.01 sys=0.00, real=0.01 secs] 
27.772: Total time for which application threads were stopped: 0.0006980 seconds, Stopping threads took: 0.0000580 seconds
27.826: Application time: 0.0539940 seconds
27.826: [GC [PSYoungGen: 23327K->1424K(23552K)] 53486K->31638K(106496K), 0.0006270 secs] [Times: user=0.00 sys=0.00, real=0.00 secs] 
27.827: Total time for which application threads were stopped: 0.0007480 seconds, Stopping threads took: 0.0000600 seconds
27.917: Application time: 0.0903950 seconds
27.918: [GC [PSYoungGen: 23436K->832K(24064K)] 53651K->31591K(107008K), 0.0006210 secs] [Times: user=0.00 sys=0.00, real=0.00 secs] 
27.918: Total time for which application threads were stopped: 0.0007590 seconds, Stopping threads took: 0.0000700 seconds
28.013: Application time: 0.0952670 seconds
28.014: [GC [PSYoungGen: 22844K->0K(24064K)] 53603K->31701K(107008K), 0.0005460 secs] [Times: user=0.00 sys=0.00, real=0.00 secs] 
28.014: Total time for which application threads were stopped: 0.0006890 seconds, Stopping threads took: 0.0000690 seconds
28.110: Application time: 0.0960730 seconds
28.112: [GC [PSYoungGen: 22012K->0K(24064K)] 53713K->31701K(107008K), 0.0004220 secs] [Times: user=0.00 sys=0.00, real=0.00 secs] 
28.112: Total time for which application threads were stopped: 0.0020390 seconds, Stopping threads took: 0.0015550 seconds
28.200: Application time: 0.0876430 seconds
28.200: [GC [PSYoungGen: 22015K->1280K(24064K)] 53716K->32981K(107008K), 0.0005860 secs] [Times: user=0.00 sys=0.00, real=0.00 secs] 
28.201: Total time for which application threads were stopped: 0.0007030 seconds, Stopping threads took: 0.0000570 seconds
28.296: Application time: 0.0957240 seconds
28.296: [GC [PSYoungGen: 23295K->448K(24064K)] 54996K->32950K(107008K), 0.0005930 secs] [Times: user=0.01 sys=0.00, real=0.00 secs] 
28.297: Total time for which application threads were stopped: 0.0007050 seconds, Stopping threads took: 0.0000490 seconds
28.395: Application time: 0.0979970 seconds
28.395: [GC [PSYoungGen: 22460K->0K(24064K)] 54962K->33047K(107008K), 0.0004540 secs] [Times: user=0.00 sys=0.00, real=0.00 secs] 
28.396: Total time for which application threads were stopped: 0.0005790 seconds, Stopping threads took: 0.0000640 seconds
28.493: Application time: 0.0977920 seconds
28.493: [GC [PSYoungGen: 22012K->0K(24064K)] 55059K->33047K(107008K), 0.0003990 secs] [Times: user=0.00 sys=0.00, real=0.00 secs] 
28.494: Total time for which application threads were stopped: 0.0005200 seconds, Stopping threads took: 0.0000600 seconds
28.592: Application time: 0.0978860 seconds
28.592: [GC [PSYoungGen: 22012K->0K(24064K)] 55059K->33047K(107008K), 0.0003890 secs] [Times: user=0.01 sys=0.00, real=0.00 secs] 
28.592: Total time for which application threads were stopped: 0.0005120 seconds, Stopping threads took: 0.0000520 seconds
28.691: Application time: 0.0982030 seconds
28.691: [GC [PSYoungGen: 22012K->0K(23040K)] 55059K->33047K(105984K), 0.0004040 secs] [Times: user=0.00 sys=0.01, real=0.00 secs] 
28.691: Total time for which application threads were stopped: 0.0005260 seconds, Stopping threads took: 0.0000560 seconds
28.774: Application time: 0.0832040 seconds
28.774: [GC [PSYoungGen: 22016K->320K(23552K)] 55063K->33367K(106496K), 0.0005320 secs] [Times: user=0.00 sys=0.00, real=0.00 secs] 
28.775: Total time for which application threads were stopped: 0.0006440 seconds, Stopping threads took: 0.0000500 seconds
28.866: Application time: 0.0908540 seconds
28.866: [GC [PSYoungGen: 22334K->384K(23552K)] 55382K->33447K(106496K), 0.0004200 secs] [Times: user=0.00 sys=0.00, real=0.00 secs] 
28.866: Total time for which application threads were stopped: 0.0005290 seconds, Stopping threads took: 0.0000490 seconds
28.944: Application time: 0.0774120 seconds
28.944: [GC [PSYoungGen: 22397K->352K(23552K)] 55460K->33655K(106496K), 0.0004390 secs] [Times: user=0.00 sys=0.00, real=0.00 secs] 
28.944: Total time for which application threads were stopped: 0.0005580 seconds, Stopping threads took: 0.0000580 seconds
29.039: Application time: 0.0951790 seconds
29.040: [GC [PSYoungGen: 22364K->384K(23552K)] 55667K->33719K(106496K), 0.0004450 secs] [Times: user=0.00 sys=0.00, real=0.01 secs] 
29.040: Total time for which application threads were stopped: 0.0005720 seconds, Stopping threads took: 0.0000630 seconds
29.137: Application time: 0.0967490 seconds
29.137: [GC [PSYoungGen: 22396K->0K(23552K)] 55731K->33687K(106496K), 0.0004230 secs] [Times: user=0.00 sys=0.00, real=0.00 secs] 
29.137: Total time for which application threads were stopped: 0.0005560 seconds, Stopping threads took: 0.0000610 seconds
29.233: Application time: 0.0953550 seconds
29.233: [GC [PSYoungGen: 22011K->384K(23552K)] 55699K->34071K(106496K), 0.0004350 secs] [Times: user=0.00 sys=0.00, real=0.00 secs] 
29.233: Total time for which application threads were stopped: 0.0005710 seconds, Stopping threads took: 0.0000750 seconds
29.330: Application time: 0.0965160 seconds
29.330: [GC [PSYoungGen: 22398K->224K(22528K)] 56086K->34164K(105472K), 0.0004950 secs] [Times: user=0.00 sys=0.00, real=0.00 secs] 
29.330: Total time for which application threads were stopped: 0.0006180 seconds, Stopping threads took: 0.0000630 seconds
29.417: Application time: 0.0861570 seconds
29.420: [GC [PSYoungGen: 22239K->544K(22528K)] 56179K->34580K(105472K), 0.0004980 secs] [Times: user=0.00 sys=0.00, real=0.00 secs] 
29.420: Total time for which application threads were stopped: 0.0037480 seconds, Stopping threads took: 0.0031890 seconds
29.469: Application time: 0.0484780 seconds
29.469: [GC [PSYoungGen: 22044K->736K(23040K)] 56080K->34956K(105984K), 0.0005470 secs] [Times: user=0.00 sys=0.00, real=0.00 secs] 
29.469: Total time for which application threads were stopped: 0.0006690 seconds, Stopping threads took: 0.0000600 seconds
29.511: Application time: 0.0418650 seconds
29.511: [GC [PSYoungGen: 22240K->1440K(23040K)] 56460K->35708K(105984K), 0.0006410 secs] [Times: user=0.00 sys=0.00, real=0.01 secs] 
29.512: Total time for which application threads were stopped: 0.0007550 seconds, Stopping threads took: 0.0000550 seconds
29.587: Application time: 0.0751900 seconds
29.587: [GC [PSYoungGen: 22941K->1024K(23040K)] 57209K->35652K(105984K), 0.0006690 secs] [Times: user=0.00 sys=0.00, real=0.00 secs] 
29.588: Total time for which application threads were stopped: 0.0007840 seconds, Stopping threads took: 0.0000550 seconds
29.679: Application time: 0.0908020 seconds
29.679: [GC [PSYoungGen: 22525K->480K(23040K)] 57154K->35722K(105984K), 0.0005720 secs] [Times: user=0.00 sys=0.00, real=0.00 secs] 
29.680: Total time for which application threads were stopped: 0.0007000 seconds, Stopping threads took: 0.0000580 seconds
29.773: Application time: 0.0931140 seconds
29.776: [GC [PSYoungGen: 21982K->0K(23040K)] 57225K->35667K(105984K), 0.0004500 secs] [Times: user=0.00 sys=0.00, real=0.00 secs] 
29.776: Total time for which application threads were stopped: 0.0035810 seconds, Stopping threads took: 0.0030700 seconds
29.866: Application time: 0.0899560 seconds
29.866: [GC [PSYoungGen: 21499K->544K(23040K)] 57167K->36211K(105984K), 0.0004990 secs] [Times: user=0.00 sys=0.00, real=0.00 secs] 
29.868: Total time for which application threads were stopped: 0.0016760 seconds, Stopping threads took: 0.0000470 seconds
29.955: Application time: 0.0875850 seconds
29.956: [GC [PSYoungGen: 22047K->928K(23040K)] 57714K->37020K(105984K), 0.0005900 secs] [Times: user=0.00 sys=0.00, real=0.00 secs] 
29.956: Total time for which application threads were stopped: 0.0007280 seconds, Stopping threads took: 0.0000770 seconds
30.052: Application time: 0.0962500 seconds
30.053: [GC [PSYoungGen: 22428K->0K(23040K)] 58520K->36902K(105984K), 0.0004940 secs] [Times: user=0.00 sys=0.00, real=0.00 secs] 
30.053: Total time for which application threads were stopped: 0.0006160 seconds, Stopping threads took: 0.0000600 seconds
30.149: Application time: 0.0961650 seconds
30.149: [GC [PSYoungGen: 21502K->0K(23040K)] 58405K->36902K(105984K), 0.0003840 secs] [Times: user=0.01 sys=0.00, real=0.00 secs] 
30.150: Total time for which application threads were stopped: 0.0005160 seconds, Stopping threads took: 0.0000710 seconds
30.246: Application time: 0.0962670 seconds
30.246: [GC [PSYoungGen: 21502K->0K(23040K)] 58405K->36902K(105984K), 0.0004040 secs] [Times: user=0.00 sys=0.00, real=0.00 secs] 
30.247: Total time for which application threads were stopped: 0.0005350 seconds, Stopping threads took: 0.0000580 seconds
30.343: Application time: 0.0965000 seconds
30.343: [GC [PSYoungGen: 21502K->0K(23040K)] 58405K->36902K(105984K), 0.0004420 secs] [Times: user=0.00 sys=0.00, real=0.00 secs] 
30.344: Total time for which application threads were stopped: 0.0005790 seconds, Stopping threads took: 0.0000710 seconds
30.440: Application time: 0.0967180 seconds
30.440: [GC [PSYoungGen: 21502K->0K(23040K)] 58405K->36902K(105984K), 0.0004170 secs] [Times: user=0.00 sys=0.00, real=0.00 secs] 
30.441: Total time for which application threads were stopped: 0.0005300 seconds, Stopping threads took: 0.0000540 seconds
30.517: Application time: 0.0761670 seconds
30.517: [GC [PSYoungGen: 21503K->288K(23040K)] 58406K->37190K(105984K), 0.0004810 secs] [Times: user=0.00 sys=0.00, real=0.00 secs] 
30.518: Total time for which application threads were stopped: 0.0005890 seconds, Stopping threads took: 0.0000460 seconds
30.612: Application time: 0.0941070 seconds
30.612: [GC [PSYoungGen: 21792K->384K(23040K)] 58694K->37302K(105984K), 0.0004430 secs] [Times: user=0.00 sys=0.00, real=0.00 secs] 
30.612: Total time for which application threads were stopped: 0.0005550 seconds, Stopping threads took: 0.0000520 seconds
30.688: Application time: 0.0753190 seconds
30.688: [GC [PSYoungGen: 21883K->352K(23040K)] 58802K->37491K(105984K), 0.0005170 secs] [Times: user=0.00 sys=0.00, real=0.00 secs] 
30.688: Total time for which application threads were stopped: 0.0006420 seconds, Stopping threads took: 0.0000610 seconds
30.783: Application time: 0.0946430 seconds
30.783: [GC [PSYoungGen: 21851K->320K(22016K)] 58991K->37483K(104960K), 0.0005220 secs] [Times: user=0.01 sys=0.00, real=0.00 secs] 
30.784: Total time for which application threads were stopped: 0.0006590 seconds, Stopping threads took: 0.0000660 seconds
30.877: Application time: 0.0938710 seconds
30.878: [GC [PSYoungGen: 21824K->192K(22528K)] 58987K->37576K(105472K), 0.0004780 secs] [Times: user=0.00 sys=0.00, real=0.00 secs] 
30.878: Total time for which application threads were stopped: 0.0005910 seconds, Stopping threads took: 0.0000530 seconds
30.973: Application time: 0.0949520 seconds
30.973: [GC [PSYoungGen: 21693K->320K(22528K)] 59077K->37812K(105472K), 0.0004260 secs] [Times: user=0.00 sys=0.00, real=0.00 secs] 
30.974: Total time for which application threads were stopped: 0.0005430 seconds, Stopping threads took: 0.0000530 seconds
31.067: Application time: 0.0937110 seconds
31.067: [GC [PSYoungGen: 21822K->416K(22528K)] 59315K->38092K(105472K), 0.0004460 secs] [Times: user=0.00 sys=0.00, real=0.00 secs] 
31.068: Total time for which application threads were stopped: 0.0005620 seconds, Stopping threads took: 0.0000550 seconds
31.141: Application time: 0.0736500 seconds
31.142: [GC [PSYoungGen: 21920K->288K(22528K)] 59596K->38201K(105472K), 0.0004780 secs] [Times: user=0.00 sys=0.00, real=0.00 secs] 
31.142: Total time for which application threads were stopped: 0.0005840 seconds, Stopping threads took: 0.0000500 seconds
31.201: Application time: 0.0589080 seconds
31.201: [GC [PSYoungGen: 21788K->960K(22528K)] 59702K->38889K(105472K), 0.0005690 secs] [Times: user=0.00 sys=0.00, real=0.00 secs] 
31.202: Total time for which application threads were stopped: 0.0006930 seconds, Stopping threads took: 0.0000600 seconds
31.243: Application time: 0.0413930 seconds
31.243: [GC [PSYoungGen: 22463K->992K(22016K)] 60392K->39345K(104960K), 0.0006800 secs] [Times: user=0.01 sys=0.00, real=0.00 secs] 
31.244: Total time for which application threads were stopped: 0.0008000 seconds, Stopping threads took: 0.0000580 seconds
31.318: Application time: 0.0742450 seconds
31.318: [GC [PSYoungGen: 21982K->928K(22528K)] 60335K->39994K(105472K), 0.0006550 secs] [Times: user=0.01 sys=0.00, real=0.00 secs] 
31.319: Total time for which application threads were stopped: 0.0007870 seconds, Stopping threads took: 0.0000600 seconds
31.407: Application time: 0.0884730 seconds
31.407: [GC [PSYoungGen: 21916K->544K(22528K)] 60983K->40027K(105472K), 0.0005100 secs] [Times: user=0.00 sys=0.00, real=0.00 secs] 
31.408: Total time for which application threads were stopped: 0.0006480 seconds, Stopping threads took: 0.0000750 seconds
31.499: Application time: 0.0909600 seconds
31.499: [GC [PSYoungGen: 21534K->0K(22528K)] 61017K->39908K(105472K), 0.0004430 secs] [Times: user=0.00 sys=0.00, real=0.00 secs] 
31.500: Total time for which application threads were stopped: 0.0005640 seconds, Stopping threads took: 0.0000490 seconds
31.587: Application time: 0.0874470 seconds
31.587: [GC [PSYoungGen: 20987K->544K(22528K)] 60896K->40452K(105472K), 0.0004540 secs] [Times: user=0.00 sys=0.00, real=0.00 secs] 
31.588: Total time for which application threads were stopped: 0.0005710 seconds, Stopping threads took: 0.0000550 seconds
31.673: Application time: 0.0853680 seconds
31.673: [GC [PSYoungGen: 21531K->1056K(22528K)] 61440K->41381K(105472K), 0.0006250 secs] [Times: user=0.01 sys=0.00, real=0.00 secs] 
31.674: Total time for which application threads were stopped: 0.0007470 seconds, Stopping threads took: 0.0000610 seconds
31.767: Application time: 0.0934370 seconds
31.767: [GC [PSYoungGen: 22043K->0K(22528K)] 62369K->41131K(105472K), 0.0005060 secs] [Times: user=0.01 sys=0.00, real=0.00 secs] 
31.768: Total time for which application threads were stopped: 0.0006310 seconds, Stopping threads took: 0.0000630 seconds
31.863: Application time: 0.0951040 seconds
31.863: [GC [PSYoungGen: 20988K->0K(22528K)] 62119K->41131K(105472K), 0.0004120 secs] [Times: user=0.00 sys=0.00, real=0.00 secs] 
31.863: Total time for which application threads were stopped: 0.0005480 seconds, Stopping threads took: 0.0000650 seconds
31.958: Application time: 0.0950620 seconds
31.959: [GC [PSYoungGen: 20988K->0K(22528K)] 62119K->41131K(105472K), 0.0004430 secs] [Times: user=0.00 sys=0.00, real=0.00 secs] 
31.959: Total time for which application threads were stopped: 0.0005740 seconds, Stopping threads took: 0.0000690 seconds
32.054: Application time: 0.0952780 seconds
32.054: [GC [PSYoungGen: 20988K->0K(22528K)] 62119K->41131K(105472K), 0.0004130 secs] [Times: user=0.00 sys=0.00, real=0.00 secs] 
32.055: Total time for which application threads were stopped: 0.0005240 seconds, Stopping threads took: 0.0000500 seconds
32.145: Application time: 0.0905060 seconds
32.145: [GC [PSYoungGen: 20988K->352K(22528K)] 62120K->41483K(105472K), 0.0004270 secs] [Times: user=0.00 sys=0.00, real=0.00 secs] 
32.146: Total time for which application threads were stopped: 0.0005490 seconds, Stopping threads took: 0.0000630 seconds
32.225: Application time: 0.0795160 seconds
32.226: [GC [PSYoungGen: 21343K->416K(22528K)] 62474K->41579K(105472K), 0.0004550 secs] [Times: user=0.00 sys=0.00, real=0.00 secs] 
32.226: Total time for which application threads were stopped: 0.0005880 seconds, Stopping threads took: 0.0000700 seconds
32.314: Application time: 0.0877280 seconds
32.314: [GC [PSYoungGen: 21344K->416K(22528K)] 62507K->41595K(105472K), 0.0004490 secs] [Times: user=0.00 sys=0.00, real=0.00 secs] 
32.314: Total time for which application threads were stopped: 0.0005620 seconds, Stopping threads took: 0.0000500 seconds
32.394: Application time: 0.0800070 seconds
32.394: [GC [PSYoungGen: 21403K->352K(22528K)] 62583K->41763K(105472K), 0.0004970 secs] [Times: user=0.01 sys=0.00, real=0.00 secs] 
32.395: Total time for which application threads were stopped: 0.0006360 seconds, Stopping threads took: 0.0000670 seconds
32.488: Application time: 0.0934510 seconds
32.489: [GC [PSYoungGen: 21342K->256K(21504K)] 62754K->41683K(104448K), 0.0004970 secs] [Times: user=0.00 sys=0.00, real=0.00 secs] 
32.489: Total time for which application threads were stopped: 0.0006190 seconds, Stopping threads took: 0.0000600 seconds
32.582: Application time: 0.0925900 seconds
32.582: [GC [PSYoungGen: 21247K->416K(22016K)] 62674K->42067K(104960K), 0.0004520 secs] [Times: user=0.01 sys=0.00, real=0.00 secs] 
32.582: Total time for which application threads were stopped: 0.0005600 seconds, Stopping threads took: 0.0000470 seconds
32.678: Application time: 0.0955820 seconds
32.678: [GC [PSYoungGen: 21404K->0K(22016K)] 63055K->41904K(104960K), 0.0004400 secs] [Times: user=0.00 sys=0.00, real=0.00 secs] 
32.678: Total time for which application threads were stopped: 0.0005810 seconds, Stopping threads took: 0.0000780 seconds
32.772: Application time: 0.0934630 seconds
32.772: [GC [PSYoungGen: 20988K->384K(22016K)] 62892K->42288K(104960K), 0.0004510 secs] [Times: user=0.00 sys=0.00, real=0.00 secs] 
32.772: Total time for which application threads were stopped: 0.0005640 seconds, Stopping threads took: 0.0000520 seconds
32.856: Application time: 0.0839290 seconds
32.856: [GC [PSYoungGen: 21373K->384K(22016K)] 63277K->42536K(104960K), 0.0004590 secs] [Times: user=0.00 sys=0.00, real=0.00 secs] 
32.857: Total time for which application threads were stopped: 0.0005670 seconds, Stopping threads took: 0.0000480 seconds
32.921: Application time: 0.0640290 seconds
32.921: [GC [PSYoungGen: 21372K->576K(22016K)] 63525K->42744K(104960K), 0.0004740 secs] [Times: user=0.01 sys=0.00, real=0.00 secs] 
32.922: Total time for which application threads were stopped: 0.0006030 seconds, Stopping threads took: 0.0000600 seconds
32.968: Application time: 0.0465390 seconds
32.968: [GC [PSYoungGen: 21565K->912K(21504K)] 63733K->43328K(104448K), 0.0005920 secs] [Times: user=0.00 sys=0.00, real=0.00 secs] 
32.969: Total time for which application threads were stopped: 0.0007150 seconds, Stopping threads took: 0.0000610 seconds
33.022: Application time: 0.0534420 seconds
33.022: [GC [PSYoungGen: 21389K->1168K(22016K)] 63805K->43864K(104960K), 0.0006480 secs] [Times: user=0.00 sys=0.00, real=0.00 secs] 
33.023: Total time for which application threads were stopped: 0.0007700 seconds, Stopping threads took: 0.0000590 seconds
33.104: Application time: 0.0808820 seconds
33.104: [GC [PSYoungGen: 21645K->928K(22016K)] 64341K->43929K(104960K), 0.0006130 secs] [Times: user=0.00 sys=0.00, real=0.00 secs] 
33.105: Total time for which application threads were stopped: 0.0007570 seconds, Stopping threads took: 0.0000820 seconds
33.194: Application time: 0.0889930 seconds
33.194: [GC [PSYoungGen: 21404K->0K(22016K)] 64405K->43810K(104960K), 0.0004860 secs] [Times: user=0.01 sys=0.00, real=0.00 secs] 
33.194: Total time for which application threads were stopped: 0.0005990 seconds, Stopping threads took: 0.0000540 seconds
33.281: Application time: 0.0872340 seconds
33.282: [GC [PSYoungGen: 20478K->288K(22016K)] 64288K->44098K(104960K), 0.0004790 secs] [Times: user=0.01 sys=0.00, real=0.00 secs] 
33.282: Total time for which application threads were stopped: 0.0006130 seconds, Stopping threads took: 0.0000710 seconds
33.367: Application time: 0.0851410 seconds
33.367: [GC [PSYoungGen: 20765K->704K(22016K)] 64575K->44718K(104960K), 0.0005730 secs] [Times: user=0.00 sys=0.00, real=0.00 secs] 
33.368: Total time for which application threads were stopped: 0.0006880 seconds, Stopping threads took: 0.0000530 seconds
33.454: Application time: 0.0860040 seconds
33.454: [GC [PSYoungGen: 21182K->736K(22016K)] 65197K->45299K(104960K), 0.0005810 secs] [Times: user=0.00 sys=0.00, real=0.00 secs] 
33.455: Total time for which application threads were stopped: 0.0007230 seconds, Stopping threads took: 0.0000710 seconds
33.546: Application time: 0.0912420 seconds
33.546: [GC [PSYoungGen: 21215K->0K(22016K)] 65778K->45316K(104960K), 0.0004880 secs] [Times: user=0.00 sys=0.00, real=0.00 secs] 
33.547: Total time for which application threads were stopped: 0.0006190 seconds, Stopping threads took: 0.0000690 seconds
33.638: Application time: 0.0910210 seconds
33.638: [GC [PSYoungGen: 20478K->0K(22016K)] 65795K->45316K(104960K), 0.0003990 secs] [Times: user=0.00 sys=0.00, real=0.00 secs] 
33.638: Total time for which application threads were stopped: 0.0005150 seconds, Stopping threads took: 0.0000570 seconds
33.729: Application time: 0.0911610 seconds
33.729: [GC [PSYoungGen: 20478K->0K(22016K)] 65795K->45316K(104960K), 0.0004060 secs] [Times: user=0.00 sys=0.00, real=0.00 secs] 
33.730: Total time for which application threads were stopped: 0.0005190 seconds, Stopping threads took: 0.0000540 seconds
33.821: Application time: 0.0910690 seconds
33.821: [GC [PSYoungGen: 20478K->0K(22016K)] 65795K->45316K(104960K), 0.0004040 secs] [Times: user=0.00 sys=0.00, real=0.00 secs] 
33.821: Total time for which application threads were stopped: 0.0005280 seconds, Stopping threads took: 0.0000660 seconds
33.893: Application time: 0.0717820 seconds
33.896: [GC [PSYoungGen: 20475K->384K(22016K)] 65791K->45700K(104960K), 0.0005510 secs] [Times: user=0.00 sys=0.00, real=0.00 secs] 
33.896: Total time for which application threads were stopped: 0.0032150 seconds, Stopping threads took: 0.0025980 seconds
33.986: Application time: 0.0896670 seconds
33.986: [GC [PSYoungGen: 20862K->384K(22016K)] 66178K->45740K(104960K), 0.0004620 secs] [Times: user=0.00 sys=0.00, real=0.00 secs] 
33.987: Total time for which application threads were stopped: 0.0006030 seconds, Stopping threads took: 0.0000700 seconds
34.057: Application time: 0.0708390 seconds
34.058: [GC [PSYoungGen: 20861K->352K(22016K)] 66218K->45928K(104960K), 0.0004670 secs] [Times: user=0.01 sys=0.00, real=0.00 secs] 
34.058: Total time for which application threads were stopped: 0.0005920 seconds, Stopping threads took: 0.0000630 seconds
34.147: Application time: 0.0884700 seconds
34.147: [GC [PSYoungGen: 20830K->352K(20992K)] 66407K->45952K(103936K), 0.0004750 secs] [Times: user=0.00 sys=0.00, real=0.00 secs] 
34.147: Total time for which application threads were stopped: 0.0005990 seconds, Stopping threads took: 0.0000580 seconds
34.237: Application time: 0.0899180 seconds
34.237: [GC [PSYoungGen: 20830K->0K(21504K)] 66431K->45837K(104448K), 0.0004340 secs] [Times: user=0.00 sys=0.00, real=0.00 secs] 
34.238: Total time for which application threads were stopped: 0.0005630 seconds, Stopping threads took: 0.0000660 seconds
34.326: Application time: 0.0883060 seconds
34.326: [GC [PSYoungGen: 20478K->416K(21504K)] 66315K->46253K(104448K), 0.0004630 secs] [Times: user=0.00 sys=0.00, real=0.00 secs] 
34.327: Total time for which application threads were stopped: 0.0005880 seconds, Stopping threads took: 0.0000650 seconds
34.417: Application time: 0.0908420 seconds
34.417: [GC [PSYoungGen: 20892K->0K(21504K)] 66730K->46101K(104448K), 0.0004260 secs] [Times: user=0.00 sys=0.00, real=0.00 secs] 
34.418: Total time for which application threads were stopped: 0.0005720 seconds, Stopping threads took: 0.0000820 seconds
34.507: Application time: 0.0891460 seconds
34.507: [GC [PSYoungGen: 20478K->320K(21504K)] 66580K->46421K(104448K), 0.0005660 secs] [Times: user=0.00 sys=0.00, real=0.00 secs] 
34.508: Total time for which application threads were stopped: 0.0006980 seconds, Stopping threads took: 0.0000560 seconds
34.579: Application time: 0.0708440 seconds
34.579: [GC [PSYoungGen: 20799K->576K(21504K)] 66900K->46917K(104448K), 0.0005050 secs] [Times: user=0.00 sys=0.00, real=0.00 secs] 
34.579: Total time for which application threads were stopped: 0.0006190 seconds, Stopping threads took: 0.0000530 seconds
34.643: Application time: 0.0640100 seconds
34.643: [GC [PSYoungGen: 21053K->736K(20992K)] 67395K->47085K(103936K), 0.0005420 secs] [Times: user=0.00 sys=0.00, real=0.00 secs] 
34.644: Total time for which application threads were stopped: 0.0006620 seconds, Stopping threads took: 0.0000590 seconds
34.693: Application time: 0.0489260 seconds
34.693: [GC [PSYoungGen: 20702K->1184K(21504K)] 67051K->47589K(104448K), 0.0006200 secs] [Times: user=0.01 sys=0.00, real=0.00 secs] 
34.694: Total time for which application threads were stopped: 0.0007320 seconds, Stopping threads took: 0.0000490 seconds
34.747: Application time: 0.0531300 seconds
34.747: [GC [PSYoungGen: 21151K->800K(21504K)] 67557K->47895K(104448K), 0.0006780 secs] [Times: user=0.00 sys=0.00, real=0.00 secs] 
34.748: Total time for which application threads were stopped: 0.0007980 seconds, Stopping threads took: 0.0000590 seconds
34.825: Application time: 0.0770970 seconds
34.825: [GC [PSYoungGen: 20767K->928K(21504K)] 67863K->48103K(104448K), 0.0006280 secs] [Times: user=0.00 sys=0.00, real=0.00 secs] 
34.825: Total time for which application threads were stopped: 0.0007780 seconds, Stopping threads took: 0.0000880 seconds
34.913: Application time: 0.0880260 seconds
34.914: [GC [PSYoungGen: 20892K->0K(21504K)] 68067K->47985K(104448K), 0.0005270 secs] [Times: user=0.00 sys=0.00, real=0.00 secs] 
34.915: Total time for which application threads were stopped: 0.0018140 seconds, Stopping threads took: 0.0000900 seconds
35.000: Application time: 0.0848510 seconds
35.000: [GC [PSYoungGen: 19967K->512K(21504K)] 67952K->48497K(104448K), 0.0005320 secs] [Times: user=0.00 sys=0.00, real=0.00 secs] 
35.001: Total time for which application threads were stopped: 0.0006630 seconds, Stopping threads took: 0.0000710 seconds
35.085: Application time: 0.0847480 seconds
35.086: [GC [PSYoungGen: 20480K->608K(21504K)] 68465K->48809K(104448K), 0.0005240 secs] [Times: user=0.00 sys=0.00, real=0.00 secs] 
35.086: Total time for which application threads were stopped: 0.0006470 seconds, Stopping threads took: 0.0000550 seconds
35.169: Application time: 0.0831560 seconds
35.169: [GC [PSYoungGen: 20574K->736K(21504K)] 68776K->49354K(104448K), 0.0005740 secs] [Times: user=0.00 sys=0.00, real=0.00 secs] 
35.170: Total time for which application threads were stopped: 0.0006950 seconds, Stopping threads took: 0.0000600 seconds
35.260: Application time: 0.0899690 seconds
35.260: [GC [PSYoungGen: 20700K->0K(21504K)] 69319K->49360K(104448K), 0.0004850 secs] [Times: user=0.01 sys=0.00, real=0.00 secs] 
35.261: Total time for which application threads were stopped: 0.0006040 seconds, Stopping threads took: 0.0000530 seconds
35.349: Application time: 0.0887940 seconds
35.349: [GC [PSYoungGen: 19964K->0K(21504K)] 69324K->49360K(104448K), 0.0004500 secs] [Times: user=0.00 sys=0.00, real=0.00 secs] 
35.350: Total time for which application threads were stopped: 0.0005680 seconds, Stopping threads took: 0.0000560 seconds
35.439: Application time: 0.0891620 seconds
35.439: [GC [PSYoungGen: 19964K->0K(21504K)] 69324K->49360K(104448K), 0.0004090 secs] [Times: user=0.00 sys=0.00, real=0.00 secs] 
35.440: Total time for which application threads were stopped: 0.0005330 seconds, Stopping threads took: 0.0000650 seconds
35.529: Application time: 0.0898110 seconds
35.530: [GC [PSYoungGen: 19964K->0K(21504K)] 69324K->49360K(104448K), 0.0004270 secs] [Times: user=0.00 sys=0.00, real=0.00 secs] 
35.530: Total time for which application threads were stopped: 0.0005370 seconds, Stopping threads took: 0.0000490 seconds
35.599: Application time: 0.0690830 seconds
35.599: [GC [PSYoungGen: 19965K->384K(21504K)] 69325K->49744K(104448K), 0.0004660 secs] [Times: user=0.01 sys=0.00, real=0.00 secs] 
35.600: Total time for which application threads were stopped: 0.0005940 seconds, Stopping threads took: 0.0000530 seconds
35.687: Application time: 0.0873650 seconds
35.687: [GC [PSYoungGen: 20348K->320K(21504K)] 69708K->49704K(104448K), 0.0004890 secs] [Times: user=0.00 sys=0.00, real=0.00 secs] 
35.688: Total time for which application threads were stopped: 0.0006150 seconds, Stopping threads took: 0.0000620 seconds
35.760: Application time: 0.0723600 seconds
35.760: [GC [PSYoungGen: 20285K->416K(21504K)] 69669K->50021K(104448K), 0.0004700 secs] [Times: user=0.00 sys=0.00, real=0.00 secs] 
35.761: Total time for which application threads were stopped: 0.0005880 seconds, Stopping threads took: 0.0000540 seconds
35.844: Application time: 0.0837920 seconds
35.845: [GC [PSYoungGen: 20379K->352K(20480K)] 69984K->49973K(103424K), 0.0005120 secs] [Times: user=0.00 sys=0.00, real=0.00 secs] 
35.845: Total time for which application threads were stopped: 0.0006650 seconds, Stopping threads took: 0.0000920 seconds
35.933: Application time: 0.0883460 seconds
35.934: [GC [PSYoungGen: 20316K->0K(20992K)] 69937K->49833K(103936K), 0.0005250 secs] [Times: user=0.00 sys=0.00, real=0.00 secs] 
35.934: Total time for which application threads were stopped: 0.0006590 seconds, Stopping threads took: 0.0000730 seconds
36.020: Application time: 0.0859770 seconds
36.020: [GC [PSYoungGen: 19967K->352K(20992K)] 69801K->50185K(103936K), 0.0004910 secs] [Times: user=0.00 sys=0.00, real=0.00 secs] 
36.021: Total time for which application threads were stopped: 0.0006210 seconds, Stopping threads took: 0.0000700 seconds
36.109: Application time: 0.0886100 seconds
36.109: [GC [PSYoungGen: 20316K->0K(20992K)] 70149K->50081K(103936K), 0.0004580 secs] [Times: user=0.00 sys=0.00, real=0.00 secs] 
36.110: Total time for which application threads were stopped: 0.0005950 seconds, Stopping threads took: 0.0000610 seconds
36.197: Application time: 0.0870670 seconds
36.197: [GC [PSYoungGen: 19963K->288K(20992K)] 70045K->50369K(103936K), 0.0004990 secs] [Times: user=0.00 sys=0.00, real=0.00 secs] 
36.198: Total time for which application threads were stopped: 0.0006070 seconds, Stopping threads took: 0.0000480 seconds
36.271: Application time: 0.0734240 seconds
36.271: [GC [PSYoungGen: 20254K->384K(20992K)] 70336K->50718K(103936K), 0.0004890 secs] [Times: user=0.00 sys=0.00, real=0.00 secs] 
36.272: Total time for which application threads were stopped: 0.0006030 seconds, Stopping threads took: 0.0000500 seconds
36.334: Application time: 0.0629010 seconds
36.335: [GC [PSYoungGen: 20351K->544K(20992K)] 70685K->50902K(103936K), 0.0004800 secs] [Times: user=0.00 sys=0.00, real=0.00 secs] 
36.335: Total time for which application threads were stopped: 0.0006030 seconds, Stopping threads took: 0.0000610 seconds
36.398: Application time: 0.0631740 seconds
36.398: [GC [PSYoungGen: 20509K->960K(20480K)] 70867K->51390K(103424K), 0.0005810 secs] [Times: user=0.00 sys=0.00, real=0.00 secs] 
36.399: Total time for which application threads were stopped: 0.0007190 seconds, Stopping threads took: 0.0000760 seconds
36.446: Application time: 0.0469380 seconds
36.446: [GC [PSYoungGen: 20412K->1008K(20992K)] 70842K->51887K(103936K), 0.0006150 secs] [Times: user=0.01 sys=0.00, real=0.00 secs] 
36.447: Total time for which application threads were stopped: 0.0007400 seconds, Stopping threads took: 0.0000630 seconds
36.508: Application time: 0.0610350 seconds
36.508: [GC [PSYoungGen: 20462K->928K(20992K)] 71342K->51919K(103936K), 0.0006210 secs] [Times: user=0.01 sys=0.00, real=0.00 secs] 
36.508: Total time for which application threads were stopped: 0.0007400 seconds, Stopping threads took: 0.0000560 seconds
36.590: Application time: 0.0820110 seconds
36.591: [GC [PSYoungGen: 20382K->512K(20992K)] 71373K->51944K(103936K), 0.0005420 secs] [Times: user=0.00 sys=0.00, real=0.00 secs] 
36.591: Total time for which application threads were stopped: 0.0006700 seconds, Stopping threads took: 0.0000630 seconds
36.675: Application time: 0.0837430 seconds
36.675: [GC [PSYoungGen: 19967K->352K(20992K)] 71400K->52209K(103936K), 0.0004890 secs] [Times: user=0.01 sys=0.00, real=0.00 secs] 
36.676: Total time for which application threads were stopped: 0.0006160 seconds, Stopping threads took: 0.0000560 seconds
36.758: Application time: 0.0821690 seconds
36.758: [GC [PSYoungGen: 19804K->576K(20992K)] 71662K->52457K(103936K), 0.0004910 secs] [Times: user=0.01 sys=0.00, real=0.00 secs] 
36.758: Total time for which application threads were stopped: 0.0006120 seconds, Stopping threads took: 0.0000580 seconds
36.839: Application time: 0.0807060 seconds
36.839: [GC [PSYoungGen: 20028K->736K(20992K)] 71910K->53018K(103936K), 0.0005320 secs] [Times: user=0.00 sys=0.00, real=0.00 secs] 
36.840: Total time for which application threads were stopped: 0.0006560 seconds, Stopping threads took: 0.0000590 seconds
36.924: Application time: 0.0840520 seconds
36.924: [GC [PSYoungGen: 20191K->544K(20992K)] 72474K->53243K(103936K), 0.0005300 secs] [Times: user=0.00 sys=0.00, real=0.00 secs] 
36.924: Total time for which application threads were stopped: 0.0006480 seconds, Stopping threads took: 0.0000570 seconds
37.011: Application time: 0.0868230 seconds
37.011: [GC [PSYoungGen: 19997K->0K(20992K)] 72697K->53112K(103936K), 0.0004660 secs] [Times: user=0.01 sys=0.00, real=0.01 secs] 
37.012: Total time for which application threads were stopped: 0.0005750 seconds, Stopping threads took: 0.0000480 seconds
37.098: Application time: 0.0864590 seconds
37.098: [GC [PSYoungGen: 19453K->0K(20992K)] 72566K->53112K(103936K), 0.0004110 secs] [Times: user=0.00 sys=0.00, real=0.00 secs] 
37.099: Total time for which application threads were stopped: 0.0005280 seconds, Stopping threads took: 0.0000540 seconds
37.185: Application time: 0.0864390 seconds
37.188: [GC [PSYoungGen: 19453K->0K(20992K)] 72566K->53112K(103936K), 0.0004810 secs] [Times: user=0.00 sys=0.00, real=0.00 secs] 
37.188: Total time for which application threads were stopped: 0.0030880 seconds, Stopping threads took: 0.0025380 seconds
37.265: Application time: 0.0765800 seconds
37.265: [GC [PSYoungGen: 19454K->384K(20992K)] 72567K->53496K(103936K), 0.0004640 secs] [Times: user=0.00 sys=0.00, real=0.00 secs] 
37.265: Total time for which application threads were stopped: 0.0006010 seconds, Stopping threads took: 0.0000730 seconds
37.341: Application time: 0.0758250 seconds
37.341: [GC [PSYoungGen: 19835K->352K(19968K)] 72948K->53480K(102912K), 0.0004800 secs] [Times: user=0.00 sys=0.00, real=0.00 secs] 
37.342: Total time for which application threads were stopped: 0.0006010 seconds, Stopping threads took: 0.0000570 seconds
37.424: Application time: 0.0823480 seconds
37.424: [GC [PSYoungGen: 19804K->544K(20480K)] 72932K->53688K(103424K), 0.0005290 secs] [Times: user=0.00 sys=0.00, real=0.00 secs] 
37.425: Total time for which application threads were stopped: 0.0006510 seconds, Stopping threads took: 0.0000580 seconds
37.494: Application time: 0.0695330 seconds
37.495: [GC [PSYoungGen: 19999K->512K(20480K)] 73143K->53861K(103424K), 0.0004990 secs] [Times: user=0.00 sys=0.00, real=0.00 secs] 
37.495: Total time for which application threads were stopped: 0.0006280 seconds, Stopping threads took: 0.0000670 seconds
37.579: Application time: 0.0841710 seconds
37.579: [GC [PSYoungGen: 19967K->352K(20480K)] 73316K->53708K(103424K), 0.0004700 secs] [Times: user=0.00 sys=0.00, real=0.01 secs] 
37.580: Total time for which application threads were stopped: 0.0005830 seconds, Stopping threads took: 0.0000520 seconds
37.665: Application time: 0.0848300 seconds
37.665: [GC [PSYoungGen: 19805K->288K(20480K)] 73162K->53857K(103424K), 0.0005030 secs] [Times: user=0.00 sys=0.00, real=0.00 secs] 
37.665: Total time for which application threads were stopped: 0.0006220 seconds, Stopping threads took: 0.0000600 seconds
37.750: Application time: 0.0846260 seconds
37.750: [GC [PSYoungGen: 19742K->320K(20480K)] 73311K->53905K(103424K), 0.0004920 secs] [Times: user=0.01 sys=0.00, real=0.00 secs] 
37.751: Total time for which application threads were stopped: 0.0006150 seconds, Stopping threads took: 0.0000490 seconds
37.837: Application time: 0.0863070 seconds
37.837: [GC [PSYoungGen: 19773K->0K(20480K)] 73359K->53850K(103424K), 0.0004950 secs] [Times: user=0.00 sys=0.00, real=0.00 secs] 
37.837: Total time for which application threads were stopped: 0.0006050 seconds, Stopping threads took: 0.0000490 seconds
37.922: Application time: 0.0842740 seconds
37.922: [GC [PSYoungGen: 19453K->320K(20480K)] 73303K->54170K(103424K), 0.0005050 secs] [Times: user=0.00 sys=0.00, real=0.00 secs] 
37.922: Total time for which application threads were stopped: 0.0006150 seconds, Stopping threads took: 0.0000490 seconds
37.992: Application time: 0.0700760 seconds
37.993: [GC [PSYoungGen: 19774K->416K(20480K)] 73625K->54510K(103424K), 0.0004780 secs] [Times: user=0.01 sys=0.00, real=0.00 secs] 
37.993: Total time for which application threads were stopped: 0.0005980 seconds, Stopping threads took: 0.0000610 seconds
38.055: Application time: 0.0619890 seconds
38.055: [GC [PSYoungGen: 19872K->576K(20480K)] 73966K->54686K(103424K), 0.0004930 secs] [Times: user=0.00 sys=0.00, real=0.00 secs] 
38.056: Total time for which application threads were stopped: 0.0006130 seconds, Stopping threads took: 0.0000600 seconds
38.116: Application time: 0.0607400 seconds
38.116: [GC [PSYoungGen: 20028K->992K(19968K)] 74138K->55158K(102912K), 0.0006100 secs] [Times: user=0.01 sys=0.00, real=0.00 secs] 
38.117: Total time for which application threads were stopped: 0.0007220 seconds, Stopping threads took: 0.0000500 seconds
38.163: Application time: 0.0457220 seconds
38.163: [GC [PSYoungGen: 19933K->704K(20480K)] 74100K->55563K(103424K), 0.0006750 secs] [Times: user=0.00 sys=0.00, real=0.00 secs] 
38.164: Total time for which application threads were stopped: 0.0008030 seconds, Stopping threads took: 0.0000600 seconds
38.221: Application time: 0.0578670 seconds
38.222: [GC [PSYoungGen: 19645K->992K(20480K)] 74504K->55867K(103424K), 0.0005610 secs] [Times: user=0.00 sys=0.00, real=0.00 secs] 
38.222: Total time for which application threads were stopped: 0.0006840 seconds, Stopping threads took: 0.0000600 seconds
38.302: Application time: 0.0797340 seconds
38.302: [GC [PSYoungGen: 19935K->544K(20480K)] 74811K->55900K(103424K), 0.0005380 secs] [Times: user=0.00 sys=0.00, real=0.00 secs] 
38.303: Total time for which application threads were stopped: 0.0006690 seconds, Stopping threads took: 0.0000580 seconds
38.383: Application time: 0.0807130 seconds
38.383: [GC [PSYoungGen: 19485K->384K(20480K)] 74842K->56153K(103424K), 0.0004960 secs] [Times: user=0.01 sys=0.00, real=0.00 secs] 
38.384: Total time for which application threads were stopped: 0.0006140 seconds, Stopping threads took: 0.0000550 seconds
38.464: Application time: 0.0799400 seconds
38.464: [GC [PSYoungGen: 19325K->544K(20480K)] 75094K->56329K(103424K), 0.0005210 secs] [Times: user=0.00 sys=0.00, real=0.00 secs] 
38.464: Total time for which application threads were stopped: 0.0006440 seconds, Stopping threads took: 0.0000600 seconds
38.544: Application time: 0.0793800 seconds
38.544: [GC [PSYoungGen: 19485K->608K(20480K)] 75270K->56810K(103424K), 0.0005760 secs] [Times: user=0.00 sys=0.00, real=0.00 secs] 
38.545: Total time for which application threads were stopped: 0.0006990 seconds, Stopping threads took: 0.0000610 seconds
38.625: Application time: 0.0803840 seconds
38.625: [GC [PSYoungGen: 19549K->608K(20480K)] 75751K->57355K(103424K), 0.0005410 secs] [Times: user=0.00 sys=0.00, real=0.00 secs] 
38.626: Total time for which application threads were stopped: 0.0006610 seconds, Stopping threads took: 0.0000590 seconds
38.710: Application time: 0.0840780 seconds
38.710: [GC [PSYoungGen: 19549K->0K(20480K)] 76297K->57159K(103424K), 0.0004710 secs] [Times: user=0.00 sys=0.00, real=0.00 secs] 
38.710: Total time for which application threads were stopped: 0.0005930 seconds, Stopping threads took: 0.0000580 seconds
38.795: Application time: 0.0844950 seconds
38.795: [GC [PSYoungGen: 18941K->0K(20480K)] 76101K->57159K(103424K), 0.0004360 secs] [Times: user=0.00 sys=0.00, real=0.00 secs] 
38.795: Total time for which application threads were stopped: 0.0005610 seconds, Stopping threads took: 0.0000620 seconds
38.880: Application time: 0.0843760 seconds
38.880: [GC [PSYoungGen: 18943K->0K(20480K)] 76103K->57159K(103424K), 0.0004220 secs] [Times: user=0.01 sys=0.00, real=0.00 secs] 
38.880: Total time for which application threads were stopped: 0.0005520 seconds, Stopping threads took: 0.0000590 seconds
38.958: Application time: 0.0774590 seconds
38.958: [GC [PSYoungGen: 18940K->320K(20480K)] 76100K->57479K(103424K), 0.0004830 secs] [Times: user=0.01 sys=0.00, real=0.00 secs] 
38.958: Total time for which application threads were stopped: 0.0005930 seconds, Stopping threads took: 0.0000480 seconds
39.030: Application time: 0.0715890 seconds
39.030: [GC [PSYoungGen: 19262K->352K(19456K)] 76422K->57535K(102400K), 0.0005140 secs] [Times: user=0.00 sys=0.00, real=0.00 secs] 
39.031: Total time for which application threads were stopped: 0.0006270 seconds, Stopping threads took: 0.0000520 seconds
39.114: Application time: 0.0831570 seconds
39.114: [GC [PSYoungGen: 19292K->384K(19968K)] 76475K->57591K(102912K), 0.0004410 secs] [Times: user=0.01 sys=0.00, real=0.00 secs] 
39.114: Total time for which application threads were stopped: 0.0005510 seconds, Stopping threads took: 0.0000490 seconds
39.179: Application time: 0.0643250 seconds
39.179: [GC [PSYoungGen: 19326K->288K(19968K)] 76534K->57719K(102912K), 0.0005140 secs] [Times: user=0.00 sys=0.00, real=0.00 secs] 
39.179: Total time for which application threads were stopped: 0.0006240 seconds, Stopping threads took: 0.0000510 seconds
39.262: Application time: 0.0823560 seconds
39.262: [GC [PSYoungGen: 19230K->352K(19968K)] 76662K->57807K(102912K), 0.0004590 secs] [Times: user=0.00 sys=0.00, real=0.00 secs] 
39.262: Total time for which application threads were stopped: 0.0005780 seconds, Stopping threads took: 0.0000560 seconds
39.345: Application time: 0.0833040 seconds
39.348: [GC [PSYoungGen: 19291K->0K(19968K)] 76747K->57680K(102912K), 0.0004530 secs] [Times: user=0.00 sys=0.00, real=0.00 secs] 
39.348: Total time for which application threads were stopped: 0.0028000 seconds, Stopping threads took: 0.0022820 seconds
39.431: Application time: 0.0824640 seconds
39.431: [GC [PSYoungGen: 18940K->384K(19968K)] 76620K->58064K(102912K), 0.0004970 secs] [Times: user=0.00 sys=0.00, real=0.00 secs] 
39.431: Total time for which application threads were stopped: 0.0006250 seconds, Stopping threads took: 0.0000510 seconds
39.516: Application time: 0.0843490 seconds
39.516: [GC [PSYoungGen: 19323K->0K(19968K)] 77003K->57940K(102912K), 0.0004540 secs] [Times: user=0.00 sys=0.00, real=0.00 secs] 
39.516: Total time for which application threads were stopped: 0.0005770 seconds, Stopping threads took: 0.0000630 seconds
39.599: Application time: 0.0823700 seconds
39.599: [GC [PSYoungGen: 18942K->384K(19968K)] 76883K->58324K(102912K), 0.0004650 secs] [Times: user=0.00 sys=0.00, real=0.00 secs] 
39.599: Total time for which application threads were stopped: 0.0005960 seconds, Stopping threads took: 0.0000690 seconds
39.681: Application time: 0.0821430 seconds
39.681: [GC [PSYoungGen: 19326K->384K(19968K)] 77267K->58585K(102912K), 0.0004770 secs] [Times: user=0.00 sys=0.00, real=0.00 secs] 
39.682: Total time for which application threads were stopped: 0.0006000 seconds, Stopping threads took: 0.0000600 seconds
39.741: Application time: 0.0594680 seconds
39.742: [GC [PSYoungGen: 19324K->576K(19968K)] 77525K->58793K(102912K), 0.0004940 secs] [Times: user=0.00 sys=0.00, real=0.00 secs] 
39.742: Total time for which application threads were stopped: 0.0006050 seconds, Stopping threads took: 0.0000520 seconds
39.805: Application time: 0.0629390 seconds
39.805: [GC [PSYoungGen: 19518K->736K(19968K)] 77735K->59025K(102912K), 0.0005490 secs] [Times: user=0.00 sys=0.00, real=0.00 secs] 
39.806: Total time for which application threads were stopped: 0.0006760 seconds, Stopping threads took: 0.0000650 seconds
39.855: Application time: 0.0492050 seconds
39.855: [GC [PSYoungGen: 19677K->768K(19968K)] 77966K->59313K(102912K), 0.0005970 secs] [Times: user=0.00 sys=0.00, real=0.00 secs] 
39.856: Total time for which application threads were stopped: 0.0007180 seconds, Stopping threads took: 0.0000610 seconds
39.904: Application time: 0.0487440 seconds
39.904: [GC [PSYoungGen: 19711K->768K(19456K)] 78256K->59790K(102400K), 0.0006230 secs] [Times: user=0.00 sys=0.00, real=0.00 secs] 
39.905: Total time for which application threads were stopped: 0.0007410 seconds, Stopping threads took: 0.0000570 seconds
39.972: Application time: 0.0669290 seconds
39.976: [GC [PSYoungGen: 19198K->928K(19968K)] 78221K->60006K(102912K), 0.0006800 secs] [Times: user=0.00 sys=0.00, real=0.00 secs] 
39.977: Total time for which application threads were stopped: 0.0053810 seconds, Stopping threads took: 0.0037010 seconds
40.056: Application time: 0.0783660 seconds
40.056: [GC [PSYoungGen: 19358K->320K(19968K)] 78436K->60044K(102912K), 0.0005860 secs] [Times: user=0.00 sys=0.00, real=0.00 secs] 
40.057: Total time for which application threads were stopped: 0.0007040 seconds, Stopping threads took: 0.0000540 seconds
40.135: Application time: 0.0781350 seconds
40.135: [GC [PSYoungGen: 18748K->416K(19968K)] 78472K->60360K(102912K), 0.0004760 secs] [Times: user=0.00 sys=0.00, real=0.00 secs] 
40.135: Total time for which application threads were stopped: 0.0005960 seconds, Stopping threads took: 0.0000580 seconds
40.214: Application time: 0.0787120 seconds
40.214: [GC [PSYoungGen: 18847K->416K(19968K)] 78792K->60584K(102912K), 0.0004840 secs] [Times: user=0.00 sys=0.00, real=0.00 secs] 
40.215: Total time for which application threads were stopped: 0.0005970 seconds, Stopping threads took: 0.0000520 seconds
40.291: Application time: 0.0763380 seconds
40.291: [GC [PSYoungGen: 18847K->736K(19968K)] 79016K->61117K(102912K), 0.0006090 secs] [Times: user=0.00 sys=0.00, real=0.00 secs] 
40.292: Total time for which application threads were stopped: 0.0007320 seconds, Stopping threads took: 0.0000630 seconds
40.371: Application time: 0.0789680 seconds
40.371: [GC [PSYoungGen: 19166K->512K(19968K)] 79547K->61302K(102912K), 0.0005430 secs] [Times: user=0.00 sys=0.00, real=0.00 secs] 
40.371: Total time for which application threads were stopped: 0.0006600 seconds, Stopping threads took: 0.0000560 seconds
40.454: Application time: 0.0829470 seconds
40.454: [GC [PSYoungGen: 18939K->0K(19968K)] 79730K->61215K(102912K), 0.0004800 secs] [Times: user=0.01 sys=0.00, real=0.00 secs] 
40.455: Total time for which application threads were stopped: 0.0005980 seconds, Stopping threads took: 0.0000590 seconds
40.537: Application time: 0.0819950 seconds
40.537: [GC [PSYoungGen: 18430K->0K(19968K)] 79646K->61215K(102912K), 0.0004240 secs] [Times: user=0.00 sys=0.00, real=0.00 secs] 
40.537: Total time for which application threads were stopped: 0.0005500 seconds, Stopping threads took: 0.0000550 seconds
40.619: Application time: 0.0819750 seconds
40.619: [GC [PSYoungGen: 18430K->0K(19968K)] 79646K->61215K(102912K), 0.0004410 secs] [Times: user=0.00 sys=0.00, real=0.01 secs] 
40.620: Total time for which application threads were stopped: 0.0005640 seconds, Stopping threads took: 0.0000600 seconds
40.686: Application time: 0.0664240 seconds
40.686: [GC [PSYoungGen: 18430K->384K(18944K)] 79646K->61599K(101888K), 0.0004950 secs] [Times: user=0.00 sys=0.00, real=0.00 secs] 
40.687: Total time for which application threads were stopped: 0.0006200 seconds, Stopping threads took: 0.0000600 seconds
40.763: Application time: 0.0760210 seconds
40.763: [GC [PSYoungGen: 18816K->288K(19456K)] 80031K->61519K(102400K), 0.0004790 secs] [Times: user=0.00 sys=0.00, real=0.00 secs] 
40.764: Total time for which application threads were stopped: 0.0005900 seconds, Stopping threads took: 0.0000530 seconds
40.840: Application time: 0.0768200 seconds
40.840: [GC [PSYoungGen: 18653K->288K(19456K)] 79885K->61747K(102400K), 0.0004880 secs] [Times: user=0.00 sys=0.00, real=0.00 secs] 
40.841: Total time for which application threads were stopped: 0.0006070 seconds, Stopping threads took: 0.0000570 seconds
40.909: Application time: 0.0677640 seconds
40.909: [GC [PSYoungGen: 18719K->352K(19456K)] 80179K->61828K(102400K), 0.0004730 secs] [Times: user=0.00 sys=0.00, real=0.00 secs] 
40.909: Total time for which application threads were stopped: 0.0005960 seconds, Stopping threads took: 0.0000630 seconds
40.991: Application time: 0.0814790 seconds
40.991: [GC [PSYoungGen: 18782K->288K(19456K)] 80258K->61788K(102400K), 0.0005210 secs] [Times: user=0.00 sys=0.00, real=0.00 secs] 
40.991: Total time for which application threads were stopped: 0.0006370 seconds, Stopping threads took: 0.0000560 seconds
41.073: Application time: 0.0811890 seconds
41.076: [GC [PSYoungGen: 18719K->320K(19456K)] 80219K->62048K(102400K), 0.0005020 secs] [Times: user=0.00 sys=0.00, real=0.00 secs] 
41.076: Total time for which application threads were stopped: 0.0036370 seconds, Stopping threads took: 0.0030670 seconds
41.157: Application time: 0.0806580 seconds
41.157: [GC [PSYoungGen: 18750K->352K(19456K)] 80479K->62104K(102400K), 0.0004830 secs] [Times: user=0.00 sys=0.00, real=0.00 secs] 
41.158: Total time for which application threads were stopped: 0.0006020 seconds, Stopping threads took: 0.0000560 seconds
41.240: Application time: 0.0828370 seconds
41.240: [GC [PSYoungGen: 18779K->0K(19456K)] 80532K->62005K(102400K), 0.0004750 secs] [Times: user=0.00 sys=0.00, real=0.00 secs] 
41.241: Total time for which application threads were stopped: 0.0005950 seconds, Stopping threads took: 0.0000570 seconds
41.322: Application time: 0.0807820 seconds
41.322: [GC [PSYoungGen: 18430K->384K(19456K)] 80435K->62389K(102400K), 0.0004780 secs] [Times: user=0.00 sys=0.00, real=0.00 secs] 
41.322: Total time for which application threads were stopped: 0.0006160 seconds, Stopping threads took: 0.0000670 seconds
41.402: Application time: 0.0794770 seconds
41.402: [GC [PSYoungGen: 18813K->288K(19456K)] 80818K->62525K(102400K), 0.0005220 secs] [Times: user=0.00 sys=0.00, real=0.00 secs] 
41.403: Total time for which application threads were stopped: 0.0006280 seconds, Stopping threads took: 0.0000390 seconds
41.460: Application time: 0.0572270 seconds
41.460: [GC [PSYoungGen: 18717K->592K(19456K)] 80955K->62853K(102400K), 0.0004860 secs] [Times: user=0.01 sys=0.00, real=0.00 secs] 
41.460: Total time for which application threads were stopped: 0.0006090 seconds, Stopping threads took: 0.0000630 seconds
41.528: Application time: 0.0680640 seconds
41.529: [GC [PSYoungGen: 19020K->544K(19456K)] 81281K->62869K(102400K), 0.0005000 secs] [Times: user=0.00 sys=0.00, real=0.00 secs] 
41.529: Total time for which application threads were stopped: 0.0006200 seconds, Stopping threads took: 0.0000580 seconds
41.583: Application time: 0.0542400 seconds
41.583: [GC [PSYoungGen: 18976K->896K(19456K)] 81301K->63453K(102400K), 0.0007480 secs] [Times: user=0.00 sys=0.01, real=0.00 secs] 
41.584: Total time for which application threads were stopped: 0.0008900 seconds, Stopping threads took: 0.0000690 seconds
41.624: Application time: 0.0399180 seconds
41.624: [GC [PSYoungGen: 19326K->992K(19456K)] 81883K->63813K(102400K), 0.0006470 secs] [Times: user=0.00 sys=0.00, real=0.00 secs] 
41.625: Total time for which application threads were stopped: 0.0007630 seconds, Stopping threads took: 0.0000520 seconds
41.687: Application time: 0.0625190 seconds
41.687: [GC [PSYoungGen: 19419K->928K(19968K)] 82240K->63837K(102912K), 0.0005590 secs] [Times: user=0.00 sys=0.00, real=0.00 secs] 
41.688: Total time for which application threads were stopped: 0.0006860 seconds, Stopping threads took: 0.0000630 seconds
41.766: Application time: 0.0775380 seconds
41.768: [GC [PSYoungGen: 19359K->512K(19968K)] 82269K->63858K(102912K), 0.0005900 secs] [Times: user=0.00 sys=0.00, real=0.00 secs] 
41.768: Total time for which application threads were stopped: 0.0027840 seconds, Stopping threads took: 0.0021340 seconds
41.846: Application time: 0.0777780 seconds
41.846: [GC [PSYoungGen: 18942K->352K(19968K)] 82288K->64115K(102912K), 0.0005090 secs] [Times: user=0.01 sys=0.00, real=0.00 secs] 
41.847: Total time for which application threads were stopped: 0.0006580 seconds, Stopping threads took: 0.0000860 seconds
41.925: Application time: 0.0779870 seconds
41.925: [GC [PSYoungGen: 18782K->384K(19968K)] 82545K->64363K(102912K), 0.0005030 secs] [Times: user=0.00 sys=0.00, real=0.00 secs] 
41.925: Total time for which application threads were stopped: 0.0006240 seconds, Stopping threads took: 0.0000600 seconds
42.003: Application time: 0.0775320 seconds
42.003: [GC [PSYoungGen: 18815K->576K(19968K)] 82794K->64767K(102912K), 0.0005050 secs] [Times: user=0.00 sys=0.00, real=0.00 secs] 
42.004: Total time for which application threads were stopped: 0.0006140 seconds, Stopping threads took: 0.0000500 seconds
42.080: Application time: 0.0766690 seconds
42.080: [GC [PSYoungGen: 19006K->704K(19968K)] 83197K->65116K(102912K), 0.0006060 secs] [Times: user=0.00 sys=0.00, real=0.00 secs] 
42.081: Total time for which application threads were stopped: 0.0007280 seconds, Stopping threads took: 0.0000610 seconds
42.163: Application time: 0.0818090 seconds
42.163: [GC [PSYoungGen: 19134K->0K(19968K)] 83547K->65025K(102912K), 0.0004910 secs] [Times: user=0.01 sys=0.00, real=0.00 secs] 
42.163: Total time for which application threads were stopped: 0.0006310 seconds, Stopping threads took: 0.0000650 seconds
42.246: Application time: 0.0824730 seconds
42.246: [GC [PSYoungGen: 18430K->0K(19968K)] 83456K->65025K(102912K), 0.0004830 secs] [Times: user=0.00 sys=0.00, real=0.00 secs] 
42.247: Total time for which application threads were stopped: 0.0006210 seconds, Stopping threads took: 0.0000750 seconds
42.328: Application time: 0.0817940 seconds
42.328: [GC [PSYoungGen: 18428K->0K(19968K)] 83454K->65025K(102912K), 0.0004380 secs] [Times: user=0.01 sys=0.00, real=0.00 secs] 
42.329: Total time for which application threads were stopped: 0.0005550 seconds, Stopping threads took: 0.0000560 seconds
42.394: Application time: 0.0650790 seconds
42.394: [GC [PSYoungGen: 18428K->384K(19968K)] 83454K->65409K(102912K), 0.0004850 secs] [Times: user=0.00 sys=0.00, real=0.00 secs] 
42.395: Total time for which application threads were stopped: 0.0005870 seconds, Stopping threads took: 0.0000380 seconds
42.472: Application time: 0.0774740 seconds
42.472: [GC [PSYoungGen: 18816K->352K(18944K)] 83841K->65393K(101888K), 0.0004930 secs] [Times: user=0.00 sys=0.00, real=0.00 secs] 
42.473: Total time for which application threads were stopped: 0.0006100 seconds, Stopping threads took: 0.0000540 seconds
42.547: Application time: 0.0746210 seconds
42.547: [GC [PSYoungGen: 18781K->416K(19456K)] 83823K->65678K(102400K), 0.0004930 secs] [Times: user=0.01 sys=0.00, real=0.00 secs] 
42.548: Total time for which application threads were stopped: 0.0006080 seconds, Stopping threads took: 0.0000530 seconds
42.616: Application time: 0.0683070 seconds
42.616: [GC [PSYoungGen: 18844K->352K(19456K)] 84106K->65630K(102400K), 0.0004750 secs] [Times: user=0.00 sys=0.00, real=0.00 secs] 
42.617: Total time for which application threads were stopped: 0.0006140 seconds, Stopping threads took: 0.0000770 seconds
42.697: Application time: 0.0800400 seconds
42.704: [GC [PSYoungGen: 18782K->352K(19456K)] 84060K->65654K(102400K), 0.0004950 secs] [Times: user=0.00 sys=0.00, real=0.00 secs] 
42.704: Total time for which application threads were stopped: 0.0074690 seconds, Stopping threads took: 0.0069010 seconds
42.785: Application time: 0.0805460 seconds
42.785: [GC [PSYoungGen: 18782K->352K(19456K)] 84084K->65882K(102400K), 0.0005030 secs] [Times: user=0.00 sys=0.00, real=0.00 secs] 
42.785: Total time for which application threads were stopped: 0.0006350 seconds, Stopping threads took: 0.0000660 seconds
42.866: Application time: 0.0808140 seconds
42.866: [GC [PSYoungGen: 18780K->384K(19456K)] 84311K->65946K(102400K), 0.0005380 secs] [Times: user=0.00 sys=0.00, real=0.00 secs] 
42.867: Total time for which application threads were stopped: 0.0006470 seconds, Stopping threads took: 0.0000490 seconds
42.949: Application time: 0.0819170 seconds
42.949: [GC [PSYoungGen: 18812K->0K(19456K)] 84375K->65827K(102400K), 0.0004770 secs] [Times: user=0.00 sys=0.00, real=0.00 secs] 
42.949: Total time for which application threads were stopped: 0.0005910 seconds, Stopping threads took: 0.0000540 seconds
43.029: Application time: 0.0798950 seconds
43.029: [GC [PSYoungGen: 18428K->384K(19456K)] 84255K->66211K(102400K), 0.0004700 secs] [Times: user=0.00 sys=0.00, real=0.00 secs] 
43.030: Total time for which application threads were stopped: 0.0005780 seconds, Stopping threads took: 0.0000480 seconds
43.112: Application time: 0.0818650 seconds
43.112: [GC [PSYoungGen: 18814K->0K(19456K)] 84641K->66075K(102400K), 0.0005430 secs] [Times: user=0.01 sys=0.00, real=0.00 secs] 
43.112: Total time for which application threads were stopped: 0.0006760 seconds, Stopping threads took: 0.0000700 seconds
43.165: Application time: 0.0528510 seconds
43.165: [GC [PSYoungGen: 18431K->576K(19456K)] 84507K->66651K(102400K), 0.0005020 secs] [Times: user=0.00 sys=0.00, real=0.00 secs] 
43.166: Total time for which application threads were stopped: 0.0006130 seconds, Stopping threads took: 0.0000530 seconds
43.234: Application time: 0.0683010 seconds
43.234: [GC [PSYoungGen: 19004K->544K(19456K)] 85079K->66691K(102400K), 0.0005410 secs] [Times: user=0.00 sys=0.00, real=0.00 secs] 
43.235: Total time for which application threads were stopped: 0.0006600 seconds, Stopping threads took: 0.0000480 seconds
43.299: Application time: 0.0635960 seconds
43.299: [GC [PSYoungGen: 18972K->576K(19456K)] 85119K->66984K(102400K), 0.0005220 secs] [Times: user=0.00 sys=0.00, real=0.00 secs] 
43.299: Total time for which application threads were stopped: 0.0006520 seconds, Stopping threads took: 0.0000670 seconds
43.343: Application time: 0.0434450 seconds
43.343: [GC [PSYoungGen: 19004K->800K(19456K)] 85412K->67428K(102400K), 0.0006440 secs] [Times: user=0.00 sys=0.00, real=0.00 secs] 
43.343: Total time for which application threads were stopped: 0.0007500 seconds, Stopping threads took: 0.0000430 seconds
43.395: Application time: 0.0516610 seconds
43.395: [GC [PSYoungGen: 19227K->928K(19456K)] 85856K->67636K(102400K), 0.0006490 secs] [Times: user=0.00 sys=0.00, real=0.00 secs] 
43.396: Total time for which application threads were stopped: 0.0007800 seconds, Stopping threads took: 0.0000670 seconds
43.472: Application time: 0.0762850 seconds
43.472: [GC [PSYoungGen: 19357K->704K(19968K)] 86066K->67689K(102912K), 0.0005920 secs] [Times: user=0.00 sys=0.00, real=0.00 secs] 
43.473: Total time for which application threads were stopped: 0.0007120 seconds, Stopping threads took: 0.0000570 seconds
43.551: Application time: 0.0781060 seconds
43.551: [GC [PSYoungGen: 19134K->320K(19968K)] 86119K->67910K(102912K), 0.0005650 secs] [Times: user=0.00 sys=0.00, real=0.00 secs] 
43.552: Total time for which application threads were stopped: 0.0006760 seconds, Stopping threads took: 0.0000480 seconds
43.630: Application time: 0.0781320 seconds
43.630: [GC [PSYoungGen: 18750K->352K(19968K)] 86340K->68154K(102912K), 0.0005390 secs] [Times: user=0.00 sys=0.00, real=0.00 secs] 
43.630: Total time for which application threads were stopped: 0.0006740 seconds, Stopping threads took: 0.0000710 seconds
43.709: Application time: 0.0789440 seconds
43.709: [GC [PSYoungGen: 18782K->384K(18944K)] 86584K->68407K(101888K), 0.0005340 secs] [Times: user=0.00 sys=0.00, real=0.00 secs] 
43.710: Total time for which application threads were stopped: 0.0006490 seconds, Stopping threads took: 0.0000530 seconds
43.787: Application time: 0.0765220 seconds
43.787: [GC [PSYoungGen: 18815K->704K(18944K)] 86838K->68959K(101888K), 0.0005790 secs] [Times: user=0.01 sys=0.00, real=0.00 secs] 
43.787: Total time for which application threads were stopped: 0.0007110 seconds, Stopping threads took: 0.0000620 seconds
43.866: Application time: 0.0785210 seconds
43.866: [GC [PSYoungGen: 18621K->352K(18432K)] 86877K->69027K(101376K), 0.0005540 secs] [Times: user=0.01 sys=0.00, real=0.00 secs] 
43.866: Total time for which application threads were stopped: 0.0006730 seconds, Stopping threads took: 0.0000540 seconds
43.947: Application time: 0.0804080 seconds
43.947: [GC [PSYoungGen: 18268K->0K(18432K)] 86943K->68912K(101376K), 0.0004710 secs] [Times: user=0.00 sys=0.00, real=0.00 secs] 
43.947: Total time for which application threads were stopped: 0.0005840 seconds, Stopping threads took: 0.0000490 seconds
44.025: Application time: 0.0775030 seconds
44.025: [GC [PSYoungGen: 17405K->0K(18944K)] 86318K->68912K(101888K), 0.0004520 secs] [Times: user=0.00 sys=0.00, real=0.00 secs] 
44.025: Total time for which application threads were stopped: 0.0005590 seconds, Stopping threads took: 0.0000450 seconds
44.093: Application time: 0.0674210 seconds
44.093: [GC [PSYoungGen: 17406K->416K(17920K)] 86318K->69328K(100864K), 0.0005160 secs] [Times: user=0.00 sys=0.00, real=0.00 secs] 
44.094: Total time for which application threads were stopped: 0.0006430 seconds, Stopping threads took: 0.0000660 seconds
44.161: Application time: 0.0676010 seconds
44.161: [GC [PSYoungGen: 17822K->224K(18432K)] 86734K->69152K(101376K), 0.0005080 secs] [Times: user=0.00 sys=0.00, real=0.00 secs] 
44.162: Total time for which application threads were stopped: 0.0006270 seconds, Stopping threads took: 0.0000620 seconds
44.238: Application time: 0.0763170 seconds
44.240: [GC [PSYoungGen: 17631K->352K(18432K)] 86559K->69304K(101376K), 0.0005320 secs] [Times: user=0.00 sys=0.00, real=0.00 secs] 
44.240: Total time for which application threads were stopped: 0.0022400 seconds, Stopping threads took: 0.0016440 seconds
44.298: Application time: 0.0575320 seconds
44.298: [GC [PSYoungGen: 17758K->416K(18432K)] 86711K->69592K(101376K), 0.0005030 secs] [Times: user=0.00 sys=0.00, real=0.00 secs] 
44.299: Total time for which application threads were stopped: 0.0006360 seconds, Stopping threads took: 0.0000560 seconds
44.374: Application time: 0.0755360 seconds
44.374: [GC [PSYoungGen: 17823K->352K(18432K)] 87000K->69552K(101376K), 0.0005030 secs] [Times: user=0.00 sys=0.00, real=0.00 secs] 
44.375: Total time for which application threads were stopped: 0.0006300 seconds, Stopping threads took: 0.0000630 seconds
44.452: Application time: 0.0771840 seconds
44.452: [GC [PSYoungGen: 17757K->0K(18432K)] 86958K->69424K(101376K), 0.0004590 secs] [Times: user=0.00 sys=0.00, real=0.00 secs] 
44.452: Total time for which application threads were stopped: 0.0005800 seconds, Stopping threads took: 0.0000600 seconds
44.528: Application time: 0.0755130 seconds
44.532: [GC [PSYoungGen: 17407K->432K(18432K)] 86832K->69856K(101376K), 0.0004780 secs] [Times: user=0.00 sys=0.00, real=0.00 secs] 
44.532: Total time for which application threads were stopped: 0.0042940 seconds, Stopping threads took: 0.0037560 seconds
44.610: Application time: 0.0773470 seconds
44.610: [GC [PSYoungGen: 17837K->0K(18432K)] 87262K->69680K(101376K), 0.0005370 secs] [Times: user=0.00 sys=0.00, real=0.00 secs] 
44.610: Total time for which application threads were stopped: 0.0006600 seconds, Stopping threads took: 0.0000610 seconds
44.686: Application time: 0.0754590 seconds
44.686: [GC [PSYoungGen: 17403K->384K(18432K)] 87083K->70064K(101376K), 0.0004870 secs] [Times: user=0.00 sys=0.00, real=0.00 secs] 
44.686: Total time for which application threads were stopped: 0.0005970 seconds, Stopping threads took: 0.0000490 seconds
44.764: Application time: 0.0776050 seconds
44.764: [GC [PSYoungGen: 17789K->0K(18432K)] 87470K->69936K(101376K), 0.0004770 secs] [Times: user=0.00 sys=0.00, real=0.00 secs] 
44.765: Total time for which application threads were stopped: 0.0005900 seconds, Stopping threads took: 0.0000520 seconds
44.838: Application time: 0.0735040 seconds
44.838: [GC [PSYoungGen: 17406K->352K(18432K)] 87342K->70288K(101376K), 0.0004920 secs] [Times: user=0.00 sys=0.00, real=0.00 secs] 
44.839: Total time for which application threads were stopped: 0.0006030 seconds, Stopping threads took: 0.0000410 seconds
44.885: Application time: 0.0459820 seconds
44.885: [GC [PSYoungGen: 17759K->608K(18432K)] 87696K->70560K(101376K), 0.0005090 secs] [Times: user=0.00 sys=0.00, real=0.00 secs] 
44.885: Total time for which application threads were stopped: 0.0006220 seconds, Stopping threads took: 0.0000500 seconds
44.956: Application time: 0.0704330 seconds
44.956: [GC [PSYoungGen: 17949K->416K(18432K)] 87902K->70432K(101376K), 0.0005190 secs] [Times: user=0.00 sys=0.00, real=0.00 secs] 
44.956: Total time for which application threads were stopped: 0.0006520 seconds, Stopping threads took: 0.0000710 seconds
45.018: Application time: 0.0621150 seconds
45.019: [GC [PSYoungGen: 17819K->512K(18432K)] 87836K->70845K(101376K), 0.0005460 secs] [Times: user=0.01 sys=0.00, real=0.01 secs] 
45.020: Total time for which application threads were stopped: 0.0017100 seconds, Stopping threads took: 0.0000530 seconds
45.073: Application time: 0.0530280 seconds
45.073: [GC [PSYoungGen: 17919K->976K(17920K)] 88252K->71453K(100864K), 0.0006410 secs] [Times: user=0.00 sys=0.00, real=0.00 secs] 
45.074: Total time for which application threads were stopped: 0.0007690 seconds, Stopping threads took: 0.0000650 seconds
45.110: Application time: 0.0357180 seconds
45.110: [GC [PSYoungGen: 17870K->672K(18432K)] 88347K->71449K(101376K), 0.0006070 secs] [Times: user=0.00 sys=0.00, real=0.00 secs] 
45.110: Total time for which application threads were stopped: 0.0007280 seconds, Stopping threads took: 0.0000570 seconds
45.176: Application time: 0.0652310 seconds
45.180: [GC [PSYoungGen: 17478K->640K(17920K)] 88256K->71625K(100864K), 0.0005810 secs] [Times: user=0.00 sys=0.00, real=0.00 secs] 
45.180: Total time for which application threads were stopped: 0.0047350 seconds, Stopping threads took: 0.0040940 seconds
45.252: Application time: 0.0715010 seconds
45.252: [GC [PSYoungGen: 17532K->640K(17920K)] 88518K->71942K(100864K), 0.0005610 secs] [Times: user=0.01 sys=0.00, real=0.00 secs] 
45.253: Total time for which application threads were stopped: 0.0006860 seconds, Stopping threads took: 0.0000630 seconds
45.324: Application time: 0.0714010 seconds
45.324: [GC [PSYoungGen: 17533K->576K(17920K)] 88836K->72242K(100864K), 0.0005660 secs] [Times: user=0.00 sys=0.00, real=0.00 secs] 
45.325: Total time for which application threads were stopped: 0.0006860 seconds, Stopping threads took: 0.0000570 seconds
45.399: Application time: 0.0743340 seconds
45.399: [GC [PSYoungGen: 17471K->0K(17408K)] 89138K->72084K(100352K), 0.0004920 secs] [Times: user=0.00 sys=0.00, real=0.00 secs] 
45.400: Total time for which application threads were stopped: 0.0006220 seconds, Stopping threads took: 0.0000600 seconds
45.472: Application time: 0.0728460 seconds
45.473: [GC [PSYoungGen: 16893K->384K(17408K)] 88977K->72468K(100352K), 0.0005140 secs] [Times: user=0.01 sys=0.00, real=0.00 secs] 
45.473: Total time for which application threads were stopped: 0.0006260 seconds, Stopping threads took: 0.0000500 seconds
45.543: Application time: 0.0695020 seconds
45.543: [GC [PSYoungGen: 17275K->704K(18432K)] 89359K->73008K(101376K), 0.0005540 secs] [Times: user=0.00 sys=0.00, real=0.00 secs] 
45.543: Total time for which application threads were stopped: 0.0006820 seconds, Stopping threads took: 0.0000680 seconds
45.619: Application time: 0.0756190 seconds
45.619: [GC [PSYoungGen: 17597K->0K(17920K)] 89902K->72926K(100864K), 0.0005430 secs] [Times: user=0.01 sys=0.00, real=0.00 secs] 
45.620: Total time for which application threads were stopped: 0.0006700 seconds, Stopping threads took: 0.0000620 seconds
45.696: Application time: 0.0759270 seconds
45.696: [GC [PSYoungGen: 16895K->0K(18432K)] 89821K->72926K(101376K), 0.0004330 secs] [Times: user=0.01 sys=0.00, real=0.00 secs] 
45.696: Total time for which application threads were stopped: 0.0005510 seconds, Stopping threads took: 0.0000530 seconds
45.772: Application time: 0.0756540 seconds
45.776: [GC [PSYoungGen: 16895K->0K(18432K)] 89821K->72926K(101376K), 0.0004830 secs] [Times: user=0.00 sys=0.00, real=0.00 secs] 
45.776: Total time for which application threads were stopped: 0.0045460 seconds, Stopping threads took: 0.0039970 seconds
45.834: Application time: 0.0573750 seconds
45.834: [GC [PSYoungGen: 16892K->384K(18432K)] 89818K->73310K(101376K), 0.0005430 secs] [Times: user=0.00 sys=0.00, real=0.00 secs] 
45.834: Total time for which application threads were stopped: 0.0006580 seconds, Stopping threads took: 0.0000530 seconds
45.906: Application time: 0.0719970 seconds
45.906: [GC [PSYoungGen: 17278K->352K(17408K)] 90204K->73302K(100352K), 0.0005200 secs] [Times: user=0.01 sys=0.00, real=0.00 secs] 
45.907: Total time for which application threads were stopped: 0.0006560 seconds, Stopping threads took: 0.0000650 seconds
45.978: Application time: 0.0714540 seconds
45.980: [GC [PSYoungGen: 17246K->384K(17920K)] 90196K->73554K(100864K), 0.0004970 secs] [Times: user=0.00 sys=0.00, real=0.00 secs] 
45.980: Total time for which application threads were stopped: 0.0018600 seconds, Stopping threads took: 0.0013000 seconds
46.039: Application time: 0.0589550 seconds
46.039: [GC [PSYoungGen: 17278K->416K(17920K)] 90449K->73602K(100864K), 0.0004980 secs] [Times: user=0.00 sys=0.00, real=0.01 secs] 
46.040: Total time for which application threads were stopped: 0.0006130 seconds, Stopping threads took: 0.0000490 seconds
46.114: Application time: 0.0736860 seconds
46.114: [GC [PSYoungGen: 17309K->352K(17920K)] 90496K->73562K(100864K), 0.0004730 secs] [Times: user=0.00 sys=0.00, real=0.00 secs] 
46.114: Total time for which application threads were stopped: 0.0006020 seconds, Stopping threads took: 0.0000650 seconds
46.189: Application time: 0.0747340 seconds
46.189: [GC [PSYoungGen: 17245K->0K(17920K)] 90456K->73431K(100864K), 0.0004480 secs] [Times: user=0.00 sys=0.00, real=0.00 secs] 
46.189: Total time for which application threads were stopped: 0.0005920 seconds, Stopping threads took: 0.0000820 seconds
46.262: Application time: 0.0727480 seconds
46.262: [GC [PSYoungGen: 16894K->384K(17920K)] 90325K->73815K(100864K), 0.0005060 secs] [Times: user=0.01 sys=0.00, real=0.00 secs] 
46.263: Total time for which application threads were stopped: 0.0006240 seconds, Stopping threads took: 0.0000570 seconds
46.338: Application time: 0.0750680 seconds
46.338: [GC [PSYoungGen: 17279K->0K(17920K)] 90710K->73675K(100864K), 0.0004550 secs] [Times: user=0.01 sys=0.00, real=0.00 secs] 
46.338: Total time for which application threads were stopped: 0.0005730 seconds, Stopping threads took: 0.0000590 seconds
46.412: Application time: 0.0732730 seconds
46.412: [GC [PSYoungGen: 16896K->416K(17920K)] 90571K->74091K(100864K), 0.0004880 secs] [Times: user=0.00 sys=0.00, real=0.00 secs] 
46.412: Total time for which application threads were stopped: 0.0006430 seconds, Stopping threads took: 0.0000870 seconds
46.488: Application time: 0.0758150 seconds
46.488: [GC [PSYoungGen: 17309K->0K(17920K)] 90985K->73920K(100864K), 0.0005150 secs] [Times: user=0.01 sys=0.00, real=0.00 secs] 
46.489: Total time for which application threads were stopped: 0.0006200 seconds, Stopping threads took: 0.0000440 seconds
46.556: Application time: 0.0672710 seconds
46.556: [GC [PSYoungGen: 16892K->384K(17920K)] 90812K->74304K(100864K), 0.0005330 secs] [Times: user=0.01 sys=0.00, real=0.00 secs] 
46.557: Total time for which application threads were stopped: 0.0006500 seconds, Stopping threads took: 0.0000570 seconds
46.606: Application time: 0.0487290 seconds
46.606: [GC [PSYoungGen: 17277K->576K(17920K)] 91197K->74512K(100864K), 0.0005140 secs] [Times: user=0.00 sys=0.00, real=0.00 secs] 
46.606: Total time for which application threads were stopped: 0.0006360 seconds, Stopping threads took: 0.0000570 seconds
46.673: Application time: 0.0673330 seconds
46.674: [GC [PSYoungGen: 17467K->576K(17920K)] 91404K->74584K(100864K), 0.0005530 secs] [Times: user=0.00 sys=0.00, real=0.00 secs] 
46.674: Total time for which application threads were stopped: 0.0006730 seconds, Stopping threads took: 0.0000600 seconds
46.736: Application time: 0.0613830 seconds
46.736: [GC [PSYoungGen: 17470K->480K(17920K)] 91478K->74725K(100864K), 0.0005540 secs] [Times: user=0.00 sys=0.01, real=0.00 secs] 
46.736: Total time for which application threads were stopped: 0.0006840 seconds, Stopping threads took: 0.0000690 seconds
46.798: Application time: 0.0618850 seconds
46.798: [GC [PSYoungGen: 17375K->544K(17920K)] 91620K->75001K(100864K), 0.0005530 secs] [Times: user=0.00 sys=0.00, real=0.00 secs] 
46.799: Total time for which application threads were stopped: 0.0006640 seconds, Stopping threads took: 0.0000510 seconds
46.842: Application time: 0.0436010 seconds
46.842: [GC [PSYoungGen: 17438K->960K(17408K)] 91895K->75505K(100352K), 0.0006440 secs] [Times: user=0.00 sys=0.00, real=0.00 secs] 
46.843: Total time for which application threads were stopped: 0.0007490 seconds, Stopping threads took: 0.0000460 seconds
46.888: Application time: 0.0448450 seconds
46.888: [GC [PSYoungGen: 17342K->544K(17920K)] 91887K->75534K(100864K), 0.0006170 secs] [Times: user=0.00 sys=0.00, real=0.00 secs] 
46.889: Total time for which application threads were stopped: 0.0007510 seconds, Stopping threads took: 0.0000740 seconds
46.955: Application time: 0.0667110 seconds
46.956: [GC [PSYoungGen: 16924K->736K(17408K)] 91915K->75798K(100352K), 0.0005830 secs] [Times: user=0.00 sys=0.00, real=0.00 secs] 
46.956: Total time for which application threads were stopped: 0.0007150 seconds, Stopping threads took: 0.0000620 seconds
47.024: Application time: 0.0676640 seconds
47.024: [GC [PSYoungGen: 17117K->480K(16896K)] 92180K->76148K(99840K), 0.0005890 secs] [Times: user=0.01 sys=0.00, real=0.00 secs] 
47.025: Total time for which application threads were stopped: 0.0007150 seconds, Stopping threads took: 0.0000660 seconds
47.096: Application time: 0.0719000 seconds
47.097: [GC [PSYoungGen: 16861K->0K(16896K)] 92530K->76085K(99840K), 0.0005950 secs] [Times: user=0.01 sys=0.00, real=0.00 secs] 
47.097: Total time for which application threads were stopped: 0.0007140 seconds, Stopping threads took: 0.0000520 seconds
47.167: Application time: 0.0702730 seconds
47.168: [GC [PSYoungGen: 16381K->384K(17920K)] 92467K->76469K(100864K), 0.0005310 secs] [Times: user=0.00 sys=0.00, real=0.00 secs] 
47.168: Total time for which application threads were stopped: 0.0006470 seconds, Stopping threads took: 0.0000550 seconds
47.239: Application time: 0.0705950 seconds
47.239: [GC [PSYoungGen: 16767K->320K(16896K)] 92853K->76618K(99840K), 0.0006140 secs] [Times: user=0.00 sys=0.00, real=0.00 secs] 
47.239: Total time for which application threads were stopped: 0.0007190 seconds, Stopping threads took: 0.0000470 seconds
47.308: Application time: 0.0687240 seconds
47.308: [GC [PSYoungGen: 16701K->576K(17408K)] 92999K->77086K(100352K), 0.0005350 secs] [Times: user=0.01 sys=0.00, real=0.00 secs] 
47.309: Total time for which application threads were stopped: 0.0006540 seconds, Stopping threads took: 0.0000600 seconds
47.382: Application time: 0.0727410 seconds
47.382: [GC [PSYoungGen: 16959K->0K(16896K)] 93469K->76935K(99840K), 0.0005490 secs] [Times: user=0.01 sys=0.00, real=0.00 secs] 
47.382: Total time for which application threads were stopped: 0.0006720 seconds, Stopping threads took: 0.0000600 seconds
47.455: Application time: 0.0731520 seconds
47.455: [GC [PSYoungGen: 16381K->0K(17408K)] 93317K->76935K(100352K), 0.0004880 secs] [Times: user=0.00 sys=0.00, real=0.00 secs] 
47.456: Total time for which application threads were stopped: 0.0006050 seconds, Stopping threads took: 0.0000560 seconds
47.518: Application time: 0.0622600 seconds
47.518: [GC [PSYoungGen: 16380K->320K(16896K)] 93316K->77255K(99840K), 0.0005230 secs] [Times: user=0.00 sys=0.00, real=0.00 secs] 
47.519: Total time for which application threads were stopped: 0.0006480 seconds, Stopping threads took: 0.0000520 seconds
47.582: Application time: 0.0629650 seconds
47.584: [GC [PSYoungGen: 16701K->448K(17408K)] 93637K->77407K(100352K), 0.0005400 secs] [Times: user=0.00 sys=0.00, real=0.00 secs] 
47.584: Total time for which application threads were stopped: 0.0025210 seconds, Stopping threads took: 0.0019170 seconds
47.656: Application time: 0.0718750 seconds
47.656: [GC [PSYoungGen: 16829K->352K(16896K)] 93789K->77343K(99840K), 0.0005990 secs] [Times: user=0.00 sys=0.00, real=0.00 secs] 
47.657: Total time for which application threads were stopped: 0.0007200 seconds, Stopping threads took: 0.0000590 seconds
47.714: Application time: 0.0568050 seconds
47.714: [GC [PSYoungGen: 16731K->384K(17408K)] 93723K->77596K(100352K), 0.0005470 secs] [Times: user=0.00 sys=0.00, real=0.00 secs] 
47.714: Total time for which application threads were stopped: 0.0006560 seconds, Stopping threads took: 0.0000480 seconds
47.782: Application time: 0.0675380 seconds
47.782: [GC [PSYoungGen: 16765K->352K(16896K)] 93978K->77580K(99840K), 0.0005210 secs] [Times: user=0.00 sys=0.00, real=0.00 secs] 
47.783: Total time for which application threads were stopped: 0.0006390 seconds, Stopping threads took: 0.0000550 seconds
47.854: Application time: 0.0711870 seconds
47.854: [GC [PSYoungGen: 16731K->384K(17408K)] 93959K->77636K(100352K), 0.0004910 secs] [Times: user=0.00 sys=0.00, real=0.00 secs] 
47.854: Total time for which application threads were stopped: 0.0006170 seconds, Stopping threads took: 0.0000640 seconds
47.926: Application time: 0.0712240 seconds
47.926: [GC [PSYoungGen: 16763K->384K(17408K)] 94015K->77856K(100352K), 0.0004900 secs] [Times: user=0.00 sys=0.00, real=0.00 secs] 
47.926: Total time for which application threads were stopped: 0.0005980 seconds, Stopping threads took: 0.0000450 seconds
47.997: Application time: 0.0711370 seconds
47.997: [GC [PSYoungGen: 16766K->368K(17408K)] 94239K->77864K(100352K), 0.0005100 secs] [Times: user=0.00 sys=0.00, real=0.00 secs] 
47.998: Total time for which application threads were stopped: 0.0006240 seconds, Stopping threads took: 0.0000520 seconds
48.071: Application time: 0.0725930 seconds
48.071: [GC [PSYoungGen: 16751K->0K(17408K)] 94248K->77760K(100352K), 0.0005270 secs] [Times: user=0.01 sys=0.00, real=0.00 secs] 
48.071: Total time for which application threads were stopped: 0.0006600 seconds, Stopping threads took: 0.0000520 seconds
48.142: Application time: 0.0705810 seconds
48.142: [GC [PSYoungGen: 16382K->384K(17408K)] 94143K->78144K(100352K), 0.0004980 secs] [Times: user=0.00 sys=0.00, real=0.00 secs] 
48.142: Total time for which application threads were stopped: 0.0006070 seconds, Stopping threads took: 0.0000480 seconds
48.215: Application time: 0.0727960 seconds
48.215: [GC [PSYoungGen: 16767K->0K(17408K)] 94528K->78017K(100352K), 0.0005030 secs] [Times: user=0.00 sys=0.00, real=0.00 secs] 
48.216: Total time for which application threads were stopped: 0.0006170 seconds, Stopping threads took: 0.0000500 seconds
48.279: Application time: 0.0633720 seconds
48.279: [GC [PSYoungGen: 16382K->576K(17408K)] 94399K->78593K(100352K), 0.0005180 secs] [Times: user=0.00 sys=0.00, real=0.01 secs] 
48.280: Total time for which application threads were stopped: 0.0006420 seconds, Stopping threads took: 0.0000620 seconds
48.322: Application time: 0.0423980 seconds
48.322: [GC [PSYoungGen: 16955K->448K(17408K)] 94972K->78505K(100352K), 0.0005570 secs] [Times: user=0.00 sys=0.00, real=0.00 secs] 
48.323: Total time for which application threads were stopped: 0.0006730 seconds, Stopping threads took: 0.0000560 seconds
48.392: Application time: 0.0688540 seconds
48.392: [GC [PSYoungGen: 16831K->544K(17408K)] 94888K->78625K(100352K), 0.0005400 secs] [Times: user=0.01 sys=0.00, real=0.00 secs] 
48.392: Total time for which application threads were stopped: 0.0006520 seconds, Stopping threads took: 0.0000490 seconds
48.449: Application time: 0.0568110 seconds
48.449: [GC [PSYoungGen: 16923K->416K(17408K)] 95004K->78933K(100352K), 0.0005790 secs] [Times: user=0.00 sys=0.00, real=0.00 secs] 
48.450: Total time for which application threads were stopped: 0.0006940 seconds, Stopping threads took: 0.0000550 seconds
48.511: Application time: 0.0611800 seconds
48.511: [GC [PSYoungGen: 16799K->576K(17408K)] 95317K->79101K(100352K), 0.0005510 secs] [Times: user=0.00 sys=0.00, real=0.01 secs] 
48.512: Total time for which application threads were stopped: 0.0006880 seconds, Stopping threads took: 0.0000740 seconds
48.566: Application time: 0.0540040 seconds
48.566: [GC [PSYoungGen: 16957K->672K(17408K)] 95483K->79285K(100352K), 0.0006610 secs] [Times: user=0.01 sys=0.00, real=0.00 secs] 
48.567: Total time for which application threads were stopped: 0.0007730 seconds, Stopping threads took: 0.0000500 seconds
48.606: Application time: 0.0394800 seconds
48.606: [GC [PSYoungGen: 17051K->512K(17408K)] 95665K->79526K(100352K), 0.0006530 secs] [Times: user=0.01 sys=0.00, real=0.00 secs] 
48.607: Total time for which application threads were stopped: 0.0007810 seconds, Stopping threads took: 0.0000600 seconds
48.671: Application time: 0.0638070 seconds
48.671: [GC [PSYoungGen: 16893K->704K(17408K)] 95908K->79806K(100352K), 0.0005290 secs] [Times: user=0.00 sys=0.00, real=0.00 secs] 
48.671: Total time for which application threads were stopped: 0.0006610 seconds, Stopping threads took: 0.0000700 seconds
48.738: Application time: 0.0665550 seconds
48.738: [GC [PSYoungGen: 17083K->736K(17408K)] 96186K->80248K(100352K), 0.0006020 secs] [Times: user=0.00 sys=0.00, real=0.00 secs] 
48.739: Total time for which application threads were stopped: 0.0007210 seconds, Stopping threads took: 0.0000570 seconds
48.810: Application time: 0.0710440 seconds
48.810: [GC [PSYoungGen: 17117K->0K(16896K)] 96629K->80117K(99840K), 0.0005440 secs] [Times: user=0.00 sys=0.00, real=0.00 secs] 
48.810: Total time for which application threads were stopped: 0.0006650 seconds, Stopping threads took: 0.0000590 seconds
48.880: Application time: 0.0701010 seconds
48.881: [GC [PSYoungGen: 16383K->416K(17408K)] 96501K->80533K(100352K), 0.0004730 secs] [Times: user=0.00 sys=0.00, real=0.00 secs] 
48.881: Total time for which application threads were stopped: 0.0006060 seconds, Stopping threads took: 0.0000710 seconds
48.951: Application time: 0.0703600 seconds
48.952: [GC [PSYoungGen: 16799K->480K(16896K)] 96916K->80834K(99840K), 0.0005600 secs] [Times: user=0.00 sys=0.00, real=0.01 secs] 
48.952: Total time for which application threads were stopped: 0.0006890 seconds, Stopping threads took: 0.0000670 seconds
49.022: Application time: 0.0694020 seconds
49.022: [GC [PSYoungGen: 16860K->576K(17408K)] 97214K->81162K(100352K), 0.0005500 secs] [Times: user=0.00 sys=0.00, real=0.00 secs] 
49.022: Total time for which application threads were stopped: 0.0006600 seconds, Stopping threads took: 0.0000460 seconds
49.095: Application time: 0.0733080 seconds
49.096: [GC [PSYoungGen: 16959K->0K(16896K)] 97545K->81006K(99840K), 0.0005550 secs] [Times: user=0.01 sys=0.00, real=0.00 secs] 
49.096: Total time for which application threads were stopped: 0.0006790 seconds, Stopping threads took: 0.0000620 seconds
49.170: Application time: 0.0733490 seconds
49.170: [GC [PSYoungGen: 16381K->0K(17408K)] 97388K->81006K(100352K), 0.0005040 secs] [Times: user=0.01 sys=0.00, real=0.00 secs] 
49.170: Total time for which application threads were stopped: 0.0006310 seconds, Stopping threads took: 0.0000500 seconds
49.230: Application time: 0.0599900 seconds
49.230: [GC [PSYoungGen: 16383K->416K(16896K)] 97389K->81422K(99840K), 0.0005040 secs] [Times: user=0.00 sys=0.00, real=0.00 secs] 
49.231: Total time for which application threads were stopped: 0.0006140 seconds, Stopping threads took: 0.0000510 seconds
49.297: Application time: 0.0661710 seconds
49.297: [GC [PSYoungGen: 16797K->320K(17408K)] 97804K->81342K(100352K), 0.0005100 secs] [Times: user=0.01 sys=0.00, real=0.00 secs] 
49.298: Total time for which application threads were stopped: 0.0006210 seconds, Stopping threads took: 0.0000500 seconds
49.369: Application time: 0.0719330 seconds
49.370: [GC [PSYoungGen: 16699K->352K(16896K)] 97722K->81406K(99840K), 0.0005260 secs] [Times: user=0.00 sys=0.00, real=0.00 secs] 
49.370: Total time for which application threads were stopped: 0.0006530 seconds, Stopping threads took: 0.0000660 seconds
49.428: Application time: 0.0577950 seconds
49.428: [GC [PSYoungGen: 16734K->320K(17408K)] 97789K->81587K(100352K), 0.0006870 secs] [Times: user=0.00 sys=0.00, real=0.00 secs] 
49.429: Total time for which application threads were stopped: 0.0008580 seconds, Stopping threads took: 0.0001000 seconds
49.497: Application time: 0.0684280 seconds
49.497: [GC [PSYoungGen: 16701K->352K(16896K)] 97969K->81635K(99840K), 0.0005310 secs] [Times: user=0.00 sys=0.00, real=0.00 secs] 
49.498: Total time for which application threads were stopped: 0.0006550 seconds, Stopping threads took: 0.0000610 seconds
49.570: Application time: 0.0717400 seconds
49.570: [GC [PSYoungGen: 16733K->352K(17408K)] 98016K->81659K(100352K), 0.0004960 secs] [Times: user=0.00 sys=0.00, real=0.00 secs] 
49.570: Total time for which application threads were stopped: 0.0006380 seconds, Stopping threads took: 0.0000800 seconds
49.641: Application time: 0.0703460 seconds
49.641: [GC [PSYoungGen: 16731K->384K(17408K)] 98038K->81911K(100352K), 0.0005350 secs] [Times: user=0.00 sys=0.00, real=0.00 secs] 
49.641: Total time for which application threads were stopped: 0.0006440 seconds, Stopping threads took: 0.0000460 seconds
49.714: Application time: 0.0728340 seconds
49.714: [GC [PSYoungGen: 16765K->0K(17408K)] 98293K->81780K(100352K), 0.0004650 secs] [Times: user=0.01 sys=0.00, real=0.00 secs] 
49.715: Total time for which application threads were stopped: 0.0005980 seconds, Stopping threads took: 0.0000620 seconds
49.787: Application time: 0.0727960 seconds
49.788: [GC [PSYoungGen: 16381K->0K(17408K)] 98162K->81780K(100352K), 0.0004650 secs] [Times: user=0.00 sys=0.00, real=0.00 secs] 
49.788: Total time for which application threads were stopped: 0.0006190 seconds, Stopping threads took: 0.0000930 seconds
49.859: Application time: 0.0710880 seconds
49.859: [GC [PSYoungGen: 16382K->384K(17408K)] 98162K->82164K(100352K), 0.0004920 secs] [Times: user=0.00 sys=0.00, real=0.01 secs] 
49.860: Total time for which application threads were stopped: 0.0006050 seconds, Stopping threads took: 0.0000410 seconds
49.933: Application time: 0.0735800 seconds
49.933: [GC [PSYoungGen: 16765K->0K(17408K)] 98546K->82044K(100352K), 0.0004800 secs] [Times: user=0.00 sys=0.00, real=0.00 secs] 
49.934: Total time for which application threads were stopped: 0.0005900 seconds, Stopping threads took: 0.0000480 seconds
50.003: Application time: 0.0694570 seconds
50.004: [GC [PSYoungGen: 16379K->352K(17408K)] 98424K->82396K(100352K), 0.0005270 secs] [Times: user=0.01 sys=0.00, real=0.00 secs] 
50.004: Total time for which application threads were stopped: 0.0006390 seconds, Stopping threads took: 0.0000510 seconds
50.051: Application time: 0.0464380 seconds
50.051: [GC [PSYoungGen: 16733K->544K(17408K)] 98777K->82596K(100352K), 0.0005280 secs] [Times: user=0.00 sys=0.00, real=0.00 secs] 
50.051: Total time for which application threads were stopped: 0.0006450 seconds, Stopping threads took: 0.0000580 seconds
50.113: Application time: 0.0614770 seconds
50.113: [GC [PSYoungGen: 16923K->480K(17408K)] 98976K->82588K(100352K), 0.0005290 secs] [Times: user=0.00 sys=0.00, real=0.00 secs] 
50.113: Total time for which application threads were stopped: 0.0006570 seconds, Stopping threads took: 0.0000660 seconds
50.168: Application time: 0.0546840 seconds
50.168: [GC [PSYoungGen: 16860K->576K(17408K)] 98968K->82905K(100352K), 0.0005470 secs] [Times: user=0.00 sys=0.00, real=0.00 secs] 
50.169: Total time for which application threads were stopped: 0.0006550 seconds, Stopping threads took: 0.0000440 seconds
50.225: Application time: 0.0561960 seconds
50.225: [GC [PSYoungGen: 16959K->576K(17408K)] 99288K->83145K(100352K), 0.0006300 secs] [Times: user=0.00 sys=0.00, real=0.00 secs] 
50.226: [Full GC [PSYoungGen: 576K->0K(17408K)] [ParOldGen: 82569K->4263K(35840K)] 83145K->4263K(53248K) [PSPermGen: 5540K->5540K(21504K)], 0.0161330 secs] [Times: user=0.08 sys=0.00, real=0.02 secs] 
50.242: Total time for which application threads were stopped: 0.0169380 seconds, Stopping threads took: 0.0000490 seconds
50.304: Application time: 0.0621350 seconds
50.304: [GC [PSYoungGen: 16381K->480K(17408K)] 20644K->4743K(53248K), 0.0004370 secs] [Times: user=0.00 sys=0.00, real=0.00 secs] 
50.304: Total time for which application threads were stopped: 0.0005700 seconds, Stopping threads took: 0.0000700 seconds
50.349: Application time: 0.0441740 seconds
50.349: [GC [PSYoungGen: 16863K->736K(17408K)] 21127K->5220K(53248K), 0.0004690 secs] [Times: user=0.01 sys=0.00, real=0.00 secs] 
50.349: Total time for which application threads were stopped: 0.0005730 seconds, Stopping threads took: 0.0000420 seconds
50.407: Application time: 0.0572630 seconds
50.407: [GC [PSYoungGen: 17116K->544K(17408K)] 21600K->5272K(53248K), 0.0004580 secs] [Times: user=0.00 sys=0.00, real=0.00 secs] 
50.407: Total time for which application threads were stopped: 0.0005980 seconds, Stopping threads took: 0.0000780 seconds
50.473: Application time: 0.0660670 seconds
50.473: [GC [PSYoungGen: 16924K->992K(17408K)] 21653K->5776K(53248K), 0.0004930 secs] [Times: user=0.00 sys=0.00, real=0.00 secs] 
50.474: Total time for which application threads were stopped: 0.0006030 seconds, Stopping threads took: 0.0000470 seconds
50.544: Application time: 0.0703750 seconds
50.544: [GC [PSYoungGen: 17373K->352K(17920K)] 22158K->5750K(53760K), 0.0004920 secs] [Times: user=0.00 sys=0.00, real=0.00 secs] 
50.545: Total time for which application threads were stopped: 0.0006100 seconds, Stopping threads took: 0.0000540 seconds
50.615: Application time: 0.0698160 seconds
50.615: [GC [PSYoungGen: 16735K->384K(16896K)] 22134K->6002K(52736K), 0.0004080 secs] [Times: user=0.00 sys=0.00, real=0.00 secs] 
50.615: Total time for which application threads were stopped: 0.0005350 seconds, Stopping threads took: 0.0000630 seconds
50.685: Application time: 0.0701080 seconds
50.685: [GC [PSYoungGen: 16767K->384K(17408K)] 22386K->6223K(53248K), 0.0004130 secs] [Times: user=0.00 sys=0.00, real=0.00 secs] 
50.686: Total time for which application threads were stopped: 0.0005300 seconds, Stopping threads took: 0.0000540 seconds
50.755: Application time: 0.0693170 seconds
50.755: [GC [PSYoungGen: 16767K->512K(17408K)] 22606K->6587K(53248K), 0.0004960 secs] [Times: user=0.00 sys=0.00, real=0.00 secs] 
50.756: Total time for which application threads were stopped: 0.0006240 seconds, Stopping threads took: 0.0000540 seconds
50.827: Application time: 0.0716820 seconds
50.827: [GC [PSYoungGen: 16894K->288K(17408K)] 22969K->6715K(53248K), 0.0004390 secs] [Times: user=0.00 sys=0.00, real=0.00 secs] 
50.828: Total time for which application threads were stopped: 0.0005520 seconds, Stopping threads took: 0.0000520 seconds
50.901: Application time: 0.0728430 seconds
50.901: [GC [PSYoungGen: 16671K->0K(17408K)] 23099K->6640K(53248K), 0.0003720 secs] [Times: user=0.01 sys=0.00, real=0.00 secs] 
50.901: Total time for which application threads were stopped: 0.0004900 seconds, Stopping threads took: 0.0000570 seconds
50.961: Application time: 0.0592620 seconds
50.961: [GC [PSYoungGen: 16380K->384K(17408K)] 23021K->7024K(53248K), 0.0004050 secs] [Times: user=0.00 sys=0.00, real=0.00 secs] 
50.961: Total time for which application threads were stopped: 0.0005150 seconds, Stopping threads took: 0.0000480 seconds
51.027: Application time: 0.0656060 seconds
51.027: [GC [PSYoungGen: 16765K->352K(17408K)] 23405K->7000K(53248K), 0.0003730 secs] [Times: user=0.01 sys=0.00, real=0.00 secs] 
51.027: Total time for which application threads were stopped: 0.0004860 seconds, Stopping threads took: 0.0000510 seconds
51.098: Application time: 0.0713150 seconds
51.099: [GC [PSYoungGen: 16731K->352K(17408K)] 23380K->7016K(53248K), 0.0004640 secs] [Times: user=0.00 sys=0.00, real=0.00 secs] 
51.099: Total time for which application threads were stopped: 0.0005810 seconds, Stopping threads took: 0.0000570 seconds
51.154: Application time: 0.0547180 seconds
51.154: [GC [PSYoungGen: 16734K->416K(17408K)] 23398K->7301K(53248K), 0.0004050 secs] [Times: user=0.00 sys=0.00, real=0.00 secs] 
51.154: Total time for which application threads were stopped: 0.0005220 seconds, Stopping threads took: 0.0000570 seconds
51.225: Application time: 0.0702220 seconds
51.225: [GC [PSYoungGen: 16797K->352K(17408K)] 23683K->7245K(53248K), 0.0003970 secs] [Times: user=0.00 sys=0.00, real=0.00 secs] 
51.225: Total time for which application threads were stopped: 0.0005010 seconds, Stopping threads took: 0.0000450 seconds
51.296: Application time: 0.0710020 seconds
51.296: [GC [PSYoungGen: 16733K->352K(17408K)] 23626K->7269K(53248K), 0.0003690 secs] [Times: user=0.00 sys=0.00, real=0.00 secs] 
51.297: Total time for which application threads were stopped: 0.0005000 seconds, Stopping threads took: 0.0000610 seconds
51.367: Application time: 0.0703280 seconds
51.367: [GC [PSYoungGen: 16731K->288K(17408K)] 23648K->7421K(53248K), 0.0005170 secs] [Times: user=0.00 sys=0.00, real=0.00 secs] 
51.369: Total time for which application threads were stopped: 0.0016930 seconds, Stopping threads took: 0.0000550 seconds
51.441: Application time: 0.0726180 seconds
51.441: [GC [PSYoungGen: 16669K->0K(17408K)] 23802K->7389K(53248K), 0.0004350 secs] [Times: user=0.00 sys=0.00, real=0.00 secs] 
51.442: Total time for which application threads were stopped: 0.0005680 seconds, Stopping threads took: 0.0000720 seconds
51.514: Application time: 0.0726550 seconds
51.515: [GC [PSYoungGen: 16383K->0K(17408K)] 23772K->7389K(53248K), 0.0003510 secs] [Times: user=0.00 sys=0.00, real=0.00 secs] 
51.515: Total time for which application threads were stopped: 0.0004780 seconds, Stopping threads took: 0.0000620 seconds
51.586: Application time: 0.0707390 seconds
51.586: [GC [PSYoungGen: 16379K->384K(17408K)] 23769K->7773K(53248K), 0.0004200 secs] [Times: user=0.00 sys=0.00, real=0.00 secs] 
51.586: Total time for which application threads were stopped: 0.0005300 seconds, Stopping threads took: 0.0000500 seconds
51.659: Application time: 0.0725230 seconds
51.660: [GC [PSYoungGen: 16765K->0K(17408K)] 24154K->7641K(53248K), 0.0004340 secs] [Times: user=0.00 sys=0.00, real=0.00 secs] 
51.660: Total time for which application threads were stopped: 0.0015440 seconds, Stopping threads took: 0.0010400 seconds
51.728: Application time: 0.0679300 seconds
51.728: [GC [PSYoungGen: 16381K->352K(17408K)] 24023K->7993K(53248K), 0.0003910 secs] [Times: user=0.01 sys=0.00, real=0.00 secs] 
51.729: Total time for which application threads were stopped: 0.0005350 seconds, Stopping threads took: 0.0000830 seconds
51.774: Application time: 0.0457690 seconds
51.775: [GC [PSYoungGen: 16732K->544K(17408K)] 24374K->8193K(53248K), 0.0004480 secs] [Times: user=0.00 sys=0.00, real=0.00 secs] 
51.775: Total time for which application threads were stopped: 0.0005720 seconds, Stopping threads took: 0.0000630 seconds
51.837: Application time: 0.0617830 seconds
51.837: [GC [PSYoungGen: 16923K->512K(17408K)] 24573K->8233K(53248K), 0.0004100 secs] [Times: user=0.01 sys=0.00, real=0.00 secs] 
51.837: Total time for which application threads were stopped: 0.0005460 seconds, Stopping threads took: 0.0000670 seconds
51.892: Application time: 0.0549240 seconds
51.892: [GC [PSYoungGen: 16892K->544K(17408K)] 24614K->8486K(53248K), 0.0004370 secs] [Times: user=0.01 sys=0.00, real=0.00 secs] 
51.893: Total time for which application threads were stopped: 0.0005640 seconds, Stopping threads took: 0.0000670 seconds
51.953: Application time: 0.0600590 seconds
51.953: [GC [PSYoungGen: 16927K->576K(17408K)] 24869K->8766K(53248K), 0.0004710 secs] [Times: user=0.00 sys=0.00, real=0.00 secs] 
51.954: Total time for which application threads were stopped: 0.0005940 seconds, Stopping threads took: 0.0000630 seconds
52.011: Application time: 0.0570890 seconds
52.011: [GC [PSYoungGen: 16957K->512K(17408K)] 25148K->8798K(53248K), 0.0004360 secs] [Times: user=0.00 sys=0.00, real=0.00 secs] 
52.011: Total time for which application threads were stopped: 0.0005470 seconds, Stopping threads took: 0.0000510 seconds
52.056: Application time: 0.0443800 seconds
52.056: [GC [PSYoungGen: 16894K->736K(17408K)] 25180K->9227K(53248K), 0.0004870 secs] [Times: user=0.00 sys=0.01, real=0.00 secs] 
52.056: Total time for which application threads were stopped: 0.0006070 seconds, Stopping threads took: 0.0000590 seconds
52.113: Application time: 0.0567520 seconds
52.113: [GC [PSYoungGen: 17116K->512K(17408K)] 25607K->9259K(53248K), 0.0005190 secs] [Times: user=0.00 sys=0.00, real=0.00 secs] 
52.114: Total time for which application threads were stopped: 0.0006390 seconds, Stopping threads took: 0.0000590 seconds
52.179: Application time: 0.0649640 seconds
52.179: [GC [PSYoungGen: 16892K->832K(17408K)] 25639K->9627K(53248K), 0.0005600 secs] [Times: user=0.00 sys=0.00, real=0.00 secs] 
52.179: Total time for which application threads were stopped: 0.0006830 seconds, Stopping threads took: 0.0000590 seconds
52.251: Application time: 0.0715800 seconds
52.251: [GC [PSYoungGen: 17211K->0K(17920K)] 26007K->9601K(53760K), 0.0005130 secs] [Times: user=0.00 sys=0.00, real=0.00 secs] 
52.251: Total time for which application threads were stopped: 0.0006320 seconds, Stopping threads took: 0.0000630 seconds
52.321: Application time: 0.0700330 seconds
52.322: [GC [PSYoungGen: 16381K->384K(16896K)] 25982K->9985K(52736K), 0.0004210 secs] [Times: user=0.01 sys=0.00, real=0.00 secs] 
52.322: Total time for which application threads were stopped: 0.0005620 seconds, Stopping threads took: 0.0000790 seconds
52.392: Application time: 0.0704240 seconds
52.393: [GC [PSYoungGen: 16767K->384K(17408K)] 26368K->10213K(53248K), 0.0004150 secs] [Times: user=0.00 sys=0.00, real=0.00 secs] 
52.393: Total time for which application threads were stopped: 0.0005370 seconds, Stopping threads took: 0.0000530 seconds
52.465: Application time: 0.0717600 seconds
52.465: [GC [PSYoungGen: 16765K->352K(17408K)] 26595K->10413K(53248K), 0.0004220 secs] [Times: user=0.00 sys=0.00, real=0.00 secs] 
52.465: Total time for which application threads were stopped: 0.0005240 seconds, Stopping threads took: 0.0000390 seconds
52.535: Application time: 0.0701680 seconds
52.536: [GC [PSYoungGen: 16733K->544K(17408K)] 26794K->10621K(53248K), 0.0004640 secs] [Times: user=0.00 sys=0.00, real=0.00 secs] 
52.536: Total time for which application threads were stopped: 0.0005950 seconds, Stopping threads took: 0.0000670 seconds
52.609: Application time: 0.0730150 seconds
52.609: [GC [PSYoungGen: 16925K->0K(17408K)] 27003K->10502K(53248K), 0.0004290 secs] [Times: user=0.01 sys=0.00, real=0.00 secs] 
52.610: Total time for which application threads were stopped: 0.0005440 seconds, Stopping threads took: 0.0000540 seconds
52.667: Application time: 0.0573240 seconds
52.667: [GC [PSYoungGen: 16379K->384K(17408K)] 26882K->10886K(53248K), 0.0003740 secs] [Times: user=0.01 sys=0.00, real=0.00 secs] 
52.667: Total time for which application threads were stopped: 0.0004890 seconds, Stopping threads took: 0.0000550 seconds
52.735: Application time: 0.0676580 seconds
52.735: [GC [PSYoungGen: 16765K->352K(17408K)] 27268K->10870K(53248K), 0.0003780 secs] [Times: user=0.00 sys=0.00, real=0.00 secs] 
52.736: Total time for which application threads were stopped: 0.0005040 seconds, Stopping threads took: 0.0000650 seconds
52.807: Application time: 0.0716460 seconds
52.807: [GC [PSYoungGen: 16731K->352K(17408K)] 27250K->10894K(53248K), 0.0004090 secs] [Times: user=0.00 sys=0.00, real=0.00 secs] 
52.808: Total time for which application threads were stopped: 0.0005330 seconds, Stopping threads took: 0.0000580 seconds
52.864: Application time: 0.0562650 seconds
52.864: [GC [PSYoungGen: 16734K->384K(17408K)] 27277K->11150K(53248K), 0.0004090 secs] [Times: user=0.00 sys=0.00, real=0.00 secs] 
52.865: Total time for which application threads were stopped: 0.0005170 seconds, Stopping threads took: 0.0000450 seconds
52.933: Application time: 0.0680000 seconds
52.933: [GC [PSYoungGen: 16765K->352K(17408K)] 27532K->11134K(53248K), 0.0004370 secs] [Times: user=0.00 sys=0.00, real=0.00 secs] 
52.933: Total time for which application threads were stopped: 0.0005770 seconds, Stopping threads took: 0.0000700 seconds
53.004: Application time: 0.0712970 seconds
53.005: [GC [PSYoungGen: 16731K->352K(17408K)] 27514K->11158K(53248K), 0.0004200 secs] [Times: user=0.00 sys=0.00, real=0.00 secs] 
53.005: Total time for which application threads were stopped: 0.0005250 seconds, Stopping threads took: 0.0000480 seconds
53.075: Application time: 0.0700200 seconds
53.075: [GC [PSYoungGen: 16731K->352K(17408K)] 27538K->11379K(53248K), 0.0004170 secs] [Times: user=0.00 sys=0.00, real=0.00 secs] 
53.075: Total time for which application threads were stopped: 0.0005230 seconds, Stopping threads took: 0.0000520 seconds
53.148: Application time: 0.0724320 seconds
53.148: [GC [PSYoungGen: 16733K->0K(17408K)] 27761K->11283K(53248K), 0.0004060 secs] [Times: user=0.01 sys=0.00, real=0.00 secs] 
53.148: Total time for which application threads were stopped: 0.0005280 seconds, Stopping threads took: 0.0000590 seconds
53.221: Application time: 0.0725510 seconds
53.221: [GC [PSYoungGen: 16381K->0K(17408K)] 27665K->11283K(53248K), 0.0003470 secs] [Times: user=0.00 sys=0.00, real=0.00 secs] 
53.221: Total time for which application threads were stopped: 0.0004600 seconds, Stopping threads took: 0.0000550 seconds
53.292: Application time: 0.0705660 seconds
53.292: [GC [PSYoungGen: 16382K->320K(17408K)] 27665K->11603K(53248K), 0.0004100 secs] [Times: user=0.00 sys=0.00, real=0.00 secs] 
53.293: Total time for which application threads were stopped: 0.0005470 seconds, Stopping threads took: 0.0000740 seconds
53.365: Application time: 0.0726970 seconds
53.368: [GC [PSYoungGen: 16701K->0K(17408K)] 27984K->11535K(53248K), 0.0003900 secs] [Times: user=0.00 sys=0.00, real=0.00 secs] 
53.368: Total time for which application threads were stopped: 0.0028840 seconds, Stopping threads took: 0.0024330 seconds
53.434: Application time: 0.0662910 seconds
53.435: [GC [PSYoungGen: 16380K->384K(17408K)] 27915K->11919K(53248K), 0.0004300 secs] [Times: user=0.00 sys=0.00, real=0.00 secs] 
53.435: Total time for which application threads were stopped: 0.0005460 seconds, Stopping threads took: 0.0000470 seconds
53.481: Application time: 0.0459940 seconds
53.481: [GC [PSYoungGen: 16768K->544K(17408K)] 28303K->12135K(53248K), 0.0004420 secs] [Times: user=0.00 sys=0.00, real=0.00 secs] 
53.482: Total time for which application threads were stopped: 0.0005520 seconds, Stopping threads took: 0.0000490 seconds
53.545: Application time: 0.0639060 seconds
53.546: [GC [PSYoungGen: 16925K->512K(17408K)] 28517K->12127K(53248K), 0.0004290 secs] [Times: user=0.00 sys=0.00, real=0.00 secs] 
53.546: Total time for which application threads were stopped: 0.0005430 seconds, Stopping threads took: 0.0000530 seconds
53.597: Application time: 0.0513350 seconds
53.597: [GC [PSYoungGen: 16892K->672K(17408K)] 28508K->12508K(53248K), 0.0004790 secs] [Times: user=0.00 sys=0.00, real=0.00 secs] 
53.598: Total time for which application threads were stopped: 0.0006060 seconds, Stopping threads took: 0.0000650 seconds
53.663: Application time: 0.0650500 seconds
53.663: [GC [PSYoungGen: 17051K->544K(17408K)] 28888K->12660K(53248K), 0.0004590 secs] [Times: user=0.01 sys=0.00, real=0.00 secs] 
53.664: Total time for which application threads were stopped: 0.0005920 seconds, Stopping threads took: 0.0000700 seconds
53.720: Application time: 0.0568040 seconds
53.721: [GC [PSYoungGen: 16924K->352K(17408K)] 29040K->12728K(53248K), 0.0004480 secs] [Times: user=0.00 sys=0.00, real=0.00 secs] 
53.721: Total time for which application threads were stopped: 0.0005670 seconds, Stopping threads took: 0.0000560 seconds
53.781: Application time: 0.0603520 seconds
53.781: [GC [PSYoungGen: 16732K->768K(17408K)] 29109K->13152K(53248K), 0.0004560 secs] [Times: user=0.00 sys=0.00, real=0.00 secs] 
53.782: Total time for which application threads were stopped: 0.0005670 seconds, Stopping threads took: 0.0000500 seconds
53.824: Application time: 0.0417160 seconds
53.824: [GC [PSYoungGen: 17150K->512K(17408K)] 29535K->13149K(53248K), 0.0005140 secs] [Times: user=0.00 sys=0.00, real=0.00 secs] 
53.824: Total time for which application threads were stopped: 0.0006390 seconds, Stopping threads took: 0.0000660 seconds
53.889: Application time: 0.0651020 seconds
53.892: [GC [PSYoungGen: 16894K->896K(17408K)] 29532K->13581K(53248K), 0.0005840 secs] [Times: user=0.00 sys=0.00, real=0.00 secs] 
53.892: Total time for which application threads were stopped: 0.0029970 seconds, Stopping threads took: 0.0023530 seconds
53.963: Application time: 0.0703570 seconds
53.963: [GC [PSYoungGen: 17279K->320K(16896K)] 29965K->13614K(52736K), 0.0005260 secs] [Times: user=0.00 sys=0.00, real=0.00 secs] 
53.963: Total time for which application threads were stopped: 0.0006520 seconds, Stopping threads took: 0.0000540 seconds
54.034: Application time: 0.0704210 seconds
54.034: [GC [PSYoungGen: 16701K->384K(17408K)] 29996K->13899K(53248K), 0.0004620 secs] [Times: user=0.00 sys=0.00, real=0.00 secs] 
54.034: Total time for which application threads were stopped: 0.0005730 seconds, Stopping threads took: 0.0000500 seconds
54.105: Application time: 0.0703740 seconds
54.105: [GC [PSYoungGen: 16767K->352K(17408K)] 30283K->14095K(53248K), 0.0004160 secs] [Times: user=0.00 sys=0.00, real=0.00 secs] 
54.105: Total time for which application threads were stopped: 0.0005280 seconds, Stopping threads took: 0.0000490 seconds
54.178: Application time: 0.0722970 seconds
54.178: [GC [PSYoungGen: 16733K->0K(17408K)] 30477K->13967K(53248K), 0.0003770 secs] [Times: user=0.00 sys=0.00, real=0.00 secs] 
54.178: Total time for which application threads were stopped: 0.0004970 seconds, Stopping threads took: 0.0000570 seconds
54.247: Application time: 0.0687540 seconds
54.247: [GC [PSYoungGen: 16381K->544K(17408K)] 30348K->14511K(53248K), 0.0004560 secs] [Times: user=0.00 sys=0.00, real=0.00 secs] 
54.247: Total time for which application threads were stopped: 0.0005660 seconds, Stopping threads took: 0.0000480 seconds
54.320: Application time: 0.0726190 seconds
54.324: [GC [PSYoungGen: 16927K->0K(17408K)] 30895K->14388K(53248K), 0.0004070 secs] [Times: user=0.00 sys=0.00, real=0.00 secs] 
54.324: Total time for which application threads were stopped: 0.0041660 seconds, Stopping threads took: 0.0036910 seconds
54.381: Application time: 0.0568360 seconds
54.381: [GC [PSYoungGen: 16382K->384K(17408K)] 30770K->14772K(53248K), 0.0003990 secs] [Times: user=0.00 sys=0.00, real=0.00 secs] 
54.382: Total time for which application threads were stopped: 0.0005090 seconds, Stopping threads took: 0.0000510 seconds
54.450: Application time: 0.0685810 seconds
54.450: [GC [PSYoungGen: 16765K->352K(17408K)] 31154K->14756K(53248K), 0.0004090 secs] [Times: user=0.00 sys=0.00, real=0.00 secs] 
54.451: Total time for which application threads were stopped: 0.0005160 seconds, Stopping threads took: 0.0000480 seconds
54.522: Application time: 0.0715270 seconds
54.524: [GC [PSYoungGen: 16731K->384K(17408K)] 31135K->14812K(53248K), 0.0004200 secs] [Times: user=0.00 sys=0.00, real=0.00 secs] 
54.524: Total time for which application threads were stopped: 0.0020580 seconds, Stopping threads took: 0.0015650 seconds
54.580: Application time: 0.0559500 seconds
54.580: [GC [PSYoungGen: 16764K->384K(17408K)] 31192K->15024K(53248K), 0.0004220 secs] [Times: user=0.00 sys=0.00, real=0.00 secs] 
54.581: Total time for which application threads were stopped: 0.0005550 seconds, Stopping threads took: 0.0000730 seconds
54.649: Application time: 0.0685740 seconds
54.649: [GC [PSYoungGen: 16765K->352K(17408K)] 31406K->15000K(53248K), 0.0004190 secs] [Times: user=0.01 sys=0.00, real=0.00 secs] 
54.650: Total time for which application threads were stopped: 0.0005420 seconds, Stopping threads took: 0.0000580 seconds
54.722: Application time: 0.0717060 seconds
54.722: [GC [PSYoungGen: 16735K->352K(17408K)] 31384K->15024K(53248K), 0.0005020 secs] [Times: user=0.00 sys=0.00, real=0.00 secs] 
54.722: Total time for which application threads were stopped: 0.0006130 seconds, Stopping threads took: 0.0000510 seconds
54.792: Application time: 0.0700860 seconds
54.792: [GC [PSYoungGen: 16731K->384K(17408K)] 31404K->15285K(53248K), 0.0004190 secs] [Times: user=0.00 sys=0.00, real=0.00 secs] 
54.793: Total time for which application threads were stopped: 0.0005300 seconds, Stopping threads took: 0.0000470 seconds
54.865: Application time: 0.0726340 seconds
54.866: [GC [PSYoungGen: 16763K->0K(17408K)] 31665K->15149K(53248K), 0.0004010 secs] [Times: user=0.00 sys=0.00, real=0.00 secs] 
54.866: Total time for which application threads were stopped: 0.0005180 seconds, Stopping threads took: 0.0000570 seconds
54.938: Application time: 0.0724820 seconds
54.939: [GC [PSYoungGen: 16381K->0K(17408K)] 31531K->15149K(53248K), 0.0003360 secs] [Times: user=0.00 sys=0.00, real=0.00 secs] 
54.939: Total time for which application threads were stopped: 0.0004670 seconds, Stopping threads took: 0.0000690 seconds
55.010: Application time: 0.0709120 seconds
55.010: [GC [PSYoungGen: 16379K->384K(17408K)] 31529K->15533K(53248K), 0.0003940 secs] [Times: user=0.00 sys=0.00, real=0.00 secs] 
55.010: Total time for which application threads were stopped: 0.0005000 seconds, Stopping threads took: 0.0000490 seconds
55.083: Application time: 0.0728000 seconds
55.083: [GC [PSYoungGen: 16767K->0K(17408K)] 31917K->15405K(53248K), 0.0004170 secs] [Times: user=0.00 sys=0.00, real=0.00 secs] 
55.084: Total time for which application threads were stopped: 0.0005490 seconds, Stopping threads took: 0.0000580 seconds
55.149: Application time: 0.0654660 seconds
55.149: [GC [PSYoungGen: 16382K->416K(17408K)] 31788K->15821K(53248K), 0.0004230 secs] [Times: user=0.00 sys=0.00, real=0.00 secs] 
55.150: Total time for which application threads were stopped: 0.0005380 seconds, Stopping threads took: 0.0000570 seconds
55.205: Application time: 0.0551300 seconds
55.205: [GC [PSYoungGen: 16797K->512K(17408K)] 32203K->15965K(53248K), 0.0004480 secs] [Times: user=0.00 sys=0.00, real=0.00 secs] 
55.205: Total time for which application threads were stopped: 0.0005590 seconds, Stopping threads took: 0.0000540 seconds
55.259: Application time: 0.0540740 seconds
55.260: [GC [PSYoungGen: 16895K->672K(17408K)] 32348K->16133K(53248K), 0.0004890 secs] [Times: user=0.00 sys=0.00, real=0.01 secs] 
55.260: Total time for which application threads were stopped: 0.0006140 seconds, Stopping threads took: 0.0000550 seconds
55.312: Application time: 0.0522250 seconds
55.312: [GC [PSYoungGen: 17052K->576K(17408K)] 32513K->16250K(53248K), 0.0004680 secs] [Times: user=0.00 sys=0.00, real=0.00 secs] 
55.313: Total time for which application threads were stopped: 0.0005710 seconds, Stopping threads took: 0.0000390 seconds
55.373: Application time: 0.0596740 seconds
55.373: [GC [PSYoungGen: 16957K->544K(17408K)] 32631K->16498K(53248K), 0.0004870 secs] [Times: user=0.01 sys=0.00, real=0.00 secs] 
55.373: Total time for which application threads were stopped: 0.0005910 seconds, Stopping threads took: 0.0000430 seconds
55.436: Application time: 0.0625060 seconds
55.436: [GC [PSYoungGen: 16925K->320K(17408K)] 32879K->16538K(53248K), 0.0004160 secs] [Times: user=0.00 sys=0.00, real=0.00 secs] 
55.436: Total time for which application threads were stopped: 0.0005300 seconds, Stopping threads took: 0.0000520 seconds
55.506: Application time: 0.0701500 seconds
55.506: [GC [PSYoungGen: 16703K->352K(17408K)] 32921K->16586K(53248K), 0.0004240 secs] [Times: user=0.00 sys=0.00, real=0.00 secs] 
55.507: Total time for which application threads were stopped: 0.0005340 seconds, Stopping threads took: 0.0000490 seconds
55.548: Application time: 0.0408640 seconds
55.548: [GC [PSYoungGen: 16734K->576K(17408K)] 32969K->17030K(53248K), 0.0004600 secs] [Times: user=0.00 sys=0.00, real=0.00 secs] 
55.548: Total time for which application threads were stopped: 0.0005900 seconds, Stopping threads took: 0.0000670 seconds
55.607: Application time: 0.0589260 seconds
55.607: [GC [PSYoungGen: 16956K->768K(17408K)] 33410K->17278K(53248K), 0.0004860 secs] [Times: user=0.00 sys=0.00, real=0.00 secs] 
55.608: Total time for which application threads were stopped: 0.0006260 seconds, Stopping threads took: 0.0000640 seconds
55.675: Application time: 0.0670650 seconds
55.675: [GC [PSYoungGen: 17150K->704K(17408K)] 33661K->17478K(53248K), 0.0005440 secs] [Times: user=0.00 sys=0.00, real=0.00 secs] 
55.676: Total time for which application threads were stopped: 0.0006680 seconds, Stopping threads took: 0.0000650 seconds
55.746: Application time: 0.0700080 seconds
55.746: [GC [PSYoungGen: 17085K->352K(17408K)] 33860K->17724K(53248K), 0.0004870 secs] [Times: user=0.00 sys=0.00, real=0.00 secs] 
55.746: Total time for which application threads were stopped: 0.0005930 seconds, Stopping threads took: 0.0000470 seconds
55.817: Application time: 0.0704830 seconds
55.817: [GC [PSYoungGen: 16735K->320K(17408K)] 34108K->17905K(53248K), 0.0004390 secs] [Times: user=0.00 sys=0.00, real=0.00 secs] 
55.817: Total time for which application threads were stopped: 0.0005580 seconds, Stopping threads took: 0.0000560 seconds
55.890: Application time: 0.0723320 seconds
55.890: [GC [PSYoungGen: 16699K->0K(17408K)] 34284K->17817K(53248K), 0.0004580 secs] [Times: user=0.00 sys=0.00, real=0.00 secs] 
55.890: Total time for which application threads were stopped: 0.0005810 seconds, Stopping threads took: 0.0000610 seconds
55.959: Application time: 0.0689110 seconds
55.959: [GC [PSYoungGen: 16381K->544K(17408K)] 34198K->18361K(53248K), 0.0004790 secs] [Times: user=0.00 sys=0.00, real=0.00 secs] 
55.960: Total time for which application threads were stopped: 0.0006040 seconds, Stopping threads took: 0.0000600 seconds
56.032: Application time: 0.0727490 seconds
56.033: [GC [PSYoungGen: 16925K->0K(17408K)] 34742K->18234K(53248K), 0.0004240 secs] [Times: user=0.01 sys=0.00, real=0.00 secs] 
56.033: Total time for which application threads were stopped: 0.0005520 seconds, Stopping threads took: 0.0000700 seconds
56.091: Application time: 0.0576450 seconds
56.091: [GC [PSYoungGen: 16379K->320K(17408K)] 34613K->18554K(53248K), 0.0004110 secs] [Times: user=0.00 sys=0.00, real=0.00 secs] 
56.091: Total time for which application threads were stopped: 0.0005320 seconds, Stopping threads took: 0.0000600 seconds
56.159: Application time: 0.0678090 seconds
56.159: [GC [PSYoungGen: 16703K->352K(17408K)] 34938K->18594K(53248K), 0.0004180 secs] [Times: user=0.00 sys=0.00, real=0.00 secs] 
56.160: Total time for which application threads were stopped: 0.0005520 seconds, Stopping threads took: 0.0000610 seconds
56.231: Application time: 0.0715140 seconds
56.231: [GC [PSYoungGen: 16731K->352K(17408K)] 34973K->18618K(53248K), 0.0003840 secs] [Times: user=0.01 sys=0.00, real=0.00 secs] 
56.232: Total time for which application threads were stopped: 0.0004990 seconds, Stopping threads took: 0.0000560 seconds
56.285: Application time: 0.0530720 seconds
56.285: [GC [PSYoungGen: 16732K->384K(17408K)] 34998K->18874K(53248K), 0.0004360 secs] [Times: user=0.00 sys=0.00, real=0.00 secs] 
56.285: Total time for which application threads were stopped: 0.0005520 seconds, Stopping threads took: 0.0000550 seconds
56.356: Application time: 0.0709700 seconds
56.356: [GC [PSYoungGen: 16763K->288K(17408K)] 35253K->18794K(53248K), 0.0004350 secs] [Times: user=0.01 sys=0.00, real=0.00 secs] 
56.357: Total time for which application threads were stopped: 0.0005540 seconds, Stopping threads took: 0.0000580 seconds
56.429: Application time: 0.0725660 seconds
56.430: [GC [PSYoungGen: 16669K->0K(17408K)] 35175K->18726K(53248K), 0.0004490 secs] [Times: user=0.00 sys=0.00, real=0.00 secs] 
56.431: Total time for which application threads were stopped: 0.0020840 seconds, Stopping threads took: 0.0004600 seconds
56.502: Application time: 0.0703500 seconds
56.502: [GC [PSYoungGen: 16379K->384K(17408K)] 35106K->19110K(53248K), 0.0004540 secs] [Times: user=0.00 sys=0.00, real=0.00 secs] 
56.502: Total time for which application threads were stopped: 0.0005720 seconds, Stopping threads took: 0.0000580 seconds
56.575: Application time: 0.0731740 seconds
56.576: [GC [PSYoungGen: 16767K->0K(17408K)] 35494K->18971K(53248K), 0.0004340 secs] [Times: user=0.01 sys=0.00, real=0.00 secs] 
56.576: Total time for which application threads were stopped: 0.0005340 seconds, Stopping threads took: 0.0000380 seconds
56.649: Application time: 0.0726060 seconds
56.649: [GC [PSYoungGen: 16381K->0K(17408K)] 35352K->18971K(53248K), 0.0003590 secs] [Times: user=0.00 sys=0.00, real=0.00 secs] 
56.649: Total time for which application threads were stopped: 0.0004690 seconds, Stopping threads took: 0.0000500 seconds
56.720: Application time: 0.0707750 seconds
56.720: [GC [PSYoungGen: 16382K->512K(17408K)] 35353K->19483K(53248K), 0.0004290 secs] [Times: user=0.01 sys=0.00, real=0.00 secs] 
56.720: Total time for which application threads were stopped: 0.0005600 seconds, Stopping threads took: 0.0000620 seconds
56.793: Application time: 0.0729730 seconds
56.793: [GC [PSYoungGen: 16893K->0K(17408K)] 35864K->19207K(53248K), 0.0004610 secs] [Times: user=0.00 sys=0.00, real=0.00 secs] 
56.794: Total time for which application threads were stopped: 0.0005810 seconds, Stopping threads took: 0.0000600 seconds
56.858: Application time: 0.0637770 seconds
56.858: [GC [PSYoungGen: 16380K->352K(17408K)] 35588K->19559K(53248K), 0.0005170 secs] [Times: user=0.00 sys=0.00, real=0.00 secs] 
56.858: Total time for which application threads were stopped: 0.0006220 seconds, Stopping threads took: 0.0000480 seconds
56.912: Application time: 0.0535450 seconds
56.912: [GC [PSYoungGen: 16731K->544K(17408K)] 35939K->19800K(53248K), 0.0004250 secs] [Times: user=0.00 sys=0.00, real=0.00 secs] 
56.912: Total time for which application threads were stopped: 0.0005430 seconds, Stopping threads took: 0.0000580 seconds
56.968: Application time: 0.0555260 seconds
56.968: [GC [PSYoungGen: 16927K->704K(17408K)] 36183K->19984K(53248K), 0.0004530 secs] [Times: user=0.00 sys=0.00, real=0.00 secs] 
56.969: Total time for which application threads were stopped: 0.0005700 seconds, Stopping threads took: 0.0000550 seconds
57.023: Application time: 0.0540480 seconds
57.023: [GC [PSYoungGen: 17084K->576K(17408K)] 36364K->20068K(53248K), 0.0004780 secs] [Times: user=0.00 sys=0.00, real=0.00 secs] 
57.023: Total time for which application threads were stopped: 0.0005860 seconds, Stopping threads took: 0.0000480 seconds
57.081: Application time: 0.0581430 seconds
57.081: [GC [PSYoungGen: 16958K->576K(17408K)] 36451K->20340K(53248K), 0.0005480 secs] [Times: user=0.00 sys=0.00, real=0.00 secs] 
57.082: Total time for which application threads were stopped: 0.0006500 seconds, Stopping threads took: 0.0000400 seconds
57.146: Application time: 0.0639340 seconds
57.146: [GC [PSYoungGen: 16957K->352K(17408K)] 36722K->20377K(53248K), 0.0004260 secs] [Times: user=0.00 sys=0.00, real=0.00 secs] 
57.146: Total time for which application threads were stopped: 0.0005450 seconds, Stopping threads took: 0.0000580 seconds
57.217: Application time: 0.0705350 seconds
57.217: [GC [PSYoungGen: 16735K->288K(17408K)] 36760K->20329K(53248K), 0.0004250 secs] [Times: user=0.00 sys=0.00, real=0.00 secs] 
57.218: Total time for which application threads were stopped: 0.0005520 seconds, Stopping threads took: 0.0000630 seconds
57.276: Application time: 0.0580120 seconds
57.276: [GC [PSYoungGen: 16668K->672K(17408K)] 36710K->20929K(53248K), 0.0005470 secs] [Times: user=0.00 sys=0.00, real=0.00 secs] 
57.276: Total time for which application threads were stopped: 0.0006570 seconds, Stopping threads took: 0.0000410 seconds
57.323: Application time: 0.0469570 seconds
57.323: [GC [PSYoungGen: 17052K->544K(17408K)] 37309K->21053K(53248K), 0.0004780 secs] [Times: user=0.00 sys=0.00, real=0.00 secs] 
57.324: Total time for which application threads were stopped: 0.0005890 seconds, Stopping threads took: 0.0000460 seconds
57.388: Application time: 0.0645780 seconds
57.388: [GC [PSYoungGen: 16927K->928K(16896K)] 37436K->21445K(52736K), 0.0006860 secs] [Times: user=0.00 sys=0.00, real=0.00 secs] 
57.389: Total time for which application threads were stopped: 0.0007930 seconds, Stopping threads took: 0.0000450 seconds
57.457: Application time: 0.0682670 seconds
57.458: [GC [PSYoungGen: 16798K->448K(16384K)] 37316K->21398K(52224K), 0.0005470 secs] [Times: user=0.00 sys=0.00, real=0.00 secs] 
57.458: Total time for which application threads were stopped: 0.0006680 seconds, Stopping threads took: 0.0000600 seconds
57.526: Application time: 0.0677130 seconds
57.526: [GC [PSYoungGen: 16319K->416K(16896K)] 37270K->21779K(52736K), 0.0004680 secs] [Times: user=0.00 sys=0.00, real=0.00 secs] 
57.526: Total time for which application threads were stopped: 0.0005770 seconds, Stopping threads took: 0.0000480 seconds
57.597: Application time: 0.0703700 seconds
57.597: [GC [PSYoungGen: 16283K->0K(16896K)] 37647K->21579K(52736K), 0.0004070 secs] [Times: user=0.00 sys=0.00, real=0.00 secs] 
57.597: Total time for which application threads were stopped: 0.0005260 seconds, Stopping threads took: 0.0000560 seconds
57.668: Application time: 0.0702750 seconds
57.668: [GC [PSYoungGen: 15869K->0K(16896K)] 37449K->21579K(52736K), 0.0004150 secs] [Times: user=0.00 sys=0.00, real=0.00 secs] 
57.668: Total time for which application threads were stopped: 0.0005350 seconds, Stopping threads took: 0.0000600 seconds
57.736: Application time: 0.0681890 seconds
57.736: [GC [PSYoungGen: 15871K->544K(16896K)] 37451K->22123K(52736K), 0.0004290 secs] [Times: user=0.00 sys=0.00, real=0.00 secs] 
57.737: Total time for which application threads were stopped: 0.0005460 seconds, Stopping threads took: 0.0000570 seconds
57.787: Application time: 0.0496940 seconds
57.787: [GC [PSYoungGen: 16411K->544K(16896K)] 37991K->22336K(52736K), 0.0004490 secs] [Times: user=0.00 sys=0.00, real=0.00 secs] 
57.787: Total time for which application threads were stopped: 0.0006060 seconds, Stopping threads took: 0.0000860 seconds
57.856: Application time: 0.0686480 seconds
57.856: [GC [PSYoungGen: 16415K->256K(16896K)] 38207K->22252K(52736K), 0.0004830 secs] [Times: user=0.00 sys=0.00, real=0.00 secs] 
57.856: Total time for which application threads were stopped: 0.0005940 seconds, Stopping threads took: 0.0000480 seconds
57.926: Application time: 0.0698110 seconds
57.926: [GC [PSYoungGen: 16125K->0K(16896K)] 38122K->22220K(52736K), 0.0004550 secs] [Times: user=0.00 sys=0.00, real=0.00 secs] 
57.927: Total time for which application threads were stopped: 0.0005820 seconds, Stopping threads took: 0.0000570 seconds
57.981: Application time: 0.0543370 seconds
57.981: [GC [PSYoungGen: 15870K->384K(16896K)] 38091K->22604K(52736K), 0.0004080 secs] [Times: user=0.00 sys=0.00, real=0.00 secs] 
57.982: Total time for which application threads were stopped: 0.0005280 seconds, Stopping threads took: 0.0000600 seconds
58.047: Application time: 0.0656830 seconds
58.047: [GC [PSYoungGen: 16253K->352K(16896K)] 38474K->22580K(52736K), 0.0004050 secs] [Times: user=0.00 sys=0.00, real=0.00 secs] 
58.048: Total time for which application threads were stopped: 0.0005260 seconds, Stopping threads took: 0.0000600 seconds
58.116: Application time: 0.0685370 seconds
58.116: [GC [PSYoungGen: 16221K->352K(16896K)] 38450K->22596K(52736K), 0.0003870 secs] [Times: user=0.00 sys=0.00, real=0.00 secs] 
58.117: Total time for which application threads were stopped: 0.0004940 seconds, Stopping threads took: 0.0000480 seconds
58.184: Application time: 0.0674170 seconds
58.184: [GC [PSYoungGen: 16219K->384K(16896K)] 38464K->22865K(52736K), 0.0004290 secs] [Times: user=0.00 sys=0.00, real=0.00 secs] 
58.185: Total time for which application threads were stopped: 0.0005400 seconds, Stopping threads took: 0.0000500 seconds
58.255: Application time: 0.0699510 seconds
58.255: [GC [PSYoungGen: 16253K->0K(16896K)] 38735K->22737K(52736K), 0.0004240 secs] [Times: user=0.00 sys=0.00, real=0.00 secs] 
58.255: Total time for which application threads were stopped: 0.0005320 seconds, Stopping threads took: 0.0000450 seconds
58.325: Application time: 0.0700490 seconds
58.326: [GC [PSYoungGen: 15869K->0K(16896K)] 38607K->22737K(52736K), 0.0003650 secs] [Times: user=0.00 sys=0.00, real=0.00 secs] 
58.326: Total time for which application threads were stopped: 0.0004910 seconds, Stopping threads took: 0.0000570 seconds
58.394: Application time: 0.0681580 seconds
58.394: [GC [PSYoungGen: 15867K->384K(16896K)] 38605K->23121K(52736K), 0.0003890 secs] [Times: user=0.00 sys=0.00, real=0.00 secs] 
58.395: Total time for which application threads were stopped: 0.0004910 seconds, Stopping threads took: 0.0000430 seconds
58.466: Application time: 0.0711020 seconds
58.466: [GC [PSYoungGen: 16251K->0K(16896K)] 38989K->22990K(52736K), 0.0003930 secs] [Times: user=0.00 sys=0.00, real=0.00 secs] 
58.466: Total time for which application threads were stopped: 0.0005080 seconds, Stopping threads took: 0.0000570 seconds
58.536: Application time: 0.0702110 seconds
58.536: [GC [PSYoungGen: 15867K->0K(16896K)] 38858K->22990K(52736K), 0.0004050 secs] [Times: user=0.00 sys=0.00, real=0.00 secs] 
58.537: Total time for which application threads were stopped: 0.0005250 seconds, Stopping threads took: 0.0000560 seconds
58.588: Application time: 0.0512350 seconds
58.588: [GC [PSYoungGen: 15870K->256K(16896K)] 38860K->23246K(52736K), 0.0004280 secs] [Times: user=0.00 sys=0.00, real=0.00 secs] 
58.589: Total time for which application threads were stopped: 0.0005430 seconds, Stopping threads took: 0.0000530 seconds
58.640: Application time: 0.0514080 seconds
58.640: [GC [PSYoungGen: 16127K->544K(16896K)] 39117K->23606K(52736K), 0.0004380 secs] [Times: user=0.00 sys=0.00, real=0.00 secs] 
58.641: Total time for which application threads were stopped: 0.0005600 seconds, Stopping threads took: 0.0000620 seconds
58.697: Application time: 0.0566290 seconds
58.697: [GC [PSYoungGen: 16412K->704K(16896K)] 39474K->23774K(52736K), 0.0004640 secs] [Times: user=0.01 sys=0.00, real=0.00 secs] 
58.698: Total time for which application threads were stopped: 0.0005840 seconds, Stopping threads took: 0.0000580 seconds
58.755: Application time: 0.0571720 seconds
58.755: [GC [PSYoungGen: 16574K->576K(16896K)] 39644K->23867K(52736K), 0.0004840 secs] [Times: user=0.01 sys=0.00, real=0.00 secs] 
58.756: Total time for which application threads were stopped: 0.0005960 seconds, Stopping threads took: 0.0000520 seconds
58.804: Application time: 0.0483410 seconds
58.804: [GC [PSYoungGen: 16444K->608K(16896K)] 39735K->24175K(52736K), 0.0004900 secs] [Times: user=0.00 sys=0.00, real=0.00 secs] 
58.805: Total time for which application threads were stopped: 0.0006100 seconds, Stopping threads took: 0.0000620 seconds
58.873: Application time: 0.0679170 seconds
58.873: [GC [PSYoungGen: 16479K->288K(16896K)] 40046K->24108K(52736K), 0.0005060 secs] [Times: user=0.00 sys=0.00, real=0.00 secs] 
58.873: Total time for which application threads were stopped: 0.0006380 seconds, Stopping threads took: 0.0000620 seconds
58.942: Application time: 0.0690030 seconds
58.942: [GC [PSYoungGen: 16155K->0K(16896K)] 39976K->24044K(52736K), 0.0004250 secs] [Times: user=0.00 sys=0.00, real=0.00 secs] 
58.943: Total time for which application threads were stopped: 0.0005370 seconds, Stopping threads took: 0.0000490 seconds
58.998: Application time: 0.0556990 seconds
58.999: [GC [PSYoungGen: 15867K->544K(16896K)] 39912K->24588K(52736K), 0.0004330 secs] [Times: user=0.00 sys=0.00, real=0.00 secs] 
58.999: Total time for which application threads were stopped: 0.0005580 seconds, Stopping threads took: 0.0000640 seconds
59.047: Application time: 0.0477130 seconds
59.047: [GC [PSYoungGen: 16412K->736K(16384K)] 40456K->25152K(52224K), 0.0005430 secs] [Times: user=0.01 sys=0.00, real=0.00 secs] 
59.047: Total time for which application threads were stopped: 0.0006710 seconds, Stopping threads took: 0.0000660 seconds
59.103: Application time: 0.0559430 seconds
59.103: [GC [PSYoungGen: 16092K->672K(16896K)] 40509K->25293K(52736K), 0.0005830 secs] [Times: user=0.01 sys=0.00, real=0.00 secs] 
59.104: Total time for which application threads were stopped: 0.0006930 seconds, Stopping threads took: 0.0000490 seconds
59.169: Application time: 0.0654560 seconds
59.170: [GC [PSYoungGen: 16031K->480K(16896K)] 40652K->25345K(52736K), 0.0004650 secs] [Times: user=0.00 sys=0.00, real=0.00 secs] 
59.170: Total time for which application threads were stopped: 0.0005820 seconds, Stopping threads took: 0.0000600 seconds
59.236: Application time: 0.0655670 seconds
59.236: [GC [PSYoungGen: 15836K->384K(15872K)] 40702K->25667K(51712K), 0.0005100 secs] [Times: user=0.00 sys=0.00, real=0.00 secs] 
59.236: Total time for which application threads were stopped: 0.0006420 seconds, Stopping threads took: 0.0000660 seconds
59.305: Application time: 0.0685680 seconds
59.305: [GC [PSYoungGen: 15741K->0K(16384K)] 41024K->25495K(52224K), 0.0004480 secs] [Times: user=0.00 sys=0.00, real=0.00 secs] 
59.305: Total time for which application threads were stopped: 0.0005730 seconds, Stopping threads took: 0.0000640 seconds
59.373: Application time: 0.0676860 seconds
59.373: [GC [PSYoungGen: 15357K->0K(16384K)] 40853K->25495K(52224K), 0.0003810 secs] [Times: user=0.00 sys=0.00, real=0.00 secs] 
59.374: Total time for which application threads were stopped: 0.0005130 seconds, Stopping threads took: 0.0000610 seconds
59.440: Application time: 0.0661030 seconds
59.440: [GC [PSYoungGen: 15356K->416K(16384K)] 40852K->25911K(52224K), 0.0003890 secs] [Times: user=0.00 sys=0.00, real=0.00 secs] 
59.440: Total time for which application threads were stopped: 0.0005020 seconds, Stopping threads took: 0.0000520 seconds
59.489: Application time: 0.0486080 seconds
59.489: [GC [PSYoungGen: 15774K->544K(16384K)] 41269K->26268K(52224K), 0.0004440 secs] [Times: user=0.00 sys=0.00, real=0.00 secs] 
59.489: Total time for which application threads were stopped: 0.0005820 seconds, Stopping threads took: 0.0000750 seconds
59.555: Application time: 0.0653310 seconds
59.555: [GC [PSYoungGen: 15903K->256K(16384K)] 41627K->26192K(52224K), 0.0004780 secs] [Times: user=0.00 sys=0.00, real=0.00 secs] 
59.555: Total time for which application threads were stopped: 0.0005890 seconds, Stopping threads took: 0.0000470 seconds
59.622: Application time: 0.0667670 seconds
59.622: [GC [PSYoungGen: 15612K->288K(16384K)] 41549K->26248K(52224K), 0.0004030 secs] [Times: user=0.00 sys=0.00, real=0.00 secs] 
59.623: Total time for which application threads were stopped: 0.0005390 seconds, Stopping threads took: 0.0000750 seconds
59.680: Application time: 0.0574580 seconds
59.680: [GC [PSYoungGen: 15646K->352K(16384K)] 41607K->26648K(52224K), 0.0004690 secs] [Times: user=0.00 sys=0.00, real=0.00 secs] 
59.681: Total time for which application threads were stopped: 0.0005920 seconds, Stopping threads took: 0.0000630 seconds
59.738: Application time: 0.0577920 seconds
59.739: [GC [PSYoungGen: 15709K->352K(16384K)] 42006K->26656K(52224K), 0.0003860 secs] [Times: user=0.00 sys=0.00, real=0.00 secs] 
59.739: Total time for which application threads were stopped: 0.0004910 seconds, Stopping threads took: 0.0000450 seconds
59.805: Application time: 0.0661890 seconds
59.805: [GC [PSYoungGen: 15708K->352K(16384K)] 42013K->26688K(52224K), 0.0004190 secs] [Times: user=0.00 sys=0.00, real=0.00 secs] 
59.806: Total time for which application threads were stopped: 0.0005310 seconds, Stopping threads took: 0.0000510 seconds
59.872: Application time: 0.0664780 seconds
59.872: [GC [PSYoungGen: 15711K->480K(16384K)] 42048K->27160K(52224K), 0.0004780 secs] [Times: user=0.00 sys=0.00, real=0.00 secs] 
59.873: Total time for which application threads were stopped: 0.0006330 seconds, Stopping threads took: 0.0000940 seconds
59.939: Application time: 0.0664010 seconds
59.939: [GC [PSYoungGen: 15838K->352K(16384K)] 42518K->27056K(52224K), 0.0004250 secs] [Times: user=0.01 sys=0.00, real=0.01 secs] 
59.940: Total time for which application threads were stopped: 0.0005620 seconds, Stopping threads took: 0.0000660 seconds
60.008: Application time: 0.0679240 seconds
60.008: [GC [PSYoungGen: 15709K->0K(16384K)] 42414K->26952K(52224K), 0.0004260 secs] [Times: user=0.00 sys=0.00, real=0.00 secs] 
60.008: Total time for which application threads were stopped: 0.0005510 seconds, Stopping threads took: 0.0000620 seconds
60.076: Application time: 0.0678550 seconds
60.076: [GC [PSYoungGen: 15357K->0K(16384K)] 42310K->26952K(52224K), 0.0003570 secs] [Times: user=0.00 sys=0.00, real=0.00 secs] 
60.077: Total time for which application threads were stopped: 0.0004670 seconds, Stopping threads took: 0.0000480 seconds
60.143: Application time: 0.0660760 seconds
60.143: [GC [PSYoungGen: 15357K->416K(16384K)] 42310K->27368K(52224K), 0.0004020 secs] [Times: user=0.00 sys=0.00, real=0.00 secs] 
60.143: Total time for which application threads were stopped: 0.0005230 seconds, Stopping threads took: 0.0000630 seconds
60.211: Application time: 0.0681600 seconds
60.211: [GC [PSYoungGen: 15773K->0K(16384K)] 42726K->27200K(52224K), 0.0004550 secs] [Times: user=0.00 sys=0.00, real=0.01 secs] 
60.212: Total time for which application threads were stopped: 0.0005690 seconds, Stopping threads took: 0.0000520 seconds
60.270: Application time: 0.0582000 seconds
60.270: [GC [PSYoungGen: 15358K->384K(16384K)] 42559K->27584K(52224K), 0.0004210 secs] [Times: user=0.01 sys=0.00, real=0.00 secs] 
60.271: Total time for which application threads were stopped: 0.0005450 seconds, Stopping threads took: 0.0000630 seconds
60.319: Application time: 0.0487680 seconds
60.319: [GC [PSYoungGen: 15742K->512K(16384K)] 42943K->27760K(52224K), 0.0004820 secs] [Times: user=0.00 sys=0.00, real=0.01 secs] 
60.320: Total time for which application threads were stopped: 0.0005900 seconds, Stopping threads took: 0.0000450 seconds
60.377: Application time: 0.0568080 seconds
60.377: [GC [PSYoungGen: 15871K->512K(16384K)] 43120K->27784K(52224K), 0.0004560 secs] [Times: user=0.00 sys=0.00, real=0.00 secs] 
60.377: Total time for which application threads were stopped: 0.0005720 seconds, Stopping threads took: 0.0000540 seconds
60.433: Application time: 0.0556650 seconds
60.433: [GC [PSYoungGen: 15869K->512K(16384K)] 43142K->28013K(52224K), 0.0004780 secs] [Times: user=0.00 sys=0.00, real=0.00 secs] 
60.434: Total time for which application threads were stopped: 0.0005970 seconds, Stopping threads took: 0.0000590 seconds
60.477: Application time: 0.0434220 seconds
60.477: [GC [PSYoungGen: 15870K->608K(16384K)] 43372K->28357K(52224K), 0.0004870 secs] [Times: user=0.00 sys=0.00, real=0.00 secs] 
60.478: Total time for which application threads were stopped: 0.0006150 seconds, Stopping threads took: 0.0000570 seconds
60.538: Application time: 0.0598300 seconds
60.538: [GC [PSYoungGen: 15965K->544K(16384K)] 43715K->28389K(52224K), 0.0004730 secs] [Times: user=0.01 sys=0.00, real=0.00 secs] 
60.538: Total time for which application threads were stopped: 0.0006120 seconds, Stopping threads took: 0.0000750 seconds
60.604: Application time: 0.0659570 seconds
60.604: [GC [PSYoungGen: 15903K->320K(16384K)] 43749K->28389K(52224K), 0.0004580 secs] [Times: user=0.00 sys=0.00, real=0.00 secs] 
60.605: Total time for which application threads were stopped: 0.0005690 seconds, Stopping threads took: 0.0000480 seconds
60.671: Application time: 0.0665720 seconds
60.671: [GC [PSYoungGen: 15677K->0K(16384K)] 43747K->28274K(52224K), 0.0004610 secs] [Times: user=0.00 sys=0.00, real=0.01 secs] 
60.672: Total time for which application threads were stopped: 0.0005860 seconds, Stopping threads took: 0.0000640 seconds
60.722: Application time: 0.0502030 seconds
60.722: [GC [PSYoungGen: 15358K->896K(16384K)] 43632K->29170K(52224K), 0.0005600 secs] [Times: user=0.00 sys=0.00, real=0.00 secs] 
60.723: Total time for which application threads were stopped: 0.0006800 seconds, Stopping threads took: 0.0000600 seconds
60.769: Application time: 0.0464440 seconds
60.769: [GC [PSYoungGen: 16255K->736K(16896K)] 44530K->29250K(52736K), 0.0005860 secs] [Times: user=0.01 sys=0.00, real=0.00 secs] 
60.770: Total time for which application threads were stopped: 0.0007140 seconds, Stopping threads took: 0.0000650 seconds
60.829: Application time: 0.0588300 seconds
60.829: [GC [PSYoungGen: 16095K->480K(16896K)] 44610K->29210K(52736K), 0.0004950 secs] [Times: user=0.01 sys=0.00, real=0.00 secs] 
60.829: Total time for which application threads were stopped: 0.0006150 seconds, Stopping threads took: 0.0000630 seconds
60.892: Application time: 0.0625050 seconds
60.892: [GC [PSYoungGen: 15838K->768K(16896K)] 44568K->29751K(52736K), 0.0005170 secs] [Times: user=0.00 sys=0.00, real=0.00 secs] 
60.892: Total time for which application threads were stopped: 0.0006240 seconds, Stopping threads took: 0.0000440 seconds
60.960: Application time: 0.0675960 seconds
60.960: [GC [PSYoungGen: 16125K->0K(16896K)] 45109K->29595K(52736K), 0.0004690 secs] [Times: user=0.00 sys=0.00, real=0.00 secs] 
60.961: Total time for which application threads were stopped: 0.0005990 seconds, Stopping threads took: 0.0000660 seconds
61.028: Application time: 0.0676990 seconds
61.028: [GC [PSYoungGen: 15357K->0K(16896K)] 44953K->29595K(52736K), 0.0003730 secs] [Times: user=0.00 sys=0.00, real=0.00 secs] 
61.029: Total time for which application threads were stopped: 0.0004920 seconds, Stopping threads took: 0.0000510 seconds
61.096: Application time: 0.0675280 seconds
61.096: [GC [PSYoungGen: 15357K->0K(16896K)] 44953K->29595K(52736K), 0.0003720 secs] [Times: user=0.00 sys=0.00, real=0.00 secs] 
61.097: Total time for which application threads were stopped: 0.0005020 seconds, Stopping threads took: 0.0000720 seconds
61.159: Application time: 0.0623540 seconds
61.159: [GC [PSYoungGen: 15359K->544K(16896K)] 44955K->30140K(52736K), 0.0004500 secs] [Times: user=0.00 sys=0.00, real=0.01 secs] 
61.160: Total time for which application threads were stopped: 0.0005710 seconds, Stopping threads took: 0.0000600 seconds
61.210: Application time: 0.0499730 seconds
61.210: [GC [PSYoungGen: 15901K->544K(16896K)] 45497K->30360K(52736K), 0.0004700 secs] [Times: user=0.00 sys=0.00, real=0.00 secs] 
61.210: Total time for which application threads were stopped: 0.0005730 seconds, Stopping threads took: 0.0000440 seconds
61.277: Application time: 0.0665820 seconds
61.277: [GC [PSYoungGen: 15901K->384K(16896K)] 45717K->30421K(52736K), 0.0004900 secs] [Times: user=0.00 sys=0.00, real=0.00 secs] 
61.278: Total time for which application threads were stopped: 0.0006110 seconds, Stopping threads took: 0.0000610 seconds
61.345: Application time: 0.0679060 seconds
61.346: [GC [PSYoungGen: 15741K->0K(16896K)] 45778K->30249K(52736K), 0.0004160 secs] [Times: user=0.00 sys=0.00, real=0.00 secs] 
61.346: Total time for which application threads were stopped: 0.0005360 seconds, Stopping threads took: 0.0000540 seconds
61.399: Application time: 0.0526450 seconds
61.399: [GC [PSYoungGen: 15358K->384K(15872K)] 45607K->30633K(51712K), 0.0004530 secs] [Times: user=0.00 sys=0.00, real=0.00 secs] 
61.399: Total time for which application threads were stopped: 0.0005630 seconds, Stopping threads took: 0.0000500 seconds
61.462: Application time: 0.0628360 seconds
61.462: [GC [PSYoungGen: 15741K->288K(16384K)] 45991K->30545K(52224K), 0.0004600 secs] [Times: user=0.01 sys=0.00, real=0.00 secs] 
61.464: Total time for which application threads were stopped: 0.0016980 seconds, Stopping threads took: 0.0000530 seconds
61.530: Application time: 0.0663770 seconds
61.530: [GC [PSYoungGen: 15644K->352K(16384K)] 45902K->30617K(52224K), 0.0004600 secs] [Times: user=0.00 sys=0.00, real=0.00 secs] 
61.531: Total time for which application threads were stopped: 0.0005850 seconds, Stopping threads took: 0.0000580 seconds
61.596: Application time: 0.0655120 seconds
61.596: [GC [PSYoungGen: 15711K->416K(16384K)] 45977K->30910K(52224K), 0.0004420 secs] [Times: user=0.00 sys=0.00, real=0.00 secs] 
61.597: Total time for which application threads were stopped: 0.0005400 seconds, Stopping threads took: 0.0000370 seconds
61.665: Application time: 0.0677590 seconds
61.665: [GC [PSYoungGen: 15773K->0K(16384K)] 46267K->30746K(52224K), 0.0004330 secs] [Times: user=0.00 sys=0.00, real=0.00 secs] 
61.665: Total time for which application threads were stopped: 0.0005580 seconds, Stopping threads took: 0.0000660 seconds
61.734: Application time: 0.0684480 seconds
61.734: [GC [PSYoungGen: 15357K->0K(16384K)] 46104K->30746K(52224K), 0.0003720 secs] [Times: user=0.00 sys=0.00, real=0.00 secs] 
61.734: Total time for which application threads were stopped: 0.0004860 seconds, Stopping threads took: 0.0000540 seconds
61.800: Application time: 0.0660160 seconds
61.800: [GC [PSYoungGen: 15357K->384K(16384K)] 46104K->31130K(52224K), 0.0004320 secs] [Times: user=0.00 sys=0.00, real=0.00 secs] 
61.801: Total time for which application threads were stopped: 0.0005440 seconds, Stopping threads took: 0.0000490 seconds
61.869: Application time: 0.0682840 seconds
61.869: [GC [PSYoungGen: 15741K->0K(16384K)] 46488K->30991K(52224K), 0.0004050 secs] [Times: user=0.00 sys=0.00, real=0.00 secs] 
61.869: Total time for which application threads were stopped: 0.0005060 seconds, Stopping threads took: 0.0000400 seconds
61.938: Application time: 0.0681200 seconds
61.938: [GC [PSYoungGen: 15357K->0K(16384K)] 46348K->30991K(52224K), 0.0003890 secs] [Times: user=0.00 sys=0.00, real=0.00 secs] 
61.938: Total time for which application threads were stopped: 0.0005130 seconds, Stopping threads took: 0.0000600 seconds
61.992: Application time: 0.0541400 seconds
61.992: [GC [PSYoungGen: 15358K->384K(16384K)] 46349K->31375K(52224K), 0.0004240 secs] [Times: user=0.00 sys=0.00, real=0.00 secs] 
61.993: Total time for which application threads were stopped: 0.0005320 seconds, Stopping threads took: 0.0000480 seconds
62.040: Application time: 0.0473610 seconds
62.040: [GC [PSYoungGen: 15740K->544K(16384K)] 46731K->31599K(52224K), 0.0004400 secs] [Times: user=0.00 sys=0.00, real=0.00 secs] 
62.041: Total time for which application threads were stopped: 0.0005640 seconds, Stopping threads took: 0.0000490 seconds
62.101: Application time: 0.0602100 seconds
62.101: [GC [PSYoungGen: 15903K->512K(16384K)] 46959K->31591K(52224K), 0.0004490 secs] [Times: user=0.00 sys=0.00, real=0.00 secs] 
62.101: Total time for which application threads were stopped: 0.0005700 seconds, Stopping threads took: 0.0000580 seconds
62.156: Application time: 0.0547470 seconds
62.156: [GC [PSYoungGen: 15868K->704K(16384K)] 46947K->32019K(52224K), 0.0005040 secs] [Times: user=0.00 sys=0.00, real=0.00 secs] 
62.157: Total time for which application threads were stopped: 0.0006070 seconds, Stopping threads took: 0.0000410 seconds
62.201: Application time: 0.0440380 seconds
62.201: [GC [PSYoungGen: 16060K->576K(16384K)] 47376K->32139K(52224K), 0.0004870 secs] [Times: user=0.00 sys=0.00, real=0.00 secs] 
62.201: Total time for which application threads were stopped: 0.0005900 seconds, Stopping threads took: 0.0000430 seconds
62.261: Application time: 0.0600330 seconds
62.264: [GC [PSYoungGen: 15935K->512K(16384K)] 47499K->32180K(52224K), 0.0004920 secs] [Times: user=0.00 sys=0.00, real=0.00 secs] 
62.264: Total time for which application threads were stopped: 0.0028620 seconds, Stopping threads took: 0.0023110 seconds
62.330: Application time: 0.0658280 seconds
62.330: [GC [PSYoungGen: 15871K->320K(16384K)] 47539K->32224K(52224K), 0.0004460 secs] [Times: user=0.00 sys=0.00, real=0.00 secs] 
62.331: Total time for which application threads were stopped: 0.0005640 seconds, Stopping threads took: 0.0000560 seconds
62.396: Application time: 0.0655690 seconds
62.396: [GC [PSYoungGen: 15680K->416K(16384K)] 47584K->32541K(52224K), 0.0004560 secs] [Times: user=0.00 sys=0.00, real=0.00 secs] 
62.397: Total time for which application threads were stopped: 0.0005780 seconds, Stopping threads took: 0.0000630 seconds
62.444: Application time: 0.0468620 seconds
62.444: [GC [PSYoungGen: 15773K->704K(16384K)] 47898K->32837K(52224K), 0.0004790 secs] [Times: user=0.00 sys=0.00, real=0.00 secs] 
62.444: Total time for which application threads were stopped: 0.0005980 seconds, Stopping threads took: 0.0000580 seconds
62.490: Application time: 0.0453890 seconds
62.490: [GC [PSYoungGen: 16062K->608K(16384K)] 48195K->33001K(52224K), 0.0004930 secs] [Times: user=0.00 sys=0.00, real=0.00 secs] 
62.490: Total time for which application threads were stopped: 0.0006150 seconds, Stopping threads took: 0.0000630 seconds
62.555: Application time: 0.0642120 seconds
62.555: [GC [PSYoungGen: 15927K->512K(16384K)] 48321K->33209K(52224K), 0.0005710 secs] [Times: user=0.00 sys=0.00, real=0.00 secs] 
62.555: Total time for which application threads were stopped: 0.0007020 seconds, Stopping threads took: 0.0000650 seconds
62.618: Application time: 0.0629800 seconds
62.618: [GC [PSYoungGen: 15869K->736K(16384K)] 48566K->33769K(52224K), 0.0006230 secs] [Times: user=0.01 sys=0.00, real=0.00 secs] 
62.619: Total time for which application threads were stopped: 0.0007360 seconds, Stopping threads took: 0.0000530 seconds
62.686: Application time: 0.0673230 seconds
62.686: [GC [PSYoungGen: 16093K->0K(16384K)] 49127K->33642K(52224K), 0.0005090 secs] [Times: user=0.01 sys=0.00, real=0.00 secs] 
62.687: Total time for which application threads were stopped: 0.0006310 seconds, Stopping threads took: 0.0000600 seconds
62.755: Application time: 0.0681980 seconds
62.755: [GC [PSYoungGen: 15357K->0K(16896K)] 49000K->33642K(52736K), 0.0003690 secs] [Times: user=0.00 sys=0.00, real=0.00 secs] 
62.756: Total time for which application threads were stopped: 0.0004820 seconds, Stopping threads took: 0.0000520 seconds
62.822: Application time: 0.0667400 seconds
62.824: [GC [PSYoungGen: 15359K->352K(15872K)] 49002K->33994K(51712K), 0.0004260 secs] [Times: user=0.00 sys=0.00, real=0.00 secs] 
62.824: Total time for which application threads were stopped: 0.0018790 seconds, Stopping threads took: 0.0013950 seconds
62.880: Application time: 0.0558940 seconds
62.880: [GC [PSYoungGen: 15709K->704K(15872K)] 49352K->34354K(51712K), 0.0004790 secs] [Times: user=0.00 sys=0.00, real=0.00 secs] 
62.881: Total time for which application threads were stopped: 0.0006000 seconds, Stopping threads took: 0.0000600 seconds
62.936: Application time: 0.0557040 seconds
62.937: [GC [PSYoungGen: 15548K->544K(16384K)] 49199K->34407K(52224K), 0.0004980 secs] [Times: user=0.01 sys=0.00, real=0.00 secs] 
62.937: Total time for which application threads were stopped: 0.0006170 seconds, Stopping threads took: 0.0000540 seconds
63.002: Application time: 0.0645680 seconds
63.002: [GC [PSYoungGen: 15388K->352K(15360K)] 49252K->34436K(51200K), 0.0004710 secs] [Times: user=0.00 sys=0.00, real=0.00 secs] 
63.002: Total time for which application threads were stopped: 0.0005890 seconds, Stopping threads took: 0.0000540 seconds
63.068: Application time: 0.0655730 seconds
63.068: [GC [PSYoungGen: 15199K->0K(15872K)] 49283K->34288K(51712K), 0.0004450 secs] [Times: user=0.00 sys=0.00, real=0.00 secs] 
63.068: Total time for which application threads were stopped: 0.0005830 seconds, Stopping threads took: 0.0000660 seconds
63.116: Application time: 0.0471830 seconds
63.116: [GC [PSYoungGen: 14846K->384K(15872K)] 49134K->34672K(51712K), 0.0004080 secs] [Times: user=0.01 sys=0.00, real=0.00 secs] 
63.116: Total time for which application threads were stopped: 0.0005380 seconds, Stopping threads took: 0.0000680 seconds
63.180: Application time: 0.0635120 seconds
63.180: [GC [PSYoungGen: 15229K->320K(15872K)] 49517K->34616K(51712K), 0.0004470 secs] [Times: user=0.00 sys=0.00, real=0.00 secs] 
63.180: Total time for which application threads were stopped: 0.0005690 seconds, Stopping threads took: 0.0000550 seconds
63.244: Application time: 0.0642720 seconds
63.248: [GC [PSYoungGen: 15164K->384K(15872K)] 49460K->34696K(51712K), 0.0004260 secs] [Times: user=0.00 sys=0.00, real=0.00 secs] 
63.248: Total time for which application threads were stopped: 0.0037720 seconds, Stopping threads took: 0.0032870 seconds
63.311: Application time: 0.0631520 seconds
63.311: [GC [PSYoungGen: 15229K->416K(15872K)] 49541K->34949K(51712K), 0.0004700 secs] [Times: user=0.00 sys=0.00, real=0.01 secs] 
63.312: Total time for which application threads were stopped: 0.0005790 seconds, Stopping threads took: 0.0000500 seconds
63.378: Application time: 0.0661250 seconds
63.378: [GC [PSYoungGen: 15263K->0K(15872K)] 49796K->34781K(51712K), 0.0004260 secs] [Times: user=0.00 sys=0.00, real=0.00 secs] 
63.379: Total time for which application threads were stopped: 0.0005270 seconds, Stopping threads took: 0.0000430 seconds
63.445: Application time: 0.0659810 seconds
63.445: [GC [PSYoungGen: 14847K->0K(15872K)] 49628K->34781K(51712K), 0.0003660 secs] [Times: user=0.00 sys=0.00, real=0.00 secs] 
63.445: Total time for which application threads were stopped: 0.0004830 seconds, Stopping threads took: 0.0000550 seconds
63.510: Application time: 0.0647440 seconds
63.510: [GC [PSYoungGen: 14847K->368K(15872K)] 49628K->35149K(51712K), 0.0004390 secs] [Times: user=0.00 sys=0.00, real=0.00 secs] 
63.510: Total time for which application threads were stopped: 0.0005540 seconds, Stopping threads took: 0.0000510 seconds
63.575: Application time: 0.0649420 seconds
63.580: [GC [PSYoungGen: 15212K->352K(15872K)] 49993K->35197K(51712K), 0.0004230 secs] [Times: user=0.00 sys=0.00, real=0.00 secs] 
63.580: Total time for which application threads were stopped: 0.0048960 seconds, Stopping threads took: 0.0044010 seconds
63.646: Application time: 0.0659900 seconds
63.646: [GC [PSYoungGen: 15199K->0K(15872K)] 50044K->35073K(51712K), 0.0004350 secs] [Times: user=0.00 sys=0.00, real=0.00 secs] 
63.647: Total time for which application threads were stopped: 0.0005790 seconds, Stopping threads took: 0.0000810 seconds
63.702: Application time: 0.0554510 seconds
63.702: [GC [PSYoungGen: 14843K->384K(15872K)] 49917K->35457K(51712K), 0.0004320 secs] [Times: user=0.00 sys=0.00, real=0.00 secs] 
63.703: Total time for which application threads were stopped: 0.0005510 seconds, Stopping threads took: 0.0000600 seconds
63.749: Application time: 0.0466010 seconds
63.749: [GC [PSYoungGen: 15228K->544K(15872K)] 50301K->35681K(51712K), 0.0004560 secs] [Times: user=0.00 sys=0.00, real=0.00 secs] 
63.750: Total time for which application threads were stopped: 0.0005790 seconds, Stopping threads took: 0.0000620 seconds
63.803: Application time: 0.0532740 seconds
63.808: [GC [PSYoungGen: 15389K->544K(15872K)] 50526K->35705K(51712K), 0.0004800 secs] [Times: user=0.00 sys=0.00, real=0.00 secs] 
63.808: Total time for which application threads were stopped: 0.0050100 seconds, Stopping threads took: 0.0044700 seconds
63.870: Application time: 0.0618930 seconds
63.870: [GC [PSYoungGen: 15391K->512K(15872K)] 50553K->35910K(51712K), 0.0005090 secs] [Times: user=0.00 sys=0.00, real=0.00 secs] 
63.871: Total time for which application threads were stopped: 0.0006270 seconds, Stopping threads took: 0.0000390 seconds
63.910: Application time: 0.0391400 seconds
63.910: [GC [PSYoungGen: 15354K->448K(15872K)] 50752K->36090K(51712K), 0.0004980 secs] [Times: user=0.00 sys=0.00, real=0.00 secs] 
63.911: [Full GC [PSYoungGen: 448K->0K(15872K)] [ParOldGen: 35642K->4172K(34816K)] 36090K->4172K(50688K) [PSPermGen: 5541K->5541K(21504K)], 0.0055910 secs] [Times: user=0.02 sys=0.00, real=0.01 secs] 
63.916: Total time for which application threads were stopped: 0.0062800 seconds, Stopping threads took: 0.0000820 seconds
63.970: Application time: 0.0538410 seconds
63.970: [GC [PSYoungGen: 14847K->544K(15872K)] 19019K->4716K(50688K), 0.0004520 secs] [Times: user=0.00 sys=0.00, real=0.00 secs] 
63.971: Total time for which application threads were stopped: 0.0005850 seconds, Stopping threads took: 0.0000680 seconds
64.033: Application time: 0.0623350 seconds
64.035: [GC [PSYoungGen: 15388K->544K(15872K)] 19560K->4780K(50688K), 0.0004410 secs] [Times: user=0.00 sys=0.00, real=0.00 secs] 
64.035: Total time for which application threads were stopped: 0.0023840 seconds, Stopping threads took: 0.0018800 seconds
64.100: Application time: 0.0646140 seconds
64.100: [GC [PSYoungGen: 15391K->0K(15872K)] 19627K->4644K(50688K), 0.0004110 secs] [Times: user=0.00 sys=0.00, real=0.00 secs] 
64.101: Total time for which application threads were stopped: 0.0005450 seconds, Stopping threads took: 0.0000650 seconds
64.157: Application time: 0.0568060 seconds
64.157: [GC [PSYoungGen: 14846K->544K(15872K)] 19490K->5188K(50688K), 0.0004130 secs] [Times: user=0.00 sys=0.00, real=0.00 secs] 
64.158: Total time for which application threads were stopped: 0.0005190 seconds, Stopping threads took: 0.0000450 seconds
64.198: Application time: 0.0402620 seconds
64.198: [GC [PSYoungGen: 15390K->736K(15872K)] 20034K->5624K(50688K), 0.0004690 secs] [Times: user=0.00 sys=0.00, real=0.00 secs] 
64.199: Total time for which application threads were stopped: 0.0005770 seconds, Stopping threads took: 0.0000460 seconds
64.253: Application time: 0.0545250 seconds
64.256: [GC [PSYoungGen: 15581K->352K(15872K)] 20470K->5657K(50688K), 0.0004390 secs] [Times: user=0.00 sys=0.00, real=0.00 secs] 
64.256: Total time for which application threads were stopped: 0.0030200 seconds, Stopping threads took: 0.0025210 seconds
64.318: Application time: 0.0615450 seconds
64.318: [GC [PSYoungGen: 15195K->704K(15872K)] 20501K->6073K(50688K), 0.0004650 secs] [Times: user=0.00 sys=0.01, real=0.00 secs] 
64.318: Total time for which application threads were stopped: 0.0005750 seconds, Stopping threads took: 0.0000490 seconds
64.382: Application time: 0.0637810 seconds
64.382: [GC [PSYoungGen: 15548K->288K(15872K)] 20918K->6395K(50688K), 0.0005140 secs] [Times: user=0.01 sys=0.00, real=0.00 secs] 
64.383: Total time for which application threads were stopped: 0.0006570 seconds, Stopping threads took: 0.0000830 seconds
64.449: Application time: 0.0660780 seconds
64.449: [GC [PSYoungGen: 15133K->0K(15872K)] 21240K->6339K(50688K), 0.0003810 secs] [Times: user=0.01 sys=0.00, real=0.00 secs] 
64.449: Total time for which application threads were stopped: 0.0004930 seconds, Stopping threads took: 0.0000540 seconds
64.515: Application time: 0.0652630 seconds
64.515: [GC [PSYoungGen: 14847K->0K(15872K)] 21186K->6339K(50688K), 0.0003710 secs] [Times: user=0.00 sys=0.00, real=0.00 secs] 
64.515: Total time for which application threads were stopped: 0.0004840 seconds, Stopping threads took: 0.0000550 seconds
64.578: Application time: 0.0631230 seconds
64.578: [GC [PSYoungGen: 14846K->512K(15872K)] 21185K->6851K(50688K), 0.0003880 secs] [Times: user=0.01 sys=0.00, real=0.00 secs] 
64.579: Total time for which application threads were stopped: 0.0005100 seconds, Stopping threads took: 0.0000580 seconds
64.623: Application time: 0.0443910 seconds
64.623: [GC [PSYoungGen: 15359K->768K(15872K)] 21698K->7123K(50688K), 0.0004510 secs] [Times: user=0.00 sys=0.00, real=0.00 secs] 
64.624: Total time for which application threads were stopped: 0.0005680 seconds, Stopping threads took: 0.0000480 seconds
64.689: Application time: 0.0654160 seconds
64.689: [GC [PSYoungGen: 15614K->160K(16384K)] 21969K->6927K(51200K), 0.0004350 secs] [Times: user=0.00 sys=0.00, real=0.00 secs] 
64.690: Total time for which application threads were stopped: 0.0005510 seconds, Stopping threads took: 0.0000560 seconds
64.755: Application time: 0.0652590 seconds
64.755: [GC [PSYoungGen: 15006K->352K(15360K)] 21774K->7212K(50176K), 0.0004160 secs] [Times: user=0.00 sys=0.00, real=0.00 secs] 
64.756: Total time for which application threads were stopped: 0.0005380 seconds, Stopping threads took: 0.0000630 seconds
64.819: Application time: 0.0630930 seconds
64.819: [GC [PSYoungGen: 15197K->320K(15872K)] 22057K->7348K(50688K), 0.0004190 secs] [Times: user=0.00 sys=0.00, real=0.00 secs] 
64.819: Total time for which application threads were stopped: 0.0005230 seconds, Stopping threads took: 0.0000410 seconds
64.867: Application time: 0.0481710 seconds
64.867: [GC [PSYoungGen: 15164K->384K(15872K)] 22192K->7428K(50688K), 0.0003740 secs] [Times: user=0.00 sys=0.00, real=0.00 secs] 
64.868: Total time for which application threads were stopped: 0.0004880 seconds, Stopping threads took: 0.0000520 seconds
64.932: Application time: 0.0638080 seconds
64.932: [GC [PSYoungGen: 15228K->352K(15872K)] 22272K->7412K(50688K), 0.0004450 secs] [Times: user=0.00 sys=0.00, real=0.01 secs] 
64.932: Total time for which application threads were stopped: 0.0005560 seconds, Stopping threads took: 0.0000490 seconds
64.998: Application time: 0.0653610 seconds
64.998: [GC [PSYoungGen: 15197K->0K(15872K)] 22257K->7284K(50688K), 0.0004150 secs] [Times: user=0.00 sys=0.00, real=0.00 secs] 
64.998: Total time for which application threads were stopped: 0.0005320 seconds, Stopping threads took: 0.0000550 seconds
65.061: Application time: 0.0631510 seconds
65.061: [GC [PSYoungGen: 14845K->384K(15872K)] 22129K->7668K(50688K), 0.0003920 secs] [Times: user=0.00 sys=0.00, real=0.00 secs] 
65.062: Total time for which application threads were stopped: 0.0005080 seconds, Stopping threads took: 0.0000520 seconds
65.127: Application time: 0.0655330 seconds
65.132: [GC [PSYoungGen: 15231K->0K(15872K)] 22515K->7540K(50688K), 0.0004110 secs] [Times: user=0.00 sys=0.00, real=0.00 secs] 
65.132: Total time for which application threads were stopped: 0.0049660 seconds, Stopping threads took: 0.0044850 seconds
65.198: Application time: 0.0657650 seconds
65.198: [GC [PSYoungGen: 14847K->0K(15872K)] 22387K->7540K(50688K), 0.0003810 secs] [Times: user=0.00 sys=0.00, real=0.00 secs] 
65.198: Total time for which application threads were stopped: 0.0005170 seconds, Stopping threads took: 0.0000750 seconds
65.262: Application time: 0.0635870 seconds
65.262: [GC [PSYoungGen: 14847K->384K(15872K)] 22387K->7924K(50688K), 0.0003770 secs] [Times: user=0.00 sys=0.00, real=0.00 secs] 
65.263: Total time for which application threads were stopped: 0.0005090 seconds, Stopping threads took: 0.0000690 seconds
65.328: Application time: 0.0659040 seconds
65.329: [GC [PSYoungGen: 15231K->0K(15872K)] 22771K->7792K(50688K), 0.0004010 secs] [Times: user=0.00 sys=0.00, real=0.00 secs] 
65.329: Total time for which application threads were stopped: 0.0005290 seconds, Stopping threads took: 0.0000680 seconds
65.395: Application time: 0.0661090 seconds
65.395: [GC [PSYoungGen: 14847K->0K(15872K)] 22640K->7792K(50688K), 0.0003570 secs] [Times: user=0.00 sys=0.00, real=0.00 secs] 
65.396: Total time for which application threads were stopped: 0.0004590 seconds, Stopping threads took: 0.0000410 seconds
65.449: Application time: 0.0533480 seconds
65.449: [GC [PSYoungGen: 14845K->288K(15872K)] 22638K->8080K(50688K), 0.0004460 secs] [Times: user=0.00 sys=0.00, real=0.00 secs] 
65.450: Total time for which application threads were stopped: 0.0005600 seconds, Stopping threads took: 0.0000570 seconds
65.496: Application time: 0.0468240 seconds
65.496: [GC [PSYoungGen: 15132K->672K(15872K)] 22924K->8536K(50688K), 0.0004430 secs] [Times: user=0.01 sys=0.00, real=0.00 secs] 
65.497: Total time for which application threads were stopped: 0.0005780 seconds, Stopping threads took: 0.0000640 seconds
65.552: Application time: 0.0555120 seconds
65.553: [GC [PSYoungGen: 15519K->544K(15872K)] 23384K->8432K(50688K), 0.0003820 secs] [Times: user=0.00 sys=0.00, real=0.00 secs] 
65.553: Total time for which application threads were stopped: 0.0004910 seconds, Stopping threads took: 0.0000500 seconds
65.609: Application time: 0.0556150 seconds
65.609: [GC [PSYoungGen: 15390K->576K(15872K)] 23279K->8685K(50688K), 0.0004560 secs] [Times: user=0.00 sys=0.00, real=0.00 secs] 
65.609: Total time for which application threads were stopped: 0.0005710 seconds, Stopping threads took: 0.0000510 seconds
65.649: Application time: 0.0400950 seconds
65.649: [GC [PSYoungGen: 15423K->592K(15872K)] 23533K->9074K(50688K), 0.0004860 secs] [Times: user=0.00 sys=0.00, real=0.00 secs] 
65.650: Total time for which application threads were stopped: 0.0006080 seconds, Stopping threads took: 0.0000500 seconds
65.707: Application time: 0.0568610 seconds
65.707: [GC [PSYoungGen: 15437K->512K(15872K)] 23919K->9090K(50688K), 0.0004540 secs] [Times: user=0.00 sys=0.00, real=0.00 secs] 
65.707: Total time for which application threads were stopped: 0.0006080 seconds, Stopping threads took: 0.0000940 seconds
65.771: Application time: 0.0634580 seconds
65.772: [GC [PSYoungGen: 15356K->384K(15872K)] 23934K->9178K(50688K), 0.0004360 secs] [Times: user=0.00 sys=0.00, real=0.00 secs] 
65.772: Total time for which application threads were stopped: 0.0014670 seconds, Stopping threads took: 0.0009710 seconds
65.837: Application time: 0.0643840 seconds
65.837: [GC [PSYoungGen: 15231K->0K(15872K)] 24025K->9014K(50688K), 0.0004350 secs] [Times: user=0.00 sys=0.00, real=0.00 secs] 
65.837: Total time for which application threads were stopped: 0.0005550 seconds, Stopping threads took: 0.0000590 seconds
65.893: Application time: 0.0553980 seconds
65.893: [GC [PSYoungGen: 14847K->544K(15872K)] 23862K->9558K(50688K), 0.0004310 secs] [Times: user=0.00 sys=0.00, real=0.00 secs] 
65.893: Total time for which application threads were stopped: 0.0005520 seconds, Stopping threads took: 0.0000600 seconds
65.930: Application time: 0.0367460 seconds
65.930: [GC [PSYoungGen: 15391K->800K(15872K)] 24406K->10070K(50688K), 0.0005050 secs] [Times: user=0.01 sys=0.00, real=0.00 secs] 
65.930: Total time for which application threads were stopped: 0.0006200 seconds, Stopping threads took: 0.0000530 seconds
65.988: Application time: 0.0579940 seconds
65.989: [GC [PSYoungGen: 15643K->320K(15360K)] 24914K->9999K(50176K), 0.0004730 secs] [Times: user=0.00 sys=0.00, real=0.00 secs] 
65.989: Total time for which application threads were stopped: 0.0005930 seconds, Stopping threads took: 0.0000590 seconds
66.049: Application time: 0.0603030 seconds
66.049: [GC [PSYoungGen: 15163K->896K(15872K)] 24843K->10631K(50688K), 0.0004830 secs] [Times: user=0.00 sys=0.00, real=0.00 secs] 
66.050: Total time for which application threads were stopped: 0.0006130 seconds, Stopping threads took: 0.0000670 seconds
66.115: Application time: 0.0647250 seconds
66.115: [GC [PSYoungGen: 15740K->320K(16384K)] 25476K->10669K(51200K), 0.0004920 secs] [Times: user=0.00 sys=0.00, real=0.00 secs] 
66.115: Total time for which application threads were stopped: 0.0006190 seconds, Stopping threads took: 0.0000610 seconds
66.181: Application time: 0.0653470 seconds
66.181: [GC [PSYoungGen: 15167K->0K(16384K)] 25516K->10554K(51200K), 0.0004000 secs] [Times: user=0.00 sys=0.00, real=0.00 secs] 
66.181: Total time for which application threads were stopped: 0.0005320 seconds, Stopping threads took: 0.0000610 seconds
66.246: Application time: 0.0652650 seconds
66.247: [GC [PSYoungGen: 14847K->0K(16384K)] 25401K->10554K(51200K), 0.0004110 secs] [Times: user=0.00 sys=0.00, real=0.00 secs] 
66.247: Total time for which application threads were stopped: 0.0005120 seconds, Stopping threads took: 0.0000420 seconds
66.304: Application time: 0.0571930 seconds
66.304: [GC [PSYoungGen: 14844K->384K(15360K)] 25398K->10938K(50176K), 0.0004120 secs] [Times: user=0.00 sys=0.00, real=0.00 secs] 
66.305: Total time for which application threads were stopped: 0.0005160 seconds, Stopping threads took: 0.0000440 seconds
66.356: Application time: 0.0508130 seconds
66.356: [GC [PSYoungGen: 15229K->704K(15360K)] 25783K->11274K(50176K), 0.0005010 secs] [Times: user=0.00 sys=0.00, real=0.00 secs] 
66.356: Total time for which application threads were stopped: 0.0006150 seconds, Stopping threads took: 0.0000560 seconds
66.418: Application time: 0.0621230 seconds
66.418: [GC [PSYoungGen: 15036K->352K(14848K)] 25606K->11347K(49664K), 0.0004820 secs] [Times: user=0.01 sys=0.00, real=0.00 secs] 
66.419: Total time for which application threads were stopped: 0.0006000 seconds, Stopping threads took: 0.0000560 seconds
66.483: Application time: 0.0637050 seconds
66.483: [GC [PSYoungGen: 14687K->0K(15360K)] 25682K->11199K(50176K), 0.0004440 secs] [Times: user=0.00 sys=0.00, real=0.00 secs] 
66.484: Total time for which application threads were stopped: 0.0016860 seconds, Stopping threads took: 0.0000760 seconds
66.539: Application time: 0.0547360 seconds
66.539: [GC [PSYoungGen: 14335K->416K(15360K)] 25535K->11615K(50176K), 0.0004030 secs] [Times: user=0.00 sys=0.00, real=0.00 secs] 
66.540: Total time for which application threads were stopped: 0.0005200 seconds, Stopping threads took: 0.0000550 seconds
66.592: Application time: 0.0521380 seconds
66.592: [GC [PSYoungGen: 14748K->352K(15360K)] 25948K->11567K(50176K), 0.0003880 secs] [Times: user=0.00 sys=0.00, real=0.00 secs] 
66.592: Total time for which application threads were stopped: 0.0005340 seconds, Stopping threads took: 0.0000850 seconds
66.654: Application time: 0.0618280 seconds
66.654: [GC [PSYoungGen: 14687K->288K(15360K)] 25902K->11519K(50176K), 0.0004050 secs] [Times: user=0.00 sys=0.00, real=0.00 secs] 
66.655: Total time for which application threads were stopped: 0.0005250 seconds, Stopping threads took: 0.0000640 seconds
66.718: Application time: 0.0632610 seconds
66.718: [GC [PSYoungGen: 14623K->0K(15360K)] 25854K->11447K(50176K), 0.0004220 secs] [Times: user=0.00 sys=0.00, real=0.00 secs] 
66.718: Total time for which application threads were stopped: 0.0005510 seconds, Stopping threads took: 0.0000530 seconds
66.780: Application time: 0.0612870 seconds
66.784: [GC [PSYoungGen: 14331K->384K(15360K)] 25779K->11831K(50176K), 0.0004220 secs] [Times: user=0.00 sys=0.00, real=0.00 secs] 
66.784: Total time for which application threads were stopped: 0.0045420 seconds, Stopping threads took: 0.0040610 seconds
66.848: Application time: 0.0642040 seconds
66.848: [GC [PSYoungGen: 14719K->0K(15360K)] 26166K->11700K(50176K), 0.0003980 secs] [Times: user=0.00 sys=0.00, real=0.00 secs] 
66.849: Total time for which application threads were stopped: 0.0005050 seconds, Stopping threads took: 0.0000450 seconds
66.913: Application time: 0.0636400 seconds
66.913: [GC [PSYoungGen: 14332K->0K(15360K)] 26032K->11700K(50176K), 0.0003480 secs] [Times: user=0.00 sys=0.00, real=0.00 secs] 
66.913: Total time for which application threads were stopped: 0.0004600 seconds, Stopping threads took: 0.0000530 seconds
66.975: Application time: 0.0616520 seconds
66.975: [GC [PSYoungGen: 14331K->384K(15360K)] 26032K->12084K(50176K), 0.0004030 secs] [Times: user=0.00 sys=0.00, real=0.00 secs] 
66.975: Total time for which application threads were stopped: 0.0005100 seconds, Stopping threads took: 0.0000470 seconds
67.039: Application time: 0.0636880 seconds
67.039: [GC [PSYoungGen: 14716K->0K(15360K)] 26416K->11948K(50176K), 0.0004090 secs] [Times: user=0.00 sys=0.00, real=0.00 secs] 
67.039: Total time for which application threads were stopped: 0.0005260 seconds, Stopping threads took: 0.0000560 seconds
67.103: Application time: 0.0638160 seconds
67.103: [GC [PSYoungGen: 14332K->0K(15360K)] 26280K->11948K(50176K), 0.0003920 secs] [Times: user=0.00 sys=0.00, real=0.00 secs] 
67.104: Total time for which application threads were stopped: 0.0005050 seconds, Stopping threads took: 0.0000510 seconds
67.157: Application time: 0.0534760 seconds
67.157: [GC [PSYoungGen: 14333K->384K(15360K)] 26281K->12332K(50176K), 0.0003920 secs] [Times: user=0.00 sys=0.00, real=0.00 secs] 
67.158: Total time for which application threads were stopped: 0.0005040 seconds, Stopping threads took: 0.0000530 seconds
67.206: Application time: 0.0479070 seconds
67.206: [GC [PSYoungGen: 14718K->544K(15360K)] 26666K->12540K(50176K), 0.0004590 secs] [Times: user=0.00 sys=0.00, real=0.00 secs] 
67.206: Total time for which application threads were stopped: 0.0006010 seconds, Stopping threads took: 0.0000790 seconds
67.256: Application time: 0.0493910 seconds
67.256: [GC [PSYoungGen: 14879K->544K(15360K)] 26875K->12548K(50176K), 0.0004120 secs] [Times: user=0.01 sys=0.00, real=0.00 secs] 
67.256: Total time for which application threads were stopped: 0.0005540 seconds, Stopping threads took: 0.0000630 seconds
67.315: Application time: 0.0585300 seconds
67.315: [GC [PSYoungGen: 14877K->480K(15360K)] 26882K->12689K(50176K), 0.0005100 secs] [Times: user=0.01 sys=0.00, real=0.00 secs] 
67.315: Total time for which application threads were stopped: 0.0006340 seconds, Stopping threads took: 0.0000650 seconds
67.352: Application time: 0.0363380 seconds
67.352: [GC [PSYoungGen: 14815K->560K(15360K)] 27024K->13021K(50176K), 0.0004570 secs] [Times: user=0.00 sys=0.00, real=0.00 secs] 
67.352: Total time for which application threads were stopped: 0.0005600 seconds, Stopping threads took: 0.0000430 seconds
67.405: Application time: 0.0523240 seconds
67.405: [GC [PSYoungGen: 14891K->480K(15360K)] 27353K->12981K(50176K), 0.0004720 secs] [Times: user=0.00 sys=0.00, real=0.00 secs] 
67.405: Total time for which application threads were stopped: 0.0005890 seconds, Stopping threads took: 0.0000570 seconds
67.466: Application time: 0.0608170 seconds
67.466: [GC [PSYoungGen: 14812K->512K(15360K)] 27314K->13093K(50176K), 0.0004140 secs] [Times: user=0.00 sys=0.00, real=0.00 secs] 
67.467: Total time for which application threads were stopped: 0.0005450 seconds, Stopping threads took: 0.0000730 seconds
67.529: Application time: 0.0627650 seconds
67.529: [GC [PSYoungGen: 14847K->0K(15360K)] 27428K->13002K(50176K), 0.0004260 secs] [Times: user=0.00 sys=0.00, real=0.00 secs] 
67.530: Total time for which application threads were stopped: 0.0005530 seconds, Stopping threads took: 0.0000640 seconds
67.591: Application time: 0.0609490 seconds
67.591: [GC [PSYoungGen: 14335K->384K(15360K)] 27337K->13386K(50176K), 0.0003840 secs] [Times: user=0.01 sys=0.00, real=0.00 secs] 
67.591: Total time for which application threads were stopped: 0.0005040 seconds, Stopping threads took: 0.0000600 seconds
67.637: Application time: 0.0459090 seconds
67.637: [GC [PSYoungGen: 14716K->736K(15360K)] 27718K->13978K(50176K), 0.0004990 secs] [Times: user=0.01 sys=0.00, real=0.00 secs] 
67.638: Total time for which application threads were stopped: 0.0006200 seconds, Stopping threads took: 0.0000610 seconds
67.677: Application time: 0.0395200 seconds
67.677: [GC [PSYoungGen: 15072K->384K(15360K)] 28314K->13862K(50176K), 0.0004460 secs] [Times: user=0.00 sys=0.00, real=0.00 secs] 
67.678: Total time for which application threads were stopped: 0.0005230 seconds, Stopping threads took: 0.0000140 seconds
67.738: Application time: 0.0601540 seconds
67.738: [GC [PSYoungGen: 14718K->544K(15360K)] 28196K->14038K(50176K), 0.0004270 secs] [Times: user=0.00 sys=0.00, real=0.00 secs] 
67.739: Total time for which application threads were stopped: 0.0005430 seconds, Stopping threads took: 0.0000550 seconds
67.797: Application time: 0.0586490 seconds
67.797: [GC [PSYoungGen: 14875K->704K(15360K)] 28370K->14451K(50176K), 0.0004990 secs] [Times: user=0.00 sys=0.00, real=0.00 secs] 
67.798: Total time for which application threads were stopped: 0.0006170 seconds, Stopping threads took: 0.0000510 seconds
67.861: Application time: 0.0633630 seconds
67.861: [GC [PSYoungGen: 15039K->0K(15360K)] 28786K->14340K(50176K), 0.0004490 secs] [Times: user=0.00 sys=0.00, real=0.00 secs] 
67.862: Total time for which application threads were stopped: 0.0005670 seconds, Stopping threads took: 0.0000460 seconds
67.926: Application time: 0.0637250 seconds
67.926: [GC [PSYoungGen: 14333K->0K(15360K)] 28673K->14340K(50176K), 0.0003390 secs] [Times: user=0.00 sys=0.00, real=0.00 secs] 
67.926: Total time for which application threads were stopped: 0.0004550 seconds, Stopping threads took: 0.0000530 seconds
67.990: Application time: 0.0635750 seconds
67.990: [GC [PSYoungGen: 14333K->0K(15360K)] 28673K->14340K(50176K), 0.0003460 secs] [Times: user=0.00 sys=0.00, real=0.00 secs] 
67.990: Total time for which application threads were stopped: 0.0004600 seconds, Stopping threads took: 0.0000540 seconds
68.042: Application time: 0.0517710 seconds
68.042: [GC [PSYoungGen: 14334K->576K(15360K)] 28674K->14916K(50176K), 0.0004820 secs] [Times: user=0.00 sys=0.00, real=0.00 secs] 
68.042: Total time for which application threads were stopped: 0.0006020 seconds, Stopping threads took: 0.0000580 seconds
68.094: Application time: 0.0520330 seconds
68.095: [GC [PSYoungGen: 14911K->576K(15872K)] 29252K->15129K(50688K), 0.0004520 secs] [Times: user=0.00 sys=0.00, real=0.00 secs] 
68.095: Total time for which application threads were stopped: 0.0005690 seconds, Stopping threads took: 0.0000590 seconds
68.158: Application time: 0.0628100 seconds
68.158: [GC [PSYoungGen: 14910K->320K(14848K)] 29464K->15097K(49664K), 0.0004370 secs] [Times: user=0.00 sys=0.00, real=0.00 secs] 
68.158: Total time for which application threads were stopped: 0.0005560 seconds, Stopping threads took: 0.0000600 seconds
68.222: Application time: 0.0635750 seconds
68.222: [GC [PSYoungGen: 14653K->0K(15360K)] 29430K->14989K(50176K), 0.0004010 secs] [Times: user=0.00 sys=0.00, real=0.00 secs] 
68.222: Total time for which application threads were stopped: 0.0005210 seconds, Stopping threads took: 0.0000610 seconds
68.272: Application time: 0.0492880 seconds
68.272: [GC [PSYoungGen: 14332K->320K(15360K)] 29322K->15309K(50176K), 0.0004410 secs] [Times: user=0.00 sys=0.00, real=0.00 secs] 
68.272: Total time for which application threads were stopped: 0.0005570 seconds, Stopping threads took: 0.0000570 seconds
68.330: Application time: 0.0572600 seconds
68.330: [GC [PSYoungGen: 14655K->352K(15360K)] 29645K->15349K(50176K), 0.0004010 secs] [Times: user=0.00 sys=0.00, real=0.00 secs] 
68.330: Total time for which application threads were stopped: 0.0005230 seconds, Stopping threads took: 0.0000530 seconds
68.392: Application time: 0.0621820 seconds
68.392: [GC [PSYoungGen: 14686K->384K(15360K)] 29683K->15397K(50176K), 0.0003910 secs] [Times: user=0.00 sys=0.00, real=0.00 secs] 
68.393: Total time for which application threads were stopped: 0.0004950 seconds, Stopping threads took: 0.0000440 seconds
68.455: Application time: 0.0623950 seconds
68.455: [GC [PSYoungGen: 14716K->384K(15360K)] 29730K->15629K(50176K), 0.0004100 secs] [Times: user=0.00 sys=0.00, real=0.00 secs] 
68.456: Total time for which application threads were stopped: 0.0005340 seconds, Stopping threads took: 0.0000570 seconds
68.519: Application time: 0.0632620 seconds
68.519: [GC [PSYoungGen: 14717K->320K(15360K)] 29963K->15581K(50176K), 0.0004180 secs] [Times: user=0.00 sys=0.00, real=0.00 secs] 
68.519: Total time for which application threads were stopped: 0.0005280 seconds, Stopping threads took: 0.0000490 seconds
68.583: Application time: 0.0636240 seconds
68.583: [GC [PSYoungGen: 14655K->0K(15360K)] 29916K->15501K(50176K), 0.0004440 secs] [Times: user=0.00 sys=0.00, real=0.00 secs] 
68.584: Total time for which application threads were stopped: 0.0005490 seconds, Stopping threads took: 0.0000430 seconds
68.647: Application time: 0.0636550 seconds
68.647: [GC [PSYoungGen: 14335K->0K(15360K)] 29836K->15501K(50176K), 0.0003710 secs] [Times: user=0.00 sys=0.00, real=0.00 secs] 
68.648: Total time for which application threads were stopped: 0.0004930 seconds, Stopping threads took: 0.0000610 seconds
68.710: Application time: 0.0619050 seconds
68.710: [GC [PSYoungGen: 14333K->416K(15360K)] 29835K->15917K(50176K), 0.0003850 secs] [Times: user=0.00 sys=0.00, real=0.00 secs] 
68.710: Total time for which application threads were stopped: 0.0005190 seconds, Stopping threads took: 0.0000640 seconds
68.774: Application time: 0.0640060 seconds
68.774: [GC [PSYoungGen: 14749K->0K(15360K)] 30250K->15757K(50176K), 0.0004510 secs] [Times: user=0.00 sys=0.00, real=0.00 secs] 
68.775: Total time for which application threads were stopped: 0.0005580 seconds, Stopping threads took: 0.0000470 seconds
68.839: Application time: 0.0637710 seconds
68.839: [GC [PSYoungGen: 14333K->0K(15360K)] 30090K->15757K(50176K), 0.0003550 secs] [Times: user=0.00 sys=0.00, real=0.00 secs] 
68.839: Total time for which application threads were stopped: 0.0004720 seconds, Stopping threads took: 0.0000490 seconds
68.887: Application time: 0.0478790 seconds
68.887: [GC [PSYoungGen: 14334K->384K(15360K)] 30092K->16141K(50176K), 0.0004000 secs] [Times: user=0.00 sys=0.00, real=0.00 secs] 
68.887: Total time for which application threads were stopped: 0.0005260 seconds, Stopping threads took: 0.0000650 seconds
68.934: Application time: 0.0466350 seconds
68.934: [GC [PSYoungGen: 14716K->480K(15360K)] 30474K->16285K(50176K), 0.0005020 secs] [Times: user=0.00 sys=0.00, real=0.00 secs] 
68.935: Total time for which application threads were stopped: 0.0006180 seconds, Stopping threads took: 0.0000570 seconds
68.989: Application time: 0.0542330 seconds
68.989: [GC [PSYoungGen: 14815K->480K(15360K)] 30621K->16317K(50176K), 0.0004030 secs] [Times: user=0.01 sys=0.00, real=0.00 secs] 
68.989: Total time for which application threads were stopped: 0.0005170 seconds, Stopping threads took: 0.0000530 seconds
69.051: Application time: 0.0616000 seconds
69.051: [GC [PSYoungGen: 14814K->320K(15360K)] 30652K->16362K(50176K), 0.0005200 secs] [Times: user=0.00 sys=0.00, real=0.01 secs] 
69.052: Total time for which application threads were stopped: 0.0006370 seconds, Stopping threads took: 0.0000560 seconds
69.091: Application time: 0.0394610 seconds
69.091: [GC [PSYoungGen: 14651K->576K(15360K)] 30694K->16858K(50176K), 0.0004770 secs] [Times: user=0.00 sys=0.00, real=0.01 secs] 
69.092: Total time for which application threads were stopped: 0.0005930 seconds, Stopping threads took: 0.0000530 seconds
69.138: Application time: 0.0458090 seconds
69.138: [GC [PSYoungGen: 14909K->544K(15360K)] 31191K->16890K(50176K), 0.0004270 secs] [Times: user=0.00 sys=0.00, real=0.00 secs] 
69.138: Total time for which application threads were stopped: 0.0005350 seconds, Stopping threads took: 0.0000500 seconds
69.198: Application time: 0.0597110 seconds
69.198: [GC [PSYoungGen: 14880K->544K(15360K)] 31226K->16946K(50176K), 0.0004390 secs] [Times: user=0.00 sys=0.00, real=0.00 secs] 
69.198: Total time for which application threads were stopped: 0.0005380 seconds, Stopping threads took: 0.0000400 seconds
69.261: Application time: 0.0622050 seconds
69.261: [GC [PSYoungGen: 14879K->0K(15360K)] 31281K->16819K(50176K), 0.0004280 secs] [Times: user=0.00 sys=0.00, real=0.00 secs] 
69.261: Total time for which application threads were stopped: 0.0005490 seconds, Stopping threads took: 0.0000610 seconds
69.318: Application time: 0.0570520 seconds
69.318: [GC [PSYoungGen: 14335K->544K(15360K)] 31155K->17363K(50176K), 0.0004170 secs] [Times: user=0.01 sys=0.00, real=0.00 secs] 
69.319: Total time for which application threads were stopped: 0.0005190 seconds, Stopping threads took: 0.0000420 seconds
69.353: Application time: 0.0341600 seconds
69.353: [GC [PSYoungGen: 14875K->768K(14848K)] 31695K->17795K(49664K), 0.0005200 secs] [Times: user=0.00 sys=0.00, real=0.00 secs] 
69.354: Total time for which application threads were stopped: 0.0006360 seconds, Stopping threads took: 0.0000450 seconds
69.404: Application time: 0.0505050 seconds
69.404: [GC [PSYoungGen: 14587K->544K(14848K)] 31615K->17824K(49664K), 0.0005060 secs] [Times: user=0.00 sys=0.00, real=0.00 secs] 
69.405: Total time for which application threads were stopped: 0.0006290 seconds, Stopping threads took: 0.0000630 seconds
69.463: Application time: 0.0583610 seconds
69.463: [GC [PSYoungGen: 14364K->512K(14848K)] 31644K->17848K(49664K), 0.0004450 secs] [Times: user=0.00 sys=0.00, real=0.00 secs] 
69.464: Total time for which application threads were stopped: 0.0005560 seconds, Stopping threads took: 0.0000520 seconds
69.521: Application time: 0.0570380 seconds
69.521: [GC [PSYoungGen: 14334K->544K(14848K)] 31670K->18289K(49664K), 0.0004870 secs] [Times: user=0.00 sys=0.00, real=0.00 secs] 
69.521: Total time for which application threads were stopped: 0.0006090 seconds, Stopping threads took: 0.0000630 seconds
69.582: Application time: 0.0607180 seconds
69.582: [GC [PSYoungGen: 14367K->0K(14848K)] 32113K->18162K(49664K), 0.0004230 secs] [Times: user=0.01 sys=0.00, real=0.00 secs] 
69.582: Total time for which application threads were stopped: 0.0005340 seconds, Stopping threads took: 0.0000510 seconds
69.644: Application time: 0.0611250 seconds
69.644: [GC [PSYoungGen: 13823K->0K(14848K)] 31986K->18162K(49664K), 0.0003680 secs] [Times: user=0.00 sys=0.00, real=0.00 secs] 
69.644: Total time for which application threads were stopped: 0.0004810 seconds, Stopping threads took: 0.0000520 seconds
69.706: Application time: 0.0614190 seconds
69.706: [GC [PSYoungGen: 13821K->0K(14848K)] 31983K->18162K(49664K), 0.0003590 secs] [Times: user=0.00 sys=0.00, real=0.00 secs] 
69.706: Total time for which application threads were stopped: 0.0004680 seconds, Stopping threads took: 0.0000520 seconds
69.756: Application time: 0.0503430 seconds
69.756: [GC [PSYoungGen: 13823K->736K(14848K)] 31985K->18898K(49664K), 0.0004810 secs] [Times: user=0.01 sys=0.00, real=0.00 secs] 
69.757: Total time for which application threads were stopped: 0.0006110 seconds, Stopping threads took: 0.0000670 seconds
69.806: Application time: 0.0490080 seconds
69.806: [GC [PSYoungGen: 14559K->480K(15360K)] 32721K->18858K(50176K), 0.0004760 secs] [Times: user=0.00 sys=0.00, real=0.00 secs] 
69.807: Total time for which application threads were stopped: 0.0005900 seconds, Stopping threads took: 0.0000540 seconds
69.867: Application time: 0.0600990 seconds
69.867: [GC [PSYoungGen: 14303K->256K(14336K)] 32682K->18842K(49152K), 0.0005270 secs] [Times: user=0.00 sys=0.00, real=0.00 secs] 
69.867: Total time for which application threads were stopped: 0.0006560 seconds, Stopping threads took: 0.0000570 seconds
69.928: Application time: 0.0610460 seconds
69.928: [GC [PSYoungGen: 14079K->0K(14848K)] 32666K->18807K(49664K), 0.0003810 secs] [Times: user=0.00 sys=0.00, real=0.00 secs] 
69.929: Total time for which application threads were stopped: 0.0005120 seconds, Stopping threads took: 0.0000670 seconds
69.976: Application time: 0.0469000 seconds
69.976: [GC [PSYoungGen: 13819K->288K(14848K)] 32626K->19095K(49664K), 0.0004990 secs] [Times: user=0.00 sys=0.00, real=0.00 secs] 
69.976: Total time for which application threads were stopped: 0.0006230 seconds, Stopping threads took: 0.0000630 seconds
70.033: Application time: 0.0563830 seconds
70.033: [GC [PSYoungGen: 14111K->352K(14848K)] 32918K->19167K(49664K), 0.0004520 secs] [Times: user=0.00 sys=0.00, real=0.00 secs] 
70.033: Total time for which application threads were stopped: 0.0005700 seconds, Stopping threads took: 0.0000580 seconds
70.093: Application time: 0.0598630 seconds
70.093: [GC [PSYoungGen: 14175K->352K(14848K)] 32990K->19183K(49664K), 0.0004020 secs] [Times: user=0.00 sys=0.00, real=0.00 secs] 
70.094: Total time for which application threads were stopped: 0.0005230 seconds, Stopping threads took: 0.0000590 seconds
70.155: Application time: 0.0609250 seconds
70.155: [GC [PSYoungGen: 14175K->0K(14848K)] 33006K->19051K(49664K), 0.0004200 secs] [Times: user=0.00 sys=0.00, real=0.00 secs] 
70.155: Total time for which application threads were stopped: 0.0005470 seconds, Stopping threads took: 0.0000630 seconds
70.215: Application time: 0.0593260 seconds
70.215: [GC [PSYoungGen: 13822K->400K(14848K)] 32873K->19451K(49664K), 0.0003980 secs] [Times: user=0.00 sys=0.00, real=0.00 secs] 
70.215: Total time for which application threads were stopped: 0.0004940 seconds, Stopping threads took: 0.0000380 seconds
70.276: Application time: 0.0614360 seconds
70.277: [GC [PSYoungGen: 14223K->0K(14848K)] 33275K->19299K(49664K), 0.0004290 secs] [Times: user=0.00 sys=0.00, real=0.00 secs] 
70.277: Total time for which application threads were stopped: 0.0005540 seconds, Stopping threads took: 0.0000640 seconds
70.338: Application time: 0.0614400 seconds
70.339: [GC [PSYoungGen: 13821K->0K(14848K)] 33121K->19299K(49664K), 0.0003440 secs] [Times: user=0.00 sys=0.00, real=0.00 secs] 
70.339: Total time for which application threads were stopped: 0.0004680 seconds, Stopping threads took: 0.0000670 seconds
70.398: Application time: 0.0594460 seconds
70.398: [GC [PSYoungGen: 13823K->384K(14848K)] 33123K->19683K(49664K), 0.0004160 secs] [Times: user=0.00 sys=0.00, real=0.00 secs] 
70.399: Total time for which application threads were stopped: 0.0005250 seconds, Stopping threads took: 0.0000420 seconds
70.461: Application time: 0.0620420 seconds
70.464: [GC [PSYoungGen: 14204K->0K(14848K)] 33504K->19560K(49664K), 0.0004490 secs] [Times: user=0.00 sys=0.00, real=0.00 secs] 
70.464: Total time for which application threads were stopped: 0.0033110 seconds, Stopping threads took: 0.0028030 seconds
70.529: Application time: 0.0645610 seconds
70.529: [GC [PSYoungGen: 13821K->0K(14848K)] 33381K->19560K(49664K), 0.0003650 secs] [Times: user=0.00 sys=0.00, real=0.00 secs] 
70.529: Total time for which application threads were stopped: 0.0005170 seconds, Stopping threads took: 0.0000920 seconds
70.586: Application time: 0.0567910 seconds
70.586: [GC [PSYoungGen: 13823K->352K(14848K)] 33383K->19912K(49664K), 0.0003800 secs] [Times: user=0.00 sys=0.00, real=0.00 secs] 
70.587: Total time for which application threads were stopped: 0.0004890 seconds, Stopping threads took: 0.0000480 seconds
70.628: Application time: 0.0412770 seconds
70.628: [GC [PSYoungGen: 14174K->512K(14848K)] 33734K->20088K(49664K), 0.0004380 secs] [Times: user=0.00 sys=0.00, real=0.00 secs] 
70.628: Total time for which application threads were stopped: 0.0005490 seconds, Stopping threads took: 0.0000510 seconds
70.675: Application time: 0.0462200 seconds
70.675: [GC [PSYoungGen: 14333K->384K(14848K)] 33909K->20220K(49664K), 0.0004440 secs] [Times: user=0.00 sys=0.00, real=0.00 secs] 
70.675: Total time for which application threads were stopped: 0.0005620 seconds, Stopping threads took: 0.0000580 seconds
70.734: Application time: 0.0585030 seconds
70.734: [GC [PSYoungGen: 14204K->512K(14848K)] 34041K->20364K(49664K), 0.0004260 secs] [Times: user=0.00 sys=0.00, real=0.00 secs] 
70.734: Total time for which application threads were stopped: 0.0005500 seconds, Stopping threads took: 0.0000650 seconds
70.796: Application time: 0.0614970 seconds
70.796: [GC [PSYoungGen: 14335K->0K(14848K)] 34188K->20285K(49664K), 0.0004480 secs] [Times: user=0.00 sys=0.00, real=0.00 secs] 
70.796: Total time for which application threads were stopped: 0.0005690 seconds, Stopping threads took: 0.0000620 seconds
70.837: Application time: 0.0407180 seconds
70.837: [GC [PSYoungGen: 13823K->512K(14848K)] 34109K->20797K(49664K), 0.0004520 secs] [Times: user=0.01 sys=0.00, real=0.00 secs] 
70.838: Total time for which application threads were stopped: 0.0005590 seconds, Stopping threads took: 0.0000490 seconds
70.879: Application time: 0.0415290 seconds
70.879: [GC [PSYoungGen: 14333K->544K(14848K)] 34619K->20893K(49664K), 0.0004260 secs] [Times: user=0.00 sys=0.01, real=0.01 secs] 
70.880: Total time for which application threads were stopped: 0.0005370 seconds, Stopping threads took: 0.0000480 seconds
70.938: Application time: 0.0579100 seconds
70.938: [GC [PSYoungGen: 14367K->512K(14848K)] 34716K->20918K(49664K), 0.0004580 secs] [Times: user=0.00 sys=0.00, real=0.00 secs] 
70.938: Total time for which application threads were stopped: 0.0005800 seconds, Stopping threads took: 0.0000540 seconds
70.999: Application time: 0.0605160 seconds
70.999: [GC [PSYoungGen: 14335K->0K(14848K)] 34741K->20818K(49664K), 0.0005130 secs] [Times: user=0.01 sys=0.00, real=0.00 secs] 
70.999: Total time for which application threads were stopped: 0.0006450 seconds, Stopping threads took: 0.0000650 seconds
71.044: Application time: 0.0447370 seconds
71.044: [GC [PSYoungGen: 13821K->544K(14848K)] 34640K->21362K(49664K), 0.0004150 secs] [Times: user=0.00 sys=0.00, real=0.00 secs] 
71.045: Total time for which application threads were stopped: 0.0005350 seconds, Stopping threads took: 0.0000610 seconds
71.084: Application time: 0.0389080 seconds
71.084: [GC [PSYoungGen: 14366K->704K(14848K)] 35184K->21767K(49664K), 0.0005990 secs] [Times: user=0.00 sys=0.00, real=0.00 secs] 
71.084: Total time for which application threads were stopped: 0.0007080 seconds, Stopping threads took: 0.0000490 seconds
71.137: Application time: 0.0525120 seconds
71.137: [GC [PSYoungGen: 14526K->480K(14336K)] 35589K->21755K(49152K), 0.0005270 secs] [Times: user=0.00 sys=0.00, real=0.00 secs] 
71.137: Total time for which application threads were stopped: 0.0006370 seconds, Stopping threads took: 0.0000520 seconds
71.197: Application time: 0.0591690 seconds
71.197: [GC [PSYoungGen: 14303K->352K(14848K)] 35579K->21880K(49664K), 0.0004280 secs] [Times: user=0.00 sys=0.00, real=0.00 secs] 
71.197: Total time for which application threads were stopped: 0.0005450 seconds, Stopping threads took: 0.0000590 seconds
71.256: Application time: 0.0584920 seconds
71.256: [GC [PSYoungGen: 14172K->576K(14848K)] 35700K->22336K(49664K), 0.0004310 secs] [Times: user=0.00 sys=0.00, real=0.00 secs] 
71.256: Total time for which application threads were stopped: 0.0005700 seconds, Stopping threads took: 0.0000810 seconds
71.316: Application time: 0.0595160 seconds
71.316: [GC [PSYoungGen: 14396K->288K(14336K)] 36157K->22260K(49152K), 0.0005150 secs] [Times: user=0.00 sys=0.00, real=0.00 secs] 
71.316: Total time for which application threads were stopped: 0.0006390 seconds, Stopping threads took: 0.0000560 seconds
71.381: Application time: 0.0646020 seconds
71.381: [GC [PSYoungGen: 14108K->0K(14336K)] 36081K->22193K(49152K), 0.0004870 secs] [Times: user=0.00 sys=0.00, real=0.00 secs] 
71.382: Total time for which application threads were stopped: 0.0006050 seconds, Stopping threads took: 0.0000580 seconds
71.445: Application time: 0.0630780 seconds
71.445: [GC [PSYoungGen: 13821K->0K(14848K)] 36014K->22193K(49664K), 0.0003710 secs] [Times: user=0.00 sys=0.00, real=0.00 secs] 
71.445: Total time for which application threads were stopped: 0.0004980 seconds, Stopping threads took: 0.0000540 seconds
71.487: Application time: 0.0417780 seconds
71.487: [GC [PSYoungGen: 13823K->736K(14848K)] 36016K->22929K(49664K), 0.0004540 secs] [Times: user=0.00 sys=0.00, real=0.00 secs] 
71.487: Total time for which application threads were stopped: 0.0005650 seconds, Stopping threads took: 0.0000470 seconds
71.544: Application time: 0.0561460 seconds
71.544: [GC [PSYoungGen: 14556K->512K(14848K)] 36750K->22925K(49664K), 0.0004790 secs] [Times: user=0.00 sys=0.00, real=0.00 secs] 
71.544: Total time for which application threads were stopped: 0.0006220 seconds, Stopping threads took: 0.0000800 seconds
71.605: Application time: 0.0606750 seconds
71.605: [GC [PSYoungGen: 14335K->256K(14336K)] 36749K->22869K(49152K), 0.0005190 secs] [Times: user=0.00 sys=0.00, real=0.00 secs] 
71.606: Total time for which application threads were stopped: 0.0006280 seconds, Stopping threads took: 0.0000500 seconds
71.664: Application time: 0.0587190 seconds
71.664: [GC [PSYoungGen: 14077K->352K(14848K)] 36691K->23194K(49664K), 0.0004480 secs] [Times: user=0.00 sys=0.00, real=0.00 secs] 
71.665: Total time for which application threads were stopped: 0.0005690 seconds, Stopping threads took: 0.0000610 seconds
71.709: Application time: 0.0438440 seconds
71.709: [GC [PSYoungGen: 14171K->384K(14336K)] 37014K->23234K(49152K), 0.0004570 secs] [Times: user=0.00 sys=0.00, real=0.00 secs] 
71.709: Total time for which application threads were stopped: 0.0005590 seconds, Stopping threads took: 0.0000430 seconds
71.769: Application time: 0.0600090 seconds
71.769: [GC [PSYoungGen: 14207K->0K(14848K)] 37058K->23074K(49664K), 0.0004600 secs] [Times: user=0.00 sys=0.00, real=0.00 secs] 
71.770: Total time for which application threads were stopped: 0.0005960 seconds, Stopping threads took: 0.0000640 seconds
71.830: Application time: 0.0596990 seconds
71.830: [GC [PSYoungGen: 13820K->352K(14848K)] 36895K->23426K(49664K), 0.0003970 secs] [Times: user=0.00 sys=0.00, real=0.00 secs] 
71.830: Total time for which application threads were stopped: 0.0005090 seconds, Stopping threads took: 0.0000500 seconds
71.890: Application time: 0.0596390 seconds
71.890: [GC [PSYoungGen: 14172K->320K(14848K)] 37247K->23623K(49664K), 0.0004220 secs] [Times: user=0.00 sys=0.00, real=0.00 secs] 
71.890: Total time for which application threads were stopped: 0.0005470 seconds, Stopping threads took: 0.0000630 seconds
71.950: Application time: 0.0594370 seconds
71.950: [GC [PSYoungGen: 14142K->320K(14848K)] 37445K->23631K(49664K), 0.0004210 secs] [Times: user=0.00 sys=0.00, real=0.00 secs] 
71.950: Total time for which application threads were stopped: 0.0005630 seconds, Stopping threads took: 0.0000640 seconds
72.011: Application time: 0.0612180 seconds
72.012: [GC [PSYoungGen: 14141K->0K(14848K)] 37452K->23559K(49664K), 0.0004190 secs] [Times: user=0.00 sys=0.00, real=0.01 secs] 
72.012: Total time for which application threads were stopped: 0.0005190 seconds, Stopping threads took: 0.0000390 seconds
72.073: Application time: 0.0609440 seconds
72.073: [GC [PSYoungGen: 13821K->0K(14848K)] 37380K->23559K(49664K), 0.0003640 secs] [Times: user=0.01 sys=0.00, real=0.00 secs] 
72.073: Total time for which application threads were stopped: 0.0004780 seconds, Stopping threads took: 0.0000560 seconds
72.133: Application time: 0.0591010 seconds
72.133: [GC [PSYoungGen: 13823K->384K(14848K)] 37383K->23943K(49664K), 0.0004250 secs] [Times: user=0.00 sys=0.00, real=0.00 secs] 
72.133: Total time for which application threads were stopped: 0.0005390 seconds, Stopping threads took: 0.0000560 seconds
72.194: Application time: 0.0612970 seconds
72.194: [GC [PSYoungGen: 14203K->0K(14848K)] 37762K->23807K(49664K), 0.0004040 secs] [Times: user=0.00 sys=0.00, real=0.00 secs] 
72.195: Total time for which application threads were stopped: 0.0005260 seconds, Stopping threads took: 0.0000580 seconds
72.256: Application time: 0.0612960 seconds
72.260: [GC [PSYoungGen: 13819K->0K(14848K)] 37626K->23807K(49664K), 0.0004400 secs] [Times: user=0.00 sys=0.00, real=0.00 secs] 
72.260: Total time for which application threads were stopped: 0.0040180 seconds, Stopping threads took: 0.0035200 seconds
72.314: Application time: 0.0538560 seconds
72.314: [GC [PSYoungGen: 13821K->416K(14848K)] 37629K->24223K(49664K), 0.0004180 secs] [Times: user=0.01 sys=0.00, real=0.00 secs] 
72.315: Total time for which application threads were stopped: 0.0005220 seconds, Stopping threads took: 0.0000460 seconds
72.356: Application time: 0.0413210 seconds
72.356: [GC [PSYoungGen: 14238K->544K(14848K)] 38045K->24407K(49664K), 0.0004930 secs] [Times: user=0.00 sys=0.00, real=0.00 secs] 
72.357: Total time for which application threads were stopped: 0.0006050 seconds, Stopping threads took: 0.0000500 seconds
72.404: Application time: 0.0477890 seconds
72.404: [GC [PSYoungGen: 14367K->384K(14848K)] 38230K->24475K(49664K), 0.0004200 secs] [Times: user=0.00 sys=0.00, real=0.00 secs] 
72.405: Total time for which application threads were stopped: 0.0005150 seconds, Stopping threads took: 0.0000370 seconds
72.463: Application time: 0.0583930 seconds
72.463: [GC [PSYoungGen: 14207K->512K(14848K)] 38299K->24619K(49664K), 0.0004420 secs] [Times: user=0.00 sys=0.00, real=0.00 secs] 
72.464: Total time for which application threads were stopped: 0.0005690 seconds, Stopping threads took: 0.0000600 seconds
72.525: Application time: 0.0609040 seconds
72.525: [GC [PSYoungGen: 14333K->0K(14848K)] 38441K->24547K(49664K), 0.0004660 secs] [Times: user=0.00 sys=0.00, real=0.00 secs] 
72.525: Total time for which application threads were stopped: 0.0005870 seconds, Stopping threads took: 0.0000580 seconds
72.562: Application time: 0.0363320 seconds
72.562: [GC [PSYoungGen: 13821K->592K(14848K)] 38369K->25139K(49664K), 0.0004530 secs] [Times: user=0.00 sys=0.00, real=0.00 secs] 
72.562: Total time for which application threads were stopped: 0.0005520 seconds, Stopping threads took: 0.0000400 seconds
72.607: Application time: 0.0448170 seconds
72.607: [GC [PSYoungGen: 14413K->544K(14848K)] 38961K->25139K(49664K), 0.0004380 secs] [Times: user=0.00 sys=0.00, real=0.00 secs] 
72.608: Total time for which application threads were stopped: 0.0005510 seconds, Stopping threads took: 0.0000540 seconds
72.665: Application time: 0.0578790 seconds
72.666: [GC [PSYoungGen: 14367K->512K(14848K)] 38962K->25163K(49664K), 0.0004420 secs] [Times: user=0.01 sys=0.00, real=0.00 secs] 
72.666: Total time for which application threads were stopped: 0.0005500 seconds, Stopping threads took: 0.0000480 seconds
72.726: Application time: 0.0602040 seconds
72.726: [GC [PSYoungGen: 14333K->0K(14848K)] 38985K->25077K(49664K), 0.0004230 secs] [Times: user=0.00 sys=0.00, real=0.00 secs] 
72.727: Total time for which application threads were stopped: 0.0005360 seconds, Stopping threads took: 0.0000530 seconds
72.773: Application time: 0.0462580 seconds
72.773: [GC [PSYoungGen: 13822K->896K(14848K)] 38899K->25973K(49664K), 0.0005360 secs] [Times: user=0.00 sys=0.00, real=0.00 secs] 
72.774: Total time for which application threads were stopped: 0.0006450 seconds, Stopping threads took: 0.0000500 seconds
72.807: Application time: 0.0333030 seconds
72.807: [GC [PSYoungGen: 14715K->720K(15360K)] 39792K->25993K(50176K), 0.0005720 secs] [Times: user=0.00 sys=0.00, real=0.00 secs] 
72.808: Total time for which application threads were stopped: 0.0006850 seconds, Stopping threads took: 0.0000540 seconds
72.865: Application time: 0.0576110 seconds
72.865: [GC [PSYoungGen: 14541K->352K(15360K)] 39815K->26098K(50176K), 0.0004880 secs] [Times: user=0.00 sys=0.00, real=0.00 secs] 
72.866: Total time for which application threads were stopped: 0.0006130 seconds, Stopping threads took: 0.0000620 seconds
72.924: Application time: 0.0584570 seconds
72.924: [GC [PSYoungGen: 14175K->512K(15360K)] 39921K->26274K(50176K), 0.0004460 secs] [Times: user=0.01 sys=0.00, real=0.00 secs] 
72.925: Total time for which application threads were stopped: 0.0005550 seconds, Stopping threads took: 0.0000490 seconds
72.982: Application time: 0.0570310 seconds
72.982: [GC [PSYoungGen: 14334K->544K(15360K)] 40096K->26718K(50176K), 0.0005450 secs] [Times: user=0.00 sys=0.00, real=0.00 secs] 
72.983: Total time for which application threads were stopped: 0.0006640 seconds, Stopping threads took: 0.0000500 seconds
73.044: Application time: 0.0610180 seconds
73.044: [GC [PSYoungGen: 14365K->0K(15360K)] 40540K->26603K(50176K), 0.0004540 secs] [Times: user=0.00 sys=0.00, real=0.00 secs] 
73.044: Total time for which application threads were stopped: 0.0005780 seconds, Stopping threads took: 0.0000590 seconds
73.105: Application time: 0.0609470 seconds
73.105: [GC [PSYoungGen: 13823K->0K(15360K)] 40427K->26603K(50176K), 0.0003670 secs] [Times: user=0.00 sys=0.00, real=0.00 secs] 
73.106: Total time for which application threads were stopped: 0.0004920 seconds, Stopping threads took: 0.0000630 seconds
73.166: Application time: 0.0608660 seconds
73.167: [GC [PSYoungGen: 13821K->0K(15360K)] 40425K->26603K(50176K), 0.0003760 secs] [Times: user=0.00 sys=0.00, real=0.00 secs] 
73.167: Total time for which application threads were stopped: 0.0004860 seconds, Stopping threads took: 0.0000520 seconds
73.208: Application time: 0.0413460 seconds
73.208: [GC [PSYoungGen: 13821K->704K(15360K)] 40425K->27307K(50176K), 0.0005040 secs] [Times: user=0.01 sys=0.00, real=0.00 secs] 
73.209: Total time for which application threads were stopped: 0.0006100 seconds, Stopping threads took: 0.0000450 seconds
73.266: Application time: 0.0570480 seconds
73.266: [GC [PSYoungGen: 14525K->288K(15360K)] 41128K->27292K(50176K), 0.0004660 secs] [Times: user=0.00 sys=0.00, real=0.00 secs] 
73.267: Total time for which application threads were stopped: 0.0005870 seconds, Stopping threads took: 0.0000560 seconds
73.327: Application time: 0.0604450 seconds
73.327: [GC [PSYoungGen: 14111K->384K(14336K)] 41116K->27404K(49152K), 0.0004530 secs] [Times: user=0.01 sys=0.00, real=0.00 secs] 
73.328: Total time for which application threads were stopped: 0.0005720 seconds, Stopping threads took: 0.0000560 seconds
73.384: Application time: 0.0563630 seconds
73.388: [GC [PSYoungGen: 14207K->352K(14848K)] 41228K->27604K(49664K), 0.0004390 secs] [Times: user=0.00 sys=0.00, real=0.00 secs] 
73.388: Total time for which application threads were stopped: 0.0042710 seconds, Stopping threads took: 0.0037700 seconds
73.435: Application time: 0.0470960 seconds
73.435: [GC [PSYoungGen: 14171K->416K(14848K)] 41424K->27692K(49664K), 0.0004370 secs] [Times: user=0.00 sys=0.00, real=0.00 secs] 
73.436: Total time for which application threads were stopped: 0.0005560 seconds, Stopping threads took: 0.0000590 seconds
73.496: Application time: 0.0599710 seconds
73.500: [GC [PSYoungGen: 14239K->352K(14848K)] 41516K->27644K(49664K), 0.0004820 secs] [Times: user=0.00 sys=0.00, real=0.00 secs] 
73.500: Total time for which application threads were stopped: 0.0044260 seconds, Stopping threads took: 0.0038700 seconds
73.562: Application time: 0.0612500 seconds
73.562: [GC [PSYoungGen: 14175K->0K(14848K)] 41468K->27505K(49664K), 0.0003960 secs] [Times: user=0.00 sys=0.00, real=0.00 secs] 
73.562: Total time for which application threads were stopped: 0.0005060 seconds, Stopping threads took: 0.0000490 seconds
73.621: Application time: 0.0590890 seconds
73.621: [GC [PSYoungGen: 13819K->384K(14848K)] 41324K->27889K(49664K), 0.0004100 secs] [Times: user=0.01 sys=0.00, real=0.00 secs] 
73.622: Total time for which application threads were stopped: 0.0005380 seconds, Stopping threads took: 0.0000700 seconds
73.683: Application time: 0.0611980 seconds
73.684: [GC [PSYoungGen: 14207K->0K(14848K)] 41712K->27757K(49664K), 0.0004350 secs] [Times: user=0.00 sys=0.00, real=0.00 secs] 
73.684: Total time for which application threads were stopped: 0.0013430 seconds, Stopping threads took: 0.0008480 seconds
73.746: Application time: 0.0616840 seconds
73.748: [GC [PSYoungGen: 13823K->0K(14848K)] 41580K->27757K(49664K), 0.0004600 secs] [Times: user=0.00 sys=0.00, real=0.00 secs] 
73.748: Total time for which application threads were stopped: 0.0023510 seconds, Stopping threads took: 0.0018280 seconds
73.809: Application time: 0.0604070 seconds
73.812: [GC [PSYoungGen: 13761K->224K(14848K)] 41518K->27981K(49664K), 0.0004310 secs] [Times: user=0.00 sys=0.00, real=0.00 secs] 
73.812: Total time for which application threads were stopped: 0.0035480 seconds, Stopping threads took: 0.0030580 seconds
73.873: Application time: 0.0604740 seconds
73.873: [GC [PSYoungGen: 14044K->352K(14848K)] 41801K->28165K(49664K), 0.0004050 secs] [Times: user=0.00 sys=0.00, real=0.00 secs] 
73.873: Total time for which application threads were stopped: 0.0005240 seconds, Stopping threads took: 0.0000580 seconds
73.935: Application time: 0.0615710 seconds
73.935: [GC [PSYoungGen: 14171K->0K(14848K)] 41984K->28037K(49664K), 0.0004120 secs] [Times: user=0.00 sys=0.00, real=0.00 secs] 
73.935: Total time for which application threads were stopped: 0.0005300 seconds, Stopping threads took: 0.0000590 seconds
73.997: Application time: 0.0617600 seconds
73.997: [GC [PSYoungGen: 13821K->0K(14848K)] 41858K->28037K(49664K), 0.0003720 secs] [Times: user=0.00 sys=0.00, real=0.00 secs] 
73.998: Total time for which application threads were stopped: 0.0004890 seconds, Stopping threads took: 0.0000570 seconds
74.049: Application time: 0.0510000 seconds
74.049: [GC [PSYoungGen: 13822K->384K(14848K)] 41860K->28421K(49664K), 0.0004320 secs] [Times: user=0.00 sys=0.00, real=0.00 secs] 
74.049: Total time for which application threads were stopped: 0.0005550 seconds, Stopping threads took: 0.0000540 seconds
74.088: Application time: 0.0388800 seconds
74.088: [GC [PSYoungGen: 14206K->544K(14848K)] 42243K->28629K(49664K), 0.0004520 secs] [Times: user=0.00 sys=0.00, real=0.00 secs] 
74.089: Total time for which application threads were stopped: 0.0005760 seconds, Stopping threads took: 0.0000580 seconds
74.142: Application time: 0.0530460 seconds
74.142: [GC [PSYoungGen: 14366K->480K(14848K)] 42451K->28573K(49664K), 0.0004430 secs] [Times: user=0.01 sys=0.00, real=0.00 secs] 
74.142: Total time for which application threads were stopped: 0.0005650 seconds, Stopping threads took: 0.0000610 seconds
74.202: Application time: 0.0597290 seconds
74.202: [GC [PSYoungGen: 14303K->320K(14848K)] 42397K->28633K(49664K), 0.0004440 secs] [Times: user=0.00 sys=0.00, real=0.00 secs] 
74.202: Total time for which application threads were stopped: 0.0005540 seconds, Stopping threads took: 0.0000510 seconds
74.262: Application time: 0.0594400 seconds
74.262: [GC [PSYoungGen: 14142K->320K(14848K)] 42456K->28873K(49664K), 0.0005010 secs] [Times: user=0.00 sys=0.00, real=0.00 secs] 
74.263: Total time for which application threads were stopped: 0.0006120 seconds, Stopping threads took: 0.0000500 seconds
74.298: Application time: 0.0355010 seconds
74.298: [GC [PSYoungGen: 14139K->544K(14848K)] 42693K->29153K(49664K), 0.0004420 secs] [Times: user=0.00 sys=0.00, real=0.00 secs] 
74.299: Total time for which application threads were stopped: 0.0005410 seconds, Stopping threads took: 0.0000400 seconds
74.347: Application time: 0.0485610 seconds
74.347: [GC [PSYoungGen: 14363K->480K(14848K)] 42973K->29113K(49664K), 0.0004400 secs] [Times: user=0.00 sys=0.00, real=0.00 secs] 
74.348: Total time for which application threads were stopped: 0.0005480 seconds, Stopping threads took: 0.0000460 seconds
74.406: Application time: 0.0581480 seconds
74.406: [GC [PSYoungGen: 14301K->544K(14848K)] 42934K->29241K(49664K), 0.0004370 secs] [Times: user=0.00 sys=0.00, real=0.00 secs] 
74.406: Total time for which application threads were stopped: 0.0005610 seconds, Stopping threads took: 0.0000590 seconds
74.465: Application time: 0.0590410 seconds
74.466: [GC [PSYoungGen: 14367K->416K(14848K)] 43065K->29518K(49664K), 0.0004660 secs] [Times: user=0.00 sys=0.00, real=0.00 secs] 
74.466: Total time for which application threads were stopped: 0.0005790 seconds, Stopping threads took: 0.0000510 seconds
74.523: Application time: 0.0565750 seconds
74.523: [GC [PSYoungGen: 14239K->512K(14848K)] 43341K->29827K(49664K), 0.0004820 secs] [Times: user=0.00 sys=0.00, real=0.00 secs] 
74.523: Total time for which application threads were stopped: 0.0006040 seconds, Stopping threads took: 0.0000620 seconds
74.557: Application time: 0.0342630 seconds
74.558: [GC [PSYoungGen: 14332K->576K(14848K)] 43647K->30115K(49664K), 0.0004780 secs] [Times: user=0.00 sys=0.00, real=0.00 secs] 
74.558: Total time for which application threads were stopped: 0.0005920 seconds, Stopping threads took: 0.0000450 seconds
74.608: Application time: 0.0494400 seconds
74.608: [GC [PSYoungGen: 14397K->512K(14848K)] 43936K->30107K(49664K), 0.0004590 secs] [Times: user=0.00 sys=0.01, real=0.00 secs] 
74.608: Total time for which application threads were stopped: 0.0005740 seconds, Stopping threads took: 0.0000530 seconds
74.666: Application time: 0.0582820 seconds
74.668: [GC [PSYoungGen: 14334K->512K(14848K)] 43929K->30171K(49664K), 0.0004380 secs] [Times: user=0.00 sys=0.00, real=0.00 secs] 
74.668: Total time for which application threads were stopped: 0.0018300 seconds, Stopping threads took: 0.0013330 seconds
74.726: Application time: 0.0578720 seconds
74.726: [GC [PSYoungGen: 14332K->576K(14848K)] 43992K->30639K(49664K), 0.0005020 secs] [Times: user=0.00 sys=0.00, real=0.00 secs] 
74.727: Total time for which application threads were stopped: 0.0006070 seconds, Stopping threads took: 0.0000460 seconds
74.786: Application time: 0.0597830 seconds
74.787: [GC [PSYoungGen: 14399K->352K(14848K)] 44463K->30644K(49664K), 0.0004590 secs] [Times: user=0.00 sys=0.00, real=0.00 secs] 
74.787: Total time for which application threads were stopped: 0.0005830 seconds, Stopping threads took: 0.0000630 seconds
74.848: Application time: 0.0608310 seconds
74.848: [GC [PSYoungGen: 14175K->0K(14848K)] 44468K->30512K(49664K), 0.0004160 secs] [Times: user=0.00 sys=0.00, real=0.00 secs] 
74.848: Total time for which application threads were stopped: 0.0005340 seconds, Stopping threads took: 0.0000530 seconds
74.903: Application time: 0.0543080 seconds
74.903: [GC [PSYoungGen: 13821K->384K(14848K)] 44334K->30896K(49664K), 0.0004190 secs] [Times: user=0.00 sys=0.00, real=0.00 secs] 
74.903: Total time for which application threads were stopped: 0.0005230 seconds, Stopping threads took: 0.0000440 seconds
74.950: Application time: 0.0465220 seconds
74.950: [GC [PSYoungGen: 14204K->480K(14848K)] 44717K->31016K(49664K), 0.0004810 secs] [Times: user=0.00 sys=0.00, real=0.00 secs] 
74.950: Total time for which application threads were stopped: 0.0005890 seconds, Stopping threads took: 0.0000510 seconds
75.007: Application time: 0.0567590 seconds
75.007: [GC [PSYoungGen: 14299K->832K(14848K)] 44836K->31384K(49664K), 0.0005010 secs] [Times: user=0.01 sys=0.00, real=0.00 secs] 
75.008: Total time for which application threads were stopped: 0.0006250 seconds, Stopping threads took: 0.0000620 seconds
75.069: Application time: 0.0614300 seconds
75.069: [GC [PSYoungGen: 14651K->0K(14848K)] 45204K->31301K(49664K), 0.0004920 secs] [Times: user=0.00 sys=0.00, real=0.00 secs] 
75.070: Total time for which application threads were stopped: 0.0006320 seconds, Stopping threads took: 0.0000730 seconds
75.124: Application time: 0.0538790 seconds
75.124: [GC [PSYoungGen: 13821K->320K(14848K)] 45123K->31621K(49664K), 0.0004270 secs] [Times: user=0.00 sys=0.00, real=0.00 secs] 
75.124: Total time for which application threads were stopped: 0.0005470 seconds, Stopping threads took: 0.0000580 seconds
75.173: Application time: 0.0488690 seconds
75.173: [GC [PSYoungGen: 14139K->352K(14848K)] 45440K->31661K(49664K), 0.0004090 secs] [Times: user=0.00 sys=0.00, real=0.00 secs] 
75.174: Total time for which application threads were stopped: 0.0005220 seconds, Stopping threads took: 0.0000570 seconds
75.233: Application time: 0.0597030 seconds
75.233: [GC [PSYoungGen: 14175K->352K(14848K)] 45485K->31685K(49664K), 0.0004080 secs] [Times: user=0.00 sys=0.00, real=0.00 secs] 
75.234: Total time for which application threads were stopped: 0.0005470 seconds, Stopping threads took: 0.0000770 seconds
75.295: Application time: 0.0609730 seconds
75.295: [GC [PSYoungGen: 14175K->0K(14848K)] 45509K->31553K(49664K), 0.0004400 secs] [Times: user=0.00 sys=0.00, real=0.00 secs] 
75.295: Total time for which application threads were stopped: 0.0005550 seconds, Stopping threads took: 0.0000590 seconds
75.354: Application time: 0.0586430 seconds
75.354: [GC [PSYoungGen: 13819K->384K(14848K)] 45373K->31937K(49664K), 0.0004230 secs] [Times: user=0.00 sys=0.00, real=0.00 secs] 
75.355: Total time for which application threads were stopped: 0.0005400 seconds, Stopping threads took: 0.0000590 seconds
75.416: Application time: 0.0608720 seconds
75.416: [GC [PSYoungGen: 14205K->0K(14848K)] 45759K->31798K(49664K), 0.0004480 secs] [Times: user=0.01 sys=0.00, real=0.00 secs] 
75.416: Total time for which application threads were stopped: 0.0005630 seconds, Stopping threads took: 0.0000540 seconds
75.478: Application time: 0.0620340 seconds
75.478: [GC [PSYoungGen: 13823K->0K(14848K)] 45621K->31798K(49664K), 0.0004200 secs] [Times: user=0.00 sys=0.00, real=0.00 secs] 
75.479: Total time for which application threads were stopped: 0.0005360 seconds, Stopping threads took: 0.0000560 seconds
75.539: Application time: 0.0601330 seconds
75.539: [GC [PSYoungGen: 13822K->320K(14848K)] 45620K->32118K(49664K), 0.0004680 secs] [Times: user=0.00 sys=0.00, real=0.00 secs] 
75.539: Total time for which application threads were stopped: 0.0005850 seconds, Stopping threads took: 0.0000570 seconds
75.600: Application time: 0.0604730 seconds
75.600: [GC [PSYoungGen: 14143K->352K(14848K)] 45942K->32214K(49664K), 0.0004450 secs] [Times: user=0.00 sys=0.00, real=0.00 secs] 
75.600: Total time for which application threads were stopped: 0.0005740 seconds, Stopping threads took: 0.0000610 seconds
75.662: Application time: 0.0614950 seconds
75.662: [GC [PSYoungGen: 14171K->0K(14848K)] 46034K->32075K(49664K), 0.0004270 secs] [Times: user=0.00 sys=0.00, real=0.00 secs] 
75.662: Total time for which application threads were stopped: 0.0005480 seconds, Stopping threads took: 0.0000620 seconds
75.724: Application time: 0.0613260 seconds
75.724: [GC [PSYoungGen: 13819K->0K(14848K)] 45894K->32075K(49664K), 0.0004330 secs] [Times: user=0.00 sys=0.00, real=0.00 secs] 
75.724: Total time for which application threads were stopped: 0.0005470 seconds, Stopping threads took: 0.0000550 seconds
75.769: Application time: 0.0441650 seconds
75.769: [GC [PSYoungGen: 13820K->576K(14848K)] 45895K->32651K(49664K), 0.0004960 secs] [Times: user=0.00 sys=0.00, real=0.00 secs] 
75.769: Total time for which application threads were stopped: 0.0005990 seconds, Stopping threads took: 0.0000440 seconds
75.807: Application time: 0.0383130 seconds
75.808: [GC [PSYoungGen: 14396K->512K(14848K)] 46471K->32635K(49664K), 0.0004510 secs] [Times: user=0.00 sys=0.00, real=0.00 secs] 
75.808: Total time for which application threads were stopped: 0.0005660 seconds, Stopping threads took: 0.0000480 seconds
75.867: Application time: 0.0588400 seconds
75.867: [GC [PSYoungGen: 14333K->288K(14848K)] 46456K->32615K(49664K), 0.0004770 secs] [Times: user=0.00 sys=0.00, real=0.00 secs] 
75.867: Total time for which application threads were stopped: 0.0005910 seconds, Stopping threads took: 0.0000530 seconds
75.927: Application time: 0.0595840 seconds
75.927: [GC [PSYoungGen: 14111K->384K(14848K)] 46439K->32932K(49664K), 0.0004560 secs] [Times: user=0.00 sys=0.00, real=0.00 secs] 
75.928: Total time for which application threads were stopped: 0.0005900 seconds, Stopping threads took: 0.0000730 seconds
75.986: Application time: 0.0580970 seconds
75.986: [GC [PSYoungGen: 14204K->320K(14848K)] 46752K->33116K(49664K), 0.0005120 secs] [Times: user=0.00 sys=0.00, real=0.00 secs] 
75.986: Total time for which application threads were stopped: 0.0006160 seconds, Stopping threads took: 0.0000440 seconds
76.023: Application time: 0.0366890 seconds
76.023: [GC [PSYoungGen: 14140K->544K(14848K)] 46937K->33396K(49664K), 0.0004450 secs] [Times: user=0.00 sys=0.00, real=0.00 secs] 
76.024: Total time for which application threads were stopped: 0.0005500 seconds, Stopping threads took: 0.0000460 seconds
76.070: Application time: 0.0466750 seconds
76.070: [GC [PSYoungGen: 14365K->512K(14848K)] 47218K->33380K(49664K), 0.0004730 secs] [Times: user=0.00 sys=0.00, real=0.00 secs] 
76.071: Total time for which application threads were stopped: 0.0005930 seconds, Stopping threads took: 0.0000600 seconds
76.129: Application time: 0.0577870 seconds
76.129: [GC [PSYoungGen: 14335K->480K(14848K)] 47203K->33404K(49664K), 0.0004600 secs] [Times: user=0.00 sys=0.00, real=0.00 secs] 
76.129: Total time for which application threads were stopped: 0.0005850 seconds, Stopping threads took: 0.0000570 seconds
76.187: Application time: 0.0576690 seconds
76.187: [GC [PSYoungGen: 14300K->544K(14848K)] 47225K->33877K(49664K), 0.0005020 secs] [Times: user=0.00 sys=0.00, real=0.00 secs] 
76.187: Total time for which application threads were stopped: 0.0006160 seconds, Stopping threads took: 0.0000500 seconds
76.244: Application time: 0.0561360 seconds
76.244: [GC [PSYoungGen: 14367K->736K(14848K)] 47700K->34410K(49664K), 0.0005170 secs] [Times: user=0.00 sys=0.00, real=0.00 secs] 
76.244: Total time for which application threads were stopped: 0.0006410 seconds, Stopping threads took: 0.0000640 seconds
76.278: Application time: 0.0333800 seconds
76.278: [GC [PSYoungGen: 14558K->544K(14848K)] 48232K->34442K(49664K), 0.0005130 secs] [Times: user=0.00 sys=0.00, real=0.00 secs] 
76.278: Total time for which application threads were stopped: 0.0006310 seconds, Stopping threads took: 0.0000580 seconds
76.329: Application time: 0.0507560 seconds
76.329: [GC [PSYoungGen: 14365K->544K(14848K)] 48263K->34506K(49664K), 0.0004700 secs] [Times: user=0.00 sys=0.00, real=0.00 secs] 
76.330: Total time for which application threads were stopped: 0.0005970 seconds, Stopping threads took: 0.0000590 seconds
76.388: Application time: 0.0579200 seconds
76.388: [GC [PSYoungGen: 14367K->480K(14848K)] 48329K->34490K(49664K), 0.0004840 secs] [Times: user=0.00 sys=0.00, real=0.00 secs] 
76.389: Total time for which application threads were stopped: 0.0017880 seconds, Stopping threads took: 0.0000680 seconds
76.447: Application time: 0.0572040 seconds
76.447: [GC [PSYoungGen: 14301K->512K(14848K)] 48312K->34939K(49664K), 0.0005340 secs] [Times: user=0.00 sys=0.00, real=0.00 secs] 
76.447: [Full GC [PSYoungGen: 512K->0K(14848K)] [ParOldGen: 34427K->4379K(34304K)] 34939K->4379K(49152K) [PSPermGen: 5543K->5543K(21504K)], 0.0057320 secs] [Times: user=0.02 sys=0.00, real=0.01 secs] 
76.453: Total time for which application threads were stopped: 0.0064300 seconds, Stopping threads took: 0.0000610 seconds
76.514: Application time: 0.0607380 seconds
76.514: [GC [PSYoungGen: 13821K->0K(14848K)] 18201K->4379K(49152K), 0.0003830 secs] [Times: user=0.00 sys=0.00, real=0.00 secs] 
76.514: Total time for which application threads were stopped: 0.0005150 seconds, Stopping threads took: 0.0000710 seconds
76.575: Application time: 0.0608270 seconds
76.575: [GC [PSYoungGen: 13823K->0K(14848K)] 18203K->4379K(49152K), 0.0003320 secs] [Times: user=0.00 sys=0.00, real=0.00 secs] 
76.576: Total time for which application threads were stopped: 0.0004460 seconds, Stopping threads took: 0.0000570 seconds
76.628: Application time: 0.0528070 seconds
76.628: [GC [PSYoungGen: 13823K->384K(14848K)] 18203K->4763K(49152K), 0.0003800 secs] [Times: user=0.00 sys=0.00, real=0.00 secs] 
76.629: Total time for which application threads were stopped: 0.0004920 seconds, Stopping threads took: 0.0000510 seconds
76.676: Application time: 0.0470550 seconds
76.676: [GC [PSYoungGen: 14207K->704K(14848K)] 18587K->5091K(49152K), 0.0004350 secs] [Times: user=0.00 sys=0.00, real=0.00 secs] 
76.676: Total time for which application threads were stopped: 0.0005600 seconds, Stopping threads took: 0.0000540 seconds
76.734: Application time: 0.0578160 seconds
76.734: [GC [PSYoungGen: 14528K->864K(14336K)] 18915K->5275K(48640K), 0.0005100 secs] [Times: user=0.00 sys=0.00, real=0.00 secs] 
76.735: Total time for which application threads were stopped: 0.0006480 seconds, Stopping threads took: 0.0000760 seconds
76.794: Application time: 0.0588780 seconds
76.794: [GC [PSYoungGen: 14175K->0K(14848K)] 18587K->5025K(49152K), 0.0004390 secs] [Times: user=0.00 sys=0.00, real=0.00 secs] 
76.794: Total time for which application threads were stopped: 0.0005630 seconds, Stopping threads took: 0.0000650 seconds
76.843: Application time: 0.0483500 seconds
76.843: [GC [PSYoungGen: 13307K->384K(13824K)] 18333K->5409K(48128K), 0.0004090 secs] [Times: user=0.00 sys=0.00, real=0.00 secs] 
76.843: Total time for which application threads were stopped: 0.0005240 seconds, Stopping threads took: 0.0000530 seconds
76.893: Application time: 0.0501300 seconds
76.893: [GC [PSYoungGen: 13691K->352K(14336K)] 18717K->5393K(48640K), 0.0003760 secs] [Times: user=0.00 sys=0.00, real=0.00 secs] 
76.894: Total time for which application threads were stopped: 0.0004980 seconds, Stopping threads took: 0.0000630 seconds
76.951: Application time: 0.0575930 seconds
76.952: [GC [PSYoungGen: 13663K->352K(14336K)] 18704K->5409K(48640K), 0.0003920 secs] [Times: user=0.00 sys=0.00, real=0.01 secs] 
76.952: Total time for which application threads were stopped: 0.0005250 seconds, Stopping threads took: 0.0000720 seconds
77.011: Application time: 0.0586770 seconds
77.011: [GC [PSYoungGen: 13661K->0K(14336K)] 18718K->5278K(48640K), 0.0003640 secs] [Times: user=0.00 sys=0.00, real=0.00 secs] 
77.011: Total time for which application threads were stopped: 0.0004760 seconds, Stopping threads took: 0.0000520 seconds
77.068: Application time: 0.0565790 seconds
77.068: [GC [PSYoungGen: 13311K->384K(14336K)] 18589K->5662K(48640K), 0.0003670 secs] [Times: user=0.00 sys=0.00, real=0.00 secs] 
77.068: Total time for which application threads were stopped: 0.0004840 seconds, Stopping threads took: 0.0000580 seconds
77.127: Application time: 0.0588120 seconds
77.127: [GC [PSYoungGen: 13693K->0K(14336K)] 18971K->5514K(48640K), 0.0004380 secs] [Times: user=0.01 sys=0.00, real=0.00 secs] 
77.128: Total time for which application threads were stopped: 0.0005440 seconds, Stopping threads took: 0.0000440 seconds
77.187: Application time: 0.0591970 seconds
77.187: [GC [PSYoungGen: 13309K->0K(14336K)] 18824K->5514K(48640K), 0.0003640 secs] [Times: user=0.00 sys=0.00, real=0.00 secs] 
77.187: Total time for which application threads were stopped: 0.0004880 seconds, Stopping threads took: 0.0000600 seconds
77.245: Application time: 0.0578870 seconds
77.245: [GC [PSYoungGen: 13311K->352K(14336K)] 18826K->5866K(48640K), 0.0003870 secs] [Times: user=0.00 sys=0.00, real=0.00 secs] 
77.246: Total time for which application threads were stopped: 0.0004930 seconds, Stopping threads took: 0.0000490 seconds
77.304: Application time: 0.0584060 seconds
77.304: [GC [PSYoungGen: 13663K->352K(14336K)] 19177K->5930K(48640K), 0.0003920 secs] [Times: user=0.00 sys=0.00, real=0.00 secs] 
77.305: Total time for which application threads were stopped: 0.0004890 seconds, Stopping threads took: 0.0000420 seconds
77.364: Application time: 0.0594160 seconds
77.364: [GC [PSYoungGen: 13661K->0K(14336K)] 19240K->5802K(48640K), 0.0003890 secs] [Times: user=0.00 sys=0.00, real=0.00 secs] 
77.364: Total time for which application threads were stopped: 0.0005070 seconds, Stopping threads took: 0.0000590 seconds
77.424: Application time: 0.0591710 seconds
77.424: [GC [PSYoungGen: 13309K->0K(14336K)] 19112K->5802K(48640K), 0.0003470 secs] [Times: user=0.00 sys=0.00, real=0.00 secs] 
77.424: Total time for which application threads were stopped: 0.0004700 seconds, Stopping threads took: 0.0000690 seconds
77.471: Application time: 0.0469230 seconds
77.471: [GC [PSYoungGen: 13308K->400K(14336K)] 19110K->6202K(48640K), 0.0003810 secs] [Times: user=0.01 sys=0.00, real=0.00 secs] 
77.472: Total time for which application threads were stopped: 0.0004900 seconds, Stopping threads took: 0.0000480 seconds
77.508: Application time: 0.0369250 seconds
77.509: [GC [PSYoungGen: 13710K->544K(14336K)] 19512K->6402K(48640K), 0.0004220 secs] [Times: user=0.00 sys=0.00, real=0.00 secs] 
77.509: Total time for which application threads were stopped: 0.0005280 seconds, Stopping threads took: 0.0000500 seconds
77.560: Application time: 0.0513000 seconds
77.560: [GC [PSYoungGen: 13851K->512K(14336K)] 19710K->6394K(48640K), 0.0004170 secs] [Times: user=0.00 sys=0.00, real=0.00 secs] 
77.561: Total time for which application threads were stopped: 0.0005360 seconds, Stopping threads took: 0.0000610 seconds
77.619: Application time: 0.0578110 seconds
77.619: [GC [PSYoungGen: 13821K->384K(14336K)] 19704K->6479K(48640K), 0.0004020 secs] [Times: user=0.00 sys=0.00, real=0.00 secs] 
77.619: Total time for which application threads were stopped: 0.0005150 seconds, Stopping threads took: 0.0000550 seconds
77.678: Application time: 0.0585210 seconds
77.678: [GC [PSYoungGen: 13693K->0K(14336K)] 19788K->6347K(48640K), 0.0003750 secs] [Times: user=0.00 sys=0.00, real=0.00 secs] 
77.678: Total time for which application threads were stopped: 0.0004920 seconds, Stopping threads took: 0.0000610 seconds
77.726: Application time: 0.0477300 seconds
77.728: [GC [PSYoungGen: 13309K->448K(14336K)] 19657K->6795K(48640K), 0.0004450 secs] [Times: user=0.00 sys=0.00, real=0.00 secs] 
77.728: Total time for which application threads were stopped: 0.0023410 seconds, Stopping threads took: 0.0018250 seconds
77.763: Application time: 0.0346130 seconds
77.763: [GC [PSYoungGen: 13759K->480K(14336K)] 20107K->6883K(48640K), 0.0004060 secs] [Times: user=0.01 sys=0.00, real=0.00 secs] 
77.763: Total time for which application threads were stopped: 0.0005450 seconds, Stopping threads took: 0.0000740 seconds
77.815: Application time: 0.0519280 seconds
77.820: [GC [PSYoungGen: 13785K->384K(14336K)] 20188K->6795K(48640K), 0.0004590 secs] [Times: user=0.00 sys=0.00, real=0.00 secs] 
77.820: Total time for which application threads were stopped: 0.0049210 seconds, Stopping threads took: 0.0043970 seconds
77.876: Application time: 0.0555170 seconds
77.876: [GC [PSYoungGen: 13694K->640K(14336K)] 20106K->7176K(48640K), 0.0004700 secs] [Times: user=0.00 sys=0.00, real=0.00 secs] 
77.876: Total time for which application threads were stopped: 0.0006210 seconds, Stopping threads took: 0.0000880 seconds
77.932: Application time: 0.0557760 seconds
77.932: [GC [PSYoungGen: 13950K->512K(14336K)] 20486K->7405K(48640K), 0.0004630 secs] [Times: user=0.01 sys=0.00, real=0.00 secs] 
77.933: Total time for which application threads were stopped: 0.0005720 seconds, Stopping threads took: 0.0000480 seconds
77.988: Application time: 0.0548490 seconds
77.988: [GC [PSYoungGen: 13822K->352K(14336K)] 20715K->7662K(48640K), 0.0004700 secs] [Times: user=0.00 sys=0.00, real=0.00 secs] 
77.988: Total time for which application threads were stopped: 0.0005910 seconds, Stopping threads took: 0.0000570 seconds
78.020: Application time: 0.0313670 seconds
78.020: [GC [PSYoungGen: 13664K->480K(14336K)] 20974K->7806K(48640K), 0.0003950 secs] [Times: user=0.00 sys=0.00, real=0.01 secs] 
78.020: Total time for which application threads were stopped: 0.0005170 seconds, Stopping threads took: 0.0000640 seconds
78.069: Application time: 0.0485930 seconds
78.069: [GC [PSYoungGen: 13791K->480K(14336K)] 21118K->7854K(48640K), 0.0005410 secs] [Times: user=0.00 sys=0.00, real=0.00 secs] 
78.069: Total time for which application threads were stopped: 0.0006670 seconds, Stopping threads took: 0.0000630 seconds
78.125: Application time: 0.0555750 seconds
78.125: [GC [PSYoungGen: 13788K->512K(14336K)] 21162K->7950K(48640K), 0.0004520 secs] [Times: user=0.00 sys=0.00, real=0.00 secs] 
78.125: Total time for which application threads were stopped: 0.0005600 seconds, Stopping threads took: 0.0000500 seconds
78.180: Application time: 0.0546770 seconds
78.180: [GC [PSYoungGen: 13819K->576K(14336K)] 21257K->8423K(48640K), 0.0004580 secs] [Times: user=0.00 sys=0.00, real=0.00 secs] 
78.181: Total time for which application threads were stopped: 0.0005620 seconds, Stopping threads took: 0.0000450 seconds
78.239: Application time: 0.0585220 seconds
78.239: [GC [PSYoungGen: 13885K->0K(14336K)] 21732K->8256K(48640K), 0.0004350 secs] [Times: user=0.00 sys=0.00, real=0.01 secs] 
78.240: Total time for which application threads were stopped: 0.0005600 seconds, Stopping threads took: 0.0000570 seconds
78.299: Application time: 0.0587410 seconds
78.299: [GC [PSYoungGen: 13309K->0K(14336K)] 21565K->8256K(48640K), 0.0003350 secs] [Times: user=0.00 sys=0.00, real=0.00 secs] 
78.299: Total time for which application threads were stopped: 0.0004480 seconds, Stopping threads took: 0.0000600 seconds
78.348: Application time: 0.0489060 seconds
78.348: [GC [PSYoungGen: 13310K->320K(14336K)] 21566K->8576K(48640K), 0.0004090 secs] [Times: user=0.00 sys=0.00, real=0.00 secs] 
78.348: Total time for which application threads were stopped: 0.0005280 seconds, Stopping threads took: 0.0000600 seconds
78.397: Application time: 0.0484830 seconds
78.397: [GC [PSYoungGen: 13631K->352K(14336K)] 21888K->8616K(48640K), 0.0003870 secs] [Times: user=0.00 sys=0.00, real=0.00 secs] 
78.397: Total time for which application threads were stopped: 0.0005050 seconds, Stopping threads took: 0.0000580 seconds
78.452: Application time: 0.0541030 seconds
78.452: [GC [PSYoungGen: 13661K->800K(14336K)] 21925K->9080K(48640K), 0.0004410 secs] [Times: user=0.00 sys=0.00, real=0.01 secs] 
78.452: Total time for which application threads were stopped: 0.0005520 seconds, Stopping threads took: 0.0000530 seconds
78.511: Application time: 0.0589810 seconds
78.511: [GC [PSYoungGen: 14109K->0K(14336K)] 22389K->8884K(48640K), 0.0004970 secs] [Times: user=0.00 sys=0.00, real=0.00 secs] 
78.512: Total time for which application threads were stopped: 0.0006130 seconds, Stopping threads took: 0.0000580 seconds
78.558: Application time: 0.0461910 seconds
78.558: [GC [PSYoungGen: 13309K->320K(14336K)] 22194K->9204K(48640K), 0.0004070 secs] [Times: user=0.00 sys=0.00, real=0.00 secs] 
78.558: Total time for which application threads were stopped: 0.0005210 seconds, Stopping threads took: 0.0000520 seconds
78.611: Application time: 0.0526780 seconds
78.611: [GC [PSYoungGen: 13629K->352K(14336K)] 22514K->9252K(48640K), 0.0003910 secs] [Times: user=0.00 sys=0.00, real=0.00 secs] 
78.612: Total time for which application threads were stopped: 0.0005450 seconds, Stopping threads took: 0.0000940 seconds
78.670: Application time: 0.0582410 seconds
78.670: [GC [PSYoungGen: 13663K->352K(14336K)] 22564K->9276K(48640K), 0.0003900 secs] [Times: user=0.00 sys=0.00, real=0.00 secs] 
78.670: Total time for which application threads were stopped: 0.0005100 seconds, Stopping threads took: 0.0000610 seconds
78.730: Application time: 0.0595390 seconds
78.730: [GC [PSYoungGen: 13663K->0K(14336K)] 22588K->9145K(48640K), 0.0004020 secs] [Times: user=0.00 sys=0.00, real=0.00 secs] 
78.730: Total time for which application threads were stopped: 0.0005060 seconds, Stopping threads took: 0.0000360 seconds
78.788: Application time: 0.0573350 seconds
78.788: [GC [PSYoungGen: 13308K->384K(14336K)] 22454K->9529K(48640K), 0.0003950 secs] [Times: user=0.00 sys=0.00, real=0.00 secs] 
78.788: Total time for which application threads were stopped: 0.0005250 seconds, Stopping threads took: 0.0000580 seconds
78.848: Application time: 0.0592090 seconds
78.848: [GC [PSYoungGen: 13693K->0K(14336K)] 22838K->9406K(48640K), 0.0003820 secs] [Times: user=0.01 sys=0.00, real=0.00 secs] 
78.848: Total time for which application threads were stopped: 0.0005080 seconds, Stopping threads took: 0.0000670 seconds
78.907: Application time: 0.0590220 seconds
78.907: [GC [PSYoungGen: 13309K->0K(14336K)] 22715K->9406K(48640K), 0.0003650 secs] [Times: user=0.00 sys=0.00, real=0.00 secs] 
78.908: Total time for which application threads were stopped: 0.0004840 seconds, Stopping threads took: 0.0000600 seconds
78.965: Application time: 0.0572710 seconds
78.965: [GC [PSYoungGen: 13309K->384K(14336K)] 22715K->9790K(48640K), 0.0003700 secs] [Times: user=0.00 sys=0.00, real=0.00 secs] 
78.965: Total time for which application threads were stopped: 0.0004870 seconds, Stopping threads took: 0.0000640 seconds
79.025: Application time: 0.0593400 seconds
79.025: [GC [PSYoungGen: 13693K->0K(14336K)] 23099K->9662K(48640K), 0.0004020 secs] [Times: user=0.00 sys=0.00, real=0.00 secs] 
79.025: Total time for which application threads were stopped: 0.0005280 seconds, Stopping threads took: 0.0000630 seconds
79.084: Application time: 0.0592090 seconds
79.084: [GC [PSYoungGen: 13309K->0K(14336K)] 22971K->9662K(48640K), 0.0003580 secs] [Times: user=0.00 sys=0.00, real=0.00 secs] 
79.085: Total time for which application threads were stopped: 0.0004780 seconds, Stopping threads took: 0.0000630 seconds
79.144: Application time: 0.0590540 seconds
79.144: [GC [PSYoungGen: 13309K->0K(14336K)] 22971K->9662K(48640K), 0.0003400 secs] [Times: user=0.00 sys=0.00, real=0.00 secs] 
79.144: Total time for which application threads were stopped: 0.0004540 seconds, Stopping threads took: 0.0000580 seconds
79.188: Application time: 0.0433000 seconds
79.188: [GC [PSYoungGen: 13307K->288K(14336K)] 22969K->9950K(48640K), 0.0003900 secs] [Times: user=0.00 sys=0.00, real=0.00 secs] 
79.188: Total time for which application threads were stopped: 0.0005110 seconds, Stopping threads took: 0.0000650 seconds
79.227: Application time: 0.0391970 seconds
79.227: [GC [PSYoungGen: 13598K->640K(14336K)] 23260K->10366K(48640K), 0.0004460 secs] [Times: user=0.00 sys=0.01, real=0.00 secs] 
79.228: Total time for which application threads were stopped: 0.0005550 seconds, Stopping threads took: 0.0000490 seconds
79.280: Application time: 0.0522260 seconds
79.280: [GC [PSYoungGen: 13948K->608K(14336K)] 23674K->10358K(48640K), 0.0004080 secs] [Times: user=0.00 sys=0.00, real=0.00 secs] 
79.281: Total time for which application threads were stopped: 0.0005110 seconds, Stopping threads took: 0.0000460 seconds
79.338: Application time: 0.0574230 seconds
79.338: [GC [PSYoungGen: 13919K->256K(14336K)] 23669K->10218K(48640K), 0.0004340 secs] [Times: user=0.00 sys=0.00, real=0.00 secs] 
79.339: Total time for which application threads were stopped: 0.0005530 seconds, Stopping threads took: 0.0000500 seconds
79.397: Application time: 0.0587180 seconds
79.397: [GC [PSYoungGen: 13565K->0K(14336K)] 23528K->10210K(48640K), 0.0003830 secs] [Times: user=0.00 sys=0.00, real=0.00 secs] 
79.398: Total time for which application threads were stopped: 0.0004880 seconds, Stopping threads took: 0.0000510 seconds
79.452: Application time: 0.0541070 seconds
79.452: [GC [PSYoungGen: 13309K->320K(14336K)] 23520K->10530K(48640K), 0.0004190 secs] [Times: user=0.00 sys=0.00, real=0.00 secs] 
79.452: Total time for which application threads were stopped: 0.0005230 seconds, Stopping threads took: 0.0000460 seconds
79.485: Application time: 0.0326470 seconds
79.485: [GC [PSYoungGen: 13630K->544K(14336K)] 23840K->10818K(48640K), 0.0004160 secs] [Times: user=0.00 sys=0.00, real=0.00 secs] 
79.486: Total time for which application threads were stopped: 0.0005120 seconds, Stopping threads took: 0.0000350 seconds
79.534: Application time: 0.0483820 seconds
79.534: [GC [PSYoungGen: 13851K->512K(14336K)] 24126K->10794K(48640K), 0.0004310 secs] [Times: user=0.00 sys=0.00, real=0.00 secs] 
79.535: Total time for which application threads were stopped: 0.0005520 seconds, Stopping threads took: 0.0000600 seconds
79.589: Application time: 0.0540960 seconds
79.589: [GC [PSYoungGen: 13819K->736K(14336K)] 24102K->11082K(48640K), 0.0004840 secs] [Times: user=0.01 sys=0.00, real=0.00 secs] 
79.589: Total time for which application threads were stopped: 0.0006080 seconds, Stopping threads took: 0.0000660 seconds
79.646: Application time: 0.0566100 seconds
79.646: [GC [PSYoungGen: 14044K->352K(14336K)] 24391K->11311K(48640K), 0.0004620 secs] [Times: user=0.00 sys=0.00, real=0.00 secs] 
79.646: Total time for which application threads were stopped: 0.0005740 seconds, Stopping threads took: 0.0000570 seconds
79.704: Application time: 0.0573160 seconds
79.704: [GC [PSYoungGen: 13663K->320K(14336K)] 24623K->11500K(48640K), 0.0004150 secs] [Times: user=0.00 sys=0.00, real=0.00 secs] 
79.704: Total time for which application threads were stopped: 0.0005200 seconds, Stopping threads took: 0.0000510 seconds
79.737: Application time: 0.0321770 seconds
79.737: [GC [PSYoungGen: 13627K->544K(14336K)] 24807K->11732K(48640K), 0.0004010 secs] [Times: user=0.00 sys=0.00, real=0.00 secs] 
79.737: Total time for which application threads were stopped: 0.0005080 seconds, Stopping threads took: 0.0000460 seconds
79.783: Application time: 0.0462150 seconds
79.783: [GC [PSYoungGen: 13853K->528K(14336K)] 25041K->11772K(48640K), 0.0004220 secs] [Times: user=0.00 sys=0.00, real=0.00 secs] 
79.784: Total time for which application threads were stopped: 0.0005430 seconds, Stopping threads took: 0.0000580 seconds
79.840: Application time: 0.0558310 seconds
79.840: [GC [PSYoungGen: 13838K->512K(14336K)] 25082K->11820K(48640K), 0.0004490 secs] [Times: user=0.00 sys=0.00, real=0.00 secs] 
79.840: Total time for which application threads were stopped: 0.0005880 seconds, Stopping threads took: 0.0000650 seconds
79.896: Application time: 0.0560920 seconds
79.896: [GC [PSYoungGen: 13822K->544K(14336K)] 25130K->12277K(48640K), 0.0004950 secs] [Times: user=0.00 sys=0.00, real=0.00 secs] 
79.897: Total time for which application threads were stopped: 0.0006130 seconds, Stopping threads took: 0.0000580 seconds
79.955: Application time: 0.0578490 seconds
79.955: [GC [PSYoungGen: 13855K->384K(14336K)] 25588K->12329K(48640K), 0.0004180 secs] [Times: user=0.00 sys=0.00, real=0.00 secs] 
79.955: Total time for which application threads were stopped: 0.0005240 seconds, Stopping threads took: 0.0000470 seconds
80.014: Application time: 0.0584380 seconds
80.014: [GC [PSYoungGen: 13693K->0K(14336K)] 25639K->12174K(48640K), 0.0003690 secs] [Times: user=0.00 sys=0.00, real=0.00 secs] 
80.014: Total time for which application threads were stopped: 0.0004880 seconds, Stopping threads took: 0.0000610 seconds
80.071: Application time: 0.0563580 seconds
80.071: [GC [PSYoungGen: 13309K->352K(14336K)] 25483K->12526K(48640K), 0.0004070 secs] [Times: user=0.00 sys=0.00, real=0.00 secs] 
80.071: Total time for which application threads were stopped: 0.0005270 seconds, Stopping threads took: 0.0000600 seconds
80.112: Application time: 0.0410250 seconds
80.116: [GC [PSYoungGen: 13662K->416K(14336K)] 25836K->12614K(48640K), 0.0004030 secs] [Times: user=0.00 sys=0.00, real=0.00 secs] 
80.116: Total time for which application threads were stopped: 0.0040560 seconds, Stopping threads took: 0.0035910 seconds
80.171: Application time: 0.0545210 seconds
80.171: [GC [PSYoungGen: 13724K->704K(14336K)] 25922K->13114K(48640K), 0.0004890 secs] [Times: user=0.01 sys=0.00, real=0.00 secs] 
80.171: Total time for which application threads were stopped: 0.0006050 seconds, Stopping threads took: 0.0000570 seconds
80.229: Application time: 0.0574370 seconds
80.229: [GC [PSYoungGen: 14015K->352K(14336K)] 26426K->13179K(48640K), 0.0004460 secs] [Times: user=0.00 sys=0.00, real=0.00 secs] 
80.229: Total time for which application threads were stopped: 0.0005520 seconds, Stopping threads took: 0.0000470 seconds
80.273: Application time: 0.0432660 seconds
80.273: [GC [PSYoungGen: 13661K->384K(14336K)] 26489K->13424K(48640K), 0.0004130 secs] [Times: user=0.00 sys=0.00, real=0.00 secs] 
80.273: Total time for which application threads were stopped: 0.0005420 seconds, Stopping threads took: 0.0000700 seconds
80.327: Application time: 0.0539910 seconds
80.327: [GC [PSYoungGen: 13695K->384K(14336K)] 26735K->13432K(48640K), 0.0003740 secs] [Times: user=0.00 sys=0.00, real=0.00 secs] 
80.328: Total time for which application threads were stopped: 0.0004960 seconds, Stopping threads took: 0.0000650 seconds
80.385: Application time: 0.0572830 seconds
80.385: [GC [PSYoungGen: 13692K->288K(14336K)] 26740K->13352K(48640K), 0.0004420 secs] [Times: user=0.00 sys=0.00, real=0.00 secs] 
80.385: Total time for which application threads were stopped: 0.0005550 seconds, Stopping threads took: 0.0000460 seconds
80.444: Application time: 0.0590100 seconds
80.445: [GC [PSYoungGen: 13597K->0K(14336K)] 26661K->13284K(48640K), 0.0003930 secs] [Times: user=0.00 sys=0.00, real=0.00 secs] 
80.445: Total time for which application threads were stopped: 0.0005100 seconds, Stopping threads took: 0.0000620 seconds
80.503: Application time: 0.0577920 seconds
80.503: [GC [PSYoungGen: 13311K->352K(14336K)] 26596K->13637K(48640K), 0.0003950 secs] [Times: user=0.00 sys=0.00, real=0.00 secs] 
80.503: Total time for which application threads were stopped: 0.0005030 seconds, Stopping threads took: 0.0000490 seconds
80.561: Application time: 0.0575910 seconds
80.561: [GC [PSYoungGen: 13663K->352K(14336K)] 26948K->13661K(48640K), 0.0004040 secs] [Times: user=0.01 sys=0.00, real=0.00 secs] 
80.561: Total time for which application threads were stopped: 0.0005130 seconds, Stopping threads took: 0.0000510 seconds
80.620: Application time: 0.0590700 seconds
80.621: [GC [PSYoungGen: 13661K->0K(14336K)] 26970K->13565K(48640K), 0.0003830 secs] [Times: user=0.00 sys=0.00, real=0.00 secs] 
80.621: Total time for which application threads were stopped: 0.0005010 seconds, Stopping threads took: 0.0000620 seconds
80.678: Application time: 0.0571140 seconds
80.678: [GC [PSYoungGen: 13309K->320K(14336K)] 26874K->13885K(48640K), 0.0004570 secs] [Times: user=0.00 sys=0.00, real=0.00 secs] 
80.679: Total time for which application threads were stopped: 0.0005620 seconds, Stopping threads took: 0.0000490 seconds
80.738: Application time: 0.0591100 seconds
80.738: [GC [PSYoungGen: 13629K->0K(14336K)] 27194K->13833K(48640K), 0.0004110 secs] [Times: user=0.01 sys=0.00, real=0.00 secs] 
80.738: Total time for which application threads were stopped: 0.0005400 seconds, Stopping threads took: 0.0000710 seconds
80.797: Application time: 0.0591730 seconds
80.800: [GC [PSYoungGen: 13309K->0K(14336K)] 27142K->13833K(48640K), 0.0003670 secs] [Times: user=0.00 sys=0.00, real=0.00 secs] 
80.800: Total time for which application threads were stopped: 0.0027070 seconds, Stopping threads took: 0.0022730 seconds
80.859: Application time: 0.0590630 seconds
80.859: [GC [PSYoungGen: 13309K->0K(14336K)] 27142K->13833K(48640K), 0.0003490 secs] [Times: user=0.00 sys=0.00, real=0.00 secs] 
80.860: Total time for which application threads were stopped: 0.0004690 seconds, Stopping threads took: 0.0000550 seconds
80.903: Application time: 0.0435090 seconds
80.903: [GC [PSYoungGen: 13307K->576K(14336K)] 27141K->14409K(48640K), 0.0004570 secs] [Times: user=0.00 sys=0.00, real=0.00 secs] 
80.904: Total time for which application threads were stopped: 0.0005780 seconds, Stopping threads took: 0.0000550 seconds
80.940: Application time: 0.0365380 seconds
80.940: [GC [PSYoungGen: 13885K->512K(14336K)] 27719K->14401K(48640K), 0.0004410 secs] [Times: user=0.00 sys=0.00, real=0.00 secs] 
80.941: Total time for which application threads were stopped: 0.0005570 seconds, Stopping threads took: 0.0000570 seconds
80.996: Application time: 0.0551990 seconds
80.996: [GC [PSYoungGen: 13823K->480K(14336K)] 27712K->14393K(48640K), 0.0003960 secs] [Times: user=0.00 sys=0.00, real=0.00 secs] 
80.997: Total time for which application threads were stopped: 0.0005140 seconds, Stopping threads took: 0.0000620 seconds
81.054: Application time: 0.0573840 seconds
81.054: [GC [PSYoungGen: 13791K->448K(14336K)] 27704K->14581K(48640K), 0.0004560 secs] [Times: user=0.00 sys=0.00, real=0.00 secs] 
81.055: Total time for which application threads were stopped: 0.0005820 seconds, Stopping threads took: 0.0000690 seconds
81.113: Application time: 0.0584920 seconds
81.113: [GC [PSYoungGen: 13757K->0K(14336K)] 27891K->14381K(48640K), 0.0003870 secs] [Times: user=0.00 sys=0.00, real=0.00 secs] 
81.114: Total time for which application threads were stopped: 0.0004920 seconds, Stopping threads took: 0.0000490 seconds
81.167: Application time: 0.0533330 seconds
81.167: [GC [PSYoungGen: 13311K->352K(14336K)] 27693K->14733K(48640K), 0.0003990 secs] [Times: user=0.00 sys=0.00, real=0.00 secs] 
81.167: Total time for which application threads were stopped: 0.0005180 seconds, Stopping threads took: 0.0000610 seconds
81.202: Application time: 0.0348420 seconds
81.202: [GC [PSYoungGen: 13660K->544K(14336K)] 28041K->14981K(48640K), 0.0004310 secs] [Times: user=0.00 sys=0.00, real=0.00 secs] 
81.203: Total time for which application threads were stopped: 0.0005420 seconds, Stopping threads took: 0.0000530 seconds
81.249: Application time: 0.0465470 seconds
81.249: [GC [PSYoungGen: 13855K->352K(14336K)] 28293K->15029K(48640K), 0.0004350 secs] [Times: user=0.00 sys=0.00, real=0.00 secs] 
81.250: Total time for which application threads were stopped: 0.0005600 seconds, Stopping threads took: 0.0000680 seconds
81.305: Application time: 0.0547540 seconds
81.305: [GC [PSYoungGen: 13662K->672K(14336K)] 28340K->15405K(48640K), 0.0005210 secs] [Times: user=0.00 sys=0.00, real=0.00 secs] 
81.305: Total time for which application threads were stopped: 0.0006370 seconds, Stopping threads took: 0.0000580 seconds
81.361: Application time: 0.0556340 seconds
81.361: [GC [PSYoungGen: 13982K->512K(14336K)] 28716K->15646K(48640K), 0.0005100 secs] [Times: user=0.00 sys=0.00, real=0.00 secs] 
81.362: Total time for which application threads were stopped: 0.0006260 seconds, Stopping threads took: 0.0000540 seconds
81.420: Application time: 0.0584210 seconds
81.420: [GC [PSYoungGen: 13821K->0K(14336K)] 28956K->15667K(48640K), 0.0005490 secs] [Times: user=0.00 sys=0.00, real=0.00 secs] 
81.422: Total time for which application threads were stopped: 0.0017860 seconds, Stopping threads took: 0.0000880 seconds
81.459: Application time: 0.0377020 seconds
81.460: [GC [PSYoungGen: 13308K->544K(14336K)] 28976K->16211K(48640K), 0.0004980 secs] [Times: user=0.00 sys=0.00, real=0.01 secs] 
81.460: Total time for which application threads were stopped: 0.0006340 seconds, Stopping threads took: 0.0000720 seconds
81.500: Application time: 0.0394310 seconds
81.500: [GC [PSYoungGen: 13854K->544K(14336K)] 29521K->16267K(48640K), 0.0004910 secs] [Times: user=0.00 sys=0.00, real=0.01 secs] 
81.500: Total time for which application threads were stopped: 0.0005970 seconds, Stopping threads took: 0.0000470 seconds
81.556: Application time: 0.0563010 seconds
81.557: [GC [PSYoungGen: 13854K->384K(13824K)] 29577K->16344K(48128K), 0.0004410 secs] [Times: user=0.01 sys=0.00, real=0.00 secs] 
81.557: Total time for which application threads were stopped: 0.0005500 seconds, Stopping threads took: 0.0000480 seconds
81.612: Application time: 0.0544940 seconds
81.612: [GC [PSYoungGen: 13693K->736K(14336K)] 29653K->16936K(48640K), 0.0004400 secs] [Times: user=0.00 sys=0.01, real=0.01 secs] 
81.612: Total time for which application threads were stopped: 0.0005480 seconds, Stopping threads took: 0.0000520 seconds
81.670: Application time: 0.0574870 seconds
81.670: [GC [PSYoungGen: 14047K->288K(13824K)] 30247K->17036K(48128K), 0.0005020 secs] [Times: user=0.00 sys=0.00, real=0.00 secs] 
81.670: Total time for which application threads were stopped: 0.0006160 seconds, Stopping threads took: 0.0000520 seconds
81.729: Application time: 0.0585050 seconds
81.729: [GC [PSYoungGen: 13597K->0K(14336K)] 30346K->16961K(48640K), 0.0003970 secs] [Times: user=0.01 sys=0.00, real=0.00 secs] 
81.729: Total time for which application threads were stopped: 0.0005160 seconds, Stopping threads took: 0.0000560 seconds
81.786: Application time: 0.0572490 seconds
81.787: [GC [PSYoungGen: 13311K->352K(13824K)] 30273K->17313K(48128K), 0.0004120 secs] [Times: user=0.00 sys=0.00, real=0.00 secs] 
81.787: Total time for which application threads were stopped: 0.0005410 seconds, Stopping threads took: 0.0000710 seconds
81.829: Application time: 0.0417360 seconds
81.829: [GC [PSYoungGen: 13663K->352K(14336K)] 30624K->17329K(48640K), 0.0004310 secs] [Times: user=0.00 sys=0.00, real=0.00 secs] 
81.829: Total time for which application threads were stopped: 0.0005370 seconds, Stopping threads took: 0.0000490 seconds
81.882: Application time: 0.0530840 seconds
81.882: [GC [PSYoungGen: 13662K->576K(14336K)] 30640K->17561K(48640K), 0.0004500 secs] [Times: user=0.01 sys=0.00, real=0.00 secs] 
81.883: Total time for which application threads were stopped: 0.0005740 seconds, Stopping threads took: 0.0000630 seconds
81.940: Application time: 0.0570140 seconds
81.940: [GC [PSYoungGen: 13886K->384K(13824K)] 30871K->17650K(48128K), 0.0005330 secs] [Times: user=0.00 sys=0.00, real=0.00 secs] 
81.941: Total time for which application threads were stopped: 0.0006570 seconds, Stopping threads took: 0.0000510 seconds
81.984: Application time: 0.0434950 seconds
81.984: [GC [PSYoungGen: 13693K->320K(13824K)] 30959K->17954K(48128K), 0.0005270 secs] [Times: user=0.00 sys=0.00, real=0.00 secs] 
81.985: Total time for which application threads were stopped: 0.0006340 seconds, Stopping threads took: 0.0000460 seconds
82.039: Application time: 0.0546120 seconds
82.039: [GC [PSYoungGen: 13629K->288K(14336K)] 31263K->17930K(48640K), 0.0004320 secs] [Times: user=0.01 sys=0.00, real=0.01 secs] 
82.040: Total time for which application threads were stopped: 0.0005490 seconds, Stopping threads took: 0.0000530 seconds
82.099: Application time: 0.0594810 seconds
82.099: [GC [PSYoungGen: 13596K->352K(13824K)] 31239K->18018K(48128K), 0.0004020 secs] [Times: user=0.00 sys=0.00, real=0.01 secs] 
82.100: Total time for which application threads were stopped: 0.0005250 seconds, Stopping threads took: 0.0000640 seconds
82.159: Application time: 0.0587650 seconds
82.159: [GC [PSYoungGen: 13661K->0K(14336K)] 31327K->17871K(48640K), 0.0003940 secs] [Times: user=0.00 sys=0.00, real=0.00 secs] 
82.159: Total time for which application threads were stopped: 0.0005390 seconds, Stopping threads took: 0.0000880 seconds
82.217: Application time: 0.0579010 seconds
82.217: [GC [PSYoungGen: 13308K->352K(14336K)] 31179K->18223K(48640K), 0.0004350 secs] [Times: user=0.00 sys=0.00, real=0.00 secs] 
82.218: Total time for which application threads were stopped: 0.0005600 seconds, Stopping threads took: 0.0000640 seconds
82.276: Application time: 0.0580010 seconds
82.276: [GC [PSYoungGen: 13663K->352K(14336K)] 31534K->18247K(48640K), 0.0004210 secs] [Times: user=0.00 sys=0.00, real=0.00 secs] 
82.276: Total time for which application threads were stopped: 0.0005330 seconds, Stopping threads took: 0.0000530 seconds
82.336: Application time: 0.0597120 seconds
82.336: [GC [PSYoungGen: 13661K->0K(14336K)] 31556K->18147K(48640K), 0.0004140 secs] [Times: user=0.01 sys=0.00, real=0.00 secs] 
82.336: Total time for which application threads were stopped: 0.0005330 seconds, Stopping threads took: 0.0000580 seconds
82.394: Application time: 0.0571950 seconds
82.394: [GC [PSYoungGen: 13309K->384K(14336K)] 31456K->18531K(48640K), 0.0004000 secs] [Times: user=0.00 sys=0.00, real=0.00 secs] 
82.394: Total time for which application threads were stopped: 0.0005160 seconds, Stopping threads took: 0.0000620 seconds
82.454: Application time: 0.0599830 seconds
82.454: [GC [PSYoungGen: 13693K->0K(14336K)] 31841K->18392K(48640K), 0.0003960 secs] [Times: user=0.00 sys=0.00, real=0.00 secs] 
82.455: Total time for which application threads were stopped: 0.0005190 seconds, Stopping threads took: 0.0000540 seconds
82.514: Application time: 0.0594460 seconds
82.514: [GC [PSYoungGen: 13309K->0K(14336K)] 31701K->18392K(48640K), 0.0004000 secs] [Times: user=0.00 sys=0.00, real=0.00 secs] 
82.515: Total time for which application threads were stopped: 0.0005210 seconds, Stopping threads took: 0.0000630 seconds
82.574: Application time: 0.0592060 seconds
82.574: [GC [PSYoungGen: 13309K->0K(14336K)] 31701K->18392K(48640K), 0.0003600 secs] [Times: user=0.01 sys=0.00, real=0.00 secs] 
82.574: Total time for which application threads were stopped: 0.0004970 seconds, Stopping threads took: 0.0000770 seconds
82.617: Application time: 0.0430590 seconds
82.617: [GC [PSYoungGen: 13309K->512K(14336K)] 31702K->18904K(48640K), 0.0004850 secs] [Times: user=0.00 sys=0.00, real=0.00 secs] 
82.618: Total time for which application threads were stopped: 0.0005770 seconds, Stopping threads took: 0.0000340 seconds
82.655: Application time: 0.0371610 seconds
82.655: [GC [PSYoungGen: 13819K->480K(14336K)] 32212K->18920K(48640K), 0.0004180 secs] [Times: user=0.00 sys=0.00, real=0.00 secs] 
82.656: Total time for which application threads were stopped: 0.0005370 seconds, Stopping threads took: 0.0000600 seconds
82.711: Application time: 0.0552270 seconds
82.711: [GC [PSYoungGen: 13789K->512K(14336K)] 32229K->18968K(48640K), 0.0004410 secs] [Times: user=0.01 sys=0.00, real=0.00 secs] 
82.711: Total time for which application threads were stopped: 0.0005480 seconds, Stopping threads took: 0.0000490 seconds
82.769: Application time: 0.0574990 seconds
82.769: [GC [PSYoungGen: 13823K->352K(14336K)] 32279K->19020K(48640K), 0.0004850 secs] [Times: user=0.00 sys=0.00, real=0.00 secs] 
82.770: Total time for which application threads were stopped: 0.0006000 seconds, Stopping threads took: 0.0000610 seconds
82.828: Application time: 0.0588800 seconds
82.829: [GC [PSYoungGen: 13663K->0K(14336K)] 32332K->18928K(48640K), 0.0003770 secs] [Times: user=0.00 sys=0.00, real=0.00 secs] 
82.829: Total time for which application threads were stopped: 0.0004910 seconds, Stopping threads took: 0.0000590 seconds
82.880: Application time: 0.0511240 seconds
82.880: [GC [PSYoungGen: 13308K->384K(14336K)] 32237K->19312K(48640K), 0.0004050 secs] [Times: user=0.00 sys=0.00, real=0.00 secs] 
82.881: Total time for which application threads were stopped: 0.0005270 seconds, Stopping threads took: 0.0000600 seconds
82.914: Application time: 0.0333860 seconds
82.914: [GC [PSYoungGen: 13693K->544K(14336K)] 32622K->19528K(48640K), 0.0004980 secs] [Times: user=0.00 sys=0.00, real=0.00 secs] 
82.915: Total time for which application threads were stopped: 0.0006140 seconds, Stopping threads took: 0.0000580 seconds
82.965: Application time: 0.0507720 seconds
82.966: [GC [PSYoungGen: 13855K->352K(14336K)] 32840K->19565K(48640K), 0.0004280 secs] [Times: user=0.00 sys=0.00, real=0.00 secs] 
82.966: Total time for which application threads were stopped: 0.0005760 seconds, Stopping threads took: 0.0000780 seconds
83.021: Application time: 0.0550930 seconds
83.024: [GC [PSYoungGen: 13661K->672K(14336K)] 32874K->19941K(48640K), 0.0004630 secs] [Times: user=0.00 sys=0.00, real=0.00 secs] 
83.024: Total time for which application threads were stopped: 0.0031840 seconds, Stopping threads took: 0.0026620 seconds
83.080: Application time: 0.0559470 seconds
83.080: [GC [PSYoungGen: 13982K->480K(14336K)] 33251K->20166K(48640K), 0.0005310 secs] [Times: user=0.00 sys=0.00, real=0.00 secs] 
83.081: Total time for which application threads were stopped: 0.0006450 seconds, Stopping threads took: 0.0000560 seconds
83.140: Application time: 0.0586730 seconds
83.140: [GC [PSYoungGen: 13791K->0K(14336K)] 33478K->20103K(48640K), 0.0004150 secs] [Times: user=0.00 sys=0.00, real=0.01 secs] 
83.140: Total time for which application threads were stopped: 0.0005230 seconds, Stopping threads took: 0.0000550 seconds
83.196: Application time: 0.0554640 seconds
83.196: [GC [PSYoungGen: 13309K->352K(14336K)] 33412K->20455K(48640K), 0.0004100 secs] [Times: user=0.00 sys=0.00, real=0.00 secs] 
83.196: Total time for which application threads were stopped: 0.0005250 seconds, Stopping threads took: 0.0000570 seconds
83.228: Application time: 0.0316320 seconds
83.228: [GC [PSYoungGen: 13659K->512K(14336K)] 33763K->20623K(48640K), 0.0004800 secs] [Times: user=0.00 sys=0.00, real=0.00 secs] 
83.228: Total time for which application threads were stopped: 0.0005970 seconds, Stopping threads took: 0.0000590 seconds
83.276: Application time: 0.0481350 seconds
83.276: [GC [PSYoungGen: 13821K->512K(14336K)] 33933K->20687K(48640K), 0.0004490 secs] [Times: user=0.01 sys=0.00, real=0.00 secs] 
83.277: Total time for which application threads were stopped: 0.0005660 seconds, Stopping threads took: 0.0000590 seconds
83.330: Application time: 0.0526350 seconds
83.330: [GC [PSYoungGen: 13823K->928K(14336K)] 33998K->21151K(48640K), 0.0005040 secs] [Times: user=0.01 sys=0.00, real=0.00 secs] 
83.330: Total time for which application threads were stopped: 0.0006360 seconds, Stopping threads took: 0.0000760 seconds
83.390: Application time: 0.0594390 seconds
83.390: [GC [PSYoungGen: 14237K->0K(14848K)] 34461K->21037K(49152K), 0.0004880 secs] [Times: user=0.00 sys=0.00, real=0.00 secs] 
83.390: Total time for which application threads were stopped: 0.0006130 seconds, Stopping threads took: 0.0000620 seconds
83.450: Application time: 0.0597560 seconds
83.450: [GC [PSYoungGen: 13309K->0K(14848K)] 34346K->21037K(49152K), 0.0003840 secs] [Times: user=0.00 sys=0.00, real=0.00 secs] 
83.451: Total time for which application threads were stopped: 0.0004950 seconds, Stopping threads took: 0.0000520 seconds
83.503: Application time: 0.0520530 seconds
83.503: [GC [PSYoungGen: 13309K->384K(13824K)] 34347K->21421K(48128K), 0.0003870 secs] [Times: user=0.00 sys=0.00, real=0.00 secs] 
83.503: Total time for which application threads were stopped: 0.0005260 seconds, Stopping threads took: 0.0000730 seconds
83.550: Application time: 0.0466300 seconds
83.550: [GC [PSYoungGen: 13693K->288K(14336K)] 34730K->21333K(48640K), 0.0004180 secs] [Times: user=0.00 sys=0.00, real=0.00 secs] 
83.550: Total time for which application threads were stopped: 0.0005260 seconds, Stopping threads took: 0.0000490 seconds
83.608: Application time: 0.0576660 seconds
83.608: [GC [PSYoungGen: 13596K->352K(14336K)] 34641K->21429K(48640K), 0.0004270 secs] [Times: user=0.00 sys=0.00, real=0.00 secs] 
83.609: Total time for which application threads were stopped: 0.0005560 seconds, Stopping threads took: 0.0000720 seconds
83.663: Application time: 0.0543010 seconds
83.663: [GC [PSYoungGen: 13659K->736K(14336K)] 34737K->22033K(48640K), 0.0004950 secs] [Times: user=0.00 sys=0.00, real=0.00 secs] 
83.663: Total time for which application threads were stopped: 0.0005970 seconds, Stopping threads took: 0.0000450 seconds
83.705: Application time: 0.0418490 seconds
83.705: [GC [PSYoungGen: 14047K->288K(14336K)] 35345K->21987K(48640K), 0.0005330 secs] [Times: user=0.00 sys=0.00, real=0.00 secs] 
83.706: Total time for which application threads were stopped: 0.0006530 seconds, Stopping threads took: 0.0000480 seconds
83.763: Application time: 0.0567280 seconds
83.763: [GC [PSYoungGen: 13597K->352K(14336K)] 35296K->22067K(48640K), 0.0003880 secs] [Times: user=0.01 sys=0.00, real=0.00 secs] 
83.763: Total time for which application threads were stopped: 0.0004850 seconds, Stopping threads took: 0.0000440 seconds
83.821: Application time: 0.0575480 seconds
83.821: [GC [PSYoungGen: 13663K->352K(14336K)] 35378K->22075K(48640K), 0.0004330 secs] [Times: user=0.00 sys=0.00, real=0.00 secs] 
83.821: Total time for which application threads were stopped: 0.0005670 seconds, Stopping threads took: 0.0000700 seconds
83.880: Application time: 0.0586290 seconds
83.880: [GC [PSYoungGen: 13663K->0K(14336K)] 35386K->21935K(48640K), 0.0004120 secs] [Times: user=0.00 sys=0.00, real=0.00 secs] 
83.880: Total time for which application threads were stopped: 0.0005620 seconds, Stopping threads took: 0.0000880 seconds
83.937: Application time: 0.0563740 seconds
83.937: [GC [PSYoungGen: 13311K->384K(14336K)] 35247K->22319K(48640K), 0.0004140 secs] [Times: user=0.00 sys=0.00, real=0.00 secs] 
83.937: Total time for which application threads were stopped: 0.0005250 seconds, Stopping threads took: 0.0000500 seconds
83.996: Application time: 0.0586520 seconds
83.996: [GC [PSYoungGen: 13693K->0K(14336K)] 35629K->22180K(48640K), 0.0004580 secs] [Times: user=0.00 sys=0.00, real=0.00 secs] 
83.997: Total time for which application threads were stopped: 0.0005710 seconds, Stopping threads took: 0.0000540 seconds
84.055: Application time: 0.0587750 seconds
84.055: [GC [PSYoungGen: 13309K->0K(14336K)] 35489K->22180K(48640K), 0.0004090 secs] [Times: user=0.00 sys=0.00, real=0.00 secs] 
84.056: Total time for which application threads were stopped: 0.0005430 seconds, Stopping threads took: 0.0000610 seconds
84.113: Application time: 0.0568550 seconds
84.113: [GC [PSYoungGen: 13309K->384K(14336K)] 35489K->22564K(48640K), 0.0003890 secs] [Times: user=0.00 sys=0.00, real=0.00 secs] 
84.113: Total time for which application threads were stopped: 0.0004930 seconds, Stopping threads took: 0.0000490 seconds
84.172: Application time: 0.0591900 seconds
84.173: [GC [PSYoungGen: 13693K->0K(14336K)] 35873K->22428K(48640K), 0.0004400 secs] [Times: user=0.01 sys=0.00, real=0.00 secs] 
84.173: Total time for which application threads were stopped: 0.0005670 seconds, Stopping threads took: 0.0000630 seconds
84.232: Application time: 0.0591850 seconds
84.232: [GC [PSYoungGen: 13309K->0K(14336K)] 35737K->22428K(48640K), 0.0004220 secs] [Times: user=0.00 sys=0.00, real=0.00 secs] 
84.233: Total time for which application threads were stopped: 0.0005380 seconds, Stopping threads took: 0.0000600 seconds
84.292: Application time: 0.0590720 seconds
84.292: [GC [PSYoungGen: 13309K->0K(14336K)] 35737K->22428K(48640K), 0.0003680 secs] [Times: user=0.00 sys=0.00, real=0.00 secs] 
84.292: Total time for which application threads were stopped: 0.0004900 seconds, Stopping threads took: 0.0000680 seconds
84.342: Application time: 0.0492720 seconds
84.342: [GC [PSYoungGen: 13308K->544K(14336K)] 35736K->22972K(48640K), 0.0004330 secs] [Times: user=0.00 sys=0.00, real=0.00 secs] 
84.342: Total time for which application threads were stopped: 0.0005590 seconds, Stopping threads took: 0.0000640 seconds
84.376: Application time: 0.0336170 seconds
84.376: [GC [PSYoungGen: 13855K->480K(14336K)] 36283K->22972K(48640K), 0.0004410 secs] [Times: user=0.00 sys=0.00, real=0.00 secs] 
84.376: Total time for which application threads were stopped: 0.0005450 seconds, Stopping threads took: 0.0000410 seconds
84.430: Application time: 0.0536370 seconds
84.430: [GC [PSYoungGen: 13788K->448K(14336K)] 36280K->23156K(48640K), 0.0004510 secs] [Times: user=0.00 sys=0.00, real=0.00 secs] 
84.431: Total time for which application threads were stopped: 0.0006610 seconds, Stopping threads took: 0.0001460 seconds
84.487: Application time: 0.0561720 seconds
84.487: [GC [PSYoungGen: 13757K->544K(14336K)] 36465K->23260K(48640K), 0.0004300 secs] [Times: user=0.00 sys=0.00, real=0.00 secs] 
84.487: Total time for which application threads were stopped: 0.0005350 seconds, Stopping threads took: 0.0000490 seconds
84.546: Application time: 0.0584350 seconds
84.546: [GC [PSYoungGen: 13853K->0K(14336K)] 36569K->23156K(48640K), 0.0005110 secs] [Times: user=0.00 sys=0.00, real=0.00 secs] 
84.546: Total time for which application threads were stopped: 0.0006500 seconds, Stopping threads took: 0.0000760 seconds
84.597: Application time: 0.0505400 seconds
84.597: [GC [PSYoungGen: 13308K->352K(14336K)] 36464K->23508K(48640K), 0.0004360 secs] [Times: user=0.00 sys=0.00, real=0.00 secs] 
84.598: Total time for which application threads were stopped: 0.0005520 seconds, Stopping threads took: 0.0000510 seconds
84.630: Application time: 0.0327990 seconds
84.630: [GC [PSYoungGen: 13663K->480K(14336K)] 36820K->23676K(48640K), 0.0005510 secs] [Times: user=0.01 sys=0.00, real=0.00 secs] 
84.631: Total time for which application threads were stopped: 0.0006620 seconds, Stopping threads took: 0.0000470 seconds
84.682: Application time: 0.0511160 seconds
84.682: [GC [PSYoungGen: 13789K->352K(13824K)] 36986K->23780K(48128K), 0.0004610 secs] [Times: user=0.01 sys=0.00, real=0.00 secs] 
84.683: Total time for which application threads were stopped: 0.0005800 seconds, Stopping threads took: 0.0000580 seconds
84.739: Application time: 0.0562150 seconds
84.739: [GC [PSYoungGen: 13660K->512K(14336K)] 37089K->23996K(48640K), 0.0004290 secs] [Times: user=0.00 sys=0.00, real=0.00 secs] 
84.739: Total time for which application threads were stopped: 0.0005860 seconds, Stopping threads took: 0.0001020 seconds
84.794: Application time: 0.0548480 seconds
84.794: [GC [PSYoungGen: 13820K->480K(13824K)] 37304K->24377K(48128K), 0.0004810 secs] [Times: user=0.00 sys=0.00, real=0.00 secs] 
84.795: Total time for which application threads were stopped: 0.0006030 seconds, Stopping threads took: 0.0000600 seconds
84.853: Application time: 0.0585560 seconds
84.854: [GC [PSYoungGen: 13789K->0K(14336K)] 37686K->24314K(48640K), 0.0004150 secs] [Times: user=0.00 sys=0.00, real=0.00 secs] 
84.854: Total time for which application threads were stopped: 0.0005280 seconds, Stopping threads took: 0.0000590 seconds
84.912: Application time: 0.0583940 seconds
84.913: [GC [PSYoungGen: 13309K->0K(13824K)] 37623K->24314K(48128K), 0.0004930 secs] [Times: user=0.00 sys=0.00, real=0.00 secs] 
84.913: Total time for which application threads were stopped: 0.0006000 seconds, Stopping threads took: 0.0000520 seconds
84.947: Application time: 0.0337270 seconds
84.947: [GC [PSYoungGen: 13309K->544K(14336K)] 37623K->24858K(48640K), 0.0004390 secs] [Times: user=0.00 sys=0.00, real=0.00 secs] 
84.947: Total time for which application threads were stopped: 0.0005540 seconds, Stopping threads took: 0.0000550 seconds
84.990: Application time: 0.0427560 seconds
84.990: [GC [PSYoungGen: 13855K->544K(14336K)] 38169K->24914K(48640K), 0.0004490 secs] [Times: user=0.00 sys=0.00, real=0.00 secs] 
84.991: Total time for which application threads were stopped: 0.0005690 seconds, Stopping threads took: 0.0000570 seconds
85.043: Application time: 0.0521250 seconds
85.043: [GC [PSYoungGen: 13855K->960K(14336K)] 38225K->25378K(48640K), 0.0005010 secs] [Times: user=0.00 sys=0.00, real=0.00 secs] 
85.043: Total time for which application threads were stopped: 0.0006410 seconds, Stopping threads took: 0.0000810 seconds
85.102: Application time: 0.0586100 seconds
85.102: [GC [PSYoungGen: 14269K->0K(13824K)] 38687K->25228K(48128K), 0.0004960 secs] [Times: user=0.00 sys=0.00, real=0.00 secs] 
85.103: Total time for which application threads were stopped: 0.0006260 seconds, Stopping threads took: 0.0000600 seconds
85.162: Application time: 0.0593300 seconds
85.162: [GC [PSYoungGen: 13309K->0K(14848K)] 38537K->25228K(49152K), 0.0003720 secs] [Times: user=0.00 sys=0.00, real=0.00 secs] 
85.162: Total time for which application threads were stopped: 0.0004870 seconds, Stopping threads took: 0.0000560 seconds
85.212: Application time: 0.0492740 seconds
85.212: [GC [PSYoungGen: 13310K->384K(14848K)] 38538K->25612K(49152K), 0.0004280 secs] [Times: user=0.00 sys=0.00, real=0.00 secs] 
85.212: Total time for which application threads were stopped: 0.0005390 seconds, Stopping threads took: 0.0000530 seconds
85.261: Application time: 0.0490850 seconds
85.261: [GC [PSYoungGen: 13695K->352K(13824K)] 38924K->25588K(48128K), 0.0004690 secs] [Times: user=0.00 sys=0.00, real=0.00 secs] 
85.262: Total time for which application threads were stopped: 0.0005960 seconds, Stopping threads took: 0.0000650 seconds
85.320: Application time: 0.0575630 seconds
85.320: [GC [PSYoungGen: 13660K->352K(14336K)] 38896K->25604K(48640K), 0.0004280 secs] [Times: user=0.00 sys=0.00, real=0.01 secs] 
85.320: Total time for which application threads were stopped: 0.0005480 seconds, Stopping threads took: 0.0000600 seconds
85.372: Application time: 0.0524100 seconds
85.373: [GC [PSYoungGen: 13660K->736K(14336K)] 38912K->26204K(48640K), 0.0005190 secs] [Times: user=0.01 sys=0.00, real=0.00 secs] 
85.373: Total time for which application threads were stopped: 0.0006230 seconds, Stopping threads took: 0.0000510 seconds
85.415: Application time: 0.0418620 seconds
85.415: [GC [PSYoungGen: 14045K->416K(14336K)] 39513K->26280K(48640K), 0.0004650 secs] [Times: user=0.00 sys=0.00, real=0.00 secs] 
85.416: Total time for which application threads were stopped: 0.0005870 seconds, Stopping threads took: 0.0000610 seconds
85.474: Application time: 0.0584160 seconds
85.474: [GC [PSYoungGen: 13727K->0K(14336K)] 39592K->26077K(48640K), 0.0004560 secs] [Times: user=0.00 sys=0.00, real=0.00 secs] 
85.475: Total time for which application threads were stopped: 0.0005820 seconds, Stopping threads took: 0.0000600 seconds
85.533: Application time: 0.0580260 seconds
85.533: [GC [PSYoungGen: 13308K->352K(14336K)] 39386K->26429K(48640K), 0.0003850 secs] [Times: user=0.01 sys=0.00, real=0.00 secs] 
85.533: Total time for which application threads were stopped: 0.0005030 seconds, Stopping threads took: 0.0000640 seconds
85.592: Application time: 0.0588560 seconds
85.592: [GC [PSYoungGen: 13663K->0K(14336K)] 39741K->26290K(48640K), 0.0004500 secs] [Times: user=0.01 sys=0.00, real=0.00 secs] 
85.593: Total time for which application threads were stopped: 0.0005810 seconds, Stopping threads took: 0.0000700 seconds
85.649: Application time: 0.0568140 seconds
85.649: [GC [PSYoungGen: 13308K->384K(14336K)] 39598K->26674K(48640K), 0.0004150 secs] [Times: user=0.00 sys=0.00, real=0.00 secs] 
85.650: Total time for which application threads were stopped: 0.0005260 seconds, Stopping threads took: 0.0000440 seconds
85.709: Application time: 0.0595290 seconds
85.710: [GC [PSYoungGen: 13695K->0K(14336K)] 39985K->26530K(48640K), 0.0004580 secs] [Times: user=0.00 sys=0.00, real=0.00 secs] 
85.710: Total time for which application threads were stopped: 0.0006100 seconds, Stopping threads took: 0.0000920 seconds
85.769: Application time: 0.0591450 seconds
85.769: [GC [PSYoungGen: 13309K->0K(14336K)] 39839K->26530K(48640K), 0.0003510 secs] [Times: user=0.00 sys=0.00, real=0.00 secs] 
85.770: Total time for which application threads were stopped: 0.0004630 seconds, Stopping threads took: 0.0000560 seconds
85.827: Application time: 0.0571890 seconds
85.827: [GC [PSYoungGen: 13309K->384K(14336K)] 39839K->26914K(48640K), 0.0004260 secs] [Times: user=0.00 sys=0.00, real=0.00 secs] 
85.827: Total time for which application threads were stopped: 0.0005580 seconds, Stopping threads took: 0.0000740 seconds
85.887: Application time: 0.0592850 seconds
85.888: [GC [PSYoungGen: 13693K->0K(14336K)] 40223K->26782K(48640K), 0.0004250 secs] [Times: user=0.01 sys=0.00, real=0.00 secs] 
85.888: Total time for which application threads were stopped: 0.0015360 seconds, Stopping threads took: 0.0010540 seconds
85.948: Application time: 0.0595680 seconds
85.948: [GC [PSYoungGen: 13309K->0K(14336K)] 40092K->26782K(48640K), 0.0004110 secs] [Times: user=0.00 sys=0.00, real=0.00 secs] 
85.948: Total time for which application threads were stopped: 0.0005360 seconds, Stopping threads took: 0.0000590 seconds
86.008: Application time: 0.0600190 seconds
86.008: [GC [PSYoungGen: 13309K->0K(14336K)] 40092K->26782K(48640K), 0.0003420 secs] [Times: user=0.00 sys=0.00, real=0.00 secs] 
86.009: Total time for which application threads were stopped: 0.0004600 seconds, Stopping threads took: 0.0000620 seconds
86.063: Application time: 0.0545830 seconds
86.063: [GC [PSYoungGen: 13308K->352K(14336K)] 40091K->27134K(48640K), 0.0004030 secs] [Times: user=0.00 sys=0.01, real=0.00 secs] 
86.064: Total time for which application threads were stopped: 0.0005160 seconds, Stopping threads took: 0.0000550 seconds
86.097: Application time: 0.0333300 seconds
86.097: [GC [PSYoungGen: 13660K->512K(14336K)] 40442K->27302K(48640K), 0.0004330 secs] [Times: user=0.00 sys=0.00, real=0.00 secs] 
86.098: Total time for which application threads were stopped: 0.0005410 seconds, Stopping threads took: 0.0000520 seconds
86.147: Application time: 0.0487300 seconds
86.147: [GC [PSYoungGen: 13821K->480K(14336K)] 40612K->27326K(48640K), 0.0005120 secs] [Times: user=0.00 sys=0.00, real=0.00 secs] 
86.147: Total time for which application threads were stopped: 0.0006420 seconds, Stopping threads took: 0.0000650 seconds
86.203: Application time: 0.0559540 seconds
86.203: [GC [PSYoungGen: 13790K->576K(14336K)] 40637K->27438K(48640K), 0.0004300 secs] [Times: user=0.00 sys=0.00, real=0.00 secs] 
86.204: Total time for which application threads were stopped: 0.0005480 seconds, Stopping threads took: 0.0000500 seconds
86.262: Application time: 0.0584450 seconds
86.262: [GC [PSYoungGen: 13885K->0K(14336K)] 40748K->27307K(48640K), 0.0004460 secs] [Times: user=0.00 sys=0.00, real=0.00 secs] 
86.263: Total time for which application threads were stopped: 0.0005600 seconds, Stopping threads took: 0.0000560 seconds
86.312: Application time: 0.0495610 seconds
86.312: [GC [PSYoungGen: 13308K->384K(14336K)] 40616K->27691K(48640K), 0.0004240 secs] [Times: user=0.01 sys=0.00, real=0.00 secs] 
86.313: Total time for which application threads were stopped: 0.0005340 seconds, Stopping threads took: 0.0000490 seconds
86.348: Application time: 0.0351440 seconds
86.348: [GC [PSYoungGen: 13691K->512K(14336K)] 40998K->27875K(48640K), 0.0005090 secs] [Times: user=0.01 sys=0.00, real=0.00 secs] 
86.349: Total time for which application threads were stopped: 0.0006210 seconds, Stopping threads took: 0.0000530 seconds
86.399: Application time: 0.0500140 seconds
86.399: [GC [PSYoungGen: 13821K->384K(14336K)] 41184K->28083K(48640K), 0.0004560 secs] [Times: user=0.01 sys=0.00, real=0.00 secs] 
86.399: Total time for which application threads were stopped: 0.0005660 seconds, Stopping threads took: 0.0000550 seconds
86.455: Application time: 0.0560450 seconds
86.455: [GC [PSYoungGen: 13694K->512K(14336K)] 41394K->28267K(48640K), 0.0004830 secs] [Times: user=0.00 sys=0.00, real=0.00 secs] 
86.457: Total time for which application threads were stopped: 0.0016810 seconds, Stopping threads took: 0.0000620 seconds
86.512: Application time: 0.0547150 seconds
86.512: [GC [PSYoungGen: 13820K->576K(14336K)] 41575K->28744K(48640K), 0.0004830 secs] [Times: user=0.00 sys=0.00, real=0.01 secs] 
86.512: Total time for which application threads were stopped: 0.0006040 seconds, Stopping threads took: 0.0000620 seconds
86.571: Application time: 0.0587550 seconds
86.571: [GC [PSYoungGen: 13885K->0K(14336K)] 42053K->28572K(48640K), 0.0004550 secs] [Times: user=0.00 sys=0.00, real=0.00 secs] 
86.572: Total time for which application threads were stopped: 0.0005960 seconds, Stopping threads took: 0.0000820 seconds
86.631: Application time: 0.0593680 seconds
86.631: [GC [PSYoungGen: 13309K->0K(14336K)] 41882K->28572K(48640K), 0.0003850 secs] [Times: user=0.00 sys=0.00, real=0.00 secs] 
86.631: Total time for which application threads were stopped: 0.0005110 seconds, Stopping threads took: 0.0000670 seconds
86.671: Application time: 0.0391610 seconds
86.671: [GC [PSYoungGen: 13308K->512K(14336K)] 41881K->29084K(48640K), 0.0004620 secs] [Times: user=0.00 sys=0.00, real=0.00 secs] 
86.671: Total time for which application threads were stopped: 0.0005850 seconds, Stopping threads took: 0.0000570 seconds
86.710: Application time: 0.0384770 seconds
86.710: [GC [PSYoungGen: 13819K->544K(14336K)] 42392K->29172K(48640K), 0.0004450 secs] [Times: user=0.00 sys=0.00, real=0.00 secs] 
86.710: Total time for which application threads were stopped: 0.0005670 seconds, Stopping threads took: 0.0000560 seconds
86.763: Application time: 0.0532050 seconds
86.763: [GC [PSYoungGen: 13852K->736K(14336K)] 42481K->29605K(48640K), 0.0005410 secs] [Times: user=0.00 sys=0.00, real=0.00 secs] 
86.764: Total time for which application threads were stopped: 0.0006500 seconds, Stopping threads took: 0.0000450 seconds
86.822: Application time: 0.0579390 seconds
86.822: [GC [PSYoungGen: 14046K->384K(13824K)] 42916K->29866K(48128K), 0.0005400 secs] [Times: user=0.00 sys=0.00, real=0.00 secs] 
86.823: Total time for which application threads were stopped: 0.0006640 seconds, Stopping threads took: 0.0000620 seconds
86.882: Application time: 0.0593030 seconds
86.882: [GC [PSYoungGen: 13693K->0K(14336K)] 43176K->29698K(48640K), 0.0004050 secs] [Times: user=0.00 sys=0.00, real=0.00 secs] 
86.882: Total time for which application threads were stopped: 0.0005220 seconds, Stopping threads took: 0.0000600 seconds
86.928: Application time: 0.0459160 seconds
86.928: [GC [PSYoungGen: 13309K->416K(14336K)] 43008K->30114K(48640K), 0.0004110 secs] [Times: user=0.00 sys=0.00, real=0.00 secs] 
86.929: Total time for which application threads were stopped: 0.0005270 seconds, Stopping threads took: 0.0000560 seconds
86.981: Application time: 0.0522070 seconds
86.981: [GC [PSYoungGen: 13727K->256K(14336K)] 43426K->29962K(48640K), 0.0004140 secs] [Times: user=0.00 sys=0.00, real=0.00 secs] 
86.982: Total time for which application threads were stopped: 0.0005180 seconds, Stopping threads took: 0.0000480 seconds
87.039: Application time: 0.0578060 seconds
87.040: [GC [PSYoungGen: 13567K->288K(14336K)] 43274K->30018K(48640K), 0.0004580 secs] [Times: user=0.00 sys=0.00, real=0.01 secs] 
87.040: Total time for which application threads were stopped: 0.0005620 seconds, Stopping threads took: 0.0000440 seconds
87.090: Application time: 0.0500350 seconds
87.090: [GC [PSYoungGen: 13600K->736K(14336K)] 43330K->30679K(48640K), 0.0005030 secs] [Times: user=0.01 sys=0.00, real=0.00 secs] 
87.091: Total time for which application threads were stopped: 0.0006160 seconds, Stopping threads took: 0.0000570 seconds
87.135: Application time: 0.0445600 seconds
87.135: [GC [PSYoungGen: 14046K->448K(14336K)] 43990K->30607K(48640K), 0.0005260 secs] [Times: user=0.00 sys=0.00, real=0.00 secs] 
87.136: Total time for which application threads were stopped: 0.0006500 seconds, Stopping threads took: 0.0000630 seconds
87.193: Application time: 0.0573540 seconds
87.193: [GC [PSYoungGen: 13756K->320K(14336K)] 43916K->30823K(48640K), 0.0004600 secs] [Times: user=0.00 sys=0.00, real=0.00 secs] 
87.194: Total time for which application threads were stopped: 0.0005970 seconds, Stopping threads took: 0.0000830 seconds
87.253: Application time: 0.0589280 seconds
87.253: [GC [PSYoungGen: 13629K->0K(14336K)] 44133K->30719K(48640K), 0.0004010 secs] [Times: user=0.00 sys=0.00, real=0.00 secs] 
87.253: Total time for which application threads were stopped: 0.0005410 seconds, Stopping threads took: 0.0000670 seconds
87.312: Application time: 0.0588560 seconds
87.312: [GC [PSYoungGen: 13311K->0K(14336K)] 44031K->30719K(48640K), 0.0003800 secs] [Times: user=0.00 sys=0.00, real=0.00 secs] 
87.313: Total time for which application threads were stopped: 0.0005010 seconds, Stopping threads took: 0.0000650 seconds
87.370: Application time: 0.0570880 seconds
87.370: [GC [PSYoungGen: 13311K->384K(14336K)] 44031K->31103K(48640K), 0.0004180 secs] [Times: user=0.00 sys=0.00, real=0.00 secs] 
87.370: Total time for which application threads were stopped: 0.0005380 seconds, Stopping threads took: 0.0000600 seconds
87.430: Application time: 0.0593550 seconds
87.430: [GC [PSYoungGen: 13695K->0K(14336K)] 44415K->30956K(48640K), 0.0004820 secs] [Times: user=0.00 sys=0.00, real=0.00 secs] 
87.430: Total time for which application threads were stopped: 0.0007260 seconds, Stopping threads took: 0.0001820 seconds
87.490: Application time: 0.0592820 seconds
87.490: [GC [PSYoungGen: 13309K->0K(14336K)] 44265K->30956K(48640K), 0.0003850 secs] [Times: user=0.00 sys=0.00, real=0.00 secs] 
87.490: Total time for which application threads were stopped: 0.0005010 seconds, Stopping threads took: 0.0000560 seconds
87.547: Application time: 0.0569920 seconds
87.547: [GC [PSYoungGen: 13309K->320K(14336K)] 44265K->31276K(48640K), 0.0004510 secs] [Times: user=0.01 sys=0.00, real=0.00 secs] 
87.548: Total time for which application threads were stopped: 0.0005840 seconds, Stopping threads took: 0.0000710 seconds
87.607: Application time: 0.0592470 seconds
87.608: [GC [PSYoungGen: 13629K->0K(14336K)] 44585K->31204K(48640K), 0.0004160 secs] [Times: user=0.00 sys=0.00, real=0.00 secs] 
87.608: Total time for which application threads were stopped: 0.0011870 seconds, Stopping threads took: 0.0007090 seconds
87.668: Application time: 0.0596150 seconds
87.668: [GC [PSYoungGen: 13309K->0K(14336K)] 44513K->31204K(48640K), 0.0003540 secs] [Times: user=0.00 sys=0.00, real=0.00 secs] 
87.668: Total time for which application threads were stopped: 0.0004970 seconds, Stopping threads took: 0.0000820 seconds
87.728: Application time: 0.0596320 seconds
87.728: [GC [PSYoungGen: 13309K->0K(14336K)] 44513K->31204K(48640K), 0.0004250 secs] [Times: user=0.00 sys=0.00, real=0.00 secs] 
87.729: Total time for which application threads were stopped: 0.0005590 seconds, Stopping threads took: 0.0000740 seconds
87.788: Application time: 0.0592330 seconds
87.788: [GC [PSYoungGen: 13309K->0K(14336K)] 44513K->31204K(48640K), 0.0004280 secs] [Times: user=0.00 sys=0.00, real=0.00 secs] 
87.788: Total time for which application threads were stopped: 0.0005600 seconds, Stopping threads took: 0.0000670 seconds
87.831: Application time: 0.0423280 seconds
87.831: [GC [PSYoungGen: 13310K->544K(14336K)] 44514K->31748K(48640K), 0.0004410 secs] [Times: user=0.00 sys=0.00, real=0.00 secs] 
87.831: Total time for which application threads were stopped: 0.0005450 seconds, Stopping threads took: 0.0000480 seconds
87.867: Application time: 0.0361790 seconds
87.867: [GC [PSYoungGen: 13855K->512K(14336K)] 45059K->31772K(48640K), 0.0004860 secs] [Times: user=0.00 sys=0.00, real=0.00 secs] 
87.868: Total time for which application threads were stopped: 0.0006000 seconds, Stopping threads took: 0.0000570 seconds
87.924: Application time: 0.0557600 seconds
87.924: [GC [PSYoungGen: 13820K->592K(14336K)] 45080K->31876K(48640K), 0.0004360 secs] [Times: user=0.01 sys=0.00, real=0.00 secs] 
87.924: Total time for which application threads were stopped: 0.0005290 seconds, Stopping threads took: 0.0000380 seconds
87.983: Application time: 0.0583380 seconds
87.983: [GC [PSYoungGen: 13901K->0K(14336K)] 45185K->31725K(48640K), 0.0004620 secs] [Times: user=0.00 sys=0.00, real=0.00 secs] 
87.983: Total time for which application threads were stopped: 0.0005840 seconds, Stopping threads took: 0.0000600 seconds
88.037: Application time: 0.0541240 seconds
88.037: [GC [PSYoungGen: 13311K->352K(14336K)] 45037K->32077K(48640K), 0.0004050 secs] [Times: user=0.00 sys=0.00, real=0.00 secs] 
88.038: Total time for which application threads were stopped: 0.0005200 seconds, Stopping threads took: 0.0000580 seconds
88.070: Application time: 0.0321860 seconds
88.070: [GC [PSYoungGen: 13661K->480K(14336K)] 45386K->32253K(48640K), 0.0004630 secs] [Times: user=0.00 sys=0.00, real=0.00 secs] 
88.071: Total time for which application threads were stopped: 0.0006060 seconds, Stopping threads took: 0.0000870 seconds
88.119: Application time: 0.0485470 seconds
88.119: [GC [PSYoungGen: 13787K->544K(14336K)] 45560K->32325K(48640K), 0.0004480 secs] [Times: user=0.00 sys=0.00, real=0.01 secs] 
88.120: Total time for which application threads were stopped: 0.0005640 seconds, Stopping threads took: 0.0000570 seconds
88.175: Application time: 0.0556710 seconds
88.175: [GC [PSYoungGen: 13851K->512K(14336K)] 45633K->32357K(48640K), 0.0004540 secs] [Times: user=0.00 sys=0.00, real=0.00 secs] 
88.176: Total time for which application threads were stopped: 0.0005550 seconds, Stopping threads took: 0.0000470 seconds
88.234: Application time: 0.0581330 seconds
88.234: [GC [PSYoungGen: 13821K->0K(14336K)] 45666K->32262K(48640K), 0.0004440 secs] [Times: user=0.01 sys=0.00, real=0.00 secs] 
88.235: Total time for which application threads were stopped: 0.0005530 seconds, Stopping threads took: 0.0000510 seconds
88.290: Application time: 0.0548950 seconds
88.290: [GC [PSYoungGen: 13307K->704K(14336K)] 45570K->32966K(48640K), 0.0004840 secs] [Times: user=0.01 sys=0.00, real=0.00 secs] 
88.290: Total time for which application threads were stopped: 0.0006100 seconds, Stopping threads took: 0.0000580 seconds
88.348: Application time: 0.0582680 seconds
88.352: [GC [PSYoungGen: 14013K->0K(13824K)] 46276K->32683K(48128K), 0.0005130 secs] [Times: user=0.01 sys=0.00, real=0.00 secs] 
88.352: Total time for which application threads were stopped: 0.0038810 seconds, Stopping threads took: 0.0033090 seconds
88.388: Application time: 0.0354290 seconds
88.388: [GC [PSYoungGen: 13311K->544K(14336K)] 45994K->33227K(48640K), 0.0004510 secs] [Times: user=0.00 sys=0.00, real=0.00 secs] 
88.388: Total time for which application threads were stopped: 0.0005660 seconds, Stopping threads took: 0.0000610 seconds
88.431: Application time: 0.0427550 seconds
88.431: [GC [PSYoungGen: 13853K->512K(14848K)] 46536K->33251K(49152K), 0.0004310 secs] [Times: user=0.00 sys=0.00, real=0.00 secs] 
88.432: Total time for which application threads were stopped: 0.0005490 seconds, Stopping threads took: 0.0000600 seconds
88.484: Application time: 0.0522940 seconds
88.484: [GC [PSYoungGen: 13821K->960K(14848K)] 46561K->33747K(49152K), 0.0005220 secs] [Times: user=0.00 sys=0.00, real=0.00 secs] 
88.485: Total time for which application threads were stopped: 0.0006320 seconds, Stopping threads took: 0.0000510 seconds
88.543: Application time: 0.0588170 seconds
88.543: [GC [PSYoungGen: 14269K->0K(14848K)] 47056K->33605K(49152K), 0.0005160 secs] [Times: user=0.00 sys=0.00, real=0.00 secs] 
88.544: [Full GC [PSYoungGen: 0K->0K(14848K)] [ParOldGen: 33605K->4380K(33792K)] 33605K->4380K(48640K) [PSPermGen: 5544K->5544K(21504K)], 0.0055950 secs] [Times: user=0.03 sys=0.00, real=0.00 secs] 
88.550: Total time for which application threads were stopped: 0.0062700 seconds, Stopping threads took: 0.0000490 seconds
88.609: Application time: 0.0591600 seconds
88.609: [GC [PSYoungGen: 13309K->0K(14848K)] 17690K->4380K(48640K), 0.0003720 secs] [Times: user=0.00 sys=0.00, real=0.00 secs] 
88.609: Total time for which application threads were stopped: 0.0004760 seconds, Stopping threads took: 0.0000490 seconds
88.651: Application time: 0.0414600 seconds
88.651: [GC [PSYoungGen: 13309K->384K(14848K)] 17690K->4764K(48640K), 0.0003710 secs] [Times: user=0.00 sys=0.00, real=0.00 secs] 
88.651: Total time for which application threads were stopped: 0.0004760 seconds, Stopping threads took: 0.0000460 seconds
88.707: Application time: 0.0562220 seconds
88.708: [GC [PSYoungGen: 13693K->352K(14848K)] 18074K->4740K(48640K), 0.0003940 secs] [Times: user=0.00 sys=0.00, real=0.00 secs] 
88.708: Total time for which application threads were stopped: 0.0005110 seconds, Stopping threads took: 0.0000640 seconds
88.766: Application time: 0.0575760 seconds
88.766: [GC [PSYoungGen: 13660K->352K(13824K)] 18049K->4764K(47616K), 0.0004030 secs] [Times: user=0.00 sys=0.00, real=0.00 secs] 
88.766: Total time for which application threads were stopped: 0.0005190 seconds, Stopping threads took: 0.0000570 seconds
88.812: Application time: 0.0460680 seconds
88.812: [GC [PSYoungGen: 13659K->736K(14336K)] 18072K->5361K(48128K), 0.0005030 secs] [Times: user=0.00 sys=0.00, real=0.00 secs] 
88.813: Total time for which application threads were stopped: 0.0006320 seconds, Stopping threads took: 0.0000620 seconds
88.861: Application time: 0.0483090 seconds
88.861: [GC [PSYoungGen: 14044K->512K(14848K)] 18670K->5358K(48640K), 0.0004630 secs] [Times: user=0.00 sys=0.00, real=0.00 secs] 
88.862: Total time for which application threads were stopped: 0.0005760 seconds, Stopping threads took: 0.0000540 seconds
88.919: Application time: 0.0574650 seconds
88.919: [GC [PSYoungGen: 13820K->352K(13824K)] 18666K->5418K(47616K), 0.0004220 secs] [Times: user=0.00 sys=0.00, real=0.00 secs] 
88.920: Total time for which application threads were stopped: 0.0005430 seconds, Stopping threads took: 0.0000610 seconds
88.978: Application time: 0.0587120 seconds
88.978: [GC [PSYoungGen: 13661K->0K(14336K)] 18728K->5282K(48128K), 0.0003680 secs] [Times: user=0.00 sys=0.00, real=0.00 secs] 
88.979: Total time for which application threads were stopped: 0.0004780 seconds, Stopping threads took: 0.0000500 seconds
89.037: Application time: 0.0577470 seconds
89.037: [GC [PSYoungGen: 13308K->352K(14336K)] 18591K->5634K(48128K), 0.0004450 secs] [Times: user=0.00 sys=0.00, real=0.00 secs] 
89.037: Total time for which application threads were stopped: 0.0005680 seconds, Stopping threads took: 0.0000610 seconds
89.095: Application time: 0.0575270 seconds
89.095: [GC [PSYoungGen: 13663K->352K(14336K)] 18946K->5658K(48128K), 0.0003840 secs] [Times: user=0.00 sys=0.00, real=0.00 secs] 
89.095: Total time for which application threads were stopped: 0.0005110 seconds, Stopping threads took: 0.0000700 seconds
89.154: Application time: 0.0588960 seconds
89.154: [GC [PSYoungGen: 13661K->0K(14336K)] 18968K->5538K(48128K), 0.0004320 secs] [Times: user=0.00 sys=0.00, real=0.00 secs] 
89.155: Total time for which application threads were stopped: 0.0005500 seconds, Stopping threads took: 0.0000600 seconds
89.212: Application time: 0.0577870 seconds
89.213: [GC [PSYoungGen: 13311K->352K(14336K)] 18850K->5890K(48128K), 0.0003860 secs] [Times: user=0.00 sys=0.00, real=0.00 secs] 
89.213: Total time for which application threads were stopped: 0.0005060 seconds, Stopping threads took: 0.0000640 seconds
89.272: Application time: 0.0587700 seconds
89.272: [GC [PSYoungGen: 13660K->320K(14336K)] 19198K->5914K(48128K), 0.0005050 secs] [Times: user=0.00 sys=0.00, real=0.00 secs] 
89.272: Total time for which application threads were stopped: 0.0006070 seconds, Stopping threads took: 0.0000350 seconds
89.332: Application time: 0.0593770 seconds
89.332: [GC [PSYoungGen: 13629K->0K(14336K)] 19224K->5807K(48128K), 0.0003660 secs] [Times: user=0.00 sys=0.00, real=0.00 secs] 
89.332: Total time for which application threads were stopped: 0.0005180 seconds, Stopping threads took: 0.0000840 seconds
89.392: Application time: 0.0593230 seconds
89.392: [GC [PSYoungGen: 13309K->0K(14336K)] 19116K->5807K(48128K), 0.0003450 secs] [Times: user=0.00 sys=0.00, real=0.01 secs] 
89.392: Total time for which application threads were stopped: 0.0004730 seconds, Stopping threads took: 0.0000670 seconds
89.452: Application time: 0.0596600 seconds
89.452: [GC [PSYoungGen: 13309K->0K(14336K)] 19116K->5807K(48128K), 0.0003310 secs] [Times: user=0.00 sys=0.00, real=0.00 secs] 
89.452: Total time for which application threads were stopped: 0.0004530 seconds, Stopping threads took: 0.0000630 seconds
89.511: Application time: 0.0592190 seconds
89.511: [GC [PSYoungGen: 13309K->0K(14336K)] 19116K->5807K(48128K), 0.0003730 secs] [Times: user=0.00 sys=0.00, real=0.01 secs] 
89.512: Total time for which application threads were stopped: 0.0004950 seconds, Stopping threads took: 0.0000640 seconds
89.558: Application time: 0.0456420 seconds
89.558: [GC [PSYoungGen: 13308K->544K(14336K)] 19116K->6351K(48128K), 0.0004660 secs] [Times: user=0.00 sys=0.00, real=0.00 secs] 
89.558: Total time for which application threads were stopped: 0.0005700 seconds, Stopping threads took: 0.0000480 seconds
89.592: Application time: 0.0335450 seconds
89.592: [GC [PSYoungGen: 13852K->480K(14336K)] 19660K->6351K(48128K), 0.0004940 secs] [Times: user=0.00 sys=0.00, real=0.00 secs] 
89.592: Total time for which application threads were stopped: 0.0006180 seconds, Stopping threads took: 0.0000560 seconds
89.650: Application time: 0.0574300 seconds
89.650: [GC [PSYoungGen: 13789K->0K(14336K)] 19660K->6288K(48128K), 0.0004070 secs] [Times: user=0.01 sys=0.00, real=0.00 secs] 
89.650: Total time for which application threads were stopped: 0.0005240 seconds, Stopping threads took: 0.0000610 seconds
89.706: Application time: 0.0561450 seconds
89.706: [GC [PSYoungGen: 13310K->512K(14336K)] 19598K->6800K(48128K), 0.0004110 secs] [Times: user=0.01 sys=0.00, real=0.00 secs] 
89.707: Total time for which application threads were stopped: 0.0005490 seconds, Stopping threads took: 0.0000750 seconds
89.766: Application time: 0.0586510 seconds
89.766: [GC [PSYoungGen: 13821K->0K(14336K)] 20109K->6745K(48128K), 0.0003980 secs] [Times: user=0.00 sys=0.00, real=0.00 secs] 
89.766: Total time for which application threads were stopped: 0.0005170 seconds, Stopping threads took: 0.0000580 seconds
89.801: Application time: 0.0353500 seconds
89.802: [GC [PSYoungGen: 13311K->512K(14336K)] 20056K->7257K(48128K), 0.0004710 secs] [Times: user=0.00 sys=0.00, real=0.00 secs] 
89.802: Total time for which application threads were stopped: 0.0005740 seconds, Stopping threads took: 0.0000440 seconds
89.843: Application time: 0.0413670 seconds
89.843: [GC [PSYoungGen: 13821K->480K(14336K)] 20567K->7273K(48128K), 0.0004330 secs] [Times: user=0.00 sys=0.00, real=0.00 secs] 
89.844: Total time for which application threads were stopped: 0.0005630 seconds, Stopping threads took: 0.0000650 seconds
89.899: Application time: 0.0554490 seconds
89.899: [GC [PSYoungGen: 13790K->512K(14336K)] 20584K->7361K(48128K), 0.0004720 secs] [Times: user=0.00 sys=0.00, real=0.01 secs] 
89.900: Total time for which application threads were stopped: 0.0005880 seconds, Stopping threads took: 0.0000600 seconds
89.958: Application time: 0.0580820 seconds
89.958: [GC [PSYoungGen: 13821K->0K(14336K)] 20671K->7274K(48128K), 0.0004210 secs] [Times: user=0.00 sys=0.00, real=0.00 secs] 
89.959: Total time for which application threads were stopped: 0.0005410 seconds, Stopping threads took: 0.0000640 seconds
90.013: Application time: 0.0547830 seconds
90.016: [GC [PSYoungGen: 13311K->576K(14336K)] 20586K->7850K(48128K), 0.0004120 secs] [Times: user=0.00 sys=0.00, real=0.00 secs] 
90.016: Total time for which application threads were stopped: 0.0028070 seconds, Stopping threads took: 0.0023390 seconds
90.073: Application time: 0.0570480 seconds
90.073: [GC [PSYoungGen: 13887K->320K(14336K)] 21162K->8015K(48128K), 0.0004570 secs] [Times: user=0.01 sys=0.00, real=0.00 secs] 
90.074: Total time for which application threads were stopped: 0.0005720 seconds, Stopping threads took: 0.0000560 seconds
90.109: Application time: 0.0355710 seconds
90.109: [GC [PSYoungGen: 13628K->544K(14336K)] 21323K->8255K(48128K), 0.0004100 secs] [Times: user=0.00 sys=0.00, real=0.00 secs] 
90.110: Total time for which application threads were stopped: 0.0005290 seconds, Stopping threads took: 0.0000610 seconds
90.153: Application time: 0.0427150 seconds
90.153: [GC [PSYoungGen: 13852K->528K(14336K)] 21564K->8303K(48128K), 0.0004280 secs] [Times: user=0.01 sys=0.00, real=0.00 secs] 
90.153: Total time for which application threads were stopped: 0.0005450 seconds, Stopping threads took: 0.0000580 seconds
90.207: Application time: 0.0540610 seconds
90.207: [GC [PSYoungGen: 13837K->896K(14336K)] 21612K->8719K(48128K), 0.0005170 secs] [Times: user=0.00 sys=0.00, real=0.00 secs] 
90.208: Total time for which application threads were stopped: 0.0006310 seconds, Stopping threads took: 0.0000540 seconds
90.265: Application time: 0.0568700 seconds
90.265: [GC [PSYoungGen: 14204K->512K(14848K)] 22028K->8744K(48640K), 0.0004580 secs] [Times: user=0.01 sys=0.00, real=0.00 secs] 
90.265: Total time for which application threads were stopped: 0.0005670 seconds, Stopping threads took: 0.0000540 seconds
90.322: Application time: 0.0566940 seconds
90.322: [GC [PSYoungGen: 13821K->352K(13824K)] 22053K->8996K(47616K), 0.0004610 secs] [Times: user=0.00 sys=0.00, real=0.00 secs] 
90.323: Total time for which application threads were stopped: 0.0005890 seconds, Stopping threads took: 0.0000610 seconds
90.364: Application time: 0.0416670 seconds
90.364: [GC [PSYoungGen: 13660K->256K(14336K)] 22305K->8908K(48128K), 0.0003820 secs] [Times: user=0.00 sys=0.00, real=0.00 secs] 
90.365: Total time for which application threads were stopped: 0.0005050 seconds, Stopping threads took: 0.0000560 seconds
90.423: Application time: 0.0577470 seconds
90.423: [GC [PSYoungGen: 13564K->256K(14336K)] 22217K->8993K(48128K), 0.0003710 secs] [Times: user=0.00 sys=0.00, real=0.00 secs] 
90.423: Total time for which application threads were stopped: 0.0004820 seconds, Stopping threads took: 0.0000570 seconds
90.481: Application time: 0.0577220 seconds
90.481: [GC [PSYoungGen: 13567K->256K(14336K)] 22304K->9137K(48128K), 0.0004830 secs] [Times: user=0.00 sys=0.00, real=0.00 secs] 
90.481: Total time for which application threads were stopped: 0.0005980 seconds, Stopping threads took: 0.0000600 seconds
90.527: Application time: 0.0452060 seconds
90.527: [GC [PSYoungGen: 13567K->736K(14336K)] 22448K->9838K(48128K), 0.0004950 secs] [Times: user=0.00 sys=0.00, real=0.00 secs] 
90.527: Total time for which application threads were stopped: 0.0006150 seconds, Stopping threads took: 0.0000590 seconds
90.576: Application time: 0.0486240 seconds
90.576: [GC [PSYoungGen: 14045K->512K(14336K)] 23147K->9834K(48128K), 0.0004440 secs] [Times: user=0.00 sys=0.00, real=0.00 secs] 
90.576: Total time for which application threads were stopped: 0.0005600 seconds, Stopping threads took: 0.0000570 seconds
90.634: Application time: 0.0573290 seconds
90.634: [GC [PSYoungGen: 13823K->384K(14336K)] 23145K->9930K(48128K), 0.0004040 secs] [Times: user=0.00 sys=0.00, real=0.00 secs] 
90.634: Total time for which application threads were stopped: 0.0005160 seconds, Stopping threads took: 0.0000540 seconds
90.693: Application time: 0.0587240 seconds
90.693: [GC [PSYoungGen: 13693K->0K(14336K)] 23240K->9778K(48128K), 0.0003700 secs] [Times: user=0.00 sys=0.00, real=0.00 secs] 
90.693: Total time for which application threads were stopped: 0.0004880 seconds, Stopping threads took: 0.0000570 seconds
90.751: Application time: 0.0576730 seconds
90.751: [GC [PSYoungGen: 13311K->256K(14336K)] 23090K->10034K(48128K), 0.0003570 secs] [Times: user=0.00 sys=0.00, real=0.00 secs] 
90.752: Total time for which application threads were stopped: 0.0004470 seconds, Stopping threads took: 0.0000360 seconds
90.809: Application time: 0.0577100 seconds
90.809: [GC [PSYoungGen: 13567K->352K(14336K)] 23346K->10138K(48128K), 0.0004220 secs] [Times: user=0.00 sys=0.00, real=0.00 secs] 
90.810: Total time for which application threads were stopped: 0.0005400 seconds, Stopping threads took: 0.0000600 seconds
90.869: Application time: 0.0589970 seconds
90.869: [GC [PSYoungGen: 13661K->0K(14336K)] 23448K->10034K(48128K), 0.0004050 secs] [Times: user=0.00 sys=0.00, real=0.00 secs] 
90.869: Total time for which application threads were stopped: 0.0005480 seconds, Stopping threads took: 0.0000760 seconds
90.927: Application time: 0.0577390 seconds
90.927: [GC [PSYoungGen: 13311K->320K(14336K)] 23346K->10354K(48128K), 0.0004150 secs] [Times: user=0.00 sys=0.00, real=0.00 secs] 
90.928: Total time for which application threads were stopped: 0.0005510 seconds, Stopping threads took: 0.0000730 seconds
90.986: Application time: 0.0584050 seconds
90.986: [GC [PSYoungGen: 13631K->352K(14336K)] 23666K->10458K(48128K), 0.0003990 secs] [Times: user=0.00 sys=0.00, real=0.00 secs] 
90.987: Total time for which application threads were stopped: 0.0005030 seconds, Stopping threads took: 0.0000460 seconds
91.046: Application time: 0.0594680 seconds
91.046: [GC [PSYoungGen: 13661K->0K(14336K)] 23768K->10322K(48128K), 0.0003980 secs] [Times: user=0.00 sys=0.00, real=0.00 secs] 
91.047: Total time for which application threads were stopped: 0.0005050 seconds, Stopping threads took: 0.0000520 seconds
91.106: Application time: 0.0594590 seconds
91.106: [GC [PSYoungGen: 13309K->0K(14336K)] 23632K->10322K(48128K), 0.0003550 secs] [Times: user=0.01 sys=0.00, real=0.00 secs] 
91.106: Total time for which application threads were stopped: 0.0004700 seconds, Stopping threads took: 0.0000590 seconds
91.166: Application time: 0.0595880 seconds
91.166: [GC [PSYoungGen: 13309K->0K(14336K)] 23632K->10322K(48128K), 0.0003300 secs] [Times: user=0.00 sys=0.00, real=0.00 secs] 
91.166: Total time for which application threads were stopped: 0.0004400 seconds, Stopping threads took: 0.0000540 seconds
91.226: Application time: 0.0593790 seconds
91.226: [GC [PSYoungGen: 13309K->0K(14336K)] 23632K->10322K(48128K), 0.0003540 secs] [Times: user=0.00 sys=0.00, real=0.00 secs] 
91.226: Total time for which application threads were stopped: 0.0004900 seconds, Stopping threads took: 0.0000770 seconds
91.281: Application time: 0.0550980 seconds
91.282: [GC [PSYoungGen: 13311K->480K(14336K)] 23634K->10802K(48128K), 0.0004130 secs] [Times: user=0.00 sys=0.00, real=0.00 secs] 
91.282: Total time for which application threads were stopped: 0.0005060 seconds, Stopping threads took: 0.0000400 seconds
91.317: Application time: 0.0346440 seconds
91.317: [GC [PSYoungGen: 13788K->512K(14336K)] 24111K->10850K(48128K), 0.0004450 secs] [Times: user=0.00 sys=0.00, real=0.00 secs] 
91.317: Total time for which application threads were stopped: 0.0005600 seconds, Stopping threads took: 0.0000550 seconds
91.365: Application time: 0.0474410 seconds
91.365: [GC [PSYoungGen: 13821K->512K(14336K)] 24160K->10906K(48128K), 0.0004340 secs] [Times: user=0.00 sys=0.00, real=0.00 secs] 
91.365: Total time for which application threads were stopped: 0.0005400 seconds, Stopping threads took: 0.0000470 seconds
91.421: Application time: 0.0558770 seconds
91.421: [GC [PSYoungGen: 13823K->480K(14336K)] 24217K->10890K(48128K), 0.0004450 secs] [Times: user=0.00 sys=0.00, real=0.00 secs] 
91.422: Total time for which application threads were stopped: 0.0005650 seconds, Stopping threads took: 0.0000490 seconds
91.481: Application time: 0.0590560 seconds
91.481: [GC [PSYoungGen: 13789K->0K(14336K)] 24200K->10847K(48128K), 0.0005000 secs] [Times: user=0.00 sys=0.00, real=0.00 secs] 
91.482: Total time for which application threads were stopped: 0.0017210 seconds, Stopping threads took: 0.0000620 seconds
91.522: Application time: 0.0393620 seconds
91.522: [GC [PSYoungGen: 13309K->544K(14336K)] 24157K->11391K(48128K), 0.0004310 secs] [Times: user=0.00 sys=0.00, real=0.00 secs] 
91.522: Total time for which application threads were stopped: 0.0005390 seconds, Stopping threads took: 0.0000500 seconds
91.560: Application time: 0.0377590 seconds
91.560: [GC [PSYoungGen: 13851K->544K(14336K)] 24699K->11447K(48128K), 0.0004240 secs] [Times: user=0.00 sys=0.00, real=0.00 secs] 
91.561: Total time for which application threads were stopped: 0.0005460 seconds, Stopping threads took: 0.0000610 seconds
91.616: Application time: 0.0553870 seconds
91.616: [GC [PSYoungGen: 13852K->480K(14336K)] 24756K->11448K(48128K), 0.0004330 secs] [Times: user=0.00 sys=0.00, real=0.00 secs] 
91.617: Total time for which application threads were stopped: 0.0005480 seconds, Stopping threads took: 0.0000570 seconds
91.675: Application time: 0.0582120 seconds
91.675: [GC [PSYoungGen: 13789K->0K(14336K)] 24757K->11513K(48128K), 0.0004540 secs] [Times: user=0.00 sys=0.00, real=0.00 secs] 
91.675: Total time for which application threads were stopped: 0.0005770 seconds, Stopping threads took: 0.0000670 seconds
91.731: Application time: 0.0554560 seconds
91.731: [GC [PSYoungGen: 13310K->544K(14336K)] 24823K->12057K(48128K), 0.0004300 secs] [Times: user=0.00 sys=0.00, real=0.00 secs] 
91.731: Total time for which application threads were stopped: 0.0005470 seconds, Stopping threads took: 0.0000510 seconds
91.785: Application time: 0.0540560 seconds
91.788: [GC [PSYoungGen: 13854K->544K(14336K)] 25367K->12277K(48128K), 0.0004450 secs] [Times: user=0.00 sys=0.00, real=0.00 secs] 
91.788: Total time for which application threads were stopped: 0.0028710 seconds, Stopping threads took: 0.0023650 seconds
91.822: Application time: 0.0332840 seconds
91.822: [GC [PSYoungGen: 13854K->544K(14336K)] 25588K->12493K(48128K), 0.0005040 secs] [Times: user=0.00 sys=0.00, real=0.00 secs] 
91.822: Total time for which application threads were stopped: 0.0006200 seconds, Stopping threads took: 0.0000630 seconds
91.868: Application time: 0.0459940 seconds
91.868: [GC [PSYoungGen: 13853K->544K(14336K)] 25803K->12549K(48128K), 0.0004140 secs] [Times: user=0.01 sys=0.00, real=0.00 secs] 
91.869: Total time for which application threads were stopped: 0.0005290 seconds, Stopping threads took: 0.0000600 seconds
91.924: Application time: 0.0554120 seconds
91.924: [GC [PSYoungGen: 13854K->512K(14336K)] 25860K->12573K(48128K), 0.0004260 secs] [Times: user=0.00 sys=0.00, real=0.00 secs] 
91.925: Total time for which application threads were stopped: 0.0005460 seconds, Stopping threads took: 0.0000480 seconds
91.979: Application time: 0.0545510 seconds
91.979: [GC [PSYoungGen: 13822K->544K(14336K)] 25884K->13022K(48128K), 0.0005040 secs] [Times: user=0.00 sys=0.00, real=0.01 secs] 
91.980: Total time for which application threads were stopped: 0.0006210 seconds, Stopping threads took: 0.0000530 seconds
92.036: Application time: 0.0559560 seconds
92.036: [GC [PSYoungGen: 13853K->352K(14336K)] 26332K->13251K(48128K), 0.0004830 secs] [Times: user=0.00 sys=0.00, real=0.00 secs] 
92.036: Total time for which application threads were stopped: 0.0005910 seconds, Stopping threads took: 0.0000550 seconds
92.079: Application time: 0.0425310 seconds
92.079: [GC [PSYoungGen: 13661K->384K(14336K)] 26560K->13291K(48128K), 0.0004030 secs] [Times: user=0.00 sys=0.00, real=0.00 secs] 
92.079: Total time for which application threads were stopped: 0.0005190 seconds, Stopping threads took: 0.0000560 seconds
92.137: Application time: 0.0579420 seconds
92.137: [GC [PSYoungGen: 13695K->0K(14336K)] 26602K->13127K(48128K), 0.0004010 secs] [Times: user=0.00 sys=0.00, real=0.00 secs] 
92.138: Total time for which application threads were stopped: 0.0005240 seconds, Stopping threads took: 0.0000610 seconds
92.195: Application time: 0.0575060 seconds
92.196: [GC [PSYoungGen: 13308K->384K(14336K)] 26436K->13511K(48128K), 0.0004150 secs] [Times: user=0.00 sys=0.00, real=0.00 secs] 
92.196: Total time for which application threads were stopped: 0.0005350 seconds, Stopping threads took: 0.0000590 seconds
92.240: Application time: 0.0442990 seconds
92.240: [GC [PSYoungGen: 13693K->704K(14336K)] 26820K->14036K(48128K), 0.0004830 secs] [Times: user=0.00 sys=0.00, real=0.00 secs] 
92.241: Total time for which application threads were stopped: 0.0005870 seconds, Stopping threads took: 0.0000440 seconds
92.291: Application time: 0.0498130 seconds
92.292: [GC [PSYoungGen: 14015K->512K(14336K)] 27348K->14065K(48128K), 0.0004410 secs] [Times: user=0.00 sys=0.00, real=0.00 secs] 
92.292: Total time for which application threads were stopped: 0.0015610 seconds, Stopping threads took: 0.0010600 seconds
92.350: Application time: 0.0577980 seconds
92.350: [GC [PSYoungGen: 13820K->384K(14336K)] 27373K->14161K(48128K), 0.0003930 secs] [Times: user=0.00 sys=0.00, real=0.00 secs] 
92.351: Total time for which application threads were stopped: 0.0005260 seconds, Stopping threads took: 0.0000760 seconds
92.409: Application time: 0.0587580 seconds
92.409: [GC [PSYoungGen: 13693K->0K(14336K)] 27470K->14001K(48128K), 0.0004640 secs] [Times: user=0.00 sys=0.00, real=0.00 secs] 
92.410: Total time for which application threads were stopped: 0.0005780 seconds, Stopping threads took: 0.0000550 seconds
92.467: Application time: 0.0570950 seconds
92.467: [GC [PSYoungGen: 13308K->352K(14336K)] 27310K->14353K(48128K), 0.0004130 secs] [Times: user=0.00 sys=0.00, real=0.00 secs] 
92.468: Total time for which application threads were stopped: 0.0005340 seconds, Stopping threads took: 0.0000580 seconds
92.527: Application time: 0.0591690 seconds
92.527: [GC [PSYoungGen: 13661K->0K(14336K)] 27662K->14245K(48128K), 0.0003750 secs] [Times: user=0.01 sys=0.00, real=0.00 secs] 
92.527: Total time for which application threads were stopped: 0.0005210 seconds, Stopping threads took: 0.0000800 seconds
92.586: Application time: 0.0589080 seconds
92.588: [GC [PSYoungGen: 13309K->0K(14336K)] 27555K->14245K(48128K), 0.0003720 secs] [Times: user=0.00 sys=0.00, real=0.00 secs] 
92.588: Total time for which application threads were stopped: 0.0020310 seconds, Stopping threads took: 0.0015970 seconds
92.646: Application time: 0.0577680 seconds
92.646: [GC [PSYoungGen: 13311K->352K(14336K)] 27557K->14597K(48128K), 0.0003810 secs] [Times: user=0.01 sys=0.00, real=0.00 secs] 
92.646: Total time for which application threads were stopped: 0.0005030 seconds, Stopping threads took: 0.0000640 seconds
92.705: Application time: 0.0583780 seconds
92.705: [GC [PSYoungGen: 13663K->288K(14336K)] 27909K->14589K(48128K), 0.0004280 secs] [Times: user=0.00 sys=0.00, real=0.00 secs] 
92.705: Total time for which application threads were stopped: 0.0005360 seconds, Stopping threads took: 0.0000520 seconds
92.765: Application time: 0.0594030 seconds
92.765: [GC [PSYoungGen: 13597K->0K(14336K)] 27899K->14517K(48128K), 0.0003830 secs] [Times: user=0.00 sys=0.00, real=0.00 secs] 
92.765: Total time for which application threads were stopped: 0.0005040 seconds, Stopping threads took: 0.0000660 seconds
92.825: Application time: 0.0595060 seconds
92.828: [GC [PSYoungGen: 13309K->0K(14336K)] 27827K->14517K(48128K), 0.0003440 secs] [Times: user=0.00 sys=0.00, real=0.00 secs] 
92.828: Total time for which application threads were stopped: 0.0033630 seconds, Stopping threads took: 0.0029560 seconds
92.887: Application time: 0.0593200 seconds
92.892: [GC [PSYoungGen: 13309K->0K(14336K)] 27827K->14517K(48128K), 0.0003510 secs] [Times: user=0.00 sys=0.00, real=0.00 secs] 
92.892: Total time for which application threads were stopped: 0.0046940 seconds, Stopping threads took: 0.0042890 seconds
92.951: Application time: 0.0589910 seconds
92.951: [GC [PSYoungGen: 13309K->0K(14336K)] 27827K->14517K(48128K), 0.0003390 secs] [Times: user=0.00 sys=0.00, real=0.00 secs] 
92.952: Total time for which application threads were stopped: 0.0004690 seconds, Stopping threads took: 0.0000760 seconds
93.002: Application time: 0.0501760 seconds
93.002: [GC [PSYoungGen: 13308K->384K(14336K)] 27825K->14901K(48128K), 0.0003870 secs] [Times: user=0.00 sys=0.00, real=0.00 secs] 
93.002: Total time for which application threads were stopped: 0.0005060 seconds, Stopping threads took: 0.0000530 seconds
93.037: Application time: 0.0344480 seconds
93.037: [GC [PSYoungGen: 13693K->512K(14336K)] 28211K->15085K(48128K), 0.0004330 secs] [Times: user=0.00 sys=0.00, real=0.00 secs] 
93.037: Total time for which application threads were stopped: 0.0005440 seconds, Stopping threads took: 0.0000530 seconds
93.089: Application time: 0.0519600 seconds
93.089: [GC [PSYoungGen: 13823K->384K(14336K)] 28397K->15181K(48128K), 0.0004610 secs] [Times: user=0.00 sys=0.00, real=0.00 secs] 
93.090: Total time for which application threads were stopped: 0.0005670 seconds, Stopping threads took: 0.0000480 seconds
93.146: Application time: 0.0561930 seconds
93.146: [GC [PSYoungGen: 13693K->544K(14336K)] 28490K->15357K(48128K), 0.0004680 secs] [Times: user=0.00 sys=0.00, real=0.00 secs] 
93.147: Total time for which application threads were stopped: 0.0005740 seconds, Stopping threads took: 0.0000490 seconds
93.205: Application time: 0.0588620 seconds
93.206: [GC [PSYoungGen: 13853K->0K(14336K)] 28667K->15254K(48128K), 0.0004350 secs] [Times: user=0.00 sys=0.00, real=0.00 secs] 
93.206: Total time for which application threads were stopped: 0.0005400 seconds, Stopping threads took: 0.0000450 seconds
93.261: Application time: 0.0547000 seconds
93.261: [GC [PSYoungGen: 13308K->512K(14336K)] 28562K->15766K(48128K), 0.0004270 secs] [Times: user=0.00 sys=0.00, real=0.00 secs] 
93.261: Total time for which application threads were stopped: 0.0005340 seconds, Stopping threads took: 0.0000490 seconds
93.294: Application time: 0.0328520 seconds
93.294: [GC [PSYoungGen: 13821K->448K(14336K)] 29076K->15751K(48128K), 0.0004880 secs] [Times: user=0.00 sys=0.00, real=0.00 secs] 
93.295: Total time for which application threads were stopped: 0.0006080 seconds, Stopping threads took: 0.0000560 seconds
93.342: Application time: 0.0474050 seconds
93.342: [GC [PSYoungGen: 13755K->512K(14336K)] 29058K->15831K(48128K), 0.0004410 secs] [Times: user=0.00 sys=0.00, real=0.00 secs] 
93.343: Total time for which application threads were stopped: 0.0005590 seconds, Stopping threads took: 0.0000590 seconds
93.398: Application time: 0.0556100 seconds
93.398: [GC [PSYoungGen: 13822K->544K(14336K)] 29141K->15935K(48128K), 0.0004490 secs] [Times: user=0.00 sys=0.00, real=0.00 secs] 
93.399: Total time for which application threads were stopped: 0.0005510 seconds, Stopping threads took: 0.0000480 seconds
93.454: Application time: 0.0556370 seconds
93.456: [GC [PSYoungGen: 13853K->544K(14336K)] 29244K->16355K(48128K), 0.0005010 secs] [Times: user=0.00 sys=0.00, real=0.00 secs] 
93.456: Total time for which application threads were stopped: 0.0018300 seconds, Stopping threads took: 0.0012790 seconds
93.514: Application time: 0.0572630 seconds
93.514: [GC [PSYoungGen: 13855K->352K(14336K)] 29667K->16580K(48128K), 0.0004670 secs] [Times: user=0.00 sys=0.00, real=0.00 secs] 
93.514: Total time for which application threads were stopped: 0.0005870 seconds, Stopping threads took: 0.0000560 seconds
93.549: Application time: 0.0352840 seconds
93.550: [GC [PSYoungGen: 13660K->544K(14336K)] 29889K->16780K(48128K), 0.0004350 secs] [Times: user=0.00 sys=0.00, real=0.00 secs] 
93.550: Total time for which application threads were stopped: 0.0005570 seconds, Stopping threads took: 0.0000570 seconds
93.593: Application time: 0.0427480 seconds
93.593: [GC [PSYoungGen: 13855K->544K(14336K)] 30092K->16828K(48128K), 0.0004320 secs] [Times: user=0.00 sys=0.00, real=0.00 secs] 
93.593: Total time for which application threads were stopped: 0.0005500 seconds, Stopping threads took: 0.0000620 seconds
93.649: Application time: 0.0556710 seconds
93.649: [GC [PSYoungGen: 13851K->544K(14336K)] 30136K->16892K(48128K), 0.0004120 secs] [Times: user=0.01 sys=0.00, real=0.00 secs] 
93.649: Total time for which application threads were stopped: 0.0005090 seconds, Stopping threads took: 0.0000430 seconds
93.704: Application time: 0.0547820 seconds
93.704: [GC [PSYoungGen: 13852K->512K(14336K)] 30201K->17285K(48128K), 0.0004790 secs] [Times: user=0.01 sys=0.00, real=0.00 secs] 
93.705: Total time for which application threads were stopped: 0.0005930 seconds, Stopping threads took: 0.0000570 seconds
93.754: Application time: 0.0495270 seconds
93.754: [GC [PSYoungGen: 13822K->320K(14336K)] 30595K->17498K(48128K), 0.0005090 secs] [Times: user=0.00 sys=0.00, real=0.00 secs] 
93.755: Total time for which application threads were stopped: 0.0006140 seconds, Stopping threads took: 0.0000470 seconds
93.803: Application time: 0.0476690 seconds
93.803: [GC [PSYoungGen: 13631K->224K(14336K)] 30810K->17410K(48128K), 0.0004900 secs] [Times: user=0.00 sys=0.00, real=0.00 secs] 
93.803: Total time for which application threads were stopped: 0.0006040 seconds, Stopping threads took: 0.0000560 seconds
93.860: Application time: 0.0571270 seconds
93.861: [GC [PSYoungGen: 13532K->320K(14336K)] 30719K->17522K(48128K), 0.0004250 secs] [Times: user=0.00 sys=0.00, real=0.00 secs] 
93.861: Total time for which application threads were stopped: 0.0005590 seconds, Stopping threads took: 0.0000740 seconds
93.919: Application time: 0.0581330 seconds
93.919: [GC [PSYoungGen: 13629K->0K(14336K)] 30831K->17430K(48128K), 0.0003950 secs] [Times: user=0.00 sys=0.00, real=0.00 secs] 
93.920: Total time for which application threads were stopped: 0.0005110 seconds, Stopping threads took: 0.0000620 seconds
93.961: Application time: 0.0411970 seconds
93.961: [GC [PSYoungGen: 13311K->768K(14336K)] 30742K->18199K(48128K), 0.0004700 secs] [Times: user=0.00 sys=0.00, real=0.00 secs] 
93.961: Total time for which application threads were stopped: 0.0005740 seconds, Stopping threads took: 0.0000450 seconds
94.014: Application time: 0.0522170 seconds
94.014: [GC [PSYoungGen: 14076K->640K(14336K)] 31507K->18427K(48128K), 0.0004870 secs] [Times: user=0.00 sys=0.00, real=0.00 secs] 
94.014: Total time for which application threads were stopped: 0.0006090 seconds, Stopping threads took: 0.0000670 seconds
94.072: Application time: 0.0575480 seconds
94.072: [GC [PSYoungGen: 13948K->288K(14336K)] 31736K->18291K(48128K), 0.0004590 secs] [Times: user=0.01 sys=0.00, real=0.00 secs] 
94.072: Total time for which application threads were stopped: 0.0005890 seconds, Stopping threads took: 0.0000580 seconds
94.131: Application time: 0.0586550 seconds
94.131: [GC [PSYoungGen: 13597K->0K(14336K)] 31601K->18224K(48128K), 0.0003900 secs] [Times: user=0.01 sys=0.00, real=0.00 secs] 
94.132: Total time for which application threads were stopped: 0.0004960 seconds, Stopping threads took: 0.0000480 seconds
94.188: Application time: 0.0567310 seconds
94.188: [GC [PSYoungGen: 13311K->384K(14336K)] 31535K->18608K(48128K), 0.0004230 secs] [Times: user=0.00 sys=0.00, real=0.00 secs] 
94.189: Total time for which application threads were stopped: 0.0005290 seconds, Stopping threads took: 0.0000500 seconds
94.248: Application time: 0.0590630 seconds
94.248: [GC [PSYoungGen: 13693K->0K(14336K)] 31917K->18480K(48128K), 0.0003830 secs] [Times: user=0.00 sys=0.00, real=0.00 secs] 
94.248: Total time for which application threads were stopped: 0.0004960 seconds, Stopping threads took: 0.0000580 seconds
94.307: Application time: 0.0590000 seconds
94.307: [GC [PSYoungGen: 13309K->0K(14336K)] 31789K->18480K(48128K), 0.0004340 secs] [Times: user=0.01 sys=0.00, real=0.00 secs] 
94.308: Total time for which application threads were stopped: 0.0005460 seconds, Stopping threads took: 0.0000490 seconds
94.365: Application time: 0.0571260 seconds
94.365: [GC [PSYoungGen: 13309K->384K(14336K)] 31789K->18864K(48128K), 0.0003710 secs] [Times: user=0.00 sys=0.00, real=0.00 secs] 
94.365: Total time for which application threads were stopped: 0.0004700 seconds, Stopping threads took: 0.0000440 seconds
94.425: Application time: 0.0592820 seconds
94.425: [GC [PSYoungGen: 13693K->0K(14336K)] 32173K->18736K(48128K), 0.0004310 secs] [Times: user=0.00 sys=0.00, real=0.00 secs] 
94.425: Total time for which application threads were stopped: 0.0005750 seconds, Stopping threads took: 0.0000840 seconds
94.485: Application time: 0.0598610 seconds
94.485: [GC [PSYoungGen: 13309K->0K(14336K)] 32045K->18736K(48128K), 0.0003360 secs] [Times: user=0.00 sys=0.00, real=0.00 secs] 
94.486: Total time for which application threads were stopped: 0.0004520 seconds, Stopping threads took: 0.0000520 seconds
94.545: Application time: 0.0594060 seconds
94.545: [GC [PSYoungGen: 13309K->0K(14336K)] 32045K->18736K(48128K), 0.0004390 secs] [Times: user=0.00 sys=0.00, real=0.00 secs] 
94.546: Total time for which application threads were stopped: 0.0005410 seconds, Stopping threads took: 0.0000480 seconds
94.605: Application time: 0.0592920 seconds
94.605: [GC [PSYoungGen: 13309K->0K(14336K)] 32045K->18736K(48128K), 0.0003620 secs] [Times: user=0.00 sys=0.00, real=0.00 secs] 
94.605: Total time for which application threads were stopped: 0.0004820 seconds, Stopping threads took: 0.0000510 seconds
94.665: Application time: 0.0594120 seconds
94.665: [GC [PSYoungGen: 13309K->0K(14336K)] 32045K->18736K(48128K), 0.0003600 secs] [Times: user=0.00 sys=0.00, real=0.00 secs] 
94.665: Total time for which application threads were stopped: 0.0004630 seconds, Stopping threads took: 0.0000510 seconds
94.724: Application time: 0.0590600 seconds
94.724: [GC [PSYoungGen: 13309K->0K(14336K)] 32045K->18736K(48128K), 0.0003540 secs] [Times: user=0.00 sys=0.00, real=0.00 secs] 
94.725: Total time for which application threads were stopped: 0.0004640 seconds, Stopping threads took: 0.0000490 seconds
94.760: Application time: 0.0356350 seconds
94.761: [GC [PSYoungGen: 13311K->560K(14336K)] 32047K->19296K(48128K), 0.0004170 secs] [Times: user=0.00 sys=0.00, real=0.00 secs] 
94.761: Total time for which application threads were stopped: 0.0005230 seconds, Stopping threads took: 0.0000450 seconds
94.803: Application time: 0.0419800 seconds
94.803: [GC [PSYoungGen: 13871K->512K(14336K)] 32607K->19304K(48128K), 0.0004140 secs] [Times: user=0.00 sys=0.00, real=0.00 secs] 
94.803: Total time for which application threads were stopped: 0.0005240 seconds, Stopping threads took: 0.0000530 seconds
94.859: Application time: 0.0556070 seconds
94.859: [GC [PSYoungGen: 13821K->448K(14336K)] 32613K->19256K(48128K), 0.0004280 secs] [Times: user=0.00 sys=0.00, real=0.00 secs] 
94.860: Total time for which application threads were stopped: 0.0005480 seconds, Stopping threads took: 0.0000640 seconds
94.918: Application time: 0.0584580 seconds
94.918: [GC [PSYoungGen: 13757K->0K(14336K)] 32565K->19265K(48128K), 0.0004420 secs] [Times: user=0.00 sys=0.00, real=0.00 secs] 
94.919: Total time for which application threads were stopped: 0.0005520 seconds, Stopping threads took: 0.0000500 seconds
94.974: Application time: 0.0549000 seconds
94.974: [GC [PSYoungGen: 13311K->256K(14336K)] 32576K->19521K(48128K), 0.0004160 secs] [Times: user=0.00 sys=0.00, real=0.00 secs] 
94.974: Total time for which application threads were stopped: 0.0005290 seconds, Stopping threads took: 0.0000550 seconds
95.007: Application time: 0.0328030 seconds
95.007: [GC [PSYoungGen: 13564K->560K(14336K)] 32829K->19833K(48128K), 0.0004890 secs] [Times: user=0.00 sys=0.00, real=0.00 secs] 
95.007: Total time for which application threads were stopped: 0.0006090 seconds, Stopping threads took: 0.0000600 seconds
95.055: Application time: 0.0470310 seconds
95.055: [GC [PSYoungGen: 13871K->544K(14336K)] 33145K->19881K(48128K), 0.0005020 secs] [Times: user=0.00 sys=0.00, real=0.00 secs] 
95.055: Total time for which application threads were stopped: 0.0006030 seconds, Stopping threads took: 0.0000460 seconds
95.111: Application time: 0.0557360 seconds
95.111: [GC [PSYoungGen: 13852K->512K(14336K)] 33190K->19921K(48128K), 0.0004080 secs] [Times: user=0.00 sys=0.00, real=0.00 secs] 
95.111: Total time for which application threads were stopped: 0.0005210 seconds, Stopping threads took: 0.0000470 seconds
95.168: Application time: 0.0563640 seconds
95.168: [GC [PSYoungGen: 13820K->320K(14336K)] 33230K->20142K(48128K), 0.0004480 secs] [Times: user=0.00 sys=0.00, real=0.00 secs] 
95.168: Total time for which application threads were stopped: 0.0005440 seconds, Stopping threads took: 0.0000390 seconds
95.222: Application time: 0.0535860 seconds
95.222: [GC [PSYoungGen: 13630K->576K(14336K)] 33452K->20610K(48128K), 0.0004490 secs] [Times: user=0.00 sys=0.00, real=0.00 secs] 
95.222: Total time for which application threads were stopped: 0.0005690 seconds, Stopping threads took: 0.0000630 seconds
95.257: Application time: 0.0349750 seconds
95.258: [GC [PSYoungGen: 13884K->576K(14336K)] 33918K->20823K(48128K), 0.0004340 secs] [Times: user=0.00 sys=0.00, real=0.00 secs] 
95.258: Total time for which application threads were stopped: 0.0005440 seconds, Stopping threads took: 0.0000530 seconds
95.302: Application time: 0.0445190 seconds
95.303: [GC [PSYoungGen: 13887K->512K(14336K)] 34134K->20815K(48128K), 0.0004090 secs] [Times: user=0.00 sys=0.00, real=0.00 secs] 
95.303: Total time for which application threads were stopped: 0.0005250 seconds, Stopping threads took: 0.0000590 seconds
95.359: Application time: 0.0557030 seconds
95.359: [GC [PSYoungGen: 13820K->512K(14336K)] 34123K->20871K(48128K), 0.0004460 secs] [Times: user=0.00 sys=0.00, real=0.00 secs] 
95.359: Total time for which application threads were stopped: 0.0005400 seconds, Stopping threads took: 0.0000390 seconds
95.415: Application time: 0.0553150 seconds
95.415: [GC [PSYoungGen: 13820K->576K(14336K)] 34179K->21347K(48128K), 0.0005570 secs] [Times: user=0.01 sys=0.00, real=0.00 secs] 
95.415: Total time for which application threads were stopped: 0.0006820 seconds, Stopping threads took: 0.0000650 seconds
95.463: Application time: 0.0481560 seconds
95.464: [GC [PSYoungGen: 13886K->512K(14336K)] 34658K->21496K(48128K), 0.0004760 secs] [Times: user=0.00 sys=0.00, real=0.00 secs] 
95.464: Total time for which application threads were stopped: 0.0005900 seconds, Stopping threads took: 0.0000480 seconds
95.512: Application time: 0.0478520 seconds
95.512: [GC [PSYoungGen: 13823K->320K(14336K)] 34808K->21524K(48128K), 0.0004260 secs] [Times: user=0.01 sys=0.00, real=0.00 secs] 
95.512: Total time for which application threads were stopped: 0.0005490 seconds, Stopping threads took: 0.0000600 seconds
95.570: Application time: 0.0573420 seconds
95.570: [GC [PSYoungGen: 13628K->352K(14336K)] 34833K->21580K(48128K), 0.0004130 secs] [Times: user=0.00 sys=0.00, real=0.00 secs] 
95.570: Total time for which application threads were stopped: 0.0005190 seconds, Stopping threads took: 0.0000470 seconds
95.629: Application time: 0.0583600 seconds
95.629: [GC [PSYoungGen: 13661K->0K(14336K)] 34890K->21564K(48128K), 0.0004030 secs] [Times: user=0.00 sys=0.00, real=0.00 secs] 
95.629: Total time for which application threads were stopped: 0.0005440 seconds, Stopping threads took: 0.0000690 seconds
95.669: Application time: 0.0402950 seconds
95.670: [GC [PSYoungGen: 13246K->640K(14336K)] 34811K->22204K(48128K), 0.0004480 secs] [Times: user=0.00 sys=0.00, real=0.00 secs] 
95.670: Total time for which application threads were stopped: 0.0005700 seconds, Stopping threads took: 0.0000630 seconds
95.723: Application time: 0.0530570 seconds
95.723: [GC [PSYoungGen: 13950K->544K(14336K)] 35515K->22321K(48128K), 0.0004570 secs] [Times: user=0.00 sys=0.00, real=0.00 secs] 
95.724: Total time for which application threads were stopped: 0.0005840 seconds, Stopping threads took: 0.0000640 seconds
95.781: Application time: 0.0574420 seconds
95.781: [GC [PSYoungGen: 13855K->384K(14336K)] 35632K->22398K(48128K), 0.0004200 secs] [Times: user=0.00 sys=0.00, real=0.00 secs] 
95.782: Total time for which application threads were stopped: 0.0005420 seconds, Stopping threads took: 0.0000650 seconds
95.840: Application time: 0.0584510 seconds
95.840: [GC [PSYoungGen: 13693K->0K(14336K)] 35707K->22238K(48128K), 0.0004370 secs] [Times: user=0.00 sys=0.00, real=0.00 secs] 
95.841: Total time for which application threads were stopped: 0.0005500 seconds, Stopping threads took: 0.0000580 seconds
95.897: Application time: 0.0564250 seconds
95.897: [GC [PSYoungGen: 13311K->320K(14336K)] 35549K->22558K(48128K), 0.0004790 secs] [Times: user=0.00 sys=0.00, real=0.00 secs] 
95.898: Total time for which application threads were stopped: 0.0005890 seconds, Stopping threads took: 0.0000510 seconds
95.957: Application time: 0.0591450 seconds
95.957: [GC [PSYoungGen: 13631K->0K(14336K)] 35869K->22470K(48128K), 0.0004800 secs] [Times: user=0.00 sys=0.00, real=0.00 secs] 
95.957: Total time for which application threads were stopped: 0.0005950 seconds, Stopping threads took: 0.0000590 seconds
96.016: Application time: 0.0587640 seconds
96.016: [GC [PSYoungGen: 13309K->0K(14336K)] 35780K->22470K(48128K), 0.0003360 secs] [Times: user=0.00 sys=0.00, real=0.00 secs] 
96.017: Total time for which application threads were stopped: 0.0004340 seconds, Stopping threads took: 0.0000460 seconds
96.073: Application time: 0.0566480 seconds
96.073: [GC [PSYoungGen: 13309K->384K(14336K)] 35779K->22854K(48128K), 0.0003980 secs] [Times: user=0.00 sys=0.00, real=0.00 secs] 
96.074: Total time for which application threads were stopped: 0.0005010 seconds, Stopping threads took: 0.0000410 seconds
96.133: Application time: 0.0591450 seconds
96.133: [GC [PSYoungGen: 13695K->0K(14336K)] 36166K->22731K(48128K), 0.0004220 secs] [Times: user=0.00 sys=0.00, real=0.00 secs] 
96.134: Total time for which application threads were stopped: 0.0005640 seconds, Stopping threads took: 0.0000690 seconds
96.193: Application time: 0.0591460 seconds
96.193: [GC [PSYoungGen: 13309K->0K(14336K)] 36040K->22731K(48128K), 0.0003620 secs] [Times: user=0.00 sys=0.00, real=0.00 secs] 
96.193: Total time for which application threads were stopped: 0.0004900 seconds, Stopping threads took: 0.0000750 seconds
96.252: Application time: 0.0591210 seconds
96.252: [GC [PSYoungGen: 13309K->0K(14336K)] 36040K->22731K(48128K), 0.0003670 secs] [Times: user=0.01 sys=0.00, real=0.00 secs] 
96.253: Total time for which application threads were stopped: 0.0005190 seconds, Stopping threads took: 0.0000890 seconds
96.312: Application time: 0.0592030 seconds
96.312: [GC [PSYoungGen: 13309K->0K(14336K)] 36040K->22731K(48128K), 0.0004030 secs] [Times: user=0.00 sys=0.00, real=0.00 secs] 
96.313: Total time for which application threads were stopped: 0.0005220 seconds, Stopping threads took: 0.0000550 seconds
96.372: Application time: 0.0591960 seconds
96.372: [GC [PSYoungGen: 13309K->0K(14336K)] 36040K->22731K(48128K), 0.0003350 secs] [Times: user=0.01 sys=0.00, real=0.00 secs] 
96.372: Total time for which application threads were stopped: 0.0004480 seconds, Stopping threads took: 0.0000580 seconds
96.430: Application time: 0.0581140 seconds
96.430: [GC [PSYoungGen: 13311K->352K(14336K)] 36042K->23083K(48128K), 0.0003960 secs] [Times: user=0.01 sys=0.00, real=0.00 secs] 
96.431: Total time for which application threads were stopped: 0.0005210 seconds, Stopping threads took: 0.0000640 seconds
96.466: Application time: 0.0353890 seconds
96.466: [GC [PSYoungGen: 13662K->576K(14336K)] 36393K->23315K(48128K), 0.0004460 secs] [Times: user=0.00 sys=0.00, real=0.00 secs] 
96.467: Total time for which application threads were stopped: 0.0005590 seconds, Stopping threads took: 0.0000550 seconds
96.510: Application time: 0.0435220 seconds
96.510: [GC [PSYoungGen: 13884K->512K(14336K)] 36624K->23307K(48128K), 0.0004380 secs] [Times: user=0.00 sys=0.00, real=0.01 secs] 
96.512: Total time for which application threads were stopped: 0.0016090 seconds, Stopping threads took: 0.0000570 seconds
96.567: Application time: 0.0555640 seconds
96.568: [GC [PSYoungGen: 13822K->576K(14336K)] 36617K->23387K(48128K), 0.0004310 secs] [Times: user=0.00 sys=0.00, real=0.00 secs] 
96.568: Total time for which application threads were stopped: 0.0005540 seconds, Stopping threads took: 0.0000650 seconds
96.627: Application time: 0.0585060 seconds
96.627: [GC [PSYoungGen: 13885K->0K(14336K)] 36696K->23255K(48128K), 0.0004720 secs] [Times: user=0.00 sys=0.00, real=0.00 secs] 
96.627: Total time for which application threads were stopped: 0.0005820 seconds, Stopping threads took: 0.0000540 seconds
96.684: Application time: 0.0569230 seconds
96.684: [GC [PSYoungGen: 13309K->352K(14336K)] 36565K->23607K(48128K), 0.0004060 secs] [Times: user=0.01 sys=0.00, real=0.00 secs] 
96.685: Total time for which application threads were stopped: 0.0005470 seconds, Stopping threads took: 0.0000700 seconds
96.718: Application time: 0.0330050 seconds
96.718: [GC [PSYoungGen: 13663K->544K(14336K)] 36918K->23807K(48128K), 0.0004770 secs] [Times: user=0.00 sys=0.00, real=0.00 secs] 
96.718: Total time for which application threads were stopped: 0.0006030 seconds, Stopping threads took: 0.0000660 seconds
96.764: Application time: 0.0453310 seconds
96.764: [GC [PSYoungGen: 13853K->512K(14336K)] 37117K->23839K(48128K), 0.0004300 secs] [Times: user=0.00 sys=0.00, real=0.00 secs] 
96.764: Total time for which application threads were stopped: 0.0005380 seconds, Stopping threads took: 0.0000500 seconds
96.820: Application time: 0.0559280 seconds
96.820: [GC [PSYoungGen: 13822K->480K(14336K)] 37150K->23871K(48128K), 0.0004350 secs] [Times: user=0.00 sys=0.00, real=0.00 secs] 
96.821: Total time for which application threads were stopped: 0.0005470 seconds, Stopping threads took: 0.0000590 seconds
96.877: Application time: 0.0565320 seconds
96.877: [GC [PSYoungGen: 13791K->448K(14336K)] 37183K->24257K(48128K), 0.0005170 secs] [Times: user=0.00 sys=0.00, real=0.00 secs] 
96.878: Total time for which application threads were stopped: 0.0006230 seconds, Stopping threads took: 0.0000500 seconds
96.933: Application time: 0.0551630 seconds
96.933: [GC [PSYoungGen: 13759K->480K(14336K)] 37568K->24493K(48128K), 0.0004980 secs] [Times: user=0.00 sys=0.00, real=0.00 secs] 
96.933: Total time for which application threads were stopped: 0.0006120 seconds, Stopping threads took: 0.0000530 seconds
96.972: Application time: 0.0388150 seconds
96.972: [GC [PSYoungGen: 13787K->480K(14336K)] 37801K->24698K(48128K), 0.0006140 secs] [Times: user=0.01 sys=0.00, real=0.00 secs] 
96.973: Total time for which application threads were stopped: 0.0007370 seconds, Stopping threads took: 0.0000640 seconds
97.012: Application time: 0.0388500 seconds
97.012: [GC [PSYoungGen: 13790K->608K(17408K)] 38008K->24834K(51200K), 0.0004180 secs] [Times: user=0.00 sys=0.00, real=0.00 secs] 
97.012: Total time for which application threads were stopped: 0.0005250 seconds, Stopping threads took: 0.0000460 seconds
97.081: Application time: 0.0690110 seconds
97.082: [GC [PSYoungGen: 16988K->512K(17408K)] 41215K->24834K(51200K), 0.0004000 secs] [Times: user=0.01 sys=0.00, real=0.00 secs] 
97.082: Total time for which application threads were stopped: 0.0005070 seconds, Stopping threads took: 0.0000510 seconds
97.150: Application time: 0.0678290 seconds
97.150: [GC [PSYoungGen: 16893K->544K(17408K)] 41215K->25283K(51200K), 0.0005010 secs] [Times: user=0.00 sys=0.00, real=0.00 secs] 
97.150: Total time for which application threads were stopped: 0.0006210 seconds, Stopping threads took: 0.0000610 seconds
97.203: Application time: 0.0528100 seconds
97.203: Total time for which application threads were stopped: 0.0000870 seconds, Stopping threads took: 0.0000580 seconds
97.203: Application time: 0.0000490 seconds
97.203: [GC [PSYoungGen: 16840K->224K(17408K)] 41708K->25503K(51200K), 0.0004860 secs] [Times: user=0.00 sys=0.00, real=0.00 secs] 
97.204: Total time for which application threads were stopped: 0.0005620 seconds, Stopping threads took: 0.0000310 seconds
97.276: Application time: 0.0720210 seconds
97.276: [GC [PSYoungGen: 16606K->320K(17408K)] 42170K->25900K(51200K), 0.0004860 secs] [Times: user=0.01 sys=0.00, real=0.00 secs] 
97.277: Total time for which application threads were stopped: 0.0005900 seconds, Stopping threads took: 0.0000470 seconds
97.347: Application time: 0.0705000 seconds
97.347: [GC [PSYoungGen: 16704K->352K(17408K)] 42284K->26164K(51200K), 0.0004250 secs] [Times: user=0.00 sys=0.00, real=0.00 secs] 
97.348: Total time for which application threads were stopped: 0.0005370 seconds, Stopping threads took: 0.0000480 seconds
97.398: Application time: 0.0507560 seconds
97.398: [GC [PSYoungGen: 16734K->864K(17408K)] 42546K->26692K(51200K), 0.0004860 secs] [Times: user=0.01 sys=0.00, real=0.00 secs] 
97.399: Total time for which application threads were stopped: 0.0005950 seconds, Stopping threads took: 0.0000530 seconds
97.471: Application time: 0.0720580 seconds
97.471: [GC [PSYoungGen: 17247K->320K(17408K)] 43075K->26557K(51200K), 0.0004770 secs] [Times: user=0.00 sys=0.00, real=0.00 secs] 
97.472: Total time for which application threads were stopped: 0.0005920 seconds, Stopping threads took: 0.0000520 seconds
97.544: Application time: 0.0723780 seconds
97.544: [GC [PSYoungGen: 16699K->0K(17408K)] 42937K->26449K(51200K), 0.0004250 secs] [Times: user=0.00 sys=0.00, real=0.00 secs] 
97.545: Total time for which application threads were stopped: 0.0005510 seconds, Stopping threads took: 0.0000640 seconds
97.615: Application time: 0.0701930 seconds
97.615: [GC [PSYoungGen: 16379K->384K(17408K)] 42829K->26834K(51200K), 0.0003850 secs] [Times: user=0.01 sys=0.00, real=0.00 secs] 
97.615: Total time for which application threads were stopped: 0.0004950 seconds, Stopping threads took: 0.0000540 seconds
97.688: Application time: 0.0727400 seconds
97.688: [GC [PSYoungGen: 16765K->0K(17408K)] 43215K->26698K(51200K), 0.0004700 secs] [Times: user=0.00 sys=0.00, real=0.00 secs] 
97.689: Total time for which application threads were stopped: 0.0005910 seconds, Stopping threads took: 0.0000580 seconds
97.761: Application time: 0.0725300 seconds
97.761: [GC [PSYoungGen: 16381K->0K(17408K)] 43079K->26698K(51200K), 0.0004020 secs] [Times: user=0.00 sys=0.00, real=0.00 secs] 
97.762: Total time for which application threads were stopped: 0.0005240 seconds, Stopping threads took: 0.0000490 seconds
97.832: Application time: 0.0706370 seconds
97.832: [GC [PSYoungGen: 16379K->416K(17408K)] 43077K->27114K(51200K), 0.0004300 secs] [Times: user=0.00 sys=0.00, real=0.00 secs] 
97.833: Total time for which application threads were stopped: 0.0005560 seconds, Stopping threads took: 0.0000650 seconds
97.906: Application time: 0.0733600 seconds
97.906: [GC [PSYoungGen: 16799K->0K(17408K)] 43497K->26938K(51200K), 0.0004470 secs] [Times: user=0.01 sys=0.00, real=0.00 secs] 
97.907: Total time for which application threads were stopped: 0.0005590 seconds, Stopping threads took: 0.0000500 seconds
97.980: Application time: 0.0731460 seconds
97.980: [GC [PSYoungGen: 16381K->0K(17408K)] 43319K->26938K(51200K), 0.0004120 secs] [Times: user=0.00 sys=0.00, real=0.00 secs] 
97.980: Total time for which application threads were stopped: 0.0005220 seconds, Stopping threads took: 0.0000500 seconds
98.053: Application time: 0.0728900 seconds
98.053: [GC [PSYoungGen: 16381K->0K(17408K)] 43319K->26938K(51200K), 0.0004220 secs] [Times: user=0.00 sys=0.00, real=0.00 secs] 
98.054: Total time for which application threads were stopped: 0.0005510 seconds, Stopping threads took: 0.0000700 seconds
98.127: Application time: 0.0728440 seconds
98.127: [GC [PSYoungGen: 16383K->0K(17408K)] 43321K->26938K(51200K), 0.0003980 secs] [Times: user=0.00 sys=0.00, real=0.00 secs] 
98.127: Total time for which application threads were stopped: 0.0005010 seconds, Stopping threads took: 0.0000440 seconds
98.177: Application time: 0.0494380 seconds
98.177: [GC [PSYoungGen: 16379K->576K(17408K)] 43317K->27514K(51200K), 0.0004770 secs] [Times: user=0.00 sys=0.00, real=0.00 secs] 
98.177: Total time for which application threads were stopped: 0.0005890 seconds, Stopping threads took: 0.0000530 seconds
98.232: Application time: 0.0552940 seconds
98.233: [GC [PSYoungGen: 16957K->544K(17408K)] 43895K->27546K(51200K), 0.0004870 secs] [Times: user=0.00 sys=0.00, real=0.00 secs] 
98.233: Total time for which application threads were stopped: 0.0005920 seconds, Stopping threads took: 0.0000420 seconds
98.303: Application time: 0.0697380 seconds
98.304: [GC [PSYoungGen: 16923K->512K(17408K)] 43925K->27530K(51200K), 0.0004480 secs] [Times: user=0.00 sys=0.00, real=0.00 secs] 
98.304: Total time for which application threads were stopped: 0.0014180 seconds, Stopping threads took: 0.0009010 seconds
98.377: Application time: 0.0722830 seconds
98.377: [GC [PSYoungGen: 16895K->0K(17408K)] 43913K->27459K(51200K), 0.0004370 secs] [Times: user=0.00 sys=0.00, real=0.00 secs] 
98.377: Total time for which application threads were stopped: 0.0005670 seconds, Stopping threads took: 0.0000650 seconds
98.430: Application time: 0.0524990 seconds
98.430: [GC [PSYoungGen: 16382K->544K(17408K)] 43842K->28003K(51200K), 0.0005040 secs] [Times: user=0.00 sys=0.00, real=0.00 secs] 
98.430: Total time for which application threads were stopped: 0.0008400 seconds, Stopping threads took: 0.0002710 seconds
98.482: Application time: 0.0512500 seconds
98.482: [GC [PSYoungGen: 16924K->608K(16896K)] 44383K->28131K(50688K), 0.0004850 secs] [Times: user=0.01 sys=0.00, real=0.00 secs] 
98.482: Total time for which application threads were stopped: 0.0006030 seconds, Stopping threads took: 0.0000560 seconds
98.549: Application time: 0.0667020 seconds
98.549: [GC [PSYoungGen: 16479K->512K(17408K)] 44002K->28091K(51200K), 0.0004670 secs] [Times: user=0.00 sys=0.00, real=0.00 secs] 
98.550: Total time for which application threads were stopped: 0.0005990 seconds, Stopping threads took: 0.0000720 seconds
98.616: Application time: 0.0660960 seconds
98.616: [GC [PSYoungGen: 16382K->576K(17408K)] 43962K->28564K(51200K), 0.0005110 secs] [Times: user=0.00 sys=0.00, real=0.00 secs] 
98.616: Total time for which application threads were stopped: 0.0006400 seconds, Stopping threads took: 0.0000640 seconds
98.677: Application time: 0.0607010 seconds
98.677: [GC [PSYoungGen: 16446K->352K(16384K)] 44434K->28765K(50176K), 0.0005090 secs] [Times: user=0.00 sys=0.00, real=0.00 secs] 
98.678: Total time for which application threads were stopped: 0.0006210 seconds, Stopping threads took: 0.0000500 seconds
98.720: Application time: 0.0420070 seconds
98.720: [GC [PSYoungGen: 16220K->576K(16896K)] 44633K->28997K(50688K), 0.0004460 secs] [Times: user=0.00 sys=0.00, real=0.00 secs] 
98.720: Total time for which application threads were stopped: 0.0005690 seconds, Stopping threads took: 0.0000610 seconds
98.785: Application time: 0.0645360 seconds
98.785: [GC [PSYoungGen: 16444K->448K(16896K)] 44866K->28949K(50688K), 0.0005280 secs] [Times: user=0.00 sys=0.00, real=0.00 secs] 
98.785: Total time for which application threads were stopped: 0.0006660 seconds, Stopping threads took: 0.0000760 seconds
98.851: Application time: 0.0659860 seconds
98.852: [GC [PSYoungGen: 16318K->704K(16896K)] 44820K->29429K(50688K), 0.0005860 secs] [Times: user=0.00 sys=0.01, real=0.01 secs] 
98.852: Total time for which application threads were stopped: 0.0007140 seconds, Stopping threads took: 0.0000570 seconds
98.906: Application time: 0.0539150 seconds
98.906: [GC [PSYoungGen: 16573K->608K(16896K)] 45299K->29750K(50688K), 0.0005350 secs] [Times: user=0.00 sys=0.00, real=0.00 secs] 
98.907: Total time for which application threads were stopped: 0.0006630 seconds, Stopping threads took: 0.0000650 seconds
98.972: Application time: 0.0648110 seconds
98.972: [GC [PSYoungGen: 16479K->352K(16384K)] 45622K->29726K(50176K), 0.0004610 secs] [Times: user=0.00 sys=0.00, real=0.01 secs] 
98.972: Total time for which application threads were stopped: 0.0005700 seconds, Stopping threads took: 0.0000490 seconds
99.041: Application time: 0.0684820 seconds
99.041: [GC [PSYoungGen: 16221K->384K(16896K)] 45596K->29782K(50688K), 0.0004110 secs] [Times: user=0.00 sys=0.00, real=0.00 secs] 
99.041: Total time for which application threads were stopped: 0.0005280 seconds, Stopping threads took: 0.0000570 seconds
99.092: Application time: 0.0510780 seconds
99.092: [GC [PSYoungGen: 16251K->512K(16896K)] 45650K->30126K(50688K), 0.0005190 secs] [Times: user=0.00 sys=0.00, real=0.00 secs] 
99.093: Total time for which application threads were stopped: 0.0006290 seconds, Stopping threads took: 0.0000510 seconds
99.158: Application time: 0.0648250 seconds
99.158: [GC [PSYoungGen: 16383K->672K(16896K)] 45997K->30294K(50688K), 0.0005570 secs] [Times: user=0.01 sys=0.00, real=0.00 secs] 
99.158: Total time for which application threads were stopped: 0.0006760 seconds, Stopping threads took: 0.0000590 seconds
99.228: Application time: 0.0691740 seconds
99.228: [GC [PSYoungGen: 16540K->320K(16896K)] 46163K->30483K(50688K), 0.0005110 secs] [Times: user=0.00 sys=0.00, real=0.00 secs] 
99.228: Total time for which application threads were stopped: 0.0006290 seconds, Stopping threads took: 0.0000550 seconds
99.297: Application time: 0.0691160 seconds
99.297: [GC [PSYoungGen: 16189K->352K(16896K)] 46353K->30743K(50688K), 0.0004460 secs] [Times: user=0.00 sys=0.00, real=0.00 secs] 
99.298: Total time for which application threads were stopped: 0.0005560 seconds, Stopping threads took: 0.0000470 seconds
99.367: Application time: 0.0688240 seconds
99.367: [GC [PSYoungGen: 16220K->480K(16896K)] 46612K->30903K(50688K), 0.0004540 secs] [Times: user=0.00 sys=0.00, real=0.00 secs] 
99.367: Total time for which application threads were stopped: 0.0006000 seconds, Stopping threads took: 0.0000730 seconds
99.438: Application time: 0.0709640 seconds
99.438: [GC [PSYoungGen: 16349K->0K(16896K)] 46773K->30676K(50688K), 0.0004070 secs] [Times: user=0.01 sys=0.00, real=0.00 secs] 
99.439: Total time for which application threads were stopped: 0.0005150 seconds, Stopping threads took: 0.0000470 seconds
99.507: Application time: 0.0681620 seconds
99.507: [GC [PSYoungGen: 15867K->320K(16896K)] 46544K->30996K(50688K), 0.0004890 secs] [Times: user=0.00 sys=0.00, real=0.00 secs] 
99.508: Total time for which application threads were stopped: 0.0006050 seconds, Stopping threads took: 0.0000550 seconds
99.578: Application time: 0.0705900 seconds
99.578: [GC [PSYoungGen: 16189K->0K(16896K)] 46866K->30940K(50688K), 0.0004570 secs] [Times: user=0.01 sys=0.00, real=0.00 secs] 
99.579: Total time for which application threads were stopped: 0.0005720 seconds, Stopping threads took: 0.0000450 seconds
99.650: Application time: 0.0711870 seconds
99.650: [GC [PSYoungGen: 15867K->0K(16896K)] 46808K->30940K(50688K), 0.0003650 secs] [Times: user=0.00 sys=0.00, real=0.00 secs] 
99.650: Total time for which application threads were stopped: 0.0004820 seconds, Stopping threads took: 0.0000550 seconds
99.721: Application time: 0.0706540 seconds
99.721: [GC [PSYoungGen: 15867K->0K(16896K)] 46808K->30940K(50688K), 0.0003770 secs] [Times: user=0.00 sys=0.00, real=0.00 secs] 
99.721: Total time for which application threads were stopped: 0.0004840 seconds, Stopping threads took: 0.0000470 seconds
99.792: Application time: 0.0707210 seconds
99.792: [GC [PSYoungGen: 15867K->0K(16896K)] 46808K->30940K(50688K), 0.0003980 secs] [Times: user=0.00 sys=0.00, real=0.00 secs] 
99.793: Total time for which application threads were stopped: 0.0005140 seconds, Stopping threads took: 0.0000530 seconds
99.863: Application time: 0.0704740 seconds
99.863: [GC [PSYoungGen: 15867K->0K(16896K)] 46808K->30940K(50688K), 0.0003760 secs] [Times: user=0.00 sys=0.00, real=0.00 secs] 
99.864: Total time for which application threads were stopped: 0.0004960 seconds, Stopping threads took: 0.0000550 seconds
99.906: Application time: 0.0418220 seconds
99.906: [GC [PSYoungGen: 15868K->544K(16896K)] 46808K->31484K(50688K), 0.0017970 secs] [Times: user=0.01 sys=0.00, real=0.00 secs] 
99.907: Total time for which application threads were stopped: 0.0019160 seconds, Stopping threads took: 0.0000490 seconds
99.965: Application time: 0.0578690 seconds
99.965: [GC [PSYoungGen: 16413K->512K(16896K)] 47354K->31508K(50688K), 0.0004610 secs] [Times: user=0.01 sys=0.00, real=0.00 secs] 
99.966: Total time for which application threads were stopped: 0.0005800 seconds, Stopping threads took: 0.0000590 seconds
100.033: Application time: 0.0675000 seconds
100.034: [GC [PSYoungGen: 16381K->480K(20480K)] 47377K->31508K(54272K), 0.0004220 secs] [Times: user=0.01 sys=0.00, real=0.00 secs] 
100.034: Total time for which application threads were stopped: 0.0005580 seconds, Stopping threads took: 0.0000760 seconds
100.116: Application time: 0.0816390 seconds
100.116: [GC [PSYoungGen: 19932K->320K(20480K)] 50960K->31801K(54272K), 0.0004730 secs] [Times: user=0.00 sys=0.00, real=0.00 secs] 
100.116: Total time for which application threads were stopped: 0.0006010 seconds, Stopping threads took: 0.0000650 seconds
100.175: Application time: 0.0585180 seconds
100.175: [GC [PSYoungGen: 19774K->576K(20480K)] 51256K->32065K(54272K), 0.0004520 secs] [Times: user=0.00 sys=0.00, real=0.00 secs] 
100.175: Total time for which application threads were stopped: 0.0005590 seconds, Stopping threads took: 0.0000460 seconds
100.250: Application time: 0.0744370 seconds
100.252: [GC [PSYoungGen: 20030K->640K(20480K)] 51519K->32233K(54272K), 0.0005000 secs] [Times: user=0.00 sys=0.00, real=0.00 secs] 
100.252: Total time for which application threads were stopped: 0.0025510 seconds, Stopping threads took: 0.0019900 seconds
100.332: Application time: 0.0802250 seconds
100.333: [GC [PSYoungGen: 20092K->768K(19968K)] 51685K->32581K(53760K), 0.0005270 secs] [Times: user=0.00 sys=0.00, real=0.00 secs] 
100.333: Total time for which application threads were stopped: 0.0006480 seconds, Stopping threads took: 0.0000620 seconds
100.402: Application time: 0.0687970 seconds
100.402: [GC [PSYoungGen: 19709K->544K(20480K)] 51523K->32958K(54272K), 0.0005540 secs] [Times: user=0.00 sys=0.00, real=0.00 secs] 
100.403: Total time for which application threads were stopped: 0.0006620 seconds, Stopping threads took: 0.0000470 seconds
100.460: Application time: 0.0576930 seconds
100.460: [GC [PSYoungGen: 19485K->576K(20480K)] 51900K->32998K(54272K), 0.0004650 secs] [Times: user=0.00 sys=0.00, real=0.00 secs] 
100.461: Total time for which application threads were stopped: 0.0006150 seconds, Stopping threads took: 0.0000770 seconds
100.540: Application time: 0.0793870 seconds
100.540: [GC [PSYoungGen: 19519K->704K(20480K)] 51942K->33223K(54272K), 0.0005130 secs] [Times: user=0.01 sys=0.00, real=0.00 secs] 
100.541: Total time for which application threads were stopped: 0.0006240 seconds, Stopping threads took: 0.0000480 seconds
100.608: Application time: 0.0668750 seconds
100.608: [GC [PSYoungGen: 19644K->736K(20480K)] 52163K->33664K(54272K), 0.0006270 secs] [Times: user=0.00 sys=0.00, real=0.00 secs] 
100.609: Total time for which application threads were stopped: 0.0007390 seconds, Stopping threads took: 0.0000480 seconds
100.685: Application time: 0.0769430 seconds
100.686: [GC [PSYoungGen: 19675K->352K(20480K)] 52604K->33681K(54272K), 0.0004630 secs] [Times: user=0.00 sys=0.00, real=0.00 secs] 
100.686: [Full GC [PSYoungGen: 352K->0K(20480K)] [ParOldGen: 33329K->4386K(33280K)] 33681K->4386K(53760K) [PSPermGen: 5544K->5544K(21504K)], 0.0058040 secs] [Times: user=0.02 sys=0.00, real=0.01 secs] 
100.692: Total time for which application threads were stopped: 0.0064500 seconds, Stopping threads took: 0.0000750 seconds
100.771: Application time: 0.0791290 seconds
100.771: [GC [PSYoungGen: 18943K->512K(20480K)] 23330K->4898K(53760K), 0.0004110 secs] [Times: user=0.00 sys=0.00, real=0.00 secs] 
100.772: Total time for which application threads were stopped: 0.0005210 seconds, Stopping threads took: 0.0000450 seconds
100.835: Application time: 0.0635870 seconds
100.835: [GC [PSYoungGen: 19453K->736K(20480K)] 23839K->5334K(53760K), 0.0004760 secs] [Times: user=0.00 sys=0.00, real=0.00 secs] 
100.836: Total time for which application threads were stopped: 0.0005930 seconds, Stopping threads took: 0.0000540 seconds
100.917: Application time: 0.0813100 seconds
100.920: [GC [PSYoungGen: 19677K->640K(20480K)] 24276K->5446K(53760K), 0.0004740 secs] [Times: user=0.00 sys=0.00, real=0.00 secs] 
100.920: Total time for which application threads were stopped: 0.0031510 seconds, Stopping threads took: 0.0026190 seconds
101.004: Application time: 0.0832660 seconds
101.004: [GC [PSYoungGen: 19579K->0K(20480K)] 24386K->5227K(53760K), 0.0004230 secs] [Times: user=0.00 sys=0.00, real=0.00 secs] 
101.004: Total time for which application threads were stopped: 0.0005410 seconds, Stopping threads took: 0.0000450 seconds
101.086: Application time: 0.0823670 seconds
101.087: [GC [PSYoungGen: 18942K->384K(20480K)] 24169K->5611K(53760K), 0.0004090 secs] [Times: user=0.00 sys=0.00, real=0.00 secs] 
101.087: Total time for which application threads were stopped: 0.0005230 seconds, Stopping threads took: 0.0000500 seconds
101.172: Application time: 0.0849740 seconds
101.172: [GC [PSYoungGen: 19325K->0K(20480K)] 24553K->5456K(53760K), 0.0004280 secs] [Times: user=0.00 sys=0.00, real=0.00 secs] 
101.172: Total time for which application threads were stopped: 0.0005400 seconds, Stopping threads took: 0.0000500 seconds
101.255: Application time: 0.0822010 seconds
101.255: [GC [PSYoungGen: 18942K->352K(19456K)] 24398K->5808K(52736K), 0.0004230 secs] [Times: user=0.01 sys=0.00, real=0.00 secs] 
101.255: Total time for which application threads were stopped: 0.0005630 seconds, Stopping threads took: 0.0000760 seconds
101.339: Application time: 0.0842340 seconds
101.340: [GC [PSYoungGen: 19295K->0K(19968K)] 24751K->5708K(53248K), 0.0004100 secs] [Times: user=0.00 sys=0.00, real=0.01 secs] 
101.340: Total time for which application threads were stopped: 0.0005430 seconds, Stopping threads took: 0.0000710 seconds
101.424: Application time: 0.0842500 seconds
101.424: [GC [PSYoungGen: 18943K->0K(19968K)] 24652K->5708K(53248K), 0.0003250 secs] [Times: user=0.01 sys=0.00, real=0.00 secs] 
101.425: Total time for which application threads were stopped: 0.0004380 seconds, Stopping threads took: 0.0000540 seconds
101.509: Application time: 0.0844670 seconds
101.509: [GC [PSYoungGen: 18941K->0K(19968K)] 24650K->5708K(53248K), 0.0004120 secs] [Times: user=0.00 sys=0.00, real=0.00 secs] 
101.511: Total time for which application threads were stopped: 0.0017010 seconds, Stopping threads took: 0.0000540 seconds
101.595: Application time: 0.0840750 seconds
101.595: [GC [PSYoungGen: 18941K->192K(19968K)] 24649K->5900K(53248K), 0.0003790 secs] [Times: user=0.00 sys=0.00, real=0.00 secs] 
101.595: Total time for which application threads were stopped: 0.0005010 seconds, Stopping threads took: 0.0000600 seconds
101.643: Application time: 0.0473030 seconds
101.643: [GC [PSYoungGen: 19134K->544K(19968K)] 24842K->6260K(53248K), 0.0004650 secs] [Times: user=0.00 sys=0.00, real=0.00 secs] 
101.643: Total time for which application threads were stopped: 0.0005780 seconds, Stopping threads took: 0.0000500 seconds
101.720: Application time: 0.0768670 seconds
101.720: [GC [PSYoungGen: 19483K->544K(19968K)] 25200K->6300K(53248K), 0.0004720 secs] [Times: user=0.00 sys=0.00, real=0.00 secs] 
101.721: Total time for which application threads were stopped: 0.0005790 seconds, Stopping threads took: 0.0000450 seconds
101.805: Application time: 0.0839130 seconds
101.805: [GC [PSYoungGen: 19485K->0K(19968K)] 25242K->6197K(53248K), 0.0004380 secs] [Times: user=0.00 sys=0.00, real=0.00 secs] 
101.805: Total time for which application threads were stopped: 0.0005530 seconds, Stopping threads took: 0.0000530 seconds
101.874: Application time: 0.0685030 seconds
101.874: [GC [PSYoungGen: 18941K->320K(19968K)] 25138K->6517K(53248K), 0.0004400 secs] [Times: user=0.00 sys=0.00, real=0.00 secs] 
101.874: Total time for which application threads were stopped: 0.0005540 seconds, Stopping threads took: 0.0000520 seconds
101.931: Application time: 0.0571730 seconds
101.932: [GC [PSYoungGen: 19259K->576K(19968K)] 25457K->6781K(53248K), 0.0004480 secs] [Times: user=0.00 sys=0.00, real=0.01 secs] 
101.932: Total time for which application threads were stopped: 0.0005690 seconds, Stopping threads took: 0.0000550 seconds
102.012: Application time: 0.0798480 seconds
102.012: [GC [PSYoungGen: 19517K->512K(19968K)] 25723K->6813K(53248K), 0.0005140 secs] [Times: user=0.00 sys=0.00, real=0.00 secs] 
102.013: Total time for which application threads were stopped: 0.0006530 seconds, Stopping threads took: 0.0000650 seconds
102.091: Application time: 0.0779780 seconds
102.091: [GC [PSYoungGen: 19456K->704K(19968K)] 25757K->7414K(53248K), 0.0005340 secs] [Times: user=0.01 sys=0.00, real=0.00 secs] 
102.091: Total time for which application threads were stopped: 0.0006510 seconds, Stopping threads took: 0.0000570 seconds
102.144: Application time: 0.0527440 seconds
102.144: [GC [PSYoungGen: 19645K->608K(20480K)] 26356K->7739K(53760K), 0.0004850 secs] [Times: user=0.00 sys=0.00, real=0.00 secs] 
102.145: Total time for which application threads were stopped: 0.0006170 seconds, Stopping threads took: 0.0000680 seconds
102.217: Application time: 0.0724350 seconds
102.217: [GC [PSYoungGen: 19549K->512K(20480K)] 26680K->7747K(53760K), 0.0004350 secs] [Times: user=0.01 sys=0.00, real=0.00 secs] 
102.218: Total time for which application threads were stopped: 0.0005680 seconds, Stopping threads took: 0.0000700 seconds
102.293: Application time: 0.0750870 seconds
102.293: [GC [PSYoungGen: 19453K->928K(20480K)] 26688K->8496K(53760K), 0.0005060 secs] [Times: user=0.00 sys=0.00, real=0.00 secs] 
102.293: Total time for which application threads were stopped: 0.0006310 seconds, Stopping threads took: 0.0000630 seconds
102.359: Application time: 0.0661470 seconds
102.360: [GC [PSYoungGen: 19868K->480K(20480K)] 27436K->8457K(53760K), 0.0005390 secs] [Times: user=0.00 sys=0.00, real=0.01 secs] 
102.360: Total time for which application threads were stopped: 0.0006640 seconds, Stopping threads took: 0.0000640 seconds
102.442: Application time: 0.0819630 seconds
102.442: [GC [PSYoungGen: 19423K->384K(20480K)] 27400K->8581K(53760K), 0.0004100 secs] [Times: user=0.00 sys=0.00, real=0.00 secs] 
102.443: Total time for which application threads were stopped: 0.0005180 seconds, Stopping threads took: 0.0000470 seconds
102.512: Application time: 0.0695260 seconds
102.512: [GC [PSYoungGen: 19327K->384K(19456K)] 27524K->8802K(52736K), 0.0004520 secs] [Times: user=0.00 sys=0.00, real=0.00 secs] 
102.513: Total time for which application threads were stopped: 0.0005700 seconds, Stopping threads took: 0.0000550 seconds
102.585: Application time: 0.0724460 seconds
102.585: [GC [PSYoungGen: 19325K->768K(19456K)] 27743K->9194K(52736K), 0.0004660 secs] [Times: user=0.00 sys=0.00, real=0.00 secs] 
102.586: Total time for which application threads were stopped: 0.0006000 seconds, Stopping threads took: 0.0000650 seconds
102.666: Application time: 0.0804140 seconds
102.666: [GC [PSYoungGen: 19198K->384K(18944K)] 27624K->9235K(52224K), 0.0004890 secs] [Times: user=0.01 sys=0.00, real=0.00 secs] 
102.667: Total time for which application threads were stopped: 0.0006130 seconds, Stopping threads took: 0.0000630 seconds
102.747: Application time: 0.0797410 seconds
102.747: [GC [PSYoungGen: 18811K->384K(19456K)] 27662K->9583K(52736K), 0.0004490 secs] [Times: user=0.01 sys=0.00, real=0.00 secs] 
102.747: Total time for which application threads were stopped: 0.0005660 seconds, Stopping threads took: 0.0000570 seconds
102.830: Application time: 0.0827930 seconds
102.830: [GC [PSYoungGen: 18811K->0K(19456K)] 28011K->9460K(52736K), 0.0004090 secs] [Times: user=0.00 sys=0.00, real=0.00 secs] 
102.830: Total time for which application threads were stopped: 0.0005420 seconds, Stopping threads took: 0.0000610 seconds
102.912: Application time: 0.0811520 seconds
102.912: [GC [PSYoungGen: 18430K->352K(19456K)] 27891K->9812K(52736K), 0.0004600 secs] [Times: user=0.00 sys=0.00, real=0.00 secs] 
102.912: Total time for which application threads were stopped: 0.0005980 seconds, Stopping threads took: 0.0000710 seconds
102.994: Application time: 0.0816220 seconds
102.994: [GC [PSYoungGen: 18781K->352K(19456K)] 28242K->9884K(52736K), 0.0004060 secs] [Times: user=0.00 sys=0.00, real=0.00 secs] 
102.994: Total time for which application threads were stopped: 0.0005340 seconds, Stopping threads took: 0.0000680 seconds
103.078: Application time: 0.0833440 seconds
103.078: [GC [PSYoungGen: 18783K->0K(19456K)] 28316K->9753K(52736K), 0.0004040 secs] [Times: user=0.01 sys=0.00, real=0.00 secs] 
103.078: Total time for which application threads were stopped: 0.0005180 seconds, Stopping threads took: 0.0000520 seconds
103.161: Application time: 0.0827460 seconds
103.161: [GC [PSYoungGen: 18429K->0K(19456K)] 28182K->9753K(52736K), 0.0003470 secs] [Times: user=0.00 sys=0.00, real=0.00 secs] 
103.161: Total time for which application threads were stopped: 0.0004710 seconds, Stopping threads took: 0.0000560 seconds
103.244: Application time: 0.0830490 seconds
103.245: [GC [PSYoungGen: 18431K->0K(19456K)] 28184K->9753K(52736K), 0.0003950 secs] [Times: user=0.00 sys=0.00, real=0.00 secs] 
103.245: Total time for which application threads were stopped: 0.0005100 seconds, Stopping threads took: 0.0000530 seconds
103.321: Application time: 0.0761310 seconds
103.321: [GC [PSYoungGen: 18430K->288K(19456K)] 28183K->10041K(52736K), 0.0003990 secs] [Times: user=0.00 sys=0.00, real=0.00 secs] 
103.322: Total time for which application threads were stopped: 0.0005080 seconds, Stopping threads took: 0.0000500 seconds
103.371: Application time: 0.0489120 seconds
103.371: [GC [PSYoungGen: 18716K->576K(19456K)] 28470K->10337K(52736K), 0.0004300 secs] [Times: user=0.00 sys=0.00, real=0.00 secs] 
103.371: Total time for which application threads were stopped: 0.0005510 seconds, Stopping threads took: 0.0000600 seconds
103.450: Application time: 0.0793260 seconds
103.451: [GC [PSYoungGen: 19005K->480K(19456K)] 28767K->10289K(52736K), 0.0004740 secs] [Times: user=0.00 sys=0.00, real=0.00 secs] 
103.451: Total time for which application threads were stopped: 0.0005780 seconds, Stopping threads took: 0.0000450 seconds
103.533: Application time: 0.0818340 seconds
103.533: [GC [PSYoungGen: 18909K->0K(19456K)] 28719K->10241K(52736K), 0.0004640 secs] [Times: user=0.01 sys=0.00, real=0.00 secs] 
103.533: Total time for which application threads were stopped: 0.0005870 seconds, Stopping threads took: 0.0000630 seconds
103.589: Application time: 0.0556720 seconds
103.589: [GC [PSYoungGen: 18430K->576K(19456K)] 28671K->10817K(52736K), 0.0004320 secs] [Times: user=0.00 sys=0.00, real=0.00 secs] 
103.590: Total time for which application threads were stopped: 0.0005470 seconds, Stopping threads took: 0.0000450 seconds
103.657: Application time: 0.0671740 seconds
103.657: [GC [PSYoungGen: 19006K->544K(19456K)] 29248K->10841K(52736K), 0.0004520 secs] [Times: user=0.00 sys=0.00, real=0.00 secs] 
103.657: Total time for which application threads were stopped: 0.0005710 seconds, Stopping threads took: 0.0000560 seconds
103.736: Application time: 0.0785420 seconds
103.740: [GC [PSYoungGen: 18975K->704K(19456K)] 29272K->11057K(52736K), 0.0005140 secs] [Times: user=0.00 sys=0.00, real=0.00 secs] 
103.740: Total time for which application threads were stopped: 0.0043790 seconds, Stopping threads took: 0.0037950 seconds
103.819: Application time: 0.0788920 seconds
103.819: [GC [PSYoungGen: 19136K->512K(19456K)] 29489K->11282K(52736K), 0.0005030 secs] [Times: user=0.00 sys=0.00, real=0.01 secs] 
103.820: Total time for which application threads were stopped: 0.0006220 seconds, Stopping threads took: 0.0000530 seconds
103.891: Application time: 0.0709370 seconds
103.891: [GC [PSYoungGen: 18943K->576K(19456K)] 29714K->11756K(52736K), 0.0005140 secs] [Times: user=0.01 sys=0.00, real=0.00 secs] 
103.891: Total time for which application threads were stopped: 0.0006300 seconds, Stopping threads took: 0.0000550 seconds
103.943: Application time: 0.0516000 seconds
103.943: [GC [PSYoungGen: 19005K->576K(19456K)] 30185K->11772K(52736K), 0.0004390 secs] [Times: user=0.00 sys=0.00, real=0.00 secs] 
103.944: Total time for which application threads were stopped: 0.0005550 seconds, Stopping threads took: 0.0000540 seconds
104.008: Application time: 0.0644020 seconds
104.008: [GC [PSYoungGen: 18964K->960K(19456K)] 30160K->12236K(52736K), 0.0005560 secs] [Times: user=0.01 sys=0.00, real=0.00 secs] 
104.009: Total time for which application threads were stopped: 0.0006930 seconds, Stopping threads took: 0.0000740 seconds
104.080: Application time: 0.0713880 seconds
104.080: [GC [PSYoungGen: 19389K->416K(19968K)] 30665K->12374K(53248K), 0.0005200 secs] [Times: user=0.00 sys=0.00, real=0.00 secs] 
104.081: Total time for which application threads were stopped: 0.0006410 seconds, Stopping threads took: 0.0000600 seconds
104.161: Application time: 0.0807290 seconds
104.162: [GC [PSYoungGen: 18846K->256K(19968K)] 30804K->12374K(53248K), 0.0004470 secs] [Times: user=0.00 sys=0.00, real=0.00 secs] 
104.162: Total time for which application threads were stopped: 0.0005690 seconds, Stopping threads took: 0.0000570 seconds
104.227: Application time: 0.0647920 seconds
104.227: [GC [PSYoungGen: 18686K->288K(19968K)] 30805K->12618K(53248K), 0.0005060 secs] [Times: user=0.00 sys=0.00, real=0.00 secs] 
104.227: Total time for which application threads were stopped: 0.0006130 seconds, Stopping threads took: 0.0000460 seconds
104.303: Application time: 0.0760490 seconds
104.304: [GC [PSYoungGen: 18717K->608K(19968K)] 31048K->12954K(53248K), 0.0004100 secs] [Times: user=0.00 sys=0.00, real=0.00 secs] 
104.304: Total time for which application threads were stopped: 0.0005430 seconds, Stopping threads took: 0.0000610 seconds
104.382: Application time: 0.0784350 seconds
104.383: [GC [PSYoungGen: 19037K->480K(18944K)] 31384K->13031K(52224K), 0.0006040 secs] [Times: user=0.00 sys=0.00, real=0.00 secs] 
104.383: Total time for which application threads were stopped: 0.0007370 seconds, Stopping threads took: 0.0000720 seconds
104.463: Application time: 0.0796290 seconds
104.464: [GC [PSYoungGen: 18907K->320K(19456K)] 31458K->13288K(52736K), 0.0004560 secs] [Times: user=0.00 sys=0.00, real=0.00 secs] 
104.464: Total time for which application threads were stopped: 0.0014280 seconds, Stopping threads took: 0.0009110 seconds
104.546: Application time: 0.0818230 seconds
104.546: [GC [PSYoungGen: 18748K->0K(19456K)] 31716K->13213K(52736K), 0.0004540 secs] [Times: user=0.00 sys=0.00, real=0.00 secs] 
104.547: Total time for which application threads were stopped: 0.0005820 seconds, Stopping threads took: 0.0000650 seconds
104.626: Application time: 0.0796030 seconds
104.626: [GC [PSYoungGen: 18430K->384K(19456K)] 31643K->13597K(52736K), 0.0004200 secs] [Times: user=0.00 sys=0.00, real=0.00 secs] 
104.627: Total time for which application threads were stopped: 0.0005260 seconds, Stopping threads took: 0.0000470 seconds
104.709: Application time: 0.0820320 seconds
104.709: [GC [PSYoungGen: 18814K->0K(19456K)] 32027K->13481K(52736K), 0.0004380 secs] [Times: user=0.00 sys=0.00, real=0.00 secs] 
104.709: Total time for which application threads were stopped: 0.0005670 seconds, Stopping threads took: 0.0000680 seconds
104.792: Application time: 0.0821230 seconds
104.792: [GC [PSYoungGen: 18430K->0K(19456K)] 31911K->13481K(52736K), 0.0003630 secs] [Times: user=0.00 sys=0.00, real=0.01 secs] 
104.792: Total time for which application threads were stopped: 0.0004770 seconds, Stopping threads took: 0.0000520 seconds
104.874: Application time: 0.0821010 seconds
104.874: [GC [PSYoungGen: 18430K->0K(19456K)] 31911K->13481K(52736K), 0.0003790 secs] [Times: user=0.00 sys=0.00, real=0.00 secs] 
104.875: Total time for which application threads were stopped: 0.0005150 seconds, Stopping threads took: 0.0000680 seconds
104.957: Application time: 0.0821020 seconds
104.957: [GC [PSYoungGen: 18430K->0K(19456K)] 31911K->13481K(52736K), 0.0004220 secs] [Times: user=0.01 sys=0.00, real=0.00 secs] 
104.957: Total time for which application threads were stopped: 0.0005500 seconds, Stopping threads took: 0.0000670 seconds
105.032: Application time: 0.0747900 seconds
105.032: [GC [PSYoungGen: 18428K->384K(19456K)] 31909K->13865K(52736K), 0.0003760 secs] [Times: user=0.01 sys=0.00, real=0.00 secs] 
105.033: Total time for which application threads were stopped: 0.0004790 seconds, Stopping threads took: 0.0000430 seconds
105.085: Application time: 0.0521440 seconds
105.085: [GC [PSYoungGen: 18815K->544K(19456K)] 32296K->14033K(52736K), 0.0004400 secs] [Times: user=0.00 sys=0.00, real=0.00 secs] 
105.085: Total time for which application threads were stopped: 0.0005490 seconds, Stopping threads took: 0.0000500 seconds
105.160: Application time: 0.0750530 seconds
105.164: [GC [PSYoungGen: 18971K->576K(19456K)] 32460K->14113K(52736K), 0.0004470 secs] [Times: user=0.00 sys=0.00, real=0.00 secs] 
105.164: Total time for which application threads were stopped: 0.0039590 seconds, Stopping threads took: 0.0034510 seconds
105.245: Application time: 0.0811900 seconds
105.246: [GC [PSYoungGen: 19006K->0K(19456K)] 32543K->13970K(52736K), 0.0004150 secs] [Times: user=0.00 sys=0.00, real=0.00 secs] 
105.246: Total time for which application threads were stopped: 0.0005310 seconds, Stopping threads took: 0.0000530 seconds
105.306: Application time: 0.0602660 seconds
105.306: [GC [PSYoungGen: 18430K->544K(19456K)] 32400K->14514K(52736K), 0.0004330 secs] [Times: user=0.01 sys=0.00, real=0.00 secs] 
105.307: Total time for which application threads were stopped: 0.0005520 seconds, Stopping threads took: 0.0000590 seconds
105.368: Application time: 0.0612150 seconds
105.368: [GC [PSYoungGen: 18972K->576K(19456K)] 32942K->14610K(52736K), 0.0004230 secs] [Times: user=0.01 sys=0.00, real=0.00 secs] 
105.369: Total time for which application threads were stopped: 0.0005420 seconds, Stopping threads took: 0.0000560 seconds
105.446: Application time: 0.0777590 seconds
105.446: [GC [PSYoungGen: 19008K->640K(18944K)] 33042K->14714K(52224K), 0.0005260 secs] [Times: user=0.00 sys=0.00, real=0.00 secs] 
105.447: Total time for which application threads were stopped: 0.0006550 seconds, Stopping threads took: 0.0000630 seconds
105.523: Application time: 0.0757600 seconds
105.523: [GC [PSYoungGen: 18556K->544K(19456K)] 32631K->15030K(52736K), 0.0005150 secs] [Times: user=0.01 sys=0.00, real=0.00 secs] 
105.523: Total time for which application threads were stopped: 0.0006370 seconds, Stopping threads took: 0.0000610 seconds
105.601: Application time: 0.0776700 seconds
105.601: [GC [PSYoungGen: 18462K->352K(18432K)] 32949K->15248K(51712K), 0.0004970 secs] [Times: user=0.00 sys=0.00, real=0.00 secs] 
105.602: Total time for which application threads were stopped: 0.0006220 seconds, Stopping threads took: 0.0000560 seconds
105.651: Application time: 0.0496120 seconds
105.651: [GC [PSYoungGen: 18268K->576K(18944K)] 33164K->15488K(52224K), 0.0004420 secs] [Times: user=0.00 sys=0.00, real=0.01 secs] 
105.652: Total time for which application threads were stopped: 0.0005680 seconds, Stopping threads took: 0.0000640 seconds
105.710: Application time: 0.0580260 seconds
105.710: [GC [PSYoungGen: 18495K->704K(18432K)] 33407K->15880K(51712K), 0.0006030 secs] [Times: user=0.00 sys=0.00, real=0.00 secs] 
105.711: Total time for which application threads were stopped: 0.0007200 seconds, Stopping threads took: 0.0000560 seconds
105.772: Application time: 0.0609230 seconds
105.772: [GC [PSYoungGen: 18109K->1152K(18944K)] 33286K->16344K(52224K), 0.0005310 secs] [Times: user=0.00 sys=0.00, real=0.01 secs] 
105.772: Total time for which application threads were stopped: 0.0006430 seconds, Stopping threads took: 0.0000490 seconds
105.848: Application time: 0.0757270 seconds
105.848: [GC [PSYoungGen: 18559K->320K(18944K)] 33751K->16314K(52224K), 0.0005430 secs] [Times: user=0.00 sys=0.00, real=0.00 secs] 
105.849: Total time for which application threads were stopped: 0.0006530 seconds, Stopping threads took: 0.0000500 seconds
105.913: Application time: 0.0639870 seconds
105.913: [GC [PSYoungGen: 17726K->384K(18944K)] 33720K->16598K(52224K), 0.0004190 secs] [Times: user=0.00 sys=0.00, real=0.00 secs] 
105.913: Total time for which application threads were stopped: 0.0005420 seconds, Stopping threads took: 0.0000600 seconds
105.983: Application time: 0.0699460 seconds
105.984: [GC [PSYoungGen: 17790K->352K(18944K)] 34004K->16574K(52224K), 0.0004610 secs] [Times: user=0.00 sys=0.00, real=0.00 secs] 
105.984: Total time for which application threads were stopped: 0.0012290 seconds, Stopping threads took: 0.0006970 seconds
106.059: Application time: 0.0744940 seconds
106.059: [GC [PSYoungGen: 17759K->544K(18944K)] 33982K->16774K(52224K), 0.0004040 secs] [Times: user=0.00 sys=0.00, real=0.00 secs] 
106.059: Total time for which application threads were stopped: 0.0005200 seconds, Stopping threads took: 0.0000540 seconds
106.132: Application time: 0.0727170 seconds
106.132: [GC [PSYoungGen: 17951K->576K(18944K)] 34182K->17211K(52224K), 0.0005040 secs] [Times: user=0.01 sys=0.00, real=0.00 secs] 
106.133: Total time for which application threads were stopped: 0.0006150 seconds, Stopping threads took: 0.0000510 seconds
106.210: Application time: 0.0770200 seconds
106.210: [GC [PSYoungGen: 17981K->0K(18944K)] 34617K->17076K(52224K), 0.0004270 secs] [Times: user=0.00 sys=0.00, real=0.00 secs] 
106.210: Total time for which application threads were stopped: 0.0005530 seconds, Stopping threads took: 0.0000630 seconds
106.287: Application time: 0.0770340 seconds
106.287: [GC [PSYoungGen: 17405K->0K(18944K)] 34482K->17076K(52224K), 0.0003880 secs] [Times: user=0.00 sys=0.00, real=0.00 secs] 
106.288: Total time for which application threads were stopped: 0.0004970 seconds, Stopping threads took: 0.0000500 seconds
106.363: Application time: 0.0748970 seconds
106.363: [GC [PSYoungGen: 17405K->384K(17920K)] 34482K->17460K(51200K), 0.0004500 secs] [Times: user=0.00 sys=0.00, real=0.00 secs] 
106.363: Total time for which application threads were stopped: 0.0005550 seconds, Stopping threads took: 0.0000430 seconds
106.441: Application time: 0.0776820 seconds
106.441: [GC [PSYoungGen: 17789K->0K(17920K)] 34866K->17324K(51200K), 0.0004290 secs] [Times: user=0.00 sys=0.00, real=0.00 secs] 
106.441: Total time for which application threads were stopped: 0.0005500 seconds, Stopping threads took: 0.0000620 seconds
106.517: Application time: 0.0753480 seconds
106.517: [GC [PSYoungGen: 16895K->0K(17408K)] 34220K->17324K(50688K), 0.0004720 secs] [Times: user=0.00 sys=0.00, real=0.00 secs] 
106.518: Total time for which application threads were stopped: 0.0017000 seconds, Stopping threads took: 0.0000520 seconds
106.594: Application time: 0.0752620 seconds
106.594: [GC [PSYoungGen: 16895K->0K(17920K)] 34220K->17324K(51200K), 0.0003890 secs] [Times: user=0.00 sys=0.00, real=0.00 secs] 
106.594: Total time for which application threads were stopped: 0.0005210 seconds, Stopping threads took: 0.0000730 seconds
106.670: Application time: 0.0755070 seconds
106.670: [GC [PSYoungGen: 16895K->0K(17920K)] 34220K->17324K(51200K), 0.0003660 secs] [Times: user=0.00 sys=0.00, real=0.00 secs] 
106.670: Total time for which application threads were stopped: 0.0004940 seconds, Stopping threads took: 0.0000630 seconds
106.745: Application time: 0.0751260 seconds
106.745: [GC [PSYoungGen: 16895K->0K(17920K)] 34220K->17324K(51200K), 0.0003610 secs] [Times: user=0.00 sys=0.00, real=0.00 secs] 
106.746: Total time for which application threads were stopped: 0.0004750 seconds, Stopping threads took: 0.0000540 seconds
106.791: Application time: 0.0449810 seconds
106.791: [GC [PSYoungGen: 16893K->576K(17920K)] 34217K->17900K(51200K), 0.0004360 secs] [Times: user=0.00 sys=0.00, real=0.00 secs] 
106.791: Total time for which application threads were stopped: 0.0005370 seconds, Stopping threads took: 0.0000410 seconds
106.855: Application time: 0.0639510 seconds
106.855: [GC [PSYoungGen: 17469K->576K(17408K)] 34794K->17948K(50688K), 0.0005070 secs] [Times: user=0.00 sys=0.00, real=0.00 secs] 
106.856: Total time for which application threads were stopped: 0.0006360 seconds, Stopping threads took: 0.0000660 seconds
106.926: Application time: 0.0700880 seconds
106.926: [GC [PSYoungGen: 16958K->544K(17920K)] 34330K->17940K(51200K), 0.0004670 secs] [Times: user=0.01 sys=0.00, real=0.00 secs] 
106.927: Total time for which application threads were stopped: 0.0005940 seconds, Stopping threads took: 0.0000640 seconds
106.997: Application time: 0.0701100 seconds
106.997: [GC [PSYoungGen: 16924K->320K(16896K)] 34321K->18165K(50176K), 0.0005100 secs] [Times: user=0.00 sys=0.00, real=0.00 secs] 
106.997: Total time for which application threads were stopped: 0.0006190 seconds, Stopping threads took: 0.0000480 seconds
107.039: Application time: 0.0418680 seconds
107.039: [GC [PSYoungGen: 16700K->512K(17408K)] 34546K->18413K(50688K), 0.0004560 secs] [Times: user=0.00 sys=0.00, real=0.01 secs] 
107.040: Total time for which application threads were stopped: 0.0005740 seconds, Stopping threads took: 0.0000480 seconds
107.103: Application time: 0.0628070 seconds
107.103: [GC [PSYoungGen: 16893K->480K(17408K)] 34795K->18389K(50688K), 0.0004690 secs] [Times: user=0.00 sys=0.00, real=0.00 secs] 
107.103: Total time for which application threads were stopped: 0.0005950 seconds, Stopping threads took: 0.0000670 seconds
107.173: Application time: 0.0693970 seconds
107.173: [GC [PSYoungGen: 16863K->480K(17408K)] 34773K->18445K(50688K), 0.0004500 secs] [Times: user=0.01 sys=0.00, real=0.00 secs] 
107.173: Total time for which application threads were stopped: 0.0005720 seconds, Stopping threads took: 0.0000630 seconds
107.242: Application time: 0.0683280 seconds
107.242: [GC [PSYoungGen: 16860K->480K(17408K)] 34826K->18870K(50688K), 0.0005350 secs] [Times: user=0.00 sys=0.00, real=0.00 secs] 
107.242: Total time for which application threads were stopped: 0.0006630 seconds, Stopping threads took: 0.0000700 seconds
107.314: Application time: 0.0722550 seconds
107.315: [GC [PSYoungGen: 16861K->0K(17408K)] 35252K->18811K(50688K), 0.0004280 secs] [Times: user=0.00 sys=0.00, real=0.00 secs] 
107.315: Total time for which application threads were stopped: 0.0005480 seconds, Stopping threads took: 0.0000580 seconds
107.363: Application time: 0.0482650 seconds
107.363: Total time for which application threads were stopped: 0.0000840 seconds, Stopping threads took: 0.0000630 seconds
107.363: Application time: 0.0000420 seconds
107.363: [GC [PSYoungGen: 16334K->480K(17408K)] 35274K->19419K(50688K), 0.0004220 secs] [Times: user=0.00 sys=0.01, real=0.00 secs] 
107.364: Total time for which application threads were stopped: 0.0005130 seconds, Stopping threads took: 0.0000430 seconds
107.412: Application time: 0.0484370 seconds
107.412: [GC [PSYoungGen: 16863K->608K(17408K)] 36087K->19964K(50688K), 0.0004700 secs] [Times: user=0.01 sys=0.00, real=0.00 secs] 
107.413: Total time for which application threads were stopped: 0.0005780 seconds, Stopping threads took: 0.0000470 seconds
107.468: Application time: 0.0553400 seconds
107.468: [GC [PSYoungGen: 16988K->960K(16896K)] 36344K->20492K(50176K), 0.0005260 secs] [Times: user=0.01 sys=0.00, real=0.00 secs] 
107.469: Total time for which application threads were stopped: 0.0006390 seconds, Stopping threads took: 0.0000520 seconds
107.538: Application time: 0.0689920 seconds
107.538: [GC [PSYoungGen: 16831K->256K(17408K)] 36364K->20454K(50688K), 0.0005040 secs] [Times: user=0.00 sys=0.00, real=0.00 secs] 
107.539: Total time for which application threads were stopped: 0.0006200 seconds, Stopping threads took: 0.0000550 seconds
107.604: Application time: 0.0658990 seconds
107.605: [GC [PSYoungGen: 16125K->288K(17408K)] 36324K->20699K(50688K), 0.0004640 secs] [Times: user=0.00 sys=0.00, real=0.00 secs] 
107.605: Total time for which application threads were stopped: 0.0006090 seconds, Stopping threads took: 0.0000770 seconds
107.659: Application time: 0.0541510 seconds
107.659: [GC [PSYoungGen: 16158K->384K(16384K)] 36569K->20803K(49664K), 0.0004490 secs] [Times: user=0.00 sys=0.00, real=0.01 secs] 
107.660: Total time for which application threads were stopped: 0.0005810 seconds, Stopping threads took: 0.0000670 seconds
107.728: Application time: 0.0682660 seconds
107.728: [GC [PSYoungGen: 16255K->352K(16896K)] 36675K->20795K(50176K), 0.0004190 secs] [Times: user=0.00 sys=0.00, real=0.00 secs] 
107.729: Total time for which application threads were stopped: 0.0005570 seconds, Stopping threads took: 0.0000740 seconds
107.795: Application time: 0.0667780 seconds
107.795: [GC [PSYoungGen: 16221K->576K(16896K)] 36664K->21239K(50176K), 0.0004640 secs] [Times: user=0.00 sys=0.00, real=0.00 secs] 
107.796: Total time for which application threads were stopped: 0.0005680 seconds, Stopping threads took: 0.0000420 seconds
107.863: Application time: 0.0669330 seconds
107.863: [GC [PSYoungGen: 16448K->576K(16896K)] 37111K->21455K(50176K), 0.0005350 secs] [Times: user=0.01 sys=0.00, real=0.00 secs] 
107.864: Total time for which application threads were stopped: 0.0006630 seconds, Stopping threads took: 0.0000660 seconds
107.934: Application time: 0.0708310 seconds
107.934: [GC [PSYoungGen: 16445K->0K(16896K)] 37325K->21321K(50176K), 0.0005360 secs] [Times: user=0.00 sys=0.00, real=0.00 secs] 
107.935: Total time for which application threads were stopped: 0.0006590 seconds, Stopping threads took: 0.0000630 seconds
108.005: Application time: 0.0703210 seconds
108.005: [GC [PSYoungGen: 15869K->0K(16896K)] 37190K->21321K(50176K), 0.0003850 secs] [Times: user=0.01 sys=0.00, real=0.00 secs] 
108.006: Total time for which application threads were stopped: 0.0005020 seconds, Stopping threads took: 0.0000540 seconds
108.074: Application time: 0.0685690 seconds
108.075: [GC [PSYoungGen: 15867K->512K(16896K)] 37188K->21833K(50176K), 0.0004670 secs] [Times: user=0.01 sys=0.00, real=0.00 secs] 
108.075: Total time for which application threads were stopped: 0.0005900 seconds, Stopping threads took: 0.0000610 seconds
108.146: Application time: 0.0708030 seconds
108.146: [GC [PSYoungGen: 16379K->0K(16896K)] 37700K->21573K(50176K), 0.0004200 secs] [Times: user=0.00 sys=0.00, real=0.00 secs] 
108.146: Total time for which application threads were stopped: 0.0005540 seconds, Stopping threads took: 0.0000600 seconds
108.218: Application time: 0.0712900 seconds
108.218: [GC [PSYoungGen: 15867K->0K(16896K)] 37441K->21573K(50176K), 0.0003840 secs] [Times: user=0.00 sys=0.00, real=0.00 secs] 
108.218: Total time for which application threads were stopped: 0.0005070 seconds, Stopping threads took: 0.0000580 seconds
108.289: Application time: 0.0708550 seconds
108.289: [GC [PSYoungGen: 15867K->0K(16896K)] 37441K->21573K(50176K), 0.0004020 secs] [Times: user=0.00 sys=0.00, real=0.00 secs] 
108.290: Total time for which application threads were stopped: 0.0005180 seconds, Stopping threads took: 0.0000540 seconds
108.361: Application time: 0.0710260 seconds
108.361: [GC [PSYoungGen: 15867K->0K(16896K)] 37441K->21573K(50176K), 0.0003820 secs] [Times: user=0.00 sys=0.00, real=0.00 secs] 
108.361: Total time for which application threads were stopped: 0.0005100 seconds, Stopping threads took: 0.0000670 seconds
108.432: Application time: 0.0709060 seconds
108.436: [GC [PSYoungGen: 15867K->0K(16896K)] 37441K->21573K(50176K), 0.0003620 secs] [Times: user=0.00 sys=0.00, real=0.00 secs] 
108.436: Total time for which application threads were stopped: 0.0041640 seconds, Stopping threads took: 0.0037390 seconds
108.492: Application time: 0.0555780 seconds
108.492: [GC [PSYoungGen: 15867K->576K(16896K)] 37441K->22149K(50176K), 0.0004250 secs] [Times: user=0.01 sys=0.00, real=0.00 secs] 
108.492: Total time for which application threads were stopped: 0.0005450 seconds, Stopping threads took: 0.0000600 seconds
108.537: Application time: 0.0451760 seconds
108.538: [GC [PSYoungGen: 16444K->544K(16896K)] 38017K->22133K(50176K), 0.0004270 secs] [Times: user=0.00 sys=0.00, real=0.00 secs] 
108.538: Total time for which application threads were stopped: 0.0005430 seconds, Stopping threads took: 0.0000550 seconds
108.605: Application time: 0.0667700 seconds
108.605: [GC [PSYoungGen: 16413K->576K(16896K)] 38002K->22237K(50176K), 0.0004570 secs] [Times: user=0.01 sys=0.00, real=0.00 secs] 
108.605: Total time for which application threads were stopped: 0.0005790 seconds, Stopping threads took: 0.0000620 seconds
108.675: Application time: 0.0700800 seconds
108.676: [GC [PSYoungGen: 16443K->0K(16384K)] 38105K->22110K(49664K), 0.0004740 secs] [Times: user=0.01 sys=0.00, real=0.00 secs] 
108.676: Total time for which application threads were stopped: 0.0006250 seconds, Stopping threads took: 0.0000730 seconds
108.734: Application time: 0.0575770 seconds
108.734: [GC [PSYoungGen: 15869K->512K(16896K)] 37979K->22622K(50176K), 0.0004610 secs] [Times: user=0.00 sys=0.00, real=0.00 secs] 
108.734: Total time for which application threads were stopped: 0.0005720 seconds, Stopping threads took: 0.0000520 seconds
108.778: Application time: 0.0433370 seconds
108.778: [GC [PSYoungGen: 16379K->416K(16384K)] 38490K->22598K(49664K), 0.0004630 secs] [Times: user=0.01 sys=0.00, real=0.00 secs] 
108.778: Total time for which application threads were stopped: 0.0005800 seconds, Stopping threads took: 0.0000530 seconds
108.843: Application time: 0.0652140 seconds
108.843: [GC [PSYoungGen: 16285K->512K(16896K)] 38468K->22702K(50176K), 0.0004750 secs] [Times: user=0.00 sys=0.00, real=0.00 secs] 
108.844: Total time for which application threads were stopped: 0.0005830 seconds, Stopping threads took: 0.0000480 seconds
108.912: Application time: 0.0685440 seconds
108.913: [GC [PSYoungGen: 16384K->384K(16896K)] 38574K->23007K(50176K), 0.0004800 secs] [Times: user=0.00 sys=0.00, real=0.00 secs] 
108.913: Total time for which application threads were stopped: 0.0005840 seconds, Stopping threads took: 0.0000430 seconds
108.981: Application time: 0.0683720 seconds
108.982: [GC [PSYoungGen: 16251K->352K(16896K)] 38875K->23204K(50176K), 0.0004430 secs] [Times: user=0.00 sys=0.00, real=0.00 secs] 
108.982: Total time for which application threads were stopped: 0.0005560 seconds, Stopping threads took: 0.0000510 seconds
109.046: Application time: 0.0639850 seconds
109.046: [GC [PSYoungGen: 16221K->416K(16896K)] 39073K->23489K(50176K), 0.0004250 secs] [Times: user=0.00 sys=0.00, real=0.00 secs] 
109.047: Total time for which application threads were stopped: 0.0005340 seconds, Stopping threads took: 0.0000500 seconds
109.102: Application time: 0.0557600 seconds
109.102: [GC [PSYoungGen: 16287K->288K(16896K)] 39360K->23369K(50176K), 0.0004150 secs] [Times: user=0.00 sys=0.00, real=0.00 secs] 
109.103: Total time for which application threads were stopped: 0.0005360 seconds, Stopping threads took: 0.0000610 seconds
109.143: Application time: 0.0397570 seconds
109.143: [GC [PSYoungGen: 16158K->736K(16896K)] 39239K->24057K(50176K), 0.0005430 secs] [Times: user=0.00 sys=0.00, real=0.00 secs] 
109.143: Total time for which application threads were stopped: 0.0006570 seconds, Stopping threads took: 0.0000440 seconds
109.198: Application time: 0.0543030 seconds
109.198: [GC [PSYoungGen: 16606K->960K(16896K)] 39927K->24457K(50176K), 0.0005570 secs] [Times: user=0.00 sys=0.00, real=0.00 secs] 
109.198: Total time for which application threads were stopped: 0.0007100 seconds, Stopping threads took: 0.0000770 seconds
109.265: Application time: 0.0671930 seconds
109.266: [GC [PSYoungGen: 16831K->480K(17408K)] 40328K->24450K(50688K), 0.0004990 secs] [Times: user=0.00 sys=0.00, real=0.00 secs] 
109.266: Total time for which application threads were stopped: 0.0006260 seconds, Stopping threads took: 0.0000620 seconds
109.326: Application time: 0.0598640 seconds
109.326: [GC [PSYoungGen: 16348K->384K(16384K)] 40319K->24779K(49664K), 0.0005410 secs] [Times: user=0.00 sys=0.00, real=0.00 secs] 
109.327: Total time for which application threads were stopped: 0.0006680 seconds, Stopping threads took: 0.0000630 seconds
109.386: Application time: 0.0595040 seconds
109.386: [GC [PSYoungGen: 16254K->352K(16896K)] 40650K->24755K(50176K), 0.0003900 secs] [Times: user=0.00 sys=0.00, real=0.00 secs] 
109.387: Total time for which application threads were stopped: 0.0005160 seconds, Stopping threads took: 0.0000650 seconds
109.455: Application time: 0.0686800 seconds
109.455: [GC [PSYoungGen: 16221K->352K(16896K)] 40625K->24771K(50176K), 0.0004030 secs] [Times: user=0.00 sys=0.00, real=0.00 secs] 
109.456: Total time for which application threads were stopped: 0.0005210 seconds, Stopping threads took: 0.0000590 seconds
109.524: Application time: 0.0678330 seconds
109.524: [GC [PSYoungGen: 16223K->352K(16896K)] 40643K->24984K(50176K), 0.0004860 secs] [Times: user=0.00 sys=0.00, real=0.00 secs] 
109.524: Total time for which application threads were stopped: 0.0006400 seconds, Stopping threads took: 0.0000900 seconds
109.590: Application time: 0.0659310 seconds
109.590: [GC [PSYoungGen: 16222K->544K(16896K)] 40854K->25388K(50176K), 0.0004800 secs] [Times: user=0.00 sys=0.00, real=0.00 secs] 
109.591: Total time for which application threads were stopped: 0.0005980 seconds, Stopping threads took: 0.0000570 seconds
109.661: Application time: 0.0703440 seconds
109.661: [GC [PSYoungGen: 16413K->0K(16896K)] 41258K->25294K(50176K), 0.0004480 secs] [Times: user=0.00 sys=0.00, real=0.00 secs] 
109.662: Total time for which application threads were stopped: 0.0005650 seconds, Stopping threads took: 0.0000580 seconds
109.731: Application time: 0.0688920 seconds
109.731: [GC [PSYoungGen: 15870K->352K(16896K)] 41164K->25646K(50176K), 0.0004630 secs] [Times: user=0.00 sys=0.00, real=0.00 secs] 
109.731: Total time for which application threads were stopped: 0.0005870 seconds, Stopping threads took: 0.0000540 seconds
109.801: Application time: 0.0693200 seconds
109.801: [GC [PSYoungGen: 16221K->320K(16896K)] 41515K->25678K(50176K), 0.0004500 secs] [Times: user=0.00 sys=0.00, real=0.00 secs] 
109.801: Total time for which application threads were stopped: 0.0005640 seconds, Stopping threads took: 0.0000540 seconds
109.872: Application time: 0.0711790 seconds
109.872: [GC [PSYoungGen: 16189K->0K(16896K)] 41548K->25566K(50176K), 0.0004220 secs] [Times: user=0.01 sys=0.00, real=0.00 secs] 
109.873: Total time for which application threads were stopped: 0.0005380 seconds, Stopping threads took: 0.0000550 seconds
109.944: Application time: 0.0709430 seconds
109.944: [GC [PSYoungGen: 15871K->0K(16896K)] 41438K->25566K(50176K), 0.0004230 secs] [Times: user=0.00 sys=0.00, real=0.00 secs] 
109.944: Total time for which application threads were stopped: 0.0005430 seconds, Stopping threads took: 0.0000600 seconds
110.015: Application time: 0.0706590 seconds
110.015: [GC [PSYoungGen: 15867K->0K(16896K)] 41434K->25566K(50176K), 0.0003940 secs] [Times: user=0.01 sys=0.00, real=0.00 secs] 
110.016: Total time for which application threads were stopped: 0.0005090 seconds, Stopping threads took: 0.0000480 seconds
110.086: Application time: 0.0706040 seconds
110.086: [GC [PSYoungGen: 15867K->0K(16896K)] 41434K->25566K(50176K), 0.0003890 secs] [Times: user=0.00 sys=0.00, real=0.00 secs] 
110.087: Total time for which application threads were stopped: 0.0005240 seconds, Stopping threads took: 0.0000760 seconds
110.157: Application time: 0.0707100 seconds
110.157: [GC [PSYoungGen: 15867K->0K(16896K)] 41434K->25566K(50176K), 0.0003650 secs] [Times: user=0.01 sys=0.00, real=0.00 secs] 
110.158: Total time for which application threads were stopped: 0.0004920 seconds, Stopping threads took: 0.0000660 seconds
110.208: Application time: 0.0500620 seconds
110.208: [GC [PSYoungGen: 15869K->544K(16896K)] 41436K->26110K(50176K), 0.0004320 secs] [Times: user=0.00 sys=0.00, real=0.00 secs] 
110.208: Total time for which application threads were stopped: 0.0005540 seconds, Stopping threads took: 0.0000630 seconds
110.259: Application time: 0.0505400 seconds
110.259: [GC [PSYoungGen: 16414K->544K(16896K)] 41980K->26166K(50176K), 0.0004500 secs] [Times: user=0.00 sys=0.00, real=0.00 secs] 
110.260: Total time for which application threads were stopped: 0.0005740 seconds, Stopping threads took: 0.0000520 seconds
110.327: Application time: 0.0671110 seconds
110.328: [GC [PSYoungGen: 16415K->512K(16896K)] 42038K->26158K(50176K), 0.0004600 secs] [Times: user=0.00 sys=0.00, real=0.00 secs] 
110.328: Total time for which application threads were stopped: 0.0015250 seconds, Stopping threads took: 0.0010060 seconds
110.398: Application time: 0.0697160 seconds
110.398: [GC [PSYoungGen: 16379K->0K(16896K)] 42026K->26103K(50176K), 0.0004560 secs] [Times: user=0.00 sys=0.00, real=0.00 secs] 
110.399: Total time for which application threads were stopped: 0.0005770 seconds, Stopping threads took: 0.0000560 seconds
110.450: Application time: 0.0517070 seconds
110.450: [GC [PSYoungGen: 15869K->544K(16896K)] 41973K->26647K(50176K), 0.0004410 secs] [Times: user=0.01 sys=0.00, real=0.00 secs] 
110.451: Total time for which application threads were stopped: 0.0005500 seconds, Stopping threads took: 0.0000490 seconds
110.498: Application time: 0.0475820 seconds
110.498: [GC [PSYoungGen: 16412K->512K(16896K)] 42515K->26671K(50176K), 0.0005060 secs] [Times: user=0.00 sys=0.00, real=0.00 secs] 
110.499: Total time for which application threads were stopped: 0.0006190 seconds, Stopping threads took: 0.0000500 seconds
110.566: Application time: 0.0666930 seconds
110.566: [GC [PSYoungGen: 16380K->512K(16896K)] 42540K->26735K(50176K), 0.0004520 secs] [Times: user=0.00 sys=0.00, real=0.00 secs] 
110.566: Total time for which application threads were stopped: 0.0005810 seconds, Stopping threads took: 0.0000680 seconds
110.633: Application time: 0.0666220 seconds
110.633: [GC [PSYoungGen: 16382K->512K(16896K)] 42605K->27160K(50176K), 0.0005140 secs] [Times: user=0.00 sys=0.00, real=0.00 secs] 
110.634: Total time for which application threads were stopped: 0.0006260 seconds, Stopping threads took: 0.0000510 seconds
110.702: Application time: 0.0688850 seconds
110.702: [GC [PSYoungGen: 16383K->352K(16896K)] 43032K->27221K(50176K), 0.0004580 secs] [Times: user=0.00 sys=0.00, real=0.00 secs] 
110.703: Total time for which application threads were stopped: 0.0005660 seconds, Stopping threads took: 0.0000430 seconds
110.765: Application time: 0.0622960 seconds
110.765: [GC [PSYoungGen: 16220K->352K(16896K)] 43089K->27449K(50176K), 0.0004350 secs] [Times: user=0.00 sys=0.00, real=0.00 secs] 
110.766: Total time for which application threads were stopped: 0.0005710 seconds, Stopping threads took: 0.0000690 seconds
110.821: Application time: 0.0555370 seconds
110.821: [GC [PSYoungGen: 16222K->512K(16896K)] 43319K->27617K(50176K), 0.0004430 secs] [Times: user=0.00 sys=0.00, real=0.00 secs] 
110.822: Total time for which application threads were stopped: 0.0005540 seconds, Stopping threads took: 0.0000490 seconds
110.862: Application time: 0.0404920 seconds
110.863: [GC [PSYoungGen: 16383K->992K(16896K)] 43489K->28145K(50176K), 0.0005660 secs] [Times: user=0.00 sys=0.00, real=0.00 secs] 
110.863: Total time for which application threads were stopped: 0.0007060 seconds, Stopping threads took: 0.0000710 seconds
110.918: Application time: 0.0544220 seconds
110.918: [GC [PSYoungGen: 16863K->832K(17408K)] 44016K->28290K(50688K), 0.0005260 secs] [Times: user=0.00 sys=0.00, real=0.00 secs] 
110.918: Total time for which application threads were stopped: 0.0006500 seconds, Stopping threads took: 0.0000630 seconds
110.985: Application time: 0.0670900 seconds
110.985: [GC [PSYoungGen: 16701K->480K(17408K)] 44159K->28303K(50688K), 0.0004910 secs] [Times: user=0.01 sys=0.00, real=0.00 secs] 
110.986: Total time for which application threads were stopped: 0.0006220 seconds, Stopping threads took: 0.0000710 seconds
111.041: Application time: 0.0555590 seconds
111.042: [GC [PSYoungGen: 16352K->384K(17408K)] 44175K->28616K(50688K), 0.0004740 secs] [Times: user=0.00 sys=0.00, real=0.00 secs] 
111.042: Total time for which application threads were stopped: 0.0006030 seconds, Stopping threads took: 0.0000680 seconds
111.105: Application time: 0.0633910 seconds
111.106: [GC [PSYoungGen: 16253K->352K(16384K)] 44485K->28600K(49664K), 0.0005010 secs] [Times: user=0.00 sys=0.00, real=0.00 secs] 
111.106: Total time for which application threads were stopped: 0.0006080 seconds, Stopping threads took: 0.0000460 seconds
111.174: Application time: 0.0681290 seconds
111.174: [GC [PSYoungGen: 16223K->352K(16896K)] 44472K->28624K(50176K), 0.0004200 secs] [Times: user=0.00 sys=0.00, real=0.00 secs] 
111.175: Total time for which application threads were stopped: 0.0005460 seconds, Stopping threads took: 0.0000660 seconds
111.243: Application time: 0.0678330 seconds
111.243: [GC [PSYoungGen: 16223K->384K(16896K)] 44495K->28884K(50176K), 0.0004430 secs] [Times: user=0.00 sys=0.00, real=0.00 secs] 
111.243: Total time for which application threads were stopped: 0.0005660 seconds, Stopping threads took: 0.0000570 seconds
111.309: Application time: 0.0658390 seconds
111.309: [GC [PSYoungGen: 16253K->544K(16896K)] 44754K->29265K(50176K), 0.0005320 secs] [Times: user=0.01 sys=0.00, real=0.00 secs] 
111.310: Total time for which application threads were stopped: 0.0006580 seconds, Stopping threads took: 0.0000550 seconds
111.380: Application time: 0.0703330 seconds
111.380: [GC [PSYoungGen: 16413K->0K(16896K)] 45135K->29182K(50176K), 0.0004930 secs] [Times: user=0.00 sys=0.00, real=0.00 secs] 
111.381: Total time for which application threads were stopped: 0.0006080 seconds, Stopping threads took: 0.0000540 seconds
111.449: Application time: 0.0684790 seconds
111.449: [GC [PSYoungGen: 15867K->384K(16896K)] 45050K->29566K(50176K), 0.0004510 secs] [Times: user=0.00 sys=0.00, real=0.00 secs] 
111.450: Total time for which application threads were stopped: 0.0005650 seconds, Stopping threads took: 0.0000560 seconds
111.520: Application time: 0.0704450 seconds
111.520: [GC [PSYoungGen: 16251K->0K(16896K)] 45434K->29430K(50176K), 0.0004690 secs] [Times: user=0.00 sys=0.00, real=0.00 secs] 
111.522: Total time for which application threads were stopped: 0.0018230 seconds, Stopping threads took: 0.0000600 seconds
111.593: Application time: 0.0706570 seconds
111.596: [GC [PSYoungGen: 15867K->0K(16896K)] 45298K->29430K(50176K), 0.0004320 secs] [Times: user=0.00 sys=0.00, real=0.00 secs] 
111.596: Total time for which application threads were stopped: 0.0036660 seconds, Stopping threads took: 0.0031610 seconds
111.667: Application time: 0.0705750 seconds
111.667: [GC [PSYoungGen: 15867K->0K(16896K)] 45298K->29430K(50176K), 0.0003850 secs] [Times: user=0.01 sys=0.00, real=0.00 secs] 
111.667: Total time for which application threads were stopped: 0.0005060 seconds, Stopping threads took: 0.0000620 seconds
111.738: Application time: 0.0705100 seconds
111.738: [GC [PSYoungGen: 15867K->0K(16896K)] 45298K->29430K(50176K), 0.0004020 secs] [Times: user=0.00 sys=0.00, real=0.00 secs] 
111.738: Total time for which application threads were stopped: 0.0005260 seconds, Stopping threads took: 0.0000620 seconds
111.809: Application time: 0.0706910 seconds
111.809: [GC [PSYoungGen: 15867K->0K(16896K)] 45298K->29430K(50176K), 0.0003760 secs] [Times: user=0.00 sys=0.00, real=0.00 secs] 
111.810: Total time for which application threads were stopped: 0.0005040 seconds, Stopping threads took: 0.0000650 seconds
111.880: Application time: 0.0703210 seconds
111.880: [GC [PSYoungGen: 15869K->160K(16896K)] 45299K->29590K(50176K), 0.0003590 secs] [Times: user=0.00 sys=0.00, real=0.00 secs] 
111.880: Total time for which application threads were stopped: 0.0004870 seconds, Stopping threads took: 0.0000600 seconds
111.928: Application time: 0.0474130 seconds
111.928: [GC [PSYoungGen: 16029K->544K(16896K)] 45459K->29982K(50176K), 0.0004460 secs] [Times: user=0.00 sys=0.00, real=0.00 secs] 
111.928: Total time for which application threads were stopped: 0.0005530 seconds, Stopping threads took: 0.0000460 seconds
111.981: Application time: 0.0528420 seconds
111.981: [GC [PSYoungGen: 16414K->384K(16896K)] 45852K->30043K(50176K), 0.0004490 secs] [Times: user=0.00 sys=0.00, real=0.00 secs] 
111.982: Total time for which application threads were stopped: 0.0005670 seconds, Stopping threads took: 0.0000590 seconds
112.049: Application time: 0.0671550 seconds
112.049: [GC [PSYoungGen: 16255K->640K(16896K)] 45915K->30347K(50176K), 0.0005170 secs] [Times: user=0.00 sys=0.00, real=0.00 secs] 
112.050: Total time for which application threads were stopped: 0.0006350 seconds, Stopping threads took: 0.0000560 seconds
112.119: Application time: 0.0694260 seconds
112.119: [GC [PSYoungGen: 16507K->0K(16896K)] 46215K->30156K(50176K), 0.0004580 secs] [Times: user=0.00 sys=0.00, real=0.00 secs] 
112.120: Total time for which application threads were stopped: 0.0005740 seconds, Stopping threads took: 0.0000530 seconds
112.166: Application time: 0.0468430 seconds
112.167: [GC [PSYoungGen: 15871K->544K(16896K)] 46027K->30700K(50176K), 0.0004660 secs] [Times: user=0.00 sys=0.00, real=0.00 secs] 
112.167: Total time for which application threads were stopped: 0.0006170 seconds, Stopping threads took: 0.0000890 seconds
112.219: Application time: 0.0523230 seconds
112.219: [GC [PSYoungGen: 16411K->480K(16896K)] 46567K->30684K(50176K), 0.0004580 secs] [Times: user=0.00 sys=0.00, real=0.01 secs] 
112.220: Total time for which application threads were stopped: 0.0005730 seconds, Stopping threads took: 0.0000510 seconds
112.288: Application time: 0.0679150 seconds
112.288: [GC [PSYoungGen: 16351K->512K(16896K)] 46555K->30780K(50176K), 0.0005220 secs] [Times: user=0.00 sys=0.00, real=0.00 secs] 
112.289: Total time for which application threads were stopped: 0.0006340 seconds, Stopping threads took: 0.0000530 seconds
112.356: Application time: 0.0670520 seconds
112.356: [GC [PSYoungGen: 16380K->576K(16896K)] 46649K->31245K(50176K), 0.0005230 secs] [Times: user=0.00 sys=0.00, real=0.00 secs] 
112.356: Total time for which application threads were stopped: 0.0006570 seconds, Stopping threads took: 0.0000710 seconds
112.425: Application time: 0.0692760 seconds
112.426: [GC [PSYoungGen: 16445K->416K(16896K)] 47115K->31290K(50176K), 0.0004670 secs] [Times: user=0.00 sys=0.00, real=0.00 secs] 
112.426: Total time for which application threads were stopped: 0.0005900 seconds, Stopping threads took: 0.0000540 seconds
112.487: Application time: 0.0610930 seconds
112.487: [GC [PSYoungGen: 16286K->384K(16896K)] 47160K->31470K(50176K), 0.0004560 secs] [Times: user=0.00 sys=0.00, real=0.00 secs] 
112.488: Total time for which application threads were stopped: 0.0005830 seconds, Stopping threads took: 0.0000660 seconds
112.544: Application time: 0.0560380 seconds
112.544: [GC [PSYoungGen: 16253K->528K(16896K)] 47340K->31622K(50176K), 0.0004530 secs] [Times: user=0.00 sys=0.00, real=0.00 secs] 
112.544: Total time for which application threads were stopped: 0.0005750 seconds, Stopping threads took: 0.0000620 seconds
112.584: Application time: 0.0392960 seconds
112.584: [GC [PSYoungGen: 16398K->992K(16384K)] 47492K->32278K(49664K), 0.0005950 secs] [Times: user=0.01 sys=0.00, real=0.00 secs] 
112.584: Total time for which application threads were stopped: 0.0007160 seconds, Stopping threads took: 0.0000610 seconds
112.639: Application time: 0.0547360 seconds
112.639: [GC [PSYoungGen: 16351K->288K(16896K)] 47638K->32288K(50176K), 0.0006150 secs] [Times: user=0.01 sys=0.00, real=0.01 secs] 
112.640: Total time for which application threads were stopped: 0.0007420 seconds, Stopping threads took: 0.0000650 seconds
112.706: Application time: 0.0659880 seconds
112.706: [GC [PSYoungGen: 15643K->512K(16896K)] 47644K->32536K(50176K), 0.0004440 secs] [Times: user=0.00 sys=0.00, real=0.00 secs] 
112.706: Total time for which application threads were stopped: 0.0005640 seconds, Stopping threads took: 0.0000600 seconds
112.760: Application time: 0.0539350 seconds
112.760: [GC [PSYoungGen: 15867K->320K(16896K)] 47891K->32753K(50176K), 0.0004650 secs] [Times: user=0.00 sys=0.00, real=0.00 secs] 
112.761: Total time for which application threads were stopped: 0.0005710 seconds, Stopping threads took: 0.0000470 seconds
112.822: Application time: 0.0606170 seconds
112.822: [GC [PSYoungGen: 15677K->288K(15872K)] 48111K->32745K(49152K), 0.0005680 secs] [Times: user=0.00 sys=0.00, real=0.00 secs] 
112.822: Total time for which application threads were stopped: 0.0006930 seconds, Stopping threads took: 0.0000600 seconds
112.888: Application time: 0.0659530 seconds
112.888: [GC [PSYoungGen: 15647K->384K(16384K)] 48104K->32865K(49664K), 0.0004380 secs] [Times: user=0.00 sys=0.00, real=0.00 secs] 
112.889: Total time for which application threads were stopped: 0.0005500 seconds, Stopping threads took: 0.0000520 seconds
112.954: Application time: 0.0651450 seconds
112.954: [GC [PSYoungGen: 15740K->352K(16384K)] 48221K->33053K(49664K), 0.0005020 secs] [Times: user=0.00 sys=0.00, real=0.00 secs] 
112.955: [Full GC [PSYoungGen: 352K->0K(16384K)] [ParOldGen: 32701K->4386K(32768K)] 33053K->4386K(49152K) [PSPermGen: 5544K->5544K(21504K)], 0.0055960 secs] [Times: user=0.03 sys=0.00, real=0.01 secs] 
112.960: Total time for which application threads were stopped: 0.0062600 seconds, Stopping threads took: 0.0000490 seconds
113.025: Application time: 0.0644310 seconds
113.025: [GC [PSYoungGen: 15359K->512K(16384K)] 19746K->4898K(49152K), 0.0004210 secs] [Times: user=0.00 sys=0.00, real=0.00 secs] 
113.025: Total time for which application threads were stopped: 0.0005460 seconds, Stopping threads took: 0.0000650 seconds
113.094: Application time: 0.0683740 seconds
113.094: [GC [PSYoungGen: 15867K->0K(16384K)] 20254K->4839K(49152K), 0.0004090 secs] [Times: user=0.00 sys=0.00, real=0.00 secs] 
113.094: Total time for which application threads were stopped: 0.0005390 seconds, Stopping threads took: 0.0000720 seconds
113.161: Application time: 0.0667990 seconds
113.161: [GC [PSYoungGen: 15359K->384K(16384K)] 20199K->5223K(49152K), 0.0003910 secs] [Times: user=0.01 sys=0.00, real=0.00 secs] 
113.161: Total time for which application threads were stopped: 0.0005180 seconds, Stopping threads took: 0.0000640 seconds
113.229: Application time: 0.0673010 seconds
113.229: [GC [PSYoungGen: 15743K->352K(16384K)] 20582K->5255K(49152K), 0.0003910 secs] [Times: user=0.00 sys=0.00, real=0.00 secs] 
113.229: Total time for which application threads were stopped: 0.0005060 seconds, Stopping threads took: 0.0000500 seconds
113.298: Application time: 0.0683390 seconds
113.298: [GC [PSYoungGen: 15709K->0K(16384K)] 20612K->5135K(49152K), 0.0003660 secs] [Times: user=0.00 sys=0.00, real=0.00 secs] 
113.298: Total time for which application threads were stopped: 0.0004910 seconds, Stopping threads took: 0.0000650 seconds
113.367: Application time: 0.0685410 seconds
113.367: [GC [PSYoungGen: 15357K->0K(16384K)] 20492K->5135K(49152K), 0.0003980 secs] [Times: user=0.00 sys=0.00, real=0.00 secs] 
113.367: Total time for which application threads were stopped: 0.0005090 seconds, Stopping threads took: 0.0000530 seconds
113.436: Application time: 0.0689380 seconds
113.436: [GC [PSYoungGen: 15357K->0K(16384K)] 20492K->5135K(49152K), 0.0003590 secs] [Times: user=0.00 sys=0.00, real=0.00 secs] 
113.436: Total time for which application threads were stopped: 0.0004720 seconds, Stopping threads took: 0.0000540 seconds
113.505: Application time: 0.0686660 seconds
113.505: [GC [PSYoungGen: 15357K->0K(16384K)] 20492K->5135K(49152K), 0.0003910 secs] [Times: user=0.00 sys=0.00, real=0.00 secs] 
113.506: Total time for which application threads were stopped: 0.0005230 seconds, Stopping threads took: 0.0000620 seconds
113.574: Application time: 0.0685140 seconds
113.574: [GC [PSYoungGen: 15357K->0K(16384K)] 20492K->5135K(49152K), 0.0003650 secs] [Times: user=0.01 sys=0.00, real=0.00 secs] 
113.575: Total time for which application threads were stopped: 0.0004750 seconds, Stopping threads took: 0.0000500 seconds
113.631: Application time: 0.0560320 seconds
113.631: [GC [PSYoungGen: 15356K->384K(16384K)] 20491K->5519K(49152K), 0.0003620 secs] [Times: user=0.01 sys=0.00, real=0.00 secs] 
113.631: Total time for which application threads were stopped: 0.0004800 seconds, Stopping threads took: 0.0000570 seconds
113.675: Application time: 0.0439490 seconds
113.675: [GC [PSYoungGen: 15742K->576K(16384K)] 20877K->5727K(49152K), 0.0004830 secs] [Times: user=0.00 sys=0.00, real=0.00 secs] 
113.676: Total time for which application threads were stopped: 0.0005890 seconds, Stopping threads took: 0.0000450 seconds
113.738: Application time: 0.0617770 seconds
113.738: [GC [PSYoungGen: 15932K->512K(16384K)] 21083K->5719K(49152K), 0.0004390 secs] [Times: user=0.00 sys=0.00, real=0.00 secs] 
113.738: Total time for which application threads were stopped: 0.0005430 seconds, Stopping threads took: 0.0000420 seconds
113.805: Application time: 0.0664790 seconds
113.805: [GC [PSYoungGen: 15868K->288K(16384K)] 21075K->5727K(49152K), 0.0004930 secs] [Times: user=0.01 sys=0.00, real=0.00 secs] 
113.805: Total time for which application threads were stopped: 0.0006180 seconds, Stopping threads took: 0.0000630 seconds
113.870: Application time: 0.0649760 seconds
113.870: [GC [PSYoungGen: 15643K->384K(16384K)] 21083K->6043K(49152K), 0.0004530 secs] [Times: user=0.00 sys=0.00, real=0.00 secs] 
113.871: Total time for which application threads were stopped: 0.0005650 seconds, Stopping threads took: 0.0000530 seconds
113.910: Application time: 0.0390580 seconds
113.910: [GC [PSYoungGen: 15741K->544K(16384K)] 21401K->6259K(49152K), 0.0004180 secs] [Times: user=0.00 sys=0.00, real=0.00 secs] 
113.910: Total time for which application threads were stopped: 0.0005350 seconds, Stopping threads took: 0.0000550 seconds
113.968: Application time: 0.0576100 seconds
113.968: [GC [PSYoungGen: 15902K->512K(16384K)] 21618K->6243K(49152K), 0.0005160 secs] [Times: user=0.00 sys=0.00, real=0.00 secs] 
113.969: Total time for which application threads were stopped: 0.0006250 seconds, Stopping threads took: 0.0000520 seconds
114.032: Application time: 0.0638670 seconds
114.032: [GC [PSYoungGen: 15870K->704K(16384K)] 21602K->6484K(49152K), 0.0005090 secs] [Times: user=0.00 sys=0.00, real=0.00 secs] 
114.033: Total time for which application threads were stopped: 0.0006270 seconds, Stopping threads took: 0.0000490 seconds
114.098: Application time: 0.0645840 seconds
114.098: [GC [PSYoungGen: 16060K->576K(16384K)] 21840K->6901K(49152K), 0.0004930 secs] [Times: user=0.00 sys=0.00, real=0.00 secs] 
114.098: Total time for which application threads were stopped: 0.0006290 seconds, Stopping threads took: 0.0000710 seconds
114.166: Application time: 0.0676590 seconds
114.166: [GC [PSYoungGen: 15933K->0K(16384K)] 22258K->6734K(49152K), 0.0004210 secs] [Times: user=0.00 sys=0.00, real=0.00 secs] 
114.166: Total time for which application threads were stopped: 0.0005450 seconds, Stopping threads took: 0.0000630 seconds
114.216: Application time: 0.0491410 seconds
114.216: [GC [PSYoungGen: 15356K->320K(16384K)] 22090K->7054K(49152K), 0.0004260 secs] [Times: user=0.00 sys=0.00, real=0.00 secs] 
114.216: Total time for which application threads were stopped: 0.0005380 seconds, Stopping threads took: 0.0000520 seconds
114.275: Application time: 0.0592920 seconds
114.276: [GC [PSYoungGen: 15678K->704K(16384K)] 22412K->7446K(49152K), 0.0004560 secs] [Times: user=0.01 sys=0.00, real=0.00 secs] 
114.276: Total time for which application threads were stopped: 0.0005830 seconds, Stopping threads took: 0.0000580 seconds
114.311: Application time: 0.0350180 seconds
114.311: [GC [PSYoungGen: 16062K->992K(15872K)] 22804K->7918K(48640K), 0.0005700 secs] [Times: user=0.00 sys=0.00, real=0.01 secs] 
114.312: Total time for which application threads were stopped: 0.0006930 seconds, Stopping threads took: 0.0000610 seconds
114.370: Application time: 0.0582730 seconds
114.370: [GC [PSYoungGen: 15837K->704K(16384K)] 22763K->7935K(49152K), 0.0005190 secs] [Times: user=0.00 sys=0.00, real=0.00 secs] 
114.371: Total time for which application threads were stopped: 0.0006390 seconds, Stopping threads took: 0.0000590 seconds
114.434: Application time: 0.0633740 seconds
114.434: [GC [PSYoungGen: 15548K->544K(16384K)] 22779K->8003K(49152K), 0.0004570 secs] [Times: user=0.01 sys=0.00, real=0.00 secs] 
114.435: Total time for which application threads were stopped: 0.0005660 seconds, Stopping threads took: 0.0000490 seconds
114.483: Application time: 0.0483880 seconds
114.483: [GC [PSYoungGen: 15390K->352K(16384K)] 22850K->8228K(49152K), 0.0004490 secs] [Times: user=0.00 sys=0.00, real=0.00 secs] 
114.484: Total time for which application threads were stopped: 0.0005690 seconds, Stopping threads took: 0.0000570 seconds
114.545: Application time: 0.0614060 seconds
114.545: [GC [PSYoungGen: 15195K->352K(16384K)] 23072K->8252K(49152K), 0.0004090 secs] [Times: user=0.00 sys=0.00, real=0.00 secs] 
114.545: Total time for which application threads were stopped: 0.0005320 seconds, Stopping threads took: 0.0000460 seconds
114.608: Application time: 0.0620750 seconds
114.608: [GC [PSYoungGen: 15198K->448K(16384K)] 23099K->8356K(49152K), 0.0004790 secs] [Times: user=0.00 sys=0.00, real=0.00 secs] 
114.608: Total time for which application threads were stopped: 0.0006000 seconds, Stopping threads took: 0.0000590 seconds
114.673: Application time: 0.0650490 seconds
114.673: [GC [PSYoungGen: 15293K->0K(16384K)] 23202K->8321K(49152K), 0.0004490 secs] [Times: user=0.00 sys=0.00, real=0.00 secs] 
114.674: Total time for which application threads were stopped: 0.0005730 seconds, Stopping threads took: 0.0000640 seconds
114.736: Application time: 0.0618880 seconds
114.736: [GC [PSYoungGen: 14847K->512K(16384K)] 23168K->8833K(49152K), 0.0004360 secs] [Times: user=0.00 sys=0.00, real=0.00 secs] 
114.736: Total time for which application threads were stopped: 0.0005520 seconds, Stopping threads took: 0.0000580 seconds
114.802: Application time: 0.0661250 seconds
114.802: [GC [PSYoungGen: 15359K->0K(16384K)] 23680K->8766K(49152K), 0.0004090 secs] [Times: user=0.01 sys=0.00, real=0.00 secs] 
114.803: Total time for which application threads were stopped: 0.0005480 seconds, Stopping threads took: 0.0000790 seconds
114.869: Application time: 0.0661310 seconds
114.869: [GC [PSYoungGen: 14847K->224K(15360K)] 23613K->8990K(48128K), 0.0004400 secs] [Times: user=0.00 sys=0.00, real=0.00 secs] 
114.870: Total time for which application threads were stopped: 0.0005470 seconds, Stopping threads took: 0.0000470 seconds
114.934: Application time: 0.0644530 seconds
114.934: [GC [PSYoungGen: 15071K->352K(15872K)] 23838K->9174K(48640K), 0.0003800 secs] [Times: user=0.00 sys=0.00, real=0.00 secs] 
114.935: Total time for which application threads were stopped: 0.0005000 seconds, Stopping threads took: 0.0000610 seconds
115.001: Application time: 0.0660730 seconds
115.001: [GC [PSYoungGen: 15199K->0K(15872K)] 24021K->9042K(48640K), 0.0003760 secs] [Times: user=0.00 sys=0.00, real=0.00 secs] 
115.001: Total time for which application threads were stopped: 0.0004950 seconds, Stopping threads took: 0.0000580 seconds
115.068: Application time: 0.0665140 seconds
115.068: [GC [PSYoungGen: 14847K->0K(15872K)] 23890K->9042K(48640K), 0.0003470 secs] [Times: user=0.00 sys=0.00, real=0.00 secs] 
115.068: Total time for which application threads were stopped: 0.0004680 seconds, Stopping threads took: 0.0000470 seconds
115.134: Application time: 0.0663310 seconds
115.135: [GC [PSYoungGen: 14847K->0K(15872K)] 23890K->9042K(48640K), 0.0003840 secs] [Times: user=0.00 sys=0.00, real=0.00 secs] 
115.135: Total time for which application threads were stopped: 0.0004950 seconds, Stopping threads took: 0.0000500 seconds
115.201: Application time: 0.0658450 seconds
115.201: [GC [PSYoungGen: 14847K->0K(15872K)] 23890K->9042K(48640K), 0.0003460 secs] [Times: user=0.00 sys=0.00, real=0.00 secs] 
115.201: Total time for which application threads were stopped: 0.0004580 seconds, Stopping threads took: 0.0000560 seconds
115.268: Application time: 0.0663460 seconds
115.268: [GC [PSYoungGen: 14847K->0K(15872K)] 23890K->9042K(48640K), 0.0003540 secs] [Times: user=0.00 sys=0.00, real=0.00 secs] 
115.268: Total time for which application threads were stopped: 0.0004750 seconds, Stopping threads took: 0.0000580 seconds
115.324: Application time: 0.0557530 seconds
115.324: [GC [PSYoungGen: 14847K->384K(15872K)] 23890K->9426K(48640K), 0.0003880 secs] [Times: user=0.00 sys=0.00, real=0.00 secs] 
115.324: Total time for which application threads were stopped: 0.0005050 seconds, Stopping threads took: 0.0000540 seconds
115.374: Application time: 0.0496430 seconds
115.374: [GC [PSYoungGen: 15230K->544K(15872K)] 24273K->9594K(48640K), 0.0004160 secs] [Times: user=0.00 sys=0.00, real=0.00 secs] 
115.375: Total time for which application threads were stopped: 0.0005340 seconds, Stopping threads took: 0.0000570 seconds
115.426: Application time: 0.0512660 seconds
115.426: [GC [PSYoungGen: 15387K->704K(15360K)] 24438K->9818K(48128K), 0.0004650 secs] [Times: user=0.00 sys=0.00, real=0.00 secs] 
115.426: Total time for which application threads were stopped: 0.0005870 seconds, Stopping threads took: 0.0000600 seconds
115.489: Application time: 0.0624440 seconds
115.489: [GC [PSYoungGen: 15036K->384K(14848K)] 24151K->9759K(47616K), 0.0004620 secs] [Times: user=0.00 sys=0.00, real=0.00 secs] 
115.489: Total time for which application threads were stopped: 0.0005810 seconds, Stopping threads took: 0.0000550 seconds
115.552: Application time: 0.0625580 seconds
115.552: [GC [PSYoungGen: 14716K->0K(15360K)] 24091K->9587K(48128K), 0.0003890 secs] [Times: user=0.00 sys=0.00, real=0.00 secs] 
115.552: Total time for which application threads were stopped: 0.0005230 seconds, Stopping threads took: 0.0000740 seconds
115.597: Application time: 0.0443390 seconds
115.597: [GC [PSYoungGen: 14333K->544K(15360K)] 23921K->10131K(48128K), 0.0004160 secs] [Times: user=0.01 sys=0.00, real=0.00 secs] 
115.597: Total time for which application threads were stopped: 0.0005330 seconds, Stopping threads took: 0.0000440 seconds
115.639: Application time: 0.0413890 seconds
115.639: [GC [PSYoungGen: 14877K->576K(14848K)] 24465K->10219K(47616K), 0.0004390 secs] [Times: user=0.00 sys=0.00, real=0.00 secs] 
115.639: Total time for which application threads were stopped: 0.0005510 seconds, Stopping threads took: 0.0000490 seconds
115.697: Application time: 0.0578900 seconds
115.697: [GC [PSYoungGen: 14397K->512K(14848K)] 24040K->10211K(47616K), 0.0004870 secs] [Times: user=0.00 sys=0.00, real=0.00 secs] 
115.698: Total time for which application threads were stopped: 0.0006220 seconds, Stopping threads took: 0.0000740 seconds
115.757: Application time: 0.0589730 seconds
115.757: [GC [PSYoungGen: 14332K->352K(14848K)] 24032K->10464K(47616K), 0.0004540 secs] [Times: user=0.00 sys=0.00, real=0.00 secs] 
115.757: Total time for which application threads were stopped: 0.0005660 seconds, Stopping threads took: 0.0000540 seconds
115.816: Application time: 0.0589530 seconds
115.816: [GC [PSYoungGen: 14175K->384K(14848K)] 24288K->10725K(47616K), 0.0004450 secs] [Times: user=0.01 sys=0.00, real=0.00 secs] 
115.817: Total time for which application threads were stopped: 0.0005670 seconds, Stopping threads took: 0.0000630 seconds
115.875: Application time: 0.0581740 seconds
115.875: [GC [PSYoungGen: 14205K->320K(14848K)] 24546K->10881K(47616K), 0.0004120 secs] [Times: user=0.00 sys=0.00, real=0.00 secs] 
115.876: Total time for which application threads were stopped: 0.0005240 seconds, Stopping threads took: 0.0000460 seconds
115.920: Application time: 0.0440180 seconds
115.920: [GC [PSYoungGen: 14143K->320K(14848K)] 24705K->10897K(47616K), 0.0004270 secs] [Times: user=0.00 sys=0.00, real=0.01 secs] 
115.920: Total time for which application threads were stopped: 0.0005360 seconds, Stopping threads took: 0.0000500 seconds
115.979: Application time: 0.0592650 seconds
115.979: [GC [PSYoungGen: 14143K->352K(14848K)] 24721K->10985K(47616K), 0.0004400 secs] [Times: user=0.00 sys=0.00, real=0.01 secs] 
115.980: Total time for which application threads were stopped: 0.0005550 seconds, Stopping threads took: 0.0000550 seconds
116.031: Application time: 0.0515190 seconds
116.032: [GC [PSYoungGen: 14175K->928K(14848K)] 24809K->11782K(47616K), 0.0005130 secs] [Times: user=0.00 sys=0.00, real=0.01 secs] 
116.032: Total time for which application threads were stopped: 0.0006370 seconds, Stopping threads took: 0.0000640 seconds
116.065: Application time: 0.0333080 seconds
116.066: [GC [PSYoungGen: 14748K->544K(14848K)] 25602K->11799K(47616K), 0.0004910 secs] [Times: user=0.00 sys=0.00, real=0.00 secs] 
116.066: Total time for which application threads were stopped: 0.0006070 seconds, Stopping threads took: 0.0000560 seconds
116.119: Application time: 0.0531360 seconds
116.119: [GC [PSYoungGen: 14365K->544K(14848K)] 25620K->11855K(47616K), 0.0004310 secs] [Times: user=0.01 sys=0.00, real=0.01 secs] 
116.120: Total time for which application threads were stopped: 0.0005560 seconds, Stopping threads took: 0.0000520 seconds
116.168: Application time: 0.0487630 seconds
116.169: [GC [PSYoungGen: 14365K->672K(14848K)] 25676K->11999K(47616K), 0.0005030 secs] [Times: user=0.00 sys=0.00, real=0.00 secs] 
116.169: Total time for which application threads were stopped: 0.0006270 seconds, Stopping threads took: 0.0000630 seconds
116.219: Application time: 0.0502290 seconds
116.219: [GC [PSYoungGen: 14495K->352K(14848K)] 25822K->12091K(47616K), 0.0004440 secs] [Times: user=0.00 sys=0.00, real=0.01 secs] 
116.220: Total time for which application threads were stopped: 0.0005580 seconds, Stopping threads took: 0.0000520 seconds
116.279: Application time: 0.0588210 seconds
116.279: [GC [PSYoungGen: 14175K->352K(14848K)] 25915K->12115K(47616K), 0.0003780 secs] [Times: user=0.00 sys=0.00, real=0.00 secs] 
116.279: Total time for which application threads were stopped: 0.0004890 seconds, Stopping threads took: 0.0000530 seconds
116.338: Application time: 0.0586280 seconds
116.338: [GC [PSYoungGen: 14172K->320K(14848K)] 25936K->12288K(47616K), 0.0004100 secs] [Times: user=0.00 sys=0.00, real=0.00 secs] 
116.338: Total time for which application threads were stopped: 0.0005210 seconds, Stopping threads took: 0.0000500 seconds
116.399: Application time: 0.0605620 seconds
116.399: [GC [PSYoungGen: 14143K->0K(14848K)] 26112K->12192K(47616K), 0.0003960 secs] [Times: user=0.00 sys=0.00, real=0.00 secs] 
116.399: Total time for which application threads were stopped: 0.0005110 seconds, Stopping threads took: 0.0000510 seconds
116.459: Application time: 0.0590570 seconds
116.459: [GC [PSYoungGen: 13822K->480K(14848K)] 26015K->12672K(47616K), 0.0004270 secs] [Times: user=0.00 sys=0.00, real=0.00 secs] 
116.459: Total time for which application threads were stopped: 0.0005250 seconds, Stopping threads took: 0.0000360 seconds
116.518: Application time: 0.0588060 seconds
116.520: [GC [PSYoungGen: 14303K->512K(14848K)] 26496K->12728K(47616K), 0.0004470 secs] [Times: user=0.00 sys=0.00, real=0.00 secs] 
116.521: Total time for which application threads were stopped: 0.0034810 seconds, Stopping threads took: 0.0018790 seconds
116.581: Application time: 0.0600220 seconds
116.581: [GC [PSYoungGen: 14334K->384K(14848K)] 26550K->13045K(47616K), 0.0004540 secs] [Times: user=0.00 sys=0.00, real=0.00 secs] 
116.582: Total time for which application threads were stopped: 0.0005760 seconds, Stopping threads took: 0.0000620 seconds
116.642: Application time: 0.0604670 seconds
116.643: [GC [PSYoungGen: 14207K->352K(14848K)] 26868K->13069K(47616K), 0.0004210 secs] [Times: user=0.00 sys=0.00, real=0.00 secs] 
116.643: Total time for which application threads were stopped: 0.0005650 seconds, Stopping threads took: 0.0000760 seconds
116.704: Application time: 0.0613130 seconds
116.704: [GC [PSYoungGen: 14171K->0K(14848K)] 26888K->12933K(47616K), 0.0004050 secs] [Times: user=0.00 sys=0.00, real=0.00 secs] 
116.705: Total time for which application threads were stopped: 0.0005340 seconds, Stopping threads took: 0.0000670 seconds
116.766: Application time: 0.0614780 seconds
116.766: [GC [PSYoungGen: 13819K->0K(14848K)] 26752K->12933K(47616K), 0.0003510 secs] [Times: user=0.00 sys=0.00, real=0.00 secs] 
116.767: Total time for which application threads were stopped: 0.0004580 seconds, Stopping threads took: 0.0000490 seconds
116.828: Application time: 0.0614040 seconds
116.828: [GC [PSYoungGen: 13821K->0K(14848K)] 26754K->12933K(47616K), 0.0003330 secs] [Times: user=0.00 sys=0.00, real=0.00 secs] 
116.829: Total time for which application threads were stopped: 0.0004460 seconds, Stopping threads took: 0.0000520 seconds
116.890: Application time: 0.0614760 seconds
116.890: [GC [PSYoungGen: 13819K->0K(14848K)] 26752K->12933K(47616K), 0.0004300 secs] [Times: user=0.00 sys=0.00, real=0.00 secs] 
116.891: Total time for which application threads were stopped: 0.0005350 seconds, Stopping threads took: 0.0000450 seconds
116.952: Application time: 0.0613360 seconds
116.952: [GC [PSYoungGen: 13819K->0K(14848K)] 26752K->12933K(47616K), 0.0003280 secs] [Times: user=0.00 sys=0.00, real=0.00 secs] 
116.952: Total time for which application threads were stopped: 0.0004480 seconds, Stopping threads took: 0.0000590 seconds
117.012: Application time: 0.0600550 seconds
117.013: [GC [PSYoungGen: 13822K->288K(14848K)] 26755K->13221K(47616K), 0.0004330 secs] [Times: user=0.00 sys=0.00, real=0.00 secs] 
117.013: Total time for which application threads were stopped: 0.0005540 seconds, Stopping threads took: 0.0000610 seconds
117.057: Application time: 0.0435360 seconds
117.057: [GC [PSYoungGen: 14107K->384K(14848K)] 27040K->13333K(47616K), 0.0004030 secs] [Times: user=0.01 sys=0.00, real=0.00 secs] 
117.057: Total time for which application threads were stopped: 0.0005180 seconds, Stopping threads took: 0.0000500 seconds
117.102: Application time: 0.0445380 seconds
117.102: [GC [PSYoungGen: 14205K->352K(14848K)] 27155K->13529K(47616K), 0.0004290 secs] [Times: user=0.00 sys=0.00, real=0.00 secs] 
117.102: Total time for which application threads were stopped: 0.0005540 seconds, Stopping threads took: 0.0000640 seconds
117.158: Application time: 0.0561560 seconds
117.158: [GC [PSYoungGen: 14175K->544K(14848K)] 27353K->13777K(47616K), 0.0004470 secs] [Times: user=0.00 sys=0.00, real=0.00 secs] 
117.159: Total time for which application threads were stopped: 0.0005810 seconds, Stopping threads took: 0.0000610 seconds
117.219: Application time: 0.0595980 seconds
117.219: [GC [PSYoungGen: 14365K->384K(14848K)] 27598K->13873K(47616K), 0.0003980 secs] [Times: user=0.00 sys=0.00, real=0.00 secs] 
117.219: Total time for which application threads were stopped: 0.0005120 seconds, Stopping threads took: 0.0000530 seconds
117.280: Application time: 0.0605420 seconds
117.280: [GC [PSYoungGen: 14207K->0K(14848K)] 27697K->13705K(47616K), 0.0003990 secs] [Times: user=0.00 sys=0.00, real=0.01 secs] 
117.280: Total time for which application threads were stopped: 0.0005310 seconds, Stopping threads took: 0.0000720 seconds
117.322: Application time: 0.0418150 seconds
117.322: [GC [PSYoungGen: 13820K->544K(14848K)] 27526K->14249K(47616K), 0.0004180 secs] [Times: user=0.00 sys=0.00, real=0.00 secs] 
117.322: Total time for which application threads were stopped: 0.0005290 seconds, Stopping threads took: 0.0000500 seconds
117.362: Application time: 0.0394020 seconds
117.362: [GC [PSYoungGen: 14367K->512K(14848K)] 28073K->14265K(47616K), 0.0004830 secs] [Times: user=0.01 sys=0.00, real=0.00 secs] 
117.362: Total time for which application threads were stopped: 0.0006050 seconds, Stopping threads took: 0.0000630 seconds
117.421: Application time: 0.0584640 seconds
117.421: [GC [PSYoungGen: 14333K->352K(14848K)] 28087K->14361K(47616K), 0.0004370 secs] [Times: user=0.00 sys=0.00, real=0.00 secs] 
117.421: Total time for which application threads were stopped: 0.0005480 seconds, Stopping threads took: 0.0000470 seconds
117.480: Application time: 0.0582070 seconds
117.480: [GC [PSYoungGen: 14174K->576K(14848K)] 28184K->14806K(47616K), 0.0004590 secs] [Times: user=0.00 sys=0.00, real=0.00 secs] 
117.480: Total time for which application threads were stopped: 0.0005670 seconds, Stopping threads took: 0.0000490 seconds
117.539: Application time: 0.0590050 seconds
117.539: [GC [PSYoungGen: 14399K->320K(14848K)] 28630K->14966K(47616K), 0.0005310 secs] [Times: user=0.00 sys=0.00, real=0.01 secs] 
117.540: Total time for which application threads were stopped: 0.0006380 seconds, Stopping threads took: 0.0000470 seconds
117.592: Application time: 0.0518370 seconds
117.592: [GC [PSYoungGen: 14141K->352K(14848K)] 28788K->15214K(47616K), 0.0004590 secs] [Times: user=0.00 sys=0.00, real=0.00 secs] 
117.592: Total time for which application threads were stopped: 0.0005700 seconds, Stopping threads took: 0.0000520 seconds
117.642: Application time: 0.0497560 seconds
117.642: [GC [PSYoungGen: 14173K->288K(14848K)] 29036K->15158K(47616K), 0.0004410 secs] [Times: user=0.00 sys=0.00, real=0.00 secs] 
117.643: Total time for which application threads were stopped: 0.0005530 seconds, Stopping threads took: 0.0000520 seconds
117.702: Application time: 0.0591870 seconds
117.702: [GC [PSYoungGen: 14111K->320K(14848K)] 28982K->15254K(47616K), 0.0004130 secs] [Times: user=0.00 sys=0.00, real=0.00 secs] 
117.702: Total time for which application threads were stopped: 0.0005380 seconds, Stopping threads took: 0.0000580 seconds
117.756: Application time: 0.0531770 seconds
117.756: [GC [PSYoungGen: 14142K->928K(14848K)] 29077K->16075K(47616K), 0.0005190 secs] [Times: user=0.00 sys=0.00, real=0.00 secs] 
117.756: Total time for which application threads were stopped: 0.0006300 seconds, Stopping threads took: 0.0000500 seconds
117.790: Application time: 0.0334140 seconds
117.790: [GC [PSYoungGen: 14748K->480K(14848K)] 29895K->16044K(47616K), 0.0005820 secs] [Times: user=0.00 sys=0.00, real=0.00 secs] 
117.790: Total time for which application threads were stopped: 0.0006970 seconds, Stopping threads took: 0.0000530 seconds
117.842: Application time: 0.0518740 seconds
117.842: [GC [PSYoungGen: 14299K->512K(14848K)] 29863K->16132K(47616K), 0.0004040 secs] [Times: user=0.00 sys=0.00, real=0.00 secs] 
117.843: Total time for which application threads were stopped: 0.0005190 seconds, Stopping threads took: 0.0000550 seconds
117.886: Application time: 0.0430140 seconds
117.886: [GC [PSYoungGen: 14333K->704K(14848K)] 29953K->16340K(47616K), 0.0004500 secs] [Times: user=0.01 sys=0.00, real=0.00 secs] 
117.886: Total time for which application threads were stopped: 0.0005590 seconds, Stopping threads took: 0.0000480 seconds
117.943: Application time: 0.0565780 seconds
117.943: [GC [PSYoungGen: 14527K->352K(14336K)] 30163K->16392K(47104K), 0.0004690 secs] [Times: user=0.00 sys=0.00, real=0.00 secs] 
117.943: Total time for which application threads were stopped: 0.0005970 seconds, Stopping threads took: 0.0000650 seconds
118.002: Application time: 0.0587210 seconds
118.002: [GC [PSYoungGen: 14172K->512K(14848K)] 30213K->16576K(47616K), 0.0004210 secs] [Times: user=0.00 sys=0.00, real=0.00 secs] 
118.003: Total time for which application threads were stopped: 0.0005340 seconds, Stopping threads took: 0.0000530 seconds
118.063: Application time: 0.0600650 seconds
118.063: [GC [PSYoungGen: 14333K->256K(14336K)] 30398K->16533K(47104K), 0.0004500 secs] [Times: user=0.00 sys=0.00, real=0.00 secs] 
118.063: Total time for which application threads were stopped: 0.0005750 seconds, Stopping threads took: 0.0000630 seconds
118.124: Application time: 0.0610340 seconds
118.124: [GC [PSYoungGen: 14077K->0K(14848K)] 30354K->16517K(47616K), 0.0004110 secs] [Times: user=0.01 sys=0.00, real=0.00 secs] 
118.125: Total time for which application threads were stopped: 0.0005310 seconds, Stopping threads took: 0.0000520 seconds
118.184: Application time: 0.0591200 seconds
118.184: [GC [PSYoungGen: 13821K->480K(14336K)] 30338K->16997K(47104K), 0.0004660 secs] [Times: user=0.00 sys=0.00, real=0.00 secs] 
118.185: Total time for which application threads were stopped: 0.0005830 seconds, Stopping threads took: 0.0000590 seconds
118.244: Application time: 0.0593420 seconds
118.248: [GC [PSYoungGen: 14303K->544K(14848K)] 30820K->17077K(47616K), 0.0005520 secs] [Times: user=0.00 sys=0.00, real=0.00 secs] 
118.248: Total time for which application threads were stopped: 0.0044440 seconds, Stopping threads took: 0.0038220 seconds
118.309: Application time: 0.0601520 seconds
118.309: [GC [PSYoungGen: 14368K->352K(14336K)] 30901K->17330K(47104K), 0.0004990 secs] [Times: user=0.00 sys=0.00, real=0.00 secs] 
118.309: Total time for which application threads were stopped: 0.0006120 seconds, Stopping threads took: 0.0000510 seconds
118.371: Application time: 0.0622410 seconds
118.371: [GC [PSYoungGen: 14173K->0K(14848K)] 31151K->17239K(47616K), 0.0004190 secs] [Times: user=0.00 sys=0.00, real=0.01 secs] 
118.372: Total time for which application threads were stopped: 0.0005420 seconds, Stopping threads took: 0.0000580 seconds
118.435: Application time: 0.0634450 seconds
118.435: [GC [PSYoungGen: 13823K->0K(14336K)] 31062K->17239K(47104K), 0.0004010 secs] [Times: user=0.00 sys=0.00, real=0.00 secs] 
118.436: Total time for which application threads were stopped: 0.0005160 seconds, Stopping threads took: 0.0000540 seconds
118.498: Application time: 0.0621930 seconds
118.498: [GC [PSYoungGen: 13823K->0K(14848K)] 31062K->17239K(47616K), 0.0003680 secs] [Times: user=0.00 sys=0.00, real=0.00 secs] 
118.499: Total time for which application threads were stopped: 0.0004900 seconds, Stopping threads took: 0.0000620 seconds
118.561: Application time: 0.0627640 seconds
118.561: [GC [PSYoungGen: 13824K->0K(14848K)] 31063K->17239K(47616K), 0.0003580 secs] [Times: user=0.00 sys=0.00, real=0.00 secs] 
118.562: Total time for which application threads were stopped: 0.0004800 seconds, Stopping threads took: 0.0000620 seconds
118.624: Application time: 0.0621430 seconds
118.624: [GC [PSYoungGen: 13821K->0K(14848K)] 31060K->17239K(47616K), 0.0004130 secs] [Times: user=0.00 sys=0.00, real=0.00 secs] 
118.624: Total time for which application threads were stopped: 0.0005210 seconds, Stopping threads took: 0.0000450 seconds
118.686: Application time: 0.0618530 seconds
118.686: [GC [PSYoungGen: 13823K->0K(14848K)] 31062K->17239K(47616K), 0.0003620 secs] [Times: user=0.00 sys=0.00, real=0.00 secs] 
118.687: Total time for which application threads were stopped: 0.0004800 seconds, Stopping threads took: 0.0000580 seconds
118.743: Application time: 0.0560340 seconds
118.743: [GC [PSYoungGen: 13819K->384K(14848K)] 31058K->17623K(47616K), 0.0004110 secs] [Times: user=0.00 sys=0.00, real=0.00 secs] 
118.743: Total time for which application threads were stopped: 0.0005130 seconds, Stopping threads took: 0.0000450 seconds
118.787: Application time: 0.0439140 seconds
118.787: [GC [PSYoungGen: 14205K->480K(14848K)] 31444K->17727K(47616K), 0.0004250 secs] [Times: user=0.00 sys=0.00, real=0.00 secs] 
118.788: Total time for which application threads were stopped: 0.0005560 seconds, Stopping threads took: 0.0000610 seconds
118.833: Application time: 0.0452460 seconds
118.833: [GC [PSYoungGen: 14299K->384K(14848K)] 31546K->17859K(47616K), 0.0004300 secs] [Times: user=0.00 sys=0.00, real=0.00 secs] 
118.834: Total time for which application threads were stopped: 0.0005440 seconds, Stopping threads took: 0.0000550 seconds
118.892: Application time: 0.0586660 seconds
118.892: [GC [PSYoungGen: 14205K->512K(14848K)] 31681K->18051K(47616K), 0.0004260 secs] [Times: user=0.00 sys=0.00, real=0.00 secs] 
118.893: Total time for which application threads were stopped: 0.0005410 seconds, Stopping threads took: 0.0000520 seconds
118.954: Application time: 0.0614130 seconds
118.954: [GC [PSYoungGen: 14335K->0K(14848K)] 31875K->17979K(47616K), 0.0004460 secs] [Times: user=0.00 sys=0.00, real=0.00 secs] 
118.955: Total time for which application threads were stopped: 0.0005580 seconds, Stopping threads took: 0.0000500 seconds
119.016: Application time: 0.0616390 seconds
119.017: [GC [PSYoungGen: 13821K->0K(14848K)] 31801K->17979K(47616K), 0.0004060 secs] [Times: user=0.00 sys=0.00, real=0.00 secs] 
119.017: Total time for which application threads were stopped: 0.0005450 seconds, Stopping threads took: 0.0000810 seconds
119.066: Application time: 0.0485160 seconds
119.066: [GC [PSYoungGen: 13820K->512K(14848K)] 31800K->18491K(47616K), 0.0004700 secs] [Times: user=0.00 sys=0.00, real=0.00 secs] 
119.066: Total time for which application threads were stopped: 0.0005710 seconds, Stopping threads took: 0.0000440 seconds
119.103: Application time: 0.0366920 seconds
119.103: [GC [PSYoungGen: 14334K->512K(14848K)] 32313K->18555K(47616K), 0.0004650 secs] [Times: user=0.00 sys=0.00, real=0.00 secs] 
119.103: Total time for which application threads were stopped: 0.0005760 seconds, Stopping threads took: 0.0000490 seconds
119.158: Application time: 0.0545750 seconds
119.158: [GC [PSYoungGen: 14332K->720K(14848K)] 32376K->18771K(47616K), 0.0004640 secs] [Times: user=0.00 sys=0.00, real=0.00 secs] 
119.159: Total time for which application threads were stopped: 0.0005990 seconds, Stopping threads took: 0.0000770 seconds
119.216: Application time: 0.0578520 seconds
119.217: [GC [PSYoungGen: 14542K->704K(14336K)] 32594K->19008K(47104K), 0.0005130 secs] [Times: user=0.00 sys=0.00, real=0.00 secs] 
119.217: Total time for which application threads were stopped: 0.0006380 seconds, Stopping threads took: 0.0000670 seconds
119.275: Application time: 0.0577000 seconds
119.275: [GC [PSYoungGen: 14012K->320K(14848K)] 32316K->19045K(47616K), 0.0004740 secs] [Times: user=0.00 sys=0.00, real=0.00 secs] 
119.275: Total time for which application threads were stopped: 0.0006110 seconds, Stopping threads took: 0.0000770 seconds
119.326: Application time: 0.0504930 seconds
119.326: [GC [PSYoungGen: 13629K->352K(13824K)] 32354K->19297K(46592K), 0.0005050 secs] [Times: user=0.00 sys=0.00, real=0.00 secs] 
119.326: Total time for which application threads were stopped: 0.0006240 seconds, Stopping threads took: 0.0000470 seconds
119.374: Application time: 0.0472410 seconds
119.376: [GC [PSYoungGen: 13663K->352K(14336K)] 32609K->19313K(47104K), 0.0004820 secs] [Times: user=0.00 sys=0.00, real=0.00 secs] 
119.376: Total time for which application threads were stopped: 0.0025510 seconds, Stopping threads took: 0.0020080 seconds
119.434: Application time: 0.0574080 seconds
119.434: [GC [PSYoungGen: 13663K->352K(14336K)] 32624K->19361K(47104K), 0.0004230 secs] [Times: user=0.01 sys=0.00, real=0.00 secs] 
119.434: Total time for which application threads were stopped: 0.0005440 seconds, Stopping threads took: 0.0000600 seconds
119.487: Application time: 0.0525640 seconds
119.487: [GC [PSYoungGen: 13660K->544K(14336K)] 32670K->19766K(47104K), 0.0004460 secs] [Times: user=0.00 sys=0.00, real=0.00 secs] 
119.487: Total time for which application threads were stopped: 0.0005700 seconds, Stopping threads took: 0.0000640 seconds
119.519: Application time: 0.0317740 seconds
119.519: [GC [PSYoungGen: 13855K->704K(14336K)] 33078K->20130K(47104K), 0.0005180 secs] [Times: user=0.00 sys=0.00, real=0.01 secs] 
119.520: Total time for which application threads were stopped: 0.0006290 seconds, Stopping threads took: 0.0000520 seconds
119.565: Application time: 0.0453100 seconds
119.565: [GC [PSYoungGen: 14015K->704K(14336K)] 33442K->20375K(47104K), 0.0004920 secs] [Times: user=0.00 sys=0.00, real=0.00 secs] 
119.566: Total time for which application threads were stopped: 0.0005940 seconds, Stopping threads took: 0.0000460 seconds
119.606: Application time: 0.0398400 seconds
119.606: [GC [PSYoungGen: 14013K->704K(16896K)] 33685K->20407K(49664K), 0.0004330 secs] [Times: user=0.00 sys=0.00, real=0.00 secs] 
119.606: Total time for which application threads were stopped: 0.0005590 seconds, Stopping threads took: 0.0000610 seconds
119.672: Application time: 0.0663640 seconds
119.673: [GC [PSYoungGen: 16573K->352K(16384K)] 36276K->20472K(49152K), 0.0004560 secs] [Times: user=0.00 sys=0.00, real=0.00 secs] 
119.673: Total time for which application threads were stopped: 0.0005810 seconds, Stopping threads took: 0.0000640 seconds
119.741: Application time: 0.0677160 seconds
119.741: [GC [PSYoungGen: 16222K->512K(16896K)] 36342K->20648K(49664K), 0.0004060 secs] [Times: user=0.00 sys=0.00, real=0.00 secs] 
119.741: Total time for which application threads were stopped: 0.0005290 seconds, Stopping threads took: 0.0000610 seconds
119.810: Application time: 0.0685880 seconds
119.810: [GC [PSYoungGen: 16381K->224K(16896K)] 36518K->20564K(49664K), 0.0004710 secs] [Times: user=0.00 sys=0.00, real=0.00 secs] 
119.810: Total time for which application threads were stopped: 0.0005870 seconds, Stopping threads took: 0.0000540 seconds
119.880: Application time: 0.0696200 seconds
119.880: [GC [PSYoungGen: 16093K->0K(16896K)] 36434K->20572K(49664K), 0.0003910 secs] [Times: user=0.00 sys=0.00, real=0.00 secs] 
119.881: Total time for which application threads were stopped: 0.0005250 seconds, Stopping threads took: 0.0000610 seconds
119.947: Application time: 0.0659190 seconds
119.947: [GC [PSYoungGen: 15869K->544K(16896K)] 36442K->21116K(49664K), 0.0004330 secs] [Times: user=0.00 sys=0.00, real=0.00 secs] 
119.947: Total time for which application threads were stopped: 0.0005480 seconds, Stopping threads took: 0.0000550 seconds
120.015: Application time: 0.0678120 seconds
120.015: [GC [PSYoungGen: 16411K->352K(16896K)] 36984K->21374K(49664K), 0.0004780 secs] [Times: user=0.00 sys=0.00, real=0.00 secs] 
120.015: Total time for which application threads were stopped: 0.0005960 seconds, Stopping threads took: 0.0000570 seconds
120.086: Application time: 0.0704050 seconds
120.086: [GC [PSYoungGen: 16219K->0K(16896K)] 37241K->21262K(49664K), 0.0004340 secs] [Times: user=0.00 sys=0.00, real=0.00 secs] 
120.086: Total time for which application threads were stopped: 0.0005620 seconds, Stopping threads took: 0.0000670 seconds
120.157: Application time: 0.0706320 seconds
120.157: [GC [PSYoungGen: 15867K->0K(16896K)] 37130K->21262K(49664K), 0.0004080 secs] [Times: user=0.00 sys=0.00, real=0.00 secs] 
120.158: Total time for which application threads were stopped: 0.0005320 seconds, Stopping threads took: 0.0000630 seconds
120.228: Application time: 0.0705280 seconds
120.228: [GC [PSYoungGen: 15867K->0K(16896K)] 37130K->21262K(49664K), 0.0003560 secs] [Times: user=0.00 sys=0.00, real=0.00 secs] 
120.229: Total time for which application threads were stopped: 0.0004760 seconds, Stopping threads took: 0.0000580 seconds
120.299: Application time: 0.0705310 seconds
120.299: [GC [PSYoungGen: 15867K->0K(16896K)] 37130K->21262K(49664K), 0.0004040 secs] [Times: user=0.01 sys=0.00, real=0.00 secs] 
120.300: Total time for which application threads were stopped: 0.0005180 seconds, Stopping threads took: 0.0000500 seconds
120.370: Application time: 0.0704620 seconds
120.370: [GC [PSYoungGen: 15867K->0K(16896K)] 37130K->21262K(49664K), 0.0003990 secs] [Times: user=0.00 sys=0.00, real=0.00 secs] 
120.371: Total time for which application threads were stopped: 0.0005220 seconds, Stopping threads took: 0.0000640 seconds
120.441: Application time: 0.0705700 seconds
120.441: [GC [PSYoungGen: 15867K->0K(16896K)] 37130K->21262K(49664K), 0.0003890 secs] [Times: user=0.00 sys=0.00, real=0.00 secs] 
120.442: Total time for which application threads were stopped: 0.0005160 seconds, Stopping threads took: 0.0000540 seconds
120.490: Application time: 0.0484610 seconds
120.490: [GC [PSYoungGen: 15772K->352K(16896K)] 37035K->21614K(49664K), 0.0006040 secs] [Times: user=0.00 sys=0.00, real=0.00 secs] 
120.491: Total time for which application threads were stopped: 0.0007300 seconds, Stopping threads took: 0.0000670 seconds
120.542: Application time: 0.0515360 seconds
120.543: [GC [PSYoungGen: 16220K->448K(16896K)] 37483K->21787K(49664K), 0.0005320 secs] [Times: user=0.00 sys=0.00, real=0.00 secs] 
120.543: Total time for which application threads were stopped: 0.0006490 seconds, Stopping threads took: 0.0000550 seconds
120.610: Application time: 0.0670110 seconds
120.610: [GC [PSYoungGen: 16319K->512K(16896K)] 37659K->22035K(49664K), 0.0004810 secs] [Times: user=0.01 sys=0.00, real=0.00 secs] 
120.611: Total time for which application threads were stopped: 0.0005990 seconds, Stopping threads took: 0.0000550 seconds
120.681: Application time: 0.0699910 seconds
120.681: [GC [PSYoungGen: 16379K->0K(16896K)] 37903K->21956K(49664K), 0.0005390 secs] [Times: user=0.00 sys=0.00, real=0.00 secs] 
120.681: Total time for which application threads were stopped: 0.0006520 seconds, Stopping threads took: 0.0000490 seconds
120.751: Application time: 0.0694340 seconds
120.751: [GC [PSYoungGen: 15869K->64K(16896K)] 37826K->22020K(49664K), 0.0004540 secs] [Times: user=0.00 sys=0.00, real=0.00 secs] 
120.751: Total time for which application threads were stopped: 0.0005730 seconds, Stopping threads took: 0.0000580 seconds
120.793: Application time: 0.0413490 seconds
120.793: [GC [PSYoungGen: 15931K->544K(16896K)] 37887K->22508K(49664K), 0.0004410 secs] [Times: user=0.00 sys=0.00, real=0.00 secs] 
120.793: Total time for which application threads were stopped: 0.0005400 seconds, Stopping threads took: 0.0000400 seconds
120.850: Application time: 0.0569700 seconds
120.850: [GC [PSYoungGen: 16414K->544K(16896K)] 38378K->22564K(49664K), 0.0004860 secs] [Times: user=0.00 sys=0.00, real=0.00 secs] 
120.851: Total time for which application threads were stopped: 0.0006070 seconds, Stopping threads took: 0.0000620 seconds
120.915: Application time: 0.0645650 seconds
120.916: [GC [PSYoungGen: 16414K->896K(16384K)] 38434K->22972K(49152K), 0.0005390 secs] [Times: user=0.00 sys=0.00, real=0.00 secs] 
120.916: Total time for which application threads were stopped: 0.0006640 seconds, Stopping threads took: 0.0000610 seconds
120.983: Application time: 0.0671010 seconds
120.983: [GC [PSYoungGen: 16255K->288K(16896K)] 38331K->22962K(49664K), 0.0005430 secs] [Times: user=0.01 sys=0.00, real=0.00 secs] 
120.984: Total time for which application threads were stopped: 0.0006660 seconds, Stopping threads took: 0.0000520 seconds
121.043: Application time: 0.0590770 seconds
121.043: [GC [PSYoungGen: 15644K->320K(15872K)] 38318K->23198K(48640K), 0.0004810 secs] [Times: user=0.00 sys=0.00, real=0.00 secs] 
121.044: Total time for which application threads were stopped: 0.0006130 seconds, Stopping threads took: 0.0000680 seconds
121.100: Application time: 0.0562420 seconds
121.100: [GC [PSYoungGen: 15679K->352K(16384K)] 38558K->23238K(49152K), 0.0004030 secs] [Times: user=0.00 sys=0.00, real=0.00 secs] 
121.100: Total time for which application threads were stopped: 0.0005120 seconds, Stopping threads took: 0.0000490 seconds
121.166: Application time: 0.0658900 seconds
121.166: [GC [PSYoungGen: 15709K->288K(16384K)] 38595K->23238K(49152K), 0.0004410 secs] [Times: user=0.01 sys=0.00, real=0.00 secs] 
121.167: Total time for which application threads were stopped: 0.0005590 seconds, Stopping threads took: 0.0000560 seconds
121.218: Application time: 0.0507980 seconds
121.218: [GC [PSYoungGen: 15647K->960K(16384K)] 38598K->24123K(49152K), 0.0005620 secs] [Times: user=0.00 sys=0.00, real=0.00 secs] 
121.218: Total time for which application threads were stopped: 0.0006750 seconds, Stopping threads took: 0.0000540 seconds
121.259: Application time: 0.0408110 seconds
121.259: [GC [PSYoungGen: 16316K->576K(16896K)] 39480K->24156K(49664K), 0.0005130 secs] [Times: user=0.00 sys=0.00, real=0.01 secs] 
121.260: Total time for which application threads were stopped: 0.0006300 seconds, Stopping threads took: 0.0000470 seconds
121.308: Application time: 0.0486590 seconds
121.309: [GC [PSYoungGen: 15934K->544K(16896K)] 39514K->24360K(49664K), 0.0005180 secs] [Times: user=0.01 sys=0.00, real=0.00 secs] 
121.309: Total time for which application threads were stopped: 0.0006820 seconds, Stopping threads took: 0.0000930 seconds
121.372: Application time: 0.0625040 seconds
121.372: [GC [PSYoungGen: 15902K->512K(16384K)] 39719K->24549K(49152K), 0.0004890 secs] [Times: user=0.00 sys=0.00, real=0.01 secs] 
121.372: Total time for which application threads were stopped: 0.0006100 seconds, Stopping threads took: 0.0000560 seconds
121.439: Application time: 0.0667810 seconds
121.439: [GC [PSYoungGen: 15869K->320K(15872K)] 39906K->24581K(48640K), 0.0004480 secs] [Times: user=0.00 sys=0.00, real=0.00 secs] 
121.440: Total time for which application threads were stopped: 0.0005650 seconds, Stopping threads took: 0.0000530 seconds
121.505: Application time: 0.0651090 seconds
121.505: [GC [PSYoungGen: 15676K->416K(16384K)] 39938K->24889K(49152K), 0.0004330 secs] [Times: user=0.00 sys=0.00, real=0.00 secs] 
121.505: Total time for which application threads were stopped: 0.0005810 seconds, Stopping threads took: 0.0000770 seconds
121.572: Application time: 0.0671240 seconds
121.572: [GC [PSYoungGen: 15773K->0K(16384K)] 40247K->24678K(49152K), 0.0005020 secs] [Times: user=0.00 sys=0.00, real=0.00 secs] 
121.574: Total time for which application threads were stopped: 0.0017150 seconds, Stopping threads took: 0.0000530 seconds
121.638: Application time: 0.0640890 seconds
121.638: [GC [PSYoungGen: 15357K->544K(16384K)] 40035K->25222K(49152K), 0.0004720 secs] [Times: user=0.00 sys=0.00, real=0.00 secs] 
121.639: Total time for which application threads were stopped: 0.0005800 seconds, Stopping threads took: 0.0000490 seconds
121.703: Application time: 0.0646660 seconds
121.704: [GC [PSYoungGen: 15815K->416K(16384K)] 40494K->25358K(49152K), 0.0004710 secs] [Times: user=0.00 sys=0.00, real=0.00 secs] 
121.704: Total time for which application threads were stopped: 0.0006010 seconds, Stopping threads took: 0.0000670 seconds
121.772: Application time: 0.0677180 seconds
121.772: [GC [PSYoungGen: 15775K->160K(16384K)] 40717K->25415K(49152K), 0.0004360 secs] [Times: user=0.00 sys=0.00, real=0.00 secs] 
121.772: Total time for which application threads were stopped: 0.0005620 seconds, Stopping threads took: 0.0000640 seconds
121.841: Application time: 0.0685900 seconds
121.841: [GC [PSYoungGen: 15517K->0K(16384K)] 40773K->25407K(49152K), 0.0003960 secs] [Times: user=0.00 sys=0.00, real=0.00 secs] 
121.841: Total time for which application threads were stopped: 0.0005070 seconds, Stopping threads took: 0.0000500 seconds
121.910: Application time: 0.0685140 seconds
121.910: [GC [PSYoungGen: 15357K->0K(16384K)] 40765K->25407K(49152K), 0.0003730 secs] [Times: user=0.00 sys=0.00, real=0.00 secs] 
121.910: Total time for which application threads were stopped: 0.0004940 seconds, Stopping threads took: 0.0000630 seconds
121.979: Application time: 0.0684820 seconds
121.979: [GC [PSYoungGen: 15357K->0K(16384K)] 40765K->25407K(49152K), 0.0004020 secs] [Times: user=0.00 sys=0.00, real=0.00 secs] 
121.979: Total time for which application threads were stopped: 0.0005180 seconds, Stopping threads took: 0.0000540 seconds
122.048: Application time: 0.0683620 seconds
122.048: [GC [PSYoungGen: 15357K->0K(16384K)] 40765K->25407K(49152K), 0.0004380 secs] [Times: user=0.00 sys=0.00, real=0.00 secs] 
122.048: Total time for which application threads were stopped: 0.0005590 seconds, Stopping threads took: 0.0000520 seconds
122.117: Application time: 0.0685490 seconds
122.117: [GC [PSYoungGen: 15357K->0K(16384K)] 40765K->25407K(49152K), 0.0003550 secs] [Times: user=0.00 sys=0.00, real=0.00 secs] 
122.117: Total time for which application threads were stopped: 0.0004760 seconds, Stopping threads took: 0.0000600 seconds
122.175: Application time: 0.0579030 seconds
122.175: [GC [PSYoungGen: 15356K->384K(16384K)] 40763K->25791K(49152K), 0.0004090 secs] [Times: user=0.00 sys=0.00, real=0.00 secs] 
122.176: Total time for which application threads were stopped: 0.0005250 seconds, Stopping threads took: 0.0000520 seconds
122.223: Application time: 0.0470580 seconds
122.223: [GC [PSYoungGen: 15742K->544K(16384K)] 41149K->25967K(49152K), 0.0004450 secs] [Times: user=0.00 sys=0.00, real=0.00 secs] 
122.223: Total time for which application threads were stopped: 0.0005550 seconds, Stopping threads took: 0.0000500 seconds
122.281: Application time: 0.0578120 seconds
122.281: [GC [PSYoungGen: 15902K->576K(16384K)] 41325K->26055K(49152K), 0.0004450 secs] [Times: user=0.01 sys=0.00, real=0.00 secs] 
122.282: Total time for which application threads were stopped: 0.0005590 seconds, Stopping threads took: 0.0000540 seconds
122.349: Application time: 0.0669170 seconds
122.349: [GC [PSYoungGen: 15935K->352K(16384K)] 41415K->26079K(49152K), 0.0004220 secs] [Times: user=0.00 sys=0.00, real=0.00 secs] 
122.349: Total time for which application threads were stopped: 0.0005310 seconds, Stopping threads took: 0.0000500 seconds
122.417: Application time: 0.0676410 seconds
122.417: [GC [PSYoungGen: 15709K->0K(16384K)] 41437K->25956K(49152K), 0.0004210 secs] [Times: user=0.00 sys=0.00, real=0.00 secs] 
122.417: Total time for which application threads were stopped: 0.0005630 seconds, Stopping threads took: 0.0000760 seconds
122.476: Application time: 0.0583600 seconds
122.476: [GC [PSYoungGen: 15357K->384K(16384K)] 41313K->26340K(49152K), 0.0004410 secs] [Times: user=0.00 sys=0.00, real=0.00 secs] 
122.476: Total time for which application threads were stopped: 0.0005430 seconds, Stopping threads took: 0.0000440 seconds
122.519: Application time: 0.0431040 seconds
122.520: [GC [PSYoungGen: 15742K->512K(16384K)] 41698K->26524K(49152K), 0.0004420 secs] [Times: user=0.00 sys=0.00, real=0.01 secs] 
122.520: Total time for which application threads were stopped: 0.0005570 seconds, Stopping threads took: 0.0000550 seconds
122.579: Application time: 0.0585500 seconds
122.579: [GC [PSYoungGen: 15871K->704K(16384K)] 41884K->26732K(49152K), 0.0005310 secs] [Times: user=0.00 sys=0.00, real=0.00 secs] 
122.579: Total time for which application threads were stopped: 0.0006620 seconds, Stopping threads took: 0.0000610 seconds
122.643: Application time: 0.0636870 seconds
122.643: [GC [PSYoungGen: 16060K->704K(15872K)] 42089K->26976K(48640K), 0.0005360 secs] [Times: user=0.00 sys=0.00, real=0.00 secs] 
122.644: Total time for which application threads were stopped: 0.0006510 seconds, Stopping threads took: 0.0000540 seconds
122.709: Application time: 0.0656430 seconds
122.709: [GC [PSYoungGen: 15551K->0K(16384K)] 41824K->26886K(49152K), 0.0005110 secs] [Times: user=0.00 sys=0.00, real=0.00 secs] 
122.710: Total time for which application threads were stopped: 0.0006330 seconds, Stopping threads took: 0.0000610 seconds
122.764: Application time: 0.0545830 seconds
122.765: [GC [PSYoungGen: 14843K->320K(15360K)] 41730K->27206K(48128K), 0.0004610 secs] [Times: user=0.00 sys=0.00, real=0.00 secs] 
122.765: Total time for which application threads were stopped: 0.0005820 seconds, Stopping threads took: 0.0000600 seconds
122.822: Application time: 0.0569170 seconds
122.822: [GC [PSYoungGen: 15165K->352K(15872K)] 42052K->27246K(48640K), 0.0004310 secs] [Times: user=0.00 sys=0.00, real=0.00 secs] 
122.822: Total time for which application threads were stopped: 0.0005520 seconds, Stopping threads took: 0.0000570 seconds
122.886: Application time: 0.0634480 seconds
122.886: [GC [PSYoungGen: 15197K->512K(15872K)] 42091K->27462K(48640K), 0.0004790 secs] [Times: user=0.01 sys=0.00, real=0.00 secs] 
122.887: Total time for which application threads were stopped: 0.0006060 seconds, Stopping threads took: 0.0000670 seconds
122.937: Application time: 0.0500590 seconds
122.937: [GC [PSYoungGen: 15358K->736K(15872K)] 42309K->27899K(48640K), 0.0004990 secs] [Times: user=0.00 sys=0.00, real=0.00 secs] 
122.937: Total time for which application threads were stopped: 0.0006350 seconds, Stopping threads took: 0.0000720 seconds
122.981: Application time: 0.0433320 seconds
122.981: [GC [PSYoungGen: 15582K->544K(15872K)] 42745K->28119K(48640K), 0.0005610 secs] [Times: user=0.00 sys=0.00, real=0.00 secs] 
122.981: Total time for which application threads were stopped: 0.0006790 seconds, Stopping threads took: 0.0000540 seconds
123.030: Application time: 0.0491740 seconds
123.031: [GC [PSYoungGen: 15390K->704K(15872K)] 42966K->28327K(48640K), 0.0004900 secs] [Times: user=0.00 sys=0.00, real=0.00 secs] 
123.031: Total time for which application threads were stopped: 0.0006210 seconds, Stopping threads took: 0.0000680 seconds
123.084: Application time: 0.0531850 seconds
123.084: [GC [PSYoungGen: 15549K->512K(15872K)] 43172K->28348K(48640K), 0.0004700 secs] [Times: user=0.00 sys=0.00, real=0.00 secs] 
123.085: Total time for which application threads were stopped: 0.0006090 seconds, Stopping threads took: 0.0000720 seconds
123.148: Application time: 0.0633930 seconds
123.148: [GC [PSYoungGen: 15356K->384K(15872K)] 43193K->28448K(48640K), 0.0004410 secs] [Times: user=0.00 sys=0.00, real=0.00 secs] 
123.149: Total time for which application threads were stopped: 0.0005590 seconds, Stopping threads took: 0.0000580 seconds
123.212: Application time: 0.0630250 seconds
123.212: [GC [PSYoungGen: 15228K->320K(15872K)] 43293K->28616K(48640K), 0.0004480 secs] [Times: user=0.01 sys=0.00, real=0.00 secs] 
123.212: Total time for which application threads were stopped: 0.0005540 seconds, Stopping threads took: 0.0000450 seconds
123.278: Application time: 0.0652270 seconds
123.278: [GC [PSYoungGen: 15165K->0K(15872K)] 43462K->28517K(48640K), 0.0004440 secs] [Times: user=0.00 sys=0.00, real=0.00 secs] 
123.278: Total time for which application threads were stopped: 0.0005590 seconds, Stopping threads took: 0.0000540 seconds
123.342: Application time: 0.0640530 seconds
123.342: [GC [PSYoungGen: 14844K->480K(15872K)] 43362K->28997K(48640K), 0.0004350 secs] [Times: user=0.01 sys=0.00, real=0.00 secs] 
123.343: Total time for which application threads were stopped: 0.0005580 seconds, Stopping threads took: 0.0000610 seconds
123.405: Application time: 0.0622410 seconds
123.405: [GC [PSYoungGen: 15325K->544K(15872K)] 43842K->29069K(48640K), 0.0004330 secs] [Times: user=0.01 sys=0.00, real=0.00 secs] 
123.406: Total time for which application threads were stopped: 0.0005410 seconds, Stopping threads took: 0.0000480 seconds
123.470: Application time: 0.0640070 seconds
123.470: [GC [PSYoungGen: 15391K->384K(15872K)] 43917K->29354K(48640K), 0.0004760 secs] [Times: user=0.00 sys=0.00, real=0.00 secs] 
123.470: Total time for which application threads were stopped: 0.0005910 seconds, Stopping threads took: 0.0000540 seconds
123.536: Application time: 0.0660500 seconds
123.536: [GC [PSYoungGen: 15231K->0K(15872K)] 44201K->29214K(48640K), 0.0004370 secs] [Times: user=0.00 sys=0.00, real=0.00 secs] 
123.537: Total time for which application threads were stopped: 0.0005610 seconds, Stopping threads took: 0.0000630 seconds
123.603: Application time: 0.0662800 seconds
123.603: [GC [PSYoungGen: 14847K->0K(15872K)] 44061K->29214K(48640K), 0.0003870 secs] [Times: user=0.00 sys=0.00, real=0.00 secs] 
123.604: Total time for which application threads were stopped: 0.0005170 seconds, Stopping threads took: 0.0000610 seconds
123.670: Application time: 0.0662800 seconds
123.670: [GC [PSYoungGen: 14847K->0K(15872K)] 44061K->29214K(48640K), 0.0003630 secs] [Times: user=0.00 sys=0.00, real=0.00 secs] 
123.670: Total time for which application threads were stopped: 0.0004780 seconds, Stopping threads took: 0.0000550 seconds
123.737: Application time: 0.0662390 seconds
123.737: [GC [PSYoungGen: 14847K->0K(15872K)] 44061K->29214K(48640K), 0.0003590 secs] [Times: user=0.00 sys=0.00, real=0.00 secs] 
123.737: Total time for which application threads were stopped: 0.0004730 seconds, Stopping threads took: 0.0000560 seconds
123.803: Application time: 0.0662650 seconds
123.803: [GC [PSYoungGen: 14847K->0K(15872K)] 44061K->29214K(48640K), 0.0004480 secs] [Times: user=0.00 sys=0.00, real=0.00 secs] 
123.804: Total time for which application threads were stopped: 0.0005660 seconds, Stopping threads took: 0.0000550 seconds
123.867: Application time: 0.0633560 seconds
123.867: [GC [PSYoungGen: 14847K->352K(15872K)] 44061K->29566K(48640K), 0.0004050 secs] [Times: user=0.01 sys=0.00, real=0.00 secs] 
123.868: Total time for which application threads were stopped: 0.0005300 seconds, Stopping threads took: 0.0000520 seconds
123.910: Application time: 0.0419950 seconds
123.910: [GC [PSYoungGen: 15199K->576K(15872K)] 44413K->29798K(48640K), 0.0004430 secs] [Times: user=0.00 sys=0.00, real=0.00 secs] 
123.910: Total time for which application threads were stopped: 0.0005490 seconds, Stopping threads took: 0.0000420 seconds
123.962: Application time: 0.0519480 seconds
123.962: [GC [PSYoungGen: 15422K->320K(15872K)] 44644K->29794K(48640K), 0.0004460 secs] [Times: user=0.00 sys=0.00, real=0.00 secs] 
123.963: Total time for which application threads were stopped: 0.0005520 seconds, Stopping threads took: 0.0000450 seconds
124.026: Application time: 0.0628830 seconds
124.026: [GC [PSYoungGen: 15165K->512K(15872K)] 44640K->30010K(48640K), 0.0004740 secs] [Times: user=0.01 sys=0.00, real=0.00 secs] 
124.026: Total time for which application threads were stopped: 0.0005940 seconds, Stopping threads took: 0.0000590 seconds
124.092: Application time: 0.0657080 seconds
124.092: [GC [PSYoungGen: 15359K->0K(15872K)] 44858K->29943K(48640K), 0.0004360 secs] [Times: user=0.00 sys=0.00, real=0.00 secs] 
124.093: Total time for which application threads were stopped: 0.0005560 seconds, Stopping threads took: 0.0000610 seconds
124.158: Application time: 0.0656360 seconds
124.160: [GC [PSYoungGen: 14847K->0K(15872K)] 44790K->29943K(48640K), 0.0004070 secs] [Times: user=0.00 sys=0.00, real=0.00 secs] 
124.160: Total time for which application threads were stopped: 0.0019710 seconds, Stopping threads took: 0.0014950 seconds
124.208: Application time: 0.0474070 seconds
124.208: [GC [PSYoungGen: 14844K->320K(15872K)] 44788K->30263K(48640K), 0.0005280 secs] [Times: user=0.00 sys=0.00, real=0.00 secs] 
124.208: Total time for which application threads were stopped: 0.0006540 seconds, Stopping threads took: 0.0000620 seconds
124.258: Application time: 0.0494260 seconds
124.258: [GC [PSYoungGen: 15164K->544K(15872K)] 45107K->30543K(48640K), 0.0004550 secs] [Times: user=0.01 sys=0.00, real=0.00 secs] 
124.258: Total time for which application threads were stopped: 0.0005660 seconds, Stopping threads took: 0.0000490 seconds
124.314: Application time: 0.0556850 seconds
124.314: [GC [PSYoungGen: 15389K->800K(15872K)] 45388K->30807K(48640K), 0.0004650 secs] [Times: user=0.00 sys=0.00, real=0.00 secs] 
124.315: Total time for which application threads were stopped: 0.0005720 seconds, Stopping threads took: 0.0000450 seconds
124.377: Application time: 0.0622110 seconds
124.377: [GC [PSYoungGen: 15645K->544K(15872K)] 45652K->31000K(48640K), 0.0005780 secs] [Times: user=0.00 sys=0.00, real=0.00 secs] 
124.377: Total time for which application threads were stopped: 0.0006900 seconds, Stopping threads took: 0.0000510 seconds
124.440: Application time: 0.0628270 seconds
124.440: [GC [PSYoungGen: 15387K->320K(15360K)] 45844K->31193K(48128K), 0.0004760 secs] [Times: user=0.00 sys=0.00, real=0.00 secs] 
124.441: Total time for which application threads were stopped: 0.0005860 seconds, Stopping threads took: 0.0000490 seconds
124.490: Application time: 0.0488800 seconds
124.490: [GC [PSYoungGen: 15166K->384K(15872K)] 46040K->31273K(48640K), 0.0004320 secs] [Times: user=0.00 sys=0.00, real=0.00 secs] 
124.490: Total time for which application threads were stopped: 0.0005440 seconds, Stopping threads took: 0.0000510 seconds
124.554: Application time: 0.0637350 seconds
124.556: [GC [PSYoungGen: 15228K->352K(15872K)] 46118K->31297K(48640K), 0.0004710 secs] [Times: user=0.01 sys=0.00, real=0.00 secs] 
124.556: Total time for which application threads were stopped: 0.0022720 seconds, Stopping threads took: 0.0017420 seconds
124.620: Application time: 0.0632690 seconds
124.620: [GC [PSYoungGen: 15198K->416K(15872K)] 46144K->31574K(48640K), 0.0004690 secs] [Times: user=0.00 sys=0.00, real=0.01 secs] 
124.620: Total time for which application threads were stopped: 0.0005690 seconds, Stopping threads took: 0.0000370 seconds
124.667: Application time: 0.0465330 seconds
124.667: [GC [PSYoungGen: 15261K->512K(15872K)] 46419K->31882K(48640K), 0.0005200 secs] [Times: user=0.00 sys=0.00, real=0.00 secs] 
124.667: Total time for which application threads were stopped: 0.0006500 seconds, Stopping threads took: 0.0000600 seconds
124.712: Application time: 0.0444100 seconds
124.712: [GC [PSYoungGen: 15358K->928K(15872K)] 46729K->32314K(48640K), 0.0005110 secs] [Times: user=0.00 sys=0.00, real=0.00 secs] 
124.712: Total time for which application threads were stopped: 0.0006240 seconds, Stopping threads took: 0.0000530 seconds
124.755: Application time: 0.0428710 seconds
124.755: [GC [PSYoungGen: 15773K->704K(15360K)] 47160K->32346K(48128K), 0.0005390 secs] [Times: user=0.00 sys=0.00, real=0.00 secs] 
124.756: Total time for which application threads were stopped: 0.0006820 seconds, Stopping threads took: 0.0000830 seconds
124.815: Application time: 0.0593350 seconds
124.815: [GC [PSYoungGen: 15039K->512K(15360K)] 46682K->32383K(48128K), 0.0005350 secs] [Times: user=0.00 sys=0.00, real=0.00 secs] 
124.816: Total time for which application threads were stopped: 0.0006520 seconds, Stopping threads took: 0.0000560 seconds
124.876: Application time: 0.0597270 seconds
124.876: [GC [PSYoungGen: 14846K->544K(15360K)] 46718K->32647K(48128K), 0.0004940 secs] [Times: user=0.00 sys=0.00, real=0.00 secs] 
124.876: Total time for which application threads were stopped: 0.0006110 seconds, Stopping threads took: 0.0000520 seconds
124.939: Application time: 0.0629560 seconds
124.939: [GC [PSYoungGen: 14877K->0K(15360K)] 46980K->32512K(48128K), 0.0004740 secs] [Times: user=0.00 sys=0.00, real=0.01 secs] 
124.940: [Full GC [PSYoungGen: 0K->0K(15360K)] [ParOldGen: 32512K->4393K(32256K)] 32512K->4393K(47616K) [PSPermGen: 5545K->5545K(21504K)], 0.0057300 secs] [Times: user=0.03 sys=0.00, real=0.00 secs] 
124.946: Total time for which application threads were stopped: 0.0063760 seconds, Stopping threads took: 0.0000610 seconds
125.008: Application time: 0.0627190 seconds
125.008: [GC [PSYoungGen: 14332K->0K(15360K)] 18726K->4393K(47616K), 0.0003500 secs] [Times: user=0.00 sys=0.00, real=0.00 secs] 
125.009: Total time for which application threads were stopped: 0.0004780 seconds, Stopping threads took: 0.0000660 seconds
125.070: Application time: 0.0608330 seconds
125.070: [GC [PSYoungGen: 14333K->384K(15360K)] 18727K->4777K(47616K), 0.0004530 secs] [Times: user=0.00 sys=0.00, real=0.00 secs] 
125.070: Total time for which application threads were stopped: 0.0005520 seconds, Stopping threads took: 0.0000420 seconds
125.131: Application time: 0.0609740 seconds
125.131: [GC [PSYoungGen: 14717K->352K(15360K)] 19111K->4990K(47616K), 0.0004120 secs] [Times: user=0.00 sys=0.00, real=0.00 secs] 
125.132: Total time for which application threads were stopped: 0.0005340 seconds, Stopping threads took: 0.0000620 seconds
125.193: Application time: 0.0614230 seconds
125.193: [GC [PSYoungGen: 14685K->400K(15360K)] 19324K->5259K(47616K), 0.0004240 secs] [Times: user=0.00 sys=0.00, real=0.00 secs] 
125.194: Total time for which application threads were stopped: 0.0005540 seconds, Stopping threads took: 0.0000600 seconds
125.257: Application time: 0.0635970 seconds
125.257: [GC [PSYoungGen: 14732K->0K(15360K)] 19591K->5099K(47616K), 0.0003820 secs] [Times: user=0.00 sys=0.00, real=0.00 secs] 
125.258: Total time for which application threads were stopped: 0.0004960 seconds, Stopping threads took: 0.0000510 seconds
125.321: Application time: 0.0635850 seconds
125.321: [GC [PSYoungGen: 14332K->0K(15360K)] 19431K->5099K(47616K), 0.0003310 secs] [Times: user=0.00 sys=0.00, real=0.00 secs] 
125.322: Total time for which application threads were stopped: 0.0004560 seconds, Stopping threads took: 0.0000620 seconds
125.385: Application time: 0.0636530 seconds
125.386: [GC [PSYoungGen: 14332K->0K(15360K)] 19431K->5099K(47616K), 0.0003390 secs] [Times: user=0.00 sys=0.00, real=0.00 secs] 
125.386: Total time for which application threads were stopped: 0.0004510 seconds, Stopping threads took: 0.0000530 seconds
125.450: Application time: 0.0639740 seconds
125.450: [GC [PSYoungGen: 14335K->0K(15360K)] 19434K->5099K(47616K), 0.0003400 secs] [Times: user=0.00 sys=0.00, real=0.00 secs] 
125.450: Total time for which application threads were stopped: 0.0004490 seconds, Stopping threads took: 0.0000490 seconds
125.514: Application time: 0.0635530 seconds
125.514: [GC [PSYoungGen: 14332K->0K(15360K)] 19431K->5099K(47616K), 0.0003380 secs] [Times: user=0.00 sys=0.00, real=0.00 secs] 
125.514: Total time for which application threads were stopped: 0.0004540 seconds, Stopping threads took: 0.0000570 seconds
125.578: Application time: 0.0634020 seconds
125.578: [GC [PSYoungGen: 14332K->0K(15360K)] 19431K->5099K(47616K), 0.0003480 secs] [Times: user=0.00 sys=0.00, real=0.00 secs] 
125.578: Total time for which application threads were stopped: 0.0004560 seconds, Stopping threads took: 0.0000490 seconds
125.628: Application time: 0.0502340 seconds
125.629: [GC [PSYoungGen: 14334K->320K(15360K)] 19434K->5419K(47616K), 0.0004410 secs] [Times: user=0.00 sys=0.00, real=0.00 secs] 
125.629: Total time for which application threads were stopped: 0.0005420 seconds, Stopping threads took: 0.0000450 seconds
125.670: Application time: 0.0407300 seconds
125.670: [GC [PSYoungGen: 14654K->736K(15360K)] 19753K->5851K(47616K), 0.0004480 secs] [Times: user=0.00 sys=0.00, real=0.00 secs] 
125.670: Total time for which application threads were stopped: 0.0005620 seconds, Stopping threads took: 0.0000520 seconds
125.728: Application time: 0.0573820 seconds
125.728: [GC [PSYoungGen: 15072K->544K(15360K)] 20187K->5715K(47616K), 0.0004120 secs] [Times: user=0.00 sys=0.00, real=0.00 secs] 
125.728: Total time for which application threads were stopped: 0.0005350 seconds, Stopping threads took: 0.0000530 seconds
125.790: Application time: 0.0620870 seconds
125.790: [GC [PSYoungGen: 14876K->320K(15360K)] 20048K->5727K(47616K), 0.0004200 secs] [Times: user=0.00 sys=0.00, real=0.00 secs] 
125.791: Total time for which application threads were stopped: 0.0005380 seconds, Stopping threads took: 0.0000580 seconds
125.854: Application time: 0.0627950 seconds
125.854: [GC [PSYoungGen: 14652K->0K(15360K)] 20060K->5612K(47616K), 0.0004220 secs] [Times: user=0.00 sys=0.00, real=0.00 secs] 
125.854: Total time for which application threads were stopped: 0.0005360 seconds, Stopping threads took: 0.0000560 seconds
125.902: Application time: 0.0481020 seconds
125.902: [GC [PSYoungGen: 14334K->384K(15360K)] 19947K->5996K(47616K), 0.0003720 secs] [Times: user=0.00 sys=0.00, real=0.00 secs] 
125.903: Total time for which application threads were stopped: 0.0004800 seconds, Stopping threads took: 0.0000480 seconds
125.956: Application time: 0.0533770 seconds
125.960: [GC [PSYoungGen: 14719K->480K(15360K)] 20331K->6156K(47616K), 0.0004370 secs] [Times: user=0.00 sys=0.00, real=0.00 secs] 
125.960: Total time for which application threads were stopped: 0.0041280 seconds, Stopping threads took: 0.0036280 seconds
126.006: Application time: 0.0455840 seconds
126.006: [GC [PSYoungGen: 14815K->576K(15360K)] 20492K->6276K(47616K), 0.0004130 secs] [Times: user=0.00 sys=0.00, real=0.00 secs] 
126.006: Total time for which application threads were stopped: 0.0005310 seconds, Stopping threads took: 0.0000590 seconds
126.065: Application time: 0.0585600 seconds
126.068: [GC [PSYoungGen: 14911K->768K(14848K)] 20612K->6724K(47104K), 0.0005090 secs] [Times: user=0.00 sys=0.00, real=0.00 secs] 
126.068: Total time for which application threads were stopped: 0.0034020 seconds, Stopping threads took: 0.0028250 seconds
126.128: Application time: 0.0595860 seconds
126.132: [GC [PSYoungGen: 14589K->384K(14336K)] 20546K->6757K(46592K), 0.0004730 secs] [Times: user=0.00 sys=0.00, real=0.00 secs] 
126.132: Total time for which application threads were stopped: 0.0043580 seconds, Stopping threads took: 0.0038250 seconds
126.186: Application time: 0.0541870 seconds
126.187: [GC [PSYoungGen: 14205K->352K(14848K)] 20579K->7078K(47104K), 0.0004410 secs] [Times: user=0.00 sys=0.00, real=0.00 secs] 
126.187: Total time for which application threads were stopped: 0.0005660 seconds, Stopping threads took: 0.0000570 seconds
126.235: Application time: 0.0480220 seconds
126.235: [GC [PSYoungGen: 14171K->352K(14848K)] 20897K->7086K(47104K), 0.0004400 secs] [Times: user=0.00 sys=0.00, real=0.00 secs] 
126.236: Total time for which application threads were stopped: 0.0005710 seconds, Stopping threads took: 0.0000590 seconds
126.295: Application time: 0.0590970 seconds
126.295: [GC [PSYoungGen: 14175K->288K(14848K)] 20909K->7086K(47104K), 0.0004490 secs] [Times: user=0.00 sys=0.00, real=0.00 secs] 
126.295: Total time for which application threads were stopped: 0.0005630 seconds, Stopping threads took: 0.0000550 seconds
126.350: Application time: 0.0549430 seconds
126.350: [GC [PSYoungGen: 14108K->576K(14848K)] 20906K->7586K(47104K), 0.0004410 secs] [Times: user=0.00 sys=0.00, real=0.00 secs] 
126.351: Total time for which application threads were stopped: 0.0005580 seconds, Stopping threads took: 0.0000580 seconds
126.394: Application time: 0.0433560 seconds
126.394: [GC [PSYoungGen: 14331K->448K(14848K)] 21342K->7682K(47104K), 0.0004400 secs] [Times: user=0.00 sys=0.00, real=0.00 secs] 
126.395: Total time for which application threads were stopped: 0.0005740 seconds, Stopping threads took: 0.0000750 seconds
126.438: Application time: 0.0435710 seconds
126.438: [GC [PSYoungGen: 14269K->672K(14848K)] 21504K->8187K(47104K), 0.0004760 secs] [Times: user=0.00 sys=0.00, real=0.00 secs] 
126.439: Total time for which application threads were stopped: 0.0005950 seconds, Stopping threads took: 0.0000580 seconds
126.477: Application time: 0.0383620 seconds
126.477: [GC [PSYoungGen: 14494K->736K(14848K)] 22009K->8443K(47104K), 0.0004640 secs] [Times: user=0.00 sys=0.00, real=0.00 secs] 
126.478: Total time for which application threads were stopped: 0.0005780 seconds, Stopping threads took: 0.0000550 seconds
126.534: Application time: 0.0562130 seconds
126.534: [GC [PSYoungGen: 14556K->512K(14848K)] 22264K->8448K(47104K), 0.0004480 secs] [Times: user=0.00 sys=0.00, real=0.00 secs] 
126.535: Total time for which application threads were stopped: 0.0005700 seconds, Stopping threads took: 0.0000620 seconds
126.593: Application time: 0.0581960 seconds
126.593: [GC [PSYoungGen: 14332K->480K(14848K)] 22269K->8644K(47104K), 0.0004740 secs] [Times: user=0.00 sys=0.00, real=0.00 secs] 
126.595: Total time for which application threads were stopped: 0.0017070 seconds, Stopping threads took: 0.0000570 seconds
126.654: Application time: 0.0595370 seconds
126.654: [GC [PSYoungGen: 14300K->384K(14848K)] 22465K->8761K(47104K), 0.0004600 secs] [Times: user=0.00 sys=0.00, real=0.00 secs] 
126.655: Total time for which application threads were stopped: 0.0006140 seconds, Stopping threads took: 0.0000930 seconds
126.715: Application time: 0.0603470 seconds
126.715: [GC [PSYoungGen: 14207K->0K(14848K)] 22585K->8725K(47104K), 0.0003870 secs] [Times: user=0.00 sys=0.00, real=0.00 secs] 
126.716: Total time for which application threads were stopped: 0.0005080 seconds, Stopping threads took: 0.0000620 seconds
126.775: Application time: 0.0595210 seconds
126.775: [GC [PSYoungGen: 13821K->352K(14848K)] 22547K->9077K(47104K), 0.0003760 secs] [Times: user=0.00 sys=0.00, real=0.00 secs] 
126.776: Total time for which application threads were stopped: 0.0005110 seconds, Stopping threads took: 0.0000640 seconds
126.834: Application time: 0.0583800 seconds
126.834: [GC [PSYoungGen: 14171K->576K(14848K)] 22897K->9309K(47104K), 0.0004470 secs] [Times: user=0.01 sys=0.00, real=0.00 secs] 
126.835: Total time for which application threads were stopped: 0.0005630 seconds, Stopping threads took: 0.0000560 seconds
126.893: Application time: 0.0581640 seconds
126.893: [GC [PSYoungGen: 14397K->544K(14848K)] 23131K->9506K(47104K), 0.0005420 secs] [Times: user=0.00 sys=0.00, real=0.00 secs] 
126.893: Total time for which application threads were stopped: 0.0006600 seconds, Stopping threads took: 0.0000590 seconds
126.955: Application time: 0.0611860 seconds
126.955: [GC [PSYoungGen: 14365K->0K(14848K)] 23328K->9403K(47104K), 0.0004980 secs] [Times: user=0.00 sys=0.00, real=0.00 secs] 
126.955: Total time for which application threads were stopped: 0.0006130 seconds, Stopping threads took: 0.0000540 seconds
127.017: Application time: 0.0614280 seconds
127.017: [GC [PSYoungGen: 13819K->0K(14848K)] 23223K->9403K(47104K), 0.0004030 secs] [Times: user=0.00 sys=0.00, real=0.00 secs] 
127.017: Total time for which application threads were stopped: 0.0005460 seconds, Stopping threads took: 0.0000840 seconds
127.079: Application time: 0.0618280 seconds
127.079: [GC [PSYoungGen: 13819K->0K(14848K)] 23223K->9403K(47104K), 0.0003570 secs] [Times: user=0.00 sys=0.00, real=0.00 secs] 
127.079: Total time for which application threads were stopped: 0.0004710 seconds, Stopping threads took: 0.0000540 seconds
127.141: Application time: 0.0613100 seconds
127.141: [GC [PSYoungGen: 13819K->0K(14848K)] 23223K->9403K(47104K), 0.0003540 secs] [Times: user=0.00 sys=0.00, real=0.00 secs] 
127.141: Total time for which application threads were stopped: 0.0004830 seconds, Stopping threads took: 0.0000720 seconds
127.203: Application time: 0.0612980 seconds
127.203: [GC [PSYoungGen: 13819K->0K(14848K)] 23223K->9403K(47104K), 0.0003500 secs] [Times: user=0.00 sys=0.00, real=0.00 secs] 
127.203: Total time for which application threads were stopped: 0.0004620 seconds, Stopping threads took: 0.0000520 seconds
127.264: Application time: 0.0612880 seconds
127.264: [GC [PSYoungGen: 13819K->0K(14848K)] 23223K->9403K(47104K), 0.0003460 secs] [Times: user=0.00 sys=0.00, real=0.00 secs] 
127.265: Total time for which application threads were stopped: 0.0004620 seconds, Stopping threads took: 0.0000570 seconds
127.323: Application time: 0.0585960 seconds
127.323: [GC [PSYoungGen: 13821K->384K(14848K)] 23225K->9787K(47104K), 0.0004380 secs] [Times: user=0.00 sys=0.00, real=0.00 secs] 
127.324: Total time for which application threads were stopped: 0.0005550 seconds, Stopping threads took: 0.0000500 seconds
127.361: Application time: 0.0373300 seconds
127.361: [GC [PSYoungGen: 14206K->544K(14848K)] 23610K->9971K(47104K), 0.0005490 secs] [Times: user=0.00 sys=0.00, real=0.00 secs] 
127.362: Total time for which application threads were stopped: 0.0006590 seconds, Stopping threads took: 0.0000520 seconds
127.409: Application time: 0.0473860 seconds
127.409: [GC [PSYoungGen: 14367K->544K(14848K)] 23795K->10027K(47104K), 0.0004290 secs] [Times: user=0.01 sys=0.00, real=0.00 secs] 
127.410: Total time for which application threads were stopped: 0.0005450 seconds, Stopping threads took: 0.0000550 seconds
127.468: Application time: 0.0585320 seconds
127.468: [GC [PSYoungGen: 14367K->512K(14848K)] 23851K->10011K(47104K), 0.0004270 secs] [Times: user=0.00 sys=0.00, real=0.00 secs] 
127.469: Total time for which application threads were stopped: 0.0005370 seconds, Stopping threads took: 0.0000500 seconds
127.530: Application time: 0.0609840 seconds
127.530: [GC [PSYoungGen: 14331K->0K(14848K)] 23831K->9928K(47104K), 0.0004710 secs] [Times: user=0.00 sys=0.00, real=0.00 secs] 
127.530: Total time for which application threads were stopped: 0.0005970 seconds, Stopping threads took: 0.0000650 seconds
127.590: Application time: 0.0592340 seconds
127.590: [GC [PSYoungGen: 13822K->288K(14848K)] 23750K->10216K(47104K), 0.0004320 secs] [Times: user=0.00 sys=0.00, real=0.00 secs] 
127.590: Total time for which application threads were stopped: 0.0005470 seconds, Stopping threads took: 0.0000560 seconds
127.633: Application time: 0.0432170 seconds
127.634: [GC [PSYoungGen: 14110K->288K(14848K)] 24038K->10288K(47104K), 0.0003820 secs] [Times: user=0.00 sys=0.00, real=0.00 secs] 
127.634: Total time for which application threads were stopped: 0.0005080 seconds, Stopping threads took: 0.0000670 seconds
127.686: Application time: 0.0518510 seconds
127.686: [GC [PSYoungGen: 14111K->448K(14848K)] 24112K->10540K(47104K), 0.0004080 secs] [Times: user=0.00 sys=0.00, real=0.00 secs] 
127.686: Total time for which application threads were stopped: 0.0005060 seconds, Stopping threads took: 0.0000410 seconds
127.734: Application time: 0.0473900 seconds
127.734: [GC [PSYoungGen: 14271K->544K(14848K)] 24364K->10780K(47104K), 0.0004670 secs] [Times: user=0.00 sys=0.00, real=0.00 secs] 
127.734: Total time for which application threads were stopped: 0.0005920 seconds, Stopping threads took: 0.0000660 seconds
127.791: Application time: 0.0563380 seconds
127.792: [GC [PSYoungGen: 14368K->576K(14848K)] 24604K->11060K(47104K), 0.0004930 secs] [Times: user=0.00 sys=0.00, real=0.00 secs] 
127.792: Total time for which application threads were stopped: 0.0016330 seconds, Stopping threads took: 0.0010780 seconds
127.853: Application time: 0.0603660 seconds
127.853: [GC [PSYoungGen: 14399K->384K(14848K)] 24884K->11310K(47104K), 0.0004580 secs] [Times: user=0.00 sys=0.00, real=0.00 secs] 
127.853: Total time for which application threads were stopped: 0.0005940 seconds, Stopping threads took: 0.0000640 seconds
127.909: Application time: 0.0553270 seconds
127.912: [GC [PSYoungGen: 14134K->256K(14848K)] 25060K->11386K(47104K), 0.0004560 secs] [Times: user=0.00 sys=0.00, real=0.00 secs] 
127.912: Total time for which application threads were stopped: 0.0036480 seconds, Stopping threads took: 0.0031260 seconds
127.958: Application time: 0.0461760 seconds
127.958: [GC [PSYoungGen: 14079K->368K(14848K)] 25209K->11514K(47104K), 0.0004180 secs] [Times: user=0.00 sys=0.00, real=0.00 secs] 
127.959: Total time for which application threads were stopped: 0.0005120 seconds, Stopping threads took: 0.0000350 seconds
128.017: Application time: 0.0583950 seconds
128.017: [GC [PSYoungGen: 14189K->512K(14848K)] 25335K->11714K(47104K), 0.0004260 secs] [Times: user=0.00 sys=0.00, real=0.00 secs] 
128.018: Total time for which application threads were stopped: 0.0005420 seconds, Stopping threads took: 0.0000570 seconds
128.069: Application time: 0.0513980 seconds
128.069: [GC [PSYoungGen: 14336K->576K(14848K)] 25538K->11999K(47104K), 0.0004340 secs] [Times: user=0.00 sys=0.00, real=0.00 secs] 
128.070: Total time for which application threads were stopped: 0.0005400 seconds, Stopping threads took: 0.0000490 seconds
128.117: Application time: 0.0472120 seconds
128.117: [GC [PSYoungGen: 14398K->544K(14848K)] 25821K->12187K(47104K), 0.0004430 secs] [Times: user=0.00 sys=0.00, real=0.00 secs] 
128.118: Total time for which application threads were stopped: 0.0005690 seconds, Stopping threads took: 0.0000680 seconds
128.157: Application time: 0.0392600 seconds
128.157: [GC [PSYoungGen: 14365K->544K(14848K)] 26009K->12588K(47104K), 0.0005710 secs] [Times: user=0.01 sys=0.00, real=0.00 secs] 
128.158: Total time for which application threads were stopped: 0.0006780 seconds, Stopping threads took: 0.0000490 seconds
128.198: Application time: 0.0404920 seconds
128.198: [GC [PSYoungGen: 14367K->704K(14848K)] 26412K->12804K(47104K), 0.0004820 secs] [Times: user=0.00 sys=0.00, real=0.00 secs] 
128.199: Total time for which application threads were stopped: 0.0005990 seconds, Stopping threads took: 0.0000580 seconds
128.256: Application time: 0.0574030 seconds
128.256: [GC [PSYoungGen: 14524K->480K(14336K)] 26625K->12785K(46592K), 0.0005050 secs] [Times: user=0.00 sys=0.00, real=0.00 secs] 
128.257: Total time for which application threads were stopped: 0.0006310 seconds, Stopping threads took: 0.0000660 seconds
128.317: Application time: 0.0602650 seconds
128.317: [GC [PSYoungGen: 14303K->0K(14848K)] 26609K->12722K(47104K), 0.0004200 secs] [Times: user=0.00 sys=0.00, real=0.00 secs] 
128.317: Total time for which application threads were stopped: 0.0005460 seconds, Stopping threads took: 0.0000630 seconds
128.376: Application time: 0.0588120 seconds
128.376: [GC [PSYoungGen: 13823K->384K(14336K)] 26546K->13106K(46592K), 0.0004110 secs] [Times: user=0.00 sys=0.00, real=0.00 secs] 
128.377: Total time for which application threads were stopped: 0.0005220 seconds, Stopping threads took: 0.0000400 seconds
128.438: Application time: 0.0613870 seconds
128.438: [GC [PSYoungGen: 14205K->0K(14848K)] 26928K->12938K(47104K), 0.0004100 secs] [Times: user=0.00 sys=0.00, real=0.00 secs] 
128.439: Total time for which application threads were stopped: 0.0005410 seconds, Stopping threads took: 0.0000650 seconds
128.497: Application time: 0.0586020 seconds
128.497: [GC [PSYoungGen: 13822K->384K(14336K)] 26760K->13322K(46592K), 0.0004110 secs] [Times: user=0.00 sys=0.00, real=0.00 secs] 
128.498: Total time for which application threads were stopped: 0.0005330 seconds, Stopping threads took: 0.0000600 seconds
128.558: Application time: 0.0599010 seconds
128.558: [GC [PSYoungGen: 14205K->384K(14848K)] 27143K->13570K(47104K), 0.0004240 secs] [Times: user=0.00 sys=0.00, real=0.00 secs] 
128.558: Total time for which application threads were stopped: 0.0005420 seconds, Stopping threads took: 0.0000560 seconds
128.616: Application time: 0.0580200 seconds
128.620: [GC [PSYoungGen: 14205K->544K(14848K)] 27391K->13746K(47104K), 0.0004410 secs] [Times: user=0.00 sys=0.00, real=0.00 secs] 
128.620: Total time for which application threads were stopped: 0.0039140 seconds, Stopping threads took: 0.0034130 seconds
128.682: Application time: 0.0616620 seconds
128.682: [GC [PSYoungGen: 14367K->0K(14336K)] 27570K->13634K(46592K), 0.0004580 secs] [Times: user=0.00 sys=0.00, real=0.00 secs] 
128.683: Total time for which application threads were stopped: 0.0006320 seconds, Stopping threads took: 0.0001120 seconds
128.744: Application time: 0.0615610 seconds
128.744: [GC [PSYoungGen: 13819K->0K(14336K)] 27454K->13634K(46592K), 0.0003610 secs] [Times: user=0.00 sys=0.00, real=0.00 secs] 
128.745: Total time for which application threads were stopped: 0.0004820 seconds, Stopping threads took: 0.0000590 seconds
128.806: Application time: 0.0615820 seconds
128.806: [GC [PSYoungGen: 13819K->0K(14848K)] 27454K->13634K(47104K), 0.0003800 secs] [Times: user=0.00 sys=0.00, real=0.00 secs] 
128.807: Total time for which application threads were stopped: 0.0004950 seconds, Stopping threads took: 0.0000520 seconds
128.868: Application time: 0.0615250 seconds
128.868: [GC [PSYoungGen: 13819K->0K(14336K)] 27454K->13634K(46592K), 0.0003960 secs] [Times: user=0.00 sys=0.00, real=0.00 secs] 
128.869: Total time for which application threads were stopped: 0.0005020 seconds, Stopping threads took: 0.0000500 seconds
128.930: Application time: 0.0614760 seconds
128.930: [GC [PSYoungGen: 13819K->0K(14848K)] 27454K->13634K(47104K), 0.0004080 secs] [Times: user=0.00 sys=0.00, real=0.00 secs] 
128.931: Total time for which application threads were stopped: 0.0005430 seconds, Stopping threads took: 0.0000650 seconds
128.992: Application time: 0.0617460 seconds
128.993: [GC [PSYoungGen: 13823K->0K(14848K)] 27458K->13634K(47104K), 0.0003870 secs] [Times: user=0.00 sys=0.00, real=0.00 secs] 
128.993: Total time for which application threads were stopped: 0.0005010 seconds, Stopping threads took: 0.0000550 seconds
129.045: Application time: 0.0522490 seconds
129.045: [GC [PSYoungGen: 13824K->320K(14848K)] 27458K->13954K(47104K), 0.0003790 secs] [Times: user=0.00 sys=0.00, real=0.00 secs] 
129.046: Total time for which application threads were stopped: 0.0004930 seconds, Stopping threads took: 0.0000570 seconds
129.087: Application time: 0.0409120 seconds
129.088: [GC [PSYoungGen: 14142K->544K(14848K)] 27776K->14186K(47104K), 0.0004250 secs] [Times: user=0.01 sys=0.00, real=0.00 secs] 
129.088: Total time for which application threads were stopped: 0.0015450 seconds, Stopping threads took: 0.0010590 seconds
129.138: Application time: 0.0494290 seconds
129.138: [GC [PSYoungGen: 14356K->352K(14848K)] 27999K->14066K(47104K), 0.0003980 secs] [Times: user=0.00 sys=0.00, real=0.00 secs] 
129.138: Total time for which application threads were stopped: 0.0005230 seconds, Stopping threads took: 0.0000620 seconds
129.197: Application time: 0.0588690 seconds
129.197: [GC [PSYoungGen: 14173K->512K(14848K)] 27888K->14242K(47104K), 0.0004970 secs] [Times: user=0.00 sys=0.00, real=0.00 secs] 
129.198: Total time for which application threads were stopped: 0.0006100 seconds, Stopping threads took: 0.0000550 seconds
129.259: Application time: 0.0611980 seconds
129.259: [GC [PSYoungGen: 14335K->0K(14848K)] 28066K->14306K(47104K), 0.0004670 secs] [Times: user=0.00 sys=0.00, real=0.00 secs] 
129.259: Total time for which application threads were stopped: 0.0005860 seconds, Stopping threads took: 0.0000580 seconds
129.315: Application time: 0.0557100 seconds
129.315: [GC [PSYoungGen: 13824K->192K(14848K)] 28130K->14498K(47104K), 0.0003930 secs] [Times: user=0.00 sys=0.00, real=0.00 secs] 
129.316: Total time for which application threads were stopped: 0.0004970 seconds, Stopping threads took: 0.0000460 seconds
129.362: Application time: 0.0461270 seconds
129.362: [GC [PSYoungGen: 14014K->320K(14848K)] 28321K->14698K(47104K), 0.0004230 secs] [Times: user=0.00 sys=0.00, real=0.00 secs] 
129.362: Total time for which application threads were stopped: 0.0005330 seconds, Stopping threads took: 0.0000510 seconds
129.411: Application time: 0.0486390 seconds
129.411: [GC [PSYoungGen: 14140K->416K(14848K)] 28518K->15015K(47104K), 0.0004560 secs] [Times: user=0.01 sys=0.00, real=0.00 secs] 
129.412: Total time for which application threads were stopped: 0.0005600 seconds, Stopping threads took: 0.0000430 seconds
129.461: Application time: 0.0497970 seconds
129.461: [GC [PSYoungGen: 14236K->704K(14848K)] 28836K->15311K(47104K), 0.0004520 secs] [Times: user=0.00 sys=0.00, real=0.00 secs] 
129.462: Total time for which application threads were stopped: 0.0005710 seconds, Stopping threads took: 0.0000500 seconds
129.519: Application time: 0.0574320 seconds
129.519: [GC [PSYoungGen: 14526K->736K(14848K)] 29133K->15596K(47104K), 0.0004910 secs] [Times: user=0.00 sys=0.00, real=0.01 secs] 
129.520: Total time for which application threads were stopped: 0.0006110 seconds, Stopping threads took: 0.0000560 seconds
129.582: Application time: 0.0623330 seconds
129.582: [GC [PSYoungGen: 14559K->0K(14848K)] 29419K->15468K(47104K), 0.0004870 secs] [Times: user=0.00 sys=0.00, real=0.00 secs] 
129.583: Total time for which application threads were stopped: 0.0006100 seconds, Stopping threads took: 0.0000640 seconds
129.635: Application time: 0.0519370 seconds
129.635: [GC [PSYoungGen: 13823K->384K(14848K)] 29291K->15852K(47104K), 0.0003920 secs] [Times: user=0.00 sys=0.00, real=0.00 secs] 
129.635: Total time for which application threads were stopped: 0.0005010 seconds, Stopping threads took: 0.0000480 seconds
129.686: Application time: 0.0506160 seconds
129.686: [GC [PSYoungGen: 14203K->384K(14848K)] 29671K->15876K(47104K), 0.0004080 secs] [Times: user=0.01 sys=0.00, real=0.00 secs] 
129.686: Total time for which application threads were stopped: 0.0005170 seconds, Stopping threads took: 0.0000480 seconds
129.744: Application time: 0.0580250 seconds
129.745: [GC [PSYoungGen: 14206K->544K(14848K)] 29698K->16100K(47104K), 0.0004350 secs] [Times: user=0.00 sys=0.00, real=0.00 secs] 
129.745: Total time for which application threads were stopped: 0.0005480 seconds, Stopping threads took: 0.0000490 seconds
129.798: Application time: 0.0532430 seconds
129.798: [GC [PSYoungGen: 14365K->288K(14848K)] 29921K->16245K(47104K), 0.0005070 secs] [Times: user=0.01 sys=0.00, real=0.00 secs] 
129.799: Total time for which application threads were stopped: 0.0006260 seconds, Stopping threads took: 0.0000590 seconds
129.847: Application time: 0.0478090 seconds
129.847: [GC [PSYoungGen: 14109K->544K(14848K)] 30066K->16509K(47104K), 0.0004430 secs] [Times: user=0.01 sys=0.00, real=0.00 secs] 
129.847: Total time for which application threads were stopped: 0.0005400 seconds, Stopping threads took: 0.0000360 seconds
129.891: Application time: 0.0440880 seconds
129.891: [GC [PSYoungGen: 14365K->512K(14848K)] 30330K->16886K(47104K), 0.0004920 secs] [Times: user=0.00 sys=0.00, real=0.01 secs] 
129.892: Total time for which application threads were stopped: 0.0005990 seconds, Stopping threads took: 0.0000460 seconds
129.931: Application time: 0.0387490 seconds
129.931: [GC [PSYoungGen: 14335K->704K(14848K)] 30709K->17142K(47104K), 0.0004700 secs] [Times: user=0.01 sys=0.00, real=0.00 secs] 
129.931: Total time for which application threads were stopped: 0.0005940 seconds, Stopping threads took: 0.0000560 seconds
129.988: Application time: 0.0562740 seconds
129.988: [GC [PSYoungGen: 14524K->448K(14848K)] 30962K->17082K(47104K), 0.0005310 secs] [Times: user=0.00 sys=0.00, real=0.00 secs] 
129.988: Total time for which application threads were stopped: 0.0006580 seconds, Stopping threads took: 0.0000550 seconds
130.046: Application time: 0.0574730 seconds
130.046: [GC [PSYoungGen: 14270K->512K(14848K)] 30905K->17359K(47104K), 0.0004830 secs] [Times: user=0.00 sys=0.00, real=0.00 secs] 
130.046: Total time for which application threads were stopped: 0.0005950 seconds, Stopping threads took: 0.0000510 seconds
130.107: Application time: 0.0603720 seconds
130.107: [GC [PSYoungGen: 14335K->0K(14848K)] 31183K->17264K(47104K), 0.0004120 secs] [Times: user=0.00 sys=0.00, real=0.00 secs] 
130.107: Total time for which application threads were stopped: 0.0005310 seconds, Stopping threads took: 0.0000580 seconds
130.168: Application time: 0.0605200 seconds
130.168: [GC [PSYoungGen: 13821K->0K(14848K)] 31085K->17264K(47104K), 0.0003790 secs] [Times: user=0.00 sys=0.00, real=0.00 secs] 
130.168: Total time for which application threads were stopped: 0.0005000 seconds, Stopping threads took: 0.0000610 seconds
130.227: Application time: 0.0585500 seconds
130.227: [GC [PSYoungGen: 13819K->384K(14848K)] 31083K->17648K(47104K), 0.0003990 secs] [Times: user=0.00 sys=0.00, real=0.00 secs] 
130.227: Total time for which application threads were stopped: 0.0005120 seconds, Stopping threads took: 0.0000550 seconds
130.287: Application time: 0.0597040 seconds
130.288: [GC [PSYoungGen: 14207K->352K(14848K)] 31472K->17861K(47104K), 0.0004320 secs] [Times: user=0.00 sys=0.00, real=0.00 secs] 
130.288: Total time for which application threads were stopped: 0.0012300 seconds, Stopping threads took: 0.0007380 seconds
130.347: Application time: 0.0584360 seconds
130.347: [GC [PSYoungGen: 14173K->576K(14848K)] 31682K->18093K(47104K), 0.0004760 secs] [Times: user=0.00 sys=0.00, real=0.00 secs] 
130.347: Total time for which application threads were stopped: 0.0005880 seconds, Stopping threads took: 0.0000540 seconds
130.409: Application time: 0.0617090 seconds
130.409: [GC [PSYoungGen: 14397K->0K(14848K)] 31914K->17961K(47104K), 0.0004260 secs] [Times: user=0.00 sys=0.00, real=0.00 secs] 
130.410: Total time for which application threads were stopped: 0.0005510 seconds, Stopping threads took: 0.0000630 seconds
130.472: Application time: 0.0620500 seconds
130.472: [GC [PSYoungGen: 13823K->0K(14848K)] 31785K->17961K(47104K), 0.0003620 secs] [Times: user=0.00 sys=0.00, real=0.01 secs] 
130.472: Total time for which application threads were stopped: 0.0004900 seconds, Stopping threads took: 0.0000700 seconds
130.534: Application time: 0.0619190 seconds
130.534: [GC [PSYoungGen: 13819K->0K(14848K)] 31781K->17961K(47104K), 0.0003530 secs] [Times: user=0.00 sys=0.00, real=0.00 secs] 
130.534: Total time for which application threads were stopped: 0.0004960 seconds, Stopping threads took: 0.0000720 seconds
130.596: Application time: 0.0618240 seconds
130.596: [GC [PSYoungGen: 13819K->0K(14848K)] 31781K->17961K(47104K), 0.0003550 secs] [Times: user=0.00 sys=0.00, real=0.00 secs] 
130.597: Total time for which application threads were stopped: 0.0004600 seconds, Stopping threads took: 0.0000470 seconds
130.659: Application time: 0.0617420 seconds
130.659: [GC [PSYoungGen: 13819K->0K(14848K)] 31781K->17961K(47104K), 0.0003850 secs] [Times: user=0.00 sys=0.00, real=0.00 secs] 
130.659: Total time for which application threads were stopped: 0.0004930 seconds, Stopping threads took: 0.0000500 seconds
130.721: Application time: 0.0615690 seconds
130.721: [GC [PSYoungGen: 13823K->0K(14848K)] 31785K->17961K(47104K), 0.0004080 secs] [Times: user=0.00 sys=0.00, real=0.00 secs] 
130.721: Total time for which application threads were stopped: 0.0005100 seconds, Stopping threads took: 0.0000440 seconds
130.768: Application time: 0.0474020 seconds
130.769: [GC [PSYoungGen: 13822K->384K(14848K)] 31783K->18345K(47104K), 0.0004110 secs] [Times: user=0.00 sys=0.00, real=0.00 secs] 
130.769: Total time for which application threads were stopped: 0.0005260 seconds, Stopping threads took: 0.0000570 seconds
130.811: Application time: 0.0422760 seconds
130.811: [GC [PSYoungGen: 14204K->544K(14848K)] 32165K->18513K(47104K), 0.0004290 secs] [Times: user=0.00 sys=0.00, real=0.01 secs] 
130.812: Total time for which application threads were stopped: 0.0005500 seconds, Stopping threads took: 0.0000560 seconds
130.866: Application time: 0.0540580 seconds
130.866: [GC [PSYoungGen: 14367K->576K(14848K)] 32337K->18601K(47104K), 0.0004310 secs] [Times: user=0.00 sys=0.00, real=0.00 secs] 
130.866: Total time for which application threads were stopped: 0.0005480 seconds, Stopping threads took: 0.0000590 seconds
130.927: Application time: 0.0604270 seconds
130.927: [GC [PSYoungGen: 14399K->384K(14848K)] 32425K->18654K(47104K), 0.0004190 secs] [Times: user=0.00 sys=0.00, real=0.00 secs] 
130.927: Total time for which application threads were stopped: 0.0005300 seconds, Stopping threads took: 0.0000510 seconds
130.988: Application time: 0.0608860 seconds
130.988: [GC [PSYoungGen: 14207K->0K(14848K)] 32478K->18494K(47104K), 0.0004470 secs] [Times: user=0.00 sys=0.00, real=0.00 secs] 
130.989: Total time for which application threads were stopped: 0.0005770 seconds, Stopping threads took: 0.0000690 seconds
131.043: Application time: 0.0544070 seconds
131.043: [GC [PSYoungGen: 13822K->320K(14848K)] 32316K->18814K(47104K), 0.0004650 secs] [Times: user=0.00 sys=0.00, real=0.00 secs] 
131.044: Total time for which application threads were stopped: 0.0005800 seconds, Stopping threads took: 0.0000470 seconds
131.091: Application time: 0.0472010 seconds
131.091: [GC [PSYoungGen: 14141K->288K(14848K)] 32635K->18838K(47104K), 0.0004820 secs] [Times: user=0.00 sys=0.00, real=0.00 secs] 
131.092: Total time for which application threads were stopped: 0.0005950 seconds, Stopping threads took: 0.0000530 seconds
131.141: Application time: 0.0492270 seconds
131.144: [GC [PSYoungGen: 14060K->416K(14848K)] 32611K->18982K(47104K), 0.0004610 secs] [Times: user=0.00 sys=0.00, real=0.00 secs] 
131.144: Total time for which application threads were stopped: 0.0033520 seconds, Stopping threads took: 0.0028290 seconds
131.193: Application time: 0.0487410 seconds
131.193: [GC [PSYoungGen: 14238K->704K(14848K)] 32805K->19354K(47104K), 0.0004690 secs] [Times: user=0.00 sys=0.00, real=0.00 secs] 
131.194: Total time for which application threads were stopped: 0.0005760 seconds, Stopping threads took: 0.0000510 seconds
131.251: Application time: 0.0579180 seconds
131.252: [GC [PSYoungGen: 14525K->544K(14848K)] 33176K->19711K(47104K), 0.0005050 secs] [Times: user=0.01 sys=0.00, real=0.01 secs] 
131.252: Total time for which application threads were stopped: 0.0006280 seconds, Stopping threads took: 0.0000590 seconds
131.311: Application time: 0.0589370 seconds
131.311: [GC [PSYoungGen: 14365K->384K(14848K)] 33533K->19967K(47104K), 0.0004530 secs] [Times: user=0.00 sys=0.00, real=0.00 secs] 
131.312: Total time for which application threads were stopped: 0.0005760 seconds, Stopping threads took: 0.0000620 seconds
131.355: Application time: 0.0433220 seconds
131.355: [GC [PSYoungGen: 14205K->384K(14848K)] 33789K->19975K(47104K), 0.0003980 secs] [Times: user=0.00 sys=0.00, real=0.00 secs] 
131.355: Total time for which application threads were stopped: 0.0005180 seconds, Stopping threads took: 0.0000600 seconds
131.416: Application time: 0.0606600 seconds
131.416: [GC [PSYoungGen: 14207K->0K(14848K)] 33799K->19852K(47104K), 0.0004230 secs] [Times: user=0.00 sys=0.00, real=0.00 secs] 
131.417: Total time for which application threads were stopped: 0.0005270 seconds, Stopping threads took: 0.0000420 seconds
131.476: Application time: 0.0588490 seconds
131.476: [GC [PSYoungGen: 13822K->544K(14848K)] 33674K->20396K(47104K), 0.0004220 secs] [Times: user=0.00 sys=0.00, real=0.00 secs] 
131.476: Total time for which application threads were stopped: 0.0005340 seconds, Stopping threads took: 0.0000520 seconds
131.524: Application time: 0.0477710 seconds
131.524: [GC [PSYoungGen: 14366K->384K(14848K)] 34218K->20648K(47104K), 0.0005080 secs] [Times: user=0.00 sys=0.00, real=0.00 secs] 
131.524: Total time for which application threads were stopped: 0.0006290 seconds, Stopping threads took: 0.0000610 seconds
131.578: Application time: 0.0532530 seconds
131.578: [GC [PSYoungGen: 14206K->640K(14848K)] 34471K->20920K(47104K), 0.0004700 secs] [Times: user=0.00 sys=0.00, real=0.00 secs] 
131.578: Total time for which application threads were stopped: 0.0006070 seconds, Stopping threads took: 0.0000650 seconds
131.631: Application time: 0.0523280 seconds
131.631: [GC [PSYoungGen: 14461K->512K(14848K)] 34742K->20997K(47104K), 0.0005280 secs] [Times: user=0.00 sys=0.00, real=0.01 secs] 
131.632: Total time for which application threads were stopped: 0.0016220 seconds, Stopping threads took: 0.0000420 seconds
131.666: Application time: 0.0340150 seconds
131.666: [GC [PSYoungGen: 14335K->544K(14848K)] 34821K->21273K(47104K), 0.0005340 secs] [Times: user=0.00 sys=0.00, real=0.00 secs] 
131.667: Total time for which application threads were stopped: 0.0006630 seconds, Stopping threads took: 0.0000680 seconds
131.721: Application time: 0.0541160 seconds
131.721: [GC [PSYoungGen: 14365K->320K(14336K)] 35094K->21286K(46592K), 0.0004980 secs] [Times: user=0.00 sys=0.00, real=0.00 secs] 
131.722: Total time for which application threads were stopped: 0.0006090 seconds, Stopping threads took: 0.0000500 seconds
131.779: Application time: 0.0568630 seconds
131.780: [GC [PSYoungGen: 14140K->736K(14848K)] 35106K->21710K(47104K), 0.0004620 secs] [Times: user=0.00 sys=0.00, real=0.00 secs] 
131.780: Total time for which application threads were stopped: 0.0017040 seconds, Stopping threads took: 0.0011800 seconds
131.841: Application time: 0.0608930 seconds
131.841: [GC [PSYoungGen: 14557K->0K(14336K)] 35532K->21588K(46592K), 0.0005100 secs] [Times: user=0.00 sys=0.00, real=0.00 secs] 
131.842: Total time for which application threads were stopped: 0.0006540 seconds, Stopping threads took: 0.0000810 seconds
131.902: Application time: 0.0603530 seconds
131.902: [GC [PSYoungGen: 13823K->0K(14848K)] 35411K->21588K(47104K), 0.0003490 secs] [Times: user=0.00 sys=0.00, real=0.00 secs] 
131.903: Total time for which application threads were stopped: 0.0004670 seconds, Stopping threads took: 0.0000560 seconds
131.961: Application time: 0.0584700 seconds
131.961: [GC [PSYoungGen: 13823K->384K(14336K)] 35411K->21972K(46592K), 0.0004040 secs] [Times: user=0.00 sys=0.00, real=0.00 secs] 
131.962: Total time for which application threads were stopped: 0.0005250 seconds, Stopping threads took: 0.0000590 seconds
132.022: Application time: 0.0605940 seconds
132.022: [GC [PSYoungGen: 14207K->0K(14848K)] 35795K->21832K(47104K), 0.0004950 secs] [Times: user=0.01 sys=0.00, real=0.00 secs] 
132.023: Total time for which application threads were stopped: 0.0006140 seconds, Stopping threads took: 0.0000590 seconds
132.080: Application time: 0.0571950 seconds
132.080: [GC [PSYoungGen: 13822K->544K(14848K)] 35654K->22376K(47104K), 0.0004430 secs] [Times: user=0.00 sys=0.00, real=0.00 secs] 
132.081: Total time for which application threads were stopped: 0.0005720 seconds, Stopping threads took: 0.0000550 seconds
132.142: Application time: 0.0613910 seconds
132.142: [GC [PSYoungGen: 14363K->0K(14336K)] 36196K->22281K(46592K), 0.0004580 secs] [Times: user=0.00 sys=0.00, real=0.00 secs] 
132.143: Total time for which application threads were stopped: 0.0005700 seconds, Stopping threads took: 0.0000510 seconds
132.204: Application time: 0.0613890 seconds
132.204: [GC [PSYoungGen: 13819K->0K(14336K)] 36101K->22281K(46592K), 0.0003970 secs] [Times: user=0.00 sys=0.00, real=0.00 secs] 
132.204: Total time for which application threads were stopped: 0.0005130 seconds, Stopping threads took: 0.0000560 seconds
132.266: Application time: 0.0615380 seconds
132.266: [GC [PSYoungGen: 13821K->0K(14848K)] 36103K->22281K(47104K), 0.0003770 secs] [Times: user=0.00 sys=0.00, real=0.00 secs] 
132.267: Total time for which application threads were stopped: 0.0004920 seconds, Stopping threads took: 0.0000490 seconds
132.328: Application time: 0.0617240 seconds
132.328: [GC [PSYoungGen: 13821K->0K(14336K)] 36102K->22281K(46592K), 0.0004030 secs] [Times: user=0.00 sys=0.00, real=0.00 secs] 
132.329: Total time for which application threads were stopped: 0.0005290 seconds, Stopping threads took: 0.0000660 seconds
132.390: Application time: 0.0612880 seconds
132.390: [GC [PSYoungGen: 13819K->0K(14848K)] 36101K->22281K(47104K), 0.0003630 secs] [Times: user=0.00 sys=0.00, real=0.00 secs] 
132.391: Total time for which application threads were stopped: 0.0004810 seconds, Stopping threads took: 0.0000580 seconds
132.451: Application time: 0.0600700 seconds
132.451: [GC [PSYoungGen: 13822K->320K(14848K)] 36103K->22601K(47104K), 0.0004440 secs] [Times: user=0.00 sys=0.00, real=0.00 secs] 
132.451: Total time for which application threads were stopped: 0.0005560 seconds, Stopping threads took: 0.0000480 seconds
132.494: Application time: 0.0430840 seconds
132.494: Total time for which application threads were stopped: 0.0000820 seconds, Stopping threads took: 0.0000600 seconds
132.494: Application time: 0.0000530 seconds
132.494: [GC [PSYoungGen: 14105K->256K(14848K)] 36515K->22673K(47104K), 0.0004070 secs] [Times: user=0.01 sys=0.00, real=0.00 secs] 
132.495: Total time for which application threads were stopped: 0.0005000 seconds, Stopping threads took: 0.0000410 seconds
132.544: Application time: 0.0490730 seconds
132.544: [GC [PSYoungGen: 14078K->320K(14848K)] 36780K->23106K(47104K), 0.0004230 secs] [Times: user=0.00 sys=0.00, real=0.00 secs] 
132.545: Total time for which application threads were stopped: 0.0005430 seconds, Stopping threads took: 0.0000610 seconds
132.597: Application time: 0.0523230 seconds
132.597: [GC [PSYoungGen: 14143K->528K(14848K)] 36930K->23378K(47104K), 0.0004170 secs] [Times: user=0.00 sys=0.00, real=0.00 secs] 
132.597: Total time for which application threads were stopped: 0.0005520 seconds, Stopping threads took: 0.0000660 seconds
132.657: Application time: 0.0597700 seconds
132.657: [GC [PSYoungGen: 14349K->384K(14848K)] 37200K->23479K(47104K), 0.0004400 secs] [Times: user=0.00 sys=0.00, real=0.00 secs] 
132.658: Total time for which application threads were stopped: 0.0005440 seconds, Stopping threads took: 0.0000440 seconds
132.718: Application time: 0.0605800 seconds
132.718: [GC [PSYoungGen: 14207K->0K(14848K)] 37303K->23323K(47104K), 0.0004450 secs] [Times: user=0.00 sys=0.00, real=0.00 secs] 
132.719: Total time for which application threads were stopped: 0.0005660 seconds, Stopping threads took: 0.0000610 seconds
132.763: Application time: 0.0443610 seconds
132.763: [GC [PSYoungGen: 13820K->384K(14848K)] 37144K->23707K(47104K), 0.0004020 secs] [Times: user=0.00 sys=0.00, real=0.00 secs] 
132.764: Total time for which application threads were stopped: 0.0005030 seconds, Stopping threads took: 0.0000410 seconds
132.820: Application time: 0.0564880 seconds
132.820: [GC [PSYoungGen: 14207K->480K(14848K)] 37531K->23875K(47104K), 0.0004330 secs] [Times: user=0.00 sys=0.00, real=0.00 secs] 
132.821: Total time for which application threads were stopped: 0.0005490 seconds, Stopping threads took: 0.0000540 seconds
132.865: Application time: 0.0446690 seconds
132.866: [GC [PSYoungGen: 14301K->544K(14848K)] 37697K->23963K(47104K), 0.0004200 secs] [Times: user=0.00 sys=0.00, real=0.00 secs] 
132.866: Total time for which application threads were stopped: 0.0005460 seconds, Stopping threads took: 0.0000610 seconds
132.919: Application time: 0.0531400 seconds
132.919: [GC [PSYoungGen: 14364K->576K(14848K)] 37784K->24216K(47104K), 0.0004620 secs] [Times: user=0.00 sys=0.00, real=0.00 secs] 
132.920: Total time for which application threads were stopped: 0.0005800 seconds, Stopping threads took: 0.0000480 seconds
132.978: Application time: 0.0585740 seconds
132.978: [GC [PSYoungGen: 14398K->544K(14848K)] 38039K->24440K(47104K), 0.0004810 secs] [Times: user=0.00 sys=0.00, real=0.00 secs] 
132.979: Total time for which application threads were stopped: 0.0006040 seconds, Stopping threads took: 0.0000530 seconds
133.040: Application time: 0.0607210 seconds
133.040: [GC [PSYoungGen: 14365K->0K(14848K)] 38261K->24313K(47104K), 0.0004400 secs] [Times: user=0.00 sys=0.00, real=0.00 secs] 
133.040: Total time for which application threads were stopped: 0.0005670 seconds, Stopping threads took: 0.0000660 seconds
133.088: Application time: 0.0479400 seconds
133.088: [GC [PSYoungGen: 13820K->384K(14848K)] 38133K->24697K(47104K), 0.0003980 secs] [Times: user=0.00 sys=0.00, real=0.00 secs] 
133.089: Total time for which application threads were stopped: 0.0005020 seconds, Stopping threads took: 0.0000430 seconds
133.142: Application time: 0.0531980 seconds
133.142: [GC [PSYoungGen: 14207K->352K(14848K)] 38521K->24673K(47104K), 0.0004110 secs] [Times: user=0.00 sys=0.00, real=0.00 secs] 
133.142: Total time for which application threads were stopped: 0.0005350 seconds, Stopping threads took: 0.0000530 seconds
133.200: Application time: 0.0575500 seconds
133.200: [GC [PSYoungGen: 14172K->544K(14848K)] 38494K->24929K(47104K), 0.0004940 secs] [Times: user=0.00 sys=0.00, real=0.00 secs] 
133.201: Total time for which application threads were stopped: 0.0006080 seconds, Stopping threads took: 0.0000510 seconds
133.248: Application time: 0.0476010 seconds
133.248: [GC [PSYoungGen: 14364K->320K(14848K)] 38749K->25250K(47104K), 0.0004760 secs] [Times: user=0.00 sys=0.00, real=0.00 secs] 
133.249: Total time for which application threads were stopped: 0.0005690 seconds, Stopping threads took: 0.0000320 seconds
133.301: Application time: 0.0521980 seconds
133.301: [GC [PSYoungGen: 14143K->576K(14848K)] 39074K->25514K(47104K), 0.0004320 secs] [Times: user=0.01 sys=0.00, real=0.00 secs] 
133.301: Total time for which application threads were stopped: 0.0005310 seconds, Stopping threads took: 0.0000380 seconds
133.348: Application time: 0.0469370 seconds
133.348: [GC [PSYoungGen: 14398K->512K(14848K)] 39337K->25655K(47104K), 0.0004730 secs] [Times: user=0.00 sys=0.00, real=0.00 secs] 
133.349: Total time for which application threads were stopped: 0.0005830 seconds, Stopping threads took: 0.0000480 seconds
133.387: Application time: 0.0375580 seconds
133.387: [GC [PSYoungGen: 14333K->544K(14848K)] 39477K->25931K(47104K), 0.0004600 secs] [Times: user=0.00 sys=0.00, real=0.00 secs] 
133.387: Total time for which application threads were stopped: 0.0005770 seconds, Stopping threads took: 0.0000600 seconds
133.442: Application time: 0.0553230 seconds
133.442: [GC [PSYoungGen: 14367K->544K(14848K)] 39755K->25947K(47104K), 0.0004200 secs] [Times: user=0.00 sys=0.00, real=0.00 secs] 
133.443: Total time for which application threads were stopped: 0.0005340 seconds, Stopping threads took: 0.0000560 seconds
133.502: Application time: 0.0590330 seconds
133.504: [GC [PSYoungGen: 14364K->544K(14848K)] 39768K->26168K(47104K), 0.0005380 secs] [Times: user=0.00 sys=0.00, real=0.00 secs] 
133.504: Total time for which application threads were stopped: 0.0023520 seconds, Stopping threads took: 0.0017490 seconds
133.566: Application time: 0.0612260 seconds
133.566: [GC [PSYoungGen: 14367K->0K(14848K)] 39992K->26041K(47104K), 0.0004730 secs] [Times: user=0.00 sys=0.00, real=0.00 secs] 
133.566: Total time for which application threads were stopped: 0.0006060 seconds, Stopping threads took: 0.0000740 seconds
133.627: Application time: 0.0605470 seconds
133.627: [GC [PSYoungGen: 13821K->0K(14848K)] 39862K->26041K(47104K), 0.0003650 secs] [Times: user=0.00 sys=0.00, real=0.00 secs] 
133.627: Total time for which application threads were stopped: 0.0004870 seconds, Stopping threads took: 0.0000610 seconds
133.686: Application time: 0.0589860 seconds
133.686: [GC [PSYoungGen: 13819K->320K(14848K)] 39861K->26361K(47104K), 0.0004700 secs] [Times: user=0.01 sys=0.00, real=0.00 secs] 
133.687: Total time for which application threads were stopped: 0.0005840 seconds, Stopping threads took: 0.0000470 seconds
133.747: Application time: 0.0606860 seconds
133.748: [GC [PSYoungGen: 14141K->0K(14848K)] 40183K->26306K(47104K), 0.0004270 secs] [Times: user=0.00 sys=0.00, real=0.00 secs] 
133.748: Total time for which application threads were stopped: 0.0005350 seconds, Stopping threads took: 0.0000480 seconds
133.805: Application time: 0.0572790 seconds
133.805: [GC [PSYoungGen: 13822K->544K(14848K)] 40128K->26850K(47104K), 0.0004670 secs] [Times: user=0.00 sys=0.00, real=0.00 secs] 
133.806: Total time for which application threads were stopped: 0.0005840 seconds, Stopping threads took: 0.0000590 seconds
133.867: Application time: 0.0614410 seconds
133.867: [GC [PSYoungGen: 14363K->0K(14848K)] 40669K->26747K(47104K), 0.0004450 secs] [Times: user=0.00 sys=0.00, real=0.00 secs] 
133.868: Total time for which application threads were stopped: 0.0005600 seconds, Stopping threads took: 0.0000530 seconds
133.930: Application time: 0.0616500 seconds
133.930: [GC [PSYoungGen: 13821K->0K(14848K)] 40569K->26747K(47104K), 0.0003760 secs] [Times: user=0.00 sys=0.00, real=0.00 secs] 
133.930: Total time for which application threads were stopped: 0.0004990 seconds, Stopping threads took: 0.0000640 seconds
133.992: Application time: 0.0616420 seconds
133.992: [GC [PSYoungGen: 13821K->0K(14848K)] 40569K->26747K(47104K), 0.0003580 secs] [Times: user=0.00 sys=0.00, real=0.00 secs] 
133.992: Total time for which application threads were stopped: 0.0004820 seconds, Stopping threads took: 0.0000620 seconds
134.054: Application time: 0.0615300 seconds
134.054: [GC [PSYoungGen: 13821K->0K(14848K)] 40569K->26747K(47104K), 0.0003640 secs] [Times: user=0.00 sys=0.00, real=0.00 secs] 
134.054: Total time for which application threads were stopped: 0.0004790 seconds, Stopping threads took: 0.0000580 seconds
134.116: Application time: 0.0614940 seconds
134.116: [GC [PSYoungGen: 13821K->0K(14848K)] 40569K->26747K(47104K), 0.0003720 secs] [Times: user=0.00 sys=0.00, real=0.00 secs] 
134.116: Total time for which application threads were stopped: 0.0004920 seconds, Stopping threads took: 0.0000630 seconds
134.171: Application time: 0.0552190 seconds
134.171: [GC [PSYoungGen: 13823K->384K(14848K)] 40570K->27131K(47104K), 0.0004600 secs] [Times: user=0.00 sys=0.00, real=0.01 secs] 
134.172: Total time for which application threads were stopped: 0.0005780 seconds, Stopping threads took: 0.0000600 seconds
134.220: Application time: 0.0481840 seconds
134.220: [GC [PSYoungGen: 14205K->352K(14848K)] 40952K->27107K(47104K), 0.0004170 secs] [Times: user=0.00 sys=0.00, real=0.00 secs] 
134.221: Total time for which application threads were stopped: 0.0005360 seconds, Stopping threads took: 0.0000500 seconds
134.265: Application time: 0.0438520 seconds
134.265: [GC [PSYoungGen: 14171K->384K(14848K)] 40927K->27375K(47104K), 0.0004460 secs] [Times: user=0.00 sys=0.00, real=0.00 secs] 
134.265: Total time for which application threads were stopped: 0.0005610 seconds, Stopping threads took: 0.0000520 seconds
134.321: Application time: 0.0561870 seconds
134.321: [GC [PSYoungGen: 14205K->512K(14848K)] 41197K->27559K(47104K), 0.0004500 secs] [Times: user=0.00 sys=0.00, real=0.00 secs] 
134.322: Total time for which application threads were stopped: 0.0005670 seconds, Stopping threads took: 0.0000540 seconds
134.386: Application time: 0.0645020 seconds
134.388: [GC [PSYoungGen: 14332K->192K(14848K)] 41380K->27476K(47104K), 0.0007690 secs] [Times: user=0.00 sys=0.00, real=0.00 secs] 
134.389: Total time for which application threads were stopped: 0.0022190 seconds, Stopping threads took: 0.0013760 seconds
134.449: Application time: 0.0600880 seconds
134.449: [GC [PSYoungGen: 14012K->352K(14848K)] 41297K->27864K(47104K), 0.0004450 secs] [Times: user=0.00 sys=0.00, real=0.00 secs] 
134.449: Total time for which application threads were stopped: 0.0005720 seconds, Stopping threads took: 0.0000680 seconds
134.496: Application time: 0.0468930 seconds
134.496: [GC [PSYoungGen: 14173K->288K(14848K)] 41686K->27857K(47104K), 0.0004850 secs] [Times: user=0.01 sys=0.00, real=0.00 secs] 
134.497: Total time for which application threads were stopped: 0.0006190 seconds, Stopping threads took: 0.0000610 seconds
134.547: Application time: 0.0506910 seconds
134.548: [GC [PSYoungGen: 14109K->512K(14848K)] 41678K->28097K(47104K), 0.0004490 secs] [Times: user=0.00 sys=0.00, real=0.00 secs] 
134.548: Total time for which application threads were stopped: 0.0005580 seconds, Stopping threads took: 0.0000480 seconds
134.597: Application time: 0.0489100 seconds
134.600: [GC [PSYoungGen: 14334K->384K(14848K)] 41919K->28189K(47104K), 0.0004240 secs] [Times: user=0.01 sys=0.00, real=0.00 secs] 
134.600: Total time for which application threads were stopped: 0.0033090 seconds, Stopping threads took: 0.0028230 seconds
134.658: Application time: 0.0576750 seconds
134.658: [GC [PSYoungGen: 14204K->544K(14848K)] 42010K->28405K(47104K), 0.0004470 secs] [Times: user=0.00 sys=0.00, real=0.00 secs] 
134.658: Total time for which application threads were stopped: 0.0005570 seconds, Stopping threads took: 0.0000460 seconds
134.718: Application time: 0.0590830 seconds
134.718: [GC [PSYoungGen: 14367K->416K(14848K)] 42229K->28694K(47104K), 0.0004740 secs] [Times: user=0.01 sys=0.00, real=0.00 secs] 
134.718: Total time for which application threads were stopped: 0.0005960 seconds, Stopping threads took: 0.0000610 seconds
134.779: Application time: 0.0612860 seconds
134.780: [GC [PSYoungGen: 14237K->0K(14848K)] 42515K->28507K(47104K), 0.0004020 secs] [Times: user=0.00 sys=0.00, real=0.01 secs] 
134.780: Total time for which application threads were stopped: 0.0005360 seconds, Stopping threads took: 0.0000630 seconds
134.827: Application time: 0.0474510 seconds
134.828: [GC [PSYoungGen: 13822K->384K(14848K)] 42329K->28891K(47104K), 0.0004010 secs] [Times: user=0.00 sys=0.00, real=0.00 secs] 
134.828: Total time for which application threads were stopped: 0.0005280 seconds, Stopping threads took: 0.0000640 seconds
134.881: Application time: 0.0527490 seconds
134.884: [GC [PSYoungGen: 14207K->512K(14848K)] 42714K->29027K(47104K), 0.0004590 secs] [Times: user=0.00 sys=0.00, real=0.00 secs] 
134.884: Total time for which application threads were stopped: 0.0035460 seconds, Stopping threads took: 0.0030270 seconds
134.944: Application time: 0.0602300 seconds
134.945: [GC [PSYoungGen: 14333K->320K(14848K)] 42848K->29091K(47104K), 0.0004260 secs] [Times: user=0.00 sys=0.00, real=0.00 secs] 
134.945: Total time for which application threads were stopped: 0.0005320 seconds, Stopping threads took: 0.0000460 seconds
134.989: Application time: 0.0439150 seconds
134.989: [GC [PSYoungGen: 14141K->576K(14848K)] 42912K->29567K(47104K), 0.0004820 secs] [Times: user=0.01 sys=0.00, real=0.00 secs] 
134.990: Total time for which application threads were stopped: 0.0005960 seconds, Stopping threads took: 0.0000550 seconds
135.046: Application time: 0.0560990 seconds
135.046: [GC [PSYoungGen: 14399K->288K(14848K)] 43391K->29487K(47104K), 0.0004860 secs] [Times: user=0.00 sys=0.00, real=0.00 secs] 
135.046: Total time for which application threads were stopped: 0.0006010 seconds, Stopping threads took: 0.0000580 seconds
135.097: Application time: 0.0509520 seconds
135.097: [GC [PSYoungGen: 14109K->672K(14848K)] 43309K->29879K(47104K), 0.0004730 secs] [Times: user=0.01 sys=0.00, real=0.00 secs] 
135.098: Total time for which application threads were stopped: 0.0005800 seconds, Stopping threads took: 0.0000480 seconds
135.131: Application time: 0.0332080 seconds
135.131: [GC [PSYoungGen: 14494K->544K(14848K)] 43702K->29964K(47104K), 0.0004760 secs] [Times: user=0.00 sys=0.00, real=0.00 secs] 
135.132: Total time for which application threads were stopped: 0.0006060 seconds, Stopping threads took: 0.0000680 seconds
135.187: Application time: 0.0555280 seconds
135.187: [GC [PSYoungGen: 14365K->512K(14848K)] 43785K->29996K(47104K), 0.0004370 secs] [Times: user=0.00 sys=0.00, real=0.00 secs] 
135.188: Total time for which application threads were stopped: 0.0005850 seconds, Stopping threads took: 0.0000770 seconds
135.246: Application time: 0.0581510 seconds
135.246: [GC [PSYoungGen: 14333K->832K(14848K)] 43818K->30332K(47104K), 0.0005320 secs] [Times: user=0.00 sys=0.00, real=0.00 secs] 
135.247: Total time for which application threads were stopped: 0.0006590 seconds, Stopping threads took: 0.0000630 seconds
135.313: Application time: 0.0665410 seconds
135.313: [GC [PSYoungGen: 14653K->0K(14848K)] 44153K->30234K(47104K), 0.0005060 secs] [Times: user=0.00 sys=0.00, real=0.00 secs] 
135.314: Total time for which application threads were stopped: 0.0006360 seconds, Stopping threads took: 0.0000580 seconds
135.380: Application time: 0.0665000 seconds
135.380: [GC [PSYoungGen: 13821K->0K(14848K)] 44055K->30234K(47104K), 0.0003990 secs] [Times: user=0.00 sys=0.00, real=0.00 secs] 
135.381: Total time for which application threads were stopped: 0.0005330 seconds, Stopping threads took: 0.0000740 seconds
135.445: Application time: 0.0647390 seconds
135.446: [GC [PSYoungGen: 13822K->320K(14848K)] 44056K->30554K(47104K), 0.0004740 secs] [Times: user=0.00 sys=0.00, real=0.00 secs] 
135.446: Total time for which application threads were stopped: 0.0005800 seconds, Stopping threads took: 0.0000450 seconds
135.513: Application time: 0.0666220 seconds
135.513: [GC [PSYoungGen: 14143K->0K(14848K)] 44377K->30482K(47104K), 0.0004360 secs] [Times: user=0.00 sys=0.00, real=0.00 secs] 
135.513: Total time for which application threads were stopped: 0.0005630 seconds, Stopping threads took: 0.0000600 seconds
135.576: Application time: 0.0627360 seconds
135.576: [GC [PSYoungGen: 13823K->512K(14848K)] 44305K->30994K(47104K), 0.0004810 secs] [Times: user=0.00 sys=0.00, real=0.00 secs] 
135.577: Total time for which application threads were stopped: 0.0005970 seconds, Stopping threads took: 0.0000520 seconds
135.644: Application time: 0.0674520 seconds
135.644: [GC [PSYoungGen: 14331K->0K(14848K)] 44813K->30923K(47104K), 0.0004620 secs] [Times: user=0.00 sys=0.00, real=0.00 secs] 
135.645: Total time for which application threads were stopped: 0.0006000 seconds, Stopping threads took: 0.0000740 seconds
135.712: Application time: 0.0676270 seconds
135.712: [GC [PSYoungGen: 13819K->0K(14848K)] 44743K->30923K(47104K), 0.0004390 secs] [Times: user=0.00 sys=0.00, real=0.00 secs] 
135.713: Total time for which application threads were stopped: 0.0005590 seconds, Stopping threads took: 0.0000570 seconds
135.781: Application time: 0.0677550 seconds
135.781: [GC [PSYoungGen: 13819K->0K(14848K)] 44743K->30923K(47104K), 0.0003670 secs] [Times: user=0.01 sys=0.00, real=0.00 secs] 
135.781: Total time for which application threads were stopped: 0.0004880 seconds, Stopping threads took: 0.0000590 seconds
135.848: Application time: 0.0674260 seconds
135.849: [GC [PSYoungGen: 13819K->0K(14848K)] 44743K->30923K(47104K), 0.0003720 secs] [Times: user=0.00 sys=0.00, real=0.00 secs] 
135.849: Total time for which application threads were stopped: 0.0005000 seconds, Stopping threads took: 0.0000600 seconds
135.917: Application time: 0.0675570 seconds
135.917: [GC [PSYoungGen: 13821K->0K(14848K)] 44745K->30923K(47104K), 0.0004230 secs] [Times: user=0.00 sys=0.00, real=0.00 secs] 
135.917: Total time for which application threads were stopped: 0.0005560 seconds, Stopping threads took: 0.0000710 seconds
135.982: Application time: 0.0649010 seconds
135.982: [GC [PSYoungGen: 13819K->288K(14848K)] 44742K->31211K(47104K), 0.0004650 secs] [Times: user=0.00 sys=0.00, real=0.00 secs] 
135.983: Total time for which application threads were stopped: 0.0005810 seconds, Stopping threads took: 0.0000540 seconds
136.029: Application time: 0.0461570 seconds
136.029: [GC [PSYoungGen: 14107K->480K(14848K)] 45031K->31411K(47104K), 0.0005270 secs] [Times: user=0.00 sys=0.00, real=0.00 secs] 
136.029: Total time for which application threads were stopped: 0.0006450 seconds, Stopping threads took: 0.0000560 seconds
136.076: Application time: 0.0467700 seconds
136.076: [GC [PSYoungGen: 14303K->416K(14848K)] 45235K->31583K(47104K), 0.0005260 secs] [Times: user=0.00 sys=0.00, real=0.00 secs] 
136.077: Total time for which application threads were stopped: 0.0006530 seconds, Stopping threads took: 0.0000650 seconds
136.142: Application time: 0.0647690 seconds
136.142: [GC [PSYoungGen: 14239K->288K(14848K)] 45407K->31695K(47104K), 0.0005850 secs] [Times: user=0.00 sys=0.00, real=0.00 secs] 
136.142: Total time for which application threads were stopped: 0.0007040 seconds, Stopping threads took: 0.0000550 seconds
136.208: Application time: 0.0657270 seconds
136.208: [GC [PSYoungGen: 14111K->352K(14848K)] 45519K->32132K(47104K), 0.0005130 secs] [Times: user=0.01 sys=0.00, real=0.00 secs] 
136.209: [Full GC [PSYoungGen: 352K->0K(14848K)] [ParOldGen: 31780K->4388K(31744K)] 32132K->4388K(46592K) [PSPermGen: 5549K->5549K(21504K)], 0.0058280 secs] [Times: user=0.02 sys=0.00, real=0.01 secs] 
136.215: Total time for which application threads were stopped: 0.0065230 seconds, Stopping threads took: 0.0000670 seconds
136.271: Application time: 0.0559820 seconds
136.271: [GC [PSYoungGen: 13820K->384K(14848K)] 18208K->4772K(46592K), 0.0004340 secs] [Times: user=0.00 sys=0.00, real=0.00 secs] 
136.271: Total time for which application threads were stopped: 0.0005760 seconds, Stopping threads took: 0.0000830 seconds
136.326: Application time: 0.0553730 seconds
136.327: [GC [PSYoungGen: 14205K->352K(14848K)] 18593K->4820K(46592K), 0.0003950 secs] [Times: user=0.00 sys=0.00, real=0.00 secs] 
136.327: Total time for which application threads were stopped: 0.0005300 seconds, Stopping threads took: 0.0000730 seconds
136.384: Application time: 0.0570940 seconds
136.384: [GC [PSYoungGen: 14173K->544K(14848K)] 18641K->5036K(46592K), 0.0004100 secs] [Times: user=0.00 sys=0.00, real=0.00 secs] 
136.385: Total time for which application threads were stopped: 0.0005310 seconds, Stopping threads took: 0.0000530 seconds
136.416: Application time: 0.0313060 seconds
136.416: Total time for which application threads were stopped: 0.0000780 seconds, Stopping threads took: 0.0000560 seconds
136.440: Application time: 0.0244350 seconds
136.441: [GC [PSYoungGen: 14365K->384K(14848K)] 18857K->5096K(46592K), 0.0003950 secs] [Times: user=0.01 sys=0.00, real=0.00 secs] 
136.441: Total time for which application threads were stopped: 0.0004960 seconds, Stopping threads took: 0.0000420 seconds
136.508: Application time: 0.0665320 seconds
136.508: [GC [PSYoungGen: 14204K->544K(14848K)] 18917K->5280K(46592K), 0.0004110 secs] [Times: user=0.00 sys=0.00, real=0.00 secs] 
136.508: Total time for which application threads were stopped: 0.0005160 seconds, Stopping threads took: 0.0000450 seconds
136.578: Application time: 0.0701060 seconds
136.578: [GC [PSYoungGen: 14364K->0K(14848K)] 19101K->5141K(46592K), 0.0003990 secs] [Times: user=0.01 sys=0.00, real=0.00 secs] 
136.579: Total time for which application threads were stopped: 0.0005290 seconds, Stopping threads took: 0.0000710 seconds
136.644: Application time: 0.0653310 seconds
136.644: [GC [PSYoungGen: 13821K->256K(14848K)] 18962K->5397K(46592K), 0.0004180 secs] [Times: user=0.00 sys=0.00, real=0.00 secs] 
136.646: Total time for which application threads were stopped: 0.0016200 seconds, Stopping threads took: 0.0000460 seconds
136.684: Application time: 0.0387290 seconds
136.684: Total time for which application threads were stopped: 0.0000940 seconds, Stopping threads took: 0.0000710 seconds
136.698: Application time: 0.0134630 seconds
136.698: [GC [PSYoungGen: 14010K->288K(14848K)] 19152K->5445K(46592K), 0.0004610 secs] [Times: user=0.00 sys=0.00, real=0.00 secs] 
136.698: Total time for which application threads were stopped: 0.0005610 seconds, Stopping threads took: 0.0000450 seconds
136.772: Application time: 0.0736660 seconds
136.772: [GC [PSYoungGen: 14108K->192K(14848K)] 19266K->5441K(46592K), 0.0004160 secs] [Times: user=0.00 sys=0.00, real=0.00 secs] 
136.773: Total time for which application threads were stopped: 0.0005180 seconds, Stopping threads took: 0.0000370 seconds
136.830: Application time: 0.0577730 seconds
136.831: [GC [PSYoungGen: 14013K->384K(14848K)] 19263K->5769K(46592K), 0.0005150 secs] [Times: user=0.00 sys=0.00, real=0.00 secs] 
136.831: Total time for which application threads were stopped: 0.0006280 seconds, Stopping threads took: 0.0000410 seconds
136.897: Application time: 0.0659320 seconds
136.897: [GC [PSYoungGen: 14203K->320K(14848K)] 19589K->5729K(46592K), 0.0004620 secs] [Times: user=0.01 sys=0.00, real=0.00 secs] 
136.898: Total time for which application threads were stopped: 0.0005920 seconds, Stopping threads took: 0.0000520 seconds
136.948: Application time: 0.0503910 seconds
136.948: [GC [PSYoungGen: 14139K->512K(14848K)] 19549K->5929K(46592K), 0.0004090 secs] [Times: user=0.00 sys=0.00, real=0.00 secs] 
136.948: Total time for which application threads were stopped: 0.0005140 seconds, Stopping threads took: 0.0000390 seconds
136.983: Application time: 0.0345930 seconds
136.983: Total time for which application threads were stopped: 0.0000810 seconds, Stopping threads took: 0.0000600 seconds
137.015: Application time: 0.0318930 seconds
137.015: [GC [PSYoungGen: 14333K->320K(14848K)] 19751K->5950K(46592K), 0.0004600 secs] [Times: user=0.00 sys=0.00, real=0.00 secs] 
137.016: Total time for which application threads were stopped: 0.0005450 seconds, Stopping threads took: 0.0000320 seconds
137.091: Application time: 0.0758550 seconds
137.092: [GC [PSYoungGen: 14143K->352K(14848K)] 19774K->6014K(46592K), 0.0004270 secs] [Times: user=0.01 sys=0.00, real=0.01 secs] 
137.092: Total time for which application threads were stopped: 0.0005360 seconds, Stopping threads took: 0.0000500 seconds
137.159: Application time: 0.0672810 seconds
137.159: Total time for which application threads were stopped: 0.0000600 seconds, Stopping threads took: 0.0000400 seconds
137.181: Application time: 0.0215140 seconds
137.181: [GC [PSYoungGen: 14171K->96K(14848K)] 19834K->5978K(46592K), 0.0004270 secs] [Times: user=0.00 sys=0.00, real=0.00 secs] 
137.181: Total time for which application threads were stopped: 0.0005140 seconds, Stopping threads took: 0.0000400 seconds
137.263: Application time: 0.0819960 seconds
137.263: [GC [PSYoungGen: 13917K->0K(14848K)] 19800K->5898K(46592K), 0.0003420 secs] [Times: user=0.00 sys=0.00, real=0.00 secs] 
137.264: Total time for which application threads were stopped: 0.0004330 seconds, Stopping threads took: 0.0000370 seconds
137.273: Application time: 0.0096300 seconds
137.274: Total time for which application threads were stopped: 0.0000690 seconds, Stopping threads took: 0.0000560 seconds
137.385: Application time: 0.1111670 seconds
137.385: [GC [PSYoungGen: 13821K->32K(14848K)] 19720K->5930K(46592K), 0.0003630 secs] [Times: user=0.00 sys=0.00, real=0.00 secs] 
137.385: Total time for which application threads were stopped: 0.0004510 seconds, Stopping threads took: 0.0000340 seconds
137.493: Application time: 0.1082310 seconds
137.494: [GC [PSYoungGen: 13851K->288K(14848K)] 19750K->6194K(46592K), 0.0005640 secs] [Times: user=0.00 sys=0.00, real=0.00 secs] 
137.494: Total time for which application threads were stopped: 0.0007220 seconds, Stopping threads took: 0.0000890 seconds
137.561: Application time: 0.0670600 seconds
137.561: [GC [PSYoungGen: 14110K->512K(14848K)] 20017K->6426K(46592K), 0.0005200 secs] [Times: user=0.00 sys=0.00, real=0.00 secs] 
137.562: Total time for which application threads were stopped: 0.0006970 seconds, Stopping threads took: 0.0000960 seconds
137.626: Application time: 0.0645990 seconds
137.626: Total time for which application threads were stopped: 0.0000430 seconds, Stopping threads took: 0.0000160 seconds
137.644: Application time: 0.0179780 seconds
137.645: [GC [PSYoungGen: 14333K->992K(14336K)] 20248K->7775K(46080K), 0.0007820 secs] [Times: user=0.00 sys=0.00, real=0.00 secs] 
137.645: Total time for which application threads were stopped: 0.0008900 seconds, Stopping threads took: 0.0000500 seconds
137.678: Application time: 0.0329610 seconds
137.678: [GC [PSYoungGen: 14301K->704K(14848K)] 21084K->8117K(46592K), 0.0005880 secs] [Times: user=0.01 sys=0.00, real=0.00 secs] 
137.679: Total time for which application threads were stopped: 0.0007120 seconds, Stopping threads took: 0.0000590 seconds
137.736: Application time: 0.0564770 seconds
137.736: [GC [PSYoungGen: 13929K->768K(14848K)] 21342K->8397K(46592K), 0.0005540 secs] [Times: user=0.00 sys=0.00, real=0.00 secs] 
137.736: Total time for which application threads were stopped: 0.0006820 seconds, Stopping threads took: 0.0000660 seconds
137.797: Application time: 0.0612680 seconds
137.798: [GC [PSYoungGen: 14078K->416K(14848K)] 21707K->8727K(46592K), 0.0005220 secs] [Times: user=0.00 sys=0.00, real=0.00 secs] 
137.798: Total time for which application threads were stopped: 0.0006370 seconds, Stopping threads took: 0.0000570 seconds
137.861: Application time: 0.0633260 seconds
137.862: [GC [PSYoungGen: 13724K->0K(14848K)] 22035K->8667K(46592K), 0.0004390 secs] [Times: user=0.00 sys=0.00, real=0.00 secs] 
137.862: Total time for which application threads were stopped: 0.0006010 seconds, Stopping threads took: 0.0001030 seconds
137.925: Application time: 0.0631860 seconds
137.925: [GC [PSYoungGen: 13312K->0K(14848K)] 21979K->8667K(46592K), 0.0003840 secs] [Times: user=0.00 sys=0.00, real=0.00 secs] 
137.926: Total time for which application threads were stopped: 0.0005020 seconds, Stopping threads took: 0.0000610 seconds
137.987: Application time: 0.0613260 seconds
137.987: [GC [PSYoungGen: 13311K->384K(14848K)] 21978K->9051K(46592K), 0.0004130 secs] [Times: user=0.01 sys=0.00, real=0.00 secs] 
137.988: Total time for which application threads were stopped: 0.0005320 seconds, Stopping threads took: 0.0000590 seconds
138.049: Application time: 0.0613860 seconds
138.049: [GC [PSYoungGen: 13693K->512K(14848K)] 22361K->9400K(46592K), 0.0004420 secs] [Times: user=0.00 sys=0.00, real=0.00 secs] 
138.050: Total time for which application threads were stopped: 0.0005810 seconds, Stopping threads took: 0.0000650 seconds
138.106: Application time: 0.0565210 seconds
138.106: [GC [PSYoungGen: 13819K->1248K(14848K)] 22708K->10144K(46592K), 0.0006120 secs] [Times: user=0.00 sys=0.00, real=0.00 secs] 
138.107: Total time for which application threads were stopped: 0.0007300 seconds, Stopping threads took: 0.0000530 seconds
138.172: Application time: 0.0647170 seconds
138.172: [GC [PSYoungGen: 14558K->0K(14848K)] 23454K->9895K(46592K), 0.0005890 secs] [Times: user=0.01 sys=0.00, real=0.01 secs] 
138.172: Total time for which application threads were stopped: 0.0007260 seconds, Stopping threads took: 0.0000670 seconds
138.238: Application time: 0.0658760 seconds
138.238: [GC [PSYoungGen: 13309K->0K(14848K)] 23204K->9895K(46592K), 0.0003930 secs] [Times: user=0.01 sys=0.00, real=0.00 secs] 
138.239: Total time for which application threads were stopped: 0.0004980 seconds, Stopping threads took: 0.0000480 seconds
138.304: Application time: 0.0654120 seconds
138.304: [GC [PSYoungGen: 13308K->0K(14848K)] 23203K->9895K(46592K), 0.0004100 secs] [Times: user=0.00 sys=0.00, real=0.00 secs] 
138.305: Total time for which application threads were stopped: 0.0005550 seconds, Stopping threads took: 0.0000800 seconds
138.370: Application time: 0.0652020 seconds
138.370: [GC [PSYoungGen: 13309K->0K(14848K)] 23204K->9895K(46592K), 0.0003480 secs] [Times: user=0.00 sys=0.00, real=0.00 secs] 
138.370: Total time for which application threads were stopped: 0.0004700 seconds, Stopping threads took: 0.0000620 seconds
138.436: Application time: 0.0656240 seconds
138.436: [GC [PSYoungGen: 13309K->0K(14848K)] 23204K->9895K(46592K), 0.0003700 secs] [Times: user=0.00 sys=0.00, real=0.00 secs] 
138.436: Total time for which application threads were stopped: 0.0004700 seconds, Stopping threads took: 0.0000380 seconds
138.502: Application time: 0.0652690 seconds
138.502: [GC [PSYoungGen: 13309K->0K(14848K)] 23204K->9895K(46592K), 0.0003560 secs] [Times: user=0.00 sys=0.00, real=0.00 secs] 
138.502: Total time for which application threads were stopped: 0.0004670 seconds, Stopping threads took: 0.0000530 seconds
138.567: Application time: 0.0653350 seconds
138.568: [GC [PSYoungGen: 13309K->0K(14848K)] 23204K->9895K(46592K), 0.0003610 secs] [Times: user=0.00 sys=0.00, real=0.00 secs] 
138.568: Total time for which application threads were stopped: 0.0004980 seconds, Stopping threads took: 0.0000590 seconds
138.634: Application time: 0.0656410 seconds
138.634: [GC [PSYoungGen: 13309K->0K(14848K)] 23204K->9895K(46592K), 0.0003920 secs] [Times: user=0.00 sys=0.00, real=0.00 secs] 
138.634: Total time for which application threads were stopped: 0.0005020 seconds, Stopping threads took: 0.0000530 seconds
138.701: Application time: 0.0664100 seconds
138.701: [GC [PSYoungGen: 13309K->0K(14848K)] 23204K->9895K(46592K), 0.0003750 secs] [Times: user=0.00 sys=0.00, real=0.00 secs] 
138.701: Total time for which application threads were stopped: 0.0005060 seconds, Stopping threads took: 0.0000710 seconds
138.767: Application time: 0.0656280 seconds
138.767: [GC [PSYoungGen: 13309K->0K(13824K)] 23204K->9895K(45568K), 0.0004670 secs] [Times: user=0.00 sys=0.00, real=0.00 secs] 
138.767: Total time for which application threads were stopped: 0.0005780 seconds, Stopping threads took: 0.0000430 seconds
138.833: Application time: 0.0654080 seconds
138.833: [GC [PSYoungGen: 13309K->0K(14336K)] 23204K->9895K(46080K), 0.0003700 secs] [Times: user=0.01 sys=0.00, real=0.00 secs] 
138.833: Total time for which application threads were stopped: 0.0004950 seconds, Stopping threads took: 0.0000630 seconds
138.899: Application time: 0.0653650 seconds
138.899: [GC [PSYoungGen: 13309K->0K(14336K)] 23204K->9895K(46080K), 0.0003640 secs] [Times: user=0.01 sys=0.00, real=0.00 secs] 
138.899: Total time for which application threads were stopped: 0.0004820 seconds, Stopping threads took: 0.0000590 seconds
138.964: Application time: 0.0650930 seconds
138.964: [GC [PSYoungGen: 13309K->0K(14336K)] 23204K->9895K(46080K), 0.0003680 secs] [Times: user=0.00 sys=0.00, real=0.00 secs] 
138.965: Total time for which application threads were stopped: 0.0004890 seconds, Stopping threads took: 0.0000580 seconds
139.027: Application time: 0.0623930 seconds
139.027: [GC [PSYoungGen: 13309K->352K(14336K)] 23204K->10247K(46080K), 0.0004050 secs] [Times: user=0.00 sys=0.00, real=0.00 secs] 
139.028: Total time for which application threads were stopped: 0.0005280 seconds, Stopping threads took: 0.0000600 seconds
139.064: Application time: 0.0362710 seconds
139.064: [GC [PSYoungGen: 13662K->544K(14336K)] 23557K->10455K(46080K), 0.0004420 secs] [Times: user=0.00 sys=0.00, real=0.00 secs] 
139.064: Total time for which application threads were stopped: 0.0005530 seconds, Stopping threads took: 0.0000500 seconds
139.117: Application time: 0.0523110 seconds
139.117: [GC [PSYoungGen: 13853K->512K(14336K)] 23764K->10447K(46080K), 0.0004310 secs] [Times: user=0.00 sys=0.00, real=0.00 secs] 
139.117: Total time for which application threads were stopped: 0.0005600 seconds, Stopping threads took: 0.0000560 seconds
139.180: Application time: 0.0626210 seconds
139.180: [GC [PSYoungGen: 13820K->544K(14336K)] 23755K->10519K(46080K), 0.0004030 secs] [Times: user=0.01 sys=0.00, real=0.00 secs] 
139.180: Total time for which application threads were stopped: 0.0005130 seconds, Stopping threads took: 0.0000540 seconds
139.244: Application time: 0.0633420 seconds
139.244: [GC [PSYoungGen: 13853K->0K(14336K)] 23828K->10376K(46080K), 0.0004970 secs] [Times: user=0.00 sys=0.00, real=0.00 secs] 
139.244: Total time for which application threads were stopped: 0.0006120 seconds, Stopping threads took: 0.0000540 seconds
139.304: Application time: 0.0595090 seconds
139.304: [GC [PSYoungGen: 13309K->0K(14336K)] 23685K->10376K(46080K), 0.0003750 secs] [Times: user=0.00 sys=0.00, real=0.00 secs] 
139.304: Total time for which application threads were stopped: 0.0005150 seconds, Stopping threads took: 0.0000780 seconds
139.362: Application time: 0.0575820 seconds
139.362: [GC [PSYoungGen: 13309K->320K(14336K)] 23685K->10696K(46080K), 0.0003850 secs] [Times: user=0.00 sys=0.00, real=0.00 secs] 
139.362: Total time for which application threads were stopped: 0.0004740 seconds, Stopping threads took: 0.0000360 seconds
139.405: Application time: 0.0424350 seconds
139.405: [GC [PSYoungGen: 13631K->352K(14336K)] 24007K->10760K(46080K), 0.0003910 secs] [Times: user=0.00 sys=0.00, real=0.00 secs] 
139.405: Total time for which application threads were stopped: 0.0005100 seconds, Stopping threads took: 0.0000460 seconds
139.456: Application time: 0.0504020 seconds
139.456: [GC [PSYoungGen: 13660K->544K(14336K)] 24069K->10960K(46080K), 0.0004050 secs] [Times: user=0.00 sys=0.00, real=0.00 secs] 
139.456: Total time for which application threads were stopped: 0.0005200 seconds, Stopping threads took: 0.0000560 seconds
139.486: Application time: 0.0296050 seconds
139.486: [GC [PSYoungGen: 13855K->992K(14336K)] 24271K->11600K(46080K), 0.0005500 secs] [Times: user=0.00 sys=0.00, real=0.00 secs] 
139.487: Total time for which application threads were stopped: 0.0006580 seconds, Stopping threads took: 0.0000480 seconds
139.514: Application time: 0.0278580 seconds
139.514: [GC [PSYoungGen: 14300K->1472K(14336K)] 24908K->12609K(46080K), 0.0006860 secs] [Times: user=0.01 sys=0.00, real=0.00 secs] 
139.515: Total time for which application threads were stopped: 0.0007950 seconds, Stopping threads took: 0.0000500 seconds
139.541: Application time: 0.0261490 seconds
139.541: [GC [PSYoungGen: 14270K->480K(14848K)] 25407K->12563K(46592K), 0.0006480 secs] [Times: user=0.00 sys=0.00, real=0.00 secs] 
139.542: Total time for which application threads were stopped: 0.0007790 seconds, Stopping threads took: 0.0000720 seconds
139.585: Application time: 0.0427980 seconds
139.585: [GC [PSYoungGen: 13278K->832K(16896K)] 25362K->13123K(48640K), 0.0004990 secs] [Times: user=0.00 sys=0.00, real=0.00 secs] 
139.586: Total time for which application threads were stopped: 0.0006140 seconds, Stopping threads took: 0.0000600 seconds
139.648: Application time: 0.0629090 seconds
139.649: [GC [PSYoungGen: 16190K->704K(16896K)] 28482K->13408K(48640K), 0.0005940 secs] [Times: user=0.01 sys=0.00, real=0.00 secs] 
139.649: Total time for which application threads were stopped: 0.0007330 seconds, Stopping threads took: 0.0000630 seconds
139.715: Application time: 0.0660170 seconds
139.715: [GC [PSYoungGen: 16061K->0K(19968K)] 28765K->13313K(51712K), 0.0005570 secs] [Times: user=0.01 sys=0.00, real=0.00 secs] 
139.716: Total time for which application threads were stopped: 0.0006680 seconds, Stopping threads took: 0.0000550 seconds
139.794: Application time: 0.0785600 seconds
139.795: [GC [PSYoungGen: 18356K->160K(19968K)] 31669K->13473K(51712K), 0.0004510 secs] [Times: user=0.00 sys=0.00, real=0.00 secs] 
139.795: Total time for which application threads were stopped: 0.0009870 seconds, Stopping threads took: 0.0004800 seconds
139.873: Application time: 0.0774810 seconds
139.873: [GC [PSYoungGen: 18589K->672K(19456K)] 31902K->14097K(51200K), 0.0004350 secs] [Times: user=0.01 sys=0.00, real=0.00 secs] 
139.873: Total time for which application threads were stopped: 0.0005610 seconds, Stopping threads took: 0.0000720 seconds
139.949: Application time: 0.0756830 seconds
139.949: [GC [PSYoungGen: 19101K->1152K(19968K)] 32526K->14721K(51712K), 0.0004940 secs] [Times: user=0.00 sys=0.00, real=0.00 secs] 
139.950: Total time for which application threads were stopped: 0.0006050 seconds, Stopping threads took: 0.0000540 seconds
140.030: Application time: 0.0797690 seconds
140.030: [GC [PSYoungGen: 19580K->512K(19456K)] 33150K->14679K(51200K), 0.0004930 secs] [Times: user=0.00 sys=0.00, real=0.00 secs] 
140.030: Total time for which application threads were stopped: 0.0006360 seconds, Stopping threads took: 0.0000810 seconds
140.112: Application time: 0.0821320 seconds
140.112: [GC [PSYoungGen: 18942K->0K(18944K)] 33109K->14584K(50688K), 0.0004630 secs] [Times: user=0.00 sys=0.00, real=0.00 secs] 
140.113: Total time for which application threads were stopped: 0.0005720 seconds, Stopping threads took: 0.0000440 seconds
140.195: Application time: 0.0817370 seconds
140.195: [GC [PSYoungGen: 18430K->0K(18944K)] 33015K->14584K(50688K), 0.0004270 secs] [Times: user=0.01 sys=0.00, real=0.00 secs] 
140.195: Total time for which application threads were stopped: 0.0005440 seconds, Stopping threads took: 0.0000470 seconds
140.277: Application time: 0.0815710 seconds
140.277: [GC [PSYoungGen: 18430K->0K(19968K)] 33015K->14584K(51712K), 0.0003740 secs] [Times: user=0.00 sys=0.00, real=0.00 secs] 
140.277: Total time for which application threads were stopped: 0.0005320 seconds, Stopping threads took: 0.0000960 seconds
140.359: Application time: 0.0816330 seconds
140.359: [GC [PSYoungGen: 18428K->0K(18944K)] 33012K->14584K(50688K), 0.0004300 secs] [Times: user=0.00 sys=0.00, real=0.00 secs] 
140.359: Total time for which application threads were stopped: 0.0005550 seconds, Stopping threads took: 0.0000640 seconds
140.442: Application time: 0.0823880 seconds
140.442: [GC [PSYoungGen: 18428K->0K(19968K)] 33012K->14584K(51712K), 0.0003500 secs] [Times: user=0.00 sys=0.00, real=0.00 secs] 
140.442: Total time for which application threads were stopped: 0.0004510 seconds, Stopping threads took: 0.0000410 seconds
140.525: Application time: 0.0823060 seconds
140.525: [GC [PSYoungGen: 18428K->0K(19456K)] 33012K->14584K(51200K), 0.0003770 secs] [Times: user=0.01 sys=0.00, real=0.00 secs] 
140.525: Total time for which application threads were stopped: 0.0004920 seconds, Stopping threads took: 0.0000530 seconds
140.607: Application time: 0.0818710 seconds
140.607: [GC [PSYoungGen: 18430K->0K(19968K)] 33015K->14584K(51712K), 0.0003880 secs] [Times: user=0.00 sys=0.00, real=0.00 secs] 
140.607: Total time for which application threads were stopped: 0.0004870 seconds, Stopping threads took: 0.0000360 seconds
140.689: Application time: 0.0815970 seconds
140.689: [GC [PSYoungGen: 18430K->0K(19968K)] 33015K->14584K(51712K), 0.0003660 secs] [Times: user=0.00 sys=0.00, real=0.00 secs] 
140.690: Total time for which application threads were stopped: 0.0005000 seconds, Stopping threads took: 0.0000740 seconds
140.762: Application time: 0.0722020 seconds
140.762: [GC [PSYoungGen: 18428K->320K(19968K)] 33012K->14904K(51712K), 0.0004650 secs] [Times: user=0.00 sys=0.00, real=0.00 secs] 
140.762: Total time for which application threads were stopped: 0.0005960 seconds, Stopping threads took: 0.0000590 seconds
140.813: Application time: 0.0509650 seconds
140.813: [GC [PSYoungGen: 18751K->512K(19968K)] 33335K->15112K(51712K), 0.0004030 secs] [Times: user=0.00 sys=0.00, real=0.00 secs] 
140.814: Total time for which application threads were stopped: 0.0005140 seconds, Stopping threads took: 0.0000480 seconds
140.892: Application time: 0.0784660 seconds
140.892: [GC [PSYoungGen: 18941K->640K(19968K)] 33541K->15256K(51712K), 0.0004290 secs] [Times: user=0.00 sys=0.00, real=0.00 secs] 
140.893: Total time for which application threads were stopped: 0.0005510 seconds, Stopping threads took: 0.0000610 seconds
140.974: Application time: 0.0811900 seconds
140.974: [GC [PSYoungGen: 19070K->0K(19968K)] 33686K->15036K(51712K), 0.0004050 secs] [Times: user=0.00 sys=0.00, real=0.00 secs] 
140.975: Total time for which application threads were stopped: 0.0005260 seconds, Stopping threads took: 0.0000600 seconds
141.056: Application time: 0.0812190 seconds
141.056: [GC [PSYoungGen: 18427K->0K(19968K)] 33464K->15036K(51712K), 0.0003680 secs] [Times: user=0.01 sys=0.00, real=0.00 secs] 
141.056: Total time for which application threads were stopped: 0.0004970 seconds, Stopping threads took: 0.0000650 seconds
141.117: Application time: 0.0611610 seconds
141.118: [GC [PSYoungGen: 18428K->384K(19968K)] 33465K->15420K(51712K), 0.0003980 secs] [Times: user=0.00 sys=0.00, real=0.00 secs] 
141.118: Total time for which application threads were stopped: 0.0005100 seconds, Stopping threads took: 0.0000530 seconds
141.175: Application time: 0.0571430 seconds
141.175: [GC [PSYoungGen: 18815K->768K(19968K)] 33852K->15812K(51712K), 0.0004640 secs] [Times: user=0.00 sys=0.00, real=0.00 secs] 
141.176: Total time for which application threads were stopped: 0.0005870 seconds, Stopping threads took: 0.0000550 seconds
141.223: Application time: 0.0471530 seconds
141.223: [GC [PSYoungGen: 19199K->1504K(19456K)] 34244K->16801K(51200K), 0.0006640 secs] [Times: user=0.00 sys=0.00, real=0.00 secs] 
141.224: Total time for which application threads were stopped: 0.0007900 seconds, Stopping threads took: 0.0000590 seconds
141.260: Application time: 0.0364950 seconds
141.260: [GC [PSYoungGen: 19421K->960K(19968K)] 34718K->17054K(51712K), 0.0006990 secs] [Times: user=0.01 sys=0.00, real=0.00 secs] 
141.261: Total time for which application threads were stopped: 0.0008180 seconds, Stopping threads took: 0.0000540 seconds
141.326: Application time: 0.0654790 seconds
141.328: [GC [PSYoungGen: 18877K->864K(18944K)] 34972K->17195K(50688K), 0.0005110 secs] [Times: user=0.00 sys=0.00, real=0.00 secs] 
141.328: Total time for which application threads were stopped: 0.0018400 seconds, Stopping threads took: 0.0012600 seconds
141.403: Application time: 0.0751550 seconds
141.404: [GC [PSYoungGen: 18783K->512K(18944K)] 35115K->17244K(50688K), 0.0005340 secs] [Times: user=0.00 sys=0.00, real=0.00 secs] 
141.404: Total time for which application threads were stopped: 0.0006650 seconds, Stopping threads took: 0.0000660 seconds
141.481: Application time: 0.0773630 seconds
141.482: [GC [PSYoungGen: 18428K->0K(18432K)] 35160K->17152K(50176K), 0.0004590 secs] [Times: user=0.00 sys=0.00, real=0.00 secs] 
141.482: Total time for which application threads were stopped: 0.0005720 seconds, Stopping threads took: 0.0000510 seconds
141.558: Application time: 0.0759300 seconds
141.558: [GC [PSYoungGen: 17919K->384K(19968K)] 35072K->17536K(51712K), 0.0003930 secs] [Times: user=0.00 sys=0.00, real=0.00 secs] 
141.559: Total time for which application threads were stopped: 0.0005230 seconds, Stopping threads took: 0.0000670 seconds
141.633: Application time: 0.0749540 seconds
141.634: [GC [PSYoungGen: 18301K->544K(18944K)] 35454K->17909K(50688K), 0.0004770 secs] [Times: user=0.00 sys=0.00, real=0.00 secs] 
141.634: Total time for which application threads were stopped: 0.0005960 seconds, Stopping threads took: 0.0000600 seconds
141.708: Application time: 0.0736230 seconds
141.708: [GC [PSYoungGen: 18459K->736K(18944K)] 35825K->18502K(50688K), 0.0006100 secs] [Times: user=0.00 sys=0.00, real=0.00 secs] 
141.709: Total time for which application threads were stopped: 0.0017490 seconds, Stopping threads took: 0.0000770 seconds
141.789: Application time: 0.0800560 seconds
141.790: [GC [PSYoungGen: 18654K->0K(18944K)] 36420K->18380K(50688K), 0.0005110 secs] [Times: user=0.00 sys=0.00, real=0.00 secs] 
141.790: Total time for which application threads were stopped: 0.0006330 seconds, Stopping threads took: 0.0000560 seconds
141.870: Application time: 0.0796040 seconds
141.870: [GC [PSYoungGen: 17916K->0K(19456K)] 36296K->18380K(51200K), 0.0004430 secs] [Times: user=0.00 sys=0.00, real=0.00 secs] 
141.870: Total time for which application threads were stopped: 0.0005960 seconds, Stopping threads took: 0.0000830 seconds
141.950: Application time: 0.0796810 seconds
141.950: [GC [PSYoungGen: 17916K->0K(19456K)] 36296K->18380K(51200K), 0.0003750 secs] [Times: user=0.00 sys=0.00, real=0.00 secs] 
141.951: Total time for which application threads were stopped: 0.0005070 seconds, Stopping threads took: 0.0000690 seconds
142.030: Application time: 0.0795850 seconds
142.030: [GC [PSYoungGen: 17916K->0K(19456K)] 36296K->18380K(51200K), 0.0004280 secs] [Times: user=0.00 sys=0.00, real=0.00 secs] 
142.031: Total time for which application threads were stopped: 0.0005380 seconds, Stopping threads took: 0.0000500 seconds
142.110: Application time: 0.0797940 seconds
142.111: [GC [PSYoungGen: 17916K->0K(19456K)] 36296K->18380K(51200K), 0.0003640 secs] [Times: user=0.00 sys=0.00, real=0.00 secs] 
142.111: Total time for which application threads were stopped: 0.0004830 seconds, Stopping threads took: 0.0000550 seconds
142.191: Application time: 0.0805410 seconds
142.192: [GC [PSYoungGen: 17916K->0K(19456K)] 36296K->18380K(51200K), 0.0004170 secs] [Times: user=0.00 sys=0.00, real=0.01 secs] 
142.192: Total time for which application threads were stopped: 0.0005360 seconds, Stopping threads took: 0.0000580 seconds
142.272: Application time: 0.0800410 seconds
142.272: [GC [PSYoungGen: 17916K->0K(19456K)] 36296K->18380K(51200K), 0.0003780 secs] [Times: user=0.00 sys=0.00, real=0.00 secs] 
142.273: Total time for which application threads were stopped: 0.0004950 seconds, Stopping threads took: 0.0000520 seconds
142.352: Application time: 0.0797620 seconds
142.352: [GC [PSYoungGen: 17916K->0K(19456K)] 36296K->18380K(51200K), 0.0003630 secs] [Times: user=0.00 sys=0.00, real=0.00 secs] 
142.353: Total time for which application threads were stopped: 0.0004840 seconds, Stopping threads took: 0.0000570 seconds
142.433: Application time: 0.0797410 seconds
142.433: [GC [PSYoungGen: 17916K->0K(19456K)] 36296K->18380K(51200K), 0.0003950 secs] [Times: user=0.00 sys=0.00, real=0.00 secs] 
142.433: Total time for which application threads were stopped: 0.0005150 seconds, Stopping threads took: 0.0000510 seconds
142.486: Application time: 0.0526770 seconds
142.486: [GC [PSYoungGen: 17918K->544K(19456K)] 36298K->18924K(51200K), 0.0004240 secs] [Times: user=0.01 sys=0.00, real=0.00 secs] 
142.486: Total time for which application threads were stopped: 0.0005500 seconds, Stopping threads took: 0.0000650 seconds
142.552: Application time: 0.0657630 seconds
142.552: [GC [PSYoungGen: 18462K->480K(19456K)] 36842K->18876K(51200K), 0.0004710 secs] [Times: user=0.00 sys=0.00, real=0.00 secs] 
142.553: Total time for which application threads were stopped: 0.0006000 seconds, Stopping threads took: 0.0000670 seconds
142.630: Application time: 0.0771510 seconds
142.630: [GC [PSYoungGen: 18397K->512K(19456K)] 36793K->18924K(51200K), 0.0004530 secs] [Times: user=0.00 sys=0.00, real=0.00 secs] 
142.630: Total time for which application threads were stopped: 0.0005650 seconds, Stopping threads took: 0.0000500 seconds
142.710: Application time: 0.0793170 seconds
142.710: [GC [PSYoungGen: 18428K->0K(19456K)] 36840K->18824K(51200K), 0.0004770 secs] [Times: user=0.00 sys=0.00, real=0.00 secs] 
142.710: Total time for which application threads were stopped: 0.0006010 seconds, Stopping threads took: 0.0000620 seconds
142.780: Application time: 0.0698410 seconds
142.780: [GC [PSYoungGen: 17916K->288K(18432K)] 36741K->19112K(50176K), 0.0004670 secs] [Times: user=0.00 sys=0.00, real=0.00 secs] 
142.781: Total time for which application threads were stopped: 0.0005970 seconds, Stopping threads took: 0.0000690 seconds
142.848: Application time: 0.0676910 seconds
142.849: [GC [PSYoungGen: 18206K->352K(18944K)] 37031K->19192K(50688K), 0.0003970 secs] [Times: user=0.00 sys=0.00, real=0.00 secs] 
142.849: Total time for which application threads were stopped: 0.0005110 seconds, Stopping threads took: 0.0000490 seconds
142.894: Application time: 0.0450590 seconds
142.894: [GC [PSYoungGen: 18267K->992K(18944K)] 37108K->19992K(50688K), 0.0006340 secs] [Times: user=0.00 sys=0.00, real=0.00 secs] 
142.895: Total time for which application threads were stopped: 0.0007420 seconds, Stopping threads took: 0.0000480 seconds
142.950: Application time: 0.0549840 seconds
142.950: [GC [PSYoungGen: 18907K->1408K(18944K)] 37908K->20913K(50688K), 0.0006900 secs] [Times: user=0.00 sys=0.00, real=0.00 secs] 
142.951: Total time for which application threads were stopped: 0.0008060 seconds, Stopping threads took: 0.0000430 seconds
142.984: Application time: 0.0335930 seconds
142.984: [GC [PSYoungGen: 18815K->1184K(19456K)] 38320K->21010K(51200K), 0.0006690 secs] [Times: user=0.00 sys=0.00, real=0.00 secs] 
142.985: Total time for which application threads were stopped: 0.0007910 seconds, Stopping threads took: 0.0000620 seconds
143.049: Application time: 0.0644650 seconds
143.049: [GC [PSYoungGen: 18587K->832K(23040K)] 38413K->21147K(54784K), 0.0005450 secs] [Times: user=0.00 sys=0.00, real=0.00 secs] 
143.050: Total time for which application threads were stopped: 0.0006750 seconds, Stopping threads took: 0.0000640 seconds
143.138: Application time: 0.0882430 seconds
143.138: [GC [PSYoungGen: 21823K->544K(23040K)] 42138K->21083K(54784K), 0.0004620 secs] [Times: user=0.00 sys=0.00, real=0.00 secs] 
143.139: Total time for which application threads were stopped: 0.0005860 seconds, Stopping threads took: 0.0000520 seconds
143.228: Application time: 0.0893430 seconds
143.228: [GC [PSYoungGen: 21532K->384K(22016K)] 42071K->21324K(53760K), 0.0004790 secs] [Times: user=0.00 sys=0.00, real=0.00 secs] 
143.229: Total time for which application threads were stopped: 0.0005980 seconds, Stopping threads took: 0.0000560 seconds
143.318: Application time: 0.0889850 seconds
143.318: [GC [PSYoungGen: 21375K->512K(22528K)] 42316K->21793K(54272K), 0.0004830 secs] [Times: user=0.00 sys=0.00, real=0.00 secs] 
143.318: Total time for which application threads were stopped: 0.0006160 seconds, Stopping threads took: 0.0000700 seconds
143.405: Application time: 0.0869370 seconds
143.405: [GC [PSYoungGen: 21503K->864K(22528K)] 42784K->22554K(54272K), 0.0005270 secs] [Times: user=0.00 sys=0.00, real=0.00 secs] 
143.406: Total time for which application threads were stopped: 0.0006470 seconds, Stopping threads took: 0.0000610 seconds
143.500: Application time: 0.0935030 seconds
143.500: [GC [PSYoungGen: 21854K->0K(22528K)] 43544K->22303K(54272K), 0.0004870 secs] [Times: user=0.00 sys=0.00, real=0.01 secs] 
143.500: Total time for which application threads were stopped: 0.0006200 seconds, Stopping threads took: 0.0000590 seconds
143.594: Application time: 0.0935690 seconds
143.594: [GC [PSYoungGen: 20990K->0K(22528K)] 43294K->22303K(54272K), 0.0003730 secs] [Times: user=0.00 sys=0.00, real=0.00 secs] 
143.594: Total time for which application threads were stopped: 0.0004790 seconds, Stopping threads took: 0.0000460 seconds
143.688: Application time: 0.0932930 seconds
143.688: [GC [PSYoungGen: 20990K->0K(22528K)] 43294K->22303K(54272K), 0.0003880 secs] [Times: user=0.00 sys=0.00, real=0.00 secs] 
143.688: Total time for which application threads were stopped: 0.0004980 seconds, Stopping threads took: 0.0000480 seconds
143.781: Application time: 0.0934260 seconds
143.782: [GC [PSYoungGen: 20990K->0K(22528K)] 43294K->22303K(54272K), 0.0003580 secs] [Times: user=0.00 sys=0.00, real=0.00 secs] 
143.782: Total time for which application threads were stopped: 0.0004930 seconds, Stopping threads took: 0.0000710 seconds
143.876: Application time: 0.0936820 seconds
143.876: [GC [PSYoungGen: 20990K->0K(22528K)] 43294K->22303K(54272K), 0.0003760 secs] [Times: user=0.00 sys=0.00, real=0.00 secs] 
143.876: Total time for which application threads were stopped: 0.0005050 seconds, Stopping threads took: 0.0000690 seconds
143.970: Application time: 0.0939450 seconds
143.970: [GC [PSYoungGen: 20987K->0K(22528K)] 43291K->22303K(54272K), 0.0003770 secs] [Times: user=0.00 sys=0.00, real=0.00 secs] 
143.971: Total time for which application threads were stopped: 0.0004970 seconds, Stopping threads took: 0.0000570 seconds
144.064: Application time: 0.0935990 seconds
144.064: [GC [PSYoungGen: 20987K->0K(22528K)] 43291K->22303K(54272K), 0.0004030 secs] [Times: user=0.01 sys=0.00, real=0.00 secs] 
144.065: Total time for which application threads were stopped: 0.0005380 seconds, Stopping threads took: 0.0000600 seconds
144.154: Application time: 0.0892570 seconds
144.154: [GC [PSYoungGen: 20991K->352K(22528K)] 43294K->22655K(54272K), 0.0004480 secs] [Times: user=0.00 sys=0.00, real=0.00 secs] 
144.155: Total time for which application threads were stopped: 0.0005510 seconds, Stopping threads took: 0.0000400 seconds
144.212: Application time: 0.0575480 seconds
144.212: [GC [PSYoungGen: 21342K->512K(22528K)] 43645K->22823K(54272K), 0.0004950 secs] [Times: user=0.00 sys=0.00, real=0.00 secs] 
144.213: Total time for which application threads were stopped: 0.0006320 seconds, Stopping threads took: 0.0000760 seconds
144.303: Application time: 0.0899610 seconds
144.303: [GC [PSYoungGen: 21500K->512K(22528K)] 43811K->22847K(54272K), 0.0004510 secs] [Times: user=0.00 sys=0.00, real=0.00 secs] 
144.303: Total time for which application threads were stopped: 0.0005820 seconds, Stopping threads took: 0.0000700 seconds
144.397: Application time: 0.0935510 seconds
144.397: [GC [PSYoungGen: 21502K->0K(22528K)] 43838K->22732K(54272K), 0.0004380 secs] [Times: user=0.00 sys=0.00, real=0.00 secs] 
144.397: Total time for which application threads were stopped: 0.0005800 seconds, Stopping threads took: 0.0000700 seconds
144.480: Application time: 0.0826350 seconds
144.480: [GC [PSYoungGen: 20989K->384K(22528K)] 43721K->23116K(54272K), 0.0004300 secs] [Times: user=0.00 sys=0.00, real=0.00 secs] 
144.481: Total time for which application threads were stopped: 0.0005590 seconds, Stopping threads took: 0.0000650 seconds
144.563: Application time: 0.0828840 seconds
144.564: [GC [PSYoungGen: 21374K->352K(22528K)] 44106K->23100K(54272K), 0.0004030 secs] [Times: user=0.00 sys=0.00, real=0.00 secs] 
144.564: Total time for which application threads were stopped: 0.0005330 seconds, Stopping threads took: 0.0000670 seconds
144.616: Application time: 0.0517690 seconds
144.616: [GC [PSYoungGen: 21341K->1216K(22528K)] 44090K->23972K(54272K), 0.0005890 secs] [Times: user=0.00 sys=0.00, real=0.00 secs] 
144.617: Total time for which application threads were stopped: 0.0007230 seconds, Stopping threads took: 0.0000640 seconds
144.680: Application time: 0.0638430 seconds
144.680: [GC [PSYoungGen: 22207K->960K(22528K)] 44963K->24433K(54272K), 0.0007580 secs] [Times: user=0.00 sys=0.00, real=0.00 secs] 
144.681: Total time for which application threads were stopped: 0.0008650 seconds, Stopping threads took: 0.0000450 seconds
144.735: Application time: 0.0538940 seconds
144.735: [GC [PSYoungGen: 21951K->960K(22528K)] 45424K->24701K(54272K), 0.0006280 secs] [Times: user=0.00 sys=0.00, real=0.00 secs] 
144.736: Total time for which application threads were stopped: 0.0007480 seconds, Stopping threads took: 0.0000550 seconds
144.820: Application time: 0.0839670 seconds
144.820: [GC [PSYoungGen: 21947K->768K(22528K)] 45689K->24798K(54272K), 0.0005100 secs] [Times: user=0.01 sys=0.00, real=0.00 secs] 
144.820: Total time for which application threads were stopped: 0.0006390 seconds, Stopping threads took: 0.0000680 seconds
144.909: Application time: 0.0887200 seconds
144.912: [GC [PSYoungGen: 21756K->352K(22528K)] 45786K->24999K(54272K), 0.0005790 secs] [Times: user=0.00 sys=0.00, real=0.00 secs] 
144.912: Total time for which application threads were stopped: 0.0031790 seconds, Stopping threads took: 0.0025360 seconds
145.003: Application time: 0.0904850 seconds
145.003: [GC [PSYoungGen: 21340K->352K(22528K)] 45987K->25219K(54272K), 0.0004290 secs] [Times: user=0.01 sys=0.00, real=0.00 secs] 
145.003: Total time for which application threads were stopped: 0.0005520 seconds, Stopping threads took: 0.0000630 seconds
145.091: Application time: 0.0875570 seconds
145.091: [GC [PSYoungGen: 21342K->736K(22528K)] 46210K->25627K(54272K), 0.0004680 secs] [Times: user=0.00 sys=0.00, real=0.00 secs] 
145.092: Total time for which application threads were stopped: 0.0005920 seconds, Stopping threads took: 0.0000620 seconds
145.181: Application time: 0.0892580 seconds
145.181: [GC [PSYoungGen: 21723K->512K(22528K)] 46615K->26013K(54272K), 0.0005330 secs] [Times: user=0.00 sys=0.00, real=0.00 secs] 
145.181: Total time for which application threads were stopped: 0.0006660 seconds, Stopping threads took: 0.0000620 seconds
145.275: Application time: 0.0937790 seconds
145.275: [GC [PSYoungGen: 21502K->0K(22528K)] 47003K->25910K(54272K), 0.0004810 secs] [Times: user=0.01 sys=0.00, real=0.00 secs] 
145.276: Total time for which application threads were stopped: 0.0006020 seconds, Stopping threads took: 0.0000610 seconds
145.369: Application time: 0.0936010 seconds
145.370: [GC [PSYoungGen: 20988K->0K(22528K)] 46898K->25910K(54272K), 0.0003900 secs] [Times: user=0.00 sys=0.00, real=0.00 secs] 
145.370: Total time for which application threads were stopped: 0.0005050 seconds, Stopping threads took: 0.0000520 seconds
145.464: Application time: 0.0938100 seconds
145.464: [GC [PSYoungGen: 20988K->0K(22528K)] 46898K->25910K(54272K), 0.0003670 secs] [Times: user=0.00 sys=0.00, real=0.00 secs] 
145.464: Total time for which application threads were stopped: 0.0004790 seconds, Stopping threads took: 0.0000540 seconds
145.558: Application time: 0.0937700 seconds
145.558: [GC [PSYoungGen: 20990K->0K(22528K)] 46900K->25910K(54272K), 0.0003890 secs] [Times: user=0.00 sys=0.00, real=0.00 secs] 
145.559: Total time for which application threads were stopped: 0.0005220 seconds, Stopping threads took: 0.0000700 seconds
145.653: Application time: 0.0940260 seconds
145.653: [GC [PSYoungGen: 20990K->0K(22528K)] 46900K->25910K(54272K), 0.0003710 secs] [Times: user=0.00 sys=0.00, real=0.00 secs] 
145.653: Total time for which application threads were stopped: 0.0004930 seconds, Stopping threads took: 0.0000620 seconds
145.747: Application time: 0.0937660 seconds
145.747: [GC [PSYoungGen: 20988K->0K(22528K)] 46898K->25910K(54272K), 0.0003900 secs] [Times: user=0.00 sys=0.00, real=0.00 secs] 
145.747: Total time for which application threads were stopped: 0.0005180 seconds, Stopping threads took: 0.0000500 seconds
145.841: Application time: 0.0933160 seconds
145.841: [GC [PSYoungGen: 20990K->0K(22528K)] 46900K->25910K(54272K), 0.0003840 secs] [Times: user=0.00 sys=0.00, real=0.00 secs] 
145.841: Total time for which application threads were stopped: 0.0005010 seconds, Stopping threads took: 0.0000550 seconds
145.902: Application time: 0.0603700 seconds
145.902: [GC [PSYoungGen: 20987K->544K(22528K)] 46898K->26454K(54272K), 0.0004490 secs] [Times: user=0.00 sys=0.00, real=0.00 secs] 
145.902: Total time for which application threads were stopped: 0.0005680 seconds, Stopping threads took: 0.0000590 seconds
145.985: Application time: 0.0831320 seconds
145.985: [GC [PSYoungGen: 21534K->544K(22528K)] 47444K->26470K(54272K), 0.0004390 secs] [Times: user=0.00 sys=0.00, real=0.00 secs] 
145.986: Total time for which application threads were stopped: 0.0005550 seconds, Stopping threads took: 0.0000590 seconds
146.079: Application time: 0.0931420 seconds
146.079: [GC [PSYoungGen: 21532K->0K(22528K)] 47458K->26338K(54272K), 0.0004450 secs] [Times: user=0.00 sys=0.00, real=0.00 secs] 
146.080: Total time for which application threads were stopped: 0.0005680 seconds, Stopping threads took: 0.0000620 seconds
146.167: Application time: 0.0873330 seconds
146.167: [GC [PSYoungGen: 20991K->384K(22528K)] 47329K->26722K(54272K), 0.0004130 secs] [Times: user=0.00 sys=0.00, real=0.00 secs] 
146.167: Total time for which application threads were stopped: 0.0005340 seconds, Stopping threads took: 0.0000580 seconds
146.246: Application time: 0.0788250 seconds
146.246: [GC [PSYoungGen: 21372K->384K(22528K)] 47711K->26746K(54272K), 0.0004020 secs] [Times: user=0.00 sys=0.00, real=0.00 secs] 
146.247: Total time for which application threads were stopped: 0.0005370 seconds, Stopping threads took: 0.0000740 seconds
146.314: Application time: 0.0669520 seconds
146.314: [GC [PSYoungGen: 21372K->1248K(22528K)] 47734K->27618K(54272K), 0.0005880 secs] [Times: user=0.00 sys=0.00, real=0.00 secs] 
146.314: Total time for which application threads were stopped: 0.0007240 seconds, Stopping threads took: 0.0000670 seconds
146.377: Application time: 0.0629560 seconds
146.378: [GC [PSYoungGen: 22235K->832K(22528K)] 48606K->27892K(54272K), 0.0006650 secs] [Times: user=0.00 sys=0.00, real=0.00 secs] 
146.378: Total time for which application threads were stopped: 0.0007830 seconds, Stopping threads took: 0.0000570 seconds
146.435: Application time: 0.0570300 seconds
146.435: [GC [PSYoungGen: 21819K->1184K(22016K)] 48879K->28360K(53760K), 0.0006440 secs] [Times: user=0.00 sys=0.00, real=0.00 secs] 
146.436: Total time for which application threads were stopped: 0.0007430 seconds, Stopping threads took: 0.0000370 seconds
146.505: Application time: 0.0685800 seconds
146.505: [GC [PSYoungGen: 21662K->576K(21504K)] 48838K->28185K(53248K), 0.0005700 secs] [Times: user=0.01 sys=0.00, real=0.00 secs] 
146.505: Total time for which application threads were stopped: 0.0006710 seconds, Stopping threads took: 0.0000390 seconds
146.590: Application time: 0.0852130 seconds
146.591: [GC [PSYoungGen: 21051K->704K(22016K)] 48661K->28594K(53760K), 0.0005180 secs] [Times: user=0.00 sys=0.00, real=0.00 secs] 
146.591: Total time for which application threads were stopped: 0.0006400 seconds, Stopping threads took: 0.0000560 seconds
146.680: Application time: 0.0891500 seconds
146.680: [GC [PSYoungGen: 21180K->0K(22016K)] 49070K->28467K(53760K), 0.0004770 secs] [Times: user=0.00 sys=0.00, real=0.00 secs] 
146.681: Total time for which application threads were stopped: 0.0005930 seconds, Stopping threads took: 0.0000530 seconds
146.767: Application time: 0.0865880 seconds
146.768: [GC [PSYoungGen: 20477K->512K(22016K)] 48944K->28979K(53760K), 0.0005040 secs] [Times: user=0.00 sys=0.00, real=0.00 secs] 
146.769: Total time for which application threads were stopped: 0.0016500 seconds, Stopping threads took: 0.0000610 seconds
146.856: Application time: 0.0866600 seconds
146.856: [GC [PSYoungGen: 20987K->704K(22016K)] 49454K->29584K(53760K), 0.0005740 secs] [Times: user=0.00 sys=0.00, real=0.00 secs] 
146.856: Total time for which application threads were stopped: 0.0007030 seconds, Stopping threads took: 0.0000560 seconds
146.947: Application time: 0.0905700 seconds
146.947: [GC [PSYoungGen: 21180K->288K(22016K)] 50060K->29577K(53760K), 0.0005000 secs] [Times: user=0.00 sys=0.00, real=0.00 secs] 
146.948: Total time for which application threads were stopped: 0.0006360 seconds, Stopping threads took: 0.0000750 seconds
147.039: Application time: 0.0917910 seconds
147.040: [GC [PSYoungGen: 20767K->0K(22016K)] 50056K->29513K(53760K), 0.0004110 secs] [Times: user=0.00 sys=0.00, real=0.01 secs] 
147.040: Total time for which application threads were stopped: 0.0005370 seconds, Stopping threads took: 0.0000620 seconds
147.132: Application time: 0.0920090 seconds
147.132: [GC [PSYoungGen: 20476K->0K(22016K)] 49989K->29513K(53760K), 0.0004160 secs] [Times: user=0.00 sys=0.00, real=0.00 secs] 
147.133: Total time for which application threads were stopped: 0.0005280 seconds, Stopping threads took: 0.0000500 seconds
147.224: Application time: 0.0916570 seconds
147.224: [GC [PSYoungGen: 20478K->0K(22016K)] 49992K->29513K(53760K), 0.0003980 secs] [Times: user=0.01 sys=0.00, real=0.00 secs] 
147.225: Total time for which application threads were stopped: 0.0005200 seconds, Stopping threads took: 0.0000620 seconds
147.317: Application time: 0.0920680 seconds
147.317: [GC [PSYoungGen: 20478K->0K(22016K)] 49992K->29513K(53760K), 0.0004170 secs] [Times: user=0.00 sys=0.00, real=0.00 secs] 
147.317: Total time for which application threads were stopped: 0.0005310 seconds, Stopping threads took: 0.0000510 seconds
147.409: Application time: 0.0921440 seconds
147.410: [GC [PSYoungGen: 20478K->0K(22016K)] 49992K->29513K(53760K), 0.0003780 secs] [Times: user=0.00 sys=0.00, real=0.00 secs] 
147.410: Total time for which application threads were stopped: 0.0005100 seconds, Stopping threads took: 0.0000600 seconds
147.502: Application time: 0.0918980 seconds
147.502: [GC [PSYoungGen: 20478K->0K(22016K)] 49992K->29513K(53760K), 0.0004370 secs] [Times: user=0.00 sys=0.00, real=0.00 secs] 
147.502: Total time for which application threads were stopped: 0.0005570 seconds, Stopping threads took: 0.0000580 seconds
147.587: Application time: 0.0841560 seconds
147.587: [GC [PSYoungGen: 20476K->384K(22016K)] 49989K->29897K(53760K), 0.0004040 secs] [Times: user=0.00 sys=0.00, real=0.00 secs] 
147.587: Total time for which application threads were stopped: 0.0005280 seconds, Stopping threads took: 0.0000610 seconds
147.649: Application time: 0.0620100 seconds
147.649: [GC [PSYoungGen: 20863K->544K(22016K)] 50376K->30065K(53760K), 0.0004440 secs] [Times: user=0.00 sys=0.00, real=0.00 secs] 
147.650: Total time for which application threads were stopped: 0.0005670 seconds, Stopping threads took: 0.0000630 seconds
147.734: Application time: 0.0839210 seconds
147.734: [GC [PSYoungGen: 21020K->512K(22016K)] 50541K->30041K(53760K), 0.0004730 secs] [Times: user=0.01 sys=0.00, real=0.00 secs] 
147.734: Total time for which application threads were stopped: 0.0005930 seconds, Stopping threads took: 0.0000610 seconds
147.825: Application time: 0.0904870 seconds
147.825: [GC [PSYoungGen: 20990K->0K(22016K)] 50519K->30058K(53760K), 0.0004830 secs] [Times: user=0.00 sys=0.00, real=0.00 secs] 
147.825: Total time for which application threads were stopped: 0.0006110 seconds, Stopping threads took: 0.0000670 seconds
147.899: Application time: 0.0735130 seconds
147.900: [GC [PSYoungGen: 20476K->384K(22016K)] 50535K->30442K(53760K), 0.0004110 secs] [Times: user=0.00 sys=0.00, real=0.00 secs] 
147.900: Total time for which application threads were stopped: 0.0013760 seconds, Stopping threads took: 0.0009010 seconds
147.986: Application time: 0.0853730 seconds
147.986: [GC [PSYoungGen: 20862K->384K(20992K)] 50921K->30450K(52736K), 0.0005040 secs] [Times: user=0.00 sys=0.00, real=0.00 secs] 
147.986: Total time for which application threads were stopped: 0.0006360 seconds, Stopping threads took: 0.0000580 seconds
148.046: Application time: 0.0595540 seconds
148.046: [GC [PSYoungGen: 20860K->960K(21504K)] 50926K->31274K(53248K), 0.0006140 secs] [Times: user=0.00 sys=0.00, real=0.00 secs] 
148.047: Total time for which application threads were stopped: 0.0007330 seconds, Stopping threads took: 0.0000580 seconds
148.105: Application time: 0.0589260 seconds
148.106: [GC [PSYoungGen: 21438K->1184K(22016K)] 51752K->31770K(53760K), 0.0006170 secs] [Times: user=0.00 sys=0.00, real=0.00 secs] 
148.106: Total time for which application threads were stopped: 0.0007150 seconds, Stopping threads took: 0.0000360 seconds
148.157: Application time: 0.0508080 seconds
148.157: [GC [PSYoungGen: 21660K->1184K(22016K)] 52247K->32083K(53760K), 0.0006410 secs] [Times: user=0.00 sys=0.00, real=0.00 secs] 
148.158: Total time for which application threads were stopped: 0.0007720 seconds, Stopping threads took: 0.0000690 seconds
148.235: Application time: 0.0768620 seconds
148.235: [GC [PSYoungGen: 21662K->736K(22528K)] 52561K->32100K(54272K), 0.0005580 secs] [Times: user=0.00 sys=0.00, real=0.00 secs] 
148.235: [Full GC [PSYoungGen: 736K->0K(22528K)] [ParOldGen: 31364K->4406K(31232K)] 32100K->4406K(53760K) [PSPermGen: 5577K->5577K(21504K)], 0.0059640 secs] [Times: user=0.02 sys=0.00, real=0.01 secs] 
148.241: Total time for which application threads were stopped: 0.0066940 seconds, Stopping threads took: 0.0000630 seconds
148.327: Application time: 0.0861570 seconds
148.328: [GC [PSYoungGen: 20478K->544K(21504K)] 24884K->4950K(52736K), 0.0004370 secs] [Times: user=0.00 sys=0.00, real=0.00 secs] 
148.328: Total time for which application threads were stopped: 0.0005520 seconds, Stopping threads took: 0.0000550 seconds
148.417: Application time: 0.0890750 seconds
148.417: [GC [PSYoungGen: 21020K->0K(22016K)] 25427K->4839K(53248K), 0.0004180 secs] [Times: user=0.00 sys=0.00, real=0.00 secs] 
148.418: Total time for which application threads were stopped: 0.0005590 seconds, Stopping threads took: 0.0000760 seconds
148.504: Application time: 0.0862410 seconds
148.504: [GC [PSYoungGen: 20477K->544K(22016K)] 25317K->5383K(53248K), 0.0004030 secs] [Times: user=0.01 sys=0.00, real=0.00 secs] 
148.504: Total time for which application threads were stopped: 0.0005370 seconds, Stopping threads took: 0.0000600 seconds
148.590: Application time: 0.0854850 seconds
148.590: [GC [PSYoungGen: 21020K->736K(22016K)] 25860K->6113K(53248K), 0.0005420 secs] [Times: user=0.00 sys=0.00, real=0.00 secs] 
148.591: Total time for which application threads were stopped: 0.0006540 seconds, Stopping threads took: 0.0000500 seconds
148.682: Application time: 0.0912170 seconds
148.682: [GC [PSYoungGen: 21215K->0K(22016K)] 26592K->5982K(53248K), 0.0004610 secs] [Times: user=0.00 sys=0.00, real=0.00 secs] 
148.682: Total time for which application threads were stopped: 0.0005740 seconds, Stopping threads took: 0.0000530 seconds
148.775: Application time: 0.0922290 seconds
148.775: [GC [PSYoungGen: 20476K->0K(22016K)] 26459K->5982K(53248K), 0.0003830 secs] [Times: user=0.01 sys=0.00, real=0.00 secs] 
148.775: Total time for which application threads were stopped: 0.0004990 seconds, Stopping threads took: 0.0000550 seconds
148.867: Application time: 0.0923680 seconds
148.868: [GC [PSYoungGen: 20476K->0K(22016K)] 26458K->5982K(53248K), 0.0003890 secs] [Times: user=0.00 sys=0.00, real=0.00 secs] 
148.868: Total time for which application threads were stopped: 0.0005170 seconds, Stopping threads took: 0.0000660 seconds
148.960: Application time: 0.0923760 seconds
148.960: [GC [PSYoungGen: 20478K->0K(22016K)] 26461K->5982K(53248K), 0.0003910 secs] [Times: user=0.00 sys=0.00, real=0.00 secs] 
148.961: Total time for which application threads were stopped: 0.0005170 seconds, Stopping threads took: 0.0000640 seconds
149.053: Application time: 0.0924340 seconds
149.053: [GC [PSYoungGen: 20478K->0K(22016K)] 26461K->5982K(53248K), 0.0003890 secs] [Times: user=0.00 sys=0.00, real=0.00 secs] 
149.054: Total time for which application threads were stopped: 0.0005220 seconds, Stopping threads took: 0.0000640 seconds
149.146: Application time: 0.0916980 seconds
149.146: [GC [PSYoungGen: 20478K->0K(22016K)] 26461K->5982K(53248K), 0.0003540 secs] [Times: user=0.00 sys=0.00, real=0.00 secs] 
149.146: Total time for which application threads were stopped: 0.0004820 seconds, Stopping threads took: 0.0000680 seconds
149.238: Application time: 0.0918760 seconds
149.238: [GC [PSYoungGen: 20476K->0K(22016K)] 26459K->5982K(53248K), 0.0003590 secs] [Times: user=0.00 sys=0.00, real=0.00 secs] 
149.238: Total time for which application threads were stopped: 0.0004620 seconds, Stopping threads took: 0.0000450 seconds
149.313: Application time: 0.0742540 seconds
149.313: [GC [PSYoungGen: 20476K->544K(22016K)] 26459K->6526K(53248K), 0.0004140 secs] [Times: user=0.00 sys=0.00, real=0.00 secs] 
149.313: Total time for which application threads were stopped: 0.0005280 seconds, Stopping threads took: 0.0000500 seconds
149.381: Application time: 0.0676040 seconds
149.381: [GC [PSYoungGen: 21021K->544K(22016K)] 27003K->6558K(53248K), 0.0004350 secs] [Times: user=0.00 sys=0.00, real=0.00 secs] 
149.381: Total time for which application threads were stopped: 0.0005350 seconds, Stopping threads took: 0.0000390 seconds
149.470: Application time: 0.0886980 seconds
149.470: [GC [PSYoungGen: 21019K->512K(22016K)] 27034K->6542K(53248K), 0.0003990 secs] [Times: user=0.00 sys=0.00, real=0.00 secs] 
149.471: Total time for which application threads were stopped: 0.0005290 seconds, Stopping threads took: 0.0000680 seconds
149.562: Application time: 0.0910590 seconds
149.562: [GC [PSYoungGen: 20988K->0K(22016K)] 27019K->6447K(53248K), 0.0004090 secs] [Times: user=0.00 sys=0.00, real=0.00 secs] 
149.562: Total time for which application threads were stopped: 0.0005380 seconds, Stopping threads took: 0.0000590 seconds
149.633: Application time: 0.0710030 seconds
149.633: [GC [PSYoungGen: 20476K->512K(22016K)] 26924K->6959K(53248K), 0.0004210 secs] [Times: user=0.00 sys=0.00, real=0.00 secs] 
149.634: Total time for which application threads were stopped: 0.0005440 seconds, Stopping threads took: 0.0000610 seconds
149.720: Application time: 0.0860910 seconds
149.720: [GC [PSYoungGen: 20926K->608K(22016K)] 27374K->7063K(53248K), 0.0005020 secs] [Times: user=0.00 sys=0.00, real=0.00 secs] 
149.720: Total time for which application threads were stopped: 0.0006200 seconds, Stopping threads took: 0.0000620 seconds
149.775: Application time: 0.0548900 seconds
149.775: [GC [PSYoungGen: 21085K->800K(22016K)] 27541K->7724K(53248K), 0.0006440 secs] [Times: user=0.01 sys=0.00, real=0.00 secs] 
149.776: Total time for which application threads were stopped: 0.0007650 seconds, Stopping threads took: 0.0000580 seconds
149.847: Application time: 0.0711510 seconds
149.847: [GC [PSYoungGen: 21278K->784K(22016K)] 28202K->7977K(53248K), 0.0005700 secs] [Times: user=0.01 sys=0.00, real=0.00 secs] 
149.848: Total time for which application threads were stopped: 0.0006940 seconds, Stopping threads took: 0.0000620 seconds
149.899: Application time: 0.0513000 seconds
149.899: [GC [PSYoungGen: 21262K->944K(22016K)] 28455K->8413K(53248K), 0.0005610 secs] [Times: user=0.00 sys=0.00, real=0.01 secs] 
149.900: Total time for which application threads were stopped: 0.0006840 seconds, Stopping threads took: 0.0000540 seconds
149.973: Application time: 0.0732740 seconds
149.973: [GC [PSYoungGen: 21420K->736K(22016K)] 28889K->8494K(53248K), 0.0004900 secs] [Times: user=0.00 sys=0.00, real=0.00 secs] 
149.974: Total time for which application threads were stopped: 0.0006180 seconds, Stopping threads took: 0.0000650 seconds
150.059: Application time: 0.0855480 seconds
150.059: [GC [PSYoungGen: 21213K->544K(22016K)] 28971K->8711K(53248K), 0.0004790 secs] [Times: user=0.00 sys=0.00, real=0.01 secs] 
150.060: Total time for which application threads were stopped: 0.0006070 seconds, Stopping threads took: 0.0000630 seconds
150.148: Application time: 0.0877710 seconds
150.148: [GC [PSYoungGen: 21022K->288K(22016K)] 29189K->8872K(53248K), 0.0004920 secs] [Times: user=0.00 sys=0.00, real=0.00 secs] 
150.148: Total time for which application threads were stopped: 0.0006180 seconds, Stopping threads took: 0.0000570 seconds
150.236: Application time: 0.0879760 seconds
150.236: [GC [PSYoungGen: 20766K->576K(22016K)] 29350K->9168K(53248K), 0.0004160 secs] [Times: user=0.00 sys=0.00, real=0.00 secs] 
150.237: Total time for which application threads were stopped: 0.0005390 seconds, Stopping threads took: 0.0000620 seconds
150.322: Application time: 0.0852370 seconds
150.322: [GC [PSYoungGen: 21054K->768K(22016K)] 29647K->9761K(53248K), 0.0005250 secs] [Times: user=0.00 sys=0.00, real=0.00 secs] 
150.323: Total time for which application threads were stopped: 0.0006360 seconds, Stopping threads took: 0.0000490 seconds
150.414: Application time: 0.0912970 seconds
150.414: [GC [PSYoungGen: 21247K->0K(22016K)] 30240K->9583K(53248K), 0.0004370 secs] [Times: user=0.00 sys=0.00, real=0.00 secs] 
150.415: Total time for which application threads were stopped: 0.0005920 seconds, Stopping threads took: 0.0000910 seconds
150.506: Application time: 0.0918430 seconds
150.507: [GC [PSYoungGen: 20478K->0K(22016K)] 30062K->9583K(53248K), 0.0003670 secs] [Times: user=0.00 sys=0.00, real=0.00 secs] 
150.507: Total time for which application threads were stopped: 0.0004980 seconds, Stopping threads took: 0.0000680 seconds
150.598: Application time: 0.0911390 seconds
150.598: [GC [PSYoungGen: 20478K->0K(22016K)] 30062K->9583K(53248K), 0.0003830 secs] [Times: user=0.00 sys=0.00, real=0.00 secs] 
150.599: Total time for which application threads were stopped: 0.0005140 seconds, Stopping threads took: 0.0000690 seconds
150.690: Application time: 0.0913250 seconds
150.690: [GC [PSYoungGen: 20478K->0K(22016K)] 30062K->9583K(53248K), 0.0003540 secs] [Times: user=0.00 sys=0.00, real=0.00 secs] 
150.690: Total time for which application threads were stopped: 0.0004850 seconds, Stopping threads took: 0.0000620 seconds
150.782: Application time: 0.0914880 seconds
150.782: [GC [PSYoungGen: 20478K->0K(22016K)] 30062K->9583K(53248K), 0.0003580 secs] [Times: user=0.00 sys=0.00, real=0.00 secs] 
150.782: Total time for which application threads were stopped: 0.0004690 seconds, Stopping threads took: 0.0000470 seconds
150.874: Application time: 0.0915250 seconds
150.874: [GC [PSYoungGen: 20478K->0K(22016K)] 30062K->9583K(53248K), 0.0003780 secs] [Times: user=0.00 sys=0.00, real=0.00 secs] 
150.874: Total time for which application threads were stopped: 0.0005130 seconds, Stopping threads took: 0.0000730 seconds
150.966: Application time: 0.0912130 seconds
150.966: [GC [PSYoungGen: 20478K->0K(22016K)] 30062K->9583K(53248K), 0.0003390 secs] [Times: user=0.00 sys=0.00, real=0.00 secs] 
150.966: Total time for which application threads were stopped: 0.0004550 seconds, Stopping threads took: 0.0000540 seconds
151.029: Application time: 0.0629460 seconds
151.029: [GC [PSYoungGen: 20477K->512K(22016K)] 30060K->10095K(53248K), 0.0004380 secs] [Times: user=0.00 sys=0.00, real=0.00 secs] 
151.030: Total time for which application threads were stopped: 0.0005610 seconds, Stopping threads took: 0.0000630 seconds
151.107: Application time: 0.0775460 seconds
151.107: [GC [PSYoungGen: 20988K->512K(22016K)] 30571K->10103K(53248K), 0.0004160 secs] [Times: user=0.00 sys=0.00, real=0.00 secs] 
151.108: Total time for which application threads were stopped: 0.0005650 seconds, Stopping threads took: 0.0000730 seconds
151.198: Application time: 0.0901570 seconds
151.198: [GC [PSYoungGen: 20990K->352K(22016K)] 30581K->10167K(53248K), 0.0004710 secs] [Times: user=0.00 sys=0.00, real=0.00 secs] 
151.198: Total time for which application threads were stopped: 0.0006000 seconds, Stopping threads took: 0.0000580 seconds
151.278: Application time: 0.0799180 seconds
151.278: [GC [PSYoungGen: 20828K->352K(20992K)] 30644K->10387K(52224K), 0.0004690 secs] [Times: user=0.00 sys=0.00, real=0.00 secs] 
151.279: Total time for which application threads were stopped: 0.0005890 seconds, Stopping threads took: 0.0000560 seconds
151.359: Application time: 0.0802760 seconds
151.359: [GC [PSYoungGen: 20828K->256K(21504K)] 30864K->10299K(52736K), 0.0004210 secs] [Times: user=0.00 sys=0.00, real=0.01 secs] 
151.360: Total time for which application threads were stopped: 0.0005460 seconds, Stopping threads took: 0.0000650 seconds
151.442: Application time: 0.0820000 seconds
151.442: [GC [PSYoungGen: 20733K->992K(20992K)] 30777K->11051K(52224K), 0.0004950 secs] [Times: user=0.01 sys=0.00, real=0.00 secs] 
151.442: Total time for which application threads were stopped: 0.0006060 seconds, Stopping threads took: 0.0000520 seconds
151.498: Application time: 0.0555440 seconds
151.498: [GC [PSYoungGen: 20959K->768K(21504K)] 31019K->11323K(52736K), 0.0005620 secs] [Times: user=0.00 sys=0.00, real=0.00 secs] 
151.499: Total time for which application threads were stopped: 0.0006860 seconds, Stopping threads took: 0.0000640 seconds
151.575: Application time: 0.0764760 seconds
151.575: [GC [PSYoungGen: 20733K->768K(21504K)] 31288K->11568K(52736K), 0.0005180 secs] [Times: user=0.00 sys=0.00, real=0.00 secs] 
151.576: Total time for which application threads were stopped: 0.0006250 seconds, Stopping threads took: 0.0000430 seconds
151.618: Application time: 0.0417670 seconds
151.618: [GC [PSYoungGen: 20734K->688K(21504K)] 31534K->11957K(52736K), 0.0006140 secs] [Times: user=0.00 sys=0.00, real=0.00 secs] 
151.618: Total time for which application threads were stopped: 0.0007630 seconds, Stopping threads took: 0.0000850 seconds
151.690: Application time: 0.0721840 seconds
151.691: [GC [PSYoungGen: 20651K->928K(21504K)] 31921K->12293K(52736K), 0.0005160 secs] [Times: user=0.00 sys=0.00, real=0.00 secs] 
151.691: Total time for which application threads were stopped: 0.0006410 seconds, Stopping threads took: 0.0000620 seconds
151.774: Application time: 0.0833200 seconds
151.775: [GC [PSYoungGen: 20892K->640K(21504K)] 32257K->12221K(52736K), 0.0005990 secs] [Times: user=0.00 sys=0.00, real=0.00 secs] 
151.776: Total time for which application threads were stopped: 0.0017750 seconds, Stopping threads took: 0.0000510 seconds
151.862: Application time: 0.0858610 seconds
151.862: [GC [PSYoungGen: 20604K->320K(21504K)] 32185K->12502K(52736K), 0.0006130 secs] [Times: user=0.01 sys=0.00, real=0.00 secs] 
151.863: Total time for which application threads were stopped: 0.0008140 seconds, Stopping threads took: 0.0001170 seconds
151.948: Application time: 0.0846760 seconds
151.948: [GC [PSYoungGen: 20287K->544K(21504K)] 32470K->12750K(52736K), 0.0004230 secs] [Times: user=0.01 sys=0.00, real=0.00 secs] 
151.948: Total time for which application threads were stopped: 0.0005490 seconds, Stopping threads took: 0.0000620 seconds
152.031: Application time: 0.0830810 seconds
152.031: [GC [PSYoungGen: 20509K->704K(21504K)] 32715K->13314K(52736K), 0.0005240 secs] [Times: user=0.00 sys=0.00, real=0.01 secs] 
152.032: Total time for which application threads were stopped: 0.0006400 seconds, Stopping threads took: 0.0000540 seconds
152.121: Application time: 0.0887180 seconds
152.121: [GC [PSYoungGen: 20668K->0K(21504K)] 33279K->13215K(52736K), 0.0004660 secs] [Times: user=0.00 sys=0.00, real=0.00 secs] 
152.121: Total time for which application threads were stopped: 0.0005940 seconds, Stopping threads took: 0.0000670 seconds
152.211: Application time: 0.0894230 seconds
152.211: [GC [PSYoungGen: 19964K->0K(21504K)] 33179K->13215K(52736K), 0.0003690 secs] [Times: user=0.00 sys=0.00, real=0.00 secs] 
152.211: Total time for which application threads were stopped: 0.0004870 seconds, Stopping threads took: 0.0000570 seconds
152.300: Application time: 0.0891100 seconds
152.300: [GC [PSYoungGen: 19964K->0K(21504K)] 33179K->13215K(52736K), 0.0003610 secs] [Times: user=0.00 sys=0.00, real=0.00 secs] 
152.301: Total time for which application threads were stopped: 0.0004940 seconds, Stopping threads took: 0.0000630 seconds
152.390: Application time: 0.0893620 seconds
152.390: [GC [PSYoungGen: 19964K->0K(21504K)] 33179K->13215K(52736K), 0.0003620 secs] [Times: user=0.00 sys=0.00, real=0.00 secs] 
152.391: Total time for which application threads were stopped: 0.0004990 seconds, Stopping threads took: 0.0000740 seconds
152.480: Application time: 0.0899500 seconds
152.481: [GC [PSYoungGen: 19964K->0K(21504K)] 33179K->13215K(52736K), 0.0003380 secs] [Times: user=0.01 sys=0.00, real=0.00 secs] 
152.481: Total time for which application threads were stopped: 0.0004690 seconds, Stopping threads took: 0.0000680 seconds
152.571: Application time: 0.0899380 seconds
152.571: [GC [PSYoungGen: 19964K->0K(21504K)] 33179K->13215K(52736K), 0.0003940 secs] [Times: user=0.00 sys=0.00, real=0.00 secs] 
152.571: Total time for which application threads were stopped: 0.0005200 seconds, Stopping threads took: 0.0000630 seconds
152.661: Application time: 0.0895180 seconds
152.661: [GC [PSYoungGen: 19964K->0K(21504K)] 33179K->13215K(52736K), 0.0003540 secs] [Times: user=0.00 sys=0.00, real=0.00 secs] 
152.661: Total time for which application threads were stopped: 0.0004790 seconds, Stopping threads took: 0.0000650 seconds
152.730: Application time: 0.0684550 seconds
152.730: [GC [PSYoungGen: 19967K->512K(21504K)] 33182K->13727K(52736K), 0.0004330 secs] [Times: user=0.00 sys=0.00, real=0.00 secs] 
152.730: Total time for which application threads were stopped: 0.0005360 seconds, Stopping threads took: 0.0000400 seconds
152.798: Application time: 0.0677280 seconds
152.798: [GC [PSYoungGen: 20476K->544K(21504K)] 33692K->13783K(52736K), 0.0004160 secs] [Times: user=0.00 sys=0.00, real=0.00 secs] 
152.799: Total time for which application threads were stopped: 0.0005300 seconds, Stopping threads took: 0.0000510 seconds
152.886: Application time: 0.0870230 seconds
152.886: [GC [PSYoungGen: 20510K->384K(21504K)] 33749K->13839K(52736K), 0.0004170 secs] [Times: user=0.00 sys=0.00, real=0.00 secs] 
152.886: Total time for which application threads were stopped: 0.0005640 seconds, Stopping threads took: 0.0000760 seconds
152.966: Application time: 0.0801370 seconds
152.967: [GC [PSYoungGen: 20351K->352K(20480K)] 33806K->14028K(51712K), 0.0004400 secs] [Times: user=0.00 sys=0.00, real=0.00 secs] 
152.967: Total time for which application threads were stopped: 0.0005770 seconds, Stopping threads took: 0.0000750 seconds
153.044: Application time: 0.0771430 seconds
153.044: [GC [PSYoungGen: 20315K->352K(20992K)] 33992K->14036K(52224K), 0.0004130 secs] [Times: user=0.01 sys=0.00, real=0.00 secs] 
153.045: Total time for which application threads were stopped: 0.0005400 seconds, Stopping threads took: 0.0000660 seconds
153.130: Application time: 0.0852340 seconds
153.130: [GC [PSYoungGen: 20316K->720K(20992K)] 34000K->14412K(52224K), 0.0004960 secs] [Times: user=0.00 sys=0.00, real=0.00 secs] 
153.131: Total time for which application threads were stopped: 0.0006190 seconds, Stopping threads took: 0.0000610 seconds
153.192: Application time: 0.0611650 seconds
153.192: [GC [PSYoungGen: 20686K->800K(21504K)] 34378K->14957K(52736K), 0.0005380 secs] [Times: user=0.00 sys=0.00, real=0.00 secs] 
153.192: Total time for which application threads were stopped: 0.0006660 seconds, Stopping threads took: 0.0000650 seconds
153.264: Application time: 0.0713280 seconds
153.264: [GC [PSYoungGen: 20767K->608K(21504K)] 34924K->15013K(52736K), 0.0004810 secs] [Times: user=0.00 sys=0.00, real=0.00 secs] 
153.264: Total time for which application threads were stopped: 0.0006430 seconds, Stopping threads took: 0.0000930 seconds
153.330: Application time: 0.0653150 seconds
153.330: [GC [PSYoungGen: 20573K->1040K(21504K)] 34979K->15714K(52736K), 0.0005460 secs] [Times: user=0.00 sys=0.00, real=0.00 secs] 
153.330: Total time for which application threads were stopped: 0.0006740 seconds, Stopping threads took: 0.0000650 seconds
153.378: Application time: 0.0474870 seconds
153.378: [GC [PSYoungGen: 21007K->928K(21504K)] 35681K->15886K(52736K), 0.0005980 secs] [Times: user=0.00 sys=0.00, real=0.00 secs] 
153.379: Total time for which application threads were stopped: 0.0007090 seconds, Stopping threads took: 0.0000520 seconds
153.460: Application time: 0.0813560 seconds
153.460: [GC [PSYoungGen: 20895K->896K(21504K)] 35853K->15918K(52736K), 0.0004700 secs] [Times: user=0.00 sys=0.00, real=0.00 secs] 
153.460: Total time for which application threads were stopped: 0.0006000 seconds, Stopping threads took: 0.0000580 seconds
153.548: Application time: 0.0871610 seconds
153.548: [GC [PSYoungGen: 20860K->0K(21504K)] 35882K->15840K(52736K), 0.0006170 secs] [Times: user=0.01 sys=0.00, real=0.00 secs] 
153.548: Total time for which application threads were stopped: 0.0007450 seconds, Stopping threads took: 0.0000660 seconds
153.634: Application time: 0.0855720 seconds
153.634: [GC [PSYoungGen: 19967K->544K(21504K)] 35807K->16384K(52736K), 0.0004120 secs] [Times: user=0.00 sys=0.00, real=0.00 secs] 
153.635: Total time for which application threads were stopped: 0.0005470 seconds, Stopping threads took: 0.0000710 seconds
153.724: Application time: 0.0897230 seconds
153.724: [GC [PSYoungGen: 20508K->0K(21504K)] 36348K->16257K(52736K), 0.0004080 secs] [Times: user=0.00 sys=0.00, real=0.00 secs] 
153.725: Total time for which application threads were stopped: 0.0005410 seconds, Stopping threads took: 0.0000700 seconds
153.808: Application time: 0.0836970 seconds
153.809: [GC [PSYoungGen: 19966K->736K(21504K)] 36224K->16993K(52736K), 0.0004500 secs] [Times: user=0.00 sys=0.00, real=0.00 secs] 
153.809: Total time for which application threads were stopped: 0.0005800 seconds, Stopping threads took: 0.0000680 seconds
153.899: Application time: 0.0898300 seconds
153.899: [GC [PSYoungGen: 20700K->0K(21504K)] 36957K->16882K(52736K), 0.0004940 secs] [Times: user=0.00 sys=0.00, real=0.00 secs] 
153.900: Total time for which application threads were stopped: 0.0006060 seconds, Stopping threads took: 0.0000500 seconds
153.989: Application time: 0.0898180 seconds
153.989: [GC [PSYoungGen: 19964K->0K(21504K)] 36846K->16882K(52736K), 0.0003890 secs] [Times: user=0.00 sys=0.00, real=0.00 secs] 
153.990: Total time for which application threads were stopped: 0.0005320 seconds, Stopping threads took: 0.0000690 seconds
154.080: Application time: 0.0896700 seconds
154.080: [GC [PSYoungGen: 19964K->0K(21504K)] 36846K->16882K(52736K), 0.0003680 secs] [Times: user=0.00 sys=0.00, real=0.01 secs] 
154.080: Total time for which application threads were stopped: 0.0004830 seconds, Stopping threads took: 0.0000480 seconds
154.170: Application time: 0.0900640 seconds
154.170: [GC [PSYoungGen: 19964K->0K(21504K)] 36846K->16882K(52736K), 0.0003970 secs] [Times: user=0.00 sys=0.00, real=0.00 secs] 
154.171: Total time for which application threads were stopped: 0.0005090 seconds, Stopping threads took: 0.0000480 seconds
154.261: Application time: 0.0899590 seconds
154.261: [GC [PSYoungGen: 19964K->0K(21504K)] 36846K->16882K(52736K), 0.0003550 secs] [Times: user=0.00 sys=0.00, real=0.00 secs] 
154.261: Total time for which application threads were stopped: 0.0004810 seconds, Stopping threads took: 0.0000660 seconds
154.351: Application time: 0.0904560 seconds
154.352: [GC [PSYoungGen: 19964K->0K(21504K)] 36846K->16882K(52736K), 0.0003700 secs] [Times: user=0.00 sys=0.00, real=0.01 secs] 
154.352: Total time for which application threads were stopped: 0.0004960 seconds, Stopping threads took: 0.0000640 seconds
154.423: Application time: 0.0710740 seconds
154.423: [GC [PSYoungGen: 19965K->384K(21504K)] 36847K->17266K(52736K), 0.0003960 secs] [Times: user=0.01 sys=0.00, real=0.00 secs] 
154.424: Total time for which application threads were stopped: 0.0005080 seconds, Stopping threads took: 0.0000500 seconds
154.490: Application time: 0.0664420 seconds
154.490: [GC [PSYoungGen: 20351K->544K(21504K)] 37233K->17442K(52736K), 0.0004180 secs] [Times: user=0.00 sys=0.00, real=0.00 secs] 
154.491: Total time for which application threads were stopped: 0.0005480 seconds, Stopping threads took: 0.0000570 seconds
154.578: Application time: 0.0879170 seconds
154.579: [GC [PSYoungGen: 20510K->352K(21504K)] 37408K->17471K(52736K), 0.0004330 secs] [Times: user=0.00 sys=0.00, real=0.00 secs] 
154.579: Total time for which application threads were stopped: 0.0005640 seconds, Stopping threads took: 0.0000690 seconds
154.663: Application time: 0.0843570 seconds
154.664: [GC [PSYoungGen: 20316K->352K(21504K)] 37435K->17703K(52736K), 0.0004350 secs] [Times: user=0.00 sys=0.00, real=0.00 secs] 
154.664: Total time for which application threads were stopped: 0.0005640 seconds, Stopping threads took: 0.0000620 seconds
154.737: Application time: 0.0734460 seconds
154.738: [GC [PSYoungGen: 20319K->320K(20480K)] 37670K->17679K(51712K), 0.0004780 secs] [Times: user=0.00 sys=0.00, real=0.00 secs] 
154.738: Total time for which application threads were stopped: 0.0005960 seconds, Stopping threads took: 0.0000550 seconds
154.823: Application time: 0.0853220 seconds
154.823: [GC [PSYoungGen: 20287K->576K(20992K)] 37646K->17951K(52224K), 0.0005020 secs] [Times: user=0.00 sys=0.01, real=0.00 secs] 
154.824: Total time for which application threads were stopped: 0.0006200 seconds, Stopping threads took: 0.0000540 seconds
154.908: Application time: 0.0844110 seconds
154.908: [GC [PSYoungGen: 20542K->544K(20992K)] 37917K->18391K(52224K), 0.0005210 secs] [Times: user=0.00 sys=0.00, real=0.00 secs] 
154.909: Total time for which application threads were stopped: 0.0006400 seconds, Stopping threads took: 0.0000580 seconds
154.962: Application time: 0.0525380 seconds
154.962: [GC [PSYoungGen: 20507K->544K(20992K)] 38354K->18651K(52224K), 0.0005210 secs] [Times: user=0.00 sys=0.00, real=0.00 secs] 
154.962: Total time for which application threads were stopped: 0.0006450 seconds, Stopping threads took: 0.0000620 seconds
155.045: Application time: 0.0831270 seconds
155.045: [GC [PSYoungGen: 20510K->544K(20992K)] 38618K->18707K(52224K), 0.0004430 secs] [Times: user=0.00 sys=0.00, real=0.00 secs] 
155.046: Total time for which application threads were stopped: 0.0005870 seconds, Stopping threads took: 0.0000720 seconds
155.089: Application time: 0.0427570 seconds
155.089: [GC [PSYoungGen: 20509K->1008K(20480K)] 38673K->19612K(51712K), 0.0006450 secs] [Times: user=0.00 sys=0.00, real=0.00 secs] 
155.089: Total time for which application threads were stopped: 0.0007530 seconds, Stopping threads took: 0.0000470 seconds
155.155: Application time: 0.0659130 seconds
155.155: [GC [PSYoungGen: 20460K->864K(20992K)] 39064K->19596K(52224K), 0.0005430 secs] [Times: user=0.00 sys=0.00, real=0.00 secs] 
155.156: Total time for which application threads were stopped: 0.0006760 seconds, Stopping threads took: 0.0000700 seconds
155.237: Application time: 0.0812830 seconds
155.237: [GC [PSYoungGen: 20317K->672K(20992K)] 39050K->19617K(52224K), 0.0005240 secs] [Times: user=0.00 sys=0.00, real=0.00 secs] 
155.238: Total time for which application threads were stopped: 0.0006350 seconds, Stopping threads took: 0.0000470 seconds
155.322: Application time: 0.0842820 seconds
155.322: [GC [PSYoungGen: 20125K->0K(20992K)] 39071K->19558K(52224K), 0.0005180 secs] [Times: user=0.00 sys=0.00, real=0.00 secs] 
155.323: Total time for which application threads were stopped: 0.0006250 seconds, Stopping threads took: 0.0000460 seconds
155.405: Application time: 0.0817500 seconds
155.405: [GC [PSYoungGen: 19455K->544K(20992K)] 39014K->20102K(52224K), 0.0004220 secs] [Times: user=0.00 sys=0.00, real=0.00 secs] 
155.405: Total time for which application threads were stopped: 0.0005550 seconds, Stopping threads took: 0.0000650 seconds
155.488: Application time: 0.0828820 seconds
155.488: [GC [PSYoungGen: 19941K->544K(20992K)] 39500K->20507K(52224K), 0.0005580 secs] [Times: user=0.00 sys=0.00, real=0.00 secs] 
155.489: Total time for which application threads were stopped: 0.0006720 seconds, Stopping threads took: 0.0000570 seconds
155.573: Application time: 0.0839570 seconds
155.573: [GC [PSYoungGen: 19999K->512K(20992K)] 39962K->20695K(52224K), 0.0004650 secs] [Times: user=0.00 sys=0.00, real=0.00 secs] 
155.573: Total time for which application threads were stopped: 0.0006110 seconds, Stopping threads took: 0.0000730 seconds
155.660: Application time: 0.0868950 seconds
155.660: [GC [PSYoungGen: 19965K->0K(20992K)] 40149K->20592K(52224K), 0.0004470 secs] [Times: user=0.00 sys=0.00, real=0.00 secs] 
155.661: Total time for which application threads were stopped: 0.0005730 seconds, Stopping threads took: 0.0000610 seconds
155.747: Application time: 0.0862520 seconds
155.747: [GC [PSYoungGen: 19453K->0K(20992K)] 40046K->20592K(52224K), 0.0003780 secs] [Times: user=0.00 sys=0.00, real=0.00 secs] 
155.748: Total time for which application threads were stopped: 0.0004850 seconds, Stopping threads took: 0.0000450 seconds
155.834: Application time: 0.0866580 seconds
155.834: [GC [PSYoungGen: 19453K->0K(20992K)] 40046K->20592K(52224K), 0.0003950 secs] [Times: user=0.00 sys=0.00, real=0.00 secs] 
155.835: Total time for which application threads were stopped: 0.0005160 seconds, Stopping threads took: 0.0000620 seconds
155.921: Application time: 0.0868090 seconds
155.922: [GC [PSYoungGen: 19453K->0K(20992K)] 40046K->20592K(52224K), 0.0004230 secs] [Times: user=0.00 sys=0.00, real=0.00 secs] 
155.922: Total time for which application threads were stopped: 0.0005340 seconds, Stopping threads took: 0.0000520 seconds
156.009: Application time: 0.0865990 seconds
156.009: [GC [PSYoungGen: 19453K->0K(20992K)] 40046K->20592K(52224K), 0.0003760 secs] [Times: user=0.00 sys=0.00, real=0.00 secs] 
156.009: Total time for which application threads were stopped: 0.0004970 seconds, Stopping threads took: 0.0000590 seconds
156.092: Application time: 0.0828080 seconds
156.092: [GC [PSYoungGen: 19454K->352K(20992K)] 40047K->20944K(52224K), 0.0003860 secs] [Times: user=0.00 sys=0.00, real=0.00 secs] 
156.092: Total time for which application threads were stopped: 0.0005180 seconds, Stopping threads took: 0.0000640 seconds
156.150: Application time: 0.0576450 seconds
156.150: [GC [PSYoungGen: 19803K->480K(19968K)] 40396K->21080K(51200K), 0.0005980 secs] [Times: user=0.00 sys=0.00, real=0.00 secs] 
156.151: Total time for which application threads were stopped: 0.0007070 seconds, Stopping threads took: 0.0000460 seconds
156.227: Application time: 0.0760100 seconds
156.227: [GC [PSYoungGen: 19932K->448K(20480K)] 40533K->21056K(51712K), 0.0004740 secs] [Times: user=0.00 sys=0.00, real=0.00 secs] 
156.227: Total time for which application threads were stopped: 0.0006030 seconds, Stopping threads took: 0.0000680 seconds
156.312: Application time: 0.0844680 seconds
156.312: [GC [PSYoungGen: 19903K->352K(20480K)] 40512K->21184K(51712K), 0.0004420 secs] [Times: user=0.00 sys=0.00, real=0.00 secs] 
156.312: Total time for which application threads were stopped: 0.0005670 seconds, Stopping threads took: 0.0000650 seconds
156.387: Application time: 0.0749020 seconds
156.387: [GC [PSYoungGen: 19806K->288K(20480K)] 40639K->21341K(51712K), 0.0004480 secs] [Times: user=0.00 sys=0.00, real=0.00 secs] 
156.388: Total time for which application threads were stopped: 0.0005770 seconds, Stopping threads took: 0.0000660 seconds
156.464: Application time: 0.0763700 seconds
156.464: [GC [PSYoungGen: 19742K->320K(20480K)] 40795K->21381K(51712K), 0.0004740 secs] [Times: user=0.00 sys=0.00, real=0.00 secs] 
156.465: Total time for which application threads were stopped: 0.0005870 seconds, Stopping threads took: 0.0000540 seconds
156.546: Application time: 0.0807870 seconds
156.548: [GC [PSYoungGen: 19775K->800K(20480K)] 40837K->21869K(51712K), 0.0004820 secs] [Times: user=0.01 sys=0.00, real=0.00 secs] 
156.548: Total time for which application threads were stopped: 0.0025590 seconds, Stopping threads took: 0.0020110 seconds
156.627: Application time: 0.0787150 seconds
156.627: [GC [PSYoungGen: 20254K->672K(20480K)] 41324K->22238K(51712K), 0.0005570 secs] [Times: user=0.01 sys=0.00, real=0.00 secs] 
156.628: Total time for which application threads were stopped: 0.0007020 seconds, Stopping threads took: 0.0000640 seconds
156.680: Application time: 0.0524770 seconds
156.680: [GC [PSYoungGen: 20125K->608K(19968K)] 41691K->22410K(51200K), 0.0005070 secs] [Times: user=0.00 sys=0.00, real=0.00 secs] 
156.681: Total time for which application threads were stopped: 0.0006330 seconds, Stopping threads took: 0.0000660 seconds
156.759: Application time: 0.0786380 seconds
156.760: [GC [PSYoungGen: 19549K->736K(20480K)] 41352K->22626K(51712K), 0.0004820 secs] [Times: user=0.00 sys=0.00, real=0.01 secs] 
156.760: Total time for which application threads were stopped: 0.0006190 seconds, Stopping threads took: 0.0000740 seconds
156.802: Application time: 0.0419920 seconds
156.802: [GC [PSYoungGen: 19676K->1008K(20480K)] 41566K->23307K(51712K), 0.0006150 secs] [Times: user=0.00 sys=0.00, real=0.00 secs] 
156.804: Total time for which application threads were stopped: 0.0016120 seconds, Stopping threads took: 0.0000300 seconds
156.865: Application time: 0.0613230 seconds
156.865: [GC [PSYoungGen: 19951K->864K(20480K)] 42251K->23284K(51712K), 0.0005160 secs] [Times: user=0.00 sys=0.00, real=0.00 secs] 
156.866: Total time for which application threads were stopped: 0.0006380 seconds, Stopping threads took: 0.0000600 seconds
156.945: Application time: 0.0789830 seconds
156.945: [GC [PSYoungGen: 19807K->672K(20480K)] 42227K->23300K(51712K), 0.0004910 secs] [Times: user=0.00 sys=0.00, real=0.00 secs] 
156.945: Total time for which application threads were stopped: 0.0006240 seconds, Stopping threads took: 0.0000720 seconds
157.027: Application time: 0.0820540 seconds
157.027: [GC [PSYoungGen: 19614K->0K(20480K)] 42242K->23241K(51712K), 0.0005320 secs] [Times: user=0.00 sys=0.00, real=0.00 secs] 
157.028: Total time for which application threads were stopped: 0.0006500 seconds, Stopping threads took: 0.0000560 seconds
157.107: Application time: 0.0795350 seconds
157.108: [GC [PSYoungGen: 18939K->512K(20480K)] 42181K->23753K(51712K), 0.0004510 secs] [Times: user=0.00 sys=0.00, real=0.00 secs] 
157.108: Total time for which application threads were stopped: 0.0005880 seconds, Stopping threads took: 0.0000750 seconds
157.191: Application time: 0.0826200 seconds
157.191: [GC [PSYoungGen: 19452K->352K(20480K)] 42693K->24010K(51712K), 0.0004520 secs] [Times: user=0.00 sys=0.00, real=0.00 secs] 
157.191: Total time for which application threads were stopped: 0.0005760 seconds, Stopping threads took: 0.0000560 seconds
157.271: Application time: 0.0794070 seconds
157.272: [GC [PSYoungGen: 19295K->736K(20480K)] 42953K->24410K(51712K), 0.0005250 secs] [Times: user=0.00 sys=0.00, real=0.00 secs] 
157.272: Total time for which application threads were stopped: 0.0016290 seconds, Stopping threads took: 0.0010420 seconds
157.358: Application time: 0.0855790 seconds
157.358: [GC [PSYoungGen: 19675K->0K(20480K)] 43350K->24408K(51712K), 0.0005720 secs] [Times: user=0.00 sys=0.00, real=0.00 secs] 
157.359: Total time for which application threads were stopped: 0.0007160 seconds, Stopping threads took: 0.0000830 seconds
157.444: Application time: 0.0849720 seconds
157.444: [GC [PSYoungGen: 18939K->0K(20480K)] 43348K->24408K(51712K), 0.0003890 secs] [Times: user=0.00 sys=0.00, real=0.00 secs] 
157.444: Total time for which application threads were stopped: 0.0005120 seconds, Stopping threads took: 0.0000600 seconds
157.529: Application time: 0.0852670 seconds
157.529: [GC [PSYoungGen: 18940K->0K(20480K)] 43348K->24408K(51712K), 0.0003860 secs] [Times: user=0.00 sys=0.00, real=0.00 secs] 
157.530: Total time for which application threads were stopped: 0.0005120 seconds, Stopping threads took: 0.0000640 seconds
157.615: Application time: 0.0850190 seconds
157.615: [GC [PSYoungGen: 18939K->0K(20480K)] 43348K->24408K(51712K), 0.0003780 secs] [Times: user=0.00 sys=0.00, real=0.00 secs] 
157.615: Total time for which application threads were stopped: 0.0004860 seconds, Stopping threads took: 0.0000460 seconds
157.700: Application time: 0.0851000 seconds
157.701: [GC [PSYoungGen: 18939K->0K(20480K)] 43348K->24408K(51712K), 0.0003790 secs] [Times: user=0.00 sys=0.00, real=0.00 secs] 
157.701: Total time for which application threads were stopped: 0.0005100 seconds, Stopping threads took: 0.0000550 seconds
157.784: Application time: 0.0829990 seconds
157.784: [GC [PSYoungGen: 18940K->352K(20480K)] 43348K->24760K(51712K), 0.0004030 secs] [Times: user=0.01 sys=0.00, real=0.00 secs] 
157.785: Total time for which application threads were stopped: 0.0005480 seconds, Stopping threads took: 0.0000790 seconds
157.843: Application time: 0.0586390 seconds
157.843: [GC [PSYoungGen: 19295K->576K(20480K)] 43704K->25000K(51712K), 0.0004370 secs] [Times: user=0.00 sys=0.00, real=0.00 secs] 
157.844: Total time for which application threads were stopped: 0.0005570 seconds, Stopping threads took: 0.0000540 seconds
157.913: Application time: 0.0694090 seconds
157.913: [GC [PSYoungGen: 19515K->448K(20480K)] 43940K->24896K(51712K), 0.0004920 secs] [Times: user=0.00 sys=0.00, real=0.00 secs] 
157.914: Total time for which application threads were stopped: 0.0006350 seconds, Stopping threads took: 0.0000780 seconds
157.996: Application time: 0.0823390 seconds
157.996: [GC [PSYoungGen: 19390K->384K(19456K)] 43838K->25052K(50688K), 0.0004740 secs] [Times: user=0.00 sys=0.00, real=0.00 secs] 
157.997: Total time for which application threads were stopped: 0.0006030 seconds, Stopping threads took: 0.0000630 seconds
158.078: Application time: 0.0813820 seconds
158.078: [GC [PSYoungGen: 19324K->288K(19968K)] 43993K->25177K(51200K), 0.0004780 secs] [Times: user=0.00 sys=0.00, real=0.00 secs] 
158.079: Total time for which application threads were stopped: 0.0005900 seconds, Stopping threads took: 0.0000470 seconds
158.144: Application time: 0.0652790 seconds
158.144: [GC [PSYoungGen: 19230K->288K(19968K)] 44120K->25193K(51200K), 0.0004450 secs] [Times: user=0.00 sys=0.00, real=0.00 secs] 
158.145: Total time for which application threads were stopped: 0.0005700 seconds, Stopping threads took: 0.0000640 seconds
158.224: Application time: 0.0795040 seconds
158.224: [GC [PSYoungGen: 19231K->736K(19968K)] 44136K->25649K(51200K), 0.0004830 secs] [Times: user=0.00 sys=0.00, real=0.00 secs] 
158.225: Total time for which application threads were stopped: 0.0006100 seconds, Stopping threads took: 0.0000570 seconds
158.306: Application time: 0.0812450 seconds
158.306: [GC [PSYoungGen: 19678K->272K(19968K)] 44591K->25650K(51200K), 0.0005590 secs] [Times: user=0.00 sys=0.00, real=0.00 secs] 
158.307: Total time for which application threads were stopped: 0.0006810 seconds, Stopping threads took: 0.0000560 seconds
158.370: Application time: 0.0633780 seconds
158.370: [GC [PSYoungGen: 19215K->576K(19968K)] 44593K->26194K(51200K), 0.0005140 secs] [Times: user=0.00 sys=0.00, real=0.00 secs] 
158.371: Total time for which application threads were stopped: 0.0006320 seconds, Stopping threads took: 0.0000570 seconds
158.434: Application time: 0.0635890 seconds
158.434: [GC [PSYoungGen: 19516K->608K(19968K)] 45135K->26242K(51200K), 0.0004450 secs] [Times: user=0.00 sys=0.00, real=0.00 secs] 
158.435: Total time for which application threads were stopped: 0.0005610 seconds, Stopping threads took: 0.0000540 seconds
158.501: Application time: 0.0658760 seconds
158.501: [GC [PSYoungGen: 19551K->1008K(19456K)] 45186K->26866K(50688K), 0.0005730 secs] [Times: user=0.00 sys=0.00, real=0.00 secs] 
158.501: Total time for which application threads were stopped: 0.0006970 seconds, Stopping threads took: 0.0000600 seconds
158.543: Application time: 0.0413590 seconds
158.543: [GC [PSYoungGen: 19439K->928K(19968K)] 45298K->27260K(51200K), 0.0006330 secs] [Times: user=0.00 sys=0.00, real=0.00 secs] 
158.543: Total time for which application threads were stopped: 0.0007670 seconds, Stopping threads took: 0.0000630 seconds
158.612: Application time: 0.0687770 seconds
158.612: [GC [PSYoungGen: 19356K->704K(19968K)] 45688K->27272K(51200K), 0.0005080 secs] [Times: user=0.01 sys=0.00, real=0.00 secs] 
158.613: Total time for which application threads were stopped: 0.0006230 seconds, Stopping threads took: 0.0000540 seconds
158.692: Application time: 0.0792710 seconds
158.692: [GC [PSYoungGen: 19132K->288K(19968K)] 45700K->27261K(51200K), 0.0005250 secs] [Times: user=0.00 sys=0.00, real=0.00 secs] 
158.693: Total time for which application threads were stopped: 0.0006410 seconds, Stopping threads took: 0.0000550 seconds
158.772: Application time: 0.0793010 seconds
158.772: [GC [PSYoungGen: 18718K->288K(19968K)] 45691K->27477K(51200K), 0.0004800 secs] [Times: user=0.01 sys=0.00, real=0.00 secs] 
158.773: Total time for which application threads were stopped: 0.0006110 seconds, Stopping threads took: 0.0000630 seconds
158.851: Application time: 0.0785550 seconds
158.851: [GC [PSYoungGen: 18719K->544K(19968K)] 45908K->27749K(51200K), 0.0004500 secs] [Times: user=0.00 sys=0.00, real=0.01 secs] 
158.852: Total time for which application threads were stopped: 0.0005810 seconds, Stopping threads took: 0.0000680 seconds
158.931: Application time: 0.0787090 seconds
158.931: [GC [PSYoungGen: 18976K->512K(19968K)] 46181K->28134K(51200K), 0.0005060 secs] [Times: user=0.00 sys=0.00, real=0.00 secs] 
158.931: Total time for which application threads were stopped: 0.0006280 seconds, Stopping threads took: 0.0000610 seconds
159.010: Application time: 0.0790100 seconds
159.010: [GC [PSYoungGen: 18942K->576K(19968K)] 46564K->28410K(51200K), 0.0004770 secs] [Times: user=0.01 sys=0.00, real=0.00 secs] 
159.011: Total time for which application threads were stopped: 0.0005930 seconds, Stopping threads took: 0.0000550 seconds
159.093: Application time: 0.0824490 seconds
159.093: [GC [PSYoungGen: 19006K->0K(19968K)] 46841K->28247K(51200K), 0.0004880 secs] [Times: user=0.00 sys=0.00, real=0.00 secs] 
159.094: Total time for which application threads were stopped: 0.0006090 seconds, Stopping threads took: 0.0000580 seconds
159.176: Application time: 0.0822790 seconds
159.176: [GC [PSYoungGen: 18430K->0K(19968K)] 46678K->28247K(51200K), 0.0003870 secs] [Times: user=0.00 sys=0.00, real=0.00 secs] 
159.177: Total time for which application threads were stopped: 0.0005050 seconds, Stopping threads took: 0.0000520 seconds
159.259: Application time: 0.0826760 seconds
159.259: [GC [PSYoungGen: 18428K->0K(19968K)] 46675K->28247K(51200K), 0.0003650 secs] [Times: user=0.00 sys=0.00, real=0.01 secs] 
159.260: Total time for which application threads were stopped: 0.0004870 seconds, Stopping threads took: 0.0000570 seconds
159.342: Application time: 0.0825660 seconds
159.343: [GC [PSYoungGen: 18428K->0K(19968K)] 46675K->28247K(51200K), 0.0003710 secs] [Times: user=0.00 sys=0.00, real=0.00 secs] 
159.343: Total time for which application threads were stopped: 0.0005020 seconds, Stopping threads took: 0.0000630 seconds
159.425: Application time: 0.0823980 seconds
159.425: [GC [PSYoungGen: 18428K->0K(19968K)] 46675K->28247K(51200K), 0.0003690 secs] [Times: user=0.00 sys=0.00, real=0.00 secs] 
159.426: Total time for which application threads were stopped: 0.0004910 seconds, Stopping threads took: 0.0000620 seconds
159.502: Application time: 0.0758050 seconds
159.502: [GC [PSYoungGen: 18427K->384K(19968K)] 46675K->28631K(51200K), 0.0004090 secs] [Times: user=0.00 sys=0.00, real=0.00 secs] 
159.502: Total time for which application threads were stopped: 0.0005240 seconds, Stopping threads took: 0.0000540 seconds
159.560: Application time: 0.0582440 seconds
159.560: [GC [PSYoungGen: 18813K->544K(19968K)] 47060K->28807K(51200K), 0.0004810 secs] [Times: user=0.00 sys=0.00, real=0.00 secs] 
159.561: Total time for which application threads were stopped: 0.0006070 seconds, Stopping threads took: 0.0000680 seconds
159.631: Application time: 0.0699860 seconds
159.631: [GC [PSYoungGen: 18974K->544K(19968K)] 47237K->28823K(51200K), 0.0004600 secs] [Times: user=0.00 sys=0.00, real=0.00 secs] 
159.632: Total time for which application threads were stopped: 0.0005890 seconds, Stopping threads took: 0.0000660 seconds
159.711: Application time: 0.0797300 seconds
159.711: [GC [PSYoungGen: 18974K->384K(18944K)] 47253K->28887K(50176K), 0.0004950 secs] [Times: user=0.00 sys=0.00, real=0.01 secs] 
159.712: Total time for which application threads were stopped: 0.0006220 seconds, Stopping threads took: 0.0000620 seconds
159.786: Application time: 0.0737540 seconds
159.786: [GC [PSYoungGen: 18812K->384K(19456K)] 47315K->29119K(50688K), 0.0004440 secs] [Times: user=0.00 sys=0.00, real=0.00 secs] 
159.786: Total time for which application threads were stopped: 0.0005720 seconds, Stopping threads took: 0.0000660 seconds
159.854: Application time: 0.0681280 seconds
159.854: [GC [PSYoungGen: 18814K->384K(19456K)] 47550K->29127K(50688K), 0.0004510 secs] [Times: user=0.00 sys=0.00, real=0.00 secs] 
159.855: Total time for which application threads were stopped: 0.0005820 seconds, Stopping threads took: 0.0000590 seconds
159.932: Application time: 0.0773390 seconds
159.932: [GC [PSYoungGen: 18814K->640K(19456K)] 47558K->29391K(50688K), 0.0004460 secs] [Times: user=0.00 sys=0.00, real=0.00 secs] 
159.933: Total time for which application threads were stopped: 0.0005670 seconds, Stopping threads took: 0.0000610 seconds
160.012: Application time: 0.0795380 seconds
160.012: [GC [PSYoungGen: 19070K->320K(19456K)] 47822K->29531K(50688K), 0.0005870 secs] [Times: user=0.01 sys=0.00, real=0.00 secs] 
160.013: Total time for which application threads were stopped: 0.0007090 seconds, Stopping threads took: 0.0000600 seconds
160.083: Application time: 0.0703210 seconds
160.084: [GC [PSYoungGen: 18751K->512K(19456K)] 47963K->29971K(50688K), 0.0004940 secs] [Times: user=0.00 sys=0.00, real=0.00 secs] 
160.084: Total time for which application threads were stopped: 0.0006230 seconds, Stopping threads took: 0.0000670 seconds
160.136: Application time: 0.0523400 seconds
160.136: [GC [PSYoungGen: 18940K->576K(19456K)] 48400K->30043K(50688K), 0.0005120 secs] [Times: user=0.00 sys=0.00, real=0.00 secs] 
160.137: Total time for which application threads were stopped: 0.0006330 seconds, Stopping threads took: 0.0000620 seconds
160.202: Application time: 0.0652140 seconds
160.202: [GC [PSYoungGen: 19005K->992K(19456K)] 48472K->30683K(50688K), 0.0005720 secs] [Times: user=0.01 sys=0.00, real=0.00 secs] 
160.203: Total time for which application threads were stopped: 0.0006820 seconds, Stopping threads took: 0.0000500 seconds
160.249: Application time: 0.0461100 seconds
160.249: [GC [PSYoungGen: 19420K->864K(19968K)] 49112K->31189K(51200K), 0.0006120 secs] [Times: user=0.00 sys=0.00, real=0.00 secs] 
160.250: Total time for which application threads were stopped: 0.0007340 seconds, Stopping threads took: 0.0000630 seconds
160.314: Application time: 0.0640920 seconds
160.314: [GC [PSYoungGen: 19291K->704K(19968K)] 49617K->31117K(51200K), 0.0004920 secs] [Times: user=0.00 sys=0.00, real=0.00 secs] 
160.314: Total time for which application threads were stopped: 0.0006030 seconds, Stopping threads took: 0.0000500 seconds
160.392: Application time: 0.0775900 seconds
160.392: [GC [PSYoungGen: 19134K->512K(19968K)] 49547K->31154K(51200K), 0.0004840 secs] [Times: user=0.01 sys=0.00, real=0.00 secs] 
160.393: [Full GC [PSYoungGen: 512K->0K(19968K)] [ParOldGen: 30642K->4410K(30720K)] 31154K->4410K(50688K) [PSPermGen: 5577K->5577K(21504K)], 0.0057740 secs] [Times: user=0.02 sys=0.00, real=0.00 secs] 
160.398: Total time for which application threads were stopped: 0.0064220 seconds, Stopping threads took: 0.0000440 seconds
160.479: Application time: 0.0805260 seconds
160.479: [GC [PSYoungGen: 18427K->0K(19968K)] 22838K->4410K(50688K), 0.0003600 secs] [Times: user=0.00 sys=0.00, real=0.00 secs] 
160.480: Total time for which application threads were stopped: 0.0004850 seconds, Stopping threads took: 0.0000630 seconds
160.556: Application time: 0.0768300 seconds
160.556: [GC [PSYoungGen: 18429K->512K(19968K)] 22839K->4922K(50688K), 0.0004190 secs] [Times: user=0.00 sys=0.00, real=0.00 secs] 
160.557: Total time for which application threads were stopped: 0.0005440 seconds, Stopping threads took: 0.0000630 seconds
160.637: Application time: 0.0796350 seconds
160.637: [GC [PSYoungGen: 18942K->352K(19968K)] 23352K->5179K(50688K), 0.0004450 secs] [Times: user=0.00 sys=0.00, real=0.00 secs] 
160.637: Total time for which application threads were stopped: 0.0005870 seconds, Stopping threads took: 0.0000800 seconds
160.715: Application time: 0.0783640 seconds
160.716: [GC [PSYoungGen: 18783K->512K(19968K)] 23611K->5568K(50688K), 0.0004310 secs] [Times: user=0.00 sys=0.00, real=0.00 secs] 
160.716: Total time for which application threads were stopped: 0.0005640 seconds, Stopping threads took: 0.0000690 seconds
160.799: Application time: 0.0831190 seconds
160.799: [GC [PSYoungGen: 18944K->0K(19968K)] 24000K->5473K(50688K), 0.0003990 secs] [Times: user=0.00 sys=0.00, real=0.00 secs] 
160.800: Total time for which application threads were stopped: 0.0005350 seconds, Stopping threads took: 0.0000730 seconds
160.882: Application time: 0.0824900 seconds
160.882: [GC [PSYoungGen: 18430K->0K(19968K)] 23903K->5473K(50688K), 0.0003490 secs] [Times: user=0.00 sys=0.00, real=0.00 secs] 
160.883: Total time for which application threads were stopped: 0.0004670 seconds, Stopping threads took: 0.0000580 seconds
160.965: Application time: 0.0822690 seconds
160.965: [GC [PSYoungGen: 18430K->0K(19968K)] 23904K->5473K(50688K), 0.0003320 secs] [Times: user=0.00 sys=0.00, real=0.00 secs] 
160.965: Total time for which application threads were stopped: 0.0004660 seconds, Stopping threads took: 0.0000660 seconds
161.048: Application time: 0.0823170 seconds
161.048: [GC [PSYoungGen: 18432K->0K(19968K)] 23905K->5473K(50688K), 0.0003650 secs] [Times: user=0.00 sys=0.00, real=0.00 secs] 
161.048: Total time for which application threads were stopped: 0.0005030 seconds, Stopping threads took: 0.0000760 seconds
161.131: Application time: 0.0826270 seconds
161.131: [GC [PSYoungGen: 18427K->0K(19968K)] 23901K->5473K(50688K), 0.0003620 secs] [Times: user=0.01 sys=0.00, real=0.00 secs] 
161.131: Total time for which application threads were stopped: 0.0004750 seconds, Stopping threads took: 0.0000550 seconds
161.210: Application time: 0.0789760 seconds
161.210: [GC [PSYoungGen: 18427K->352K(18944K)] 23901K->5825K(49664K), 0.0004180 secs] [Times: user=0.00 sys=0.00, real=0.00 secs] 
161.211: Total time for which application threads were stopped: 0.0005240 seconds, Stopping threads took: 0.0000440 seconds
161.269: Application time: 0.0577060 seconds
161.269: [GC [PSYoungGen: 18783K->544K(19456K)] 24256K->6033K(50176K), 0.0003920 secs] [Times: user=0.00 sys=0.00, real=0.00 secs] 
161.269: Total time for which application threads were stopped: 0.0005080 seconds, Stopping threads took: 0.0000550 seconds
161.337: Application time: 0.0678960 seconds
161.340: [GC [PSYoungGen: 18971K->480K(19456K)] 24461K->5985K(50176K), 0.0004740 secs] [Times: user=0.00 sys=0.00, real=0.00 secs] 
161.340: Total time for which application threads were stopped: 0.0033590 seconds, Stopping threads took: 0.0028210 seconds
161.420: Application time: 0.0800460 seconds
161.420: [GC [PSYoungGen: 18907K->320K(19456K)] 24413K->6045K(50176K), 0.0004330 secs] [Times: user=0.00 sys=0.00, real=0.00 secs] 
161.421: Total time for which application threads were stopped: 0.0005610 seconds, Stopping threads took: 0.0000670 seconds
161.492: Application time: 0.0707720 seconds
161.492: [GC [PSYoungGen: 18748K->384K(19456K)] 24474K->6341K(50176K), 0.0004070 secs] [Times: user=0.00 sys=0.00, real=0.00 secs] 
161.492: Total time for which application threads were stopped: 0.0005340 seconds, Stopping threads took: 0.0000580 seconds
161.564: Application time: 0.0719330 seconds
161.564: [GC [PSYoungGen: 18812K->256K(19456K)] 24769K->6229K(50176K), 0.0004020 secs] [Times: user=0.01 sys=0.00, real=0.00 secs] 
161.565: Total time for which application threads were stopped: 0.0005560 seconds, Stopping threads took: 0.0000820 seconds
161.644: Application time: 0.0788700 seconds
161.644: [GC [PSYoungGen: 18683K->384K(19456K)] 24657K->6373K(50176K), 0.0004710 secs] [Times: user=0.00 sys=0.00, real=0.00 secs] 
161.644: Total time for which application threads were stopped: 0.0005960 seconds, Stopping threads took: 0.0000630 seconds
161.723: Application time: 0.0784980 seconds
161.723: [GC [PSYoungGen: 18812K->576K(19456K)] 24802K->6813K(50176K), 0.0004650 secs] [Times: user=0.00 sys=0.00, real=0.00 secs] 
161.723: Total time for which application threads were stopped: 0.0005830 seconds, Stopping threads took: 0.0000550 seconds
161.802: Application time: 0.0791490 seconds
161.803: [GC [PSYoungGen: 19004K->256K(19456K)] 25242K->6963K(50176K), 0.0005250 secs] [Times: user=0.00 sys=0.00, real=0.00 secs] 
161.804: Total time for which application threads were stopped: 0.0015940 seconds, Stopping threads took: 0.0000550 seconds
161.850: Application time: 0.0464630 seconds
161.851: [GC [PSYoungGen: 18687K->576K(19456K)] 25394K->7291K(50176K), 0.0004280 secs] [Times: user=0.00 sys=0.00, real=0.00 secs] 
161.851: Total time for which application threads were stopped: 0.0005490 seconds, Stopping threads took: 0.0000570 seconds
161.917: Application time: 0.0656030 seconds
161.917: [GC [PSYoungGen: 19004K->976K(18944K)] 25719K->7739K(49664K), 0.0005860 secs] [Times: user=0.00 sys=0.00, real=0.00 secs] 
161.917: Total time for which application threads were stopped: 0.0007240 seconds, Stopping threads took: 0.0000760 seconds
161.975: Application time: 0.0572100 seconds
161.975: [GC [PSYoungGen: 18893K->896K(19456K)] 25656K->8140K(50176K), 0.0006270 secs] [Times: user=0.00 sys=0.00, real=0.00 secs] 
161.975: Total time for which application threads were stopped: 0.0007480 seconds, Stopping threads took: 0.0000600 seconds
162.023: Application time: 0.0473510 seconds
162.023: [GC [PSYoungGen: 18812K->768K(19456K)] 26057K->8264K(50176K), 0.0004850 secs] [Times: user=0.00 sys=0.00, real=0.00 secs] 
162.023: Total time for which application threads were stopped: 0.0006160 seconds, Stopping threads took: 0.0000630 seconds
162.098: Application time: 0.0747920 seconds
162.098: [GC [PSYoungGen: 18685K->512K(19456K)] 26182K->8264K(50176K), 0.0004660 secs] [Times: user=0.00 sys=0.00, real=0.00 secs] 
162.099: Total time for which application threads were stopped: 0.0005850 seconds, Stopping threads took: 0.0000570 seconds
162.176: Application time: 0.0776570 seconds
162.176: [GC [PSYoungGen: 18428K->0K(19456K)] 26181K->8168K(50176K), 0.0004090 secs] [Times: user=0.00 sys=0.00, real=0.00 secs] 
162.177: Total time for which application threads were stopped: 0.0005350 seconds, Stopping threads took: 0.0000630 seconds
162.252: Application time: 0.0746590 seconds
162.252: [GC [PSYoungGen: 17919K->576K(19456K)] 26088K->8745K(50176K), 0.0004670 secs] [Times: user=0.00 sys=0.01, real=0.01 secs] 
162.252: Total time for which application threads were stopped: 0.0005740 seconds, Stopping threads took: 0.0000470 seconds
162.330: Application time: 0.0781000 seconds
162.330: [GC [PSYoungGen: 18493K->352K(19456K)] 26662K->8930K(50176K), 0.0004320 secs] [Times: user=0.00 sys=0.00, real=0.00 secs] 
162.331: Total time for which application threads were stopped: 0.0005520 seconds, Stopping threads took: 0.0000610 seconds
162.406: Application time: 0.0749800 seconds
162.406: [GC [PSYoungGen: 18267K->736K(19456K)] 26845K->9322K(50176K), 0.0004790 secs] [Times: user=0.01 sys=0.00, real=0.00 secs] 
162.406: Total time for which application threads were stopped: 0.0006050 seconds, Stopping threads took: 0.0000650 seconds
162.487: Application time: 0.0805300 seconds
162.487: [GC [PSYoungGen: 18652K->0K(19456K)] 27238K->9199K(50176K), 0.0004830 secs] [Times: user=0.01 sys=0.00, real=0.00 secs] 
162.487: Total time for which application threads were stopped: 0.0005970 seconds, Stopping threads took: 0.0000510 seconds
162.568: Application time: 0.0801390 seconds
162.568: [GC [PSYoungGen: 17916K->0K(19456K)] 27115K->9199K(50176K), 0.0003690 secs] [Times: user=0.00 sys=0.00, real=0.00 secs] 
162.568: Total time for which application threads were stopped: 0.0005120 seconds, Stopping threads took: 0.0000690 seconds
162.649: Application time: 0.0804520 seconds
162.649: [GC [PSYoungGen: 17916K->0K(19456K)] 27115K->9199K(50176K), 0.0004300 secs] [Times: user=0.00 sys=0.00, real=0.00 secs] 
162.649: Total time for which application threads were stopped: 0.0005690 seconds, Stopping threads took: 0.0000760 seconds
162.729: Application time: 0.0802500 seconds
162.730: [GC [PSYoungGen: 17916K->0K(19456K)] 27115K->9199K(50176K), 0.0003480 secs] [Times: user=0.00 sys=0.00, real=0.00 secs] 
162.730: Total time for which application threads were stopped: 0.0004660 seconds, Stopping threads took: 0.0000580 seconds
162.810: Application time: 0.0803160 seconds
162.810: [GC [PSYoungGen: 17916K->0K(19456K)] 27115K->9199K(50176K), 0.0003720 secs] [Times: user=0.01 sys=0.00, real=0.00 secs] 
162.811: Total time for which application threads were stopped: 0.0005110 seconds, Stopping threads took: 0.0000760 seconds
162.891: Application time: 0.0804830 seconds
162.891: [GC [PSYoungGen: 17916K->0K(19456K)] 27115K->9199K(50176K), 0.0003520 secs] [Times: user=0.00 sys=0.00, real=0.00 secs] 
162.892: Total time for which application threads were stopped: 0.0004730 seconds, Stopping threads took: 0.0000610 seconds
162.956: Application time: 0.0640820 seconds
162.956: [GC [PSYoungGen: 17915K->384K(19456K)] 27115K->9583K(50176K), 0.0003960 secs] [Times: user=0.00 sys=0.00, real=0.00 secs] 
162.956: Total time for which application threads were stopped: 0.0005110 seconds, Stopping threads took: 0.0000560 seconds
163.016: Application time: 0.0596760 seconds
163.016: [GC [PSYoungGen: 18303K->544K(19456K)] 27503K->9759K(50176K), 0.0004440 secs] [Times: user=0.00 sys=0.00, real=0.00 secs] 
163.016: Total time for which application threads were stopped: 0.0005510 seconds, Stopping threads took: 0.0000460 seconds
163.089: Application time: 0.0727530 seconds
163.089: [GC [PSYoungGen: 18401K->448K(19456K)] 27617K->9695K(50176K), 0.0004090 secs] [Times: user=0.00 sys=0.00, real=0.00 secs] 
163.090: Total time for which application threads were stopped: 0.0005370 seconds, Stopping threads took: 0.0000520 seconds
163.168: Application time: 0.0786120 seconds
163.169: [GC [PSYoungGen: 18367K->224K(18432K)] 27615K->9752K(49152K), 0.0004700 secs] [Times: user=0.00 sys=0.00, real=0.00 secs] 
163.169: Total time for which application threads were stopped: 0.0006080 seconds, Stopping threads took: 0.0000740 seconds
163.228: Application time: 0.0593610 seconds
163.228: [GC [PSYoungGen: 18142K->384K(18944K)] 27671K->10056K(49664K), 0.0004120 secs] [Times: user=0.00 sys=0.00, real=0.00 secs] 
163.229: Total time for which application threads were stopped: 0.0005220 seconds, Stopping threads took: 0.0000470 seconds
163.306: Application time: 0.0772390 seconds
163.306: [GC [PSYoungGen: 18302K->352K(18944K)] 27975K->10040K(49664K), 0.0004390 secs] [Times: user=0.00 sys=0.00, real=0.00 secs] 
163.307: Total time for which application threads were stopped: 0.0005480 seconds, Stopping threads took: 0.0000500 seconds
163.384: Application time: 0.0769080 seconds
163.384: [GC [PSYoungGen: 18270K->320K(18944K)] 27959K->10245K(49664K), 0.0004830 secs] [Times: user=0.00 sys=0.00, real=0.00 secs] 
163.384: Total time for which application threads were stopped: 0.0006100 seconds, Stopping threads took: 0.0000630 seconds
163.462: Application time: 0.0779100 seconds
163.462: [GC [PSYoungGen: 18238K->384K(18944K)] 28163K->10561K(49664K), 0.0004430 secs] [Times: user=0.00 sys=0.00, real=0.00 secs] 
163.463: Total time for which application threads were stopped: 0.0005510 seconds, Stopping threads took: 0.0000470 seconds
163.537: Application time: 0.0747690 seconds
163.538: [GC [PSYoungGen: 18302K->512K(18944K)] 28480K->10950K(49664K), 0.0004610 secs] [Times: user=0.00 sys=0.00, real=0.00 secs] 
163.538: Total time for which application threads were stopped: 0.0005860 seconds, Stopping threads took: 0.0000610 seconds
163.582: Application time: 0.0437270 seconds
163.582: [GC [PSYoungGen: 18431K->608K(18944K)] 28870K->11054K(49664K), 0.0004360 secs] [Times: user=0.01 sys=0.00, real=0.00 secs] 
163.582: Total time for which application threads were stopped: 0.0005480 seconds, Stopping threads took: 0.0000500 seconds
163.638: Application time: 0.0558790 seconds
163.638: [GC [PSYoungGen: 18427K->384K(18944K)] 28874K->11291K(49664K), 0.0005550 secs] [Times: user=0.00 sys=0.00, real=0.00 secs] 
163.639: Total time for which application threads were stopped: 0.0006930 seconds, Stopping threads took: 0.0000680 seconds
163.698: Application time: 0.0590290 seconds
163.698: [GC [PSYoungGen: 18301K->992K(18944K)] 29209K->12348K(49664K), 0.0005720 secs] [Times: user=0.00 sys=0.00, real=0.00 secs] 
163.699: Total time for which application threads were stopped: 0.0006960 seconds, Stopping threads took: 0.0000610 seconds
163.753: Application time: 0.0540980 seconds
163.753: [GC [PSYoungGen: 18909K->672K(18432K)] 30266K->12501K(49152K), 0.0005650 secs] [Times: user=0.00 sys=0.00, real=0.00 secs] 
163.753: Total time for which application threads were stopped: 0.0006770 seconds, Stopping threads took: 0.0000500 seconds
163.826: Application time: 0.0729970 seconds
163.826: [GC [PSYoungGen: 18077K->544K(18432K)] 29906K->12586K(49152K), 0.0004920 secs] [Times: user=0.00 sys=0.00, real=0.00 secs] 
163.827: Total time for which application threads were stopped: 0.0006280 seconds, Stopping threads took: 0.0000740 seconds
163.903: Application time: 0.0757870 seconds
163.903: [GC [PSYoungGen: 17949K->0K(17920K)] 29991K->12443K(48640K), 0.0004390 secs] [Times: user=0.00 sys=0.00, real=0.00 secs] 
163.903: Total time for which application threads were stopped: 0.0005570 seconds, Stopping threads took: 0.0000580 seconds
163.974: Application time: 0.0708170 seconds
163.974: [GC [PSYoungGen: 16803K->448K(17408K)] 29246K->12891K(48128K), 0.0004550 secs] [Times: user=0.00 sys=0.00, real=0.00 secs] 
163.975: Total time for which application threads were stopped: 0.0005690 seconds, Stopping threads took: 0.0000510 seconds
164.046: Application time: 0.0707770 seconds
164.046: [GC [PSYoungGen: 17341K->640K(17920K)] 29784K->13187K(48640K), 0.0004610 secs] [Times: user=0.00 sys=0.00, real=0.00 secs] 
164.046: Total time for which application threads were stopped: 0.0005870 seconds, Stopping threads took: 0.0000650 seconds
164.118: Application time: 0.0721550 seconds
164.118: [GC [PSYoungGen: 17532K->544K(17920K)] 30079K->13623K(48640K), 0.0005310 secs] [Times: user=0.00 sys=0.00, real=0.00 secs] 
164.119: Total time for which application threads were stopped: 0.0006500 seconds, Stopping threads took: 0.0000570 seconds
164.193: Application time: 0.0738360 seconds
164.193: [GC [PSYoungGen: 17439K->352K(17920K)] 30519K->13660K(48640K), 0.0004170 secs] [Times: user=0.00 sys=0.00, real=0.00 secs] 
164.193: Total time for which application threads were stopped: 0.0005440 seconds, Stopping threads took: 0.0000500 seconds
164.269: Application time: 0.0752120 seconds
164.269: [GC [PSYoungGen: 17247K->0K(17920K)] 30555K->13536K(48640K), 0.0004130 secs] [Times: user=0.00 sys=0.00, real=0.00 secs] 
164.269: Total time for which application threads were stopped: 0.0005550 seconds, Stopping threads took: 0.0000810 seconds
164.344: Application time: 0.0749560 seconds
164.344: [GC [PSYoungGen: 16895K->0K(17920K)] 30432K->13536K(48640K), 0.0003550 secs] [Times: user=0.01 sys=0.00, real=0.00 secs] 
164.345: Total time for which application threads were stopped: 0.0004800 seconds, Stopping threads took: 0.0000660 seconds
164.419: Application time: 0.0749400 seconds
164.420: [GC [PSYoungGen: 16895K->0K(17920K)] 30432K->13536K(48640K), 0.0003630 secs] [Times: user=0.01 sys=0.00, real=0.01 secs] 
164.420: Total time for which application threads were stopped: 0.0004670 seconds, Stopping threads took: 0.0000440 seconds
164.495: Application time: 0.0753820 seconds
164.495: [GC [PSYoungGen: 16895K->0K(17920K)] 30432K->13536K(48640K), 0.0003820 secs] [Times: user=0.00 sys=0.00, real=0.00 secs] 
164.496: Total time for which application threads were stopped: 0.0005020 seconds, Stopping threads took: 0.0000520 seconds
164.571: Application time: 0.0751720 seconds
164.571: [GC [PSYoungGen: 16895K->0K(17920K)] 30432K->13536K(48640K), 0.0003820 secs] [Times: user=0.00 sys=0.00, real=0.00 secs] 
164.571: Total time for which application threads were stopped: 0.0004920 seconds, Stopping threads took: 0.0000520 seconds
164.639: Application time: 0.0670850 seconds
164.639: [GC [PSYoungGen: 16892K->320K(17920K)] 30429K->13856K(48640K), 0.0003870 secs] [Times: user=0.00 sys=0.00, real=0.00 secs] 
164.639: Total time for which application threads were stopped: 0.0004990 seconds, Stopping threads took: 0.0000510 seconds
164.697: Application time: 0.0582610 seconds
164.697: [GC [PSYoungGen: 17212K->544K(17920K)] 30748K->14088K(48640K), 0.0004180 secs] [Times: user=0.00 sys=0.00, real=0.00 secs] 
164.698: Total time for which application threads were stopped: 0.0005470 seconds, Stopping threads took: 0.0000600 seconds
164.756: Application time: 0.0579610 seconds
164.760: [GC [PSYoungGen: 17436K->640K(17920K)] 30981K->14208K(48640K), 0.0005000 secs] [Times: user=0.00 sys=0.00, real=0.00 secs] 
164.760: Total time for which application threads were stopped: 0.0044420 seconds, Stopping threads took: 0.0038810 seconds
164.834: Application time: 0.0736710 seconds
164.834: [GC [PSYoungGen: 17535K->320K(17920K)] 31104K->14112K(48640K), 0.0004280 secs] [Times: user=0.00 sys=0.00, real=0.00 secs] 
164.835: Total time for which application threads were stopped: 0.0005510 seconds, Stopping threads took: 0.0000590 seconds
164.901: Application time: 0.0660610 seconds
164.901: [GC [PSYoungGen: 17212K->384K(17920K)] 31005K->14405K(48640K), 0.0004130 secs] [Times: user=0.00 sys=0.00, real=0.00 secs] 
164.901: Total time for which application threads were stopped: 0.0005370 seconds, Stopping threads took: 0.0000600 seconds
164.963: Application time: 0.0619420 seconds
164.963: [GC [PSYoungGen: 17277K->320K(17920K)] 31299K->14349K(48640K), 0.0004260 secs] [Times: user=0.00 sys=0.00, real=0.00 secs] 
164.964: Total time for which application threads were stopped: 0.0005420 seconds, Stopping threads took: 0.0000540 seconds
165.036: Application time: 0.0726720 seconds
165.036: [GC [PSYoungGen: 17211K->352K(17920K)] 31241K->14397K(48640K), 0.0004160 secs] [Times: user=0.01 sys=0.00, real=0.00 secs] 
165.037: Total time for which application threads were stopped: 0.0005270 seconds, Stopping threads took: 0.0000480 seconds
165.110: Application time: 0.0727290 seconds
165.110: [GC [PSYoungGen: 17244K->416K(17920K)] 31289K->14709K(48640K), 0.0004290 secs] [Times: user=0.01 sys=0.00, real=0.00 secs] 
165.110: Total time for which application threads were stopped: 0.0005350 seconds, Stopping threads took: 0.0000450 seconds
165.183: Application time: 0.0725050 seconds
165.183: [GC [PSYoungGen: 17309K->480K(17920K)] 31603K->15022K(48640K), 0.0005360 secs] [Times: user=0.01 sys=0.00, real=0.00 secs] 
165.183: Total time for which application threads were stopped: 0.0006760 seconds, Stopping threads took: 0.0000750 seconds
165.254: Application time: 0.0709420 seconds
165.254: [GC [PSYoungGen: 17372K->544K(17920K)] 31914K->15326K(48640K), 0.0004920 secs] [Times: user=0.01 sys=0.00, real=0.00 secs] 
165.255: Total time for which application threads were stopped: 0.0006020 seconds, Stopping threads took: 0.0000390 seconds
165.296: Application time: 0.0411470 seconds
165.296: [GC [PSYoungGen: 17438K->384K(17920K)] 32221K->15198K(48640K), 0.0004290 secs] [Times: user=0.01 sys=0.00, real=0.00 secs] 
165.296: Total time for which application threads were stopped: 0.0005320 seconds, Stopping threads took: 0.0000420 seconds
165.346: Application time: 0.0495100 seconds
165.348: [GC [PSYoungGen: 17279K->992K(17920K)] 32093K->15822K(48640K), 0.0005840 secs] [Times: user=0.00 sys=0.00, real=0.00 secs] 
165.348: Total time for which application threads were stopped: 0.0023620 seconds, Stopping threads took: 0.0017170 seconds
165.404: Application time: 0.0553500 seconds
165.404: [GC [PSYoungGen: 17886K->992K(17408K)] 32716K->16210K(48128K), 0.0006300 secs] [Times: user=0.01 sys=0.00, real=0.00 secs] 
165.404: Total time for which application threads were stopped: 0.0007480 seconds, Stopping threads took: 0.0000560 seconds
165.449: Application time: 0.0449960 seconds
165.450: [GC [PSYoungGen: 17373K->704K(17920K)] 32592K->16876K(48640K), 0.0006460 secs] [Times: user=0.01 sys=0.00, real=0.00 secs] 
165.450: Total time for which application threads were stopped: 0.0007590 seconds, Stopping threads took: 0.0000510 seconds
165.518: Application time: 0.0679950 seconds
165.518: [GC [PSYoungGen: 17085K->512K(17408K)] 33257K->16905K(48128K), 0.0004350 secs] [Times: user=0.00 sys=0.00, real=0.00 secs] 
165.519: Total time for which application threads were stopped: 0.0005510 seconds, Stopping threads took: 0.0000530 seconds
165.590: Application time: 0.0709340 seconds
165.590: [GC [PSYoungGen: 16893K->0K(16896K)] 33286K->16797K(47616K), 0.0004570 secs] [Times: user=0.00 sys=0.00, real=0.00 secs] 
165.590: Total time for which application threads were stopped: 0.0005860 seconds, Stopping threads took: 0.0000680 seconds
165.661: Application time: 0.0709250 seconds
165.661: [GC [PSYoungGen: 16381K->0K(16896K)] 33179K->16797K(47616K), 0.0004770 secs] [Times: user=0.00 sys=0.00, real=0.00 secs] 
165.662: Total time for which application threads were stopped: 0.0006010 seconds, Stopping threads took: 0.0000660 seconds
165.730: Application time: 0.0676990 seconds
165.730: [GC [PSYoungGen: 16381K->512K(17920K)] 33178K->17309K(48640K), 0.0004690 secs] [Times: user=0.01 sys=0.00, real=0.00 secs] 
165.730: Total time for which application threads were stopped: 0.0005880 seconds, Stopping threads took: 0.0000590 seconds
165.801: Application time: 0.0705880 seconds
165.801: [GC [PSYoungGen: 16894K->384K(16896K)] 33692K->17598K(47616K), 0.0005360 secs] [Times: user=0.00 sys=0.00, real=0.00 secs] 
165.801: Total time for which application threads were stopped: 0.0006710 seconds, Stopping threads took: 0.0000620 seconds
165.871: Application time: 0.0692130 seconds
165.871: [GC [PSYoungGen: 16765K->512K(17920K)] 33979K->17955K(48640K), 0.0004550 secs] [Times: user=0.00 sys=0.00, real=0.00 secs] 
165.871: Total time for which application threads were stopped: 0.0005720 seconds, Stopping threads took: 0.0000510 seconds
165.945: Application time: 0.0734790 seconds
165.945: [GC [PSYoungGen: 16893K->0K(17408K)] 34336K->17847K(48128K), 0.0004700 secs] [Times: user=0.00 sys=0.00, real=0.00 secs] 
165.945: Total time for which application threads were stopped: 0.0005790 seconds, Stopping threads took: 0.0000440 seconds
166.018: Application time: 0.0731190 seconds
166.018: [GC [PSYoungGen: 16381K->0K(17920K)] 34229K->17847K(48640K), 0.0003870 secs] [Times: user=0.00 sys=0.00, real=0.00 secs] 
166.019: Total time for which application threads were stopped: 0.0005070 seconds, Stopping threads took: 0.0000570 seconds
166.092: Application time: 0.0730210 seconds
166.092: [GC [PSYoungGen: 16381K->0K(17920K)] 34229K->17847K(48640K), 0.0003400 secs] [Times: user=0.00 sys=0.00, real=0.00 secs] 
166.092: Total time for which application threads were stopped: 0.0004600 seconds, Stopping threads took: 0.0000590 seconds
166.166: Application time: 0.0732250 seconds
166.166: [GC [PSYoungGen: 16381K->0K(17920K)] 34229K->17847K(48640K), 0.0004060 secs] [Times: user=0.00 sys=0.00, real=0.00 secs] 
166.166: Total time for which application threads were stopped: 0.0005160 seconds, Stopping threads took: 0.0000470 seconds
166.239: Application time: 0.0732940 seconds
166.239: [GC [PSYoungGen: 16381K->0K(17920K)] 34229K->17847K(48640K), 0.0003820 secs] [Times: user=0.00 sys=0.00, real=0.01 secs] 
166.240: Total time for which application threads were stopped: 0.0005190 seconds, Stopping threads took: 0.0000750 seconds
166.313: Application time: 0.0733670 seconds
166.313: [GC [PSYoungGen: 16381K->0K(16896K)] 34229K->17847K(47616K), 0.0004190 secs] [Times: user=0.00 sys=0.00, real=0.00 secs] 
166.314: Total time for which application threads were stopped: 0.0005430 seconds, Stopping threads took: 0.0000460 seconds
166.371: Application time: 0.0570160 seconds
166.371: [GC [PSYoungGen: 16382K->384K(17408K)] 34230K->18231K(48128K), 0.0004470 secs] [Times: user=0.00 sys=0.00, real=0.00 secs] 
166.371: Total time for which application threads were stopped: 0.0005760 seconds, Stopping threads took: 0.0000680 seconds
166.429: Application time: 0.0575220 seconds
166.429: Total time for which application threads were stopped: 0.0000900 seconds, Stopping threads took: 0.0000630 seconds
166.430: Application time: 0.0006060 seconds
166.430: [GC [PSYoungGen: 16768K->480K(17408K)] 34647K->18367K(48128K), 0.0005380 secs] [Times: user=0.00 sys=0.00, real=0.00 secs] 
166.430: Total time for which application threads were stopped: 0.0006010 seconds, Stopping threads took: 0.0000070 seconds
166.494: Application time: 0.0637420 seconds
166.494: [GC [PSYoungGen: 16863K->512K(17408K)] 35035K->18707K(48128K), 0.0004180 secs] [Times: user=0.00 sys=0.00, real=0.00 secs] 
166.495: Total time for which application threads were stopped: 0.0005370 seconds, Stopping threads took: 0.0000600 seconds
166.566: Application time: 0.0710280 seconds
166.566: [GC [PSYoungGen: 16895K->384K(17408K)] 35091K->18795K(48128K), 0.0004250 secs] [Times: user=0.00 sys=0.00, real=0.00 secs] 
166.566: Total time for which application threads were stopped: 0.0005490 seconds, Stopping threads took: 0.0000610 seconds
166.625: Application time: 0.0585720 seconds
166.625: [GC [PSYoungGen: 16764K->320K(17408K)] 35176K->18960K(48128K), 0.0004550 secs] [Times: user=0.00 sys=0.00, real=0.00 secs] 
166.625: Total time for which application threads were stopped: 0.0005590 seconds, Stopping threads took: 0.0000430 seconds
166.691: Application time: 0.0653570 seconds
166.691: [GC [PSYoungGen: 16701K->352K(17408K)] 35342K->19016K(48128K), 0.0004310 secs] [Times: user=0.01 sys=0.00, real=0.00 secs] 
166.691: Total time for which application threads were stopped: 0.0005510 seconds, Stopping threads took: 0.0000590 seconds
166.761: Application time: 0.0697260 seconds
166.761: [GC [PSYoungGen: 16733K->544K(17408K)] 35398K->19224K(48128K), 0.0004490 secs] [Times: user=0.01 sys=0.00, real=0.00 secs] 
166.761: Total time for which application threads were stopped: 0.0005680 seconds, Stopping threads took: 0.0000560 seconds
166.831: Application time: 0.0698450 seconds
166.831: [GC [PSYoungGen: 16924K->576K(17408K)] 35604K->19613K(48128K), 0.0005140 secs] [Times: user=0.00 sys=0.00, real=0.01 secs] 
166.833: Total time for which application threads were stopped: 0.0016750 seconds, Stopping threads took: 0.0000750 seconds
166.905: Application time: 0.0718620 seconds
166.905: [GC [PSYoungGen: 16957K->352K(17408K)] 35994K->19669K(48128K), 0.0004660 secs] [Times: user=0.00 sys=0.00, real=0.00 secs] 
166.905: Total time for which application threads were stopped: 0.0005910 seconds, Stopping threads took: 0.0000640 seconds
166.978: Application time: 0.0725860 seconds
166.978: [GC [PSYoungGen: 16733K->0K(17408K)] 36050K->19533K(48128K), 0.0004130 secs] [Times: user=0.00 sys=0.00, real=0.00 secs] 
166.979: Total time for which application threads were stopped: 0.0005340 seconds, Stopping threads took: 0.0000600 seconds
167.023: Application time: 0.0440300 seconds
167.023: [GC [PSYoungGen: 16381K->928K(16896K)] 35914K->20461K(47616K), 0.0005070 secs] [Times: user=0.00 sys=0.00, real=0.00 secs] 
167.023: Total time for which application threads were stopped: 0.0006220 seconds, Stopping threads took: 0.0000530 seconds
167.061: Application time: 0.0373490 seconds
167.064: [GC [PSYoungGen: 16797K->960K(17408K)] 36330K->20525K(48128K), 0.0005660 secs] [Times: user=0.01 sys=0.00, real=0.00 secs] 
167.064: Total time for which application threads were stopped: 0.0038200 seconds, Stopping threads took: 0.0031930 seconds
167.118: Application time: 0.0531670 seconds
167.118: [GC [PSYoungGen: 16830K->1088K(17408K)] 36395K->20961K(48128K), 0.0006130 secs] [Times: user=0.00 sys=0.00, real=0.00 secs] 
167.118: Total time for which application threads were stopped: 0.0007360 seconds, Stopping threads took: 0.0000570 seconds
167.158: Application time: 0.0397080 seconds
167.158: [GC [PSYoungGen: 16956K->704K(17408K)] 36830K->21011K(48128K), 0.0005790 secs] [Times: user=0.00 sys=0.00, real=0.00 secs] 
167.159: Total time for which application threads were stopped: 0.0006910 seconds, Stopping threads took: 0.0000510 seconds
167.225: Application time: 0.0665510 seconds
167.225: [GC [PSYoungGen: 16573K->512K(16896K)] 36880K->21079K(47616K), 0.0004420 secs] [Times: user=0.00 sys=0.00, real=0.00 secs] 
167.226: Total time for which application threads were stopped: 0.0005510 seconds, Stopping threads took: 0.0000470 seconds
167.295: Application time: 0.0691300 seconds
167.295: [GC [PSYoungGen: 16379K->0K(16384K)] 36947K->20984K(47104K), 0.0005110 secs] [Times: user=0.00 sys=0.00, real=0.00 secs] 
167.296: Total time for which application threads were stopped: 0.0006280 seconds, Stopping threads took: 0.0000540 seconds
167.365: Application time: 0.0696710 seconds
167.365: [GC [PSYoungGen: 15869K->0K(16384K)] 36854K->20984K(47104K), 0.0004050 secs] [Times: user=0.01 sys=0.00, real=0.00 secs] 
167.366: Total time for which application threads were stopped: 0.0005480 seconds, Stopping threads took: 0.0000720 seconds
167.434: Application time: 0.0679790 seconds
167.436: [GC [PSYoungGen: 15871K->512K(17408K)] 36856K->21496K(48128K), 0.0005200 secs] [Times: user=0.00 sys=0.00, real=0.00 secs] 
167.436: Total time for which application threads were stopped: 0.0026090 seconds, Stopping threads took: 0.0020280 seconds
167.503: Application time: 0.0663510 seconds
167.504: [GC [PSYoungGen: 16382K->864K(16896K)] 37367K->21856K(47616K), 0.0005340 secs] [Times: user=0.01 sys=0.00, real=0.00 secs] 
167.504: Total time for which application threads were stopped: 0.0016270 seconds, Stopping threads took: 0.0010300 seconds
167.571: Application time: 0.0669040 seconds
167.571: [GC [PSYoungGen: 16734K->544K(16896K)] 37727K->22142K(47616K), 0.0005790 secs] [Times: user=0.00 sys=0.00, real=0.01 secs] 
167.572: Total time for which application threads were stopped: 0.0006950 seconds, Stopping threads took: 0.0000510 seconds
167.643: Application time: 0.0707380 seconds
167.643: [GC [PSYoungGen: 16411K->0K(16896K)] 38010K->22015K(47616K), 0.0006510 secs] [Times: user=0.00 sys=0.00, real=0.00 secs] 
167.643: Total time for which application threads were stopped: 0.0007960 seconds, Stopping threads took: 0.0000820 seconds
167.714: Application time: 0.0709900 seconds
167.715: [GC [PSYoungGen: 15867K->0K(17408K)] 37883K->22015K(48128K), 0.0004470 secs] [Times: user=0.00 sys=0.00, real=0.00 secs] 
167.715: Total time for which application threads were stopped: 0.0005920 seconds, Stopping threads took: 0.0000810 seconds
167.786: Application time: 0.0710960 seconds
167.786: [GC [PSYoungGen: 15867K->0K(17408K)] 37883K->22015K(48128K), 0.0004270 secs] [Times: user=0.00 sys=0.00, real=0.00 secs] 
167.787: Total time for which application threads were stopped: 0.0005330 seconds, Stopping threads took: 0.0000480 seconds
167.858: Application time: 0.0712220 seconds
167.858: [GC [PSYoungGen: 15867K->0K(17408K)] 37883K->22015K(48128K), 0.0003740 secs] [Times: user=0.00 sys=0.00, real=0.00 secs] 
167.858: Total time for which application threads were stopped: 0.0004930 seconds, Stopping threads took: 0.0000550 seconds
167.930: Application time: 0.0712000 seconds
167.930: [GC [PSYoungGen: 15869K->0K(17408K)] 37885K->22015K(48128K), 0.0003730 secs] [Times: user=0.00 sys=0.00, real=0.00 secs] 
167.930: Total time for which application threads were stopped: 0.0005180 seconds, Stopping threads took: 0.0000750 seconds
168.001: Application time: 0.0712250 seconds
168.001: [GC [PSYoungGen: 15869K->0K(17408K)] 37885K->22015K(48128K), 0.0003570 secs] [Times: user=0.00 sys=0.00, real=0.00 secs] 
168.002: Total time for which application threads were stopped: 0.0004690 seconds, Stopping threads took: 0.0000480 seconds
168.063: Application time: 0.0615530 seconds
168.063: [GC [PSYoungGen: 15870K->384K(17408K)] 37885K->22399K(48128K), 0.0004080 secs] [Times: user=0.00 sys=0.00, real=0.00 secs] 
168.064: Total time for which application threads were stopped: 0.0005220 seconds, Stopping threads took: 0.0000530 seconds
168.120: Application time: 0.0557920 seconds
168.120: [GC [PSYoungGen: 16254K->512K(17408K)] 38269K->22543K(48128K), 0.0004150 secs] [Times: user=0.01 sys=0.00, real=0.00 secs] 
168.120: Total time for which application threads were stopped: 0.0005470 seconds, Stopping threads took: 0.0000690 seconds
168.175: Application time: 0.0542960 seconds
168.175: [GC [PSYoungGen: 16379K->544K(17408K)] 38411K->22599K(48128K), 0.0004170 secs] [Times: user=0.00 sys=0.00, real=0.00 secs] 
168.175: Total time for which application threads were stopped: 0.0005220 seconds, Stopping threads took: 0.0000450 seconds
168.244: Application time: 0.0691450 seconds
168.244: [GC [PSYoungGen: 16413K->320K(17408K)] 38469K->22595K(48128K), 0.0004340 secs] [Times: user=0.00 sys=0.00, real=0.00 secs] 
168.245: Total time for which application threads were stopped: 0.0005480 seconds, Stopping threads took: 0.0000550 seconds
168.308: Application time: 0.0635100 seconds
168.308: [GC [PSYoungGen: 16188K->384K(16384K)] 38464K->22896K(47104K), 0.0004720 secs] [Times: user=0.00 sys=0.00, real=0.00 secs] 
168.309: Total time for which application threads were stopped: 0.0005860 seconds, Stopping threads took: 0.0000530 seconds
168.366: Application time: 0.0570560 seconds
168.366: [GC [PSYoungGen: 16253K->384K(16896K)] 38766K->22928K(47616K), 0.0003910 secs] [Times: user=0.00 sys=0.00, real=0.00 secs] 
168.366: Total time for which application threads were stopped: 0.0005120 seconds, Stopping threads took: 0.0000600 seconds
168.435: Application time: 0.0688010 seconds
168.435: [GC [PSYoungGen: 16251K->352K(16896K)] 38796K->22920K(47616K), 0.0004090 secs] [Times: user=0.00 sys=0.00, real=0.00 secs] 
168.436: Total time for which application threads were stopped: 0.0005450 seconds, Stopping threads took: 0.0000670 seconds
168.504: Application time: 0.0682480 seconds
168.508: [GC [PSYoungGen: 16222K->400K(16896K)] 38790K->23229K(47616K), 0.0004940 secs] [Times: user=0.00 sys=0.00, real=0.00 secs] 
168.508: Total time for which application threads were stopped: 0.0042830 seconds, Stopping threads took: 0.0037280 seconds
168.577: Application time: 0.0685320 seconds
168.577: [GC [PSYoungGen: 16267K->384K(16896K)] 39096K->23477K(47616K), 0.0004500 secs] [Times: user=0.00 sys=0.00, real=0.00 secs] 
168.577: Total time for which application threads were stopped: 0.0005680 seconds, Stopping threads took: 0.0000560 seconds
168.649: Application time: 0.0712450 seconds
168.649: [GC [PSYoungGen: 16255K->0K(16896K)] 39349K->23337K(47616K), 0.0004310 secs] [Times: user=0.01 sys=0.00, real=0.00 secs] 
168.649: Total time for which application threads were stopped: 0.0005600 seconds, Stopping threads took: 0.0000710 seconds
168.719: Application time: 0.0697000 seconds
168.719: [GC [PSYoungGen: 15871K->384K(16896K)] 39208K->23721K(47616K), 0.0003950 secs] [Times: user=0.00 sys=0.00, real=0.00 secs] 
168.719: Total time for which application threads were stopped: 0.0005210 seconds, Stopping threads took: 0.0000620 seconds
168.765: Application time: 0.0451770 seconds
168.765: [GC [PSYoungGen: 16255K->992K(16896K)] 39593K->24353K(47616K), 0.0005130 secs] [Times: user=0.00 sys=0.00, real=0.00 secs] 
168.765: Total time for which application threads were stopped: 0.0006330 seconds, Stopping threads took: 0.0000560 seconds
168.801: Application time: 0.0358440 seconds
168.801: [GC [PSYoungGen: 16860K->832K(16384K)] 40222K->24438K(47104K), 0.0005670 secs] [Times: user=0.00 sys=0.00, real=0.00 secs] 
168.802: Total time for which application threads were stopped: 0.0006770 seconds, Stopping threads took: 0.0000500 seconds
168.858: Application time: 0.0564660 seconds
168.858: [GC [PSYoungGen: 16188K->944K(16896K)] 39794K->24794K(47616K), 0.0005670 secs] [Times: user=0.00 sys=0.00, real=0.00 secs] 
168.859: Total time for which application threads were stopped: 0.0006830 seconds, Stopping threads took: 0.0000560 seconds
168.895: Application time: 0.0357180 seconds
168.895: [GC [PSYoungGen: 16300K->928K(16896K)] 40151K->25055K(47616K), 0.0005740 secs] [Times: user=0.01 sys=0.00, real=0.00 secs] 
168.895: Total time for which application threads were stopped: 0.0006930 seconds, Stopping threads took: 0.0000590 seconds
168.957: Application time: 0.0617780 seconds
168.957: [GC [PSYoungGen: 16285K->320K(16896K)] 40413K->25089K(47616K), 0.0005320 secs] [Times: user=0.00 sys=0.00, real=0.00 secs] 
168.958: Total time for which application threads were stopped: 0.0006690 seconds, Stopping threads took: 0.0000610 seconds
169.022: Application time: 0.0645550 seconds
169.024: [GC [PSYoungGen: 15676K->480K(15872K)] 40445K->25273K(46592K), 0.0004400 secs] [Times: user=0.00 sys=0.00, real=0.00 secs] 
169.024: Total time for which application threads were stopped: 0.0018850 seconds, Stopping threads took: 0.0013830 seconds
169.092: Application time: 0.0674120 seconds
169.092: [GC [PSYoungGen: 15837K->0K(16896K)] 40630K->25189K(47616K), 0.0005240 secs] [Times: user=0.00 sys=0.00, real=0.00 secs] 
169.092: Total time for which application threads were stopped: 0.0006470 seconds, Stopping threads took: 0.0000620 seconds
169.159: Application time: 0.0665600 seconds
169.159: [GC [PSYoungGen: 15357K->0K(15872K)] 40547K->25189K(46592K), 0.0004590 secs] [Times: user=0.00 sys=0.00, real=0.00 secs] 
169.159: Total time for which application threads were stopped: 0.0005860 seconds, Stopping threads took: 0.0000650 seconds
169.222: Application time: 0.0620540 seconds
169.222: [GC [PSYoungGen: 15358K->736K(16896K)] 40548K->25925K(47616K), 0.0004740 secs] [Times: user=0.00 sys=0.00, real=0.00 secs] 
169.222: Total time for which application threads were stopped: 0.0005890 seconds, Stopping threads took: 0.0000520 seconds
169.288: Application time: 0.0655220 seconds
169.288: [GC [PSYoungGen: 16096K->512K(16384K)] 41285K->26299K(47104K), 0.0005820 secs] [Times: user=0.00 sys=0.00, real=0.00 secs] 
169.288: Total time for which application threads were stopped: 0.0007020 seconds, Stopping threads took: 0.0000610 seconds
169.355: Application time: 0.0670680 seconds
169.356: [GC [PSYoungGen: 15871K->384K(15872K)] 41658K->26403K(46592K), 0.0004540 secs] [Times: user=0.00 sys=0.00, real=0.00 secs] 
169.356: Total time for which application threads were stopped: 0.0005830 seconds, Stopping threads took: 0.0000680 seconds
169.425: Application time: 0.0687620 seconds
169.425: [GC [PSYoungGen: 15741K->0K(16896K)] 41761K->26235K(47616K), 0.0004180 secs] [Times: user=0.01 sys=0.00, real=0.00 secs] 
169.425: Total time for which application threads were stopped: 0.0005440 seconds, Stopping threads took: 0.0000650 seconds
169.494: Application time: 0.0691560 seconds
169.495: [GC [PSYoungGen: 15357K->0K(16896K)] 41593K->26235K(47616K), 0.0003660 secs] [Times: user=0.00 sys=0.00, real=0.00 secs] 
169.495: Total time for which application threads were stopped: 0.0005110 seconds, Stopping threads took: 0.0000710 seconds
169.564: Application time: 0.0691300 seconds
169.564: [GC [PSYoungGen: 15357K->0K(16896K)] 41593K->26235K(47616K), 0.0003900 secs] [Times: user=0.00 sys=0.00, real=0.00 secs] 
169.565: Total time for which application threads were stopped: 0.0005110 seconds, Stopping threads took: 0.0000620 seconds
169.633: Application time: 0.0688230 seconds
169.634: [GC [PSYoungGen: 15357K->0K(16896K)] 41593K->26235K(47616K), 0.0003810 secs] [Times: user=0.00 sys=0.00, real=0.00 secs] 
169.634: Total time for which application threads were stopped: 0.0005100 seconds, Stopping threads took: 0.0000670 seconds
169.703: Application time: 0.0687700 seconds
169.703: [GC [PSYoungGen: 15357K->0K(16896K)] 41593K->26235K(47616K), 0.0004090 secs] [Times: user=0.00 sys=0.00, real=0.00 secs] 
169.703: Total time for which application threads were stopped: 0.0005280 seconds, Stopping threads took: 0.0000590 seconds
169.768: Application time: 0.0647630 seconds
169.768: [GC [PSYoungGen: 15359K->352K(15872K)] 41595K->26587K(46592K), 0.0004630 secs] [Times: user=0.00 sys=0.00, real=0.00 secs] 
169.769: Total time for which application threads were stopped: 0.0005900 seconds, Stopping threads took: 0.0000590 seconds
169.819: Application time: 0.0503290 seconds
169.819: [GC [PSYoungGen: 15710K->544K(15872K)] 41946K->26803K(46592K), 0.0004550 secs] [Times: user=0.00 sys=0.00, real=0.00 secs] 
169.820: Total time for which application threads were stopped: 0.0005740 seconds, Stopping threads took: 0.0000590 seconds
169.868: Application time: 0.0483150 seconds
169.868: [GC [PSYoungGen: 15390K->352K(15360K)] 41649K->26840K(46080K), 0.0004960 secs] [Times: user=0.00 sys=0.00, real=0.00 secs] 
169.868: Total time for which application threads were stopped: 0.0006130 seconds, Stopping threads took: 0.0000570 seconds
169.932: Application time: 0.0634060 seconds
169.932: [GC [PSYoungGen: 15195K->448K(15872K)] 41683K->26952K(46592K), 0.0004820 secs] [Times: user=0.00 sys=0.00, real=0.00 secs] 
169.932: Total time for which application threads were stopped: 0.0006060 seconds, Stopping threads took: 0.0000610 seconds
169.998: Application time: 0.0655770 seconds
169.998: [GC [PSYoungGen: 15295K->0K(15872K)] 41799K->26905K(46592K), 0.0005120 secs] [Times: user=0.01 sys=0.00, real=0.00 secs] 
169.999: Total time for which application threads were stopped: 0.0006470 seconds, Stopping threads took: 0.0000660 seconds
170.047: Application time: 0.0486090 seconds
170.047: [GC [PSYoungGen: 14846K->384K(15872K)] 41751K->27289K(46592K), 0.0004080 secs] [Times: user=0.01 sys=0.00, real=0.00 secs] 
170.048: Total time for which application threads were stopped: 0.0005110 seconds, Stopping threads took: 0.0000440 seconds
170.110: Application time: 0.0624250 seconds
170.110: [GC [PSYoungGen: 15231K->352K(15872K)] 42136K->27265K(46592K), 0.0004260 secs] [Times: user=0.00 sys=0.00, real=0.00 secs] 
170.111: Total time for which application threads were stopped: 0.0005500 seconds, Stopping threads took: 0.0000620 seconds
170.175: Application time: 0.0641290 seconds
170.175: [GC [PSYoungGen: 15197K->352K(15872K)] 42110K->27281K(46592K), 0.0004090 secs] [Times: user=0.00 sys=0.00, real=0.00 secs] 
170.175: Total time for which application threads were stopped: 0.0005130 seconds, Stopping threads took: 0.0000430 seconds
170.238: Application time: 0.0625160 seconds
170.238: [GC [PSYoungGen: 15199K->608K(15872K)] 42129K->27781K(46592K), 0.0005450 secs] [Times: user=0.00 sys=0.00, real=0.00 secs] 
170.239: Total time for which application threads were stopped: 0.0006530 seconds, Stopping threads took: 0.0000480 seconds
170.304: Application time: 0.0653020 seconds
170.304: [GC [PSYoungGen: 15452K->384K(15872K)] 42626K->27838K(46592K), 0.0004620 secs] [Times: user=0.00 sys=0.00, real=0.00 secs] 
170.304: Total time for which application threads were stopped: 0.0005810 seconds, Stopping threads took: 0.0000590 seconds
170.371: Application time: 0.0662930 seconds
170.371: [GC [PSYoungGen: 15231K->0K(15872K)] 42685K->27682K(46592K), 0.0004450 secs] [Times: user=0.01 sys=0.00, real=0.00 secs] 
170.371: Total time for which application threads were stopped: 0.0005440 seconds, Stopping threads took: 0.0000380 seconds
170.437: Application time: 0.0653500 seconds
170.437: [GC [PSYoungGen: 14844K->320K(15872K)] 42527K->28002K(46592K), 0.0004100 secs] [Times: user=0.00 sys=0.00, real=0.00 secs] 
170.437: Total time for which application threads were stopped: 0.0005180 seconds, Stopping threads took: 0.0000490 seconds
170.485: Application time: 0.0479840 seconds
170.485: [GC [PSYoungGen: 15164K->512K(15872K)] 42847K->28210K(46592K), 0.0004950 secs] [Times: user=0.00 sys=0.00, real=0.00 secs] 
170.486: Total time for which application threads were stopped: 0.0006060 seconds, Stopping threads took: 0.0000530 seconds
170.532: Application time: 0.0460690 seconds
170.532: [GC [PSYoungGen: 15359K->800K(15872K)] 43058K->28719K(46592K), 0.0005170 secs] [Times: user=0.00 sys=0.00, real=0.00 secs] 
170.533: Total time for which application threads were stopped: 0.0006460 seconds, Stopping threads took: 0.0000460 seconds
170.568: Application time: 0.0358780 seconds
170.568: [GC [PSYoungGen: 15646K->928K(15872K)] 43566K->29108K(46592K), 0.0006930 secs] [Times: user=0.00 sys=0.00, real=0.00 secs] 
170.569: Total time for which application threads were stopped: 0.0008030 seconds, Stopping threads took: 0.0000500 seconds
170.603: Application time: 0.0340280 seconds
170.603: [GC [PSYoungGen: 15775K->736K(19456K)] 43955K->29384K(50176K), 0.0005680 secs] [Times: user=0.00 sys=0.00, real=0.00 secs] 
170.604: Total time for which application threads were stopped: 0.0006910 seconds, Stopping threads took: 0.0000610 seconds
170.673: Application time: 0.0686670 seconds
170.673: [GC [PSYoungGen: 18651K->928K(19456K)] 47300K->29624K(50176K), 0.0005480 secs] [Times: user=0.00 sys=0.00, real=0.00 secs] 
170.673: Total time for which application threads were stopped: 0.0006710 seconds, Stopping threads took: 0.0000580 seconds
170.751: Application time: 0.0773960 seconds
170.751: [GC [PSYoungGen: 18845K->288K(23040K)] 47541K->29593K(53760K), 0.0005560 secs] [Times: user=0.00 sys=0.00, real=0.00 secs] 
170.751: Total time for which application threads were stopped: 0.0006820 seconds, Stopping threads took: 0.0000640 seconds
170.845: Application time: 0.0941060 seconds
170.846: [GC [PSYoungGen: 21790K->0K(23040K)] 51096K->29518K(53760K), 0.0004340 secs] [Times: user=0.00 sys=0.00, real=0.00 secs] 
170.846: Total time for which application threads were stopped: 0.0005380 seconds, Stopping threads took: 0.0000390 seconds
170.939: Application time: 0.0925550 seconds
170.940: [GC [PSYoungGen: 21502K->384K(23040K)] 51020K->29902K(53760K), 0.0004120 secs] [Times: user=0.00 sys=0.00, real=0.00 secs] 
170.940: Total time for which application threads were stopped: 0.0016820 seconds, Stopping threads took: 0.0012100 seconds
171.029: Application time: 0.0883060 seconds
171.029: [GC [PSYoungGen: 21887K->960K(23040K)] 51405K->30702K(53760K), 0.0005300 secs] [Times: user=0.00 sys=0.00, real=0.00 secs] 
171.029: Total time for which application threads were stopped: 0.0006490 seconds, Stopping threads took: 0.0000550 seconds
171.125: Application time: 0.0955520 seconds
171.125: [GC [PSYoungGen: 22462K->0K(23040K)] 52204K->30548K(53760K), 0.0005150 secs] [Times: user=0.00 sys=0.00, real=0.00 secs] 
171.125: [Full GC [PSYoungGen: 0K->0K(23040K)] [ParOldGen: 30548K->4408K(30720K)] 30548K->4408K(53760K) [PSPermGen: 5577K->5577K(21504K)], 0.0059100 secs] [Times: user=0.03 sys=0.00, real=0.00 secs] 
171.131: Total time for which application threads were stopped: 0.0066030 seconds, Stopping threads took: 0.0000600 seconds
171.228: Application time: 0.0966470 seconds
171.228: [GC [PSYoungGen: 21500K->0K(23040K)] 25908K->4408K(53760K), 0.0003650 secs] [Times: user=0.00 sys=0.00, real=0.00 secs] 
171.228: Total time for which application threads were stopped: 0.0004970 seconds, Stopping threads took: 0.0000720 seconds
171.325: Application time: 0.0963200 seconds
171.325: [GC [PSYoungGen: 21502K->0K(23040K)] 25910K->4408K(53760K), 0.0003300 secs] [Times: user=0.00 sys=0.00, real=0.00 secs] 
171.325: Total time for which application threads were stopped: 0.0004490 seconds, Stopping threads took: 0.0000590 seconds
171.421: Application time: 0.0961960 seconds
171.422: [GC [PSYoungGen: 21502K->0K(23040K)] 25910K->4408K(53760K), 0.0003490 secs] [Times: user=0.00 sys=0.00, real=0.00 secs] 
171.422: Total time for which application threads were stopped: 0.0004590 seconds, Stopping threads took: 0.0000480 seconds
171.500: Application time: 0.0779770 seconds
171.500: [GC [PSYoungGen: 21500K->384K(23040K)] 25909K->4792K(53760K), 0.0003950 secs] [Times: user=0.00 sys=0.00, real=0.00 secs] 
171.500: Total time for which application threads were stopped: 0.0005530 seconds, Stopping threads took: 0.0000950 seconds
171.577: Application time: 0.0766090 seconds
171.577: [GC [PSYoungGen: 21885K->544K(23040K)] 26294K->4960K(53760K), 0.0004220 secs] [Times: user=0.00 sys=0.00, real=0.00 secs] 
171.578: Total time for which application threads were stopped: 0.0005580 seconds, Stopping threads took: 0.0000750 seconds
171.668: Application time: 0.0903400 seconds
171.668: [GC [PSYoungGen: 22046K->384K(23040K)] 26463K->5029K(53760K), 0.0004350 secs] [Times: user=0.00 sys=0.00, real=0.00 secs] 
171.669: Total time for which application threads were stopped: 0.0005660 seconds, Stopping threads took: 0.0000550 seconds
171.751: Application time: 0.0821440 seconds
171.751: [GC [PSYoungGen: 21884K->384K(23040K)] 26530K->5261K(53760K), 0.0004010 secs] [Times: user=0.00 sys=0.00, real=0.00 secs] 
171.751: Total time for which application threads were stopped: 0.0005230 seconds, Stopping threads took: 0.0000610 seconds
171.838: Application time: 0.0869490 seconds
171.838: [GC [PSYoungGen: 21887K->288K(22016K)] 26764K->5173K(52736K), 0.0004320 secs] [Times: user=0.00 sys=0.00, real=0.01 secs] 
171.840: Total time for which application threads were stopped: 0.0017520 seconds, Stopping threads took: 0.0000510 seconds
171.933: Application time: 0.0932510 seconds
171.933: [GC [PSYoungGen: 21790K->416K(22528K)] 26676K->5562K(53248K), 0.0004680 secs] [Times: user=0.00 sys=0.00, real=0.00 secs] 
171.934: Total time for which application threads were stopped: 0.0006120 seconds, Stopping threads took: 0.0000810 seconds
172.028: Application time: 0.0943930 seconds
172.028: [GC [PSYoungGen: 21916K->400K(22528K)] 27062K->5798K(53248K), 0.0004150 secs] [Times: user=0.00 sys=0.00, real=0.00 secs] 
172.029: Total time for which application threads were stopped: 0.0005280 seconds, Stopping threads took: 0.0000510 seconds
172.126: Application time: 0.0969210 seconds
172.126: [GC [PSYoungGen: 21902K->0K(22528K)] 27301K->5646K(53248K), 0.0004050 secs] [Times: user=0.00 sys=0.00, real=0.00 secs] 
172.126: Total time for which application threads were stopped: 0.0005230 seconds, Stopping threads took: 0.0000530 seconds
172.200: Application time: 0.0739840 seconds
172.200: [GC [PSYoungGen: 21503K->544K(22528K)] 27150K->6190K(53248K), 0.0003980 secs] [Times: user=0.01 sys=0.00, real=0.00 secs] 
172.201: Total time for which application threads were stopped: 0.0005510 seconds, Stopping threads took: 0.0000810 seconds
172.285: Application time: 0.0842950 seconds
172.285: [GC [PSYoungGen: 22046K->544K(22528K)] 27693K->6443K(53248K), 0.0004660 secs] [Times: user=0.00 sys=0.00, real=0.00 secs] 
172.286: Total time for which application threads were stopped: 0.0005800 seconds, Stopping threads took: 0.0000550 seconds
172.330: Application time: 0.0443800 seconds
172.330: [GC [PSYoungGen: 22047K->928K(22016K)] 27946K->7159K(52736K), 0.0006370 secs] [Times: user=0.00 sys=0.00, real=0.00 secs] 
172.331: Total time for which application threads were stopped: 0.0007460 seconds, Stopping threads took: 0.0000430 seconds
172.398: Application time: 0.0672860 seconds
172.398: [GC [PSYoungGen: 21919K->928K(22528K)] 28151K->7323K(53248K), 0.0005340 secs] [Times: user=0.00 sys=0.00, real=0.00 secs] 
172.399: Total time for which application threads were stopped: 0.0006640 seconds, Stopping threads took: 0.0000660 seconds
172.488: Application time: 0.0891120 seconds
172.488: [GC [PSYoungGen: 21918K->448K(22528K)] 28314K->7261K(53248K), 0.0004910 secs] [Times: user=0.01 sys=0.00, real=0.00 secs] 
172.488: Total time for which application threads were stopped: 0.0006140 seconds, Stopping threads took: 0.0000590 seconds
172.578: Application time: 0.0898750 seconds
172.578: [GC [PSYoungGen: 21438K->384K(22528K)] 28251K->7598K(53248K), 0.0004370 secs] [Times: user=0.01 sys=0.00, real=0.00 secs] 
172.579: Total time for which application threads were stopped: 0.0005480 seconds, Stopping threads took: 0.0000520 seconds
172.670: Application time: 0.0907090 seconds
172.670: [GC [PSYoungGen: 21372K->352K(22528K)] 28586K->7582K(53248K), 0.0003990 secs] [Times: user=0.00 sys=0.00, real=0.00 secs] 
172.670: Total time for which application threads were stopped: 0.0005210 seconds, Stopping threads took: 0.0000610 seconds
172.755: Application time: 0.0849950 seconds
172.755: [GC [PSYoungGen: 21340K->896K(22528K)] 28570K->8338K(53248K), 0.0005190 secs] [Times: user=0.00 sys=0.00, real=0.00 secs] 
172.756: Total time for which application threads were stopped: 0.0006580 seconds, Stopping threads took: 0.0000540 seconds
172.849: Application time: 0.0935950 seconds
172.849: [GC [PSYoungGen: 21886K->0K(22528K)] 29329K->8252K(53248K), 0.0005100 secs] [Times: user=0.00 sys=0.00, real=0.00 secs] 
172.850: Total time for which application threads were stopped: 0.0006860 seconds, Stopping threads took: 0.0001130 seconds
172.943: Application time: 0.0934490 seconds
172.948: [GC [PSYoungGen: 20988K->0K(22528K)] 29241K->8252K(53248K), 0.0003880 secs] [Times: user=0.00 sys=0.00, real=0.00 secs] 
172.948: Total time for which application threads were stopped: 0.0047590 seconds, Stopping threads took: 0.0043100 seconds
173.041: Application time: 0.0933130 seconds
173.042: [GC [PSYoungGen: 20988K->0K(22528K)] 29241K->8252K(53248K), 0.0003650 secs] [Times: user=0.01 sys=0.00, real=0.00 secs] 
173.042: Total time for which application threads were stopped: 0.0004910 seconds, Stopping threads took: 0.0000620 seconds
173.135: Application time: 0.0933900 seconds
173.135: [GC [PSYoungGen: 20988K->0K(22528K)] 29241K->8252K(53248K), 0.0003740 secs] [Times: user=0.00 sys=0.00, real=0.00 secs] 
173.136: Total time for which application threads were stopped: 0.0004940 seconds, Stopping threads took: 0.0000580 seconds
173.209: Application time: 0.0735840 seconds
173.210: [GC [PSYoungGen: 20991K->384K(22528K)] 29244K->8636K(53248K), 0.0004080 secs] [Times: user=0.01 sys=0.00, real=0.00 secs] 
173.210: Total time for which application threads were stopped: 0.0005230 seconds, Stopping threads took: 0.0000530 seconds
173.283: Application time: 0.0725800 seconds
173.283: [GC [PSYoungGen: 21344K->448K(22528K)] 29597K->8708K(53248K), 0.0004150 secs] [Times: user=0.00 sys=0.00, real=0.00 secs] 
173.283: Total time for which application threads were stopped: 0.0005420 seconds, Stopping threads took: 0.0000590 seconds
173.374: Application time: 0.0909310 seconds
173.374: [GC [PSYoungGen: 21435K->288K(21504K)] 29696K->8761K(52224K), 0.0005080 secs] [Times: user=0.00 sys=0.00, real=0.00 secs] 
173.375: Total time for which application threads were stopped: 0.0006330 seconds, Stopping threads took: 0.0000630 seconds
173.454: Application time: 0.0796140 seconds
173.454: [GC [PSYoungGen: 21279K->352K(22016K)] 29753K->9037K(52736K), 0.0004230 secs] [Times: user=0.01 sys=0.00, real=0.00 secs] 
173.455: Total time for which application threads were stopped: 0.0005360 seconds, Stopping threads took: 0.0000540 seconds
173.539: Application time: 0.0839360 seconds
173.539: [GC [PSYoungGen: 21342K->416K(22016K)] 30028K->9109K(52736K), 0.0003940 secs] [Times: user=0.00 sys=0.00, real=0.00 secs] 
173.539: Total time for which application threads were stopped: 0.0005150 seconds, Stopping threads took: 0.0000640 seconds
173.629: Application time: 0.0901600 seconds
173.630: [GC [PSYoungGen: 21407K->384K(22016K)] 30100K->9330K(52736K), 0.0004190 secs] [Times: user=0.00 sys=0.00, real=0.00 secs] 
173.630: Total time for which application threads were stopped: 0.0005500 seconds, Stopping threads took: 0.0000690 seconds
173.721: Application time: 0.0910630 seconds
173.721: [GC [PSYoungGen: 21375K->384K(22016K)] 30321K->9583K(52736K), 0.0004120 secs] [Times: user=0.00 sys=0.00, real=0.00 secs] 
173.722: Total time for which application threads were stopped: 0.0005570 seconds, Stopping threads took: 0.0000820 seconds
173.815: Application time: 0.0933430 seconds
173.815: [GC [PSYoungGen: 21374K->0K(22016K)] 30573K->9447K(52736K), 0.0004120 secs] [Times: user=0.00 sys=0.00, real=0.00 secs] 
173.816: Total time for which application threads were stopped: 0.0005500 seconds, Stopping threads took: 0.0000650 seconds
173.893: Application time: 0.0775490 seconds
173.893: [GC [PSYoungGen: 20991K->608K(22016K)] 30438K->10055K(52736K), 0.0004960 secs] [Times: user=0.00 sys=0.00, real=0.00 secs] 
173.894: Total time for which application threads were stopped: 0.0006050 seconds, Stopping threads took: 0.0000510 seconds
173.979: Application time: 0.0851980 seconds
173.979: [GC [PSYoungGen: 21598K->416K(22016K)] 31045K->10083K(52736K), 0.0004390 secs] [Times: user=0.00 sys=0.00, real=0.00 secs] 
173.979: Total time for which application threads were stopped: 0.0005530 seconds, Stopping threads took: 0.0000540 seconds
174.038: Application time: 0.0585320 seconds
174.038: [GC [PSYoungGen: 21407K->976K(21504K)] 31074K->10875K(52224K), 0.0005890 secs] [Times: user=0.00 sys=0.00, real=0.00 secs] 
174.039: Total time for which application threads were stopped: 0.0007260 seconds, Stopping threads took: 0.0000780 seconds
174.082: Application time: 0.0432970 seconds
174.082: [GC [PSYoungGen: 21451K->704K(22016K)] 31351K->10912K(52736K), 0.0005360 secs] [Times: user=0.01 sys=0.00, real=0.00 secs] 
174.083: Total time for which application threads were stopped: 0.0006540 seconds, Stopping threads took: 0.0000570 seconds
174.166: Application time: 0.0830660 seconds
174.166: [GC [PSYoungGen: 21180K->864K(22016K)] 31389K->11112K(52736K), 0.0005380 secs] [Times: user=0.00 sys=0.00, real=0.00 secs] 
174.166: Total time for which application threads were stopped: 0.0006640 seconds, Stopping threads took: 0.0000630 seconds
174.255: Application time: 0.0886430 seconds
174.255: [GC [PSYoungGen: 21343K->0K(22016K)] 31591K->11186K(52736K), 0.0005130 secs] [Times: user=0.00 sys=0.00, real=0.00 secs] 
174.256: Total time for which application threads were stopped: 0.0006460 seconds, Stopping threads took: 0.0000710 seconds
174.343: Application time: 0.0874530 seconds
174.343: [GC [PSYoungGen: 20478K->384K(22016K)] 31664K->11570K(52736K), 0.0004070 secs] [Times: user=0.00 sys=0.00, real=0.00 secs] 
174.344: Total time for which application threads were stopped: 0.0005470 seconds, Stopping threads took: 0.0000650 seconds
174.432: Application time: 0.0880430 seconds
174.432: [GC [PSYoungGen: 20862K->288K(22016K)] 32048K->11687K(52736K), 0.0004630 secs] [Times: user=0.00 sys=0.00, real=0.00 secs] 
174.432: Total time for which application threads were stopped: 0.0005740 seconds, Stopping threads took: 0.0000520 seconds
174.517: Application time: 0.0848260 seconds
174.517: [GC [PSYoungGen: 20764K->736K(22016K)] 32163K->12347K(52736K), 0.0005040 secs] [Times: user=0.00 sys=0.00, real=0.00 secs] 
174.518: Total time for which application threads were stopped: 0.0006180 seconds, Stopping threads took: 0.0000510 seconds
174.609: Application time: 0.0912800 seconds
174.609: [GC [PSYoungGen: 21215K->0K(22016K)] 32826K->12208K(52736K), 0.0004840 secs] [Times: user=0.00 sys=0.00, real=0.00 secs] 
174.610: Total time for which application threads were stopped: 0.0006020 seconds, Stopping threads took: 0.0000540 seconds
174.700: Application time: 0.0907530 seconds
174.700: [GC [PSYoungGen: 20478K->0K(22016K)] 32687K->12208K(52736K), 0.0004190 secs] [Times: user=0.00 sys=0.00, real=0.00 secs] 
174.701: Total time for which application threads were stopped: 0.0005360 seconds, Stopping threads took: 0.0000560 seconds
174.792: Application time: 0.0908880 seconds
174.792: [GC [PSYoungGen: 20478K->0K(22016K)] 32687K->12208K(52736K), 0.0003620 secs] [Times: user=0.00 sys=0.00, real=0.00 secs] 
174.792: Total time for which application threads were stopped: 0.0004850 seconds, Stopping threads took: 0.0000620 seconds
174.868: Application time: 0.0758190 seconds
174.868: [GC [PSYoungGen: 20478K->384K(22016K)] 32686K->12592K(52736K), 0.0004110 secs] [Times: user=0.00 sys=0.00, real=0.00 secs] 
174.869: Total time for which application threads were stopped: 0.0005370 seconds, Stopping threads took: 0.0000540 seconds
174.948: Application time: 0.0794480 seconds
174.948: [GC [PSYoungGen: 20848K->384K(20992K)] 33056K->12600K(51712K), 0.0004650 secs] [Times: user=0.00 sys=0.00, real=0.00 secs] 
174.949: Total time for which application threads were stopped: 0.0005830 seconds, Stopping threads took: 0.0000550 seconds
175.026: Application time: 0.0770200 seconds
175.026: [GC [PSYoungGen: 20863K->320K(21504K)] 33080K->12756K(52224K), 0.0004390 secs] [Times: user=0.00 sys=0.00, real=0.00 secs] 
175.026: Total time for which application threads were stopped: 0.0005540 seconds, Stopping threads took: 0.0000500 seconds
175.116: Application time: 0.0896730 seconds
175.116: [GC [PSYoungGen: 20797K->352K(21504K)] 33234K->12812K(52224K), 0.0004080 secs] [Times: user=0.00 sys=0.00, real=0.00 secs] 
175.116: Total time for which application threads were stopped: 0.0005310 seconds, Stopping threads took: 0.0000620 seconds
175.187: Application time: 0.0704100 seconds
175.187: [GC [PSYoungGen: 20831K->384K(21504K)] 33292K->13065K(52224K), 0.0004360 secs] [Times: user=0.00 sys=0.00, real=0.00 secs] 
175.187: Total time for which application threads were stopped: 0.0005700 seconds, Stopping threads took: 0.0000720 seconds
175.273: Application time: 0.0857640 seconds
175.273: [GC [PSYoungGen: 20860K->544K(21504K)] 33541K->13233K(52224K), 0.0004580 secs] [Times: user=0.00 sys=0.00, real=0.00 secs] 
175.274: Total time for which application threads were stopped: 0.0005650 seconds, Stopping threads took: 0.0000430 seconds
175.362: Application time: 0.0885270 seconds
175.362: [GC [PSYoungGen: 21020K->288K(21504K)] 33710K->13446K(52224K), 0.0004930 secs] [Times: user=0.00 sys=0.00, real=0.00 secs] 
175.363: Total time for which application threads were stopped: 0.0006020 seconds, Stopping threads took: 0.0000480 seconds
175.453: Application time: 0.0901390 seconds
175.453: [GC [PSYoungGen: 20764K->352K(21504K)] 33922K->13582K(52224K), 0.0004250 secs] [Times: user=0.00 sys=0.00, real=0.00 secs] 
175.454: Total time for which application threads were stopped: 0.0005650 seconds, Stopping threads took: 0.0000680 seconds
175.544: Application time: 0.0899050 seconds
175.544: [GC [PSYoungGen: 20830K->352K(21504K)] 34060K->13814K(52224K), 0.0004270 secs] [Times: user=0.00 sys=0.00, real=0.00 secs] 
175.544: Total time for which application threads were stopped: 0.0005600 seconds, Stopping threads took: 0.0000700 seconds
175.614: Application time: 0.0703840 seconds
175.615: [GC [PSYoungGen: 20829K->544K(21504K)] 34291K->14030K(52224K), 0.0004430 secs] [Times: user=0.00 sys=0.00, real=0.00 secs] 
175.615: Total time for which application threads were stopped: 0.0005730 seconds, Stopping threads took: 0.0000690 seconds
175.698: Application time: 0.0826150 seconds
175.698: [GC [PSYoungGen: 21022K->544K(21504K)] 34508K->14294K(52224K), 0.0004620 secs] [Times: user=0.00 sys=0.00, real=0.00 secs] 
175.698: Total time for which application threads were stopped: 0.0005760 seconds, Stopping threads took: 0.0000490 seconds
175.758: Application time: 0.0596080 seconds
175.758: [GC [PSYoungGen: 21022K->1008K(21504K)] 34773K->14971K(52224K), 0.0006090 secs] [Times: user=0.01 sys=0.00, real=0.00 secs] 
175.759: Total time for which application threads were stopped: 0.0007240 seconds, Stopping threads took: 0.0000510 seconds
175.805: Application time: 0.0462430 seconds
175.805: [GC [PSYoungGen: 21488K->960K(20992K)] 35451K->15051K(51712K), 0.0005370 secs] [Times: user=0.00 sys=0.00, real=0.00 secs] 
175.806: Total time for which application threads were stopped: 0.0006760 seconds, Stopping threads took: 0.0000750 seconds
175.888: Application time: 0.0825670 seconds
175.888: [GC [PSYoungGen: 20927K->704K(21504K)] 35018K->15043K(52224K), 0.0005050 secs] [Times: user=0.00 sys=0.00, real=0.00 secs] 
175.889: Total time for which application threads were stopped: 0.0006190 seconds, Stopping threads took: 0.0000530 seconds
175.976: Application time: 0.0868360 seconds
175.976: [GC [PSYoungGen: 20668K->0K(21504K)] 35007K->14953K(52224K), 0.0004610 secs] [Times: user=0.00 sys=0.00, real=0.00 secs] 
175.976: Total time for which application threads were stopped: 0.0006020 seconds, Stopping threads took: 0.0000710 seconds
176.061: Application time: 0.0851930 seconds
176.061: [GC [PSYoungGen: 19967K->384K(21504K)] 34921K->15337K(52224K), 0.0004160 secs] [Times: user=0.00 sys=0.00, real=0.00 secs] 
176.062: Total time for which application threads were stopped: 0.0005340 seconds, Stopping threads took: 0.0000560 seconds
176.147: Application time: 0.0855690 seconds
176.148: [GC [PSYoungGen: 20351K->384K(21504K)] 35304K->15557K(52224K), 0.0004340 secs] [Times: user=0.00 sys=0.00, real=0.00 secs] 
176.148: Total time for which application threads were stopped: 0.0005770 seconds, Stopping threads took: 0.0000720 seconds
176.230: Application time: 0.0823380 seconds
176.230: [GC [PSYoungGen: 20351K->800K(21504K)] 35525K->16194K(52224K), 0.0004960 secs] [Times: user=0.00 sys=0.00, real=0.00 secs] 
176.231: Total time for which application threads were stopped: 0.0006240 seconds, Stopping threads took: 0.0000640 seconds
176.320: Application time: 0.0891620 seconds
176.320: [GC [PSYoungGen: 20764K->0K(21504K)] 36158K->16007K(52224K), 0.0005100 secs] [Times: user=0.00 sys=0.00, real=0.00 secs] 
176.321: Total time for which application threads were stopped: 0.0006350 seconds, Stopping threads took: 0.0000600 seconds
176.410: Application time: 0.0889860 seconds
176.412: [GC [PSYoungGen: 19964K->0K(21504K)] 35972K->16007K(52224K), 0.0003770 secs] [Times: user=0.00 sys=0.00, real=0.00 secs] 
176.412: Total time for which application threads were stopped: 0.0023650 seconds, Stopping threads took: 0.0019270 seconds
176.501: Application time: 0.0892860 seconds
176.502: [GC [PSYoungGen: 19964K->0K(21504K)] 35972K->16007K(52224K), 0.0003490 secs] [Times: user=0.00 sys=0.00, real=0.00 secs] 
176.502: Total time for which application threads were stopped: 0.0004950 seconds, Stopping threads took: 0.0000690 seconds
176.586: Application time: 0.0838800 seconds
176.586: [GC [PSYoungGen: 19965K->352K(21504K)] 35973K->16359K(52224K), 0.0003940 secs] [Times: user=0.00 sys=0.00, real=0.00 secs] 
176.586: Total time for which application threads were stopped: 0.0005050 seconds, Stopping threads took: 0.0000500 seconds
176.652: Application time: 0.0660970 seconds
176.653: [GC [PSYoungGen: 20319K->544K(21504K)] 36327K->16575K(52224K), 0.0004330 secs] [Times: user=0.00 sys=0.00, real=0.00 secs] 
176.653: Total time for which application threads were stopped: 0.0005630 seconds, Stopping threads took: 0.0000680 seconds
176.727: Application time: 0.0741710 seconds
176.727: [GC [PSYoungGen: 20507K->544K(21504K)] 36539K->16591K(52224K), 0.0004350 secs] [Times: user=0.00 sys=0.00, real=0.00 secs] 
176.728: Total time for which application threads were stopped: 0.0005750 seconds, Stopping threads took: 0.0000740 seconds
176.815: Application time: 0.0870550 seconds
176.815: [GC [PSYoungGen: 20511K->288K(20480K)] 36559K->16564K(51200K), 0.0005000 secs] [Times: user=0.00 sys=0.00, real=0.00 secs] 
176.815: Total time for which application threads were stopped: 0.0006310 seconds, Stopping threads took: 0.0000670 seconds
176.883: Application time: 0.0679830 seconds
176.884: [GC [PSYoungGen: 20253K->288K(20992K)] 36529K->16776K(51712K), 0.0004550 secs] [Times: user=0.00 sys=0.00, real=0.00 secs] 
176.885: Total time for which application threads were stopped: 0.0017400 seconds, Stopping threads took: 0.0000550 seconds
176.971: Application time: 0.0857490 seconds
176.971: [GC [PSYoungGen: 20251K->352K(20992K)] 36740K->16856K(51712K), 0.0004760 secs] [Times: user=0.00 sys=0.00, real=0.00 secs] 
176.972: Total time for which application threads were stopped: 0.0006170 seconds, Stopping threads took: 0.0000810 seconds
177.057: Application time: 0.0854870 seconds
177.057: [GC [PSYoungGen: 20318K->352K(20992K)] 36823K->17088K(51712K), 0.0005200 secs] [Times: user=0.00 sys=0.00, real=0.00 secs] 
177.058: Total time for which application threads were stopped: 0.0006400 seconds, Stopping threads took: 0.0000490 seconds
177.144: Application time: 0.0862590 seconds
177.144: [GC [PSYoungGen: 20315K->416K(20992K)] 37052K->17405K(51712K), 0.0004480 secs] [Times: user=0.00 sys=0.00, real=0.00 secs] 
177.144: Total time for which application threads were stopped: 0.0005720 seconds, Stopping threads took: 0.0000610 seconds
177.233: Application time: 0.0886110 seconds
177.233: [GC [PSYoungGen: 20380K->0K(20992K)] 37369K->17234K(51712K), 0.0003960 secs] [Times: user=0.00 sys=0.00, real=0.00 secs] 
177.234: Total time for which application threads were stopped: 0.0005250 seconds, Stopping threads took: 0.0000650 seconds
177.304: Application time: 0.0702490 seconds
177.304: [GC [PSYoungGen: 19964K->544K(20992K)] 37198K->17778K(51712K), 0.0004250 secs] [Times: user=0.00 sys=0.00, real=0.00 secs] 
177.304: Total time for which application threads were stopped: 0.0005420 seconds, Stopping threads took: 0.0000570 seconds
177.385: Application time: 0.0805640 seconds
177.385: [GC [PSYoungGen: 20508K->576K(20992K)] 37742K->18022K(51712K), 0.0005390 secs] [Times: user=0.00 sys=0.00, real=0.00 secs] 
177.386: Total time for which application threads were stopped: 0.0006430 seconds, Stopping threads took: 0.0000450 seconds
177.456: Application time: 0.0704870 seconds
177.456: [GC [PSYoungGen: 20543K->320K(20992K)] 37990K->18003K(51712K), 0.0004930 secs] [Times: user=0.00 sys=0.00, real=0.00 secs] 
177.457: Total time for which application threads were stopped: 0.0006170 seconds, Stopping threads took: 0.0000690 seconds
177.504: Application time: 0.0474320 seconds
177.504: [GC [PSYoungGen: 20287K->992K(20992K)] 37970K->18739K(51712K), 0.0005620 secs] [Times: user=0.00 sys=0.00, real=0.00 secs] 
177.505: Total time for which application threads were stopped: 0.0007020 seconds, Stopping threads took: 0.0000780 seconds
177.570: Application time: 0.0646410 seconds
177.570: [GC [PSYoungGen: 20956K->704K(21504K)] 38703K->18759K(52224K), 0.0005190 secs] [Times: user=0.00 sys=0.00, real=0.00 secs] 
177.570: Total time for which application threads were stopped: 0.0006470 seconds, Stopping threads took: 0.0000510 seconds
177.653: Application time: 0.0829010 seconds
177.653: [GC [PSYoungGen: 20671K->640K(21504K)] 38727K->18703K(52224K), 0.0005200 secs] [Times: user=0.00 sys=0.00, real=0.00 secs] 
177.654: Total time for which application threads were stopped: 0.0006500 seconds, Stopping threads took: 0.0000690 seconds
177.738: Application time: 0.0845950 seconds
177.738: [GC [PSYoungGen: 20607K->352K(21504K)] 38671K->19149K(52224K), 0.0005780 secs] [Times: user=0.00 sys=0.00, real=0.00 secs] 
177.739: Total time for which application threads were stopped: 0.0007260 seconds, Stopping threads took: 0.0000820 seconds
177.824: Application time: 0.0852040 seconds
177.828: [GC [PSYoungGen: 20319K->384K(20480K)] 39117K->19394K(51200K), 0.0004480 secs] [Times: user=0.00 sys=0.00, real=0.00 secs] 
177.828: Total time for which application threads were stopped: 0.0039940 seconds, Stopping threads took: 0.0034810 seconds
177.913: Application time: 0.0846950 seconds
177.913: [GC [PSYoungGen: 20351K->544K(20992K)] 39361K->19778K(51712K), 0.0004510 secs] [Times: user=0.00 sys=0.00, real=0.00 secs] 
177.914: Total time for which application threads were stopped: 0.0005700 seconds, Stopping threads took: 0.0000560 seconds
177.999: Application time: 0.0854480 seconds
177.999: [GC [PSYoungGen: 20509K->544K(20992K)] 39743K->20002K(51712K), 0.0004570 secs] [Times: user=0.00 sys=0.00, real=0.00 secs] 
178.000: Total time for which application threads were stopped: 0.0005720 seconds, Stopping threads took: 0.0000540 seconds
178.088: Application time: 0.0889110 seconds
178.089: [GC [PSYoungGen: 20508K->0K(20992K)] 39966K->19870K(51712K), 0.0004230 secs] [Times: user=0.00 sys=0.00, real=0.00 secs] 
178.089: Total time for which application threads were stopped: 0.0005560 seconds, Stopping threads took: 0.0000640 seconds
178.178: Application time: 0.0887260 seconds
178.178: [GC [PSYoungGen: 19964K->0K(20992K)] 39834K->19870K(51712K), 0.0003570 secs] [Times: user=0.00 sys=0.00, real=0.00 secs] 
178.178: Total time for which application threads were stopped: 0.0004760 seconds, Stopping threads took: 0.0000580 seconds
178.267: Application time: 0.0886680 seconds
178.267: [GC [PSYoungGen: 19964K->0K(20992K)] 39834K->19870K(51712K), 0.0003470 secs] [Times: user=0.00 sys=0.00, real=0.00 secs] 
178.267: Total time for which application threads were stopped: 0.0004720 seconds, Stopping threads took: 0.0000650 seconds
178.336: Application time: 0.0684630 seconds
178.336: [GC [PSYoungGen: 19965K->384K(20992K)] 39836K->20254K(51712K), 0.0004540 secs] [Times: user=0.01 sys=0.00, real=0.00 secs] 
178.336: Total time for which application threads were stopped: 0.0005840 seconds, Stopping threads took: 0.0000610 seconds
178.404: Application time: 0.0672040 seconds
178.404: [GC [PSYoungGen: 20350K->512K(20992K)] 40221K->20390K(51712K), 0.0004310 secs] [Times: user=0.00 sys=0.00, real=0.00 secs] 
178.404: Total time for which application threads were stopped: 0.0005710 seconds, Stopping threads took: 0.0000750 seconds
178.491: Application time: 0.0871240 seconds
178.491: [GC [PSYoungGen: 20476K->352K(20992K)] 40354K->20566K(51712K), 0.0004690 secs] [Times: user=0.00 sys=0.00, real=0.01 secs] 
178.492: Total time for which application threads were stopped: 0.0006000 seconds, Stopping threads took: 0.0000690 seconds
178.564: Application time: 0.0723830 seconds
178.564: [GC [PSYoungGen: 20316K->384K(20992K)] 40531K->20827K(51712K), 0.0004240 secs] [Times: user=0.00 sys=0.00, real=0.00 secs] 
178.565: Total time for which application threads were stopped: 0.0005310 seconds, Stopping threads took: 0.0000460 seconds
178.647: Application time: 0.0817280 seconds
178.647: [GC [PSYoungGen: 20351K->384K(20992K)] 40794K->20843K(51712K), 0.0004460 secs] [Times: user=0.00 sys=0.00, real=0.00 secs] 
178.647: Total time for which application threads were stopped: 0.0005780 seconds, Stopping threads took: 0.0000590 seconds
178.732: Application time: 0.0850040 seconds
178.732: [GC [PSYoungGen: 20347K->384K(20992K)] 40806K->21099K(51712K), 0.0004360 secs] [Times: user=0.00 sys=0.00, real=0.00 secs] 
178.733: Total time for which application threads were stopped: 0.0005650 seconds, Stopping threads took: 0.0000670 seconds
178.818: Application time: 0.0854920 seconds
178.818: [GC [PSYoungGen: 20347K->416K(20992K)] 41063K->21384K(51712K), 0.0004390 secs] [Times: user=0.00 sys=0.00, real=0.00 secs] 
178.819: Total time for which application threads were stopped: 0.0005790 seconds, Stopping threads took: 0.0000770 seconds
178.907: Application time: 0.0886360 seconds
178.908: [GC [PSYoungGen: 20380K->0K(20992K)] 41348K->21228K(51712K), 0.0004650 secs] [Times: user=0.01 sys=0.00, real=0.00 secs] 
178.908: Total time for which application threads were stopped: 0.0005800 seconds, Stopping threads took: 0.0000530 seconds
178.986: Application time: 0.0781340 seconds
178.986: [GC [PSYoungGen: 19964K->544K(20992K)] 41193K->21772K(51712K), 0.0004170 secs] [Times: user=0.00 sys=0.00, real=0.00 secs] 
178.987: Total time for which application threads were stopped: 0.0005320 seconds, Stopping threads took: 0.0000560 seconds
179.063: Application time: 0.0765840 seconds
179.063: [GC [PSYoungGen: 20510K->352K(20992K)] 41739K->21809K(51712K), 0.0004460 secs] [Times: user=0.00 sys=0.00, real=0.00 secs] 
179.064: Total time for which application threads were stopped: 0.0005780 seconds, Stopping threads took: 0.0000720 seconds
179.131: Application time: 0.0668750 seconds
179.131: [GC [PSYoungGen: 20319K->544K(20992K)] 41776K->22057K(51712K), 0.0004350 secs] [Times: user=0.00 sys=0.00, real=0.00 secs] 
179.131: Total time for which application threads were stopped: 0.0005420 seconds, Stopping threads took: 0.0000450 seconds
179.200: Application time: 0.0686450 seconds
179.200: [GC [PSYoungGen: 20508K->768K(20992K)] 42022K->22661K(51712K), 0.0005500 secs] [Times: user=0.00 sys=0.00, real=0.00 secs] 
179.201: Total time for which application threads were stopped: 0.0006690 seconds, Stopping threads took: 0.0000420 seconds
179.248: Application time: 0.0474340 seconds
179.248: [GC [PSYoungGen: 20732K->800K(20992K)] 42626K->22938K(51712K), 0.0005300 secs] [Times: user=0.00 sys=0.00, real=0.00 secs] 
179.249: Total time for which application threads were stopped: 0.0006370 seconds, Stopping threads took: 0.0000440 seconds
179.335: Application time: 0.0859290 seconds
179.335: [GC [PSYoungGen: 20766K->736K(20480K)] 42904K->22970K(51200K), 0.0005210 secs] [Times: user=0.00 sys=0.00, real=0.00 secs] 
179.335: Total time for which application threads were stopped: 0.0006430 seconds, Stopping threads took: 0.0000570 seconds
179.426: Application time: 0.0907860 seconds
179.426: [GC [PSYoungGen: 20189K->384K(19968K)] 42423K->23224K(50688K), 0.0005980 secs] [Times: user=0.00 sys=0.00, real=0.00 secs] 
179.427: Total time for which application threads were stopped: 0.0007270 seconds, Stopping threads took: 0.0000620 seconds
179.521: Application time: 0.0942580 seconds
179.521: [GC [PSYoungGen: 19838K->128K(20480K)] 42678K->23192K(51200K), 0.0004370 secs] [Times: user=0.00 sys=0.00, real=0.00 secs] 
179.522: Total time for which application threads were stopped: 0.0005510 seconds, Stopping threads took: 0.0000500 seconds
179.613: Application time: 0.0914380 seconds
179.613: [GC [PSYoungGen: 19580K->352K(20480K)] 42644K->23440K(51200K), 0.0004260 secs] [Times: user=0.00 sys=0.00, real=0.00 secs] 
179.614: Total time for which application threads were stopped: 0.0005750 seconds, Stopping threads took: 0.0000860 seconds
179.702: Application time: 0.0881800 seconds
179.702: [GC [PSYoungGen: 19807K->704K(20480K)] 42895K->24012K(51200K), 0.0005430 secs] [Times: user=0.01 sys=0.00, real=0.00 secs] 
179.702: Total time for which application threads were stopped: 0.0006780 seconds, Stopping threads took: 0.0000600 seconds
179.797: Application time: 0.0947290 seconds
179.797: [GC [PSYoungGen: 20157K->0K(20480K)] 43466K->23909K(51200K), 0.0005210 secs] [Times: user=0.00 sys=0.00, real=0.00 secs] 
179.798: Total time for which application threads were stopped: 0.0006520 seconds, Stopping threads took: 0.0000600 seconds
179.893: Application time: 0.0953420 seconds
179.893: [GC [PSYoungGen: 19453K->0K(20992K)] 43363K->23909K(51712K), 0.0003910 secs] [Times: user=0.00 sys=0.00, real=0.00 secs] 
179.894: Total time for which application threads were stopped: 0.0005230 seconds, Stopping threads took: 0.0000690 seconds
179.989: Application time: 0.0952030 seconds
179.989: [GC [PSYoungGen: 19453K->0K(20992K)] 43363K->23909K(51712K), 0.0004410 secs] [Times: user=0.00 sys=0.00, real=0.00 secs] 
179.989: Total time for which application threads were stopped: 0.0005740 seconds, Stopping threads took: 0.0000700 seconds
180.070: Application time: 0.0808620 seconds
180.072: [GC [PSYoungGen: 19454K->384K(19968K)] 43364K->24293K(50688K), 0.0004900 secs] [Times: user=0.00 sys=0.00, real=0.00 secs] 
180.072: Total time for which application threads were stopped: 0.0019710 seconds, Stopping threads took: 0.0014150 seconds
180.152: Application time: 0.0792400 seconds
180.152: [GC [PSYoungGen: 19837K->576K(20480K)] 43747K->24501K(51200K), 0.0004870 secs] [Times: user=0.00 sys=0.00, real=0.01 secs] 
180.152: Total time for which application threads were stopped: 0.0006040 seconds, Stopping threads took: 0.0000510 seconds
180.232: Application time: 0.0795930 seconds
180.232: [GC [PSYoungGen: 20027K->544K(20480K)] 43953K->24493K(51200K), 0.0004880 secs] [Times: user=0.00 sys=0.00, real=0.00 secs] 
180.232: Total time for which application threads were stopped: 0.0006100 seconds, Stopping threads took: 0.0000460 seconds
180.325: Application time: 0.0930090 seconds
180.325: [GC [PSYoungGen: 19999K->320K(20480K)] 43949K->24501K(51200K), 0.0004740 secs] [Times: user=0.00 sys=0.00, real=0.00 secs] 
180.326: Total time for which application threads were stopped: 0.0006220 seconds, Stopping threads took: 0.0000850 seconds
180.398: Application time: 0.0723340 seconds
180.398: [GC [PSYoungGen: 19773K->384K(20480K)] 43954K->24778K(51200K), 0.0004510 secs] [Times: user=0.00 sys=0.00, real=0.00 secs] 
180.399: Total time for which application threads were stopped: 0.0005740 seconds, Stopping threads took: 0.0000610 seconds
180.491: Application time: 0.0925010 seconds
180.492: [GC [PSYoungGen: 19836K->352K(20480K)] 44230K->24762K(51200K), 0.0004450 secs] [Times: user=0.00 sys=0.00, real=0.01 secs] 
180.492: Total time for which application threads were stopped: 0.0005750 seconds, Stopping threads took: 0.0000650 seconds
180.584: Application time: 0.0917610 seconds
180.584: [GC [PSYoungGen: 19808K->352K(20480K)] 44218K->25014K(51200K), 0.0005010 secs] [Times: user=0.01 sys=0.00, real=0.00 secs] 
180.584: Total time for which application threads were stopped: 0.0006270 seconds, Stopping threads took: 0.0000520 seconds
180.677: Application time: 0.0923950 seconds
180.677: [GC [PSYoungGen: 19803K->352K(20480K)] 44466K->25270K(51200K), 0.0004810 secs] [Times: user=0.00 sys=0.00, real=0.00 secs] 
180.677: Total time for which application threads were stopped: 0.0006000 seconds, Stopping threads took: 0.0000530 seconds
180.772: Application time: 0.0948220 seconds
180.772: [GC [PSYoungGen: 19805K->0K(20480K)] 44724K->25187K(51200K), 0.0004460 secs] [Times: user=0.00 sys=0.00, real=0.00 secs] 
180.773: Total time for which application threads were stopped: 0.0005870 seconds, Stopping threads took: 0.0000640 seconds
180.852: Application time: 0.0795890 seconds
180.852: [GC [PSYoungGen: 19454K->544K(20480K)] 44641K->25731K(51200K), 0.0004370 secs] [Times: user=0.00 sys=0.00, real=0.00 secs] 
180.853: Total time for which application threads were stopped: 0.0005520 seconds, Stopping threads took: 0.0000500 seconds
180.933: Application time: 0.0804070 seconds
180.933: [GC [PSYoungGen: 19996K->544K(20480K)] 45183K->25951K(51200K), 0.0005720 secs] [Times: user=0.00 sys=0.00, real=0.00 secs] 
180.934: Total time for which application threads were stopped: 0.0006980 seconds, Stopping threads took: 0.0000640 seconds
181.010: Application time: 0.0764250 seconds
181.011: [GC [PSYoungGen: 19999K->544K(20480K)] 45406K->26007K(51200K), 0.0004630 secs] [Times: user=0.00 sys=0.00, real=0.00 secs] 
181.011: Total time for which application threads were stopped: 0.0006010 seconds, Stopping threads took: 0.0000740 seconds
181.083: Application time: 0.0715210 seconds
181.083: [GC [PSYoungGen: 19998K->544K(20480K)] 45462K->26268K(51200K), 0.0005240 secs] [Times: user=0.00 sys=0.00, real=0.00 secs] 
181.083: Total time for which application threads were stopped: 0.0006420 seconds, Stopping threads took: 0.0000550 seconds
181.137: Application time: 0.0537860 seconds
181.137: [GC [PSYoungGen: 19996K->800K(20480K)] 45720K->26784K(51200K), 0.0005740 secs] [Times: user=0.01 sys=0.00, real=0.00 secs] 
181.138: Total time for which application threads were stopped: 0.0006880 seconds, Stopping threads took: 0.0000490 seconds
181.220: Application time: 0.0825950 seconds
181.220: [GC [PSYoungGen: 20253K->800K(19968K)] 46238K->26888K(50688K), 0.0005560 secs] [Times: user=0.00 sys=0.00, real=0.00 secs] 
181.221: Total time for which application threads were stopped: 0.0006920 seconds, Stopping threads took: 0.0000720 seconds
181.309: Application time: 0.0884620 seconds
181.310: [GC [PSYoungGen: 19743K->288K(20480K)] 45832K->26985K(51200K), 0.0005730 secs] [Times: user=0.00 sys=0.00, real=0.00 secs] 
181.310: Total time for which application threads were stopped: 0.0007200 seconds, Stopping threads took: 0.0000700 seconds
181.399: Application time: 0.0887270 seconds
181.399: [GC [PSYoungGen: 19227K->384K(19456K)] 45925K->27294K(50176K), 0.0004930 secs] [Times: user=0.00 sys=0.00, real=0.00 secs] 
181.400: Total time for which application threads were stopped: 0.0006200 seconds, Stopping threads took: 0.0000600 seconds
181.491: Application time: 0.0911710 seconds
181.491: [GC [PSYoungGen: 19327K->0K(19968K)] 46238K->27115K(50688K), 0.0004990 secs] [Times: user=0.00 sys=0.00, real=0.00 secs] 
181.491: Total time for which application threads were stopped: 0.0006440 seconds, Stopping threads took: 0.0000810 seconds
181.578: Application time: 0.0871170 seconds
181.579: [GC [PSYoungGen: 18941K->864K(19456K)] 46056K->27979K(50176K), 0.0005190 secs] [Times: user=0.00 sys=0.00, real=0.00 secs] 
181.579: Total time for which application threads were stopped: 0.0006300 seconds, Stopping threads took: 0.0000490 seconds
181.668: Application time: 0.0888660 seconds
181.668: [GC [PSYoungGen: 19295K->320K(19968K)] 46410K->27860K(50688K), 0.0005030 secs] [Times: user=0.00 sys=0.00, real=0.00 secs] 
181.669: Total time for which application threads were stopped: 0.0006240 seconds, Stopping threads took: 0.0000540 seconds
181.759: Application time: 0.0901770 seconds
181.759: [GC [PSYoungGen: 18748K->0K(19968K)] 46288K->27776K(50688K), 0.0004960 secs] [Times: user=0.00 sys=0.00, real=0.00 secs] 
181.759: Total time for which application threads were stopped: 0.0006190 seconds, Stopping threads took: 0.0000570 seconds
181.850: Application time: 0.0901640 seconds
181.850: [GC [PSYoungGen: 18430K->0K(19968K)] 46207K->27776K(50688K), 0.0004060 secs] [Times: user=0.00 sys=0.00, real=0.00 secs] 
181.850: Total time for which application threads were stopped: 0.0005310 seconds, Stopping threads took: 0.0000520 seconds
181.931: Application time: 0.0810290 seconds
181.931: [GC [PSYoungGen: 18430K->320K(18944K)] 46206K->28096K(49664K), 0.0005230 secs] [Times: user=0.00 sys=0.00, real=0.01 secs] 
181.933: Total time for which application threads were stopped: 0.0016410 seconds, Stopping threads took: 0.0000460 seconds
182.007: Application time: 0.0737770 seconds
182.007: [GC [PSYoungGen: 18750K->512K(19456K)] 46526K->28304K(50176K), 0.0004910 secs] [Times: user=0.01 sys=0.00, real=0.00 secs] 
182.007: Total time for which application threads were stopped: 0.0006220 seconds, Stopping threads took: 0.0000650 seconds
182.076: Application time: 0.0691890 seconds
182.076: [GC [PSYoungGen: 18942K->544K(19456K)] 46735K->28352K(50176K), 0.0004690 secs] [Times: user=0.00 sys=0.00, real=0.00 secs] 
182.077: Total time for which application threads were stopped: 0.0005940 seconds, Stopping threads took: 0.0000600 seconds
182.165: Application time: 0.0880580 seconds
182.165: [GC [PSYoungGen: 18974K->384K(19456K)] 46782K->28413K(50176K), 0.0004800 secs] [Times: user=0.00 sys=0.00, real=0.00 secs] 
182.166: Total time for which application threads were stopped: 0.0005960 seconds, Stopping threads took: 0.0000550 seconds
182.241: Application time: 0.0755530 seconds
182.241: [GC [PSYoungGen: 18814K->320K(19456K)] 46844K->28561K(50176K), 0.0004890 secs] [Times: user=0.00 sys=0.00, real=0.00 secs] 
182.242: Total time for which application threads were stopped: 0.0006000 seconds, Stopping threads took: 0.0000460 seconds
182.322: Application time: 0.0798440 seconds
182.322: [GC [PSYoungGen: 18750K->352K(19456K)] 46991K->28609K(50176K), 0.0004200 secs] [Times: user=0.00 sys=0.00, real=0.00 secs] 
182.322: Total time for which application threads were stopped: 0.0005620 seconds, Stopping threads took: 0.0000760 seconds
182.407: Application time: 0.0845920 seconds
182.407: [GC [PSYoungGen: 18780K->544K(19456K)] 47038K->28809K(50176K), 0.0005460 secs] [Times: user=0.00 sys=0.00, real=0.00 secs] 
182.407: Total time for which application threads were stopped: 0.0006750 seconds, Stopping threads took: 0.0000610 seconds
182.494: Application time: 0.0869840 seconds
182.495: [GC [PSYoungGen: 18974K->384K(19456K)] 47240K->29250K(50176K), 0.0005300 secs] [Times: user=0.00 sys=0.00, real=0.00 secs] 
182.495: Total time for which application threads were stopped: 0.0006550 seconds, Stopping threads took: 0.0000590 seconds
182.584: Application time: 0.0892620 seconds
182.584: [GC [PSYoungGen: 18812K->0K(19456K)] 47679K->29119K(50176K), 0.0004300 secs] [Times: user=0.01 sys=0.00, real=0.00 secs] 
182.585: Total time for which application threads were stopped: 0.0005580 seconds, Stopping threads took: 0.0000650 seconds
182.675: Application time: 0.0896910 seconds
182.675: [GC [PSYoungGen: 18427K->0K(19456K)] 47547K->29119K(50176K), 0.0004230 secs] [Times: user=0.00 sys=0.00, real=0.00 secs] 
182.675: Total time for which application threads were stopped: 0.0005440 seconds, Stopping threads took: 0.0000580 seconds
182.743: Application time: 0.0677010 seconds
182.743: [GC [PSYoungGen: 18428K->480K(19456K)] 47547K->29599K(50176K), 0.0005310 secs] [Times: user=0.00 sys=0.00, real=0.00 secs] 
182.744: Total time for which application threads were stopped: 0.0006830 seconds, Stopping threads took: 0.0000860 seconds
182.817: Application time: 0.0736240 seconds
182.817: [GC [PSYoungGen: 18910K->544K(19456K)] 48030K->29887K(50176K), 0.0005120 secs] [Times: user=0.00 sys=0.00, real=0.00 secs] 
182.818: Total time for which application threads were stopped: 0.0006330 seconds, Stopping threads took: 0.0000570 seconds
182.897: Application time: 0.0787640 seconds
182.897: [GC [PSYoungGen: 18974K->400K(19456K)] 48318K->29991K(50176K), 0.0005010 secs] [Times: user=0.00 sys=0.00, real=0.00 secs] 
182.897: Total time for which application threads were stopped: 0.0006240 seconds, Stopping threads took: 0.0000600 seconds
182.965: Application time: 0.0682070 seconds
182.966: [GC [PSYoungGen: 18827K->576K(19456K)] 48419K->30223K(50176K), 0.0005310 secs] [Times: user=0.00 sys=0.00, real=0.00 secs] 
182.966: Total time for which application threads were stopped: 0.0006720 seconds, Stopping threads took: 0.0000670 seconds
183.015: Application time: 0.0487360 seconds
183.015: [GC [PSYoungGen: 19006K->784K(19456K)] 48654K->30679K(50176K), 0.0005360 secs] [Times: user=0.00 sys=0.00, real=0.00 secs] 
183.015: Total time for which application threads were stopped: 0.0006700 seconds, Stopping threads took: 0.0000690 seconds
183.093: Application time: 0.0770680 seconds
183.093: [GC [PSYoungGen: 19214K->736K(19456K)] 49109K->30727K(50176K), 0.0005280 secs] [Times: user=0.00 sys=0.00, real=0.00 secs] 
183.093: Total time for which application threads were stopped: 0.0006690 seconds, Stopping threads took: 0.0000780 seconds
183.178: Application time: 0.0851650 seconds
183.178: [GC [PSYoungGen: 19168K->544K(19456K)] 49159K->30936K(50176K), 0.0005440 secs] [Times: user=0.00 sys=0.00, real=0.00 secs] 
183.179: [Full GC [PSYoungGen: 544K->0K(19456K)] [ParOldGen: 30392K->4410K(29696K)] 30936K->4410K(49152K) [PSPermGen: 5578K->5578K(21504K)], 0.0062090 secs] [Times: user=0.03 sys=0.00, real=0.01 secs] 
183.185: Total time for which application threads were stopped: 0.0069230 seconds, Stopping threads took: 0.0000570 seconds
183.272: Application time: 0.0871070 seconds
183.273: [GC [PSYoungGen: 18430K->384K(19456K)] 22840K->4794K(49152K), 0.0004010 secs] [Times: user=0.00 sys=0.00, real=0.00 secs] 
183.273: Total time for which application threads were stopped: 0.0005070 seconds, Stopping threads took: 0.0000470 seconds
183.354: Application time: 0.0811850 seconds
183.354: [GC [PSYoungGen: 18814K->0K(19456K)] 23224K->4631K(49152K), 0.0003720 secs] [Times: user=0.00 sys=0.00, real=0.00 secs] 
183.355: Total time for which application threads were stopped: 0.0004980 seconds, Stopping threads took: 0.0000660 seconds
183.433: Application time: 0.0787680 seconds
183.433: [GC [PSYoungGen: 18432K->672K(19456K)] 23063K->5303K(49152K), 0.0004460 secs] [Times: user=0.01 sys=0.00, real=0.00 secs] 
183.434: Total time for which application threads were stopped: 0.0005580 seconds, Stopping threads took: 0.0000540 seconds
183.513: Application time: 0.0790680 seconds
183.513: [GC [PSYoungGen: 19103K->544K(19456K)] 23734K->5395K(49152K), 0.0004900 secs] [Times: user=0.00 sys=0.00, real=0.00 secs] 
183.514: Total time for which application threads were stopped: 0.0006360 seconds, Stopping threads took: 0.0000740 seconds
183.596: Application time: 0.0825660 seconds
183.596: [GC [PSYoungGen: 18974K->0K(19456K)] 23826K->5280K(49152K), 0.0004330 secs] [Times: user=0.00 sys=0.00, real=0.00 secs] 
183.597: Total time for which application threads were stopped: 0.0005540 seconds, Stopping threads took: 0.0000570 seconds
183.679: Application time: 0.0822020 seconds
183.679: [GC [PSYoungGen: 18432K->0K(19968K)] 23712K->5280K(49664K), 0.0004190 secs] [Times: user=0.00 sys=0.00, real=0.00 secs] 
183.680: Total time for which application threads were stopped: 0.0005460 seconds, Stopping threads took: 0.0000670 seconds
183.757: Application time: 0.0775450 seconds
183.757: [GC [PSYoungGen: 18428K->288K(18944K)] 23708K->5568K(48640K), 0.0004200 secs] [Times: user=0.00 sys=0.00, real=0.00 secs] 
183.758: Total time for which application threads were stopped: 0.0005360 seconds, Stopping threads took: 0.0000550 seconds
183.823: Application time: 0.0658120 seconds
183.824: [GC [PSYoungGen: 18718K->384K(19456K)] 23999K->5672K(49152K), 0.0004140 secs] [Times: user=0.00 sys=0.00, real=0.00 secs] 
183.824: Total time for which application threads were stopped: 0.0005320 seconds, Stopping threads took: 0.0000570 seconds
183.884: Application time: 0.0605100 seconds
183.885: [GC [PSYoungGen: 18812K->512K(19456K)] 24101K->5816K(49152K), 0.0004370 secs] [Times: user=0.01 sys=0.00, real=0.00 secs] 
183.885: Total time for which application threads were stopped: 0.0005590 seconds, Stopping threads took: 0.0000620 seconds
183.965: Application time: 0.0800290 seconds
183.965: [GC [PSYoungGen: 18942K->352K(19456K)] 24246K->5868K(49152K), 0.0004140 secs] [Times: user=0.00 sys=0.00, real=0.00 secs] 
183.966: Total time for which application threads were stopped: 0.0005350 seconds, Stopping threads took: 0.0000610 seconds
184.036: Application time: 0.0705570 seconds
184.036: [GC [PSYoungGen: 18783K->384K(19456K)] 24300K->6121K(49152K), 0.0004080 secs] [Times: user=0.00 sys=0.00, real=0.00 secs] 
184.037: Total time for which application threads were stopped: 0.0005330 seconds, Stopping threads took: 0.0000580 seconds
184.108: Application time: 0.0709200 seconds
184.108: [GC [PSYoungGen: 18814K->352K(19456K)] 24551K->6113K(49152K), 0.0003950 secs] [Times: user=0.00 sys=0.00, real=0.00 secs] 
184.108: Total time for which application threads were stopped: 0.0005090 seconds, Stopping threads took: 0.0000490 seconds
184.186: Application time: 0.0776310 seconds
184.186: [GC [PSYoungGen: 18780K->576K(19456K)] 24541K->6345K(49152K), 0.0004260 secs] [Times: user=0.00 sys=0.00, real=0.00 secs] 
184.186: Total time for which application threads were stopped: 0.0005340 seconds, Stopping threads took: 0.0000480 seconds
184.265: Application time: 0.0790700 seconds
184.265: [GC [PSYoungGen: 19006K->384K(19456K)] 24775K->6634K(49152K), 0.0004710 secs] [Times: user=0.00 sys=0.00, real=0.00 secs] 
184.266: Total time for which application threads were stopped: 0.0005880 seconds, Stopping threads took: 0.0000560 seconds
184.348: Application time: 0.0815740 seconds
184.348: [GC [PSYoungGen: 18811K->0K(19456K)] 25061K->6498K(49152K), 0.0004250 secs] [Times: user=0.00 sys=0.00, real=0.00 secs] 
184.348: Total time for which application threads were stopped: 0.0005430 seconds, Stopping threads took: 0.0000510 seconds
184.430: Application time: 0.0815220 seconds
184.430: [GC [PSYoungGen: 18430K->0K(19456K)] 24928K->6498K(49152K), 0.0003970 secs] [Times: user=0.00 sys=0.00, real=0.00 secs] 
184.430: Total time for which application threads were stopped: 0.0007170 seconds, Stopping threads took: 0.0002550 seconds
184.494: Application time: 0.0635650 seconds
184.494: [GC [PSYoungGen: 18430K->544K(19456K)] 24928K->7042K(49152K), 0.0004340 secs] [Times: user=0.00 sys=0.00, real=0.00 secs] 
184.494: Total time for which application threads were stopped: 0.0005450 seconds, Stopping threads took: 0.0000470 seconds
184.559: Application time: 0.0642190 seconds
184.559: [GC [PSYoungGen: 18972K->576K(19456K)] 25470K->7310K(49152K), 0.0005040 secs] [Times: user=0.01 sys=0.00, real=0.00 secs] 
184.559: Total time for which application threads were stopped: 0.0006240 seconds, Stopping threads took: 0.0000480 seconds
184.631: Application time: 0.0718890 seconds
184.631: [GC [PSYoungGen: 19006K->544K(19456K)] 25741K->7350K(49152K), 0.0004130 secs] [Times: user=0.00 sys=0.00, real=0.00 secs] 
184.632: Total time for which application threads were stopped: 0.0005280 seconds, Stopping threads took: 0.0000480 seconds
184.699: Application time: 0.0668130 seconds
184.699: [GC [PSYoungGen: 18975K->640K(19456K)] 25781K->7699K(49152K), 0.0004520 secs] [Times: user=0.00 sys=0.00, real=0.00 secs] 
184.699: Total time for which application threads were stopped: 0.0005760 seconds, Stopping threads took: 0.0000650 seconds
184.751: Application time: 0.0520100 seconds
184.751: [GC [PSYoungGen: 19070K->800K(19456K)] 26129K->8103K(49152K), 0.0005330 secs] [Times: user=0.00 sys=0.00, real=0.01 secs] 
184.752: Total time for which application threads were stopped: 0.0006360 seconds, Stopping threads took: 0.0000420 seconds
184.812: Application time: 0.0605840 seconds
184.812: [GC [PSYoungGen: 19227K->704K(19968K)] 26531K->8095K(49664K), 0.0004950 secs] [Times: user=0.00 sys=0.00, real=0.00 secs] 
184.813: Total time for which application threads were stopped: 0.0006290 seconds, Stopping threads took: 0.0000660 seconds
184.889: Application time: 0.0759260 seconds
184.889: [GC [PSYoungGen: 19135K->704K(19968K)] 26527K->8324K(49664K), 0.0004750 secs] [Times: user=0.00 sys=0.00, real=0.00 secs] 
184.889: Total time for which application threads were stopped: 0.0006000 seconds, Stopping threads took: 0.0000620 seconds
184.969: Application time: 0.0790190 seconds
184.969: [GC [PSYoungGen: 19133K->352K(19968K)] 26753K->8570K(49664K), 0.0004790 secs] [Times: user=0.00 sys=0.00, real=0.00 secs] 
184.969: Total time for which application threads were stopped: 0.0005970 seconds, Stopping threads took: 0.0000550 seconds
185.050: Application time: 0.0807870 seconds
185.050: [GC [PSYoungGen: 18780K->0K(19968K)] 26998K->8438K(49664K), 0.0004470 secs] [Times: user=0.00 sys=0.00, real=0.00 secs] 
185.050: Total time for which application threads were stopped: 0.0005710 seconds, Stopping threads took: 0.0000600 seconds
185.130: Application time: 0.0792250 seconds
185.130: [GC [PSYoungGen: 18431K->384K(19968K)] 26870K->8822K(49664K), 0.0003980 secs] [Times: user=0.00 sys=0.00, real=0.00 secs] 
185.130: Total time for which application threads were stopped: 0.0005230 seconds, Stopping threads took: 0.0000520 seconds
185.208: Application time: 0.0777960 seconds
185.208: [GC [PSYoungGen: 18813K->544K(19456K)] 27251K->9203K(49152K), 0.0004570 secs] [Times: user=0.00 sys=0.00, real=0.00 secs] 
185.209: Total time for which application threads were stopped: 0.0005780 seconds, Stopping threads took: 0.0000600 seconds
185.291: Application time: 0.0819910 seconds
185.291: [GC [PSYoungGen: 18972K->0K(18944K)] 27631K->9076K(48640K), 0.0004460 secs] [Times: user=0.00 sys=0.00, real=0.00 secs] 
185.291: Total time for which application threads were stopped: 0.0005630 seconds, Stopping threads took: 0.0000530 seconds
185.371: Application time: 0.0796220 seconds
185.371: [GC [PSYoungGen: 17916K->0K(19456K)] 26992K->9076K(49152K), 0.0003950 secs] [Times: user=0.00 sys=0.00, real=0.00 secs] 
185.371: Total time for which application threads were stopped: 0.0005140 seconds, Stopping threads took: 0.0000560 seconds
185.450: Application time: 0.0783460 seconds
185.450: [GC [PSYoungGen: 17915K->352K(18432K)] 26992K->9428K(48128K), 0.0004390 secs] [Times: user=0.00 sys=0.00, real=0.00 secs] 
185.450: Total time for which application threads were stopped: 0.0005580 seconds, Stopping threads took: 0.0000560 seconds
185.511: Application time: 0.0612710 seconds
185.512: [GC [PSYoungGen: 18271K->320K(18944K)] 27347K->9404K(48640K), 0.0003790 secs] [Times: user=0.00 sys=0.00, real=0.01 secs] 
185.512: Total time for which application threads were stopped: 0.0005070 seconds, Stopping threads took: 0.0000670 seconds
185.575: Application time: 0.0626590 seconds
185.575: [GC [PSYoungGen: 18238K->512K(18944K)] 27322K->9604K(48640K), 0.0004570 secs] [Times: user=0.01 sys=0.00, real=0.00 secs] 
185.575: Total time for which application threads were stopped: 0.0005790 seconds, Stopping threads took: 0.0000580 seconds
185.649: Application time: 0.0735340 seconds
185.649: [GC [PSYoungGen: 18431K->192K(18944K)] 27523K->9500K(48640K), 0.0004060 secs] [Times: user=0.01 sys=0.00, real=0.00 secs] 
185.649: Total time for which application threads were stopped: 0.0005500 seconds, Stopping threads took: 0.0000710 seconds
185.723: Application time: 0.0738410 seconds
185.723: [GC [PSYoungGen: 18110K->416K(18944K)] 27419K->9780K(48640K), 0.0004970 secs] [Times: user=0.00 sys=0.00, real=0.00 secs] 
185.724: Total time for which application threads were stopped: 0.0006150 seconds, Stopping threads took: 0.0000560 seconds
185.787: Application time: 0.0628130 seconds
185.787: [GC [PSYoungGen: 18334K->320K(18944K)] 27698K->9852K(48640K), 0.0004110 secs] [Times: user=0.00 sys=0.00, real=0.00 secs] 
185.787: Total time for which application threads were stopped: 0.0005360 seconds, Stopping threads took: 0.0000610 seconds
185.864: Application time: 0.0767310 seconds
185.864: [GC [PSYoungGen: 18238K->288K(18944K)] 27770K->9836K(48640K), 0.0004600 secs] [Times: user=0.00 sys=0.00, real=0.00 secs] 
185.864: Total time for which application threads were stopped: 0.0005700 seconds, Stopping threads took: 0.0000520 seconds
185.941: Application time: 0.0766380 seconds
185.941: [GC [PSYoungGen: 18206K->320K(18944K)] 27754K->10120K(48640K), 0.0004440 secs] [Times: user=0.00 sys=0.00, real=0.00 secs] 
185.942: Total time for which application threads were stopped: 0.0005810 seconds, Stopping threads took: 0.0000730 seconds
186.019: Application time: 0.0771210 seconds
186.019: [GC [PSYoungGen: 18238K->416K(18944K)] 28039K->10472K(48640K), 0.0004510 secs] [Times: user=0.01 sys=0.00, real=0.00 secs] 
186.019: Total time for which application threads were stopped: 0.0005700 seconds, Stopping threads took: 0.0000590 seconds
186.099: Application time: 0.0794260 seconds
186.099: [GC [PSYoungGen: 18334K->0K(18944K)] 28391K->10305K(48640K), 0.0004440 secs] [Times: user=0.00 sys=0.00, real=0.00 secs] 
186.099: Total time for which application threads were stopped: 0.0005650 seconds, Stopping threads took: 0.0000600 seconds
186.171: Application time: 0.0716500 seconds
186.171: [GC [PSYoungGen: 17916K->512K(18944K)] 28221K->10817K(48640K), 0.0004840 secs] [Times: user=0.00 sys=0.00, real=0.00 secs] 
186.172: Total time for which application threads were stopped: 0.0006050 seconds, Stopping threads took: 0.0000510 seconds
186.237: Application time: 0.0650460 seconds
186.237: [GC [PSYoungGen: 18427K->288K(18944K)] 28732K->10809K(48640K), 0.0004680 secs] [Times: user=0.00 sys=0.00, real=0.00 secs] 
186.237: Total time for which application threads were stopped: 0.0005830 seconds, Stopping threads took: 0.0000530 seconds
186.295: Application time: 0.0579360 seconds
186.295: [GC [PSYoungGen: 18204K->544K(18944K)] 28725K->11121K(48640K), 0.0005520 secs] [Times: user=0.00 sys=0.00, real=0.00 secs] 
186.296: Total time for which application threads were stopped: 0.0006650 seconds, Stopping threads took: 0.0000510 seconds
186.371: Application time: 0.0756140 seconds
186.372: [GC [PSYoungGen: 18461K->480K(18944K)] 29038K->11305K(48640K), 0.0004780 secs] [Times: user=0.00 sys=0.00, real=0.01 secs] 
186.372: Total time for which application threads were stopped: 0.0006090 seconds, Stopping threads took: 0.0000690 seconds
186.433: Application time: 0.0605970 seconds
186.436: [GC [PSYoungGen: 18399K->416K(18944K)] 29224K->11465K(48640K), 0.0004580 secs] [Times: user=0.00 sys=0.00, real=0.00 secs] 
186.436: Total time for which application threads were stopped: 0.0036060 seconds, Stopping threads took: 0.0030820 seconds
186.488: Application time: 0.0516770 seconds
186.488: [GC [PSYoungGen: 18335K->800K(18944K)] 29385K->11905K(48640K), 0.0004850 secs] [Times: user=0.00 sys=0.00, real=0.00 secs] 
186.489: Total time for which application threads were stopped: 0.0005930 seconds, Stopping threads took: 0.0000470 seconds
186.551: Application time: 0.0628520 seconds
186.551: [GC [PSYoungGen: 18715K->512K(18944K)] 29820K->11901K(48640K), 0.0005340 secs] [Times: user=0.00 sys=0.00, real=0.01 secs] 
186.552: Total time for which application threads were stopped: 0.0006420 seconds, Stopping threads took: 0.0000460 seconds
186.626: Application time: 0.0739860 seconds
186.626: [GC [PSYoungGen: 18431K->768K(18944K)] 29820K->12173K(48640K), 0.0004500 secs] [Times: user=0.00 sys=0.00, real=0.00 secs] 
186.627: Total time for which application threads were stopped: 0.0005850 seconds, Stopping threads took: 0.0000750 seconds
186.703: Application time: 0.0766350 seconds
186.703: [GC [PSYoungGen: 18687K->384K(18944K)] 30093K->12395K(48640K), 0.0004920 secs] [Times: user=0.00 sys=0.00, real=0.00 secs] 
186.704: Total time for which application threads were stopped: 0.0006290 seconds, Stopping threads took: 0.0000680 seconds
186.783: Application time: 0.0791110 seconds
186.783: [GC [PSYoungGen: 18302K->0K(18944K)] 30313K->12232K(48640K), 0.0003980 secs] [Times: user=0.01 sys=0.00, real=0.00 secs] 
186.784: Total time for which application threads were stopped: 0.0005300 seconds, Stopping threads took: 0.0000630 seconds
186.861: Application time: 0.0778180 seconds
186.861: [GC [PSYoungGen: 17919K->288K(18944K)] 30151K->12520K(48640K), 0.0004580 secs] [Times: user=0.01 sys=0.00, real=0.00 secs] 
186.862: Total time for which application threads were stopped: 0.0005800 seconds, Stopping threads took: 0.0000600 seconds
186.938: Application time: 0.0757740 seconds
186.938: [GC [PSYoungGen: 18204K->512K(18944K)] 30436K->12956K(48640K), 0.0004690 secs] [Times: user=0.00 sys=0.00, real=0.00 secs] 
186.939: Total time for which application threads were stopped: 0.0016380 seconds, Stopping threads took: 0.0000530 seconds
187.019: Application time: 0.0797210 seconds
187.019: [GC [PSYoungGen: 18428K->0K(18944K)] 30872K->12869K(48640K), 0.0004280 secs] [Times: user=0.00 sys=0.00, real=0.00 secs] 
187.020: Total time for which application threads were stopped: 0.0005520 seconds, Stopping threads took: 0.0000610 seconds
187.099: Application time: 0.0796250 seconds
187.099: [GC [PSYoungGen: 17916K->0K(18944K)] 30785K->12869K(48640K), 0.0003540 secs] [Times: user=0.00 sys=0.00, real=0.00 secs] 
187.100: Total time for which application threads were stopped: 0.0004710 seconds, Stopping threads took: 0.0000530 seconds
187.171: Application time: 0.0711160 seconds
187.171: [GC [PSYoungGen: 17919K->384K(18944K)] 30789K->13253K(48640K), 0.0003900 secs] [Times: user=0.00 sys=0.00, real=0.00 secs] 
187.171: Total time for which application threads were stopped: 0.0005240 seconds, Stopping threads took: 0.0000740 seconds
187.239: Application time: 0.0675880 seconds
187.239: [GC [PSYoungGen: 18302K->352K(18944K)] 31171K->13237K(48640K), 0.0003730 secs] [Times: user=0.00 sys=0.00, real=0.00 secs] 
187.239: Total time for which application threads were stopped: 0.0005170 seconds, Stopping threads took: 0.0000710 seconds
187.299: Application time: 0.0593060 seconds
187.299: [GC [PSYoungGen: 18270K->512K(18944K)] 31156K->13405K(48640K), 0.0004330 secs] [Times: user=0.00 sys=0.00, real=0.00 secs] 
187.299: Total time for which application threads were stopped: 0.0005340 seconds, Stopping threads took: 0.0000400 seconds
187.376: Application time: 0.0762450 seconds
187.376: [GC [PSYoungGen: 18429K->288K(18944K)] 31323K->13389K(48640K), 0.0004810 secs] [Times: user=0.01 sys=0.00, real=0.00 secs] 
187.376: Total time for which application threads were stopped: 0.0006190 seconds, Stopping threads took: 0.0000780 seconds
187.442: Application time: 0.0653890 seconds
187.442: [GC [PSYoungGen: 18204K->416K(18944K)] 31306K->13754K(48640K), 0.0004000 secs] [Times: user=0.00 sys=0.00, real=0.00 secs] 
187.442: Total time for which application threads were stopped: 0.0005130 seconds, Stopping threads took: 0.0000520 seconds
187.514: Application time: 0.0719510 seconds
187.514: [GC [PSYoungGen: 18332K->224K(18944K)] 31670K->13570K(48640K), 0.0005060 secs] [Times: user=0.00 sys=0.00, real=0.00 secs] 
187.515: Total time for which application threads were stopped: 0.0006430 seconds, Stopping threads took: 0.0000710 seconds
187.590: Application time: 0.0752310 seconds
187.590: [GC [PSYoungGen: 18140K->608K(18944K)] 31486K->13962K(48640K), 0.0004440 secs] [Times: user=0.01 sys=0.00, real=0.00 secs] 
187.590: Total time for which application threads were stopped: 0.0005690 seconds, Stopping threads took: 0.0000670 seconds
187.669: Application time: 0.0787390 seconds
187.669: [GC [PSYoungGen: 18524K->0K(18944K)] 31878K->13830K(48640K), 0.0004540 secs] [Times: user=0.00 sys=0.00, real=0.00 secs] 
187.670: Total time for which application threads were stopped: 0.0005780 seconds, Stopping threads took: 0.0000620 seconds
187.747: Application time: 0.0772200 seconds
187.747: [GC [PSYoungGen: 17915K->384K(18944K)] 31746K->14214K(48640K), 0.0004190 secs] [Times: user=0.00 sys=0.00, real=0.00 secs] 
187.748: Total time for which application threads were stopped: 0.0005480 seconds, Stopping threads took: 0.0000590 seconds
187.827: Application time: 0.0792970 seconds
187.827: [GC [PSYoungGen: 18302K->0K(18944K)] 32132K->14083K(48640K), 0.0004170 secs] [Times: user=0.00 sys=0.00, real=0.00 secs] 
187.827: Total time for which application threads were stopped: 0.0005270 seconds, Stopping threads took: 0.0000470 seconds
187.899: Application time: 0.0714900 seconds
187.899: [GC [PSYoungGen: 17919K->576K(18944K)] 32002K->14659K(48640K), 0.0004270 secs] [Times: user=0.00 sys=0.00, real=0.00 secs] 
187.899: Total time for which application threads were stopped: 0.0005420 seconds, Stopping threads took: 0.0000550 seconds
187.960: Application time: 0.0605230 seconds
187.960: [GC [PSYoungGen: 18492K->480K(18944K)] 32576K->14776K(48640K), 0.0004690 secs] [Times: user=0.00 sys=0.00, real=0.00 secs] 
187.961: Total time for which application threads were stopped: 0.0006020 seconds, Stopping threads took: 0.0000730 seconds
188.023: Application time: 0.0620590 seconds
188.023: [GC [PSYoungGen: 18400K->544K(18944K)] 32696K->14904K(48640K), 0.0004330 secs] [Times: user=0.00 sys=0.00, real=0.00 secs] 
188.023: Total time for which application threads were stopped: 0.0005590 seconds, Stopping threads took: 0.0000650 seconds
188.093: Application time: 0.0700810 seconds
188.093: [GC [PSYoungGen: 18461K->576K(18944K)] 32821K->15192K(48640K), 0.0004600 secs] [Times: user=0.00 sys=0.00, real=0.00 secs] 
188.094: Total time for which application threads were stopped: 0.0005790 seconds, Stopping threads took: 0.0000570 seconds
188.159: Application time: 0.0651770 seconds
188.160: [GC [PSYoungGen: 18493K->384K(18944K)] 33109K->15268K(48640K), 0.0004620 secs] [Times: user=0.00 sys=0.00, real=0.00 secs] 
188.160: Total time for which application threads were stopped: 0.0012410 seconds, Stopping threads took: 0.0007190 seconds
188.210: Application time: 0.0498600 seconds
188.210: [GC [PSYoungGen: 18299K->800K(18944K)] 33184K->15700K(48640K), 0.0004590 secs] [Times: user=0.00 sys=0.00, real=0.00 secs] 
188.211: Total time for which application threads were stopped: 0.0005790 seconds, Stopping threads took: 0.0000590 seconds
188.275: Application time: 0.0639200 seconds
188.275: [GC [PSYoungGen: 18717K->480K(18944K)] 33618K->15665K(48640K), 0.0004980 secs] [Times: user=0.00 sys=0.00, real=0.00 secs] 
188.275: Total time for which application threads were stopped: 0.0006290 seconds, Stopping threads took: 0.0000570 seconds
188.350: Application time: 0.0748350 seconds
188.350: [GC [PSYoungGen: 18397K->512K(18944K)] 33582K->15901K(48640K), 0.0005130 secs] [Times: user=0.00 sys=0.00, real=0.00 secs] 
188.351: Total time for which application threads were stopped: 0.0006290 seconds, Stopping threads took: 0.0000510 seconds
188.427: Application time: 0.0765160 seconds
188.427: [GC [PSYoungGen: 18429K->416K(18944K)] 33819K->16210K(48640K), 0.0004510 secs] [Times: user=0.00 sys=0.00, real=0.00 secs] 
188.428: Total time for which application threads were stopped: 0.0005780 seconds, Stopping threads took: 0.0000660 seconds
188.506: Application time: 0.0776930 seconds
188.506: [GC [PSYoungGen: 18335K->384K(18944K)] 34130K->16386K(48640K), 0.0004290 secs] [Times: user=0.00 sys=0.00, real=0.00 secs] 
188.506: Total time for which application threads were stopped: 0.0005570 seconds, Stopping threads took: 0.0000680 seconds
188.583: Application time: 0.0766590 seconds
188.583: [GC [PSYoungGen: 18300K->480K(18944K)] 34303K->16498K(48640K), 0.0004160 secs] [Times: user=0.00 sys=0.00, real=0.00 secs] 
188.583: Total time for which application threads were stopped: 0.0005330 seconds, Stopping threads took: 0.0000560 seconds
188.660: Application time: 0.0766030 seconds
188.660: [GC [PSYoungGen: 18397K->544K(18944K)] 34415K->16783K(48640K), 0.0004620 secs] [Times: user=0.00 sys=0.00, real=0.00 secs] 
188.660: Total time for which application threads were stopped: 0.0005720 seconds, Stopping threads took: 0.0000490 seconds
188.741: Application time: 0.0802970 seconds
188.741: [GC [PSYoungGen: 18460K->0K(18944K)] 34699K->16648K(48640K), 0.0004200 secs] [Times: user=0.00 sys=0.00, real=0.00 secs] 
188.741: Total time for which application threads were stopped: 0.0005470 seconds, Stopping threads took: 0.0000610 seconds
188.821: Application time: 0.0795300 seconds
188.821: [GC [PSYoungGen: 17916K->0K(18944K)] 34564K->16648K(48640K), 0.0003720 secs] [Times: user=0.00 sys=0.00, real=0.00 secs] 
188.821: Total time for which application threads were stopped: 0.0004980 seconds, Stopping threads took: 0.0000580 seconds
188.886: Application time: 0.0644500 seconds
188.886: [GC [PSYoungGen: 17918K->352K(18944K)] 34566K->17000K(48640K), 0.0004120 secs] [Times: user=0.00 sys=0.00, real=0.00 secs] 
188.886: Total time for which application threads were stopped: 0.0005240 seconds, Stopping threads took: 0.0000490 seconds
188.960: Application time: 0.0740030 seconds
188.960: [GC [PSYoungGen: 18271K->288K(18944K)] 34919K->16944K(48640K), 0.0004030 secs] [Times: user=0.00 sys=0.00, real=0.00 secs] 
188.961: Total time for which application threads were stopped: 0.0005210 seconds, Stopping threads took: 0.0000580 seconds
189.019: Application time: 0.0585030 seconds
189.020: [GC [PSYoungGen: 18206K->544K(18944K)] 34862K->17208K(48640K), 0.0004420 secs] [Times: user=0.00 sys=0.00, real=0.00 secs] 
189.020: Total time for which application threads were stopped: 0.0009020 seconds, Stopping threads took: 0.0004000 seconds
189.097: Application time: 0.0771520 seconds
189.097: [GC [PSYoungGen: 18463K->288K(18944K)] 35128K->17296K(48640K), 0.0004520 secs] [Times: user=0.00 sys=0.00, real=0.00 secs] 
189.098: Total time for which application threads were stopped: 0.0005730 seconds, Stopping threads took: 0.0000610 seconds
189.157: Application time: 0.0592100 seconds
189.157: [GC [PSYoungGen: 18205K->384K(18944K)] 35213K->17620K(48640K), 0.0004150 secs] [Times: user=0.00 sys=0.00, real=0.00 secs] 
189.158: Total time for which application threads were stopped: 0.0005240 seconds, Stopping threads took: 0.0000480 seconds
189.234: Application time: 0.0765400 seconds
189.234: [GC [PSYoungGen: 18302K->256K(18944K)] 35538K->17508K(48640K), 0.0004160 secs] [Times: user=0.00 sys=0.00, real=0.00 secs] 
189.235: Total time for which application threads were stopped: 0.0005450 seconds, Stopping threads took: 0.0000700 seconds
189.311: Application time: 0.0763040 seconds
189.311: [GC [PSYoungGen: 18174K->320K(18944K)] 35426K->17817K(48640K), 0.0005090 secs] [Times: user=0.01 sys=0.00, real=0.01 secs] 
189.312: Total time for which application threads were stopped: 0.0006240 seconds, Stopping threads took: 0.0000540 seconds
189.390: Application time: 0.0786520 seconds
189.390: [GC [PSYoungGen: 18236K->0K(18944K)] 35733K->17753K(48640K), 0.0004290 secs] [Times: user=0.01 sys=0.00, real=0.00 secs] 
189.391: Total time for which application threads were stopped: 0.0005640 seconds, Stopping threads took: 0.0000640 seconds
189.469: Application time: 0.0776760 seconds
189.469: [GC [PSYoungGen: 17918K->384K(18944K)] 35671K->18137K(48640K), 0.0004280 secs] [Times: user=0.00 sys=0.00, real=0.00 secs] 
189.469: Total time for which application threads were stopped: 0.0005470 seconds, Stopping threads took: 0.0000560 seconds
189.547: Application time: 0.0775560 seconds
189.547: [GC [PSYoungGen: 18303K->416K(18944K)] 36057K->18429K(48640K), 0.0004230 secs] [Times: user=0.00 sys=0.00, real=0.00 secs] 
189.547: Total time for which application threads were stopped: 0.0005410 seconds, Stopping threads took: 0.0000550 seconds
189.616: Application time: 0.0690880 seconds
189.616: [GC [PSYoungGen: 18334K->384K(18944K)] 36348K->18621K(48640K), 0.0004330 secs] [Times: user=0.00 sys=0.00, real=0.00 secs] 
189.617: Total time for which application threads were stopped: 0.0005580 seconds, Stopping threads took: 0.0000640 seconds
189.678: Application time: 0.0608320 seconds
189.678: [GC [PSYoungGen: 18300K->512K(18944K)] 36538K->18765K(48640K), 0.0004360 secs] [Times: user=0.00 sys=0.00, real=0.00 secs] 
189.678: Total time for which application threads were stopped: 0.0005400 seconds, Stopping threads took: 0.0000410 seconds
189.745: Application time: 0.0663040 seconds
189.745: [GC [PSYoungGen: 18427K->560K(18944K)] 36681K->18885K(48640K), 0.0004250 secs] [Times: user=0.00 sys=0.00, real=0.00 secs] 
189.745: Total time for which application threads were stopped: 0.0005610 seconds, Stopping threads took: 0.0000640 seconds
189.813: Application time: 0.0677110 seconds
189.813: [GC [PSYoungGen: 18479K->576K(18944K)] 36804K->19166K(48640K), 0.0004620 secs] [Times: user=0.00 sys=0.00, real=0.00 secs] 
189.813: Total time for which application threads were stopped: 0.0005770 seconds, Stopping threads took: 0.0000560 seconds
189.877: Application time: 0.0638070 seconds
189.877: [GC [PSYoungGen: 18494K->544K(18944K)] 37084K->19382K(48640K), 0.0004650 secs] [Times: user=0.01 sys=0.00, real=0.00 secs] 
189.878: Total time for which application threads were stopped: 0.0005990 seconds, Stopping threads took: 0.0000750 seconds
189.929: Application time: 0.0510540 seconds
189.929: [GC [PSYoungGen: 18461K->768K(18944K)] 37299K->19662K(48640K), 0.0004750 secs] [Times: user=0.00 sys=0.00, real=0.00 secs] 
189.930: Total time for which application threads were stopped: 0.0006100 seconds, Stopping threads took: 0.0000640 seconds
189.996: Application time: 0.0668860 seconds
189.997: [GC [PSYoungGen: 18686K->512K(18944K)] 37580K->19658K(48640K), 0.0004640 secs] [Times: user=0.01 sys=0.00, real=0.00 secs] 
189.997: Total time for which application threads were stopped: 0.0005850 seconds, Stopping threads took: 0.0000570 seconds
190.072: Application time: 0.0747470 seconds
190.072: [GC [PSYoungGen: 18429K->576K(18944K)] 37575K->20071K(48640K), 0.0004830 secs] [Times: user=0.00 sys=0.00, real=0.00 secs] 
190.072: Total time for which application threads were stopped: 0.0006130 seconds, Stopping threads took: 0.0000710 seconds
190.149: Application time: 0.0763580 seconds
190.149: [GC [PSYoungGen: 18495K->384K(18944K)] 37991K->20411K(48640K), 0.0004890 secs] [Times: user=0.01 sys=0.00, real=0.00 secs] 
190.149: Total time for which application threads were stopped: 0.0006160 seconds, Stopping threads took: 0.0000660 seconds
190.227: Application time: 0.0772670 seconds
190.227: [GC [PSYoungGen: 18304K->160K(18944K)] 38331K->20400K(48640K), 0.0004270 secs] [Times: user=0.00 sys=0.00, real=0.00 secs] 
190.227: Total time for which application threads were stopped: 0.0005480 seconds, Stopping threads took: 0.0000580 seconds
190.303: Application time: 0.0759470 seconds
190.303: [GC [PSYoungGen: 18079K->544K(18944K)] 38319K->20832K(48640K), 0.0004350 secs] [Times: user=0.00 sys=0.00, real=0.00 secs] 
190.304: Total time for which application threads were stopped: 0.0005410 seconds, Stopping threads took: 0.0000450 seconds
190.382: Application time: 0.0778540 seconds
190.382: [GC [PSYoungGen: 18463K->512K(18944K)] 38752K->21188K(48640K), 0.0004890 secs] [Times: user=0.00 sys=0.00, real=0.00 secs] 
190.382: Total time for which application threads were stopped: 0.0006190 seconds, Stopping threads took: 0.0000660 seconds
190.462: Application time: 0.0797610 seconds
190.462: [GC [PSYoungGen: 18428K->0K(18944K)] 39105K->20900K(48640K), 0.0003930 secs] [Times: user=0.00 sys=0.00, real=0.00 secs] 
190.462: Total time for which application threads were stopped: 0.0005240 seconds, Stopping threads took: 0.0000600 seconds
190.542: Application time: 0.0795920 seconds
190.542: [GC [PSYoungGen: 17916K->0K(18944K)] 38817K->20900K(48640K), 0.0003840 secs] [Times: user=0.00 sys=0.00, real=0.00 secs] 
190.543: Total time for which application threads were stopped: 0.0004990 seconds, Stopping threads took: 0.0000560 seconds
190.602: Application time: 0.0598380 seconds
190.602: [GC [PSYoungGen: 17917K->352K(18944K)] 38818K->21253K(48640K), 0.0004190 secs] [Times: user=0.00 sys=0.00, real=0.00 secs] 
190.603: Total time for which application threads were stopped: 0.0005320 seconds, Stopping threads took: 0.0000520 seconds
190.679: Application time: 0.0757800 seconds
190.679: [GC [PSYoungGen: 18271K->512K(18944K)] 39172K->21429K(48640K), 0.0004280 secs] [Times: user=0.00 sys=0.00, real=0.00 secs] 
190.679: Total time for which application threads were stopped: 0.0005570 seconds, Stopping threads took: 0.0000680 seconds
190.740: Application time: 0.0610000 seconds
190.740: [GC [PSYoungGen: 18428K->352K(18944K)] 39345K->21481K(48640K), 0.0005000 secs] [Times: user=0.01 sys=0.00, real=0.00 secs] 
190.741: Total time for which application threads were stopped: 0.0006290 seconds, Stopping threads took: 0.0000660 seconds
190.814: Application time: 0.0736260 seconds
190.815: [GC [PSYoungGen: 18269K->480K(18944K)] 39399K->21633K(48640K), 0.0004530 secs] [Times: user=0.01 sys=0.00, real=0.00 secs] 
190.815: Total time for which application threads were stopped: 0.0005720 seconds, Stopping threads took: 0.0000600 seconds
190.878: Application time: 0.0627940 seconds
190.878: [GC [PSYoungGen: 18398K->352K(18944K)] 39552K->21726K(48640K), 0.0004350 secs] [Times: user=0.00 sys=0.00, real=0.00 secs] 
190.878: Total time for which application threads were stopped: 0.0005480 seconds, Stopping threads took: 0.0000500 seconds
190.955: Application time: 0.0766320 seconds
190.955: [GC [PSYoungGen: 18270K->288K(18944K)] 39644K->21678K(48640K), 0.0004390 secs] [Times: user=0.00 sys=0.00, real=0.00 secs] 
190.956: Total time for which application threads were stopped: 0.0005670 seconds, Stopping threads took: 0.0000640 seconds
191.032: Application time: 0.0765340 seconds
191.032: [GC [PSYoungGen: 18206K->384K(18944K)] 39596K->22022K(48640K), 0.0005240 secs] [Times: user=0.00 sys=0.00, real=0.00 secs] 
191.033: Total time for which application threads were stopped: 0.0006490 seconds, Stopping threads took: 0.0000540 seconds
191.110: Application time: 0.0769310 seconds
191.110: [GC [PSYoungGen: 18230K->224K(18944K)] 39868K->22102K(48640K), 0.0004560 secs] [Times: user=0.01 sys=0.00, real=0.00 secs] 
191.110: Total time for which application threads were stopped: 0.0005790 seconds, Stopping threads took: 0.0000580 seconds
191.189: Application time: 0.0786220 seconds
191.189: [GC [PSYoungGen: 18143K->192K(18944K)] 40021K->22194K(48640K), 0.0004280 secs] [Times: user=0.01 sys=0.00, real=0.00 secs] 
191.189: Total time for which application threads were stopped: 0.0005580 seconds, Stopping threads took: 0.0000700 seconds
191.267: Application time: 0.0775140 seconds
191.267: [GC [PSYoungGen: 18111K->352K(18944K)] 40114K->22490K(48640K), 0.0004100 secs] [Times: user=0.00 sys=0.00, real=0.00 secs] 
191.268: Total time for which application threads were stopped: 0.0005320 seconds, Stopping threads took: 0.0000620 seconds
191.331: Application time: 0.0635950 seconds
191.332: [GC [PSYoungGen: 18267K->416K(18944K)] 40406K->22767K(48640K), 0.0004170 secs] [Times: user=0.00 sys=0.00, real=0.00 secs] 
191.332: Total time for which application threads were stopped: 0.0010620 seconds, Stopping threads took: 0.0005840 seconds
191.395: Application time: 0.0626020 seconds
191.395: [GC [PSYoungGen: 18334K->544K(18944K)] 40686K->22903K(48640K), 0.0004340 secs] [Times: user=0.00 sys=0.00, real=0.00 secs] 
191.395: Total time for which application threads were stopped: 0.0005650 seconds, Stopping threads took: 0.0000710 seconds
191.465: Application time: 0.0694320 seconds
191.465: [GC [PSYoungGen: 18462K->544K(18944K)] 40821K->22967K(48640K), 0.0004570 secs] [Times: user=0.00 sys=0.00, real=0.00 secs] 
191.465: Total time for which application threads were stopped: 0.0005860 seconds, Stopping threads took: 0.0000660 seconds
191.531: Application time: 0.0660100 seconds
191.531: [GC [PSYoungGen: 18463K->576K(18944K)] 40886K->23259K(48640K), 0.0004780 secs] [Times: user=0.00 sys=0.00, real=0.01 secs] 
191.532: Total time for which application threads were stopped: 0.0005940 seconds, Stopping threads took: 0.0000530 seconds
191.592: Application time: 0.0604940 seconds
191.593: [GC [PSYoungGen: 18493K->512K(18944K)] 41177K->23440K(48640K), 0.0005140 secs] [Times: user=0.00 sys=0.00, real=0.00 secs] 
191.593: Total time for which application threads were stopped: 0.0006320 seconds, Stopping threads took: 0.0000470 seconds
191.651: Application time: 0.0575780 seconds
191.651: [GC [PSYoungGen: 18428K->768K(18944K)] 41357K->23760K(48640K), 0.0005070 secs] [Times: user=0.01 sys=0.00, real=0.00 secs] 
191.651: Total time for which application threads were stopped: 0.0006250 seconds, Stopping threads took: 0.0000470 seconds
191.717: Application time: 0.0654410 seconds
191.717: [GC [PSYoungGen: 18687K->704K(18944K)] 41679K->23944K(48640K), 0.0005000 secs] [Times: user=0.00 sys=0.00, real=0.00 secs] 
191.717: Total time for which application threads were stopped: 0.0006070 seconds, Stopping threads took: 0.0000490 seconds
191.793: Application time: 0.0755650 seconds
191.793: [GC [PSYoungGen: 18622K->544K(18944K)] 41862K->24008K(48640K), 0.0004750 secs] [Times: user=0.00 sys=0.00, real=0.00 secs] 
191.794: Total time for which application threads were stopped: 0.0006040 seconds, Stopping threads took: 0.0000680 seconds
191.870: Application time: 0.0764490 seconds
191.870: [GC [PSYoungGen: 18462K->352K(18944K)] 41927K->24237K(48640K), 0.0004670 secs] [Times: user=0.00 sys=0.00, real=0.00 secs] 
191.871: Total time for which application threads were stopped: 0.0005940 seconds, Stopping threads took: 0.0000670 seconds
191.948: Application time: 0.0773060 seconds
191.948: [GC [PSYoungGen: 18271K->384K(18944K)] 42157K->24505K(48640K), 0.0004540 secs] [Times: user=0.01 sys=0.00, real=0.00 secs] 
191.950: Total time for which application threads were stopped: 0.0016830 seconds, Stopping threads took: 0.0000810 seconds
192.027: Application time: 0.0774340 seconds
192.027: [GC [PSYoungGen: 18303K->384K(18944K)] 42425K->24734K(48640K), 0.0004540 secs] [Times: user=0.01 sys=0.00, real=0.00 secs] 
192.028: Total time for which application threads were stopped: 0.0005800 seconds, Stopping threads took: 0.0000610 seconds
192.105: Application time: 0.0776050 seconds
192.105: [GC [PSYoungGen: 18301K->384K(18944K)] 42652K->24954K(48640K), 0.0004280 secs] [Times: user=0.00 sys=0.00, real=0.00 secs] 
192.106: Total time for which application threads were stopped: 0.0005690 seconds, Stopping threads took: 0.0000720 seconds
192.185: Application time: 0.0794740 seconds
192.185: [GC [PSYoungGen: 18300K->0K(18944K)] 42870K->24799K(48640K), 0.0004200 secs] [Times: user=0.00 sys=0.00, real=0.00 secs] 
192.186: Total time for which application threads were stopped: 0.0005490 seconds, Stopping threads took: 0.0000650 seconds
192.263: Application time: 0.0768640 seconds
192.263: [GC [PSYoungGen: 17920K->352K(18944K)] 42719K->25151K(48640K), 0.0003950 secs] [Times: user=0.00 sys=0.00, real=0.00 secs] 
192.263: Total time for which application threads were stopped: 0.0005170 seconds, Stopping threads took: 0.0000620 seconds
192.325: Application time: 0.0620310 seconds
192.325: [GC [PSYoungGen: 18270K->384K(18944K)] 43070K->25199K(48640K), 0.0004700 secs] [Times: user=0.00 sys=0.00, real=0.00 secs] 
192.326: Total time for which application threads were stopped: 0.0005850 seconds, Stopping threads took: 0.0000540 seconds
192.401: Application time: 0.0755510 seconds
192.401: [GC [PSYoungGen: 18301K->480K(18944K)] 43116K->25303K(48640K), 0.0004830 secs] [Times: user=0.00 sys=0.00, real=0.00 secs] 
192.402: Total time for which application threads were stopped: 0.0005960 seconds, Stopping threads took: 0.0000520 seconds
192.463: Application time: 0.0610990 seconds
192.463: [GC [PSYoungGen: 18398K->384K(18944K)] 43222K->25419K(48640K), 0.0004380 secs] [Times: user=0.00 sys=0.00, real=0.00 secs] 
192.464: Total time for which application threads were stopped: 0.0005630 seconds, Stopping threads took: 0.0000640 seconds
192.530: Application time: 0.0660890 seconds
192.530: [GC [PSYoungGen: 18301K->512K(18944K)] 43337K->25555K(48640K), 0.0004420 secs] [Times: user=0.01 sys=0.00, real=0.00 secs] 
192.530: Total time for which application threads were stopped: 0.0005560 seconds, Stopping threads took: 0.0000540 seconds
192.600: Application time: 0.0699220 seconds
192.600: [GC [PSYoungGen: 18430K->384K(18944K)] 43474K->25656K(48640K), 0.0004920 secs] [Times: user=0.01 sys=0.00, real=0.00 secs] 
192.601: Total time for which application threads were stopped: 0.0006130 seconds, Stopping threads took: 0.0000610 seconds
192.678: Application time: 0.0769760 seconds
192.678: [GC [PSYoungGen: 18302K->320K(18944K)] 43574K->25608K(48640K), 0.0004270 secs] [Times: user=0.00 sys=0.00, real=0.00 secs] 
192.678: Total time for which application threads were stopped: 0.0005550 seconds, Stopping threads took: 0.0000590 seconds
192.755: Application time: 0.0764450 seconds
192.755: [GC [PSYoungGen: 18238K->352K(18944K)] 43526K->25896K(48640K), 0.0004970 secs] [Times: user=0.01 sys=0.00, real=0.00 secs] 
192.755: Total time for which application threads were stopped: 0.0006140 seconds, Stopping threads took: 0.0000590 seconds
192.833: Application time: 0.0776710 seconds
192.833: [GC [PSYoungGen: 18270K->320K(18944K)] 43814K->26117K(48640K), 0.0004420 secs] [Times: user=0.00 sys=0.00, real=0.00 secs] 
192.834: Total time for which application threads were stopped: 0.0005610 seconds, Stopping threads took: 0.0000580 seconds
192.912: Application time: 0.0780480 seconds
192.912: [GC [PSYoungGen: 18237K->288K(18944K)] 44035K->26141K(48640K), 0.0004620 secs] [Times: user=0.00 sys=0.00, real=0.00 secs] 
192.912: Total time for which application threads were stopped: 0.0005890 seconds, Stopping threads took: 0.0000630 seconds
192.989: Application time: 0.0762380 seconds
192.989: [GC [PSYoungGen: 18205K->480K(18944K)] 44058K->26665K(48640K), 0.0005300 secs] [Times: user=0.00 sys=0.00, real=0.00 secs] 
192.989: Total time for which application threads were stopped: 0.0006610 seconds, Stopping threads took: 0.0000720 seconds
193.050: Application time: 0.0610340 seconds
193.050: [GC [PSYoungGen: 18399K->384K(18944K)] 44585K->26798K(48640K), 0.0004490 secs] [Times: user=0.00 sys=0.00, real=0.00 secs] 
193.051: Total time for which application threads were stopped: 0.0005630 seconds, Stopping threads took: 0.0000530 seconds
193.114: Application time: 0.0630520 seconds
193.114: [GC [PSYoungGen: 18303K->512K(18944K)] 44718K->26990K(48640K), 0.0004550 secs] [Times: user=0.00 sys=0.00, real=0.00 secs] 
193.114: Total time for which application threads were stopped: 0.0005820 seconds, Stopping threads took: 0.0000650 seconds
193.187: Application time: 0.0724560 seconds
193.187: [GC [PSYoungGen: 18427K->352K(18944K)] 44906K->27058K(48640K), 0.0004460 secs] [Times: user=0.00 sys=0.00, real=0.00 secs] 
193.187: Total time for which application threads were stopped: 0.0005700 seconds, Stopping threads took: 0.0000540 seconds
193.249: Application time: 0.0619990 seconds
193.250: [GC [PSYoungGen: 18270K->512K(18944K)] 44977K->27266K(48640K), 0.0005710 secs] [Times: user=0.00 sys=0.00, real=0.00 secs] 
193.250: Total time for which application threads were stopped: 0.0006880 seconds, Stopping threads took: 0.0000530 seconds
193.309: Application time: 0.0592420 seconds
193.309: [GC [PSYoungGen: 18431K->544K(18944K)] 45186K->27551K(48640K), 0.0004860 secs] [Times: user=0.00 sys=0.00, real=0.00 secs] 
193.310: Total time for which application threads were stopped: 0.0006070 seconds, Stopping threads took: 0.0000590 seconds
193.367: Application time: 0.0574880 seconds
193.368: [GC [PSYoungGen: 18463K->736K(18944K)] 45470K->27791K(48640K), 0.0004800 secs] [Times: user=0.00 sys=0.00, real=0.00 secs] 
193.368: Total time for which application threads were stopped: 0.0006100 seconds, Stopping threads took: 0.0000680 seconds
193.437: Application time: 0.0690710 seconds
193.437: [GC [PSYoungGen: 18652K->640K(18944K)] 45707K->27940K(48640K), 0.0005250 secs] [Times: user=0.00 sys=0.00, real=0.00 secs] 
193.438: Total time for which application threads were stopped: 0.0006490 seconds, Stopping threads took: 0.0000620 seconds
193.514: Application time: 0.0759620 seconds
193.514: [GC [PSYoungGen: 18559K->512K(18944K)] 45859K->28237K(48640K), 0.0005050 secs] [Times: user=0.00 sys=0.00, real=0.00 secs] 
193.514: Total time for which application threads were stopped: 0.0006210 seconds, Stopping threads took: 0.0000540 seconds
193.592: Application time: 0.0773190 seconds
193.592: [GC [PSYoungGen: 18431K->288K(18944K)] 46156K->28365K(48640K), 0.0004540 secs] [Times: user=0.00 sys=0.00, real=0.00 secs] 
193.592: Total time for which application threads were stopped: 0.0005960 seconds, Stopping threads took: 0.0000680 seconds
193.669: Application time: 0.0766470 seconds
193.669: [GC [PSYoungGen: 18207K->416K(18944K)] 46285K->28717K(48640K), 0.0004400 secs] [Times: user=0.00 sys=0.00, real=0.00 secs] 
193.670: Total time for which application threads were stopped: 0.0005570 seconds, Stopping threads took: 0.0000570 seconds
193.747: Application time: 0.0772160 seconds
193.747: [GC [PSYoungGen: 18335K->384K(18944K)] 46637K->28921K(48640K), 0.0004540 secs] [Times: user=0.00 sys=0.00, real=0.00 secs] 
193.747: Total time for which application threads were stopped: 0.0005860 seconds, Stopping threads took: 0.0000550 seconds
193.825: Application time: 0.0776480 seconds
193.825: [GC [PSYoungGen: 18303K->384K(18944K)] 46841K->29142K(48640K), 0.0004500 secs] [Times: user=0.01 sys=0.00, real=0.00 secs] 
193.826: Total time for which application threads were stopped: 0.0005720 seconds, Stopping threads took: 0.0000600 seconds
193.905: Application time: 0.0797320 seconds
193.905: [GC [PSYoungGen: 18300K->0K(18944K)] 47058K->28974K(48640K), 0.0004310 secs] [Times: user=0.00 sys=0.00, real=0.00 secs] 
193.906: Total time for which application threads were stopped: 0.0005480 seconds, Stopping threads took: 0.0000570 seconds
193.985: Application time: 0.0795870 seconds
193.986: [GC [PSYoungGen: 17916K->0K(18944K)] 46890K->28974K(48640K), 0.0004130 secs] [Times: user=0.00 sys=0.00, real=0.00 secs] 
193.986: Total time for which application threads were stopped: 0.0005250 seconds, Stopping threads took: 0.0000490 seconds
194.045: Application time: 0.0595300 seconds
194.046: [GC [PSYoungGen: 17917K->384K(18944K)] 46891K->29358K(48640K), 0.0004040 secs] [Times: user=0.00 sys=0.00, real=0.00 secs] 
194.046: Total time for which application threads were stopped: 0.0005320 seconds, Stopping threads took: 0.0000670 seconds
194.117: Application time: 0.0706260 seconds
194.117: [GC [PSYoungGen: 18300K->608K(18944K)] 47275K->29606K(48640K), 0.0004780 secs] [Times: user=0.01 sys=0.00, real=0.00 secs] 
194.117: Total time for which application threads were stopped: 0.0006140 seconds, Stopping threads took: 0.0000720 seconds
194.183: Application time: 0.0656360 seconds
194.183: [GC [PSYoungGen: 18525K->384K(18944K)] 47524K->29594K(48640K), 0.0004220 secs] [Times: user=0.00 sys=0.00, real=0.00 secs] 
194.183: Total time for which application threads were stopped: 0.0005460 seconds, Stopping threads took: 0.0000640 seconds
194.245: Application time: 0.0618980 seconds
194.245: [GC [PSYoungGen: 18302K->512K(18944K)] 47513K->29730K(48640K), 0.0005160 secs] [Times: user=0.00 sys=0.00, real=0.00 secs] 
194.246: Total time for which application threads were stopped: 0.0006270 seconds, Stopping threads took: 0.0000500 seconds
194.319: Application time: 0.0729170 seconds
194.319: [GC [PSYoungGen: 18430K->416K(18944K)] 47648K->29863K(48640K), 0.0004400 secs] [Times: user=0.01 sys=0.00, real=0.00 secs] 
194.319: [Full GC [PSYoungGen: 416K->0K(18944K)] [ParOldGen: 29447K->4414K(29184K)] 29863K->4414K(48128K) [PSPermGen: 5578K->5578K(21504K)], 0.0058230 secs] [Times: user=0.02 sys=0.00, real=0.01 secs] 
194.325: Total time for which application threads were stopped: 0.0064410 seconds, Stopping threads took: 0.0000590 seconds
194.404: Application time: 0.0783740 seconds
194.404: [GC [PSYoungGen: 17916K->0K(18944K)] 22330K->4414K(48128K), 0.0004510 secs] [Times: user=0.00 sys=0.00, real=0.00 secs] 
194.404: Total time for which application threads were stopped: 0.0005660 seconds, Stopping threads took: 0.0000550 seconds
194.481: Application time: 0.0767670 seconds
194.481: [GC [PSYoungGen: 17918K->384K(18944K)] 22332K->4798K(48128K), 0.0003950 secs] [Times: user=0.00 sys=0.00, real=0.00 secs] 
194.482: Total time for which application threads were stopped: 0.0005140 seconds, Stopping threads took: 0.0000580 seconds
194.558: Application time: 0.0767450 seconds
194.558: [GC [PSYoungGen: 18299K->352K(18944K)] 22714K->5010K(48128K), 0.0004760 secs] [Times: user=0.00 sys=0.00, real=0.00 secs] 
194.559: Total time for which application threads were stopped: 0.0006000 seconds, Stopping threads took: 0.0000540 seconds
194.637: Application time: 0.0781830 seconds
194.640: [GC [PSYoungGen: 18269K->352K(18944K)] 22928K->5386K(48128K), 0.0004690 secs] [Times: user=0.00 sys=0.00, real=0.00 secs] 
194.640: Total time for which application threads were stopped: 0.0031590 seconds, Stopping threads took: 0.0026310 seconds
194.711: Application time: 0.0709620 seconds
194.711: [GC [PSYoungGen: 18271K->544K(18944K)] 23305K->5594K(48128K), 0.0004300 secs] [Times: user=0.00 sys=0.00, real=0.01 secs] 
194.712: Total time for which application threads were stopped: 0.0005400 seconds, Stopping threads took: 0.0000470 seconds
194.778: Application time: 0.0662760 seconds
194.778: [GC [PSYoungGen: 18459K->352K(18944K)] 23510K->5631K(48128K), 0.0004000 secs] [Times: user=0.00 sys=0.00, real=0.00 secs] 
194.779: Total time for which application threads were stopped: 0.0005270 seconds, Stopping threads took: 0.0000640 seconds
194.837: Application time: 0.0580120 seconds
194.837: [GC [PSYoungGen: 18271K->608K(18944K)] 23550K->5951K(48128K), 0.0004270 secs] [Times: user=0.00 sys=0.00, real=0.00 secs] 
194.837: Total time for which application threads were stopped: 0.0005590 seconds, Stopping threads took: 0.0000610 seconds
194.915: Application time: 0.0776090 seconds
194.915: [GC [PSYoungGen: 18525K->352K(18944K)] 23868K->5951K(48128K), 0.0004000 secs] [Times: user=0.00 sys=0.00, real=0.00 secs] 
194.915: Total time for which application threads were stopped: 0.0005580 seconds, Stopping threads took: 0.0000940 seconds
194.975: Application time: 0.0596290 seconds
194.975: [GC [PSYoungGen: 18271K->320K(18944K)] 23870K->6139K(48128K), 0.0004440 secs] [Times: user=0.00 sys=0.00, real=0.00 secs] 
194.976: Total time for which application threads were stopped: 0.0005680 seconds, Stopping threads took: 0.0000620 seconds
195.032: Application time: 0.0567580 seconds
195.032: [GC [PSYoungGen: 18237K->544K(18944K)] 24057K->6419K(48128K), 0.0004230 secs] [Times: user=0.00 sys=0.00, real=0.00 secs] 
195.033: Total time for which application threads were stopped: 0.0005250 seconds, Stopping threads took: 0.0000430 seconds
195.090: Application time: 0.0573790 seconds
195.090: [GC [PSYoungGen: 18463K->416K(18944K)] 24339K->6544K(48128K), 0.0004570 secs] [Times: user=0.00 sys=0.00, real=0.00 secs] 
195.091: Total time for which application threads were stopped: 0.0006040 seconds, Stopping threads took: 0.0000850 seconds
195.164: Application time: 0.0727740 seconds
195.164: [GC [PSYoungGen: 18331K->736K(18944K)] 24460K->7108K(48128K), 0.0004850 secs] [Times: user=0.00 sys=0.00, real=0.00 secs] 
195.164: Total time for which application threads were stopped: 0.0006040 seconds, Stopping threads took: 0.0000570 seconds
195.242: Application time: 0.0775990 seconds
195.242: [GC [PSYoungGen: 18653K->416K(18944K)] 25026K->7394K(48128K), 0.0004800 secs] [Times: user=0.00 sys=0.00, real=0.00 secs] 
195.242: Total time for which application threads were stopped: 0.0006040 seconds, Stopping threads took: 0.0000640 seconds
195.324: Application time: 0.0815880 seconds
195.324: [GC [PSYoungGen: 18332K->0K(18944K)] 25310K->7199K(48128K), 0.0004080 secs] [Times: user=0.00 sys=0.00, real=0.00 secs] 
195.325: Total time for which application threads were stopped: 0.0005230 seconds, Stopping threads took: 0.0000510 seconds
195.408: Application time: 0.0834450 seconds
195.408: [GC [PSYoungGen: 17916K->512K(18944K)] 25115K->7711K(48128K), 0.0004660 secs] [Times: user=0.00 sys=0.00, real=0.00 secs] 
195.409: Total time for which application threads were stopped: 0.0005960 seconds, Stopping threads took: 0.0000600 seconds
195.494: Application time: 0.0850320 seconds
195.494: [GC [PSYoungGen: 18430K->480K(18944K)] 25629K->7891K(48128K), 0.0004990 secs] [Times: user=0.00 sys=0.00, real=0.00 secs] 
195.494: Total time for which application threads were stopped: 0.0006220 seconds, Stopping threads took: 0.0000620 seconds
195.581: Application time: 0.0863780 seconds
195.581: [GC [PSYoungGen: 18397K->320K(18944K)] 25809K->7944K(48128K), 0.0004830 secs] [Times: user=0.01 sys=0.00, real=0.00 secs] 
195.581: Total time for which application threads were stopped: 0.0006100 seconds, Stopping threads took: 0.0000650 seconds
195.669: Application time: 0.0875010 seconds
195.669: [GC [PSYoungGen: 18236K->0K(18944K)] 25860K->7856K(48128K), 0.0004460 secs] [Times: user=0.00 sys=0.00, real=0.00 secs] 
195.669: Total time for which application threads were stopped: 0.0005700 seconds, Stopping threads took: 0.0000580 seconds
195.753: Application time: 0.0838850 seconds
195.753: [GC [PSYoungGen: 17915K->288K(18944K)] 25771K->8144K(48128K), 0.0004500 secs] [Times: user=0.00 sys=0.00, real=0.00 secs] 
195.754: Total time for which application threads were stopped: 0.0005770 seconds, Stopping threads took: 0.0000610 seconds
195.822: Application time: 0.0684500 seconds
195.822: [GC [PSYoungGen: 18206K->416K(18944K)] 26062K->8288K(48128K), 0.0004210 secs] [Times: user=0.00 sys=0.00, real=0.00 secs] 
195.823: Total time for which application threads were stopped: 0.0005400 seconds, Stopping threads took: 0.0000570 seconds
195.893: Application time: 0.0704760 seconds
195.893: [GC [PSYoungGen: 18331K->544K(18944K)] 26203K->8424K(48128K), 0.0004220 secs] [Times: user=0.00 sys=0.00, real=0.00 secs] 
195.894: Total time for which application threads were stopped: 0.0005360 seconds, Stopping threads took: 0.0000510 seconds
195.973: Application time: 0.0790290 seconds
195.973: [GC [PSYoungGen: 18460K->288K(18944K)] 26340K->8388K(48128K), 0.0004780 secs] [Times: user=0.00 sys=0.00, real=0.00 secs] 
195.973: Total time for which application threads were stopped: 0.0006030 seconds, Stopping threads took: 0.0000550 seconds
196.037: Application time: 0.0639690 seconds
196.037: [GC [PSYoungGen: 18206K->640K(18944K)] 26307K->8756K(48128K), 0.0004750 secs] [Times: user=0.00 sys=0.00, real=0.00 secs] 
196.038: Total time for which application threads were stopped: 0.0005890 seconds, Stopping threads took: 0.0000500 seconds
196.122: Application time: 0.0838040 seconds
196.122: [GC [PSYoungGen: 18558K->352K(18944K)] 26674K->8689K(48128K), 0.0004530 secs] [Times: user=0.00 sys=0.00, real=0.00 secs] 
196.122: Total time for which application threads were stopped: 0.0005710 seconds, Stopping threads took: 0.0000570 seconds
196.208: Application time: 0.0858800 seconds
196.208: [GC [PSYoungGen: 18268K->0K(18944K)] 26605K->8585K(48128K), 0.0004060 secs] [Times: user=0.00 sys=0.00, real=0.00 secs] 
196.209: Total time for which application threads were stopped: 0.0005390 seconds, Stopping threads took: 0.0000690 seconds
196.293: Application time: 0.0838950 seconds
196.293: [GC [PSYoungGen: 17919K->384K(18944K)] 26505K->8969K(48128K), 0.0004080 secs] [Times: user=0.00 sys=0.00, real=0.00 secs] 
196.293: Total time for which application threads were stopped: 0.0005270 seconds, Stopping threads took: 0.0000540 seconds
196.378: Application time: 0.0845310 seconds
196.378: [GC [PSYoungGen: 18299K->384K(18944K)] 26885K->9233K(48128K), 0.0004810 secs] [Times: user=0.00 sys=0.00, real=0.00 secs] 
196.378: Total time for which application threads were stopped: 0.0006030 seconds, Stopping threads took: 0.0000590 seconds
196.464: Application time: 0.0853310 seconds
196.464: [GC [PSYoungGen: 18303K->416K(18944K)] 27153K->9521K(48128K), 0.0004320 secs] [Times: user=0.00 sys=0.00, real=0.00 secs] 
196.464: Total time for which application threads were stopped: 0.0005430 seconds, Stopping threads took: 0.0000480 seconds
196.549: Application time: 0.0844390 seconds
196.549: [GC [PSYoungGen: 18334K->352K(18944K)] 27439K->9681K(48128K), 0.0004380 secs] [Times: user=0.00 sys=0.00, real=0.00 secs] 
196.549: Total time for which application threads were stopped: 0.0005870 seconds, Stopping threads took: 0.0000770 seconds
196.617: Application time: 0.0682200 seconds
196.618: [GC [PSYoungGen: 18268K->480K(18944K)] 27598K->9817K(48128K), 0.0004790 secs] [Times: user=0.01 sys=0.00, real=0.00 secs] 
196.618: Total time for which application threads were stopped: 0.0006160 seconds, Stopping threads took: 0.0000700 seconds
196.683: Application time: 0.0653690 seconds
196.692: [GC [PSYoungGen: 18398K->576K(18944K)] 27736K->9993K(48128K), 0.0004700 secs] [Times: user=0.00 sys=0.00, real=0.01 secs] 
196.692: Total time for which application threads were stopped: 0.0085850 seconds, Stopping threads took: 0.0080520 seconds
196.776: Application time: 0.0839400 seconds
196.776: [GC [PSYoungGen: 18493K->480K(18944K)] 27910K->10142K(48128K), 0.0005020 secs] [Times: user=0.00 sys=0.00, real=0.00 secs] 
196.777: Total time for which application threads were stopped: 0.0006500 seconds, Stopping threads took: 0.0000820 seconds
196.837: Application time: 0.0607990 seconds
196.837: [GC [PSYoungGen: 18399K->544K(18944K)] 28061K->10418K(48128K), 0.0004720 secs] [Times: user=0.00 sys=0.00, real=0.00 secs] 
196.838: Total time for which application threads were stopped: 0.0005820 seconds, Stopping threads took: 0.0000450 seconds
196.903: Application time: 0.0654400 seconds
196.904: [GC [PSYoungGen: 18462K->736K(18944K)] 28337K->10706K(48128K), 0.0004900 secs] [Times: user=0.00 sys=0.00, real=0.00 secs] 
196.904: Total time for which application threads were stopped: 0.0006030 seconds, Stopping threads took: 0.0000480 seconds
196.968: Application time: 0.0642120 seconds
196.968: [GC [PSYoungGen: 18653K->576K(18944K)] 28623K->10762K(48128K), 0.0005030 secs] [Times: user=0.00 sys=0.00, real=0.00 secs] 
196.970: Total time for which application threads were stopped: 0.0017000 seconds, Stopping threads took: 0.0000530 seconds
197.052: Application time: 0.0820590 seconds
197.052: [GC [PSYoungGen: 18495K->544K(18944K)] 28682K->10983K(48128K), 0.0005120 secs] [Times: user=0.01 sys=0.00, real=0.00 secs] 
197.053: Total time for which application threads were stopped: 0.0006700 seconds, Stopping threads took: 0.0000870 seconds
197.137: Application time: 0.0839480 seconds
197.137: [GC [PSYoungGen: 18463K->352K(18944K)] 28903K->11336K(48128K), 0.0005240 secs] [Times: user=0.01 sys=0.00, real=0.00 secs] 
197.137: Total time for which application threads were stopped: 0.0006430 seconds, Stopping threads took: 0.0000510 seconds
197.223: Application time: 0.0858370 seconds
197.223: [GC [PSYoungGen: 18268K->0K(18944K)] 29252K->11208K(48128K), 0.0004390 secs] [Times: user=0.00 sys=0.00, real=0.00 secs] 
197.224: Total time for which application threads were stopped: 0.0005710 seconds, Stopping threads took: 0.0000680 seconds
197.307: Application time: 0.0836250 seconds
197.307: [GC [PSYoungGen: 17916K->576K(18944K)] 29125K->11784K(48128K), 0.0004320 secs] [Times: user=0.00 sys=0.00, real=0.00 secs] 
197.308: Total time for which application threads were stopped: 0.0005610 seconds, Stopping threads took: 0.0000640 seconds
197.399: Application time: 0.0908980 seconds
197.399: [GC [PSYoungGen: 18496K->448K(18944K)] 29704K->11868K(48128K), 0.0005460 secs] [Times: user=0.00 sys=0.00, real=0.00 secs] 
197.399: Total time for which application threads were stopped: 0.0006940 seconds, Stopping threads took: 0.0000850 seconds
197.490: Application time: 0.0902230 seconds
197.490: [GC [PSYoungGen: 18366K->0K(18944K)] 29787K->11830K(48128K), 0.0005410 secs] [Times: user=0.00 sys=0.00, real=0.00 secs] 
197.490: Total time for which application threads were stopped: 0.0006760 seconds, Stopping threads took: 0.0000710 seconds
197.578: Application time: 0.0873880 seconds
197.578: [GC [PSYoungGen: 17916K->0K(18944K)] 29746K->11830K(48128K), 0.0003830 secs] [Times: user=0.00 sys=0.00, real=0.00 secs] 
197.578: Total time for which application threads were stopped: 0.0005380 seconds, Stopping threads took: 0.0000780 seconds
197.651: Application time: 0.0729120 seconds
197.651: [GC [PSYoungGen: 17916K->384K(18944K)] 29746K->12214K(48128K), 0.0004020 secs] [Times: user=0.00 sys=0.00, real=0.01 secs] 
197.652: Total time for which application threads were stopped: 0.0005210 seconds, Stopping threads took: 0.0000550 seconds
197.731: Application time: 0.0793340 seconds
197.731: [GC [PSYoungGen: 18302K->352K(18944K)] 30132K->12190K(48128K), 0.0004080 secs] [Times: user=0.00 sys=0.00, real=0.00 secs] 
197.732: Total time for which application threads were stopped: 0.0005470 seconds, Stopping threads took: 0.0000680 seconds
197.802: Application time: 0.0706050 seconds
197.802: [GC [PSYoungGen: 18267K->544K(18944K)] 30105K->12406K(48128K), 0.0004550 secs] [Times: user=0.00 sys=0.00, real=0.00 secs] 
197.803: Total time for which application threads were stopped: 0.0005670 seconds, Stopping threads took: 0.0000480 seconds
197.877: Application time: 0.0740340 seconds
197.877: [GC [PSYoungGen: 18464K->416K(18944K)] 30326K->12514K(48128K), 0.0004370 secs] [Times: user=0.00 sys=0.00, real=0.00 secs] 
197.877: Total time for which application threads were stopped: 0.0005630 seconds, Stopping threads took: 0.0000650 seconds
197.947: Application time: 0.0691460 seconds
197.947: [GC [PSYoungGen: 18334K->480K(18944K)] 30432K->12594K(48128K), 0.0004320 secs] [Times: user=0.00 sys=0.00, real=0.00 secs] 
197.947: Total time for which application threads were stopped: 0.0005530 seconds, Stopping threads took: 0.0000580 seconds
198.032: Application time: 0.0846010 seconds
198.036: [GC [PSYoungGen: 18398K->320K(18944K)] 30512K->12663K(48128K), 0.0004750 secs] [Times: user=0.00 sys=0.00, real=0.00 secs] 
198.036: Total time for which application threads were stopped: 0.0045660 seconds, Stopping threads took: 0.0040290 seconds
198.120: Application time: 0.0840240 seconds
198.120: [GC [PSYoungGen: 18235K->384K(18944K)] 30578K->12983K(48128K), 0.0004530 secs] [Times: user=0.00 sys=0.00, real=0.00 secs] 
198.121: Total time for which application threads were stopped: 0.0005960 seconds, Stopping threads took: 0.0000710 seconds
198.207: Application time: 0.0865560 seconds
198.208: [GC [PSYoungGen: 18300K->0K(18944K)] 30899K->12851K(48128K), 0.0004690 secs] [Times: user=0.00 sys=0.00, real=0.00 secs] 
198.208: Total time for which application threads were stopped: 0.0005950 seconds, Stopping threads took: 0.0000620 seconds
198.293: Application time: 0.0846150 seconds
198.293: [GC [PSYoungGen: 17915K->416K(18944K)] 30767K->13267K(48128K), 0.0004380 secs] [Times: user=0.00 sys=0.00, real=0.00 secs] 
198.293: Total time for which application threads were stopped: 0.0005630 seconds, Stopping threads took: 0.0000620 seconds
198.378: Application time: 0.0851310 seconds
198.378: [GC [PSYoungGen: 18335K->416K(18944K)] 31187K->13531K(48128K), 0.0004460 secs] [Times: user=0.00 sys=0.00, real=0.00 secs] 
198.379: Total time for which application threads were stopped: 0.0005770 seconds, Stopping threads took: 0.0000650 seconds
198.459: Application time: 0.0800330 seconds
198.459: [GC [PSYoungGen: 18332K->352K(18944K)] 31448K->13688K(48128K), 0.0004390 secs] [Times: user=0.00 sys=0.00, real=0.00 secs] 
198.460: Total time for which application threads were stopped: 0.0005590 seconds, Stopping threads took: 0.0000560 seconds
198.532: Application time: 0.0727220 seconds
198.532: [GC [PSYoungGen: 18267K->384K(18944K)] 31604K->13736K(48128K), 0.0004100 secs] [Times: user=0.00 sys=0.00, real=0.00 secs] 
198.533: Total time for which application threads were stopped: 0.0005370 seconds, Stopping threads took: 0.0000640 seconds
198.597: Application time: 0.0637320 seconds
198.597: [GC [PSYoungGen: 18299K->576K(18944K)] 31652K->13976K(48128K), 0.0004610 secs] [Times: user=0.00 sys=0.00, real=0.00 secs] 
198.597: Total time for which application threads were stopped: 0.0005910 seconds, Stopping threads took: 0.0000680 seconds
198.673: Application time: 0.0754980 seconds
198.673: [GC [PSYoungGen: 18493K->576K(18944K)] 31893K->14221K(48128K), 0.0004860 secs] [Times: user=0.00 sys=0.00, real=0.00 secs] 
198.673: Total time for which application threads were stopped: 0.0006440 seconds, Stopping threads took: 0.0000850 seconds
198.739: Application time: 0.0659530 seconds
198.739: [GC [PSYoungGen: 18493K->544K(18944K)] 32138K->14441K(48128K), 0.0005120 secs] [Times: user=0.00 sys=0.00, real=0.01 secs] 
198.740: Total time for which application threads were stopped: 0.0006350 seconds, Stopping threads took: 0.0000600 seconds
198.807: Application time: 0.0669410 seconds
198.807: [GC [PSYoungGen: 18460K->704K(18944K)] 32357K->14657K(48128K), 0.0005150 secs] [Times: user=0.01 sys=0.00, real=0.00 secs] 
198.807: Total time for which application threads were stopped: 0.0006400 seconds, Stopping threads took: 0.0000580 seconds
198.873: Application time: 0.0652080 seconds
198.873: [GC [PSYoungGen: 18621K->576K(18944K)] 32574K->14750K(48128K), 0.0004910 secs] [Times: user=0.01 sys=0.00, real=0.00 secs] 
198.873: Total time for which application threads were stopped: 0.0006170 seconds, Stopping threads took: 0.0000600 seconds
198.955: Application time: 0.0820610 seconds
198.955: [GC [PSYoungGen: 18492K->480K(18944K)] 32666K->14898K(48128K), 0.0005440 secs] [Times: user=0.00 sys=0.00, real=0.00 secs] 
198.956: Total time for which application threads were stopped: 0.0006650 seconds, Stopping threads took: 0.0000550 seconds
199.040: Application time: 0.0836140 seconds
199.040: [GC [PSYoungGen: 18399K->384K(18944K)] 32818K->15219K(48128K), 0.0005200 secs] [Times: user=0.00 sys=0.00, real=0.00 secs] 
199.040: Total time for which application threads were stopped: 0.0006450 seconds, Stopping threads took: 0.0000550 seconds
199.126: Application time: 0.0855720 seconds
199.126: [GC [PSYoungGen: 18301K->320K(18944K)] 33137K->15376K(48128K), 0.0004530 secs] [Times: user=0.00 sys=0.00, real=0.00 secs] 
199.126: Total time for which application threads were stopped: 0.0005690 seconds, Stopping threads took: 0.0000540 seconds
199.210: Application time: 0.0835210 seconds
199.210: [GC [PSYoungGen: 18237K->544K(18944K)] 33293K->15616K(48128K), 0.0004340 secs] [Times: user=0.00 sys=0.00, real=0.00 secs] 
199.210: Total time for which application threads were stopped: 0.0005650 seconds, Stopping threads took: 0.0000600 seconds
199.295: Application time: 0.0841280 seconds
199.295: [GC [PSYoungGen: 18463K->384K(18944K)] 33536K->15880K(48128K), 0.0004600 secs] [Times: user=0.00 sys=0.00, real=0.00 secs] 
199.295: Total time for which application threads were stopped: 0.0005810 seconds, Stopping threads took: 0.0000610 seconds
199.375: Application time: 0.0797560 seconds
199.375: [GC [PSYoungGen: 18300K->0K(18944K)] 33796K->15700K(48128K), 0.0003960 secs] [Times: user=0.00 sys=0.00, real=0.00 secs] 
199.375: Total time for which application threads were stopped: 0.0005240 seconds, Stopping threads took: 0.0000670 seconds
199.456: Application time: 0.0804310 seconds
199.456: [GC [PSYoungGen: 17916K->0K(18944K)] 33617K->15700K(48128K), 0.0003600 secs] [Times: user=0.00 sys=0.00, real=0.00 secs] 
199.456: Total time for which application threads were stopped: 0.0004780 seconds, Stopping threads took: 0.0000590 seconds
199.516: Application time: 0.0600630 seconds
199.517: [GC [PSYoungGen: 17917K->352K(18944K)] 33618K->16053K(48128K), 0.0004120 secs] [Times: user=0.00 sys=0.00, real=0.00 secs] 
199.517: Total time for which application threads were stopped: 0.0005260 seconds, Stopping threads took: 0.0000510 seconds
199.595: Application time: 0.0779340 seconds
199.595: [GC [PSYoungGen: 18271K->352K(18944K)] 33972K->16077K(48128K), 0.0004190 secs] [Times: user=0.00 sys=0.00, real=0.00 secs] 
199.595: Total time for which application threads were stopped: 0.0005340 seconds, Stopping threads took: 0.0000520 seconds
199.656: Application time: 0.0605170 seconds
199.656: [GC [PSYoungGen: 18270K->160K(18944K)] 33995K->16105K(48128K), 0.0004490 secs] [Times: user=0.00 sys=0.00, real=0.00 secs] 
199.657: Total time for which application threads were stopped: 0.0005620 seconds, Stopping threads took: 0.0000520 seconds
199.729: Application time: 0.0727980 seconds
199.729: [GC [PSYoungGen: 18078K->480K(18944K)] 34023K->16441K(48128K), 0.0004130 secs] [Times: user=0.00 sys=0.00, real=0.00 secs] 
199.730: Total time for which application threads were stopped: 0.0005440 seconds, Stopping threads took: 0.0000590 seconds
199.792: Application time: 0.0625300 seconds
199.793: [GC [PSYoungGen: 18398K->352K(18944K)] 34360K->16534K(48128K), 0.0004280 secs] [Times: user=0.00 sys=0.00, real=0.00 secs] 
199.793: Total time for which application threads were stopped: 0.0005740 seconds, Stopping threads took: 0.0000750 seconds
199.870: Application time: 0.0770780 seconds
199.870: [GC [PSYoungGen: 18270K->352K(18944K)] 34452K->16550K(48128K), 0.0003970 secs] [Times: user=0.01 sys=0.00, real=0.00 secs] 
199.871: Total time for which application threads were stopped: 0.0005140 seconds, Stopping threads took: 0.0000540 seconds
199.947: Application time: 0.0768110 seconds
199.948: [GC [PSYoungGen: 18272K->320K(18944K)] 34470K->16770K(48128K), 0.0004250 secs] [Times: user=0.00 sys=0.00, real=0.00 secs] 
199.948: Total time for which application threads were stopped: 0.0005470 seconds, Stopping threads took: 0.0000600 seconds
200.027: Application time: 0.0790340 seconds
200.027: [GC [PSYoungGen: 18238K->0K(18944K)] 34688K->16711K(48128K), 0.0004270 secs] [Times: user=0.01 sys=0.00, real=0.00 secs] 
200.028: Total time for which application threads were stopped: 0.0005500 seconds, Stopping threads took: 0.0000600 seconds
200.105: Application time: 0.0772600 seconds
200.105: [GC [PSYoungGen: 17915K->384K(18944K)] 34627K->17095K(48128K), 0.0004200 secs] [Times: user=0.01 sys=0.00, real=0.00 secs] 
200.105: Total time for which application threads were stopped: 0.0005480 seconds, Stopping threads took: 0.0000670 seconds
200.183: Application time: 0.0777710 seconds
200.183: [GC [PSYoungGen: 18303K->352K(18944K)] 35015K->17315K(48128K), 0.0004350 secs] [Times: user=0.00 sys=0.00, real=0.00 secs] 
200.184: Total time for which application threads were stopped: 0.0005510 seconds, Stopping threads took: 0.0000530 seconds
200.252: Application time: 0.0683300 seconds
200.252: [GC [PSYoungGen: 18270K->288K(18944K)] 35234K->17464K(48128K), 0.0004100 secs] [Times: user=0.00 sys=0.00, real=0.00 secs] 
200.253: Total time for which application threads were stopped: 0.0005590 seconds, Stopping threads took: 0.0000750 seconds
200.313: Application time: 0.0606740 seconds
200.313: [GC [PSYoungGen: 18205K->576K(18944K)] 35381K->17776K(48128K), 0.0004480 secs] [Times: user=0.00 sys=0.00, real=0.00 secs] 
200.314: Total time for which application threads were stopped: 0.0005820 seconds, Stopping threads took: 0.0000700 seconds
200.381: Application time: 0.0673490 seconds
200.381: [GC [PSYoungGen: 18491K->512K(18944K)] 35692K->17776K(48128K), 0.0004400 secs] [Times: user=0.00 sys=0.00, real=0.00 secs] 
200.382: Total time for which application threads were stopped: 0.0005520 seconds, Stopping threads took: 0.0000510 seconds
200.453: Application time: 0.0717370 seconds
200.456: [GC [PSYoungGen: 18430K->576K(18944K)] 35695K->18101K(48128K), 0.0005030 secs] [Times: user=0.00 sys=0.00, real=0.00 secs] 
200.456: Total time for which application threads were stopped: 0.0028310 seconds, Stopping threads took: 0.0022690 seconds
200.513: Application time: 0.0563400 seconds
200.513: [GC [PSYoungGen: 18493K->512K(18944K)] 36018K->18293K(48128K), 0.0004900 secs] [Times: user=0.00 sys=0.00, real=0.00 secs] 
200.513: Total time for which application threads were stopped: 0.0006030 seconds, Stopping threads took: 0.0000520 seconds
200.572: Application time: 0.0591910 seconds
200.573: [GC [PSYoungGen: 18431K->736K(18944K)] 36212K->18573K(48128K), 0.0005450 secs] [Times: user=0.00 sys=0.00, real=0.00 secs] 
200.573: Total time for which application threads were stopped: 0.0006740 seconds, Stopping threads took: 0.0000690 seconds
200.637: Application time: 0.0634390 seconds
200.637: [GC [PSYoungGen: 18653K->544K(18944K)] 36490K->18633K(48128K), 0.0004650 secs] [Times: user=0.00 sys=0.00, real=0.00 secs] 
200.637: Total time for which application threads were stopped: 0.0005940 seconds, Stopping threads took: 0.0000660 seconds
200.712: Application time: 0.0747480 seconds
200.712: [GC [PSYoungGen: 18461K->544K(18944K)] 36550K->18865K(48128K), 0.0004840 secs] [Times: user=0.00 sys=0.00, real=0.00 secs] 
200.713: Total time for which application threads were stopped: 0.0006160 seconds, Stopping threads took: 0.0000700 seconds
200.789: Application time: 0.0768600 seconds
200.792: [GC [PSYoungGen: 18461K->384K(18944K)] 36783K->19118K(48128K), 0.0005310 secs] [Times: user=0.00 sys=0.00, real=0.00 secs] 
200.792: Total time for which application threads were stopped: 0.0029380 seconds, Stopping threads took: 0.0023350 seconds
200.870: Application time: 0.0779760 seconds
200.870: [GC [PSYoungGen: 18301K->352K(18944K)] 37036K->19326K(48128K), 0.0004340 secs] [Times: user=0.00 sys=0.00, real=0.00 secs] 
200.871: Total time for which application threads were stopped: 0.0005440 seconds, Stopping threads took: 0.0000470 seconds
200.947: Application time: 0.0761100 seconds
200.947: [GC [PSYoungGen: 18269K->544K(18944K)] 37243K->19550K(48128K), 0.0004430 secs] [Times: user=0.00 sys=0.00, real=0.00 secs] 
200.948: Total time for which application threads were stopped: 0.0005660 seconds, Stopping threads took: 0.0000630 seconds
201.025: Application time: 0.0777780 seconds
201.025: [GC [PSYoungGen: 18463K->352K(18944K)] 37470K->19770K(48128K), 0.0004860 secs] [Times: user=0.00 sys=0.00, real=0.00 secs] 
201.026: Total time for which application threads were stopped: 0.0006080 seconds, Stopping threads took: 0.0000620 seconds
201.106: Application time: 0.0798790 seconds
201.106: [GC [PSYoungGen: 18268K->0K(18944K)] 37686K->19634K(48128K), 0.0004160 secs] [Times: user=0.01 sys=0.00, real=0.00 secs] 
201.106: Total time for which application threads were stopped: 0.0005360 seconds, Stopping threads took: 0.0000600 seconds
201.184: Application time: 0.0777970 seconds
201.184: [GC [PSYoungGen: 17915K->288K(18944K)] 37550K->19922K(48128K), 0.0004870 secs] [Times: user=0.00 sys=0.00, real=0.00 secs] 
201.185: Total time for which application threads were stopped: 0.0005980 seconds, Stopping threads took: 0.0000500 seconds
201.246: Application time: 0.0617660 seconds
201.247: [GC [PSYoungGen: 18204K->384K(18944K)] 37839K->20026K(48128K), 0.0004340 secs] [Times: user=0.00 sys=0.00, real=0.00 secs] 
201.247: Total time for which application threads were stopped: 0.0005510 seconds, Stopping threads took: 0.0000540 seconds
201.325: Application time: 0.0781730 seconds
201.325: [GC [PSYoungGen: 18303K->352K(18944K)] 37946K->20018K(48128K), 0.0004150 secs] [Times: user=0.00 sys=0.00, real=0.00 secs] 
201.326: Total time for which application threads were stopped: 0.0005490 seconds, Stopping threads took: 0.0000580 seconds
201.385: Application time: 0.0593200 seconds
201.385: [GC [PSYoungGen: 18268K->320K(18944K)] 37935K->20199K(48128K), 0.0004310 secs] [Times: user=0.01 sys=0.00, real=0.00 secs] 
201.386: Total time for which application threads were stopped: 0.0005660 seconds, Stopping threads took: 0.0000750 seconds
201.452: Application time: 0.0666020 seconds
201.452: [GC [PSYoungGen: 18236K->544K(18944K)] 38115K->20439K(48128K), 0.0004250 secs] [Times: user=0.00 sys=0.00, real=0.00 secs] 
201.453: Total time for which application threads were stopped: 0.0005590 seconds, Stopping threads took: 0.0000710 seconds
201.523: Application time: 0.0702050 seconds
201.523: [GC [PSYoungGen: 18459K->256K(18944K)] 38355K->20356K(48128K), 0.0004890 secs] [Times: user=0.00 sys=0.00, real=0.00 secs] 
201.524: Total time for which application threads were stopped: 0.0006110 seconds, Stopping threads took: 0.0000600 seconds
201.600: Application time: 0.0761750 seconds
201.600: [GC [PSYoungGen: 18171K->512K(18944K)] 38271K->20628K(48128K), 0.0005670 secs] [Times: user=0.00 sys=0.00, real=0.00 secs] 
201.601: Total time for which application threads were stopped: 0.0006840 seconds, Stopping threads took: 0.0000570 seconds
201.678: Application time: 0.0774240 seconds
201.678: [GC [PSYoungGen: 18428K->352K(18944K)] 38544K->20724K(48128K), 0.0004590 secs] [Times: user=0.01 sys=0.00, real=0.00 secs] 
201.679: Total time for which application threads were stopped: 0.0005700 seconds, Stopping threads took: 0.0000490 seconds
201.756: Application time: 0.0776810 seconds
201.756: [GC [PSYoungGen: 18268K->384K(18944K)] 38640K->21024K(48128K), 0.0004470 secs] [Times: user=0.00 sys=0.00, real=0.00 secs] 
201.757: Total time for which application threads were stopped: 0.0005700 seconds, Stopping threads took: 0.0000550 seconds
201.835: Application time: 0.0782710 seconds
201.835: [GC [PSYoungGen: 18301K->352K(18944K)] 38942K->21048K(48128K), 0.0004260 secs] [Times: user=0.00 sys=0.00, real=0.00 secs] 
201.836: Total time for which application threads were stopped: 0.0005650 seconds, Stopping threads took: 0.0000670 seconds
201.913: Application time: 0.0775840 seconds
201.913: [GC [PSYoungGen: 18271K->352K(18944K)] 38968K->21396K(48128K), 0.0004660 secs] [Times: user=0.01 sys=0.00, real=0.00 secs] 
201.914: Total time for which application threads were stopped: 0.0005910 seconds, Stopping threads took: 0.0000630 seconds
201.977: Application time: 0.0632900 seconds
201.977: [GC [PSYoungGen: 18270K->288K(18944K)] 39315K->21545K(48128K), 0.0005090 secs] [Times: user=0.00 sys=0.00, real=0.00 secs] 
201.979: Total time for which application threads were stopped: 0.0017240 seconds, Stopping threads took: 0.0000500 seconds
202.041: Application time: 0.0619840 seconds
202.041: [GC [PSYoungGen: 18206K->576K(18944K)] 39463K->21841K(48128K), 0.0005150 secs] [Times: user=0.00 sys=0.00, real=0.00 secs] 
202.041: Total time for which application threads were stopped: 0.0006280 seconds, Stopping threads took: 0.0000530 seconds
202.112: Application time: 0.0705870 seconds
202.112: [GC [PSYoungGen: 18494K->544K(18944K)] 39759K->21889K(48128K), 0.0004520 secs] [Times: user=0.00 sys=0.00, real=0.00 secs] 
202.113: Total time for which application threads were stopped: 0.0005700 seconds, Stopping threads took: 0.0000560 seconds
202.182: Application time: 0.0698450 seconds
202.183: [GC [PSYoungGen: 18462K->544K(18944K)] 39807K->22137K(48128K), 0.0005820 secs] [Times: user=0.01 sys=0.00, real=0.00 secs] 
202.183: Total time for which application threads were stopped: 0.0006950 seconds, Stopping threads took: 0.0000520 seconds
202.241: Application time: 0.0573990 seconds
202.241: [GC [PSYoungGen: 18463K->576K(18944K)] 40057K->22414K(48128K), 0.0004850 secs] [Times: user=0.00 sys=0.00, real=0.00 secs] 
202.241: Total time for which application threads were stopped: 0.0006000 seconds, Stopping threads took: 0.0000510 seconds
202.294: Application time: 0.0529600 seconds
202.294: [GC [PSYoungGen: 18494K->736K(18944K)] 40333K->22630K(48128K), 0.0004600 secs] [Times: user=0.01 sys=0.00, real=0.00 secs] 
202.295: Total time for which application threads were stopped: 0.0005960 seconds, Stopping threads took: 0.0000750 seconds
202.363: Application time: 0.0687550 seconds
202.364: [GC [PSYoungGen: 18651K->704K(18944K)] 40546K->22851K(48128K), 0.0005190 secs] [Times: user=0.00 sys=0.00, real=0.00 secs] 
202.364: Total time for which application threads were stopped: 0.0006330 seconds, Stopping threads took: 0.0000440 seconds
202.440: Application time: 0.0756370 seconds
202.440: [GC [PSYoungGen: 18620K->704K(18944K)] 40767K->23071K(48128K), 0.0004920 secs] [Times: user=0.01 sys=0.00, real=0.00 secs] 
202.440: Total time for which application threads were stopped: 0.0006180 seconds, Stopping threads took: 0.0000650 seconds
202.518: Application time: 0.0779030 seconds
202.518: [GC [PSYoungGen: 18621K->384K(18944K)] 40989K->23168K(48128K), 0.0004680 secs] [Times: user=0.01 sys=0.00, real=0.00 secs] 
202.519: Total time for which application threads were stopped: 0.0005860 seconds, Stopping threads took: 0.0000580 seconds
202.597: Application time: 0.0782940 seconds
202.597: [GC [PSYoungGen: 18300K->0K(18944K)] 41084K->23144K(48128K), 0.0004370 secs] [Times: user=0.00 sys=0.00, real=0.00 secs] 
202.598: Total time for which application threads were stopped: 0.0005730 seconds, Stopping threads took: 0.0000730 seconds
202.673: Application time: 0.0751000 seconds
202.673: [GC [PSYoungGen: 17916K->512K(18944K)] 41061K->23656K(48128K), 0.0004460 secs] [Times: user=0.00 sys=0.00, real=0.00 secs] 
202.673: Total time for which application threads were stopped: 0.0005500 seconds, Stopping threads took: 0.0000430 seconds
202.751: Application time: 0.0776630 seconds
202.751: [GC [PSYoungGen: 18431K->320K(18944K)] 41576K->23881K(48128K), 0.0005250 secs] [Times: user=0.00 sys=0.00, real=0.00 secs] 
202.752: Total time for which application threads were stopped: 0.0006610 seconds, Stopping threads took: 0.0000740 seconds
202.832: Application time: 0.0799130 seconds
202.832: [GC [PSYoungGen: 18236K->0K(18944K)] 41797K->23766K(48128K), 0.0004330 secs] [Times: user=0.00 sys=0.00, real=0.00 secs] 
202.832: Total time for which application threads were stopped: 0.0005580 seconds, Stopping threads took: 0.0000620 seconds
202.905: Application time: 0.0725290 seconds
202.905: [GC [PSYoungGen: 17918K->320K(18944K)] 41685K->24086K(48128K), 0.0004430 secs] [Times: user=0.00 sys=0.00, real=0.00 secs] 
202.905: Total time for which application threads were stopped: 0.0005570 seconds, Stopping threads took: 0.0000450 seconds
202.972: Application time: 0.0667610 seconds
202.972: [GC [PSYoungGen: 18235K->448K(18944K)] 42002K->24230K(48128K), 0.0004670 secs] [Times: user=0.00 sys=0.00, real=0.00 secs] 
202.973: Total time for which application threads were stopped: 0.0005900 seconds, Stopping threads took: 0.0000580 seconds
203.042: Application time: 0.0689310 seconds
203.042: [GC [PSYoungGen: 18366K->512K(18944K)] 42149K->24302K(48128K), 0.0004330 secs] [Times: user=0.00 sys=0.00, real=0.00 secs] 
203.042: Total time for which application threads were stopped: 0.0005460 seconds, Stopping threads took: 0.0000520 seconds
203.110: Application time: 0.0678280 seconds
203.110: [GC [PSYoungGen: 18430K->288K(18944K)] 42220K->24290K(48128K), 0.0005120 secs] [Times: user=0.01 sys=0.00, real=0.00 secs] 
203.111: Total time for which application threads were stopped: 0.0006370 seconds, Stopping threads took: 0.0000630 seconds
203.173: Application time: 0.0620040 seconds
203.173: [GC [PSYoungGen: 18204K->512K(18944K)] 42207K->24530K(48128K), 0.0004660 secs] [Times: user=0.00 sys=0.00, real=0.00 secs] 
203.173: Total time for which application threads were stopped: 0.0005810 seconds, Stopping threads took: 0.0000500 seconds
203.246: Application time: 0.0725640 seconds
203.246: [GC [PSYoungGen: 18428K->352K(18944K)] 42446K->24583K(48128K), 0.0004600 secs] [Times: user=0.00 sys=0.00, real=0.00 secs] 
203.246: Total time for which application threads were stopped: 0.0005790 seconds, Stopping threads took: 0.0000600 seconds
203.323: Application time: 0.0768280 seconds
203.323: [GC [PSYoungGen: 18272K->384K(18944K)] 42503K->24868K(48128K), 0.0004480 secs] [Times: user=0.00 sys=0.00, real=0.00 secs] 
203.324: Total time for which application threads were stopped: 0.0005580 seconds, Stopping threads took: 0.0000510 seconds
203.403: Application time: 0.0793300 seconds
203.403: [GC [PSYoungGen: 18299K->0K(18944K)] 42783K->24748K(48128K), 0.0004090 secs] [Times: user=0.00 sys=0.00, real=0.00 secs] 
203.404: Total time for which application threads were stopped: 0.0005330 seconds, Stopping threads took: 0.0000630 seconds
203.481: Application time: 0.0770780 seconds
203.481: [GC [PSYoungGen: 17915K->384K(18944K)] 42663K->25132K(48128K), 0.0004300 secs] [Times: user=0.00 sys=0.00, real=0.00 secs] 
203.481: Total time for which application threads were stopped: 0.0005520 seconds, Stopping threads took: 0.0000520 seconds
203.560: Application time: 0.0783850 seconds
203.560: [GC [PSYoungGen: 18301K->320K(18944K)] 43050K->25320K(48128K), 0.0004390 secs] [Times: user=0.00 sys=0.00, real=0.01 secs] 
203.560: Total time for which application threads were stopped: 0.0005480 seconds, Stopping threads took: 0.0000440 seconds
203.640: Application time: 0.0794160 seconds
203.640: [GC [PSYoungGen: 18237K->256K(18944K)] 43238K->25272K(48128K), 0.0004770 secs] [Times: user=0.00 sys=0.00, real=0.01 secs] 
203.640: Total time for which application threads were stopped: 0.0006140 seconds, Stopping threads took: 0.0000720 seconds
203.700: Application time: 0.0595400 seconds
203.700: [GC [PSYoungGen: 18175K->384K(18944K)] 43192K->25621K(48128K), 0.0004630 secs] [Times: user=0.00 sys=0.00, real=0.00 secs] 
203.700: Total time for which application threads were stopped: 0.0005740 seconds, Stopping threads took: 0.0000460 seconds
203.758: Application time: 0.0578900 seconds
203.758: [GC [PSYoungGen: 18299K->576K(18944K)] 43536K->25877K(48128K), 0.0004870 secs] [Times: user=0.00 sys=0.00, real=0.00 secs] 
203.759: Total time for which application threads were stopped: 0.0006150 seconds, Stopping threads took: 0.0000660 seconds
203.836: Application time: 0.0775650 seconds
203.836: [GC [PSYoungGen: 18493K->288K(18944K)] 43795K->25829K(48128K), 0.0005260 secs] [Times: user=0.01 sys=0.00, real=0.00 secs] 
203.837: Total time for which application threads were stopped: 0.0006590 seconds, Stopping threads took: 0.0000690 seconds
203.906: Application time: 0.0692550 seconds
203.906: [GC [PSYoungGen: 18205K->352K(18944K)] 43747K->26117K(48128K), 0.0004470 secs] [Times: user=0.00 sys=0.00, real=0.00 secs] 
203.907: Total time for which application threads were stopped: 0.0005750 seconds, Stopping threads took: 0.0000640 seconds
203.965: Application time: 0.0581860 seconds
203.965: [GC [PSYoungGen: 18269K->576K(18944K)] 44035K->26405K(48128K), 0.0004860 secs] [Times: user=0.01 sys=0.00, real=0.00 secs] 
203.966: Total time for which application threads were stopped: 0.0005950 seconds, Stopping threads took: 0.0000480 seconds
204.018: Application time: 0.0526770 seconds
204.018: [GC [PSYoungGen: 18494K->800K(18944K)] 44324K->26694K(48128K), 0.0004980 secs] [Times: user=0.00 sys=0.00, real=0.00 secs] 
204.019: Total time for which application threads were stopped: 0.0006200 seconds, Stopping threads took: 0.0000530 seconds
204.087: Application time: 0.0685730 seconds
204.088: [GC [PSYoungGen: 18717K->736K(18944K)] 44611K->26866K(48128K), 0.0005240 secs] [Times: user=0.00 sys=0.00, real=0.00 secs] 
204.088: Total time for which application threads were stopped: 0.0006550 seconds, Stopping threads took: 0.0000690 seconds
204.164: Application time: 0.0754990 seconds
204.168: [GC [PSYoungGen: 18652K->544K(18944K)] 44783K->27095K(48128K), 0.0005410 secs] [Times: user=0.00 sys=0.00, real=0.00 secs] 
204.168: Total time for which application threads were stopped: 0.0046820 seconds, Stopping threads took: 0.0040800 seconds
204.249: Application time: 0.0802560 seconds
204.249: [GC [PSYoungGen: 18460K->0K(18944K)] 45011K->26968K(48128K), 0.0004450 secs] [Times: user=0.00 sys=0.00, real=0.00 secs] 
204.249: Total time for which application threads were stopped: 0.0005700 seconds, Stopping threads took: 0.0000650 seconds
204.327: Application time: 0.0776800 seconds
204.327: [GC [PSYoungGen: 17919K->384K(18944K)] 44888K->27352K(48128K), 0.0004250 secs] [Times: user=0.00 sys=0.00, real=0.00 secs] 
204.327: Total time for which application threads were stopped: 0.0005440 seconds, Stopping threads took: 0.0000580 seconds
204.405: Application time: 0.0774780 seconds
204.405: [GC [PSYoungGen: 18303K->352K(18944K)] 45272K->27556K(48128K), 0.0004490 secs] [Times: user=0.00 sys=0.00, real=0.00 secs] 
204.405: Total time for which application threads were stopped: 0.0005790 seconds, Stopping threads took: 0.0000650 seconds
204.484: Application time: 0.0781790 seconds
204.484: [GC [PSYoungGen: 18271K->416K(18944K)] 45476K->27844K(48128K), 0.0004530 secs] [Times: user=0.00 sys=0.00, real=0.00 secs] 
204.484: Total time for which application threads were stopped: 0.0005870 seconds, Stopping threads took: 0.0000730 seconds
204.564: Application time: 0.0799350 seconds
204.564: [GC [PSYoungGen: 18332K->0K(18944K)] 45760K->27665K(48128K), 0.0004390 secs] [Times: user=0.00 sys=0.00, real=0.00 secs] 
204.565: Total time for which application threads were stopped: 0.0005630 seconds, Stopping threads took: 0.0000510 seconds
204.626: Application time: 0.0615560 seconds
204.626: [GC [PSYoungGen: 17917K->384K(18944K)] 45582K->28049K(48128K), 0.0004270 secs] [Times: user=0.00 sys=0.00, real=0.00 secs] 
204.627: Total time for which application threads were stopped: 0.0005530 seconds, Stopping threads took: 0.0000650 seconds
204.703: Application time: 0.0759950 seconds
204.703: [GC [PSYoungGen: 18301K->416K(18944K)] 45967K->28097K(48128K), 0.0004410 secs] [Times: user=0.00 sys=0.00, real=0.00 secs] 
204.703: Total time for which application threads were stopped: 0.0005610 seconds, Stopping threads took: 0.0000480 seconds
204.771: Application time: 0.0678350 seconds
204.771: [GC [PSYoungGen: 18334K->288K(18944K)] 46015K->28173K(48128K), 0.0004690 secs] [Times: user=0.00 sys=0.00, real=0.01 secs] 
204.772: Total time for which application threads were stopped: 0.0005910 seconds, Stopping threads took: 0.0000590 seconds
204.841: Application time: 0.0694990 seconds
204.841: [GC [PSYoungGen: 18204K->384K(18944K)] 46090K->28277K(48128K), 0.0004090 secs] [Times: user=0.00 sys=0.00, real=0.00 secs] 
204.842: Total time for which application threads were stopped: 0.0005300 seconds, Stopping threads took: 0.0000610 seconds
204.900: Application time: 0.0580210 seconds
204.900: [GC [PSYoungGen: 18302K->544K(18944K)] 46196K->28445K(48128K), 0.0004360 secs] [Times: user=0.00 sys=0.00, real=0.00 secs] 
204.900: Total time for which application threads were stopped: 0.0005580 seconds, Stopping threads took: 0.0000570 seconds
204.977: Application time: 0.0769890 seconds
204.978: [GC [PSYoungGen: 18462K->384K(18944K)] 46364K->28506K(48128K), 0.0004620 secs] [Times: user=0.01 sys=0.00, real=0.00 secs] 
204.978: Total time for which application threads were stopped: 0.0005800 seconds, Stopping threads took: 0.0000590 seconds
205.054: Application time: 0.0763590 seconds
205.054: [GC [PSYoungGen: 18302K->416K(18944K)] 46424K->28791K(48128K), 0.0004500 secs] [Times: user=0.00 sys=0.00, real=0.00 secs] 
205.055: Total time for which application threads were stopped: 0.0005770 seconds, Stopping threads took: 0.0000640 seconds
205.134: Application time: 0.0787770 seconds
205.134: [GC [PSYoungGen: 18332K->0K(18944K)] 46707K->28631K(48128K), 0.0004210 secs] [Times: user=0.00 sys=0.00, real=0.00 secs] 
205.134: Total time for which application threads were stopped: 0.0005520 seconds, Stopping threads took: 0.0000600 seconds
205.211: Application time: 0.0769930 seconds
205.211: [GC [PSYoungGen: 17915K->320K(18944K)] 46546K->28951K(48128K), 0.0004830 secs] [Times: user=0.00 sys=0.00, real=0.01 secs] 
205.212: Total time for which application threads were stopped: 0.0006000 seconds, Stopping threads took: 0.0000530 seconds
205.290: Application time: 0.0777550 seconds
205.290: [GC [PSYoungGen: 18236K->320K(18944K)] 46867K->29195K(48128K), 0.0004450 secs] [Times: user=0.00 sys=0.00, real=0.00 secs] 
205.290: [Full GC [PSYoungGen: 320K->0K(18944K)] [ParOldGen: 28875K->4415K(28672K)] 29195K->4415K(47616K) [PSPermGen: 5578K->5578K(21504K)], 0.0057740 secs] [Times: user=0.02 sys=0.01, real=0.01 secs] 
205.296: Total time for which application threads were stopped: 0.0063810 seconds, Stopping threads took: 0.0000520 seconds
205.376: Application time: 0.0796000 seconds
205.376: [GC [PSYoungGen: 17916K->0K(18944K)] 22331K->4415K(47616K), 0.0003590 secs] [Times: user=0.00 sys=0.00, real=0.00 secs] 
205.376: Total time for which application threads were stopped: 0.0004760 seconds, Stopping threads took: 0.0000530 seconds
205.435: Application time: 0.0591400 seconds
205.435: Total time for which application threads were stopped: 0.0000900 seconds, Stopping threads took: 0.0000680 seconds
205.435: Application time: 0.0000420 seconds
205.435: [GC [PSYoungGen: 17918K->416K(18944K)] 22466K->4964K(47616K), 0.0004070 secs] [Times: user=0.00 sys=0.00, real=0.00 secs] 
205.436: Total time for which application threads were stopped: 0.0004850 seconds, Stopping threads took: 0.0000290 seconds
205.496: Application time: 0.0599200 seconds
205.496: [GC [PSYoungGen: 18334K->512K(18944K)] 23167K->5400K(47616K), 0.0005030 secs] [Times: user=0.00 sys=0.00, real=0.00 secs] 
205.496: Total time for which application threads were stopped: 0.0006030 seconds, Stopping threads took: 0.0000380 seconds
205.574: Application time: 0.0776220 seconds
205.574: [GC [PSYoungGen: 18431K->288K(18944K)] 23320K->5560K(47616K), 0.0004290 secs] [Times: user=0.00 sys=0.00, real=0.00 secs] 
205.575: Total time for which application threads were stopped: 0.0005390 seconds, Stopping threads took: 0.0000500 seconds
205.639: Application time: 0.0643130 seconds
205.639: [GC [PSYoungGen: 18206K->384K(18944K)] 23479K->5888K(47616K), 0.0004160 secs] [Times: user=0.01 sys=0.00, real=0.00 secs] 
205.639: Total time for which application threads were stopped: 0.0005550 seconds, Stopping threads took: 0.0000680 seconds
205.698: Application time: 0.0587400 seconds
205.698: [GC [PSYoungGen: 18301K->480K(18944K)] 23806K->6024K(47616K), 0.0005340 secs] [Times: user=0.00 sys=0.00, real=0.00 secs] 
205.699: Total time for which application threads were stopped: 0.0006470 seconds, Stopping threads took: 0.0000550 seconds
205.749: Application time: 0.0505650 seconds
205.749: [GC [PSYoungGen: 18399K->768K(18944K)] 23944K->6368K(47616K), 0.0004670 secs] [Times: user=0.00 sys=0.00, real=0.00 secs] 
205.750: Total time for which application threads were stopped: 0.0005780 seconds, Stopping threads took: 0.0000500 seconds
205.823: Application time: 0.0734640 seconds
205.823: [GC [PSYoungGen: 18686K->704K(18944K)] 24287K->6549K(47616K), 0.0004600 secs] [Times: user=0.00 sys=0.00, real=0.00 secs] 
205.824: Total time for which application threads were stopped: 0.0005750 seconds, Stopping threads took: 0.0000530 seconds
205.900: Application time: 0.0764040 seconds
205.900: [GC [PSYoungGen: 18623K->320K(18944K)] 24469K->6891K(47616K), 0.0005390 secs] [Times: user=0.00 sys=0.00, real=0.00 secs] 
205.901: Total time for which application threads were stopped: 0.0006510 seconds, Stopping threads took: 0.0000470 seconds
205.980: Application time: 0.0790320 seconds
205.980: [GC [PSYoungGen: 18235K->0K(18944K)] 24806K->6799K(47616K), 0.0003950 secs] [Times: user=0.00 sys=0.00, real=0.00 secs] 
205.981: Total time for which application threads were stopped: 0.0005050 seconds, Stopping threads took: 0.0000490 seconds
206.058: Application time: 0.0771660 seconds
206.058: [GC [PSYoungGen: 17919K->384K(18944K)] 24719K->7183K(47616K), 0.0004100 secs] [Times: user=0.00 sys=0.00, real=0.00 secs] 
206.058: Total time for which application threads were stopped: 0.0005290 seconds, Stopping threads took: 0.0000580 seconds
206.135: Application time: 0.0762660 seconds
206.135: [GC [PSYoungGen: 18303K->544K(18944K)] 25103K->7572K(47616K), 0.0004500 secs] [Times: user=0.00 sys=0.00, real=0.00 secs] 
206.135: Total time for which application threads were stopped: 0.0005630 seconds, Stopping threads took: 0.0000540 seconds
206.214: Application time: 0.0789540 seconds
206.214: [GC [PSYoungGen: 18461K->256K(18944K)] 25490K->7488K(47616K), 0.0004630 secs] [Times: user=0.01 sys=0.00, real=0.00 secs] 
206.215: Total time for which application threads were stopped: 0.0006150 seconds, Stopping threads took: 0.0000780 seconds
206.294: Application time: 0.0795620 seconds
206.294: [GC [PSYoungGen: 18172K->0K(18944K)] 25404K->7437K(47616K), 0.0004650 secs] [Times: user=0.00 sys=0.00, real=0.00 secs] 
206.295: Total time for which application threads were stopped: 0.0006080 seconds, Stopping threads took: 0.0000790 seconds
206.354: Application time: 0.0596330 seconds
206.355: [GC [PSYoungGen: 17917K->320K(18944K)] 25354K->7757K(47616K), 0.0004270 secs] [Times: user=0.00 sys=0.00, real=0.00 secs] 
206.355: Total time for which application threads were stopped: 0.0005480 seconds, Stopping threads took: 0.0000610 seconds
206.433: Application time: 0.0780230 seconds
206.433: [GC [PSYoungGen: 18237K->288K(18944K)] 25675K->7749K(47616K), 0.0004020 secs] [Times: user=0.00 sys=0.00, real=0.00 secs] 
206.434: Total time for which application threads were stopped: 0.0005110 seconds, Stopping threads took: 0.0000520 seconds
206.499: Application time: 0.0651560 seconds
206.499: [GC [PSYoungGen: 18206K->288K(18944K)] 25667K->7953K(47616K), 0.0004590 secs] [Times: user=0.01 sys=0.00, real=0.00 secs] 
206.499: Total time for which application threads were stopped: 0.0005780 seconds, Stopping threads took: 0.0000550 seconds
206.568: Application time: 0.0683660 seconds
206.568: [GC [PSYoungGen: 18206K->480K(18944K)] 25872K->8153K(47616K), 0.0004630 secs] [Times: user=0.00 sys=0.00, real=0.00 secs] 
206.568: Total time for which application threads were stopped: 0.0005880 seconds, Stopping threads took: 0.0000540 seconds
206.630: Application time: 0.0616860 seconds
206.630: [GC [PSYoungGen: 18398K->512K(18944K)] 26072K->8209K(47616K), 0.0004080 secs] [Times: user=0.01 sys=0.00, real=0.00 secs] 
206.630: Total time for which application threads were stopped: 0.0005280 seconds, Stopping threads took: 0.0000590 seconds
206.707: Application time: 0.0768270 seconds
206.707: [GC [PSYoungGen: 18430K->384K(18944K)] 26128K->8310K(47616K), 0.0004250 secs] [Times: user=0.00 sys=0.00, real=0.00 secs] 
206.708: Total time for which application threads were stopped: 0.0005350 seconds, Stopping threads took: 0.0000460 seconds
206.784: Application time: 0.0763110 seconds
206.788: [GC [PSYoungGen: 18302K->416K(18944K)] 26228K->8586K(47616K), 0.0004750 secs] [Times: user=0.00 sys=0.00, real=0.00 secs] 
206.788: Total time for which application threads were stopped: 0.0041210 seconds, Stopping threads took: 0.0035740 seconds
206.867: Application time: 0.0787620 seconds
206.867: [GC [PSYoungGen: 18332K->0K(18944K)] 26502K->8418K(47616K), 0.0004350 secs] [Times: user=0.00 sys=0.00, real=0.00 secs] 
206.868: Total time for which application threads were stopped: 0.0005580 seconds, Stopping threads took: 0.0000630 seconds
206.944: Application time: 0.0766410 seconds
206.944: [GC [PSYoungGen: 17915K->384K(18944K)] 26334K->8803K(47616K), 0.0004080 secs] [Times: user=0.01 sys=0.00, real=0.00 secs] 
206.945: Total time for which application threads were stopped: 0.0005290 seconds, Stopping threads took: 0.0000610 seconds
207.022: Application time: 0.0773980 seconds
207.022: [GC [PSYoungGen: 18303K->288K(18944K)] 26722K->8951K(47616K), 0.0004600 secs] [Times: user=0.00 sys=0.00, real=0.00 secs] 
207.024: Total time for which application threads were stopped: 0.0017970 seconds, Stopping threads took: 0.0000550 seconds
207.100: Application time: 0.0760600 seconds
207.100: [GC [PSYoungGen: 18203K->352K(18944K)] 26866K->9235K(47616K), 0.0004810 secs] [Times: user=0.00 sys=0.00, real=0.00 secs] 
207.101: Total time for which application threads were stopped: 0.0005970 seconds, Stopping threads took: 0.0000540 seconds
207.158: Application time: 0.0576080 seconds
207.158: [GC [PSYoungGen: 18271K->704K(18944K)] 27154K->9595K(47616K), 0.0004410 secs] [Times: user=0.00 sys=0.00, real=0.00 secs] 
207.159: Total time for which application threads were stopped: 0.0005570 seconds, Stopping threads took: 0.0000550 seconds
207.221: Application time: 0.0622450 seconds
207.221: [GC [PSYoungGen: 18622K->544K(18944K)] 27514K->9483K(47616K), 0.0005040 secs] [Times: user=0.00 sys=0.00, real=0.00 secs] 
207.222: Total time for which application threads were stopped: 0.0006360 seconds, Stopping threads took: 0.0000700 seconds
207.299: Application time: 0.0773720 seconds
207.299: [GC [PSYoungGen: 18461K->256K(18944K)] 27401K->9432K(47616K), 0.0004930 secs] [Times: user=0.00 sys=0.00, real=0.00 secs] 
207.300: Total time for which application threads were stopped: 0.0006280 seconds, Stopping threads took: 0.0000590 seconds
207.360: Application time: 0.0603330 seconds
207.360: [GC [PSYoungGen: 18175K->416K(18944K)] 27351K->9824K(47616K), 0.0004180 secs] [Times: user=0.00 sys=0.00, real=0.00 secs] 
207.361: Total time for which application threads were stopped: 0.0005560 seconds, Stopping threads took: 0.0000760 seconds
207.414: Application time: 0.0534170 seconds
207.414: [GC [PSYoungGen: 18331K->832K(18944K)] 27740K->10296K(47616K), 0.0004670 secs] [Times: user=0.00 sys=0.00, real=0.00 secs] 
207.415: Total time for which application threads were stopped: 0.0005840 seconds, Stopping threads took: 0.0000550 seconds
207.474: Application time: 0.0596350 seconds
207.474: [GC [PSYoungGen: 18750K->704K(18944K)] 28214K->10264K(47616K), 0.0004810 secs] [Times: user=0.00 sys=0.00, real=0.00 secs] 
207.475: Total time for which application threads were stopped: 0.0005920 seconds, Stopping threads took: 0.0000470 seconds
207.548: Application time: 0.0735940 seconds
207.549: [GC [PSYoungGen: 18622K->704K(18944K)] 28183K->10476K(47616K), 0.0005100 secs] [Times: user=0.00 sys=0.00, real=0.00 secs] 
207.549: Total time for which application threads were stopped: 0.0006290 seconds, Stopping threads took: 0.0000570 seconds
207.625: Application time: 0.0764130 seconds
207.626: [GC [PSYoungGen: 18623K->384K(18944K)] 28396K->10754K(47616K), 0.0004750 secs] [Times: user=0.00 sys=0.00, real=0.00 secs] 
207.626: Total time for which application threads were stopped: 0.0005970 seconds, Stopping threads took: 0.0000600 seconds
207.704: Application time: 0.0783490 seconds
207.704: [GC [PSYoungGen: 18300K->0K(18944K)] 28670K->10594K(47616K), 0.0004060 secs] [Times: user=0.00 sys=0.00, real=0.00 secs] 
207.705: Total time for which application threads were stopped: 0.0005110 seconds, Stopping threads took: 0.0000450 seconds
207.782: Application time: 0.0771150 seconds
207.782: [GC [PSYoungGen: 17919K->384K(18944K)] 28514K->10978K(47616K), 0.0004060 secs] [Times: user=0.00 sys=0.00, real=0.00 secs] 
207.783: Total time for which application threads were stopped: 0.0005140 seconds, Stopping threads took: 0.0000480 seconds
207.858: Application time: 0.0752830 seconds
207.858: [GC [PSYoungGen: 18302K->576K(18944K)] 28897K->11383K(47616K), 0.0004380 secs] [Times: user=0.00 sys=0.00, real=0.00 secs] 
207.858: Total time for which application threads were stopped: 0.0005870 seconds, Stopping threads took: 0.0000780 seconds
207.938: Application time: 0.0797040 seconds
207.938: [GC [PSYoungGen: 18492K->0K(18944K)] 29299K->11219K(47616K), 0.0004450 secs] [Times: user=0.00 sys=0.00, real=0.00 secs] 
207.939: Total time for which application threads were stopped: 0.0005700 seconds, Stopping threads took: 0.0000610 seconds
208.017: Application time: 0.0785060 seconds
208.017: [GC [PSYoungGen: 17918K->352K(18944K)] 29138K->11571K(47616K), 0.0003990 secs] [Times: user=0.00 sys=0.00, real=0.00 secs] 
208.018: Total time for which application threads were stopped: 0.0005040 seconds, Stopping threads took: 0.0000440 seconds
208.079: Application time: 0.0614130 seconds
208.079: [GC [PSYoungGen: 18271K->384K(18944K)] 29491K->11619K(47616K), 0.0004770 secs] [Times: user=0.00 sys=0.00, real=0.01 secs] 
208.080: Total time for which application threads were stopped: 0.0006070 seconds, Stopping threads took: 0.0000650 seconds
208.158: Application time: 0.0779760 seconds
208.160: [GC [PSYoungGen: 18303K->384K(18944K)] 29539K->11635K(47616K), 0.0003840 secs] [Times: user=0.00 sys=0.00, real=0.00 secs] 
208.160: Total time for which application threads were stopped: 0.0024440 seconds, Stopping threads took: 0.0020000 seconds
208.222: Application time: 0.0614530 seconds
208.222: [GC [PSYoungGen: 18300K->384K(18944K)] 29552K->11848K(47616K), 0.0004350 secs] [Times: user=0.00 sys=0.00, real=0.00 secs] 
208.222: Total time for which application threads were stopped: 0.0005700 seconds, Stopping threads took: 0.0000710 seconds
208.290: Application time: 0.0680410 seconds
208.290: [GC [PSYoungGen: 18304K->544K(18944K)] 29768K->12016K(47616K), 0.0004140 secs] [Times: user=0.00 sys=0.00, real=0.00 secs] 
208.291: Total time for which application threads were stopped: 0.0005300 seconds, Stopping threads took: 0.0000560 seconds
208.357: Application time: 0.0664180 seconds
208.357: [GC [PSYoungGen: 18459K->352K(18944K)] 29932K->12048K(47616K), 0.0004300 secs] [Times: user=0.00 sys=0.00, real=0.00 secs] 
208.358: Total time for which application threads were stopped: 0.0005360 seconds, Stopping threads took: 0.0000430 seconds
208.435: Application time: 0.0775240 seconds
208.435: [GC [PSYoungGen: 18270K->384K(18944K)] 29966K->12096K(47616K), 0.0003950 secs] [Times: user=0.00 sys=0.00, real=0.00 secs] 
208.436: Total time for which application threads were stopped: 0.0005250 seconds, Stopping threads took: 0.0000530 seconds
208.512: Application time: 0.0767240 seconds
208.513: [GC [PSYoungGen: 18302K->352K(18944K)] 30014K->12300K(47616K), 0.0004580 secs] [Times: user=0.00 sys=0.00, real=0.00 secs] 
208.513: Total time for which application threads were stopped: 0.0006030 seconds, Stopping threads took: 0.0000750 seconds
208.592: Application time: 0.0793010 seconds
208.592: [GC [PSYoungGen: 18268K->0K(18944K)] 30216K->12196K(47616K), 0.0004090 secs] [Times: user=0.01 sys=0.00, real=0.00 secs] 
208.593: Total time for which application threads were stopped: 0.0005180 seconds, Stopping threads took: 0.0000460 seconds
208.670: Application time: 0.0773210 seconds
208.670: [GC [PSYoungGen: 17918K->384K(18944K)] 30115K->12580K(47616K), 0.0004030 secs] [Times: user=0.00 sys=0.00, real=0.00 secs] 
208.671: Total time for which application threads were stopped: 0.0005140 seconds, Stopping threads took: 0.0000470 seconds
208.749: Application time: 0.0780770 seconds
208.749: [GC [PSYoungGen: 18303K->416K(18944K)] 30500K->12876K(47616K), 0.0004380 secs] [Times: user=0.00 sys=0.00, real=0.00 secs] 
208.749: Total time for which application threads were stopped: 0.0005660 seconds, Stopping threads took: 0.0000680 seconds
208.818: Application time: 0.0686680 seconds
208.818: [GC [PSYoungGen: 18334K->384K(18944K)] 30795K->13077K(47616K), 0.0004420 secs] [Times: user=0.00 sys=0.00, real=0.00 secs] 
208.819: Total time for which application threads were stopped: 0.0005570 seconds, Stopping threads took: 0.0000550 seconds
208.878: Application time: 0.0593120 seconds
208.878: [GC [PSYoungGen: 18301K->544K(18944K)] 30994K->13245K(47616K), 0.0004130 secs] [Times: user=0.01 sys=0.00, real=0.00 secs] 
208.878: Total time for which application threads were stopped: 0.0005280 seconds, Stopping threads took: 0.0000520 seconds
208.947: Application time: 0.0683870 seconds
208.947: [GC [PSYoungGen: 18462K->640K(18944K)] 31163K->13405K(47616K), 0.0004580 secs] [Times: user=0.00 sys=0.00, real=0.00 secs] 
208.947: Total time for which application threads were stopped: 0.0005870 seconds, Stopping threads took: 0.0000550 seconds
209.025: Application time: 0.0777440 seconds
209.025: [GC [PSYoungGen: 18557K->384K(18944K)] 31323K->13393K(47616K), 0.0004390 secs] [Times: user=0.00 sys=0.00, real=0.00 secs] 
209.026: Total time for which application threads were stopped: 0.0005650 seconds, Stopping threads took: 0.0000610 seconds
209.084: Application time: 0.0586540 seconds
209.085: [GC [PSYoungGen: 18300K->288K(18944K)] 31310K->13502K(47616K), 0.0004970 secs] [Times: user=0.00 sys=0.00, real=0.00 secs] 
209.085: Total time for which application threads were stopped: 0.0006060 seconds, Stopping threads took: 0.0000490 seconds
209.143: Application time: 0.0579340 seconds
209.143: [GC [PSYoungGen: 18207K->768K(18944K)] 31421K->14038K(47616K), 0.0004670 secs] [Times: user=0.00 sys=0.00, real=0.00 secs] 
209.144: Total time for which application threads were stopped: 0.0005710 seconds, Stopping threads took: 0.0000420 seconds
209.201: Application time: 0.0570740 seconds
209.201: [GC [PSYoungGen: 18687K->512K(18944K)] 31957K->14018K(47616K), 0.0005270 secs] [Times: user=0.00 sys=0.00, real=0.00 secs] 
209.201: Total time for which application threads were stopped: 0.0006380 seconds, Stopping threads took: 0.0000500 seconds
209.274: Application time: 0.0725860 seconds
209.274: [GC [PSYoungGen: 18430K->960K(18944K)] 31937K->14522K(47616K), 0.0005030 secs] [Times: user=0.00 sys=0.00, real=0.00 secs] 
209.274: Total time for which application threads were stopped: 0.0006290 seconds, Stopping threads took: 0.0000620 seconds
209.352: Application time: 0.0774470 seconds
209.352: [GC [PSYoungGen: 18877K->288K(18944K)] 32440K->14464K(47616K), 0.0005400 secs] [Times: user=0.00 sys=0.00, real=0.00 secs] 
209.353: Total time for which application threads were stopped: 0.0006510 seconds, Stopping threads took: 0.0000500 seconds
209.432: Application time: 0.0797110 seconds
209.432: [GC [PSYoungGen: 18206K->0K(18944K)] 32382K->14408K(47616K), 0.0004200 secs] [Times: user=0.00 sys=0.00, real=0.00 secs] 
209.433: Total time for which application threads were stopped: 0.0005280 seconds, Stopping threads took: 0.0000450 seconds
209.510: Application time: 0.0776610 seconds
209.511: [GC [PSYoungGen: 17919K->384K(18944K)] 32328K->14792K(47616K), 0.0004220 secs] [Times: user=0.00 sys=0.00, real=0.00 secs] 
209.511: Total time for which application threads were stopped: 0.0005490 seconds, Stopping threads took: 0.0000550 seconds
209.587: Application time: 0.0759650 seconds
209.587: [GC [PSYoungGen: 18302K->512K(18944K)] 32711K->15141K(47616K), 0.0004480 secs] [Times: user=0.00 sys=0.00, real=0.00 secs] 
209.588: Total time for which application threads were stopped: 0.0005610 seconds, Stopping threads took: 0.0000520 seconds
209.667: Application time: 0.0796580 seconds
209.667: [GC [PSYoungGen: 18428K->0K(18944K)] 33057K->15033K(47616K), 0.0004690 secs] [Times: user=0.00 sys=0.00, real=0.00 secs] 
209.668: Total time for which application threads were stopped: 0.0005810 seconds, Stopping threads took: 0.0000490 seconds
209.740: Application time: 0.0720850 seconds
209.740: [GC [PSYoungGen: 17919K->384K(18944K)] 32953K->15417K(47616K), 0.0004080 secs] [Times: user=0.00 sys=0.00, real=0.00 secs] 
209.740: Total time for which application threads were stopped: 0.0005220 seconds, Stopping threads took: 0.0000520 seconds
209.808: Application time: 0.0677900 seconds
209.808: [GC [PSYoungGen: 18299K->352K(18944K)] 33333K->15401K(47616K), 0.0004020 secs] [Times: user=0.00 sys=0.00, real=0.00 secs] 
209.809: Total time for which application threads were stopped: 0.0005210 seconds, Stopping threads took: 0.0000580 seconds
209.885: Application time: 0.0766100 seconds
209.885: [GC [PSYoungGen: 18269K->512K(18944K)] 33319K->15577K(47616K), 0.0004270 secs] [Times: user=0.00 sys=0.00, real=0.00 secs] 
209.886: Total time for which application threads were stopped: 0.0005510 seconds, Stopping threads took: 0.0000650 seconds
209.947: Application time: 0.0613700 seconds
209.947: [GC [PSYoungGen: 18430K->384K(18944K)] 33496K->15678K(47616K), 0.0004330 secs] [Times: user=0.01 sys=0.00, real=0.00 secs] 
209.948: Total time for which application threads were stopped: 0.0005530 seconds, Stopping threads took: 0.0000570 seconds
210.012: Application time: 0.0645750 seconds
210.012: [GC [PSYoungGen: 18302K->544K(18944K)] 33596K->15862K(47616K), 0.0004220 secs] [Times: user=0.00 sys=0.00, real=0.00 secs] 
210.013: Total time for which application threads were stopped: 0.0005430 seconds, Stopping threads took: 0.0000490 seconds
210.085: Application time: 0.0723250 seconds
210.085: [GC [PSYoungGen: 18461K->288K(18944K)] 33780K->15826K(47616K), 0.0004730 secs] [Times: user=0.00 sys=0.00, real=0.00 secs] 
210.086: Total time for which application threads were stopped: 0.0005980 seconds, Stopping threads took: 0.0000600 seconds
210.161: Application time: 0.0755270 seconds
210.161: [GC [PSYoungGen: 18206K->640K(18944K)] 33745K->16186K(47616K), 0.0004390 secs] [Times: user=0.00 sys=0.00, real=0.00 secs] 
210.162: Total time for which application threads were stopped: 0.0005580 seconds, Stopping threads took: 0.0000570 seconds
210.241: Application time: 0.0794830 seconds
210.242: [GC [PSYoungGen: 18558K->0K(18944K)] 34104K->16026K(47616K), 0.0004410 secs] [Times: user=0.00 sys=0.00, real=0.00 secs] 
210.242: Total time for which application threads were stopped: 0.0005630 seconds, Stopping threads took: 0.0000600 seconds
210.320: Application time: 0.0777590 seconds
210.320: [GC [PSYoungGen: 17915K->320K(18944K)] 33942K->16346K(47616K), 0.0004220 secs] [Times: user=0.00 sys=0.00, real=0.00 secs] 
210.320: Total time for which application threads were stopped: 0.0005450 seconds, Stopping threads took: 0.0000580 seconds
210.400: Application time: 0.0801650 seconds
210.401: [GC [PSYoungGen: 18236K->0K(18944K)] 34262K->16279K(47616K), 0.0003960 secs] [Times: user=0.00 sys=0.00, real=0.00 secs] 
210.401: Total time for which application threads were stopped: 0.0005430 seconds, Stopping threads took: 0.0000850 seconds
210.479: Application time: 0.0783750 seconds
210.479: [GC [PSYoungGen: 17919K->384K(18944K)] 34198K->16663K(47616K), 0.0004210 secs] [Times: user=0.00 sys=0.00, real=0.01 secs] 
210.480: Total time for which application threads were stopped: 0.0005520 seconds, Stopping threads took: 0.0000570 seconds
210.541: Application time: 0.0609100 seconds
210.541: [GC [PSYoungGen: 18300K->352K(18944K)] 34580K->16851K(47616K), 0.0004170 secs] [Times: user=0.00 sys=0.00, real=0.00 secs] 
210.541: Total time for which application threads were stopped: 0.0005360 seconds, Stopping threads took: 0.0000460 seconds
210.599: Application time: 0.0577130 seconds
210.599: [GC [PSYoungGen: 18269K->608K(18944K)] 34769K->17115K(47616K), 0.0004420 secs] [Times: user=0.00 sys=0.00, real=0.00 secs] 
210.600: Total time for which application threads were stopped: 0.0005650 seconds, Stopping threads took: 0.0000610 seconds
210.677: Application time: 0.0768560 seconds
210.677: [GC [PSYoungGen: 18525K->544K(18944K)] 35033K->17148K(47616K), 0.0004270 secs] [Times: user=0.00 sys=0.00, real=0.00 secs] 
210.677: Total time for which application threads were stopped: 0.0005460 seconds, Stopping threads took: 0.0000580 seconds
210.749: Application time: 0.0717780 seconds
210.749: [GC [PSYoungGen: 18460K->384K(18944K)] 35064K->17408K(47616K), 0.0004650 secs] [Times: user=0.01 sys=0.00, real=0.00 secs] 
210.749: Total time for which application threads were stopped: 0.0006030 seconds, Stopping threads took: 0.0000760 seconds
210.816: Application time: 0.0666880 seconds
210.816: [GC [PSYoungGen: 18299K->352K(18944K)] 35324K->17432K(47616K), 0.0004120 secs] [Times: user=0.00 sys=0.00, real=0.00 secs] 
210.817: Total time for which application threads were stopped: 0.0005200 seconds, Stopping threads took: 0.0000450 seconds
210.887: Application time: 0.0699600 seconds
210.887: [GC [PSYoungGen: 18271K->512K(18944K)] 35351K->17600K(47616K), 0.0004650 secs] [Times: user=0.00 sys=0.00, real=0.00 secs] 
210.887: Total time for which application threads were stopped: 0.0005860 seconds, Stopping threads took: 0.0000560 seconds
210.935: Application time: 0.0479960 seconds
210.935: [GC [PSYoungGen: 18428K->768K(18944K)] 35517K->18117K(47616K), 0.0005290 secs] [Times: user=0.00 sys=0.00, real=0.00 secs] 
210.936: Total time for which application threads were stopped: 0.0006470 seconds, Stopping threads took: 0.0000560 seconds
211.006: Application time: 0.0704730 seconds
211.006: [GC [PSYoungGen: 18667K->608K(18944K)] 36016K->18201K(47616K), 0.0005020 secs] [Times: user=0.00 sys=0.00, real=0.00 secs] 
211.007: Total time for which application threads were stopped: 0.0006180 seconds, Stopping threads took: 0.0000560 seconds
211.085: Application time: 0.0782400 seconds
211.088: [GC [PSYoungGen: 18525K->224K(18944K)] 36119K->18295K(47616K), 0.0004630 secs] [Times: user=0.00 sys=0.00, real=0.00 secs] 
211.088: Total time for which application threads were stopped: 0.0030670 seconds, Stopping threads took: 0.0025350 seconds
211.166: Application time: 0.0780780 seconds
211.166: [GC [PSYoungGen: 18143K->320K(18944K)] 36214K->18527K(47616K), 0.0004450 secs] [Times: user=0.00 sys=0.00, real=0.00 secs] 
211.167: Total time for which application threads were stopped: 0.0005670 seconds, Stopping threads took: 0.0000580 seconds
211.245: Application time: 0.0777860 seconds
211.245: [GC [PSYoungGen: 18237K->352K(18944K)] 36445K->18583K(47616K), 0.0004050 secs] [Times: user=0.00 sys=0.00, real=0.00 secs] 
211.245: Total time for which application threads were stopped: 0.0005390 seconds, Stopping threads took: 0.0000720 seconds
211.325: Application time: 0.0793580 seconds
211.325: [GC [PSYoungGen: 18271K->416K(18944K)] 36503K->18859K(47616K), 0.0004490 secs] [Times: user=0.01 sys=0.00, real=0.00 secs] 
211.325: Total time for which application threads were stopped: 0.0005790 seconds, Stopping threads took: 0.0000700 seconds
211.410: Application time: 0.0851160 seconds
211.410: [GC [PSYoungGen: 18335K->416K(18944K)] 36779K->19080K(47616K), 0.0004450 secs] [Times: user=0.00 sys=0.00, real=0.00 secs] 
211.411: Total time for which application threads were stopped: 0.0005830 seconds, Stopping threads took: 0.0000730 seconds
211.482: Application time: 0.0716070 seconds
211.483: [GC [PSYoungGen: 18331K->320K(18944K)] 36996K->19205K(47616K), 0.0005220 secs] [Times: user=0.00 sys=0.00, real=0.00 secs] 
211.483: Total time for which application threads were stopped: 0.0006400 seconds, Stopping threads took: 0.0000540 seconds
211.564: Application time: 0.0805350 seconds
211.564: [GC [PSYoungGen: 18237K->352K(18944K)] 37122K->19253K(47616K), 0.0004930 secs] [Times: user=0.01 sys=0.00, real=0.00 secs] 
211.564: Total time for which application threads were stopped: 0.0006120 seconds, Stopping threads took: 0.0000550 seconds
211.637: Application time: 0.0730670 seconds
211.637: [GC [PSYoungGen: 18271K->480K(18944K)] 37172K->19389K(47616K), 0.0004990 secs] [Times: user=0.00 sys=0.00, real=0.00 secs] 
211.638: Total time for which application threads were stopped: 0.0006310 seconds, Stopping threads took: 0.0000540 seconds
211.715: Application time: 0.0768000 seconds
211.715: [GC [PSYoungGen: 18398K->352K(18944K)] 37307K->19477K(47616K), 0.0004570 secs] [Times: user=0.00 sys=0.00, real=0.00 secs] 
211.715: Total time for which application threads were stopped: 0.0005800 seconds, Stopping threads took: 0.0000610 seconds
211.781: Application time: 0.0654980 seconds
211.781: [GC [PSYoungGen: 18268K->512K(18944K)] 37393K->19645K(47616K), 0.0004230 secs] [Times: user=0.01 sys=0.00, real=0.00 secs] 
211.781: Total time for which application threads were stopped: 0.0005590 seconds, Stopping threads took: 0.0000730 seconds
211.864: Application time: 0.0826870 seconds
211.864: [GC [PSYoungGen: 18430K->352K(18944K)] 37563K->19713K(47616K), 0.0004420 secs] [Times: user=0.00 sys=0.00, real=0.00 secs] 
211.865: Total time for which application threads were stopped: 0.0005680 seconds, Stopping threads took: 0.0000620 seconds
211.949: Application time: 0.0840140 seconds
211.949: [GC [PSYoungGen: 18271K->352K(18944K)] 37633K->19945K(47616K), 0.0004680 secs] [Times: user=0.00 sys=0.00, real=0.00 secs] 
211.949: Total time for which application threads were stopped: 0.0005770 seconds, Stopping threads took: 0.0000440 seconds
212.036: Application time: 0.0863800 seconds
212.036: [GC [PSYoungGen: 18268K->0K(18944K)] 37861K->19830K(47616K), 0.0005360 secs] [Times: user=0.00 sys=0.00, real=0.00 secs] 
212.037: Total time for which application threads were stopped: 0.0016460 seconds, Stopping threads took: 0.0000590 seconds
212.122: Application time: 0.0843160 seconds
212.122: [GC [PSYoungGen: 17915K->384K(18944K)] 37746K->20214K(47616K), 0.0006190 secs] [Times: user=0.00 sys=0.00, real=0.00 secs] 
212.122: Total time for which application threads were stopped: 0.0007500 seconds, Stopping threads took: 0.0000680 seconds
212.207: Application time: 0.0850720 seconds
212.208: [GC [PSYoungGen: 18303K->512K(18944K)] 38134K->20586K(47616K), 0.0005120 secs] [Times: user=0.00 sys=0.00, real=0.00 secs] 
212.208: Total time for which application threads were stopped: 0.0006340 seconds, Stopping threads took: 0.0000510 seconds
212.293: Application time: 0.0848470 seconds
212.293: [GC [PSYoungGen: 18427K->320K(18944K)] 38502K->20615K(47616K), 0.0004510 secs] [Times: user=0.00 sys=0.00, real=0.00 secs] 
212.294: Total time for which application threads were stopped: 0.0005790 seconds, Stopping threads took: 0.0000660 seconds
212.356: Application time: 0.0621000 seconds
212.356: [GC [PSYoungGen: 18236K->576K(18944K)] 38532K->20879K(47616K), 0.0005190 secs] [Times: user=0.00 sys=0.00, real=0.00 secs] 
212.356: Total time for which application threads were stopped: 0.0006410 seconds, Stopping threads took: 0.0000600 seconds
212.424: Application time: 0.0678280 seconds
212.424: [GC [PSYoungGen: 18495K->544K(18944K)] 38798K->20903K(47616K), 0.0004480 secs] [Times: user=0.00 sys=0.00, real=0.00 secs] 
212.425: Total time for which application threads were stopped: 0.0005640 seconds, Stopping threads took: 0.0000490 seconds
212.511: Application time: 0.0863920 seconds
212.511: [GC [PSYoungGen: 18461K->320K(18944K)] 38821K->20928K(47616K), 0.0005360 secs] [Times: user=0.00 sys=0.00, real=0.01 secs] 
212.512: Total time for which application threads were stopped: 0.0006610 seconds, Stopping threads took: 0.0000620 seconds
212.584: Application time: 0.0726470 seconds
212.584: [GC [PSYoungGen: 18239K->320K(18944K)] 38847K->21132K(47616K), 0.0005100 secs] [Times: user=0.00 sys=0.00, real=0.00 secs] 
212.585: Total time for which application threads were stopped: 0.0006380 seconds, Stopping threads took: 0.0000630 seconds
212.662: Application time: 0.0773380 seconds
212.664: [GC [PSYoungGen: 18238K->384K(18944K)] 39050K->21268K(47616K), 0.0004490 secs] [Times: user=0.01 sys=0.00, real=0.00 secs] 
212.664: Total time for which application threads were stopped: 0.0018830 seconds, Stopping threads took: 0.0013700 seconds
212.738: Application time: 0.0737120 seconds
212.738: [GC [PSYoungGen: 18303K->592K(18944K)] 39187K->21492K(47616K), 0.0004860 secs] [Times: user=0.00 sys=0.00, real=0.00 secs] 
212.739: Total time for which application threads were stopped: 0.0006120 seconds, Stopping threads took: 0.0000520 seconds
212.794: Application time: 0.0554940 seconds
212.794: [GC [PSYoungGen: 18511K->768K(18944K)] 39411K->21908K(47616K), 0.0005250 secs] [Times: user=0.01 sys=0.00, real=0.00 secs] 
212.795: Total time for which application threads were stopped: 0.0006560 seconds, Stopping threads took: 0.0000660 seconds
212.872: Application time: 0.0771000 seconds
212.872: [GC [PSYoungGen: 18685K->704K(18944K)] 39826K->22089K(47616K), 0.0005370 secs] [Times: user=0.01 sys=0.00, real=0.00 secs] 
212.872: Total time for which application threads were stopped: 0.0006590 seconds, Stopping threads took: 0.0000580 seconds
212.959: Application time: 0.0863980 seconds
212.959: [GC [PSYoungGen: 18620K->0K(18944K)] 40005K->21990K(47616K), 0.0004720 secs] [Times: user=0.00 sys=0.00, real=0.00 secs] 
212.959: Total time for which application threads were stopped: 0.0006150 seconds, Stopping threads took: 0.0000740 seconds
213.044: Application time: 0.0844160 seconds
213.044: [GC [PSYoungGen: 17919K->384K(18944K)] 39910K->22374K(47616K), 0.0004050 secs] [Times: user=0.01 sys=0.00, real=0.00 secs] 
213.044: Total time for which application threads were stopped: 0.0005160 seconds, Stopping threads took: 0.0000490 seconds
213.131: Application time: 0.0866520 seconds
213.131: [GC [PSYoungGen: 18300K->0K(18944K)] 40290K->22203K(47616K), 0.0004610 secs] [Times: user=0.00 sys=0.00, real=0.00 secs] 
213.132: Total time for which application threads were stopped: 0.0006100 seconds, Stopping threads took: 0.0000800 seconds
213.216: Application time: 0.0839960 seconds
213.216: [GC [PSYoungGen: 17917K->576K(18944K)] 40120K->22779K(47616K), 0.0004810 secs] [Times: user=0.00 sys=0.00, real=0.00 secs] 
213.216: Total time for which application threads were stopped: 0.0006280 seconds, Stopping threads took: 0.0000810 seconds
213.302: Application time: 0.0861180 seconds
213.303: [GC [PSYoungGen: 18495K->384K(18944K)] 40699K->22823K(47616K), 0.0004610 secs] [Times: user=0.00 sys=0.00, real=0.00 secs] 
213.303: Total time for which application threads were stopped: 0.0005870 seconds, Stopping threads took: 0.0000540 seconds
213.370: Application time: 0.0674220 seconds
213.371: [GC [PSYoungGen: 18303K->384K(18944K)] 40743K->23048K(47616K), 0.0004770 secs] [Times: user=0.00 sys=0.00, real=0.00 secs] 
213.371: Total time for which application threads were stopped: 0.0005890 seconds, Stopping threads took: 0.0000490 seconds
213.455: Application time: 0.0840610 seconds
213.455: [GC [PSYoungGen: 18301K->384K(18944K)] 40965K->23072K(47616K), 0.0004790 secs] [Times: user=0.00 sys=0.00, real=0.00 secs] 
213.456: Total time for which application threads were stopped: 0.0006010 seconds, Stopping threads took: 0.0000520 seconds
213.525: Application time: 0.0694810 seconds
213.525: [GC [PSYoungGen: 18299K->384K(18944K)] 40987K->23300K(47616K), 0.0004520 secs] [Times: user=0.01 sys=0.00, real=0.00 secs] 
213.526: Total time for which application threads were stopped: 0.0005750 seconds, Stopping threads took: 0.0000610 seconds
213.605: Application time: 0.0789180 seconds
213.605: [GC [PSYoungGen: 18300K->448K(18944K)] 41217K->23380K(47616K), 0.0004650 secs] [Times: user=0.01 sys=0.00, real=0.00 secs] 
213.605: Total time for which application threads were stopped: 0.0005990 seconds, Stopping threads took: 0.0000610 seconds
213.672: Application time: 0.0663470 seconds
213.672: [GC [PSYoungGen: 18366K->544K(18944K)] 41298K->23508K(47616K), 0.0004490 secs] [Times: user=0.00 sys=0.00, real=0.00 secs] 
213.672: Total time for which application threads were stopped: 0.0005800 seconds, Stopping threads took: 0.0000670 seconds
213.758: Application time: 0.0853830 seconds
213.758: [GC [PSYoungGen: 18460K->320K(18944K)] 41424K->23500K(47616K), 0.0005090 secs] [Times: user=0.00 sys=0.00, real=0.00 secs] 
213.758: Total time for which application threads were stopped: 0.0006450 seconds, Stopping threads took: 0.0000710 seconds
213.842: Application time: 0.0842160 seconds
213.843: [GC [PSYoungGen: 18238K->416K(18944K)] 41418K->23860K(47616K), 0.0004740 secs] [Times: user=0.00 sys=0.00, real=0.00 secs] 
213.843: Total time for which application threads were stopped: 0.0005940 seconds, Stopping threads took: 0.0000480 seconds
213.930: Application time: 0.0866210 seconds
213.930: [GC [PSYoungGen: 18332K->0K(18944K)] 41776K->23692K(47616K), 0.0005360 secs] [Times: user=0.00 sys=0.00, real=0.00 secs] 
213.930: Total time for which application threads were stopped: 0.0006550 seconds, Stopping threads took: 0.0000560 seconds
214.015: Application time: 0.0845090 seconds
214.015: [GC [PSYoungGen: 17915K->288K(18944K)] 41608K->23980K(47616K), 0.0005290 secs] [Times: user=0.00 sys=0.00, real=0.00 secs] 
214.016: Total time for which application threads were stopped: 0.0006470 seconds, Stopping threads took: 0.0000510 seconds
214.101: Application time: 0.0851650 seconds
214.101: [GC [PSYoungGen: 18207K->416K(18944K)] 41900K->24361K(47616K), 0.0004430 secs] [Times: user=0.01 sys=0.00, real=0.00 secs] 
214.101: Total time for which application threads were stopped: 0.0005530 seconds, Stopping threads took: 0.0000470 seconds
214.188: Application time: 0.0863870 seconds
214.188: [GC [PSYoungGen: 18334K->352K(18944K)] 42279K->24525K(47616K), 0.0004820 secs] [Times: user=0.00 sys=0.00, real=0.00 secs] 
214.188: Total time for which application threads were stopped: 0.0006000 seconds, Stopping threads took: 0.0000520 seconds
214.245: Application time: 0.0571300 seconds
214.245: [GC [PSYoungGen: 18268K->576K(18944K)] 42442K->24765K(47616K), 0.0004510 secs] [Times: user=0.00 sys=0.00, real=0.00 secs] 
214.246: Total time for which application threads were stopped: 0.0005750 seconds, Stopping threads took: 0.0000620 seconds
214.318: Application time: 0.0716330 seconds
214.318: [GC [PSYoungGen: 18495K->576K(18944K)] 42685K->24829K(47616K), 0.0004660 secs] [Times: user=0.00 sys=0.00, real=0.00 secs] 
214.318: Total time for which application threads were stopped: 0.0005940 seconds, Stopping threads took: 0.0000650 seconds
214.404: Application time: 0.0856270 seconds
214.404: [GC [PSYoungGen: 18493K->384K(18944K)] 42747K->24890K(47616K), 0.0004740 secs] [Times: user=0.01 sys=0.00, real=0.00 secs] 
214.404: Total time for which application threads were stopped: 0.0006160 seconds, Stopping threads took: 0.0000670 seconds
214.469: Application time: 0.0648900 seconds
214.469: [GC [PSYoungGen: 18303K->416K(18944K)] 42809K->25135K(47616K), 0.0004670 secs] [Times: user=0.01 sys=0.00, real=0.00 secs] 
214.470: Total time for which application threads were stopped: 0.0005940 seconds, Stopping threads took: 0.0000630 seconds
214.554: Application time: 0.0843730 seconds
214.554: [GC [PSYoungGen: 18335K->320K(18944K)] 43054K->25095K(47616K), 0.0004710 secs] [Times: user=0.00 sys=0.00, real=0.00 secs] 
214.555: Total time for which application threads were stopped: 0.0006050 seconds, Stopping threads took: 0.0000680 seconds
214.628: Application time: 0.0727870 seconds
214.628: [GC [PSYoungGen: 18236K->416K(18944K)] 43012K->25419K(47616K), 0.0004860 secs] [Times: user=0.00 sys=0.00, real=0.00 secs] 
214.628: Total time for which application threads were stopped: 0.0006160 seconds, Stopping threads took: 0.0000670 seconds
214.684: Application time: 0.0556750 seconds
214.684: [GC [PSYoungGen: 18334K->720K(18944K)] 43337K->25787K(47616K), 0.0005030 secs] [Times: user=0.00 sys=0.00, real=0.00 secs] 
214.685: Total time for which application threads were stopped: 0.0006170 seconds, Stopping threads took: 0.0000470 seconds
214.763: Application time: 0.0785640 seconds
214.763: [GC [PSYoungGen: 18637K->736K(18944K)] 43704K->26051K(47616K), 0.0005550 secs] [Times: user=0.00 sys=0.00, real=0.00 secs] 
214.764: Total time for which application threads were stopped: 0.0006840 seconds, Stopping threads took: 0.0000660 seconds
214.850: Application time: 0.0864720 seconds
214.850: [GC [PSYoungGen: 18652K->0K(18944K)] 43967K->25932K(47616K), 0.0004810 secs] [Times: user=0.00 sys=0.00, real=0.00 secs] 
214.851: Total time for which application threads were stopped: 0.0005930 seconds, Stopping threads took: 0.0000460 seconds
214.936: Application time: 0.0848530 seconds
214.936: [GC [PSYoungGen: 17919K->384K(18944K)] 43852K->26316K(47616K), 0.0004360 secs] [Times: user=0.00 sys=0.00, real=0.00 secs] 
214.936: Total time for which application threads were stopped: 0.0005590 seconds, Stopping threads took: 0.0000510 seconds
215.024: Application time: 0.0874470 seconds
215.024: [GC [PSYoungGen: 18300K->0K(18944K)] 44232K->26156K(47616K), 0.0004650 secs] [Times: user=0.00 sys=0.00, real=0.00 secs] 
215.024: Total time for which application threads were stopped: 0.0005800 seconds, Stopping threads took: 0.0000490 seconds
215.108: Application time: 0.0840550 seconds
215.108: [GC [PSYoungGen: 17916K->480K(18944K)] 44073K->26636K(47616K), 0.0004580 secs] [Times: user=0.00 sys=0.00, real=0.00 secs] 
215.109: Total time for which application threads were stopped: 0.0005690 seconds, Stopping threads took: 0.0000470 seconds
215.195: Application time: 0.0862020 seconds
215.195: [GC [PSYoungGen: 18397K->320K(18944K)] 44554K->26705K(47616K), 0.0006090 secs] [Times: user=0.01 sys=0.00, real=0.00 secs] 
215.196: Total time for which application threads were stopped: 0.0007370 seconds, Stopping threads took: 0.0000630 seconds
215.262: Application time: 0.0662730 seconds
215.262: [GC [PSYoungGen: 18239K->288K(18944K)] 44624K->26885K(47616K), 0.0005560 secs] [Times: user=0.00 sys=0.00, real=0.00 secs] 
215.263: Total time for which application threads were stopped: 0.0006830 seconds, Stopping threads took: 0.0000650 seconds
215.344: Application time: 0.0811570 seconds
215.344: [GC [PSYoungGen: 18207K->352K(18944K)] 44805K->26973K(47616K), 0.0004580 secs] [Times: user=0.00 sys=0.00, real=0.00 secs] 
215.345: Total time for which application threads were stopped: 0.0005690 seconds, Stopping threads took: 0.0000510 seconds
215.405: Application time: 0.0608780 seconds
215.406: [GC [PSYoungGen: 18271K->352K(18944K)] 44893K->27189K(47616K), 0.0004610 secs] [Times: user=0.00 sys=0.00, real=0.00 secs] 
215.406: Total time for which application threads were stopped: 0.0005730 seconds, Stopping threads took: 0.0000510 seconds
215.473: Application time: 0.0664770 seconds
215.473: [GC [PSYoungGen: 18268K->512K(18944K)] 45106K->27357K(47616K), 0.0004460 secs] [Times: user=0.00 sys=0.00, real=0.00 secs] 
215.473: Total time for which application threads were stopped: 0.0005700 seconds, Stopping threads took: 0.0000540 seconds
215.541: Application time: 0.0675030 seconds
215.541: [GC [PSYoungGen: 18430K->352K(18944K)] 45276K->27538K(47616K), 0.0004660 secs] [Times: user=0.00 sys=0.00, real=0.00 secs] 
215.541: Total time for which application threads were stopped: 0.0005950 seconds, Stopping threads took: 0.0000650 seconds
215.618: Application time: 0.0769010 seconds
215.618: [GC [PSYoungGen: 18270K->352K(18944K)] 45456K->27554K(47616K), 0.0004220 secs] [Times: user=0.01 sys=0.00, real=0.00 secs] 
215.619: Total time for which application threads were stopped: 0.0005290 seconds, Stopping threads took: 0.0000470 seconds
215.695: Application time: 0.0763070 seconds
215.695: [GC [PSYoungGen: 18272K->352K(18944K)] 45474K->27799K(47616K), 0.0004590 secs] [Times: user=0.00 sys=0.00, real=0.00 secs] 
215.696: Total time for which application threads were stopped: 0.0005970 seconds, Stopping threads took: 0.0000690 seconds
215.775: Application time: 0.0792860 seconds
215.775: [GC [PSYoungGen: 18268K->0K(18944K)] 45715K->27687K(47616K), 0.0004320 secs] [Times: user=0.00 sys=0.00, real=0.00 secs] 
215.775: Total time for which application threads were stopped: 0.0005510 seconds, Stopping threads took: 0.0000570 seconds
215.852: Application time: 0.0768570 seconds
215.852: [GC [PSYoungGen: 17915K->384K(18944K)] 45602K->28071K(47616K), 0.0004400 secs] [Times: user=0.01 sys=0.00, real=0.00 secs] 
215.853: Total time for which application threads were stopped: 0.0005510 seconds, Stopping threads took: 0.0000490 seconds
215.930: Application time: 0.0775380 seconds
215.930: [GC [PSYoungGen: 18301K->384K(18944K)] 45988K->28323K(47616K), 0.0004500 secs] [Times: user=0.00 sys=0.00, real=0.00 secs] 
215.931: Total time for which application threads were stopped: 0.0005630 seconds, Stopping threads took: 0.0000530 seconds
216.004: Application time: 0.0727460 seconds
216.004: [GC [PSYoungGen: 18300K->384K(18944K)] 46240K->28552K(47616K), 0.0004210 secs] [Times: user=0.00 sys=0.00, real=0.00 secs] 
216.004: Total time for which application threads were stopped: 0.0005530 seconds, Stopping threads took: 0.0000580 seconds
216.057: Application time: 0.0528000 seconds
216.057: [GC [PSYoungGen: 18300K->576K(18944K)] 46468K->28760K(47616K), 0.0004550 secs] [Times: user=0.00 sys=0.00, real=0.00 secs] 
216.058: Total time for which application threads were stopped: 0.0005660 seconds, Stopping threads took: 0.0000490 seconds
216.128: Application time: 0.0702100 seconds
216.128: [GC [PSYoungGen: 18492K->576K(18944K)] 46676K->28832K(47616K), 0.0004610 secs] [Times: user=0.01 sys=0.00, real=0.00 secs] 
216.128: [Full GC [PSYoungGen: 576K->0K(18944K)] [ParOldGen: 28256K->4417K(28160K)] 28832K->4417K(47104K) [PSPermGen: 5579K->5579K(21504K)], 0.0058920 secs] [Times: user=0.02 sys=0.00, real=0.01 secs] 
216.134: Total time for which application threads were stopped: 0.0065300 seconds, Stopping threads took: 0.0000690 seconds
216.211: Application time: 0.0767270 seconds
216.211: [GC [PSYoungGen: 17917K->512K(18944K)] 22335K->4929K(47104K), 0.0004170 secs] [Times: user=0.01 sys=0.00, real=0.00 secs] 
216.212: Total time for which application threads were stopped: 0.0005490 seconds, Stopping threads took: 0.0000710 seconds
216.271: Application time: 0.0595540 seconds
216.271: [GC [PSYoungGen: 18429K->352K(18944K)] 22846K->4990K(47104K), 0.0004020 secs] [Times: user=0.00 sys=0.00, real=0.00 secs] 
216.272: Total time for which application threads were stopped: 0.0005100 seconds, Stopping threads took: 0.0000460 seconds
216.348: Application time: 0.0767750 seconds
216.349: [GC [PSYoungGen: 18271K->352K(18944K)] 22910K->5062K(47104K), 0.0003950 secs] [Times: user=0.00 sys=0.00, real=0.00 secs] 
216.349: Total time for which application threads were stopped: 0.0005550 seconds, Stopping threads took: 0.0001000 seconds
216.407: Application time: 0.0584860 seconds
216.408: [GC [PSYoungGen: 18271K->544K(18944K)] 22981K->5478K(47104K), 0.0004820 secs] [Times: user=0.00 sys=0.00, real=0.00 secs] 
216.408: Total time for which application threads were stopped: 0.0006150 seconds, Stopping threads took: 0.0000690 seconds
216.463: Application time: 0.0549900 seconds
216.463: [GC [PSYoungGen: 18462K->960K(18944K)] 23396K->5950K(47104K), 0.0004930 secs] [Times: user=0.00 sys=0.00, real=0.00 secs] 
216.464: Total time for which application threads were stopped: 0.0006050 seconds, Stopping threads took: 0.0000440 seconds
216.538: Application time: 0.0747730 seconds
216.539: [GC [PSYoungGen: 18876K->800K(18944K)] 23867K->6042K(47104K), 0.0004970 secs] [Times: user=0.01 sys=0.00, real=0.00 secs] 
216.539: Total time for which application threads were stopped: 0.0006210 seconds, Stopping threads took: 0.0000520 seconds
216.617: Application time: 0.0781540 seconds
216.617: [GC [PSYoungGen: 18716K->0K(18944K)] 23959K->5847K(47104K), 0.0004520 secs] [Times: user=0.00 sys=0.00, real=0.00 secs] 
216.618: Total time for which application threads were stopped: 0.0006050 seconds, Stopping threads took: 0.0000830 seconds
216.695: Application time: 0.0768880 seconds
216.695: [GC [PSYoungGen: 17919K->416K(18944K)] 23767K->6263K(47104K), 0.0004010 secs] [Times: user=0.00 sys=0.00, real=0.00 secs] 
216.695: Total time for which application threads were stopped: 0.0005220 seconds, Stopping threads took: 0.0000590 seconds
216.774: Application time: 0.0790190 seconds
216.774: [GC [PSYoungGen: 18332K->0K(18944K)] 24179K->6055K(47104K), 0.0004280 secs] [Times: user=0.00 sys=0.00, real=0.00 secs] 
216.775: Total time for which application threads were stopped: 0.0005370 seconds, Stopping threads took: 0.0000460 seconds
216.850: Application time: 0.0755200 seconds
216.850: [GC [PSYoungGen: 17917K->576K(18944K)] 23972K->6631K(47104K), 0.0004040 secs] [Times: user=0.00 sys=0.00, real=0.00 secs] 
216.851: Total time for which application threads were stopped: 0.0005180 seconds, Stopping threads took: 0.0000540 seconds
216.930: Application time: 0.0793430 seconds
216.930: [GC [PSYoungGen: 18492K->0K(18944K)] 24547K->6488K(47104K), 0.0004080 secs] [Times: user=0.00 sys=0.00, real=0.00 secs] 
216.931: Total time for which application threads were stopped: 0.0005180 seconds, Stopping threads took: 0.0000490 seconds
216.991: Application time: 0.0598840 seconds
216.992: [GC [PSYoungGen: 17917K->384K(18944K)] 24405K->6872K(47104K), 0.0004190 secs] [Times: user=0.00 sys=0.00, real=0.00 secs] 
216.992: Total time for which application threads were stopped: 0.0015810 seconds, Stopping threads took: 0.0011030 seconds
217.074: Application time: 0.0816340 seconds
217.074: [GC [PSYoungGen: 18299K->320K(18944K)] 24788K->6824K(47104K), 0.0004870 secs] [Times: user=0.00 sys=0.00, real=0.00 secs] 
217.076: Total time for which application threads were stopped: 0.0016640 seconds, Stopping threads took: 0.0000570 seconds
217.136: Application time: 0.0607430 seconds
217.136: [GC [PSYoungGen: 18236K->416K(18944K)] 24741K->7149K(47104K), 0.0004240 secs] [Times: user=0.00 sys=0.00, real=0.00 secs] 
217.137: Total time for which application threads were stopped: 0.0005350 seconds, Stopping threads took: 0.0000510 seconds
217.201: Application time: 0.0646490 seconds
217.202: [GC [PSYoungGen: 18332K->512K(18944K)] 25065K->7261K(47104K), 0.0004260 secs] [Times: user=0.00 sys=0.00, real=0.00 secs] 
217.202: Total time for which application threads were stopped: 0.0005690 seconds, Stopping threads took: 0.0000800 seconds
217.272: Application time: 0.0697160 seconds
217.272: [GC [PSYoungGen: 18431K->480K(18944K)] 25180K->7237K(47104K), 0.0004220 secs] [Times: user=0.00 sys=0.00, real=0.00 secs] 
217.272: Total time for which application threads were stopped: 0.0005400 seconds, Stopping threads took: 0.0000570 seconds
217.349: Application time: 0.0768670 seconds
217.349: [GC [PSYoungGen: 18398K->320K(18944K)] 25155K->7297K(47104K), 0.0004280 secs] [Times: user=0.00 sys=0.00, real=0.00 secs] 
217.350: Total time for which application threads were stopped: 0.0005530 seconds, Stopping threads took: 0.0000630 seconds
217.426: Application time: 0.0766510 seconds
217.426: [GC [PSYoungGen: 18238K->384K(18944K)] 25216K->7614K(47104K), 0.0004400 secs] [Times: user=0.00 sys=0.00, real=0.00 secs] 
217.427: Total time for which application threads were stopped: 0.0005640 seconds, Stopping threads took: 0.0000590 seconds
217.506: Application time: 0.0791110 seconds
217.506: [GC [PSYoungGen: 18302K->0K(18944K)] 25532K->7474K(47104K), 0.0003870 secs] [Times: user=0.00 sys=0.00, real=0.00 secs] 
217.507: Total time for which application threads were stopped: 0.0005100 seconds, Stopping threads took: 0.0000640 seconds
217.583: Application time: 0.0767960 seconds
217.588: [GC [PSYoungGen: 17915K->384K(18944K)] 25390K->7858K(47104K), 0.0004150 secs] [Times: user=0.00 sys=0.00, real=0.00 secs] 
217.588: Total time for which application threads were stopped: 0.0048920 seconds, Stopping threads took: 0.0044070 seconds
217.668: Application time: 0.0793850 seconds
217.668: [GC [PSYoungGen: 18301K->384K(18944K)] 25776K->8111K(47104K), 0.0004440 secs] [Times: user=0.00 sys=0.00, real=0.00 secs] 
217.668: Total time for which application threads were stopped: 0.0005740 seconds, Stopping threads took: 0.0000670 seconds
217.733: Application time: 0.0644210 seconds
217.733: [GC [PSYoungGen: 18302K->384K(18944K)] 26029K->8324K(47104K), 0.0004270 secs] [Times: user=0.00 sys=0.00, real=0.00 secs] 
217.733: Total time for which application threads were stopped: 0.0005350 seconds, Stopping threads took: 0.0000480 seconds
217.790: Application time: 0.0566860 seconds
217.790: [GC [PSYoungGen: 18303K->512K(18944K)] 26243K->8460K(47104K), 0.0005130 secs] [Times: user=0.00 sys=0.00, real=0.00 secs] 
217.790: Total time for which application threads were stopped: 0.0006290 seconds, Stopping threads took: 0.0000530 seconds
217.864: Application time: 0.0734590 seconds
217.864: [GC [PSYoungGen: 18431K->576K(18944K)] 26379K->8588K(47104K), 0.0004420 secs] [Times: user=0.01 sys=0.00, real=0.00 secs] 
217.864: Total time for which application threads were stopped: 0.0005560 seconds, Stopping threads took: 0.0000550 seconds
217.936: Application time: 0.0717020 seconds
217.936: [GC [PSYoungGen: 18493K->304K(18944K)] 26505K->8741K(47104K), 0.0005270 secs] [Times: user=0.00 sys=0.00, real=0.00 secs] 
217.937: Total time for which application threads were stopped: 0.0006590 seconds, Stopping threads took: 0.0000700 seconds
218.003: Application time: 0.0663090 seconds
218.003: [GC [PSYoungGen: 18221K->288K(18944K)] 26659K->8781K(47104K), 0.0004370 secs] [Times: user=0.00 sys=0.00, real=0.00 secs] 
218.004: Total time for which application threads were stopped: 0.0005610 seconds, Stopping threads took: 0.0000540 seconds
218.081: Application time: 0.0770990 seconds
218.081: [GC [PSYoungGen: 18207K->288K(18944K)] 26701K->8797K(47104K), 0.0004150 secs] [Times: user=0.00 sys=0.00, real=0.00 secs] 
218.081: Total time for which application threads were stopped: 0.0005350 seconds, Stopping threads took: 0.0000590 seconds
218.137: Application time: 0.0560360 seconds
218.137: [GC [PSYoungGen: 18207K->704K(18944K)] 26716K->9433K(47104K), 0.0005040 secs] [Times: user=0.00 sys=0.00, real=0.00 secs] 
218.138: Total time for which application threads were stopped: 0.0006230 seconds, Stopping threads took: 0.0000450 seconds
218.195: Application time: 0.0565430 seconds
218.195: [GC [PSYoungGen: 18623K->704K(18944K)] 27352K->9678K(47104K), 0.0005060 secs] [Times: user=0.00 sys=0.00, real=0.00 secs] 
218.195: Total time for which application threads were stopped: 0.0006370 seconds, Stopping threads took: 0.0000710 seconds
218.271: Application time: 0.0755260 seconds
218.271: [GC [PSYoungGen: 18623K->544K(18944K)] 27598K->9762K(47104K), 0.0004580 secs] [Times: user=0.00 sys=0.00, real=0.00 secs] 
218.271: Total time for which application threads were stopped: 0.0005950 seconds, Stopping threads took: 0.0000740 seconds
218.348: Application time: 0.0770720 seconds
218.348: [GC [PSYoungGen: 18464K->256K(18944K)] 27682K->9891K(47104K), 0.0004390 secs] [Times: user=0.00 sys=0.00, real=0.00 secs] 
218.349: Total time for which application threads were stopped: 0.0005570 seconds, Stopping threads took: 0.0000570 seconds
218.427: Application time: 0.0780110 seconds
218.427: [GC [PSYoungGen: 18175K->352K(18944K)] 27811K->10080K(47104K), 0.0004010 secs] [Times: user=0.01 sys=0.00, real=0.00 secs] 
218.427: Total time for which application threads were stopped: 0.0005080 seconds, Stopping threads took: 0.0000440 seconds
218.507: Application time: 0.0790630 seconds
218.507: [GC [PSYoungGen: 18268K->0K(18944K)] 27996K->9896K(47104K), 0.0003880 secs] [Times: user=0.00 sys=0.00, real=0.00 secs] 
218.507: Total time for which application threads were stopped: 0.0005110 seconds, Stopping threads took: 0.0000580 seconds
218.583: Application time: 0.0755390 seconds
218.583: [GC [PSYoungGen: 17919K->576K(18944K)] 27815K->10472K(47104K), 0.0004130 secs] [Times: user=0.00 sys=0.00, real=0.00 secs] 
218.583: Total time for which application threads were stopped: 0.0005340 seconds, Stopping threads took: 0.0000540 seconds
218.658: Application time: 0.0751770 seconds
218.658: [GC [PSYoungGen: 18495K->256K(18944K)] 28392K->10561K(47104K), 0.0005010 secs] [Times: user=0.01 sys=0.00, real=0.00 secs] 
218.659: Total time for which application threads were stopped: 0.0006430 seconds, Stopping threads took: 0.0000650 seconds
218.723: Application time: 0.0639480 seconds
218.723: [GC [PSYoungGen: 18171K->384K(18944K)] 28477K->10705K(47104K), 0.0004300 secs] [Times: user=0.00 sys=0.00, real=0.00 secs] 
218.723: Total time for which application threads were stopped: 0.0005440 seconds, Stopping threads took: 0.0000520 seconds
218.799: Application time: 0.0757740 seconds
218.799: [GC [PSYoungGen: 18301K->512K(18944K)] 28622K->10849K(47104K), 0.0004300 secs] [Times: user=0.00 sys=0.00, real=0.01 secs] 
218.800: Total time for which application threads were stopped: 0.0005530 seconds, Stopping threads took: 0.0000590 seconds
218.861: Application time: 0.0608720 seconds
218.861: [GC [PSYoungGen: 18428K->384K(18944K)] 28766K->10950K(47104K), 0.0004210 secs] [Times: user=0.00 sys=0.00, real=0.00 secs] 
218.861: Total time for which application threads were stopped: 0.0005480 seconds, Stopping threads took: 0.0000660 seconds
218.924: Application time: 0.0623170 seconds
218.924: [GC [PSYoungGen: 18302K->512K(18944K)] 28868K->11102K(47104K), 0.0004620 secs] [Times: user=0.00 sys=0.00, real=0.00 secs] 
218.924: Total time for which application threads were stopped: 0.0005960 seconds, Stopping threads took: 0.0000750 seconds
218.997: Application time: 0.0727890 seconds
218.997: [GC [PSYoungGen: 18431K->384K(18944K)] 29022K->11202K(47104K), 0.0004170 secs] [Times: user=0.01 sys=0.00, real=0.00 secs] 
218.997: Total time for which application threads were stopped: 0.0005310 seconds, Stopping threads took: 0.0000520 seconds
219.074: Application time: 0.0763580 seconds
219.074: [GC [PSYoungGen: 18299K->480K(18944K)] 29118K->11314K(47104K), 0.0004390 secs] [Times: user=0.00 sys=0.00, real=0.00 secs] 
219.074: Total time for which application threads were stopped: 0.0005520 seconds, Stopping threads took: 0.0000500 seconds
219.152: Application time: 0.0774440 seconds
219.156: [GC [PSYoungGen: 18396K->352K(18944K)] 29231K->11434K(47104K), 0.0004670 secs] [Times: user=0.01 sys=0.00, real=0.00 secs] 
219.156: Total time for which application threads were stopped: 0.0044500 seconds, Stopping threads took: 0.0039210 seconds
219.234: Application time: 0.0777640 seconds
219.234: [GC [PSYoungGen: 18267K->384K(18944K)] 29350K->11714K(47104K), 0.0004480 secs] [Times: user=0.00 sys=0.00, real=0.00 secs] 
219.235: Total time for which application threads were stopped: 0.0005990 seconds, Stopping threads took: 0.0000780 seconds
219.313: Application time: 0.0782090 seconds
219.313: [GC [PSYoungGen: 18301K->384K(18944K)] 29632K->11958K(47104K), 0.0004300 secs] [Times: user=0.00 sys=0.00, real=0.00 secs] 
219.313: Total time for which application threads were stopped: 0.0005420 seconds, Stopping threads took: 0.0000530 seconds
219.392: Application time: 0.0782770 seconds
219.392: [GC [PSYoungGen: 18301K->352K(18944K)] 29876K->11950K(47104K), 0.0004020 secs] [Times: user=0.00 sys=0.00, real=0.00 secs] 
219.392: Total time for which application threads were stopped: 0.0005340 seconds, Stopping threads took: 0.0000710 seconds
219.452: Application time: 0.0593660 seconds
219.452: [GC [PSYoungGen: 18269K->288K(18944K)] 29868K->12091K(47104K), 0.0004810 secs] [Times: user=0.00 sys=0.00, real=0.01 secs] 
219.452: Total time for which application threads were stopped: 0.0006060 seconds, Stopping threads took: 0.0000630 seconds
219.511: Application time: 0.0585250 seconds
219.511: [GC [PSYoungGen: 18207K->416K(18944K)] 30011K->12275K(47104K), 0.0004680 secs] [Times: user=0.00 sys=0.00, real=0.00 secs] 
219.511: Total time for which application threads were stopped: 0.0006270 seconds, Stopping threads took: 0.0000970 seconds
219.588: Application time: 0.0766680 seconds
219.588: [GC [PSYoungGen: 18333K->480K(18944K)] 30192K->12475K(47104K), 0.0004530 secs] [Times: user=0.00 sys=0.00, real=0.00 secs] 
219.589: Total time for which application threads were stopped: 0.0005690 seconds, Stopping threads took: 0.0000560 seconds
219.656: Application time: 0.0672460 seconds
219.656: [GC [PSYoungGen: 18398K->352K(18944K)] 30394K->12704K(47104K), 0.0004470 secs] [Times: user=0.00 sys=0.00, real=0.00 secs] 
219.656: Total time for which application threads were stopped: 0.0005830 seconds, Stopping threads took: 0.0000740 seconds
219.726: Application time: 0.0697580 seconds
219.726: [GC [PSYoungGen: 18267K->352K(18944K)] 30619K->12768K(47104K), 0.0004230 secs] [Times: user=0.00 sys=0.00, real=0.00 secs] 
219.727: Total time for which application threads were stopped: 0.0005350 seconds, Stopping threads took: 0.0000480 seconds
219.804: Application time: 0.0772000 seconds
219.804: [GC [PSYoungGen: 18269K->352K(18944K)] 30686K->12792K(47104K), 0.0003980 secs] [Times: user=0.01 sys=0.00, real=0.00 secs] 
219.804: Total time for which application threads were stopped: 0.0005360 seconds, Stopping threads took: 0.0000660 seconds
219.857: Application time: 0.0523180 seconds
219.857: [GC [PSYoungGen: 18269K->768K(18944K)] 30710K->13412K(47104K), 0.0004990 secs] [Times: user=0.01 sys=0.00, real=0.00 secs] 
219.857: Total time for which application threads were stopped: 0.0006320 seconds, Stopping threads took: 0.0000690 seconds
219.918: Application time: 0.0601570 seconds
219.918: [GC [PSYoungGen: 18686K->736K(18944K)] 31331K->13657K(47104K), 0.0005100 secs] [Times: user=0.00 sys=0.00, real=0.00 secs] 
219.918: Total time for which application threads were stopped: 0.0006160 seconds, Stopping threads took: 0.0000440 seconds
219.994: Application time: 0.0758640 seconds
219.994: [GC [PSYoungGen: 18655K->448K(18944K)] 31577K->13581K(47104K), 0.0005030 secs] [Times: user=0.01 sys=0.00, real=0.00 secs] 
219.995: Total time for which application threads were stopped: 0.0006220 seconds, Stopping threads took: 0.0000530 seconds
220.072: Application time: 0.0768660 seconds
220.072: [GC [PSYoungGen: 18367K->352K(18944K)] 31501K->13898K(47104K), 0.0005170 secs] [Times: user=0.00 sys=0.00, real=0.01 secs] 
220.072: Total time for which application threads were stopped: 0.0006410 seconds, Stopping threads took: 0.0000630 seconds
220.151: Application time: 0.0788500 seconds
220.151: [GC [PSYoungGen: 18268K->0K(18944K)] 31814K->13770K(47104K), 0.0004240 secs] [Times: user=0.00 sys=0.00, real=0.00 secs] 
220.152: Total time for which application threads were stopped: 0.0005480 seconds, Stopping threads took: 0.0000610 seconds
220.230: Application time: 0.0786800 seconds
220.230: [GC [PSYoungGen: 17916K->0K(18944K)] 31686K->13770K(47104K), 0.0003480 secs] [Times: user=0.00 sys=0.00, real=0.00 secs] 
220.231: Total time for which application threads were stopped: 0.0004580 seconds, Stopping threads took: 0.0000500 seconds
220.306: Application time: 0.0755380 seconds
220.306: [GC [PSYoungGen: 17919K->544K(18944K)] 31689K->14314K(47104K), 0.0004410 secs] [Times: user=0.01 sys=0.00, real=0.00 secs] 
220.307: Total time for which application threads were stopped: 0.0005650 seconds, Stopping threads took: 0.0000560 seconds
220.380: Application time: 0.0736080 seconds
220.380: [GC [PSYoungGen: 18462K->384K(18944K)] 32232K->14563K(47104K), 0.0004610 secs] [Times: user=0.01 sys=0.00, real=0.00 secs] 
220.381: Total time for which application threads were stopped: 0.0005720 seconds, Stopping threads took: 0.0000470 seconds
220.447: Application time: 0.0662840 seconds
220.447: [GC [PSYoungGen: 18301K->320K(18944K)] 32481K->14507K(47104K), 0.0004110 secs] [Times: user=0.01 sys=0.00, real=0.00 secs] 
220.448: Total time for which application threads were stopped: 0.0005260 seconds, Stopping threads took: 0.0000530 seconds
220.519: Application time: 0.0712740 seconds
220.519: [GC [PSYoungGen: 18236K->576K(18944K)] 32424K->14787K(47104K), 0.0004810 secs] [Times: user=0.00 sys=0.00, real=0.00 secs] 
220.520: Total time for which application threads were stopped: 0.0005900 seconds, Stopping threads took: 0.0000470 seconds
220.586: Application time: 0.0658830 seconds
220.586: [GC [PSYoungGen: 18493K->352K(18944K)] 32705K->14784K(47104K), 0.0004210 secs] [Times: user=0.00 sys=0.00, real=0.00 secs] 
220.586: Total time for which application threads were stopped: 0.0005420 seconds, Stopping threads took: 0.0000600 seconds
220.644: Application time: 0.0577240 seconds
220.644: [GC [PSYoungGen: 18268K->512K(18944K)] 32700K->14952K(47104K), 0.0004410 secs] [Times: user=0.00 sys=0.00, real=0.00 secs] 
220.644: Total time for which application threads were stopped: 0.0005600 seconds, Stopping threads took: 0.0000590 seconds
220.721: Application time: 0.0766630 seconds
220.721: [GC [PSYoungGen: 18430K->320K(18944K)] 32870K->14972K(47104K), 0.0004900 secs] [Times: user=0.00 sys=0.00, real=0.00 secs] 
220.722: Total time for which application threads were stopped: 0.0006060 seconds, Stopping threads took: 0.0000550 seconds
220.799: Application time: 0.0775680 seconds
220.799: [GC [PSYoungGen: 18237K->352K(18944K)] 32890K->15252K(47104K), 0.0004860 secs] [Times: user=0.00 sys=0.00, real=0.01 secs] 
220.800: Total time for which application threads were stopped: 0.0006020 seconds, Stopping threads took: 0.0000560 seconds
220.877: Application time: 0.0775250 seconds
220.877: [GC [PSYoungGen: 18270K->288K(18944K)] 33171K->15204K(47104K), 0.0004230 secs] [Times: user=0.00 sys=0.00, real=0.00 secs] 
220.878: Total time for which application threads were stopped: 0.0005510 seconds, Stopping threads took: 0.0000590 seconds
220.955: Application time: 0.0775810 seconds
220.956: [GC [PSYoungGen: 18206K->336K(18944K)] 33123K->15500K(47104K), 0.0004530 secs] [Times: user=0.00 sys=0.00, real=0.00 secs] 
220.956: Total time for which application threads were stopped: 0.0005660 seconds, Stopping threads took: 0.0000520 seconds
221.034: Application time: 0.0779900 seconds
221.034: [GC [PSYoungGen: 18255K->384K(18944K)] 33420K->15796K(47104K), 0.0004820 secs] [Times: user=0.00 sys=0.00, real=0.00 secs] 
221.035: Total time for which application threads were stopped: 0.0006030 seconds, Stopping threads took: 0.0000590 seconds
221.110: Application time: 0.0757560 seconds
221.110: [GC [PSYoungGen: 18301K->352K(18944K)] 33714K->15993K(47104K), 0.0004120 secs] [Times: user=0.00 sys=0.00, real=0.00 secs] 
221.111: Total time for which application threads were stopped: 0.0005180 seconds, Stopping threads took: 0.0000440 seconds
221.172: Application time: 0.0612520 seconds
221.172: [GC [PSYoungGen: 18269K->512K(18944K)] 33910K->16161K(47104K), 0.0004810 secs] [Times: user=0.00 sys=0.00, real=0.00 secs] 
221.173: Total time for which application threads were stopped: 0.0005840 seconds, Stopping threads took: 0.0000420 seconds
221.233: Application time: 0.0602300 seconds
221.233: [GC [PSYoungGen: 18430K->512K(18944K)] 34080K->16209K(47104K), 0.0005130 secs] [Times: user=0.00 sys=0.00, real=0.00 secs] 
221.234: Total time for which application threads were stopped: 0.0006580 seconds, Stopping threads took: 0.0000840 seconds
221.311: Application time: 0.0777010 seconds
221.311: [GC [PSYoungGen: 18431K->384K(18944K)] 34129K->16334K(47104K), 0.0004810 secs] [Times: user=0.00 sys=0.00, real=0.01 secs] 
221.312: Total time for which application threads were stopped: 0.0005950 seconds, Stopping threads took: 0.0000490 seconds
221.374: Application time: 0.0622880 seconds
221.374: [GC [PSYoungGen: 18300K->384K(18944K)] 34250K->16554K(47104K), 0.0004240 secs] [Times: user=0.00 sys=0.00, real=0.00 secs] 
221.375: Total time for which application threads were stopped: 0.0005310 seconds, Stopping threads took: 0.0000450 seconds
221.449: Application time: 0.0737670 seconds
221.449: [GC [PSYoungGen: 18301K->384K(18944K)] 34472K->16626K(47104K), 0.0004010 secs] [Times: user=0.01 sys=0.00, real=0.00 secs] 
221.449: Total time for which application threads were stopped: 0.0005210 seconds, Stopping threads took: 0.0000500 seconds
221.527: Application time: 0.0775860 seconds
221.527: [GC [PSYoungGen: 18301K->320K(18944K)] 34544K->16778K(47104K), 0.0004620 secs] [Times: user=0.00 sys=0.00, real=0.00 secs] 
221.527: Total time for which application threads were stopped: 0.0005820 seconds, Stopping threads took: 0.0000500 seconds
221.579: Application time: 0.0521830 seconds
221.580: [GC [PSYoungGen: 18237K->768K(18944K)] 34695K->17242K(47104K), 0.0005030 secs] [Times: user=0.00 sys=0.00, real=0.01 secs] 
221.580: Total time for which application threads were stopped: 0.0006390 seconds, Stopping threads took: 0.0000700 seconds
221.641: Application time: 0.0612600 seconds
221.641: [GC [PSYoungGen: 18686K->736K(18944K)] 35160K->17498K(47104K), 0.0005060 secs] [Times: user=0.00 sys=0.00, real=0.00 secs] 
221.642: Total time for which application threads were stopped: 0.0006280 seconds, Stopping threads took: 0.0000620 seconds
221.719: Application time: 0.0767390 seconds
221.719: [GC [PSYoungGen: 18652K->480K(18944K)] 35415K->17471K(47104K), 0.0005220 secs] [Times: user=0.00 sys=0.00, real=0.00 secs] 
221.719: Total time for which application threads were stopped: 0.0006400 seconds, Stopping threads took: 0.0000570 seconds
221.796: Application time: 0.0767940 seconds
221.796: [GC [PSYoungGen: 18399K->320K(18944K)] 35391K->17715K(47104K), 0.0004950 secs] [Times: user=0.01 sys=0.00, real=0.00 secs] 
221.797: Total time for which application threads were stopped: 0.0006270 seconds, Stopping threads took: 0.0000700 seconds
221.875: Application time: 0.0785570 seconds
221.875: [GC [PSYoungGen: 18236K->0K(18944K)] 35631K->17616K(47104K), 0.0004270 secs] [Times: user=0.00 sys=0.00, real=0.00 secs] 
221.876: Total time for which application threads were stopped: 0.0005340 seconds, Stopping threads took: 0.0000470 seconds
221.954: Application time: 0.0785610 seconds
221.955: [GC [PSYoungGen: 17916K->0K(18944K)] 35532K->17616K(47104K), 0.0003600 secs] [Times: user=0.00 sys=0.00, real=0.00 secs] 
221.955: Total time for which application threads were stopped: 0.0005140 seconds, Stopping threads took: 0.0000830 seconds
222.030: Application time: 0.0753950 seconds
222.030: [GC [PSYoungGen: 17917K->512K(18944K)] 35533K->18128K(47104K), 0.0004460 secs] [Times: user=0.00 sys=0.00, real=0.00 secs] 
222.031: Total time for which application threads were stopped: 0.0005610 seconds, Stopping threads took: 0.0000530 seconds
222.097: Application time: 0.0659690 seconds
222.097: [GC [PSYoungGen: 18430K->352K(18944K)] 36046K->18377K(47104K), 0.0004760 secs] [Times: user=0.00 sys=0.00, real=0.00 secs] 
222.098: Total time for which application threads were stopped: 0.0016230 seconds, Stopping threads took: 0.0000650 seconds
222.171: Application time: 0.0730000 seconds
222.172: [GC [PSYoungGen: 18269K->352K(18944K)] 36295K->18385K(47104K), 0.0004400 secs] [Times: user=0.00 sys=0.00, real=0.01 secs] 
222.172: Total time for which application threads were stopped: 0.0006010 seconds, Stopping threads took: 0.0000980 seconds
222.234: Application time: 0.0614080 seconds
222.234: [GC [PSYoungGen: 18268K->544K(18944K)] 36301K->18593K(47104K), 0.0004280 secs] [Times: user=0.01 sys=0.00, real=0.00 secs] 
222.234: Total time for which application threads were stopped: 0.0005400 seconds, Stopping threads took: 0.0000480 seconds
222.303: Application time: 0.0693120 seconds
222.303: [GC [PSYoungGen: 18464K->544K(18944K)] 36513K->18814K(47104K), 0.0004800 secs] [Times: user=0.00 sys=0.00, real=0.00 secs] 
222.304: Total time for which application threads were stopped: 0.0006000 seconds, Stopping threads took: 0.0000570 seconds
222.369: Application time: 0.0647250 seconds
222.369: [GC [PSYoungGen: 18461K->352K(18944K)] 36731K->18834K(47104K), 0.0004290 secs] [Times: user=0.00 sys=0.00, real=0.00 secs] 
222.369: Total time for which application threads were stopped: 0.0005360 seconds, Stopping threads took: 0.0000420 seconds
222.447: Application time: 0.0776910 seconds
222.447: [GC [PSYoungGen: 18268K->352K(18944K)] 36750K->18850K(47104K), 0.0004080 secs] [Times: user=0.00 sys=0.00, real=0.00 secs] 
222.447: Total time for which application threads were stopped: 0.0005340 seconds, Stopping threads took: 0.0000660 seconds
222.524: Application time: 0.0765070 seconds
222.524: [GC [PSYoungGen: 18270K->352K(18944K)] 36768K->19106K(47104K), 0.0005200 secs] [Times: user=0.00 sys=0.00, real=0.00 secs] 
222.525: Total time for which application threads were stopped: 0.0006380 seconds, Stopping threads took: 0.0000480 seconds
222.604: Application time: 0.0792920 seconds
222.604: [GC [PSYoungGen: 18270K->0K(18944K)] 37024K->19003K(47104K), 0.0004500 secs] [Times: user=0.00 sys=0.00, real=0.00 secs] 
222.604: Total time for which application threads were stopped: 0.0005720 seconds, Stopping threads took: 0.0000580 seconds
222.681: Application time: 0.0769300 seconds
222.682: [GC [PSYoungGen: 17918K->384K(18944K)] 36921K->19387K(47104K), 0.0004400 secs] [Times: user=0.01 sys=0.00, real=0.00 secs] 
222.682: Total time for which application threads were stopped: 0.0005640 seconds, Stopping threads took: 0.0000650 seconds
222.760: Application time: 0.0775730 seconds
222.760: [GC [PSYoungGen: 18300K->416K(18944K)] 37303K->19667K(47104K), 0.0004370 secs] [Times: user=0.00 sys=0.00, real=0.01 secs] 
222.760: Total time for which application threads were stopped: 0.0005630 seconds, Stopping threads took: 0.0000610 seconds
222.830: Application time: 0.0700480 seconds
222.830: [GC [PSYoungGen: 18332K->352K(18944K)] 37584K->19823K(47104K), 0.0004900 secs] [Times: user=0.00 sys=0.00, real=0.00 secs] 
222.831: Total time for which application threads were stopped: 0.0006060 seconds, Stopping threads took: 0.0000580 seconds
222.892: Application time: 0.0607970 seconds
222.892: [GC [PSYoungGen: 18269K->576K(18944K)] 37741K->20055K(47104K), 0.0004460 secs] [Times: user=0.00 sys=0.01, real=0.01 secs] 
222.892: Total time for which application threads were stopped: 0.0005620 seconds, Stopping threads took: 0.0000540 seconds
222.957: Application time: 0.0652230 seconds
222.957: [GC [PSYoungGen: 18493K->544K(18944K)] 37973K->20087K(47104K), 0.0004450 secs] [Times: user=0.01 sys=0.00, real=0.00 secs] 
222.958: Total time for which application threads were stopped: 0.0005590 seconds, Stopping threads took: 0.0000530 seconds
223.036: Application time: 0.0781790 seconds
223.036: [GC [PSYoungGen: 18463K->352K(18944K)] 38007K->20140K(47104K), 0.0004230 secs] [Times: user=0.00 sys=0.00, real=0.00 secs] 
223.037: Total time for which application threads were stopped: 0.0005510 seconds, Stopping threads took: 0.0000590 seconds
223.096: Application time: 0.0590350 seconds
223.096: [GC [PSYoungGen: 18269K->384K(18944K)] 38057K->20384K(47104K), 0.0004810 secs] [Times: user=0.00 sys=0.00, real=0.00 secs] 
223.096: Total time for which application threads were stopped: 0.0005970 seconds, Stopping threads took: 0.0000560 seconds
223.174: Application time: 0.0773850 seconds
223.174: [GC [PSYoungGen: 18303K->352K(18944K)] 38304K->20425K(47104K), 0.0004170 secs] [Times: user=0.00 sys=0.00, real=0.00 secs] 
223.174: Total time for which application threads were stopped: 0.0005440 seconds, Stopping threads took: 0.0000670 seconds
223.251: Application time: 0.0768130 seconds
223.251: [GC [PSYoungGen: 18271K->320K(18944K)] 38344K->20613K(47104K), 0.0004430 secs] [Times: user=0.00 sys=0.00, real=0.00 secs] 
223.252: Total time for which application threads were stopped: 0.0005690 seconds, Stopping threads took: 0.0000650 seconds
223.304: Application time: 0.0526820 seconds
223.304: [GC [PSYoungGen: 18239K->800K(18944K)] 38533K->21317K(47104K), 0.0005130 secs] [Times: user=0.00 sys=0.00, real=0.00 secs] 
223.305: Total time for which application threads were stopped: 0.0006320 seconds, Stopping threads took: 0.0000590 seconds
223.372: Application time: 0.0671020 seconds
223.372: [GC [PSYoungGen: 18717K->672K(18944K)] 39235K->21261K(47104K), 0.0005360 secs] [Times: user=0.00 sys=0.00, real=0.00 secs] 
223.373: Total time for which application threads were stopped: 0.0006640 seconds, Stopping threads took: 0.0000660 seconds
223.457: Application time: 0.0839120 seconds
223.460: [GC [PSYoungGen: 18591K->544K(18944K)] 39181K->21346K(47104K), 0.0004780 secs] [Times: user=0.00 sys=0.00, real=0.00 secs] 
223.460: Total time for which application threads were stopped: 0.0036900 seconds, Stopping threads took: 0.0031420 seconds
223.544: Application time: 0.0840560 seconds
223.544: [GC [PSYoungGen: 18463K->352K(18944K)] 39266K->21571K(47104K), 0.0004800 secs] [Times: user=0.00 sys=0.00, real=0.00 secs] 
223.545: Total time for which application threads were stopped: 0.0006180 seconds, Stopping threads took: 0.0000660 seconds
223.632: Application time: 0.0865500 seconds
223.632: [GC [PSYoungGen: 18268K->0K(18944K)] 39487K->21423K(47104K), 0.0004560 secs] [Times: user=0.00 sys=0.00, real=0.01 secs] 
223.632: Total time for which application threads were stopped: 0.0005800 seconds, Stopping threads took: 0.0000600 seconds
223.719: Application time: 0.0865880 seconds
223.720: [GC [PSYoungGen: 17916K->0K(18944K)] 39339K->21423K(47104K), 0.0004260 secs] [Times: user=0.00 sys=0.00, real=0.00 secs] 
223.720: Total time for which application threads were stopped: 0.0015370 seconds, Stopping threads took: 0.0010400 seconds
223.803: Application time: 0.0829380 seconds
223.803: [GC [PSYoungGen: 17919K->576K(18944K)] 39342K->21999K(47104K), 0.0004810 secs] [Times: user=0.00 sys=0.00, real=0.00 secs] 
223.804: Total time for which application threads were stopped: 0.0005890 seconds, Stopping threads took: 0.0000410 seconds
223.873: Application time: 0.0690270 seconds
223.873: [GC [PSYoungGen: 18494K->320K(18944K)] 39918K->22136K(47104K), 0.0005300 secs] [Times: user=0.00 sys=0.00, real=0.00 secs] 
223.873: Total time for which application threads were stopped: 0.0006530 seconds, Stopping threads took: 0.0000600 seconds
223.956: Application time: 0.0823310 seconds
223.956: [GC [PSYoungGen: 18239K->352K(18944K)] 40056K->22184K(47104K), 0.0004480 secs] [Times: user=0.00 sys=0.00, real=0.00 secs] 
223.956: Total time for which application threads were stopped: 0.0005700 seconds, Stopping threads took: 0.0000550 seconds
224.025: Application time: 0.0688850 seconds
224.025: [GC [PSYoungGen: 18267K->384K(18944K)] 40100K->22445K(47104K), 0.0004520 secs] [Times: user=0.00 sys=0.00, real=0.00 secs] 
224.026: Total time for which application threads were stopped: 0.0005670 seconds, Stopping threads took: 0.0000500 seconds
224.092: Application time: 0.0662360 seconds
224.092: [GC [PSYoungGen: 18303K->544K(18944K)] 40364K->22613K(47104K), 0.0004660 secs] [Times: user=0.00 sys=0.00, real=0.00 secs] 
224.093: Total time for which application threads were stopped: 0.0006130 seconds, Stopping threads took: 0.0000690 seconds
224.172: Application time: 0.0789210 seconds
224.172: [GC [PSYoungGen: 18461K->512K(18944K)] 40531K->22605K(47104K), 0.0004660 secs] [Times: user=0.01 sys=0.00, real=0.01 secs] 
224.172: Total time for which application threads were stopped: 0.0005910 seconds, Stopping threads took: 0.0000590 seconds
224.257: Application time: 0.0845680 seconds
224.257: [GC [PSYoungGen: 18430K->352K(18944K)] 40523K->22682K(47104K), 0.0004630 secs] [Times: user=0.00 sys=0.00, real=0.00 secs] 
224.257: Total time for which application threads were stopped: 0.0005920 seconds, Stopping threads took: 0.0000660 seconds
224.342: Application time: 0.0846430 seconds
224.342: [GC [PSYoungGen: 18269K->416K(18944K)] 40600K->22998K(47104K), 0.0004950 secs] [Times: user=0.00 sys=0.00, real=0.00 secs] 
224.343: Total time for which application threads were stopped: 0.0006110 seconds, Stopping threads took: 0.0000510 seconds
224.429: Application time: 0.0869060 seconds
224.430: [GC [PSYoungGen: 18332K->0K(18944K)] 40914K->22842K(47104K), 0.0004480 secs] [Times: user=0.00 sys=0.00, real=0.00 secs] 
224.431: Total time for which application threads were stopped: 0.0010410 seconds, Stopping threads took: 0.0005220 seconds
224.515: Application time: 0.0845700 seconds
224.515: [GC [PSYoungGen: 17915K->288K(18944K)] 40758K->23130K(47104K), 0.0005140 secs] [Times: user=0.00 sys=0.00, real=0.00 secs] 
224.516: Total time for which application threads were stopped: 0.0006470 seconds, Stopping threads took: 0.0000700 seconds
224.601: Application time: 0.0854230 seconds
224.601: [GC [PSYoungGen: 18207K->352K(18944K)] 41050K->23450K(47104K), 0.0004790 secs] [Times: user=0.00 sys=0.00, real=0.00 secs] 
224.602: Total time for which application threads were stopped: 0.0006100 seconds, Stopping threads took: 0.0000520 seconds
224.675: Application time: 0.0732360 seconds
224.675: [GC [PSYoungGen: 18268K->384K(18944K)] 41367K->23706K(47104K), 0.0004680 secs] [Times: user=0.00 sys=0.00, real=0.00 secs] 
224.676: Total time for which application threads were stopped: 0.0005870 seconds, Stopping threads took: 0.0000570 seconds
224.743: Application time: 0.0670150 seconds
224.743: [GC [PSYoungGen: 18303K->544K(18944K)] 41626K->23882K(47104K), 0.0005760 secs] [Times: user=0.01 sys=0.00, real=0.00 secs] 
224.743: Total time for which application threads were stopped: 0.0006900 seconds, Stopping threads took: 0.0000500 seconds
224.818: Application time: 0.0745990 seconds
224.818: [GC [PSYoungGen: 18463K->480K(18944K)] 41802K->23866K(47104K), 0.0004680 secs] [Times: user=0.00 sys=0.00, real=0.00 secs] 
224.819: Total time for which application threads were stopped: 0.0005850 seconds, Stopping threads took: 0.0000510 seconds
224.902: Application time: 0.0835310 seconds
224.902: [GC [PSYoungGen: 18399K->480K(18944K)] 41786K->24119K(47104K), 0.0005420 secs] [Times: user=0.00 sys=0.00, real=0.00 secs] 
224.903: Total time for which application threads were stopped: 0.0006750 seconds, Stopping threads took: 0.0000680 seconds
224.970: Application time: 0.0671220 seconds
224.970: [GC [PSYoungGen: 18397K->416K(18944K)] 42036K->24283K(47104K), 0.0004740 secs] [Times: user=0.00 sys=0.00, real=0.00 secs] 
224.970: Total time for which application threads were stopped: 0.0005860 seconds, Stopping threads took: 0.0000470 seconds
225.055: Application time: 0.0848020 seconds
225.055: [GC [PSYoungGen: 18333K->352K(18944K)] 42201K->24291K(47104K), 0.0004370 secs] [Times: user=0.00 sys=0.00, real=0.00 secs] 
225.056: Total time for which application threads were stopped: 0.0005680 seconds, Stopping threads took: 0.0000660 seconds
225.140: Application time: 0.0842030 seconds
225.140: [GC [PSYoungGen: 18271K->416K(18944K)] 42211K->24572K(47104K), 0.0004720 secs] [Times: user=0.00 sys=0.00, real=0.00 secs] 
225.141: Total time for which application threads were stopped: 0.0006090 seconds, Stopping threads took: 0.0000620 seconds
225.194: Application time: 0.0534010 seconds
225.194: [GC [PSYoungGen: 18334K->736K(18944K)] 42490K->25096K(47104K), 0.0005400 secs] [Times: user=0.00 sys=0.00, real=0.00 secs] 
225.195: Total time for which application threads were stopped: 0.0006590 seconds, Stopping threads took: 0.0000550 seconds
225.267: Application time: 0.0725860 seconds
225.267: [GC [PSYoungGen: 18653K->704K(18944K)] 43013K->25160K(47104K), 0.0005010 secs] [Times: user=0.00 sys=0.00, real=0.00 secs] 
225.268: Total time for which application threads were stopped: 0.0006310 seconds, Stopping threads took: 0.0000610 seconds
225.352: Application time: 0.0841750 seconds
225.352: [GC [PSYoungGen: 18623K->544K(18944K)] 43080K->25237K(47104K), 0.0005060 secs] [Times: user=0.00 sys=0.00, real=0.00 secs] 
225.353: Total time for which application threads were stopped: 0.0006140 seconds, Stopping threads took: 0.0000440 seconds
225.437: Application time: 0.0845410 seconds
225.437: [GC [PSYoungGen: 18461K->352K(18944K)] 43155K->25454K(47104K), 0.0004760 secs] [Times: user=0.00 sys=0.00, real=0.00 secs] 
225.438: Total time for which application threads were stopped: 0.0006090 seconds, Stopping threads took: 0.0000660 seconds
225.524: Application time: 0.0866450 seconds
225.525: [GC [PSYoungGen: 18268K->0K(18944K)] 43370K->25318K(47104K), 0.0004580 secs] [Times: user=0.00 sys=0.00, real=0.00 secs] 
225.525: Total time for which application threads were stopped: 0.0006220 seconds, Stopping threads took: 0.0001000 seconds
225.612: Application time: 0.0868860 seconds
225.612: [GC [PSYoungGen: 17916K->0K(18944K)] 43234K->25318K(47104K), 0.0004220 secs] [Times: user=0.00 sys=0.00, real=0.00 secs] 
225.613: Total time for which application threads were stopped: 0.0005810 seconds, Stopping threads took: 0.0000870 seconds
225.696: Application time: 0.0830070 seconds
225.696: [GC [PSYoungGen: 17919K->576K(18944K)] 43237K->25894K(47104K), 0.0004540 secs] [Times: user=0.00 sys=0.00, real=0.00 secs] 
225.696: Total time for which application threads were stopped: 0.0005950 seconds, Stopping threads took: 0.0000640 seconds
225.762: Application time: 0.0662550 seconds
225.763: [GC [PSYoungGen: 18494K->352K(18944K)] 43813K->26079K(47104K), 0.0005050 secs] [Times: user=0.00 sys=0.00, real=0.00 secs] 
225.763: Total time for which application threads were stopped: 0.0006430 seconds, Stopping threads took: 0.0000750 seconds
225.849: Application time: 0.0857460 seconds
225.849: [GC [PSYoungGen: 18271K->288K(18944K)] 43998K->26031K(47104K), 0.0005090 secs] [Times: user=0.00 sys=0.00, real=0.00 secs] 
225.849: Total time for which application threads were stopped: 0.0006420 seconds, Stopping threads took: 0.0000700 seconds
225.915: Application time: 0.0651360 seconds
225.915: [GC [PSYoungGen: 18205K->256K(18944K)] 43948K->26203K(47104K), 0.0005190 secs] [Times: user=0.00 sys=0.00, real=0.00 secs] 
225.915: Total time for which application threads were stopped: 0.0006450 seconds, Stopping threads took: 0.0000610 seconds
225.979: Application time: 0.0639860 seconds
225.979: [GC [PSYoungGen: 18175K->576K(18944K)] 44122K->26539K(47104K), 0.0004830 secs] [Times: user=0.00 sys=0.00, real=0.01 secs] 
225.980: Total time for which application threads were stopped: 0.0006080 seconds, Stopping threads took: 0.0000620 seconds
226.065: Application time: 0.0848370 seconds
226.065: [GC [PSYoungGen: 18494K->384K(18944K)] 44458K->26568K(47104K), 0.0004710 secs] [Times: user=0.01 sys=0.00, real=0.00 secs] 
226.065: Total time for which application threads were stopped: 0.0005940 seconds, Stopping threads took: 0.0000610 seconds
226.152: Application time: 0.0863530 seconds
226.156: [GC [PSYoungGen: 18300K->0K(18944K)] 44484K->26424K(47104K), 0.0005640 secs] [Times: user=0.00 sys=0.00, real=0.00 secs] 
226.156: Total time for which application threads were stopped: 0.0047110 seconds, Stopping threads took: 0.0040810 seconds
226.241: Application time: 0.0846240 seconds
226.241: [GC [PSYoungGen: 17915K->384K(18944K)] 44340K->26808K(47104K), 0.0004460 secs] [Times: user=0.00 sys=0.00, real=0.00 secs] 
226.242: Total time for which application threads were stopped: 0.0005910 seconds, Stopping threads took: 0.0000740 seconds
226.327: Application time: 0.0855950 seconds
226.327: [GC [PSYoungGen: 18302K->352K(18944K)] 44726K->27037K(47104K), 0.0004640 secs] [Times: user=0.00 sys=0.00, real=0.00 secs] 
226.328: Total time for which application threads were stopped: 0.0005740 seconds, Stopping threads took: 0.0000480 seconds
226.412: Application time: 0.0844440 seconds
226.412: [GC [PSYoungGen: 18269K->544K(18944K)] 44954K->27293K(47104K), 0.0004690 secs] [Times: user=0.00 sys=0.00, real=0.00 secs] 
226.413: Total time for which application threads were stopped: 0.0005810 seconds, Stopping threads took: 0.0000500 seconds
226.501: Application time: 0.0880740 seconds
226.501: [GC [PSYoungGen: 18462K->0K(18944K)] 45211K->27169K(47104K), 0.0004740 secs] [Times: user=0.00 sys=0.00, real=0.00 secs] 
226.501: Total time for which application threads were stopped: 0.0006150 seconds, Stopping threads took: 0.0000750 seconds
226.569: Application time: 0.0679790 seconds
226.570: [GC [PSYoungGen: 17918K->384K(18944K)] 45088K->27553K(47104K), 0.0004220 secs] [Times: user=0.00 sys=0.00, real=0.00 secs] 
226.570: Total time for which application threads were stopped: 0.0005760 seconds, Stopping threads took: 0.0000870 seconds
226.636: Application time: 0.0654540 seconds
226.636: [GC [PSYoungGen: 18301K->544K(18944K)] 45470K->27729K(47104K), 0.0005240 secs] [Times: user=0.00 sys=0.00, real=0.00 secs] 
226.636: Total time for which application threads were stopped: 0.0006390 seconds, Stopping threads took: 0.0000520 seconds
226.717: Application time: 0.0812240 seconds
226.717: [GC [PSYoungGen: 18459K->576K(18944K)] 45645K->27817K(47104K), 0.0004810 secs] [Times: user=0.00 sys=0.00, real=0.00 secs] 
226.718: Total time for which application threads were stopped: 0.0006100 seconds, Stopping threads took: 0.0000640 seconds
226.800: Application time: 0.0820630 seconds
226.804: [GC [PSYoungGen: 18491K->320K(18944K)] 45733K->28002K(47104K), 0.0005910 secs] [Times: user=0.00 sys=0.00, real=0.00 secs] 
226.804: [Full GC [PSYoungGen: 320K->0K(18944K)] [ParOldGen: 27682K->4416K(27648K)] 28002K->4416K(46592K) [PSPermGen: 5579K->5579K(21504K)], 0.0061580 secs] [Times: user=0.03 sys=0.00, real=0.00 secs] 
226.811: Total time for which application threads were stopped: 0.0106020 seconds, Stopping threads took: 0.0037300 seconds
226.881: Application time: 0.0701030 seconds
226.881: [GC [PSYoungGen: 17916K->352K(18944K)] 22332K->4768K(46592K), 0.0004860 secs] [Times: user=0.00 sys=0.00, real=0.00 secs] 
226.881: Total time for which application threads were stopped: 0.0006180 seconds, Stopping threads took: 0.0000670 seconds
226.967: Application time: 0.0854240 seconds
226.967: [GC [PSYoungGen: 18269K->352K(18944K)] 22686K->4840K(46592K), 0.0003970 secs] [Times: user=0.00 sys=0.00, real=0.00 secs] 
226.967: Total time for which application threads were stopped: 0.0005210 seconds, Stopping threads took: 0.0000610 seconds
227.052: Application time: 0.0845470 seconds
227.052: [GC [PSYoungGen: 18269K->320K(18944K)] 22758K->5157K(46592K), 0.0004510 secs] [Times: user=0.00 sys=0.00, real=0.00 secs] 
227.052: Total time for which application threads were stopped: 0.0005720 seconds, Stopping threads took: 0.0000590 seconds
227.107: Application time: 0.0546630 seconds
227.107: [GC [PSYoungGen: 18235K->768K(18944K)] 23072K->5817K(46592K), 0.0005380 secs] [Times: user=0.00 sys=0.00, real=0.00 secs] 
227.109: Total time for which application threads were stopped: 0.0016440 seconds, Stopping threads took: 0.0000570 seconds
227.180: Application time: 0.0713190 seconds
227.180: [GC [PSYoungGen: 18686K->544K(18944K)] 23736K->5886K(46592K), 0.0005140 secs] [Times: user=0.00 sys=0.00, real=0.00 secs] 
227.181: Total time for which application threads were stopped: 0.0006430 seconds, Stopping threads took: 0.0000630 seconds
227.265: Application time: 0.0840550 seconds
227.265: [GC [PSYoungGen: 18461K->704K(18944K)] 23803K->6062K(46592K), 0.0005550 secs] [Times: user=0.00 sys=0.00, real=0.00 secs] 
227.265: Total time for which application threads were stopped: 0.0007080 seconds, Stopping threads took: 0.0000890 seconds
227.348: Application time: 0.0822670 seconds
227.348: [GC [PSYoungGen: 18621K->320K(18944K)] 23980K->6091K(46592K), 0.0004440 secs] [Times: user=0.00 sys=0.00, real=0.00 secs] 
227.348: Total time for which application threads were stopped: 0.0005800 seconds, Stopping threads took: 0.0000650 seconds
227.427: Application time: 0.0791300 seconds
227.428: [GC [PSYoungGen: 18236K->0K(18944K)] 24007K->5991K(46592K), 0.0028160 secs] [Times: user=0.02 sys=0.00, real=0.00 secs] 
227.430: Total time for which application threads were stopped: 0.0029280 seconds, Stopping threads took: 0.0000460 seconds
227.509: Application time: 0.0787380 seconds
227.509: [GC [PSYoungGen: 17916K->0K(22528K)] 23907K->5991K(50176K), 0.0003540 secs] [Times: user=0.00 sys=0.00, real=0.00 secs] 
227.510: Total time for which application threads were stopped: 0.0004660 seconds, Stopping threads took: 0.0000510 seconds
227.589: Application time: 0.0789350 seconds
227.589: [GC [PSYoungGen: 21503K->736K(22016K)] 27494K->6727K(49664K), 0.0004240 secs] [Times: user=0.00 sys=0.00, real=0.00 secs] 
227.589: Total time for which application threads were stopped: 0.0005350 seconds, Stopping threads took: 0.0000490 seconds
227.674: Application time: 0.0844830 seconds
227.674: [GC [PSYoungGen: 21723K->384K(21504K)] 27715K->6776K(49152K), 0.0004740 secs] [Times: user=0.00 sys=0.00, real=0.00 secs] 
227.674: Total time for which application threads were stopped: 0.0005910 seconds, Stopping threads took: 0.0000550 seconds
227.750: Application time: 0.0761610 seconds
227.750: [GC [PSYoungGen: 21375K->416K(22016K)] 27767K->7029K(49664K), 0.0004350 secs] [Times: user=0.00 sys=0.00, real=0.00 secs] 
227.751: Total time for which application threads were stopped: 0.0005340 seconds, Stopping threads took: 0.0000370 seconds
227.823: Application time: 0.0718110 seconds
227.823: [GC [PSYoungGen: 21407K->480K(22016K)] 28021K->7109K(49664K), 0.0004660 secs] [Times: user=0.01 sys=0.00, real=0.00 secs] 
227.823: Total time for which application threads were stopped: 0.0005930 seconds, Stopping threads took: 0.0000640 seconds
227.909: Application time: 0.0862110 seconds
227.910: [GC [PSYoungGen: 21470K->384K(22016K)] 28100K->7241K(49664K), 0.0004120 secs] [Times: user=0.00 sys=0.00, real=0.00 secs] 
227.910: Total time for which application threads were stopped: 0.0005560 seconds, Stopping threads took: 0.0000720 seconds
228.000: Application time: 0.0897160 seconds
228.000: [GC [PSYoungGen: 21372K->384K(22016K)] 28230K->7497K(49664K), 0.0004790 secs] [Times: user=0.01 sys=0.00, real=0.00 secs] 
228.000: Total time for which application threads were stopped: 0.0005860 seconds, Stopping threads took: 0.0000470 seconds
228.093: Application time: 0.0925170 seconds
228.093: [GC [PSYoungGen: 21376K->0K(22016K)] 28489K->7358K(49664K), 0.0004150 secs] [Times: user=0.00 sys=0.00, real=0.00 secs] 
228.093: Total time for which application threads were stopped: 0.0005360 seconds, Stopping threads took: 0.0000580 seconds
228.184: Application time: 0.0909130 seconds
228.184: [GC [PSYoungGen: 20990K->416K(22016K)] 28349K->7774K(49664K), 0.0004200 secs] [Times: user=0.00 sys=0.00, real=0.00 secs] 
228.185: Total time for which application threads were stopped: 0.0005360 seconds, Stopping threads took: 0.0000500 seconds
228.276: Application time: 0.0913400 seconds
228.276: [GC [PSYoungGen: 21406K->480K(22016K)] 28764K->8091K(49664K), 0.0004610 secs] [Times: user=0.00 sys=0.00, real=0.00 secs] 
228.277: Total time for which application threads were stopped: 0.0005820 seconds, Stopping threads took: 0.0000580 seconds
228.354: Application time: 0.0767400 seconds
228.354: [GC [PSYoungGen: 21471K->384K(22016K)] 29082K->8215K(49664K), 0.0004260 secs] [Times: user=0.01 sys=0.00, real=0.00 secs] 
228.354: Total time for which application threads were stopped: 0.0005420 seconds, Stopping threads took: 0.0000570 seconds
228.424: Application time: 0.0699450 seconds
228.424: [GC [PSYoungGen: 21373K->512K(22016K)] 29204K->8351K(49664K), 0.0004440 secs] [Times: user=0.00 sys=0.00, real=0.00 secs] 
228.425: Total time for which application threads were stopped: 0.0005670 seconds, Stopping threads took: 0.0000590 seconds
228.514: Application time: 0.0896660 seconds
228.514: [GC [PSYoungGen: 21502K->416K(22016K)] 29342K->8511K(49664K), 0.0004430 secs] [Times: user=0.00 sys=0.00, real=0.00 secs] 
228.515: Total time for which application threads were stopped: 0.0005850 seconds, Stopping threads took: 0.0000770 seconds
228.588: Application time: 0.0727450 seconds
228.588: [GC [PSYoungGen: 21407K->384K(22016K)] 29503K->8727K(49664K), 0.0004370 secs] [Times: user=0.00 sys=0.00, real=0.00 secs] 
228.588: Total time for which application threads were stopped: 0.0005550 seconds, Stopping threads took: 0.0000570 seconds
228.679: Application time: 0.0907040 seconds
228.679: [GC [PSYoungGen: 21374K->352K(22016K)] 29718K->8759K(49664K), 0.0004390 secs] [Times: user=0.00 sys=0.00, real=0.00 secs] 
228.679: Total time for which application threads were stopped: 0.0005600 seconds, Stopping threads took: 0.0000550 seconds
228.770: Application time: 0.0902580 seconds
228.770: [GC [PSYoungGen: 21340K->288K(22016K)] 29747K->8908K(49664K), 0.0004680 secs] [Times: user=0.00 sys=0.00, real=0.00 secs] 
228.770: Total time for which application threads were stopped: 0.0005930 seconds, Stopping threads took: 0.0000610 seconds
228.838: Application time: 0.0676800 seconds
228.838: [GC [PSYoungGen: 21276K->800K(22016K)] 29896K->9640K(49664K), 0.0004930 secs] [Times: user=0.00 sys=0.00, real=0.00 secs] 
228.839: Total time for which application threads were stopped: 0.0006120 seconds, Stopping threads took: 0.0000550 seconds
228.913: Application time: 0.0742090 seconds
228.913: [GC [PSYoungGen: 21788K->512K(22016K)] 30629K->9641K(49664K), 0.0004750 secs] [Times: user=0.01 sys=0.00, real=0.00 secs] 
228.913: Total time for which application threads were stopped: 0.0006190 seconds, Stopping threads took: 0.0000820 seconds
229.001: Application time: 0.0880430 seconds
229.002: [GC [PSYoungGen: 21501K->704K(22016K)] 30630K->9841K(49664K), 0.0004540 secs] [Times: user=0.00 sys=0.00, real=0.00 secs] 
229.002: Total time for which application threads were stopped: 0.0005780 seconds, Stopping threads took: 0.0000520 seconds
229.095: Application time: 0.0925840 seconds
229.095: [GC [PSYoungGen: 21694K->0K(22016K)] 30831K->9758K(49664K), 0.0005240 secs] [Times: user=0.01 sys=0.00, real=0.00 secs] 
229.095: Total time for which application threads were stopped: 0.0006370 seconds, Stopping threads took: 0.0000520 seconds
229.188: Application time: 0.0926420 seconds
229.188: [GC [PSYoungGen: 20988K->0K(22016K)] 30746K->9758K(49664K), 0.0003960 secs] [Times: user=0.00 sys=0.00, real=0.00 secs] 
229.188: Total time for which application threads were stopped: 0.0005300 seconds, Stopping threads took: 0.0000730 seconds
229.275: Application time: 0.0871000 seconds
229.276: [GC [PSYoungGen: 20991K->736K(22016K)] 30750K->10494K(49664K), 0.0004730 secs] [Times: user=0.00 sys=0.00, real=0.00 secs] 
229.276: Total time for which application threads were stopped: 0.0005870 seconds, Stopping threads took: 0.0000550 seconds
229.351: Application time: 0.0749500 seconds
229.351: [GC [PSYoungGen: 21724K->384K(22016K)] 31483K->10558K(49664K), 0.0005000 secs] [Times: user=0.00 sys=0.00, real=0.00 secs] 
229.352: Total time for which application threads were stopped: 0.0006140 seconds, Stopping threads took: 0.0000520 seconds
229.434: Application time: 0.0819940 seconds
229.434: [GC [PSYoungGen: 21373K->512K(22016K)] 31548K->10702K(49664K), 0.0004310 secs] [Times: user=0.00 sys=0.00, real=0.00 secs] 
229.434: Total time for which application threads were stopped: 0.0005480 seconds, Stopping threads took: 0.0000580 seconds
229.511: Application time: 0.0763310 seconds
229.511: [GC [PSYoungGen: 21503K->480K(22016K)] 31694K->10875K(49664K), 0.0005090 secs] [Times: user=0.00 sys=0.00, real=0.00 secs] 
229.511: Total time for which application threads were stopped: 0.0006440 seconds, Stopping threads took: 0.0000650 seconds
229.588: Application time: 0.0772320 seconds
229.589: [GC [PSYoungGen: 21470K->608K(22016K)] 31865K->11035K(49664K), 0.0004350 secs] [Times: user=0.00 sys=0.00, real=0.00 secs] 
229.589: Total time for which application threads were stopped: 0.0005620 seconds, Stopping threads took: 0.0000630 seconds
229.680: Application time: 0.0906020 seconds
229.680: [GC [PSYoungGen: 21596K->384K(22016K)] 32023K->11043K(49664K), 0.0004460 secs] [Times: user=0.00 sys=0.00, real=0.00 secs] 
229.680: Total time for which application threads were stopped: 0.0005890 seconds, Stopping threads took: 0.0000760 seconds
229.770: Application time: 0.0901590 seconds
229.770: [GC [PSYoungGen: 21372K->384K(22016K)] 32031K->11299K(49664K), 0.0005210 secs] [Times: user=0.01 sys=0.00, real=0.00 secs] 
229.771: Total time for which application threads were stopped: 0.0006430 seconds, Stopping threads took: 0.0000630 seconds
229.862: Application time: 0.0906130 seconds
229.862: [GC [PSYoungGen: 21372K->416K(22016K)] 32287K->11583K(49664K), 0.0004480 secs] [Times: user=0.00 sys=0.00, real=0.00 secs] 
229.862: Total time for which application threads were stopped: 0.0005730 seconds, Stopping threads took: 0.0000640 seconds
229.954: Application time: 0.0914270 seconds
229.954: [GC [PSYoungGen: 21404K->384K(22016K)] 32572K->11807K(49664K), 0.0004290 secs] [Times: user=0.00 sys=0.00, real=0.00 secs] 
229.954: Total time for which application threads were stopped: 0.0005310 seconds, Stopping threads took: 0.0000410 seconds
230.037: Application time: 0.0832920 seconds
230.038: [GC [PSYoungGen: 21375K->384K(22016K)] 32799K->12044K(49664K), 0.0004170 secs] [Times: user=0.01 sys=0.00, real=0.00 secs] 
230.038: Total time for which application threads were stopped: 0.0005630 seconds, Stopping threads took: 0.0000670 seconds
230.108: Application time: 0.0699490 seconds
230.108: [GC [PSYoungGen: 21373K->544K(22016K)] 33034K->12212K(49664K), 0.0004400 secs] [Times: user=0.00 sys=0.00, real=0.00 secs] 
230.108: Total time for which application threads were stopped: 0.0005480 seconds, Stopping threads took: 0.0000490 seconds
230.192: Application time: 0.0833510 seconds
230.192: [GC [PSYoungGen: 21534K->576K(22016K)] 33202K->12300K(49664K), 0.0004710 secs] [Times: user=0.00 sys=0.00, real=0.00 secs] 
230.192: Total time for which application threads were stopped: 0.0006020 seconds, Stopping threads took: 0.0000690 seconds
230.273: Application time: 0.0802580 seconds
230.273: [GC [PSYoungGen: 21565K->384K(22016K)] 33290K->12545K(49664K), 0.0005140 secs] [Times: user=0.00 sys=0.00, real=0.00 secs] 
230.273: Total time for which application threads were stopped: 0.0006290 seconds, Stopping threads took: 0.0000550 seconds
230.357: Application time: 0.0838620 seconds
230.357: [GC [PSYoungGen: 21374K->320K(22016K)] 33536K->12545K(49664K), 0.0004310 secs] [Times: user=0.00 sys=0.00, real=0.00 secs] 
230.358: Total time for which application threads were stopped: 0.0005430 seconds, Stopping threads took: 0.0000470 seconds
230.450: Application time: 0.0918600 seconds
230.450: [GC [PSYoungGen: 21310K->352K(22016K)] 33536K->12801K(49664K), 0.0004130 secs] [Times: user=0.00 sys=0.00, real=0.00 secs] 
230.450: Total time for which application threads were stopped: 0.0005200 seconds, Stopping threads took: 0.0000480 seconds
230.538: Application time: 0.0880930 seconds
230.538: [GC [PSYoungGen: 21343K->704K(22016K)] 33793K->13169K(49664K), 0.0004570 secs] [Times: user=0.00 sys=0.00, real=0.00 secs] 
230.539: Total time for which application threads were stopped: 0.0006060 seconds, Stopping threads took: 0.0000730 seconds
230.595: Application time: 0.0557310 seconds
230.595: [GC [PSYoungGen: 21694K->576K(22016K)] 34160K->13458K(49664K), 0.0005530 secs] [Times: user=0.00 sys=0.00, real=0.00 secs] 
230.595: Total time for which application threads were stopped: 0.0006600 seconds, Stopping threads took: 0.0000430 seconds
230.681: Application time: 0.0856490 seconds
230.681: [GC [PSYoungGen: 21563K->672K(22016K)] 34446K->13634K(49664K), 0.0005230 secs] [Times: user=0.00 sys=0.00, real=0.00 secs] 
230.681: Total time for which application threads were stopped: 0.0006250 seconds, Stopping threads took: 0.0000420 seconds
230.774: Application time: 0.0929210 seconds
230.775: [GC [PSYoungGen: 21660K->0K(22016K)] 34623K->13560K(49664K), 0.0005730 secs] [Times: user=0.00 sys=0.00, real=0.00 secs] 
230.775: Total time for which application threads were stopped: 0.0006830 seconds, Stopping threads took: 0.0000470 seconds
230.869: Application time: 0.0936890 seconds
230.869: [GC [PSYoungGen: 20990K->0K(22016K)] 34550K->13560K(49664K), 0.0003610 secs] [Times: user=0.00 sys=0.00, real=0.00 secs] 
230.869: Total time for which application threads were stopped: 0.0004650 seconds, Stopping threads took: 0.0000420 seconds
230.963: Application time: 0.0936520 seconds
230.963: [GC [PSYoungGen: 20990K->0K(22016K)] 34550K->13560K(49664K), 0.0003690 secs] [Times: user=0.00 sys=0.00, real=0.00 secs] 
230.963: Total time for which application threads were stopped: 0.0005070 seconds, Stopping threads took: 0.0000740 seconds
231.033: Application time: 0.0697740 seconds
231.036: [GC [PSYoungGen: 20990K->736K(21504K)] 34551K->14296K(49152K), 0.0005140 secs] [Times: user=0.00 sys=0.00, real=0.00 secs] 
231.036: Total time for which application threads were stopped: 0.0031100 seconds, Stopping threads took: 0.0025350 seconds
231.126: Application time: 0.0896600 seconds
231.126: [GC [PSYoungGen: 21211K->352K(20992K)] 34772K->14337K(48640K), 0.0005090 secs] [Times: user=0.01 sys=0.00, real=0.00 secs] 
231.127: Total time for which application threads were stopped: 0.0006580 seconds, Stopping threads took: 0.0000730 seconds
231.197: Application time: 0.0705200 seconds
231.197: [GC [PSYoungGen: 20831K->416K(21504K)] 34816K->14630K(49152K), 0.0004370 secs] [Times: user=0.00 sys=0.00, real=0.00 secs] 
231.198: Total time for which application threads were stopped: 0.0005640 seconds, Stopping threads took: 0.0000670 seconds
231.267: Application time: 0.0692780 seconds
231.267: [GC [PSYoungGen: 20892K->576K(21504K)] 35106K->14814K(49152K), 0.0004170 secs] [Times: user=0.00 sys=0.00, real=0.00 secs] 
231.268: Total time for which application threads were stopped: 0.0005280 seconds, Stopping threads took: 0.0000500 seconds
231.355: Application time: 0.0879180 seconds
231.356: [GC [PSYoungGen: 21052K->320K(21504K)] 35290K->14770K(49152K), 0.0004620 secs] [Times: user=0.00 sys=0.00, real=0.00 secs] 
231.356: Total time for which application threads were stopped: 0.0005780 seconds, Stopping threads took: 0.0000540 seconds
231.444: Application time: 0.0883130 seconds
231.444: [GC [PSYoungGen: 20798K->384K(21504K)] 35249K->15094K(49152K), 0.0004530 secs] [Times: user=0.00 sys=0.00, real=0.00 secs] 
231.445: Total time for which application threads were stopped: 0.0005780 seconds, Stopping threads took: 0.0000650 seconds
231.535: Application time: 0.0901540 seconds
231.535: [GC [PSYoungGen: 20862K->0K(21504K)] 35573K->14958K(49152K), 0.0004330 secs] [Times: user=0.00 sys=0.00, real=0.00 secs] 
231.536: Total time for which application threads were stopped: 0.0005500 seconds, Stopping threads took: 0.0000490 seconds
231.624: Application time: 0.0884370 seconds
231.624: [GC [PSYoungGen: 20478K->384K(21504K)] 35437K->15342K(49152K), 0.0004410 secs] [Times: user=0.00 sys=0.00, real=0.00 secs] 
231.625: Total time for which application threads were stopped: 0.0005850 seconds, Stopping threads took: 0.0000790 seconds
231.714: Application time: 0.0892140 seconds
231.714: [GC [PSYoungGen: 20862K->512K(21504K)] 35821K->15718K(49152K), 0.0004600 secs] [Times: user=0.00 sys=0.00, real=0.00 secs] 
231.714: Total time for which application threads were stopped: 0.0005910 seconds, Stopping threads took: 0.0000580 seconds
231.784: Application time: 0.0691810 seconds
231.784: [GC [PSYoungGen: 20990K->512K(21504K)] 36197K->15931K(49152K), 0.0005180 secs] [Times: user=0.00 sys=0.00, real=0.00 secs] 
231.784: Total time for which application threads were stopped: 0.0006490 seconds, Stopping threads took: 0.0000680 seconds
231.854: Application time: 0.0699430 seconds
231.854: [GC [PSYoungGen: 20989K->544K(21504K)] 36408K->16011K(49152K), 0.0004590 secs] [Times: user=0.00 sys=0.00, real=0.00 secs] 
231.855: Total time for which application threads were stopped: 0.0005870 seconds, Stopping threads took: 0.0000660 seconds
231.944: Application time: 0.0888140 seconds
231.944: [GC [PSYoungGen: 21022K->320K(21504K)] 36489K->16048K(49152K), 0.0004460 secs] [Times: user=0.00 sys=0.00, real=0.00 secs] 
231.944: Total time for which application threads were stopped: 0.0005750 seconds, Stopping threads took: 0.0000650 seconds
232.014: Application time: 0.0700880 seconds
232.014: [GC [PSYoungGen: 20799K->416K(21504K)] 36527K->16360K(49152K), 0.0004270 secs] [Times: user=0.00 sys=0.00, real=0.00 secs] 
232.015: Total time for which application threads were stopped: 0.0005480 seconds, Stopping threads took: 0.0000610 seconds
232.103: Application time: 0.0882530 seconds
232.103: [GC [PSYoungGen: 20894K->288K(21504K)] 36838K->16288K(49152K), 0.0004090 secs] [Times: user=0.00 sys=0.00, real=0.00 secs] 
232.104: Total time for which application threads were stopped: 0.0005440 seconds, Stopping threads took: 0.0000720 seconds
232.192: Application time: 0.0880740 seconds
232.192: [GC [PSYoungGen: 20766K->288K(21504K)] 36766K->16484K(49152K), 0.0005020 secs] [Times: user=0.00 sys=0.00, real=0.00 secs] 
232.193: Total time for which application threads were stopped: 0.0016770 seconds, Stopping threads took: 0.0000500 seconds
232.277: Application time: 0.0839030 seconds
232.277: [GC [PSYoungGen: 20764K->736K(21504K)] 36961K->17156K(49152K), 0.0004900 secs] [Times: user=0.00 sys=0.00, real=0.00 secs] 
232.278: Total time for which application threads were stopped: 0.0006290 seconds, Stopping threads took: 0.0000580 seconds
232.332: Application time: 0.0544650 seconds
232.333: [GC [PSYoungGen: 21215K->608K(21504K)] 37636K->17276K(49152K), 0.0005050 secs] [Times: user=0.00 sys=0.00, real=0.00 secs] 
232.333: Total time for which application threads were stopped: 0.0006460 seconds, Stopping threads took: 0.0000790 seconds
232.418: Application time: 0.0848640 seconds
232.418: [GC [PSYoungGen: 21087K->736K(21504K)] 37756K->17460K(49152K), 0.0004650 secs] [Times: user=0.00 sys=0.00, real=0.00 secs] 
232.419: Total time for which application threads were stopped: 0.0006720 seconds, Stopping threads took: 0.0001450 seconds
232.510: Application time: 0.0909420 seconds
232.510: [GC [PSYoungGen: 21212K->0K(21504K)] 37937K->17466K(49152K), 0.0004940 secs] [Times: user=0.00 sys=0.00, real=0.00 secs] 
232.510: Total time for which application threads were stopped: 0.0006250 seconds, Stopping threads took: 0.0000710 seconds
232.600: Application time: 0.0902850 seconds
232.601: [GC [PSYoungGen: 20478K->0K(21504K)] 37945K->17466K(49152K), 0.0004010 secs] [Times: user=0.00 sys=0.00, real=0.00 secs] 
232.601: Total time for which application threads were stopped: 0.0005020 seconds, Stopping threads took: 0.0000370 seconds
232.687: Application time: 0.0859660 seconds
232.687: [GC [PSYoungGen: 20479K->224K(21504K)] 37946K->17690K(49152K), 0.0003930 secs] [Times: user=0.00 sys=0.00, real=0.00 secs] 
232.687: Total time for which application threads were stopped: 0.0005180 seconds, Stopping threads took: 0.0000640 seconds
232.759: Application time: 0.0718960 seconds
232.759: [GC [PSYoungGen: 20701K->832K(21504K)] 38167K->18306K(49152K), 0.0005020 secs] [Times: user=0.00 sys=0.00, real=0.01 secs] 
232.760: Total time for which application threads were stopped: 0.0006420 seconds, Stopping threads took: 0.0000750 seconds
232.843: Application time: 0.0835080 seconds
232.844: [GC [PSYoungGen: 21312K->544K(22016K)] 38786K->18427K(49664K), 0.0005130 secs] [Times: user=0.00 sys=0.00, real=0.00 secs] 
232.844: Total time for which application threads were stopped: 0.0006300 seconds, Stopping threads took: 0.0000440 seconds
232.917: Application time: 0.0733280 seconds
232.918: [GC [PSYoungGen: 21020K->544K(22016K)] 38903K->18643K(49664K), 0.0004620 secs] [Times: user=0.00 sys=0.00, real=0.00 secs] 
232.918: Total time for which application threads were stopped: 0.0005850 seconds, Stopping threads took: 0.0000570 seconds
232.989: Application time: 0.0712910 seconds
232.989: [GC [PSYoungGen: 21021K->544K(21504K)] 39120K->18675K(49152K), 0.0004360 secs] [Times: user=0.01 sys=0.00, real=0.00 secs] 
232.990: Total time for which application threads were stopped: 0.0005650 seconds, Stopping threads took: 0.0000660 seconds
233.078: Application time: 0.0878870 seconds
233.078: [GC [PSYoungGen: 21020K->352K(20992K)] 39152K->18704K(48640K), 0.0004580 secs] [Times: user=0.00 sys=0.00, real=0.00 secs] 
233.078: Total time for which application threads were stopped: 0.0005760 seconds, Stopping threads took: 0.0000560 seconds
233.166: Application time: 0.0877380 seconds
233.168: [GC [PSYoungGen: 20828K->384K(21504K)] 39180K->18984K(49152K), 0.0004890 secs] [Times: user=0.00 sys=0.00, real=0.00 secs] 
233.168: Total time for which application threads were stopped: 0.0021810 seconds, Stopping threads took: 0.0016310 seconds
233.257: Application time: 0.0888720 seconds
233.257: [GC [PSYoungGen: 20860K->352K(21504K)] 39461K->19196K(49152K), 0.0004540 secs] [Times: user=0.00 sys=0.00, real=0.00 secs] 
233.258: Total time for which application threads were stopped: 0.0005770 seconds, Stopping threads took: 0.0000590 seconds
233.347: Application time: 0.0887660 seconds
233.347: [GC [PSYoungGen: 20831K->576K(21504K)] 39676K->19476K(49152K), 0.0004490 secs] [Times: user=0.01 sys=0.00, real=0.00 secs] 
233.347: Total time for which application threads were stopped: 0.0005930 seconds, Stopping threads took: 0.0000720 seconds
233.433: Application time: 0.0861750 seconds
233.433: [GC [PSYoungGen: 21053K->640K(21504K)] 39954K->19761K(49152K), 0.0004670 secs] [Times: user=0.00 sys=0.00, real=0.00 secs] 
233.434: Total time for which application threads were stopped: 0.0005890 seconds, Stopping threads took: 0.0000610 seconds
233.500: Application time: 0.0662090 seconds
233.500: [GC [PSYoungGen: 21117K->512K(21504K)] 40239K->19973K(49152K), 0.0004970 secs] [Times: user=0.00 sys=0.00, real=0.00 secs] 
233.501: Total time for which application threads were stopped: 0.0006140 seconds, Stopping threads took: 0.0000550 seconds
233.577: Application time: 0.0766870 seconds
233.577: [GC [PSYoungGen: 20990K->512K(21504K)] 40452K->20029K(49152K), 0.0004460 secs] [Times: user=0.00 sys=0.00, real=0.00 secs] 
233.578: Total time for which application threads were stopped: 0.0005750 seconds, Stopping threads took: 0.0000680 seconds
233.667: Application time: 0.0889030 seconds
233.667: [GC [PSYoungGen: 20990K->352K(21504K)] 40508K->20122K(49152K), 0.0004450 secs] [Times: user=0.00 sys=0.00, real=0.00 secs] 
233.667: Total time for which application threads were stopped: 0.0005770 seconds, Stopping threads took: 0.0000700 seconds
233.738: Application time: 0.0701170 seconds
233.738: [GC [PSYoungGen: 20828K->384K(21504K)] 40599K->20367K(49152K), 0.0004460 secs] [Times: user=0.00 sys=0.00, real=0.00 secs] 
233.738: Total time for which application threads were stopped: 0.0005670 seconds, Stopping threads took: 0.0000570 seconds
233.826: Application time: 0.0883300 seconds
233.827: [GC [PSYoungGen: 20862K->320K(21504K)] 40845K->20367K(49152K), 0.0004280 secs] [Times: user=0.01 sys=0.00, real=0.00 secs] 
233.827: Total time for which application threads were stopped: 0.0005490 seconds, Stopping threads took: 0.0000620 seconds
233.914: Application time: 0.0873040 seconds
233.914: [GC [PSYoungGen: 20797K->544K(21504K)] 40844K->20815K(49152K), 0.0005060 secs] [Times: user=0.01 sys=0.00, real=0.00 secs] 
233.915: Total time for which application threads were stopped: 0.0006450 seconds, Stopping threads took: 0.0000690 seconds
233.996: Application time: 0.0813500 seconds
233.996: [GC [PSYoungGen: 21022K->768K(21504K)] 41293K->21243K(49152K), 0.0006290 secs] [Times: user=0.00 sys=0.00, real=0.00 secs] 
233.997: Total time for which application threads were stopped: 0.0007500 seconds, Stopping threads took: 0.0000600 seconds
234.055: Application time: 0.0577780 seconds
234.055: [GC [PSYoungGen: 21245K->544K(21504K)] 41720K->21275K(49152K), 0.0004930 secs] [Times: user=0.00 sys=0.00, real=0.00 secs] 
234.055: Total time for which application threads were stopped: 0.0006080 seconds, Stopping threads took: 0.0000540 seconds
234.141: Application time: 0.0850630 seconds
234.141: [GC [PSYoungGen: 21021K->736K(21504K)] 41752K->21515K(49152K), 0.0004810 secs] [Times: user=0.01 sys=0.00, real=0.00 secs] 
234.141: Total time for which application threads were stopped: 0.0005950 seconds, Stopping threads took: 0.0000510 seconds
234.232: Application time: 0.0911830 seconds
234.232: [GC [PSYoungGen: 21215K->0K(21504K)] 41994K->21380K(49152K), 0.0004700 secs] [Times: user=0.01 sys=0.00, real=0.00 secs] 
234.233: Total time for which application threads were stopped: 0.0005930 seconds, Stopping threads took: 0.0000600 seconds
234.323: Application time: 0.0905760 seconds
234.324: [GC [PSYoungGen: 20476K->0K(21504K)] 41857K->21380K(49152K), 0.0003600 secs] [Times: user=0.00 sys=0.00, real=0.00 secs] 
234.324: Total time for which application threads were stopped: 0.0004860 seconds, Stopping threads took: 0.0000640 seconds
234.404: Application time: 0.0796170 seconds
234.404: [GC [PSYoungGen: 20479K->320K(21504K)] 41860K->21700K(49152K), 0.0004130 secs] [Times: user=0.00 sys=0.00, real=0.00 secs] 
234.404: Total time for which application threads were stopped: 0.0005360 seconds, Stopping threads took: 0.0000630 seconds
234.482: Application time: 0.0775560 seconds
234.482: [GC [PSYoungGen: 20797K->672K(21504K)] 42178K->22076K(49152K), 0.0005370 secs] [Times: user=0.00 sys=0.00, real=0.00 secs] 
234.482: Total time for which application threads were stopped: 0.0006710 seconds, Stopping threads took: 0.0000630 seconds
234.561: Application time: 0.0781640 seconds
234.561: [GC [PSYoungGen: 21151K->512K(21504K)] 42556K->22337K(49152K), 0.0005130 secs] [Times: user=0.00 sys=0.00, real=0.00 secs] 
234.561: Total time for which application threads were stopped: 0.0006360 seconds, Stopping threads took: 0.0000610 seconds
234.634: Application time: 0.0726690 seconds
234.634: [GC [PSYoungGen: 20991K->672K(21504K)] 42816K->22710K(49152K), 0.0005110 secs] [Times: user=0.00 sys=0.00, real=0.00 secs] 
234.634: Total time for which application threads were stopped: 0.0006530 seconds, Stopping threads took: 0.0000780 seconds
234.712: Application time: 0.0771130 seconds
234.712: [GC [PSYoungGen: 21150K->544K(21504K)] 43188K->22590K(49152K), 0.0004940 secs] [Times: user=0.01 sys=0.00, real=0.01 secs] 
234.712: Total time for which application threads were stopped: 0.0006060 seconds, Stopping threads took: 0.0000490 seconds
234.800: Application time: 0.0881580 seconds
234.800: [GC [PSYoungGen: 21023K->368K(21504K)] 43070K->22646K(49152K), 0.0004250 secs] [Times: user=0.00 sys=0.00, real=0.00 secs] 
234.801: Total time for which application threads were stopped: 0.0005470 seconds, Stopping threads took: 0.0000610 seconds
234.889: Application time: 0.0877160 seconds
234.889: [GC [PSYoungGen: 20845K->336K(21504K)] 43123K->22858K(49152K), 0.0005000 secs] [Times: user=0.00 sys=0.00, real=0.00 secs] 
234.889: Total time for which application threads were stopped: 0.0006290 seconds, Stopping threads took: 0.0000670 seconds
234.977: Application time: 0.0881850 seconds
234.978: [GC [PSYoungGen: 20814K->384K(21504K)] 43337K->23159K(49152K), 0.0004660 secs] [Times: user=0.00 sys=0.00, real=0.00 secs] 
234.978: Total time for which application threads were stopped: 0.0005730 seconds, Stopping threads took: 0.0000450 seconds
235.067: Application time: 0.0892370 seconds
235.067: [GC [PSYoungGen: 20862K->352K(21504K)] 43637K->23379K(49152K), 0.0004430 secs] [Times: user=0.00 sys=0.00, real=0.00 secs] 
235.068: Total time for which application threads were stopped: 0.0005540 seconds, Stopping threads took: 0.0000430 seconds
235.147: Application time: 0.0794260 seconds
235.147: [GC [PSYoungGen: 20829K->384K(21504K)] 43857K->23640K(49152K), 0.0004390 secs] [Times: user=0.01 sys=0.00, real=0.00 secs] 
235.148: Total time for which application threads were stopped: 0.0005640 seconds, Stopping threads took: 0.0000630 seconds
235.217: Application time: 0.0688330 seconds
235.217: [GC [PSYoungGen: 20863K->512K(21504K)] 44120K->23776K(49152K), 0.0004920 secs] [Times: user=0.01 sys=0.00, real=0.00 secs] 
235.217: Total time for which application threads were stopped: 0.0006070 seconds, Stopping threads took: 0.0000520 seconds
235.298: Application time: 0.0806040 seconds
235.298: [GC [PSYoungGen: 20990K->320K(21504K)] 44255K->23640K(49152K), 0.0005480 secs] [Times: user=0.00 sys=0.00, real=0.00 secs] 
235.299: Total time for which application threads were stopped: 0.0006800 seconds, Stopping threads took: 0.0000700 seconds
235.393: Application time: 0.0948120 seconds
235.393: [GC [PSYoungGen: 20798K->320K(21504K)] 44118K->23904K(49152K), 0.0005000 secs] [Times: user=0.00 sys=0.00, real=0.00 secs] 
235.394: Total time for which application threads were stopped: 0.0006410 seconds, Stopping threads took: 0.0000750 seconds
235.471: Application time: 0.0772720 seconds
235.471: [GC [PSYoungGen: 20799K->416K(21504K)] 44383K->24213K(49152K), 0.0004700 secs] [Times: user=0.00 sys=0.00, real=0.01 secs] 
235.472: Total time for which application threads were stopped: 0.0005990 seconds, Stopping threads took: 0.0000640 seconds
235.568: Application time: 0.0961450 seconds
235.568: [GC [PSYoungGen: 20891K->544K(21504K)] 44688K->24389K(49152K), 0.0004470 secs] [Times: user=0.00 sys=0.00, real=0.00 secs] 
235.569: Total time for which application threads were stopped: 0.0005960 seconds, Stopping threads took: 0.0000730 seconds
235.665: Application time: 0.0961240 seconds
235.665: [GC [PSYoungGen: 21021K->512K(21504K)] 44866K->24585K(49152K), 0.0004950 secs] [Times: user=0.00 sys=0.00, real=0.00 secs] 
235.665: Total time for which application threads were stopped: 0.0006470 seconds, Stopping threads took: 0.0000830 seconds
235.752: Application time: 0.0864690 seconds
235.752: Total time for which application threads were stopped: 0.0000810 seconds, Stopping threads took: 0.0000590 seconds
235.752: Application time: 0.0000470 seconds
235.752: [GC [PSYoungGen: 20990K->416K(21504K)] 45192K->25038K(49152K), 0.0005370 secs] [Times: user=0.00 sys=0.00, real=0.00 secs] 
235.753: Total time for which application threads were stopped: 0.0006180 seconds, Stopping threads took: 0.0000310 seconds
235.822: Application time: 0.0697030 seconds
235.822: [GC [PSYoungGen: 20893K->576K(21504K)] 45799K->25562K(49152K), 0.0004750 secs] [Times: user=0.00 sys=0.00, real=0.00 secs] 
235.823: Total time for which application threads were stopped: 0.0005960 seconds, Stopping threads took: 0.0000610 seconds
235.917: Application time: 0.0937540 seconds
235.917: [GC [PSYoungGen: 21053K->736K(21504K)] 46040K->25794K(49152K), 0.0004980 secs] [Times: user=0.00 sys=0.00, real=0.00 secs] 
235.917: Total time for which application threads were stopped: 0.0006130 seconds, Stopping threads took: 0.0000540 seconds
236.017: Application time: 0.0992200 seconds
236.017: [GC [PSYoungGen: 21215K->0K(21504K)] 46273K->25659K(49152K), 0.0005850 secs] [Times: user=0.00 sys=0.00, real=0.00 secs] 
236.017: Total time for which application threads were stopped: 0.0007050 seconds, Stopping threads took: 0.0000530 seconds
236.117: Application time: 0.0995480 seconds
236.117: [GC [PSYoungGen: 20476K->0K(21504K)] 46136K->25659K(49152K), 0.0003930 secs] [Times: user=0.00 sys=0.00, real=0.00 secs] 
236.117: Total time for which application threads were stopped: 0.0005340 seconds, Stopping threads took: 0.0000700 seconds
236.201: Application time: 0.0833560 seconds
236.201: [GC [PSYoungGen: 20478K->544K(21504K)] 46138K->26203K(49152K), 0.0005250 secs] [Times: user=0.00 sys=0.00, real=0.00 secs] 
236.201: Total time for which application threads were stopped: 0.0006510 seconds, Stopping threads took: 0.0000630 seconds
236.289: Application time: 0.0879840 seconds
236.289: [GC [PSYoungGen: 21022K->672K(21504K)] 46682K->26339K(49152K), 0.0005850 secs] [Times: user=0.01 sys=0.00, real=0.00 secs] 
236.290: Total time for which application threads were stopped: 0.0007160 seconds, Stopping threads took: 0.0000640 seconds
236.369: Application time: 0.0786820 seconds
236.369: [GC [PSYoungGen: 21151K->352K(21504K)] 46819K->26617K(49152K), 0.0005360 secs] [Times: user=0.00 sys=0.00, real=0.00 secs] 
236.369: Total time for which application threads were stopped: 0.0006520 seconds, Stopping threads took: 0.0000520 seconds
236.453: Application time: 0.0835690 seconds
236.453: [GC [PSYoungGen: 20828K->544K(21504K)] 47093K->26825K(49152K), 0.0004610 secs] [Times: user=0.01 sys=0.00, real=0.00 secs] 
236.454: Total time for which application threads were stopped: 0.0005950 seconds, Stopping threads took: 0.0000690 seconds
236.545: Application time: 0.0913460 seconds
236.545: [GC [PSYoungGen: 21022K->384K(21504K)] 47304K->26894K(49152K), 0.0004490 secs] [Times: user=0.01 sys=0.00, real=0.00 secs] 
236.545: Total time for which application threads were stopped: 0.0005650 seconds, Stopping threads took: 0.0000490 seconds
236.644: Application time: 0.0983990 seconds
236.644: [GC [PSYoungGen: 20752K->256K(21504K)] 47262K->27018K(49152K), 0.0004410 secs] [Times: user=0.00 sys=0.00, real=0.00 secs] 
236.644: Total time for which application threads were stopped: 0.0005820 seconds, Stopping threads took: 0.0000690 seconds
236.741: Application time: 0.0968770 seconds
236.741: [GC [PSYoungGen: 20734K->352K(21504K)] 47497K->27130K(49152K), 0.0004370 secs] [Times: user=0.01 sys=0.00, real=0.00 secs] 
236.742: Total time for which application threads were stopped: 0.0005830 seconds, Stopping threads took: 0.0000760 seconds
236.839: Application time: 0.0971870 seconds
236.840: [GC [PSYoungGen: 20830K->352K(21504K)] 47609K->27378K(49152K), 0.0005010 secs] [Times: user=0.00 sys=0.00, real=0.00 secs] 
236.840: Total time for which application threads were stopped: 0.0012350 seconds, Stopping threads took: 0.0006620 seconds
236.938: Application time: 0.0978790 seconds
236.938: [GC [PSYoungGen: 20831K->384K(21504K)] 47858K->27658K(49152K), 0.0004640 secs] [Times: user=0.00 sys=0.00, real=0.00 secs] 
236.939: [Full GC [PSYoungGen: 384K->0K(21504K)] [ParOldGen: 27274K->4421K(27136K)] 27658K->4421K(48640K) [PSPermGen: 5579K->5579K(21504K)], 0.0063010 secs] [Times: user=0.03 sys=0.00, real=0.01 secs] 
236.945: Total time for which application threads were stopped: 0.0069420 seconds, Stopping threads took: 0.0000610 seconds
237.027: Application time: 0.0814250 seconds
237.027: [GC [PSYoungGen: 20478K->384K(21504K)] 24900K->4805K(48640K), 0.0004270 secs] [Times: user=0.01 sys=0.00, real=0.00 secs] 
237.027: Total time for which application threads were stopped: 0.0005560 seconds, Stopping threads took: 0.0000660 seconds
237.105: Application time: 0.0779980 seconds
237.105: [GC [PSYoungGen: 20859K->560K(21504K)] 25280K->4989K(48640K), 0.0004340 secs] [Times: user=0.00 sys=0.00, real=0.00 secs] 
237.106: Total time for which application threads were stopped: 0.0005680 seconds, Stopping threads took: 0.0000710 seconds
237.198: Application time: 0.0923960 seconds
237.198: [GC [PSYoungGen: 21040K->352K(21504K)] 25469K->5041K(48640K), 0.0004840 secs] [Times: user=0.00 sys=0.00, real=0.01 secs] 
237.200: Total time for which application threads were stopped: 0.0017410 seconds, Stopping threads took: 0.0000690 seconds
237.295: Application time: 0.0955740 seconds
237.295: [GC [PSYoungGen: 20827K->384K(21504K)] 25517K->5313K(48640K), 0.0004730 secs] [Times: user=0.00 sys=0.00, real=0.00 secs] 
237.296: Total time for which application threads were stopped: 0.0006070 seconds, Stopping threads took: 0.0000660 seconds
237.376: Application time: 0.0801320 seconds
237.376: [GC [PSYoungGen: 20863K->384K(21504K)] 25792K->5321K(48640K), 0.0004330 secs] [Times: user=0.00 sys=0.00, real=0.00 secs] 
237.377: Total time for which application threads were stopped: 0.0005580 seconds, Stopping threads took: 0.0000620 seconds
237.473: Application time: 0.0959290 seconds
237.473: [GC [PSYoungGen: 20863K->544K(21504K)] 25801K->5545K(48640K), 0.0004470 secs] [Times: user=0.01 sys=0.00, real=0.00 secs] 
237.473: Total time for which application threads were stopped: 0.0005740 seconds, Stopping threads took: 0.0000630 seconds
237.571: Application time: 0.0973220 seconds
237.571: [GC [PSYoungGen: 21022K->352K(21504K)] 26024K->5762K(48640K), 0.0004690 secs] [Times: user=0.00 sys=0.00, real=0.00 secs] 
237.571: Total time for which application threads were stopped: 0.0005840 seconds, Stopping threads took: 0.0000510 seconds
237.658: Application time: 0.0872780 seconds
237.659: [GC [PSYoungGen: 20828K->592K(21504K)] 26239K->6239K(48640K), 0.0004730 secs] [Times: user=0.00 sys=0.00, real=0.00 secs] 
237.659: Total time for which application threads were stopped: 0.0006090 seconds, Stopping threads took: 0.0000710 seconds
237.726: Application time: 0.0665350 seconds
237.726: [GC [PSYoungGen: 21069K->576K(21504K)] 26717K->6287K(48640K), 0.0005030 secs] [Times: user=0.01 sys=0.00, real=0.00 secs] 
237.726: Total time for which application threads were stopped: 0.0006220 seconds, Stopping threads took: 0.0000430 seconds
237.820: Application time: 0.0934220 seconds
237.820: [GC [PSYoungGen: 21052K->736K(21504K)] 26763K->6503K(48640K), 0.0004940 secs] [Times: user=0.01 sys=0.00, real=0.00 secs] 
237.820: Total time for which application threads were stopped: 0.0006380 seconds, Stopping threads took: 0.0000740 seconds
237.919: Application time: 0.0989770 seconds
237.919: [GC [PSYoungGen: 21212K->0K(21504K)] 26980K->6368K(48640K), 0.0004900 secs] [Times: user=0.01 sys=0.00, real=0.01 secs] 
237.920: Total time for which application threads were stopped: 0.0006220 seconds, Stopping threads took: 0.0000660 seconds
238.020: Application time: 0.1000590 seconds
238.020: [GC [PSYoungGen: 20478K->0K(21504K)] 26847K->6368K(48640K), 0.0003870 secs] [Times: user=0.00 sys=0.00, real=0.00 secs] 
238.020: Total time for which application threads were stopped: 0.0005170 seconds, Stopping threads took: 0.0000630 seconds
238.100: Application time: 0.0799060 seconds
238.100: [GC [PSYoungGen: 20476K->544K(21504K)] 26845K->6912K(48640K), 0.0004370 secs] [Times: user=0.00 sys=0.00, real=0.00 secs] 
238.101: Total time for which application threads were stopped: 0.0005460 seconds, Stopping threads took: 0.0000440 seconds
238.190: Application time: 0.0889420 seconds
238.190: [GC [PSYoungGen: 21021K->928K(20992K)] 27390K->7304K(48128K), 0.0005740 secs] [Times: user=0.00 sys=0.00, real=0.00 secs] 
238.191: Total time for which application threads were stopped: 0.0007070 seconds, Stopping threads took: 0.0000650 seconds
238.269: Application time: 0.0780310 seconds
238.269: [GC [PSYoungGen: 20893K->320K(20480K)] 27270K->7297K(47616K), 0.0005820 secs] [Times: user=0.00 sys=0.00, real=0.00 secs] 
238.269: Total time for which application threads were stopped: 0.0007270 seconds, Stopping threads took: 0.0000670 seconds
238.346: Application time: 0.0769670 seconds
238.346: [GC [PSYoungGen: 20287K->544K(20992K)] 27265K->7529K(48128K), 0.0004770 secs] [Times: user=0.00 sys=0.00, real=0.00 secs] 
238.347: Total time for which application threads were stopped: 0.0005890 seconds, Stopping threads took: 0.0000470 seconds
238.438: Application time: 0.0911440 seconds
238.438: [GC [PSYoungGen: 20508K->416K(20992K)] 27493K->7614K(48128K), 0.0004380 secs] [Times: user=0.00 sys=0.00, real=0.00 secs] 
238.439: Total time for which application threads were stopped: 0.0005500 seconds, Stopping threads took: 0.0000480 seconds
238.533: Application time: 0.0949410 seconds
238.534: [GC [PSYoungGen: 20382K->352K(20992K)] 27580K->7802K(48128K), 0.0004350 secs] [Times: user=0.00 sys=0.00, real=0.00 secs] 
238.534: Total time for which application threads were stopped: 0.0005630 seconds, Stopping threads took: 0.0000640 seconds
238.629: Application time: 0.0948820 seconds
238.629: [GC [PSYoungGen: 20318K->288K(20992K)] 27769K->7754K(48128K), 0.0004490 secs] [Times: user=0.00 sys=0.00, real=0.00 secs] 
238.630: Total time for which application threads were stopped: 0.0005730 seconds, Stopping threads took: 0.0000580 seconds
238.724: Application time: 0.0944100 seconds
238.724: [GC [PSYoungGen: 20251K->384K(20992K)] 27718K->8094K(48128K), 0.0004650 secs] [Times: user=0.00 sys=0.00, real=0.00 secs] 
238.725: Total time for which application threads were stopped: 0.0006040 seconds, Stopping threads took: 0.0000750 seconds
238.820: Application time: 0.0954240 seconds
238.820: [GC [PSYoungGen: 20352K->384K(20992K)] 28062K->8347K(48128K), 0.0004360 secs] [Times: user=0.01 sys=0.00, real=0.00 secs] 
238.821: Total time for which application threads were stopped: 0.0005890 seconds, Stopping threads took: 0.0000770 seconds
238.899: Application time: 0.0780230 seconds
238.899: [GC [PSYoungGen: 20351K->384K(20992K)] 28315K->8555K(48128K), 0.0005500 secs] [Times: user=0.00 sys=0.00, real=0.00 secs] 
238.899: Total time for which application threads were stopped: 0.0006700 seconds, Stopping threads took: 0.0000590 seconds
238.977: Application time: 0.0777050 seconds
238.977: [GC [PSYoungGen: 20351K->560K(20992K)] 28523K->8747K(48128K), 0.0004450 secs] [Times: user=0.00 sys=0.00, real=0.00 secs] 
238.978: Total time for which application threads were stopped: 0.0005690 seconds, Stopping threads took: 0.0000590 seconds
239.065: Application time: 0.0876490 seconds
239.065: [GC [PSYoungGen: 20524K->416K(20992K)] 28711K->8848K(48128K), 0.0004620 secs] [Times: user=0.00 sys=0.00, real=0.00 secs] 
239.066: Total time for which application threads were stopped: 0.0006070 seconds, Stopping threads took: 0.0000790 seconds
239.162: Application time: 0.0961290 seconds
239.162: [GC [PSYoungGen: 20380K->0K(20992K)] 28812K->8680K(48128K), 0.0004140 secs] [Times: user=0.00 sys=0.00, real=0.00 secs] 
239.162: Total time for which application threads were stopped: 0.0005410 seconds, Stopping threads took: 0.0000620 seconds
239.237: Application time: 0.0741620 seconds
239.237: [GC [PSYoungGen: 19965K->384K(20992K)] 28645K->9064K(48128K), 0.0004390 secs] [Times: user=0.00 sys=0.00, real=0.00 secs] 
239.237: Total time for which application threads were stopped: 0.0005530 seconds, Stopping threads took: 0.0000520 seconds
239.330: Application time: 0.0927190 seconds
239.330: [GC [PSYoungGen: 20302K->416K(20992K)] 28982K->9152K(48128K), 0.0004300 secs] [Times: user=0.00 sys=0.00, real=0.00 secs] 
239.330: Total time for which application threads were stopped: 0.0005510 seconds, Stopping threads took: 0.0000510 seconds
239.416: Application time: 0.0856360 seconds
239.416: [GC [PSYoungGen: 20381K->480K(20992K)] 29117K->9508K(48128K), 0.0004430 secs] [Times: user=0.00 sys=0.00, real=0.00 secs] 
239.417: Total time for which application threads were stopped: 0.0005630 seconds, Stopping threads took: 0.0000560 seconds
239.503: Application time: 0.0859890 seconds
239.503: [GC [PSYoungGen: 20447K->352K(20992K)] 29475K->9732K(48128K), 0.0004580 secs] [Times: user=0.01 sys=0.00, real=0.00 secs] 
239.503: Total time for which application threads were stopped: 0.0005680 seconds, Stopping threads took: 0.0000520 seconds
239.555: Application time: 0.0521100 seconds
239.555: [GC [PSYoungGen: 20317K->512K(20992K)] 29698K->9940K(48128K), 0.0004690 secs] [Times: user=0.00 sys=0.00, real=0.00 secs] 
239.556: Total time for which application threads were stopped: 0.0005850 seconds, Stopping threads took: 0.0000540 seconds
239.637: Application time: 0.0813660 seconds
239.637: [GC [PSYoungGen: 20475K->736K(20992K)] 29904K->10212K(48128K), 0.0004790 secs] [Times: user=0.00 sys=0.00, real=0.00 secs] 
239.638: Total time for which application threads were stopped: 0.0005840 seconds, Stopping threads took: 0.0000440 seconds
239.726: Application time: 0.0877490 seconds
239.726: [GC [PSYoungGen: 20700K->0K(20992K)] 30177K->10082K(48128K), 0.0004550 secs] [Times: user=0.00 sys=0.00, real=0.00 secs] 
239.726: Total time for which application threads were stopped: 0.0005810 seconds, Stopping threads took: 0.0000640 seconds
239.814: Application time: 0.0882660 seconds
239.815: [GC [PSYoungGen: 19964K->0K(20992K)] 30046K->10082K(48128K), 0.0004200 secs] [Times: user=0.00 sys=0.00, real=0.00 secs] 
239.815: Total time for which application threads were stopped: 0.0005460 seconds, Stopping threads took: 0.0000630 seconds
239.895: Application time: 0.0803700 seconds
239.895: [GC [PSYoungGen: 19967K->288K(20992K)] 30050K->10370K(48128K), 0.0004110 secs] [Times: user=0.00 sys=0.00, real=0.00 secs] 
239.896: Total time for which application threads were stopped: 0.0005480 seconds, Stopping threads took: 0.0000700 seconds
239.968: Application time: 0.0723120 seconds
239.972: [GC [PSYoungGen: 20255K->736K(20992K)] 30338K->10826K(48128K), 0.0004690 secs] [Times: user=0.00 sys=0.00, real=0.00 secs] 
239.972: Total time for which application threads were stopped: 0.0040270 seconds, Stopping threads took: 0.0034950 seconds
240.040: Application time: 0.0678060 seconds
240.040: [GC [PSYoungGen: 20702K->544K(20992K)] 30793K->11051K(48128K), 0.0004900 secs] [Times: user=0.00 sys=0.00, real=0.00 secs] 
240.041: Total time for which application threads were stopped: 0.0006190 seconds, Stopping threads took: 0.0000660 seconds
240.119: Application time: 0.0786280 seconds
240.119: [GC [PSYoungGen: 20510K->544K(20992K)] 31017K->11267K(48128K), 0.0004500 secs] [Times: user=0.00 sys=0.00, real=0.01 secs] 
240.120: Total time for which application threads were stopped: 0.0005680 seconds, Stopping threads took: 0.0000590 seconds
240.195: Application time: 0.0754300 seconds
240.195: [GC [PSYoungGen: 20510K->352K(20992K)] 31234K->11288K(48128K), 0.0004180 secs] [Times: user=0.00 sys=0.00, real=0.00 secs] 
240.196: Total time for which application threads were stopped: 0.0005300 seconds, Stopping threads took: 0.0000490 seconds
240.282: Application time: 0.0860080 seconds
240.282: [GC [PSYoungGen: 20316K->320K(20992K)] 31252K->11272K(48128K), 0.0004280 secs] [Times: user=0.01 sys=0.00, real=0.00 secs] 
240.282: Total time for which application threads were stopped: 0.0005520 seconds, Stopping threads took: 0.0000510 seconds
240.368: Application time: 0.0855590 seconds
240.368: [GC [PSYoungGen: 20286K->320K(20992K)] 31238K->11512K(48128K), 0.0004480 secs] [Times: user=0.00 sys=0.00, real=0.00 secs] 
240.369: Total time for which application threads were stopped: 0.0005700 seconds, Stopping threads took: 0.0000620 seconds
240.455: Application time: 0.0862310 seconds
240.455: [GC [PSYoungGen: 20286K->320K(20992K)] 31478K->11752K(48128K), 0.0004810 secs] [Times: user=0.00 sys=0.00, real=0.00 secs] 
240.455: Total time for which application threads were stopped: 0.0006040 seconds, Stopping threads took: 0.0000520 seconds
240.542: Application time: 0.0867570 seconds
240.542: [GC [PSYoungGen: 20288K->384K(20992K)] 31720K->12069K(48128K), 0.0004680 secs] [Times: user=0.00 sys=0.00, real=0.00 secs] 
240.543: Total time for which application threads were stopped: 0.0005860 seconds, Stopping threads took: 0.0000560 seconds
240.625: Application time: 0.0821870 seconds
240.625: [GC [PSYoungGen: 20349K->320K(20992K)] 32035K->12218K(48128K), 0.0004570 secs] [Times: user=0.00 sys=0.00, real=0.00 secs] 
240.625: Total time for which application threads were stopped: 0.0005810 seconds, Stopping threads took: 0.0000630 seconds
240.695: Application time: 0.0691160 seconds
240.695: [GC [PSYoungGen: 20263K->512K(20992K)] 32161K->12418K(48128K), 0.0004710 secs] [Times: user=0.00 sys=0.00, real=0.00 secs] 
240.695: Total time for which application threads were stopped: 0.0006010 seconds, Stopping threads took: 0.0000660 seconds
240.767: Application time: 0.0717200 seconds
240.767: [GC [PSYoungGen: 20475K->544K(20992K)] 32381K->12498K(48128K), 0.0004600 secs] [Times: user=0.00 sys=0.00, real=0.00 secs] 
240.768: Total time for which application threads were stopped: 0.0005700 seconds, Stopping threads took: 0.0000490 seconds
240.854: Application time: 0.0866940 seconds
240.854: [GC [PSYoungGen: 20510K->320K(20992K)] 32464K->12518K(48128K), 0.0004550 secs] [Times: user=0.00 sys=0.00, real=0.00 secs] 
240.855: Total time for which application threads were stopped: 0.0005770 seconds, Stopping threads took: 0.0000620 seconds
240.931: Application time: 0.0760700 seconds
240.931: [GC [PSYoungGen: 20285K->320K(20992K)] 32483K->12731K(48128K), 0.0004920 secs] [Times: user=0.00 sys=0.00, real=0.00 secs] 
240.931: Total time for which application threads were stopped: 0.0006140 seconds, Stopping threads took: 0.0000620 seconds
241.010: Application time: 0.0788790 seconds
241.010: [GC [PSYoungGen: 20284K->320K(20992K)] 32695K->12795K(48128K), 0.0004420 secs] [Times: user=0.00 sys=0.00, real=0.00 secs] 
241.011: Total time for which application threads were stopped: 0.0005760 seconds, Stopping threads took: 0.0000570 seconds
241.096: Application time: 0.0848460 seconds
241.096: [GC [PSYoungGen: 20285K->512K(20992K)] 32760K->13003K(48128K), 0.0005080 secs] [Times: user=0.00 sys=0.00, real=0.00 secs] 
241.096: Total time for which application threads were stopped: 0.0006420 seconds, Stopping threads took: 0.0000710 seconds
241.183: Application time: 0.0865610 seconds
241.183: [GC [PSYoungGen: 20479K->352K(20992K)] 32970K->13260K(48128K), 0.0004470 secs] [Times: user=0.00 sys=0.00, real=0.00 secs] 
241.184: Total time for which application threads were stopped: 0.0005660 seconds, Stopping threads took: 0.0000570 seconds
241.250: Application time: 0.0668080 seconds
241.250: [GC [PSYoungGen: 20319K->544K(20992K)] 33228K->13680K(48128K), 0.0004470 secs] [Times: user=0.00 sys=0.00, real=0.00 secs] 
241.251: Total time for which application threads were stopped: 0.0005680 seconds, Stopping threads took: 0.0000600 seconds
241.319: Application time: 0.0683640 seconds
241.319: [GC [PSYoungGen: 20511K->512K(20992K)] 33648K->13704K(48128K), 0.0004780 secs] [Times: user=0.00 sys=0.00, real=0.01 secs] 
241.320: Total time for which application threads were stopped: 0.0005950 seconds, Stopping threads took: 0.0000570 seconds
241.403: Application time: 0.0835850 seconds
241.404: [GC [PSYoungGen: 20475K->800K(20992K)] 33668K->14040K(48128K), 0.0004730 secs] [Times: user=0.00 sys=0.00, real=0.00 secs] 
241.404: Total time for which application threads were stopped: 0.0006020 seconds, Stopping threads took: 0.0000670 seconds
241.493: Application time: 0.0893480 seconds
241.494: [GC [PSYoungGen: 20766K->0K(20992K)] 34007K->13846K(48128K), 0.0004430 secs] [Times: user=0.00 sys=0.00, real=0.00 secs] 
241.494: Total time for which application threads were stopped: 0.0005580 seconds, Stopping threads took: 0.0000530 seconds
241.580: Application time: 0.0860750 seconds
241.580: [GC [PSYoungGen: 19963K->224K(20992K)] 33810K->14070K(48128K), 0.0004590 secs] [Times: user=0.00 sys=0.00, real=0.00 secs] 
241.581: Total time for which application threads were stopped: 0.0005810 seconds, Stopping threads took: 0.0000540 seconds
241.650: Application time: 0.0694420 seconds
241.650: [GC [PSYoungGen: 20191K->544K(20992K)] 34038K->14406K(48128K), 0.0004290 secs] [Times: user=0.00 sys=0.00, real=0.00 secs] 
241.651: Total time for which application threads were stopped: 0.0005400 seconds, Stopping threads took: 0.0000470 seconds
241.723: Application time: 0.0719360 seconds
241.723: [GC [PSYoungGen: 20510K->992K(20992K)] 34372K->14878K(48128K), 0.0005580 secs] [Times: user=0.00 sys=0.00, real=0.00 secs] 
241.723: Total time for which application threads were stopped: 0.0006700 seconds, Stopping threads took: 0.0000480 seconds
241.801: Application time: 0.0776520 seconds
241.801: [GC [PSYoungGen: 20958K->512K(20992K)] 34845K->15023K(48128K), 0.0005820 secs] [Times: user=0.00 sys=0.00, real=0.00 secs] 
241.802: Total time for which application threads were stopped: 0.0006980 seconds, Stopping threads took: 0.0000530 seconds
241.870: Application time: 0.0687310 seconds
241.870: [GC [PSYoungGen: 20478K->576K(20992K)] 34990K->15103K(48128K), 0.0004670 secs] [Times: user=0.00 sys=0.00, real=0.00 secs] 
241.871: Total time for which application threads were stopped: 0.0005820 seconds, Stopping threads took: 0.0000510 seconds
241.957: Application time: 0.0857210 seconds
241.957: [GC [PSYoungGen: 20542K->256K(20992K)] 35070K->14996K(48128K), 0.0005070 secs] [Times: user=0.00 sys=0.00, real=0.00 secs] 
241.957: Total time for which application threads were stopped: 0.0006250 seconds, Stopping threads took: 0.0000540 seconds
242.043: Application time: 0.0855010 seconds
242.043: [GC [PSYoungGen: 20222K->384K(20992K)] 34962K->15376K(48128K), 0.0004380 secs] [Times: user=0.00 sys=0.00, real=0.00 secs] 
242.043: Total time for which application threads were stopped: 0.0005790 seconds, Stopping threads took: 0.0000790 seconds
242.129: Application time: 0.0857690 seconds
242.129: [GC [PSYoungGen: 20350K->416K(20992K)] 35343K->15661K(48128K), 0.0004190 secs] [Times: user=0.00 sys=0.00, real=0.00 secs] 
242.130: Total time for which application threads were stopped: 0.0005500 seconds, Stopping threads took: 0.0000620 seconds
242.218: Application time: 0.0886490 seconds
242.218: [GC [PSYoungGen: 20380K->0K(20992K)] 35625K->15617K(48128K), 0.0005220 secs] [Times: user=0.00 sys=0.00, real=0.01 secs] 
242.220: Total time for which application threads were stopped: 0.0017580 seconds, Stopping threads took: 0.0000950 seconds
242.307: Application time: 0.0866840 seconds
242.307: [GC [PSYoungGen: 19967K->384K(20992K)] 35585K->16001K(48128K), 0.0004410 secs] [Times: user=0.00 sys=0.00, real=0.00 secs] 
242.307: Total time for which application threads were stopped: 0.0005700 seconds, Stopping threads took: 0.0000670 seconds
242.375: Application time: 0.0681550 seconds
242.376: [GC [PSYoungGen: 20349K->384K(20992K)] 35967K->16346K(48128K), 0.0004630 secs] [Times: user=0.01 sys=0.00, real=0.00 secs] 
242.376: Total time for which application threads were stopped: 0.0005730 seconds, Stopping threads took: 0.0000490 seconds
242.443: Application time: 0.0670400 seconds
242.443: [GC [PSYoungGen: 20347K->576K(20992K)] 36309K->16602K(48128K), 0.0004560 secs] [Times: user=0.00 sys=0.00, real=0.00 secs] 
242.444: Total time for which application threads were stopped: 0.0005840 seconds, Stopping threads took: 0.0000570 seconds
242.530: Application time: 0.0861560 seconds
242.530: [GC [PSYoungGen: 20542K->352K(20992K)] 36568K->16626K(48128K), 0.0004360 secs] [Times: user=0.00 sys=0.00, real=0.00 secs] 
242.530: Total time for which application threads were stopped: 0.0005590 seconds, Stopping threads took: 0.0000620 seconds
242.617: Application time: 0.0865410 seconds
242.617: [GC [PSYoungGen: 20318K->352K(20992K)] 36592K->16846K(48128K), 0.0004150 secs] [Times: user=0.00 sys=0.00, real=0.00 secs] 
242.617: Total time for which application threads were stopped: 0.0005290 seconds, Stopping threads took: 0.0000560 seconds
242.686: Application time: 0.0686480 seconds
242.688: [GC [PSYoungGen: 20319K->400K(20992K)] 36814K->16902K(48128K), 0.0004720 secs] [Times: user=0.00 sys=0.00, real=0.00 secs] 
242.688: Total time for which application threads were stopped: 0.0021330 seconds, Stopping threads took: 0.0015850 seconds
242.773: Application time: 0.0849820 seconds
242.773: [GC [PSYoungGen: 20367K->544K(20992K)] 36870K->17102K(48128K), 0.0004300 secs] [Times: user=0.00 sys=0.00, real=0.00 secs] 
242.774: Total time for which application threads were stopped: 0.0005520 seconds, Stopping threads took: 0.0000610 seconds
242.860: Application time: 0.0863710 seconds
242.860: [GC [PSYoungGen: 20512K->416K(20992K)] 37070K->17391K(48128K), 0.0004480 secs] [Times: user=0.00 sys=0.00, real=0.00 secs] 
242.861: Total time for which application threads were stopped: 0.0005820 seconds, Stopping threads took: 0.0000730 seconds
242.942: Application time: 0.0813210 seconds
242.942: [GC [PSYoungGen: 20379K->416K(20992K)] 37355K->17612K(48128K), 0.0004320 secs] [Times: user=0.01 sys=0.00, real=0.00 secs] 
242.943: Total time for which application threads were stopped: 0.0005430 seconds, Stopping threads took: 0.0000500 seconds
243.001: Application time: 0.0582830 seconds
243.001: [GC [PSYoungGen: 20381K->544K(20992K)] 37577K->17812K(48128K), 0.0004280 secs] [Times: user=0.00 sys=0.00, real=0.00 secs] 
243.001: Total time for which application threads were stopped: 0.0005690 seconds, Stopping threads took: 0.0000780 seconds
243.081: Application time: 0.0790980 seconds
243.081: [GC [PSYoungGen: 20509K->704K(20992K)] 37778K->18028K(48128K), 0.0004740 secs] [Times: user=0.00 sys=0.00, real=0.00 secs] 
243.081: Total time for which application threads were stopped: 0.0005890 seconds, Stopping threads took: 0.0000550 seconds
243.169: Application time: 0.0882970 seconds
243.170: [GC [PSYoungGen: 20668K->0K(20992K)] 37992K->17949K(48128K), 0.0004590 secs] [Times: user=0.00 sys=0.00, real=0.00 secs] 
243.170: Total time for which application threads were stopped: 0.0005770 seconds, Stopping threads took: 0.0000560 seconds
243.258: Application time: 0.0880200 seconds
243.258: [GC [PSYoungGen: 19964K->0K(20992K)] 37913K->17949K(48128K), 0.0004080 secs] [Times: user=0.00 sys=0.00, real=0.00 secs] 
243.259: Total time for which application threads were stopped: 0.0005360 seconds, Stopping threads took: 0.0000580 seconds
243.330: Application time: 0.0712570 seconds
243.330: [GC [PSYoungGen: 19967K->384K(20992K)] 37917K->18333K(48128K), 0.0004160 secs] [Times: user=0.00 sys=0.00, real=0.00 secs] 
243.330: Total time for which application threads were stopped: 0.0005260 seconds, Stopping threads took: 0.0000520 seconds
243.407: Application time: 0.0767540 seconds
243.407: [GC [PSYoungGen: 20351K->928K(20992K)] 38301K->18885K(48128K), 0.0005040 secs] [Times: user=0.00 sys=0.00, real=0.00 secs] 
243.408: Total time for which application threads were stopped: 0.0006290 seconds, Stopping threads took: 0.0000630 seconds
243.479: Application time: 0.0712160 seconds
243.479: [GC [PSYoungGen: 20893K->352K(20992K)] 38850K->18907K(48128K), 0.0004870 secs] [Times: user=0.00 sys=0.00, real=0.00 secs] 
243.480: Total time for which application threads were stopped: 0.0006160 seconds, Stopping threads took: 0.0000670 seconds
243.548: Application time: 0.0684980 seconds
243.548: [GC [PSYoungGen: 20318K->544K(20992K)] 38874K->19115K(48128K), 0.0004590 secs] [Times: user=0.00 sys=0.00, real=0.00 secs] 
243.549: Total time for which application threads were stopped: 0.0005960 seconds, Stopping threads took: 0.0000750 seconds
243.633: Application time: 0.0840890 seconds
243.633: [GC [PSYoungGen: 20508K->384K(20992K)] 39079K->19175K(48128K), 0.0004620 secs] [Times: user=0.01 sys=0.00, real=0.00 secs] 
243.633: Total time for which application threads were stopped: 0.0006020 seconds, Stopping threads took: 0.0000740 seconds
243.720: Application time: 0.0863260 seconds
243.720: [GC [PSYoungGen: 20350K->384K(20992K)] 39141K->19439K(48128K), 0.0004670 secs] [Times: user=0.00 sys=0.00, real=0.00 secs] 
243.720: Total time for which application threads were stopped: 0.0005840 seconds, Stopping threads took: 0.0000580 seconds
243.807: Application time: 0.0864360 seconds
243.807: [GC [PSYoungGen: 20350K->352K(20992K)] 39406K->19431K(48128K), 0.0004380 secs] [Times: user=0.00 sys=0.00, real=0.00 secs] 
243.807: Total time for which application threads were stopped: 0.0005570 seconds, Stopping threads took: 0.0000490 seconds
243.893: Application time: 0.0861120 seconds
243.894: [GC [PSYoungGen: 20315K->384K(20992K)] 39395K->19716K(48128K), 0.0004570 secs] [Times: user=0.00 sys=0.00, real=0.00 secs] 
243.894: Total time for which application threads were stopped: 0.0005790 seconds, Stopping threads took: 0.0000600 seconds
243.981: Application time: 0.0867910 seconds
243.981: [GC [PSYoungGen: 20351K->384K(20992K)] 39684K->19972K(48128K), 0.0004500 secs] [Times: user=0.00 sys=0.00, real=0.00 secs] 
243.981: Total time for which application threads were stopped: 0.0005640 seconds, Stopping threads took: 0.0000540 seconds
244.054: Application time: 0.0727150 seconds
244.054: [GC [PSYoungGen: 20351K->288K(20992K)] 39939K->20080K(48128K), 0.0004660 secs] [Times: user=0.00 sys=0.00, real=0.00 secs] 
244.055: Total time for which application threads were stopped: 0.0005870 seconds, Stopping threads took: 0.0000610 seconds
244.125: Application time: 0.0701040 seconds
244.125: [GC [PSYoungGen: 20253K->512K(20992K)] 40046K->20312K(48128K), 0.0004660 secs] [Times: user=0.00 sys=0.00, real=0.00 secs] 
244.125: Total time for which application threads were stopped: 0.0005870 seconds, Stopping threads took: 0.0000630 seconds
244.206: Application time: 0.0801540 seconds
244.206: [GC [PSYoungGen: 20476K->480K(20992K)] 40276K->20329K(48128K), 0.0005080 secs] [Times: user=0.00 sys=0.00, real=0.00 secs] 
244.206: Total time for which application threads were stopped: 0.0006180 seconds, Stopping threads took: 0.0000480 seconds
244.293: Application time: 0.0866770 seconds
244.293: [GC [PSYoungGen: 20447K->288K(20992K)] 40296K->20393K(48128K), 0.0005040 secs] [Times: user=0.01 sys=0.00, real=0.00 secs] 
244.293: Total time for which application threads were stopped: 0.0006060 seconds, Stopping threads took: 0.0000410 seconds
244.361: Application time: 0.0678150 seconds
244.361: [GC [PSYoungGen: 20253K->256K(20992K)] 40359K->20558K(48128K), 0.0005120 secs] [Times: user=0.00 sys=0.00, real=0.00 secs] 
244.362: Total time for which application threads were stopped: 0.0006390 seconds, Stopping threads took: 0.0000610 seconds
244.448: Application time: 0.0863990 seconds
244.448: [GC [PSYoungGen: 20224K->352K(20992K)] 40526K->20702K(48128K), 0.0003910 secs] [Times: user=0.00 sys=0.00, real=0.00 secs] 
244.449: Total time for which application threads were stopped: 0.0004980 seconds, Stopping threads took: 0.0000470 seconds
244.533: Application time: 0.0843480 seconds
244.533: [GC [PSYoungGen: 20319K->544K(20992K)] 40669K->21122K(48128K), 0.0004600 secs] [Times: user=0.00 sys=0.00, real=0.00 secs] 
244.534: Total time for which application threads were stopped: 0.0005930 seconds, Stopping threads took: 0.0000690 seconds
244.622: Application time: 0.0880590 seconds
244.622: [GC [PSYoungGen: 20508K->0K(20992K)] 41086K->21003K(48128K), 0.0004430 secs] [Times: user=0.00 sys=0.00, real=0.00 secs] 
244.622: Total time for which application threads were stopped: 0.0005570 seconds, Stopping threads took: 0.0000500 seconds
244.687: Application time: 0.0649220 seconds
244.687: [GC [PSYoungGen: 19966K->544K(20992K)] 40970K->21547K(48128K), 0.0004660 secs] [Times: user=0.00 sys=0.00, real=0.00 secs] 
244.688: Total time for which application threads were stopped: 0.0005800 seconds, Stopping threads took: 0.0000510 seconds
244.756: Application time: 0.0685380 seconds
244.756: [GC [PSYoungGen: 20509K->736K(20992K)] 41513K->21835K(48128K), 0.0005040 secs] [Times: user=0.00 sys=0.00, real=0.00 secs] 
244.757: Total time for which application threads were stopped: 0.0006270 seconds, Stopping threads took: 0.0000620 seconds
244.843: Application time: 0.0858120 seconds
244.843: [GC [PSYoungGen: 20704K->544K(20992K)] 41803K->21859K(48128K), 0.0004710 secs] [Times: user=0.00 sys=0.00, real=0.00 secs] 
244.843: Total time for which application threads were stopped: 0.0006130 seconds, Stopping threads took: 0.0000780 seconds
244.931: Application time: 0.0879860 seconds
244.932: [GC [PSYoungGen: 20508K->0K(20992K)] 41824K->21848K(48128K), 0.0004740 secs] [Times: user=0.00 sys=0.00, real=0.01 secs] 
244.932: Total time for which application threads were stopped: 0.0005940 seconds, Stopping threads took: 0.0000490 seconds
245.011: Application time: 0.0793560 seconds
245.011: [GC [PSYoungGen: 19967K->384K(20992K)] 41815K->22232K(48128K), 0.0004100 secs] [Times: user=0.00 sys=0.00, real=0.01 secs] 
245.012: Total time for which application threads were stopped: 0.0005380 seconds, Stopping threads took: 0.0000640 seconds
245.086: Application time: 0.0742170 seconds
245.086: [GC [PSYoungGen: 20239K->384K(20992K)] 42087K->22248K(48128K), 0.0004580 secs] [Times: user=0.00 sys=0.00, real=0.00 secs] 
245.087: Total time for which application threads were stopped: 0.0005840 seconds, Stopping threads took: 0.0000650 seconds
245.153: Application time: 0.0663910 seconds
245.153: [GC [PSYoungGen: 20347K->864K(20992K)] 42212K->22813K(48128K), 0.0005740 secs] [Times: user=0.00 sys=0.00, real=0.00 secs] 
245.154: Total time for which application threads were stopped: 0.0006890 seconds, Stopping threads took: 0.0000560 seconds
245.228: Application time: 0.0736940 seconds
245.228: [GC [PSYoungGen: 20830K->576K(20992K)] 42779K->23065K(48128K), 0.0005740 secs] [Times: user=0.00 sys=0.00, real=0.00 secs] 
245.228: Total time for which application threads were stopped: 0.0006800 seconds, Stopping threads took: 0.0000460 seconds
245.307: Application time: 0.0789730 seconds
245.307: [GC [PSYoungGen: 20542K->320K(20992K)] 43032K->23033K(48128K), 0.0004460 secs] [Times: user=0.00 sys=0.00, real=0.00 secs] 
245.308: Total time for which application threads were stopped: 0.0005650 seconds, Stopping threads took: 0.0000570 seconds
245.394: Application time: 0.0864200 seconds
245.394: [GC [PSYoungGen: 20284K->288K(20992K)] 42998K->23017K(48128K), 0.0004720 secs] [Times: user=0.00 sys=0.00, real=0.00 secs] 
245.395: Total time for which application threads were stopped: 0.0005910 seconds, Stopping threads took: 0.0000570 seconds
245.481: Application time: 0.0858020 seconds
245.481: [GC [PSYoungGen: 20251K->384K(20992K)] 42981K->23353K(48128K), 0.0004920 secs] [Times: user=0.00 sys=0.00, real=0.00 secs] 
245.481: Total time for which application threads were stopped: 0.0006300 seconds, Stopping threads took: 0.0000670 seconds
245.567: Application time: 0.0860460 seconds
245.567: [GC [PSYoungGen: 20349K->352K(20992K)] 43319K->23566K(48128K), 0.0004430 secs] [Times: user=0.00 sys=0.00, real=0.00 secs] 
245.568: Total time for which application threads were stopped: 0.0005690 seconds, Stopping threads took: 0.0000620 seconds
245.655: Application time: 0.0867360 seconds
245.655: [GC [PSYoungGen: 20320K->352K(20992K)] 43534K->23822K(48128K), 0.0004460 secs] [Times: user=0.00 sys=0.00, real=0.00 secs] 
245.655: Total time for which application threads were stopped: 0.0005580 seconds, Stopping threads took: 0.0000520 seconds
245.742: Application time: 0.0869100 seconds
245.742: [GC [PSYoungGen: 20316K->352K(20992K)] 43786K->24058K(48128K), 0.0004450 secs] [Times: user=0.00 sys=0.00, real=0.00 secs] 
245.743: Total time for which application threads were stopped: 0.0005660 seconds, Stopping threads took: 0.0000500 seconds
245.811: Application time: 0.0686460 seconds
245.811: [GC [PSYoungGen: 20317K->544K(20992K)] 44024K->24266K(48128K), 0.0004380 secs] [Times: user=0.00 sys=0.00, real=0.01 secs] 
245.812: Total time for which application threads were stopped: 0.0005540 seconds, Stopping threads took: 0.0000530 seconds
245.880: Application time: 0.0679110 seconds
245.880: [GC [PSYoungGen: 20510K->576K(20992K)] 44233K->24362K(48128K), 0.0004660 secs] [Times: user=0.01 sys=0.00, real=0.00 secs] 
245.880: Total time for which application threads were stopped: 0.0005980 seconds, Stopping threads took: 0.0000700 seconds
245.967: Application time: 0.0865440 seconds
245.967: [GC [PSYoungGen: 20541K->384K(20992K)] 44328K->24431K(48128K), 0.0004580 secs] [Times: user=0.01 sys=0.00, real=0.00 secs] 
245.967: Total time for which application threads were stopped: 0.0005690 seconds, Stopping threads took: 0.0000460 seconds
246.042: Application time: 0.0742160 seconds
246.042: [GC [PSYoungGen: 20348K->384K(20992K)] 44396K->24652K(48128K), 0.0004400 secs] [Times: user=0.00 sys=0.00, real=0.00 secs] 
246.042: Total time for which application threads were stopped: 0.0005650 seconds, Stopping threads took: 0.0000540 seconds
246.122: Application time: 0.0795190 seconds
246.122: [GC [PSYoungGen: 20350K->384K(20992K)] 44618K->24708K(48128K), 0.0004340 secs] [Times: user=0.00 sys=0.00, real=0.00 secs] 
246.122: Total time for which application threads were stopped: 0.0005620 seconds, Stopping threads took: 0.0000670 seconds
246.208: Application time: 0.0860740 seconds
246.208: [GC [PSYoungGen: 20349K->416K(20992K)] 44674K->24960K(48128K), 0.0004420 secs] [Times: user=0.00 sys=0.00, real=0.00 secs] 
246.209: Total time for which application threads were stopped: 0.0005860 seconds, Stopping threads took: 0.0000820 seconds
246.295: Application time: 0.0860160 seconds
246.295: [GC [PSYoungGen: 20381K->416K(20992K)] 44926K->25181K(48128K), 0.0004470 secs] [Times: user=0.00 sys=0.00, real=0.00 secs] 
246.296: Total time for which application threads were stopped: 0.0005630 seconds, Stopping threads took: 0.0000530 seconds
246.374: Application time: 0.0780880 seconds
246.374: [GC [PSYoungGen: 20379K->352K(20992K)] 45144K->25345K(48128K), 0.0004250 secs] [Times: user=0.00 sys=0.00, real=0.00 secs] 
246.374: Total time for which application threads were stopped: 0.0005580 seconds, Stopping threads took: 0.0000730 seconds
246.432: Application time: 0.0575900 seconds
246.432: [GC [PSYoungGen: 20317K->576K(20992K)] 45311K->25633K(48128K), 0.0004580 secs] [Times: user=0.01 sys=0.00, real=0.00 secs] 
246.432: Total time for which application threads were stopped: 0.0005730 seconds, Stopping threads took: 0.0000580 seconds
246.516: Application time: 0.0833060 seconds
246.516: [GC [PSYoungGen: 20542K->704K(20992K)] 45600K->25809K(48128K), 0.0005340 secs] [Times: user=0.00 sys=0.00, real=0.00 secs] 
246.516: Total time for which application threads were stopped: 0.0006660 seconds, Stopping threads took: 0.0000680 seconds
246.605: Application time: 0.0887600 seconds
246.605: [GC [PSYoungGen: 20668K->0K(20992K)] 45774K->25727K(48128K), 0.0004550 secs] [Times: user=0.00 sys=0.00, real=0.00 secs] 
246.606: Total time for which application threads were stopped: 0.0005830 seconds, Stopping threads took: 0.0000580 seconds
246.695: Application time: 0.0888840 seconds
246.695: [GC [PSYoungGen: 19964K->0K(20992K)] 45691K->25727K(48128K), 0.0004000 secs] [Times: user=0.01 sys=0.00, real=0.00 secs] 
246.695: Total time for which application threads were stopped: 0.0005310 seconds, Stopping threads took: 0.0000700 seconds
246.764: Application time: 0.0684750 seconds
246.764: [GC [PSYoungGen: 19965K->480K(20992K)] 45692K->26207K(48128K), 0.0004410 secs] [Times: user=0.00 sys=0.00, real=0.00 secs] 
246.764: Total time for which application threads were stopped: 0.0005550 seconds, Stopping threads took: 0.0000550 seconds
246.841: Application time: 0.0767570 seconds
246.841: [GC [PSYoungGen: 20445K->928K(20992K)] 46172K->26663K(48128K), 0.0005870 secs] [Times: user=0.00 sys=0.00, real=0.00 secs] 
246.842: Total time for which application threads were stopped: 0.0007030 seconds, Stopping threads took: 0.0000530 seconds
246.908: Application time: 0.0659420 seconds
246.908: [GC [PSYoungGen: 20892K->480K(20992K)] 46627K->26824K(48128K), 0.0005900 secs] [Times: user=0.00 sys=0.00, real=0.00 secs] 
246.908: Total time for which application threads were stopped: 0.0007100 seconds, Stopping threads took: 0.0000570 seconds
246.983: Application time: 0.0748840 seconds
246.983: [GC [PSYoungGen: 20443K->480K(20992K)] 46788K->26840K(48128K), 0.0004300 secs] [Times: user=0.00 sys=0.00, real=0.00 secs] 
246.984: Total time for which application threads were stopped: 0.0005370 seconds, Stopping threads took: 0.0000440 seconds
247.070: Application time: 0.0860470 seconds
247.072: [GC [PSYoungGen: 20444K->384K(20992K)] 46804K->26973K(48128K), 0.0004770 secs] [Times: user=0.00 sys=0.00, real=0.00 secs] 
247.072: [Full GC [PSYoungGen: 384K->0K(20992K)] [ParOldGen: 26589K->4424K(26624K)] 26973K->4424K(47616K) [PSPermGen: 5579K->5579K(21504K)], 0.0059590 secs] [Times: user=0.03 sys=0.00, real=0.00 secs] 
247.078: Total time for which application threads were stopped: 0.0085680 seconds, Stopping threads took: 0.0020220 seconds
247.164: Application time: 0.0858460 seconds
247.164: [GC [PSYoungGen: 19963K->384K(20992K)] 24388K->4808K(47616K), 0.0004170 secs] [Times: user=0.00 sys=0.00, real=0.00 secs] 
247.165: Total time for which application threads were stopped: 0.0005420 seconds, Stopping threads took: 0.0000530 seconds
247.253: Application time: 0.0881280 seconds
247.253: [GC [PSYoungGen: 20348K->0K(20992K)] 24772K->4676K(47616K), 0.0004310 secs] [Times: user=0.00 sys=0.00, real=0.00 secs] 
247.254: Total time for which application threads were stopped: 0.0016030 seconds, Stopping threads took: 0.0000590 seconds
247.339: Application time: 0.0850650 seconds
247.340: [GC [PSYoungGen: 19965K->544K(20992K)] 24642K->5220K(47616K), 0.0004270 secs] [Times: user=0.01 sys=0.00, real=0.01 secs] 
247.340: Total time for which application threads were stopped: 0.0005460 seconds, Stopping threads took: 0.0000570 seconds
247.429: Application time: 0.0891090 seconds
247.430: [GC [PSYoungGen: 20508K->0K(20992K)] 25185K->5113K(47616K), 0.0005120 secs] [Times: user=0.00 sys=0.00, real=0.00 secs] 
247.430: Total time for which application threads were stopped: 0.0012550 seconds, Stopping threads took: 0.0006760 seconds
247.501: Application time: 0.0706430 seconds
247.501: [GC [PSYoungGen: 19967K->384K(20992K)] 25081K->5497K(47616K), 0.0003940 secs] [Times: user=0.00 sys=0.00, real=0.00 secs] 
247.502: Total time for which application threads were stopped: 0.0005270 seconds, Stopping threads took: 0.0000720 seconds
247.568: Application time: 0.0661930 seconds
247.568: [GC [PSYoungGen: 20349K->544K(20992K)] 25462K->5673K(47616K), 0.0004760 secs] [Times: user=0.00 sys=0.00, real=0.00 secs] 
247.568: Total time for which application threads were stopped: 0.0005850 seconds, Stopping threads took: 0.0000500 seconds
247.654: Application time: 0.0860760 seconds
247.655: [GC [PSYoungGen: 20511K->480K(20992K)] 25640K->5697K(47616K), 0.0004810 secs] [Times: user=0.00 sys=0.00, real=0.00 secs] 
247.655: Total time for which application threads were stopped: 0.0005910 seconds, Stopping threads took: 0.0000490 seconds
247.740: Application time: 0.0845340 seconds
247.740: [GC [PSYoungGen: 20446K->288K(20992K)] 25663K->5902K(47616K), 0.0004560 secs] [Times: user=0.00 sys=0.00, real=0.01 secs] 
247.740: Total time for which application threads were stopped: 0.0005790 seconds, Stopping threads took: 0.0000500 seconds
247.812: Application time: 0.0718160 seconds
247.812: [GC [PSYoungGen: 20255K->432K(20992K)] 25869K->6062K(47616K), 0.0004280 secs] [Times: user=0.00 sys=0.00, real=0.00 secs] 
247.812: Total time for which application threads were stopped: 0.0005430 seconds, Stopping threads took: 0.0000540 seconds
247.898: Application time: 0.0859670 seconds
247.899: [GC [PSYoungGen: 20397K->672K(20992K)] 26027K->6366K(47616K), 0.0004660 secs] [Times: user=0.00 sys=0.00, real=0.00 secs] 
247.899: Total time for which application threads were stopped: 0.0005860 seconds, Stopping threads took: 0.0000600 seconds
247.986: Application time: 0.0865640 seconds
247.986: [GC [PSYoungGen: 20640K->384K(20992K)] 26334K->6506K(47616K), 0.0004660 secs] [Times: user=0.00 sys=0.00, real=0.00 secs] 
247.986: Total time for which application threads were stopped: 0.0005800 seconds, Stopping threads took: 0.0000510 seconds
248.075: Application time: 0.0889680 seconds
248.075: [GC [PSYoungGen: 20348K->0K(20992K)] 26471K->6343K(47616K), 0.0003960 secs] [Times: user=0.00 sys=0.00, real=0.00 secs] 
248.076: Total time for which application threads were stopped: 0.0005260 seconds, Stopping threads took: 0.0000650 seconds
248.142: Application time: 0.0667440 seconds
248.143: [GC [PSYoungGen: 19966K->592K(20992K)] 26310K->6935K(47616K), 0.0004300 secs] [Times: user=0.00 sys=0.00, real=0.00 secs] 
248.143: Total time for which application threads were stopped: 0.0005310 seconds, Stopping threads took: 0.0000420 seconds
248.210: Application time: 0.0675090 seconds
248.211: [GC [PSYoungGen: 20558K->768K(20992K)] 26901K->7199K(47616K), 0.0004770 secs] [Times: user=0.00 sys=0.00, real=0.00 secs] 
248.211: Total time for which application threads were stopped: 0.0005960 seconds, Stopping threads took: 0.0000580 seconds
248.297: Application time: 0.0857780 seconds
248.297: [GC [PSYoungGen: 20736K->512K(20992K)] 27167K->7172K(47616K), 0.0004420 secs] [Times: user=0.00 sys=0.00, real=0.00 secs] 
248.297: Total time for which application threads were stopped: 0.0005860 seconds, Stopping threads took: 0.0000730 seconds
248.385: Application time: 0.0880190 seconds
248.388: [GC [PSYoungGen: 20476K->0K(20992K)] 27136K->7077K(47616K), 0.0004210 secs] [Times: user=0.00 sys=0.00, real=0.00 secs] 
248.388: Total time for which application threads were stopped: 0.0027700 seconds, Stopping threads took: 0.0022850 seconds
248.458: Application time: 0.0692650 seconds
248.458: [GC [PSYoungGen: 19965K->384K(20992K)] 27042K->7461K(47616K), 0.0003700 secs] [Times: user=0.01 sys=0.00, real=0.00 secs] 
248.458: Total time for which application threads were stopped: 0.0004850 seconds, Stopping threads took: 0.0000540 seconds
248.544: Application time: 0.0855850 seconds
248.544: [GC [PSYoungGen: 20352K->480K(20992K)] 27429K->7573K(47616K), 0.0004570 secs] [Times: user=0.00 sys=0.00, real=0.00 secs] 
248.544: Total time for which application threads were stopped: 0.0005770 seconds, Stopping threads took: 0.0000590 seconds
248.611: Application time: 0.0667190 seconds
248.611: [GC [PSYoungGen: 20444K->768K(20992K)] 27537K->8081K(47616K), 0.0004810 secs] [Times: user=0.01 sys=0.00, real=0.00 secs] 
248.611: Total time for which application threads were stopped: 0.0006040 seconds, Stopping threads took: 0.0000620 seconds
248.677: Application time: 0.0650670 seconds
248.677: [GC [PSYoungGen: 20734K->544K(20992K)] 28048K->8274K(47616K), 0.0004960 secs] [Times: user=0.00 sys=0.00, real=0.00 secs] 
248.677: Total time for which application threads were stopped: 0.0006080 seconds, Stopping threads took: 0.0000500 seconds
248.763: Application time: 0.0859900 seconds
248.763: [GC [PSYoungGen: 20512K->384K(20992K)] 28242K->8335K(47616K), 0.0004990 secs] [Times: user=0.01 sys=0.00, real=0.00 secs] 
248.764: Total time for which application threads were stopped: 0.0006170 seconds, Stopping threads took: 0.0000580 seconds
248.849: Application time: 0.0856080 seconds
248.849: [GC [PSYoungGen: 20350K->352K(20992K)] 28301K->8683K(47616K), 0.0004770 secs] [Times: user=0.00 sys=0.00, real=0.00 secs] 
248.850: Total time for which application threads were stopped: 0.0005950 seconds, Stopping threads took: 0.0000490 seconds
248.938: Application time: 0.0880790 seconds
248.938: [GC [PSYoungGen: 20316K->0K(20992K)] 28648K->8584K(47616K), 0.0004140 secs] [Times: user=0.00 sys=0.00, real=0.00 secs] 
248.939: Total time for which application threads were stopped: 0.0005550 seconds, Stopping threads took: 0.0000680 seconds
249.025: Application time: 0.0862760 seconds
249.025: [GC [PSYoungGen: 19965K->384K(20992K)] 28550K->8968K(47616K), 0.0004080 secs] [Times: user=0.00 sys=0.00, real=0.00 secs] 
249.025: Total time for which application threads were stopped: 0.0005290 seconds, Stopping threads took: 0.0000610 seconds
249.112: Application time: 0.0869840 seconds
249.113: [GC [PSYoungGen: 20351K->384K(20992K)] 28935K->9216K(47616K), 0.0004170 secs] [Times: user=0.00 sys=0.00, real=0.00 secs] 
249.113: Total time for which application threads were stopped: 0.0005480 seconds, Stopping threads took: 0.0000690 seconds
249.191: Application time: 0.0776280 seconds
249.191: [GC [PSYoungGen: 20349K->384K(20992K)] 29181K->9437K(47616K), 0.0004260 secs] [Times: user=0.00 sys=0.00, real=0.00 secs] 
249.191: Total time for which application threads were stopped: 0.0005460 seconds, Stopping threads took: 0.0000560 seconds
249.251: Application time: 0.0602880 seconds
249.252: [GC [PSYoungGen: 20347K->592K(20992K)] 29400K->9661K(47616K), 0.0004770 secs] [Times: user=0.01 sys=0.00, real=0.01 secs] 
249.252: Total time for which application threads were stopped: 0.0005860 seconds, Stopping threads took: 0.0000480 seconds
249.337: Application time: 0.0854900 seconds
249.338: [GC [PSYoungGen: 20557K->512K(20992K)] 29626K->9677K(47616K), 0.0004560 secs] [Times: user=0.00 sys=0.00, real=0.00 secs] 
249.338: Total time for which application threads were stopped: 0.0005670 seconds, Stopping threads took: 0.0000500 seconds
249.426: Application time: 0.0881280 seconds
249.426: [GC [PSYoungGen: 20476K->0K(20992K)] 29641K->9582K(47616K), 0.0005220 secs] [Times: user=0.00 sys=0.00, real=0.00 secs] 
249.427: Total time for which application threads were stopped: 0.0006650 seconds, Stopping threads took: 0.0000680 seconds
249.496: Application time: 0.0688940 seconds
249.496: [GC [PSYoungGen: 19965K->288K(20992K)] 29547K->9870K(47616K), 0.0004730 secs] [Times: user=0.00 sys=0.00, real=0.00 secs] 
249.496: Total time for which application threads were stopped: 0.0005970 seconds, Stopping threads took: 0.0000620 seconds
249.583: Application time: 0.0871230 seconds
249.584: [GC [PSYoungGen: 20252K->352K(20992K)] 29834K->9990K(47616K), 0.0003980 secs] [Times: user=0.01 sys=0.00, real=0.00 secs] 
249.584: Total time for which application threads were stopped: 0.0005240 seconds, Stopping threads took: 0.0000620 seconds
249.669: Application time: 0.0851040 seconds
249.669: [GC [PSYoungGen: 20319K->576K(20992K)] 29957K->10426K(47616K), 0.0004650 secs] [Times: user=0.01 sys=0.00, real=0.00 secs] 
249.670: Total time for which application threads were stopped: 0.0005890 seconds, Stopping threads took: 0.0000650 seconds
249.758: Application time: 0.0887930 seconds
249.759: [GC [PSYoungGen: 20540K->0K(20992K)] 30391K->10251K(47616K), 0.0004560 secs] [Times: user=0.00 sys=0.00, real=0.00 secs] 
249.759: Total time for which application threads were stopped: 0.0005740 seconds, Stopping threads took: 0.0000550 seconds
249.847: Application time: 0.0884190 seconds
249.848: [GC [PSYoungGen: 19964K->0K(20992K)] 30216K->10251K(47616K), 0.0004860 secs] [Times: user=0.00 sys=0.00, real=0.00 secs] 
249.848: Total time for which application threads were stopped: 0.0006010 seconds, Stopping threads took: 0.0000530 seconds
249.904: Application time: 0.0555740 seconds
249.904: [GC [PSYoungGen: 19965K->800K(20992K)] 30217K->11051K(47616K), 0.0005180 secs] [Times: user=0.00 sys=0.00, real=0.00 secs] 
249.904: Total time for which application threads were stopped: 0.0006510 seconds, Stopping threads took: 0.0000740 seconds
249.981: Application time: 0.0766960 seconds
249.984: [GC [PSYoungGen: 20763K->512K(20992K)] 31015K->11048K(47616K), 0.0005020 secs] [Times: user=0.00 sys=0.00, real=0.00 secs] 
249.984: Total time for which application threads were stopped: 0.0032820 seconds, Stopping threads took: 0.0027070 seconds
250.071: Application time: 0.0869740 seconds
250.071: [GC [PSYoungGen: 20478K->352K(20992K)] 31014K->11117K(47616K), 0.0004430 secs] [Times: user=0.00 sys=0.00, real=0.01 secs] 
250.072: Total time for which application threads were stopped: 0.0005690 seconds, Stopping threads took: 0.0000650 seconds
250.147: Application time: 0.0751860 seconds
250.148: [GC [PSYoungGen: 20319K->352K(20992K)] 31084K->11337K(47616K), 0.0004620 secs] [Times: user=0.00 sys=0.00, real=0.00 secs] 
250.148: Total time for which application threads were stopped: 0.0012260 seconds, Stopping threads took: 0.0007010 seconds
250.228: Application time: 0.0802120 seconds
250.229: [GC [PSYoungGen: 20318K->352K(20992K)] 31304K->11345K(47616K), 0.0004050 secs] [Times: user=0.00 sys=0.00, real=0.00 secs] 
250.229: Total time for which application threads were stopped: 0.0005300 seconds, Stopping threads took: 0.0000630 seconds
250.298: Application time: 0.0691720 seconds
250.298: [GC [PSYoungGen: 20318K->672K(20992K)] 31312K->11673K(47616K), 0.0004370 secs] [Times: user=0.00 sys=0.00, real=0.00 secs] 
250.299: Total time for which application threads were stopped: 0.0005600 seconds, Stopping threads took: 0.0000640 seconds
250.368: Application time: 0.0697250 seconds
250.369: [GC [PSYoungGen: 20639K->736K(20992K)] 31640K->12138K(47616K), 0.0005080 secs] [Times: user=0.00 sys=0.00, real=0.00 secs] 
250.369: Total time for which application threads were stopped: 0.0006310 seconds, Stopping threads took: 0.0000610 seconds
250.449: Application time: 0.0797410 seconds
250.449: [GC [PSYoungGen: 20702K->480K(20992K)] 32105K->12087K(47616K), 0.0004780 secs] [Times: user=0.01 sys=0.00, real=0.00 secs] 
250.449: Total time for which application threads were stopped: 0.0005910 seconds, Stopping threads took: 0.0000530 seconds
250.536: Application time: 0.0869450 seconds
250.537: [GC [PSYoungGen: 20446K->384K(20992K)] 32053K->12211K(47616K), 0.0004380 secs] [Times: user=0.00 sys=0.00, real=0.00 secs] 
250.537: Total time for which application threads were stopped: 0.0005790 seconds, Stopping threads took: 0.0000700 seconds
250.623: Application time: 0.0857920 seconds
250.623: [GC [PSYoungGen: 20350K->384K(20992K)] 32178K->12464K(47616K), 0.0004570 secs] [Times: user=0.00 sys=0.00, real=0.00 secs] 
250.623: Total time for which application threads were stopped: 0.0005930 seconds, Stopping threads took: 0.0000740 seconds
250.709: Application time: 0.0858160 seconds
250.709: [GC [PSYoungGen: 20347K->384K(20992K)] 32428K->12712K(47616K), 0.0004480 secs] [Times: user=0.01 sys=0.00, real=0.00 secs] 
250.710: Total time for which application threads were stopped: 0.0005690 seconds, Stopping threads took: 0.0000580 seconds
250.796: Application time: 0.0866780 seconds
250.797: [GC [PSYoungGen: 20352K->384K(20992K)] 32680K->12968K(47616K), 0.0004480 secs] [Times: user=0.00 sys=0.00, real=0.00 secs] 
250.797: Total time for which application threads were stopped: 0.0005690 seconds, Stopping threads took: 0.0000570 seconds
250.883: Application time: 0.0858790 seconds
250.883: [GC [PSYoungGen: 20349K->288K(20992K)] 32934K->13088K(47616K), 0.0004520 secs] [Times: user=0.00 sys=0.00, real=0.00 secs] 
250.883: Total time for which application threads were stopped: 0.0005660 seconds, Stopping threads took: 0.0000520 seconds
250.941: Application time: 0.0575330 seconds
250.941: [GC [PSYoungGen: 20254K->512K(20992K)] 33054K->13328K(47616K), 0.0004360 secs] [Times: user=0.00 sys=0.00, real=0.00 secs] 
250.942: Total time for which application threads were stopped: 0.0005460 seconds, Stopping threads took: 0.0000500 seconds
251.021: Application time: 0.0791590 seconds
251.021: [GC [PSYoungGen: 20480K->448K(20992K)] 33296K->13312K(47616K), 0.0004150 secs] [Times: user=0.00 sys=0.00, real=0.00 secs] 
251.021: Total time for which application threads were stopped: 0.0005290 seconds, Stopping threads took: 0.0000530 seconds
251.108: Application time: 0.0870920 seconds
251.108: [GC [PSYoungGen: 20413K->320K(20992K)] 33277K->13485K(47616K), 0.0004360 secs] [Times: user=0.00 sys=0.00, real=0.00 secs] 
251.109: Total time for which application threads were stopped: 0.0005720 seconds, Stopping threads took: 0.0000570 seconds
251.185: Application time: 0.0760300 seconds
251.185: [GC [PSYoungGen: 20287K->416K(20992K)] 33452K->13757K(47616K), 0.0004310 secs] [Times: user=0.00 sys=0.00, real=0.00 secs] 
251.185: Total time for which application threads were stopped: 0.0005430 seconds, Stopping threads took: 0.0000480 seconds
251.264: Application time: 0.0790300 seconds
251.265: [GC [PSYoungGen: 20380K->352K(20992K)] 33721K->13757K(47616K), 0.0004190 secs] [Times: user=0.00 sys=0.00, real=0.00 secs] 
251.265: Total time for which application threads were stopped: 0.0005580 seconds, Stopping threads took: 0.0000750 seconds
251.349: Application time: 0.0834670 seconds
251.349: [GC [PSYoungGen: 20316K->736K(20992K)] 33721K->14149K(47616K), 0.0004960 secs] [Times: user=0.00 sys=0.00, real=0.00 secs] 
251.349: Total time for which application threads were stopped: 0.0006150 seconds, Stopping threads took: 0.0000600 seconds
251.438: Application time: 0.0886500 seconds
251.438: [GC [PSYoungGen: 20700K->0K(20992K)] 34113K->14022K(47616K), 0.0004470 secs] [Times: user=0.00 sys=0.00, real=0.00 secs] 
251.438: Total time for which application threads were stopped: 0.0005630 seconds, Stopping threads took: 0.0000530 seconds
251.526: Application time: 0.0880270 seconds
251.526: [GC [PSYoungGen: 19964K->0K(20992K)] 33986K->14022K(47616K), 0.0003620 secs] [Times: user=0.00 sys=0.00, real=0.00 secs] 
251.527: Total time for which application threads were stopped: 0.0004870 seconds, Stopping threads took: 0.0000680 seconds
251.595: Application time: 0.0676930 seconds
251.595: [GC [PSYoungGen: 19967K->736K(20992K)] 33990K->14758K(47616K), 0.0004760 secs] [Times: user=0.00 sys=0.00, real=0.00 secs] 
251.595: Total time for which application threads were stopped: 0.0005850 seconds, Stopping threads took: 0.0000470 seconds
251.661: Application time: 0.0659090 seconds
251.661: [GC [PSYoungGen: 20701K->544K(20992K)] 34723K->14826K(47616K), 0.0004660 secs] [Times: user=0.00 sys=0.00, real=0.00 secs] 
251.662: Total time for which application threads were stopped: 0.0006030 seconds, Stopping threads took: 0.0000670 seconds
251.747: Application time: 0.0857380 seconds
251.747: [GC [PSYoungGen: 20509K->608K(20992K)] 34792K->14946K(47616K), 0.0004870 secs] [Times: user=0.00 sys=0.00, real=0.00 secs] 
251.748: Total time for which application threads were stopped: 0.0005970 seconds, Stopping threads took: 0.0000480 seconds
251.836: Application time: 0.0876410 seconds
251.836: [GC [PSYoungGen: 20572K->0K(20992K)] 34911K->14735K(47616K), 0.0004760 secs] [Times: user=0.00 sys=0.00, real=0.00 secs] 
251.836: Total time for which application threads were stopped: 0.0005960 seconds, Stopping threads took: 0.0000560 seconds
251.904: Application time: 0.0680120 seconds
251.904: [GC [PSYoungGen: 19965K->352K(20992K)] 34700K->15087K(47616K), 0.0004380 secs] [Times: user=0.00 sys=0.00, real=0.00 secs] 
251.905: Total time for which application threads were stopped: 0.0005580 seconds, Stopping threads took: 0.0000590 seconds
251.977: Application time: 0.0719570 seconds
251.977: [GC [PSYoungGen: 20319K->512K(20992K)] 35054K->15263K(47616K), 0.0004240 secs] [Times: user=0.00 sys=0.00, real=0.00 secs] 
251.977: Total time for which application threads were stopped: 0.0005520 seconds, Stopping threads took: 0.0000660 seconds
252.054: Application time: 0.0767900 seconds
252.054: [GC [PSYoungGen: 20479K->704K(20992K)] 35231K->15668K(47616K), 0.0005510 secs] [Times: user=0.00 sys=0.00, real=0.00 secs] 
252.055: Total time for which application threads were stopped: 0.0006680 seconds, Stopping threads took: 0.0000560 seconds
252.123: Application time: 0.0678140 seconds
252.123: [GC [PSYoungGen: 20669K->288K(20992K)] 35633K->15853K(47616K), 0.0005870 secs] [Times: user=0.00 sys=0.00, real=0.00 secs] 
252.123: Total time for which application threads were stopped: 0.0007020 seconds, Stopping threads took: 0.0000540 seconds
252.210: Application time: 0.0863220 seconds
252.210: [GC [PSYoungGen: 20252K->352K(20992K)] 35817K->15941K(47616K), 0.0004150 secs] [Times: user=0.00 sys=0.00, real=0.00 secs] 
252.210: Total time for which application threads were stopped: 0.0005560 seconds, Stopping threads took: 0.0000670 seconds
252.296: Application time: 0.0856610 seconds
252.296: [GC [PSYoungGen: 20318K->320K(20992K)] 35907K->16141K(47616K), 0.0005560 secs] [Times: user=0.00 sys=0.00, real=0.00 secs] 
252.298: Total time for which application threads were stopped: 0.0016430 seconds, Stopping threads took: 0.0000630 seconds
252.384: Application time: 0.0867180 seconds
252.384: [GC [PSYoungGen: 20286K->336K(20992K)] 36107K->16413K(47616K), 0.0004870 secs] [Times: user=0.00 sys=0.00, real=0.00 secs] 
252.385: Total time for which application threads were stopped: 0.0006010 seconds, Stopping threads took: 0.0000540 seconds
252.472: Application time: 0.0874740 seconds
252.472: [GC [PSYoungGen: 20303K->352K(20992K)] 36381K->16485K(47616K), 0.0004800 secs] [Times: user=0.00 sys=0.00, real=0.00 secs] 
252.473: Total time for which application threads were stopped: 0.0005880 seconds, Stopping threads took: 0.0000450 seconds
252.560: Application time: 0.0868040 seconds
252.560: [GC [PSYoungGen: 20320K->352K(20992K)] 36453K->16701K(47616K), 0.0004820 secs] [Times: user=0.00 sys=0.00, real=0.00 secs] 
252.560: Total time for which application threads were stopped: 0.0006230 seconds, Stopping threads took: 0.0000810 seconds
252.629: Application time: 0.0682630 seconds
252.629: [GC [PSYoungGen: 20315K->576K(20992K)] 36664K->17145K(47616K), 0.0004610 secs] [Times: user=0.01 sys=0.00, real=0.00 secs] 
252.629: Total time for which application threads were stopped: 0.0005890 seconds, Stopping threads took: 0.0000640 seconds
252.696: Application time: 0.0671830 seconds
252.696: [GC [PSYoungGen: 20542K->544K(20992K)] 37112K->17129K(47616K), 0.0004390 secs] [Times: user=0.00 sys=0.00, real=0.00 secs] 
252.697: Total time for which application threads were stopped: 0.0005560 seconds, Stopping threads took: 0.0000520 seconds
252.783: Application time: 0.0861110 seconds
252.783: [GC [PSYoungGen: 20508K->512K(20992K)] 37094K->17201K(47616K), 0.0004540 secs] [Times: user=0.01 sys=0.00, real=0.00 secs] 
252.784: Total time for which application threads were stopped: 0.0005950 seconds, Stopping threads took: 0.0000680 seconds
252.870: Application time: 0.0863740 seconds
252.870: [GC [PSYoungGen: 20478K->288K(20992K)] 37168K->17387K(47616K), 0.0004720 secs] [Times: user=0.00 sys=0.00, real=0.00 secs] 
252.871: Total time for which application threads were stopped: 0.0005800 seconds, Stopping threads took: 0.0000470 seconds
252.939: Application time: 0.0683760 seconds
252.939: [GC [PSYoungGen: 20255K->384K(20992K)] 37354K->17499K(47616K), 0.0004000 secs] [Times: user=0.00 sys=0.00, real=0.00 secs] 
252.939: Total time for which application threads were stopped: 0.0005180 seconds, Stopping threads took: 0.0000540 seconds
253.025: Application time: 0.0852270 seconds
253.025: [GC [PSYoungGen: 20349K->512K(20992K)] 37464K->17691K(47616K), 0.0004510 secs] [Times: user=0.00 sys=0.00, real=0.00 secs] 
253.025: Total time for which application threads were stopped: 0.0005620 seconds, Stopping threads took: 0.0000510 seconds
253.110: Application time: 0.0851880 seconds
253.111: [GC [PSYoungGen: 20477K->576K(20992K)] 37656K->17971K(47616K), 0.0005220 secs] [Times: user=0.00 sys=0.00, real=0.00 secs] 
253.111: Total time for which application threads were stopped: 0.0006510 seconds, Stopping threads took: 0.0000660 seconds
253.199: Application time: 0.0883200 seconds
253.200: [GC [PSYoungGen: 20540K->0K(20992K)] 37935K->17807K(47616K), 0.0004760 secs] [Times: user=0.00 sys=0.00, real=0.01 secs] 
253.200: Total time for which application threads were stopped: 0.0006000 seconds, Stopping threads took: 0.0000610 seconds
253.281: Application time: 0.0813820 seconds
253.282: [GC [PSYoungGen: 19966K->320K(20992K)] 37773K->18127K(47616K), 0.0004970 secs] [Times: user=0.00 sys=0.00, real=0.00 secs] 
253.282: Total time for which application threads were stopped: 0.0006140 seconds, Stopping threads took: 0.0000570 seconds
253.335: Application time: 0.0528630 seconds
253.335: [GC [PSYoungGen: 20286K->736K(20992K)] 38094K->18599K(47616K), 0.0004810 secs] [Times: user=0.01 sys=0.00, real=0.00 secs] 
253.336: Total time for which application threads were stopped: 0.0006180 seconds, Stopping threads took: 0.0000670 seconds
253.421: Application time: 0.0852030 seconds
253.421: [GC [PSYoungGen: 20701K->544K(20992K)] 38565K->18660K(47616K), 0.0004670 secs] [Times: user=0.01 sys=0.00, real=0.00 secs] 
253.421: Total time for which application threads were stopped: 0.0005920 seconds, Stopping threads took: 0.0000620 seconds
253.510: Application time: 0.0883240 seconds
253.510: [GC [PSYoungGen: 20508K->0K(20992K)] 38624K->18517K(47616K), 0.0004310 secs] [Times: user=0.00 sys=0.00, real=0.00 secs] 
253.510: Total time for which application threads were stopped: 0.0005650 seconds, Stopping threads took: 0.0000720 seconds
253.584: Application time: 0.0734110 seconds
253.584: [GC [PSYoungGen: 19967K->384K(20992K)] 38484K->18901K(47616K), 0.0004010 secs] [Times: user=0.00 sys=0.00, real=0.00 secs] 
253.584: Total time for which application threads were stopped: 0.0005210 seconds, Stopping threads took: 0.0000560 seconds
253.661: Application time: 0.0769200 seconds
253.661: [GC [PSYoungGen: 20348K->544K(20992K)] 38866K->19077K(47616K), 0.0004410 secs] [Times: user=0.00 sys=0.00, real=0.00 secs] 
253.662: Total time for which application threads were stopped: 0.0005610 seconds, Stopping threads took: 0.0000590 seconds
253.730: Application time: 0.0685490 seconds
253.730: [GC [PSYoungGen: 20510K->704K(20992K)] 39043K->19445K(47616K), 0.0005380 secs] [Times: user=0.00 sys=0.00, real=0.00 secs] 
253.731: Total time for which application threads were stopped: 0.0006700 seconds, Stopping threads took: 0.0000690 seconds
253.802: Application time: 0.0713120 seconds
253.802: [GC [PSYoungGen: 20671K->576K(20992K)] 39412K->19726K(47616K), 0.0004980 secs] [Times: user=0.01 sys=0.00, real=0.00 secs] 
253.803: Total time for which application threads were stopped: 0.0006130 seconds, Stopping threads took: 0.0000540 seconds
253.884: Application time: 0.0813710 seconds
253.884: [GC [PSYoungGen: 20543K->384K(20992K)] 39693K->19886K(47616K), 0.0004870 secs] [Times: user=0.00 sys=0.00, real=0.00 secs] 
253.885: Total time for which application threads were stopped: 0.0006110 seconds, Stopping threads took: 0.0000530 seconds
253.971: Application time: 0.0865070 seconds
253.971: [GC [PSYoungGen: 20350K->352K(20992K)] 39852K->20107K(47616K), 0.0004470 secs] [Times: user=0.00 sys=0.00, real=0.01 secs] 
253.972: Total time for which application threads were stopped: 0.0005660 seconds, Stopping threads took: 0.0000560 seconds
254.059: Application time: 0.0867380 seconds
254.059: [GC [PSYoungGen: 20316K->352K(20992K)] 40071K->20131K(47616K), 0.0004040 secs] [Times: user=0.00 sys=0.00, real=0.00 secs] 
254.059: Total time for which application threads were stopped: 0.0005300 seconds, Stopping threads took: 0.0000620 seconds
254.145: Application time: 0.0860790 seconds
254.148: [GC [PSYoungGen: 20315K->384K(20992K)] 40095K->20543K(47616K), 0.0005110 secs] [Times: user=0.00 sys=0.00, real=0.00 secs] 
254.148: Total time for which application threads were stopped: 0.0030960 seconds, Stopping threads took: 0.0025200 seconds
254.236: Application time: 0.0872600 seconds
254.236: [GC [PSYoungGen: 20348K->416K(20992K)] 40507K->20823K(47616K), 0.0004930 secs] [Times: user=0.00 sys=0.00, real=0.00 secs] 
254.236: Total time for which application threads were stopped: 0.0006090 seconds, Stopping threads took: 0.0000530 seconds
254.324: Application time: 0.0873480 seconds
254.324: [GC [PSYoungGen: 20382K->352K(20992K)] 40790K->20980K(47616K), 0.0004450 secs] [Times: user=0.00 sys=0.00, real=0.00 secs] 
254.324: Total time for which application threads were stopped: 0.0005600 seconds, Stopping threads took: 0.0000520 seconds
254.377: Application time: 0.0530320 seconds
254.377: [GC [PSYoungGen: 20319K->544K(20992K)] 40947K->21188K(47616K), 0.0004380 secs] [Times: user=0.00 sys=0.00, real=0.00 secs] 
254.378: Total time for which application threads were stopped: 0.0005700 seconds, Stopping threads took: 0.0000640 seconds
254.459: Application time: 0.0816900 seconds
254.459: [GC [PSYoungGen: 20507K->576K(20992K)] 41152K->21284K(47616K), 0.0004400 secs] [Times: user=0.00 sys=0.00, real=0.01 secs] 
254.460: Total time for which application threads were stopped: 0.0005790 seconds, Stopping threads took: 0.0000680 seconds
254.548: Application time: 0.0877830 seconds
254.548: [GC [PSYoungGen: 20540K->0K(20992K)] 41248K->21152K(47616K), 0.0004610 secs] [Times: user=0.01 sys=0.00, real=0.00 secs] 
254.548: Total time for which application threads were stopped: 0.0005860 seconds, Stopping threads took: 0.0000650 seconds
254.618: Application time: 0.0695890 seconds
254.618: [GC [PSYoungGen: 19965K->416K(20992K)] 41118K->21568K(47616K), 0.0004280 secs] [Times: user=0.00 sys=0.00, real=0.00 secs] 
254.618: Total time for which application threads were stopped: 0.0005450 seconds, Stopping threads took: 0.0000450 seconds
254.703: Application time: 0.0843900 seconds
254.703: [GC [PSYoungGen: 20381K->384K(20992K)] 41534K->21609K(47616K), 0.0004310 secs] [Times: user=0.00 sys=0.00, real=0.00 secs] 
254.703: Total time for which application threads were stopped: 0.0005590 seconds, Stopping threads took: 0.0000650 seconds
254.788: Application time: 0.0842690 seconds
254.788: [GC [PSYoungGen: 20348K->544K(20992K)] 41573K->21993K(47616K), 0.0004810 secs] [Times: user=0.00 sys=0.00, real=0.00 secs] 
254.788: Total time for which application threads were stopped: 0.0005940 seconds, Stopping threads took: 0.0000520 seconds
254.876: Application time: 0.0880220 seconds
254.876: [GC [PSYoungGen: 20508K->0K(20992K)] 41957K->21869K(47616K), 0.0004160 secs] [Times: user=0.00 sys=0.00, real=0.00 secs] 
254.877: Total time for which application threads were stopped: 0.0005540 seconds, Stopping threads took: 0.0000760 seconds
254.965: Application time: 0.0879020 seconds
254.965: [GC [PSYoungGen: 19966K->32K(20992K)] 41835K->21901K(47616K), 0.0004470 secs] [Times: user=0.00 sys=0.00, real=0.00 secs] 
254.965: Total time for which application threads were stopped: 0.0005680 seconds, Stopping threads took: 0.0000520 seconds
255.020: Application time: 0.0544460 seconds
255.020: [GC [PSYoungGen: 19999K->768K(20992K)] 41868K->22645K(47616K), 0.0004650 secs] [Times: user=0.00 sys=0.00, real=0.00 secs] 
255.020: Total time for which application threads were stopped: 0.0005850 seconds, Stopping threads took: 0.0000590 seconds
255.098: Application time: 0.0777040 seconds
255.098: [GC [PSYoungGen: 20734K->512K(20992K)] 42611K->22674K(47616K), 0.0004800 secs] [Times: user=0.00 sys=0.00, real=0.00 secs] 
255.099: Total time for which application threads were stopped: 0.0005970 seconds, Stopping threads took: 0.0000570 seconds
255.186: Application time: 0.0868610 seconds
255.186: [GC [PSYoungGen: 20478K->352K(20992K)] 42640K->22734K(47616K), 0.0004440 secs] [Times: user=0.01 sys=0.00, real=0.00 secs] 
255.186: Total time for which application threads were stopped: 0.0005620 seconds, Stopping threads took: 0.0000560 seconds
255.269: Application time: 0.0828550 seconds
255.269: [GC [PSYoungGen: 20316K->352K(20992K)] 42698K->22963K(47616K), 0.0004310 secs] [Times: user=0.00 sys=0.00, real=0.00 secs] 
255.270: Total time for which application threads were stopped: 0.0005720 seconds, Stopping threads took: 0.0000780 seconds
255.342: Application time: 0.0724780 seconds
255.342: [GC [PSYoungGen: 20319K->384K(20992K)] 42930K->23019K(47616K), 0.0004120 secs] [Times: user=0.00 sys=0.00, real=0.00 secs] 
255.343: Total time for which application threads were stopped: 0.0005320 seconds, Stopping threads took: 0.0000610 seconds
255.407: Application time: 0.0649510 seconds
255.408: [GC [PSYoungGen: 20350K->768K(20992K)] 42985K->23411K(47616K), 0.0004640 secs] [Times: user=0.00 sys=0.00, real=0.00 secs] 
255.408: Total time for which application threads were stopped: 0.0005810 seconds, Stopping threads took: 0.0000570 seconds
255.493: Application time: 0.0847230 seconds
255.493: [GC [PSYoungGen: 20735K->544K(20992K)] 43379K->23596K(47616K), 0.0005230 secs] [Times: user=0.00 sys=0.00, real=0.00 secs] 
255.493: Total time for which application threads were stopped: 0.0006480 seconds, Stopping threads took: 0.0000530 seconds
255.561: Application time: 0.0679160 seconds
255.561: [GC [PSYoungGen: 20509K->384K(20992K)] 43561K->23860K(47616K), 0.0004750 secs] [Times: user=0.00 sys=0.00, real=0.00 secs] 
255.562: Total time for which application threads were stopped: 0.0006180 seconds, Stopping threads took: 0.0000800 seconds
255.648: Application time: 0.0856490 seconds
255.648: [GC [PSYoungGen: 20350K->352K(20992K)] 43826K->23844K(47616K), 0.0004350 secs] [Times: user=0.00 sys=0.00, real=0.00 secs] 
255.648: Total time for which application threads were stopped: 0.0005620 seconds, Stopping threads took: 0.0000660 seconds
255.734: Application time: 0.0853830 seconds
255.734: [GC [PSYoungGen: 20318K->320K(20992K)] 43810K->24049K(47616K), 0.0005200 secs] [Times: user=0.00 sys=0.00, real=0.00 secs] 
255.734: Total time for which application threads were stopped: 0.0006440 seconds, Stopping threads took: 0.0000640 seconds
255.820: Application time: 0.0857200 seconds
255.820: [GC [PSYoungGen: 20283K->352K(20992K)] 44012K->24317K(47616K), 0.0005180 secs] [Times: user=0.00 sys=0.00, real=0.00 secs] 
255.821: Total time for which application threads were stopped: 0.0006510 seconds, Stopping threads took: 0.0000710 seconds
255.909: Application time: 0.0882960 seconds
255.909: [GC [PSYoungGen: 20316K->0K(20992K)] 44281K->24205K(47616K), 0.0004170 secs] [Times: user=0.00 sys=0.00, real=0.00 secs] 
255.909: Total time for which application threads were stopped: 0.0005520 seconds, Stopping threads took: 0.0000720 seconds
255.996: Application time: 0.0869840 seconds
255.997: [GC [PSYoungGen: 19967K->384K(20992K)] 44173K->24589K(47616K), 0.0004220 secs] [Times: user=0.00 sys=0.00, real=0.00 secs] 
255.997: Total time for which application threads were stopped: 0.0005590 seconds, Stopping threads took: 0.0000600 seconds
256.062: Application time: 0.0653140 seconds
256.062: [GC [PSYoungGen: 20351K->576K(20992K)] 44556K->25002K(47616K), 0.0004810 secs] [Times: user=0.00 sys=0.00, real=0.00 secs] 
256.063: Total time for which application threads were stopped: 0.0006030 seconds, Stopping threads took: 0.0000600 seconds
256.133: Application time: 0.0700390 seconds
256.133: [GC [PSYoungGen: 20543K->528K(20992K)] 44969K->24962K(47616K), 0.0004470 secs] [Times: user=0.00 sys=0.00, real=0.00 secs] 
256.134: Total time for which application threads were stopped: 0.0005670 seconds, Stopping threads took: 0.0000600 seconds
256.220: Application time: 0.0859980 seconds
256.220: [GC [PSYoungGen: 20493K->512K(20992K)] 44927K->25050K(47616K), 0.0004450 secs] [Times: user=0.00 sys=0.00, real=0.01 secs] 
256.220: Total time for which application threads were stopped: 0.0005680 seconds, Stopping threads took: 0.0000600 seconds
256.297: Application time: 0.0767450 seconds
256.297: [GC [PSYoungGen: 20479K->352K(20992K)] 45017K->25302K(47616K), 0.0004810 secs] [Times: user=0.00 sys=0.00, real=0.00 secs] 
256.297: Total time for which application threads were stopped: 0.0006150 seconds, Stopping threads took: 0.0000720 seconds
256.376: Application time: 0.0787050 seconds
256.376: [GC [PSYoungGen: 20316K->352K(20992K)] 45267K->25358K(47616K), 0.0004390 secs] [Times: user=0.00 sys=0.00, real=0.00 secs] 
256.377: Total time for which application threads were stopped: 0.0005760 seconds, Stopping threads took: 0.0000740 seconds
256.464: Application time: 0.0868260 seconds
256.464: [GC [PSYoungGen: 20318K->288K(20992K)] 45325K->25310K(47616K), 0.0004400 secs] [Times: user=0.00 sys=0.00, real=0.00 secs] 
256.464: Total time for which application threads were stopped: 0.0005610 seconds, Stopping threads took: 0.0000610 seconds
256.548: Application time: 0.0843080 seconds
256.549: [GC [PSYoungGen: 20255K->576K(20992K)] 45278K->25835K(47616K), 0.0004680 secs] [Times: user=0.00 sys=0.00, real=0.00 secs] 
256.549: Total time for which application threads were stopped: 0.0005970 seconds, Stopping threads took: 0.0000510 seconds
256.637: Application time: 0.0881880 seconds
256.637: [GC [PSYoungGen: 20540K->0K(20992K)] 45799K->25672K(47616K), 0.0005210 secs] [Times: user=0.00 sys=0.00, real=0.00 secs] 
256.638: Total time for which application threads were stopped: 0.0006310 seconds, Stopping threads took: 0.0000480 seconds
256.708: Application time: 0.0702490 seconds
256.708: [GC [PSYoungGen: 19963K->768K(20992K)] 45635K->26440K(47616K), 0.0004920 secs] [Times: user=0.01 sys=0.00, real=0.00 secs] 
256.709: Total time for which application threads were stopped: 0.0006100 seconds, Stopping threads took: 0.0000570 seconds
256.772: Application time: 0.0634130 seconds
256.772: [GC [PSYoungGen: 20735K->544K(20992K)] 46407K->26468K(47616K), 0.0005170 secs] [Times: user=0.01 sys=0.00, real=0.00 secs] 
256.773: Total time for which application threads were stopped: 0.0006310 seconds, Stopping threads took: 0.0000520 seconds
256.859: Application time: 0.0857270 seconds
256.859: [GC [PSYoungGen: 20509K->448K(20992K)] 46434K->26420K(47616K), 0.0004520 secs] [Times: user=0.00 sys=0.00, real=0.00 secs] 
256.859: Total time for which application threads were stopped: 0.0005750 seconds, Stopping threads took: 0.0000610 seconds
256.947: Application time: 0.0877950 seconds
256.947: [GC [PSYoungGen: 20412K->0K(20992K)] 46384K->26397K(47616K), 0.0004480 secs] [Times: user=0.00 sys=0.00, real=0.00 secs] 
256.947: [Full GC [PSYoungGen: 0K->0K(20992K)] [ParOldGen: 26397K->4425K(26112K)] 26397K->4425K(47104K) [PSPermGen: 5580K->5580K(21504K)], 0.0057460 secs] [Times: user=0.03 sys=0.00, real=0.01 secs] 
256.953: Total time for which application threads were stopped: 0.0063590 seconds, Stopping threads took: 0.0000570 seconds
257.022: Application time: 0.0686540 seconds
257.022: [GC [PSYoungGen: 19967K->384K(20992K)] 24393K->4809K(47104K), 0.0003830 secs] [Times: user=0.00 sys=0.00, real=0.00 secs] 
257.022: Total time for which application threads were stopped: 0.0005000 seconds, Stopping threads took: 0.0000560 seconds
257.094: Application time: 0.0720420 seconds
257.095: [GC [PSYoungGen: 20348K->512K(20992K)] 24774K->4953K(47104K), 0.0004250 secs] [Times: user=0.01 sys=0.00, real=0.00 secs] 
257.095: Total time for which application threads were stopped: 0.0005750 seconds, Stopping threads took: 0.0000800 seconds
257.172: Application time: 0.0769850 seconds
257.172: [GC [PSYoungGen: 20479K->704K(20992K)] 24921K->5358K(47104K), 0.0004690 secs] [Times: user=0.00 sys=0.00, real=0.00 secs] 
257.173: Total time for which application threads were stopped: 0.0006050 seconds, Stopping threads took: 0.0000730 seconds
257.242: Application time: 0.0690590 seconds
257.242: [GC [PSYoungGen: 20669K->352K(20992K)] 25323K->5603K(47104K), 0.0004830 secs] [Times: user=0.00 sys=0.00, real=0.00 secs] 
257.242: Total time for which application threads were stopped: 0.0005990 seconds, Stopping threads took: 0.0000550 seconds
257.328: Application time: 0.0859240 seconds
257.328: [GC [PSYoungGen: 20316K->352K(20992K)] 25568K->5627K(47104K), 0.0004340 secs] [Times: user=0.00 sys=0.00, real=0.00 secs] 
257.330: Total time for which application threads were stopped: 0.0016140 seconds, Stopping threads took: 0.0000520 seconds
257.415: Application time: 0.0855460 seconds
257.415: [GC [PSYoungGen: 20318K->384K(20992K)] 25594K->5916K(47104K), 0.0004350 secs] [Times: user=0.00 sys=0.00, real=0.00 secs] 
257.416: Total time for which application threads were stopped: 0.0005520 seconds, Stopping threads took: 0.0000550 seconds
257.503: Application time: 0.0873050 seconds
257.503: [GC [PSYoungGen: 20347K->416K(20992K)] 25879K->6328K(47104K), 0.0004440 secs] [Times: user=0.00 sys=0.00, real=0.00 secs] 
257.504: Total time for which application threads were stopped: 0.0005610 seconds, Stopping threads took: 0.0000560 seconds
257.592: Application time: 0.0884360 seconds
257.592: [GC [PSYoungGen: 20380K->0K(20992K)] 26292K->6168K(47104K), 0.0004300 secs] [Times: user=0.00 sys=0.00, real=0.00 secs] 
257.593: Total time for which application threads were stopped: 0.0005700 seconds, Stopping threads took: 0.0000710 seconds
257.680: Application time: 0.0872610 seconds
257.680: [GC [PSYoungGen: 19967K->384K(20992K)] 26136K->6552K(47104K), 0.0003790 secs] [Times: user=0.00 sys=0.00, real=0.00 secs] 
257.681: Total time for which application threads were stopped: 0.0005170 seconds, Stopping threads took: 0.0000670 seconds
257.767: Application time: 0.0863380 seconds
257.767: [GC [PSYoungGen: 20348K->320K(20992K)] 26516K->6717K(47104K), 0.0004000 secs] [Times: user=0.00 sys=0.00, real=0.00 secs] 
257.767: Total time for which application threads were stopped: 0.0005320 seconds, Stopping threads took: 0.0000690 seconds
257.818: Application time: 0.0507930 seconds
257.818: [GC [PSYoungGen: 20286K->544K(20992K)] 26684K->6949K(47104K), 0.0004060 secs] [Times: user=0.00 sys=0.00, real=0.00 secs] 
257.819: Total time for which application threads were stopped: 0.0005340 seconds, Stopping threads took: 0.0000640 seconds
257.904: Application time: 0.0855710 seconds
257.904: [GC [PSYoungGen: 20509K->512K(20992K)] 26915K->7013K(47104K), 0.0004570 secs] [Times: user=0.00 sys=0.00, real=0.00 secs] 
257.905: Total time for which application threads were stopped: 0.0005760 seconds, Stopping threads took: 0.0000570 seconds
257.988: Application time: 0.0833600 seconds
257.988: [GC [PSYoungGen: 20477K->256K(20992K)] 26978K->7153K(47104K), 0.0005100 secs] [Times: user=0.00 sys=0.00, real=0.00 secs] 
257.989: Total time for which application threads were stopped: 0.0006180 seconds, Stopping threads took: 0.0000440 seconds
258.061: Application time: 0.0722870 seconds
258.061: [GC [PSYoungGen: 20223K->320K(20992K)] 27121K->7225K(47104K), 0.0004630 secs] [Times: user=0.00 sys=0.00, real=0.00 secs] 
258.062: Total time for which application threads were stopped: 0.0005820 seconds, Stopping threads took: 0.0000540 seconds
258.148: Application time: 0.0866190 seconds
258.149: [GC [PSYoungGen: 20286K->320K(20992K)] 27191K->7289K(47104K), 0.0004100 secs] [Times: user=0.00 sys=0.00, real=0.00 secs] 
258.149: Total time for which application threads were stopped: 0.0005280 seconds, Stopping threads took: 0.0000570 seconds
258.233: Application time: 0.0842560 seconds
258.233: [GC [PSYoungGen: 20284K->544K(20992K)] 27254K->7734K(47104K), 0.0004680 secs] [Times: user=0.00 sys=0.00, real=0.00 secs] 
258.234: Total time for which application threads were stopped: 0.0005860 seconds, Stopping threads took: 0.0000490 seconds
258.322: Application time: 0.0882860 seconds
258.322: [GC [PSYoungGen: 20508K->0K(20992K)] 27698K->7607K(47104K), 0.0004050 secs] [Times: user=0.00 sys=0.00, real=0.00 secs] 
258.323: Total time for which application threads were stopped: 0.0005330 seconds, Stopping threads took: 0.0000700 seconds
258.407: Application time: 0.0844670 seconds
258.407: [GC [PSYoungGen: 19964K->512K(20992K)] 27571K->8119K(47104K), 0.0004240 secs] [Times: user=0.00 sys=0.00, real=0.00 secs] 
258.408: Total time for which application threads were stopped: 0.0005360 seconds, Stopping threads took: 0.0000510 seconds
258.463: Application time: 0.0557430 seconds
258.463: [GC [PSYoungGen: 20477K->800K(20992K)] 28085K->8471K(47104K), 0.0004720 secs] [Times: user=0.00 sys=0.00, real=0.00 secs] 
258.464: Total time for which application threads were stopped: 0.0006190 seconds, Stopping threads took: 0.0000830 seconds
258.544: Application time: 0.0798050 seconds
258.544: [GC [PSYoungGen: 20766K->512K(20992K)] 28437K->8436K(47104K), 0.0004730 secs] [Times: user=0.00 sys=0.00, real=0.00 secs] 
258.544: Total time for which application threads were stopped: 0.0005990 seconds, Stopping threads took: 0.0000650 seconds
258.632: Application time: 0.0880780 seconds
258.633: [GC [PSYoungGen: 20476K->0K(20992K)] 28400K->8325K(47104K), 0.0004310 secs] [Times: user=0.01 sys=0.00, real=0.00 secs] 
258.633: Total time for which application threads were stopped: 0.0005580 seconds, Stopping threads took: 0.0000670 seconds
258.705: Application time: 0.0720000 seconds
258.705: [GC [PSYoungGen: 19967K->352K(20992K)] 28292K->8677K(47104K), 0.0004240 secs] [Times: user=0.00 sys=0.00, real=0.00 secs] 
258.706: Total time for which application threads were stopped: 0.0005390 seconds, Stopping threads took: 0.0000570 seconds
258.785: Application time: 0.0792980 seconds
258.785: [GC [PSYoungGen: 20318K->544K(20992K)] 28643K->8877K(47104K), 0.0004170 secs] [Times: user=0.00 sys=0.00, real=0.00 secs] 
258.785: Total time for which application threads were stopped: 0.0005490 seconds, Stopping threads took: 0.0000630 seconds
258.854: Application time: 0.0685200 seconds
258.854: [GC [PSYoungGen: 20508K->704K(20992K)] 28841K->9249K(47104K), 0.0004860 secs] [Times: user=0.00 sys=0.00, real=0.00 secs] 
258.855: Total time for which application threads were stopped: 0.0006140 seconds, Stopping threads took: 0.0000650 seconds
258.927: Application time: 0.0724990 seconds
258.927: [GC [PSYoungGen: 20670K->704K(20992K)] 29216K->9454K(47104K), 0.0005540 secs] [Times: user=0.01 sys=0.00, real=0.00 secs] 
258.928: Total time for which application threads were stopped: 0.0006840 seconds, Stopping threads took: 0.0000670 seconds
259.008: Application time: 0.0802550 seconds
259.012: [GC [PSYoungGen: 20668K->160K(20992K)] 29418K->9322K(47104K), 0.0004340 secs] [Times: user=0.00 sys=0.00, real=0.00 secs] 
259.012: Total time for which application threads were stopped: 0.0042740 seconds, Stopping threads took: 0.0037800 seconds
259.099: Application time: 0.0868260 seconds
259.099: [GC [PSYoungGen: 20127K->352K(20992K)] 29289K->9594K(47104K), 0.0004290 secs] [Times: user=0.00 sys=0.00, real=0.00 secs] 
259.100: Total time for which application threads were stopped: 0.0005520 seconds, Stopping threads took: 0.0000560 seconds
259.185: Application time: 0.0853420 seconds
259.188: [GC [PSYoungGen: 20318K->384K(20992K)] 29561K->9839K(47104K), 0.0004290 secs] [Times: user=0.01 sys=0.00, real=0.00 secs] 
259.188: Total time for which application threads were stopped: 0.0032080 seconds, Stopping threads took: 0.0027170 seconds
259.274: Application time: 0.0860550 seconds
259.274: [GC [PSYoungGen: 20350K->352K(20992K)] 29805K->10063K(47104K), 0.0004590 secs] [Times: user=0.00 sys=0.00, real=0.00 secs] 
259.275: Total time for which application threads were stopped: 0.0005790 seconds, Stopping threads took: 0.0000570 seconds
259.362: Application time: 0.0867370 seconds
259.362: [GC [PSYoungGen: 20319K->384K(20992K)] 30030K->10340K(47104K), 0.0004270 secs] [Times: user=0.00 sys=0.00, real=0.00 secs] 
259.362: Total time for which application threads were stopped: 0.0005660 seconds, Stopping threads took: 0.0000690 seconds
259.451: Application time: 0.0891890 seconds
259.451: [GC [PSYoungGen: 20348K->0K(20992K)] 30304K->10168K(47104K), 0.0004440 secs] [Times: user=0.00 sys=0.00, real=0.01 secs] 
259.452: Total time for which application threads were stopped: 0.0005650 seconds, Stopping threads took: 0.0000620 seconds
259.518: Application time: 0.0659970 seconds
259.518: [GC [PSYoungGen: 19965K->512K(20992K)] 30133K->10680K(47104K), 0.0004230 secs] [Times: user=0.01 sys=0.00, real=0.00 secs] 
259.518: Total time for which application threads were stopped: 0.0005240 seconds, Stopping threads took: 0.0000450 seconds
259.590: Application time: 0.0717830 seconds
259.590: [GC [PSYoungGen: 20476K->576K(20992K)] 30645K->10752K(47104K), 0.0004630 secs] [Times: user=0.00 sys=0.00, real=0.00 secs] 
259.591: Total time for which application threads were stopped: 0.0005690 seconds, Stopping threads took: 0.0000460 seconds
259.678: Application time: 0.0867200 seconds
259.678: [GC [PSYoungGen: 20542K->384K(20992K)] 30718K->10852K(47104K), 0.0004490 secs] [Times: user=0.00 sys=0.00, real=0.00 secs] 
259.678: Total time for which application threads were stopped: 0.0005760 seconds, Stopping threads took: 0.0000620 seconds
259.746: Application time: 0.0677580 seconds
259.746: [GC [PSYoungGen: 20349K->432K(20992K)] 30818K->11137K(47104K), 0.0004820 secs] [Times: user=0.00 sys=0.00, real=0.00 secs] 
259.746: Total time for which application threads were stopped: 0.0006000 seconds, Stopping threads took: 0.0000460 seconds
259.832: Application time: 0.0858940 seconds
259.832: [GC [PSYoungGen: 20395K->352K(20992K)] 31100K->11121K(47104K), 0.0004320 secs] [Times: user=0.01 sys=0.00, real=0.00 secs] 
259.833: Total time for which application threads were stopped: 0.0005410 seconds, Stopping threads took: 0.0000480 seconds
259.919: Application time: 0.0857400 seconds
259.919: [GC [PSYoungGen: 20320K->416K(20992K)] 31089K->11397K(47104K), 0.0004260 secs] [Times: user=0.01 sys=0.00, real=0.00 secs] 
259.919: Total time for which application threads were stopped: 0.0005490 seconds, Stopping threads took: 0.0000560 seconds
260.006: Application time: 0.0866030 seconds
260.006: [GC [PSYoungGen: 20381K->352K(20992K)] 31363K->11562K(47104K), 0.0004390 secs] [Times: user=0.00 sys=0.00, real=0.00 secs] 
260.006: Total time for which application threads were stopped: 0.0005670 seconds, Stopping threads took: 0.0000660 seconds
260.094: Application time: 0.0881200 seconds
260.095: [GC [PSYoungGen: 20316K->0K(20992K)] 31526K->11562K(47104K), 0.0004430 secs] [Times: user=0.00 sys=0.00, real=0.00 secs] 
260.095: Total time for which application threads were stopped: 0.0005600 seconds, Stopping threads took: 0.0000550 seconds
260.160: Application time: 0.0646230 seconds
260.160: [GC [PSYoungGen: 19870K->672K(20992K)] 31433K->12234K(47104K), 0.0004420 secs] [Times: user=0.00 sys=0.00, real=0.00 secs] 
260.160: Total time for which application threads were stopped: 0.0005950 seconds, Stopping threads took: 0.0000920 seconds
260.228: Application time: 0.0677220 seconds
260.228: [GC [PSYoungGen: 20636K->576K(20992K)] 32198K->12394K(47104K), 0.0004930 secs] [Times: user=0.00 sys=0.00, real=0.00 secs] 
260.229: Total time for which application threads were stopped: 0.0006100 seconds, Stopping threads took: 0.0000570 seconds
260.315: Application time: 0.0865900 seconds
260.315: [GC [PSYoungGen: 20543K->352K(20992K)] 32362K->12423K(47104K), 0.0004270 secs] [Times: user=0.00 sys=0.00, real=0.00 secs] 
260.316: Total time for which application threads were stopped: 0.0005480 seconds, Stopping threads took: 0.0000590 seconds
260.412: Application time: 0.0959800 seconds
260.412: [GC [PSYoungGen: 20318K->0K(20992K)] 32389K->12275K(47104K), 0.0005620 secs] [Times: user=0.00 sys=0.00, real=0.00 secs] 
260.412: Total time for which application threads were stopped: 0.0007000 seconds, Stopping threads took: 0.0000780 seconds
260.483: Application time: 0.0710480 seconds
260.484: [GC [PSYoungGen: 19965K->544K(20992K)] 32241K->12819K(47104K), 0.0004290 secs] [Times: user=0.00 sys=0.00, real=0.00 secs] 
260.484: Total time for which application threads were stopped: 0.0005490 seconds, Stopping threads took: 0.0000430 seconds
260.547: Application time: 0.0634490 seconds
260.548: [GC [PSYoungGen: 20508K->704K(20992K)] 32783K->12987K(47104K), 0.0004680 secs] [Times: user=0.00 sys=0.00, real=0.00 secs] 
260.548: Total time for which application threads were stopped: 0.0005860 seconds, Stopping threads took: 0.0000560 seconds
260.621: Application time: 0.0724520 seconds
260.621: [GC [PSYoungGen: 20669K->960K(20992K)] 32953K->13379K(47104K), 0.0005600 secs] [Times: user=0.01 sys=0.00, real=0.00 secs] 
260.621: Total time for which application threads were stopped: 0.0006940 seconds, Stopping threads took: 0.0000720 seconds
260.699: Application time: 0.0782210 seconds
260.700: [GC [PSYoungGen: 20924K->320K(21504K)] 33344K->13549K(47616K), 0.0005750 secs] [Times: user=0.00 sys=0.00, real=0.01 secs] 
260.700: Total time for which application threads were stopped: 0.0006950 seconds, Stopping threads took: 0.0000550 seconds
260.787: Application time: 0.0868340 seconds
260.787: [GC [PSYoungGen: 20286K->256K(20480K)] 33516K->13501K(46592K), 0.0004560 secs] [Times: user=0.00 sys=0.00, real=0.00 secs] 
260.788: Total time for which application threads were stopped: 0.0005830 seconds, Stopping threads took: 0.0000640 seconds
260.875: Application time: 0.0871790 seconds
260.875: [GC [PSYoungGen: 20222K->384K(20992K)] 33467K->13882K(47104K), 0.0004610 secs] [Times: user=0.00 sys=0.00, real=0.00 secs] 
260.875: Total time for which application threads were stopped: 0.0005740 seconds, Stopping threads took: 0.0000500 seconds
260.960: Application time: 0.0846390 seconds
260.960: [GC [PSYoungGen: 20350K->576K(20992K)] 33848K->14082K(47104K), 0.0005060 secs] [Times: user=0.00 sys=0.00, real=0.00 secs] 
260.961: Total time for which application threads were stopped: 0.0006270 seconds, Stopping threads took: 0.0000570 seconds
261.047: Application time: 0.0867070 seconds
261.047: [GC [PSYoungGen: 20543K->352K(20992K)] 34049K->14323K(47104K), 0.0004780 secs] [Times: user=0.00 sys=0.00, real=0.00 secs] 
261.048: Total time for which application threads were stopped: 0.0006110 seconds, Stopping threads took: 0.0000620 seconds
261.137: Application time: 0.0890260 seconds
261.137: [GC [PSYoungGen: 20316K->0K(20992K)] 34287K->14192K(47104K), 0.0004180 secs] [Times: user=0.00 sys=0.00, real=0.00 secs] 
261.137: Total time for which application threads were stopped: 0.0005510 seconds, Stopping threads took: 0.0000730 seconds
261.212: Application time: 0.0749020 seconds
261.212: [GC [PSYoungGen: 19966K->512K(20992K)] 34158K->14704K(47104K), 0.0004530 secs] [Times: user=0.00 sys=0.00, real=0.00 secs] 
261.213: Total time for which application threads were stopped: 0.0005640 seconds, Stopping threads took: 0.0000470 seconds
261.274: Application time: 0.0613920 seconds
261.274: [GC [PSYoungGen: 20479K->528K(20992K)] 34672K->14728K(47104K), 0.0004610 secs] [Times: user=0.00 sys=0.00, real=0.00 secs] 
261.275: Total time for which application threads were stopped: 0.0005770 seconds, Stopping threads took: 0.0000560 seconds
261.360: Application time: 0.0853110 seconds
261.360: [GC [PSYoungGen: 20496K->480K(20992K)] 34696K->14776K(47104K), 0.0005260 secs] [Times: user=0.00 sys=0.00, real=0.00 secs] 
261.361: Total time for which application threads were stopped: 0.0006410 seconds, Stopping threads took: 0.0000520 seconds
261.441: Application time: 0.0798660 seconds
261.441: [GC [PSYoungGen: 20444K->416K(20992K)] 34741K->15121K(47104K), 0.0004540 secs] [Times: user=0.00 sys=0.00, real=0.00 secs] 
261.441: Total time for which application threads were stopped: 0.0005690 seconds, Stopping threads took: 0.0000560 seconds
261.518: Application time: 0.0763100 seconds
261.518: [GC [PSYoungGen: 20382K->352K(20992K)] 35087K->15105K(47104K), 0.0004400 secs] [Times: user=0.00 sys=0.00, real=0.00 secs] 
261.518: Total time for which application threads were stopped: 0.0005600 seconds, Stopping threads took: 0.0000570 seconds
261.605: Application time: 0.0867700 seconds
261.605: [GC [PSYoungGen: 20318K->352K(20992K)] 35071K->15129K(47104K), 0.0004060 secs] [Times: user=0.00 sys=0.00, real=0.00 secs] 
261.605: Total time for which application threads were stopped: 0.0005330 seconds, Stopping threads took: 0.0000570 seconds
261.690: Application time: 0.0845490 seconds
261.690: [GC [PSYoungGen: 20316K->512K(20992K)] 35094K->15501K(47104K), 0.0005130 secs] [Times: user=0.01 sys=0.00, real=0.00 secs] 
261.691: Total time for which application threads were stopped: 0.0006390 seconds, Stopping threads took: 0.0000620 seconds
261.779: Application time: 0.0886900 seconds
261.779: [GC [PSYoungGen: 20476K->0K(20992K)] 35466K->15414K(47104K), 0.0004590 secs] [Times: user=0.00 sys=0.00, real=0.01 secs] 
261.780: Total time for which application threads were stopped: 0.0005610 seconds, Stopping threads took: 0.0000400 seconds
261.853: Application time: 0.0727710 seconds
261.853: [GC [PSYoungGen: 19965K->544K(20992K)] 35380K->15959K(47104K), 0.0004470 secs] [Times: user=0.00 sys=0.00, real=0.00 secs] 
261.853: Total time for which application threads were stopped: 0.0005630 seconds, Stopping threads took: 0.0000540 seconds
261.915: Application time: 0.0616240 seconds
261.915: [GC [PSYoungGen: 20509K->704K(20992K)] 35924K->16175K(47104K), 0.0004760 secs] [Times: user=0.01 sys=0.00, real=0.00 secs] 
261.916: Total time for which application threads were stopped: 0.0006150 seconds, Stopping threads took: 0.0000750 seconds
262.001: Application time: 0.0857600 seconds
262.001: [GC [PSYoungGen: 20672K->512K(20992K)] 36143K->16239K(47104K), 0.0004740 secs] [Times: user=0.00 sys=0.00, real=0.00 secs] 
262.002: Total time for which application threads were stopped: 0.0005970 seconds, Stopping threads took: 0.0000610 seconds
262.090: Application time: 0.0884090 seconds
262.090: [GC [PSYoungGen: 20476K->0K(20992K)] 36203K->16136K(47104K), 0.0004440 secs] [Times: user=0.00 sys=0.00, real=0.00 secs] 
262.091: Total time for which application threads were stopped: 0.0005510 seconds, Stopping threads took: 0.0000460 seconds
262.175: Application time: 0.0841740 seconds
262.175: [GC [PSYoungGen: 19966K->352K(20992K)] 36102K->16488K(47104K), 0.0004000 secs] [Times: user=0.00 sys=0.00, real=0.00 secs] 
262.176: Total time for which application threads were stopped: 0.0005290 seconds, Stopping threads took: 0.0000560 seconds
262.233: Application time: 0.0571240 seconds
262.233: [GC [PSYoungGen: 20319K->512K(20992K)] 36456K->16656K(47104K), 0.0004260 secs] [Times: user=0.01 sys=0.00, real=0.00 secs] 
262.233: Total time for which application threads were stopped: 0.0005500 seconds, Stopping threads took: 0.0000630 seconds
262.307: Application time: 0.0739440 seconds
262.307: [GC [PSYoungGen: 20475K->992K(20480K)] 36620K->17144K(46592K), 0.0005740 secs] [Times: user=0.00 sys=0.00, real=0.00 secs] 
262.308: Total time for which application threads were stopped: 0.0007000 seconds, Stopping threads took: 0.0000630 seconds
262.376: Application time: 0.0685120 seconds
262.376: [GC [PSYoungGen: 20446K->512K(20480K)] 36598K->17346K(46592K), 0.0006020 secs] [Times: user=0.00 sys=0.00, real=0.00 secs] 
262.378: Total time for which application threads were stopped: 0.0016800 seconds, Stopping threads took: 0.0000610 seconds
262.463: Application time: 0.0845610 seconds
262.463: [GC [PSYoungGen: 19964K->384K(20480K)] 36798K->17370K(46592K), 0.0004220 secs] [Times: user=0.01 sys=0.00, real=0.00 secs] 
262.463: Total time for which application threads were stopped: 0.0005510 seconds, Stopping threads took: 0.0000680 seconds
262.549: Application time: 0.0855750 seconds
262.549: [GC [PSYoungGen: 19837K->0K(20480K)] 36824K->17358K(46592K), 0.0004340 secs] [Times: user=0.00 sys=0.00, real=0.00 secs] 
262.549: Total time for which application threads were stopped: 0.0005600 seconds, Stopping threads took: 0.0000660 seconds
262.632: Application time: 0.0829410 seconds
262.632: [GC [PSYoungGen: 19454K->576K(20480K)] 36813K->17934K(46592K), 0.0004690 secs] [Times: user=0.00 sys=0.00, real=0.00 secs] 
262.633: Total time for which application threads were stopped: 0.0005960 seconds, Stopping threads took: 0.0000670 seconds
262.718: Application time: 0.0853660 seconds
262.720: [GC [PSYoungGen: 20031K->384K(20480K)] 37390K->18031K(46592K), 0.0004540 secs] [Times: user=0.00 sys=0.00, real=0.00 secs] 
262.720: Total time for which application threads were stopped: 0.0020520 seconds, Stopping threads took: 0.0015260 seconds
262.806: Application time: 0.0857120 seconds
262.806: [GC [PSYoungGen: 19839K->384K(20480K)] 37486K->18259K(46592K), 0.0005270 secs] [Times: user=0.00 sys=0.00, real=0.00 secs] 
262.807: Total time for which application threads were stopped: 0.0006730 seconds, Stopping threads took: 0.0000820 seconds
262.893: Application time: 0.0861920 seconds
262.893: [GC [PSYoungGen: 19837K->0K(20480K)] 37713K->18091K(46592K), 0.0004270 secs] [Times: user=0.00 sys=0.00, real=0.00 secs] 
262.893: Total time for which application threads were stopped: 0.0005550 seconds, Stopping threads took: 0.0000670 seconds
262.957: Application time: 0.0635090 seconds
262.957: [GC [PSYoungGen: 19456K->416K(20480K)] 37547K->18507K(46592K), 0.0004050 secs] [Times: user=0.00 sys=0.00, real=0.00 secs] 
262.957: Total time for which application threads were stopped: 0.0005230 seconds, Stopping threads took: 0.0000550 seconds
263.025: Application time: 0.0671780 seconds
263.025: [GC [PSYoungGen: 19864K->384K(20480K)] 37956K->18483K(46592K), 0.0004490 secs] [Times: user=0.00 sys=0.00, real=0.00 secs] 
263.025: Total time for which application threads were stopped: 0.0005800 seconds, Stopping threads took: 0.0000620 seconds
263.109: Application time: 0.0836650 seconds
263.109: [GC [PSYoungGen: 19836K->544K(20480K)] 37935K->18755K(46592K), 0.0004460 secs] [Times: user=0.01 sys=0.00, real=0.00 secs] 
263.109: Total time for which application threads were stopped: 0.0005720 seconds, Stopping threads took: 0.0000660 seconds
263.176: Application time: 0.0664080 seconds
263.176: [GC [PSYoungGen: 20000K->288K(20480K)] 38211K->18912K(46592K), 0.0004590 secs] [Times: user=0.00 sys=0.00, real=0.00 secs] 
263.176: Total time for which application threads were stopped: 0.0005820 seconds, Stopping threads took: 0.0000640 seconds
263.260: Application time: 0.0834300 seconds
263.260: [GC [PSYoungGen: 19740K->256K(20480K)] 38364K->18936K(46592K), 0.0004210 secs] [Times: user=0.00 sys=0.00, real=0.00 secs] 
263.260: Total time for which application threads were stopped: 0.0005410 seconds, Stopping threads took: 0.0000490 seconds
263.345: Application time: 0.0845940 seconds
263.345: [GC [PSYoungGen: 19711K->352K(20480K)] 38392K->19252K(46592K), 0.0004330 secs] [Times: user=0.00 sys=0.00, real=0.00 secs] 
263.346: Total time for which application threads were stopped: 0.0005440 seconds, Stopping threads took: 0.0000470 seconds
263.436: Application time: 0.0907350 seconds
263.436: [GC [PSYoungGen: 19803K->544K(20480K)] 38704K->19460K(46592K), 0.0004290 secs] [Times: user=0.00 sys=0.00, real=0.00 secs] 
263.437: Total time for which application threads were stopped: 0.0005730 seconds, Stopping threads took: 0.0000800 seconds
263.531: Application time: 0.0943810 seconds
263.531: [GC [PSYoungGen: 19997K->0K(20480K)] 38914K->19333K(46592K), 0.0004690 secs] [Times: user=0.00 sys=0.00, real=0.01 secs] 
263.532: Total time for which application threads were stopped: 0.0005910 seconds, Stopping threads took: 0.0000560 seconds
263.602: Application time: 0.0703730 seconds
263.602: [GC [PSYoungGen: 19455K->576K(20480K)] 38789K->19909K(46592K), 0.0004590 secs] [Times: user=0.00 sys=0.00, real=0.00 secs] 
263.603: Total time for which application threads were stopped: 0.0005770 seconds, Stopping threads took: 0.0000550 seconds
263.673: Application time: 0.0705220 seconds
263.673: [GC [PSYoungGen: 20031K->512K(20480K)] 39365K->20082K(46592K), 0.0005220 secs] [Times: user=0.01 sys=0.00, real=0.00 secs] 
263.674: Total time for which application threads were stopped: 0.0006540 seconds, Stopping threads took: 0.0000660 seconds
263.766: Application time: 0.0923990 seconds
263.766: [GC [PSYoungGen: 19967K->384K(20480K)] 39538K->20215K(46592K), 0.0004430 secs] [Times: user=0.00 sys=0.00, real=0.00 secs] 
263.767: Total time for which application threads were stopped: 0.0005840 seconds, Stopping threads took: 0.0000610 seconds
263.861: Application time: 0.0939510 seconds
263.861: [GC [PSYoungGen: 19837K->0K(20480K)] 39669K->20047K(46592K), 0.0004180 secs] [Times: user=0.00 sys=0.00, real=0.00 secs] 
263.861: Total time for which application threads were stopped: 0.0005540 seconds, Stopping threads took: 0.0000690 seconds
263.945: Application time: 0.0831590 seconds
263.945: [GC [PSYoungGen: 19454K->384K(20480K)] 39501K->20431K(46592K), 0.0004390 secs] [Times: user=0.00 sys=0.00, real=0.00 secs] 
263.945: Total time for which application threads were stopped: 0.0005640 seconds, Stopping threads took: 0.0000640 seconds
264.006: Application time: 0.0612130 seconds
264.007: [GC [PSYoungGen: 19836K->544K(20480K)] 39883K->20615K(46592K), 0.0004570 secs] [Times: user=0.00 sys=0.00, real=0.00 secs] 
264.007: Total time for which application threads were stopped: 0.0005710 seconds, Stopping threads took: 0.0000510 seconds
264.088: Application time: 0.0809480 seconds
264.088: [GC [PSYoungGen: 19996K->992K(20480K)] 40068K->21207K(46592K), 0.0005490 secs] [Times: user=0.00 sys=0.00, real=0.00 secs] 
264.089: Total time for which application threads were stopped: 0.0006770 seconds, Stopping threads took: 0.0000630 seconds
264.166: Application time: 0.0776630 seconds
264.166: [GC [PSYoungGen: 20444K->448K(20480K)] 40659K->21260K(46592K), 0.0005540 secs] [Times: user=0.00 sys=0.00, real=0.00 secs] 
264.167: Total time for which application threads were stopped: 0.0006870 seconds, Stopping threads took: 0.0000700 seconds
264.260: Application time: 0.0933860 seconds
264.260: [GC [PSYoungGen: 19900K->384K(20480K)] 40712K->21425K(46592K), 0.0004530 secs] [Times: user=0.00 sys=0.00, real=0.00 secs] 
264.261: Total time for which application threads were stopped: 0.0005930 seconds, Stopping threads took: 0.0000720 seconds
264.356: Application time: 0.0950690 seconds
264.356: [GC [PSYoungGen: 19838K->0K(20480K)] 40879K->21293K(46592K), 0.0004260 secs] [Times: user=0.00 sys=0.00, real=0.00 secs] 
264.357: Total time for which application threads were stopped: 0.0005660 seconds, Stopping threads took: 0.0000630 seconds
264.447: Application time: 0.0904020 seconds
264.447: [GC [PSYoungGen: 19454K->512K(20480K)] 40748K->21805K(46592K), 0.0005210 secs] [Times: user=0.00 sys=0.00, real=0.00 secs] 
264.448: Total time for which application threads were stopped: 0.0006440 seconds, Stopping threads took: 0.0000600 seconds
264.541: Application time: 0.0935150 seconds
264.541: [GC [PSYoungGen: 19967K->288K(20480K)] 41261K->22055K(46592K), 0.0005550 secs] [Times: user=0.00 sys=0.00, real=0.00 secs] 
264.542: Total time for which application threads were stopped: 0.0006810 seconds, Stopping threads took: 0.0000600 seconds
264.636: Application time: 0.0943380 seconds
264.636: [GC [PSYoungGen: 19743K->320K(20480K)] 41510K->22103K(46592K), 0.0004740 secs] [Times: user=0.01 sys=0.00, real=0.00 secs] 
264.637: Total time for which application threads were stopped: 0.0006420 seconds, Stopping threads took: 0.0000980 seconds
264.732: Application time: 0.0949290 seconds
264.732: [GC [PSYoungGen: 19773K->0K(20480K)] 41557K->21999K(46592K), 0.0004360 secs] [Times: user=0.01 sys=0.00, real=0.00 secs] 
264.732: Total time for which application threads were stopped: 0.0005680 seconds, Stopping threads took: 0.0000710 seconds
264.800: Application time: 0.0675050 seconds
264.800: [GC [PSYoungGen: 19452K->544K(20480K)] 41451K->22543K(46592K), 0.0004420 secs] [Times: user=0.00 sys=0.00, real=0.00 secs] 
264.800: Total time for which application threads were stopped: 0.0005730 seconds, Stopping threads took: 0.0000650 seconds
264.877: Application time: 0.0763030 seconds
264.877: [GC [PSYoungGen: 20000K->384K(20480K)] 41999K->22399K(46592K), 0.0005160 secs] [Times: user=0.00 sys=0.00, real=0.00 secs] 
264.877: Total time for which application threads were stopped: 0.0006460 seconds, Stopping threads took: 0.0000540 seconds
264.969: Application time: 0.0918580 seconds
264.969: [GC [PSYoungGen: 19836K->512K(20480K)] 41851K->22659K(46592K), 0.0005100 secs] [Times: user=0.00 sys=0.00, real=0.00 secs] 
264.970: Total time for which application threads were stopped: 0.0006570 seconds, Stopping threads took: 0.0000810 seconds
265.042: Application time: 0.0718950 seconds
265.042: [GC [PSYoungGen: 19967K->416K(20480K)] 42114K->22931K(46592K), 0.0004720 secs] [Times: user=0.01 sys=0.00, real=0.00 secs] 
265.042: Total time for which application threads were stopped: 0.0005940 seconds, Stopping threads took: 0.0000580 seconds
265.135: Application time: 0.0921500 seconds
265.135: [GC [PSYoungGen: 19871K->352K(20480K)] 42386K->22939K(46592K), 0.0004460 secs] [Times: user=0.00 sys=0.00, real=0.00 secs] 
265.135: Total time for which application threads were stopped: 0.0005820 seconds, Stopping threads took: 0.0000700 seconds
265.228: Application time: 0.0927710 seconds
265.228: [GC [PSYoungGen: 19807K->384K(20480K)] 42395K->23191K(46592K), 0.0004480 secs] [Times: user=0.00 sys=0.00, real=0.00 secs] 
265.228: Total time for which application threads were stopped: 0.0005710 seconds, Stopping threads took: 0.0000620 seconds
265.320: Application time: 0.0910800 seconds
265.320: [GC [PSYoungGen: 19837K->512K(20480K)] 42645K->23335K(46592K), 0.0004920 secs] [Times: user=0.00 sys=0.00, real=0.01 secs] 
265.320: Total time for which application threads were stopped: 0.0006360 seconds, Stopping threads took: 0.0000710 seconds
265.415: Application time: 0.0943960 seconds
265.415: [GC [PSYoungGen: 19965K->0K(20480K)] 42789K->23248K(46592K), 0.0004580 secs] [Times: user=0.01 sys=0.00, real=0.00 secs] 
265.415: Total time for which application threads were stopped: 0.0005940 seconds, Stopping threads took: 0.0000650 seconds
265.488: Application time: 0.0726330 seconds
265.492: [GC [PSYoungGen: 19455K->544K(20480K)] 42704K->23792K(46592K), 0.0004930 secs] [Times: user=0.00 sys=0.00, real=0.00 secs] 
265.492: Total time for which application threads were stopped: 0.0044690 seconds, Stopping threads took: 0.0039160 seconds
265.562: Application time: 0.0696490 seconds
265.562: [GC [PSYoungGen: 19999K->544K(20480K)] 43248K->24045K(46592K), 0.0005010 secs] [Times: user=0.00 sys=0.00, real=0.00 secs] 
265.563: Total time for which application threads were stopped: 0.0006110 seconds, Stopping threads took: 0.0000440 seconds
265.654: Application time: 0.0919080 seconds
265.655: [GC [PSYoungGen: 19999K->480K(20480K)] 43501K->24037K(46592K), 0.0004640 secs] [Times: user=0.00 sys=0.00, real=0.00 secs] 
265.655: Total time for which application threads were stopped: 0.0006020 seconds, Stopping threads took: 0.0000710 seconds
265.750: Application time: 0.0946310 seconds
265.750: [GC [PSYoungGen: 19933K->0K(20480K)] 43491K->23962K(46592K), 0.0004710 secs] [Times: user=0.00 sys=0.00, real=0.00 secs] 
265.750: Total time for which application threads were stopped: 0.0006000 seconds, Stopping threads took: 0.0000660 seconds
265.834: Application time: 0.0833250 seconds
265.834: [GC [PSYoungGen: 19454K->384K(20480K)] 43416K->24346K(46592K), 0.0004250 secs] [Times: user=0.00 sys=0.00, real=0.00 secs] 
265.834: Total time for which application threads were stopped: 0.0005460 seconds, Stopping threads took: 0.0000590 seconds
265.897: Application time: 0.0627850 seconds
265.897: [GC [PSYoungGen: 19837K->544K(20480K)] 43799K->24522K(46592K), 0.0004580 secs] [Times: user=0.00 sys=0.00, real=0.00 secs] 
265.898: Total time for which application threads were stopped: 0.0006000 seconds, Stopping threads took: 0.0000770 seconds
265.973: Application time: 0.0752890 seconds
265.973: [GC [PSYoungGen: 19998K->992K(19968K)] 43976K->25122K(46080K), 0.0005830 secs] [Times: user=0.00 sys=0.00, real=0.00 secs] 
265.974: Total time for which application threads were stopped: 0.0007030 seconds, Stopping threads took: 0.0000500 seconds
266.053: Application time: 0.0798700 seconds
266.054: [GC [PSYoungGen: 19933K->480K(19456K)] 44064K->25211K(45568K), 0.0006270 secs] [Times: user=0.01 sys=0.00, real=0.00 secs] 
266.054: Total time for which application threads were stopped: 0.0007410 seconds, Stopping threads took: 0.0000540 seconds
266.144: Application time: 0.0900190 seconds
266.144: [GC [PSYoungGen: 19422K->320K(19968K)] 44154K->25395K(46080K), 0.0005080 secs] [Times: user=0.00 sys=0.00, real=0.00 secs] 
266.145: Total time for which application threads were stopped: 0.0006460 seconds, Stopping threads took: 0.0000730 seconds
266.236: Application time: 0.0913800 seconds
266.236: [GC [PSYoungGen: 19261K->0K(19968K)] 44336K->25331K(46080K), 0.0004530 secs] [Times: user=0.00 sys=0.00, real=0.00 secs] 
266.237: Total time for which application threads were stopped: 0.0005770 seconds, Stopping threads took: 0.0000600 seconds
266.325: Application time: 0.0877640 seconds
266.325: [GC [PSYoungGen: 18943K->576K(19968K)] 44274K->25907K(46080K), 0.0004930 secs] [Times: user=0.00 sys=0.00, real=0.00 secs] 
266.325: Total time for which application threads were stopped: 0.0006110 seconds, Stopping threads took: 0.0000570 seconds
266.415: Application time: 0.0898160 seconds
266.415: [GC [PSYoungGen: 19518K->480K(19968K)] 44849K->26099K(46080K), 0.0005040 secs] [Times: user=0.00 sys=0.00, real=0.00 secs] 
266.416: [Full GC [PSYoungGen: 480K->0K(19968K)] [ParOldGen: 25619K->4428K(25600K)] 26099K->4428K(45568K) [PSPermGen: 5580K->5580K(21504K)], 0.0061620 secs] [Times: user=0.03 sys=0.00, real=0.01 secs] 
266.422: Total time for which application threads were stopped: 0.0068380 seconds, Stopping threads took: 0.0000490 seconds
266.514: Application time: 0.0924750 seconds
266.514: [GC [PSYoungGen: 18943K->352K(19968K)] 23371K->4780K(45568K), 0.0004300 secs] [Times: user=0.00 sys=0.00, real=0.00 secs] 
266.515: Total time for which application threads were stopped: 0.0005980 seconds, Stopping threads took: 0.0000960 seconds
266.607: Application time: 0.0924420 seconds
266.607: [GC [PSYoungGen: 19295K->0K(19968K)] 23723K->4644K(45568K), 0.0004230 secs] [Times: user=0.00 sys=0.00, real=0.00 secs] 
266.608: Total time for which application threads were stopped: 0.0005390 seconds, Stopping threads took: 0.0000520 seconds
266.679: Application time: 0.0715990 seconds
266.680: [GC [PSYoungGen: 18940K->512K(19968K)] 23585K->5156K(45568K), 0.0004270 secs] [Times: user=0.00 sys=0.00, real=0.01 secs] 
266.680: Total time for which application threads were stopped: 0.0005530 seconds, Stopping threads took: 0.0000630 seconds
266.748: Application time: 0.0678290 seconds
266.748: [GC [PSYoungGen: 19455K->512K(19968K)] 24099K->5164K(45568K), 0.0004870 secs] [Times: user=0.00 sys=0.00, real=0.00 secs] 
266.748: Total time for which application threads were stopped: 0.0006100 seconds, Stopping threads took: 0.0000550 seconds
266.837: Application time: 0.0887070 seconds
266.837: [GC [PSYoungGen: 19454K->480K(19968K)] 24106K->5220K(45568K), 0.0004810 secs] [Times: user=0.00 sys=0.00, real=0.00 secs] 
266.838: Total time for which application threads were stopped: 0.0006070 seconds, Stopping threads took: 0.0000630 seconds
266.908: Application time: 0.0703400 seconds
266.908: [GC [PSYoungGen: 19424K->304K(19968K)] 24164K->5448K(45568K), 0.0004670 secs] [Times: user=0.00 sys=0.00, real=0.00 secs] 
266.909: Total time for which application threads were stopped: 0.0005860 seconds, Stopping threads took: 0.0000520 seconds
266.998: Application time: 0.0893210 seconds
266.998: [GC [PSYoungGen: 19247K->352K(19968K)] 24392K->5553K(45568K), 0.0004180 secs] [Times: user=0.00 sys=0.00, real=0.00 secs] 
266.999: Total time for which application threads were stopped: 0.0005470 seconds, Stopping threads took: 0.0000670 seconds
267.090: Application time: 0.0913220 seconds
267.090: [GC [PSYoungGen: 19294K->0K(19968K)] 24495K->5425K(45568K), 0.0004100 secs] [Times: user=0.00 sys=0.00, real=0.00 secs] 
267.090: Total time for which application threads were stopped: 0.0005270 seconds, Stopping threads took: 0.0000420 seconds
267.178: Application time: 0.0875980 seconds
267.178: [GC [PSYoungGen: 18941K->576K(19968K)] 24366K->6001K(45568K), 0.0004460 secs] [Times: user=0.00 sys=0.00, real=0.00 secs] 
267.179: Total time for which application threads were stopped: 0.0005540 seconds, Stopping threads took: 0.0000450 seconds
267.270: Application time: 0.0917960 seconds
267.270: [GC [PSYoungGen: 19519K->0K(19968K)] 24944K->5834K(45568K), 0.0004440 secs] [Times: user=0.00 sys=0.00, real=0.00 secs] 
267.271: Total time for which application threads were stopped: 0.0005630 seconds, Stopping threads took: 0.0000500 seconds
267.351: Application time: 0.0800200 seconds
267.351: [GC [PSYoungGen: 18942K->512K(19968K)] 24776K->6346K(45568K), 0.0004980 secs] [Times: user=0.00 sys=0.00, real=0.00 secs] 
267.352: Total time for which application threads were stopped: 0.0006300 seconds, Stopping threads took: 0.0000670 seconds
267.408: Application time: 0.0564030 seconds
267.408: [GC [PSYoungGen: 19455K->512K(19968K)] 25289K->6590K(45568K), 0.0005470 secs] [Times: user=0.00 sys=0.00, real=0.00 secs] 
267.410: Total time for which application threads were stopped: 0.0017720 seconds, Stopping threads took: 0.0000440 seconds
267.487: Application time: 0.0777000 seconds
267.488: [GC [PSYoungGen: 19454K->512K(19968K)] 25532K->6662K(45568K), 0.0004200 secs] [Times: user=0.00 sys=0.00, real=0.00 secs] 
267.488: Total time for which application threads were stopped: 0.0005550 seconds, Stopping threads took: 0.0000720 seconds
267.572: Application time: 0.0843430 seconds
267.572: [GC [PSYoungGen: 19453K->0K(19968K)] 25604K->6555K(45568K), 0.0004900 secs] [Times: user=0.00 sys=0.00, real=0.00 secs] 
267.573: Total time for which application threads were stopped: 0.0006100 seconds, Stopping threads took: 0.0000560 seconds
267.657: Application time: 0.0834950 seconds
267.657: [GC [PSYoungGen: 18939K->0K(19968K)] 25494K->6555K(45568K), 0.0003800 secs] [Times: user=0.00 sys=0.00, real=0.00 secs] 
267.657: Total time for which application threads were stopped: 0.0005210 seconds, Stopping threads took: 0.0000690 seconds
267.717: Application time: 0.0595750 seconds
267.717: [GC [PSYoungGen: 18941K->512K(19968K)] 25496K->7067K(45568K), 0.0004000 secs] [Times: user=0.00 sys=0.00, real=0.00 secs] 
267.717: Total time for which application threads were stopped: 0.0005160 seconds, Stopping threads took: 0.0000540 seconds
267.780: Application time: 0.0625220 seconds
267.780: [GC [PSYoungGen: 19454K->896K(19456K)] 26010K->7459K(45056K), 0.0005010 secs] [Times: user=0.01 sys=0.00, real=0.00 secs] 
267.780: Total time for which application threads were stopped: 0.0006310 seconds, Stopping threads took: 0.0000700 seconds
267.840: Application time: 0.0594950 seconds
267.840: [GC [PSYoungGen: 19323K->896K(19968K)] 25886K->7687K(45568K), 0.0005380 secs] [Times: user=0.00 sys=0.00, real=0.00 secs] 
267.840: Total time for which application threads were stopped: 0.0006630 seconds, Stopping threads took: 0.0000610 seconds
267.921: Application time: 0.0803950 seconds
267.921: [GC [PSYoungGen: 19326K->288K(19968K)] 26118K->7685K(45568K), 0.0004990 secs] [Times: user=0.00 sys=0.00, real=0.00 secs] 
267.921: Total time for which application threads were stopped: 0.0006340 seconds, Stopping threads took: 0.0000720 seconds
268.003: Application time: 0.0811450 seconds
268.003: [GC [PSYoungGen: 18715K->0K(19968K)] 26113K->7645K(45568K), 0.0003950 secs] [Times: user=0.00 sys=0.00, real=0.00 secs] 
268.003: Total time for which application threads were stopped: 0.0005160 seconds, Stopping threads took: 0.0000590 seconds
268.084: Application time: 0.0810240 seconds
268.084: [GC [PSYoungGen: 18427K->0K(19968K)] 26073K->7645K(45568K), 0.0003370 secs] [Times: user=0.00 sys=0.00, real=0.00 secs] 
268.085: Total time for which application threads were stopped: 0.0004480 seconds, Stopping threads took: 0.0000530 seconds
268.162: Application time: 0.0770870 seconds
268.162: [GC [PSYoungGen: 18429K->704K(19968K)] 26075K->8349K(45568K), 0.0004580 secs] [Times: user=0.00 sys=0.00, real=0.00 secs] 
268.162: Total time for which application threads were stopped: 0.0005810 seconds, Stopping threads took: 0.0000530 seconds
268.242: Application time: 0.0800400 seconds
268.242: [GC [PSYoungGen: 19134K->384K(19968K)] 26779K->8498K(45568K), 0.0004660 secs] [Times: user=0.00 sys=0.00, real=0.00 secs] 
268.243: Total time for which application threads were stopped: 0.0005930 seconds, Stopping threads took: 0.0000630 seconds
268.326: Application time: 0.0825900 seconds
268.326: [GC [PSYoungGen: 18814K->0K(19968K)] 26929K->8338K(45568K), 0.0003860 secs] [Times: user=0.00 sys=0.00, real=0.00 secs] 
268.326: Total time for which application threads were stopped: 0.0005110 seconds, Stopping threads took: 0.0000620 seconds
268.408: Application time: 0.0820430 seconds
268.408: [GC [PSYoungGen: 18430K->0K(19968K)] 26769K->8338K(45568K), 0.0003510 secs] [Times: user=0.00 sys=0.00, real=0.00 secs] 
268.409: Total time for which application threads were stopped: 0.0004770 seconds, Stopping threads took: 0.0000670 seconds
268.468: Application time: 0.0590900 seconds
268.468: [GC [PSYoungGen: 18427K->544K(19968K)] 26765K->8882K(45568K), 0.0004220 secs] [Times: user=0.00 sys=0.00, real=0.00 secs] 
268.468: Total time for which application threads were stopped: 0.0005530 seconds, Stopping threads took: 0.0000670 seconds
268.532: Application time: 0.0637530 seconds
268.532: [GC [PSYoungGen: 18972K->512K(19968K)] 27310K->8874K(45568K), 0.0004310 secs] [Times: user=0.00 sys=0.00, real=0.00 secs] 
268.533: Total time for which application threads were stopped: 0.0005490 seconds, Stopping threads took: 0.0000570 seconds
268.609: Application time: 0.0765100 seconds
268.609: [GC [PSYoungGen: 18941K->640K(19968K)] 27304K->9082K(45568K), 0.0005150 secs] [Times: user=0.00 sys=0.00, real=0.00 secs] 
268.610: Total time for which application threads were stopped: 0.0006330 seconds, Stopping threads took: 0.0000570 seconds
268.673: Application time: 0.0630290 seconds
268.673: [GC [PSYoungGen: 19068K->320K(19968K)] 27510K->9163K(45568K), 0.0005040 secs] [Times: user=0.00 sys=0.00, real=0.00 secs] 
268.673: Total time for which application threads were stopped: 0.0006490 seconds, Stopping threads took: 0.0000740 seconds
268.753: Application time: 0.0801100 seconds
268.754: [GC [PSYoungGen: 18750K->352K(18944K)] 27593K->9259K(44544K), 0.0004910 secs] [Times: user=0.00 sys=0.00, real=0.00 secs] 
268.754: Total time for which application threads were stopped: 0.0006060 seconds, Stopping threads took: 0.0000550 seconds
268.835: Application time: 0.0813340 seconds
268.835: [GC [PSYoungGen: 18782K->0K(19456K)] 27689K->9135K(45056K), 0.0004010 secs] [Times: user=0.00 sys=0.00, real=0.00 secs] 
268.836: Total time for which application threads were stopped: 0.0005140 seconds, Stopping threads took: 0.0000490 seconds
268.914: Application time: 0.0776110 seconds
268.914: [GC [PSYoungGen: 18431K->576K(19456K)] 27567K->9711K(45056K), 0.0004190 secs] [Times: user=0.01 sys=0.00, real=0.00 secs] 
268.914: Total time for which application threads were stopped: 0.0005470 seconds, Stopping threads took: 0.0000690 seconds
268.996: Application time: 0.0815030 seconds
268.996: [GC [PSYoungGen: 19004K->0K(19456K)] 28140K->9540K(45056K), 0.0004990 secs] [Times: user=0.00 sys=0.00, real=0.00 secs] 
268.996: Total time for which application threads were stopped: 0.0006290 seconds, Stopping threads took: 0.0000670 seconds
269.069: Application time: 0.0729380 seconds
269.069: [GC [PSYoungGen: 18428K->576K(19456K)] 27968K->10116K(45056K), 0.0004730 secs] [Times: user=0.00 sys=0.00, real=0.00 secs] 
269.070: Total time for which application threads were stopped: 0.0005840 seconds, Stopping threads took: 0.0000500 seconds
269.121: Application time: 0.0511640 seconds
269.121: [GC [PSYoungGen: 19005K->608K(19968K)] 28546K->10401K(45568K), 0.0004700 secs] [Times: user=0.00 sys=0.00, real=0.00 secs] 
269.121: Total time for which application threads were stopped: 0.0005870 seconds, Stopping threads took: 0.0000570 seconds
269.198: Application time: 0.0767810 seconds
269.198: [GC [PSYoungGen: 19037K->608K(19968K)] 28830K->10465K(45568K), 0.0004150 secs] [Times: user=0.01 sys=0.00, real=0.00 secs] 
269.199: Total time for which application threads were stopped: 0.0005370 seconds, Stopping threads took: 0.0000500 seconds
269.281: Application time: 0.0821480 seconds
269.281: [GC [PSYoungGen: 19038K->0K(19968K)] 28895K->10282K(45568K), 0.0004650 secs] [Times: user=0.00 sys=0.00, real=0.00 secs] 
269.282: Total time for which application threads were stopped: 0.0005990 seconds, Stopping threads took: 0.0000720 seconds
269.363: Application time: 0.0819080 seconds
269.364: [GC [PSYoungGen: 18430K->0K(19968K)] 28712K->10282K(45568K), 0.0003710 secs] [Times: user=0.00 sys=0.00, real=0.00 secs] 
269.364: Total time for which application threads were stopped: 0.0004990 seconds, Stopping threads took: 0.0000670 seconds
269.425: Application time: 0.0607410 seconds
269.425: [GC [PSYoungGen: 18429K->544K(19968K)] 28711K->10826K(45568K), 0.0004390 secs] [Times: user=0.00 sys=0.00, real=0.00 secs] 
269.425: Total time for which application threads were stopped: 0.0005520 seconds, Stopping threads took: 0.0000490 seconds
269.484: Application time: 0.0589140 seconds
269.484: [GC [PSYoungGen: 18971K->832K(19968K)] 29253K->11130K(45568K), 0.0004660 secs] [Times: user=0.00 sys=0.00, real=0.00 secs] 
269.485: Total time for which application threads were stopped: 0.0005810 seconds, Stopping threads took: 0.0000530 seconds
269.544: Application time: 0.0590940 seconds
269.544: [GC [PSYoungGen: 19259K->1120K(19968K)] 29557K->11426K(45568K), 0.0004740 secs] [Times: user=0.01 sys=0.00, real=0.00 secs] 
269.544: Total time for which application threads were stopped: 0.0005960 seconds, Stopping threads took: 0.0000560 seconds
269.625: Application time: 0.0807830 seconds
269.625: [GC [PSYoungGen: 19550K->320K(19968K)] 29856K->11444K(45568K), 0.0005480 secs] [Times: user=0.00 sys=0.00, real=0.00 secs] 
269.626: Total time for which application threads were stopped: 0.0006610 seconds, Stopping threads took: 0.0000530 seconds
269.708: Application time: 0.0817690 seconds
269.712: [GC [PSYoungGen: 18747K->0K(19968K)] 29872K->11385K(45568K), 0.0004510 secs] [Times: user=0.00 sys=0.00, real=0.00 secs] 
269.712: Total time for which application threads were stopped: 0.0045860 seconds, Stopping threads took: 0.0040610 seconds
269.794: Application time: 0.0815150 seconds
269.796: [GC [PSYoungGen: 18427K->0K(19968K)] 29812K->11385K(45568K), 0.0003890 secs] [Times: user=0.01 sys=0.00, real=0.00 secs] 
269.796: Total time for which application threads were stopped: 0.0024230 seconds, Stopping threads took: 0.0019680 seconds
269.874: Application time: 0.0776240 seconds
269.874: [GC [PSYoungGen: 18427K->576K(19968K)] 29812K->11961K(45568K), 0.0004420 secs] [Times: user=0.00 sys=0.00, real=0.00 secs] 
269.874: Total time for which application threads were stopped: 0.0005530 seconds, Stopping threads took: 0.0000530 seconds
269.955: Application time: 0.0806960 seconds
269.955: [GC [PSYoungGen: 19007K->352K(19968K)] 30392K->12194K(45568K), 0.0004700 secs] [Times: user=0.01 sys=0.00, real=0.00 secs] 
269.956: Total time for which application threads were stopped: 0.0005810 seconds, Stopping threads took: 0.0000450 seconds
270.039: Application time: 0.0829840 seconds
270.039: [GC [PSYoungGen: 18779K->0K(19968K)] 30622K->12186K(45568K), 0.0004100 secs] [Times: user=0.00 sys=0.00, real=0.00 secs] 
270.039: Total time for which application threads were stopped: 0.0005480 seconds, Stopping threads took: 0.0000780 seconds
270.122: Application time: 0.0827690 seconds
270.122: [GC [PSYoungGen: 18430K->0K(19968K)] 30616K->12186K(45568K), 0.0004280 secs] [Times: user=0.00 sys=0.00, real=0.00 secs] 
270.123: Total time for which application threads were stopped: 0.0005550 seconds, Stopping threads took: 0.0000660 seconds
270.200: Application time: 0.0770090 seconds
270.200: [GC [PSYoungGen: 18428K->320K(19968K)] 30614K->12506K(45568K), 0.0004290 secs] [Times: user=0.00 sys=0.00, real=0.01 secs] 
270.200: Total time for which application threads were stopped: 0.0005370 seconds, Stopping threads took: 0.0000500 seconds
270.251: Application time: 0.0505160 seconds
270.251: [GC [PSYoungGen: 18749K->544K(19968K)] 30935K->12738K(45568K), 0.0004880 secs] [Times: user=0.01 sys=0.00, real=0.00 secs] 
270.251: Total time for which application threads were stopped: 0.0006320 seconds, Stopping threads took: 0.0000680 seconds
270.320: Application time: 0.0691680 seconds
270.320: [GC [PSYoungGen: 18972K->720K(19968K)] 31167K->12962K(45568K), 0.0005340 secs] [Times: user=0.01 sys=0.00, real=0.00 secs] 
270.321: Total time for which application threads were stopped: 0.0006510 seconds, Stopping threads took: 0.0000590 seconds
270.389: Application time: 0.0677940 seconds
270.389: [GC [PSYoungGen: 19148K->288K(19968K)] 31390K->13006K(45568K), 0.0005800 secs] [Times: user=0.00 sys=0.00, real=0.00 secs] 
270.390: Total time for which application threads were stopped: 0.0007000 seconds, Stopping threads took: 0.0000590 seconds
270.471: Application time: 0.0813810 seconds
270.471: [GC [PSYoungGen: 18719K->352K(18944K)] 31438K->13086K(44544K), 0.0004380 secs] [Times: user=0.00 sys=0.00, real=0.00 secs] 
270.471: Total time for which application threads were stopped: 0.0005610 seconds, Stopping threads took: 0.0000590 seconds
270.553: Application time: 0.0816290 seconds
270.556: [GC [PSYoungGen: 18782K->0K(19456K)] 31517K->12950K(45056K), 0.0003990 secs] [Times: user=0.01 sys=0.00, real=0.00 secs] 
270.556: Total time for which application threads were stopped: 0.0030830 seconds, Stopping threads took: 0.0026220 seconds
270.636: Application time: 0.0799760 seconds
270.636: [GC [PSYoungGen: 18427K->384K(19456K)] 31378K->13334K(45056K), 0.0004410 secs] [Times: user=0.01 sys=0.00, real=0.00 secs] 
270.637: Total time for which application threads were stopped: 0.0005520 seconds, Stopping threads took: 0.0000450 seconds
270.717: Application time: 0.0800640 seconds
270.717: [GC [PSYoungGen: 18811K->352K(19456K)] 31762K->13523K(45056K), 0.0004220 secs] [Times: user=0.01 sys=0.00, real=0.00 secs] 
270.717: Total time for which application threads were stopped: 0.0005380 seconds, Stopping threads took: 0.0000560 seconds
270.793: Application time: 0.0752840 seconds
270.793: [GC [PSYoungGen: 18779K->544K(19456K)] 31951K->13920K(45056K), 0.0005110 secs] [Times: user=0.00 sys=0.00, real=0.00 secs] 
270.793: Total time for which application threads were stopped: 0.0006320 seconds, Stopping threads took: 0.0000500 seconds
270.849: Application time: 0.0558130 seconds
270.852: [GC [PSYoungGen: 18975K->672K(19456K)] 32351K->14436K(45056K), 0.0006140 secs] [Times: user=0.01 sys=0.00, real=0.00 secs] 
270.852: Total time for which application threads were stopped: 0.0033610 seconds, Stopping threads took: 0.0026820 seconds
270.923: Application time: 0.0703900 seconds
270.923: [GC [PSYoungGen: 19102K->544K(19456K)] 32867K->14364K(45056K), 0.0004360 secs] [Times: user=0.00 sys=0.00, real=0.00 secs] 
270.923: Total time for which application threads were stopped: 0.0005640 seconds, Stopping threads took: 0.0000680 seconds
271.004: Application time: 0.0802610 seconds
271.004: [GC [PSYoungGen: 18971K->320K(19456K)] 32792K->14361K(45056K), 0.0004850 secs] [Times: user=0.01 sys=0.00, real=0.00 secs] 
271.004: Total time for which application threads were stopped: 0.0006000 seconds, Stopping threads took: 0.0000570 seconds
271.086: Application time: 0.0814130 seconds
271.086: [GC [PSYoungGen: 18750K->0K(19456K)] 32791K->14273K(45056K), 0.0004050 secs] [Times: user=0.00 sys=0.00, real=0.00 secs] 
271.086: Total time for which application threads were stopped: 0.0005260 seconds, Stopping threads took: 0.0000600 seconds
271.157: Application time: 0.0708700 seconds
271.157: [GC [PSYoungGen: 18431K->384K(19456K)] 32704K->14657K(45056K), 0.0004570 secs] [Times: user=0.00 sys=0.00, real=0.00 secs] 
271.158: Total time for which application threads were stopped: 0.0005650 seconds, Stopping threads took: 0.0000470 seconds
271.203: Application time: 0.0456040 seconds
271.203: [GC [PSYoungGen: 18812K->736K(19456K)] 33085K->15017K(45056K), 0.0004630 secs] [Times: user=0.00 sys=0.00, real=0.00 secs] 
271.204: Total time for which application threads were stopped: 0.0005770 seconds, Stopping threads took: 0.0000540 seconds
271.266: Application time: 0.0623460 seconds
271.266: [GC [PSYoungGen: 19167K->992K(19456K)] 33448K->15417K(45056K), 0.0005480 secs] [Times: user=0.00 sys=0.00, real=0.00 secs] 
271.267: Total time for which application threads were stopped: 0.0006630 seconds, Stopping threads took: 0.0000520 seconds
271.345: Application time: 0.0781090 seconds
271.345: [GC [PSYoungGen: 19422K->544K(19968K)] 33847K->15566K(45568K), 0.0005440 secs] [Times: user=0.01 sys=0.00, real=0.00 secs] 
271.346: Total time for which application threads were stopped: 0.0006750 seconds, Stopping threads took: 0.0000590 seconds
271.426: Application time: 0.0808310 seconds
271.427: [GC [PSYoungGen: 18971K->0K(19968K)] 33994K->15467K(45568K), 0.0004470 secs] [Times: user=0.00 sys=0.00, real=0.00 secs] 
271.427: Total time for which application threads were stopped: 0.0005740 seconds, Stopping threads took: 0.0000660 seconds
271.508: Application time: 0.0811250 seconds
271.508: [GC [PSYoungGen: 18430K->0K(19968K)] 33897K->15467K(45568K), 0.0003620 secs] [Times: user=0.00 sys=0.00, real=0.00 secs] 
271.509: Total time for which application threads were stopped: 0.0004710 seconds, Stopping threads took: 0.0000480 seconds
271.586: Application time: 0.0776000 seconds
271.586: Total time for which application threads were stopped: 0.0000780 seconds, Stopping threads took: 0.0000580 seconds
271.586: Application time: 0.0000480 seconds
271.586: [GC [PSYoungGen: 18327K->464K(19968K)] 33922K->16059K(45568K), 0.0004440 secs] [Times: user=0.00 sys=0.00, real=0.00 secs] 
271.587: Total time for which application threads were stopped: 0.0005240 seconds, Stopping threads took: 0.0000340 seconds
271.667: Application time: 0.0801390 seconds
271.667: [GC [PSYoungGen: 18893K->576K(19968K)] 34773K->16732K(45568K), 0.0004830 secs] [Times: user=0.00 sys=0.00, real=0.00 secs] 
271.668: Total time for which application threads were stopped: 0.0006000 seconds, Stopping threads took: 0.0000540 seconds
271.750: Application time: 0.0822150 seconds
271.750: [GC [PSYoungGen: 19006K->0K(19968K)] 35163K->16581K(45568K), 0.0004410 secs] [Times: user=0.00 sys=0.00, real=0.00 secs] 
271.750: Total time for which application threads were stopped: 0.0005720 seconds, Stopping threads took: 0.0000670 seconds
271.833: Application time: 0.0826690 seconds
271.833: [GC [PSYoungGen: 18430K->0K(19968K)] 35012K->16581K(45568K), 0.0003610 secs] [Times: user=0.01 sys=0.00, real=0.00 secs] 
271.834: Total time for which application threads were stopped: 0.0004940 seconds, Stopping threads took: 0.0000700 seconds
271.915: Application time: 0.0810180 seconds
271.915: [GC [PSYoungGen: 18428K->288K(19968K)] 35010K->16869K(45568K), 0.0004180 secs] [Times: user=0.00 sys=0.00, real=0.00 secs] 
271.915: Total time for which application threads were stopped: 0.0005490 seconds, Stopping threads took: 0.0000610 seconds
271.964: Application time: 0.0486890 seconds
271.964: [GC [PSYoungGen: 18718K->640K(19968K)] 35299K->17229K(45568K), 0.0004830 secs] [Times: user=0.00 sys=0.00, real=0.00 secs] 
271.964: Total time for which application threads were stopped: 0.0006020 seconds, Stopping threads took: 0.0000570 seconds
272.030: Application time: 0.0656390 seconds
272.032: [GC [PSYoungGen: 19071K->832K(19968K)] 35660K->17485K(45568K), 0.0004810 secs] [Times: user=0.01 sys=0.00, real=0.00 secs] 
272.032: Total time for which application threads were stopped: 0.0022030 seconds, Stopping threads took: 0.0016600 seconds
272.100: Application time: 0.0678580 seconds
272.100: [GC [PSYoungGen: 19261K->512K(19968K)] 35915K->17450K(45568K), 0.0004840 secs] [Times: user=0.00 sys=0.00, real=0.00 secs] 
272.101: Total time for which application threads were stopped: 0.0006120 seconds, Stopping threads took: 0.0000680 seconds
272.180: Application time: 0.0797450 seconds
272.184: [GC [PSYoungGen: 18941K->352K(19968K)] 35880K->17506K(45568K), 0.0004300 secs] [Times: user=0.00 sys=0.00, real=0.00 secs] 
272.184: Total time for which application threads were stopped: 0.0037370 seconds, Stopping threads took: 0.0032390 seconds
272.265: Application time: 0.0812530 seconds
272.266: [GC [PSYoungGen: 18781K->0K(19968K)] 35936K->17370K(45568K), 0.0004240 secs] [Times: user=0.00 sys=0.00, real=0.00 secs] 
272.266: Total time for which application threads were stopped: 0.0005600 seconds, Stopping threads took: 0.0000720 seconds
272.346: Application time: 0.0797650 seconds
272.346: [GC [PSYoungGen: 18429K->352K(18944K)] 35800K->17722K(44544K), 0.0004060 secs] [Times: user=0.00 sys=0.00, real=0.00 secs] 
272.346: Total time for which application threads were stopped: 0.0005280 seconds, Stopping threads took: 0.0000600 seconds
272.426: Application time: 0.0792900 seconds
272.426: [GC [PSYoungGen: 18781K->544K(19456K)] 36151K->17930K(45056K), 0.0004540 secs] [Times: user=0.00 sys=0.00, real=0.00 secs] 
272.427: Total time for which application threads were stopped: 0.0017260 seconds, Stopping threads took: 0.0000930 seconds
272.504: Application time: 0.0763750 seconds
272.504: [GC [PSYoungGen: 18974K->544K(19456K)] 36360K->18339K(45056K), 0.0005400 secs] [Times: user=0.00 sys=0.00, real=0.00 secs] 
272.504: Total time for which application threads were stopped: 0.0006680 seconds, Stopping threads took: 0.0000610 seconds
272.561: Application time: 0.0568790 seconds
272.561: [GC [PSYoungGen: 18973K->544K(19456K)] 36769K->18592K(45056K), 0.0005350 secs] [Times: user=0.00 sys=0.00, real=0.00 secs] 
272.562: Total time for which application threads were stopped: 0.0006470 seconds, Stopping threads took: 0.0000450 seconds
272.631: Application time: 0.0695470 seconds
272.632: [GC [PSYoungGen: 18971K->512K(19456K)] 37019K->18624K(45056K), 0.0004360 secs] [Times: user=0.00 sys=0.00, real=0.01 secs] 
272.632: Total time for which application threads were stopped: 0.0005510 seconds, Stopping threads took: 0.0000480 seconds
272.713: Application time: 0.0808520 seconds
272.713: [GC [PSYoungGen: 18941K->320K(19456K)] 37053K->18660K(45056K), 0.0004450 secs] [Times: user=0.00 sys=0.00, real=0.00 secs] 
272.713: Total time for which application threads were stopped: 0.0005650 seconds, Stopping threads took: 0.0000560 seconds
272.795: Application time: 0.0814350 seconds
272.795: [GC [PSYoungGen: 18750K->0K(19456K)] 37090K->18561K(45056K), 0.0004080 secs] [Times: user=0.00 sys=0.00, real=0.00 secs] 
272.795: Total time for which application threads were stopped: 0.0005210 seconds, Stopping threads took: 0.0000490 seconds
272.864: Application time: 0.0685850 seconds
272.864: [GC [PSYoungGen: 18431K->320K(19456K)] 36992K->18881K(45056K), 0.0004220 secs] [Times: user=0.00 sys=0.00, real=0.00 secs] 
272.865: Total time for which application threads were stopped: 0.0005390 seconds, Stopping threads took: 0.0000600 seconds
272.928: Application time: 0.0632400 seconds
272.928: [GC [PSYoungGen: 18748K->992K(19456K)] 37309K->19577K(45056K), 0.0005400 secs] [Times: user=0.01 sys=0.00, real=0.00 secs] 
272.928: Total time for which application threads were stopped: 0.0006550 seconds, Stopping threads took: 0.0000450 seconds
272.976: Application time: 0.0476410 seconds
272.976: [GC [PSYoungGen: 19419K->1248K(19968K)] 38005K->19857K(45568K), 0.0005340 secs] [Times: user=0.01 sys=0.00, real=0.00 secs] 
272.977: Total time for which application threads were stopped: 0.0006750 seconds, Stopping threads took: 0.0000790 seconds
273.055: Application time: 0.0779410 seconds
273.055: [GC [PSYoungGen: 19675K->512K(19968K)] 38285K->19726K(45568K), 0.0005370 secs] [Times: user=0.00 sys=0.00, real=0.00 secs] 
273.055: Total time for which application threads were stopped: 0.0006610 seconds, Stopping threads took: 0.0000620 seconds
273.137: Application time: 0.0815450 seconds
273.137: [GC [PSYoungGen: 18942K->0K(19968K)] 38157K->19663K(45568K), 0.0004580 secs] [Times: user=0.00 sys=0.00, real=0.00 secs] 
273.137: Total time for which application threads were stopped: 0.0005710 seconds, Stopping threads took: 0.0000520 seconds
273.219: Application time: 0.0811200 seconds
273.219: [GC [PSYoungGen: 18430K->0K(19968K)] 38094K->19663K(45568K), 0.0003820 secs] [Times: user=0.00 sys=0.00, real=0.00 secs] 
273.219: Total time for which application threads were stopped: 0.0005010 seconds, Stopping threads took: 0.0000620 seconds
273.298: Application time: 0.0790800 seconds
273.298: [GC [PSYoungGen: 18428K->384K(19968K)] 38092K->20047K(45568K), 0.0003930 secs] [Times: user=0.00 sys=0.00, real=0.00 secs] 
273.299: Total time for which application threads were stopped: 0.0005060 seconds, Stopping threads took: 0.0000550 seconds
273.376: Application time: 0.0776300 seconds
273.376: [GC [PSYoungGen: 18813K->608K(19968K)] 38477K->20528K(45568K), 0.0004970 secs] [Times: user=0.01 sys=0.00, real=0.00 secs] 
273.377: Total time for which application threads were stopped: 0.0006180 seconds, Stopping threads took: 0.0000610 seconds
273.459: Application time: 0.0825210 seconds
273.460: [GC [PSYoungGen: 19038K->0K(19968K)] 38958K->20361K(45568K), 0.0004410 secs] [Times: user=0.00 sys=0.00, real=0.01 secs] 
273.460: Total time for which application threads were stopped: 0.0005630 seconds, Stopping threads took: 0.0000520 seconds
273.542: Application time: 0.0823790 seconds
273.543: [GC [PSYoungGen: 18430K->0K(19968K)] 38791K->20361K(45568K), 0.0003510 secs] [Times: user=0.00 sys=0.00, real=0.00 secs] 
273.543: Total time for which application threads were stopped: 0.0004750 seconds, Stopping threads took: 0.0000650 seconds
273.625: Application time: 0.0819160 seconds
273.625: [GC [PSYoungGen: 18430K->0K(19968K)] 38791K->20361K(45568K), 0.0004270 secs] [Times: user=0.00 sys=0.00, real=0.00 secs] 
273.625: Total time for which application threads were stopped: 0.0005420 seconds, Stopping threads took: 0.0000520 seconds
273.680: Application time: 0.0541680 seconds
273.680: [GC [PSYoungGen: 18429K->544K(19968K)] 38790K->20905K(45568K), 0.0004120 secs] [Times: user=0.00 sys=0.00, real=0.01 secs] 
273.680: Total time for which application threads were stopped: 0.0005350 seconds, Stopping threads took: 0.0000590 seconds
273.743: Application time: 0.0631840 seconds
273.743: [GC [PSYoungGen: 18974K->768K(19968K)] 39335K->21145K(45568K), 0.0004880 secs] [Times: user=0.00 sys=0.00, real=0.00 secs] 
273.744: Total time for which application threads were stopped: 0.0005990 seconds, Stopping threads took: 0.0000500 seconds
273.807: Application time: 0.0631040 seconds
273.807: [GC [PSYoungGen: 19198K->768K(19968K)] 39575K->21233K(45568K), 0.0004710 secs] [Times: user=0.00 sys=0.00, real=0.00 secs] 
273.808: Total time for which application threads were stopped: 0.0006040 seconds, Stopping threads took: 0.0000720 seconds
273.887: Application time: 0.0794640 seconds
273.887: [GC [PSYoungGen: 19196K->384K(19968K)] 39661K->21290K(45568K), 0.0004860 secs] [Times: user=0.01 sys=0.00, real=0.00 secs] 
273.888: Total time for which application threads were stopped: 0.0006130 seconds, Stopping threads took: 0.0000640 seconds
273.968: Application time: 0.0808270 seconds
273.969: [GC [PSYoungGen: 18811K->0K(19968K)] 39718K->21122K(45568K), 0.0004290 secs] [Times: user=0.00 sys=0.00, real=0.00 secs] 
273.969: Total time for which application threads were stopped: 0.0005660 seconds, Stopping threads took: 0.0000640 seconds
274.050: Application time: 0.0806630 seconds
274.050: [GC [PSYoungGen: 18427K->0K(19968K)] 39550K->21122K(45568K), 0.0003980 secs] [Times: user=0.00 sys=0.00, real=0.00 secs] 
274.050: Total time for which application threads were stopped: 0.0005090 seconds, Stopping threads took: 0.0000480 seconds
274.128: Application time: 0.0773220 seconds
274.128: [GC [PSYoungGen: 18429K->480K(19968K)] 39551K->21602K(45568K), 0.0004410 secs] [Times: user=0.00 sys=0.00, real=0.00 secs] 
274.128: Total time for which application threads were stopped: 0.0005530 seconds, Stopping threads took: 0.0000500 seconds
274.208: Application time: 0.0798660 seconds
274.208: [GC [PSYoungGen: 18910K->416K(19968K)] 40032K->21971K(45568K), 0.0004720 secs] [Times: user=0.00 sys=0.00, real=0.00 secs] 
274.209: Total time for which application threads were stopped: 0.0005900 seconds, Stopping threads took: 0.0000560 seconds
274.261: Application time: 0.0523000 seconds
274.261: [GC [PSYoungGen: 18843K->576K(19968K)] 40399K->22352K(45568K), 0.0005350 secs] [Times: user=0.00 sys=0.00, real=0.00 secs] 
274.262: Total time for which application threads were stopped: 0.0006730 seconds, Stopping threads took: 0.0000740 seconds
274.331: Application time: 0.0694260 seconds
274.331: [GC [PSYoungGen: 19004K->544K(19968K)] 40780K->22424K(45568K), 0.0004600 secs] [Times: user=0.00 sys=0.00, real=0.00 secs] 
274.332: Total time for which application threads were stopped: 0.0005750 seconds, Stopping threads took: 0.0000540 seconds
274.412: Application time: 0.0801690 seconds
274.412: [GC [PSYoungGen: 18975K->352K(19968K)] 40855K->22452K(45568K), 0.0004550 secs] [Times: user=0.00 sys=0.00, real=0.00 secs] 
274.412: Total time for which application threads were stopped: 0.0006020 seconds, Stopping threads took: 0.0000840 seconds
274.494: Application time: 0.0815130 seconds
274.494: [GC [PSYoungGen: 18782K->0K(19968K)] 40882K->22308K(45568K), 0.0004150 secs] [Times: user=0.00 sys=0.00, real=0.00 secs] 
274.494: Total time for which application threads were stopped: 0.0005400 seconds, Stopping threads took: 0.0000550 seconds
274.568: Application time: 0.0735610 seconds
274.568: [GC [PSYoungGen: 18432K->384K(18944K)] 40740K->22692K(44544K), 0.0004420 secs] [Times: user=0.00 sys=0.00, real=0.00 secs] 
274.568: Total time for which application threads were stopped: 0.0005510 seconds, Stopping threads took: 0.0000470 seconds
274.633: Application time: 0.0644010 seconds
274.633: [GC [PSYoungGen: 18811K->736K(18944K)] 41120K->23060K(44544K), 0.0004860 secs] [Times: user=0.00 sys=0.00, real=0.00 secs] 
274.633: Total time for which application threads were stopped: 0.0006050 seconds, Stopping threads took: 0.0000580 seconds
274.677: Application time: 0.0430230 seconds
274.677: [GC [PSYoungGen: 18651K->1120K(19456K)] 40976K->23460K(45056K), 0.0005300 secs] [Times: user=0.00 sys=0.00, real=0.00 secs] 
274.677: Total time for which application threads were stopped: 0.0006390 seconds, Stopping threads took: 0.0000470 seconds
274.749: Application time: 0.0721360 seconds
274.749: [GC [PSYoungGen: 19035K->768K(19456K)] 41376K->23509K(45056K), 0.0005560 secs] [Times: user=0.01 sys=0.00, real=0.00 secs] 
274.750: Total time for which application threads were stopped: 0.0006650 seconds, Stopping threads took: 0.0000490 seconds
274.830: Application time: 0.0799060 seconds
274.830: [GC [PSYoungGen: 18686K->0K(19456K)] 41427K->23370K(45056K), 0.0005160 secs] [Times: user=0.00 sys=0.00, real=0.00 secs] 
274.831: Total time for which application threads were stopped: 0.0006380 seconds, Stopping threads took: 0.0000600 seconds
274.910: Application time: 0.0795980 seconds
274.910: [GC [PSYoungGen: 17916K->0K(19456K)] 41286K->23370K(45056K), 0.0003790 secs] [Times: user=0.00 sys=0.00, real=0.00 secs] 
274.911: Total time for which application threads were stopped: 0.0005020 seconds, Stopping threads took: 0.0000630 seconds
274.989: Application time: 0.0785640 seconds
274.989: [GC [PSYoungGen: 17917K->256K(19456K)] 41288K->23626K(45056K), 0.0004540 secs] [Times: user=0.00 sys=0.00, real=0.00 secs] 
274.990: Total time for which application threads were stopped: 0.0005940 seconds, Stopping threads took: 0.0000770 seconds
275.066: Application time: 0.0760850 seconds
275.066: [GC [PSYoungGen: 18171K->720K(19456K)] 41542K->24098K(45056K), 0.0005380 secs] [Times: user=0.00 sys=0.00, real=0.00 secs] 
275.067: Total time for which application threads were stopped: 0.0006610 seconds, Stopping threads took: 0.0000550 seconds
275.145: Application time: 0.0780250 seconds
275.145: [GC [PSYoungGen: 18639K->416K(19456K)] 42018K->24063K(45056K), 0.0005470 secs] [Times: user=0.00 sys=0.00, real=0.00 secs] 
275.145: Total time for which application threads were stopped: 0.0006780 seconds, Stopping threads took: 0.0000650 seconds
275.225: Application time: 0.0801090 seconds
275.225: [GC [PSYoungGen: 18332K->0K(19456K)] 41979K->24064K(45056K), 0.0004400 secs] [Times: user=0.00 sys=0.00, real=0.00 secs] 
275.226: Total time for which application threads were stopped: 0.0005550 seconds, Stopping threads took: 0.0000510 seconds
275.306: Application time: 0.0797910 seconds
275.306: [GC [PSYoungGen: 17916K->0K(19456K)] 41980K->24064K(45056K), 0.0004220 secs] [Times: user=0.00 sys=0.00, real=0.00 secs] 
275.306: Total time for which application threads were stopped: 0.0005430 seconds, Stopping threads took: 0.0000620 seconds
275.377: Application time: 0.0712330 seconds
275.380: [GC [PSYoungGen: 17917K->544K(19456K)] 41981K->24608K(45056K), 0.0004410 secs] [Times: user=0.00 sys=0.00, real=0.00 secs] 
275.380: Total time for which application threads were stopped: 0.0027620 seconds, Stopping threads took: 0.0022560 seconds
275.434: Application time: 0.0534490 seconds
275.434: [GC [PSYoungGen: 18461K->576K(19456K)] 42525K->24648K(45056K), 0.0004660 secs] [Times: user=0.00 sys=0.00, real=0.00 secs] 
275.434: Total time for which application threads were stopped: 0.0005720 seconds, Stopping threads took: 0.0000450 seconds
275.498: Application time: 0.0636520 seconds
275.498: [GC [PSYoungGen: 18495K->576K(19456K)] 42567K->24936K(45056K), 0.0004980 secs] [Times: user=0.01 sys=0.00, real=0.00 secs] 
275.499: Total time for which application threads were stopped: 0.0006350 seconds, Stopping threads took: 0.0000720 seconds
275.581: Application time: 0.0822560 seconds
275.581: [GC [PSYoungGen: 18495K->576K(19456K)] 42855K->25189K(45056K), 0.0005320 secs] [Times: user=0.01 sys=0.00, real=0.00 secs] 
275.581: Total time for which application threads were stopped: 0.0006730 seconds, Stopping threads took: 0.0000570 seconds
275.668: Application time: 0.0862740 seconds
275.668: [GC [PSYoungGen: 18492K->0K(19456K)] 43105K->25014K(45056K), 0.0005450 secs] [Times: user=0.01 sys=0.00, real=0.00 secs] 
275.668: [Full GC [PSYoungGen: 0K->0K(19456K)] [ParOldGen: 25014K->4433K(25088K)] 25014K->4433K(44544K) [PSPermGen: 5580K->5580K(21504K)], 0.0062940 secs] [Times: user=0.02 sys=0.00, real=0.01 secs] 
275.675: Total time for which application threads were stopped: 0.0070230 seconds, Stopping threads took: 0.0000700 seconds
275.762: Application time: 0.0868070 seconds
275.762: [GC [PSYoungGen: 17918K->0K(19456K)] 22351K->4433K(44544K), 0.0004280 secs] [Times: user=0.00 sys=0.00, real=0.00 secs] 
275.762: Total time for which application threads were stopped: 0.0005480 seconds, Stopping threads took: 0.0000590 seconds
275.847: Application time: 0.0849370 seconds
275.847: [GC [PSYoungGen: 17919K->352K(19456K)] 22352K->4785K(44544K), 0.0004150 secs] [Times: user=0.00 sys=0.00, real=0.00 secs] 
275.848: Total time for which application threads were stopped: 0.0005450 seconds, Stopping threads took: 0.0000630 seconds
275.932: Application time: 0.0839660 seconds
275.932: [GC [PSYoungGen: 18270K->576K(19456K)] 22703K->5229K(44544K), 0.0004690 secs] [Times: user=0.00 sys=0.00, real=0.01 secs] 
275.932: Total time for which application threads were stopped: 0.0005940 seconds, Stopping threads took: 0.0000630 seconds
276.010: Application time: 0.0773740 seconds
276.010: [GC [PSYoungGen: 18495K->544K(19456K)] 23148K->5421K(44544K), 0.0004710 secs] [Times: user=0.00 sys=0.00, real=0.00 secs] 
276.010: Total time for which application threads were stopped: 0.0005920 seconds, Stopping threads took: 0.0000570 seconds
276.063: Application time: 0.0525400 seconds
276.063: [GC [PSYoungGen: 18445K->416K(18432K)] 23323K->5546K(43520K), 0.0005090 secs] [Times: user=0.00 sys=0.00, real=0.00 secs] 
276.063: Total time for which application threads were stopped: 0.0006370 seconds, Stopping threads took: 0.0000650 seconds
276.146: Application time: 0.0829000 seconds
276.146: [GC [PSYoungGen: 18334K->544K(18944K)] 23465K->5738K(44032K), 0.0004220 secs] [Times: user=0.00 sys=0.00, real=0.00 secs] 
276.147: Total time for which application threads were stopped: 0.0005600 seconds, Stopping threads took: 0.0000630 seconds
276.234: Application time: 0.0868880 seconds
276.234: [GC [PSYoungGen: 18460K->0K(18944K)] 23654K->5610K(44032K), 0.0004230 secs] [Times: user=0.00 sys=0.00, real=0.00 secs] 
276.234: Total time for which application threads were stopped: 0.0005580 seconds, Stopping threads took: 0.0000670 seconds
276.321: Application time: 0.0870130 seconds
276.321: [GC [PSYoungGen: 17916K->0K(18944K)] 23526K->5610K(44032K), 0.0003410 secs] [Times: user=0.00 sys=0.00, real=0.00 secs] 
276.322: Total time for which application threads were stopped: 0.0004810 seconds, Stopping threads took: 0.0000770 seconds
276.394: Application time: 0.0718580 seconds
276.394: [GC [PSYoungGen: 17918K->384K(18944K)] 23528K->5994K(44032K), 0.0004080 secs] [Times: user=0.00 sys=0.00, real=0.00 secs] 
276.394: Total time for which application threads were stopped: 0.0005340 seconds, Stopping threads took: 0.0000650 seconds
276.464: Application time: 0.0701980 seconds
276.464: [GC [PSYoungGen: 18299K->928K(18432K)] 23909K->6546K(43520K), 0.0005690 secs] [Times: user=0.00 sys=0.00, real=0.00 secs] 
276.465: Total time for which application threads were stopped: 0.0006950 seconds, Stopping threads took: 0.0000640 seconds
276.511: Application time: 0.0462810 seconds
276.511: [GC [PSYoungGen: 18335K->1120K(18944K)] 23953K->6746K(44032K), 0.0005930 secs] [Times: user=0.01 sys=0.00, real=0.01 secs] 
276.512: Total time for which application threads were stopped: 0.0007220 seconds, Stopping threads took: 0.0000660 seconds
276.592: Application time: 0.0795760 seconds
276.592: [GC [PSYoungGen: 18526K->544K(18944K)] 24152K->6779K(44032K), 0.0006080 secs] [Times: user=0.00 sys=0.00, real=0.00 secs] 
276.592: Total time for which application threads were stopped: 0.0007420 seconds, Stopping threads took: 0.0000690 seconds
276.676: Application time: 0.0835710 seconds
276.676: [GC [PSYoungGen: 17949K->0K(18944K)] 24185K->6676K(44032K), 0.0004690 secs] [Times: user=0.00 sys=0.00, real=0.00 secs] 
276.677: Total time for which application threads were stopped: 0.0006060 seconds, Stopping threads took: 0.0000590 seconds
276.760: Application time: 0.0835760 seconds
276.760: [GC [PSYoungGen: 17405K->0K(18944K)] 24082K->6676K(44032K), 0.0004050 secs] [Times: user=0.00 sys=0.00, real=0.00 secs] 
276.761: Total time for which application threads were stopped: 0.0005270 seconds, Stopping threads took: 0.0000600 seconds
276.842: Application time: 0.0813480 seconds
276.842: [GC [PSYoungGen: 17404K->384K(18944K)] 24081K->7060K(44032K), 0.0004010 secs] [Times: user=0.00 sys=0.00, real=0.00 secs] 
276.843: Total time for which application threads were stopped: 0.0005100 seconds, Stopping threads took: 0.0000480 seconds
276.925: Application time: 0.0825860 seconds
276.925: [GC [PSYoungGen: 17790K->320K(18944K)] 24466K->7244K(44032K), 0.0004690 secs] [Times: user=0.00 sys=0.00, real=0.00 secs] 
276.926: Total time for which application threads were stopped: 0.0005920 seconds, Stopping threads took: 0.0000610 seconds
277.008: Application time: 0.0818370 seconds
277.008: [GC [PSYoungGen: 17726K->544K(18944K)] 24651K->7524K(44032K), 0.0004260 secs] [Times: user=0.00 sys=0.00, real=0.00 secs] 
277.008: Total time for which application threads were stopped: 0.0005500 seconds, Stopping threads took: 0.0000570 seconds
277.093: Application time: 0.0852290 seconds
277.093: [GC [PSYoungGen: 17949K->0K(18944K)] 24930K->7393K(44032K), 0.0004540 secs] [Times: user=0.00 sys=0.00, real=0.00 secs] 
277.094: Total time for which application threads were stopped: 0.0005870 seconds, Stopping threads took: 0.0000710 seconds
277.179: Application time: 0.0849110 seconds
277.179: [GC [PSYoungGen: 17405K->0K(18944K)] 24798K->7393K(44032K), 0.0004340 secs] [Times: user=0.00 sys=0.00, real=0.00 secs] 
277.179: Total time for which application threads were stopped: 0.0005720 seconds, Stopping threads took: 0.0000680 seconds
277.253: Application time: 0.0737930 seconds
277.253: [GC [PSYoungGen: 17406K->384K(17920K)] 24799K->7777K(43008K), 0.0004480 secs] [Times: user=0.00 sys=0.00, real=0.00 secs] 
277.254: Total time for which application threads were stopped: 0.0005670 seconds, Stopping threads took: 0.0000550 seconds
277.307: Application time: 0.0534630 seconds
277.307: [GC [PSYoungGen: 17791K->512K(18432K)] 25184K->7913K(43520K), 0.0004390 secs] [Times: user=0.00 sys=0.00, real=0.00 secs] 
277.308: Total time for which application threads were stopped: 0.0005820 seconds, Stopping threads took: 0.0000790 seconds
277.372: Application time: 0.0640350 seconds
277.372: [GC [PSYoungGen: 17916K->768K(17920K)] 25317K->8217K(43008K), 0.0005010 secs] [Times: user=0.00 sys=0.00, real=0.00 secs] 
277.372: Total time for which application threads were stopped: 0.0006250 seconds, Stopping threads took: 0.0000590 seconds
277.446: Application time: 0.0739910 seconds
277.447: [GC [PSYoungGen: 17659K->544K(18432K)] 25108K->8277K(43520K), 0.0004990 secs] [Times: user=0.01 sys=0.00, real=0.00 secs] 
277.450: Total time for which application threads were stopped: 0.0032820 seconds, Stopping threads took: 0.0000610 seconds
277.530: Application time: 0.0801920 seconds
277.530: [GC [PSYoungGen: 17439K->320K(18432K)] 25173K->8290K(43520K), 0.0004740 secs] [Times: user=0.00 sys=0.00, real=0.00 secs] 
277.531: Total time for which application threads were stopped: 0.0005980 seconds, Stopping threads took: 0.0000640 seconds
277.613: Application time: 0.0821560 seconds
277.613: [GC [PSYoungGen: 17216K->0K(18432K)] 25186K->8190K(43520K), 0.0004190 secs] [Times: user=0.00 sys=0.00, real=0.00 secs] 
277.613: Total time for which application threads were stopped: 0.0005490 seconds, Stopping threads took: 0.0000650 seconds
277.694: Application time: 0.0808060 seconds
277.694: [GC [PSYoungGen: 16893K->352K(17408K)] 25083K->8542K(42496K), 0.0004490 secs] [Times: user=0.00 sys=0.00, real=0.00 secs] 
277.695: Total time for which application threads were stopped: 0.0005800 seconds, Stopping threads took: 0.0000580 seconds
277.774: Application time: 0.0794320 seconds
277.774: [GC [PSYoungGen: 17247K->576K(17920K)] 25438K->8782K(43008K), 0.0004420 secs] [Times: user=0.00 sys=0.00, real=0.00 secs] 
277.775: Total time for which application threads were stopped: 0.0005630 seconds, Stopping threads took: 0.0000590 seconds
277.855: Application time: 0.0806720 seconds
277.855: [GC [PSYoungGen: 17471K->320K(17920K)] 25678K->8936K(43008K), 0.0004580 secs] [Times: user=0.00 sys=0.00, real=0.00 secs] 
277.856: Total time for which application threads were stopped: 0.0005830 seconds, Stopping threads took: 0.0000610 seconds
277.916: Application time: 0.0599430 seconds
277.916: [GC [PSYoungGen: 17215K->544K(17920K)] 25831K->9372K(43008K), 0.0004830 secs] [Times: user=0.00 sys=0.00, real=0.00 secs] 
277.916: Total time for which application threads were stopped: 0.0005990 seconds, Stopping threads took: 0.0000490 seconds
277.976: Application time: 0.0600050 seconds
277.977: [GC [PSYoungGen: 17436K->576K(17920K)] 26264K->9460K(43008K), 0.0004720 secs] [Times: user=0.00 sys=0.00, real=0.00 secs] 
277.977: Total time for which application threads were stopped: 0.0005860 seconds, Stopping threads took: 0.0000490 seconds
278.056: Application time: 0.0794340 seconds
278.057: [GC [PSYoungGen: 17470K->544K(17920K)] 26355K->9492K(43008K), 0.0004540 secs] [Times: user=0.00 sys=0.00, real=0.00 secs] 
278.057: Total time for which application threads were stopped: 0.0005840 seconds, Stopping threads took: 0.0000690 seconds
278.139: Application time: 0.0823560 seconds
278.139: [GC [PSYoungGen: 17440K->0K(17920K)] 26388K->9484K(43008K), 0.0004710 secs] [Times: user=0.01 sys=0.00, real=0.01 secs] 
278.140: Total time for which application threads were stopped: 0.0005910 seconds, Stopping threads took: 0.0000530 seconds
278.222: Application time: 0.0818330 seconds
278.222: [GC [PSYoungGen: 16893K->0K(17920K)] 26378K->9484K(43008K), 0.0003680 secs] [Times: user=0.00 sys=0.00, real=0.00 secs] 
278.222: Total time for which application threads were stopped: 0.0004910 seconds, Stopping threads took: 0.0000500 seconds
278.284: Application time: 0.0613940 seconds
278.284: [GC [PSYoungGen: 16896K->160K(17920K)] 26380K->9644K(43008K), 0.0004250 secs] [Times: user=0.00 sys=0.00, real=0.00 secs] 
278.284: Total time for which application threads were stopped: 0.0005380 seconds, Stopping threads took: 0.0000490 seconds
278.361: Application time: 0.0771740 seconds
278.362: [GC [PSYoungGen: 17055K->576K(17920K)] 26539K->10068K(43008K), 0.0004370 secs] [Times: user=0.00 sys=0.00, real=0.00 secs] 
278.362: Total time for which application threads were stopped: 0.0005480 seconds, Stopping threads took: 0.0000460 seconds
278.409: Application time: 0.0466220 seconds
278.412: [GC [PSYoungGen: 17468K->704K(17408K)] 26960K->10609K(42496K), 0.0005860 secs] [Times: user=0.01 sys=0.00, real=0.00 secs] 
278.412: Total time for which application threads were stopped: 0.0037830 seconds, Stopping threads took: 0.0031310 seconds
278.481: Application time: 0.0685380 seconds
278.481: [GC [PSYoungGen: 17086K->544K(17920K)] 26991K->10673K(43008K), 0.0005100 secs] [Times: user=0.00 sys=0.00, real=0.00 secs] 
278.482: Total time for which application threads were stopped: 0.0006340 seconds, Stopping threads took: 0.0000580 seconds
278.558: Application time: 0.0764580 seconds
278.558: [GC [PSYoungGen: 16923K->512K(17408K)] 27053K->10665K(42496K), 0.0004470 secs] [Times: user=0.01 sys=0.00, real=0.00 secs] 
278.559: Total time for which application threads were stopped: 0.0005740 seconds, Stopping threads took: 0.0000600 seconds
278.638: Application time: 0.0790020 seconds
278.638: [GC [PSYoungGen: 16891K->0K(17408K)] 27045K->10609K(42496K), 0.0004700 secs] [Times: user=0.00 sys=0.00, real=0.00 secs] 
278.638: Total time for which application threads were stopped: 0.0006070 seconds, Stopping threads took: 0.0000640 seconds
278.716: Application time: 0.0779620 seconds
278.716: [GC [PSYoungGen: 16379K->160K(16896K)] 26989K->10769K(41984K), 0.0004550 secs] [Times: user=0.00 sys=0.00, real=0.00 secs] 
278.717: Total time for which application threads were stopped: 0.0005700 seconds, Stopping threads took: 0.0000520 seconds
278.795: Application time: 0.0786920 seconds
278.796: [GC [PSYoungGen: 16542K->352K(17408K)] 27151K->10977K(42496K), 0.0004100 secs] [Times: user=0.00 sys=0.00, real=0.00 secs] 
278.796: Total time for which application threads were stopped: 0.0005530 seconds, Stopping threads took: 0.0000670 seconds
278.872: Application time: 0.0755410 seconds
278.872: [GC [PSYoungGen: 16735K->544K(17408K)] 27360K->11414K(42496K), 0.0004810 secs] [Times: user=0.01 sys=0.00, real=0.01 secs] 
278.872: Total time for which application threads were stopped: 0.0005970 seconds, Stopping threads took: 0.0000540 seconds
278.952: Application time: 0.0800050 seconds
278.952: [GC [PSYoungGen: 16927K->0K(17408K)] 27797K->11434K(42496K), 0.0004910 secs] [Times: user=0.01 sys=0.00, real=0.00 secs] 
278.953: Total time for which application threads were stopped: 0.0006490 seconds, Stopping threads took: 0.0000950 seconds
279.033: Application time: 0.0801480 seconds
279.033: [GC [PSYoungGen: 16381K->0K(17408K)] 27816K->11434K(42496K), 0.0003770 secs] [Times: user=0.00 sys=0.00, real=0.00 secs] 
279.033: Total time for which application threads were stopped: 0.0004920 seconds, Stopping threads took: 0.0000530 seconds
279.111: Application time: 0.0778850 seconds
279.111: [GC [PSYoungGen: 16382K->256K(17408K)] 27817K->11690K(42496K), 0.0004490 secs] [Times: user=0.01 sys=0.00, real=0.01 secs] 
279.112: Total time for which application threads were stopped: 0.0005560 seconds, Stopping threads took: 0.0000440 seconds
279.160: Application time: 0.0485240 seconds
279.160: [GC [PSYoungGen: 16638K->560K(17408K)] 28073K->12010K(42496K), 0.0005120 secs] [Times: user=0.01 sys=0.00, real=0.00 secs] 
279.161: Total time for which application threads were stopped: 0.0006340 seconds, Stopping threads took: 0.0000550 seconds
279.221: Application time: 0.0599810 seconds
279.221: [GC [PSYoungGen: 16940K->640K(17408K)] 28390K->12338K(42496K), 0.0005300 secs] [Times: user=0.00 sys=0.00, real=0.00 secs] 
279.222: Total time for which application threads were stopped: 0.0006340 seconds, Stopping threads took: 0.0000410 seconds
279.284: Application time: 0.0620290 seconds
279.284: [GC [PSYoungGen: 17023K->704K(16896K)] 28722K->12490K(41984K), 0.0005690 secs] [Times: user=0.00 sys=0.00, real=0.00 secs] 
279.284: Total time for which application threads were stopped: 0.0006860 seconds, Stopping threads took: 0.0000540 seconds
279.360: Application time: 0.0752550 seconds
279.360: [GC [PSYoungGen: 16573K->224K(16384K)] 28360K->12411K(41472K), 0.0005740 secs] [Times: user=0.01 sys=0.00, real=0.00 secs] 
279.360: Total time for which application threads were stopped: 0.0006980 seconds, Stopping threads took: 0.0000470 seconds
279.431: Application time: 0.0711000 seconds
279.432: [GC [PSYoungGen: 16093K->0K(16896K)] 28281K->12400K(41984K), 0.0004010 secs] [Times: user=0.00 sys=0.00, real=0.01 secs] 
279.432: Total time for which application threads were stopped: 0.0005340 seconds, Stopping threads took: 0.0000720 seconds
279.502: Application time: 0.0700970 seconds
279.502: [GC [PSYoungGen: 15869K->0K(16896K)] 28270K->12400K(41984K), 0.0003640 secs] [Times: user=0.00 sys=0.00, real=0.00 secs] 
279.503: Total time for which application threads were stopped: 0.0004750 seconds, Stopping threads took: 0.0000520 seconds
279.571: Application time: 0.0687350 seconds
279.571: [GC [PSYoungGen: 15869K->352K(16896K)] 28270K->12752K(41984K), 0.0004090 secs] [Times: user=0.01 sys=0.00, real=0.01 secs] 
279.572: Total time for which application threads were stopped: 0.0005210 seconds, Stopping threads took: 0.0000500 seconds
279.638: Application time: 0.0663760 seconds
279.638: [GC [PSYoungGen: 16220K->704K(16896K)] 28620K->13120K(41984K), 0.0004820 secs] [Times: user=0.00 sys=0.00, real=0.00 secs] 
279.639: Total time for which application threads were stopped: 0.0006170 seconds, Stopping threads took: 0.0000720 seconds
279.708: Application time: 0.0693370 seconds
279.708: [GC [PSYoungGen: 16573K->384K(16384K)] 28990K->13204K(41472K), 0.0004770 secs] [Times: user=0.00 sys=0.00, real=0.00 secs] 
279.709: Total time for which application threads were stopped: 0.0005910 seconds, Stopping threads took: 0.0000520 seconds
279.762: Application time: 0.0529120 seconds
279.762: [GC [PSYoungGen: 16252K->576K(16896K)] 29073K->13629K(41984K), 0.0004730 secs] [Times: user=0.01 sys=0.00, real=0.00 secs] 
279.762: Total time for which application threads were stopped: 0.0005830 seconds, Stopping threads took: 0.0000460 seconds
279.810: Application time: 0.0472980 seconds
279.810: [GC [PSYoungGen: 16446K->608K(16896K)] 29499K->13725K(41984K), 0.0004520 secs] [Times: user=0.01 sys=0.00, real=0.00 secs] 
279.810: Total time for which application threads were stopped: 0.0005610 seconds, Stopping threads took: 0.0000440 seconds
279.878: Application time: 0.0674660 seconds
279.878: [GC [PSYoungGen: 16477K->512K(16896K)] 29594K->13693K(41984K), 0.0004640 secs] [Times: user=0.01 sys=0.00, real=0.00 secs] 
279.878: Total time for which application threads were stopped: 0.0005840 seconds, Stopping threads took: 0.0000520 seconds
279.948: Application time: 0.0699780 seconds
279.948: [GC [PSYoungGen: 16381K->0K(16896K)] 29562K->13589K(41984K), 0.0004310 secs] [Times: user=0.00 sys=0.00, real=0.00 secs] 
279.949: Total time for which application threads were stopped: 0.0005560 seconds, Stopping threads took: 0.0000650 seconds
280.018: Application time: 0.0696990 seconds
280.018: [GC [PSYoungGen: 15871K->0K(16896K)] 29461K->13589K(41984K), 0.0004350 secs] [Times: user=0.00 sys=0.00, real=0.00 secs] 
280.019: Total time for which application threads were stopped: 0.0005570 seconds, Stopping threads took: 0.0000630 seconds
280.075: Application time: 0.0559490 seconds
280.075: [GC [PSYoungGen: 15870K->384K(16896K)] 29459K->13973K(41984K), 0.0004050 secs] [Times: user=0.00 sys=0.00, real=0.00 secs] 
280.075: Total time for which application threads were stopped: 0.0005220 seconds, Stopping threads took: 0.0000580 seconds
280.139: Application time: 0.0631750 seconds
280.139: [GC [PSYoungGen: 16253K->352K(16896K)] 29842K->13957K(41984K), 0.0003900 secs] [Times: user=0.00 sys=0.00, real=0.00 secs] 
280.139: Total time for which application threads were stopped: 0.0005210 seconds, Stopping threads took: 0.0000670 seconds
280.193: Application time: 0.0536030 seconds
280.193: [GC [PSYoungGen: 16219K->992K(16384K)] 29824K->14749K(41472K), 0.0005390 secs] [Times: user=0.00 sys=0.00, real=0.00 secs] 
280.193: Total time for which application threads were stopped: 0.0006550 seconds, Stopping threads took: 0.0000560 seconds
280.234: Application time: 0.0406910 seconds
280.234: [GC [PSYoungGen: 16348K->448K(16896K)] 30105K->14678K(41984K), 0.0005360 secs] [Times: user=0.01 sys=0.00, real=0.00 secs] 
280.235: Total time for which application threads were stopped: 0.0006520 seconds, Stopping threads took: 0.0000560 seconds
280.298: Application time: 0.0636690 seconds
280.300: [GC [PSYoungGen: 15805K->416K(15872K)] 30036K->14662K(40960K), 0.0006000 secs] [Times: user=0.00 sys=0.00, real=0.00 secs] 
280.300: Total time for which application threads were stopped: 0.0020700 seconds, Stopping threads took: 0.0014130 seconds
280.368: Application time: 0.0673180 seconds
280.368: [GC [PSYoungGen: 15773K->224K(16384K)] 30019K->14759K(41472K), 0.0005820 secs] [Times: user=0.01 sys=0.00, real=0.00 secs] 
280.369: Total time for which application threads were stopped: 0.0007810 seconds, Stopping threads took: 0.0001170 seconds
280.436: Application time: 0.0675080 seconds
280.436: [GC [PSYoungGen: 15581K->0K(16384K)] 30116K->14719K(41472K), 0.0004750 secs] [Times: user=0.00 sys=0.00, real=0.00 secs] 
280.437: Total time for which application threads were stopped: 0.0006170 seconds, Stopping threads took: 0.0000610 seconds
280.502: Application time: 0.0652190 seconds
280.502: [GC [PSYoungGen: 15357K->384K(16384K)] 30076K->15103K(41472K), 0.0003960 secs] [Times: user=0.00 sys=0.00, real=0.00 secs] 
280.502: Total time for which application threads were stopped: 0.0005320 seconds, Stopping threads took: 0.0000690 seconds
280.570: Application time: 0.0675610 seconds
280.570: [GC [PSYoungGen: 15741K->0K(16384K)] 30460K->14979K(41472K), 0.0004010 secs] [Times: user=0.01 sys=0.00, real=0.00 secs] 
280.571: Total time for which application threads were stopped: 0.0005310 seconds, Stopping threads took: 0.0000680 seconds
280.635: Application time: 0.0640530 seconds
280.636: [GC [PSYoungGen: 15358K->608K(16384K)] 30338K->15587K(41472K), 0.0004700 secs] [Times: user=0.00 sys=0.00, real=0.00 secs] 
280.636: Total time for which application threads were stopped: 0.0016670 seconds, Stopping threads took: 0.0011370 seconds
280.705: Application time: 0.0689770 seconds
280.705: [GC [PSYoungGen: 15965K->0K(16384K)] 30945K->15424K(41472K), 0.0005300 secs] [Times: user=0.01 sys=0.00, real=0.00 secs] 
280.706: Total time for which application threads were stopped: 0.0006490 seconds, Stopping threads took: 0.0000550 seconds
280.775: Application time: 0.0689420 seconds
280.775: [GC [PSYoungGen: 15357K->0K(16384K)] 30782K->15424K(41472K), 0.0003620 secs] [Times: user=0.00 sys=0.00, real=0.00 secs] 
280.775: Total time for which application threads were stopped: 0.0004760 seconds, Stopping threads took: 0.0000550 seconds
280.842: Application time: 0.0665860 seconds
280.842: [GC [PSYoungGen: 15357K->352K(16384K)] 30781K->15776K(41472K), 0.0004420 secs] [Times: user=0.00 sys=0.00, real=0.00 secs] 
280.842: Total time for which application threads were stopped: 0.0005520 seconds, Stopping threads took: 0.0000490 seconds
280.885: Application time: 0.0427830 seconds
280.885: [GC [PSYoungGen: 15708K->576K(16384K)] 31133K->16024K(41472K), 0.0004220 secs] [Times: user=0.00 sys=0.00, real=0.00 secs] 
280.886: Total time for which application threads were stopped: 0.0005330 seconds, Stopping threads took: 0.0000460 seconds
280.937: Application time: 0.0516440 seconds
280.938: [GC [PSYoungGen: 15931K->576K(16384K)] 31380K->16269K(41472K), 0.0004670 secs] [Times: user=0.00 sys=0.00, real=0.00 secs] 
280.938: Total time for which application threads were stopped: 0.0006200 seconds, Stopping threads took: 0.0000830 seconds
280.986: Application time: 0.0478300 seconds
280.986: [GC [PSYoungGen: 15933K->752K(16384K)] 31627K->16501K(41472K), 0.0004990 secs] [Times: user=0.00 sys=0.00, real=0.00 secs] 
280.986: Total time for which application threads were stopped: 0.0006120 seconds, Stopping threads took: 0.0000520 seconds
281.053: Application time: 0.0660940 seconds
281.053: [GC [PSYoungGen: 16108K->352K(15872K)] 31857K->16545K(40960K), 0.0005180 secs] [Times: user=0.00 sys=0.00, real=0.00 secs] 
281.053: Total time for which application threads were stopped: 0.0006420 seconds, Stopping threads took: 0.0000600 seconds
281.121: Application time: 0.0679120 seconds
281.121: [GC [PSYoungGen: 15707K->0K(16384K)] 31901K->16417K(41472K), 0.0003980 secs] [Times: user=0.00 sys=0.00, real=0.00 secs] 
281.122: Total time for which application threads were stopped: 0.0005150 seconds, Stopping threads took: 0.0000530 seconds
281.189: Application time: 0.0678070 seconds
281.192: [GC [PSYoungGen: 15357K->0K(16384K)] 31775K->16417K(41472K), 0.0003920 secs] [Times: user=0.00 sys=0.00, real=0.00 secs] 
281.192: Total time for which application threads were stopped: 0.0027090 seconds, Stopping threads took: 0.0022570 seconds
281.260: Application time: 0.0678150 seconds
281.260: [GC [PSYoungGen: 15357K->0K(16384K)] 31775K->16417K(41472K), 0.0003620 secs] [Times: user=0.00 sys=0.00, real=0.00 secs] 
281.260: Total time for which application threads were stopped: 0.0004730 seconds, Stopping threads took: 0.0000510 seconds
281.325: Application time: 0.0643750 seconds
281.325: [GC [PSYoungGen: 15358K->544K(16384K)] 31776K->16961K(41472K), 0.0004170 secs] [Times: user=0.00 sys=0.00, real=0.00 secs] 
281.325: Total time for which application threads were stopped: 0.0005410 seconds, Stopping threads took: 0.0000540 seconds
281.392: Application time: 0.0670110 seconds
281.393: [GC [PSYoungGen: 15900K->416K(16384K)] 32318K->17250K(41472K), 0.0004480 secs] [Times: user=0.00 sys=0.00, real=0.00 secs] 
281.393: Total time for which application threads were stopped: 0.0005870 seconds, Stopping threads took: 0.0000750 seconds
281.458: Application time: 0.0647400 seconds
281.458: [GC [PSYoungGen: 15773K->352K(16384K)] 32608K->17415K(41472K), 0.0004510 secs] [Times: user=0.00 sys=0.00, real=0.00 secs] 
281.458: Total time for which application threads were stopped: 0.0005700 seconds, Stopping threads took: 0.0000420 seconds
281.497: Application time: 0.0387620 seconds
281.497: [GC [PSYoungGen: 15709K->592K(16384K)] 32772K->17727K(41472K), 0.0004390 secs] [Times: user=0.00 sys=0.00, real=0.00 secs] 
281.498: Total time for which application threads were stopped: 0.0005740 seconds, Stopping threads took: 0.0000730 seconds
281.558: Application time: 0.0600070 seconds
281.558: [GC [PSYoungGen: 15947K->352K(16384K)] 33083K->17735K(41472K), 0.0004310 secs] [Times: user=0.00 sys=0.00, real=0.00 secs] 
281.558: Total time for which application threads were stopped: 0.0005610 seconds, Stopping threads took: 0.0000710 seconds
281.624: Application time: 0.0660110 seconds
281.624: [GC [PSYoungGen: 15710K->512K(16384K)] 33094K->17919K(41472K), 0.0004260 secs] [Times: user=0.00 sys=0.00, real=0.00 secs] 
281.625: Total time for which application threads were stopped: 0.0005570 seconds, Stopping threads took: 0.0000700 seconds
281.693: Application time: 0.0681400 seconds
281.693: [GC [PSYoungGen: 15869K->0K(16384K)] 33277K->17816K(41472K), 0.0004360 secs] [Times: user=0.00 sys=0.00, real=0.00 secs] 
281.693: Total time for which application threads were stopped: 0.0005610 seconds, Stopping threads took: 0.0000620 seconds
281.761: Application time: 0.0671340 seconds
281.761: [GC [PSYoungGen: 15247K->224K(16384K)] 33064K->18040K(41472K), 0.0003640 secs] [Times: user=0.00 sys=0.00, real=0.00 secs] 
281.761: Total time for which application threads were stopped: 0.0004870 seconds, Stopping threads took: 0.0000630 seconds
281.810: Application time: 0.0484400 seconds
281.810: [GC [PSYoungGen: 15582K->384K(16384K)] 33398K->18208K(41472K), 0.0004010 secs] [Times: user=0.00 sys=0.00, real=0.00 secs] 
281.810: Total time for which application threads were stopped: 0.0005160 seconds, Stopping threads took: 0.0000530 seconds
281.875: Application time: 0.0651440 seconds
281.875: [GC [PSYoungGen: 15742K->448K(16384K)] 33567K->18288K(41472K), 0.0004240 secs] [Times: user=0.00 sys=0.00, real=0.00 secs] 
281.876: Total time for which application threads were stopped: 0.0005360 seconds, Stopping threads took: 0.0000510 seconds
281.927: Application time: 0.0513800 seconds
281.927: [GC [PSYoungGen: 15804K->864K(16384K)] 33644K->18917K(41472K), 0.0005390 secs] [Times: user=0.01 sys=0.00, real=0.00 secs] 
281.928: Total time for which application threads were stopped: 0.0006550 seconds, Stopping threads took: 0.0000550 seconds
281.970: Application time: 0.0425620 seconds
281.970: [GC [PSYoungGen: 16219K->448K(16384K)] 34272K->18902K(41472K), 0.0005280 secs] [Times: user=0.00 sys=0.00, real=0.00 secs] 
281.971: Total time for which application threads were stopped: 0.0006500 seconds, Stopping threads took: 0.0000530 seconds
282.035: Application time: 0.0638670 seconds
282.035: [GC [PSYoungGen: 15807K->544K(16384K)] 34261K->19006K(41472K), 0.0004920 secs] [Times: user=0.00 sys=0.00, real=0.00 secs] 
282.035: Total time for which application threads were stopped: 0.0006060 seconds, Stopping threads took: 0.0000520 seconds
282.102: Application time: 0.0662350 seconds
282.102: [GC [PSYoungGen: 15900K->320K(16384K)] 34362K->19042K(41472K), 0.0004250 secs] [Times: user=0.00 sys=0.00, real=0.00 secs] 
282.102: Total time for which application threads were stopped: 0.0005500 seconds, Stopping threads took: 0.0000620 seconds
282.169: Application time: 0.0667410 seconds
282.169: [GC [PSYoungGen: 15677K->0K(16384K)] 34400K->18935K(41472K), 0.0004010 secs] [Times: user=0.00 sys=0.00, real=0.00 secs] 
282.170: Total time for which application threads were stopped: 0.0005260 seconds, Stopping threads took: 0.0000650 seconds
282.235: Application time: 0.0650630 seconds
282.235: [GC [PSYoungGen: 15359K->384K(16384K)] 34295K->19319K(41472K), 0.0004230 secs] [Times: user=0.00 sys=0.00, real=0.00 secs] 
282.235: Total time for which application threads were stopped: 0.0005420 seconds, Stopping threads took: 0.0000590 seconds
282.303: Application time: 0.0674680 seconds
282.303: [GC [PSYoungGen: 15741K->0K(16384K)] 34677K->19191K(41472K), 0.0003870 secs] [Times: user=0.00 sys=0.00, real=0.00 secs] 
282.303: Total time for which application threads were stopped: 0.0005160 seconds, Stopping threads took: 0.0000680 seconds
282.367: Application time: 0.0639340 seconds
282.367: [GC [PSYoungGen: 15358K->544K(16384K)] 34549K->19735K(41472K), 0.0004640 secs] [Times: user=0.00 sys=0.00, real=0.00 secs] 
282.368: Total time for which application threads were stopped: 0.0005960 seconds, Stopping threads took: 0.0000720 seconds
282.436: Application time: 0.0686920 seconds
282.436: [GC [PSYoungGen: 15901K->0K(16384K)] 35093K->19636K(41472K), 0.0004590 secs] [Times: user=0.00 sys=0.00, real=0.00 secs] 
282.437: Total time for which application threads were stopped: 0.0005740 seconds, Stopping threads took: 0.0000530 seconds
282.505: Application time: 0.0684390 seconds
282.505: [GC [PSYoungGen: 15357K->0K(16384K)] 34993K->19636K(41472K), 0.0003920 secs] [Times: user=0.00 sys=0.00, real=0.00 secs] 
282.507: Total time for which application threads were stopped: 0.0016780 seconds, Stopping threads took: 0.0000610 seconds
282.572: Application time: 0.0649270 seconds
282.572: [GC [PSYoungGen: 15357K->352K(16384K)] 34993K->19988K(41472K), 0.0005040 secs] [Times: user=0.00 sys=0.00, real=0.00 secs] 
282.573: Total time for which application threads were stopped: 0.0005980 seconds, Stopping threads took: 0.0000360 seconds
282.615: Application time: 0.0422420 seconds
282.615: [GC [PSYoungGen: 15711K->544K(16384K)] 35347K->20188K(41472K), 0.0004400 secs] [Times: user=0.01 sys=0.00, real=0.00 secs] 
282.615: Total time for which application threads were stopped: 0.0005710 seconds, Stopping threads took: 0.0000700 seconds
282.662: Application time: 0.0469220 seconds
282.662: [GC [PSYoungGen: 15903K->576K(16384K)] 35547K->20480K(41472K), 0.0004830 secs] [Times: user=0.00 sys=0.00, real=0.00 secs] 
282.663: Total time for which application threads were stopped: 0.0006200 seconds, Stopping threads took: 0.0000750 seconds
282.717: Application time: 0.0544760 seconds
282.720: [GC [PSYoungGen: 15933K->672K(16384K)] 35837K->20672K(41472K), 0.0005180 secs] [Times: user=0.00 sys=0.00, real=0.00 secs] 
282.720: Total time for which application threads were stopped: 0.0028750 seconds, Stopping threads took: 0.0022970 seconds
282.788: Application time: 0.0672560 seconds
282.788: [GC [PSYoungGen: 16031K->384K(16384K)] 36032K->20805K(41472K), 0.0004690 secs] [Times: user=0.00 sys=0.00, real=0.00 secs] 
282.788: Total time for which application threads were stopped: 0.0005890 seconds, Stopping threads took: 0.0000570 seconds
282.856: Application time: 0.0677720 seconds
282.856: [GC [PSYoungGen: 15741K->0K(16384K)] 36162K->20637K(41472K), 0.0004260 secs] [Times: user=0.00 sys=0.00, real=0.00 secs] 
282.856: Total time for which application threads were stopped: 0.0005310 seconds, Stopping threads took: 0.0000440 seconds
282.924: Application time: 0.0676320 seconds
282.924: [GC [PSYoungGen: 15357K->0K(16384K)] 35994K->20637K(41472K), 0.0003480 secs] [Times: user=0.00 sys=0.00, real=0.00 secs] 
282.925: Total time for which application threads were stopped: 0.0004720 seconds, Stopping threads took: 0.0000640 seconds
282.991: Application time: 0.0667360 seconds
282.991: [GC [PSYoungGen: 15359K->288K(16384K)] 35996K->20925K(41472K), 0.0004780 secs] [Times: user=0.00 sys=0.01, real=0.01 secs] 
282.992: Total time for which application threads were stopped: 0.0006040 seconds, Stopping threads took: 0.0000570 seconds
283.057: Application time: 0.0654890 seconds
283.057: [GC [PSYoungGen: 15645K->576K(16384K)] 36283K->21221K(41472K), 0.0004310 secs] [Times: user=0.00 sys=0.00, real=0.00 secs] 
283.058: Total time for which application threads were stopped: 0.0005510 seconds, Stopping threads took: 0.0000490 seconds
283.125: Application time: 0.0669860 seconds
283.125: [GC [PSYoungGen: 15932K->416K(16384K)] 36578K->21486K(41472K), 0.0004660 secs] [Times: user=0.00 sys=0.00, real=0.00 secs] 
283.126: Total time for which application threads were stopped: 0.0005730 seconds, Stopping threads took: 0.0000460 seconds
283.185: Application time: 0.0599410 seconds
283.186: [GC [PSYoungGen: 15773K->416K(16384K)] 36843K->21706K(41472K), 0.0004790 secs] [Times: user=0.00 sys=0.00, real=0.00 secs] 
283.186: Total time for which application threads were stopped: 0.0006000 seconds, Stopping threads took: 0.0000620 seconds
283.227: Application time: 0.0407230 seconds
283.227: [GC [PSYoungGen: 15772K->592K(16384K)] 37063K->21931K(41472K), 0.0004480 secs] [Times: user=0.00 sys=0.00, real=0.00 secs] 
283.227: Total time for which application threads were stopped: 0.0005880 seconds, Stopping threads took: 0.0000770 seconds
283.290: Application time: 0.0628560 seconds
283.290: [GC [PSYoungGen: 15951K->480K(16384K)] 37290K->21875K(41472K), 0.0004530 secs] [Times: user=0.00 sys=0.00, real=0.00 secs] 
283.291: Total time for which application threads were stopped: 0.0005800 seconds, Stopping threads took: 0.0000680 seconds
283.358: Application time: 0.0672650 seconds
283.358: [GC [PSYoungGen: 15839K->384K(16384K)] 37234K->22011K(41472K), 0.0004440 secs] [Times: user=0.00 sys=0.00, real=0.00 secs] 
283.359: Total time for which application threads were stopped: 0.0005820 seconds, Stopping threads took: 0.0000760 seconds
283.427: Application time: 0.0681010 seconds
283.427: [GC [PSYoungGen: 15741K->0K(16384K)] 37368K->21979K(41472K), 0.0004260 secs] [Times: user=0.00 sys=0.00, real=0.00 secs] 
283.427: Total time for which application threads were stopped: 0.0005450 seconds, Stopping threads took: 0.0000600 seconds
283.489: Application time: 0.0612290 seconds
283.489: [GC [PSYoungGen: 15356K->320K(16384K)] 37335K->22299K(41472K), 0.0004570 secs] [Times: user=0.00 sys=0.00, real=0.00 secs] 
283.489: Total time for which application threads were stopped: 0.0005700 seconds, Stopping threads took: 0.0000520 seconds
283.545: Application time: 0.0555760 seconds
283.545: [GC [PSYoungGen: 15677K->288K(16384K)] 37656K->22283K(41472K), 0.0004550 secs] [Times: user=0.00 sys=0.00, real=0.00 secs] 
283.545: Total time for which application threads were stopped: 0.0005540 seconds, Stopping threads took: 0.0000380 seconds
283.610: Application time: 0.0647070 seconds
283.610: [GC [PSYoungGen: 15644K->640K(16384K)] 37639K->22659K(41472K), 0.0005530 secs] [Times: user=0.00 sys=0.00, real=0.00 secs] 
283.611: Total time for which application threads were stopped: 0.0006730 seconds, Stopping threads took: 0.0000480 seconds
283.654: Application time: 0.0438270 seconds
283.655: [GC [PSYoungGen: 15998K->832K(16384K)] 38017K->23063K(41472K), 0.0005650 secs] [Times: user=0.00 sys=0.00, real=0.00 secs] 
283.655: Total time for which application threads were stopped: 0.0006760 seconds, Stopping threads took: 0.0000460 seconds
283.705: Application time: 0.0502410 seconds
283.708: [GC [PSYoungGen: 16190K->576K(16384K)] 38421K->23232K(41472K), 0.0005190 secs] [Times: user=0.00 sys=0.00, real=0.00 secs] 
283.708: Total time for which application threads were stopped: 0.0030150 seconds, Stopping threads took: 0.0024160 seconds
283.773: Application time: 0.0648670 seconds
283.773: [GC [PSYoungGen: 15933K->544K(16384K)] 38589K->23224K(41472K), 0.0004600 secs] [Times: user=0.00 sys=0.00, real=0.00 secs] 
283.774: Total time for which application threads were stopped: 0.0005810 seconds, Stopping threads took: 0.0000600 seconds
283.841: Application time: 0.0675350 seconds
283.844: [GC [PSYoungGen: 15901K->0K(16384K)] 38582K->23125K(41472K), 0.0005000 secs] [Times: user=0.00 sys=0.00, real=0.00 secs] 
283.844: Total time for which application threads were stopped: 0.0029140 seconds, Stopping threads took: 0.0023510 seconds
283.911: Application time: 0.0665840 seconds
283.911: [GC [PSYoungGen: 15359K->352K(16384K)] 38484K->23477K(41472K), 0.0004050 secs] [Times: user=0.00 sys=0.00, real=0.00 secs] 
283.911: Total time for which application threads were stopped: 0.0005310 seconds, Stopping threads took: 0.0000640 seconds
283.978: Application time: 0.0665620 seconds
283.978: [GC [PSYoungGen: 15712K->320K(16384K)] 38837K->23461K(41472K), 0.0004240 secs] [Times: user=0.01 sys=0.00, real=0.00 secs] 
283.979: Total time for which application threads were stopped: 0.0005410 seconds, Stopping threads took: 0.0000560 seconds
284.046: Application time: 0.0671880 seconds
284.046: [GC [PSYoungGen: 15679K->384K(16384K)] 38820K->23777K(41472K), 0.0004180 secs] [Times: user=0.00 sys=0.00, real=0.00 secs] 
284.046: Total time for which application threads were stopped: 0.0005220 seconds, Stopping threads took: 0.0000440 seconds
284.112: Application time: 0.0654050 seconds
284.116: [GC [PSYoungGen: 15743K->576K(16384K)] 39137K->23977K(41472K), 0.0004690 secs] [Times: user=0.00 sys=0.00, real=0.00 secs] 
284.116: Total time for which application threads were stopped: 0.0046270 seconds, Stopping threads took: 0.0040870 seconds
284.186: Application time: 0.0692630 seconds
284.186: [GC [PSYoungGen: 15935K->0K(16384K)] 39337K->23982K(41472K), 0.0004560 secs] [Times: user=0.01 sys=0.00, real=0.00 secs] 
284.186: Total time for which application threads were stopped: 0.0005700 seconds, Stopping threads took: 0.0000530 seconds
284.255: Application time: 0.0686060 seconds
284.255: [GC [PSYoungGen: 15357K->0K(16384K)] 39340K->23982K(41472K), 0.0003820 secs] [Times: user=0.01 sys=0.00, real=0.00 secs] 
284.255: Total time for which application threads were stopped: 0.0005120 seconds, Stopping threads took: 0.0000680 seconds
284.323: Application time: 0.0680670 seconds
284.323: [GC [PSYoungGen: 15360K->256K(16384K)] 39342K->24238K(41472K), 0.0004280 secs] [Times: user=0.00 sys=0.00, real=0.00 secs] 
284.324: Total time for which application threads were stopped: 0.0005510 seconds, Stopping threads took: 0.0000620 seconds
284.367: Application time: 0.0432830 seconds
284.367: [GC [PSYoungGen: 15611K->544K(16384K)] 39594K->24542K(41472K), 0.0004260 secs] [Times: user=0.01 sys=0.00, real=0.00 secs] 
284.368: Total time for which application threads were stopped: 0.0005660 seconds, Stopping threads took: 0.0000700 seconds
284.407: Application time: 0.0393450 seconds
284.407: [GC [PSYoungGen: 15901K->784K(16384K)] 39899K->24790K(41472K), 0.0004800 secs] [Times: user=0.00 sys=0.00, real=0.00 secs] 
284.408: Total time for which application threads were stopped: 0.0005920 seconds, Stopping threads took: 0.0000550 seconds
284.465: Application time: 0.0573200 seconds
284.465: [GC [PSYoungGen: 16143K->704K(16384K)] 40149K->24838K(41472K), 0.0005240 secs] [Times: user=0.01 sys=0.00, real=0.00 secs] 
284.466: Total time for which application threads were stopped: 0.0006400 seconds, Stopping threads took: 0.0000560 seconds
284.531: Application time: 0.0657850 seconds
284.531: [GC [PSYoungGen: 16063K->384K(15872K)] 40198K->24943K(40960K), 0.0004920 secs] [Times: user=0.00 sys=0.00, real=0.01 secs] 
284.532: [Full GC [PSYoungGen: 384K->0K(15872K)] [ParOldGen: 24559K->4435K(24576K)] 24943K->4435K(40448K) [PSPermGen: 5580K->5580K(21504K)], 0.0059180 secs] [Times: user=0.03 sys=0.00, real=0.00 secs] 
284.538: Total time for which application threads were stopped: 0.0065840 seconds, Stopping threads took: 0.0000600 seconds
284.606: Application time: 0.0679160 seconds
284.606: [GC [PSYoungGen: 15355K->0K(16384K)] 19791K->4435K(40960K), 0.0004380 secs] [Times: user=0.00 sys=0.00, real=0.00 secs] 
284.606: Total time for which application threads were stopped: 0.0005570 seconds, Stopping threads took: 0.0000550 seconds
284.674: Application time: 0.0676560 seconds
284.674: [GC [PSYoungGen: 15357K->0K(16384K)] 19793K->4435K(40960K), 0.0003710 secs] [Times: user=0.01 sys=0.00, real=0.00 secs] 
284.675: Total time for which application threads were stopped: 0.0005000 seconds, Stopping threads took: 0.0000610 seconds
284.742: Application time: 0.0675180 seconds
284.742: [GC [PSYoungGen: 15357K->0K(16384K)] 19793K->4435K(40960K), 0.0003510 secs] [Times: user=0.00 sys=0.00, real=0.00 secs] 
284.743: Total time for which application threads were stopped: 0.0004810 seconds, Stopping threads took: 0.0000680 seconds
284.806: Application time: 0.0632650 seconds
284.806: Total time for which application threads were stopped: 0.0000800 seconds, Stopping threads took: 0.0000600 seconds
284.806: Application time: 0.0000460 seconds
284.806: [GC [PSYoungGen: 15297K->608K(15872K)] 19861K->5171K(40448K), 0.0004350 secs] [Times: user=0.00 sys=0.00, real=0.00 secs] 
284.807: Total time for which application threads were stopped: 0.0005120 seconds, Stopping threads took: 0.0000290 seconds
284.873: Application time: 0.0661500 seconds
284.873: [GC [PSYoungGen: 15452K->288K(15360K)] 20300K->5548K(39936K), 0.0005190 secs] [Times: user=0.00 sys=0.00, real=0.00 secs] 
284.873: Total time for which application threads were stopped: 0.0006360 seconds, Stopping threads took: 0.0000580 seconds
284.922: Application time: 0.0484690 seconds
284.922: [GC [PSYoungGen: 15133K->576K(15872K)] 20393K->6049K(40448K), 0.0004540 secs] [Times: user=0.00 sys=0.00, real=0.00 secs] 
284.922: Total time for which application threads were stopped: 0.0005730 seconds, Stopping threads took: 0.0000550 seconds
284.969: Application time: 0.0467560 seconds
284.969: [GC [PSYoungGen: 15420K->544K(15872K)] 20893K->6073K(40448K), 0.0004160 secs] [Times: user=0.00 sys=0.00, real=0.00 secs] 
284.970: Total time for which application threads were stopped: 0.0005510 seconds, Stopping threads took: 0.0000730 seconds
285.030: Application time: 0.0607680 seconds
285.031: [GC [PSYoungGen: 15391K->480K(15872K)] 20921K->6065K(40448K), 0.0004130 secs] [Times: user=0.00 sys=0.00, real=0.00 secs] 
285.031: Total time for which application threads were stopped: 0.0005220 seconds, Stopping threads took: 0.0000500 seconds
285.095: Application time: 0.0643290 seconds
285.095: [GC [PSYoungGen: 15324K->320K(15872K)] 20910K->6134K(40448K), 0.0004160 secs] [Times: user=0.01 sys=0.00, real=0.00 secs] 
285.096: Total time for which application threads were stopped: 0.0005350 seconds, Stopping threads took: 0.0000580 seconds
285.161: Application time: 0.0652700 seconds
285.161: [GC [PSYoungGen: 15167K->0K(15872K)] 20981K->6026K(40448K), 0.0003910 secs] [Times: user=0.00 sys=0.00, real=0.00 secs] 
285.162: Total time for which application threads were stopped: 0.0005070 seconds, Stopping threads took: 0.0000530 seconds
285.218: Application time: 0.0563910 seconds
285.218: [GC [PSYoungGen: 14846K->288K(15872K)] 20872K->6314K(40448K), 0.0004660 secs] [Times: user=0.00 sys=0.00, real=0.00 secs] 
285.219: Total time for which application threads were stopped: 0.0005740 seconds, Stopping threads took: 0.0000430 seconds
285.273: Application time: 0.0541390 seconds
285.273: [GC [PSYoungGen: 15133K->288K(15872K)] 21159K->6330K(40448K), 0.0003850 secs] [Times: user=0.00 sys=0.00, real=0.00 secs] 
285.273: Total time for which application threads were stopped: 0.0005110 seconds, Stopping threads took: 0.0000610 seconds
285.334: Application time: 0.0611560 seconds
285.334: [GC [PSYoungGen: 15135K->736K(15872K)] 21178K->6794K(40448K), 0.0004560 secs] [Times: user=0.01 sys=0.00, real=0.00 secs] 
285.335: Total time for which application threads were stopped: 0.0005720 seconds, Stopping threads took: 0.0000520 seconds
285.373: Application time: 0.0378660 seconds
285.373: [GC [PSYoungGen: 15582K->768K(15360K)] 21641K->7235K(39936K), 0.0005260 secs] [Times: user=0.00 sys=0.00, real=0.00 secs] 
285.373: Total time for which application threads were stopped: 0.0006360 seconds, Stopping threads took: 0.0000500 seconds
285.424: Application time: 0.0500790 seconds
285.424: [GC [PSYoungGen: 15102K->544K(15360K)] 21569K->7240K(39936K), 0.0005370 secs] [Times: user=0.00 sys=0.01, real=0.00 secs] 
285.424: Total time for which application threads were stopped: 0.0006590 seconds, Stopping threads took: 0.0000580 seconds
285.485: Application time: 0.0603730 seconds
285.485: [GC [PSYoungGen: 14877K->448K(15360K)] 21573K->7152K(39936K), 0.0004600 secs] [Times: user=0.00 sys=0.00, real=0.00 secs] 
285.485: Total time for which application threads were stopped: 0.0005860 seconds, Stopping threads took: 0.0000630 seconds
285.548: Application time: 0.0629300 seconds
285.548: [GC [PSYoungGen: 14780K->0K(15360K)] 21484K->7148K(39936K), 0.0004230 secs] [Times: user=0.00 sys=0.00, real=0.00 secs] 
285.549: Total time for which application threads were stopped: 0.0005560 seconds, Stopping threads took: 0.0000720 seconds
285.611: Application time: 0.0625070 seconds
285.611: [GC [PSYoungGen: 14332K->0K(15360K)] 21481K->7148K(39936K), 0.0003510 secs] [Times: user=0.00 sys=0.00, real=0.00 secs] 
285.612: Total time for which application threads were stopped: 0.0004620 seconds, Stopping threads took: 0.0000530 seconds
285.672: Application time: 0.0606830 seconds
285.672: [GC [PSYoungGen: 14333K->384K(15360K)] 21482K->7532K(39936K), 0.0003880 secs] [Times: user=0.01 sys=0.00, real=0.00 secs] 
285.673: Total time for which application threads were stopped: 0.0005010 seconds, Stopping threads took: 0.0000520 seconds
285.736: Application time: 0.0629590 seconds
285.736: [GC [PSYoungGen: 14719K->0K(15360K)] 21867K->7401K(39936K), 0.0004190 secs] [Times: user=0.00 sys=0.00, real=0.00 secs] 
285.736: Total time for which application threads were stopped: 0.0005460 seconds, Stopping threads took: 0.0000550 seconds
285.796: Application time: 0.0594870 seconds
285.796: [GC [PSYoungGen: 14334K->544K(15360K)] 21736K->7945K(39936K), 0.0004080 secs] [Times: user=0.01 sys=0.00, real=0.00 secs] 
285.796: Total time for which application threads were stopped: 0.0005220 seconds, Stopping threads took: 0.0000560 seconds
285.860: Application time: 0.0636030 seconds
285.860: [GC [PSYoungGen: 14876K->0K(15360K)] 22278K->7842K(39936K), 0.0004650 secs] [Times: user=0.01 sys=0.00, real=0.00 secs] 
285.861: Total time for which application threads were stopped: 0.0005890 seconds, Stopping threads took: 0.0000630 seconds
285.925: Application time: 0.0642530 seconds
285.925: [GC [PSYoungGen: 14333K->0K(15360K)] 22175K->7842K(39936K), 0.0003660 secs] [Times: user=0.00 sys=0.00, real=0.00 secs] 
285.925: Total time for which application threads were stopped: 0.0004840 seconds, Stopping threads took: 0.0000560 seconds
285.989: Application time: 0.0642210 seconds
285.990: [GC [PSYoungGen: 14336K->0K(15360K)] 22178K->7842K(39936K), 0.0003520 secs] [Times: user=0.00 sys=0.00, real=0.00 secs] 
285.990: Total time for which application threads were stopped: 0.0004730 seconds, Stopping threads took: 0.0000600 seconds
286.053: Application time: 0.0628950 seconds
286.056: [GC [PSYoungGen: 14332K->352K(15360K)] 22175K->8194K(39936K), 0.0003900 secs] [Times: user=0.00 sys=0.00, real=0.00 secs] 
286.056: Total time for which application threads were stopped: 0.0033420 seconds, Stopping threads took: 0.0028940 seconds
286.097: Application time: 0.0409330 seconds
286.097: [GC [PSYoungGen: 14686K->544K(15360K)] 22529K->8410K(39936K), 0.0004180 secs] [Times: user=0.00 sys=0.00, real=0.00 secs] 
286.098: Total time for which application threads were stopped: 0.0005400 seconds, Stopping threads took: 0.0000610 seconds
286.131: Application time: 0.0329480 seconds
286.131: [GC [PSYoungGen: 14876K->832K(15360K)] 22742K->8706K(39936K), 0.0004850 secs] [Times: user=0.00 sys=0.00, real=0.00 secs] 
286.131: Total time for which application threads were stopped: 0.0005910 seconds, Stopping threads took: 0.0000460 seconds
286.187: Application time: 0.0553190 seconds
286.188: [GC [PSYoungGen: 15164K->544K(15872K)] 23039K->8738K(40448K), 0.0005260 secs] [Times: user=0.00 sys=0.00, real=0.00 secs] 
286.188: Total time for which application threads were stopped: 0.0018010 seconds, Stopping threads took: 0.0012070 seconds
286.249: Application time: 0.0607730 seconds
286.249: [GC [PSYoungGen: 14876K->480K(15872K)] 23071K->9034K(40448K), 0.0004880 secs] [Times: user=0.00 sys=0.00, real=0.00 secs] 
286.250: Total time for which application threads were stopped: 0.0006360 seconds, Stopping threads took: 0.0000720 seconds
286.313: Application time: 0.0635890 seconds
286.313: [GC [PSYoungGen: 14813K->0K(15872K)] 23367K->8963K(40448K), 0.0004210 secs] [Times: user=0.01 sys=0.00, real=0.00 secs] 
286.314: Total time for which application threads were stopped: 0.0005350 seconds, Stopping threads took: 0.0000530 seconds
286.377: Application time: 0.0633760 seconds
286.377: [GC [PSYoungGen: 14333K->0K(15872K)] 23296K->8963K(40448K), 0.0003380 secs] [Times: user=0.00 sys=0.00, real=0.00 secs] 
286.378: Total time for which application threads were stopped: 0.0004650 seconds, Stopping threads took: 0.0000670 seconds
286.441: Application time: 0.0634860 seconds
286.441: [GC [PSYoungGen: 14333K->0K(14848K)] 23296K->8963K(39424K), 0.0003700 secs] [Times: user=0.00 sys=0.00, real=0.00 secs] 
286.442: Total time for which application threads were stopped: 0.0004850 seconds, Stopping threads took: 0.0000560 seconds
286.502: Application time: 0.0606450 seconds
286.502: [GC [PSYoungGen: 14334K->544K(15360K)] 23298K->9507K(39936K), 0.0004270 secs] [Times: user=0.00 sys=0.00, real=0.00 secs] 
286.503: Total time for which application threads were stopped: 0.0005400 seconds, Stopping threads took: 0.0000530 seconds
286.564: Application time: 0.0608230 seconds
286.564: [GC [PSYoungGen: 14876K->480K(15872K)] 23840K->9648K(40448K), 0.0005250 secs] [Times: user=0.00 sys=0.00, real=0.00 secs] 
286.564: Total time for which application threads were stopped: 0.0006340 seconds, Stopping threads took: 0.0000470 seconds
286.620: Application time: 0.0558760 seconds
286.620: [GC [PSYoungGen: 14814K->416K(14848K)] 23982K->10001K(39424K), 0.0004880 secs] [Times: user=0.00 sys=0.00, real=0.00 secs] 
286.621: Total time for which application threads were stopped: 0.0005980 seconds, Stopping threads took: 0.0000500 seconds
286.660: Application time: 0.0393200 seconds
286.660: [GC [PSYoungGen: 14750K->576K(15360K)] 24335K->10225K(39936K), 0.0004220 secs] [Times: user=0.00 sys=0.00, real=0.00 secs] 
286.661: Total time for which application threads were stopped: 0.0005530 seconds, Stopping threads took: 0.0000680 seconds
286.715: Application time: 0.0538020 seconds
286.715: [GC [PSYoungGen: 14908K->512K(15360K)] 24558K->10209K(39936K), 0.0004770 secs] [Times: user=0.00 sys=0.00, real=0.00 secs] 
286.715: Total time for which application threads were stopped: 0.0005890 seconds, Stopping threads took: 0.0000510 seconds
286.778: Application time: 0.0624940 seconds
286.778: [GC [PSYoungGen: 14845K->320K(15360K)] 24542K->10241K(39936K), 0.0004080 secs] [Times: user=0.00 sys=0.00, real=0.00 secs] 
286.778: Total time for which application threads were stopped: 0.0005430 seconds, Stopping threads took: 0.0000630 seconds
286.842: Application time: 0.0635180 seconds
286.842: [GC [PSYoungGen: 14655K->0K(15360K)] 24576K->10145K(39936K), 0.0004070 secs] [Times: user=0.00 sys=0.00, real=0.00 secs] 
286.842: Total time for which application threads were stopped: 0.0005260 seconds, Stopping threads took: 0.0000550 seconds
286.906: Application time: 0.0638280 seconds
286.906: [GC [PSYoungGen: 14335K->0K(15360K)] 24481K->10145K(39936K), 0.0003670 secs] [Times: user=0.00 sys=0.00, real=0.00 secs] 
286.907: Total time for which application threads were stopped: 0.0004840 seconds, Stopping threads took: 0.0000580 seconds
286.954: Application time: 0.0471790 seconds
286.954: [GC [PSYoungGen: 14334K->384K(15360K)] 24480K->10529K(39936K), 0.0004210 secs] [Times: user=0.00 sys=0.00, real=0.00 secs] 
286.954: Total time for which application threads were stopped: 0.0005340 seconds, Stopping threads took: 0.0000530 seconds
287.015: Application time: 0.0607580 seconds
287.015: [GC [PSYoungGen: 14719K->352K(15360K)] 24865K->10521K(39936K), 0.0003790 secs] [Times: user=0.00 sys=0.00, real=0.00 secs] 
287.015: Total time for which application threads were stopped: 0.0004990 seconds, Stopping threads took: 0.0000610 seconds
287.074: Application time: 0.0589460 seconds
287.075: [GC [PSYoungGen: 14686K->704K(15360K)] 24856K->10889K(39936K), 0.0004660 secs] [Times: user=0.00 sys=0.00, real=0.00 secs] 
287.075: Total time for which application threads were stopped: 0.0005800 seconds, Stopping threads took: 0.0000510 seconds
287.118: Application time: 0.0426060 seconds
287.118: [GC [PSYoungGen: 15038K->512K(15360K)] 25224K->11298K(39936K), 0.0005060 secs] [Times: user=0.00 sys=0.00, real=0.00 secs] 
287.118: Total time for which application threads were stopped: 0.0006130 seconds, Stopping threads took: 0.0000470 seconds
287.164: Application time: 0.0453990 seconds
287.164: [GC [PSYoungGen: 14845K->416K(15360K)] 25631K->11210K(39936K), 0.0004570 secs] [Times: user=0.00 sys=0.00, real=0.00 secs] 
287.164: Total time for which application threads were stopped: 0.0006150 seconds, Stopping threads took: 0.0000970 seconds
287.225: Application time: 0.0610600 seconds
287.225: [GC [PSYoungGen: 14749K->544K(15360K)] 25544K->11362K(39936K), 0.0004050 secs] [Times: user=0.00 sys=0.00, real=0.00 secs] 
287.226: Total time for which application threads were stopped: 0.0005230 seconds, Stopping threads took: 0.0000580 seconds
287.290: Application time: 0.0637020 seconds
287.290: [GC [PSYoungGen: 14879K->0K(15360K)] 25697K->11255K(39936K), 0.0004800 secs] [Times: user=0.00 sys=0.00, real=0.00 secs] 
287.290: Total time for which application threads were stopped: 0.0005960 seconds, Stopping threads took: 0.0000440 seconds
287.353: Application time: 0.0628040 seconds
287.353: [GC [PSYoungGen: 14332K->288K(15360K)] 25588K->11543K(39936K), 0.0004510 secs] [Times: user=0.00 sys=0.00, real=0.00 secs] 
287.354: Total time for which application threads were stopped: 0.0005610 seconds, Stopping threads took: 0.0000500 seconds
287.416: Application time: 0.0622220 seconds
287.416: [GC [PSYoungGen: 14621K->448K(15360K)] 25877K->11719K(39936K), 0.0004190 secs] [Times: user=0.00 sys=0.00, real=0.00 secs] 
287.416: Total time for which application threads were stopped: 0.0005390 seconds, Stopping threads took: 0.0000600 seconds
287.480: Application time: 0.0639700 seconds
287.480: [GC [PSYoungGen: 14781K->0K(15360K)] 26052K->11527K(39936K), 0.0004020 secs] [Times: user=0.00 sys=0.00, real=0.00 secs] 
287.481: Total time for which application threads were stopped: 0.0005150 seconds, Stopping threads took: 0.0000500 seconds
287.541: Application time: 0.0600180 seconds
287.544: [GC [PSYoungGen: 14334K->544K(15360K)] 25862K->12071K(39936K), 0.0004600 secs] [Times: user=0.00 sys=0.00, real=0.00 secs] 
287.545: Total time for which application threads were stopped: 0.0045170 seconds, Stopping threads took: 0.0029460 seconds
287.609: Application time: 0.0640160 seconds
287.609: [GC [PSYoungGen: 14879K->0K(15360K)] 26407K->11980K(39936K), 0.0004970 secs] [Times: user=0.00 sys=0.00, real=0.00 secs] 
287.610: Total time for which application threads were stopped: 0.0006350 seconds, Stopping threads took: 0.0000780 seconds
287.675: Application time: 0.0647280 seconds
287.675: [GC [PSYoungGen: 14335K->0K(15360K)] 26316K->11980K(39936K), 0.0003460 secs] [Times: user=0.00 sys=0.00, real=0.00 secs] 
287.675: Total time for which application threads were stopped: 0.0004500 seconds, Stopping threads took: 0.0000420 seconds
287.739: Application time: 0.0641540 seconds
287.739: [GC [PSYoungGen: 14333K->0K(15360K)] 26313K->11980K(39936K), 0.0003670 secs] [Times: user=0.00 sys=0.00, real=0.01 secs] 
287.740: Total time for which application threads were stopped: 0.0004820 seconds, Stopping threads took: 0.0000510 seconds
287.792: Application time: 0.0527130 seconds
287.793: [GC [PSYoungGen: 14333K->384K(15360K)] 26314K->12364K(39936K), 0.0003780 secs] [Times: user=0.01 sys=0.00, real=0.00 secs] 
287.793: Total time for which application threads were stopped: 0.0004970 seconds, Stopping threads took: 0.0000500 seconds
287.840: Application time: 0.0465730 seconds
287.840: [GC [PSYoungGen: 14718K->544K(15360K)] 26699K->12532K(39936K), 0.0004850 secs] [Times: user=0.00 sys=0.01, real=0.01 secs] 
287.840: Total time for which application threads were stopped: 0.0005900 seconds, Stopping threads took: 0.0000450 seconds
287.877: Application time: 0.0366620 seconds
287.877: [GC [PSYoungGen: 14878K->768K(15360K)] 26866K->12812K(39936K), 0.0005500 secs] [Times: user=0.00 sys=0.00, real=0.00 secs] 
287.877: Total time for which application threads were stopped: 0.0006760 seconds, Stopping threads took: 0.0000660 seconds
287.933: Application time: 0.0557130 seconds
287.933: [GC [PSYoungGen: 15103K->320K(14848K)] 27147K->12837K(39424K), 0.0004900 secs] [Times: user=0.00 sys=0.00, real=0.00 secs] 
287.934: Total time for which application threads were stopped: 0.0006250 seconds, Stopping threads took: 0.0000740 seconds
287.995: Application time: 0.0608560 seconds
287.995: [GC [PSYoungGen: 14654K->544K(15360K)] 27172K->13085K(39936K), 0.0004280 secs] [Times: user=0.00 sys=0.00, real=0.00 secs] 
287.995: Total time for which application threads were stopped: 0.0005410 seconds, Stopping threads took: 0.0000520 seconds
288.059: Application time: 0.0636850 seconds
288.060: [GC [PSYoungGen: 14879K->0K(15360K)] 27420K->12958K(39936K), 0.0004130 secs] [Times: user=0.00 sys=0.00, real=0.00 secs] 
288.060: Total time for which application threads were stopped: 0.0012870 seconds, Stopping threads took: 0.0008140 seconds
288.124: Application time: 0.0634220 seconds
288.124: [GC [PSYoungGen: 14332K->0K(15360K)] 27291K->12958K(39936K), 0.0003760 secs] [Times: user=0.00 sys=0.00, real=0.00 secs] 
288.124: Total time for which application threads were stopped: 0.0005250 seconds, Stopping threads took: 0.0000860 seconds
288.187: Application time: 0.0628970 seconds
288.187: Total time for which application threads were stopped: 0.0000850 seconds, Stopping threads took: 0.0000650 seconds
288.187: Application time: 0.0000430 seconds
288.187: [GC [PSYoungGen: 14296K->224K(15360K)] 27383K->13310K(39936K), 0.0003850 secs] [Times: user=0.00 sys=0.00, real=0.00 secs] 
288.188: Total time for which application threads were stopped: 0.0004620 seconds, Stopping threads took: 0.0000300 seconds
288.251: Application time: 0.0638170 seconds
288.252: [GC [PSYoungGen: 14558K->352K(15360K)] 27930K->13739K(39936K), 0.0003900 secs] [Times: user=0.00 sys=0.00, real=0.01 secs] 
288.252: Total time for which application threads were stopped: 0.0005050 seconds, Stopping threads took: 0.0000540 seconds
288.312: Application time: 0.0599140 seconds
288.312: [GC [PSYoungGen: 14686K->576K(15360K)] 28074K->14175K(39936K), 0.0004610 secs] [Times: user=0.00 sys=0.00, real=0.00 secs] 
288.312: Total time for which application threads were stopped: 0.0005910 seconds, Stopping threads took: 0.0000590 seconds
288.362: Application time: 0.0492170 seconds
288.362: [GC [PSYoungGen: 14909K->512K(15360K)] 28509K->14520K(39936K), 0.0005720 secs] [Times: user=0.01 sys=0.00, real=0.00 secs] 
288.362: Total time for which application threads were stopped: 0.0006770 seconds, Stopping threads took: 0.0000450 seconds
288.401: Application time: 0.0382140 seconds
288.401: [GC [PSYoungGen: 14844K->544K(15360K)] 28853K->14601K(39936K), 0.0004280 secs] [Times: user=0.00 sys=0.00, real=0.00 secs] 
288.401: Total time for which application threads were stopped: 0.0005570 seconds, Stopping threads took: 0.0000680 seconds
288.462: Application time: 0.0608500 seconds
288.462: [GC [PSYoungGen: 14877K->480K(15360K)] 28934K->14601K(39936K), 0.0004400 secs] [Times: user=0.00 sys=0.00, real=0.00 secs] 
288.463: Total time for which application threads were stopped: 0.0005710 seconds, Stopping threads took: 0.0000680 seconds
288.526: Application time: 0.0633910 seconds
288.526: [GC [PSYoungGen: 14812K->0K(15360K)] 28933K->14533K(39936K), 0.0004170 secs] [Times: user=0.00 sys=0.00, real=0.00 secs] 
288.527: Total time for which application threads were stopped: 0.0005340 seconds, Stopping threads took: 0.0000580 seconds
288.590: Application time: 0.0634200 seconds
288.590: [GC [PSYoungGen: 14335K->0K(15360K)] 28868K->14533K(39936K), 0.0003730 secs] [Times: user=0.00 sys=0.00, real=0.00 secs] 
288.590: Total time for which application threads were stopped: 0.0004910 seconds, Stopping threads took: 0.0000600 seconds
288.645: Application time: 0.0550600 seconds
288.646: [GC [PSYoungGen: 14333K->320K(15360K)] 28867K->14853K(39936K), 0.0004310 secs] [Times: user=0.00 sys=0.00, real=0.00 secs] 
288.646: Total time for which application threads were stopped: 0.0005410 seconds, Stopping threads took: 0.0000520 seconds
288.698: Application time: 0.0520370 seconds
288.698: [GC [PSYoungGen: 14653K->352K(15360K)] 29187K->14901K(39936K), 0.0003960 secs] [Times: user=0.00 sys=0.00, real=0.00 secs] 
288.699: Total time for which application threads were stopped: 0.0005110 seconds, Stopping threads took: 0.0000540 seconds
288.761: Application time: 0.0619980 seconds
288.761: [GC [PSYoungGen: 14687K->384K(15360K)] 29237K->14957K(39936K), 0.0004020 secs] [Times: user=0.00 sys=0.00, real=0.00 secs] 
288.761: Total time for which application threads were stopped: 0.0005270 seconds, Stopping threads took: 0.0000640 seconds
288.817: Application time: 0.0556270 seconds
288.817: [GC [PSYoungGen: 14716K->672K(15360K)] 29290K->15458K(39936K), 0.0005150 secs] [Times: user=0.00 sys=0.00, real=0.00 secs] 
288.817: Total time for which application threads were stopped: 0.0006420 seconds, Stopping threads took: 0.0000590 seconds
288.857: Application time: 0.0399710 seconds
288.857: [GC [PSYoungGen: 15007K->512K(15360K)] 29793K->15707K(39936K), 0.0005080 secs] [Times: user=0.00 sys=0.00, real=0.00 secs] 
288.858: Total time for which application threads were stopped: 0.0006400 seconds, Stopping threads took: 0.0000690 seconds
288.909: Application time: 0.0512370 seconds
288.909: [GC [PSYoungGen: 14843K->320K(15360K)] 30039K->15859K(39936K), 0.0004430 secs] [Times: user=0.00 sys=0.00, real=0.00 secs] 
288.910: Total time for which application threads were stopped: 0.0005490 seconds, Stopping threads took: 0.0000410 seconds
288.970: Application time: 0.0602430 seconds
288.970: [GC [PSYoungGen: 14653K->512K(15360K)] 30192K->16067K(39936K), 0.0004240 secs] [Times: user=0.00 sys=0.00, real=0.00 secs] 
288.971: Total time for which application threads were stopped: 0.0005280 seconds, Stopping threads took: 0.0000410 seconds
289.033: Application time: 0.0629240 seconds
289.034: [GC [PSYoungGen: 14847K->0K(15360K)] 30402K->15991K(39936K), 0.0005080 secs] [Times: user=0.00 sys=0.00, real=0.00 secs] 
289.034: Total time for which application threads were stopped: 0.0006460 seconds, Stopping threads took: 0.0000730 seconds
289.095: Application time: 0.0612520 seconds
289.095: [GC [PSYoungGen: 14333K->416K(15360K)] 30325K->16407K(39936K), 0.0003940 secs] [Times: user=0.00 sys=0.00, real=0.00 secs] 
289.096: Total time for which application threads were stopped: 0.0005240 seconds, Stopping threads took: 0.0000710 seconds
289.159: Application time: 0.0634670 seconds
289.159: [GC [PSYoungGen: 14751K->0K(15360K)] 30742K->16236K(39936K), 0.0004000 secs] [Times: user=0.00 sys=0.00, real=0.01 secs] 
289.160: Total time for which application threads were stopped: 0.0005390 seconds, Stopping threads took: 0.0000740 seconds
289.224: Application time: 0.0635990 seconds
289.224: [GC [PSYoungGen: 14335K->0K(15360K)] 30571K->16236K(39936K), 0.0003860 secs] [Times: user=0.00 sys=0.00, real=0.00 secs] 
289.224: Total time for which application threads were stopped: 0.0004960 seconds, Stopping threads took: 0.0000480 seconds
289.284: Application time: 0.0598650 seconds
289.284: [GC [PSYoungGen: 14332K->544K(15360K)] 30569K->16780K(39936K), 0.0004300 secs] [Times: user=0.00 sys=0.00, real=0.00 secs] 
289.284: Total time for which application threads were stopped: 0.0005470 seconds, Stopping threads took: 0.0000570 seconds
289.349: Application time: 0.0640880 seconds
289.349: [GC [PSYoungGen: 14876K->0K(15360K)] 31113K->16817K(39936K), 0.0004570 secs] [Times: user=0.00 sys=0.00, real=0.00 secs] 
289.349: Total time for which application threads were stopped: 0.0005870 seconds, Stopping threads took: 0.0000530 seconds
289.414: Application time: 0.0646330 seconds
289.414: [GC [PSYoungGen: 14333K->0K(15360K)] 31150K->16817K(39936K), 0.0003560 secs] [Times: user=0.01 sys=0.00, real=0.00 secs] 
289.414: Total time for which application threads were stopped: 0.0004600 seconds, Stopping threads took: 0.0000420 seconds
289.478: Application time: 0.0636380 seconds
289.478: [GC [PSYoungGen: 14306K->160K(15360K)] 31123K->16977K(39936K), 0.0004240 secs] [Times: user=0.00 sys=0.00, real=0.00 secs] 
289.478: Total time for which application threads were stopped: 0.0005520 seconds, Stopping threads took: 0.0000660 seconds
289.523: Application time: 0.0447620 seconds
289.523: [GC [PSYoungGen: 14494K->224K(15360K)] 31311K->17065K(39936K), 0.0003910 secs] [Times: user=0.00 sys=0.00, real=0.00 secs] 
289.524: Total time for which application threads were stopped: 0.0004940 seconds, Stopping threads took: 0.0000390 seconds
289.577: Application time: 0.0530210 seconds
289.577: [GC [PSYoungGen: 14558K->512K(15360K)] 31399K->17377K(39936K), 0.0004470 secs] [Times: user=0.00 sys=0.00, real=0.00 secs] 
289.577: Total time for which application threads were stopped: 0.0005600 seconds, Stopping threads took: 0.0000520 seconds
289.617: Application time: 0.0399790 seconds
289.617: [GC [PSYoungGen: 14844K->800K(15360K)] 31709K->17713K(39936K), 0.0005000 secs] [Times: user=0.00 sys=0.00, real=0.00 secs] 
289.618: Total time for which application threads were stopped: 0.0006250 seconds, Stopping threads took: 0.0000640 seconds
289.670: Application time: 0.0521630 seconds
289.670: [GC [PSYoungGen: 15136K->544K(15360K)] 32049K->17745K(39936K), 0.0004850 secs] [Times: user=0.00 sys=0.00, real=0.00 secs] 
289.671: Total time for which application threads were stopped: 0.0006020 seconds, Stopping threads took: 0.0000570 seconds
289.732: Application time: 0.0614660 seconds
289.732: [GC [PSYoungGen: 14877K->352K(15360K)] 32078K->17777K(39936K), 0.0004200 secs] [Times: user=0.01 sys=0.00, real=0.00 secs] 
289.733: Total time for which application threads were stopped: 0.0005420 seconds, Stopping threads took: 0.0000620 seconds
289.795: Application time: 0.0626830 seconds
289.795: [GC [PSYoungGen: 14684K->0K(15360K)] 32109K->17645K(39936K), 0.0004230 secs] [Times: user=0.00 sys=0.00, real=0.00 secs] 
289.796: Total time for which application threads were stopped: 0.0005310 seconds, Stopping threads took: 0.0000470 seconds
289.859: Application time: 0.0626740 seconds
289.859: [GC [PSYoungGen: 14335K->0K(15360K)] 31980K->17645K(39936K), 0.0003660 secs] [Times: user=0.00 sys=0.00, real=0.00 secs] 
289.859: Total time for which application threads were stopped: 0.0004990 seconds, Stopping threads took: 0.0000640 seconds
289.920: Application time: 0.0611530 seconds
289.920: [GC [PSYoungGen: 14334K->384K(15360K)] 31980K->18029K(39936K), 0.0004160 secs] [Times: user=0.00 sys=0.00, real=0.00 secs] 
289.921: Total time for which application threads were stopped: 0.0005280 seconds, Stopping threads took: 0.0000490 seconds
289.983: Application time: 0.0626610 seconds
289.983: [GC [PSYoungGen: 14718K->352K(15360K)] 32364K->18218K(39936K), 0.0004210 secs] [Times: user=0.00 sys=0.00, real=0.00 secs] 
289.984: Total time for which application threads were stopped: 0.0005530 seconds, Stopping threads took: 0.0000730 seconds
290.045: Application time: 0.0608890 seconds
290.045: [GC [PSYoungGen: 14684K->544K(15360K)] 32550K->18418K(39936K), 0.0004180 secs] [Times: user=0.00 sys=0.00, real=0.00 secs] 
290.045: Total time for which application threads were stopped: 0.0005570 seconds, Stopping threads took: 0.0000780 seconds
290.089: Application time: 0.0437980 seconds
290.089: [GC [PSYoungGen: 14877K->576K(15360K)] 32751K->18859K(39936K), 0.0005420 secs] [Times: user=0.00 sys=0.00, real=0.00 secs] 
290.090: Total time for which application threads were stopped: 0.0006450 seconds, Stopping threads took: 0.0000450 seconds
290.133: Application time: 0.0429160 seconds
290.133: [GC [PSYoungGen: 14911K->448K(15360K)] 33194K->18811K(39936K), 0.0004720 secs] [Times: user=0.00 sys=0.00, real=0.00 secs] 
290.133: Total time for which application threads were stopped: 0.0005920 seconds, Stopping threads took: 0.0000570 seconds
290.194: Application time: 0.0606650 seconds
290.194: [GC [PSYoungGen: 14781K->512K(15360K)] 33144K->18891K(39936K), 0.0004040 secs] [Times: user=0.00 sys=0.00, real=0.00 secs] 
290.194: Total time for which application threads were stopped: 0.0005050 seconds, Stopping threads took: 0.0000430 seconds
290.257: Application time: 0.0630030 seconds
290.258: [GC [PSYoungGen: 14844K->0K(15360K)] 33224K->18800K(39936K), 0.0004280 secs] [Times: user=0.00 sys=0.00, real=0.00 secs] 
290.258: Total time for which application threads were stopped: 0.0005470 seconds, Stopping threads took: 0.0000590 seconds
290.321: Application time: 0.0629700 seconds
290.321: [GC [PSYoungGen: 14332K->0K(15360K)] 33132K->18800K(39936K), 0.0004280 secs] [Times: user=0.00 sys=0.00, real=0.00 secs] 
290.322: Total time for which application threads were stopped: 0.0005450 seconds, Stopping threads took: 0.0000560 seconds
290.370: Application time: 0.0486450 seconds
290.370: [GC [PSYoungGen: 14334K->384K(15360K)] 33134K->19184K(39936K), 0.0003880 secs] [Times: user=0.00 sys=0.00, real=0.00 secs] 
290.371: Total time for which application threads were stopped: 0.0005100 seconds, Stopping threads took: 0.0000550 seconds
290.428: Application time: 0.0575760 seconds
290.430: [GC [PSYoungGen: 14719K->288K(15360K)] 33519K->19096K(39936K), 0.0004530 secs] [Times: user=0.01 sys=0.00, real=0.00 secs] 
290.430: Total time for which application threads were stopped: 0.0017000 seconds, Stopping threads took: 0.0011790 seconds
290.492: Application time: 0.0617460 seconds
290.492: [GC [PSYoungGen: 14623K->352K(15360K)] 33431K->19184K(39936K), 0.0004000 secs] [Times: user=0.00 sys=0.00, real=0.00 secs] 
290.492: Total time for which application threads were stopped: 0.0005230 seconds, Stopping threads took: 0.0000610 seconds
290.544: Application time: 0.0519590 seconds
290.544: [GC [PSYoungGen: 14685K->704K(15360K)] 33517K->19744K(39936K), 0.0005080 secs] [Times: user=0.00 sys=0.00, real=0.00 secs] 
290.545: Total time for which application threads were stopped: 0.0006120 seconds, Stopping threads took: 0.0000410 seconds
290.581: Application time: 0.0364960 seconds
290.581: [GC [PSYoungGen: 15038K->672K(15360K)] 34078K->20124K(39936K), 0.0005020 secs] [Times: user=0.00 sys=0.00, real=0.00 secs] 
290.582: Total time for which application threads were stopped: 0.0006340 seconds, Stopping threads took: 0.0000690 seconds
290.639: Application time: 0.0573720 seconds
290.639: [GC [PSYoungGen: 15005K->352K(15360K)] 34458K->20025K(39936K), 0.0004330 secs] [Times: user=0.00 sys=0.00, real=0.01 secs] 
290.640: Total time for which application threads were stopped: 0.0005600 seconds, Stopping threads took: 0.0000660 seconds
290.700: Application time: 0.0605610 seconds
290.701: [GC [PSYoungGen: 14687K->512K(15360K)] 34360K->20201K(39936K), 0.0004620 secs] [Times: user=0.01 sys=0.00, real=0.00 secs] 
290.701: Total time for which application threads were stopped: 0.0005870 seconds, Stopping threads took: 0.0000670 seconds
290.763: Application time: 0.0617310 seconds
290.763: [GC [PSYoungGen: 14847K->384K(15360K)] 34536K->20509K(39936K), 0.0004770 secs] [Times: user=0.00 sys=0.00, real=0.00 secs] 
290.763: Total time for which application threads were stopped: 0.0005860 seconds, Stopping threads took: 0.0000470 seconds
290.825: Application time: 0.0618840 seconds
290.825: [GC [PSYoungGen: 14720K->352K(15360K)] 34845K->20509K(39936K), 0.0004180 secs] [Times: user=0.00 sys=0.00, real=0.00 secs] 
290.826: Total time for which application threads were stopped: 0.0005320 seconds, Stopping threads took: 0.0000560 seconds
290.889: Application time: 0.0632400 seconds
290.889: [GC [PSYoungGen: 14684K->0K(15360K)] 34842K->20410K(39936K), 0.0003920 secs] [Times: user=0.00 sys=0.00, real=0.00 secs] 
290.890: Total time for which application threads were stopped: 0.0005280 seconds, Stopping threads took: 0.0000580 seconds
290.953: Application time: 0.0633210 seconds
290.953: [GC [PSYoungGen: 14332K->0K(15360K)] 34742K->20410K(39936K), 0.0004830 secs] [Times: user=0.00 sys=0.00, real=0.00 secs] 
290.954: Total time for which application threads were stopped: 0.0005950 seconds, Stopping threads took: 0.0000570 seconds
291.013: Application time: 0.0596600 seconds
291.013: [GC [PSYoungGen: 14334K->544K(15360K)] 34744K->20954K(39936K), 0.0004330 secs] [Times: user=0.00 sys=0.00, real=0.00 secs] 
291.014: Total time for which application threads were stopped: 0.0005440 seconds, Stopping threads took: 0.0000540 seconds
291.077: Application time: 0.0637430 seconds
291.078: [GC [PSYoungGen: 14876K->0K(15360K)] 35287K->20855K(39936K), 0.0004440 secs] [Times: user=0.01 sys=0.00, real=0.00 secs] 
291.078: Total time for which application threads were stopped: 0.0005520 seconds, Stopping threads took: 0.0000490 seconds
291.142: Application time: 0.0637190 seconds
291.142: [GC [PSYoungGen: 14332K->0K(15360K)] 35188K->20855K(39936K), 0.0003650 secs] [Times: user=0.00 sys=0.00, real=0.00 secs] 
291.142: Total time for which application threads were stopped: 0.0004810 seconds, Stopping threads took: 0.0000560 seconds
291.197: Application time: 0.0545340 seconds
291.197: [GC [PSYoungGen: 14335K->384K(15360K)] 35191K->21239K(39936K), 0.0004070 secs] [Times: user=0.00 sys=0.00, real=0.00 secs] 
291.197: Total time for which application threads were stopped: 0.0005140 seconds, Stopping threads took: 0.0000470 seconds
291.250: Application time: 0.0523140 seconds
291.250: [GC [PSYoungGen: 14719K->288K(15360K)] 35574K->21151K(39936K), 0.0004340 secs] [Times: user=0.00 sys=0.00, real=0.00 secs] 
291.250: Total time for which application threads were stopped: 0.0005550 seconds, Stopping threads took: 0.0000630 seconds
291.299: Application time: 0.0486880 seconds
291.299: [GC [PSYoungGen: 14624K->704K(15360K)] 35487K->21623K(39936K), 0.0004790 secs] [Times: user=0.00 sys=0.00, real=0.00 secs] 
291.299: Total time for which application threads were stopped: 0.0006300 seconds, Stopping threads took: 0.0000890 seconds
291.339: Application time: 0.0394610 seconds
291.339: [GC [PSYoungGen: 15038K->576K(15360K)] 35958K->21716K(39936K), 0.0004640 secs] [Times: user=0.00 sys=0.00, real=0.00 secs] 
291.339: Total time for which application threads were stopped: 0.0005710 seconds, Stopping threads took: 0.0000470 seconds
291.399: Application time: 0.0594700 seconds
291.399: [GC [PSYoungGen: 14909K->512K(15360K)] 36049K->21748K(39936K), 0.0004520 secs] [Times: user=0.00 sys=0.00, real=0.00 secs] 
291.400: Total time for which application threads were stopped: 0.0005690 seconds, Stopping threads took: 0.0000460 seconds
291.468: Application time: 0.0684380 seconds
291.468: [GC [PSYoungGen: 14844K->288K(15360K)] 36080K->21744K(39936K), 0.0004680 secs] [Times: user=0.00 sys=0.00, real=0.00 secs] 
291.469: Total time for which application threads were stopped: 0.0005820 seconds, Stopping threads took: 0.0000490 seconds
291.538: Application time: 0.0689650 seconds
291.538: [GC [PSYoungGen: 14620K->0K(15360K)] 36077K->21669K(39936K), 0.0004540 secs] [Times: user=0.00 sys=0.00, real=0.00 secs] 
291.538: Total time for which application threads were stopped: 0.0005700 seconds, Stopping threads took: 0.0000550 seconds
291.607: Application time: 0.0690460 seconds
291.608: [GC [PSYoungGen: 14335K->0K(15360K)] 36004K->21669K(39936K), 0.0003970 secs] [Times: user=0.00 sys=0.00, real=0.00 secs] 
291.608: Total time for which application threads were stopped: 0.0010510 seconds, Stopping threads took: 0.0005900 seconds
291.676: Application time: 0.0674240 seconds
291.676: [GC [PSYoungGen: 14334K->416K(15360K)] 36004K->22085K(39936K), 0.0004220 secs] [Times: user=0.00 sys=0.00, real=0.00 secs] 
291.676: Total time for which application threads were stopped: 0.0005590 seconds, Stopping threads took: 0.0000730 seconds
291.744: Application time: 0.0676280 seconds
291.744: [GC [PSYoungGen: 14749K->352K(15360K)] 36418K->22241K(39936K), 0.0005060 secs] [Times: user=0.00 sys=0.00, real=0.00 secs] 
291.744: Total time for which application threads were stopped: 0.0006250 seconds, Stopping threads took: 0.0000590 seconds
291.812: Application time: 0.0676320 seconds
291.812: [GC [PSYoungGen: 14685K->384K(15360K)] 36575K->22486K(39936K), 0.0004790 secs] [Times: user=0.01 sys=0.00, real=0.00 secs] 
291.813: Total time for which application threads were stopped: 0.0006090 seconds, Stopping threads took: 0.0000690 seconds
291.855: Application time: 0.0424040 seconds
291.855: [GC [PSYoungGen: 14718K->576K(15360K)] 36820K->22894K(39936K), 0.0005840 secs] [Times: user=0.01 sys=0.00, real=0.00 secs] 
291.856: Total time for which application threads were stopped: 0.0007040 seconds, Stopping threads took: 0.0000570 seconds
291.908: Application time: 0.0522040 seconds
291.908: [GC [PSYoungGen: 14907K->480K(15360K)] 37225K->22894K(39936K), 0.0005000 secs] [Times: user=0.01 sys=0.00, real=0.00 secs] 
291.909: Total time for which application threads were stopped: 0.0006380 seconds, Stopping threads took: 0.0000660 seconds
291.975: Application time: 0.0666630 seconds
291.975: [GC [PSYoungGen: 14813K->448K(15360K)] 37227K->22870K(39936K), 0.0005210 secs] [Times: user=0.00 sys=0.00, real=0.00 secs] 
291.976: Total time for which application threads were stopped: 0.0006370 seconds, Stopping threads took: 0.0000560 seconds
292.045: Application time: 0.0693260 seconds
292.045: [GC [PSYoungGen: 14783K->0K(15360K)] 37205K->22835K(39936K), 0.0004940 secs] [Times: user=0.00 sys=0.00, real=0.00 secs] 
292.046: Total time for which application threads were stopped: 0.0006240 seconds, Stopping threads took: 0.0000670 seconds
292.112: Application time: 0.0665740 seconds
292.113: [GC [PSYoungGen: 14331K->352K(15360K)] 37166K->23187K(39936K), 0.0004330 secs] [Times: user=0.00 sys=0.00, real=0.00 secs] 
292.113: Total time for which application threads were stopped: 0.0005630 seconds, Stopping threads took: 0.0000680 seconds
292.164: Application time: 0.0508120 seconds
292.164: [GC [PSYoungGen: 14685K->416K(15360K)] 37521K->23259K(39936K), 0.0004430 secs] [Times: user=0.00 sys=0.00, real=0.00 secs] 
292.164: Total time for which application threads were stopped: 0.0005620 seconds, Stopping threads took: 0.0000580 seconds
292.232: Application time: 0.0678630 seconds
292.232: [GC [PSYoungGen: 14750K->352K(15360K)] 37594K->23219K(39936K), 0.0004390 secs] [Times: user=0.00 sys=0.00, real=0.00 secs] 
292.233: Total time for which application threads were stopped: 0.0005660 seconds, Stopping threads took: 0.0000620 seconds
292.300: Application time: 0.0671950 seconds
292.300: [GC [PSYoungGen: 14687K->544K(15360K)] 37554K->23759K(39936K), 0.0004980 secs] [Times: user=0.01 sys=0.00, real=0.00 secs] 
292.301: Total time for which application threads were stopped: 0.0006430 seconds, Stopping threads took: 0.0000800 seconds
292.362: Application time: 0.0608910 seconds
292.362: [GC [PSYoungGen: 14762K->608K(15360K)] 37978K->23839K(39936K), 0.0004620 secs] [Times: user=0.00 sys=0.00, real=0.00 secs] 
292.362: Total time for which application threads were stopped: 0.0005820 seconds, Stopping threads took: 0.0000600 seconds
292.402: Application time: 0.0402120 seconds
292.402: [GC [PSYoungGen: 14941K->544K(15360K)] 38173K->24176K(39936K), 0.0005610 secs] [Times: user=0.01 sys=0.00, real=0.00 secs] 
292.403: Total time for which application threads were stopped: 0.0006730 seconds, Stopping threads took: 0.0000480 seconds
292.463: Application time: 0.0603320 seconds
292.463: [GC [PSYoungGen: 14879K->384K(15360K)] 38512K->24237K(39936K), 0.0004480 secs] [Times: user=0.00 sys=0.00, real=0.00 secs] 
292.464: Total time for which application threads were stopped: 0.0005690 seconds, Stopping threads took: 0.0000460 seconds
292.530: Application time: 0.0664480 seconds
292.531: [GC [PSYoungGen: 14719K->704K(15360K)] 38572K->24573K(39936K), 0.0005070 secs] [Times: user=0.00 sys=0.00, real=0.00 secs] 
292.531: Total time for which application threads were stopped: 0.0006480 seconds, Stopping threads took: 0.0000770 seconds
292.598: Application time: 0.0665620 seconds
292.598: [GC [PSYoungGen: 15037K->384K(15360K)] 38907K->24706K(39936K), 0.0005400 secs] [Times: user=0.00 sys=0.00, real=0.00 secs] 
292.598: [Full GC [PSYoungGen: 384K->0K(15360K)] [ParOldGen: 24322K->4435K(24064K)] 24706K->4435K(39424K) [PSPermGen: 5580K->5580K(21504K)], 0.0062760 secs] [Times: user=0.03 sys=0.00, real=0.01 secs] 
292.605: Total time for which application threads were stopped: 0.0069810 seconds, Stopping threads took: 0.0000490 seconds
292.674: Application time: 0.0697310 seconds
292.674: [GC [PSYoungGen: 14335K->0K(15360K)] 18771K->4435K(39424K), 0.0004110 secs] [Times: user=0.00 sys=0.00, real=0.00 secs] 
292.675: Total time for which application threads were stopped: 0.0005280 seconds, Stopping threads took: 0.0000520 seconds
292.744: Application time: 0.0695870 seconds
292.745: [GC [PSYoungGen: 14332K->0K(15360K)] 18768K->4435K(39424K), 0.0003470 secs] [Times: user=0.00 sys=0.00, real=0.00 secs] 
292.745: Total time for which application threads were stopped: 0.0004690 seconds, Stopping threads took: 0.0000630 seconds
292.815: Application time: 0.0698890 seconds
292.815: [GC [PSYoungGen: 14335K->0K(15360K)] 18771K->4435K(39424K), 0.0004060 secs] [Times: user=0.00 sys=0.00, real=0.00 secs] 
292.815: Total time for which application threads were stopped: 0.0005340 seconds, Stopping threads took: 0.0000690 seconds
292.881: Application time: 0.0654850 seconds
292.881: [GC [PSYoungGen: 14332K->544K(15360K)] 18768K->4979K(39424K), 0.0004380 secs] [Times: user=0.00 sys=0.00, real=0.00 secs] 
292.881: Total time for which application threads were stopped: 0.0005510 seconds, Stopping threads took: 0.0000510 seconds
292.952: Application time: 0.0705950 seconds
292.956: [GC [PSYoungGen: 14879K->0K(15360K)] 19315K->4880K(39424K), 0.0004970 secs] [Times: user=0.00 sys=0.00, real=0.00 secs] 
292.956: Total time for which application threads were stopped: 0.0043080 seconds, Stopping threads took: 0.0037480 seconds
293.026: Application time: 0.0701040 seconds
293.027: [GC [PSYoungGen: 14332K->0K(15360K)] 19213K->4880K(39424K), 0.0003640 secs] [Times: user=0.00 sys=0.00, real=0.00 secs] 
293.027: Total time for which application threads were stopped: 0.0004940 seconds, Stopping threads took: 0.0000540 seconds
293.081: Application time: 0.0542790 seconds
293.081: [GC [PSYoungGen: 14332K->384K(15360K)] 19212K->5264K(39424K), 0.0004170 secs] [Times: user=0.00 sys=0.00, real=0.00 secs] 
293.082: Total time for which application threads were stopped: 0.0005270 seconds, Stopping threads took: 0.0000480 seconds
293.141: Application time: 0.0596960 seconds
293.141: [GC [PSYoungGen: 14719K->512K(15360K)] 19600K->5400K(39424K), 0.0004480 secs] [Times: user=0.00 sys=0.00, real=0.00 secs] 
293.142: Total time for which application threads were stopped: 0.0005600 seconds, Stopping threads took: 0.0000480 seconds
293.186: Application time: 0.0444670 seconds
293.187: [GC [PSYoungGen: 14846K->736K(15360K)] 19734K->5680K(39424K), 0.0004640 secs] [Times: user=0.00 sys=0.00, real=0.00 secs] 
293.187: Total time for which application threads were stopped: 0.0005820 seconds, Stopping threads took: 0.0000560 seconds
293.238: Application time: 0.0514560 seconds
293.239: [GC [PSYoungGen: 15068K->352K(15360K)] 20012K->5733K(39424K), 0.0005230 secs] [Times: user=0.00 sys=0.00, real=0.00 secs] 
293.239: Total time for which application threads were stopped: 0.0006500 seconds, Stopping threads took: 0.0000640 seconds
293.305: Application time: 0.0661950 seconds
293.305: [GC [PSYoungGen: 14685K->480K(15360K)] 20066K->5909K(39424K), 0.0005040 secs] [Times: user=0.00 sys=0.00, real=0.00 secs] 
293.306: Total time for which application threads were stopped: 0.0006200 seconds, Stopping threads took: 0.0000540 seconds
293.375: Application time: 0.0691790 seconds
293.375: [GC [PSYoungGen: 14812K->0K(15360K)] 20241K->5846K(39424K), 0.0005120 secs] [Times: user=0.00 sys=0.00, real=0.00 secs] 
293.376: Total time for which application threads were stopped: 0.0006500 seconds, Stopping threads took: 0.0000690 seconds
293.445: Application time: 0.0694730 seconds
293.445: [GC [PSYoungGen: 14332K->0K(15360K)] 20178K->5846K(39424K), 0.0004630 secs] [Times: user=0.00 sys=0.00, real=0.00 secs] 
293.446: Total time for which application threads were stopped: 0.0005790 seconds, Stopping threads took: 0.0000560 seconds
293.514: Application time: 0.0682910 seconds
293.514: [GC [PSYoungGen: 14335K->352K(15360K)] 20181K->6198K(39424K), 0.0003930 secs] [Times: user=0.00 sys=0.00, real=0.00 secs] 
293.515: Total time for which application threads were stopped: 0.0005090 seconds, Stopping threads took: 0.0000500 seconds
293.583: Application time: 0.0685050 seconds
293.583: [GC [PSYoungGen: 14685K->320K(15360K)] 20531K->6182K(39424K), 0.0004250 secs] [Times: user=0.01 sys=0.00, real=0.00 secs] 
293.584: Total time for which application threads were stopped: 0.0005540 seconds, Stopping threads took: 0.0000510 seconds
293.650: Application time: 0.0668040 seconds
293.652: [GC [PSYoungGen: 14653K->544K(15360K)] 20515K->6638K(39424K), 0.0004730 secs] [Times: user=0.00 sys=0.00, real=0.00 secs] 
293.652: Total time for which application threads were stopped: 0.0017710 seconds, Stopping threads took: 0.0012360 seconds
293.721: Application time: 0.0685420 seconds
293.721: [GC [PSYoungGen: 14880K->352K(15360K)] 20974K->6674K(39424K), 0.0004160 secs] [Times: user=0.00 sys=0.00, real=0.00 secs] 
293.721: Total time for which application threads were stopped: 0.0005390 seconds, Stopping threads took: 0.0000610 seconds
293.760: Application time: 0.0390840 seconds
293.761: [GC [PSYoungGen: 14687K->576K(15360K)] 21010K->7119K(39424K), 0.0004890 secs] [Times: user=0.00 sys=0.00, real=0.00 secs] 
293.761: Total time for which application threads were stopped: 0.0006080 seconds, Stopping threads took: 0.0000520 seconds
293.817: Application time: 0.0556390 seconds
293.817: [GC [PSYoungGen: 14907K->480K(15360K)] 21450K->7111K(39424K), 0.0004930 secs] [Times: user=0.00 sys=0.00, real=0.00 secs] 
293.817: Total time for which application threads were stopped: 0.0006070 seconds, Stopping threads took: 0.0000490 seconds
293.884: Application time: 0.0665840 seconds
293.884: [GC [PSYoungGen: 14812K->512K(15360K)] 21443K->7159K(39424K), 0.0004180 secs] [Times: user=0.00 sys=0.00, real=0.00 secs] 
293.884: Total time for which application threads were stopped: 0.0005620 seconds, Stopping threads took: 0.0000770 seconds
293.954: Application time: 0.0692610 seconds
293.954: [GC [PSYoungGen: 14844K->0K(15360K)] 21492K->7056K(39424K), 0.0004340 secs] [Times: user=0.00 sys=0.00, real=0.00 secs] 
293.954: Total time for which application threads were stopped: 0.0005640 seconds, Stopping threads took: 0.0000670 seconds
294.013: Application time: 0.0587080 seconds
294.013: [GC [PSYoungGen: 14333K->384K(15360K)] 21389K->7440K(39424K), 0.0003890 secs] [Times: user=0.00 sys=0.00, real=0.00 secs] 
294.013: Total time for which application threads were stopped: 0.0005070 seconds, Stopping threads took: 0.0000550 seconds
294.071: Application time: 0.0579990 seconds
294.072: [GC [PSYoungGen: 14719K->352K(15360K)] 21775K->7416K(39424K), 0.0004730 secs] [Times: user=0.00 sys=0.00, real=0.01 secs] 
294.072: Total time for which application threads were stopped: 0.0005910 seconds, Stopping threads took: 0.0000550 seconds
294.140: Application time: 0.0680020 seconds
294.140: [GC [PSYoungGen: 14687K->352K(15360K)] 21752K->7440K(39424K), 0.0004030 secs] [Times: user=0.00 sys=0.00, real=0.00 secs] 
294.141: Total time for which application threads were stopped: 0.0005270 seconds, Stopping threads took: 0.0000460 seconds
294.207: Application time: 0.0667900 seconds
294.212: [GC [PSYoungGen: 14665K->448K(15360K)] 21754K->7757K(39424K), 0.0005140 secs] [Times: user=0.01 sys=0.00, real=0.00 secs] 
294.212: Total time for which application threads were stopped: 0.0049040 seconds, Stopping threads took: 0.0043280 seconds
294.272: Application time: 0.0594730 seconds
294.272: [GC [PSYoungGen: 14782K->640K(15360K)] 22092K->8033K(39424K), 0.0004790 secs] [Times: user=0.01 sys=0.00, real=0.00 secs] 
294.272: Total time for which application threads were stopped: 0.0006040 seconds, Stopping threads took: 0.0000510 seconds
294.314: Application time: 0.0416280 seconds
294.314: [GC [PSYoungGen: 14972K->544K(15360K)] 22365K->8281K(39424K), 0.0004850 secs] [Times: user=0.00 sys=0.00, real=0.00 secs] 
294.315: Total time for which application threads were stopped: 0.0006090 seconds, Stopping threads took: 0.0000610 seconds
294.375: Application time: 0.0603580 seconds
294.375: [GC [PSYoungGen: 14873K->352K(15360K)] 22611K->8097K(39424K), 0.0004830 secs] [Times: user=0.01 sys=0.00, real=0.00 secs] 
294.376: Total time for which application threads were stopped: 0.0005970 seconds, Stopping threads took: 0.0000550 seconds
294.443: Application time: 0.0675590 seconds
294.443: [GC [PSYoungGen: 14687K->448K(15360K)] 22432K->8318K(39424K), 0.0004820 secs] [Times: user=0.01 sys=0.00, real=0.00 secs] 
294.444: Total time for which application threads were stopped: 0.0006110 seconds, Stopping threads took: 0.0000660 seconds
294.510: Application time: 0.0666500 seconds
294.511: [GC [PSYoungGen: 14781K->384K(15360K)] 22652K->8602K(39424K), 0.0004800 secs] [Times: user=0.00 sys=0.00, real=0.00 secs] 
294.511: Total time for which application threads were stopped: 0.0005980 seconds, Stopping threads took: 0.0000530 seconds
294.580: Application time: 0.0689410 seconds
294.580: [GC [PSYoungGen: 14716K->0K(15360K)] 22935K->8474K(39424K), 0.0004190 secs] [Times: user=0.00 sys=0.00, real=0.00 secs] 
294.581: Total time for which application threads were stopped: 0.0005590 seconds, Stopping threads took: 0.0000770 seconds
294.650: Application time: 0.0691420 seconds
294.650: [GC [PSYoungGen: 14332K->0K(15360K)] 22807K->8474K(39424K), 0.0004150 secs] [Times: user=0.00 sys=0.00, real=0.00 secs] 
294.650: Total time for which application threads were stopped: 0.0005460 seconds, Stopping threads took: 0.0000590 seconds
294.719: Application time: 0.0683200 seconds
294.719: [GC [PSYoungGen: 14333K->352K(15360K)] 22807K->8826K(39424K), 0.0004290 secs] [Times: user=0.01 sys=0.00, real=0.00 secs] 
294.719: Total time for which application threads were stopped: 0.0005490 seconds, Stopping threads took: 0.0000600 seconds
294.786: Application time: 0.0664420 seconds
294.786: [GC [PSYoungGen: 14687K->512K(15360K)] 23162K->8994K(39424K), 0.0005260 secs] [Times: user=0.00 sys=0.00, real=0.00 secs] 
294.786: Total time for which application threads were stopped: 0.0006350 seconds, Stopping threads took: 0.0000480 seconds
294.857: Application time: 0.0704050 seconds
294.857: [GC [PSYoungGen: 14844K->0K(15360K)] 23327K->8927K(39424K), 0.0004650 secs] [Times: user=0.00 sys=0.00, real=0.00 secs] 
294.857: Total time for which application threads were stopped: 0.0005880 seconds, Stopping threads took: 0.0000610 seconds
294.927: Application time: 0.0701610 seconds
294.927: [GC [PSYoungGen: 14332K->0K(15360K)] 23260K->8927K(39424K), 0.0003660 secs] [Times: user=0.01 sys=0.00, real=0.00 secs] 
294.928: Total time for which application threads were stopped: 0.0005070 seconds, Stopping threads took: 0.0000790 seconds
294.979: Application time: 0.0507030 seconds
294.979: [GC [PSYoungGen: 14333K->352K(15360K)] 23261K->9279K(39424K), 0.0004850 secs] [Times: user=0.00 sys=0.00, real=0.00 secs] 
294.979: Total time for which application threads were stopped: 0.0006110 seconds, Stopping threads took: 0.0000620 seconds
295.035: Application time: 0.0558180 seconds
295.035: [GC [PSYoungGen: 14686K->544K(15360K)] 23613K->9487K(39424K), 0.0004450 secs] [Times: user=0.00 sys=0.00, real=0.00 secs] 
295.036: Total time for which application threads were stopped: 0.0005690 seconds, Stopping threads took: 0.0000630 seconds
295.080: Application time: 0.0443640 seconds
295.080: [GC [PSYoungGen: 14876K->816K(15360K)] 23820K->9815K(39424K), 0.0004860 secs] [Times: user=0.00 sys=0.00, real=0.00 secs] 
295.080: Total time for which application threads were stopped: 0.0005940 seconds, Stopping threads took: 0.0000430 seconds
295.138: Application time: 0.0577860 seconds
295.138: [GC [PSYoungGen: 15149K->544K(15360K)] 24148K->9828K(39424K), 0.0004850 secs] [Times: user=0.00 sys=0.00, real=0.00 secs] 
295.139: Total time for which application threads were stopped: 0.0006080 seconds, Stopping threads took: 0.0000630 seconds
295.207: Application time: 0.0677660 seconds
295.207: [GC [PSYoungGen: 14879K->352K(15360K)] 24163K->9872K(39424K), 0.0004220 secs] [Times: user=0.00 sys=0.00, real=0.00 secs] 
295.207: Total time for which application threads were stopped: 0.0005520 seconds, Stopping threads took: 0.0000580 seconds
295.277: Application time: 0.0693360 seconds
295.277: [GC [PSYoungGen: 14685K->0K(15360K)] 24205K->9749K(39424K), 0.0003970 secs] [Times: user=0.00 sys=0.00, real=0.00 secs] 
295.277: Total time for which application threads were stopped: 0.0005060 seconds, Stopping threads took: 0.0000460 seconds
295.346: Application time: 0.0691660 seconds
295.346: [GC [PSYoungGen: 14333K->0K(15360K)] 24082K->9749K(39424K), 0.0003650 secs] [Times: user=0.00 sys=0.00, real=0.00 secs] 
295.347: Total time for which application threads were stopped: 0.0004920 seconds, Stopping threads took: 0.0000650 seconds
295.412: Application time: 0.0648740 seconds
295.412: [GC [PSYoungGen: 14333K->384K(15360K)] 24082K->10133K(39424K), 0.0003970 secs] [Times: user=0.00 sys=0.00, real=0.01 secs] 
295.412: Total time for which application threads were stopped: 0.0005060 seconds, Stopping threads took: 0.0000510 seconds
295.475: Application time: 0.0630200 seconds
295.475: [GC [PSYoungGen: 14716K->384K(15360K)] 24466K->10353K(39424K), 0.0004160 secs] [Times: user=0.00 sys=0.00, real=0.00 secs] 
295.476: Total time for which application threads were stopped: 0.0005320 seconds, Stopping threads took: 0.0000570 seconds
295.537: Application time: 0.0609300 seconds
295.537: [GC [PSYoungGen: 14716K->512K(15360K)] 24686K->10489K(39424K), 0.0004800 secs] [Times: user=0.00 sys=0.00, real=0.00 secs] 
295.537: Total time for which application threads were stopped: 0.0006100 seconds, Stopping threads took: 0.0000700 seconds
295.598: Application time: 0.0612770 seconds
295.599: [GC [PSYoungGen: 14845K->352K(15360K)] 24823K->10754K(39424K), 0.0004350 secs] [Times: user=0.00 sys=0.00, real=0.00 secs] 
295.599: Total time for which application threads were stopped: 0.0005500 seconds, Stopping threads took: 0.0000520 seconds
295.634: Application time: 0.0347840 seconds
295.634: [GC [PSYoungGen: 14687K->640K(15360K)] 25090K->11050K(39424K), 0.0004480 secs] [Times: user=0.00 sys=0.00, real=0.00 secs] 
295.634: Total time for which application threads were stopped: 0.0005590 seconds, Stopping threads took: 0.0000520 seconds
295.688: Application time: 0.0540940 seconds
295.692: [GC [PSYoungGen: 14973K->544K(15360K)] 25384K->11034K(39424K), 0.0004270 secs] [Times: user=0.01 sys=0.00, real=0.00 secs] 
295.692: Total time for which application threads were stopped: 0.0037430 seconds, Stopping threads took: 0.0032540 seconds
295.753: Application time: 0.0610060 seconds
295.753: [GC [PSYoungGen: 14877K->544K(15360K)] 25368K->11066K(39424K), 0.0004130 secs] [Times: user=0.01 sys=0.00, real=0.00 secs] 
295.754: Total time for which application threads were stopped: 0.0005590 seconds, Stopping threads took: 0.0000750 seconds
295.817: Application time: 0.0631840 seconds
295.817: [GC [PSYoungGen: 14879K->0K(15360K)] 25402K->10932K(39424K), 0.0004160 secs] [Times: user=0.00 sys=0.00, real=0.00 secs] 
295.818: Total time for which application threads were stopped: 0.0005330 seconds, Stopping threads took: 0.0000580 seconds
295.865: Application time: 0.0475260 seconds
295.865: [GC [PSYoungGen: 14331K->384K(15360K)] 25263K->11316K(39424K), 0.0003970 secs] [Times: user=0.00 sys=0.00, real=0.00 secs] 
295.866: Total time for which application threads were stopped: 0.0005220 seconds, Stopping threads took: 0.0000650 seconds
295.925: Application time: 0.0590440 seconds
295.925: [GC [PSYoungGen: 14717K->352K(15360K)] 25649K->11308K(39424K), 0.0003690 secs] [Times: user=0.00 sys=0.00, real=0.00 secs] 
295.925: Total time for which application threads were stopped: 0.0005050 seconds, Stopping threads took: 0.0000670 seconds
295.987: Application time: 0.0621490 seconds
295.987: [GC [PSYoungGen: 14685K->352K(15360K)] 25641K->11324K(39424K), 0.0004220 secs] [Times: user=0.00 sys=0.00, real=0.00 secs] 
295.988: Total time for which application threads were stopped: 0.0005520 seconds, Stopping threads took: 0.0000670 seconds
296.047: Application time: 0.0594970 seconds
296.047: [GC [PSYoungGen: 14687K->544K(15360K)] 25659K->11732K(39424K), 0.0004750 secs] [Times: user=0.00 sys=0.00, real=0.00 secs] 
296.048: Total time for which application threads were stopped: 0.0005850 seconds, Stopping threads took: 0.0000520 seconds
296.100: Application time: 0.0524650 seconds
296.100: [GC [PSYoungGen: 14875K->384K(15360K)] 26064K->11989K(39424K), 0.0004510 secs] [Times: user=0.00 sys=0.00, real=0.00 secs] 
296.101: Total time for which application threads were stopped: 0.0005870 seconds, Stopping threads took: 0.0000730 seconds
296.143: Application time: 0.0418120 seconds
296.143: [GC [PSYoungGen: 14717K->640K(15360K)] 26322K->12261K(39424K), 0.0004440 secs] [Times: user=0.00 sys=0.00, real=0.00 secs] 
296.143: Total time for which application threads were stopped: 0.0005680 seconds, Stopping threads took: 0.0000630 seconds
296.198: Application time: 0.0547430 seconds
296.198: [GC [PSYoungGen: 14973K->480K(15360K)] 26594K->12117K(39424K), 0.0004240 secs] [Times: user=0.00 sys=0.00, real=0.00 secs] 
296.199: Total time for which application threads were stopped: 0.0005580 seconds, Stopping threads took: 0.0000740 seconds
296.259: Application time: 0.0599040 seconds
296.259: [GC [PSYoungGen: 14813K->512K(15360K)] 26450K->12385K(39424K), 0.0005080 secs] [Times: user=0.00 sys=0.00, real=0.00 secs] 
296.259: Total time for which application threads were stopped: 0.0006120 seconds, Stopping threads took: 0.0000370 seconds
296.322: Application time: 0.0629840 seconds
296.324: [GC [PSYoungGen: 14847K->0K(15360K)] 26720K->12314K(39424K), 0.0004650 secs] [Times: user=0.00 sys=0.00, real=0.00 secs] 
296.324: Total time for which application threads were stopped: 0.0021310 seconds, Stopping threads took: 0.0016030 seconds
296.388: Application time: 0.0637330 seconds
296.388: [GC [PSYoungGen: 14333K->0K(15360K)] 26647K->12314K(39424K), 0.0003520 secs] [Times: user=0.00 sys=0.00, real=0.00 secs] 
296.389: Total time for which application threads were stopped: 0.0005120 seconds, Stopping threads took: 0.0000980 seconds
296.452: Application time: 0.0639710 seconds
296.453: [GC [PSYoungGen: 14333K->0K(15360K)] 26647K->12314K(39424K), 0.0003340 secs] [Times: user=0.00 sys=0.00, real=0.00 secs] 
296.453: Total time for which application threads were stopped: 0.0004490 seconds, Stopping threads took: 0.0000560 seconds
296.515: Application time: 0.0621570 seconds
296.515: [GC [PSYoungGen: 14336K->384K(15360K)] 26650K->12698K(39424K), 0.0003970 secs] [Times: user=0.00 sys=0.00, real=0.00 secs] 
296.516: Total time for which application threads were stopped: 0.0005170 seconds, Stopping threads took: 0.0000550 seconds
296.578: Application time: 0.0618750 seconds
296.578: [GC [PSYoungGen: 14717K->352K(15360K)] 27032K->12895K(39424K), 0.0004710 secs] [Times: user=0.00 sys=0.00, real=0.00 secs] 
296.578: Total time for which application threads were stopped: 0.0005750 seconds, Stopping threads took: 0.0000410 seconds
296.642: Application time: 0.0639910 seconds
296.642: [GC [PSYoungGen: 14687K->0K(15360K)] 27230K->12783K(39424K), 0.0004160 secs] [Times: user=0.00 sys=0.00, real=0.00 secs] 
296.643: Total time for which application threads were stopped: 0.0005730 seconds, Stopping threads took: 0.0000970 seconds
296.701: Application time: 0.0583990 seconds
296.701: [GC [PSYoungGen: 14331K->384K(15360K)] 27115K->13167K(39424K), 0.0004130 secs] [Times: user=0.00 sys=0.00, real=0.00 secs] 
296.702: Total time for which application threads were stopped: 0.0005530 seconds, Stopping threads took: 0.0000810 seconds
296.751: Application time: 0.0497580 seconds
296.751: [GC [PSYoungGen: 14717K->368K(15360K)] 27501K->13167K(39424K), 0.0004050 secs] [Times: user=0.00 sys=0.01, real=0.01 secs] 
296.752: Total time for which application threads were stopped: 0.0005460 seconds, Stopping threads took: 0.0000800 seconds
296.798: Application time: 0.0465510 seconds
296.799: [GC [PSYoungGen: 14699K->384K(15360K)] 27499K->13428K(39424K), 0.0004550 secs] [Times: user=0.00 sys=0.00, real=0.00 secs] 
296.799: Total time for which application threads were stopped: 0.0005830 seconds, Stopping threads took: 0.0000570 seconds
296.844: Application time: 0.0445880 seconds
296.844: [GC [PSYoungGen: 14717K->784K(15360K)] 27762K->13836K(39424K), 0.0004570 secs] [Times: user=0.00 sys=0.00, real=0.00 secs] 
296.844: Total time for which application threads were stopped: 0.0005800 seconds, Stopping threads took: 0.0000640 seconds
296.900: Application time: 0.0555680 seconds
296.900: [GC [PSYoungGen: 15119K->512K(15360K)] 28171K->13856K(39424K), 0.0004740 secs] [Times: user=0.01 sys=0.00, real=0.00 secs] 
296.900: Total time for which application threads were stopped: 0.0005960 seconds, Stopping threads took: 0.0000650 seconds
296.962: Application time: 0.0618970 seconds
296.962: [GC [PSYoungGen: 14844K->352K(15360K)] 28189K->13933K(39424K), 0.0004230 secs] [Times: user=0.00 sys=0.00, real=0.00 secs] 
296.963: Total time for which application threads were stopped: 0.0005330 seconds, Stopping threads took: 0.0000500 seconds
297.026: Application time: 0.0628940 seconds
297.026: [GC [PSYoungGen: 14685K->0K(15360K)] 28266K->13805K(39424K), 0.0003920 secs] [Times: user=0.00 sys=0.00, real=0.00 secs] 
297.026: Total time for which application threads were stopped: 0.0005030 seconds, Stopping threads took: 0.0000510 seconds
297.089: Application time: 0.0629550 seconds
297.089: [GC [PSYoungGen: 14333K->0K(15360K)] 28138K->13805K(39424K), 0.0003730 secs] [Times: user=0.00 sys=0.00, real=0.00 secs] 
297.090: Total time for which application threads were stopped: 0.0004930 seconds, Stopping threads took: 0.0000620 seconds
297.151: Application time: 0.0615840 seconds
297.151: [GC [PSYoungGen: 14334K->384K(15360K)] 28140K->14189K(39424K), 0.0004030 secs] [Times: user=0.00 sys=0.00, real=0.01 secs] 
297.152: Total time for which application threads were stopped: 0.0005350 seconds, Stopping threads took: 0.0000680 seconds
297.213: Application time: 0.0615760 seconds
297.213: [GC [PSYoungGen: 14717K->352K(15360K)] 28522K->14381K(39424K), 0.0004490 secs] [Times: user=0.00 sys=0.00, real=0.00 secs] 
297.214: Total time for which application threads were stopped: 0.0005680 seconds, Stopping threads took: 0.0000590 seconds
297.276: Application time: 0.0619320 seconds
297.276: [GC [PSYoungGen: 14687K->256K(15360K)] 28716K->14489K(39424K), 0.0004710 secs] [Times: user=0.00 sys=0.00, real=0.00 secs] 
297.276: Total time for which application threads were stopped: 0.0005820 seconds, Stopping threads took: 0.0000500 seconds
297.340: Application time: 0.0635150 seconds
297.340: [GC [PSYoungGen: 14588K->0K(15360K)] 28822K->14462K(39424K), 0.0004030 secs] [Times: user=0.00 sys=0.00, real=0.00 secs] 
297.341: Total time for which application threads were stopped: 0.0005310 seconds, Stopping threads took: 0.0000570 seconds
297.380: Application time: 0.0398780 seconds
297.380: [GC [PSYoungGen: 14334K->544K(15360K)] 28796K->15006K(39424K), 0.0004430 secs] [Times: user=0.00 sys=0.00, real=0.00 secs] 
297.381: Total time for which application threads were stopped: 0.0005520 seconds, Stopping threads took: 0.0000470 seconds
297.427: Application time: 0.0464350 seconds
297.427: [GC [PSYoungGen: 14877K->544K(15360K)] 29339K->15094K(39424K), 0.0004250 secs] [Times: user=0.00 sys=0.00, real=0.00 secs] 
297.428: Total time for which application threads were stopped: 0.0005420 seconds, Stopping threads took: 0.0000570 seconds
297.489: Application time: 0.0606930 seconds
297.489: [GC [PSYoungGen: 14879K->448K(15360K)] 29429K->15022K(39424K), 0.0004390 secs] [Times: user=0.00 sys=0.00, real=0.00 secs] 
297.489: Total time for which application threads were stopped: 0.0005600 seconds, Stopping threads took: 0.0000610 seconds
297.546: Application time: 0.0572390 seconds
297.547: [GC [PSYoungGen: 14779K->384K(15360K)] 29354K->15367K(39424K), 0.0004630 secs] [Times: user=0.00 sys=0.00, real=0.00 secs] 
297.547: Total time for which application threads were stopped: 0.0006050 seconds, Stopping threads took: 0.0000810 seconds
297.596: Application time: 0.0491250 seconds
297.596: [GC [PSYoungGen: 14717K->320K(15360K)] 29701K->15319K(39424K), 0.0004110 secs] [Times: user=0.00 sys=0.00, real=0.00 secs] 
297.598: Total time for which application threads were stopped: 0.0017200 seconds, Stopping threads took: 0.0000560 seconds
297.659: Application time: 0.0614560 seconds
297.659: [GC [PSYoungGen: 14655K->352K(15360K)] 29654K->15367K(39424K), 0.0004170 secs] [Times: user=0.00 sys=0.00, real=0.01 secs] 
297.660: Total time for which application threads were stopped: 0.0005540 seconds, Stopping threads took: 0.0000750 seconds
297.722: Application time: 0.0626180 seconds
297.723: [GC [PSYoungGen: 14684K->0K(15360K)] 29700K->15244K(39424K), 0.0003840 secs] [Times: user=0.00 sys=0.00, real=0.00 secs] 
297.723: Total time for which application threads were stopped: 0.0005220 seconds, Stopping threads took: 0.0000790 seconds
297.782: Application time: 0.0593160 seconds
297.782: [GC [PSYoungGen: 14331K->512K(15360K)] 29575K->15756K(39424K), 0.0004270 secs] [Times: user=0.00 sys=0.00, real=0.00 secs] 
297.783: Total time for which application threads were stopped: 0.0005490 seconds, Stopping threads took: 0.0000590 seconds
297.823: Application time: 0.0401150 seconds
297.823: [GC [PSYoungGen: 14847K->864K(15360K)] 30091K->16116K(39424K), 0.0005420 secs] [Times: user=0.00 sys=0.00, real=0.00 secs] 
297.824: Total time for which application threads were stopped: 0.0006640 seconds, Stopping threads took: 0.0000590 seconds
297.869: Application time: 0.0455980 seconds
297.869: [GC [PSYoungGen: 15198K->512K(15360K)] 30450K->16168K(39424K), 0.0005770 secs] [Times: user=0.00 sys=0.00, real=0.00 secs] 
297.870: Total time for which application threads were stopped: 0.0007010 seconds, Stopping threads took: 0.0000560 seconds
297.930: Application time: 0.0602480 seconds
297.930: [GC [PSYoungGen: 14845K->544K(15360K)] 30502K->16216K(39424K), 0.0004530 secs] [Times: user=0.00 sys=0.00, real=0.00 secs] 
297.931: Total time for which application threads were stopped: 0.0005620 seconds, Stopping threads took: 0.0000480 seconds
297.992: Application time: 0.0608440 seconds
297.992: [GC [PSYoungGen: 14878K->288K(15360K)] 30550K->16393K(39424K), 0.0005650 secs] [Times: user=0.01 sys=0.00, real=0.00 secs] 
297.992: Total time for which application threads were stopped: 0.0006720 seconds, Stopping threads took: 0.0000510 seconds
298.055: Application time: 0.0627370 seconds
298.055: [GC [PSYoungGen: 14623K->0K(15360K)] 30728K->16361K(39424K), 0.0004160 secs] [Times: user=0.00 sys=0.00, real=0.00 secs] 
298.056: Total time for which application threads were stopped: 0.0005260 seconds, Stopping threads took: 0.0000500 seconds
298.119: Application time: 0.0629950 seconds
298.119: [GC [PSYoungGen: 14335K->0K(15360K)] 30696K->16361K(39424K), 0.0003750 secs] [Times: user=0.00 sys=0.00, real=0.00 secs] 
298.119: Total time for which application threads were stopped: 0.0004980 seconds, Stopping threads took: 0.0000640 seconds
298.182: Application time: 0.0630130 seconds
298.182: [GC [PSYoungGen: 14332K->0K(15360K)] 30694K->16361K(39424K), 0.0003470 secs] [Times: user=0.00 sys=0.00, real=0.00 secs] 
298.183: Total time for which application threads were stopped: 0.0004570 seconds, Stopping threads took: 0.0000460 seconds
298.242: Application time: 0.0595820 seconds
298.242: [GC [PSYoungGen: 14265K->448K(15360K)] 30627K->16809K(39424K), 0.0004640 secs] [Times: user=0.00 sys=0.00, real=0.00 secs] 
298.243: Total time for which application threads were stopped: 0.0005810 seconds, Stopping threads took: 0.0000590 seconds
298.306: Application time: 0.0630640 seconds
298.306: [GC [PSYoungGen: 14782K->192K(15360K)] 31144K->16870K(39424K), 0.0004280 secs] [Times: user=0.00 sys=0.00, real=0.00 secs] 
298.306: Total time for which application threads were stopped: 0.0005450 seconds, Stopping threads took: 0.0000480 seconds
298.370: Application time: 0.0637400 seconds
298.370: [GC [PSYoungGen: 14524K->0K(15360K)] 31203K->16846K(39424K), 0.0003760 secs] [Times: user=0.00 sys=0.00, real=0.00 secs] 
298.371: Total time for which application threads were stopped: 0.0005160 seconds, Stopping threads took: 0.0000680 seconds
298.421: Application time: 0.0507580 seconds
298.421: [GC [PSYoungGen: 14332K->384K(15360K)] 31178K->17230K(39424K), 0.0003940 secs] [Times: user=0.01 sys=0.00, real=0.00 secs] 
298.422: Total time for which application threads were stopped: 0.0005130 seconds, Stopping threads took: 0.0000580 seconds
298.474: Application time: 0.0519280 seconds
298.474: [GC [PSYoungGen: 14718K->512K(15360K)] 31565K->17366K(39424K), 0.0004110 secs] [Times: user=0.00 sys=0.00, real=0.00 secs] 
298.474: Total time for which application threads were stopped: 0.0005150 seconds, Stopping threads took: 0.0000450 seconds
298.520: Application time: 0.0461230 seconds
298.521: [GC [PSYoungGen: 14843K->592K(15360K)] 31698K->17518K(39424K), 0.0004450 secs] [Times: user=0.00 sys=0.00, real=0.00 secs] 
298.521: Total time for which application threads were stopped: 0.0005690 seconds, Stopping threads took: 0.0000670 seconds
298.565: Application time: 0.0442330 seconds
298.565: [GC [PSYoungGen: 14925K->320K(15360K)] 31852K->17683K(39424K), 0.0005250 secs] [Times: user=0.01 sys=0.00, real=0.00 secs] 
298.566: Total time for which application threads were stopped: 0.0006470 seconds, Stopping threads took: 0.0000610 seconds
298.625: Application time: 0.0595350 seconds
298.626: [GC [PSYoungGen: 14655K->544K(15360K)] 32018K->17963K(39424K), 0.0004320 secs] [Times: user=0.00 sys=0.00, real=0.00 secs] 
298.626: Total time for which application threads were stopped: 0.0005510 seconds, Stopping threads took: 0.0000580 seconds
298.688: Application time: 0.0616940 seconds
298.688: [GC [PSYoungGen: 14877K->288K(15360K)] 32296K->17927K(39424K), 0.0004410 secs] [Times: user=0.00 sys=0.00, real=0.00 secs] 
298.688: Total time for which application threads were stopped: 0.0005650 seconds, Stopping threads took: 0.0000640 seconds
298.751: Application time: 0.0632100 seconds
298.752: [GC [PSYoungGen: 14621K->0K(15360K)] 32260K->17852K(39424K), 0.0004070 secs] [Times: user=0.00 sys=0.00, real=0.01 secs] 
298.752: Total time for which application threads were stopped: 0.0005250 seconds, Stopping threads took: 0.0000590 seconds
298.814: Application time: 0.0619320 seconds
298.814: [GC [PSYoungGen: 14335K->384K(15360K)] 32188K->18236K(39424K), 0.0003850 secs] [Times: user=0.00 sys=0.00, real=0.00 secs] 
298.814: Total time for which application threads were stopped: 0.0004980 seconds, Stopping threads took: 0.0000560 seconds
298.876: Application time: 0.0620570 seconds
298.877: [GC [PSYoungGen: 14719K->256K(15360K)] 32572K->18124K(39424K), 0.0004400 secs] [Times: user=0.00 sys=0.00, real=0.00 secs] 
298.877: Total time for which application threads were stopped: 0.0005770 seconds, Stopping threads took: 0.0000670 seconds
298.939: Application time: 0.0616040 seconds
298.939: [GC [PSYoungGen: 14588K->288K(15360K)] 32456K->18360K(39424K), 0.0004580 secs] [Times: user=0.00 sys=0.00, real=0.00 secs] 
298.939: Total time for which application threads were stopped: 0.0005890 seconds, Stopping threads took: 0.0000670 seconds
299.001: Application time: 0.0619320 seconds
299.001: [GC [PSYoungGen: 14623K->384K(15360K)] 32696K->18677K(39424K), 0.0004320 secs] [Times: user=0.00 sys=0.00, real=0.00 secs] 
299.002: Total time for which application threads were stopped: 0.0005490 seconds, Stopping threads took: 0.0000520 seconds
299.065: Application time: 0.0633850 seconds
299.065: [GC [PSYoungGen: 14719K->0K(15360K)] 33012K->18513K(39424K), 0.0004200 secs] [Times: user=0.00 sys=0.00, real=0.00 secs] 
299.066: Total time for which application threads were stopped: 0.0005280 seconds, Stopping threads took: 0.0000470 seconds
299.102: Application time: 0.0364690 seconds
299.102: [GC [PSYoungGen: 14333K->576K(15360K)] 32847K->19089K(39424K), 0.0004650 secs] [Times: user=0.00 sys=0.00, real=0.00 secs] 
299.103: Total time for which application threads were stopped: 0.0005710 seconds, Stopping threads took: 0.0000460 seconds
299.152: Application time: 0.0495990 seconds
299.152: [GC [PSYoungGen: 14910K->544K(15360K)] 33423K->19153K(39424K), 0.0004350 secs] [Times: user=0.01 sys=0.00, real=0.00 secs] 
299.153: Total time for which application threads were stopped: 0.0005660 seconds, Stopping threads took: 0.0000720 seconds
299.214: Application time: 0.0607120 seconds
299.214: [GC [PSYoungGen: 14877K->544K(15360K)] 33487K->19169K(39424K), 0.0004240 secs] [Times: user=0.00 sys=0.00, real=0.00 secs] 
299.214: Total time for which application threads were stopped: 0.0005360 seconds, Stopping threads took: 0.0000520 seconds
299.270: Application time: 0.0557490 seconds
299.270: [GC [PSYoungGen: 14875K->416K(15360K)] 33501K->19451K(39424K), 0.0004480 secs] [Times: user=0.01 sys=0.00, real=0.00 secs] 
299.270: Total time for which application threads were stopped: 0.0005640 seconds, Stopping threads took: 0.0000560 seconds
299.322: Application time: 0.0515940 seconds
299.322: [GC [PSYoungGen: 14747K->320K(15360K)] 33782K->19371K(39424K), 0.0004020 secs] [Times: user=0.00 sys=0.00, real=0.00 secs] 
299.323: Total time for which application threads were stopped: 0.0005160 seconds, Stopping threads took: 0.0000530 seconds
299.385: Application time: 0.0621100 seconds
299.385: [GC [PSYoungGen: 14653K->352K(15360K)] 33704K->19427K(39424K), 0.0003860 secs] [Times: user=0.01 sys=0.00, real=0.00 secs] 
299.385: Total time for which application threads were stopped: 0.0005110 seconds, Stopping threads took: 0.0000530 seconds
299.455: Application time: 0.0697220 seconds
299.455: [GC [PSYoungGen: 14687K->0K(15360K)] 33762K->19427K(39424K), 0.0004380 secs] [Times: user=0.00 sys=0.00, real=0.00 secs] 
299.455: Total time for which application threads were stopped: 0.0005540 seconds, Stopping threads took: 0.0000540 seconds
299.517: Application time: 0.0611050 seconds
299.517: [GC [PSYoungGen: 14335K->544K(15360K)] 33762K->19971K(39424K), 0.0004390 secs] [Times: user=0.00 sys=0.00, real=0.00 secs] 
299.517: Total time for which application threads were stopped: 0.0005790 seconds, Stopping threads took: 0.0000760 seconds
299.559: Application time: 0.0417240 seconds
299.559: [GC [PSYoungGen: 14877K->992K(15360K)] 34304K->20463K(39424K), 0.0005220 secs] [Times: user=0.01 sys=0.00, real=0.00 secs] 
299.560: Total time for which application threads were stopped: 0.0006640 seconds, Stopping threads took: 0.0000730 seconds
299.616: Application time: 0.0569780 seconds
299.617: [GC [PSYoungGen: 15325K->224K(15360K)] 34796K->20264K(39424K), 0.0005930 secs] [Times: user=0.00 sys=0.00, real=0.00 secs] 
299.617: Total time for which application threads were stopped: 0.0007290 seconds, Stopping threads took: 0.0000730 seconds
299.683: Application time: 0.0659800 seconds
299.683: [GC [PSYoungGen: 14557K->480K(15360K)] 34597K->20536K(39424K), 0.0004940 secs] [Times: user=0.00 sys=0.00, real=0.00 secs] 
299.684: Total time for which application threads were stopped: 0.0006300 seconds, Stopping threads took: 0.0000700 seconds
299.752: Application time: 0.0677390 seconds
299.752: [GC [PSYoungGen: 14813K->416K(15360K)] 34870K->20925K(39424K), 0.0004970 secs] [Times: user=0.00 sys=0.00, real=0.00 secs] 
299.752: Total time for which application threads were stopped: 0.0006360 seconds, Stopping threads took: 0.0000730 seconds
299.821: Application time: 0.0690320 seconds
299.821: [GC [PSYoungGen: 14748K->0K(15360K)] 35257K->20757K(39424K), 0.0004370 secs] [Times: user=0.01 sys=0.00, real=0.00 secs] 
299.822: Total time for which application threads were stopped: 0.0005520 seconds, Stopping threads took: 0.0000530 seconds
299.891: Application time: 0.0693190 seconds
299.891: [GC [PSYoungGen: 14332K->0K(15360K)] 35089K->20757K(39424K), 0.0004160 secs] [Times: user=0.00 sys=0.00, real=0.00 secs] 
299.892: Total time for which application threads were stopped: 0.0005640 seconds, Stopping threads took: 0.0000590 seconds
299.961: Application time: 0.0696800 seconds
299.961: [GC [PSYoungGen: 14335K->0K(15360K)] 35092K->20757K(39424K), 0.0003750 secs] [Times: user=0.00 sys=0.00, real=0.00 secs] 
299.962: Total time for which application threads were stopped: 0.0004950 seconds, Stopping threads took: 0.0000560 seconds
300.027: Application time: 0.0653680 seconds
300.027: [GC [PSYoungGen: 14335K->544K(15360K)] 35092K->21301K(39424K), 0.0004380 secs] [Times: user=0.00 sys=0.00, real=0.00 secs] 
300.028: Total time for which application threads were stopped: 0.0005440 seconds, Stopping threads took: 0.0000420 seconds
300.098: Application time: 0.0700520 seconds
300.098: [GC [PSYoungGen: 14879K->0K(15360K)] 35636K->21221K(39424K), 0.0004780 secs] [Times: user=0.00 sys=0.00, real=0.00 secs] 
300.098: Total time for which application threads were stopped: 0.0006030 seconds, Stopping threads took: 0.0000620 seconds
300.167: Application time: 0.0684270 seconds
300.167: [GC [PSYoungGen: 14331K->352K(15360K)] 35553K->21574K(39424K), 0.0004120 secs] [Times: user=0.01 sys=0.00, real=0.00 secs] 
300.167: Total time for which application threads were stopped: 0.0005170 seconds, Stopping threads took: 0.0000380 seconds
300.217: Application time: 0.0498040 seconds
300.217: [GC [PSYoungGen: 14685K->400K(15360K)] 35907K->21638K(39424K), 0.0004230 secs] [Times: user=0.01 sys=0.00, real=0.00 secs] 
300.218: Total time for which application threads were stopped: 0.0005410 seconds, Stopping threads took: 0.0000550 seconds
300.277: Application time: 0.0592230 seconds
300.277: [GC [PSYoungGen: 14733K->352K(15360K)] 35971K->21834K(39424K), 0.0004890 secs] [Times: user=0.00 sys=0.00, real=0.00 secs] 
300.278: Total time for which application threads were stopped: 0.0006220 seconds, Stopping threads took: 0.0000710 seconds
300.329: Application time: 0.0509210 seconds
300.329: [GC [PSYoungGen: 14685K->752K(15360K)] 36168K->22258K(39424K), 0.0004660 secs] [Times: user=0.00 sys=0.00, real=0.00 secs] 
300.329: Total time for which application threads were stopped: 0.0005750 seconds, Stopping threads took: 0.0000460 seconds
300.380: Application time: 0.0508190 seconds
300.384: [GC [PSYoungGen: 15084K->512K(15360K)] 36590K->22255K(39424K), 0.0005390 secs] [Times: user=0.00 sys=0.00, real=0.00 secs] 
300.384: Total time for which application threads were stopped: 0.0044280 seconds, Stopping threads took: 0.0038210 seconds
300.452: Application time: 0.0678920 seconds
300.452: [GC [PSYoungGen: 14847K->352K(15360K)] 36590K->22351K(39424K), 0.0004400 secs] [Times: user=0.00 sys=0.00, real=0.00 secs] 
300.453: Total time for which application threads were stopped: 0.0005820 seconds, Stopping threads took: 0.0000650 seconds
300.522: Application time: 0.0687470 seconds
300.522: [GC [PSYoungGen: 14685K->0K(15360K)] 36684K->22219K(39424K), 0.0004340 secs] [Times: user=0.00 sys=0.00, real=0.00 secs] 
300.522: Total time for which application threads were stopped: 0.0005850 seconds, Stopping threads took: 0.0000850 seconds
300.591: Application time: 0.0689770 seconds
300.591: [GC [PSYoungGen: 14333K->0K(15360K)] 36552K->22219K(39424K), 0.0004080 secs] [Times: user=0.00 sys=0.00, real=0.00 secs] 
300.592: Total time for which application threads were stopped: 0.0005290 seconds, Stopping threads took: 0.0000570 seconds
300.659: Application time: 0.0672150 seconds
300.659: [GC [PSYoungGen: 14333K->288K(15360K)] 36553K->22507K(39424K), 0.0004770 secs] [Times: user=0.00 sys=0.00, real=0.00 secs] 
300.659: Total time for which application threads were stopped: 0.0005940 seconds, Stopping threads took: 0.0000550 seconds
300.728: Application time: 0.0682520 seconds
300.728: [GC [PSYoungGen: 14621K->320K(15360K)] 36841K->22760K(39424K), 0.0005160 secs] [Times: user=0.00 sys=0.00, real=0.00 secs] 
300.728: Total time for which application threads were stopped: 0.0006350 seconds, Stopping threads took: 0.0000550 seconds
300.796: Application time: 0.0678890 seconds
300.796: [GC [PSYoungGen: 14652K->544K(15360K)] 37093K->22992K(39424K), 0.0004670 secs] [Times: user=0.00 sys=0.00, real=0.00 secs] 
300.797: Total time for which application threads were stopped: 0.0005960 seconds, Stopping threads took: 0.0000670 seconds
300.866: Application time: 0.0691090 seconds
300.866: [GC [PSYoungGen: 14876K->256K(15360K)] 37324K->22916K(39424K), 0.0005440 secs] [Times: user=0.00 sys=0.00, real=0.00 secs] 
300.867: Total time for which application threads were stopped: 0.0006620 seconds, Stopping threads took: 0.0000520 seconds
300.933: Application time: 0.0666550 seconds
300.933: [GC [PSYoungGen: 14590K->352K(15360K)] 37251K->23228K(39424K), 0.0004510 secs] [Times: user=0.00 sys=0.00, real=0.00 secs] 
300.934: Total time for which application threads were stopped: 0.0005650 seconds, Stopping threads took: 0.0000550 seconds
300.975: Application time: 0.0411250 seconds
300.975: [GC [PSYoungGen: 14687K->576K(15360K)] 37564K->23516K(39424K), 0.0004520 secs] [Times: user=0.00 sys=0.00, real=0.00 secs] 
300.976: Total time for which application threads were stopped: 0.0005770 seconds, Stopping threads took: 0.0000500 seconds
301.032: Application time: 0.0567200 seconds
301.032: [GC [PSYoungGen: 14912K->512K(15360K)] 37852K->23508K(39424K), 0.0005280 secs] [Times: user=0.01 sys=0.00, real=0.00 secs] 
301.033: Total time for which application threads were stopped: 0.0006700 seconds, Stopping threads took: 0.0000760 seconds
301.100: Application time: 0.0667460 seconds
301.100: [GC [PSYoungGen: 14845K->512K(15360K)] 37842K->23532K(39424K), 0.0004200 secs] [Times: user=0.00 sys=0.00, real=0.00 secs] 
301.100: Total time for which application threads were stopped: 0.0005640 seconds, Stopping threads took: 0.0000800 seconds
301.155: Application time: 0.0544350 seconds
301.155: [GC [PSYoungGen: 14844K->352K(15360K)] 37865K->23777K(39424K), 0.0005420 secs] [Times: user=0.01 sys=0.00, real=0.00 secs] 
301.155: Total time for which application threads were stopped: 0.0006680 seconds, Stopping threads took: 0.0000590 seconds
301.218: Application time: 0.0628740 seconds
301.218: [GC [PSYoungGen: 14685K->352K(15360K)] 38110K->23793K(39424K), 0.0004270 secs] [Times: user=0.01 sys=0.00, real=0.00 secs] 
301.219: Total time for which application threads were stopped: 0.0005540 seconds, Stopping threads took: 0.0000630 seconds
301.287: Application time: 0.0686330 seconds
301.288: [GC [PSYoungGen: 14685K->352K(15360K)] 38126K->23809K(39424K), 0.0004210 secs] [Times: user=0.00 sys=0.00, real=0.00 secs] 
301.288: Total time for which application threads were stopped: 0.0005610 seconds, Stopping threads took: 0.0000740 seconds
301.357: Application time: 0.0694070 seconds
301.358: [GC [PSYoungGen: 14684K->0K(15360K)] 38142K->23678K(39424K), 0.0004570 secs] [Times: user=0.00 sys=0.00, real=0.00 secs] 
301.358: [Full GC [PSYoungGen: 0K->0K(15360K)] [ParOldGen: 23678K->4439K(23552K)] 23678K->4439K(38912K) [PSPermGen: 5580K->5580K(21504K)], 0.0061440 secs] [Times: user=0.03 sys=0.00, real=0.01 secs] 
301.364: Total time for which application threads were stopped: 0.0067770 seconds, Stopping threads took: 0.0000640 seconds
301.422: Application time: 0.0579490 seconds
301.422: [GC [PSYoungGen: 14333K->544K(15360K)] 18772K->4983K(38912K), 0.0004450 secs] [Times: user=0.00 sys=0.00, real=0.00 secs] 
301.423: Total time for which application threads were stopped: 0.0005680 seconds, Stopping threads took: 0.0000600 seconds
301.469: Application time: 0.0459650 seconds
301.469: [GC [PSYoungGen: 14877K->672K(15360K)] 19316K->5331K(38912K), 0.0004980 secs] [Times: user=0.00 sys=0.00, real=0.00 secs] 
301.469: Total time for which application threads were stopped: 0.0006300 seconds, Stopping threads took: 0.0000700 seconds
301.525: Application time: 0.0554410 seconds
301.525: [GC [PSYoungGen: 15008K->512K(15360K)] 19667K->5400K(38912K), 0.0004590 secs] [Times: user=0.00 sys=0.00, real=0.00 secs] 
301.525: Total time for which application threads were stopped: 0.0005940 seconds, Stopping threads took: 0.0000650 seconds
301.592: Application time: 0.0664550 seconds
301.592: [GC [PSYoungGen: 14845K->512K(15360K)] 19733K->5652K(38912K), 0.0004810 secs] [Times: user=0.00 sys=0.00, real=0.00 secs] 
301.592: Total time for which application threads were stopped: 0.0005980 seconds, Stopping threads took: 0.0000540 seconds
301.660: Application time: 0.0676390 seconds
301.660: [GC [PSYoungGen: 14843K->352K(15360K)] 19984K->5713K(38912K), 0.0004550 secs] [Times: user=0.00 sys=0.00, real=0.00 secs] 
301.661: Total time for which application threads were stopped: 0.0005870 seconds, Stopping threads took: 0.0000700 seconds
301.730: Application time: 0.0689210 seconds
301.730: [GC [PSYoungGen: 14684K->0K(15360K)] 20045K->5605K(38912K), 0.0004260 secs] [Times: user=0.00 sys=0.00, real=0.00 secs] 
301.730: Total time for which application threads were stopped: 0.0005490 seconds, Stopping threads took: 0.0000600 seconds
301.800: Application time: 0.0698560 seconds
301.800: [GC [PSYoungGen: 14335K->0K(15360K)] 19940K->5605K(38912K), 0.0003450 secs] [Times: user=0.00 sys=0.00, real=0.00 secs] 
301.800: Total time for which application threads were stopped: 0.0004890 seconds, Stopping threads took: 0.0000800 seconds
301.869: Application time: 0.0682420 seconds
301.869: [GC [PSYoungGen: 14335K->352K(15360K)] 19941K->5957K(38912K), 0.0004310 secs] [Times: user=0.01 sys=0.00, real=0.00 secs] 
301.869: Total time for which application threads were stopped: 0.0005320 seconds, Stopping threads took: 0.0000400 seconds
301.936: Application time: 0.0664960 seconds
301.936: [GC [PSYoungGen: 14685K->544K(15360K)] 20291K->6157K(38912K), 0.0004330 secs] [Times: user=0.00 sys=0.00, real=0.00 secs] 
301.936: Total time for which application threads were stopped: 0.0005540 seconds, Stopping threads took: 0.0000620 seconds
302.006: Application time: 0.0697920 seconds
302.006: [GC [PSYoungGen: 14879K->0K(15360K)] 20492K->6047K(38912K), 0.0004230 secs] [Times: user=0.00 sys=0.00, real=0.00 secs] 
302.007: Total time for which application threads were stopped: 0.0005490 seconds, Stopping threads took: 0.0000630 seconds
302.067: Application time: 0.0601920 seconds
302.067: [GC [PSYoungGen: 14335K->384K(15360K)] 20382K->6431K(38912K), 0.0004010 secs] [Times: user=0.00 sys=0.00, real=0.00 secs] 
302.067: Total time for which application threads were stopped: 0.0005420 seconds, Stopping threads took: 0.0000670 seconds
302.124: Application time: 0.0570200 seconds
302.124: [GC [PSYoungGen: 14719K->320K(15360K)] 20766K->6375K(38912K), 0.0004060 secs] [Times: user=0.00 sys=0.00, real=0.00 secs] 
302.125: Total time for which application threads were stopped: 0.0005240 seconds, Stopping threads took: 0.0000580 seconds
302.179: Application time: 0.0538370 seconds
302.179: [GC [PSYoungGen: 14653K->576K(15360K)] 20708K->6703K(38912K), 0.0004370 secs] [Times: user=0.00 sys=0.00, real=0.00 secs] 
302.179: Total time for which application threads were stopped: 0.0005440 seconds, Stopping threads took: 0.0000460 seconds
302.230: Application time: 0.0510140 seconds
302.230: [GC [PSYoungGen: 14908K->576K(15360K)] 21035K->6931K(38912K), 0.0004650 secs] [Times: user=0.00 sys=0.00, real=0.00 secs] 
302.231: Total time for which application threads were stopped: 0.0006000 seconds, Stopping threads took: 0.0000710 seconds
302.287: Application time: 0.0556440 seconds
302.287: [GC [PSYoungGen: 14911K->512K(15360K)] 21267K->6967K(38912K), 0.0004540 secs] [Times: user=0.00 sys=0.00, real=0.00 secs] 
302.287: Total time for which application threads were stopped: 0.0005880 seconds, Stopping threads took: 0.0000730 seconds
302.355: Application time: 0.0674000 seconds
302.355: [GC [PSYoungGen: 14845K->352K(15360K)] 21301K->7036K(38912K), 0.0004280 secs] [Times: user=0.00 sys=0.00, real=0.00 secs] 
302.355: Total time for which application threads were stopped: 0.0005460 seconds, Stopping threads took: 0.0000560 seconds
302.424: Application time: 0.0687810 seconds
302.424: [GC [PSYoungGen: 14687K->0K(15360K)] 21371K->6900K(38912K), 0.0003990 secs] [Times: user=0.00 sys=0.00, real=0.00 secs] 
302.424: Total time for which application threads were stopped: 0.0005150 seconds, Stopping threads took: 0.0000520 seconds
302.494: Application time: 0.0693260 seconds
302.494: [GC [PSYoungGen: 14335K->0K(15360K)] 21235K->6900K(38912K), 0.0003610 secs] [Times: user=0.00 sys=0.00, real=0.00 secs] 
302.494: Total time for which application threads were stopped: 0.0005010 seconds, Stopping threads took: 0.0000760 seconds
302.562: Application time: 0.0673000 seconds
302.562: [GC [PSYoungGen: 14334K->320K(15360K)] 21235K->7220K(38912K), 0.0005170 secs] [Times: user=0.01 sys=0.00, real=0.00 secs] 
302.562: Total time for which application threads were stopped: 0.0006300 seconds, Stopping threads took: 0.0000520 seconds
302.630: Application time: 0.0674870 seconds
302.630: [GC [PSYoungGen: 14653K->384K(15360K)] 21553K->7504K(38912K), 0.0004460 secs] [Times: user=0.00 sys=0.00, real=0.00 secs] 
302.631: Total time for which application threads were stopped: 0.0016380 seconds, Stopping threads took: 0.0000530 seconds
302.699: Application time: 0.0678120 seconds
302.699: [GC [PSYoungGen: 14719K->352K(15360K)] 21840K->7701K(38912K), 0.0004260 secs] [Times: user=0.00 sys=0.00, real=0.00 secs] 
302.700: Total time for which application threads were stopped: 0.0005490 seconds, Stopping threads took: 0.0000600 seconds
302.769: Application time: 0.0698450 seconds
302.770: [GC [PSYoungGen: 14687K->0K(15360K)] 22036K->7577K(38912K), 0.0004110 secs] [Times: user=0.00 sys=0.00, real=0.00 secs] 
302.770: Total time for which application threads were stopped: 0.0005570 seconds, Stopping threads took: 0.0000830 seconds
302.827: Application time: 0.0565130 seconds
302.827: [GC [PSYoungGen: 14334K->384K(15360K)] 21912K->7961K(38912K), 0.0004130 secs] [Times: user=0.00 sys=0.00, real=0.00 secs] 
302.827: Total time for which application threads were stopped: 0.0005420 seconds, Stopping threads took: 0.0000660 seconds
302.874: Application time: 0.0472040 seconds
302.874: [GC [PSYoungGen: 14717K->576K(15360K)] 22295K->8217K(38912K), 0.0004480 secs] [Times: user=0.01 sys=0.00, real=0.00 secs] 
302.875: Total time for which application threads were stopped: 0.0005720 seconds, Stopping threads took: 0.0000610 seconds
302.934: Application time: 0.0591800 seconds
302.934: [GC [PSYoungGen: 14911K->480K(15360K)] 22553K->8185K(38912K), 0.0004820 secs] [Times: user=0.00 sys=0.00, real=0.00 secs] 
302.935: Total time for which application threads were stopped: 0.0006260 seconds, Stopping threads took: 0.0000800 seconds
303.003: Application time: 0.0678930 seconds
303.003: [GC [PSYoungGen: 14815K->384K(15360K)] 22521K->8310K(38912K), 0.0004200 secs] [Times: user=0.00 sys=0.00, real=0.00 secs] 
303.003: Total time for which application threads were stopped: 0.0005580 seconds, Stopping threads took: 0.0000790 seconds
303.058: Application time: 0.0544650 seconds
303.058: [GC [PSYoungGen: 14716K->416K(15360K)] 22642K->8566K(38912K), 0.0004360 secs] [Times: user=0.00 sys=0.00, real=0.00 secs] 
303.058: Total time for which application threads were stopped: 0.0005600 seconds, Stopping threads took: 0.0000660 seconds
303.120: Application time: 0.0617890 seconds
303.120: [GC [PSYoungGen: 14749K->352K(15360K)] 22899K->8510K(38912K), 0.0004410 secs] [Times: user=0.00 sys=0.00, real=0.00 secs] 
303.121: Total time for which application threads were stopped: 0.0005630 seconds, Stopping threads took: 0.0000610 seconds
303.189: Application time: 0.0685750 seconds
303.189: [GC [PSYoungGen: 14684K->320K(15360K)] 22843K->8502K(38912K), 0.0004170 secs] [Times: user=0.00 sys=0.00, real=0.00 secs] 
303.190: Total time for which application threads were stopped: 0.0005560 seconds, Stopping threads took: 0.0000680 seconds
303.258: Application time: 0.0686870 seconds
303.258: [GC [PSYoungGen: 14655K->0K(15360K)] 22837K->8406K(38912K), 0.0003970 secs] [Times: user=0.00 sys=0.00, real=0.00 secs] 
303.259: Total time for which application threads were stopped: 0.0005170 seconds, Stopping threads took: 0.0000570 seconds
303.312: Application time: 0.0529730 seconds
303.312: [GC [PSYoungGen: 14335K->736K(15360K)] 22741K->9142K(38912K), 0.0004680 secs] [Times: user=0.00 sys=0.00, real=0.00 secs] 
303.312: Total time for which application threads were stopped: 0.0006080 seconds, Stopping threads took: 0.0000670 seconds
303.363: Application time: 0.0505370 seconds
303.363: [GC [PSYoungGen: 15069K->736K(15360K)] 23476K->9355K(38912K), 0.0005050 secs] [Times: user=0.00 sys=0.00, real=0.00 secs] 
303.364: Total time for which application threads were stopped: 0.0006170 seconds, Stopping threads took: 0.0000480 seconds
303.416: Application time: 0.0521720 seconds
303.416: [GC [PSYoungGen: 15070K->544K(15360K)] 23689K->9403K(38912K), 0.0004500 secs] [Times: user=0.01 sys=0.00, real=0.00 secs] 
303.416: Total time for which application threads were stopped: 0.0005680 seconds, Stopping threads took: 0.0000550 seconds
303.477: Application time: 0.0609800 seconds
303.477: [GC [PSYoungGen: 14876K->512K(15360K)] 23735K->9623K(38912K), 0.0004670 secs] [Times: user=0.00 sys=0.00, real=0.00 secs] 
303.478: Total time for which application threads were stopped: 0.0005910 seconds, Stopping threads took: 0.0000650 seconds
303.540: Application time: 0.0615980 seconds
303.540: [GC [PSYoungGen: 14847K->320K(15360K)] 23959K->9655K(38912K), 0.0004290 secs] [Times: user=0.00 sys=0.00, real=0.01 secs] 
303.540: Total time for which application threads were stopped: 0.0005490 seconds, Stopping threads took: 0.0000570 seconds
303.603: Application time: 0.0628820 seconds
303.603: [GC [PSYoungGen: 14652K->0K(15360K)] 23988K->9580K(38912K), 0.0004040 secs] [Times: user=0.00 sys=0.00, real=0.00 secs] 
303.603: Total time for which application threads were stopped: 0.0005110 seconds, Stopping threads took: 0.0000480 seconds
303.667: Application time: 0.0631250 seconds
303.667: [GC [PSYoungGen: 14332K->0K(15360K)] 23912K->9580K(38912K), 0.0003820 secs] [Times: user=0.01 sys=0.00, real=0.00 secs] 
303.667: Total time for which application threads were stopped: 0.0004820 seconds, Stopping threads took: 0.0000400 seconds
303.729: Application time: 0.0615850 seconds
303.729: [GC [PSYoungGen: 14335K->384K(15360K)] 23916K->9964K(38912K), 0.0003910 secs] [Times: user=0.01 sys=0.00, real=0.00 secs] 
303.729: Total time for which application threads were stopped: 0.0005120 seconds, Stopping threads took: 0.0000520 seconds
303.791: Application time: 0.0614200 seconds
303.791: [GC [PSYoungGen: 14719K->400K(15360K)] 24300K->10216K(38912K), 0.0004460 secs] [Times: user=0.01 sys=0.00, real=0.00 secs] 
303.791: Total time for which application threads were stopped: 0.0005760 seconds, Stopping threads took: 0.0000700 seconds
303.855: Application time: 0.0634900 seconds
303.855: [GC [PSYoungGen: 14732K->0K(15360K)] 24549K->10072K(38912K), 0.0004120 secs] [Times: user=0.01 sys=0.00, real=0.00 secs] 
303.855: Total time for which application threads were stopped: 0.0005270 seconds, Stopping threads took: 0.0000530 seconds
303.903: Application time: 0.0476720 seconds
303.903: [GC [PSYoungGen: 14331K->384K(15360K)] 24404K->10456K(38912K), 0.0004040 secs] [Times: user=0.00 sys=0.00, real=0.00 secs] 
303.903: Total time for which application threads were stopped: 0.0005250 seconds, Stopping threads took: 0.0000580 seconds
303.959: Application time: 0.0553630 seconds
303.959: [GC [PSYoungGen: 14717K->512K(15360K)] 24790K->10592K(38912K), 0.0004130 secs] [Times: user=0.00 sys=0.00, real=0.00 secs] 
303.959: Total time for which application threads were stopped: 0.0005250 seconds, Stopping threads took: 0.0000540 seconds
304.005: Application time: 0.0453240 seconds
304.005: [GC [PSYoungGen: 14845K->512K(15360K)] 24926K->10632K(38912K), 0.0005040 secs] [Times: user=0.00 sys=0.00, real=0.00 secs] 
304.005: Total time for which application threads were stopped: 0.0006160 seconds, Stopping threads took: 0.0000530 seconds
304.055: Application time: 0.0502290 seconds
304.056: [GC [PSYoungGen: 14844K->352K(15360K)] 24965K->10914K(38912K), 0.0004820 secs] [Times: user=0.00 sys=0.00, real=0.00 secs] 
304.056: Total time for which application threads were stopped: 0.0005820 seconds, Stopping threads took: 0.0000400 seconds
304.110: Application time: 0.0542930 seconds
304.110: [GC [PSYoungGen: 14687K->512K(15360K)] 25249K->11130K(38912K), 0.0004440 secs] [Times: user=0.00 sys=0.00, real=0.00 secs] 
304.111: Total time for which application threads were stopped: 0.0005570 seconds, Stopping threads took: 0.0000520 seconds
304.172: Application time: 0.0614260 seconds
304.172: [GC [PSYoungGen: 14845K->384K(15360K)] 25463K->11222K(38912K), 0.0004090 secs] [Times: user=0.00 sys=0.00, real=0.00 secs] 
304.173: Total time for which application threads were stopped: 0.0005500 seconds, Stopping threads took: 0.0000810 seconds
304.236: Application time: 0.0627010 seconds
304.236: [GC [PSYoungGen: 14716K->0K(15360K)] 25555K->11070K(38912K), 0.0004150 secs] [Times: user=0.01 sys=0.00, real=0.00 secs] 
304.236: Total time for which application threads were stopped: 0.0005370 seconds, Stopping threads took: 0.0000480 seconds
304.298: Application time: 0.0619010 seconds
304.298: [GC [PSYoungGen: 14335K->288K(15360K)] 25406K->11358K(38912K), 0.0003940 secs] [Times: user=0.00 sys=0.00, real=0.00 secs] 
304.299: Total time for which application threads were stopped: 0.0005070 seconds, Stopping threads took: 0.0000590 seconds
304.361: Application time: 0.0621220 seconds
304.361: [GC [PSYoungGen: 14623K->352K(15360K)] 25694K->11438K(38912K), 0.0004210 secs] [Times: user=0.00 sys=0.00, real=0.00 secs] 
304.361: Total time for which application threads were stopped: 0.0005460 seconds, Stopping threads took: 0.0000650 seconds
304.423: Application time: 0.0615790 seconds
304.423: [GC [PSYoungGen: 14687K->352K(15360K)] 25774K->11659K(38912K), 0.0004180 secs] [Times: user=0.01 sys=0.00, real=0.00 secs] 
304.423: Total time for which application threads were stopped: 0.0005550 seconds, Stopping threads took: 0.0000730 seconds
304.486: Application time: 0.0622430 seconds
304.486: [GC [PSYoungGen: 14685K->352K(15360K)] 25993K->11871K(38912K), 0.0004330 secs] [Times: user=0.00 sys=0.00, real=0.00 secs] 
304.486: Total time for which application threads were stopped: 0.0005500 seconds, Stopping threads took: 0.0000540 seconds
304.550: Application time: 0.0633690 seconds
304.550: [GC [PSYoungGen: 14687K->0K(15360K)] 26206K->11743K(38912K), 0.0003970 secs] [Times: user=0.00 sys=0.00, real=0.00 secs] 
304.550: Total time for which application threads were stopped: 0.0005170 seconds, Stopping threads took: 0.0000590 seconds
304.600: Application time: 0.0495590 seconds
304.600: [GC [PSYoungGen: 14332K->320K(15360K)] 26076K->12063K(38912K), 0.0003970 secs] [Times: user=0.00 sys=0.00, real=0.00 secs] 
304.600: Total time for which application threads were stopped: 0.0005270 seconds, Stopping threads took: 0.0000630 seconds
304.640: Application time: 0.0402620 seconds
304.640: [GC [PSYoungGen: 14652K->576K(15360K)] 26396K->12367K(38912K), 0.0004330 secs] [Times: user=0.00 sys=0.00, real=0.00 secs] 
304.641: Total time for which application threads were stopped: 0.0005460 seconds, Stopping threads took: 0.0000560 seconds
304.699: Application time: 0.0581810 seconds
304.699: [GC [PSYoungGen: 14911K->512K(15360K)] 26703K->12359K(38912K), 0.0004890 secs] [Times: user=0.00 sys=0.00, real=0.01 secs] 
304.700: Total time for which application threads were stopped: 0.0006310 seconds, Stopping threads took: 0.0000790 seconds
304.762: Application time: 0.0618880 seconds
304.762: [GC [PSYoungGen: 14847K->352K(15360K)] 26695K->12428K(38912K), 0.0004210 secs] [Times: user=0.00 sys=0.00, real=0.00 secs] 
304.762: Total time for which application threads were stopped: 0.0005340 seconds, Stopping threads took: 0.0000420 seconds
304.810: Application time: 0.0480100 seconds
304.810: [GC [PSYoungGen: 14686K->288K(15360K)] 26762K->12568K(38912K), 0.0004560 secs] [Times: user=0.00 sys=0.00, real=0.00 secs] 
304.811: Total time for which application threads were stopped: 0.0005690 seconds, Stopping threads took: 0.0000570 seconds
304.869: Application time: 0.0577750 seconds
304.869: [GC [PSYoungGen: 14621K->352K(15360K)] 26902K->12648K(38912K), 0.0003840 secs] [Times: user=0.00 sys=0.00, real=0.00 secs] 
304.869: Total time for which application threads were stopped: 0.0005100 seconds, Stopping threads took: 0.0000590 seconds
304.931: Application time: 0.0619740 seconds
304.931: [GC [PSYoungGen: 14685K->352K(15360K)] 26982K->12672K(38912K), 0.0004340 secs] [Times: user=0.01 sys=0.00, real=0.00 secs] 
304.932: Total time for which application threads were stopped: 0.0005420 seconds, Stopping threads took: 0.0000470 seconds
304.994: Application time: 0.0624070 seconds
304.994: [GC [PSYoungGen: 14684K->0K(15360K)] 27005K->12533K(38912K), 0.0004140 secs] [Times: user=0.01 sys=0.00, real=0.00 secs] 
304.995: Total time for which application threads were stopped: 0.0005310 seconds, Stopping threads took: 0.0000580 seconds
305.041: Application time: 0.0460640 seconds
305.041: [GC [PSYoungGen: 14334K->672K(15360K)] 26868K->13205K(38912K), 0.0005140 secs] [Times: user=0.00 sys=0.00, real=0.00 secs] 
305.041: Total time for which application threads were stopped: 0.0006310 seconds, Stopping threads took: 0.0000590 seconds
305.085: Application time: 0.0439770 seconds
305.085: [GC [PSYoungGen: 15006K->576K(15360K)] 27539K->13518K(38912K), 0.0004960 secs] [Times: user=0.00 sys=0.00, real=0.00 secs] 
305.086: Total time for which application threads were stopped: 0.0006100 seconds, Stopping threads took: 0.0000480 seconds
305.139: Application time: 0.0536580 seconds
305.140: [GC [PSYoungGen: 14909K->544K(15360K)] 27852K->13502K(38912K), 0.0004150 secs] [Times: user=0.00 sys=0.00, real=0.01 secs] 
305.140: Total time for which application threads were stopped: 0.0005370 seconds, Stopping threads took: 0.0000600 seconds
305.201: Application time: 0.0606330 seconds
305.204: [GC [PSYoungGen: 14879K->544K(15360K)] 27838K->13875K(38912K), 0.0005290 secs] [Times: user=0.00 sys=0.00, real=0.00 secs] 
305.204: Total time for which application threads were stopped: 0.0036880 seconds, Stopping threads took: 0.0030990 seconds
305.266: Application time: 0.0616990 seconds
305.266: [GC [PSYoungGen: 14877K->320K(15360K)] 28209K->13887K(38912K), 0.0004250 secs] [Times: user=0.00 sys=0.00, real=0.00 secs] 
305.267: Total time for which application threads were stopped: 0.0005480 seconds, Stopping threads took: 0.0000540 seconds
305.330: Application time: 0.0631860 seconds
305.330: [GC [PSYoungGen: 14655K->0K(15360K)] 28222K->13828K(38912K), 0.0004140 secs] [Times: user=0.00 sys=0.00, real=0.00 secs] 
305.330: Total time for which application threads were stopped: 0.0005240 seconds, Stopping threads took: 0.0000510 seconds
305.393: Application time: 0.0628740 seconds
305.393: [GC [PSYoungGen: 14332K->0K(15360K)] 28160K->13828K(38912K), 0.0003630 secs] [Times: user=0.00 sys=0.00, real=0.00 secs] 
305.394: Total time for which application threads were stopped: 0.0004860 seconds, Stopping threads took: 0.0000640 seconds
305.456: Application time: 0.0621050 seconds
305.456: [GC [PSYoungGen: 14335K->384K(15360K)] 28163K->14212K(38912K), 0.0003740 secs] [Times: user=0.00 sys=0.00, real=0.00 secs] 
305.456: Total time for which application threads were stopped: 0.0005010 seconds, Stopping threads took: 0.0000680 seconds
305.518: Application time: 0.0616570 seconds
305.518: [GC [PSYoungGen: 14719K->416K(15360K)] 28548K->14456K(38912K), 0.0004300 secs] [Times: user=0.00 sys=0.00, real=0.00 secs] 
305.518: Total time for which application threads were stopped: 0.0005440 seconds, Stopping threads took: 0.0000530 seconds
305.579: Application time: 0.0605470 seconds
305.579: [GC [PSYoungGen: 14747K->288K(15360K)] 28788K->14573K(38912K), 0.0004210 secs] [Times: user=0.01 sys=0.00, real=0.00 secs] 
305.580: Total time for which application threads were stopped: 0.0005370 seconds, Stopping threads took: 0.0000570 seconds
305.626: Application time: 0.0465320 seconds
305.626: [GC [PSYoungGen: 14619K->384K(15360K)] 28905K->14693K(38912K), 0.0004280 secs] [Times: user=0.01 sys=0.00, real=0.00 secs] 
305.627: Total time for which application threads were stopped: 0.0005430 seconds, Stopping threads took: 0.0000550 seconds
305.680: Application time: 0.0530150 seconds
305.680: [GC [PSYoungGen: 14719K->384K(15360K)] 29028K->14950K(38912K), 0.0004360 secs] [Times: user=0.00 sys=0.00, real=0.00 secs] 
305.680: Total time for which application threads were stopped: 0.0005840 seconds, Stopping threads took: 0.0000840 seconds
305.729: Application time: 0.0491390 seconds
305.729: [GC [PSYoungGen: 14715K->736K(15360K)] 29281K->15310K(38912K), 0.0005180 secs] [Times: user=0.00 sys=0.00, real=0.00 secs] 
305.730: Total time for which application threads were stopped: 0.0006390 seconds, Stopping threads took: 0.0000610 seconds
305.775: Application time: 0.0449810 seconds
305.775: [GC [PSYoungGen: 15071K->576K(15360K)] 29645K->15398K(38912K), 0.0004810 secs] [Times: user=0.00 sys=0.00, real=0.00 secs] 
305.776: Total time for which application threads were stopped: 0.0006000 seconds, Stopping threads took: 0.0000500 seconds
305.837: Application time: 0.0614230 seconds
305.837: [GC [PSYoungGen: 14909K->320K(15360K)] 29731K->15394K(38912K), 0.0004370 secs] [Times: user=0.01 sys=0.00, real=0.00 secs] 
305.838: Total time for which application threads were stopped: 0.0005660 seconds, Stopping threads took: 0.0000680 seconds
305.900: Application time: 0.0625660 seconds
305.900: [GC [PSYoungGen: 14655K->0K(15360K)] 29729K->15402K(38912K), 0.0004340 secs] [Times: user=0.00 sys=0.00, real=0.00 secs] 
305.901: Total time for which application threads were stopped: 0.0005430 seconds, Stopping threads took: 0.0000490 seconds
305.963: Application time: 0.0627090 seconds
305.964: [GC [PSYoungGen: 14335K->0K(15360K)] 29737K->15402K(38912K), 0.0003420 secs] [Times: user=0.00 sys=0.00, real=0.00 secs] 
305.964: Total time for which application threads were stopped: 0.0004750 seconds, Stopping threads took: 0.0000710 seconds
306.025: Application time: 0.0612090 seconds
306.025: [GC [PSYoungGen: 14334K->384K(15360K)] 29737K->15786K(38912K), 0.0003940 secs] [Times: user=0.00 sys=0.00, real=0.00 secs] 
306.026: Total time for which application threads were stopped: 0.0005190 seconds, Stopping threads took: 0.0000670 seconds
306.088: Application time: 0.0622190 seconds
306.088: [GC [PSYoungGen: 14716K->320K(15360K)] 30119K->15951K(38912K), 0.0004380 secs] [Times: user=0.00 sys=0.00, real=0.00 secs] 
306.088: Total time for which application threads were stopped: 0.0005580 seconds, Stopping threads took: 0.0000620 seconds
306.150: Application time: 0.0615140 seconds
306.150: [GC [PSYoungGen: 14655K->512K(15360K)] 30287K->16151K(38912K), 0.0004280 secs] [Times: user=0.01 sys=0.00, real=0.00 secs] 
306.150: Total time for which application threads were stopped: 0.0005350 seconds, Stopping threads took: 0.0000450 seconds
306.213: Application time: 0.0628690 seconds
306.213: [GC [PSYoungGen: 14846K->352K(15360K)] 30486K->16219K(38912K), 0.0004590 secs] [Times: user=0.00 sys=0.00, real=0.00 secs] 
306.214: Total time for which application threads were stopped: 0.0005800 seconds, Stopping threads took: 0.0000600 seconds
306.278: Application time: 0.0638180 seconds
306.278: [GC [PSYoungGen: 14687K->0K(15360K)] 30554K->16091K(38912K), 0.0004120 secs] [Times: user=0.00 sys=0.00, real=0.00 secs] 
306.278: Total time for which application threads were stopped: 0.0005450 seconds, Stopping threads took: 0.0000650 seconds
306.327: Application time: 0.0484970 seconds
306.327: [GC [PSYoungGen: 14334K->544K(15360K)] 30426K->16635K(38912K), 0.0004290 secs] [Times: user=0.00 sys=0.00, real=0.00 secs] 
306.327: Total time for which application threads were stopped: 0.0005460 seconds, Stopping threads took: 0.0000580 seconds
306.366: Application time: 0.0390030 seconds
306.368: [GC [PSYoungGen: 14879K->416K(15360K)] 30971K->16555K(38912K), 0.0004750 secs] [Times: user=0.00 sys=0.00, real=0.00 secs] 
306.368: Total time for which application threads were stopped: 0.0019560 seconds, Stopping threads took: 0.0014190 seconds
306.429: Application time: 0.0606360 seconds
306.430: [GC [PSYoungGen: 14751K->480K(15360K)] 30890K->16723K(38912K), 0.0005290 secs] [Times: user=0.00 sys=0.00, real=0.00 secs] 
306.430: Total time for which application threads were stopped: 0.0014360 seconds, Stopping threads took: 0.0008420 seconds
306.493: Application time: 0.0621930 seconds
306.493: [GC [PSYoungGen: 14814K->384K(15360K)] 31058K->16996K(38912K), 0.0004750 secs] [Times: user=0.00 sys=0.00, real=0.00 secs] 
306.493: Total time for which application threads were stopped: 0.0005900 seconds, Stopping threads took: 0.0000510 seconds
306.540: Application time: 0.0470360 seconds
306.540: [GC [PSYoungGen: 14718K->416K(15360K)] 31330K->17256K(38912K), 0.0004280 secs] [Times: user=0.00 sys=0.00, real=0.00 secs] 
306.541: Total time for which application threads were stopped: 0.0005490 seconds, Stopping threads took: 0.0000560 seconds
306.599: Application time: 0.0585970 seconds
306.599: [GC [PSYoungGen: 14749K->352K(15360K)] 31590K->17216K(38912K), 0.0004650 secs] [Times: user=0.00 sys=0.00, real=0.01 secs] 
306.600: Total time for which application threads were stopped: 0.0005920 seconds, Stopping threads took: 0.0000640 seconds
306.662: Application time: 0.0616670 seconds
306.662: [GC [PSYoungGen: 14685K->352K(15360K)] 31549K->17232K(38912K), 0.0004040 secs] [Times: user=0.00 sys=0.00, real=0.00 secs] 
306.662: Total time for which application threads were stopped: 0.0005030 seconds, Stopping threads took: 0.0000380 seconds
306.724: Application time: 0.0622890 seconds
306.724: [GC [PSYoungGen: 14687K->0K(15360K)] 31567K->17096K(38912K), 0.0004170 secs] [Times: user=0.00 sys=0.00, real=0.00 secs] 
306.725: Total time for which application threads were stopped: 0.0005330 seconds, Stopping threads took: 0.0000570 seconds
306.766: Application time: 0.0407420 seconds
306.766: [GC [PSYoungGen: 14334K->960K(15360K)] 31430K->18056K(38912K), 0.0004870 secs] [Times: user=0.00 sys=0.00, real=0.00 secs] 
306.766: Total time for which application threads were stopped: 0.0005900 seconds, Stopping threads took: 0.0000430 seconds
306.809: Application time: 0.0424140 seconds
306.809: [GC [PSYoungGen: 15293K->544K(15360K)] 32390K->18061K(38912K), 0.0004780 secs] [Times: user=0.00 sys=0.00, real=0.00 secs] 
306.809: Total time for which application threads were stopped: 0.0006230 seconds, Stopping threads took: 0.0000730 seconds
306.869: Application time: 0.0598190 seconds
306.869: [GC [PSYoungGen: 14877K->480K(15360K)] 32394K->18013K(38912K), 0.0004400 secs] [Times: user=0.00 sys=0.00, real=0.00 secs] 
306.870: Total time for which application threads were stopped: 0.0005690 seconds, Stopping threads took: 0.0000690 seconds
306.932: Application time: 0.0623220 seconds
306.932: [GC [PSYoungGen: 14815K->288K(15360K)] 32348K->18262K(38912K), 0.0004660 secs] [Times: user=0.01 sys=0.00, real=0.00 secs] 
306.933: Total time for which application threads were stopped: 0.0005720 seconds, Stopping threads took: 0.0000430 seconds
306.994: Application time: 0.0619140 seconds
306.995: [GC [PSYoungGen: 14623K->320K(15360K)] 32598K->18310K(38912K), 0.0004240 secs] [Times: user=0.00 sys=0.00, real=0.00 secs] 
306.995: Total time for which application threads were stopped: 0.0005510 seconds, Stopping threads took: 0.0000650 seconds
307.058: Application time: 0.0633430 seconds
307.058: [GC [PSYoungGen: 14652K->0K(15360K)] 32642K->18238K(38912K), 0.0004070 secs] [Times: user=0.00 sys=0.00, real=0.00 secs] 
307.059: Total time for which application threads were stopped: 0.0005260 seconds, Stopping threads took: 0.0000590 seconds
307.122: Application time: 0.0635080 seconds
307.123: [GC [PSYoungGen: 14332K->0K(15360K)] 32570K->18238K(38912K), 0.0003550 secs] [Times: user=0.00 sys=0.00, real=0.00 secs] 
307.123: Total time for which application threads were stopped: 0.0004850 seconds, Stopping threads took: 0.0000710 seconds
307.183: Application time: 0.0604120 seconds
307.183: [GC [PSYoungGen: 14331K->576K(15360K)] 32569K->18814K(38912K), 0.0005120 secs] [Times: user=0.00 sys=0.00, real=0.00 secs] 
307.184: Total time for which application threads were stopped: 0.0006290 seconds, Stopping threads took: 0.0000580 seconds
307.247: Application time: 0.0626720 seconds
307.247: [GC [PSYoungGen: 14910K->448K(15360K)] 33148K->18938K(38912K), 0.0004550 secs] [Times: user=0.00 sys=0.00, real=0.00 secs] 
307.247: Total time for which application threads were stopped: 0.0005730 seconds, Stopping threads took: 0.0000560 seconds
307.304: Application time: 0.0571010 seconds
307.304: [GC [PSYoungGen: 14779K->320K(15360K)] 33270K->19031K(38912K), 0.0004770 secs] [Times: user=0.00 sys=0.00, real=0.00 secs] 
307.305: Total time for which application threads were stopped: 0.0005900 seconds, Stopping threads took: 0.0000500 seconds
307.355: Application time: 0.0498120 seconds
307.356: [GC [PSYoungGen: 14651K->352K(15360K)] 33363K->19079K(38912K), 0.0004500 secs] [Times: user=0.00 sys=0.00, real=0.00 secs] 
307.356: Total time for which application threads were stopped: 0.0015780 seconds, Stopping threads took: 0.0010570 seconds
307.401: Application time: 0.0449370 seconds
307.401: [GC [PSYoungGen: 14685K->416K(15360K)] 33412K->19383K(38912K), 0.0004340 secs] [Times: user=0.00 sys=0.00, real=0.00 secs] 
307.402: Total time for which application threads were stopped: 0.0005530 seconds, Stopping threads took: 0.0000550 seconds
307.453: Application time: 0.0508160 seconds
307.453: [GC [PSYoungGen: 14750K->768K(15360K)] 33717K->19743K(38912K), 0.0004660 secs] [Times: user=0.00 sys=0.00, real=0.00 secs] 
307.453: Total time for which application threads were stopped: 0.0006000 seconds, Stopping threads took: 0.0000710 seconds
307.505: Application time: 0.0513140 seconds
307.505: [GC [PSYoungGen: 15101K->512K(15360K)] 34077K->19772K(38912K), 0.0005030 secs] [Times: user=0.00 sys=0.00, real=0.00 secs] 
307.505: Total time for which application threads were stopped: 0.0006120 seconds, Stopping threads took: 0.0000460 seconds
307.567: Application time: 0.0614920 seconds
307.567: [GC [PSYoungGen: 14845K->384K(15360K)] 34105K->19860K(38912K), 0.0004780 secs] [Times: user=0.00 sys=0.00, real=0.00 secs] 
307.567: Total time for which application threads were stopped: 0.0005930 seconds, Stopping threads took: 0.0000540 seconds
307.630: Application time: 0.0627470 seconds
307.630: [GC [PSYoungGen: 14717K->0K(15360K)] 34193K->19696K(38912K), 0.0004260 secs] [Times: user=0.01 sys=0.00, real=0.00 secs] 
307.632: Total time for which application threads were stopped: 0.0016890 seconds, Stopping threads took: 0.0000530 seconds
307.694: Application time: 0.0627780 seconds
307.695: [GC [PSYoungGen: 14333K->0K(15360K)] 34029K->19696K(38912K), 0.0003830 secs] [Times: user=0.01 sys=0.00, real=0.00 secs] 
307.695: Total time for which application threads were stopped: 0.0005260 seconds, Stopping threads took: 0.0000810 seconds
307.756: Application time: 0.0612820 seconds
307.756: [GC [PSYoungGen: 14334K->384K(15360K)] 34031K->20080K(38912K), 0.0003940 secs] [Times: user=0.00 sys=0.00, real=0.00 secs] 
307.757: Total time for which application threads were stopped: 0.0005340 seconds, Stopping threads took: 0.0000810 seconds
307.818: Application time: 0.0613800 seconds
307.818: [GC [PSYoungGen: 14719K->384K(15360K)] 34416K->20424K(38912K), 0.0004600 secs] [Times: user=0.00 sys=0.00, real=0.00 secs] 
307.819: Total time for which application threads were stopped: 0.0005870 seconds, Stopping threads took: 0.0000670 seconds
307.880: Application time: 0.0617130 seconds
307.881: [GC [PSYoungGen: 14719K->384K(15360K)] 34760K->20653K(38912K), 0.0004030 secs] [Times: user=0.00 sys=0.00, real=0.00 secs] 
307.881: Total time for which application threads were stopped: 0.0005400 seconds, Stopping threads took: 0.0000670 seconds
307.945: Application time: 0.0641780 seconds
307.948: [GC [PSYoungGen: 14717K->0K(15360K)] 34986K->20493K(38912K), 0.0004070 secs] [Times: user=0.00 sys=0.00, real=0.00 secs] 
307.948: Total time for which application threads were stopped: 0.0030190 seconds, Stopping threads took: 0.0025470 seconds
308.012: Application time: 0.0634350 seconds
308.012: [GC [PSYoungGen: 14332K->0K(15360K)] 34825K->20493K(38912K), 0.0003920 secs] [Times: user=0.00 sys=0.00, real=0.00 secs] 
308.012: Total time for which application threads were stopped: 0.0005190 seconds, Stopping threads took: 0.0000660 seconds
308.060: Application time: 0.0483090 seconds
308.061: [GC [PSYoungGen: 14335K->512K(15360K)] 34828K->21005K(38912K), 0.0004450 secs] [Times: user=0.00 sys=0.00, real=0.00 secs] 
308.061: Total time for which application threads were stopped: 0.0005470 seconds, Stopping threads took: 0.0000450 seconds
308.101: Application time: 0.0396090 seconds
308.101: [GC [PSYoungGen: 14844K->480K(15360K)] 35337K->21029K(38912K), 0.0004660 secs] [Times: user=0.00 sys=0.00, real=0.00 secs] 
308.101: Total time for which application threads were stopped: 0.0005790 seconds, Stopping threads took: 0.0000500 seconds
308.161: Application time: 0.0599330 seconds
308.161: [GC [PSYoungGen: 14815K->448K(15360K)] 35365K->21045K(38912K), 0.0004300 secs] [Times: user=0.00 sys=0.00, real=0.00 secs] 
308.162: Total time for which application threads were stopped: 0.0005440 seconds, Stopping threads took: 0.0000560 seconds
308.220: Application time: 0.0581140 seconds
308.220: [GC [PSYoungGen: 14781K->448K(15360K)] 35379K->21269K(38912K), 0.0005060 secs] [Times: user=0.01 sys=0.00, real=0.00 secs] 
308.220: Total time for which application threads were stopped: 0.0006360 seconds, Stopping threads took: 0.0000650 seconds
308.268: Application time: 0.0473990 seconds
308.268: [GC [PSYoungGen: 14782K->384K(15360K)] 35603K->21425K(38912K), 0.0004320 secs] [Times: user=0.00 sys=0.00, real=0.00 secs] 
308.268: Total time for which application threads were stopped: 0.0005660 seconds, Stopping threads took: 0.0000700 seconds
308.330: Application time: 0.0615230 seconds
308.330: [GC [PSYoungGen: 14717K->288K(15360K)] 35759K->21337K(38912K), 0.0004480 secs] [Times: user=0.00 sys=0.00, real=0.00 secs] 
308.331: Total time for which application threads were stopped: 0.0005860 seconds, Stopping threads took: 0.0000770 seconds
308.393: Application time: 0.0628040 seconds
308.393: [GC [PSYoungGen: 14621K->0K(15360K)] 35671K->21270K(38912K), 0.0004160 secs] [Times: user=0.00 sys=0.00, real=0.00 secs] 
308.394: Total time for which application threads were stopped: 0.0005390 seconds, Stopping threads took: 0.0000520 seconds
308.454: Application time: 0.0596750 seconds
308.454: [GC [PSYoungGen: 14335K->256K(15360K)] 35606K->21526K(38912K), 0.0005730 secs] [Times: user=0.00 sys=0.00, real=0.00 secs] 
308.454: Total time for which application threads were stopped: 0.0006810 seconds, Stopping threads took: 0.0000500 seconds
308.490: Application time: 0.0359210 seconds
308.490: [GC [PSYoungGen: 14589K->896K(15360K)] 35860K->22174K(38912K), 0.0004970 secs] [Times: user=0.00 sys=0.00, real=0.00 secs] 
308.491: Total time for which application threads were stopped: 0.0006100 seconds, Stopping threads took: 0.0000560 seconds
308.540: Application time: 0.0495460 seconds
308.540: [GC [PSYoungGen: 15230K->480K(15360K)] 36508K->22163K(38912K), 0.0004990 secs] [Times: user=0.00 sys=0.00, real=0.00 secs] 
308.541: Total time for which application threads were stopped: 0.0006230 seconds, Stopping threads took: 0.0000640 seconds
308.601: Application time: 0.0600660 seconds
308.601: [GC [PSYoungGen: 14813K->512K(15360K)] 36496K->22219K(38912K), 0.0004380 secs] [Times: user=0.00 sys=0.00, real=0.00 secs] 
308.602: Total time for which application threads were stopped: 0.0005440 seconds, Stopping threads took: 0.0000460 seconds
308.663: Application time: 0.0611840 seconds
308.663: [GC [PSYoungGen: 14847K->320K(15360K)] 36555K->22471K(38912K), 0.0004850 secs] [Times: user=0.01 sys=0.00, real=0.00 secs] 
308.663: Total time for which application threads were stopped: 0.0005940 seconds, Stopping threads took: 0.0000480 seconds
308.727: Application time: 0.0632700 seconds
308.727: [GC [PSYoungGen: 14655K->0K(15360K)] 36806K->22391K(38912K), 0.0004530 secs] [Times: user=0.00 sys=0.00, real=0.00 secs] 
308.727: Total time for which application threads were stopped: 0.0005590 seconds, Stopping threads took: 0.0000500 seconds
308.790: Application time: 0.0631560 seconds
308.790: [GC [PSYoungGen: 14332K->0K(15360K)] 36724K->22391K(38912K), 0.0003870 secs] [Times: user=0.00 sys=0.00, real=0.00 secs] 
308.791: Total time for which application threads were stopped: 0.0005240 seconds, Stopping threads took: 0.0000710 seconds
308.854: Application time: 0.0634040 seconds
308.854: [GC [PSYoungGen: 14335K->0K(15360K)] 36726K->22391K(38912K), 0.0003630 secs] [Times: user=0.00 sys=0.00, real=0.00 secs] 
308.855: Total time for which application threads were stopped: 0.0004900 seconds, Stopping threads took: 0.0000660 seconds
308.914: Application time: 0.0596310 seconds
308.914: [GC [PSYoungGen: 14334K->576K(15360K)] 36726K->22967K(38912K), 0.0004450 secs] [Times: user=0.00 sys=0.00, real=0.00 secs] 
308.915: Total time for which application threads were stopped: 0.0005700 seconds, Stopping threads took: 0.0000540 seconds
308.978: Application time: 0.0635430 seconds
308.980: [GC [PSYoungGen: 14908K->0K(15360K)] 37300K->22964K(38912K), 0.0004740 secs] [Times: user=0.00 sys=0.00, real=0.00 secs] 
308.980: [Full GC [PSYoungGen: 0K->0K(15360K)] [ParOldGen: 22964K->4438K(23040K)] 22964K->4438K(38400K) [PSPermGen: 5580K->5580K(21504K)], 0.0059180 secs] [Times: user=0.02 sys=0.00, real=0.00 secs] 
308.986: Total time for which application threads were stopped: 0.0077350 seconds, Stopping threads took: 0.0012360 seconds
309.038: Application time: 0.0520700 seconds
309.038: [GC [PSYoungGen: 14333K->384K(15360K)] 18772K->4822K(38400K), 0.0003740 secs] [Times: user=0.00 sys=0.00, real=0.00 secs] 
309.039: Total time for which application threads were stopped: 0.0004990 seconds, Stopping threads took: 0.0000640 seconds
309.092: Application time: 0.0535090 seconds
309.092: [GC [PSYoungGen: 14716K->512K(15360K)] 19155K->4966K(38400K), 0.0004070 secs] [Times: user=0.00 sys=0.00, real=0.00 secs] 
309.093: Total time for which application threads were stopped: 0.0005280 seconds, Stopping threads took: 0.0000610 seconds
309.138: Application time: 0.0449490 seconds
309.138: [GC [PSYoungGen: 14847K->544K(15360K)] 19301K->5070K(38400K), 0.0004110 secs] [Times: user=0.00 sys=0.00, real=0.00 secs] 
309.138: Total time for which application threads were stopped: 0.0005230 seconds, Stopping threads took: 0.0000510 seconds
309.189: Application time: 0.0506970 seconds
309.189: [GC [PSYoungGen: 14878K->608K(15360K)] 19405K->5347K(38400K), 0.0004960 secs] [Times: user=0.00 sys=0.00, real=0.00 secs] 
309.190: Total time for which application threads were stopped: 0.0006060 seconds, Stopping threads took: 0.0000510 seconds
309.242: Application time: 0.0519220 seconds
309.242: [GC [PSYoungGen: 14941K->512K(15360K)] 19680K->5347K(38400K), 0.0004500 secs] [Times: user=0.01 sys=0.00, real=0.00 secs] 
309.242: Total time for which application threads were stopped: 0.0005550 seconds, Stopping threads took: 0.0000450 seconds
309.304: Application time: 0.0617090 seconds
309.304: [GC [PSYoungGen: 14847K->384K(15360K)] 19682K->5431K(38400K), 0.0004030 secs] [Times: user=0.00 sys=0.00, real=0.00 secs] 
309.304: Total time for which application threads were stopped: 0.0005350 seconds, Stopping threads took: 0.0000710 seconds
309.367: Application time: 0.0625420 seconds
309.367: [GC [PSYoungGen: 14716K->0K(15360K)] 19764K->5260K(38400K), 0.0004230 secs] [Times: user=0.00 sys=0.00, real=0.00 secs] 
309.367: Total time for which application threads were stopped: 0.0005290 seconds, Stopping threads took: 0.0000450 seconds
309.430: Application time: 0.0628710 seconds
309.430: [GC [PSYoungGen: 14332K->0K(15360K)] 19592K->5260K(38400K), 0.0003570 secs] [Times: user=0.00 sys=0.00, real=0.00 secs] 
309.431: Total time for which application threads were stopped: 0.0004800 seconds, Stopping threads took: 0.0000520 seconds
309.492: Application time: 0.0613230 seconds
309.492: [GC [PSYoungGen: 14335K->384K(15360K)] 19595K->5644K(38400K), 0.0004140 secs] [Times: user=0.00 sys=0.00, real=0.00 secs] 
309.493: Total time for which application threads were stopped: 0.0005290 seconds, Stopping threads took: 0.0000540 seconds
309.554: Application time: 0.0614370 seconds
309.554: [GC [PSYoungGen: 14717K->384K(15360K)] 19977K->5864K(38400K), 0.0003890 secs] [Times: user=0.01 sys=0.00, real=0.00 secs] 
309.555: Total time for which application threads were stopped: 0.0005050 seconds, Stopping threads took: 0.0000480 seconds
309.616: Application time: 0.0617740 seconds
309.616: [GC [PSYoungGen: 14719K->416K(15360K)] 20200K->6117K(38400K), 0.0003920 secs] [Times: user=0.00 sys=0.00, real=0.00 secs] 
309.617: Total time for which application threads were stopped: 0.0005180 seconds, Stopping threads took: 0.0000650 seconds
309.681: Application time: 0.0639600 seconds
309.681: [GC [PSYoungGen: 14749K->0K(15360K)] 20450K->5925K(38400K), 0.0004290 secs] [Times: user=0.01 sys=0.00, real=0.00 secs] 
309.681: Total time for which application threads were stopped: 0.0005640 seconds, Stopping threads took: 0.0000710 seconds
309.745: Application time: 0.0638190 seconds
309.745: [GC [PSYoungGen: 14332K->64K(15360K)] 20257K->5989K(38400K), 0.0003600 secs] [Times: user=0.01 sys=0.00, real=0.00 secs] 
309.746: Total time for which application threads were stopped: 0.0004770 seconds, Stopping threads took: 0.0000540 seconds
309.789: Application time: 0.0428270 seconds
309.789: [GC [PSYoungGen: 14396K->544K(15360K)] 20321K->6477K(38400K), 0.0004390 secs] [Times: user=0.00 sys=0.00, real=0.00 secs] 
309.789: Total time for which application threads were stopped: 0.0005560 seconds, Stopping threads took: 0.0000570 seconds
309.833: Application time: 0.0434590 seconds
309.833: [GC [PSYoungGen: 14878K->576K(15360K)] 20811K->6565K(38400K), 0.0004190 secs] [Times: user=0.01 sys=0.00, real=0.00 secs] 
309.833: Total time for which application threads were stopped: 0.0005350 seconds, Stopping threads took: 0.0000560 seconds
309.894: Application time: 0.0606900 seconds
309.894: [GC [PSYoungGen: 14909K->544K(15360K)] 20898K->6597K(38400K), 0.0004160 secs] [Times: user=0.00 sys=0.00, real=0.00 secs] 
309.894: Total time for which application threads were stopped: 0.0005430 seconds, Stopping threads took: 0.0000680 seconds
309.948: Application time: 0.0540150 seconds
309.948: [GC [PSYoungGen: 14880K->384K(15360K)] 20933K->6857K(38400K), 0.0004770 secs] [Times: user=0.00 sys=0.00, real=0.00 secs] 
309.949: Total time for which application threads were stopped: 0.0006030 seconds, Stopping threads took: 0.0000570 seconds
310.002: Application time: 0.0526100 seconds
310.002: [GC [PSYoungGen: 14716K->384K(15360K)] 21190K->6873K(38400K), 0.0003750 secs] [Times: user=0.00 sys=0.00, real=0.00 secs] 
310.002: Total time for which application threads were stopped: 0.0004870 seconds, Stopping threads took: 0.0000500 seconds
310.064: Application time: 0.0618230 seconds
310.064: [GC [PSYoungGen: 14719K->320K(15360K)] 21209K->6817K(38400K), 0.0004230 secs] [Times: user=0.00 sys=0.00, real=0.00 secs] 
310.064: Total time for which application threads were stopped: 0.0005390 seconds, Stopping threads took: 0.0000540 seconds
310.127: Application time: 0.0629110 seconds
310.127: [GC [PSYoungGen: 14655K->0K(15360K)] 21152K->6729K(38400K), 0.0004120 secs] [Times: user=0.00 sys=0.00, real=0.00 secs] 
310.128: Total time for which application threads were stopped: 0.0005350 seconds, Stopping threads took: 0.0000630 seconds
310.182: Application time: 0.0542000 seconds
310.182: [GC [PSYoungGen: 14335K->544K(15360K)] 21065K->7273K(38400K), 0.0003960 secs] [Times: user=0.00 sys=0.00, real=0.00 secs] 
310.183: Total time for which application threads were stopped: 0.0005240 seconds, Stopping threads took: 0.0000660 seconds
310.218: Application time: 0.0351910 seconds
310.218: [GC [PSYoungGen: 14879K->896K(15360K)] 21609K->7641K(38400K), 0.0005160 secs] [Times: user=0.00 sys=0.00, real=0.00 secs] 
310.218: Total time for which application threads were stopped: 0.0006340 seconds, Stopping threads took: 0.0000540 seconds
310.273: Application time: 0.0548720 seconds
310.273: [GC [PSYoungGen: 15229K->544K(15360K)] 21975K->7707K(38400K), 0.0004880 secs] [Times: user=0.00 sys=0.00, real=0.00 secs] 
310.274: Total time for which application threads were stopped: 0.0006080 seconds, Stopping threads took: 0.0000610 seconds
310.334: Application time: 0.0601750 seconds
310.334: [GC [PSYoungGen: 14877K->512K(15360K)] 22040K->7887K(38400K), 0.0004530 secs] [Times: user=0.01 sys=0.00, real=0.00 secs] 
310.335: Total time for which application threads were stopped: 0.0005800 seconds, Stopping threads took: 0.0000670 seconds
310.396: Application time: 0.0610870 seconds
310.396: [GC [PSYoungGen: 14843K->416K(15360K)] 22219K->8224K(38400K), 0.0004530 secs] [Times: user=0.00 sys=0.00, real=0.00 secs] 
310.396: Total time for which application threads were stopped: 0.0005800 seconds, Stopping threads took: 0.0000700 seconds
310.460: Application time: 0.0633140 seconds
310.460: [GC [PSYoungGen: 14751K->0K(15360K)] 22559K->8048K(38400K), 0.0004540 secs] [Times: user=0.00 sys=0.00, real=0.00 secs] 
310.460: Total time for which application threads were stopped: 0.0005950 seconds, Stopping threads took: 0.0000710 seconds
310.524: Application time: 0.0632750 seconds
310.524: [GC [PSYoungGen: 14332K->0K(15360K)] 22381K->8048K(38400K), 0.0003420 secs] [Times: user=0.00 sys=0.00, real=0.00 secs] 
310.524: Total time for which application threads were stopped: 0.0004370 seconds, Stopping threads took: 0.0000380 seconds
310.587: Application time: 0.0631800 seconds
310.587: [GC [PSYoungGen: 14332K->0K(15360K)] 22381K->8048K(38400K), 0.0004070 secs] [Times: user=0.00 sys=0.00, real=0.00 secs] 
310.588: Total time for which application threads were stopped: 0.0005380 seconds, Stopping threads took: 0.0000720 seconds
310.647: Application time: 0.0594620 seconds
310.647: [GC [PSYoungGen: 14332K->512K(15360K)] 22381K->8560K(38400K), 0.0004710 secs] [Times: user=0.00 sys=0.00, real=0.00 secs] 
310.648: Total time for which application threads were stopped: 0.0005850 seconds, Stopping threads took: 0.0000560 seconds
310.711: Application time: 0.0637630 seconds
310.712: [GC [PSYoungGen: 14847K->0K(15360K)] 22895K->8501K(38400K), 0.0004260 secs] [Times: user=0.00 sys=0.00, real=0.01 secs] 
310.712: Total time for which application threads were stopped: 0.0005500 seconds, Stopping threads took: 0.0000630 seconds
310.759: Application time: 0.0472240 seconds
310.759: [GC [PSYoungGen: 14331K->384K(15360K)] 22833K->8885K(38400K), 0.0004300 secs] [Times: user=0.00 sys=0.00, real=0.01 secs] 
310.760: Total time for which application threads were stopped: 0.0005330 seconds, Stopping threads took: 0.0000400 seconds
310.817: Application time: 0.0571150 seconds
310.817: [GC [PSYoungGen: 14717K->512K(15360K)] 23219K->9021K(38400K), 0.0004420 secs] [Times: user=0.00 sys=0.00, real=0.00 secs] 
310.817: Total time for which application threads were stopped: 0.0005720 seconds, Stopping threads took: 0.0000710 seconds
310.861: Application time: 0.0436610 seconds
310.861: [GC [PSYoungGen: 14843K->800K(15360K)] 23353K->9365K(38400K), 0.0004780 secs] [Times: user=0.00 sys=0.00, real=0.00 secs] 
310.862: Total time for which application threads were stopped: 0.0005940 seconds, Stopping threads took: 0.0000530 seconds
310.906: Application time: 0.0444050 seconds
310.906: [GC [PSYoungGen: 15134K->192K(14848K)] 23700K->9199K(37888K), 0.0004830 secs] [Times: user=0.01 sys=0.00, real=0.00 secs] 
310.907: Total time for which application threads were stopped: 0.0005980 seconds, Stopping threads took: 0.0000550 seconds
310.967: Application time: 0.0604570 seconds
310.967: [GC [PSYoungGen: 14526K->384K(15360K)] 23533K->9495K(38400K), 0.0005160 secs] [Times: user=0.00 sys=0.00, real=0.00 secs] 
310.968: Total time for which application threads were stopped: 0.0006490 seconds, Stopping threads took: 0.0000620 seconds
311.030: Application time: 0.0619830 seconds
311.030: [GC [PSYoungGen: 14716K->256K(15360K)] 23828K->9708K(38400K), 0.0004920 secs] [Times: user=0.00 sys=0.00, real=0.00 secs] 
311.030: Total time for which application threads were stopped: 0.0005950 seconds, Stopping threads took: 0.0000410 seconds
311.093: Application time: 0.0627510 seconds
311.093: [GC [PSYoungGen: 14589K->0K(15360K)] 24041K->9672K(38400K), 0.0004060 secs] [Times: user=0.00 sys=0.00, real=0.00 secs] 
311.094: Total time for which application threads were stopped: 0.0005230 seconds, Stopping threads took: 0.0000500 seconds
311.156: Application time: 0.0618840 seconds
311.156: [GC [PSYoungGen: 14332K->352K(15360K)] 24005K->10024K(38400K), 0.0003950 secs] [Times: user=0.00 sys=0.00, real=0.00 secs] 
311.156: Total time for which application threads were stopped: 0.0005010 seconds, Stopping threads took: 0.0000450 seconds
311.218: Application time: 0.0621550 seconds
311.218: [GC [PSYoungGen: 14687K->352K(15360K)] 24360K->10048K(38400K), 0.0003840 secs] [Times: user=0.00 sys=0.00, real=0.00 secs] 
311.219: Total time for which application threads were stopped: 0.0005150 seconds, Stopping threads took: 0.0000700 seconds
311.280: Application time: 0.0615290 seconds
311.280: [GC [PSYoungGen: 14687K->416K(15360K)] 24384K->10336K(38400K), 0.0004220 secs] [Times: user=0.00 sys=0.00, real=0.00 secs] 
311.281: Total time for which application threads were stopped: 0.0005450 seconds, Stopping threads took: 0.0000620 seconds
311.343: Application time: 0.0619740 seconds
311.343: [GC [PSYoungGen: 14748K->416K(15360K)] 24669K->10573K(38400K), 0.0004150 secs] [Times: user=0.00 sys=0.00, real=0.00 secs] 
311.343: Total time for which application threads were stopped: 0.0005350 seconds, Stopping threads took: 0.0000620 seconds
311.407: Application time: 0.0635820 seconds
311.407: [GC [PSYoungGen: 14748K->0K(15360K)] 24905K->10377K(38400K), 0.0004120 secs] [Times: user=0.00 sys=0.00, real=0.00 secs] 
311.407: Total time for which application threads were stopped: 0.0005230 seconds, Stopping threads took: 0.0000510 seconds
311.464: Application time: 0.0568470 seconds
311.464: [GC [PSYoungGen: 14334K->416K(15360K)] 24712K->10793K(38400K), 0.0003900 secs] [Times: user=0.01 sys=0.00, real=0.00 secs] 
311.465: Total time for which application threads were stopped: 0.0005010 seconds, Stopping threads took: 0.0000520 seconds
311.506: Application time: 0.0410210 seconds
311.506: [GC [PSYoungGen: 14748K->544K(15360K)] 25126K->10969K(38400K), 0.0004160 secs] [Times: user=0.01 sys=0.00, real=0.00 secs] 
311.506: Total time for which application threads were stopped: 0.0005470 seconds, Stopping threads took: 0.0000580 seconds
311.558: Application time: 0.0516370 seconds
311.558: [GC [PSYoungGen: 14879K->352K(15360K)] 25305K->11038K(38400K), 0.0004560 secs] [Times: user=0.00 sys=0.00, real=0.00 secs] 
311.559: Total time for which application threads were stopped: 0.0005730 seconds, Stopping threads took: 0.0000560 seconds
311.619: Application time: 0.0606730 seconds
311.619: [GC [PSYoungGen: 14686K->512K(15360K)] 25373K->11206K(38400K), 0.0004300 secs] [Times: user=0.00 sys=0.00, real=0.01 secs] 
311.620: Total time for which application threads were stopped: 0.0005530 seconds, Stopping threads took: 0.0000620 seconds
311.666: Application time: 0.0462180 seconds
311.666: [GC [PSYoungGen: 14843K->288K(15360K)] 25538K->11391K(38400K), 0.0005050 secs] [Times: user=0.00 sys=0.00, real=0.00 secs] 
311.667: Total time for which application threads were stopped: 0.0006240 seconds, Stopping threads took: 0.0000550 seconds
311.727: Application time: 0.0599450 seconds
311.728: [GC [PSYoungGen: 14623K->352K(15360K)] 25727K->11463K(38400K), 0.0004140 secs] [Times: user=0.00 sys=0.00, real=0.00 secs] 
311.728: Total time for which application threads were stopped: 0.0015670 seconds, Stopping threads took: 0.0010920 seconds
311.790: Application time: 0.0619240 seconds
311.790: [GC [PSYoungGen: 14687K->352K(15360K)] 25799K->11479K(38400K), 0.0003870 secs] [Times: user=0.00 sys=0.00, real=0.00 secs] 
311.791: Total time for which application threads were stopped: 0.0005050 seconds, Stopping threads took: 0.0000530 seconds
311.853: Application time: 0.0626310 seconds
311.853: [GC [PSYoungGen: 14687K->0K(15360K)] 25814K->11351K(38400K), 0.0003810 secs] [Times: user=0.00 sys=0.00, real=0.00 secs] 
311.854: Total time for which application threads were stopped: 0.0005080 seconds, Stopping threads took: 0.0000640 seconds
311.911: Application time: 0.0572020 seconds
311.911: [GC [PSYoungGen: 14332K->672K(15360K)] 25684K->12023K(38400K), 0.0005160 secs] [Times: user=0.00 sys=0.00, real=0.00 secs] 
311.912: Total time for which application threads were stopped: 0.0006370 seconds, Stopping threads took: 0.0000590 seconds
311.946: Application time: 0.0343880 seconds
311.946: [GC [PSYoungGen: 15007K->736K(15360K)] 26359K->12295K(38400K), 0.0005240 secs] [Times: user=0.01 sys=0.00, real=0.00 secs] 
311.947: Total time for which application threads were stopped: 0.0006480 seconds, Stopping threads took: 0.0000630 seconds
312.000: Application time: 0.0535160 seconds
312.000: [GC [PSYoungGen: 15071K->512K(15360K)] 26631K->12308K(38400K), 0.0004770 secs] [Times: user=0.01 sys=0.00, real=0.00 secs] 
312.001: Total time for which application threads were stopped: 0.0005900 seconds, Stopping threads took: 0.0000520 seconds
312.060: Application time: 0.0592450 seconds
312.060: [GC [PSYoungGen: 14845K->704K(15360K)] 26641K->12508K(38400K), 0.0004550 secs] [Times: user=0.00 sys=0.00, real=0.00 secs] 
312.061: Total time for which application threads were stopped: 0.0005850 seconds, Stopping threads took: 0.0000600 seconds
312.123: Application time: 0.0621410 seconds
312.123: [GC [PSYoungGen: 15039K->352K(15360K)] 26844K->12613K(38400K), 0.0004780 secs] [Times: user=0.00 sys=0.00, real=0.00 secs] 
312.123: Total time for which application threads were stopped: 0.0005950 seconds, Stopping threads took: 0.0000560 seconds
312.186: Application time: 0.0627410 seconds
312.186: [GC [PSYoungGen: 14684K->0K(15360K)] 26945K->12513K(38400K), 0.0003880 secs] [Times: user=0.00 sys=0.00, real=0.00 secs] 
312.187: Total time for which application threads were stopped: 0.0004930 seconds, Stopping threads took: 0.0000440 seconds
312.250: Application time: 0.0629690 seconds
312.252: [GC [PSYoungGen: 14332K->0K(15360K)] 26846K->12513K(38400K), 0.0004510 secs] [Times: user=0.00 sys=0.00, real=0.00 secs] 
312.252: Total time for which application threads were stopped: 0.0027220 seconds, Stopping threads took: 0.0022080 seconds
312.315: Application time: 0.0628270 seconds
312.315: [GC [PSYoungGen: 14332K->0K(15360K)] 26846K->12513K(38400K), 0.0003790 secs] [Times: user=0.00 sys=0.00, real=0.00 secs] 
312.316: Total time for which application threads were stopped: 0.0005140 seconds, Stopping threads took: 0.0000710 seconds
312.375: Application time: 0.0594380 seconds
312.375: [GC [PSYoungGen: 14334K->544K(15360K)] 26848K->13057K(38400K), 0.0004360 secs] [Times: user=0.00 sys=0.00, real=0.00 secs] 
312.376: Total time for which application threads were stopped: 0.0005480 seconds, Stopping threads took: 0.0000530 seconds
312.439: Application time: 0.0638590 seconds
312.440: [GC [PSYoungGen: 14879K->0K(15360K)] 27392K->12955K(38400K), 0.0004130 secs] [Times: user=0.00 sys=0.00, real=0.01 secs] 
312.440: Total time for which application threads were stopped: 0.0005230 seconds, Stopping threads took: 0.0000470 seconds
312.486: Application time: 0.0464630 seconds
312.487: [GC [PSYoungGen: 14331K->352K(15360K)] 27286K->13307K(38400K), 0.0003980 secs] [Times: user=0.00 sys=0.00, real=0.00 secs] 
312.487: Total time for which application threads were stopped: 0.0004920 seconds, Stopping threads took: 0.0000370 seconds
312.540: Application time: 0.0529390 seconds
312.540: [GC [PSYoungGen: 14686K->544K(15360K)] 27641K->13507K(38400K), 0.0004390 secs] [Times: user=0.00 sys=0.00, real=0.00 secs] 
312.540: Total time for which application threads were stopped: 0.0005450 seconds, Stopping threads took: 0.0000400 seconds
312.585: Application time: 0.0442180 seconds
312.585: [GC [PSYoungGen: 14879K->768K(15360K)] 27842K->13787K(38400K), 0.0005170 secs] [Times: user=0.00 sys=0.00, real=0.00 secs] 
312.585: Total time for which application threads were stopped: 0.0006440 seconds, Stopping threads took: 0.0000550 seconds
312.633: Application time: 0.0473630 seconds
312.633: [GC [PSYoungGen: 15100K->384K(14848K)] 28119K->13855K(37888K), 0.0005060 secs] [Times: user=0.00 sys=0.00, real=0.00 secs] 
312.634: Total time for which application threads were stopped: 0.0016670 seconds, Stopping threads took: 0.0000530 seconds
312.695: Application time: 0.0607910 seconds
312.695: [GC [PSYoungGen: 14719K->512K(15360K)] 28190K->14047K(38400K), 0.0004300 secs] [Times: user=0.00 sys=0.00, real=0.00 secs] 
312.696: Total time for which application threads were stopped: 0.0005500 seconds, Stopping threads took: 0.0000590 seconds
312.758: Application time: 0.0627100 seconds
312.758: [GC [PSYoungGen: 14844K->0K(15360K)] 28380K->13944K(38400K), 0.0004140 secs] [Times: user=0.00 sys=0.00, real=0.00 secs] 
312.759: Total time for which application threads were stopped: 0.0005440 seconds, Stopping threads took: 0.0000700 seconds
312.822: Application time: 0.0627180 seconds
312.822: [GC [PSYoungGen: 14332K->0K(15360K)] 28277K->13944K(38400K), 0.0003670 secs] [Times: user=0.00 sys=0.00, real=0.00 secs] 
312.822: Total time for which application threads were stopped: 0.0004760 seconds, Stopping threads took: 0.0000470 seconds
312.883: Application time: 0.0612370 seconds
312.883: [GC [PSYoungGen: 14333K->288K(15360K)] 28278K->14232K(38400K), 0.0004020 secs] [Times: user=0.00 sys=0.00, real=0.00 secs] 
312.884: Total time for which application threads were stopped: 0.0005100 seconds, Stopping threads took: 0.0000500 seconds
312.947: Application time: 0.0629930 seconds
312.947: [GC [PSYoungGen: 14623K->0K(15360K)] 28567K->14165K(38400K), 0.0003840 secs] [Times: user=0.00 sys=0.00, real=0.00 secs] 
312.947: Total time for which application threads were stopped: 0.0005020 seconds, Stopping threads took: 0.0000580 seconds
313.008: Application time: 0.0610760 seconds
313.009: [GC [PSYoungGen: 14332K->576K(15360K)] 28498K->14741K(38400K), 0.0004060 secs] [Times: user=0.00 sys=0.00, real=0.00 secs] 
313.009: Total time for which application threads were stopped: 0.0005240 seconds, Stopping threads took: 0.0000580 seconds
313.072: Application time: 0.0626160 seconds
313.072: [GC [PSYoungGen: 14910K->352K(15360K)] 29075K->14741K(38400K), 0.0004210 secs] [Times: user=0.00 sys=0.00, real=0.00 secs] 
313.072: Total time for which application threads were stopped: 0.0005400 seconds, Stopping threads took: 0.0000510 seconds
313.136: Application time: 0.0634430 seconds
313.136: [GC [PSYoungGen: 14684K->0K(15360K)] 29073K->14617K(38400K), 0.0003910 secs] [Times: user=0.00 sys=0.00, real=0.00 secs] 
313.136: Total time for which application threads were stopped: 0.0005170 seconds, Stopping threads took: 0.0000530 seconds
313.185: Application time: 0.0491140 seconds
313.185: [GC [PSYoungGen: 14334K->384K(15360K)] 28952K->15001K(38400K), 0.0003900 secs] [Times: user=0.00 sys=0.00, real=0.00 secs] 
313.186: Total time for which application threads were stopped: 0.0005090 seconds, Stopping threads took: 0.0000580 seconds
313.226: Application time: 0.0405190 seconds
313.226: [GC [PSYoungGen: 14718K->512K(15360K)] 29336K->15185K(38400K), 0.0004280 secs] [Times: user=0.00 sys=0.00, real=0.00 secs] 
313.227: Total time for which application threads were stopped: 0.0005490 seconds, Stopping threads took: 0.0000590 seconds
313.285: Application time: 0.0583230 seconds
313.285: [GC [PSYoungGen: 14847K->608K(15360K)] 29521K->15338K(38400K), 0.0004950 secs] [Times: user=0.00 sys=0.00, real=0.00 secs] 
313.286: Total time for which application threads were stopped: 0.0006110 seconds, Stopping threads took: 0.0000560 seconds
313.345: Application time: 0.0588770 seconds
313.345: [GC [PSYoungGen: 14943K->480K(15360K)] 29673K->15422K(38400K), 0.0005140 secs] [Times: user=0.00 sys=0.00, real=0.00 secs] 
313.345: Total time for which application threads were stopped: 0.0006340 seconds, Stopping threads took: 0.0000620 seconds
313.392: Application time: 0.0464560 seconds
313.392: [GC [PSYoungGen: 14811K->416K(15360K)] 29754K->15574K(38400K), 0.0004160 secs] [Times: user=0.01 sys=0.00, real=0.00 secs] 
313.392: Total time for which application threads were stopped: 0.0005540 seconds, Stopping threads took: 0.0000770 seconds
313.454: Application time: 0.0617840 seconds
313.454: [GC [PSYoungGen: 14749K->352K(15360K)] 29907K->15526K(38400K), 0.0003920 secs] [Times: user=0.01 sys=0.00, real=0.00 secs] 
313.455: Total time for which application threads were stopped: 0.0005350 seconds, Stopping threads took: 0.0000730 seconds
313.517: Application time: 0.0627550 seconds
313.517: [GC [PSYoungGen: 14685K->0K(15360K)] 29859K->15406K(38400K), 0.0003910 secs] [Times: user=0.00 sys=0.00, real=0.00 secs] 
313.518: Total time for which application threads were stopped: 0.0005180 seconds, Stopping threads took: 0.0000630 seconds
313.580: Application time: 0.0617610 seconds
313.580: [GC [PSYoungGen: 14333K->352K(15360K)] 29740K->15758K(38400K), 0.0003950 secs] [Times: user=0.00 sys=0.00, real=0.00 secs] 
313.580: Total time for which application threads were stopped: 0.0005070 seconds, Stopping threads took: 0.0000520 seconds
313.635: Application time: 0.0553150 seconds
313.636: [GC [PSYoungGen: 14687K->896K(15360K)] 30093K->16310K(38400K), 0.0005360 secs] [Times: user=0.00 sys=0.00, real=0.00 secs] 
313.636: Total time for which application threads were stopped: 0.0006480 seconds, Stopping threads took: 0.0000520 seconds
313.671: Application time: 0.0348260 seconds
313.671: [GC [PSYoungGen: 15228K->480K(15360K)] 30642K->16303K(38400K), 0.0004830 secs] [Times: user=0.00 sys=0.00, real=0.00 secs] 
313.672: Total time for which application threads were stopped: 0.0006250 seconds, Stopping threads took: 0.0000710 seconds
313.727: Application time: 0.0556790 seconds
313.727: [GC [PSYoungGen: 14813K->544K(15360K)] 30637K->16383K(38400K), 0.0004670 secs] [Times: user=0.01 sys=0.00, real=0.00 secs] 
313.728: Total time for which application threads were stopped: 0.0005840 seconds, Stopping threads took: 0.0000570 seconds
313.786: Application time: 0.0586100 seconds
313.787: [GC [PSYoungGen: 14877K->800K(14848K)] 30717K->16647K(37888K), 0.0004610 secs] [Times: user=0.00 sys=0.00, real=0.00 secs] 
313.787: Total time for which application threads were stopped: 0.0005830 seconds, Stopping threads took: 0.0000660 seconds
313.848: Application time: 0.0609760 seconds
313.848: [GC [PSYoungGen: 14621K->0K(15360K)] 30469K->16525K(38400K), 0.0004960 secs] [Times: user=0.00 sys=0.00, real=0.00 secs] 
313.849: Total time for which application threads were stopped: 0.0006160 seconds, Stopping threads took: 0.0000590 seconds
313.910: Application time: 0.0612490 seconds
313.910: [GC [PSYoungGen: 13821K->0K(15360K)] 30347K->16525K(38400K), 0.0003560 secs] [Times: user=0.01 sys=0.00, real=0.00 secs] 
313.910: Total time for which application threads were stopped: 0.0004700 seconds, Stopping threads took: 0.0000550 seconds
313.972: Application time: 0.0614010 seconds
313.972: [GC [PSYoungGen: 13819K->0K(15360K)] 30345K->16525K(38400K), 0.0003480 secs] [Times: user=0.00 sys=0.00, real=0.00 secs] 
313.972: Total time for which application threads were stopped: 0.0004650 seconds, Stopping threads took: 0.0000600 seconds
314.034: Application time: 0.0616240 seconds
314.034: [GC [PSYoungGen: 13821K->0K(15360K)] 30347K->16525K(38400K), 0.0003560 secs] [Times: user=0.00 sys=0.00, real=0.00 secs] 
314.034: Total time for which application threads were stopped: 0.0004830 seconds, Stopping threads took: 0.0000700 seconds
314.092: Application time: 0.0573500 seconds
314.092: [GC [PSYoungGen: 13819K->512K(15360K)] 30345K->17037K(38400K), 0.0005420 secs] [Times: user=0.00 sys=0.00, real=0.00 secs] 
314.092: Total time for which application threads were stopped: 0.0006540 seconds, Stopping threads took: 0.0000490 seconds
314.153: Application time: 0.0603250 seconds
314.153: [GC [PSYoungGen: 14334K->288K(14336K)] 30859K->17254K(37376K), 0.0005160 secs] [Times: user=0.00 sys=0.00, real=0.00 secs] 
314.153: Total time for which application threads were stopped: 0.0006360 seconds, Stopping threads took: 0.0000590 seconds
314.197: Application time: 0.0436900 seconds
314.197: [GC [PSYoungGen: 14111K->352K(14848K)] 31077K->17334K(37888K), 0.0003800 secs] [Times: user=0.00 sys=0.00, real=0.00 secs] 
314.197: Total time for which application threads were stopped: 0.0005040 seconds, Stopping threads took: 0.0000530 seconds
314.250: Application time: 0.0521930 seconds
314.250: [GC [PSYoungGen: 14171K->512K(14848K)] 31154K->17510K(37888K), 0.0004580 secs] [Times: user=0.00 sys=0.00, real=0.00 secs] 
314.250: Total time for which application threads were stopped: 0.0005670 seconds, Stopping threads took: 0.0000470 seconds
314.289: Application time: 0.0389210 seconds
314.289: [GC [PSYoungGen: 14332K->752K(14848K)] 31330K->17806K(37888K), 0.0005570 secs] [Times: user=0.01 sys=0.00, real=0.00 secs] 
314.290: Total time for which application threads were stopped: 0.0006840 seconds, Stopping threads took: 0.0000680 seconds
314.338: Application time: 0.0484260 seconds
314.338: [GC [PSYoungGen: 14573K->352K(14336K)] 31628K->17875K(37376K), 0.0004880 secs] [Times: user=0.00 sys=0.00, real=0.00 secs] 
314.339: Total time for which application threads were stopped: 0.0006170 seconds, Stopping threads took: 0.0000670 seconds
314.397: Application time: 0.0585540 seconds
314.398: [GC [PSYoungGen: 14173K->544K(14848K)] 31696K->18091K(37888K), 0.0004150 secs] [Times: user=0.00 sys=0.00, real=0.00 secs] 
314.398: Total time for which application threads were stopped: 0.0005110 seconds, Stopping threads took: 0.0000380 seconds
314.460: Application time: 0.0619110 seconds
314.460: [GC [PSYoungGen: 14364K->0K(14848K)] 31911K->17948K(37888K), 0.0004190 secs] [Times: user=0.00 sys=0.00, real=0.00 secs] 
314.460: Total time for which application threads were stopped: 0.0005340 seconds, Stopping threads took: 0.0000550 seconds
314.522: Application time: 0.0611670 seconds
314.522: [GC [PSYoungGen: 13823K->0K(14848K)] 31772K->17948K(37888K), 0.0003460 secs] [Times: user=0.00 sys=0.00, real=0.00 secs] 
314.522: Total time for which application threads were stopped: 0.0004670 seconds, Stopping threads took: 0.0000620 seconds
314.582: Application time: 0.0603540 seconds
314.583: [GC [PSYoungGen: 13822K->352K(14848K)] 31771K->18300K(37888K), 0.0004210 secs] [Times: user=0.00 sys=0.00, real=0.00 secs] 
314.583: Total time for which application threads were stopped: 0.0005470 seconds, Stopping threads took: 0.0000630 seconds
314.644: Application time: 0.0605570 seconds
314.644: [GC [PSYoungGen: 14175K->320K(14848K)] 32123K->18292K(37888K), 0.0004250 secs] [Times: user=0.00 sys=0.00, real=0.00 secs] 
314.644: Total time for which application threads were stopped: 0.0005310 seconds, Stopping threads took: 0.0000460 seconds
314.703: Application time: 0.0586820 seconds
314.703: [GC [PSYoungGen: 14140K->544K(14848K)] 32113K->18736K(37888K), 0.0004510 secs] [Times: user=0.00 sys=0.00, real=0.00 secs] 
314.703: Total time for which application threads were stopped: 0.0005740 seconds, Stopping threads took: 0.0000530 seconds
314.764: Application time: 0.0607080 seconds
314.764: [GC [PSYoungGen: 14365K->320K(14848K)] 32558K->18744K(37888K), 0.0004600 secs] [Times: user=0.00 sys=0.00, real=0.00 secs] 
314.765: Total time for which application threads were stopped: 0.0005810 seconds, Stopping threads took: 0.0000600 seconds
314.826: Application time: 0.0616640 seconds
314.826: [GC [PSYoungGen: 14143K->0K(14848K)] 32568K->18632K(37888K), 0.0003870 secs] [Times: user=0.00 sys=0.00, real=0.00 secs] 
314.827: Total time for which application threads were stopped: 0.0005070 seconds, Stopping threads took: 0.0000570 seconds
314.878: Application time: 0.0509370 seconds
314.878: [GC [PSYoungGen: 13823K->384K(14848K)] 32456K->19016K(37888K), 0.0004290 secs] [Times: user=0.00 sys=0.00, real=0.00 secs] 
314.878: Total time for which application threads were stopped: 0.0005540 seconds, Stopping threads took: 0.0000670 seconds
314.922: Application time: 0.0436990 seconds
314.922: [GC [PSYoungGen: 14204K->576K(14848K)] 32837K->19272K(37888K), 0.0004350 secs] [Times: user=0.00 sys=0.00, real=0.00 secs] 
314.923: Total time for which application threads were stopped: 0.0005660 seconds, Stopping threads took: 0.0000710 seconds
314.970: Application time: 0.0472850 seconds
314.970: [GC [PSYoungGen: 14397K->480K(14848K)] 33094K->19240K(37888K), 0.0004710 secs] [Times: user=0.00 sys=0.00, real=0.00 secs] 
314.970: Total time for which application threads were stopped: 0.0005970 seconds, Stopping threads took: 0.0000600 seconds
315.030: Application time: 0.0594490 seconds
315.030: [GC [PSYoungGen: 14303K->320K(14848K)] 33063K->19301K(37888K), 0.0004280 secs] [Times: user=0.00 sys=0.00, real=0.00 secs] 
315.030: Total time for which application threads were stopped: 0.0005460 seconds, Stopping threads took: 0.0000550 seconds
315.080: Application time: 0.0499870 seconds
315.081: [GC [PSYoungGen: 14142K->416K(14848K)] 33123K->19621K(37888K), 0.0004210 secs] [Times: user=0.00 sys=0.00, real=0.00 secs] 
315.081: Total time for which application threads were stopped: 0.0005270 seconds, Stopping threads took: 0.0000490 seconds
315.133: Application time: 0.0517120 seconds
315.133: [GC [PSYoungGen: 14240K->352K(14848K)] 33445K->19573K(37888K), 0.0004060 secs] [Times: user=0.00 sys=0.00, real=0.00 secs] 
315.133: Total time for which application threads were stopped: 0.0005300 seconds, Stopping threads took: 0.0000630 seconds
315.193: Application time: 0.0594470 seconds
315.193: [GC [PSYoungGen: 14175K->352K(14848K)] 33397K->19597K(37888K), 0.0003880 secs] [Times: user=0.00 sys=0.00, real=0.00 secs] 
315.193: Total time for which application threads were stopped: 0.0005190 seconds, Stopping threads took: 0.0000700 seconds
315.254: Application time: 0.0606900 seconds
315.254: [GC [PSYoungGen: 14173K->0K(14848K)] 33418K->19458K(37888K), 0.0004210 secs] [Times: user=0.00 sys=0.00, real=0.00 secs] 
315.254: Total time for which application threads were stopped: 0.0005490 seconds, Stopping threads took: 0.0000590 seconds
315.314: Application time: 0.0591430 seconds
315.314: [GC [PSYoungGen: 13823K->512K(14848K)] 33281K->19970K(37888K), 0.0004150 secs] [Times: user=0.00 sys=0.00, real=0.00 secs] 
315.314: Total time for which application threads were stopped: 0.0005350 seconds, Stopping threads took: 0.0000590 seconds
315.373: Application time: 0.0590850 seconds
315.373: [GC [PSYoungGen: 14335K->512K(14848K)] 33793K->20314K(37888K), 0.0004790 secs] [Times: user=0.01 sys=0.00, real=0.00 secs] 
315.374: Total time for which application threads were stopped: 0.0005960 seconds, Stopping threads took: 0.0000530 seconds
315.412: Application time: 0.0380050 seconds
315.412: [GC [PSYoungGen: 14335K->576K(14848K)] 34137K->20590K(37888K), 0.0004490 secs] [Times: user=0.00 sys=0.00, real=0.00 secs] 
315.412: Total time for which application threads were stopped: 0.0005660 seconds, Stopping threads took: 0.0000570 seconds
315.457: Application time: 0.0443550 seconds
315.457: [GC [PSYoungGen: 14397K->480K(14848K)] 34411K->20510K(37888K), 0.0004870 secs] [Times: user=0.00 sys=0.00, real=0.00 secs] 
315.457: Total time for which application threads were stopped: 0.0005950 seconds, Stopping threads took: 0.0000480 seconds
315.513: Application time: 0.0555110 seconds
315.513: [GC [PSYoungGen: 14300K->800K(14848K)] 34331K->20838K(37888K), 0.0005820 secs] [Times: user=0.01 sys=0.00, real=0.00 secs] 
315.514: Total time for which application threads were stopped: 0.0007040 seconds, Stopping threads took: 0.0000610 seconds
315.574: Application time: 0.0607620 seconds
315.574: [GC [PSYoungGen: 14623K->0K(14848K)] 34662K->20827K(37888K), 0.0005410 secs] [Times: user=0.00 sys=0.00, real=0.00 secs] 
315.575: Total time for which application threads were stopped: 0.0006720 seconds, Stopping threads took: 0.0000650 seconds
315.636: Application time: 0.0608850 seconds
315.636: [GC [PSYoungGen: 13823K->0K(14848K)] 34651K->20827K(37888K), 0.0003640 secs] [Times: user=0.00 sys=0.00, real=0.00 secs] 
315.636: Total time for which application threads were stopped: 0.0004860 seconds, Stopping threads took: 0.0000630 seconds
315.697: Application time: 0.0610140 seconds
315.697: [GC [PSYoungGen: 13823K->0K(14848K)] 34651K->20827K(37888K), 0.0003540 secs] [Times: user=0.00 sys=0.00, real=0.00 secs] 
315.698: Total time for which application threads were stopped: 0.0004730 seconds, Stopping threads took: 0.0000550 seconds
315.759: Application time: 0.0609390 seconds
315.759: [GC [PSYoungGen: 13823K->0K(14848K)] 34651K->20827K(37888K), 0.0003740 secs] [Times: user=0.00 sys=0.00, real=0.00 secs] 
315.759: Total time for which application threads were stopped: 0.0005030 seconds, Stopping threads took: 0.0000600 seconds
315.819: Application time: 0.0593690 seconds
315.819: [GC [PSYoungGen: 13824K->448K(14848K)] 34651K->21275K(37888K), 0.0004180 secs] [Times: user=0.00 sys=0.00, real=0.00 secs] 
315.819: Total time for which application threads were stopped: 0.0005340 seconds, Stopping threads took: 0.0000560 seconds
315.871: Application time: 0.0517730 seconds
315.871: [GC [PSYoungGen: 14268K->704K(14848K)] 35096K->21579K(37888K), 0.0005170 secs] [Times: user=0.00 sys=0.00, real=0.00 secs] 
315.872: Total time for which application threads were stopped: 0.0006160 seconds, Stopping threads took: 0.0000400 seconds
315.919: Application time: 0.0477960 seconds
315.919: [GC [PSYoungGen: 14525K->352K(14336K)] 35401K->21645K(37376K), 0.0004770 secs] [Times: user=0.00 sys=0.00, real=0.01 secs] 
315.920: Total time for which application threads were stopped: 0.0005940 seconds, Stopping threads took: 0.0000540 seconds
315.969: Application time: 0.0486350 seconds
315.969: [GC [PSYoungGen: 14173K->640K(14848K)] 35466K->21981K(37888K), 0.0005650 secs] [Times: user=0.00 sys=0.00, real=0.00 secs] 
315.969: Total time for which application threads were stopped: 0.0006810 seconds, Stopping threads took: 0.0000560 seconds
316.008: Application time: 0.0385610 seconds
316.008: [GC [PSYoungGen: 14463K->544K(14848K)] 35804K->22109K(37888K), 0.0004590 secs] [Times: user=0.01 sys=0.00, real=0.00 secs] 
316.008: Total time for which application threads were stopped: 0.0005800 seconds, Stopping threads took: 0.0000570 seconds
316.061: Application time: 0.0521530 seconds
316.061: [GC [PSYoungGen: 14366K->480K(14848K)] 35931K->22141K(37888K), 0.0004450 secs] [Times: user=0.01 sys=0.00, real=0.00 secs] 
316.061: Total time for which application threads were stopped: 0.0005890 seconds, Stopping threads took: 0.0000810 seconds
316.121: Application time: 0.0597480 seconds
316.121: [GC [PSYoungGen: 14303K->320K(14848K)] 35964K->22201K(37888K), 0.0004130 secs] [Times: user=0.01 sys=0.00, real=0.00 secs] 
316.121: Total time for which application threads were stopped: 0.0005200 seconds, Stopping threads took: 0.0000440 seconds
316.182: Application time: 0.0603730 seconds
316.182: [GC [PSYoungGen: 14141K->0K(14848K)] 36022K->22110K(37888K), 0.0004190 secs] [Times: user=0.00 sys=0.00, real=0.00 secs] 
316.182: Total time for which application threads were stopped: 0.0005310 seconds, Stopping threads took: 0.0000510 seconds
316.243: Application time: 0.0603920 seconds
316.243: [GC [PSYoungGen: 13821K->0K(14848K)] 35931K->22110K(37888K), 0.0003790 secs] [Times: user=0.00 sys=0.00, real=0.00 secs] 
316.243: Total time for which application threads were stopped: 0.0004960 seconds, Stopping threads took: 0.0000590 seconds
316.302: Application time: 0.0587850 seconds
316.302: [GC [PSYoungGen: 13823K->384K(14848K)] 35933K->22494K(37888K), 0.0003960 secs] [Times: user=0.01 sys=0.00, real=0.00 secs] 
316.303: Total time for which application threads were stopped: 0.0005180 seconds, Stopping threads took: 0.0000530 seconds
316.363: Application time: 0.0604990 seconds
316.363: [GC [PSYoungGen: 14205K->0K(14848K)] 36315K->22326K(37888K), 0.0003860 secs] [Times: user=0.00 sys=0.00, real=0.00 secs] 
316.364: Total time for which application threads were stopped: 0.0005060 seconds, Stopping threads took: 0.0000610 seconds
316.421: Application time: 0.0577260 seconds
316.421: [GC [PSYoungGen: 13822K->544K(14848K)] 36149K->22870K(37888K), 0.0004580 secs] [Times: user=0.01 sys=0.00, real=0.00 secs] 
316.422: Total time for which application threads were stopped: 0.0005720 seconds, Stopping threads took: 0.0000530 seconds
316.484: Application time: 0.0619170 seconds
316.484: [GC [PSYoungGen: 14365K->0K(14848K)] 36692K->22746K(37888K), 0.0004490 secs] [Times: user=0.00 sys=0.00, real=0.00 secs] 
316.484: [Full GC [PSYoungGen: 0K->0K(14848K)] [ParOldGen: 22746K->4442K(23040K)] 22746K->4442K(37888K) [PSPermGen: 5580K->5580K(21504K)], 0.0057100 secs] [Times: user=0.02 sys=0.00, real=0.00 secs] 
316.490: Total time for which application threads were stopped: 0.0063390 seconds, Stopping threads took: 0.0000610 seconds
316.552: Application time: 0.0621030 seconds
316.552: [GC [PSYoungGen: 13821K->0K(14848K)] 18263K->4442K(37888K), 0.0003620 secs] [Times: user=0.00 sys=0.00, real=0.00 secs] 
316.553: Total time for which application threads were stopped: 0.0004870 seconds, Stopping threads took: 0.0000650 seconds
316.600: Application time: 0.0470020 seconds
316.600: [GC [PSYoungGen: 13822K->384K(14848K)] 18264K->4826K(37888K), 0.0003750 secs] [Times: user=0.00 sys=0.00, real=0.00 secs] 
316.600: Total time for which application threads were stopped: 0.0004960 seconds, Stopping threads took: 0.0000610 seconds
316.645: Application time: 0.0450890 seconds
316.645: [GC [PSYoungGen: 14206K->544K(14848K)] 18648K->5050K(37888K), 0.0004740 secs] [Times: user=0.00 sys=0.00, real=0.00 secs] 
316.646: Total time for which application threads were stopped: 0.0005880 seconds, Stopping threads took: 0.0000550 seconds
316.696: Application time: 0.0499520 seconds
316.696: [GC [PSYoungGen: 14365K->480K(14848K)] 18871K->5034K(37888K), 0.0004300 secs] [Times: user=0.00 sys=0.00, real=0.00 secs] 
316.696: Total time for which application threads were stopped: 0.0005380 seconds, Stopping threads took: 0.0000500 seconds
316.756: Application time: 0.0595280 seconds
316.756: [GC [PSYoungGen: 14303K->320K(14848K)] 18857K->5094K(37888K), 0.0004170 secs] [Times: user=0.00 sys=0.00, real=0.00 secs] 
316.756: Total time for which application threads were stopped: 0.0005230 seconds, Stopping threads took: 0.0000480 seconds
316.805: Application time: 0.0487690 seconds
316.805: [GC [PSYoungGen: 14139K->384K(14848K)] 18914K->5371K(37888K), 0.0004130 secs] [Times: user=0.00 sys=0.00, real=0.00 secs] 
316.806: Total time for which application threads were stopped: 0.0005400 seconds, Stopping threads took: 0.0000550 seconds
316.859: Application time: 0.0532840 seconds
316.859: [GC [PSYoungGen: 14207K->320K(14848K)] 19194K->5315K(37888K), 0.0004010 secs] [Times: user=0.00 sys=0.00, real=0.00 secs] 
316.860: Total time for which application threads were stopped: 0.0005310 seconds, Stopping threads took: 0.0000670 seconds
316.919: Application time: 0.0597310 seconds
316.919: [GC [PSYoungGen: 14143K->320K(14848K)] 19138K->5323K(37888K), 0.0004480 secs] [Times: user=0.00 sys=0.00, real=0.01 secs] 
316.920: Total time for which application threads were stopped: 0.0005540 seconds, Stopping threads took: 0.0000450 seconds
316.981: Application time: 0.0608450 seconds
316.981: [GC [PSYoungGen: 14141K->0K(14848K)] 19144K->5215K(37888K), 0.0004230 secs] [Times: user=0.00 sys=0.00, real=0.00 secs] 
316.981: Total time for which application threads were stopped: 0.0005260 seconds, Stopping threads took: 0.0000460 seconds
317.041: Application time: 0.0593630 seconds
317.041: [GC [PSYoungGen: 13821K->384K(14848K)] 19036K->5599K(37888K), 0.0003820 secs] [Times: user=0.00 sys=0.00, real=0.00 secs] 
317.041: Total time for which application threads were stopped: 0.0005000 seconds, Stopping threads took: 0.0000570 seconds
317.100: Application time: 0.0590610 seconds
317.100: [GC [PSYoungGen: 14207K->352K(14848K)] 19423K->5791K(37888K), 0.0004010 secs] [Times: user=0.00 sys=0.00, real=0.00 secs] 
317.101: Total time for which application threads were stopped: 0.0005220 seconds, Stopping threads took: 0.0000610 seconds
317.138: Application time: 0.0376800 seconds
317.138: [GC [PSYoungGen: 14174K->512K(14848K)] 19613K->6180K(37888K), 0.0004350 secs] [Times: user=0.00 sys=0.00, real=0.00 secs] 
317.139: Total time for which application threads were stopped: 0.0005440 seconds, Stopping threads took: 0.0000480 seconds
317.183: Application time: 0.0444470 seconds
317.183: [GC [PSYoungGen: 14333K->512K(14848K)] 20001K->6188K(37888K), 0.0004300 secs] [Times: user=0.00 sys=0.00, real=0.00 secs] 
317.184: Total time for which application threads were stopped: 0.0005490 seconds, Stopping threads took: 0.0000580 seconds
317.240: Application time: 0.0562230 seconds
317.240: [GC [PSYoungGen: 14333K->928K(14848K)] 20009K->6612K(37888K), 0.0005140 secs] [Times: user=0.00 sys=0.00, real=0.00 secs] 
317.241: Total time for which application threads were stopped: 0.0006240 seconds, Stopping threads took: 0.0000500 seconds
317.302: Application time: 0.0611640 seconds
317.302: [GC [PSYoungGen: 14751K->0K(14848K)] 20436K->6341K(37888K), 0.0004590 secs] [Times: user=0.01 sys=0.00, real=0.00 secs] 
317.302: Total time for which application threads were stopped: 0.0005700 seconds, Stopping threads took: 0.0000500 seconds
317.364: Application time: 0.0616500 seconds
317.364: [GC [PSYoungGen: 13821K->0K(14848K)] 20163K->6341K(37888K), 0.0003280 secs] [Times: user=0.00 sys=0.00, real=0.00 secs] 
317.365: Total time for which application threads were stopped: 0.0004610 seconds, Stopping threads took: 0.0000640 seconds
317.426: Application time: 0.0617680 seconds
317.426: [GC [PSYoungGen: 13821K->0K(14848K)] 20163K->6341K(37888K), 0.0004110 secs] [Times: user=0.01 sys=0.00, real=0.00 secs] 
317.427: Total time for which application threads were stopped: 0.0005330 seconds, Stopping threads took: 0.0000600 seconds
317.489: Application time: 0.0620580 seconds
317.489: [GC [PSYoungGen: 13823K->0K(14848K)] 20164K->6341K(37888K), 0.0003910 secs] [Times: user=0.00 sys=0.00, real=0.00 secs] 
317.489: Total time for which application threads were stopped: 0.0005210 seconds, Stopping threads took: 0.0000670 seconds
317.549: Application time: 0.0595410 seconds
317.549: [GC [PSYoungGen: 13821K->512K(14848K)] 20162K->6853K(37888K), 0.0004600 secs] [Times: user=0.00 sys=0.00, real=0.00 secs] 
317.550: Total time for which application threads were stopped: 0.0005560 seconds, Stopping threads took: 0.0000390 seconds
317.595: Application time: 0.0450610 seconds
317.595: [GC [PSYoungGen: 14333K->736K(14336K)] 20675K->7133K(37376K), 0.0005400 secs] [Times: user=0.01 sys=0.00, real=0.00 secs] 
317.595: Total time for which application threads were stopped: 0.0006510 seconds, Stopping threads took: 0.0000490 seconds
317.649: Application time: 0.0534550 seconds
317.649: [GC [PSYoungGen: 14044K->288K(13824K)] 20442K->7094K(36864K), 0.0005480 secs] [Times: user=0.01 sys=0.00, real=0.00 secs] 
317.650: Total time for which application threads were stopped: 0.0017180 seconds, Stopping threads took: 0.0000570 seconds
317.702: Application time: 0.0512740 seconds
317.702: [GC [PSYoungGen: 13596K->544K(14336K)] 20402K->7414K(37376K), 0.0004210 secs] [Times: user=0.00 sys=0.00, real=0.00 secs] 
317.702: Total time for which application threads were stopped: 0.0005590 seconds, Stopping threads took: 0.0000800 seconds
317.738: Application time: 0.0357240 seconds
317.738: [GC [PSYoungGen: 13854K->704K(14336K)] 20725K->7795K(37376K), 0.0005290 secs] [Times: user=0.00 sys=0.00, real=0.00 secs] 
317.739: Total time for which application threads were stopped: 0.0006420 seconds, Stopping threads took: 0.0000550 seconds
317.786: Application time: 0.0476710 seconds
317.786: [GC [PSYoungGen: 14013K->352K(13824K)] 21104K->7727K(36864K), 0.0004440 secs] [Times: user=0.00 sys=0.00, real=0.00 secs] 
317.787: Total time for which application threads were stopped: 0.0005570 seconds, Stopping threads took: 0.0000520 seconds
317.843: Application time: 0.0559270 seconds
317.843: [GC [PSYoungGen: 13662K->448K(14336K)] 21038K->7839K(37376K), 0.0004780 secs] [Times: user=0.00 sys=0.00, real=0.00 secs] 
317.843: Total time for which application threads were stopped: 0.0005940 seconds, Stopping threads took: 0.0000540 seconds
317.902: Application time: 0.0582870 seconds
317.902: [GC [PSYoungGen: 13757K->0K(14336K)] 21149K->7816K(37376K), 0.0004100 secs] [Times: user=0.00 sys=0.00, real=0.00 secs] 
317.902: Total time for which application threads were stopped: 0.0005400 seconds, Stopping threads took: 0.0000580 seconds
317.961: Application time: 0.0584030 seconds
317.961: [GC [PSYoungGen: 13309K->0K(14336K)] 21126K->7816K(37376K), 0.0004160 secs] [Times: user=0.00 sys=0.00, real=0.00 secs] 
317.961: Total time for which application threads were stopped: 0.0005410 seconds, Stopping threads took: 0.0000570 seconds
318.018: Application time: 0.0567740 seconds
318.018: [GC [PSYoungGen: 13308K->288K(14336K)] 21125K->8104K(37376K), 0.0004400 secs] [Times: user=0.00 sys=0.00, real=0.00 secs] 
318.019: Total time for which application threads were stopped: 0.0005540 seconds, Stopping threads took: 0.0000570 seconds
318.078: Application time: 0.0591020 seconds
318.078: [GC [PSYoungGen: 13597K->0K(14336K)] 21414K->8037K(37376K), 0.0004000 secs] [Times: user=0.00 sys=0.00, real=0.00 secs] 
318.078: Total time for which application threads were stopped: 0.0005080 seconds, Stopping threads took: 0.0000520 seconds
318.135: Application time: 0.0571320 seconds
318.135: [GC [PSYoungGen: 13308K->320K(14336K)] 21346K->8357K(37376K), 0.0003690 secs] [Times: user=0.00 sys=0.00, real=0.00 secs] 
318.136: Total time for which application threads were stopped: 0.0004840 seconds, Stopping threads took: 0.0000610 seconds
318.193: Application time: 0.0572860 seconds
318.193: [GC [PSYoungGen: 13628K->416K(14336K)] 21666K->8666K(37376K), 0.0004120 secs] [Times: user=0.00 sys=0.00, real=0.00 secs] 
318.194: Total time for which application threads were stopped: 0.0005290 seconds, Stopping threads took: 0.0000590 seconds
318.253: Application time: 0.0590040 seconds
318.253: [GC [PSYoungGen: 13725K->0K(14336K)] 21975K->8474K(37376K), 0.0004170 secs] [Times: user=0.00 sys=0.00, real=0.00 secs] 
318.253: Total time for which application threads were stopped: 0.0005250 seconds, Stopping threads took: 0.0000480 seconds
318.303: Application time: 0.0497830 seconds
318.303: [GC [PSYoungGen: 13308K->352K(14336K)] 21782K->8826K(37376K), 0.0003870 secs] [Times: user=0.00 sys=0.00, real=0.00 secs] 
318.303: Total time for which application threads were stopped: 0.0004950 seconds, Stopping threads took: 0.0000540 seconds
318.346: Application time: 0.0429450 seconds
318.346: [GC [PSYoungGen: 13659K->320K(14336K)] 22133K->8842K(37376K), 0.0004550 secs] [Times: user=0.01 sys=0.00, real=0.00 secs] 
318.347: Total time for which application threads were stopped: 0.0005680 seconds, Stopping threads took: 0.0000540 seconds
318.390: Application time: 0.0432840 seconds
318.390: [GC [PSYoungGen: 13628K->400K(14336K)] 22150K->9150K(37376K), 0.0004100 secs] [Times: user=0.00 sys=0.00, real=0.00 secs] 
318.391: Total time for which application threads were stopped: 0.0005210 seconds, Stopping threads took: 0.0000540 seconds
318.447: Application time: 0.0561310 seconds
318.447: [GC [PSYoungGen: 13708K->544K(14336K)] 22459K->9350K(37376K), 0.0003940 secs] [Times: user=0.00 sys=0.00, real=0.00 secs] 
318.447: Total time for which application threads were stopped: 0.0005120 seconds, Stopping threads took: 0.0000550 seconds
318.498: Application time: 0.0509870 seconds
318.498: [GC [PSYoungGen: 13851K->352K(14336K)] 22658K->9579K(37376K), 0.0004440 secs] [Times: user=0.00 sys=0.00, real=0.00 secs] 
318.499: Total time for which application threads were stopped: 0.0005570 seconds, Stopping threads took: 0.0000530 seconds
318.545: Application time: 0.0463840 seconds
318.545: [GC [PSYoungGen: 13661K->448K(14336K)] 22888K->9691K(37376K), 0.0003930 secs] [Times: user=0.00 sys=0.00, real=0.00 secs] 
318.546: Total time for which application threads were stopped: 0.0005110 seconds, Stopping threads took: 0.0000610 seconds
318.603: Application time: 0.0571800 seconds
318.603: [GC [PSYoungGen: 13756K->352K(14336K)] 22999K->9611K(37376K), 0.0003580 secs] [Times: user=0.00 sys=0.00, real=0.00 secs] 
318.604: Total time for which application threads were stopped: 0.0004840 seconds, Stopping threads took: 0.0000690 seconds
318.662: Application time: 0.0584120 seconds
318.662: [GC [PSYoungGen: 13661K->0K(14336K)] 22920K->9463K(37376K), 0.0004760 secs] [Times: user=0.00 sys=0.00, real=0.00 secs] 
318.663: Total time for which application threads were stopped: 0.0005920 seconds, Stopping threads took: 0.0000510 seconds
318.720: Application time: 0.0578840 seconds
318.720: [GC [PSYoungGen: 13311K->448K(14336K)] 22775K->9911K(37376K), 0.0004000 secs] [Times: user=0.00 sys=0.00, real=0.00 secs] 
318.721: Total time for which application threads were stopped: 0.0005120 seconds, Stopping threads took: 0.0000570 seconds
318.777: Application time: 0.0557390 seconds
318.777: [GC [PSYoungGen: 13756K->544K(14336K)] 23220K->10023K(37376K), 0.0004020 secs] [Times: user=0.00 sys=0.00, real=0.00 secs] 
318.777: Total time for which application threads were stopped: 0.0005090 seconds, Stopping threads took: 0.0000460 seconds
318.834: Application time: 0.0568300 seconds
318.834: [GC [PSYoungGen: 13853K->320K(14336K)] 23333K->10344K(37376K), 0.0004930 secs] [Times: user=0.00 sys=0.00, real=0.00 secs] 
318.835: Total time for which application threads were stopped: 0.0006010 seconds, Stopping threads took: 0.0000530 seconds
318.867: Application time: 0.0321560 seconds
318.867: [GC [PSYoungGen: 13629K->544K(14336K)] 23654K->10576K(37376K), 0.0004040 secs] [Times: user=0.00 sys=0.00, real=0.00 secs] 
318.867: Total time for which application threads were stopped: 0.0005130 seconds, Stopping threads took: 0.0000490 seconds
318.913: Application time: 0.0458040 seconds
318.913: [GC [PSYoungGen: 13853K->704K(14336K)] 23886K->10744K(37376K), 0.0004280 secs] [Times: user=0.01 sys=0.00, real=0.00 secs] 
318.914: Total time for which application threads were stopped: 0.0005420 seconds, Stopping threads took: 0.0000560 seconds
318.968: Application time: 0.0547500 seconds
318.968: [GC [PSYoungGen: 14015K->768K(14336K)] 24056K->10832K(37376K), 0.0004630 secs] [Times: user=0.01 sys=0.00, real=0.00 secs] 
318.969: Total time for which application threads were stopped: 0.0005880 seconds, Stopping threads took: 0.0000560 seconds
319.027: Application time: 0.0584260 seconds
319.027: [GC [PSYoungGen: 14077K->0K(14336K)] 24142K->10738K(37376K), 0.0004730 secs] [Times: user=0.01 sys=0.00, real=0.00 secs] 
319.028: Total time for which application threads were stopped: 0.0005940 seconds, Stopping threads took: 0.0000610 seconds
319.087: Application time: 0.0586720 seconds
319.087: [GC [PSYoungGen: 13309K->0K(14336K)] 24048K->10738K(37376K), 0.0003310 secs] [Times: user=0.01 sys=0.00, real=0.00 secs] 
319.087: Total time for which application threads were stopped: 0.0004400 seconds, Stopping threads took: 0.0000510 seconds
319.146: Application time: 0.0587640 seconds
319.146: [GC [PSYoungGen: 13309K->0K(14336K)] 24048K->10738K(37376K), 0.0003560 secs] [Times: user=0.00 sys=0.00, real=0.00 secs] 
319.146: Total time for which application threads were stopped: 0.0004740 seconds, Stopping threads took: 0.0000570 seconds
319.205: Application time: 0.0586410 seconds
319.205: [GC [PSYoungGen: 13309K->0K(14336K)] 24048K->10738K(37376K), 0.0003250 secs] [Times: user=0.00 sys=0.00, real=0.00 secs] 
319.205: Total time for which application threads were stopped: 0.0004340 seconds, Stopping threads took: 0.0000530 seconds
319.262: Application time: 0.0565530 seconds
319.262: [GC [PSYoungGen: 13311K->640K(14336K)] 24050K->11378K(37376K), 0.0004570 secs] [Times: user=0.00 sys=0.00, real=0.00 secs] 
319.263: Total time for which application threads were stopped: 0.0005740 seconds, Stopping threads took: 0.0000590 seconds
319.304: Application time: 0.0410500 seconds
319.308: [GC [PSYoungGen: 13949K->704K(14848K)] 24687K->11506K(37888K), 0.0004400 secs] [Times: user=0.00 sys=0.00, real=0.00 secs] 
319.308: Total time for which application threads were stopped: 0.0046280 seconds, Stopping threads took: 0.0041280 seconds
319.364: Application time: 0.0552980 seconds
319.364: [GC [PSYoungGen: 14013K->352K(14848K)] 24815K->11571K(37888K), 0.0004780 secs] [Times: user=0.00 sys=0.00, real=0.00 secs] 
319.364: Total time for which application threads were stopped: 0.0005810 seconds, Stopping threads took: 0.0000470 seconds
319.417: Application time: 0.0528550 seconds
319.417: [GC [PSYoungGen: 13660K->512K(14848K)] 24880K->11787K(37888K), 0.0004190 secs] [Times: user=0.00 sys=0.00, real=0.00 secs] 
319.417: Total time for which application threads were stopped: 0.0005210 seconds, Stopping threads took: 0.0000410 seconds
319.453: Application time: 0.0359970 seconds
319.456: [GC [PSYoungGen: 13823K->608K(14848K)] 25098K->12112K(37888K), 0.0004520 secs] [Times: user=0.00 sys=0.00, real=0.00 secs] 
319.456: Total time for which application threads were stopped: 0.0027670 seconds, Stopping threads took: 0.0022580 seconds
319.503: Application time: 0.0466580 seconds
319.503: [GC [PSYoungGen: 13919K->384K(13824K)] 25423K->12164K(36864K), 0.0004520 secs] [Times: user=0.00 sys=0.00, real=0.00 secs] 
319.503: Total time for which application threads were stopped: 0.0005710 seconds, Stopping threads took: 0.0000560 seconds
319.559: Application time: 0.0558190 seconds
319.559: [GC [PSYoungGen: 13694K->480K(14336K)] 25475K->12268K(37376K), 0.0004380 secs] [Times: user=0.00 sys=0.00, real=0.01 secs] 
319.560: Total time for which application threads were stopped: 0.0005550 seconds, Stopping threads took: 0.0000570 seconds
319.618: Application time: 0.0583570 seconds
319.618: [GC [PSYoungGen: 13789K->0K(14336K)] 25578K->12201K(37376K), 0.0004740 secs] [Times: user=0.00 sys=0.00, real=0.00 secs] 
319.619: Total time for which application threads were stopped: 0.0005840 seconds, Stopping threads took: 0.0000540 seconds
319.677: Application time: 0.0585640 seconds
319.677: [GC [PSYoungGen: 13309K->0K(14336K)] 25510K->12201K(37376K), 0.0003580 secs] [Times: user=0.00 sys=0.00, real=0.00 secs] 
319.678: Total time for which application threads were stopped: 0.0004860 seconds, Stopping threads took: 0.0000630 seconds
319.735: Application time: 0.0572170 seconds
319.735: [GC [PSYoungGen: 13308K->384K(14336K)] 25510K->12585K(37376K), 0.0003660 secs] [Times: user=0.01 sys=0.00, real=0.00 secs] 
319.736: Total time for which application threads were stopped: 0.0004870 seconds, Stopping threads took: 0.0000580 seconds
319.795: Application time: 0.0590800 seconds
319.795: [GC [PSYoungGen: 13693K->0K(14336K)] 25895K->12414K(37376K), 0.0003970 secs] [Times: user=0.01 sys=0.00, real=0.00 secs] 
319.795: Total time for which application threads were stopped: 0.0005130 seconds, Stopping threads took: 0.0000520 seconds
319.853: Application time: 0.0573710 seconds
319.853: [GC [PSYoungGen: 13308K->320K(14336K)] 25722K->12734K(37376K), 0.0003850 secs] [Times: user=0.00 sys=0.00, real=0.00 secs] 
319.853: Total time for which application threads were stopped: 0.0004990 seconds, Stopping threads took: 0.0000600 seconds
319.910: Application time: 0.0573130 seconds
319.910: [GC [PSYoungGen: 13628K->320K(14336K)] 26042K->12946K(37376K), 0.0004070 secs] [Times: user=0.01 sys=0.00, real=0.00 secs] 
319.911: Total time for which application threads were stopped: 0.0005250 seconds, Stopping threads took: 0.0000580 seconds
319.970: Application time: 0.0588340 seconds
319.970: [GC [PSYoungGen: 13629K->0K(14336K)] 26256K->12823K(37376K), 0.0003880 secs] [Times: user=0.00 sys=0.00, real=0.00 secs] 
319.970: Total time for which application threads were stopped: 0.0005100 seconds, Stopping threads took: 0.0000690 seconds
320.023: Application time: 0.0528320 seconds
320.024: [GC [PSYoungGen: 13311K->384K(14336K)] 26135K->13207K(37376K), 0.0004170 secs] [Times: user=0.00 sys=0.00, real=0.00 secs] 
320.024: Total time for which application threads were stopped: 0.0011410 seconds, Stopping threads took: 0.0006600 seconds
320.066: Application time: 0.0414810 seconds
320.066: [GC [PSYoungGen: 13691K->480K(14336K)] 26514K->13359K(37376K), 0.0004240 secs] [Times: user=0.00 sys=0.00, real=0.00 secs] 
320.066: Total time for which application threads were stopped: 0.0005280 seconds, Stopping threads took: 0.0000470 seconds
320.108: Application time: 0.0421490 seconds
320.108: [GC [PSYoungGen: 13789K->320K(14336K)] 26668K->13403K(37376K), 0.0005080 secs] [Times: user=0.00 sys=0.00, real=0.00 secs] 
320.109: Total time for which application threads were stopped: 0.0006430 seconds, Stopping threads took: 0.0000730 seconds
320.166: Application time: 0.0574030 seconds
320.167: [GC [PSYoungGen: 13631K->352K(14336K)] 26715K->13683K(37376K), 0.0004340 secs] [Times: user=0.00 sys=0.00, real=0.00 secs] 
320.167: Total time for which application threads were stopped: 0.0005600 seconds, Stopping threads took: 0.0000690 seconds
320.220: Application time: 0.0526100 seconds
320.220: [GC [PSYoungGen: 13662K->672K(14336K)] 26994K->14224K(37376K), 0.0004730 secs] [Times: user=0.01 sys=0.00, real=0.00 secs] 
320.220: Total time for which application threads were stopped: 0.0006110 seconds, Stopping threads took: 0.0000790 seconds
320.264: Application time: 0.0435810 seconds
320.264: [GC [PSYoungGen: 13981K->352K(14336K)] 27533K->14132K(37376K), 0.0003900 secs] [Times: user=0.01 sys=0.00, real=0.00 secs] 
320.264: Total time for which application threads were stopped: 0.0004940 seconds, Stopping threads took: 0.0000500 seconds
320.321: Application time: 0.0568970 seconds
320.321: [GC [PSYoungGen: 13663K->352K(14336K)] 27444K->14148K(37376K), 0.0004020 secs] [Times: user=0.00 sys=0.00, real=0.00 secs] 
320.322: Total time for which application threads were stopped: 0.0005170 seconds, Stopping threads took: 0.0000520 seconds
320.380: Application time: 0.0585880 seconds
320.380: [GC [PSYoungGen: 13661K->0K(14336K)] 27458K->14012K(37376K), 0.0004460 secs] [Times: user=0.00 sys=0.00, real=0.00 secs] 
320.381: Total time for which application threads were stopped: 0.0005540 seconds, Stopping threads took: 0.0000500 seconds
320.439: Application time: 0.0580390 seconds
320.439: [GC [PSYoungGen: 13308K->384K(14336K)] 27321K->14396K(37376K), 0.0003930 secs] [Times: user=0.00 sys=0.00, real=0.00 secs] 
320.439: Total time for which application threads were stopped: 0.0005010 seconds, Stopping threads took: 0.0000530 seconds
320.496: Application time: 0.0566870 seconds
320.496: [GC [PSYoungGen: 13692K->384K(14336K)] 27705K->14617K(37376K), 0.0004170 secs] [Times: user=0.00 sys=0.00, real=0.00 secs] 
320.497: Total time for which application threads were stopped: 0.0005390 seconds, Stopping threads took: 0.0000620 seconds
320.555: Application time: 0.0583530 seconds
320.555: [GC [PSYoungGen: 13693K->0K(14336K)] 27926K->14449K(37376K), 0.0003790 secs] [Times: user=0.00 sys=0.00, real=0.00 secs] 
320.555: Total time for which application threads were stopped: 0.0005000 seconds, Stopping threads took: 0.0000560 seconds
320.593: Application time: 0.0376270 seconds
320.593: [GC [PSYoungGen: 13308K->544K(14336K)] 27758K->14993K(37376K), 0.0004680 secs] [Times: user=0.00 sys=0.00, real=0.00 secs] 
320.594: Total time for which application threads were stopped: 0.0005850 seconds, Stopping threads took: 0.0000570 seconds
320.633: Application time: 0.0397590 seconds
320.634: [GC [PSYoungGen: 13855K->512K(14336K)] 28305K->14985K(37376K), 0.0004140 secs] [Times: user=0.00 sys=0.00, real=0.00 secs] 
320.634: Total time for which application threads were stopped: 0.0005230 seconds, Stopping threads took: 0.0000490 seconds
320.688: Application time: 0.0544200 seconds
320.688: [GC [PSYoungGen: 13821K->544K(14336K)] 28294K->15230K(37376K), 0.0005190 secs] [Times: user=0.00 sys=0.00, real=0.00 secs] 
320.689: Total time for which application threads were stopped: 0.0006310 seconds, Stopping threads took: 0.0000570 seconds
320.746: Application time: 0.0570930 seconds
320.746: [GC [PSYoungGen: 13855K->256K(14336K)] 28541K->15379K(37376K), 0.0005000 secs] [Times: user=0.01 sys=0.00, real=0.00 secs] 
320.747: Total time for which application threads were stopped: 0.0006170 seconds, Stopping threads took: 0.0000530 seconds
320.805: Application time: 0.0585030 seconds
320.805: [GC [PSYoungGen: 13565K->0K(14336K)] 28688K->15367K(37376K), 0.0004880 secs] [Times: user=0.01 sys=0.00, real=0.00 secs] 
320.806: Total time for which application threads were stopped: 0.0006010 seconds, Stopping threads took: 0.0000550 seconds
320.864: Application time: 0.0586540 seconds
320.865: [GC [PSYoungGen: 13309K->0K(14336K)] 28677K->15367K(37376K), 0.0003630 secs] [Times: user=0.00 sys=0.00, real=0.00 secs] 
320.865: Total time for which application threads were stopped: 0.0005040 seconds, Stopping threads took: 0.0000830 seconds
320.923: Application time: 0.0584630 seconds
320.924: [GC [PSYoungGen: 13309K->0K(14336K)] 28677K->15367K(37376K), 0.0003710 secs] [Times: user=0.01 sys=0.00, real=0.00 secs] 
320.924: Total time for which application threads were stopped: 0.0004950 seconds, Stopping threads took: 0.0000630 seconds
320.983: Application time: 0.0585670 seconds
320.983: [GC [PSYoungGen: 13309K->0K(14336K)] 28677K->15367K(37376K), 0.0003380 secs] [Times: user=0.00 sys=0.00, real=0.00 secs] 
320.983: Total time for which application threads were stopped: 0.0004370 seconds, Stopping threads took: 0.0000470 seconds
321.022: Application time: 0.0386160 seconds
321.022: [GC [PSYoungGen: 13309K->704K(14336K)] 28677K->16071K(37376K), 0.0005020 secs] [Times: user=0.00 sys=0.00, real=0.00 secs] 
321.022: Total time for which application threads were stopped: 0.0006220 seconds, Stopping threads took: 0.0000590 seconds
321.077: Application time: 0.0544600 seconds
321.077: [GC [PSYoungGen: 14015K->288K(14336K)] 29383K->16216K(37376K), 0.0005310 secs] [Times: user=0.00 sys=0.00, real=0.00 secs] 
321.077: Total time for which application threads were stopped: 0.0006700 seconds, Stopping threads took: 0.0000690 seconds
321.129: Application time: 0.0515000 seconds
321.129: [GC [PSYoungGen: 13600K->672K(14336K)] 29528K->16656K(37376K), 0.0004620 secs] [Times: user=0.00 sys=0.00, real=0.00 secs] 
321.129: Total time for which application threads were stopped: 0.0005730 seconds, Stopping threads took: 0.0000510 seconds
321.168: Application time: 0.0380840 seconds
321.168: [GC [PSYoungGen: 13982K->608K(14336K)] 29967K->16805K(37376K), 0.0004550 secs] [Times: user=0.00 sys=0.00, real=0.00 secs] 
321.168: Total time for which application threads were stopped: 0.0005670 seconds, Stopping threads took: 0.0000560 seconds
321.213: Application time: 0.0449220 seconds
321.213: [GC [PSYoungGen: 13917K->352K(14336K)] 30115K->16842K(37376K), 0.0004160 secs] [Times: user=0.00 sys=0.00, real=0.00 secs] 
321.214: Total time for which application threads were stopped: 0.0005540 seconds, Stopping threads took: 0.0000750 seconds
321.269: Application time: 0.0556070 seconds
321.269: [GC [PSYoungGen: 13662K->480K(14336K)] 30152K->16986K(37376K), 0.0004160 secs] [Times: user=0.00 sys=0.00, real=0.00 secs] 
321.270: Total time for which application threads were stopped: 0.0005240 seconds, Stopping threads took: 0.0000500 seconds
321.328: Application time: 0.0582860 seconds
321.328: [GC [PSYoungGen: 13789K->0K(14336K)] 30295K->16915K(37376K), 0.0004020 secs] [Times: user=0.00 sys=0.00, real=0.00 secs] 
321.328: Total time for which application threads were stopped: 0.0005010 seconds, Stopping threads took: 0.0000430 seconds
321.387: Application time: 0.0581850 seconds
321.387: [GC [PSYoungGen: 13309K->0K(14336K)] 30224K->16915K(37376K), 0.0003600 secs] [Times: user=0.00 sys=0.00, real=0.00 secs] 
321.387: Total time for which application threads were stopped: 0.0004610 seconds, Stopping threads took: 0.0000460 seconds
321.444: Application time: 0.0569430 seconds
321.444: [GC [PSYoungGen: 13311K->384K(14336K)] 30226K->17299K(37376K), 0.0004150 secs] [Times: user=0.01 sys=0.00, real=0.00 secs] 
321.445: Total time for which application threads were stopped: 0.0005220 seconds, Stopping threads took: 0.0000530 seconds
321.503: Application time: 0.0588550 seconds
321.504: [GC [PSYoungGen: 13693K->0K(14336K)] 30608K->17143K(37376K), 0.0003880 secs] [Times: user=0.01 sys=0.00, real=0.00 secs] 
321.504: Total time for which application threads were stopped: 0.0005040 seconds, Stopping threads took: 0.0000620 seconds
321.561: Application time: 0.0569540 seconds
321.561: [GC [PSYoungGen: 13308K->384K(14336K)] 30452K->17527K(37376K), 0.0004490 secs] [Times: user=0.00 sys=0.00, real=0.00 secs] 
321.561: Total time for which application threads were stopped: 0.0005540 seconds, Stopping threads took: 0.0000480 seconds
321.619: Application time: 0.0573240 seconds
321.619: [GC [PSYoungGen: 13692K->384K(14336K)] 30836K->17748K(37376K), 0.0003880 secs] [Times: user=0.00 sys=0.00, real=0.00 secs] 
321.619: Total time for which application threads were stopped: 0.0005080 seconds, Stopping threads took: 0.0000490 seconds
321.678: Application time: 0.0589520 seconds
321.678: [GC [PSYoungGen: 13693K->0K(14336K)] 31057K->17560K(37376K), 0.0004620 secs] [Times: user=0.00 sys=0.00, real=0.00 secs] 
321.679: Total time for which application threads were stopped: 0.0005890 seconds, Stopping threads took: 0.0000710 seconds
321.730: Application time: 0.0509810 seconds
321.730: [GC [PSYoungGen: 13308K->288K(14336K)] 30869K->17848K(37376K), 0.0004540 secs] [Times: user=0.00 sys=0.00, real=0.00 secs] 
321.730: Total time for which application threads were stopped: 0.0005620 seconds, Stopping threads took: 0.0000450 seconds
321.773: Application time: 0.0428360 seconds
321.773: [GC [PSYoungGen: 13597K->512K(14336K)] 31157K->18128K(37376K), 0.0004220 secs] [Times: user=0.00 sys=0.00, real=0.00 secs] 
321.774: Total time for which application threads were stopped: 0.0005510 seconds, Stopping threads took: 0.0000750 seconds
321.816: Application time: 0.0422990 seconds
321.816: [GC [PSYoungGen: 13821K->384K(14336K)] 31438K->18221K(37376K), 0.0004540 secs] [Times: user=0.00 sys=0.00, real=0.00 secs] 
321.817: Total time for which application threads were stopped: 0.0005670 seconds, Stopping threads took: 0.0000570 seconds
321.873: Application time: 0.0567330 seconds
321.873: [GC [PSYoungGen: 13692K->352K(14336K)] 31530K->18450K(37376K), 0.0004340 secs] [Times: user=0.00 sys=0.00, real=0.00 secs] 
321.874: Total time for which application threads were stopped: 0.0005360 seconds, Stopping threads took: 0.0000400 seconds
321.931: Application time: 0.0569500 seconds
321.931: [GC [PSYoungGen: 13618K->416K(14336K)] 31716K->18726K(37376K), 0.0004760 secs] [Times: user=0.01 sys=0.00, real=0.00 secs] 
321.931: Total time for which application threads were stopped: 0.0005930 seconds, Stopping threads took: 0.0000570 seconds
321.973: Application time: 0.0415310 seconds
321.973: [GC [PSYoungGen: 13727K->288K(14336K)] 32038K->18814K(37376K), 0.0004800 secs] [Times: user=0.00 sys=0.00, real=0.00 secs] 
321.974: Total time for which application threads were stopped: 0.0005930 seconds, Stopping threads took: 0.0000510 seconds
322.029: Application time: 0.0558350 seconds
322.030: [GC [PSYoungGen: 13599K->320K(14336K)] 32125K->18854K(37376K), 0.0004010 secs] [Times: user=0.00 sys=0.00, real=0.00 secs] 
322.030: Total time for which application threads were stopped: 0.0005090 seconds, Stopping threads took: 0.0000520 seconds
322.088: Application time: 0.0578030 seconds
322.088: [GC [PSYoungGen: 13628K->352K(14336K)] 32163K->18910K(37376K), 0.0004070 secs] [Times: user=0.00 sys=0.00, real=0.00 secs] 
322.088: Total time for which application threads were stopped: 0.0005270 seconds, Stopping threads took: 0.0000650 seconds
322.146: Application time: 0.0577440 seconds
322.146: [GC [PSYoungGen: 13660K->384K(14336K)] 32219K->19163K(37376K), 0.0004290 secs] [Times: user=0.00 sys=0.00, real=0.00 secs] 
322.147: Total time for which application threads were stopped: 0.0005410 seconds, Stopping threads took: 0.0000460 seconds
322.203: Application time: 0.0560060 seconds
322.203: [GC [PSYoungGen: 13692K->544K(14336K)] 32471K->19331K(37376K), 0.0004290 secs] [Times: user=0.01 sys=0.00, real=0.00 secs] 
322.203: Total time for which application threads were stopped: 0.0005450 seconds, Stopping threads took: 0.0000550 seconds
322.262: Application time: 0.0585380 seconds
322.262: [GC [PSYoungGen: 13853K->0K(14336K)] 32640K->19207K(37376K), 0.0004330 secs] [Times: user=0.01 sys=0.00, real=0.00 secs] 
322.262: Total time for which application threads were stopped: 0.0005560 seconds, Stopping threads took: 0.0000610 seconds
322.303: Application time: 0.0404160 seconds
322.303: [GC [PSYoungGen: 13311K->512K(14336K)] 32519K->19719K(37376K), 0.0004120 secs] [Times: user=0.00 sys=0.00, real=0.00 secs] 
322.303: Total time for which application threads were stopped: 0.0005210 seconds, Stopping threads took: 0.0000490 seconds
322.341: Application time: 0.0378130 seconds
322.341: [GC [PSYoungGen: 13821K->448K(14336K)] 33029K->19671K(37376K), 0.0004800 secs] [Times: user=0.00 sys=0.00, real=0.00 secs] 
322.342: Total time for which application threads were stopped: 0.0005970 seconds, Stopping threads took: 0.0000550 seconds
322.396: Application time: 0.0547530 seconds
322.396: [GC [PSYoungGen: 13755K->576K(14336K)] 32979K->20012K(37376K), 0.0004450 secs] [Times: user=0.00 sys=0.00, real=0.00 secs] 
322.397: Total time for which application threads were stopped: 0.0005610 seconds, Stopping threads took: 0.0000580 seconds
322.458: Application time: 0.0607120 seconds
322.458: [GC [PSYoungGen: 13883K->352K(14336K)] 33319K->20229K(37376K), 0.0004750 secs] [Times: user=0.00 sys=0.00, real=0.00 secs] 
322.458: Total time for which application threads were stopped: 0.0006040 seconds, Stopping threads took: 0.0000690 seconds
322.518: Application time: 0.0594340 seconds
322.518: [GC [PSYoungGen: 13661K->0K(14336K)] 33538K->20117K(37376K), 0.0004310 secs] [Times: user=0.00 sys=0.00, real=0.00 secs] 
322.518: Total time for which application threads were stopped: 0.0005570 seconds, Stopping threads took: 0.0000640 seconds
322.577: Application time: 0.0592250 seconds
322.578: [GC [PSYoungGen: 13311K->0K(14336K)] 33428K->20117K(37376K), 0.0003710 secs] [Times: user=0.00 sys=0.00, real=0.00 secs] 
322.578: Total time for which application threads were stopped: 0.0004860 seconds, Stopping threads took: 0.0000580 seconds
322.637: Application time: 0.0594590 seconds
322.637: [GC [PSYoungGen: 13311K->0K(14336K)] 33428K->20117K(37376K), 0.0003650 secs] [Times: user=0.00 sys=0.00, real=0.00 secs] 
322.638: Total time for which application threads were stopped: 0.0004930 seconds, Stopping threads took: 0.0000690 seconds
322.695: Application time: 0.0566670 seconds
322.695: [GC [PSYoungGen: 13310K->288K(14336K)] 33428K->20405K(37376K), 0.0004530 secs] [Times: user=0.00 sys=0.00, real=0.00 secs] 
322.696: Total time for which application threads were stopped: 0.0017010 seconds, Stopping threads took: 0.0000550 seconds
322.736: Application time: 0.0395690 seconds
322.736: [GC [PSYoungGen: 13596K->800K(14336K)] 33714K->20925K(37376K), 0.0004650 secs] [Times: user=0.00 sys=0.00, real=0.00 secs] 
322.736: Total time for which application threads were stopped: 0.0006040 seconds, Stopping threads took: 0.0000850 seconds
322.793: Application time: 0.0569400 seconds
322.793: [GC [PSYoungGen: 14109K->384K(14336K)] 34234K->20957K(37376K), 0.0004880 secs] [Times: user=0.00 sys=0.00, real=0.00 secs] 
322.794: Total time for which application threads were stopped: 0.0006130 seconds, Stopping threads took: 0.0000600 seconds
322.852: Application time: 0.0582370 seconds
322.852: [GC [PSYoungGen: 13695K->256K(14336K)] 34268K->20877K(37376K), 0.0004380 secs] [Times: user=0.00 sys=0.00, real=0.00 secs] 
322.853: Total time for which application threads were stopped: 0.0005590 seconds, Stopping threads took: 0.0000600 seconds
322.888: Application time: 0.0354050 seconds
322.888: [GC [PSYoungGen: 13566K->544K(14336K)] 34188K->21386K(37376K), 0.0004950 secs] [Times: user=0.00 sys=0.00, real=0.00 secs] 
322.889: Total time for which application threads were stopped: 0.0006230 seconds, Stopping threads took: 0.0000680 seconds
322.931: Application time: 0.0425600 seconds
322.931: [GC [PSYoungGen: 13855K->576K(14336K)] 34697K->21474K(37376K), 0.0004550 secs] [Times: user=0.00 sys=0.00, real=0.01 secs] 
322.932: Total time for which application threads were stopped: 0.0005750 seconds, Stopping threads took: 0.0000590 seconds
322.988: Application time: 0.0563280 seconds
322.992: [GC [PSYoungGen: 13884K->576K(14336K)] 34782K->21546K(37376K), 0.0004260 secs] [Times: user=0.00 sys=0.00, real=0.00 secs] 
322.992: Total time for which application threads were stopped: 0.0039340 seconds, Stopping threads took: 0.0034520 seconds
323.051: Application time: 0.0589610 seconds
323.051: [GC [PSYoungGen: 13885K->0K(14336K)] 34855K->21387K(37376K), 0.0004480 secs] [Times: user=0.00 sys=0.00, real=0.01 secs] 
323.052: Total time for which application threads were stopped: 0.0005820 seconds, Stopping threads took: 0.0000630 seconds
323.110: Application time: 0.0587100 seconds
323.111: [GC [PSYoungGen: 13309K->0K(14336K)] 34696K->21387K(37376K), 0.0003980 secs] [Times: user=0.00 sys=0.00, real=0.00 secs] 
323.111: Total time for which application threads were stopped: 0.0005330 seconds, Stopping threads took: 0.0000720 seconds
323.168: Application time: 0.0573590 seconds
323.168: [GC [PSYoungGen: 13308K->544K(14336K)] 34695K->21931K(37376K), 0.0004280 secs] [Times: user=0.00 sys=0.00, real=0.00 secs] 
323.169: Total time for which application threads were stopped: 0.0005440 seconds, Stopping threads took: 0.0000610 seconds
323.229: Application time: 0.0598010 seconds
323.229: [GC [PSYoungGen: 13855K->0K(14336K)] 35242K->21611K(37376K), 0.0003940 secs] [Times: user=0.00 sys=0.00, real=0.00 secs] 
323.229: Total time for which application threads were stopped: 0.0005400 seconds, Stopping threads took: 0.0000720 seconds
323.288: Application time: 0.0585420 seconds
323.288: [GC [PSYoungGen: 13311K->288K(14336K)] 34922K->21899K(37376K), 0.0006050 secs] [Times: user=0.00 sys=0.00, real=0.00 secs] 
323.289: Total time for which application threads were stopped: 0.0012620 seconds, Stopping threads took: 0.0005860 seconds
323.351: Application time: 0.0619650 seconds
323.351: [GC [PSYoungGen: 13598K->512K(14336K)] 35209K->22139K(37376K), 0.0004500 secs] [Times: user=0.00 sys=0.00, real=0.00 secs] 
323.352: Total time for which application threads were stopped: 0.0005710 seconds, Stopping threads took: 0.0000620 seconds
323.411: Application time: 0.0598490 seconds
323.412: [GC [PSYoungGen: 13821K->0K(14336K)] 35448K->22047K(37376K), 0.0004400 secs] [Times: user=0.00 sys=0.00, real=0.01 secs] 
323.412: Total time for which application threads were stopped: 0.0005490 seconds, Stopping threads took: 0.0000500 seconds
323.468: Application time: 0.0561680 seconds
323.468: [GC [PSYoungGen: 13309K->304K(14336K)] 35357K->22351K(37376K), 0.0004140 secs] [Times: user=0.00 sys=0.00, real=0.00 secs] 
323.469: Total time for which application threads were stopped: 0.0005340 seconds, Stopping threads took: 0.0000620 seconds
323.512: Application time: 0.0428040 seconds
323.512: [GC [PSYoungGen: 13615K->416K(14336K)] 35663K->22527K(37376K), 0.0004230 secs] [Times: user=0.00 sys=0.00, real=0.01 secs] 
323.512: Total time for which application threads were stopped: 0.0005510 seconds, Stopping threads took: 0.0000630 seconds
323.559: Application time: 0.0468190 seconds
323.559: [GC [PSYoungGen: 13725K->400K(14336K)] 35837K->22732K(37376K), 0.0004500 secs] [Times: user=0.00 sys=0.00, real=0.00 secs] 
323.559: Total time for which application threads were stopped: 0.0005600 seconds, Stopping threads took: 0.0000490 seconds
323.609: Application time: 0.0490670 seconds
323.609: [GC [PSYoungGen: 13711K->512K(14336K)] 36044K->22908K(37376K), 0.0004220 secs] [Times: user=0.01 sys=0.00, real=0.00 secs] 
323.609: Total time for which application threads were stopped: 0.0005490 seconds, Stopping threads took: 0.0000700 seconds
323.664: Application time: 0.0550880 seconds
323.664: [GC [PSYoungGen: 13821K->544K(14336K)] 36217K->23153K(37376K), 0.0004970 secs] [Times: user=0.00 sys=0.00, real=0.00 secs] 
323.665: [Full GC [PSYoungGen: 544K->0K(14336K)] [ParOldGen: 22609K->4437K(22528K)] 23153K->4437K(36864K) [PSPermGen: 5580K->5580K(21504K)], 0.0057050 secs] [Times: user=0.03 sys=0.00, real=0.00 secs] 
323.671: Total time for which application threads were stopped: 0.0063820 seconds, Stopping threads took: 0.0000720 seconds
323.713: Application time: 0.0421330 seconds
323.713: [GC [PSYoungGen: 13309K->384K(14336K)] 17746K->4821K(36864K), 0.0004470 secs] [Times: user=0.01 sys=0.00, real=0.00 secs] 
323.713: Total time for which application threads were stopped: 0.0005570 seconds, Stopping threads took: 0.0000480 seconds
323.771: Application time: 0.0579890 seconds
323.771: [GC [PSYoungGen: 13695K->0K(14336K)] 18132K->4665K(36864K), 0.0003840 secs] [Times: user=0.00 sys=0.00, real=0.01 secs] 
323.772: Total time for which application threads were stopped: 0.0005090 seconds, Stopping threads took: 0.0000480 seconds
323.829: Application time: 0.0575850 seconds
323.829: [GC [PSYoungGen: 13308K->384K(14336K)] 17974K->5049K(36864K), 0.0003820 secs] [Times: user=0.00 sys=0.00, real=0.00 secs] 
323.830: Total time for which application threads were stopped: 0.0004910 seconds, Stopping threads took: 0.0000470 seconds
323.888: Application time: 0.0576950 seconds
323.888: [GC [PSYoungGen: 13695K->352K(14336K)] 18361K->5222K(36864K), 0.0004370 secs] [Times: user=0.00 sys=0.00, real=0.00 secs] 
323.888: Total time for which application threads were stopped: 0.0005630 seconds, Stopping threads took: 0.0000600 seconds
323.946: Application time: 0.0582660 seconds
323.946: [GC [PSYoungGen: 13662K->320K(14336K)] 18532K->5206K(36864K), 0.0003890 secs] [Times: user=0.00 sys=0.00, real=0.00 secs] 
323.947: Total time for which application threads were stopped: 0.0005070 seconds, Stopping threads took: 0.0000600 seconds
324.004: Application time: 0.0570010 seconds
324.004: [GC [PSYoungGen: 13628K->416K(14336K)] 18515K->5522K(36864K), 0.0004050 secs] [Times: user=0.00 sys=0.00, real=0.00 secs] 
324.004: Total time for which application threads were stopped: 0.0005100 seconds, Stopping threads took: 0.0000480 seconds
324.049: Application time: 0.0449000 seconds
324.049: [GC [PSYoungGen: 13727K->352K(14336K)] 18834K->5682K(36864K), 0.0004180 secs] [Times: user=0.00 sys=0.00, real=0.00 secs] 
324.050: Total time for which application threads were stopped: 0.0005440 seconds, Stopping threads took: 0.0000630 seconds
324.088: Application time: 0.0386040 seconds
324.089: [GC [PSYoungGen: 13662K->736K(14336K)] 18993K->6075K(36864K), 0.0004380 secs] [Times: user=0.00 sys=0.00, real=0.00 secs] 
324.089: Total time for which application threads were stopped: 0.0005450 seconds, Stopping threads took: 0.0000520 seconds
324.138: Application time: 0.0492840 seconds
324.138: [GC [PSYoungGen: 14043K->704K(14336K)] 19382K->6059K(36864K), 0.0004460 secs] [Times: user=0.00 sys=0.00, real=0.00 secs] 
324.139: Total time for which application threads were stopped: 0.0005720 seconds, Stopping threads took: 0.0000670 seconds
324.197: Application time: 0.0577740 seconds
324.197: [GC [PSYoungGen: 14012K->384K(14336K)] 19367K->6207K(36864K), 0.0004580 secs] [Times: user=0.00 sys=0.00, real=0.00 secs] 
324.197: Total time for which application threads were stopped: 0.0005760 seconds, Stopping threads took: 0.0000550 seconds
324.257: Application time: 0.0594340 seconds
324.257: [GC [PSYoungGen: 13695K->0K(14336K)] 19519K->6039K(36864K), 0.0003810 secs] [Times: user=0.00 sys=0.00, real=0.00 secs] 
324.257: Total time for which application threads were stopped: 0.0004860 seconds, Stopping threads took: 0.0000490 seconds
324.316: Application time: 0.0593520 seconds
324.320: [GC [PSYoungGen: 13311K->0K(14336K)] 19351K->6039K(36864K), 0.0003280 secs] [Times: user=0.00 sys=0.00, real=0.00 secs] 
324.320: Total time for which application threads were stopped: 0.0036730 seconds, Stopping threads took: 0.0032760 seconds
324.379: Application time: 0.0591040 seconds
324.379: [GC [PSYoungGen: 13311K->0K(14336K)] 19351K->6039K(36864K), 0.0003710 secs] [Times: user=0.00 sys=0.00, real=0.01 secs] 
324.380: Total time for which application threads were stopped: 0.0004970 seconds, Stopping threads took: 0.0000650 seconds
324.427: Application time: 0.0474870 seconds
324.427: [GC [PSYoungGen: 13309K->384K(14336K)] 19349K->6423K(36864K), 0.0004510 secs] [Times: user=0.00 sys=0.00, real=0.00 secs] 
324.428: Total time for which application threads were stopped: 0.0005670 seconds, Stopping threads took: 0.0000570 seconds
324.477: Application time: 0.0490490 seconds
324.477: [GC [PSYoungGen: 13695K->672K(14336K)] 19735K->6727K(36864K), 0.0004570 secs] [Times: user=0.00 sys=0.00, real=0.00 secs] 
324.477: Total time for which application threads were stopped: 0.0005710 seconds, Stopping threads took: 0.0000530 seconds
324.533: Application time: 0.0551420 seconds
324.533: [GC [PSYoungGen: 13980K->560K(14336K)] 20035K->6852K(36864K), 0.0005190 secs] [Times: user=0.01 sys=0.00, real=0.00 secs] 
324.533: Total time for which application threads were stopped: 0.0006510 seconds, Stopping threads took: 0.0000700 seconds
324.592: Application time: 0.0589210 seconds
324.592: [GC [PSYoungGen: 13869K->0K(14336K)] 20161K->6724K(36864K), 0.0004720 secs] [Times: user=0.00 sys=0.00, real=0.00 secs] 
324.593: Total time for which application threads were stopped: 0.0005920 seconds, Stopping threads took: 0.0000620 seconds
324.629: Application time: 0.0366120 seconds
324.629: [GC [PSYoungGen: 13308K->512K(14336K)] 20033K->7236K(36864K), 0.0004550 secs] [Times: user=0.00 sys=0.00, real=0.00 secs] 
324.630: Total time for which application threads were stopped: 0.0005780 seconds, Stopping threads took: 0.0000620 seconds
324.670: Application time: 0.0404440 seconds
324.670: [GC [PSYoungGen: 13819K->496K(14336K)] 20544K->7276K(36864K), 0.0004750 secs] [Times: user=0.01 sys=0.00, real=0.00 secs] 
324.671: Total time for which application threads were stopped: 0.0005700 seconds, Stopping threads took: 0.0000380 seconds
324.726: Application time: 0.0554300 seconds
324.726: [GC [PSYoungGen: 13806K->576K(14336K)] 20587K->7420K(36864K), 0.0004040 secs] [Times: user=0.00 sys=0.00, real=0.00 secs] 
324.727: Total time for which application threads were stopped: 0.0005190 seconds, Stopping threads took: 0.0000590 seconds
324.785: Application time: 0.0581990 seconds
324.785: [GC [PSYoungGen: 13885K->0K(14336K)] 20730K->7257K(36864K), 0.0004060 secs] [Times: user=0.00 sys=0.00, real=0.00 secs] 
324.786: Total time for which application threads were stopped: 0.0005110 seconds, Stopping threads took: 0.0000480 seconds
324.843: Application time: 0.0575580 seconds
324.843: [GC [PSYoungGen: 13311K->416K(14336K)] 20568K->7673K(36864K), 0.0004130 secs] [Times: user=0.01 sys=0.00, real=0.00 secs] 
324.844: Total time for which application threads were stopped: 0.0005440 seconds, Stopping threads took: 0.0000530 seconds
324.903: Application time: 0.0589600 seconds
324.903: [GC [PSYoungGen: 13725K->0K(14336K)] 20982K->7489K(36864K), 0.0003770 secs] [Times: user=0.00 sys=0.00, real=0.00 secs] 
324.903: Total time for which application threads were stopped: 0.0005110 seconds, Stopping threads took: 0.0000740 seconds
324.962: Application time: 0.0588490 seconds
324.962: [GC [PSYoungGen: 13309K->0K(14336K)] 20798K->7489K(36864K), 0.0003510 secs] [Times: user=0.00 sys=0.00, real=0.00 secs] 
324.962: Total time for which application threads were stopped: 0.0004640 seconds, Stopping threads took: 0.0000530 seconds
325.022: Application time: 0.0590340 seconds
325.022: [GC [PSYoungGen: 13309K->0K(14336K)] 20798K->7489K(36864K), 0.0003480 secs] [Times: user=0.01 sys=0.00, real=0.00 secs] 
325.022: Total time for which application threads were stopped: 0.0004690 seconds, Stopping threads took: 0.0000600 seconds
325.078: Application time: 0.0555320 seconds
325.078: [GC [PSYoungGen: 13310K->544K(14336K)] 20800K->8033K(36864K), 0.0004050 secs] [Times: user=0.00 sys=0.00, real=0.00 secs] 
325.078: Total time for which application threads were stopped: 0.0005270 seconds, Stopping threads took: 0.0000630 seconds
325.137: Application time: 0.0590180 seconds
325.137: [GC [PSYoungGen: 13853K->0K(14336K)] 21343K->7894K(36864K), 0.0004420 secs] [Times: user=0.01 sys=0.00, real=0.00 secs] 
325.138: Total time for which application threads were stopped: 0.0005590 seconds, Stopping threads took: 0.0000540 seconds
325.192: Application time: 0.0547360 seconds
325.192: [GC [PSYoungGen: 13311K->320K(14336K)] 21205K->8214K(36864K), 0.0004420 secs] [Times: user=0.01 sys=0.00, real=0.00 secs] 
325.193: Total time for which application threads were stopped: 0.0005540 seconds, Stopping threads took: 0.0000560 seconds
325.236: Application time: 0.0430720 seconds
325.236: [GC [PSYoungGen: 13631K->384K(14336K)] 21525K->8334K(36864K), 0.0003790 secs] [Times: user=0.00 sys=0.00, real=0.00 secs] 
325.236: Total time for which application threads were stopped: 0.0004860 seconds, Stopping threads took: 0.0000500 seconds
325.279: Application time: 0.0429330 seconds
325.280: [GC [PSYoungGen: 13691K->288K(14336K)] 21641K->8450K(36864K), 0.0004170 secs] [Times: user=0.01 sys=0.00, real=0.01 secs] 
325.280: Total time for which application threads were stopped: 0.0005390 seconds, Stopping threads took: 0.0000620 seconds
325.333: Application time: 0.0525430 seconds
325.333: [GC [PSYoungGen: 13596K->512K(14336K)] 21759K->8738K(36864K), 0.0004220 secs] [Times: user=0.00 sys=0.00, real=0.00 secs] 
325.333: Total time for which application threads were stopped: 0.0005580 seconds, Stopping threads took: 0.0000750 seconds
325.386: Application time: 0.0526300 seconds
325.386: [GC [PSYoungGen: 13822K->480K(14336K)] 22049K->8930K(36864K), 0.0004990 secs] [Times: user=0.00 sys=0.00, real=0.00 secs] 
325.386: Total time for which application threads were stopped: 0.0006190 seconds, Stopping threads took: 0.0000520 seconds
325.430: Application time: 0.0437300 seconds
325.430: [GC [PSYoungGen: 13791K->384K(14336K)] 22242K->9063K(36864K), 0.0004660 secs] [Times: user=0.00 sys=0.00, real=0.00 secs] 
325.431: Total time for which application threads were stopped: 0.0005780 seconds, Stopping threads took: 0.0000520 seconds
325.488: Application time: 0.0570320 seconds
325.488: [GC [PSYoungGen: 13695K->288K(14336K)] 22374K->8983K(36864K), 0.0003950 secs] [Times: user=0.00 sys=0.00, real=0.00 secs] 
325.488: Total time for which application threads were stopped: 0.0005020 seconds, Stopping threads took: 0.0000460 seconds
325.546: Application time: 0.0582250 seconds
325.547: [GC [PSYoungGen: 13597K->0K(14336K)] 22292K->8911K(36864K), 0.0003930 secs] [Times: user=0.00 sys=0.00, real=0.00 secs] 
325.547: Total time for which application threads were stopped: 0.0005220 seconds, Stopping threads took: 0.0000730 seconds
325.605: Application time: 0.0578590 seconds
325.605: [GC [PSYoungGen: 13308K->384K(14336K)] 22219K->9295K(36864K), 0.0003920 secs] [Times: user=0.00 sys=0.00, real=0.00 secs] 
325.605: Total time for which application threads were stopped: 0.0004970 seconds, Stopping threads took: 0.0000440 seconds
325.663: Application time: 0.0576370 seconds
325.663: [GC [PSYoungGen: 13692K->352K(14336K)] 22603K->9295K(36864K), 0.0003760 secs] [Times: user=0.00 sys=0.00, real=0.00 secs] 
325.663: Total time for which application threads were stopped: 0.0005120 seconds, Stopping threads took: 0.0000760 seconds
325.720: Application time: 0.0567000 seconds
325.720: [GC [PSYoungGen: 13660K->352K(14336K)] 22603K->9519K(36864K), 0.0004070 secs] [Times: user=0.00 sys=0.00, real=0.00 secs] 
325.721: Total time for which application threads were stopped: 0.0005210 seconds, Stopping threads took: 0.0000590 seconds
325.769: Application time: 0.0484370 seconds
325.769: [GC [PSYoungGen: 13660K->544K(14336K)] 22827K->9923K(36864K), 0.0005210 secs] [Times: user=0.00 sys=0.00, real=0.00 secs] 
325.770: Total time for which application threads were stopped: 0.0006350 seconds, Stopping threads took: 0.0000530 seconds
325.804: Application time: 0.0341180 seconds
325.804: [GC [PSYoungGen: 13852K->704K(14336K)] 23232K->10099K(36864K), 0.0004390 secs] [Times: user=0.00 sys=0.00, real=0.00 secs] 
325.804: Total time for which application threads were stopped: 0.0005330 seconds, Stopping threads took: 0.0000380 seconds
325.856: Application time: 0.0514700 seconds
325.856: [GC [PSYoungGen: 14011K->576K(14336K)] 23407K->10200K(36864K), 0.0004610 secs] [Times: user=0.01 sys=0.00, real=0.00 secs] 
325.856: Total time for which application threads were stopped: 0.0005910 seconds, Stopping threads took: 0.0000720 seconds
325.913: Application time: 0.0561480 seconds
325.913: [GC [PSYoungGen: 13885K->544K(14336K)] 23509K->10408K(36864K), 0.0004400 secs] [Times: user=0.00 sys=0.00, real=0.00 secs] 
325.913: Total time for which application threads were stopped: 0.0005460 seconds, Stopping threads took: 0.0000400 seconds
325.972: Application time: 0.0585060 seconds
325.972: [GC [PSYoungGen: 13853K->0K(14336K)] 23717K->10301K(36864K), 0.0004060 secs] [Times: user=0.01 sys=0.00, real=0.00 secs] 
325.972: Total time for which application threads were stopped: 0.0005220 seconds, Stopping threads took: 0.0000500 seconds
326.031: Application time: 0.0587130 seconds
326.031: [GC [PSYoungGen: 13309K->0K(14336K)] 23610K->10301K(36864K), 0.0003380 secs] [Times: user=0.00 sys=0.00, real=0.00 secs] 
326.031: Total time for which application threads were stopped: 0.0004720 seconds, Stopping threads took: 0.0000700 seconds
326.090: Application time: 0.0585900 seconds
326.090: [GC [PSYoungGen: 13309K->0K(14336K)] 23610K->10301K(36864K), 0.0003590 secs] [Times: user=0.01 sys=0.00, real=0.00 secs] 
326.090: Total time for which application threads were stopped: 0.0004700 seconds, Stopping threads took: 0.0000530 seconds
326.138: Application time: 0.0472260 seconds
326.138: [GC [PSYoungGen: 13309K->288K(14336K)] 23610K->10589K(36864K), 0.0004420 secs] [Times: user=0.01 sys=0.00, real=0.00 secs] 
326.138: Total time for which application threads were stopped: 0.0005460 seconds, Stopping threads took: 0.0000470 seconds
326.186: Application time: 0.0482780 seconds
326.187: [GC [PSYoungGen: 13599K->576K(14336K)] 23900K->10885K(36864K), 0.0004060 secs] [Times: user=0.00 sys=0.00, real=0.00 secs] 
326.187: Total time for which application threads were stopped: 0.0005350 seconds, Stopping threads took: 0.0000660 seconds
326.242: Application time: 0.0552910 seconds
326.242: [GC [PSYoungGen: 13887K->576K(14336K)] 24196K->11145K(36864K), 0.0004630 secs] [Times: user=0.00 sys=0.00, real=0.00 secs] 
326.243: Total time for which application threads were stopped: 0.0005880 seconds, Stopping threads took: 0.0000600 seconds
326.302: Application time: 0.0587160 seconds
326.302: [GC [PSYoungGen: 13885K->0K(14336K)] 24455K->11018K(36864K), 0.0004030 secs] [Times: user=0.00 sys=0.00, real=0.00 secs] 
326.302: Total time for which application threads were stopped: 0.0005200 seconds, Stopping threads took: 0.0000560 seconds
326.351: Application time: 0.0487430 seconds
326.351: [GC [PSYoungGen: 13254K->384K(14336K)] 24273K->11402K(36864K), 0.0004190 secs] [Times: user=0.00 sys=0.00, real=0.00 secs] 
326.351: Total time for which application threads were stopped: 0.0005400 seconds, Stopping threads took: 0.0000630 seconds
326.384: Application time: 0.0323640 seconds
326.384: [GC [PSYoungGen: 13692K->480K(14336K)] 24711K->11583K(36864K), 0.0004190 secs] [Times: user=0.00 sys=0.00, real=0.00 secs] 
326.384: Total time for which application threads were stopped: 0.0005530 seconds, Stopping threads took: 0.0000750 seconds
326.439: Application time: 0.0541980 seconds
326.439: [GC [PSYoungGen: 13788K->544K(14336K)] 24892K->11839K(36864K), 0.0004720 secs] [Times: user=0.00 sys=0.00, real=0.00 secs] 
326.439: Total time for which application threads were stopped: 0.0006090 seconds, Stopping threads took: 0.0000660 seconds
326.496: Application time: 0.0563620 seconds
326.496: [GC [PSYoungGen: 13851K->512K(14336K)] 25147K->11863K(36864K), 0.0004420 secs] [Times: user=0.01 sys=0.00, real=0.00 secs] 
326.496: Total time for which application threads were stopped: 0.0005490 seconds, Stopping threads took: 0.0000490 seconds
326.554: Application time: 0.0574760 seconds
326.554: [GC [PSYoungGen: 13823K->320K(14336K)] 25174K->12072K(36864K), 0.0005020 secs] [Times: user=0.00 sys=0.00, real=0.00 secs] 
326.554: Total time for which application threads were stopped: 0.0006060 seconds, Stopping threads took: 0.0000440 seconds
326.613: Application time: 0.0585160 seconds
326.613: [GC [PSYoungGen: 13629K->0K(14336K)] 25381K->11957K(36864K), 0.0004030 secs] [Times: user=0.00 sys=0.00, real=0.00 secs] 
326.613: Total time for which application threads were stopped: 0.0005260 seconds, Stopping threads took: 0.0000590 seconds
326.672: Application time: 0.0590250 seconds
326.672: [GC [PSYoungGen: 13309K->0K(14336K)] 25266K->11957K(36864K), 0.0003640 secs] [Times: user=0.00 sys=0.00, real=0.00 secs] 
326.673: Total time for which application threads were stopped: 0.0004820 seconds, Stopping threads took: 0.0000610 seconds
326.732: Application time: 0.0592560 seconds
326.732: [GC [PSYoungGen: 13309K->0K(14336K)] 25266K->11957K(36864K), 0.0003510 secs] [Times: user=0.00 sys=0.00, real=0.00 secs] 
326.732: Total time for which application threads were stopped: 0.0004640 seconds, Stopping threads took: 0.0000590 seconds
326.788: Application time: 0.0555880 seconds
326.788: [GC [PSYoungGen: 13308K->544K(14336K)] 25265K->12501K(36864K), 0.0004030 secs] [Times: user=0.00 sys=0.00, real=0.00 secs] 
326.789: Total time for which application threads were stopped: 0.0005220 seconds, Stopping threads took: 0.0000620 seconds
326.848: Application time: 0.0591580 seconds
326.848: [GC [PSYoungGen: 13853K->0K(14336K)] 25810K->12374K(36864K), 0.0004110 secs] [Times: user=0.00 sys=0.00, real=0.00 secs] 
326.848: Total time for which application threads were stopped: 0.0005230 seconds, Stopping threads took: 0.0000560 seconds
326.902: Application time: 0.0540730 seconds
326.902: [GC [PSYoungGen: 13311K->352K(14336K)] 25685K->12726K(36864K), 0.0003840 secs] [Times: user=0.00 sys=0.00, real=0.00 secs] 
326.903: Total time for which application threads were stopped: 0.0004840 seconds, Stopping threads took: 0.0000390 seconds
326.947: Application time: 0.0438400 seconds
326.947: [GC [PSYoungGen: 13661K->384K(14336K)] 26035K->12814K(36864K), 0.0003990 secs] [Times: user=0.01 sys=0.00, real=0.00 secs] 
326.947: Total time for which application threads were stopped: 0.0005280 seconds, Stopping threads took: 0.0000610 seconds
326.993: Application time: 0.0460190 seconds
326.993: [GC [PSYoungGen: 13692K->416K(14336K)] 26122K->13066K(36864K), 0.0004280 secs] [Times: user=0.00 sys=0.00, real=0.00 secs] 
326.994: Total time for which application threads were stopped: 0.0005380 seconds, Stopping threads took: 0.0000520 seconds
327.043: Application time: 0.0493420 seconds
327.043: [GC [PSYoungGen: 13726K->448K(14336K)] 26377K->13146K(36864K), 0.0004660 secs] [Times: user=0.00 sys=0.00, real=0.00 secs] 
327.044: Total time for which application threads were stopped: 0.0005840 seconds, Stopping threads took: 0.0000590 seconds
327.095: Application time: 0.0511590 seconds
327.095: [GC [PSYoungGen: 13755K->544K(14336K)] 26454K->13463K(36864K), 0.0004640 secs] [Times: user=0.00 sys=0.00, real=0.00 secs] 
327.095: Total time for which application threads were stopped: 0.0005860 seconds, Stopping threads took: 0.0000610 seconds
327.140: Application time: 0.0448000 seconds
327.140: [GC [PSYoungGen: 13855K->384K(14336K)] 26774K->13527K(36864K), 0.0004190 secs] [Times: user=0.00 sys=0.00, real=0.00 secs] 
327.141: Total time for which application threads were stopped: 0.0005420 seconds, Stopping threads took: 0.0000640 seconds
327.198: Application time: 0.0568400 seconds
327.198: [GC [PSYoungGen: 13695K->352K(14336K)] 26838K->13519K(36864K), 0.0004020 secs] [Times: user=0.00 sys=0.00, real=0.00 secs] 
327.198: Total time for which application threads were stopped: 0.0005140 seconds, Stopping threads took: 0.0000530 seconds
327.256: Application time: 0.0581320 seconds
327.256: [GC [PSYoungGen: 13661K->0K(14336K)] 26828K->13371K(36864K), 0.0003830 secs] [Times: user=0.00 sys=0.00, real=0.00 secs] 
327.257: Total time for which application threads were stopped: 0.0004970 seconds, Stopping threads took: 0.0000540 seconds
327.315: Application time: 0.0581950 seconds
327.315: [GC [PSYoungGen: 13309K->0K(14336K)] 26681K->13371K(36864K), 0.0003460 secs] [Times: user=0.00 sys=0.00, real=0.00 secs] 
327.315: Total time for which application threads were stopped: 0.0004700 seconds, Stopping threads took: 0.0000630 seconds
327.372: Application time: 0.0567690 seconds
327.372: [GC [PSYoungGen: 13308K->416K(14336K)] 26680K->13787K(36864K), 0.0003960 secs] [Times: user=0.00 sys=0.00, real=0.00 secs] 
327.373: Total time for which application threads were stopped: 0.0005100 seconds, Stopping threads took: 0.0000580 seconds
327.431: Application time: 0.0579620 seconds
327.431: [GC [PSYoungGen: 13724K->288K(14336K)] 27096K->13864K(36864K), 0.0004910 secs] [Times: user=0.00 sys=0.00, real=0.00 secs] 
327.431: Total time for which application threads were stopped: 0.0006260 seconds, Stopping threads took: 0.0000660 seconds
327.483: Application time: 0.0517350 seconds
327.483: [GC [PSYoungGen: 13597K->320K(14336K)] 27173K->14108K(36864K), 0.0005120 secs] [Times: user=0.00 sys=0.00, real=0.00 secs] 
327.484: Total time for which application threads were stopped: 0.0006490 seconds, Stopping threads took: 0.0000620 seconds
327.523: Application time: 0.0392220 seconds
327.524: [GC [PSYoungGen: 13631K->672K(14336K)] 27420K->14469K(36864K), 0.0005250 secs] [Times: user=0.00 sys=0.00, real=0.00 secs] 
327.524: Total time for which application threads were stopped: 0.0014150 seconds, Stopping threads took: 0.0008300 seconds
327.580: Application time: 0.0561160 seconds
327.581: [GC [PSYoungGen: 13982K->480K(14336K)] 27779K->14473K(36864K), 0.0005330 secs] [Times: user=0.00 sys=0.00, real=0.00 secs] 
327.581: Total time for which application threads were stopped: 0.0006570 seconds, Stopping threads took: 0.0000640 seconds
327.642: Application time: 0.0613460 seconds
327.643: [GC [PSYoungGen: 13789K->672K(14336K)] 27782K->14905K(36864K), 0.0004920 secs] [Times: user=0.00 sys=0.00, real=0.00 secs] 
327.643: Total time for which application threads were stopped: 0.0006210 seconds, Stopping threads took: 0.0000670 seconds
327.708: Application time: 0.0644540 seconds
327.708: [GC [PSYoungGen: 13981K->0K(14336K)] 28215K->14686K(36864K), 0.0004890 secs] [Times: user=0.00 sys=0.00, real=0.00 secs] 
327.709: Total time for which application threads were stopped: 0.0017520 seconds, Stopping threads took: 0.0000600 seconds
327.774: Application time: 0.0646990 seconds
327.774: [GC [PSYoungGen: 13309K->0K(14336K)] 27996K->14686K(36864K), 0.0003970 secs] [Times: user=0.00 sys=0.00, real=0.00 secs] 
327.775: Total time for which application threads were stopped: 0.0005340 seconds, Stopping threads took: 0.0000740 seconds
327.839: Application time: 0.0645850 seconds
327.839: [GC [PSYoungGen: 13309K->0K(14336K)] 27996K->14686K(36864K), 0.0003960 secs] [Times: user=0.00 sys=0.00, real=0.00 secs] 
327.840: Total time for which application threads were stopped: 0.0005100 seconds, Stopping threads took: 0.0000510 seconds
327.889: Application time: 0.0490570 seconds
327.889: [GC [PSYoungGen: 13311K->384K(14336K)] 27998K->15070K(36864K), 0.0004010 secs] [Times: user=0.00 sys=0.00, real=0.00 secs] 
327.889: Total time for which application threads were stopped: 0.0005280 seconds, Stopping threads took: 0.0000640 seconds
327.946: Application time: 0.0567480 seconds
327.946: [GC [PSYoungGen: 13695K->512K(14336K)] 28382K->15206K(36864K), 0.0004300 secs] [Times: user=0.00 sys=0.00, real=0.00 secs] 
327.946: Total time for which application threads were stopped: 0.0005510 seconds, Stopping threads took: 0.0000630 seconds
328.006: Application time: 0.0599280 seconds
328.007: [GC [PSYoungGen: 13820K->768K(14336K)] 28515K->15510K(36864K), 0.0004980 secs] [Times: user=0.00 sys=0.00, real=0.00 secs] 
328.007: Total time for which application threads were stopped: 0.0006290 seconds, Stopping threads took: 0.0000630 seconds
328.072: Application time: 0.0649950 seconds
328.072: [GC [PSYoungGen: 14077K->0K(14336K)] 28820K->15391K(36864K), 0.0004870 secs] [Times: user=0.00 sys=0.00, real=0.00 secs] 
328.073: Total time for which application threads were stopped: 0.0006060 seconds, Stopping threads took: 0.0000560 seconds
328.134: Application time: 0.0617490 seconds
328.134: [GC [PSYoungGen: 13309K->352K(14336K)] 28701K->15743K(36864K), 0.0004070 secs] [Times: user=0.00 sys=0.00, real=0.00 secs] 
328.135: Total time for which application threads were stopped: 0.0005170 seconds, Stopping threads took: 0.0000500 seconds
328.170: Application time: 0.0353070 seconds
328.170: [GC [PSYoungGen: 13659K->576K(14336K)] 29051K->15975K(36864K), 0.0004500 secs] [Times: user=0.00 sys=0.00, real=0.00 secs] 
328.171: Total time for which application threads were stopped: 0.0005610 seconds, Stopping threads took: 0.0000500 seconds
328.223: Application time: 0.0525850 seconds
328.223: [GC [PSYoungGen: 13883K->544K(14336K)] 29283K->16015K(36864K), 0.0005150 secs] [Times: user=0.00 sys=0.00, real=0.00 secs] 
328.224: Total time for which application threads were stopped: 0.0006510 seconds, Stopping threads took: 0.0000770 seconds
328.286: Application time: 0.0617410 seconds
328.288: [GC [PSYoungGen: 13854K->512K(14336K)] 29326K->16048K(36864K), 0.0004650 secs] [Times: user=0.00 sys=0.00, real=0.00 secs] 
328.288: Total time for which application threads were stopped: 0.0024740 seconds, Stopping threads took: 0.0019480 seconds
328.351: Application time: 0.0626470 seconds
328.351: [GC [PSYoungGen: 13823K->384K(14336K)] 29359K->16329K(36864K), 0.0004470 secs] [Times: user=0.00 sys=0.00, real=0.00 secs] 
328.351: Total time for which application threads were stopped: 0.0005790 seconds, Stopping threads took: 0.0000730 seconds
328.416: Application time: 0.0642420 seconds
328.416: [GC [PSYoungGen: 13693K->0K(14336K)] 29638K->16173K(36864K), 0.0004010 secs] [Times: user=0.00 sys=0.00, real=0.00 secs] 
328.416: Total time for which application threads were stopped: 0.0005380 seconds, Stopping threads took: 0.0000780 seconds
328.481: Application time: 0.0649690 seconds
328.481: [GC [PSYoungGen: 13309K->0K(14336K)] 29483K->16173K(36864K), 0.0003900 secs] [Times: user=0.00 sys=0.00, real=0.00 secs] 
328.482: Total time for which application threads were stopped: 0.0005250 seconds, Stopping threads took: 0.0000710 seconds
328.547: Application time: 0.0648240 seconds
328.547: [GC [PSYoungGen: 13309K->0K(14336K)] 29483K->16173K(36864K), 0.0003930 secs] [Times: user=0.00 sys=0.00, real=0.00 secs] 
328.547: Total time for which application threads were stopped: 0.0005200 seconds, Stopping threads took: 0.0000570 seconds
328.610: Application time: 0.0627450 seconds
328.610: [GC [PSYoungGen: 13308K->512K(14336K)] 29482K->16685K(36864K), 0.0004220 secs] [Times: user=0.00 sys=0.00, real=0.00 secs] 
328.610: Total time for which application threads were stopped: 0.0005610 seconds, Stopping threads took: 0.0000750 seconds
328.673: Application time: 0.0626690 seconds
328.676: [GC [PSYoungGen: 13820K->544K(14336K)] 29994K->16741K(36864K), 0.0005030 secs] [Times: user=0.00 sys=0.00, real=0.00 secs] 
328.676: Total time for which application threads were stopped: 0.0031920 seconds, Stopping threads took: 0.0026280 seconds
328.736: Application time: 0.0600260 seconds
328.736: [GC [PSYoungGen: 13855K->384K(14336K)] 30053K->16998K(36864K), 0.0004730 secs] [Times: user=0.00 sys=0.00, real=0.00 secs] 
328.737: Total time for which application threads were stopped: 0.0006250 seconds, Stopping threads took: 0.0000920 seconds
328.785: Application time: 0.0477720 seconds
328.785: [GC [PSYoungGen: 13693K->416K(14336K)] 30308K->17094K(36864K), 0.0004390 secs] [Times: user=0.00 sys=0.00, real=0.00 secs] 
328.785: Total time for which application threads were stopped: 0.0005520 seconds, Stopping threads took: 0.0000530 seconds
328.836: Application time: 0.0512030 seconds
328.837: [GC [PSYoungGen: 13724K->352K(14336K)] 30402K->17251K(36864K), 0.0004400 secs] [Times: user=0.00 sys=0.00, real=0.00 secs] 
328.837: Total time for which application threads were stopped: 0.0005560 seconds, Stopping threads took: 0.0000530 seconds
328.892: Application time: 0.0550600 seconds
328.892: [GC [PSYoungGen: 13663K->544K(14336K)] 30562K->17507K(36864K), 0.0004560 secs] [Times: user=0.01 sys=0.00, real=0.00 secs] 
328.893: Total time for which application threads were stopped: 0.0005690 seconds, Stopping threads took: 0.0000490 seconds
328.948: Application time: 0.0552060 seconds
328.948: [GC [PSYoungGen: 13854K->576K(14336K)] 30817K->17751K(36864K), 0.0004570 secs] [Times: user=0.01 sys=0.00, real=0.00 secs] 
328.948: Total time for which application threads were stopped: 0.0005870 seconds, Stopping threads took: 0.0000710 seconds
328.999: Application time: 0.0508110 seconds
328.999: [GC [PSYoungGen: 13885K->352K(14336K)] 31061K->17751K(36864K), 0.0004500 secs] [Times: user=0.00 sys=0.00, real=0.01 secs] 
329.000: Total time for which application threads were stopped: 0.0005780 seconds, Stopping threads took: 0.0000650 seconds
329.063: Application time: 0.0629200 seconds
329.063: [GC [PSYoungGen: 13660K->352K(14336K)] 31060K->17775K(36864K), 0.0004360 secs] [Times: user=0.01 sys=0.00, real=0.00 secs] 
329.063: Total time for which application threads were stopped: 0.0005520 seconds, Stopping threads took: 0.0000490 seconds
329.128: Application time: 0.0644520 seconds
329.128: [GC [PSYoungGen: 13661K->0K(14336K)] 31085K->17631K(36864K), 0.0004820 secs] [Times: user=0.00 sys=0.00, real=0.00 secs] 
329.128: Total time for which application threads were stopped: 0.0005960 seconds, Stopping threads took: 0.0000570 seconds
329.193: Application time: 0.0642750 seconds
329.193: [GC [PSYoungGen: 13309K->0K(14336K)] 30941K->17631K(36864K), 0.0004190 secs] [Times: user=0.00 sys=0.00, real=0.00 secs] 
329.193: Total time for which application threads were stopped: 0.0005300 seconds, Stopping threads took: 0.0000550 seconds
329.256: Application time: 0.0625570 seconds
329.256: [GC [PSYoungGen: 13308K->352K(14336K)] 30940K->17983K(36864K), 0.0004600 secs] [Times: user=0.00 sys=0.00, real=0.00 secs] 
329.256: Total time for which application threads were stopped: 0.0005760 seconds, Stopping threads took: 0.0000570 seconds
329.319: Application time: 0.0626140 seconds
329.319: [GC [PSYoungGen: 13660K->416K(14336K)] 31292K->18276K(36864K), 0.0004450 secs] [Times: user=0.00 sys=0.00, real=0.00 secs] 
329.320: Total time for which application threads were stopped: 0.0005760 seconds, Stopping threads took: 0.0000690 seconds
329.374: Application time: 0.0542430 seconds
329.374: [GC [PSYoungGen: 13723K->384K(14336K)] 31584K->18468K(36864K), 0.0004540 secs] [Times: user=0.00 sys=0.00, real=0.00 secs] 
329.374: Total time for which application threads were stopped: 0.0005800 seconds, Stopping threads took: 0.0000640 seconds
329.414: Application time: 0.0395980 seconds
329.414: [GC [PSYoungGen: 13695K->864K(14336K)] 31780K->18956K(36864K), 0.0004950 secs] [Times: user=0.01 sys=0.00, real=0.00 secs] 
329.415: Total time for which application threads were stopped: 0.0006120 seconds, Stopping threads took: 0.0000550 seconds
329.469: Application time: 0.0548020 seconds
329.469: [GC [PSYoungGen: 14173K->288K(14336K)] 32266K->18813K(36864K), 0.0005850 secs] [Times: user=0.00 sys=0.00, real=0.00 secs] 
329.470: Total time for which application threads were stopped: 0.0007070 seconds, Stopping threads took: 0.0000580 seconds
329.532: Application time: 0.0618270 seconds
329.532: [GC [PSYoungGen: 13597K->544K(14336K)] 32122K->19093K(36864K), 0.0004280 secs] [Times: user=0.00 sys=0.00, real=0.00 secs] 
329.532: Total time for which application threads were stopped: 0.0005610 seconds, Stopping threads took: 0.0000650 seconds
329.597: Application time: 0.0646640 seconds
329.600: [GC [PSYoungGen: 13853K->0K(14336K)] 32403K->19130K(36864K), 0.0004650 secs] [Times: user=0.00 sys=0.00, real=0.00 secs] 
329.600: Total time for which application threads were stopped: 0.0031310 seconds, Stopping threads took: 0.0025980 seconds
329.666: Application time: 0.0658110 seconds
329.666: [GC [PSYoungGen: 13311K->0K(14336K)] 32441K->19130K(36864K), 0.0004440 secs] [Times: user=0.00 sys=0.00, real=0.00 secs] 
329.667: Total time for which application threads were stopped: 0.0005810 seconds, Stopping threads took: 0.0000750 seconds
329.731: Application time: 0.0645460 seconds
329.731: [GC [PSYoungGen: 13309K->0K(14336K)] 32439K->19130K(36864K), 0.0003530 secs] [Times: user=0.00 sys=0.00, real=0.00 secs] 
329.732: Total time for which application threads were stopped: 0.0004850 seconds, Stopping threads took: 0.0000640 seconds
329.781: Application time: 0.0488350 seconds
329.781: [GC [PSYoungGen: 13309K->320K(14336K)] 32439K->19450K(36864K), 0.0004650 secs] [Times: user=0.00 sys=0.00, real=0.00 secs] 
329.781: Total time for which application threads were stopped: 0.0005860 seconds, Stopping threads took: 0.0000620 seconds
329.838: Application time: 0.0569410 seconds
329.838: [GC [PSYoungGen: 13629K->512K(14336K)] 32759K->19650K(36864K), 0.0004460 secs] [Times: user=0.00 sys=0.00, real=0.00 secs] 
329.839: Total time for which application threads were stopped: 0.0005720 seconds, Stopping threads took: 0.0000560 seconds
329.899: Application time: 0.0601940 seconds
329.899: [GC [PSYoungGen: 13822K->800K(14336K)] 32961K->19994K(36864K), 0.0004840 secs] [Times: user=0.00 sys=0.00, real=0.00 secs] 
329.899: Total time for which application threads were stopped: 0.0006050 seconds, Stopping threads took: 0.0000520 seconds
329.965: Application time: 0.0654100 seconds
329.965: [GC [PSYoungGen: 14109K->0K(14336K)] 33303K->19967K(36864K), 0.0004990 secs] [Times: user=0.00 sys=0.00, real=0.00 secs] 
329.965: Total time for which application threads were stopped: 0.0006400 seconds, Stopping threads took: 0.0000820 seconds
330.030: Application time: 0.0648680 seconds
330.032: [GC [PSYoungGen: 13311K->0K(14336K)] 33279K->19967K(36864K), 0.0003890 secs] [Times: user=0.01 sys=0.00, real=0.00 secs] 
330.032: Total time for which application threads were stopped: 0.0018450 seconds, Stopping threads took: 0.0013950 seconds
330.079: Application time: 0.0471250 seconds
330.079: [GC [PSYoungGen: 13310K->544K(14336K)] 33278K->20512K(36864K), 0.0004740 secs] [Times: user=0.00 sys=0.00, real=0.01 secs] 
330.080: Total time for which application threads were stopped: 0.0005740 seconds, Stopping threads took: 0.0000380 seconds
330.119: Application time: 0.0391060 seconds
330.119: [GC [PSYoungGen: 13853K->544K(14336K)] 33821K->20592K(36864K), 0.0004730 secs] [Times: user=0.01 sys=0.00, real=0.00 secs] 
330.120: Total time for which application threads were stopped: 0.0006130 seconds, Stopping threads took: 0.0000710 seconds
330.181: Application time: 0.0617050 seconds
330.181: [GC [PSYoungGen: 13852K->352K(13824K)] 33900K->20668K(36352K), 0.0004840 secs] [Times: user=0.00 sys=0.00, real=0.00 secs] 
330.182: Total time for which application threads were stopped: 0.0006060 seconds, Stopping threads took: 0.0000600 seconds
330.243: Application time: 0.0609850 seconds
330.243: [GC [PSYoungGen: 13662K->480K(14336K)] 33978K->21016K(36864K), 0.0005270 secs] [Times: user=0.00 sys=0.00, real=0.00 secs] 
330.244: Total time for which application threads were stopped: 0.0006570 seconds, Stopping threads took: 0.0000660 seconds
330.308: Application time: 0.0641520 seconds
330.308: [GC [PSYoungGen: 13789K->0K(14336K)] 34326K->20961K(36864K), 0.0005100 secs] [Times: user=0.00 sys=0.00, real=0.00 secs] 
330.308: Total time for which application threads were stopped: 0.0006330 seconds, Stopping threads took: 0.0000620 seconds
330.373: Application time: 0.0645720 seconds
330.373: [GC [PSYoungGen: 13309K->0K(14336K)] 34271K->20961K(36864K), 0.0004500 secs] [Times: user=0.00 sys=0.00, real=0.00 secs] 
330.374: Total time for which application threads were stopped: 0.0005630 seconds, Stopping threads took: 0.0000550 seconds
330.438: Application time: 0.0645930 seconds
330.438: [GC [PSYoungGen: 13309K->0K(14336K)] 34271K->20961K(36864K), 0.0003860 secs] [Times: user=0.00 sys=0.00, real=0.00 secs] 
330.439: Total time for which application threads were stopped: 0.0004910 seconds, Stopping threads took: 0.0000490 seconds
330.503: Application time: 0.0644130 seconds
330.503: [GC [PSYoungGen: 13309K->0K(14336K)] 34271K->20961K(36864K), 0.0003740 secs] [Times: user=0.00 sys=0.00, real=0.00 secs] 
330.504: Total time for which application threads were stopped: 0.0004980 seconds, Stopping threads took: 0.0000590 seconds
330.565: Application time: 0.0610080 seconds
330.565: [GC [PSYoungGen: 13308K->576K(14336K)] 34270K->21537K(36864K), 0.0005110 secs] [Times: user=0.01 sys=0.00, real=0.00 secs] 
330.565: Total time for which application threads were stopped: 0.0006250 seconds, Stopping threads took: 0.0000520 seconds
330.627: Application time: 0.0617230 seconds
330.628: [GC [PSYoungGen: 13885K->352K(14336K)] 34847K->21726K(36864K), 0.0005230 secs] [Times: user=0.00 sys=0.00, real=0.00 secs] 
330.628: Total time for which application threads were stopped: 0.0014510 seconds, Stopping threads took: 0.0008520 seconds
330.674: Application time: 0.0461430 seconds
330.675: [GC [PSYoungGen: 13663K->384K(14336K)] 35037K->21814K(36864K), 0.0004440 secs] [Times: user=0.00 sys=0.00, real=0.00 secs] 
330.675: Total time for which application threads were stopped: 0.0006070 seconds, Stopping threads took: 0.0001000 seconds
330.721: Application time: 0.0457390 seconds
330.721: [GC [PSYoungGen: 13694K->288K(14336K)] 35124K->21930K(36864K), 0.0005000 secs] [Times: user=0.00 sys=0.00, real=0.00 secs] 
330.721: Total time for which application threads were stopped: 0.0006350 seconds, Stopping threads took: 0.0000710 seconds
330.780: Application time: 0.0588130 seconds
330.780: [GC [PSYoungGen: 13596K->480K(14336K)] 35239K->22178K(36864K), 0.0004460 secs] [Times: user=0.00 sys=0.00, real=0.00 secs] 
330.781: Total time for which application threads were stopped: 0.0005820 seconds, Stopping threads took: 0.0000760 seconds
330.835: Application time: 0.0540460 seconds
330.835: [GC [PSYoungGen: 13789K->672K(14336K)] 35488K->22575K(36864K), 0.0004800 secs] [Times: user=0.00 sys=0.00, real=0.00 secs] 
330.835: Total time for which application threads were stopped: 0.0005950 seconds, Stopping threads took: 0.0000570 seconds
330.887: Application time: 0.0514190 seconds
330.887: [GC [PSYoungGen: 13983K->288K(14336K)] 35887K->22412K(36864K), 0.0004700 secs] [Times: user=0.00 sys=0.00, real=0.00 secs] 
330.888: [Full GC [PSYoungGen: 288K->0K(14336K)] [ParOldGen: 22124K->4443K(22528K)] 22412K->4443K(36864K) [PSPermGen: 5580K->5580K(21504K)], 0.0061570 secs] [Times: user=0.02 sys=0.00, real=0.01 secs] 
330.894: Total time for which application threads were stopped: 0.0067990 seconds, Stopping threads took: 0.0000520 seconds
330.957: Application time: 0.0629940 seconds
330.957: [GC [PSYoungGen: 13308K->352K(14336K)] 17751K->4795K(36864K), 0.0004290 secs] [Times: user=0.00 sys=0.00, real=0.00 secs] 
330.957: Total time for which application threads were stopped: 0.0005450 seconds, Stopping threads took: 0.0000560 seconds
331.022: Application time: 0.0645080 seconds
331.022: [GC [PSYoungGen: 13661K->0K(14336K)] 18104K->4667K(36864K), 0.0004110 secs] [Times: user=0.00 sys=0.00, real=0.00 secs] 
331.022: Total time for which application threads were stopped: 0.0005260 seconds, Stopping threads took: 0.0000550 seconds
331.086: Application time: 0.0640420 seconds
331.086: [GC [PSYoungGen: 13309K->0K(14336K)] 17976K->4667K(36864K), 0.0003600 secs] [Times: user=0.00 sys=0.00, real=0.00 secs] 
331.087: Total time for which application threads were stopped: 0.0004900 seconds, Stopping threads took: 0.0000700 seconds
331.149: Application time: 0.0622810 seconds
331.149: [GC [PSYoungGen: 13308K->288K(14336K)] 17975K->4955K(36864K), 0.0004350 secs] [Times: user=0.00 sys=0.00, real=0.00 secs] 
331.150: Total time for which application threads were stopped: 0.0005710 seconds, Stopping threads took: 0.0000640 seconds
331.212: Application time: 0.0626750 seconds
331.212: [GC [PSYoungGen: 13596K->288K(14336K)] 18263K->5159K(36864K), 0.0005300 secs] [Times: user=0.00 sys=0.00, real=0.00 secs] 
331.213: Total time for which application threads were stopped: 0.0006580 seconds, Stopping threads took: 0.0000660 seconds
331.272: Application time: 0.0588160 seconds
331.272: [GC [PSYoungGen: 13597K->480K(14336K)] 18468K->5572K(36864K), 0.0004330 secs] [Times: user=0.00 sys=0.00, real=0.00 secs] 
331.272: Total time for which application threads were stopped: 0.0005300 seconds, Stopping threads took: 0.0000360 seconds
331.307: Application time: 0.0342450 seconds
331.307: [GC [PSYoungGen: 13790K->800K(14336K)] 18882K->5900K(36864K), 0.0005210 secs] [Times: user=0.00 sys=0.00, real=0.00 secs] 
331.307: Total time for which application threads were stopped: 0.0006320 seconds, Stopping threads took: 0.0000490 seconds
331.361: Application time: 0.0540620 seconds
331.361: [GC [PSYoungGen: 14109K->544K(14336K)] 19210K->5904K(36864K), 0.0004730 secs] [Times: user=0.00 sys=0.00, real=0.00 secs] 
331.362: Total time for which application threads were stopped: 0.0006100 seconds, Stopping threads took: 0.0000720 seconds
331.423: Application time: 0.0607220 seconds
331.423: [GC [PSYoungGen: 13853K->544K(14336K)] 19213K->5920K(36864K), 0.0004800 secs] [Times: user=0.00 sys=0.00, real=0.00 secs] 
331.423: Total time for which application threads were stopped: 0.0006080 seconds, Stopping threads took: 0.0000690 seconds
331.482: Application time: 0.0589900 seconds
331.482: [GC [PSYoungGen: 13853K->0K(14336K)] 19230K->5817K(36864K), 0.0004150 secs] [Times: user=0.00 sys=0.00, real=0.00 secs] 
331.483: Total time for which application threads were stopped: 0.0005170 seconds, Stopping threads took: 0.0000440 seconds
331.541: Application time: 0.0583650 seconds
331.541: [GC [PSYoungGen: 13309K->0K(14336K)] 19126K->5817K(36864K), 0.0003810 secs] [Times: user=0.00 sys=0.00, real=0.00 secs] 
331.542: Total time for which application threads were stopped: 0.0005060 seconds, Stopping threads took: 0.0000620 seconds
331.600: Application time: 0.0585060 seconds
331.600: [GC [PSYoungGen: 13309K->0K(14336K)] 19126K->5817K(36864K), 0.0004110 secs] [Times: user=0.01 sys=0.00, real=0.00 secs] 
331.601: Total time for which application threads were stopped: 0.0005370 seconds, Stopping threads took: 0.0000670 seconds
331.646: Application time: 0.0451150 seconds
331.646: [GC [PSYoungGen: 13311K->416K(14336K)] 19129K->6233K(36864K), 0.0003920 secs] [Times: user=0.00 sys=0.00, real=0.00 secs] 
331.646: Total time for which application threads were stopped: 0.0004990 seconds, Stopping threads took: 0.0000450 seconds
331.698: Application time: 0.0516370 seconds
331.698: [GC [PSYoungGen: 13727K->352K(14336K)] 19545K->6177K(36864K), 0.0003700 secs] [Times: user=0.00 sys=0.00, real=0.00 secs] 
331.698: Total time for which application threads were stopped: 0.0004970 seconds, Stopping threads took: 0.0000560 seconds
331.752: Application time: 0.0536100 seconds
331.752: [GC [PSYoungGen: 13662K->768K(14336K)] 19488K->6649K(36864K), 0.0005110 secs] [Times: user=0.00 sys=0.00, real=0.00 secs] 
331.753: Total time for which application threads were stopped: 0.0006110 seconds, Stopping threads took: 0.0000460 seconds
331.812: Application time: 0.0590640 seconds
331.812: [GC [PSYoungGen: 14077K->0K(14336K)] 19958K->6518K(36864K), 0.0004330 secs] [Times: user=0.00 sys=0.00, real=0.00 secs] 
331.812: Total time for which application threads were stopped: 0.0005550 seconds, Stopping threads took: 0.0000570 seconds
331.871: Application time: 0.0589550 seconds
331.871: [GC [PSYoungGen: 13309K->0K(14336K)] 19827K->6518K(36864K), 0.0003520 secs] [Times: user=0.00 sys=0.00, real=0.01 secs] 
331.872: Total time for which application threads were stopped: 0.0004780 seconds, Stopping threads took: 0.0000620 seconds
331.917: Application time: 0.0452910 seconds
331.917: [GC [PSYoungGen: 13310K->544K(14336K)] 19828K->7062K(36864K), 0.0004170 secs] [Times: user=0.00 sys=0.00, real=0.00 secs] 
331.918: Total time for which application threads were stopped: 0.0005330 seconds, Stopping threads took: 0.0000560 seconds
331.951: Application time: 0.0338950 seconds
331.952: [GC [PSYoungGen: 13855K->544K(14336K)] 20373K->7118K(36864K), 0.0004260 secs] [Times: user=0.00 sys=0.00, real=0.01 secs] 
331.952: Total time for which application threads were stopped: 0.0005390 seconds, Stopping threads took: 0.0000560 seconds
332.008: Application time: 0.0556660 seconds
332.008: [GC [PSYoungGen: 13853K->320K(14336K)] 20427K->7114K(36864K), 0.0004120 secs] [Times: user=0.00 sys=0.00, real=0.00 secs] 
332.008: Total time for which application threads were stopped: 0.0005410 seconds, Stopping threads took: 0.0000720 seconds
332.063: Application time: 0.0546250 seconds
332.064: [GC [PSYoungGen: 13629K->736K(14336K)] 20424K->7578K(36864K), 0.0004870 secs] [Times: user=0.00 sys=0.00, real=0.00 secs] 
332.064: Total time for which application threads were stopped: 0.0014380 seconds, Stopping threads took: 0.0008910 seconds
332.123: Application time: 0.0588540 seconds
332.123: [GC [PSYoungGen: 14047K->0K(14848K)] 20890K->7448K(37376K), 0.0004560 secs] [Times: user=0.00 sys=0.00, real=0.00 secs] 
332.124: Total time for which application threads were stopped: 0.0005880 seconds, Stopping threads took: 0.0000630 seconds
332.182: Application time: 0.0585400 seconds
332.182: [GC [PSYoungGen: 13309K->0K(13824K)] 20757K->7448K(36352K), 0.0003480 secs] [Times: user=0.00 sys=0.00, real=0.00 secs] 
332.183: Total time for which application threads were stopped: 0.0004690 seconds, Stopping threads took: 0.0000640 seconds
332.241: Application time: 0.0585920 seconds
332.241: [GC [PSYoungGen: 13309K->0K(14336K)] 20757K->7448K(36864K), 0.0003530 secs] [Times: user=0.00 sys=0.00, real=0.00 secs] 
332.242: Total time for which application threads were stopped: 0.0004780 seconds, Stopping threads took: 0.0000510 seconds
332.301: Application time: 0.0589320 seconds
332.301: [GC [PSYoungGen: 13309K->0K(14336K)] 20757K->7448K(36864K), 0.0003510 secs] [Times: user=0.00 sys=0.00, real=0.00 secs] 
332.301: Total time for which application threads were stopped: 0.0004630 seconds, Stopping threads took: 0.0000510 seconds
332.357: Application time: 0.0560130 seconds
332.357: [GC [PSYoungGen: 13308K->576K(13824K)] 20756K->8024K(36352K), 0.0004290 secs] [Times: user=0.01 sys=0.00, real=0.00 secs] 
332.358: Total time for which application threads were stopped: 0.0005350 seconds, Stopping threads took: 0.0000500 seconds
332.412: Application time: 0.0540880 seconds
332.412: [GC [PSYoungGen: 13374K->544K(14336K)] 20823K->8196K(36864K), 0.0005200 secs] [Times: user=0.00 sys=0.00, real=0.00 secs] 
332.412: Total time for which application threads were stopped: 0.0006320 seconds, Stopping threads took: 0.0000560 seconds
332.453: Application time: 0.0405780 seconds
332.456: [GC [PSYoungGen: 13342K->352K(13312K)] 20995K->8268K(35840K), 0.0004700 secs] [Times: user=0.00 sys=0.00, real=0.00 secs] 
332.456: Total time for which application threads were stopped: 0.0032100 seconds, Stopping threads took: 0.0026840 seconds
332.495: Application time: 0.0386230 seconds
332.495: [GC [PSYoungGen: 13150K->544K(13824K)] 21067K->8476K(36352K), 0.0004210 secs] [Times: user=0.00 sys=0.00, real=0.00 secs] 
332.495: Total time for which application threads were stopped: 0.0005460 seconds, Stopping threads took: 0.0000630 seconds
332.545: Application time: 0.0499610 seconds
332.545: [GC [PSYoungGen: 13343K->512K(13824K)] 21276K->8500K(36352K), 0.0003960 secs] [Times: user=0.00 sys=0.00, real=0.00 secs] 
332.546: Total time for which application threads were stopped: 0.0005090 seconds, Stopping threads took: 0.0000570 seconds
332.593: Application time: 0.0470570 seconds
332.593: [GC [PSYoungGen: 13311K->576K(13824K)] 21300K->8785K(36352K), 0.0004430 secs] [Times: user=0.00 sys=0.00, real=0.00 secs] 
332.594: Total time for which application threads were stopped: 0.0005540 seconds, Stopping threads took: 0.0000520 seconds
332.638: Application time: 0.0442620 seconds
332.638: [GC [PSYoungGen: 13375K->352K(13312K)] 21584K->8782K(35840K), 0.0004090 secs] [Times: user=0.01 sys=0.00, real=0.00 secs] 
332.638: Total time for which application threads were stopped: 0.0004800 seconds, Stopping threads took: 0.0000140 seconds
332.693: Application time: 0.0550570 seconds
332.693: [GC [PSYoungGen: 13148K->288K(13824K)] 21578K->8734K(36352K), 0.0003760 secs] [Times: user=0.00 sys=0.00, real=0.00 secs] 
332.694: Total time for which application threads were stopped: 0.0004960 seconds, Stopping threads took: 0.0000590 seconds
332.750: Application time: 0.0560420 seconds
332.750: [GC [PSYoungGen: 13087K->0K(13824K)] 21533K->8658K(36352K), 0.0004180 secs] [Times: user=0.00 sys=0.00, real=0.00 secs] 
332.752: Total time for which application threads were stopped: 0.0016930 seconds, Stopping threads took: 0.0000680 seconds
332.808: Application time: 0.0560140 seconds
332.808: [GC [PSYoungGen: 12799K->0K(13824K)] 21457K->8658K(36352K), 0.0003600 secs] [Times: user=0.00 sys=0.00, real=0.00 secs] 
332.808: Total time for which application threads were stopped: 0.0004570 seconds, Stopping threads took: 0.0000410 seconds
332.862: Application time: 0.0543390 seconds
332.862: [GC [PSYoungGen: 12797K->416K(13824K)] 21456K->9074K(36352K), 0.0003840 secs] [Times: user=0.00 sys=0.00, real=0.00 secs] 
332.863: Total time for which application threads were stopped: 0.0004860 seconds, Stopping threads took: 0.0000440 seconds
332.917: Application time: 0.0544240 seconds
332.917: [GC [PSYoungGen: 13214K->384K(13824K)] 21872K->9263K(36352K), 0.0004100 secs] [Times: user=0.00 sys=0.00, real=0.00 secs] 
332.918: Total time for which application threads were stopped: 0.0005320 seconds, Stopping threads took: 0.0000620 seconds
332.974: Application time: 0.0560930 seconds
332.974: [GC [PSYoungGen: 13183K->0K(13824K)] 22062K->9091K(36352K), 0.0004260 secs] [Times: user=0.00 sys=0.00, real=0.00 secs] 
332.974: Total time for which application threads were stopped: 0.0005390 seconds, Stopping threads took: 0.0000530 seconds
333.013: Application time: 0.0386090 seconds
333.013: [GC [PSYoungGen: 12799K->768K(13824K)] 21890K->9859K(36352K), 0.0004430 secs] [Times: user=0.01 sys=0.00, real=0.00 secs] 
333.014: Total time for which application threads were stopped: 0.0005640 seconds, Stopping threads took: 0.0000670 seconds
333.047: Application time: 0.0330150 seconds
333.048: [GC [PSYoungGen: 13564K->544K(13824K)] 22656K->9884K(36352K), 0.0004410 secs] [Times: user=0.00 sys=0.00, real=0.00 secs] 
333.048: Total time for which application threads were stopped: 0.0015820 seconds, Stopping threads took: 0.0010830 seconds
333.103: Application time: 0.0552450 seconds
333.104: [GC [PSYoungGen: 13343K->0K(13824K)] 22683K->9749K(36352K), 0.0004310 secs] [Times: user=0.00 sys=0.00, real=0.00 secs] 
333.104: Total time for which application threads were stopped: 0.0005470 seconds, Stopping threads took: 0.0000540 seconds
333.158: Application time: 0.0538190 seconds
333.158: [GC [PSYoungGen: 12798K->448K(13824K)] 22548K->10197K(36352K), 0.0004610 secs] [Times: user=0.00 sys=0.00, real=0.00 secs] 
333.158: Total time for which application threads were stopped: 0.0005760 seconds, Stopping threads took: 0.0000570 seconds
333.215: Application time: 0.0562580 seconds
333.215: [GC [PSYoungGen: 13247K->0K(13824K)] 22996K->10182K(36352K), 0.0004260 secs] [Times: user=0.00 sys=0.00, real=0.00 secs] 
333.215: Total time for which application threads were stopped: 0.0005460 seconds, Stopping threads took: 0.0000560 seconds
333.272: Application time: 0.0563790 seconds
333.272: [GC [PSYoungGen: 12799K->0K(13824K)] 22981K->10182K(36352K), 0.0003620 secs] [Times: user=0.00 sys=0.00, real=0.00 secs] 
333.272: Total time for which application threads were stopped: 0.0004980 seconds, Stopping threads took: 0.0000520 seconds
333.329: Application time: 0.0564160 seconds
333.329: [GC [PSYoungGen: 12796K->192K(13824K)] 22979K->10374K(36352K), 0.0003510 secs] [Times: user=0.00 sys=0.00, real=0.00 secs] 
333.329: Total time for which application threads were stopped: 0.0004620 seconds, Stopping threads took: 0.0000530 seconds
333.369: Application time: 0.0403790 seconds
333.369: [GC [PSYoungGen: 12990K->352K(13824K)] 23172K->10558K(36352K), 0.0003790 secs] [Times: user=0.00 sys=0.00, real=0.00 secs] 
333.370: Total time for which application threads were stopped: 0.0004870 seconds, Stopping threads took: 0.0000480 seconds
333.423: Application time: 0.0534920 seconds
333.423: [GC [PSYoungGen: 13151K->352K(13824K)] 23357K->10582K(36352K), 0.0003830 secs] [Times: user=0.00 sys=0.00, real=0.00 secs] 
333.424: Total time for which application threads were stopped: 0.0005150 seconds, Stopping threads took: 0.0000730 seconds
333.476: Application time: 0.0520980 seconds
333.476: [GC [PSYoungGen: 13150K->688K(13824K)] 23381K->10966K(36352K), 0.0004660 secs] [Times: user=0.00 sys=0.00, real=0.00 secs] 
333.477: Total time for which application threads were stopped: 0.0005720 seconds, Stopping threads took: 0.0000500 seconds
333.533: Application time: 0.0565310 seconds
333.533: [GC [PSYoungGen: 13487K->0K(13824K)] 23765K->11071K(36352K), 0.0004500 secs] [Times: user=0.00 sys=0.00, real=0.00 secs] 
333.534: Total time for which application threads were stopped: 0.0005740 seconds, Stopping threads took: 0.0000650 seconds
333.590: Application time: 0.0565270 seconds
333.590: [GC [PSYoungGen: 12799K->0K(13824K)] 23870K->11071K(36352K), 0.0003560 secs] [Times: user=0.00 sys=0.00, real=0.00 secs] 
333.591: Total time for which application threads were stopped: 0.0004850 seconds, Stopping threads took: 0.0000720 seconds
333.635: Application time: 0.0442770 seconds
333.635: [GC [PSYoungGen: 12797K->384K(13824K)] 23869K->11455K(36352K), 0.0005100 secs] [Times: user=0.01 sys=0.00, real=0.00 secs] 
333.636: Total time for which application threads were stopped: 0.0006170 seconds, Stopping threads took: 0.0000500 seconds
333.670: Application time: 0.0347720 seconds
333.670: [GC [PSYoungGen: 13181K->544K(13824K)] 24253K->11671K(36352K), 0.0004220 secs] [Times: user=0.01 sys=0.00, real=0.00 secs] 
333.671: Total time for which application threads were stopped: 0.0005550 seconds, Stopping threads took: 0.0000710 seconds
333.719: Application time: 0.0483280 seconds
333.719: [GC [PSYoungGen: 13340K->480K(13824K)] 24468K->11623K(36352K), 0.0004630 secs] [Times: user=0.00 sys=0.00, real=0.01 secs] 
333.720: Total time for which application threads were stopped: 0.0005730 seconds, Stopping threads took: 0.0000480 seconds
333.773: Application time: 0.0529910 seconds
333.773: [GC [PSYoungGen: 13275K->544K(13824K)] 24419K->11932K(36352K), 0.0004940 secs] [Times: user=0.00 sys=0.00, real=0.00 secs] 
333.773: Total time for which application threads were stopped: 0.0006120 seconds, Stopping threads took: 0.0000530 seconds
333.830: Application time: 0.0562850 seconds
333.830: [GC [PSYoungGen: 13343K->0K(13824K)] 24731K->11808K(36352K), 0.0004240 secs] [Times: user=0.01 sys=0.00, real=0.00 secs] 
333.830: Total time for which application threads were stopped: 0.0005410 seconds, Stopping threads took: 0.0000590 seconds
333.887: Application time: 0.0565320 seconds
333.887: [GC [PSYoungGen: 12799K->0K(13824K)] 24608K->11808K(36352K), 0.0003460 secs] [Times: user=0.00 sys=0.00, real=0.00 secs] 
333.887: Total time for which application threads were stopped: 0.0004530 seconds, Stopping threads took: 0.0000510 seconds
333.944: Application time: 0.0566310 seconds
333.944: [GC [PSYoungGen: 12799K->0K(13824K)] 24608K->11808K(36352K), 0.0003370 secs] [Times: user=0.00 sys=0.00, real=0.00 secs] 
333.944: Total time for which application threads were stopped: 0.0004540 seconds, Stopping threads took: 0.0000610 seconds
334.001: Application time: 0.0566240 seconds
334.001: [GC [PSYoungGen: 12799K->0K(13824K)] 24608K->11808K(36352K), 0.0004190 secs] [Times: user=0.00 sys=0.00, real=0.00 secs] 
334.001: Total time for which application threads were stopped: 0.0005300 seconds, Stopping threads took: 0.0000560 seconds
334.057: Application time: 0.0553340 seconds
334.057: [GC [PSYoungGen: 12798K->416K(13824K)] 24607K->12224K(36352K), 0.0003960 secs] [Times: user=0.00 sys=0.00, real=0.00 secs] 
334.057: Total time for which application threads were stopped: 0.0005110 seconds, Stopping threads took: 0.0000580 seconds
334.112: Application time: 0.0547290 seconds
334.112: [GC [PSYoungGen: 13212K->320K(13824K)] 25021K->12344K(36352K), 0.0004270 secs] [Times: user=0.00 sys=0.00, real=0.00 secs] 
334.113: Total time for which application threads were stopped: 0.0005600 seconds, Stopping threads took: 0.0000720 seconds
334.157: Application time: 0.0442930 seconds
334.157: [GC [PSYoungGen: 13116K->384K(13824K)] 25141K->12629K(36352K), 0.0004400 secs] [Times: user=0.00 sys=0.00, real=0.00 secs] 
334.157: Total time for which application threads were stopped: 0.0005530 seconds, Stopping threads took: 0.0000560 seconds
334.197: Application time: 0.0391730 seconds
334.197: [GC [PSYoungGen: 13183K->480K(13824K)] 25428K->12773K(36352K), 0.0004750 secs] [Times: user=0.00 sys=0.00, real=0.00 secs] 
334.197: Total time for which application threads were stopped: 0.0006080 seconds, Stopping threads took: 0.0000780 seconds
334.242: Application time: 0.0447100 seconds
334.242: [GC [PSYoungGen: 13276K->480K(13824K)] 25570K->12829K(36352K), 0.0004320 secs] [Times: user=0.00 sys=0.00, real=0.00 secs] 
334.243: Total time for which application threads were stopped: 0.0005590 seconds, Stopping threads took: 0.0000570 seconds
334.291: Application time: 0.0481970 seconds
334.291: [GC [PSYoungGen: 13277K->576K(13824K)] 25627K->13149K(36352K), 0.0004650 secs] [Times: user=0.00 sys=0.00, real=0.00 secs] 
334.291: Total time for which application threads were stopped: 0.0005890 seconds, Stopping threads took: 0.0000530 seconds
334.334: Application time: 0.0429210 seconds
334.334: [GC [PSYoungGen: 13375K->352K(13824K)] 25948K->13261K(36352K), 0.0004320 secs] [Times: user=0.00 sys=0.00, real=0.00 secs] 
334.335: Total time for which application threads were stopped: 0.0005360 seconds, Stopping threads took: 0.0000470 seconds
334.389: Application time: 0.0546620 seconds
334.392: [GC [PSYoungGen: 13148K->352K(13824K)] 26058K->13277K(36352K), 0.0004320 secs] [Times: user=0.00 sys=0.00, real=0.00 secs] 
334.392: Total time for which application threads were stopped: 0.0028030 seconds, Stopping threads took: 0.0023090 seconds
334.449: Application time: 0.0563100 seconds
334.449: [GC [PSYoungGen: 13151K->0K(13824K)] 26076K->13141K(36352K), 0.0003910 secs] [Times: user=0.00 sys=0.00, real=0.00 secs] 
334.449: Total time for which application threads were stopped: 0.0005170 seconds, Stopping threads took: 0.0000700 seconds
334.505: Application time: 0.0560500 seconds
334.505: [GC [PSYoungGen: 12799K->0K(13824K)] 25940K->13141K(36352K), 0.0003540 secs] [Times: user=0.00 sys=0.00, real=0.00 secs] 
334.506: Total time for which application threads were stopped: 0.0004640 seconds, Stopping threads took: 0.0000530 seconds
334.561: Application time: 0.0552340 seconds
334.561: [GC [PSYoungGen: 12796K->352K(13824K)] 25937K->13493K(36352K), 0.0004050 secs] [Times: user=0.00 sys=0.00, real=0.00 secs] 
334.561: Total time for which application threads were stopped: 0.0005120 seconds, Stopping threads took: 0.0000480 seconds
334.615: Application time: 0.0537930 seconds
334.615: [GC [PSYoungGen: 13148K->544K(13824K)] 26289K->13701K(36352K), 0.0004100 secs] [Times: user=0.01 sys=0.00, real=0.00 secs] 
334.616: Total time for which application threads were stopped: 0.0005190 seconds, Stopping threads took: 0.0000510 seconds
334.672: Application time: 0.0565390 seconds
334.672: [GC [PSYoungGen: 13343K->0K(13824K)] 26500K->13566K(36352K), 0.0004330 secs] [Times: user=0.00 sys=0.00, real=0.00 secs] 
334.673: Total time for which application threads were stopped: 0.0005600 seconds, Stopping threads took: 0.0000670 seconds
334.727: Application time: 0.0538980 seconds
334.727: [GC [PSYoungGen: 12750K->384K(13824K)] 26317K->13950K(36352K), 0.0004190 secs] [Times: user=0.01 sys=0.00, real=0.00 secs] 
334.727: Total time for which application threads were stopped: 0.0005410 seconds, Stopping threads took: 0.0000610 seconds
334.760: Application time: 0.0328890 seconds
334.760: [GC [PSYoungGen: 13180K->576K(13824K)] 26747K->14391K(36352K), 0.0004480 secs] [Times: user=0.01 sys=0.00, real=0.00 secs] 
334.761: Total time for which application threads were stopped: 0.0005720 seconds, Stopping threads took: 0.0000680 seconds
334.802: Application time: 0.0408910 seconds
334.802: [GC [PSYoungGen: 13371K->512K(13824K)] 27186K->14351K(36352K), 0.0004180 secs] [Times: user=0.00 sys=0.00, real=0.00 secs] 
334.802: Total time for which application threads were stopped: 0.0005500 seconds, Stopping threads took: 0.0000660 seconds
334.856: Application time: 0.0534530 seconds
334.856: [GC [PSYoungGen: 13310K->560K(13824K)] 27150K->14423K(36352K), 0.0004270 secs] [Times: user=0.00 sys=0.00, real=0.00 secs] 
334.856: Total time for which application threads were stopped: 0.0005470 seconds, Stopping threads took: 0.0000600 seconds
334.914: Application time: 0.0575690 seconds
334.914: [GC [PSYoungGen: 13359K->0K(13824K)] 27222K->14315K(36352K), 0.0004790 secs] [Times: user=0.00 sys=0.00, real=0.00 secs] 
334.914: Total time for which application threads were stopped: 0.0005890 seconds, Stopping threads took: 0.0000480 seconds
334.971: Application time: 0.0564660 seconds
334.971: [GC [PSYoungGen: 12799K->0K(13824K)] 27115K->14315K(36352K), 0.0003440 secs] [Times: user=0.00 sys=0.00, real=0.00 secs] 
334.971: Total time for which application threads were stopped: 0.0004740 seconds, Stopping threads took: 0.0000690 seconds
335.028: Application time: 0.0565310 seconds
335.028: [GC [PSYoungGen: 12799K->0K(13824K)] 27115K->14315K(36352K), 0.0003610 secs] [Times: user=0.00 sys=0.00, real=0.00 secs] 
335.028: Total time for which application threads were stopped: 0.0004800 seconds, Stopping threads took: 0.0000600 seconds
335.074: Application time: 0.0456800 seconds
335.074: [GC [PSYoungGen: 12797K->384K(13824K)] 27113K->14699K(36352K), 0.0004260 secs] [Times: user=0.00 sys=0.00, real=0.00 secs] 
335.074: Total time for which application threads were stopped: 0.0005320 seconds, Stopping threads took: 0.0000480 seconds
335.122: Application time: 0.0473720 seconds
335.122: [GC [PSYoungGen: 13181K->320K(13824K)] 27497K->14643K(36352K), 0.0004650 secs] [Times: user=0.00 sys=0.00, real=0.00 secs] 
335.122: Total time for which application threads were stopped: 0.0005810 seconds, Stopping threads took: 0.0000560 seconds
335.175: Application time: 0.0525310 seconds
335.175: [GC [PSYoungGen: 13116K->736K(13824K)] 27440K->15116K(36352K), 0.0004290 secs] [Times: user=0.00 sys=0.00, real=0.00 secs] 
335.175: Total time for which application threads were stopped: 0.0005350 seconds, Stopping threads took: 0.0000500 seconds
335.231: Application time: 0.0557740 seconds
335.231: [GC [PSYoungGen: 13532K->256K(13824K)] 27912K->15085K(36352K), 0.0005690 secs] [Times: user=0.00 sys=0.00, real=0.01 secs] 
335.232: Total time for which application threads were stopped: 0.0007090 seconds, Stopping threads took: 0.0000790 seconds
335.289: Application time: 0.0567620 seconds
335.292: [GC [PSYoungGen: 13055K->0K(13824K)] 27884K->15057K(36352K), 0.0004480 secs] [Times: user=0.00 sys=0.00, real=0.00 secs] 
335.292: Total time for which application threads were stopped: 0.0035320 seconds, Stopping threads took: 0.0030220 seconds
335.339: Application time: 0.0470280 seconds
335.339: [GC [PSYoungGen: 12798K->384K(13824K)] 27855K->15441K(36352K), 0.0004010 secs] [Times: user=0.00 sys=0.00, real=0.01 secs] 
335.340: Total time for which application threads were stopped: 0.0005350 seconds, Stopping threads took: 0.0000650 seconds
335.379: Application time: 0.0392210 seconds
335.379: [GC [PSYoungGen: 13180K->576K(13824K)] 28238K->15689K(36352K), 0.0004100 secs] [Times: user=0.00 sys=0.00, real=0.00 secs] 
335.380: Total time for which application threads were stopped: 0.0005190 seconds, Stopping threads took: 0.0000520 seconds
335.422: Application time: 0.0422120 seconds
335.422: [GC [PSYoungGen: 13375K->400K(13824K)] 28488K->15734K(36352K), 0.0004210 secs] [Times: user=0.01 sys=0.00, real=0.00 secs] 
335.422: Total time for which application threads were stopped: 0.0005460 seconds, Stopping threads took: 0.0000660 seconds
335.482: Application time: 0.0592760 seconds
335.482: [GC [PSYoungGen: 13198K->384K(13824K)] 28532K->15782K(36352K), 0.0004210 secs] [Times: user=0.00 sys=0.00, real=0.00 secs] 
335.482: Total time for which application threads were stopped: 0.0005380 seconds, Stopping threads took: 0.0000560 seconds
335.541: Application time: 0.0590150 seconds
335.541: [GC [PSYoungGen: 13182K->416K(13824K)] 28581K->16050K(36352K), 0.0005900 secs] [Times: user=0.00 sys=0.00, real=0.00 secs] 
335.542: Total time for which application threads were stopped: 0.0007070 seconds, Stopping threads took: 0.0000540 seconds
335.604: Application time: 0.0618230 seconds
335.604: [GC [PSYoungGen: 13215K->0K(13824K)] 28850K->16026K(36352K), 0.0004320 secs] [Times: user=0.00 sys=0.00, real=0.00 secs] 
335.604: Total time for which application threads were stopped: 0.0005430 seconds, Stopping threads took: 0.0000500 seconds
335.666: Application time: 0.0619490 seconds
335.666: [GC [PSYoungGen: 12799K->0K(13824K)] 28826K->16026K(36352K), 0.0003640 secs] [Times: user=0.00 sys=0.00, real=0.00 secs] 
335.667: Total time for which application threads were stopped: 0.0004960 seconds, Stopping threads took: 0.0000640 seconds
335.729: Application time: 0.0620770 seconds
335.729: [GC [PSYoungGen: 12799K->0K(13824K)] 28826K->16026K(36352K), 0.0003630 secs] [Times: user=0.00 sys=0.00, real=0.00 secs] 
335.729: Total time for which application threads were stopped: 0.0004820 seconds, Stopping threads took: 0.0000620 seconds
335.789: Application time: 0.0601680 seconds
335.792: [GC [PSYoungGen: 12797K->384K(13824K)] 28824K->16410K(36352K), 0.0004230 secs] [Times: user=0.00 sys=0.00, real=0.00 secs] 
335.792: Total time for which application threads were stopped: 0.0027980 seconds, Stopping threads took: 0.0023160 seconds
335.853: Application time: 0.0605350 seconds
335.853: [GC [PSYoungGen: 13180K->416K(13824K)] 29207K->16663K(36352K), 0.0004100 secs] [Times: user=0.00 sys=0.00, real=0.00 secs] 
335.853: Total time for which application threads were stopped: 0.0005400 seconds, Stopping threads took: 0.0000620 seconds
335.908: Application time: 0.0549150 seconds
335.908: [GC [PSYoungGen: 13215K->384K(13824K)] 29462K->16855K(36352K), 0.0004480 secs] [Times: user=0.00 sys=0.00, real=0.00 secs] 
335.909: Total time for which application threads were stopped: 0.0005830 seconds, Stopping threads took: 0.0000760 seconds
335.951: Application time: 0.0425710 seconds
335.951: [GC [PSYoungGen: 13179K->512K(13824K)] 29651K->17039K(36352K), 0.0004480 secs] [Times: user=0.00 sys=0.00, real=0.01 secs] 
335.952: Total time for which application threads were stopped: 0.0005610 seconds, Stopping threads took: 0.0000560 seconds
335.996: Application time: 0.0441780 seconds
335.996: [GC [PSYoungGen: 13308K->384K(13824K)] 29835K->17140K(36352K), 0.0004500 secs] [Times: user=0.01 sys=0.00, real=0.00 secs] 
335.997: Total time for which application threads were stopped: 0.0005780 seconds, Stopping threads took: 0.0000640 seconds
336.056: Application time: 0.0595990 seconds
336.056: [GC [PSYoungGen: 13180K->256K(13824K)] 29936K->17256K(36352K), 0.0004580 secs] [Times: user=0.00 sys=0.00, real=0.00 secs] 
336.057: Total time for which application threads were stopped: 0.0005670 seconds, Stopping threads took: 0.0000480 seconds
336.101: Application time: 0.0446390 seconds
336.102: [GC [PSYoungGen: 13053K->448K(13824K)] 30054K->17653K(36352K), 0.0005410 secs] [Times: user=0.00 sys=0.00, real=0.00 secs] 
336.102: Total time for which application threads were stopped: 0.0006630 seconds, Stopping threads took: 0.0000620 seconds
336.157: Application time: 0.0552900 seconds
336.158: [GC [PSYoungGen: 13245K->256K(13824K)] 30450K->17665K(36352K), 0.0004790 secs] [Times: user=0.00 sys=0.00, real=0.00 secs] 
336.158: Total time for which application threads were stopped: 0.0005830 seconds, Stopping threads took: 0.0000500 seconds
336.218: Application time: 0.0602500 seconds
336.218: [GC [PSYoungGen: 13052K->352K(13824K)] 30462K->17785K(36352K), 0.0003940 secs] [Times: user=0.00 sys=0.00, real=0.00 secs] 
336.219: Total time for which application threads were stopped: 0.0005020 seconds, Stopping threads took: 0.0000490 seconds
336.280: Application time: 0.0613830 seconds
336.280: [GC [PSYoungGen: 13151K->0K(13824K)] 30584K->17662K(36352K), 0.0004350 secs] [Times: user=0.00 sys=0.00, real=0.00 secs] 
336.281: Total time for which application threads were stopped: 0.0005320 seconds, Stopping threads took: 0.0000410 seconds
336.342: Application time: 0.0613920 seconds
336.342: [GC [PSYoungGen: 12799K->0K(13824K)] 30461K->17662K(36352K), 0.0004290 secs] [Times: user=0.00 sys=0.00, real=0.00 secs] 
336.343: Total time for which application threads were stopped: 0.0005420 seconds, Stopping threads took: 0.0000520 seconds
336.402: Application time: 0.0597810 seconds
336.403: [GC [PSYoungGen: 12798K->384K(13824K)] 30460K->18046K(36352K), 0.0003940 secs] [Times: user=0.00 sys=0.00, real=0.00 secs] 
336.403: Total time for which application threads were stopped: 0.0005080 seconds, Stopping threads took: 0.0000390 seconds
336.463: Application time: 0.0601890 seconds
336.463: [GC [PSYoungGen: 13182K->320K(13824K)] 30844K->18202K(36352K), 0.0004710 secs] [Times: user=0.00 sys=0.00, real=0.00 secs] 
336.464: Total time for which application threads were stopped: 0.0006090 seconds, Stopping threads took: 0.0000800 seconds
336.525: Application time: 0.0617560 seconds
336.526: [GC [PSYoungGen: 13119K->0K(13824K)] 31002K->18103K(36352K), 0.0004440 secs] [Times: user=0.00 sys=0.00, real=0.00 secs] 
336.526: Total time for which application threads were stopped: 0.0005660 seconds, Stopping threads took: 0.0000590 seconds
336.570: Application time: 0.0434990 seconds
336.570: [GC [PSYoungGen: 12796K->800K(13824K)] 30900K->18903K(36352K), 0.0005010 secs] [Times: user=0.00 sys=0.00, real=0.00 secs] 
336.570: Total time for which application threads were stopped: 0.0006290 seconds, Stopping threads took: 0.0000630 seconds
336.606: Application time: 0.0358140 seconds
336.606: [GC [PSYoungGen: 13549K->416K(13824K)] 31653K->18767K(36352K), 0.0004660 secs] [Times: user=0.00 sys=0.00, real=0.00 secs] 
336.607: Total time for which application threads were stopped: 0.0005870 seconds, Stopping threads took: 0.0000610 seconds
336.667: Application time: 0.0602420 seconds
336.667: [GC [PSYoungGen: 13212K->224K(13824K)] 31563K->18851K(36352K), 0.0004830 secs] [Times: user=0.00 sys=0.00, real=0.00 secs] 
336.667: Total time for which application threads were stopped: 0.0006080 seconds, Stopping threads took: 0.0000630 seconds
336.727: Application time: 0.0592670 seconds
336.727: [GC [PSYoungGen: 13020K->528K(13824K)] 31648K->19300K(36352K), 0.0004800 secs] [Times: user=0.01 sys=0.00, real=0.00 secs] 
336.727: Total time for which application threads were stopped: 0.0005990 seconds, Stopping threads took: 0.0000580 seconds
336.789: Application time: 0.0619630 seconds
336.789: [GC [PSYoungGen: 13327K->0K(13824K)] 32099K->19224K(36352K), 0.0004510 secs] [Times: user=0.00 sys=0.00, real=0.00 secs] 
336.790: Total time for which application threads were stopped: 0.0005590 seconds, Stopping threads took: 0.0000460 seconds
336.852: Application time: 0.0616840 seconds
336.852: [GC [PSYoungGen: 12799K->0K(13824K)] 32023K->19224K(36352K), 0.0004290 secs] [Times: user=0.00 sys=0.00, real=0.01 secs] 
336.852: Total time for which application threads were stopped: 0.0005570 seconds, Stopping threads took: 0.0000680 seconds
336.909: Application time: 0.0567840 seconds
336.909: [GC [PSYoungGen: 12799K->384K(13824K)] 32023K->19608K(36352K), 0.0003890 secs] [Times: user=0.00 sys=0.00, real=0.00 secs] 
336.909: Total time for which application threads were stopped: 0.0005160 seconds, Stopping threads took: 0.0000590 seconds
336.954: Application time: 0.0450290 seconds
336.955: [GC [PSYoungGen: 13182K->352K(13824K)] 32406K->19584K(36352K), 0.0004260 secs] [Times: user=0.00 sys=0.00, real=0.00 secs] 
336.955: Total time for which application threads were stopped: 0.0005550 seconds, Stopping threads took: 0.0000670 seconds
337.016: Application time: 0.0609780 seconds
337.016: [GC [PSYoungGen: 13148K->0K(13824K)] 32381K->19489K(36352K), 0.0003980 secs] [Times: user=0.00 sys=0.00, real=0.00 secs] 
337.016: Total time for which application threads were stopped: 0.0005050 seconds, Stopping threads took: 0.0000460 seconds
337.073: Application time: 0.0567900 seconds
337.073: [GC [PSYoungGen: 12798K->864K(13824K)] 32287K->20353K(36352K), 0.0005220 secs] [Times: user=0.00 sys=0.00, real=0.00 secs] 
337.074: Total time for which application threads were stopped: 0.0006590 seconds, Stopping threads took: 0.0000780 seconds
337.136: Application time: 0.0622280 seconds
337.136: [GC [PSYoungGen: 13663K->0K(13824K)] 33152K->20262K(36352K), 0.0005250 secs] [Times: user=0.00 sys=0.00, real=0.00 secs] 
337.137: Total time for which application threads were stopped: 0.0006500 seconds, Stopping threads took: 0.0000610 seconds
337.196: Application time: 0.0587750 seconds
337.196: [GC [PSYoungGen: 12798K->352K(13824K)] 33061K->20614K(36352K), 0.0003980 secs] [Times: user=0.00 sys=0.00, real=0.00 secs] 
337.196: Total time for which application threads were stopped: 0.0005150 seconds, Stopping threads took: 0.0000600 seconds
337.240: Application time: 0.0434220 seconds
337.240: [GC [PSYoungGen: 13148K->480K(13824K)] 33411K->20750K(36352K), 0.0004380 secs] [Times: user=0.00 sys=0.00, real=0.01 secs] 
337.240: Total time for which application threads were stopped: 0.0005450 seconds, Stopping threads took: 0.0000490 seconds
337.283: Application time: 0.0424650 seconds
337.283: [GC [PSYoungGen: 13278K->544K(13824K)] 33548K->20886K(36352K), 0.0004590 secs] [Times: user=0.00 sys=0.00, real=0.00 secs] 
337.283: Total time for which application threads were stopped: 0.0005760 seconds, Stopping threads took: 0.0000590 seconds
337.340: Application time: 0.0572960 seconds
337.341: [GC [PSYoungGen: 13340K->448K(13824K)] 33683K->20798K(36352K), 0.0005980 secs] [Times: user=0.00 sys=0.00, real=0.00 secs] 
337.341: Total time for which application threads were stopped: 0.0007170 seconds, Stopping threads took: 0.0000510 seconds
337.400: Application time: 0.0588420 seconds
337.400: [GC [PSYoungGen: 13245K->544K(13824K)] 33596K->21147K(36352K), 0.0005080 secs] [Times: user=0.00 sys=0.00, real=0.00 secs] 
337.401: Total time for which application threads were stopped: 0.0006240 seconds, Stopping threads took: 0.0000530 seconds
337.463: Application time: 0.0619390 seconds
337.463: [GC [PSYoungGen: 13343K->0K(13824K)] 33946K->21020K(36352K), 0.0004330 secs] [Times: user=0.00 sys=0.00, real=0.00 secs] 
337.463: Total time for which application threads were stopped: 0.0005520 seconds, Stopping threads took: 0.0000550 seconds
337.525: Application time: 0.0618310 seconds
337.525: [GC [PSYoungGen: 12799K->0K(13824K)] 33819K->21020K(36352K), 0.0003630 secs] [Times: user=0.00 sys=0.00, real=0.00 secs] 
337.525: Total time for which application threads were stopped: 0.0004820 seconds, Stopping threads took: 0.0000560 seconds
337.587: Application time: 0.0620840 seconds
337.588: [GC [PSYoungGen: 12799K->0K(13824K)] 33819K->21020K(36352K), 0.0003900 secs] [Times: user=0.00 sys=0.00, real=0.00 secs] 
337.588: Total time for which application threads were stopped: 0.0004990 seconds, Stopping threads took: 0.0000490 seconds
337.650: Application time: 0.0619990 seconds
337.650: [GC [PSYoungGen: 12799K->0K(13824K)] 33819K->21020K(36352K), 0.0003650 secs] [Times: user=0.00 sys=0.00, real=0.00 secs] 
337.650: Total time for which application threads were stopped: 0.0004770 seconds, Stopping threads took: 0.0000540 seconds
337.710: Application time: 0.0592080 seconds
337.710: [GC [PSYoungGen: 12795K->544K(13824K)] 33816K->21564K(36352K), 0.0004930 secs] [Times: user=0.00 sys=0.00, real=0.00 secs] 
337.710: Total time for which application threads were stopped: 0.0006040 seconds, Stopping threads took: 0.0000540 seconds
337.770: Application time: 0.0598650 seconds
337.770: [GC [PSYoungGen: 13341K->576K(13824K)] 34361K->21809K(36352K), 0.0005160 secs] [Times: user=0.01 sys=0.00, real=0.01 secs] 
337.772: Total time for which application threads were stopped: 0.0016600 seconds, Stopping threads took: 0.0000590 seconds
337.816: Application time: 0.0443390 seconds
337.816: [GC [PSYoungGen: 13374K->352K(13824K)] 34607K->21829K(36352K), 0.0004680 secs] [Times: user=0.00 sys=0.00, real=0.00 secs] 
337.817: Total time for which application threads were stopped: 0.0005990 seconds, Stopping threads took: 0.0000730 seconds
337.861: Application time: 0.0444490 seconds
337.861: [GC [PSYoungGen: 13148K->544K(13824K)] 34626K->22045K(36352K), 0.0004480 secs] [Times: user=0.00 sys=0.00, real=0.00 secs] 
337.862: Total time for which application threads were stopped: 0.0005750 seconds, Stopping threads took: 0.0000610 seconds
337.915: Application time: 0.0527130 seconds
337.915: [GC [PSYoungGen: 13343K->640K(13824K)] 34844K->22205K(36352K), 0.0004700 secs] [Times: user=0.00 sys=0.00, real=0.00 secs] 
337.915: Total time for which application threads were stopped: 0.0005950 seconds, Stopping threads took: 0.0000590 seconds
337.970: Application time: 0.0549730 seconds
337.970: [GC [PSYoungGen: 13433K->416K(13824K)] 34999K->22197K(36352K), 0.0004560 secs] [Times: user=0.00 sys=0.00, real=0.00 secs] 
337.971: Total time for which application threads were stopped: 0.0005940 seconds, Stopping threads took: 0.0000610 seconds
338.017: Application time: 0.0464480 seconds
338.017: [GC [PSYoungGen: 13214K->320K(13824K)] 34996K->22325K(36352K), 0.0004470 secs] [Times: user=0.00 sys=0.00, real=0.00 secs] 
338.018: Total time for which application threads were stopped: 0.0005780 seconds, Stopping threads took: 0.0000710 seconds
338.078: Application time: 0.0606100 seconds
338.078: [GC [PSYoungGen: 13116K->0K(13824K)] 35122K->22221K(36352K), 0.0003950 secs] [Times: user=0.00 sys=0.00, real=0.00 secs] 
338.079: [Full GC [PSYoungGen: 0K->0K(13824K)] [ParOldGen: 22221K->4445K(22528K)] 22221K->4445K(36352K) [PSPermGen: 5580K->5580K(21504K)], 0.0059770 secs] [Times: user=0.03 sys=0.00, real=0.01 secs] 
338.085: Total time for which application threads were stopped: 0.0065410 seconds, Stopping threads took: 0.0000550 seconds
338.145: Application time: 0.0604450 seconds
338.145: [GC [PSYoungGen: 12798K->352K(13824K)] 17243K->4797K(36352K), 0.0003870 secs] [Times: user=0.00 sys=0.00, real=0.00 secs] 
338.146: Total time for which application threads were stopped: 0.0004890 seconds, Stopping threads took: 0.0000430 seconds
338.207: Application time: 0.0615670 seconds
338.207: [GC [PSYoungGen: 13151K->0K(13824K)] 17596K->4666K(36352K), 0.0004770 secs] [Times: user=0.00 sys=0.00, real=0.00 secs] 
338.208: Total time for which application threads were stopped: 0.0005900 seconds, Stopping threads took: 0.0000490 seconds
338.268: Application time: 0.0596940 seconds
338.268: [GC [PSYoungGen: 12798K->416K(13824K)] 17464K->5082K(36352K), 0.0003940 secs] [Times: user=0.00 sys=0.00, real=0.00 secs] 
338.268: Total time for which application threads were stopped: 0.0005110 seconds, Stopping threads took: 0.0000590 seconds
338.328: Application time: 0.0603010 seconds
338.329: [GC [PSYoungGen: 13212K->352K(13824K)] 17878K->5242K(36352K), 0.0004050 secs] [Times: user=0.00 sys=0.00, real=0.00 secs] 
338.329: Total time for which application threads were stopped: 0.0005180 seconds, Stopping threads took: 0.0000550 seconds
338.391: Application time: 0.0617620 seconds
338.391: [GC [PSYoungGen: 13151K->0K(13824K)] 18041K->5114K(36352K), 0.0004030 secs] [Times: user=0.00 sys=0.00, real=0.00 secs] 
338.391: Total time for which application threads were stopped: 0.0005160 seconds, Stopping threads took: 0.0000560 seconds
338.446: Application time: 0.0544020 seconds
338.448: [GC [PSYoungGen: 12797K->736K(13824K)] 17912K->5850K(36352K), 0.0004410 secs] [Times: user=0.00 sys=0.00, real=0.00 secs] 
338.448: Total time for which application threads were stopped: 0.0025550 seconds, Stopping threads took: 0.0020590 seconds
338.482: Application time: 0.0342590 seconds
338.483: [GC [PSYoungGen: 13532K->512K(13824K)] 18646K->5874K(36352K), 0.0004620 secs] [Times: user=0.01 sys=0.00, real=0.00 secs] 
338.483: Total time for which application threads were stopped: 0.0006160 seconds, Stopping threads took: 0.0000790 seconds
338.536: Application time: 0.0524950 seconds
338.536: [GC [PSYoungGen: 13311K->512K(13824K)] 18673K->5898K(36352K), 0.0004630 secs] [Times: user=0.00 sys=0.00, real=0.00 secs] 
338.536: Total time for which application threads were stopped: 0.0005970 seconds, Stopping threads took: 0.0000600 seconds
338.595: Application time: 0.0587300 seconds
338.595: [GC [PSYoungGen: 13307K->512K(13824K)] 18694K->5922K(36352K), 0.0004150 secs] [Times: user=0.00 sys=0.00, real=0.00 secs] 
338.595: Total time for which application threads were stopped: 0.0005220 seconds, Stopping threads took: 0.0000490 seconds
338.657: Application time: 0.0617700 seconds
338.657: [GC [PSYoungGen: 13311K->0K(13824K)] 18721K->5859K(36352K), 0.0004640 secs] [Times: user=0.00 sys=0.00, real=0.00 secs] 
338.658: Total time for which application threads were stopped: 0.0005850 seconds, Stopping threads took: 0.0000620 seconds
338.720: Application time: 0.0617290 seconds
338.720: [GC [PSYoungGen: 12799K->0K(13824K)] 18658K->5859K(36352K), 0.0004260 secs] [Times: user=0.00 sys=0.00, real=0.01 secs] 
338.720: Total time for which application threads were stopped: 0.0005310 seconds, Stopping threads took: 0.0000440 seconds
338.782: Application time: 0.0616550 seconds
338.782: [GC [PSYoungGen: 12799K->0K(13824K)] 18658K->5859K(36352K), 0.0003530 secs] [Times: user=0.00 sys=0.00, real=0.00 secs] 
338.782: Total time for which application threads were stopped: 0.0004740 seconds, Stopping threads took: 0.0000610 seconds
338.826: Application time: 0.0441660 seconds
338.826: [GC [PSYoungGen: 12797K->384K(13824K)] 18657K->6243K(36352K), 0.0003730 secs] [Times: user=0.00 sys=0.00, real=0.00 secs] 
338.827: Total time for which application threads were stopped: 0.0004930 seconds, Stopping threads took: 0.0000620 seconds
338.885: Application time: 0.0576640 seconds
338.885: [GC [PSYoungGen: 13180K->384K(13824K)] 19039K->6259K(36352K), 0.0004010 secs] [Times: user=0.00 sys=0.00, real=0.00 secs] 
338.885: Total time for which application threads were stopped: 0.0005350 seconds, Stopping threads took: 0.0000750 seconds
338.942: Application time: 0.0565840 seconds
338.942: [GC [PSYoungGen: 13182K->768K(13824K)] 19057K->6707K(36352K), 0.0004710 secs] [Times: user=0.00 sys=0.00, real=0.00 secs] 
338.942: Total time for which application threads were stopped: 0.0005920 seconds, Stopping threads took: 0.0000610 seconds
339.004: Application time: 0.0622260 seconds
339.005: [GC [PSYoungGen: 13567K->0K(13824K)] 19506K->6577K(36352K), 0.0004560 secs] [Times: user=0.00 sys=0.00, real=0.00 secs] 
339.005: Total time for which application threads were stopped: 0.0005810 seconds, Stopping threads took: 0.0000570 seconds
339.067: Application time: 0.0619700 seconds
339.067: [GC [PSYoungGen: 12799K->0K(13824K)] 19376K->6577K(36352K), 0.0003450 secs] [Times: user=0.00 sys=0.00, real=0.00 secs] 
339.067: Total time for which application threads were stopped: 0.0004520 seconds, Stopping threads took: 0.0000470 seconds
339.115: Application time: 0.0472010 seconds
339.115: [GC [PSYoungGen: 12799K->384K(13824K)] 19376K->6961K(36352K), 0.0004060 secs] [Times: user=0.00 sys=0.00, real=0.00 secs] 
339.115: Total time for which application threads were stopped: 0.0005130 seconds, Stopping threads took: 0.0000490 seconds
339.158: Application time: 0.0426350 seconds
339.158: [GC [PSYoungGen: 13182K->480K(13824K)] 19759K->7105K(36352K), 0.0004760 secs] [Times: user=0.00 sys=0.00, real=0.00 secs] 
339.158: Total time for which application threads were stopped: 0.0005810 seconds, Stopping threads took: 0.0000450 seconds
339.208: Application time: 0.0500310 seconds
339.209: [GC [PSYoungGen: 13278K->512K(13824K)] 19903K->7145K(36352K), 0.0004940 secs] [Times: user=0.01 sys=0.00, real=0.00 secs] 
339.209: Total time for which application threads were stopped: 0.0006060 seconds, Stopping threads took: 0.0000500 seconds
339.268: Application time: 0.0585180 seconds
339.268: [GC [PSYoungGen: 13309K->544K(13824K)] 19942K->7437K(36352K), 0.0004570 secs] [Times: user=0.00 sys=0.00, real=0.00 secs] 
339.268: Total time for which application threads were stopped: 0.0005620 seconds, Stopping threads took: 0.0000450 seconds
339.330: Application time: 0.0617290 seconds
339.330: [GC [PSYoungGen: 13343K->0K(13824K)] 20236K->7322K(36352K), 0.0005130 secs] [Times: user=0.00 sys=0.00, real=0.00 secs] 
339.331: Total time for which application threads were stopped: 0.0006510 seconds, Stopping threads took: 0.0000720 seconds
339.393: Application time: 0.0620710 seconds
339.393: [GC [PSYoungGen: 12799K->0K(13824K)] 20121K->7322K(36352K), 0.0003420 secs] [Times: user=0.01 sys=0.00, real=0.00 secs] 
339.393: Total time for which application threads were stopped: 0.0004630 seconds, Stopping threads took: 0.0000630 seconds
339.453: Application time: 0.0596180 seconds
339.453: [GC [PSYoungGen: 12799K->0K(13824K)] 20121K->7322K(36352K), 0.0003360 secs] [Times: user=0.00 sys=0.00, real=0.00 secs] 
339.453: Total time for which application threads were stopped: 0.0004360 seconds, Stopping threads took: 0.0000460 seconds
339.510: Application time: 0.0565500 seconds
339.510: [GC [PSYoungGen: 12799K->0K(13824K)] 20121K->7322K(36352K), 0.0004300 secs] [Times: user=0.00 sys=0.00, real=0.00 secs] 
339.510: Total time for which application threads were stopped: 0.0005550 seconds, Stopping threads took: 0.0000620 seconds
339.565: Application time: 0.0551190 seconds
339.565: [GC [PSYoungGen: 12798K->256K(13824K)] 20120K->7578K(36352K), 0.0004170 secs] [Times: user=0.00 sys=0.00, real=0.00 secs] 
339.566: Total time for which application threads were stopped: 0.0005200 seconds, Stopping threads took: 0.0000480 seconds
339.621: Application time: 0.0549510 seconds
339.621: [GC [PSYoungGen: 13055K->416K(13824K)] 20377K->7950K(36352K), 0.0003920 secs] [Times: user=0.01 sys=0.00, real=0.00 secs] 
339.621: Total time for which application threads were stopped: 0.0005250 seconds, Stopping threads took: 0.0000700 seconds
339.665: Application time: 0.0440750 seconds
339.666: [GC [PSYoungGen: 13214K->416K(13824K)] 20748K->8166K(36352K), 0.0004070 secs] [Times: user=0.00 sys=0.00, real=0.00 secs] 
339.666: Total time for which application threads were stopped: 0.0005240 seconds, Stopping threads took: 0.0000600 seconds
339.710: Application time: 0.0439010 seconds
339.710: [GC [PSYoungGen: 13215K->384K(13824K)] 20966K->8182K(36352K), 0.0003780 secs] [Times: user=0.00 sys=0.00, real=0.00 secs] 
339.710: Total time for which application threads were stopped: 0.0004900 seconds, Stopping threads took: 0.0000540 seconds
339.751: Application time: 0.0405970 seconds
339.751: [GC [PSYoungGen: 13182K->576K(13824K)] 20981K->8398K(36352K), 0.0004190 secs] [Times: user=0.00 sys=0.00, real=0.00 secs] 
339.751: Total time for which application threads were stopped: 0.0005320 seconds, Stopping threads took: 0.0000550 seconds
339.803: Application time: 0.0513600 seconds
339.803: [GC [PSYoungGen: 13373K->320K(13824K)] 21196K->8715K(36352K), 0.0004650 secs] [Times: user=0.00 sys=0.00, real=0.00 secs] 
339.803: Total time for which application threads were stopped: 0.0005740 seconds, Stopping threads took: 0.0000530 seconds
339.843: Application time: 0.0400650 seconds
339.844: [GC [PSYoungGen: 13119K->576K(13824K)] 21515K->8987K(36352K), 0.0004330 secs] [Times: user=0.00 sys=0.00, real=0.00 secs] 
339.844: Total time for which application threads were stopped: 0.0005500 seconds, Stopping threads took: 0.0000570 seconds
339.900: Application time: 0.0558950 seconds
339.900: [GC [PSYoungGen: 13375K->0K(13824K)] 21786K->8824K(36352K), 0.0004200 secs] [Times: user=0.01 sys=0.00, real=0.00 secs] 
339.900: Total time for which application threads were stopped: 0.0005440 seconds, Stopping threads took: 0.0000630 seconds
339.955: Application time: 0.0549610 seconds
339.956: [GC [PSYoungGen: 12796K->384K(13824K)] 21620K->9208K(36352K), 0.0003780 secs] [Times: user=0.00 sys=0.00, real=0.00 secs] 
339.956: Total time for which application threads were stopped: 0.0005000 seconds, Stopping threads took: 0.0000620 seconds
340.012: Application time: 0.0560590 seconds
340.012: [GC [PSYoungGen: 13183K->0K(13824K)] 22007K->9052K(36352K), 0.0003760 secs] [Times: user=0.00 sys=0.00, real=0.00 secs] 
340.013: Total time for which application threads were stopped: 0.0005010 seconds, Stopping threads took: 0.0000540 seconds
340.068: Application time: 0.0551400 seconds
340.068: [GC [PSYoungGen: 12796K->352K(13824K)] 21848K->9404K(36352K), 0.0003730 secs] [Times: user=0.00 sys=0.00, real=0.00 secs] 
340.068: Total time for which application threads were stopped: 0.0004830 seconds, Stopping threads took: 0.0000500 seconds
340.124: Application time: 0.0553780 seconds
340.124: [GC [PSYoungGen: 13148K->448K(13824K)] 22201K->9516K(36352K), 0.0004120 secs] [Times: user=0.00 sys=0.00, real=0.00 secs] 
340.124: Total time for which application threads were stopped: 0.0005290 seconds, Stopping threads took: 0.0000580 seconds
340.179: Application time: 0.0545540 seconds
340.179: [GC [PSYoungGen: 13246K->320K(13824K)] 22315K->9609K(36352K), 0.0004490 secs] [Times: user=0.00 sys=0.00, real=0.00 secs] 
340.179: Total time for which application threads were stopped: 0.0005900 seconds, Stopping threads took: 0.0000710 seconds
340.232: Application time: 0.0530880 seconds
340.232: [GC [PSYoungGen: 13118K->544K(13824K)] 22408K->10049K(36352K), 0.0004430 secs] [Times: user=0.00 sys=0.00, real=0.00 secs] 
340.233: Total time for which application threads were stopped: 0.0005620 seconds, Stopping threads took: 0.0000620 seconds
340.265: Application time: 0.0321240 seconds
340.265: [GC [PSYoungGen: 13339K->480K(13824K)] 22844K->10225K(36352K), 0.0005040 secs] [Times: user=0.00 sys=0.00, real=0.00 secs] 
340.266: Total time for which application threads were stopped: 0.0006230 seconds, Stopping threads took: 0.0000600 seconds
340.308: Application time: 0.0423690 seconds
340.308: [GC [PSYoungGen: 13279K->544K(13824K)] 23024K->10313K(36352K), 0.0003910 secs] [Times: user=0.00 sys=0.00, real=0.00 secs] 
340.308: Total time for which application threads were stopped: 0.0005220 seconds, Stopping threads took: 0.0000750 seconds
340.362: Application time: 0.0533520 seconds
340.362: [GC [PSYoungGen: 13340K->608K(13824K)] 23110K->10409K(36352K), 0.0004150 secs] [Times: user=0.00 sys=0.00, real=0.00 secs] 
340.362: Total time for which application threads were stopped: 0.0005340 seconds, Stopping threads took: 0.0000620 seconds
340.419: Application time: 0.0565800 seconds
340.419: [GC [PSYoungGen: 13407K->0K(13824K)] 23209K->10234K(36352K), 0.0004850 secs] [Times: user=0.00 sys=0.00, real=0.00 secs] 
340.420: Total time for which application threads were stopped: 0.0005900 seconds, Stopping threads took: 0.0000460 seconds
340.476: Application time: 0.0567220 seconds
340.476: [GC [PSYoungGen: 12799K->0K(13824K)] 23034K->10234K(36352K), 0.0003490 secs] [Times: user=0.00 sys=0.00, real=0.00 secs] 
340.477: Total time for which application threads were stopped: 0.0004660 seconds, Stopping threads took: 0.0000580 seconds
340.533: Application time: 0.0565160 seconds
340.533: [GC [PSYoungGen: 12799K->0K(13824K)] 23034K->10234K(36352K), 0.0003570 secs] [Times: user=0.01 sys=0.00, real=0.00 secs] 
340.534: Total time for which application threads were stopped: 0.0004870 seconds, Stopping threads took: 0.0000610 seconds
340.580: Application time: 0.0465090 seconds
340.580: [GC [PSYoungGen: 12795K->384K(13824K)] 23030K->10618K(36352K), 0.0004110 secs] [Times: user=0.00 sys=0.00, real=0.00 secs] 
340.581: Total time for which application threads were stopped: 0.0005290 seconds, Stopping threads took: 0.0000590 seconds
340.627: Application time: 0.0463320 seconds
340.628: [GC [PSYoungGen: 13183K->352K(13824K)] 23418K->10602K(36352K), 0.0003890 secs] [Times: user=0.01 sys=0.00, real=0.00 secs] 
340.628: Total time for which application threads were stopped: 0.0010430 seconds, Stopping threads took: 0.0005950 seconds
340.680: Application time: 0.0520260 seconds
340.680: [GC [PSYoungGen: 13148K->704K(13824K)] 23399K->10994K(36352K), 0.0005120 secs] [Times: user=0.00 sys=0.00, real=0.00 secs] 
340.681: Total time for which application threads were stopped: 0.0006240 seconds, Stopping threads took: 0.0000560 seconds
340.737: Application time: 0.0557160 seconds
340.737: [GC [PSYoungGen: 13500K->288K(13824K)] 23791K->11020K(36352K), 0.0005060 secs] [Times: user=0.00 sys=0.00, real=0.00 secs] 
340.737: Total time for which application threads were stopped: 0.0006260 seconds, Stopping threads took: 0.0000590 seconds
340.794: Application time: 0.0565960 seconds
340.796: [GC [PSYoungGen: 13087K->0K(13824K)] 23819K->10936K(36352K), 0.0005310 secs] [Times: user=0.00 sys=0.00, real=0.00 secs] 
340.796: Total time for which application threads were stopped: 0.0025770 seconds, Stopping threads took: 0.0019860 seconds
340.842: Application time: 0.0460780 seconds
340.843: [GC [PSYoungGen: 12795K->384K(13824K)] 23732K->11320K(36352K), 0.0003770 secs] [Times: user=0.00 sys=0.00, real=0.00 secs] 
340.843: Total time for which application threads were stopped: 0.0004790 seconds, Stopping threads took: 0.0000460 seconds
340.889: Application time: 0.0456530 seconds
340.889: [GC [PSYoungGen: 13181K->512K(13824K)] 24117K->11520K(36352K), 0.0004440 secs] [Times: user=0.00 sys=0.00, real=0.00 secs] 
340.889: Total time for which application threads were stopped: 0.0005560 seconds, Stopping threads took: 0.0000510 seconds
340.929: Application time: 0.0394200 seconds
340.929: [GC [PSYoungGen: 13309K->352K(13824K)] 24318K->11573K(36352K), 0.0004030 secs] [Times: user=0.00 sys=0.00, real=0.00 secs] 
340.929: Total time for which application threads were stopped: 0.0005350 seconds, Stopping threads took: 0.0000710 seconds
340.981: Application time: 0.0518900 seconds
340.981: [GC [PSYoungGen: 13148K->544K(13824K)] 24369K->11773K(36352K), 0.0004270 secs] [Times: user=0.00 sys=0.00, real=0.00 secs] 
340.982: Total time for which application threads were stopped: 0.0005490 seconds, Stopping threads took: 0.0000630 seconds
341.035: Application time: 0.0531980 seconds
341.035: [GC [PSYoungGen: 13342K->480K(13824K)] 24571K->11957K(36352K), 0.0005210 secs] [Times: user=0.00 sys=0.00, real=0.00 secs] 
341.035: Total time for which application threads were stopped: 0.0006570 seconds, Stopping threads took: 0.0000640 seconds
341.092: Application time: 0.0562300 seconds
341.092: [GC [PSYoungGen: 13279K->0K(13824K)] 24757K->12018K(36352K), 0.0004490 secs] [Times: user=0.00 sys=0.00, real=0.00 secs] 
341.092: Total time for which application threads were stopped: 0.0005900 seconds, Stopping threads took: 0.0000810 seconds
341.148: Application time: 0.0561600 seconds
341.148: [GC [PSYoungGen: 12799K->0K(13824K)] 24817K->12018K(36352K), 0.0003570 secs] [Times: user=0.00 sys=0.00, real=0.00 secs] 
341.149: Total time for which application threads were stopped: 0.0004750 seconds, Stopping threads took: 0.0000610 seconds
341.205: Application time: 0.0566260 seconds
341.206: [GC [PSYoungGen: 12799K->0K(13824K)] 24817K->12018K(36352K), 0.0003580 secs] [Times: user=0.00 sys=0.00, real=0.00 secs] 
341.206: Total time for which application threads were stopped: 0.0004770 seconds, Stopping threads took: 0.0000540 seconds
341.261: Application time: 0.0546800 seconds
341.261: [GC [PSYoungGen: 12798K->416K(13824K)] 24816K->12434K(36352K), 0.0003910 secs] [Times: user=0.00 sys=0.00, real=0.00 secs] 
341.261: Total time for which application threads were stopped: 0.0005070 seconds, Stopping threads took: 0.0000590 seconds
341.317: Application time: 0.0554600 seconds
341.317: [GC [PSYoungGen: 13212K->384K(13824K)] 25230K->12622K(36352K), 0.0004350 secs] [Times: user=0.00 sys=0.00, real=0.00 secs] 
341.317: Total time for which application threads were stopped: 0.0005310 seconds, Stopping threads took: 0.0000400 seconds
341.366: Application time: 0.0485330 seconds
341.366: [GC [PSYoungGen: 13182K->544K(13824K)] 25421K->12798K(36352K), 0.0004590 secs] [Times: user=0.00 sys=0.00, real=0.00 secs] 
341.366: Total time for which application threads were stopped: 0.0005810 seconds, Stopping threads took: 0.0000620 seconds
341.410: Application time: 0.0439640 seconds
341.410: [GC [PSYoungGen: 13343K->320K(13824K)] 25597K->12827K(36352K), 0.0004320 secs] [Times: user=0.01 sys=0.00, real=0.00 secs] 
341.411: Total time for which application threads were stopped: 0.0005520 seconds, Stopping threads took: 0.0000590 seconds
341.452: Application time: 0.0415870 seconds
341.452: [GC [PSYoungGen: 13117K->384K(13824K)] 25625K->13104K(36352K), 0.0004450 secs] [Times: user=0.00 sys=0.00, real=0.00 secs] 
341.453: Total time for which application threads were stopped: 0.0005570 seconds, Stopping threads took: 0.0000540 seconds
341.502: Application time: 0.0495620 seconds
341.503: [GC [PSYoungGen: 13180K->480K(13824K)] 25900K->13248K(36352K), 0.0004370 secs] [Times: user=0.00 sys=0.00, real=0.00 secs] 
341.503: Total time for which application threads were stopped: 0.0005540 seconds, Stopping threads took: 0.0000610 seconds
341.542: Application time: 0.0392390 seconds
341.542: [GC [PSYoungGen: 13277K->544K(13824K)] 26045K->13528K(36352K), 0.0004600 secs] [Times: user=0.00 sys=0.00, real=0.00 secs] 
341.543: Total time for which application threads were stopped: 0.0005840 seconds, Stopping threads took: 0.0000490 seconds
341.595: Application time: 0.0516760 seconds
341.595: [GC [PSYoungGen: 13343K->320K(13824K)] 26327K->13536K(36352K), 0.0004290 secs] [Times: user=0.00 sys=0.00, real=0.00 secs] 
341.595: Total time for which application threads were stopped: 0.0005540 seconds, Stopping threads took: 0.0000670 seconds
341.650: Application time: 0.0547230 seconds
341.650: [GC [PSYoungGen: 13117K->352K(13824K)] 26334K->13584K(36352K), 0.0003740 secs] [Times: user=0.00 sys=0.00, real=0.00 secs] 
341.650: Total time for which application threads were stopped: 0.0004910 seconds, Stopping threads took: 0.0000650 seconds
341.706: Application time: 0.0559370 seconds
341.706: [GC [PSYoungGen: 13151K->0K(13824K)] 26383K->13448K(36352K), 0.0004130 secs] [Times: user=0.00 sys=0.00, real=0.00 secs] 
341.707: Total time for which application threads were stopped: 0.0005380 seconds, Stopping threads took: 0.0000620 seconds
341.763: Application time: 0.0558410 seconds
341.763: [GC [PSYoungGen: 12799K->0K(13824K)] 26247K->13448K(36352K), 0.0003480 secs] [Times: user=0.00 sys=0.00, real=0.00 secs] 
341.763: Total time for which application threads were stopped: 0.0004550 seconds, Stopping threads took: 0.0000510 seconds
341.817: Application time: 0.0543540 seconds
341.818: [GC [PSYoungGen: 12798K->288K(13824K)] 26246K->13736K(36352K), 0.0003890 secs] [Times: user=0.00 sys=0.00, real=0.00 secs] 
341.818: Total time for which application threads were stopped: 0.0005070 seconds, Stopping threads took: 0.0000620 seconds
341.873: Application time: 0.0547630 seconds
341.873: [GC [PSYoungGen: 13084K->352K(13824K)] 26532K->14032K(36352K), 0.0004170 secs] [Times: user=0.00 sys=0.00, real=0.00 secs] 
341.873: Total time for which application threads were stopped: 0.0005270 seconds, Stopping threads took: 0.0000480 seconds
341.929: Application time: 0.0556070 seconds
341.929: [GC [PSYoungGen: 13151K->352K(13824K)] 26831K->14260K(36352K), 0.0004180 secs] [Times: user=0.00 sys=0.00, real=0.00 secs] 
341.929: Total time for which application threads were stopped: 0.0005440 seconds, Stopping threads took: 0.0000660 seconds
341.971: Application time: 0.0417520 seconds
341.971: [GC [PSYoungGen: 13148K->704K(13824K)] 27057K->14628K(36352K), 0.0004430 secs] [Times: user=0.00 sys=0.00, real=0.01 secs] 
341.972: Total time for which application threads were stopped: 0.0005590 seconds, Stopping threads took: 0.0000560 seconds
342.005: Application time: 0.0335940 seconds
342.005: [GC [PSYoungGen: 13499K->544K(13824K)] 27424K->14713K(36352K), 0.0005440 secs] [Times: user=0.00 sys=0.00, real=0.00 secs] 
342.006: Total time for which application threads were stopped: 0.0006630 seconds, Stopping threads took: 0.0000600 seconds
342.059: Application time: 0.0532610 seconds
342.059: [GC [PSYoungGen: 13343K->352K(13312K)] 27512K->14757K(35840K), 0.0004110 secs] [Times: user=0.00 sys=0.00, real=0.01 secs] 
342.060: Total time for which application threads were stopped: 0.0005230 seconds, Stopping threads took: 0.0000490 seconds
342.114: Application time: 0.0541490 seconds
342.114: [GC [PSYoungGen: 13150K->544K(13824K)] 27556K->14973K(36352K), 0.0004020 secs] [Times: user=0.00 sys=0.00, real=0.00 secs] 
342.114: Total time for which application threads were stopped: 0.0005210 seconds, Stopping threads took: 0.0000640 seconds
342.171: Application time: 0.0562990 seconds
342.171: [GC [PSYoungGen: 13343K->0K(13312K)] 27773K->14879K(35840K), 0.0004850 secs] [Times: user=0.01 sys=0.00, real=0.00 secs] 
342.171: Total time for which application threads were stopped: 0.0006180 seconds, Stopping threads took: 0.0000720 seconds
342.228: Application time: 0.0561660 seconds
342.228: [GC [PSYoungGen: 12799K->0K(13824K)] 27678K->14879K(36352K), 0.0003580 secs] [Times: user=0.00 sys=0.00, real=0.00 secs] 
342.228: Total time for which application threads were stopped: 0.0004800 seconds, Stopping threads took: 0.0000630 seconds
342.281: Application time: 0.0528390 seconds
342.281: [GC [PSYoungGen: 12796K->224K(13312K)] 27675K->15103K(35840K), 0.0004380 secs] [Times: user=0.00 sys=0.00, real=0.00 secs] 
342.281: Total time for which application threads were stopped: 0.0005460 seconds, Stopping threads took: 0.0000420 seconds
342.325: Application time: 0.0432200 seconds
342.325: [GC [PSYoungGen: 13021K->352K(13824K)] 27900K->15247K(36352K), 0.0004000 secs] [Times: user=0.00 sys=0.00, real=0.00 secs] 
342.325: Total time for which application threads were stopped: 0.0005140 seconds, Stopping threads took: 0.0000560 seconds
342.377: Application time: 0.0521630 seconds
342.377: [GC [PSYoungGen: 13149K->544K(13824K)] 28044K->15455K(36352K), 0.0004090 secs] [Times: user=0.00 sys=0.00, real=0.00 secs] 
342.378: Total time for which application threads were stopped: 0.0005300 seconds, Stopping threads took: 0.0000630 seconds
342.431: Application time: 0.0527550 seconds
342.431: [GC [PSYoungGen: 13344K->736K(13824K)] 28255K->15703K(36352K), 0.0004980 secs] [Times: user=0.01 sys=0.00, real=0.00 secs] 
342.431: Total time for which application threads were stopped: 0.0006080 seconds, Stopping threads took: 0.0000540 seconds
342.488: Application time: 0.0565450 seconds
342.488: [GC [PSYoungGen: 13535K->0K(13312K)] 28502K->15616K(35840K), 0.0004700 secs] [Times: user=0.00 sys=0.00, real=0.00 secs] 
342.488: Total time for which application threads were stopped: 0.0005970 seconds, Stopping threads took: 0.0000670 seconds
342.543: Application time: 0.0547600 seconds
342.543: [GC [PSYoungGen: 12796K->352K(13824K)] 28412K->15968K(36352K), 0.0003730 secs] [Times: user=0.01 sys=0.00, real=0.00 secs] 
342.544: Total time for which application threads were stopped: 0.0004850 seconds, Stopping threads took: 0.0000530 seconds
342.584: Application time: 0.0400310 seconds
342.584: [GC [PSYoungGen: 13150K->352K(13312K)] 28766K->15984K(35840K), 0.0004890 secs] [Times: user=0.00 sys=0.00, real=0.00 secs] 
342.584: Total time for which application threads were stopped: 0.0006130 seconds, Stopping threads took: 0.0000510 seconds
342.632: Application time: 0.0480550 seconds
342.632: [GC [PSYoungGen: 13150K->544K(13824K)] 28782K->16232K(36352K), 0.0004110 secs] [Times: user=0.00 sys=0.00, real=0.00 secs] 
342.633: Total time for which application threads were stopped: 0.0005270 seconds, Stopping threads took: 0.0000580 seconds
342.674: Application time: 0.0414050 seconds
342.674: [GC [PSYoungGen: 13340K->512K(13824K)] 29029K->16216K(36352K), 0.0004260 secs] [Times: user=0.00 sys=0.00, real=0.00 secs] 
342.675: Total time for which application threads were stopped: 0.0005490 seconds, Stopping threads took: 0.0000590 seconds
342.729: Application time: 0.0545110 seconds
342.729: [GC [PSYoungGen: 13310K->352K(13824K)] 29014K->16505K(36352K), 0.0004720 secs] [Times: user=0.00 sys=0.00, real=0.00 secs] 
342.730: Total time for which application threads were stopped: 0.0005680 seconds, Stopping threads took: 0.0000350 seconds
342.785: Application time: 0.0553150 seconds
342.785: [GC [PSYoungGen: 13148K->352K(13824K)] 29301K->16733K(36352K), 0.0004530 secs] [Times: user=0.00 sys=0.00, real=0.00 secs] 
342.787: Total time for which application threads were stopped: 0.0016760 seconds, Stopping threads took: 0.0000630 seconds
342.843: Application time: 0.0562660 seconds
342.843: [GC [PSYoungGen: 13151K->0K(13824K)] 29533K->16717K(36352K), 0.0004080 secs] [Times: user=0.00 sys=0.00, real=0.00 secs] 
342.844: Total time for which application threads were stopped: 0.0005230 seconds, Stopping threads took: 0.0000600 seconds
342.900: Application time: 0.0562610 seconds
342.900: [GC [PSYoungGen: 12799K->0K(13824K)] 29517K->16717K(36352K), 0.0003560 secs] [Times: user=0.00 sys=0.00, real=0.00 secs] 
342.900: Total time for which application threads were stopped: 0.0004710 seconds, Stopping threads took: 0.0000610 seconds
342.957: Application time: 0.0562590 seconds
342.957: [GC [PSYoungGen: 12799K->0K(13824K)] 29517K->16717K(36352K), 0.0004390 secs] [Times: user=0.00 sys=0.00, real=0.00 secs] 
342.957: Total time for which application threads were stopped: 0.0005500 seconds, Stopping threads took: 0.0000570 seconds
343.012: Application time: 0.0547500 seconds
343.012: [GC [PSYoungGen: 12796K->416K(13824K)] 29514K->17133K(36352K), 0.0003990 secs] [Times: user=0.00 sys=0.00, real=0.00 secs] 
343.012: Total time for which application threads were stopped: 0.0005240 seconds, Stopping threads took: 0.0000650 seconds
343.060: Application time: 0.0470630 seconds
343.060: [GC [PSYoungGen: 13119K->480K(13824K)] 29837K->17426K(36352K), 0.0004370 secs] [Times: user=0.00 sys=0.00, real=0.01 secs] 
343.060: Total time for which application threads were stopped: 0.0005610 seconds, Stopping threads took: 0.0000660 seconds
343.104: Application time: 0.0436430 seconds
343.104: [GC [PSYoungGen: 13278K->448K(13824K)] 30225K->17503K(36352K), 0.0004360 secs] [Times: user=0.00 sys=0.00, real=0.00 secs] 
343.104: Total time for which application threads were stopped: 0.0005470 seconds, Stopping threads took: 0.0000480 seconds
343.149: Application time: 0.0447500 seconds
343.149: [GC [PSYoungGen: 13245K->352K(13824K)] 30300K->17755K(36352K), 0.0004390 secs] [Times: user=0.01 sys=0.00, real=0.00 secs] 
343.150: Total time for which application threads were stopped: 0.0005590 seconds, Stopping threads took: 0.0000630 seconds
343.196: Application time: 0.0462800 seconds
343.196: [GC [PSYoungGen: 13148K->512K(13824K)] 30552K->17971K(36352K), 0.0004100 secs] [Times: user=0.00 sys=0.00, real=0.00 secs] 
343.196: Total time for which application threads were stopped: 0.0005210 seconds, Stopping threads took: 0.0000570 seconds
343.242: Application time: 0.0456940 seconds
343.242: [GC [PSYoungGen: 13309K->640K(13824K)] 30768K->18304K(36352K), 0.0005330 secs] [Times: user=0.00 sys=0.00, real=0.00 secs] 
343.243: Total time for which application threads were stopped: 0.0006430 seconds, Stopping threads took: 0.0000490 seconds
343.288: Application time: 0.0455020 seconds
343.288: [GC [PSYoungGen: 13439K->352K(13824K)] 31103K->18244K(36352K), 0.0004370 secs] [Times: user=0.00 sys=0.00, real=0.00 secs] 
343.289: Total time for which application threads were stopped: 0.0005690 seconds, Stopping threads took: 0.0000700 seconds
343.344: Application time: 0.0550870 seconds
343.344: [GC [PSYoungGen: 13148K->352K(13824K)] 31041K->18260K(36352K), 0.0004150 secs] [Times: user=0.00 sys=0.00, real=0.00 secs] 
343.344: Total time for which application threads were stopped: 0.0005190 seconds, Stopping threads took: 0.0000490 seconds
343.400: Application time: 0.0559590 seconds
343.400: [GC [PSYoungGen: 13151K->0K(13824K)] 31059K->18137K(36352K), 0.0003790 secs] [Times: user=0.00 sys=0.00, real=0.00 secs] 
343.401: Total time for which application threads were stopped: 0.0004930 seconds, Stopping threads took: 0.0000520 seconds
343.457: Application time: 0.0562190 seconds
343.457: [GC [PSYoungGen: 12799K->0K(13824K)] 30936K->18137K(36352K), 0.0003370 secs] [Times: user=0.00 sys=0.00, real=0.00 secs] 
343.458: Total time for which application threads were stopped: 0.0004440 seconds, Stopping threads took: 0.0000520 seconds
343.512: Application time: 0.0543590 seconds
343.512: [GC [PSYoungGen: 12797K->384K(13824K)] 30935K->18521K(36352K), 0.0004040 secs] [Times: user=0.01 sys=0.00, real=0.00 secs] 
343.512: Total time for which application threads were stopped: 0.0005230 seconds, Stopping threads took: 0.0000590 seconds
343.567: Application time: 0.0545270 seconds
343.567: [GC [PSYoungGen: 13182K->352K(13824K)] 31319K->18709K(36352K), 0.0004750 secs] [Times: user=0.00 sys=0.00, real=0.00 secs] 
343.568: Total time for which application threads were stopped: 0.0005920 seconds, Stopping threads took: 0.0000560 seconds
343.624: Application time: 0.0563140 seconds
343.624: [GC [PSYoungGen: 13151K->0K(13824K)] 31509K->18586K(36352K), 0.0004020 secs] [Times: user=0.00 sys=0.00, real=0.00 secs] 
343.624: Total time for which application threads were stopped: 0.0005210 seconds, Stopping threads took: 0.0000470 seconds
343.678: Application time: 0.0533310 seconds
343.678: [GC [PSYoungGen: 12796K->800K(13824K)] 31383K->19386K(36352K), 0.0004380 secs] [Times: user=0.00 sys=0.00, real=0.00 secs] 
343.678: Total time for which application threads were stopped: 0.0005520 seconds, Stopping threads took: 0.0000530 seconds
343.709: Application time: 0.0310990 seconds
343.709: [GC [PSYoungGen: 13600K->512K(13824K)] 32186K->19347K(36352K), 0.0005650 secs] [Times: user=0.00 sys=0.00, real=0.00 secs] 
343.710: Total time for which application threads were stopped: 0.0006700 seconds, Stopping threads took: 0.0000470 seconds
343.754: Application time: 0.0439370 seconds
343.754: [GC [PSYoungGen: 13311K->640K(13824K)] 32146K->19491K(36352K), 0.0004530 secs] [Times: user=0.00 sys=0.00, real=0.00 secs] 
343.755: Total time for which application threads were stopped: 0.0005720 seconds, Stopping threads took: 0.0000580 seconds
343.808: Application time: 0.0534030 seconds
343.808: [GC [PSYoungGen: 13438K->480K(13312K)] 32289K->19355K(35840K), 0.0004280 secs] [Times: user=0.00 sys=0.00, real=0.00 secs] 
343.808: Total time for which application threads were stopped: 0.0005250 seconds, Stopping threads took: 0.0000390 seconds
343.865: Application time: 0.0561670 seconds
343.865: [GC [PSYoungGen: 13279K->0K(13824K)] 32154K->19311K(36352K), 0.0004850 secs] [Times: user=0.00 sys=0.00, real=0.00 secs] 
343.865: Total time for which application threads were stopped: 0.0005970 seconds, Stopping threads took: 0.0000500 seconds
343.922: Application time: 0.0563650 seconds
343.922: [GC [PSYoungGen: 12799K->0K(13312K)] 32110K->19311K(35840K), 0.0004040 secs] [Times: user=0.00 sys=0.00, real=0.00 secs] 
343.922: Total time for which application threads were stopped: 0.0005350 seconds, Stopping threads took: 0.0000710 seconds
343.978: Application time: 0.0556310 seconds
343.978: [GC [PSYoungGen: 12796K->256K(13824K)] 32108K->19567K(36352K), 0.0004580 secs] [Times: user=0.00 sys=0.00, real=0.00 secs] 
343.978: Total time for which application threads were stopped: 0.0005860 seconds, Stopping threads took: 0.0000680 seconds
344.019: Application time: 0.0401820 seconds
344.019: [GC [PSYoungGen: 13051K->352K(13312K)] 32363K->19679K(35840K), 0.0004180 secs] [Times: user=0.00 sys=0.00, real=0.00 secs] 
344.019: Total time for which application threads were stopped: 0.0005260 seconds, Stopping threads took: 0.0000550 seconds
344.072: Application time: 0.0533580 seconds
344.073: [GC [PSYoungGen: 13150K->352K(13824K)] 32478K->19703K(36352K), 0.0003990 secs] [Times: user=0.00 sys=0.00, real=0.00 secs] 
344.073: Total time for which application threads were stopped: 0.0005410 seconds, Stopping threads took: 0.0000820 seconds
344.125: Application time: 0.0515610 seconds
344.125: [GC [PSYoungGen: 13147K->864K(13824K)] 32499K->20263K(36352K), 0.0004620 secs] [Times: user=0.00 sys=0.00, real=0.00 secs] 
344.125: Total time for which application threads were stopped: 0.0005710 seconds, Stopping threads took: 0.0000470 seconds
344.182: Application time: 0.0564130 seconds
344.182: [GC [PSYoungGen: 13663K->0K(13312K)] 33062K->20045K(35840K), 0.0004850 secs] [Times: user=0.00 sys=0.00, real=0.00 secs] 
344.182: Total time for which application threads were stopped: 0.0006050 seconds, Stopping threads took: 0.0000530 seconds
344.239: Application time: 0.0567660 seconds
344.239: [GC [PSYoungGen: 12799K->0K(13312K)] 32844K->20045K(35840K), 0.0003990 secs] [Times: user=0.00 sys=0.00, real=0.00 secs] 
344.239: Total time for which application threads were stopped: 0.0005230 seconds, Stopping threads took: 0.0000620 seconds
344.281: Application time: 0.0418690 seconds
344.281: [GC [PSYoungGen: 12797K->384K(13824K)] 32843K->20429K(36352K), 0.0003950 secs] [Times: user=0.00 sys=0.00, real=0.00 secs] 
344.282: Total time for which application threads were stopped: 0.0005030 seconds, Stopping threads took: 0.0000510 seconds
344.333: Application time: 0.0514330 seconds
344.333: [GC [PSYoungGen: 13183K->256K(13824K)] 33228K->20357K(36352K), 0.0004400 secs] [Times: user=0.00 sys=0.00, real=0.00 secs] 
344.334: Total time for which application threads were stopped: 0.0005660 seconds, Stopping threads took: 0.0000710 seconds
344.375: Application time: 0.0409950 seconds
344.375: [GC [PSYoungGen: 13053K->544K(13824K)] 33155K->20661K(36352K), 0.0004510 secs] [Times: user=0.00 sys=0.00, real=0.00 secs] 
344.375: Total time for which application threads were stopped: 0.0005920 seconds, Stopping threads took: 0.0000820 seconds
344.424: Application time: 0.0484380 seconds
344.424: [GC [PSYoungGen: 13341K->608K(13824K)] 33458K->20945K(36352K), 0.0004630 secs] [Times: user=0.00 sys=0.00, real=0.00 secs] 
344.424: Total time for which application threads were stopped: 0.0005690 seconds, Stopping threads took: 0.0000480 seconds
344.480: Application time: 0.0552330 seconds
344.480: [GC [PSYoungGen: 13405K->352K(13824K)] 33743K->20950K(36352K), 0.0004250 secs] [Times: user=0.01 sys=0.00, real=0.00 secs] 
344.480: Total time for which application threads were stopped: 0.0005240 seconds, Stopping threads took: 0.0000450 seconds
344.536: Application time: 0.0561570 seconds
344.536: [GC [PSYoungGen: 13151K->0K(13824K)] 33749K->20822K(36352K), 0.0003790 secs] [Times: user=0.00 sys=0.00, real=0.00 secs] 
344.537: Total time for which application threads were stopped: 0.0005080 seconds, Stopping threads took: 0.0000720 seconds
344.593: Application time: 0.0563130 seconds
344.593: [GC [PSYoungGen: 12799K->0K(13824K)] 33621K->20822K(36352K), 0.0003610 secs] [Times: user=0.00 sys=0.00, real=0.00 secs] 
344.594: Total time for which application threads were stopped: 0.0004550 seconds, Stopping threads took: 0.0000380 seconds
344.650: Application time: 0.0563470 seconds
344.650: [GC [PSYoungGen: 12799K->0K(13824K)] 33621K->20822K(36352K), 0.0003890 secs] [Times: user=0.00 sys=0.00, real=0.00 secs] 
344.650: Total time for which application threads were stopped: 0.0005120 seconds, Stopping threads took: 0.0000650 seconds
344.705: Application time: 0.0548010 seconds
344.705: [GC [PSYoungGen: 12798K->416K(13824K)] 33620K->21238K(36352K), 0.0004000 secs] [Times: user=0.01 sys=0.00, real=0.00 secs] 
344.706: Total time for which application threads were stopped: 0.0005360 seconds, Stopping threads took: 0.0000670 seconds
344.758: Application time: 0.0526150 seconds
344.759: [GC [PSYoungGen: 13213K->352K(13824K)] 34035K->21403K(36352K), 0.0004320 secs] [Times: user=0.01 sys=0.00, real=0.00 secs] 
344.759: Total time for which application threads were stopped: 0.0005440 seconds, Stopping threads took: 0.0000530 seconds
344.798: Application time: 0.0387860 seconds
344.798: [GC [PSYoungGen: 13149K->544K(13824K)] 34200K->21659K(36352K), 0.0004360 secs] [Times: user=0.00 sys=0.00, real=0.00 secs] 
344.798: Total time for which application threads were stopped: 0.0005580 seconds, Stopping threads took: 0.0000570 seconds
344.846: Application time: 0.0472040 seconds
344.846: [GC [PSYoungGen: 13342K->416K(13824K)] 34457K->21948K(36352K), 0.0004880 secs] [Times: user=0.01 sys=0.00, real=0.00 secs] 
344.846: Total time for which application threads were stopped: 0.0005960 seconds, Stopping threads took: 0.0000510 seconds
344.890: Application time: 0.0440130 seconds
344.890: [GC [PSYoungGen: 13214K->448K(13824K)] 34746K->22028K(36352K), 0.0004770 secs] [Times: user=0.00 sys=0.00, real=0.00 secs] 
344.891: Total time for which application threads were stopped: 0.0006080 seconds, Stopping threads took: 0.0000740 seconds
344.944: Application time: 0.0535540 seconds
344.944: [GC [PSYoungGen: 13243K->544K(13824K)] 34823K->22332K(36352K), 0.0004340 secs] [Times: user=0.00 sys=0.00, real=0.00 secs] 
344.945: Total time for which application threads were stopped: 0.0005360 seconds, Stopping threads took: 0.0000450 seconds
344.985: Application time: 0.0400280 seconds
344.985: [GC [PSYoungGen: 13341K->288K(13824K)] 35130K->22428K(36352K), 0.0004890 secs] [Times: user=0.00 sys=0.00, real=0.00 secs] 
344.985: [Full GC [PSYoungGen: 288K->0K(13824K)] [ParOldGen: 22140K->4443K(23040K)] 22428K->4443K(36864K) [PSPermGen: 5580K->5580K(21504K)], 0.0058710 secs] [Times: user=0.03 sys=0.00, real=0.00 secs] 
344.991: Total time for which application threads were stopped: 0.0065210 seconds, Stopping threads took: 0.0000520 seconds
345.045: Application time: 0.0534700 seconds
345.045: [GC [PSYoungGen: 12796K->352K(13824K)] 17240K->4795K(36864K), 0.0003810 secs] [Times: user=0.00 sys=0.00, real=0.00 secs] 
345.045: Total time for which application threads were stopped: 0.0005040 seconds, Stopping threads took: 0.0000660 seconds
345.100: Application time: 0.0550470 seconds
345.101: [GC [PSYoungGen: 13148K->352K(13824K)] 17591K->4811K(36864K), 0.0003690 secs] [Times: user=0.00 sys=0.00, real=0.00 secs] 
345.101: Total time for which application threads were stopped: 0.0004940 seconds, Stopping threads took: 0.0000640 seconds
345.157: Application time: 0.0560760 seconds
345.157: [GC [PSYoungGen: 13151K->0K(13824K)] 17610K->4679K(36864K), 0.0003580 secs] [Times: user=0.00 sys=0.00, real=0.00 secs] 
345.157: Total time for which application threads were stopped: 0.0004730 seconds, Stopping threads took: 0.0000600 seconds
345.212: Application time: 0.0543760 seconds
345.212: [GC [PSYoungGen: 12798K->384K(13824K)] 17478K->5063K(36864K), 0.0003760 secs] [Times: user=0.00 sys=0.00, real=0.00 secs] 
345.212: Total time for which application threads were stopped: 0.0005020 seconds, Stopping threads took: 0.0000580 seconds
345.268: Application time: 0.0553630 seconds
345.268: [GC [PSYoungGen: 13180K->384K(13824K)] 17860K->5300K(36864K), 0.0003760 secs] [Times: user=0.00 sys=0.00, real=0.00 secs] 
345.268: Total time for which application threads were stopped: 0.0004820 seconds, Stopping threads took: 0.0000520 seconds
345.324: Application time: 0.0556300 seconds
345.324: [GC [PSYoungGen: 13180K->480K(13824K)] 18096K->5412K(36864K), 0.0004480 secs] [Times: user=0.01 sys=0.00, real=0.00 secs] 
345.324: Total time for which application threads were stopped: 0.0005620 seconds, Stopping threads took: 0.0000540 seconds
345.381: Application time: 0.0562800 seconds
345.381: [GC [PSYoungGen: 13276K->352K(13824K)] 18209K->5504K(36864K), 0.0003870 secs] [Times: user=0.00 sys=0.00, real=0.00 secs] 
345.381: Total time for which application threads were stopped: 0.0004960 seconds, Stopping threads took: 0.0000540 seconds
345.427: Application time: 0.0457360 seconds
345.427: [GC [PSYoungGen: 13150K->736K(13824K)] 18303K->5905K(36864K), 0.0004470 secs] [Times: user=0.00 sys=0.00, real=0.00 secs] 
345.428: Total time for which application threads were stopped: 0.0005850 seconds, Stopping threads took: 0.0000770 seconds
345.459: Application time: 0.0316520 seconds
345.459: [GC [PSYoungGen: 13535K->256K(13824K)] 18704K->5842K(36864K), 0.0004590 secs] [Times: user=0.00 sys=0.00, real=0.01 secs] 
345.460: Total time for which application threads were stopped: 0.0005810 seconds, Stopping threads took: 0.0000650 seconds
345.510: Application time: 0.0507610 seconds
345.511: [GC [PSYoungGen: 13054K->576K(13824K)] 18640K->6170K(36864K), 0.0004710 secs] [Times: user=0.00 sys=0.00, real=0.00 secs] 
345.511: Total time for which application threads were stopped: 0.0006020 seconds, Stopping threads took: 0.0000740 seconds
345.565: Application time: 0.0535750 seconds
345.565: [GC [PSYoungGen: 13372K->512K(13824K)] 18966K->6130K(36864K), 0.0004320 secs] [Times: user=0.00 sys=0.00, real=0.00 secs] 
345.565: Total time for which application threads were stopped: 0.0005550 seconds, Stopping threads took: 0.0000610 seconds
345.621: Application time: 0.0561260 seconds
345.621: [GC [PSYoungGen: 13311K->0K(13824K)] 18929K->6198K(36864K), 0.0004370 secs] [Times: user=0.00 sys=0.00, real=0.00 secs] 
345.622: Total time for which application threads were stopped: 0.0005530 seconds, Stopping threads took: 0.0000550 seconds
345.678: Application time: 0.0563470 seconds
345.678: [GC [PSYoungGen: 12799K->0K(13824K)] 18997K->6198K(36864K), 0.0003360 secs] [Times: user=0.00 sys=0.00, real=0.00 secs] 
345.679: Total time for which application threads were stopped: 0.0004420 seconds, Stopping threads took: 0.0000520 seconds
345.724: Application time: 0.0453910 seconds
345.724: [GC [PSYoungGen: 12797K->416K(13824K)] 18995K->6614K(36864K), 0.0003640 secs] [Times: user=0.00 sys=0.00, real=0.00 secs] 
345.725: Total time for which application threads were stopped: 0.0004980 seconds, Stopping threads took: 0.0000570 seconds
345.772: Application time: 0.0472160 seconds
345.772: [GC [PSYoungGen: 13213K->320K(13824K)] 19412K->6526K(36864K), 0.0003660 secs] [Times: user=0.01 sys=0.00, real=0.00 secs] 
345.772: Total time for which application threads were stopped: 0.0004830 seconds, Stopping threads took: 0.0000620 seconds
345.827: Application time: 0.0550870 seconds
345.828: [GC [PSYoungGen: 13118K->224K(13824K)] 19324K->6470K(36864K), 0.0004890 secs] [Times: user=0.00 sys=0.00, real=0.00 secs] 
345.828: Total time for which application threads were stopped: 0.0006190 seconds, Stopping threads took: 0.0000730 seconds
345.881: Application time: 0.0525850 seconds
345.881: [GC [PSYoungGen: 13022K->544K(13824K)] 19269K->7011K(36864K), 0.0004440 secs] [Times: user=0.00 sys=0.00, real=0.00 secs] 
345.881: Total time for which application threads were stopped: 0.0005670 seconds, Stopping threads took: 0.0000680 seconds
345.938: Application time: 0.0564820 seconds
345.938: [GC [PSYoungGen: 13343K->0K(13824K)] 19810K->6911K(36864K), 0.0004250 secs] [Times: user=0.00 sys=0.00, real=0.00 secs] 
345.938: Total time for which application threads were stopped: 0.0005400 seconds, Stopping threads took: 0.0000530 seconds
345.984: Application time: 0.0458800 seconds
345.984: [GC [PSYoungGen: 12795K->384K(13824K)] 19707K->7295K(36864K), 0.0003690 secs] [Times: user=0.00 sys=0.00, real=0.00 secs] 
345.985: Total time for which application threads were stopped: 0.0004670 seconds, Stopping threads took: 0.0000430 seconds
346.032: Application time: 0.0470390 seconds
346.032: [GC [PSYoungGen: 13181K->384K(13824K)] 20093K->7367K(36864K), 0.0003660 secs] [Times: user=0.00 sys=0.00, real=0.01 secs] 
346.032: Total time for which application threads were stopped: 0.0004740 seconds, Stopping threads took: 0.0000530 seconds
346.074: Application time: 0.0421440 seconds
346.074: [GC [PSYoungGen: 13183K->384K(13824K)] 20167K->7375K(36864K), 0.0003700 secs] [Times: user=0.00 sys=0.00, real=0.00 secs] 
346.075: Total time for which application threads were stopped: 0.0004860 seconds, Stopping threads took: 0.0000580 seconds
346.122: Application time: 0.0476580 seconds
346.122: Total time for which application threads were stopped: 0.0000780 seconds, Stopping threads took: 0.0000560 seconds
346.123: Application time: 0.0001910 seconds
346.123: [GC [PSYoungGen: 13122K->672K(13824K)] 20242K->7815K(36864K), 0.0004170 secs] [Times: user=0.00 sys=0.00, real=0.00 secs] 
346.123: Total time for which application threads were stopped: 0.0004810 seconds, Stopping threads took: 0.0000170 seconds
346.178: Application time: 0.0553040 seconds
346.178: [GC [PSYoungGen: 13471K->480K(13824K)] 20899K->8164K(36864K), 0.0004770 secs] [Times: user=0.00 sys=0.00, real=0.00 secs] 
346.179: Total time for which application threads were stopped: 0.0005820 seconds, Stopping threads took: 0.0000460 seconds
346.236: Application time: 0.0568790 seconds
346.236: [GC [PSYoungGen: 13279K->0K(13824K)] 20963K->8097K(36864K), 0.0004510 secs] [Times: user=0.00 sys=0.00, real=0.00 secs] 
346.236: Total time for which application threads were stopped: 0.0005730 seconds, Stopping threads took: 0.0000590 seconds
346.293: Application time: 0.0561380 seconds
346.293: [GC [PSYoungGen: 12799K->0K(13824K)] 20896K->8097K(36864K), 0.0003340 secs] [Times: user=0.00 sys=0.00, real=0.00 secs] 
346.293: Total time for which application threads were stopped: 0.0004500 seconds, Stopping threads took: 0.0000620 seconds
346.350: Application time: 0.0568570 seconds
346.350: [GC [PSYoungGen: 12799K->0K(13824K)] 20896K->8097K(36864K), 0.0003560 secs] [Times: user=0.00 sys=0.00, real=0.00 secs] 
346.350: Total time for which application threads were stopped: 0.0004760 seconds, Stopping threads took: 0.0000630 seconds
346.406: Application time: 0.0558220 seconds
346.406: [GC [PSYoungGen: 12796K->256K(13824K)] 20893K->8353K(36864K), 0.0004480 secs] [Times: user=0.00 sys=0.00, real=0.00 secs] 
346.407: Total time for which application threads were stopped: 0.0005560 seconds, Stopping threads took: 0.0000490 seconds
346.463: Application time: 0.0557650 seconds
346.463: [GC [PSYoungGen: 13054K->352K(13824K)] 21151K->8473K(36864K), 0.0003900 secs] [Times: user=0.01 sys=0.00, real=0.00 secs] 
346.463: Total time for which application threads were stopped: 0.0005190 seconds, Stopping threads took: 0.0000690 seconds
346.504: Application time: 0.0407440 seconds
346.504: [GC [PSYoungGen: 13148K->512K(13824K)] 21269K->8853K(36864K), 0.0005010 secs] [Times: user=0.00 sys=0.00, real=0.00 secs] 
346.504: Total time for which application threads were stopped: 0.0006250 seconds, Stopping threads took: 0.0000650 seconds
346.550: Application time: 0.0454470 seconds
346.550: [GC [PSYoungGen: 13311K->512K(13824K)] 21652K->9098K(36864K), 0.0005240 secs] [Times: user=0.00 sys=0.00, real=0.00 secs] 
346.551: Total time for which application threads were stopped: 0.0006380 seconds, Stopping threads took: 0.0000590 seconds
346.591: Application time: 0.0400680 seconds
346.591: [GC [PSYoungGen: 13310K->576K(13824K)] 21896K->9194K(36864K), 0.0004900 secs] [Times: user=0.00 sys=0.00, real=0.00 secs] 
346.591: Total time for which application threads were stopped: 0.0006120 seconds, Stopping threads took: 0.0000630 seconds
346.647: Application time: 0.0557470 seconds
346.647: [GC [PSYoungGen: 13375K->0K(13824K)] 21993K->9062K(36864K), 0.0004490 secs] [Times: user=0.00 sys=0.00, real=0.00 secs] 
346.648: Total time for which application threads were stopped: 0.0005740 seconds, Stopping threads took: 0.0000620 seconds
346.687: Application time: 0.0398750 seconds
346.687: [GC [PSYoungGen: 12797K->480K(13824K)] 21860K->9542K(36864K), 0.0005020 secs] [Times: user=0.00 sys=0.00, real=0.00 secs] 
346.688: Total time for which application threads were stopped: 0.0006280 seconds, Stopping threads took: 0.0000680 seconds
346.739: Application time: 0.0511740 seconds
346.739: [GC [PSYoungGen: 13277K->352K(13824K)] 22340K->9643K(36864K), 0.0004180 secs] [Times: user=0.00 sys=0.00, real=0.01 secs] 
346.740: Total time for which application threads were stopped: 0.0005540 seconds, Stopping threads took: 0.0000640 seconds
346.794: Application time: 0.0546350 seconds
346.796: [GC [PSYoungGen: 13148K->320K(13824K)] 22439K->9619K(36864K), 0.0004150 secs] [Times: user=0.00 sys=0.00, real=0.00 secs] 
346.796: Total time for which application threads were stopped: 0.0018080 seconds, Stopping threads took: 0.0013320 seconds
346.852: Application time: 0.0559260 seconds
346.852: [GC [PSYoungGen: 13119K->0K(13824K)] 22418K->9511K(36864K), 0.0003640 secs] [Times: user=0.00 sys=0.00, real=0.00 secs] 
346.853: Total time for which application threads were stopped: 0.0004840 seconds, Stopping threads took: 0.0000570 seconds
346.908: Application time: 0.0551650 seconds
346.908: [GC [PSYoungGen: 12796K->352K(13824K)] 22308K->9863K(36864K), 0.0004130 secs] [Times: user=0.00 sys=0.00, real=0.00 secs] 
346.908: Total time for which application threads were stopped: 0.0005260 seconds, Stopping threads took: 0.0000510 seconds
346.963: Application time: 0.0549380 seconds
346.963: [GC [PSYoungGen: 13148K->512K(13824K)] 22660K->10039K(36864K), 0.0004100 secs] [Times: user=0.00 sys=0.00, real=0.00 secs] 
346.964: Total time for which application threads were stopped: 0.0005200 seconds, Stopping threads took: 0.0000530 seconds
347.019: Application time: 0.0556930 seconds
347.020: [GC [PSYoungGen: 13308K->320K(13824K)] 22836K->10071K(36864K), 0.0004170 secs] [Times: user=0.00 sys=0.00, real=0.01 secs] 
347.020: Total time for which application threads were stopped: 0.0005450 seconds, Stopping threads took: 0.0000710 seconds
347.076: Application time: 0.0557060 seconds
347.076: [GC [PSYoungGen: 13116K->352K(13824K)] 22868K->10327K(36864K), 0.0004270 secs] [Times: user=0.00 sys=0.00, real=0.00 secs] 
347.076: Total time for which application threads were stopped: 0.0005360 seconds, Stopping threads took: 0.0000480 seconds
347.132: Application time: 0.0554680 seconds
347.132: [GC [PSYoungGen: 13149K->352K(13824K)] 23125K->10343K(36864K), 0.0003860 secs] [Times: user=0.01 sys=0.00, real=0.00 secs] 
347.132: Total time for which application threads were stopped: 0.0004990 seconds, Stopping threads took: 0.0000400 seconds
347.166: Application time: 0.0341270 seconds
347.166: [GC [PSYoungGen: 13148K->576K(13824K)] 23140K->10812K(36864K), 0.0004550 secs] [Times: user=0.00 sys=0.00, real=0.00 secs] 
347.167: Total time for which application threads were stopped: 0.0005570 seconds, Stopping threads took: 0.0000480 seconds
347.206: Application time: 0.0391850 seconds
347.206: [GC [PSYoungGen: 13375K->480K(13824K)] 23612K->10740K(36864K), 0.0004130 secs] [Times: user=0.01 sys=0.00, real=0.00 secs] 
347.207: Total time for which application threads were stopped: 0.0005300 seconds, Stopping threads took: 0.0000580 seconds
347.260: Application time: 0.0534510 seconds
347.260: [GC [PSYoungGen: 13278K->512K(13824K)] 23539K->10788K(36864K), 0.0004130 secs] [Times: user=0.01 sys=0.00, real=0.00 secs] 
347.261: Total time for which application threads were stopped: 0.0005190 seconds, Stopping threads took: 0.0000440 seconds
347.317: Application time: 0.0561660 seconds
347.317: [GC [PSYoungGen: 13311K->0K(13824K)] 23587K->10713K(36864K), 0.0004230 secs] [Times: user=0.00 sys=0.00, real=0.00 secs] 
347.317: Total time for which application threads were stopped: 0.0005520 seconds, Stopping threads took: 0.0000710 seconds
347.374: Application time: 0.0568710 seconds
347.374: [GC [PSYoungGen: 12799K->0K(13824K)] 23512K->10713K(36864K), 0.0003810 secs] [Times: user=0.00 sys=0.00, real=0.00 secs] 
347.375: Total time for which application threads were stopped: 0.0005160 seconds, Stopping threads took: 0.0000710 seconds
347.428: Application time: 0.0534780 seconds
347.429: [GC [PSYoungGen: 12798K->352K(13824K)] 23512K->11065K(36864K), 0.0004690 secs] [Times: user=0.00 sys=0.00, real=0.00 secs] 
347.430: Total time for which application threads were stopped: 0.0015920 seconds, Stopping threads took: 0.0010590 seconds
347.470: Application time: 0.0400000 seconds
347.470: [GC [PSYoungGen: 13148K->384K(13824K)] 23861K->11105K(36864K), 0.0003880 secs] [Times: user=0.00 sys=0.00, real=0.00 secs] 
347.470: Total time for which application threads were stopped: 0.0005320 seconds, Stopping threads took: 0.0000870 seconds
347.526: Application time: 0.0556050 seconds
347.526: [GC [PSYoungGen: 13180K->0K(13824K)] 23901K->10977K(36864K), 0.0003770 secs] [Times: user=0.00 sys=0.00, real=0.00 secs] 
347.526: Total time for which application threads were stopped: 0.0005020 seconds, Stopping threads took: 0.0000670 seconds
347.580: Application time: 0.0533470 seconds
347.580: [GC [PSYoungGen: 12796K->704K(13824K)] 23773K->11681K(36864K), 0.0004450 secs] [Times: user=0.00 sys=0.00, real=0.00 secs] 
347.580: Total time for which application threads were stopped: 0.0005540 seconds, Stopping threads took: 0.0000540 seconds
347.635: Application time: 0.0548740 seconds
347.635: [GC [PSYoungGen: 13500K->608K(13824K)] 24477K->11837K(36864K), 0.0004980 secs] [Times: user=0.00 sys=0.00, real=0.00 secs] 
347.636: Total time for which application threads were stopped: 0.0006070 seconds, Stopping threads took: 0.0000430 seconds
347.686: Application time: 0.0506110 seconds
347.687: [GC [PSYoungGen: 13406K->352K(13824K)] 24636K->11990K(36864K), 0.0004980 secs] [Times: user=0.00 sys=0.00, real=0.00 secs] 
347.687: Total time for which application threads were stopped: 0.0006270 seconds, Stopping threads took: 0.0000740 seconds
347.730: Application time: 0.0430140 seconds
347.730: [GC [PSYoungGen: 13150K->352K(13824K)] 24789K->12054K(36864K), 0.0004090 secs] [Times: user=0.00 sys=0.00, real=0.00 secs] 
347.731: Total time for which application threads were stopped: 0.0005210 seconds, Stopping threads took: 0.0000500 seconds
347.775: Application time: 0.0443050 seconds
347.775: [GC [PSYoungGen: 13149K->416K(13824K)] 24852K->12347K(36864K), 0.0004170 secs] [Times: user=0.00 sys=0.00, real=0.00 secs] 
347.775: Total time for which application threads were stopped: 0.0005240 seconds, Stopping threads took: 0.0000380 seconds
347.822: Application time: 0.0462190 seconds
347.822: [GC [PSYoungGen: 13212K->448K(13824K)] 25143K->12395K(36864K), 0.0005230 secs] [Times: user=0.00 sys=0.00, real=0.00 secs] 
347.822: Total time for which application threads were stopped: 0.0006350 seconds, Stopping threads took: 0.0000530 seconds
347.876: Application time: 0.0533700 seconds
347.876: [GC [PSYoungGen: 13245K->544K(13824K)] 25192K->12744K(36864K), 0.0004550 secs] [Times: user=0.00 sys=0.00, real=0.00 secs] 
347.876: Total time for which application threads were stopped: 0.0005760 seconds, Stopping threads took: 0.0000630 seconds
347.933: Application time: 0.0563510 seconds
347.933: [GC [PSYoungGen: 13343K->0K(13824K)] 25543K->12740K(36864K), 0.0004470 secs] [Times: user=0.00 sys=0.00, real=0.00 secs] 
347.933: Total time for which application threads were stopped: 0.0005740 seconds, Stopping threads took: 0.0000630 seconds
347.990: Application time: 0.0565380 seconds
347.990: [GC [PSYoungGen: 12799K->0K(13824K)] 25539K->12740K(36864K), 0.0003460 secs] [Times: user=0.00 sys=0.00, real=0.00 secs] 
347.990: Total time for which application threads were stopped: 0.0004780 seconds, Stopping threads took: 0.0000680 seconds
348.047: Application time: 0.0564720 seconds
348.047: [GC [PSYoungGen: 12799K->0K(13824K)] 25539K->12740K(36864K), 0.0003860 secs] [Times: user=0.00 sys=0.00, real=0.00 secs] 
348.047: Total time for which application threads were stopped: 0.0004940 seconds, Stopping threads took: 0.0000470 seconds
348.103: Application time: 0.0555430 seconds
348.103: [GC [PSYoungGen: 12796K->320K(13824K)] 25537K->13060K(36864K), 0.0003910 secs] [Times: user=0.00 sys=0.00, real=0.00 secs] 
348.103: Total time for which application threads were stopped: 0.0005110 seconds, Stopping threads took: 0.0000640 seconds
348.159: Application time: 0.0557070 seconds
348.159: [GC [PSYoungGen: 13116K->288K(13824K)] 25857K->13036K(36864K), 0.0003930 secs] [Times: user=0.00 sys=0.00, real=0.00 secs] 
348.159: Total time for which application threads were stopped: 0.0005320 seconds, Stopping threads took: 0.0000780 seconds
348.204: Application time: 0.0443800 seconds
348.204: [GC [PSYoungGen: 13087K->544K(13824K)] 25836K->13513K(36864K), 0.0004560 secs] [Times: user=0.00 sys=0.00, real=0.00 secs] 
348.204: Total time for which application threads were stopped: 0.0005780 seconds, Stopping threads took: 0.0000650 seconds
348.249: Application time: 0.0447750 seconds
348.249: [GC [PSYoungGen: 13340K->544K(13824K)] 26310K->13769K(36864K), 0.0004620 secs] [Times: user=0.00 sys=0.00, real=0.00 secs] 
348.250: Total time for which application threads were stopped: 0.0005960 seconds, Stopping threads took: 0.0000780 seconds
348.290: Application time: 0.0398100 seconds
348.290: [GC [PSYoungGen: 13342K->320K(13824K)] 26567K->13761K(36864K), 0.0004140 secs] [Times: user=0.00 sys=0.00, real=0.00 secs] 
348.290: Total time for which application threads were stopped: 0.0005280 seconds, Stopping threads took: 0.0000520 seconds
348.343: Application time: 0.0531230 seconds
348.343: [GC [PSYoungGen: 13116K->512K(13824K)] 26557K->14009K(36864K), 0.0004210 secs] [Times: user=0.00 sys=0.00, real=0.00 secs] 
348.344: Total time for which application threads were stopped: 0.0005320 seconds, Stopping threads took: 0.0000540 seconds
348.393: Application time: 0.0495110 seconds
348.393: [GC [PSYoungGen: 13311K->544K(13824K)] 26808K->14253K(36864K), 0.0004610 secs] [Times: user=0.00 sys=0.00, real=0.00 secs] 
348.394: Total time for which application threads were stopped: 0.0005720 seconds, Stopping threads took: 0.0000500 seconds
348.436: Application time: 0.0425200 seconds
348.436: [GC [PSYoungGen: 13340K->320K(13824K)] 27050K->14266K(36864K), 0.0004030 secs] [Times: user=0.01 sys=0.00, real=0.00 secs] 
348.437: Total time for which application threads were stopped: 0.0005220 seconds, Stopping threads took: 0.0000580 seconds
348.492: Application time: 0.0550720 seconds
348.492: [GC [PSYoungGen: 13116K->224K(13824K)] 27062K->14194K(36864K), 0.0003660 secs] [Times: user=0.00 sys=0.00, real=0.00 secs] 
348.492: Total time for which application threads were stopped: 0.0004810 seconds, Stopping threads took: 0.0000520 seconds
348.548: Application time: 0.0553500 seconds
348.548: [GC [PSYoungGen: 13020K->224K(13824K)] 26990K->14286K(36864K), 0.0004080 secs] [Times: user=0.00 sys=0.00, real=0.00 secs] 
348.548: Total time for which application threads were stopped: 0.0005240 seconds, Stopping threads took: 0.0000560 seconds
348.603: Application time: 0.0551360 seconds
348.604: [GC [PSYoungGen: 13020K->288K(13824K)] 27083K->14494K(36864K), 0.0004340 secs] [Times: user=0.00 sys=0.00, real=0.00 secs] 
348.604: Total time for which application threads were stopped: 0.0005460 seconds, Stopping threads took: 0.0000570 seconds
348.659: Application time: 0.0553150 seconds
348.659: [GC [PSYoungGen: 13084K->352K(13824K)] 27291K->14574K(36864K), 0.0004080 secs] [Times: user=0.00 sys=0.00, real=0.01 secs] 
348.660: Total time for which application threads were stopped: 0.0005230 seconds, Stopping threads took: 0.0000550 seconds
348.715: Application time: 0.0550470 seconds
348.715: [GC [PSYoungGen: 13148K->352K(13824K)] 27371K->14795K(36864K), 0.0004240 secs] [Times: user=0.01 sys=0.00, real=0.00 secs] 
348.715: Total time for which application threads were stopped: 0.0005390 seconds, Stopping threads took: 0.0000540 seconds
348.772: Application time: 0.0567070 seconds
348.772: [GC [PSYoungGen: 13151K->0K(13824K)] 27594K->14659K(36864K), 0.0003840 secs] [Times: user=0.00 sys=0.00, real=0.00 secs] 
348.773: Total time for which application threads were stopped: 0.0004880 seconds, Stopping threads took: 0.0000480 seconds
348.827: Application time: 0.0545510 seconds
348.827: [GC [PSYoungGen: 12798K->384K(13824K)] 27458K->15043K(36864K), 0.0004590 secs] [Times: user=0.00 sys=0.00, real=0.00 secs] 
348.828: Total time for which application threads were stopped: 0.0005720 seconds, Stopping threads took: 0.0000450 seconds
348.877: Application time: 0.0494090 seconds
348.877: [GC [PSYoungGen: 13179K->416K(13824K)] 27839K->15320K(36864K), 0.0004250 secs] [Times: user=0.00 sys=0.00, real=0.00 secs] 
348.878: Total time for which application threads were stopped: 0.0005440 seconds, Stopping threads took: 0.0000600 seconds
348.909: Application time: 0.0310550 seconds
348.909: [GC [PSYoungGen: 13215K->512K(13824K)] 28119K->15432K(36864K), 0.0004120 secs] [Times: user=0.00 sys=0.00, real=0.00 secs] 
348.909: Total time for which application threads were stopped: 0.0005200 seconds, Stopping threads took: 0.0000510 seconds
348.958: Application time: 0.0487750 seconds
348.958: [GC [PSYoungGen: 13309K->544K(13824K)] 28229K->15472K(36864K), 0.0004110 secs] [Times: user=0.00 sys=0.00, real=0.00 secs] 
348.959: Total time for which application threads were stopped: 0.0005190 seconds, Stopping threads took: 0.0000510 seconds
349.012: Application time: 0.0535580 seconds
349.012: [GC [PSYoungGen: 13340K->512K(13824K)] 28268K->15464K(36864K), 0.0004250 secs] [Times: user=0.00 sys=0.00, real=0.00 secs] 
349.013: Total time for which application threads were stopped: 0.0005590 seconds, Stopping threads took: 0.0000770 seconds
349.069: Application time: 0.0562330 seconds
349.069: [GC [PSYoungGen: 13311K->0K(13824K)] 28263K->15388K(36864K), 0.0004200 secs] [Times: user=0.00 sys=0.00, real=0.00 secs] 
349.069: Total time for which application threads were stopped: 0.0005170 seconds, Stopping threads took: 0.0000410 seconds
349.126: Application time: 0.0561420 seconds
349.126: [GC [PSYoungGen: 12799K->0K(13824K)] 28187K->15388K(36864K), 0.0003930 secs] [Times: user=0.00 sys=0.00, real=0.00 secs] 
349.126: Total time for which application threads were stopped: 0.0005090 seconds, Stopping threads took: 0.0000560 seconds
349.169: Application time: 0.0423840 seconds
349.169: [GC [PSYoungGen: 12799K->288K(13824K)] 28188K->15676K(36864K), 0.0004510 secs] [Times: user=0.00 sys=0.00, real=0.00 secs] 
349.169: Total time for which application threads were stopped: 0.0005620 seconds, Stopping threads took: 0.0000520 seconds
349.219: Application time: 0.0498040 seconds
349.219: [GC [PSYoungGen: 13087K->288K(13824K)] 28476K->15692K(36864K), 0.0004070 secs] [Times: user=0.00 sys=0.00, real=0.00 secs] 
349.219: Total time for which application threads were stopped: 0.0005260 seconds, Stopping threads took: 0.0000620 seconds
349.274: Application time: 0.0547910 seconds
349.274: [GC [PSYoungGen: 13084K->320K(13824K)] 28489K->15796K(36864K), 0.0004890 secs] [Times: user=0.00 sys=0.00, real=0.00 secs] 
349.275: Total time for which application threads were stopped: 0.0005940 seconds, Stopping threads took: 0.0000460 seconds
349.327: Application time: 0.0524060 seconds
349.327: [GC [PSYoungGen: 13115K->672K(13824K)] 28592K->16356K(36864K), 0.0005260 secs] [Times: user=0.00 sys=0.00, real=0.00 secs] 
349.328: Total time for which application threads were stopped: 0.0006500 seconds, Stopping threads took: 0.0000660 seconds
349.384: Application time: 0.0562950 seconds
349.388: [GC [PSYoungGen: 13471K->0K(13824K)] 29156K->16121K(36864K), 0.0004940 secs] [Times: user=0.00 sys=0.00, real=0.00 secs] 
349.388: Total time for which application threads were stopped: 0.0041290 seconds, Stopping threads took: 0.0035700 seconds
349.429: Application time: 0.0403010 seconds
349.429: [GC [PSYoungGen: 12795K->384K(13824K)] 28917K->16505K(36864K), 0.0005030 secs] [Times: user=0.00 sys=0.00, real=0.00 secs] 
349.430: Total time for which application threads were stopped: 0.0012650 seconds, Stopping threads took: 0.0007010 seconds
349.476: Application time: 0.0456290 seconds
349.476: [GC [PSYoungGen: 13181K->544K(13824K)] 29302K->16713K(36864K), 0.0004400 secs] [Times: user=0.01 sys=0.00, real=0.00 secs] 
349.476: Total time for which application threads were stopped: 0.0005660 seconds, Stopping threads took: 0.0000700 seconds
349.518: Application time: 0.0421530 seconds
349.518: [GC [PSYoungGen: 13340K->544K(13824K)] 29510K->16729K(36864K), 0.0004040 secs] [Times: user=0.00 sys=0.00, real=0.00 secs] 
349.519: Total time for which application threads were stopped: 0.0005110 seconds, Stopping threads took: 0.0000470 seconds
349.573: Application time: 0.0541660 seconds
349.573: [GC [PSYoungGen: 13232K->416K(13824K)] 29417K->16846K(36864K), 0.0004310 secs] [Times: user=0.00 sys=0.00, real=0.00 secs] 
349.573: Total time for which application threads were stopped: 0.0005540 seconds, Stopping threads took: 0.0000680 seconds
349.628: Application time: 0.0549820 seconds
349.629: [GC [PSYoungGen: 13214K->512K(13824K)] 29644K->17050K(36864K), 0.0004070 secs] [Times: user=0.00 sys=0.00, real=0.00 secs] 
349.629: Total time for which application threads were stopped: 0.0005350 seconds, Stopping threads took: 0.0000700 seconds
349.686: Application time: 0.0567020 seconds
349.686: [GC [PSYoungGen: 13311K->0K(13824K)] 29849K->16890K(36864K), 0.0003820 secs] [Times: user=0.00 sys=0.00, real=0.00 secs] 
349.686: Total time for which application threads were stopped: 0.0004970 seconds, Stopping threads took: 0.0000580 seconds
349.743: Application time: 0.0565700 seconds
349.743: [GC [PSYoungGen: 12799K->0K(13824K)] 29689K->16890K(36864K), 0.0003940 secs] [Times: user=0.00 sys=0.00, real=0.00 secs] 
349.743: Total time for which application threads were stopped: 0.0005110 seconds, Stopping threads took: 0.0000610 seconds
349.800: Application time: 0.0567610 seconds
349.800: [GC [PSYoungGen: 12799K->0K(13824K)] 29689K->16890K(36864K), 0.0003730 secs] [Times: user=0.00 sys=0.00, real=0.00 secs] 
349.801: Total time for which application threads were stopped: 0.0004740 seconds, Stopping threads took: 0.0000420 seconds
349.856: Application time: 0.0549980 seconds
349.856: [GC [PSYoungGen: 12798K->384K(13824K)] 29689K->17274K(36864K), 0.0003750 secs] [Times: user=0.00 sys=0.00, real=0.00 secs] 
349.856: Total time for which application threads were stopped: 0.0004950 seconds, Stopping threads took: 0.0000620 seconds
349.902: Application time: 0.0464900 seconds
349.903: [GC [PSYoungGen: 13179K->544K(13824K)] 30070K->17647K(36864K), 0.0004940 secs] [Times: user=0.00 sys=0.00, real=0.00 secs] 
349.903: Total time for which application threads were stopped: 0.0006330 seconds, Stopping threads took: 0.0000650 seconds
349.948: Application time: 0.0452210 seconds
349.948: [GC [PSYoungGen: 13340K->352K(13824K)] 30444K->17699K(36864K), 0.0004160 secs] [Times: user=0.00 sys=0.00, real=0.00 secs] 
349.949: Total time for which application threads were stopped: 0.0005150 seconds, Stopping threads took: 0.0000430 seconds
349.990: Application time: 0.0414020 seconds
349.990: [GC [PSYoungGen: 13150K->384K(13824K)] 30497K->17944K(36864K), 0.0004190 secs] [Times: user=0.00 sys=0.00, real=0.00 secs] 
349.991: Total time for which application threads were stopped: 0.0005300 seconds, Stopping threads took: 0.0000530 seconds
350.041: Application time: 0.0501510 seconds
350.041: [GC [PSYoungGen: 13181K->544K(13824K)] 30741K->18176K(36864K), 0.0004490 secs] [Times: user=0.00 sys=0.00, real=0.00 secs] 
350.042: Total time for which application threads were stopped: 0.0005660 seconds, Stopping threads took: 0.0000560 seconds
350.094: Application time: 0.0524600 seconds
350.094: [GC [PSYoungGen: 13343K->512K(13824K)] 30975K->18380K(36864K), 0.0004540 secs] [Times: user=0.00 sys=0.00, real=0.00 secs] 
350.095: Total time for which application threads were stopped: 0.0005710 seconds, Stopping threads took: 0.0000580 seconds
350.135: Application time: 0.0400510 seconds
350.135: [GC [PSYoungGen: 13310K->352K(13824K)] 31178K->18433K(36864K), 0.0004660 secs] [Times: user=0.00 sys=0.00, real=0.00 secs] 
350.135: Total time for which application threads were stopped: 0.0005790 seconds, Stopping threads took: 0.0000550 seconds
350.191: Application time: 0.0555100 seconds
350.191: [GC [PSYoungGen: 13148K->0K(13824K)] 31230K->18305K(36864K), 0.0003880 secs] [Times: user=0.00 sys=0.00, real=0.00 secs] 
350.191: Total time for which application threads were stopped: 0.0005060 seconds, Stopping threads took: 0.0000550 seconds
350.246: Application time: 0.0551230 seconds
350.246: [GC [PSYoungGen: 12796K->256K(13824K)] 31101K->18561K(36864K), 0.0003930 secs] [Times: user=0.00 sys=0.00, real=0.00 secs] 
350.247: Total time for which application threads were stopped: 0.0004960 seconds, Stopping threads took: 0.0000470 seconds
350.303: Application time: 0.0563080 seconds
350.303: [GC [PSYoungGen: 13055K->0K(13824K)] 31360K->18541K(36864K), 0.0003880 secs] [Times: user=0.01 sys=0.00, real=0.00 secs] 
350.304: Total time for which application threads were stopped: 0.0004930 seconds, Stopping threads took: 0.0000490 seconds
350.358: Application time: 0.0545810 seconds
350.358: [GC [PSYoungGen: 12798K->416K(13824K)] 31340K->18957K(36864K), 0.0003940 secs] [Times: user=0.00 sys=0.00, real=0.00 secs] 
350.359: Total time for which application threads were stopped: 0.0005040 seconds, Stopping threads took: 0.0000550 seconds
350.414: Application time: 0.0549690 seconds
350.414: [GC [PSYoungGen: 13212K->288K(13824K)] 31754K->19034K(36864K), 0.0004740 secs] [Times: user=0.00 sys=0.00, real=0.00 secs] 
350.414: Total time for which application threads were stopped: 0.0005980 seconds, Stopping threads took: 0.0000600 seconds
350.472: Application time: 0.0572290 seconds
350.472: [GC [PSYoungGen: 13087K->0K(13824K)] 31833K->18975K(36864K), 0.0003990 secs] [Times: user=0.00 sys=0.00, real=0.01 secs] 
350.472: Total time for which application threads were stopped: 0.0005140 seconds, Stopping threads took: 0.0000600 seconds
350.527: Application time: 0.0549760 seconds
350.528: [GC [PSYoungGen: 12796K->416K(13824K)] 31771K->19391K(36864K), 0.0004350 secs] [Times: user=0.00 sys=0.00, real=0.00 secs] 
350.528: Total time for which application threads were stopped: 0.0011970 seconds, Stopping threads took: 0.0007030 seconds
350.586: Application time: 0.0577040 seconds
350.586: [GC [PSYoungGen: 13215K->0K(13824K)] 32190K->19219K(36864K), 0.0004000 secs] [Times: user=0.00 sys=0.00, real=0.00 secs] 
350.586: Total time for which application threads were stopped: 0.0005150 seconds, Stopping threads took: 0.0000600 seconds
350.636: Application time: 0.0496070 seconds
350.636: [GC [PSYoungGen: 12796K->480K(13824K)] 32016K->19699K(36864K), 0.0004920 secs] [Times: user=0.00 sys=0.00, real=0.00 secs] 
350.637: Total time for which application threads were stopped: 0.0006090 seconds, Stopping threads took: 0.0000630 seconds
350.668: Application time: 0.0314950 seconds
350.668: [GC [PSYoungGen: 13279K->352K(13824K)] 32498K->19784K(36864K), 0.0004280 secs] [Times: user=0.00 sys=0.00, real=0.00 secs] 
350.669: Total time for which application threads were stopped: 0.0005320 seconds, Stopping threads took: 0.0000480 seconds
350.717: Application time: 0.0483680 seconds
350.717: [GC [PSYoungGen: 13149K->512K(13824K)] 32581K->19952K(36864K), 0.0004100 secs] [Times: user=0.00 sys=0.00, real=0.00 secs] 
350.718: Total time for which application threads were stopped: 0.0005140 seconds, Stopping threads took: 0.0000500 seconds
350.771: Application time: 0.0536010 seconds
350.771: [GC [PSYoungGen: 13308K->512K(13824K)] 32748K->19960K(36864K), 0.0005130 secs] [Times: user=0.00 sys=0.00, real=0.01 secs] 
350.772: Total time for which application threads were stopped: 0.0006280 seconds, Stopping threads took: 0.0000540 seconds
350.828: Application time: 0.0562000 seconds
350.828: [GC [PSYoungGen: 13311K->0K(13824K)] 32759K->19896K(36864K), 0.0004710 secs] [Times: user=0.00 sys=0.00, real=0.00 secs] 
350.829: Total time for which application threads were stopped: 0.0006050 seconds, Stopping threads took: 0.0000690 seconds
350.874: Application time: 0.0451240 seconds
350.874: [GC [PSYoungGen: 12795K->320K(13824K)] 32691K->20216K(36864K), 0.0003850 secs] [Times: user=0.00 sys=0.00, real=0.00 secs] 
350.874: Total time for which application threads were stopped: 0.0004930 seconds, Stopping threads took: 0.0000480 seconds
350.922: Application time: 0.0475850 seconds
350.922: [GC [PSYoungGen: 13117K->352K(13824K)] 33013K->20256K(36864K), 0.0003880 secs] [Times: user=0.00 sys=0.00, real=0.00 secs] 
350.922: Total time for which application threads were stopped: 0.0005100 seconds, Stopping threads took: 0.0000600 seconds
350.977: Application time: 0.0550610 seconds
350.977: [GC [PSYoungGen: 13148K->352K(13824K)] 33052K->20320K(36864K), 0.0004450 secs] [Times: user=0.00 sys=0.00, real=0.00 secs] 
350.978: Total time for which application threads were stopped: 0.0005570 seconds, Stopping threads took: 0.0000510 seconds
351.035: Application time: 0.0566200 seconds
351.035: [GC [PSYoungGen: 13151K->0K(13824K)] 33119K->20184K(36864K), 0.0004050 secs] [Times: user=0.01 sys=0.00, real=0.00 secs] 
351.035: Total time for which application threads were stopped: 0.0005260 seconds, Stopping threads took: 0.0000570 seconds
351.087: Application time: 0.0522900 seconds
351.087: [GC [PSYoungGen: 12798K->544K(13824K)] 32982K->20728K(36864K), 0.0004190 secs] [Times: user=0.00 sys=0.00, real=0.00 secs] 
351.088: Total time for which application threads were stopped: 0.0005270 seconds, Stopping threads took: 0.0000520 seconds
351.131: Application time: 0.0432220 seconds
351.131: [GC [PSYoungGen: 13343K->352K(13824K)] 33528K->20969K(36864K), 0.0005510 secs] [Times: user=0.00 sys=0.00, real=0.01 secs] 
351.132: Total time for which application threads were stopped: 0.0006650 seconds, Stopping threads took: 0.0000540 seconds
351.175: Application time: 0.0432070 seconds
351.175: [GC [PSYoungGen: 13149K->544K(13824K)] 33766K->21217K(36864K), 0.0004400 secs] [Times: user=0.01 sys=0.00, real=0.00 secs] 
351.176: Total time for which application threads were stopped: 0.0005580 seconds, Stopping threads took: 0.0000590 seconds
351.217: Application time: 0.0409320 seconds
351.217: [GC [PSYoungGen: 13340K->544K(13824K)] 34014K->21241K(36864K), 0.0004240 secs] [Times: user=0.01 sys=0.00, real=0.00 secs] 
351.217: Total time for which application threads were stopped: 0.0005380 seconds, Stopping threads took: 0.0000580 seconds
351.272: Application time: 0.0546940 seconds
351.272: [GC [PSYoungGen: 13340K->352K(13824K)] 34038K->21498K(36864K), 0.0005180 secs] [Times: user=0.01 sys=0.00, real=0.00 secs] 
351.272: Total time for which application threads were stopped: 0.0006410 seconds, Stopping threads took: 0.0000630 seconds
351.327: Application time: 0.0544230 seconds
351.327: [GC [PSYoungGen: 13148K->512K(13824K)] 34295K->21674K(36864K), 0.0004640 secs] [Times: user=0.00 sys=0.00, real=0.00 secs] 
351.327: Total time for which application threads were stopped: 0.0005860 seconds, Stopping threads took: 0.0000640 seconds
351.385: Application time: 0.0576850 seconds
351.385: [GC [PSYoungGen: 13311K->0K(13824K)] 34473K->21583K(36864K), 0.0004420 secs] [Times: user=0.00 sys=0.00, real=0.00 secs] 
351.386: Total time for which application threads were stopped: 0.0005590 seconds, Stopping threads took: 0.0000610 seconds
351.442: Application time: 0.0567320 seconds
351.442: [GC [PSYoungGen: 12799K->0K(13824K)] 34382K->21583K(36864K), 0.0003920 secs] [Times: user=0.00 sys=0.00, real=0.00 secs] 
351.444: Total time for which application threads were stopped: 0.0016740 seconds, Stopping threads took: 0.0000420 seconds
351.500: Application time: 0.0563120 seconds
351.500: [GC [PSYoungGen: 12799K->0K(13824K)] 34382K->21583K(36864K), 0.0003840 secs] [Times: user=0.00 sys=0.00, real=0.00 secs] 
351.501: Total time for which application threads were stopped: 0.0005110 seconds, Stopping threads took: 0.0000730 seconds
351.556: Application time: 0.0548460 seconds
351.556: [GC [PSYoungGen: 12798K->416K(13824K)] 34381K->21999K(36864K), 0.0004170 secs] [Times: user=0.00 sys=0.00, real=0.00 secs] 
351.556: Total time for which application threads were stopped: 0.0005770 seconds, Stopping threads took: 0.0001000 seconds
351.605: Application time: 0.0485280 seconds
351.605: [GC [PSYoungGen: 13214K->512K(13824K)] 34797K->22323K(36864K), 0.0004490 secs] [Times: user=0.00 sys=0.00, real=0.00 secs] 
351.605: Total time for which application threads were stopped: 0.0005740 seconds, Stopping threads took: 0.0000650 seconds
351.648: Application time: 0.0429360 seconds
351.652: [GC [PSYoungGen: 13307K->544K(13824K)] 35119K->22427K(36864K), 0.0004790 secs] [Times: user=0.00 sys=0.00, real=0.00 secs] 
351.652: Total time for which application threads were stopped: 0.0039240 seconds, Stopping threads took: 0.0033840 seconds
351.699: Application time: 0.0468270 seconds
351.699: [GC [PSYoungGen: 13339K->320K(13824K)] 35223K->22620K(36864K), 0.0004610 secs] [Times: user=0.00 sys=0.00, real=0.00 secs] 
351.700: Total time for which application threads were stopped: 0.0005780 seconds, Stopping threads took: 0.0000490 seconds
351.747: Application time: 0.0469140 seconds
351.747: [GC [PSYoungGen: 13118K->512K(13824K)] 35419K->22876K(36864K), 0.0004640 secs] [Times: user=0.01 sys=0.00, real=0.00 secs] 
351.747: Total time for which application threads were stopped: 0.0006040 seconds, Stopping threads took: 0.0000780 seconds
351.802: Application time: 0.0552050 seconds
351.803: [GC [PSYoungGen: 13308K->320K(13824K)] 35673K->22916K(36864K), 0.0004230 secs] [Times: user=0.00 sys=0.00, real=0.00 secs] 
351.803: [Full GC [PSYoungGen: 320K->0K(13824K)] [ParOldGen: 22596K->4450K(22528K)] 22916K->4450K(36352K) [PSPermGen: 5580K->5580K(21504K)], 0.0058480 secs] [Times: user=0.02 sys=0.00, real=0.00 secs] 
351.809: Total time for which application threads were stopped: 0.0064420 seconds, Stopping threads took: 0.0000590 seconds
351.849: Application time: 0.0402290 seconds
351.849: [GC [PSYoungGen: 12797K->384K(13824K)] 17248K->4834K(36352K), 0.0003860 secs] [Times: user=0.00 sys=0.00, real=0.00 secs] 
351.850: Total time for which application threads were stopped: 0.0005110 seconds, Stopping threads took: 0.0000620 seconds
351.902: Application time: 0.0525060 seconds
351.902: [GC [PSYoungGen: 13180K->352K(13824K)] 17631K->4810K(36352K), 0.0003640 secs] [Times: user=0.01 sys=0.00, real=0.00 secs] 
351.903: Total time for which application threads were stopped: 0.0005220 seconds, Stopping threads took: 0.0000970 seconds
351.958: Application time: 0.0551250 seconds
351.958: [GC [PSYoungGen: 13148K->352K(13824K)] 17607K->4842K(36352K), 0.0003540 secs] [Times: user=0.00 sys=0.00, real=0.00 secs] 
351.958: Total time for which application threads were stopped: 0.0004760 seconds, Stopping threads took: 0.0000560 seconds
352.014: Application time: 0.0558910 seconds
352.014: [GC [PSYoungGen: 13151K->0K(13824K)] 17642K->4719K(36352K), 0.0004060 secs] [Times: user=0.00 sys=0.00, real=0.00 secs] 
352.015: Total time for which application threads were stopped: 0.0005250 seconds, Stopping threads took: 0.0000630 seconds
352.069: Application time: 0.0544680 seconds
352.069: [GC [PSYoungGen: 12798K->384K(13824K)] 17517K->5103K(36352K), 0.0003800 secs] [Times: user=0.00 sys=0.00, real=0.00 secs] 
352.070: Total time for which application threads were stopped: 0.0005010 seconds, Stopping threads took: 0.0000620 seconds
352.124: Application time: 0.0547530 seconds
352.124: [GC [PSYoungGen: 13182K->416K(13824K)] 17901K->5351K(36352K), 0.0004000 secs] [Times: user=0.00 sys=0.00, real=0.00 secs] 
352.125: Total time for which application threads were stopped: 0.0005080 seconds, Stopping threads took: 0.0000540 seconds
352.182: Application time: 0.0569610 seconds
352.182: [GC [PSYoungGen: 13215K->0K(13824K)] 18150K->5155K(36352K), 0.0003550 secs] [Times: user=0.00 sys=0.00, real=0.00 secs] 
352.182: Total time for which application threads were stopped: 0.0004670 seconds, Stopping threads took: 0.0000570 seconds
352.238: Application time: 0.0558760 seconds
352.240: [GC [PSYoungGen: 12796K->352K(13824K)] 17952K->5507K(36352K), 0.0003680 secs] [Times: user=0.00 sys=0.00, real=0.00 secs] 
352.240: Total time for which application threads were stopped: 0.0019770 seconds, Stopping threads took: 0.0015520 seconds
352.296: Application time: 0.0555070 seconds
352.296: [GC [PSYoungGen: 13149K->352K(13824K)] 18304K->5539K(36352K), 0.0003970 secs] [Times: user=0.00 sys=0.00, real=0.00 secs] 
352.296: Total time for which application threads were stopped: 0.0005310 seconds, Stopping threads took: 0.0000730 seconds
352.353: Application time: 0.0566930 seconds
352.353: [GC [PSYoungGen: 13151K->0K(13824K)] 18339K->5424K(36352K), 0.0004170 secs] [Times: user=0.00 sys=0.00, real=0.00 secs] 
352.353: Total time for which application threads were stopped: 0.0005350 seconds, Stopping threads took: 0.0000560 seconds
352.398: Application time: 0.0446920 seconds
352.398: [GC [PSYoungGen: 12799K->512K(13824K)] 18223K->5936K(36352K), 0.0004020 secs] [Times: user=0.00 sys=0.00, real=0.00 secs] 
352.399: Total time for which application threads were stopped: 0.0005080 seconds, Stopping threads took: 0.0000450 seconds
352.432: Application time: 0.0334690 seconds
352.432: [GC [PSYoungGen: 13311K->480K(13824K)] 18736K->5920K(36352K), 0.0004090 secs] [Times: user=0.01 sys=0.00, real=0.00 secs] 
352.433: Total time for which application threads were stopped: 0.0005260 seconds, Stopping threads took: 0.0000570 seconds
352.484: Application time: 0.0511160 seconds
352.484: [GC [PSYoungGen: 13279K->352K(13824K)] 18720K->6013K(36352K), 0.0004920 secs] [Times: user=0.01 sys=0.00, real=0.00 secs] 
352.484: Total time for which application threads were stopped: 0.0006190 seconds, Stopping threads took: 0.0000550 seconds
352.538: Application time: 0.0535750 seconds
352.538: [GC [PSYoungGen: 13150K->512K(13824K)] 18811K->6189K(36352K), 0.0004130 secs] [Times: user=0.00 sys=0.00, real=0.00 secs] 
352.539: Total time for which application threads were stopped: 0.0005280 seconds, Stopping threads took: 0.0000580 seconds
352.587: Application time: 0.0489960 seconds
352.588: [GC [PSYoungGen: 13308K->384K(13824K)] 18985K->6497K(36352K), 0.0004380 secs] [Times: user=0.00 sys=0.00, real=0.00 secs] 
352.588: Total time for which application threads were stopped: 0.0005460 seconds, Stopping threads took: 0.0000530 seconds
352.631: Application time: 0.0434480 seconds
352.632: [GC [PSYoungGen: 13180K->352K(13824K)] 19294K->6473K(36352K), 0.0003820 secs] [Times: user=0.00 sys=0.00, real=0.01 secs] 
352.632: Total time for which application threads were stopped: 0.0004940 seconds, Stopping threads took: 0.0000550 seconds
352.687: Application time: 0.0547260 seconds
352.687: [GC [PSYoungGen: 13148K->352K(13824K)] 19270K->6529K(36352K), 0.0003830 secs] [Times: user=0.00 sys=0.00, real=0.00 secs] 
352.687: Total time for which application threads were stopped: 0.0005140 seconds, Stopping threads took: 0.0000630 seconds
352.743: Application time: 0.0560360 seconds
352.743: [GC [PSYoungGen: 13151K->0K(13824K)] 19328K->6406K(36352K), 0.0003940 secs] [Times: user=0.00 sys=0.00, real=0.00 secs] 
352.744: Total time for which application threads were stopped: 0.0005100 seconds, Stopping threads took: 0.0000580 seconds
352.800: Application time: 0.0558300 seconds
352.800: [GC [PSYoungGen: 12799K->0K(13824K)] 19205K->6406K(36352K), 0.0003140 secs] [Times: user=0.01 sys=0.00, real=0.00 secs] 
352.800: Total time for which application threads were stopped: 0.0004180 seconds, Stopping threads took: 0.0000460 seconds
352.840: Application time: 0.0404350 seconds
352.841: [GC [PSYoungGen: 12799K->752K(13824K)] 19205K->7158K(36352K), 0.0005040 secs] [Times: user=0.00 sys=0.00, real=0.00 secs] 
352.841: Total time for which application threads were stopped: 0.0006250 seconds, Stopping threads took: 0.0000570 seconds
352.889: Application time: 0.0475640 seconds
352.889: [GC [PSYoungGen: 13549K->288K(13824K)] 19955K->7167K(36352K), 0.0005010 secs] [Times: user=0.00 sys=0.00, real=0.00 secs] 
352.889: Total time for which application threads were stopped: 0.0006050 seconds, Stopping threads took: 0.0000490 seconds
352.929: Application time: 0.0399890 seconds
352.929: [GC [PSYoungGen: 13087K->544K(13824K)] 19967K->7439K(36352K), 0.0004130 secs] [Times: user=0.00 sys=0.00, real=0.00 secs] 
352.930: Total time for which application threads were stopped: 0.0005290 seconds, Stopping threads took: 0.0000590 seconds
352.981: Application time: 0.0514620 seconds
352.981: [GC [PSYoungGen: 13341K->384K(13824K)] 20236K->7503K(36352K), 0.0004300 secs] [Times: user=0.00 sys=0.00, real=0.00 secs] 
352.982: Total time for which application threads were stopped: 0.0005520 seconds, Stopping threads took: 0.0000570 seconds
353.035: Application time: 0.0536430 seconds
353.036: [GC [PSYoungGen: 13182K->544K(13824K)] 20301K->7719K(36352K), 0.0004180 secs] [Times: user=0.00 sys=0.00, real=0.00 secs] 
353.036: Total time for which application threads were stopped: 0.0005390 seconds, Stopping threads took: 0.0000450 seconds
353.092: Application time: 0.0563750 seconds
353.092: [GC [PSYoungGen: 13343K->0K(13824K)] 20518K->7588K(36352K), 0.0004270 secs] [Times: user=0.00 sys=0.00, real=0.00 secs] 
353.093: Total time for which application threads were stopped: 0.0005450 seconds, Stopping threads took: 0.0000600 seconds
353.149: Application time: 0.0565470 seconds
353.150: [GC [PSYoungGen: 12799K->0K(13824K)] 20387K->7588K(36352K), 0.0003920 secs] [Times: user=0.00 sys=0.00, real=0.00 secs] 
353.150: Total time for which application threads were stopped: 0.0005190 seconds, Stopping threads took: 0.0000690 seconds
353.207: Application time: 0.0567040 seconds
353.207: [GC [PSYoungGen: 12799K->0K(13824K)] 20387K->7588K(36352K), 0.0003480 secs] [Times: user=0.00 sys=0.00, real=0.00 secs] 
353.207: Total time for which application threads were stopped: 0.0004560 seconds, Stopping threads took: 0.0000500 seconds
353.262: Application time: 0.0549380 seconds
353.262: [GC [PSYoungGen: 12798K->384K(13824K)] 20386K->7972K(36352K), 0.0003810 secs] [Times: user=0.00 sys=0.00, real=0.00 secs] 
353.263: Total time for which application threads were stopped: 0.0004900 seconds, Stopping threads took: 0.0000530 seconds
353.317: Application time: 0.0549190 seconds
353.318: [GC [PSYoungGen: 13182K->288K(13824K)] 20770K->8088K(36352K), 0.0004510 secs] [Times: user=0.00 sys=0.00, real=0.00 secs] 
353.318: Total time for which application threads were stopped: 0.0005600 seconds, Stopping threads took: 0.0000510 seconds
353.357: Application time: 0.0391610 seconds
353.357: [GC [PSYoungGen: 13086K->512K(13824K)] 20886K->8368K(36352K), 0.0004930 secs] [Times: user=0.01 sys=0.00, real=0.00 secs] 
353.358: Total time for which application threads were stopped: 0.0006030 seconds, Stopping threads took: 0.0000510 seconds
353.404: Application time: 0.0465800 seconds
353.404: [GC [PSYoungGen: 13309K->576K(13824K)] 21166K->8661K(36352K), 0.0004640 secs] [Times: user=0.00 sys=0.00, real=0.00 secs] 
353.405: Total time for which application threads were stopped: 0.0005740 seconds, Stopping threads took: 0.0000500 seconds
353.448: Application time: 0.0432670 seconds
353.448: [GC [PSYoungGen: 13374K->544K(13824K)] 21460K->8701K(36352K), 0.0003950 secs] [Times: user=0.00 sys=0.00, real=0.00 secs] 
353.449: Total time for which application threads were stopped: 0.0005090 seconds, Stopping threads took: 0.0000610 seconds
353.504: Application time: 0.0548810 seconds
353.504: [GC [PSYoungGen: 13340K->320K(13824K)] 21497K->8689K(36352K), 0.0005180 secs] [Times: user=0.00 sys=0.00, real=0.00 secs] 
353.504: Total time for which application threads were stopped: 0.0006330 seconds, Stopping threads took: 0.0000560 seconds
353.544: Application time: 0.0399140 seconds
353.544: [GC [PSYoungGen: 13119K->320K(13824K)] 21489K->8913K(36352K), 0.0004760 secs] [Times: user=0.00 sys=0.00, real=0.00 secs] 
353.545: Total time for which application threads were stopped: 0.0006210 seconds, Stopping threads took: 0.0000760 seconds
353.597: Application time: 0.0523560 seconds
353.597: [GC [PSYoungGen: 13116K->224K(13824K)] 21710K->8825K(36352K), 0.0004400 secs] [Times: user=0.00 sys=0.00, real=0.00 secs] 
353.598: Total time for which application threads were stopped: 0.0005660 seconds, Stopping threads took: 0.0000700 seconds
353.653: Application time: 0.0549050 seconds
353.653: [GC [PSYoungGen: 13020K->352K(13824K)] 21622K->8969K(36352K), 0.0004000 secs] [Times: user=0.00 sys=0.00, real=0.00 secs] 
353.653: Total time for which application threads were stopped: 0.0005140 seconds, Stopping threads took: 0.0000560 seconds
353.709: Application time: 0.0559530 seconds
353.709: [GC [PSYoungGen: 13151K->0K(13824K)] 21768K->8830K(36352K), 0.0004170 secs] [Times: user=0.00 sys=0.00, real=0.00 secs] 
353.710: Total time for which application threads were stopped: 0.0005390 seconds, Stopping threads took: 0.0000600 seconds
353.764: Application time: 0.0543680 seconds
353.764: [GC [PSYoungGen: 12798K->384K(13824K)] 21628K->9214K(36352K), 0.0003630 secs] [Times: user=0.00 sys=0.00, real=0.00 secs] 
353.765: Total time for which application threads were stopped: 0.0004760 seconds, Stopping threads took: 0.0000580 seconds
353.820: Application time: 0.0554530 seconds
353.820: [GC [PSYoungGen: 13180K->320K(13824K)] 22010K->9370K(36352K), 0.0003660 secs] [Times: user=0.00 sys=0.00, real=0.00 secs] 
353.820: Total time for which application threads were stopped: 0.0004690 seconds, Stopping threads took: 0.0000450 seconds
353.876: Application time: 0.0556830 seconds
353.876: [GC [PSYoungGen: 13116K->288K(13824K)] 22167K->9362K(36352K), 0.0004150 secs] [Times: user=0.00 sys=0.00, real=0.00 secs] 
353.877: Total time for which application threads were stopped: 0.0005360 seconds, Stopping threads took: 0.0000610 seconds
353.932: Application time: 0.0558150 seconds
353.933: [GC [PSYoungGen: 13086K->224K(13824K)] 22160K->9503K(36352K), 0.0004190 secs] [Times: user=0.00 sys=0.00, real=0.00 secs] 
353.933: Total time for which application threads were stopped: 0.0005330 seconds, Stopping threads took: 0.0000540 seconds
353.989: Application time: 0.0558980 seconds
353.989: [GC [PSYoungGen: 13023K->352K(13824K)] 22302K->9655K(36352K), 0.0003820 secs] [Times: user=0.00 sys=0.00, real=0.00 secs] 
353.989: Total time for which application threads were stopped: 0.0005120 seconds, Stopping threads took: 0.0000720 seconds
354.047: Application time: 0.0571310 seconds
354.047: [GC [PSYoungGen: 13149K->0K(13824K)] 22452K->9551K(36352K), 0.0003910 secs] [Times: user=0.00 sys=0.00, real=0.00 secs] 
354.047: Total time for which application threads were stopped: 0.0005240 seconds, Stopping threads took: 0.0000630 seconds
354.104: Application time: 0.0568090 seconds
354.104: [GC [PSYoungGen: 12799K->0K(13824K)] 22350K->9551K(36352K), 0.0003530 secs] [Times: user=0.00 sys=0.00, real=0.00 secs] 
354.104: Total time for which application threads were stopped: 0.0004760 seconds, Stopping threads took: 0.0000600 seconds
354.145: Application time: 0.0403610 seconds
354.145: [GC [PSYoungGen: 12796K->512K(13824K)] 22347K->10063K(36352K), 0.0003940 secs] [Times: user=0.00 sys=0.00, real=0.00 secs] 
354.145: Total time for which application threads were stopped: 0.0004940 seconds, Stopping threads took: 0.0000430 seconds
354.182: Application time: 0.0365200 seconds
354.182: [GC [PSYoungGen: 13309K->480K(13824K)] 22861K->10047K(36352K), 0.0003960 secs] [Times: user=0.00 sys=0.00, real=0.00 secs] 
354.182: Total time for which application threads were stopped: 0.0005300 seconds, Stopping threads took: 0.0000720 seconds
354.234: Application time: 0.0519660 seconds
354.234: [GC [PSYoungGen: 13277K->512K(13824K)] 22844K->10087K(36352K), 0.0003950 secs] [Times: user=0.00 sys=0.00, real=0.00 secs] 
354.235: Total time for which application threads were stopped: 0.0005090 seconds, Stopping threads took: 0.0000560 seconds
354.291: Application time: 0.0559620 seconds
354.291: [GC [PSYoungGen: 13311K->288K(13824K)] 22886K->10108K(36352K), 0.0004540 secs] [Times: user=0.00 sys=0.00, real=0.00 secs] 
354.291: Total time for which application threads were stopped: 0.0005750 seconds, Stopping threads took: 0.0000570 seconds
354.331: Application time: 0.0398470 seconds
354.331: [GC [PSYoungGen: 13085K->320K(13824K)] 22905K->10484K(36352K), 0.0004250 secs] [Times: user=0.00 sys=0.00, real=0.00 secs] 
354.332: Total time for which application threads were stopped: 0.0005440 seconds, Stopping threads took: 0.0000560 seconds
354.384: Application time: 0.0522640 seconds
354.384: [GC [PSYoungGen: 13116K->352K(13824K)] 23281K->10532K(36352K), 0.0004010 secs] [Times: user=0.00 sys=0.00, real=0.00 secs] 
354.384: Total time for which application threads were stopped: 0.0005160 seconds, Stopping threads took: 0.0000530 seconds
354.440: Application time: 0.0550950 seconds
354.440: [GC [PSYoungGen: 13148K->384K(13824K)] 23328K->10628K(36352K), 0.0003670 secs] [Times: user=0.00 sys=0.00, real=0.01 secs] 
354.440: Total time for which application threads were stopped: 0.0004840 seconds, Stopping threads took: 0.0000610 seconds
354.497: Application time: 0.0570450 seconds
354.497: [GC [PSYoungGen: 13181K->0K(13824K)] 23425K->10464K(36352K), 0.0003920 secs] [Times: user=0.00 sys=0.00, real=0.00 secs] 
354.498: Total time for which application threads were stopped: 0.0005140 seconds, Stopping threads took: 0.0000650 seconds
354.546: Application time: 0.0485840 seconds
354.546: [GC [PSYoungGen: 12796K->576K(13824K)] 23260K->11040K(36352K), 0.0003810 secs] [Times: user=0.00 sys=0.00, real=0.00 secs] 
354.547: Total time for which application threads were stopped: 0.0004910 seconds, Stopping threads took: 0.0000550 seconds
354.586: Application time: 0.0393820 seconds
354.586: [GC [PSYoungGen: 13374K->736K(13824K)] 23839K->11256K(36352K), 0.0005120 secs] [Times: user=0.00 sys=0.00, real=0.00 secs] 
354.587: Total time for which application threads were stopped: 0.0006540 seconds, Stopping threads took: 0.0000680 seconds
354.634: Application time: 0.0474440 seconds
354.634: [GC [PSYoungGen: 13534K->256K(13824K)] 24054K->11406K(36352K), 0.0005600 secs] [Times: user=0.00 sys=0.00, real=0.00 secs] 
354.635: Total time for which application threads were stopped: 0.0006680 seconds, Stopping threads took: 0.0000480 seconds
354.678: Application time: 0.0432760 seconds
354.678: [GC [PSYoungGen: 13054K->544K(13824K)] 24204K->11710K(36352K), 0.0005040 secs] [Times: user=0.01 sys=0.00, real=0.00 secs] 
354.679: Total time for which application threads were stopped: 0.0006210 seconds, Stopping threads took: 0.0000550 seconds
354.733: Application time: 0.0538030 seconds
354.733: [GC [PSYoungGen: 13342K->544K(13824K)] 24508K->11966K(36352K), 0.0004320 secs] [Times: user=0.00 sys=0.00, real=0.00 secs] 
354.733: Total time for which application threads were stopped: 0.0005570 seconds, Stopping threads took: 0.0000660 seconds
354.788: Application time: 0.0551330 seconds
354.788: [GC [PSYoungGen: 13340K->288K(13824K)] 24763K->11926K(36352K), 0.0005490 secs] [Times: user=0.00 sys=0.00, real=0.00 secs] 
354.789: Total time for which application threads were stopped: 0.0006770 seconds, Stopping threads took: 0.0000690 seconds
354.845: Application time: 0.0561930 seconds
354.845: [GC [PSYoungGen: 13087K->0K(13312K)] 24725K->11854K(35840K), 0.0003880 secs] [Times: user=0.00 sys=0.00, real=0.00 secs] 
354.846: Total time for which application threads were stopped: 0.0005350 seconds, Stopping threads took: 0.0000910 seconds
354.902: Application time: 0.0563050 seconds
354.902: [GC [PSYoungGen: 12799K->0K(13824K)] 24653K->11854K(36352K), 0.0003450 secs] [Times: user=0.00 sys=0.00, real=0.00 secs] 
354.902: Total time for which application threads were stopped: 0.0004510 seconds, Stopping threads took: 0.0000500 seconds
354.958: Application time: 0.0560090 seconds
354.959: [GC [PSYoungGen: 12799K->0K(13312K)] 24653K->11854K(35840K), 0.0003540 secs] [Times: user=0.00 sys=0.00, real=0.00 secs] 
354.959: Total time for which application threads were stopped: 0.0004830 seconds, Stopping threads took: 0.0000690 seconds
355.011: Application time: 0.0520130 seconds
355.011: [GC [PSYoungGen: 12796K->592K(13824K)] 24650K->12446K(36352K), 0.0004020 secs] [Times: user=0.00 sys=0.00, real=0.00 secs] 
355.011: Total time for which application threads were stopped: 0.0005230 seconds, Stopping threads took: 0.0000640 seconds
355.051: Application time: 0.0394780 seconds
355.052: [GC [PSYoungGen: 13389K->544K(13824K)] 25243K->12659K(36352K), 0.0004490 secs] [Times: user=0.00 sys=0.00, real=0.00 secs] 
355.052: Total time for which application threads were stopped: 0.0012920 seconds, Stopping threads took: 0.0007840 seconds
355.102: Application time: 0.0497770 seconds
355.102: [GC [PSYoungGen: 13343K->704K(13824K)] 25458K->12843K(36352K), 0.0004760 secs] [Times: user=0.00 sys=0.00, real=0.00 secs] 
355.103: Total time for which application threads were stopped: 0.0006020 seconds, Stopping threads took: 0.0000600 seconds
355.142: Application time: 0.0390790 seconds
355.142: [GC [PSYoungGen: 13500K->496K(13312K)] 25639K->12907K(35840K), 0.0004610 secs] [Times: user=0.00 sys=0.00, real=0.00 secs] 
355.142: Total time for which application threads were stopped: 0.0005850 seconds, Stopping threads took: 0.0000690 seconds
355.198: Application time: 0.0555900 seconds
355.198: [GC [PSYoungGen: 13292K->0K(14336K)] 25704K->12816K(36864K), 0.0004030 secs] [Times: user=0.00 sys=0.00, real=0.00 secs] 
355.198: Total time for which application threads were stopped: 0.0005200 seconds, Stopping threads took: 0.0000580 seconds
355.241: Application time: 0.0422180 seconds
355.241: [GC [PSYoungGen: 12796K->544K(14336K)] 25612K->13360K(36864K), 0.0004060 secs] [Times: user=0.00 sys=0.00, real=0.00 secs] 
355.241: Total time for which application threads were stopped: 0.0005250 seconds, Stopping threads took: 0.0000600 seconds
355.290: Application time: 0.0491100 seconds
355.290: [GC [PSYoungGen: 13343K->352K(14336K)] 26160K->13388K(36864K), 0.0004270 secs] [Times: user=0.00 sys=0.00, real=0.00 secs] 
355.291: Total time for which application threads were stopped: 0.0005310 seconds, Stopping threads took: 0.0000510 seconds
355.345: Application time: 0.0545860 seconds
355.345: [GC [PSYoungGen: 13150K->256K(13312K)] 26187K->13308K(35840K), 0.0004750 secs] [Times: user=0.00 sys=0.00, real=0.00 secs] 
355.346: Total time for which application threads were stopped: 0.0006080 seconds, Stopping threads took: 0.0000720 seconds
355.402: Application time: 0.0559660 seconds
355.402: [GC [PSYoungGen: 13055K->0K(13824K)] 26108K->13276K(36352K), 0.0003960 secs] [Times: user=0.01 sys=0.00, real=0.00 secs] 
355.402: Total time for which application threads were stopped: 0.0005210 seconds, Stopping threads took: 0.0000670 seconds
355.458: Application time: 0.0553400 seconds
355.458: [GC [PSYoungGen: 12796K->384K(13824K)] 26073K->13660K(36352K), 0.0004010 secs] [Times: user=0.00 sys=0.00, real=0.00 secs] 
355.458: Total time for which application threads were stopped: 0.0005040 seconds, Stopping threads took: 0.0000400 seconds
355.520: Application time: 0.0616240 seconds
355.520: [GC [PSYoungGen: 13181K->0K(13824K)] 26458K->13492K(36352K), 0.0004060 secs] [Times: user=0.00 sys=0.00, real=0.00 secs] 
355.520: Total time for which application threads were stopped: 0.0005250 seconds, Stopping threads took: 0.0000590 seconds
355.580: Application time: 0.0600180 seconds
355.581: [GC [PSYoungGen: 12798K->416K(13824K)] 26290K->13908K(36352K), 0.0004110 secs] [Times: user=0.00 sys=0.00, real=0.00 secs] 
355.581: Total time for which application threads were stopped: 0.0005370 seconds, Stopping threads took: 0.0000640 seconds
355.643: Application time: 0.0619510 seconds
355.644: [GC [PSYoungGen: 13215K->0K(13824K)] 26708K->13716K(36352K), 0.0004250 secs] [Times: user=0.00 sys=0.00, real=0.00 secs] 
355.644: Total time for which application threads were stopped: 0.0012450 seconds, Stopping threads took: 0.0007500 seconds
355.704: Application time: 0.0602690 seconds
355.705: [GC [PSYoungGen: 12799K->384K(13824K)] 26516K->14100K(36352K), 0.0004060 secs] [Times: user=0.00 sys=0.00, real=0.00 secs] 
355.705: Total time for which application threads were stopped: 0.0005290 seconds, Stopping threads took: 0.0000600 seconds
355.767: Application time: 0.0624060 seconds
355.768: [GC [PSYoungGen: 13183K->0K(13824K)] 26900K->13961K(36352K), 0.0004190 secs] [Times: user=0.01 sys=0.00, real=0.00 secs] 
355.768: Total time for which application threads were stopped: 0.0005250 seconds, Stopping threads took: 0.0000500 seconds
355.830: Application time: 0.0621540 seconds
355.830: [GC [PSYoungGen: 12799K->0K(13824K)] 26760K->13961K(36352K), 0.0003580 secs] [Times: user=0.00 sys=0.00, real=0.00 secs] 
355.831: Total time for which application threads were stopped: 0.0004810 seconds, Stopping threads took: 0.0000670 seconds
355.882: Application time: 0.0518300 seconds
355.883: [GC [PSYoungGen: 12795K->512K(13824K)] 26757K->14473K(36352K), 0.0004200 secs] [Times: user=0.00 sys=0.00, real=0.00 secs] 
355.883: Total time for which application threads were stopped: 0.0005570 seconds, Stopping threads took: 0.0000770 seconds
355.918: Application time: 0.0349920 seconds
355.918: [GC [PSYoungGen: 13309K->480K(13824K)] 27270K->14457K(36352K), 0.0004230 secs] [Times: user=0.00 sys=0.00, real=0.00 secs] 
355.919: Total time for which application threads were stopped: 0.0005430 seconds, Stopping threads took: 0.0000620 seconds
355.974: Application time: 0.0551450 seconds
355.974: [GC [PSYoungGen: 13279K->384K(13824K)] 27257K->14577K(36352K), 0.0004460 secs] [Times: user=0.00 sys=0.00, real=0.00 secs] 
355.974: Total time for which application threads were stopped: 0.0005780 seconds, Stopping threads took: 0.0000700 seconds
356.033: Application time: 0.0589410 seconds
356.033: [GC [PSYoungGen: 13182K->544K(13824K)] 27376K->14753K(36352K), 0.0004460 secs] [Times: user=0.00 sys=0.00, real=0.00 secs] 
356.034: Total time for which application threads were stopped: 0.0005760 seconds, Stopping threads took: 0.0000660 seconds
356.086: Application time: 0.0526640 seconds
356.087: [GC [PSYoungGen: 13342K->320K(13824K)] 27551K->14958K(36352K), 0.0005020 secs] [Times: user=0.00 sys=0.00, real=0.00 secs] 
356.087: Total time for which application threads were stopped: 0.0006330 seconds, Stopping threads took: 0.0000680 seconds
356.136: Application time: 0.0490140 seconds
356.136: [GC [PSYoungGen: 13116K->352K(13824K)] 27755K->14998K(36352K), 0.0003930 secs] [Times: user=0.00 sys=0.00, real=0.00 secs] 
356.137: Total time for which application threads were stopped: 0.0005070 seconds, Stopping threads took: 0.0000520 seconds
356.197: Application time: 0.0601790 seconds
356.197: [GC [PSYoungGen: 13147K->352K(13824K)] 27794K->15062K(36352K), 0.0004270 secs] [Times: user=0.00 sys=0.00, real=0.00 secs] 
356.197: Total time for which application threads were stopped: 0.0005500 seconds, Stopping threads took: 0.0000540 seconds
356.259: Application time: 0.0615230 seconds
356.259: [GC [PSYoungGen: 13151K->0K(13824K)] 27861K->14922K(36352K), 0.0003840 secs] [Times: user=0.00 sys=0.00, real=0.00 secs] 
356.259: Total time for which application threads were stopped: 0.0005030 seconds, Stopping threads took: 0.0000540 seconds
356.320: Application time: 0.0611060 seconds
356.321: [GC [PSYoungGen: 12799K->0K(13824K)] 27721K->14922K(36352K), 0.0003590 secs] [Times: user=0.00 sys=0.00, real=0.00 secs] 
356.321: Total time for which application threads were stopped: 0.0004770 seconds, Stopping threads took: 0.0000570 seconds
356.362: Application time: 0.0412920 seconds
356.362: [GC [PSYoungGen: 12797K->752K(13824K)] 27719K->15674K(36352K), 0.0004820 secs] [Times: user=0.00 sys=0.00, real=0.00 secs] 
356.363: Total time for which application threads were stopped: 0.0005990 seconds, Stopping threads took: 0.0000520 seconds
356.417: Application time: 0.0541300 seconds
356.417: [GC [PSYoungGen: 13547K->512K(13824K)] 28470K->15907K(36352K), 0.0005210 secs] [Times: user=0.01 sys=0.00, real=0.00 secs] 
356.418: Total time for which application threads were stopped: 0.0006520 seconds, Stopping threads took: 0.0000680 seconds
356.461: Application time: 0.0435980 seconds
356.461: [GC [PSYoungGen: 13307K->512K(13824K)] 28703K->15923K(36352K), 0.0004050 secs] [Times: user=0.00 sys=0.00, real=0.00 secs] 
356.462: Total time for which application threads were stopped: 0.0005120 seconds, Stopping threads took: 0.0000490 seconds
356.520: Application time: 0.0580360 seconds
356.520: [GC [PSYoungGen: 13308K->336K(13824K)] 28720K->15976K(36352K), 0.0004320 secs] [Times: user=0.00 sys=0.00, real=0.00 secs] 
356.520: Total time for which application threads were stopped: 0.0005650 seconds, Stopping threads took: 0.0000730 seconds
356.579: Application time: 0.0589210 seconds
356.579: [GC [PSYoungGen: 13134K->672K(13824K)] 28774K->16368K(36352K), 0.0005070 secs] [Times: user=0.00 sys=0.00, real=0.01 secs] 
356.580: Total time for which application threads were stopped: 0.0006460 seconds, Stopping threads took: 0.0000790 seconds
356.643: Application time: 0.0625940 seconds
356.643: [GC [PSYoungGen: 13471K->0K(13824K)] 29167K->16113K(36352K), 0.0004520 secs] [Times: user=0.00 sys=0.00, real=0.00 secs] 
356.643: Total time for which application threads were stopped: 0.0005720 seconds, Stopping threads took: 0.0000570 seconds
356.705: Application time: 0.0622120 seconds
356.705: [GC [PSYoungGen: 12799K->0K(13824K)] 28912K->16113K(36352K), 0.0003930 secs] [Times: user=0.00 sys=0.00, real=0.00 secs] 
356.706: Total time for which application threads were stopped: 0.0005370 seconds, Stopping threads took: 0.0000760 seconds
356.769: Application time: 0.0627250 seconds
356.769: [GC [PSYoungGen: 12799K->0K(13824K)] 28912K->16113K(36352K), 0.0003870 secs] [Times: user=0.00 sys=0.00, real=0.00 secs] 
356.769: Total time for which application threads were stopped: 0.0005010 seconds, Stopping threads took: 0.0000530 seconds
356.830: Application time: 0.0605050 seconds
356.830: [GC [PSYoungGen: 12798K->320K(13824K)] 28911K->16433K(36352K), 0.0004220 secs] [Times: user=0.00 sys=0.00, real=0.00 secs] 
356.830: Total time for which application threads were stopped: 0.0005310 seconds, Stopping threads took: 0.0000510 seconds
356.878: Application time: 0.0480820 seconds
356.878: [GC [PSYoungGen: 13118K->416K(13824K)] 29231K->16758K(36352K), 0.0004380 secs] [Times: user=0.00 sys=0.00, real=0.00 secs] 
356.879: Total time for which application threads were stopped: 0.0005500 seconds, Stopping threads took: 0.0000500 seconds
356.930: Application time: 0.0517500 seconds
356.932: [GC [PSYoungGen: 13215K->480K(13824K)] 29557K->16878K(36352K), 0.0005210 secs] [Times: user=0.00 sys=0.00, real=0.00 secs] 
356.932: Total time for which application threads were stopped: 0.0018370 seconds, Stopping threads took: 0.0012540 seconds
356.978: Application time: 0.0456330 seconds
356.978: [GC [PSYoungGen: 13279K->608K(13824K)] 29677K->17246K(36352K), 0.0004810 secs] [Times: user=0.00 sys=0.00, real=0.00 secs] 
356.979: Total time for which application threads were stopped: 0.0006190 seconds, Stopping threads took: 0.0000730 seconds
357.033: Application time: 0.0548390 seconds
357.034: [GC [PSYoungGen: 13405K->384K(13824K)] 30043K->17282K(36352K), 0.0004640 secs] [Times: user=0.00 sys=0.00, real=0.00 secs] 
357.034: Total time for which application threads were stopped: 0.0005870 seconds, Stopping threads took: 0.0000600 seconds
357.085: Application time: 0.0505120 seconds
357.085: [GC [PSYoungGen: 13183K->544K(13824K)] 30082K->17450K(36352K), 0.0004750 secs] [Times: user=0.00 sys=0.00, real=0.00 secs] 
357.085: Total time for which application threads were stopped: 0.0005970 seconds, Stopping threads took: 0.0000630 seconds
357.135: Application time: 0.0499770 seconds
357.135: [GC [PSYoungGen: 13343K->320K(13824K)] 30250K->17570K(36352K), 0.0004370 secs] [Times: user=0.00 sys=0.00, real=0.00 secs] 
357.136: Total time for which application threads were stopped: 0.0005450 seconds, Stopping threads took: 0.0000480 seconds
357.195: Application time: 0.0597940 seconds
357.196: [GC [PSYoungGen: 13116K->352K(13824K)] 30367K->17626K(36352K), 0.0004420 secs] [Times: user=0.00 sys=0.00, real=0.00 secs] 
357.196: Total time for which application threads were stopped: 0.0005950 seconds, Stopping threads took: 0.0000920 seconds
357.257: Application time: 0.0612910 seconds
357.257: [GC [PSYoungGen: 13151K->0K(13824K)] 30425K->17610K(36352K), 0.0004150 secs] [Times: user=0.00 sys=0.00, real=0.00 secs] 
357.258: Total time for which application threads were stopped: 0.0005540 seconds, Stopping threads took: 0.0000690 seconds
357.318: Application time: 0.0603290 seconds
357.318: [GC [PSYoungGen: 12796K->352K(13824K)] 30407K->17962K(36352K), 0.0004180 secs] [Times: user=0.00 sys=0.00, real=0.00 secs] 
357.319: Total time for which application threads were stopped: 0.0005310 seconds, Stopping threads took: 0.0000510 seconds
357.379: Application time: 0.0606320 seconds
357.379: [GC [PSYoungGen: 13148K->288K(13824K)] 30759K->17914K(36352K), 0.0004340 secs] [Times: user=0.00 sys=0.00, real=0.01 secs] 
357.380: Total time for which application threads were stopped: 0.0005520 seconds, Stopping threads took: 0.0000560 seconds
357.440: Application time: 0.0603050 seconds
357.440: [GC [PSYoungGen: 13086K->320K(13824K)] 30713K->18159K(36352K), 0.0004670 secs] [Times: user=0.01 sys=0.00, real=0.00 secs] 
357.441: Total time for which application threads were stopped: 0.0005660 seconds, Stopping threads took: 0.0000420 seconds
357.503: Application time: 0.0619840 seconds
357.503: [GC [PSYoungGen: 13119K->0K(13824K)] 30958K->18071K(36352K), 0.0004320 secs] [Times: user=0.00 sys=0.00, real=0.00 secs] 
357.503: Total time for which application threads were stopped: 0.0005760 seconds, Stopping threads took: 0.0000790 seconds
357.563: Application time: 0.0599070 seconds
357.563: [GC [PSYoungGen: 12796K->384K(13824K)] 30867K->18455K(36352K), 0.0004240 secs] [Times: user=0.00 sys=0.00, real=0.00 secs] 
357.564: Total time for which application threads were stopped: 0.0005240 seconds, Stopping threads took: 0.0000410 seconds
357.628: Application time: 0.0642170 seconds
357.628: [GC [PSYoungGen: 13183K->0K(13824K)] 31255K->18323K(36352K), 0.0004380 secs] [Times: user=0.00 sys=0.00, real=0.00 secs] 
357.629: Total time for which application threads were stopped: 0.0005530 seconds, Stopping threads took: 0.0000480 seconds
357.691: Application time: 0.0621680 seconds
357.691: [GC [PSYoungGen: 12799K->0K(13824K)] 31123K->18323K(36352K), 0.0003890 secs] [Times: user=0.00 sys=0.00, real=0.00 secs] 
357.691: Total time for which application threads were stopped: 0.0005190 seconds, Stopping threads took: 0.0000680 seconds
357.748: Application time: 0.0569330 seconds
357.748: [GC [PSYoungGen: 12798K->352K(13824K)] 31122K->18675K(36352K), 0.0004430 secs] [Times: user=0.01 sys=0.00, real=0.00 secs] 
357.749: Total time for which application threads were stopped: 0.0005690 seconds, Stopping threads took: 0.0000640 seconds
357.790: Application time: 0.0410580 seconds
357.790: [GC [PSYoungGen: 13150K->544K(13824K)] 31474K->18883K(36352K), 0.0004140 secs] [Times: user=0.01 sys=0.00, real=0.00 secs] 
357.790: Total time for which application threads were stopped: 0.0005650 seconds, Stopping threads took: 0.0000690 seconds
357.835: Application time: 0.0443300 seconds
357.835: [GC [PSYoungGen: 13340K->416K(13824K)] 31680K->18968K(36352K), 0.0004490 secs] [Times: user=0.00 sys=0.00, real=0.00 secs] 
357.835: Total time for which application threads were stopped: 0.0005760 seconds, Stopping threads took: 0.0000650 seconds
357.895: Application time: 0.0592740 seconds
357.895: [GC [PSYoungGen: 13212K->320K(13824K)] 31765K->19085K(36352K), 0.0004770 secs] [Times: user=0.00 sys=0.00, real=0.00 secs] 
357.895: Total time for which application threads were stopped: 0.0005840 seconds, Stopping threads took: 0.0000510 seconds
357.954: Application time: 0.0586530 seconds
357.954: [GC [PSYoungGen: 13115K->448K(13824K)] 31881K->19577K(36352K), 0.0006030 secs] [Times: user=0.00 sys=0.00, real=0.00 secs] 
357.955: Total time for which application threads were stopped: 0.0007220 seconds, Stopping threads took: 0.0000560 seconds
357.999: Application time: 0.0442250 seconds
357.999: [GC [PSYoungGen: 13245K->288K(13824K)] 32375K->19622K(36352K), 0.0005010 secs] [Times: user=0.01 sys=0.00, real=0.00 secs] 
357.999: Total time for which application threads were stopped: 0.0006210 seconds, Stopping threads took: 0.0000610 seconds
358.058: Application time: 0.0586410 seconds
358.058: [GC [PSYoungGen: 13086K->288K(13824K)] 32421K->19638K(36352K), 0.0004870 secs] [Times: user=0.00 sys=0.00, real=0.00 secs] 
358.059: Total time for which application threads were stopped: 0.0006200 seconds, Stopping threads took: 0.0000720 seconds
358.119: Application time: 0.0602450 seconds
358.119: [GC [PSYoungGen: 13084K->352K(13824K)] 32434K->19766K(36352K), 0.0004270 secs] [Times: user=0.00 sys=0.00, real=0.00 secs] 
358.119: Total time for which application threads were stopped: 0.0005410 seconds, Stopping threads took: 0.0000520 seconds
358.181: Application time: 0.0612060 seconds
358.181: [GC [PSYoungGen: 13151K->0K(13824K)] 32565K->19630K(36352K), 0.0004020 secs] [Times: user=0.00 sys=0.00, real=0.00 secs] 
358.181: Total time for which application threads were stopped: 0.0005210 seconds, Stopping threads took: 0.0000580 seconds
358.230: Application time: 0.0488800 seconds
358.230: [GC [PSYoungGen: 12799K->544K(13824K)] 32429K->20174K(36352K), 0.0004200 secs] [Times: user=0.00 sys=0.00, real=0.00 secs] 
358.231: Total time for which application threads were stopped: 0.0005250 seconds, Stopping threads took: 0.0000450 seconds
358.279: Application time: 0.0482780 seconds
358.279: [GC [PSYoungGen: 13341K->576K(13824K)] 32971K->20586K(36352K), 0.0004930 secs] [Times: user=0.00 sys=0.00, real=0.00 secs] 
358.279: Total time for which application threads were stopped: 0.0006050 seconds, Stopping threads took: 0.0000520 seconds
358.329: Application time: 0.0495390 seconds
358.329: [GC [PSYoungGen: 13373K->544K(13824K)] 33384K->20799K(36352K), 0.0005360 secs] [Times: user=0.00 sys=0.00, real=0.00 secs] 
358.330: Total time for which application threads were stopped: 0.0006760 seconds, Stopping threads took: 0.0000710 seconds
358.380: Application time: 0.0501750 seconds
358.380: [GC [PSYoungGen: 13343K->368K(13824K)] 33598K->20851K(36352K), 0.0004550 secs] [Times: user=0.01 sys=0.00, real=0.00 secs] 
358.380: Total time for which application threads were stopped: 0.0005720 seconds, Stopping threads took: 0.0000540 seconds
358.439: Application time: 0.0584580 seconds
358.439: [GC [PSYoungGen: 13166K->576K(13824K)] 33650K->21124K(36352K), 0.0004450 secs] [Times: user=0.00 sys=0.00, real=0.00 secs] 
358.439: Total time for which application threads were stopped: 0.0005610 seconds, Stopping threads took: 0.0000590 seconds
358.501: Application time: 0.0617210 seconds
358.501: [GC [PSYoungGen: 13375K->0K(13824K)] 33923K->20952K(36352K), 0.0004980 secs] [Times: user=0.00 sys=0.00, real=0.00 secs] 
358.502: Total time for which application threads were stopped: 0.0006240 seconds, Stopping threads took: 0.0000630 seconds
358.564: Application time: 0.0620430 seconds
358.564: [GC [PSYoungGen: 12799K->0K(13824K)] 33751K->20952K(36352K), 0.0003910 secs] [Times: user=0.00 sys=0.00, real=0.00 secs] 
358.564: Total time for which application threads were stopped: 0.0005230 seconds, Stopping threads took: 0.0000680 seconds
358.627: Application time: 0.0626950 seconds
358.627: [GC [PSYoungGen: 12797K->0K(13824K)] 33749K->20952K(36352K), 0.0003830 secs] [Times: user=0.00 sys=0.00, real=0.00 secs] 
358.628: Total time for which application threads were stopped: 0.0005090 seconds, Stopping threads took: 0.0000620 seconds
358.688: Application time: 0.0607380 seconds
358.688: [GC [PSYoungGen: 12799K->256K(13824K)] 33752K->21208K(36352K), 0.0003960 secs] [Times: user=0.00 sys=0.00, real=0.00 secs] 
358.689: Total time for which application threads were stopped: 0.0005090 seconds, Stopping threads took: 0.0000530 seconds
358.742: Application time: 0.0536040 seconds
358.743: [GC [PSYoungGen: 13053K->448K(13824K)] 34006K->21461K(36352K), 0.0004580 secs] [Times: user=0.01 sys=0.00, real=0.00 secs] 
358.743: Total time for which application threads were stopped: 0.0005810 seconds, Stopping threads took: 0.0000610 seconds
358.790: Application time: 0.0471720 seconds
358.790: [GC [PSYoungGen: 13244K->512K(13824K)] 34257K->21725K(36352K), 0.0004840 secs] [Times: user=0.01 sys=0.00, real=0.00 secs] 
358.791: Total time for which application threads were stopped: 0.0006030 seconds, Stopping threads took: 0.0000590 seconds
358.844: Application time: 0.0528770 seconds
358.844: [GC [PSYoungGen: 13310K->544K(13824K)] 34523K->21973K(36352K), 0.0004680 secs] [Times: user=0.01 sys=0.00, real=0.00 secs] 
358.844: Total time for which application threads were stopped: 0.0005840 seconds, Stopping threads took: 0.0000470 seconds
358.891: Application time: 0.0464000 seconds
358.892: [GC [PSYoungGen: 13342K->512K(13824K)] 34772K->22185K(36352K), 0.0005230 secs] [Times: user=0.00 sys=0.00, real=0.00 secs] 
358.892: Total time for which application threads were stopped: 0.0016500 seconds, Stopping threads took: 0.0010660 seconds
358.947: Application time: 0.0547620 seconds
358.947: [GC [PSYoungGen: 13308K->320K(13824K)] 34981K->22406K(36352K), 0.0005940 secs] [Times: user=0.00 sys=0.00, real=0.00 secs] 
358.948: [Full GC [PSYoungGen: 320K->0K(13824K)] [ParOldGen: 22086K->4448K(22528K)] 22406K->4448K(36352K) [PSPermGen: 5580K->5580K(21504K)], 0.0062280 secs] [Times: user=0.02 sys=0.00, real=0.01 secs] 
358.954: Total time for which application threads were stopped: 0.0070190 seconds, Stopping threads took: 0.0000810 seconds
359.000: Application time: 0.0455810 seconds
359.004: [GC [PSYoungGen: 12798K->512K(13824K)] 17247K->4960K(36352K), 0.0004930 secs] [Times: user=0.00 sys=0.00, real=0.00 secs] 
359.004: Total time for which application threads were stopped: 0.0045910 seconds, Stopping threads took: 0.0040380 seconds
359.065: Application time: 0.0606670 seconds
359.065: [GC [PSYoungGen: 13290K->256K(13824K)] 17739K->4936K(36352K), 0.0004140 secs] [Times: user=0.00 sys=0.00, real=0.00 secs] 
359.066: Total time for which application threads were stopped: 0.0005270 seconds, Stopping threads took: 0.0000540 seconds
359.126: Application time: 0.0606670 seconds
359.126: [GC [PSYoungGen: 13052K->192K(13824K)] 17732K->4949K(36352K), 0.0004170 secs] [Times: user=0.00 sys=0.00, real=0.00 secs] 
359.127: Total time for which application threads were stopped: 0.0005390 seconds, Stopping threads took: 0.0000600 seconds
359.188: Application time: 0.0613230 seconds
359.188: [GC [PSYoungGen: 12991K->0K(13824K)] 17748K->4925K(36352K), 0.0004180 secs] [Times: user=0.00 sys=0.00, real=0.00 secs] 
359.189: Total time for which application threads were stopped: 0.0005410 seconds, Stopping threads took: 0.0000620 seconds
359.248: Application time: 0.0596660 seconds
359.252: [GC [PSYoungGen: 12798K->384K(13824K)] 17723K->5309K(36352K), 0.0004000 secs] [Times: user=0.00 sys=0.00, real=0.00 secs] 
359.252: Total time for which application threads were stopped: 0.0039290 seconds, Stopping threads took: 0.0034730 seconds
359.313: Application time: 0.0607050 seconds
359.313: [GC [PSYoungGen: 13180K->352K(13824K)] 18105K->5501K(36352K), 0.0004150 secs] [Times: user=0.00 sys=0.00, real=0.00 secs] 
359.313: Total time for which application threads were stopped: 0.0005400 seconds, Stopping threads took: 0.0000680 seconds
359.374: Application time: 0.0610380 seconds
359.375: [GC [PSYoungGen: 13148K->352K(13824K)] 18297K->5525K(36352K), 0.0003970 secs] [Times: user=0.00 sys=0.00, real=0.00 secs] 
359.375: Total time for which application threads were stopped: 0.0005250 seconds, Stopping threads took: 0.0000480 seconds
359.436: Application time: 0.0606040 seconds
359.436: [GC [PSYoungGen: 13151K->416K(13824K)] 18324K->5801K(36352K), 0.0004500 secs] [Times: user=0.01 sys=0.00, real=0.00 secs] 
359.436: Total time for which application threads were stopped: 0.0005670 seconds, Stopping threads took: 0.0000540 seconds
359.494: Application time: 0.0577600 seconds
359.494: [GC [PSYoungGen: 13215K->0K(13824K)] 18600K->5633K(36352K), 0.0004000 secs] [Times: user=0.00 sys=0.00, real=0.00 secs] 
359.494: Total time for which application threads were stopped: 0.0005130 seconds, Stopping threads took: 0.0000560 seconds
359.551: Application time: 0.0568420 seconds
359.551: [GC [PSYoungGen: 12799K->0K(13824K)] 18432K->5633K(36352K), 0.0003250 secs] [Times: user=0.01 sys=0.00, real=0.01 secs] 
359.552: Total time for which application threads were stopped: 0.0004330 seconds, Stopping threads took: 0.0000540 seconds
359.607: Application time: 0.0550590 seconds
359.607: [GC [PSYoungGen: 12796K->352K(13824K)] 18430K->5985K(36352K), 0.0003640 secs] [Times: user=0.00 sys=0.00, real=0.00 secs] 
359.607: Total time for which application threads were stopped: 0.0004750 seconds, Stopping threads took: 0.0000530 seconds
359.648: Application time: 0.0403000 seconds
359.648: [GC [PSYoungGen: 13150K->352K(13824K)] 18784K->6009K(36352K), 0.0003770 secs] [Times: user=0.00 sys=0.00, real=0.00 secs] 
359.648: Total time for which application threads were stopped: 0.0004890 seconds, Stopping threads took: 0.0000510 seconds
359.689: Application time: 0.0407850 seconds
359.689: [GC [PSYoungGen: 13148K->544K(13824K)] 18806K->6217K(36352K), 0.0004110 secs] [Times: user=0.00 sys=0.00, real=0.00 secs] 
359.689: Total time for which application threads were stopped: 0.0005150 seconds, Stopping threads took: 0.0000480 seconds
359.738: Application time: 0.0490730 seconds
359.739: [GC [PSYoungGen: 13339K->544K(13824K)] 19013K->6225K(36352K), 0.0004380 secs] [Times: user=0.00 sys=0.00, real=0.00 secs] 
359.739: Total time for which application threads were stopped: 0.0005260 seconds, Stopping threads took: 0.0000340 seconds
359.794: Application time: 0.0548160 seconds
359.794: [GC [PSYoungGen: 13342K->256K(13824K)] 19024K->6174K(36352K), 0.0005210 secs] [Times: user=0.00 sys=0.00, real=0.00 secs] 
359.794: Total time for which application threads were stopped: 0.0006420 seconds, Stopping threads took: 0.0000610 seconds
359.838: Application time: 0.0432570 seconds
359.838: [GC [PSYoungGen: 13055K->256K(13824K)] 18973K->6386K(36352K), 0.0004210 secs] [Times: user=0.00 sys=0.00, real=0.00 secs] 
359.838: Total time for which application threads were stopped: 0.0005460 seconds, Stopping threads took: 0.0000660 seconds
359.887: Application time: 0.0490970 seconds
359.887: [GC [PSYoungGen: 13053K->352K(13824K)] 19184K->6490K(36352K), 0.0003960 secs] [Times: user=0.00 sys=0.00, real=0.00 secs] 
359.888: Total time for which application threads were stopped: 0.0005090 seconds, Stopping threads took: 0.0000460 seconds
359.943: Application time: 0.0552540 seconds
359.943: [GC [PSYoungGen: 13148K->352K(13824K)] 19287K->6554K(36352K), 0.0003830 secs] [Times: user=0.00 sys=0.00, real=0.00 secs] 
359.944: Total time for which application threads were stopped: 0.0004920 seconds, Stopping threads took: 0.0000490 seconds
359.999: Application time: 0.0559020 seconds
360.000: [GC [PSYoungGen: 13151K->0K(13824K)] 19354K->6426K(36352K), 0.0003930 secs] [Times: user=0.01 sys=0.00, real=0.01 secs] 
360.000: Total time for which application threads were stopped: 0.0005160 seconds, Stopping threads took: 0.0000650 seconds
360.053: Application time: 0.0526250 seconds
360.053: [GC [PSYoungGen: 12796K->512K(13824K)] 19223K->6938K(36352K), 0.0005250 secs] [Times: user=0.00 sys=0.00, real=0.00 secs] 
360.053: Total time for which application threads were stopped: 0.0006300 seconds, Stopping threads took: 0.0000450 seconds
360.092: Application time: 0.0390080 seconds
360.092: [GC [PSYoungGen: 13308K->544K(13824K)] 19735K->7183K(36352K), 0.0004290 secs] [Times: user=0.00 sys=0.00, real=0.00 secs] 
360.093: Total time for which application threads were stopped: 0.0005380 seconds, Stopping threads took: 0.0000530 seconds
360.145: Application time: 0.0521470 seconds
360.145: [GC [PSYoungGen: 13340K->544K(13824K)] 19979K->7283K(36352K), 0.0004280 secs] [Times: user=0.01 sys=0.00, real=0.00 secs] 
360.146: Total time for which application threads were stopped: 0.0005490 seconds, Stopping threads took: 0.0000590 seconds
360.187: Application time: 0.0411760 seconds
360.187: [GC [PSYoungGen: 13339K->512K(13824K)] 20079K->7464K(36352K), 0.0004800 secs] [Times: user=0.00 sys=0.00, real=0.00 secs] 
360.187: Total time for which application threads were stopped: 0.0005790 seconds, Stopping threads took: 0.0000420 seconds
360.236: Application time: 0.0487910 seconds
360.236: [GC [PSYoungGen: 13308K->512K(13824K)] 20260K->7684K(36352K), 0.0004480 secs] [Times: user=0.00 sys=0.00, real=0.00 secs] 
360.237: Total time for which application threads were stopped: 0.0005660 seconds, Stopping threads took: 0.0000590 seconds
360.290: Application time: 0.0538200 seconds
360.291: [GC [PSYoungGen: 13307K->544K(13824K)] 20480K->7780K(36352K), 0.0004180 secs] [Times: user=0.00 sys=0.00, real=0.00 secs] 
360.291: Total time for which application threads were stopped: 0.0005370 seconds, Stopping threads took: 0.0000560 seconds
360.348: Application time: 0.0566200 seconds
360.348: [GC [PSYoungGen: 13343K->0K(13824K)] 20579K->7661K(36352K), 0.0004140 secs] [Times: user=0.00 sys=0.00, real=0.00 secs] 
360.348: Total time for which application threads were stopped: 0.0005340 seconds, Stopping threads took: 0.0000550 seconds
360.404: Application time: 0.0562420 seconds
360.405: [GC [PSYoungGen: 12799K->0K(13824K)] 20460K->7661K(36352K), 0.0004170 secs] [Times: user=0.00 sys=0.00, real=0.00 secs] 
360.405: Total time for which application threads were stopped: 0.0005680 seconds, Stopping threads took: 0.0000760 seconds
360.461: Application time: 0.0563930 seconds
360.461: [GC [PSYoungGen: 12799K->0K(13824K)] 20460K->7661K(36352K), 0.0003900 secs] [Times: user=0.00 sys=0.00, real=0.00 secs] 
360.462: Total time for which application threads were stopped: 0.0005060 seconds, Stopping threads took: 0.0000570 seconds
360.514: Application time: 0.0519350 seconds
360.514: [GC [PSYoungGen: 12799K->480K(13824K)] 20461K->8141K(36352K), 0.0004610 secs] [Times: user=0.00 sys=0.00, real=0.00 secs] 
360.514: Total time for which application threads were stopped: 0.0005720 seconds, Stopping threads took: 0.0000520 seconds
360.555: Application time: 0.0401710 seconds
360.555: [GC [PSYoungGen: 13275K->288K(13824K)] 20937K->8186K(36352K), 0.0004120 secs] [Times: user=0.00 sys=0.00, real=0.00 secs] 
360.555: Total time for which application threads were stopped: 0.0005370 seconds, Stopping threads took: 0.0000640 seconds
360.608: Application time: 0.0528800 seconds
360.608: [GC [PSYoungGen: 13086K->512K(13824K)] 20984K->8418K(36352K), 0.0004170 secs] [Times: user=0.00 sys=0.00, real=0.00 secs] 
360.608: Total time for which application threads were stopped: 0.0005270 seconds, Stopping threads took: 0.0000510 seconds
360.649: Application time: 0.0407610 seconds
360.649: [GC [PSYoungGen: 13310K->512K(13824K)] 21216K->8638K(36352K), 0.0004900 secs] [Times: user=0.00 sys=0.00, real=0.00 secs] 
360.650: Total time for which application threads were stopped: 0.0006060 seconds, Stopping threads took: 0.0000580 seconds
360.698: Application time: 0.0478280 seconds
360.698: [GC [PSYoungGen: 13311K->512K(13824K)] 21438K->8883K(36352K), 0.0004460 secs] [Times: user=0.00 sys=0.00, real=0.00 secs] 
360.698: Total time for which application threads were stopped: 0.0005600 seconds, Stopping threads took: 0.0000450 seconds
360.737: Application time: 0.0391020 seconds
360.737: [GC [PSYoungGen: 13309K->480K(13824K)] 21680K->8867K(36352K), 0.0003870 secs] [Times: user=0.01 sys=0.00, real=0.00 secs] 
360.738: Total time for which application threads were stopped: 0.0004990 seconds, Stopping threads took: 0.0000560 seconds
360.792: Application time: 0.0540710 seconds
360.792: [GC [PSYoungGen: 13279K->256K(13824K)] 21666K->8856K(36352K), 0.0004320 secs] [Times: user=0.00 sys=0.00, real=0.00 secs] 
360.792: Total time for which application threads were stopped: 0.0005490 seconds, Stopping threads took: 0.0000610 seconds
360.847: Application time: 0.0546980 seconds
360.847: [GC [PSYoungGen: 13054K->256K(13824K)] 21654K->8880K(36352K), 0.0003950 secs] [Times: user=0.00 sys=0.00, real=0.00 secs] 
360.848: Total time for which application threads were stopped: 0.0005260 seconds, Stopping threads took: 0.0000710 seconds
360.904: Application time: 0.0559640 seconds
360.904: [GC [PSYoungGen: 13055K->0K(13824K)] 21679K->8844K(36352K), 0.0003940 secs] [Times: user=0.00 sys=0.00, real=0.00 secs] 
360.904: Total time for which application threads were stopped: 0.0005100 seconds, Stopping threads took: 0.0000610 seconds
360.958: Application time: 0.0541670 seconds
360.958: [GC [PSYoungGen: 12796K->384K(13824K)] 21641K->9228K(36352K), 0.0003820 secs] [Times: user=0.00 sys=0.00, real=0.00 secs] 
360.959: Total time for which application threads were stopped: 0.0005080 seconds, Stopping threads took: 0.0000600 seconds
361.015: Application time: 0.0562320 seconds
361.015: [GC [PSYoungGen: 13183K->0K(13824K)] 22027K->9057K(36352K), 0.0003590 secs] [Times: user=0.00 sys=0.00, real=0.00 secs] 
361.016: Total time for which application threads were stopped: 0.0004870 seconds, Stopping threads took: 0.0000760 seconds
361.070: Application time: 0.0546530 seconds
361.070: [GC [PSYoungGen: 12798K->384K(13824K)] 21855K->9441K(36352K), 0.0003700 secs] [Times: user=0.00 sys=0.00, real=0.00 secs] 
361.071: Total time for which application threads were stopped: 0.0004810 seconds, Stopping threads took: 0.0000520 seconds
361.126: Application time: 0.0554470 seconds
361.126: [GC [PSYoungGen: 13180K->288K(13824K)] 22237K->9689K(36352K), 0.0004350 secs] [Times: user=0.00 sys=0.00, real=0.00 secs] 
361.127: Total time for which application threads were stopped: 0.0005530 seconds, Stopping threads took: 0.0000620 seconds
361.182: Application time: 0.0554690 seconds
361.182: [GC [PSYoungGen: 13087K->384K(13824K)] 22488K->9809K(36352K), 0.0003740 secs] [Times: user=0.00 sys=0.00, real=0.00 secs] 
361.183: Total time for which application threads were stopped: 0.0004920 seconds, Stopping threads took: 0.0000630 seconds
361.240: Application time: 0.0568930 seconds
361.240: [GC [PSYoungGen: 13183K->0K(13824K)] 22608K->9685K(36352K), 0.0003800 secs] [Times: user=0.00 sys=0.00, real=0.00 secs] 
361.240: Total time for which application threads were stopped: 0.0005050 seconds, Stopping threads took: 0.0000640 seconds
361.297: Application time: 0.0567860 seconds
361.297: [GC [PSYoungGen: 12799K->0K(13824K)] 22484K->9685K(36352K), 0.0003460 secs] [Times: user=0.00 sys=0.00, real=0.00 secs] 
361.297: Total time for which application threads were stopped: 0.0004530 seconds, Stopping threads took: 0.0000470 seconds
361.337: Application time: 0.0396980 seconds
361.337: [GC [PSYoungGen: 12795K->384K(13824K)] 22480K->10069K(36352K), 0.0003810 secs] [Times: user=0.00 sys=0.00, real=0.00 secs] 
361.338: Total time for which application threads were stopped: 0.0004830 seconds, Stopping threads took: 0.0000430 seconds
361.382: Application time: 0.0447510 seconds
361.384: [GC [PSYoungGen: 13181K->544K(13824K)] 22867K->10237K(36352K), 0.0004920 secs] [Times: user=0.00 sys=0.00, real=0.00 secs] 
361.384: Total time for which application threads were stopped: 0.0020530 seconds, Stopping threads took: 0.0015060 seconds
361.428: Application time: 0.0437580 seconds
361.429: [GC [PSYoungGen: 13343K->512K(13824K)] 23036K->10213K(36352K), 0.0004540 secs] [Times: user=0.00 sys=0.00, real=0.00 secs] 
361.430: Total time for which application threads were stopped: 0.0016430 seconds, Stopping threads took: 0.0011290 seconds
361.485: Application time: 0.0548450 seconds
361.485: [GC [PSYoungGen: 13309K->320K(13824K)] 23011K->10269K(36352K), 0.0004150 secs] [Times: user=0.00 sys=0.00, real=0.00 secs] 
361.485: Total time for which application threads were stopped: 0.0005350 seconds, Stopping threads took: 0.0000530 seconds
361.534: Application time: 0.0488960 seconds
361.534: [GC [PSYoungGen: 13116K->352K(13824K)] 23065K->10537K(36352K), 0.0003920 secs] [Times: user=0.00 sys=0.00, real=0.00 secs] 
361.535: Total time for which application threads were stopped: 0.0005030 seconds, Stopping threads took: 0.0000540 seconds
361.578: Application time: 0.0431610 seconds
361.578: [GC [PSYoungGen: 13148K->352K(13824K)] 23334K->10553K(36352K), 0.0004170 secs] [Times: user=0.00 sys=0.00, real=0.00 secs] 
361.578: Total time for which application threads were stopped: 0.0005310 seconds, Stopping threads took: 0.0000570 seconds
361.633: Application time: 0.0545710 seconds
361.633: [GC [PSYoungGen: 13148K->352K(13824K)] 23350K->10609K(36352K), 0.0003870 secs] [Times: user=0.00 sys=0.00, real=0.00 secs] 
361.633: Total time for which application threads were stopped: 0.0004910 seconds, Stopping threads took: 0.0000510 seconds
361.689: Application time: 0.0558520 seconds
361.689: [GC [PSYoungGen: 13151K->0K(13824K)] 23409K->10470K(36352K), 0.0003890 secs] [Times: user=0.00 sys=0.00, real=0.00 secs] 
361.690: Total time for which application threads were stopped: 0.0005080 seconds, Stopping threads took: 0.0000610 seconds
361.744: Application time: 0.0540230 seconds
361.744: [GC [PSYoungGen: 12798K->384K(13824K)] 23268K->10854K(36352K), 0.0004160 secs] [Times: user=0.00 sys=0.00, real=0.00 secs] 
361.744: Total time for which application threads were stopped: 0.0005220 seconds, Stopping threads took: 0.0000510 seconds
361.788: Application time: 0.0440520 seconds
361.788: [GC [PSYoungGen: 13181K->352K(13824K)] 23652K->11174K(36352K), 0.0004390 secs] [Times: user=0.00 sys=0.00, real=0.00 secs] 
361.789: Total time for which application threads were stopped: 0.0005470 seconds, Stopping threads took: 0.0000520 seconds
361.835: Application time: 0.0457730 seconds
361.835: [GC [PSYoungGen: 13149K->544K(13824K)] 23971K->11430K(36352K), 0.0004280 secs] [Times: user=0.00 sys=0.00, real=0.00 secs] 
361.835: Total time for which application threads were stopped: 0.0005360 seconds, Stopping threads took: 0.0000510 seconds
361.883: Application time: 0.0482900 seconds
361.883: [GC [PSYoungGen: 13339K->576K(13824K)] 24226K->11723K(36352K), 0.0004640 secs] [Times: user=0.00 sys=0.00, real=0.00 secs] 
361.884: Total time for which application threads were stopped: 0.0005760 seconds, Stopping threads took: 0.0000500 seconds
361.927: Application time: 0.0429580 seconds
361.927: [GC [PSYoungGen: 13372K->384K(13824K)] 24520K->11743K(36352K), 0.0004230 secs] [Times: user=0.00 sys=0.00, real=0.00 secs] 
361.927: Total time for which application threads were stopped: 0.0005280 seconds, Stopping threads took: 0.0000470 seconds
361.980: Application time: 0.0527300 seconds
361.980: [GC [PSYoungGen: 13182K->512K(13824K)] 24542K->11919K(36352K), 0.0004230 secs] [Times: user=0.00 sys=0.00, real=0.00 secs] 
361.981: Total time for which application threads were stopped: 0.0005450 seconds, Stopping threads took: 0.0000630 seconds
362.037: Application time: 0.0564600 seconds
362.037: [GC [PSYoungGen: 13311K->0K(13824K)] 24718K->11824K(36352K), 0.0004110 secs] [Times: user=0.01 sys=0.00, real=0.00 secs] 
362.038: Total time for which application threads were stopped: 0.0005330 seconds, Stopping threads took: 0.0000520 seconds
362.094: Application time: 0.0564000 seconds
362.094: [GC [PSYoungGen: 12799K->0K(13824K)] 24623K->11824K(36352K), 0.0003780 secs] [Times: user=0.00 sys=0.00, real=0.00 secs] 
362.095: Total time for which application threads were stopped: 0.0004910 seconds, Stopping threads took: 0.0000430 seconds
362.151: Application time: 0.0563070 seconds
362.151: [GC [PSYoungGen: 12799K->0K(13824K)] 24623K->11824K(36352K), 0.0003750 secs] [Times: user=0.00 sys=0.00, real=0.00 secs] 
362.151: Total time for which application threads were stopped: 0.0005090 seconds, Stopping threads took: 0.0000780 seconds
362.206: Application time: 0.0544700 seconds
362.206: [GC [PSYoungGen: 12796K->384K(13824K)] 24621K->12208K(36352K), 0.0003900 secs] [Times: user=0.00 sys=0.00, real=0.00 secs] 
362.206: Total time for which application threads were stopped: 0.0005070 seconds, Stopping threads took: 0.0000610 seconds
362.249: Application time: 0.0422730 seconds
362.251: [GC [PSYoungGen: 13179K->416K(13824K)] 25004K->12472K(36352K), 0.0004200 secs] [Times: user=0.00 sys=0.00, real=0.00 secs] 
362.252: Total time for which application threads were stopped: 0.0029320 seconds, Stopping threads took: 0.0024540 seconds
362.302: Application time: 0.0503270 seconds
362.302: [GC [PSYoungGen: 13213K->384K(13824K)] 25270K->12504K(36352K), 0.0003800 secs] [Times: user=0.00 sys=0.00, real=0.00 secs] 
362.302: Total time for which application threads were stopped: 0.0004910 seconds, Stopping threads took: 0.0000570 seconds
362.346: Application time: 0.0438420 seconds
362.346: [GC [PSYoungGen: 13182K->800K(13824K)] 25303K->12928K(36352K), 0.0004530 secs] [Times: user=0.00 sys=0.00, real=0.00 secs] 
362.347: Total time for which application threads were stopped: 0.0005680 seconds, Stopping threads took: 0.0000520 seconds
362.393: Application time: 0.0459030 seconds
362.393: [GC [PSYoungGen: 13599K->384K(13824K)] 25728K->12961K(36352K), 0.0004310 secs] [Times: user=0.00 sys=0.00, real=0.00 secs] 
362.393: Total time for which application threads were stopped: 0.0005630 seconds, Stopping threads took: 0.0000740 seconds
362.436: Application time: 0.0427180 seconds
362.436: [GC [PSYoungGen: 13181K->416K(13824K)] 25759K->13218K(36352K), 0.0003890 secs] [Times: user=0.00 sys=0.00, real=0.00 secs] 
362.437: Total time for which application threads were stopped: 0.0005080 seconds, Stopping threads took: 0.0000650 seconds
362.485: Application time: 0.0485830 seconds
362.485: [GC [PSYoungGen: 13212K->512K(13824K)] 26014K->13330K(36352K), 0.0004190 secs] [Times: user=0.01 sys=0.00, real=0.00 secs] 
362.486: Total time for which application threads were stopped: 0.0005310 seconds, Stopping threads took: 0.0000510 seconds
362.541: Application time: 0.0549760 seconds
362.541: [GC [PSYoungGen: 13311K->384K(13824K)] 26129K->13414K(36352K), 0.0004030 secs] [Times: user=0.00 sys=0.00, real=0.00 secs] 
362.541: Total time for which application threads were stopped: 0.0005080 seconds, Stopping threads took: 0.0000330 seconds
362.597: Application time: 0.0557130 seconds
362.597: [GC [PSYoungGen: 13183K->0K(13824K)] 26213K->13259K(36352K), 0.0003830 secs] [Times: user=0.00 sys=0.00, real=0.00 secs] 
362.597: Total time for which application threads were stopped: 0.0004940 seconds, Stopping threads took: 0.0000580 seconds
362.653: Application time: 0.0551370 seconds
362.653: [GC [PSYoungGen: 12796K->256K(13824K)] 26055K->13515K(36352K), 0.0004060 secs] [Times: user=0.00 sys=0.00, real=0.00 secs] 
362.653: Total time for which application threads were stopped: 0.0005150 seconds, Stopping threads took: 0.0000550 seconds
362.708: Application time: 0.0553110 seconds
362.708: [GC [PSYoungGen: 13052K->448K(13824K)] 26311K->13755K(36352K), 0.0003930 secs] [Times: user=0.00 sys=0.00, real=0.00 secs] 
362.709: Total time for which application threads were stopped: 0.0005060 seconds, Stopping threads took: 0.0000570 seconds
362.763: Application time: 0.0544520 seconds
362.763: [GC [PSYoungGen: 13246K->384K(13824K)] 26553K->13923K(36352K), 0.0004250 secs] [Times: user=0.01 sys=0.00, real=0.00 secs] 
362.764: Total time for which application threads were stopped: 0.0005600 seconds, Stopping threads took: 0.0000760 seconds
362.820: Application time: 0.0565760 seconds
362.821: [GC [PSYoungGen: 13183K->0K(13824K)] 26722K->13755K(36352K), 0.0004060 secs] [Times: user=0.00 sys=0.00, real=0.00 secs] 
362.821: Total time for which application threads were stopped: 0.0005160 seconds, Stopping threads took: 0.0000550 seconds
362.876: Application time: 0.0548070 seconds
362.876: [GC [PSYoungGen: 12799K->384K(13824K)] 26554K->14139K(36352K), 0.0003670 secs] [Times: user=0.00 sys=0.00, real=0.00 secs] 
362.876: Total time for which application threads were stopped: 0.0004900 seconds, Stopping threads took: 0.0000700 seconds
362.933: Application time: 0.0569130 seconds
362.933: [GC [PSYoungGen: 13183K->0K(13824K)] 26938K->14007K(36352K), 0.0004010 secs] [Times: user=0.01 sys=0.00, real=0.00 secs] 
362.934: Total time for which application threads were stopped: 0.0005270 seconds, Stopping threads took: 0.0000630 seconds
362.991: Application time: 0.0573210 seconds
362.991: [GC [PSYoungGen: 12799K->0K(13824K)] 26806K->14007K(36352K), 0.0003520 secs] [Times: user=0.00 sys=0.00, real=0.00 secs] 
362.991: Total time for which application threads were stopped: 0.0004610 seconds, Stopping threads took: 0.0000480 seconds
363.037: Application time: 0.0453840 seconds
363.037: [GC [PSYoungGen: 12795K->384K(13824K)] 26803K->14391K(36352K), 0.0003660 secs] [Times: user=0.01 sys=0.00, real=0.00 secs] 
363.037: Total time for which application threads were stopped: 0.0004720 seconds, Stopping threads took: 0.0000510 seconds
363.084: Application time: 0.0464210 seconds
363.084: [GC [PSYoungGen: 13183K->480K(13824K)] 27191K->14511K(36352K), 0.0004120 secs] [Times: user=0.00 sys=0.00, real=0.00 secs] 
363.084: Total time for which application threads were stopped: 0.0005320 seconds, Stopping threads took: 0.0000510 seconds
363.123: Application time: 0.0391120 seconds
363.124: [GC [PSYoungGen: 13276K->448K(13824K)] 27307K->14495K(36352K), 0.0004760 secs] [Times: user=0.00 sys=0.00, real=0.00 secs] 
363.124: Total time for which application threads were stopped: 0.0005930 seconds, Stopping threads took: 0.0000610 seconds
363.177: Application time: 0.0533230 seconds
363.177: [GC [PSYoungGen: 13244K->320K(13824K)] 27292K->14631K(36352K), 0.0004550 secs] [Times: user=0.00 sys=0.00, real=0.00 secs] 
363.178: Total time for which application threads were stopped: 0.0005820 seconds, Stopping threads took: 0.0000690 seconds
363.233: Application time: 0.0550770 seconds
363.233: [GC [PSYoungGen: 13116K->352K(13824K)] 27428K->14687K(36352K), 0.0003890 secs] [Times: user=0.00 sys=0.00, real=0.00 secs] 
363.234: Total time for which application threads were stopped: 0.0005110 seconds, Stopping threads took: 0.0000610 seconds
363.275: Application time: 0.0417880 seconds
363.275: [GC [PSYoungGen: 13151K->416K(13824K)] 27487K->14972K(36352K), 0.0004290 secs] [Times: user=0.00 sys=0.00, real=0.00 secs] 
363.276: Total time for which application threads were stopped: 0.0005430 seconds, Stopping threads took: 0.0000530 seconds
363.326: Application time: 0.0504270 seconds
363.326: [GC [PSYoungGen: 13215K->352K(13824K)] 27771K->14924K(36352K), 0.0004120 secs] [Times: user=0.00 sys=0.00, real=0.00 secs] 
363.327: Total time for which application threads were stopped: 0.0005200 seconds, Stopping threads took: 0.0000510 seconds
363.382: Application time: 0.0547850 seconds
363.382: [GC [PSYoungGen: 13148K->256K(13824K)] 27720K->14876K(36352K), 0.0004340 secs] [Times: user=0.00 sys=0.00, real=0.00 secs] 
363.382: Total time for which application threads were stopped: 0.0005460 seconds, Stopping threads took: 0.0000560 seconds
363.437: Application time: 0.0552260 seconds
363.437: [GC [PSYoungGen: 13052K->352K(13824K)] 27672K->15200K(36352K), 0.0003910 secs] [Times: user=0.00 sys=0.00, real=0.00 secs] 
363.438: Total time for which application threads were stopped: 0.0004930 seconds, Stopping threads took: 0.0000460 seconds
363.481: Application time: 0.0426510 seconds
363.481: [GC [PSYoungGen: 13149K->576K(13824K)] 27998K->15456K(36352K), 0.0004290 secs] [Times: user=0.00 sys=0.00, real=0.00 secs] 
363.481: Total time for which application threads were stopped: 0.0005520 seconds, Stopping threads took: 0.0000620 seconds
363.527: Application time: 0.0463350 seconds
363.528: [GC [PSYoungGen: 13375K->576K(13824K)] 28256K->15837K(36352K), 0.0004860 secs] [Times: user=0.00 sys=0.00, real=0.00 secs] 
363.528: Total time for which application threads were stopped: 0.0006160 seconds, Stopping threads took: 0.0000710 seconds
363.583: Application time: 0.0547450 seconds
363.583: [GC [PSYoungGen: 13372K->320K(13824K)] 28634K->15837K(36352K), 0.0004150 secs] [Times: user=0.00 sys=0.00, real=0.00 secs] 
363.583: Total time for which application threads were stopped: 0.0005260 seconds, Stopping threads took: 0.0000550 seconds
363.626: Application time: 0.0426530 seconds
363.626: [GC [PSYoungGen: 13116K->320K(13824K)] 28634K->16050K(36352K), 0.0004270 secs] [Times: user=0.00 sys=0.00, real=0.00 secs] 
363.627: Total time for which application threads were stopped: 0.0005640 seconds, Stopping threads took: 0.0000680 seconds
363.675: Application time: 0.0484400 seconds
363.675: [GC [PSYoungGen: 13119K->544K(13824K)] 28849K->16290K(36352K), 0.0004460 secs] [Times: user=0.00 sys=0.00, real=0.00 secs] 
363.676: Total time for which application threads were stopped: 0.0005650 seconds, Stopping threads took: 0.0000600 seconds
363.729: Application time: 0.0538990 seconds
363.730: [GC [PSYoungGen: 13339K->512K(13824K)] 29085K->16314K(36352K), 0.0004340 secs] [Times: user=0.00 sys=0.00, real=0.00 secs] 
363.730: Total time for which application threads were stopped: 0.0005520 seconds, Stopping threads took: 0.0000580 seconds
363.786: Application time: 0.0562920 seconds
363.786: [GC [PSYoungGen: 13311K->0K(13824K)] 29113K->16230K(36352K), 0.0004030 secs] [Times: user=0.00 sys=0.00, real=0.00 secs] 
363.787: Total time for which application threads were stopped: 0.0005250 seconds, Stopping threads took: 0.0000640 seconds
363.843: Application time: 0.0561880 seconds
363.843: [GC [PSYoungGen: 12799K->0K(13824K)] 29029K->16230K(36352K), 0.0003540 secs] [Times: user=0.00 sys=0.00, real=0.00 secs] 
363.843: Total time for which application threads were stopped: 0.0004880 seconds, Stopping threads took: 0.0000700 seconds
363.898: Application time: 0.0545170 seconds
363.898: [GC [PSYoungGen: 12798K->416K(13824K)] 29028K->16646K(36352K), 0.0003910 secs] [Times: user=0.01 sys=0.00, real=0.00 secs] 
363.898: Total time for which application threads were stopped: 0.0004920 seconds, Stopping threads took: 0.0000460 seconds
363.952: Application time: 0.0530310 seconds
363.952: [GC [PSYoungGen: 13213K->352K(13824K)] 29444K->16806K(36352K), 0.0004250 secs] [Times: user=0.00 sys=0.00, real=0.01 secs] 
363.952: Total time for which application threads were stopped: 0.0005370 seconds, Stopping threads took: 0.0000570 seconds
363.992: Application time: 0.0400450 seconds
363.992: [GC [PSYoungGen: 13150K->384K(13824K)] 29604K->16894K(36352K), 0.0003780 secs] [Times: user=0.00 sys=0.00, real=0.00 secs] 
363.993: Total time for which application threads were stopped: 0.0004870 seconds, Stopping threads took: 0.0000510 seconds
364.042: Application time: 0.0496580 seconds
364.042: [GC [PSYoungGen: 13183K->576K(13824K)] 29694K->17307K(36352K), 0.0004720 secs] [Times: user=0.01 sys=0.00, real=0.00 secs] 
364.043: Total time for which application threads were stopped: 0.0005900 seconds, Stopping threads took: 0.0000590 seconds
364.084: Application time: 0.0414740 seconds
364.084: [GC [PSYoungGen: 13372K->640K(13824K)] 30104K->17623K(36352K), 0.0005220 secs] [Times: user=0.00 sys=0.00, real=0.00 secs] 
364.085: Total time for which application threads were stopped: 0.0006340 seconds, Stopping threads took: 0.0000520 seconds
364.131: Application time: 0.0459630 seconds
364.131: [GC [PSYoungGen: 13435K->352K(13824K)] 30419K->17873K(36352K), 0.0004780 secs] [Times: user=0.00 sys=0.00, real=0.00 secs] 
364.132: Total time for which application threads were stopped: 0.0006090 seconds, Stopping threads took: 0.0000580 seconds
364.176: Application time: 0.0449680 seconds
364.177: [GC [PSYoungGen: 13150K->544K(13824K)] 30671K->18081K(36352K), 0.0004010 secs] [Times: user=0.00 sys=0.00, real=0.00 secs] 
364.177: Total time for which application threads were stopped: 0.0005360 seconds, Stopping threads took: 0.0000650 seconds
364.232: Application time: 0.0550770 seconds
364.232: [GC [PSYoungGen: 13340K->320K(13824K)] 30877K->18085K(36352K), 0.0004030 secs] [Times: user=0.00 sys=0.00, real=0.00 secs] 
364.233: Total time for which application threads were stopped: 0.0005250 seconds, Stopping threads took: 0.0000670 seconds
364.288: Application time: 0.0556500 seconds
364.288: [GC [PSYoungGen: 13119K->0K(13824K)] 30884K->17989K(36352K), 0.0003960 secs] [Times: user=0.00 sys=0.00, real=0.00 secs] 
364.289: Total time for which application threads were stopped: 0.0005120 seconds, Stopping threads took: 0.0000620 seconds
364.345: Application time: 0.0559430 seconds
364.345: [GC [PSYoungGen: 12799K->0K(13824K)] 30788K->17989K(36352K), 0.0003640 secs] [Times: user=0.01 sys=0.00, real=0.00 secs] 
364.345: Total time for which application threads were stopped: 0.0004780 seconds, Stopping threads took: 0.0000560 seconds
364.399: Application time: 0.0542600 seconds
364.400: [GC [PSYoungGen: 12798K->480K(13824K)] 30788K->18469K(36352K), 0.0004260 secs] [Times: user=0.00 sys=0.00, real=0.01 secs] 
364.400: Total time for which application threads were stopped: 0.0005660 seconds, Stopping threads took: 0.0000770 seconds
364.456: Application time: 0.0556290 seconds
364.456: [GC [PSYoungGen: 13276K->352K(13824K)] 31265K->18562K(36352K), 0.0004020 secs] [Times: user=0.00 sys=0.00, real=0.00 secs] 
364.456: Total time for which application threads were stopped: 0.0005070 seconds, Stopping threads took: 0.0000480 seconds
364.512: Application time: 0.0555880 seconds
364.512: [GC [PSYoungGen: 13148K->352K(13824K)] 31358K->18578K(36352K), 0.0004070 secs] [Times: user=0.00 sys=0.00, real=0.00 secs] 
364.512: Total time for which application threads were stopped: 0.0005260 seconds, Stopping threads took: 0.0000560 seconds
364.567: Application time: 0.0546200 seconds
364.567: [GC [PSYoungGen: 13150K->416K(13824K)] 31376K->18874K(36352K), 0.0004280 secs] [Times: user=0.00 sys=0.00, real=0.00 secs] 
364.567: Total time for which application threads were stopped: 0.0005420 seconds, Stopping threads took: 0.0000550 seconds
364.624: Application time: 0.0567050 seconds
364.624: [GC [PSYoungGen: 13215K->0K(13824K)] 31673K->18702K(36352K), 0.0004200 secs] [Times: user=0.00 sys=0.00, real=0.00 secs] 
364.625: Total time for which application threads were stopped: 0.0005420 seconds, Stopping threads took: 0.0000610 seconds
364.681: Application time: 0.0567270 seconds
364.682: [GC [PSYoungGen: 12799K->0K(13824K)] 31501K->18702K(36352K), 0.0004080 secs] [Times: user=0.00 sys=0.00, real=0.00 secs] 
364.682: Total time for which application threads were stopped: 0.0005330 seconds, Stopping threads took: 0.0000530 seconds
364.731: Application time: 0.0491790 seconds
364.731: [GC [PSYoungGen: 12796K->416K(13824K)] 31498K->19118K(36352K), 0.0003900 secs] [Times: user=0.00 sys=0.00, real=0.00 secs] 
364.732: Total time for which application threads were stopped: 0.0004940 seconds, Stopping threads took: 0.0000480 seconds
364.776: Application time: 0.0440690 seconds
364.776: [GC [PSYoungGen: 13214K->352K(13824K)] 31917K->19070K(36352K), 0.0003690 secs] [Times: user=0.00 sys=0.00, real=0.00 secs] 
364.776: Total time for which application threads were stopped: 0.0004810 seconds, Stopping threads took: 0.0000580 seconds
364.820: Application time: 0.0436490 seconds
364.820: [GC [PSYoungGen: 13149K->384K(13824K)] 31868K->19331K(36352K), 0.0004580 secs] [Times: user=0.00 sys=0.00, real=0.00 secs] 
364.820: Total time for which application threads were stopped: 0.0005620 seconds, Stopping threads took: 0.0000460 seconds
364.868: Application time: 0.0478580 seconds
364.868: [GC [PSYoungGen: 13181K->528K(13824K)] 32128K->19483K(36352K), 0.0004340 secs] [Times: user=0.00 sys=0.00, real=0.00 secs] 
364.869: Total time for which application threads were stopped: 0.0005510 seconds, Stopping threads took: 0.0000590 seconds
364.924: Application time: 0.0547320 seconds
364.924: [GC [PSYoungGen: 13324K->320K(13824K)] 32279K->19519K(36352K), 0.0004690 secs] [Times: user=0.00 sys=0.00, real=0.00 secs] 
364.924: Total time for which application threads were stopped: 0.0005810 seconds, Stopping threads took: 0.0000500 seconds
364.972: Application time: 0.0479770 seconds
364.972: [GC [PSYoungGen: 13117K->352K(13824K)] 32317K->19767K(36352K), 0.0004220 secs] [Times: user=0.01 sys=0.00, real=0.00 secs] 
364.973: Total time for which application threads were stopped: 0.0005510 seconds, Stopping threads took: 0.0000680 seconds
365.017: Application time: 0.0444150 seconds
365.017: [GC [PSYoungGen: 13148K->352K(13824K)] 32564K->19775K(36352K), 0.0003860 secs] [Times: user=0.00 sys=0.00, real=0.00 secs] 
365.018: Total time for which application threads were stopped: 0.0004960 seconds, Stopping threads took: 0.0000530 seconds
365.073: Application time: 0.0550170 seconds
365.073: [GC [PSYoungGen: 13148K->352K(13824K)] 32572K->19839K(36352K), 0.0004220 secs] [Times: user=0.00 sys=0.00, real=0.00 secs] 
365.073: Total time for which application threads were stopped: 0.0005650 seconds, Stopping threads took: 0.0000840 seconds
365.129: Application time: 0.0559580 seconds
365.129: [GC [PSYoungGen: 13151K->0K(13824K)] 32639K->19700K(36352K), 0.0004270 secs] [Times: user=0.01 sys=0.00, real=0.00 secs] 
365.131: Total time for which application threads were stopped: 0.0016650 seconds, Stopping threads took: 0.0000540 seconds
365.181: Application time: 0.0501100 seconds
365.181: [GC [PSYoungGen: 12798K->544K(13824K)] 32499K->20244K(36352K), 0.0004510 secs] [Times: user=0.00 sys=0.00, real=0.00 secs] 
365.182: Total time for which application threads were stopped: 0.0005850 seconds, Stopping threads took: 0.0000740 seconds
365.221: Application time: 0.0392510 seconds
365.221: [GC [PSYoungGen: 13343K->576K(13824K)] 33043K->20492K(36352K), 0.0005900 secs] [Times: user=0.00 sys=0.00, real=0.00 secs] 
365.222: Total time for which application threads were stopped: 0.0007350 seconds, Stopping threads took: 0.0000720 seconds
365.276: Application time: 0.0545190 seconds
365.276: [GC [PSYoungGen: 13372K->352K(13312K)] 33288K->20545K(35840K), 0.0004510 secs] [Times: user=0.00 sys=0.00, real=0.00 secs] 
365.277: Total time for which application threads were stopped: 0.0005680 seconds, Stopping threads took: 0.0000550 seconds
365.323: Application time: 0.0468230 seconds
365.328: [GC [PSYoungGen: 13149K->544K(13824K)] 33343K->20949K(36352K), 0.0004500 secs] [Times: user=0.01 sys=0.00, real=0.00 secs] 
365.328: Total time for which application threads were stopped: 0.0048380 seconds, Stopping threads took: 0.0043280 seconds
365.373: Application time: 0.0445920 seconds
365.373: [GC [PSYoungGen: 13341K->384K(13312K)] 33747K->21018K(35840K), 0.0004850 secs] [Times: user=0.00 sys=0.00, real=0.00 secs] 
365.373: Total time for which application threads were stopped: 0.0006210 seconds, Stopping threads took: 0.0000770 seconds
365.426: Application time: 0.0529990 seconds
365.427: [GC [PSYoungGen: 13182K->544K(13824K)] 33816K->21242K(36352K), 0.0004730 secs] [Times: user=0.00 sys=0.00, real=0.00 secs] 
365.427: Total time for which application threads were stopped: 0.0005850 seconds, Stopping threads took: 0.0000520 seconds
365.484: Application time: 0.0564790 seconds
365.484: [GC [PSYoungGen: 13343K->0K(13312K)] 34041K->21118K(35840K), 0.0004540 secs] [Times: user=0.00 sys=0.00, real=0.00 secs] 
365.484: Total time for which application threads were stopped: 0.0005840 seconds, Stopping threads took: 0.0000710 seconds
365.541: Application time: 0.0564320 seconds
365.541: [GC [PSYoungGen: 12799K->0K(13824K)] 33918K->21118K(36352K), 0.0003530 secs] [Times: user=0.00 sys=0.00, real=0.00 secs] 
365.541: Total time for which application threads were stopped: 0.0004680 seconds, Stopping threads took: 0.0000590 seconds
365.597: Application time: 0.0563100 seconds
365.597: [GC [PSYoungGen: 12799K->0K(13312K)] 33918K->21118K(35840K), 0.0003700 secs] [Times: user=0.00 sys=0.00, real=0.00 secs] 
365.598: Total time for which application threads were stopped: 0.0004850 seconds, Stopping threads took: 0.0000520 seconds
365.652: Application time: 0.0546400 seconds
365.653: [GC [PSYoungGen: 12798K->384K(13824K)] 33916K->21502K(36352K), 0.0003860 secs] [Times: user=0.00 sys=0.00, real=0.00 secs] 
365.653: Total time for which application threads were stopped: 0.0005030 seconds, Stopping threads took: 0.0000620 seconds
365.697: Application time: 0.0441230 seconds
365.697: [GC [PSYoungGen: 13180K->416K(13312K)] 34298K->21755K(35840K), 0.0004800 secs] [Times: user=0.00 sys=0.00, real=0.00 secs] 
365.698: Total time for which application threads were stopped: 0.0005950 seconds, Stopping threads took: 0.0000550 seconds
365.745: Application time: 0.0469580 seconds
365.745: [GC [PSYoungGen: 13215K->672K(13824K)] 34555K->22059K(36352K), 0.0004640 secs] [Times: user=0.00 sys=0.00, real=0.00 secs] 
365.745: Total time for which application threads were stopped: 0.0005890 seconds, Stopping threads took: 0.0000600 seconds
365.784: Application time: 0.0391220 seconds
365.784: [GC [PSYoungGen: 13469K->704K(13824K)] 34856K->22123K(36352K), 0.0004660 secs] [Times: user=0.00 sys=0.00, real=0.00 secs] 
365.785: Total time for which application threads were stopped: 0.0005730 seconds, Stopping threads took: 0.0000510 seconds
365.835: Application time: 0.0499490 seconds
365.835: [GC [PSYoungGen: 13501K->512K(13824K)] 34921K->22372K(36352K), 0.0005090 secs] [Times: user=0.00 sys=0.00, real=0.00 secs] 
365.836: Total time for which application threads were stopped: 0.0006200 seconds, Stopping threads took: 0.0000510 seconds
365.875: Application time: 0.0394360 seconds
365.875: [GC [PSYoungGen: 13309K->512K(13824K)] 35170K->22388K(36352K), 0.0004490 secs] [Times: user=0.00 sys=0.00, real=0.00 secs] 
365.876: Total time for which application threads were stopped: 0.0005600 seconds, Stopping threads took: 0.0000500 seconds
365.930: Application time: 0.0543650 seconds
365.930: [GC [PSYoungGen: 13311K->352K(13824K)] 35187K->22457K(36352K), 0.0004880 secs] [Times: user=0.00 sys=0.00, real=0.00 secs] 
365.931: [Full GC [PSYoungGen: 352K->0K(13824K)] [ParOldGen: 22105K->4455K(22528K)] 22457K->4455K(36352K) [PSPermGen: 5580K->5580K(21504K)], 0.0058480 secs] [Times: user=0.02 sys=0.00, real=0.01 secs] 
365.936: Total time for which application threads were stopped: 0.0065110 seconds, Stopping threads took: 0.0000590 seconds
365.992: Application time: 0.0554000 seconds
365.992: [GC [PSYoungGen: 12798K->352K(13824K)] 17254K->4807K(36352K), 0.0004140 secs] [Times: user=0.00 sys=0.00, real=0.00 secs] 
365.992: Total time for which application threads were stopped: 0.0005220 seconds, Stopping threads took: 0.0000470 seconds
366.049: Application time: 0.0562540 seconds
366.049: [GC [PSYoungGen: 13151K->0K(13824K)] 17606K->4671K(36352K), 0.0003840 secs] [Times: user=0.00 sys=0.00, real=0.00 secs] 
366.049: Total time for which application threads were stopped: 0.0005220 seconds, Stopping threads took: 0.0000790 seconds
366.106: Application time: 0.0563920 seconds
366.106: [GC [PSYoungGen: 12799K->0K(13824K)] 17471K->4671K(36352K), 0.0003450 secs] [Times: user=0.00 sys=0.00, real=0.00 secs] 
366.106: Total time for which application threads were stopped: 0.0004720 seconds, Stopping threads took: 0.0000690 seconds
366.160: Application time: 0.0543170 seconds
366.160: [GC [PSYoungGen: 12798K->288K(13824K)] 17470K->4959K(36352K), 0.0003720 secs] [Times: user=0.00 sys=0.00, real=0.00 secs] 
366.161: Total time for which application threads were stopped: 0.0004870 seconds, Stopping threads took: 0.0000600 seconds
366.215: Application time: 0.0546690 seconds
366.216: [GC [PSYoungGen: 13086K->512K(13824K)] 17758K->5396K(36352K), 0.0004240 secs] [Times: user=0.00 sys=0.00, real=0.00 secs] 
366.216: Total time for which application threads were stopped: 0.0005390 seconds, Stopping threads took: 0.0000590 seconds
366.271: Application time: 0.0550240 seconds
366.271: [GC [PSYoungGen: 13264K->288K(13824K)] 18149K->5392K(36352K), 0.0003800 secs] [Times: user=0.00 sys=0.00, real=0.00 secs] 
366.272: Total time for which application threads were stopped: 0.0005120 seconds, Stopping threads took: 0.0000630 seconds
366.328: Application time: 0.0562450 seconds
366.328: [GC [PSYoungGen: 13084K->192K(13824K)] 18189K->5424K(36352K), 0.0003870 secs] [Times: user=0.00 sys=0.00, real=0.00 secs] 
366.328: Total time for which application threads were stopped: 0.0004910 seconds, Stopping threads took: 0.0000480 seconds
366.385: Application time: 0.0566760 seconds
366.385: [GC [PSYoungGen: 12991K->0K(13824K)] 18224K->5368K(36352K), 0.0004310 secs] [Times: user=0.00 sys=0.00, real=0.00 secs] 
366.386: Total time for which application threads were stopped: 0.0005570 seconds, Stopping threads took: 0.0000630 seconds
366.441: Application time: 0.0550510 seconds
366.441: [GC [PSYoungGen: 12796K->288K(13824K)] 18165K->5656K(36352K), 0.0003930 secs] [Times: user=0.00 sys=0.00, real=0.00 secs] 
366.441: Total time for which application threads were stopped: 0.0005260 seconds, Stopping threads took: 0.0000720 seconds
366.481: Application time: 0.0402160 seconds
366.481: [GC [PSYoungGen: 13086K->352K(13824K)] 18455K->5736K(36352K), 0.0003960 secs] [Times: user=0.01 sys=0.00, real=0.00 secs] 
366.482: Total time for which application threads were stopped: 0.0005070 seconds, Stopping threads took: 0.0000530 seconds
366.532: Application time: 0.0502980 seconds
366.532: [GC [PSYoungGen: 13151K->512K(13824K)] 18536K->5912K(36352K), 0.0003910 secs] [Times: user=0.00 sys=0.00, real=0.00 secs] 
366.533: Total time for which application threads were stopped: 0.0004990 seconds, Stopping threads took: 0.0000520 seconds
366.573: Application time: 0.0399370 seconds
366.573: [GC [PSYoungGen: 13308K->576K(13824K)] 18709K->5992K(36352K), 0.0004840 secs] [Times: user=0.00 sys=0.00, real=0.00 secs] 
366.573: Total time for which application threads were stopped: 0.0005970 seconds, Stopping threads took: 0.0000560 seconds
366.629: Application time: 0.0555490 seconds
366.629: [GC [PSYoungGen: 13372K->0K(13824K)] 18789K->5970K(36352K), 0.0004790 secs] [Times: user=0.00 sys=0.00, real=0.00 secs] 
366.629: Total time for which application threads were stopped: 0.0005900 seconds, Stopping threads took: 0.0000500 seconds
366.682: Application time: 0.0524420 seconds
366.682: [GC [PSYoungGen: 12796K->544K(13824K)] 18766K->6514K(36352K), 0.0003930 secs] [Times: user=0.00 sys=0.00, real=0.00 secs] 
366.682: Total time for which application threads were stopped: 0.0005320 seconds, Stopping threads took: 0.0000800 seconds
366.722: Application time: 0.0398830 seconds
366.722: [GC [PSYoungGen: 13343K->272K(13824K)] 19313K->6470K(36352K), 0.0004030 secs] [Times: user=0.00 sys=0.00, real=0.00 secs] 
366.723: Total time for which application threads were stopped: 0.0005190 seconds, Stopping threads took: 0.0000600 seconds
366.778: Application time: 0.0550640 seconds
366.778: [GC [PSYoungGen: 13068K->288K(13824K)] 19266K->6603K(36352K), 0.0004060 secs] [Times: user=0.00 sys=0.00, real=0.00 secs] 
366.778: Total time for which application threads were stopped: 0.0005150 seconds, Stopping threads took: 0.0000410 seconds
366.833: Application time: 0.0549050 seconds
366.833: [GC [PSYoungGen: 13084K->224K(13824K)] 19399K->6691K(36352K), 0.0004600 secs] [Times: user=0.00 sys=0.00, real=0.00 secs] 
366.834: Total time for which application threads were stopped: 0.0005950 seconds, Stopping threads took: 0.0000750 seconds
366.887: Application time: 0.0529040 seconds
366.887: [GC [PSYoungGen: 13019K->544K(13824K)] 19487K->7243K(36352K), 0.0004420 secs] [Times: user=0.00 sys=0.00, real=0.00 secs] 
366.887: Total time for which application threads were stopped: 0.0005390 seconds, Stopping threads took: 0.0000390 seconds
366.927: Application time: 0.0398990 seconds
366.927: [GC [PSYoungGen: 13342K->288K(13824K)] 20041K->7199K(36352K), 0.0004790 secs] [Times: user=0.00 sys=0.00, real=0.00 secs] 
366.928: Total time for which application threads were stopped: 0.0005890 seconds, Stopping threads took: 0.0000450 seconds
366.979: Application time: 0.0510070 seconds
366.979: [GC [PSYoungGen: 13083K->608K(13824K)] 19995K->7583K(36352K), 0.0004240 secs] [Times: user=0.00 sys=0.00, real=0.00 secs] 
366.979: Total time for which application threads were stopped: 0.0005340 seconds, Stopping threads took: 0.0000530 seconds
367.034: Application time: 0.0552580 seconds
367.035: [GC [PSYoungGen: 13407K->384K(13824K)] 20382K->7607K(36352K), 0.0004210 secs] [Times: user=0.00 sys=0.00, real=0.00 secs] 
367.035: Total time for which application threads were stopped: 0.0005580 seconds, Stopping threads took: 0.0000730 seconds
367.075: Application time: 0.0400130 seconds
367.075: [GC [PSYoungGen: 13181K->384K(13824K)] 20405K->7831K(36352K), 0.0004100 secs] [Times: user=0.00 sys=0.00, real=0.00 secs] 
367.076: Total time for which application threads were stopped: 0.0005280 seconds, Stopping threads took: 0.0000590 seconds
367.126: Application time: 0.0499540 seconds
367.126: [GC [PSYoungGen: 13182K->544K(13824K)] 20630K->8015K(36352K), 0.0004250 secs] [Times: user=0.00 sys=0.00, real=0.00 secs] 
367.126: Total time for which application threads were stopped: 0.0005360 seconds, Stopping threads took: 0.0000540 seconds
367.181: Application time: 0.0551720 seconds
367.181: [GC [PSYoungGen: 13340K->320K(13824K)] 20812K->8036K(36352K), 0.0003850 secs] [Times: user=0.00 sys=0.00, real=0.00 secs] 
367.182: Total time for which application threads were stopped: 0.0004940 seconds, Stopping threads took: 0.0000530 seconds
367.238: Application time: 0.0561460 seconds
367.238: [GC [PSYoungGen: 13119K->0K(13824K)] 20835K->7940K(36352K), 0.0003600 secs] [Times: user=0.00 sys=0.00, real=0.00 secs] 
367.238: Total time for which application threads were stopped: 0.0004760 seconds, Stopping threads took: 0.0000580 seconds
367.295: Application time: 0.0562380 seconds
367.295: [GC [PSYoungGen: 12799K->0K(13824K)] 20739K->7940K(36352K), 0.0003220 secs] [Times: user=0.00 sys=0.00, real=0.00 secs] 
367.295: Total time for which application threads were stopped: 0.0004270 seconds, Stopping threads took: 0.0000440 seconds
367.350: Application time: 0.0544590 seconds
367.352: [GC [PSYoungGen: 12796K->384K(13824K)] 20737K->8324K(36352K), 0.0003740 secs] [Times: user=0.01 sys=0.00, real=0.00 secs] 
367.352: Total time for which application threads were stopped: 0.0026400 seconds, Stopping threads took: 0.0022120 seconds
367.405: Application time: 0.0528790 seconds
367.405: [GC [PSYoungGen: 13181K->352K(13824K)] 21122K->8516K(36352K), 0.0004330 secs] [Times: user=0.01 sys=0.00, real=0.00 secs] 
367.406: Total time for which application threads were stopped: 0.0005500 seconds, Stopping threads took: 0.0000560 seconds
367.446: Application time: 0.0403640 seconds
367.446: [GC [PSYoungGen: 13148K->384K(13824K)] 21312K->8612K(36352K), 0.0003720 secs] [Times: user=0.00 sys=0.00, real=0.00 secs] 
367.446: Total time for which application threads were stopped: 0.0004810 seconds, Stopping threads took: 0.0000520 seconds
367.489: Application time: 0.0421870 seconds
367.489: [GC [PSYoungGen: 13183K->544K(13824K)] 21412K->8977K(36352K), 0.0005000 secs] [Times: user=0.00 sys=0.00, real=0.00 secs] 
367.489: Total time for which application threads were stopped: 0.0006020 seconds, Stopping threads took: 0.0000430 seconds
367.536: Application time: 0.0466510 seconds
367.540: [GC [PSYoungGen: 13340K->480K(13824K)] 21773K->9165K(36352K), 0.0004590 secs] [Times: user=0.01 sys=0.00, real=0.00 secs] 
367.540: Total time for which application threads were stopped: 0.0043820 seconds, Stopping threads took: 0.0038620 seconds
367.584: Application time: 0.0432480 seconds
367.588: [GC [PSYoungGen: 13279K->576K(13824K)] 21965K->9490K(36352K), 0.0004680 secs] [Times: user=0.00 sys=0.00, real=0.00 secs] 
367.588: Total time for which application threads were stopped: 0.0047570 seconds, Stopping threads took: 0.0042280 seconds
367.637: Application time: 0.0491980 seconds
367.638: [GC [PSYoungGen: 13373K->448K(13824K)] 22287K->9582K(36352K), 0.0004310 secs] [Times: user=0.00 sys=0.00, real=0.00 secs] 
367.638: Total time for which application threads were stopped: 0.0005700 seconds, Stopping threads took: 0.0000730 seconds
367.693: Application time: 0.0546550 seconds
367.693: [GC [PSYoungGen: 13244K->352K(13824K)] 22379K->9502K(36352K), 0.0003510 secs] [Times: user=0.00 sys=0.00, real=0.00 secs] 
367.693: Total time for which application threads were stopped: 0.0004810 seconds, Stopping threads took: 0.0000720 seconds
367.749: Application time: 0.0557820 seconds
367.749: [GC [PSYoungGen: 13151K->0K(13824K)] 22302K->9366K(36352K), 0.0004050 secs] [Times: user=0.00 sys=0.00, real=0.00 secs] 
367.750: Total time for which application threads were stopped: 0.0005310 seconds, Stopping threads took: 0.0000660 seconds
367.805: Application time: 0.0558570 seconds
367.805: [GC [PSYoungGen: 12799K->0K(13824K)] 22166K->9366K(36352K), 0.0003540 secs] [Times: user=0.00 sys=0.00, real=0.00 secs] 
367.806: Total time for which application threads were stopped: 0.0004640 seconds, Stopping threads took: 0.0000480 seconds
367.860: Application time: 0.0544080 seconds
367.860: [GC [PSYoungGen: 12796K->384K(13824K)] 22163K->9750K(36352K), 0.0003870 secs] [Times: user=0.00 sys=0.00, real=0.00 secs] 
367.861: Total time for which application threads were stopped: 0.0005010 seconds, Stopping threads took: 0.0000580 seconds
367.915: Application time: 0.0544970 seconds
367.915: [GC [PSYoungGen: 13182K->256K(13824K)] 22549K->9827K(36352K), 0.0004680 secs] [Times: user=0.00 sys=0.00, real=0.00 secs] 
367.916: Total time for which application threads were stopped: 0.0005820 seconds, Stopping threads took: 0.0000510 seconds
367.972: Application time: 0.0565920 seconds
367.973: [GC [PSYoungGen: 13055K->0K(13824K)] 22626K->9787K(36352K), 0.0003990 secs] [Times: user=0.00 sys=0.00, real=0.00 secs] 
367.973: Total time for which application threads were stopped: 0.0005240 seconds, Stopping threads took: 0.0000670 seconds
368.028: Application time: 0.0545740 seconds
368.028: [GC [PSYoungGen: 12798K->384K(13824K)] 22586K->10171K(36352K), 0.0004090 secs] [Times: user=0.00 sys=0.00, real=0.00 secs] 
368.028: Total time for which application threads were stopped: 0.0005200 seconds, Stopping threads took: 0.0000560 seconds
368.085: Application time: 0.0569190 seconds
368.085: [GC [PSYoungGen: 13183K->0K(13824K)] 22970K->10027K(36352K), 0.0004050 secs] [Times: user=0.00 sys=0.00, real=0.00 secs] 
368.085: Total time for which application threads were stopped: 0.0005340 seconds, Stopping threads took: 0.0000660 seconds
368.142: Application time: 0.0566260 seconds
368.142: [GC [PSYoungGen: 12799K->0K(13824K)] 22826K->10027K(36352K), 0.0003730 secs] [Times: user=0.00 sys=0.00, real=0.00 secs] 
368.143: Total time for which application threads were stopped: 0.0005170 seconds, Stopping threads took: 0.0000790 seconds
368.185: Application time: 0.0422750 seconds
368.185: [GC [PSYoungGen: 12797K->352K(13824K)] 22825K->10379K(36352K), 0.0003910 secs] [Times: user=0.01 sys=0.00, real=0.00 secs] 
368.185: Total time for which application threads were stopped: 0.0005080 seconds, Stopping threads took: 0.0000640 seconds
368.234: Application time: 0.0490380 seconds
368.235: [GC [PSYoungGen: 13149K->448K(13824K)] 23177K->10491K(36352K), 0.0004010 secs] [Times: user=0.00 sys=0.00, real=0.00 secs] 
368.235: Total time for which application threads were stopped: 0.0005210 seconds, Stopping threads took: 0.0000630 seconds
368.274: Application time: 0.0391660 seconds
368.274: [GC [PSYoungGen: 13244K->544K(13824K)] 23287K->10603K(36352K), 0.0004230 secs] [Times: user=0.00 sys=0.00, real=0.00 secs] 
368.275: Total time for which application threads were stopped: 0.0005320 seconds, Stopping threads took: 0.0000500 seconds
368.328: Application time: 0.0535090 seconds
368.328: [GC [PSYoungGen: 13340K->320K(13824K)] 23399K->10627K(36352K), 0.0004180 secs] [Times: user=0.00 sys=0.00, real=0.00 secs] 
368.329: Total time for which application threads were stopped: 0.0005460 seconds, Stopping threads took: 0.0000640 seconds
368.384: Application time: 0.0551980 seconds
368.384: [GC [PSYoungGen: 13116K->352K(13824K)] 23424K->10675K(36352K), 0.0003950 secs] [Times: user=0.00 sys=0.00, real=0.00 secs] 
368.384: Total time for which application threads were stopped: 0.0005090 seconds, Stopping threads took: 0.0000570 seconds
368.428: Application time: 0.0437060 seconds
368.430: [GC [PSYoungGen: 13151K->384K(13824K)] 23475K->10939K(36352K), 0.0004230 secs] [Times: user=0.01 sys=0.00, real=0.00 secs] 
368.430: Total time for which application threads were stopped: 0.0018340 seconds, Stopping threads took: 0.0013460 seconds
368.479: Application time: 0.0485220 seconds
368.479: [GC [PSYoungGen: 13181K->352K(13824K)] 23737K->10923K(36352K), 0.0003660 secs] [Times: user=0.01 sys=0.00, real=0.00 secs] 
368.479: Total time for which application threads were stopped: 0.0004850 seconds, Stopping threads took: 0.0000630 seconds
368.534: Application time: 0.0548020 seconds
368.534: [GC [PSYoungGen: 13148K->352K(13824K)] 23720K->10987K(36352K), 0.0004070 secs] [Times: user=0.00 sys=0.00, real=0.00 secs] 
368.534: Total time for which application threads were stopped: 0.0005300 seconds, Stopping threads took: 0.0000640 seconds
368.589: Application time: 0.0541930 seconds
368.589: [GC [PSYoungGen: 13053K->256K(13824K)] 23689K->11115K(36352K), 0.0003820 secs] [Times: user=0.00 sys=0.00, real=0.00 secs] 
368.589: Total time for which application threads were stopped: 0.0005040 seconds, Stopping threads took: 0.0000670 seconds
368.632: Application time: 0.0425180 seconds
368.632: [GC [PSYoungGen: 13052K->480K(13824K)] 23912K->11424K(36352K), 0.0005430 secs] [Times: user=0.00 sys=0.00, real=0.01 secs] 
368.632: Total time for which application threads were stopped: 0.0006650 seconds, Stopping threads took: 0.0000610 seconds
368.679: Application time: 0.0470420 seconds
368.679: [GC [PSYoungGen: 13279K->608K(13824K)] 24223K->11744K(36352K), 0.0004480 secs] [Times: user=0.00 sys=0.00, real=0.01 secs] 
368.680: Total time for which application threads were stopped: 0.0005710 seconds, Stopping threads took: 0.0000650 seconds
368.735: Application time: 0.0546780 seconds
368.735: [GC [PSYoungGen: 13404K->352K(13824K)] 24540K->11736K(36352K), 0.0004030 secs] [Times: user=0.00 sys=0.00, real=0.00 secs] 
368.735: Total time for which application threads were stopped: 0.0005080 seconds, Stopping threads took: 0.0000470 seconds
368.781: Application time: 0.0463660 seconds
368.782: [GC [PSYoungGen: 13147K->384K(13824K)] 24531K->12112K(36352K), 0.0004170 secs] [Times: user=0.00 sys=0.00, real=0.00 secs] 
368.782: Total time for which application threads were stopped: 0.0005340 seconds, Stopping threads took: 0.0000600 seconds
368.827: Application time: 0.0454190 seconds
368.832: [GC [PSYoungGen: 13182K->496K(13824K)] 24910K->12232K(36352K), 0.0004620 secs] [Times: user=0.00 sys=0.00, real=0.00 secs] 
368.832: Total time for which application threads were stopped: 0.0048830 seconds, Stopping threads took: 0.0043580 seconds
368.887: Application time: 0.0543880 seconds
368.887: [GC [PSYoungGen: 13292K->512K(13824K)] 25028K->12304K(36352K), 0.0004360 secs] [Times: user=0.01 sys=0.00, real=0.00 secs] 
368.887: Total time for which application threads were stopped: 0.0005430 seconds, Stopping threads took: 0.0000490 seconds
368.944: Application time: 0.0563320 seconds
368.944: [GC [PSYoungGen: 13311K->0K(13824K)] 25103K->12345K(36352K), 0.0004580 secs] [Times: user=0.00 sys=0.00, real=0.00 secs] 
368.944: Total time for which application threads were stopped: 0.0005690 seconds, Stopping threads took: 0.0000540 seconds
369.000: Application time: 0.0563000 seconds
369.000: [GC [PSYoungGen: 12799K->0K(13824K)] 25144K->12345K(36352K), 0.0003400 secs] [Times: user=0.01 sys=0.00, real=0.00 secs] 
369.001: Total time for which application threads were stopped: 0.0004520 seconds, Stopping threads took: 0.0000570 seconds
369.055: Application time: 0.0545920 seconds
369.060: [GC [PSYoungGen: 12798K->384K(13824K)] 25143K->12729K(36352K), 0.0004260 secs] [Times: user=0.00 sys=0.00, real=0.01 secs] 
369.060: Total time for which application threads were stopped: 0.0046530 seconds, Stopping threads took: 0.0041670 seconds
369.117: Application time: 0.0572100 seconds
369.117: [GC [PSYoungGen: 13181K->0K(13824K)] 25526K->12566K(36352K), 0.0004070 secs] [Times: user=0.01 sys=0.00, real=0.00 secs] 
369.118: Total time for which application threads were stopped: 0.0005340 seconds, Stopping threads took: 0.0000680 seconds
369.161: Application time: 0.0435630 seconds
369.161: [GC [PSYoungGen: 12798K->384K(13824K)] 25364K->12950K(36352K), 0.0004090 secs] [Times: user=0.01 sys=0.00, real=0.00 secs] 
369.162: Total time for which application threads were stopped: 0.0005230 seconds, Stopping threads took: 0.0000520 seconds
369.206: Application time: 0.0439030 seconds
369.206: [GC [PSYoungGen: 13180K->672K(13824K)] 25746K->13286K(36352K), 0.0004520 secs] [Times: user=0.00 sys=0.00, real=0.00 secs] 
369.206: Total time for which application threads were stopped: 0.0005560 seconds, Stopping threads took: 0.0000490 seconds
369.256: Application time: 0.0499200 seconds
369.256: [GC [PSYoungGen: 13470K->736K(13824K)] 26084K->13374K(36352K), 0.0004520 secs] [Times: user=0.00 sys=0.00, real=0.00 secs] 
369.257: Total time for which application threads were stopped: 0.0005830 seconds, Stopping threads took: 0.0000780 seconds
369.297: Application time: 0.0404380 seconds
369.297: [GC [PSYoungGen: 13535K->576K(13824K)] 26173K->13655K(36352K), 0.0004830 secs] [Times: user=0.00 sys=0.00, real=0.00 secs] 
369.298: Total time for which application threads were stopped: 0.0005940 seconds, Stopping threads took: 0.0000560 seconds
369.342: Application time: 0.0441900 seconds
369.342: [GC [PSYoungGen: 13374K->512K(13824K)] 26454K->13615K(36352K), 0.0004210 secs] [Times: user=0.00 sys=0.00, real=0.00 secs] 
369.343: Total time for which application threads were stopped: 0.0005500 seconds, Stopping threads took: 0.0000610 seconds
369.398: Application time: 0.0548850 seconds
369.398: [GC [PSYoungGen: 13308K->384K(13824K)] 26411K->13707K(36352K), 0.0003960 secs] [Times: user=0.00 sys=0.00, real=0.00 secs] 
369.398: Total time for which application threads were stopped: 0.0005120 seconds, Stopping threads took: 0.0000590 seconds
369.454: Application time: 0.0561490 seconds
369.454: [GC [PSYoungGen: 13183K->0K(13824K)] 26506K->13552K(36352K), 0.0003780 secs] [Times: user=0.00 sys=0.00, real=0.00 secs] 
369.455: Total time for which application threads were stopped: 0.0004860 seconds, Stopping threads took: 0.0000500 seconds
369.511: Application time: 0.0558060 seconds
369.511: [GC [PSYoungGen: 12799K->0K(13824K)] 26351K->13552K(36352K), 0.0003530 secs] [Times: user=0.00 sys=0.00, real=0.00 secs] 
369.511: Total time for which application threads were stopped: 0.0004910 seconds, Stopping threads took: 0.0000730 seconds
369.566: Application time: 0.0549550 seconds
369.566: [GC [PSYoungGen: 12796K->384K(13824K)] 26348K->13936K(36352K), 0.0004060 secs] [Times: user=0.00 sys=0.00, real=0.00 secs] 
369.566: Total time for which application threads were stopped: 0.0005110 seconds, Stopping threads took: 0.0000460 seconds
369.622: Application time: 0.0551050 seconds
369.622: [GC [PSYoungGen: 13180K->352K(13824K)] 26732K->13920K(36352K), 0.0004140 secs] [Times: user=0.00 sys=0.00, real=0.00 secs] 
369.622: Total time for which application threads were stopped: 0.0005190 seconds, Stopping threads took: 0.0000470 seconds
369.677: Application time: 0.0545950 seconds
369.677: [GC [PSYoungGen: 13150K->352K(13824K)] 26718K->14148K(36352K), 0.0004270 secs] [Times: user=0.00 sys=0.00, real=0.00 secs] 
369.677: Total time for which application threads were stopped: 0.0005510 seconds, Stopping threads took: 0.0000660 seconds
369.732: Application time: 0.0543820 seconds
369.732: [GC [PSYoungGen: 13149K->352K(13824K)] 26946K->14377K(36352K), 0.0004210 secs] [Times: user=0.00 sys=0.00, real=0.00 secs] 
369.732: Total time for which application threads were stopped: 0.0005240 seconds, Stopping threads took: 0.0000470 seconds
369.790: Application time: 0.0574150 seconds
369.790: [GC [PSYoungGen: 13151K->0K(13824K)] 27176K->14269K(36352K), 0.0004440 secs] [Times: user=0.00 sys=0.00, real=0.00 secs] 
369.790: Total time for which application threads were stopped: 0.0005530 seconds, Stopping threads took: 0.0000470 seconds
369.847: Application time: 0.0567300 seconds
369.847: [GC [PSYoungGen: 12799K->0K(13824K)] 27069K->14269K(36352K), 0.0003930 secs] [Times: user=0.00 sys=0.00, real=0.00 secs] 
369.847: Total time for which application threads were stopped: 0.0005090 seconds, Stopping threads took: 0.0000450 seconds
369.893: Application time: 0.0456400 seconds
369.893: [GC [PSYoungGen: 12797K->384K(13824K)] 27067K->14653K(36352K), 0.0003930 secs] [Times: user=0.00 sys=0.00, real=0.00 secs] 
369.894: Total time for which application threads were stopped: 0.0005030 seconds, Stopping threads took: 0.0000520 seconds
369.941: Application time: 0.0474550 seconds
369.941: [GC [PSYoungGen: 13181K->352K(13824K)] 27451K->14645K(36352K), 0.0003980 secs] [Times: user=0.01 sys=0.00, real=0.00 secs] 
369.941: Total time for which application threads were stopped: 0.0005110 seconds, Stopping threads took: 0.0000610 seconds
369.984: Application time: 0.0429960 seconds
369.985: [GC [PSYoungGen: 13150K->576K(13824K)] 27444K->14885K(36352K), 0.0004360 secs] [Times: user=0.00 sys=0.00, real=0.00 secs] 
369.985: Total time for which application threads were stopped: 0.0005290 seconds, Stopping threads took: 0.0000360 seconds
370.033: Application time: 0.0483800 seconds
370.033: [GC [PSYoungGen: 13373K->352K(13824K)] 27683K->14918K(36352K), 0.0004210 secs] [Times: user=0.01 sys=0.00, real=0.00 secs] 
370.034: Total time for which application threads were stopped: 0.0005290 seconds, Stopping threads took: 0.0000520 seconds
370.089: Application time: 0.0547760 seconds
370.089: [GC [PSYoungGen: 13148K->352K(13824K)] 27714K->14942K(36352K), 0.0004010 secs] [Times: user=0.01 sys=0.00, real=0.00 secs] 
370.089: Total time for which application threads were stopped: 0.0004890 seconds, Stopping threads took: 0.0000270 seconds
370.131: Application time: 0.0422390 seconds
370.132: [GC [PSYoungGen: 13149K->384K(13824K)] 27739K->15202K(36352K), 0.0004350 secs] [Times: user=0.00 sys=0.00, real=0.01 secs] 
370.133: Total time for which application threads were stopped: 0.0017730 seconds, Stopping threads took: 0.0000510 seconds
370.185: Application time: 0.0513610 seconds
370.185: [GC [PSYoungGen: 13181K->352K(13824K)] 27999K->15186K(36352K), 0.0004350 secs] [Times: user=0.00 sys=0.00, real=0.00 secs] 
370.185: Total time for which application threads were stopped: 0.0005690 seconds, Stopping threads took: 0.0000770 seconds
370.240: Application time: 0.0546300 seconds
370.240: [GC [PSYoungGen: 13148K->352K(13824K)] 27983K->15266K(36352K), 0.0004000 secs] [Times: user=0.00 sys=0.00, real=0.00 secs] 
370.240: Total time for which application threads were stopped: 0.0005070 seconds, Stopping threads took: 0.0000470 seconds
370.295: Application time: 0.0548860 seconds
370.295: [GC [PSYoungGen: 13148K->352K(13824K)] 28062K->15487K(36352K), 0.0004320 secs] [Times: user=0.00 sys=0.00, real=0.00 secs] 
370.296: Total time for which application threads were stopped: 0.0005480 seconds, Stopping threads took: 0.0000590 seconds
370.342: Application time: 0.0464400 seconds
370.342: [GC [PSYoungGen: 13150K->528K(13824K)] 28285K->15679K(36352K), 0.0004080 secs] [Times: user=0.00 sys=0.00, real=0.00 secs] 
370.343: Total time for which application threads were stopped: 0.0005160 seconds, Stopping threads took: 0.0000510 seconds
370.386: Application time: 0.0435860 seconds
370.386: [GC [PSYoungGen: 13325K->576K(13824K)] 28476K->15979K(36352K), 0.0004590 secs] [Times: user=0.01 sys=0.00, real=0.00 secs] 
370.387: Total time for which application threads were stopped: 0.0005690 seconds, Stopping threads took: 0.0000430 seconds
370.441: Application time: 0.0540240 seconds
370.441: [GC [PSYoungGen: 13376K->512K(13824K)] 28779K->15987K(36352K), 0.0004360 secs] [Times: user=0.00 sys=0.00, real=0.00 secs] 
370.441: Total time for which application threads were stopped: 0.0005570 seconds, Stopping threads took: 0.0000640 seconds
370.496: Application time: 0.0546260 seconds
370.496: [GC [PSYoungGen: 13310K->352K(13824K)] 28786K->16248K(36352K), 0.0004630 secs] [Times: user=0.01 sys=0.00, real=0.00 secs] 
370.497: Total time for which application threads were stopped: 0.0005770 seconds, Stopping threads took: 0.0000560 seconds
370.536: Application time: 0.0394580 seconds
370.536: [GC [PSYoungGen: 13148K->416K(13824K)] 29044K->16328K(36352K), 0.0003970 secs] [Times: user=0.00 sys=0.00, real=0.00 secs] 
370.537: Total time for which application threads were stopped: 0.0005070 seconds, Stopping threads took: 0.0000570 seconds
370.589: Application time: 0.0528390 seconds
370.590: [GC [PSYoungGen: 13214K->544K(13824K)] 29126K->16472K(36352K), 0.0004300 secs] [Times: user=0.00 sys=0.00, real=0.00 secs] 
370.590: Total time for which application threads were stopped: 0.0005510 seconds, Stopping threads took: 0.0000670 seconds
370.646: Application time: 0.0555650 seconds
370.646: [GC [PSYoungGen: 13340K->352K(13824K)] 29268K->16532K(36352K), 0.0004240 secs] [Times: user=0.00 sys=0.00, real=0.00 secs] 
370.646: Total time for which application threads were stopped: 0.0005430 seconds, Stopping threads took: 0.0000600 seconds
370.703: Application time: 0.0566390 seconds
370.703: [GC [PSYoungGen: 13151K->0K(13824K)] 29332K->16404K(36352K), 0.0003840 secs] [Times: user=0.00 sys=0.00, real=0.00 secs] 
370.703: Total time for which application threads were stopped: 0.0005080 seconds, Stopping threads took: 0.0000660 seconds
370.759: Application time: 0.0560370 seconds
370.759: [GC [PSYoungGen: 12798K->352K(13824K)] 29203K->16756K(36352K), 0.0004130 secs] [Times: user=0.00 sys=0.00, real=0.01 secs] 
370.760: Total time for which application threads were stopped: 0.0005290 seconds, Stopping threads took: 0.0000560 seconds
370.816: Application time: 0.0559120 seconds
370.816: [GC [PSYoungGen: 13150K->352K(13824K)] 29555K->16780K(36352K), 0.0004030 secs] [Times: user=0.00 sys=0.00, real=0.00 secs] 
370.816: Total time for which application threads were stopped: 0.0005360 seconds, Stopping threads took: 0.0000730 seconds
370.862: Application time: 0.0455520 seconds
370.862: [GC [PSYoungGen: 13148K->384K(13824K)] 29577K->17033K(36352K), 0.0004200 secs] [Times: user=0.00 sys=0.00, real=0.00 secs] 
370.862: Total time for which application threads were stopped: 0.0005230 seconds, Stopping threads took: 0.0000440 seconds
370.909: Application time: 0.0468680 seconds
370.909: [GC [PSYoungGen: 13183K->352K(13824K)] 29832K->17057K(36352K), 0.0004010 secs] [Times: user=0.01 sys=0.00, real=0.00 secs] 
370.910: Total time for which application threads were stopped: 0.0005280 seconds, Stopping threads took: 0.0000570 seconds
370.960: Application time: 0.0507220 seconds
370.961: [GC [PSYoungGen: 13148K->704K(13824K)] 29854K->17425K(36352K), 0.0005110 secs] [Times: user=0.00 sys=0.00, real=0.00 secs] 
370.961: Total time for which application threads were stopped: 0.0006250 seconds, Stopping threads took: 0.0000550 seconds
370.995: Application time: 0.0335900 seconds
370.995: [GC [PSYoungGen: 13502K->576K(13824K)] 30223K->17698K(36352K), 0.0005310 secs] [Times: user=0.00 sys=0.00, real=0.00 secs] 
370.995: Total time for which application threads were stopped: 0.0006390 seconds, Stopping threads took: 0.0000480 seconds
371.037: Application time: 0.0413180 seconds
371.040: [GC [PSYoungGen: 13372K->512K(16384K)] 30495K->17690K(38912K), 0.0004410 secs] [Times: user=0.00 sys=0.00, real=0.00 secs] 
371.040: Total time for which application threads were stopped: 0.0035740 seconds, Stopping threads took: 0.0030740 seconds
371.105: Application time: 0.0645480 seconds
371.105: [GC [PSYoungGen: 15867K->480K(16384K)] 33046K->17698K(38912K), 0.0004040 secs] [Times: user=0.01 sys=0.00, real=0.00 secs] 
371.105: Total time for which application threads were stopped: 0.0005250 seconds, Stopping threads took: 0.0000610 seconds
371.173: Application time: 0.0673410 seconds
371.173: [GC [PSYoungGen: 15835K->0K(16384K)] 33054K->17643K(38912K), 0.0004250 secs] [Times: user=0.00 sys=0.00, real=0.00 secs] 
371.173: Total time for which application threads were stopped: 0.0005410 seconds, Stopping threads took: 0.0000520 seconds
371.240: Application time: 0.0670010 seconds
371.240: [GC [PSYoungGen: 15357K->0K(16384K)] 33001K->17643K(38912K), 0.0003630 secs] [Times: user=0.00 sys=0.00, real=0.00 secs] 
371.241: Total time for which application threads were stopped: 0.0004770 seconds, Stopping threads took: 0.0000560 seconds
371.306: Application time: 0.0655450 seconds
371.306: [GC [PSYoungGen: 15356K->416K(16384K)] 33000K->18059K(38912K), 0.0004160 secs] [Times: user=0.00 sys=0.00, real=0.00 secs] 
371.307: Total time for which application threads were stopped: 0.0005310 seconds, Stopping threads took: 0.0000530 seconds
371.374: Application time: 0.0676470 seconds
371.374: [GC [PSYoungGen: 15773K->0K(16384K)] 33417K->17867K(38912K), 0.0004060 secs] [Times: user=0.00 sys=0.00, real=0.00 secs] 
371.375: Total time for which application threads were stopped: 0.0005200 seconds, Stopping threads took: 0.0000570 seconds
371.439: Application time: 0.0642710 seconds
371.439: [GC [PSYoungGen: 15357K->576K(16384K)] 33225K->18443K(38912K), 0.0004410 secs] [Times: user=0.00 sys=0.00, real=0.01 secs] 
371.440: Total time for which application threads were stopped: 0.0005650 seconds, Stopping threads took: 0.0000480 seconds
371.512: Application time: 0.0725510 seconds
371.512: [GC [PSYoungGen: 15933K->0K(16384K)] 33801K->18312K(38912K), 0.0004800 secs] [Times: user=0.00 sys=0.00, real=0.00 secs] 
371.513: Total time for which application threads were stopped: 0.0006100 seconds, Stopping threads took: 0.0000670 seconds
371.588: Application time: 0.0747060 seconds
371.588: [GC [PSYoungGen: 15357K->0K(16384K)] 33669K->18312K(38912K), 0.0003900 secs] [Times: user=0.00 sys=0.00, real=0.00 secs] 
371.588: Total time for which application threads were stopped: 0.0005140 seconds, Stopping threads took: 0.0000600 seconds
371.643: Application time: 0.0549650 seconds
371.643: [GC [PSYoungGen: 15358K->352K(16384K)] 33671K->18664K(38912K), 0.0005090 secs] [Times: user=0.00 sys=0.00, real=0.00 secs] 
371.644: Total time for which application threads were stopped: 0.0006360 seconds, Stopping threads took: 0.0000620 seconds
371.706: Application time: 0.0624910 seconds
371.706: [GC [PSYoungGen: 15710K->544K(16384K)] 34022K->18872K(38912K), 0.0004500 secs] [Times: user=0.01 sys=0.00, real=0.00 secs] 
371.707: Total time for which application threads were stopped: 0.0005670 seconds, Stopping threads took: 0.0000510 seconds
371.767: Application time: 0.0600160 seconds
371.768: [GC [PSYoungGen: 15900K->544K(16384K)] 34228K->18888K(38912K), 0.0005330 secs] [Times: user=0.01 sys=0.00, real=0.00 secs] 
371.768: Total time for which application threads were stopped: 0.0014950 seconds, Stopping threads took: 0.0008980 seconds
371.841: Application time: 0.0729950 seconds
371.841: [GC [PSYoungGen: 15903K->480K(16384K)] 34247K->19076K(38912K), 0.0005050 secs] [Times: user=0.00 sys=0.00, real=0.00 secs] 
371.842: Total time for which application threads were stopped: 0.0006420 seconds, Stopping threads took: 0.0000710 seconds
371.903: Application time: 0.0605780 seconds
371.903: [GC [PSYoungGen: 15837K->352K(16384K)] 34434K->19164K(38912K), 0.0004940 secs] [Times: user=0.00 sys=0.00, real=0.00 secs] 
371.903: Total time for which application threads were stopped: 0.0006040 seconds, Stopping threads took: 0.0000470 seconds
371.969: Application time: 0.0653950 seconds
371.969: [GC [PSYoungGen: 15709K->352K(16384K)] 34522K->19180K(38912K), 0.0004290 secs] [Times: user=0.00 sys=0.00, real=0.00 secs] 
371.969: Total time for which application threads were stopped: 0.0005780 seconds, Stopping threads took: 0.0000760 seconds
372.042: Application time: 0.0726860 seconds
372.042: [GC [PSYoungGen: 15708K->352K(16384K)] 34537K->19245K(38912K), 0.0004210 secs] [Times: user=0.00 sys=0.00, real=0.00 secs] 
372.042: Total time for which application threads were stopped: 0.0005340 seconds, Stopping threads took: 0.0000540 seconds
372.107: Application time: 0.0650290 seconds
372.107: [GC [PSYoungGen: 15709K->576K(16384K)] 34602K->19689K(38912K), 0.0005310 secs] [Times: user=0.00 sys=0.00, real=0.00 secs] 
372.108: Total time for which application threads were stopped: 0.0006520 seconds, Stopping threads took: 0.0000570 seconds
372.165: Application time: 0.0569420 seconds
372.165: [GC [PSYoungGen: 15932K->576K(16384K)] 35045K->19934K(38912K), 0.0005480 secs] [Times: user=0.00 sys=0.00, real=0.00 secs] 
372.166: Total time for which application threads were stopped: 0.0006730 seconds, Stopping threads took: 0.0000630 seconds
372.238: Application time: 0.0728220 seconds
372.239: [GC [PSYoungGen: 15932K->320K(16384K)] 35290K->19938K(38912K), 0.0004540 secs] [Times: user=0.00 sys=0.00, real=0.00 secs] 
372.239: Total time for which application threads were stopped: 0.0005720 seconds, Stopping threads took: 0.0000530 seconds
372.308: Application time: 0.0693110 seconds
372.308: [GC [PSYoungGen: 15679K->352K(16384K)] 35297K->20215K(38912K), 0.0004610 secs] [Times: user=0.00 sys=0.00, real=0.00 secs] 
372.309: Total time for which application threads were stopped: 0.0005560 seconds, Stopping threads took: 0.0000290 seconds
372.364: Application time: 0.0547430 seconds
372.364: [GC [PSYoungGen: 15707K->608K(16384K)] 35571K->20479K(38912K), 0.0004690 secs] [Times: user=0.00 sys=0.00, real=0.00 secs] 
372.364: Total time for which application threads were stopped: 0.0005880 seconds, Stopping threads took: 0.0000520 seconds
372.437: Application time: 0.0728200 seconds
372.437: [GC [PSYoungGen: 15967K->384K(16384K)] 35838K->20519K(38912K), 0.0004930 secs] [Times: user=0.00 sys=0.00, real=0.00 secs] 
372.438: Total time for which application threads were stopped: 0.0006150 seconds, Stopping threads took: 0.0000580 seconds
372.512: Application time: 0.0741140 seconds
372.512: [GC [PSYoungGen: 15741K->0K(16384K)] 35876K->20363K(38912K), 0.0004380 secs] [Times: user=0.00 sys=0.00, real=0.00 secs] 
372.512: Total time for which application threads were stopped: 0.0005790 seconds, Stopping threads took: 0.0000700 seconds
372.585: Application time: 0.0724560 seconds
372.585: [GC [PSYoungGen: 15356K->384K(16384K)] 35720K->20747K(38912K), 0.0004620 secs] [Times: user=0.01 sys=0.00, real=0.00 secs] 
372.585: Total time for which application threads were stopped: 0.0005960 seconds, Stopping threads took: 0.0000650 seconds
372.657: Application time: 0.0717650 seconds
372.657: [GC [PSYoungGen: 15740K->320K(16384K)] 36104K->20920K(38912K), 0.0004640 secs] [Times: user=0.00 sys=0.00, real=0.00 secs] 
372.658: Total time for which application threads were stopped: 0.0005860 seconds, Stopping threads took: 0.0000550 seconds
372.713: Application time: 0.0548220 seconds
372.713: [GC [PSYoungGen: 15675K->352K(16384K)] 36276K->21000K(38912K), 0.0005010 secs] [Times: user=0.00 sys=0.00, real=0.00 secs] 
372.713: Total time for which application threads were stopped: 0.0006100 seconds, Stopping threads took: 0.0000470 seconds
372.784: Application time: 0.0711410 seconds
372.784: [GC [PSYoungGen: 15707K->544K(16384K)] 36356K->21208K(38912K), 0.0004960 secs] [Times: user=0.00 sys=0.00, real=0.00 secs] 
372.785: Total time for which application threads were stopped: 0.0006200 seconds, Stopping threads took: 0.0000610 seconds
372.832: Application time: 0.0472570 seconds
372.832: [GC [PSYoungGen: 15900K->544K(16384K)] 36564K->21617K(38912K), 0.0005220 secs] [Times: user=0.01 sys=0.00, real=0.00 secs] 
372.833: Total time for which application threads were stopped: 0.0006480 seconds, Stopping threads took: 0.0000630 seconds
372.890: Application time: 0.0572180 seconds
372.890: [GC [PSYoungGen: 15902K->512K(16384K)] 36976K->21657K(38912K), 0.0004800 secs] [Times: user=0.01 sys=0.00, real=0.00 secs] 
372.891: Total time for which application threads were stopped: 0.0006010 seconds, Stopping threads took: 0.0000580 seconds
372.962: Application time: 0.0713000 seconds
372.962: [GC [PSYoungGen: 15870K->512K(16384K)] 37016K->21681K(38912K), 0.0004580 secs] [Times: user=0.01 sys=0.00, real=0.00 secs] 
372.963: Total time for which application threads were stopped: 0.0005850 seconds, Stopping threads took: 0.0000640 seconds
373.037: Application time: 0.0741190 seconds
373.037: [GC [PSYoungGen: 15869K->0K(16384K)] 37039K->21586K(38912K), 0.0005120 secs] [Times: user=0.00 sys=0.00, real=0.00 secs] 
373.037: Total time for which application threads were stopped: 0.0006590 seconds, Stopping threads took: 0.0000760 seconds
373.111: Application time: 0.0737610 seconds
373.111: [GC [PSYoungGen: 15357K->0K(16384K)] 36944K->21586K(38912K), 0.0004350 secs] [Times: user=0.00 sys=0.00, real=0.01 secs] 
373.112: Total time for which application threads were stopped: 0.0005840 seconds, Stopping threads took: 0.0000840 seconds
373.184: Application time: 0.0719560 seconds
373.184: [GC [PSYoungGen: 15356K->384K(16384K)] 36942K->21970K(38912K), 0.0005160 secs] [Times: user=0.00 sys=0.00, real=0.00 secs] 
373.184: Total time for which application threads were stopped: 0.0006410 seconds, Stopping threads took: 0.0000630 seconds
373.257: Application time: 0.0730920 seconds
373.258: [GC [PSYoungGen: 15743K->320K(16384K)] 37330K->22127K(38912K), 0.0005430 secs] [Times: user=0.01 sys=0.00, real=0.00 secs] 
373.258: Total time for which application threads were stopped: 0.0006680 seconds, Stopping threads took: 0.0000590 seconds
373.329: Application time: 0.0713210 seconds
373.330: [GC [PSYoungGen: 15676K->576K(16384K)] 37483K->22391K(38912K), 0.0004710 secs] [Times: user=0.00 sys=0.00, real=0.00 secs] 
373.330: Total time for which application threads were stopped: 0.0005960 seconds, Stopping threads took: 0.0000610 seconds
373.405: Application time: 0.0753290 seconds
373.405: [GC [PSYoungGen: 15933K->0K(16384K)] 37748K->22259K(38912K), 0.0005220 secs] [Times: user=0.00 sys=0.00, real=0.00 secs] 
373.406: [Full GC [PSYoungGen: 0K->0K(16384K)] [ParOldGen: 22259K->4459K(22528K)] 22259K->4459K(38912K) [PSPermGen: 5581K->5581K(21504K)], 0.0066410 secs] [Times: user=0.03 sys=0.00, real=0.01 secs] 
373.413: Total time for which application threads were stopped: 0.0073390 seconds, Stopping threads took: 0.0000640 seconds
373.484: Application time: 0.0709590 seconds
373.484: [GC [PSYoungGen: 15357K->352K(16384K)] 19817K->4811K(38912K), 0.0004090 secs] [Times: user=0.00 sys=0.00, real=0.00 secs] 
373.484: Total time for which application threads were stopped: 0.0005390 seconds, Stopping threads took: 0.0000680 seconds
373.542: Application time: 0.0574680 seconds
373.542: [GC [PSYoungGen: 15709K->384K(16384K)] 20168K->4859K(38912K), 0.0004050 secs] [Times: user=0.00 sys=0.00, real=0.00 secs] 
373.542: Total time for which application threads were stopped: 0.0005430 seconds, Stopping threads took: 0.0000640 seconds
373.599: Application time: 0.0563890 seconds
373.600: [GC [PSYoungGen: 15744K->384K(16384K)] 20219K->4867K(38912K), 0.0004170 secs] [Times: user=0.00 sys=0.00, real=0.00 secs] 
373.600: Total time for which application threads were stopped: 0.0015970 seconds, Stopping threads took: 0.0011160 seconds
373.669: Application time: 0.0687460 seconds
373.669: [GC [PSYoungGen: 15740K->512K(16384K)] 20224K->5067K(38912K), 0.0004660 secs] [Times: user=0.00 sys=0.00, real=0.00 secs] 
373.670: Total time for which application threads were stopped: 0.0006260 seconds, Stopping threads took: 0.0000960 seconds
373.743: Application time: 0.0730920 seconds
373.743: [GC [PSYoungGen: 15868K->320K(16384K)] 20424K->5083K(38912K), 0.0004310 secs] [Times: user=0.00 sys=0.00, real=0.00 secs] 
373.743: Total time for which application threads were stopped: 0.0005580 seconds, Stopping threads took: 0.0000630 seconds
373.798: Application time: 0.0550670 seconds
373.798: [GC [PSYoungGen: 15678K->384K(16384K)] 20441K->5376K(38912K), 0.0004690 secs] [Times: user=0.00 sys=0.00, real=0.00 secs] 
373.799: Total time for which application threads were stopped: 0.0005970 seconds, Stopping threads took: 0.0000670 seconds
373.870: Application time: 0.0707180 seconds
373.870: [GC [PSYoungGen: 15743K->352K(16384K)] 20735K->5368K(38912K), 0.0004240 secs] [Times: user=0.00 sys=0.00, real=0.00 secs] 
373.870: Total time for which application threads were stopped: 0.0005640 seconds, Stopping threads took: 0.0000690 seconds
373.943: Application time: 0.0728060 seconds
373.943: [GC [PSYoungGen: 15711K->352K(16384K)] 20727K->5424K(38912K), 0.0004330 secs] [Times: user=0.00 sys=0.00, real=0.00 secs] 
373.944: Total time for which application threads were stopped: 0.0005520 seconds, Stopping threads took: 0.0000530 seconds
374.006: Application time: 0.0626090 seconds
374.006: [GC [PSYoungGen: 15710K->576K(16384K)] 20782K->5860K(38912K), 0.0005320 secs] [Times: user=0.00 sys=0.00, real=0.00 secs] 
374.007: Total time for which application threads were stopped: 0.0006490 seconds, Stopping threads took: 0.0000560 seconds
374.066: Application time: 0.0592810 seconds
374.066: [GC [PSYoungGen: 15934K->560K(16384K)] 21218K->6081K(38912K), 0.0005330 secs] [Times: user=0.01 sys=0.00, real=0.00 secs] 
374.067: Total time for which application threads were stopped: 0.0006650 seconds, Stopping threads took: 0.0000630 seconds
374.139: Application time: 0.0726420 seconds
374.140: [GC [PSYoungGen: 15916K->384K(16384K)] 21437K->6149K(38912K), 0.0004340 secs] [Times: user=0.00 sys=0.00, real=0.01 secs] 
374.140: Total time for which application threads were stopped: 0.0005580 seconds, Stopping threads took: 0.0000590 seconds
374.206: Application time: 0.0658170 seconds
374.206: [GC [PSYoungGen: 15743K->416K(16384K)] 21509K->6402K(38912K), 0.0004140 secs] [Times: user=0.01 sys=0.00, real=0.00 secs] 
374.206: Total time for which application threads were stopped: 0.0005400 seconds, Stopping threads took: 0.0000620 seconds
374.265: Application time: 0.0583560 seconds
374.265: [GC [PSYoungGen: 15773K->608K(16384K)] 21759K->6610K(38912K), 0.0004430 secs] [Times: user=0.00 sys=0.00, real=0.00 secs] 
374.265: Total time for which application threads were stopped: 0.0005640 seconds, Stopping threads took: 0.0000570 seconds
374.338: Application time: 0.0729230 seconds
374.338: [GC [PSYoungGen: 15967K->320K(16384K)] 21970K->6575K(38912K), 0.0005150 secs] [Times: user=0.00 sys=0.00, real=0.00 secs] 
374.339: Total time for which application threads were stopped: 0.0006240 seconds, Stopping threads took: 0.0000460 seconds
374.413: Application time: 0.0746090 seconds
374.414: [GC [PSYoungGen: 15677K->0K(16384K)] 21932K->6479K(38912K), 0.0004090 secs] [Times: user=0.00 sys=0.00, real=0.00 secs] 
374.414: Total time for which application threads were stopped: 0.0005320 seconds, Stopping threads took: 0.0000560 seconds
374.486: Application time: 0.0724090 seconds
374.486: [GC [PSYoungGen: 15356K->384K(16384K)] 21836K->6863K(38912K), 0.0004120 secs] [Times: user=0.01 sys=0.00, real=0.00 secs] 
374.487: Total time for which application threads were stopped: 0.0005420 seconds, Stopping threads took: 0.0000640 seconds
374.553: Application time: 0.0659260 seconds
374.553: [GC [PSYoungGen: 15741K->384K(16384K)] 22220K->7095K(38912K), 0.0004590 secs] [Times: user=0.00 sys=0.00, real=0.00 secs] 
374.553: Total time for which application threads were stopped: 0.0006150 seconds, Stopping threads took: 0.0000900 seconds
374.614: Application time: 0.0609090 seconds
374.614: [GC [PSYoungGen: 15741K->320K(16384K)] 22452K->7095K(38912K), 0.0004080 secs] [Times: user=0.00 sys=0.00, real=0.00 secs] 
374.615: Total time for which application threads were stopped: 0.0005300 seconds, Stopping threads took: 0.0000510 seconds
374.685: Application time: 0.0698520 seconds
374.685: [GC [PSYoungGen: 15677K->768K(16384K)] 22452K->7551K(38912K), 0.0004620 secs] [Times: user=0.00 sys=0.00, real=0.00 secs] 
374.685: Total time for which application threads were stopped: 0.0005870 seconds, Stopping threads took: 0.0000600 seconds
374.733: Application time: 0.0473990 seconds
374.733: [GC [PSYoungGen: 16126K->576K(16384K)] 22909K->7779K(38912K), 0.0005810 secs] [Times: user=0.00 sys=0.00, real=0.00 secs] 
374.733: Total time for which application threads were stopped: 0.0006840 seconds, Stopping threads took: 0.0000420 seconds
374.792: Application time: 0.0581970 seconds
374.792: [GC [PSYoungGen: 15932K->512K(16384K)] 23136K->7771K(38912K), 0.0004550 secs] [Times: user=0.01 sys=0.00, real=0.00 secs] 
374.792: Total time for which application threads were stopped: 0.0005750 seconds, Stopping threads took: 0.0000530 seconds
374.865: Application time: 0.0725300 seconds
374.865: [GC [PSYoungGen: 15868K->512K(16384K)] 23128K->7787K(38912K), 0.0004540 secs] [Times: user=0.00 sys=0.00, real=0.00 secs] 
374.865: Total time for which application threads were stopped: 0.0005740 seconds, Stopping threads took: 0.0000590 seconds
374.940: Application time: 0.0746330 seconds
374.940: [GC [PSYoungGen: 15869K->0K(16384K)] 23145K->7684K(38912K), 0.0004440 secs] [Times: user=0.00 sys=0.00, real=0.00 secs] 
374.941: Total time for which application threads were stopped: 0.0005640 seconds, Stopping threads took: 0.0000570 seconds
375.014: Application time: 0.0736330 seconds
375.014: [GC [PSYoungGen: 15356K->352K(16384K)] 23041K->8036K(38912K), 0.0004180 secs] [Times: user=0.00 sys=0.00, real=0.00 secs] 
375.015: Total time for which application threads were stopped: 0.0005340 seconds, Stopping threads took: 0.0000550 seconds
375.088: Application time: 0.0734970 seconds
375.088: [GC [PSYoungGen: 15711K->320K(16384K)] 23396K->8028K(38912K), 0.0004550 secs] [Times: user=0.01 sys=0.00, real=0.00 secs] 
375.089: Total time for which application threads were stopped: 0.0005860 seconds, Stopping threads took: 0.0000640 seconds
375.163: Application time: 0.0742320 seconds
375.163: [GC [PSYoungGen: 15679K->288K(16384K)] 23388K->8209K(38912K), 0.0005290 secs] [Times: user=0.00 sys=0.00, real=0.00 secs] 
375.165: Total time for which application threads were stopped: 0.0017440 seconds, Stopping threads took: 0.0000600 seconds
375.236: Application time: 0.0713450 seconds
375.236: [GC [PSYoungGen: 15644K->576K(16384K)] 23565K->8505K(38912K), 0.0004570 secs] [Times: user=0.00 sys=0.00, real=0.00 secs] 
375.237: Total time for which application threads were stopped: 0.0005770 seconds, Stopping threads took: 0.0000570 seconds
375.312: Application time: 0.0749230 seconds
375.312: [GC [PSYoungGen: 15933K->0K(16384K)] 23863K->8386K(38912K), 0.0004520 secs] [Times: user=0.00 sys=0.00, real=0.00 secs] 
375.312: Total time for which application threads were stopped: 0.0005900 seconds, Stopping threads took: 0.0000660 seconds
375.376: Application time: 0.0642360 seconds
375.377: [GC [PSYoungGen: 15358K->352K(16384K)] 23744K->8738K(38912K), 0.0003920 secs] [Times: user=0.01 sys=0.00, real=0.00 secs] 
375.377: Total time for which application threads were stopped: 0.0005130 seconds, Stopping threads took: 0.0000560 seconds
375.436: Application time: 0.0589940 seconds
375.436: [GC [PSYoungGen: 15709K->544K(16384K)] 24095K->8938K(38912K), 0.0004470 secs] [Times: user=0.00 sys=0.00, real=0.00 secs] 
375.436: Total time for which application threads were stopped: 0.0005640 seconds, Stopping threads took: 0.0000550 seconds
375.490: Application time: 0.0531120 seconds
375.490: [GC [PSYoungGen: 15903K->544K(16384K)] 24298K->8954K(38912K), 0.0004280 secs] [Times: user=0.00 sys=0.00, real=0.00 secs] 
375.490: Total time for which application threads were stopped: 0.0005450 seconds, Stopping threads took: 0.0000580 seconds
375.557: Application time: 0.0664450 seconds
375.557: [GC [PSYoungGen: 15900K->352K(16384K)] 24311K->9014K(38912K), 0.0004240 secs] [Times: user=0.00 sys=0.00, real=0.00 secs] 
375.557: Total time for which application threads were stopped: 0.0005410 seconds, Stopping threads took: 0.0000560 seconds
375.621: Application time: 0.0639950 seconds
375.621: [GC [PSYoungGen: 15711K->352K(16384K)] 24374K->9235K(38912K), 0.0004250 secs] [Times: user=0.01 sys=0.00, real=0.00 secs] 
375.622: Total time for which application threads were stopped: 0.0005410 seconds, Stopping threads took: 0.0000550 seconds
375.673: Application time: 0.0509520 seconds
375.673: [GC [PSYoungGen: 15708K->384K(16384K)] 24591K->9275K(38912K), 0.0003950 secs] [Times: user=0.00 sys=0.00, real=0.00 secs] 
375.673: Total time for which application threads were stopped: 0.0005230 seconds, Stopping threads took: 0.0000590 seconds
375.739: Application time: 0.0659900 seconds
375.739: [GC [PSYoungGen: 15741K->352K(16384K)] 24632K->9307K(38912K), 0.0004220 secs] [Times: user=0.00 sys=0.00, real=0.01 secs] 
375.740: Total time for which application threads were stopped: 0.0005520 seconds, Stopping threads took: 0.0000670 seconds
375.806: Application time: 0.0663320 seconds
375.806: [GC [PSYoungGen: 15711K->320K(16384K)] 24666K->9507K(38912K), 0.0004260 secs] [Times: user=0.00 sys=0.00, real=0.00 secs] 
375.807: Total time for which application threads were stopped: 0.0005450 seconds, Stopping threads took: 0.0000600 seconds
375.854: Application time: 0.0477970 seconds
375.854: [GC [PSYoungGen: 15677K->816K(16384K)] 24864K->10011K(38912K), 0.0004840 secs] [Times: user=0.00 sys=0.00, real=0.00 secs] 
375.855: Total time for which application threads were stopped: 0.0005950 seconds, Stopping threads took: 0.0000500 seconds
375.919: Application time: 0.0636440 seconds
375.919: [GC [PSYoungGen: 16174K->512K(16384K)] 25370K->9991K(38912K), 0.0004690 secs] [Times: user=0.00 sys=0.00, real=0.00 secs] 
375.919: Total time for which application threads were stopped: 0.0006050 seconds, Stopping threads took: 0.0000750 seconds
375.986: Application time: 0.0666050 seconds
375.986: [GC [PSYoungGen: 15871K->320K(16384K)] 25351K->10020K(38912K), 0.0004590 secs] [Times: user=0.00 sys=0.00, real=0.00 secs] 
375.986: Total time for which application threads were stopped: 0.0005750 seconds, Stopping threads took: 0.0000540 seconds
376.044: Application time: 0.0571130 seconds
376.044: [GC [PSYoungGen: 15675K->608K(16384K)] 25376K->10524K(38912K), 0.0004810 secs] [Times: user=0.00 sys=0.00, real=0.00 secs] 
376.044: Total time for which application threads were stopped: 0.0005950 seconds, Stopping threads took: 0.0000500 seconds
376.100: Application time: 0.0561380 seconds
376.100: [GC [PSYoungGen: 15967K->512K(16384K)] 25884K->10444K(38912K), 0.0005140 secs] [Times: user=0.00 sys=0.00, real=0.00 secs] 
376.101: Total time for which application threads were stopped: 0.0006540 seconds, Stopping threads took: 0.0000780 seconds
376.167: Application time: 0.0664380 seconds
376.167: [GC [PSYoungGen: 15871K->352K(16384K)] 25803K->10545K(38912K), 0.0004700 secs] [Times: user=0.00 sys=0.01, real=0.00 secs] 
376.168: Total time for which application threads were stopped: 0.0005890 seconds, Stopping threads took: 0.0000540 seconds
376.235: Application time: 0.0668050 seconds
376.235: [GC [PSYoungGen: 15711K->352K(16384K)] 25904K->10773K(38912K), 0.0004210 secs] [Times: user=0.01 sys=0.00, real=0.00 secs] 
376.235: Total time for which application threads were stopped: 0.0005530 seconds, Stopping threads took: 0.0000620 seconds
376.302: Application time: 0.0667470 seconds
376.302: [GC [PSYoungGen: 15708K->320K(16384K)] 26129K->10757K(38912K), 0.0004060 secs] [Times: user=0.00 sys=0.00, real=0.00 secs] 
376.303: Total time for which application threads were stopped: 0.0005180 seconds, Stopping threads took: 0.0000520 seconds
376.356: Application time: 0.0532340 seconds
376.356: [GC [PSYoungGen: 15679K->416K(16384K)] 26116K->11082K(38912K), 0.0004300 secs] [Times: user=0.00 sys=0.00, real=0.00 secs] 
376.356: Total time for which application threads were stopped: 0.0005430 seconds, Stopping threads took: 0.0000510 seconds
376.419: Application time: 0.0622770 seconds
376.419: [GC [PSYoungGen: 15775K->288K(16384K)] 26441K->11010K(38912K), 0.0004440 secs] [Times: user=0.00 sys=0.00, real=0.00 secs] 
376.419: Total time for which application threads were stopped: 0.0005670 seconds, Stopping threads took: 0.0000640 seconds
376.485: Application time: 0.0655170 seconds
376.487: [GC [PSYoungGen: 15646K->544K(16384K)] 26368K->11274K(38912K), 0.0004620 secs] [Times: user=0.01 sys=0.00, real=0.00 secs] 
376.488: Total time for which application threads were stopped: 0.0027880 seconds, Stopping threads took: 0.0022590 seconds
376.536: Application time: 0.0489540 seconds
376.537: [GC [PSYoungGen: 15904K->544K(16384K)] 26634K->11686K(38912K), 0.0005340 secs] [Times: user=0.00 sys=0.00, real=0.00 secs] 
376.537: Total time for which application threads were stopped: 0.0006530 seconds, Stopping threads took: 0.0000510 seconds
376.583: Application time: 0.0463560 seconds
376.584: [GC [PSYoungGen: 15901K->672K(16384K)] 27044K->11878K(38912K), 0.0004910 secs] [Times: user=0.00 sys=0.00, real=0.00 secs] 
376.584: Total time for which application threads were stopped: 0.0006230 seconds, Stopping threads took: 0.0000690 seconds
376.649: Application time: 0.0645630 seconds
376.649: [GC [PSYoungGen: 16028K->544K(16384K)] 27235K->11766K(38912K), 0.0004630 secs] [Times: user=0.00 sys=0.00, real=0.00 secs] 
376.649: Total time for which application threads were stopped: 0.0005800 seconds, Stopping threads took: 0.0000570 seconds
376.717: Application time: 0.0673920 seconds
376.717: [GC [PSYoungGen: 15901K->0K(16384K)] 27124K->11627K(38912K), 0.0004360 secs] [Times: user=0.00 sys=0.00, real=0.00 secs] 
376.717: Total time for which application threads were stopped: 0.0005660 seconds, Stopping threads took: 0.0000660 seconds
376.783: Application time: 0.0658790 seconds
376.783: [GC [PSYoungGen: 15356K->384K(16384K)] 26984K->12011K(38912K), 0.0003920 secs] [Times: user=0.00 sys=0.00, real=0.00 secs] 
376.784: Total time for which application threads were stopped: 0.0005220 seconds, Stopping threads took: 0.0000590 seconds
376.851: Application time: 0.0675340 seconds
376.851: [GC [PSYoungGen: 15741K->0K(16384K)] 27368K->11851K(38912K), 0.0004210 secs] [Times: user=0.01 sys=0.00, real=0.00 secs] 
376.852: Total time for which application threads were stopped: 0.0005360 seconds, Stopping threads took: 0.0000510 seconds
376.919: Application time: 0.0677100 seconds
376.924: [GC [PSYoungGen: 15357K->0K(16384K)] 27208K->11851K(38912K), 0.0004180 secs] [Times: user=0.00 sys=0.00, real=0.00 secs] 
376.924: Total time for which application threads were stopped: 0.0048080 seconds, Stopping threads took: 0.0043290 seconds
376.988: Application time: 0.0640030 seconds
376.988: [GC [PSYoungGen: 15358K->544K(16384K)] 27210K->12395K(38912K), 0.0004260 secs] [Times: user=0.00 sys=0.00, real=0.00 secs] 
376.989: Total time for which application threads were stopped: 0.0005650 seconds, Stopping threads took: 0.0000770 seconds
377.057: Application time: 0.0682120 seconds
377.057: [GC [PSYoungGen: 15901K->0K(16384K)] 27753K->12292K(38912K), 0.0004380 secs] [Times: user=0.00 sys=0.00, real=0.00 secs] 
377.058: Total time for which application threads were stopped: 0.0005460 seconds, Stopping threads took: 0.0000470 seconds
377.114: Application time: 0.0561420 seconds
377.114: [GC [PSYoungGen: 15355K->384K(16384K)] 27648K->12676K(38912K), 0.0003960 secs] [Times: user=0.00 sys=0.00, real=0.00 secs] 
377.114: Total time for which application threads were stopped: 0.0005040 seconds, Stopping threads took: 0.0000460 seconds
377.167: Application time: 0.0525390 seconds
377.167: [GC [PSYoungGen: 15739K->512K(16384K)] 28032K->12820K(38912K), 0.0004590 secs] [Times: user=0.00 sys=0.00, real=0.00 secs] 
377.167: Total time for which application threads were stopped: 0.0005580 seconds, Stopping threads took: 0.0000370 seconds
377.222: Application time: 0.0545800 seconds
377.224: [GC [PSYoungGen: 15868K->512K(16384K)] 28176K->12828K(38912K), 0.0004630 secs] [Times: user=0.01 sys=0.00, real=0.00 secs] 
377.224: Total time for which application threads were stopped: 0.0023700 seconds, Stopping threads took: 0.0018480 seconds
377.291: Application time: 0.0667790 seconds
377.291: [GC [PSYoungGen: 15869K->352K(16384K)] 28185K->12924K(38912K), 0.0004410 secs] [Times: user=0.00 sys=0.00, real=0.00 secs] 
377.292: Total time for which application threads were stopped: 0.0005960 seconds, Stopping threads took: 0.0000840 seconds
377.349: Application time: 0.0569100 seconds
377.349: [GC [PSYoungGen: 15711K->352K(16384K)] 28284K->13148K(38912K), 0.0004390 secs] [Times: user=0.00 sys=0.00, real=0.00 secs] 
377.349: Total time for which application threads were stopped: 0.0005450 seconds, Stopping threads took: 0.0000440 seconds
377.407: Application time: 0.0580730 seconds
377.407: [GC [PSYoungGen: 15709K->320K(16384K)] 28506K->13124K(38912K), 0.0004840 secs] [Times: user=0.00 sys=0.00, real=0.00 secs] 
377.408: Total time for which application threads were stopped: 0.0006020 seconds, Stopping threads took: 0.0000600 seconds
377.474: Application time: 0.0664890 seconds
377.474: [GC [PSYoungGen: 15679K->352K(16384K)] 28484K->13228K(38912K), 0.0004060 secs] [Times: user=0.00 sys=0.00, real=0.00 secs] 
377.475: Total time for which application threads were stopped: 0.0005350 seconds, Stopping threads took: 0.0000660 seconds
377.537: Application time: 0.0617490 seconds
377.537: [GC [PSYoungGen: 15708K->512K(16384K)] 28584K->13609K(38912K), 0.0004710 secs] [Times: user=0.01 sys=0.00, real=0.00 secs] 
377.537: Total time for which application threads were stopped: 0.0005880 seconds, Stopping threads took: 0.0000560 seconds
377.587: Application time: 0.0495910 seconds
377.587: [GC [PSYoungGen: 15871K->576K(16384K)] 28968K->13913K(38912K), 0.0004800 secs] [Times: user=0.00 sys=0.00, real=0.00 secs] 
377.587: Total time for which application threads were stopped: 0.0005970 seconds, Stopping threads took: 0.0000550 seconds
377.654: Application time: 0.0666010 seconds
377.654: [GC [PSYoungGen: 15935K->384K(16384K)] 29272K->13997K(38912K), 0.0004720 secs] [Times: user=0.00 sys=0.00, real=0.00 secs] 
377.655: Total time for which application threads were stopped: 0.0005840 seconds, Stopping threads took: 0.0000520 seconds
377.722: Application time: 0.0678580 seconds
377.722: [GC [PSYoungGen: 15741K->0K(16384K)] 29354K->13841K(38912K), 0.0004000 secs] [Times: user=0.00 sys=0.00, real=0.00 secs] 
377.723: Total time for which application threads were stopped: 0.0005150 seconds, Stopping threads took: 0.0000540 seconds
377.773: Application time: 0.0496310 seconds
377.773: [GC [PSYoungGen: 15358K->512K(16384K)] 29200K->14353K(38912K), 0.0004750 secs] [Times: user=0.00 sys=0.00, real=0.00 secs] 
377.773: Total time for which application threads were stopped: 0.0005910 seconds, Stopping threads took: 0.0000550 seconds
377.837: Application time: 0.0633910 seconds
377.837: [GC [PSYoungGen: 15871K->320K(16384K)] 29713K->14382K(38912K), 0.0004430 secs] [Times: user=0.00 sys=0.00, real=0.00 secs] 
377.837: Total time for which application threads were stopped: 0.0005820 seconds, Stopping threads took: 0.0000680 seconds
377.904: Application time: 0.0670870 seconds
377.904: [GC [PSYoungGen: 15679K->352K(16384K)] 29741K->14470K(38912K), 0.0004200 secs] [Times: user=0.01 sys=0.00, real=0.00 secs] 
377.905: Total time for which application threads were stopped: 0.0005280 seconds, Stopping threads took: 0.0000450 seconds
377.971: Application time: 0.0661180 seconds
377.971: [GC [PSYoungGen: 15708K->352K(16384K)] 29827K->14702K(38912K), 0.0004450 secs] [Times: user=0.00 sys=0.00, real=0.00 secs] 
377.971: Total time for which application threads were stopped: 0.0005490 seconds, Stopping threads took: 0.0000430 seconds
378.032: Application time: 0.0610470 seconds
378.036: [GC [PSYoungGen: 15709K->384K(16384K)] 30060K->14955K(38912K), 0.0004780 secs] [Times: user=0.00 sys=0.00, real=0.00 secs] 
378.036: Total time for which application threads were stopped: 0.0038580 seconds, Stopping threads took: 0.0033180 seconds
378.091: Application time: 0.0548840 seconds
378.091: [GC [PSYoungGen: 15741K->352K(16384K)] 30312K->14995K(38912K), 0.0004030 secs] [Times: user=0.00 sys=0.00, real=0.00 secs] 
378.092: Total time for which application threads were stopped: 0.0005360 seconds, Stopping threads took: 0.0000650 seconds
378.158: Application time: 0.0659010 seconds
378.158: [GC [PSYoungGen: 15646K->384K(16384K)] 30289K->15051K(38912K), 0.0004140 secs] [Times: user=0.00 sys=0.00, real=0.00 secs] 
378.158: Total time for which application threads were stopped: 0.0005300 seconds, Stopping threads took: 0.0000560 seconds
378.225: Application time: 0.0665500 seconds
378.225: [GC [PSYoungGen: 15740K->384K(16384K)] 30407K->15275K(38912K), 0.0004480 secs] [Times: user=0.00 sys=0.00, real=0.00 secs] 
378.225: Total time for which application threads were stopped: 0.0005760 seconds, Stopping threads took: 0.0000580 seconds
378.280: Application time: 0.0545980 seconds
378.280: [GC [PSYoungGen: 15741K->352K(16384K)] 30632K->15467K(38912K), 0.0004410 secs] [Times: user=0.00 sys=0.00, real=0.00 secs] 
378.280: Total time for which application threads were stopped: 0.0005540 seconds, Stopping threads took: 0.0000510 seconds
378.327: Application time: 0.0470710 seconds
378.328: [GC [PSYoungGen: 15707K->576K(16384K)] 30822K->15755K(38912K), 0.0004500 secs] [Times: user=0.01 sys=0.00, real=0.00 secs] 
378.328: Total time for which application threads were stopped: 0.0005640 seconds, Stopping threads took: 0.0000490 seconds
378.388: Application time: 0.0598560 seconds
378.388: [GC [PSYoungGen: 15933K->576K(16384K)] 31112K->15763K(38912K), 0.0004420 secs] [Times: user=0.00 sys=0.00, real=0.00 secs] 
378.388: Total time for which application threads were stopped: 0.0005610 seconds, Stopping threads took: 0.0000480 seconds
378.454: Application time: 0.0659390 seconds
378.455: [GC [PSYoungGen: 15934K->544K(16384K)] 31121K->15951K(38912K), 0.0004410 secs] [Times: user=0.00 sys=0.00, real=0.00 secs] 
378.455: Total time for which application threads were stopped: 0.0005460 seconds, Stopping threads took: 0.0000450 seconds
378.521: Application time: 0.0665000 seconds
378.522: [GC [PSYoungGen: 15903K->352K(16384K)] 31311K->15988K(38912K), 0.0004330 secs] [Times: user=0.00 sys=0.00, real=0.00 secs] 
378.522: Total time for which application threads were stopped: 0.0005710 seconds, Stopping threads took: 0.0000740 seconds
378.590: Application time: 0.0677000 seconds
378.590: [GC [PSYoungGen: 15709K->0K(16384K)] 31345K->15848K(38912K), 0.0004140 secs] [Times: user=0.00 sys=0.00, real=0.00 secs] 
378.590: Total time for which application threads were stopped: 0.0005300 seconds, Stopping threads took: 0.0000560 seconds
378.658: Application time: 0.0674240 seconds
378.658: [GC [PSYoungGen: 15357K->0K(16384K)] 31206K->15848K(38912K), 0.0004300 secs] [Times: user=0.00 sys=0.00, real=0.00 secs] 
378.658: Total time for which application threads were stopped: 0.0005530 seconds, Stopping threads took: 0.0000600 seconds
378.724: Application time: 0.0653510 seconds
378.724: [GC [PSYoungGen: 15358K->576K(16384K)] 31206K->16424K(38912K), 0.0004370 secs] [Times: user=0.00 sys=0.00, real=0.00 secs] 
378.724: Total time for which application threads were stopped: 0.0005640 seconds, Stopping threads took: 0.0000560 seconds
378.791: Application time: 0.0669690 seconds
378.791: [GC [PSYoungGen: 15932K->384K(16384K)] 31781K->16461K(38912K), 0.0005190 secs] [Times: user=0.00 sys=0.00, real=0.01 secs] 
378.792: Total time for which application threads were stopped: 0.0006380 seconds, Stopping threads took: 0.0000600 seconds
378.842: Application time: 0.0500770 seconds
378.842: [GC [PSYoungGen: 15742K->384K(16384K)] 31820K->16713K(38912K), 0.0004860 secs] [Times: user=0.00 sys=0.00, real=0.00 secs] 
378.842: Total time for which application threads were stopped: 0.0006060 seconds, Stopping threads took: 0.0000590 seconds
378.892: Application time: 0.0499080 seconds
378.892: [GC [PSYoungGen: 15739K->512K(16384K)] 32069K->16857K(38912K), 0.0004310 secs] [Times: user=0.00 sys=0.00, real=0.00 secs] 
378.893: Total time for which application threads were stopped: 0.0005670 seconds, Stopping threads took: 0.0000640 seconds
378.954: Application time: 0.0615140 seconds
378.955: [GC [PSYoungGen: 15871K->512K(16384K)] 32216K->16873K(38912K), 0.0004940 secs] [Times: user=0.01 sys=0.00, real=0.00 secs] 
378.955: Total time for which application threads were stopped: 0.0006030 seconds, Stopping threads took: 0.0000490 seconds
379.021: Application time: 0.0663170 seconds
379.021: [GC [PSYoungGen: 15868K->288K(16384K)] 32229K->16897K(38912K), 0.0004530 secs] [Times: user=0.00 sys=0.00, real=0.00 secs] 
379.022: Total time for which application threads were stopped: 0.0005650 seconds, Stopping threads took: 0.0000490 seconds
379.077: Application time: 0.0553400 seconds
379.077: [GC [PSYoungGen: 15643K->384K(16384K)] 32253K->17222K(38912K), 0.0004240 secs] [Times: user=0.00 sys=0.00, real=0.00 secs] 
379.078: Total time for which application threads were stopped: 0.0005220 seconds, Stopping threads took: 0.0000330 seconds
379.137: Application time: 0.0591750 seconds
379.137: [GC [PSYoungGen: 15739K->384K(16384K)] 32577K->17230K(38912K), 0.0004180 secs] [Times: user=0.01 sys=0.00, real=0.00 secs] 
379.138: Total time for which application threads were stopped: 0.0005370 seconds, Stopping threads took: 0.0000590 seconds
379.203: Application time: 0.0657280 seconds
379.203: [GC [PSYoungGen: 15743K->320K(16384K)] 32589K->17222K(38912K), 0.0004450 secs] [Times: user=0.00 sys=0.00, real=0.00 secs] 
379.204: Total time for which application threads were stopped: 0.0005650 seconds, Stopping threads took: 0.0000570 seconds
379.260: Application time: 0.0564990 seconds
379.260: [GC [PSYoungGen: 15675K->544K(16384K)] 32577K->17682K(38912K), 0.0004850 secs] [Times: user=0.00 sys=0.00, real=0.00 secs] 
379.261: Total time for which application threads were stopped: 0.0006150 seconds, Stopping threads took: 0.0000680 seconds
379.283: Application time: 0.0219270 seconds
379.283: Total time for which application threads were stopped: 0.0000680 seconds, Stopping threads took: 0.0000480 seconds
379.318: Application time: 0.0354440 seconds
379.318: [GC [PSYoungGen: 15901K->384K(16384K)] 33040K->17783K(38912K), 0.0004360 secs] [Times: user=0.00 sys=0.00, real=0.00 secs] 
379.319: Total time for which application threads were stopped: 0.0005340 seconds, Stopping threads took: 0.0000390 seconds
379.388: Application time: 0.0691510 seconds
379.388: [GC [PSYoungGen: 15743K->352K(16384K)] 33142K->17783K(38912K), 0.0004300 secs] [Times: user=0.00 sys=0.00, real=0.00 secs] 
379.389: Total time for which application threads were stopped: 0.0005400 seconds, Stopping threads took: 0.0000480 seconds
379.451: Application time: 0.0624030 seconds
379.451: [GC [PSYoungGen: 15711K->384K(16384K)] 33142K->18063K(38912K), 0.0004380 secs] [Times: user=0.00 sys=0.00, real=0.00 secs] 
379.452: Total time for which application threads were stopped: 0.0005570 seconds, Stopping threads took: 0.0000550 seconds
379.481: Application time: 0.0290250 seconds
379.481: Total time for which application threads were stopped: 0.0000710 seconds, Stopping threads took: 0.0000500 seconds
379.510: Application time: 0.0294550 seconds
379.510: [GC [PSYoungGen: 15743K->384K(16384K)] 33423K->18079K(38912K), 0.0003870 secs] [Times: user=0.00 sys=0.00, real=0.00 secs] 
379.511: Total time for which application threads were stopped: 0.0004840 seconds, Stopping threads took: 0.0000410 seconds
379.583: Application time: 0.0724220 seconds
379.583: [GC [PSYoungGen: 15743K->352K(16384K)] 33438K->18275K(38912K), 0.0004980 secs] [Times: user=0.00 sys=0.00, real=0.00 secs] 
379.584: Total time for which application threads were stopped: 0.0006020 seconds, Stopping threads took: 0.0000420 seconds
379.659: Application time: 0.0749670 seconds
379.659: [GC [PSYoungGen: 15709K->0K(16384K)] 33633K->18147K(38912K), 0.0004150 secs] [Times: user=0.00 sys=0.00, real=0.00 secs] 
379.659: Total time for which application threads were stopped: 0.0005200 seconds, Stopping threads took: 0.0000420 seconds
379.729: Application time: 0.0697050 seconds
379.729: Total time for which application threads were stopped: 0.0000810 seconds, Stopping threads took: 0.0000580 seconds
379.734: Application time: 0.0050570 seconds
379.734: [GC [PSYoungGen: 15358K->32K(16384K)] 33505K->18179K(38912K), 0.0003950 secs] [Times: user=0.00 sys=0.00, real=0.00 secs] 
379.734: Total time for which application threads were stopped: 0.0004970 seconds, Stopping threads took: 0.0000500 seconds
379.813: Application time: 0.0789290 seconds
379.813: [GC [PSYoungGen: 15387K->0K(16384K)] 33535K->18155K(38912K), 0.0003430 secs] [Times: user=0.00 sys=0.00, real=0.00 secs] 
379.814: Total time for which application threads were stopped: 0.0004470 seconds, Stopping threads took: 0.0000430 seconds
379.892: Application time: 0.0776960 seconds
379.892: [GC [PSYoungGen: 15358K->160K(16384K)] 33514K->18315K(38912K), 0.0003830 secs] [Times: user=0.01 sys=0.00, real=0.01 secs] 
379.892: Total time for which application threads were stopped: 0.0004750 seconds, Stopping threads took: 0.0000310 seconds
379.951: Application time: 0.0590600 seconds
379.951: [GC [PSYoungGen: 15517K->384K(16384K)] 33673K->18547K(38912K), 0.0004510 secs] [Times: user=0.00 sys=0.00, real=0.00 secs] 
379.952: Total time for which application threads were stopped: 0.0005420 seconds, Stopping threads took: 0.0000300 seconds
380.032: Application time: 0.0806040 seconds
380.032: [GC [PSYoungGen: 15741K->352K(16384K)] 33905K->18539K(38912K), 0.0004140 secs] [Times: user=0.00 sys=0.00, real=0.00 secs] 
380.033: Total time for which application threads were stopped: 0.0005190 seconds, Stopping threads took: 0.0000380 seconds
380.103: Application time: 0.0707240 seconds
380.104: [GC [PSYoungGen: 15708K->384K(16384K)] 33895K->18923K(38912K), 0.0004400 secs] [Times: user=0.00 sys=0.00, real=0.00 secs] 
380.104: Total time for which application threads were stopped: 0.0005500 seconds, Stopping threads took: 0.0000490 seconds
380.158: Application time: 0.0534640 seconds
380.158: Total time for which application threads were stopped: 0.0000510 seconds, Stopping threads took: 0.0000300 seconds
380.176: Application time: 0.0186100 seconds
380.176: [GC [PSYoungGen: 15741K->320K(16384K)] 34281K->18875K(38912K), 0.0004300 secs] [Times: user=0.00 sys=0.00, real=0.00 secs] 
380.178: Total time for which application threads were stopped: 0.0017040 seconds, Stopping threads took: 0.0000250 seconds
380.183: Application time: 0.0052730 seconds
380.183: Total time for which application threads were stopped: 0.0000430 seconds, Stopping threads took: 0.0000320 seconds
380.342: Application time: 0.1588320 seconds
380.342: [GC [PSYoungGen: 15676K->32K(16384K)] 34231K->18619K(38912K), 0.0005720 secs] [Times: user=0.00 sys=0.00, real=0.00 secs] 
380.343: Total time for which application threads were stopped: 0.0006560 seconds, Stopping threads took: 0.0000280 seconds
380.367: Application time: 0.0238450 seconds
380.367: Total time for which application threads were stopped: 0.0000360 seconds, Stopping threads took: 0.0000220 seconds
380.487: Application time: 0.1206920 seconds
380.487: [GC [PSYoungGen: 15392K->729K(16384K)] 33979K->19325K(38912K), 0.0008270 secs] [Times: user=0.00 sys=0.00, real=0.00 secs] 
380.488: Total time for which application threads were stopped: 0.0009020 seconds, Stopping threads took: 0.0000090 seconds
380.499: Application time: 0.0112840 seconds
380.500: Total time for which application threads were stopped: 0.0000430 seconds, Stopping threads took: 0.0000070 seconds
380.740: Application time: 0.2406770 seconds
380.740: [GC [PSYoungGen: 16089K->997K(16384K)] 34685K->31608K(47104K), 0.0048020 secs] [Times: user=0.03 sys=0.00, real=0.00 secs] 
380.745: [Full GC [PSYoungGen: 997K->0K(16384K)] [ParOldGen: 30610K->9084K(31744K)] 31608K->9084K(48128K) [PSPermGen: 12877K->12873K(21504K)], 0.0208300 secs] [Times: user=0.08 sys=0.00, real=0.02 secs] 
380.766: Total time for which application threads were stopped: 0.0257930 seconds, Stopping threads took: 0.0000120 seconds
380.766: Application time: 0.0001380 seconds
380.766: Total time for which application threads were stopped: 0.0000560 seconds, Stopping threads took: 0.0000330 seconds
380.766: Application time: 0.0000860 seconds
380.766: Total time for which application threads were stopped: 0.0000570 seconds, Stopping threads took: 0.0000440 seconds
381.012: Application time: 0.2453120 seconds
381.012: [GC [PSYoungGen: 15360K->5210K(19968K)] 24444K->18513K(51712K), 0.0021870 secs] [Times: user=0.02 sys=0.00, real=0.00 secs] 
381.014: Total time for which application threads were stopped: 0.0022890 seconds, Stopping threads took: 0.0000100 seconds
381.014: Application time: 0.0000830 seconds
381.014: Total time for which application threads were stopped: 0.0000280 seconds, Stopping threads took: 0.0000100 seconds
381.061: Application time: 0.0467240 seconds
381.061: Total time for which application threads were stopped: 0.0000320 seconds, Stopping threads took: 0.0000140 seconds
Heap
 PSYoungGen      total 19968K, used 13839K [0x00000000d7480000, 0x00000000d9080000, 0x0000000100000000)
  eden space 14336K, 60% used [0x00000000d7480000,0x00000000d7ced4b0,0x00000000d8280000)
  from space 5632K, 92% used [0x00000000d8900000,0x00000000d8e16b20,0x00000000d8e80000)
  to   space 6656K, 0% used [0x00000000d8280000,0x00000000d8280000,0x00000000d8900000)
 ParOldGen       total 31744K, used 13302K [0x0000000085e00000, 0x0000000087d00000, 0x00000000d7480000)
  object space 31744K, 41% used [0x0000000085e00000,0x0000000086afdbb8,0x0000000087d00000)
 PSPermGen       total 21504K, used 13256K [0x0000000080c00000, 0x0000000082100000, 0x0000000085e00000)
  object space 21504K, 61% used [0x0000000080c00000,0x00000000818f22e0,0x0000000082100000)
381.061: Application time: 0.0001770 seconds
