Java HotSpot(TM) 64-Bit Server VM (24.80-b11) for linux-amd64 JRE (1.7.0_80-b15), built on Apr 10 2015 19:53:14 by "java_re" with gcc 4.3.0 20080428 (Red Hat 4.3.0-8)
Memory: 4k page, physical 8000092k(6469144k free), swap 8218620k(8218620k free)
CommandLine flags: -XX:InitialHeapSize=128001472 -XX:MaxHeapSize=2048023552 -XX:+PrintGC -XX:+PrintGCApplicationConcurrentTime -XX:+PrintGCApplicationStoppedTime -XX:+PrintGCDetails -XX:+PrintGCTimeStamps -XX:+UseCompressedOops -XX:+UseSerialGC 
1.010: Application time: 0.9862040 seconds
1.010: Total time for which application threads were stopped: 0.0000410 seconds, Stopping threads took: 0.0000100 seconds
4.030: Application time: 3.0192100 seconds
4.030: Total time for which application threads were stopped: 0.0000650 seconds, Stopping threads took: 0.0000110 seconds
14.716: Application time: 10.6864580 seconds
14.716: Total time for which application threads were stopped: 0.0000240 seconds, Stopping threads took: 0.0000080 seconds
14.716: Application time: 0.0000130 seconds
14.716: Total time for which application threads were stopped: 0.0000070 seconds, Stopping threads took: 0.0000030 seconds
14.717: Application time: 0.0013700 seconds
14.717: Total time for which application threads were stopped: 0.0000090 seconds, Stopping threads took: 0.0000040 seconds
14.735: Application time: 0.0177330 seconds
14.735: Total time for which application threads were stopped: 0.0000430 seconds, Stopping threads took: 0.0000100 seconds
14.747: Application time: 0.0122120 seconds
14.748: [Full GC14.748: [Tenured: 0K->3145K(83392K), 0.0081450 secs] 10422K->3145K(120896K), [Perm : 5075K->5075K(21248K)], 0.0082040 secs] [Times: user=0.01 sys=0.00, real=0.01 secs] 
14.756: Total time for which application threads were stopped: 0.0082690 seconds, Stopping threads took: 0.0000180 seconds
14.756: Application time: 0.0000680 seconds
14.756: [Full GC14.756: [Tenured: 3145K->3145K(83392K), 0.0058840 secs] 3145K->3145K(120960K), [Perm : 5075K->5075K(21248K)], 0.0059160 secs] [Times: user=0.00 sys=0.00, real=0.00 secs] 
14.762: Total time for which application threads were stopped: 0.0059670 seconds, Stopping threads took: 0.0000060 seconds
14.762: Application time: 0.0002070 seconds
14.762: Total time for which application threads were stopped: 0.0000610 seconds, Stopping threads took: 0.0000470 seconds
14.762: Application time: 0.0000490 seconds
14.762: Total time for which application threads were stopped: 0.0000540 seconds, Stopping threads took: 0.0000460 seconds
14.762: Application time: 0.0000560 seconds
14.762: Total time for which application threads were stopped: 0.0000460 seconds, Stopping threads took: 0.0000380 seconds
14.762: Application time: 0.0000190 seconds
14.762: Total time for which application threads were stopped: 0.0000130 seconds, Stopping threads took: 0.0000090 seconds
14.762: Application time: 0.0000540 seconds
14.762: Total time for which application threads were stopped: 0.0000190 seconds, Stopping threads took: 0.0000160 seconds
14.762: Application time: 0.0000120 seconds
14.762: Total time for which application threads were stopped: 0.0000150 seconds, Stopping threads took: 0.0000110 seconds
14.762: Application time: 0.0000110 seconds
14.762: Total time for which application threads were stopped: 0.0000120 seconds, Stopping threads took: 0.0000090 seconds
14.762: Application time: 0.0000110 seconds
14.762: Total time for which application threads were stopped: 0.0000140 seconds, Stopping threads took: 0.0000110 seconds
14.762: Application time: 0.0000180 seconds
14.762: Total time for which application threads were stopped: 0.0000210 seconds, Stopping threads took: 0.0000150 seconds
14.763: Application time: 0.0000130 seconds
14.763: Total time for which application threads were stopped: 0.0000160 seconds, Stopping threads took: 0.0000110 seconds
14.763: Application time: 0.0000130 seconds
14.763: Total time for which application threads were stopped: 0.0000160 seconds, Stopping threads took: 0.0000110 seconds
14.763: Application time: 0.0000130 seconds
14.763: Total time for which application threads were stopped: 0.0000140 seconds, Stopping threads took: 0.0000100 seconds
14.763: Application time: 0.0000120 seconds
14.763: Total time for which application threads were stopped: 0.0000150 seconds, Stopping threads took: 0.0000110 seconds
14.763: Application time: 0.0000120 seconds
14.763: Total time for which application threads were stopped: 0.0000140 seconds, Stopping threads took: 0.0000090 seconds
14.763: Application time: 0.0000120 seconds
14.763: Total time for which application threads were stopped: 0.0000100 seconds, Stopping threads took: 0.0000060 seconds
14.763: Application time: 0.0000120 seconds
14.763: Total time for which application threads were stopped: 0.0000150 seconds, Stopping threads took: 0.0000100 seconds
14.763: Application time: 0.0000110 seconds
14.763: Total time for which application threads were stopped: 0.0000140 seconds, Stopping threads took: 0.0000090 seconds
14.763: Application time: 0.0000120 seconds
14.763: Total time for which application threads were stopped: 0.0000140 seconds, Stopping threads took: 0.0000090 seconds
14.763: Application time: 0.0000110 seconds
14.763: Total time for which application threads were stopped: 0.0000130 seconds, Stopping threads took: 0.0000080 seconds
14.763: Application time: 0.0000100 seconds
14.763: Total time for which application threads were stopped: 0.0000200 seconds, Stopping threads took: 0.0000100 seconds
14.811: Application time: 0.0485380 seconds
14.811: Total time for which application threads were stopped: 0.0000540 seconds, Stopping threads took: 0.0000140 seconds
14.821: Application time: 0.0098260 seconds
14.821: Total time for which application threads were stopped: 0.0000240 seconds, Stopping threads took: 0.0000080 seconds
14.873: Application time: 0.0522190 seconds
14.874: Total time for which application threads were stopped: 0.0000740 seconds, Stopping threads took: 0.0000500 seconds
14.874: Application time: 0.0001520 seconds
14.874: Total time for which application threads were stopped: 0.0000380 seconds, Stopping threads took: 0.0000280 seconds
14.874: Application time: 0.0000860 seconds
14.874: Total time for which application threads were stopped: 0.0000290 seconds, Stopping threads took: 0.0000190 seconds
14.874: Application time: 0.0002060 seconds
14.874: Total time for which application threads were stopped: 0.0000150 seconds, Stopping threads took: 0.0000030 seconds
15.098: Application time: 0.2239890 seconds
15.098: [GC15.098: [DefNew: 33408K->4159K(37568K), 0.0192880 secs] 36553K->23492K(120960K), 0.0193330 secs] [Times: user=0.04 sys=0.00, real=0.02 secs] 
15.118: Total time for which application threads were stopped: 0.0194650 seconds, Stopping threads took: 0.0000490 seconds
15.118: Application time: 0.0000780 seconds
15.118: Total time for which application threads were stopped: 0.0000670 seconds, Stopping threads took: 0.0000440 seconds
15.118: Application time: 0.0000300 seconds
15.118: Total time for which application threads were stopped: 0.0000460 seconds, Stopping threads took: 0.0000310 seconds
15.118: Application time: 0.0000170 seconds
15.118: Total time for which application threads were stopped: 0.0000340 seconds, Stopping threads took: 0.0000240 seconds
15.118: Application time: 0.0000140 seconds
15.118: Total time for which application threads were stopped: 0.0000260 seconds, Stopping threads took: 0.0000170 seconds
15.118: Application time: 0.0000120 seconds
15.118: Total time for which application threads were stopped: 0.0000270 seconds, Stopping threads took: 0.0000190 seconds
15.118: Application time: 0.0000180 seconds
15.118: Total time for which application threads were stopped: 0.0000330 seconds, Stopping threads took: 0.0000240 seconds
15.205: Application time: 0.0867360 seconds
15.205: Total time for which application threads were stopped: 0.0000890 seconds, Stopping threads took: 0.0000480 seconds
15.205: Application time: 0.0001940 seconds
15.205: Total time for which application threads were stopped: 0.0000530 seconds, Stopping threads took: 0.0000420 seconds
15.205: Application time: 0.0000280 seconds
15.205: Total time for which application threads were stopped: 0.0000400 seconds, Stopping threads took: 0.0000310 seconds
15.206: Application time: 0.0007780 seconds
15.208: Total time for which application threads were stopped: 0.0026030 seconds, Stopping threads took: 0.0025940 seconds
15.213: Application time: 0.0044090 seconds
15.213: Total time for which application threads were stopped: 0.0000560 seconds, Stopping threads took: 0.0000400 seconds
15.386: Application time: 0.1727900 seconds
15.386: Total time for which application threads were stopped: 0.0001700 seconds, Stopping threads took: 0.0001090 seconds
15.390: Application time: 0.0038050 seconds
15.390: Total time for which application threads were stopped: 0.0000830 seconds, Stopping threads took: 0.0000640 seconds
15.395: Application time: 0.0050550 seconds
15.395: Total time for which application threads were stopped: 0.0000740 seconds, Stopping threads took: 0.0000520 seconds
15.395: Application time: 0.0001260 seconds
15.395: Total time for which application threads were stopped: 0.0000470 seconds, Stopping threads took: 0.0000370 seconds
15.396: Application time: 0.0010350 seconds
15.396: Total time for which application threads were stopped: 0.0000540 seconds, Stopping threads took: 0.0000370 seconds
15.396: Application time: 0.0000120 seconds
15.396: Total time for which application threads were stopped: 0.0000280 seconds, Stopping threads took: 0.0000150 seconds
15.397: Application time: 0.0012170 seconds
15.398: Total time for which application threads were stopped: 0.0000570 seconds, Stopping threads took: 0.0000470 seconds
15.401: Application time: 0.0032750 seconds
15.401: Total time for which application threads were stopped: 0.0000710 seconds, Stopping threads took: 0.0000550 seconds
15.408: Application time: 0.0076210 seconds
15.409: Total time for which application threads were stopped: 0.0000600 seconds, Stopping threads took: 0.0000390 seconds
15.410: Application time: 0.0014140 seconds
15.410: Total time for which application threads were stopped: 0.0000660 seconds, Stopping threads took: 0.0000430 seconds
15.416: Application time: 0.0064520 seconds
15.417: Total time for which application threads were stopped: 0.0000540 seconds, Stopping threads took: 0.0000310 seconds
15.418: Application time: 0.0013980 seconds
15.418: Total time for which application threads were stopped: 0.0000440 seconds, Stopping threads took: 0.0000320 seconds
15.419: Application time: 0.0013870 seconds
15.419: Total time for which application threads were stopped: 0.0000430 seconds, Stopping threads took: 0.0000300 seconds
15.437: Application time: 0.0176690 seconds
15.437: Total time for which application threads were stopped: 0.0000850 seconds, Stopping threads took: 0.0000490 seconds
15.437: Application time: 0.0000300 seconds
15.437: Total time for which application threads were stopped: 0.0000420 seconds, Stopping threads took: 0.0000320 seconds
15.440: Application time: 0.0031450 seconds
15.440: Total time for which application threads were stopped: 0.0000650 seconds, Stopping threads took: 0.0000440 seconds
15.445: Application time: 0.0043300 seconds
15.445: Total time for which application threads were stopped: 0.0000590 seconds, Stopping threads took: 0.0000390 seconds
15.451: Application time: 0.0056430 seconds
15.451: Total time for which application threads were stopped: 0.0001200 seconds, Stopping threads took: 0.0000400 seconds
15.479: Application time: 0.0286220 seconds
15.479: Total time for which application threads were stopped: 0.0001040 seconds, Stopping threads took: 0.0000480 seconds
15.479: Application time: 0.0000150 seconds
15.479: Total time for which application threads were stopped: 0.0000450 seconds, Stopping threads took: 0.0000310 seconds
15.479: Application time: 0.0000150 seconds
15.480: Total time for which application threads were stopped: 0.0000390 seconds, Stopping threads took: 0.0000250 seconds
15.537: Application time: 0.0577880 seconds
15.537: [GC15.537: [DefNew: 37567K->4160K(37568K), 0.0322750 secs] 56900K->45740K(120960K), 0.0323280 secs] [Times: user=0.02 sys=0.01, real=0.03 secs] 
15.570: Total time for which application threads were stopped: 0.0324490 seconds, Stopping threads took: 0.0000390 seconds
15.718: Application time: 0.1481500 seconds
15.718: Total time for which application threads were stopped: 0.0001560 seconds, Stopping threads took: 0.0000980 seconds
15.724: Application time: 0.0064460 seconds
15.725: Total time for which application threads were stopped: 0.0000820 seconds, Stopping threads took: 0.0000520 seconds
15.725: Application time: 0.0005980 seconds
15.725: Total time for which application threads were stopped: 0.0000680 seconds, Stopping threads took: 0.0000470 seconds
15.725: Application time: 0.0000390 seconds
15.728: Total time for which application threads were stopped: 0.0031970 seconds, Stopping threads took: 0.0031820 seconds
15.743: Application time: 0.0140340 seconds
15.743: Total time for which application threads were stopped: 0.0000830 seconds, Stopping threads took: 0.0000500 seconds
15.743: Application time: 0.0000350 seconds
15.743: Total time for which application threads were stopped: 0.0000500 seconds, Stopping threads took: 0.0000350 seconds
15.744: Application time: 0.0013180 seconds
15.744: Total time for which application threads were stopped: 0.0000520 seconds, Stopping threads took: 0.0000340 seconds
15.744: Application time: 0.0000510 seconds
15.744: Total time for which application threads were stopped: 0.0000470 seconds, Stopping threads took: 0.0000300 seconds
15.744: Application time: 0.0001070 seconds
15.744: Total time for which application threads were stopped: 0.0000430 seconds, Stopping threads took: 0.0000250 seconds
15.744: Application time: 0.0000290 seconds
15.744: Total time for which application threads were stopped: 0.0000460 seconds, Stopping threads took: 0.0000330 seconds
15.744: Application time: 0.0000770 seconds
15.745: Total time for which application threads were stopped: 0.0000490 seconds, Stopping threads took: 0.0000320 seconds
15.745: Application time: 0.0000470 seconds
15.745: Total time for which application threads were stopped: 0.0006170 seconds, Stopping threads took: 0.0006000 seconds
15.753: Application time: 0.0078370 seconds
15.753: Total time for which application threads were stopped: 0.0000650 seconds, Stopping threads took: 0.0000380 seconds
15.753: Application time: 0.0000410 seconds
15.753: Total time for which application threads were stopped: 0.0000420 seconds, Stopping threads took: 0.0000280 seconds
15.920: Application time: 0.1664710 seconds
15.920: Total time for which application threads were stopped: 0.0001030 seconds, Stopping threads took: 0.0000610 seconds
15.974: Application time: 0.0546820 seconds
15.975: Total time for which application threads were stopped: 0.0000940 seconds, Stopping threads took: 0.0000680 seconds
15.980: Application time: 0.0051610 seconds
15.980: [GC15.980: [DefNew: 37568K->4159K(37568K), 0.0315150 secs] 79148K->59980K(120960K), 0.0315590 secs] [Times: user=0.06 sys=0.01, real=0.03 secs] 
16.011: Total time for which application threads were stopped: 0.0316520 seconds, Stopping threads took: 0.0000310 seconds
16.012: Application time: 0.0002040 seconds
16.012: Total time for which application threads were stopped: 0.0000880 seconds, Stopping threads took: 0.0000650 seconds
16.017: Application time: 0.0053460 seconds
16.017: Total time for which application threads were stopped: 0.0000900 seconds, Stopping threads took: 0.0000530 seconds
16.032: Application time: 0.0153750 seconds
16.033: Total time for which application threads were stopped: 0.0000620 seconds, Stopping threads took: 0.0000360 seconds
16.060: Application time: 0.0272440 seconds
16.060: Total time for which application threads were stopped: 0.0000880 seconds, Stopping threads took: 0.0000480 seconds
16.399: Application time: 0.3391070 seconds
16.399: Total time for which application threads were stopped: 0.0001500 seconds, Stopping threads took: 0.0000670 seconds
16.404: Application time: 0.0053670 seconds
16.409: [GC16.409: [DefNew: 37567K->2347K(37568K), 0.0082560 secs] 93388K->62324K(120960K), 0.0083070 secs] [Times: user=0.00 sys=0.00, real=0.01 secs] 
16.417: Total time for which application threads were stopped: 0.0123480 seconds, Stopping threads took: 0.0039760 seconds
16.561: Application time: 0.1437840 seconds
16.561: [GC16.561: [DefNew: 35755K->4159K(37568K), 0.0097300 secs] 95732K->67259K(120960K), 0.0097750 secs] [Times: user=0.02 sys=0.00, real=0.01 secs] 
16.571: Total time for which application threads were stopped: 0.0099470 seconds, Stopping threads took: 0.0000470 seconds
16.632: Application time: 0.0612520 seconds
16.633: [GC16.633: [DefNew: 37567K->4159K(37568K), 0.0277680 secs] 100667K->84741K(120960K), 0.0278130 secs] [Times: user=0.02 sys=0.01, real=0.02 secs] 
16.660: Total time for which application threads were stopped: 0.0285420 seconds, Stopping threads took: 0.0006620 seconds
16.740: Application time: 0.0794850 seconds
16.740: [GC16.740: [DefNew: 37567K->4160K(37568K), 0.0238360 secs]16.764: [Tenured: 92679K->78945K(92800K), 0.0976160 secs] 118149K->78945K(130368K), [Perm : 8521K->8521K(21248K)], 0.1215720 secs] [Times: user=0.12 sys=0.01, real=0.12 secs] 
16.862: Total time for which application threads were stopped: 0.1217160 seconds, Stopping threads took: 0.0000600 seconds
16.871: Application time: 0.0098890 seconds
16.872: Total time for which application threads were stopped: 0.0001000 seconds, Stopping threads took: 0.0000760 seconds
16.872: Application time: 0.0000390 seconds
16.872: Total time for which application threads were stopped: 0.0000670 seconds, Stopping threads took: 0.0000550 seconds
16.872: Application time: 0.0000230 seconds
16.872: Total time for which application threads were stopped: 0.0000620 seconds, Stopping threads took: 0.0000490 seconds
16.872: Application time: 0.0000190 seconds
16.872: Total time for which application threads were stopped: 0.0000270 seconds, Stopping threads took: 0.0000180 seconds
16.872: Application time: 0.0000120 seconds
16.872: Total time for which application threads were stopped: 0.0000290 seconds, Stopping threads took: 0.0000210 seconds
16.872: Application time: 0.0000180 seconds
16.872: Total time for which application threads were stopped: 0.0000340 seconds, Stopping threads took: 0.0000250 seconds
16.872: Application time: 0.0000160 seconds
16.872: Total time for which application threads were stopped: 0.0000460 seconds, Stopping threads took: 0.0000380 seconds
16.884: Application time: 0.0124800 seconds
16.885: Total time for which application threads were stopped: 0.0000880 seconds, Stopping threads took: 0.0000670 seconds
16.885: Application time: 0.0000280 seconds
16.885: Total time for which application threads were stopped: 0.0000470 seconds, Stopping threads took: 0.0000390 seconds
16.885: Application time: 0.0000230 seconds
16.885: Total time for which application threads were stopped: 0.0000320 seconds, Stopping threads took: 0.0000230 seconds
16.885: Application time: 0.0000140 seconds
16.885: Total time for which application threads were stopped: 0.0000270 seconds, Stopping threads took: 0.0000210 seconds
16.885: Application time: 0.0000130 seconds
16.885: Total time for which application threads were stopped: 0.0000300 seconds, Stopping threads took: 0.0000240 seconds
16.885: Application time: 0.0000130 seconds
16.885: Total time for which application threads were stopped: 0.0000240 seconds, Stopping threads took: 0.0000180 seconds
16.885: Application time: 0.0000120 seconds
16.885: Total time for which application threads were stopped: 0.0000190 seconds, Stopping threads took: 0.0000130 seconds
16.885: Application time: 0.0000120 seconds
16.885: Total time for which application threads were stopped: 0.0000720 seconds, Stopping threads took: 0.0000190 seconds
17.082: Application time: 0.1969770 seconds
17.082: [GC17.082: [DefNew: 52800K->6528K(59328K), 0.0111130 secs] 131745K->86976K(190908K), 0.0111590 secs] [Times: user=0.03 sys=0.00, real=0.02 secs] 
17.093: Total time for which application threads were stopped: 0.0113150 seconds, Stopping threads took: 0.0000720 seconds
17.180: Application time: 0.0865560 seconds
17.180: Total time for which application threads were stopped: 0.0001660 seconds, Stopping threads took: 0.0000600 seconds
17.180: Application time: 0.0000270 seconds
17.180: Total time for which application threads were stopped: 0.0000480 seconds, Stopping threads took: 0.0000290 seconds
17.180: Application time: 0.0000130 seconds
17.180: Total time for which application threads were stopped: 0.0000660 seconds, Stopping threads took: 0.0000170 seconds
17.193: Application time: 0.0132640 seconds
17.193: [GC17.193: [DefNew: 59328K->1148K(59328K), 0.0096140 secs] 139776K->87756K(190908K), 0.0096650 secs] [Times: user=0.02 sys=0.00, real=0.00 secs] 
17.203: Total time for which application threads were stopped: 0.0097850 seconds, Stopping threads took: 0.0000510 seconds
17.357: Application time: 0.1539870 seconds
17.357: [GC17.357: [DefNew: 53948K->1266K(59328K), 0.0018150 secs] 140556K->87875K(190908K), 0.0018460 secs] [Times: user=0.00 sys=0.00, real=0.00 secs] 
17.359: Total time for which application threads were stopped: 0.0019700 seconds, Stopping threads took: 0.0000420 seconds
17.467: Application time: 0.1078770 seconds
17.467: [GC17.467: [DefNew: 54066K->1253K(59328K), 0.0016890 secs] 140675K->87862K(190908K), 0.0017200 secs] [Times: user=0.00 sys=0.00, real=0.00 secs] 
17.469: Total time for which application threads were stopped: 0.0018760 seconds, Stopping threads took: 0.0000780 seconds
17.551: Application time: 0.0820310 seconds
17.551: [GC17.551: [DefNew: 54053K->1267K(59328K), 0.0017380 secs] 140662K->87875K(190908K), 0.0017630 secs] [Times: user=0.00 sys=0.00, real=0.01 secs] 
17.553: Total time for which application threads were stopped: 0.0019270 seconds, Stopping threads took: 0.0000940 seconds
17.795: Application time: 0.2419210 seconds
17.795: [GC17.795: [DefNew: 54067K->1452K(59328K), 0.0019930 secs] 140675K->88060K(190908K), 0.0020270 secs] [Times: user=0.01 sys=0.00, real=0.00 secs] 
17.797: Total time for which application threads were stopped: 0.0021640 seconds, Stopping threads took: 0.0000420 seconds
17.881: Application time: 0.0843210 seconds
17.881: [GC17.881: [DefNew: 54252K->1549K(59328K), 0.0021190 secs] 140860K->88158K(190908K), 0.0021570 secs] [Times: user=0.00 sys=0.00, real=0.00 secs] 
17.884: Total time for which application threads were stopped: 0.0023190 seconds, Stopping threads took: 0.0000520 seconds
17.941: Application time: 0.0570330 seconds
17.945: [GC17.945: [DefNew: 54349K->1548K(59328K), 0.0018450 secs] 140958K->88156K(190908K), 0.0018800 secs] [Times: user=0.00 sys=0.00, real=0.00 secs] 
17.946: Total time for which application threads were stopped: 0.0058720 seconds, Stopping threads took: 0.0038970 seconds
17.995: Application time: 0.0483690 seconds
17.995: [GC17.995: [DefNew: 54348K->1575K(59328K), 0.0019980 secs] 140956K->88183K(190908K), 0.0020450 secs] [Times: user=0.00 sys=0.00, real=0.00 secs] 
17.997: Total time for which application threads were stopped: 0.0021850 seconds, Stopping threads took: 0.0000690 seconds
18.047: Application time: 0.0504390 seconds
18.048: [GC18.048: [DefNew: 54375K->1985K(59328K), 0.0023210 secs] 140983K->88593K(190908K), 0.0023650 secs] [Times: user=0.01 sys=0.00, real=0.00 secs] 
18.050: Total time for which application threads were stopped: 0.0025440 seconds, Stopping threads took: 0.0000760 seconds
18.125: Application time: 0.0745020 seconds
18.125: [GC18.125: [DefNew: 54785K->6527K(59328K), 0.0162870 secs] 141393K->101732K(190908K), 0.0163320 secs] [Times: user=0.01 sys=0.00, real=0.01 secs] 
18.141: Total time for which application threads were stopped: 0.0164850 seconds, Stopping threads took: 0.0000600 seconds
18.265: Application time: 0.1237210 seconds
18.265: [GC18.265: [DefNew: 59327K->6528K(59328K), 0.0318720 secs] 154532K->122058K(190908K), 0.0319130 secs] [Times: user=0.03 sys=0.00, real=0.03 secs] 
18.297: Total time for which application threads were stopped: 0.0320610 seconds, Stopping threads took: 0.0000560 seconds
18.453: Application time: 0.1558330 seconds
18.453: [GC18.453: [DefNew: 59328K->6527K(59328K), 0.0298840 secs] 174858K->137342K(190908K), 0.0299340 secs] [Times: user=0.03 sys=0.00, real=0.02 secs] 
18.483: Total time for which application threads were stopped: 0.0300830 seconds, Stopping threads took: 0.0000500 seconds
18.517: Application time: 0.0339560 seconds
18.517: [GC18.517: [DefNew: 59327K->6527K(59328K), 0.0239390 secs]18.541: [Tenured: 141450K->79988K(141564K), 0.1224690 secs] 190142K->79988K(200892K), [Perm : 8801K->8797K(21248K)], 0.1466950 secs] [Times: user=0.14 sys=0.00, real=0.14 secs] 
18.664: Total time for which application threads were stopped: 0.1468340 seconds, Stopping threads took: 0.0000700 seconds
18.698: Application time: 0.0345010 seconds
18.698: [GC18.698: [DefNew: 53440K->6655K(60096K), 0.0279960 secs] 133428K->102478K(193412K), 0.0280400 secs] [Times: user=0.03 sys=0.00, real=0.03 secs] 
18.726: Total time for which application threads were stopped: 0.0281770 seconds, Stopping threads took: 0.0000720 seconds
18.761: Application time: 0.0346470 seconds
18.761: [GC18.761: [DefNew: 60095K->6656K(60096K), 0.0204370 secs] 155918K->110479K(193412K), 0.0204860 secs] [Times: user=0.03 sys=0.00, real=0.02 secs] 
18.782: Total time for which application threads were stopped: 0.0206660 seconds, Stopping threads took: 0.0001040 seconds
18.811: Application time: 0.0298610 seconds
18.812: [GC18.812: [DefNew: 60096K->1098K(60096K), 0.0097150 secs] 163919K->111491K(193412K), 0.0097590 secs] [Times: user=0.01 sys=0.00, real=0.01 secs] 
18.821: Total time for which application threads were stopped: 0.0099660 seconds, Stopping threads took: 0.0001390 seconds
18.850: Application time: 0.0290320 seconds
18.851: [GC18.851: [DefNew: 54538K->1220K(60096K), 0.0020430 secs] 164931K->111614K(193412K), 0.0020740 secs] [Times: user=0.00 sys=0.00, real=0.01 secs] 
18.853: Total time for which application threads were stopped: 0.0022270 seconds, Stopping threads took: 0.0001000 seconds
18.882: Application time: 0.0296890 seconds
18.882: [GC18.882: [DefNew: 54660K->1222K(60096K), 0.0014260 secs] 165054K->111616K(193412K), 0.0014550 secs] [Times: user=0.00 sys=0.00, real=0.00 secs] 
18.884: Total time for which application threads were stopped: 0.0016470 seconds, Stopping threads took: 0.0001100 seconds
18.912: Application time: 0.0285010 seconds
18.913: [GC18.913: [DefNew: 54662K->1236K(60096K), 0.0013960 secs] 165056K->111630K(193412K), 0.0014230 secs] [Times: user=0.00 sys=0.00, real=0.00 secs] 
18.914: Total time for which application threads were stopped: 0.0015050 seconds, Stopping threads took: 0.0000290 seconds
18.934: Application time: 0.0200290 seconds
18.934: [GC18.934: [DefNew: 54676K->1340K(60096K), 0.0015330 secs] 165070K->111734K(193412K), 0.0015640 secs] [Times: user=0.00 sys=0.00, real=0.00 secs] 
18.936: Total time for which application threads were stopped: 0.0017970 seconds, Stopping threads took: 0.0001430 seconds
18.953: Application time: 0.0167750 seconds
18.953: [GC18.953: [DefNew: 54780K->1414K(60096K), 0.0015970 secs] 165174K->111808K(193412K), 0.0016260 secs] [Times: user=0.00 sys=0.00, real=0.00 secs] 
18.954: Total time for which application threads were stopped: 0.0018160 seconds, Stopping threads took: 0.0001360 seconds
18.971: Application time: 0.0162730 seconds
18.971: [GC18.971: [DefNew: 54854K->1438K(60096K), 0.0019630 secs] 165248K->111832K(193412K), 0.0019970 secs] [Times: user=0.00 sys=0.00, real=0.01 secs] 
18.973: Total time for which application threads were stopped: 0.0022220 seconds, Stopping threads took: 0.0001540 seconds
18.989: Application time: 0.0162210 seconds
18.993: [GC18.993: [DefNew: 54878K->1423K(60096K), 0.0019380 secs] 165272K->111817K(193412K), 0.0019680 secs] [Times: user=0.01 sys=0.00, real=0.00 secs] 
18.995: Total time for which application threads were stopped: 0.0055310 seconds, Stopping threads took: 0.0034870 seconds
19.011: Application time: 0.0165780 seconds
19.011: [GC19.011: [DefNew: 54863K->1402K(60096K), 0.0017880 secs] 165257K->111796K(193412K), 0.0018180 secs] [Times: user=0.00 sys=0.00, real=0.01 secs] 
19.013: Total time for which application threads were stopped: 0.0019790 seconds, Stopping threads took: 0.0001020 seconds
19.030: Application time: 0.0168780 seconds
19.030: [GC19.030: [DefNew: 54842K->6655K(60096K), 0.0089670 secs] 165236K->121609K(193412K), 0.0090090 secs] [Times: user=0.01 sys=0.00, real=0.01 secs] 
19.039: Total time for which application threads were stopped: 0.0093060 seconds, Stopping threads took: 0.0002110 seconds
19.063: Application time: 0.0235040 seconds
19.063: [GC19.063: [DefNew: 60095K->6656K(60096K), 0.0443730 secs]19.107: [Tenured: 142807K->74075K(142916K), 0.1002820 secs] 175049K->74075K(203012K), [Perm : 8806K->8806K(21248K)], 0.1449740 secs] [Times: user=0.14 sys=0.00, real=0.15 secs] 
19.208: Total time for which application threads were stopped: 0.1451130 seconds, Stopping threads took: 0.0000740 seconds
19.246: Application time: 0.0381110 seconds
19.246: [GC19.246: [DefNew: 53440K->6655K(60096K), 0.0185010 secs] 127515K->88428K(193412K), 0.0185440 secs] [Times: user=0.02 sys=0.00, real=0.02 secs] 
19.265: Total time for which application threads were stopped: 0.0187290 seconds, Stopping threads took: 0.0001200 seconds
19.298: Application time: 0.0327630 seconds
19.298: [GC19.298: [DefNew: 60095K->6655K(60096K), 0.0161740 secs] 141868K->95809K(193412K), 0.0162170 secs] [Times: user=0.01 sys=0.00, real=0.02 secs] 
19.314: Total time for which application threads were stopped: 0.0163860 seconds, Stopping threads took: 0.0001010 seconds
19.345: Application time: 0.0311740 seconds
19.345: [GC19.345: [DefNew: 60095K->6655K(60096K), 0.0285890 secs] 149249K->113861K(193412K), 0.0286330 secs] [Times: user=0.03 sys=0.00, real=0.03 secs] 
19.374: Total time for which application threads were stopped: 0.0288400 seconds, Stopping threads took: 0.0001400 seconds
19.406: Application time: 0.0322450 seconds
19.406: [GC19.406: [DefNew: 60095K->6656K(60096K), 0.0229280 secs] 167301K->122670K(193412K), 0.0229720 secs] [Times: user=0.02 sys=0.00, real=0.02 secs] 
19.429: Total time for which application threads were stopped: 0.0231530 seconds, Stopping threads took: 0.0001110 seconds
19.458: Application time: 0.0282150 seconds
19.458: [GC19.458: [DefNew: 60096K->1099K(60096K), 0.0099050 secs] 176110K->123454K(193412K), 0.0099490 secs] [Times: user=0.01 sys=0.00, real=0.01 secs] 
19.468: Total time for which application threads were stopped: 0.0101210 seconds, Stopping threads took: 0.0001030 seconds
19.490: Application time: 0.0220360 seconds
19.490: [GC19.490: [DefNew: 54539K->1197K(60096K), 0.0023390 secs] 176894K->123551K(193412K), 0.0023720 secs] [Times: user=0.01 sys=0.00, real=0.00 secs] 
19.492: Total time for which application threads were stopped: 0.0026000 seconds, Stopping threads took: 0.0001570 seconds
19.512: Application time: 0.0197370 seconds
19.512: [GC19.512: [DefNew: 54637K->1199K(60096K), 0.0016070 secs] 176991K->123553K(193412K), 0.0016390 secs] [Times: user=0.01 sys=0.00, real=0.01 secs] 
19.514: Total time for which application threads were stopped: 0.0019130 seconds, Stopping threads took: 0.0002170 seconds
19.534: Application time: 0.0197120 seconds
19.534: [GC19.534: [DefNew: 54639K->1213K(60096K), 0.0015150 secs] 176993K->123567K(193412K), 0.0015470 secs] [Times: user=0.01 sys=0.00, real=0.00 secs] 
19.536: Total time for which application threads were stopped: 0.0017460 seconds, Stopping threads took: 0.0001420 seconds
19.554: Application time: 0.0185380 seconds
19.554: [GC19.554: [DefNew: 54653K->1387K(60096K), 0.0016920 secs] 177007K->123741K(193412K), 0.0017220 secs] [Times: user=0.01 sys=0.00, real=0.00 secs] 
19.556: Total time for which application threads were stopped: 0.0019650 seconds, Stopping threads took: 0.0001890 seconds
19.572: Application time: 0.0162560 seconds
19.572: [GC19.572: [DefNew: 54827K->1414K(60096K), 0.0015790 secs] 177181K->123768K(193412K), 0.0016110 secs] [Times: user=0.00 sys=0.00, real=0.01 secs] 
19.574: Total time for which application threads were stopped: 0.0018070 seconds, Stopping threads took: 0.0001300 seconds
19.590: Application time: 0.0161190 seconds
19.590: [GC19.590: [DefNew: 54854K->1436K(60096K), 0.0019540 secs] 177208K->123791K(193412K), 0.0019950 secs] [Times: user=0.00 sys=0.00, real=0.00 secs] 
19.592: Total time for which application threads were stopped: 0.0022120 seconds, Stopping threads took: 0.0001580 seconds
19.609: Application time: 0.0161810 seconds
19.609: [GC19.609: [DefNew: 54876K->1441K(60096K), 0.0019400 secs] 177231K->123796K(193412K), 0.0019720 secs] [Times: user=0.00 sys=0.00, real=0.00 secs] 
19.611: Total time for which application threads were stopped: 0.0021410 seconds, Stopping threads took: 0.0001100 seconds
19.627: Application time: 0.0162320 seconds
19.627: [GC19.627: [DefNew: 54881K->1418K(60096K), 0.0019100 secs] 177236K->123773K(193412K), 0.0019400 secs] [Times: user=0.00 sys=0.00, real=0.00 secs] 
19.629: Total time for which application threads were stopped: 0.0021100 seconds, Stopping threads took: 0.0001160 seconds
19.646: Application time: 0.0166750 seconds
19.646: [GC19.646: [DefNew: 54858K->6656K(60096K), 0.0074450 secs] 177213K->132382K(193412K), 0.0074870 secs] [Times: user=0.01 sys=0.00, real=0.01 secs] 
19.653: Total time for which application threads were stopped: 0.0076420 seconds, Stopping threads took: 0.0000850 seconds
19.679: Application time: 0.0253090 seconds
19.679: [GC19.679: [DefNew: 60096K->6656K(60096K), 0.0499160 secs]19.729: [Tenured: 157705K->77151K(157892K), 0.1071520 secs] 185822K->77151K(217988K), [Perm : 8809K->8809K(21248K)], 0.1577270 secs] [Times: user=0.16 sys=0.00, real=0.16 secs] 
19.837: Total time for which application threads were stopped: 0.1579060 seconds, Stopping threads took: 0.0001160 seconds
19.877: Application time: 0.0405100 seconds
19.877: [GC19.877: [DefNew: 53440K->6655K(60096K), 0.0207760 secs] 130591K->89330K(193412K), 0.0208240 secs] [Times: user=0.02 sys=0.00, real=0.02 secs] 
19.898: Total time for which application threads were stopped: 0.0210670 seconds, Stopping threads took: 0.0001600 seconds
19.934: Application time: 0.0354670 seconds
19.934: [GC19.934: [DefNew: 60095K->6655K(60096K), 0.0208200 secs] 142770K->98125K(193412K), 0.0208650 secs] [Times: user=0.02 sys=0.00, real=0.02 secs] 
19.955: Total time for which application threads were stopped: 0.0210720 seconds, Stopping threads took: 0.0001010 seconds
19.987: Application time: 0.0322980 seconds
19.987: [GC19.987: [DefNew: 60095K->6655K(60096K), 0.0296870 secs] 151565K->113073K(193412K), 0.0297300 secs] [Times: user=0.03 sys=0.00, real=0.03 secs] 
20.017: Total time for which application threads were stopped: 0.0299180 seconds, Stopping threads took: 0.0001170 seconds
20.048: Application time: 0.0306970 seconds
20.048: [GC20.048: [DefNew: 60095K->5157K(60096K), 0.0164190 secs] 166513K->118031K(193412K), 0.0164650 secs] [Times: user=0.01 sys=0.00, real=0.01 secs] 
20.064: Total time for which application threads were stopped: 0.0166600 seconds, Stopping threads took: 0.0001090 seconds
20.092: Application time: 0.0277760 seconds
20.092: [GC20.092: [DefNew: 58597K->1232K(60096K), 0.0046320 secs] 171471K->118088K(193412K), 0.0046720 secs] [Times: user=0.01 sys=0.00, real=0.01 secs] 
20.097: Total time for which application threads were stopped: 0.0048200 seconds, Stopping threads took: 0.0000760 seconds
20.118: Application time: 0.0210980 seconds
20.118: [GC20.118: [DefNew: 54672K->1184K(60096K), 0.0019900 secs] 171528K->118040K(193412K), 0.0020240 secs] [Times: user=0.01 sys=0.00, real=0.00 secs] 
20.120: Total time for which application threads were stopped: 0.0022220 seconds, Stopping threads took: 0.0001370 seconds
20.140: Application time: 0.0194950 seconds
20.140: [GC20.140: [DefNew: 54624K->1177K(60096K), 0.0016910 secs] 171480K->118033K(193412K), 0.0017220 secs] [Times: user=0.00 sys=0.00, real=0.00 secs] 
20.142: Total time for which application threads were stopped: 0.0019610 seconds, Stopping threads took: 0.0001800 seconds
20.161: Application time: 0.0195980 seconds
20.161: [GC20.161: [DefNew: 54617K->1198K(60096K), 0.0015620 secs] 171473K->118054K(193412K), 0.0016000 secs] [Times: user=0.00 sys=0.00, real=0.00 secs] 
20.163: Total time for which application threads were stopped: 0.0017440 seconds, Stopping threads took: 0.0000810 seconds
20.181: Application time: 0.0181950 seconds
20.181: [GC20.181: [DefNew: 54638K->1368K(60096K), 0.0017350 secs] 171494K->118224K(193412K), 0.0017670 secs] [Times: user=0.00 sys=0.00, real=0.00 secs] 
20.183: Total time for which application threads were stopped: 0.0019540 seconds, Stopping threads took: 0.0001260 seconds
20.199: Application time: 0.0162230 seconds
20.200: [GC20.200: [DefNew: 54808K->1385K(60096K), 0.0017220 secs] 171664K->118241K(193412K), 0.0017490 secs] [Times: user=0.00 sys=0.00, real=0.00 secs] 
20.201: Total time for which application threads were stopped: 0.0019220 seconds, Stopping threads took: 0.0001130 seconds
20.217: Application time: 0.0160530 seconds
20.218: [GC20.218: [DefNew: 54825K->1403K(60096K), 0.0016270 secs] 171681K->118259K(193412K), 0.0016560 secs] [Times: user=0.00 sys=0.00, real=0.00 secs] 
20.219: Total time for which application threads were stopped: 0.0018540 seconds, Stopping threads took: 0.0001370 seconds
20.235: Application time: 0.0159730 seconds
20.236: [GC20.236: [DefNew: 54843K->1399K(60096K), 0.0018880 secs] 171699K->118255K(193412K), 0.0019210 secs] [Times: user=0.00 sys=0.00, real=0.00 secs] 
20.238: Total time for which application threads were stopped: 0.0022340 seconds, Stopping threads took: 0.0002310 seconds
20.254: Application time: 0.0162280 seconds
20.254: [GC20.254: [DefNew: 54839K->1400K(60096K), 0.0018850 secs] 171695K->118256K(193412K), 0.0019180 secs] [Times: user=0.00 sys=0.00, real=0.00 secs] 
20.256: Total time for which application threads were stopped: 0.0021140 seconds, Stopping threads took: 0.0001330 seconds
20.273: Application time: 0.0170730 seconds
20.273: [GC20.273: [DefNew: 54840K->6655K(60096K), 0.0134040 secs] 171696K->132884K(193412K), 0.0134460 secs] [Times: user=0.01 sys=0.00, real=0.01 secs] 
20.287: Total time for which application threads were stopped: 0.0137260 seconds, Stopping threads took: 0.0001910 seconds
20.312: Application time: 0.0254940 seconds
20.312: [GC20.312: [DefNew: 60095K->6655K(60096K), 0.0462240 secs]20.359: [Tenured: 154188K->79087K(154244K), 0.1099590 secs] 186324K->79087K(214340K), [Perm : 8810K->8810K(21248K)], 0.1567610 secs] [Times: user=0.15 sys=0.00, real=0.16 secs] 
20.469: Total time for which application threads were stopped: 0.1569590 seconds, Stopping threads took: 0.0001290 seconds
20.506: Application time: 0.0367990 seconds
20.506: [GC20.506: [DefNew: 53440K->6655K(60096K), 0.0190500 secs] 132527K->89917K(193412K), 0.0190940 secs] [Times: user=0.02 sys=0.00, real=0.02 secs] 
20.525: Total time for which application threads were stopped: 0.0193390 seconds, Stopping threads took: 0.0001550 seconds
20.557: Application time: 0.0316360 seconds
20.557: [GC20.557: [DefNew: 60095K->6655K(60096K), 0.0224720 secs] 143357K->101256K(193412K), 0.0225170 secs] [Times: user=0.02 sys=0.00, real=0.02 secs] 
20.580: Total time for which application threads were stopped: 0.0226560 seconds, Stopping threads took: 0.0000550 seconds
20.612: Application time: 0.0320370 seconds
20.612: [GC20.612: [DefNew: 60095K->6656K(60096K), 0.0225750 secs] 154696K->114716K(193412K), 0.0226200 secs] [Times: user=0.02 sys=0.00, real=0.03 secs] 
20.634: Total time for which application threads were stopped: 0.0228020 seconds, Stopping threads took: 0.0001110 seconds
20.664: Application time: 0.0295020 seconds
20.664: [GC20.664: [DefNew: 60096K->2423K(60096K), 0.0129160 secs] 168156K->116668K(193412K), 0.0129590 secs] [Times: user=0.01 sys=0.00, real=0.02 secs] 
20.677: Total time for which application threads were stopped: 0.0132310 seconds, Stopping threads took: 0.0001980 seconds
20.704: Application time: 0.0272480 seconds
20.705: [GC20.705: [DefNew: 55863K->2461K(60096K), 0.0031080 secs] 170108K->116706K(193412K), 0.0031410 secs] [Times: user=0.01 sys=0.01, real=0.00 secs] 
20.708: Total time for which application threads were stopped: 0.0033200 seconds, Stopping threads took: 0.0001170 seconds
20.728: Application time: 0.0202450 seconds
20.728: [GC20.728: [DefNew: 55901K->2651K(60096K), 0.0025060 secs] 170146K->116896K(193412K), 0.0025580 secs] [Times: user=0.00 sys=0.00, real=0.00 secs] 
20.731: Total time for which application threads were stopped: 0.0027640 seconds, Stopping threads took: 0.0001420 seconds
20.750: Application time: 0.0196340 seconds
20.751: [GC20.751: [DefNew: 56091K->2672K(60096K), 0.0027180 secs] 170336K->116917K(193412K), 0.0027520 secs] [Times: user=0.00 sys=0.00, real=0.01 secs] 
20.753: Total time for which application threads were stopped: 0.0029460 seconds, Stopping threads took: 0.0001210 seconds
20.773: Application time: 0.0199400 seconds
20.773: [GC20.773: [DefNew: 56112K->2651K(60096K), 0.0022260 secs] 170357K->116896K(193412K), 0.0022570 secs] [Times: user=0.00 sys=0.00, real=0.00 secs] 
20.776: Total time for which application threads were stopped: 0.0024570 seconds, Stopping threads took: 0.0001370 seconds
20.794: Application time: 0.0179470 seconds
20.794: [GC20.794: [DefNew: 56091K->2835K(60096K), 0.0026460 secs] 170336K->117080K(193412K), 0.0026800 secs] [Times: user=0.00 sys=0.00, real=0.00 secs] 
20.797: Total time for which application threads were stopped: 0.0028820 seconds, Stopping threads took: 0.0001380 seconds
20.813: Application time: 0.0162850 seconds
20.813: [GC20.813: [DefNew: 56275K->2877K(60096K), 0.0028310 secs] 170520K->117122K(193412K), 0.0028640 secs] [Times: user=0.00 sys=0.00, real=0.00 secs] 
20.816: Total time for which application threads were stopped: 0.0030430 seconds, Stopping threads took: 0.0001150 seconds
20.832: Application time: 0.0161940 seconds
20.832: [GC20.832: [DefNew: 56317K->2831K(60096K), 0.0029900 secs] 170562K->117076K(193412K), 0.0030260 secs] [Times: user=0.00 sys=0.00, real=0.01 secs] 
20.835: Total time for which application threads were stopped: 0.0032220 seconds, Stopping threads took: 0.0001320 seconds
20.851: Application time: 0.0161550 seconds
20.852: [GC20.852: [DefNew: 56271K->2854K(60096K), 0.0025680 secs] 170516K->117099K(193412K), 0.0026010 secs] [Times: user=0.00 sys=0.00, real=0.01 secs] 
20.854: Total time for which application threads were stopped: 0.0028290 seconds, Stopping threads took: 0.0001660 seconds
20.870: Application time: 0.0161300 seconds
20.871: [GC20.871: [DefNew: 56294K->2867K(60096K), 0.0028400 secs] 170539K->117112K(193412K), 0.0028740 secs] [Times: user=0.00 sys=0.00, real=0.01 secs] 
20.873: Total time for which application threads were stopped: 0.0030660 seconds, Stopping threads took: 0.0001270 seconds
20.891: Application time: 0.0174990 seconds
20.891: [GC20.891: [DefNew: 56307K->6656K(60096K), 0.0171710 secs] 170552K->133824K(193412K), 0.0172140 secs] [Times: user=0.02 sys=0.00, real=0.02 secs] 
20.908: Total time for which application threads were stopped: 0.0174430 seconds, Stopping threads took: 0.0001570 seconds
20.934: Application time: 0.0256100 seconds
20.934: [GC20.934: [DefNew: 60096K->6656K(60096K), 0.0454100 secs]20.980: [Tenured: 155164K->74079K(155204K), 0.1137180 secs] 187264K->74079K(215300K), [Perm : 8811K->8810K(21248K)], 0.1597240 secs] [Times: user=0.16 sys=0.00, real=0.16 secs] 
21.094: Total time for which application threads were stopped: 0.1598920 seconds, Stopping threads took: 0.0001000 seconds
21.131: Application time: 0.0374830 seconds
21.132: [GC21.132: [DefNew: 53440K->6655K(60096K), 0.0161180 secs] 127519K->84077K(193412K), 0.0161650 secs] [Times: user=0.02 sys=0.00, real=0.02 secs] 
21.148: Total time for which application threads were stopped: 0.0164140 seconds, Stopping threads took: 0.0001550 seconds
21.179: Application time: 0.0314690 seconds
21.180: [GC21.180: [DefNew: 60095K->6656K(60096K), 0.0257940 secs] 137517K->99069K(193412K), 0.0258390 secs] [Times: user=0.03 sys=0.00, real=0.03 secs] 
21.205: Total time for which application threads were stopped: 0.0260930 seconds, Stopping threads took: 0.0001630 seconds
21.239: Application time: 0.0340210 seconds
21.240: [GC21.240: [DefNew: 60096K->6656K(60096K), 0.0228150 secs] 152509K->110883K(193412K), 0.0228670 secs] [Times: user=0.02 sys=0.00, real=0.02 secs] 
21.262: Total time for which application threads were stopped: 0.0230150 seconds, Stopping threads took: 0.0000720 seconds
21.291: Application time: 0.0287470 seconds
21.291: [GC21.291: [DefNew: 60096K->1177K(60096K), 0.0134800 secs] 164323K->111840K(193412K), 0.0135220 secs] [Times: user=0.01 sys=0.00, real=0.02 secs] 
21.305: Total time for which application threads were stopped: 0.0137380 seconds, Stopping threads took: 0.0001250 seconds
21.332: Application time: 0.0269280 seconds
21.332: [GC21.332: [DefNew: 54617K->1184K(60096K), 0.0016910 secs] 165280K->111848K(193412K), 0.0017190 secs] [Times: user=0.00 sys=0.00, real=0.01 secs] 
21.334: Total time for which application threads were stopped: 0.0019800 seconds, Stopping threads took: 0.0001940 seconds
21.354: Application time: 0.0198610 seconds
21.354: [GC21.354: [DefNew: 54624K->1242K(60096K), 0.0015560 secs] 165288K->111906K(193412K), 0.0015840 secs] [Times: user=0.00 sys=0.00, real=0.00 secs] 
21.356: Total time for which application threads were stopped: 0.0018580 seconds, Stopping threads took: 0.0002150 seconds
21.375: Application time: 0.0195900 seconds
21.375: [GC21.375: [DefNew: 54682K->1216K(60096K), 0.0016100 secs] 165346K->111880K(193412K), 0.0016420 secs] [Times: user=0.01 sys=0.00, real=0.00 secs] 
21.377: Total time for which application threads were stopped: 0.0018950 seconds, Stopping threads took: 0.0001900 seconds
21.396: Application time: 0.0194020 seconds
21.397: [GC21.397: [DefNew: 54656K->1256K(60096K), 0.0016800 secs] 165320K->111919K(193412K), 0.0017090 secs] [Times: user=0.00 sys=0.00, real=0.00 secs] 
21.398: Total time for which application threads were stopped: 0.0018850 seconds, Stopping threads took: 0.0001170 seconds
21.416: Application time: 0.0175480 seconds
21.416: [GC21.416: [DefNew: 54696K->1410K(60096K), 0.0016270 secs] 165359K->112074K(193412K), 0.0016610 secs] [Times: user=0.01 sys=0.00, real=0.00 secs] 
21.418: Total time for which application threads were stopped: 0.0018530 seconds, Stopping threads took: 0.0001290 seconds
21.434: Application time: 0.0161770 seconds
21.434: [GC21.434: [DefNew: 54850K->1406K(60096K), 0.0019100 secs] 165514K->112070K(193412K), 0.0019430 secs] [Times: user=0.00 sys=0.00, real=0.00 secs] 
21.436: Total time for which application threads were stopped: 0.0021170 seconds, Stopping threads took: 0.0001110 seconds
21.452: Application time: 0.0161420 seconds
21.452: [GC21.452: [DefNew: 54846K->1414K(60096K), 0.0019020 secs] 165510K->112078K(193412K), 0.0019300 secs] [Times: user=0.00 sys=0.00, real=0.01 secs] 
21.454: Total time for which application threads were stopped: 0.0021380 seconds, Stopping threads took: 0.0001490 seconds
21.470: Application time: 0.0160880 seconds
21.471: [GC21.471: [DefNew: 54854K->1420K(60096K), 0.0019570 secs] 165518K->112084K(193412K), 0.0019880 secs] [Times: user=0.00 sys=0.00, real=0.01 secs] 
21.473: Total time for which application threads were stopped: 0.0022130 seconds, Stopping threads took: 0.0001430 seconds
21.489: Application time: 0.0162280 seconds
21.489: [GC21.489: [DefNew: 54860K->2589K(60096K), 0.0022520 secs] 165524K->113252K(193412K), 0.0022850 secs] [Times: user=0.00 sys=0.00, real=0.00 secs] 
21.491: Total time for which application threads were stopped: 0.0024450 seconds, Stopping threads took: 0.0000970 seconds
21.509: Application time: 0.0179900 seconds
21.509: [GC21.510: [DefNew: 56029K->6655K(60096K), 0.0196240 secs] 166692K->133877K(193412K), 0.0196650 secs] [Times: user=0.02 sys=0.00, real=0.02 secs] 
21.529: Total time for which application threads were stopped: 0.0198720 seconds, Stopping threads took: 0.0001340 seconds
21.556: Application time: 0.0268540 seconds
21.556: [GC21.556: [DefNew: 60095K->6656K(60096K), 0.0474820 secs]21.604: [Tenured: 152242K->75295K(152324K), 0.1164410 secs] 187317K->75295K(212420K), [Perm : 8811K->8811K(21248K)], 0.1644770 secs] [Times: user=0.16 sys=0.01, real=0.16 secs] 
21.721: Total time for which application threads were stopped: 0.1647230 seconds, Stopping threads took: 0.0001780 seconds
21.758: Application time: 0.0370320 seconds
21.758: [GC21.758: [DefNew: 53440K->6655K(60096K), 0.0148080 secs] 128735K->84551K(193412K), 0.0148610 secs] [Times: user=0.02 sys=0.00, real=0.02 secs] 
21.773: Total time for which application threads were stopped: 0.0150040 seconds, Stopping threads took: 0.0000570 seconds
21.805: Application time: 0.0319370 seconds
21.805: [GC21.805: [DefNew: 60095K->6656K(60096K), 0.0313870 secs] 137991K->102451K(193412K), 0.0314290 secs] [Times: user=0.03 sys=0.00, real=0.03 secs] 
21.836: Total time for which application threads were stopped: 0.0315710 seconds, Stopping threads took: 0.0000690 seconds
21.870: Application time: 0.0341780 seconds
21.871: [GC21.871: [DefNew: 60096K->6655K(60096K), 0.0272210 secs] 155891K->114664K(193412K), 0.0272650 secs] [Times: user=0.02 sys=0.00, real=0.03 secs] 
21.898: Total time for which application threads were stopped: 0.0275150 seconds, Stopping threads took: 0.0001580 seconds
21.926: Application time: 0.0280160 seconds
21.926: [GC21.926: [DefNew: 60095K->1075K(60096K), 0.0124560 secs] 168104K->115604K(193412K), 0.0124990 secs] [Times: user=0.01 sys=0.00, real=0.01 secs] 
21.939: Total time for which application threads were stopped: 0.0127680 seconds, Stopping threads took: 0.0001790 seconds
21.965: Application time: 0.0258170 seconds
21.965: [GC21.965: [DefNew: 54515K->1175K(60096K), 0.0020940 secs] 169044K->115704K(193412K), 0.0021250 secs] [Times: user=0.00 sys=0.00, real=0.00 secs] 
21.967: Total time for which application threads were stopped: 0.0023200 seconds, Stopping threads took: 0.0001340 seconds
21.987: Application time: 0.0200020 seconds
21.987: [GC21.987: [DefNew: 54615K->1184K(60096K), 0.0015860 secs] 169144K->115713K(193412K), 0.0016160 secs] [Times: user=0.00 sys=0.00, real=0.00 secs] 
21.989: Total time for which application threads were stopped: 0.0017690 seconds, Stopping threads took: 0.0000920 seconds
22.008: Application time: 0.0196290 seconds
22.009: [GC22.009: [DefNew: 54624K->1184K(60096K), 0.0015530 secs] 169153K->115713K(193412K), 0.0015840 secs] [Times: user=0.00 sys=0.00, real=0.00 secs] 
22.010: Total time for which application threads were stopped: 0.0017880 seconds, Stopping threads took: 0.0001410 seconds
22.029: Application time: 0.0193560 seconds
22.030: [GC22.030: [DefNew: 54624K->1231K(60096K), 0.0015760 secs] 169153K->115760K(193412K), 0.0016040 secs] [Times: user=0.01 sys=0.00, real=0.00 secs] 
22.031: Total time for which application threads were stopped: 0.0017140 seconds, Stopping threads took: 0.0000530 seconds
22.049: Application time: 0.0173680 seconds
22.049: [GC22.049: [DefNew: 54671K->1370K(60096K), 0.0018740 secs] 169200K->115899K(193412K), 0.0019020 secs] [Times: user=0.00 sys=0.00, real=0.00 secs] 
22.051: Total time for which application threads were stopped: 0.0020970 seconds, Stopping threads took: 0.0001380 seconds
22.067: Application time: 0.0161510 seconds
22.067: [GC22.067: [DefNew: 54810K->1373K(60096K), 0.0014980 secs] 169339K->115902K(193412K), 0.0015270 secs] [Times: user=0.00 sys=0.00, real=0.00 secs] 
22.069: Total time for which application threads were stopped: 0.0017210 seconds, Stopping threads took: 0.0001370 seconds
22.085: Application time: 0.0161450 seconds
22.085: [GC22.085: [DefNew: 54813K->1430K(60096K), 0.0019400 secs] 169342K->115959K(193412K), 0.0019720 secs] [Times: user=0.00 sys=0.00, real=0.00 secs] 
22.087: Total time for which application threads were stopped: 0.0021410 seconds, Stopping threads took: 0.0000890 seconds
22.103: Application time: 0.0161060 seconds
22.103: [GC22.103: [DefNew: 54870K->1383K(60096K), 0.0018320 secs] 169399K->115912K(193412K), 0.0018620 secs] [Times: user=0.00 sys=0.00, real=0.01 secs] 
22.105: Total time for which application threads were stopped: 0.0021810 seconds, Stopping threads took: 0.0002420 seconds
22.122: Application time: 0.0164500 seconds
22.122: [GC22.122: [DefNew: 54823K->4842K(60096K), 0.0042110 secs] 169352K->119371K(193412K), 0.0042470 secs] [Times: user=0.01 sys=0.00, real=0.01 secs] 
22.126: Total time for which application threads were stopped: 0.0045210 seconds, Stopping threads took: 0.0001780 seconds
22.145: Application time: 0.0189710 seconds
22.145: [GC22.145: [DefNew: 58282K->6656K(60096K), 0.0268400 secs]22.172: [Tenured: 134738K->72811K(134852K), 0.1118080 secs] 172811K->72811K(194948K), [Perm : 8812K->8812K(21248K)], 0.1387860 secs] [Times: user=0.14 sys=0.00, real=0.13 secs] 
22.284: Total time for which application threads were stopped: 0.1390840 seconds, Stopping threads took: 0.0002090 seconds
22.313: Application time: 0.0286600 seconds
22.313: [GC22.313: [DefNew: 53440K->6655K(60096K), 0.0394370 secs] 126251K->98196K(193412K), 0.0394800 secs] [Times: user=0.03 sys=0.00, real=0.04 secs] 
22.353: Total time for which application threads were stopped: 0.0397750 seconds, Stopping threads took: 0.0001960 seconds
22.390: Application time: 0.0371510 seconds
22.390: [GC22.390: [DefNew: 60095K->6655K(60096K), 0.0192470 secs] 151636K->106064K(193412K), 0.0192890 secs] [Times: user=0.02 sys=0.00, real=0.02 secs] 
22.409: Total time for which application threads were stopped: 0.0194350 seconds, Stopping threads took: 0.0000710 seconds
22.440: Application time: 0.0309840 seconds
22.440: [GC22.440: [DefNew: 60095K->6655K(60096K), 0.0277630 secs] 159504K->123840K(193412K), 0.0278090 secs] [Times: user=0.03 sys=0.00, real=0.03 secs] 
22.468: Total time for which application threads were stopped: 0.0280110 seconds, Stopping threads took: 0.0001290 seconds
22.502: Application time: 0.0337660 seconds
22.502: [GC22.502: [DefNew: 60095K->6655K(60096K), 0.0238530 secs] 177280K->136281K(193412K), 0.0238960 secs] [Times: user=0.02 sys=0.00, real=0.03 secs] 
22.526: Total time for which application threads were stopped: 0.0240570 seconds, Stopping threads took: 0.0000870 seconds
22.554: Application time: 0.0278010 seconds
22.554: [GC22.554: [DefNew: 60095K->1116K(60096K), 0.0123300 secs]22.566: [Tenured: 136168K->79523K(136196K), 0.1196970 secs] 189721K->79523K(196292K), [Perm : 8814K->8814K(21248K)], 0.1321920 secs] [Times: user=0.14 sys=0.00, real=0.13 secs] 
22.686: Total time for which application threads were stopped: 0.1324060 seconds, Stopping threads took: 0.0001450 seconds
22.711: Application time: 0.0247070 seconds
22.711: [GC22.711: [DefNew: 53440K->1252K(60096K), 0.0019640 secs] 132963K->80776K(193412K), 0.0019950 secs] [Times: user=0.00 sys=0.00, real=0.01 secs] 
22.713: Total time for which application threads were stopped: 0.0021810 seconds, Stopping threads took: 0.0001230 seconds
22.733: Application time: 0.0198280 seconds
22.733: [GC22.733: [DefNew: 54692K->1293K(60096K), 0.0019800 secs] 134216K->80817K(193412K), 0.0020090 secs] [Times: user=0.01 sys=0.00, real=0.00 secs] 
22.735: Total time for which application threads were stopped: 0.0024090 seconds, Stopping threads took: 0.0003240 seconds
22.755: Application time: 0.0195700 seconds
22.755: [GC22.755: [DefNew: 54733K->1322K(60096K), 0.0018530 secs] 134257K->80846K(193412K), 0.0018830 secs] [Times: user=0.00 sys=0.00, real=0.00 secs] 
22.757: Total time for which application threads were stopped: 0.0020410 seconds, Stopping threads took: 0.0000960 seconds
22.776: Application time: 0.0193550 seconds
22.776: [GC22.777: [DefNew: 54762K->1338K(60096K), 0.0017300 secs] 134286K->80862K(193412K), 0.0017590 secs] [Times: user=0.00 sys=0.00, real=0.00 secs] 
22.778: Total time for which application threads were stopped: 0.0019170 seconds, Stopping threads took: 0.0000950 seconds
22.795: Application time: 0.0172230 seconds
22.796: [GC22.796: [DefNew: 54778K->1509K(60096K), 0.0020140 secs] 134302K->81033K(193412K), 0.0020440 secs] [Times: user=0.00 sys=0.00, real=0.00 secs] 
22.798: Total time for which application threads were stopped: 0.0022500 seconds, Stopping threads took: 0.0001290 seconds
22.814: Application time: 0.0161780 seconds
22.814: [GC22.814: [DefNew: 54949K->1490K(60096K), 0.0019820 secs] 134473K->81014K(193412K), 0.0020150 secs] [Times: user=0.00 sys=0.00, real=0.00 secs] 
22.816: Total time for which application threads were stopped: 0.0022990 seconds, Stopping threads took: 0.0002010 seconds
22.832: Application time: 0.0162670 seconds
22.833: [GC22.833: [DefNew: 54930K->1492K(60096K), 0.0017110 secs] 134454K->81016K(193412K), 0.0017440 secs] [Times: user=0.00 sys=0.00, real=0.00 secs] 
22.834: Total time for which application threads were stopped: 0.0019290 seconds, Stopping threads took: 0.0001060 seconds
22.851: Application time: 0.0162370 seconds
22.851: [GC22.851: [DefNew: 54932K->2076K(60096K), 0.0022490 secs] 134456K->81600K(193412K), 0.0022790 secs] [Times: user=0.01 sys=0.00, real=0.01 secs] 
22.853: Total time for which application threads were stopped: 0.0024200 seconds, Stopping threads took: 0.0000830 seconds
22.870: Application time: 0.0167510 seconds
22.870: [GC22.870: [DefNew: 55516K->6655K(60096K), 0.0056340 secs] 135040K->86665K(193412K), 0.0056780 secs] [Times: user=0.00 sys=0.00, real=0.01 secs] 
22.876: Total time for which application threads were stopped: 0.0058790 seconds, Stopping threads took: 0.0001260 seconds
22.896: Application time: 0.0199240 seconds
22.896: [GC22.896: [DefNew: 60095K->6656K(60096K), 0.0280220 secs] 140105K->109612K(193412K), 0.0280740 secs] [Times: user=0.03 sys=0.00, real=0.02 secs] 
22.924: Total time for which application threads were stopped: 0.0283000 seconds, Stopping threads took: 0.0001530 seconds
22.954: Application time: 0.0298140 seconds
22.954: [GC22.954: [DefNew: 60096K->6656K(60096K), 0.0387490 secs] 163052K->129452K(193412K), 0.0387930 secs] [Times: user=0.04 sys=0.00, real=0.04 secs] 
22.993: Total time for which application threads were stopped: 0.0390240 seconds, Stopping threads took: 0.0001610 seconds
23.028: Application time: 0.0355230 seconds
23.028: [GC23.029: [DefNew: 60096K->6656K(60096K), 0.0228070 secs] 182892K->139016K(193412K), 0.0228490 secs] [Times: user=0.03 sys=0.00, real=0.02 secs] 
23.051: Total time for which application threads were stopped: 0.0230300 seconds, Stopping threads took: 0.0001020 seconds
23.082: Application time: 0.0307040 seconds
23.082: [GC23.082: [DefNew: 60096K->6655K(60096K), 0.0326290 secs]23.115: [Tenured: 151385K->77856K(151556K), 0.1183430 secs] 192456K->77856K(211652K), [Perm : 8820K->8820K(21248K)], 0.1514950 secs] [Times: user=0.15 sys=0.00, real=0.16 secs] 
23.234: Total time for which application threads were stopped: 0.1517280 seconds, Stopping threads took: 0.0001440 seconds
23.267: Application time: 0.0330210 seconds
23.267: [GC23.267: [DefNew: 53440K->6655K(60096K), 0.0215290 secs] 131296K->94285K(193412K), 0.0215720 secs] [Times: user=0.02 sys=0.00, real=0.02 secs] 
23.289: Total time for which application threads were stopped: 0.0217570 seconds, Stopping threads took: 0.0001120 seconds
23.317: Application time: 0.0280430 seconds
23.317: [GC23.317: [DefNew: 60095K->1128K(60096K), 0.0158640 secs] 147725K->95351K(193412K), 0.0159060 secs] [Times: user=0.02 sys=0.00, real=0.02 secs] 
23.333: Total time for which application threads were stopped: 0.0161030 seconds, Stopping threads took: 0.0001120 seconds
23.358: Application time: 0.0247780 seconds
23.358: [GC23.358: [DefNew: 54568K->1206K(60096K), 0.0021850 secs] 148791K->95430K(193412K), 0.0022140 secs] [Times: user=0.00 sys=0.00, real=0.00 secs] 
23.360: Total time for which application threads were stopped: 0.0024970 seconds, Stopping threads took: 0.0002080 seconds
23.381: Application time: 0.0205520 seconds
23.381: [GC23.381: [DefNew: 54646K->1285K(60096K), 0.0020910 secs] 148870K->95509K(193412K), 0.0021220 secs] [Times: user=0.00 sys=0.00, real=0.00 secs] 
23.383: Total time for which application threads were stopped: 0.0025030 seconds, Stopping threads took: 0.0003030 seconds
23.402: Application time: 0.0194100 seconds
23.403: [GC23.403: [DefNew: 54725K->1293K(60096K), 0.0018700 secs] 148949K->95517K(193412K), 0.0019020 secs] [Times: user=0.01 sys=0.00, real=0.01 secs] 
23.405: Total time for which application threads were stopped: 0.0021240 seconds, Stopping threads took: 0.0001640 seconds
23.423: Application time: 0.0185290 seconds
23.423: [GC23.423: [DefNew: 54733K->1334K(60096K), 0.0015190 secs] 148957K->95558K(193412K), 0.0015590 secs] [Times: user=0.01 sys=0.00, real=0.01 secs] 
23.425: Total time for which application threads were stopped: 0.0017920 seconds, Stopping threads took: 0.0001700 seconds
23.442: Application time: 0.0172210 seconds
23.442: [GC23.442: [DefNew: 54774K->1441K(60096K), 0.0018650 secs] 148998K->95665K(193412K), 0.0018950 secs] [Times: user=0.01 sys=0.00, real=0.00 secs] 
23.444: Total time for which application threads were stopped: 0.0020940 seconds, Stopping threads took: 0.0001420 seconds
23.460: Application time: 0.0162260 seconds
23.461: [GC23.461: [DefNew: 54881K->1463K(60096K), 0.0019600 secs] 149105K->95687K(193412K), 0.0019910 secs] [Times: user=0.00 sys=0.00, real=0.00 secs] 
23.463: Total time for which application threads were stopped: 0.0021540 seconds, Stopping threads took: 0.0000980 seconds
23.479: Application time: 0.0160820 seconds
23.479: [GC23.479: [DefNew: 54903K->1460K(60096K), 0.0019840 secs] 149127K->95684K(193412K), 0.0020140 secs] [Times: user=0.00 sys=0.00, real=0.00 secs] 
23.481: Total time for which application threads were stopped: 0.0021540 seconds, Stopping threads took: 0.0000820 seconds
23.497: Application time: 0.0163920 seconds
23.498: [GC23.498: [DefNew: 54900K->5118K(60096K), 0.0040940 secs] 149124K->99342K(193412K), 0.0041350 secs] [Times: user=0.00 sys=0.00, real=0.00 secs] 
23.502: Total time for which application threads were stopped: 0.0044540 seconds, Stopping threads took: 0.0002310 seconds
23.519: Application time: 0.0176920 seconds
23.520: [GC23.520: [DefNew: 58558K->6656K(60096K), 0.0138520 secs] 152782K->106997K(193412K), 0.0138960 secs] [Times: user=0.02 sys=0.00, real=0.02 secs] 
23.534: Total time for which application threads were stopped: 0.0140880 seconds, Stopping threads took: 0.0001180 seconds
23.554: Application time: 0.0209610 seconds
23.555: [GC23.555: [DefNew: 60096K->6656K(60096K), 0.0279420 secs] 160437K->125634K(193412K), 0.0279890 secs] [Times: user=0.02 sys=0.00, real=0.02 secs] 
23.583: Total time for which application threads were stopped: 0.0281720 seconds, Stopping threads took: 0.0001100 seconds
23.612: Application time: 0.0297790 seconds
23.613: [GC23.613: [DefNew: 60096K->6655K(60096K), 0.0330480 secs]23.646: [Tenured: 137949K->81778K(138116K), 0.1182210 secs] 179074K->81778K(198212K), [Perm : 8821K->8821K(21248K)], 0.1514160 secs] [Times: user=0.15 sys=0.00, real=0.14 secs] 
23.764: Total time for which application threads were stopped: 0.1515980 seconds, Stopping threads took: 0.0001170 seconds
23.799: Application time: 0.0350420 seconds
23.799: [GC23.799: [DefNew: 54656K->6784K(61440K), 0.0143810 secs] 136434K->92096K(197740K), 0.0144260 secs] [Times: user=0.01 sys=0.00, real=0.02 secs] 
23.814: Total time for which application threads were stopped: 0.0145840 seconds, Stopping threads took: 0.0000850 seconds
23.845: Application time: 0.0316790 seconds
23.845: [GC23.845: [DefNew: 61440K->6784K(61440K), 0.0283350 secs] 146752K->108811K(197740K), 0.0283780 secs] [Times: user=0.02 sys=0.00, real=0.03 secs] 
23.874: Total time for which application threads were stopped: 0.0285410 seconds, Stopping threads took: 0.0000750 seconds
23.907: Application time: 0.0329620 seconds
23.907: [GC23.907: [DefNew: 61440K->6783K(61440K), 0.0252090 secs] 163467K->119319K(197740K), 0.0252520 secs] [Times: user=0.02 sys=0.00, real=0.02 secs] 
23.932: Total time for which application threads were stopped: 0.0256010 seconds, Stopping threads took: 0.0002510 seconds
23.960: Application time: 0.0273910 seconds
23.960: [GC23.960: [DefNew: 61439K->1541K(61440K), 0.0085500 secs] 173975K->120552K(197740K), 0.0085920 secs] [Times: user=0.01 sys=0.00, real=0.01 secs] 
23.969: Total time for which application threads were stopped: 0.0088580 seconds, Stopping threads took: 0.0001740 seconds
23.993: Application time: 0.0240480 seconds
23.993: [GC23.993: [DefNew: 56197K->1292K(61440K), 0.0016880 secs] 175208K->120304K(197740K), 0.0017180 secs] [Times: user=0.00 sys=0.00, real=0.00 secs] 
23.995: Total time for which application threads were stopped: 0.0019270 seconds, Stopping threads took: 0.0001410 seconds
24.016: Application time: 0.0208350 seconds
24.016: [GC24.016: [DefNew: 55948K->1441K(61440K), 0.0017630 secs] 174960K->120452K(197740K), 0.0017960 secs] [Times: user=0.00 sys=0.00, real=0.00 secs] 
24.017: Total time for which application threads were stopped: 0.0019570 seconds, Stopping threads took: 0.0001000 seconds
24.037: Application time: 0.0192840 seconds
24.037: [GC24.037: [DefNew: 56097K->1460K(61440K), 0.0015770 secs] 175108K->120471K(197740K), 0.0016100 secs] [Times: user=0.00 sys=0.00, real=0.00 secs] 
24.039: Total time for which application threads were stopped: 0.0018340 seconds, Stopping threads took: 0.0001620 seconds
24.057: Application time: 0.0188070 seconds
24.058: [GC24.058: [DefNew: 56116K->1537K(61440K), 0.0016160 secs] 175127K->120548K(197740K), 0.0016460 secs] [Times: user=0.00 sys=0.00, real=0.00 secs] 
24.059: Total time for which application threads were stopped: 0.0018310 seconds, Stopping threads took: 0.0001260 seconds
24.077: Application time: 0.0173520 seconds
24.077: [GC24.077: [DefNew: 56193K->1567K(61440K), 0.0021060 secs] 175204K->120579K(197740K), 0.0021360 secs] [Times: user=0.00 sys=0.00, real=0.00 secs] 
24.079: Total time for which application threads were stopped: 0.0023290 seconds, Stopping threads took: 0.0001350 seconds
24.096: Application time: 0.0166840 seconds
24.096: [GC24.096: [DefNew: 56223K->1602K(61440K), 0.0016390 secs] 175235K->120613K(197740K), 0.0016670 secs] [Times: user=0.00 sys=0.00, real=0.00 secs] 
24.097: Total time for which application threads were stopped: 0.0018280 seconds, Stopping threads took: 0.0001030 seconds
24.114: Application time: 0.0165720 seconds
24.114: [GC24.114: [DefNew: 56258K->4287K(61440K), 0.0031770 secs] 175269K->123298K(197740K), 0.0032160 secs] [Times: user=0.00 sys=0.00, real=0.00 secs] 
24.117: Total time for which application threads were stopped: 0.0034070 seconds, Stopping threads took: 0.0001230 seconds
24.135: Application time: 0.0178470 seconds
24.135: [GC24.135: [DefNew: 58943K->6783K(61440K), 0.0107070 secs] 177954K->129345K(197740K), 0.0107480 secs] [Times: user=0.01 sys=0.00, real=0.01 secs] 
24.146: Total time for which application threads were stopped: 0.0109430 seconds, Stopping threads took: 0.0001210 seconds
24.165: Application time: 0.0191310 seconds
24.166: [GC24.166: [DefNew: 61439K->6783K(61440K), 0.0153670 secs] 184001K->138875K(197740K), 0.0154090 secs] [Times: user=0.02 sys=0.00, real=0.01 secs] 
24.181: Total time for which application threads were stopped: 0.0156200 seconds, Stopping threads took: 0.0001400 seconds
24.206: Application time: 0.0248290 seconds
24.206: [GC24.206: [DefNew: 61439K->6784K(61440K), 0.0346190 secs]24.241: [Tenured: 153493K->79819K(153580K), 0.1118190 secs] 193531K->79819K(215020K), [Perm : 8821K->8821K(21248K)], 0.1469490 secs] [Times: user=0.15 sys=0.01, real=0.15 secs] 
24.353: Total time for which application threads were stopped: 0.1471060 seconds, Stopping threads took: 0.0000900 seconds
24.387: Application time: 0.0338130 seconds
24.387: [GC24.387: [DefNew: 54656K->6784K(61440K), 0.0219740 secs] 134475K->94910K(197740K), 0.0220150 secs] [Times: user=0.02 sys=0.00, real=0.02 secs] 
24.409: Total time for which application threads were stopped: 0.0222320 seconds, Stopping threads took: 0.0001120 seconds
24.442: Application time: 0.0333920 seconds
24.443: [GC24.443: [DefNew: 61440K->6783K(61440K), 0.0255880 secs] 149566K->104504K(197740K), 0.0256310 secs] [Times: user=0.03 sys=0.00, real=0.03 secs] 
24.468: Total time for which application threads were stopped: 0.0258200 seconds, Stopping threads took: 0.0000980 seconds
24.501: Application time: 0.0323530 seconds
24.501: [GC24.501: [DefNew: 61439K->6784K(61440K), 0.0294460 secs] 159160K->118666K(197740K), 0.0294910 secs] [Times: user=0.03 sys=0.00, real=0.03 secs] 
24.530: Total time for which application threads were stopped: 0.0297760 seconds, Stopping threads took: 0.0001940 seconds
24.560: Application time: 0.0295630 seconds
24.560: [GC24.560: [DefNew: 61440K->6387K(61440K), 0.0148730 secs] 173322K->124866K(197740K), 0.0149250 secs] [Times: user=0.02 sys=0.00, real=0.02 secs] 
24.575: Total time for which application threads were stopped: 0.0152590 seconds, Stopping threads took: 0.0002440 seconds
24.601: Application time: 0.0257360 seconds
24.601: [GC24.601: [DefNew: 61043K->862K(61440K), 0.0056130 secs] 179522K->124958K(197740K), 0.0056560 secs] [Times: user=0.01 sys=0.00, real=0.01 secs] 
24.607: Total time for which application threads were stopped: 0.0058680 seconds, Stopping threads took: 0.0001400 seconds
24.629: Application time: 0.0224660 seconds
24.629: [GC24.629: [DefNew: 55518K->911K(61440K), 0.0018580 secs] 179614K->125008K(197740K), 0.0018900 secs] [Times: user=0.00 sys=0.00, real=0.00 secs] 
24.631: Total time for which application threads were stopped: 0.0020570 seconds, Stopping threads took: 0.0001050 seconds
24.651: Application time: 0.0197340 seconds
24.651: [GC24.651: [DefNew: 55567K->975K(61440K), 0.0012800 secs] 179664K->125072K(197740K), 0.0013070 secs] [Times: user=0.00 sys=0.00, real=0.01 secs] 
24.652: Total time for which application threads were stopped: 0.0014580 seconds, Stopping threads took: 0.0000940 seconds
24.672: Application time: 0.0191770 seconds
24.672: [GC24.672: [DefNew: 55631K->980K(61440K), 0.0013380 secs] 179728K->125076K(197740K), 0.0013730 secs] [Times: user=0.01 sys=0.00, real=0.01 secs] 
24.673: Total time for which application threads were stopped: 0.0016060 seconds, Stopping threads took: 0.0001530 seconds
24.692: Application time: 0.0184630 seconds
24.692: [GC24.692: [DefNew: 55636K->1030K(61440K), 0.0015910 secs] 179732K->125127K(197740K), 0.0016200 secs] [Times: user=0.00 sys=0.00, real=0.01 secs] 
24.693: Total time for which application threads were stopped: 0.0017580 seconds, Stopping threads took: 0.0000810 seconds
24.710: Application time: 0.0169480 seconds
24.711: [GC24.711: [DefNew: 55686K->1159K(61440K), 0.0015180 secs] 179783K->125255K(197740K), 0.0015500 secs] [Times: user=0.00 sys=0.00, real=0.00 secs] 
24.712: Total time for which application threads were stopped: 0.0017740 seconds, Stopping threads took: 0.0001630 seconds
24.729: Application time: 0.0166340 seconds
24.729: [GC24.729: [DefNew: 55815K->2347K(61440K), 0.0023530 secs] 179911K->126444K(197740K), 0.0023840 secs] [Times: user=0.01 sys=0.00, real=0.00 secs] 
24.732: Total time for which application threads were stopped: 0.0026630 seconds, Stopping threads took: 0.0001990 seconds
24.749: Application time: 0.0174370 seconds
24.749: [GC24.749: [DefNew: 57003K->6783K(61440K), 0.0069580 secs] 181100K->131997K(197740K), 0.0070000 secs] [Times: user=0.00 sys=0.00, real=0.01 secs] 
24.756: Total time for which application threads were stopped: 0.0072440 seconds, Stopping threads took: 0.0001730 seconds
24.775: Application time: 0.0187530 seconds
24.775: [GC24.775: [DefNew: 61439K->5223K(61440K), 0.0113540 secs] 186653K->136134K(197740K), 0.0113930 secs] [Times: user=0.01 sys=0.00, real=0.01 secs] 
24.787: Total time for which application threads were stopped: 0.0115770 seconds, Stopping threads took: 0.0001120 seconds
24.807: Application time: 0.0208360 seconds
24.808: [GC24.808: [DefNew: 59879K->6784K(61440K), 0.0218830 secs]24.830: [Tenured: 144929K->79456K(144940K), 0.1099030 secs] 190790K->79456K(206380K), [Perm : 8821K->8821K(21248K)], 0.1320930 secs] [Times: user=0.13 sys=0.00, real=0.13 secs] 
24.940: Total time for which application threads were stopped: 0.1323180 seconds, Stopping threads took: 0.0001550 seconds
24.968: Application time: 0.0278520 seconds
24.968: [GC24.968: [DefNew: 54656K->6783K(61440K), 0.0293500 secs] 134112K->102602K(197740K), 0.0293940 secs] [Times: user=0.03 sys=0.00, real=0.03 secs] 
24.997: Total time for which application threads were stopped: 0.0296440 seconds, Stopping threads took: 0.0001670 seconds
25.033: Application time: 0.0357600 seconds
25.033: [GC25.033: [DefNew: 61439K->6784K(61440K), 0.0265060 secs] 157258K->115151K(197740K), 0.0265500 secs] [Times: user=0.02 sys=0.00, real=0.02 secs] 
25.060: Total time for which application threads were stopped: 0.0267760 seconds, Stopping threads took: 0.0001480 seconds
25.092: Application time: 0.0320610 seconds
25.092: [GC25.092: [DefNew: 61440K->6784K(61440K), 0.0247910 secs] 169807K->129157K(197740K), 0.0248320 secs] [Times: user=0.02 sys=0.00, real=0.03 secs] 
25.117: Total time for which application threads were stopped: 0.0250000 seconds, Stopping threads took: 0.0000950 seconds
25.150: Application time: 0.0330670 seconds
25.150: [GC25.150: [DefNew: 61350K->6784K(61440K), 0.0236280 secs] 183724K->140644K(197740K), 0.0236730 secs] [Times: user=0.03 sys=0.00, real=0.03 secs] 
25.174: Total time for which application threads were stopped: 0.0238520 seconds, Stopping threads took: 0.0001090 seconds
25.200: Application time: 0.0266580 seconds
25.201: [GC25.201: [DefNew: 61440K->2571K(61440K), 0.0117860 secs]25.212: [Tenured: 140427K->77086K(140524K), 0.1187770 secs] 195300K->77086K(201964K), [Perm : 8822K->8822K(21248K)], 0.1307630 secs] [Times: user=0.13 sys=0.00, real=0.13 secs] 
25.331: Total time for which application threads were stopped: 0.1309750 seconds, Stopping threads took: 0.0001410 seconds
25.356: Application time: 0.0250980 seconds
25.357: [GC25.357: [DefNew: 54656K->1240K(61440K), 0.0023350 secs] 131742K->78327K(197740K), 0.0023660 secs] [Times: user=0.01 sys=0.00, real=0.00 secs] 
25.359: Total time for which application threads were stopped: 0.0026780 seconds, Stopping threads took: 0.0002320 seconds
25.380: Application time: 0.0206480 seconds
25.380: [GC25.380: [DefNew: 55896K->1327K(61440K), 0.0020510 secs] 132983K->78413K(197740K), 0.0020790 secs] [Times: user=0.00 sys=0.00, real=0.00 secs] 
25.382: Total time for which application threads were stopped: 0.0024260 seconds, Stopping threads took: 0.0002700 seconds
25.402: Application time: 0.0192750 seconds
25.402: [GC25.402: [DefNew: 55983K->1326K(61440K), 0.0018300 secs] 133069K->78413K(197740K), 0.0018640 secs] [Times: user=0.00 sys=0.00, real=0.00 secs] 
25.404: Total time for which application threads were stopped: 0.0021830 seconds, Stopping threads took: 0.0002390 seconds
25.423: Application time: 0.0191200 seconds
25.423: [GC25.423: [DefNew: 55982K->1353K(61440K), 0.0018700 secs] 133069K->78439K(197740K), 0.0018990 secs] [Times: user=0.01 sys=0.00, real=0.01 secs] 
25.425: Total time for which application threads were stopped: 0.0022310 seconds, Stopping threads took: 0.0002550 seconds
25.443: Application time: 0.0180040 seconds
25.443: [GC25.443: [DefNew: 56009K->1463K(61440K), 0.0020180 secs] 133095K->78549K(197740K), 0.0020480 secs] [Times: user=0.00 sys=0.00, real=0.01 secs] 
25.445: Total time for which application threads were stopped: 0.0022700 seconds, Stopping threads took: 0.0001460 seconds
25.462: Application time: 0.0167060 seconds
25.462: [GC25.462: [DefNew: 56119K->2196K(61440K), 0.0024360 secs] 133205K->79282K(197740K), 0.0024670 secs] [Times: user=0.01 sys=0.00, real=0.01 secs] 
25.465: Total time for which application threads were stopped: 0.0027600 seconds, Stopping threads took: 0.0002110 seconds
25.482: Application time: 0.0172580 seconds
25.482: [GC25.482: [DefNew: 56852K->6135K(61440K), 0.0063900 secs] 133938K->83221K(197740K), 0.0064290 secs] [Times: user=0.01 sys=0.00, real=0.01 secs] 
25.489: Total time for which application threads were stopped: 0.0066590 seconds, Stopping threads took: 0.0001260 seconds
25.507: Application time: 0.0180650 seconds
25.507: [GC25.507: [DefNew: 60791K->6253K(61440K), 0.0112220 secs] 137877K->88770K(197740K), 0.0112620 secs] [Times: user=0.02 sys=0.00, real=0.01 secs] 
25.518: Total time for which application threads were stopped: 0.0115260 seconds, Stopping threads took: 0.0001730 seconds
25.537: Application time: 0.0191680 seconds
25.538: [GC25.538: [DefNew: 60909K->4358K(61440K), 0.0091230 secs] 143426K->92431K(197740K), 0.0091660 secs] [Times: user=0.01 sys=0.00, real=0.01 secs] 
25.547: Total time for which application threads were stopped: 0.0093820 seconds, Stopping threads took: 0.0001420 seconds
25.570: Application time: 0.0233160 seconds
25.570: [GC25.570: [DefNew: 59014K->6784K(61440K), 0.0288070 secs] 147087K->115300K(197740K), 0.0288590 secs] [Times: user=0.03 sys=0.00, real=0.03 secs] 
25.599: Total time for which application threads were stopped: 0.0290450 seconds, Stopping threads took: 0.0001150 seconds
25.632: Application time: 0.0323510 seconds
25.632: [GC25.632: [DefNew: 61440K->6784K(61440K), 0.0293990 secs] 169956K->130821K(197740K), 0.0294420 secs] [Times: user=0.03 sys=0.00, real=0.03 secs] 
25.661: Total time for which application threads were stopped: 0.0296210 seconds, Stopping threads took: 0.0001090 seconds
25.695: Application time: 0.0342210 seconds
25.696: [GC25.696: [DefNew: 61440K->6783K(61440K), 0.0209010 secs] 185477K->139995K(197740K), 0.0209460 secs] [Times: user=0.02 sys=0.00, real=0.02 secs] 
25.717: Total time for which application threads were stopped: 0.0211020 seconds, Stopping threads took: 0.0000820 seconds
25.747: Application time: 0.0306490 seconds
25.747: [GC25.747: [DefNew: 61439K->6783K(61440K), 0.0247270 secs]25.772: [Tenured: 145616K->75800K(145708K), 0.1149900 secs] 194651K->75800K(207148K), [Perm : 8823K->8823K(21248K)], 0.1400440 secs] [Times: user=0.14 sys=0.00, real=0.14 secs] 
25.887: Total time for which application threads were stopped: 0.1401970 seconds, Stopping threads took: 0.0000840 seconds
25.919: Application time: 0.0315930 seconds
25.919: [GC25.919: [DefNew: 54656K->6783K(61440K), 0.0146930 secs] 130456K->86714K(197740K), 0.0147370 secs] [Times: user=0.01 sys=0.00, real=0.02 secs] 
25.934: Total time for which application threads were stopped: 0.0150520 seconds, Stopping threads took: 0.0002240 seconds
25.960: Application time: 0.0257350 seconds
25.960: [GC25.960: [DefNew: 61439K->729K(61440K), 0.0089520 secs] 141370K->87289K(197740K), 0.0089970 secs] [Times: user=0.01 sys=0.00, real=0.01 secs] 
25.969: Total time for which application threads were stopped: 0.0093490 seconds, Stopping threads took: 0.0002580 seconds
25.992: Application time: 0.0233730 seconds
25.993: [GC25.993: [DefNew: 55385K->949K(61440K), 0.0015980 secs] 141945K->87509K(197740K), 0.0016290 secs] [Times: user=0.00 sys=0.00, real=0.00 secs] 
25.994: Total time for which application threads were stopped: 0.0017820 seconds, Stopping threads took: 0.0000820 seconds
26.014: Application time: 0.0195030 seconds
26.014: [GC26.014: [DefNew: 55605K->979K(61440K), 0.0015380 secs] 142165K->87539K(197740K), 0.0015670 secs] [Times: user=0.00 sys=0.00, real=0.00 secs] 
26.016: Total time for which application threads were stopped: 0.0017760 seconds, Stopping threads took: 0.0001520 seconds
26.035: Application time: 0.0190580 seconds
26.035: [GC26.035: [DefNew: 55635K->972K(61440K), 0.0015070 secs] 142195K->87531K(197740K), 0.0015390 secs] [Times: user=0.00 sys=0.00, real=0.00 secs] 
26.036: Total time for which application threads were stopped: 0.0017360 seconds, Stopping threads took: 0.0001330 seconds
26.055: Application time: 0.0185700 seconds
26.055: [GC26.055: [DefNew: 55628K->1015K(61440K), 0.0012470 secs] 142187K->87575K(197740K), 0.0012750 secs] [Times: user=0.00 sys=0.00, real=0.00 secs] 
26.057: Total time for which application threads were stopped: 0.0015940 seconds, Stopping threads took: 0.0002620 seconds
26.074: Application time: 0.0173580 seconds
26.074: [GC26.074: [DefNew: 55671K->1132K(61440K), 0.0016440 secs] 142231K->87692K(197740K), 0.0016730 secs] [Times: user=0.00 sys=0.00, real=0.00 secs] 
26.076: Total time for which application threads were stopped: 0.0019690 seconds, Stopping threads took: 0.0002180 seconds
26.093: Application time: 0.0168640 seconds
26.093: [GC26.093: [DefNew: 55788K->4835K(61440K), 0.0037890 secs] 142348K->91395K(197740K), 0.0038280 secs] [Times: user=0.00 sys=0.00, real=0.00 secs] 
26.097: Total time for which application threads were stopped: 0.0040530 seconds, Stopping threads took: 0.0001540 seconds
26.115: Application time: 0.0178450 seconds
26.115: [GC26.115: [DefNew: 59491K->6387K(61440K), 0.0104290 secs] 146051K->97033K(197740K), 0.0104730 secs] [Times: user=0.01 sys=0.00, real=0.01 secs] 
26.125: Total time for which application threads were stopped: 0.0106310 seconds, Stopping threads took: 0.0000740 seconds
26.144: Application time: 0.0187410 seconds
26.144: [GC26.144: [DefNew: 61043K->3104K(61440K), 0.0090950 secs] 151689K->99425K(197740K), 0.0091370 secs] [Times: user=0.01 sys=0.00, real=0.02 secs] 
26.153: Total time for which application threads were stopped: 0.0093430 seconds, Stopping threads took: 0.0001310 seconds
26.174: Application time: 0.0203070 seconds
26.174: [GC26.174: [DefNew: 57760K->6784K(61440K), 0.0121550 secs] 154081K->108785K(197740K), 0.0121990 secs] [Times: user=0.01 sys=0.00, real=0.01 secs] 
26.186: Total time for which application threads were stopped: 0.0123950 seconds, Stopping threads took: 0.0001210 seconds
26.212: Application time: 0.0256440 seconds
26.212: [GC26.212: [DefNew: 61440K->6784K(61440K), 0.0379630 secs] 163441K->134467K(197740K), 0.0380080 secs] [Times: user=0.04 sys=0.00, real=0.04 secs] 
26.250: Total time for which application threads were stopped: 0.0383300 seconds, Stopping threads took: 0.0002540 seconds
26.286: Application time: 0.0363570 seconds
26.287: [GC26.287: [DefNew: 61440K->6783K(61440K), 0.0242210 secs]26.311: [Tenured: 138283K->78337K(138412K), 0.1173270 secs] 189123K->78337K(199852K), [Perm : 8823K->8823K(21248K)], 0.1416950 secs] [Times: user=0.14 sys=0.00, real=0.14 secs] 
26.428: Total time for which application threads were stopped: 0.1419780 seconds, Stopping threads took: 0.0002140 seconds
26.460: Application time: 0.0317680 seconds
26.460: [GC26.460: [DefNew: 54656K->6784K(61440K), 0.0140430 secs] 132993K->90860K(197740K), 0.0140860 secs] [Times: user=0.01 sys=0.00, real=0.02 secs] 
26.474: Total time for which application threads were stopped: 0.0142420 seconds, Stopping threads took: 0.0000840 seconds
26.505: Application time: 0.0304280 seconds
26.505: [GC26.505: [DefNew: 61440K->6784K(61440K), 0.0241120 secs] 145516K->102226K(197740K), 0.0241540 secs] [Times: user=0.02 sys=0.00, real=0.02 secs] 
26.529: Total time for which application threads were stopped: 0.0243980 seconds, Stopping threads took: 0.0001580 seconds
26.557: Application time: 0.0276630 seconds
26.557: [GC26.557: [DefNew: 61440K->4670K(61440K), 0.0123050 secs] 156882K->106368K(197740K), 0.0123480 secs] [Times: user=0.01 sys=0.00, real=0.01 secs] 
26.569: Total time for which application threads were stopped: 0.0125860 seconds, Stopping threads took: 0.0001290 seconds
26.595: Application time: 0.0254770 seconds
26.595: [GC26.595: [DefNew: 59326K->841K(61440K), 0.0051250 secs] 161024K->106431K(197740K), 0.0051660 secs] [Times: user=0.01 sys=0.00, real=0.00 secs] 
26.600: Total time for which application threads were stopped: 0.0054060 seconds, Stopping threads took: 0.0001690 seconds
26.622: Application time: 0.0214610 seconds
26.622: [GC26.622: [DefNew: 55497K->952K(61440K), 0.0017690 secs] 161087K->106542K(197740K), 0.0017990 secs] [Times: user=0.00 sys=0.00, real=0.00 secs] 
26.624: Total time for which application threads were stopped: 0.0019610 seconds, Stopping threads took: 0.0001060 seconds
26.643: Application time: 0.0192250 seconds
26.643: [GC26.643: [DefNew: 55608K->961K(61440K), 0.0015920 secs] 161198K->106551K(197740K), 0.0016250 secs] [Times: user=0.01 sys=0.00, real=0.01 secs] 
26.645: Total time for which application threads were stopped: 0.0018030 seconds, Stopping threads took: 0.0001170 seconds
26.664: Application time: 0.0191440 seconds
26.664: [GC26.664: [DefNew: 55617K->1002K(61440K), 0.0015440 secs] 161207K->106592K(197740K), 0.0015770 secs] [Times: user=0.00 sys=0.00, real=0.01 secs] 
26.666: Total time for which application threads were stopped: 0.0018210 seconds, Stopping threads took: 0.0001820 seconds
26.684: Application time: 0.0184390 seconds
26.684: [GC26.684: [DefNew: 55658K->1046K(61440K), 0.0013300 secs] 161248K->106636K(197740K), 0.0013610 secs] [Times: user=0.00 sys=0.00, real=0.01 secs] 
26.686: Total time for which application threads were stopped: 0.0015230 seconds, Stopping threads took: 0.0001000 seconds
26.703: Application time: 0.0173810 seconds
26.703: [GC26.703: [DefNew: 55702K->4684K(61440K), 0.0039980 secs] 161292K->110274K(197740K), 0.0040470 secs] [Times: user=0.00 sys=0.00, real=0.01 secs] 
26.707: Total time for which application threads were stopped: 0.0042510 seconds, Stopping threads took: 0.0001360 seconds
26.725: Application time: 0.0177690 seconds
26.726: [GC26.726: [DefNew: 59340K->6096K(61440K), 0.0104510 secs] 164930K->115699K(197740K), 0.0104940 secs] [Times: user=0.01 sys=0.00, real=0.01 secs] 
26.736: Total time for which application threads were stopped: 0.0108460 seconds, Stopping threads took: 0.0002590 seconds
26.755: Application time: 0.0186660 seconds
26.755: [GC26.755: [DefNew: 60752K->3386K(61440K), 0.0091200 secs] 170355K->118384K(197740K), 0.0091620 secs] [Times: user=0.01 sys=0.00, real=0.00 secs] 
26.764: Total time for which application threads were stopped: 0.0094270 seconds, Stopping threads took: 0.0001940 seconds
26.784: Application time: 0.0195330 seconds
26.784: [GC26.784: [DefNew: 58042K->6784K(61440K), 0.0060340 secs] 173040K->122530K(197740K), 0.0060780 secs] [Times: user=0.00 sys=0.00, real=0.01 secs] 
26.790: Total time for which application threads were stopped: 0.0062440 seconds, Stopping threads took: 0.0000930 seconds
26.812: Application time: 0.0219130 seconds
26.812: [GC26.812: [DefNew: 61440K->6784K(61440K), 0.0264160 secs] 177186K->139954K(197740K), 0.0264610 secs] [Times: user=0.02 sys=0.00, real=0.03 secs] 
26.839: Total time for which application threads were stopped: 0.0267370 seconds, Stopping threads took: 0.0002040 seconds
26.868: Application time: 0.0296890 seconds
26.868: [GC26.868: [DefNew: 61440K->6783K(61440K), 0.0456240 secs]26.914: [Tenured: 154974K->77673K(155116K), 0.1198660 secs] 194610K->77673K(216556K), [Perm : 8823K->8823K(21248K)], 0.1660240 secs] [Times: user=0.16 sys=0.01, real=0.17 secs] 
27.034: Total time for which application threads were stopped: 0.1662030 seconds, Stopping threads took: 0.0001120 seconds
27.069: Application time: 0.0346160 seconds
27.069: [GC27.069: [DefNew: 54656K->6784K(61440K), 0.0130450 secs] 132329K->86765K(197740K), 0.0130880 secs] [Times: user=0.01 sys=0.00, real=0.01 secs] 
27.082: Total time for which application threads were stopped: 0.0134250 seconds, Stopping threads took: 0.0002340 seconds
27.114: Application time: 0.0311460 seconds
27.114: [GC27.114: [DefNew: 61440K->6783K(61440K), 0.0241850 secs] 141421K->98930K(197740K), 0.0242280 secs] [Times: user=0.02 sys=0.00, real=0.02 secs] 
27.138: Total time for which application threads were stopped: 0.0244140 seconds, Stopping threads took: 0.0001150 seconds
27.168: Application time: 0.0297020 seconds
27.169: [GC27.169: [DefNew: 61439K->6784K(61440K), 0.0253700 secs] 153586K->109901K(197740K), 0.0254120 secs] [Times: user=0.02 sys=0.00, real=0.03 secs] 
27.194: Total time for which application threads were stopped: 0.0263540 seconds, Stopping threads took: 0.0008490 seconds
27.220: Application time: 0.0260850 seconds
27.220: [GC27.220: [DefNew: 61440K->2431K(61440K), 0.0116840 secs] 164557K->112278K(197740K), 0.0117290 secs] [Times: user=0.01 sys=0.00, real=0.01 secs] 
27.232: Total time for which application threads were stopped: 0.0119230 seconds, Stopping threads took: 0.0001020 seconds
27.256: Application time: 0.0240040 seconds
27.256: [GC27.256: [DefNew: 57087K->2619K(61440K), 0.0028040 secs] 166934K->112465K(197740K), 0.0028380 secs] [Times: user=0.01 sys=0.00, real=0.00 secs] 
27.259: Total time for which application threads were stopped: 0.0031770 seconds, Stopping threads took: 0.0002710 seconds
27.280: Application time: 0.0201960 seconds
27.280: [GC27.280: [DefNew: 57275K->2685K(61440K), 0.0025810 secs] 167121K->112531K(197740K), 0.0026140 secs] [Times: user=0.00 sys=0.00, real=0.00 secs] 
27.283: Total time for which application threads were stopped: 0.0030170 seconds, Stopping threads took: 0.0003320 seconds
27.302: Application time: 0.0192190 seconds
27.302: [GC27.302: [DefNew: 57341K->2713K(61440K), 0.0025040 secs] 167187K->112559K(197740K), 0.0025450 secs] [Times: user=0.01 sys=0.00, real=0.01 secs] 
27.305: Total time for which application threads were stopped: 0.0028200 seconds, Stopping threads took: 0.0001920 seconds
27.324: Application time: 0.0191000 seconds
27.324: [GC27.324: [DefNew: 57369K->2721K(61440K), 0.0028240 secs] 167215K->112567K(197740K), 0.0028570 secs] [Times: user=0.00 sys=0.00, real=0.01 secs] 
27.327: Total time for which application threads were stopped: 0.0031610 seconds, Stopping threads took: 0.0002220 seconds
27.345: Application time: 0.0178220 seconds
27.345: [GC27.345: [DefNew: 57377K->5699K(61440K), 0.0045700 secs] 167223K->115546K(197740K), 0.0046080 secs] [Times: user=0.01 sys=0.00, real=0.00 secs] 
27.350: Total time for which application threads were stopped: 0.0048490 seconds, Stopping threads took: 0.0001540 seconds
27.367: Application time: 0.0178800 seconds
27.368: [GC27.368: [DefNew: 60355K->6784K(61440K), 0.0114820 secs] 170202K->121205K(197740K), 0.0115280 secs] [Times: user=0.01 sys=0.00, real=0.01 secs] 
27.379: Total time for which application threads were stopped: 0.0118920 seconds, Stopping threads took: 0.0002690 seconds
27.398: Application time: 0.0186020 seconds
27.398: [GC27.398: [DefNew: 61440K->3763K(61440K), 0.0097420 secs] 175861K->123990K(197740K), 0.0097850 secs] [Times: user=0.01 sys=0.00, real=0.01 secs] 
27.408: Total time for which application threads were stopped: 0.0100590 seconds, Stopping threads took: 0.0001930 seconds
27.427: Application time: 0.0193250 seconds
27.428: [GC27.428: [DefNew: 58419K->1389K(61440K), 0.0050420 secs] 178646K->125169K(197740K), 0.0050840 secs] [Times: user=0.00 sys=0.00, real=0.01 secs] 
27.433: Total time for which application threads were stopped: 0.0054320 seconds, Stopping threads took: 0.0002580 seconds
27.452: Application time: 0.0197520 seconds
27.453: [GC27.453: [DefNew: 56045K->6783K(61440K), 0.0114360 secs] 179825K->135431K(197740K), 0.0114780 secs] [Times: user=0.01 sys=0.00, real=0.00 secs] 
27.464: Total time for which application threads were stopped: 0.0117090 seconds, Stopping threads took: 0.0001390 seconds
27.489: Application time: 0.0244290 seconds
27.489: [GC27.489: [DefNew: 61439K->6784K(61440K), 0.0369110 secs]27.526: [Tenured: 150147K->74165K(150316K), 0.1138660 secs] 190087K->74165K(211756K), [Perm : 8824K->8824K(21248K)], 0.1512130 secs] [Times: user=0.16 sys=0.00, real=0.15 secs] 
27.640: Total time for which application threads were stopped: 0.1513480 seconds, Stopping threads took: 0.0000630 seconds
27.674: Application time: 0.0338560 seconds
27.674: [GC27.674: [DefNew: 54656K->6783K(61440K), 0.0242910 secs] 128821K->91396K(197740K), 0.0243350 secs] [Times: user=0.02 sys=0.00, real=0.02 secs] 
27.698: Total time for which application threads were stopped: 0.0245970 seconds, Stopping threads took: 0.0001570 seconds
27.730: Application time: 0.0318080 seconds
27.730: [GC27.730: [DefNew: 61439K->6784K(61440K), 0.0212330 secs] 146052K->99071K(197740K), 0.0212770 secs] [Times: user=0.02 sys=0.00, real=0.02 secs] 
27.752: Total time for which application threads were stopped: 0.0215210 seconds, Stopping threads took: 0.0001680 seconds
27.782: Application time: 0.0305040 seconds
27.782: [GC27.783: [DefNew: 61440K->6783K(61440K), 0.0203000 secs] 153727K->110780K(197740K), 0.0203450 secs] [Times: user=0.02 sys=0.00, real=0.02 secs] 
27.803: Total time for which application threads were stopped: 0.0205990 seconds, Stopping threads took: 0.0001600 seconds
27.831: Application time: 0.0279140 seconds
27.831: [GC27.831: [DefNew: 61439K->6121K(61440K), 0.0158280 secs] 165436K->115770K(197740K), 0.0158710 secs] [Times: user=0.02 sys=0.00, real=0.02 secs] 
27.847: Total time for which application threads were stopped: 0.0161710 seconds, Stopping threads took: 0.0002050 seconds
27.873: Application time: 0.0259450 seconds
27.873: [GC27.873: [DefNew: 60777K->994K(61440K), 0.0057840 secs] 170426K->116073K(197740K), 0.0058270 secs] [Times: user=0.00 sys=0.00, real=0.00 secs] 
27.879: Total time for which application threads were stopped: 0.0060930 seconds, Stopping threads took: 0.0001890 seconds
27.901: Application time: 0.0221560 seconds
27.902: [GC27.902: [DefNew: 55650K->977K(61440K), 0.0020250 secs] 170729K->116057K(197740K), 0.0020660 secs] [Times: user=0.00 sys=0.00, real=0.00 secs] 
27.904: Total time for which application threads were stopped: 0.0024310 seconds, Stopping threads took: 0.0002810 seconds
27.923: Application time: 0.0196440 seconds
27.923: [GC27.924: [DefNew: 55633K->990K(61440K), 0.0016220 secs] 170713K->116069K(197740K), 0.0016550 secs] [Times: user=0.00 sys=0.00, real=0.01 secs] 
27.925: Total time for which application threads were stopped: 0.0019170 seconds, Stopping threads took: 0.0001780 seconds
27.944: Application time: 0.0193230 seconds
27.945: [GC27.945: [DefNew: 55646K->997K(61440K), 0.0013420 secs] 170725K->116077K(197740K), 0.0013710 secs] [Times: user=0.00 sys=0.00, real=0.00 secs] 
27.946: Total time for which application threads were stopped: 0.0015640 seconds, Stopping threads took: 0.0001140 seconds
27.965: Application time: 0.0188850 seconds
27.965: [GC27.965: [DefNew: 55653K->2542K(61440K), 0.0023160 secs] 170733K->117621K(197740K), 0.0023490 secs] [Times: user=0.00 sys=0.00, real=0.00 secs] 
27.967: Total time for which application threads were stopped: 0.0025130 seconds, Stopping threads took: 0.0000790 seconds
27.986: Application time: 0.0181140 seconds
27.986: [GC27.986: [DefNew: 57198K->6784K(61440K), 0.0072710 secs] 172277K->122734K(197740K), 0.0073130 secs] [Times: user=0.01 sys=0.00, real=0.01 secs] 
27.993: Total time for which application threads were stopped: 0.0074920 seconds, Stopping threads took: 0.0001030 seconds
28.012: Application time: 0.0184450 seconds
28.012: [GC28.012: [DefNew: 61440K->5163K(61440K), 0.0125750 secs] 177390K->126935K(197740K), 0.0126180 secs] [Times: user=0.01 sys=0.00, real=0.01 secs] 
28.024: Total time for which application threads were stopped: 0.0128510 seconds, Stopping threads took: 0.0001370 seconds
28.043: Application time: 0.0191290 seconds
28.044: [GC28.044: [DefNew: 59819K->1658K(61440K), 0.0064340 secs] 181591K->128049K(197740K), 0.0064720 secs] [Times: user=0.01 sys=0.00, real=0.01 secs] 
28.050: Total time for which application threads were stopped: 0.0066630 seconds, Stopping threads took: 0.0001130 seconds
28.069: Application time: 0.0192060 seconds
28.070: [GC28.070: [DefNew: 56314K->2954K(61440K), 0.0024880 secs] 182705K->129344K(197740K), 0.0025170 secs] [Times: user=0.01 sys=0.00, real=0.00 secs] 
28.072: Total time for which application threads were stopped: 0.0026810 seconds, Stopping threads took: 0.0000980 seconds
28.093: Application time: 0.0207060 seconds
28.093: [GC28.093: [DefNew: 57610K->6784K(61440K), 0.0197310 secs]28.113: [Tenured: 140305K->79023K(140332K), 0.1121120 secs] 184000K->79023K(201772K), [Perm : 8824K->8824K(21248K)], 0.1320350 secs] [Times: user=0.13 sys=0.00, real=0.13 secs] 
28.225: Total time for which application threads were stopped: 0.1322200 seconds, Stopping threads took: 0.0001120 seconds
28.252: Application time: 0.0274110 seconds
28.253: [GC28.253: [DefNew: 54656K->6783K(61440K), 0.0306600 secs] 133679K->104312K(197740K), 0.0307010 secs] [Times: user=0.03 sys=0.00, real=0.02 secs] 
28.283: Total time for which application threads were stopped: 0.0308730 seconds, Stopping threads took: 0.0000850 seconds
28.319: Application time: 0.0354190 seconds
28.319: [GC28.319: [DefNew: 61439K->6784K(61440K), 0.0227420 secs] 158968K->113500K(197740K), 0.0227850 secs] [Times: user=0.02 sys=0.00, real=0.02 secs] 
28.342: Total time for which application threads were stopped: 0.0229370 seconds, Stopping threads took: 0.0000740 seconds
28.373: Application time: 0.0310550 seconds
28.373: [GC28.373: [DefNew: 61440K->6783K(61440K), 0.0219200 secs] 168156K->124771K(197740K), 0.0219620 secs] [Times: user=0.02 sys=0.00, real=0.02 secs] 
28.395: Total time for which application threads were stopped: 0.0221450 seconds, Stopping threads took: 0.0001060 seconds
28.423: Application time: 0.0284580 seconds
28.423: [GC28.423: [DefNew: 61439K->6784K(61440K), 0.0220800 secs] 179427K->134472K(197740K), 0.0221230 secs] [Times: user=0.02 sys=0.00, real=0.03 secs] 
28.446: Total time for which application threads were stopped: 0.0223320 seconds, Stopping threads took: 0.0001340 seconds
28.473: Application time: 0.0273610 seconds
28.473: [GC28.473: [DefNew: 61440K->3119K(61440K), 0.0124610 secs] 189128K->137223K(197740K), 0.0125060 secs] [Times: user=0.01 sys=0.00, real=0.01 secs] 
28.486: Total time for which application threads were stopped: 0.0128140 seconds, Stopping threads took: 0.0002130 seconds
28.510: Application time: 0.0242710 seconds
28.510: [GC28.510: [DefNew: 57775K->3084K(61440K), 0.0032620 secs] 191879K->137188K(197740K), 0.0032950 secs] [Times: user=0.00 sys=0.00, real=0.01 secs] 
28.514: Total time for which application threads were stopped: 0.0035490 seconds, Stopping threads took: 0.0001880 seconds
28.534: Application time: 0.0208520 seconds
28.535: [GC28.535: [DefNew: 57740K->3312K(61440K), 0.0031470 secs] 191844K->137416K(197740K), 0.0031810 secs] [Times: user=0.00 sys=0.00, real=0.00 secs] 
28.538: Total time for which application threads were stopped: 0.0033570 seconds, Stopping threads took: 0.0001080 seconds
28.557: Application time: 0.0192080 seconds
28.557: [GC28.557: [DefNew: 57968K->3242K(61440K), 0.0032130 secs] 192072K->137346K(197740K), 0.0032490 secs] [Times: user=0.01 sys=0.00, real=0.00 secs] 
28.561: Total time for which application threads were stopped: 0.0035590 seconds, Stopping threads took: 0.0002400 seconds
28.580: Application time: 0.0190370 seconds
28.580: [GC28.580: [DefNew: 57898K->3315K(61440K), 0.0032260 secs] 192002K->137419K(197740K), 0.0032610 secs] [Times: user=0.00 sys=0.00, real=0.00 secs] 
28.583: Total time for which application threads were stopped: 0.0035210 seconds, Stopping threads took: 0.0001720 seconds
28.602: Application time: 0.0190090 seconds
28.602: [GC28.603: [DefNew: 57971K->6783K(61440K), 0.0073680 secs] 192075K->142283K(197740K), 0.0074120 secs] [Times: user=0.01 sys=0.00, real=0.01 secs] 
28.610: Total time for which application threads were stopped: 0.0077340 seconds, Stopping threads took: 0.0002250 seconds
28.628: Application time: 0.0184150 seconds
28.628: [GC28.628: [DefNew: 61439K->6300K(61440K), 0.0124310 secs]28.641: [Tenured: 141477K->82060K(141484K), 0.1159660 secs] 196939K->82060K(202924K), [Perm : 8824K->8824K(21248K)], 0.1286100 secs] [Times: user=0.13 sys=0.00, real=0.13 secs] 
28.757: Total time for which application threads were stopped: 0.1287580 seconds, Stopping threads took: 0.0000650 seconds
28.776: Application time: 0.0193740 seconds
28.777: [GC28.777: [DefNew: 54784K->2337K(61632K), 0.0033390 secs] 136844K->84398K(198400K), 0.0033720 secs] [Times: user=0.00 sys=0.00, real=0.00 secs] 
28.780: Total time for which application threads were stopped: 0.0035440 seconds, Stopping threads took: 0.0000840 seconds
28.799: Application time: 0.0191460 seconds
28.799: [GC28.799: [DefNew: 57121K->3242K(61632K), 0.0036550 secs] 139182K->85302K(198400K), 0.0036900 secs] [Times: user=0.00 sys=0.00, real=0.00 secs] 
28.803: Total time for which application threads were stopped: 0.0040070 seconds, Stopping threads took: 0.0002270 seconds
28.823: Application time: 0.0194540 seconds
28.823: [GC28.823: [DefNew: 58026K->6847K(61632K), 0.0077560 secs] 140086K->89699K(198400K), 0.0077990 secs] [Times: user=0.00 sys=0.00, real=0.01 secs] 
28.831: Total time for which application threads were stopped: 0.0081160 seconds, Stopping threads took: 0.0002130 seconds
28.853: Application time: 0.0224370 seconds
28.857: [GC28.857: [DefNew: 61631K->6847K(61632K), 0.0330740 secs] 144483K->112622K(198400K), 0.0331180 secs] [Times: user=0.03 sys=0.00, real=0.03 secs] 
28.890: Total time for which application threads were stopped: 0.0366490 seconds, Stopping threads took: 0.0034390 seconds
28.922: Application time: 0.0321900 seconds
28.922: [GC28.922: [DefNew: 61631K->6847K(61632K), 0.0340020 secs] 167406K->130099K(198400K), 0.0340460 secs] [Times: user=0.03 sys=0.00, real=0.04 secs] 
28.956: Total time for which application threads were stopped: 0.0343350 seconds, Stopping threads took: 0.0001950 seconds
28.989: Application time: 0.0326900 seconds
28.989: [GC28.989: [DefNew: 61631K->6848K(61632K), 0.0217350 secs] 184883K->137423K(198400K), 0.0217890 secs] [Times: user=0.02 sys=0.00, real=0.02 secs] 
29.011: Total time for which application threads were stopped: 0.0221650 seconds, Stopping threads took: 0.0002800 seconds
29.040: Application time: 0.0286560 seconds
29.040: [GC29.040: [DefNew: 61632K->6847K(61632K), 0.0264970 secs]29.067: [Tenured: 142780K->83112K(142912K), 0.1264180 secs] 192207K->83112K(204544K), [Perm : 8825K->8825K(21248K)], 0.1531260 secs] [Times: user=0.15 sys=0.00, real=0.16 secs] 
29.193: Total time for which application threads were stopped: 0.1533630 seconds, Stopping threads took: 0.0001460 seconds
29.222: Application time: 0.0288860 seconds
29.222: [GC29.222: [DefNew: 55552K->6911K(62464K), 0.0128270 secs] 138664K->93190K(200988K), 0.0128720 secs] [Times: user=0.01 sys=0.00, real=0.02 secs] 
29.235: Total time for which application threads were stopped: 0.0130870 seconds, Stopping threads took: 0.0001190 seconds
29.261: Application time: 0.0257830 seconds
29.261: [GC29.261: [DefNew: 62463K->818K(62464K), 0.0096980 secs] 148742K->93679K(200988K), 0.0097420 secs] [Times: user=0.01 sys=0.00, real=0.01 secs] 
29.271: Total time for which application threads were stopped: 0.0100340 seconds, Stopping threads took: 0.0001970 seconds
29.294: Application time: 0.0229490 seconds
29.294: [GC29.294: [DefNew: 56370K->982K(62464K), 0.0015960 secs] 149231K->93844K(200988K), 0.0016290 secs] [Times: user=0.00 sys=0.00, real=0.00 secs] 
29.296: Total time for which application threads were stopped: 0.0018630 seconds, Stopping threads took: 0.0001540 seconds
29.316: Application time: 0.0199600 seconds
29.316: [GC29.316: [DefNew: 56534K->962K(62464K), 0.0014420 secs] 149396K->93824K(200988K), 0.0014750 secs] [Times: user=0.00 sys=0.00, real=0.00 secs] 
29.318: Total time for which application threads were stopped: 0.0016910 seconds, Stopping threads took: 0.0001480 seconds
29.337: Application time: 0.0194450 seconds
29.337: [GC29.337: [DefNew: 56514K->962K(62464K), 0.0014790 secs] 149376K->93824K(200988K), 0.0015070 secs] [Times: user=0.00 sys=0.00, real=0.00 secs] 
29.339: Total time for which application threads were stopped: 0.0016670 seconds, Stopping threads took: 0.0000980 seconds
29.358: Application time: 0.0194000 seconds
29.358: [GC29.358: [DefNew: 56514K->4559K(62464K), 0.0034290 secs] 149376K->97421K(200988K), 0.0034710 secs] [Times: user=0.00 sys=0.00, real=0.00 secs] 
29.362: Total time for which application threads were stopped: 0.0036770 seconds, Stopping threads took: 0.0001310 seconds
29.381: Application time: 0.0194110 seconds
29.381: [GC29.381: [DefNew: 60111K->6712K(62464K), 0.0094990 secs] 152973K->103453K(200988K), 0.0095400 secs] [Times: user=0.01 sys=0.00, real=0.01 secs] 
29.391: Total time for which application threads were stopped: 0.0097100 seconds, Stopping threads took: 0.0000940 seconds
29.410: Application time: 0.0189300 seconds
29.410: [GC29.410: [DefNew: 62264K->3118K(62464K), 0.0081690 secs] 159005K->105839K(200988K), 0.0082090 secs] [Times: user=0.00 sys=0.00, real=0.01 secs] 
29.418: Total time for which application threads were stopped: 0.0083850 seconds, Stopping threads took: 0.0001010 seconds
29.438: Application time: 0.0195290 seconds
29.438: [GC29.438: [DefNew: 58670K->4234K(62464K), 0.0041600 secs] 161391K->106955K(200988K), 0.0041970 secs] [Times: user=0.01 sys=0.00, real=0.00 secs] 
29.442: Total time for which application threads were stopped: 0.0044090 seconds, Stopping threads took: 0.0001440 seconds
29.461: Application time: 0.0190280 seconds
29.461: [GC29.461: [DefNew: 59786K->4482K(62464K), 0.0062210 secs] 162507K->110157K(200988K), 0.0062620 secs] [Times: user=0.00 sys=0.00, real=0.01 secs] 
29.468: Total time for which application threads were stopped: 0.0064590 seconds, Stopping threads took: 0.0001190 seconds
29.488: Application time: 0.0207930 seconds
29.489: [GC29.489: [DefNew: 60034K->6912K(62464K), 0.0180090 secs] 165709K->124386K(200988K), 0.0180570 secs] [Times: user=0.02 sys=0.00, real=0.02 secs] 
29.507: Total time for which application threads were stopped: 0.0182180 seconds, Stopping threads took: 0.0000870 seconds
29.535: Application time: 0.0285160 seconds
29.535: [GC29.535: [DefNew: 62464K->6912K(62464K), 0.0358740 secs]29.571: [Tenured: 140227K->74937K(140252K), 0.1127790 secs] 179938K->74937K(202716K), [Perm : 8825K->8825K(21248K)], 0.1487830 secs] [Times: user=0.15 sys=0.00, real=0.14 secs] 
29.684: Total time for which application threads were stopped: 0.1489680 seconds, Stopping threads took: 0.0001130 seconds
29.719: Application time: 0.0350780 seconds
29.720: [GC29.720: [DefNew: 55552K->6551K(62464K), 0.0097700 secs] 130489K->81488K(200988K), 0.0098130 secs] [Times: user=0.01 sys=0.00, real=0.01 secs] 
29.729: Total time for which application threads were stopped: 0.0101480 seconds, Stopping threads took: 0.0002420 seconds
29.759: Application time: 0.0298250 seconds
29.759: [GC29.759: [DefNew: 62103K->6911K(62464K), 0.0145780 secs] 137040K->88605K(200988K), 0.0146230 secs] [Times: user=0.01 sys=0.00, real=0.02 secs] 
29.774: Total time for which application threads were stopped: 0.0148870 seconds, Stopping threads took: 0.0001880 seconds
29.803: Application time: 0.0286730 seconds
29.803: [GC29.803: [DefNew: 62463K->6911K(62464K), 0.0230500 secs] 144157K->99052K(200988K), 0.0230930 secs] [Times: user=0.02 sys=0.00, real=0.03 secs] 
29.826: Total time for which application threads were stopped: 0.0233760 seconds, Stopping threads took: 0.0001720 seconds
29.853: Application time: 0.0269490 seconds
29.853: [GC29.853: [DefNew: 62463K->3715K(62464K), 0.0131740 secs] 154604K->102462K(200988K), 0.0132170 secs] [Times: user=0.01 sys=0.00, real=0.01 secs] 
29.867: Total time for which application threads were stopped: 0.0135390 seconds, Stopping threads took: 0.0002270 seconds
29.891: Application time: 0.0242980 seconds
29.891: [GC29.891: [DefNew: 59267K->1048K(62464K), 0.0039250 secs] 158014K->102609K(200988K), 0.0039630 secs] [Times: user=0.00 sys=0.00, real=0.01 secs] 
29.895: Total time for which application threads were stopped: 0.0041670 seconds, Stopping threads took: 0.0001130 seconds
29.916: Application time: 0.0210730 seconds
29.916: [GC29.916: [DefNew: 56600K->977K(62464K), 0.0016310 secs] 158161K->102538K(200988K), 0.0016640 secs] [Times: user=0.00 sys=0.00, real=0.00 secs] 
29.918: Total time for which application threads were stopped: 0.0019040 seconds, Stopping threads took: 0.0001750 seconds
29.938: Application time: 0.0195170 seconds
29.938: [GC29.938: [DefNew: 56529K->945K(62464K), 0.0013660 secs] 158090K->102506K(200988K), 0.0014000 secs] [Times: user=0.00 sys=0.00, real=0.00 secs] 
29.939: Total time for which application threads were stopped: 0.0015600 seconds, Stopping threads took: 0.0000960 seconds
29.959: Application time: 0.0194850 seconds
29.959: [GC29.959: [DefNew: 56497K->4411K(62464K), 0.0034770 secs] 158058K->105973K(200988K), 0.0035110 secs] [Times: user=0.01 sys=0.00, real=0.00 secs] 
29.962: Total time for which application threads were stopped: 0.0037160 seconds, Stopping threads took: 0.0001350 seconds
29.983: Application time: 0.0201860 seconds
29.983: [GC29.983: [DefNew: 59963K->6912K(62464K), 0.0119480 secs] 161525K->112400K(200988K), 0.0119920 secs] [Times: user=0.01 sys=0.00, real=0.02 secs] 
29.995: Total time for which application threads were stopped: 0.0121610 seconds, Stopping threads took: 0.0000910 seconds
30.014: Application time: 0.0192210 seconds
30.014: [GC30.014: [DefNew: 62464K->2981K(62464K), 0.0102730 secs] 167952K->114660K(200988K), 0.0103160 secs] [Times: user=0.02 sys=0.00, real=0.00 secs] 
30.024: Total time for which application threads were stopped: 0.0105090 seconds, Stopping threads took: 0.0001150 seconds
30.044: Application time: 0.0197720 seconds
30.044: [GC30.044: [DefNew: 58533K->3950K(62464K), 0.0045150 secs] 170212K->115629K(200988K), 0.0045530 secs] [Times: user=0.00 sys=0.00, real=0.01 secs] 
30.049: Total time for which application threads were stopped: 0.0047880 seconds, Stopping threads took: 0.0001290 seconds
30.068: Application time: 0.0191700 seconds
30.068: [GC30.068: [DefNew: 59502K->2033K(62464K), 0.0054340 secs] 171181K->116527K(200988K), 0.0054730 secs] [Times: user=0.01 sys=0.00, real=0.01 secs] 
30.074: Total time for which application threads were stopped: 0.0057850 seconds, Stopping threads took: 0.0002220 seconds
30.094: Application time: 0.0201310 seconds
30.094: [GC30.094: [DefNew: 57585K->6911K(62464K), 0.0130440 secs] 172079K->125738K(200988K), 0.0130890 secs] [Times: user=0.01 sys=0.00, real=0.01 secs] 
30.107: Total time for which application threads were stopped: 0.0132640 seconds, Stopping threads took: 0.0000770 seconds
30.132: Application time: 0.0250290 seconds
30.133: [GC30.133: [DefNew: 62463K->6912K(62464K), 0.0397660 secs]30.172: [Tenured: 143148K->69883K(143324K), 0.1117320 secs] 181290K->69883K(205788K), [Perm : 8825K->8825K(21248K)], 0.1517240 secs] [Times: user=0.16 sys=0.00, real=0.14 secs] 
30.284: Total time for which application threads were stopped: 0.1519190 seconds, Stopping threads took: 0.0001240 seconds
30.318: Application time: 0.0341090 seconds
30.319: [GC30.319: [DefNew: 55552K->6912K(62464K), 0.0157220 secs] 125435K->81308K(200988K), 0.0157660 secs] [Times: user=0.01 sys=0.00, real=0.02 secs] 
30.334: Total time for which application threads were stopped: 0.0160490 seconds, Stopping threads took: 0.0001780 seconds
30.366: Application time: 0.0311110 seconds
30.366: [GC30.366: [DefNew: 62464K->6911K(62464K), 0.0197500 secs] 136860K->89142K(200988K), 0.0197940 secs] [Times: user=0.02 sys=0.00, real=0.02 secs] 
30.386: Total time for which application threads were stopped: 0.0201080 seconds, Stopping threads took: 0.0002180 seconds
30.414: Application time: 0.0282830 seconds
30.414: [GC30.414: [DefNew: 62463K->6912K(62464K), 0.0251810 secs] 144694K->102593K(200988K), 0.0252250 secs] [Times: user=0.02 sys=0.00, real=0.02 secs] 
30.439: Total time for which application threads were stopped: 0.0254620 seconds, Stopping threads took: 0.0001600 seconds
30.468: Application time: 0.0284470 seconds
30.468: [GC30.468: [DefNew: 62464K->6911K(62464K), 0.0176660 secs] 158145K->110826K(200988K), 0.0177060 secs] [Times: user=0.02 sys=0.00, real=0.02 secs] 
30.486: Total time for which application threads were stopped: 0.0178900 seconds, Stopping threads took: 0.0001070 seconds
30.510: Application time: 0.0244250 seconds
30.510: [GC30.510: [DefNew: 62463K->856K(62464K), 0.0079760 secs] 166378K->110909K(200988K), 0.0080140 secs] [Times: user=0.01 sys=0.00, real=0.01 secs] 
30.518: Total time for which application threads were stopped: 0.0081540 seconds, Stopping threads took: 0.0000670 seconds
30.541: Application time: 0.0227330 seconds
30.541: [GC30.541: [DefNew: 56408K->965K(62464K), 0.0015820 secs] 166461K->111018K(200988K), 0.0016100 secs] [Times: user=0.00 sys=0.00, real=0.00 secs] 
30.543: Total time for which application threads were stopped: 0.0017820 seconds, Stopping threads took: 0.0001070 seconds
30.562: Application time: 0.0195490 seconds
30.563: [GC30.563: [DefNew: 56517K->973K(62464K), 0.0016850 secs] 166570K->111026K(200988K), 0.0017180 secs] [Times: user=0.00 sys=0.00, real=0.00 secs] 
30.564: Total time for which application threads were stopped: 0.0018860 seconds, Stopping threads took: 0.0001020 seconds
30.584: Application time: 0.0193130 seconds
30.584: [GC30.584: [DefNew: 56525K->3823K(62464K), 0.0029410 secs] 166578K->113876K(200988K), 0.0029710 secs] [Times: user=0.00 sys=0.00, real=0.01 secs] 
30.587: Total time for which application threads were stopped: 0.0032000 seconds, Stopping threads took: 0.0001620 seconds
30.607: Application time: 0.0204050 seconds
30.607: [GC30.607: [DefNew: 59375K->6912K(62464K), 0.0126420 secs] 169428K->121026K(200988K), 0.0126840 secs] [Times: user=0.02 sys=0.00, real=0.01 secs] 
30.620: Total time for which application threads were stopped: 0.0129200 seconds, Stopping threads took: 0.0001580 seconds
30.640: Application time: 0.0201180 seconds
30.640: [GC30.641: [DefNew: 62464K->2787K(62464K), 0.0108140 secs] 176578K->122988K(200988K), 0.0108670 secs] [Times: user=0.01 sys=0.00, real=0.01 secs] 
30.651: Total time for which application threads were stopped: 0.0110770 seconds, Stopping threads took: 0.0001240 seconds
30.671: Application time: 0.0193630 seconds
30.671: [GC30.671: [DefNew: 58339K->4121K(62464K), 0.0036680 secs] 178540K->124322K(200988K), 0.0037070 secs] [Times: user=0.01 sys=0.00, real=0.01 secs] 
30.675: Total time for which application threads were stopped: 0.0038930 seconds, Stopping threads took: 0.0001120 seconds
30.694: Application time: 0.0191830 seconds
30.694: [GC30.694: [DefNew: 59673K->1970K(62464K), 0.0058250 secs] 179874K->124785K(200988K), 0.0058630 secs] [Times: user=0.01 sys=0.00, real=0.00 secs] 
30.700: Total time for which application threads were stopped: 0.0060710 seconds, Stopping threads took: 0.0001350 seconds
30.719: Application time: 0.0195300 seconds
30.720: [GC30.720: [DefNew: 57522K->6912K(62464K), 0.0091870 secs] 180337K->132757K(200988K), 0.0092300 secs] [Times: user=0.01 sys=0.00, real=0.01 secs] 
30.729: Total time for which application threads were stopped: 0.0094380 seconds, Stopping threads took: 0.0001320 seconds
30.751: Application time: 0.0220130 seconds
30.751: [GC30.751: [DefNew: 62464K->6912K(62464K), 0.0321710 secs]30.783: [Tenured: 146231K->80630K(146396K), 0.1169420 secs] 188309K->80630K(208860K), [Perm : 8825K->8825K(21248K)], 0.1493910 secs] [Times: user=0.15 sys=0.00, real=0.15 secs] 
30.900: Total time for which application threads were stopped: 0.1495920 seconds, Stopping threads took: 0.0001170 seconds
30.931: Application time: 0.0302950 seconds
30.931: [GC30.931: [DefNew: 55552K->6911K(62464K), 0.0279250 secs] 136182K->100133K(200988K), 0.0279690 secs] [Times: user=0.03 sys=0.00, real=0.03 secs] 
30.959: Total time for which application threads were stopped: 0.0281920 seconds, Stopping threads took: 0.0001370 seconds
30.993: Application time: 0.0340350 seconds
30.997: [GC30.997: [DefNew: 62463K->6912K(62464K), 0.0255630 secs] 155685K->107717K(200988K), 0.0256050 secs] [Times: user=0.03 sys=0.00, real=0.02 secs] 
31.022: Total time for which application threads were stopped: 0.0293270 seconds, Stopping threads took: 0.0036260 seconds
31.051: Application time: 0.0286720 seconds
31.051: [GC31.051: [DefNew: 62464K->6911K(62464K), 0.0200010 secs] 163269K->117935K(200988K), 0.0200450 secs] [Times: user=0.03 sys=0.00, real=0.02 secs] 
31.071: Total time for which application threads were stopped: 0.0203600 seconds, Stopping threads took: 0.0002190 seconds
31.099: Application time: 0.0277440 seconds
31.099: [GC31.099: [DefNew: 62463K->6911K(62464K), 0.0192340 secs] 173487K->126698K(200988K), 0.0192750 secs] [Times: user=0.02 sys=0.00, real=0.02 secs] 
31.119: Total time for which application threads were stopped: 0.0195370 seconds, Stopping threads took: 0.0001680 seconds
31.145: Application time: 0.0260990 seconds
31.149: [GC31.149: [DefNew: 62463K->2704K(62464K), 0.0122430 secs] 182250K->128765K(200988K), 0.0122850 secs] [Times: user=0.01 sys=0.00, real=0.01 secs] 
31.161: Total time for which application threads were stopped: 0.0162440 seconds, Stopping threads took: 0.0038620 seconds
31.184: Application time: 0.0233970 seconds
31.185: [GC31.185: [DefNew: 58256K->2687K(62464K), 0.0030580 secs] 184317K->128749K(200988K), 0.0030910 secs] [Times: user=0.00 sys=0.00, real=0.00 secs] 
31.188: Total time for which application threads were stopped: 0.0033970 seconds, Stopping threads took: 0.0002210 seconds
31.209: Application time: 0.0213880 seconds
31.210: [GC31.210: [DefNew: 58239K->2782K(62464K), 0.0028470 secs] 184301K->128843K(200988K), 0.0028810 secs] [Times: user=0.00 sys=0.00, real=0.00 secs] 
31.212: Total time for which application threads were stopped: 0.0032180 seconds, Stopping threads took: 0.0002620 seconds
31.232: Application time: 0.0198050 seconds
31.232: [GC31.232: [DefNew: 58334K->6249K(62464K), 0.0047600 secs] 184395K->132310K(200988K), 0.0047980 secs] [Times: user=0.00 sys=0.00, real=0.01 secs] 
31.237: Total time for which application threads were stopped: 0.0049470 seconds, Stopping threads took: 0.0000660 seconds
31.258: Application time: 0.0209640 seconds
31.258: [GC31.258: [DefNew: 61801K->6912K(62464K), 0.0133940 secs] 187862K->138998K(200988K), 0.0134560 secs] [Times: user=0.01 sys=0.00, real=0.01 secs] 
31.272: Total time for which application threads were stopped: 0.0136580 seconds, Stopping threads took: 0.0001280 seconds
31.293: Application time: 0.0212650 seconds
31.293: [GC31.293: [DefNew: 62464K->2535K(62464K), 0.0094060 secs] 194550K->140943K(200988K), 0.0094490 secs] [Times: user=0.01 sys=0.00, real=0.00 secs] 
31.303: Total time for which application threads were stopped: 0.0096710 seconds, Stopping threads took: 0.0001460 seconds
31.322: Application time: 0.0194970 seconds
31.322: [GC31.322: [DefNew: 58087K->3964K(62464K), 0.0044570 secs] 196495K->142372K(200988K), 0.0044960 secs] [Times: user=0.00 sys=0.00, real=0.01 secs] 
31.327: Total time for which application threads were stopped: 0.0047220 seconds, Stopping threads took: 0.0001540 seconds
31.346: Application time: 0.0190540 seconds
31.346: [GC31.346: [DefNew: 59516K->2109K(62464K), 0.0052290 secs]31.351: [Tenured: 140776K->79369K(140828K), 0.1204690 secs] 197924K->79369K(203292K), [Perm : 8825K->8825K(21248K)], 0.1258450 secs] [Times: user=0.13 sys=0.00, real=0.12 secs] 
31.472: Total time for which application threads were stopped: 0.1259870 seconds, Stopping threads took: 0.0000690 seconds
31.491: Application time: 0.0193790 seconds
31.492: [GC31.492: [DefNew: 55552K->6912K(62464K), 0.0094870 secs] 134921K->88522K(200988K), 0.0095310 secs] [Times: user=0.01 sys=0.00, real=0.01 secs] 
31.501: Total time for which application threads were stopped: 0.0097370 seconds, Stopping threads took: 0.0001160 seconds
31.522: Application time: 0.0213500 seconds
31.523: [GC31.523: [DefNew: 62464K->6912K(62464K), 0.0212160 secs] 144074K->100059K(200988K), 0.0212610 secs] [Times: user=0.03 sys=0.00, real=0.02 secs] 
31.544: Total time for which application threads were stopped: 0.0216160 seconds, Stopping threads took: 0.0002610 seconds
31.571: Application time: 0.0270620 seconds
31.571: [GC31.571: [DefNew: 62464K->6911K(62464K), 0.0383160 secs] 155611K->122031K(200988K), 0.0383580 secs] [Times: user=0.04 sys=0.00, real=0.04 secs] 
31.610: Total time for which application threads were stopped: 0.0385940 seconds, Stopping threads took: 0.0001430 seconds
31.643: Application time: 0.0332930 seconds
31.643: [GC31.643: [DefNew: 62463K->6911K(62464K), 0.0158540 secs] 177583K->128452K(200988K), 0.0158990 secs] [Times: user=0.01 sys=0.00, real=0.02 secs] 
31.659: Total time for which application threads were stopped: 0.0163100 seconds, Stopping threads took: 0.0003270 seconds
31.688: Application time: 0.0282440 seconds
31.688: [GC31.688: [DefNew: 62463K->6911K(62464K), 0.0176810 secs] 184004K->135540K(200988K), 0.0177250 secs] [Times: user=0.02 sys=0.00, real=0.02 secs] 
31.706: Total time for which application threads were stopped: 0.0180030 seconds, Stopping threads took: 0.0001810 seconds
31.734: Application time: 0.0280000 seconds
31.734: [GC31.734: [DefNew: 62463K->6912K(62464K), 0.0175000 secs] 191092K->145050K(200988K), 0.0175460 secs] [Times: user=0.01 sys=0.00, real=0.01 secs] 
31.751: Total time for which application threads were stopped: 0.0178080 seconds, Stopping threads took: 0.0001770 seconds
31.779: Application time: 0.0273250 seconds
31.779: [GC31.779: [DefNew: 62464K->6912K(62464K), 0.0161360 secs]31.795: [Tenured: 145207K->77007K(145244K), 0.1193220 secs] 200602K->77007K(207708K), [Perm : 8825K->8825K(21248K)], 0.1357150 secs] [Times: user=0.14 sys=0.00, real=0.14 secs] 
31.915: Total time for which application threads were stopped: 0.1359320 seconds, Stopping threads took: 0.0001420 seconds
31.938: Application time: 0.0236100 seconds
31.938: [GC31.938: [DefNew: 55552K->1034K(62464K), 0.0015620 secs] 132559K->78041K(200988K), 0.0015880 secs] [Times: user=0.01 sys=0.00, real=0.00 secs] 
31.940: Total time for which application threads were stopped: 0.0017500 seconds, Stopping threads took: 0.0001010 seconds
31.962: Application time: 0.0219350 seconds
31.962: [GC31.962: [DefNew: 56586K->1153K(62464K), 0.0016780 secs] 133593K->78160K(200988K), 0.0017130 secs] [Times: user=0.00 sys=0.00, real=0.00 secs] 
31.964: Total time for which application threads were stopped: 0.0019240 seconds, Stopping threads took: 0.0001500 seconds
31.984: Application time: 0.0196800 seconds
31.984: [GC31.984: [DefNew: 56705K->3946K(62464K), 0.0031480 secs] 133712K->80954K(200988K), 0.0031820 secs] [Times: user=0.00 sys=0.00, real=0.01 secs] 
31.987: Total time for which application threads were stopped: 0.0033590 seconds, Stopping threads took: 0.0001070 seconds
32.008: Application time: 0.0210990 seconds
32.008: [GC32.008: [DefNew: 59498K->6911K(62464K), 0.0105300 secs] 136506K->87594K(200988K), 0.0105730 secs] [Times: user=0.01 sys=0.00, real=0.01 secs] 
32.019: Total time for which application threads were stopped: 0.0107550 seconds, Stopping threads took: 0.0000890 seconds
32.040: Application time: 0.0212880 seconds
32.040: [GC32.040: [DefNew: 62463K->3375K(62464K), 0.0114510 secs] 143146K->90015K(200988K), 0.0114910 secs] [Times: user=0.01 sys=0.00, real=0.01 secs] 
32.052: Total time for which application threads were stopped: 0.0116850 seconds, Stopping threads took: 0.0001160 seconds
32.072: Application time: 0.0201850 seconds
32.072: [GC32.072: [DefNew: 58927K->4051K(62464K), 0.0034010 secs] 145567K->90691K(200988K), 0.0034360 secs] [Times: user=0.01 sys=0.00, real=0.01 secs] 
32.076: Total time for which application threads were stopped: 0.0036200 seconds, Stopping threads took: 0.0001120 seconds
32.095: Application time: 0.0191060 seconds
32.095: [GC32.095: [DefNew: 59603K->2161K(62464K), 0.0048540 secs] 146243K->92032K(200988K), 0.0048970 secs] [Times: user=0.00 sys=0.00, real=0.00 secs] 
32.100: Total time for which application threads were stopped: 0.0051410 seconds, Stopping threads took: 0.0001670 seconds
32.119: Application time: 0.0192580 seconds
32.119: [GC32.119: [DefNew: 57713K->5568K(62464K), 0.0061690 secs] 147584K->95439K(200988K), 0.0062120 secs] [Times: user=0.00 sys=0.00, real=0.01 secs] 
32.126: Total time for which application threads were stopped: 0.0063940 seconds, Stopping threads took: 0.0001070 seconds
32.146: Application time: 0.0204830 seconds
32.146: [GC32.146: [DefNew: 61120K->6912K(62464K), 0.0143410 secs] 150991K->103756K(200988K), 0.0143830 secs] [Times: user=0.01 sys=0.00, real=0.01 secs] 
32.161: Total time for which application threads were stopped: 0.0145890 seconds, Stopping threads took: 0.0001290 seconds
32.185: Application time: 0.0239990 seconds
32.185: [GC32.185: [DefNew: 62464K->6912K(62464K), 0.0344990 secs] 159308K->124857K(200988K), 0.0345430 secs] [Times: user=0.04 sys=0.00, real=0.03 secs] 
32.219: Total time for which application threads were stopped: 0.0347360 seconds, Stopping threads took: 0.0001180 seconds
32.251: Application time: 0.0318830 seconds
32.251: [GC32.252: [DefNew: 62464K->6912K(62464K), 0.0239970 secs] 180409K->135632K(200988K), 0.0240410 secs] [Times: user=0.03 sys=0.00, real=0.03 secs] 
32.276: Total time for which application threads were stopped: 0.0243460 seconds, Stopping threads took: 0.0002080 seconds
32.306: Application time: 0.0301400 seconds
32.306: [GC32.306: [DefNew: 62464K->6912K(62464K), 0.0196610 secs] 191184K->143017K(200988K), 0.0197040 secs] [Times: user=0.02 sys=0.00, real=0.02 secs] 
32.326: Total time for which application threads were stopped: 0.0199060 seconds, Stopping threads took: 0.0001250 seconds
32.354: Application time: 0.0284610 seconds
32.354: [GC32.354: [DefNew: 62464K->6911K(62464K), 0.0181580 secs]32.372: [Tenured: 145221K->79498K(145244K), 0.1176200 secs] 198569K->79498K(207708K), [Perm : 8827K->8827K(21248K)], 0.1360400 secs] [Times: user=0.14 sys=0.00, real=0.13 secs] 
32.490: Total time for which application threads were stopped: 0.1361960 seconds, Stopping threads took: 0.0000810 seconds
32.517: Application time: 0.0269370 seconds
32.517: [GC32.517: [DefNew: 55552K->6911K(62464K), 0.0103880 secs] 135050K->89216K(200988K), 0.0104430 secs] [Times: user=0.01 sys=0.00, real=0.01 secs] 
32.528: Total time for which application threads were stopped: 0.0106620 seconds, Stopping threads took: 0.0001260 seconds
32.553: Application time: 0.0248750 seconds
32.553: [GC32.553: [DefNew: 62463K->1991K(62464K), 0.0108210 secs] 144768K->90587K(200988K), 0.0108640 secs] [Times: user=0.01 sys=0.00, real=0.00 secs] 
32.564: Total time for which application threads were stopped: 0.0109960 seconds, Stopping threads took: 0.0000520 seconds
32.587: Application time: 0.0227530 seconds
32.587: [GC32.587: [DefNew: 57543K->1922K(62464K), 0.0025580 secs] 146139K->90518K(200988K), 0.0025900 secs] [Times: user=0.00 sys=0.00, real=0.00 secs] 
32.589: Total time for which application threads were stopped: 0.0029270 seconds, Stopping threads took: 0.0002520 seconds
32.611: Application time: 0.0214850 seconds
32.611: [GC32.611: [DefNew: 57474K->4745K(62464K), 0.0045290 secs] 146070K->93340K(200988K), 0.0045640 secs] [Times: user=0.00 sys=0.00, real=0.01 secs] 
32.616: Total time for which application threads were stopped: 0.0048410 seconds, Stopping threads took: 0.0002130 seconds
32.637: Application time: 0.0209870 seconds
32.637: [GC32.637: [DefNew: 60297K->6911K(62464K), 0.0139120 secs] 148892K->100119K(200988K), 0.0139560 secs] [Times: user=0.02 sys=0.00, real=0.01 secs] 
32.651: Total time for which application threads were stopped: 0.0143850 seconds, Stopping threads took: 0.0003510 seconds
32.673: Application time: 0.0215580 seconds
32.673: [GC32.673: [DefNew: 62463K->3311K(62464K), 0.0127360 secs] 155671K->102501K(200988K), 0.0127790 secs] [Times: user=0.01 sys=0.00, real=0.01 secs] 
32.686: Total time for which application threads were stopped: 0.0130150 seconds, Stopping threads took: 0.0001600 seconds
32.707: Application time: 0.0213650 seconds
32.707: [GC32.707: [DefNew: 58863K->4631K(62464K), 0.0040480 secs] 158053K->103822K(200988K), 0.0040910 secs] [Times: user=0.01 sys=0.00, real=0.00 secs] 
32.711: Total time for which application threads were stopped: 0.0043030 seconds, Stopping threads took: 0.0001360 seconds
32.731: Application time: 0.0191860 seconds
32.731: [GC32.731: [DefNew: 60183K->2007K(62464K), 0.0049810 secs] 159374K->104352K(200988K), 0.0050240 secs] [Times: user=0.00 sys=0.00, real=0.01 secs] 
32.736: Total time for which application threads were stopped: 0.0052410 seconds, Stopping threads took: 0.0001380 seconds
32.755: Application time: 0.0191310 seconds
32.755: [GC32.755: [DefNew: 57559K->6633K(62464K), 0.0072470 secs] 159904K->108978K(200988K), 0.0072870 secs] [Times: user=0.00 sys=0.00, real=0.00 secs] 
32.762: Total time for which application threads were stopped: 0.0074660 seconds, Stopping threads took: 0.0001040 seconds
32.783: Application time: 0.0205860 seconds
32.783: [GC32.783: [DefNew: 62185K->6911K(62464K), 0.0163360 secs] 164530K->116604K(200988K), 0.0163790 secs] [Times: user=0.01 sys=0.00, real=0.02 secs] 
32.800: Total time for which application threads were stopped: 0.0165630 seconds, Stopping threads took: 0.0001080 seconds
32.822: Application time: 0.0225050 seconds
32.822: [GC32.822: [DefNew: 62463K->6911K(62464K), 0.0180220 secs] 172156K->127168K(200988K), 0.0180660 secs] [Times: user=0.02 sys=0.00, real=0.02 secs] 
32.840: Total time for which application threads were stopped: 0.0182810 seconds, Stopping threads took: 0.0001300 seconds
32.869: Application time: 0.0286130 seconds
32.869: [GC32.869: [DefNew: 62463K->6912K(62464K), 0.0307600 secs] 182720K->144498K(200988K), 0.0308050 secs] [Times: user=0.03 sys=0.00, real=0.03 secs] 
32.900: Total time for which application threads were stopped: 0.0310170 seconds, Stopping threads took: 0.0001360 seconds
32.931: Application time: 0.0313270 seconds
32.932: [GC32.932: [DefNew: 62464K->6911K(62464K), 0.0237640 secs]32.955: [Tenured: 146943K->82613K(146972K), 0.1290520 secs] 200050K->82613K(209436K), [Perm : 8827K->8827K(21248K)], 0.1531560 secs] [Times: user=0.16 sys=0.00, real=0.16 secs] 
33.085: Total time for which application threads were stopped: 0.1534990 seconds, Stopping threads took: 0.0002450 seconds
33.113: Application time: 0.0286560 seconds
33.114: [GC33.114: [DefNew: 55552K->6911K(62464K), 0.0135530 secs] 138165K->93820K(200988K), 0.0135980 secs] [Times: user=0.01 sys=0.00, real=0.01 secs] 
33.127: Total time for which application threads were stopped: 0.0137910 seconds, Stopping threads took: 0.0001040 seconds
33.154: Application time: 0.0268270 seconds
33.154: [GC33.154: [DefNew: 62463K->6912K(62464K), 0.0199490 secs] 149372K->104279K(200988K), 0.0199910 secs] [Times: user=0.02 sys=0.00, real=0.02 secs] 
33.174: Total time for which application threads were stopped: 0.0202150 seconds, Stopping threads took: 0.0001390 seconds
33.200: Application time: 0.0255660 seconds
33.200: [GC33.200: [DefNew: 62464K->5882K(62464K), 0.0159370 secs] 159831K->108299K(200988K), 0.0159810 secs] [Times: user=0.01 sys=0.00, real=0.02 secs] 
33.216: Total time for which application threads were stopped: 0.0161880 seconds, Stopping threads took: 0.0001290 seconds
33.239: Application time: 0.0232580 seconds
33.240: [GC33.240: [DefNew: 61434K->813K(62464K), 0.0058020 secs] 163851K->108550K(200988K), 0.0058450 secs] [Times: user=0.01 sys=0.00, real=0.01 secs] 
33.246: Total time for which application threads were stopped: 0.0061620 seconds, Stopping threads took: 0.0002410 seconds
33.268: Application time: 0.0223310 seconds
33.268: [GC33.268: [DefNew: 56365K->2589K(62464K), 0.0024770 secs] 164102K->110325K(200988K), 0.0025100 secs] [Times: user=0.00 sys=0.00, real=0.00 secs] 
33.271: Total time for which application threads were stopped: 0.0027710 seconds, Stopping threads took: 0.0001980 seconds
33.292: Application time: 0.0214920 seconds
33.292: [GC33.292: [DefNew: 58141K->6912K(62464K), 0.0120050 secs] 165877K->118145K(200988K), 0.0120430 secs] [Times: user=0.01 sys=0.00, real=0.01 secs] 
33.304: Total time for which application threads were stopped: 0.0123570 seconds, Stopping threads took: 0.0002280 seconds
33.326: Application time: 0.0216510 seconds
33.326: [GC33.326: [DefNew: 62464K->3241K(62464K), 0.0128540 secs] 173697K->120447K(200988K), 0.0128950 secs] [Times: user=0.01 sys=0.00, real=0.01 secs] 
33.339: Total time for which application threads were stopped: 0.0131950 seconds, Stopping threads took: 0.0002040 seconds
33.361: Application time: 0.0218400 seconds
33.361: [GC33.361: [DefNew: 58793K->4338K(62464K), 0.0039940 secs] 175999K->121544K(200988K), 0.0040350 secs] [Times: user=0.00 sys=0.00, real=0.01 secs] 
33.365: Total time for which application threads were stopped: 0.0042920 seconds, Stopping threads took: 0.0001700 seconds
33.385: Application time: 0.0197630 seconds
33.385: [GC33.385: [DefNew: 59890K->2017K(62464K), 0.0052620 secs] 177096K->122316K(200988K), 0.0053030 secs] [Times: user=0.01 sys=0.00, real=0.00 secs] 
33.391: Total time for which application threads were stopped: 0.0054830 seconds, Stopping threads took: 0.0000850 seconds
33.410: Application time: 0.0190130 seconds
33.410: [GC33.410: [DefNew: 57569K->5863K(62464K), 0.0067600 secs] 177868K->126162K(200988K), 0.0068010 secs] [Times: user=0.00 sys=0.00, real=0.01 secs] 
33.417: Total time for which application threads were stopped: 0.0070610 seconds, Stopping threads took: 0.0001670 seconds
33.437: Application time: 0.0201930 seconds
33.437: [GC33.437: [DefNew: 61415K->6911K(62464K), 0.0109240 secs] 181714K->131974K(200988K), 0.0109690 secs] [Times: user=0.01 sys=0.00, real=0.01 secs] 
33.448: Total time for which application threads were stopped: 0.0112910 seconds, Stopping threads took: 0.0002280 seconds
33.470: Application time: 0.0213930 seconds
33.470: [GC33.470: [DefNew: 62463K->6912K(62464K), 0.0175310 secs] 187526K->140559K(200988K), 0.0175750 secs] [Times: user=0.02 sys=0.00, real=0.02 secs] 
33.487: Total time for which application threads were stopped: 0.0177970 seconds, Stopping threads took: 0.0001270 seconds
33.513: Application time: 0.0255350 seconds
33.513: [GC33.513: [DefNew: 62464K->6912K(62464K), 0.0325910 secs]33.546: [Tenured: 151747K->74468K(151772K), 0.1148030 secs] 196111K->74468K(214236K), [Perm : 8827K->8827K(21248K)], 0.1478430 secs] [Times: user=0.15 sys=0.00, real=0.14 secs] 
33.661: Total time for which application threads were stopped: 0.1481380 seconds, Stopping threads took: 0.0002060 seconds
33.691: Application time: 0.0297290 seconds
33.691: [GC33.691: [DefNew: 55552K->6912K(62464K), 0.0196000 secs] 130020K->87003K(200988K), 0.0196440 secs] [Times: user=0.01 sys=0.00, real=0.02 secs] 
33.711: Total time for which application threads were stopped: 0.0198620 seconds, Stopping threads took: 0.0001120 seconds
33.740: Application time: 0.0295440 seconds
33.740: [GC33.740: [DefNew: 62464K->6912K(62464K), 0.0168700 secs] 142555K->94423K(200988K), 0.0169140 secs] [Times: user=0.02 sys=0.00, real=0.02 secs] 
33.757: Total time for which application threads were stopped: 0.0170620 seconds, Stopping threads took: 0.0000700 seconds
33.786: Application time: 0.0282550 seconds
33.786: [GC33.786: [DefNew: 62464K->6911K(62464K), 0.0219720 secs] 149975K->103395K(200988K), 0.0220150 secs] [Times: user=0.02 sys=0.00, real=0.02 secs] 
33.808: Total time for which application threads were stopped: 0.0222860 seconds, Stopping threads took: 0.0001760 seconds
33.834: Application time: 0.0257240 seconds
33.834: [GC33.834: [DefNew: 62463K->6912K(62464K), 0.0201470 secs] 158947K->110489K(200988K), 0.0201910 secs] [Times: user=0.02 sys=0.00, real=0.02 secs] 
33.854: Total time for which application threads were stopped: 0.0205290 seconds, Stopping threads took: 0.0002460 seconds
33.878: Application time: 0.0239970 seconds
33.878: [GC33.878: [DefNew: 62464K->2283K(62464K), 0.0088050 secs] 166041K->112420K(200988K), 0.0088500 secs] [Times: user=0.01 sys=0.00, real=0.01 secs] 
33.887: Total time for which application threads were stopped: 0.0091270 seconds, Stopping threads took: 0.0001810 seconds
33.910: Application time: 0.0222550 seconds
33.910: [GC33.910: [DefNew: 57835K->3387K(62464K), 0.0032230 secs] 167972K->113523K(200988K), 0.0032580 secs] [Times: user=0.00 sys=0.00, real=0.01 secs] 
33.913: Total time for which application threads were stopped: 0.0034620 seconds, Stopping threads took: 0.0001190 seconds
33.935: Application time: 0.0222480 seconds
33.935: [GC33.936: [DefNew: 58939K->6911K(62464K), 0.0116580 secs] 169075K->121125K(200988K), 0.0117020 secs] [Times: user=0.01 sys=0.00, real=0.01 secs] 
33.947: Total time for which application threads were stopped: 0.0119570 seconds, Stopping threads took: 0.0001600 seconds
33.969: Application time: 0.0216890 seconds
33.969: [GC33.969: [DefNew: 62463K->3947K(62464K), 0.0122030 secs] 176677K->124078K(200988K), 0.0122440 secs] [Times: user=0.02 sys=0.00, real=0.01 secs] 
33.981: Total time for which application threads were stopped: 0.0125180 seconds, Stopping threads took: 0.0001790 seconds
34.003: Application time: 0.0216890 seconds
34.003: [GC34.003: [DefNew: 59499K->1700K(62464K), 0.0053760 secs] 179630K->125641K(200988K), 0.0054160 secs] [Times: user=0.00 sys=0.00, real=0.01 secs] 
34.009: Total time for which application threads were stopped: 0.0057290 seconds, Stopping threads took: 0.0002230 seconds
34.029: Application time: 0.0203050 seconds
34.029: [GC34.029: [DefNew: 57252K->2767K(62464K), 0.0040190 secs] 181193K->126709K(200988K), 0.0040520 secs] [Times: user=0.00 sys=0.00, real=0.01 secs] 
34.034: Total time for which application threads were stopped: 0.0043500 seconds, Stopping threads took: 0.0002110 seconds
34.053: Application time: 0.0191580 seconds
34.053: [GC34.053: [DefNew: 58319K->4713K(62464K), 0.0063210 secs] 182261K->128655K(200988K), 0.0063600 secs] [Times: user=0.01 sys=0.00, real=0.00 secs] 
34.059: Total time for which application threads were stopped: 0.0066650 seconds, Stopping threads took: 0.0002160 seconds
34.079: Application time: 0.0195020 seconds
34.079: [GC34.079: [DefNew: 60265K->6911K(62464K), 0.0098390 secs] 184207K->133520K(200988K), 0.0098830 secs] [Times: user=0.01 sys=0.00, real=0.01 secs] 
34.089: Total time for which application threads were stopped: 0.0101610 seconds, Stopping threads took: 0.0002020 seconds
34.111: Application time: 0.0215640 seconds
34.111: [GC34.111: [DefNew: 62463K->6911K(62464K), 0.0189860 secs] 189072K->143240K(200988K), 0.0190380 secs] [Times: user=0.02 sys=0.00, real=0.02 secs] 
34.130: Total time for which application threads were stopped: 0.0193820 seconds, Stopping threads took: 0.0002510 seconds
34.155: Application time: 0.0253910 seconds
34.156: [GC34.156: [DefNew: 62463K->6911K(62464K), 0.0232130 secs]34.179: [Tenured: 148285K->76736K(148316K), 0.1159260 secs] 198792K->76736K(210780K), [Perm : 8827K->8827K(21248K)], 0.1394740 secs] [Times: user=0.14 sys=0.00, real=0.14 secs] 
34.295: Total time for which application threads were stopped: 0.1397400 seconds, Stopping threads took: 0.0001760 seconds
34.324: Application time: 0.0284920 seconds
34.324: [GC34.324: [DefNew: 55552K->6912K(62464K), 0.0233160 secs] 132288K->91578K(200988K), 0.0233610 secs] [Times: user=0.02 sys=0.00, real=0.03 secs] 
34.347: Total time for which application threads were stopped: 0.0235570 seconds, Stopping threads took: 0.0001070 seconds
34.377: Application time: 0.0303350 seconds
34.378: [GC34.378: [DefNew: 62464K->6911K(62464K), 0.0187000 secs] 147130K->99155K(200988K), 0.0187420 secs] [Times: user=0.02 sys=0.00, real=0.02 secs] 
34.396: Total time for which application threads were stopped: 0.0189930 seconds, Stopping threads took: 0.0001600 seconds
34.425: Application time: 0.0281930 seconds
34.425: [GC34.425: [DefNew: 62463K->6911K(62464K), 0.0200080 secs] 154707K->106582K(200988K), 0.0200520 secs] [Times: user=0.02 sys=0.00, real=0.02 secs] 
34.445: Total time for which application threads were stopped: 0.0202780 seconds, Stopping threads took: 0.0001480 seconds
34.471: Application time: 0.0259300 seconds
34.471: [GC34.471: [DefNew: 62463K->6912K(62464K), 0.0167190 secs] 162134K->113313K(200988K), 0.0167630 secs] [Times: user=0.02 sys=0.00, real=0.02 secs] 
34.488: Total time for which application threads were stopped: 0.0169720 seconds, Stopping threads took: 0.0001300 seconds
34.513: Application time: 0.0249230 seconds
34.513: [GC34.513: [DefNew: 62464K->5089K(62464K), 0.0133790 secs] 168865K->117648K(200988K), 0.0134200 secs] [Times: user=0.01 sys=0.00, real=0.01 secs] 
34.526: Total time for which application threads were stopped: 0.0136430 seconds, Stopping threads took: 0.0001280 seconds
34.549: Application time: 0.0227110 seconds
34.549: [GC34.549: [DefNew: 60641K->2323K(62464K), 0.0056480 secs] 173200K->119253K(200988K), 0.0056900 secs] [Times: user=0.00 sys=0.00, real=0.01 secs] 
34.555: Total time for which application threads were stopped: 0.0058520 seconds, Stopping threads took: 0.0000880 seconds
34.578: Application time: 0.0227310 seconds
34.578: [GC34.578: [DefNew: 57875K->6111K(62464K), 0.0074840 secs] 174805K->123041K(200988K), 0.0075260 secs] [Times: user=0.01 sys=0.00, real=0.01 secs] 
34.586: Total time for which application threads were stopped: 0.0077780 seconds, Stopping threads took: 0.0001580 seconds
34.607: Application time: 0.0218940 seconds
34.608: [GC34.608: [DefNew: 61663K->5206K(62464K), 0.0114530 secs] 178593K->127724K(200988K), 0.0114980 secs] [Times: user=0.01 sys=0.00, real=0.01 secs] 
34.619: Total time for which application threads were stopped: 0.0118560 seconds, Stopping threads took: 0.0002620 seconds
34.640: Application time: 0.0212040 seconds
34.641: [GC34.641: [DefNew: 60758K->3973K(62464K), 0.0093600 secs] 183276K->130987K(200988K), 0.0094020 secs] [Times: user=0.01 sys=0.00, real=0.01 secs] 
34.650: Total time for which application threads were stopped: 0.0096500 seconds, Stopping threads took: 0.0001540 seconds
34.672: Application time: 0.0214190 seconds
34.672: [GC34.672: [DefNew: 59525K->1215K(62464K), 0.0039590 secs] 186539K->130723K(200988K), 0.0039950 secs] [Times: user=0.01 sys=0.00, real=0.01 secs] 
34.676: Total time for which application threads were stopped: 0.0042420 seconds, Stopping threads took: 0.0001790 seconds
34.695: Application time: 0.0193840 seconds
34.695: [GC34.695: [DefNew: 56767K->4248K(62464K), 0.0050570 secs] 186275K->133755K(200988K), 0.0050930 secs] [Times: user=0.01 sys=0.00, real=0.00 secs] 
34.700: Total time for which application threads were stopped: 0.0052860 seconds, Stopping threads took: 0.0001140 seconds
34.720: Application time: 0.0194310 seconds
34.720: [GC34.720: [DefNew: 59800K->6911K(62464K), 0.0076120 secs] 189307K->138006K(200988K), 0.0076540 secs] [Times: user=0.01 sys=0.00, real=0.01 secs] 
34.728: Total time for which application threads were stopped: 0.0077940 seconds, Stopping threads took: 0.0000640 seconds
34.748: Application time: 0.0206300 seconds
34.748: [GC34.749: [DefNew: 62463K->6911K(62464K), 0.0172240 secs]34.766: [Tenured: 139348K->81001K(139484K), 0.1233560 secs] 193558K->81001K(201948K), [Perm : 8828K->8828K(21248K)], 0.1406940 secs] [Times: user=0.15 sys=0.00, real=0.14 secs] 
34.889: Total time for which application threads were stopped: 0.1408870 seconds, Stopping threads took: 0.0001200 seconds
34.912: Application time: 0.0230480 seconds
34.912: [GC34.912: [DefNew: 55552K->6911K(62464K), 0.0122810 secs] 136553K->90336K(200988K), 0.0123320 secs] [Times: user=0.01 sys=0.00, real=0.02 secs] 
34.925: Total time for which application threads were stopped: 0.0125260 seconds, Stopping threads took: 0.0001090 seconds
34.952: Application time: 0.0269440 seconds
34.952: [GC34.952: [DefNew: 62463K->6912K(62464K), 0.0281500 secs] 145888K->106897K(200988K), 0.0281970 secs] [Times: user=0.03 sys=0.00, real=0.03 secs] 
34.980: Total time for which application threads were stopped: 0.0284970 seconds, Stopping threads took: 0.0002070 seconds
35.010: Application time: 0.0294110 seconds
35.010: [GC35.010: [DefNew: 62464K->6912K(62464K), 0.0207890 secs] 162449K->114954K(200988K), 0.0208320 secs] [Times: user=0.02 sys=0.00, real=0.02 secs] 
35.031: Total time for which application threads were stopped: 0.0211290 seconds, Stopping threads took: 0.0002030 seconds
35.059: Application time: 0.0283410 seconds
35.059: [GC35.059: [DefNew: 62464K->6912K(62464K), 0.0180990 secs] 170506K->123888K(200988K), 0.0181420 secs] [Times: user=0.02 sys=0.00, real=0.02 secs] 
35.077: Total time for which application threads were stopped: 0.0183270 seconds, Stopping threads took: 0.0000910 seconds
35.104: Application time: 0.0270460 seconds
35.105: [GC35.105: [DefNew: 62464K->6912K(62464K), 0.0203650 secs] 179440K->133903K(200988K), 0.0204110 secs] [Times: user=0.02 sys=0.00, real=0.02 secs] 
35.125: Total time for which application threads were stopped: 0.0206800 seconds, Stopping threads took: 0.0001770 seconds
35.151: Application time: 0.0255500 seconds
35.151: [GC35.151: [DefNew: 62464K->6074K(62464K), 0.0121940 secs] 189455K->138652K(200988K), 0.0122380 secs] [Times: user=0.01 sys=0.00, real=0.01 secs] 
35.163: Total time for which application threads were stopped: 0.0123900 seconds, Stopping threads took: 0.0000700 seconds
35.186: Application time: 0.0232240 seconds
35.187: [GC35.187: [DefNew: 61626K->1793K(62464K), 0.0069280 secs] 194204K->139660K(200988K), 0.0069700 secs] [Times: user=0.00 sys=0.00, real=0.01 secs] 
35.194: Total time for which application threads were stopped: 0.0071950 seconds, Stopping threads took: 0.0001480 seconds
35.216: Application time: 0.0228510 seconds
35.217: [GC35.217: [DefNew: 57345K->6344K(62464K), 0.0073190 secs] 195212K->144211K(200988K), 0.0073610 secs] [Times: user=0.01 sys=0.00, real=0.00 secs] 
35.224: Total time for which application threads were stopped: 0.0076390 seconds, Stopping threads took: 0.0002030 seconds
35.246: Application time: 0.0218440 seconds
35.246: [GC35.246: [DefNew: 61896K->5199K(62464K), 0.0102320 secs]35.256: [Tenured: 143354K->84954K(143516K), 0.1290400 secs] 199763K->84954K(205980K), [Perm : 8828K->8828K(21248K)], 0.1394210 secs] [Times: user=0.14 sys=0.00, real=0.14 secs] 
35.386: Total time for which application threads were stopped: 0.1396110 seconds, Stopping threads took: 0.0001180 seconds
35.408: Application time: 0.0221160 seconds
35.408: [GC35.408: [DefNew: 56768K->4161K(63808K), 0.0053070 secs] 141722K->89115K(205400K), 0.0053460 secs] [Times: user=0.01 sys=0.00, real=0.01 secs] 
35.413: Total time for which application threads were stopped: 0.0055550 seconds, Stopping threads took: 0.0001290 seconds
35.435: Application time: 0.0217950 seconds
35.435: [GC35.435: [DefNew: 60929K->1212K(63808K), 0.0043030 secs] 145883K->89090K(205400K), 0.0043440 secs] [Times: user=0.00 sys=0.00, real=0.00 secs] 
35.440: Total time for which application threads were stopped: 0.0045530 seconds, Stopping threads took: 0.0001240 seconds
35.460: Application time: 0.0202480 seconds
35.460: [GC35.460: [DefNew: 57980K->3997K(63808K), 0.0047130 secs] 145858K->91875K(205400K), 0.0047530 secs] [Times: user=0.01 sys=0.00, real=0.01 secs] 
35.465: Total time for which application threads were stopped: 0.0049380 seconds, Stopping threads took: 0.0001140 seconds
35.484: Application time: 0.0197150 seconds
35.485: [GC35.485: [DefNew: 60765K->4894K(63808K), 0.0065250 secs] 148643K->93779K(205400K), 0.0065670 secs] [Times: user=0.01 sys=0.00, real=0.00 secs] 
35.491: Total time for which application threads were stopped: 0.0067540 seconds, Stopping threads took: 0.0001130 seconds
35.512: Application time: 0.0205830 seconds
35.512: [GC35.512: [DefNew: 61662K->7040K(63808K), 0.0120350 secs] 150547K->102274K(205400K), 0.0120780 secs] [Times: user=0.01 sys=0.00, real=0.01 secs] 
35.524: Total time for which application threads were stopped: 0.0122300 seconds, Stopping threads took: 0.0000760 seconds
35.547: Application time: 0.0229310 seconds
35.547: [GC35.547: [DefNew: 63808K->7040K(63808K), 0.0205780 secs] 159042K->112413K(205400K), 0.0206220 secs] [Times: user=0.02 sys=0.00, real=0.02 secs] 
35.568: Total time for which application threads were stopped: 0.0208040 seconds, Stopping threads took: 0.0001070 seconds
35.594: Application time: 0.0262180 seconds
35.594: [GC35.594: [DefNew: 63808K->7040K(63808K), 0.0212420 secs] 169181K->125957K(205400K), 0.0212840 secs] [Times: user=0.02 sys=0.00, real=0.02 secs] 
35.615: Total time for which application threads were stopped: 0.0215010 seconds, Stopping threads took: 0.0001430 seconds
35.645: Application time: 0.0292150 seconds
35.645: [GC35.645: [DefNew: 63808K->7040K(63808K), 0.0240560 secs] 182725K->136693K(205400K), 0.0240980 secs] [Times: user=0.02 sys=0.00, real=0.02 secs] 
35.669: Total time for which application threads were stopped: 0.0244410 seconds, Stopping threads took: 0.0002480 seconds
35.699: Application time: 0.0299790 seconds
35.701: [GC35.701: [DefNew: 63808K->7039K(63808K), 0.0210740 secs] 193461K->145600K(205400K), 0.0211190 secs] [Times: user=0.02 sys=0.00, real=0.02 secs] 
35.722: Total time for which application threads were stopped: 0.0227370 seconds, Stopping threads took: 0.0015240 seconds
35.750: Application time: 0.0276990 seconds
35.750: [GC35.750: [DefNew: 63807K->7039K(63808K), 0.0227230 secs]35.772: [Tenured: 148399K->81306K(148504K), 0.1176150 secs] 202368K->81306K(212312K), [Perm : 8828K->8828K(21248K)], 0.1405990 secs] [Times: user=0.14 sys=0.01, real=0.14 secs] 
35.890: Total time for which application threads were stopped: 0.1407400 seconds, Stopping threads took: 0.0000690 seconds
35.917: Application time: 0.0262480 seconds
35.921: [GC35.921: [DefNew: 56768K->6287K(63808K), 0.0080970 secs] 138074K->87593K(205400K), 0.0081410 secs] [Times: user=0.01 sys=0.00, real=0.01 secs] 
35.929: Total time for which application threads were stopped: 0.0123570 seconds, Stopping threads took: 0.0041400 seconds
35.953: Application time: 0.0235850 seconds
35.953: [GC35.953: [DefNew: 63055K->2935K(63808K), 0.0068720 secs] 144361K->88226K(205400K), 0.0069170 secs] [Times: user=0.00 sys=0.00, real=0.00 secs] 
35.960: Total time for which application threads were stopped: 0.0071900 seconds, Stopping threads took: 0.0001640 seconds
35.983: Application time: 0.0234500 seconds
35.983: [GC35.983: [DefNew: 59703K->7040K(63808K), 0.0080520 secs] 144994K->92791K(205400K), 0.0080950 secs] [Times: user=0.01 sys=0.00, real=0.01 secs] 
35.992: Total time for which application threads were stopped: 0.0084450 seconds, Stopping threads took: 0.0002530 seconds
36.015: Application time: 0.0229970 seconds
36.017: [GC36.017: [DefNew: 63808K->5974K(63808K), 0.0116650 secs] 149559K->98042K(205400K), 0.0117190 secs] [Times: user=0.02 sys=0.00, real=0.01 secs] 
36.028: Total time for which application threads were stopped: 0.0137050 seconds, Stopping threads took: 0.0019090 seconds
36.050: Application time: 0.0218930 seconds
36.050: [GC36.051: [DefNew: 62742K->2963K(63808K), 0.0080730 secs] 154810K->100311K(205400K), 0.0081170 secs] [Times: user=0.01 sys=0.00, real=0.01 secs] 
36.059: Total time for which application threads were stopped: 0.0084350 seconds, Stopping threads took: 0.0002310 seconds
36.081: Application time: 0.0219090 seconds
36.081: [GC36.081: [DefNew: 59731K->3311K(63808K), 0.0034400 secs] 157079K->100659K(205400K), 0.0034740 secs] [Times: user=0.01 sys=0.00, real=0.00 secs] 
36.084: Total time for which application threads were stopped: 0.0036940 seconds, Stopping threads took: 0.0001550 seconds
36.105: Application time: 0.0202970 seconds
36.105: [GC36.105: [DefNew: 60079K->5861K(63808K), 0.0057580 secs] 157427K->103209K(205400K), 0.0058010 secs] [Times: user=0.01 sys=0.00, real=0.00 secs] 
36.111: Total time for which application threads were stopped: 0.0059920 seconds, Stopping threads took: 0.0001130 seconds
36.130: Application time: 0.0198810 seconds
36.131: [GC36.131: [DefNew: 62629K->6791K(63808K), 0.0095620 secs] 159977K->107182K(205400K), 0.0096050 secs] [Times: user=0.01 sys=0.00, real=0.01 secs] 
36.140: Total time for which application threads were stopped: 0.0098770 seconds, Stopping threads took: 0.0001760 seconds
36.161: Application time: 0.0209860 seconds
36.161: [GC36.161: [DefNew: 63559K->7040K(63808K), 0.0119970 secs] 163950K->113697K(205400K), 0.0120440 secs] [Times: user=0.01 sys=0.00, real=0.02 secs] 
36.174: Total time for which application threads were stopped: 0.0122370 seconds, Stopping threads took: 0.0001170 seconds
36.197: Application time: 0.0232340 seconds
36.197: [GC36.197: [DefNew: 63808K->7040K(63808K), 0.0187090 secs] 170465K->121754K(205400K), 0.0187530 secs] [Times: user=0.02 sys=0.00, real=0.02 secs] 
36.216: Total time for which application threads were stopped: 0.0189180 seconds, Stopping threads took: 0.0000890 seconds
36.241: Application time: 0.0254950 seconds
36.241: [GC36.241: [DefNew: 63808K->7040K(63808K), 0.0230880 secs] 178522K->134036K(205400K), 0.0231350 secs] [Times: user=0.02 sys=0.00, real=0.03 secs] 
36.265: Total time for which application threads were stopped: 0.0233300 seconds, Stopping threads took: 0.0001230 seconds
36.293: Application time: 0.0287010 seconds
36.293: [GC36.293: [DefNew: 63808K->7040K(63808K), 0.0251630 secs] 190804K->146332K(205400K), 0.0252090 secs] [Times: user=0.03 sys=0.00, real=0.02 secs] 
36.319: Total time for which application threads were stopped: 0.0254540 seconds, Stopping threads took: 0.0001710 seconds
36.348: Application time: 0.0294910 seconds
36.348: [GC36.348: [DefNew: 63808K->7040K(63808K), 0.0219780 secs]36.370: [Tenured: 148713K->77151K(148888K), 0.1176990 secs] 203100K->77151K(212696K), [Perm : 8828K->8828K(21248K)], 0.1399440 secs] [Times: user=0.14 sys=0.00, real=0.14 secs] 
36.488: Total time for which application threads were stopped: 0.1401360 seconds, Stopping threads took: 0.0001180 seconds
36.515: Application time: 0.0271280 seconds
36.516: [GC36.516: [DefNew: 56768K->7039K(63808K), 0.0118540 secs] 133919K->86666K(205400K), 0.0118970 secs] [Times: user=0.01 sys=0.00, real=0.01 secs] 
36.528: Total time for which application threads were stopped: 0.0121650 seconds, Stopping threads took: 0.0001610 seconds
36.554: Application time: 0.0259710 seconds
36.554: [GC36.554: [DefNew: 63807K->6829K(63808K), 0.0164820 secs] 143434K->93115K(205400K), 0.0165250 secs] [Times: user=0.02 sys=0.00, real=0.01 secs] 
36.570: Total time for which application threads were stopped: 0.0167810 seconds, Stopping threads took: 0.0001810 seconds
36.595: Application time: 0.0248850 seconds
36.596: [GC36.596: [DefNew: 63597K->6020K(63808K), 0.0088170 secs] 149883K->97181K(205400K), 0.0088710 secs] [Times: user=0.00 sys=0.00, real=0.00 secs] 
36.604: Total time for which application threads were stopped: 0.0091520 seconds, Stopping threads took: 0.0001850 seconds
36.628: Application time: 0.0239340 seconds
36.629: [GC36.629: [DefNew: 62788K->3605K(63808K), 0.0080470 secs] 153949K->99356K(205400K), 0.0080900 secs] [Times: user=0.01 sys=0.00, real=0.01 secs] 
36.637: Total time for which application threads were stopped: 0.0082890 seconds, Stopping threads took: 0.0001220 seconds
36.661: Application time: 0.0245050 seconds
36.661: [GC36.661: [DefNew: 60373K->5751K(63808K), 0.0095890 secs] 156124K->104639K(205400K), 0.0096330 secs] [Times: user=0.01 sys=0.00, real=0.01 secs] 
36.671: Total time for which application threads were stopped: 0.0098220 seconds, Stopping threads took: 0.0001140 seconds
36.693: Application time: 0.0219810 seconds
36.693: [GC36.693: [DefNew: 62519K->2357K(63808K), 0.0075600 secs] 161407K->106506K(205400K), 0.0076010 secs] [Times: user=0.01 sys=0.00, real=0.00 secs] 
36.701: Total time for which application threads were stopped: 0.0077990 seconds, Stopping threads took: 0.0001220 seconds
36.722: Application time: 0.0214550 seconds
36.725: [GC36.725: [DefNew: 59125K->4972K(63808K), 0.0053160 secs] 163274K->109120K(205400K), 0.0053540 secs] [Times: user=0.01 sys=0.00, real=0.00 secs] 
36.730: Total time for which application threads were stopped: 0.0077830 seconds, Stopping threads took: 0.0023570 seconds
36.751: Application time: 0.0209160 seconds
36.751: [GC36.751: [DefNew: 61740K->2523K(63808K), 0.0044480 secs] 165888K->108923K(205400K), 0.0044910 secs] [Times: user=0.01 sys=0.00, real=0.01 secs] 
36.756: Total time for which application threads were stopped: 0.0047070 seconds, Stopping threads took: 0.0001390 seconds
36.776: Application time: 0.0203040 seconds
36.776: [GC36.776: [DefNew: 59291K->7040K(63808K), 0.0065270 secs] 165691K->114108K(205400K), 0.0065720 secs] [Times: user=0.00 sys=0.00, real=0.00 secs] 
36.783: Total time for which application threads were stopped: 0.0068010 seconds, Stopping threads took: 0.0001330 seconds
36.804: Application time: 0.0210560 seconds
36.804: [GC36.804: [DefNew: 63808K->7040K(63808K), 0.0185060 secs] 170876K->121976K(205400K), 0.0185520 secs] [Times: user=0.02 sys=0.00, real=0.02 secs] 
36.823: Total time for which application threads were stopped: 0.0187370 seconds, Stopping threads took: 0.0001070 seconds
36.846: Application time: 0.0229940 seconds
36.846: [GC36.846: [DefNew: 63808K->7039K(63808K), 0.0151590 secs] 178744K->129720K(205400K), 0.0152030 secs] [Times: user=0.02 sys=0.00, real=0.01 secs] 
36.861: Total time for which application threads were stopped: 0.0154150 seconds, Stopping threads took: 0.0001360 seconds
36.886: Application time: 0.0251410 seconds
36.886: [GC36.886: [DefNew: 63807K->7039K(63808K), 0.0178930 secs] 186488K->139898K(205400K), 0.0179390 secs] [Times: user=0.02 sys=0.00, real=0.01 secs] 
36.904: Total time for which application threads were stopped: 0.0182380 seconds, Stopping threads took: 0.0002010 seconds
36.932: Application time: 0.0273150 seconds
36.932: [GC36.932: [DefNew: 63807K->7040K(63808K), 0.0262950 secs]36.958: [Tenured: 146959K->81505K(146968K), 0.1176110 secs] 196666K->81505K(210776K), [Perm : 8828K->8828K(21248K)], 0.1441300 secs] [Times: user=0.14 sys=0.01, real=0.15 secs] 
37.076: Total time for which application threads were stopped: 0.1444700 seconds, Stopping threads took: 0.0002460 seconds
37.106: Application time: 0.0299550 seconds
37.106: [GC37.106: [DefNew: 56768K->7040K(63808K), 0.0132890 secs] 138273K->91520K(205400K), 0.0133330 secs] [Times: user=0.01 sys=0.00, real=0.01 secs] 
37.120: Total time for which application threads were stopped: 0.0134880 seconds, Stopping threads took: 0.0000690 seconds
37.147: Application time: 0.0271560 seconds
37.147: [GC37.147: [DefNew: 63808K->7040K(63808K), 0.0147880 secs] 148288K->98448K(205400K), 0.0148310 secs] [Times: user=0.01 sys=0.00, real=0.01 secs] 
37.162: Total time for which application threads were stopped: 0.0150360 seconds, Stopping threads took: 0.0001290 seconds
37.188: Application time: 0.0258480 seconds
37.188: [GC37.188: [DefNew: 63808K->6836K(63808K), 0.0099150 secs] 155216K->102844K(205400K), 0.0099670 secs] [Times: user=0.01 sys=0.00, real=0.01 secs] 
37.198: Total time for which application threads were stopped: 0.0101230 seconds, Stopping threads took: 0.0000770 seconds
37.223: Application time: 0.0252640 seconds
37.223: [GC37.223: [DefNew: 63604K->7039K(63808K), 0.0106960 secs] 159612K->106571K(205400K), 0.0107400 secs] [Times: user=0.01 sys=0.00, real=0.02 secs] 
37.234: Total time for which application threads were stopped: 0.0110950 seconds, Stopping threads took: 0.0002610 seconds
37.258: Application time: 0.0239340 seconds
37.258: [GC37.258: [DefNew: 63807K->5370K(63808K), 0.0113000 secs] 163339K->110608K(205400K), 0.0113440 secs] [Times: user=0.01 sys=0.00, real=0.01 secs] 
37.270: Total time for which application threads were stopped: 0.0115830 seconds, Stopping threads took: 0.0001640 seconds
37.295: Application time: 0.0249090 seconds
37.295: [GC37.295: [DefNew: 62138K->4909K(63808K), 0.0092340 secs] 167376K->114760K(205400K), 0.0092800 secs] [Times: user=0.01 sys=0.00, real=0.00 secs] 
37.304: Total time for which application threads were stopped: 0.0095040 seconds, Stopping threads took: 0.0001490 seconds
37.327: Application time: 0.0225140 seconds
37.327: [GC37.327: [DefNew: 61677K->1729K(63808K), 0.0056430 secs] 171528K->115626K(205400K), 0.0056840 secs] [Times: user=0.01 sys=0.00, real=0.00 secs] 
37.332: Total time for which application threads were stopped: 0.0058430 seconds, Stopping threads took: 0.0000810 seconds
37.354: Application time: 0.0215650 seconds
37.354: [GC37.354: [DefNew: 58497K->4545K(63808K), 0.0048400 secs] 172394K->118442K(205400K), 0.0048810 secs] [Times: user=0.00 sys=0.00, real=0.00 secs] 
37.359: Total time for which application threads were stopped: 0.0050250 seconds, Stopping threads took: 0.0000700 seconds
37.380: Application time: 0.0210820 seconds
37.380: [GC37.380: [DefNew: 61313K->3004K(63808K), 0.0052430 secs] 175210K->118591K(205400K), 0.0052810 secs] [Times: user=0.01 sys=0.00, real=0.01 secs] 
37.386: Total time for which application threads were stopped: 0.0054430 seconds, Stopping threads took: 0.0000890 seconds
37.405: Application time: 0.0196600 seconds
37.405: [GC37.405: [DefNew: 59772K->7039K(63808K), 0.0061750 secs] 175359K->123614K(205400K), 0.0062160 secs] [Times: user=0.01 sys=0.00, real=0.00 secs] 
37.412: Total time for which application threads were stopped: 0.0064160 seconds, Stopping threads took: 0.0001230 seconds
37.433: Application time: 0.0211280 seconds
37.433: [GC37.433: [DefNew: 63807K->7039K(63808K), 0.0174580 secs] 180382K->131754K(205400K), 0.0175020 secs] [Times: user=0.02 sys=0.00, real=0.01 secs] 
37.451: Total time for which application threads were stopped: 0.0178140 seconds, Stopping threads took: 0.0002160 seconds
37.474: Application time: 0.0229930 seconds
37.474: [GC37.474: [DefNew: 63807K->7039K(63808K), 0.0173480 secs] 188522K->138797K(205400K), 0.0173930 secs] [Times: user=0.02 sys=0.00, real=0.01 secs] 
37.491: Total time for which application threads were stopped: 0.0176060 seconds, Stopping threads took: 0.0001390 seconds
37.515: Application time: 0.0239980 seconds
37.515: [GC37.515: [DefNew: 63807K->7040K(63808K), 0.0153950 secs] 195565K->147419K(205400K), 0.0154400 secs] [Times: user=0.02 sys=0.00, real=0.01 secs] 
37.531: Total time for which application threads were stopped: 0.0157410 seconds, Stopping threads took: 0.0002060 seconds
37.558: Application time: 0.0271190 seconds
37.558: [GC37.558: [DefNew: 63808K->7040K(63808K), 0.0294640 secs]37.588: [Tenured: 155558K->80870K(155608K), 0.1169600 secs] 204187K->80870K(219416K), [Perm : 8828K->8828K(21248K)], 0.1468450 secs] [Times: user=0.15 sys=0.00, real=0.15 secs] 
37.705: Total time for which application threads were stopped: 0.1471410 seconds, Stopping threads took: 0.0002260 seconds
37.734: Application time: 0.0292240 seconds
37.735: [GC37.735: [DefNew: 56768K->7039K(63808K), 0.0111470 secs] 137638K->89143K(205400K), 0.0111920 secs] [Times: user=0.01 sys=0.00, real=0.01 secs] 
37.746: Total time for which application threads were stopped: 0.0114050 seconds, Stopping threads took: 0.0001240 seconds
37.774: Application time: 0.0279350 seconds
37.774: [GC37.774: [DefNew: 63807K->5366K(63808K), 0.0110730 secs] 145911K->93371K(205400K), 0.0111170 secs] [Times: user=0.01 sys=0.00, real=0.01 secs] 
37.785: Total time for which application threads were stopped: 0.0113230 seconds, Stopping threads took: 0.0001300 seconds
37.811: Application time: 0.0256110 seconds
37.811: [GC37.811: [DefNew: 62134K->7039K(63808K), 0.0136840 secs] 150139K->100076K(205400K), 0.0137260 secs] [Times: user=0.01 sys=0.00, real=0.02 secs] 
37.825: Total time for which application threads were stopped: 0.0139190 seconds, Stopping threads took: 0.0000980 seconds
37.850: Application time: 0.0255570 seconds
37.850: [GC37.850: [DefNew: 63807K->7039K(63808K), 0.0192230 secs] 156844K->109284K(205400K), 0.0192660 secs] [Times: user=0.02 sys=0.00, real=0.02 secs] 
37.870: Total time for which application threads were stopped: 0.0195790 seconds, Stopping threads took: 0.0002190 seconds
37.894: Application time: 0.0244710 seconds
37.894: [GC37.895: [DefNew: 63807K->4318K(63808K), 0.0120010 secs] 166052K->112891K(205400K), 0.0120430 secs] [Times: user=0.01 sys=0.00, real=0.01 secs] 
37.907: Total time for which application threads were stopped: 0.0123510 seconds, Stopping threads took: 0.0002140 seconds
37.932: Application time: 0.0251430 seconds
37.932: [GC37.932: [DefNew: 61086K->5291K(63808K), 0.0091350 secs] 169659K->117278K(205400K), 0.0091790 secs] [Times: user=0.01 sys=0.00, real=0.01 secs] 
37.941: Total time for which application threads were stopped: 0.0095320 seconds, Stopping threads took: 0.0002560 seconds
37.964: Application time: 0.0225400 seconds
37.964: [GC37.964: [DefNew: 62059K->1803K(63808K), 0.0060460 secs] 174046K->117947K(205400K), 0.0060890 secs] [Times: user=0.00 sys=0.00, real=0.01 secs] 
37.970: Total time for which application threads were stopped: 0.0062580 seconds, Stopping threads took: 0.0000840 seconds
37.991: Application time: 0.0212140 seconds
37.992: [GC37.992: [DefNew: 58571K->4387K(63808K), 0.0051510 secs] 174715K->120532K(205400K), 0.0051900 secs] [Times: user=0.01 sys=0.00, real=0.01 secs] 
37.997: Total time for which application threads were stopped: 0.0055850 seconds, Stopping threads took: 0.0003020 seconds
38.018: Application time: 0.0215610 seconds
38.019: [GC38.019: [DefNew: 61155K->2982K(63808K), 0.0058990 secs] 177300K->120778K(205400K), 0.0059390 secs] [Times: user=0.01 sys=0.00, real=0.01 secs] 
38.025: Total time for which application threads were stopped: 0.0061420 seconds, Stopping threads took: 0.0001090 seconds
38.045: Application time: 0.0200130 seconds
38.045: [GC38.045: [DefNew: 59738K->7040K(63808K), 0.0080530 secs] 177534K->126267K(205400K), 0.0080960 secs] [Times: user=0.00 sys=0.00, real=0.01 secs] 
38.053: Total time for which application threads were stopped: 0.0083250 seconds, Stopping threads took: 0.0001340 seconds
38.074: Application time: 0.0213640 seconds
38.074: [GC38.074: [DefNew: 63808K->7039K(63808K), 0.0163570 secs] 183035K->134815K(205400K), 0.0164010 secs] [Times: user=0.02 sys=0.00, real=0.01 secs] 
38.091: Total time for which application threads were stopped: 0.0166170 seconds, Stopping threads took: 0.0001410 seconds
38.113: Application time: 0.0225420 seconds
38.114: [GC38.114: [DefNew: 63807K->6569K(63808K), 0.0121490 secs] 191583K->140590K(205400K), 0.0121930 secs] [Times: user=0.01 sys=0.00, real=0.01 secs] 
38.126: Total time for which application threads were stopped: 0.0123820 seconds, Stopping threads took: 0.0001110 seconds
38.149: Application time: 0.0231190 seconds
38.149: [GC38.149: [DefNew: 63337K->7039K(63808K), 0.0134260 secs] 197358K->147535K(205400K), 0.0134700 secs] [Times: user=0.01 sys=0.00, real=0.01 secs] 
38.163: Total time for which application threads were stopped: 0.0137640 seconds, Stopping threads took: 0.0002000 seconds
38.189: Application time: 0.0266050 seconds
38.190: [GC38.190: [DefNew: 63807K->7040K(63808K), 0.0324790 secs]38.222: [Tenured: 156384K->80883K(156568K), 0.1166130 secs] 204303K->80883K(220376K), [Perm : 8828K->8828K(21248K)], 0.1495380 secs] [Times: user=0.15 sys=0.00, real=0.15 secs] 
38.339: Total time for which application threads were stopped: 0.1497850 seconds, Stopping threads took: 0.0001750 seconds
38.368: Application time: 0.0288540 seconds
38.368: [GC38.368: [DefNew: 56768K->7040K(63808K), 0.0162870 secs] 137651K->92792K(205400K), 0.0163300 secs] [Times: user=0.02 sys=0.00, real=0.02 secs] 
38.385: Total time for which application threads were stopped: 0.0166400 seconds, Stopping threads took: 0.0002040 seconds
38.411: Application time: 0.0268260 seconds
38.412: [GC38.412: [DefNew: 63808K->5032K(63808K), 0.0175150 secs] 149560K->97518K(205400K), 0.0175590 secs] [Times: user=0.01 sys=0.00, real=0.02 secs] 
38.429: Total time for which application threads were stopped: 0.0177930 seconds, Stopping threads took: 0.0001380 seconds
38.455: Application time: 0.0260470 seconds
38.455: [GC38.455: [DefNew: 61800K->7039K(63808K), 0.0108180 secs] 154286K->103501K(205400K), 0.0108630 secs] [Times: user=0.01 sys=0.00, real=0.01 secs] 
38.466: Total time for which application threads were stopped: 0.0110810 seconds, Stopping threads took: 0.0001410 seconds
38.492: Application time: 0.0261390 seconds
38.493: [GC38.493: [DefNew: 63807K->7039K(63808K), 0.0198960 secs] 160269K->113529K(205400K), 0.0199410 secs] [Times: user=0.02 sys=0.00, real=0.02 secs] 
38.513: Total time for which application threads were stopped: 0.0202540 seconds, Stopping threads took: 0.0002200 seconds
38.537: Application time: 0.0245270 seconds
38.538: [GC38.538: [DefNew: 63807K->4430K(63808K), 0.0121330 secs] 170297K->117272K(205400K), 0.0121770 secs] [Times: user=0.02 sys=0.00, real=0.01 secs] 
38.550: Total time for which application threads were stopped: 0.0125180 seconds, Stopping threads took: 0.0002480 seconds
38.575: Application time: 0.0251070 seconds
38.575: [GC38.575: [DefNew: 61198K->5064K(63808K), 0.0094330 secs] 174040K->121410K(205400K), 0.0094770 secs] [Times: user=0.01 sys=0.00, real=0.01 secs] 
38.585: Total time for which application threads were stopped: 0.0097000 seconds, Stopping threads took: 0.0001300 seconds
38.607: Application time: 0.0226420 seconds
38.607: [GC38.607: [DefNew: 61832K->2526K(63808K), 0.0056490 secs] 178178K->122507K(205400K), 0.0056920 secs] [Times: user=0.00 sys=0.00, real=0.01 secs] 
38.613: Total time for which application threads were stopped: 0.0058880 seconds, Stopping threads took: 0.0001190 seconds
38.635: Application time: 0.0217200 seconds
38.635: [GC38.635: [DefNew: 59294K->4828K(63808K), 0.0053790 secs] 179275K->124809K(205400K), 0.0054220 secs] [Times: user=0.01 sys=0.00, real=0.00 secs] 
38.641: Total time for which application threads were stopped: 0.0056440 seconds, Stopping threads took: 0.0001480 seconds
38.662: Application time: 0.0210570 seconds
38.662: [GC38.662: [DefNew: 61596K->3662K(63808K), 0.0056820 secs] 181577K->125242K(205400K), 0.0057220 secs] [Times: user=0.00 sys=0.00, real=0.01 secs] 
38.668: Total time for which application threads were stopped: 0.0059500 seconds, Stopping threads took: 0.0001560 seconds
38.688: Application time: 0.0201590 seconds
38.688: [GC38.688: [DefNew: 60430K->6552K(63808K), 0.0080820 secs] 182010K->130742K(205400K), 0.0081240 secs] [Times: user=0.01 sys=0.00, real=0.01 secs] 
38.696: Total time for which application threads were stopped: 0.0083410 seconds, Stopping threads took: 0.0001400 seconds
38.718: Application time: 0.0214890 seconds
38.718: [GC38.718: [DefNew: 63320K->7039K(63808K), 0.0154800 secs] 187510K->137082K(205400K), 0.0155200 secs] [Times: user=0.02 sys=0.00, real=0.02 secs] 
38.733: Total time for which application threads were stopped: 0.0157150 seconds, Stopping threads took: 0.0001200 seconds
38.756: Application time: 0.0226160 seconds
38.756: [GC38.756: [DefNew: 63807K->6243K(63808K), 0.0110080 secs] 193850K->142632K(205400K), 0.0110510 secs] [Times: user=0.01 sys=0.00, real=0.01 secs] 
38.767: Total time for which application threads were stopped: 0.0113760 seconds, Stopping threads took: 0.0002230 seconds
38.790: Application time: 0.0230570 seconds
38.790: [GC38.790: [DefNew: 63011K->6259K(63808K), 0.0119870 secs]38.802: [Tenured: 141822K->79102K(141976K), 0.1294490 secs] 199400K->79102K(205784K), [Perm : 8828K->8828K(21248K)], 0.1415290 secs] [Times: user=0.15 sys=0.00, real=0.14 secs] 
38.932: Total time for which application threads were stopped: 0.1417290 seconds, Stopping threads took: 0.0001270 seconds
38.958: Application time: 0.0261100 seconds
38.958: [GC38.958: [DefNew: 56768K->7040K(63808K), 0.0296050 secs] 135870K->99366K(205400K), 0.0296500 secs] [Times: user=0.03 sys=0.00, real=0.03 secs] 
38.988: Total time for which application threads were stopped: 0.0299100 seconds, Stopping threads took: 0.0001730 seconds
39.017: Application time: 0.0293610 seconds
39.018: [GC39.018: [DefNew: 63808K->7039K(63808K), 0.0185720 secs] 156134K->105748K(205400K), 0.0186180 secs] [Times: user=0.02 sys=0.00, real=0.02 secs] 
39.036: Total time for which application threads were stopped: 0.0189010 seconds, Stopping threads took: 0.0001880 seconds
39.063: Application time: 0.0268490 seconds
39.063: [GC39.063: [DefNew: 63807K->4592K(63808K), 0.0127220 secs] 162516K->109789K(205400K), 0.0127670 secs] [Times: user=0.02 sys=0.00, real=0.02 secs] 
39.076: Total time for which application threads were stopped: 0.0130030 seconds, Stopping threads took: 0.0001570 seconds
39.102: Application time: 0.0255960 seconds
39.102: [GC39.102: [DefNew: 61360K->7040K(63808K), 0.0135970 secs] 166557K->115311K(205400K), 0.0136400 secs] [Times: user=0.01 sys=0.00, real=0.02 secs] 
39.116: Total time for which application threads were stopped: 0.0138520 seconds, Stopping threads took: 0.0001340 seconds
39.141: Application time: 0.0257900 seconds
39.142: [GC39.142: [DefNew: 63808K->7039K(63808K), 0.0198460 secs] 172079K->125609K(205400K), 0.0198900 secs] [Times: user=0.02 sys=0.00, real=0.02 secs] 
39.161: Total time for which application threads were stopped: 0.0200610 seconds, Stopping threads took: 0.0000950 seconds
39.187: Application time: 0.0253330 seconds
39.187: [GC39.187: [DefNew: 63807K->5002K(63808K), 0.0113230 secs] 182377K->130133K(205400K), 0.0113640 secs] [Times: user=0.01 sys=0.00, real=0.01 secs] 
39.198: Total time for which application threads were stopped: 0.0115450 seconds, Stopping threads took: 0.0001080 seconds
39.223: Application time: 0.0249660 seconds
39.223: [GC39.223: [DefNew: 61770K->5007K(63808K), 0.0098890 secs] 186901K->134063K(205400K), 0.0099330 secs] [Times: user=0.01 sys=0.00, real=0.02 secs] 
39.233: Total time for which application threads were stopped: 0.0101150 seconds, Stopping threads took: 0.0001070 seconds
39.256: Application time: 0.0223870 seconds
39.256: [GC39.256: [DefNew: 61775K->2735K(63808K), 0.0064220 secs] 190831K->135341K(205400K), 0.0064650 secs] [Times: user=0.01 sys=0.00, real=0.00 secs] 
39.263: Total time for which application threads were stopped: 0.0066700 seconds, Stopping threads took: 0.0001280 seconds
39.284: Application time: 0.0216460 seconds
39.284: [GC39.284: [DefNew: 59503K->4647K(63808K), 0.0044260 secs] 192109K->137253K(205400K), 0.0044660 secs] [Times: user=0.01 sys=0.00, real=0.01 secs] 
39.289: Total time for which application threads were stopped: 0.0046390 seconds, Stopping threads took: 0.0000980 seconds
39.310: Application time: 0.0211380 seconds
39.310: [GC39.310: [DefNew: 61415K->4208K(63808K), 0.0072240 secs] 194021K->138188K(205400K), 0.0072640 secs] [Times: user=0.00 sys=0.00, real=0.01 secs] 
39.317: Total time for which application threads were stopped: 0.0074870 seconds, Stopping threads took: 0.0001480 seconds
39.338: Application time: 0.0205230 seconds
39.338: [GC39.338: [DefNew: 60976K->7040K(63808K), 0.0102800 secs] 194956K->145290K(205400K), 0.0103220 secs] [Times: user=0.01 sys=0.00, real=0.01 secs] 
39.348: Total time for which application threads were stopped: 0.0104820 seconds, Stopping threads took: 0.0000860 seconds
39.370: Application time: 0.0213820 seconds
39.370: [GC39.370: [DefNew: 63808K->7039K(63808K), 0.0168360 secs]39.387: [Tenured: 144647K->76308K(144664K), 0.1261150 secs] 202058K->76308K(208472K), [Perm : 8828K->8828K(21248K)], 0.1431500 secs] [Times: user=0.14 sys=0.00, real=0.15 secs] 
39.513: Total time for which application threads were stopped: 0.1433690 seconds, Stopping threads took: 0.0001260 seconds
39.535: Application time: 0.0222780 seconds
39.536: [GC39.536: [DefNew: 56768K->5333K(63808K), 0.0058630 secs] 133076K->81642K(205400K), 0.0059070 secs] [Times: user=0.00 sys=0.00, real=0.00 secs] 
39.542: Total time for which application threads were stopped: 0.0062460 seconds, Stopping threads took: 0.0002350 seconds
39.564: Application time: 0.0226010 seconds
39.564: [GC39.565: [DefNew: 62101K->7040K(63808K), 0.0115990 secs] 138410K->88358K(205400K), 0.0116420 secs] [Times: user=0.01 sys=0.00, real=0.01 secs] 
39.576: Total time for which application threads were stopped: 0.0118460 seconds, Stopping threads took: 0.0001200 seconds
39.602: Application time: 0.0258530 seconds
39.602: [GC39.602: [DefNew: 63808K->7039K(63808K), 0.0262450 secs] 145126K->102708K(205400K), 0.0263030 secs] [Times: user=0.03 sys=0.00, real=0.03 secs] 
39.629: Total time for which application threads were stopped: 0.0264900 seconds, Stopping threads took: 0.0001110 seconds
39.657: Application time: 0.0280720 seconds
39.657: [GC39.657: [DefNew: 63807K->7039K(63808K), 0.0212930 secs] 159476K->109564K(205400K), 0.0213360 secs] [Times: user=0.02 sys=0.00, real=0.02 secs] 
39.678: Total time for which application threads were stopped: 0.0216680 seconds, Stopping threads took: 0.0002400 seconds
39.706: Application time: 0.0273120 seconds
39.706: [GC39.706: [DefNew: 63807K->4973K(63808K), 0.0126270 secs] 166332K->114216K(205400K), 0.0126730 secs] [Times: user=0.01 sys=0.00, real=0.01 secs] 
39.719: Total time for which application threads were stopped: 0.0129340 seconds, Stopping threads took: 0.0001830 seconds
39.745: Application time: 0.0261730 seconds
39.749: [GC39.749: [DefNew: 61741K->7039K(63808K), 0.0120220 secs] 170984K->120252K(205400K), 0.0120650 secs] [Times: user=0.01 sys=0.00, real=0.01 secs] 
39.761: Total time for which application threads were stopped: 0.0162050 seconds, Stopping threads took: 0.0040460 seconds
39.788: Application time: 0.0268550 seconds
39.788: [GC39.788: [DefNew: 63807K->7040K(63808K), 0.0219090 secs] 177020K->128719K(205400K), 0.0219510 secs] [Times: user=0.02 sys=0.00, real=0.02 secs] 
39.810: Total time for which application threads were stopped: 0.0222030 seconds, Stopping threads took: 0.0001760 seconds
39.836: Application time: 0.0264480 seconds
39.837: [GC39.837: [DefNew: 63808K->5436K(63808K), 0.0149000 secs] 185487K->133520K(205400K), 0.0149420 secs] [Times: user=0.01 sys=0.00, real=0.01 secs] 
39.852: Total time for which application threads were stopped: 0.0152160 seconds, Stopping threads took: 0.0001780 seconds
39.877: Application time: 0.0251640 seconds
39.877: [GC39.877: [DefNew: 62204K->3938K(63808K), 0.0090970 secs] 190288K->136426K(205400K), 0.0091400 secs] [Times: user=0.01 sys=0.00, real=0.01 secs] 
39.886: Total time for which application threads were stopped: 0.0093880 seconds, Stopping threads took: 0.0001540 seconds
39.909: Application time: 0.0229090 seconds
39.909: [GC39.909: [DefNew: 60706K->3763K(63808K), 0.0073410 secs] 193194K->139127K(205400K), 0.0073840 secs] [Times: user=0.01 sys=0.00, real=0.01 secs] 
39.917: Total time for which application threads were stopped: 0.0077630 seconds, Stopping threads took: 0.0002840 seconds
39.939: Application time: 0.0219930 seconds
39.939: [GC39.939: [DefNew: 60531K->2726K(63808K), 0.0045310 secs] 195895K->139182K(205400K), 0.0045680 secs] [Times: user=0.00 sys=0.00, real=0.00 secs] 
39.944: Total time for which application threads were stopped: 0.0048240 seconds, Stopping threads took: 0.0001840 seconds
39.965: Application time: 0.0209950 seconds
39.965: [GC39.965: [DefNew: 59494K->5352K(63808K), 0.0051240 secs] 195950K->141809K(205400K), 0.0051770 secs] [Times: user=0.00 sys=0.00, real=0.00 secs] 
39.970: Total time for which application threads were stopped: 0.0053980 seconds, Stopping threads took: 0.0001260 seconds
39.991: Application time: 0.0207470 seconds
39.991: [GC39.991: [DefNew: 62120K->7040K(63808K), 0.0094360 secs] 198577K->146810K(205400K), 0.0094780 secs] [Times: user=0.01 sys=0.00, real=0.01 secs] 
40.001: Total time for which application threads were stopped: 0.0097830 seconds, Stopping threads took: 0.0002290 seconds
40.021: Application time: 0.0208560 seconds
40.022: [GC40.022: [DefNew: 63808K->6558K(63808K), 0.0158070 secs]40.038: [Tenured: 145708K->79878K(145816K), 0.1276110 secs] 203578K->79878K(209624K), [Perm : 8828K->8828K(21248K)], 0.1436500 secs] [Times: user=0.14 sys=0.00, real=0.15 secs] 
40.165: Total time for which application threads were stopped: 0.1438870 seconds, Stopping threads took: 0.0001460 seconds
40.187: Application time: 0.0216190 seconds
40.187: [GC40.187: [DefNew: 56768K->4303K(63808K), 0.0045110 secs] 136646K->84181K(205400K), 0.0045480 secs] [Times: user=0.01 sys=0.00, real=0.00 secs] 
40.192: Total time for which application threads were stopped: 0.0047730 seconds, Stopping threads took: 0.0001260 seconds
40.214: Application time: 0.0221180 seconds
40.214: [GC40.214: [DefNew: 61071K->5975K(63808K), 0.0094790 secs] 140949K->89386K(205400K), 0.0095230 secs] [Times: user=0.01 sys=0.00, real=0.00 secs] 
40.224: Total time for which application threads were stopped: 0.0098160 seconds, Stopping threads took: 0.0002160 seconds
40.248: Application time: 0.0247780 seconds
40.249: [GC40.249: [DefNew: 62743K->7039K(63808K), 0.0251450 secs] 146154K->104742K(205400K), 0.0251880 secs] [Times: user=0.03 sys=0.00, real=0.03 secs] 
40.274: Total time for which application threads were stopped: 0.0255090 seconds, Stopping threads took: 0.0002270 seconds
40.302: Application time: 0.0281520 seconds
40.302: [GC40.302: [DefNew: 63807K->7039K(63808K), 0.0207560 secs] 161510K->114812K(205400K), 0.0207990 secs] [Times: user=0.02 sys=0.00, real=0.02 secs] 
40.323: Total time for which application threads were stopped: 0.0210480 seconds, Stopping threads took: 0.0001740 seconds
40.350: Application time: 0.0272690 seconds
40.351: [GC40.351: [DefNew: 63807K->6919K(63808K), 0.0154710 secs] 171580K->118381K(205400K), 0.0155130 secs] [Times: user=0.02 sys=0.00, real=0.02 secs] 
40.366: Total time for which application threads were stopped: 0.0157790 seconds, Stopping threads took: 0.0001710 seconds
40.394: Application time: 0.0273200 seconds
40.394: [GC40.394: [DefNew: 63687K->7040K(63808K), 0.0168250 secs] 175149K->126107K(205400K), 0.0168680 secs] [Times: user=0.01 sys=0.00, real=0.01 secs] 
40.411: Total time for which application threads were stopped: 0.0171260 seconds, Stopping threads took: 0.0001630 seconds
40.437: Application time: 0.0267420 seconds
40.438: [GC40.438: [DefNew: 63808K->7040K(63808K), 0.0182500 secs] 182875K->132995K(205400K), 0.0182930 secs] [Times: user=0.01 sys=0.00, real=0.02 secs] 
40.456: Total time for which application threads were stopped: 0.0184890 seconds, Stopping threads took: 0.0001040 seconds
40.482: Application time: 0.0263640 seconds
40.483: [GC40.483: [DefNew: 63808K->6108K(63808K), 0.0134500 secs] 189763K->138649K(205400K), 0.0134960 secs] [Times: user=0.01 sys=0.00, real=0.02 secs] 
40.496: Total time for which application threads were stopped: 0.0138170 seconds, Stopping threads took: 0.0002250 seconds
40.522: Application time: 0.0254420 seconds
40.522: [GC40.522: [DefNew: 62876K->3193K(63808K), 0.0084580 secs] 195417K->139976K(205400K), 0.0085020 secs] [Times: user=0.01 sys=0.00, real=0.01 secs] 
40.530: Total time for which application threads were stopped: 0.0087680 seconds, Stopping threads took: 0.0001900 seconds
40.552: Application time: 0.0221490 seconds
40.553: [GC40.553: [DefNew: 59961K->5946K(63808K), 0.0055800 secs] 196744K->142729K(205400K), 0.0056230 secs] [Times: user=0.00 sys=0.00, real=0.00 secs] 
40.558: Total time for which application threads were stopped: 0.0058820 seconds, Stopping threads took: 0.0001650 seconds
40.580: Application time: 0.0218260 seconds
40.580: [GC40.580: [DefNew: 62714K->3540K(63808K), 0.0069030 secs] 199497K->143173K(205400K), 0.0069540 secs] [Times: user=0.00 sys=0.00, real=0.01 secs] 
40.587: Total time for which application threads were stopped: 0.0071720 seconds, Stopping threads took: 0.0001230 seconds
40.608: Application time: 0.0208450 seconds
40.608: [GC40.608: [DefNew: 60308K->4102K(63808K), 0.0043670 secs] 199941K->144103K(205400K), 0.0044070 secs] [Times: user=0.01 sys=0.00, real=0.01 secs] 
40.613: Total time for which application threads were stopped: 0.0046420 seconds, Stopping threads took: 0.0001630 seconds
40.633: Application time: 0.0204080 seconds
40.633: [GC40.633: [DefNew: 60870K->6889K(63808K), 0.0080780 secs]40.642: [Tenured: 141968K->78947K(141976K), 0.1225960 secs] 200871K->78947K(205784K), [Perm : 8830K->8830K(21248K)], 0.1307850 secs] [Times: user=0.13 sys=0.00, real=0.12 secs] 
40.764: Total time for which application threads were stopped: 0.1309840 seconds, Stopping threads took: 0.0001250 seconds
40.785: Application time: 0.0204700 seconds
40.785: [GC40.785: [DefNew: 56768K->7040K(63808K), 0.0084800 secs] 135715K->86170K(205400K), 0.0085260 secs] [Times: user=0.01 sys=0.00, real=0.01 secs] 
40.794: Total time for which application threads were stopped: 0.0088520 seconds, Stopping threads took: 0.0002200 seconds
40.815: Application time: 0.0216500 seconds
40.815: [GC40.815: [DefNew: 63808K->5550K(63808K), 0.0112640 secs] 142938K->91058K(205400K), 0.0113020 secs] [Times: user=0.02 sys=0.00, real=0.01 secs] 
40.827: Total time for which application threads were stopped: 0.0115440 seconds, Stopping threads took: 0.0001660 seconds
40.849: Application time: 0.0226440 seconds
40.850: [GC40.850: [DefNew: 62318K->4942K(63808K), 0.0110020 secs] 147826K->95182K(205400K), 0.0110460 secs] [Times: user=0.01 sys=0.00, real=0.01 secs] 
40.861: Total time for which application threads were stopped: 0.0113970 seconds, Stopping threads took: 0.0002560 seconds
40.886: Application time: 0.0249730 seconds
40.886: [GC40.886: [DefNew: 61710K->7040K(63808K), 0.0214180 secs] 151950K->111154K(205400K), 0.0214620 secs] [Times: user=0.02 sys=0.00, real=0.02 secs] 
40.908: Total time for which application threads were stopped: 0.0217180 seconds, Stopping threads took: 0.0001620 seconds
40.936: Application time: 0.0281920 seconds
40.936: [GC40.936: [DefNew: 63808K->7039K(63808K), 0.0214660 secs] 167922K->120442K(205400K), 0.0215120 secs] [Times: user=0.03 sys=0.00, real=0.02 secs] 
40.958: Total time for which application threads were stopped: 0.0218200 seconds, Stopping threads took: 0.0002160 seconds
40.985: Application time: 0.0270470 seconds
40.985: [GC40.985: [DefNew: 63807K->7039K(63808K), 0.0148000 secs] 177210K->127258K(205400K), 0.0148450 secs] [Times: user=0.02 sys=0.00, real=0.01 secs] 
41.000: Total time for which application threads were stopped: 0.0149890 seconds, Stopping threads took: 0.0000660 seconds
41.027: Application time: 0.0273610 seconds
41.027: [GC41.027: [DefNew: 63807K->7040K(63808K), 0.0184500 secs] 184026K->137724K(205400K), 0.0184940 secs] [Times: user=0.01 sys=0.00, real=0.02 secs] 
41.046: Total time for which application threads were stopped: 0.0186820 seconds, Stopping threads took: 0.0001130 seconds
41.072: Application time: 0.0263160 seconds
41.072: [GC41.072: [DefNew: 63808K->7039K(63808K), 0.0184910 secs] 194492K->144828K(205400K), 0.0185350 secs] [Times: user=0.02 sys=0.00, real=0.02 secs] 
41.091: Total time for which application threads were stopped: 0.0187910 seconds, Stopping threads took: 0.0001800 seconds
41.117: Application time: 0.0265690 seconds
41.117: [GC41.117: [DefNew: 63807K->6897K(63808K), 0.0141900 secs]41.132: [Tenured: 144253K->75819K(144280K), 0.1159480 secs] 201596K->75819K(208088K), [Perm : 8831K->8831K(21248K)], 0.1302980 secs] [Times: user=0.13 sys=0.00, real=0.13 secs] 
41.248: Total time for which application threads were stopped: 0.1304990 seconds, Stopping threads took: 0.0001280 seconds
41.274: Application time: 0.0259510 seconds
41.274: [GC41.274: [DefNew: 56768K->4261K(63808K), 0.0053730 secs] 132587K->80080K(205400K), 0.0054240 secs] [Times: user=0.01 sys=0.00, real=0.00 secs] 
41.279: Total time for which application threads were stopped: 0.0056950 seconds, Stopping threads took: 0.0001770 seconds
41.302: Application time: 0.0226300 seconds
41.302: [GC41.302: [DefNew: 61029K->3481K(63808K), 0.0063930 secs] 136848K->82425K(205400K), 0.0064370 secs] [Times: user=0.00 sys=0.00, real=0.01 secs] 
41.309: Total time for which application threads were stopped: 0.0067880 seconds, Stopping threads took: 0.0002420 seconds
41.330: Application time: 0.0216240 seconds
41.331: [GC41.331: [DefNew: 60249K->3107K(63808K), 0.0044420 secs] 139193K->82050K(205400K), 0.0044760 secs] [Times: user=0.00 sys=0.00, real=0.01 secs] 
41.335: Total time for which application threads were stopped: 0.0047230 seconds, Stopping threads took: 0.0001610 seconds
41.356: Application time: 0.0209830 seconds
41.356: [GC41.356: [DefNew: 59875K->4903K(63808K), 0.0048030 secs] 138818K->83847K(205400K), 0.0048430 secs] [Times: user=0.00 sys=0.00, real=0.00 secs] 
41.361: Total time for which application threads were stopped: 0.0050270 seconds, Stopping threads took: 0.0001100 seconds
41.382: Application time: 0.0206490 seconds
41.382: [GC41.382: [DefNew: 61671K->6213K(63808K), 0.0070780 secs] 140615K->88015K(205400K), 0.0071240 secs] [Times: user=0.01 sys=0.00, real=0.01 secs] 
41.389: Total time for which application threads were stopped: 0.0073410 seconds, Stopping threads took: 0.0001410 seconds
41.410: Application time: 0.0206470 seconds
41.410: [GC41.410: [DefNew: 62981K->7039K(63808K), 0.0140500 secs] 144783K->94177K(205400K), 0.0140940 secs] [Times: user=0.02 sys=0.00, real=0.01 secs] 
41.424: Total time for which application threads were stopped: 0.0142660 seconds, Stopping threads took: 0.0000940 seconds
41.446: Application time: 0.0222230 seconds
41.447: [GC41.447: [DefNew: 63807K->6397K(63808K), 0.0124670 secs] 150945K->99917K(205400K), 0.0125100 secs] [Times: user=0.02 sys=0.00, real=0.01 secs] 
41.459: Total time for which application threads were stopped: 0.0127880 seconds, Stopping threads took: 0.0001830 seconds
41.482: Application time: 0.0226050 seconds
41.482: [GC41.482: [DefNew: 63165K->4492K(63808K), 0.0111930 secs] 156685K->103526K(205400K), 0.0112360 secs] [Times: user=0.01 sys=0.00, real=0.02 secs] 
41.493: Total time for which application threads were stopped: 0.0114470 seconds, Stopping threads took: 0.0001140 seconds
41.517: Application time: 0.0241090 seconds
41.517: [GC41.517: [DefNew: 61260K->7039K(63808K), 0.0183070 secs] 160294K->117107K(205400K), 0.0183530 secs] [Times: user=0.02 sys=0.00, real=0.02 secs] 
41.536: Total time for which application threads were stopped: 0.0185240 seconds, Stopping threads took: 0.0000940 seconds
41.563: Application time: 0.0270460 seconds
41.563: [GC41.563: [DefNew: 63807K->7039K(63808K), 0.0220700 secs] 173875K->127124K(205400K), 0.0221100 secs] [Times: user=0.02 sys=0.00, real=0.03 secs] 
41.585: Total time for which application threads were stopped: 0.0223580 seconds, Stopping threads took: 0.0001550 seconds
41.613: Application time: 0.0275580 seconds
41.613: [GC41.613: [DefNew: 63807K->7039K(63808K), 0.0211850 secs] 183892K->134066K(205400K), 0.0212270 secs] [Times: user=0.02 sys=0.00, real=0.02 secs] 
41.634: Total time for which application threads were stopped: 0.0214460 seconds, Stopping threads took: 0.0001450 seconds
41.662: Application time: 0.0278770 seconds
41.662: [GC41.662: [DefNew: 63807K->7039K(63808K), 0.0143650 secs] 190834K->140840K(205400K), 0.0144070 secs] [Times: user=0.02 sys=0.00, real=0.02 secs] 
41.677: Total time for which application threads were stopped: 0.0145740 seconds, Stopping threads took: 0.0000900 seconds
41.704: Application time: 0.0269730 seconds
41.704: [GC41.704: [DefNew: 63807K->7040K(63808K), 0.0175940 secs] 197608K->148446K(205400K), 0.0176380 secs] [Times: user=0.02 sys=0.00, real=0.02 secs] 
41.722: Total time for which application threads were stopped: 0.0178180 seconds, Stopping threads took: 0.0001020 seconds
41.748: Application time: 0.0264330 seconds
41.748: [GC41.748: [DefNew: 63808K->7040K(63808K), 0.0143350 secs]41.763: [Tenured: 146759K->78217K(146776K), 0.1179980 secs] 205214K->78217K(210584K), [Perm : 8831K->8831K(21248K)], 0.1325690 secs] [Times: user=0.13 sys=0.00, real=0.13 secs] 
41.881: Total time for which application threads were stopped: 0.1327910 seconds, Stopping threads took: 0.0001490 seconds
41.907: Application time: 0.0261250 seconds
41.907: [GC41.907: [DefNew: 56768K->4439K(63808K), 0.0054870 secs] 134985K->82657K(205400K), 0.0055270 secs] [Times: user=0.01 sys=0.00, real=0.01 secs] 
41.913: Total time for which application threads were stopped: 0.0056860 seconds, Stopping threads took: 0.0000720 seconds
41.936: Application time: 0.0233330 seconds
41.936: [GC41.936: [DefNew: 61207K->3051K(63808K), 0.0057010 secs] 139425K->83433K(205400K), 0.0057440 secs] [Times: user=0.00 sys=0.00, real=0.00 secs] 
41.942: Total time for which application threads were stopped: 0.0058940 seconds, Stopping threads took: 0.0000730 seconds
41.963: Application time: 0.0213090 seconds
41.963: [GC41.963: [DefNew: 59819K->4809K(63808K), 0.0053360 secs] 140201K->85192K(205400K), 0.0053790 secs] [Times: user=0.01 sys=0.00, real=0.01 secs] 
41.969: Total time for which application threads were stopped: 0.0056340 seconds, Stopping threads took: 0.0001790 seconds
41.990: Application time: 0.0212010 seconds
41.990: [GC41.990: [DefNew: 61577K->2644K(63808K), 0.0046280 secs] 141960K->85063K(205400K), 0.0046660 secs] [Times: user=0.00 sys=0.00, real=0.01 secs] 
41.995: Total time for which application threads were stopped: 0.0049310 seconds, Stopping threads took: 0.0001940 seconds
42.016: Application time: 0.0208100 seconds
42.016: [GC42.016: [DefNew: 59412K->7039K(63808K), 0.0072120 secs] 141831K->90574K(205400K), 0.0072560 secs] [Times: user=0.01 sys=0.00, real=0.00 secs] 
42.023: Total time for which application threads were stopped: 0.0074750 seconds, Stopping threads took: 0.0001450 seconds
42.044: Application time: 0.0206050 seconds
42.044: [GC42.044: [DefNew: 63807K->6516K(63808K), 0.0124330 secs] 147342K->96123K(205400K), 0.0124730 secs] [Times: user=0.01 sys=0.00, real=0.02 secs] 
42.056: Total time for which application threads were stopped: 0.0126570 seconds, Stopping threads took: 0.0001090 seconds
42.079: Application time: 0.0224250 seconds
42.079: [GC42.079: [DefNew: 63284K->6021K(63808K), 0.0111980 secs] 152891K->101584K(205400K), 0.0112420 secs] [Times: user=0.01 sys=0.00, real=0.01 secs] 
42.090: Total time for which application threads were stopped: 0.0114320 seconds, Stopping threads took: 0.0001150 seconds
42.112: Application time: 0.0220030 seconds
42.112: [GC42.112: [DefNew: 62789K->4640K(63808K), 0.0099920 secs] 158352K->105445K(205400K), 0.0100360 secs] [Times: user=0.01 sys=0.00, real=0.01 secs] 
42.122: Total time for which application threads were stopped: 0.0101830 seconds, Stopping threads took: 0.0000690 seconds
42.146: Application time: 0.0237650 seconds
42.146: [GC42.146: [DefNew: 61408K->7040K(63808K), 0.0139320 secs] 162213K->115134K(205400K), 0.0139790 secs] [Times: user=0.01 sys=0.00, real=0.01 secs] 
42.160: Total time for which application threads were stopped: 0.0141550 seconds, Stopping threads took: 0.0001020 seconds
42.187: Application time: 0.0267470 seconds
42.187: [GC42.187: [DefNew: 63808K->7039K(63808K), 0.0284120 secs] 171902K->127445K(205400K), 0.0284570 secs] [Times: user=0.03 sys=0.00, real=0.03 secs] 
42.216: Total time for which application threads were stopped: 0.0287020 seconds, Stopping threads took: 0.0001510 seconds
42.244: Application time: 0.0276570 seconds
42.244: [GC42.244: [DefNew: 63807K->6711K(63808K), 0.0167130 secs] 184213K->133992K(205400K), 0.0167590 secs] [Times: user=0.02 sys=0.00, real=0.02 secs] 
42.260: Total time for which application threads were stopped: 0.0169170 seconds, Stopping threads took: 0.0000840 seconds
42.288: Application time: 0.0278450 seconds
42.288: [GC42.288: [DefNew: 63479K->7039K(63808K), 0.0166240 secs] 190760K->142884K(205400K), 0.0166740 secs] [Times: user=0.01 sys=0.00, real=0.02 secs] 
42.305: Total time for which application threads were stopped: 0.0168620 seconds, Stopping threads took: 0.0001060 seconds
42.332: Application time: 0.0267930 seconds
42.332: [GC42.332: [DefNew: 63807K->7039K(63808K), 0.0222430 secs]42.354: [Tenured: 148230K->85830K(148312K), 0.1226680 secs] 199652K->85830K(212120K), [Perm : 8831K->8831K(21248K)], 0.1451300 secs] [Times: user=0.14 sys=0.00, real=0.15 secs] 
42.477: Total time for which application threads were stopped: 0.1453600 seconds, Stopping threads took: 0.0001570 seconds
42.505: Application time: 0.0276780 seconds
42.505: [GC42.505: [DefNew: 57408K->7104K(64512K), 0.0128370 secs] 143238K->95112K(207564K), 0.0128800 secs] [Times: user=0.02 sys=0.00, real=0.01 secs] 
42.518: Total time for which application threads were stopped: 0.0131310 seconds, Stopping threads took: 0.0001620 seconds
42.544: Application time: 0.0260160 seconds
42.544: [GC42.544: [DefNew: 64512K->4820K(64512K), 0.0138010 secs] 152520K->99458K(207564K), 0.0138450 secs] [Times: user=0.02 sys=0.00, real=0.02 secs] 
42.558: Total time for which application threads were stopped: 0.0140490 seconds, Stopping threads took: 0.0001280 seconds
42.582: Application time: 0.0237570 seconds
42.582: [GC42.582: [DefNew: 62228K->2762K(64512K), 0.0044440 secs] 156866K->98445K(207564K), 0.0044810 secs] [Times: user=0.00 sys=0.00, real=0.01 secs] 
42.587: Total time for which application threads were stopped: 0.0046670 seconds, Stopping threads took: 0.0001170 seconds
42.608: Application time: 0.0212770 seconds
42.608: [GC42.608: [DefNew: 60170K->4669K(64512K), 0.0048990 secs] 155853K->100352K(207564K), 0.0049400 secs] [Times: user=0.01 sys=0.00, real=0.01 secs] 
42.613: Total time for which application threads were stopped: 0.0051340 seconds, Stopping threads took: 0.0001200 seconds
42.635: Application time: 0.0215880 seconds
42.635: [GC42.635: [DefNew: 62077K->2554K(64512K), 0.0060300 secs] 157760K->100669K(207564K), 0.0060670 secs] [Times: user=0.00 sys=0.00, real=0.00 secs] 
42.641: Total time for which application threads were stopped: 0.0065050 seconds, Stopping threads took: 0.0003460 seconds
42.662: Application time: 0.0209210 seconds
42.662: [GC42.662: [DefNew: 59962K->7103K(64512K), 0.0073240 secs] 158077K->106665K(207564K), 0.0073660 secs] [Times: user=0.01 sys=0.00, real=0.01 secs] 
42.670: Total time for which application threads were stopped: 0.0075370 seconds, Stopping threads took: 0.0000940 seconds
42.691: Application time: 0.0210520 seconds
42.691: [GC42.691: [DefNew: 64511K->6416K(64512K), 0.0150950 secs] 164073K->111823K(207564K), 0.0151370 secs] [Times: user=0.01 sys=0.00, real=0.02 secs] 
42.706: Total time for which application threads were stopped: 0.0154470 seconds, Stopping threads took: 0.0002340 seconds
42.729: Application time: 0.0226430 seconds
42.729: [GC42.729: [DefNew: 63824K->5336K(64512K), 0.0105590 secs] 169231K->116624K(207564K), 0.0106010 secs] [Times: user=0.01 sys=0.00, real=0.01 secs] 
42.740: Total time for which application threads were stopped: 0.0107630 seconds, Stopping threads took: 0.0000860 seconds
42.762: Application time: 0.0221350 seconds
42.762: [GC42.762: [DefNew: 62744K->5525K(64512K), 0.0117020 secs] 174032K->121385K(207564K), 0.0117510 secs] [Times: user=0.01 sys=0.00, real=0.02 secs] 
42.774: Total time for which application threads were stopped: 0.0119820 seconds, Stopping threads took: 0.0001500 seconds
42.797: Application time: 0.0232440 seconds
42.797: [GC42.797: [DefNew: 62933K->7104K(64512K), 0.0119730 secs] 178793K->128818K(207564K), 0.0120140 secs] [Times: user=0.01 sys=0.00, real=0.01 secs] 
42.809: Total time for which application threads were stopped: 0.0122030 seconds, Stopping threads took: 0.0001150 seconds
42.835: Application time: 0.0262740 seconds
42.836: [GC42.836: [DefNew: 64512K->7103K(64512K), 0.0249520 secs] 186226K->143858K(207564K), 0.0249950 secs] [Times: user=0.02 sys=0.00, real=0.02 secs] 
42.861: Total time for which application threads were stopped: 0.0252340 seconds, Stopping threads took: 0.0001450 seconds
42.888: Application time: 0.0273980 seconds
42.888: [GC42.888: [DefNew: 64511K->7104K(64512K), 0.0203600 secs]42.909: [Tenured: 144768K->83169K(144780K), 0.1285520 secs] 201266K->83169K(209292K), [Perm : 8831K->8831K(21248K)], 0.1490520 secs] [Times: user=0.15 sys=0.00, real=0.15 secs] 
43.037: Total time for which application threads were stopped: 0.1492840 seconds, Stopping threads took: 0.0001440 seconds
43.066: Application time: 0.0283600 seconds
43.066: [GC43.066: [DefNew: 57408K->7103K(64512K), 0.0166220 secs] 140577K->94354K(207564K), 0.0166670 secs] [Times: user=0.02 sys=0.00, real=0.01 secs] 
43.083: Total time for which application threads were stopped: 0.0170590 seconds, Stopping threads took: 0.0002820 seconds
43.111: Application time: 0.0281140 seconds
43.111: [GC43.111: [DefNew: 64511K->7103K(64512K), 0.0291790 secs] 151762K->107201K(207564K), 0.0292230 secs] [Times: user=0.03 sys=0.00, real=0.03 secs] 
43.140: Total time for which application threads were stopped: 0.0295360 seconds, Stopping threads took: 0.0002400 seconds
43.169: Application time: 0.0282270 seconds
43.169: [GC43.169: [DefNew: 64511K->6847K(64512K), 0.0153070 secs] 164609K->113440K(207564K), 0.0153490 secs] [Times: user=0.02 sys=0.00, real=0.01 secs] 
43.184: Total time for which application threads were stopped: 0.0155190 seconds, Stopping threads took: 0.0000940 seconds
43.210: Application time: 0.0258060 seconds
43.210: [GC43.210: [DefNew: 64255K->2552K(64512K), 0.0081310 secs] 170848K->115553K(207564K), 0.0081760 secs] [Times: user=0.01 sys=0.00, real=0.01 secs] 
43.218: Total time for which application threads were stopped: 0.0083810 seconds, Stopping threads took: 0.0001290 seconds
43.242: Application time: 0.0234690 seconds
43.242: [GC43.242: [DefNew: 59960K->4466K(64512K), 0.0053420 secs] 172961K->117467K(207564K), 0.0053820 secs] [Times: user=0.01 sys=0.00, real=0.01 secs] 
43.247: Total time for which application threads were stopped: 0.0055730 seconds, Stopping threads took: 0.0001180 seconds
43.269: Application time: 0.0216180 seconds
43.269: [GC43.269: [DefNew: 61874K->4593K(64512K), 0.0053100 secs] 174875K->118684K(207564K), 0.0053470 secs] [Times: user=0.00 sys=0.00, real=0.01 secs] 
43.274: Total time for which application threads were stopped: 0.0055160 seconds, Stopping threads took: 0.0000980 seconds
43.296: Application time: 0.0213580 seconds
43.296: [GC43.296: [DefNew: 62001K->2099K(64512K), 0.0048570 secs] 176092K->118103K(207564K), 0.0048940 secs] [Times: user=0.01 sys=0.00, real=0.00 secs] 
43.301: Total time for which application threads were stopped: 0.0050950 seconds, Stopping threads took: 0.0001100 seconds
43.322: Application time: 0.0206980 seconds
43.322: [GC43.322: [DefNew: 59507K->7103K(64512K), 0.0091170 secs] 175511K->125815K(207564K), 0.0091600 secs] [Times: user=0.01 sys=0.00, real=0.01 secs] 
43.331: Total time for which application threads were stopped: 0.0094390 seconds, Stopping threads took: 0.0002050 seconds
43.352: Application time: 0.0210330 seconds
43.352: [GC43.352: [DefNew: 64511K->5134K(64512K), 0.0115720 secs] 183223K->129715K(207564K), 0.0116170 secs] [Times: user=0.01 sys=0.00, real=0.01 secs] 
43.364: Total time for which application threads were stopped: 0.0118480 seconds, Stopping threads took: 0.0001530 seconds
43.386: Application time: 0.0225000 seconds
43.387: [GC43.387: [DefNew: 62542K->5259K(64512K), 0.0094290 secs] 187123K->134678K(207564K), 0.0094740 secs] [Times: user=0.01 sys=0.00, real=0.01 secs] 
43.396: Total time for which application threads were stopped: 0.0096550 seconds, Stopping threads took: 0.0001060 seconds
43.418: Application time: 0.0215290 seconds
43.418: [GC43.418: [DefNew: 62667K->4153K(64512K), 0.0084520 secs] 192086K->138158K(207564K), 0.0084940 secs] [Times: user=0.00 sys=0.00, real=0.01 secs] 
43.426: Total time for which application threads were stopped: 0.0087170 seconds, Stopping threads took: 0.0001480 seconds
43.450: Application time: 0.0235440 seconds
43.450: [GC43.450: [DefNew: 61561K->7104K(64512K), 0.0172120 secs] 195566K->148818K(207564K), 0.0172640 secs] [Times: user=0.02 sys=0.00, real=0.02 secs] 
43.467: Total time for which application threads were stopped: 0.0174860 seconds, Stopping threads took: 0.0001250 seconds
43.493: Application time: 0.0257760 seconds
43.493: [GC43.493: [DefNew: 64512K->7103K(64512K), 0.0263740 secs]43.520: [Tenured: 153991K->76024K(153996K), 0.1177390 secs] 206226K->76024K(218508K), [Perm : 8831K->8831K(21248K)], 0.1444580 secs] [Times: user=0.15 sys=0.00, real=0.14 secs] 
43.638: Total time for which application threads were stopped: 0.1447430 seconds, Stopping threads took: 0.0001950 seconds
43.666: Application time: 0.0284750 seconds
43.667: [GC43.667: [DefNew: 57408K->7103K(64512K), 0.0107770 secs] 133432K->85543K(207564K), 0.0108210 secs] [Times: user=0.01 sys=0.00, real=0.01 secs] 
43.677: Total time for which application threads were stopped: 0.0110240 seconds, Stopping threads took: 0.0001160 seconds
43.706: Application time: 0.0284570 seconds
43.706: [GC43.706: [DefNew: 64511K->7103K(64512K), 0.0169170 secs] 142951K->93602K(207564K), 0.0169620 secs] [Times: user=0.02 sys=0.00, real=0.01 secs] 
43.723: Total time for which application threads were stopped: 0.0171010 seconds, Stopping threads took: 0.0000610 seconds
43.752: Application time: 0.0286480 seconds
43.752: [GC43.752: [DefNew: 64511K->7104K(64512K), 0.0261960 secs] 151010K->104636K(207564K), 0.0262410 secs] [Times: user=0.03 sys=0.00, real=0.03 secs] 
43.778: Total time for which application threads were stopped: 0.0266740 seconds, Stopping threads took: 0.0003390 seconds
43.806: Application time: 0.0277010 seconds
43.806: [GC43.806: [DefNew: 64512K->6469K(64512K), 0.0175640 secs] 162044K->110528K(207564K), 0.0176060 secs] [Times: user=0.02 sys=0.00, real=0.01 secs] 
43.824: Total time for which application threads were stopped: 0.0178270 seconds, Stopping threads took: 0.0001450 seconds
43.851: Application time: 0.0268710 seconds
43.851: [GC43.851: [DefNew: 63877K->2852K(64512K), 0.0063640 secs] 167936K->111186K(207564K), 0.0064090 secs] [Times: user=0.01 sys=0.00, real=0.01 secs] 
43.857: Total time for which application threads were stopped: 0.0065740 seconds, Stopping threads took: 0.0000900 seconds
43.880: Application time: 0.0228280 seconds
43.880: [GC43.880: [DefNew: 60260K->3273K(64512K), 0.0033070 secs] 168594K->111607K(207564K), 0.0033410 secs] [Times: user=0.00 sys=0.00, real=0.00 secs] 
43.884: Total time for which application threads were stopped: 0.0035100 seconds, Stopping threads took: 0.0001020 seconds
43.905: Application time: 0.0211950 seconds
43.905: [GC43.905: [DefNew: 60681K->4950K(64512K), 0.0050410 secs] 169015K->113284K(207564K), 0.0050810 secs] [Times: user=0.01 sys=0.00, real=0.00 secs] 
43.910: Total time for which application threads were stopped: 0.0052810 seconds, Stopping threads took: 0.0001300 seconds
43.931: Application time: 0.0210190 seconds
43.931: [GC43.931: [DefNew: 62358K->5023K(64512K), 0.0059870 secs] 170692K->115029K(207564K), 0.0060290 secs] [Times: user=0.00 sys=0.00, real=0.01 secs] 
43.937: Total time for which application threads were stopped: 0.0062160 seconds, Stopping threads took: 0.0001130 seconds
43.958: Application time: 0.0207160 seconds
43.958: [GC43.958: [DefNew: 62431K->7103K(64512K), 0.0114680 secs] 172437K->122323K(207564K), 0.0115140 secs] [Times: user=0.01 sys=0.00, real=0.01 secs] 
43.970: Total time for which application threads were stopped: 0.0116950 seconds, Stopping threads took: 0.0001050 seconds
43.991: Application time: 0.0211430 seconds
43.991: [GC43.991: [DefNew: 64511K->4076K(64512K), 0.0093140 secs] 179731K->125306K(207564K), 0.0093660 secs] [Times: user=0.01 sys=0.00, real=0.01 secs] 
44.001: Total time for which application threads were stopped: 0.0095630 seconds, Stopping threads took: 0.0001200 seconds
44.023: Application time: 0.0222040 seconds
44.023: [GC44.023: [DefNew: 61484K->5505K(64512K), 0.0089620 secs] 182714K->130558K(207564K), 0.0090040 secs] [Times: user=0.01 sys=0.00, real=0.01 secs] 
44.032: Total time for which application threads were stopped: 0.0092270 seconds, Stopping threads took: 0.0001360 seconds
44.054: Application time: 0.0216940 seconds
44.054: [GC44.054: [DefNew: 62913K->3808K(64512K), 0.0076790 secs] 187966K->133164K(207564K), 0.0077220 secs] [Times: user=0.01 sys=0.00, real=0.00 secs] 
44.062: Total time for which application threads were stopped: 0.0078780 seconds, Stopping threads took: 0.0000830 seconds
44.085: Application time: 0.0239640 seconds
44.086: [GC44.086: [DefNew: 61216K->7104K(64512K), 0.0232480 secs] 190572K->149808K(207564K), 0.0232910 secs] [Times: user=0.03 sys=0.00, real=0.02 secs] 
44.109: Total time for which application threads were stopped: 0.0234730 seconds, Stopping threads took: 0.0001090 seconds
44.136: Application time: 0.0268830 seconds
44.136: [GC44.136: [DefNew: 64512K->7103K(64512K), 0.0260670 secs]44.162: [Tenured: 152524K->76766K(152652K), 0.1278070 secs] 207216K->76766K(217164K), [Perm : 8831K->8831K(21248K)], 0.1542240 secs] [Times: user=0.15 sys=0.00, real=0.15 secs] 
44.290: Total time for which application threads were stopped: 0.1545350 seconds, Stopping threads took: 0.0002200 seconds
44.319: Application time: 0.0285660 seconds
44.319: [GC44.319: [DefNew: 57408K->7103K(64512K), 0.0108880 secs] 134174K->85965K(207564K), 0.0109330 secs] [Times: user=0.01 sys=0.00, real=0.01 secs] 
44.330: Total time for which application threads were stopped: 0.0112110 seconds, Stopping threads took: 0.0001890 seconds
44.358: Application time: 0.0282070 seconds
44.359: [GC44.359: [DefNew: 64511K->7103K(64512K), 0.0187860 secs] 143373K->96318K(207564K), 0.0188270 secs] [Times: user=0.01 sys=0.00, real=0.02 secs] 
44.377: Total time for which application threads were stopped: 0.0190670 seconds, Stopping threads took: 0.0001630 seconds
44.405: Application time: 0.0278190 seconds
44.405: [GC44.405: [DefNew: 64511K->7103K(64512K), 0.0195480 secs] 153726K->107105K(207564K), 0.0195930 secs] [Times: user=0.02 sys=0.00, real=0.02 secs] 
44.425: Total time for which application threads were stopped: 0.0197670 seconds, Stopping threads took: 0.0000990 seconds
44.453: Application time: 0.0278480 seconds
44.453: [GC44.453: [DefNew: 64511K->4864K(64512K), 0.0156320 secs] 164513K->111218K(207564K), 0.0156750 secs] [Times: user=0.01 sys=0.00, real=0.01 secs] 
44.469: Total time for which application threads were stopped: 0.0159140 seconds, Stopping threads took: 0.0001630 seconds
44.494: Application time: 0.0254520 seconds
44.495: [GC44.495: [DefNew: 62272K->3205K(64512K), 0.0073670 secs] 168626K->112198K(207564K), 0.0074090 secs] [Times: user=0.01 sys=0.00, real=0.00 secs] 
44.502: Total time for which application threads were stopped: 0.0077210 seconds, Stopping threads took: 0.0002380 seconds
44.525: Application time: 0.0227730 seconds
44.525: [GC44.525: [DefNew: 60613K->4927K(64512K), 0.0046990 secs] 169606K->113920K(207564K), 0.0047410 secs] [Times: user=0.00 sys=0.00, real=0.00 secs] 
44.530: Total time for which application threads were stopped: 0.0049090 seconds, Stopping threads took: 0.0000920 seconds
44.551: Application time: 0.0214210 seconds
44.551: [GC44.551: [DefNew: 62335K->2984K(64512K), 0.0049200 secs] 171328K->113819K(207564K), 0.0049590 secs] [Times: user=0.00 sys=0.00, real=0.01 secs] 
44.556: Total time for which application threads were stopped: 0.0051780 seconds, Stopping threads took: 0.0001460 seconds
44.578: Application time: 0.0214000 seconds
44.578: [GC44.578: [DefNew: 60392K->6991K(64512K), 0.0059840 secs] 171227K->117826K(207564K), 0.0060250 secs] [Times: user=0.01 sys=0.00, real=0.00 secs] 
44.584: Total time for which application threads were stopped: 0.0062130 seconds, Stopping threads took: 0.0001140 seconds
44.605: Application time: 0.0213940 seconds
44.605: [GC44.605: [DefNew: 64399K->7104K(64512K), 0.0131500 secs] 175234K->124464K(207564K), 0.0131910 secs] [Times: user=0.01 sys=0.00, real=0.01 secs] 
44.619: Total time for which application threads were stopped: 0.0133840 seconds, Stopping threads took: 0.0001190 seconds
44.641: Application time: 0.0218750 seconds
44.641: [GC44.641: [DefNew: 64512K->2355K(64512K), 0.0092840 secs] 181872K->126146K(207564K), 0.0093370 secs] [Times: user=0.01 sys=0.00, real=0.01 secs] 
44.650: Total time for which application threads were stopped: 0.0095380 seconds, Stopping threads took: 0.0001280 seconds
44.672: Application time: 0.0214550 seconds
44.672: [GC44.672: [DefNew: 59763K->7103K(64512K), 0.0075290 secs] 183554K->132220K(207564K), 0.0075710 secs] [Times: user=0.00 sys=0.00, real=0.01 secs] 
44.679: Total time for which application threads were stopped: 0.0077220 seconds, Stopping threads took: 0.0000750 seconds
44.704: Application time: 0.0245290 seconds
44.704: [GC44.704: [DefNew: 64511K->7103K(64512K), 0.0211110 secs] 189628K->138878K(207564K), 0.0211560 secs] [Times: user=0.02 sys=0.00, real=0.03 secs] 
44.725: Total time for which application threads were stopped: 0.0213650 seconds, Stopping threads took: 0.0001030 seconds
44.750: Application time: 0.0249200 seconds
44.750: [GC44.750: [DefNew: 64511K->7103K(64512K), 0.0204740 secs] 196286K->148756K(207564K), 0.0205230 secs] [Times: user=0.02 sys=0.00, real=0.02 secs] 
44.771: Total time for which application threads were stopped: 0.0207400 seconds, Stopping threads took: 0.0001240 seconds
44.797: Application time: 0.0256990 seconds
44.797: [GC44.797: [DefNew: 64511K->7104K(64512K), 0.0212190 secs]44.818: [Tenured: 150227K->75300K(150348K), 0.1154210 secs] 206164K->75300K(214860K), [Perm : 8831K->8831K(21248K)], 0.1369180 secs] [Times: user=0.13 sys=0.00, real=0.14 secs] 
44.934: Total time for which application threads were stopped: 0.1371830 seconds, Stopping threads took: 0.0001730 seconds
44.962: Application time: 0.0279010 seconds
44.962: [GC44.962: [DefNew: 57408K->7104K(64512K), 0.0197300 secs] 132708K->89160K(207564K), 0.0197750 secs] [Times: user=0.02 sys=0.00, real=0.02 secs] 
44.982: Total time for which application threads were stopped: 0.0201300 seconds, Stopping threads took: 0.0002480 seconds
45.012: Application time: 0.0297790 seconds
45.012: [GC45.012: [DefNew: 64512K->7104K(64512K), 0.0244690 secs] 146568K->100467K(207564K), 0.0245140 secs] [Times: user=0.02 sys=0.00, real=0.03 secs] 
45.036: Total time for which application threads were stopped: 0.0247930 seconds, Stopping threads took: 0.0001850 seconds
45.065: Application time: 0.0284300 seconds
45.065: [GC45.065: [DefNew: 64512K->7103K(64512K), 0.0239640 secs] 157875K->109636K(207564K), 0.0240080 secs] [Times: user=0.02 sys=0.00, real=0.02 secs] 
45.089: Total time for which application threads were stopped: 0.0243400 seconds, Stopping threads took: 0.0002400 seconds
45.116: Application time: 0.0268470 seconds
45.116: [GC45.116: [DefNew: 64511K->5932K(64512K), 0.0143950 secs] 167044K->114999K(207564K), 0.0144380 secs] [Times: user=0.02 sys=0.00, real=0.01 secs] 
45.131: Total time for which application threads were stopped: 0.0147350 seconds, Stopping threads took: 0.0002200 seconds
45.156: Application time: 0.0250960 seconds
45.156: [GC45.156: [DefNew: 63340K->4612K(64512K), 0.0087080 secs] 172407K->116685K(207564K), 0.0087510 secs] [Times: user=0.01 sys=0.00, real=0.01 secs] 
45.165: Total time for which application threads were stopped: 0.0091440 seconds, Stopping threads took: 0.0003170 seconds
45.188: Application time: 0.0229060 seconds
45.188: [GC45.188: [DefNew: 62020K->1784K(64512K), 0.0041140 secs] 174093K->116714K(207564K), 0.0041510 secs] [Times: user=0.00 sys=0.00, real=0.00 secs] 
45.192: Total time for which application threads were stopped: 0.0042940 seconds, Stopping threads took: 0.0000710 seconds
45.214: Application time: 0.0217660 seconds
45.214: [GC45.214: [DefNew: 59192K->2226K(64512K), 0.0027760 secs] 174122K->117156K(207564K), 0.0028080 secs] [Times: user=0.00 sys=0.00, real=0.00 secs] 
45.217: Total time for which application threads were stopped: 0.0030560 seconds, Stopping threads took: 0.0001850 seconds
45.238: Application time: 0.0207660 seconds
45.238: [GC45.238: [DefNew: 59634K->6629K(64512K), 0.0058140 secs] 174564K->121559K(207564K), 0.0058540 secs] [Times: user=0.00 sys=0.00, real=0.00 secs] 
45.244: Total time for which application threads were stopped: 0.0060410 seconds, Stopping threads took: 0.0001040 seconds
45.265: Application time: 0.0208600 seconds
45.265: [GC45.265: [DefNew: 64037K->6240K(64512K), 0.0117760 secs] 178967K->127020K(207564K), 0.0118190 secs] [Times: user=0.01 sys=0.00, real=0.01 secs] 
45.277: Total time for which application threads were stopped: 0.0120330 seconds, Stopping threads took: 0.0001390 seconds
45.298: Application time: 0.0214540 seconds
45.298: [GC45.298: [DefNew: 63648K->3158K(64512K), 0.0089650 secs] 184428K->129418K(207564K), 0.0090070 secs] [Times: user=0.01 sys=0.00, real=0.01 secs] 
45.307: Total time for which application threads were stopped: 0.0092720 seconds, Stopping threads took: 0.0001710 seconds
45.329: Application time: 0.0217350 seconds
45.329: [GC45.329: [DefNew: 60566K->7104K(64512K), 0.0088600 secs] 186826K->134881K(207564K), 0.0089020 secs] [Times: user=0.01 sys=0.00, real=0.01 secs] 
45.338: Total time for which application threads were stopped: 0.0091590 seconds, Stopping threads took: 0.0001620 seconds
45.360: Application time: 0.0219240 seconds
45.360: [GC45.360: [DefNew: 64512K->7103K(64512K), 0.0161610 secs] 192289K->143164K(207564K), 0.0162050 secs] [Times: user=0.01 sys=0.00, real=0.02 secs] 
45.377: Total time for which application threads were stopped: 0.0163910 seconds, Stopping threads took: 0.0001100 seconds
45.401: Application time: 0.0241570 seconds
45.405: [GC45.405: [DefNew: 64511K->7103K(64512K), 0.0238930 secs]45.429: [Tenured: 147390K->77355K(147468K), 0.1248610 secs] 200572K->77355K(211980K), [Perm : 8831K->8831K(21248K)], 0.1489980 secs] [Times: user=0.15 sys=0.00, real=0.15 secs] 
45.554: Total time for which application threads were stopped: 0.1530330 seconds, Stopping threads took: 0.0039430 seconds
45.580: Application time: 0.0260680 seconds
45.580: [GC45.580: [DefNew: 57408K->7104K(64512K), 0.0121530 secs] 134763K->89243K(207564K), 0.0121970 secs] [Times: user=0.01 sys=0.00, real=0.01 secs] 
45.592: Total time for which application threads were stopped: 0.0124920 seconds, Stopping threads took: 0.0001950 seconds
45.620: Application time: 0.0278160 seconds
45.620: [GC45.620: [DefNew: 64512K->7104K(64512K), 0.0190080 secs] 146651K->97938K(207564K), 0.0190520 secs] [Times: user=0.02 sys=0.00, real=0.02 secs] 
45.639: Total time for which application threads were stopped: 0.0192040 seconds, Stopping threads took: 0.0000760 seconds
45.669: Application time: 0.0298440 seconds
45.669: [GC45.669: [DefNew: 64512K->7103K(64512K), 0.0230720 secs] 155346K->109897K(207564K), 0.0231160 secs] [Times: user=0.02 sys=0.00, real=0.03 secs] 
45.693: Total time for which application threads were stopped: 0.0233340 seconds, Stopping threads took: 0.0001240 seconds
45.722: Application time: 0.0293140 seconds
45.722: [GC45.722: [DefNew: 64511K->7104K(64512K), 0.0195180 secs] 167305K->117616K(207564K), 0.0195610 secs] [Times: user=0.02 sys=0.00, real=0.02 secs] 
45.742: Total time for which application threads were stopped: 0.0197690 seconds, Stopping threads took: 0.0001320 seconds
45.769: Application time: 0.0269420 seconds
45.769: [GC45.769: [DefNew: 64512K->5371K(64512K), 0.0127520 secs] 175024K->121694K(207564K), 0.0127970 secs] [Times: user=0.01 sys=0.00, real=0.01 secs] 
45.782: Total time for which application threads were stopped: 0.0131560 seconds, Stopping threads took: 0.0002650 seconds
45.806: Application time: 0.0246640 seconds
45.807: [GC45.807: [DefNew: 62779K->3948K(64512K), 0.0079870 secs] 179102K->123917K(207564K), 0.0080290 secs] [Times: user=0.00 sys=0.00, real=0.01 secs] 
45.815: Total time for which application threads were stopped: 0.0083260 seconds, Stopping threads took: 0.0002030 seconds
45.837: Application time: 0.0227160 seconds
45.838: [GC45.838: [DefNew: 61356K->2251K(64512K), 0.0041360 secs] 181325K->123421K(207564K), 0.0041720 secs] [Times: user=0.00 sys=0.00, real=0.00 secs] 
45.842: Total time for which application threads were stopped: 0.0044480 seconds, Stopping threads took: 0.0001890 seconds
45.863: Application time: 0.0212640 seconds
45.864: [GC45.864: [DefNew: 59659K->2823K(64512K), 0.0028850 secs] 180829K->123993K(207564K), 0.0029280 secs] [Times: user=0.00 sys=0.00, real=0.01 secs] 
45.866: Total time for which application threads were stopped: 0.0032810 seconds, Stopping threads took: 0.0002710 seconds
45.888: Application time: 0.0210720 seconds
45.888: [GC45.888: [DefNew: 60231K->7103K(64512K), 0.0082590 secs] 181401K->129594K(207564K), 0.0083050 secs] [Times: user=0.01 sys=0.00, real=0.01 secs] 
45.896: Total time for which application threads were stopped: 0.0085560 seconds, Stopping threads took: 0.0001760 seconds
45.918: Application time: 0.0214230 seconds
45.918: [GC45.918: [DefNew: 64511K->5715K(64512K), 0.0130860 secs] 187002K->134558K(207564K), 0.0131280 secs] [Times: user=0.02 sys=0.00, real=0.01 secs] 
45.931: Total time for which application threads were stopped: 0.0134760 seconds, Stopping threads took: 0.0002540 seconds
45.953: Application time: 0.0217960 seconds
45.953: [GC45.953: [DefNew: 63123K->3357K(64512K), 0.0081530 secs] 191966K->137474K(207564K), 0.0081970 secs] [Times: user=0.01 sys=0.00, real=0.00 secs] 
45.961: Total time for which application threads were stopped: 0.0083880 seconds, Stopping threads took: 0.0000960 seconds
45.983: Application time: 0.0215360 seconds
45.983: [GC45.983: [DefNew: 60765K->7104K(64512K), 0.0099630 secs] 194882K->142371K(207564K), 0.0100070 secs] [Times: user=0.01 sys=0.00, real=0.02 secs] 
45.993: Total time for which application threads were stopped: 0.0102260 seconds, Stopping threads took: 0.0001430 seconds
46.015: Application time: 0.0216060 seconds
46.015: [GC46.015: [DefNew: 64512K->6372K(64512K), 0.0107170 secs] 199779K->146333K(207564K), 0.0107590 secs] [Times: user=0.01 sys=0.00, real=0.01 secs] 
46.026: Total time for which application threads were stopped: 0.0110390 seconds, Stopping threads took: 0.0002040 seconds
46.049: Application time: 0.0238540 seconds
46.050: [GC46.050: [DefNew: 63780K->7104K(64512K), 0.0226310 secs]46.072: [Tenured: 150887K->75560K(150924K), 0.1158150 secs] 203741K->75560K(215436K), [Perm : 8831K->8831K(21248K)], 0.1387550 secs] [Times: user=0.14 sys=0.00, real=0.14 secs] 
46.188: Total time for which application threads were stopped: 0.1390210 seconds, Stopping threads took: 0.0001740 seconds
46.215: Application time: 0.0265410 seconds
46.215: [GC46.215: [DefNew: 57408K->7104K(64512K), 0.0167410 secs] 132968K->89348K(207564K), 0.0167860 secs] [Times: user=0.02 sys=0.00, real=0.01 secs] 
46.232: Total time for which application threads were stopped: 0.0169920 seconds, Stopping threads took: 0.0001190 seconds
46.261: Application time: 0.0287520 seconds
46.262: [GC46.262: [DefNew: 64512K->7103K(64512K), 0.0221190 secs] 146756K->99409K(207564K), 0.0221630 secs] [Times: user=0.02 sys=0.00, real=0.02 secs] 
46.284: Total time for which application threads were stopped: 0.0235980 seconds, Stopping threads took: 0.0013430 seconds
46.316: Application time: 0.0316960 seconds
46.316: [GC46.316: [DefNew: 64511K->7104K(64512K), 0.0252180 secs] 156817K->110759K(207564K), 0.0252610 secs] [Times: user=0.03 sys=0.00, real=0.02 secs] 
46.342: Total time for which application threads were stopped: 0.0255470 seconds, Stopping threads took: 0.0002100 seconds
46.371: Application time: 0.0295750 seconds
46.371: [GC46.371: [DefNew: 64512K->7104K(64512K), 0.0204150 secs] 168167K->118897K(207564K), 0.0204590 secs] [Times: user=0.02 sys=0.00, real=0.02 secs] 
46.392: Total time for which application threads were stopped: 0.0207000 seconds, Stopping threads took: 0.0001450 seconds
46.418: Application time: 0.0263070 seconds
46.418: [GC46.418: [DefNew: 64512K->5203K(64512K), 0.0140260 secs] 176305K->122758K(207564K), 0.0140690 secs] [Times: user=0.01 sys=0.00, real=0.02 secs] 
46.433: Total time for which application threads were stopped: 0.0143470 seconds, Stopping threads took: 0.0001820 seconds
46.457: Application time: 0.0245740 seconds
46.457: [GC46.457: [DefNew: 62611K->2217K(64512K), 0.0061520 secs] 180166K->124384K(207564K), 0.0062030 secs] [Times: user=0.01 sys=0.00, real=0.00 secs] 
46.464: Total time for which application threads were stopped: 0.0064800 seconds, Stopping threads took: 0.0001840 seconds
46.487: Application time: 0.0228860 seconds
46.487: [GC46.487: [DefNew: 59625K->2983K(64512K), 0.0036530 secs] 181792K->125150K(207564K), 0.0036870 secs] [Times: user=0.01 sys=0.00, real=0.00 secs] 
46.490: Total time for which application threads were stopped: 0.0039240 seconds, Stopping threads took: 0.0001700 seconds
46.511: Application time: 0.0208700 seconds
46.511: [GC46.512: [DefNew: 60391K->3550K(64512K), 0.0033160 secs] 182558K->125717K(207564K), 0.0033500 secs] [Times: user=0.01 sys=0.00, real=0.01 secs] 
46.515: Total time for which application threads were stopped: 0.0035530 seconds, Stopping threads took: 0.0001170 seconds
46.536: Application time: 0.0215160 seconds
46.537: [GC46.537: [DefNew: 60958K->7104K(64512K), 0.0118090 secs] 183125K->133798K(207564K), 0.0118550 secs] [Times: user=0.01 sys=0.00, real=0.01 secs] 
46.549: Total time for which application threads were stopped: 0.0122770 seconds, Stopping threads took: 0.0003460 seconds
46.570: Application time: 0.0209350 seconds
46.570: [GC46.570: [DefNew: 64512K->4176K(64512K), 0.0114150 secs] 191206K->136871K(207564K), 0.0114580 secs] [Times: user=0.02 sys=0.00, real=0.01 secs] 
46.581: Total time for which application threads were stopped: 0.0116320 seconds, Stopping threads took: 0.0000980 seconds
46.603: Application time: 0.0216470 seconds
46.603: [GC46.603: [DefNew: 61584K->2277K(64512K), 0.0056630 secs] 194279K->139002K(207564K), 0.0057040 secs] [Times: user=0.00 sys=0.00, real=0.01 secs] 
46.609: Total time for which application threads were stopped: 0.0059660 seconds, Stopping threads took: 0.0001860 seconds
46.630: Application time: 0.0214680 seconds
46.631: [GC46.631: [DefNew: 59685K->6618K(64512K), 0.0072650 secs] 196410K->143344K(207564K), 0.0073070 secs] [Times: user=0.00 sys=0.00, real=0.01 secs] 
46.638: Total time for which application threads were stopped: 0.0075190 seconds, Stopping threads took: 0.0001180 seconds
46.659: Application time: 0.0214450 seconds
46.659: [GC46.659: [DefNew: 64026K->7104K(64512K), 0.0137330 secs] 200752K->149899K(207564K), 0.0137760 secs] [Times: user=0.02 sys=0.00, real=0.02 secs] 
46.673: Total time for which application threads were stopped: 0.0139590 seconds, Stopping threads took: 0.0001070 seconds
46.697: Application time: 0.0234990 seconds
46.697: [GC46.697: [DefNew: 64512K->7104K(64512K), 0.0236980 secs]46.721: [Tenured: 153600K->77748K(153612K), 0.1269370 secs] 207307K->77748K(218124K), [Perm : 8831K->8831K(21248K)], 0.1510200 secs] [Times: user=0.14 sys=0.01, real=0.15 secs] 
46.848: Total time for which application threads were stopped: 0.1512700 seconds, Stopping threads took: 0.0001560 seconds
46.875: Application time: 0.0270550 seconds
46.875: [GC46.875: [DefNew: 57408K->7103K(64512K), 0.0181580 secs] 135156K->92213K(207564K), 0.0182010 secs] [Times: user=0.01 sys=0.00, real=0.02 secs] 
46.894: Total time for which application threads were stopped: 0.0185060 seconds, Stopping threads took: 0.0002200 seconds
46.924: Application time: 0.0308090 seconds
46.925: [GC46.925: [DefNew: 64511K->7103K(64512K), 0.0242190 secs] 149621K->102437K(207564K), 0.0242630 secs] [Times: user=0.02 sys=0.00, real=0.02 secs] 
46.949: Total time for which application threads were stopped: 0.0245280 seconds, Stopping threads took: 0.0001670 seconds
46.979: Application time: 0.0298100 seconds
46.979: [GC46.979: [DefNew: 64511K->7104K(64512K), 0.0232780 secs] 159845K->111470K(207564K), 0.0233220 secs] [Times: user=0.03 sys=0.00, real=0.02 secs] 
47.002: Total time for which application threads were stopped: 0.0235300 seconds, Stopping threads took: 0.0001340 seconds
47.030: Application time: 0.0282100 seconds
47.031: [GC47.031: [DefNew: 64512K->7104K(64512K), 0.0187440 secs] 168878K->118624K(207564K), 0.0187890 secs] [Times: user=0.02 sys=0.00, real=0.02 secs] 
47.050: Total time for which application threads were stopped: 0.0190360 seconds, Stopping threads took: 0.0001720 seconds
47.076: Application time: 0.0261350 seconds
47.076: [GC47.076: [DefNew: 64512K->5607K(64512K), 0.0129190 secs] 176032K->123040K(207564K), 0.0129720 secs] [Times: user=0.01 sys=0.00, real=0.01 secs] 
47.089: Total time for which application threads were stopped: 0.0131710 seconds, Stopping threads took: 0.0001200 seconds
47.113: Application time: 0.0242700 seconds
47.113: [GC47.113: [DefNew: 63015K->2535K(64512K), 0.0063390 secs] 180448K->123406K(207564K), 0.0063820 secs] [Times: user=0.00 sys=0.00, real=0.00 secs] 
47.120: Total time for which application threads were stopped: 0.0065600 seconds, Stopping threads took: 0.0001040 seconds
47.142: Application time: 0.0220140 seconds
47.142: [GC47.142: [DefNew: 59943K->2482K(64512K), 0.0027790 secs] 180814K->123353K(207564K), 0.0028100 secs] [Times: user=0.00 sys=0.00, real=0.01 secs] 
47.145: Total time for which application threads were stopped: 0.0031070 seconds, Stopping threads took: 0.0002130 seconds
47.166: Application time: 0.0207340 seconds
47.166: [GC47.166: [DefNew: 59890K->4154K(64512K), 0.0030570 secs] 180761K->125025K(207564K), 0.0030950 secs] [Times: user=0.00 sys=0.00, real=0.00 secs] 
47.169: Total time for which application threads were stopped: 0.0032590 seconds, Stopping threads took: 0.0000920 seconds
47.190: Application time: 0.0210720 seconds
47.190: [GC47.190: [DefNew: 61562K->7103K(64512K), 0.0121940 secs] 182433K->132023K(207564K), 0.0122370 secs] [Times: user=0.02 sys=0.00, real=0.01 secs] 
47.202: Total time for which application threads were stopped: 0.0124340 seconds, Stopping threads took: 0.0001210 seconds
47.223: Application time: 0.0210960 seconds
47.224: [GC47.224: [DefNew: 64511K->3946K(64512K), 0.0111920 secs] 189431K->134957K(207564K), 0.0112370 secs] [Times: user=0.01 sys=0.00, real=0.02 secs] 
47.235: Total time for which application threads were stopped: 0.0114020 seconds, Stopping threads took: 0.0000880 seconds
47.256: Application time: 0.0210860 seconds
47.257: [GC47.257: [DefNew: 61354K->4828K(64512K), 0.0079600 secs] 192365K->139627K(207564K), 0.0080020 secs] [Times: user=0.00 sys=0.00, real=0.01 secs] 
47.265: Total time for which application threads were stopped: 0.0087010 seconds, Stopping threads took: 0.0006250 seconds
47.286: Application time: 0.0212310 seconds
47.286: [GC47.286: [DefNew: 62236K->4769K(64512K), 0.0099340 secs] 197035K->142806K(207564K), 0.0099760 secs] [Times: user=0.01 sys=0.00, real=0.01 secs] 
47.296: Total time for which application threads were stopped: 0.0101870 seconds, Stopping threads took: 0.0001370 seconds
47.317: Application time: 0.0214560 seconds
47.318: [GC47.318: [DefNew: 62177K->7092K(64512K), 0.0093440 secs] 200214K->147932K(207564K), 0.0093880 secs] [Times: user=0.01 sys=0.00, real=0.01 secs] 
47.327: Total time for which application threads were stopped: 0.0097280 seconds, Stopping threads took: 0.0002460 seconds
47.351: Application time: 0.0235750 seconds
47.351: [GC47.351: [DefNew: 64500K->7104K(64512K), 0.0247720 secs]47.376: [Tenured: 153831K->75213K(153996K), 0.1117100 secs] 205340K->75213K(218508K), [Perm : 8831K->8831K(21248K)], 0.1368470 secs] [Times: user=0.14 sys=0.00, real=0.14 secs] 
47.488: Total time for which application threads were stopped: 0.1371450 seconds, Stopping threads took: 0.0002060 seconds
47.516: Application time: 0.0276280 seconds
47.516: [GC47.516: [DefNew: 57408K->7103K(64512K), 0.0224780 secs] 132621K->90571K(207564K), 0.0225240 secs] [Times: user=0.02 sys=0.00, real=0.02 secs] 
47.538: Total time for which application threads were stopped: 0.0227860 seconds, Stopping threads took: 0.0001570 seconds
47.570: Application time: 0.0318920 seconds
47.571: [GC47.571: [DefNew: 64511K->7103K(64512K), 0.0244170 secs] 147979K->101065K(207564K), 0.0244600 secs] [Times: user=0.02 sys=0.00, real=0.03 secs] 
47.595: Total time for which application threads were stopped: 0.0247760 seconds, Stopping threads took: 0.0002220 seconds
47.625: Application time: 0.0298670 seconds
47.625: [GC47.625: [DefNew: 64511K->7103K(64512K), 0.0211960 secs] 158473K->110101K(207564K), 0.0212490 secs] [Times: user=0.02 sys=0.00, real=0.02 secs] 
47.646: Total time for which application threads were stopped: 0.0215140 seconds, Stopping threads took: 0.0001700 seconds
47.675: Application time: 0.0285260 seconds
47.675: [GC47.675: [DefNew: 64511K->7103K(64512K), 0.0185490 secs] 167509K->117624K(207564K), 0.0185930 secs] [Times: user=0.02 sys=0.00, real=0.02 secs] 
47.694: Total time for which application threads were stopped: 0.0189660 seconds, Stopping threads took: 0.0002790 seconds
47.719: Application time: 0.0255080 seconds
47.720: [GC47.720: [DefNew: 64511K->5769K(64512K), 0.0103850 secs] 175032K->121386K(207564K), 0.0104280 secs] [Times: user=0.01 sys=0.00, real=0.01 secs] 
47.730: Total time for which application threads were stopped: 0.0106760 seconds, Stopping threads took: 0.0001540 seconds
47.754: Application time: 0.0243320 seconds
47.755: [GC47.755: [DefNew: 63177K->2408K(64512K), 0.0052810 secs] 178794K->120620K(207564K), 0.0053240 secs] [Times: user=0.00 sys=0.00, real=0.00 secs] 
47.760: Total time for which application threads were stopped: 0.0056650 seconds, Stopping threads took: 0.0002480 seconds
47.782: Application time: 0.0222610 seconds
47.783: [GC47.783: [DefNew: 59816K->2411K(64512K), 0.0026030 secs] 178028K->120624K(207564K), 0.0026360 secs] [Times: user=0.00 sys=0.00, real=0.01 secs] 
47.785: Total time for which application threads were stopped: 0.0029670 seconds, Stopping threads took: 0.0002470 seconds
47.806: Application time: 0.0208470 seconds
47.807: [GC47.807: [DefNew: 59819K->5627K(64512K), 0.0041360 secs] 178032K->123840K(207564K), 0.0041800 secs] [Times: user=0.00 sys=0.00, real=0.00 secs] 
47.811: Total time for which application threads were stopped: 0.0045280 seconds, Stopping threads took: 0.0002520 seconds
47.832: Application time: 0.0211180 seconds
47.832: [GC47.832: [DefNew: 63035K->7104K(64512K), 0.0109500 secs] 181248K->129182K(207564K), 0.0109940 secs] [Times: user=0.01 sys=0.00, real=0.01 secs] 
47.843: Total time for which application threads were stopped: 0.0112690 seconds, Stopping threads took: 0.0001960 seconds
47.864: Application time: 0.0212820 seconds
47.865: [GC47.865: [DefNew: 64512K->3865K(64512K), 0.0122350 secs] 186590K->132166K(207564K), 0.0122770 secs] [Times: user=0.01 sys=0.00, real=0.01 secs] 
47.877: Total time for which application threads were stopped: 0.0124470 seconds, Stopping threads took: 0.0000920 seconds
47.898: Application time: 0.0214710 seconds
47.898: [GC47.898: [DefNew: 61273K->5494K(64512K), 0.0085980 secs] 189574K->137384K(207564K), 0.0086390 secs] [Times: user=0.01 sys=0.00, real=0.01 secs] 
47.907: Total time for which application threads were stopped: 0.0088190 seconds, Stopping threads took: 0.0001040 seconds
47.928: Application time: 0.0212710 seconds
47.929: [GC47.929: [DefNew: 62902K->5060K(64512K), 0.0098560 secs] 194792K->140952K(207564K), 0.0098990 secs] [Times: user=0.01 sys=0.00, real=0.01 secs] 
47.939: Total time for which application threads were stopped: 0.0101080 seconds, Stopping threads took: 0.0001370 seconds
47.960: Application time: 0.0218510 seconds
47.961: [GC47.961: [DefNew: 62468K->6029K(64512K), 0.0075490 secs] 198360K->145461K(207564K), 0.0075900 secs] [Times: user=0.00 sys=0.00, real=0.01 secs] 
47.968: Total time for which application threads were stopped: 0.0077740 seconds, Stopping threads took: 0.0001090 seconds
47.992: Application time: 0.0241630 seconds
47.992: [GC47.993: [DefNew: 63437K->7104K(64512K), 0.0251850 secs]48.018: [Tenured: 152408K->77233K(152460K), 0.1118550 secs] 202869K->77233K(216972K), [Perm : 8831K->8831K(21248K)], 0.1373810 secs] [Times: user=0.13 sys=0.01, real=0.13 secs] 
48.130: Total time for which application threads were stopped: 0.1375860 seconds, Stopping threads took: 0.0001240 seconds
48.159: Application time: 0.0288920 seconds
48.159: [GC48.159: [DefNew: 57408K->7103K(64512K), 0.0192900 secs] 134641K->91359K(207564K), 0.0193370 secs] [Times: user=0.02 sys=0.00, real=0.02 secs] 
48.178: Total time for which application threads were stopped: 0.0195230 seconds, Stopping threads took: 0.0000890 seconds
48.209: Application time: 0.0311290 seconds
48.210: [GC48.210: [DefNew: 64511K->7104K(64512K), 0.0237990 secs] 148767K->102360K(207564K), 0.0238430 secs] [Times: user=0.03 sys=0.00, real=0.03 secs] 
48.234: Total time for which application threads were stopped: 0.0241110 seconds, Stopping threads took: 0.0001740 seconds
48.263: Application time: 0.0293840 seconds
48.263: [GC48.263: [DefNew: 64512K->7104K(64512K), 0.0213390 secs] 159768K->111050K(207564K), 0.0213830 secs] [Times: user=0.02 sys=0.00, real=0.03 secs] 
48.285: Total time for which application threads were stopped: 0.0215850 seconds, Stopping threads took: 0.0001260 seconds
48.313: Application time: 0.0280800 seconds
48.313: [GC48.313: [DefNew: 64512K->7104K(64512K), 0.0172140 secs] 168458K->117807K(207564K), 0.0172590 secs] [Times: user=0.01 sys=0.00, real=0.01 secs] 
48.330: Total time for which application threads were stopped: 0.0173960 seconds, Stopping threads took: 0.0000620 seconds
48.356: Application time: 0.0257820 seconds
48.356: [GC48.356: [DefNew: 64512K->4286K(64512K), 0.0122480 secs] 175215K->121663K(207564K), 0.0122900 secs] [Times: user=0.01 sys=0.00, real=0.01 secs] 
48.368: Total time for which application threads were stopped: 0.0126190 seconds, Stopping threads took: 0.0002340 seconds
48.394: Application time: 0.0250970 seconds
48.394: [GC48.394: [DefNew: 61694K->2406K(64512K), 0.0051690 secs] 179071K->121717K(207564K), 0.0052080 secs] [Times: user=0.00 sys=0.00, real=0.00 secs] 
48.399: Total time for which application threads were stopped: 0.0055700 seconds, Stopping threads took: 0.0002880 seconds
48.420: Application time: 0.0210830 seconds
48.420: [GC48.420: [DefNew: 59814K->2379K(64512K), 0.0026200 secs] 179125K->121689K(207564K), 0.0026570 secs] [Times: user=0.00 sys=0.00, real=0.00 secs] 
48.423: Total time for which application threads were stopped: 0.0029200 seconds, Stopping threads took: 0.0001790 seconds
48.444: Application time: 0.0205210 seconds
48.444: [GC48.444: [DefNew: 59787K->5966K(64512K), 0.0050710 secs] 179097K->125276K(207564K), 0.0051070 secs] [Times: user=0.00 sys=0.00, real=0.01 secs] 
48.449: Total time for which application threads were stopped: 0.0053210 seconds, Stopping threads took: 0.0001400 seconds
48.470: Application time: 0.0206070 seconds
48.470: [GC48.470: [DefNew: 63374K->6004K(64512K), 0.0094790 secs] 182684K->130571K(207564K), 0.0095230 secs] [Times: user=0.01 sys=0.00, real=0.01 secs] 
48.479: Total time for which application threads were stopped: 0.0097310 seconds, Stopping threads took: 0.0001310 seconds
48.500: Application time: 0.0211920 seconds
48.501: [GC48.501: [DefNew: 63412K->3462K(64512K), 0.0092430 secs] 187979K->133353K(207564K), 0.0092870 secs] [Times: user=0.01 sys=0.00, real=0.01 secs] 
48.510: Total time for which application threads were stopped: 0.0094940 seconds, Stopping threads took: 0.0001320 seconds
48.532: Application time: 0.0215740 seconds
48.532: [GC48.532: [DefNew: 60870K->7104K(64512K), 0.0101540 secs] 190761K->139499K(207564K), 0.0101970 secs] [Times: user=0.01 sys=0.00, real=0.01 secs] 
48.542: Total time for which application threads were stopped: 0.0103630 seconds, Stopping threads took: 0.0000880 seconds
48.563: Application time: 0.0210180 seconds
48.563: [GC48.563: [DefNew: 64512K->3627K(64512K), 0.0121730 secs] 196907K->142554K(207564K), 0.0122180 secs] [Times: user=0.02 sys=0.00, real=0.02 secs] 
48.575: Total time for which application threads were stopped: 0.0124570 seconds, Stopping threads took: 0.0001610 seconds
48.597: Application time: 0.0217000 seconds
48.597: [GC48.597: [DefNew: 61035K->7104K(64512K), 0.0101570 secs] 199962K->148953K(207564K), 0.0102000 secs] [Times: user=0.01 sys=0.00, real=0.01 secs] 
48.608: Total time for which application threads were stopped: 0.0104120 seconds, Stopping threads took: 0.0001360 seconds
48.632: Application time: 0.0243880 seconds
48.632: [GC48.632: [DefNew: 64512K->7104K(64512K), 0.0287520 secs]48.661: [Tenured: 156341K->74067K(156492K), 0.1235420 secs] 206361K->74067K(221004K), [Perm : 8831K->8831K(21248K)], 0.1527750 secs] [Times: user=0.15 sys=0.01, real=0.16 secs] 
48.785: Total time for which application threads were stopped: 0.1529330 seconds, Stopping threads took: 0.0000850 seconds
48.815: Application time: 0.0296850 seconds
48.815: [GC48.815: [DefNew: 57408K->7104K(64512K), 0.0201410 secs] 131475K->92367K(207564K), 0.0201870 secs] [Times: user=0.02 sys=0.00, real=0.02 secs] 
48.835: Total time for which application threads were stopped: 0.0205510 seconds, Stopping threads took: 0.0002690 seconds
48.867: Application time: 0.0323610 seconds
48.868: [GC48.868: [DefNew: 64512K->7103K(64512K), 0.0207900 secs] 149775K->99517K(207564K), 0.0208320 secs] [Times: user=0.02 sys=0.00, real=0.02 secs] 
48.889: Total time for which application threads were stopped: 0.0210930 seconds, Stopping threads took: 0.0001870 seconds
48.918: Application time: 0.0291020 seconds
48.918: [GC48.918: [DefNew: 64511K->7103K(64512K), 0.0154100 secs] 156925K->105580K(207564K), 0.0154520 secs] [Times: user=0.01 sys=0.00, real=0.02 secs] 
48.933: Total time for which application threads were stopped: 0.0156580 seconds, Stopping threads took: 0.0001310 seconds
48.961: Application time: 0.0272460 seconds
48.961: [GC48.961: [DefNew: 64511K->7104K(64512K), 0.0237350 secs] 162988K->114946K(207564K), 0.0237780 secs] [Times: user=0.02 sys=0.00, real=0.03 secs] 
48.985: Total time for which application threads were stopped: 0.0239900 seconds, Stopping threads took: 0.0001360 seconds
49.010: Application time: 0.0249980 seconds
49.010: [GC49.010: [DefNew: 64512K->3629K(64512K), 0.0136720 secs] 172354K->118327K(207564K), 0.0137160 secs] [Times: user=0.02 sys=0.00, real=0.01 secs] 
49.023: Total time for which application threads were stopped: 0.0139250 seconds, Stopping threads took: 0.0001340 seconds
49.047: Application time: 0.0231240 seconds
49.047: [GC49.047: [DefNew: 61037K->796K(64512K), 0.0036860 secs] 175735K->118511K(207564K), 0.0037210 secs] [Times: user=0.00 sys=0.00, real=0.00 secs] 
49.050: Total time for which application threads were stopped: 0.0038860 seconds, Stopping threads took: 0.0000950 seconds
49.071: Application time: 0.0209130 seconds
49.072: [GC49.072: [DefNew: 58204K->861K(64512K), 0.0013660 secs] 175919K->118576K(207564K), 0.0013930 secs] [Times: user=0.00 sys=0.00, real=0.01 secs] 
49.073: Total time for which application threads were stopped: 0.0015490 seconds, Stopping threads took: 0.0000970 seconds
49.093: Application time: 0.0203230 seconds
49.093: [GC49.093: [DefNew: 58269K->4428K(64512K), 0.0038610 secs] 175984K->122143K(207564K), 0.0039000 secs] [Times: user=0.00 sys=0.00, real=0.00 secs] 
49.097: Total time for which application threads were stopped: 0.0040620 seconds, Stopping threads took: 0.0000900 seconds
49.118: Application time: 0.0206460 seconds
49.118: [GC49.118: [DefNew: 61836K->6302K(64512K), 0.0094190 secs] 179551K->127732K(207564K), 0.0094630 secs] [Times: user=0.01 sys=0.00, real=0.01 secs] 
49.128: Total time for which application threads were stopped: 0.0097090 seconds, Stopping threads took: 0.0001690 seconds
49.149: Application time: 0.0209900 seconds
49.149: [GC49.149: [DefNew: 63710K->4073K(64512K), 0.0098240 secs] 185140K->131068K(207564K), 0.0098670 secs] [Times: user=0.01 sys=0.00, real=0.01 secs] 
49.159: Total time for which application threads were stopped: 0.0102800 seconds, Stopping threads took: 0.0003190 seconds
49.181: Application time: 0.0217380 seconds
49.181: [GC49.181: [DefNew: 61481K->5879K(64512K), 0.0091530 secs] 188476K->136648K(207564K), 0.0091940 secs] [Times: user=0.00 sys=0.00, real=0.01 secs] 
49.190: Total time for which application threads were stopped: 0.0093540 seconds, Stopping threads took: 0.0000850 seconds
49.211: Application time: 0.0212990 seconds
49.212: [GC49.212: [DefNew: 63287K->3086K(64512K), 0.0071240 secs] 194056K->138347K(207564K), 0.0071650 secs] [Times: user=0.00 sys=0.00, real=0.01 secs] 
49.219: Total time for which application threads were stopped: 0.0073700 seconds, Stopping threads took: 0.0001290 seconds
49.241: Application time: 0.0217570 seconds
49.241: [GC49.241: [DefNew: 60494K->7103K(64512K), 0.0090780 secs] 195755K->146417K(207564K), 0.0091310 secs] [Times: user=0.01 sys=0.00, real=0.01 secs] 
49.250: Total time for which application threads were stopped: 0.0093240 seconds, Stopping threads took: 0.0001170 seconds
49.275: Application time: 0.0253180 seconds
49.275: [GC49.275: [DefNew: 64511K->7104K(64512K), 0.0332490 secs]49.309: [Tenured: 157038K->79584K(157068K), 0.1197900 secs] 203825K->79584K(221580K), [Perm : 8831K->8831K(21248K)], 0.1534910 secs] [Times: user=0.15 sys=0.00, real=0.15 secs] 
49.429: Total time for which application threads were stopped: 0.1537110 seconds, Stopping threads took: 0.0001460 seconds
49.460: Application time: 0.0310130 seconds
49.460: [GC49.460: [DefNew: 57408K->7103K(64512K), 0.0170220 secs] 136992K->93837K(207564K), 0.0170630 secs] [Times: user=0.02 sys=0.00, real=0.02 secs] 
49.477: Total time for which application threads were stopped: 0.0172000 seconds, Stopping threads took: 0.0000480 seconds
49.509: Application time: 0.0319050 seconds
49.509: [GC49.509: [DefNew: 64511K->6040K(64512K), 0.0178410 secs] 151245K->99087K(207564K), 0.0178840 secs] [Times: user=0.01 sys=0.00, real=0.02 secs] 
49.527: Total time for which application threads were stopped: 0.0181080 seconds, Stopping threads took: 0.0001280 seconds
49.556: Application time: 0.0287760 seconds
49.556: [GC49.556: [DefNew: 63448K->7104K(64512K), 0.0165090 secs] 156495K->107075K(207564K), 0.0165540 secs] [Times: user=0.02 sys=0.00, real=0.02 secs] 
49.573: Total time for which application threads were stopped: 0.0168560 seconds, Stopping threads took: 0.0002080 seconds
49.600: Application time: 0.0270280 seconds
49.600: [GC49.600: [DefNew: 64512K->7103K(64512K), 0.0150070 secs] 164483K->114573K(207564K), 0.0150530 secs] [Times: user=0.01 sys=0.00, real=0.02 secs] 
49.615: Total time for which application threads were stopped: 0.0153080 seconds, Stopping threads took: 0.0001600 seconds
49.641: Application time: 0.0255680 seconds
49.641: [GC49.641: [DefNew: 64511K->2537K(64512K), 0.0084900 secs] 171981K->115464K(207564K), 0.0085340 secs] [Times: user=0.00 sys=0.00, real=0.01 secs] 
49.649: Total time for which application threads were stopped: 0.0087500 seconds, Stopping threads took: 0.0001390 seconds
49.672: Application time: 0.0228860 seconds
49.672: [GC49.673: [DefNew: 59945K->2536K(64512K), 0.0029200 secs] 172872K->115464K(207564K), 0.0029530 secs] [Times: user=0.00 sys=0.00, real=0.00 secs] 
49.675: Total time for which application threads were stopped: 0.0031670 seconds, Stopping threads took: 0.0001420 seconds
49.696: Application time: 0.0205380 seconds
49.696: [GC49.696: [DefNew: 59944K->2505K(64512K), 0.0025430 secs] 172872K->115432K(207564K), 0.0025750 secs] [Times: user=0.01 sys=0.00, real=0.00 secs] 
49.699: Total time for which application threads were stopped: 0.0027410 seconds, Stopping threads took: 0.0000990 seconds
49.719: Application time: 0.0201640 seconds
49.719: [GC49.719: [DefNew: 59913K->6886K(64512K), 0.0062120 secs] 172840K->119814K(207564K), 0.0062560 secs] [Times: user=0.00 sys=0.00, real=0.01 secs] 
49.725: Total time for which application threads were stopped: 0.0064470 seconds, Stopping threads took: 0.0001160 seconds
49.746: Application time: 0.0208100 seconds
49.746: [GC49.746: [DefNew: 64294K->5879K(64512K), 0.0098820 secs] 177222K->125007K(207564K), 0.0099260 secs] [Times: user=0.01 sys=0.00, real=0.01 secs] 
49.756: Total time for which application threads were stopped: 0.0100950 seconds, Stopping threads took: 0.0000940 seconds
49.778: Application time: 0.0215170 seconds
49.778: [GC49.778: [DefNew: 63287K->5660K(64512K), 0.0109050 secs] 182415K->130013K(207564K), 0.0109490 secs] [Times: user=0.01 sys=0.00, real=0.01 secs] 
49.789: Total time for which application threads were stopped: 0.0111990 seconds, Stopping threads took: 0.0001550 seconds
49.810: Application time: 0.0212390 seconds
49.810: [GC49.811: [DefNew: 63068K->4695K(64512K), 0.0121760 secs] 187421K->134017K(207564K), 0.0122270 secs] [Times: user=0.01 sys=0.00, real=0.01 secs] 
49.823: Total time for which application threads were stopped: 0.0125050 seconds, Stopping threads took: 0.0001850 seconds
49.844: Application time: 0.0213810 seconds
49.844: [GC49.844: [DefNew: 62103K->4295K(64512K), 0.0094650 secs] 191425K->137226K(207564K), 0.0095100 secs] [Times: user=0.01 sys=0.00, real=0.02 secs] 
49.854: Total time for which application threads were stopped: 0.0097520 seconds, Stopping threads took: 0.0001640 seconds
49.875: Application time: 0.0213410 seconds
49.875: [GC49.875: [DefNew: 61703K->7103K(64512K), 0.0095680 secs] 194634K->144160K(207564K), 0.0096100 secs] [Times: user=0.01 sys=0.00, real=0.01 secs] 
49.885: Total time for which application threads were stopped: 0.0098270 seconds, Stopping threads took: 0.0001410 seconds
49.910: Application time: 0.0253900 seconds
49.911: [GC49.911: [DefNew: 64511K->7104K(64512K), 0.0350900 secs]49.946: [Tenured: 155448K->80113K(155532K), 0.1125430 secs] 201568K->80113K(220044K), [Perm : 8831K->8831K(21248K)], 0.1480400 secs] [Times: user=0.14 sys=0.00, real=0.15 secs] 
50.059: Total time for which application threads were stopped: 0.1483690 seconds, Stopping threads took: 0.0002370 seconds
50.092: Application time: 0.0335900 seconds
50.093: [GC50.093: [DefNew: 57408K->7103K(64512K), 0.0252920 secs] 137521K->96349K(207564K), 0.0253360 secs] [Times: user=0.03 sys=0.00, real=0.02 secs] 
50.118: Total time for which application threads were stopped: 0.0256130 seconds, Stopping threads took: 0.0001680 seconds
50.149: Application time: 0.0312360 seconds
50.149: [GC50.149: [DefNew: 64511K->7104K(64512K), 0.0186150 secs] 153757K->103016K(207564K), 0.0186610 secs] [Times: user=0.02 sys=0.00, real=0.02 secs] 
50.168: Total time for which application threads were stopped: 0.0188950 seconds, Stopping threads took: 0.0001420 seconds
50.197: Application time: 0.0286770 seconds
50.197: [GC50.197: [DefNew: 64512K->7103K(64512K), 0.0137370 secs] 160424K->109009K(207564K), 0.0137830 secs] [Times: user=0.01 sys=0.00, real=0.01 secs] 
50.211: Total time for which application threads were stopped: 0.0140080 seconds, Stopping threads took: 0.0001300 seconds
50.238: Application time: 0.0270530 seconds
50.238: [GC50.238: [DefNew: 64511K->7103K(64512K), 0.0164890 secs] 166417K->115660K(207564K), 0.0165320 secs] [Times: user=0.01 sys=0.00, real=0.02 secs] 
50.255: Total time for which application threads were stopped: 0.0167830 seconds, Stopping threads took: 0.0001760 seconds
50.280: Application time: 0.0250920 seconds
50.280: [GC50.280: [DefNew: 64511K->1644K(64512K), 0.0064400 secs] 173068K->114754K(207564K), 0.0064840 secs] [Times: user=0.01 sys=0.00, real=0.01 secs] 
50.287: Total time for which application threads were stopped: 0.0068120 seconds, Stopping threads took: 0.0002320 seconds
50.309: Application time: 0.0227510 seconds
50.310: [GC50.310: [DefNew: 59052K->1812K(64512K), 0.0025630 secs] 172162K->114922K(207564K), 0.0025960 secs] [Times: user=0.01 sys=0.00, real=0.00 secs] 
50.312: Total time for which application threads were stopped: 0.0028180 seconds, Stopping threads took: 0.0001370 seconds
50.333: Application time: 0.0203880 seconds
50.333: [GC50.333: [DefNew: 59220K->4384K(64512K), 0.0035390 secs] 172330K->117493K(207564K), 0.0035780 secs] [Times: user=0.00 sys=0.00, real=0.00 secs] 
50.336: Total time for which application threads were stopped: 0.0038580 seconds, Stopping threads took: 0.0001880 seconds
50.357: Application time: 0.0207220 seconds
50.357: [GC50.357: [DefNew: 61792K->6192K(64512K), 0.0078830 secs] 174901K->120257K(207564K), 0.0079280 secs] [Times: user=0.00 sys=0.00, real=0.01 secs] 
50.365: Total time for which application threads were stopped: 0.0082070 seconds, Stopping threads took: 0.0001840 seconds
50.386: Application time: 0.0211050 seconds
50.387: [GC50.387: [DefNew: 63600K->7103K(64512K), 0.0085520 secs] 177665K->124458K(207564K), 0.0085960 secs] [Times: user=0.01 sys=0.00, real=0.01 secs] 
50.395: Total time for which application threads were stopped: 0.0088850 seconds, Stopping threads took: 0.0002130 seconds
50.416: Application time: 0.0203510 seconds
50.416: [GC50.416: [DefNew: 64511K->4490K(64512K), 0.0111360 secs] 181866K->128222K(207564K), 0.0111880 secs] [Times: user=0.02 sys=0.00, real=0.01 secs] 
50.427: Total time for which application threads were stopped: 0.0114570 seconds, Stopping threads took: 0.0001650 seconds
50.448: Application time: 0.0208770 seconds
50.448: [GC50.448: [DefNew: 61898K->6117K(64512K), 0.0083810 secs] 185630K->132955K(207564K), 0.0084240 secs] [Times: user=0.01 sys=0.00, real=0.01 secs] 
50.457: Total time for which application threads were stopped: 0.0085970 seconds, Stopping threads took: 0.0000870 seconds
50.477: Application time: 0.0206830 seconds
50.478: [GC50.478: [DefNew: 63525K->4279K(64512K), 0.0095130 secs] 190363K->135723K(207564K), 0.0095580 secs] [Times: user=0.01 sys=0.00, real=0.01 secs] 
50.487: Total time for which application threads were stopped: 0.0098270 seconds, Stopping threads took: 0.0001730 seconds
50.510: Application time: 0.0224980 seconds
50.510: [GC50.510: [DefNew: 61687K->7104K(64512K), 0.0129500 secs] 193131K->144097K(207564K), 0.0129950 secs] [Times: user=0.02 sys=0.00, real=0.01 secs] 
50.523: Total time for which application threads were stopped: 0.0132490 seconds, Stopping threads took: 0.0001590 seconds
50.549: Application time: 0.0263720 seconds
50.550: [GC50.550: [DefNew: 64512K->7104K(64512K), 0.0394160 secs]50.589: [Tenured: 156793K->83795K(156876K), 0.1252430 secs] 201505K->83795K(221388K), [Perm : 8831K->8831K(21248K)], 0.1651400 secs] [Times: user=0.16 sys=0.00, real=0.17 secs] 
50.715: Total time for which application threads were stopped: 0.1654130 seconds, Stopping threads took: 0.0002030 seconds
50.748: Application time: 0.0334720 seconds
50.748: [GC50.748: [DefNew: 57408K->7103K(64512K), 0.0205450 secs] 141203K->96741K(207564K), 0.0205890 secs] [Times: user=0.02 sys=0.00, real=0.02 secs] 
50.769: Total time for which application threads were stopped: 0.0208280 seconds, Stopping threads took: 0.0001500 seconds
50.800: Application time: 0.0312860 seconds
50.800: [GC50.800: [DefNew: 64511K->7104K(64512K), 0.0197860 secs] 154149K->104443K(207564K), 0.0198300 secs] [Times: user=0.02 sys=0.00, real=0.02 secs] 
50.820: Total time for which application threads were stopped: 0.0200350 seconds, Stopping threads took: 0.0001220 seconds
50.849: Application time: 0.0281900 seconds
50.849: [GC50.849: [DefNew: 64512K->7104K(64512K), 0.0195830 secs] 161851K->112542K(207564K), 0.0196270 secs] [Times: user=0.02 sys=0.00, real=0.02 secs] 
50.868: Total time for which application threads were stopped: 0.0199600 seconds, Stopping threads took: 0.0002270 seconds
50.896: Application time: 0.0270550 seconds
50.897: [GC50.897: [DefNew: 64512K->5868K(64512K), 0.0163510 secs] 169950K->117921K(207564K), 0.0163940 secs] [Times: user=0.02 sys=0.00, real=0.02 secs] 
50.913: Total time for which application threads were stopped: 0.0176810 seconds, Stopping threads took: 0.0011930 seconds
50.938: Application time: 0.0247640 seconds
50.938: [GC50.938: [DefNew: 63276K->767K(64512K), 0.0056370 secs] 175329K->117835K(207564K), 0.0056780 secs] [Times: user=0.00 sys=0.00, real=0.00 secs] 
50.944: Total time for which application threads were stopped: 0.0059570 seconds, Stopping threads took: 0.0001860 seconds
50.966: Application time: 0.0224420 seconds
50.967: [GC50.967: [DefNew: 58175K->818K(64512K), 0.0013850 secs] 175243K->117885K(207564K), 0.0014180 secs] [Times: user=0.00 sys=0.00, real=0.00 secs] 
50.968: Total time for which application threads were stopped: 0.0016280 seconds, Stopping threads took: 0.0001360 seconds
50.989: Application time: 0.0205380 seconds
50.989: [GC50.989: [DefNew: 58226K->4701K(64512K), 0.0043140 secs] 175293K->121769K(207564K), 0.0043510 secs] [Times: user=0.00 sys=0.00, real=0.01 secs] 
50.993: Total time for which application threads were stopped: 0.0045150 seconds, Stopping threads took: 0.0000940 seconds
51.014: Application time: 0.0206330 seconds
51.014: [GC51.014: [DefNew: 62109K->2768K(64512K), 0.0072560 secs] 179177K->123794K(207564K), 0.0073070 secs] [Times: user=0.01 sys=0.00, real=0.00 secs] 
51.021: Total time for which application threads were stopped: 0.0075750 seconds, Stopping threads took: 0.0001920 seconds
51.043: Application time: 0.0212600 seconds
51.043: [GC51.043: [DefNew: 60176K->6645K(64512K), 0.0061630 secs] 181202K->127672K(207564K), 0.0062030 secs] [Times: user=0.00 sys=0.00, real=0.01 secs] 
51.049: Total time for which application threads were stopped: 0.0064360 seconds, Stopping threads took: 0.0001590 seconds
51.069: Application time: 0.0201520 seconds
51.069: [GC51.069: [DefNew: 64053K->3341K(64512K), 0.0087070 secs] 185080K->130287K(207564K), 0.0087510 secs] [Times: user=0.01 sys=0.00, real=0.01 secs] 
51.078: Total time for which application threads were stopped: 0.0089870 seconds, Stopping threads took: 0.0001580 seconds
51.099: Application time: 0.0207680 seconds
51.099: [GC51.099: [DefNew: 60749K->7103K(64512K), 0.0080720 secs] 187695K->136290K(207564K), 0.0081120 secs] [Times: user=0.01 sys=0.00, real=0.01 secs] 
51.107: Total time for which application threads were stopped: 0.0082830 seconds, Stopping threads took: 0.0000950 seconds
51.128: Application time: 0.0210760 seconds
51.128: [GC51.128: [DefNew: 64511K->4895K(64512K), 0.0116910 secs] 193698K->139434K(207564K), 0.0117400 secs] [Times: user=0.01 sys=0.00, real=0.01 secs] 
51.140: Total time for which application threads were stopped: 0.0119230 seconds, Stopping threads took: 0.0001060 seconds
51.163: Application time: 0.0227730 seconds
51.163: [GC51.163: [DefNew: 62303K->7104K(64512K), 0.0159090 secs] 196842K->148786K(207564K), 0.0159530 secs] [Times: user=0.01 sys=0.00, real=0.02 secs] 
51.179: Total time for which application threads were stopped: 0.0162510 seconds, Stopping threads took: 0.0002000 seconds
51.206: Application time: 0.0271320 seconds
51.207: [GC51.207: [DefNew: 64512K->7104K(64512K), 0.0343040 secs]51.241: [Tenured: 161049K->73321K(161100K), 0.1117350 secs] 206194K->73321K(225612K), [Perm : 8831K->8831K(21248K)], 0.1465720 secs] [Times: user=0.15 sys=0.00, real=0.15 secs] 
51.353: Total time for which application threads were stopped: 0.1467880 seconds, Stopping threads took: 0.0001480 seconds
51.387: Application time: 0.0337780 seconds
51.387: [GC51.387: [DefNew: 57408K->7103K(64512K), 0.0125080 secs] 130729K->83794K(207564K), 0.0125520 secs] [Times: user=0.01 sys=0.00, real=0.01 secs] 
51.400: Total time for which application threads were stopped: 0.0127420 seconds, Stopping threads took: 0.0001020 seconds
51.430: Application time: 0.0304360 seconds
51.430: [GC51.430: [DefNew: 64511K->7103K(64512K), 0.0205170 secs] 141202K->91935K(207564K), 0.0205600 secs] [Times: user=0.02 sys=0.00, real=0.02 secs] 
51.451: Total time for which application threads were stopped: 0.0207720 seconds, Stopping threads took: 0.0001340 seconds
51.479: Application time: 0.0284960 seconds
51.480: [GC51.480: [DefNew: 64511K->7103K(64512K), 0.0194420 secs] 149343K->100858K(207564K), 0.0194850 secs] [Times: user=0.02 sys=0.00, real=0.02 secs] 
51.499: Total time for which application threads were stopped: 0.0196930 seconds, Stopping threads took: 0.0001320 seconds
51.526: Application time: 0.0266300 seconds
51.526: [GC51.526: [DefNew: 64511K->5509K(64512K), 0.0152400 secs] 158266K->105836K(207564K), 0.0152830 secs] [Times: user=0.02 sys=0.00, real=0.01 secs] 
51.541: Total time for which application threads were stopped: 0.0155980 seconds, Stopping threads took: 0.0002200 seconds
51.566: Application time: 0.0242570 seconds
51.566: [GC51.566: [DefNew: 62917K->794K(64512K), 0.0052050 secs] 163244K->105859K(207564K), 0.0052470 secs] [Times: user=0.01 sys=0.00, real=0.00 secs] 
51.571: Total time for which application threads were stopped: 0.0054720 seconds, Stopping threads took: 0.0001510 seconds
51.593: Application time: 0.0224390 seconds
51.594: [GC51.594: [DefNew: 58202K->1951K(64512K), 0.0020390 secs] 163267K->107016K(207564K), 0.0020690 secs] [Times: user=0.00 sys=0.00, real=0.00 secs] 
51.596: Total time for which application threads were stopped: 0.0021900 seconds, Stopping threads took: 0.0000480 seconds
51.616: Application time: 0.0206820 seconds
51.617: [GC51.617: [DefNew: 59359K->5717K(64512K), 0.0065870 secs] 164424K->110782K(207564K), 0.0066280 secs] [Times: user=0.01 sys=0.00, real=0.00 secs] 
51.623: Total time for which application threads were stopped: 0.0069450 seconds, Stopping threads took: 0.0002270 seconds
51.644: Application time: 0.0209660 seconds
51.644: [GC51.644: [DefNew: 63125K->1576K(64512K), 0.0070170 secs] 168190K->111859K(207564K), 0.0070660 secs] [Times: user=0.01 sys=0.01, real=0.01 secs] 
51.652: Total time for which application threads were stopped: 0.0072460 seconds, Stopping threads took: 0.0001050 seconds
51.672: Application time: 0.0207700 seconds
51.673: [GC51.673: [DefNew: 58984K->6304K(64512K), 0.0061080 secs] 169267K->116587K(207564K), 0.0061500 secs] [Times: user=0.01 sys=0.00, real=0.00 secs] 
51.679: Total time for which application threads were stopped: 0.0064020 seconds, Stopping threads took: 0.0001620 seconds
51.699: Application time: 0.0198720 seconds
51.699: [GC51.699: [DefNew: 63712K->3486K(64512K), 0.0090510 secs] 173995K->118507K(207564K), 0.0090950 secs] [Times: user=0.01 sys=0.00, real=0.01 secs] 
51.708: Total time for which application threads were stopped: 0.0092690 seconds, Stopping threads took: 0.0000980 seconds
51.729: Application time: 0.0208420 seconds
51.729: [GC51.729: [DefNew: 60894K->7103K(64512K), 0.0103790 secs] 175915K->124944K(207564K), 0.0104220 secs] [Times: user=0.02 sys=0.00, real=0.01 secs] 
51.739: Total time for which application threads were stopped: 0.0106360 seconds, Stopping threads took: 0.0001370 seconds
51.760: Application time: 0.0209150 seconds
51.760: [GC51.760: [DefNew: 64511K->6952K(64512K), 0.0151330 secs] 182352K->131227K(207564K), 0.0151780 secs] [Times: user=0.02 sys=0.00, real=0.02 secs] 
51.776: Total time for which application threads were stopped: 0.0153700 seconds, Stopping threads took: 0.0001180 seconds
51.799: Application time: 0.0231890 seconds
51.799: [GC51.799: [DefNew: 64360K->7104K(64512K), 0.0197050 secs] 188635K->141979K(207564K), 0.0197500 secs] [Times: user=0.02 sys=0.00, real=0.02 secs] 
51.819: Total time for which application threads were stopped: 0.0200690 seconds, Stopping threads took: 0.0002420 seconds
51.847: Application time: 0.0284880 seconds
51.848: [GC51.848: [DefNew: 64512K->7104K(64512K), 0.0329230 secs]51.881: [Tenured: 152186K->74633K(152268K), 0.1144470 secs] 199387K->74633K(216780K), [Perm : 8831K->8831K(21248K)], 0.1477070 secs] [Times: user=0.15 sys=0.00, real=0.15 secs] 
51.995: Total time for which application threads were stopped: 0.1479030 seconds, Stopping threads took: 0.0001240 seconds
52.028: Application time: 0.0328190 seconds
52.028: [GC52.028: [DefNew: 57408K->7104K(64512K), 0.0101240 secs] 132041K->82349K(207564K), 0.0101680 secs] [Times: user=0.01 sys=0.00, real=0.01 secs] 
52.038: Total time for which application threads were stopped: 0.0103930 seconds, Stopping threads took: 0.0001390 seconds
52.068: Application time: 0.0298350 seconds
52.069: [GC52.069: [DefNew: 64512K->7104K(64512K), 0.0141910 secs] 139757K->88266K(207564K), 0.0142370 secs] [Times: user=0.01 sys=0.00, real=0.01 secs] 
52.083: Total time for which application threads were stopped: 0.0145310 seconds, Stopping threads took: 0.0001980 seconds
52.111: Application time: 0.0284100 seconds
52.112: [GC52.112: [DefNew: 64512K->7103K(64512K), 0.0186540 secs] 145674K->95739K(207564K), 0.0186990 secs] [Times: user=0.02 sys=0.00, real=0.02 secs] 
52.130: Total time for which application threads were stopped: 0.0190840 seconds, Stopping threads took: 0.0002900 seconds
52.156: Application time: 0.0261270 seconds
52.157: [GC52.157: [DefNew: 64511K->4483K(64512K), 0.0138010 secs] 153147K->100007K(207564K), 0.0138440 secs] [Times: user=0.01 sys=0.00, real=0.01 secs] 
52.171: Total time for which application threads were stopped: 0.0140880 seconds, Stopping threads took: 0.0001670 seconds
52.195: Application time: 0.0239920 seconds
52.195: [GC52.195: [DefNew: 61891K->747K(64512K), 0.0047490 secs] 157415K->100017K(207564K), 0.0047960 secs] [Times: user=0.01 sys=0.00, real=0.00 secs] 
52.200: Total time for which application threads were stopped: 0.0049810 seconds, Stopping threads took: 0.0001120 seconds
52.222: Application time: 0.0219660 seconds
52.222: [GC52.222: [DefNew: 58155K->4389K(64512K), 0.0037010 secs] 157425K->103659K(207564K), 0.0037370 secs] [Times: user=0.01 sys=0.00, real=0.01 secs] 
52.226: Total time for which application threads were stopped: 0.0039830 seconds, Stopping threads took: 0.0001690 seconds
52.246: Application time: 0.0205040 seconds
52.246: [GC52.246: [DefNew: 61797K->2884K(64512K), 0.0078900 secs] 161067K->105687K(207564K), 0.0079310 secs] [Times: user=0.00 sys=0.00, real=0.01 secs] 
52.254: Total time for which application threads were stopped: 0.0081930 seconds, Stopping threads took: 0.0001700 seconds
52.275: Application time: 0.0210410 seconds
52.276: [GC52.276: [DefNew: 60292K->3399K(64512K), 0.0031880 secs] 163095K->106202K(207564K), 0.0032240 secs] [Times: user=0.01 sys=0.00, real=0.00 secs] 
52.279: Total time for which application threads were stopped: 0.0034920 seconds, Stopping threads took: 0.0002000 seconds
52.299: Application time: 0.0202440 seconds
52.299: [GC52.299: [DefNew: 60807K->7104K(64512K), 0.0067290 secs] 163610K->111012K(207564K), 0.0067710 secs] [Times: user=0.00 sys=0.00, real=0.01 secs] 
52.306: Total time for which application threads were stopped: 0.0069290 seconds, Stopping threads took: 0.0000800 seconds
52.326: Application time: 0.0196480 seconds
52.326: [GC52.326: [DefNew: 64512K->3967K(64512K), 0.0115560 secs] 168420K->114260K(207564K), 0.0116000 secs] [Times: user=0.01 sys=0.00, real=0.01 secs] 
52.337: Total time for which application threads were stopped: 0.0119120 seconds, Stopping threads took: 0.0002370 seconds
52.358: Application time: 0.0206610 seconds
52.358: [GC52.358: [DefNew: 61375K->6343K(64512K), 0.0089840 secs] 171668K->120351K(207564K), 0.0090290 secs] [Times: user=0.01 sys=0.00, real=0.01 secs] 
52.367: Total time for which application threads were stopped: 0.0091770 seconds, Stopping threads took: 0.0000710 seconds
52.389: Application time: 0.0216470 seconds
52.389: [GC52.389: [DefNew: 63751K->7103K(64512K), 0.0110960 secs] 177759K->125939K(207564K), 0.0111400 secs] [Times: user=0.01 sys=0.00, real=0.01 secs] 
52.400: Total time for which application threads were stopped: 0.0114080 seconds, Stopping threads took: 0.0001730 seconds
52.424: Application time: 0.0233210 seconds
52.424: [GC52.424: [DefNew: 64511K->7104K(64512K), 0.0184750 secs] 183347K->136987K(207564K), 0.0185210 secs] [Times: user=0.02 sys=0.00, real=0.02 secs] 
52.442: Total time for which application threads were stopped: 0.0187450 seconds, Stopping threads took: 0.0001480 seconds
52.473: Application time: 0.0300970 seconds
52.473: [GC52.473: [DefNew: 64512K->7104K(64512K), 0.0358470 secs]52.509: [Tenured: 151210K->74951K(151308K), 0.1153180 secs] 194395K->74951K(215820K), [Perm : 8831K->8831K(21248K)], 0.1514710 secs] [Times: user=0.16 sys=0.00, real=0.14 secs] 
52.624: Total time for which application threads were stopped: 0.1516130 seconds, Stopping threads took: 0.0000710 seconds
52.657: Application time: 0.0328780 seconds
52.657: [GC52.657: [DefNew: 57408K->7103K(64512K), 0.0123770 secs] 132359K->84024K(207564K), 0.0124220 secs] [Times: user=0.01 sys=0.00, real=0.01 secs] 
52.670: Total time for which application threads were stopped: 0.0126950 seconds, Stopping threads took: 0.0001860 seconds
52.700: Application time: 0.0298880 seconds
52.700: [GC52.700: [DefNew: 64511K->7104K(64512K), 0.0173060 secs] 141432K->91672K(207564K), 0.0173520 secs] [Times: user=0.02 sys=0.00, real=0.02 secs] 
52.717: Total time for which application threads were stopped: 0.0175940 seconds, Stopping threads took: 0.0001470 seconds
52.745: Application time: 0.0274030 seconds
52.745: [GC52.745: [DefNew: 64512K->7104K(64512K), 0.0187470 secs] 149080K->99341K(207564K), 0.0187870 secs] [Times: user=0.02 sys=0.00, real=0.01 secs] 
52.764: Total time for which application threads were stopped: 0.0191680 seconds, Stopping threads took: 0.0002820 seconds
52.790: Application time: 0.0257540 seconds
52.790: [GC52.790: [DefNew: 64512K->3960K(64512K), 0.0121230 secs] 156749K->102868K(207564K), 0.0121660 secs] [Times: user=0.01 sys=0.00, real=0.01 secs] 
52.802: Total time for which application threads were stopped: 0.0123750 seconds, Stopping threads took: 0.0001320 seconds
52.826: Application time: 0.0236260 seconds
52.826: [GC52.826: [DefNew: 61368K->770K(64512K), 0.0039260 secs] 160276K->102948K(207564K), 0.0039660 secs] [Times: user=0.00 sys=0.00, real=0.00 secs] 
52.830: Total time for which application threads were stopped: 0.0041960 seconds, Stopping threads took: 0.0001600 seconds
52.852: Application time: 0.0221030 seconds
52.852: [GC52.852: [DefNew: 58178K->4761K(64512K), 0.0044600 secs] 160356K->106939K(207564K), 0.0044970 secs] [Times: user=0.00 sys=0.00, real=0.01 secs] 
52.857: Total time for which application threads were stopped: 0.0046620 seconds, Stopping threads took: 0.0000940 seconds
52.877: Application time: 0.0206120 seconds
52.877: [GC52.877: [DefNew: 62169K->2757K(64512K), 0.0066390 secs] 164347K->108937K(207564K), 0.0066840 secs] [Times: user=0.01 sys=0.00, real=0.00 secs] 
52.884: Total time for which application threads were stopped: 0.0069270 seconds, Stopping threads took: 0.0001670 seconds
52.905: Application time: 0.0210420 seconds
52.905: [GC52.905: [DefNew: 60165K->2841K(64512K), 0.0027280 secs] 166345K->109020K(207564K), 0.0027600 secs] [Times: user=0.01 sys=0.00, real=0.00 secs] 
52.908: Total time for which application threads were stopped: 0.0029270 seconds, Stopping threads took: 0.0001010 seconds
52.928: Application time: 0.0201170 seconds
52.928: [GC52.928: [DefNew: 60249K->7104K(64512K), 0.0067980 secs] 166428K->113607K(207564K), 0.0068480 secs] [Times: user=0.01 sys=0.00, real=0.01 secs] 
52.935: Total time for which application threads were stopped: 0.0070670 seconds, Stopping threads took: 0.0001420 seconds
52.955: Application time: 0.0195030 seconds
52.955: [GC52.955: [DefNew: 64512K->6150K(64512K), 0.0116570 secs] 171015K->118351K(207564K), 0.0117020 secs] [Times: user=0.01 sys=0.00, real=0.01 secs] 
52.967: Total time for which application threads were stopped: 0.0118900 seconds, Stopping threads took: 0.0001100 seconds
52.988: Application time: 0.0210570 seconds
52.988: [GC52.988: [DefNew: 63558K->5758K(64512K), 0.0110690 secs] 175759K->122971K(207564K), 0.0111130 secs] [Times: user=0.01 sys=0.00, real=0.01 secs] 
52.999: Total time for which application threads were stopped: 0.0113670 seconds, Stopping threads took: 0.0001580 seconds
53.021: Application time: 0.0220180 seconds
53.021: [GC53.021: [DefNew: 63166K->7103K(64512K), 0.0112360 secs] 180379K->128331K(207564K), 0.0112790 secs] [Times: user=0.01 sys=0.00, real=0.02 secs] 
53.033: Total time for which application threads were stopped: 0.0114340 seconds, Stopping threads took: 0.0000760 seconds
53.056: Application time: 0.0234650 seconds
53.056: [GC53.056: [DefNew: 64511K->7103K(64512K), 0.0205650 secs] 185739K->142071K(207564K), 0.0206080 secs] [Times: user=0.02 sys=0.00, real=0.02 secs] 
53.077: Total time for which application threads were stopped: 0.0207860 seconds, Stopping threads took: 0.0001030 seconds
53.108: Application time: 0.0310580 seconds
53.108: [GC53.108: [DefNew: 64511K->7104K(64512K), 0.0356640 secs]53.144: [Tenured: 154464K->76390K(154572K), 0.1191250 secs] 199479K->76390K(219084K), [Perm : 8831K->8831K(21248K)], 0.1551870 secs] [Times: user=0.15 sys=0.00, real=0.15 secs] 
53.263: Total time for which application threads were stopped: 0.1553600 seconds, Stopping threads took: 0.0001000 seconds
53.296: Application time: 0.0324830 seconds
53.296: [GC53.296: [DefNew: 57408K->7104K(64512K), 0.0099310 secs] 133798K->84918K(207564K), 0.0099740 secs] [Times: user=0.01 sys=0.00, real=0.01 secs] 
53.306: Total time for which application threads were stopped: 0.0101200 seconds, Stopping threads took: 0.0000560 seconds
53.335: Application time: 0.0293190 seconds
53.335: [GC53.335: [DefNew: 64512K->7104K(64512K), 0.0209240 secs] 142326K->92825K(207564K), 0.0209780 secs] [Times: user=0.02 sys=0.00, real=0.02 secs] 
53.356: Total time for which application threads were stopped: 0.0211920 seconds, Stopping threads took: 0.0001380 seconds
53.384: Application time: 0.0273090 seconds
53.384: [GC53.384: [DefNew: 64512K->6481K(64512K), 0.0128850 secs] 150233K->99138K(207564K), 0.0129280 secs] [Times: user=0.01 sys=0.00, real=0.02 secs] 
53.397: Total time for which application threads were stopped: 0.0131780 seconds, Stopping threads took: 0.0001750 seconds
53.422: Application time: 0.0254300 seconds
53.423: [GC53.423: [DefNew: 63889K->2023K(64512K), 0.0079640 secs] 156546K->100376K(207564K), 0.0080070 secs] [Times: user=0.00 sys=0.00, real=0.01 secs] 
53.431: Total time for which application threads were stopped: 0.0091870 seconds, Stopping threads took: 0.0010840 seconds
53.455: Application time: 0.0231640 seconds
53.455: [GC53.455: [DefNew: 59431K->2081K(64512K), 0.0025610 secs] 157784K->100435K(207564K), 0.0025950 secs] [Times: user=0.00 sys=0.00, real=0.00 secs] 
53.457: Total time for which application threads were stopped: 0.0028430 seconds, Stopping threads took: 0.0001650 seconds
53.479: Application time: 0.0214150 seconds
53.479: [GC53.479: [DefNew: 59489K->6359K(64512K), 0.0059620 secs] 157843K->104713K(207564K), 0.0060040 secs] [Times: user=0.01 sys=0.00, real=0.01 secs] 
53.485: Total time for which application threads were stopped: 0.0063610 seconds, Stopping threads took: 0.0002660 seconds
53.506: Application time: 0.0206720 seconds
53.506: [GC53.506: [DefNew: 63767K->2368K(64512K), 0.0088750 secs] 162121K->106385K(207564K), 0.0089170 secs] [Times: user=0.01 sys=0.00, real=0.01 secs] 
53.515: Total time for which application threads were stopped: 0.0091370 seconds, Stopping threads took: 0.0001250 seconds
53.536: Application time: 0.0207890 seconds
53.536: [GC53.536: [DefNew: 59776K->2424K(64512K), 0.0025590 secs] 163793K->106441K(207564K), 0.0025920 secs] [Times: user=0.00 sys=0.00, real=0.00 secs] 
53.539: Total time for which application threads were stopped: 0.0029560 seconds, Stopping threads took: 0.0002790 seconds
53.559: Application time: 0.0203150 seconds
53.559: [GC53.559: [DefNew: 59832K->7103K(64512K), 0.0077730 secs] 163849K->111691K(207564K), 0.0078170 secs] [Times: user=0.01 sys=0.00, real=0.01 secs] 
53.567: Total time for which application threads were stopped: 0.0079940 seconds, Stopping threads took: 0.0001000 seconds
53.587: Application time: 0.0194400 seconds
53.587: [GC53.587: [DefNew: 64511K->7103K(64512K), 0.0115310 secs] 169099K->118022K(207564K), 0.0115770 secs] [Times: user=0.01 sys=0.00, real=0.01 secs] 
53.598: Total time for which application threads were stopped: 0.0118730 seconds, Stopping threads took: 0.0002110 seconds
53.620: Application time: 0.0212420 seconds
53.620: [GC53.620: [DefNew: 64511K->6165K(64512K), 0.0125890 secs] 175430K->122216K(207564K), 0.0126390 secs] [Times: user=0.01 sys=0.00, real=0.02 secs] 
53.632: Total time for which application threads were stopped: 0.0128180 seconds, Stopping threads took: 0.0001030 seconds
53.655: Application time: 0.0226030 seconds
53.655: [GC53.655: [DefNew: 63573K->7103K(64512K), 0.0127250 secs] 179624K->127714K(207564K), 0.0127690 secs] [Times: user=0.01 sys=0.00, real=0.01 secs] 
53.668: Total time for which application threads were stopped: 0.0130090 seconds, Stopping threads took: 0.0001640 seconds
53.693: Application time: 0.0245780 seconds
53.693: [GC53.693: [DefNew: 64511K->7104K(64512K), 0.0225270 secs] 185122K->143321K(207564K), 0.0225720 secs] [Times: user=0.02 sys=0.00, real=0.02 secs] 
53.715: Total time for which application threads were stopped: 0.0228030 seconds, Stopping threads took: 0.0001380 seconds
53.746: Application time: 0.0306910 seconds
53.746: [GC53.746: [DefNew: 64512K->7104K(64512K), 0.0380990 secs]53.785: [Tenured: 152516K->76548K(152652K), 0.1200050 secs] 200729K->76548K(217164K), [Perm : 8831K->8831K(21248K)], 0.1584410 secs] [Times: user=0.16 sys=0.00, real=0.16 secs] 
53.905: Total time for which application threads were stopped: 0.1587000 seconds, Stopping threads took: 0.0001620 seconds
53.937: Application time: 0.0321630 seconds
53.937: [GC53.937: [DefNew: 57408K->7104K(64512K), 0.0118850 secs] 133956K->85055K(207564K), 0.0119310 secs] [Times: user=0.01 sys=0.00, real=0.01 secs] 
53.949: Total time for which application threads were stopped: 0.0122180 seconds, Stopping threads took: 0.0001770 seconds
53.978: Application time: 0.0291360 seconds
53.981: [GC53.981: [DefNew: 64512K->7104K(64512K), 0.0217730 secs] 142463K->95277K(207564K), 0.0218180 secs] [Times: user=0.02 sys=0.00, real=0.02 secs] 
54.003: Total time for which application threads were stopped: 0.0242080 seconds, Stopping threads took: 0.0022960 seconds
54.029: Application time: 0.0268270 seconds
54.030: [GC54.030: [DefNew: 64512K->7052K(64512K), 0.0156030 secs] 152685K->100551K(207564K), 0.0156450 secs] [Times: user=0.02 sys=0.00, real=0.02 secs] 
54.045: Total time for which application threads were stopped: 0.0159240 seconds, Stopping threads took: 0.0001830 seconds
54.071: Application time: 0.0252720 seconds
54.071: [GC54.071: [DefNew: 64460K->1218K(64512K), 0.0069050 secs] 157959K->101140K(207564K), 0.0069500 secs] [Times: user=0.01 sys=0.00, real=0.01 secs] 
54.078: Total time for which application threads were stopped: 0.0072200 seconds, Stopping threads took: 0.0001740 seconds
54.101: Application time: 0.0229830 seconds
54.101: [GC54.101: [DefNew: 58626K->2091K(64512K), 0.0024960 secs] 158548K->102013K(207564K), 0.0025280 secs] [Times: user=0.00 sys=0.00, real=0.00 secs] 
54.104: Total time for which application threads were stopped: 0.0027490 seconds, Stopping threads took: 0.0001570 seconds
54.125: Application time: 0.0214470 seconds
54.125: [GC54.125: [DefNew: 59499K->6271K(64512K), 0.0078770 secs] 159421K->106193K(207564K), 0.0079180 secs] [Times: user=0.01 sys=0.00, real=0.01 secs] 
54.133: Total time for which application threads were stopped: 0.0081290 seconds, Stopping threads took: 0.0001370 seconds
54.154: Application time: 0.0206880 seconds
54.154: [GC54.154: [DefNew: 63679K->1544K(64512K), 0.0069080 secs] 163601K->107208K(207564K), 0.0069530 secs] [Times: user=0.00 sys=0.00, real=0.00 secs] 
54.161: Total time for which application threads were stopped: 0.0071380 seconds, Stopping threads took: 0.0001090 seconds
54.182: Application time: 0.0206980 seconds
54.182: [GC54.182: [DefNew: 58952K->3148K(64512K), 0.0027650 secs] 164616K->108812K(207564K), 0.0027980 secs] [Times: user=0.00 sys=0.00, real=0.01 secs] 
54.185: Total time for which application threads were stopped: 0.0029730 seconds, Stopping threads took: 0.0001090 seconds
54.205: Application time: 0.0203250 seconds
54.205: [GC54.205: [DefNew: 60556K->7062K(64512K), 0.0062260 secs] 166220K->112726K(207564K), 0.0062690 secs] [Times: user=0.00 sys=0.00, real=0.00 secs] 
54.211: Total time for which application threads were stopped: 0.0064340 seconds, Stopping threads took: 0.0000890 seconds
54.231: Application time: 0.0199000 seconds
54.232: [GC54.232: [DefNew: 64470K->7103K(64512K), 0.0130540 secs] 170134K->119644K(207564K), 0.0130980 secs] [Times: user=0.01 sys=0.00, real=0.02 secs] 
54.245: Total time for which application threads were stopped: 0.0133050 seconds, Stopping threads took: 0.0001290 seconds
54.266: Application time: 0.0212150 seconds
54.266: [GC54.266: [DefNew: 64511K->7104K(64512K), 0.0143710 secs] 177052K->125035K(207564K), 0.0144140 secs] [Times: user=0.01 sys=0.00, real=0.01 secs] 
54.281: Total time for which application threads were stopped: 0.0147670 seconds, Stopping threads took: 0.0002580 seconds
54.304: Application time: 0.0233240 seconds
54.304: [GC54.304: [DefNew: 64512K->7104K(64512K), 0.0141040 secs] 182443K->130758K(207564K), 0.0141480 secs] [Times: user=0.01 sys=0.00, real=0.02 secs] 
54.318: Total time for which application threads were stopped: 0.0143790 seconds, Stopping threads took: 0.0001540 seconds
54.343: Application time: 0.0251130 seconds
54.344: [GC54.344: [DefNew: 64512K->7103K(64512K), 0.0220950 secs] 188166K->145755K(207564K), 0.0221460 secs] [Times: user=0.03 sys=0.00, real=0.03 secs] 
54.366: Total time for which application threads were stopped: 0.0222930 seconds, Stopping threads took: 0.0000760 seconds
54.397: Application time: 0.0314550 seconds
54.397: [GC54.397: [DefNew: 64511K->7104K(64512K), 0.0353620 secs]54.433: [Tenured: 153732K->77328K(153804K), 0.1289170 secs] 203163K->77328K(218316K), [Perm : 8831K->8831K(21248K)], 0.1646960 secs] [Times: user=0.16 sys=0.00, real=0.16 secs] 
54.562: Total time for which application threads were stopped: 0.1649320 seconds, Stopping threads took: 0.0001640 seconds
54.593: Application time: 0.0312600 seconds
54.594: [GC54.594: [DefNew: 57408K->7103K(64512K), 0.0112240 secs] 134736K->87322K(207564K), 0.0112640 secs] [Times: user=0.01 sys=0.00, real=0.01 secs] 
54.605: Total time for which application threads were stopped: 0.0114590 seconds, Stopping threads took: 0.0001070 seconds
54.633: Application time: 0.0284840 seconds
54.637: [GC54.637: [DefNew: 64511K->7103K(64512K), 0.0210430 secs] 144730K->96454K(207564K), 0.0210840 secs] [Times: user=0.02 sys=0.00, real=0.02 secs] 
54.658: Total time for which application threads were stopped: 0.0244070 seconds, Stopping threads took: 0.0032270 seconds
54.685: Application time: 0.0270290 seconds
54.685: [GC54.685: [DefNew: 64511K->5799K(64512K), 0.0147670 secs] 153862K->101419K(207564K), 0.0148120 secs] [Times: user=0.02 sys=0.00, real=0.01 secs] 
54.700: Total time for which application threads were stopped: 0.0150540 seconds, Stopping threads took: 0.0001530 seconds
54.724: Application time: 0.0245350 seconds
54.725: [GC54.725: [DefNew: 63207K->1526K(64512K), 0.0062900 secs] 158827K->102066K(207564K), 0.0063340 secs] [Times: user=0.01 sys=0.00, real=0.00 secs] 
54.731: Total time for which application threads were stopped: 0.0066340 seconds, Stopping threads took: 0.0002250 seconds
54.754: Application time: 0.0229890 seconds
54.754: [GC54.754: [DefNew: 58934K->4238K(64512K), 0.0039030 secs] 159474K->104778K(207564K), 0.0039450 secs] [Times: user=0.00 sys=0.00, real=0.00 secs] 
54.758: Total time for which application threads were stopped: 0.0042130 seconds, Stopping threads took: 0.0001950 seconds
54.780: Application time: 0.0219270 seconds
54.780: [GC54.780: [DefNew: 61646K->6129K(64512K), 0.0073520 secs] 162186K->107595K(207564K), 0.0073970 secs] [Times: user=0.00 sys=0.00, real=0.01 secs] 
54.788: Total time for which application threads were stopped: 0.0075770 seconds, Stopping threads took: 0.0001030 seconds
54.808: Application time: 0.0207310 seconds
54.809: [GC54.809: [DefNew: 63537K->873K(64512K), 0.0066190 secs] 165003K->108116K(207564K), 0.0066640 secs] [Times: user=0.01 sys=0.00, real=0.01 secs] 
54.815: Total time for which application threads were stopped: 0.0069140 seconds, Stopping threads took: 0.0001750 seconds
54.836: Application time: 0.0204780 seconds
54.836: [GC54.836: [DefNew: 58281K->4027K(64512K), 0.0036540 secs] 165524K->111270K(207564K), 0.0036900 secs] [Times: user=0.00 sys=0.00, real=0.00 secs] 
54.840: Total time for which application threads were stopped: 0.0039710 seconds, Stopping threads took: 0.0002170 seconds
54.860: Application time: 0.0203610 seconds
54.861: [GC54.861: [DefNew: 61435K->6147K(64512K), 0.0088760 secs] 168678K->114104K(207564K), 0.0089180 secs] [Times: user=0.01 sys=0.00, real=0.01 secs] 
54.870: Total time for which application threads were stopped: 0.0092600 seconds, Stopping threads took: 0.0002480 seconds
54.890: Application time: 0.0204910 seconds
54.890: [GC54.890: [DefNew: 63555K->7103K(64512K), 0.0122590 secs] 171512K->120812K(207564K), 0.0123030 secs] [Times: user=0.01 sys=0.00, real=0.01 secs] 
54.903: Total time for which application threads were stopped: 0.0125810 seconds, Stopping threads took: 0.0002010 seconds
54.924: Application time: 0.0218900 seconds
54.925: [GC54.925: [DefNew: 64511K->7104K(64512K), 0.0131900 secs] 178220K->127337K(207564K), 0.0132370 secs] [Times: user=0.02 sys=0.00, real=0.01 secs] 
54.938: Total time for which application threads were stopped: 0.0134990 seconds, Stopping threads took: 0.0001570 seconds
54.961: Application time: 0.0227610 seconds
54.961: [GC54.961: [DefNew: 64512K->7104K(64512K), 0.0148920 secs] 184745K->133646K(207564K), 0.0149340 secs] [Times: user=0.01 sys=0.00, real=0.02 secs] 
54.976: Total time for which application threads were stopped: 0.0152110 seconds, Stopping threads took: 0.0001830 seconds
55.002: Application time: 0.0262390 seconds
55.002: [GC55.002: [DefNew: 64512K->7104K(64512K), 0.0233770 secs] 191054K->149424K(207564K), 0.0234200 secs] [Times: user=0.03 sys=0.00, real=0.03 secs] 
55.026: Total time for which application threads were stopped: 0.0236870 seconds, Stopping threads took: 0.0001810 seconds
55.057: Application time: 0.0314130 seconds
55.058: [GC55.058: [DefNew: 64512K->7104K(64512K), 0.0295540 secs]55.087: [Tenured: 155022K->76947K(155148K), 0.1271780 secs] 206832K->76947K(219660K), [Perm : 8831K->8831K(21248K)], 0.1571840 secs] [Times: user=0.15 sys=0.00, real=0.16 secs] 
55.215: Total time for which application threads were stopped: 0.1574470 seconds, Stopping threads took: 0.0001720 seconds
55.246: Application time: 0.0316860 seconds
55.247: [GC55.247: [DefNew: 57408K->6558K(64512K), 0.0077330 secs] 134355K->83506K(207564K), 0.0077760 secs] [Times: user=0.01 sys=0.00, real=0.01 secs] 
55.255: Total time for which application threads were stopped: 0.0081100 seconds, Stopping threads took: 0.0002460 seconds
55.283: Application time: 0.0284310 seconds
55.283: [GC55.283: [DefNew: 63966K->7104K(64512K), 0.0135040 secs] 140914K->88129K(207564K), 0.0135480 secs] [Times: user=0.01 sys=0.00, real=0.02 secs] 
55.297: Total time for which application threads were stopped: 0.0138150 seconds, Stopping threads took: 0.0001790 seconds
55.323: Application time: 0.0263070 seconds
55.323: [GC55.323: [DefNew: 64512K->6414K(64512K), 0.0147550 secs] 145537K->94097K(207564K), 0.0147990 secs] [Times: user=0.02 sys=0.00, real=0.02 secs] 
55.338: Total time for which application threads were stopped: 0.0151120 seconds, Stopping threads took: 0.0002160 seconds
55.362: Application time: 0.0241700 seconds
55.363: [GC55.363: [DefNew: 63822K->2158K(64512K), 0.0062950 secs] 151505K->93689K(207564K), 0.0063370 secs] [Times: user=0.00 sys=0.00, real=0.01 secs] 
55.369: Total time for which application threads were stopped: 0.0066490 seconds, Stopping threads took: 0.0002180 seconds
55.392: Application time: 0.0234450 seconds
55.393: [GC55.393: [DefNew: 59566K->5835K(64512K), 0.0052960 secs] 151097K->97366K(207564K), 0.0053380 secs] [Times: user=0.01 sys=0.00, real=0.00 secs] 
55.398: Total time for which application threads were stopped: 0.0055330 seconds, Stopping threads took: 0.0001200 seconds
55.420: Application time: 0.0217080 seconds
55.420: [GC55.420: [DefNew: 63243K->3283K(64512K), 0.0077000 secs] 154774K->99559K(207564K), 0.0077420 secs] [Times: user=0.01 sys=0.00, real=0.01 secs] 
55.428: Total time for which application threads were stopped: 0.0080210 seconds, Stopping threads took: 0.0001960 seconds
55.449: Application time: 0.0209870 seconds
55.449: [GC55.449: [DefNew: 60691K->3325K(64512K), 0.0026170 secs] 156967K->99601K(207564K), 0.0026520 secs] [Times: user=0.00 sys=0.00, real=0.00 secs] 
55.452: Total time for which application threads were stopped: 0.0029420 seconds, Stopping threads took: 0.0002240 seconds
55.472: Application time: 0.0207000 seconds
55.473: [GC55.473: [DefNew: 60733K->7103K(64512K), 0.0068640 secs] 157009K->104243K(207564K), 0.0069050 secs] [Times: user=0.01 sys=0.00, real=0.00 secs] 
55.480: Total time for which application threads were stopped: 0.0071190 seconds, Stopping threads took: 0.0001370 seconds
55.500: Application time: 0.0203690 seconds
55.500: [GC55.500: [DefNew: 64511K->6928K(64512K), 0.0123220 secs] 161651K->109570K(207564K), 0.0123650 secs] [Times: user=0.01 sys=0.00, real=0.01 secs] 
55.512: Total time for which application threads were stopped: 0.0125550 seconds, Stopping threads took: 0.0001130 seconds
55.534: Application time: 0.0213160 seconds
55.534: [GC55.534: [DefNew: 64336K->6431K(64512K), 0.0105320 secs] 166978K->114216K(207564K), 0.0106100 secs] [Times: user=0.01 sys=0.01, real=0.01 secs] 
55.545: Total time for which application threads were stopped: 0.0107650 seconds, Stopping threads took: 0.0000780 seconds
55.567: Application time: 0.0222450 seconds
55.569: [GC55.569: [DefNew: 63839K->7103K(64512K), 0.0144490 secs] 171624K->119861K(207564K), 0.0144910 secs] [Times: user=0.01 sys=0.00, real=0.01 secs] 
55.583: Total time for which application threads were stopped: 0.0164080 seconds, Stopping threads took: 0.0018410 seconds
55.606: Application time: 0.0230420 seconds
55.606: [GC55.606: [DefNew: 64511K->7103K(64512K), 0.0151770 secs] 177269K->127303K(207564K), 0.0152200 secs] [Times: user=0.02 sys=0.00, real=0.01 secs] 
55.622: Total time for which application threads were stopped: 0.0154110 seconds, Stopping threads took: 0.0001180 seconds
55.648: Application time: 0.0263440 seconds
55.648: [GC55.648: [DefNew: 64511K->7104K(64512K), 0.0291450 secs] 184711K->144609K(207564K), 0.0291890 secs] [Times: user=0.03 sys=0.00, real=0.03 secs] 
55.677: Total time for which application threads were stopped: 0.0294090 seconds, Stopping threads took: 0.0001280 seconds
55.709: Application time: 0.0312090 seconds
55.709: [GC55.709: [DefNew: 64512K->7104K(64512K), 0.0266730 secs]55.736: [Tenured: 151012K->77169K(151116K), 0.1185200 secs] 202017K->77169K(215628K), [Perm : 8832K->8832K(21248K)], 0.1455330 secs] [Times: user=0.14 sys=0.00, real=0.15 secs] 
55.854: Total time for which application threads were stopped: 0.1458310 seconds, Stopping threads took: 0.0002150 seconds
55.886: Application time: 0.0311790 seconds
55.886: [GC55.886: [DefNew: 57408K->7104K(64512K), 0.0105340 secs] 134577K->85086K(207564K), 0.0105800 secs] [Times: user=0.01 sys=0.00, real=0.01 secs] 
55.896: Total time for which application threads were stopped: 0.0108000 seconds, Stopping threads took: 0.0001210 seconds
55.924: Application time: 0.0271880 seconds
55.924: [GC55.924: [DefNew: 64512K->7104K(64512K), 0.0176610 secs] 142494K->92562K(207564K), 0.0177040 secs] [Times: user=0.02 sys=0.00, real=0.02 secs] 
55.942: Total time for which application threads were stopped: 0.0181110 seconds, Stopping threads took: 0.0003100 seconds
55.968: Application time: 0.0260510 seconds
55.968: [GC55.968: [DefNew: 64512K->6412K(64512K), 0.0148380 secs] 149970K->98614K(207564K), 0.0148840 secs] [Times: user=0.01 sys=0.00, real=0.01 secs] 
55.983: Total time for which application threads were stopped: 0.0151310 seconds, Stopping threads took: 0.0001500 seconds
56.007: Application time: 0.0241490 seconds
56.007: [GC56.007: [DefNew: 63820K->2374K(64512K), 0.0069630 secs] 156022K->98960K(207564K), 0.0070070 secs] [Times: user=0.01 sys=0.00, real=0.01 secs] 
56.014: Total time for which application threads were stopped: 0.0072300 seconds, Stopping threads took: 0.0001290 seconds
56.038: Application time: 0.0232980 seconds
56.038: [GC56.038: [DefNew: 59782K->7104K(64512K), 0.0081920 secs] 156368K->103801K(207564K), 0.0082340 secs] [Times: user=0.01 sys=0.00, real=0.01 secs] 
56.046: Total time for which application threads were stopped: 0.0086290 seconds, Stopping threads took: 0.0003010 seconds
56.068: Application time: 0.0222600 seconds
56.069: [GC56.069: [DefNew: 64512K->1933K(64512K), 0.0091180 secs] 161209K->105011K(207564K), 0.0091620 secs] [Times: user=0.01 sys=0.00, real=0.01 secs] 
56.078: Total time for which application threads were stopped: 0.0093940 seconds, Stopping threads took: 0.0001370 seconds
56.099: Application time: 0.0208990 seconds
56.099: [GC56.099: [DefNew: 59341K->4405K(64512K), 0.0043690 secs] 162419K->107484K(207564K), 0.0044090 secs] [Times: user=0.01 sys=0.00, real=0.00 secs] 
56.103: Total time for which application threads were stopped: 0.0046520 seconds, Stopping threads took: 0.0001520 seconds
56.125: Application time: 0.0211540 seconds
56.125: [GC56.125: [DefNew: 61813K->6257K(64512K), 0.0099780 secs] 164892K->111003K(207564K), 0.0100210 secs] [Times: user=0.01 sys=0.00, real=0.01 secs] 
56.135: Total time for which application threads were stopped: 0.0104580 seconds, Stopping threads took: 0.0003330 seconds
56.156: Application time: 0.0210120 seconds
56.156: [GC56.156: [DefNew: 63665K->6959K(64512K), 0.0104470 secs] 168411K->116625K(207564K), 0.0104890 secs] [Times: user=0.01 sys=0.00, real=0.01 secs] 
56.167: Total time for which application threads were stopped: 0.0108060 seconds, Stopping threads took: 0.0002410 seconds
56.189: Application time: 0.0216400 seconds
56.189: [GC56.189: [DefNew: 64367K->7103K(64512K), 0.0137960 secs] 174033K->122300K(207564K), 0.0138390 secs] [Times: user=0.01 sys=0.00, real=0.01 secs] 
56.203: Total time for which application threads were stopped: 0.0140870 seconds, Stopping threads took: 0.0001720 seconds
56.225: Application time: 0.0225910 seconds
56.225: [GC56.225: [DefNew: 64511K->5689K(64512K), 0.0110020 secs] 179708K->126476K(207564K), 0.0110480 secs] [Times: user=0.01 sys=0.00, real=0.01 secs] 
56.236: Total time for which application threads were stopped: 0.0112680 seconds, Stopping threads took: 0.0001320 seconds
56.260: Application time: 0.0235760 seconds
56.260: [GC56.260: [DefNew: 63097K->7104K(64512K), 0.0128090 secs] 183884K->134607K(207564K), 0.0128540 secs] [Times: user=0.01 sys=0.00, real=0.02 secs] 
56.273: Total time for which application threads were stopped: 0.0130970 seconds, Stopping threads took: 0.0001500 seconds
56.299: Application time: 0.0254950 seconds
56.299: [GC56.299: [DefNew: 64512K->7104K(64512K), 0.0283640 secs] 192015K->149674K(207564K), 0.0284090 secs] [Times: user=0.03 sys=0.00, real=0.03 secs] 
56.327: Total time for which application threads were stopped: 0.0287080 seconds, Stopping threads took: 0.0002050 seconds
56.358: Application time: 0.0303370 seconds
56.358: [GC56.358: [DefNew: 64512K->7103K(64512K), 0.0290150 secs]56.387: [Tenured: 155991K->76209K(156108K), 0.1189680 secs] 207082K->76209K(220620K), [Perm : 8832K->8832K(21248K)], 0.1484040 secs] [Times: user=0.15 sys=0.00, real=0.15 secs] 
56.506: Total time for which application threads were stopped: 0.1485830 seconds, Stopping threads took: 0.0001050 seconds
56.536: Application time: 0.0300450 seconds
56.536: [GC56.536: [DefNew: 57408K->7104K(64512K), 0.0096800 secs] 133617K->84573K(207564K), 0.0097210 secs] [Times: user=0.01 sys=0.00, real=0.01 secs] 
56.546: Total time for which application threads were stopped: 0.0099010 seconds, Stopping threads took: 0.0000880 seconds
56.574: Application time: 0.0278040 seconds
56.574: [GC56.574: [DefNew: 64512K->7103K(64512K), 0.0168130 secs] 141981K->92179K(207564K), 0.0168590 secs] [Times: user=0.02 sys=0.00, real=0.01 secs] 
56.591: Total time for which application threads were stopped: 0.0170840 seconds, Stopping threads took: 0.0001490 seconds
56.617: Application time: 0.0256630 seconds
56.617: [GC56.617: [DefNew: 64511K->5812K(64512K), 0.0138520 secs] 149587K->97363K(207564K), 0.0138960 secs] [Times: user=0.01 sys=0.00, real=0.01 secs] 
56.631: Total time for which application threads were stopped: 0.0140620 seconds, Stopping threads took: 0.0000900 seconds
56.655: Application time: 0.0241010 seconds
56.655: [GC56.655: [DefNew: 63220K->5938K(64512K), 0.0086980 secs] 154771K->101218K(207564K), 0.0087430 secs] [Times: user=0.01 sys=0.00, real=0.00 secs] 
56.664: Total time for which application threads were stopped: 0.0090960 seconds, Stopping threads took: 0.0002550 seconds
56.688: Application time: 0.0235130 seconds
56.688: [GC56.688: [DefNew: 63346K->3607K(64512K), 0.0091020 secs] 158626K->103428K(207564K), 0.0091450 secs] [Times: user=0.01 sys=0.00, real=0.01 secs] 
56.697: Total time for which application threads were stopped: 0.0095000 seconds, Stopping threads took: 0.0002600 seconds
56.720: Application time: 0.0224680 seconds
56.720: [GC56.720: [DefNew: 61015K->648K(64512K), 0.0036990 secs] 160836K->103684K(207564K), 0.0037370 secs] [Times: user=0.00 sys=0.00, real=0.00 secs] 
56.723: Total time for which application threads were stopped: 0.0039470 seconds, Stopping threads took: 0.0001280 seconds
56.744: Application time: 0.0207730 seconds
56.744: [GC56.744: [DefNew: 58056K->3810K(64512K), 0.0035730 secs] 161092K->106846K(207564K), 0.0036230 secs] [Times: user=0.00 sys=0.00, real=0.01 secs] 
56.748: Total time for which application threads were stopped: 0.0038090 seconds, Stopping threads took: 0.0001210 seconds
56.770: Application time: 0.0214730 seconds
56.770: [GC56.770: [DefNew: 61218K->7103K(64512K), 0.0098160 secs] 164254K->111397K(207564K), 0.0098590 secs] [Times: user=0.01 sys=0.00, real=0.01 secs] 
56.780: Total time for which application threads were stopped: 0.0100040 seconds, Stopping threads took: 0.0000700 seconds
56.801: Application time: 0.0214290 seconds
56.801: [GC56.801: [DefNew: 64511K->6881K(64512K), 0.0142780 secs] 168805K->117766K(207564K), 0.0143220 secs] [Times: user=0.01 sys=0.00, real=0.02 secs] 
56.816: Total time for which application threads were stopped: 0.0146170 seconds, Stopping threads took: 0.0001970 seconds
56.837: Application time: 0.0214590 seconds
56.837: [GC56.837: [DefNew: 64289K->7103K(64512K), 0.0147610 secs] 175174K->123448K(207564K), 0.0148060 secs] [Times: user=0.02 sys=0.00, real=0.01 secs] 
56.852: Total time for which application threads were stopped: 0.0149850 seconds, Stopping threads took: 0.0001010 seconds
56.875: Application time: 0.0225630 seconds
56.875: [GC56.875: [DefNew: 64511K->5368K(64512K), 0.0140610 secs] 180856K->127978K(207564K), 0.0141040 secs] [Times: user=0.01 sys=0.00, real=0.01 secs] 
56.889: Total time for which application threads were stopped: 0.0143060 seconds, Stopping threads took: 0.0001260 seconds
56.913: Application time: 0.0244220 seconds
56.914: [GC56.914: [DefNew: 62776K->7103K(64512K), 0.0191090 secs] 185386K->139711K(207564K), 0.0191520 secs] [Times: user=0.01 sys=0.00, real=0.02 secs] 
56.933: Total time for which application threads were stopped: 0.0194230 seconds, Stopping threads took: 0.0001950 seconds
56.958: Application time: 0.0255740 seconds
56.959: [GC56.959: [DefNew: 64511K->7104K(64512K), 0.0270090 secs]56.986: [Tenured: 146037K->76441K(146124K), 0.1255420 secs] 197119K->76441K(210636K), [Perm : 8832K->8832K(21248K)], 0.1527510 secs] [Times: user=0.15 sys=0.00, real=0.15 secs] 
57.111: Total time for which application threads were stopped: 0.1529720 seconds, Stopping threads took: 0.0001500 seconds
57.142: Application time: 0.0308870 seconds
57.142: [GC57.142: [DefNew: 57408K->7103K(64512K), 0.0214670 secs] 133849K->90866K(207564K), 0.0215110 secs] [Times: user=0.02 sys=0.00, real=0.02 secs] 
57.164: Total time for which application threads were stopped: 0.0217960 seconds, Stopping threads took: 0.0001770 seconds
57.193: Application time: 0.0292050 seconds
57.193: [GC57.193: [DefNew: 64511K->7104K(64512K), 0.0177640 secs] 148274K->98440K(207564K), 0.0178100 secs] [Times: user=0.02 sys=0.00, real=0.01 secs] 
57.211: Total time for which application threads were stopped: 0.0180520 seconds, Stopping threads took: 0.0001650 seconds
57.239: Application time: 0.0277190 seconds
57.239: [GC57.239: [DefNew: 64512K->7104K(64512K), 0.0143030 secs] 155848K->104430K(207564K), 0.0143470 secs] [Times: user=0.02 sys=0.00, real=0.02 secs] 
57.254: Total time for which application threads were stopped: 0.0145120 seconds, Stopping threads took: 0.0000910 seconds
57.279: Application time: 0.0253990 seconds
57.279: [GC57.279: [DefNew: 64512K->4211K(64512K), 0.0099750 secs] 161838K->108294K(207564K), 0.0100160 secs] [Times: user=0.01 sys=0.00, real=0.01 secs] 
57.289: Total time for which application threads were stopped: 0.0102070 seconds, Stopping threads took: 0.0001160 seconds
57.313: Application time: 0.0241630 seconds
57.313: [GC57.313: [DefNew: 61619K->6185K(64512K), 0.0084720 secs] 165702K->112352K(207564K), 0.0085150 secs] [Times: user=0.01 sys=0.00, real=0.00 secs] 
57.322: Total time for which application threads were stopped: 0.0087090 seconds, Stopping threads took: 0.0001190 seconds
57.345: Application time: 0.0228520 seconds
57.345: [GC57.345: [DefNew: 63593K->3286K(64512K), 0.0082210 secs] 169760K->114452K(207564K), 0.0082640 secs] [Times: user=0.00 sys=0.00, real=0.01 secs] 
57.353: Total time for which application threads were stopped: 0.0085400 seconds, Stopping threads took: 0.0001900 seconds
57.376: Application time: 0.0223250 seconds
57.376: [GC57.376: [DefNew: 60694K->3332K(64512K), 0.0027090 secs] 171860K->114498K(207564K), 0.0027450 secs] [Times: user=0.01 sys=0.00, real=0.00 secs] 
57.379: Total time for which application threads were stopped: 0.0029030 seconds, Stopping threads took: 0.0000900 seconds
57.400: Application time: 0.0209250 seconds
57.400: [GC57.400: [DefNew: 60740K->7104K(64512K), 0.0071000 secs] 171906K->119273K(207564K), 0.0071450 secs] [Times: user=0.01 sys=0.00, real=0.01 secs] 
57.407: Total time for which application threads were stopped: 0.0073950 seconds, Stopping threads took: 0.0001730 seconds
57.428: Application time: 0.0206760 seconds
57.428: [GC57.428: [DefNew: 64512K->5371K(64512K), 0.0126720 secs] 176681K->123707K(207564K), 0.0127220 secs] [Times: user=0.01 sys=0.00, real=0.01 secs] 
57.441: Total time for which application threads were stopped: 0.0128780 seconds, Stopping threads took: 0.0000760 seconds
57.462: Application time: 0.0214390 seconds
57.462: [GC57.462: [DefNew: 62779K->5736K(64512K), 0.0078480 secs] 181115K->127596K(207564K), 0.0078940 secs] [Times: user=0.00 sys=0.00, real=0.01 secs] 
57.470: Total time for which application threads were stopped: 0.0081760 seconds, Stopping threads took: 0.0001880 seconds
57.492: Application time: 0.0216800 seconds
57.492: [GC57.492: [DefNew: 63144K->7103K(64512K), 0.0136170 secs] 185004K->135171K(207564K), 0.0136610 secs] [Times: user=0.01 sys=0.00, real=0.02 secs] 
57.506: Total time for which application threads were stopped: 0.0139120 seconds, Stopping threads took: 0.0001530 seconds
57.528: Application time: 0.0225960 seconds
57.528: [GC57.528: [DefNew: 64511K->5297K(64512K), 0.0120950 secs] 192579K->138257K(207564K), 0.0121380 secs] [Times: user=0.01 sys=0.00, real=0.01 secs] 
57.541: Total time for which application threads were stopped: 0.0123120 seconds, Stopping threads took: 0.0000910 seconds
57.565: Application time: 0.0248210 seconds
57.566: [GC57.566: [DefNew: 62705K->7103K(64512K), 0.0154730 secs] 195665K->149235K(207564K), 0.0155180 secs] [Times: user=0.02 sys=0.00, real=0.01 secs] 
57.581: Total time for which application threads were stopped: 0.0157750 seconds, Stopping threads took: 0.0001620 seconds
57.608: Application time: 0.0267860 seconds
57.608: [GC57.608: [DefNew: 64511K->7104K(64512K), 0.0260030 secs]57.634: [Tenured: 154810K->80407K(154956K), 0.1179240 secs] 206643K->80407K(219468K), [Perm : 8832K->8832K(21248K)], 0.1443320 secs] [Times: user=0.14 sys=0.00, real=0.15 secs] 
57.753: Total time for which application threads were stopped: 0.1446180 seconds, Stopping threads took: 0.0001930 seconds
57.784: Application time: 0.0312830 seconds
57.784: [GC57.784: [DefNew: 57408K->7103K(64512K), 0.0156320 secs] 137815K->93782K(207564K), 0.0156780 secs] [Times: user=0.01 sys=0.00, real=0.02 secs] 
57.800: Total time for which application threads were stopped: 0.0160330 seconds, Stopping threads took: 0.0002520 seconds
57.828: Application time: 0.0283460 seconds
57.828: [GC57.829: [DefNew: 64511K->7103K(64512K), 0.0199670 secs] 151190K->101409K(207564K), 0.0200130 secs] [Times: user=0.02 sys=0.00, real=0.02 secs] 
57.849: Total time for which application threads were stopped: 0.0202350 seconds, Stopping threads took: 0.0001170 seconds
57.876: Application time: 0.0273450 seconds
57.876: [GC57.876: [DefNew: 64511K->7104K(64512K), 0.0190520 secs] 158817K->109506K(207564K), 0.0190950 secs] [Times: user=0.02 sys=0.00, real=0.02 secs] 
57.895: Total time for which application threads were stopped: 0.0192810 seconds, Stopping threads took: 0.0001100 seconds
57.920: Application time: 0.0247140 seconds
57.920: [GC57.920: [DefNew: 64512K->4736K(64512K), 0.0121400 secs] 166914K->113497K(207564K), 0.0121830 secs] [Times: user=0.02 sys=0.00, real=0.01 secs] 
57.932: Total time for which application threads were stopped: 0.0123740 seconds, Stopping threads took: 0.0001160 seconds
57.957: Application time: 0.0243260 seconds
57.957: [GC57.957: [DefNew: 62144K->5981K(64512K), 0.0094660 secs] 170905K->117324K(207564K), 0.0095210 secs] [Times: user=0.01 sys=0.00, real=0.01 secs] 
57.966: Total time for which application threads were stopped: 0.0097260 seconds, Stopping threads took: 0.0001270 seconds
57.989: Application time: 0.0226170 seconds
57.989: [GC57.989: [DefNew: 63389K->2572K(64512K), 0.0070170 secs] 174732K->118910K(207564K), 0.0070600 secs] [Times: user=0.01 sys=0.00, real=0.01 secs] 
57.996: Total time for which application threads were stopped: 0.0072290 seconds, Stopping threads took: 0.0000940 seconds
58.018: Application time: 0.0218890 seconds
58.018: [GC58.018: [DefNew: 59980K->3155K(64512K), 0.0029890 secs] 176318K->119493K(207564K), 0.0030220 secs] [Times: user=0.01 sys=0.00, real=0.00 secs] 
58.021: Total time for which application threads were stopped: 0.0032010 seconds, Stopping threads took: 0.0001110 seconds
58.042: Application time: 0.0208350 seconds
58.042: [GC58.042: [DefNew: 60563K->7103K(64512K), 0.0060910 secs] 176901K->123456K(207564K), 0.0061330 secs] [Times: user=0.01 sys=0.00, real=0.01 secs] 
58.048: Total time for which application threads were stopped: 0.0063720 seconds, Stopping threads took: 0.0001440 seconds
58.069: Application time: 0.0205200 seconds
58.069: [GC58.069: [DefNew: 64511K->5370K(64512K), 0.0127470 secs] 180864K->127444K(207564K), 0.0127900 secs] [Times: user=0.01 sys=0.00, real=0.01 secs] 
58.082: Total time for which application threads were stopped: 0.0129670 seconds, Stopping threads took: 0.0001010 seconds
58.104: Application time: 0.0218490 seconds
58.104: [GC58.104: [DefNew: 62778K->6316K(64512K), 0.0093820 secs] 184852K->131908K(207564K), 0.0094260 secs] [Times: user=0.01 sys=0.00, real=0.02 secs] 
58.113: Total time for which application threads were stopped: 0.0096190 seconds, Stopping threads took: 0.0001180 seconds
58.135: Application time: 0.0215300 seconds
58.135: [GC58.135: [DefNew: 63724K->7104K(64512K), 0.0134230 secs] 189316K->138758K(207564K), 0.0134680 secs] [Times: user=0.01 sys=0.00, real=0.01 secs] 
58.149: Total time for which application threads were stopped: 0.0136790 seconds, Stopping threads took: 0.0001350 seconds
58.171: Application time: 0.0225900 seconds
58.171: [GC58.171: [DefNew: 64512K->7104K(64512K), 0.0123090 secs] 196166K->144339K(207564K), 0.0123540 secs] [Times: user=0.01 sys=0.00, real=0.01 secs] 
58.184: Total time for which application threads were stopped: 0.0125490 seconds, Stopping threads took: 0.0001190 seconds
58.209: Application time: 0.0256010 seconds
58.210: [GC58.210: [DefNew: 64512K->7103K(64512K), 0.0212300 secs]58.231: [Tenured: 146862K->77732K(146892K), 0.1234280 secs] 201747K->77732K(211404K), [Perm : 8832K->8832K(21248K)], 0.1448880 secs] [Times: user=0.14 sys=0.00, real=0.15 secs] 
58.356: Total time for which application threads were stopped: 0.1465170 seconds, Stopping threads took: 0.0000990 seconds
58.383: Application time: 0.0275410 seconds
58.384: [GC58.384: [DefNew: 57408K->7104K(64512K), 0.0139650 secs] 135140K->91044K(207564K), 0.0140100 secs] [Times: user=0.02 sys=0.00, real=0.02 secs] 
58.398: Total time for which application threads were stopped: 0.0143500 seconds, Stopping threads took: 0.0002460 seconds
58.428: Application time: 0.0297380 seconds
58.428: [GC58.428: [DefNew: 64512K->7103K(64512K), 0.0213390 secs] 148452K->100281K(207564K), 0.0213830 secs] [Times: user=0.02 sys=0.00, real=0.02 secs] 
58.449: Total time for which application threads were stopped: 0.0216600 seconds, Stopping threads took: 0.0001930 seconds
58.477: Application time: 0.0280780 seconds
58.478: [GC58.478: [DefNew: 64511K->7104K(64512K), 0.0187330 secs] 157689K->107020K(207564K), 0.0187770 secs] [Times: user=0.02 sys=0.00, real=0.02 secs] 
58.496: Total time for which application threads were stopped: 0.0190300 seconds, Stopping threads took: 0.0001570 seconds
58.523: Application time: 0.0266230 seconds
58.523: [GC58.523: [DefNew: 64512K->7103K(64512K), 0.0123480 secs] 164428K->110151K(207564K), 0.0124020 secs] [Times: user=0.01 sys=0.00, real=0.02 secs] 
58.536: Total time for which application threads were stopped: 0.0126440 seconds, Stopping threads took: 0.0001460 seconds
58.560: Application time: 0.0248750 seconds
58.561: [GC58.561: [DefNew: 64511K->4893K(64512K), 0.0136950 secs] 167559K->114381K(207564K), 0.0137380 secs] [Times: user=0.01 sys=0.00, real=0.02 secs] 
58.574: Total time for which application threads were stopped: 0.0139430 seconds, Stopping threads took: 0.0001290 seconds
58.599: Application time: 0.0249840 seconds
58.600: [GC58.600: [DefNew: 62301K->6601K(64512K), 0.0109100 secs] 171789K->120243K(207564K), 0.0109500 secs] [Times: user=0.01 sys=0.00, real=0.01 secs] 
58.611: Total time for which application threads were stopped: 0.0111020 seconds, Stopping threads took: 0.0000750 seconds
58.633: Application time: 0.0224990 seconds
58.633: [GC58.633: [DefNew: 64009K->1277K(64512K), 0.0072700 secs] 177651K->120866K(207564K), 0.0073130 secs] [Times: user=0.01 sys=0.00, real=0.00 secs] 
58.641: Total time for which application threads were stopped: 0.0075010 seconds, Stopping threads took: 0.0001120 seconds
58.662: Application time: 0.0216470 seconds
58.662: [GC58.662: [DefNew: 58685K->2694K(64512K), 0.0029580 secs] 178274K->122283K(207564K), 0.0029900 secs] [Times: user=0.00 sys=0.00, real=0.01 secs] 
58.665: Total time for which application threads were stopped: 0.0031610 seconds, Stopping threads took: 0.0001060 seconds
58.686: Application time: 0.0211010 seconds
58.687: [GC58.687: [DefNew: 60102K->7039K(64512K), 0.0073160 secs] 179691K->126628K(207564K), 0.0073570 secs] [Times: user=0.01 sys=0.00, real=0.01 secs] 
58.694: Total time for which application threads were stopped: 0.0076410 seconds, Stopping threads took: 0.0001990 seconds
58.714: Application time: 0.0202990 seconds
58.714: [GC58.715: [DefNew: 64447K->3238K(64512K), 0.0086250 secs] 184036K->129292K(207564K), 0.0086690 secs] [Times: user=0.01 sys=0.00, real=0.00 secs] 
58.723: Total time for which application threads were stopped: 0.0088110 seconds, Stopping threads took: 0.0000660 seconds
58.745: Application time: 0.0217040 seconds
58.745: [GC58.745: [DefNew: 60646K->7104K(64512K), 0.0089650 secs] 186700K->135304K(207564K), 0.0090050 secs] [Times: user=0.01 sys=0.00, real=0.01 secs] 
58.754: Total time for which application threads were stopped: 0.0091940 seconds, Stopping threads took: 0.0001140 seconds
58.777: Application time: 0.0224340 seconds
58.777: [GC58.777: [DefNew: 64512K->7103K(64512K), 0.0150640 secs] 192712K->142255K(207564K), 0.0151090 secs] [Times: user=0.01 sys=0.00, real=0.01 secs] 
58.792: Total time for which application threads were stopped: 0.0154190 seconds, Stopping threads took: 0.0002160 seconds
58.815: Application time: 0.0231190 seconds
58.815: [GC58.815: [DefNew: 64511K->7104K(64512K), 0.0158420 secs]58.831: [Tenured: 143840K->81891K(144012K), 0.1207600 secs] 199663K->81891K(208524K), [Perm : 8832K->8832K(21248K)], 0.1367110 secs] [Times: user=0.13 sys=0.00, real=0.13 secs] 
58.952: Total time for which application threads were stopped: 0.1369380 seconds, Stopping threads took: 0.0001360 seconds
58.977: Application time: 0.0250770 seconds
58.977: [GC58.977: [DefNew: 57408K->7103K(64512K), 0.0167200 secs] 139299K->93073K(207564K), 0.0167660 secs] [Times: user=0.02 sys=0.00, real=0.02 secs] 
58.994: Total time for which application threads were stopped: 0.0169650 seconds, Stopping threads took: 0.0001100 seconds
59.021: Application time: 0.0273840 seconds
59.022: [GC59.022: [DefNew: 64511K->7103K(64512K), 0.0229710 secs] 150481K->105236K(207564K), 0.0230140 secs] [Times: user=0.02 sys=0.00, real=0.03 secs] 
59.045: Total time for which application threads were stopped: 0.0231770 seconds, Stopping threads took: 0.0000880 seconds
59.074: Application time: 0.0297090 seconds
59.075: [GC59.075: [DefNew: 64511K->7103K(64512K), 0.0194140 secs] 162644K->113402K(207564K), 0.0194580 secs] [Times: user=0.02 sys=0.00, real=0.02 secs] 
59.094: Total time for which application threads were stopped: 0.0196710 seconds, Stopping threads took: 0.0001180 seconds
59.122: Application time: 0.0281230 seconds
59.122: [GC59.122: [DefNew: 64511K->7103K(64512K), 0.0153430 secs] 170810K->120621K(207564K), 0.0153950 secs] [Times: user=0.02 sys=0.00, real=0.02 secs] 
59.138: Total time for which application threads were stopped: 0.0156970 seconds, Stopping threads took: 0.0002160 seconds
59.164: Application time: 0.0258690 seconds
59.165: [GC59.165: [DefNew: 64511K->7104K(64512K), 0.0115010 secs] 178029K->122647K(207564K), 0.0115420 secs] [Times: user=0.02 sys=0.00, real=0.01 secs] 
59.176: Total time for which application threads were stopped: 0.0126620 seconds, Stopping threads took: 0.0010250 seconds
59.201: Application time: 0.0242220 seconds
59.201: [GC59.201: [DefNew: 64512K->5815K(64512K), 0.0114340 secs] 180055K->127799K(207564K), 0.0114790 secs] [Times: user=0.01 sys=0.00, real=0.01 secs] 
59.212: Total time for which application threads were stopped: 0.0117030 seconds, Stopping threads took: 0.0001480 seconds
59.236: Application time: 0.0241640 seconds
59.237: [GC59.237: [DefNew: 63223K->4772K(64512K), 0.0107820 secs] 185207K->131984K(207564K), 0.0108290 secs] [Times: user=0.01 sys=0.00, real=0.01 secs] 
59.247: Total time for which application threads were stopped: 0.0109920 seconds, Stopping threads took: 0.0000870 seconds
59.270: Application time: 0.0228080 seconds
59.270: [GC59.271: [DefNew: 62180K->1204K(64512K), 0.0055180 secs] 189392K->132560K(207564K), 0.0055600 secs] [Times: user=0.01 sys=0.00, real=0.01 secs] 
59.276: Total time for which application threads were stopped: 0.0058130 seconds, Stopping threads took: 0.0001780 seconds
59.298: Application time: 0.0216020 seconds
59.298: [GC59.298: [DefNew: 58612K->2985K(64512K), 0.0028920 secs] 189968K->134340K(207564K), 0.0029240 secs] [Times: user=0.00 sys=0.00, real=0.00 secs] 
59.301: Total time for which application threads were stopped: 0.0031160 seconds, Stopping threads took: 0.0001280 seconds
59.322: Application time: 0.0210950 seconds
59.322: [GC59.322: [DefNew: 60393K->7089K(64512K), 0.0068920 secs] 191748K->138445K(207564K), 0.0069360 secs] [Times: user=0.01 sys=0.00, real=0.01 secs] 
59.329: Total time for which application threads were stopped: 0.0071290 seconds, Stopping threads took: 0.0001180 seconds
59.350: Application time: 0.0209350 seconds
59.353: [GC59.353: [DefNew: 64497K->4803K(64512K), 0.0104480 secs] 195853K->142743K(207564K), 0.0104910 secs] [Times: user=0.01 sys=0.00, real=0.00 secs] 
59.363: Total time for which application threads were stopped: 0.0132020 seconds, Stopping threads took: 0.0026350 seconds
59.385: Application time: 0.0223030 seconds
59.386: [GC59.386: [DefNew: 62211K->7104K(64512K), 0.0113560 secs] 200151K->149308K(207564K), 0.0114000 secs] [Times: user=0.01 sys=0.00, real=0.01 secs] 
59.397: Total time for which application threads were stopped: 0.0116610 seconds, Stopping threads took: 0.0001870 seconds
59.419: Application time: 0.0221980 seconds
59.419: [GC59.419: [DefNew: 64512K->5859K(64512K), 0.0130120 secs]59.433: [Tenured: 147504K->81658K(147660K), 0.1179760 secs] 206716K->81658K(212172K), [Perm : 8832K->8832K(21248K)], 0.1312100 secs] [Times: user=0.13 sys=0.00, real=0.13 secs] 
59.551: Total time for which application threads were stopped: 0.1313760 seconds, Stopping threads took: 0.0000900 seconds
59.574: Application time: 0.0235210 seconds
59.575: [GC59.575: [DefNew: 57408K->7104K(64512K), 0.0116830 secs] 139066K->92991K(207564K), 0.0117270 secs] [Times: user=0.02 sys=0.00, real=0.01 secs] 
59.586: Total time for which application threads were stopped: 0.0120620 seconds, Stopping threads took: 0.0002300 seconds
59.611: Application time: 0.0250740 seconds
59.612: [GC59.612: [DefNew: 64512K->7103K(64512K), 0.0254390 secs] 150399K->102487K(207564K), 0.0254840 secs] [Times: user=0.02 sys=0.00, real=0.03 secs] 
59.637: Total time for which application threads were stopped: 0.0256700 seconds, Stopping threads took: 0.0000920 seconds
59.666: Application time: 0.0286340 seconds
59.666: [GC59.666: [DefNew: 64511K->7103K(64512K), 0.0331060 secs] 159895K->118162K(207564K), 0.0331520 secs] [Times: user=0.03 sys=0.00, real=0.03 secs] 
59.699: Total time for which application threads were stopped: 0.0334650 seconds, Stopping threads took: 0.0002180 seconds
59.729: Application time: 0.0302030 seconds
59.730: [GC59.730: [DefNew: 64511K->7104K(64512K), 0.0200060 secs] 175570K->125760K(207564K), 0.0200500 secs] [Times: user=0.02 sys=0.00, real=0.02 secs] 
59.750: Total time for which application threads were stopped: 0.0203480 seconds, Stopping threads took: 0.0002030 seconds
59.777: Application time: 0.0277870 seconds
59.778: [GC59.778: [DefNew: 64512K->5181K(64512K), 0.0132070 secs] 183168K->130005K(207564K), 0.0132500 secs] [Times: user=0.02 sys=0.00, real=0.01 secs] 
59.791: Total time for which application threads were stopped: 0.0134660 seconds, Stopping threads took: 0.0001210 seconds
59.817: Application time: 0.0257220 seconds
59.817: [GC59.817: [DefNew: 62589K->5346K(64512K), 0.0080090 secs] 187413K->133240K(207564K), 0.0080520 secs] [Times: user=0.01 sys=0.00, real=0.01 secs] 
59.825: Total time for which application threads were stopped: 0.0082000 seconds, Stopping threads took: 0.0000720 seconds
59.849: Application time: 0.0242080 seconds
59.849: [GC59.849: [DefNew: 62754K->6163K(64512K), 0.0075450 secs] 190648K->136428K(207564K), 0.0075890 secs] [Times: user=0.00 sys=0.00, real=0.01 secs] 
59.857: Total time for which application threads were stopped: 0.0078600 seconds, Stopping threads took: 0.0001950 seconds
59.881: Application time: 0.0240510 seconds
59.881: [GC59.881: [DefNew: 63571K->5075K(64512K), 0.0101550 secs] 193836K->140179K(207564K), 0.0102000 secs] [Times: user=0.01 sys=0.00, real=0.01 secs] 
59.892: Total time for which application threads were stopped: 0.0105040 seconds, Stopping threads took: 0.0002260 seconds
59.914: Application time: 0.0229750 seconds
59.915: [GC59.915: [DefNew: 62483K->608K(64512K), 0.0054500 secs] 197587K->140282K(207564K), 0.0054920 secs] [Times: user=0.00 sys=0.00, real=0.00 secs] 
59.920: Total time for which application threads were stopped: 0.0057420 seconds, Stopping threads took: 0.0001740 seconds
59.942: Application time: 0.0221810 seconds
59.943: [GC59.943: [DefNew: 58016K->5134K(64512K), 0.0051080 secs] 197690K->144808K(207564K), 0.0051490 secs] [Times: user=0.01 sys=0.00, real=0.01 secs] 
59.948: Total time for which application threads were stopped: 0.0053460 seconds, Stopping threads took: 0.0001230 seconds
59.969: Application time: 0.0209560 seconds
59.969: [GC59.969: [DefNew: 62542K->5174K(64512K), 0.0108850 secs]59.980: [Tenured: 143219K->82148K(143244K), 0.1284060 secs] 202216K->82148K(207756K), [Perm : 8832K->8832K(21248K)], 0.1393820 secs] [Times: user=0.14 sys=0.00, real=0.14 secs] 
60.108: Total time for which application threads were stopped: 0.1395640 seconds, Stopping threads took: 0.0001080 seconds
60.130: Application time: 0.0213530 seconds
60.130: [GC60.130: [DefNew: 57408K->5818K(64512K), 0.0061460 secs] 139556K->87967K(207564K), 0.0061850 secs] [Times: user=0.00 sys=0.00, real=0.01 secs] 
60.136: Total time for which application threads were stopped: 0.0064180 seconds, Stopping threads took: 0.0001290 seconds
60.158: Application time: 0.0221850 seconds
60.158: [GC60.158: [DefNew: 63226K->7103K(64512K), 0.0130420 secs] 145375K->94860K(207564K), 0.0130870 secs] [Times: user=0.01 sys=0.00, real=0.01 secs] 
60.172: Total time for which application threads were stopped: 0.0132910 seconds, Stopping threads took: 0.0001270 seconds
60.194: Application time: 0.0226760 seconds
60.194: [GC60.194: [DefNew: 64511K->5555K(64512K), 0.0137550 secs] 152268K->98470K(207564K), 0.0138010 secs] [Times: user=0.02 sys=0.00, real=0.01 secs] 
60.208: Total time for which application threads were stopped: 0.0140250 seconds, Stopping threads took: 0.0001420 seconds
60.233: Application time: 0.0247410 seconds
60.233: [GC60.233: [DefNew: 62963K->7103K(64512K), 0.0165230 secs] 155878K->108983K(207564K), 0.0165700 secs] [Times: user=0.02 sys=0.00, real=0.01 secs] 
60.250: Total time for which application threads were stopped: 0.0167510 seconds, Stopping threads took: 0.0001050 seconds
60.276: Application time: 0.0258500 seconds
60.276: [GC60.276: [DefNew: 64511K->7103K(64512K), 0.0159880 secs] 166391K->116550K(207564K), 0.0160420 secs] [Times: user=0.01 sys=0.00, real=0.01 secs] 
60.292: Total time for which application threads were stopped: 0.0162410 seconds, Stopping threads took: 0.0001220 seconds
60.319: Application time: 0.0274310 seconds
60.319: [GC60.319: [DefNew: 64511K->7104K(64512K), 0.0190210 secs] 173958K->127219K(207564K), 0.0190670 secs] [Times: user=0.02 sys=0.00, real=0.02 secs] 
60.339: Total time for which application threads were stopped: 0.0192610 seconds, Stopping threads took: 0.0001190 seconds
60.367: Application time: 0.0282350 seconds
60.367: [GC60.367: [DefNew: 64512K->7103K(64512K), 0.0219710 secs] 184627K->138276K(207564K), 0.0220150 secs] [Times: user=0.02 sys=0.00, real=0.02 secs] 
60.389: Total time for which application threads were stopped: 0.0222200 seconds, Stopping threads took: 0.0001300 seconds
60.417: Application time: 0.0281940 seconds
60.417: [GC60.417: [DefNew: 64511K->5739K(64512K), 0.0156430 secs] 195684K->143838K(207564K), 0.0156830 secs] [Times: user=0.02 sys=0.00, real=0.02 secs] 
60.433: Total time for which application threads were stopped: 0.0158890 seconds, Stopping threads took: 0.0001310 seconds
60.458: Application time: 0.0253880 seconds
60.459: [GC60.459: [DefNew: 63147K->3195K(64512K), 0.0067240 secs] 201246K->145210K(207564K), 0.0067660 secs] [Times: user=0.01 sys=0.00, real=0.01 secs] 
60.465: Total time for which application threads were stopped: 0.0070000 seconds, Stopping threads took: 0.0001570 seconds
60.490: Application time: 0.0246570 seconds
60.490: [GC60.490: [DefNew: 60603K->7104K(64512K), 0.0105440 secs]60.501: [Tenured: 145908K->82032K(145932K), 0.1158870 secs] 202618K->82032K(210444K), [Perm : 8832K->8832K(21248K)], 0.1266040 secs] [Times: user=0.12 sys=0.00, real=0.13 secs] 
60.617: Total time for which application threads were stopped: 0.1267480 seconds, Stopping threads took: 0.0000690 seconds
60.640: Application time: 0.0234730 seconds
60.641: [GC60.641: [DefNew: 57408K->5612K(64512K), 0.0073440 secs] 139440K->87645K(207564K), 0.0073880 secs] [Times: user=0.01 sys=0.01, real=0.01 secs] 
60.648: Total time for which application threads were stopped: 0.0077510 seconds, Stopping threads took: 0.0002500 seconds
60.671: Application time: 0.0227840 seconds
60.671: [GC60.671: [DefNew: 63020K->928K(64512K), 0.0059170 secs] 145053K->88206K(207564K), 0.0059600 secs] [Times: user=0.01 sys=0.00, real=0.01 secs] 
60.677: Total time for which application threads were stopped: 0.0061980 seconds, Stopping threads took: 0.0001420 seconds
60.699: Application time: 0.0223410 seconds
60.700: [GC60.700: [DefNew: 58336K->4872K(64512K), 0.0044880 secs] 145614K->92149K(207564K), 0.0045240 secs] [Times: user=0.00 sys=0.00, real=0.00 secs] 
60.704: Total time for which application threads were stopped: 0.0047010 seconds, Stopping threads took: 0.0001090 seconds
60.725: Application time: 0.0205720 seconds
60.725: [GC60.725: [DefNew: 62280K->5364K(64512K), 0.0102510 secs] 149557K->96022K(207564K), 0.0102950 secs] [Times: user=0.01 sys=0.00, real=0.01 secs] 
60.735: Total time for which application threads were stopped: 0.0105250 seconds, Stopping threads took: 0.0001550 seconds
60.757: Application time: 0.0219710 seconds
60.757: [GC60.757: [DefNew: 62772K->6546K(64512K), 0.0098020 secs] 153430K->100717K(207564K), 0.0098450 secs] [Times: user=0.01 sys=0.00, real=0.01 secs] 
60.767: Total time for which application threads were stopped: 0.0100540 seconds, Stopping threads took: 0.0001320 seconds
60.790: Application time: 0.0229880 seconds
60.790: [GC60.790: [DefNew: 63954K->7104K(64512K), 0.0114940 secs] 158125K->107378K(207564K), 0.0115330 secs] [Times: user=0.01 sys=0.00, real=0.01 secs] 
60.802: Total time for which application threads were stopped: 0.0116780 seconds, Stopping threads took: 0.0000720 seconds
60.825: Application time: 0.0226050 seconds
60.825: [GC60.825: [DefNew: 64512K->6657K(64512K), 0.0128970 secs] 164786K->112612K(207564K), 0.0129500 secs] [Times: user=0.01 sys=0.00, real=0.01 secs] 
60.838: Total time for which application threads were stopped: 0.0131520 seconds, Stopping threads took: 0.0001260 seconds
60.863: Application time: 0.0248710 seconds
60.863: [GC60.863: [DefNew: 64065K->7104K(64512K), 0.0198010 secs] 170020K->123022K(207564K), 0.0198430 secs] [Times: user=0.02 sys=0.00, real=0.02 secs] 
60.883: Total time for which application threads were stopped: 0.0200360 seconds, Stopping threads took: 0.0000990 seconds
60.909: Application time: 0.0262960 seconds
60.909: [GC60.909: [DefNew: 64512K->6072K(64512K), 0.0159070 secs] 180430K->128367K(207564K), 0.0159520 secs] [Times: user=0.02 sys=0.00, real=0.02 secs] 
60.925: Total time for which application threads were stopped: 0.0161890 seconds, Stopping threads took: 0.0001530 seconds
60.952: Application time: 0.0268880 seconds
60.952: [GC60.952: [DefNew: 63480K->7104K(64512K), 0.0189790 secs] 185775K->139874K(207564K), 0.0190220 secs] [Times: user=0.02 sys=0.00, real=0.02 secs] 
60.971: Total time for which application threads were stopped: 0.0192590 seconds, Stopping threads took: 0.0001420 seconds
60.999: Application time: 0.0277880 seconds
60.999: [GC60.999: [DefNew: 64512K->7104K(64512K), 0.0185540 secs] 197282K->148898K(207564K), 0.0185980 secs] [Times: user=0.02 sys=0.00, real=0.02 secs] 
61.018: Total time for which application threads were stopped: 0.0187860 seconds, Stopping threads took: 0.0001040 seconds
61.046: Application time: 0.0279610 seconds
61.046: [GC61.046: [DefNew: 64512K->5977K(64512K), 0.0146430 secs]61.061: [Tenured: 147416K->77235K(147468K), 0.1187170 secs] 206306K->77235K(211980K), [Perm : 8832K->8832K(21248K)], 0.1335750 secs] [Times: user=0.14 sys=0.00, real=0.13 secs] 
61.180: Total time for which application threads were stopped: 0.1337680 seconds, Stopping threads took: 0.0001200 seconds
61.204: Application time: 0.0248090 seconds
61.205: [GC61.205: [DefNew: 57408K->4690K(64512K), 0.0063220 secs] 134643K->81925K(207564K), 0.0063630 secs] [Times: user=0.01 sys=0.00, real=0.00 secs] 
61.211: Total time for which application threads were stopped: 0.0067240 seconds, Stopping threads took: 0.0002550 seconds
61.236: Application time: 0.0244580 seconds
61.236: [GC61.236: [DefNew: 62098K->7103K(64512K), 0.0118000 secs] 139333K->88616K(207564K), 0.0118430 secs] [Times: user=0.02 sys=0.00, real=0.01 secs] 
61.248: Total time for which application threads were stopped: 0.0121480 seconds, Stopping threads took: 0.0002290 seconds
61.271: Application time: 0.0232410 seconds
61.271: [GC61.271: [DefNew: 64511K->3873K(64512K), 0.0126270 secs] 146024K->91683K(207564K), 0.0126690 secs] [Times: user=0.01 sys=0.00, real=0.01 secs] 
61.284: Total time for which application threads were stopped: 0.0129370 seconds, Stopping threads took: 0.0001730 seconds
61.306: Application time: 0.0223050 seconds
61.306: [GC61.306: [DefNew: 61281K->1050K(64512K), 0.0045050 secs] 149091K->92365K(207564K), 0.0045420 secs] [Times: user=0.01 sys=0.00, real=0.00 secs] 
61.311: Total time for which application threads were stopped: 0.0047460 seconds, Stopping threads took: 0.0001320 seconds
61.333: Application time: 0.0218610 seconds
61.333: [GC61.333: [DefNew: 58458K->4773K(64512K), 0.0039690 secs] 149773K->96088K(207564K), 0.0040090 secs] [Times: user=0.01 sys=0.00, real=0.00 secs] 
61.337: Total time for which application threads were stopped: 0.0042270 seconds, Stopping threads took: 0.0001460 seconds
61.358: Application time: 0.0207760 seconds
61.358: [GC61.358: [DefNew: 62181K->6680K(64512K), 0.0106060 secs] 153496K->101165K(207564K), 0.0106530 secs] [Times: user=0.01 sys=0.00, real=0.01 secs] 
61.369: Total time for which application threads were stopped: 0.0108800 seconds, Stopping threads took: 0.0001510 seconds
61.391: Application time: 0.0225520 seconds
61.391: [GC61.391: [DefNew: 64088K->7104K(64512K), 0.0110870 secs] 158573K->106496K(207564K), 0.0111290 secs] [Times: user=0.01 sys=0.00, real=0.01 secs] 
61.403: Total time for which application threads were stopped: 0.0113050 seconds, Stopping threads took: 0.0000910 seconds
61.426: Application time: 0.0235960 seconds
61.426: [GC61.426: [DefNew: 64512K->6513K(64512K), 0.0140910 secs] 163904K->112419K(207564K), 0.0141350 secs] [Times: user=0.01 sys=0.00, real=0.01 secs] 
61.440: Total time for which application threads were stopped: 0.0142860 seconds, Stopping threads took: 0.0000670 seconds
61.465: Application time: 0.0248490 seconds
61.465: [GC61.466: [DefNew: 63921K->4962K(64512K), 0.0093570 secs] 169827K->116253K(207564K), 0.0094020 secs] [Times: user=0.01 sys=0.00, real=0.01 secs] 
61.475: Total time for which application threads were stopped: 0.0095910 seconds, Stopping threads took: 0.0001140 seconds
61.500: Application time: 0.0246580 seconds
61.500: [GC61.500: [DefNew: 62370K->7104K(64512K), 0.0179310 secs] 173661K->127755K(207564K), 0.0179760 secs] [Times: user=0.02 sys=0.00, real=0.02 secs] 
61.518: Total time for which application threads were stopped: 0.0182080 seconds, Stopping threads took: 0.0001550 seconds
61.543: Application time: 0.0256230 seconds
61.544: [GC61.544: [DefNew: 64512K->6470K(64512K), 0.0145220 secs] 185163K->132880K(207564K), 0.0145670 secs] [Times: user=0.02 sys=0.00, real=0.02 secs] 
61.558: Total time for which application threads were stopped: 0.0147480 seconds, Stopping threads took: 0.0001040 seconds
61.586: Application time: 0.0277860 seconds
61.586: [GC61.586: [DefNew: 63878K->7103K(64512K), 0.0204570 secs] 190288K->144272K(207564K), 0.0205030 secs] [Times: user=0.02 sys=0.00, real=0.02 secs] 
61.607: Total time for which application threads were stopped: 0.0208070 seconds, Stopping threads took: 0.0002060 seconds
61.635: Application time: 0.0282330 seconds
61.635: [GC61.635: [DefNew: 64511K->7104K(64512K), 0.0210980 secs]61.656: [Tenured: 146481K->78590K(146508K), 0.1185230 secs] 201680K->78590K(211020K), [Perm : 8832K->8832K(21248K)], 0.1398090 secs] [Times: user=0.14 sys=0.00, real=0.14 secs] 
61.775: Total time for which application threads were stopped: 0.1400130 seconds, Stopping threads took: 0.0001210 seconds
61.802: Application time: 0.0270610 seconds
61.802: [GC61.802: [DefNew: 57408K->6739K(64512K), 0.0096390 secs] 135998K->85329K(207564K), 0.0096810 secs] [Times: user=0.01 sys=0.00, real=0.01 secs] 
61.812: Total time for which application threads were stopped: 0.0099960 seconds, Stopping threads took: 0.0002250 seconds
61.836: Application time: 0.0242680 seconds
61.837: [GC61.837: [DefNew: 64147K->5603K(64512K), 0.0105650 secs] 142737K->88968K(207564K), 0.0106110 secs] [Times: user=0.01 sys=0.00, real=0.01 secs] 
61.847: Total time for which application threads were stopped: 0.0108780 seconds, Stopping threads took: 0.0001880 seconds
61.872: Application time: 0.0248640 seconds
61.872: [GC61.872: [DefNew: 63011K->7104K(64512K), 0.0130260 secs] 146376K->94390K(207564K), 0.0130720 secs] [Times: user=0.01 sys=0.00, real=0.02 secs] 
61.885: Total time for which application threads were stopped: 0.0132780 seconds, Stopping threads took: 0.0001300 seconds
61.908: Application time: 0.0228630 seconds
61.908: [GC61.908: [DefNew: 64512K->2776K(64512K), 0.0087460 secs] 151798K->95161K(207564K), 0.0087900 secs] [Times: user=0.01 sys=0.00, real=0.01 secs] 
61.917: Total time for which application threads were stopped: 0.0089850 seconds, Stopping threads took: 0.0001160 seconds
61.939: Application time: 0.0221610 seconds
61.940: [GC61.940: [DefNew: 60184K->3842K(64512K), 0.0043570 secs] 152569K->96226K(207564K), 0.0043970 secs] [Times: user=0.00 sys=0.00, real=0.00 secs] 
61.944: Total time for which application threads were stopped: 0.0047130 seconds, Stopping threads took: 0.0002240 seconds
61.966: Application time: 0.0223900 seconds
61.967: [GC61.967: [DefNew: 61250K->5256K(64512K), 0.0080390 secs] 153634K->100137K(207564K), 0.0080840 secs] [Times: user=0.01 sys=0.00, real=0.01 secs] 
61.975: Total time for which application threads were stopped: 0.0084450 seconds, Stopping threads took: 0.0002650 seconds
61.996: Application time: 0.0206580 seconds
61.996: [GC61.996: [DefNew: 62664K->7103K(64512K), 0.0112050 secs] 157545K->106394K(207564K), 0.0112580 secs] [Times: user=0.01 sys=0.00, real=0.01 secs] 
62.007: Total time for which application threads were stopped: 0.0114620 seconds, Stopping threads took: 0.0001280 seconds
62.030: Application time: 0.0229780 seconds
62.030: [GC62.030: [DefNew: 64511K->7104K(64512K), 0.0144560 secs] 163802K->113129K(207564K), 0.0144990 secs] [Times: user=0.01 sys=0.00, real=0.02 secs] 
62.045: Total time for which application threads were stopped: 0.0147220 seconds, Stopping threads took: 0.0001470 seconds
62.069: Application time: 0.0237610 seconds
62.069: [GC62.069: [DefNew: 64512K->4752K(64512K), 0.0155000 secs] 170537K->116981K(207564K), 0.0155440 secs] [Times: user=0.02 sys=0.00, real=0.01 secs] 
62.084: Total time for which application threads were stopped: 0.0157410 seconds, Stopping threads took: 0.0001200 seconds
62.108: Application time: 0.0235170 seconds
62.108: [GC62.108: [DefNew: 62160K->7103K(64512K), 0.0112380 secs] 174389K->124925K(207564K), 0.0112820 secs] [Times: user=0.01 sys=0.00, real=0.01 secs] 
62.119: Total time for which application threads were stopped: 0.0114600 seconds, Stopping threads took: 0.0001030 seconds
62.144: Application time: 0.0247070 seconds
62.144: [GC62.144: [DefNew: 64511K->7103K(64512K), 0.0200220 secs] 182333K->135669K(207564K), 0.0200690 secs] [Times: user=0.02 sys=0.00, real=0.02 secs] 
62.164: Total time for which application threads were stopped: 0.0203920 seconds, Stopping threads took: 0.0002380 seconds
62.191: Application time: 0.0266280 seconds
62.191: [GC62.191: [DefNew: 64511K->5154K(64512K), 0.0151920 secs] 193077K->140108K(207564K), 0.0152350 secs] [Times: user=0.01 sys=0.00, real=0.02 secs] 
62.206: Total time for which application threads were stopped: 0.0154340 seconds, Stopping threads took: 0.0001240 seconds
62.233: Application time: 0.0267910 seconds
62.233: [GC62.233: [DefNew: 62562K->7104K(64512K), 0.0190420 secs]62.252: [Tenured: 144344K->77900K(144396K), 0.1219000 secs] 197516K->77900K(208908K), [Perm : 8832K->8832K(21248K)], 0.1410960 secs] [Times: user=0.14 sys=0.00, real=0.14 secs] 
62.375: Total time for which application threads were stopped: 0.1412800 seconds, Stopping threads took: 0.0001100 seconds
62.402: Application time: 0.0271540 seconds
62.402: [GC62.402: [DefNew: 57408K->7103K(64512K), 0.0126610 secs] 135308K->87425K(207564K), 0.0127060 secs] [Times: user=0.02 sys=0.00, real=0.02 secs] 
62.415: Total time for which application threads were stopped: 0.0130060 seconds, Stopping threads took: 0.0001930 seconds
62.441: Application time: 0.0263900 seconds
62.441: [GC62.441: [DefNew: 64511K->6828K(64512K), 0.0182910 secs] 144833K->93818K(207564K), 0.0183320 secs] [Times: user=0.02 sys=0.00, real=0.02 secs] 
62.460: Total time for which application threads were stopped: 0.0186780 seconds, Stopping threads took: 0.0002470 seconds
62.484: Application time: 0.0242720 seconds
62.484: [GC62.484: [DefNew: 64236K->6873K(64512K), 0.0093520 secs] 151226K->97919K(207564K), 0.0093970 secs] [Times: user=0.01 sys=0.00, real=0.02 secs] 
62.494: Total time for which application threads were stopped: 0.0095410 seconds, Stopping threads took: 0.0000660 seconds
62.518: Application time: 0.0247190 seconds
62.518: [GC62.519: [DefNew: 64281K->6800K(64512K), 0.0112390 secs] 155327K->102347K(207564K), 0.0112840 secs] [Times: user=0.02 sys=0.00, real=0.01 secs] 
62.530: Total time for which application threads were stopped: 0.0115120 seconds, Stopping threads took: 0.0001530 seconds
62.553: Application time: 0.0233630 seconds
62.553: [GC62.553: [DefNew: 64208K->2462K(64512K), 0.0072810 secs] 159755K->102888K(207564K), 0.0073240 secs] [Times: user=0.01 sys=0.00, real=0.00 secs] 
62.561: Total time for which application threads were stopped: 0.0075630 seconds, Stopping threads took: 0.0001630 seconds
62.583: Application time: 0.0222860 seconds
62.583: [GC62.583: [DefNew: 59870K->2964K(64512K), 0.0030500 secs] 160296K->103391K(207564K), 0.0030830 secs] [Times: user=0.00 sys=0.00, real=0.01 secs] 
62.586: Total time for which application threads were stopped: 0.0032680 seconds, Stopping threads took: 0.0000930 seconds
62.609: Application time: 0.0226190 seconds
62.609: [GC62.609: [DefNew: 60372K->7104K(64512K), 0.0115240 secs] 160799K->110006K(207564K), 0.0115680 secs] [Times: user=0.01 sys=0.00, real=0.01 secs] 
62.621: Total time for which application threads were stopped: 0.0117590 seconds, Stopping threads took: 0.0001140 seconds
62.641: Application time: 0.0207530 seconds
62.645: [GC62.645: [DefNew: 64512K->7103K(64512K), 0.0148280 secs] 167414K->116754K(207564K), 0.0148720 secs] [Times: user=0.02 sys=0.00, real=0.01 secs] 
62.660: Total time for which application threads were stopped: 0.0182300 seconds, Stopping threads took: 0.0032830 seconds
62.683: Application time: 0.0230550 seconds
62.683: [GC62.683: [DefNew: 64511K->7103K(64512K), 0.0137310 secs] 174162K->123113K(207564K), 0.0137740 secs] [Times: user=0.02 sys=0.00, real=0.02 secs] 
62.697: Total time for which application threads were stopped: 0.0140890 seconds, Stopping threads took: 0.0002210 seconds
62.721: Application time: 0.0240880 seconds
62.721: [GC62.721: [DefNew: 64511K->4007K(64512K), 0.0112710 secs] 180521K->126123K(207564K), 0.0113140 secs] [Times: user=0.01 sys=0.00, real=0.02 secs] 
62.733: Total time for which application threads were stopped: 0.0116530 seconds, Stopping threads took: 0.0002430 seconds
62.756: Application time: 0.0232660 seconds
62.756: [GC62.756: [DefNew: 61415K->7104K(64512K), 0.0143390 secs] 183531K->137360K(207564K), 0.0143820 secs] [Times: user=0.02 sys=0.00, real=0.01 secs] 
62.770: Total time for which application threads were stopped: 0.0146280 seconds, Stopping threads took: 0.0001520 seconds
62.795: Application time: 0.0250250 seconds
62.796: [GC62.796: [DefNew: 64512K->7103K(64512K), 0.0221140 secs] 194768K->146530K(207564K), 0.0221600 secs] [Times: user=0.02 sys=0.00, real=0.02 secs] 
62.818: Total time for which application threads were stopped: 0.0225660 seconds, Stopping threads took: 0.0003110 seconds
62.844: Application time: 0.0263570 seconds
62.845: [GC62.845: [DefNew: 64511K->4908K(64512K), 0.0140550 secs]62.859: [Tenured: 146189K->84066K(146316K), 0.1175620 secs] 203938K->84066K(210828K), [Perm : 8832K->8832K(21248K)], 0.1317930 secs] [Times: user=0.13 sys=0.00, real=0.13 secs] 
62.976: Total time for which application threads were stopped: 0.1320010 seconds, Stopping threads took: 0.0001360 seconds
63.002: Application time: 0.0259780 seconds
63.003: [GC63.003: [DefNew: 57408K->7104K(64512K), 0.0190360 secs] 141474K->98130K(207564K), 0.0190820 secs] [Times: user=0.01 sys=0.00, real=0.02 secs] 
63.022: Total time for which application threads were stopped: 0.0193250 seconds, Stopping threads took: 0.0001570 seconds
63.049: Application time: 0.0274570 seconds
63.049: [GC63.049: [DefNew: 64512K->7104K(64512K), 0.0201920 secs] 155538K->106218K(207564K), 0.0202340 secs] [Times: user=0.02 sys=0.00, real=0.02 secs] 
63.070: Total time for which application threads were stopped: 0.0204670 seconds, Stopping threads took: 0.0001590 seconds
63.096: Application time: 0.0262570 seconds
63.097: [GC63.097: [DefNew: 64512K->5422K(64512K), 0.0110960 secs] 163626K->108090K(207564K), 0.0111410 secs] [Times: user=0.01 sys=0.00, real=0.01 secs] 
63.108: Total time for which application threads were stopped: 0.0119590 seconds, Stopping threads took: 0.0007300 seconds
63.133: Application time: 0.0251790 seconds
63.133: [GC63.133: [DefNew: 62830K->7103K(64512K), 0.0142220 secs] 165498K->115038K(207564K), 0.0142680 secs] [Times: user=0.01 sys=0.00, real=0.01 secs] 
63.148: Total time for which application threads were stopped: 0.0145620 seconds, Stopping threads took: 0.0001980 seconds
63.173: Application time: 0.0251240 seconds
63.173: [GC63.173: [DefNew: 64511K->6438K(64512K), 0.0139750 secs] 172446K->120408K(207564K), 0.0140200 secs] [Times: user=0.02 sys=0.00, real=0.01 secs] 
63.187: Total time for which application threads were stopped: 0.0142600 seconds, Stopping threads took: 0.0001520 seconds
63.210: Application time: 0.0228030 seconds
63.210: [GC63.210: [DefNew: 63846K->2458K(64512K), 0.0076850 secs] 177816K->120905K(207564K), 0.0077370 secs] [Times: user=0.01 sys=0.00, real=0.01 secs] 
63.218: Total time for which application threads were stopped: 0.0080530 seconds, Stopping threads took: 0.0002200 seconds
63.240: Application time: 0.0221870 seconds
63.240: [GC63.240: [DefNew: 59866K->2714K(64512K), 0.0028880 secs] 178313K->121161K(207564K), 0.0029220 secs] [Times: user=0.01 sys=0.00, real=0.00 secs] 
63.243: Total time for which application threads were stopped: 0.0032770 seconds, Stopping threads took: 0.0002700 seconds
63.265: Application time: 0.0221150 seconds
63.266: [GC63.266: [DefNew: 60122K->7104K(64512K), 0.0088360 secs] 178569K->126892K(207564K), 0.0088820 secs] [Times: user=0.01 sys=0.00, real=0.01 secs] 
63.275: Total time for which application threads were stopped: 0.0090890 seconds, Stopping threads took: 0.0001320 seconds
63.296: Application time: 0.0216820 seconds
63.296: [GC63.296: [DefNew: 64512K->7103K(64512K), 0.0142840 secs] 184300K->134461K(207564K), 0.0143230 secs] [Times: user=0.02 sys=0.00, real=0.01 secs] 
63.311: Total time for which application threads were stopped: 0.0145030 seconds, Stopping threads took: 0.0001050 seconds
63.334: Application time: 0.0234500 seconds
63.334: [GC63.334: [DefNew: 64511K->7104K(64512K), 0.0145950 secs] 191869K->141871K(207564K), 0.0146390 secs] [Times: user=0.01 sys=0.00, real=0.01 secs] 
63.349: Total time for which application threads were stopped: 0.0147910 seconds, Stopping threads took: 0.0000720 seconds
63.373: Application time: 0.0242800 seconds
63.373: [GC63.373: [DefNew: 64512K->2871K(64512K), 0.0097690 secs] 199279K->143510K(207564K), 0.0098180 secs] [Times: user=0.01 sys=0.00, real=0.00 secs] 
63.383: Total time for which application threads were stopped: 0.0100010 seconds, Stopping threads took: 0.0001050 seconds
63.406: Application time: 0.0227040 seconds
63.406: [GC63.406: [DefNew: 60279K->7104K(64512K), 0.0121240 secs]63.418: [Tenured: 145937K->77533K(146124K), 0.1154120 secs] 200918K->77533K(210636K), [Perm : 8832K->8832K(21248K)], 0.1277100 secs] [Times: user=0.12 sys=0.00, real=0.13 secs] 
63.534: Total time for which application threads were stopped: 0.1278920 seconds, Stopping threads took: 0.0001050 seconds
63.559: Application time: 0.0247450 seconds
63.559: [GC63.559: [DefNew: 57408K->7104K(64512K), 0.0159340 secs] 134941K->89627K(207564K), 0.0159790 secs] [Times: user=0.02 sys=0.00, real=0.02 secs] 
63.575: Total time for which application threads were stopped: 0.0163610 seconds, Stopping threads took: 0.0002720 seconds
63.601: Application time: 0.0260640 seconds
63.601: [GC63.601: [DefNew: 64512K->6066K(64512K), 0.0140630 secs] 147035K->94818K(207564K), 0.0141060 secs] [Times: user=0.01 sys=0.00, real=0.02 secs] 
63.615: Total time for which application threads were stopped: 0.0143730 seconds, Stopping threads took: 0.0001680 seconds
63.642: Application time: 0.0265900 seconds
63.642: [GC63.642: [DefNew: 63474K->7103K(64512K), 0.0202060 secs] 152226K->106085K(207564K), 0.0202520 secs] [Times: user=0.02 sys=0.00, real=0.02 secs] 
63.663: Total time for which application threads were stopped: 0.0205270 seconds, Stopping threads took: 0.0001980 seconds
63.690: Application time: 0.0277830 seconds
63.691: [GC63.691: [DefNew: 64511K->7103K(64512K), 0.0185050 secs] 163493K->112094K(207564K), 0.0185490 secs] [Times: user=0.02 sys=0.00, real=0.02 secs] 
63.709: Total time for which application threads were stopped: 0.0188220 seconds, Stopping threads took: 0.0001740 seconds
63.735: Application time: 0.0255430 seconds
63.735: [GC63.735: [DefNew: 64511K->4914K(64512K), 0.0115400 secs] 169502K->115166K(207564K), 0.0115830 secs] [Times: user=0.01 sys=0.00, real=0.01 secs] 
63.747: Total time for which application threads were stopped: 0.0119950 seconds, Stopping threads took: 0.0003120 seconds
63.772: Application time: 0.0254440 seconds
63.772: [GC63.772: [DefNew: 62322K->7103K(64512K), 0.0152120 secs] 172574K->123545K(207564K), 0.0152570 secs] [Times: user=0.01 sys=0.00, real=0.02 secs] 
63.788: Total time for which application threads were stopped: 0.0154800 seconds, Stopping threads took: 0.0001140 seconds
63.813: Application time: 0.0250330 seconds
63.813: [GC63.813: [DefNew: 64511K->5243K(64512K), 0.0140580 secs] 180953K->127746K(207564K), 0.0141030 secs] [Times: user=0.02 sys=0.00, real=0.01 secs] 
63.827: Total time for which application threads were stopped: 0.0142870 seconds, Stopping threads took: 0.0001060 seconds
63.849: Application time: 0.0219820 seconds
63.849: [GC63.849: [DefNew: 62651K->1151K(64512K), 0.0052720 secs] 185154K->128632K(207564K), 0.0053160 secs] [Times: user=0.01 sys=0.00, real=0.01 secs] 
63.854: Total time for which application threads were stopped: 0.0054570 seconds, Stopping threads took: 0.0000620 seconds
63.876: Application time: 0.0220230 seconds
63.877: [GC63.877: [DefNew: 58559K->1331K(64512K), 0.0020150 secs] 186040K->128812K(207564K), 0.0020460 secs] [Times: user=0.00 sys=0.00, real=0.00 secs] 
63.879: Total time for which application threads were stopped: 0.0023680 seconds, Stopping threads took: 0.0002380 seconds
63.900: Application time: 0.0210550 seconds
63.900: [GC63.900: [DefNew: 58739K->7103K(64512K), 0.0078040 secs] 186220K->134981K(207564K), 0.0078470 secs] [Times: user=0.01 sys=0.00, real=0.01 secs] 
63.908: Total time for which application threads were stopped: 0.0081730 seconds, Stopping threads took: 0.0002450 seconds
63.930: Application time: 0.0217310 seconds
63.930: [GC63.930: [DefNew: 64511K->7104K(64512K), 0.0170730 secs] 192389K->143794K(207564K), 0.0171180 secs] [Times: user=0.02 sys=0.00, real=0.02 secs] 
63.947: Total time for which application threads were stopped: 0.0174000 seconds, Stopping threads took: 0.0001830 seconds
63.971: Application time: 0.0237030 seconds
63.971: [GC63.971: [DefNew: 64512K->7104K(64512K), 0.0150340 secs] 201202K->150083K(207564K), 0.0150780 secs] [Times: user=0.02 sys=0.00, real=0.02 secs] 
63.986: Total time for which application threads were stopped: 0.0153810 seconds, Stopping threads took: 0.0002030 seconds
64.010: Application time: 0.0239780 seconds
64.010: [GC64.010: [DefNew: 64512K->2283K(64512K), 0.0092760 secs]64.020: [Tenured: 149036K->78683K(149196K), 0.1172360 secs] 207491K->78683K(213708K), [Perm : 8832K->8832K(21248K)], 0.1267580 secs] [Times: user=0.12 sys=0.00, real=0.13 secs] 
64.137: Total time for which application threads were stopped: 0.1269430 seconds, Stopping threads took: 0.0001080 seconds
64.160: Application time: 0.0225140 seconds
64.160: [GC64.160: [DefNew: 57408K->7103K(64512K), 0.0111480 secs] 136091K->90310K(207564K), 0.0111910 secs] [Times: user=0.02 sys=0.00, real=0.01 secs] 
64.171: Total time for which application threads were stopped: 0.0113520 seconds, Stopping threads took: 0.0000670 seconds
64.196: Application time: 0.0246620 seconds
64.196: [GC64.196: [DefNew: 64511K->7103K(64512K), 0.0210820 secs] 147718K->101550K(207564K), 0.0211250 secs] [Times: user=0.02 sys=0.00, real=0.02 secs] 
64.217: Total time for which application threads were stopped: 0.0213560 seconds, Stopping threads took: 0.0001500 seconds
64.243: Application time: 0.0264500 seconds
64.244: [GC64.244: [DefNew: 64511K->7104K(64512K), 0.0199920 secs] 158958K->112633K(207564K), 0.0200350 secs] [Times: user=0.02 sys=0.00, real=0.02 secs] 
64.264: Total time for which application threads were stopped: 0.0202180 seconds, Stopping threads took: 0.0001040 seconds
64.291: Application time: 0.0275180 seconds
64.291: [GC64.291: [DefNew: 64512K->7103K(64512K), 0.0252080 secs] 170041K->122541K(207564K), 0.0252520 secs] [Times: user=0.03 sys=0.00, real=0.03 secs] 
64.317: Total time for which application threads were stopped: 0.0254770 seconds, Stopping threads took: 0.0001260 seconds
64.345: Application time: 0.0282590 seconds
64.345: [GC64.345: [DefNew: 64511K->6355K(64512K), 0.0174130 secs] 179949K->128649K(207564K), 0.0174590 secs] [Times: user=0.01 sys=0.00, real=0.01 secs] 
64.363: Total time for which application threads were stopped: 0.0176660 seconds, Stopping threads took: 0.0001300 seconds
64.388: Application time: 0.0253550 seconds
64.388: [GC64.388: [DefNew: 63763K->5695K(64512K), 0.0096240 secs] 186057K->131522K(207564K), 0.0096770 secs] [Times: user=0.00 sys=0.00, real=0.01 secs] 
64.398: Total time for which application threads were stopped: 0.0099050 seconds, Stopping threads took: 0.0001270 seconds
64.423: Application time: 0.0249760 seconds
64.423: [GC64.423: [DefNew: 63103K->7104K(64512K), 0.0150670 secs] 188930K->138528K(207564K), 0.0151110 secs] [Times: user=0.02 sys=0.00, real=0.02 secs] 
64.438: Total time for which application threads were stopped: 0.0153150 seconds, Stopping threads took: 0.0001230 seconds
64.463: Application time: 0.0251100 seconds
64.464: [GC64.464: [DefNew: 64512K->4477K(64512K), 0.0092380 secs] 195936K->139527K(207564K), 0.0092820 secs] [Times: user=0.01 sys=0.00, real=0.02 secs] 
64.473: Total time for which application threads were stopped: 0.0095170 seconds, Stopping threads took: 0.0001550 seconds
64.495: Application time: 0.0219780 seconds
64.495: [GC64.495: [DefNew: 61885K->1131K(64512K), 0.0055930 secs] 196935K->140342K(207564K), 0.0056370 secs] [Times: user=0.00 sys=0.00, real=0.00 secs] 
64.501: Total time for which application threads were stopped: 0.0058190 seconds, Stopping threads took: 0.0001030 seconds
64.523: Application time: 0.0219760 seconds
64.523: [GC64.523: [DefNew: 58539K->4191K(64512K), 0.0043900 secs] 197750K->143402K(207564K), 0.0044250 secs] [Times: user=0.01 sys=0.00, real=0.01 secs] 
64.527: Total time for which application threads were stopped: 0.0046510 seconds, Stopping threads took: 0.0001550 seconds
64.549: Application time: 0.0216300 seconds
64.549: [GC64.549: [DefNew: 61599K->5496K(64512K), 0.0084970 secs] 200810K->146867K(207564K), 0.0085400 secs] [Times: user=0.01 sys=0.00, real=0.01 secs] 
64.558: Total time for which application threads were stopped: 0.0088930 seconds, Stopping threads took: 0.0002750 seconds
64.580: Application time: 0.0219540 seconds
64.580: [GC64.580: [DefNew: 62904K->7103K(64512K), 0.0154550 secs]64.595: [Tenured: 148653K->81896K(148812K), 0.1192110 secs] 204275K->81896K(213324K), [Perm : 8832K->8832K(21248K)], 0.1349090 secs] [Times: user=0.14 sys=0.00, real=0.14 secs] 
64.715: Total time for which application threads were stopped: 0.1351550 seconds, Stopping threads took: 0.0001680 seconds
64.739: Application time: 0.0237170 seconds
64.739: [GC64.739: [DefNew: 57408K->6931K(64512K), 0.0092090 secs] 139304K->88827K(207564K), 0.0092530 secs] [Times: user=0.01 sys=0.00, real=0.01 secs] 
64.748: Total time for which application threads were stopped: 0.0096850 seconds, Stopping threads took: 0.0003210 seconds
64.772: Application time: 0.0241750 seconds
64.773: [GC64.773: [DefNew: 64339K->4455K(64512K), 0.0102060 secs] 146235K->91553K(207564K), 0.0102510 secs] [Times: user=0.01 sys=0.00, real=0.00 secs] 
64.783: Total time for which application threads were stopped: 0.0104140 seconds, Stopping threads took: 0.0000830 seconds
64.806: Application time: 0.0232110 seconds
64.806: [GC64.806: [DefNew: 61863K->7103K(64512K), 0.0148660 secs] 148961K->100427K(207564K), 0.0149120 secs] [Times: user=0.02 sys=0.00, real=0.01 secs] 
64.821: Total time for which application threads were stopped: 0.0151800 seconds, Stopping threads took: 0.0001710 seconds
64.847: Application time: 0.0253000 seconds
64.847: [GC64.847: [DefNew: 64511K->7103K(64512K), 0.0223190 secs] 157835K->111063K(207564K), 0.0223630 secs] [Times: user=0.02 sys=0.00, real=0.02 secs] 
64.869: Total time for which application threads were stopped: 0.0225860 seconds, Stopping threads took: 0.0001350 seconds
64.896: Application time: 0.0263590 seconds
64.896: [GC64.896: [DefNew: 64511K->7104K(64512K), 0.0216620 secs] 168471K->122582K(207564K), 0.0217050 secs] [Times: user=0.02 sys=0.00, real=0.02 secs] 
64.918: Total time for which application threads were stopped: 0.0220600 seconds, Stopping threads took: 0.0002560 seconds
64.945: Application time: 0.0274370 seconds
64.945: [GC64.945: [DefNew: 64512K->7103K(64512K), 0.0257320 secs] 179990K->132557K(207564K), 0.0257860 secs] [Times: user=0.03 sys=0.00, real=0.02 secs] 
64.971: Total time for which application threads were stopped: 0.0261650 seconds, Stopping threads took: 0.0002780 seconds
65.000: Application time: 0.0283910 seconds
65.000: [GC65.000: [DefNew: 64511K->6192K(64512K), 0.0168720 secs] 189965K->137723K(207564K), 0.0169190 secs] [Times: user=0.02 sys=0.00, real=0.02 secs] 
65.017: Total time for which application threads were stopped: 0.0172120 seconds, Stopping threads took: 0.0001930 seconds
65.042: Application time: 0.0251490 seconds
65.042: [GC65.042: [DefNew: 63600K->7104K(64512K), 0.0110250 secs] 195131K->142010K(207564K), 0.0110690 secs] [Times: user=0.01 sys=0.00, real=0.02 secs] 
65.053: Total time for which application threads were stopped: 0.0113540 seconds, Stopping threads took: 0.0001840 seconds
65.078: Application time: 0.0247780 seconds
65.078: [GC65.078: [DefNew: 64512K->7103K(64512K), 0.0162060 secs] 199418K->148871K(207564K), 0.0162500 secs] [Times: user=0.02 sys=0.00, real=0.02 secs] 
65.095: Total time for which application threads were stopped: 0.0165530 seconds, Stopping threads took: 0.0002030 seconds
65.119: Application time: 0.0244820 seconds
65.119: [GC65.119: [DefNew: 64511K->3976K(64512K), 0.0085200 secs]65.128: [Tenured: 145514K->80430K(145548K), 0.1195140 secs] 206279K->80430K(210060K), [Perm : 8832K->8832K(21248K)], 0.1281940 secs] [Times: user=0.13 sys=0.00, real=0.13 secs] 
65.248: Total time for which application threads were stopped: 0.1284160 seconds, Stopping threads took: 0.0001440 seconds
65.269: Application time: 0.0218910 seconds
65.270: [GC65.270: [DefNew: 57408K->1569K(64512K), 0.0020990 secs] 137838K->81999K(207564K), 0.0021270 secs] [Times: user=0.00 sys=0.00, real=0.00 secs] 
65.272: Total time for which application threads were stopped: 0.0023320 seconds, Stopping threads took: 0.0001220 seconds
65.294: Application time: 0.0217040 seconds
65.294: [GC65.294: [DefNew: 58977K->4706K(64512K), 0.0050840 secs] 139407K->85137K(207564K), 0.0051230 secs] [Times: user=0.01 sys=0.00, real=0.00 secs] 
65.299: Total time for which application threads were stopped: 0.0053290 seconds, Stopping threads took: 0.0001320 seconds
65.320: Application time: 0.0212050 seconds
65.320: [GC65.320: [DefNew: 62114K->6197K(64512K), 0.0082630 secs] 142545K->88955K(207564K), 0.0083040 secs] [Times: user=0.00 sys=0.00, real=0.01 secs] 
65.329: Total time for which application threads were stopped: 0.0084790 seconds, Stopping threads took: 0.0000950 seconds
65.351: Application time: 0.0225380 seconds
65.351: [GC65.351: [DefNew: 63605K->7104K(64512K), 0.0153260 secs] 146363K->98642K(207564K), 0.0153690 secs] [Times: user=0.02 sys=0.00, real=0.02 secs] 
65.367: Total time for which application threads were stopped: 0.0156070 seconds, Stopping threads took: 0.0001600 seconds
65.391: Application time: 0.0239490 seconds
65.391: [GC65.391: [DefNew: 64512K->4560K(64512K), 0.0099300 secs] 156050K->102407K(207564K), 0.0099720 secs] [Times: user=0.01 sys=0.00, real=0.01 secs] 
65.401: Total time for which application threads were stopped: 0.0101940 seconds, Stopping threads took: 0.0001430 seconds
65.424: Application time: 0.0236090 seconds
65.425: [GC65.425: [DefNew: 61968K->6472K(64512K), 0.0096330 secs] 159815K->108009K(207564K), 0.0096800 secs] [Times: user=0.01 sys=0.00, real=0.01 secs] 
65.434: Total time for which application threads were stopped: 0.0098450 seconds, Stopping threads took: 0.0000840 seconds
65.458: Application time: 0.0235200 seconds
65.458: [GC65.458: [DefNew: 63880K->7104K(64512K), 0.0151510 secs] 165417K->115762K(207564K), 0.0151940 secs] [Times: user=0.02 sys=0.00, real=0.02 secs] 
65.473: Total time for which application threads were stopped: 0.0153980 seconds, Stopping threads took: 0.0001250 seconds
65.498: Application time: 0.0251470 seconds
65.499: [GC65.499: [DefNew: 64466K->7103K(64512K), 0.0204270 secs] 173125K->124471K(207564K), 0.0204710 secs] [Times: user=0.02 sys=0.00, real=0.02 secs] 
65.519: Total time for which application threads were stopped: 0.0206670 seconds, Stopping threads took: 0.0001160 seconds
65.544: Application time: 0.0254640 seconds
65.545: [GC65.545: [DefNew: 64511K->7103K(64512K), 0.0164860 secs] 181879K->132833K(207564K), 0.0165410 secs] [Times: user=0.02 sys=0.00, real=0.01 secs] 
65.561: Total time for which application threads were stopped: 0.0167470 seconds, Stopping threads took: 0.0001290 seconds
65.588: Application time: 0.0269870 seconds
65.588: [GC65.588: [DefNew: 64511K->7104K(64512K), 0.0219010 secs] 190241K->141872K(207564K), 0.0219420 secs] [Times: user=0.02 sys=0.00, real=0.02 secs] 
65.610: Total time for which application threads were stopped: 0.0221330 seconds, Stopping threads took: 0.0001110 seconds
65.637: Application time: 0.0270940 seconds
65.638: [GC65.638: [DefNew: 64512K->4931K(64512K), 0.0141920 secs] 199280K->146506K(207564K), 0.0142370 secs] [Times: user=0.01 sys=0.00, real=0.01 secs] 
65.652: Total time for which application threads were stopped: 0.0144390 seconds, Stopping threads took: 0.0001190 seconds
65.677: Application time: 0.0254390 seconds
65.678: [GC65.678: [DefNew: 62339K->6800K(64512K), 0.0101020 secs]65.688: [Tenured: 144506K->75063K(144588K), 0.1216780 secs] 203914K->75063K(209100K), [Perm : 8832K->8832K(21248K)], 0.1319090 secs] [Times: user=0.14 sys=0.00, real=0.13 secs] 
65.809: Total time for which application threads were stopped: 0.1321390 seconds, Stopping threads took: 0.0001550 seconds
65.835: Application time: 0.0253170 seconds
65.835: [GC65.835: [DefNew: 57408K->6949K(64512K), 0.0088550 secs] 132471K->82012K(207564K), 0.0088990 secs] [Times: user=0.01 sys=0.00, real=0.00 secs] 
65.844: Total time for which application threads were stopped: 0.0091810 seconds, Stopping threads took: 0.0001920 seconds
65.867: Application time: 0.0233190 seconds
65.868: [GC65.868: [DefNew: 64357K->4500K(64512K), 0.0085510 secs] 139420K->82797K(207564K), 0.0085960 secs] [Times: user=0.01 sys=0.00, real=0.01 secs] 
65.876: Total time for which application threads were stopped: 0.0088180 seconds, Stopping threads took: 0.0001220 seconds
65.898: Application time: 0.0221300 seconds
65.899: [GC65.899: [DefNew: 61908K->1470K(64512K), 0.0050700 secs] 140205K->82898K(207564K), 0.0051110 secs] [Times: user=0.00 sys=0.00, real=0.00 secs] 
65.904: Total time for which application threads were stopped: 0.0053820 seconds, Stopping threads took: 0.0001930 seconds
65.925: Application time: 0.0217200 seconds
65.926: [GC65.926: [DefNew: 58878K->3803K(64512K), 0.0038520 secs] 140306K->85231K(207564K), 0.0038890 secs] [Times: user=0.00 sys=0.00, real=0.00 secs] 
65.929: Total time for which application threads were stopped: 0.0040860 seconds, Stopping threads took: 0.0001240 seconds
65.950: Application time: 0.0209700 seconds
65.951: [GC65.951: [DefNew: 61211K->6534K(64512K), 0.0086110 secs] 142639K->90045K(207564K), 0.0086580 secs] [Times: user=0.01 sys=0.00, real=0.01 secs] 
65.959: Total time for which application threads were stopped: 0.0088730 seconds, Stopping threads took: 0.0001350 seconds
65.982: Application time: 0.0226550 seconds
65.982: [GC65.982: [DefNew: 63942K->7103K(64512K), 0.0157290 secs] 147453K->100195K(207564K), 0.0157710 secs] [Times: user=0.01 sys=0.00, real=0.02 secs] 
65.998: Total time for which application threads were stopped: 0.0159930 seconds, Stopping threads took: 0.0001440 seconds
66.023: Application time: 0.0245450 seconds
66.023: [GC66.023: [DefNew: 64511K->4409K(64512K), 0.0106960 secs] 157603K->103927K(207564K), 0.0107380 secs] [Times: user=0.01 sys=0.00, real=0.02 secs] 
66.033: Total time for which application threads were stopped: 0.0109410 seconds, Stopping threads took: 0.0001240 seconds
66.056: Application time: 0.0230120 seconds
66.057: [GC66.057: [DefNew: 61817K->6832K(64512K), 0.0085960 secs] 161335K->109377K(207564K), 0.0086360 secs] [Times: user=0.01 sys=0.00, real=0.01 secs] 
66.065: Total time for which application threads were stopped: 0.0088180 seconds, Stopping threads took: 0.0001010 seconds
66.089: Application time: 0.0234160 seconds
66.089: [GC66.089: [DefNew: 64240K->7104K(64512K), 0.0153100 secs] 166785K->117235K(207564K), 0.0153550 secs] [Times: user=0.02 sys=0.00, real=0.01 secs] 
66.104: Total time for which application threads were stopped: 0.0155830 seconds, Stopping threads took: 0.0001480 seconds
66.130: Application time: 0.0257310 seconds
66.130: [GC66.130: [DefNew: 64512K->7103K(64512K), 0.0228630 secs] 174643K->126260K(207564K), 0.0229060 secs] [Times: user=0.03 sys=0.00, real=0.03 secs] 
66.153: Total time for which application threads were stopped: 0.0230730 seconds, Stopping threads took: 0.0000860 seconds
66.180: Application time: 0.0265830 seconds
66.180: [GC66.180: [DefNew: 64511K->7103K(64512K), 0.0216470 secs] 183668K->137748K(207564K), 0.0216910 secs] [Times: user=0.02 sys=0.00, real=0.02 secs] 
66.202: Total time for which application threads were stopped: 0.0219130 seconds, Stopping threads took: 0.0001420 seconds
66.230: Application time: 0.0282380 seconds
66.231: [GC66.231: [DefNew: 64511K->7103K(64512K), 0.0193660 secs] 195156K->144474K(207564K), 0.0194090 secs] [Times: user=0.02 sys=0.00, real=0.02 secs] 
66.250: Total time for which application threads were stopped: 0.0204510 seconds, Stopping threads took: 0.0009600 seconds
66.276: Application time: 0.0261600 seconds
66.277: [GC66.277: [DefNew: 64511K->5362K(64512K), 0.0130970 secs] 201882K->147769K(207564K), 0.0131410 secs] [Times: user=0.01 sys=0.00, real=0.01 secs] 
66.290: Total time for which application threads were stopped: 0.0134030 seconds, Stopping threads took: 0.0001600 seconds
66.316: Application time: 0.0258560 seconds
66.316: [GC66.316: [DefNew: 62770K->7104K(64512K), 0.0164910 secs]66.332: [Tenured: 147579K->83203K(147660K), 0.1188840 secs] 205177K->83203K(212172K), [Perm : 8832K->8832K(21248K)], 0.1355920 secs] [Times: user=0.13 sys=0.00, real=0.13 secs] 
66.452: Total time for which application threads were stopped: 0.1358370 seconds, Stopping threads took: 0.0001670 seconds
66.477: Application time: 0.0253490 seconds
66.477: [GC66.477: [DefNew: 57408K->7103K(64512K), 0.0089960 secs] 140611K->91003K(207564K), 0.0090390 secs] [Times: user=0.00 sys=0.00, real=0.01 secs] 
66.486: Total time for which application threads were stopped: 0.0093050 seconds, Stopping threads took: 0.0001720 seconds
66.510: Application time: 0.0234740 seconds
66.510: [GC66.510: [DefNew: 64511K->3068K(64512K), 0.0110670 secs] 148411K->93426K(207564K), 0.0111100 secs] [Times: user=0.01 sys=0.00, real=0.01 secs] 
66.521: Total time for which application threads were stopped: 0.0114030 seconds, Stopping threads took: 0.0001910 seconds
66.543: Application time: 0.0219510 seconds
66.543: [GC66.543: [DefNew: 60476K->3686K(64512K), 0.0037090 secs] 150834K->94044K(207564K), 0.0037450 secs] [Times: user=0.00 sys=0.00, real=0.01 secs] 
66.547: Total time for which application threads were stopped: 0.0040040 seconds, Stopping threads took: 0.0001760 seconds
66.569: Application time: 0.0218890 seconds
66.569: [GC66.569: [DefNew: 61094K->5094K(64512K), 0.0067260 secs] 151452K->97216K(207564K), 0.0067700 secs] [Times: user=0.00 sys=0.00, real=0.01 secs] 
66.576: Total time for which application threads were stopped: 0.0069870 seconds, Stopping threads took: 0.0001370 seconds
66.597: Application time: 0.0213240 seconds
66.597: [GC66.597: [DefNew: 62502K->7104K(64512K), 0.0141960 secs] 154624K->105702K(207564K), 0.0142420 secs] [Times: user=0.01 sys=0.00, real=0.01 secs] 
66.612: Total time for which application threads were stopped: 0.0144440 seconds, Stopping threads took: 0.0001230 seconds
66.635: Application time: 0.0235220 seconds
66.635: [GC66.635: [DefNew: 64512K->7103K(64512K), 0.0193640 secs] 163110K->112621K(207564K), 0.0194080 secs] [Times: user=0.02 sys=0.00, real=0.02 secs] 
66.655: Total time for which application threads were stopped: 0.0196120 seconds, Stopping threads took: 0.0001240 seconds
66.680: Application time: 0.0248320 seconds
66.680: [GC66.680: [DefNew: 64511K->2786K(64512K), 0.0090990 secs] 170029K->114852K(207564K), 0.0091380 secs] [Times: user=0.00 sys=0.00, real=0.01 secs] 
66.689: Total time for which application threads were stopped: 0.0093390 seconds, Stopping threads took: 0.0001230 seconds
66.711: Application time: 0.0223900 seconds
66.712: [GC66.712: [DefNew: 60194K->7103K(64512K), 0.0113810 secs] 172260K->122009K(207564K), 0.0114340 secs] [Times: user=0.01 sys=0.00, real=0.01 secs] 
66.723: Total time for which application threads were stopped: 0.0116340 seconds, Stopping threads took: 0.0001180 seconds
66.747: Application time: 0.0240590 seconds
66.747: [GC66.747: [DefNew: 64511K->7104K(64512K), 0.0198470 secs] 179417K->132748K(207564K), 0.0198920 secs] [Times: user=0.02 sys=0.00, real=0.02 secs] 
66.767: Total time for which application threads were stopped: 0.0201050 seconds, Stopping threads took: 0.0001350 seconds
66.792: Application time: 0.0251910 seconds
66.793: [GC66.793: [DefNew: 64512K->7104K(64512K), 0.0145670 secs] 190156K->138587K(207564K), 0.0146090 secs] [Times: user=0.01 sys=0.00, real=0.01 secs] 
66.807: Total time for which application threads were stopped: 0.0148040 seconds, Stopping threads took: 0.0001130 seconds
66.834: Application time: 0.0264180 seconds
66.834: [GC66.834: [DefNew: 64512K->7103K(64512K), 0.0189110 secs] 195995K->149523K(207564K), 0.0189530 secs] [Times: user=0.02 sys=0.00, real=0.02 secs] 
66.853: Total time for which application threads were stopped: 0.0191470 seconds, Stopping threads took: 0.0001130 seconds
66.881: Application time: 0.0282030 seconds
66.881: [GC66.881: [DefNew: 64511K->7103K(64512K), 0.0175600 secs]66.899: [Tenured: 148771K->83253K(148812K), 0.1189270 secs] 206931K->83253K(213324K), [Perm : 8832K->8832K(21248K)], 0.1367360 secs] [Times: user=0.13 sys=0.00, real=0.14 secs] 
67.018: Total time for which application threads were stopped: 0.1370000 seconds, Stopping threads took: 0.0001880 seconds
67.044: Application time: 0.0260510 seconds
67.044: [GC67.044: [DefNew: 57408K->6909K(64512K), 0.0070570 secs] 140661K->90163K(207564K), 0.0071000 secs] [Times: user=0.01 sys=0.00, real=0.01 secs] 
67.051: Total time for which application threads were stopped: 0.0073840 seconds, Stopping threads took: 0.0001910 seconds
67.078: Application time: 0.0263630 seconds
67.078: [GC67.078: [DefNew: 64317K->7104K(64512K), 0.0138070 secs] 147571K->94737K(207564K), 0.0138520 secs] [Times: user=0.01 sys=0.00, real=0.01 secs] 
67.092: Total time for which application threads were stopped: 0.0141260 seconds, Stopping threads took: 0.0001930 seconds
67.117: Application time: 0.0250390 seconds
67.117: [GC67.117: [DefNew: 64512K->5843K(64512K), 0.0106780 secs] 152145K->99538K(207564K), 0.0107190 secs] [Times: user=0.02 sys=0.00, real=0.01 secs] 
67.128: Total time for which application threads were stopped: 0.0110110 seconds, Stopping threads took: 0.0001930 seconds
67.151: Application time: 0.0230130 seconds
67.151: [GC67.151: [DefNew: 63251K->3717K(64512K), 0.0076910 secs] 156946K->99265K(207564K), 0.0077320 secs] [Times: user=0.01 sys=0.00, real=0.01 secs] 
67.159: Total time for which application threads were stopped: 0.0080340 seconds, Stopping threads took: 0.0002050 seconds
67.181: Application time: 0.0217950 seconds
67.181: [GC67.181: [DefNew: 61125K->2956K(64512K), 0.0060880 secs] 156673K->100901K(207564K), 0.0061300 secs] [Times: user=0.01 sys=0.00, real=0.01 secs] 
67.187: Total time for which application threads were stopped: 0.0063190 seconds, Stopping threads took: 0.0001120 seconds
67.209: Application time: 0.0218830 seconds
67.209: [GC67.209: [DefNew: 60364K->6266K(64512K), 0.0047260 secs] 158309K->104210K(207564K), 0.0047700 secs] [Times: user=0.01 sys=0.00, real=0.01 secs] 
67.214: Total time for which application threads were stopped: 0.0049770 seconds, Stopping threads took: 0.0001290 seconds
67.236: Application time: 0.0217300 seconds
67.236: [GC67.236: [DefNew: 63674K->7104K(64512K), 0.0147580 secs] 161618K->113025K(207564K), 0.0148040 secs] [Times: user=0.02 sys=0.00, real=0.01 secs] 
67.251: Total time for which application threads were stopped: 0.0150360 seconds, Stopping threads took: 0.0001510 seconds
67.274: Application time: 0.0234620 seconds
67.275: [GC67.275: [DefNew: 64512K->6961K(64512K), 0.0153970 secs] 170433K->118674K(207564K), 0.0154510 secs] [Times: user=0.02 sys=0.00, real=0.01 secs] 
67.290: Total time for which application threads were stopped: 0.0157770 seconds, Stopping threads took: 0.0002360 seconds
67.315: Application time: 0.0247060 seconds
67.315: [GC67.315: [DefNew: 64369K->3780K(64512K), 0.0099690 secs] 176082K->122067K(207564K), 0.0100130 secs] [Times: user=0.01 sys=0.00, real=0.01 secs] 
67.325: Total time for which application threads were stopped: 0.0102130 seconds, Stopping threads took: 0.0001220 seconds
67.348: Application time: 0.0229790 seconds
67.348: [GC67.348: [DefNew: 61188K->7103K(64512K), 0.0131660 secs] 179475K->128970K(207564K), 0.0132130 secs] [Times: user=0.01 sys=0.00, real=0.01 secs] 
67.361: Total time for which application threads were stopped: 0.0134460 seconds, Stopping threads took: 0.0001510 seconds
67.387: Application time: 0.0251940 seconds
67.387: [GC67.387: [DefNew: 64511K->7103K(64512K), 0.0180690 secs] 186378K->137879K(207564K), 0.0181160 secs] [Times: user=0.01 sys=0.00, real=0.02 secs] 
67.405: Total time for which application threads were stopped: 0.0183930 seconds, Stopping threads took: 0.0001780 seconds
67.430: Application time: 0.0253630 seconds
67.430: [GC67.431: [DefNew: 64511K->6462K(64512K), 0.0166560 secs] 195287K->143822K(207564K), 0.0166990 secs] [Times: user=0.02 sys=0.00, real=0.02 secs] 
67.447: Total time for which application threads were stopped: 0.0168770 seconds, Stopping threads took: 0.0001010 seconds
67.473: Application time: 0.0255400 seconds
67.473: [GC67.473: [DefNew: 63870K->7104K(64512K), 0.0177290 secs]67.491: [Tenured: 146875K->78509K(146892K), 0.1108540 secs] 201230K->78509K(211404K), [Perm : 8832K->8832K(21248K)], 0.1287800 secs] [Times: user=0.13 sys=0.00, real=0.12 secs] 
67.602: Total time for which application threads were stopped: 0.1290880 seconds, Stopping threads took: 0.0002120 seconds
67.629: Application time: 0.0268350 seconds
67.629: [GC67.629: [DefNew: 57408K->7103K(64512K), 0.0131720 secs] 135917K->88653K(207564K), 0.0132170 secs] [Times: user=0.01 sys=0.00, real=0.01 secs] 
67.642: Total time for which application threads were stopped: 0.0134510 seconds, Stopping threads took: 0.0001410 seconds
67.668: Application time: 0.0260350 seconds
67.673: [GC67.673: [DefNew: 64511K->7103K(64512K), 0.0164490 secs] 146061K->95756K(207564K), 0.0164940 secs] [Times: user=0.02 sys=0.00, real=0.01 secs] 
67.689: Total time for which application threads were stopped: 0.0210930 seconds, Stopping threads took: 0.0045000 seconds
67.715: Application time: 0.0259950 seconds
67.716: [GC67.716: [DefNew: 64511K->5338K(64512K), 0.0123720 secs] 153164K->98431K(207564K), 0.0124170 secs] [Times: user=0.02 sys=0.00, real=0.01 secs] 
67.728: Total time for which application threads were stopped: 0.0127150 seconds, Stopping threads took: 0.0001990 seconds
67.753: Application time: 0.0246930 seconds
67.753: [GC67.753: [DefNew: 62746K->4226K(64512K), 0.0103160 secs] 155839K->102318K(207564K), 0.0103600 secs] [Times: user=0.01 sys=0.00, real=0.00 secs] 
67.763: Total time for which application threads were stopped: 0.0106100 seconds, Stopping threads took: 0.0001530 seconds
67.786: Application time: 0.0228170 seconds
67.786: [GC67.786: [DefNew: 61634K->4730K(64512K), 0.0053110 secs] 159726K->103054K(207564K), 0.0053540 secs] [Times: user=0.00 sys=0.00, real=0.00 secs] 
67.792: Total time for which application threads were stopped: 0.0055150 seconds, Stopping threads took: 0.0000810 seconds
67.814: Application time: 0.0220250 seconds
67.814: [GC67.814: [DefNew: 62138K->3424K(64512K), 0.0069290 secs] 160462K->105272K(207564K), 0.0069740 secs] [Times: user=0.01 sys=0.00, real=0.00 secs] 
67.821: Total time for which application threads were stopped: 0.0072270 seconds, Stopping threads took: 0.0001730 seconds
67.843: Application time: 0.0220740 seconds
67.843: [GC67.843: [DefNew: 60832K->6889K(64512K), 0.0068860 secs] 162680K->108737K(207564K), 0.0069290 secs] [Times: user=0.01 sys=0.00, real=0.01 secs] 
67.850: Total time for which application threads were stopped: 0.0071670 seconds, Stopping threads took: 0.0001470 seconds
67.872: Application time: 0.0220110 seconds
67.872: [GC67.872: [DefNew: 64297K->7103K(64512K), 0.0165330 secs] 166145K->118989K(207564K), 0.0165790 secs] [Times: user=0.02 sys=0.00, real=0.02 secs] 
67.889: Total time for which application threads were stopped: 0.0167980 seconds, Stopping threads took: 0.0001390 seconds
67.913: Application time: 0.0238670 seconds
67.913: [GC67.913: [DefNew: 64511K->5638K(64512K), 0.0113240 secs] 176397K->123315K(207564K), 0.0113650 secs] [Times: user=0.01 sys=0.00, real=0.00 secs] 
67.924: Total time for which application threads were stopped: 0.0115420 seconds, Stopping threads took: 0.0000980 seconds
67.949: Application time: 0.0248340 seconds
67.949: [GC67.949: [DefNew: 63046K->6244K(64512K), 0.0091350 secs] 180723K->128916K(207564K), 0.0091760 secs] [Times: user=0.01 sys=0.00, real=0.01 secs] 
67.959: Total time for which application threads were stopped: 0.0093380 seconds, Stopping threads took: 0.0000830 seconds
67.982: Application time: 0.0230700 seconds
67.982: [GC67.982: [DefNew: 63652K->6606K(64512K), 0.0107490 secs] 186324K->132414K(207564K), 0.0107920 secs] [Times: user=0.01 sys=0.00, real=0.02 secs] 
67.993: Total time for which application threads were stopped: 0.0111310 seconds, Stopping threads took: 0.0002420 seconds
68.018: Application time: 0.0251860 seconds
68.018: [GC68.018: [DefNew: 64014K->7104K(64512K), 0.0177220 secs] 189822K->141804K(207564K), 0.0177690 secs] [Times: user=0.02 sys=0.00, real=0.02 secs] 
68.036: Total time for which application threads were stopped: 0.0180500 seconds, Stopping threads took: 0.0001820 seconds
68.061: Application time: 0.0252000 seconds
68.061: [GC68.061: [DefNew: 64512K->5982K(64512K), 0.0164160 secs] 199212K->147279K(207564K), 0.0164590 secs] [Times: user=0.02 sys=0.00, real=0.02 secs] 
68.078: Total time for which application threads were stopped: 0.0166970 seconds, Stopping threads took: 0.0001400 seconds
68.103: Application time: 0.0253940 seconds
68.103: [GC68.103: [DefNew: 63390K->7103K(64512K), 0.0165210 secs]68.120: [Tenured: 149932K->72206K(149964K), 0.1167070 secs] 204687K->72206K(214476K), [Perm : 8832K->8832K(21248K)], 0.1335460 secs] [Times: user=0.14 sys=0.00, real=0.14 secs] 
68.237: Total time for which application threads were stopped: 0.1337360 seconds, Stopping threads took: 0.0001130 seconds
68.263: Application time: 0.0262480 seconds
68.264: [GC68.264: [DefNew: 57408K->7104K(64512K), 0.0157840 secs] 129614K->83680K(207564K), 0.0158310 secs] [Times: user=0.01 sys=0.00, real=0.02 secs] 
68.279: Total time for which application threads were stopped: 0.0162170 seconds, Stopping threads took: 0.0002920 seconds
68.306: Application time: 0.0267190 seconds
68.306: [GC68.306: [DefNew: 64512K->7104K(64512K), 0.0188250 secs] 141088K->91914K(207564K), 0.0188710 secs] [Times: user=0.01 sys=0.00, real=0.02 secs] 
68.325: Total time for which application threads were stopped: 0.0190760 seconds, Stopping threads took: 0.0001090 seconds
68.351: Application time: 0.0257700 seconds
68.351: [GC68.351: [DefNew: 64512K->3864K(64512K), 0.0106900 secs] 149322K->95116K(207564K), 0.0107360 secs] [Times: user=0.01 sys=0.00, real=0.01 secs] 
68.362: Total time for which application threads were stopped: 0.0110510 seconds, Stopping threads took: 0.0002160 seconds
68.386: Application time: 0.0237450 seconds
68.386: [GC68.386: [DefNew: 61272K->4681K(64512K), 0.0089770 secs] 152524K->99540K(207564K), 0.0090270 secs] [Times: user=0.01 sys=0.00, real=0.01 secs] 
68.395: Total time for which application threads were stopped: 0.0092620 seconds, Stopping threads took: 0.0001530 seconds
68.418: Application time: 0.0229320 seconds
68.418: [GC68.418: [DefNew: 62089K->4879K(64512K), 0.0064270 secs] 156948K->99960K(207564K), 0.0064690 secs] [Times: user=0.01 sys=0.00, real=0.01 secs] 
68.425: Total time for which application threads were stopped: 0.0066890 seconds, Stopping threads took: 0.0001420 seconds
68.447: Application time: 0.0218900 seconds
68.447: [GC68.447: [DefNew: 62287K->2535K(64512K), 0.0071290 secs] 157368K->102025K(207564K), 0.0071790 secs] [Times: user=0.01 sys=0.00, real=0.01 secs] 
68.454: Total time for which application threads were stopped: 0.0075330 seconds, Stopping threads took: 0.0002550 seconds
68.476: Application time: 0.0222180 seconds
68.477: [GC68.477: [DefNew: 59943K->7090K(64512K), 0.0080910 secs] 159433K->106580K(207564K), 0.0081340 secs] [Times: user=0.01 sys=0.00, real=0.01 secs] 
68.485: Total time for which application threads were stopped: 0.0085350 seconds, Stopping threads took: 0.0003010 seconds
68.508: Application time: 0.0227300 seconds
68.508: [GC68.508: [DefNew: 64498K->7103K(64512K), 0.0158150 secs] 163988K->116617K(207564K), 0.0158600 secs] [Times: user=0.02 sys=0.00, real=0.01 secs] 
68.524: Total time for which application threads were stopped: 0.0160620 seconds, Stopping threads took: 0.0001210 seconds
68.548: Application time: 0.0240110 seconds
68.548: [GC68.548: [DefNew: 64511K->4861K(64512K), 0.0121910 secs] 174025K->120343K(207564K), 0.0122320 secs] [Times: user=0.01 sys=0.00, real=0.01 secs] 
68.560: Total time for which application threads were stopped: 0.0124180 seconds, Stopping threads took: 0.0001050 seconds
68.585: Application time: 0.0250840 seconds
68.585: [GC68.585: [DefNew: 62269K->7103K(64512K), 0.0101510 secs] 177751K->127029K(207564K), 0.0101950 secs] [Times: user=0.01 sys=0.00, real=0.01 secs] 
68.596: Total time for which application threads were stopped: 0.0104280 seconds, Stopping threads took: 0.0001410 seconds
68.619: Application time: 0.0236380 seconds
68.619: [GC68.619: [DefNew: 64511K->7104K(64512K), 0.0123940 secs] 184437K->133014K(207564K), 0.0124370 secs] [Times: user=0.01 sys=0.00, real=0.01 secs] 
68.632: Total time for which application threads were stopped: 0.0125690 seconds, Stopping threads took: 0.0000490 seconds
68.657: Application time: 0.0250830 seconds
68.657: [GC68.657: [DefNew: 64512K->7104K(64512K), 0.0193500 secs] 190422K->142472K(207564K), 0.0193950 secs] [Times: user=0.02 sys=0.00, real=0.02 secs] 
68.677: Total time for which application threads were stopped: 0.0196310 seconds, Stopping threads took: 0.0001450 seconds
68.702: Application time: 0.0251170 seconds
68.702: [GC68.702: [DefNew: 64512K->4692K(64512K), 0.0166000 secs] 199880K->146834K(207564K), 0.0166430 secs] [Times: user=0.01 sys=0.00, real=0.02 secs] 
68.719: Total time for which application threads were stopped: 0.0169240 seconds, Stopping threads took: 0.0002010 seconds
68.743: Application time: 0.0245480 seconds
68.743: [GC68.744: [DefNew: 62100K->7103K(64512K), 0.0156750 secs]68.759: [Tenured: 149237K->77852K(149388K), 0.1234750 secs] 204242K->77852K(213900K), [Perm : 8834K->8834K(21248K)], 0.1394100 secs] [Times: user=0.14 sys=0.00, real=0.14 secs] 
68.883: Total time for which application threads were stopped: 0.1397160 seconds, Stopping threads took: 0.0002100 seconds
68.908: Application time: 0.0252960 seconds
68.908: [GC68.908: [DefNew: 57408K->7103K(64512K), 0.0130130 secs] 135260K->88883K(207564K), 0.0130560 secs] [Times: user=0.01 sys=0.00, real=0.01 secs] 
68.921: Total time for which application threads were stopped: 0.0132580 seconds, Stopping threads took: 0.0001070 seconds
68.949: Application time: 0.0275510 seconds
68.949: [GC68.949: [DefNew: 64511K->7104K(64512K), 0.0177910 secs] 146291K->97635K(207564K), 0.0178340 secs] [Times: user=0.02 sys=0.00, real=0.02 secs] 
68.967: Total time for which application threads were stopped: 0.0181250 seconds, Stopping threads took: 0.0002120 seconds
68.993: Application time: 0.0260540 seconds
68.994: [GC68.994: [DefNew: 64512K->3456K(64512K), 0.0142390 secs] 155043K->100628K(207564K), 0.0142840 secs] [Times: user=0.02 sys=0.00, real=0.01 secs] 
69.008: Total time for which application threads were stopped: 0.0146130 seconds, Stopping threads took: 0.0002290 seconds
69.031: Application time: 0.0232750 seconds
69.031: [GC69.031: [DefNew: 60864K->7104K(64512K), 0.0084070 secs] 158036K->104515K(207564K), 0.0084500 secs] [Times: user=0.01 sys=0.00, real=0.01 secs] 
69.040: Total time for which application threads were stopped: 0.0087650 seconds, Stopping threads took: 0.0002270 seconds
69.063: Application time: 0.0227430 seconds
69.063: [GC69.063: [DefNew: 64512K->7104K(64512K), 0.0153480 secs] 161923K->111213K(207564K), 0.0153940 secs] [Times: user=0.01 sys=0.00, real=0.02 secs] 
69.078: Total time for which application threads were stopped: 0.0156160 seconds, Stopping threads took: 0.0001410 seconds
69.100: Application time: 0.0215180 seconds
69.100: [GC69.100: [DefNew: 64512K->2071K(64512K), 0.0063800 secs] 168621K->111280K(207564K), 0.0064210 secs] [Times: user=0.01 sys=0.00, real=0.01 secs] 
69.106: Total time for which application threads were stopped: 0.0066140 seconds, Stopping threads took: 0.0001110 seconds
69.129: Application time: 0.0226350 seconds
69.133: [GC69.133: [DefNew: 59479K->7103K(64512K), 0.0101540 secs] 168688K->120128K(207564K), 0.0102000 secs] [Times: user=0.01 sys=0.00, real=0.00 secs] 
69.143: Total time for which application threads were stopped: 0.0138070 seconds, Stopping threads took: 0.0035300 seconds
69.166: Application time: 0.0232130 seconds
69.166: [GC69.166: [DefNew: 64511K->7104K(64512K), 0.0187420 secs] 177536K->128420K(207564K), 0.0187820 secs] [Times: user=0.02 sys=0.00, real=0.02 secs] 
69.185: Total time for which application threads were stopped: 0.0192370 seconds, Stopping threads took: 0.0003650 seconds
69.210: Application time: 0.0245280 seconds
69.210: [GC69.210: [DefNew: 64512K->2702K(64512K), 0.0088880 secs] 185828K->130499K(207564K), 0.0089340 secs] [Times: user=0.01 sys=0.00, real=0.01 secs] 
69.219: Total time for which application threads were stopped: 0.0091520 seconds, Stopping threads took: 0.0001390 seconds
69.243: Application time: 0.0239290 seconds
69.243: [GC69.243: [DefNew: 60110K->7104K(64512K), 0.0103510 secs] 187907K->137207K(207564K), 0.0103950 secs] [Times: user=0.01 sys=0.00, real=0.02 secs] 
69.253: Total time for which application threads were stopped: 0.0105850 seconds, Stopping threads took: 0.0001100 seconds
69.277: Application time: 0.0233280 seconds
69.277: [GC69.277: [DefNew: 64512K->7103K(64512K), 0.0184700 secs] 194615K->147025K(207564K), 0.0185120 secs] [Times: user=0.02 sys=0.00, real=0.02 secs] 
69.296: Total time for which application threads were stopped: 0.0187180 seconds, Stopping threads took: 0.0001270 seconds
69.321: Application time: 0.0251420 seconds
69.321: [GC69.321: [DefNew: 64511K->7104K(64512K), 0.0200770 secs]69.341: [Tenured: 147957K->83365K(148044K), 0.1284620 secs] 204433K->83365K(212556K), [Perm : 8834K->8834K(21248K)], 0.1488020 secs] [Times: user=0.15 sys=0.00, real=0.15 secs] 
69.470: Total time for which application threads were stopped: 0.1490150 seconds, Stopping threads took: 0.0001190 seconds
69.494: Application time: 0.0244840 seconds
69.494: [GC69.494: [DefNew: 57408K->3364K(64512K), 0.0045880 secs] 140773K->86730K(207564K), 0.0046270 secs] [Times: user=0.01 sys=0.00, real=0.00 secs] 
69.499: Total time for which application threads were stopped: 0.0048240 seconds, Stopping threads took: 0.0001080 seconds
69.524: Application time: 0.0247780 seconds
69.524: [GC69.524: [DefNew: 60772K->7103K(64512K), 0.0131040 secs] 144138K->97218K(207564K), 0.0131460 secs] [Times: user=0.02 sys=0.00, real=0.02 secs] 
69.537: Total time for which application threads were stopped: 0.0133040 seconds, Stopping threads took: 0.0000780 seconds
69.562: Application time: 0.0248460 seconds
69.562: [GC69.562: [DefNew: 64511K->7104K(64512K), 0.0230580 secs] 154626K->107805K(207564K), 0.0231000 secs] [Times: user=0.03 sys=0.00, real=0.03 secs] 
69.585: Total time for which application threads were stopped: 0.0233100 seconds, Stopping threads took: 0.0001130 seconds
69.613: Application time: 0.0274650 seconds
69.613: [GC69.613: [DefNew: 64512K->7104K(64512K), 0.0223760 secs] 165213K->115492K(207564K), 0.0224200 secs] [Times: user=0.03 sys=0.00, real=0.02 secs] 
69.635: Total time for which application threads were stopped: 0.0226340 seconds, Stopping threads took: 0.0001350 seconds
69.661: Application time: 0.0256630 seconds
69.661: [GC69.661: [DefNew: 64512K->2799K(64512K), 0.0087270 secs] 172900K->116006K(207564K), 0.0087790 secs] [Times: user=0.01 sys=0.00, real=0.01 secs] 
69.670: Total time for which application threads were stopped: 0.0090100 seconds, Stopping threads took: 0.0001500 seconds
69.693: Application time: 0.0230210 seconds
69.697: [GC69.697: [DefNew: 60207K->7104K(64512K), 0.0080630 secs] 173414K->121224K(207564K), 0.0081070 secs] [Times: user=0.00 sys=0.00, real=0.01 secs] 
69.705: Total time for which application threads were stopped: 0.0116880 seconds, Stopping threads took: 0.0035000 seconds
69.727: Application time: 0.0225980 seconds
69.728: [GC69.728: [DefNew: 64512K->5795K(64512K), 0.0153080 secs] 178632K->125742K(207564K), 0.0153540 secs] [Times: user=0.02 sys=0.00, real=0.01 secs] 
69.743: Total time for which application threads were stopped: 0.0156180 seconds, Stopping threads took: 0.0001840 seconds
69.765: Application time: 0.0221570 seconds
69.765: [GC69.765: [DefNew: 63203K->2969K(64512K), 0.0064740 secs] 183150K->126134K(207564K), 0.0065160 secs] [Times: user=0.01 sys=0.00, real=0.00 secs] 
69.772: Total time for which application threads were stopped: 0.0068120 seconds, Stopping threads took: 0.0002000 seconds
69.794: Application time: 0.0222640 seconds
69.794: [GC69.795: [DefNew: 60377K->7104K(64512K), 0.0124580 secs] 183542K->135758K(207564K), 0.0125030 secs] [Times: user=0.01 sys=0.00, real=0.01 secs] 
69.807: Total time for which application threads were stopped: 0.0128120 seconds, Stopping threads took: 0.0002070 seconds
69.830: Application time: 0.0232360 seconds
69.831: [GC69.831: [DefNew: 64512K->7104K(64512K), 0.0177650 secs] 193166K->142727K(207564K), 0.0178100 secs] [Times: user=0.01 sys=0.00, real=0.02 secs] 
69.848: Total time for which application threads were stopped: 0.0181200 seconds, Stopping threads took: 0.0002110 seconds
69.873: Application time: 0.0244080 seconds
69.873: [GC69.873: [DefNew: 64512K->1936K(64512K), 0.0098940 secs] 200135K->144214K(207564K), 0.0099400 secs] [Times: user=0.01 sys=0.00, real=0.00 secs] 
69.883: Total time for which application threads were stopped: 0.0102560 seconds, Stopping threads took: 0.0002370 seconds
69.907: Application time: 0.0235330 seconds
69.907: [GC69.907: [DefNew: 59344K->7103K(64512K), 0.0091270 secs]69.916: [Tenured: 143969K->82796K(144012K), 0.1153230 secs] 201622K->82796K(208524K), [Perm : 8834K->8834K(21248K)], 0.1245670 secs] [Times: user=0.12 sys=0.00, real=0.12 secs] 
70.031: Total time for which application threads were stopped: 0.1247460 seconds, Stopping threads took: 0.0000900 seconds
70.055: Application time: 0.0233500 seconds
70.055: [GC70.055: [DefNew: 57408K->7103K(64512K), 0.0118910 secs] 140204K->94384K(207564K), 0.0119360 secs] [Times: user=0.01 sys=0.00, real=0.01 secs] 
70.067: Total time for which application threads were stopped: 0.0121040 seconds, Stopping threads took: 0.0000740 seconds
70.091: Application time: 0.0246220 seconds
70.092: [GC70.092: [DefNew: 64511K->7104K(64512K), 0.0248760 secs] 151792K->104394K(207564K), 0.0249210 secs] [Times: user=0.02 sys=0.00, real=0.03 secs] 
70.117: Total time for which application threads were stopped: 0.0251770 seconds, Stopping threads took: 0.0001750 seconds
70.141: Application time: 0.0245060 seconds
70.141: [GC70.141: [DefNew: 64512K->2084K(64512K), 0.0114150 secs] 161802K->105788K(207564K), 0.0114590 secs] [Times: user=0.01 sys=0.00, real=0.02 secs] 
70.153: Total time for which application threads were stopped: 0.0116690 seconds, Stopping threads took: 0.0001300 seconds
70.178: Application time: 0.0256900 seconds
70.179: [GC70.179: [DefNew: 59492K->7103K(64512K), 0.0180990 secs] 163196K->118544K(207564K), 0.0181440 secs] [Times: user=0.01 sys=0.00, real=0.02 secs] 
70.197: Total time for which application threads were stopped: 0.0185490 seconds, Stopping threads took: 0.0003040 seconds
70.223: Application time: 0.0262420 seconds
70.224: [GC70.224: [DefNew: 64511K->7104K(64512K), 0.0216990 secs] 175952K->128535K(207564K), 0.0217410 secs] [Times: user=0.03 sys=0.00, real=0.03 secs] 
70.245: Total time for which application threads were stopped: 0.0220630 seconds, Stopping threads took: 0.0002140 seconds
70.272: Application time: 0.0265590 seconds
70.272: [GC70.272: [DefNew: 64512K->6600K(64512K), 0.0131510 secs] 185943K->134351K(207564K), 0.0131950 secs] [Times: user=0.01 sys=0.00, real=0.02 secs] 
70.285: Total time for which application threads were stopped: 0.0134210 seconds, Stopping threads took: 0.0001460 seconds
70.311: Application time: 0.0253010 seconds
70.311: [GC70.311: [DefNew: 64008K->5913K(64512K), 0.0094610 secs] 191759K->138343K(207564K), 0.0095070 secs] [Times: user=0.01 sys=0.00, real=0.01 secs] 
70.320: Total time for which application threads were stopped: 0.0097150 seconds, Stopping threads took: 0.0001260 seconds
70.344: Application time: 0.0235160 seconds
70.344: [GC70.344: [DefNew: 63321K->4391K(64512K), 0.0061010 secs] 195751K->138764K(207564K), 0.0061420 secs] [Times: user=0.01 sys=0.00, real=0.01 secs] 
70.350: Total time for which application threads were stopped: 0.0062960 seconds, Stopping threads took: 0.0000770 seconds
70.373: Application time: 0.0228580 seconds
70.373: [GC70.373: [DefNew: 61799K->3246K(64512K), 0.0069420 secs] 196172K->140595K(207564K), 0.0069870 secs] [Times: user=0.01 sys=0.00, real=0.00 secs] 
70.380: Total time for which application threads were stopped: 0.0071490 seconds, Stopping threads took: 0.0000840 seconds
70.402: Application time: 0.0220300 seconds
70.402: [GC70.402: [DefNew: 60654K->5778K(64512K), 0.0053820 secs] 198003K->143127K(207564K), 0.0054260 secs] [Times: user=0.00 sys=0.00, real=0.01 secs] 
70.408: Total time for which application threads were stopped: 0.0056030 seconds, Stopping threads took: 0.0000980 seconds
70.431: Application time: 0.0229610 seconds
70.431: [GC70.431: [DefNew: 63186K->7103K(64512K), 0.0173130 secs]70.448: [Tenured: 147340K->72705K(147468K), 0.1094250 secs] 200535K->72705K(211980K), [Perm : 8834K->8834K(21248K)], 0.1269670 secs] [Times: user=0.13 sys=0.01, real=0.13 secs] 
70.558: Total time for which application threads were stopped: 0.1273340 seconds, Stopping threads took: 0.0002870 seconds
70.582: Application time: 0.0241890 seconds
70.583: [GC70.583: [DefNew: 57408K->5942K(64512K), 0.0083260 secs] 130113K->78648K(207564K), 0.0083690 secs] [Times: user=0.01 sys=0.00, real=0.01 secs] 
70.591: Total time for which application threads were stopped: 0.0087920 seconds, Stopping threads took: 0.0003110 seconds
70.615: Application time: 0.0240750 seconds
70.615: [GC70.615: [DefNew: 63350K->3745K(64512K), 0.0096530 secs] 136056K->82218K(207564K), 0.0096980 secs] [Times: user=0.01 sys=0.00, real=0.01 secs] 
70.625: Total time for which application threads were stopped: 0.0098790 seconds, Stopping threads took: 0.0001020 seconds
70.649: Application time: 0.0235690 seconds
70.649: [GC70.649: [DefNew: 61153K->7103K(64512K), 0.0111610 secs] 139626K->88359K(207564K), 0.0112060 secs] [Times: user=0.01 sys=0.00, real=0.01 secs] 
70.660: Total time for which application threads were stopped: 0.0113620 seconds, Stopping threads took: 0.0000760 seconds
70.684: Application time: 0.0238080 seconds
70.684: [GC70.684: [DefNew: 64511K->7103K(64512K), 0.0142640 secs] 145767K->94404K(207564K), 0.0143080 secs] [Times: user=0.01 sys=0.00, real=0.02 secs] 
70.698: Total time for which application threads were stopped: 0.0144870 seconds, Stopping threads took: 0.0001000 seconds
70.722: Application time: 0.0240770 seconds
70.722: [GC70.723: [DefNew: 64511K->7104K(64512K), 0.0184300 secs] 151812K->103041K(207564K), 0.0184760 secs] [Times: user=0.02 sys=0.00, real=0.02 secs] 
70.741: Total time for which application threads were stopped: 0.0186490 seconds, Stopping threads took: 0.0000940 seconds
70.765: Application time: 0.0243860 seconds
70.766: [GC70.766: [DefNew: 64512K->4270K(64512K), 0.0105480 secs] 160449K->105916K(207564K), 0.0105900 secs] [Times: user=0.01 sys=0.00, real=0.01 secs] 
70.776: Total time for which application threads were stopped: 0.0107710 seconds, Stopping threads took: 0.0001020 seconds
70.802: Application time: 0.0256770 seconds
70.802: [GC70.802: [DefNew: 61678K->7103K(64512K), 0.0168130 secs] 163324K->116174K(207564K), 0.0168670 secs] [Times: user=0.02 sys=0.00, real=0.02 secs] 
70.819: Total time for which application threads were stopped: 0.0170580 seconds, Stopping threads took: 0.0001130 seconds
70.845: Application time: 0.0262790 seconds
70.845: [GC70.845: [DefNew: 64511K->7104K(64512K), 0.0185500 secs] 173582K->125580K(207564K), 0.0185950 secs] [Times: user=0.01 sys=0.00, real=0.01 secs] 
70.864: Total time for which application threads were stopped: 0.0187680 seconds, Stopping threads took: 0.0000940 seconds
70.891: Application time: 0.0274740 seconds
70.892: [GC70.892: [DefNew: 64512K->5919K(64512K), 0.0122840 secs] 182988K->130904K(207564K), 0.0123250 secs] [Times: user=0.02 sys=0.00, real=0.01 secs] 
70.904: Total time for which application threads were stopped: 0.0124890 seconds, Stopping threads took: 0.0000860 seconds
70.928: Application time: 0.0238740 seconds
70.928: [GC70.928: [DefNew: 63327K->6030K(64512K), 0.0091980 secs] 188312K->134784K(207564K), 0.0092390 secs] [Times: user=0.01 sys=0.00, real=0.01 secs] 
70.937: Total time for which application threads were stopped: 0.0093980 seconds, Stopping threads took: 0.0000790 seconds
70.960: Application time: 0.0231590 seconds
70.961: [GC70.961: [DefNew: 63438K->4453K(64512K), 0.0057650 secs] 192192K->135150K(207564K), 0.0058050 secs] [Times: user=0.01 sys=0.00, real=0.01 secs] 
70.966: Total time for which application threads were stopped: 0.0059720 seconds, Stopping threads took: 0.0000880 seconds
70.989: Application time: 0.0227130 seconds
70.993: [GC70.993: [DefNew: 61861K->3428K(64512K), 0.0075460 secs] 192558K->137775K(207564K), 0.0075900 secs] [Times: user=0.01 sys=0.00, real=0.00 secs] 
71.000: Total time for which application threads were stopped: 0.0111780 seconds, Stopping threads took: 0.0035080 seconds
71.022: Application time: 0.0219320 seconds
71.022: [GC71.022: [DefNew: 60836K->6925K(64512K), 0.0066060 secs] 195183K->141272K(207564K), 0.0066480 secs] [Times: user=0.00 sys=0.00, real=0.01 secs] 
71.029: Total time for which application threads were stopped: 0.0069230 seconds, Stopping threads took: 0.0001990 seconds
71.053: Application time: 0.0238480 seconds
71.053: [GC71.053: [DefNew: 64333K->7104K(64512K), 0.0207060 secs]71.074: [Tenured: 145037K->75362K(145164K), 0.1211800 secs] 198680K->75362K(209676K), [Perm : 8834K->8834K(21248K)], 0.1420500 secs] [Times: user=0.14 sys=0.00, real=0.14 secs] 
71.195: Total time for which application threads were stopped: 0.1423640 seconds, Stopping threads took: 0.0002360 seconds
71.220: Application time: 0.0245110 seconds
71.220: [GC71.220: [DefNew: 57408K->4305K(64512K), 0.0065430 secs] 132770K->79667K(207564K), 0.0065860 secs] [Times: user=0.01 sys=0.00, real=0.01 secs] 
71.227: Total time for which application threads were stopped: 0.0068480 seconds, Stopping threads took: 0.0001530 seconds
71.251: Application time: 0.0239040 seconds
71.251: [GC71.251: [DefNew: 61713K->6563K(64512K), 0.0089830 secs] 137075K->86101K(207564K), 0.0090320 secs] [Times: user=0.01 sys=0.00, real=0.01 secs] 
71.260: Total time for which application threads were stopped: 0.0093420 seconds, Stopping threads took: 0.0002300 seconds
71.284: Application time: 0.0240690 seconds
71.284: [GC71.284: [DefNew: 63971K->7104K(64512K), 0.0114480 secs] 143509K->90927K(207564K), 0.0114890 secs] [Times: user=0.01 sys=0.00, real=0.02 secs] 
71.296: Total time for which application threads were stopped: 0.0117680 seconds, Stopping threads took: 0.0002030 seconds
71.320: Application time: 0.0240790 seconds
71.320: [GC71.320: [DefNew: 64512K->7104K(64512K), 0.0120360 secs] 148335K->95479K(207564K), 0.0120820 secs] [Times: user=0.02 sys=0.00, real=0.01 secs] 
71.332: Total time for which application threads were stopped: 0.0123000 seconds, Stopping threads took: 0.0001380 seconds
71.356: Application time: 0.0242370 seconds
71.357: [GC71.357: [DefNew: 64512K->6982K(64512K), 0.0151980 secs] 152887K->101967K(207564K), 0.0152540 secs] [Times: user=0.01 sys=0.00, real=0.01 secs] 
71.372: Total time for which application threads were stopped: 0.0155070 seconds, Stopping threads took: 0.0001540 seconds
71.396: Application time: 0.0243370 seconds
71.396: [GC71.396: [DefNew: 64390K->3989K(64512K), 0.0094380 secs] 159375K->104302K(207564K), 0.0094830 secs] [Times: user=0.01 sys=0.00, real=0.01 secs] 
71.406: Total time for which application threads were stopped: 0.0096450 seconds, Stopping threads took: 0.0000780 seconds
71.431: Application time: 0.0247410 seconds
71.431: [GC71.431: [DefNew: 61397K->7104K(64512K), 0.0151340 secs] 161710K->114693K(207564K), 0.0151790 secs] [Times: user=0.01 sys=0.00, real=0.02 secs] 
71.446: Total time for which application threads were stopped: 0.0153580 seconds, Stopping threads took: 0.0001000 seconds
71.472: Application time: 0.0263080 seconds
71.473: [GC71.473: [DefNew: 64512K->7103K(64512K), 0.0204160 secs] 172101K->124798K(207564K), 0.0204590 secs] [Times: user=0.02 sys=0.00, real=0.02 secs] 
71.493: Total time for which application threads were stopped: 0.0207020 seconds, Stopping threads took: 0.0001680 seconds
71.521: Application time: 0.0276040 seconds
71.521: [GC71.521: [DefNew: 64511K->5279K(64512K), 0.0124410 secs] 182206K->129490K(207564K), 0.0124870 secs] [Times: user=0.01 sys=0.00, real=0.02 secs] 
71.533: Total time for which application threads were stopped: 0.0126940 seconds, Stopping threads took: 0.0001250 seconds
71.557: Application time: 0.0232820 seconds
71.557: [GC71.557: [DefNew: 62687K->5418K(64512K), 0.0093720 secs] 186898K->132975K(207564K), 0.0094160 secs] [Times: user=0.01 sys=0.00, real=0.01 secs] 
71.566: Total time for which application threads were stopped: 0.0096210 seconds, Stopping threads took: 0.0001230 seconds
71.590: Application time: 0.0233260 seconds
71.590: [GC71.590: [DefNew: 62826K->5636K(64512K), 0.0062330 secs] 190383K->134978K(207564K), 0.0062760 secs] [Times: user=0.00 sys=0.00, real=0.01 secs] 
71.596: Total time for which application threads were stopped: 0.0064660 seconds, Stopping threads took: 0.0001100 seconds
71.619: Application time: 0.0228380 seconds
71.619: [GC71.619: [DefNew: 63044K->4147K(64512K), 0.0085020 secs] 192386K->136162K(207564K), 0.0085460 secs] [Times: user=0.00 sys=0.00, real=0.01 secs] 
71.628: Total time for which application threads were stopped: 0.0088390 seconds, Stopping threads took: 0.0001940 seconds
71.649: Application time: 0.0216870 seconds
71.650: [GC71.650: [DefNew: 61555K->7104K(64512K), 0.0107690 secs] 193570K->143050K(207564K), 0.0108150 secs] [Times: user=0.01 sys=0.00, real=0.01 secs] 
71.661: Total time for which application threads were stopped: 0.0111520 seconds, Stopping threads took: 0.0002360 seconds
71.685: Application time: 0.0244170 seconds
71.685: [GC71.685: [DefNew: 64512K->7103K(64512K), 0.0245890 secs]71.710: [Tenured: 145834K->77127K(145932K), 0.1213690 secs] 200458K->77127K(210444K), [Perm : 8834K->8834K(21248K)], 0.1461300 secs] [Times: user=0.15 sys=0.00, real=0.14 secs] 
71.831: Total time for which application threads were stopped: 0.1465210 seconds, Stopping threads took: 0.0002950 seconds
71.857: Application time: 0.0252360 seconds
71.857: [GC71.857: [DefNew: 57408K->1928K(64512K), 0.0032300 secs] 134535K->79055K(207564K), 0.0032630 secs] [Times: user=0.00 sys=0.00, real=0.00 secs] 
71.860: Total time for which application threads were stopped: 0.0035850 seconds, Stopping threads took: 0.0002230 seconds
71.884: Application time: 0.0237400 seconds
71.884: [GC71.884: [DefNew: 59336K->7104K(64512K), 0.0083900 secs] 136463K->85542K(207564K), 0.0084340 secs] [Times: user=0.01 sys=0.00, real=0.02 secs] 
71.893: Total time for which application threads were stopped: 0.0087730 seconds, Stopping threads took: 0.0002420 seconds
71.917: Application time: 0.0240980 seconds
71.917: [GC71.917: [DefNew: 64512K->7103K(64512K), 0.0180340 secs] 142950K->92635K(207564K), 0.0180780 secs] [Times: user=0.02 sys=0.00, real=0.02 secs] 
71.935: Total time for which application threads were stopped: 0.0183320 seconds, Stopping threads took: 0.0001740 seconds
71.960: Application time: 0.0242940 seconds
71.960: [GC71.960: [DefNew: 64511K->7103K(64512K), 0.0145060 secs] 150043K->98611K(207564K), 0.0145580 secs] [Times: user=0.01 sys=0.00, real=0.02 secs] 
71.974: Total time for which application threads were stopped: 0.0147340 seconds, Stopping threads took: 0.0000970 seconds
71.998: Application time: 0.0238210 seconds
71.998: [GC71.998: [DefNew: 64511K->5825K(64512K), 0.0152280 secs] 156019K->103499K(207564K), 0.0152730 secs] [Times: user=0.02 sys=0.00, real=0.02 secs] 
72.014: Total time for which application threads were stopped: 0.0154460 seconds, Stopping threads took: 0.0000930 seconds
72.038: Application time: 0.0240830 seconds
72.038: [GC72.038: [DefNew: 63233K->3284K(64512K), 0.0079320 secs] 160907K->105403K(207564K), 0.0079740 secs] [Times: user=0.01 sys=0.00, real=0.01 secs] 
72.046: Total time for which application threads were stopped: 0.0082680 seconds, Stopping threads took: 0.0001960 seconds
72.070: Application time: 0.0243730 seconds
72.070: [GC72.071: [DefNew: 60692K->7104K(64512K), 0.0186520 secs] 162811K->116776K(207564K), 0.0186970 secs] [Times: user=0.02 sys=0.00, real=0.02 secs] 
72.089: Total time for which application threads were stopped: 0.0189320 seconds, Stopping threads took: 0.0001540 seconds
72.115: Application time: 0.0260670 seconds
72.115: [GC72.115: [DefNew: 64512K->7103K(64512K), 0.0213960 secs] 174184K->127008K(207564K), 0.0214410 secs] [Times: user=0.02 sys=0.00, real=0.02 secs] 
72.137: Total time for which application threads were stopped: 0.0216370 seconds, Stopping threads took: 0.0001180 seconds
72.164: Application time: 0.0265980 seconds
72.164: [GC72.164: [DefNew: 64511K->5389K(64512K), 0.0121300 secs] 184416K->131082K(207564K), 0.0121750 secs] [Times: user=0.01 sys=0.00, real=0.02 secs] 
72.176: Total time for which application threads were stopped: 0.0124620 seconds, Stopping threads took: 0.0001970 seconds
72.199: Application time: 0.0231870 seconds
72.199: [GC72.199: [DefNew: 62797K->5768K(64512K), 0.0099800 secs] 188490K->134548K(207564K), 0.0100260 secs] [Times: user=0.01 sys=0.00, real=0.01 secs] 
72.209: Total time for which application threads were stopped: 0.0102340 seconds, Stopping threads took: 0.0001290 seconds
72.233: Application time: 0.0232920 seconds
72.233: [GC72.233: [DefNew: 63176K->4925K(64512K), 0.0062630 secs] 191956K->135490K(207564K), 0.0063050 secs] [Times: user=0.01 sys=0.00, real=0.00 secs] 
72.239: Total time for which application threads were stopped: 0.0065270 seconds, Stopping threads took: 0.0001410 seconds
72.262: Application time: 0.0226920 seconds
72.262: [GC72.262: [DefNew: 62333K->3863K(64512K), 0.0080920 secs] 192898K->137722K(207564K), 0.0081360 secs] [Times: user=0.01 sys=0.00, real=0.01 secs] 
72.270: Total time for which application threads were stopped: 0.0083100 seconds, Stopping threads took: 0.0000940 seconds
72.293: Application time: 0.0226730 seconds
72.293: [GC72.293: [DefNew: 61271K->7103K(64512K), 0.0125680 secs] 195130K->147035K(207564K), 0.0126150 secs] [Times: user=0.01 sys=0.00, real=0.01 secs] 
72.306: Total time for which application threads were stopped: 0.0128100 seconds, Stopping threads took: 0.0001170 seconds
72.331: Application time: 0.0250530 seconds
72.331: [GC72.331: [DefNew: 64511K->7103K(64512K), 0.0209430 secs]72.352: [Tenured: 147658K->77678K(147660K), 0.1275170 secs] 204443K->77678K(212172K), [Perm : 8834K->8834K(21248K)], 0.1487160 secs] [Times: user=0.15 sys=0.00, real=0.15 secs] 
72.480: Total time for which application threads were stopped: 0.1489090 seconds, Stopping threads took: 0.0001160 seconds
72.504: Application time: 0.0245750 seconds
72.504: [GC72.504: [DefNew: 57408K->2142K(64512K), 0.0036700 secs] 135086K->79820K(207564K), 0.0037050 secs] [Times: user=0.00 sys=0.00, real=0.00 secs] 
72.508: Total time for which application threads were stopped: 0.0039090 seconds, Stopping threads took: 0.0001150 seconds
72.532: Application time: 0.0241110 seconds
72.532: [GC72.532: [DefNew: 59550K->7103K(64512K), 0.0107760 secs] 137228K->88080K(207564K), 0.0108190 secs] [Times: user=0.01 sys=0.00, real=0.01 secs] 
72.543: Total time for which application threads were stopped: 0.0109670 seconds, Stopping threads took: 0.0000690 seconds
72.567: Application time: 0.0241960 seconds
72.568: [GC72.568: [DefNew: 64511K->7103K(64512K), 0.0190070 secs] 145488K->95360K(207564K), 0.0190520 secs] [Times: user=0.02 sys=0.00, real=0.02 secs] 
72.587: Total time for which application threads were stopped: 0.0192260 seconds, Stopping threads took: 0.0000920 seconds
72.610: Application time: 0.0237130 seconds
72.611: [GC72.611: [DefNew: 64511K->7104K(64512K), 0.0133280 secs] 152768K->100435K(207564K), 0.0133720 secs] [Times: user=0.02 sys=0.00, real=0.01 secs] 
72.624: Total time for which application threads were stopped: 0.0135540 seconds, Stopping threads took: 0.0001040 seconds
72.648: Application time: 0.0241650 seconds
72.648: [GC72.648: [DefNew: 64512K->5927K(64512K), 0.0141140 secs] 157843K->105480K(207564K), 0.0141580 secs] [Times: user=0.01 sys=0.00, real=0.01 secs] 
72.663: Total time for which application threads were stopped: 0.0145220 seconds, Stopping threads took: 0.0002590 seconds
72.687: Application time: 0.0246860 seconds
72.688: [GC72.688: [DefNew: 63335K->3839K(64512K), 0.0076120 secs] 162888K->107571K(207564K), 0.0076560 secs] [Times: user=0.01 sys=0.00, real=0.01 secs] 
72.695: Total time for which application threads were stopped: 0.0080190 seconds, Stopping threads took: 0.0002640 seconds
72.720: Application time: 0.0246310 seconds
72.720: [GC72.720: [DefNew: 61247K->7104K(64512K), 0.0165700 secs] 164979K->118430K(207564K), 0.0166170 secs] [Times: user=0.02 sys=0.00, real=0.02 secs] 
72.737: Total time for which application threads were stopped: 0.0169150 seconds, Stopping threads took: 0.0002000 seconds
72.764: Application time: 0.0273180 seconds
72.764: [GC72.764: [DefNew: 64512K->7103K(64512K), 0.0161100 secs] 175838K->126217K(207564K), 0.0161530 secs] [Times: user=0.01 sys=0.00, real=0.01 secs] 
72.781: Total time for which application threads were stopped: 0.0164130 seconds, Stopping threads took: 0.0001810 seconds
72.807: Application time: 0.0262110 seconds
72.807: [GC72.807: [DefNew: 64511K->4312K(64512K), 0.0100860 secs] 183625K->129026K(207564K), 0.0101280 secs] [Times: user=0.01 sys=0.00, real=0.01 secs] 
72.817: Total time for which application threads were stopped: 0.0103750 seconds, Stopping threads took: 0.0001650 seconds
72.840: Application time: 0.0231230 seconds
72.841: [GC72.841: [DefNew: 61720K->5763K(64512K), 0.0090070 secs] 186434K->132999K(207564K), 0.0090510 secs] [Times: user=0.00 sys=0.00, real=0.01 secs] 
72.850: Total time for which application threads were stopped: 0.0092890 seconds, Stopping threads took: 0.0001580 seconds
72.873: Application time: 0.0231540 seconds
72.873: [GC72.873: [DefNew: 63171K->5564K(64512K), 0.0065700 secs] 190407K->134585K(207564K), 0.0066140 secs] [Times: user=0.01 sys=0.00, real=0.00 secs] 
72.880: Total time for which application threads were stopped: 0.0068280 seconds, Stopping threads took: 0.0001340 seconds
72.902: Application time: 0.0227660 seconds
72.903: [GC72.903: [DefNew: 62972K->5893K(64512K), 0.0078300 secs] 191993K->138442K(207564K), 0.0078720 secs] [Times: user=0.01 sys=0.00, real=0.01 secs] 
72.910: Total time for which application threads were stopped: 0.0080490 seconds, Stopping threads took: 0.0000980 seconds
72.934: Application time: 0.0231900 seconds
72.934: [GC72.934: [DefNew: 63301K->7104K(64512K), 0.0118840 secs] 195850K->145732K(207564K), 0.0119260 secs] [Times: user=0.01 sys=0.00, real=0.01 secs] 
72.946: Total time for which application threads were stopped: 0.0120770 seconds, Stopping threads took: 0.0000700 seconds
72.972: Application time: 0.0259310 seconds
72.972: [GC72.972: [DefNew: 64512K->7104K(64512K), 0.0176860 secs]72.990: [Tenured: 145786K->76363K(145932K), 0.1191960 secs] 203140K->76363K(210444K), [Perm : 8835K->8835K(21248K)], 0.1370530 secs] [Times: user=0.13 sys=0.01, real=0.14 secs] 
73.109: Total time for which application threads were stopped: 0.1372900 seconds, Stopping threads took: 0.0001590 seconds
73.134: Application time: 0.0251020 seconds
73.134: [GC73.134: [DefNew: 57408K->5776K(64512K), 0.0069100 secs] 133771K->82139K(207564K), 0.0069620 secs] [Times: user=0.01 sys=0.00, real=0.00 secs] 
73.141: Total time for which application threads were stopped: 0.0072860 seconds, Stopping threads took: 0.0002310 seconds
73.166: Application time: 0.0244240 seconds
73.166: [GC73.166: [DefNew: 63184K->6588K(64512K), 0.0112590 secs] 139547K->87275K(207564K), 0.0113040 secs] [Times: user=0.01 sys=0.00, real=0.01 secs] 
73.177: Total time for which application threads were stopped: 0.0115090 seconds, Stopping threads took: 0.0001070 seconds
73.202: Application time: 0.0245120 seconds
73.202: [GC73.202: [DefNew: 63996K->7103K(64512K), 0.0109230 secs] 144683K->91849K(207564K), 0.0109680 secs] [Times: user=0.02 sys=0.00, real=0.02 secs] 
73.213: Total time for which application threads were stopped: 0.0113050 seconds, Stopping threads took: 0.0002380 seconds
73.236: Application time: 0.0232680 seconds
73.237: [GC73.237: [DefNew: 64511K->7104K(64512K), 0.0174070 secs] 149257K->99490K(207564K), 0.0174510 secs] [Times: user=0.02 sys=0.00, real=0.02 secs] 
73.254: Total time for which application threads were stopped: 0.0177970 seconds, Stopping threads took: 0.0002450 seconds
73.278: Application time: 0.0239930 seconds
73.278: [GC73.278: [DefNew: 64512K->5343K(64512K), 0.0115650 secs] 156898K->104034K(207564K), 0.0116080 secs] [Times: user=0.01 sys=0.00, real=0.01 secs] 
73.290: Total time for which application threads were stopped: 0.0117460 seconds, Stopping threads took: 0.0000590 seconds
73.314: Application time: 0.0241780 seconds
73.314: [GC73.314: [DefNew: 62751K->5306K(64512K), 0.0077980 secs] 161442K->107810K(207564K), 0.0078430 secs] [Times: user=0.01 sys=0.00, real=0.00 secs] 
73.322: Total time for which application threads were stopped: 0.0082200 seconds, Stopping threads took: 0.0002770 seconds
73.347: Application time: 0.0245100 seconds
73.347: [GC73.347: [DefNew: 62714K->7103K(64512K), 0.0164170 secs] 165218K->118939K(207564K), 0.0164620 secs] [Times: user=0.01 sys=0.00, real=0.01 secs] 
73.364: Total time for which application threads were stopped: 0.0168060 seconds, Stopping threads took: 0.0002450 seconds
73.390: Application time: 0.0268390 seconds
73.391: [GC73.391: [DefNew: 64511K->7104K(64512K), 0.0204260 secs] 176347K->126335K(207564K), 0.0204770 secs] [Times: user=0.02 sys=0.00, real=0.02 secs] 
73.411: Total time for which application threads were stopped: 0.0207050 seconds, Stopping threads took: 0.0001300 seconds
73.437: Application time: 0.0258700 seconds
73.437: [GC73.437: [DefNew: 64512K->3911K(64512K), 0.0099440 secs] 183743K->128599K(207564K), 0.0099910 secs] [Times: user=0.01 sys=0.00, real=0.01 secs] 
73.447: Total time for which application threads were stopped: 0.0103910 seconds, Stopping threads took: 0.0002990 seconds
73.470: Application time: 0.0229530 seconds
73.471: [GC73.471: [DefNew: 61319K->5943K(64512K), 0.0087510 secs] 186007K->132515K(207564K), 0.0087950 secs] [Times: user=0.01 sys=0.00, real=0.01 secs] 
73.480: Total time for which application threads were stopped: 0.0091730 seconds, Stopping threads took: 0.0002990 seconds
73.503: Application time: 0.0231460 seconds
73.503: [GC73.503: [DefNew: 63351K->5353K(64512K), 0.0073590 secs] 189923K->133709K(207564K), 0.0074000 secs] [Times: user=0.01 sys=0.00, real=0.01 secs] 
73.510: Total time for which application threads were stopped: 0.0077160 seconds, Stopping threads took: 0.0002190 seconds
73.534: Application time: 0.0232460 seconds
73.534: [GC73.534: [DefNew: 62761K->7103K(64512K), 0.0100850 secs] 191117K->139282K(207564K), 0.0101280 secs] [Times: user=0.01 sys=0.00, real=0.00 secs] 
73.544: Total time for which application threads were stopped: 0.0103300 seconds, Stopping threads took: 0.0001230 seconds
73.567: Application time: 0.0230050 seconds
73.567: [GC73.567: [DefNew: 64511K->7104K(64512K), 0.0132840 secs] 196690K->146599K(207564K), 0.0133280 secs] [Times: user=0.01 sys=0.00, real=0.01 secs] 
73.581: Total time for which application threads were stopped: 0.0135390 seconds, Stopping threads took: 0.0001190 seconds
73.606: Application time: 0.0258730 seconds
73.607: [GC73.607: [DefNew: 64512K->7104K(64512K), 0.0185030 secs]73.625: [Tenured: 146284K->78954K(146316K), 0.1284570 secs] 204007K->78954K(210828K), [Perm : 8835K->8835K(21248K)], 0.1471680 secs] [Times: user=0.14 sys=0.00, real=0.15 secs] 
73.754: Total time for which application threads were stopped: 0.1474590 seconds, Stopping threads took: 0.0001950 seconds
73.779: Application time: 0.0253420 seconds
73.780: [GC73.780: [DefNew: 57408K->5954K(64512K), 0.0067030 secs] 136362K->84909K(207564K), 0.0067430 secs] [Times: user=0.01 sys=0.00, real=0.01 secs] 
73.786: Total time for which application threads were stopped: 0.0070910 seconds, Stopping threads took: 0.0002500 seconds
73.812: Application time: 0.0251460 seconds
73.812: [GC73.812: [DefNew: 63362K->5816K(64512K), 0.0120480 secs] 142317K->90129K(207564K), 0.0120920 secs] [Times: user=0.01 sys=0.00, real=0.01 secs] 
73.824: Total time for which application threads were stopped: 0.0123990 seconds, Stopping threads took: 0.0002080 seconds
73.848: Application time: 0.0243960 seconds
73.848: [GC73.848: [DefNew: 63224K->7103K(64512K), 0.0099500 secs] 147537K->94345K(207564K), 0.0100020 secs] [Times: user=0.01 sys=0.00, real=0.01 secs] 
73.858: Total time for which application threads were stopped: 0.0101460 seconds, Stopping threads took: 0.0000640 seconds
73.882: Application time: 0.0235510 seconds
73.882: [GC73.882: [DefNew: 64511K->7103K(64512K), 0.0161920 secs] 151753K->102712K(207564K), 0.0162380 secs] [Times: user=0.02 sys=0.00, real=0.02 secs] 
73.898: Total time for which application threads were stopped: 0.0163850 seconds, Stopping threads took: 0.0000660 seconds
73.922: Application time: 0.0232830 seconds
73.922: [GC73.922: [DefNew: 64511K->4981K(64512K), 0.0136140 secs] 160120K->106935K(207564K), 0.0136570 secs] [Times: user=0.01 sys=0.00, real=0.02 secs] 
73.936: Total time for which application threads were stopped: 0.0138720 seconds, Stopping threads took: 0.0001160 seconds
73.959: Application time: 0.0237090 seconds
73.960: [GC73.960: [DefNew: 62389K->3628K(64512K), 0.0063820 secs] 164343K->108500K(207564K), 0.0064250 secs] [Times: user=0.01 sys=0.00, real=0.01 secs] 
73.966: Total time for which application threads were stopped: 0.0066890 seconds, Stopping threads took: 0.0001640 seconds
73.991: Application time: 0.0246030 seconds
73.991: [GC73.991: [DefNew: 61036K->7103K(64512K), 0.0182540 secs] 165908K->122142K(207564K), 0.0182980 secs] [Times: user=0.01 sys=0.00, real=0.02 secs] 
74.009: Total time for which application threads were stopped: 0.0185980 seconds, Stopping threads took: 0.0002020 seconds
74.036: Application time: 0.0266900 seconds
74.036: [GC74.036: [DefNew: 64511K->7103K(64512K), 0.0191150 secs] 179550K->128523K(207564K), 0.0191590 secs] [Times: user=0.02 sys=0.00, real=0.02 secs] 
74.055: Total time for which application threads were stopped: 0.0193930 seconds, Stopping threads took: 0.0001360 seconds
74.081: Application time: 0.0256830 seconds
74.081: [GC74.081: [DefNew: 64511K->5372K(64512K), 0.0112220 secs] 185931K->132309K(207564K), 0.0112680 secs] [Times: user=0.01 sys=0.00, real=0.01 secs] 
74.092: Total time for which application threads were stopped: 0.0114680 seconds, Stopping threads took: 0.0001190 seconds
74.115: Application time: 0.0230870 seconds
74.116: [GC74.116: [DefNew: 62780K->5919K(64512K), 0.0090050 secs] 189717K->134583K(207564K), 0.0090490 secs] [Times: user=0.01 sys=0.00, real=0.01 secs] 
74.125: Total time for which application threads were stopped: 0.0094410 seconds, Stopping threads took: 0.0002940 seconds
74.148: Application time: 0.0232950 seconds
74.148: [GC74.148: [DefNew: 63327K->5283K(64512K), 0.0077380 secs] 191991K->136602K(207564K), 0.0077830 secs] [Times: user=0.01 sys=0.00, real=0.01 secs] 
74.156: Total time for which application threads were stopped: 0.0079930 seconds, Stopping threads took: 0.0001300 seconds
74.179: Application time: 0.0229570 seconds
74.179: [GC74.179: [DefNew: 62691K->7103K(64512K), 0.0117580 secs] 194010K->142039K(207564K), 0.0118110 secs] [Times: user=0.02 sys=0.00, real=0.01 secs] 
74.191: Total time for which application threads were stopped: 0.0120950 seconds, Stopping threads took: 0.0001840 seconds
74.215: Application time: 0.0238560 seconds
74.215: [GC74.215: [DefNew: 64511K->7104K(64512K), 0.0146240 secs]74.230: [Tenured: 143331K->74854K(143436K), 0.1105090 secs] 199447K->74854K(207948K), [Perm : 8835K->8835K(21248K)], 0.1252240 secs] [Times: user=0.12 sys=0.00, real=0.12 secs] 
74.341: Total time for which application threads were stopped: 0.1254290 seconds, Stopping threads took: 0.0001290 seconds
74.365: Application time: 0.0249180 seconds
74.366: [GC74.366: [DefNew: 57408K->7103K(64512K), 0.0094800 secs] 132262K->81988K(207564K), 0.0095230 secs] [Times: user=0.01 sys=0.00, real=0.01 secs] 
74.375: Total time for which application threads were stopped: 0.0097660 seconds, Stopping threads took: 0.0001530 seconds
74.400: Application time: 0.0246680 seconds
74.400: [GC74.400: [DefNew: 64511K->7103K(64512K), 0.0138190 secs] 139396K->88906K(207564K), 0.0138640 secs] [Times: user=0.01 sys=0.00, real=0.02 secs] 
74.414: Total time for which application threads were stopped: 0.0140560 seconds, Stopping threads took: 0.0001120 seconds
74.439: Application time: 0.0251130 seconds
74.439: [GC74.439: [DefNew: 64511K->4886K(64512K), 0.0121650 secs] 146314K->92051K(207564K), 0.0122090 secs] [Times: user=0.02 sys=0.00, real=0.01 secs] 
74.452: Total time for which application threads were stopped: 0.0124680 seconds, Stopping threads took: 0.0001780 seconds
74.475: Application time: 0.0238570 seconds
74.476: [GC74.476: [DefNew: 62294K->5626K(64512K), 0.0094570 secs] 149459K->96537K(207564K), 0.0095040 secs] [Times: user=0.01 sys=0.00, real=0.01 secs] 
74.485: Total time for which application threads were stopped: 0.0097550 seconds, Stopping threads took: 0.0001700 seconds
74.509: Application time: 0.0234730 seconds
74.509: [GC74.509: [DefNew: 63034K->7104K(64512K), 0.0106260 secs] 153945K->100911K(207564K), 0.0106720 secs] [Times: user=0.01 sys=0.00, real=0.01 secs] 
74.520: Total time for which application threads were stopped: 0.0108610 seconds, Stopping threads took: 0.0001090 seconds
74.542: Application time: 0.0229070 seconds
74.543: [GC74.543: [DefNew: 64512K->4884K(64512K), 0.0118150 secs] 158319K->105058K(207564K), 0.0118580 secs] [Times: user=0.01 sys=0.00, real=0.02 secs] 
74.555: Total time for which application threads were stopped: 0.0120680 seconds, Stopping threads took: 0.0001320 seconds
74.578: Application time: 0.0234170 seconds
74.578: [GC74.578: [DefNew: 62292K->5022K(64512K), 0.0065410 secs] 162466K->108021K(207564K), 0.0065850 secs] [Times: user=0.01 sys=0.00, real=0.01 secs] 
74.585: Total time for which application threads were stopped: 0.0067340 seconds, Stopping threads took: 0.0000690 seconds
74.609: Application time: 0.0243070 seconds
74.609: [GC74.609: [DefNew: 62430K->7103K(64512K), 0.0254590 secs] 165429K->121493K(207564K), 0.0255040 secs] [Times: user=0.02 sys=0.00, real=0.03 secs] 
74.635: Total time for which application threads were stopped: 0.0258790 seconds, Stopping threads took: 0.0002770 seconds
74.662: Application time: 0.0267000 seconds
74.662: [GC74.662: [DefNew: 64511K->5720K(64512K), 0.0185070 secs] 178901K->126592K(207564K), 0.0185500 secs] [Times: user=0.02 sys=0.00, real=0.02 secs] 
74.680: Total time for which application threads were stopped: 0.0187760 seconds, Stopping threads took: 0.0001270 seconds
74.705: Application time: 0.0246440 seconds
74.705: [GC74.705: [DefNew: 63128K->4949K(64512K), 0.0096560 secs] 184000K->130070K(207564K), 0.0097020 secs] [Times: user=0.01 sys=0.00, real=0.01 secs] 
74.715: Total time for which application threads were stopped: 0.0099480 seconds, Stopping threads took: 0.0001650 seconds
74.738: Application time: 0.0233030 seconds
74.738: [GC74.738: [DefNew: 62357K->6314K(64512K), 0.0091380 secs] 187478K->133160K(207564K), 0.0091910 secs] [Times: user=0.01 sys=0.00, real=0.01 secs] 
74.748: Total time for which application threads were stopped: 0.0093800 seconds, Stopping threads took: 0.0001120 seconds
74.771: Application time: 0.0235830 seconds
74.771: [GC74.771: [DefNew: 63722K->7104K(64512K), 0.0095010 secs] 190568K->137743K(207564K), 0.0095430 secs] [Times: user=0.01 sys=0.00, real=0.01 secs] 
74.781: Total time for which application threads were stopped: 0.0097330 seconds, Stopping threads took: 0.0001110 seconds
74.804: Application time: 0.0229080 seconds
74.804: [GC74.804: [DefNew: 64512K->5668K(64512K), 0.0141290 secs] 195151K->142508K(207564K), 0.0141740 secs] [Times: user=0.02 sys=0.00, real=0.02 secs] 
74.818: Total time for which application threads were stopped: 0.0144610 seconds, Stopping threads took: 0.0002070 seconds
74.843: Application time: 0.0251000 seconds
74.844: [GC74.844: [DefNew: 63076K->7103K(64512K), 0.0163940 secs]74.860: [Tenured: 144709K->76353K(144780K), 0.1116970 secs] 199916K->76353K(209292K), [Perm : 8835K->8835K(21248K)], 0.1282300 secs] [Times: user=0.12 sys=0.00, real=0.13 secs] 
74.972: Total time for which application threads were stopped: 0.1284490 seconds, Stopping threads took: 0.0001230 seconds
74.997: Application time: 0.0251630 seconds
74.997: [GC74.997: [DefNew: 57408K->7103K(64512K), 0.0101450 secs] 133761K->84537K(207564K), 0.0101890 secs] [Times: user=0.01 sys=0.00, real=0.01 secs] 
75.008: Total time for which application threads were stopped: 0.0104850 seconds, Stopping threads took: 0.0002060 seconds
75.033: Application time: 0.0249820 seconds
75.033: [GC75.033: [DefNew: 64511K->7104K(64512K), 0.0164200 secs] 141945K->91719K(207564K), 0.0164640 secs] [Times: user=0.02 sys=0.00, real=0.01 secs] 
75.049: Total time for which application threads were stopped: 0.0166410 seconds, Stopping threads took: 0.0000980 seconds
75.075: Application time: 0.0255270 seconds
75.075: [GC75.075: [DefNew: 64512K->6137K(64512K), 0.0120700 secs] 149127K->96243K(207564K), 0.0121120 secs] [Times: user=0.01 sys=0.00, real=0.01 secs] 
75.087: Total time for which application threads were stopped: 0.0123010 seconds, Stopping threads took: 0.0001100 seconds
75.110: Application time: 0.0230770 seconds
75.110: [GC75.110: [DefNew: 63545K->4647K(64512K), 0.0076370 secs] 153651K->98312K(207564K), 0.0076800 secs] [Times: user=0.01 sys=0.00, real=0.01 secs] 
75.118: Total time for which application threads were stopped: 0.0078940 seconds, Stopping threads took: 0.0001360 seconds
75.141: Application time: 0.0235330 seconds
75.142: [GC75.142: [DefNew: 62055K->7103K(64512K), 0.0101140 secs] 155720K->104373K(207564K), 0.0101590 secs] [Times: user=0.01 sys=0.00, real=0.01 secs] 
75.152: Total time for which application threads were stopped: 0.0103430 seconds, Stopping threads took: 0.0001060 seconds
75.175: Application time: 0.0230840 seconds
75.175: [GC75.175: [DefNew: 64511K->4982K(64512K), 0.0129780 secs] 161781K->108528K(207564K), 0.0130230 secs] [Times: user=0.01 sys=0.00, real=0.01 secs] 
75.188: Total time for which application threads were stopped: 0.0132640 seconds, Stopping threads took: 0.0001610 seconds
75.212: Application time: 0.0234650 seconds
75.212: [GC75.212: [DefNew: 62390K->5668K(64512K), 0.0080040 secs] 165936K->113842K(207564K), 0.0080490 secs] [Times: user=0.01 sys=0.00, real=0.01 secs] 
75.220: Total time for which application threads were stopped: 0.0082600 seconds, Stopping threads took: 0.0001300 seconds
75.245: Application time: 0.0250120 seconds
75.245: [GC75.245: [DefNew: 63076K->7103K(64512K), 0.0214250 secs] 171250K->125479K(207564K), 0.0214670 secs] [Times: user=0.02 sys=0.00, real=0.02 secs] 
75.267: Total time for which application threads were stopped: 0.0217700 seconds, Stopping threads took: 0.0002230 seconds
75.293: Application time: 0.0264730 seconds
75.293: [GC75.293: [DefNew: 64511K->5230K(64512K), 0.0155370 secs] 182887K->130113K(207564K), 0.0155820 secs] [Times: user=0.02 sys=0.00, real=0.01 secs] 
75.309: Total time for which application threads were stopped: 0.0158020 seconds, Stopping threads took: 0.0001430 seconds
75.334: Application time: 0.0246580 seconds
75.334: [GC75.334: [DefNew: 62638K->4298K(64512K), 0.0094430 secs] 187521K->133109K(207564K), 0.0094960 secs] [Times: user=0.01 sys=0.00, real=0.00 secs] 
75.344: Total time for which application threads were stopped: 0.0098780 seconds, Stopping threads took: 0.0002820 seconds
75.366: Application time: 0.0229670 seconds
75.367: [GC75.367: [DefNew: 61706K->6279K(64512K), 0.0068820 secs] 190517K->136816K(207564K), 0.0069260 secs] [Times: user=0.00 sys=0.00, real=0.01 secs] 
75.374: Total time for which application threads were stopped: 0.0070980 seconds, Stopping threads took: 0.0000820 seconds
75.397: Application time: 0.0235080 seconds
75.397: [GC75.397: [DefNew: 63687K->7103K(64512K), 0.0138060 secs] 194224K->143881K(207564K), 0.0138500 secs] [Times: user=0.02 sys=0.00, real=0.01 secs] 
75.411: Total time for which application threads were stopped: 0.0140240 seconds, Stopping threads took: 0.0000940 seconds
75.434: Application time: 0.0233090 seconds
75.435: [GC75.435: [DefNew: 64511K->4015K(64512K), 0.0127830 secs] 201289K->146977K(207564K), 0.0128260 secs] [Times: user=0.02 sys=0.00, real=0.01 secs] 
75.447: Total time for which application threads were stopped: 0.0130240 seconds, Stopping threads took: 0.0001200 seconds
75.472: Application time: 0.0249940 seconds
75.473: [GC75.473: [DefNew: 61423K->7103K(64512K), 0.0164240 secs]75.489: [Tenured: 150085K->74706K(150156K), 0.1149370 secs] 204385K->74706K(214668K), [Perm : 8835K->8835K(21248K)], 0.1316460 secs] [Times: user=0.13 sys=0.01, real=0.12 secs] 
75.604: Total time for which application threads were stopped: 0.1317930 seconds, Stopping threads took: 0.0000820 seconds
75.630: Application time: 0.0254290 seconds
75.630: [GC75.630: [DefNew: 57408K->7103K(64512K), 0.0096810 secs] 132114K->83253K(207564K), 0.0097280 secs] [Times: user=0.01 sys=0.00, real=0.01 secs] 
75.640: Total time for which application threads were stopped: 0.0101190 seconds, Stopping threads took: 0.0002820 seconds
75.665: Application time: 0.0249090 seconds
75.665: [GC75.665: [DefNew: 64511K->7104K(64512K), 0.0136530 secs] 140661K->89884K(207564K), 0.0136980 secs] [Times: user=0.01 sys=0.00, real=0.01 secs] 
75.679: Total time for which application threads were stopped: 0.0139270 seconds, Stopping threads took: 0.0001500 seconds
75.704: Application time: 0.0249730 seconds
75.704: [GC75.704: [DefNew: 64512K->5606K(64512K), 0.0093230 secs] 147292K->91345K(207564K), 0.0093670 secs] [Times: user=0.01 sys=0.00, real=0.02 secs] 
75.713: Total time for which application threads were stopped: 0.0095860 seconds, Stopping threads took: 0.0001400 seconds
75.737: Application time: 0.0236830 seconds
75.737: [GC75.737: [DefNew: 63014K->4628K(64512K), 0.0074800 secs] 148753K->93413K(207564K), 0.0075230 secs] [Times: user=0.00 sys=0.00, real=0.01 secs] 
75.745: Total time for which application threads were stopped: 0.0077160 seconds, Stopping threads took: 0.0001130 seconds
75.768: Application time: 0.0231070 seconds
75.768: [GC75.768: [DefNew: 62036K->7103K(64512K), 0.0087630 secs] 150821K->98682K(207564K), 0.0088050 secs] [Times: user=0.01 sys=0.00, real=0.01 secs] 
75.777: Total time for which application threads were stopped: 0.0090050 seconds, Stopping threads took: 0.0001190 seconds
75.800: Application time: 0.0229180 seconds
75.800: [GC75.800: [DefNew: 64511K->5612K(64512K), 0.0154090 secs] 156090K->103343K(207564K), 0.0154550 secs] [Times: user=0.02 sys=0.00, real=0.02 secs] 
75.815: Total time for which application threads were stopped: 0.0157480 seconds, Stopping threads took: 0.0001940 seconds
75.839: Application time: 0.0239050 seconds
75.839: [GC75.839: [DefNew: 63020K->7103K(64512K), 0.0097030 secs] 160751K->110173K(207564K), 0.0097440 secs] [Times: user=0.01 sys=0.00, real=0.01 secs] 
75.849: Total time for which application threads were stopped: 0.0099410 seconds, Stopping threads took: 0.0001170 seconds
75.874: Application time: 0.0251230 seconds
75.875: [GC75.875: [DefNew: 64511K->7103K(64512K), 0.0228490 secs] 167581K->120824K(207564K), 0.0228940 secs] [Times: user=0.02 sys=0.00, real=0.02 secs] 
75.898: Total time for which application threads were stopped: 0.0231860 seconds, Stopping threads took: 0.0001960 seconds
75.924: Application time: 0.0264460 seconds
75.924: [GC75.924: [DefNew: 64511K->5337K(64512K), 0.0131750 secs] 178232K->125118K(207564K), 0.0132210 secs] [Times: user=0.01 sys=0.00, real=0.02 secs] 
75.937: Total time for which application threads were stopped: 0.0134610 seconds, Stopping threads took: 0.0001410 seconds
75.962: Application time: 0.0245910 seconds
75.962: [GC75.962: [DefNew: 62745K->5063K(64512K), 0.0089880 secs] 182526K->127428K(207564K), 0.0090330 secs] [Times: user=0.00 sys=0.00, real=0.01 secs] 
75.971: Total time for which application threads were stopped: 0.0092630 seconds, Stopping threads took: 0.0001300 seconds
75.994: Application time: 0.0225720 seconds
75.994: [GC75.994: [DefNew: 62471K->6794K(64512K), 0.0100480 secs] 184836K->131770K(207564K), 0.0100930 secs] [Times: user=0.01 sys=0.00, real=0.00 secs] 
76.004: Total time for which application threads were stopped: 0.0104600 seconds, Stopping threads took: 0.0002690 seconds
76.028: Application time: 0.0239750 seconds
76.029: [GC76.029: [DefNew: 64202K->7103K(64512K), 0.0124580 secs] 189178K->136960K(207564K), 0.0125020 secs] [Times: user=0.01 sys=0.00, real=0.01 secs] 
76.041: Total time for which application threads were stopped: 0.0126850 seconds, Stopping threads took: 0.0001020 seconds
76.065: Application time: 0.0234680 seconds
76.065: [GC76.065: [DefNew: 64511K->3272K(64512K), 0.0112210 secs] 194368K->139648K(207564K), 0.0112650 secs] [Times: user=0.01 sys=0.00, real=0.01 secs] 
76.076: Total time for which application threads were stopped: 0.0114670 seconds, Stopping threads took: 0.0001230 seconds
76.101: Application time: 0.0253310 seconds
76.102: [GC76.102: [DefNew: 60680K->7104K(64512K), 0.0154200 secs] 197056K->149438K(207564K), 0.0154670 secs] [Times: user=0.01 sys=0.00, real=0.02 secs] 
76.117: Total time for which application threads were stopped: 0.0156980 seconds, Stopping threads took: 0.0001390 seconds
76.143: Application time: 0.0258740 seconds
76.143: [GC76.143: [DefNew: 64512K->7103K(64512K), 0.0242530 secs]76.168: [Tenured: 151251K->75322K(151308K), 0.1241260 secs] 206846K->75322K(215820K), [Perm : 8835K->8835K(21248K)], 0.1487250 secs] [Times: user=0.14 sys=0.01, real=0.15 secs] 
76.292: Total time for which application threads were stopped: 0.1491010 seconds, Stopping threads took: 0.0002880 seconds
76.317: Application time: 0.0254440 seconds
76.318: [GC76.318: [DefNew: 57408K->5667K(64512K), 0.0075870 secs] 132730K->80990K(207564K), 0.0076290 secs] [Times: user=0.00 sys=0.00, real=0.01 secs] 
76.325: Total time for which application threads were stopped: 0.0079740 seconds, Stopping threads took: 0.0002460 seconds
76.351: Application time: 0.0251920 seconds
76.351: [GC76.351: [DefNew: 63075K->5166K(64512K), 0.0105830 secs] 138398K->84563K(207564K), 0.0106270 secs] [Times: user=0.01 sys=0.00, real=0.01 secs] 
76.362: Total time for which application threads were stopped: 0.0109390 seconds, Stopping threads took: 0.0002130 seconds
76.384: Application time: 0.0228060 seconds
76.385: [GC76.385: [DefNew: 62574K->4610K(64512K), 0.0072580 secs] 141971K->85792K(207564K), 0.0073030 secs] [Times: user=0.00 sys=0.00, real=0.00 secs] 
76.392: Total time for which application threads were stopped: 0.0076560 seconds, Stopping threads took: 0.0002730 seconds
76.415: Application time: 0.0226200 seconds
76.415: [GC76.415: [DefNew: 62018K->7104K(64512K), 0.0118300 secs] 143200K->92230K(207564K), 0.0118760 secs] [Times: user=0.02 sys=0.00, real=0.01 secs] 
76.427: Total time for which application threads were stopped: 0.0123070 seconds, Stopping threads took: 0.0003300 seconds
76.450: Application time: 0.0230020 seconds
76.450: [GC76.450: [DefNew: 64512K->4012K(64512K), 0.0105400 secs] 149638K->95604K(207564K), 0.0105820 secs] [Times: user=0.01 sys=0.00, real=0.01 secs] 
76.461: Total time for which application threads were stopped: 0.0108280 seconds, Stopping threads took: 0.0001560 seconds
76.484: Application time: 0.0237050 seconds
76.485: [GC76.485: [DefNew: 61420K->7104K(64512K), 0.0128220 secs] 153012K->105371K(207564K), 0.0128780 secs] [Times: user=0.01 sys=0.00, real=0.01 secs] 
76.498: Total time for which application threads were stopped: 0.0131760 seconds, Stopping threads took: 0.0002010 seconds
76.523: Application time: 0.0252520 seconds
76.523: [GC76.523: [DefNew: 64512K->7104K(64512K), 0.0199560 secs] 162779K->114455K(207564K), 0.0200020 secs] [Times: user=0.02 sys=0.00, real=0.02 secs] 
76.543: Total time for which application threads were stopped: 0.0203760 seconds, Stopping threads took: 0.0002750 seconds
76.570: Application time: 0.0262930 seconds
76.570: [GC76.570: [DefNew: 64512K->4087K(64512K), 0.0134370 secs] 171863K->118420K(207564K), 0.0134810 secs] [Times: user=0.01 sys=0.00, real=0.01 secs] 
76.583: Total time for which application threads were stopped: 0.0137510 seconds, Stopping threads took: 0.0001730 seconds
76.607: Application time: 0.0240080 seconds
76.608: [GC76.608: [DefNew: 61495K->5408K(64512K), 0.0080940 secs] 175828K->121167K(207564K), 0.0081380 secs] [Times: user=0.01 sys=0.00, real=0.01 secs] 
76.616: Total time for which application threads were stopped: 0.0084490 seconds, Stopping threads took: 0.0002130 seconds
76.639: Application time: 0.0232930 seconds
76.641: [GC76.641: [DefNew: 62816K->7103K(64512K), 0.0136340 secs] 178575K->128787K(207564K), 0.0136790 secs] [Times: user=0.01 sys=0.00, real=0.02 secs] 
76.655: Total time for which application threads were stopped: 0.0153990 seconds, Stopping threads took: 0.0016220 seconds
76.679: Application time: 0.0241250 seconds
76.679: [GC76.679: [DefNew: 64511K->7103K(64512K), 0.0193540 secs] 186195K->136291K(207564K), 0.0193990 secs] [Times: user=0.02 sys=0.00, real=0.02 secs] 
76.698: Total time for which application threads were stopped: 0.0196770 seconds, Stopping threads took: 0.0001680 seconds
76.722: Application time: 0.0240480 seconds
76.723: [GC76.723: [DefNew: 64511K->4586K(64512K), 0.0105980 secs] 193699K->140604K(207564K), 0.0106430 secs] [Times: user=0.01 sys=0.00, real=0.02 secs] 
76.733: Total time for which application threads were stopped: 0.0110750 seconds, Stopping threads took: 0.0003340 seconds
76.759: Application time: 0.0255650 seconds
76.759: [GC76.759: [DefNew: 61994K->7104K(64512K), 0.0141580 secs] 198012K->148810K(207564K), 0.0142010 secs] [Times: user=0.01 sys=0.00, real=0.02 secs] 
76.773: Total time for which application threads were stopped: 0.0143800 seconds, Stopping threads took: 0.0000800 seconds
76.800: Application time: 0.0262390 seconds
76.800: [GC76.800: [DefNew: 64512K->7104K(64512K), 0.0226340 secs]76.823: [Tenured: 151749K->81487K(151884K), 0.1193430 secs] 206218K->81487K(216396K), [Perm : 8835K->8835K(21248K)], 0.1423040 secs] [Times: user=0.14 sys=0.00, real=0.14 secs] 
76.942: Total time for which application threads were stopped: 0.1426890 seconds, Stopping threads took: 0.0002890 seconds
76.968: Application time: 0.0257890 seconds
76.968: [GC76.968: [DefNew: 57408K->6839K(64512K), 0.0088690 secs] 138895K->88327K(207564K), 0.0089140 secs] [Times: user=0.00 sys=0.00, real=0.01 secs] 
76.977: Total time for which application threads were stopped: 0.0091810 seconds, Stopping threads took: 0.0001860 seconds
77.002: Application time: 0.0247790 seconds
77.002: [GC77.002: [DefNew: 64247K->4758K(64512K), 0.0087190 secs] 145735K->91002K(207564K), 0.0087630 secs] [Times: user=0.01 sys=0.00, real=0.01 secs] 
77.011: Total time for which application threads were stopped: 0.0089610 seconds, Stopping threads took: 0.0001200 seconds
77.034: Application time: 0.0228590 seconds
77.034: [GC77.034: [DefNew: 62166K->6352K(64512K), 0.0087880 secs] 148410K->94376K(207564K), 0.0088310 secs] [Times: user=0.01 sys=0.00, real=0.00 secs] 
77.043: Total time for which application threads were stopped: 0.0089940 seconds, Stopping threads took: 0.0000830 seconds
77.066: Application time: 0.0229110 seconds
77.066: [GC77.066: [DefNew: 63760K->7104K(64512K), 0.0116290 secs] 151784K->99045K(207564K), 0.0116810 secs] [Times: user=0.02 sys=0.00, real=0.01 secs] 
77.078: Total time for which application threads were stopped: 0.0119530 seconds, Stopping threads took: 0.0001730 seconds
77.101: Application time: 0.0234580 seconds
77.102: [GC77.102: [DefNew: 64512K->3304K(64512K), 0.0092500 secs] 156453K->101513K(207564K), 0.0092950 secs] [Times: user=0.01 sys=0.00, real=0.01 secs] 
77.111: Total time for which application threads were stopped: 0.0096060 seconds, Stopping threads took: 0.0002110 seconds
77.135: Application time: 0.0237540 seconds
77.135: [GC77.135: [DefNew: 60712K->7103K(64512K), 0.0138340 secs] 158921K->111457K(207564K), 0.0138780 secs] [Times: user=0.02 sys=0.00, real=0.01 secs] 
77.149: Total time for which application threads were stopped: 0.0143180 seconds, Stopping threads took: 0.0003410 seconds
77.174: Application time: 0.0248860 seconds
77.174: [GC77.174: [DefNew: 64511K->7103K(64512K), 0.0229410 secs] 168865K->120274K(207564K), 0.0229850 secs] [Times: user=0.03 sys=0.00, real=0.02 secs] 
77.197: Total time for which application threads were stopped: 0.0232060 seconds, Stopping threads took: 0.0001240 seconds
77.223: Application time: 0.0260080 seconds
77.223: [GC77.223: [DefNew: 64511K->3721K(64512K), 0.0125180 secs] 177682K->123282K(207564K), 0.0125630 secs] [Times: user=0.01 sys=0.00, real=0.02 secs] 
77.236: Total time for which application threads were stopped: 0.0128070 seconds, Stopping threads took: 0.0001340 seconds
77.260: Application time: 0.0238330 seconds
77.260: [GC77.260: [DefNew: 61129K->4587K(64512K), 0.0077490 secs] 180690K->126344K(207564K), 0.0077950 secs] [Times: user=0.01 sys=0.00, real=0.01 secs] 
77.268: Total time for which application threads were stopped: 0.0080360 seconds, Stopping threads took: 0.0001620 seconds
77.291: Application time: 0.0231970 seconds
77.291: [GC77.291: [DefNew: 61995K->7103K(64512K), 0.0102960 secs] 183752K->133177K(207564K), 0.0103400 secs] [Times: user=0.01 sys=0.00, real=0.01 secs] 
77.301: Total time for which application threads were stopped: 0.0105660 seconds, Stopping threads took: 0.0001450 seconds
77.326: Application time: 0.0242340 seconds
77.326: [GC77.326: [DefNew: 64511K->7103K(64512K), 0.0159530 secs] 190585K->139385K(207564K), 0.0159950 secs] [Times: user=0.01 sys=0.00, real=0.01 secs] 
77.342: Total time for which application threads were stopped: 0.0161830 seconds, Stopping threads took: 0.0001060 seconds
77.366: Application time: 0.0243000 seconds
77.366: [GC77.366: [DefNew: 64511K->5678K(64512K), 0.0123370 secs] 196793K->144495K(207564K), 0.0123810 secs] [Times: user=0.01 sys=0.00, real=0.01 secs] 
77.379: Total time for which application threads were stopped: 0.0126010 seconds, Stopping threads took: 0.0001390 seconds
77.405: Application time: 0.0258020 seconds
77.405: [GC77.405: [DefNew: 63086K->7104K(64512K), 0.0207730 secs]77.426: [Tenured: 148684K->78487K(148812K), 0.1120200 secs] 201903K->78487K(213324K), [Perm : 8836K->8836K(21248K)], 0.1330450 secs] [Times: user=0.13 sys=0.00, real=0.13 secs] 
77.538: Total time for which application threads were stopped: 0.1332380 seconds, Stopping threads took: 0.0001170 seconds
77.564: Application time: 0.0263410 seconds
77.564: [GC77.564: [DefNew: 57408K->7103K(64512K), 0.0100170 secs] 135895K->86256K(207564K), 0.0100590 secs] [Times: user=0.01 sys=0.00, real=0.02 secs] 
77.574: Total time for which application threads were stopped: 0.0102500 seconds, Stopping threads took: 0.0001130 seconds
77.600: Application time: 0.0257270 seconds
77.600: [GC77.600: [DefNew: 64511K->3576K(64512K), 0.0082800 secs] 143664K->87304K(207564K), 0.0083240 secs] [Times: user=0.00 sys=0.00, real=0.01 secs] 
77.609: Total time for which application threads were stopped: 0.0085140 seconds, Stopping threads took: 0.0001110 seconds
77.632: Application time: 0.0236400 seconds
77.632: [GC77.633: [DefNew: 60984K->5322K(64512K), 0.0071740 secs] 144712K->91339K(207564K), 0.0072150 secs] [Times: user=0.01 sys=0.00, real=0.00 secs] 
77.640: Total time for which application threads were stopped: 0.0074220 seconds, Stopping threads took: 0.0001120 seconds
77.663: Application time: 0.0230320 seconds
77.663: [GC77.663: [DefNew: 62730K->7104K(64512K), 0.0080290 secs] 148747K->95252K(207564K), 0.0080720 secs] [Times: user=0.01 sys=0.00, real=0.01 secs] 
77.671: Total time for which application threads were stopped: 0.0082570 seconds, Stopping threads took: 0.0001050 seconds
77.694: Application time: 0.0232020 seconds
77.694: [GC77.694: [DefNew: 64512K->7070K(64512K), 0.0161220 secs] 152660K->100993K(207564K), 0.0161660 secs] [Times: user=0.01 sys=0.00, real=0.01 secs] 
77.711: Total time for which application threads were stopped: 0.0163620 seconds, Stopping threads took: 0.0001150 seconds
77.733: Application time: 0.0228890 seconds
77.737: [GC77.737: [DefNew: 64478K->2073K(64512K), 0.0076360 secs] 158401K->102348K(207564K), 0.0076810 secs] [Times: user=0.00 sys=0.00, real=0.00 secs] 
77.744: Total time for which application threads were stopped: 0.0107980 seconds, Stopping threads took: 0.0030230 seconds
77.768: Application time: 0.0239540 seconds
77.768: [GC77.768: [DefNew: 59481K->7104K(64512K), 0.0129740 secs] 159756K->113039K(207564K), 0.0130240 secs] [Times: user=0.02 sys=0.00, real=0.01 secs] 
77.781: Total time for which application threads were stopped: 0.0132250 seconds, Stopping threads took: 0.0001240 seconds
77.806: Application time: 0.0243670 seconds
77.806: [GC77.806: [DefNew: 64512K->7104K(64512K), 0.0194010 secs] 170447K->122072K(207564K), 0.0194440 secs] [Times: user=0.02 sys=0.00, real=0.02 secs] 
77.826: Total time for which application threads were stopped: 0.0196810 seconds, Stopping threads took: 0.0001590 seconds
77.851: Application time: 0.0259680 seconds
77.852: [GC77.852: [DefNew: 64512K->4365K(64512K), 0.0115740 secs] 179480K->124998K(207564K), 0.0116160 secs] [Times: user=0.01 sys=0.00, real=0.01 secs] 
77.863: Total time for which application threads were stopped: 0.0118310 seconds, Stopping threads took: 0.0001350 seconds
77.887: Application time: 0.0237530 seconds
77.887: [GC77.887: [DefNew: 61773K->4214K(64512K), 0.0063470 secs] 182406K->127282K(207564K), 0.0063910 secs] [Times: user=0.01 sys=0.00, real=0.01 secs] 
77.894: Total time for which application threads were stopped: 0.0066210 seconds, Stopping threads took: 0.0001530 seconds
77.917: Application time: 0.0236580 seconds
77.918: [GC77.918: [DefNew: 61622K->7103K(64512K), 0.0173020 secs] 184690K->136535K(207564K), 0.0173440 secs] [Times: user=0.02 sys=0.00, real=0.02 secs] 
77.935: Total time for which application threads were stopped: 0.0175270 seconds, Stopping threads took: 0.0001040 seconds
77.959: Application time: 0.0243080 seconds
77.959: [GC77.959: [DefNew: 64511K->6431K(64512K), 0.0145510 secs] 193943K->142120K(207564K), 0.0145980 secs] [Times: user=0.02 sys=0.00, real=0.02 secs] 
77.974: Total time for which application threads were stopped: 0.0148020 seconds, Stopping threads took: 0.0001240 seconds
77.998: Application time: 0.0239490 seconds
77.998: [GC77.998: [DefNew: 63839K->6111K(64512K), 0.0114620 secs] 199528K->147664K(207564K), 0.0115060 secs] [Times: user=0.01 sys=0.00, real=0.01 secs] 
78.010: Total time for which application threads were stopped: 0.0116850 seconds, Stopping threads took: 0.0000990 seconds
78.035: Application time: 0.0256830 seconds
78.036: [GC78.036: [DefNew: 63519K->7104K(64512K), 0.0243700 secs]78.060: [Tenured: 153254K->74256K(153420K), 0.1128960 secs] 205072K->74256K(217932K), [Perm : 8836K->8836K(21248K)], 0.1376280 secs] [Times: user=0.14 sys=0.00, real=0.14 secs] 
78.173: Total time for which application threads were stopped: 0.1378160 seconds, Stopping threads took: 0.0001100 seconds
78.200: Application time: 0.0266790 seconds
78.200: [GC78.200: [DefNew: 57408K->6574K(64512K), 0.0092430 secs] 131664K->80831K(207564K), 0.0092880 secs] [Times: user=0.01 sys=0.00, real=0.01 secs] 
78.209: Total time for which application threads were stopped: 0.0095210 seconds, Stopping threads took: 0.0001530 seconds
78.235: Application time: 0.0252300 seconds
78.235: [GC78.235: [DefNew: 63982K->2794K(64512K), 0.0083700 secs] 138239K->82805K(207564K), 0.0084240 secs] [Times: user=0.01 sys=0.00, real=0.00 secs] 
78.243: Total time for which application threads were stopped: 0.0086440 seconds, Stopping threads took: 0.0001390 seconds
78.267: Application time: 0.0235890 seconds
78.267: [GC78.267: [DefNew: 60202K->5997K(64512K), 0.0073640 secs] 140213K->86009K(207564K), 0.0074080 secs] [Times: user=0.01 sys=0.00, real=0.01 secs] 
78.275: Total time for which application threads were stopped: 0.0076680 seconds, Stopping threads took: 0.0001690 seconds
78.297: Application time: 0.0224860 seconds
78.301: [GC78.301: [DefNew: 63405K->7104K(64512K), 0.0088480 secs] 143417K->90458K(207564K), 0.0088930 secs] [Times: user=0.01 sys=0.00, real=0.01 secs] 
78.310: Total time for which application threads were stopped: 0.0126820 seconds, Stopping threads took: 0.0036990 seconds
78.333: Application time: 0.0231940 seconds
78.333: [GC78.333: [DefNew: 64512K->6514K(64512K), 0.0155270 secs] 147866K->95893K(207564K), 0.0155700 secs] [Times: user=0.01 sys=0.00, real=0.01 secs] 
78.349: Total time for which application threads were stopped: 0.0159550 seconds, Stopping threads took: 0.0002850 seconds
78.372: Application time: 0.0232880 seconds
78.372: [GC78.372: [DefNew: 63922K->1874K(64512K), 0.0073010 secs] 153301K->97179K(207564K), 0.0073450 secs] [Times: user=0.01 sys=0.00, real=0.01 secs] 
78.380: Total time for which application threads were stopped: 0.0074850 seconds, Stopping threads took: 0.0000620 seconds
78.403: Application time: 0.0236430 seconds
78.404: [GC78.404: [DefNew: 59282K->7104K(64512K), 0.0157410 secs] 154587K->108079K(207564K), 0.0157870 secs] [Times: user=0.02 sys=0.00, real=0.02 secs] 
78.419: Total time for which application threads were stopped: 0.0160970 seconds, Stopping threads took: 0.0002110 seconds
78.445: Application time: 0.0251580 seconds
78.445: [GC78.445: [DefNew: 64512K->7103K(64512K), 0.0206450 secs] 165487K->117033K(207564K), 0.0206880 secs] [Times: user=0.02 sys=0.00, real=0.02 secs] 
78.465: Total time for which application threads were stopped: 0.0209710 seconds, Stopping threads took: 0.0001870 seconds
78.491: Application time: 0.0258000 seconds
78.491: [GC78.491: [DefNew: 64511K->4324K(64512K), 0.0111510 secs] 174441K->119308K(207564K), 0.0111950 secs] [Times: user=0.01 sys=0.00, real=0.01 secs] 
78.503: Total time for which application threads were stopped: 0.0114150 seconds, Stopping threads took: 0.0001230 seconds
78.526: Application time: 0.0236610 seconds
78.527: [GC78.527: [DefNew: 61732K->7104K(64512K), 0.0103630 secs] 176716K->125722K(207564K), 0.0104050 secs] [Times: user=0.01 sys=0.00, real=0.01 secs] 
78.537: Total time for which application threads were stopped: 0.0107320 seconds, Stopping threads took: 0.0002290 seconds
78.561: Application time: 0.0241780 seconds
78.561: [GC78.561: [DefNew: 64512K->7103K(64512K), 0.0189120 secs] 183130K->134179K(207564K), 0.0189580 secs] [Times: user=0.02 sys=0.00, real=0.02 secs] 
78.580: Total time for which application threads were stopped: 0.0191970 seconds, Stopping threads took: 0.0001440 seconds
78.605: Application time: 0.0243690 seconds
78.609: [GC78.609: [DefNew: 64511K->4251K(64512K), 0.0156400 secs] 191587K->137946K(207564K), 0.0156840 secs] [Times: user=0.01 sys=0.00, real=0.01 secs] 
78.624: Total time for which application threads were stopped: 0.0194300 seconds, Stopping threads took: 0.0036480 seconds
78.648: Application time: 0.0238000 seconds
78.648: [GC78.648: [DefNew: 61659K->7103K(64512K), 0.0099840 secs] 195354K->145305K(207564K), 0.0100270 secs] [Times: user=0.01 sys=0.00, real=0.01 secs] 
78.658: Total time for which application threads were stopped: 0.0101650 seconds, Stopping threads took: 0.0000590 seconds
78.684: Application time: 0.0260510 seconds
78.684: [GC78.685: [DefNew: 64511K->7103K(64512K), 0.0248940 secs]78.709: [Tenured: 150143K->77064K(150156K), 0.1233320 secs] 202713K->77064K(214668K), [Perm : 8836K->8836K(21248K)], 0.1485570 secs] [Times: user=0.15 sys=0.00, real=0.15 secs] 
78.833: Total time for which application threads were stopped: 0.1487810 seconds, Stopping threads took: 0.0001390 seconds
78.859: Application time: 0.0262030 seconds
78.860: [GC78.860: [DefNew: 57408K->6039K(64512K), 0.0096240 secs] 134472K->83104K(207564K), 0.0096640 secs] [Times: user=0.01 sys=0.00, real=0.01 secs] 
78.869: Total time for which application threads were stopped: 0.0099210 seconds, Stopping threads took: 0.0001650 seconds
78.894: Application time: 0.0246910 seconds
78.894: [GC78.894: [DefNew: 63447K->3195K(64512K), 0.0078960 secs] 140512K->85186K(207564K), 0.0079400 secs] [Times: user=0.00 sys=0.00, real=0.00 secs] 
78.902: Total time for which application threads were stopped: 0.0080990 seconds, Stopping threads took: 0.0000760 seconds
78.926: Application time: 0.0236300 seconds
78.926: [GC78.926: [DefNew: 60603K->6236K(64512K), 0.0074150 secs] 142594K->88228K(207564K), 0.0074590 secs] [Times: user=0.01 sys=0.00, real=0.01 secs] 
78.933: Total time for which application threads were stopped: 0.0076690 seconds, Stopping threads took: 0.0001310 seconds
78.956: Application time: 0.0227900 seconds
78.956: [GC78.956: [DefNew: 63644K->7104K(64512K), 0.0128230 secs] 145636K->93876K(207564K), 0.0128670 secs] [Times: user=0.01 sys=0.00, real=0.01 secs] 
78.969: Total time for which application threads were stopped: 0.0130480 seconds, Stopping threads took: 0.0001000 seconds
78.992: Application time: 0.0225750 seconds
78.992: [GC78.992: [DefNew: 64512K->5133K(64512K), 0.0141950 secs] 151284K->98230K(207564K), 0.0142380 secs] [Times: user=0.01 sys=0.00, real=0.02 secs] 
79.006: Total time for which application threads were stopped: 0.0144370 seconds, Stopping threads took: 0.0001200 seconds
79.030: Application time: 0.0236410 seconds
79.030: [GC79.030: [DefNew: 62541K->4253K(64512K), 0.0074910 secs] 155638K->101866K(207564K), 0.0075350 secs] [Times: user=0.01 sys=0.00, real=0.01 secs] 
79.038: Total time for which application threads were stopped: 0.0077130 seconds, Stopping threads took: 0.0000980 seconds
79.060: Application time: 0.0225520 seconds
79.060: [GC79.060: [DefNew: 61661K->7103K(64512K), 0.0126830 secs] 159274K->110727K(207564K), 0.0127260 secs] [Times: user=0.01 sys=0.00, real=0.02 secs] 
79.073: Total time for which application threads were stopped: 0.0129080 seconds, Stopping threads took: 0.0001040 seconds
79.098: Application time: 0.0246280 seconds
79.098: [GC79.098: [DefNew: 64511K->7104K(64512K), 0.0177470 secs] 168135K->118510K(207564K), 0.0177900 secs] [Times: user=0.01 sys=0.00, real=0.02 secs] 
79.116: Total time for which application threads were stopped: 0.0179850 seconds, Stopping threads took: 0.0001140 seconds
79.141: Application time: 0.0256180 seconds
79.141: [GC79.141: [DefNew: 64512K->4350K(64512K), 0.0099660 secs] 175918K->120440K(207564K), 0.0100110 secs] [Times: user=0.01 sys=0.00, real=0.01 secs] 
79.152: Total time for which application threads were stopped: 0.0102880 seconds, Stopping threads took: 0.0001800 seconds
79.175: Application time: 0.0235910 seconds
79.175: [GC79.175: [DefNew: 61758K->7104K(64512K), 0.0106180 secs] 177848K->127242K(207564K), 0.0106640 secs] [Times: user=0.01 sys=0.00, real=0.01 secs] 
79.186: Total time for which application threads were stopped: 0.0109280 seconds, Stopping threads took: 0.0001640 seconds
79.210: Application time: 0.0241640 seconds
79.210: [GC79.210: [DefNew: 64512K->7104K(64512K), 0.0167130 secs] 184650K->135180K(207564K), 0.0167560 secs] [Times: user=0.01 sys=0.00, real=0.02 secs] 
79.227: Total time for which application threads were stopped: 0.0169070 seconds, Stopping threads took: 0.0000710 seconds
79.252: Application time: 0.0245020 seconds
79.252: [GC79.252: [DefNew: 64512K->3783K(64512K), 0.0076740 secs] 192588K->135431K(207564K), 0.0077150 secs] [Times: user=0.01 sys=0.00, real=0.01 secs] 
79.259: Total time for which application threads were stopped: 0.0078620 seconds, Stopping threads took: 0.0000650 seconds
79.284: Application time: 0.0246820 seconds
79.284: [GC79.284: [DefNew: 61191K->7103K(64512K), 0.0132360 secs] 192839K->144920K(207564K), 0.0132820 secs] [Times: user=0.01 sys=0.00, real=0.02 secs] 
79.298: Total time for which application threads were stopped: 0.0135200 seconds, Stopping threads took: 0.0001560 seconds
79.324: Application time: 0.0265330 seconds
79.324: [GC79.324: [DefNew: 64511K->7103K(64512K), 0.0214010 secs]79.346: [Tenured: 148896K->81248K(149004K), 0.1153410 secs] 202328K->81248K(213516K), [Perm : 8836K->8836K(21248K)], 0.1369960 secs] [Times: user=0.13 sys=0.00, real=0.14 secs] 
79.461: Total time for which application threads were stopped: 0.1372060 seconds, Stopping threads took: 0.0001330 seconds
79.489: Application time: 0.0270750 seconds
79.489: [GC79.489: [DefNew: 57408K->5916K(64512K), 0.0074480 secs] 138656K->87164K(207564K), 0.0074930 secs] [Times: user=0.01 sys=0.00, real=0.01 secs] 
79.496: Total time for which application threads were stopped: 0.0077760 seconds, Stopping threads took: 0.0001680 seconds
79.521: Application time: 0.0246890 seconds
79.521: [GC79.521: [DefNew: 63324K->4568K(64512K), 0.0081290 secs] 144572K->89468K(207564K), 0.0081730 secs] [Times: user=0.01 sys=0.00, real=0.01 secs] 
79.529: Total time for which application threads were stopped: 0.0083650 seconds, Stopping threads took: 0.0001070 seconds
79.553: Application time: 0.0234690 seconds
79.553: [GC79.553: [DefNew: 61976K->4707K(64512K), 0.0066750 secs] 146876K->90789K(207564K), 0.0067210 secs] [Times: user=0.01 sys=0.00, real=0.00 secs] 
79.560: Total time for which application threads were stopped: 0.0069560 seconds, Stopping threads took: 0.0001520 seconds
79.583: Application time: 0.0230340 seconds
79.583: [GC79.583: [DefNew: 62115K->7103K(64512K), 0.0114250 secs] 148197K->97116K(207564K), 0.0114700 secs] [Times: user=0.02 sys=0.00, real=0.02 secs] 
79.595: Total time for which application threads were stopped: 0.0117170 seconds, Stopping threads took: 0.0001650 seconds
79.617: Application time: 0.0227960 seconds
79.617: [GC79.618: [DefNew: 64511K->5048K(64512K), 0.0119090 secs] 154524K->101069K(207564K), 0.0119520 secs] [Times: user=0.01 sys=0.00, real=0.01 secs] 
79.629: Total time for which application threads were stopped: 0.0121450 seconds, Stopping threads took: 0.0001050 seconds
79.653: Application time: 0.0238840 seconds
79.653: [GC79.654: [DefNew: 62456K->5145K(64512K), 0.0080250 secs] 158477K->105602K(207564K), 0.0080650 secs] [Times: user=0.01 sys=0.00, real=0.00 secs] 
79.662: Total time for which application threads were stopped: 0.0082140 seconds, Stopping threads took: 0.0000650 seconds
79.684: Application time: 0.0228250 seconds
79.685: [GC79.685: [DefNew: 62553K->7104K(64512K), 0.0126220 secs] 163010K->112938K(207564K), 0.0126660 secs] [Times: user=0.01 sys=0.00, real=0.01 secs] 
79.697: Total time for which application threads were stopped: 0.0129100 seconds, Stopping threads took: 0.0001430 seconds
79.723: Application time: 0.0252080 seconds
79.723: [GC79.723: [DefNew: 64512K->7104K(64512K), 0.0199030 secs] 170346K->122467K(207564K), 0.0199490 secs] [Times: user=0.02 sys=0.00, real=0.02 secs] 
79.743: Total time for which application threads were stopped: 0.0201710 seconds, Stopping threads took: 0.0001390 seconds
79.768: Application time: 0.0257810 seconds
79.769: [GC79.769: [DefNew: 64512K->4560K(64512K), 0.0117490 secs] 179875K->125191K(207564K), 0.0118000 secs] [Times: user=0.01 sys=0.00, real=0.01 secs] 
79.781: Total time for which application threads were stopped: 0.0120410 seconds, Stopping threads took: 0.0001380 seconds
79.805: Application time: 0.0240340 seconds
79.805: [GC79.805: [DefNew: 61968K->7103K(64512K), 0.0117960 secs] 182599K->133005K(207564K), 0.0118370 secs] [Times: user=0.01 sys=0.00, real=0.01 secs] 
79.817: Total time for which application threads were stopped: 0.0120330 seconds, Stopping threads took: 0.0001120 seconds
79.841: Application time: 0.0245840 seconds
79.841: [GC79.841: [DefNew: 64511K->7104K(64512K), 0.0161070 secs] 190413K->139663K(207564K), 0.0161520 secs] [Times: user=0.01 sys=0.00, real=0.02 secs] 
79.858: Total time for which application threads were stopped: 0.0163470 seconds, Stopping threads took: 0.0001110 seconds
79.881: Application time: 0.0238490 seconds
79.882: [GC79.882: [DefNew: 64512K->3630K(64512K), 0.0098060 secs] 197071K->141000K(207564K), 0.0098610 secs] [Times: user=0.01 sys=0.00, real=0.01 secs] 
79.891: Total time for which application threads were stopped: 0.0100910 seconds, Stopping threads took: 0.0001270 seconds
79.916: Application time: 0.0243690 seconds
79.916: [GC79.916: [DefNew: 61038K->7103K(64512K), 0.0125270 secs]79.929: [Tenured: 143458K->80104K(143628K), 0.1109730 secs] 198408K->80104K(208140K), [Perm : 8836K->8836K(21248K)], 0.1235950 secs] [Times: user=0.12 sys=0.00, real=0.12 secs] 
80.040: Total time for which application threads were stopped: 0.1238290 seconds, Stopping threads took: 0.0001440 seconds
80.065: Application time: 0.0258100 seconds
80.066: [GC80.066: [DefNew: 57408K->7103K(64512K), 0.0159740 secs] 137512K->92161K(207564K), 0.0160200 secs] [Times: user=0.01 sys=0.00, real=0.01 secs] 
80.082: Total time for which application threads were stopped: 0.0163290 seconds, Stopping threads took: 0.0001970 seconds
80.108: Application time: 0.0259900 seconds
80.108: [GC80.108: [DefNew: 64511K->4243K(64512K), 0.0143110 secs] 149569K->95764K(207564K), 0.0143550 secs] [Times: user=0.02 sys=0.00, real=0.01 secs] 
80.122: Total time for which application threads were stopped: 0.0146020 seconds, Stopping threads took: 0.0001450 seconds
80.147: Application time: 0.0243880 seconds
80.147: [GC80.147: [DefNew: 61651K->3587K(64512K), 0.0061470 secs] 153172K->97386K(207564K), 0.0061900 secs] [Times: user=0.01 sys=0.00, real=0.01 secs] 
80.153: Total time for which application threads were stopped: 0.0064920 seconds, Stopping threads took: 0.0002190 seconds
80.176: Application time: 0.0230820 seconds
80.177: [GC80.177: [DefNew: 60995K->4727K(64512K), 0.0075570 secs] 154794K->100302K(207564K), 0.0076030 secs] [Times: user=0.00 sys=0.00, real=0.00 secs] 
80.184: Total time for which application threads were stopped: 0.0079090 seconds, Stopping threads took: 0.0002040 seconds
80.207: Application time: 0.0227510 seconds
80.207: [GC80.207: [DefNew: 62135K->7104K(64512K), 0.0114590 secs] 157710K->105986K(207564K), 0.0115010 secs] [Times: user=0.01 sys=0.00, real=0.01 secs] 
80.219: Total time for which application threads were stopped: 0.0117540 seconds, Stopping threads took: 0.0001680 seconds
80.242: Application time: 0.0229160 seconds
80.242: [GC80.242: [DefNew: 64512K->6274K(64512K), 0.0123220 secs] 163394K->111408K(207564K), 0.0123640 secs] [Times: user=0.01 sys=0.00, real=0.02 secs] 
80.254: Total time for which application threads were stopped: 0.0125400 seconds, Stopping threads took: 0.0000860 seconds
80.278: Application time: 0.0241260 seconds
80.279: [GC80.279: [DefNew: 63682K->7104K(64512K), 0.0119490 secs] 168816K->118138K(207564K), 0.0119940 secs] [Times: user=0.01 sys=0.00, real=0.01 secs] 
80.291: Total time for which application threads were stopped: 0.0121400 seconds, Stopping threads took: 0.0000640 seconds
80.314: Application time: 0.0236880 seconds
80.314: [GC80.314: [DefNew: 64512K->7104K(64512K), 0.0144510 secs] 175546K->125437K(207564K), 0.0144970 secs] [Times: user=0.02 sys=0.00, real=0.01 secs] 
80.329: Total time for which application threads were stopped: 0.0147590 seconds, Stopping threads took: 0.0001600 seconds
80.354: Application time: 0.0245870 seconds
80.354: [GC80.354: [DefNew: 64512K->6925K(64512K), 0.0150250 secs] 182845K->130765K(207564K), 0.0150680 secs] [Times: user=0.02 sys=0.00, real=0.01 secs] 
80.369: Total time for which application threads were stopped: 0.0153010 seconds, Stopping threads took: 0.0001520 seconds
80.394: Application time: 0.0251290 seconds
80.394: [GC80.394: [DefNew: 64333K->7103K(64512K), 0.0127720 secs] 188173K->135844K(207564K), 0.0128160 secs] [Times: user=0.01 sys=0.00, real=0.01 secs] 
80.407: Total time for which application threads were stopped: 0.0130830 seconds, Stopping threads took: 0.0001660 seconds
80.432: Application time: 0.0247670 seconds
80.432: [GC80.432: [DefNew: 64511K->7103K(64512K), 0.0189750 secs] 193252K->142629K(207564K), 0.0190290 secs] [Times: user=0.02 sys=0.00, real=0.02 secs] 
80.451: Total time for which application threads were stopped: 0.0192880 seconds, Stopping threads took: 0.0001770 seconds
80.476: Application time: 0.0250450 seconds
80.476: [GC80.476: [DefNew: 64511K->5328K(64512K), 0.0167840 secs] 200037K->147481K(207564K), 0.0168290 secs] [Times: user=0.02 sys=0.00, real=0.02 secs] 
80.493: Total time for which application threads were stopped: 0.0170300 seconds, Stopping threads took: 0.0001010 seconds
80.517: Application time: 0.0233590 seconds
80.517: [GC80.517: [DefNew: 62736K->3057K(64512K), 0.0078230 secs]80.525: [Tenured: 145459K->77011K(145548K), 0.1166580 secs] 204889K->77011K(210060K), [Perm : 8836K->8836K(21248K)], 0.1246470 secs] [Times: user=0.13 sys=0.00, real=0.12 secs] 
80.641: Total time for which application threads were stopped: 0.1248820 seconds, Stopping threads took: 0.0001550 seconds
80.666: Application time: 0.0242680 seconds
80.666: [GC80.666: [DefNew: 57408K->7104K(64512K), 0.0152800 secs] 134419K->89634K(207564K), 0.0153250 secs] [Times: user=0.02 sys=0.00, real=0.01 secs] 
80.681: Total time for which application threads were stopped: 0.0155580 seconds, Stopping threads took: 0.0001360 seconds
80.708: Application time: 0.0267230 seconds
80.708: [GC80.708: [DefNew: 64512K->7103K(64512K), 0.0182490 secs] 147042K->98991K(207564K), 0.0182920 secs] [Times: user=0.02 sys=0.00, real=0.02 secs] 
80.727: Total time for which application threads were stopped: 0.0184740 seconds, Stopping threads took: 0.0000980 seconds
80.752: Application time: 0.0253260 seconds
80.752: [GC80.752: [DefNew: 64511K->3359K(64512K), 0.0102380 secs] 156399K->101706K(207564K), 0.0102770 secs] [Times: user=0.01 sys=0.00, real=0.01 secs] 
80.762: Total time for which application threads were stopped: 0.0104760 seconds, Stopping threads took: 0.0001190 seconds
80.787: Application time: 0.0242820 seconds
80.787: [GC80.787: [DefNew: 60767K->6465K(64512K), 0.0079290 secs] 159114K->104812K(207564K), 0.0079740 secs] [Times: user=0.00 sys=0.00, real=0.01 secs] 
80.795: Total time for which application threads were stopped: 0.0081500 seconds, Stopping threads took: 0.0000920 seconds
80.818: Application time: 0.0227570 seconds
80.818: [GC80.818: [DefNew: 63873K->5844K(64512K), 0.0084960 secs] 162220K->107494K(207564K), 0.0085420 secs] [Times: user=0.01 sys=0.00, real=0.01 secs] 
80.826: Total time for which application threads were stopped: 0.0087450 seconds, Stopping threads took: 0.0001200 seconds
80.849: Application time: 0.0230830 seconds
80.850: [GC80.850: [DefNew: 63252K->7104K(64512K), 0.0100130 secs] 164902K->112069K(207564K), 0.0100580 secs] [Times: user=0.01 sys=0.00, real=0.01 secs] 
80.860: Total time for which application threads were stopped: 0.0104800 seconds, Stopping threads took: 0.0003190 seconds
80.883: Application time: 0.0231050 seconds
80.883: [GC80.883: [DefNew: 64512K->6099K(64512K), 0.0114610 secs] 169477K->117055K(207564K), 0.0115040 secs] [Times: user=0.01 sys=0.00, real=0.02 secs] 
80.895: Total time for which application threads were stopped: 0.0119030 seconds, Stopping threads took: 0.0003060 seconds
80.918: Application time: 0.0234010 seconds
80.919: [GC80.919: [DefNew: 63507K->6569K(64512K), 0.0129230 secs] 174463K->122501K(207564K), 0.0129670 secs] [Times: user=0.01 sys=0.00, real=0.01 secs] 
80.932: Total time for which application threads were stopped: 0.0133670 seconds, Stopping threads took: 0.0002980 seconds
80.955: Application time: 0.0238520 seconds
80.956: [GC80.956: [DefNew: 63977K->7104K(64512K), 0.0130330 secs] 179909K->128748K(207564K), 0.0130770 secs] [Times: user=0.02 sys=0.00, real=0.01 secs] 
80.969: Total time for which application threads were stopped: 0.0132960 seconds, Stopping threads took: 0.0001390 seconds
80.993: Application time: 0.0245520 seconds
80.994: [GC80.994: [DefNew: 64512K->7104K(64512K), 0.0152350 secs] 186156K->134914K(207564K), 0.0152780 secs] [Times: user=0.02 sys=0.00, real=0.01 secs] 
81.009: Total time for which application threads were stopped: 0.0154930 seconds, Stopping threads took: 0.0001250 seconds
81.034: Application time: 0.0252530 seconds
81.034: [GC81.034: [DefNew: 64512K->7104K(64512K), 0.0153210 secs] 192322K->141956K(207564K), 0.0153660 secs] [Times: user=0.01 sys=0.00, real=0.01 secs] 
81.050: Total time for which application threads were stopped: 0.0156640 seconds, Stopping threads took: 0.0002170 seconds
81.074: Application time: 0.0244160 seconds
81.074: [GC81.074: [DefNew: 64512K->7103K(64512K), 0.0172500 secs] 199364K->149408K(207564K), 0.0172960 secs] [Times: user=0.02 sys=0.00, real=0.01 secs] 
81.092: Total time for which application threads were stopped: 0.0175060 seconds, Stopping threads took: 0.0001260 seconds
81.117: Application time: 0.0249710 seconds
81.117: [GC81.117: [DefNew: 64511K->5222K(64512K), 0.0104450 secs]81.127: [Tenured: 146675K->79554K(146700K), 0.1170110 secs] 206816K->79554K(211212K), [Perm : 8838K->8838K(21248K)], 0.1276640 secs] [Times: user=0.12 sys=0.00, real=0.13 secs] 
81.244: Total time for which application threads were stopped: 0.1278340 seconds, Stopping threads took: 0.0000890 seconds
81.268: Application time: 0.0235250 seconds
81.268: [GC81.268: [DefNew: 57408K->5598K(64512K), 0.0052460 secs] 136962K->85153K(207564K), 0.0052900 secs] [Times: user=0.01 sys=0.00, real=0.01 secs] 
81.273: Total time for which application threads were stopped: 0.0054750 seconds, Stopping threads took: 0.0000880 seconds
81.298: Application time: 0.0249220 seconds
81.299: [GC81.299: [DefNew: 63006K->7104K(64512K), 0.0190490 secs] 142561K->97476K(207564K), 0.0190910 secs] [Times: user=0.02 sys=0.00, real=0.02 secs] 
81.318: Total time for which application threads were stopped: 0.0192270 seconds, Stopping threads took: 0.0000530 seconds
81.345: Application time: 0.0274020 seconds
81.345: [GC81.345: [DefNew: 64512K->7103K(64512K), 0.0183960 secs] 154884K->104704K(207564K), 0.0184380 secs] [Times: user=0.01 sys=0.00, real=0.01 secs] 
81.364: Total time for which application threads were stopped: 0.0187160 seconds, Stopping threads took: 0.0001970 seconds
81.389: Application time: 0.0253650 seconds
81.389: [GC81.389: [DefNew: 64511K->2610K(64512K), 0.0099100 secs] 162112K->106762K(207564K), 0.0099530 secs] [Times: user=0.01 sys=0.00, real=0.01 secs] 
81.399: Total time for which application threads were stopped: 0.0101760 seconds, Stopping threads took: 0.0001200 seconds
81.423: Application time: 0.0238000 seconds
81.423: [GC81.423: [DefNew: 60018K->6663K(64512K), 0.0066730 secs] 164170K->110815K(207564K), 0.0067160 secs] [Times: user=0.00 sys=0.00, real=0.01 secs] 
81.430: Total time for which application threads were stopped: 0.0069210 seconds, Stopping threads took: 0.0001100 seconds
81.453: Application time: 0.0227000 seconds
81.453: [GC81.453: [DefNew: 64071K->6221K(64512K), 0.0091340 secs] 168223K->112711K(207564K), 0.0091780 secs] [Times: user=0.01 sys=0.00, real=0.00 secs] 
81.462: Total time for which application threads were stopped: 0.0093320 seconds, Stopping threads took: 0.0000700 seconds
81.485: Application time: 0.0228530 seconds
81.485: [GC81.485: [DefNew: 63629K->7104K(64512K), 0.0104370 secs] 170119K->117759K(207564K), 0.0104810 secs] [Times: user=0.01 sys=0.00, real=0.01 secs] 
81.496: Total time for which application threads were stopped: 0.0107860 seconds, Stopping threads took: 0.0002220 seconds
81.519: Application time: 0.0229860 seconds
81.519: [GC81.519: [DefNew: 64512K->5500K(64512K), 0.0107990 secs] 175167K->122448K(207564K), 0.0108430 secs] [Times: user=0.01 sys=0.00, real=0.01 secs] 
81.530: Total time for which application threads were stopped: 0.0110530 seconds, Stopping threads took: 0.0001260 seconds
81.553: Application time: 0.0234540 seconds
81.553: [GC81.553: [DefNew: 62908K->6925K(64512K), 0.0112300 secs] 179856K->128203K(207564K), 0.0112760 secs] [Times: user=0.01 sys=0.00, real=0.01 secs] 
81.565: Total time for which application threads were stopped: 0.0114860 seconds, Stopping threads took: 0.0001250 seconds
81.588: Application time: 0.0236170 seconds
81.589: [GC81.589: [DefNew: 64333K->7104K(64512K), 0.0126990 secs] 185611K->134803K(207564K), 0.0127490 secs] [Times: user=0.01 sys=0.00, real=0.01 secs] 
81.601: Total time for which application threads were stopped: 0.0130180 seconds, Stopping threads took: 0.0001730 seconds
81.627: Application time: 0.0252490 seconds
81.627: [GC81.627: [DefNew: 64512K->6831K(64512K), 0.0159570 secs] 192211K->140841K(207564K), 0.0160000 secs] [Times: user=0.02 sys=0.00, real=0.01 secs] 
81.643: Total time for which application threads were stopped: 0.0162140 seconds, Stopping threads took: 0.0001280 seconds
81.668: Application time: 0.0249640 seconds
81.668: [GC81.668: [DefNew: 64239K->7103K(64512K), 0.0150620 secs] 198249K->147834K(207564K), 0.0151050 secs] [Times: user=0.02 sys=0.00, real=0.01 secs] 
81.683: Total time for which application threads were stopped: 0.0153020 seconds, Stopping threads took: 0.0001150 seconds
81.707: Application time: 0.0240090 seconds
81.707: [GC81.707: [DefNew: 64511K->7104K(64512K), 0.0195950 secs]81.727: [Tenured: 147328K->83176K(147468K), 0.1188050 secs] 205242K->83176K(211980K), [Perm : 8838K->8838K(21248K)], 0.1386150 secs] [Times: user=0.13 sys=0.00, real=0.14 secs] 
81.846: Total time for which application threads were stopped: 0.1388030 seconds, Stopping threads took: 0.0001090 seconds
81.871: Application time: 0.0246140 seconds
81.871: [GC81.871: [DefNew: 57408K->6573K(64512K), 0.0081800 secs] 140584K->89749K(207564K), 0.0082220 secs] [Times: user=0.01 sys=0.00, real=0.01 secs] 
81.879: Total time for which application threads were stopped: 0.0084360 seconds, Stopping threads took: 0.0001210 seconds
81.903: Application time: 0.0240460 seconds
81.903: [GC81.903: [DefNew: 63981K->6792K(64512K), 0.0094340 secs] 147157K->93157K(207564K), 0.0094780 secs] [Times: user=0.01 sys=0.00, real=0.02 secs] 
81.913: Total time for which application threads were stopped: 0.0096970 seconds, Stopping threads took: 0.0001340 seconds
81.938: Application time: 0.0250740 seconds
81.938: [GC81.938: [DefNew: 64200K->7103K(64512K), 0.0207020 secs] 150565K->106106K(207564K), 0.0207440 secs] [Times: user=0.02 sys=0.00, real=0.02 secs] 
81.959: Total time for which application threads were stopped: 0.0209700 seconds, Stopping threads took: 0.0001440 seconds
81.987: Application time: 0.0279700 seconds
81.987: [GC81.987: [DefNew: 64511K->6869K(64512K), 0.0174520 secs] 163514K->111899K(207564K), 0.0174970 secs] [Times: user=0.02 sys=0.00, real=0.01 secs] 
82.004: Total time for which application threads were stopped: 0.0177360 seconds, Stopping threads took: 0.0001490 seconds
82.029: Application time: 0.0250110 seconds
82.030: [GC82.030: [DefNew: 64277K->3794K(64512K), 0.0097140 secs] 169307K->114591K(207564K), 0.0097600 secs] [Times: user=0.01 sys=0.00, real=0.01 secs] 
82.039: Total time for which application threads were stopped: 0.0099370 seconds, Stopping threads took: 0.0000910 seconds
82.063: Application time: 0.0240350 seconds
82.064: [GC82.064: [DefNew: 61202K->5466K(64512K), 0.0064090 secs] 171999K->117195K(207564K), 0.0064520 secs] [Times: user=0.01 sys=0.00, real=0.01 secs] 
82.070: Total time for which application threads were stopped: 0.0066910 seconds, Stopping threads took: 0.0001480 seconds
82.093: Application time: 0.0226130 seconds
82.093: [GC82.093: [DefNew: 62874K->5462K(64512K), 0.0078230 secs] 174603K->119274K(207564K), 0.0078660 secs] [Times: user=0.01 sys=0.00, real=0.00 secs] 
82.101: Total time for which application threads were stopped: 0.0081760 seconds, Stopping threads took: 0.0002080 seconds
82.124: Application time: 0.0226760 seconds
82.124: [GC82.124: [DefNew: 62870K->6963K(64512K), 0.0102170 secs] 176682K->124152K(207564K), 0.0102630 secs] [Times: user=0.01 sys=0.00, real=0.02 secs] 
82.134: Total time for which application threads were stopped: 0.0105750 seconds, Stopping threads took: 0.0002110 seconds
82.157: Application time: 0.0229890 seconds
82.157: [GC82.157: [DefNew: 64371K->5716K(64512K), 0.0110050 secs] 181560K->129024K(207564K), 0.0110510 secs] [Times: user=0.01 sys=0.00, real=0.01 secs] 
82.169: Total time for which application threads were stopped: 0.0113590 seconds, Stopping threads took: 0.0002160 seconds
82.191: Application time: 0.0228130 seconds
82.192: [GC82.192: [DefNew: 63124K->6545K(64512K), 0.0111000 secs] 186432K->134566K(207564K), 0.0111440 secs] [Times: user=0.01 sys=0.00, real=0.01 secs] 
82.203: Total time for which application threads were stopped: 0.0114620 seconds, Stopping threads took: 0.0002160 seconds
82.226: Application time: 0.0234700 seconds
82.226: [GC82.227: [DefNew: 63953K->7104K(64512K), 0.0124960 secs] 191974K->140517K(207564K), 0.0125410 secs] [Times: user=0.02 sys=0.00, real=0.01 secs] 
82.239: Total time for which application threads were stopped: 0.0127690 seconds, Stopping threads took: 0.0001260 seconds
82.264: Application time: 0.0245800 seconds
82.264: [GC82.264: [DefNew: 64512K->6719K(64512K), 0.0126070 secs] 197925K->146234K(207564K), 0.0126630 secs] [Times: user=0.01 sys=0.01, real=0.02 secs] 
82.276: Total time for which application threads were stopped: 0.0128510 seconds, Stopping threads took: 0.0001060 seconds
82.302: Application time: 0.0253860 seconds
82.302: [GC82.302: [DefNew: 64127K->7103K(64512K), 0.0179130 secs]82.320: [Tenured: 146744K->82030K(146892K), 0.1154910 secs] 203642K->82030K(211404K), [Perm : 8838K->8838K(21248K)], 0.1336070 secs] [Times: user=0.13 sys=0.00, real=0.14 secs] 
82.436: Total time for which application threads were stopped: 0.1338560 seconds, Stopping threads took: 0.0001680 seconds
82.460: Application time: 0.0246800 seconds
82.461: [GC82.461: [DefNew: 57408K->7103K(64512K), 0.0099630 secs] 139438K->89675K(207564K), 0.0100070 secs] [Times: user=0.01 sys=0.00, real=0.01 secs] 
82.471: Total time for which application threads were stopped: 0.0102600 seconds, Stopping threads took: 0.0001380 seconds
82.495: Application time: 0.0243700 seconds
82.495: [GC82.495: [DefNew: 64511K->5486K(64512K), 0.0093720 secs] 147083K->92212K(207564K), 0.0094140 secs] [Times: user=0.01 sys=0.00, real=0.01 secs] 
82.505: Total time for which application threads were stopped: 0.0095810 seconds, Stopping threads took: 0.0000830 seconds
82.529: Application time: 0.0244760 seconds
82.529: [GC82.529: [DefNew: 62894K->7104K(64512K), 0.0126980 secs] 149620K->100244K(207564K), 0.0127420 secs] [Times: user=0.01 sys=0.00, real=0.01 secs] 
82.542: Total time for which application threads were stopped: 0.0129390 seconds, Stopping threads took: 0.0001160 seconds
82.569: Application time: 0.0272500 seconds
82.570: [GC82.570: [DefNew: 64512K->7103K(64512K), 0.0261540 secs] 157652K->113030K(207564K), 0.0262000 secs] [Times: user=0.03 sys=0.00, real=0.03 secs] 
82.596: Total time for which application threads were stopped: 0.0265320 seconds, Stopping threads took: 0.0002320 seconds
82.624: Application time: 0.0280130 seconds
82.624: [GC82.624: [DefNew: 64511K->2841K(64512K), 0.0121070 secs] 170438K->115483K(207564K), 0.0121540 secs] [Times: user=0.01 sys=0.00, real=0.02 secs] 
82.636: Total time for which application threads were stopped: 0.0123960 seconds, Stopping threads took: 0.0001590 seconds
82.660: Application time: 0.0242120 seconds
82.661: [GC82.661: [DefNew: 60249K->5362K(64512K), 0.0049960 secs] 172891K->118004K(207564K), 0.0050390 secs] [Times: user=0.01 sys=0.00, real=0.01 secs] 
82.666: Total time for which application threads were stopped: 0.0052410 seconds, Stopping threads took: 0.0001190 seconds
82.689: Application time: 0.0231070 seconds
82.689: [GC82.689: [DefNew: 62770K->6574K(64512K), 0.0114730 secs] 175412K->121764K(207564K), 0.0115180 secs] [Times: user=0.01 sys=0.00, real=0.01 secs] 
82.701: Total time for which application threads were stopped: 0.0117290 seconds, Stopping threads took: 0.0001260 seconds
82.723: Application time: 0.0225570 seconds
82.723: [GC82.723: [DefNew: 63982K->4175K(64512K), 0.0068610 secs] 179172K->122541K(207564K), 0.0069050 secs] [Times: user=0.01 sys=0.00, real=0.01 secs] 
82.730: Total time for which application threads were stopped: 0.0070930 seconds, Stopping threads took: 0.0001040 seconds
82.753: Application time: 0.0226090 seconds
82.753: [GC82.753: [DefNew: 61583K->5567K(64512K), 0.0086710 secs] 179949K->127678K(207564K), 0.0087240 secs] [Times: user=0.01 sys=0.00, real=0.00 secs] 
82.762: Total time for which application threads were stopped: 0.0089020 seconds, Stopping threads took: 0.0000930 seconds
82.785: Application time: 0.0232900 seconds
82.785: [GC82.785: [DefNew: 62975K->5887K(64512K), 0.0097580 secs] 185086K->132678K(207564K), 0.0098010 secs] [Times: user=0.01 sys=0.00, real=0.01 secs] 
82.795: Total time for which application threads were stopped: 0.0100210 seconds, Stopping threads took: 0.0001380 seconds
82.817: Application time: 0.0223780 seconds
82.818: [GC82.818: [DefNew: 63295K->7104K(64512K), 0.0123330 secs] 190086K->139310K(207564K), 0.0123770 secs] [Times: user=0.01 sys=0.00, real=0.01 secs] 
82.830: Total time for which application threads were stopped: 0.0125450 seconds, Stopping threads took: 0.0000840 seconds
82.854: Application time: 0.0235490 seconds
82.854: [GC82.854: [DefNew: 64512K->7104K(64512K), 0.0111830 secs] 196718K->144515K(207564K), 0.0112260 secs] [Times: user=0.01 sys=0.00, real=0.01 secs] 
82.865: Total time for which application threads were stopped: 0.0114480 seconds, Stopping threads took: 0.0001300 seconds
82.890: Application time: 0.0253770 seconds
82.891: [GC82.891: [DefNew: 64512K->7104K(64512K), 0.0177910 secs]82.908: [Tenured: 146227K->80251K(146316K), 0.1286410 secs] 201923K->80251K(210828K), [Perm : 8838K->8838K(21248K)], 0.1466400 secs] [Times: user=0.15 sys=0.00, real=0.15 secs] 
83.037: Total time for which application threads were stopped: 0.1468220 seconds, Stopping threads took: 0.0001020 seconds
83.062: Application time: 0.0251890 seconds
83.063: [GC83.063: [DefNew: 57408K->7103K(64512K), 0.0106010 secs] 137659K->88951K(207564K), 0.0106400 secs] [Times: user=0.01 sys=0.00, real=0.02 secs] 
83.073: Total time for which application threads were stopped: 0.0108080 seconds, Stopping threads took: 0.0000750 seconds
83.098: Application time: 0.0250840 seconds
83.099: [GC83.099: [DefNew: 64511K->5657K(64512K), 0.0138740 secs] 146359K->93475K(207564K), 0.0139200 secs] [Times: user=0.01 sys=0.00, real=0.02 secs] 
83.113: Total time for which application threads were stopped: 0.0142390 seconds, Stopping threads took: 0.0002170 seconds
83.137: Application time: 0.0245030 seconds
83.137: [GC83.137: [DefNew: 63065K->5439K(64512K), 0.0098730 secs] 150883K->96168K(207564K), 0.0099200 secs] [Times: user=0.01 sys=0.00, real=0.01 secs] 
83.147: Total time for which application threads were stopped: 0.0103050 seconds, Stopping threads took: 0.0002820 seconds
83.172: Application time: 0.0242870 seconds
83.172: [GC83.172: [DefNew: 62847K->7103K(64512K), 0.0151500 secs] 153576K->105355K(207564K), 0.0151950 secs] [Times: user=0.02 sys=0.00, real=0.02 secs] 
83.187: Total time for which application threads were stopped: 0.0154250 seconds, Stopping threads took: 0.0001290 seconds
83.214: Application time: 0.0274300 seconds
83.215: [GC83.215: [DefNew: 64511K->7103K(64512K), 0.0230280 secs] 162763K->117271K(207564K), 0.0230730 secs] [Times: user=0.02 sys=0.00, real=0.02 secs] 
83.238: Total time for which application threads were stopped: 0.0233960 seconds, Stopping threads took: 0.0002410 seconds
83.265: Application time: 0.0272910 seconds
83.266: [GC83.266: [DefNew: 64511K->2741K(64512K), 0.0140150 secs] 174679K->119606K(207564K), 0.0140590 secs] [Times: user=0.01 sys=0.00, real=0.01 secs] 
83.280: Total time for which application threads were stopped: 0.0145340 seconds, Stopping threads took: 0.0003690 seconds
83.304: Application time: 0.0239800 seconds
83.304: [GC83.304: [DefNew: 60149K->5730K(64512K), 0.0070630 secs] 177014K->122595K(207564K), 0.0071080 secs] [Times: user=0.01 sys=0.00, real=0.01 secs] 
83.311: Total time for which application threads were stopped: 0.0073890 seconds, Stopping threads took: 0.0001790 seconds
83.334: Application time: 0.0227370 seconds
83.334: [GC83.334: [DefNew: 63138K->6661K(64512K), 0.0105760 secs] 180003K->125944K(207564K), 0.0106180 secs] [Times: user=0.01 sys=0.00, real=0.01 secs] 
83.345: Total time for which application threads were stopped: 0.0109220 seconds, Stopping threads took: 0.0001910 seconds
83.367: Application time: 0.0226860 seconds
83.368: [GC83.368: [DefNew: 64069K->5932K(64512K), 0.0080160 secs] 183352K->128269K(207564K), 0.0080590 secs] [Times: user=0.00 sys=0.00, real=0.01 secs] 
83.376: Total time for which application threads were stopped: 0.0083130 seconds, Stopping threads took: 0.0001710 seconds
83.398: Application time: 0.0227590 seconds
83.399: [GC83.399: [DefNew: 63340K->4562K(64512K), 0.0096450 secs] 185677K->132140K(207564K), 0.0096880 secs] [Times: user=0.01 sys=0.00, real=0.01 secs] 
83.408: Total time for which application threads were stopped: 0.0098410 seconds, Stopping threads took: 0.0000710 seconds
83.432: Application time: 0.0232060 seconds
83.432: [GC83.432: [DefNew: 61970K->5863K(64512K), 0.0087230 secs] 189548K->137276K(207564K), 0.0087730 secs] [Times: user=0.01 sys=0.00, real=0.01 secs] 
83.441: Total time for which application threads were stopped: 0.0089700 seconds, Stopping threads took: 0.0001130 seconds
83.464: Application time: 0.0231140 seconds
83.464: [GC83.464: [DefNew: 63271K->6866K(64512K), 0.0122850 secs] 194684K->143374K(207564K), 0.0123310 secs] [Times: user=0.01 sys=0.00, real=0.02 secs] 
83.476: Total time for which application threads were stopped: 0.0125610 seconds, Stopping threads took: 0.0001460 seconds
83.499: Application time: 0.0231420 seconds
83.500: [GC83.500: [DefNew: 64274K->7103K(64512K), 0.0135740 secs] 200782K->149416K(207564K), 0.0136170 secs] [Times: user=0.01 sys=0.00, real=0.02 secs] 
83.513: Total time for which application threads were stopped: 0.0138400 seconds, Stopping threads took: 0.0001400 seconds
83.539: Application time: 0.0257900 seconds
83.539: [GC83.539: [DefNew: 64511K->7104K(64512K), 0.0197980 secs]83.559: [Tenured: 151335K->76883K(151500K), 0.1162610 secs] 206824K->76883K(216012K), [Perm : 8838K->8838K(21248K)], 0.1363780 secs] [Times: user=0.13 sys=0.01, real=0.14 secs] 
83.676: Total time for which application threads were stopped: 0.1366100 seconds, Stopping threads took: 0.0001520 seconds
83.702: Application time: 0.0266630 seconds
83.703: [GC83.703: [DefNew: 57408K->7104K(64512K), 0.0100480 secs] 134291K->84051K(207564K), 0.0100900 secs] [Times: user=0.01 sys=0.00, real=0.02 secs] 
83.713: Total time for which application threads were stopped: 0.0104620 seconds, Stopping threads took: 0.0002570 seconds
83.737: Application time: 0.0246310 seconds
83.738: [GC83.738: [DefNew: 64512K->5862K(64512K), 0.0125600 secs] 141459K->86869K(207564K), 0.0126040 secs] [Times: user=0.02 sys=0.00, real=0.01 secs] 
83.750: Total time for which application threads were stopped: 0.0128210 seconds, Stopping threads took: 0.0001130 seconds
83.775: Application time: 0.0247090 seconds
83.775: [GC83.775: [DefNew: 63270K->7104K(64512K), 0.0132520 secs] 144277K->93306K(207564K), 0.0132980 secs] [Times: user=0.01 sys=0.00, real=0.01 secs] 
83.788: Total time for which application threads were stopped: 0.0135880 seconds, Stopping threads took: 0.0001930 seconds
83.813: Application time: 0.0245950 seconds
83.813: [GC83.813: [DefNew: 64512K->7103K(64512K), 0.0188510 secs] 150714K->101934K(207564K), 0.0188970 secs] [Times: user=0.02 sys=0.00, real=0.01 secs] 
83.832: Total time for which application threads were stopped: 0.0192020 seconds, Stopping threads took: 0.0002040 seconds
83.859: Application time: 0.0271150 seconds
83.860: [GC83.860: [DefNew: 64511K->7104K(64512K), 0.0202870 secs] 159342K->110707K(207564K), 0.0203320 secs] [Times: user=0.02 sys=0.00, real=0.02 secs] 
83.880: Total time for which application threads were stopped: 0.0205960 seconds, Stopping threads took: 0.0001810 seconds
83.907: Application time: 0.0269200 seconds
83.907: [GC83.907: [DefNew: 64512K->2985K(64512K), 0.0114400 secs] 168115K->112988K(207564K), 0.0114830 secs] [Times: user=0.01 sys=0.00, real=0.01 secs] 
83.919: Total time for which application threads were stopped: 0.0117440 seconds, Stopping threads took: 0.0001580 seconds
83.942: Application time: 0.0238180 seconds
83.943: [GC83.943: [DefNew: 60393K->6718K(64512K), 0.0075920 secs] 170396K->116722K(207564K), 0.0076420 secs] [Times: user=0.01 sys=0.00, real=0.01 secs] 
83.950: Total time for which application threads were stopped: 0.0078560 seconds, Stopping threads took: 0.0001300 seconds
83.973: Application time: 0.0230390 seconds
83.974: [GC83.974: [DefNew: 64126K->6725K(64512K), 0.0106230 secs] 174130K->119619K(207564K), 0.0106700 secs] [Times: user=0.01 sys=0.00, real=0.00 secs] 
83.984: Total time for which application threads were stopped: 0.0109400 seconds, Stopping threads took: 0.0001670 seconds
84.007: Application time: 0.0225820 seconds
84.007: [GC84.007: [DefNew: 64133K->6215K(64512K), 0.0075250 secs] 177027K->122590K(207564K), 0.0075700 secs] [Times: user=0.01 sys=0.00, real=0.01 secs] 
84.015: Total time for which application threads were stopped: 0.0078380 seconds, Stopping threads took: 0.0001760 seconds
84.037: Application time: 0.0224490 seconds
84.037: [GC84.037: [DefNew: 63623K->4501K(64512K), 0.0091960 secs] 179998K->126148K(207564K), 0.0092400 secs] [Times: user=0.01 sys=0.00, real=0.01 secs] 
84.047: Total time for which application threads were stopped: 0.0093950 seconds, Stopping threads took: 0.0000710 seconds
84.070: Application time: 0.0230390 seconds
84.070: [GC84.070: [DefNew: 61909K->5533K(64512K), 0.0107800 secs] 183556K->131113K(207564K), 0.0108250 secs] [Times: user=0.01 sys=0.00, real=0.01 secs] 
84.081: Total time for which application threads were stopped: 0.0110600 seconds, Stopping threads took: 0.0001510 seconds
84.104: Application time: 0.0235420 seconds
84.104: [GC84.104: [DefNew: 62941K->7104K(64512K), 0.0116980 secs] 188521K->137932K(207564K), 0.0117420 secs] [Times: user=0.01 sys=0.00, real=0.02 secs] 
84.116: Total time for which application threads were stopped: 0.0119240 seconds, Stopping threads took: 0.0001000 seconds
84.139: Application time: 0.0232270 seconds
84.140: [GC84.140: [DefNew: 64512K->7104K(64512K), 0.0145180 secs] 195340K->145385K(207564K), 0.0145610 secs] [Times: user=0.02 sys=0.00, real=0.02 secs] 
84.154: Total time for which application threads were stopped: 0.0147990 seconds, Stopping threads took: 0.0001560 seconds
84.180: Application time: 0.0259310 seconds
84.180: [GC84.180: [DefNew: 64512K->7104K(64512K), 0.0249180 secs]84.205: [Tenured: 149438K->77840K(149580K), 0.1281930 secs] 202793K->77840K(214092K), [Perm : 8838K->8838K(21248K)], 0.1534220 secs] [Times: user=0.16 sys=0.00, real=0.16 secs] 
84.334: Total time for which application threads were stopped: 0.1537940 seconds, Stopping threads took: 0.0002650 seconds
84.360: Application time: 0.0262980 seconds
84.360: [GC84.360: [DefNew: 57408K->5109K(64512K), 0.0082150 secs] 135248K->82949K(207564K), 0.0082620 secs] [Times: user=0.00 sys=0.00, real=0.01 secs] 
84.369: Total time for which application threads were stopped: 0.0084840 seconds, Stopping threads took: 0.0001280 seconds
84.393: Application time: 0.0244940 seconds
84.393: [GC84.393: [DefNew: 62517K->5713K(64512K), 0.0107990 secs] 140357K->88297K(207564K), 0.0108450 secs] [Times: user=0.01 sys=0.00, real=0.00 secs] 
84.404: Total time for which application threads were stopped: 0.0110680 seconds, Stopping threads took: 0.0001170 seconds
84.429: Application time: 0.0245190 seconds
84.429: [GC84.429: [DefNew: 63121K->7104K(64512K), 0.0160560 secs] 145705K->94776K(207564K), 0.0161010 secs] [Times: user=0.02 sys=0.00, real=0.02 secs] 
84.445: Total time for which application threads were stopped: 0.0163470 seconds, Stopping threads took: 0.0001450 seconds
84.470: Application time: 0.0247500 seconds
84.470: [GC84.470: [DefNew: 64512K->7103K(64512K), 0.0224460 secs] 152184K->104791K(207564K), 0.0224900 secs] [Times: user=0.02 sys=0.00, real=0.03 secs] 
84.493: Total time for which application threads were stopped: 0.0228100 seconds, Stopping threads took: 0.0002180 seconds
84.519: Application time: 0.0266620 seconds
84.520: [GC84.520: [DefNew: 64511K->7104K(64512K), 0.0182700 secs] 162199K->112596K(207564K), 0.0183250 secs] [Times: user=0.02 sys=0.00, real=0.02 secs] 
84.538: Total time for which application threads were stopped: 0.0186900 seconds, Stopping threads took: 0.0002790 seconds
84.565: Application time: 0.0272810 seconds
84.565: [GC84.565: [DefNew: 64512K->1701K(64512K), 0.0080700 secs] 170004K->113249K(207564K), 0.0081110 secs] [Times: user=0.00 sys=0.00, real=0.01 secs] 
84.574: Total time for which application threads were stopped: 0.0082520 seconds, Stopping threads took: 0.0000580 seconds
84.597: Application time: 0.0230710 seconds
84.597: [GC84.597: [DefNew: 59109K->5465K(64512K), 0.0067860 secs] 170657K->117013K(207564K), 0.0068300 secs] [Times: user=0.01 sys=0.00, real=0.00 secs] 
84.604: Total time for which application threads were stopped: 0.0070330 seconds, Stopping threads took: 0.0001190 seconds
84.627: Application time: 0.0228030 seconds
84.627: [GC84.627: [DefNew: 62873K->7104K(64512K), 0.0130580 secs] 174421K->121473K(207564K), 0.0131030 secs] [Times: user=0.01 sys=0.00, real=0.01 secs] 
84.640: Total time for which application threads were stopped: 0.0133030 seconds, Stopping threads took: 0.0001150 seconds
84.663: Application time: 0.0227600 seconds
84.663: [GC84.663: [DefNew: 64512K->7103K(64512K), 0.0146700 secs] 178881K->127703K(207564K), 0.0147140 secs] [Times: user=0.02 sys=0.00, real=0.02 secs] 
84.678: Total time for which application threads were stopped: 0.0149420 seconds, Stopping threads took: 0.0001260 seconds
84.699: Application time: 0.0219680 seconds
84.700: [GC84.700: [DefNew: 64511K->4156K(64512K), 0.0104010 secs] 185111K->130853K(207564K), 0.0104430 secs] [Times: user=0.01 sys=0.00, real=0.01 secs] 
84.710: Total time for which application threads were stopped: 0.0105800 seconds, Stopping threads took: 0.0000460 seconds
84.733: Application time: 0.0229890 seconds
84.733: [GC84.733: [DefNew: 61564K->6254K(64512K), 0.0097490 secs] 188261K->136457K(207564K), 0.0097930 secs] [Times: user=0.01 sys=0.00, real=0.00 secs] 
84.743: Total time for which application threads were stopped: 0.0101230 seconds, Stopping threads took: 0.0002280 seconds
84.767: Application time: 0.0239630 seconds
84.767: [GC84.767: [DefNew: 63662K->6515K(64512K), 0.0120380 secs] 193865K->142167K(207564K), 0.0120800 secs] [Times: user=0.01 sys=0.00, real=0.01 secs] 
84.780: Total time for which application threads were stopped: 0.0123870 seconds, Stopping threads took: 0.0002090 seconds
84.804: Application time: 0.0240130 seconds
84.804: [GC84.804: [DefNew: 63923K->7104K(64512K), 0.0155230 secs]84.819: [Tenured: 145426K->77088K(145548K), 0.1099850 secs] 199575K->77088K(210060K), [Perm : 8838K->8838K(21248K)], 0.1256760 secs] [Times: user=0.13 sys=0.00, real=0.13 secs] 
84.930: Total time for which application threads were stopped: 0.1259470 seconds, Stopping threads took: 0.0001710 seconds
84.955: Application time: 0.0257400 seconds
84.956: [GC84.956: [DefNew: 57408K->7104K(64512K), 0.0129630 secs] 134496K->87926K(207564K), 0.0130060 secs] [Times: user=0.01 sys=0.00, real=0.01 secs] 
84.969: Total time for which application threads were stopped: 0.0134150 seconds, Stopping threads took: 0.0002950 seconds
84.995: Application time: 0.0262730 seconds
84.995: [GC84.995: [DefNew: 64512K->5481K(64512K), 0.0144010 secs] 145334K->92289K(207564K), 0.0144450 secs] [Times: user=0.02 sys=0.00, real=0.01 secs] 
85.010: Total time for which application threads were stopped: 0.0148200 seconds, Stopping threads took: 0.0002760 seconds
85.035: Application time: 0.0249420 seconds
85.035: [GC85.035: [DefNew: 62889K->4139K(64512K), 0.0083060 secs] 149697K->93635K(207564K), 0.0083490 secs] [Times: user=0.01 sys=0.00, real=0.00 secs] 
85.043: Total time for which application threads were stopped: 0.0086830 seconds, Stopping threads took: 0.0002340 seconds
85.067: Application time: 0.0238430 seconds
85.068: [GC85.068: [DefNew: 61547K->7103K(64512K), 0.0109570 secs] 151043K->101081K(207564K), 0.0110010 secs] [Times: user=0.01 sys=0.00, real=0.01 secs] 
85.079: Total time for which application threads were stopped: 0.0112810 seconds, Stopping threads took: 0.0001890 seconds
85.104: Application time: 0.0254410 seconds
85.104: [GC85.104: [DefNew: 64511K->7103K(64512K), 0.0217980 secs] 158489K->113965K(207564K), 0.0218520 secs] [Times: user=0.02 sys=0.00, real=0.03 secs] 
85.126: Total time for which application threads were stopped: 0.0221740 seconds, Stopping threads took: 0.0002410 seconds
85.153: Application time: 0.0267280 seconds
85.153: [GC85.153: [DefNew: 64511K->7104K(64512K), 0.0138090 secs] 171373K->119658K(207564K), 0.0138510 secs] [Times: user=0.01 sys=0.00, real=0.01 secs] 
85.167: Total time for which application threads were stopped: 0.0140090 seconds, Stopping threads took: 0.0000710 seconds
85.193: Application time: 0.0266080 seconds
85.194: [GC85.194: [DefNew: 64512K->3204K(64512K), 0.0093820 secs] 177066K->121919K(207564K), 0.0094270 secs] [Times: user=0.01 sys=0.00, real=0.00 secs] 
85.203: Total time for which application threads were stopped: 0.0096920 seconds, Stopping threads took: 0.0001640 seconds
85.226: Application time: 0.0231350 seconds
85.227: [GC85.227: [DefNew: 60612K->4606K(64512K), 0.0038020 secs] 179327K->123321K(207564K), 0.0038440 secs] [Times: user=0.00 sys=0.00, real=0.00 secs] 
85.230: Total time for which application threads were stopped: 0.0041060 seconds, Stopping threads took: 0.0001660 seconds
85.253: Application time: 0.0225930 seconds
85.253: [GC85.253: [DefNew: 62014K->7061K(64512K), 0.0086490 secs] 180729K->127146K(207564K), 0.0086950 secs] [Times: user=0.01 sys=0.00, real=0.00 secs] 
85.262: Total time for which application threads were stopped: 0.0090180 seconds, Stopping threads took: 0.0002410 seconds
85.284: Application time: 0.0223430 seconds
85.285: [GC85.285: [DefNew: 64469K->7103K(64512K), 0.0100960 secs] 184554K->130885K(207564K), 0.0101410 secs] [Times: user=0.01 sys=0.00, real=0.01 secs] 
85.295: Total time for which application threads were stopped: 0.0103910 seconds, Stopping threads took: 0.0001480 seconds
85.317: Application time: 0.0220990 seconds
85.317: [GC85.317: [DefNew: 64511K->4800K(64512K), 0.0114950 secs] 188293K->134715K(207564K), 0.0115370 secs] [Times: user=0.01 sys=0.00, real=0.01 secs] 
85.329: Total time for which application threads were stopped: 0.0117160 seconds, Stopping threads took: 0.0000960 seconds
85.352: Application time: 0.0232890 seconds
85.352: [GC85.352: [DefNew: 62208K->7104K(64512K), 0.0119450 secs] 192123K->142354K(207564K), 0.0119900 secs] [Times: user=0.01 sys=0.00, real=0.01 secs] 
85.364: Total time for which application threads were stopped: 0.0122550 seconds, Stopping threads took: 0.0001820 seconds
85.388: Application time: 0.0237240 seconds
85.388: [GC85.388: [DefNew: 64512K->4672K(64512K), 0.0131380 secs] 199762K->146023K(207564K), 0.0131820 secs] [Times: user=0.02 sys=0.00, real=0.01 secs] 
85.401: Total time for which application threads were stopped: 0.0134780 seconds, Stopping threads took: 0.0001920 seconds
85.426: Application time: 0.0245470 seconds
85.426: [GC85.426: [DefNew: 62080K->7104K(64512K), 0.0178570 secs]85.444: [Tenured: 150048K->73177K(150156K), 0.1190650 secs] 203431K->73177K(214668K), [Perm : 8838K->8838K(21248K)], 0.1372490 secs] [Times: user=0.14 sys=0.00, real=0.13 secs] 
85.563: Total time for which application threads were stopped: 0.1375220 seconds, Stopping threads took: 0.0001940 seconds
85.589: Application time: 0.0251380 seconds
85.589: [GC85.589: [DefNew: 57408K->7103K(64512K), 0.0145020 secs] 130585K->83458K(207564K), 0.0145460 secs] [Times: user=0.01 sys=0.00, real=0.01 secs] 
85.603: Total time for which application threads were stopped: 0.0147740 seconds, Stopping threads took: 0.0001340 seconds
85.629: Application time: 0.0255090 seconds
85.629: [GC85.629: [DefNew: 64511K->7104K(64512K), 0.0156050 secs] 140866K->90493K(207564K), 0.0156500 secs] [Times: user=0.01 sys=0.00, real=0.02 secs] 
85.645: Total time for which application threads were stopped: 0.0160040 seconds, Stopping threads took: 0.0002490 seconds
85.670: Application time: 0.0249860 seconds
85.670: [GC85.670: [DefNew: 64512K->3721K(64512K), 0.0067500 secs] 147901K->89737K(207564K), 0.0067930 secs] [Times: user=0.01 sys=0.00, real=0.01 secs] 
85.677: Total time for which application threads were stopped: 0.0070380 seconds, Stopping threads took: 0.0001500 seconds
85.701: Application time: 0.0242180 seconds
85.703: [GC85.703: [DefNew: 61129K->7103K(64512K), 0.0142940 secs] 147145K->99323K(207564K), 0.0143350 secs] [Times: user=0.01 sys=0.00, real=0.02 secs] 
85.717: Total time for which application threads were stopped: 0.0162030 seconds, Stopping threads took: 0.0017830 seconds
85.744: Application time: 0.0263050 seconds
85.744: [GC85.744: [DefNew: 64511K->7104K(64512K), 0.0215800 secs] 156731K->112148K(207564K), 0.0216230 secs] [Times: user=0.02 sys=0.00, real=0.03 secs] 
85.766: Total time for which application threads were stopped: 0.0219100 seconds, Stopping threads took: 0.0002050 seconds
85.792: Application time: 0.0267460 seconds
85.793: [GC85.793: [DefNew: 64512K->5258K(64512K), 0.0141810 secs] 169556K->116641K(207564K), 0.0142280 secs] [Times: user=0.01 sys=0.00, real=0.01 secs] 
85.807: Total time for which application threads were stopped: 0.0144600 seconds, Stopping threads took: 0.0001470 seconds
85.832: Application time: 0.0252630 seconds
85.832: [GC85.832: [DefNew: 62666K->3381K(64512K), 0.0068350 secs] 174049K->118813K(207564K), 0.0068770 secs] [Times: user=0.01 sys=0.00, real=0.01 secs] 
85.839: Total time for which application threads were stopped: 0.0070430 seconds, Stopping threads took: 0.0000790 seconds
85.862: Application time: 0.0228270 seconds
85.862: [GC85.862: [DefNew: 60789K->7103K(64512K), 0.0077820 secs] 176221K->122744K(207564K), 0.0078250 secs] [Times: user=0.01 sys=0.00, real=0.01 secs] 
85.870: Total time for which application threads were stopped: 0.0080590 seconds, Stopping threads took: 0.0001460 seconds
85.893: Application time: 0.0225880 seconds
85.893: [GC85.893: [DefNew: 64511K->5416K(64512K), 0.0131980 secs] 180152K->127188K(207564K), 0.0132410 secs] [Times: user=0.01 sys=0.00, real=0.01 secs] 
85.906: Total time for which application threads were stopped: 0.0134030 seconds, Stopping threads took: 0.0000730 seconds
85.928: Application time: 0.0218480 seconds
85.928: [GC85.928: [DefNew: 62824K->5789K(64512K), 0.0088960 secs] 184596K->131036K(207564K), 0.0089430 secs] [Times: user=0.01 sys=0.00, real=0.01 secs] 
85.937: Total time for which application threads were stopped: 0.0091510 seconds, Stopping threads took: 0.0001220 seconds
85.959: Application time: 0.0219080 seconds
85.959: [GC85.959: [DefNew: 63197K->4990K(64512K), 0.0086650 secs] 188444K->135038K(207564K), 0.0087080 secs] [Times: user=0.01 sys=0.00, real=0.01 secs] 
85.968: Total time for which application threads were stopped: 0.0088940 seconds, Stopping threads took: 0.0000990 seconds
85.991: Application time: 0.0228550 seconds
85.991: [GC85.991: [DefNew: 62398K->7103K(64512K), 0.0121730 secs] 192446K->141951K(207564K), 0.0122180 secs] [Times: user=0.01 sys=0.00, real=0.01 secs] 
86.003: Total time for which application threads were stopped: 0.0124010 seconds, Stopping threads took: 0.0000980 seconds
86.027: Application time: 0.0235620 seconds
86.027: [GC86.027: [DefNew: 64511K->5308K(64512K), 0.0110800 secs] 199359K->146207K(207564K), 0.0111240 secs] [Times: user=0.01 sys=0.00, real=0.01 secs] 
86.038: Total time for which application threads were stopped: 0.0114580 seconds, Stopping threads took: 0.0002380 seconds
86.063: Application time: 0.0253480 seconds
86.064: [GC86.064: [DefNew: 62716K->7103K(64512K), 0.0245900 secs]86.088: [Tenured: 151694K->81023K(151884K), 0.1238630 secs] 203615K->81023K(216396K), [Perm : 8838K->8838K(21248K)], 0.1488400 secs] [Times: user=0.15 sys=0.01, real=0.16 secs] 
86.213: Total time for which application threads were stopped: 0.1491540 seconds, Stopping threads took: 0.0002120 seconds
86.239: Application time: 0.0265520 seconds
86.239: [GC86.239: [DefNew: 57408K->7103K(64512K), 0.0130100 secs] 138431K->90882K(207564K), 0.0130560 secs] [Times: user=0.01 sys=0.00, real=0.01 secs] 
86.252: Total time for which application threads were stopped: 0.0132370 seconds, Stopping threads took: 0.0000820 seconds
86.277: Application time: 0.0250920 seconds
86.278: [GC86.278: [DefNew: 64511K->5711K(64512K), 0.0142080 secs] 148290K->95678K(207564K), 0.0142620 secs] [Times: user=0.01 sys=0.00, real=0.01 secs] 
86.292: Total time for which application threads were stopped: 0.0145970 seconds, Stopping threads took: 0.0002480 seconds
86.317: Application time: 0.0246200 seconds
86.317: [GC86.317: [DefNew: 63119K->5343K(64512K), 0.0082400 secs] 153086K->97908K(207564K), 0.0082840 secs] [Times: user=0.01 sys=0.00, real=0.01 secs] 
86.325: Total time for which application threads were stopped: 0.0085660 seconds, Stopping threads took: 0.0001780 seconds
86.350: Application time: 0.0244180 seconds
86.350: [GC86.350: [DefNew: 62751K->7104K(64512K), 0.0150730 secs] 155316K->107770K(207564K), 0.0151180 secs] [Times: user=0.02 sys=0.00, real=0.02 secs] 
86.365: Total time for which application threads were stopped: 0.0153930 seconds, Stopping threads took: 0.0001890 seconds
86.391: Application time: 0.0262500 seconds
86.392: [GC86.392: [DefNew: 64512K->7104K(64512K), 0.0190270 secs] 165178K->117463K(207564K), 0.0190720 secs] [Times: user=0.02 sys=0.00, real=0.02 secs] 
86.411: Total time for which application threads were stopped: 0.0193540 seconds, Stopping threads took: 0.0001770 seconds
86.437: Application time: 0.0268450 seconds
86.438: [GC86.438: [DefNew: 64512K->4797K(64512K), 0.0163890 secs] 174871K->121482K(207564K), 0.0164320 secs] [Times: user=0.01 sys=0.00, real=0.02 secs] 
86.454: Total time for which application threads were stopped: 0.0168000 seconds, Stopping threads took: 0.0002640 seconds
86.479: Application time: 0.0249620 seconds
86.479: [GC86.480: [DefNew: 62205K->3918K(64512K), 0.0066290 secs] 178890K->124005K(207564K), 0.0066730 secs] [Times: user=0.01 sys=0.00, real=0.01 secs] 
86.486: Total time for which application threads were stopped: 0.0069260 seconds, Stopping threads took: 0.0001560 seconds
86.509: Application time: 0.0228940 seconds
86.509: [GC86.509: [DefNew: 61326K->4436K(64512K), 0.0064240 secs] 181413K->125685K(207564K), 0.0064630 secs] [Times: user=0.01 sys=0.00, real=0.01 secs] 
86.516: Total time for which application threads were stopped: 0.0067110 seconds, Stopping threads took: 0.0001450 seconds
86.538: Application time: 0.0226600 seconds
86.539: [GC86.539: [DefNew: 61844K->5644K(64512K), 0.0085120 secs] 183093K->128961K(207564K), 0.0085560 secs] [Times: user=0.01 sys=0.00, real=0.01 secs] 
86.547: Total time for which application threads were stopped: 0.0088770 seconds, Stopping threads took: 0.0002160 seconds
86.569: Application time: 0.0220600 seconds
86.573: [GC86.573: [DefNew: 63052K->6348K(64512K), 0.0096990 secs] 186369K->132774K(207564K), 0.0097450 secs] [Times: user=0.01 sys=0.00, real=0.00 secs] 
86.583: Total time for which application threads were stopped: 0.0131300 seconds, Stopping threads took: 0.0032990 seconds
86.605: Application time: 0.0223670 seconds
86.605: [GC86.605: [DefNew: 63756K->6428K(64512K), 0.0104040 secs] 190182K->138299K(207564K), 0.0104480 secs] [Times: user=0.02 sys=0.00, real=0.01 secs] 
86.616: Total time for which application threads were stopped: 0.0108110 seconds, Stopping threads took: 0.0002570 seconds
86.639: Application time: 0.0231610 seconds
86.639: [GC86.639: [DefNew: 63836K->6692K(64512K), 0.0116190 secs] 195707K->143897K(207564K), 0.0116650 secs] [Times: user=0.01 sys=0.00, real=0.01 secs] 
86.651: Total time for which application threads were stopped: 0.0118510 seconds, Stopping threads took: 0.0000770 seconds
86.674: Application time: 0.0236410 seconds
86.675: [GC86.675: [DefNew: 64100K->5719K(64512K), 0.0107360 secs] 201305K->148731K(207564K), 0.0107780 secs] [Times: user=0.01 sys=0.00, real=0.01 secs] 
86.685: Total time for which application threads were stopped: 0.0110080 seconds, Stopping threads took: 0.0001430 seconds
86.711: Application time: 0.0258830 seconds
86.711: [GC86.711: [DefNew: 63127K->7103K(64512K), 0.0223040 secs]86.734: [Tenured: 153231K->81343K(153420K), 0.1204600 secs] 206139K->81343K(217932K), [Perm : 8838K->8838K(21248K)], 0.1431260 secs] [Times: user=0.14 sys=0.00, real=0.15 secs] 
86.855: Total time for which application threads were stopped: 0.1433480 seconds, Stopping threads took: 0.0001200 seconds
86.880: Application time: 0.0258680 seconds
86.881: [GC86.881: [DefNew: 57408K->7104K(64512K), 0.0124700 secs] 138751K->90670K(207564K), 0.0125170 secs] [Times: user=0.01 sys=0.00, real=0.02 secs] 
86.893: Total time for which application threads were stopped: 0.0127310 seconds, Stopping threads took: 0.0000940 seconds
86.918: Application time: 0.0246460 seconds
86.918: [GC86.918: [DefNew: 64512K->5862K(64512K), 0.0156780 secs] 148078K->95770K(207564K), 0.0157230 secs] [Times: user=0.02 sys=0.00, real=0.02 secs] 
86.934: Total time for which application threads were stopped: 0.0159740 seconds, Stopping threads took: 0.0001660 seconds
86.958: Application time: 0.0245030 seconds
86.959: [GC86.959: [DefNew: 63270K->6345K(64512K), 0.0086960 secs] 153178K->98850K(207564K), 0.0087400 secs] [Times: user=0.01 sys=0.00, real=0.01 secs] 
86.967: Total time for which application threads were stopped: 0.0089980 seconds, Stopping threads took: 0.0001520 seconds
86.992: Application time: 0.0249440 seconds
86.993: [GC86.993: [DefNew: 63753K->7104K(64512K), 0.0216910 secs] 156258K->110098K(207564K), 0.0217350 secs] [Times: user=0.02 sys=0.00, real=0.02 secs] 
87.014: Total time for which application threads were stopped: 0.0219640 seconds, Stopping threads took: 0.0001410 seconds
87.041: Application time: 0.0271080 seconds
87.042: [GC87.042: [DefNew: 64512K->7103K(64512K), 0.0212090 secs] 167506K->118416K(207564K), 0.0212510 secs] [Times: user=0.02 sys=0.00, real=0.02 secs] 
87.063: Total time for which application threads were stopped: 0.0215060 seconds, Stopping threads took: 0.0001520 seconds
87.089: Application time: 0.0264520 seconds
87.093: [GC87.093: [DefNew: 64511K->4934K(64512K), 0.0128560 secs] 175824K->122456K(207564K), 0.0128990 secs] [Times: user=0.02 sys=0.00, real=0.01 secs] 
87.106: Total time for which application threads were stopped: 0.0163340 seconds, Stopping threads took: 0.0033490 seconds
87.130: Application time: 0.0245410 seconds
87.130: [GC87.130: [DefNew: 62342K->5012K(64512K), 0.0073230 secs] 179864K->125083K(207564K), 0.0073660 secs] [Times: user=0.01 sys=0.00, real=0.01 secs] 
87.138: Total time for which application threads were stopped: 0.0076180 seconds, Stopping threads took: 0.0001550 seconds
87.161: Application time: 0.0231730 seconds
87.161: [GC87.161: [DefNew: 62420K->4412K(64512K), 0.0069270 secs] 182491K->126419K(207564K), 0.0069730 secs] [Times: user=0.01 sys=0.00, real=0.01 secs] 
87.168: Total time for which application threads were stopped: 0.0072870 seconds, Stopping threads took: 0.0002070 seconds
87.191: Application time: 0.0223940 seconds
87.191: [GC87.191: [DefNew: 61820K->3936K(64512K), 0.0076980 secs] 183827K->128539K(207564K), 0.0077410 secs] [Times: user=0.01 sys=0.00, real=0.01 secs] 
87.199: Total time for which application threads were stopped: 0.0080610 seconds, Stopping threads took: 0.0002150 seconds
87.221: Application time: 0.0221650 seconds
87.221: [GC87.221: [DefNew: 61344K->6754K(64512K), 0.0090540 secs] 185947K->133204K(207564K), 0.0090980 secs] [Times: user=0.01 sys=0.00, real=0.01 secs] 
87.230: Total time for which application threads were stopped: 0.0094640 seconds, Stopping threads took: 0.0002580 seconds
87.252: Application time: 0.0220860 seconds
87.253: [GC87.253: [DefNew: 64162K->5780K(64512K), 0.0104370 secs] 190612K->138160K(207564K), 0.0104810 secs] [Times: user=0.02 sys=0.00, real=0.00 secs] 
87.263: Total time for which application threads were stopped: 0.0107920 seconds, Stopping threads took: 0.0002080 seconds
87.286: Application time: 0.0224060 seconds
87.286: [GC87.286: [DefNew: 63188K->7104K(64512K), 0.0113980 secs] 195568K->144582K(207564K), 0.0114430 secs] [Times: user=0.02 sys=0.00, real=0.01 secs] 
87.298: Total time for which application threads were stopped: 0.0118440 seconds, Stopping threads took: 0.0002950 seconds
87.321: Application time: 0.0236320 seconds
87.321: [GC87.321: [DefNew: 64512K->7104K(64512K), 0.0148400 secs]87.336: [Tenured: 143382K->86094K(143436K), 0.1275970 secs] 201990K->86094K(207948K), [Perm : 8838K->8838K(21248K)], 0.1425340 secs] [Times: user=0.14 sys=0.00, real=0.14 secs] 
87.464: Total time for which application threads were stopped: 0.1427340 seconds, Stopping threads took: 0.0001160 seconds
87.489: Application time: 0.0251420 seconds
87.489: [GC87.489: [DefNew: 57472K->7168K(64640K), 0.0154090 secs] 143566K->97293K(208076K), 0.0154550 secs] [Times: user=0.01 sys=0.00, real=0.02 secs] 
87.505: Total time for which application threads were stopped: 0.0156840 seconds, Stopping threads took: 0.0001300 seconds
87.531: Application time: 0.0261180 seconds
87.531: [GC87.531: [DefNew: 64640K->7168K(64640K), 0.0167970 secs] 154765K->103905K(208076K), 0.0168440 secs] [Times: user=0.02 sys=0.00, real=0.02 secs] 
87.548: Total time for which application threads were stopped: 0.0170470 seconds, Stopping threads took: 0.0001150 seconds
87.573: Application time: 0.0249900 seconds
87.573: [GC87.573: [DefNew: 64640K->5832K(64640K), 0.0103970 secs] 161377K->107569K(208076K), 0.0104420 secs] [Times: user=0.01 sys=0.00, real=0.00 secs] 
87.584: Total time for which application threads were stopped: 0.0107170 seconds, Stopping threads took: 0.0001890 seconds
87.608: Application time: 0.0243420 seconds
87.608: [GC87.608: [DefNew: 63304K->7167K(64640K), 0.0120980 secs] 165041K->113423K(208076K), 0.0121420 secs] [Times: user=0.01 sys=0.00, real=0.01 secs] 
87.620: Total time for which application threads were stopped: 0.0123550 seconds, Stopping threads took: 0.0001240 seconds
87.646: Application time: 0.0257100 seconds
87.646: [GC87.646: [DefNew: 64639K->7168K(64640K), 0.0256300 secs] 170895K->125882K(208076K), 0.0256750 secs] [Times: user=0.03 sys=0.00, real=0.02 secs] 
87.672: Total time for which application threads were stopped: 0.0258970 seconds, Stopping threads took: 0.0001350 seconds
87.700: Application time: 0.0276940 seconds
87.700: [GC87.700: [DefNew: 64640K->7167K(64640K), 0.0159240 secs] 183354K->133040K(208076K), 0.0159660 secs] [Times: user=0.02 sys=0.00, real=0.02 secs] 
87.716: Total time for which application threads were stopped: 0.0162250 seconds, Stopping threads took: 0.0001670 seconds
87.742: Application time: 0.0263010 seconds
87.742: [GC87.742: [DefNew: 64639K->2931K(64640K), 0.0103050 secs] 190512K->135338K(208076K), 0.0103480 secs] [Times: user=0.01 sys=0.00, real=0.02 secs] 
87.753: Total time for which application threads were stopped: 0.0106400 seconds, Stopping threads took: 0.0001850 seconds
87.777: Application time: 0.0240710 seconds
87.781: [GC87.781: [DefNew: 60403K->7167K(64640K), 0.0075480 secs] 192810K->140090K(208076K), 0.0075940 secs] [Times: user=0.01 sys=0.00, real=0.01 secs] 
87.788: Total time for which application threads were stopped: 0.0114710 seconds, Stopping threads took: 0.0037800 seconds
87.811: Application time: 0.0229030 seconds
87.811: [GC87.811: [DefNew: 64639K->5843K(64640K), 0.0093020 secs] 197562K->141452K(208076K), 0.0093440 secs] [Times: user=0.01 sys=0.00, real=0.01 secs] 
87.821: Total time for which application threads were stopped: 0.0095770 seconds, Stopping threads took: 0.0001460 seconds
87.843: Application time: 0.0221950 seconds
87.843: [GC87.843: [DefNew: 63315K->3080K(64640K), 0.0068810 secs] 198924K->142980K(208076K), 0.0069260 secs] [Times: user=0.00 sys=0.00, real=0.01 secs] 
87.850: Total time for which application threads were stopped: 0.0073380 seconds, Stopping threads took: 0.0003060 seconds
87.872: Application time: 0.0217120 seconds
87.872: [GC87.872: [DefNew: 60552K->6052K(64640K), 0.0053060 secs] 200452K->145952K(208076K), 0.0053500 secs] [Times: user=0.00 sys=0.00, real=0.00 secs] 
87.878: Total time for which application threads were stopped: 0.0057560 seconds, Stopping threads took: 0.0002920 seconds
87.899: Application time: 0.0214800 seconds
87.899: [GC87.899: [DefNew: 63524K->6833K(64640K), 0.0115580 secs]87.911: [Tenured: 144756K->74638K(144780K), 0.1139830 secs] 203424K->74638K(209420K), [Perm : 8838K->8838K(21248K)], 0.1256760 secs] [Times: user=0.13 sys=0.00, real=0.13 secs] 
88.025: Total time for which application threads were stopped: 0.1258290 seconds, Stopping threads took: 0.0000690 seconds
88.048: Application time: 0.0228100 seconds
88.048: [GC88.048: [DefNew: 57472K->7102K(64640K), 0.0079400 secs] 132110K->81740K(208076K), 0.0079860 secs] [Times: user=0.01 sys=0.00, real=0.01 secs] 
88.056: Total time for which application threads were stopped: 0.0082820 seconds, Stopping threads took: 0.0001790 seconds
88.080: Application time: 0.0238470 seconds
88.080: [GC88.080: [DefNew: 64574K->7168K(64640K), 0.0136810 secs] 139212K->89788K(208076K), 0.0137250 secs] [Times: user=0.01 sys=0.00, real=0.02 secs] 
88.094: Total time for which application threads were stopped: 0.0138950 seconds, Stopping threads took: 0.0000870 seconds
88.120: Application time: 0.0257770 seconds
88.120: [GC88.120: [DefNew: 64640K->7168K(64640K), 0.0209830 secs] 147260K->99958K(208076K), 0.0210260 secs] [Times: user=0.02 sys=0.00, real=0.02 secs] 
88.141: Total time for which application threads were stopped: 0.0212290 seconds, Stopping threads took: 0.0001190 seconds
88.167: Application time: 0.0264870 seconds
88.168: [GC88.168: [DefNew: 64640K->7168K(64640K), 0.0176010 secs] 157430K->107386K(208076K), 0.0176470 secs] [Times: user=0.02 sys=0.00, real=0.02 secs] 
88.185: Total time for which application threads were stopped: 0.0178870 seconds, Stopping threads took: 0.0001510 seconds
88.210: Application time: 0.0249020 seconds
88.210: [GC88.210: [DefNew: 64640K->6006K(64640K), 0.0123810 secs] 164858K->112147K(208076K), 0.0124280 secs] [Times: user=0.02 sys=0.00, real=0.01 secs] 
88.223: Total time for which application threads were stopped: 0.0125910 seconds, Stopping threads took: 0.0000720 seconds
88.248: Application time: 0.0252160 seconds
88.248: [GC88.248: [DefNew: 63478K->7168K(64640K), 0.0191790 secs] 169619K->122647K(208076K), 0.0192240 secs] [Times: user=0.02 sys=0.00, real=0.02 secs] 
88.268: Total time for which application threads were stopped: 0.0194080 seconds, Stopping threads took: 0.0000960 seconds
88.294: Application time: 0.0267750 seconds
88.295: [GC88.295: [DefNew: 64640K->7168K(64640K), 0.0220230 secs] 180119K->131903K(208076K), 0.0220670 secs] [Times: user=0.02 sys=0.00, real=0.02 secs] 
88.317: Total time for which application threads were stopped: 0.0223060 seconds, Stopping threads took: 0.0001540 seconds
88.345: Application time: 0.0279410 seconds
88.345: [GC88.345: [DefNew: 64640K->6711K(64640K), 0.0165600 secs] 189375K->138098K(208076K), 0.0166030 secs] [Times: user=0.01 sys=0.00, real=0.01 secs] 
88.361: Total time for which application threads were stopped: 0.0168980 seconds, Stopping threads took: 0.0001880 seconds
88.387: Application time: 0.0259490 seconds
88.388: [GC88.388: [DefNew: 64183K->2811K(64640K), 0.0089260 secs] 195570K->139529K(208076K), 0.0089660 secs] [Times: user=0.01 sys=0.00, real=0.01 secs] 
88.397: Total time for which application threads were stopped: 0.0093590 seconds, Stopping threads took: 0.0003080 seconds
88.420: Application time: 0.0236060 seconds
88.421: [GC88.421: [DefNew: 60283K->6530K(64640K), 0.0061070 secs] 197001K->143248K(208076K), 0.0061510 secs] [Times: user=0.01 sys=0.00, real=0.01 secs] 
88.427: Total time for which application threads were stopped: 0.0063520 seconds, Stopping threads took: 0.0001140 seconds
88.450: Application time: 0.0230070 seconds
88.450: [GC88.450: [DefNew: 64002K->6379K(64640K), 0.0118300 secs] 200720K->145796K(208076K), 0.0118800 secs] [Times: user=0.02 sys=0.00, real=0.01 secs] 
88.462: Total time for which application threads were stopped: 0.0121190 seconds, Stopping threads took: 0.0001480 seconds
88.483: Application time: 0.0216320 seconds
88.484: [GC88.484: [DefNew: 63851K->2121K(64640K), 0.0059300 secs]88.490: [Tenured: 143708K->80288K(143820K), 0.1185590 secs] 203268K->80288K(208460K), [Perm : 8838K->8838K(21248K)], 0.1245770 secs] [Times: user=0.12 sys=0.00, real=0.13 secs] 
88.608: Total time for which application threads were stopped: 0.1248250 seconds, Stopping threads took: 0.0001580 seconds
88.629: Application time: 0.0211750 seconds
88.630: [GC88.630: [DefNew: 57472K->4391K(64640K), 0.0037120 secs] 137760K->84680K(208076K), 0.0037520 secs] [Times: user=0.01 sys=0.00, real=0.01 secs] 
88.633: Total time for which application threads were stopped: 0.0039850 seconds, Stopping threads took: 0.0001370 seconds
88.655: Application time: 0.0210630 seconds
88.655: [GC88.655: [DefNew: 61863K->6617K(64640K), 0.0088600 secs] 142152K->90297K(208076K), 0.0089040 secs] [Times: user=0.01 sys=0.00, real=0.00 secs] 
88.664: Total time for which application threads were stopped: 0.0090460 seconds, Stopping threads took: 0.0000510 seconds
88.686: Application time: 0.0228700 seconds
88.687: [GC88.687: [DefNew: 64089K->7168K(64640K), 0.0135960 secs] 147769K->96893K(208076K), 0.0136400 secs] [Times: user=0.01 sys=0.00, real=0.01 secs] 
88.700: Total time for which application threads were stopped: 0.0139960 seconds, Stopping threads took: 0.0002440 seconds
88.725: Application time: 0.0247640 seconds
88.725: [GC88.725: [DefNew: 64640K->7168K(64640K), 0.0185720 secs] 154365K->107503K(208076K), 0.0186190 secs] [Times: user=0.02 sys=0.00, real=0.01 secs] 
88.744: Total time for which application threads were stopped: 0.0188010 seconds, Stopping threads took: 0.0000980 seconds
88.771: Application time: 0.0270240 seconds
88.771: [GC88.771: [DefNew: 64640K->7168K(64640K), 0.0167400 secs] 164975K->115026K(208076K), 0.0167840 secs] [Times: user=0.02 sys=0.00, real=0.02 secs] 
88.788: Total time for which application threads were stopped: 0.0171120 seconds, Stopping threads took: 0.0002220 seconds
88.814: Application time: 0.0255510 seconds
88.814: [GC88.814: [DefNew: 64640K->7167K(64640K), 0.0130840 secs] 172498K->119047K(208076K), 0.0131300 secs] [Times: user=0.01 sys=0.00, real=0.01 secs] 
88.827: Total time for which application threads were stopped: 0.0133650 seconds, Stopping threads took: 0.0001300 seconds
88.852: Application time: 0.0245240 seconds
88.853: [GC88.853: [DefNew: 64639K->7167K(64640K), 0.0139880 secs] 176519K->123062K(208076K), 0.0140320 secs] [Times: user=0.01 sys=0.00, real=0.01 secs] 
88.867: Total time for which application threads were stopped: 0.0152310 seconds, Stopping threads took: 0.0010900 seconds
88.892: Application time: 0.0256190 seconds
88.893: [GC88.893: [DefNew: 64639K->7168K(64640K), 0.0242710 secs] 180534K->136099K(208076K), 0.0243150 secs] [Times: user=0.02 sys=0.00, real=0.02 secs] 
88.917: Total time for which application threads were stopped: 0.0246170 seconds, Stopping threads took: 0.0002180 seconds
88.944: Application time: 0.0270120 seconds
88.944: [GC88.944: [DefNew: 64640K->7168K(64640K), 0.0230290 secs] 193571K->146343K(208076K), 0.0230750 secs] [Times: user=0.02 sys=0.00, real=0.03 secs] 
88.968: Total time for which application threads were stopped: 0.0234070 seconds, Stopping threads took: 0.0002460 seconds
88.995: Application time: 0.0276670 seconds
88.995: [GC88.995: [DefNew: 64640K->5147K(64640K), 0.0145290 secs]89.010: [Tenured: 145484K->82952K(145548K), 0.1166460 secs] 203815K->82952K(210188K), [Perm : 8838K->8838K(21248K)], 0.1313230 secs] [Times: user=0.13 sys=0.00, real=0.13 secs] 
89.127: Total time for which application threads were stopped: 0.1315330 seconds, Stopping threads took: 0.0001260 seconds
89.152: Application time: 0.0253880 seconds
89.152: [GC89.152: [DefNew: 57472K->3320K(64640K), 0.0034990 secs] 140424K->86272K(208076K), 0.0035360 secs] [Times: user=0.00 sys=0.00, real=0.01 secs] 
89.156: Total time for which application threads were stopped: 0.0038540 seconds, Stopping threads took: 0.0002230 seconds
89.179: Application time: 0.0232400 seconds
89.179: [GC89.179: [DefNew: 60792K->7168K(64640K), 0.0084650 secs] 143744K->90345K(208076K), 0.0085120 secs] [Times: user=0.00 sys=0.00, real=0.01 secs] 
89.188: Total time for which application threads were stopped: 0.0087440 seconds, Stopping threads took: 0.0001440 seconds
89.210: Application time: 0.0225100 seconds
89.211: [GC89.211: [DefNew: 64640K->7090K(64640K), 0.0133130 secs] 147817K->97219K(208076K), 0.0133680 secs] [Times: user=0.02 sys=0.00, real=0.01 secs] 
89.224: Total time for which application threads were stopped: 0.0136120 seconds, Stopping threads took: 0.0001520 seconds
89.245: Application time: 0.0212770 seconds
89.246: [GC89.246: [DefNew: 64562K->2262K(64640K), 0.0064080 secs] 154691K->96262K(208076K), 0.0064510 secs] [Times: user=0.00 sys=0.00, real=0.00 secs] 
89.252: Total time for which application threads were stopped: 0.0066420 seconds, Stopping threads took: 0.0001050 seconds
89.273: Application time: 0.0214780 seconds
89.274: [GC89.274: [DefNew: 59734K->6348K(64640K), 0.0055720 secs] 153734K->100348K(208076K), 0.0056100 secs] [Times: user=0.00 sys=0.00, real=0.00 secs] 
89.279: Total time for which application threads were stopped: 0.0058090 seconds, Stopping threads took: 0.0001150 seconds
89.300: Application time: 0.0206730 seconds
89.300: [GC89.300: [DefNew: 63820K->6201K(64640K), 0.0109890 secs] 157820K->105406K(208076K), 0.0110310 secs] [Times: user=0.01 sys=0.00, real=0.01 secs] 
89.311: Total time for which application threads were stopped: 0.0112030 seconds, Stopping threads took: 0.0000850 seconds
89.335: Application time: 0.0234000 seconds
89.335: [GC89.335: [DefNew: 63673K->7168K(64640K), 0.0171190 secs] 162878K->115061K(208076K), 0.0171640 secs] [Times: user=0.02 sys=0.00, real=0.01 secs] 
89.352: Total time for which application threads were stopped: 0.0174670 seconds, Stopping threads took: 0.0002160 seconds
89.378: Application time: 0.0255540 seconds
89.378: [GC89.378: [DefNew: 64640K->7168K(64640K), 0.0187650 secs] 172533K->124707K(208076K), 0.0188080 secs] [Times: user=0.01 sys=0.00, real=0.02 secs] 
89.397: Total time for which application threads were stopped: 0.0191030 seconds, Stopping threads took: 0.0001900 seconds
89.423: Application time: 0.0258360 seconds
89.423: [GC89.423: [DefNew: 64640K->6890K(64640K), 0.0172680 secs] 182179K->130869K(208076K), 0.0173130 secs] [Times: user=0.02 sys=0.00, real=0.02 secs] 
89.440: Total time for which application threads were stopped: 0.0175200 seconds, Stopping threads took: 0.0001020 seconds
89.465: Application time: 0.0252930 seconds
89.466: [GC89.466: [DefNew: 64362K->7167K(64640K), 0.0137040 secs] 188341K->137049K(208076K), 0.0137520 secs] [Times: user=0.01 sys=0.00, real=0.01 secs] 
89.479: Total time for which application threads were stopped: 0.0139740 seconds, Stopping threads took: 0.0001360 seconds
89.504: Application time: 0.0247170 seconds
89.504: [GC89.504: [DefNew: 64639K->6733K(64640K), 0.0137590 secs] 194521K->141604K(208076K), 0.0138010 secs] [Times: user=0.02 sys=0.00, real=0.02 secs] 
89.518: Total time for which application threads were stopped: 0.0139790 seconds, Stopping threads took: 0.0000720 seconds
89.544: Application time: 0.0261580 seconds
89.544: [GC89.545: [DefNew: 64205K->7168K(64640K), 0.0237960 secs]89.568: [Tenured: 145710K->80245K(145740K), 0.1141340 secs] 199076K->80245K(210380K), [Perm : 8838K->8838K(21248K)], 0.1380920 secs] [Times: user=0.13 sys=0.00, real=0.13 secs] 
89.683: Total time for which application threads were stopped: 0.1383950 seconds, Stopping threads took: 0.0001930 seconds
89.710: Application time: 0.0277480 seconds
89.711: [GC89.711: [DefNew: 57389K->7168K(64640K), 0.0122430 secs] 137634K->90612K(208076K), 0.0122860 secs] [Times: user=0.01 sys=0.00, real=0.01 secs] 
89.723: Total time for which application threads were stopped: 0.0127230 seconds, Stopping threads took: 0.0003210 seconds
89.750: Application time: 0.0272820 seconds
89.751: [GC89.751: [DefNew: 64640K->5241K(64640K), 0.0153170 secs] 148084K->94884K(208076K), 0.0153580 secs] [Times: user=0.01 sys=0.00, real=0.02 secs] 
89.766: Total time for which application threads were stopped: 0.0156240 seconds, Stopping threads took: 0.0001600 seconds
89.791: Application time: 0.0252340 seconds
89.791: [GC89.791: [DefNew: 62713K->4657K(64640K), 0.0085340 secs] 152356K->97197K(208076K), 0.0085800 secs] [Times: user=0.01 sys=0.00, real=0.01 secs] 
89.800: Total time for which application threads were stopped: 0.0088340 seconds, Stopping threads took: 0.0001540 seconds
89.824: Application time: 0.0234580 seconds
89.824: [GC89.824: [DefNew: 62129K->4391K(64640K), 0.0064280 secs] 154669K->98847K(208076K), 0.0064690 secs] [Times: user=0.00 sys=0.00, real=0.01 secs] 
89.830: Total time for which application threads were stopped: 0.0066630 seconds, Stopping threads took: 0.0001070 seconds
89.852: Application time: 0.0219340 seconds
89.852: [GC89.852: [DefNew: 61863K->3853K(64640K), 0.0069190 secs] 156319K->100848K(208076K), 0.0069640 secs] [Times: user=0.00 sys=0.00, real=0.01 secs] 
89.859: Total time for which application threads were stopped: 0.0071880 seconds, Stopping threads took: 0.0001180 seconds
89.881: Application time: 0.0216090 seconds
89.881: [GC89.881: [DefNew: 61325K->2485K(64640K), 0.0040350 secs] 158320K->101260K(208076K), 0.0040740 secs] [Times: user=0.00 sys=0.00, real=0.01 secs] 
89.885: Total time for which application threads were stopped: 0.0042850 seconds, Stopping threads took: 0.0001260 seconds
89.906: Application time: 0.0212660 seconds
89.907: [GC89.907: [DefNew: 59957K->7014K(64640K), 0.0069910 secs] 158732K->105790K(208076K), 0.0070350 secs] [Times: user=0.01 sys=0.00, real=0.01 secs] 
89.914: Total time for which application threads were stopped: 0.0072450 seconds, Stopping threads took: 0.0001220 seconds
89.935: Application time: 0.0212280 seconds
89.935: [GC89.935: [DefNew: 64486K->5715K(64640K), 0.0104700 secs] 163262K->110635K(208076K), 0.0105160 secs] [Times: user=0.01 sys=0.00, real=0.01 secs] 
89.946: Total time for which application threads were stopped: 0.0106650 seconds, Stopping threads took: 0.0000620 seconds
89.969: Application time: 0.0232880 seconds
89.969: [GC89.969: [DefNew: 63187K->7167K(64640K), 0.0185140 secs] 168107K->122025K(208076K), 0.0185610 secs] [Times: user=0.01 sys=0.00, real=0.02 secs] 
89.988: Total time for which application threads were stopped: 0.0189040 seconds, Stopping threads took: 0.0002370 seconds
90.013: Application time: 0.0254520 seconds
90.013: [GC90.013: [DefNew: 64639K->7168K(64640K), 0.0158230 secs] 179497K->130081K(208076K), 0.0158660 secs] [Times: user=0.01 sys=0.00, real=0.01 secs] 
90.029: Total time for which application threads were stopped: 0.0160490 seconds, Stopping threads took: 0.0000970 seconds
90.056: Application time: 0.0261900 seconds
90.056: [GC90.056: [DefNew: 64640K->7167K(64640K), 0.0178330 secs] 187553K->137345K(208076K), 0.0178790 secs] [Times: user=0.02 sys=0.00, real=0.02 secs] 
90.074: Total time for which application threads were stopped: 0.0180820 seconds, Stopping threads took: 0.0001170 seconds
90.099: Application time: 0.0250100 seconds
90.099: [GC90.099: [DefNew: 64639K->6653K(64640K), 0.0091570 secs] 194817K->139112K(208076K), 0.0092030 secs] [Times: user=0.01 sys=0.00, real=0.01 secs] 
90.108: Total time for which application threads were stopped: 0.0094490 seconds, Stopping threads took: 0.0001490 seconds
90.133: Application time: 0.0249000 seconds
90.137: [GC90.137: [DefNew: 64125K->7168K(64640K), 0.0147430 secs] 196584K->146574K(208076K), 0.0147880 secs] [Times: user=0.01 sys=0.00, real=0.01 secs] 
90.152: Total time for which application threads were stopped: 0.0185770 seconds, Stopping threads took: 0.0036830 seconds
90.178: Application time: 0.0265060 seconds
90.178: [GC90.178: [DefNew: 64640K->7168K(64640K), 0.0313400 secs]90.210: [Tenured: 152523K->75279K(152652K), 0.1230970 secs] 204046K->75279K(217292K), [Perm : 8838K->8838K(21248K)], 0.1548220 secs] [Times: user=0.16 sys=0.00, real=0.16 secs] 
90.333: Total time for which application threads were stopped: 0.1550470 seconds, Stopping threads took: 0.0001420 seconds
90.361: Application time: 0.0283040 seconds
90.362: [GC90.362: [DefNew: 57472K->7168K(64640K), 0.0106380 secs] 132751K->84747K(208076K), 0.0106820 secs] [Times: user=0.01 sys=0.00, real=0.01 secs] 
90.372: Total time for which application threads were stopped: 0.0108660 seconds, Stopping threads took: 0.0000870 seconds
90.399: Application time: 0.0266580 seconds
90.399: [GC90.399: [DefNew: 64640K->3885K(64640K), 0.0143820 secs] 142219K->88180K(208076K), 0.0144340 secs] [Times: user=0.01 sys=0.00, real=0.02 secs] 
90.414: Total time for which application threads were stopped: 0.0146630 seconds, Stopping threads took: 0.0001420 seconds
90.437: Application time: 0.0238490 seconds
90.438: [GC90.438: [DefNew: 61357K->5516K(64640K), 0.0080540 secs] 145652K->91705K(208076K), 0.0080990 secs] [Times: user=0.01 sys=0.00, real=0.01 secs] 
90.446: Total time for which application threads were stopped: 0.0083190 seconds, Stopping threads took: 0.0001320 seconds
90.469: Application time: 0.0236580 seconds
90.470: [GC90.470: [DefNew: 62988K->4235K(64640K), 0.0056570 secs] 149177K->92277K(208076K), 0.0056990 secs] [Times: user=0.01 sys=0.00, real=0.01 secs] 
90.475: Total time for which application threads were stopped: 0.0058630 seconds, Stopping threads took: 0.0000780 seconds
90.497: Application time: 0.0221480 seconds
90.498: [GC90.498: [DefNew: 61707K->2896K(64640K), 0.0065320 secs] 149749K->94453K(208076K), 0.0065760 secs] [Times: user=0.01 sys=0.00, real=0.00 secs] 
90.504: Total time for which application threads were stopped: 0.0067700 seconds, Stopping threads took: 0.0001070 seconds
90.525: Application time: 0.0212250 seconds
90.526: [GC90.526: [DefNew: 60368K->5243K(64640K), 0.0046570 secs] 151925K->96800K(208076K), 0.0046980 secs] [Times: user=0.01 sys=0.00, real=0.00 secs] 
90.530: Total time for which application threads were stopped: 0.0048880 seconds, Stopping threads took: 0.0001040 seconds
90.551: Application time: 0.0208530 seconds
90.551: [GC90.551: [DefNew: 62715K->4082K(64640K), 0.0091400 secs] 154272K->99894K(208076K), 0.0091840 secs] [Times: user=0.01 sys=0.00, real=0.01 secs] 
90.561: Total time for which application threads were stopped: 0.0093890 seconds, Stopping threads took: 0.0001180 seconds
90.582: Application time: 0.0216090 seconds
90.582: [GC90.582: [DefNew: 61554K->5289K(64640K), 0.0080930 secs] 157366K->104550K(208076K), 0.0081380 secs] [Times: user=0.01 sys=0.00, real=0.01 secs] 
90.591: Total time for which application threads were stopped: 0.0083350 seconds, Stopping threads took: 0.0001100 seconds
90.614: Application time: 0.0235100 seconds
90.614: [GC90.614: [DefNew: 62761K->7167K(64640K), 0.0177720 secs] 162022K->116660K(208076K), 0.0178150 secs] [Times: user=0.01 sys=0.00, real=0.01 secs] 
90.632: Total time for which application threads were stopped: 0.0180510 seconds, Stopping threads took: 0.0001510 seconds
90.658: Application time: 0.0260400 seconds
90.658: [GC90.658: [DefNew: 64639K->7168K(64640K), 0.0177880 secs] 174132K->126392K(208076K), 0.0178290 secs] [Times: user=0.02 sys=0.00, real=0.02 secs] 
90.676: Total time for which application threads were stopped: 0.0180130 seconds, Stopping threads took: 0.0001020 seconds
90.702: Application time: 0.0260490 seconds
90.702: [GC90.702: [DefNew: 64640K->6155K(64640K), 0.0122680 secs] 183864K->130124K(208076K), 0.0123130 secs] [Times: user=0.01 sys=0.00, real=0.02 secs] 
90.715: Total time for which application threads were stopped: 0.0125280 seconds, Stopping threads took: 0.0001260 seconds
90.740: Application time: 0.0249700 seconds
90.740: [GC90.740: [DefNew: 63627K->7168K(64640K), 0.0132950 secs] 187596K->136468K(208076K), 0.0133420 secs] [Times: user=0.01 sys=0.00, real=0.02 secs] 
90.753: Total time for which application threads were stopped: 0.0135490 seconds, Stopping threads took: 0.0001190 seconds
90.779: Application time: 0.0253890 seconds
90.779: [GC90.779: [DefNew: 64640K->7168K(64640K), 0.0194510 secs] 193940K->145982K(208076K), 0.0194940 secs] [Times: user=0.02 sys=0.00, real=0.02 secs] 
90.798: Total time for which application threads were stopped: 0.0196790 seconds, Stopping threads took: 0.0001020 seconds
90.825: Application time: 0.0267760 seconds
90.825: [GC90.825: [DefNew: 64640K->7168K(64640K), 0.0208840 secs]90.846: [Tenured: 147964K->76050K(148044K), 0.1173240 secs] 203454K->76050K(212684K), [Perm : 8838K->8838K(21248K)], 0.1384270 secs] [Times: user=0.13 sys=0.00, real=0.13 secs] 
90.964: Total time for which application threads were stopped: 0.1386400 seconds, Stopping threads took: 0.0001210 seconds
90.993: Application time: 0.0287540 seconds
90.993: [GC90.993: [DefNew: 57472K->7167K(64640K), 0.0098840 secs] 133522K->84992K(208076K), 0.0099300 secs] [Times: user=0.01 sys=0.00, real=0.00 secs] 
91.003: Total time for which application threads were stopped: 0.0101970 seconds, Stopping threads took: 0.0001680 seconds
91.029: Application time: 0.0262040 seconds
91.029: [GC91.029: [DefNew: 64639K->3066K(64640K), 0.0117780 secs] 142464K->87305K(208076K), 0.0118220 secs] [Times: user=0.01 sys=0.00, real=0.01 secs] 
91.041: Total time for which application threads were stopped: 0.0120210 seconds, Stopping threads took: 0.0001110 seconds
91.065: Application time: 0.0243120 seconds
91.065: [GC91.065: [DefNew: 60538K->7167K(64640K), 0.0073280 secs] 144777K->91605K(208076K), 0.0073710 secs] [Times: user=0.00 sys=0.00, real=0.01 secs] 
91.073: Total time for which application threads were stopped: 0.0075860 seconds, Stopping threads took: 0.0001280 seconds
91.096: Application time: 0.0230520 seconds
91.096: [GC91.096: [DefNew: 64639K->6136K(64640K), 0.0120220 secs] 149077K->96864K(208076K), 0.0120670 secs] [Times: user=0.01 sys=0.00, real=0.01 secs] 
91.108: Total time for which application threads were stopped: 0.0122630 seconds, Stopping threads took: 0.0001080 seconds
91.130: Application time: 0.0217170 seconds
91.130: [GC91.130: [DefNew: 63608K->1784K(64640K), 0.0050170 secs] 154336K->96818K(208076K), 0.0050590 secs] [Times: user=0.01 sys=0.00, real=0.01 secs] 
91.135: Total time for which application threads were stopped: 0.0052820 seconds, Stopping threads took: 0.0001340 seconds
91.156: Application time: 0.0212710 seconds
91.157: [GC91.157: [DefNew: 59256K->4175K(64640K), 0.0039220 secs] 154290K->99209K(208076K), 0.0039610 secs] [Times: user=0.00 sys=0.00, real=0.00 secs] 
91.161: Total time for which application threads were stopped: 0.0041780 seconds, Stopping threads took: 0.0001330 seconds
91.181: Application time: 0.0207170 seconds
91.182: [GC91.182: [DefNew: 61647K->6391K(64640K), 0.0079320 secs] 156681K->102714K(208076K), 0.0079720 secs] [Times: user=0.01 sys=0.00, real=0.01 secs] 
91.190: Total time for which application threads were stopped: 0.0081720 seconds, Stopping threads took: 0.0001130 seconds
91.211: Application time: 0.0217210 seconds
91.211: [GC91.211: [DefNew: 63863K->7168K(64640K), 0.0127280 secs] 160186K->110134K(208076K), 0.0127690 secs] [Times: user=0.01 sys=0.00, real=0.01 secs] 
91.224: Total time for which application threads were stopped: 0.0129920 seconds, Stopping threads took: 0.0001190 seconds
91.248: Application time: 0.0239610 seconds
91.248: [GC91.248: [DefNew: 64640K->7167K(64640K), 0.0192050 secs] 167606K->120921K(208076K), 0.0192490 secs] [Times: user=0.02 sys=0.00, real=0.02 secs] 
91.268: Total time for which application threads were stopped: 0.0194660 seconds, Stopping threads took: 0.0001250 seconds
91.294: Application time: 0.0260940 seconds
91.294: [GC91.294: [DefNew: 64639K->7167K(64640K), 0.0182450 secs] 178393K->129163K(208076K), 0.0182880 secs] [Times: user=0.02 sys=0.00, real=0.01 secs] 
91.312: Total time for which application threads were stopped: 0.0184910 seconds, Stopping threads took: 0.0001170 seconds
91.338: Application time: 0.0257850 seconds
91.338: [GC91.338: [DefNew: 64639K->6235K(64640K), 0.0115310 secs] 186635K->133936K(208076K), 0.0115730 secs] [Times: user=0.01 sys=0.00, real=0.01 secs] 
91.350: Total time for which application threads were stopped: 0.0117770 seconds, Stopping threads took: 0.0001120 seconds
91.375: Application time: 0.0249290 seconds
91.375: [GC91.375: [DefNew: 63707K->7168K(64640K), 0.0120840 secs] 191408K->140139K(208076K), 0.0121240 secs] [Times: user=0.02 sys=0.00, real=0.01 secs] 
91.387: Total time for which application threads were stopped: 0.0123250 seconds, Stopping threads took: 0.0001150 seconds
91.413: Application time: 0.0257660 seconds
91.413: [GC91.413: [DefNew: 64640K->7168K(64640K), 0.0190900 secs]91.432: [Tenured: 144731K->78699K(144780K), 0.1157360 secs] 197611K->78699K(209420K), [Perm : 8838K->8838K(21248K)], 0.1349630 secs] [Times: user=0.14 sys=0.00, real=0.13 secs] 
91.548: Total time for which application threads were stopped: 0.1351620 seconds, Stopping threads took: 0.0001170 seconds
91.575: Application time: 0.0272010 seconds
91.575: [GC91.575: [DefNew: 57472K->7168K(64640K), 0.0141150 secs] 136171K->90205K(208076K), 0.0141580 secs] [Times: user=0.02 sys=0.00, real=0.01 secs] 
91.590: Total time for which application threads were stopped: 0.0144110 seconds, Stopping threads took: 0.0001360 seconds
91.619: Application time: 0.0289070 seconds
91.619: [GC91.619: [DefNew: 64640K->7167K(64640K), 0.0154190 secs] 147677K->97060K(208076K), 0.0154640 secs] [Times: user=0.02 sys=0.00, real=0.02 secs] 
91.634: Total time for which application threads were stopped: 0.0158400 seconds, Stopping threads took: 0.0002880 seconds
91.660: Application time: 0.0260130 seconds
91.661: [GC91.661: [DefNew: 64639K->4089K(64640K), 0.0109330 secs] 154532K->99387K(208076K), 0.0109780 secs] [Times: user=0.02 sys=0.00, real=0.01 secs] 
91.672: Total time for which application threads were stopped: 0.0113360 seconds, Stopping threads took: 0.0002710 seconds
91.696: Application time: 0.0239670 seconds
91.696: [GC91.696: [DefNew: 61561K->4991K(64640K), 0.0063460 secs] 156859K->101658K(208076K), 0.0063910 secs] [Times: user=0.01 sys=0.00, real=0.00 secs] 
91.702: Total time for which application threads were stopped: 0.0066190 seconds, Stopping threads took: 0.0001220 seconds
91.726: Application time: 0.0234110 seconds
91.726: [GC91.726: [DefNew: 62463K->5529K(64640K), 0.0092310 secs] 159130K->104879K(208076K), 0.0092760 secs] [Times: user=0.01 sys=0.00, real=0.01 secs] 
91.735: Total time for which application threads were stopped: 0.0095220 seconds, Stopping threads took: 0.0001590 seconds
91.757: Application time: 0.0216740 seconds
91.757: [GC91.757: [DefNew: 63001K->2168K(64640K), 0.0053020 secs] 162351K->104171K(208076K), 0.0053440 secs] [Times: user=0.00 sys=0.00, real=0.00 secs] 
91.763: Total time for which application threads were stopped: 0.0056580 seconds, Stopping threads took: 0.0002100 seconds
91.784: Application time: 0.0210260 seconds
91.784: [GC91.784: [DefNew: 59640K->4154K(64640K), 0.0034110 secs] 161643K->106157K(208076K), 0.0034490 secs] [Times: user=0.00 sys=0.00, real=0.01 secs] 
91.787: Total time for which application threads were stopped: 0.0037340 seconds, Stopping threads took: 0.0002020 seconds
91.808: Application time: 0.0204290 seconds
91.808: [GC91.808: [DefNew: 61626K->6486K(64640K), 0.0073500 secs] 163629K->110186K(208076K), 0.0073940 secs] [Times: user=0.00 sys=0.00, real=0.01 secs] 
91.815: Total time for which application threads were stopped: 0.0076690 seconds, Stopping threads took: 0.0001690 seconds
91.837: Application time: 0.0218430 seconds
91.838: [GC91.838: [DefNew: 63958K->7168K(64640K), 0.0129040 secs] 167658K->118699K(208076K), 0.0129440 secs] [Times: user=0.01 sys=0.00, real=0.01 secs] 
91.850: Total time for which application threads were stopped: 0.0131660 seconds, Stopping threads took: 0.0001180 seconds
91.874: Application time: 0.0239800 seconds
91.875: [GC91.875: [DefNew: 64640K->7168K(64640K), 0.0154370 secs] 176171K->127446K(208076K), 0.0154790 secs] [Times: user=0.02 sys=0.00, real=0.01 secs] 
91.890: Total time for which application threads were stopped: 0.0157030 seconds, Stopping threads took: 0.0001370 seconds
91.916: Application time: 0.0256510 seconds
91.916: [GC91.916: [DefNew: 64640K->7167K(64640K), 0.0151820 secs] 184918K->135523K(208076K), 0.0152240 secs] [Times: user=0.02 sys=0.00, real=0.01 secs] 
91.931: Total time for which application threads were stopped: 0.0154530 seconds, Stopping threads took: 0.0001420 seconds
91.957: Application time: 0.0253020 seconds
91.957: [GC91.957: [DefNew: 64639K->6740K(64640K), 0.0119550 secs] 192995K->140859K(208076K), 0.0119980 secs] [Times: user=0.01 sys=0.00, real=0.01 secs] 
91.969: Total time for which application threads were stopped: 0.0122540 seconds, Stopping threads took: 0.0001520 seconds
91.994: Application time: 0.0248280 seconds
91.994: [GC91.994: [DefNew: 64212K->7168K(64640K), 0.0147760 secs] 198331K->146675K(208076K), 0.0148200 secs] [Times: user=0.02 sys=0.00, real=0.01 secs] 
92.009: Total time for which application threads were stopped: 0.0150500 seconds, Stopping threads took: 0.0001260 seconds
92.035: Application time: 0.0266060 seconds
92.035: [GC92.035: [DefNew: 64640K->7168K(64640K), 0.0262760 secs]92.062: [Tenured: 153386K->74484K(153420K), 0.1102650 secs] 204147K->74484K(218060K), [Perm : 8838K->8838K(21248K)], 0.1369060 secs] [Times: user=0.13 sys=0.01, real=0.13 secs] 
92.172: Total time for which application threads were stopped: 0.1370650 seconds, Stopping threads took: 0.0000740 seconds
92.201: Application time: 0.0286420 seconds
92.201: [GC92.201: [DefNew: 57472K->7168K(64640K), 0.0147430 secs] 131956K->85645K(208076K), 0.0147880 secs] [Times: user=0.02 sys=0.00, real=0.02 secs] 
92.216: Total time for which application threads were stopped: 0.0149820 seconds, Stopping threads took: 0.0000970 seconds
92.244: Application time: 0.0282520 seconds
92.244: [GC92.244: [DefNew: 64640K->5113K(64640K), 0.0164140 secs] 143117K->89976K(208076K), 0.0164580 secs] [Times: user=0.02 sys=0.00, real=0.01 secs] 
92.261: Total time for which application threads were stopped: 0.0166690 seconds, Stopping threads took: 0.0001160 seconds
92.287: Application time: 0.0261800 seconds
92.287: [GC92.287: [DefNew: 62585K->5269K(64640K), 0.0099170 secs] 147448K->93448K(208076K), 0.0099630 secs] [Times: user=0.01 sys=0.00, real=0.01 secs] 
92.297: Total time for which application threads were stopped: 0.0102010 seconds, Stopping threads took: 0.0001500 seconds
92.321: Application time: 0.0240050 seconds
92.322: [GC92.322: [DefNew: 62741K->4002K(64640K), 0.0052700 secs] 150920K->94098K(208076K), 0.0053120 secs] [Times: user=0.01 sys=0.00, real=0.01 secs] 
92.327: Total time for which application threads were stopped: 0.0055210 seconds, Stopping threads took: 0.0001220 seconds
92.349: Application time: 0.0224980 seconds
92.350: [GC92.350: [DefNew: 61474K->2897K(64640K), 0.0063700 secs] 151570K->96499K(208076K), 0.0064110 secs] [Times: user=0.00 sys=0.00, real=0.01 secs] 
92.356: Total time for which application threads were stopped: 0.0066010 seconds, Stopping threads took: 0.0001040 seconds
92.378: Application time: 0.0216100 seconds
92.378: [GC92.378: [DefNew: 60369K->3117K(64640K), 0.0035710 secs] 153971K->96719K(208076K), 0.0036070 secs] [Times: user=0.01 sys=0.00, real=0.00 secs] 
92.381: Total time for which application threads were stopped: 0.0037950 seconds, Stopping threads took: 0.0001090 seconds
92.402: Application time: 0.0205050 seconds
92.402: [GC92.402: [DefNew: 60589K->6734K(64640K), 0.0047830 secs] 154191K->100336K(208076K), 0.0048280 secs] [Times: user=0.00 sys=0.00, real=0.01 secs] 
92.407: Total time for which application threads were stopped: 0.0050020 seconds, Stopping threads took: 0.0000860 seconds
92.427: Application time: 0.0205310 seconds
92.428: [GC92.428: [DefNew: 64206K->5732K(64640K), 0.0098480 secs] 157808K->105144K(208076K), 0.0098890 secs] [Times: user=0.01 sys=0.00, real=0.01 secs] 
92.437: Total time for which application threads were stopped: 0.0100290 seconds, Stopping threads took: 0.0000500 seconds
92.460: Application time: 0.0224150 seconds
92.460: [GC92.460: [DefNew: 63204K->7167K(64640K), 0.0114790 secs] 162616K->112189K(208076K), 0.0115250 secs] [Times: user=0.01 sys=0.00, real=0.01 secs] 
92.472: Total time for which application threads were stopped: 0.0117760 seconds, Stopping threads took: 0.0001640 seconds
92.496: Application time: 0.0241940 seconds
92.496: [GC92.496: [DefNew: 64639K->7168K(64640K), 0.0163780 secs] 169661K->120878K(208076K), 0.0164200 secs] [Times: user=0.01 sys=0.00, real=0.02 secs] 
92.513: Total time for which application threads were stopped: 0.0167160 seconds, Stopping threads took: 0.0002100 seconds
92.538: Application time: 0.0250340 seconds
92.538: [GC92.538: [DefNew: 64640K->7168K(64640K), 0.0189850 secs] 178350K->129155K(208076K), 0.0190390 secs] [Times: user=0.02 sys=0.00, real=0.02 secs] 
92.557: Total time for which application threads were stopped: 0.0192910 seconds, Stopping threads took: 0.0001650 seconds
92.582: Application time: 0.0254380 seconds
92.583: [GC92.583: [DefNew: 64640K->7168K(64640K), 0.0148850 secs] 186627K->136189K(208076K), 0.0149280 secs] [Times: user=0.02 sys=0.00, real=0.02 secs] 
92.597: Total time for which application threads were stopped: 0.0151420 seconds, Stopping threads took: 0.0001270 seconds
92.622: Application time: 0.0247610 seconds
92.622: [GC92.622: [DefNew: 64640K->7167K(64640K), 0.0147770 secs] 193661K->141638K(208076K), 0.0148220 secs] [Times: user=0.01 sys=0.00, real=0.02 secs] 
92.637: Total time for which application threads were stopped: 0.0150420 seconds, Stopping threads took: 0.0001360 seconds
92.665: Application time: 0.0272950 seconds
92.665: [GC92.665: [DefNew: 64639K->7168K(64640K), 0.0281450 secs]92.693: [Tenured: 149294K->74702K(149388K), 0.1146130 secs] 199110K->74702K(214028K), [Perm : 8838K->8838K(21248K)], 0.1430170 secs] [Times: user=0.14 sys=0.00, real=0.14 secs] 
92.808: Total time for which application threads were stopped: 0.1432910 seconds, Stopping threads took: 0.0001920 seconds
92.837: Application time: 0.0294030 seconds
92.838: [GC92.838: [DefNew: 57472K->7167K(64640K), 0.0127710 secs] 132174K->85206K(208076K), 0.0128160 secs] [Times: user=0.01 sys=0.00, real=0.01 secs] 
92.850: Total time for which application threads were stopped: 0.0131330 seconds, Stopping threads took: 0.0002120 seconds
92.878: Application time: 0.0277990 seconds
92.878: [GC92.878: [DefNew: 64639K->4116K(64640K), 0.0135270 secs] 142678K->88196K(208076K), 0.0135720 secs] [Times: user=0.02 sys=0.00, real=0.01 secs] 
92.892: Total time for which application threads were stopped: 0.0138150 seconds, Stopping threads took: 0.0001380 seconds
92.918: Application time: 0.0258030 seconds
92.918: [GC92.918: [DefNew: 61588K->5730K(64640K), 0.0095240 secs] 145668K->92995K(208076K), 0.0095690 secs] [Times: user=0.01 sys=0.00, real=0.01 secs] 
92.928: Total time for which application threads were stopped: 0.0098670 seconds, Stopping threads took: 0.0002010 seconds
92.952: Application time: 0.0238040 seconds
92.952: [GC92.952: [DefNew: 63202K->5113K(64640K), 0.0064260 secs] 150467K->93668K(208076K), 0.0064680 secs] [Times: user=0.01 sys=0.00, real=0.01 secs] 
92.958: Total time for which application threads were stopped: 0.0068030 seconds, Stopping threads took: 0.0002480 seconds
92.981: Application time: 0.0223030 seconds
92.981: [GC92.981: [DefNew: 62585K->2361K(64640K), 0.0067760 secs] 151140K->95338K(208076K), 0.0068210 secs] [Times: user=0.00 sys=0.00, real=0.01 secs] 
92.988: Total time for which application threads were stopped: 0.0070510 seconds, Stopping threads took: 0.0001270 seconds
93.009: Application time: 0.0212420 seconds
93.009: [GC93.009: [DefNew: 59833K->2256K(64640K), 0.0034350 secs] 152810K->95234K(208076K), 0.0034700 secs] [Times: user=0.01 sys=0.00, real=0.01 secs] 
93.013: Total time for which application threads were stopped: 0.0037080 seconds, Stopping threads took: 0.0001620 seconds
93.033: Application time: 0.0200000 seconds
93.033: [GC93.033: [DefNew: 59728K->5783K(64640K), 0.0046870 secs] 152706K->98761K(208076K), 0.0047260 secs] [Times: user=0.00 sys=0.00, real=0.00 secs] 
93.038: Total time for which application threads were stopped: 0.0049910 seconds, Stopping threads took: 0.0001850 seconds
93.058: Application time: 0.0205740 seconds
93.058: [GC93.058: [DefNew: 63255K->6395K(64640K), 0.0102240 secs] 156233K->104282K(208076K), 0.0102680 secs] [Times: user=0.01 sys=0.00, real=0.01 secs] 
93.069: Total time for which application threads were stopped: 0.0104920 seconds, Stopping threads took: 0.0001370 seconds
93.091: Application time: 0.0223350 seconds
93.091: [GC93.091: [DefNew: 63867K->7167K(64640K), 0.0147340 secs] 161754K->111116K(208076K), 0.0147790 secs] [Times: user=0.02 sys=0.00, real=0.02 secs] 
93.106: Total time for which application threads were stopped: 0.0150840 seconds, Stopping threads took: 0.0002070 seconds
93.130: Application time: 0.0237420 seconds
93.130: [GC93.130: [DefNew: 64639K->7167K(64640K), 0.0146420 secs] 168588K->118912K(208076K), 0.0146830 secs] [Times: user=0.01 sys=0.00, real=0.02 secs] 
93.145: Total time for which application threads were stopped: 0.0148910 seconds, Stopping threads took: 0.0001230 seconds
93.170: Application time: 0.0252290 seconds
93.170: [GC93.170: [DefNew: 64639K->7167K(64640K), 0.0169220 secs] 176384K->127968K(208076K), 0.0169640 secs] [Times: user=0.02 sys=0.00, real=0.02 secs] 
93.187: Total time for which application threads were stopped: 0.0171370 seconds, Stopping threads took: 0.0000890 seconds
93.212: Application time: 0.0252380 seconds
93.213: [GC93.213: [DefNew: 64639K->7167K(64640K), 0.0170270 secs] 185440K->136983K(208076K), 0.0170680 secs] [Times: user=0.02 sys=0.00, real=0.01 secs] 
93.230: Total time for which application threads were stopped: 0.0172760 seconds, Stopping threads took: 0.0001210 seconds
93.255: Application time: 0.0256870 seconds
93.255: [GC93.255: [DefNew: 64639K->7167K(64640K), 0.0171220 secs] 194455K->145812K(208076K), 0.0171660 secs] [Times: user=0.02 sys=0.00, real=0.02 secs] 
93.273: Total time for which application threads were stopped: 0.0173270 seconds, Stopping threads took: 0.0000770 seconds
93.300: Application time: 0.0277090 seconds
93.301: [GC93.301: [DefNew: 64639K->7168K(64640K), 0.0280830 secs]93.329: [Tenured: 151264K->76444K(151308K), 0.1182560 secs] 203284K->76444K(215948K), [Perm : 8838K->8838K(21248K)], 0.1466470 secs] [Times: user=0.14 sys=0.01, real=0.15 secs] 
93.447: Total time for which application threads were stopped: 0.1468190 seconds, Stopping threads took: 0.0000890 seconds
93.477: Application time: 0.0302420 seconds
93.478: [GC93.478: [DefNew: 57472K->7167K(64640K), 0.0140490 secs] 133916K->85703K(208076K), 0.0141010 secs] [Times: user=0.02 sys=0.00, real=0.01 secs] 
93.492: Total time for which application threads were stopped: 0.0143190 seconds, Stopping threads took: 0.0001200 seconds
93.519: Application time: 0.0274380 seconds
93.519: [GC93.519: [DefNew: 64639K->5125K(64640K), 0.0126810 secs] 143175K->90279K(208076K), 0.0127260 secs] [Times: user=0.01 sys=0.00, real=0.01 secs] 
93.532: Total time for which application threads were stopped: 0.0130250 seconds, Stopping threads took: 0.0001940 seconds
93.558: Application time: 0.0254380 seconds
93.558: [GC93.558: [DefNew: 62597K->5331K(64640K), 0.0090040 secs] 147751K->93063K(208076K), 0.0090480 secs] [Times: user=0.01 sys=0.00, real=0.01 secs] 
93.567: Total time for which application threads were stopped: 0.0093950 seconds, Stopping threads took: 0.0002390 seconds
93.591: Application time: 0.0237570 seconds
93.591: [GC93.591: [DefNew: 62803K->5087K(64640K), 0.0073610 secs] 150535K->95233K(208076K), 0.0074040 secs] [Times: user=0.01 sys=0.00, real=0.01 secs] 
93.598: Total time for which application threads were stopped: 0.0076530 seconds, Stopping threads took: 0.0001520 seconds
93.621: Application time: 0.0225020 seconds
93.621: [GC93.621: [DefNew: 62559K->2073K(64640K), 0.0058090 secs] 152705K->95202K(208076K), 0.0058500 secs] [Times: user=0.00 sys=0.00, real=0.01 secs] 
93.627: Total time for which application threads were stopped: 0.0062510 seconds, Stopping threads took: 0.0002970 seconds
93.649: Application time: 0.0215150 seconds
93.649: [GC93.649: [DefNew: 59545K->2258K(64640K), 0.0025110 secs] 152674K->95387K(208076K), 0.0025420 secs] [Times: user=0.01 sys=0.00, real=0.00 secs] 
93.652: Total time for which application threads were stopped: 0.0027620 seconds, Stopping threads took: 0.0001270 seconds
93.671: Application time: 0.0198860 seconds
93.672: [GC93.672: [DefNew: 59730K->5804K(64640K), 0.0046490 secs] 152859K->98933K(208076K), 0.0046930 secs] [Times: user=0.01 sys=0.00, real=0.01 secs] 
93.676: Total time for which application threads were stopped: 0.0049170 seconds, Stopping threads took: 0.0001170 seconds
93.697: Application time: 0.0211060 seconds
93.698: [GC93.698: [DefNew: 63276K->7167K(64640K), 0.0107040 secs] 156405K->105304K(208076K), 0.0107570 secs] [Times: user=0.01 sys=0.00, real=0.01 secs] 
93.708: Total time for which application threads were stopped: 0.0109610 seconds, Stopping threads took: 0.0001160 seconds
93.731: Application time: 0.0226120 seconds
93.731: [GC93.731: [DefNew: 64639K->7167K(64640K), 0.0143150 secs] 162776K->112287K(208076K), 0.0143560 secs] [Times: user=0.01 sys=0.00, real=0.02 secs] 
93.746: Total time for which application threads were stopped: 0.0145520 seconds, Stopping threads took: 0.0001100 seconds
93.770: Application time: 0.0242060 seconds
93.770: [GC93.770: [DefNew: 64639K->7167K(64640K), 0.0149590 secs] 169759K->119742K(208076K), 0.0150010 secs] [Times: user=0.02 sys=0.00, real=0.02 secs] 
93.785: Total time for which application threads were stopped: 0.0152230 seconds, Stopping threads took: 0.0001350 seconds
93.809: Application time: 0.0243930 seconds
93.810: [GC93.810: [DefNew: 64639K->7168K(64640K), 0.0153780 secs] 177214K->127754K(208076K), 0.0154190 secs] [Times: user=0.02 sys=0.00, real=0.02 secs] 
93.825: Total time for which application threads were stopped: 0.0156130 seconds, Stopping threads took: 0.0001080 seconds
93.850: Application time: 0.0249390 seconds
93.850: [GC93.850: [DefNew: 64640K->7168K(64640K), 0.0188060 secs] 185226K->135143K(208076K), 0.0188510 secs] [Times: user=0.02 sys=0.00, real=0.02 secs] 
93.869: Total time for which application threads were stopped: 0.0191460 seconds, Stopping threads took: 0.0001890 seconds
93.895: Application time: 0.0261350 seconds
93.895: [GC93.895: [DefNew: 64640K->7167K(64640K), 0.0202210 secs] 192615K->146720K(208076K), 0.0202650 secs] [Times: user=0.02 sys=0.00, real=0.02 secs] 
93.916: Total time for which application threads were stopped: 0.0205210 seconds, Stopping threads took: 0.0001500 seconds
93.945: Application time: 0.0290280 seconds
93.945: [GC93.945: [DefNew: 64639K->7167K(64640K), 0.0263150 secs]93.971: [Tenured: 150650K->79082K(150732K), 0.1243670 secs] 204192K->79082K(215372K), [Perm : 8838K->8838K(21248K)], 0.1509800 secs] [Times: user=0.15 sys=0.00, real=0.15 secs] 
94.096: Total time for which application threads were stopped: 0.1513280 seconds, Stopping threads took: 0.0002670 seconds
94.126: Application time: 0.0299320 seconds
94.126: [GC94.126: [DefNew: 57472K->7167K(64640K), 0.0119200 secs] 136554K->88402K(208076K), 0.0119630 secs] [Times: user=0.01 sys=0.00, real=0.01 secs] 
94.138: Total time for which application threads were stopped: 0.0121450 seconds, Stopping threads took: 0.0000830 seconds
94.165: Application time: 0.0272970 seconds
94.166: [GC94.166: [DefNew: 64639K->5391K(64640K), 0.0131640 secs] 145874K->92476K(208076K), 0.0132070 secs] [Times: user=0.01 sys=0.00, real=0.01 secs] 
94.179: Total time for which application threads were stopped: 0.0134290 seconds, Stopping threads took: 0.0001360 seconds
94.204: Application time: 0.0252200 seconds
94.204: [GC94.204: [DefNew: 62863K->4515K(64640K), 0.0077850 secs] 149948K->93874K(208076K), 0.0078290 secs] [Times: user=0.01 sys=0.00, real=0.01 secs] 
94.212: Total time for which application threads were stopped: 0.0080150 seconds, Stopping threads took: 0.0000990 seconds
94.235: Application time: 0.0230450 seconds
94.235: [GC94.235: [DefNew: 61987K->4201K(64640K), 0.0081540 secs] 151346K->97040K(208076K), 0.0081970 secs] [Times: user=0.01 sys=0.00, real=0.00 secs] 
94.244: Total time for which application threads were stopped: 0.0084210 seconds, Stopping threads took: 0.0001360 seconds
94.266: Application time: 0.0223200 seconds
94.266: [GC94.266: [DefNew: 61673K->2258K(64640K), 0.0043920 secs] 154512K->96142K(208076K), 0.0044290 secs] [Times: user=0.00 sys=0.00, real=0.00 secs] 
94.271: Total time for which application threads were stopped: 0.0046430 seconds, Stopping threads took: 0.0001340 seconds
94.291: Application time: 0.0208230 seconds
94.292: [GC94.292: [DefNew: 59730K->2233K(64640K), 0.0020440 secs] 153614K->96117K(208076K), 0.0020840 secs] [Times: user=0.00 sys=0.00, real=0.01 secs] 
94.294: Total time for which application threads were stopped: 0.0022660 seconds, Stopping threads took: 0.0001060 seconds
94.313: Application time: 0.0195820 seconds
94.314: [GC94.314: [DefNew: 59705K->5911K(64640K), 0.0052090 secs] 153589K->99795K(208076K), 0.0052480 secs] [Times: user=0.01 sys=0.00, real=0.00 secs] 
94.319: Total time for which application threads were stopped: 0.0056380 seconds, Stopping threads took: 0.0002890 seconds
94.340: Application time: 0.0211040 seconds
94.340: [GC94.340: [DefNew: 63383K->7167K(64640K), 0.0135730 secs] 157267K->108182K(208076K), 0.0136190 secs] [Times: user=0.02 sys=0.00, real=0.02 secs] 
94.354: Total time for which application threads were stopped: 0.0138440 seconds, Stopping threads took: 0.0001370 seconds
94.377: Application time: 0.0227780 seconds
94.377: [GC94.377: [DefNew: 64639K->7168K(64640K), 0.0140970 secs] 165654K->114352K(208076K), 0.0141390 secs] [Times: user=0.01 sys=0.00, real=0.01 secs] 
94.391: Total time for which application threads were stopped: 0.0143300 seconds, Stopping threads took: 0.0001050 seconds
94.415: Application time: 0.0238200 seconds
94.415: [GC94.415: [DefNew: 64640K->6291K(64640K), 0.0134320 secs] 171824K->120192K(208076K), 0.0134810 secs] [Times: user=0.02 sys=0.00, real=0.01 secs] 
94.428: Total time for which application threads were stopped: 0.0136830 seconds, Stopping threads took: 0.0001160 seconds
94.454: Application time: 0.0250740 seconds
94.454: [GC94.454: [DefNew: 63763K->7168K(64640K), 0.0173350 secs] 177664K->129558K(208076K), 0.0173790 secs] [Times: user=0.02 sys=0.00, real=0.01 secs] 
94.471: Total time for which application threads were stopped: 0.0175850 seconds, Stopping threads took: 0.0001190 seconds
94.496: Application time: 0.0248160 seconds
94.496: [GC94.496: [DefNew: 64640K->7167K(64640K), 0.0148970 secs] 187030K->136204K(208076K), 0.0149410 secs] [Times: user=0.01 sys=0.00, real=0.01 secs] 
94.511: Total time for which application threads were stopped: 0.0151470 seconds, Stopping threads took: 0.0001210 seconds
94.539: Application time: 0.0276350 seconds
94.539: [GC94.539: [DefNew: 64639K->7168K(64640K), 0.0339020 secs]94.573: [Tenured: 146372K->77239K(146508K), 0.1218590 secs] 193676K->77239K(211148K), [Perm : 8838K->8838K(21248K)], 0.1559690 secs] [Times: user=0.16 sys=0.00, real=0.16 secs] 
94.695: Total time for which application threads were stopped: 0.1561810 seconds, Stopping threads took: 0.0001270 seconds
94.725: Application time: 0.0302060 seconds
94.725: [GC94.725: [DefNew: 57472K->7167K(64640K), 0.0155100 secs] 134711K->89055K(208076K), 0.0155480 secs] [Times: user=0.02 sys=0.00, real=0.01 secs] 
94.741: Total time for which application threads were stopped: 0.0158320 seconds, Stopping threads took: 0.0001650 seconds
94.770: Application time: 0.0292360 seconds
94.770: [GC94.770: [DefNew: 64639K->7168K(64640K), 0.0184140 secs] 146527K->95040K(208076K), 0.0184550 secs] [Times: user=0.02 sys=0.00, real=0.02 secs] 
94.789: Total time for which application threads were stopped: 0.0186420 seconds, Stopping threads took: 0.0001050 seconds
94.816: Application time: 0.0268260 seconds
94.816: [GC94.816: [DefNew: 64640K->6815K(64640K), 0.0125420 secs] 152512K->99710K(208076K), 0.0125840 secs] [Times: user=0.01 sys=0.00, real=0.01 secs] 
94.829: Total time for which application threads were stopped: 0.0129190 seconds, Stopping threads took: 0.0002310 seconds
94.854: Application time: 0.0253880 seconds
94.854: [GC94.854: [DefNew: 64287K->4681K(64640K), 0.0081630 secs] 157182K->99479K(208076K), 0.0082070 secs] [Times: user=0.00 sys=0.00, real=0.00 secs] 
94.862: Total time for which application threads were stopped: 0.0084010 seconds, Stopping threads took: 0.0000880 seconds
94.885: Application time: 0.0224400 seconds
94.885: [GC94.885: [DefNew: 62153K->2135K(64640K), 0.0063140 secs] 156951K->101299K(208076K), 0.0063570 secs] [Times: user=0.01 sys=0.00, real=0.00 secs] 
94.891: Total time for which application threads were stopped: 0.0065740 seconds, Stopping threads took: 0.0001300 seconds
94.914: Application time: 0.0221670 seconds
94.914: [GC94.914: [DefNew: 59607K->2305K(64640K), 0.0029410 secs] 158771K->101468K(208076K), 0.0029830 secs] [Times: user=0.00 sys=0.00, real=0.00 secs] 
94.917: Total time for which application threads were stopped: 0.0031880 seconds, Stopping threads took: 0.0001270 seconds
94.937: Application time: 0.0203640 seconds
94.937: [GC94.937: [DefNew: 59777K->2335K(64640K), 0.0021800 secs] 158940K->101499K(208076K), 0.0022160 secs] [Times: user=0.00 sys=0.00, real=0.00 secs] 
94.940: Total time for which application threads were stopped: 0.0023530 seconds, Stopping threads took: 0.0000570 seconds
94.959: Application time: 0.0198350 seconds
94.961: [GC94.961: [DefNew: 59807K->6147K(64640K), 0.0056900 secs] 158971K->105311K(208076K), 0.0057290 secs] [Times: user=0.00 sys=0.00, real=0.01 secs] 
94.967: Total time for which application threads were stopped: 0.0071760 seconds, Stopping threads took: 0.0013640 seconds
94.988: Application time: 0.0211470 seconds
94.988: [GC94.988: [DefNew: 63619K->7167K(64640K), 0.0162400 secs] 162783K->115148K(208076K), 0.0162850 secs] [Times: user=0.02 sys=0.00, real=0.01 secs] 
95.004: Total time for which application threads were stopped: 0.0165720 seconds, Stopping threads took: 0.0001790 seconds
95.027: Application time: 0.0226800 seconds
95.027: [GC95.027: [DefNew: 64639K->7037K(64640K), 0.0138130 secs] 172620K->120972K(208076K), 0.0138570 secs] [Times: user=0.01 sys=0.00, real=0.01 secs] 
95.041: Total time for which application threads were stopped: 0.0142300 seconds, Stopping threads took: 0.0002680 seconds
95.065: Application time: 0.0237730 seconds
95.065: [GC95.065: [DefNew: 64509K->6108K(64640K), 0.0144030 secs] 178444K->126579K(208076K), 0.0144470 secs] [Times: user=0.02 sys=0.00, real=0.01 secs] 
95.080: Total time for which application threads were stopped: 0.0148090 seconds, Stopping threads took: 0.0002570 seconds
95.104: Application time: 0.0245860 seconds
95.105: [GC95.105: [DefNew: 63580K->7168K(64640K), 0.0174740 secs] 184051K->134986K(208076K), 0.0175180 secs] [Times: user=0.02 sys=0.00, real=0.01 secs] 
95.122: Total time for which application threads were stopped: 0.0178880 seconds, Stopping threads took: 0.0002640 seconds
95.147: Application time: 0.0251500 seconds
95.148: [GC95.148: [DefNew: 64640K->7168K(64640K), 0.0227330 secs] 192458K->146526K(208076K), 0.0227760 secs] [Times: user=0.02 sys=0.00, real=0.02 secs] 
95.170: Total time for which application threads were stopped: 0.0230920 seconds, Stopping threads took: 0.0002130 seconds
95.199: Application time: 0.0284050 seconds
95.199: [GC95.199: [DefNew: 64640K->7168K(64640K), 0.0345250 secs]95.234: [Tenured: 154819K->76456K(154956K), 0.1193440 secs] 203998K->76456K(219596K), [Perm : 8838K->8838K(21248K)], 0.1542630 secs] [Times: user=0.15 sys=0.00, real=0.16 secs] 
95.353: Total time for which application threads were stopped: 0.1545400 seconds, Stopping threads took: 0.0001770 seconds
95.385: Application time: 0.0312460 seconds
95.385: [GC95.385: [DefNew: 57472K->7167K(64640K), 0.0162210 secs] 133928K->87543K(208076K), 0.0162640 secs] [Times: user=0.02 sys=0.00, real=0.01 secs] 
95.401: Total time for which application threads were stopped: 0.0165170 seconds, Stopping threads took: 0.0001520 seconds
95.430: Application time: 0.0290020 seconds
95.430: [GC95.431: [DefNew: 64639K->7167K(64640K), 0.0171660 secs] 145015K->94210K(208076K), 0.0172120 secs] [Times: user=0.02 sys=0.00, real=0.02 secs] 
95.448: Total time for which application threads were stopped: 0.0175300 seconds, Stopping threads took: 0.0002100 seconds
95.475: Application time: 0.0268610 seconds
95.475: [GC95.475: [DefNew: 64639K->5274K(64640K), 0.0118750 secs] 151682K->97887K(208076K), 0.0119180 secs] [Times: user=0.02 sys=0.00, real=0.01 secs] 
95.487: Total time for which application threads were stopped: 0.0122890 seconds, Stopping threads took: 0.0002650 seconds
95.512: Application time: 0.0247330 seconds
95.512: [GC95.512: [DefNew: 62746K->4985K(64640K), 0.0067240 secs] 155359K->99525K(208076K), 0.0067760 secs] [Times: user=0.01 sys=0.00, real=0.01 secs] 
95.519: Total time for which application threads were stopped: 0.0070140 seconds, Stopping threads took: 0.0001480 seconds
95.541: Application time: 0.0224460 seconds
95.541: [GC95.541: [DefNew: 62457K->1917K(64640K), 0.0049190 secs] 156997K->99446K(208076K), 0.0049590 secs] [Times: user=0.00 sys=0.00, real=0.01 secs] 
95.546: Total time for which application threads were stopped: 0.0051380 seconds, Stopping threads took: 0.0000970 seconds
95.568: Application time: 0.0218140 seconds
95.568: [GC95.568: [DefNew: 59389K->2315K(64640K), 0.0028210 secs] 156918K->99845K(208076K), 0.0028550 secs] [Times: user=0.00 sys=0.00, real=0.00 secs] 
95.571: Total time for which application threads were stopped: 0.0030490 seconds, Stopping threads took: 0.0001170 seconds
95.591: Application time: 0.0199270 seconds
95.591: [GC95.591: [DefNew: 59787K->2286K(64640K), 0.0024070 secs] 157317K->99815K(208076K), 0.0024380 secs] [Times: user=0.00 sys=0.00, real=0.01 secs] 
95.594: Total time for which application threads were stopped: 0.0027540 seconds, Stopping threads took: 0.0002240 seconds
95.614: Application time: 0.0198620 seconds
95.614: [GC95.614: [DefNew: 59758K->6091K(64640K), 0.0055830 secs] 157287K->103620K(208076K), 0.0056240 secs] [Times: user=0.01 sys=0.00, real=0.00 secs] 
95.620: Total time for which application threads were stopped: 0.0059700 seconds, Stopping threads took: 0.0002440 seconds
95.641: Application time: 0.0209040 seconds
95.641: [GC95.641: [DefNew: 63563K->7167K(64640K), 0.0164980 secs] 161092K->113773K(208076K), 0.0165420 secs] [Times: user=0.01 sys=0.00, real=0.02 secs] 
95.657: Total time for which application threads were stopped: 0.0167080 seconds, Stopping threads took: 0.0000820 seconds
95.679: Application time: 0.0220370 seconds
95.679: [GC95.679: [DefNew: 64639K->6913K(64640K), 0.0141820 secs] 171245K->119455K(208076K), 0.0142250 secs] [Times: user=0.01 sys=0.00, real=0.02 secs] 
95.694: Total time for which application threads were stopped: 0.0144450 seconds, Stopping threads took: 0.0001360 seconds
95.717: Application time: 0.0237520 seconds
95.718: [GC95.718: [DefNew: 64385K->6766K(64640K), 0.0130590 secs] 176927K->125722K(208076K), 0.0131040 secs] [Times: user=0.02 sys=0.00, real=0.01 secs] 
95.731: Total time for which application threads were stopped: 0.0133170 seconds, Stopping threads took: 0.0001290 seconds
95.755: Application time: 0.0246610 seconds
95.756: [GC95.756: [DefNew: 64238K->7167K(64640K), 0.0176070 secs] 183194K->134212K(208076K), 0.0176450 secs] [Times: user=0.02 sys=0.00, real=0.02 secs] 
95.773: Total time for which application threads were stopped: 0.0179390 seconds, Stopping threads took: 0.0001910 seconds
95.799: Application time: 0.0255920 seconds
95.799: [GC95.799: [DefNew: 64639K->7168K(64640K), 0.0229580 secs] 191684K->148685K(208076K), 0.0230030 secs] [Times: user=0.02 sys=0.00, real=0.02 secs] 
95.822: Total time for which application threads were stopped: 0.0232480 seconds, Stopping threads took: 0.0001480 seconds
95.850: Application time: 0.0282400 seconds
95.851: [GC95.851: [DefNew: 64640K->7167K(64640K), 0.0313330 secs]95.882: [Tenured: 153688K->76380K(153804K), 0.1279080 secs] 206157K->76380K(218444K), [Perm : 8838K->8838K(21248K)], 0.1596760 secs] [Times: user=0.16 sys=0.01, real=0.16 secs] 
96.010: Total time for which application threads were stopped: 0.1599870 seconds, Stopping threads took: 0.0002080 seconds
96.042: Application time: 0.0311350 seconds
96.042: [GC96.042: [DefNew: 57472K->7167K(64640K), 0.0171500 secs] 133852K->89137K(208076K), 0.0171970 secs] [Times: user=0.02 sys=0.00, real=0.02 secs] 
96.059: Total time for which application threads were stopped: 0.0174870 seconds, Stopping threads took: 0.0001740 seconds
96.088: Application time: 0.0288430 seconds
96.088: [GC96.088: [DefNew: 64639K->7168K(64640K), 0.0189570 secs] 146609K->96196K(208076K), 0.0190010 secs] [Times: user=0.02 sys=0.00, real=0.02 secs] 
96.107: Total time for which application threads were stopped: 0.0193180 seconds, Stopping threads took: 0.0002290 seconds
96.134: Application time: 0.0265220 seconds
96.134: [GC96.134: [DefNew: 64640K->4129K(64640K), 0.0090770 secs] 153668K->98053K(208076K), 0.0091310 secs] [Times: user=0.01 sys=0.00, real=0.00 secs] 
96.143: Total time for which application threads were stopped: 0.0094400 seconds, Stopping threads took: 0.0002230 seconds
96.168: Application time: 0.0246100 seconds
96.168: [GC96.168: [DefNew: 61601K->3874K(64640K), 0.0072030 secs] 155525K->101079K(208076K), 0.0072460 secs] [Times: user=0.00 sys=0.00, real=0.01 secs] 
96.175: Total time for which application threads were stopped: 0.0074940 seconds, Stopping threads took: 0.0001510 seconds
96.198: Application time: 0.0223270 seconds
96.198: [GC96.198: [DefNew: 61346K->2179K(64640K), 0.0041630 secs] 158551K->100671K(208076K), 0.0042000 secs] [Times: user=0.01 sys=0.00, real=0.00 secs] 
96.202: Total time for which application threads were stopped: 0.0044280 seconds, Stopping threads took: 0.0001270 seconds
96.223: Application time: 0.0208910 seconds
96.223: [GC96.223: [DefNew: 59651K->2270K(64640K), 0.0023910 secs] 158143K->100762K(208076K), 0.0024250 secs] [Times: user=0.01 sys=0.00, real=0.01 secs] 
96.226: Total time for which application threads were stopped: 0.0026410 seconds, Stopping threads took: 0.0001210 seconds
96.245: Application time: 0.0197690 seconds
96.246: [GC96.246: [DefNew: 59742K->2304K(64640K), 0.0023010 secs] 158234K->100797K(208076K), 0.0023340 secs] [Times: user=0.01 sys=0.00, real=0.00 secs] 
96.248: Total time for which application threads were stopped: 0.0026390 seconds, Stopping threads took: 0.0002270 seconds
96.268: Application time: 0.0197690 seconds
96.268: [GC96.268: [DefNew: 59776K->7120K(64640K), 0.0058020 secs] 158269K->105612K(208076K), 0.0058430 secs] [Times: user=0.01 sys=0.00, real=0.01 secs] 
96.274: Total time for which application threads were stopped: 0.0061340 seconds, Stopping threads took: 0.0001880 seconds
96.295: Application time: 0.0211900 seconds
96.295: [GC96.295: [DefNew: 64592K->7168K(64640K), 0.0159770 secs] 163084K->115468K(208076K), 0.0160190 secs] [Times: user=0.02 sys=0.00, real=0.01 secs] 
96.311: Total time for which application threads were stopped: 0.0161870 seconds, Stopping threads took: 0.0000810 seconds
96.334: Application time: 0.0221910 seconds
96.334: [GC96.334: [DefNew: 64640K->7167K(64640K), 0.0134670 secs] 172940K->121852K(208076K), 0.0135100 secs] [Times: user=0.01 sys=0.00, real=0.01 secs] 
96.347: Total time for which application threads were stopped: 0.0138180 seconds, Stopping threads took: 0.0002020 seconds
96.371: Application time: 0.0237720 seconds
96.371: [GC96.371: [DefNew: 64639K->5168K(64640K), 0.0126490 secs] 179324K->126270K(208076K), 0.0126920 secs] [Times: user=0.02 sys=0.00, real=0.01 secs] 
96.384: Total time for which application threads were stopped: 0.0130240 seconds, Stopping threads took: 0.0002250 seconds
96.409: Application time: 0.0244360 seconds
96.409: [GC96.409: [DefNew: 62640K->7168K(64640K), 0.0130220 secs] 183742K->133930K(208076K), 0.0130670 secs] [Times: user=0.01 sys=0.00, real=0.01 secs] 
96.422: Total time for which application threads were stopped: 0.0133220 seconds, Stopping threads took: 0.0001590 seconds
96.448: Application time: 0.0263960 seconds
96.448: [GC96.449: [DefNew: 64640K->7167K(64640K), 0.0296610 secs]96.478: [Tenured: 143753K->74417K(143820K), 0.1113980 secs] 191402K->74417K(208460K), [Perm : 8838K->8838K(21248K)], 0.1411470 secs] [Times: user=0.14 sys=0.00, real=0.14 secs] 
96.590: Total time for which application threads were stopped: 0.1413530 seconds, Stopping threads took: 0.0001160 seconds
96.620: Application time: 0.0301090 seconds
96.620: [GC96.620: [DefNew: 57472K->7167K(64640K), 0.0178170 secs] 131889K->88168K(208076K), 0.0178610 secs] [Times: user=0.02 sys=0.00, real=0.02 secs] 
96.638: Total time for which application threads were stopped: 0.0181340 seconds, Stopping threads took: 0.0001510 seconds
96.669: Application time: 0.0311950 seconds
96.669: [GC96.669: [DefNew: 64639K->7168K(64640K), 0.0219900 secs] 145640K->98678K(208076K), 0.0220510 secs] [Times: user=0.02 sys=0.00, real=0.02 secs] 
96.692: Total time for which application threads were stopped: 0.0224070 seconds, Stopping threads took: 0.0002520 seconds
96.720: Application time: 0.0286630 seconds
96.720: [GC96.720: [DefNew: 64640K->7167K(64640K), 0.0174810 secs] 156150K->106343K(208076K), 0.0175240 secs] [Times: user=0.01 sys=0.00, real=0.02 secs] 
96.738: Total time for which application threads were stopped: 0.0177450 seconds, Stopping threads took: 0.0001350 seconds
96.765: Application time: 0.0270460 seconds
96.765: [GC96.765: [DefNew: 64639K->5985K(64640K), 0.0114430 secs] 163815K->110835K(208076K), 0.0114840 secs] [Times: user=0.02 sys=0.00, real=0.01 secs] 
96.777: Total time for which application threads were stopped: 0.0117120 seconds, Stopping threads took: 0.0001340 seconds
96.801: Application time: 0.0242990 seconds
96.801: [GC96.801: [DefNew: 63457K->2339K(64640K), 0.0079590 secs] 168307K->112788K(208076K), 0.0080030 secs] [Times: user=0.01 sys=0.00, real=0.01 secs] 
96.809: Total time for which application threads were stopped: 0.0083370 seconds, Stopping threads took: 0.0002280 seconds
96.832: Application time: 0.0221880 seconds
96.832: [GC96.832: [DefNew: 59811K->2437K(64640K), 0.0029580 secs] 170260K->112885K(208076K), 0.0029900 secs] [Times: user=0.01 sys=0.00, real=0.01 secs] 
96.835: Total time for which application threads were stopped: 0.0032210 seconds, Stopping threads took: 0.0001560 seconds
96.855: Application time: 0.0201540 seconds
96.855: [GC96.855: [DefNew: 59909K->2438K(64640K), 0.0022620 secs] 170357K->112887K(208076K), 0.0022960 secs] [Times: user=0.00 sys=0.00, real=0.00 secs] 
96.857: Total time for which application threads were stopped: 0.0025110 seconds, Stopping threads took: 0.0001270 seconds
96.877: Application time: 0.0198750 seconds
96.877: [GC96.877: [DefNew: 59910K->2473K(64640K), 0.0026070 secs] 170359K->112921K(208076K), 0.0026390 secs] [Times: user=0.00 sys=0.00, real=0.00 secs] 
96.880: Total time for which application threads were stopped: 0.0028440 seconds, Stopping threads took: 0.0001300 seconds
96.900: Application time: 0.0195060 seconds
96.900: [GC96.900: [DefNew: 59945K->6670K(64640K), 0.0058380 secs] 170393K->117118K(208076K), 0.0058830 secs] [Times: user=0.00 sys=0.00, real=0.01 secs] 
96.906: Total time for which application threads were stopped: 0.0060800 seconds, Stopping threads took: 0.0001080 seconds
96.926: Application time: 0.0206990 seconds
96.927: [GC96.927: [DefNew: 64142K->7168K(64640K), 0.0179960 secs] 174590K->127775K(208076K), 0.0180400 secs] [Times: user=0.02 sys=0.00, real=0.02 secs] 
96.945: Total time for which application threads were stopped: 0.0182360 seconds, Stopping threads took: 0.0001110 seconds
96.967: Application time: 0.0224870 seconds
96.967: [GC96.967: [DefNew: 64640K->7167K(64640K), 0.0135690 secs] 185247K->134935K(208076K), 0.0136150 secs] [Times: user=0.01 sys=0.00, real=0.01 secs] 
96.981: Total time for which application threads were stopped: 0.0137910 seconds, Stopping threads took: 0.0000910 seconds
97.005: Application time: 0.0236590 seconds
97.005: [GC97.005: [DefNew: 64639K->4748K(64640K), 0.0135030 secs] 192407K->138909K(208076K), 0.0135470 secs] [Times: user=0.01 sys=0.00, real=0.01 secs] 
97.018: Total time for which application threads were stopped: 0.0137830 seconds, Stopping threads took: 0.0001480 seconds
97.043: Application time: 0.0243190 seconds
97.043: [GC97.043: [DefNew: 62220K->7167K(64640K), 0.0120510 secs] 196381K->146581K(208076K), 0.0120940 secs] [Times: user=0.01 sys=0.00, real=0.02 secs] 
97.055: Total time for which application threads were stopped: 0.0122600 seconds, Stopping threads took: 0.0000810 seconds
97.083: Application time: 0.0280250 seconds
97.083: [GC97.083: [DefNew: 64639K->7168K(64640K), 0.0348320 secs]97.118: [Tenured: 158851K->81806K(158988K), 0.1182070 secs] 204053K->81806K(223628K), [Perm : 8838K->8838K(21248K)], 0.1535480 secs] [Times: user=0.15 sys=0.00, real=0.16 secs] 
97.237: Total time for which application threads were stopped: 0.1537640 seconds, Stopping threads took: 0.0001270 seconds
97.268: Application time: 0.0316350 seconds
97.269: [GC97.269: [DefNew: 57472K->7167K(64640K), 0.0148140 secs] 139278K->93787K(208076K), 0.0148580 secs] [Times: user=0.01 sys=0.00, real=0.01 secs] 
97.284: Total time for which application threads were stopped: 0.0151600 seconds, Stopping threads took: 0.0001890 seconds
97.315: Application time: 0.0315060 seconds
97.315: [GC97.315: [DefNew: 64639K->7168K(64640K), 0.0216390 secs] 151259K->101037K(208076K), 0.0216830 secs] [Times: user=0.02 sys=0.00, real=0.02 secs] 
97.337: Total time for which application threads were stopped: 0.0219470 seconds, Stopping threads took: 0.0001760 seconds
97.365: Application time: 0.0277520 seconds
97.365: [GC97.365: [DefNew: 64640K->7168K(64640K), 0.0135870 secs] 158509K->105238K(208076K), 0.0136300 secs] [Times: user=0.01 sys=0.00, real=0.01 secs] 
97.379: Total time for which application threads were stopped: 0.0138450 seconds, Stopping threads took: 0.0001310 seconds
97.404: Application time: 0.0256690 seconds
97.404: [GC97.405: [DefNew: 64640K->4850K(64640K), 0.0097140 secs] 162710K->108881K(208076K), 0.0097590 secs] [Times: user=0.01 sys=0.00, real=0.01 secs] 
97.414: Total time for which application threads were stopped: 0.0099860 seconds, Stopping threads took: 0.0001290 seconds
97.438: Application time: 0.0241340 seconds
97.439: [GC97.439: [DefNew: 62322K->2260K(64640K), 0.0058190 secs] 166353K->109216K(208076K), 0.0058580 secs] [Times: user=0.00 sys=0.00, real=0.01 secs] 
97.445: Total time for which application threads were stopped: 0.0060760 seconds, Stopping threads took: 0.0001330 seconds
97.466: Application time: 0.0218370 seconds
97.467: [GC97.467: [DefNew: 59732K->2420K(64640K), 0.0026390 secs] 166688K->109375K(208076K), 0.0026710 secs] [Times: user=0.00 sys=0.00, real=0.00 secs] 
97.469: Total time for which application threads were stopped: 0.0028630 seconds, Stopping threads took: 0.0001150 seconds
97.489: Application time: 0.0199860 seconds
97.489: [GC97.489: [DefNew: 59892K->2430K(64640K), 0.0025730 secs] 166847K->109385K(208076K), 0.0026070 secs] [Times: user=0.00 sys=0.00, real=0.00 secs] 
97.492: Total time for which application threads were stopped: 0.0028690 seconds, Stopping threads took: 0.0001660 seconds
97.512: Application time: 0.0198950 seconds
97.512: [GC97.512: [DefNew: 59902K->2479K(64640K), 0.0026200 secs] 166857K->109435K(208076K), 0.0026520 secs] [Times: user=0.01 sys=0.00, real=0.01 secs] 
97.515: Total time for which application threads were stopped: 0.0028270 seconds, Stopping threads took: 0.0000990 seconds
97.534: Application time: 0.0192420 seconds
97.534: [GC97.534: [DefNew: 59951K->7168K(64640K), 0.0070280 secs] 166907K->115719K(208076K), 0.0070710 secs] [Times: user=0.01 sys=0.00, real=0.00 secs] 
97.541: Total time for which application threads were stopped: 0.0072470 seconds, Stopping threads took: 0.0000900 seconds
97.562: Application time: 0.0206870 seconds
97.562: [GC97.562: [DefNew: 64640K->7168K(64640K), 0.0182100 secs] 173191K->124453K(208076K), 0.0182560 secs] [Times: user=0.02 sys=0.00, real=0.02 secs] 
97.580: Total time for which application threads were stopped: 0.0184890 seconds, Stopping threads took: 0.0001370 seconds
97.604: Application time: 0.0232430 seconds
97.604: [GC97.604: [DefNew: 64640K->7168K(64640K), 0.0149010 secs] 181925K->131992K(208076K), 0.0149440 secs] [Times: user=0.01 sys=0.00, real=0.02 secs] 
97.619: Total time for which application threads were stopped: 0.0151590 seconds, Stopping threads took: 0.0001270 seconds
97.642: Application time: 0.0235420 seconds
97.643: [GC97.643: [DefNew: 64640K->3978K(64640K), 0.0122150 secs] 189464K->135335K(208076K), 0.0122580 secs] [Times: user=0.01 sys=0.00, real=0.02 secs] 
97.655: Total time for which application threads were stopped: 0.0124840 seconds, Stopping threads took: 0.0001380 seconds
97.679: Application time: 0.0244370 seconds
97.679: [GC97.679: [DefNew: 61450K->7167K(64640K), 0.0181900 secs] 192807K->148598K(208076K), 0.0182460 secs] [Times: user=0.01 sys=0.00, real=0.02 secs] 
97.698: Total time for which application threads were stopped: 0.0184140 seconds, Stopping threads took: 0.0000830 seconds
97.727: Application time: 0.0295730 seconds
97.728: [GC97.728: [DefNew: 64639K->7168K(64640K), 0.0342520 secs]97.762: [Tenured: 158526K->77111K(158604K), 0.1196420 secs] 206070K->77111K(223244K), [Perm : 8838K->8838K(21248K)], 0.1543860 secs] [Times: user=0.16 sys=0.00, real=0.15 secs] 
97.882: Total time for which application threads were stopped: 0.1545890 seconds, Stopping threads took: 0.0001200 seconds
97.913: Application time: 0.0314030 seconds
97.914: [GC97.914: [DefNew: 57472K->7168K(64640K), 0.0190750 secs] 134583K->89479K(208076K), 0.0191190 secs] [Times: user=0.02 sys=0.00, real=0.02 secs] 
97.933: Total time for which application threads were stopped: 0.0193640 seconds, Stopping threads took: 0.0001460 seconds
97.964: Application time: 0.0310230 seconds
97.964: [GC97.964: [DefNew: 64640K->7167K(64640K), 0.0195100 secs] 146951K->97544K(208076K), 0.0195530 secs] [Times: user=0.02 sys=0.00, real=0.02 secs] 
97.984: Total time for which application threads were stopped: 0.0198920 seconds, Stopping threads took: 0.0002330 seconds
98.011: Application time: 0.0273410 seconds
98.013: [GC98.013: [DefNew: 64639K->7167K(64640K), 0.0126810 secs] 155016K->101209K(208076K), 0.0127240 secs] [Times: user=0.01 sys=0.00, real=0.01 secs] 
98.026: Total time for which application threads were stopped: 0.0145720 seconds, Stopping threads took: 0.0017630 seconds
98.051: Application time: 0.0252610 seconds
98.051: [GC98.051: [DefNew: 64639K->4291K(64640K), 0.0141160 secs] 158681K->104974K(208076K), 0.0141600 secs] [Times: user=0.01 sys=0.00, real=0.02 secs] 
98.065: Total time for which application threads were stopped: 0.0145950 seconds, Stopping threads took: 0.0003290 seconds
98.089: Application time: 0.0233160 seconds
98.089: [GC98.089: [DefNew: 61763K->2169K(64640K), 0.0051250 secs] 162446K->104770K(208076K), 0.0051650 secs] [Times: user=0.01 sys=0.00, real=0.01 secs] 
98.094: Total time for which application threads were stopped: 0.0054440 seconds, Stopping threads took: 0.0001770 seconds
98.115: Application time: 0.0211290 seconds
98.116: [GC98.116: [DefNew: 59641K->2406K(64640K), 0.0022480 secs] 162242K->105007K(208076K), 0.0022820 secs] [Times: user=0.01 sys=0.00, real=0.00 secs] 
98.118: Total time for which application threads were stopped: 0.0025420 seconds, Stopping threads took: 0.0001730 seconds
98.138: Application time: 0.0197740 seconds
98.138: [GC98.138: [DefNew: 59878K->2501K(64640K), 0.0024350 secs] 162479K->105102K(208076K), 0.0024660 secs] [Times: user=0.00 sys=0.00, real=0.00 secs] 
98.140: Total time for which application threads were stopped: 0.0026690 seconds, Stopping threads took: 0.0001290 seconds
98.160: Application time: 0.0197290 seconds
98.160: [GC98.160: [DefNew: 59973K->2481K(64640K), 0.0021810 secs] 162574K->105082K(208076K), 0.0022120 secs] [Times: user=0.00 sys=0.00, real=0.00 secs] 
98.162: Total time for which application threads were stopped: 0.0024080 seconds, Stopping threads took: 0.0001190 seconds
98.182: Application time: 0.0194490 seconds
98.182: [GC98.182: [DefNew: 59953K->7168K(64640K), 0.0095190 secs] 162554K->113223K(208076K), 0.0095630 secs] [Times: user=0.01 sys=0.00, real=0.01 secs] 
98.192: Total time for which application threads were stopped: 0.0097920 seconds, Stopping threads took: 0.0001410 seconds
98.212: Application time: 0.0206200 seconds
98.212: [GC98.213: [DefNew: 64640K->7167K(64640K), 0.0200380 secs] 170695K->121508K(208076K), 0.0200850 secs] [Times: user=0.02 sys=0.00, real=0.02 secs] 
98.233: Total time for which application threads were stopped: 0.0203170 seconds, Stopping threads took: 0.0001360 seconds
98.256: Application time: 0.0236460 seconds
98.256: [GC98.256: [DefNew: 64639K->5870K(64640K), 0.0122780 secs] 178980K->126794K(208076K), 0.0123200 secs] [Times: user=0.01 sys=0.00, real=0.01 secs] 
98.269: Total time for which application threads were stopped: 0.0125100 seconds, Stopping threads took: 0.0001030 seconds
98.292: Application time: 0.0230460 seconds
98.292: [GC98.292: [DefNew: 63342K->7029K(64640K), 0.0127770 secs] 184266K->133078K(208076K), 0.0128280 secs] [Times: user=0.01 sys=0.00, real=0.02 secs] 
98.305: Total time for which application threads were stopped: 0.0131410 seconds, Stopping threads took: 0.0002050 seconds
98.331: Application time: 0.0260640 seconds
98.331: [GC98.331: [DefNew: 64501K->7167K(64640K), 0.0230940 secs] 190550K->147114K(208076K), 0.0231410 secs] [Times: user=0.02 sys=0.00, real=0.03 secs] 
98.354: Total time for which application threads were stopped: 0.0233480 seconds, Stopping threads took: 0.0001240 seconds
98.385: Application time: 0.0303080 seconds
98.385: [GC98.385: [DefNew: 64639K->7167K(64640K), 0.0280480 secs]98.413: [Tenured: 151391K->77239K(151500K), 0.1260970 secs] 204586K->77239K(216140K), [Perm : 8838K->8838K(21248K)], 0.1545390 secs] [Times: user=0.15 sys=0.01, real=0.15 secs] 
98.541: Total time for which application threads were stopped: 0.1560460 seconds, Stopping threads took: 0.0001110 seconds
98.572: Application time: 0.0316950 seconds
98.573: [GC98.573: [DefNew: 57472K->7167K(64640K), 0.0124470 secs] 134711K->88064K(208076K), 0.0124910 secs] [Times: user=0.01 sys=0.00, real=0.01 secs] 
98.585: Total time for which application threads were stopped: 0.0127710 seconds, Stopping threads took: 0.0001830 seconds
98.615: Application time: 0.0299650 seconds
98.615: [GC98.615: [DefNew: 64639K->7168K(64640K), 0.0179930 secs] 145536K->95259K(208076K), 0.0180370 secs] [Times: user=0.02 sys=0.00, real=0.02 secs] 
98.633: Total time for which application threads were stopped: 0.0182680 seconds, Stopping threads took: 0.0001270 seconds
98.661: Application time: 0.0276450 seconds
98.661: [GC98.661: [DefNew: 64640K->5064K(64640K), 0.0107700 secs] 152731K->96953K(208076K), 0.0108150 secs] [Times: user=0.01 sys=0.00, real=0.01 secs] 
98.672: Total time for which application threads were stopped: 0.0111140 seconds, Stopping threads took: 0.0001920 seconds
98.697: Application time: 0.0251910 seconds
98.698: [GC98.698: [DefNew: 62536K->4059K(64640K), 0.0080240 secs] 154425K->99990K(208076K), 0.0080680 secs] [Times: user=0.01 sys=0.00, real=0.01 secs] 
98.706: Total time for which application threads were stopped: 0.0084010 seconds, Stopping threads took: 0.0002270 seconds
98.729: Application time: 0.0227770 seconds
98.729: [GC98.729: [DefNew: 61531K->2370K(64640K), 0.0036590 secs] 157462K->99330K(208076K), 0.0036990 secs] [Times: user=0.00 sys=0.00, real=0.01 secs] 
98.733: Total time for which application threads were stopped: 0.0039600 seconds, Stopping threads took: 0.0001790 seconds
98.753: Application time: 0.0208330 seconds
98.754: [GC98.754: [DefNew: 59842K->2363K(64640K), 0.0025550 secs] 156802K->99323K(208076K), 0.0025870 secs] [Times: user=0.01 sys=0.00, real=0.00 secs] 
98.756: Total time for which application threads were stopped: 0.0028430 seconds, Stopping threads took: 0.0001820 seconds
98.777: Application time: 0.0203570 seconds
98.777: [GC98.777: [DefNew: 59835K->2422K(64640K), 0.0020770 secs] 156795K->99382K(208076K), 0.0021090 secs] [Times: user=0.01 sys=0.00, real=0.00 secs] 
98.779: Total time for which application threads were stopped: 0.0022800 seconds, Stopping threads took: 0.0000950 seconds
98.799: Application time: 0.0196960 seconds
98.799: [GC98.799: [DefNew: 59894K->4640K(64640K), 0.0040090 secs] 156854K->101600K(208076K), 0.0040470 secs] [Times: user=0.00 sys=0.00, real=0.00 secs] 
98.803: Total time for which application threads were stopped: 0.0042320 seconds, Stopping threads took: 0.0001050 seconds
98.823: Application time: 0.0197400 seconds
98.823: [GC98.823: [DefNew: 62112K->7167K(64640K), 0.0132530 secs] 159072K->110015K(208076K), 0.0132960 secs] [Times: user=0.02 sys=0.00, real=0.02 secs] 
98.836: Total time for which application threads were stopped: 0.0135300 seconds, Stopping threads took: 0.0001490 seconds
98.857: Application time: 0.0210850 seconds
98.857: [GC98.857: [DefNew: 64639K->7167K(64640K), 0.0137320 secs] 167487K->116173K(208076K), 0.0137830 secs] [Times: user=0.02 sys=0.00, real=0.01 secs] 
98.871: Total time for which application threads were stopped: 0.0140180 seconds, Stopping threads took: 0.0001480 seconds
98.894: Application time: 0.0233170 seconds
98.895: [GC98.895: [DefNew: 64639K->6338K(64640K), 0.0117390 secs] 173645K->122029K(208076K), 0.0117840 secs] [Times: user=0.02 sys=0.00, real=0.01 secs] 
98.907: Total time for which application threads were stopped: 0.0120910 seconds, Stopping threads took: 0.0002020 seconds
98.930: Application time: 0.0230260 seconds
98.930: [GC98.930: [DefNew: 63810K->7168K(64640K), 0.0166130 secs] 179501K->130778K(208076K), 0.0166570 secs] [Times: user=0.02 sys=0.00, real=0.02 secs] 
98.947: Total time for which application threads were stopped: 0.0169380 seconds, Stopping threads took: 0.0001780 seconds
98.974: Application time: 0.0272010 seconds
98.974: [GC98.974: [DefNew: 64640K->7168K(64640K), 0.0311070 secs] 188250K->148109K(208076K), 0.0311510 secs] [Times: user=0.04 sys=0.00, real=0.03 secs] 
99.005: Total time for which application threads were stopped: 0.0313520 seconds, Stopping threads took: 0.0001180 seconds
99.036: Application time: 0.0306380 seconds
99.036: [GC99.036: [DefNew: 64640K->7167K(64640K), 0.0224880 secs]99.058: [Tenured: 150275K->80460K(150348K), 0.1201080 secs] 205581K->80460K(214988K), [Perm : 8838K->8838K(21248K)], 0.1428930 secs] [Times: user=0.14 sys=0.00, real=0.14 secs] 
99.179: Total time for which application threads were stopped: 0.1431090 seconds, Stopping threads took: 0.0001310 seconds
99.210: Application time: 0.0313990 seconds
99.211: [GC99.211: [DefNew: 57472K->7168K(64640K), 0.0155280 secs] 137932K->93509K(208076K), 0.0155710 secs] [Times: user=0.02 sys=0.00, real=0.02 secs] 
99.226: Total time for which application threads were stopped: 0.0158630 seconds, Stopping threads took: 0.0001990 seconds
99.256: Application time: 0.0298960 seconds
99.256: [GC99.256: [DefNew: 64640K->7167K(64640K), 0.0213960 secs] 150981K->100754K(208076K), 0.0214390 secs] [Times: user=0.02 sys=0.00, real=0.02 secs] 
99.278: Total time for which application threads were stopped: 0.0216510 seconds, Stopping threads took: 0.0001260 seconds
99.304: Application time: 0.0266810 seconds
99.305: [GC99.305: [DefNew: 64639K->3128K(64640K), 0.0094320 secs] 158226K->103697K(208076K), 0.0094730 secs] [Times: user=0.01 sys=0.00, real=0.01 secs] 
99.314: Total time for which application threads were stopped: 0.0096980 seconds, Stopping threads took: 0.0001370 seconds
99.339: Application time: 0.0245910 seconds
99.339: [GC99.339: [DefNew: 60600K->5846K(64640K), 0.0060680 secs] 161169K->106415K(208076K), 0.0061130 secs] [Times: user=0.01 sys=0.00, real=0.01 secs] 
99.345: Total time for which application threads were stopped: 0.0063470 seconds, Stopping threads took: 0.0001460 seconds
99.367: Application time: 0.0222650 seconds
99.367: [GC99.368: [DefNew: 63318K->2369K(64640K), 0.0058490 secs] 163887K->105665K(208076K), 0.0058920 secs] [Times: user=0.01 sys=0.00, real=0.01 secs] 
99.373: Total time for which application threads were stopped: 0.0061210 seconds, Stopping threads took: 0.0001410 seconds
99.394: Application time: 0.0204610 seconds
99.394: [GC99.394: [DefNew: 59841K->2421K(64640K), 0.0023670 secs] 163137K->105717K(208076K), 0.0024000 secs] [Times: user=0.00 sys=0.00, real=0.00 secs] 
99.396: Total time for which application threads were stopped: 0.0025920 seconds, Stopping threads took: 0.0001080 seconds
99.416: Application time: 0.0197110 seconds
99.416: [GC99.416: [DefNew: 59893K->2464K(64640K), 0.0021440 secs] 163189K->105761K(208076K), 0.0021750 secs] [Times: user=0.00 sys=0.00, real=0.00 secs] 
99.419: Total time for which application threads were stopped: 0.0023820 seconds, Stopping threads took: 0.0001330 seconds
99.438: Application time: 0.0198400 seconds
99.439: [GC99.439: [DefNew: 59936K->6144K(64640K), 0.0049950 secs] 163233K->109441K(208076K), 0.0050390 secs] [Times: user=0.01 sys=0.00, real=0.00 secs] 
99.444: Total time for which application threads were stopped: 0.0052570 seconds, Stopping threads took: 0.0001310 seconds
99.463: Application time: 0.0198370 seconds
99.464: [GC99.464: [DefNew: 63616K->7167K(64640K), 0.0123820 secs] 166913K->117312K(208076K), 0.0124330 secs] [Times: user=0.01 sys=0.00, real=0.02 secs] 
99.476: Total time for which application threads were stopped: 0.0126090 seconds, Stopping threads took: 0.0000910 seconds
99.498: Application time: 0.0215180 seconds
99.498: [GC99.498: [DefNew: 64639K->6659K(64640K), 0.0123080 secs] 174784K->122882K(208076K), 0.0123500 secs] [Times: user=0.01 sys=0.00, real=0.01 secs] 
99.510: Total time for which application threads were stopped: 0.0125630 seconds, Stopping threads took: 0.0001270 seconds
99.534: Application time: 0.0233800 seconds
99.534: [GC99.534: [DefNew: 64131K->6817K(64640K), 0.0122750 secs] 180354K->129284K(208076K), 0.0123180 secs] [Times: user=0.01 sys=0.00, real=0.01 secs] 
99.546: Total time for which application threads were stopped: 0.0126040 seconds, Stopping threads took: 0.0002020 seconds
99.569: Application time: 0.0231950 seconds
99.570: [GC99.570: [DefNew: 64289K->7168K(64640K), 0.0164080 secs] 186756K->139709K(208076K), 0.0164530 secs] [Times: user=0.01 sys=0.00, real=0.02 secs] 
99.586: Total time for which application threads were stopped: 0.0166960 seconds, Stopping threads took: 0.0001570 seconds
99.614: Application time: 0.0278060 seconds
99.614: [GC99.614: [DefNew: 64640K->7168K(64640K), 0.0292850 secs]99.643: [Tenured: 149492K->80865K(149580K), 0.1147080 secs] 197181K->80865K(214220K), [Perm : 8838K->8838K(21248K)], 0.1442680 secs] [Times: user=0.14 sys=0.00, real=0.14 secs] 
99.758: Total time for which application threads were stopped: 0.1444990 seconds, Stopping threads took: 0.0001480 seconds
99.790: Application time: 0.0318350 seconds
99.790: [GC99.791: [DefNew: 57472K->7168K(64640K), 0.0174380 secs] 138337K->93468K(208076K), 0.0174830 secs] [Times: user=0.02 sys=0.00, real=0.02 secs] 
99.808: Total time for which application threads were stopped: 0.0177840 seconds, Stopping threads took: 0.0002030 seconds
99.839: Application time: 0.0310370 seconds
99.839: [GC99.839: [DefNew: 64640K->7168K(64640K), 0.0254010 secs] 150940K->105403K(208076K), 0.0254440 secs] [Times: user=0.02 sys=0.00, real=0.03 secs] 
99.865: Total time for which application threads were stopped: 0.0256530 seconds, Stopping threads took: 0.0001040 seconds
99.895: Application time: 0.0300910 seconds
99.897: [GC99.897: [DefNew: 64640K->7167K(64640K), 0.0197600 secs] 162875K->112583K(208076K), 0.0198040 secs] [Times: user=0.02 sys=0.00, real=0.02 secs] 
99.917: Total time for which application threads were stopped: 0.0217850 seconds, Stopping threads took: 0.0018770 seconds
99.944: Application time: 0.0269750 seconds
99.944: [GC99.944: [DefNew: 64639K->3063K(64640K), 0.0110760 secs] 170055K->114529K(208076K), 0.0111200 secs] [Times: user=0.01 sys=0.00, real=0.02 secs] 
99.955: Total time for which application threads were stopped: 0.0115140 seconds, Stopping threads took: 0.0002880 seconds
99.980: Application time: 0.0244860 seconds
99.980: [GC99.980: [DefNew: 60535K->4899K(64640K), 0.0055810 secs] 172001K->116364K(208076K), 0.0056200 secs] [Times: user=0.00 sys=0.00, real=0.01 secs] 
99.986: Total time for which application threads were stopped: 0.0060280 seconds, Stopping threads took: 0.0003050 seconds
100.007: Application time: 0.0218750 seconds
100.008: [GC100.008: [DefNew: 62371K->2632K(64640K), 0.0053170 secs] 173836K->116633K(208076K), 0.0053580 secs] [Times: user=0.00 sys=0.00, real=0.01 secs] 
100.013: Total time for which application threads were stopped: 0.0057960 seconds, Stopping threads took: 0.0003330 seconds
100.034: Application time: 0.0204230 seconds
100.034: [GC100.034: [DefNew: 60104K->2593K(64640K), 0.0027890 secs] 174105K->116594K(208076K), 0.0028220 secs] [Times: user=0.00 sys=0.00, real=0.00 secs] 
100.037: Total time for which application threads were stopped: 0.0031630 seconds, Stopping threads took: 0.0002430 seconds
100.057: Application time: 0.0199510 seconds
100.057: [GC100.057: [DefNew: 60065K->2744K(64640K), 0.0028780 secs] 174066K->116745K(208076K), 0.0029190 secs] [Times: user=0.00 sys=0.00, real=0.00 secs] 
100.060: Total time for which application threads were stopped: 0.0032680 seconds, Stopping threads took: 0.0002530 seconds
100.080: Application time: 0.0198070 seconds
100.080: [GC100.080: [DefNew: 60216K->7168K(64640K), 0.0075530 secs] 174217K->121258K(208076K), 0.0075940 secs] [Times: user=0.01 sys=0.00, real=0.01 secs] 
100.088: Total time for which application threads were stopped: 0.0078890 seconds, Stopping threads took: 0.0001870 seconds
100.107: Application time: 0.0196250 seconds
100.108: [GC100.108: [DefNew: 64640K->7035K(64640K), 0.0127070 secs] 178730K->127612K(208076K), 0.0127540 secs] [Times: user=0.02 sys=0.00, real=0.01 secs] 
100.120: Total time for which application threads were stopped: 0.0129460 seconds, Stopping threads took: 0.0001070 seconds
100.141: Application time: 0.0211080 seconds
100.142: [GC100.142: [DefNew: 64507K->6010K(64640K), 0.0119920 secs] 185084K->132913K(208076K), 0.0120360 secs] [Times: user=0.02 sys=0.00, real=0.02 secs] 
100.154: Total time for which application threads were stopped: 0.0123150 seconds, Stopping threads took: 0.0001920 seconds
100.178: Application time: 0.0238510 seconds
100.178: [GC100.178: [DefNew: 63482K->7167K(64640K), 0.0150300 secs] 190385K->140263K(208076K), 0.0150730 secs] [Times: user=0.01 sys=0.00, real=0.02 secs] 
100.193: Total time for which application threads were stopped: 0.0153370 seconds, Stopping threads took: 0.0001770 seconds
100.218: Application time: 0.0248730 seconds
100.218: [GC100.218: [DefNew: 64639K->7168K(64640K), 0.0275030 secs]100.246: [Tenured: 149455K->76866K(149580K), 0.1224090 secs] 197735K->76866K(214220K), [Perm : 8838K->8838K(21248K)], 0.1502280 secs] [Times: user=0.15 sys=0.00, real=0.15 secs] 
100.368: Total time for which application threads were stopped: 0.1505790 seconds, Stopping threads took: 0.0002490 seconds
100.398: Application time: 0.0297240 seconds
100.398: [GC100.398: [DefNew: 57472K->7167K(64640K), 0.0184330 secs] 134338K->92290K(208076K), 0.0184770 secs] [Times: user=0.02 sys=0.00, real=0.02 secs] 
100.417: Total time for which application threads were stopped: 0.0188120 seconds, Stopping threads took: 0.0002290 seconds
100.448: Application time: 0.0307000 seconds
100.448: [GC100.448: [DefNew: 64639K->7167K(64640K), 0.0250540 secs] 149762K->103542K(208076K), 0.0250980 secs] [Times: user=0.03 sys=0.00, real=0.03 secs] 
100.473: Total time for which application threads were stopped: 0.0252890 seconds, Stopping threads took: 0.0001040 seconds
100.503: Application time: 0.0301280 seconds
100.503: [GC100.503: [DefNew: 64639K->7168K(64640K), 0.0276820 secs] 161014K->116318K(208076K), 0.0277260 secs] [Times: user=0.03 sys=0.00, real=0.03 secs] 
100.531: Total time for which application threads were stopped: 0.0280770 seconds, Stopping threads took: 0.0002450 seconds
100.561: Application time: 0.0302840 seconds
100.562: [GC100.562: [DefNew: 64640K->7167K(64640K), 0.0232320 secs] 173790K->123695K(208076K), 0.0232770 secs] [Times: user=0.02 sys=0.00, real=0.03 secs] 
100.585: Total time for which application threads were stopped: 0.0235870 seconds, Stopping threads took: 0.0002060 seconds
100.611: Application time: 0.0255290 seconds
100.611: [GC100.611: [DefNew: 64639K->1518K(64640K), 0.0073670 secs] 181167K->123586K(208076K), 0.0074140 secs] [Times: user=0.00 sys=0.00, real=0.01 secs] 
100.618: Total time for which application threads were stopped: 0.0078080 seconds, Stopping threads took: 0.0002870 seconds
100.642: Application time: 0.0238830 seconds
100.643: [GC100.643: [DefNew: 58990K->4067K(64640K), 0.0045980 secs] 181058K->126135K(208076K), 0.0046370 secs] [Times: user=0.01 sys=0.00, real=0.01 secs] 
100.647: Total time for which application threads were stopped: 0.0049430 seconds, Stopping threads took: 0.0002040 seconds
100.668: Application time: 0.0211770 seconds
100.669: [GC100.669: [DefNew: 61539K->2403K(64640K), 0.0044750 secs] 183607K->125500K(208076K), 0.0045100 secs] [Times: user=0.01 sys=0.00, real=0.01 secs] 
100.673: Total time for which application threads were stopped: 0.0049780 seconds, Stopping threads took: 0.0003820 seconds
100.693: Application time: 0.0198450 seconds
100.694: [GC100.694: [DefNew: 59875K->2412K(64640K), 0.0025090 secs] 182972K->125509K(208076K), 0.0025390 secs] [Times: user=0.00 sys=0.00, real=0.00 secs] 
100.696: Total time for which application threads were stopped: 0.0028510 seconds, Stopping threads took: 0.0002170 seconds
100.716: Application time: 0.0197440 seconds
100.716: [GC100.716: [DefNew: 59884K->3666K(64640K), 0.0029300 secs] 182981K->126763K(208076K), 0.0029660 secs] [Times: user=0.00 sys=0.00, real=0.00 secs] 
100.719: Total time for which application threads were stopped: 0.0032880 seconds, Stopping threads took: 0.0002430 seconds
100.738: Application time: 0.0191070 seconds
100.738: [GC100.738: [DefNew: 61138K->6303K(64640K), 0.0078470 secs] 184235K->130329K(208076K), 0.0078890 secs] [Times: user=0.01 sys=0.00, real=0.01 secs] 
100.746: Total time for which application threads were stopped: 0.0081340 seconds, Stopping threads took: 0.0001580 seconds
100.766: Application time: 0.0194150 seconds
100.766: [GC100.766: [DefNew: 63775K->5556K(64640K), 0.0099680 secs] 187801K->135234K(208076K), 0.0100120 secs] [Times: user=0.01 sys=0.00, real=0.01 secs] 
100.776: Total time for which application threads were stopped: 0.0103880 seconds, Stopping threads took: 0.0002740 seconds
100.798: Application time: 0.0213960 seconds
100.798: [GC100.798: [DefNew: 63028K->7167K(64640K), 0.0147230 secs] 192706K->142656K(208076K), 0.0147650 secs] [Times: user=0.01 sys=0.00, real=0.02 secs] 
100.813: Total time for which application threads were stopped: 0.0150040 seconds, Stopping threads took: 0.0001540 seconds
100.835: Application time: 0.0227940 seconds
100.836: [GC100.836: [DefNew: 64639K->7167K(64640K), 0.0140520 secs] 200128K->149326K(208076K), 0.0140970 secs] [Times: user=0.02 sys=0.00, real=0.01 secs] 
100.850: Total time for which application threads were stopped: 0.0143520 seconds, Stopping threads took: 0.0001690 seconds
100.876: Application time: 0.0259070 seconds
100.876: [GC100.876: [DefNew: 64639K->7168K(64640K), 0.0304940 secs]100.906: [Tenured: 159285K->79213K(159372K), 0.1190880 secs] 206798K->79213K(224012K), [Perm : 8838K->8838K(21248K)], 0.1501420 secs] [Times: user=0.15 sys=0.01, real=0.15 secs] 
101.026: Total time for which application threads were stopped: 0.1503570 seconds, Stopping threads took: 0.0001300 seconds
101.056: Application time: 0.0303090 seconds
101.056: [GC101.056: [DefNew: 57472K->7167K(64640K), 0.0186450 secs] 136685K->94696K(208076K), 0.0186870 secs] [Times: user=0.02 sys=0.00, real=0.02 secs] 
101.075: Total time for which application threads were stopped: 0.0188640 seconds, Stopping threads took: 0.0000730 seconds
101.106: Application time: 0.0310500 seconds
101.107: [GC101.107: [DefNew: 64639K->7167K(64640K), 0.0219760 secs] 152168K->106658K(208076K), 0.0220210 secs] [Times: user=0.02 sys=0.00, real=0.02 secs] 
101.129: Total time for which application threads were stopped: 0.0223380 seconds, Stopping threads took: 0.0002110 seconds
101.159: Application time: 0.0308820 seconds
101.160: [GC101.160: [DefNew: 64639K->7168K(64640K), 0.0273820 secs] 164130K->119586K(208076K), 0.0274260 secs] [Times: user=0.03 sys=0.00, real=0.03 secs] 
101.187: Total time for which application threads were stopped: 0.0277900 seconds, Stopping threads took: 0.0002590 seconds
101.216: Application time: 0.0290390 seconds
101.216: [GC101.217: [DefNew: 64640K->6381K(64640K), 0.0160710 secs] 177058K->124538K(208076K), 0.0161140 secs] [Times: user=0.01 sys=0.00, real=0.02 secs] 
101.233: Total time for which application threads were stopped: 0.0163520 seconds, Stopping threads took: 0.0001450 seconds
101.258: Application time: 0.0252590 seconds
101.258: [GC101.258: [DefNew: 63853K->3157K(64640K), 0.0088260 secs] 182010K->126430K(208076K), 0.0088700 secs] [Times: user=0.01 sys=0.00, real=0.01 secs] 
101.267: Total time for which application threads were stopped: 0.0091320 seconds, Stopping threads took: 0.0001730 seconds
101.291: Application time: 0.0238260 seconds
101.291: [GC101.291: [DefNew: 60629K->3250K(64640K), 0.0043970 secs] 183902K->126523K(208076K), 0.0044400 secs] [Times: user=0.00 sys=0.00, real=0.01 secs] 
101.296: Total time for which application threads were stopped: 0.0047570 seconds, Stopping threads took: 0.0002200 seconds
101.316: Application time: 0.0208690 seconds
101.317: [GC101.317: [DefNew: 60722K->3437K(64640K), 0.0034350 secs] 183995K->126710K(208076K), 0.0034730 secs] [Times: user=0.01 sys=0.00, real=0.00 secs] 
101.320: Total time for which application threads were stopped: 0.0038830 seconds, Stopping threads took: 0.0003110 seconds
101.341: Application time: 0.0201640 seconds
101.341: [GC101.341: [DefNew: 60909K->3473K(64640K), 0.0032960 secs] 184182K->126746K(208076K), 0.0033310 secs] [Times: user=0.01 sys=0.00, real=0.00 secs] 
101.344: Total time for which application threads were stopped: 0.0036240 seconds, Stopping threads took: 0.0001940 seconds
101.364: Application time: 0.0200630 seconds
101.364: [GC101.364: [DefNew: 60945K->7125K(64640K), 0.0055780 secs] 184218K->130397K(208076K), 0.0056190 secs] [Times: user=0.00 sys=0.00, real=0.01 secs] 
101.370: Total time for which application threads were stopped: 0.0057840 seconds, Stopping threads took: 0.0000780 seconds
101.389: Application time: 0.0190850 seconds
101.389: [GC101.389: [DefNew: 64597K->2682K(64640K), 0.0099740 secs] 187869K->132381K(208076K), 0.0100170 secs] [Times: user=0.01 sys=0.00, real=0.01 secs] 
101.399: Total time for which application threads were stopped: 0.0102460 seconds, Stopping threads took: 0.0001420 seconds
101.420: Application time: 0.0203720 seconds
101.420: [GC101.420: [DefNew: 60154K->7168K(64640K), 0.0061320 secs] 189853K->137760K(208076K), 0.0061750 secs] [Times: user=0.01 sys=0.00, real=0.01 secs] 
101.426: Total time for which application threads were stopped: 0.0064330 seconds, Stopping threads took: 0.0001520 seconds
101.447: Application time: 0.0211160 seconds
101.448: [GC101.448: [DefNew: 64640K->7167K(64640K), 0.0168850 secs] 195232K->144735K(208076K), 0.0169270 secs] [Times: user=0.02 sys=0.00, real=0.02 secs] 
101.465: Total time for which application threads were stopped: 0.0172290 seconds, Stopping threads took: 0.0001990 seconds
101.487: Application time: 0.0229560 seconds
101.488: [GC101.488: [DefNew: 64639K->7168K(64640K), 0.0155690 secs]101.503: [Tenured: 144712K->84401K(144780K), 0.1171350 secs] 202207K->84401K(209420K), [Perm : 8838K->8838K(21248K)], 0.1328300 secs] [Times: user=0.13 sys=0.00, real=0.13 secs] 
101.621: Total time for which application threads were stopped: 0.1331010 seconds, Stopping threads took: 0.0001710 seconds
101.647: Application time: 0.0263480 seconds
101.647: [GC101.647: [DefNew: 57472K->7167K(64640K), 0.0278470 secs] 141873K->104189K(208076K), 0.0278910 secs] [Times: user=0.03 sys=0.00, real=0.03 secs] 
101.675: Total time for which application threads were stopped: 0.0282830 seconds, Stopping threads took: 0.0002720 seconds
101.706: Application time: 0.0312080 seconds
101.707: [GC101.707: [DefNew: 64639K->7167K(64640K), 0.0240320 secs] 161661K->113676K(208076K), 0.0240780 secs] [Times: user=0.02 sys=0.00, real=0.02 secs] 
101.731: Total time for which application threads were stopped: 0.0244130 seconds, Stopping threads took: 0.0002320 seconds
101.763: Application time: 0.0317830 seconds
101.763: [GC101.763: [DefNew: 64639K->7167K(64640K), 0.0275960 secs] 171148K->127723K(208076K), 0.0276430 secs] [Times: user=0.02 sys=0.00, real=0.03 secs] 
101.791: Total time for which application threads were stopped: 0.0278880 seconds, Stopping threads took: 0.0001550 seconds
101.821: Application time: 0.0307510 seconds
101.821: [GC101.821: [DefNew: 64639K->7167K(64640K), 0.0215640 secs] 185195K->138891K(208076K), 0.0216070 secs] [Times: user=0.02 sys=0.00, real=0.02 secs] 
101.843: Total time for which application threads were stopped: 0.0218430 seconds, Stopping threads took: 0.0001510 seconds
101.872: Application time: 0.0288440 seconds
101.872: [GC101.872: [DefNew: 64639K->7168K(64640K), 0.0201820 secs] 196363K->146068K(208076K), 0.0202360 secs] [Times: user=0.02 sys=0.00, real=0.02 secs] 
101.892: Total time for which application threads were stopped: 0.0204180 seconds, Stopping threads took: 0.0000930 seconds
101.917: Application time: 0.0247310 seconds
101.917: [GC101.917: [DefNew: 64640K->3528K(64640K), 0.0101310 secs]101.927: [Tenured: 144192K->84615K(144204K), 0.1275050 secs] 203540K->84615K(208844K), [Perm : 8838K->8838K(21248K)], 0.1377480 secs] [Times: user=0.14 sys=0.00, real=0.14 secs] 
102.055: Total time for which application threads were stopped: 0.1379390 seconds, Stopping threads took: 0.0001060 seconds
102.078: Application time: 0.0233780 seconds
102.079: [GC102.079: [DefNew: 57472K->3882K(64640K), 0.0055360 secs] 142087K->88497K(208076K), 0.0055730 secs] [Times: user=0.01 sys=0.00, real=0.00 secs] 
102.084: Total time for which application threads were stopped: 0.0058350 seconds, Stopping threads took: 0.0001620 seconds
102.105: Application time: 0.0207600 seconds
102.105: [GC102.105: [DefNew: 61354K->306K(64640K), 0.0039350 secs] 145969K->88552K(208076K), 0.0039730 secs] [Times: user=0.01 sys=0.00, real=0.00 secs] 
102.109: Total time for which application threads were stopped: 0.0042120 seconds, Stopping threads took: 0.0001500 seconds
102.129: Application time: 0.0202140 seconds
102.133: [GC102.133: [DefNew: 57778K->3522K(64640K), 0.0026230 secs] 146024K->91768K(208076K), 0.0026600 secs] [Times: user=0.00 sys=0.00, real=0.00 secs] 
102.135: Total time for which application threads were stopped: 0.0058420 seconds, Stopping threads took: 0.0031000 seconds
102.156: Application time: 0.0207460 seconds
102.156: [GC102.156: [DefNew: 60994K->5932K(64640K), 0.0071640 secs] 149240K->94177K(208076K), 0.0072080 secs] [Times: user=0.00 sys=0.00, real=0.00 secs] 
102.163: Total time for which application threads were stopped: 0.0074370 seconds, Stopping threads took: 0.0001300 seconds
102.183: Application time: 0.0195240 seconds
102.183: [GC102.183: [DefNew: 63404K->3784K(64640K), 0.0059650 secs] 151649K->94578K(208076K), 0.0060070 secs] [Times: user=0.01 sys=0.00, real=0.01 secs] 
102.189: Total time for which application threads were stopped: 0.0062860 seconds, Stopping threads took: 0.0001720 seconds
102.209: Application time: 0.0194140 seconds
102.209: [GC102.209: [DefNew: 61256K->7168K(64640K), 0.0079210 secs] 152050K->101467K(208076K), 0.0079630 secs] [Times: user=0.01 sys=0.00, real=0.01 secs] 
102.217: Total time for which application threads were stopped: 0.0081700 seconds, Stopping threads took: 0.0001210 seconds
102.238: Application time: 0.0211820 seconds
102.238: [GC102.238: [DefNew: 64640K->7168K(64640K), 0.0143090 secs] 158939K->107783K(208076K), 0.0143530 secs] [Times: user=0.01 sys=0.00, real=0.02 secs] 
102.253: Total time for which application threads were stopped: 0.0145500 seconds, Stopping threads took: 0.0001100 seconds
102.276: Application time: 0.0231320 seconds
102.276: [GC102.276: [DefNew: 64640K->7168K(64640K), 0.0178570 secs] 165255K->116908K(208076K), 0.0178980 secs] [Times: user=0.02 sys=0.00, real=0.02 secs] 
102.294: Total time for which application threads were stopped: 0.0181210 seconds, Stopping threads took: 0.0001200 seconds
102.321: Application time: 0.0274180 seconds
102.322: [GC102.322: [DefNew: 64640K->7168K(64640K), 0.0298620 secs] 174380K->133001K(208076K), 0.0299070 secs] [Times: user=0.03 sys=0.00, real=0.03 secs] 
102.352: Total time for which application threads were stopped: 0.0302030 seconds, Stopping threads took: 0.0001940 seconds
102.382: Application time: 0.0308460 seconds
102.383: [GC102.383: [DefNew: 64640K->7167K(64640K), 0.0205750 secs] 190473K->141885K(208076K), 0.0206180 secs] [Times: user=0.01 sys=0.01, real=0.02 secs] 
102.403: Total time for which application threads were stopped: 0.0208420 seconds, Stopping threads took: 0.0001400 seconds
102.434: Application time: 0.0309340 seconds
102.434: [GC102.434: [DefNew: 64639K->7167K(64640K), 0.0305210 secs]102.465: [Tenured: 148193K->76082K(148236K), 0.1259360 secs] 199357K->76082K(212876K), [Perm : 8838K->8838K(21248K)], 0.1567310 secs] [Times: user=0.16 sys=0.00, real=0.15 secs] 
102.591: Total time for which application threads were stopped: 0.1570460 seconds, Stopping threads took: 0.0002140 seconds
102.621: Application time: 0.0299440 seconds
102.621: [GC102.621: [DefNew: 57472K->7167K(64640K), 0.0168050 secs] 133554K->89277K(208076K), 0.0168490 secs] [Times: user=0.02 sys=0.00, real=0.02 secs] 
102.638: Total time for which application threads were stopped: 0.0170990 seconds, Stopping threads took: 0.0001440 seconds
102.667: Application time: 0.0284340 seconds
102.667: [GC102.667: [DefNew: 64639K->4761K(64640K), 0.0161290 secs] 146749K->93716K(208076K), 0.0161730 secs] [Times: user=0.02 sys=0.00, real=0.01 secs] 
102.683: Total time for which application threads were stopped: 0.0164440 seconds, Stopping threads took: 0.0001530 seconds
102.708: Application time: 0.0246680 seconds
102.708: [GC102.708: [DefNew: 62233K->3261K(64640K), 0.0072950 secs] 151188K->95327K(208076K), 0.0073410 secs] [Times: user=0.00 sys=0.00, real=0.01 secs] 
102.715: Total time for which application threads were stopped: 0.0076240 seconds, Stopping threads took: 0.0001950 seconds
102.738: Application time: 0.0229630 seconds
102.739: [GC102.739: [DefNew: 60733K->3247K(64640K), 0.0041050 secs] 152799K->95312K(208076K), 0.0041420 secs] [Times: user=0.00 sys=0.00, real=0.00 secs] 
102.743: Total time for which application threads were stopped: 0.0043520 seconds, Stopping threads took: 0.0001300 seconds
102.764: Application time: 0.0212730 seconds
102.764: [GC102.764: [DefNew: 60719K->3390K(64640K), 0.0033950 secs] 152784K->95456K(208076K), 0.0034260 secs] [Times: user=0.00 sys=0.00, real=0.01 secs] 
102.768: Total time for which application threads were stopped: 0.0036510 seconds, Stopping threads took: 0.0001510 seconds
102.789: Application time: 0.0208530 seconds
102.789: [GC102.789: [DefNew: 60862K->7168K(64640K), 0.0069970 secs] 152928K->100168K(208076K), 0.0070400 secs] [Times: user=0.01 sys=0.00, real=0.01 secs] 
102.796: Total time for which application threads were stopped: 0.0073160 seconds, Stopping threads took: 0.0001910 seconds
102.816: Application time: 0.0205150 seconds
102.816: [GC102.817: [DefNew: 64640K->2056K(64640K), 0.0090250 secs] 157640K->101484K(208076K), 0.0090690 secs] [Times: user=0.01 sys=0.00, real=0.01 secs] 
102.826: Total time for which application threads were stopped: 0.0092300 seconds, Stopping threads took: 0.0000660 seconds
102.845: Application time: 0.0192740 seconds
102.845: [GC102.845: [DefNew: 59528K->2092K(64640K), 0.0023530 secs] 158956K->101520K(208076K), 0.0023860 secs] [Times: user=0.01 sys=0.00, real=0.00 secs] 
102.848: Total time for which application threads were stopped: 0.0027040 seconds, Stopping threads took: 0.0002220 seconds
102.867: Application time: 0.0192190 seconds
102.867: [GC102.867: [DefNew: 59564K->7168K(64640K), 0.0062100 secs] 158992K->107759K(208076K), 0.0062530 secs] [Times: user=0.01 sys=0.00, real=0.01 secs] 
102.873: Total time for which application threads were stopped: 0.0066430 seconds, Stopping threads took: 0.0002860 seconds
102.895: Application time: 0.0210830 seconds
102.895: [GC102.895: [DefNew: 64640K->7168K(64640K), 0.0213360 secs] 165231K->117518K(208076K), 0.0213830 secs] [Times: user=0.03 sys=0.00, real=0.02 secs] 
102.916: Total time for which application threads were stopped: 0.0216950 seconds, Stopping threads took: 0.0002080 seconds
102.940: Application time: 0.0234660 seconds
102.940: [GC102.940: [DefNew: 64640K->7167K(64640K), 0.0239390 secs] 174990K->129867K(208076K), 0.0239850 secs] [Times: user=0.03 sys=0.00, real=0.02 secs] 
102.964: Total time for which application threads were stopped: 0.0241900 seconds, Stopping threads took: 0.0001190 seconds
102.992: Application time: 0.0285050 seconds
102.993: [GC102.993: [DefNew: 64639K->7168K(64640K), 0.0257320 secs] 187339K->143390K(208076K), 0.0257760 secs] [Times: user=0.03 sys=0.00, real=0.02 secs] 
103.018: Total time for which application threads were stopped: 0.0259990 seconds, Stopping threads took: 0.0001280 seconds
103.049: Application time: 0.0310180 seconds
103.050: [GC103.050: [DefNew: 64640K->7168K(64640K), 0.0222880 secs]103.072: [Tenured: 146699K->78062K(146700K), 0.1196500 secs] 200862K->78062K(211340K), [Perm : 8838K->8838K(21248K)], 0.1421280 secs] [Times: user=0.14 sys=0.00, real=0.14 secs] 
103.192: Total time for which application threads were stopped: 0.1422870 seconds, Stopping threads took: 0.0000750 seconds
103.222: Application time: 0.0299230 seconds
103.222: [GC103.222: [DefNew: 57472K->7168K(64640K), 0.0286250 secs] 135534K->97618K(208076K), 0.0286700 secs] [Times: user=0.03 sys=0.00, real=0.03 secs] 
103.251: Total time for which application threads were stopped: 0.0289190 seconds, Stopping threads took: 0.0001490 seconds
103.282: Application time: 0.0314560 seconds
103.285: [GC103.285: [DefNew: 64640K->7167K(64640K), 0.0198440 secs] 155090K->105729K(208076K), 0.0198930 secs] [Times: user=0.02 sys=0.00, real=0.02 secs] 
103.305: Total time for which application threads were stopped: 0.0225280 seconds, Stopping threads took: 0.0025480 seconds
103.332: Application time: 0.0272730 seconds
103.332: [GC103.332: [DefNew: 64639K->3233K(64640K), 0.0118600 secs] 163201K->108183K(208076K), 0.0119060 secs] [Times: user=0.01 sys=0.00, real=0.01 secs] 
103.344: Total time for which application threads were stopped: 0.0121610 seconds, Stopping threads took: 0.0001490 seconds
103.368: Application time: 0.0245250 seconds
103.369: [GC103.369: [DefNew: 60705K->5172K(64640K), 0.0056970 secs] 165655K->110122K(208076K), 0.0057380 secs] [Times: user=0.01 sys=0.00, real=0.01 secs] 
103.375: Total time for which application threads were stopped: 0.0060280 seconds, Stopping threads took: 0.0001860 seconds
103.397: Application time: 0.0224790 seconds
103.397: [GC103.397: [DefNew: 62644K->2680K(64640K), 0.0062410 secs] 167594K->110259K(208076K), 0.0062820 secs] [Times: user=0.00 sys=0.00, real=0.00 secs] 
103.403: Total time for which application threads were stopped: 0.0064840 seconds, Stopping threads took: 0.0001190 seconds
103.424: Application time: 0.0209170 seconds
103.425: [GC103.425: [DefNew: 60152K->5111K(64640K), 0.0041550 secs] 167731K->112691K(208076K), 0.0041930 secs] [Times: user=0.00 sys=0.00, real=0.00 secs] 
103.429: Total time for which application threads were stopped: 0.0044060 seconds, Stopping threads took: 0.0001120 seconds
103.450: Application time: 0.0210470 seconds
103.450: [GC103.450: [DefNew: 62583K->5666K(64640K), 0.0083410 secs] 170163K->115708K(208076K), 0.0083840 secs] [Times: user=0.01 sys=0.00, real=0.01 secs] 
103.458: Total time for which application threads were stopped: 0.0086120 seconds, Stopping threads took: 0.0001420 seconds
103.479: Application time: 0.0202690 seconds
103.479: [GC103.479: [DefNew: 63138K->1203K(64640K), 0.0067220 secs] 173180K->116380K(208076K), 0.0067640 secs] [Times: user=0.01 sys=0.00, real=0.01 secs] 
103.486: Total time for which application threads were stopped: 0.0069520 seconds, Stopping threads took: 0.0001020 seconds
103.505: Application time: 0.0190590 seconds
103.505: [GC103.505: [DefNew: 58675K->2119K(64640K), 0.0024060 secs] 173852K->117296K(208076K), 0.0024370 secs] [Times: user=0.00 sys=0.00, real=0.00 secs] 
103.507: Total time for which application threads were stopped: 0.0026600 seconds, Stopping threads took: 0.0001290 seconds
103.527: Application time: 0.0192750 seconds
103.527: [GC103.527: [DefNew: 59591K->7167K(64640K), 0.0067360 secs] 174768K->123107K(208076K), 0.0067790 secs] [Times: user=0.00 sys=0.00, real=0.01 secs] 
103.534: Total time for which application threads were stopped: 0.0070150 seconds, Stopping threads took: 0.0001500 seconds
103.555: Application time: 0.0213810 seconds
103.555: [GC103.555: [DefNew: 64639K->7168K(64640K), 0.0187260 secs] 180579K->133826K(208076K), 0.0187760 secs] [Times: user=0.02 sys=0.00, real=0.02 secs] 
103.574: Total time for which application threads were stopped: 0.0189990 seconds, Stopping threads took: 0.0001350 seconds
103.599: Application time: 0.0247700 seconds
103.599: [GC103.599: [DefNew: 64640K->7168K(64640K), 0.0278710 secs] 191298K->148303K(208076K), 0.0279240 secs] [Times: user=0.02 sys=0.00, real=0.03 secs] 
103.627: Total time for which application threads were stopped: 0.0281270 seconds, Stopping threads took: 0.0001180 seconds
103.656: Application time: 0.0290960 seconds
103.656: [GC103.656: [DefNew: 64640K->7168K(64640K), 0.0294430 secs]103.686: [Tenured: 152749K->79099K(152844K), 0.1295920 secs] 205775K->79099K(217484K), [Perm : 8838K->8838K(21248K)], 0.1594350 secs] [Times: user=0.15 sys=0.00, real=0.16 secs] 
103.816: Total time for which application threads were stopped: 0.1597160 seconds, Stopping threads took: 0.0001970 seconds
103.846: Application time: 0.0299050 seconds
103.846: [GC103.846: [DefNew: 57472K->7167K(64640K), 0.0141220 secs] 136571K->88831K(208076K), 0.0141650 secs] [Times: user=0.02 sys=0.00, real=0.01 secs] 
103.860: Total time for which application threads were stopped: 0.0145740 seconds, Stopping threads took: 0.0002850 seconds
103.891: Application time: 0.0304840 seconds
103.891: [GC103.891: [DefNew: 64639K->7167K(64640K), 0.0344710 secs] 146303K->106913K(208076K), 0.0345130 secs] [Times: user=0.03 sys=0.00, real=0.04 secs] 
103.926: Total time for which application threads were stopped: 0.0347150 seconds, Stopping threads took: 0.0001180 seconds
103.956: Application time: 0.0306700 seconds
103.956: [GC103.956: [DefNew: 64639K->7168K(64640K), 0.0247520 secs] 164385K->114244K(208076K), 0.0247950 secs] [Times: user=0.02 sys=0.00, real=0.02 secs] 
103.981: Total time for which application threads were stopped: 0.0249980 seconds, Stopping threads took: 0.0001140 seconds
104.008: Application time: 0.0267470 seconds
104.008: [GC104.008: [DefNew: 64640K->2444K(64640K), 0.0087860 secs] 171716K->115829K(208076K), 0.0088300 secs] [Times: user=0.01 sys=0.00, real=0.01 secs] 
104.017: Total time for which application threads were stopped: 0.0090470 seconds, Stopping threads took: 0.0001300 seconds
104.041: Application time: 0.0244190 seconds
104.042: [GC104.042: [DefNew: 59916K->4850K(64640K), 0.0045160 secs] 173301K->118235K(208076K), 0.0045580 secs] [Times: user=0.01 sys=0.00, real=0.01 secs] 
104.046: Total time for which application threads were stopped: 0.0047050 seconds, Stopping threads took: 0.0000610 seconds
104.068: Application time: 0.0221330 seconds
104.068: [GC104.068: [DefNew: 62322K->2482K(64640K), 0.0046840 secs] 175707K->117629K(208076K), 0.0047260 secs] [Times: user=0.00 sys=0.00, real=0.01 secs] 
104.073: Total time for which application threads were stopped: 0.0049300 seconds, Stopping threads took: 0.0001230 seconds
104.094: Application time: 0.0211900 seconds
104.095: [GC104.095: [DefNew: 59954K->6408K(64640K), 0.0056930 secs] 175101K->121555K(208076K), 0.0057380 secs] [Times: user=0.01 sys=0.00, real=0.00 secs] 
104.100: Total time for which application threads were stopped: 0.0060880 seconds, Stopping threads took: 0.0002350 seconds
104.122: Application time: 0.0210720 seconds
104.122: [GC104.122: [DefNew: 63880K->2979K(64640K), 0.0087230 secs] 179027K->123663K(208076K), 0.0087670 secs] [Times: user=0.01 sys=0.00, real=0.01 secs] 
104.131: Total time for which application threads were stopped: 0.0090370 seconds, Stopping threads took: 0.0001630 seconds
104.151: Application time: 0.0199810 seconds
104.151: [GC104.151: [DefNew: 60451K->3061K(64640K), 0.0028050 secs] 181135K->123745K(208076K), 0.0028400 secs] [Times: user=0.00 sys=0.00, real=0.01 secs] 
104.154: Total time for which application threads were stopped: 0.0031310 seconds, Stopping threads took: 0.0001930 seconds
104.173: Application time: 0.0190130 seconds
104.173: [GC104.173: [DefNew: 60533K->3947K(64640K), 0.0033200 secs] 181217K->124630K(208076K), 0.0033570 secs] [Times: user=0.00 sys=0.00, real=0.00 secs] 
104.176: Total time for which application threads were stopped: 0.0035370 seconds, Stopping threads took: 0.0000970 seconds
104.196: Application time: 0.0194000 seconds
104.197: [GC104.197: [DefNew: 61419K->7168K(64640K), 0.0080360 secs] 182102K->131285K(208076K), 0.0080870 secs] [Times: user=0.01 sys=0.00, real=0.01 secs] 
104.205: Total time for which application threads were stopped: 0.0090620 seconds, Stopping threads took: 0.0008870 seconds
104.226: Application time: 0.0210820 seconds
104.226: [GC104.226: [DefNew: 64640K->7168K(64640K), 0.0197440 secs] 188757K->139780K(208076K), 0.0197890 secs] [Times: user=0.02 sys=0.00, real=0.02 secs] 
104.246: Total time for which application threads were stopped: 0.0201970 seconds, Stopping threads took: 0.0003010 seconds
104.272: Application time: 0.0256130 seconds
104.272: [GC104.272: [DefNew: 64640K->7167K(64640K), 0.0283810 secs]104.300: [Tenured: 149835K->77837K(149964K), 0.1157110 secs] 197252K->77837K(214604K), [Perm : 8838K->8838K(21248K)], 0.1443650 secs] [Times: user=0.15 sys=0.00, real=0.15 secs] 
104.416: Total time for which application threads were stopped: 0.1446890 seconds, Stopping threads took: 0.0002150 seconds
104.446: Application time: 0.0301320 seconds
104.447: [GC104.447: [DefNew: 57472K->7168K(64640K), 0.0130360 secs] 135309K->88597K(208076K), 0.0130800 secs] [Times: user=0.01 sys=0.00, real=0.01 secs] 
104.460: Total time for which application threads were stopped: 0.0133710 seconds, Stopping threads took: 0.0001940 seconds
104.489: Application time: 0.0294960 seconds
104.490: [GC104.490: [DefNew: 64640K->7167K(64640K), 0.0208210 secs] 146069K->99849K(208076K), 0.0208660 secs] [Times: user=0.02 sys=0.00, real=0.02 secs] 
104.510: Total time for which application threads were stopped: 0.0211140 seconds, Stopping threads took: 0.0001520 seconds
104.541: Application time: 0.0306860 seconds
104.541: [GC104.541: [DefNew: 64639K->7167K(64640K), 0.0302090 secs] 157321K->114483K(208076K), 0.0302550 secs] [Times: user=0.03 sys=0.00, real=0.03 secs] 
104.572: Total time for which application threads were stopped: 0.0304740 seconds, Stopping threads took: 0.0001140 seconds
104.602: Application time: 0.0306340 seconds
104.602: [GC104.602: [DefNew: 64639K->7167K(64640K), 0.0219730 secs] 171955K->123044K(208076K), 0.0220170 secs] [Times: user=0.02 sys=0.00, real=0.02 secs] 
104.624: Total time for which application threads were stopped: 0.0222470 seconds, Stopping threads took: 0.0001180 seconds
104.651: Application time: 0.0261860 seconds
104.651: [GC104.651: [DefNew: 64639K->3345K(64640K), 0.0114470 secs] 180516K->125385K(208076K), 0.0114910 secs] [Times: user=0.01 sys=0.00, real=0.01 secs] 
104.662: Total time for which application threads were stopped: 0.0117340 seconds, Stopping threads took: 0.0001550 seconds
104.686: Application time: 0.0240200 seconds
104.687: [GC104.687: [DefNew: 60817K->3479K(64640K), 0.0039290 secs] 182857K->125519K(208076K), 0.0039650 secs] [Times: user=0.01 sys=0.00, real=0.00 secs] 
104.691: Total time for which application threads were stopped: 0.0041810 seconds, Stopping threads took: 0.0001340 seconds
104.713: Application time: 0.0221520 seconds
104.713: [GC104.713: [DefNew: 60951K->5267K(64640K), 0.0037520 secs] 182991K->127307K(208076K), 0.0037940 secs] [Times: user=0.01 sys=0.00, real=0.00 secs] 
104.717: Total time for which application threads were stopped: 0.0039640 seconds, Stopping threads took: 0.0000850 seconds
104.738: Application time: 0.0216610 seconds
104.739: [GC104.739: [DefNew: 62739K->5469K(64640K), 0.0081750 secs] 184779K->130745K(208076K), 0.0082190 secs] [Times: user=0.01 sys=0.00, real=0.01 secs] 
104.747: Total time for which application threads were stopped: 0.0084050 seconds, Stopping threads took: 0.0000990 seconds
104.768: Application time: 0.0214670 seconds
104.768: [GC104.768: [DefNew: 62941K->1498K(64640K), 0.0064810 secs] 188217K->131713K(208076K), 0.0065220 secs] [Times: user=0.01 sys=0.00, real=0.01 secs] 
104.775: Total time for which application threads were stopped: 0.0067460 seconds, Stopping threads took: 0.0001350 seconds
104.794: Application time: 0.0194020 seconds
104.795: [GC104.795: [DefNew: 58970K->2412K(64640K), 0.0027850 secs] 189185K->132628K(208076K), 0.0028200 secs] [Times: user=0.00 sys=0.00, real=0.00 secs] 
104.797: Total time for which application threads were stopped: 0.0030080 seconds, Stopping threads took: 0.0001030 seconds
104.816: Application time: 0.0188790 seconds
104.816: [GC104.816: [DefNew: 59884K->2257K(64640K), 0.0022590 secs] 190100K->132473K(208076K), 0.0022880 secs] [Times: user=0.01 sys=0.00, real=0.00 secs] 
104.819: Total time for which application threads were stopped: 0.0024780 seconds, Stopping threads took: 0.0001040 seconds
104.838: Application time: 0.0193490 seconds
104.838: [GC104.838: [DefNew: 59729K->7167K(64640K), 0.0085410 secs] 189945K->140440K(208076K), 0.0085820 secs] [Times: user=0.01 sys=0.00, real=0.01 secs] 
104.847: Total time for which application threads were stopped: 0.0087650 seconds, Stopping threads took: 0.0000970 seconds
104.868: Application time: 0.0209290 seconds
104.868: [GC104.868: [DefNew: 64639K->7168K(64640K), 0.0167290 secs] 197912K->149607K(208076K), 0.0167720 secs] [Times: user=0.01 sys=0.00, real=0.02 secs] 
104.885: Total time for which application threads were stopped: 0.0169480 seconds, Stopping threads took: 0.0000900 seconds
104.911: Application time: 0.0262250 seconds
104.911: [GC104.911: [DefNew: 64640K->7167K(64640K), 0.0326920 secs]104.944: [Tenured: 161034K->73192K(161100K), 0.1140190 secs] 207079K->73192K(225740K), [Perm : 8838K->8838K(21248K)], 0.1472440 secs] [Times: user=0.15 sys=0.00, real=0.15 secs] 
105.059: Total time for which application threads were stopped: 0.1475560 seconds, Stopping threads took: 0.0002120 seconds
105.090: Application time: 0.0312210 seconds
105.090: [GC105.090: [DefNew: 57472K->7168K(64640K), 0.0135840 secs] 130664K->81240K(208076K), 0.0136270 secs] [Times: user=0.01 sys=0.00, real=0.01 secs] 
105.104: Total time for which application threads were stopped: 0.0139990 seconds, Stopping threads took: 0.0002730 seconds
105.134: Application time: 0.0297550 seconds
105.134: [GC105.134: [DefNew: 64640K->7168K(64640K), 0.0175220 secs] 138712K->91177K(208076K), 0.0175670 secs] [Times: user=0.02 sys=0.00, real=0.01 secs] 
105.151: Total time for which application threads were stopped: 0.0177540 seconds, Stopping threads took: 0.0001000 seconds
105.182: Application time: 0.0311550 seconds
105.183: [GC105.183: [DefNew: 64640K->7168K(64640K), 0.0285130 secs] 148649K->107688K(208076K), 0.0285580 secs] [Times: user=0.02 sys=0.00, real=0.03 secs] 
105.211: Total time for which application threads were stopped: 0.0287010 seconds, Stopping threads took: 0.0000540 seconds
105.241: Application time: 0.0298860 seconds
105.245: [GC105.245: [DefNew: 64640K->5849K(64640K), 0.0179870 secs] 165160K->113187K(208076K), 0.0180290 secs] [Times: user=0.02 sys=0.00, real=0.01 secs] 
105.263: Total time for which application threads were stopped: 0.0217090 seconds, Stopping threads took: 0.0035740 seconds
105.289: Application time: 0.0264440 seconds
105.290: [GC105.290: [DefNew: 63321K->3428K(64640K), 0.0084700 secs] 170659K->115029K(208076K), 0.0085130 secs] [Times: user=0.01 sys=0.00, real=0.01 secs] 
105.298: Total time for which application threads were stopped: 0.0088840 seconds, Stopping threads took: 0.0002670 seconds
105.322: Application time: 0.0237590 seconds
105.325: [GC105.325: [DefNew: 60900K->3588K(64640K), 0.0048690 secs] 172501K->115188K(208076K), 0.0049050 secs] [Times: user=0.01 sys=0.00, real=0.00 secs] 
105.330: Total time for which application threads were stopped: 0.0078620 seconds, Stopping threads took: 0.0028590 seconds
105.352: Application time: 0.0221740 seconds
105.352: [GC105.352: [DefNew: 61060K->6280K(64640K), 0.0060910 secs] 172660K->119028K(208076K), 0.0061320 secs] [Times: user=0.00 sys=0.00, real=0.01 secs] 
105.358: Total time for which application threads were stopped: 0.0063290 seconds, Stopping threads took: 0.0001120 seconds
105.380: Application time: 0.0220360 seconds
105.380: [GC105.380: [DefNew: 63752K->3024K(64640K), 0.0080450 secs] 176500K->121122K(208076K), 0.0080980 secs] [Times: user=0.00 sys=0.00, real=0.01 secs] 
105.389: Total time for which application threads were stopped: 0.0082910 seconds, Stopping threads took: 0.0001010 seconds
105.410: Application time: 0.0211820 seconds
105.410: [GC105.410: [DefNew: 60496K->3223K(64640K), 0.0032200 secs] 178594K->121321K(208076K), 0.0032630 secs] [Times: user=0.00 sys=0.00, real=0.01 secs] 
105.413: Total time for which application threads were stopped: 0.0034820 seconds, Stopping threads took: 0.0001420 seconds
105.432: Application time: 0.0191820 seconds
105.437: [GC105.437: [DefNew: 60695K->4326K(64640K), 0.0042850 secs] 178793K->122425K(208076K), 0.0043240 secs] [Times: user=0.01 sys=0.00, real=0.00 secs] 
105.441: Total time for which application threads were stopped: 0.0085920 seconds, Stopping threads took: 0.0041640 seconds
105.460: Application time: 0.0190730 seconds
105.460: [GC105.460: [DefNew: 61798K->1429K(64640K), 0.0040330 secs] 179897K->122278K(208076K), 0.0040760 secs] [Times: user=0.00 sys=0.00, real=0.00 secs] 
105.464: Total time for which application threads were stopped: 0.0042920 seconds, Stopping threads took: 0.0001310 seconds
105.484: Application time: 0.0194340 seconds
105.484: [GC105.484: [DefNew: 58901K->7168K(64640K), 0.0083750 secs] 179750K->129759K(208076K), 0.0084220 secs] [Times: user=0.01 sys=0.00, real=0.02 secs] 
105.493: Total time for which application threads were stopped: 0.0086910 seconds, Stopping threads took: 0.0001640 seconds
105.514: Application time: 0.0214010 seconds
105.514: [GC105.514: [DefNew: 64640K->7168K(64640K), 0.0252190 secs] 187231K->143901K(208076K), 0.0252640 secs] [Times: user=0.03 sys=0.00, real=0.02 secs] 
105.539: Total time for which application threads were stopped: 0.0254480 seconds, Stopping threads took: 0.0000970 seconds
105.566: Application time: 0.0268510 seconds
105.566: [GC105.566: [DefNew: 64640K->7168K(64640K), 0.0292940 secs]105.596: [Tenured: 151716K->75441K(151884K), 0.1162350 secs] 201373K->75441K(216524K), [Perm : 8838K->8838K(21248K)], 0.1458570 secs] [Times: user=0.14 sys=0.01, real=0.14 secs] 
105.712: Total time for which application threads were stopped: 0.1460280 seconds, Stopping threads took: 0.0000860 seconds
105.743: Application time: 0.0308670 seconds
105.743: [GC105.743: [DefNew: 57472K->6980K(64640K), 0.0117890 secs] 132913K->82421K(208076K), 0.0118330 secs] [Times: user=0.01 sys=0.00, real=0.02 secs] 
105.755: Total time for which application threads were stopped: 0.0121140 seconds, Stopping threads took: 0.0001630 seconds
105.785: Application time: 0.0300000 seconds
105.786: [GC105.786: [DefNew: 64452K->7167K(64640K), 0.0201870 secs] 139893K->92582K(208076K), 0.0202320 secs] [Times: user=0.02 sys=0.00, real=0.02 secs] 
105.806: Total time for which application threads were stopped: 0.0205590 seconds, Stopping threads took: 0.0002220 seconds
105.837: Application time: 0.0315580 seconds
105.838: [GC105.838: [DefNew: 64639K->7167K(64640K), 0.0216470 secs] 150054K->103252K(208076K), 0.0216920 secs] [Times: user=0.02 sys=0.00, real=0.02 secs] 
105.859: Total time for which application threads were stopped: 0.0218740 seconds, Stopping threads took: 0.0000960 seconds
105.888: Application time: 0.0291750 seconds
105.889: [GC105.889: [DefNew: 64639K->4169K(64640K), 0.0138070 secs] 160724K->107045K(208076K), 0.0138510 secs] [Times: user=0.02 sys=0.00, real=0.01 secs] 
105.902: Total time for which application threads were stopped: 0.0140570 seconds, Stopping threads took: 0.0001170 seconds
105.929: Application time: 0.0260570 seconds
105.929: [GC105.929: [DefNew: 61641K->3242K(64640K), 0.0062180 secs] 164517K->108604K(208076K), 0.0062610 secs] [Times: user=0.00 sys=0.00, real=0.01 secs] 
105.935: Total time for which application threads were stopped: 0.0065710 seconds, Stopping threads took: 0.0002050 seconds
105.958: Application time: 0.0234000 seconds
105.959: [GC105.959: [DefNew: 60714K->5440K(64640K), 0.0046120 secs] 166076K->110803K(208076K), 0.0046570 secs] [Times: user=0.00 sys=0.00, real=0.00 secs] 
105.963: Total time for which application threads were stopped: 0.0049060 seconds, Stopping threads took: 0.0001600 seconds
105.986: Application time: 0.0225970 seconds
105.986: [GC105.986: [DefNew: 62912K->4344K(64640K), 0.0091940 secs] 168275K->114474K(208076K), 0.0092450 secs] [Times: user=0.01 sys=0.00, real=0.01 secs] 
105.995: Total time for which application threads were stopped: 0.0094080 seconds, Stopping threads took: 0.0000760 seconds
106.018: Application time: 0.0222830 seconds
106.018: [GC106.018: [DefNew: 61816K->1091K(64640K), 0.0056540 secs] 171946K->114964K(208076K), 0.0056970 secs] [Times: user=0.01 sys=0.00, real=0.00 secs] 
106.024: Total time for which application threads were stopped: 0.0059100 seconds, Stopping threads took: 0.0001270 seconds
106.044: Application time: 0.0200890 seconds
106.044: [GC106.044: [DefNew: 58563K->2544K(64640K), 0.0029730 secs] 172436K->116416K(208076K), 0.0030050 secs] [Times: user=0.00 sys=0.00, real=0.01 secs] 
106.047: Total time for which application threads were stopped: 0.0031720 seconds, Stopping threads took: 0.0000900 seconds
106.066: Application time: 0.0190710 seconds
106.066: [GC106.066: [DefNew: 60016K->1813K(64640K), 0.0020080 secs] 173888K->115685K(208076K), 0.0020380 secs] [Times: user=0.00 sys=0.00, real=0.00 secs] 
106.068: Total time for which application threads were stopped: 0.0022970 seconds, Stopping threads took: 0.0001670 seconds
106.087: Application time: 0.0188230 seconds
106.087: [GC106.087: [DefNew: 59285K->4871K(64640K), 0.0054810 secs] 173157K->118743K(208076K), 0.0055220 secs] [Times: user=0.00 sys=0.00, real=0.01 secs] 
106.093: Total time for which application threads were stopped: 0.0057600 seconds, Stopping threads took: 0.0001330 seconds
106.113: Application time: 0.0198110 seconds
106.113: [GC106.113: [DefNew: 62343K->7076K(64640K), 0.0086230 secs] 176215K->122479K(208076K), 0.0086680 secs] [Times: user=0.01 sys=0.00, real=0.00 secs] 
106.122: Total time for which application threads were stopped: 0.0089870 seconds, Stopping threads took: 0.0002130 seconds
106.143: Application time: 0.0211730 seconds
106.143: [GC106.143: [DefNew: 64548K->7168K(64640K), 0.0222210 secs] 179951K->138166K(208076K), 0.0222650 secs] [Times: user=0.02 sys=0.00, real=0.03 secs] 
106.165: Total time for which application threads were stopped: 0.0226040 seconds, Stopping threads took: 0.0002330 seconds
106.192: Application time: 0.0266540 seconds
106.192: [GC106.192: [DefNew: 64640K->7168K(64640K), 0.0253960 secs]106.218: [Tenured: 145433K->78794K(145548K), 0.1164430 secs] 195638K->78794K(210188K), [Perm : 8838K->8838K(21248K)], 0.1419950 secs] [Times: user=0.14 sys=0.00, real=0.15 secs] 
106.334: Total time for which application threads were stopped: 0.1422230 seconds, Stopping threads took: 0.0001440 seconds
106.364: Application time: 0.0301230 seconds
106.365: [GC106.365: [DefNew: 57472K->7168K(64640K), 0.0094790 secs] 136266K->86787K(208076K), 0.0095240 secs] [Times: user=0.01 sys=0.00, real=0.01 secs] 
106.374: Total time for which application threads were stopped: 0.0097350 seconds, Stopping threads took: 0.0001120 seconds
106.404: Application time: 0.0297870 seconds
106.404: [GC106.404: [DefNew: 64640K->7167K(64640K), 0.0203980 secs] 144259K->98290K(208076K), 0.0204410 secs] [Times: user=0.02 sys=0.00, real=0.03 secs] 
106.425: Total time for which application threads were stopped: 0.0206010 seconds, Stopping threads took: 0.0000720 seconds
106.455: Application time: 0.0308310 seconds
106.456: [GC106.456: [DefNew: 64639K->7167K(64640K), 0.0221930 secs] 155762K->107050K(208076K), 0.0222360 secs] [Times: user=0.03 sys=0.00, real=0.02 secs] 
106.478: Total time for which application threads were stopped: 0.0224780 seconds, Stopping threads took: 0.0001370 seconds
106.506: Application time: 0.0285980 seconds
106.507: [GC106.507: [DefNew: 64639K->3256K(64640K), 0.0127170 secs] 164522K->109521K(208076K), 0.0127610 secs] [Times: user=0.02 sys=0.00, real=0.01 secs] 
106.519: Total time for which application threads were stopped: 0.0129970 seconds, Stopping threads took: 0.0001480 seconds
106.546: Application time: 0.0262040 seconds
106.546: [GC106.546: [DefNew: 60728K->5208K(64640K), 0.0057570 secs] 166993K->111474K(208076K), 0.0058090 secs] [Times: user=0.00 sys=0.00, real=0.00 secs] 
106.552: Total time for which application threads were stopped: 0.0060880 seconds, Stopping threads took: 0.0001730 seconds
106.575: Application time: 0.0235610 seconds
106.576: [GC106.576: [DefNew: 62680K->7168K(64640K), 0.0103520 secs] 168946K->115891K(208076K), 0.0103960 secs] [Times: user=0.01 sys=0.00, real=0.01 secs] 
106.586: Total time for which application threads were stopped: 0.0107360 seconds, Stopping threads took: 0.0002540 seconds
106.609: Application time: 0.0225920 seconds
106.609: [GC106.609: [DefNew: 64640K->2455K(64640K), 0.0089060 secs] 173363K->117545K(208076K), 0.0089480 secs] [Times: user=0.01 sys=0.00, real=0.01 secs] 
106.618: Total time for which application threads were stopped: 0.0091860 seconds, Stopping threads took: 0.0001500 seconds
106.641: Application time: 0.0226730 seconds
106.641: [GC106.641: [DefNew: 59927K->2852K(64640K), 0.0025100 secs] 175017K->117942K(208076K), 0.0025440 secs] [Times: user=0.01 sys=0.00, real=0.00 secs] 
106.643: Total time for which application threads were stopped: 0.0028750 seconds, Stopping threads took: 0.0002380 seconds
106.663: Application time: 0.0196570 seconds
106.663: [GC106.663: [DefNew: 60324K->3468K(64640K), 0.0031320 secs] 175414K->118558K(208076K), 0.0031710 secs] [Times: user=0.01 sys=0.00, real=0.01 secs] 
106.666: Total time for which application threads were stopped: 0.0033990 seconds, Stopping threads took: 0.0001490 seconds
106.685: Application time: 0.0187840 seconds
106.685: [GC106.685: [DefNew: 60940K->4843K(64640K), 0.0041910 secs] 176030K->119933K(208076K), 0.0042320 secs] [Times: user=0.00 sys=0.00, real=0.00 secs] 
106.690: Total time for which application threads were stopped: 0.0044240 seconds, Stopping threads took: 0.0001060 seconds
106.709: Application time: 0.0191770 seconds
106.709: [GC106.709: [DefNew: 62315K->3788K(64640K), 0.0059440 secs] 177405K->121071K(208076K), 0.0059820 secs] [Times: user=0.01 sys=0.00, real=0.01 secs] 
106.715: Total time for which application threads were stopped: 0.0062000 seconds, Stopping threads took: 0.0001340 seconds
106.735: Application time: 0.0194980 seconds
106.735: [GC106.735: [DefNew: 61260K->7168K(64640K), 0.0090330 secs] 178543K->126159K(208076K), 0.0090780 secs] [Times: user=0.00 sys=0.00, real=0.00 secs] 
106.744: Total time for which application threads were stopped: 0.0092810 seconds, Stopping threads took: 0.0001150 seconds
106.766: Application time: 0.0219040 seconds
106.766: [GC106.766: [DefNew: 64640K->7168K(64640K), 0.0237050 secs] 183631K->142160K(208076K), 0.0237460 secs] [Times: user=0.02 sys=0.00, real=0.02 secs] 
106.790: Total time for which application threads were stopped: 0.0239520 seconds, Stopping threads took: 0.0001240 seconds
106.818: Application time: 0.0283630 seconds
106.818: [GC106.818: [DefNew: 64640K->7168K(64640K), 0.0263540 secs]106.845: [Tenured: 149513K->80385K(149580K), 0.1193870 secs] 199632K->80385K(214220K), [Perm : 8838K->8838K(21248K)], 0.1460070 secs] [Times: user=0.14 sys=0.00, real=0.14 secs] 
106.964: Total time for which application threads were stopped: 0.1462840 seconds, Stopping threads took: 0.0001940 seconds
106.995: Application time: 0.0305610 seconds
106.995: [GC106.995: [DefNew: 57472K->7168K(64640K), 0.0130730 secs] 137857K->91188K(208076K), 0.0131180 secs] [Times: user=0.02 sys=0.00, real=0.01 secs] 
107.008: Total time for which application threads were stopped: 0.0133980 seconds, Stopping threads took: 0.0001630 seconds
107.038: Application time: 0.0299410 seconds
107.039: [GC107.039: [DefNew: 64640K->7168K(64640K), 0.0310010 secs] 148660K->106740K(208076K), 0.0310440 secs] [Times: user=0.03 sys=0.00, real=0.03 secs] 
107.070: Total time for which application threads were stopped: 0.0314150 seconds, Stopping threads took: 0.0002670 seconds
107.101: Application time: 0.0316310 seconds
107.102: [GC107.102: [DefNew: 64640K->7168K(64640K), 0.0256850 secs] 164212K->118587K(208076K), 0.0257310 secs] [Times: user=0.03 sys=0.00, real=0.03 secs] 
107.127: Total time for which application threads were stopped: 0.0259650 seconds, Stopping threads took: 0.0001470 seconds
107.155: Application time: 0.0277960 seconds
107.155: [GC107.155: [DefNew: 64640K->5100K(64640K), 0.0141680 secs] 176059K->123566K(208076K), 0.0142220 secs] [Times: user=0.01 sys=0.00, real=0.01 secs] 
107.170: Total time for which application threads were stopped: 0.0144370 seconds, Stopping threads took: 0.0001280 seconds
107.196: Application time: 0.0262820 seconds
107.196: [GC107.196: [DefNew: 62572K->2543K(64640K), 0.0052350 secs] 181038K->123728K(208076K), 0.0052790 secs] [Times: user=0.01 sys=0.00, real=0.00 secs] 
107.201: Total time for which application threads were stopped: 0.0054750 seconds, Stopping threads took: 0.0001110 seconds
107.224: Application time: 0.0228770 seconds
107.224: [GC107.224: [DefNew: 60015K->7024K(64640K), 0.0072380 secs] 181200K->128209K(208076K), 0.0072860 secs] [Times: user=0.01 sys=0.00, real=0.01 secs] 
107.232: Total time for which application threads were stopped: 0.0075990 seconds, Stopping threads took: 0.0002300 seconds
107.254: Application time: 0.0227020 seconds
107.255: [GC107.255: [DefNew: 64496K->2365K(64640K), 0.0085190 secs] 185681K->129803K(208076K), 0.0085640 secs] [Times: user=0.01 sys=0.00, real=0.00 secs] 
107.263: Total time for which application threads were stopped: 0.0088360 seconds, Stopping threads took: 0.0001830 seconds
107.286: Application time: 0.0222180 seconds
107.286: [GC107.286: [DefNew: 59837K->3036K(64640K), 0.0033030 secs] 187275K->130474K(208076K), 0.0033370 secs] [Times: user=0.01 sys=0.00, real=0.00 secs] 
107.289: Total time for which application threads were stopped: 0.0036170 seconds, Stopping threads took: 0.0001870 seconds
107.309: Application time: 0.0197750 seconds
107.309: [GC107.309: [DefNew: 60508K->3016K(64640K), 0.0026970 secs] 187946K->130454K(208076K), 0.0027320 secs] [Times: user=0.01 sys=0.00, real=0.00 secs] 
107.312: Total time for which application threads were stopped: 0.0030030 seconds, Stopping threads took: 0.0001750 seconds
107.331: Application time: 0.0188420 seconds
107.331: [GC107.331: [DefNew: 60488K->4966K(64640K), 0.0052960 secs] 187926K->132404K(208076K), 0.0053370 secs] [Times: user=0.00 sys=0.00, real=0.01 secs] 
107.336: Total time for which application threads were stopped: 0.0055670 seconds, Stopping threads took: 0.0001490 seconds
107.355: Application time: 0.0191390 seconds
107.356: [GC107.356: [DefNew: 62438K->4412K(64640K), 0.0050020 secs] 189876K->133902K(208076K), 0.0050450 secs] [Times: user=0.00 sys=0.00, real=0.00 secs] 
107.361: Total time for which application threads were stopped: 0.0052510 seconds, Stopping threads took: 0.0001180 seconds
107.381: Application time: 0.0198780 seconds
107.381: [GC107.381: [DefNew: 61884K->7167K(64640K), 0.0107850 secs] 191374K->139992K(208076K), 0.0108320 secs] [Times: user=0.01 sys=0.00, real=0.01 secs] 
107.392: Total time for which application threads were stopped: 0.0110070 seconds, Stopping threads took: 0.0000870 seconds
107.414: Application time: 0.0221000 seconds
107.414: [GC107.414: [DefNew: 64639K->7168K(64640K), 0.0249590 secs]107.439: [Tenured: 147903K->69969K(148044K), 0.1059010 secs] 197464K->69969K(212684K), [Perm : 8838K->8838K(21248K)], 0.1310790 secs] [Times: user=0.13 sys=0.00, real=0.13 secs] 
107.545: Total time for which application threads were stopped: 0.1312670 seconds, Stopping threads took: 0.0001060 seconds
107.573: Application time: 0.0280750 seconds
107.573: [GC107.573: [DefNew: 57472K->7167K(64640K), 0.0225810 secs] 127441K->85806K(208076K), 0.0226280 secs] [Times: user=0.02 sys=0.00, real=0.02 secs] 
107.596: Total time for which application threads were stopped: 0.0229070 seconds, Stopping threads took: 0.0001840 seconds
107.628: Application time: 0.0317500 seconds
107.628: [GC107.628: [DefNew: 64639K->7168K(64640K), 0.0281300 secs] 143278K->96772K(208076K), 0.0281740 secs] [Times: user=0.02 sys=0.00, real=0.03 secs] 
107.656: Total time for which application threads were stopped: 0.0285080 seconds, Stopping threads took: 0.0002300 seconds
107.687: Application time: 0.0307310 seconds
107.687: [GC107.687: [DefNew: 64640K->7168K(64640K), 0.0276330 secs] 154244K->111417K(208076K), 0.0276850 secs] [Times: user=0.03 sys=0.00, real=0.03 secs] 
107.715: Total time for which application threads were stopped: 0.0279010 seconds, Stopping threads took: 0.0001300 seconds
107.746: Application time: 0.0309620 seconds
107.746: [GC107.746: [DefNew: 64640K->7167K(64640K), 0.0253920 secs] 168889K->122587K(208076K), 0.0254380 secs] [Times: user=0.02 sys=0.00, real=0.02 secs] 
107.772: Total time for which application threads were stopped: 0.0256710 seconds, Stopping threads took: 0.0001260 seconds
107.799: Application time: 0.0270600 seconds
107.799: [GC107.799: [DefNew: 64639K->4314K(64640K), 0.0133520 secs] 180059K->126657K(208076K), 0.0133970 secs] [Times: user=0.01 sys=0.00, real=0.01 secs] 
107.812: Total time for which application threads were stopped: 0.0136690 seconds, Stopping threads took: 0.0001770 seconds
107.838: Application time: 0.0261990 seconds
107.839: [GC107.839: [DefNew: 61786K->6037K(64640K), 0.0077500 secs] 184129K->130841K(208076K), 0.0077950 secs] [Times: user=0.01 sys=0.00, real=0.01 secs] 
107.846: Total time for which application threads were stopped: 0.0080230 seconds, Stopping threads took: 0.0001410 seconds
107.870: Application time: 0.0234080 seconds
107.870: [GC107.870: [DefNew: 63509K->3429K(64640K), 0.0081680 secs] 188313K->133127K(208076K), 0.0082130 secs] [Times: user=0.01 sys=0.00, real=0.01 secs] 
107.878: Total time for which application threads were stopped: 0.0084390 seconds, Stopping threads took: 0.0001290 seconds
107.901: Application time: 0.0228220 seconds
107.901: [GC107.901: [DefNew: 60901K->3812K(64640K), 0.0030610 secs] 190599K->133510K(208076K), 0.0031020 secs] [Times: user=0.00 sys=0.00, real=0.01 secs] 
107.905: Total time for which application threads were stopped: 0.0033570 seconds, Stopping threads took: 0.0001740 seconds
107.926: Application time: 0.0212430 seconds
107.926: [GC107.926: [DefNew: 61284K->1377K(64640K), 0.0050330 secs] 190982K->134287K(208076K), 0.0050740 secs] [Times: user=0.00 sys=0.00, real=0.00 secs] 
107.931: Total time for which application threads were stopped: 0.0052940 seconds, Stopping threads took: 0.0001350 seconds
107.950: Application time: 0.0194580 seconds
107.951: [GC107.951: [DefNew: 58849K->2415K(64640K), 0.0027500 secs] 191759K->135325K(208076K), 0.0027830 secs] [Times: user=0.00 sys=0.00, real=0.01 secs] 
107.953: Total time for which application threads were stopped: 0.0029600 seconds, Stopping threads took: 0.0001000 seconds
107.972: Application time: 0.0189300 seconds
107.973: [GC107.973: [DefNew: 59887K->3255K(64640K), 0.0039290 secs] 192797K->136165K(208076K), 0.0039650 secs] [Times: user=0.01 sys=0.00, real=0.00 secs] 
107.977: Total time for which application threads were stopped: 0.0041890 seconds, Stopping threads took: 0.0001460 seconds
107.996: Application time: 0.0190030 seconds
107.996: [GC107.996: [DefNew: 60727K->6914K(64640K), 0.0060910 secs] 193637K->139824K(208076K), 0.0061290 secs] [Times: user=0.01 sys=0.00, real=0.00 secs] 
108.002: Total time for which application threads were stopped: 0.0063070 seconds, Stopping threads took: 0.0000920 seconds
108.021: Application time: 0.0194690 seconds
108.022: [GC108.022: [DefNew: 64386K->4578K(64640K), 0.0104200 secs] 197296K->143542K(208076K), 0.0104640 secs] [Times: user=0.01 sys=0.00, real=0.01 secs] 
108.032: Total time for which application threads were stopped: 0.0106950 seconds, Stopping threads took: 0.0001440 seconds
108.055: Application time: 0.0231960 seconds
108.055: [GC108.055: [DefNew: 62050K->7168K(64640K), 0.0238110 secs]108.079: [Tenured: 153524K->77686K(153612K), 0.1097050 secs] 201014K->77686K(218252K), [Perm : 8838K->8838K(21248K)], 0.1338740 secs] [Times: user=0.13 sys=0.00, real=0.13 secs] 
108.189: Total time for which application threads were stopped: 0.1341060 seconds, Stopping threads took: 0.0001400 seconds
108.217: Application time: 0.0278120 seconds
108.217: [GC108.217: [DefNew: 57472K->7168K(64640K), 0.0185140 secs] 135158K->90954K(208076K), 0.0185610 secs] [Times: user=0.02 sys=0.00, real=0.02 secs] 
108.236: Total time for which application threads were stopped: 0.0187970 seconds, Stopping threads took: 0.0001390 seconds
108.267: Application time: 0.0308280 seconds
108.267: [GC108.267: [DefNew: 64640K->7167K(64640K), 0.0236570 secs] 148426K->103054K(208076K), 0.0237030 secs] [Times: user=0.03 sys=0.00, real=0.02 secs] 
108.291: Total time for which application threads were stopped: 0.0240730 seconds, Stopping threads took: 0.0002660 seconds
108.322: Application time: 0.0313580 seconds
108.323: [GC108.323: [DefNew: 64639K->7167K(64640K), 0.0290990 secs] 160526K->117560K(208076K), 0.0291410 secs] [Times: user=0.03 sys=0.00, real=0.03 secs] 
108.352: Total time for which application threads were stopped: 0.0294850 seconds, Stopping threads took: 0.0002390 seconds
108.381: Application time: 0.0295880 seconds
108.382: [GC108.382: [DefNew: 64639K->7168K(64640K), 0.0215470 secs] 175032K->127549K(208076K), 0.0215910 secs] [Times: user=0.03 sys=0.00, real=0.02 secs] 
108.403: Total time for which application threads were stopped: 0.0218460 seconds, Stopping threads took: 0.0001510 seconds
108.431: Application time: 0.0273810 seconds
108.431: [GC108.431: [DefNew: 64640K->5806K(64640K), 0.0177400 secs] 185021K->132805K(208076K), 0.0177830 secs] [Times: user=0.02 sys=0.00, real=0.02 secs] 
108.449: Total time for which application threads were stopped: 0.0180070 seconds, Stopping threads took: 0.0001360 seconds
108.474: Application time: 0.0258320 seconds
108.475: [GC108.475: [DefNew: 63278K->7073K(64640K), 0.0112550 secs] 190277K->137325K(208076K), 0.0112980 secs] [Times: user=0.01 sys=0.00, real=0.01 secs] 
108.486: Total time for which application threads were stopped: 0.0115840 seconds, Stopping threads took: 0.0001990 seconds
108.510: Application time: 0.0239450 seconds
108.510: [GC108.510: [DefNew: 64545K->2248K(64640K), 0.0081210 secs] 194797K->138757K(208076K), 0.0081650 secs] [Times: user=0.01 sys=0.00, real=0.01 secs] 
108.518: Total time for which application threads were stopped: 0.0084410 seconds, Stopping threads took: 0.0001780 seconds
108.541: Application time: 0.0227070 seconds
108.541: [GC108.541: [DefNew: 59720K->3184K(64640K), 0.0032020 secs] 196229K->139693K(208076K), 0.0032360 secs] [Times: user=0.00 sys=0.00, real=0.01 secs] 
108.545: Total time for which application threads were stopped: 0.0035360 seconds, Stopping threads took: 0.0002160 seconds
108.565: Application time: 0.0206730 seconds
108.566: [GC108.566: [DefNew: 60656K->3289K(64640K), 0.0034450 secs] 197165K->139798K(208076K), 0.0034800 secs] [Times: user=0.01 sys=0.00, real=0.00 secs] 
108.569: Total time for which application threads were stopped: 0.0037490 seconds, Stopping threads took: 0.0001700 seconds
108.589: Application time: 0.0195630 seconds
108.589: [GC108.589: [DefNew: 60761K->5152K(64640K), 0.0058100 secs] 197270K->141661K(208076K), 0.0058530 secs] [Times: user=0.01 sys=0.00, real=0.01 secs] 
108.595: Total time for which application threads were stopped: 0.0062240 seconds, Stopping threads took: 0.0002680 seconds
108.614: Application time: 0.0189990 seconds
108.614: [GC108.614: [DefNew: 62624K->3004K(64640K), 0.0058280 secs] 199133K->141547K(208076K), 0.0058670 secs] [Times: user=0.01 sys=0.00, real=0.00 secs] 
108.620: Total time for which application threads were stopped: 0.0060960 seconds, Stopping threads took: 0.0001430 seconds
108.639: Application time: 0.0192880 seconds
108.639: [GC108.639: [DefNew: 60476K->6964K(64640K), 0.0054820 secs] 199019K->145507K(208076K), 0.0055250 secs] [Times: user=0.01 sys=0.00, real=0.01 secs] 
108.645: Total time for which application threads were stopped: 0.0057340 seconds, Stopping threads took: 0.0001210 seconds
108.665: Application time: 0.0196490 seconds
108.665: [GC108.665: [DefNew: 64436K->7090K(64640K), 0.0116890 secs]108.677: [Tenured: 144640K->87161K(144780K), 0.1285080 secs] 202979K->87161K(209420K), [Perm : 8838K->8838K(21248K)], 0.1402770 secs] [Times: user=0.14 sys=0.00, real=0.14 secs] 
108.805: Total time for which application threads were stopped: 0.1404830 seconds, Stopping threads took: 0.0001130 seconds
108.829: Application time: 0.0243930 seconds
108.830: [GC108.830: [DefNew: 58240K->7232K(65472K), 0.0228760 secs] 145401K->104865K(210744K), 0.0229210 secs] [Times: user=0.02 sys=0.00, real=0.03 secs] 
108.853: Total time for which application threads were stopped: 0.0233400 seconds, Stopping threads took: 0.0003010 seconds
108.881: Application time: 0.0281220 seconds
108.881: [GC108.881: [DefNew: 65472K->7231K(65472K), 0.0211410 secs] 163105K->113719K(210744K), 0.0211840 secs] [Times: user=0.02 sys=0.00, real=0.02 secs] 
108.902: Total time for which application threads were stopped: 0.0214920 seconds, Stopping threads took: 0.0002050 seconds
108.933: Application time: 0.0309600 seconds
108.934: [GC108.934: [DefNew: 65471K->7231K(65472K), 0.0254870 secs] 171959K->125404K(210744K), 0.0255330 secs] [Times: user=0.03 sys=0.00, real=0.02 secs] 
108.959: Total time for which application threads were stopped: 0.0258600 seconds, Stopping threads took: 0.0002230 seconds
108.990: Application time: 0.0305910 seconds
108.990: [GC108.990: [DefNew: 65471K->7231K(65472K), 0.0278260 secs] 183644K->138058K(210744K), 0.0278710 secs] [Times: user=0.03 sys=0.00, real=0.03 secs] 
109.018: Total time for which application threads were stopped: 0.0281070 seconds, Stopping threads took: 0.0001320 seconds
109.049: Application time: 0.0305850 seconds
109.049: [GC109.049: [DefNew: 65471K->7232K(65472K), 0.0248910 secs] 196298K->148034K(210744K), 0.0249350 secs] [Times: user=0.03 sys=0.00, real=0.03 secs] 
109.074: Total time for which application threads were stopped: 0.0251800 seconds, Stopping threads took: 0.0001410 seconds
109.101: Application time: 0.0276000 seconds
109.102: [GC109.102: [DefNew: 65472K->6027K(65472K), 0.0160410 secs]109.118: [Tenured: 147705K->84455K(147768K), 0.1211950 secs] 206274K->84455K(213240K), [Perm : 8838K->8838K(21248K)], 0.1373940 secs] [Times: user=0.14 sys=0.00, real=0.14 secs] 
109.239: Total time for which application threads were stopped: 0.1376150 seconds, Stopping threads took: 0.0001420 seconds
109.265: Application time: 0.0259420 seconds
109.265: [GC109.265: [DefNew: 58240K->6029K(65472K), 0.0078860 secs] 142695K->90485K(210744K), 0.0079300 secs] [Times: user=0.00 sys=0.00, real=0.01 secs] 
109.273: Total time for which application threads were stopped: 0.0081820 seconds, Stopping threads took: 0.0001470 seconds
109.298: Application time: 0.0244900 seconds
109.298: [GC109.298: [DefNew: 64269K->1053K(65472K), 0.0066500 secs] 148725K->90982K(210744K), 0.0066920 secs] [Times: user=0.01 sys=0.00, real=0.01 secs] 
109.305: Total time for which application threads were stopped: 0.0069530 seconds, Stopping threads took: 0.0001540 seconds
109.327: Application time: 0.0223450 seconds
109.327: [GC109.327: [DefNew: 59293K->1625K(65472K), 0.0022840 secs] 149222K->91554K(210744K), 0.0023170 secs] [Times: user=0.01 sys=0.00, real=0.00 secs] 
109.329: Total time for which application threads were stopped: 0.0025000 seconds, Stopping threads took: 0.0001070 seconds
109.349: Application time: 0.0200830 seconds
109.350: [GC109.350: [DefNew: 59865K->2848K(65472K), 0.0033100 secs] 149794K->92777K(210744K), 0.0033460 secs] [Times: user=0.00 sys=0.00, real=0.01 secs] 
109.353: Total time for which application threads were stopped: 0.0037530 seconds, Stopping threads took: 0.0002980 seconds
109.373: Application time: 0.0198770 seconds
109.373: [GC109.373: [DefNew: 61088K->3738K(65472K), 0.0036160 secs] 151017K->93667K(210744K), 0.0036530 secs] [Times: user=0.00 sys=0.00, real=0.00 secs] 
109.377: Total time for which application threads were stopped: 0.0038360 seconds, Stopping threads took: 0.0001010 seconds
109.396: Application time: 0.0194670 seconds
109.397: [GC109.397: [DefNew: 61978K->3982K(65472K), 0.0053330 secs] 151907K->94703K(210744K), 0.0053710 secs] [Times: user=0.00 sys=0.00, real=0.00 secs] 
109.402: Total time for which application threads were stopped: 0.0056120 seconds, Stopping threads took: 0.0001600 seconds
109.421: Application time: 0.0194020 seconds
109.422: [GC109.422: [DefNew: 62222K->6707K(65472K), 0.0082390 secs] 152943K->98499K(210744K), 0.0082910 secs] [Times: user=0.00 sys=0.00, real=0.01 secs] 
109.430: Total time for which application threads were stopped: 0.0084880 seconds, Stopping threads took: 0.0001090 seconds
109.451: Application time: 0.0209970 seconds
109.451: [GC109.451: [DefNew: 64947K->7232K(65472K), 0.0173130 secs] 156739K->110720K(210744K), 0.0173650 secs] [Times: user=0.02 sys=0.00, real=0.02 secs] 
109.469: Total time for which application threads were stopped: 0.0175710 seconds, Stopping threads took: 0.0001170 seconds
109.493: Application time: 0.0248840 seconds
109.494: [GC109.494: [DefNew: 65472K->7232K(65472K), 0.0255620 secs] 168960K->123526K(210744K), 0.0256060 secs] [Times: user=0.02 sys=0.00, real=0.02 secs] 
109.519: Total time for which application threads were stopped: 0.0258400 seconds, Stopping threads took: 0.0001490 seconds
109.549: Application time: 0.0301870 seconds
109.550: [GC109.550: [DefNew: 65472K->7231K(65472K), 0.0273250 secs] 181766K->137079K(210744K), 0.0273700 secs] [Times: user=0.02 sys=0.00, real=0.03 secs] 
109.577: Total time for which application threads were stopped: 0.0275700 seconds, Stopping threads took: 0.0001170 seconds
109.608: Application time: 0.0312360 seconds
109.608: [GC109.608: [DefNew: 65471K->7231K(65472K), 0.0193850 secs] 195319K->146980K(210744K), 0.0194300 secs] [Times: user=0.02 sys=0.00, real=0.02 secs] 
109.628: Total time for which application threads were stopped: 0.0196160 seconds, Stopping threads took: 0.0001020 seconds
109.659: Application time: 0.0309940 seconds
109.659: [GC109.659: [DefNew: 65471K->7231K(65472K), 0.0251010 secs]109.684: [Tenured: 152552K->79162K(152568K), 0.1214430 secs] 205220K->79162K(218040K), [Perm : 8838K->8838K(21248K)], 0.1468300 secs] [Times: user=0.15 sys=0.00, real=0.15 secs] 
109.806: Total time for which application threads were stopped: 0.1470160 seconds, Stopping threads took: 0.0001030 seconds
109.836: Application time: 0.0296790 seconds
109.836: [GC109.836: [DefNew: 58240K->7231K(65472K), 0.0111680 secs] 137402K->87747K(210744K), 0.0112130 secs] [Times: user=0.01 sys=0.00, real=0.01 secs] 
109.847: Total time for which application threads were stopped: 0.0113920 seconds, Stopping threads took: 0.0000910 seconds
109.875: Application time: 0.0280840 seconds
109.875: [GC109.875: [DefNew: 65471K->7232K(65472K), 0.0164370 secs] 145987K->95141K(210744K), 0.0164840 secs] [Times: user=0.01 sys=0.00, real=0.01 secs] 
109.892: Total time for which application threads were stopped: 0.0167170 seconds, Stopping threads took: 0.0001180 seconds
109.917: Application time: 0.0250020 seconds
109.917: [GC109.917: [DefNew: 65472K->2402K(65472K), 0.0097400 secs] 153381K->96592K(210744K), 0.0097830 secs] [Times: user=0.01 sys=0.00, real=0.01 secs] 
109.927: Total time for which application threads were stopped: 0.0100250 seconds, Stopping threads took: 0.0001550 seconds
109.951: Application time: 0.0238380 seconds
109.951: [GC109.951: [DefNew: 60642K->3785K(65472K), 0.0038040 secs] 154832K->97975K(210744K), 0.0038400 secs] [Times: user=0.01 sys=0.00, real=0.01 secs] 
109.955: Total time for which application threads were stopped: 0.0041310 seconds, Stopping threads took: 0.0001920 seconds
109.977: Application time: 0.0219160 seconds
109.977: [GC109.977: [DefNew: 62025K->1186K(65472K), 0.0031990 secs] 156215K->97491K(210744K), 0.0032330 secs] [Times: user=0.00 sys=0.00, real=0.00 secs] 
109.980: Total time for which application threads were stopped: 0.0034520 seconds, Stopping threads took: 0.0001400 seconds
110.000: Application time: 0.0198400 seconds
110.000: [GC110.000: [DefNew: 59426K->2774K(65472K), 0.0028610 secs] 155731K->99079K(210744K), 0.0028940 secs] [Times: user=0.01 sys=0.00, real=0.00 secs] 
110.003: Total time for which application threads were stopped: 0.0031200 seconds, Stopping threads took: 0.0001500 seconds
110.023: Application time: 0.0198830 seconds
110.023: [GC110.023: [DefNew: 61014K->3227K(65472K), 0.0034490 secs] 157319K->99532K(210744K), 0.0034900 secs] [Times: user=0.00 sys=0.00, real=0.01 secs] 
110.027: Total time for which application threads were stopped: 0.0036830 seconds, Stopping threads took: 0.0001170 seconds
110.046: Application time: 0.0190330 seconds
110.046: [GC110.046: [DefNew: 61467K->6783K(65472K), 0.0050980 secs] 157772K->103087K(210744K), 0.0051410 secs] [Times: user=0.01 sys=0.00, real=0.00 secs] 
110.051: Total time for which application threads were stopped: 0.0053080 seconds, Stopping threads took: 0.0000590 seconds
110.071: Application time: 0.0196630 seconds
110.071: [GC110.071: [DefNew: 65023K->2791K(65472K), 0.0080820 secs] 161327K->104986K(210744K), 0.0081250 secs] [Times: user=0.01 sys=0.00, real=0.01 secs] 
110.079: Total time for which application threads were stopped: 0.0083050 seconds, Stopping threads took: 0.0000920 seconds
110.101: Application time: 0.0224250 seconds
110.102: [GC110.102: [DefNew: 61031K->7231K(65472K), 0.0202290 secs] 163226K->122107K(210744K), 0.0202720 secs] [Times: user=0.02 sys=0.00, real=0.02 secs] 
110.122: Total time for which application threads were stopped: 0.0205600 seconds, Stopping threads took: 0.0001900 seconds
110.147: Application time: 0.0254830 seconds
110.148: [GC110.148: [DefNew: 65471K->7231K(65472K), 0.0222030 secs] 180347K->132491K(210744K), 0.0222490 secs] [Times: user=0.02 sys=0.00, real=0.02 secs] 
110.170: Total time for which application threads were stopped: 0.0226500 seconds, Stopping threads took: 0.0002970 seconds
110.202: Application time: 0.0315160 seconds
110.202: [GC110.202: [DefNew: 65471K->7232K(65472K), 0.0317060 secs] 190731K->147776K(210744K), 0.0317500 secs] [Times: user=0.03 sys=0.00, real=0.04 secs] 
110.234: Total time for which application threads were stopped: 0.0319450 seconds, Stopping threads took: 0.0001100 seconds
110.265: Application time: 0.0309900 seconds
110.265: [GC110.265: [DefNew: 65472K->7231K(65472K), 0.0258470 secs]110.291: [Tenured: 153483K->76405K(153528K), 0.1189930 secs] 206016K->76405K(219000K), [Perm : 8838K->8838K(21248K)], 0.1451550 secs] [Times: user=0.14 sys=0.00, real=0.14 secs] 
110.410: Total time for which application threads were stopped: 0.1453010 seconds, Stopping threads took: 0.0000600 seconds
110.440: Application time: 0.0306180 seconds
110.441: [GC110.441: [DefNew: 58240K->7231K(65472K), 0.0166350 secs] 134645K->88890K(210744K), 0.0166800 secs] [Times: user=0.01 sys=0.00, real=0.02 secs] 
110.457: Total time for which application threads were stopped: 0.0169570 seconds, Stopping threads took: 0.0001610 seconds
110.486: Application time: 0.0285950 seconds
110.486: [GC110.486: [DefNew: 65471K->7232K(65472K), 0.0166940 secs] 147130K->96816K(210744K), 0.0167400 secs] [Times: user=0.02 sys=0.00, real=0.01 secs] 
110.503: Total time for which application threads were stopped: 0.0170310 seconds, Stopping threads took: 0.0002030 seconds
110.531: Application time: 0.0280820 seconds
110.531: [GC110.531: [DefNew: 65472K->6278K(65472K), 0.0162190 secs] 155056K->101911K(210744K), 0.0162650 secs] [Times: user=0.02 sys=0.00, real=0.02 secs] 
110.548: Total time for which application threads were stopped: 0.0164860 seconds, Stopping threads took: 0.0001330 seconds
110.572: Application time: 0.0244750 seconds
110.572: [GC110.572: [DefNew: 64518K->880K(65472K), 0.0060160 secs] 160151K->102410K(210744K), 0.0060630 secs] [Times: user=0.01 sys=0.00, real=0.01 secs] 
110.578: Total time for which application threads were stopped: 0.0063560 seconds, Stopping threads took: 0.0002060 seconds
110.601: Application time: 0.0227160 seconds
110.601: [GC110.601: [DefNew: 59120K->1337K(65472K), 0.0020460 secs] 160650K->102867K(210744K), 0.0020800 secs] [Times: user=0.00 sys=0.00, real=0.00 secs] 
110.603: Total time for which application threads were stopped: 0.0022660 seconds, Stopping threads took: 0.0001100 seconds
110.625: Application time: 0.0213430 seconds
110.625: [GC110.625: [DefNew: 59577K->4030K(65472K), 0.0043270 secs] 161107K->105560K(210744K), 0.0043620 secs] [Times: user=0.01 sys=0.00, real=0.00 secs] 
110.629: Total time for which application threads were stopped: 0.0045510 seconds, Stopping threads took: 0.0000990 seconds
110.649: Application time: 0.0198350 seconds
110.649: [GC110.649: [DefNew: 62270K->1869K(65472K), 0.0037160 secs] 163800K->104616K(210744K), 0.0037490 secs] [Times: user=0.00 sys=0.00, real=0.01 secs] 
110.653: Total time for which application threads were stopped: 0.0039640 seconds, Stopping threads took: 0.0001370 seconds
110.673: Application time: 0.0194270 seconds
110.673: [GC110.673: [DefNew: 60109K->2024K(65472K), 0.0021960 secs] 162856K->104771K(210744K), 0.0022300 secs] [Times: user=0.00 sys=0.00, real=0.00 secs] 
110.675: Total time for which application threads were stopped: 0.0024500 seconds, Stopping threads took: 0.0001430 seconds
110.694: Application time: 0.0192120 seconds
110.694: [GC110.694: [DefNew: 60264K->6453K(65472K), 0.0062580 secs] 163011K->109200K(210744K), 0.0062980 secs] [Times: user=0.01 sys=0.00, real=0.00 secs] 
110.701: Total time for which application threads were stopped: 0.0064720 seconds, Stopping threads took: 0.0000890 seconds
110.720: Application time: 0.0194340 seconds
110.720: [GC110.720: [DefNew: 64693K->3534K(65472K), 0.0078630 secs] 167440K->111826K(210744K), 0.0079040 secs] [Times: user=0.01 sys=0.00, real=0.01 secs] 
110.728: Total time for which application threads were stopped: 0.0080620 seconds, Stopping threads took: 0.0000700 seconds
110.751: Application time: 0.0231370 seconds
110.752: [GC110.752: [DefNew: 61774K->7231K(65472K), 0.0258630 secs] 170066K->130022K(210744K), 0.0259070 secs] [Times: user=0.02 sys=0.00, real=0.03 secs] 
110.778: Total time for which application threads were stopped: 0.0262890 seconds, Stopping threads took: 0.0002780 seconds
110.805: Application time: 0.0273540 seconds
110.805: [GC110.805: [DefNew: 65471K->7231K(65472K), 0.0221000 secs] 188262K->139581K(210744K), 0.0221440 secs] [Times: user=0.02 sys=0.00, real=0.02 secs] 
110.828: Total time for which application threads were stopped: 0.0224860 seconds, Stopping threads took: 0.0002380 seconds
110.858: Application time: 0.0302590 seconds
110.858: [GC110.858: [DefNew: 65471K->7232K(65472K), 0.0263310 secs] 197821K->152305K(210744K), 0.0263740 secs] [Times: user=0.03 sys=0.00, real=0.02 secs] 
110.884: Total time for which application threads were stopped: 0.0266920 seconds, Stopping threads took: 0.0002050 seconds
110.916: Application time: 0.0313070 seconds
110.916: [GC110.916: [DefNew: 65472K->7231K(65472K), 0.0292650 secs]110.945: [Tenured: 157123K->79934K(157176K), 0.1308680 secs] 210545K->79934K(222648K), [Perm : 8838K->8838K(21248K)], 0.1605450 secs] [Times: user=0.16 sys=0.00, real=0.16 secs] 
111.077: Total time for which application threads were stopped: 0.1607790 seconds, Stopping threads took: 0.0001330 seconds
111.107: Application time: 0.0305610 seconds
111.107: [GC111.107: [DefNew: 58240K->7231K(65472K), 0.0189560 secs] 138174K->94106K(210744K), 0.0190010 secs] [Times: user=0.01 sys=0.00, real=0.02 secs] 
111.126: Total time for which application threads were stopped: 0.0193130 seconds, Stopping threads took: 0.0002130 seconds
111.155: Application time: 0.0287170 seconds
111.155: [GC111.155: [DefNew: 65471K->7231K(65472K), 0.0211690 secs] 152346K->102319K(210744K), 0.0212120 secs] [Times: user=0.03 sys=0.00, real=0.02 secs] 
111.177: Total time for which application threads were stopped: 0.0214610 seconds, Stopping threads took: 0.0001450 seconds
111.204: Application time: 0.0275100 seconds
111.204: [GC111.204: [DefNew: 65471K->2355K(65472K), 0.0096590 secs] 160559K->104124K(210744K), 0.0097050 secs] [Times: user=0.01 sys=0.00, real=0.02 secs] 
111.214: Total time for which application threads were stopped: 0.0099360 seconds, Stopping threads took: 0.0001430 seconds
111.238: Application time: 0.0239590 seconds
111.238: [GC111.238: [DefNew: 60595K->2903K(65472K), 0.0030750 secs] 162364K->104672K(210744K), 0.0031100 secs] [Times: user=0.01 sys=0.00, real=0.00 secs] 
111.241: Total time for which application threads were stopped: 0.0032970 seconds, Stopping threads took: 0.0001100 seconds
111.263: Application time: 0.0219840 seconds
111.263: [GC111.263: [DefNew: 61143K->4576K(65472K), 0.0042970 secs] 162912K->106345K(210744K), 0.0043460 secs] [Times: user=0.01 sys=0.00, real=0.01 secs] 
111.268: Total time for which application threads were stopped: 0.0045120 seconds, Stopping threads took: 0.0000800 seconds
111.288: Application time: 0.0206750 seconds
111.289: [GC111.289: [DefNew: 62816K->4079K(65472K), 0.0056300 secs] 164585K->107775K(210744K), 0.0056660 secs] [Times: user=0.01 sys=0.00, real=0.01 secs] 
111.294: Total time for which application threads were stopped: 0.0058950 seconds, Stopping threads took: 0.0001460 seconds
111.314: Application time: 0.0199700 seconds
111.315: [GC111.315: [DefNew: 62319K->2032K(65472K), 0.0034370 secs] 166015K->106904K(210744K), 0.0034710 secs] [Times: user=0.00 sys=0.00, real=0.00 secs] 
111.318: Total time for which application threads were stopped: 0.0036430 seconds, Stopping threads took: 0.0000910 seconds
111.337: Application time: 0.0192660 seconds
111.337: [GC111.338: [DefNew: 60272K->4893K(65472K), 0.0037130 secs] 165144K->109764K(210744K), 0.0037530 secs] [Times: user=0.01 sys=0.00, real=0.00 secs] 
111.341: Total time for which application threads were stopped: 0.0039760 seconds, Stopping threads took: 0.0001380 seconds
111.361: Application time: 0.0193250 seconds
111.361: [GC111.361: [DefNew: 63133K->5652K(65472K), 0.0088790 secs] 168004K->112260K(210744K), 0.0089240 secs] [Times: user=0.01 sys=0.00, real=0.01 secs] 
111.370: Total time for which application threads were stopped: 0.0092030 seconds, Stopping threads took: 0.0001740 seconds
111.390: Application time: 0.0204130 seconds
111.390: [GC111.390: [DefNew: 63892K->7232K(65472K), 0.0131020 secs] 170500K->120861K(210744K), 0.0131470 secs] [Times: user=0.02 sys=0.00, real=0.01 secs] 
111.404: Total time for which application threads were stopped: 0.0133380 seconds, Stopping threads took: 0.0001040 seconds
111.427: Application time: 0.0238810 seconds
111.428: [GC111.428: [DefNew: 65472K->7232K(65472K), 0.0271940 secs] 179101K->134785K(210744K), 0.0272380 secs] [Times: user=0.03 sys=0.00, real=0.03 secs] 
111.455: Total time for which application threads were stopped: 0.0274680 seconds, Stopping threads took: 0.0001440 seconds
111.483: Application time: 0.0284630 seconds
111.484: [GC111.484: [DefNew: 65472K->7232K(65472K), 0.0242560 secs] 193025K->149994K(210744K), 0.0243000 secs] [Times: user=0.03 sys=0.00, real=0.03 secs] 
111.508: Total time for which application threads were stopped: 0.0245180 seconds, Stopping threads took: 0.0001340 seconds
111.538: Application time: 0.0298000 seconds
111.538: [GC111.538: [DefNew: 65472K->7231K(65472K), 0.0267920 secs]111.565: [Tenured: 152653K->79391K(152760K), 0.1229540 secs] 208234K->79391K(218232K), [Perm : 8838K->8838K(21248K)], 0.1500460 secs] [Times: user=0.14 sys=0.00, real=0.15 secs] 
111.688: Total time for which application threads were stopped: 0.1502830 seconds, Stopping threads took: 0.0001560 seconds
111.718: Application time: 0.0303060 seconds
111.719: [GC111.719: [DefNew: 58240K->7231K(65472K), 0.0130370 secs] 137631K->90052K(210744K), 0.0130830 secs] [Times: user=0.01 sys=0.00, real=0.01 secs] 
111.732: Total time for which application threads were stopped: 0.0134160 seconds, Stopping threads took: 0.0002200 seconds
111.762: Application time: 0.0305390 seconds
111.762: [GC111.762: [DefNew: 65471K->7231K(65472K), 0.0265260 secs] 148292K->103336K(210744K), 0.0265870 secs] [Times: user=0.03 sys=0.00, real=0.03 secs] 
111.789: Total time for which application threads were stopped: 0.0268040 seconds, Stopping threads took: 0.0001110 seconds
111.818: Application time: 0.0292970 seconds
111.819: [GC111.819: [DefNew: 65471K->7231K(65472K), 0.0185620 secs] 161576K->109891K(210744K), 0.0186060 secs] [Times: user=0.02 sys=0.00, real=0.02 secs] 
111.837: Total time for which application threads were stopped: 0.0189720 seconds, Stopping threads took: 0.0002590 seconds
111.863: Application time: 0.0257850 seconds
111.863: [GC111.863: [DefNew: 65471K->1781K(65472K), 0.0078490 secs] 168131K->111028K(210744K), 0.0079040 secs] [Times: user=0.00 sys=0.00, real=0.01 secs] 
111.871: Total time for which application threads were stopped: 0.0081060 seconds, Stopping threads took: 0.0001010 seconds
111.895: Application time: 0.0233730 seconds
111.895: [GC111.895: [DefNew: 60021K->1692K(65472K), 0.0020680 secs] 169268K->110939K(210744K), 0.0021000 secs] [Times: user=0.00 sys=0.00, real=0.00 secs] 
111.897: Total time for which application threads were stopped: 0.0024680 seconds, Stopping threads took: 0.0002950 seconds
111.918: Application time: 0.0213020 seconds
111.919: [GC111.919: [DefNew: 59932K->3433K(65472K), 0.0036740 secs] 169179K->112680K(210744K), 0.0037120 secs] [Times: user=0.01 sys=0.00, real=0.00 secs] 
111.922: Total time for which application threads were stopped: 0.0039050 seconds, Stopping threads took: 0.0001130 seconds
111.942: Application time: 0.0201900 seconds
111.943: [GC111.943: [DefNew: 61673K->3653K(65472K), 0.0034800 secs] 170920K->112901K(210744K), 0.0035160 secs] [Times: user=0.00 sys=0.00, real=0.01 secs] 
111.946: Total time for which application threads were stopped: 0.0036670 seconds, Stopping threads took: 0.0000670 seconds
111.965: Application time: 0.0193310 seconds
111.966: [GC111.966: [DefNew: 61893K->3192K(65472K), 0.0033580 secs] 171141K->112832K(210744K), 0.0033950 secs] [Times: user=0.00 sys=0.00, real=0.00 secs] 
111.969: Total time for which application threads were stopped: 0.0035870 seconds, Stopping threads took: 0.0001100 seconds
111.988: Application time: 0.0188190 seconds
111.988: [GC111.988: [DefNew: 61432K->6095K(65472K), 0.0042640 secs] 171072K->115736K(210744K), 0.0043070 secs] [Times: user=0.01 sys=0.00, real=0.00 secs] 
111.992: Total time for which application threads were stopped: 0.0045940 seconds, Stopping threads took: 0.0001790 seconds
112.012: Application time: 0.0194780 seconds
112.012: [GC112.012: [DefNew: 64335K->7231K(65472K), 0.0105160 secs] 173976K->120480K(210744K), 0.0105610 secs] [Times: user=0.01 sys=0.00, real=0.01 secs] 
112.023: Total time for which application threads were stopped: 0.0107210 seconds, Stopping threads took: 0.0000720 seconds
112.044: Application time: 0.0209690 seconds
112.044: [GC112.044: [DefNew: 65471K->7232K(65472K), 0.0199910 secs] 178720K->131566K(210744K), 0.0200360 secs] [Times: user=0.02 sys=0.00, real=0.02 secs] 
112.064: Total time for which application threads were stopped: 0.0202190 seconds, Stopping threads took: 0.0000960 seconds
112.089: Application time: 0.0249390 seconds
112.089: [GC112.089: [DefNew: 65472K->7232K(65472K), 0.0247270 secs] 189806K->144294K(210744K), 0.0247720 secs] [Times: user=0.02 sys=0.00, real=0.03 secs] 
112.114: Total time for which application threads were stopped: 0.0250190 seconds, Stopping threads took: 0.0001630 seconds
112.144: Application time: 0.0300980 seconds
112.144: [GC112.144: [DefNew: 65472K->7232K(65472K), 0.0329120 secs]112.177: [Tenured: 151551K->75592K(151608K), 0.1259150 secs] 202534K->75592K(217080K), [Perm : 8838K->8838K(21248K)], 0.1591420 secs] [Times: user=0.16 sys=0.01, real=0.16 secs] 
112.303: Total time for which application threads were stopped: 0.1593970 seconds, Stopping threads took: 0.0001520 seconds
112.335: Application time: 0.0318950 seconds
112.335: [GC112.335: [DefNew: 58240K->7231K(65472K), 0.0137040 secs] 133832K->87242K(210744K), 0.0137490 secs] [Times: user=0.01 sys=0.00, real=0.01 secs] 
112.349: Total time for which application threads were stopped: 0.0140110 seconds, Stopping threads took: 0.0001670 seconds
112.379: Application time: 0.0300030 seconds
112.379: [GC112.379: [DefNew: 65471K->7232K(65472K), 0.0196880 secs] 145482K->98049K(210744K), 0.0197320 secs] [Times: user=0.02 sys=0.00, real=0.02 secs] 
112.399: Total time for which application threads were stopped: 0.0199410 seconds, Stopping threads took: 0.0001220 seconds
112.430: Application time: 0.0303820 seconds
112.430: [GC112.430: [DefNew: 65472K->7231K(65472K), 0.0223390 secs] 156289K->108979K(210744K), 0.0223950 secs] [Times: user=0.02 sys=0.00, real=0.02 secs] 
112.452: Total time for which application threads were stopped: 0.0225860 seconds, Stopping threads took: 0.0001050 seconds
112.481: Application time: 0.0285770 seconds
112.481: [GC112.481: [DefNew: 65471K->3285K(65472K), 0.0156320 secs] 167219K->111786K(210744K), 0.0156760 secs] [Times: user=0.01 sys=0.00, real=0.02 secs] 
112.497: Total time for which application threads were stopped: 0.0159460 seconds, Stopping threads took: 0.0001650 seconds
112.522: Application time: 0.0249560 seconds
112.522: [GC112.522: [DefNew: 61525K->4062K(65472K), 0.0046780 secs] 170026K->112563K(210744K), 0.0047150 secs] [Times: user=0.01 sys=0.00, real=0.01 secs] 
112.527: Total time for which application threads were stopped: 0.0050660 seconds, Stopping threads took: 0.0002500 seconds
112.549: Application time: 0.0227550 seconds
112.550: [GC112.550: [DefNew: 62302K->3460K(65472K), 0.0072770 secs] 170803K->114706K(210744K), 0.0073190 secs] [Times: user=0.01 sys=0.00, real=0.01 secs] 
112.557: Total time for which application threads were stopped: 0.0077250 seconds, Stopping threads took: 0.0003010 seconds
112.578: Application time: 0.0209580 seconds
112.578: [GC112.578: [DefNew: 61700K->3293K(65472K), 0.0040130 secs] 172946K->114539K(210744K), 0.0040490 secs] [Times: user=0.01 sys=0.00, real=0.00 secs] 
112.582: Total time for which application threads were stopped: 0.0042270 seconds, Stopping threads took: 0.0000980 seconds
112.603: Application time: 0.0202990 seconds
112.603: [GC112.603: [DefNew: 61533K->3481K(65472K), 0.0030070 secs] 172779K->114727K(210744K), 0.0030430 secs] [Times: user=0.00 sys=0.00, real=0.01 secs] 
112.606: Total time for which application threads were stopped: 0.0031870 seconds, Stopping threads took: 0.0000630 seconds
112.625: Application time: 0.0192620 seconds
112.625: [GC112.625: [DefNew: 61721K->3496K(65472K), 0.0028660 secs] 172967K->114742K(210744K), 0.0028970 secs] [Times: user=0.00 sys=0.00, real=0.00 secs] 
112.628: Total time for which application threads were stopped: 0.0030390 seconds, Stopping threads took: 0.0000650 seconds
112.647: Application time: 0.0189720 seconds
112.647: [GC112.647: [DefNew: 61736K->7231K(65472K), 0.0067120 secs] 172982K->118923K(210744K), 0.0067550 secs] [Times: user=0.01 sys=0.00, real=0.01 secs] 
112.654: Total time for which application threads were stopped: 0.0070090 seconds, Stopping threads took: 0.0001660 seconds
112.674: Application time: 0.0197870 seconds
112.674: [GC112.674: [DefNew: 65471K->7232K(65472K), 0.0161180 secs] 177163K->126651K(210744K), 0.0161600 secs] [Times: user=0.01 sys=0.00, real=0.01 secs] 
112.690: Total time for which application threads were stopped: 0.0163280 seconds, Stopping threads took: 0.0000820 seconds
112.713: Application time: 0.0225220 seconds
112.713: [GC112.713: [DefNew: 65472K->7231K(65472K), 0.0196340 secs] 184891K->137982K(210744K), 0.0196770 secs] [Times: user=0.02 sys=0.00, real=0.02 secs] 
112.733: Total time for which application threads were stopped: 0.0198820 seconds, Stopping threads took: 0.0001210 seconds
112.759: Application time: 0.0262730 seconds
112.759: [GC112.759: [DefNew: 65471K->7231K(65472K), 0.0234290 secs] 196222K->150101K(210744K), 0.0234760 secs] [Times: user=0.03 sys=0.00, real=0.02 secs] 
112.783: Total time for which application threads were stopped: 0.0236970 seconds, Stopping threads took: 0.0001350 seconds
112.813: Application time: 0.0301200 seconds
112.813: [GC112.813: [DefNew: 65471K->7231K(65472K), 0.0275660 secs]112.841: [Tenured: 157090K->75905K(157176K), 0.1190140 secs] 208341K->75905K(222648K), [Perm : 8838K->8838K(21248K)], 0.1469840 secs] [Times: user=0.15 sys=0.00, real=0.14 secs] 
112.960: Total time for which application threads were stopped: 0.1472230 seconds, Stopping threads took: 0.0001550 seconds
112.991: Application time: 0.0308810 seconds
112.991: [GC112.991: [DefNew: 58240K->7231K(65472K), 0.0158260 secs] 134145K->89181K(210744K), 0.0158700 secs] [Times: user=0.02 sys=0.00, real=0.02 secs] 
113.007: Total time for which application threads were stopped: 0.0161060 seconds, Stopping threads took: 0.0001280 seconds
113.038: Application time: 0.0307830 seconds
113.038: [GC113.038: [DefNew: 65471K->7231K(65472K), 0.0258190 secs] 147421K->102208K(210744K), 0.0258650 secs] [Times: user=0.03 sys=0.00, real=0.02 secs] 
113.064: Total time for which application threads were stopped: 0.0261000 seconds, Stopping threads took: 0.0001500 seconds
113.094: Application time: 0.0303590 seconds
113.094: [GC113.094: [DefNew: 65471K->7001K(65472K), 0.0147050 secs] 160448K->108242K(210744K), 0.0147480 secs] [Times: user=0.02 sys=0.00, real=0.01 secs] 
113.109: Total time for which application threads were stopped: 0.0149280 seconds, Stopping threads took: 0.0000940 seconds
113.136: Application time: 0.0270040 seconds
113.136: [GC113.136: [DefNew: 65241K->1662K(65472K), 0.0070110 secs] 166482K->109320K(210744K), 0.0070580 secs] [Times: user=0.01 sys=0.00, real=0.00 secs] 
113.143: Total time for which application threads were stopped: 0.0072930 seconds, Stopping threads took: 0.0001480 seconds
113.168: Application time: 0.0242420 seconds
113.168: [GC113.168: [DefNew: 59902K->2802K(65472K), 0.0031580 secs] 167560K->110461K(210744K), 0.0031920 secs] [Times: user=0.00 sys=0.00, real=0.00 secs] 
113.171: Total time for which application threads were stopped: 0.0033900 seconds, Stopping threads took: 0.0001230 seconds
113.193: Application time: 0.0220190 seconds
113.193: [GC113.193: [DefNew: 61042K->4198K(65472K), 0.0036630 secs] 168701K->111856K(210744K), 0.0037000 secs] [Times: user=0.01 sys=0.00, real=0.00 secs] 
113.197: Total time for which application threads were stopped: 0.0038850 seconds, Stopping threads took: 0.0001000 seconds
113.218: Application time: 0.0209340 seconds
113.218: [GC113.218: [DefNew: 62438K->2187K(65472K), 0.0044120 secs] 170096K->111268K(210744K), 0.0044490 secs] [Times: user=0.00 sys=0.00, real=0.00 secs] 
113.223: Total time for which application threads were stopped: 0.0046430 seconds, Stopping threads took: 0.0001140 seconds
113.242: Application time: 0.0196620 seconds
113.243: [GC113.243: [DefNew: 60427K->2123K(65472K), 0.0022280 secs] 169508K->111205K(210744K), 0.0022600 secs] [Times: user=0.00 sys=0.00, real=0.01 secs] 
113.245: Total time for which application threads were stopped: 0.0026090 seconds, Stopping threads took: 0.0002570 seconds
113.264: Application time: 0.0191840 seconds
113.264: [GC113.264: [DefNew: 60363K->2248K(65472K), 0.0022930 secs] 169445K->111329K(210744K), 0.0023230 secs] [Times: user=0.00 sys=0.00, real=0.01 secs] 
113.267: Total time for which application threads were stopped: 0.0024780 seconds, Stopping threads took: 0.0000760 seconds
113.285: Application time: 0.0189080 seconds
113.286: [GC113.286: [DefNew: 60488K->7231K(65472K), 0.0072900 secs] 169569K->117596K(210744K), 0.0073330 secs] [Times: user=0.00 sys=0.00, real=0.01 secs] 
113.293: Total time for which application threads were stopped: 0.0075730 seconds, Stopping threads took: 0.0001350 seconds
113.313: Application time: 0.0198830 seconds
113.313: [GC113.313: [DefNew: 65471K->7231K(65472K), 0.0162650 secs] 175836K->125693K(210744K), 0.0163090 secs] [Times: user=0.02 sys=0.00, real=0.01 secs] 
113.329: Total time for which application threads were stopped: 0.0165340 seconds, Stopping threads took: 0.0001380 seconds
113.353: Application time: 0.0240130 seconds
113.354: [GC113.354: [DefNew: 65471K->7231K(65472K), 0.0217010 secs] 183933K->137444K(210744K), 0.0217460 secs] [Times: user=0.02 sys=0.00, real=0.02 secs] 
113.375: Total time for which application threads were stopped: 0.0219640 seconds, Stopping threads took: 0.0001320 seconds
113.403: Application time: 0.0274530 seconds
113.403: [GC113.403: [DefNew: 65471K->7231K(65472K), 0.0286130 secs] 195684K->151245K(210744K), 0.0286580 secs] [Times: user=0.03 sys=0.00, real=0.03 secs] 
113.432: Total time for which application threads were stopped: 0.0289380 seconds, Stopping threads took: 0.0001740 seconds
113.463: Application time: 0.0307140 seconds
113.463: [GC113.463: [DefNew: 65471K->7232K(65472K), 0.0244520 secs]113.487: [Tenured: 156574K->78384K(156600K), 0.1222500 secs] 209485K->78384K(222072K), [Perm : 8838K->8838K(21248K)], 0.1471180 secs] [Times: user=0.15 sys=0.01, real=0.15 secs] 
113.611: Total time for which application threads were stopped: 0.1485760 seconds, Stopping threads took: 0.0000750 seconds
113.642: Application time: 0.0303790 seconds
113.642: [GC113.642: [DefNew: 58240K->7232K(65472K), 0.0134460 secs] 136624K->90543K(210744K), 0.0134910 secs] [Times: user=0.01 sys=0.00, real=0.02 secs] 
113.655: Total time for which application threads were stopped: 0.0137560 seconds, Stopping threads took: 0.0001660 seconds
113.688: Application time: 0.0322870 seconds
113.688: [GC113.688: [DefNew: 65472K->7232K(65472K), 0.0280730 secs] 148783K->106292K(210744K), 0.0281140 secs] [Times: user=0.03 sys=0.00, real=0.03 secs] 
113.716: Total time for which application threads were stopped: 0.0282760 seconds, Stopping threads took: 0.0000760 seconds
113.745: Application time: 0.0295110 seconds
113.746: [GC113.746: [DefNew: 65472K->5773K(65472K), 0.0180710 secs] 164532K->111650K(210744K), 0.0181120 secs] [Times: user=0.02 sys=0.00, real=0.01 secs] 
113.764: Total time for which application threads were stopped: 0.0184480 seconds, Stopping threads took: 0.0002320 seconds
113.789: Application time: 0.0256190 seconds
113.790: [GC113.790: [DefNew: 64013K->1391K(65472K), 0.0061590 secs] 169890K->111553K(210744K), 0.0062020 secs] [Times: user=0.01 sys=0.00, real=0.01 secs] 
113.796: Total time for which application threads were stopped: 0.0064790 seconds, Stopping threads took: 0.0001710 seconds
113.819: Application time: 0.0234750 seconds
113.820: [GC113.820: [DefNew: 59631K->3231K(65472K), 0.0044160 secs] 169793K->113393K(210744K), 0.0044530 secs] [Times: user=0.00 sys=0.00, real=0.00 secs] 
113.824: Total time for which application threads were stopped: 0.0047300 seconds, Stopping threads took: 0.0001780 seconds
113.846: Application time: 0.0215530 seconds
113.846: [GC113.846: [DefNew: 61471K->3425K(65472K), 0.0032920 secs] 171633K->113587K(210744K), 0.0033290 secs] [Times: user=0.01 sys=0.00, real=0.00 secs] 
113.849: Total time for which application threads were stopped: 0.0035570 seconds, Stopping threads took: 0.0001370 seconds
113.869: Application time: 0.0202360 seconds
113.870: [GC113.870: [DefNew: 61665K->3479K(65472K), 0.0033010 secs] 171827K->113641K(210744K), 0.0033370 secs] [Times: user=0.00 sys=0.00, real=0.01 secs] 
113.873: Total time for which application threads were stopped: 0.0035310 seconds, Stopping threads took: 0.0001110 seconds
113.893: Application time: 0.0195590 seconds
113.893: [GC113.893: [DefNew: 61719K->3506K(65472K), 0.0034720 secs] 171881K->113668K(210744K), 0.0035090 secs] [Times: user=0.00 sys=0.00, real=0.00 secs] 
113.896: Total time for which application threads were stopped: 0.0036870 seconds, Stopping threads took: 0.0000990 seconds
113.915: Application time: 0.0186590 seconds
113.915: [GC113.915: [DefNew: 61746K->5169K(65472K), 0.0040890 secs] 171908K->115330K(210744K), 0.0041290 secs] [Times: user=0.00 sys=0.00, real=0.00 secs] 
113.919: Total time for which application threads were stopped: 0.0043370 seconds, Stopping threads took: 0.0001280 seconds
113.938: Application time: 0.0189730 seconds
113.938: [GC113.938: [DefNew: 63409K->7231K(65472K), 0.0091330 secs] 173570K->121183K(210744K), 0.0091740 secs] [Times: user=0.01 sys=0.00, real=0.01 secs] 
113.948: Total time for which application threads were stopped: 0.0093240 seconds, Stopping threads took: 0.0000610 seconds
113.969: Application time: 0.0210600 seconds
113.969: [GC113.969: [DefNew: 65471K->7232K(65472K), 0.0184440 secs] 179423K->131249K(210744K), 0.0184880 secs] [Times: user=0.02 sys=0.00, real=0.02 secs] 
113.987: Total time for which application threads were stopped: 0.0187230 seconds, Stopping threads took: 0.0001480 seconds
114.012: Application time: 0.0248100 seconds
114.012: [GC114.012: [DefNew: 65472K->7231K(65472K), 0.0289340 secs] 189489K->144369K(210744K), 0.0289790 secs] [Times: user=0.03 sys=0.00, real=0.03 secs] 
114.041: Total time for which application threads were stopped: 0.0291750 seconds, Stopping threads took: 0.0001010 seconds
114.071: Application time: 0.0294840 seconds
114.071: [GC114.071: [DefNew: 65471K->7232K(65472K), 0.0273520 secs]114.099: [Tenured: 150801K->80836K(150840K), 0.1179190 secs] 202609K->80836K(216312K), [Perm : 8838K->8838K(21248K)], 0.1455380 secs] [Times: user=0.14 sys=0.00, real=0.15 secs] 
114.217: Total time for which application threads were stopped: 0.1458750 seconds, Stopping threads took: 0.0002360 seconds
114.248: Application time: 0.0310500 seconds
114.248: [GC114.248: [DefNew: 58240K->7231K(65472K), 0.0178160 secs] 139076K->94789K(210744K), 0.0178620 secs] [Times: user=0.02 sys=0.00, real=0.02 secs] 
114.266: Total time for which application threads were stopped: 0.0181420 seconds, Stopping threads took: 0.0001740 seconds
114.298: Application time: 0.0318400 seconds
114.298: [GC114.298: [DefNew: 65471K->7232K(65472K), 0.0244290 secs] 153029K->108535K(210744K), 0.0244740 secs] [Times: user=0.03 sys=0.00, real=0.02 secs] 
114.322: Total time for which application threads were stopped: 0.0246410 seconds, Stopping threads took: 0.0000820 seconds
114.355: Application time: 0.0327160 seconds
114.355: [GC114.355: [DefNew: 65472K->7232K(65472K), 0.0183550 secs] 166775K->117025K(210744K), 0.0183970 secs] [Times: user=0.02 sys=0.00, real=0.02 secs] 
114.374: Total time for which application threads were stopped: 0.0186250 seconds, Stopping threads took: 0.0001400 seconds
114.402: Application time: 0.0282620 seconds
114.402: [GC114.402: [DefNew: 65472K->3926K(65472K), 0.0112350 secs] 175265K->118744K(210744K), 0.0112790 secs] [Times: user=0.01 sys=0.00, real=0.02 secs] 
114.413: Total time for which application threads were stopped: 0.0114630 seconds, Stopping threads took: 0.0000970 seconds
114.438: Application time: 0.0249420 seconds
114.439: [GC114.439: [DefNew: 62166K->4075K(65472K), 0.0071250 secs] 176984K->120962K(210744K), 0.0071700 secs] [Times: user=0.01 sys=0.00, real=0.01 secs] 
114.446: Total time for which application threads were stopped: 0.0073660 seconds, Stopping threads took: 0.0001110 seconds
114.469: Application time: 0.0231760 seconds
114.469: [GC114.469: [DefNew: 62315K->2272K(65472K), 0.0045890 secs] 179202K->120305K(210744K), 0.0046270 secs] [Times: user=0.01 sys=0.00, real=0.01 secs] 
114.474: Total time for which application threads were stopped: 0.0049090 seconds, Stopping threads took: 0.0002000 seconds
114.495: Application time: 0.0211040 seconds
114.495: [GC114.495: [DefNew: 60512K->2302K(65472K), 0.0024990 secs] 178545K->120335K(210744K), 0.0025320 secs] [Times: user=0.00 sys=0.00, real=0.00 secs] 
114.498: Total time for which application threads were stopped: 0.0027920 seconds, Stopping threads took: 0.0001820 seconds
114.518: Application time: 0.0198570 seconds
114.518: [GC114.518: [DefNew: 60542K->2392K(65472K), 0.0025800 secs] 178575K->120425K(210744K), 0.0026130 secs] [Times: user=0.00 sys=0.00, real=0.00 secs] 
114.520: Total time for which application threads were stopped: 0.0028500 seconds, Stopping threads took: 0.0001490 seconds
114.540: Application time: 0.0191510 seconds
114.540: [GC114.540: [DefNew: 60632K->2394K(65472K), 0.0024620 secs] 178665K->120427K(210744K), 0.0024950 secs] [Times: user=0.00 sys=0.00, real=0.00 secs] 
114.542: Total time for which application threads were stopped: 0.0027150 seconds, Stopping threads took: 0.0001450 seconds
114.561: Application time: 0.0182320 seconds
114.561: [GC114.561: [DefNew: 60634K->5589K(65472K), 0.0041780 secs] 178667K->123622K(210744K), 0.0042210 secs] [Times: user=0.01 sys=0.00, real=0.01 secs] 
114.565: Total time for which application threads were stopped: 0.0044330 seconds, Stopping threads took: 0.0001250 seconds
114.585: Application time: 0.0196960 seconds
114.585: [GC114.585: [DefNew: 63829K->7231K(65472K), 0.0151700 secs] 181862K->131618K(210744K), 0.0152150 secs] [Times: user=0.01 sys=0.00, real=0.01 secs] 
114.600: Total time for which application threads were stopped: 0.0154680 seconds, Stopping threads took: 0.0001670 seconds
114.622: Application time: 0.0222560 seconds
114.623: [GC114.623: [DefNew: 65471K->7232K(65472K), 0.0238660 secs] 189858K->142838K(210744K), 0.0239180 secs] [Times: user=0.02 sys=0.00, real=0.03 secs] 
114.647: Total time for which application threads were stopped: 0.0241640 seconds, Stopping threads took: 0.0001590 seconds
114.672: Application time: 0.0254500 seconds
114.672: [GC114.672: [DefNew: 65472K->7232K(65472K), 0.0217000 secs]114.694: [Tenured: 146556K->79623K(146616K), 0.1222110 secs] 201078K->79623K(212088K), [Perm : 8838K->8838K(21248K)], 0.1440460 secs] [Times: user=0.14 sys=0.00, real=0.15 secs] 
114.816: Total time for which application threads were stopped: 0.1443020 seconds, Stopping threads took: 0.0001720 seconds
114.846: Application time: 0.0300780 seconds
114.847: [GC114.847: [DefNew: 58240K->7231K(65472K), 0.0242980 secs] 137863K->95353K(210744K), 0.0243440 secs] [Times: user=0.02 sys=0.00, real=0.02 secs] 
114.871: Total time for which application threads were stopped: 0.0246720 seconds, Stopping threads took: 0.0002110 seconds
114.903: Application time: 0.0317570 seconds
114.903: [GC114.903: [DefNew: 65471K->7231K(65472K), 0.0219920 secs] 153593K->107162K(210744K), 0.0220390 secs] [Times: user=0.02 sys=0.00, real=0.03 secs] 
114.925: Total time for which application threads were stopped: 0.0222020 seconds, Stopping threads took: 0.0000750 seconds
114.958: Application time: 0.0330450 seconds
114.958: [GC114.958: [DefNew: 65471K->7232K(65472K), 0.0272680 secs] 165402K->118860K(210744K), 0.0273120 secs] [Times: user=0.03 sys=0.00, real=0.03 secs] 
114.986: Total time for which application threads were stopped: 0.0275420 seconds, Stopping threads took: 0.0001290 seconds
115.017: Application time: 0.0316830 seconds
115.018: [GC115.018: [DefNew: 65472K->6139K(65472K), 0.0171870 secs] 177100K->124517K(210744K), 0.0172310 secs] [Times: user=0.02 sys=0.00, real=0.02 secs] 
115.035: Total time for which application threads were stopped: 0.0174510 seconds, Stopping threads took: 0.0001260 seconds
115.061: Application time: 0.0265050 seconds
115.062: [GC115.062: [DefNew: 64379K->2806K(65472K), 0.0076360 secs] 182757K->125972K(210744K), 0.0076800 secs] [Times: user=0.01 sys=0.00, real=0.01 secs] 
115.069: Total time for which application threads were stopped: 0.0079890 seconds, Stopping threads took: 0.0002230 seconds
115.094: Application time: 0.0243170 seconds
115.094: [GC115.094: [DefNew: 61046K->3038K(65472K), 0.0033810 secs] 184212K->126204K(210744K), 0.0034180 secs] [Times: user=0.00 sys=0.00, real=0.00 secs] 
115.097: Total time for which application threads were stopped: 0.0037750 seconds, Stopping threads took: 0.0002800 seconds
115.119: Application time: 0.0218410 seconds
115.119: [GC115.119: [DefNew: 61278K->3502K(65472K), 0.0036340 secs] 184444K->126668K(210744K), 0.0036720 secs] [Times: user=0.00 sys=0.00, real=0.00 secs] 
115.123: Total time for which application threads were stopped: 0.0038950 seconds, Stopping threads took: 0.0001440 seconds
115.144: Application time: 0.0205180 seconds
115.144: [GC115.144: [DefNew: 61742K->3578K(65472K), 0.0031690 secs] 184908K->126744K(210744K), 0.0032060 secs] [Times: user=0.00 sys=0.00, real=0.01 secs] 
115.147: Total time for which application threads were stopped: 0.0035610 seconds, Stopping threads took: 0.0002750 seconds
115.167: Application time: 0.0197050 seconds
115.167: [GC115.167: [DefNew: 61818K->3628K(65472K), 0.0036500 secs] 184984K->126794K(210744K), 0.0036880 secs] [Times: user=0.00 sys=0.00, real=0.00 secs] 
115.171: Total time for which application threads were stopped: 0.0040760 seconds, Stopping threads took: 0.0003070 seconds
115.190: Application time: 0.0186380 seconds
115.190: [GC115.190: [DefNew: 61868K->2660K(65472K), 0.0037530 secs] 185034K->126973K(210744K), 0.0037880 secs] [Times: user=0.00 sys=0.00, real=0.01 secs] 
115.194: Total time for which application threads were stopped: 0.0040090 seconds, Stopping threads took: 0.0001310 seconds
115.212: Application time: 0.0185450 seconds
115.212: [GC115.212: [DefNew: 60900K->7231K(65472K), 0.0075370 secs] 185213K->132938K(210744K), 0.0075900 secs] [Times: user=0.01 sys=0.00, real=0.01 secs] 
115.220: Total time for which application threads were stopped: 0.0077810 seconds, Stopping threads took: 0.0001050 seconds
115.240: Application time: 0.0201160 seconds
115.240: [GC115.240: [DefNew: 65471K->7232K(65472K), 0.0155930 secs] 191178K->141205K(210744K), 0.0156370 secs] [Times: user=0.02 sys=0.00, real=0.02 secs] 
115.256: Total time for which application threads were stopped: 0.0158720 seconds, Stopping threads took: 0.0001380 seconds
115.279: Application time: 0.0231390 seconds
115.279: [GC115.279: [DefNew: 65472K->7231K(65472K), 0.0193640 secs] 199445K->152408K(210744K), 0.0194090 secs] [Times: user=0.02 sys=0.00, real=0.02 secs] 
115.299: Total time for which application threads were stopped: 0.0197110 seconds, Stopping threads took: 0.0001990 seconds
115.325: Application time: 0.0262330 seconds
115.325: [GC115.325: [DefNew: 65471K->7231K(65472K), 0.0275690 secs]115.353: [Tenured: 157797K->82949K(157944K), 0.1285020 secs] 210648K->82949K(223416K), [Perm : 8838K->8838K(21248K)], 0.1565520 secs] [Times: user=0.15 sys=0.01, real=0.15 secs] 
115.482: Total time for which application threads were stopped: 0.1569020 seconds, Stopping threads took: 0.0002490 seconds
115.512: Application time: 0.0302380 seconds
115.512: [GC115.512: [DefNew: 58240K->7231K(65472K), 0.0203840 secs] 141189K->98343K(210744K), 0.0204380 secs] [Times: user=0.03 sys=0.00, real=0.03 secs] 
115.533: Total time for which application threads were stopped: 0.0206880 seconds, Stopping threads took: 0.0001510 seconds
115.566: Application time: 0.0328930 seconds
115.566: [GC115.566: [DefNew: 65471K->7231K(65472K), 0.0285840 secs] 156583K->114158K(210744K), 0.0286280 secs] [Times: user=0.03 sys=0.00, real=0.03 secs] 
115.595: Total time for which application threads were stopped: 0.0288220 seconds, Stopping threads took: 0.0000970 seconds
115.629: Application time: 0.0339830 seconds
115.629: [GC115.629: [DefNew: 65471K->7231K(65472K), 0.0282390 secs] 172398K->126713K(210744K), 0.0282830 secs] [Times: user=0.03 sys=0.00, real=0.03 secs] 
115.657: Total time for which application threads were stopped: 0.0284770 seconds, Stopping threads took: 0.0001080 seconds
115.687: Application time: 0.0295400 seconds
115.687: [GC115.687: [DefNew: 65471K->5660K(65472K), 0.0138180 secs] 184953K->131226K(210744K), 0.0138610 secs] [Times: user=0.02 sys=0.00, real=0.01 secs] 
115.701: Total time for which application threads were stopped: 0.0141720 seconds, Stopping threads took: 0.0002140 seconds
115.727: Application time: 0.0258020 seconds
115.727: [GC115.727: [DefNew: 63900K->2741K(65472K), 0.0067560 secs] 189466K->132432K(210744K), 0.0067960 secs] [Times: user=0.01 sys=0.00, real=0.01 secs] 
115.734: Total time for which application threads were stopped: 0.0070280 seconds, Stopping threads took: 0.0001440 seconds
115.758: Application time: 0.0241370 seconds
115.758: [GC115.758: [DefNew: 60981K->2927K(65472K), 0.0039260 secs] 190672K->132618K(210744K), 0.0039690 secs] [Times: user=0.01 sys=0.00, real=0.00 secs] 
115.762: Total time for which application threads were stopped: 0.0041780 seconds, Stopping threads took: 0.0000810 seconds
115.783: Application time: 0.0213460 seconds
115.784: [GC115.784: [DefNew: 61167K->2977K(65472K), 0.0026300 secs] 190858K->132668K(210744K), 0.0026650 secs] [Times: user=0.00 sys=0.00, real=0.01 secs] 
115.786: Total time for which application threads were stopped: 0.0030520 seconds, Stopping threads took: 0.0002900 seconds
115.807: Application time: 0.0203010 seconds
115.807: [GC115.807: [DefNew: 61217K->3108K(65472K), 0.0030600 secs] 190908K->132799K(210744K), 0.0030940 secs] [Times: user=0.00 sys=0.00, real=0.00 secs] 
115.810: Total time for which application threads were stopped: 0.0032500 seconds, Stopping threads took: 0.0000760 seconds
115.829: Application time: 0.0188920 seconds
115.829: [GC115.829: [DefNew: 61348K->3070K(65472K), 0.0030440 secs] 191039K->132761K(210744K), 0.0030870 secs] [Times: user=0.01 sys=0.00, real=0.00 secs] 
115.832: Total time for which application threads were stopped: 0.0033050 seconds, Stopping threads took: 0.0001400 seconds
115.851: Application time: 0.0184790 seconds
115.851: [GC115.851: [DefNew: 61310K->6240K(65472K), 0.0044830 secs] 191001K->135931K(210744K), 0.0045290 secs] [Times: user=0.00 sys=0.00, real=0.01 secs] 
115.855: Total time for which application threads were stopped: 0.0047890 seconds, Stopping threads took: 0.0001530 seconds
115.874: Application time: 0.0190860 seconds
115.875: [GC115.875: [DefNew: 64480K->7231K(65472K), 0.0104830 secs] 194171K->141449K(210744K), 0.0105280 secs] [Times: user=0.01 sys=0.00, real=0.01 secs] 
115.885: Total time for which application threads were stopped: 0.0107340 seconds, Stopping threads took: 0.0001170 seconds
115.906: Application time: 0.0208530 seconds
115.906: [GC115.906: [DefNew: 65471K->7232K(65472K), 0.0171400 secs] 199689K->149275K(210744K), 0.0171870 secs] [Times: user=0.02 sys=0.00, real=0.01 secs] 
115.923: Total time for which application threads were stopped: 0.0173790 seconds, Stopping threads took: 0.0001060 seconds
115.947: Application time: 0.0235350 seconds
115.947: [GC115.947: [DefNew: 65472K->7232K(65472K), 0.0222060 secs]115.969: [Tenured: 154119K->80078K(154296K), 0.1155730 secs] 207515K->80078K(219768K), [Perm : 8838K->8838K(21248K)], 0.1381140 secs] [Times: user=0.13 sys=0.00, real=0.14 secs] 
116.085: Total time for which application threads were stopped: 0.1382860 seconds, Stopping threads took: 0.0000900 seconds
116.113: Application time: 0.0275670 seconds
116.113: [GC116.113: [DefNew: 58240K->7232K(65472K), 0.0202250 secs] 138318K->96149K(210744K), 0.0202680 secs] [Times: user=0.02 sys=0.00, real=0.02 secs] 
116.133: Total time for which application threads were stopped: 0.0204570 seconds, Stopping threads took: 0.0000930 seconds
116.164: Application time: 0.0310570 seconds
116.164: [GC116.165: [DefNew: 65472K->7231K(65472K), 0.0253220 secs] 154389K->110106K(210744K), 0.0253640 secs] [Times: user=0.03 sys=0.00, real=0.02 secs] 
116.190: Total time for which application threads were stopped: 0.0255230 seconds, Stopping threads took: 0.0000650 seconds
116.223: Application time: 0.0331060 seconds
116.223: [GC116.223: [DefNew: 65471K->7232K(65472K), 0.0287400 secs] 168346K->124839K(210744K), 0.0287850 secs] [Times: user=0.03 sys=0.00, real=0.03 secs] 
116.252: Total time for which application threads were stopped: 0.0289470 seconds, Stopping threads took: 0.0000760 seconds
116.284: Application time: 0.0320220 seconds
116.284: [GC116.284: [DefNew: 65472K->7231K(65472K), 0.0255510 secs] 183079K->135918K(210744K), 0.0255960 secs] [Times: user=0.02 sys=0.00, real=0.03 secs] 
116.310: Total time for which application threads were stopped: 0.0258020 seconds, Stopping threads took: 0.0001190 seconds
116.338: Application time: 0.0278020 seconds
116.338: [GC116.338: [DefNew: 65471K->6432K(65472K), 0.0172220 secs] 194158K->141562K(210744K), 0.0172680 secs] [Times: user=0.02 sys=0.00, real=0.02 secs] 
116.355: Total time for which application threads were stopped: 0.0174890 seconds, Stopping threads took: 0.0001340 seconds
116.380: Application time: 0.0245230 seconds
116.380: [GC116.380: [DefNew: 64672K->2453K(65472K), 0.0066940 secs] 199802K->141277K(210744K), 0.0067360 secs] [Times: user=0.01 sys=0.00, real=0.01 secs] 
116.387: Total time for which application threads were stopped: 0.0069830 seconds, Stopping threads took: 0.0001420 seconds
116.409: Application time: 0.0223720 seconds
116.409: [GC116.409: [DefNew: 60693K->2524K(65472K), 0.0026780 secs] 199517K->141348K(210744K), 0.0027100 secs] [Times: user=0.00 sys=0.00, real=0.00 secs] 
116.412: Total time for which application threads were stopped: 0.0029240 seconds, Stopping threads took: 0.0001400 seconds
116.433: Application time: 0.0206310 seconds
116.433: [GC116.433: [DefNew: 60764K->2534K(65472K), 0.0026390 secs] 199588K->141358K(210744K), 0.0026720 secs] [Times: user=0.00 sys=0.00, real=0.00 secs] 
116.435: Total time for which application threads were stopped: 0.0029110 seconds, Stopping threads took: 0.0001520 seconds
116.455: Application time: 0.0195540 seconds
116.455: [GC116.455: [DefNew: 60774K->2602K(65472K), 0.0022590 secs] 199598K->141426K(210744K), 0.0022910 secs] [Times: user=0.01 sys=0.00, real=0.00 secs] 
116.457: Total time for which application threads were stopped: 0.0024920 seconds, Stopping threads took: 0.0001240 seconds
116.476: Application time: 0.0189900 seconds
116.477: [GC116.477: [DefNew: 60842K->2670K(65472K), 0.0026030 secs] 199666K->141494K(210744K), 0.0026350 secs] [Times: user=0.00 sys=0.00, real=0.00 secs] 
116.479: Total time for which application threads were stopped: 0.0027720 seconds, Stopping threads took: 0.0000610 seconds
116.498: Application time: 0.0183920 seconds
116.498: [GC116.498: [DefNew: 60910K->6323K(65472K), 0.0055720 secs] 199734K->145147K(210744K), 0.0056130 secs] [Times: user=0.00 sys=0.00, real=0.00 secs] 
116.503: Total time for which application threads were stopped: 0.0058070 seconds, Stopping threads took: 0.0001110 seconds
116.523: Application time: 0.0193570 seconds
116.523: [GC116.523: [DefNew: 64563K->7232K(65472K), 0.0126520 secs] 203387K->152180K(210744K), 0.0126950 secs] [Times: user=0.01 sys=0.00, real=0.02 secs] 
116.536: Total time for which application threads were stopped: 0.0128970 seconds, Stopping threads took: 0.0001150 seconds
116.557: Application time: 0.0214010 seconds
116.557: [GC116.557: [DefNew: 65472K->7231K(65472K), 0.0212640 secs]116.579: [Tenured: 154571K->85109K(154680K), 0.1291160 secs] 210420K->85109K(220152K), [Perm : 8838K->8838K(21248K)], 0.1507860 secs] [Times: user=0.15 sys=0.00, real=0.15 secs] 
116.708: Total time for which application threads were stopped: 0.1509790 seconds, Stopping threads took: 0.0001090 seconds
116.733: Application time: 0.0249050 seconds
116.733: [GC116.733: [DefNew: 58240K->7232K(65472K), 0.0132400 secs] 143349K->96036K(210744K), 0.0132850 secs] [Times: user=0.01 sys=0.00, real=0.01 secs] 
116.747: Total time for which application threads were stopped: 0.0135160 seconds, Stopping threads took: 0.0001350 seconds
116.777: Application time: 0.0303030 seconds
116.777: [GC116.777: [DefNew: 65472K->7232K(65472K), 0.0332640 secs] 154276K->112224K(210744K), 0.0333080 secs] [Times: user=0.03 sys=0.00, real=0.03 secs] 
116.810: Total time for which application threads were stopped: 0.0336070 seconds, Stopping threads took: 0.0001950 seconds
116.844: Application time: 0.0334480 seconds
116.844: [GC116.844: [DefNew: 65472K->7231K(65472K), 0.0302430 secs] 170464K->127545K(210744K), 0.0302900 secs] [Times: user=0.03 sys=0.00, real=0.04 secs] 
116.874: Total time for which application threads were stopped: 0.0305720 seconds, Stopping threads took: 0.0001800 seconds
116.908: Application time: 0.0340380 seconds
116.913: [GC116.913: [DefNew: 65471K->7232K(65472K), 0.0230550 secs] 185785K->139441K(210744K), 0.0231000 secs] [Times: user=0.02 sys=0.00, real=0.02 secs] 
116.936: Total time for which application threads were stopped: 0.0273010 seconds, Stopping threads took: 0.0040940 seconds
116.968: Application time: 0.0319000 seconds
116.968: [GC116.968: [DefNew: 65472K->7232K(65472K), 0.0178590 secs] 197681K->145471K(210744K), 0.0179020 secs] [Times: user=0.01 sys=0.00, real=0.02 secs] 
116.986: Total time for which application threads were stopped: 0.0182140 seconds, Stopping threads took: 0.0002260 seconds
117.013: Application time: 0.0268950 seconds
117.013: [GC117.013: [DefNew: 65472K->2084K(65472K), 0.0085070 secs] 203711K->146880K(210744K), 0.0085530 secs] [Times: user=0.01 sys=0.00, real=0.00 secs] 
117.022: Total time for which application threads were stopped: 0.0088610 seconds, Stopping threads took: 0.0002020 seconds
117.047: Application time: 0.0249620 seconds
117.047: [GC117.047: [DefNew: 60324K->2569K(65472K), 0.0030710 secs] 205120K->147365K(210744K), 0.0031040 secs] [Times: user=0.00 sys=0.00, real=0.00 secs] 
117.050: Total time for which application threads were stopped: 0.0033530 seconds, Stopping threads took: 0.0001610 seconds
117.072: Application time: 0.0217750 seconds
117.072: [GC117.072: [DefNew: 60809K->2683K(65472K), 0.0024520 secs] 205605K->147479K(210744K), 0.0024930 secs] [Times: user=0.01 sys=0.00, real=0.01 secs] 
117.074: Total time for which application threads were stopped: 0.0026980 seconds, Stopping threads took: 0.0001280 seconds
117.095: Application time: 0.0202340 seconds
117.095: [GC117.095: [DefNew: 60923K->2684K(65472K), 0.0028290 secs] 205719K->147480K(210744K), 0.0028620 secs] [Times: user=0.00 sys=0.00, real=0.00 secs] 
117.098: Total time for which application threads were stopped: 0.0030380 seconds, Stopping threads took: 0.0000990 seconds
117.117: Application time: 0.0193940 seconds
117.117: [GC117.117: [DefNew: 60924K->2731K(65472K), 0.0028880 secs] 205720K->147527K(210744K), 0.0029210 secs] [Times: user=0.01 sys=0.00, real=0.00 secs] 
117.120: Total time for which application threads were stopped: 0.0031390 seconds, Stopping threads took: 0.0001450 seconds
117.139: Application time: 0.0188300 seconds
117.139: [GC117.139: [DefNew: 60971K->4237K(65472K), 0.0036530 secs] 205767K->149034K(210744K), 0.0036900 secs] [Times: user=0.00 sys=0.00, real=0.00 secs] 
117.143: Total time for which application threads were stopped: 0.0039050 seconds, Stopping threads took: 0.0001350 seconds
117.162: Application time: 0.0189630 seconds
117.162: [GC117.162: [DefNew: 62477K->7232K(65472K), 0.0093570 secs]117.172: [Tenured: 147161K->77950K(147192K), 0.1272590 secs] 207274K->77950K(212664K), [Perm : 8838K->8838K(21248K)], 0.1367750 secs] [Times: user=0.14 sys=0.00, real=0.14 secs] 
117.299: Total time for which application threads were stopped: 0.1369720 seconds, Stopping threads took: 0.0001100 seconds
117.319: Application time: 0.0201820 seconds
117.319: [GC117.319: [DefNew: 58240K->7232K(65472K), 0.0097100 secs] 136190K->87004K(210744K), 0.0097550 secs] [Times: user=0.01 sys=0.00, real=0.01 secs] 
117.329: Total time for which application threads were stopped: 0.0099880 seconds, Stopping threads took: 0.0001330 seconds
117.351: Application time: 0.0217600 seconds
117.351: [GC117.351: [DefNew: 65472K->7231K(65472K), 0.0160240 secs] 145244K->96046K(210744K), 0.0160700 secs] [Times: user=0.02 sys=0.00, real=0.02 secs] 
117.367: Total time for which application threads were stopped: 0.0164010 seconds, Stopping threads took: 0.0002350 seconds
117.393: Application time: 0.0255820 seconds
117.393: [GC117.393: [DefNew: 65471K->7232K(65472K), 0.0248020 secs] 154286K->108647K(210744K), 0.0248470 secs] [Times: user=0.03 sys=0.00, real=0.02 secs] 
117.418: Total time for which application threads were stopped: 0.0251050 seconds, Stopping threads took: 0.0001540 seconds
117.449: Application time: 0.0305660 seconds
117.449: [GC117.449: [DefNew: 65472K->7232K(65472K), 0.0293520 secs] 166887K->124778K(210744K), 0.0293980 secs] [Times: user=0.03 sys=0.00, real=0.03 secs] 
117.478: Total time for which application threads were stopped: 0.0296400 seconds, Stopping threads took: 0.0001580 seconds
117.514: Application time: 0.0357990 seconds
117.514: [GC117.514: [DefNew: 65472K->7231K(65472K), 0.0295270 secs] 183018K->136626K(210744K), 0.0295720 secs] [Times: user=0.03 sys=0.00, real=0.02 secs] 
117.544: Total time for which application threads were stopped: 0.0297840 seconds, Stopping threads took: 0.0001240 seconds
117.577: Application time: 0.0332400 seconds
117.577: [GC117.577: [DefNew: 65471K->7231K(65472K), 0.0202220 secs] 194866K->146050K(210744K), 0.0202670 secs] [Times: user=0.02 sys=0.00, real=0.02 secs] 
117.597: Total time for which application threads were stopped: 0.0204520 seconds, Stopping threads took: 0.0000910 seconds
117.627: Application time: 0.0291640 seconds
117.627: [GC117.627: [DefNew: 65471K->6610K(65472K), 0.0160320 secs] 204290K->151407K(210744K), 0.0160750 secs] [Times: user=0.02 sys=0.00, real=0.01 secs] 
117.643: Total time for which application threads were stopped: 0.0162790 seconds, Stopping threads took: 0.0001160 seconds
117.670: Application time: 0.0267230 seconds
117.670: [GC117.670: [DefNew: 64850K->2392K(65472K), 0.0078060 secs]117.678: [Tenured: 149336K->83894K(149496K), 0.1270660 secs] 209647K->83894K(214968K), [Perm : 8838K->8838K(21248K)], 0.1350820 secs] [Times: user=0.14 sys=0.00, real=0.14 secs] 
117.805: Total time for which application threads were stopped: 0.1354220 seconds, Stopping threads took: 0.0002350 seconds
117.829: Application time: 0.0235360 seconds
117.829: [GC117.829: [DefNew: 58240K->744K(65472K), 0.0015020 secs] 142134K->84638K(210744K), 0.0015350 secs] [Times: user=0.00 sys=0.00, real=0.00 secs] 
117.830: Total time for which application threads were stopped: 0.0016940 seconds, Stopping threads took: 0.0000710 seconds
117.851: Application time: 0.0208740 seconds
117.851: [GC117.851: [DefNew: 58984K->789K(65472K), 0.0014670 secs] 142878K->84683K(210744K), 0.0014960 secs] [Times: user=0.01 sys=0.00, real=0.01 secs] 
117.853: Total time for which application threads were stopped: 0.0017020 seconds, Stopping threads took: 0.0001340 seconds
117.873: Application time: 0.0197580 seconds
117.873: [GC117.873: [DefNew: 59029K->802K(65472K), 0.0013200 secs] 142923K->84697K(210744K), 0.0013490 secs] [Times: user=0.01 sys=0.00, real=0.00 secs] 
117.874: Total time for which application threads were stopped: 0.0015410 seconds, Stopping threads took: 0.0001200 seconds
117.893: Application time: 0.0189830 seconds
117.893: [GC117.893: [DefNew: 59042K->843K(65472K), 0.0013310 secs] 142937K->84737K(210744K), 0.0013570 secs] [Times: user=0.00 sys=0.00, real=0.00 secs] 
117.895: Total time for which application threads were stopped: 0.0015740 seconds, Stopping threads took: 0.0001460 seconds
117.913: Application time: 0.0185620 seconds
117.914: [GC117.914: [DefNew: 59083K->4488K(65472K), 0.0041530 secs] 142977K->88383K(210744K), 0.0041890 secs] [Times: user=0.00 sys=0.00, real=0.00 secs] 
117.918: Total time for which application threads were stopped: 0.0044340 seconds, Stopping threads took: 0.0001660 seconds
117.937: Application time: 0.0190900 seconds
117.937: [GC117.937: [DefNew: 62728K->7232K(65472K), 0.0121940 secs] 146623K->95539K(210744K), 0.0122360 secs] [Times: user=0.01 sys=0.00, real=0.01 secs] 
117.949: Total time for which application threads were stopped: 0.0124590 seconds, Stopping threads took: 0.0001360 seconds
117.970: Application time: 0.0209510 seconds
117.970: [GC117.970: [DefNew: 65472K->7077K(65472K), 0.0130130 secs] 153779K->101637K(210744K), 0.0130570 secs] [Times: user=0.02 sys=0.00, real=0.01 secs] 
117.984: Total time for which application threads were stopped: 0.0132320 seconds, Stopping threads took: 0.0000890 seconds
118.006: Application time: 0.0227070 seconds
118.006: [GC118.006: [DefNew: 65317K->7231K(65472K), 0.0152110 secs] 159877K->110871K(210744K), 0.0152580 secs] [Times: user=0.01 sys=0.00, real=0.01 secs] 
118.022: Total time for which application threads were stopped: 0.0155110 seconds, Stopping threads took: 0.0001640 seconds
118.047: Application time: 0.0257770 seconds
118.048: [GC118.048: [DefNew: 65471K->7231K(65472K), 0.0330840 secs] 169111K->127722K(210744K), 0.0331280 secs] [Times: user=0.03 sys=0.00, real=0.03 secs] 
118.081: Total time for which application threads were stopped: 0.0333280 seconds, Stopping threads took: 0.0000970 seconds
118.115: Application time: 0.0344230 seconds
118.116: [GC118.116: [DefNew: 65471K->7232K(65472K), 0.0371220 secs] 185962K->146512K(210744K), 0.0371640 secs] [Times: user=0.04 sys=0.00, real=0.04 secs] 
118.153: Total time for which application threads were stopped: 0.0374760 seconds, Stopping threads took: 0.0002100 seconds
118.187: Application time: 0.0340930 seconds
118.187: [GC118.187: [DefNew: 65472K->7232K(65472K), 0.0275300 secs]118.215: [Tenured: 150232K->84797K(150264K), 0.1283760 secs] 204752K->84797K(215736K), [Perm : 8838K->8838K(21248K)], 0.1561780 secs] [Times: user=0.16 sys=0.00, real=0.15 secs] 
118.343: Total time for which application threads were stopped: 0.1563480 seconds, Stopping threads took: 0.0000860 seconds
118.375: Application time: 0.0322080 seconds
118.376: [GC118.376: [DefNew: 58240K->7232K(65472K), 0.0134800 secs] 143037K->95319K(210744K), 0.0135330 secs] [Times: user=0.02 sys=0.00, real=0.01 secs] 
118.389: Total time for which application threads were stopped: 0.0137950 seconds, Stopping threads took: 0.0001560 seconds
118.417: Application time: 0.0273870 seconds
118.417: [GC118.417: [DefNew: 65472K->4316K(65472K), 0.0137820 secs] 153559K->99339K(210744K), 0.0138250 secs] [Times: user=0.01 sys=0.00, real=0.01 secs] 
118.431: Total time for which application threads were stopped: 0.0141280 seconds, Stopping threads took: 0.0001980 seconds
118.457: Application time: 0.0262670 seconds
118.457: [GC118.457: [DefNew: 62556K->1357K(65472K), 0.0051740 secs] 157579K->99834K(210744K), 0.0052150 secs] [Times: user=0.00 sys=0.00, real=0.00 secs] 
118.462: Total time for which application threads were stopped: 0.0054400 seconds, Stopping threads took: 0.0001390 seconds
118.485: Application time: 0.0222570 seconds
118.485: [GC118.485: [DefNew: 59597K->1365K(65472K), 0.0018910 secs] 158074K->99843K(210744K), 0.0019200 secs] [Times: user=0.00 sys=0.00, real=0.00 secs] 
118.487: Total time for which application threads were stopped: 0.0020940 seconds, Stopping threads took: 0.0001000 seconds
118.507: Application time: 0.0205350 seconds
118.507: [GC118.507: [DefNew: 59605K->1403K(65472K), 0.0019860 secs] 158083K->99881K(210744K), 0.0020190 secs] [Times: user=0.00 sys=0.00, real=0.00 secs] 
118.510: Total time for which application threads were stopped: 0.0022050 seconds, Stopping threads took: 0.0001080 seconds
118.529: Application time: 0.0199210 seconds
118.530: [GC118.530: [DefNew: 59643K->1404K(65472K), 0.0019490 secs] 158121K->99882K(210744K), 0.0019810 secs] [Times: user=0.00 sys=0.00, real=0.00 secs] 
118.532: Total time for which application threads were stopped: 0.0021650 seconds, Stopping threads took: 0.0001070 seconds
118.550: Application time: 0.0188900 seconds
118.551: [GC118.551: [DefNew: 59644K->2894K(65472K), 0.0027160 secs] 158122K->101371K(210744K), 0.0027490 secs] [Times: user=0.00 sys=0.00, real=0.01 secs] 
118.554: Total time for which application threads were stopped: 0.0030900 seconds, Stopping threads took: 0.0002270 seconds
118.572: Application time: 0.0187940 seconds
118.573: [GC118.573: [DefNew: 61134K->7232K(65472K), 0.0073370 secs] 159611K->106270K(210744K), 0.0073790 secs] [Times: user=0.00 sys=0.00, real=0.00 secs] 
118.580: Total time for which application threads were stopped: 0.0075770 seconds, Stopping threads took: 0.0001110 seconds
118.600: Application time: 0.0198910 seconds
118.600: [GC118.600: [DefNew: 65472K->7231K(65472K), 0.0150950 secs] 164510K->114325K(210744K), 0.0151440 secs] [Times: user=0.02 sys=0.00, real=0.02 secs] 
118.615: Total time for which application threads were stopped: 0.0153590 seconds, Stopping threads took: 0.0001040 seconds
118.637: Application time: 0.0217120 seconds
118.637: [GC118.637: [DefNew: 65471K->4285K(65472K), 0.0116030 secs] 172565K->117524K(210744K), 0.0116480 secs] [Times: user=0.01 sys=0.00, real=0.01 secs] 
118.649: Total time for which application threads were stopped: 0.0118740 seconds, Stopping threads took: 0.0001310 seconds
118.672: Application time: 0.0234220 seconds
118.673: [GC118.673: [DefNew: 62525K->7232K(65472K), 0.0163460 secs] 175764K->130329K(210744K), 0.0163890 secs] [Times: user=0.02 sys=0.00, real=0.01 secs] 
118.689: Total time for which application threads were stopped: 0.0167490 seconds, Stopping threads took: 0.0002520 seconds
118.717: Application time: 0.0277670 seconds
118.717: [GC118.717: [DefNew: 65472K->7231K(65472K), 0.0291930 secs] 188569K->148368K(210744K), 0.0292390 secs] [Times: user=0.03 sys=0.00, real=0.03 secs] 
118.746: Total time for which application threads were stopped: 0.0294370 seconds, Stopping threads took: 0.0001150 seconds
118.782: Application time: 0.0361200 seconds
118.782: [GC118.783: [DefNew: 65471K->7231K(65472K), 0.0374340 secs]118.820: [Tenured: 156863K->84845K(156984K), 0.1267300 secs] 206608K->84845K(222456K), [Perm : 8838K->8838K(21248K)], 0.1645590 secs] [Times: user=0.17 sys=0.00, real=0.17 secs] 
118.947: Total time for which application threads were stopped: 0.1647750 seconds, Stopping threads took: 0.0001250 seconds
118.980: Application time: 0.0332990 seconds
118.981: [GC118.981: [DefNew: 58240K->7231K(65472K), 0.0190890 secs] 143085K->97671K(210744K), 0.0191330 secs] [Times: user=0.02 sys=0.00, real=0.02 secs] 
119.000: Total time for which application threads were stopped: 0.0194440 seconds, Stopping threads took: 0.0001930 seconds
119.031: Application time: 0.0314750 seconds
119.032: [GC119.032: [DefNew: 65471K->7231K(65472K), 0.0262180 secs] 155911K->109245K(210744K), 0.0262610 secs] [Times: user=0.02 sys=0.00, real=0.03 secs] 
119.058: Total time for which application threads were stopped: 0.0265550 seconds, Stopping threads took: 0.0001880 seconds
119.085: Application time: 0.0267520 seconds
119.085: [GC119.085: [DefNew: 65471K->2486K(65472K), 0.0126050 secs] 167485K->111465K(210744K), 0.0126500 secs] [Times: user=0.01 sys=0.00, real=0.01 secs] 
119.098: Total time for which application threads were stopped: 0.0131160 seconds, Stopping threads took: 0.0003590 seconds
119.123: Application time: 0.0250890 seconds
119.123: [GC119.123: [DefNew: 60726K->2595K(65472K), 0.0028870 secs] 169705K->111573K(210744K), 0.0029210 secs] [Times: user=0.00 sys=0.00, real=0.01 secs] 
119.126: Total time for which application threads were stopped: 0.0031860 seconds, Stopping threads took: 0.0001680 seconds
119.147: Application time: 0.0213280 seconds
119.148: [GC119.148: [DefNew: 60835K->2682K(65472K), 0.0029300 secs] 169813K->111660K(210744K), 0.0029630 secs] [Times: user=0.00 sys=0.00, real=0.00 secs] 
119.151: Total time for which application threads were stopped: 0.0032960 seconds, Stopping threads took: 0.0002370 seconds
119.171: Application time: 0.0202960 seconds
119.171: [GC119.171: [DefNew: 60922K->2673K(65472K), 0.0026160 secs] 169900K->111652K(210744K), 0.0026510 secs] [Times: user=0.00 sys=0.00, real=0.01 secs] 
119.174: Total time for which application threads were stopped: 0.0028570 seconds, Stopping threads took: 0.0001280 seconds
119.194: Application time: 0.0200450 seconds
119.194: [GC119.194: [DefNew: 60913K->2697K(65472K), 0.0028510 secs] 169892K->111676K(210744K), 0.0028840 secs] [Times: user=0.01 sys=0.00, real=0.00 secs] 
119.197: Total time for which application threads were stopped: 0.0031160 seconds, Stopping threads took: 0.0001540 seconds
119.216: Application time: 0.0189950 seconds
119.216: [GC119.216: [DefNew: 60937K->6435K(65472K), 0.0051950 secs] 169916K->115413K(210744K), 0.0052320 secs] [Times: user=0.01 sys=0.00, real=0.00 secs] 
119.221: Total time for which application threads were stopped: 0.0054570 seconds, Stopping threads took: 0.0001400 seconds
119.241: Application time: 0.0193550 seconds
119.241: [GC119.241: [DefNew: 64675K->6477K(65472K), 0.0106500 secs] 173653K->121159K(210744K), 0.0106910 secs] [Times: user=0.02 sys=0.00, real=0.01 secs] 
119.252: Total time for which application threads were stopped: 0.0108820 seconds, Stopping threads took: 0.0001050 seconds
119.273: Application time: 0.0209320 seconds
119.273: [GC119.273: [DefNew: 64717K->7231K(65472K), 0.0119310 secs] 179399K->127976K(210744K), 0.0119710 secs] [Times: user=0.01 sys=0.00, real=0.01 secs] 
119.285: Total time for which application threads were stopped: 0.0121560 seconds, Stopping threads took: 0.0000990 seconds
119.307: Application time: 0.0217860 seconds
119.307: [GC119.307: [DefNew: 65471K->3337K(65472K), 0.0103660 secs] 186216K->130636K(210744K), 0.0104090 secs] [Times: user=0.01 sys=0.00, real=0.01 secs] 
119.317: Total time for which application threads were stopped: 0.0106310 seconds, Stopping threads took: 0.0001360 seconds
119.342: Application time: 0.0243350 seconds
119.342: [GC119.342: [DefNew: 61577K->7232K(65472K), 0.0231480 secs] 188876K->149561K(210744K), 0.0231890 secs] [Times: user=0.03 sys=0.00, real=0.03 secs] 
119.365: Total time for which application threads were stopped: 0.0233990 seconds, Stopping threads took: 0.0001260 seconds
119.397: Application time: 0.0319010 seconds
119.397: [GC119.397: [DefNew: 65472K->7232K(65472K), 0.0409240 secs]119.438: [Tenured: 160975K->76234K(161016K), 0.1258950 secs] 207801K->76234K(226488K), [Perm : 8838K->8838K(21248K)], 0.1673890 secs] [Times: user=0.16 sys=0.01, real=0.16 secs] 
119.564: Total time for which application threads were stopped: 0.1676120 seconds, Stopping threads took: 0.0001340 seconds
119.600: Application time: 0.0358260 seconds
119.600: [GC119.600: [DefNew: 58240K->7232K(65472K), 0.0131790 secs] 134474K->87065K(210744K), 0.0132320 secs] [Times: user=0.01 sys=0.00, real=0.02 secs] 
119.614: Total time for which application threads were stopped: 0.0134170 seconds, Stopping threads took: 0.0000850 seconds
119.646: Application time: 0.0320720 seconds
119.646: [GC119.646: [DefNew: 65472K->7232K(65472K), 0.0260000 secs] 145305K->99469K(210744K), 0.0260440 secs] [Times: user=0.03 sys=0.00, real=0.02 secs] 
119.672: Total time for which application threads were stopped: 0.0263750 seconds, Stopping threads took: 0.0002430 seconds
119.701: Application time: 0.0293210 seconds
119.702: [GC119.702: [DefNew: 65472K->7232K(65472K), 0.0226820 secs] 157709K->109011K(210744K), 0.0227270 secs] [Times: user=0.03 sys=0.00, real=0.02 secs] 
119.724: Total time for which application threads were stopped: 0.0229570 seconds, Stopping threads took: 0.0001240 seconds
119.751: Application time: 0.0262940 seconds
119.751: [GC119.751: [DefNew: 65472K->2096K(65472K), 0.0141540 secs] 167251K->110788K(210744K), 0.0141960 secs] [Times: user=0.01 sys=0.00, real=0.02 secs] 
119.765: Total time for which application threads were stopped: 0.0145550 seconds, Stopping threads took: 0.0002570 seconds
119.789: Application time: 0.0237890 seconds
119.789: [GC119.789: [DefNew: 60336K->2053K(65472K), 0.0026350 secs] 169028K->110746K(210744K), 0.0026650 secs] [Times: user=0.00 sys=0.00, real=0.00 secs] 
119.792: Total time for which application threads were stopped: 0.0029340 seconds, Stopping threads took: 0.0001750 seconds
119.813: Application time: 0.0206700 seconds
119.817: [GC119.817: [DefNew: 60293K->2135K(65472K), 0.0019660 secs] 168986K->110828K(210744K), 0.0019960 secs] [Times: user=0.01 sys=0.00, real=0.00 secs] 
119.819: Total time for which application threads were stopped: 0.0059370 seconds, Stopping threads took: 0.0038620 seconds
119.838: Application time: 0.0198060 seconds
119.839: [GC119.839: [DefNew: 60375K->2136K(65472K), 0.0023030 secs] 169068K->110829K(210744K), 0.0023350 secs] [Times: user=0.01 sys=0.00, real=0.00 secs] 
119.841: Total time for which application threads were stopped: 0.0025590 seconds, Stopping threads took: 0.0001490 seconds
119.861: Application time: 0.0196320 seconds
119.861: [GC119.861: [DefNew: 60376K->3576K(65472K), 0.0029800 secs] 169069K->112268K(210744K), 0.0030130 secs] [Times: user=0.01 sys=0.00, real=0.00 secs] 
119.864: Total time for which application threads were stopped: 0.0031870 seconds, Stopping threads took: 0.0000960 seconds
119.883: Application time: 0.0191150 seconds
119.883: [GC119.883: [DefNew: 61816K->7232K(65472K), 0.0076080 secs] 170508K->117596K(210744K), 0.0076510 secs] [Times: user=0.01 sys=0.00, real=0.01 secs] 
119.891: Total time for which application threads were stopped: 0.0078240 seconds, Stopping threads took: 0.0000850 seconds
119.910: Application time: 0.0196780 seconds
119.911: [GC119.911: [DefNew: 65472K->6964K(65472K), 0.0134300 secs] 175836K->123615K(210744K), 0.0134730 secs] [Times: user=0.02 sys=0.00, real=0.01 secs] 
119.924: Total time for which application threads were stopped: 0.0136670 seconds, Stopping threads took: 0.0001080 seconds
119.946: Application time: 0.0214620 seconds
119.946: [GC119.946: [DefNew: 65204K->5621K(65472K), 0.0113190 secs] 181855K->128408K(210744K), 0.0113650 secs] [Times: user=0.01 sys=0.00, real=0.01 secs] 
119.957: Total time for which application threads were stopped: 0.0115460 seconds, Stopping threads took: 0.0000950 seconds
119.979: Application time: 0.0219020 seconds
119.979: [GC119.979: [DefNew: 63861K->4935K(65472K), 0.0081290 secs] 186648K->132408K(210744K), 0.0081740 secs] [Times: user=0.00 sys=0.00, real=0.01 secs] 
119.988: Total time for which application threads were stopped: 0.0084920 seconds, Stopping threads took: 0.0002040 seconds
120.013: Application time: 0.0257990 seconds
120.014: [GC120.014: [DefNew: 63175K->7231K(65472K), 0.0309660 secs]120.045: [Tenured: 145982K->73548K(146040K), 0.1123630 secs] 190648K->73548K(211512K), [Perm : 8838K->8838K(21248K)], 0.1434300 secs] [Times: user=0.14 sys=0.00, real=0.14 secs] 
120.157: Total time for which application threads were stopped: 0.1437670 seconds, Stopping threads took: 0.0002390 seconds
120.192: Application time: 0.0348930 seconds
120.192: [GC120.192: [DefNew: 58240K->7231K(65472K), 0.0214020 secs] 131788K->90827K(210744K), 0.0214450 secs] [Times: user=0.02 sys=0.00, real=0.03 secs] 
120.214: Total time for which application threads were stopped: 0.0217380 seconds, Stopping threads took: 0.0001970 seconds
120.248: Application time: 0.0346260 seconds
120.249: [GC120.249: [DefNew: 65471K->7232K(65472K), 0.0222780 secs] 149067K->98369K(210744K), 0.0223210 secs] [Times: user=0.02 sys=0.00, real=0.02 secs] 
120.271: Total time for which application threads were stopped: 0.0226570 seconds, Stopping threads took: 0.0002280 seconds
120.301: Application time: 0.0302700 seconds
120.302: [GC120.302: [DefNew: 65472K->7231K(65472K), 0.0228610 secs] 156609K->108456K(210744K), 0.0229030 secs] [Times: user=0.03 sys=0.00, real=0.03 secs] 
120.325: Total time for which application threads were stopped: 0.0232460 seconds, Stopping threads took: 0.0002380 seconds
120.353: Application time: 0.0287470 seconds
120.353: [GC120.353: [DefNew: 65471K->5528K(65472K), 0.0165260 secs] 166696K->113578K(210744K), 0.0165700 secs] [Times: user=0.01 sys=0.00, real=0.01 secs] 
120.370: Total time for which application threads were stopped: 0.0167830 seconds, Stopping threads took: 0.0001040 seconds
120.396: Application time: 0.0258170 seconds
120.396: [GC120.396: [DefNew: 63768K->644K(65472K), 0.0053130 secs] 171818K->113583K(210744K), 0.0053560 secs] [Times: user=0.00 sys=0.00, real=0.00 secs] 
120.402: Total time for which application threads were stopped: 0.0057360 seconds, Stopping threads took: 0.0002930 seconds
120.425: Application time: 0.0230190 seconds
120.425: [GC120.425: [DefNew: 58884K->858K(65472K), 0.0018620 secs] 171823K->113796K(210744K), 0.0018950 secs] [Times: user=0.00 sys=0.00, real=0.00 secs] 
120.427: Total time for which application threads were stopped: 0.0022630 seconds, Stopping threads took: 0.0002740 seconds
120.447: Application time: 0.0200870 seconds
120.447: [GC120.447: [DefNew: 59098K->880K(65472K), 0.0013300 secs] 172036K->113819K(210744K), 0.0013600 secs] [Times: user=0.00 sys=0.00, real=0.00 secs] 
120.449: Total time for which application threads were stopped: 0.0015960 seconds, Stopping threads took: 0.0001620 seconds
120.469: Application time: 0.0200640 seconds
120.469: [GC120.469: [DefNew: 59120K->890K(65472K), 0.0014240 secs] 172059K->113829K(210744K), 0.0014580 secs] [Times: user=0.00 sys=0.00, real=0.00 secs] 
120.471: Total time for which application threads were stopped: 0.0018840 seconds, Stopping threads took: 0.0003310 seconds
120.491: Application time: 0.0201630 seconds
120.491: [GC120.491: [DefNew: 59130K->4835K(65472K), 0.0049730 secs] 172069K->117774K(210744K), 0.0050100 secs] [Times: user=0.00 sys=0.00, real=0.01 secs] 
120.496: Total time for which application threads were stopped: 0.0053490 seconds, Stopping threads took: 0.0002380 seconds
120.515: Application time: 0.0190860 seconds
120.517: [GC120.517: [DefNew: 63075K->6890K(65472K), 0.0111870 secs] 176014K->123923K(210744K), 0.0112290 secs] [Times: user=0.01 sys=0.00, real=0.01 secs] 
120.528: Total time for which application threads were stopped: 0.0128090 seconds, Stopping threads took: 0.0014750 seconds
120.549: Application time: 0.0207210 seconds
120.549: [GC120.549: [DefNew: 65130K->6447K(65472K), 0.0124100 secs] 182163K->129586K(210744K), 0.0124530 secs] [Times: user=0.01 sys=0.00, real=0.01 secs] 
120.561: Total time for which application threads were stopped: 0.0127160 seconds, Stopping threads took: 0.0001570 seconds
120.583: Application time: 0.0217910 seconds
120.583: [GC120.583: [DefNew: 64687K->3987K(65472K), 0.0090010 secs] 187826K->132833K(210744K), 0.0090540 secs] [Times: user=0.01 sys=0.00, real=0.02 secs] 
120.593: Total time for which application threads were stopped: 0.0093170 seconds, Stopping threads took: 0.0001750 seconds
120.615: Application time: 0.0221220 seconds
120.615: [GC120.615: [DefNew: 62227K->7231K(65472K), 0.0089710 secs] 191073K->139837K(210744K), 0.0090140 secs] [Times: user=0.01 sys=0.00, real=0.00 secs] 
120.624: Total time for which application threads were stopped: 0.0091860 seconds, Stopping threads took: 0.0000870 seconds
120.652: Application time: 0.0277610 seconds
120.652: [GC120.652: [DefNew: 65471K->7232K(65472K), 0.0393110 secs]120.691: [Tenured: 157327K->74897K(157368K), 0.1121800 secs] 198077K->74897K(222840K), [Perm : 8838K->8838K(21248K)], 0.1519090 secs] [Times: user=0.15 sys=0.00, real=0.15 secs] 
120.804: Total time for which application threads were stopped: 0.1520960 seconds, Stopping threads took: 0.0001060 seconds
120.841: Application time: 0.0369540 seconds
120.841: [GC120.841: [DefNew: 58240K->7231K(65472K), 0.0173020 secs] 133137K->86929K(210744K), 0.0173450 secs] [Times: user=0.01 sys=0.00, real=0.02 secs] 
120.858: Total time for which application threads were stopped: 0.0175470 seconds, Stopping threads took: 0.0001030 seconds
120.891: Application time: 0.0325430 seconds
120.891: [GC120.891: [DefNew: 65471K->7231K(65472K), 0.0202850 secs] 145169K->94707K(210744K), 0.0203280 secs] [Times: user=0.02 sys=0.00, real=0.02 secs] 
120.911: Total time for which application threads were stopped: 0.0205790 seconds, Stopping threads took: 0.0001450 seconds
120.941: Application time: 0.0291950 seconds
120.941: [GC120.941: [DefNew: 65471K->7231K(65472K), 0.0173690 secs] 152947K->102798K(210744K), 0.0174120 secs] [Times: user=0.02 sys=0.00, real=0.02 secs] 
120.958: Total time for which application threads were stopped: 0.0176180 seconds, Stopping threads took: 0.0001210 seconds
120.986: Application time: 0.0277240 seconds
120.986: [GC120.986: [DefNew: 65471K->2708K(65472K), 0.0114090 secs] 161038K->104903K(210744K), 0.0114520 secs] [Times: user=0.01 sys=0.00, real=0.01 secs] 
120.998: Total time for which application threads were stopped: 0.0116550 seconds, Stopping threads took: 0.0001150 seconds
121.023: Application time: 0.0250440 seconds
121.023: [GC121.023: [DefNew: 60948K->2665K(65472K), 0.0025890 secs] 163143K->104860K(210744K), 0.0026240 secs] [Times: user=0.00 sys=0.00, real=0.01 secs] 
121.025: Total time for which application threads were stopped: 0.0028360 seconds, Stopping threads took: 0.0001350 seconds
121.047: Application time: 0.0215700 seconds
121.047: [GC121.047: [DefNew: 60905K->2806K(65472K), 0.0031490 secs] 163100K->105001K(210744K), 0.0031850 secs] [Times: user=0.01 sys=0.00, real=0.00 secs] 
121.050: Total time for which application threads were stopped: 0.0033970 seconds, Stopping threads took: 0.0001310 seconds
121.070: Application time: 0.0198390 seconds
121.070: [GC121.070: [DefNew: 61046K->2805K(65472K), 0.0030670 secs] 163241K->104999K(210744K), 0.0031000 secs] [Times: user=0.00 sys=0.00, real=0.01 secs] 
121.074: Total time for which application threads were stopped: 0.0032900 seconds, Stopping threads took: 0.0001110 seconds
121.093: Application time: 0.0199330 seconds
121.094: [GC121.094: [DefNew: 61045K->5181K(65472K), 0.0037450 secs] 163239K->107375K(210744K), 0.0037840 secs] [Times: user=0.00 sys=0.00, real=0.00 secs] 
121.097: Total time for which application threads were stopped: 0.0039610 seconds, Stopping threads took: 0.0000920 seconds
121.118: Application time: 0.0202500 seconds
121.118: [GC121.118: [DefNew: 63421K->7232K(65472K), 0.0117820 secs] 165615K->113905K(210744K), 0.0118270 secs] [Times: user=0.02 sys=0.00, real=0.01 secs] 
121.130: Total time for which application threads were stopped: 0.0120140 seconds, Stopping threads took: 0.0001000 seconds
121.150: Application time: 0.0198290 seconds
121.150: [GC121.150: [DefNew: 65472K->5455K(65472K), 0.0131740 secs] 172145K->118357K(210744K), 0.0132250 secs] [Times: user=0.01 sys=0.00, real=0.01 secs] 
121.163: Total time for which application threads were stopped: 0.0135420 seconds, Stopping threads took: 0.0002120 seconds
121.185: Application time: 0.0215140 seconds
121.185: [GC121.185: [DefNew: 63695K->5456K(65472K), 0.0112410 secs] 176597K->123317K(210744K), 0.0112860 secs] [Times: user=0.01 sys=0.00, real=0.01 secs] 
121.196: Total time for which application threads were stopped: 0.0115770 seconds, Stopping threads took: 0.0001860 seconds
121.218: Application time: 0.0214150 seconds
121.218: [GC121.218: [DefNew: 63696K->2808K(65472K), 0.0076910 secs] 181557K->124824K(210744K), 0.0077340 secs] [Times: user=0.01 sys=0.00, real=0.01 secs] 
121.226: Total time for which application threads were stopped: 0.0080570 seconds, Stopping threads took: 0.0002150 seconds
121.248: Application time: 0.0220740 seconds
121.248: [GC121.248: [DefNew: 61048K->7231K(65472K), 0.0156980 secs] 183064K->138005K(210744K), 0.0157430 secs] [Times: user=0.01 sys=0.00, real=0.01 secs] 
121.264: Total time for which application threads were stopped: 0.0159960 seconds, Stopping threads took: 0.0001690 seconds
121.294: Application time: 0.0300620 seconds
121.294: [GC121.294: [DefNew: 65471K->7232K(65472K), 0.0427020 secs]121.337: [Tenured: 155628K->78151K(155640K), 0.1213780 secs] 196245K->78151K(221112K), [Perm : 8838K->8838K(21248K)], 0.1644600 secs] [Times: user=0.17 sys=0.00, real=0.16 secs] 
121.458: Total time for which application threads were stopped: 0.1647000 seconds, Stopping threads took: 0.0001600 seconds
121.494: Application time: 0.0360370 seconds
121.495: [GC121.495: [DefNew: 58240K->6455K(65472K), 0.0075550 secs] 136391K->84606K(210744K), 0.0075990 secs] [Times: user=0.01 sys=0.00, real=0.00 secs] 
121.502: Total time for which application threads were stopped: 0.0079220 seconds, Stopping threads took: 0.0002230 seconds
121.532: Application time: 0.0296800 seconds
121.532: [GC121.532: [DefNew: 64695K->7231K(65472K), 0.0163730 secs] 142846K->93396K(210744K), 0.0164140 secs] [Times: user=0.02 sys=0.00, real=0.02 secs] 
121.549: Total time for which application threads were stopped: 0.0166650 seconds, Stopping threads took: 0.0001660 seconds
121.579: Application time: 0.0303380 seconds
121.579: [GC121.579: [DefNew: 65471K->7232K(65472K), 0.0236880 secs] 151636K->103308K(210744K), 0.0237330 secs] [Times: user=0.02 sys=0.00, real=0.02 secs] 
121.603: Total time for which application threads were stopped: 0.0239280 seconds, Stopping threads took: 0.0001090 seconds
121.629: Application time: 0.0254900 seconds
121.629: [GC121.629: [DefNew: 65472K->755K(65472K), 0.0093670 secs] 161548K->103793K(210744K), 0.0094120 secs] [Times: user=0.00 sys=0.00, real=0.01 secs] 
121.638: Total time for which application threads were stopped: 0.0096000 seconds, Stopping threads took: 0.0001010 seconds
121.662: Application time: 0.0240230 seconds
121.663: [GC121.663: [DefNew: 58995K->846K(65472K), 0.0015740 secs] 162033K->103884K(210744K), 0.0016060 secs] [Times: user=0.00 sys=0.00, real=0.00 secs] 
121.664: Total time for which application threads were stopped: 0.0020320 seconds, Stopping threads took: 0.0003310 seconds
121.685: Application time: 0.0203250 seconds
121.685: [GC121.685: [DefNew: 59086K->906K(65472K), 0.0017580 secs] 162124K->103944K(210744K), 0.0017880 secs] [Times: user=0.00 sys=0.00, real=0.00 secs] 
121.687: Total time for which application threads were stopped: 0.0022150 seconds, Stopping threads took: 0.0003530 seconds
121.706: Application time: 0.0196280 seconds
121.707: [GC121.707: [DefNew: 59146K->907K(65472K), 0.0014780 secs] 162184K->103945K(210744K), 0.0015070 secs] [Times: user=0.00 sys=0.00, real=0.00 secs] 
121.708: Total time for which application threads were stopped: 0.0018340 seconds, Stopping threads took: 0.0002350 seconds
121.729: Application time: 0.0203790 seconds
121.729: [GC121.729: [DefNew: 59147K->4906K(65472K), 0.0046910 secs] 162185K->107944K(210744K), 0.0047350 secs] [Times: user=0.01 sys=0.00, real=0.01 secs] 
121.734: Total time for which application threads were stopped: 0.0049990 seconds, Stopping threads took: 0.0001640 seconds
121.754: Application time: 0.0203750 seconds
121.754: [GC121.754: [DefNew: 63146K->7141K(65472K), 0.0128180 secs] 166184K->114335K(210744K), 0.0128600 secs] [Times: user=0.01 sys=0.00, real=0.01 secs] 
121.767: Total time for which application threads were stopped: 0.0131150 seconds, Stopping threads took: 0.0001480 seconds
121.788: Application time: 0.0206640 seconds
121.788: [GC121.788: [DefNew: 65381K->5957K(65472K), 0.0106620 secs] 172575K->119661K(210744K), 0.0107050 secs] [Times: user=0.01 sys=0.00, real=0.01 secs] 
121.799: Total time for which application threads were stopped: 0.0108670 seconds, Stopping threads took: 0.0000770 seconds
121.820: Application time: 0.0217320 seconds
121.820: [GC121.820: [DefNew: 64197K->3816K(65472K), 0.0096410 secs] 177901K->122750K(210744K), 0.0096800 secs] [Times: user=0.01 sys=0.00, real=0.01 secs] 
121.830: Total time for which application threads were stopped: 0.0098390 seconds, Stopping threads took: 0.0000650 seconds
121.852: Application time: 0.0219110 seconds
121.852: [GC121.852: [DefNew: 62056K->4642K(65472K), 0.0072580 secs] 180990K->126173K(210744K), 0.0072990 secs] [Times: user=0.01 sys=0.00, real=0.01 secs] 
121.860: Total time for which application threads were stopped: 0.0075050 seconds, Stopping threads took: 0.0001200 seconds
121.884: Application time: 0.0248800 seconds
121.885: [GC121.885: [DefNew: 62882K->7232K(65472K), 0.0297010 secs] 184413K->148850K(210744K), 0.0297460 secs] [Times: user=0.03 sys=0.00, real=0.03 secs] 
121.914: Total time for which application threads were stopped: 0.0299310 seconds, Stopping threads took: 0.0001010 seconds
121.949: Application time: 0.0349270 seconds
121.950: [GC121.950: [DefNew: 65472K->7231K(65472K), 0.0348110 secs]121.984: [Tenured: 156006K->76794K(156024K), 0.1289060 secs] 207090K->76794K(221496K), [Perm : 8838K->8838K(21248K)], 0.1641750 secs] [Times: user=0.16 sys=0.00, real=0.17 secs] 
122.114: Total time for which application threads were stopped: 0.1644730 seconds, Stopping threads took: 0.0001970 seconds
122.147: Application time: 0.0335310 seconds
122.148: [GC122.148: [DefNew: 58240K->7231K(65472K), 0.0100460 secs] 135034K->84838K(210744K), 0.0100880 secs] [Times: user=0.01 sys=0.00, real=0.01 secs] 
122.158: Total time for which application threads were stopped: 0.0103840 seconds, Stopping threads took: 0.0001780 seconds
122.187: Application time: 0.0296550 seconds
122.188: [GC122.188: [DefNew: 65471K->7231K(65472K), 0.0254880 secs] 143078K->97251K(210744K), 0.0255310 secs] [Times: user=0.03 sys=0.00, real=0.03 secs] 
122.213: Total time for which application threads were stopped: 0.0259550 seconds, Stopping threads took: 0.0003370 seconds
122.242: Application time: 0.0283660 seconds
122.242: [GC122.242: [DefNew: 65471K->7232K(65472K), 0.0169820 secs] 155491K->103432K(210744K), 0.0170350 secs] [Times: user=0.02 sys=0.00, real=0.02 secs] 
122.259: Total time for which application threads were stopped: 0.0173770 seconds, Stopping threads took: 0.0002360 seconds
122.284: Application time: 0.0251940 seconds
122.285: [GC122.285: [DefNew: 65472K->689K(65472K), 0.0077740 secs] 161672K->103311K(210744K), 0.0078180 secs] [Times: user=0.01 sys=0.00, real=0.00 secs] 
122.292: Total time for which application threads were stopped: 0.0080750 seconds, Stopping threads took: 0.0001680 seconds
122.316: Application time: 0.0235030 seconds
122.316: [GC122.316: [DefNew: 58929K->868K(65472K), 0.0015850 secs] 161551K->103490K(210744K), 0.0016180 secs] [Times: user=0.00 sys=0.00, real=0.00 secs] 
122.318: Total time for which application threads were stopped: 0.0020080 seconds, Stopping threads took: 0.0003060 seconds
122.338: Application time: 0.0202750 seconds
122.338: [GC122.338: [DefNew: 59108K->858K(65472K), 0.0015540 secs] 161730K->103479K(210744K), 0.0015830 secs] [Times: user=0.00 sys=0.00, real=0.00 secs] 
122.340: Total time for which application threads were stopped: 0.0017780 seconds, Stopping threads took: 0.0001230 seconds
122.360: Application time: 0.0199920 seconds
122.360: [GC122.360: [DefNew: 59098K->2066K(65472K), 0.0019550 secs] 161719K->104687K(210744K), 0.0019950 secs] [Times: user=0.00 sys=0.00, real=0.00 secs] 
122.362: Total time for which application threads were stopped: 0.0022200 seconds, Stopping threads took: 0.0001500 seconds
122.383: Application time: 0.0206630 seconds
122.383: [GC122.383: [DefNew: 60306K->7231K(65472K), 0.0076860 secs] 162927K->111486K(210744K), 0.0077280 secs] [Times: user=0.01 sys=0.00, real=0.01 secs] 
122.391: Total time for which application threads were stopped: 0.0078940 seconds, Stopping threads took: 0.0000790 seconds
122.411: Application time: 0.0201420 seconds
122.411: [GC122.411: [DefNew: 65471K->4445K(65472K), 0.0131360 secs] 169726K->114890K(210744K), 0.0131800 secs] [Times: user=0.01 sys=0.00, real=0.01 secs] 
122.424: Total time for which application threads were stopped: 0.0133950 seconds, Stopping threads took: 0.0001270 seconds
122.445: Application time: 0.0212270 seconds
122.446: [GC122.446: [DefNew: 62685K->5875K(65472K), 0.0094760 secs] 173130K->120515K(210744K), 0.0095180 secs] [Times: user=0.01 sys=0.00, real=0.01 secs] 
122.455: Total time for which application threads were stopped: 0.0097480 seconds, Stopping threads took: 0.0001240 seconds
122.477: Application time: 0.0214360 seconds
122.477: [GC122.477: [DefNew: 64115K->4166K(65472K), 0.0094320 secs] 178755K->123411K(210744K), 0.0094760 secs] [Times: user=0.01 sys=0.00, real=0.01 secs] 
122.486: Total time for which application threads were stopped: 0.0097650 seconds, Stopping threads took: 0.0001830 seconds
122.509: Application time: 0.0227570 seconds
122.509: [GC122.509: [DefNew: 62406K->7231K(65472K), 0.0114900 secs] 181651K->130627K(210744K), 0.0115360 secs] [Times: user=0.02 sys=0.00, real=0.01 secs] 
122.521: Total time for which application threads were stopped: 0.0117450 seconds, Stopping threads took: 0.0001230 seconds
122.549: Application time: 0.0279910 seconds
122.549: [GC122.549: [DefNew: 65471K->7231K(65472K), 0.0465530 secs]122.596: [Tenured: 148966K->74330K(149112K), 0.1155660 secs] 188867K->74330K(214584K), [Perm : 8838K->8838K(21248K)], 0.1623240 secs] [Times: user=0.16 sys=0.00, real=0.16 secs] 
122.712: Total time for which application threads were stopped: 0.1626710 seconds, Stopping threads took: 0.0002670 seconds
122.747: Application time: 0.0358650 seconds
122.748: [GC122.748: [DefNew: 58240K->7231K(65472K), 0.0160500 secs] 132570K->85311K(210744K), 0.0160950 secs] [Times: user=0.01 sys=0.00, real=0.01 secs] 
122.764: Total time for which application threads were stopped: 0.0163190 seconds, Stopping threads took: 0.0001260 seconds
122.795: Application time: 0.0314850 seconds
122.795: [GC122.796: [DefNew: 65471K->7232K(65472K), 0.0183830 secs] 143551K->92335K(210744K), 0.0184270 secs] [Times: user=0.02 sys=0.00, real=0.02 secs] 
122.814: Total time for which application threads were stopped: 0.0186340 seconds, Stopping threads took: 0.0001220 seconds
122.844: Application time: 0.0296570 seconds
122.844: [GC122.844: [DefNew: 65472K->7231K(65472K), 0.0206610 secs] 150575K->104092K(210744K), 0.0207040 secs] [Times: user=0.02 sys=0.00, real=0.03 secs] 
122.865: Total time for which application threads were stopped: 0.0210020 seconds, Stopping threads took: 0.0001930 seconds
122.892: Application time: 0.0270240 seconds
122.892: [GC122.892: [DefNew: 65471K->5346K(65472K), 0.0180290 secs] 162332K->109175K(210744K), 0.0180730 secs] [Times: user=0.02 sys=0.00, real=0.02 secs] 
122.910: Total time for which application threads were stopped: 0.0183390 seconds, Stopping threads took: 0.0001790 seconds
122.934: Application time: 0.0244920 seconds
122.935: [GC122.935: [DefNew: 63586K->711K(65472K), 0.0048370 secs] 167415K->109178K(210744K), 0.0048810 secs] [Times: user=0.01 sys=0.00, real=0.00 secs] 
122.940: Total time for which application threads were stopped: 0.0052250 seconds, Stopping threads took: 0.0002380 seconds
122.962: Application time: 0.0220840 seconds
122.962: [GC122.962: [DefNew: 58951K->853K(65472K), 0.0016710 secs] 167418K->109320K(210744K), 0.0017110 secs] [Times: user=0.00 sys=0.00, real=0.00 secs] 
122.964: Total time for which application threads were stopped: 0.0021070 seconds, Stopping threads took: 0.0003020 seconds
122.984: Application time: 0.0199860 seconds
122.984: [GC122.984: [DefNew: 59093K->863K(65472K), 0.0013950 secs] 167560K->109330K(210744K), 0.0014230 secs] [Times: user=0.00 sys=0.00, real=0.01 secs] 
122.985: Total time for which application threads were stopped: 0.0016020 seconds, Stopping threads took: 0.0000870 seconds
123.006: Application time: 0.0201830 seconds
123.006: [GC123.006: [DefNew: 59103K->4437K(65472K), 0.0036320 secs] 167570K->112904K(210744K), 0.0036680 secs] [Times: user=0.01 sys=0.00, real=0.00 secs] 
123.010: Total time for which application threads were stopped: 0.0039660 seconds, Stopping threads took: 0.0002000 seconds
123.030: Application time: 0.0206310 seconds
123.030: [GC123.030: [DefNew: 62677K->6828K(65472K), 0.0103250 secs] 171144K->118975K(210744K), 0.0103720 secs] [Times: user=0.01 sys=0.00, real=0.01 secs] 
123.041: Total time for which application threads were stopped: 0.0105590 seconds, Stopping threads took: 0.0001010 seconds
123.061: Application time: 0.0202270 seconds
123.061: [GC123.061: [DefNew: 65068K->4625K(65472K), 0.0098500 secs] 177215K->122861K(210744K), 0.0098940 secs] [Times: user=0.01 sys=0.00, real=0.01 secs] 
123.071: Total time for which application threads were stopped: 0.0101010 seconds, Stopping threads took: 0.0001210 seconds
123.093: Application time: 0.0215730 seconds
123.093: [GC123.093: [DefNew: 62865K->4878K(65472K), 0.0097970 secs] 181101K->127335K(210744K), 0.0098410 secs] [Times: user=0.01 sys=0.00, real=0.00 secs] 
123.103: Total time for which application threads were stopped: 0.0100250 seconds, Stopping threads took: 0.0000950 seconds
123.124: Application time: 0.0214090 seconds
123.124: [GC123.124: [DefNew: 63118K->3409K(65472K), 0.0070260 secs] 185575K->129346K(210744K), 0.0070690 secs] [Times: user=0.00 sys=0.00, real=0.01 secs] 
123.131: Total time for which application threads were stopped: 0.0072680 seconds, Stopping threads took: 0.0001130 seconds
123.155: Application time: 0.0233670 seconds
123.155: [GC123.155: [DefNew: 61649K->7231K(65472K), 0.0239680 secs] 187586K->145295K(210744K), 0.0240130 secs] [Times: user=0.02 sys=0.00, real=0.02 secs] 
123.179: Total time for which application threads were stopped: 0.0242170 seconds, Stopping threads took: 0.0001200 seconds
123.210: Application time: 0.0307060 seconds
123.210: [GC123.210: [DefNew: 65471K->7231K(65472K), 0.0504930 secs]123.260: [Tenured: 160674K->75711K(160824K), 0.1207160 secs] 203535K->75711K(226296K), [Perm : 8838K->8838K(21248K)], 0.1717070 secs] [Times: user=0.16 sys=0.01, real=0.17 secs] 
123.382: Total time for which application threads were stopped: 0.1719510 seconds, Stopping threads took: 0.0001650 seconds
123.417: Application time: 0.0356560 seconds
123.417: [GC123.418: [DefNew: 58240K->6819K(65472K), 0.0102210 secs] 133951K->82530K(210744K), 0.0102640 secs] [Times: user=0.01 sys=0.00, real=0.01 secs] 
123.428: Total time for which application threads were stopped: 0.0104290 seconds, Stopping threads took: 0.0000590 seconds
123.458: Application time: 0.0298230 seconds
123.458: [GC123.458: [DefNew: 65059K->7231K(65472K), 0.0184020 secs] 140770K->89826K(210744K), 0.0184450 secs] [Times: user=0.02 sys=0.00, real=0.02 secs] 
123.476: Total time for which application threads were stopped: 0.0186860 seconds, Stopping threads took: 0.0001540 seconds
123.505: Application time: 0.0288840 seconds
123.505: [GC123.505: [DefNew: 65471K->7232K(65472K), 0.0204960 secs] 148066K->98341K(210744K), 0.0205390 secs] [Times: user=0.02 sys=0.00, real=0.02 secs] 
123.526: Total time for which application threads were stopped: 0.0207830 seconds, Stopping threads took: 0.0001380 seconds
123.552: Application time: 0.0262610 seconds
123.552: [GC123.552: [DefNew: 65472K->2345K(65472K), 0.0102530 secs] 156581K->100361K(210744K), 0.0103040 secs] [Times: user=0.01 sys=0.00, real=0.01 secs] 
123.563: Total time for which application threads were stopped: 0.0104570 seconds, Stopping threads took: 0.0000620 seconds
123.586: Application time: 0.0237750 seconds
123.587: [GC123.587: [DefNew: 60585K->2350K(65472K), 0.0025630 secs] 158601K->100367K(210744K), 0.0025940 secs] [Times: user=0.00 sys=0.00, real=0.00 secs] 
123.589: Total time for which application threads were stopped: 0.0028250 seconds, Stopping threads took: 0.0001460 seconds
123.611: Application time: 0.0213420 seconds
123.611: [GC123.611: [DefNew: 60590K->2463K(65472K), 0.0025650 secs] 158607K->100480K(210744K), 0.0026010 secs] [Times: user=0.00 sys=0.00, real=0.01 secs] 
123.614: Total time for which application threads were stopped: 0.0028690 seconds, Stopping threads took: 0.0001920 seconds
123.634: Application time: 0.0200910 seconds
123.634: [GC123.634: [DefNew: 60703K->4488K(65472K), 0.0039640 secs] 158720K->102505K(210744K), 0.0040020 secs] [Times: user=0.00 sys=0.00, real=0.00 secs] 
123.638: Total time for which application threads were stopped: 0.0043400 seconds, Stopping threads took: 0.0002600 seconds
123.659: Application time: 0.0206860 seconds
123.659: [GC123.659: [DefNew: 62728K->7231K(65472K), 0.0102760 secs] 160745K->107599K(210744K), 0.0103210 secs] [Times: user=0.01 sys=0.00, real=0.01 secs] 
123.669: Total time for which application threads were stopped: 0.0105630 seconds, Stopping threads took: 0.0001560 seconds
123.690: Application time: 0.0212960 seconds
123.691: [GC123.691: [DefNew: 65471K->4787K(65472K), 0.0110960 secs] 165839K->111606K(210744K), 0.0111390 secs] [Times: user=0.01 sys=0.00, real=0.01 secs] 
123.702: Total time for which application threads were stopped: 0.0113390 seconds, Stopping threads took: 0.0001120 seconds
123.723: Application time: 0.0209540 seconds
123.723: [GC123.723: [DefNew: 63027K->6170K(65472K), 0.0088030 secs] 169846K->117312K(210744K), 0.0088510 secs] [Times: user=0.01 sys=0.00, real=0.01 secs] 
123.732: Total time for which application threads were stopped: 0.0091240 seconds, Stopping threads took: 0.0001860 seconds
123.753: Application time: 0.0215550 seconds
123.754: [GC123.754: [DefNew: 64410K->4262K(65472K), 0.0097450 secs] 175552K->119476K(210744K), 0.0097850 secs] [Times: user=0.00 sys=0.00, real=0.00 secs] 
123.763: Total time for which application threads were stopped: 0.0099850 seconds, Stopping threads took: 0.0001170 seconds
123.786: Application time: 0.0228190 seconds
123.786: [GC123.786: [DefNew: 62502K->7231K(65472K), 0.0136460 secs] 177716K->128736K(210744K), 0.0136930 secs] [Times: user=0.02 sys=0.00, real=0.01 secs] 
123.800: Total time for which application threads were stopped: 0.0138990 seconds, Stopping threads took: 0.0001190 seconds
123.825: Application time: 0.0248240 seconds
123.825: [GC123.825: [DefNew: 65471K->7232K(65472K), 0.0245300 secs] 186976K->144633K(210744K), 0.0245740 secs] [Times: user=0.03 sys=0.00, real=0.02 secs] 
123.850: Total time for which application threads were stopped: 0.0248410 seconds, Stopping threads took: 0.0001640 seconds
123.883: Application time: 0.0327370 seconds
123.883: [GC123.883: [DefNew: 65472K->7232K(65472K), 0.0394050 secs]123.922: [Tenured: 155528K->76470K(155640K), 0.1217820 secs] 202873K->76470K(221112K), [Perm : 8838K->8838K(21248K)], 0.1615750 secs] [Times: user=0.15 sys=0.01, real=0.17 secs] 
124.045: Total time for which application threads were stopped: 0.1619270 seconds, Stopping threads took: 0.0002500 seconds
124.079: Application time: 0.0343830 seconds
124.079: [GC124.079: [DefNew: 58240K->7232K(65472K), 0.0120170 secs] 134710K->87175K(210744K), 0.0120610 secs] [Times: user=0.01 sys=0.00, real=0.01 secs] 
124.091: Total time for which application threads were stopped: 0.0122400 seconds, Stopping threads took: 0.0000810 seconds
124.121: Application time: 0.0296940 seconds
124.121: [GC124.121: [DefNew: 65472K->7231K(65472K), 0.0260360 secs] 145415K->98037K(210744K), 0.0260790 secs] [Times: user=0.02 sys=0.00, real=0.03 secs] 
124.147: Total time for which application threads were stopped: 0.0263080 seconds, Stopping threads took: 0.0001340 seconds
124.174: Application time: 0.0272740 seconds
124.175: [GC124.175: [DefNew: 65471K->5902K(65472K), 0.0145330 secs] 156277K->102583K(210744K), 0.0145790 secs] [Times: user=0.02 sys=0.00, real=0.01 secs] 
124.189: Total time for which application threads were stopped: 0.0149580 seconds, Stopping threads took: 0.0002930 seconds
124.215: Application time: 0.0255530 seconds
124.215: [GC124.215: [DefNew: 64142K->979K(65472K), 0.0054780 secs] 160823K->103075K(210744K), 0.0055230 secs] [Times: user=0.01 sys=0.00, real=0.00 secs] 
124.221: Total time for which application threads were stopped: 0.0057970 seconds, Stopping threads took: 0.0001860 seconds
124.244: Application time: 0.0231700 seconds
124.244: [GC124.244: [DefNew: 59219K->968K(65472K), 0.0017110 secs] 161315K->103063K(210744K), 0.0017450 secs] [Times: user=0.00 sys=0.00, real=0.01 secs] 
124.246: Total time for which application threads were stopped: 0.0019510 seconds, Stopping threads took: 0.0001310 seconds
124.267: Application time: 0.0209590 seconds
124.267: [GC124.267: [DefNew: 59208K->1087K(65472K), 0.0019040 secs] 161303K->103182K(210744K), 0.0019330 secs] [Times: user=0.00 sys=0.00, real=0.00 secs] 
124.269: Total time for which application threads were stopped: 0.0022270 seconds, Stopping threads took: 0.0002210 seconds
124.290: Application time: 0.0205520 seconds
124.290: [GC124.290: [DefNew: 59327K->5366K(65472K), 0.0050500 secs] 161422K->107461K(210744K), 0.0050890 secs] [Times: user=0.00 sys=0.00, real=0.01 secs] 
124.295: Total time for which application threads were stopped: 0.0053710 seconds, Stopping threads took: 0.0002010 seconds
124.315: Application time: 0.0203630 seconds
124.316: [GC124.316: [DefNew: 63606K->5909K(65472K), 0.0087570 secs] 165701K->112664K(210744K), 0.0088030 secs] [Times: user=0.01 sys=0.00, real=0.00 secs] 
124.324: Total time for which application threads were stopped: 0.0091130 seconds, Stopping threads took: 0.0002040 seconds
124.346: Application time: 0.0215590 seconds
124.346: [GC124.346: [DefNew: 64149K->2847K(65472K), 0.0085280 secs] 170904K->114793K(210744K), 0.0085720 secs] [Times: user=0.00 sys=0.00, real=0.01 secs] 
124.355: Total time for which application threads were stopped: 0.0087910 seconds, Stopping threads took: 0.0001330 seconds
124.376: Application time: 0.0211600 seconds
124.376: [GC124.376: [DefNew: 61087K->7231K(65472K), 0.0077800 secs] 173033K->120621K(210744K), 0.0078230 secs] [Times: user=0.01 sys=0.00, real=0.00 secs] 
124.384: Total time for which application threads were stopped: 0.0080010 seconds, Stopping threads took: 0.0000920 seconds
124.405: Application time: 0.0211240 seconds
124.405: [GC124.405: [DefNew: 65471K->5833K(65472K), 0.0139050 secs] 178861K->125801K(210744K), 0.0139480 secs] [Times: user=0.01 sys=0.00, real=0.01 secs] 
124.419: Total time for which application threads were stopped: 0.0141350 seconds, Stopping threads took: 0.0001010 seconds
124.443: Application time: 0.0237160 seconds
124.443: [GC124.443: [DefNew: 64073K->7231K(65472K), 0.0181130 secs] 184041K->136353K(210744K), 0.0181560 secs] [Times: user=0.02 sys=0.00, real=0.02 secs] 
124.461: Total time for which application threads were stopped: 0.0183480 seconds, Stopping threads took: 0.0001070 seconds
124.489: Application time: 0.0274130 seconds
124.489: [GC124.489: [DefNew: 65471K->7231K(65472K), 0.0274850 secs]124.517: [Tenured: 145278K->70571K(145464K), 0.1066140 secs] 194593K->70571K(210936K), [Perm : 8838K->8838K(21248K)], 0.1341850 secs] [Times: user=0.13 sys=0.00, real=0.13 secs] 
124.623: Total time for which application threads were stopped: 0.1345270 seconds, Stopping threads took: 0.0002420 seconds
124.657: Application time: 0.0335760 seconds
124.657: [GC124.657: [DefNew: 58240K->7231K(65472K), 0.0170090 secs] 128811K->82914K(210744K), 0.0170530 secs] [Times: user=0.02 sys=0.00, real=0.02 secs] 
124.674: Total time for which application threads were stopped: 0.0174220 seconds, Stopping threads took: 0.0002510 seconds
124.705: Application time: 0.0311030 seconds
124.706: [GC124.706: [DefNew: 65471K->7232K(65472K), 0.0215530 secs] 141154K->91074K(210744K), 0.0216040 secs] [Times: user=0.02 sys=0.00, real=0.02 secs] 
124.727: Total time for which application threads were stopped: 0.0218020 seconds, Stopping threads took: 0.0000930 seconds
124.756: Application time: 0.0291260 seconds
124.756: [GC124.756: [DefNew: 65472K->7232K(65472K), 0.0261880 secs] 149314K->102802K(210744K), 0.0262330 secs] [Times: user=0.03 sys=0.00, real=0.02 secs] 
124.783: Total time for which application threads were stopped: 0.0264250 seconds, Stopping threads took: 0.0000970 seconds
124.809: Application time: 0.0266920 seconds
124.810: [GC124.810: [DefNew: 65472K->6347K(65472K), 0.0155920 secs] 161042K->108261K(210744K), 0.0156370 secs] [Times: user=0.02 sys=0.00, real=0.02 secs] 
124.825: Total time for which application threads were stopped: 0.0159200 seconds, Stopping threads took: 0.0001770 seconds
124.849: Application time: 0.0240560 seconds
124.850: [GC124.850: [DefNew: 64587K->697K(65472K), 0.0057320 secs] 166501K->108163K(210744K), 0.0057760 secs] [Times: user=0.01 sys=0.00, real=0.01 secs] 
124.855: Total time for which application threads were stopped: 0.0060160 seconds, Stopping threads took: 0.0001520 seconds
124.878: Application time: 0.0226330 seconds
124.878: [GC124.878: [DefNew: 58937K->823K(65472K), 0.0011650 secs] 166403K->108290K(210744K), 0.0011930 secs] [Times: user=0.00 sys=0.00, real=0.00 secs] 
124.880: Total time for which application threads were stopped: 0.0014910 seconds, Stopping threads took: 0.0002160 seconds
124.900: Application time: 0.0203300 seconds
124.900: [GC124.900: [DefNew: 59063K->3628K(65472K), 0.0031750 secs] 166530K->111095K(210744K), 0.0032110 secs] [Times: user=0.00 sys=0.00, real=0.00 secs] 
124.903: Total time for which application threads were stopped: 0.0034980 seconds, Stopping threads took: 0.0002110 seconds
124.924: Application time: 0.0205640 seconds
124.924: [GC124.924: [DefNew: 61868K->5980K(65472K), 0.0071020 secs] 169335K->113722K(210744K), 0.0071440 secs] [Times: user=0.01 sys=0.00, real=0.01 secs] 
124.931: Total time for which application threads were stopped: 0.0073600 seconds, Stopping threads took: 0.0001310 seconds
124.952: Application time: 0.0210230 seconds
124.953: [GC124.953: [DefNew: 64220K->7232K(65472K), 0.0098970 secs] 171962K->118709K(210744K), 0.0099420 secs] [Times: user=0.01 sys=0.00, real=0.00 secs] 
124.962: Total time for which application threads were stopped: 0.0101590 seconds, Stopping threads took: 0.0001300 seconds
124.983: Application time: 0.0209030 seconds
124.984: [GC124.984: [DefNew: 65472K->5701K(65472K), 0.0120180 secs] 176949K->123743K(210744K), 0.0120620 secs] [Times: user=0.01 sys=0.00, real=0.02 secs] 
124.996: Total time for which application threads were stopped: 0.0122480 seconds, Stopping threads took: 0.0000940 seconds
125.017: Application time: 0.0215880 seconds
125.017: [GC125.017: [DefNew: 63941K->4176K(65472K), 0.0080640 secs] 181983K->126636K(210744K), 0.0081060 secs] [Times: user=0.01 sys=0.00, real=0.01 secs] 
125.026: Total time for which application threads were stopped: 0.0083000 seconds, Stopping threads took: 0.0001090 seconds
125.048: Application time: 0.0221140 seconds
125.048: [GC125.048: [DefNew: 62416K->7231K(65472K), 0.0118030 secs] 184876K->134539K(210744K), 0.0118470 secs] [Times: user=0.01 sys=0.00, real=0.01 secs] 
125.060: Total time for which application threads were stopped: 0.0121600 seconds, Stopping threads took: 0.0002280 seconds
125.084: Application time: 0.0244530 seconds
125.084: [GC125.084: [DefNew: 65471K->7231K(65472K), 0.0249840 secs] 192779K->145867K(210744K), 0.0250290 secs] [Times: user=0.02 sys=0.00, real=0.02 secs] 
125.110: Total time for which application threads were stopped: 0.0252460 seconds, Stopping threads took: 0.0001260 seconds
125.139: Application time: 0.0298330 seconds
125.140: [GC125.140: [DefNew: 65471K->7232K(65472K), 0.0391790 secs]125.179: [Tenured: 159977K->74116K(160056K), 0.1151530 secs] 204107K->74116K(225528K), [Perm : 8838K->8838K(21248K)], 0.1548110 secs] [Times: user=0.15 sys=0.00, real=0.16 secs] 
125.294: Total time for which application threads were stopped: 0.1550310 seconds, Stopping threads took: 0.0001390 seconds
125.328: Application time: 0.0332090 seconds
125.328: [GC125.328: [DefNew: 58240K->7232K(65472K), 0.0119160 secs] 132356K->83306K(210744K), 0.0119600 secs] [Times: user=0.01 sys=0.00, real=0.01 secs] 
125.340: Total time for which application threads were stopped: 0.0121580 seconds, Stopping threads took: 0.0001010 seconds
125.370: Application time: 0.0298210 seconds
125.370: [GC125.370: [DefNew: 65472K->6474K(65472K), 0.0142800 secs] 141546K->89433K(210744K), 0.0143250 secs] [Times: user=0.01 sys=0.00, real=0.01 secs] 
125.384: Total time for which application threads were stopped: 0.0145230 seconds, Stopping threads took: 0.0001090 seconds
125.412: Application time: 0.0277590 seconds
125.412: [GC125.412: [DefNew: 64714K->7231K(65472K), 0.0110520 secs] 147673K->94521K(210744K), 0.0110940 secs] [Times: user=0.01 sys=0.00, real=0.01 secs] 
125.423: Total time for which application threads were stopped: 0.0112370 seconds, Stopping threads took: 0.0000560 seconds
125.449: Application time: 0.0263180 seconds
125.450: [GC125.450: [DefNew: 65471K->5914K(65472K), 0.0108870 secs] 152761K->95724K(210744K), 0.0109270 secs] [Times: user=0.01 sys=0.00, real=0.01 secs] 
125.461: Total time for which application threads were stopped: 0.0112170 seconds, Stopping threads took: 0.0002020 seconds
125.484: Application time: 0.0232250 seconds
125.484: [GC125.484: [DefNew: 64154K->715K(65472K), 0.0058180 secs] 153964K->95759K(210744K), 0.0058600 secs] [Times: user=0.01 sys=0.00, real=0.01 secs] 
125.490: Total time for which application threads were stopped: 0.0061100 seconds, Stopping threads took: 0.0001600 seconds
125.512: Application time: 0.0222290 seconds
125.512: [GC125.512: [DefNew: 58955K->711K(65472K), 0.0012450 secs] 153999K->95754K(210744K), 0.0012770 secs] [Times: user=0.00 sys=0.00, real=0.01 secs] 
125.514: Total time for which application threads were stopped: 0.0014550 seconds, Stopping threads took: 0.0001030 seconds
125.534: Application time: 0.0207890 seconds
125.535: [GC125.535: [DefNew: 58951K->4758K(65472K), 0.0051420 secs] 153994K->99801K(210744K), 0.0051780 secs] [Times: user=0.00 sys=0.00, real=0.00 secs] 
125.540: Total time for which application threads were stopped: 0.0053870 seconds, Stopping threads took: 0.0001290 seconds
125.560: Application time: 0.0205290 seconds
125.561: [GC125.561: [DefNew: 62998K->6330K(65472K), 0.0087440 secs] 158041K->105365K(210744K), 0.0087850 secs] [Times: user=0.01 sys=0.00, real=0.01 secs] 
125.569: Total time for which application threads were stopped: 0.0090170 seconds, Stopping threads took: 0.0001470 seconds
125.592: Application time: 0.0221900 seconds
125.592: [GC125.592: [DefNew: 64570K->2840K(65472K), 0.0086290 secs] 163605K->107450K(210744K), 0.0086720 secs] [Times: user=0.01 sys=0.00, real=0.01 secs] 
125.601: Total time for which application threads were stopped: 0.0089530 seconds, Stopping threads took: 0.0001940 seconds
125.622: Application time: 0.0214980 seconds
125.622: [GC125.622: [DefNew: 61080K->7232K(65472K), 0.0074380 secs] 165690K->112565K(210744K), 0.0074830 secs] [Times: user=0.01 sys=0.00, real=0.01 secs] 
125.630: Total time for which application threads were stopped: 0.0076990 seconds, Stopping threads took: 0.0001300 seconds
125.651: Application time: 0.0209400 seconds
125.651: [GC125.651: [DefNew: 65472K->7102K(65472K), 0.0134050 secs] 170805K->118011K(210744K), 0.0134470 secs] [Times: user=0.02 sys=0.00, real=0.01 secs] 
125.664: Total time for which application threads were stopped: 0.0136500 seconds, Stopping threads took: 0.0001160 seconds
125.689: Application time: 0.0244680 seconds
125.689: [GC125.689: [DefNew: 65342K->7232K(65472K), 0.0176320 secs] 176251K->127724K(210744K), 0.0176770 secs] [Times: user=0.02 sys=0.00, real=0.02 secs] 
125.707: Total time for which application threads were stopped: 0.0178250 seconds, Stopping threads took: 0.0000650 seconds
125.732: Application time: 0.0253570 seconds
125.732: [GC125.732: [DefNew: 65472K->7231K(65472K), 0.0214470 secs] 185964K->135983K(210744K), 0.0215000 secs] [Times: user=0.02 sys=0.00, real=0.03 secs] 
125.754: Total time for which application threads were stopped: 0.0217110 seconds, Stopping threads took: 0.0001230 seconds
125.785: Application time: 0.0311870 seconds
125.785: [GC125.785: [DefNew: 65471K->7231K(65472K), 0.0358670 secs]125.821: [Tenured: 146274K->75654K(146424K), 0.1156840 secs] 194223K->75654K(211896K), [Perm : 8838K->8838K(21248K)], 0.1516700 secs] [Times: user=0.14 sys=0.01, real=0.15 secs] 
125.937: Total time for which application threads were stopped: 0.1518640 seconds, Stopping threads took: 0.0001130 seconds
125.969: Application time: 0.0327080 seconds
125.970: [GC125.970: [DefNew: 58240K->7232K(65472K), 0.0151240 secs] 133894K->86838K(210744K), 0.0151690 secs] [Times: user=0.01 sys=0.00, real=0.02 secs] 
125.985: Total time for which application threads were stopped: 0.0154400 seconds, Stopping threads took: 0.0001700 seconds
126.014: Application time: 0.0295330 seconds
126.015: [GC126.015: [DefNew: 65472K->4997K(65472K), 0.0132020 secs] 145078K->91775K(210744K), 0.0132460 secs] [Times: user=0.01 sys=0.00, real=0.01 secs] 
126.028: Total time for which application threads were stopped: 0.0133980 seconds, Stopping threads took: 0.0000640 seconds
126.055: Application time: 0.0271000 seconds
126.055: [GC126.055: [DefNew: 63237K->6370K(65472K), 0.0108320 secs] 150015K->96458K(210744K), 0.0108750 secs] [Times: user=0.01 sys=0.00, real=0.01 secs] 
126.066: Total time for which application threads were stopped: 0.0110860 seconds, Stopping threads took: 0.0001270 seconds
126.091: Application time: 0.0246480 seconds
126.091: [GC126.091: [DefNew: 64610K->4573K(65472K), 0.0069040 secs] 154698K->97193K(210744K), 0.0069470 secs] [Times: user=0.01 sys=0.00, real=0.01 secs] 
126.098: Total time for which application threads were stopped: 0.0071610 seconds, Stopping threads took: 0.0001260 seconds
126.121: Application time: 0.0228430 seconds
126.121: [GC126.121: [DefNew: 62813K->568K(65472K), 0.0043000 secs] 155433K->97269K(210744K), 0.0043400 secs] [Times: user=0.01 sys=0.00, real=0.01 secs] 
126.125: Total time for which application threads were stopped: 0.0046610 seconds, Stopping threads took: 0.0002150 seconds
126.148: Application time: 0.0224450 seconds
126.148: [GC126.148: [DefNew: 58808K->2838K(65472K), 0.0028350 secs] 155509K->99540K(210744K), 0.0028700 secs] [Times: user=0.00 sys=0.00, real=0.00 secs] 
126.151: Total time for which application threads were stopped: 0.0030890 seconds, Stopping threads took: 0.0001230 seconds
126.171: Application time: 0.0203670 seconds
126.171: [GC126.171: [DefNew: 61078K->6477K(65472K), 0.0068340 secs] 157780K->103179K(210744K), 0.0068780 secs] [Times: user=0.01 sys=0.00, real=0.01 secs] 
126.178: Total time for which application threads were stopped: 0.0070870 seconds, Stopping threads took: 0.0001240 seconds
126.200: Application time: 0.0213900 seconds
126.200: [GC126.200: [DefNew: 64717K->5353K(65472K), 0.0112170 secs] 161419K->108023K(210744K), 0.0112610 secs] [Times: user=0.01 sys=0.00, real=0.01 secs] 
126.211: Total time for which application threads were stopped: 0.0115070 seconds, Stopping threads took: 0.0001500 seconds
126.233: Application time: 0.0219300 seconds
126.233: [GC126.233: [DefNew: 63593K->2615K(65472K), 0.0074960 secs] 166263K->110120K(210744K), 0.0075390 secs] [Times: user=0.01 sys=0.00, real=0.00 secs] 
126.241: Total time for which application threads were stopped: 0.0078070 seconds, Stopping threads took: 0.0001610 seconds
126.262: Application time: 0.0208310 seconds
126.262: [GC126.262: [DefNew: 60855K->7231K(65472K), 0.0073960 secs] 168360K->115152K(210744K), 0.0074360 secs] [Times: user=0.01 sys=0.00, real=0.01 secs] 
126.270: Total time for which application threads were stopped: 0.0077250 seconds, Stopping threads took: 0.0001860 seconds
126.292: Application time: 0.0222280 seconds
126.292: [GC126.292: [DefNew: 65471K->7232K(65472K), 0.0151520 secs] 173392K->123237K(210744K), 0.0152050 secs] [Times: user=0.02 sys=0.00, real=0.02 secs] 
126.307: Total time for which application threads were stopped: 0.0154160 seconds, Stopping threads took: 0.0001230 seconds
126.333: Application time: 0.0253740 seconds
126.333: [GC126.333: [DefNew: 65472K->7231K(65472K), 0.0173790 secs] 181477K->131597K(210744K), 0.0174230 secs] [Times: user=0.02 sys=0.00, real=0.01 secs] 
126.350: Total time for which application threads were stopped: 0.0176010 seconds, Stopping threads took: 0.0000920 seconds
126.376: Application time: 0.0262190 seconds
126.377: [GC126.377: [DefNew: 65471K->7232K(65472K), 0.0200190 secs] 189837K->146280K(210744K), 0.0200640 secs] [Times: user=0.02 sys=0.00, real=0.02 secs] 
126.397: Total time for which application threads were stopped: 0.0202840 seconds, Stopping threads took: 0.0001350 seconds
126.428: Application time: 0.0309980 seconds
126.428: [GC126.428: [DefNew: 65472K->7232K(65472K), 0.0289790 secs]126.457: [Tenured: 154543K->78142K(154680K), 0.1208290 secs] 204520K->78142K(220152K), [Perm : 8838K->8838K(21248K)], 0.1501600 secs] [Times: user=0.15 sys=0.00, real=0.15 secs] 
126.578: Total time for which application threads were stopped: 0.1503610 seconds, Stopping threads took: 0.0001170 seconds
126.609: Application time: 0.0312500 seconds
126.610: [GC126.610: [DefNew: 58240K->7231K(65472K), 0.0137650 secs] 136382K->88516K(210744K), 0.0138080 secs] [Times: user=0.01 sys=0.00, real=0.01 secs] 
126.623: Total time for which application threads were stopped: 0.0141490 seconds, Stopping threads took: 0.0002220 seconds
126.652: Application time: 0.0284950 seconds
126.652: [GC126.652: [DefNew: 65471K->7232K(65472K), 0.0210910 secs] 146756K->98171K(210744K), 0.0211360 secs] [Times: user=0.02 sys=0.00, real=0.03 secs] 
126.674: Total time for which application threads were stopped: 0.0215320 seconds, Stopping threads took: 0.0002900 seconds
126.700: Application time: 0.0266050 seconds
126.700: [GC126.700: [DefNew: 65472K->6518K(65472K), 0.0181190 secs] 156411K->104192K(210744K), 0.0181620 secs] [Times: user=0.02 sys=0.00, real=0.02 secs] 
126.719: Total time for which application threads were stopped: 0.0185420 seconds, Stopping threads took: 0.0002680 seconds
126.743: Application time: 0.0239240 seconds
126.743: [GC126.743: [DefNew: 64758K->529K(65472K), 0.0066980 secs] 162432K->104512K(210744K), 0.0067430 secs] [Times: user=0.01 sys=0.00, real=0.01 secs] 
126.750: Total time for which application threads were stopped: 0.0070200 seconds, Stopping threads took: 0.0001690 seconds
126.773: Application time: 0.0233840 seconds
126.773: [GC126.773: [DefNew: 58769K->736K(65472K), 0.0013430 secs] 162752K->104718K(210744K), 0.0013710 secs] [Times: user=0.01 sys=0.00, real=0.00 secs] 
126.775: Total time for which application threads were stopped: 0.0015870 seconds, Stopping threads took: 0.0001440 seconds
126.796: Application time: 0.0210390 seconds
126.796: [GC126.796: [DefNew: 58976K->4240K(65472K), 0.0036350 secs] 162958K->108223K(210744K), 0.0036740 secs] [Times: user=0.01 sys=0.00, real=0.00 secs] 
126.800: Total time for which application threads were stopped: 0.0040170 seconds, Stopping threads took: 0.0002600 seconds
126.820: Application time: 0.0206330 seconds
126.820: [GC126.820: [DefNew: 62480K->6397K(65472K), 0.0094010 secs] 166463K->113841K(210744K), 0.0094520 secs] [Times: user=0.01 sys=0.01, real=0.01 secs] 
126.830: Total time for which application threads were stopped: 0.0096350 seconds, Stopping threads took: 0.0000940 seconds
126.852: Application time: 0.0217040 seconds
126.852: [GC126.852: [DefNew: 64637K->3415K(65472K), 0.0106060 secs] 172081K->116503K(210744K), 0.0106500 secs] [Times: user=0.01 sys=0.00, real=0.01 secs] 
126.863: Total time for which application threads were stopped: 0.0109910 seconds, Stopping threads took: 0.0002330 seconds
126.884: Application time: 0.0218170 seconds
126.885: [GC126.885: [DefNew: 61655K->4835K(65472K), 0.0049330 secs] 174743K->117922K(210744K), 0.0049840 secs] [Times: user=0.01 sys=0.00, real=0.00 secs] 
126.890: Total time for which application threads were stopped: 0.0053760 seconds, Stopping threads took: 0.0002880 seconds
126.911: Application time: 0.0213930 seconds
126.913: [GC126.913: [DefNew: 63075K->7232K(65472K), 0.0144970 secs] 176162K->127248K(210744K), 0.0145440 secs] [Times: user=0.01 sys=0.00, real=0.01 secs] 
126.927: Total time for which application threads were stopped: 0.0161040 seconds, Stopping threads took: 0.0014540 seconds
126.950: Application time: 0.0227280 seconds
126.950: [GC126.950: [DefNew: 65472K->7232K(65472K), 0.0203370 secs] 185488K->137246K(210744K), 0.0203820 secs] [Times: user=0.02 sys=0.00, real=0.02 secs] 
126.971: Total time for which application threads were stopped: 0.0206350 seconds, Stopping threads took: 0.0001490 seconds
126.997: Application time: 0.0258290 seconds
126.997: [GC126.997: [DefNew: 65472K->7232K(65472K), 0.0170030 secs] 195486K->145021K(210744K), 0.0170460 secs] [Times: user=0.02 sys=0.00, real=0.02 secs] 
127.014: Total time for which application threads were stopped: 0.0172450 seconds, Stopping threads took: 0.0001130 seconds
127.042: Application time: 0.0282160 seconds
127.042: [GC127.042: [DefNew: 65472K->7231K(65472K), 0.0221050 secs]127.064: [Tenured: 152542K->72812K(152568K), 0.1108330 secs] 203261K->72812K(218040K), [Perm : 8838K->8838K(21248K)], 0.1332440 secs] [Times: user=0.13 sys=0.00, real=0.14 secs] 
127.175: Total time for which application threads were stopped: 0.1333970 seconds, Stopping threads took: 0.0000690 seconds
127.208: Application time: 0.0324650 seconds
127.208: [GC127.208: [DefNew: 58240K->7231K(65472K), 0.0175920 secs] 131052K->86480K(210744K), 0.0176340 secs] [Times: user=0.02 sys=0.00, real=0.02 secs] 
127.226: Total time for which application threads were stopped: 0.0178610 seconds, Stopping threads took: 0.0001320 seconds
127.255: Application time: 0.0296470 seconds
127.256: [GC127.256: [DefNew: 65471K->5378K(65472K), 0.0144230 secs] 144720K->91369K(210744K), 0.0144640 secs] [Times: user=0.01 sys=0.00, real=0.01 secs] 
127.270: Total time for which application threads were stopped: 0.0146480 seconds, Stopping threads took: 0.0000970 seconds
127.298: Application time: 0.0282950 seconds
127.298: [GC127.298: [DefNew: 63618K->7231K(65472K), 0.0114630 secs] 149609K->97550K(210744K), 0.0115040 secs] [Times: user=0.01 sys=0.00, real=0.01 secs] 
127.310: Total time for which application threads were stopped: 0.0116760 seconds, Stopping threads took: 0.0000880 seconds
127.335: Application time: 0.0254710 seconds
127.336: [GC127.336: [DefNew: 65471K->5737K(65472K), 0.0159950 secs] 155790K->101658K(210744K), 0.0160400 secs] [Times: user=0.02 sys=0.00, real=0.01 secs] 
127.352: Total time for which application threads were stopped: 0.0162230 seconds, Stopping threads took: 0.0000950 seconds
127.374: Application time: 0.0227390 seconds
127.375: [GC127.375: [DefNew: 63977K->642K(65472K), 0.0058340 secs] 159898K->101797K(210744K), 0.0058780 secs] [Times: user=0.01 sys=0.00, real=0.00 secs] 
127.381: Total time for which application threads were stopped: 0.0060980 seconds, Stopping threads took: 0.0001340 seconds
127.403: Application time: 0.0224900 seconds
127.403: [GC127.403: [DefNew: 58882K->663K(65472K), 0.0011480 secs] 160037K->101817K(210744K), 0.0011750 secs] [Times: user=0.00 sys=0.00, real=0.00 secs] 
127.404: Total time for which application threads were stopped: 0.0013570 seconds, Stopping threads took: 0.0001090 seconds
127.425: Application time: 0.0209060 seconds
127.425: [GC127.426: [DefNew: 58903K->5461K(65472K), 0.0050480 secs] 160057K->106616K(210744K), 0.0050910 secs] [Times: user=0.00 sys=0.00, real=0.00 secs] 
127.431: Total time for which application threads were stopped: 0.0053260 seconds, Stopping threads took: 0.0001490 seconds
127.452: Application time: 0.0211100 seconds
127.452: [GC127.452: [DefNew: 63701K->6560K(65472K), 0.0109160 secs] 164856K->112561K(210744K), 0.0109590 secs] [Times: user=0.01 sys=0.00, real=0.01 secs] 
127.463: Total time for which application threads were stopped: 0.0112440 seconds, Stopping threads took: 0.0001870 seconds
127.485: Application time: 0.0218800 seconds
127.485: [GC127.485: [DefNew: 64800K->2461K(65472K), 0.0084430 secs] 170801K->114485K(210744K), 0.0084950 secs] [Times: user=0.00 sys=0.00, real=0.01 secs] 
127.494: Total time for which application threads were stopped: 0.0087780 seconds, Stopping threads took: 0.0001780 seconds
127.515: Application time: 0.0214340 seconds
127.515: [GC127.515: [DefNew: 60701K->5885K(65472K), 0.0058140 secs] 172725K->117908K(210744K), 0.0058530 secs] [Times: user=0.00 sys=0.00, real=0.00 secs] 
127.521: Total time for which application threads were stopped: 0.0061510 seconds, Stopping threads took: 0.0001950 seconds
127.543: Application time: 0.0222310 seconds
127.544: [GC127.544: [DefNew: 64125K->7232K(65472K), 0.0193150 secs] 176148K->128226K(210744K), 0.0193600 secs] [Times: user=0.02 sys=0.00, real=0.02 secs] 
127.563: Total time for which application threads were stopped: 0.0195810 seconds, Stopping threads took: 0.0001160 seconds
127.588: Application time: 0.0245850 seconds
127.588: [GC127.588: [DefNew: 65472K->7231K(65472K), 0.0229370 secs] 186466K->138287K(210744K), 0.0229820 secs] [Times: user=0.03 sys=0.00, real=0.02 secs] 
127.611: Total time for which application threads were stopped: 0.0231950 seconds, Stopping threads took: 0.0001280 seconds
127.636: Application time: 0.0251280 seconds
127.636: [GC127.636: [DefNew: 65471K->6497K(65472K), 0.0166870 secs] 196527K->144211K(210744K), 0.0167320 secs] [Times: user=0.01 sys=0.00, real=0.02 secs] 
127.653: Total time for which application threads were stopped: 0.0169540 seconds, Stopping threads took: 0.0001350 seconds
127.682: Application time: 0.0292820 seconds
127.682: [GC127.682: [DefNew: 64737K->7231K(65472K), 0.0326940 secs]127.715: [Tenured: 155490K->74391K(155640K), 0.1216330 secs] 202451K->74391K(221112K), [Perm : 8838K->8838K(21248K)], 0.1547700 secs] [Times: user=0.15 sys=0.00, real=0.16 secs] 
127.837: Total time for which application threads were stopped: 0.1550670 seconds, Stopping threads took: 0.0001960 seconds
127.869: Application time: 0.0319300 seconds
127.870: [GC127.870: [DefNew: 58240K->7232K(65472K), 0.0169170 secs] 132631K->87373K(210744K), 0.0169640 secs] [Times: user=0.01 sys=0.00, real=0.02 secs] 
127.887: Total time for which application threads were stopped: 0.0173090 seconds, Stopping threads took: 0.0002290 seconds
127.915: Application time: 0.0287420 seconds
127.915: [GC127.915: [DefNew: 65472K->5213K(65472K), 0.0160550 secs] 145613K->91849K(210744K), 0.0160960 secs] [Times: user=0.02 sys=0.00, real=0.01 secs] 
127.932: Total time for which application threads were stopped: 0.0163490 seconds, Stopping threads took: 0.0001670 seconds
127.959: Application time: 0.0271910 seconds
127.959: [GC127.959: [DefNew: 63453K->7232K(65472K), 0.0121420 secs] 150089K->97179K(210744K), 0.0121860 secs] [Times: user=0.01 sys=0.00, real=0.01 secs] 
127.971: Total time for which application threads were stopped: 0.0124410 seconds, Stopping threads took: 0.0001670 seconds
127.996: Application time: 0.0244310 seconds
127.996: [GC127.996: [DefNew: 65472K->5812K(65472K), 0.0138290 secs] 155419K->102204K(210744K), 0.0138730 secs] [Times: user=0.02 sys=0.00, real=0.01 secs] 
128.010: Total time for which application threads were stopped: 0.0140780 seconds, Stopping threads took: 0.0001140 seconds
128.032: Application time: 0.0224400 seconds
128.032: [GC128.032: [DefNew: 64052K->468K(65472K), 0.0051900 secs] 160444K->102081K(210744K), 0.0052330 secs] [Times: user=0.00 sys=0.00, real=0.01 secs] 
128.038: Total time for which application threads were stopped: 0.0054330 seconds, Stopping threads took: 0.0001130 seconds
128.060: Application time: 0.0223830 seconds
128.060: [GC128.060: [DefNew: 58708K->2299K(65472K), 0.0022300 secs] 160321K->103911K(210744K), 0.0022620 secs] [Times: user=0.00 sys=0.00, real=0.00 secs] 
128.063: Total time for which application threads were stopped: 0.0025310 seconds, Stopping threads took: 0.0001760 seconds
128.084: Application time: 0.0213030 seconds
128.084: [GC128.084: [DefNew: 60539K->7231K(65472K), 0.0107820 secs] 162151K->111510K(210744K), 0.0108340 secs] [Times: user=0.01 sys=0.00, real=0.02 secs] 
128.095: Total time for which application threads were stopped: 0.0110760 seconds, Stopping threads took: 0.0001370 seconds
128.117: Application time: 0.0216540 seconds
128.117: [GC128.117: [DefNew: 65471K->3579K(65472K), 0.0103220 secs] 169750K->114083K(210744K), 0.0103660 secs] [Times: user=0.01 sys=0.00, real=0.01 secs] 
128.127: Total time for which application threads were stopped: 0.0106000 seconds, Stopping threads took: 0.0001480 seconds
128.150: Application time: 0.0226290 seconds
128.150: [GC128.150: [DefNew: 61819K->4494K(65472K), 0.0041970 secs] 172323K->114998K(210744K), 0.0042390 secs] [Times: user=0.00 sys=0.00, real=0.01 secs] 
128.154: Total time for which application threads were stopped: 0.0044190 seconds, Stopping threads took: 0.0000960 seconds
128.175: Application time: 0.0210820 seconds
128.176: [GC128.176: [DefNew: 62734K->7231K(65472K), 0.0113470 secs] 173238K->123050K(210744K), 0.0113890 secs] [Times: user=0.01 sys=0.00, real=0.01 secs] 
128.187: Total time for which application threads were stopped: 0.0116080 seconds, Stopping threads took: 0.0001310 seconds
128.209: Application time: 0.0223610 seconds
128.209: [GC128.209: [DefNew: 65471K->7232K(65472K), 0.0202570 secs] 181290K->133380K(210744K), 0.0202970 secs] [Times: user=0.02 sys=0.00, real=0.02 secs] 
128.230: Total time for which application threads were stopped: 0.0204970 seconds, Stopping threads took: 0.0001130 seconds
128.256: Application time: 0.0260750 seconds
128.256: [GC128.256: [DefNew: 65472K->7232K(65472K), 0.0193960 secs] 191620K->142198K(210744K), 0.0194390 secs] [Times: user=0.02 sys=0.00, real=0.02 secs] 
128.276: Total time for which application threads were stopped: 0.0196990 seconds, Stopping threads took: 0.0001740 seconds
128.301: Application time: 0.0256180 seconds
128.301: [GC128.301: [DefNew: 65472K->7231K(65472K), 0.0173380 secs] 200438K->151284K(210744K), 0.0173860 secs] [Times: user=0.02 sys=0.00, real=0.02 secs] 
128.319: Total time for which application threads were stopped: 0.0176590 seconds, Stopping threads took: 0.0001900 seconds
128.349: Application time: 0.0299560 seconds
128.349: [GC128.349: [DefNew: 65471K->7231K(65472K), 0.0314560 secs]128.381: [Tenured: 160828K->76381K(161016K), 0.1212060 secs] 209524K->76381K(226488K), [Perm : 8838K->8838K(21248K)], 0.1531630 secs] [Times: user=0.15 sys=0.00, real=0.15 secs] 
128.502: Total time for which application threads were stopped: 0.1534360 seconds, Stopping threads took: 0.0001800 seconds
128.534: Application time: 0.0312960 seconds
128.534: [GC128.534: [DefNew: 58240K->7232K(65472K), 0.0131860 secs] 134621K->85550K(210744K), 0.0132290 secs] [Times: user=0.01 sys=0.00, real=0.01 secs] 
128.547: Total time for which application threads were stopped: 0.0135100 seconds, Stopping threads took: 0.0001640 seconds
128.576: Application time: 0.0288450 seconds
128.576: [GC128.576: [DefNew: 65472K->6206K(65472K), 0.0148820 secs] 143790K->91513K(210744K), 0.0149280 secs] [Times: user=0.02 sys=0.00, real=0.01 secs] 
128.591: Total time for which application threads were stopped: 0.0151730 seconds, Stopping threads took: 0.0001590 seconds
128.616: Application time: 0.0253550 seconds
128.617: [GC128.617: [DefNew: 64446K->6447K(65472K), 0.0123560 secs] 149753K->95951K(210744K), 0.0124000 secs] [Times: user=0.01 sys=0.00, real=0.01 secs] 
128.629: Total time for which application threads were stopped: 0.0126480 seconds, Stopping threads took: 0.0001410 seconds
128.653: Application time: 0.0241600 seconds
128.654: [GC128.654: [DefNew: 64687K->3607K(65472K), 0.0076000 secs] 154191K->95829K(210744K), 0.0076460 secs] [Times: user=0.01 sys=0.00, real=0.00 secs] 
128.661: Total time for which application threads were stopped: 0.0079520 seconds, Stopping threads took: 0.0002010 seconds
128.684: Application time: 0.0229420 seconds
128.684: [GC128.684: [DefNew: 61847K->3730K(65472K), 0.0032020 secs] 154069K->95951K(210744K), 0.0032400 secs] [Times: user=0.00 sys=0.00, real=0.01 secs] 
128.688: Total time for which application threads were stopped: 0.0035260 seconds, Stopping threads took: 0.0002030 seconds
128.710: Application time: 0.0219860 seconds
128.710: [GC128.710: [DefNew: 61970K->7163K(65472K), 0.0073050 secs] 154191K->102454K(210744K), 0.0073480 secs] [Times: user=0.01 sys=0.00, real=0.01 secs] 
128.717: Total time for which application threads were stopped: 0.0076520 seconds, Stopping threads took: 0.0002070 seconds
128.739: Application time: 0.0217040 seconds
128.739: [GC128.739: [DefNew: 65403K->5840K(65472K), 0.0115670 secs] 160694K->106888K(210744K), 0.0116120 secs] [Times: user=0.02 sys=0.00, real=0.01 secs] 
128.751: Total time for which application threads were stopped: 0.0118480 seconds, Stopping threads took: 0.0001460 seconds
128.774: Application time: 0.0229510 seconds
128.774: [GC128.774: [DefNew: 64080K->1381K(65472K), 0.0082870 secs] 165128K->108052K(210744K), 0.0083270 secs] [Times: user=0.00 sys=0.00, real=0.00 secs] 
128.782: Total time for which application threads were stopped: 0.0085200 seconds, Stopping threads took: 0.0001080 seconds
128.804: Application time: 0.0218790 seconds
128.804: [GC128.804: [DefNew: 59621K->3785K(65472K), 0.0050930 secs] 166292K->110456K(210744K), 0.0051300 secs] [Times: user=0.00 sys=0.00, real=0.01 secs] 
128.810: Total time for which application threads were stopped: 0.0053080 seconds, Stopping threads took: 0.0000990 seconds
128.831: Application time: 0.0217600 seconds
128.831: [GC128.832: [DefNew: 62025K->7231K(65472K), 0.0138330 secs] 168696K->119756K(210744K), 0.0138760 secs] [Times: user=0.01 sys=0.00, real=0.02 secs] 
128.845: Total time for which application threads were stopped: 0.0140880 seconds, Stopping threads took: 0.0001240 seconds
128.869: Application time: 0.0237600 seconds
128.869: [GC128.869: [DefNew: 65471K->7231K(65472K), 0.0173100 secs] 177996K->128336K(210744K), 0.0173520 secs] [Times: user=0.02 sys=0.00, real=0.02 secs] 
128.887: Total time for which application threads were stopped: 0.0175680 seconds, Stopping threads took: 0.0001280 seconds
128.912: Application time: 0.0256690 seconds
128.913: [GC128.913: [DefNew: 65471K->7082K(65472K), 0.0162840 secs] 186576K->132750K(210744K), 0.0163270 secs] [Times: user=0.02 sys=0.00, real=0.01 secs] 
128.929: Total time for which application threads were stopped: 0.0166340 seconds, Stopping threads took: 0.0002190 seconds
128.956: Application time: 0.0271190 seconds
128.956: [GC128.956: [DefNew: 65322K->7231K(65472K), 0.0217550 secs] 190990K->147048K(210744K), 0.0217980 secs] [Times: user=0.02 sys=0.00, real=0.02 secs] 
128.978: Total time for which application threads were stopped: 0.0219800 seconds, Stopping threads took: 0.0000780 seconds
129.009: Application time: 0.0305920 seconds
129.009: [GC129.009: [DefNew: 65471K->7231K(65472K), 0.0256880 secs]129.035: [Tenured: 150753K->76602K(150840K), 0.1284790 secs] 205288K->76602K(216312K), [Perm : 8838K->8838K(21248K)], 0.1544630 secs] [Times: user=0.16 sys=0.00, real=0.15 secs] 
129.163: Total time for which application threads were stopped: 0.1547490 seconds, Stopping threads took: 0.0001820 seconds
129.194: Application time: 0.0304750 seconds
129.194: [GC129.194: [DefNew: 58240K->5723K(65472K), 0.0071000 secs] 134842K->82326K(210744K), 0.0071430 secs] [Times: user=0.01 sys=0.00, real=0.00 secs] 
129.201: Total time for which application threads were stopped: 0.0073490 seconds, Stopping threads took: 0.0001070 seconds
129.229: Application time: 0.0275320 seconds
129.229: [GC129.229: [DefNew: 63963K->7109K(65472K), 0.0096620 secs] 140566K->86124K(210744K), 0.0097080 secs] [Times: user=0.01 sys=0.00, real=0.01 secs] 
129.239: Total time for which application threads were stopped: 0.0099180 seconds, Stopping threads took: 0.0001230 seconds
129.263: Application time: 0.0246780 seconds
129.264: [GC129.264: [DefNew: 65349K->4820K(65472K), 0.0067420 secs] 144364K->86781K(210744K), 0.0067840 secs] [Times: user=0.00 sys=0.00, real=0.01 secs] 
129.270: Total time for which application threads were stopped: 0.0069510 seconds, Stopping threads took: 0.0000730 seconds
129.294: Application time: 0.0237830 seconds
129.294: [GC129.294: [DefNew: 63060K->1478K(65472K), 0.0058290 secs] 145021K->87678K(210744K), 0.0058720 secs] [Times: user=0.01 sys=0.00, real=0.00 secs] 
129.300: Total time for which application threads were stopped: 0.0061040 seconds, Stopping threads took: 0.0001440 seconds
129.323: Application time: 0.0227980 seconds
129.323: [GC129.323: [DefNew: 59718K->2044K(65472K), 0.0024780 secs] 145918K->88245K(210744K), 0.0025100 secs] [Times: user=0.00 sys=0.00, real=0.01 secs] 
129.326: Total time for which application threads were stopped: 0.0027100 seconds, Stopping threads took: 0.0001050 seconds
129.348: Application time: 0.0218520 seconds
129.348: [GC129.348: [DefNew: 60284K->7232K(65472K), 0.0101160 secs] 146485K->96193K(210744K), 0.0101570 secs] [Times: user=0.01 sys=0.00, real=0.01 secs] 
129.358: Total time for which application threads were stopped: 0.0104800 seconds, Stopping threads took: 0.0002350 seconds
129.380: Application time: 0.0215780 seconds
129.380: [GC129.380: [DefNew: 65472K->4248K(65472K), 0.0109230 secs] 154433K->99345K(210744K), 0.0109690 secs] [Times: user=0.01 sys=0.00, real=0.01 secs] 
129.391: Total time for which application threads were stopped: 0.0113040 seconds, Stopping threads took: 0.0002480 seconds
129.413: Application time: 0.0224660 seconds
129.414: [GC129.414: [DefNew: 62488K->1480K(65472K), 0.0052630 secs] 157585K->100677K(210744K), 0.0053070 secs] [Times: user=0.01 sys=0.00, real=0.00 secs] 
129.419: Total time for which application threads were stopped: 0.0055150 seconds, Stopping threads took: 0.0001140 seconds
129.441: Application time: 0.0215890 seconds
129.441: [GC129.441: [DefNew: 59720K->7232K(65472K), 0.0064400 secs] 158917K->107085K(210744K), 0.0064840 secs] [Times: user=0.01 sys=0.00, real=0.01 secs] 
129.447: Total time for which application threads were stopped: 0.0066750 seconds, Stopping threads took: 0.0001050 seconds
129.470: Application time: 0.0222990 seconds
129.470: [GC129.470: [DefNew: 65472K->7231K(65472K), 0.0200410 secs] 165325K->117350K(210744K), 0.0200840 secs] [Times: user=0.02 sys=0.00, real=0.02 secs] 
129.490: Total time for which application threads were stopped: 0.0202950 seconds, Stopping threads took: 0.0001270 seconds
129.516: Application time: 0.0258190 seconds
129.516: [GC129.516: [DefNew: 65471K->7232K(65472K), 0.0167360 secs] 175590K->125850K(210744K), 0.0167770 secs] [Times: user=0.02 sys=0.00, real=0.02 secs] 
129.533: Total time for which application threads were stopped: 0.0169600 seconds, Stopping threads took: 0.0000990 seconds
129.558: Application time: 0.0254920 seconds
129.558: [GC129.558: [DefNew: 65472K->4968K(65472K), 0.0124340 secs] 184090K->130486K(210744K), 0.0124760 secs] [Times: user=0.01 sys=0.00, real=0.01 secs] 
129.571: Total time for which application threads were stopped: 0.0127910 seconds, Stopping threads took: 0.0002110 seconds
129.599: Application time: 0.0279520 seconds
129.599: [GC129.599: [DefNew: 63208K->7232K(65472K), 0.0315790 secs] 188726K->148554K(210744K), 0.0316230 secs] [Times: user=0.03 sys=0.00, real=0.03 secs] 
129.631: Total time for which application threads were stopped: 0.0318600 seconds, Stopping threads took: 0.0001340 seconds
129.662: Application time: 0.0309720 seconds
129.662: [GC129.662: [DefNew: 65472K->7231K(65472K), 0.0256190 secs]129.688: [Tenured: 150527K->76452K(150648K), 0.1264670 secs] 206794K->76452K(216120K), [Perm : 8838K->8838K(21248K)], 0.1523690 secs] [Times: user=0.15 sys=0.00, real=0.16 secs] 
129.814: Total time for which application threads were stopped: 0.1525850 seconds, Stopping threads took: 0.0001140 seconds
129.844: Application time: 0.0293830 seconds
129.844: [GC129.844: [DefNew: 58240K->5338K(65472K), 0.0064790 secs] 134692K->81791K(210744K), 0.0065170 secs] [Times: user=0.01 sys=0.00, real=0.01 secs] 
129.850: Total time for which application threads were stopped: 0.0066860 seconds, Stopping threads took: 0.0000710 seconds
129.876: Application time: 0.0260790 seconds
129.877: [GC129.877: [DefNew: 63578K->7231K(65472K), 0.0128400 secs] 140031K->87335K(210744K), 0.0128920 secs] [Times: user=0.01 sys=0.00, real=0.01 secs] 
129.890: Total time for which application threads were stopped: 0.0132720 seconds, Stopping threads took: 0.0002710 seconds
129.914: Application time: 0.0241450 seconds
129.914: [GC129.914: [DefNew: 65471K->5440K(65472K), 0.0144310 secs] 145575K->92502K(210744K), 0.0144770 secs] [Times: user=0.02 sys=0.00, real=0.01 secs] 
129.929: Total time for which application threads were stopped: 0.0147680 seconds, Stopping threads took: 0.0002040 seconds
129.952: Application time: 0.0231890 seconds
129.952: [GC129.952: [DefNew: 63680K->484K(65472K), 0.0051520 secs] 150742K->92766K(210744K), 0.0051930 secs] [Times: user=0.01 sys=0.00, real=0.01 secs] 
129.957: Total time for which application threads were stopped: 0.0053860 seconds, Stopping threads took: 0.0001050 seconds
129.980: Application time: 0.0225080 seconds
129.980: [GC129.980: [DefNew: 58724K->4461K(65472K), 0.0043590 secs] 151006K->96744K(210744K), 0.0044020 secs] [Times: user=0.00 sys=0.00, real=0.00 secs] 
129.984: Total time for which application threads were stopped: 0.0046650 seconds, Stopping threads took: 0.0001590 seconds
130.006: Application time: 0.0220570 seconds
130.007: [GC130.007: [DefNew: 62701K->7232K(65472K), 0.0109410 secs] 154984K->102981K(210744K), 0.0109850 secs] [Times: user=0.01 sys=0.00, real=0.01 secs] 
130.018: Total time for which application threads were stopped: 0.0113250 seconds, Stopping threads took: 0.0002530 seconds
130.040: Application time: 0.0221520 seconds
130.040: [GC130.040: [DefNew: 65472K->2483K(65472K), 0.0096910 secs] 161221K->104748K(210744K), 0.0097350 secs] [Times: user=0.01 sys=0.00, real=0.01 secs] 
130.050: Total time for which application threads were stopped: 0.0098980 seconds, Stopping threads took: 0.0000740 seconds
130.072: Application time: 0.0222640 seconds
130.072: [GC130.072: [DefNew: 60723K->3596K(65472K), 0.0038970 secs] 162988K->105860K(210744K), 0.0039350 secs] [Times: user=0.00 sys=0.00, real=0.01 secs] 
130.076: Total time for which application threads were stopped: 0.0041320 seconds, Stopping threads took: 0.0001150 seconds
130.099: Application time: 0.0225340 seconds
130.099: [GC130.099: [DefNew: 61836K->7232K(65472K), 0.0162790 secs] 164100K->117622K(210744K), 0.0163220 secs] [Times: user=0.02 sys=0.00, real=0.02 secs] 
130.115: Total time for which application threads were stopped: 0.0165010 seconds, Stopping threads took: 0.0000910 seconds
130.139: Application time: 0.0236700 seconds
130.139: [GC130.139: [DefNew: 65472K->7232K(65472K), 0.0236620 secs] 175862K->128033K(210744K), 0.0237070 secs] [Times: user=0.02 sys=0.00, real=0.02 secs] 
130.163: Total time for which application threads were stopped: 0.0240810 seconds, Stopping threads took: 0.0002710 seconds
130.189: Application time: 0.0256390 seconds
130.189: [GC130.189: [DefNew: 65472K->7050K(65472K), 0.0155990 secs] 186273K->134274K(210744K), 0.0156420 secs] [Times: user=0.01 sys=0.00, real=0.02 secs] 
130.205: Total time for which application threads were stopped: 0.0158620 seconds, Stopping threads took: 0.0001330 seconds
130.230: Application time: 0.0253940 seconds
130.230: [GC130.230: [DefNew: 65290K->5528K(65472K), 0.0092740 secs] 192514K->137435K(210744K), 0.0093190 secs] [Times: user=0.01 sys=0.00, real=0.01 secs] 
130.240: Total time for which application threads were stopped: 0.0097170 seconds, Stopping threads took: 0.0002910 seconds
130.268: Application time: 0.0281080 seconds
130.268: [GC130.268: [DefNew: 63768K->7232K(65472K), 0.0332880 secs]130.301: [Tenured: 147679K->75944K(147768K), 0.1228860 secs] 195675K->75944K(213240K), [Perm : 8838K->8838K(21248K)], 0.1563560 secs] [Times: user=0.16 sys=0.00, real=0.15 secs] 
130.424: Total time for which application threads were stopped: 0.1566570 seconds, Stopping threads took: 0.0002000 seconds
130.455: Application time: 0.0309440 seconds
130.456: [GC130.456: [DefNew: 58240K->6717K(65472K), 0.0093790 secs] 134184K->82661K(210744K), 0.0094320 secs] [Times: user=0.01 sys=0.00, real=0.01 secs] 
130.465: Total time for which application threads were stopped: 0.0097630 seconds, Stopping threads took: 0.0002110 seconds
130.494: Application time: 0.0285200 seconds
130.494: [GC130.494: [DefNew: 64957K->3583K(65472K), 0.0083720 secs] 140901K->84946K(210744K), 0.0084180 secs] [Times: user=0.00 sys=0.00, real=0.00 secs] 
130.502: Total time for which application threads were stopped: 0.0087560 seconds, Stopping threads took: 0.0002300 seconds
130.527: Application time: 0.0250140 seconds
130.528: [GC130.528: [DefNew: 61823K->6858K(65472K), 0.0067420 secs] 143186K->88221K(210744K), 0.0067850 secs] [Times: user=0.01 sys=0.00, real=0.01 secs] 
130.534: Total time for which application threads were stopped: 0.0070330 seconds, Stopping threads took: 0.0001630 seconds
130.559: Application time: 0.0244660 seconds
130.559: [GC130.559: [DefNew: 65098K->4745K(65472K), 0.0104500 secs] 146461K->90018K(210744K), 0.0104920 secs] [Times: user=0.01 sys=0.00, real=0.01 secs] 
130.570: Total time for which application threads were stopped: 0.0107550 seconds, Stopping threads took: 0.0001760 seconds
130.593: Application time: 0.0230980 seconds
130.593: [GC130.593: [DefNew: 62985K->2002K(65472K), 0.0053100 secs] 148258K->91560K(210744K), 0.0053510 secs] [Times: user=0.01 sys=0.00, real=0.00 secs] 
130.598: Total time for which application threads were stopped: 0.0055860 seconds, Stopping threads took: 0.0001510 seconds
130.621: Application time: 0.0225920 seconds
130.621: [GC130.621: [DefNew: 60242K->7232K(65472K), 0.0072650 secs] 149800K->96823K(210744K), 0.0073080 secs] [Times: user=0.00 sys=0.00, real=0.01 secs] 
130.629: Total time for which application threads were stopped: 0.0076070 seconds, Stopping threads took: 0.0002140 seconds
130.650: Application time: 0.0218920 seconds
130.651: [GC130.651: [DefNew: 65472K->5202K(65472K), 0.0108390 secs] 155063K->101190K(210744K), 0.0108830 secs] [Times: user=0.01 sys=0.00, real=0.01 secs] 
130.662: Total time for which application threads were stopped: 0.0111360 seconds, Stopping threads took: 0.0001560 seconds
130.684: Application time: 0.0219720 seconds
130.684: [GC130.684: [DefNew: 63442K->2525K(65472K), 0.0075230 secs] 159430K->103268K(210744K), 0.0075640 secs] [Times: user=0.01 sys=0.00, real=0.01 secs] 
130.691: Total time for which application threads were stopped: 0.0077900 seconds, Stopping threads took: 0.0001390 seconds
130.714: Application time: 0.0221350 seconds
130.714: [GC130.714: [DefNew: 60765K->5828K(65472K), 0.0050100 secs] 161508K->106570K(210744K), 0.0050470 secs] [Times: user=0.00 sys=0.00, real=0.00 secs] 
130.719: Total time for which application threads were stopped: 0.0052000 seconds, Stopping threads took: 0.0000690 seconds
130.741: Application time: 0.0223370 seconds
130.741: [GC130.741: [DefNew: 64068K->7232K(65472K), 0.0168750 secs] 164810K->115650K(210744K), 0.0169180 secs] [Times: user=0.02 sys=0.00, real=0.02 secs] 
130.758: Total time for which application threads were stopped: 0.0170710 seconds, Stopping threads took: 0.0000670 seconds
130.784: Application time: 0.0253980 seconds
130.784: [GC130.784: [DefNew: 65472K->7232K(65472K), 0.0187920 secs] 173890K->126097K(210744K), 0.0188350 secs] [Times: user=0.02 sys=0.00, real=0.02 secs] 
130.803: Total time for which application threads were stopped: 0.0190840 seconds, Stopping threads took: 0.0001640 seconds
130.828: Application time: 0.0249430 seconds
130.828: [GC130.828: [DefNew: 65472K->5379K(65472K), 0.0132800 secs] 184337K->130922K(210744K), 0.0133240 secs] [Times: user=0.01 sys=0.00, real=0.01 secs] 
130.841: Total time for which application threads were stopped: 0.0135170 seconds, Stopping threads took: 0.0001050 seconds
130.867: Application time: 0.0254990 seconds
130.867: [GC130.867: [DefNew: 63619K->7231K(65472K), 0.0165110 secs] 189162K->144405K(210744K), 0.0165580 secs] [Times: user=0.02 sys=0.00, real=0.01 secs] 
130.883: Total time for which application threads were stopped: 0.0168350 seconds, Stopping threads took: 0.0001710 seconds
130.913: Application time: 0.0290850 seconds
130.913: [GC130.913: [DefNew: 65471K->7232K(65472K), 0.0292360 secs]130.942: [Tenured: 151915K->76710K(151992K), 0.1202500 secs] 202645K->76710K(217464K), [Perm : 8838K->8838K(21248K)], 0.1497810 secs] [Times: user=0.15 sys=0.00, real=0.14 secs] 
131.063: Total time for which application threads were stopped: 0.1500390 seconds, Stopping threads took: 0.0001640 seconds
131.093: Application time: 0.0309260 seconds
131.094: [GC131.094: [DefNew: 58240K->5422K(65472K), 0.0073300 secs] 134950K->82132K(210744K), 0.0073750 secs] [Times: user=0.01 sys=0.00, real=0.00 secs] 
131.101: Total time for which application threads were stopped: 0.0076120 seconds, Stopping threads took: 0.0001400 seconds
131.128: Application time: 0.0271160 seconds
131.128: [GC131.128: [DefNew: 63662K->4600K(65472K), 0.0065760 secs] 140372K->83603K(210744K), 0.0066180 secs] [Times: user=0.01 sys=0.00, real=0.01 secs] 
131.135: Total time for which application threads were stopped: 0.0068360 seconds, Stopping threads took: 0.0001300 seconds
131.160: Application time: 0.0247490 seconds
131.160: [GC131.160: [DefNew: 62840K->5868K(65472K), 0.0076440 secs] 141843K->87803K(210744K), 0.0076870 secs] [Times: user=0.00 sys=0.00, real=0.01 secs] 
131.168: Total time for which application threads were stopped: 0.0079440 seconds, Stopping threads took: 0.0001610 seconds
131.191: Application time: 0.0237390 seconds
131.193: [GC131.193: [DefNew: 64108K->3661K(65472K), 0.0057200 secs] 146043K->87633K(210744K), 0.0057640 secs] [Times: user=0.01 sys=0.00, real=0.00 secs] 
131.199: Total time for which application threads were stopped: 0.0070690 seconds, Stopping threads took: 0.0011970 seconds
131.221: Application time: 0.0226180 seconds
131.224: [GC131.224: [DefNew: 61901K->4343K(65472K), 0.0061160 secs] 145873K->91498K(210744K), 0.0061610 secs] [Times: user=0.01 sys=0.00, real=0.01 secs] 
131.230: Total time for which application threads were stopped: 0.0086970 seconds, Stopping threads took: 0.0024400 seconds
131.253: Application time: 0.0227960 seconds
131.253: [GC131.253: [DefNew: 62583K->7021K(65472K), 0.0110800 secs] 149738K->97409K(210744K), 0.0111230 secs] [Times: user=0.01 sys=0.00, real=0.00 secs] 
131.264: Total time for which application threads were stopped: 0.0114720 seconds, Stopping threads took: 0.0002440 seconds
131.286: Application time: 0.0220700 seconds
131.287: [GC131.287: [DefNew: 65261K->2822K(65472K), 0.0095780 secs] 155649K->99501K(210744K), 0.0096200 secs] [Times: user=0.00 sys=0.00, real=0.01 secs] 
131.296: Total time for which application threads were stopped: 0.0099630 seconds, Stopping threads took: 0.0002360 seconds
131.319: Application time: 0.0223170 seconds
131.319: [GC131.319: [DefNew: 61062K->3884K(65472K), 0.0042370 secs] 157741K->100564K(210744K), 0.0042750 secs] [Times: user=0.01 sys=0.00, real=0.00 secs] 
131.323: Total time for which application threads were stopped: 0.0045650 seconds, Stopping threads took: 0.0001870 seconds
131.346: Application time: 0.0224960 seconds
131.346: [GC131.346: [DefNew: 62124K->7231K(65472K), 0.0142590 secs] 158804K->110475K(210744K), 0.0143030 secs] [Times: user=0.01 sys=0.00, real=0.01 secs] 
131.360: Total time for which application threads were stopped: 0.0145260 seconds, Stopping threads took: 0.0001160 seconds
131.383: Application time: 0.0227090 seconds
131.383: [GC131.383: [DefNew: 65471K->7231K(65472K), 0.0207390 secs] 168715K->119668K(210744K), 0.0207830 secs] [Times: user=0.02 sys=0.00, real=0.02 secs] 
131.404: Total time for which application threads were stopped: 0.0209770 seconds, Stopping threads took: 0.0000890 seconds
131.429: Application time: 0.0251420 seconds
131.429: [GC131.429: [DefNew: 65471K->7231K(65472K), 0.0195230 secs] 177908K->127666K(210744K), 0.0195680 secs] [Times: user=0.02 sys=0.00, real=0.02 secs] 
131.449: Total time for which application threads were stopped: 0.0198610 seconds, Stopping threads took: 0.0001910 seconds
131.474: Application time: 0.0250480 seconds
131.474: [GC131.474: [DefNew: 65471K->2886K(65472K), 0.0098510 secs] 185906K->129238K(210744K), 0.0099040 secs] [Times: user=0.01 sys=0.00, real=0.00 secs] 
131.484: Total time for which application threads were stopped: 0.0102900 seconds, Stopping threads took: 0.0002810 seconds
131.510: Application time: 0.0259240 seconds
131.510: [GC131.510: [DefNew: 61126K->7232K(65472K), 0.0217070 secs] 187478K->146234K(210744K), 0.0217520 secs] [Times: user=0.02 sys=0.00, real=0.02 secs] 
131.532: Total time for which application threads were stopped: 0.0219960 seconds, Stopping threads took: 0.0001470 seconds
131.562: Application time: 0.0299960 seconds
131.562: [GC131.562: [DefNew: 65472K->7232K(65472K), 0.0248810 secs]131.587: [Tenured: 148611K->76745K(148728K), 0.1186600 secs] 204474K->76745K(214200K), [Perm : 8838K->8838K(21248K)], 0.1437310 secs] [Times: user=0.15 sys=0.00, real=0.15 secs] 
131.706: Total time for which application threads were stopped: 0.1439920 seconds, Stopping threads took: 0.0001580 seconds
131.735: Application time: 0.0291350 seconds
131.736: [GC131.736: [DefNew: 58240K->6265K(65472K), 0.0086760 secs] 134985K->83010K(210744K), 0.0087190 secs] [Times: user=0.01 sys=0.00, real=0.00 secs] 
131.744: Total time for which application threads were stopped: 0.0091040 seconds, Stopping threads took: 0.0002830 seconds
131.770: Application time: 0.0255390 seconds
131.770: [GC131.770: [DefNew: 64505K->7231K(65472K), 0.0092530 secs] 141250K->86640K(210744K), 0.0092990 secs] [Times: user=0.01 sys=0.00, real=0.01 secs] 
131.779: Total time for which application threads were stopped: 0.0095660 seconds, Stopping threads took: 0.0001800 seconds
131.804: Application time: 0.0245630 seconds
131.804: [GC131.804: [DefNew: 65471K->5057K(65472K), 0.0115380 secs] 144880K->90178K(210744K), 0.0115840 secs] [Times: user=0.02 sys=0.00, real=0.02 secs] 
131.816: Total time for which application threads were stopped: 0.0119620 seconds, Stopping threads took: 0.0002910 seconds
131.840: Application time: 0.0237400 seconds
131.840: [GC131.840: [DefNew: 63297K->3669K(65472K), 0.0073620 secs] 148418K->93493K(210744K), 0.0074060 secs] [Times: user=0.00 sys=0.00, real=0.01 secs] 
131.847: Total time for which application threads were stopped: 0.0076180 seconds, Stopping threads took: 0.0001250 seconds
131.870: Application time: 0.0230420 seconds
131.871: [GC131.871: [DefNew: 61909K->4355K(65472K), 0.0081920 secs] 151733K->96942K(210744K), 0.0082350 secs] [Times: user=0.00 sys=0.00, real=0.01 secs] 
131.879: Total time for which application threads were stopped: 0.0085280 seconds, Stopping threads took: 0.0002090 seconds
131.902: Application time: 0.0236100 seconds
131.903: [GC131.903: [DefNew: 62595K->5877K(65472K), 0.0103390 secs] 155182K->101972K(210744K), 0.0103840 secs] [Times: user=0.01 sys=0.00, real=0.02 secs] 
131.913: Total time for which application threads were stopped: 0.0105570 seconds, Stopping threads took: 0.0000850 seconds
131.935: Application time: 0.0215480 seconds
131.935: [GC131.935: [DefNew: 64117K->3138K(65472K), 0.0088460 secs] 160212K->104539K(210744K), 0.0088870 secs] [Times: user=0.01 sys=0.00, real=0.00 secs] 
131.944: Total time for which application threads were stopped: 0.0092740 seconds, Stopping threads took: 0.0002810 seconds
131.966: Application time: 0.0223270 seconds
131.966: [GC131.966: [DefNew: 61378K->7231K(65472K), 0.0066460 secs] 162779K->109514K(210744K), 0.0066900 secs] [Times: user=0.01 sys=0.00, real=0.01 secs] 
131.973: Total time for which application threads were stopped: 0.0068780 seconds, Stopping threads took: 0.0001020 seconds
131.996: Application time: 0.0231640 seconds
131.996: [GC131.996: [DefNew: 65471K->7231K(65472K), 0.0139580 secs] 167754K->116255K(210744K), 0.0140010 secs] [Times: user=0.02 sys=0.00, real=0.01 secs] 
132.010: Total time for which application threads were stopped: 0.0142010 seconds, Stopping threads took: 0.0001150 seconds
132.034: Application time: 0.0237560 seconds
132.034: [GC132.035: [DefNew: 65471K->7232K(65472K), 0.0130150 secs] 174495K->123241K(210744K), 0.0130660 secs] [Times: user=0.01 sys=0.00, real=0.01 secs] 
132.048: Total time for which application threads were stopped: 0.0133720 seconds, Stopping threads took: 0.0002020 seconds
132.073: Application time: 0.0251100 seconds
132.073: [GC132.073: [DefNew: 65472K->7232K(65472K), 0.0173350 secs] 181481K->128407K(210744K), 0.0173790 secs] [Times: user=0.02 sys=0.00, real=0.01 secs] 
132.090: Total time for which application threads were stopped: 0.0175870 seconds, Stopping threads took: 0.0001200 seconds
132.115: Application time: 0.0249920 seconds
132.115: [GC132.115: [DefNew: 65472K->4584K(65472K), 0.0092220 secs] 186647K->130533K(210744K), 0.0092660 secs] [Times: user=0.01 sys=0.00, real=0.01 secs] 
132.125: Total time for which application threads were stopped: 0.0095010 seconds, Stopping threads took: 0.0001260 seconds
132.152: Application time: 0.0274400 seconds
132.152: [GC132.152: [DefNew: 62824K->7232K(65472K), 0.0251950 secs] 188773K->148682K(210744K), 0.0252380 secs] [Times: user=0.02 sys=0.00, real=0.03 secs] 
132.178: Total time for which application threads were stopped: 0.0254020 seconds, Stopping threads took: 0.0000790 seconds
132.208: Application time: 0.0300000 seconds
132.208: [GC132.208: [DefNew: 65472K->7232K(65472K), 0.0196110 secs]132.228: [Tenured: 148579K->77573K(148728K), 0.1180000 secs] 206922K->77573K(214200K), [Perm : 8838K->8838K(21248K)], 0.1378070 secs] [Times: user=0.14 sys=0.00, real=0.14 secs] 
132.346: Total time for which application threads were stopped: 0.1381130 seconds, Stopping threads took: 0.0002050 seconds
132.373: Application time: 0.0274570 seconds
132.374: [GC132.374: [DefNew: 58240K->5018K(65472K), 0.0065230 secs] 135813K->82592K(210744K), 0.0065650 secs] [Times: user=0.01 sys=0.00, real=0.00 secs] 
132.380: Total time for which application threads were stopped: 0.0069450 seconds, Stopping threads took: 0.0002580 seconds
132.405: Application time: 0.0248020 seconds
132.405: [GC132.405: [DefNew: 63258K->7231K(65472K), 0.0110030 secs] 140832K->86902K(210744K), 0.0110460 secs] [Times: user=0.01 sys=0.00, real=0.01 secs] 
132.416: Total time for which application threads were stopped: 0.0113410 seconds, Stopping threads took: 0.0001880 seconds
132.440: Application time: 0.0241420 seconds
132.441: [GC132.441: [DefNew: 65471K->5581K(65472K), 0.0128930 secs] 145142K->92109K(210744K), 0.0129370 secs] [Times: user=0.01 sys=0.00, real=0.02 secs] 
132.454: Total time for which application threads were stopped: 0.0131110 seconds, Stopping threads took: 0.0000880 seconds
132.477: Application time: 0.0235010 seconds
132.477: [GC132.477: [DefNew: 63821K->5267K(65472K), 0.0102480 secs] 150349K->97184K(210744K), 0.0102900 secs] [Times: user=0.01 sys=0.00, real=0.01 secs] 
132.488: Total time for which application threads were stopped: 0.0105250 seconds, Stopping threads took: 0.0001470 seconds
132.511: Application time: 0.0233460 seconds
132.511: [GC132.511: [DefNew: 63507K->5557K(65472K), 0.0082130 secs] 155424K->101802K(210744K), 0.0082570 secs] [Times: user=0.01 sys=0.00, real=0.01 secs] 
132.519: Total time for which application threads were stopped: 0.0085070 seconds, Stopping threads took: 0.0001450 seconds
132.543: Application time: 0.0232910 seconds
132.543: [GC132.543: [DefNew: 63797K->4537K(65472K), 0.0105040 secs] 160042K->105278K(210744K), 0.0105480 secs] [Times: user=0.01 sys=0.00, real=0.02 secs] 
132.554: Total time for which application threads were stopped: 0.0108750 seconds, Stopping threads took: 0.0002220 seconds
132.576: Application time: 0.0222650 seconds
132.576: [GC132.576: [DefNew: 62777K->2022K(65472K), 0.0055360 secs] 163518K->106215K(210744K), 0.0055790 secs] [Times: user=0.00 sys=0.00, real=0.00 secs] 
132.582: Total time for which application threads were stopped: 0.0057890 seconds, Stopping threads took: 0.0001240 seconds
132.604: Application time: 0.0227400 seconds
132.605: [GC132.605: [DefNew: 60262K->7231K(65472K), 0.0141130 secs] 164455K->115712K(210744K), 0.0141580 secs] [Times: user=0.02 sys=0.00, real=0.01 secs] 
132.619: Total time for which application threads were stopped: 0.0143800 seconds, Stopping threads took: 0.0001350 seconds
132.643: Application time: 0.0240010 seconds
132.643: [GC132.643: [DefNew: 65471K->7232K(65472K), 0.0218570 secs] 173952K->124193K(210744K), 0.0219100 secs] [Times: user=0.02 sys=0.00, real=0.03 secs] 
132.665: Total time for which application threads were stopped: 0.0221600 seconds, Stopping threads took: 0.0001620 seconds
132.689: Application time: 0.0244220 seconds
132.690: [GC132.690: [DefNew: 65472K->7231K(65472K), 0.0141000 secs] 182433K->130367K(210744K), 0.0141460 secs] [Times: user=0.01 sys=0.00, real=0.01 secs] 
132.704: Total time for which application threads were stopped: 0.0143060 seconds, Stopping threads took: 0.0000740 seconds
132.729: Application time: 0.0254140 seconds
132.729: [GC132.729: [DefNew: 65471K->5489K(65472K), 0.0128380 secs] 188607K->134896K(210744K), 0.0128850 secs] [Times: user=0.01 sys=0.00, real=0.01 secs] 
132.742: Total time for which application threads were stopped: 0.0130610 seconds, Stopping threads took: 0.0000910 seconds
132.767: Application time: 0.0244190 seconds
132.767: [GC132.767: [DefNew: 63729K->7231K(65472K), 0.0103930 secs] 193136K->140154K(210744K), 0.0104360 secs] [Times: user=0.01 sys=0.00, real=0.01 secs] 
132.777: Total time for which application threads were stopped: 0.0106170 seconds, Stopping threads took: 0.0001000 seconds
132.804: Application time: 0.0270610 seconds
132.804: [GC132.804: [DefNew: 65471K->7231K(65472K), 0.0305750 secs]132.835: [Tenured: 151128K->82571K(151224K), 0.1175000 secs] 198394K->82571K(216696K), [Perm : 8838K->8838K(21248K)], 0.1483360 secs] [Times: user=0.15 sys=0.00, real=0.16 secs] 
132.953: Total time for which application threads were stopped: 0.1485040 seconds, Stopping threads took: 0.0000850 seconds
132.983: Application time: 0.0300190 seconds
132.983: [GC132.983: [DefNew: 58240K->4651K(65472K), 0.0069900 secs] 140811K->87222K(210744K), 0.0070330 secs] [Times: user=0.01 sys=0.00, real=0.01 secs] 
132.990: Total time for which application threads were stopped: 0.0073660 seconds, Stopping threads took: 0.0002140 seconds
133.016: Application time: 0.0260620 seconds
133.024: [GC133.024: [DefNew: 62891K->3232K(65472K), 0.0084570 secs] 145462K->89716K(210744K), 0.0085060 secs] [Times: user=0.01 sys=0.00, real=0.02 secs] 
133.033: Total time for which application threads were stopped: 0.0167480 seconds, Stopping threads took: 0.0081540 seconds
133.057: Application time: 0.0241140 seconds
133.057: [GC133.057: [DefNew: 61472K->7232K(65472K), 0.0094660 secs] 147956K->94315K(210744K), 0.0095120 secs] [Times: user=0.01 sys=0.00, real=0.01 secs] 
133.067: Total time for which application threads were stopped: 0.0098320 seconds, Stopping threads took: 0.0002160 seconds
133.091: Application time: 0.0241500 seconds
133.093: [GC133.093: [DefNew: 65472K->6473K(65472K), 0.0149090 secs] 152555K->100396K(210744K), 0.0149530 secs] [Times: user=0.01 sys=0.00, real=0.01 secs] 
133.108: Total time for which application threads were stopped: 0.0165810 seconds, Stopping threads took: 0.0015410 seconds
133.130: Application time: 0.0227060 seconds
133.131: [GC133.131: [DefNew: 64713K->5028K(65472K), 0.0112560 secs] 158636K->105015K(210744K), 0.0113000 secs] [Times: user=0.01 sys=0.00, real=0.01 secs] 
133.142: Total time for which application threads were stopped: 0.0116010 seconds, Stopping threads took: 0.0001920 seconds
133.166: Application time: 0.0238450 seconds
133.166: [GC133.166: [DefNew: 63268K->5877K(65472K), 0.0098500 secs] 163255K->110109K(210744K), 0.0098930 secs] [Times: user=0.01 sys=0.00, real=0.01 secs] 
133.176: Total time for which application threads were stopped: 0.0101710 seconds, Stopping threads took: 0.0001710 seconds
133.198: Application time: 0.0219830 seconds
133.198: [GC133.198: [DefNew: 64117K->4056K(65472K), 0.0098810 secs] 168349K->113068K(210744K), 0.0099240 secs] [Times: user=0.01 sys=0.00, real=0.01 secs] 
133.208: Total time for which application threads were stopped: 0.0102700 seconds, Stopping threads took: 0.0002390 seconds
133.231: Application time: 0.0225430 seconds
133.231: [GC133.231: [DefNew: 62296K->4259K(65472K), 0.0062530 secs] 171308K->116309K(210744K), 0.0063050 secs] [Times: user=0.01 sys=0.00, real=0.01 secs] 
133.237: Total time for which application threads were stopped: 0.0065230 seconds, Stopping threads took: 0.0001330 seconds
133.261: Application time: 0.0238580 seconds
133.261: [GC133.261: [DefNew: 62499K->7232K(65472K), 0.0171960 secs] 174549K->126396K(210744K), 0.0172390 secs] [Times: user=0.02 sys=0.00, real=0.02 secs] 
133.279: Total time for which application threads were stopped: 0.0174490 seconds, Stopping threads took: 0.0001260 seconds
133.303: Application time: 0.0240660 seconds
133.303: [GC133.303: [DefNew: 65472K->7232K(65472K), 0.0178220 secs] 184636K->134745K(210744K), 0.0178640 secs] [Times: user=0.02 sys=0.00, real=0.02 secs] 
133.321: Total time for which application threads were stopped: 0.0180130 seconds, Stopping threads took: 0.0000600 seconds
133.345: Application time: 0.0247810 seconds
133.346: [GC133.346: [DefNew: 65472K->7226K(65472K), 0.0155160 secs] 192985K->141146K(210744K), 0.0155600 secs] [Times: user=0.02 sys=0.00, real=0.01 secs] 
133.361: Total time for which application threads were stopped: 0.0157370 seconds, Stopping threads took: 0.0000900 seconds
133.386: Application time: 0.0248950 seconds
133.386: [GC133.386: [DefNew: 65466K->4686K(65472K), 0.0105080 secs] 199386K->143835K(210744K), 0.0105520 secs] [Times: user=0.01 sys=0.00, real=0.01 secs] 
133.397: Total time for which application threads were stopped: 0.0108040 seconds, Stopping threads took: 0.0001440 seconds
133.422: Application time: 0.0250000 seconds
133.422: [GC133.422: [DefNew: 62926K->7231K(65472K), 0.0177930 secs]133.440: [Tenured: 148600K->82082K(148728K), 0.1189440 secs] 202075K->82082K(214200K), [Perm : 8838K->8838K(21248K)], 0.1369560 secs] [Times: user=0.14 sys=0.00, real=0.14 secs] 
133.559: Total time for which application threads were stopped: 0.1371570 seconds, Stopping threads took: 0.0000990 seconds
133.586: Application time: 0.0273100 seconds
133.587: [GC133.587: [DefNew: 58240K->7232K(65472K), 0.0194190 secs] 140322K->96488K(210744K), 0.0194640 secs] [Times: user=0.01 sys=0.00, real=0.02 secs] 
133.606: Total time for which application threads were stopped: 0.0197860 seconds, Stopping threads took: 0.0002200 seconds
133.636: Application time: 0.0294650 seconds
133.636: [GC133.636: [DefNew: 65472K->4574K(65472K), 0.0184250 secs] 154728K->100653K(210744K), 0.0184690 secs] [Times: user=0.02 sys=0.00, real=0.02 secs] 
133.655: Total time for which application threads were stopped: 0.0188330 seconds, Stopping threads took: 0.0002590 seconds
133.679: Application time: 0.0249850 seconds
133.680: [GC133.680: [DefNew: 62814K->3298K(65472K), 0.0071220 secs] 158893K->101887K(210744K), 0.0071690 secs] [Times: user=0.01 sys=0.00, real=0.01 secs] 
133.687: Total time for which application threads were stopped: 0.0074310 seconds, Stopping threads took: 0.0001560 seconds
133.711: Application time: 0.0239220 seconds
133.711: [GC133.711: [DefNew: 61538K->7231K(65472K), 0.0089710 secs] 160127K->106904K(210744K), 0.0090150 secs] [Times: user=0.01 sys=0.00, real=0.01 secs] 
133.720: Total time for which application threads were stopped: 0.0093150 seconds, Stopping threads took: 0.0001930 seconds
133.744: Application time: 0.0235340 seconds
133.744: [GC133.744: [DefNew: 65471K->7231K(65472K), 0.0183820 secs] 165144K->115809K(210744K), 0.0184260 secs] [Times: user=0.02 sys=0.00, real=0.02 secs] 
133.762: Total time for which application threads were stopped: 0.0187450 seconds, Stopping threads took: 0.0002310 seconds
133.785: Application time: 0.0229090 seconds
133.786: [GC133.786: [DefNew: 65471K->4091K(65472K), 0.0133340 secs] 174049K->119091K(210744K), 0.0133760 secs] [Times: user=0.01 sys=0.00, real=0.01 secs] 
133.799: Total time for which application threads were stopped: 0.0136560 seconds, Stopping threads took: 0.0001750 seconds
133.824: Application time: 0.0245300 seconds
133.824: [GC133.824: [DefNew: 62331K->5455K(65472K), 0.0089790 secs] 177331K->123994K(210744K), 0.0090240 secs] [Times: user=0.01 sys=0.00, real=0.02 secs] 
133.833: Total time for which application threads were stopped: 0.0092400 seconds, Stopping threads took: 0.0001290 seconds
133.855: Application time: 0.0219850 seconds
133.855: [GC133.855: [DefNew: 63695K->1962K(65472K), 0.0071180 secs] 182234K->125449K(210744K), 0.0071610 secs] [Times: user=0.01 sys=0.00, real=0.00 secs] 
133.862: Total time for which application threads were stopped: 0.0074570 seconds, Stopping threads took: 0.0001890 seconds
133.885: Application time: 0.0228360 seconds
133.885: [GC133.885: [DefNew: 60202K->7231K(65472K), 0.0116390 secs] 183689K->134901K(210744K), 0.0116860 secs] [Times: user=0.01 sys=0.00, real=0.01 secs] 
133.897: Total time for which application threads were stopped: 0.0118790 seconds, Stopping threads took: 0.0000880 seconds
133.922: Application time: 0.0248420 seconds
133.922: [GC133.922: [DefNew: 65471K->7231K(65472K), 0.0190150 secs] 193141K->142721K(210744K), 0.0190580 secs] [Times: user=0.02 sys=0.00, real=0.02 secs] 
133.941: Total time for which application threads were stopped: 0.0193480 seconds, Stopping threads took: 0.0001870 seconds
133.966: Application time: 0.0246960 seconds
133.966: [GC133.966: [DefNew: 65471K->7232K(65472K), 0.0153940 secs] 200961K->151157K(210744K), 0.0154370 secs] [Times: user=0.01 sys=0.00, real=0.01 secs] 
133.982: Total time for which application threads were stopped: 0.0157660 seconds, Stopping threads took: 0.0002240 seconds
134.007: Application time: 0.0250620 seconds
134.007: [GC134.007: [DefNew: 65472K->4853K(65472K), 0.0127400 secs]134.020: [Tenured: 149991K->83870K(150072K), 0.1170600 secs] 209397K->83870K(215544K), [Perm : 8838K->8838K(21248K)], 0.1300270 secs] [Times: user=0.13 sys=0.00, real=0.13 secs] 
134.137: Total time for which application threads were stopped: 0.1303040 seconds, Stopping threads took: 0.0001740 seconds
134.162: Application time: 0.0245820 seconds
134.162: [GC134.162: [DefNew: 58240K->6999K(65472K), 0.0085090 secs] 142110K->90869K(210744K), 0.0085530 secs] [Times: user=0.01 sys=0.00, real=0.01 secs] 
134.170: Total time for which application threads were stopped: 0.0087950 seconds, Stopping threads took: 0.0001210 seconds
134.196: Application time: 0.0255340 seconds
134.196: [GC134.196: [DefNew: 65239K->7231K(65472K), 0.0213500 secs] 149109K->102723K(210744K), 0.0213940 secs] [Times: user=0.02 sys=0.00, real=0.02 secs] 
134.218: Total time for which application threads were stopped: 0.0216550 seconds, Stopping threads took: 0.0001760 seconds
134.246: Application time: 0.0283450 seconds
134.246: [GC134.246: [DefNew: 65471K->7231K(65472K), 0.0202970 secs] 160963K->109619K(210744K), 0.0203400 secs] [Times: user=0.02 sys=0.00, real=0.02 secs] 
134.267: Total time for which application threads were stopped: 0.0206130 seconds, Stopping threads took: 0.0001670 seconds
134.294: Application time: 0.0277920 seconds
134.295: [GC134.295: [DefNew: 65471K->2876K(65472K), 0.0096510 secs] 167859K->112191K(210744K), 0.0096960 secs] [Times: user=0.01 sys=0.00, real=0.00 secs] 
134.304: Total time for which application threads were stopped: 0.0099440 seconds, Stopping threads took: 0.0001400 seconds
134.328: Application time: 0.0242270 seconds
134.329: [GC134.329: [DefNew: 61116K->4878K(65472K), 0.0064080 secs] 170431K->114193K(210744K), 0.0064490 secs] [Times: user=0.01 sys=0.00, real=0.01 secs] 
134.335: Total time for which application threads were stopped: 0.0067130 seconds, Stopping threads took: 0.0001640 seconds
134.359: Application time: 0.0236400 seconds
134.359: [GC134.359: [DefNew: 63118K->5435K(65472K), 0.0080650 secs] 172433K->117763K(210744K), 0.0081080 secs] [Times: user=0.00 sys=0.00, real=0.01 secs] 
134.367: Total time for which application threads were stopped: 0.0082570 seconds, Stopping threads took: 0.0000580 seconds
134.391: Application time: 0.0238090 seconds
134.391: [GC134.391: [DefNew: 63675K->7231K(65472K), 0.0117690 secs] 176003K->122879K(210744K), 0.0118130 secs] [Times: user=0.01 sys=0.00, real=0.01 secs] 
134.403: Total time for which application threads were stopped: 0.0121540 seconds, Stopping threads took: 0.0002250 seconds
134.427: Application time: 0.0236430 seconds
134.427: [GC134.427: [DefNew: 65471K->6021K(65472K), 0.0142920 secs] 181119K->128259K(210744K), 0.0143360 secs] [Times: user=0.01 sys=0.00, real=0.01 secs] 
134.441: Total time for which application threads were stopped: 0.0146810 seconds, Stopping threads took: 0.0002390 seconds
134.465: Application time: 0.0240730 seconds
134.466: [GC134.466: [DefNew: 64261K->4431K(65472K), 0.0105050 secs] 186499K->131541K(210744K), 0.0105470 secs] [Times: user=0.01 sys=0.00, real=0.01 secs] 
134.476: Total time for which application threads were stopped: 0.0109440 seconds, Stopping threads took: 0.0003020 seconds
134.499: Application time: 0.0226400 seconds
134.499: [GC134.499: [DefNew: 62671K->4188K(65472K), 0.0060310 secs] 189781K->134416K(210744K), 0.0060780 secs] [Times: user=0.00 sys=0.00, real=0.01 secs] 
134.505: Total time for which application threads were stopped: 0.0062480 seconds, Stopping threads took: 0.0000850 seconds
134.529: Application time: 0.0237620 seconds
134.529: [GC134.529: [DefNew: 62428K->7232K(65472K), 0.0147910 secs] 192656K->144397K(210744K), 0.0148360 secs] [Times: user=0.02 sys=0.00, real=0.01 secs] 
134.544: Total time for which application threads were stopped: 0.0150710 seconds, Stopping threads took: 0.0001370 seconds
134.570: Application time: 0.0253790 seconds
134.570: [GC134.570: [DefNew: 65472K->7231K(65472K), 0.0204790 secs]134.590: [Tenured: 145907K->79848K(146040K), 0.1191680 secs] 202637K->79848K(211512K), [Perm : 8838K->8838K(21248K)], 0.1397480 secs] [Times: user=0.14 sys=0.00, real=0.14 secs] 
134.710: Total time for which application threads were stopped: 0.1401710 seconds, Stopping threads took: 0.0003220 seconds
134.735: Application time: 0.0248460 seconds
134.735: [GC134.735: [DefNew: 58240K->7232K(65472K), 0.0127840 secs] 138088K->88635K(210744K), 0.0128280 secs] [Times: user=0.01 sys=0.00, real=0.01 secs] 
134.748: Total time for which application threads were stopped: 0.0131270 seconds, Stopping threads took: 0.0001830 seconds
134.773: Application time: 0.0252910 seconds
134.773: [GC134.773: [DefNew: 65472K->4049K(65472K), 0.0109040 secs] 146875K->91512K(210744K), 0.0109490 secs] [Times: user=0.01 sys=0.00, real=0.00 secs] 
134.784: Total time for which application threads were stopped: 0.0112200 seconds, Stopping threads took: 0.0001650 seconds
134.808: Application time: 0.0241000 seconds
134.808: [GC134.809: [DefNew: 62289K->5372K(65472K), 0.0077500 secs] 149752K->95399K(210744K), 0.0077920 secs] [Times: user=0.01 sys=0.00, real=0.01 secs] 
134.816: Total time for which application threads were stopped: 0.0079930 seconds, Stopping threads took: 0.0001070 seconds
134.842: Application time: 0.0255970 seconds
134.842: [GC134.842: [DefNew: 63612K->7231K(65472K), 0.0241770 secs] 153639K->110860K(210744K), 0.0242220 secs] [Times: user=0.03 sys=0.00, real=0.03 secs] 
134.866: Total time for which application threads were stopped: 0.0244530 seconds, Stopping threads took: 0.0001270 seconds
134.895: Application time: 0.0287800 seconds
134.895: [GC134.895: [DefNew: 65471K->6790K(65472K), 0.0177470 secs] 169100K->116635K(210744K), 0.0177900 secs] [Times: user=0.02 sys=0.00, real=0.02 secs] 
134.913: Total time for which application threads were stopped: 0.0180350 seconds, Stopping threads took: 0.0001410 seconds
134.939: Application time: 0.0257310 seconds
134.939: [GC134.939: [DefNew: 65030K->4505K(65472K), 0.0108050 secs] 174875K->120800K(210744K), 0.0108500 secs] [Times: user=0.01 sys=0.00, real=0.01 secs] 
134.950: Total time for which application threads were stopped: 0.0111810 seconds, Stopping threads took: 0.0002250 seconds
134.974: Application time: 0.0243410 seconds
134.975: [GC134.975: [DefNew: 62745K->6694K(65472K), 0.0080900 secs] 179040K->123136K(210744K), 0.0081320 secs] [Times: user=0.00 sys=0.00, real=0.00 secs] 
134.983: Total time for which application threads were stopped: 0.0084020 seconds, Stopping threads took: 0.0001650 seconds
135.006: Application time: 0.0234520 seconds
135.007: [GC135.007: [DefNew: 64934K->7231K(65472K), 0.0122980 secs] 181376K->127618K(210744K), 0.0123520 secs] [Times: user=0.01 sys=0.00, real=0.01 secs] 
135.019: Total time for which application threads were stopped: 0.0126910 seconds, Stopping threads took: 0.0002320 seconds
135.043: Application time: 0.0235680 seconds
135.043: [GC135.043: [DefNew: 65471K->5468K(65472K), 0.0143850 secs] 185858K->132355K(210744K), 0.0144280 secs] [Times: user=0.02 sys=0.00, real=0.02 secs] 
135.057: Total time for which application threads were stopped: 0.0147460 seconds, Stopping threads took: 0.0002120 seconds
135.082: Application time: 0.0243230 seconds
135.082: [GC135.082: [DefNew: 63708K->5675K(65472K), 0.0093620 secs] 190595K->137383K(210744K), 0.0094060 secs] [Times: user=0.01 sys=0.00, real=0.01 secs] 
135.091: Total time for which application threads were stopped: 0.0096850 seconds, Stopping threads took: 0.0001720 seconds
135.114: Application time: 0.0230550 seconds
135.115: [GC135.115: [DefNew: 63915K->3136K(65472K), 0.0087990 secs] 195623K->139521K(210744K), 0.0088430 secs] [Times: user=0.00 sys=0.00, real=0.00 secs] 
135.123: Total time for which application threads were stopped: 0.0090510 seconds, Stopping threads took: 0.0001210 seconds
135.146: Application time: 0.0225230 seconds
135.146: [GC135.146: [DefNew: 61376K->7231K(65472K), 0.0120280 secs] 197761K->147308K(210744K), 0.0120710 secs] [Times: user=0.01 sys=0.00, real=0.01 secs] 
135.158: Total time for which application threads were stopped: 0.0124000 seconds, Stopping threads took: 0.0002230 seconds
135.183: Application time: 0.0246540 seconds
135.185: [GC135.185: [DefNew: 65471K->7231K(65472K), 0.0225050 secs]135.207: [Tenured: 148494K->76963K(148536K), 0.1246010 secs] 205548K->76963K(214008K), [Perm : 8838K->8838K(21248K)], 0.1472990 secs] [Times: user=0.15 sys=0.00, real=0.14 secs] 
135.332: Total time for which application threads were stopped: 0.1490850 seconds, Stopping threads took: 0.0016840 seconds
135.358: Application time: 0.0254660 seconds
135.358: [GC135.358: [DefNew: 58240K->7231K(65472K), 0.0092420 secs] 135203K->85496K(210744K), 0.0092860 secs] [Times: user=0.01 sys=0.00, real=0.01 secs] 
135.367: Total time for which application threads were stopped: 0.0095320 seconds, Stopping threads took: 0.0001300 seconds
135.392: Application time: 0.0247190 seconds
135.392: [GC135.392: [DefNew: 65471K->5984K(65472K), 0.0124140 secs] 143736K->89275K(210744K), 0.0124560 secs] [Times: user=0.01 sys=0.00, real=0.02 secs] 
135.405: Total time for which application threads were stopped: 0.0128340 seconds, Stopping threads took: 0.0002700 seconds
135.429: Application time: 0.0244100 seconds
135.429: [GC135.429: [DefNew: 64224K->5719K(65472K), 0.0097300 secs] 147515K->94057K(210744K), 0.0097730 secs] [Times: user=0.01 sys=0.00, real=0.01 secs] 
135.439: Total time for which application threads were stopped: 0.0099550 seconds, Stopping threads took: 0.0000930 seconds
135.463: Application time: 0.0239400 seconds
135.463: [GC135.463: [DefNew: 63959K->7232K(65472K), 0.0105180 secs] 152297K->99330K(210744K), 0.0105630 secs] [Times: user=0.01 sys=0.00, real=0.02 secs] 
135.474: Total time for which application threads were stopped: 0.0108690 seconds, Stopping threads took: 0.0002100 seconds
135.500: Application time: 0.0262370 seconds
135.500: [GC135.500: [DefNew: 65472K->7232K(65472K), 0.0187260 secs] 157570K->108160K(210744K), 0.0187680 secs] [Times: user=0.02 sys=0.00, real=0.02 secs] 
135.519: Total time for which application threads were stopped: 0.0189800 seconds, Stopping threads took: 0.0001070 seconds
135.545: Application time: 0.0261840 seconds
135.545: [GC135.545: [DefNew: 65472K->2828K(65472K), 0.0121320 secs] 166400K->110488K(210744K), 0.0121770 secs] [Times: user=0.01 sys=0.00, real=0.01 secs] 
135.558: Total time for which application threads were stopped: 0.0124010 seconds, Stopping threads took: 0.0001260 seconds
135.582: Application time: 0.0242380 seconds
135.582: [GC135.582: [DefNew: 61068K->3873K(65472K), 0.0050880 secs] 168728K->111532K(210744K), 0.0051340 secs] [Times: user=0.01 sys=0.00, real=0.01 secs] 
135.587: Total time for which application threads were stopped: 0.0054050 seconds, Stopping threads took: 0.0001720 seconds
135.618: Application time: 0.0304940 seconds
135.618: [GC135.618: [DefNew: 62113K->5988K(65472K), 0.0093400 secs] 169772K->115545K(210744K), 0.0093840 secs] [Times: user=0.01 sys=0.00, real=0.01 secs] 
135.627: Total time for which application threads were stopped: 0.0096080 seconds, Stopping threads took: 0.0001190 seconds
135.655: Application time: 0.0277820 seconds
135.655: [GC135.655: [DefNew: 64228K->3742K(65472K), 0.0065440 secs] 173785K->115359K(210744K), 0.0065870 secs] [Times: user=0.00 sys=0.00, real=0.00 secs] 
135.662: Total time for which application threads were stopped: 0.0068040 seconds, Stopping threads took: 0.0001310 seconds
135.686: Application time: 0.0239880 seconds
135.686: [GC135.686: [DefNew: 61982K->365K(65472K), 0.0036910 secs] 173599K->115429K(210744K), 0.0037270 secs] [Times: user=0.01 sys=0.00, real=0.00 secs] 
135.690: Total time for which application threads were stopped: 0.0039220 seconds, Stopping threads took: 0.0000980 seconds
135.717: Application time: 0.0272210 seconds
135.717: [GC135.717: [DefNew: 58605K->412K(65472K), 0.0009430 secs] 173669K->115477K(210744K), 0.0009700 secs] [Times: user=0.00 sys=0.00, real=0.00 secs] 
135.718: Total time for which application threads were stopped: 0.0010740 seconds, Stopping threads took: 0.0000330 seconds
135.739: Application time: 0.0210620 seconds
135.739: [GC135.739: [DefNew: 58652K->450K(65472K), 0.0009350 secs] 173717K->115515K(210744K), 0.0009610 secs] [Times: user=0.00 sys=0.00, real=0.00 secs] 
135.740: Total time for which application threads were stopped: 0.0010870 seconds, Stopping threads took: 0.0000560 seconds
135.791: Application time: 0.0511150 seconds
135.792: Total time for which application threads were stopped: 0.0001030 seconds, Stopping threads took: 0.0000500 seconds
135.792: Application time: 0.0001420 seconds
135.792: Total time for which application threads were stopped: 0.0000660 seconds, Stopping threads took: 0.0000130 seconds
135.794: Application time: 0.0023840 seconds
135.794: [GC135.794: [DefNew: 58690K->7232K(65472K), 0.0049260 secs] 173755K->122711K(210744K), 0.0049670 secs] [Times: user=0.00 sys=0.00, real=0.00 secs] 
135.799: Total time for which application threads were stopped: 0.0050820 seconds, Stopping threads took: 0.0000440 seconds
135.807: Application time: 0.0080570 seconds
135.807: Total time for which application threads were stopped: 0.0001800 seconds, Stopping threads took: 0.0001170 seconds
135.808: Application time: 0.0000420 seconds
135.808: Total time for which application threads were stopped: 0.0000790 seconds, Stopping threads took: 0.0000440 seconds
135.808: Application time: 0.0000540 seconds
135.808: Total time for which application threads were stopped: 0.0000730 seconds, Stopping threads took: 0.0000320 seconds
135.808: Application time: 0.0000550 seconds
135.808: Total time for which application threads were stopped: 0.0000780 seconds, Stopping threads took: 0.0000450 seconds
135.828: Application time: 0.0199710 seconds
135.828: [GC135.828: [DefNew: 65472K->7231K(65472K), 0.0545940 secs]135.883: [Tenured: 151857K->74021K(151992K), 0.1116620 secs] 180951K->74021K(217464K), [Perm : 8869K->8869K(21248K)], 0.1665390 secs] [Times: user=0.16 sys=0.01, real=0.17 secs] 
135.995: Total time for which application threads were stopped: 0.1666710 seconds, Stopping threads took: 0.0000500 seconds
136.035: Application time: 0.0407450 seconds
136.035: [GC136.035: [DefNew: 58240K->7232K(65472K), 0.0207660 secs] 132261K->86473K(210744K), 0.0208080 secs] [Times: user=0.02 sys=0.00, real=0.02 secs] 
136.056: Total time for which application threads were stopped: 0.0209910 seconds, Stopping threads took: 0.0000810 seconds
136.089: Application time: 0.0329090 seconds
136.089: [GC136.089: [DefNew: 65472K->7231K(65472K), 0.0275720 secs] 144713K->104284K(210744K), 0.0276220 secs] [Times: user=0.03 sys=0.00, real=0.03 secs] 
136.117: Total time for which application threads were stopped: 0.0277910 seconds, Stopping threads took: 0.0000820 seconds
136.155: Application time: 0.0375560 seconds
136.155: [GC136.155: [DefNew: 65471K->7232K(65472K), 0.0259320 secs] 162524K->117456K(210744K), 0.0259760 secs] [Times: user=0.03 sys=0.00, real=0.02 secs] 
136.181: Total time for which application threads were stopped: 0.0261390 seconds, Stopping threads took: 0.0000750 seconds
136.211: Application time: 0.0305990 seconds
136.211: [GC136.211: [DefNew: 65472K->1172K(65472K), 0.0106480 secs] 175696K->118281K(210744K), 0.0106920 secs] [Times: user=0.01 sys=0.00, real=0.01 secs] 
136.222: Total time for which application threads were stopped: 0.0108950 seconds, Stopping threads took: 0.0001130 seconds
136.256: Application time: 0.0333920 seconds
136.256: [GC136.256: [DefNew: 59412K->1244K(65472K), 0.0024200 secs] 176521K->118353K(210744K), 0.0024490 secs] [Times: user=0.00 sys=0.00, real=0.00 secs] 
136.258: Total time for which application threads were stopped: 0.0026870 seconds, Stopping threads took: 0.0001490 seconds
136.290: Application time: 0.0320040 seconds
136.290: [GC136.290: [DefNew: 59484K->1291K(65472K), 0.0018060 secs] 176593K->118400K(210744K), 0.0018360 secs] [Times: user=0.00 sys=0.00, real=0.00 secs] 
136.292: Total time for which application threads were stopped: 0.0020480 seconds, Stopping threads took: 0.0001440 seconds
136.320: Application time: 0.0276620 seconds
136.320: [GC136.320: [DefNew: 59531K->1247K(65472K), 0.0014110 secs] 176640K->118355K(210744K), 0.0014420 secs] [Times: user=0.00 sys=0.00, real=0.00 secs] 
136.322: Total time for which application threads were stopped: 0.0015910 seconds, Stopping threads took: 0.0000760 seconds
136.344: Application time: 0.0222260 seconds
136.344: [GC136.344: [DefNew: 59487K->1374K(65472K), 0.0015570 secs] 176595K->118482K(210744K), 0.0015870 secs] [Times: user=0.00 sys=0.00, real=0.01 secs] 
136.346: Total time for which application threads were stopped: 0.0017730 seconds, Stopping threads took: 0.0001120 seconds
136.365: Application time: 0.0197500 seconds
136.365: [GC136.365: [DefNew: 59614K->1461K(65472K), 0.0016020 secs] 176722K->118570K(210744K), 0.0016290 secs] [Times: user=0.00 sys=0.00, real=0.00 secs] 
136.367: Total time for which application threads were stopped: 0.0017960 seconds, Stopping threads took: 0.0000980 seconds
136.386: Application time: 0.0186170 seconds
136.386: [GC136.386: [DefNew: 59701K->1468K(65472K), 0.0020030 secs] 176810K->118577K(210744K), 0.0020340 secs] [Times: user=0.00 sys=0.00, real=0.00 secs] 
136.388: Total time for which application threads were stopped: 0.0022700 seconds, Stopping threads took: 0.0001580 seconds
136.407: Application time: 0.0191230 seconds
136.407: [GC136.407: [DefNew: 59708K->1445K(65472K), 0.0015490 secs] 176817K->118553K(210744K), 0.0015760 secs] [Times: user=0.01 sys=0.00, real=0.00 secs] 
136.409: Total time for which application threads were stopped: 0.0018030 seconds, Stopping threads took: 0.0001180 seconds
136.427: Application time: 0.0176280 seconds
136.427: [GC136.427: [DefNew: 59685K->1515K(65472K), 0.0019420 secs] 176793K->118624K(210744K), 0.0019710 secs] [Times: user=0.00 sys=0.00, real=0.00 secs] 
136.429: Total time for which application threads were stopped: 0.0021720 seconds, Stopping threads took: 0.0001260 seconds
136.448: Application time: 0.0195860 seconds
136.449: [GC136.449: [DefNew: 59755K->7231K(65472K), 0.0222210 secs] 176864K->140518K(210744K), 0.0222650 secs] [Times: user=0.02 sys=0.00, real=0.02 secs] 
136.471: Total time for which application threads were stopped: 0.0224800 seconds, Stopping threads took: 0.0001290 seconds
136.502: Application time: 0.0308620 seconds
136.502: [GC136.502: [DefNew: 65471K->7232K(65472K), 0.0481790 secs]136.550: [Tenured: 158647K->83878K(158712K), 0.1260260 secs] 198758K->83878K(224184K), [Perm : 8869K->8869K(21248K)], 0.1746690 secs] [Times: user=0.18 sys=0.00, real=0.18 secs] 
136.677: Total time for which application threads were stopped: 0.1751110 seconds, Stopping threads took: 0.0003320 seconds
136.717: Application time: 0.0402450 seconds
136.717: [GC136.717: [DefNew: 58240K->7232K(65472K), 0.0116080 secs] 142118K->91383K(210744K), 0.0116520 secs] [Times: user=0.01 sys=0.00, real=0.01 secs] 
136.729: Total time for which application threads were stopped: 0.0118980 seconds, Stopping threads took: 0.0001260 seconds
136.764: Application time: 0.0348670 seconds
136.764: [GC136.764: [DefNew: 65472K->7232K(65472K), 0.0271710 secs] 149623K->107882K(210744K), 0.0272130 secs] [Times: user=0.03 sys=0.00, real=0.03 secs] 
136.791: Total time for which application threads were stopped: 0.0274070 seconds, Stopping threads took: 0.0001090 seconds
136.826: Application time: 0.0348990 seconds
136.826: [GC136.826: [DefNew: 65472K->7231K(65472K), 0.0335800 secs] 166122K->121184K(210744K), 0.0336250 secs] [Times: user=0.03 sys=0.00, real=0.03 secs] 
136.860: Total time for which application threads were stopped: 0.0339120 seconds, Stopping threads took: 0.0001990 seconds
136.890: Application time: 0.0300260 seconds
136.890: [GC136.890: [DefNew: 65471K->977K(65472K), 0.0115760 secs] 179424K->121792K(210744K), 0.0116200 secs] [Times: user=0.02 sys=0.00, real=0.01 secs] 
136.902: Total time for which application threads were stopped: 0.0118670 seconds, Stopping threads took: 0.0001410 seconds
136.926: Application time: 0.0241430 seconds
136.927: [GC136.927: [DefNew: 59217K->1193K(65472K), 0.0023030 secs] 180032K->122009K(210744K), 0.0023320 secs] [Times: user=0.00 sys=0.00, real=0.00 secs] 
136.929: Total time for which application threads were stopped: 0.0027870 seconds, Stopping threads took: 0.0003610 seconds
136.950: Application time: 0.0212540 seconds
136.950: [GC136.950: [DefNew: 59433K->1235K(65472K), 0.0016540 secs] 180249K->122051K(210744K), 0.0016830 secs] [Times: user=0.00 sys=0.00, real=0.00 secs] 
136.952: Total time for which application threads were stopped: 0.0019710 seconds, Stopping threads took: 0.0001960 seconds
136.973: Application time: 0.0211570 seconds
136.973: [GC136.973: [DefNew: 59475K->1241K(65472K), 0.0015800 secs] 180291K->122056K(210744K), 0.0016080 secs] [Times: user=0.00 sys=0.00, real=0.00 secs] 
136.975: Total time for which application threads were stopped: 0.0017950 seconds, Stopping threads took: 0.0001130 seconds
136.995: Application time: 0.0195230 seconds
136.995: [GC136.995: [DefNew: 59481K->1422K(65472K), 0.0019470 secs] 180296K->122238K(210744K), 0.0019810 secs] [Times: user=0.00 sys=0.00, real=0.00 secs] 
136.997: Total time for which application threads were stopped: 0.0021870 seconds, Stopping threads took: 0.0001290 seconds
137.014: Application time: 0.0176680 seconds
137.015: [GC137.015: [DefNew: 59662K->1411K(65472K), 0.0018710 secs] 180478K->122227K(210744K), 0.0019050 secs] [Times: user=0.00 sys=0.00, real=0.00 secs] 
137.017: Total time for which application threads were stopped: 0.0021330 seconds, Stopping threads took: 0.0001330 seconds
137.034: Application time: 0.0174900 seconds
137.037: [GC137.037: [DefNew: 59651K->1396K(65472K), 0.0018370 secs] 180467K->122211K(210744K), 0.0018680 secs] [Times: user=0.00 sys=0.00, real=0.00 secs] 
137.039: Total time for which application threads were stopped: 0.0044910 seconds, Stopping threads took: 0.0025490 seconds
137.056: Application time: 0.0176480 seconds
137.056: [GC137.056: [DefNew: 59636K->1412K(65472K), 0.0018430 secs] 180451K->122227K(210744K), 0.0018810 secs] [Times: user=0.00 sys=0.01, real=0.00 secs] 
137.058: Total time for which application threads were stopped: 0.0021190 seconds, Stopping threads took: 0.0001640 seconds
137.076: Application time: 0.0179860 seconds
137.076: [GC137.077: [DefNew: 59652K->4991K(65472K), 0.0042080 secs] 180467K->125807K(210744K), 0.0042500 secs] [Times: user=0.00 sys=0.00, real=0.00 secs] 
137.081: Total time for which application threads were stopped: 0.0044470 seconds, Stopping threads took: 0.0001030 seconds
137.103: Application time: 0.0225740 seconds
137.104: [GC137.104: [DefNew: 63231K->7232K(65472K), 0.0399180 secs]137.143: [Tenured: 149259K->64070K(149304K), 0.1005770 secs] 184047K->64070K(214776K), [Perm : 8869K->8869K(21248K)], 0.1407450 secs] [Times: user=0.14 sys=0.00, real=0.14 secs] 
137.244: Total time for which application threads were stopped: 0.1409430 seconds, Stopping threads took: 0.0001090 seconds
137.283: Application time: 0.0385420 seconds
137.283: [GC137.283: [DefNew: 58240K->7232K(65472K), 0.0273440 secs] 122310K->82264K(210744K), 0.0273840 secs] [Times: user=0.03 sys=0.00, real=0.03 secs] 
137.310: Total time for which application threads were stopped: 0.0275670 seconds, Stopping threads took: 0.0000850 seconds
137.347: Application time: 0.0362710 seconds
137.347: [GC137.347: [DefNew: 65472K->7231K(65472K), 0.0203300 secs] 140504K->91972K(210744K), 0.0203750 secs] [Times: user=0.02 sys=0.00, real=0.02 secs] 
137.367: Total time for which application threads were stopped: 0.0205750 seconds, Stopping threads took: 0.0001130 seconds
137.402: Application time: 0.0351590 seconds
137.403: [GC137.403: [DefNew: 65471K->7231K(65472K), 0.0275750 secs] 150212K->109437K(210744K), 0.0276190 secs] [Times: user=0.03 sys=0.00, real=0.03 secs] 
137.430: Total time for which application threads were stopped: 0.0277770 seconds, Stopping threads took: 0.0000690 seconds
137.463: Application time: 0.0332230 seconds
137.464: [GC137.464: [DefNew: 65471K->6350K(65472K), 0.0188630 secs] 167677K->115193K(210744K), 0.0189070 secs] [Times: user=0.01 sys=0.00, real=0.02 secs] 
137.483: Total time for which application threads were stopped: 0.0191000 seconds, Stopping threads took: 0.0001040 seconds
137.512: Application time: 0.0290400 seconds
137.512: [GC137.512: [DefNew: 64590K->1145K(65472K), 0.0064230 secs] 173433K->115396K(210744K), 0.0064680 secs] [Times: user=0.00 sys=0.00, real=0.01 secs] 
137.518: Total time for which application threads were stopped: 0.0067680 seconds, Stopping threads took: 0.0001950 seconds
137.541: Application time: 0.0222110 seconds
137.541: [GC137.541: [DefNew: 59385K->1176K(65472K), 0.0019280 secs] 173636K->115427K(210744K), 0.0019570 secs] [Times: user=0.00 sys=0.00, real=0.00 secs] 
137.543: Total time for which application threads were stopped: 0.0023020 seconds, Stopping threads took: 0.0002540 seconds
137.564: Application time: 0.0214360 seconds
137.564: [GC137.564: [DefNew: 59416K->1188K(65472K), 0.0016610 secs] 173667K->115440K(210744K), 0.0016930 secs] [Times: user=0.01 sys=0.00, real=0.00 secs] 
137.566: Total time for which application threads were stopped: 0.0018990 seconds, Stopping threads took: 0.0001250 seconds
137.587: Application time: 0.0211120 seconds
137.588: [GC137.588: [DefNew: 59428K->1238K(65472K), 0.0013980 secs] 173680K->115490K(210744K), 0.0014270 secs] [Times: user=0.00 sys=0.00, real=0.00 secs] 
137.589: Total time for which application threads were stopped: 0.0017840 seconds, Stopping threads took: 0.0002640 seconds
137.608: Application time: 0.0185510 seconds
137.608: [GC137.608: [DefNew: 59478K->1370K(65472K), 0.0018980 secs] 173730K->115622K(210744K), 0.0019280 secs] [Times: user=0.01 sys=0.00, real=0.00 secs] 
137.610: Total time for which application threads were stopped: 0.0021870 seconds, Stopping threads took: 0.0001660 seconds
137.627: Application time: 0.0176340 seconds
137.628: [GC137.628: [DefNew: 59610K->1387K(65472K), 0.0016940 secs] 173862K->115639K(210744K), 0.0017240 secs] [Times: user=0.00 sys=0.00, real=0.00 secs] 
137.629: Total time for which application threads were stopped: 0.0019570 seconds, Stopping threads took: 0.0001340 seconds
137.647: Application time: 0.0178150 seconds
137.647: [GC137.647: [DefNew: 59627K->1365K(65472K), 0.0016800 secs] 173879K->115616K(210744K), 0.0017100 secs] [Times: user=0.00 sys=0.00, real=0.00 secs] 
137.649: Total time for which application threads were stopped: 0.0018430 seconds, Stopping threads took: 0.0000580 seconds
137.667: Application time: 0.0177250 seconds
137.667: [GC137.667: [DefNew: 59605K->2238K(65472K), 0.0021190 secs] 173856K->116489K(210744K), 0.0021510 secs] [Times: user=0.01 sys=0.00, real=0.00 secs] 
137.669: Total time for which application threads were stopped: 0.0023990 seconds, Stopping threads took: 0.0001410 seconds
137.688: Application time: 0.0185890 seconds
137.688: [GC137.688: [DefNew: 60478K->7231K(65472K), 0.0111190 secs] 174729K->126386K(210744K), 0.0111640 secs] [Times: user=0.01 sys=0.00, real=0.01 secs] 
137.699: Total time for which application threads were stopped: 0.0114060 seconds, Stopping threads took: 0.0001540 seconds
137.726: Application time: 0.0270360 seconds
137.726: [GC137.727: [DefNew: 65471K->7231K(65472K), 0.0490620 secs]137.776: [Tenured: 150711K->71991K(150840K), 0.1099410 secs] 184626K->71991K(216312K), [Perm : 8869K->8869K(21248K)], 0.1592600 secs] [Times: user=0.16 sys=0.00, real=0.16 secs] 
137.886: Total time for which application threads were stopped: 0.1595180 seconds, Stopping threads took: 0.0001770 seconds
137.926: Application time: 0.0407240 seconds
137.927: [GC137.927: [DefNew: 58240K->7231K(65472K), 0.0158790 secs] 130231K->83658K(210744K), 0.0159250 secs] [Times: user=0.02 sys=0.00, real=0.01 secs] 
137.943: Total time for which application threads were stopped: 0.0161690 seconds, Stopping threads took: 0.0001420 seconds
137.977: Application time: 0.0340230 seconds
137.977: [GC137.977: [DefNew: 65471K->7231K(65472K), 0.0262350 secs] 141898K->98291K(210744K), 0.0262800 secs] [Times: user=0.03 sys=0.00, real=0.02 secs] 
138.003: Total time for which application threads were stopped: 0.0264890 seconds, Stopping threads took: 0.0001240 seconds
138.040: Application time: 0.0365710 seconds
138.040: [GC138.040: [DefNew: 65471K->7232K(65472K), 0.0292870 secs] 156531K->111524K(210744K), 0.0293310 secs] [Times: user=0.03 sys=0.00, real=0.03 secs] 
138.069: Total time for which application threads were stopped: 0.0295800 seconds, Stopping threads took: 0.0001430 seconds
138.100: Application time: 0.0310540 seconds
138.101: [GC138.101: [DefNew: 65472K->1079K(65472K), 0.0099240 secs] 169764K->112365K(210744K), 0.0099690 secs] [Times: user=0.01 sys=0.00, real=0.01 secs] 
138.111: Total time for which application threads were stopped: 0.0101960 seconds, Stopping threads took: 0.0001390 seconds
138.137: Application time: 0.0266430 seconds
138.137: [GC138.137: [DefNew: 59319K->1205K(65472K), 0.0017280 secs] 170605K->112491K(210744K), 0.0017550 secs] [Times: user=0.00 sys=0.00, real=0.00 secs] 
138.139: Total time for which application threads were stopped: 0.0019580 seconds, Stopping threads took: 0.0001300 seconds
138.161: Application time: 0.0215280 seconds
138.161: [GC138.161: [DefNew: 59445K->1247K(65472K), 0.0014400 secs] 170731K->112533K(210744K), 0.0014670 secs] [Times: user=0.00 sys=0.00, real=0.00 secs] 
138.162: Total time for which application threads were stopped: 0.0016930 seconds, Stopping threads took: 0.0001530 seconds
138.184: Application time: 0.0212060 seconds
138.184: [GC138.184: [DefNew: 59487K->1247K(65472K), 0.0017350 secs] 170773K->112533K(210744K), 0.0017640 secs] [Times: user=0.00 sys=0.00, real=0.01 secs] 
138.186: Total time for which application threads were stopped: 0.0020370 seconds, Stopping threads took: 0.0001800 seconds
138.206: Application time: 0.0205200 seconds
138.206: [GC138.206: [DefNew: 59487K->1339K(65472K), 0.0018930 secs] 170773K->112625K(210744K), 0.0019260 secs] [Times: user=0.00 sys=0.00, real=0.00 secs] 
138.208: Total time for which application threads were stopped: 0.0021360 seconds, Stopping threads took: 0.0001320 seconds
138.226: Application time: 0.0181320 seconds
138.227: [GC138.227: [DefNew: 59579K->1406K(65472K), 0.0015830 secs] 170865K->112692K(210744K), 0.0016120 secs] [Times: user=0.00 sys=0.00, real=0.00 secs] 
138.228: Total time for which application threads were stopped: 0.0018190 seconds, Stopping threads took: 0.0001300 seconds
138.246: Application time: 0.0176780 seconds
138.246: [GC138.246: [DefNew: 59646K->1424K(65472K), 0.0015460 secs] 170932K->112710K(210744K), 0.0015740 secs] [Times: user=0.00 sys=0.00, real=0.00 secs] 
138.248: Total time for which application threads were stopped: 0.0017620 seconds, Stopping threads took: 0.0001100 seconds
138.265: Application time: 0.0177220 seconds
138.266: [GC138.266: [DefNew: 59664K->1427K(65472K), 0.0018970 secs] 170950K->112713K(210744K), 0.0019340 secs] [Times: user=0.00 sys=0.00, real=0.00 secs] 
138.268: Total time for which application threads were stopped: 0.0021050 seconds, Stopping threads took: 0.0000980 seconds
138.285: Application time: 0.0179340 seconds
138.286: [GC138.286: [DefNew: 59667K->4999K(65472K), 0.0043240 secs] 170953K->116285K(210744K), 0.0043580 secs] [Times: user=0.00 sys=0.00, real=0.00 secs] 
138.290: Total time for which application threads were stopped: 0.0045110 seconds, Stopping threads took: 0.0000720 seconds
138.310: Application time: 0.0199980 seconds
138.310: [GC138.310: [DefNew: 63239K->7232K(65472K), 0.0221840 secs] 174525K->135410K(210744K), 0.0222270 secs] [Times: user=0.02 sys=0.00, real=0.03 secs] 
138.332: Total time for which application threads were stopped: 0.0224630 seconds, Stopping threads took: 0.0001380 seconds
138.364: Application time: 0.0313600 seconds
138.364: [GC138.364: [DefNew: 65472K->7232K(65472K), 0.0444520 secs]138.409: [Tenured: 152403K->76454K(152568K), 0.1205490 secs] 193650K->76454K(218040K), [Perm : 8869K->8869K(21248K)], 0.1653080 secs] [Times: user=0.16 sys=0.00, real=0.17 secs] 
138.529: Total time for which application threads were stopped: 0.1656050 seconds, Stopping threads took: 0.0001950 seconds
138.570: Application time: 0.0405430 seconds
138.570: [GC138.570: [DefNew: 58240K->7231K(65472K), 0.0137200 secs] 134694K->87176K(210744K), 0.0137640 secs] [Times: user=0.01 sys=0.00, real=0.01 secs] 
138.584: Total time for which application threads were stopped: 0.0139370 seconds, Stopping threads took: 0.0000730 seconds
138.618: Application time: 0.0339340 seconds
138.618: [GC138.618: [DefNew: 65471K->7231K(65472K), 0.0364520 secs] 145416K->105708K(210744K), 0.0364980 secs] [Times: user=0.04 sys=0.00, real=0.04 secs] 
138.655: Total time for which application threads were stopped: 0.0367390 seconds, Stopping threads took: 0.0001380 seconds
138.691: Application time: 0.0360060 seconds
138.691: [GC138.691: [DefNew: 65471K->7231K(65472K), 0.0292420 secs] 163948K->118436K(210744K), 0.0292900 secs] [Times: user=0.03 sys=0.00, real=0.03 secs] 
138.720: Total time for which application threads were stopped: 0.0296550 seconds, Stopping threads took: 0.0002580 seconds
138.750: Application time: 0.0293880 seconds
138.753: [GC138.753: [DefNew: 65471K->1031K(65472K), 0.0109530 secs] 176676K->119117K(210744K), 0.0109970 secs] [Times: user=0.01 sys=0.00, real=0.00 secs] 
138.764: Total time for which application threads were stopped: 0.0141150 seconds, Stopping threads took: 0.0030060 seconds
138.789: Application time: 0.0248260 seconds
138.789: [GC138.789: [DefNew: 59271K->1204K(65472K), 0.0021020 secs] 177357K->119290K(210744K), 0.0021340 secs] [Times: user=0.00 sys=0.00, real=0.00 secs] 
138.791: Total time for which application threads were stopped: 0.0023840 seconds, Stopping threads took: 0.0001550 seconds
138.812: Application time: 0.0214760 seconds
138.813: [GC138.813: [DefNew: 59444K->1207K(65472K), 0.0016530 secs] 177530K->119293K(210744K), 0.0016820 secs] [Times: user=0.00 sys=0.00, real=0.00 secs] 
138.814: Total time for which application threads were stopped: 0.0019900 seconds, Stopping threads took: 0.0002160 seconds
138.836: Application time: 0.0210830 seconds
138.836: [GC138.836: [DefNew: 59447K->1242K(65472K), 0.0013940 secs] 177533K->119328K(210744K), 0.0014220 secs] [Times: user=0.00 sys=0.00, real=0.00 secs] 
138.837: Total time for which application threads were stopped: 0.0017160 seconds, Stopping threads took: 0.0002030 seconds
138.857: Application time: 0.0196460 seconds
138.857: [GC138.857: [DefNew: 59482K->1379K(65472K), 0.0018600 secs] 177568K->119465K(210744K), 0.0018890 secs] [Times: user=0.00 sys=0.00, real=0.00 secs] 
138.859: Total time for which application threads were stopped: 0.0022790 seconds, Stopping threads took: 0.0002970 seconds
138.877: Application time: 0.0177370 seconds
138.877: [GC138.877: [DefNew: 59619K->1393K(65472K), 0.0017000 secs] 177705K->119479K(210744K), 0.0017430 secs] [Times: user=0.01 sys=0.00, real=0.00 secs] 
138.879: Total time for which application threads were stopped: 0.0020180 seconds, Stopping threads took: 0.0001980 seconds
138.897: Application time: 0.0176670 seconds
138.897: [GC138.897: [DefNew: 59633K->1392K(65472K), 0.0015130 secs] 177719K->119478K(210744K), 0.0015460 secs] [Times: user=0.00 sys=0.00, real=0.00 secs] 
138.898: Total time for which application threads were stopped: 0.0017520 seconds, Stopping threads took: 0.0001300 seconds
138.916: Application time: 0.0177630 seconds
138.916: [GC138.916: [DefNew: 59632K->3551K(65472K), 0.0032130 secs] 177718K->121637K(210744K), 0.0032470 secs] [Times: user=0.00 sys=0.00, real=0.00 secs] 
138.920: Total time for which application threads were stopped: 0.0034480 seconds, Stopping threads took: 0.0001220 seconds
138.938: Application time: 0.0185770 seconds
138.938: [GC138.938: [DefNew: 61791K->7231K(65472K), 0.0080690 secs] 179877K->127203K(210744K), 0.0081100 secs] [Times: user=0.01 sys=0.00, real=0.01 secs] 
138.946: Total time for which application threads were stopped: 0.0083010 seconds, Stopping threads took: 0.0001030 seconds
138.969: Application time: 0.0229740 seconds
138.970: [GC138.970: [DefNew: 65471K->7232K(65472K), 0.0350940 secs]139.005: [Tenured: 145798K->75099K(145848K), 0.1092150 secs] 185443K->75099K(211320K), [Perm : 8869K->8869K(21248K)], 0.1444070 secs] [Times: user=0.15 sys=0.00, real=0.15 secs] 
139.114: Total time for which application threads were stopped: 0.1445820 seconds, Stopping threads took: 0.0000930 seconds
139.150: Application time: 0.0364260 seconds
139.151: [GC139.151: [DefNew: 58240K->7232K(65472K), 0.0314340 secs] 133339K->93953K(210744K), 0.0314790 secs] [Times: user=0.03 sys=0.00, real=0.03 secs] 
139.182: Total time for which application threads were stopped: 0.0317290 seconds, Stopping threads took: 0.0001500 seconds
139.220: Application time: 0.0374060 seconds
139.220: [GC139.220: [DefNew: 65472K->7231K(65472K), 0.0263760 secs] 152193K->103549K(210744K), 0.0264200 secs] [Times: user=0.03 sys=0.00, real=0.03 secs] 
139.246: Total time for which application threads were stopped: 0.0266650 seconds, Stopping threads took: 0.0001380 seconds
139.282: Application time: 0.0353850 seconds
139.282: [GC139.282: [DefNew: 65471K->7231K(65472K), 0.0294150 secs] 161789K->121175K(210744K), 0.0294610 secs] [Times: user=0.03 sys=0.00, real=0.03 secs] 
139.311: Total time for which application threads were stopped: 0.0297620 seconds, Stopping threads took: 0.0002130 seconds
139.344: Application time: 0.0326350 seconds
139.344: [GC139.344: [DefNew: 65471K->7232K(65472K), 0.0232420 secs] 179415K->128386K(210744K), 0.0232870 secs] [Times: user=0.02 sys=0.00, real=0.03 secs] 
139.368: Total time for which application threads were stopped: 0.0234990 seconds, Stopping threads took: 0.0001220 seconds
139.396: Application time: 0.0279500 seconds
139.396: [GC139.396: [DefNew: 65472K->966K(65472K), 0.0070150 secs] 186626K->128435K(210744K), 0.0070590 secs] [Times: user=0.01 sys=0.00, real=0.00 secs] 
139.403: Total time for which application threads were stopped: 0.0072640 seconds, Stopping threads took: 0.0001150 seconds
139.426: Application time: 0.0232640 seconds
139.426: [GC139.426: [DefNew: 59206K->1093K(65472K), 0.0015930 secs] 186675K->128562K(210744K), 0.0016200 secs] [Times: user=0.00 sys=0.00, real=0.00 secs] 
139.428: Total time for which application threads were stopped: 0.0018140 seconds, Stopping threads took: 0.0001200 seconds
139.449: Application time: 0.0212690 seconds
139.449: [GC139.449: [DefNew: 59333K->1109K(65472K), 0.0012610 secs] 186802K->128578K(210744K), 0.0012870 secs] [Times: user=0.00 sys=0.00, real=0.00 secs] 
139.451: Total time for which application threads were stopped: 0.0014670 seconds, Stopping threads took: 0.0001080 seconds
139.471: Application time: 0.0205630 seconds
139.471: [GC139.471: [DefNew: 59349K->1131K(65472K), 0.0014690 secs] 186818K->128600K(210744K), 0.0015110 secs] [Times: user=0.01 sys=0.00, real=0.01 secs] 
139.473: Total time for which application threads were stopped: 0.0017220 seconds, Stopping threads took: 0.0001340 seconds
139.492: Application time: 0.0190530 seconds
139.492: [GC139.492: [DefNew: 59371K->1239K(65472K), 0.0017480 secs] 186840K->128708K(210744K), 0.0017770 secs] [Times: user=0.00 sys=0.00, real=0.01 secs] 
139.494: Total time for which application threads were stopped: 0.0020350 seconds, Stopping threads took: 0.0001840 seconds
139.512: Application time: 0.0178880 seconds
139.512: [GC139.512: [DefNew: 59479K->1243K(65472K), 0.0013750 secs] 186948K->128712K(210744K), 0.0014050 secs] [Times: user=0.00 sys=0.00, real=0.01 secs] 
139.514: Total time for which application threads were stopped: 0.0016430 seconds, Stopping threads took: 0.0001630 seconds
139.531: Application time: 0.0177100 seconds
139.531: [GC139.531: [DefNew: 59483K->1595K(65472K), 0.0017680 secs] 186952K->129064K(210744K), 0.0017970 secs] [Times: user=0.00 sys=0.00, real=0.01 secs] 
139.533: Total time for which application threads were stopped: 0.0019780 seconds, Stopping threads took: 0.0001050 seconds
139.552: Application time: 0.0183240 seconds
139.552: [GC139.552: [DefNew: 59835K->5647K(65472K), 0.0051590 secs] 187304K->133116K(210744K), 0.0051980 secs] [Times: user=0.00 sys=0.00, real=0.01 secs] 
139.557: Total time for which application threads were stopped: 0.0054000 seconds, Stopping threads took: 0.0001180 seconds
139.576: Application time: 0.0194920 seconds
139.577: [GC139.577: [DefNew: 63887K->7232K(65472K), 0.0161320 secs] 191356K->144983K(210744K), 0.0161760 secs] [Times: user=0.02 sys=0.00, real=0.02 secs] 
139.593: Total time for which application threads were stopped: 0.0164070 seconds, Stopping threads took: 0.0001450 seconds
139.620: Application time: 0.0267210 seconds
139.620: [GC139.620: [DefNew: 65472K->7232K(65472K), 0.0417020 secs]139.661: [Tenured: 162611K->75813K(162744K), 0.1176560 secs] 203223K->75813K(228216K), [Perm : 8869K->8869K(21248K)], 0.1599000 secs] [Times: user=0.16 sys=0.00, real=0.16 secs] 
139.780: Total time for which application threads were stopped: 0.1601110 seconds, Stopping threads took: 0.0001090 seconds
139.818: Application time: 0.0387880 seconds
139.819: [GC139.819: [DefNew: 58240K->7231K(65472K), 0.0190750 secs] 134053K->90374K(210744K), 0.0191170 secs] [Times: user=0.02 sys=0.00, real=0.02 secs] 
139.838: Total time for which application threads were stopped: 0.0193740 seconds, Stopping threads took: 0.0001610 seconds
139.873: Application time: 0.0353150 seconds
139.873: [GC139.873: [DefNew: 65471K->7232K(65472K), 0.0278820 secs] 148614K->104978K(210744K), 0.0279270 secs] [Times: user=0.03 sys=0.00, real=0.02 secs] 
139.901: Total time for which application threads were stopped: 0.0280960 seconds, Stopping threads took: 0.0000640 seconds
139.935: Application time: 0.0342320 seconds
139.936: [GC139.936: [DefNew: 65472K->7231K(65472K), 0.0245520 secs] 163218K->117025K(210744K), 0.0245980 secs] [Times: user=0.02 sys=0.00, real=0.02 secs] 
139.960: Total time for which application threads were stopped: 0.0247630 seconds, Stopping threads took: 0.0000750 seconds
139.991: Application time: 0.0309180 seconds
139.991: [GC139.991: [DefNew: 65471K->3441K(65472K), 0.0162030 secs] 175265K->120253K(210744K), 0.0162480 secs] [Times: user=0.02 sys=0.00, real=0.02 secs] 
140.008: Total time for which application threads were stopped: 0.0164420 seconds, Stopping threads took: 0.0001050 seconds
140.034: Application time: 0.0263640 seconds
140.034: [GC140.034: [DefNew: 61681K->3446K(65472K), 0.0031150 secs] 178493K->120258K(210744K), 0.0031530 secs] [Times: user=0.00 sys=0.00, real=0.00 secs] 
140.037: Total time for which application threads were stopped: 0.0034110 seconds, Stopping threads took: 0.0001770 seconds
140.060: Application time: 0.0222280 seconds
140.060: [GC140.060: [DefNew: 61686K->3545K(65472K), 0.0040270 secs] 178498K->120357K(210744K), 0.0040630 secs] [Times: user=0.00 sys=0.00, real=0.00 secs] 
140.064: Total time for which application threads were stopped: 0.0043170 seconds, Stopping threads took: 0.0001720 seconds
140.085: Application time: 0.0209860 seconds
140.085: [GC140.085: [DefNew: 61785K->3565K(65472K), 0.0032940 secs] 178597K->120376K(210744K), 0.0033500 secs] [Times: user=0.00 sys=0.00, real=0.00 secs] 
140.088: Total time for which application threads were stopped: 0.0035460 seconds, Stopping threads took: 0.0001140 seconds
140.109: Application time: 0.0201000 seconds
140.109: [GC140.109: [DefNew: 61805K->3616K(65472K), 0.0034570 secs] 178616K->120428K(210744K), 0.0034960 secs] [Times: user=0.01 sys=0.01, real=0.00 secs] 
140.112: Total time for which application threads were stopped: 0.0036980 seconds, Stopping threads took: 0.0001180 seconds
140.131: Application time: 0.0186700 seconds
140.131: [GC140.131: [DefNew: 61856K->1245K(65472K), 0.0033260 secs] 178668K->120524K(210744K), 0.0033620 secs] [Times: user=0.00 sys=0.00, real=0.01 secs] 
140.135: Total time for which application threads were stopped: 0.0035550 seconds, Stopping threads took: 0.0001090 seconds
140.152: Application time: 0.0178790 seconds
140.153: [GC140.153: [DefNew: 59485K->1255K(65472K), 0.0014140 secs] 178764K->120534K(210744K), 0.0014420 secs] [Times: user=0.00 sys=0.00, real=0.00 secs] 
140.154: Total time for which application threads were stopped: 0.0015670 seconds, Stopping threads took: 0.0000460 seconds
140.172: Application time: 0.0179710 seconds
140.172: [GC140.172: [DefNew: 59495K->4995K(65472K), 0.0041570 secs] 178774K->124274K(210744K), 0.0041940 secs] [Times: user=0.01 sys=0.00, real=0.01 secs] 
140.176: Total time for which application threads were stopped: 0.0043600 seconds, Stopping threads took: 0.0000840 seconds
140.195: Application time: 0.0185940 seconds
140.195: [GC140.195: [DefNew: 63235K->5789K(65472K), 0.0095090 secs] 182514K->129287K(210744K), 0.0095520 secs] [Times: user=0.01 sys=0.00, real=0.01 secs] 
140.205: Total time for which application threads were stopped: 0.0097720 seconds, Stopping threads took: 0.0001320 seconds
140.226: Application time: 0.0214180 seconds
140.226: [GC140.226: [DefNew: 64029K->7231K(65472K), 0.0215530 secs] 187527K->143650K(210744K), 0.0215980 secs] [Times: user=0.02 sys=0.00, real=0.02 secs] 
140.248: Total time for which application threads were stopped: 0.0217980 seconds, Stopping threads took: 0.0000950 seconds
140.278: Application time: 0.0305520 seconds
140.279: [GC140.279: [DefNew: 65471K->7232K(65472K), 0.0391280 secs]140.318: [Tenured: 159206K->75878K(159288K), 0.1174450 secs] 201890K->75878K(224760K), [Perm : 8869K->8869K(21248K)], 0.1570420 secs] [Times: user=0.16 sys=0.00, real=0.16 secs] 
140.436: Total time for which application threads were stopped: 0.1572250 seconds, Stopping threads took: 0.0001010 seconds
140.474: Application time: 0.0380860 seconds
140.474: [GC140.474: [DefNew: 58240K->7231K(65472K), 0.0216670 secs] 134118K->88734K(210744K), 0.0217110 secs] [Times: user=0.03 sys=0.00, real=0.02 secs] 
140.496: Total time for which application threads were stopped: 0.0219510 seconds, Stopping threads took: 0.0001420 seconds
140.530: Application time: 0.0347360 seconds
140.531: [GC140.531: [DefNew: 65471K->7231K(65472K), 0.0280040 secs] 146974K->104086K(210744K), 0.0280470 secs] [Times: user=0.03 sys=0.00, real=0.03 secs] 
140.559: Total time for which application threads were stopped: 0.0282560 seconds, Stopping threads took: 0.0001230 seconds
140.593: Application time: 0.0339950 seconds
140.593: [GC140.593: [DefNew: 65471K->7231K(65472K), 0.0268650 secs] 162326K->115015K(210744K), 0.0269150 secs] [Times: user=0.03 sys=0.00, real=0.02 secs] 
140.620: Total time for which application threads were stopped: 0.0271480 seconds, Stopping threads took: 0.0001280 seconds
140.649: Application time: 0.0288360 seconds
140.649: [GC140.649: [DefNew: 65471K->1534K(65472K), 0.0109200 secs] 173255K->116181K(210744K), 0.0109610 secs] [Times: user=0.01 sys=0.00, real=0.01 secs] 
140.660: Total time for which application threads were stopped: 0.0113150 seconds, Stopping threads took: 0.0002480 seconds
140.685: Application time: 0.0249770 seconds
140.685: [GC140.685: [DefNew: 59774K->1340K(65472K), 0.0022300 secs] 174421K->115988K(210744K), 0.0022700 secs] [Times: user=0.00 sys=0.00, real=0.00 secs] 
140.688: Total time for which application threads were stopped: 0.0025840 seconds, Stopping threads took: 0.0002200 seconds
140.709: Application time: 0.0215460 seconds
140.710: [GC140.710: [DefNew: 59580K->1353K(65472K), 0.0019420 secs] 174228K->116001K(210744K), 0.0019720 secs] [Times: user=0.00 sys=0.00, real=0.00 secs] 
140.712: Total time for which application threads were stopped: 0.0023890 seconds, Stopping threads took: 0.0003220 seconds
140.732: Application time: 0.0206820 seconds
140.732: [GC140.732: [DefNew: 59593K->1398K(65472K), 0.0019310 secs] 174241K->116046K(210744K), 0.0019650 secs] [Times: user=0.01 sys=0.00, real=0.01 secs] 
140.734: Total time for which application threads were stopped: 0.0021510 seconds, Stopping threads took: 0.0001080 seconds
140.754: Application time: 0.0196580 seconds
140.754: [GC140.754: [DefNew: 59638K->1444K(65472K), 0.0019700 secs] 174286K->116091K(210744K), 0.0020030 secs] [Times: user=0.01 sys=0.00, real=0.00 secs] 
140.756: Total time for which application threads were stopped: 0.0022950 seconds, Stopping threads took: 0.0001970 seconds
140.775: Application time: 0.0188670 seconds
140.775: [GC140.775: [DefNew: 59684K->1523K(65472K), 0.0020760 secs] 174331K->116171K(210744K), 0.0021090 secs] [Times: user=0.00 sys=0.00, real=0.00 secs] 
140.778: Total time for which application threads were stopped: 0.0023110 seconds, Stopping threads took: 0.0001240 seconds
140.795: Application time: 0.0179780 seconds
140.796: [GC140.796: [DefNew: 59763K->3931K(65472K), 0.0032310 secs] 174411K->118579K(210744K), 0.0032690 secs] [Times: user=0.00 sys=0.00, real=0.00 secs] 
140.799: Total time for which application threads were stopped: 0.0036300 seconds, Stopping threads took: 0.0002570 seconds
140.818: Application time: 0.0185170 seconds
140.818: [GC140.818: [DefNew: 62171K->5986K(65472K), 0.0069770 secs] 176819K->121173K(210744K), 0.0070180 secs] [Times: user=0.01 sys=0.00, real=0.01 secs] 
140.825: Total time for which application threads were stopped: 0.0072590 seconds, Stopping threads took: 0.0001530 seconds
140.845: Application time: 0.0196770 seconds
140.845: [GC140.845: [DefNew: 64226K->7232K(65472K), 0.0156650 secs] 179413K->130697K(210744K), 0.0157090 secs] [Times: user=0.02 sys=0.00, real=0.01 secs] 
140.861: Total time for which application threads were stopped: 0.0159440 seconds, Stopping threads took: 0.0001480 seconds
140.884: Application time: 0.0231080 seconds
140.884: [GC140.884: [DefNew: 65472K->7232K(65472K), 0.0269310 secs] 188937K->148440K(210744K), 0.0269740 secs] [Times: user=0.03 sys=0.00, real=0.03 secs] 
140.911: Total time for which application threads were stopped: 0.0271780 seconds, Stopping threads took: 0.0001170 seconds
140.944: Application time: 0.0333340 seconds
140.944: [GC140.944: [DefNew: 65472K->7232K(65472K), 0.0376210 secs]140.982: [Tenured: 161527K->78038K(161592K), 0.1221740 secs] 206680K->78038K(227064K), [Perm : 8869K->8869K(21248K)], 0.1603310 secs] [Times: user=0.15 sys=0.01, real=0.17 secs] 
141.105: Total time for which application threads were stopped: 0.1605460 seconds, Stopping threads took: 0.0001140 seconds
141.143: Application time: 0.0384620 seconds
141.143: [GC141.143: [DefNew: 58240K->7231K(65472K), 0.0172110 secs] 136278K->91111K(210744K), 0.0172520 secs] [Times: user=0.01 sys=0.00, real=0.02 secs] 
141.161: Total time for which application threads were stopped: 0.0175190 seconds, Stopping threads took: 0.0001560 seconds
141.195: Application time: 0.0340520 seconds
141.195: [GC141.195: [DefNew: 65471K->7232K(65472K), 0.0300230 secs] 149351K->109579K(210744K), 0.0300690 secs] [Times: user=0.03 sys=0.00, real=0.03 secs] 
141.225: Total time for which application threads were stopped: 0.0302330 seconds, Stopping threads took: 0.0000740 seconds
141.257: Application time: 0.0323590 seconds
141.258: [GC141.258: [DefNew: 65472K->7232K(65472K), 0.0170260 secs] 167819K->114714K(210744K), 0.0170700 secs] [Times: user=0.02 sys=0.00, real=0.02 secs] 
141.275: Total time for which application threads were stopped: 0.0173450 seconds, Stopping threads took: 0.0001680 seconds
141.302: Application time: 0.0270410 seconds
141.302: [GC141.302: [DefNew: 65472K->1100K(65472K), 0.0084230 secs] 172954K->114952K(210744K), 0.0084670 secs] [Times: user=0.00 sys=0.00, real=0.01 secs] 
141.310: Total time for which application threads were stopped: 0.0087450 seconds, Stopping threads took: 0.0001700 seconds
141.335: Application time: 0.0241580 seconds
141.335: [GC141.335: [DefNew: 59340K->1027K(65472K), 0.0018090 secs] 173192K->114879K(210744K), 0.0018430 secs] [Times: user=0.00 sys=0.00, real=0.00 secs] 
141.337: Total time for which application threads were stopped: 0.0021480 seconds, Stopping threads took: 0.0002300 seconds
141.358: Application time: 0.0211390 seconds
141.358: [GC141.358: [DefNew: 59267K->1067K(65472K), 0.0016450 secs] 173119K->114919K(210744K), 0.0016790 secs] [Times: user=0.00 sys=0.00, real=0.00 secs] 
141.360: Total time for which application threads were stopped: 0.0019950 seconds, Stopping threads took: 0.0002220 seconds
141.380: Application time: 0.0205470 seconds
141.381: [GC141.381: [DefNew: 59307K->1146K(65472K), 0.0016170 secs] 173159K->114998K(210744K), 0.0016450 secs] [Times: user=0.00 sys=0.00, real=0.00 secs] 
141.382: Total time for which application threads were stopped: 0.0018690 seconds, Stopping threads took: 0.0001320 seconds
141.402: Application time: 0.0195500 seconds
141.402: [GC141.402: [DefNew: 59386K->1187K(65472K), 0.0015280 secs] 173238K->115039K(210744K), 0.0015610 secs] [Times: user=0.00 sys=0.00, real=0.00 secs] 
141.404: Total time for which application threads were stopped: 0.0018230 seconds, Stopping threads took: 0.0001680 seconds
141.422: Application time: 0.0181260 seconds
141.422: [GC141.422: [DefNew: 59427K->3201K(65472K), 0.0025860 secs] 173279K->117053K(210744K), 0.0026190 secs] [Times: user=0.01 sys=0.00, real=0.01 secs] 
141.425: Total time for which application threads were stopped: 0.0027590 seconds, Stopping threads took: 0.0000580 seconds
141.443: Application time: 0.0183370 seconds
141.443: [GC141.443: [DefNew: 61441K->6098K(65472K), 0.0064210 secs] 175293K->119950K(210744K), 0.0064620 secs] [Times: user=0.01 sys=0.00, real=0.01 secs] 
141.450: Total time for which application threads were stopped: 0.0066100 seconds, Stopping threads took: 0.0000600 seconds
141.468: Application time: 0.0186280 seconds
141.468: [GC141.468: [DefNew: 64338K->5832K(65472K), 0.0070250 secs] 178190K->122307K(210744K), 0.0070680 secs] [Times: user=0.01 sys=0.00, real=0.01 secs] 
141.475: Total time for which application threads were stopped: 0.0073000 seconds, Stopping threads took: 0.0001440 seconds
141.496: Application time: 0.0209440 seconds
141.497: [GC141.497: [DefNew: 64072K->7232K(65472K), 0.0170750 secs] 180547K->134148K(210744K), 0.0171180 secs] [Times: user=0.02 sys=0.00, real=0.02 secs] 
141.514: Total time for which application threads were stopped: 0.0173790 seconds, Stopping threads took: 0.0001550 seconds
141.540: Application time: 0.0258300 seconds
141.540: [GC141.540: [DefNew: 65472K->7231K(65472K), 0.0305770 secs]141.571: [Tenured: 148207K->76295K(148344K), 0.1116240 secs] 192388K->76295K(213816K), [Perm : 8869K->8869K(21248K)], 0.1423890 secs] [Times: user=0.14 sys=0.00, real=0.14 secs] 
141.682: Total time for which application threads were stopped: 0.1427490 seconds, Stopping threads took: 0.0002760 seconds
141.720: Application time: 0.0372530 seconds
141.720: [GC141.720: [DefNew: 58240K->7231K(65472K), 0.0208150 secs] 134535K->91903K(210744K), 0.0208580 secs] [Times: user=0.02 sys=0.00, real=0.02 secs] 
141.741: Total time for which application threads were stopped: 0.0212410 seconds, Stopping threads took: 0.0002720 seconds
141.777: Application time: 0.0357340 seconds
141.777: [GC141.777: [DefNew: 65471K->7231K(65472K), 0.0272390 secs] 150143K->103532K(210744K), 0.0272850 secs] [Times: user=0.03 sys=0.00, real=0.02 secs] 
141.804: Total time for which application threads were stopped: 0.0275020 seconds, Stopping threads took: 0.0001000 seconds
141.837: Application time: 0.0331500 seconds
141.837: [GC141.837: [DefNew: 65471K->7232K(65472K), 0.0286500 secs] 161772K->119282K(210744K), 0.0286950 secs] [Times: user=0.03 sys=0.00, real=0.03 secs] 
141.866: Total time for which application threads were stopped: 0.0289190 seconds, Stopping threads took: 0.0001180 seconds
141.897: Application time: 0.0306620 seconds
141.897: [GC141.897: [DefNew: 65472K->6822K(65472K), 0.0211260 secs] 177522K->125525K(210744K), 0.0211720 secs] [Times: user=0.02 sys=0.00, real=0.02 secs] 
141.918: Total time for which application threads were stopped: 0.0214920 seconds, Stopping threads took: 0.0002120 seconds
141.944: Application time: 0.0261230 seconds
141.945: [GC141.945: [DefNew: 65062K->853K(65472K), 0.0065560 secs] 183765K->125643K(210744K), 0.0066010 secs] [Times: user=0.00 sys=0.00, real=0.00 secs] 
141.951: Total time for which application threads were stopped: 0.0068830 seconds, Stopping threads took: 0.0001740 seconds
141.974: Application time: 0.0230130 seconds
141.975: [GC141.975: [DefNew: 59093K->946K(65472K), 0.0016660 secs] 183883K->125736K(210744K), 0.0016950 secs] [Times: user=0.00 sys=0.00, real=0.00 secs] 
141.976: Total time for which application threads were stopped: 0.0020330 seconds, Stopping threads took: 0.0002490 seconds
141.997: Application time: 0.0209900 seconds
141.998: [GC141.998: [DefNew: 59186K->972K(65472K), 0.0014690 secs] 183976K->125762K(210744K), 0.0014980 secs] [Times: user=0.00 sys=0.00, real=0.00 secs] 
141.999: Total time for which application threads were stopped: 0.0017300 seconds, Stopping threads took: 0.0001590 seconds
142.019: Application time: 0.0200060 seconds
142.019: [GC142.019: [DefNew: 59212K->1012K(65472K), 0.0015560 secs] 184002K->125801K(210744K), 0.0015880 secs] [Times: user=0.01 sys=0.00, real=0.00 secs] 
142.021: Total time for which application threads were stopped: 0.0018080 seconds, Stopping threads took: 0.0001440 seconds
142.040: Application time: 0.0192430 seconds
142.040: [GC142.040: [DefNew: 59252K->1069K(65472K), 0.0015050 secs] 184041K->125858K(210744K), 0.0015390 secs] [Times: user=0.00 sys=0.00, real=0.00 secs] 
142.042: Total time for which application threads were stopped: 0.0016990 seconds, Stopping threads took: 0.0000810 seconds
142.060: Application time: 0.0182870 seconds
142.060: [GC142.060: [DefNew: 59309K->4995K(65472K), 0.0043230 secs] 184098K->129785K(210744K), 0.0043590 secs] [Times: user=0.00 sys=0.00, real=0.01 secs] 
142.065: Total time for which application threads were stopped: 0.0045190 seconds, Stopping threads took: 0.0000770 seconds
142.083: Application time: 0.0184210 seconds
142.083: [GC142.083: [DefNew: 63235K->2617K(65472K), 0.0067560 secs] 188025K->131625K(210744K), 0.0067940 secs] [Times: user=0.00 sys=0.00, real=0.01 secs] 
142.090: Total time for which application threads were stopped: 0.0070200 seconds, Stopping threads took: 0.0001370 seconds
142.110: Application time: 0.0197420 seconds
142.110: [GC142.110: [DefNew: 60857K->7232K(65472K), 0.0066640 secs] 189865K->137856K(210744K), 0.0067050 secs] [Times: user=0.01 sys=0.00, real=0.01 secs] 
142.117: Total time for which application threads were stopped: 0.0068590 seconds, Stopping threads took: 0.0000650 seconds
142.138: Application time: 0.0215660 seconds
142.139: [GC142.139: [DefNew: 65472K->7231K(65472K), 0.0214420 secs] 196096K->149141K(210744K), 0.0214870 secs] [Times: user=0.02 sys=0.00, real=0.02 secs] 
142.160: Total time for which application threads were stopped: 0.0217150 seconds, Stopping threads took: 0.0001410 seconds
142.190: Application time: 0.0295650 seconds
142.190: [GC142.190: [DefNew: 65471K->7232K(65472K), 0.0454270 secs]142.235: [Tenured: 166307K->73526K(166392K), 0.1210660 secs] 207381K->73526K(231864K), [Perm : 8869K->8869K(21248K)], 0.1671290 secs] [Times: user=0.15 sys=0.02, real=0.17 secs] 
142.357: Total time for which application threads were stopped: 0.1673310 seconds, Stopping threads took: 0.0001220 seconds
142.394: Application time: 0.0374870 seconds
142.395: [GC142.395: [DefNew: 58240K->7231K(65472K), 0.0152670 secs] 131766K->86103K(210744K), 0.0153200 secs] [Times: user=0.02 sys=0.00, real=0.01 secs] 
142.410: Total time for which application threads were stopped: 0.0155370 seconds, Stopping threads took: 0.0001180 seconds
142.444: Application time: 0.0343970 seconds
142.445: [GC142.445: [DefNew: 65471K->7232K(65472K), 0.0248030 secs] 144343K->96821K(210744K), 0.0248470 secs] [Times: user=0.02 sys=0.00, real=0.02 secs] 
142.469: Total time for which application threads were stopped: 0.0250560 seconds, Stopping threads took: 0.0001220 seconds
142.501: Application time: 0.0319230 seconds
142.502: [GC142.502: [DefNew: 65472K->7231K(65472K), 0.0221550 secs] 155061K->106002K(210744K), 0.0221990 secs] [Times: user=0.02 sys=0.00, real=0.02 secs] 
142.524: Total time for which application threads were stopped: 0.0224020 seconds, Stopping threads took: 0.0001150 seconds
142.553: Application time: 0.0291980 seconds
142.553: [GC142.553: [DefNew: 65471K->3246K(65472K), 0.0136660 secs] 164242K->108817K(210744K), 0.0137090 secs] [Times: user=0.02 sys=0.00, real=0.01 secs] 
142.567: Total time for which application threads were stopped: 0.0140620 seconds, Stopping threads took: 0.0002450 seconds
142.592: Application time: 0.0250270 seconds
142.592: [GC142.592: [DefNew: 61486K->3295K(65472K), 0.0034680 secs] 167057K->108866K(210744K), 0.0035040 secs] [Times: user=0.00 sys=0.00, real=0.01 secs] 
142.596: Total time for which application threads were stopped: 0.0038410 seconds, Stopping threads took: 0.0002560 seconds
142.618: Application time: 0.0221620 seconds
142.618: [GC142.618: [DefNew: 61535K->3393K(65472K), 0.0028630 secs] 167106K->108964K(210744K), 0.0029000 secs] [Times: user=0.00 sys=0.00, real=0.00 secs] 
142.621: Total time for which application threads were stopped: 0.0031050 seconds, Stopping threads took: 0.0001240 seconds
142.642: Application time: 0.0205760 seconds
142.642: [GC142.642: [DefNew: 61633K->3461K(65472K), 0.0032660 secs] 167204K->109031K(210744K), 0.0033000 secs] [Times: user=0.00 sys=0.00, real=0.01 secs] 
142.645: Total time for which application threads were stopped: 0.0035120 seconds, Stopping threads took: 0.0001300 seconds
142.665: Application time: 0.0198380 seconds
142.665: [GC142.665: [DefNew: 61701K->3500K(65472K), 0.0032510 secs] 167271K->109070K(210744K), 0.0032870 secs] [Times: user=0.01 sys=0.00, real=0.00 secs] 
142.669: Total time for which application threads were stopped: 0.0034860 seconds, Stopping threads took: 0.0001170 seconds
142.688: Application time: 0.0190900 seconds
142.688: [GC142.688: [DefNew: 61740K->5794K(65472K), 0.0043990 secs] 167310K->111364K(210744K), 0.0044360 secs] [Times: user=0.01 sys=0.00, real=0.00 secs] 
142.692: Total time for which application threads were stopped: 0.0046180 seconds, Stopping threads took: 0.0000960 seconds
142.711: Application time: 0.0185260 seconds
142.711: [GC142.711: [DefNew: 64034K->5926K(65472K), 0.0088600 secs] 169604K->114090K(210744K), 0.0089050 secs] [Times: user=0.01 sys=0.00, real=0.01 secs] 
142.720: Total time for which application threads were stopped: 0.0091000 seconds, Stopping threads took: 0.0001050 seconds
142.739: Application time: 0.0188690 seconds
142.739: [GC142.739: [DefNew: 64166K->5779K(65472K), 0.0075710 secs] 172330K->116471K(210744K), 0.0076160 secs] [Times: user=0.01 sys=0.00, real=0.01 secs] 
142.747: Total time for which application threads were stopped: 0.0078220 seconds, Stopping threads took: 0.0001180 seconds
142.768: Application time: 0.0210850 seconds
142.768: [GC142.768: [DefNew: 64019K->7232K(65472K), 0.0137650 secs] 174711K->126754K(210744K), 0.0138090 secs] [Times: user=0.02 sys=0.00, real=0.01 secs] 
142.782: Total time for which application threads were stopped: 0.0139880 seconds, Stopping threads took: 0.0000800 seconds
142.804: Application time: 0.0227860 seconds
142.805: [GC142.805: [DefNew: 65472K->7231K(65472K), 0.0242550 secs] 184994K->139526K(210744K), 0.0242960 secs] [Times: user=0.03 sys=0.00, real=0.02 secs] 
142.829: Total time for which application threads were stopped: 0.0244880 seconds, Stopping threads took: 0.0001000 seconds
142.862: Application time: 0.0330590 seconds
142.862: [GC142.862: [DefNew: 65471K->7232K(65472K), 0.0445460 secs]142.907: [Tenured: 155958K->77394K(156024K), 0.1214110 secs] 197766K->77394K(221496K), [Perm : 8869K->8869K(21248K)], 0.1663680 secs] [Times: user=0.17 sys=0.00, real=0.17 secs] 
143.029: Total time for which application threads were stopped: 0.1666130 seconds, Stopping threads took: 0.0001620 seconds
143.066: Application time: 0.0371410 seconds
143.066: [GC143.066: [DefNew: 58240K->7231K(65472K), 0.0220910 secs] 135634K->90704K(210744K), 0.0221360 secs] [Times: user=0.02 sys=0.00, real=0.02 secs] 
143.088: Total time for which application threads were stopped: 0.0223620 seconds, Stopping threads took: 0.0001260 seconds
143.122: Application time: 0.0337380 seconds
143.122: [GC143.122: [DefNew: 65471K->7232K(65472K), 0.0295830 secs] 148944K->106907K(210744K), 0.0296310 secs] [Times: user=0.03 sys=0.00, real=0.03 secs] 
143.152: Total time for which application threads were stopped: 0.0298320 seconds, Stopping threads took: 0.0001150 seconds
143.184: Application time: 0.0324940 seconds
143.189: [GC143.189: [DefNew: 65472K->7231K(65472K), 0.0185280 secs] 165147K->115172K(210744K), 0.0185730 secs] [Times: user=0.02 sys=0.00, real=0.02 secs] 
143.207: Total time for which application threads were stopped: 0.0230530 seconds, Stopping threads took: 0.0043770 seconds
143.234: Application time: 0.0271640 seconds
143.235: [GC143.235: [DefNew: 65471K->924K(65472K), 0.0095150 secs] 173412K->115402K(210744K), 0.0095590 secs] [Times: user=0.01 sys=0.00, real=0.00 secs] 
143.244: Total time for which application threads were stopped: 0.0099600 seconds, Stopping threads took: 0.0002950 seconds
143.269: Application time: 0.0240850 seconds
143.269: [GC143.269: [DefNew: 59164K->1102K(65472K), 0.0017740 secs] 173642K->115579K(210744K), 0.0018060 secs] [Times: user=0.00 sys=0.00, real=0.00 secs] 
143.271: Total time for which application threads were stopped: 0.0021370 seconds, Stopping threads took: 0.0002530 seconds
143.292: Application time: 0.0211880 seconds
143.292: [GC143.292: [DefNew: 59342K->1089K(65472K), 0.0017760 secs] 173819K->115567K(210744K), 0.0018060 secs] [Times: user=0.01 sys=0.00, real=0.01 secs] 
143.294: Total time for which application threads were stopped: 0.0021740 seconds, Stopping threads took: 0.0002740 seconds
143.314: Application time: 0.0202630 seconds
143.315: [GC143.315: [DefNew: 59329K->1150K(65472K), 0.0016370 secs] 173807K->115628K(210744K), 0.0016660 secs] [Times: user=0.00 sys=0.00, real=0.00 secs] 
143.316: Total time for which application threads were stopped: 0.0019180 seconds, Stopping threads took: 0.0001780 seconds
143.336: Application time: 0.0194920 seconds
143.336: [GC143.336: [DefNew: 59390K->1682K(65472K), 0.0018160 secs] 173868K->116160K(210744K), 0.0018420 secs] [Times: user=0.01 sys=0.00, real=0.00 secs] 
143.338: Total time for which application threads were stopped: 0.0020080 seconds, Stopping threads took: 0.0000920 seconds
143.357: Application time: 0.0190630 seconds
143.357: [GC143.357: [DefNew: 59922K->5788K(65472K), 0.0061800 secs] 174400K->120266K(210744K), 0.0062200 secs] [Times: user=0.01 sys=0.00, real=0.00 secs] 
143.363: Total time for which application threads were stopped: 0.0064370 seconds, Stopping threads took: 0.0001350 seconds
143.382: Application time: 0.0185770 seconds
143.382: [GC143.382: [DefNew: 64028K->2041K(65472K), 0.0076710 secs] 178506K->121636K(210744K), 0.0077130 secs] [Times: user=0.01 sys=0.00, real=0.01 secs] 
143.390: Total time for which application threads were stopped: 0.0079600 seconds, Stopping threads took: 0.0001500 seconds
143.409: Application time: 0.0194050 seconds
143.409: [GC143.409: [DefNew: 60281K->4501K(65472K), 0.0035480 secs] 179876K->124096K(210744K), 0.0035870 secs] [Times: user=0.00 sys=0.00, real=0.01 secs] 
143.413: Total time for which application threads were stopped: 0.0038850 seconds, Stopping threads took: 0.0001930 seconds
143.434: Application time: 0.0213360 seconds
143.437: [GC143.437: [DefNew: 62741K->7232K(65472K), 0.0216920 secs] 182336K->136790K(210744K), 0.0217450 secs] [Times: user=0.02 sys=0.00, real=0.02 secs] 
143.459: Total time for which application threads were stopped: 0.0241930 seconds, Stopping threads took: 0.0023390 seconds
143.484: Application time: 0.0252220 seconds
143.484: [GC143.484: [DefNew: 65371K->7232K(65472K), 0.0330850 secs]143.517: [Tenured: 148509K->72146K(148536K), 0.1092540 secs] 194929K->72146K(214008K), [Perm : 8869K->8869K(21248K)], 0.1425380 secs] [Times: user=0.15 sys=0.00, real=0.15 secs] 
143.627: Total time for which application threads were stopped: 0.1427460 seconds, Stopping threads took: 0.0001160 seconds
143.661: Application time: 0.0344360 seconds
143.661: [GC143.661: [DefNew: 58240K->7231K(65472K), 0.0237310 secs] 130386K->89698K(210744K), 0.0237760 secs] [Times: user=0.03 sys=0.00, real=0.03 secs] 
143.685: Total time for which application threads were stopped: 0.0240550 seconds, Stopping threads took: 0.0001620 seconds
143.721: Application time: 0.0355980 seconds
143.721: [GC143.721: [DefNew: 65471K->7232K(65472K), 0.0205340 secs] 147938K->99755K(210744K), 0.0205830 secs] [Times: user=0.02 sys=0.00, real=0.02 secs] 
143.741: Total time for which application threads were stopped: 0.0207870 seconds, Stopping threads took: 0.0001170 seconds
143.774: Application time: 0.0329010 seconds
143.775: [GC143.775: [DefNew: 65472K->7232K(65472K), 0.0296980 secs] 157995K->113526K(210744K), 0.0297420 secs] [Times: user=0.03 sys=0.00, real=0.02 secs] 
143.804: Total time for which application threads were stopped: 0.0300720 seconds, Stopping threads took: 0.0002240 seconds
143.836: Application time: 0.0312060 seconds
143.837: [GC143.837: [DefNew: 65472K->7231K(65472K), 0.0166160 secs] 171766K->120366K(210744K), 0.0166600 secs] [Times: user=0.01 sys=0.00, real=0.02 secs] 
143.853: Total time for which application threads were stopped: 0.0178490 seconds, Stopping threads took: 0.0010810 seconds
143.879: Application time: 0.0253900 seconds
143.879: [GC143.879: [DefNew: 65471K->824K(65472K), 0.0069170 secs] 178606K->120395K(210744K), 0.0069630 secs] [Times: user=0.00 sys=0.00, real=0.01 secs] 
143.886: Total time for which application threads were stopped: 0.0071730 seconds, Stopping threads took: 0.0001220 seconds
143.910: Application time: 0.0237170 seconds
143.910: [GC143.910: [DefNew: 59064K->929K(65472K), 0.0017030 secs] 178635K->120501K(210744K), 0.0017320 secs] [Times: user=0.00 sys=0.00, real=0.00 secs] 
143.912: Total time for which application threads were stopped: 0.0020140 seconds, Stopping threads took: 0.0001900 seconds
143.933: Application time: 0.0210510 seconds
143.933: [GC143.933: [DefNew: 59169K->963K(65472K), 0.0014070 secs] 178741K->120535K(210744K), 0.0014370 secs] [Times: user=0.00 sys=0.00, real=0.00 secs] 
143.935: Total time for which application threads were stopped: 0.0017110 seconds, Stopping threads took: 0.0002010 seconds
143.954: Application time: 0.0199270 seconds
143.955: [GC143.955: [DefNew: 59203K->1021K(65472K), 0.0014020 secs] 178775K->120593K(210744K), 0.0014300 secs] [Times: user=0.01 sys=0.00, real=0.00 secs] 
143.956: Total time for which application threads were stopped: 0.0016470 seconds, Stopping threads took: 0.0001420 seconds
143.976: Application time: 0.0198420 seconds
143.976: [GC143.976: [DefNew: 59261K->5156K(65472K), 0.0042430 secs] 178833K->124727K(210744K), 0.0042840 secs] [Times: user=0.01 sys=0.00, real=0.00 secs] 
143.980: Total time for which application threads were stopped: 0.0045000 seconds, Stopping threads took: 0.0001150 seconds
144.000: Application time: 0.0191830 seconds
144.000: [GC144.000: [DefNew: 63396K->2577K(65472K), 0.0073870 secs] 182967K->126569K(210744K), 0.0074280 secs] [Times: user=0.01 sys=0.00, real=0.01 secs] 
144.007: Total time for which application threads were stopped: 0.0076430 seconds, Stopping threads took: 0.0001290 seconds
144.026: Application time: 0.0191610 seconds
144.027: [GC144.027: [DefNew: 60817K->2631K(65472K), 0.0026580 secs] 184809K->126623K(210744K), 0.0026980 secs] [Times: user=0.00 sys=0.00, real=0.00 secs] 
144.029: Total time for which application threads were stopped: 0.0028910 seconds, Stopping threads took: 0.0001130 seconds
144.049: Application time: 0.0195500 seconds
144.049: [GC144.049: [DefNew: 60871K->7231K(65472K), 0.0104780 secs] 184863K->135749K(210744K), 0.0105220 secs] [Times: user=0.01 sys=0.00, real=0.01 secs] 
144.060: Total time for which application threads were stopped: 0.0107440 seconds, Stopping threads took: 0.0001160 seconds
144.081: Application time: 0.0218190 seconds
144.082: [GC144.082: [DefNew: 65471K->7232K(65472K), 0.0187420 secs] 193989K->145617K(210744K), 0.0187840 secs] [Times: user=0.02 sys=0.00, real=0.02 secs] 
144.100: Total time for which application threads were stopped: 0.0189500 seconds, Stopping threads took: 0.0000780 seconds
144.129: Application time: 0.0285210 seconds
144.129: [GC144.129: [DefNew: 65472K->7231K(65472K), 0.0362200 secs]144.166: [Tenured: 160009K->75083K(160056K), 0.1109730 secs] 203857K->75083K(225528K), [Perm : 8869K->8869K(21248K)], 0.1476860 secs] [Times: user=0.15 sys=0.00, real=0.15 secs] 
144.277: Total time for which application threads were stopped: 0.1480550 seconds, Stopping threads took: 0.0002700 seconds
144.313: Application time: 0.0362850 seconds
144.314: [GC144.314: [DefNew: 58240K->7232K(65472K), 0.0170910 secs] 133323K->87249K(210744K), 0.0171380 secs] [Times: user=0.01 sys=0.00, real=0.01 secs] 
144.331: Total time for which application threads were stopped: 0.0174600 seconds, Stopping threads took: 0.0002060 seconds
144.365: Application time: 0.0338030 seconds
144.365: [GC144.365: [DefNew: 65472K->7232K(65472K), 0.0204280 secs] 145489K->95872K(210744K), 0.0204730 secs] [Times: user=0.02 sys=0.00, real=0.02 secs] 
144.385: Total time for which application threads were stopped: 0.0207360 seconds, Stopping threads took: 0.0001770 seconds
144.416: Application time: 0.0307030 seconds
144.416: [GC144.416: [DefNew: 65472K->7231K(65472K), 0.0190350 secs] 154112K->106111K(210744K), 0.0190800 secs] [Times: user=0.02 sys=0.00, real=0.02 secs] 
144.435: Total time for which application threads were stopped: 0.0193420 seconds, Stopping threads took: 0.0001640 seconds
144.465: Application time: 0.0301110 seconds
144.466: [GC144.466: [DefNew: 65471K->6685K(65472K), 0.0182000 secs] 164351K->112160K(210744K), 0.0182450 secs] [Times: user=0.02 sys=0.00, real=0.01 secs] 
144.484: Total time for which application threads were stopped: 0.0184360 seconds, Stopping threads took: 0.0001030 seconds
144.509: Application time: 0.0246760 seconds
144.509: [GC144.509: [DefNew: 64925K->766K(65472K), 0.0062270 secs] 170400K->112090K(210744K), 0.0062720 secs] [Times: user=0.01 sys=0.00, real=0.01 secs] 
144.515: Total time for which application threads were stopped: 0.0064880 seconds, Stopping threads took: 0.0001270 seconds
144.538: Application time: 0.0233180 seconds
144.539: [GC144.539: [DefNew: 59006K->825K(65472K), 0.0013310 secs] 170330K->112148K(210744K), 0.0013610 secs] [Times: user=0.00 sys=0.00, real=0.00 secs] 
144.540: Total time for which application threads were stopped: 0.0016220 seconds, Stopping threads took: 0.0001880 seconds
144.561: Application time: 0.0208800 seconds
144.561: [GC144.561: [DefNew: 59065K->901K(65472K), 0.0011510 secs] 170388K->112224K(210744K), 0.0011760 secs] [Times: user=0.00 sys=0.00, real=0.00 secs] 
144.562: Total time for which application threads were stopped: 0.0013160 seconds, Stopping threads took: 0.0000680 seconds
144.582: Application time: 0.0195130 seconds
144.582: [GC144.582: [DefNew: 59141K->3190K(65472K), 0.0026760 secs] 170464K->114513K(210744K), 0.0027100 secs] [Times: user=0.00 sys=0.00, real=0.01 secs] 
144.585: Total time for which application threads were stopped: 0.0030540 seconds, Stopping threads took: 0.0002440 seconds
144.605: Application time: 0.0202210 seconds
144.605: [GC144.605: [DefNew: 61430K->6250K(65472K), 0.0060010 secs] 172753K->117573K(210744K), 0.0060560 secs] [Times: user=0.01 sys=0.00, real=0.00 secs] 
144.611: Total time for which application threads were stopped: 0.0063260 seconds, Stopping threads took: 0.0001720 seconds
144.631: Application time: 0.0192060 seconds
144.631: [GC144.631: [DefNew: 64490K->1159K(65472K), 0.0067140 secs] 175813K->118236K(210744K), 0.0067580 secs] [Times: user=0.01 sys=0.00, real=0.01 secs] 
144.638: Total time for which application threads were stopped: 0.0070140 seconds, Stopping threads took: 0.0001500 seconds
144.657: Application time: 0.0192080 seconds
144.657: [GC144.657: [DefNew: 59399K->4973K(65472K), 0.0042530 secs] 176476K->122050K(210744K), 0.0042950 secs] [Times: user=0.00 sys=0.00, real=0.00 secs] 
144.661: Total time for which application threads were stopped: 0.0045480 seconds, Stopping threads took: 0.0001690 seconds
144.684: Application time: 0.0222460 seconds
144.685: [GC144.685: [DefNew: 63213K->7231K(65472K), 0.0132890 secs] 180290K->130769K(210744K), 0.0133320 secs] [Times: user=0.02 sys=0.00, real=0.01 secs] 
144.698: Total time for which application threads were stopped: 0.0143900 seconds, Stopping threads took: 0.0009700 seconds
144.721: Application time: 0.0227150 seconds
144.721: [GC144.721: [DefNew: 65471K->7232K(65472K), 0.0239300 secs] 189009K->142679K(210744K), 0.0239730 secs] [Times: user=0.02 sys=0.00, real=0.03 secs] 
144.745: Total time for which application threads were stopped: 0.0241890 seconds, Stopping threads took: 0.0001130 seconds
144.776: Application time: 0.0315080 seconds
144.777: [GC144.777: [DefNew: 65472K->7232K(65472K), 0.0410970 secs]144.818: [Tenured: 155861K->74841K(156024K), 0.1162000 secs] 200919K->74841K(221496K), [Perm : 8869K->8869K(21248K)], 0.1576860 secs] [Times: user=0.16 sys=0.00, real=0.16 secs] 
144.934: Total time for which application threads were stopped: 0.1579260 seconds, Stopping threads took: 0.0001370 seconds
144.971: Application time: 0.0368070 seconds
144.971: [GC144.971: [DefNew: 58240K->7231K(65472K), 0.0171000 secs] 133081K->86981K(210744K), 0.0171430 secs] [Times: user=0.02 sys=0.00, real=0.02 secs] 
144.989: Total time for which application threads were stopped: 0.0174450 seconds, Stopping threads took: 0.0002060 seconds
145.022: Application time: 0.0330110 seconds
145.022: [GC145.022: [DefNew: 65471K->7231K(65472K), 0.0232640 secs] 145221K->95523K(210744K), 0.0233070 secs] [Times: user=0.02 sys=0.00, real=0.03 secs] 
145.045: Total time for which application threads were stopped: 0.0237300 seconds, Stopping threads took: 0.0003190 seconds
145.076: Application time: 0.0310050 seconds
145.081: [GC145.081: [DefNew: 65471K->7232K(65472K), 0.0157800 secs] 153763K->103116K(210744K), 0.0158230 secs] [Times: user=0.02 sys=0.00, real=0.02 secs] 
145.096: Total time for which application threads were stopped: 0.0201640 seconds, Stopping threads took: 0.0042460 seconds
145.124: Application time: 0.0272050 seconds
145.124: [GC145.124: [DefNew: 65472K->2374K(65472K), 0.0100730 secs] 161356K->105096K(210744K), 0.0101180 secs] [Times: user=0.01 sys=0.00, real=0.02 secs] 
145.134: Total time for which application threads were stopped: 0.0102640 seconds, Stopping threads took: 0.0000570 seconds
145.159: Application time: 0.0246140 seconds
145.159: [GC145.159: [DefNew: 60614K->2440K(65472K), 0.0024550 secs] 163336K->105163K(210744K), 0.0024870 secs] [Times: user=0.01 sys=0.00, real=0.00 secs] 
145.161: Total time for which application threads were stopped: 0.0026510 seconds, Stopping threads took: 0.0000870 seconds
145.183: Application time: 0.0220440 seconds
145.184: [GC145.184: [DefNew: 60680K->2587K(65472K), 0.0031690 secs] 163403K->105310K(210744K), 0.0032010 secs] [Times: user=0.00 sys=0.00, real=0.01 secs] 
145.187: Total time for which application threads were stopped: 0.0035310 seconds, Stopping threads took: 0.0002340 seconds
145.207: Application time: 0.0202920 seconds
145.207: [GC145.208: [DefNew: 60827K->4095K(65472K), 0.0033790 secs] 163550K->106817K(210744K), 0.0034170 secs] [Times: user=0.00 sys=0.00, real=0.00 secs] 
145.211: Total time for which application threads were stopped: 0.0038670 seconds, Stopping threads took: 0.0003400 seconds
145.231: Application time: 0.0205010 seconds
145.232: [GC145.232: [DefNew: 62335K->5721K(65472K), 0.0075340 secs] 165057K->110341K(210744K), 0.0075790 secs] [Times: user=0.01 sys=0.00, real=0.01 secs] 
145.239: Total time for which application threads were stopped: 0.0078370 seconds, Stopping threads took: 0.0001510 seconds
145.260: Application time: 0.0202300 seconds
145.260: [GC145.260: [DefNew: 63961K->1567K(65472K), 0.0064840 secs] 168581K->111393K(210744K), 0.0065270 secs] [Times: user=0.01 sys=0.00, real=0.01 secs] 
145.266: Total time for which application threads were stopped: 0.0068530 seconds, Stopping threads took: 0.0002190 seconds
145.286: Application time: 0.0191590 seconds
145.286: [GC145.286: [DefNew: 59807K->3988K(65472K), 0.0031470 secs] 169633K->113815K(210744K), 0.0031830 secs] [Times: user=0.00 sys=0.00, real=0.00 secs] 
145.289: Total time for which application threads were stopped: 0.0034780 seconds, Stopping threads took: 0.0002140 seconds
145.309: Application time: 0.0196620 seconds
145.309: [GC145.309: [DefNew: 62228K->7231K(65472K), 0.0095750 secs] 172055K->119329K(210744K), 0.0096190 secs] [Times: user=0.01 sys=0.00, real=0.01 secs] 
145.319: Total time for which application threads were stopped: 0.0099870 seconds, Stopping threads took: 0.0002610 seconds
145.340: Application time: 0.0216180 seconds
145.341: [GC145.341: [DefNew: 65471K->7232K(65472K), 0.0207920 secs] 177569K->129956K(210744K), 0.0208340 secs] [Times: user=0.03 sys=0.00, real=0.02 secs] 
145.361: Total time for which application threads were stopped: 0.0210950 seconds, Stopping threads took: 0.0001730 seconds
145.386: Application time: 0.0248090 seconds
145.386: [GC145.386: [DefNew: 65472K->7232K(65472K), 0.0249030 secs] 188196K->143918K(210744K), 0.0249460 secs] [Times: user=0.03 sys=0.00, real=0.02 secs] 
145.411: Total time for which application threads were stopped: 0.0251780 seconds, Stopping threads took: 0.0001270 seconds
145.443: Application time: 0.0316770 seconds
145.443: [GC145.443: [DefNew: 65472K->7232K(65472K), 0.0350410 secs]145.478: [Tenured: 155822K->76461K(155832K), 0.1206630 secs] 202158K->76461K(221304K), [Perm : 8869K->8869K(21248K)], 0.1561000 secs] [Times: user=0.15 sys=0.01, real=0.16 secs] 
145.599: Total time for which application threads were stopped: 0.1563340 seconds, Stopping threads took: 0.0001500 seconds
145.636: Application time: 0.0362810 seconds
145.636: [GC145.636: [DefNew: 58240K->7231K(65472K), 0.0206120 secs] 134701K->89452K(210744K), 0.0206550 secs] [Times: user=0.02 sys=0.00, real=0.02 secs] 
145.657: Total time for which application threads were stopped: 0.0208890 seconds, Stopping threads took: 0.0001310 seconds
145.687: Application time: 0.0309130 seconds
145.688: [GC145.688: [DefNew: 65471K->7232K(65472K), 0.0238050 secs] 147692K->101386K(210744K), 0.0238470 secs] [Times: user=0.02 sys=0.00, real=0.02 secs] 
145.712: Total time for which application threads were stopped: 0.0240210 seconds, Stopping threads took: 0.0000840 seconds
145.742: Application time: 0.0303200 seconds
145.742: [GC145.742: [DefNew: 65472K->7231K(65472K), 0.0189690 secs] 159626K->107668K(210744K), 0.0190110 secs] [Times: user=0.02 sys=0.00, real=0.02 secs] 
145.761: Total time for which application threads were stopped: 0.0193340 seconds, Stopping threads took: 0.0002150 seconds
145.787: Application time: 0.0261850 seconds
145.787: [GC145.788: [DefNew: 65471K->1514K(65472K), 0.0073220 secs] 165908K->108335K(210744K), 0.0073660 secs] [Times: user=0.00 sys=0.00, real=0.01 secs] 
145.795: Total time for which application threads were stopped: 0.0075260 seconds, Stopping threads took: 0.0000700 seconds
145.819: Application time: 0.0244010 seconds
145.819: [GC145.820: [DefNew: 59754K->1586K(65472K), 0.0022840 secs] 166575K->108407K(210744K), 0.0023140 secs] [Times: user=0.00 sys=0.00, real=0.00 secs] 
145.822: Total time for which application threads were stopped: 0.0025280 seconds, Stopping threads took: 0.0001410 seconds
145.843: Application time: 0.0213050 seconds
145.844: [GC145.844: [DefNew: 59826K->1629K(65472K), 0.0019420 secs] 166647K->108450K(210744K), 0.0019830 secs] [Times: user=0.00 sys=0.00, real=0.01 secs] 
145.846: Total time for which application threads were stopped: 0.0024260 seconds, Stopping threads took: 0.0003580 seconds
145.866: Application time: 0.0204700 seconds
145.866: [GC145.866: [DefNew: 59869K->5748K(65472K), 0.0057150 secs] 166690K->112569K(210744K), 0.0057600 secs] [Times: user=0.00 sys=0.00, real=0.00 secs] 
145.872: Total time for which application threads were stopped: 0.0059910 seconds, Stopping threads took: 0.0001430 seconds
145.893: Application time: 0.0207010 seconds
145.893: [GC145.893: [DefNew: 63988K->2580K(65472K), 0.0072300 secs] 170809K->114406K(210744K), 0.0072750 secs] [Times: user=0.01 sys=0.00, real=0.00 secs] 
145.900: Total time for which application threads were stopped: 0.0074810 seconds, Stopping threads took: 0.0001160 seconds
145.920: Application time: 0.0202940 seconds
145.921: [GC145.921: [DefNew: 60820K->2619K(65472K), 0.0021650 secs] 172646K->114446K(210744K), 0.0021970 secs] [Times: user=0.00 sys=0.00, real=0.00 secs] 
145.923: Total time for which application threads were stopped: 0.0023330 seconds, Stopping threads took: 0.0000570 seconds
145.942: Application time: 0.0192990 seconds
145.942: [GC145.942: [DefNew: 60859K->7063K(65472K), 0.0058580 secs] 172686K->118890K(210744K), 0.0059000 secs] [Times: user=0.00 sys=0.00, real=0.01 secs] 
145.948: Total time for which application threads were stopped: 0.0060810 seconds, Stopping threads took: 0.0000900 seconds
145.969: Application time: 0.0204360 seconds
145.969: [GC145.969: [DefNew: 65303K->7231K(65472K), 0.0177290 secs] 177130K->128188K(210744K), 0.0177740 secs] [Times: user=0.02 sys=0.00, real=0.02 secs] 
145.987: Total time for which application threads were stopped: 0.0179240 seconds, Stopping threads took: 0.0000630 seconds
146.010: Application time: 0.0230120 seconds
146.010: [GC146.010: [DefNew: 65471K->7231K(65472K), 0.0193960 secs] 186428K->135117K(210744K), 0.0194380 secs] [Times: user=0.02 sys=0.00, real=0.02 secs] 
146.029: Total time for which application threads were stopped: 0.0198420 seconds, Stopping threads took: 0.0002980 seconds
146.057: Application time: 0.0279750 seconds
146.058: [GC146.058: [DefNew: 65471K->7232K(65472K), 0.0237910 secs] 193357K->149432K(210744K), 0.0238340 secs] [Times: user=0.02 sys=0.00, real=0.02 secs] 
146.082: Total time for which application threads were stopped: 0.0240930 seconds, Stopping threads took: 0.0001530 seconds
146.115: Application time: 0.0339470 seconds
146.116: [GC146.116: [DefNew: 65472K->7232K(65472K), 0.0304570 secs]146.146: [Tenured: 157857K->77959K(157944K), 0.1213880 secs] 207672K->77959K(223416K), [Perm : 8869K->8869K(21248K)], 0.1522850 secs] [Times: user=0.16 sys=0.00, real=0.15 secs] 
146.268: Total time for which application threads were stopped: 0.1524660 seconds, Stopping threads took: 0.0000980 seconds
146.301: Application time: 0.0331700 seconds
146.301: [GC146.301: [DefNew: 58240K->7231K(65472K), 0.0134650 secs] 136199K->87690K(210744K), 0.0135080 secs] [Times: user=0.02 sys=0.00, real=0.02 secs] 
146.315: Total time for which application threads were stopped: 0.0138170 seconds, Stopping threads took: 0.0002100 seconds
146.345: Application time: 0.0305080 seconds
146.346: [GC146.346: [DefNew: 65471K->7232K(65472K), 0.0162940 secs] 145930K->95152K(210744K), 0.0163390 secs] [Times: user=0.02 sys=0.00, real=0.01 secs] 
146.362: Total time for which application threads were stopped: 0.0165500 seconds, Stopping threads took: 0.0001250 seconds
146.391: Application time: 0.0286050 seconds
146.391: [GC146.391: [DefNew: 65472K->6915K(65472K), 0.0123280 secs] 153392K->98552K(210744K), 0.0123720 secs] [Times: user=0.02 sys=0.00, real=0.01 secs] 
146.403: Total time for which application threads were stopped: 0.0125530 seconds, Stopping threads took: 0.0000920 seconds
146.428: Application time: 0.0247370 seconds
146.428: [GC146.428: [DefNew: 65155K->2375K(65472K), 0.0066180 secs] 156792K->98606K(210744K), 0.0066700 secs] [Times: user=0.01 sys=0.00, real=0.01 secs] 
146.435: Total time for which application threads were stopped: 0.0069530 seconds, Stopping threads took: 0.0001750 seconds
146.459: Application time: 0.0237040 seconds
146.459: [GC146.459: [DefNew: 60615K->2424K(65472K), 0.0028630 secs] 156846K->98655K(210744K), 0.0028950 secs] [Times: user=0.00 sys=0.00, real=0.00 secs] 
146.462: Total time for which application threads were stopped: 0.0031750 seconds, Stopping threads took: 0.0001840 seconds
146.483: Application time: 0.0217480 seconds
146.484: [GC146.484: [DefNew: 60664K->6258K(65472K), 0.0057240 secs] 156895K->102489K(210744K), 0.0057650 secs] [Times: user=0.01 sys=0.00, real=0.01 secs] 
146.490: Total time for which application threads were stopped: 0.0060420 seconds, Stopping threads took: 0.0001740 seconds
146.510: Application time: 0.0206720 seconds
146.510: [GC146.510: [DefNew: 64498K->2799K(65472K), 0.0083100 secs] 160729K->104537K(210744K), 0.0083540 secs] [Times: user=0.00 sys=0.00, real=0.01 secs] 
146.519: Total time for which application threads were stopped: 0.0086550 seconds, Stopping threads took: 0.0002150 seconds
146.540: Application time: 0.0211880 seconds
146.540: [GC146.540: [DefNew: 61039K->2956K(65472K), 0.0029800 secs] 162777K->104694K(210744K), 0.0030140 secs] [Times: user=0.01 sys=0.00, real=0.00 secs] 
146.543: Total time for which application threads were stopped: 0.0032050 seconds, Stopping threads took: 0.0001130 seconds
146.563: Application time: 0.0193700 seconds
146.563: [GC146.563: [DefNew: 61196K->5871K(65472K), 0.0053960 secs] 162934K->107608K(210744K), 0.0054370 secs] [Times: user=0.01 sys=0.00, real=0.01 secs] 
146.568: Total time for which application threads were stopped: 0.0056520 seconds, Stopping threads took: 0.0001290 seconds
146.588: Application time: 0.0199140 seconds
146.588: [GC146.588: [DefNew: 64111K->6419K(65472K), 0.0096660 secs] 165848K->110810K(210744K), 0.0097120 secs] [Times: user=0.01 sys=0.00, real=0.01 secs] 
146.598: Total time for which application threads were stopped: 0.0099400 seconds, Stopping threads took: 0.0001410 seconds
146.620: Application time: 0.0215140 seconds
146.620: [GC146.620: [DefNew: 64659K->7232K(65472K), 0.0165350 secs] 169050K->121728K(210744K), 0.0165770 secs] [Times: user=0.01 sys=0.00, real=0.02 secs] 
146.636: Total time for which application threads were stopped: 0.0167790 seconds, Stopping threads took: 0.0001130 seconds
146.660: Application time: 0.0234500 seconds
146.660: [GC146.660: [DefNew: 65472K->7231K(65472K), 0.0173990 secs] 179968K->131362K(210744K), 0.0174410 secs] [Times: user=0.02 sys=0.00, real=0.02 secs] 
146.678: Total time for which application threads were stopped: 0.0176280 seconds, Stopping threads took: 0.0001000 seconds
146.707: Application time: 0.0290150 seconds
146.707: [GC146.707: [DefNew: 65471K->7232K(65472K), 0.0330480 secs] 189602K->149431K(210744K), 0.0330910 secs] [Times: user=0.03 sys=0.00, real=0.03 secs] 
146.740: Total time for which application threads were stopped: 0.0332800 seconds, Stopping threads took: 0.0001060 seconds
146.775: Application time: 0.0351170 seconds
146.775: [GC146.775: [DefNew: 65472K->7231K(65472K), 0.0267130 secs]146.802: [Tenured: 153981K->76955K(154104K), 0.1189150 secs] 207671K->76955K(219576K), [Perm : 8869K->8869K(21248K)], 0.1459690 secs] [Times: user=0.15 sys=0.00, real=0.14 secs] 
146.921: Total time for which application threads were stopped: 0.1461630 seconds, Stopping threads took: 0.0001120 seconds
146.954: Application time: 0.0329050 seconds
146.954: [GC146.954: [DefNew: 58240K->7231K(65472K), 0.0132710 secs] 135195K->87451K(210744K), 0.0133150 secs] [Times: user=0.01 sys=0.00, real=0.01 secs] 
146.968: Total time for which application threads were stopped: 0.0136970 seconds, Stopping threads took: 0.0002630 seconds
146.997: Application time: 0.0296400 seconds
146.999: [GC146.999: [DefNew: 65471K->7232K(65472K), 0.0205500 secs] 145691K->96130K(210744K), 0.0205960 secs] [Times: user=0.02 sys=0.00, real=0.02 secs] 
147.019: Total time for which application threads were stopped: 0.0218430 seconds, Stopping threads took: 0.0011290 seconds
147.046: Application time: 0.0269900 seconds
147.046: [GC147.046: [DefNew: 65472K->6152K(65472K), 0.0180230 secs] 154370K->101898K(210744K), 0.0180740 secs] [Times: user=0.01 sys=0.00, real=0.02 secs] 
147.064: Total time for which application threads were stopped: 0.0183160 seconds, Stopping threads took: 0.0001340 seconds
147.090: Application time: 0.0251970 seconds
147.090: [GC147.090: [DefNew: 64392K->622K(65472K), 0.0063640 secs] 160138K->102004K(210744K), 0.0064030 secs] [Times: user=0.01 sys=0.00, real=0.01 secs] 
147.097: Total time for which application threads were stopped: 0.0068880 seconds, Stopping threads took: 0.0003770 seconds
147.119: Application time: 0.0228420 seconds
147.120: [GC147.120: [DefNew: 58862K->2872K(65472K), 0.0028050 secs] 160244K->104254K(210744K), 0.0028400 secs] [Times: user=0.00 sys=0.00, real=0.00 secs] 
147.122: Total time for which application threads were stopped: 0.0030440 seconds, Stopping threads took: 0.0001260 seconds
147.144: Application time: 0.0215400 seconds
147.144: [GC147.144: [DefNew: 61112K->6120K(65472K), 0.0071720 secs] 162494K->107502K(210744K), 0.0072140 secs] [Times: user=0.00 sys=0.00, real=0.01 secs] 
147.151: Total time for which application threads were stopped: 0.0074350 seconds, Stopping threads took: 0.0001330 seconds
147.173: Application time: 0.0213360 seconds
147.173: [GC147.173: [DefNew: 64360K->988K(65472K), 0.0071830 secs] 165742K->108069K(210744K), 0.0072270 secs] [Times: user=0.00 sys=0.00, real=0.00 secs] 
147.180: Total time for which application threads were stopped: 0.0074230 seconds, Stopping threads took: 0.0001110 seconds
147.201: Application time: 0.0205670 seconds
147.201: [GC147.201: [DefNew: 59228K->2383K(65472K), 0.0025450 secs] 166309K->109464K(210744K), 0.0025750 secs] [Times: user=0.00 sys=0.00, real=0.00 secs] 
147.204: Total time for which application threads were stopped: 0.0027630 seconds, Stopping threads took: 0.0001100 seconds
147.224: Application time: 0.0201140 seconds
147.224: [GC147.224: [DefNew: 60623K->6612K(65472K), 0.0070150 secs] 167704K->113693K(210744K), 0.0070570 secs] [Times: user=0.01 sys=0.00, real=0.01 secs] 
147.231: Total time for which application threads were stopped: 0.0072510 seconds, Stopping threads took: 0.0001090 seconds
147.251: Application time: 0.0199500 seconds
147.251: [GC147.251: [DefNew: 64852K->7231K(65472K), 0.0123660 secs] 171933K->119875K(210744K), 0.0124090 secs] [Times: user=0.02 sys=0.00, real=0.01 secs] 
147.264: Total time for which application threads were stopped: 0.0127920 seconds, Stopping threads took: 0.0002760 seconds
147.286: Application time: 0.0227900 seconds
147.287: [GC147.287: [DefNew: 65471K->7232K(65472K), 0.0165250 secs] 178115K->126958K(210744K), 0.0165680 secs] [Times: user=0.02 sys=0.00, real=0.01 secs] 
147.303: Total time for which application threads were stopped: 0.0168450 seconds, Stopping threads took: 0.0001710 seconds
147.328: Application time: 0.0249520 seconds
147.328: [GC147.328: [DefNew: 65472K->7231K(65472K), 0.0204370 secs] 185198K->138411K(210744K), 0.0204810 secs] [Times: user=0.02 sys=0.00, real=0.02 secs] 
147.349: Total time for which application threads were stopped: 0.0207090 seconds, Stopping threads took: 0.0001350 seconds
147.380: Application time: 0.0307950 seconds
147.380: [GC147.380: [DefNew: 65471K->7232K(65472K), 0.0320410 secs]147.412: [Tenured: 148545K->74688K(148728K), 0.1157300 secs] 196651K->74688K(214200K), [Perm : 8869K->8869K(21248K)], 0.1479720 secs] [Times: user=0.15 sys=0.01, real=0.15 secs] 
147.528: Total time for which application threads were stopped: 0.1481960 seconds, Stopping threads took: 0.0001400 seconds
147.561: Application time: 0.0333030 seconds
147.561: [GC147.561: [DefNew: 58240K->7232K(65472K), 0.0158010 secs] 132928K->87569K(210744K), 0.0158470 secs] [Times: user=0.02 sys=0.00, real=0.02 secs] 
147.577: Total time for which application threads were stopped: 0.0160450 seconds, Stopping threads took: 0.0001030 seconds
147.609: Application time: 0.0321000 seconds
147.610: [GC147.610: [DefNew: 65472K->7231K(65472K), 0.0206280 secs] 145809K->98251K(210744K), 0.0206810 secs] [Times: user=0.02 sys=0.00, real=0.02 secs] 
147.630: Total time for which application threads were stopped: 0.0209040 seconds, Stopping threads took: 0.0001360 seconds
147.659: Application time: 0.0286570 seconds
147.659: [GC147.659: [DefNew: 65471K->7231K(65472K), 0.0178940 secs] 156491K->104835K(210744K), 0.0179380 secs] [Times: user=0.02 sys=0.00, real=0.02 secs] 
147.677: Total time for which application threads were stopped: 0.0181680 seconds, Stopping threads took: 0.0001250 seconds
147.704: Application time: 0.0265510 seconds
147.704: [GC147.704: [DefNew: 65471K->3029K(65472K), 0.0110650 secs] 163075K->107407K(210744K), 0.0111090 secs] [Times: user=0.02 sys=0.00, real=0.02 secs] 
147.715: Total time for which application threads were stopped: 0.0114570 seconds, Stopping threads took: 0.0002410 seconds
147.739: Application time: 0.0240410 seconds
147.739: [GC147.739: [DefNew: 61269K->2872K(65472K), 0.0030940 secs] 165647K->107251K(210744K), 0.0031270 secs] [Times: user=0.00 sys=0.00, real=0.00 secs] 
147.743: Total time for which application threads were stopped: 0.0033690 seconds, Stopping threads took: 0.0001440 seconds
147.766: Application time: 0.0230360 seconds
147.766: [GC147.766: [DefNew: 61112K->7232K(65472K), 0.0068250 secs] 165491K->111628K(210744K), 0.0068660 secs] [Times: user=0.01 sys=0.00, real=0.01 secs] 
147.773: Total time for which application threads were stopped: 0.0071520 seconds, Stopping threads took: 0.0001820 seconds
147.794: Application time: 0.0211510 seconds
147.794: [GC147.794: [DefNew: 65472K->2429K(65472K), 0.0096760 secs] 169868K->113292K(210744K), 0.0097190 secs] [Times: user=0.01 sys=0.00, real=0.00 secs] 
147.804: Total time for which application threads were stopped: 0.0100710 seconds, Stopping threads took: 0.0002460 seconds
147.825: Application time: 0.0213970 seconds
147.826: [GC147.826: [DefNew: 60669K->2464K(65472K), 0.0027220 secs] 171532K->113327K(210744K), 0.0027560 secs] [Times: user=0.00 sys=0.00, real=0.00 secs] 
147.828: Total time for which application threads were stopped: 0.0030610 seconds, Stopping threads took: 0.0001990 seconds
147.849: Application time: 0.0202980 seconds
147.849: [GC147.849: [DefNew: 60704K->6881K(65472K), 0.0054550 secs] 171567K->117744K(210744K), 0.0054950 secs] [Times: user=0.01 sys=0.00, real=0.01 secs] 
147.855: Total time for which application threads were stopped: 0.0057390 seconds, Stopping threads took: 0.0001380 seconds
147.874: Application time: 0.0198770 seconds
147.875: [GC147.875: [DefNew: 65121K->5263K(65472K), 0.0111920 secs] 175984K->121362K(210744K), 0.0112370 secs] [Times: user=0.01 sys=0.00, real=0.01 secs] 
147.886: Total time for which application threads were stopped: 0.0114930 seconds, Stopping threads took: 0.0001570 seconds
147.907: Application time: 0.0211180 seconds
147.907: [GC147.907: [DefNew: 63503K->7232K(65472K), 0.0101150 secs] 179602K->128248K(210744K), 0.0101530 secs] [Times: user=0.01 sys=0.00, real=0.01 secs] 
147.917: Total time for which application threads were stopped: 0.0103600 seconds, Stopping threads took: 0.0001210 seconds
147.940: Application time: 0.0227490 seconds
147.940: [GC147.940: [DefNew: 65472K->7231K(65472K), 0.0160630 secs] 186488K->136848K(210744K), 0.0161040 secs] [Times: user=0.02 sys=0.00, real=0.02 secs] 
147.956: Total time for which application threads were stopped: 0.0162910 seconds, Stopping threads took: 0.0000990 seconds
147.983: Application time: 0.0264340 seconds
147.983: [GC147.983: [DefNew: 65471K->7231K(65472K), 0.0216890 secs] 195088K->149584K(210744K), 0.0217340 secs] [Times: user=0.02 sys=0.00, real=0.03 secs] 
148.005: Total time for which application threads were stopped: 0.0219680 seconds, Stopping threads took: 0.0001510 seconds
148.036: Application time: 0.0315010 seconds
148.036: [GC148.036: [DefNew: 65471K->7231K(65472K), 0.0288640 secs]148.065: [Tenured: 156680K->76541K(156792K), 0.1204300 secs] 207824K->76541K(222264K), [Perm : 8869K->8869K(21248K)], 0.1497060 secs] [Times: user=0.15 sys=0.00, real=0.15 secs] 
148.186: Total time for which application threads were stopped: 0.1498940 seconds, Stopping threads took: 0.0000950 seconds
148.219: Application time: 0.0331650 seconds
148.220: [GC148.220: [DefNew: 58240K->7231K(65472K), 0.0112620 secs] 134781K->84548K(210744K), 0.0113060 secs] [Times: user=0.02 sys=0.00, real=0.01 secs] 
148.231: Total time for which application threads were stopped: 0.0115520 seconds, Stopping threads took: 0.0001470 seconds
148.261: Application time: 0.0297610 seconds
148.261: [GC148.261: [DefNew: 65471K->7232K(65472K), 0.0205840 secs] 142788K->94064K(210744K), 0.0206270 secs] [Times: user=0.02 sys=0.00, real=0.02 secs] 
148.282: Total time for which application threads were stopped: 0.0208110 seconds, Stopping threads took: 0.0000990 seconds
148.310: Application time: 0.0286530 seconds
148.310: [GC148.310: [DefNew: 65472K->7231K(65472K), 0.0173670 secs] 152304K->101497K(210744K), 0.0174130 secs] [Times: user=0.02 sys=0.00, real=0.02 secs] 
148.328: Total time for which application threads were stopped: 0.0176890 seconds, Stopping threads took: 0.0001700 seconds
148.353: Application time: 0.0255270 seconds
148.354: [GC148.354: [DefNew: 65471K->1892K(65472K), 0.0062560 secs] 159737K->100933K(210744K), 0.0062990 secs] [Times: user=0.01 sys=0.00, real=0.00 secs] 
148.360: Total time for which application threads were stopped: 0.0065390 seconds, Stopping threads took: 0.0001330 seconds
148.383: Application time: 0.0234300 seconds
148.383: [GC148.384: [DefNew: 60132K->5180K(65472K), 0.0039360 secs] 159173K->104222K(210744K), 0.0039720 secs] [Times: user=0.00 sys=0.00, real=0.01 secs] 
148.387: Total time for which application threads were stopped: 0.0041290 seconds, Stopping threads took: 0.0000750 seconds
148.410: Application time: 0.0223610 seconds
148.410: [GC148.410: [DefNew: 63420K->3439K(65472K), 0.0090270 secs] 162462K->106601K(210744K), 0.0090690 secs] [Times: user=0.01 sys=0.00, real=0.01 secs] 
148.419: Total time for which application threads were stopped: 0.0093450 seconds, Stopping threads took: 0.0001690 seconds
148.441: Application time: 0.0214570 seconds
148.441: [GC148.441: [DefNew: 61679K->3883K(65472K), 0.0035900 secs] 164841K->107045K(210744K), 0.0036250 secs] [Times: user=0.00 sys=0.00, real=0.01 secs] 
148.445: Total time for which application threads were stopped: 0.0039550 seconds, Stopping threads took: 0.0002330 seconds
148.465: Application time: 0.0205590 seconds
148.465: [GC148.465: [DefNew: 62123K->2976K(65472K), 0.0063480 secs] 165285K->109393K(210744K), 0.0063890 secs] [Times: user=0.00 sys=0.00, real=0.00 secs] 
148.472: Total time for which application threads were stopped: 0.0066590 seconds, Stopping threads took: 0.0001680 seconds
148.492: Application time: 0.0206300 seconds
148.493: [GC148.493: [DefNew: 61216K->6638K(65472K), 0.0083520 secs] 167633K->113056K(210744K), 0.0083940 secs] [Times: user=0.01 sys=0.00, real=0.00 secs] 
148.501: Total time for which application threads were stopped: 0.0086110 seconds, Stopping threads took: 0.0001320 seconds
148.521: Application time: 0.0197330 seconds
148.521: [GC148.521: [DefNew: 64878K->3227K(65472K), 0.0093390 secs] 171296K->115648K(210744K), 0.0093820 secs] [Times: user=0.01 sys=0.00, real=0.01 secs] 
148.530: Total time for which application threads were stopped: 0.0096160 seconds, Stopping threads took: 0.0001450 seconds
148.552: Application time: 0.0211840 seconds
148.553: [GC148.553: [DefNew: 61467K->7231K(65472K), 0.0106980 secs] 173888K->124024K(210744K), 0.0107410 secs] [Times: user=0.02 sys=0.00, real=0.00 secs] 
148.563: Total time for which application threads were stopped: 0.0117460 seconds, Stopping threads took: 0.0009180 seconds
148.586: Application time: 0.0229100 seconds
148.586: [GC148.586: [DefNew: 65471K->7232K(65472K), 0.0189160 secs] 182264K->132858K(210744K), 0.0189620 secs] [Times: user=0.02 sys=0.00, real=0.02 secs] 
148.605: Total time for which application threads were stopped: 0.0191760 seconds, Stopping threads took: 0.0001180 seconds
148.634: Application time: 0.0282650 seconds
148.634: [GC148.634: [DefNew: 65472K->7232K(65472K), 0.0297440 secs] 191098K->150798K(210744K), 0.0297860 secs] [Times: user=0.03 sys=0.00, real=0.02 secs] 
148.664: Total time for which application threads were stopped: 0.0299430 seconds, Stopping threads took: 0.0000730 seconds
148.697: Application time: 0.0332940 seconds
148.697: [GC148.697: [DefNew: 65472K->7232K(65472K), 0.0254430 secs]148.723: [Tenured: 154594K->76778K(154680K), 0.1202430 secs] 209038K->76778K(220152K), [Perm : 8869K->8869K(21248K)], 0.1460740 secs] [Times: user=0.14 sys=0.00, real=0.14 secs] 
148.843: Total time for which application threads were stopped: 0.1463140 seconds, Stopping threads took: 0.0001430 seconds
148.876: Application time: 0.0322280 seconds
148.876: [GC148.876: [DefNew: 58240K->7232K(65472K), 0.0152110 secs] 135018K->87605K(210744K), 0.0152570 secs] [Times: user=0.02 sys=0.00, real=0.01 secs] 
148.891: Total time for which application threads were stopped: 0.0155940 seconds, Stopping threads took: 0.0002210 seconds
148.919: Application time: 0.0282280 seconds
148.920: [GC148.920: [DefNew: 65472K->7232K(65472K), 0.0192990 secs] 145845K->97627K(210744K), 0.0193440 secs] [Times: user=0.02 sys=0.00, real=0.02 secs] 
148.939: Total time for which application threads were stopped: 0.0196750 seconds, Stopping threads took: 0.0002230 seconds
148.967: Application time: 0.0281920 seconds
148.967: [GC148.967: [DefNew: 65472K->6723K(65472K), 0.0155870 secs] 155867K->102941K(210744K), 0.0156320 secs] [Times: user=0.02 sys=0.00, real=0.01 secs] 
148.983: Total time for which application threads were stopped: 0.0158400 seconds, Stopping threads took: 0.0001200 seconds
149.007: Application time: 0.0243650 seconds
149.008: [GC149.008: [DefNew: 64963K->2580K(65472K), 0.0073020 secs] 161181K->104904K(210744K), 0.0073440 secs] [Times: user=0.01 sys=0.00, real=0.01 secs] 
149.015: Total time for which application threads were stopped: 0.0076720 seconds, Stopping threads took: 0.0002180 seconds
149.039: Application time: 0.0240610 seconds
149.039: [GC149.039: [DefNew: 60820K->6334K(65472K), 0.0072750 secs] 163144K->108659K(210744K), 0.0073180 secs] [Times: user=0.01 sys=0.00, real=0.01 secs] 
149.047: Total time for which application threads were stopped: 0.0075210 seconds, Stopping threads took: 0.0001180 seconds
149.069: Application time: 0.0228050 seconds
149.070: [GC149.070: [DefNew: 64574K->1029K(65472K), 0.0072190 secs] 166899K->109116K(210744K), 0.0072630 secs] [Times: user=0.01 sys=0.00, real=0.01 secs] 
149.077: Total time for which application threads were stopped: 0.0074430 seconds, Stopping threads took: 0.0000910 seconds
149.098: Application time: 0.0209180 seconds
149.098: [GC149.098: [DefNew: 59269K->1910K(65472K), 0.0026880 secs] 167356K->109997K(210744K), 0.0027220 secs] [Times: user=0.00 sys=0.00, real=0.00 secs] 
149.101: Total time for which application threads were stopped: 0.0029160 seconds, Stopping threads took: 0.0001170 seconds
149.122: Application time: 0.0209330 seconds
149.122: [GC149.122: [DefNew: 60150K->5726K(65472K), 0.0057190 secs] 168237K->113813K(210744K), 0.0057600 secs] [Times: user=0.00 sys=0.00, real=0.01 secs] 
149.128: Total time for which application threads were stopped: 0.0060280 seconds, Stopping threads took: 0.0001680 seconds
149.148: Application time: 0.0199840 seconds
149.148: [GC149.148: [DefNew: 63966K->4440K(65472K), 0.0113840 secs] 172053K->117523K(210744K), 0.0114280 secs] [Times: user=0.02 sys=0.00, real=0.01 secs] 
149.159: Total time for which application threads were stopped: 0.0117000 seconds, Stopping threads took: 0.0001840 seconds
149.180: Application time: 0.0206820 seconds
149.180: [GC149.180: [DefNew: 62680K->2994K(65472K), 0.0059360 secs] 175763K->118645K(210744K), 0.0059780 secs] [Times: user=0.01 sys=0.00, real=0.01 secs] 
149.186: Total time for which application threads were stopped: 0.0061390 seconds, Stopping threads took: 0.0000760 seconds
149.208: Application time: 0.0215310 seconds
149.208: [GC149.208: [DefNew: 61234K->7231K(65472K), 0.0140640 secs] 176885K->128335K(210744K), 0.0141190 secs] [Times: user=0.01 sys=0.00, real=0.01 secs] 
149.222: Total time for which application threads were stopped: 0.0143480 seconds, Stopping threads took: 0.0001400 seconds
149.246: Application time: 0.0237920 seconds
149.246: [GC149.246: [DefNew: 65471K->7231K(65472K), 0.0197300 secs] 186575K->137710K(210744K), 0.0197760 secs] [Times: user=0.02 sys=0.00, real=0.02 secs] 
149.266: Total time for which application threads were stopped: 0.0199930 seconds, Stopping threads took: 0.0001320 seconds
149.295: Application time: 0.0288180 seconds
149.295: [GC149.295: [DefNew: 65471K->7231K(65472K), 0.0329870 secs]149.328: [Tenured: 150510K->74363K(150648K), 0.1132780 secs] 195950K->74363K(216120K), [Perm : 8869K->8869K(21248K)], 0.1465110 secs] [Times: user=0.15 sys=0.00, real=0.14 secs] 
149.441: Total time for which application threads were stopped: 0.1466990 seconds, Stopping threads took: 0.0001080 seconds
149.475: Application time: 0.0333560 seconds
149.475: [GC149.475: [DefNew: 58240K->7231K(65472K), 0.0132820 secs] 132603K->85212K(210744K), 0.0133270 secs] [Times: user=0.02 sys=0.00, real=0.01 secs] 
149.488: Total time for which application threads were stopped: 0.0135130 seconds, Stopping threads took: 0.0000890 seconds
149.519: Application time: 0.0304070 seconds
149.519: [GC149.519: [DefNew: 65471K->7231K(65472K), 0.0213990 secs] 143452K->94290K(210744K), 0.0214430 secs] [Times: user=0.02 sys=0.00, real=0.02 secs] 
149.540: Total time for which application threads were stopped: 0.0216480 seconds, Stopping threads took: 0.0001170 seconds
149.568: Application time: 0.0279740 seconds
149.569: [GC149.569: [DefNew: 65471K->7231K(65472K), 0.0179330 secs] 152530K->103632K(210744K), 0.0179740 secs] [Times: user=0.02 sys=0.00, real=0.02 secs] 
149.587: Total time for which application threads were stopped: 0.0181760 seconds, Stopping threads took: 0.0001130 seconds
149.614: Application time: 0.0274020 seconds
149.614: [GC149.614: [DefNew: 65471K->6496K(65472K), 0.0185770 secs] 161872K->109363K(210744K), 0.0186210 secs] [Times: user=0.02 sys=0.00, real=0.02 secs] 
149.633: Total time for which application threads were stopped: 0.0188420 seconds, Stopping threads took: 0.0001310 seconds
149.657: Application time: 0.0244690 seconds
149.657: [GC149.657: [DefNew: 64736K->5443K(65472K), 0.0105550 secs] 167603K->114112K(210744K), 0.0106020 secs] [Times: user=0.01 sys=0.00, real=0.01 secs] 
149.668: Total time for which application threads were stopped: 0.0108170 seconds, Stopping threads took: 0.0001260 seconds
149.692: Application time: 0.0243980 seconds
149.693: [GC149.693: [DefNew: 63683K->2017K(65472K), 0.0060130 secs] 172352K->115305K(210744K), 0.0060570 secs] [Times: user=0.00 sys=0.00, real=0.00 secs] 
149.699: Total time for which application threads were stopped: 0.0062680 seconds, Stopping threads took: 0.0001230 seconds
149.720: Application time: 0.0216290 seconds
149.721: [GC149.721: [DefNew: 60257K->2679K(65472K), 0.0023860 secs] 173545K->115967K(210744K), 0.0024150 secs] [Times: user=0.01 sys=0.00, real=0.00 secs] 
149.723: Total time for which application threads were stopped: 0.0026270 seconds, Stopping threads took: 0.0001350 seconds
149.744: Application time: 0.0205380 seconds
149.744: [GC149.744: [DefNew: 60919K->4132K(65472K), 0.0038030 secs] 174207K->117420K(210744K), 0.0038390 secs] [Times: user=0.00 sys=0.00, real=0.01 secs] 
149.748: Total time for which application threads were stopped: 0.0040660 seconds, Stopping threads took: 0.0001470 seconds
149.769: Application time: 0.0216820 seconds
149.769: [GC149.769: [DefNew: 62372K->7231K(65472K), 0.0091000 secs] 175660K->122842K(210744K), 0.0091450 secs] [Times: user=0.01 sys=0.00, real=0.01 secs] 
149.779: Total time for which application threads were stopped: 0.0093060 seconds, Stopping threads took: 0.0000710 seconds
149.799: Application time: 0.0204500 seconds
149.799: [GC149.799: [DefNew: 65471K->3453K(65472K), 0.0116960 secs] 181082K->125748K(210744K), 0.0117380 secs] [Times: user=0.01 sys=0.00, real=0.01 secs] 
149.811: Total time for which application threads were stopped: 0.0119350 seconds, Stopping threads took: 0.0001110 seconds
149.832: Application time: 0.0206180 seconds
149.832: [GC149.832: [DefNew: 61693K->7232K(65472K), 0.0080670 secs] 183988K->132093K(210744K), 0.0081110 secs] [Times: user=0.01 sys=0.00, real=0.01 secs] 
149.840: Total time for which application threads were stopped: 0.0082700 seconds, Stopping threads took: 0.0000680 seconds
149.862: Application time: 0.0220870 seconds
149.862: [GC149.862: [DefNew: 65472K->7231K(65472K), 0.0195010 secs] 190333K->140045K(210744K), 0.0195470 secs] [Times: user=0.02 sys=0.00, real=0.02 secs] 
149.882: Total time for which application threads were stopped: 0.0198460 seconds, Stopping threads took: 0.0002120 seconds
149.906: Application time: 0.0244580 seconds
149.906: [GC149.907: [DefNew: 65471K->7232K(65472K), 0.0161460 secs] 198285K->148723K(210744K), 0.0161910 secs] [Times: user=0.02 sys=0.00, real=0.01 secs] 
149.923: Total time for which application threads were stopped: 0.0164350 seconds, Stopping threads took: 0.0001400 seconds
149.953: Application time: 0.0298340 seconds
149.953: [GC149.953: [DefNew: 65472K->7232K(65472K), 0.0419090 secs]149.995: [Tenured: 160765K->76293K(160824K), 0.1215340 secs] 206963K->76293K(226296K), [Perm : 8869K->8869K(21248K)], 0.1639500 secs] [Times: user=0.16 sys=0.01, real=0.16 secs] 
150.117: Total time for which application threads were stopped: 0.1641420 seconds, Stopping threads took: 0.0000980 seconds
150.150: Application time: 0.0334870 seconds
150.150: [GC150.150: [DefNew: 58240K->7231K(65472K), 0.0109180 secs] 134533K->83651K(210744K), 0.0109630 secs] [Times: user=0.01 sys=0.00, real=0.01 secs] 
150.161: Total time for which application threads were stopped: 0.0111890 seconds, Stopping threads took: 0.0001270 seconds
150.191: Application time: 0.0295480 seconds
150.191: [GC150.191: [DefNew: 65471K->7232K(65472K), 0.0206700 secs] 141891K->91919K(210744K), 0.0207130 secs] [Times: user=0.02 sys=0.00, real=0.02 secs] 
150.212: Total time for which application threads were stopped: 0.0209850 seconds, Stopping threads took: 0.0001660 seconds
150.240: Application time: 0.0284870 seconds
150.241: [GC150.241: [DefNew: 65472K->7231K(65472K), 0.0201000 secs] 150159K->99823K(210744K), 0.0201440 secs] [Times: user=0.02 sys=0.00, real=0.02 secs] 
150.261: Total time for which application threads were stopped: 0.0204680 seconds, Stopping threads took: 0.0002180 seconds
150.288: Application time: 0.0271400 seconds
150.288: [GC150.288: [DefNew: 65471K->7232K(65472K), 0.0172010 secs] 158063K->109380K(210744K), 0.0172460 secs] [Times: user=0.02 sys=0.00, real=0.02 secs] 
150.305: Total time for which application threads were stopped: 0.0174100 seconds, Stopping threads took: 0.0000750 seconds
150.330: Application time: 0.0244360 seconds
150.330: [GC150.330: [DefNew: 65472K->2995K(65472K), 0.0113730 secs] 167620K->111581K(210744K), 0.0114170 secs] [Times: user=0.02 sys=0.00, real=0.01 secs] 
150.341: Total time for which application threads were stopped: 0.0115970 seconds, Stopping threads took: 0.0000930 seconds
150.366: Application time: 0.0243520 seconds
150.366: [GC150.366: [DefNew: 61235K->3893K(65472K), 0.0040140 secs] 169821K->112479K(210744K), 0.0040510 secs] [Times: user=0.00 sys=0.00, real=0.00 secs] 
150.370: Total time for which application threads were stopped: 0.0045000 seconds, Stopping threads took: 0.0003500 seconds
150.392: Application time: 0.0214020 seconds
150.392: [GC150.392: [DefNew: 62133K->1558K(65472K), 0.0046650 secs] 170719K->112628K(210744K), 0.0047020 secs] [Times: user=0.00 sys=0.00, real=0.01 secs] 
150.397: Total time for which application threads were stopped: 0.0049380 seconds, Stopping threads took: 0.0001360 seconds
150.417: Application time: 0.0208390 seconds
150.418: [GC150.418: [DefNew: 59798K->7232K(65472K), 0.0089590 secs] 170868K->119218K(210744K), 0.0090010 secs] [Times: user=0.01 sys=0.00, real=0.01 secs] 
150.427: Total time for which application threads were stopped: 0.0093050 seconds, Stopping threads took: 0.0001900 seconds
150.448: Application time: 0.0216090 seconds
150.449: [GC150.449: [DefNew: 65472K->4646K(65472K), 0.0108670 secs] 177458K->122042K(210744K), 0.0109110 secs] [Times: user=0.01 sys=0.00, real=0.01 secs] 
150.460: Total time for which application threads were stopped: 0.0110740 seconds, Stopping threads took: 0.0000770 seconds
150.480: Application time: 0.0202710 seconds
150.480: [GC150.480: [DefNew: 62886K->341K(65472K), 0.0047890 secs] 180282K->122106K(210744K), 0.0048300 secs] [Times: user=0.00 sys=0.00, real=0.01 secs] 
150.485: Total time for which application threads were stopped: 0.0051000 seconds, Stopping threads took: 0.0001860 seconds
150.505: Application time: 0.0204880 seconds
150.506: [GC150.506: [DefNew: 58581K->7231K(65472K), 0.0069610 secs] 180346K->130505K(210744K), 0.0070000 secs] [Times: user=0.00 sys=0.00, real=0.01 secs] 
150.513: Total time for which application threads were stopped: 0.0071940 seconds, Stopping threads took: 0.0001080 seconds
150.536: Application time: 0.0231730 seconds
150.536: [GC150.536: [DefNew: 65471K->7232K(65472K), 0.0257010 secs] 188745K->141669K(210744K), 0.0257450 secs] [Times: user=0.02 sys=0.00, real=0.02 secs] 
150.562: Total time for which application threads were stopped: 0.0259550 seconds, Stopping threads took: 0.0001260 seconds
150.588: Application time: 0.0259510 seconds
150.588: [GC150.588: [DefNew: 65472K->7232K(65472K), 0.0201080 secs]150.608: [Tenured: 146854K->85306K(147000K), 0.1276870 secs] 199909K->85306K(212472K), [Perm : 8869K->8869K(21248K)], 0.1479360 secs] [Times: user=0.15 sys=0.00, real=0.15 secs] 
150.736: Total time for which application threads were stopped: 0.1481090 seconds, Stopping threads took: 0.0000900 seconds
150.766: Application time: 0.0306970 seconds
150.767: [GC150.767: [DefNew: 58240K->7231K(65472K), 0.0186240 secs] 143546K->99039K(210744K), 0.0186670 secs] [Times: user=0.02 sys=0.00, real=0.02 secs] 
150.785: Total time for which application threads were stopped: 0.0188750 seconds, Stopping threads took: 0.0001130 seconds
150.818: Application time: 0.0323650 seconds
150.818: [GC150.818: [DefNew: 65471K->7231K(65472K), 0.0217360 secs] 157279K->109351K(210744K), 0.0217790 secs] [Times: user=0.02 sys=0.00, real=0.02 secs] 
150.840: Total time for which application threads were stopped: 0.0221040 seconds, Stopping threads took: 0.0002400 seconds
150.869: Application time: 0.0288180 seconds
150.869: [GC150.869: [DefNew: 65471K->7098K(65472K), 0.0163380 secs] 167591K->115715K(210744K), 0.0163820 secs] [Times: user=0.02 sys=0.00, real=0.02 secs] 
150.885: Total time for which application threads were stopped: 0.0165840 seconds, Stopping threads took: 0.0001140 seconds
150.913: Application time: 0.0279800 seconds
150.913: [GC150.913: [DefNew: 65338K->7232K(65472K), 0.0126110 secs] 173955K->122341K(210744K), 0.0126560 secs] [Times: user=0.01 sys=0.00, real=0.01 secs] 
150.926: Total time for which application threads were stopped: 0.0129460 seconds, Stopping threads took: 0.0001950 seconds
150.953: Application time: 0.0267430 seconds
150.953: [GC150.953: [DefNew: 65472K->6555K(65472K), 0.0132790 secs] 180581K->127926K(210744K), 0.0133270 secs] [Times: user=0.01 sys=0.00, real=0.01 secs] 
150.967: Total time for which application threads were stopped: 0.0137190 seconds, Stopping threads took: 0.0002860 seconds
150.992: Application time: 0.0253510 seconds
150.992: [GC150.992: [DefNew: 64795K->885K(65472K), 0.0062400 secs] 186166K->128278K(210744K), 0.0062840 secs] [Times: user=0.01 sys=0.00, real=0.01 secs] 
150.998: Total time for which application threads were stopped: 0.0065300 seconds, Stopping threads took: 0.0001560 seconds
151.022: Application time: 0.0233340 seconds
151.022: [GC151.022: [DefNew: 59125K->1464K(65472K), 0.0020390 secs] 186518K->128857K(210744K), 0.0020690 secs] [Times: user=0.00 sys=0.00, real=0.00 secs] 
151.024: Total time for which application threads were stopped: 0.0023290 seconds, Stopping threads took: 0.0001770 seconds
151.045: Application time: 0.0208350 seconds
151.045: [GC151.045: [DefNew: 59704K->6115K(65472K), 0.0056640 secs] 187097K->133508K(210744K), 0.0057130 secs] [Times: user=0.00 sys=0.00, real=0.00 secs] 
151.051: Total time for which application threads were stopped: 0.0059600 seconds, Stopping threads took: 0.0001630 seconds
151.072: Application time: 0.0215230 seconds
151.073: [GC151.073: [DefNew: 64355K->5342K(65472K), 0.0098770 secs] 191748K->136004K(210744K), 0.0099200 secs] [Times: user=0.01 sys=0.00, real=0.00 secs] 
151.083: Total time for which application threads were stopped: 0.0100960 seconds, Stopping threads took: 0.0000880 seconds
151.104: Application time: 0.0211860 seconds
151.104: [GC151.104: [DefNew: 63582K->1218K(65472K), 0.0055930 secs] 194244K->136863K(210744K), 0.0056360 secs] [Times: user=0.00 sys=0.00, real=0.01 secs] 
151.110: Total time for which application threads were stopped: 0.0058630 seconds, Stopping threads took: 0.0001370 seconds
151.130: Application time: 0.0201220 seconds
151.130: [GC151.130: [DefNew: 59458K->2428K(65472K), 0.0031540 secs] 195103K->138073K(210744K), 0.0031880 secs] [Times: user=0.01 sys=0.00, real=0.01 secs] 
151.133: Total time for which application threads were stopped: 0.0033860 seconds, Stopping threads took: 0.0001210 seconds
151.154: Application time: 0.0211890 seconds
151.155: [GC151.155: [DefNew: 60668K->7231K(65472K), 0.0118040 secs] 196313K->147447K(210744K), 0.0118480 secs] [Times: user=0.01 sys=0.00, real=0.01 secs] 
151.166: Total time for which application threads were stopped: 0.0120370 seconds, Stopping threads took: 0.0001010 seconds
151.189: Application time: 0.0231030 seconds
151.190: [GC151.190: [DefNew: 65471K->7232K(65472K), 0.0207290 secs]151.210: [Tenured: 149148K->76305K(149304K), 0.1172750 secs] 205687K->76305K(214776K), [Perm : 8869K->8869K(21248K)], 0.1382190 secs] [Times: user=0.14 sys=0.00, real=0.14 secs] 
151.328: Total time for which application threads were stopped: 0.1384510 seconds, Stopping threads took: 0.0001460 seconds
151.355: Application time: 0.0273550 seconds
151.355: [GC151.355: [DefNew: 58240K->7232K(65472K), 0.0182550 secs] 134545K->93099K(210744K), 0.0183000 secs] [Times: user=0.01 sys=0.00, real=0.02 secs] 
151.374: Total time for which application threads were stopped: 0.0185110 seconds, Stopping threads took: 0.0001110 seconds
151.404: Application time: 0.0301150 seconds
151.404: [GC151.404: [DefNew: 65472K->7232K(65472K), 0.0210480 secs] 151339K->103706K(210744K), 0.0210910 secs] [Times: user=0.03 sys=0.00, real=0.03 secs] 
151.425: Total time for which application threads were stopped: 0.0212570 seconds, Stopping threads took: 0.0000770 seconds
151.457: Application time: 0.0313660 seconds
151.457: [GC151.457: [DefNew: 65472K->7232K(65472K), 0.0190810 secs] 161946K->112324K(210744K), 0.0191260 secs] [Times: user=0.02 sys=0.00, real=0.02 secs] 
151.476: Total time for which application threads were stopped: 0.0192900 seconds, Stopping threads took: 0.0000760 seconds
151.504: Application time: 0.0279400 seconds
151.504: [GC151.504: [DefNew: 65472K->7231K(65472K), 0.0187390 secs] 170564K->120493K(210744K), 0.0187820 secs] [Times: user=0.02 sys=0.00, real=0.02 secs] 
151.523: Total time for which application threads were stopped: 0.0191020 seconds, Stopping threads took: 0.0002140 seconds
151.552: Application time: 0.0290850 seconds
151.552: [GC151.552: [DefNew: 65471K->7231K(65472K), 0.0187480 secs] 178733K->131090K(210744K), 0.0187940 secs] [Times: user=0.02 sys=0.00, real=0.02 secs] 
151.571: Total time for which application threads were stopped: 0.0189920 seconds, Stopping threads took: 0.0000910 seconds
151.597: Application time: 0.0261900 seconds
151.597: [GC151.597: [DefNew: 65471K->1700K(65472K), 0.0096450 secs] 189330K->132203K(210744K), 0.0096910 secs] [Times: user=0.01 sys=0.00, real=0.01 secs] 
151.607: Total time for which application threads were stopped: 0.0098580 seconds, Stopping threads took: 0.0000790 seconds
151.632: Application time: 0.0248360 seconds
151.632: [GC151.632: [DefNew: 59940K->2871K(65472K), 0.0032020 secs] 190443K->133374K(210744K), 0.0032440 secs] [Times: user=0.00 sys=0.00, real=0.01 secs] 
151.635: Total time for which application threads were stopped: 0.0034650 seconds, Stopping threads took: 0.0001230 seconds
151.658: Application time: 0.0224770 seconds
151.658: [GC151.658: [DefNew: 61111K->4358K(65472K), 0.0060110 secs] 191614K->134861K(210744K), 0.0060480 secs] [Times: user=0.01 sys=0.00, real=0.00 secs] 
151.664: Total time for which application threads were stopped: 0.0063860 seconds, Stopping threads took: 0.0002380 seconds
151.685: Application time: 0.0211450 seconds
151.686: [GC151.686: [DefNew: 62598K->7231K(65472K), 0.0104890 secs] 193101K->139434K(210744K), 0.0105300 secs] [Times: user=0.01 sys=0.00, real=0.01 secs] 
151.696: Total time for which application threads were stopped: 0.0107500 seconds, Stopping threads took: 0.0001160 seconds
151.718: Application time: 0.0217790 seconds
151.718: [GC151.718: [DefNew: 65471K->2120K(65472K), 0.0094600 secs] 197674K->140952K(210744K), 0.0095020 secs] [Times: user=0.01 sys=0.00, real=0.01 secs] 
151.728: Total time for which application threads were stopped: 0.0097180 seconds, Stopping threads took: 0.0001270 seconds
151.749: Application time: 0.0210150 seconds
151.749: [GC151.749: [DefNew: 60360K->2737K(65472K), 0.0025640 secs] 199192K->141569K(210744K), 0.0025970 secs] [Times: user=0.00 sys=0.00, real=0.00 secs] 
151.751: Total time for which application threads were stopped: 0.0028360 seconds, Stopping threads took: 0.0001620 seconds
151.772: Application time: 0.0206330 seconds
151.772: [GC151.772: [DefNew: 60977K->7046K(65472K), 0.0049470 secs] 199809K->145878K(210744K), 0.0049890 secs] [Times: user=0.01 sys=0.00, real=0.01 secs] 
151.777: Total time for which application threads were stopped: 0.0051650 seconds, Stopping threads took: 0.0000880 seconds
151.799: Application time: 0.0217180 seconds
151.799: [GC151.799: [DefNew: 65286K->7232K(65472K), 0.0224380 secs]151.822: [Tenured: 150455K->75232K(150456K), 0.1185660 secs] 204118K->75232K(215928K), [Perm : 8869K->8869K(21248K)], 0.1412680 secs] [Times: user=0.14 sys=0.00, real=0.14 secs] 
151.941: Total time for which application threads were stopped: 0.1415300 seconds, Stopping threads took: 0.0001570 seconds
151.965: Application time: 0.0242880 seconds
151.965: [GC151.965: [DefNew: 58240K->6581K(65472K), 0.0094180 secs] 133472K->81814K(210744K), 0.0094630 secs] [Times: user=0.01 sys=0.00, real=0.01 secs] 
151.975: Total time for which application threads were stopped: 0.0097790 seconds, Stopping threads took: 0.0001980 seconds
152.002: Application time: 0.0273180 seconds
152.002: [GC152.002: [DefNew: 64821K->7232K(65472K), 0.0235260 secs] 140054K->97269K(210744K), 0.0235690 secs] [Times: user=0.02 sys=0.00, real=0.03 secs] 
152.026: Total time for which application threads were stopped: 0.0238700 seconds, Stopping threads took: 0.0002060 seconds
152.056: Application time: 0.0304950 seconds
152.056: [GC152.056: [DefNew: 65472K->7231K(65472K), 0.0204990 secs] 155509K->107649K(210744K), 0.0205410 secs] [Times: user=0.01 sys=0.00, real=0.02 secs] 
152.077: Total time for which application threads were stopped: 0.0207590 seconds, Stopping threads took: 0.0001260 seconds
152.107: Application time: 0.0300480 seconds
152.107: [GC152.107: [DefNew: 65471K->7231K(65472K), 0.0170510 secs] 165889K->115312K(210744K), 0.0170960 secs] [Times: user=0.02 sys=0.00, real=0.01 secs] 
152.124: Total time for which application threads were stopped: 0.0172940 seconds, Stopping threads took: 0.0001090 seconds
152.153: Application time: 0.0288810 seconds
152.153: [GC152.153: [DefNew: 65471K->7231K(65472K), 0.0213380 secs] 173552K->127704K(210744K), 0.0213820 secs] [Times: user=0.02 sys=0.00, real=0.02 secs] 
152.175: Total time for which application threads were stopped: 0.0216250 seconds, Stopping threads took: 0.0001460 seconds
152.204: Application time: 0.0294770 seconds
152.205: [GC152.205: [DefNew: 65471K->7231K(65472K), 0.0182300 secs] 185944K->134485K(210744K), 0.0182770 secs] [Times: user=0.02 sys=0.00, real=0.01 secs] 
152.223: Total time for which application threads were stopped: 0.0184900 seconds, Stopping threads took: 0.0001160 seconds
152.248: Application time: 0.0253910 seconds
152.249: [GC152.249: [DefNew: 65471K->1519K(65472K), 0.0084950 secs] 192725K->135456K(210744K), 0.0085390 secs] [Times: user=0.00 sys=0.00, real=0.01 secs] 
152.257: Total time for which application threads were stopped: 0.0088770 seconds, Stopping threads took: 0.0002320 seconds
152.282: Application time: 0.0244180 seconds
152.282: [GC152.282: [DefNew: 59759K->2832K(65472K), 0.0036920 secs] 193696K->136770K(210744K), 0.0037260 secs] [Times: user=0.00 sys=0.00, real=0.01 secs] 
152.286: Total time for which application threads were stopped: 0.0040250 seconds, Stopping threads took: 0.0002020 seconds
152.307: Application time: 0.0217900 seconds
152.308: [GC152.308: [DefNew: 61072K->6259K(65472K), 0.0048410 secs] 195010K->140196K(210744K), 0.0048840 secs] [Times: user=0.01 sys=0.00, real=0.00 secs] 
152.312: Total time for which application threads were stopped: 0.0051200 seconds, Stopping threads took: 0.0001290 seconds
152.334: Application time: 0.0216420 seconds
152.334: [GC152.334: [DefNew: 64499K->3765K(65472K), 0.0103870 secs] 198436K->142996K(210744K), 0.0104310 secs] [Times: user=0.01 sys=0.00, real=0.01 secs] 
152.345: Total time for which application threads were stopped: 0.0106100 seconds, Stopping threads took: 0.0000900 seconds
152.367: Application time: 0.0220320 seconds
152.367: [GC152.367: [DefNew: 62005K->718K(65472K), 0.0047650 secs] 201236K->143464K(210744K), 0.0048030 secs] [Times: user=0.00 sys=0.00, real=0.00 secs] 
152.372: Total time for which application threads were stopped: 0.0049820 seconds, Stopping threads took: 0.0000970 seconds
152.392: Application time: 0.0202350 seconds
152.392: [GC152.392: [DefNew: 58958K->1654K(65472K), 0.0029020 secs] 201704K->144400K(210744K), 0.0029340 secs] [Times: user=0.01 sys=0.00, real=0.01 secs] 
152.395: Total time for which application threads were stopped: 0.0032050 seconds, Stopping threads took: 0.0001750 seconds
152.415: Application time: 0.0200190 seconds
152.415: [GC152.415: [DefNew: 59894K->7232K(65472K), 0.0074670 secs] 202640K->151482K(210744K), 0.0075120 secs] [Times: user=0.00 sys=0.00, real=0.00 secs] 
152.423: Total time for which application threads were stopped: 0.0077460 seconds, Stopping threads took: 0.0001440 seconds
152.445: Application time: 0.0221540 seconds
152.445: [GC152.445: [DefNew: 65472K->7231K(65472K), 0.0205850 secs]152.466: [Tenured: 154657K->75177K(154680K), 0.1159340 secs] 209722K->75177K(220152K), [Perm : 8869K->8869K(21248K)], 0.1368770 secs] [Times: user=0.14 sys=0.00, real=0.13 secs] 
152.582: Total time for which application threads were stopped: 0.1370780 seconds, Stopping threads took: 0.0001170 seconds
152.607: Application time: 0.0246810 seconds
152.607: [GC152.607: [DefNew: 58240K->6622K(65472K), 0.0069210 secs] 133417K->81799K(210744K), 0.0069640 secs] [Times: user=0.01 sys=0.00, real=0.01 secs] 
152.614: Total time for which application threads were stopped: 0.0071770 seconds, Stopping threads took: 0.0001140 seconds
152.642: Application time: 0.0278570 seconds
152.642: [GC152.642: [DefNew: 64862K->7231K(65472K), 0.0298580 secs] 140039K->98246K(210744K), 0.0299030 secs] [Times: user=0.03 sys=0.00, real=0.03 secs] 
152.672: Total time for which application threads were stopped: 0.0300910 seconds, Stopping threads took: 0.0001050 seconds
152.703: Application time: 0.0307420 seconds
152.703: [GC152.703: [DefNew: 65471K->7231K(65472K), 0.0205920 secs] 156486K->105651K(210744K), 0.0206360 secs] [Times: user=0.02 sys=0.00, real=0.02 secs] 
152.724: Total time for which application threads were stopped: 0.0208510 seconds, Stopping threads took: 0.0001210 seconds
152.753: Application time: 0.0290820 seconds
152.753: [GC152.753: [DefNew: 65471K->7231K(65472K), 0.0171990 secs] 163891K->113258K(210744K), 0.0172420 secs] [Times: user=0.02 sys=0.00, real=0.01 secs] 
152.770: Total time for which application threads were stopped: 0.0174960 seconds, Stopping threads took: 0.0001670 seconds
152.799: Application time: 0.0290930 seconds
152.800: [GC152.800: [DefNew: 65471K->7232K(65472K), 0.0200720 secs] 171498K->124093K(210744K), 0.0201240 secs] [Times: user=0.02 sys=0.00, real=0.02 secs] 
152.820: Total time for which application threads were stopped: 0.0203970 seconds, Stopping threads took: 0.0001670 seconds
152.848: Application time: 0.0286600 seconds
152.849: [GC152.849: [DefNew: 65472K->6867K(65472K), 0.0168630 secs] 182333K->130603K(210744K), 0.0169070 secs] [Times: user=0.02 sys=0.00, real=0.02 secs] 
152.866: Total time for which application threads were stopped: 0.0173200 seconds, Stopping threads took: 0.0003050 seconds
152.890: Application time: 0.0247700 seconds
152.891: [GC152.891: [DefNew: 65107K->1862K(65472K), 0.0073850 secs] 188843K->131055K(210744K), 0.0074300 secs] [Times: user=0.00 sys=0.00, real=0.01 secs] 
152.898: Total time for which application threads were stopped: 0.0078010 seconds, Stopping threads took: 0.0002620 seconds
152.922: Application time: 0.0235800 seconds
152.922: [GC152.922: [DefNew: 60102K->3481K(65472K), 0.0038480 secs] 189295K->132674K(210744K), 0.0038860 secs] [Times: user=0.01 sys=0.00, real=0.01 secs] 
152.926: Total time for which application threads were stopped: 0.0042090 seconds, Stopping threads took: 0.0002430 seconds
152.948: Application time: 0.0219390 seconds
152.948: [GC152.948: [DefNew: 61721K->7231K(65472K), 0.0079530 secs] 190914K->137395K(210744K), 0.0079990 secs] [Times: user=0.01 sys=0.00, real=0.01 secs] 
152.956: Total time for which application threads were stopped: 0.0082100 seconds, Stopping threads took: 0.0001220 seconds
152.978: Application time: 0.0214140 seconds
152.978: [GC152.978: [DefNew: 65471K->1794K(65472K), 0.0083580 secs] 195635K->138662K(210744K), 0.0084030 secs] [Times: user=0.01 sys=0.00, real=0.01 secs] 
152.986: Total time for which application threads were stopped: 0.0086240 seconds, Stopping threads took: 0.0001300 seconds
153.008: Application time: 0.0213440 seconds
153.008: [GC153.008: [DefNew: 60034K->2706K(65472K), 0.0026540 secs] 196902K->139574K(210744K), 0.0026850 secs] [Times: user=0.00 sys=0.00, real=0.00 secs] 
153.010: Total time for which application threads were stopped: 0.0028350 seconds, Stopping threads took: 0.0000730 seconds
153.030: Application time: 0.0194190 seconds
153.030: [GC153.030: [DefNew: 60946K->2572K(65472K), 0.0027140 secs] 197814K->139440K(210744K), 0.0027450 secs] [Times: user=0.00 sys=0.00, real=0.01 secs] 
153.033: Total time for which application threads were stopped: 0.0028970 seconds, Stopping threads took: 0.0000700 seconds
153.053: Application time: 0.0202610 seconds
153.053: [GC153.053: [DefNew: 60812K->7231K(65472K), 0.0116200 secs] 197680K->149394K(210744K), 0.0116630 secs] [Times: user=0.01 sys=0.00, real=0.01 secs] 
153.065: Total time for which application threads were stopped: 0.0118520 seconds, Stopping threads took: 0.0001010 seconds
153.088: Application time: 0.0227120 seconds
153.088: [GC153.088: [DefNew: 65471K->7231K(65472K), 0.0235240 secs]153.111: [Tenured: 152288K->82946K(152376K), 0.1188090 secs] 207634K->82946K(217848K), [Perm : 8869K->8869K(21248K)], 0.1426330 secs] [Times: user=0.14 sys=0.00, real=0.14 secs] 
153.231: Total time for which application threads were stopped: 0.1429430 seconds, Stopping threads took: 0.0002050 seconds
153.256: Application time: 0.0252270 seconds
153.256: [GC153.256: [DefNew: 58240K->7231K(65472K), 0.0106480 secs] 141186K->94312K(210744K), 0.0106920 secs] [Times: user=0.01 sys=0.00, real=0.01 secs] 
153.267: Total time for which application threads were stopped: 0.0110130 seconds, Stopping threads took: 0.0002230 seconds
153.296: Application time: 0.0289460 seconds
153.296: [GC153.296: [DefNew: 65471K->7232K(65472K), 0.0244460 secs] 152552K->106709K(210744K), 0.0244940 secs] [Times: user=0.02 sys=0.01, real=0.02 secs] 
153.320: Total time for which application threads were stopped: 0.0247630 seconds, Stopping threads took: 0.0001580 seconds
153.351: Application time: 0.0306790 seconds
153.351: [GC153.351: [DefNew: 65472K->7232K(65472K), 0.0192380 secs] 164949K->114871K(210744K), 0.0192920 secs] [Times: user=0.02 sys=0.00, real=0.02 secs] 
153.371: Total time for which application threads were stopped: 0.0196190 seconds, Stopping threads took: 0.0002210 seconds
153.401: Application time: 0.0301450 seconds
153.401: [GC153.401: [DefNew: 65472K->7231K(65472K), 0.0226410 secs] 173111K->126216K(210744K), 0.0226880 secs] [Times: user=0.02 sys=0.00, real=0.02 secs] 
153.424: Total time for which application threads were stopped: 0.0228550 seconds, Stopping threads took: 0.0000770 seconds
153.454: Application time: 0.0299810 seconds
153.454: [GC153.454: [DefNew: 65471K->6904K(65472K), 0.0148020 secs] 184456K->132072K(210744K), 0.0148490 secs] [Times: user=0.02 sys=0.00, real=0.01 secs] 
153.469: Total time for which application threads were stopped: 0.0150560 seconds, Stopping threads took: 0.0001220 seconds
153.496: Application time: 0.0266900 seconds
153.496: [GC153.496: [DefNew: 65144K->1980K(65472K), 0.0075640 secs] 190312K->133524K(210744K), 0.0076090 secs] [Times: user=0.01 sys=0.00, real=0.00 secs] 
153.503: Total time for which application threads were stopped: 0.0078010 seconds, Stopping threads took: 0.0001040 seconds
153.528: Application time: 0.0244580 seconds
153.528: [GC153.528: [DefNew: 60168K->3765K(65472K), 0.0039150 secs] 191712K->135310K(210744K), 0.0039510 secs] [Times: user=0.01 sys=0.00, real=0.00 secs] 
153.532: Total time for which application threads were stopped: 0.0041570 seconds, Stopping threads took: 0.0001220 seconds
153.555: Application time: 0.0231450 seconds
153.555: [GC153.555: [DefNew: 62005K->6782K(65472K), 0.0062820 secs] 193550K->139052K(210744K), 0.0063260 secs] [Times: user=0.01 sys=0.00, real=0.00 secs] 
153.562: Total time for which application threads were stopped: 0.0065800 seconds, Stopping threads took: 0.0001660 seconds
153.583: Application time: 0.0218050 seconds
153.584: [GC153.584: [DefNew: 65022K->3127K(65472K), 0.0097680 secs] 197292K->141372K(210744K), 0.0098110 secs] [Times: user=0.01 sys=0.00, real=0.02 secs] 
153.594: Total time for which application threads were stopped: 0.0101690 seconds, Stopping threads took: 0.0002510 seconds
153.616: Application time: 0.0222040 seconds
153.616: [GC153.616: [DefNew: 61367K->3392K(65472K), 0.0030830 secs] 199612K->141637K(210744K), 0.0031200 secs] [Times: user=0.00 sys=0.00, real=0.00 secs] 
153.619: Total time for which application threads were stopped: 0.0033940 seconds, Stopping threads took: 0.0001920 seconds
153.640: Application time: 0.0205800 seconds
153.640: [GC153.640: [DefNew: 61632K->4056K(65472K), 0.0038770 secs] 199877K->142301K(210744K), 0.0039130 secs] [Times: user=0.00 sys=0.00, real=0.00 secs] 
153.644: Total time for which application threads were stopped: 0.0040910 seconds, Stopping threads took: 0.0000960 seconds
153.663: Application time: 0.0195540 seconds
153.664: [GC153.664: [DefNew: 62296K->2123K(65472K), 0.0052390 secs] 200541K->143216K(210744K), 0.0052800 secs] [Times: user=0.00 sys=0.00, real=0.01 secs] 
153.669: Total time for which application threads were stopped: 0.0055190 seconds, Stopping threads took: 0.0001370 seconds
153.690: Application time: 0.0213250 seconds
153.691: [GC153.691: [DefNew: 60363K->7232K(65472K), 0.0178110 secs]153.708: [Tenured: 149683K->79095K(149688K), 0.1163910 secs] 201456K->79095K(215160K), [Perm : 8869K->8869K(21248K)], 0.1344270 secs] [Times: user=0.14 sys=0.00, real=0.14 secs] 
153.825: Total time for which application threads were stopped: 0.1346550 seconds, Stopping threads took: 0.0001240 seconds
153.848: Application time: 0.0234920 seconds
153.849: [GC153.849: [DefNew: 58240K->7232K(65472K), 0.0109550 secs] 137335K->87309K(210744K), 0.0110060 secs] [Times: user=0.02 sys=0.00, real=0.01 secs] 
153.860: Total time for which application threads were stopped: 0.0113800 seconds, Stopping threads took: 0.0002560 seconds
153.887: Application time: 0.0269420 seconds
153.887: [GC153.887: [DefNew: 65472K->7232K(65472K), 0.0216350 secs] 145549K->101758K(210744K), 0.0216900 secs] [Times: user=0.02 sys=0.00, real=0.02 secs] 
153.909: Total time for which application threads were stopped: 0.0219700 seconds, Stopping threads took: 0.0001960 seconds
153.938: Application time: 0.0293540 seconds
153.938: [GC153.938: [DefNew: 65472K->7231K(65472K), 0.0226710 secs] 159998K->112070K(210744K), 0.0227150 secs] [Times: user=0.02 sys=0.00, real=0.02 secs] 
153.961: Total time for which application threads were stopped: 0.0228990 seconds, Stopping threads took: 0.0000980 seconds
153.992: Application time: 0.0307600 seconds
153.992: [GC153.992: [DefNew: 65471K->7232K(65472K), 0.0200580 secs] 170310K->122309K(210744K), 0.0201040 secs] [Times: user=0.02 sys=0.00, real=0.02 secs] 
154.012: Total time for which application threads were stopped: 0.0203340 seconds, Stopping threads took: 0.0001430 seconds
154.042: Application time: 0.0294990 seconds
154.042: [GC154.042: [DefNew: 65472K->7232K(65472K), 0.0290850 secs] 180549K->136215K(210744K), 0.0291290 secs] [Times: user=0.03 sys=0.00, real=0.03 secs] 
154.071: Total time for which application threads were stopped: 0.0293560 seconds, Stopping threads took: 0.0001400 seconds
154.103: Application time: 0.0315830 seconds
154.103: [GC154.103: [DefNew: 65472K->7160K(65472K), 0.0201070 secs] 194455K->143185K(210744K), 0.0201490 secs] [Times: user=0.02 sys=0.00, real=0.02 secs] 
154.123: Total time for which application threads were stopped: 0.0203490 seconds, Stopping threads took: 0.0001190 seconds
154.148: Application time: 0.0254810 seconds
154.149: [GC154.149: [DefNew: 65400K->1534K(65472K), 0.0068980 secs] 201425K->143150K(210744K), 0.0069420 secs] [Times: user=0.01 sys=0.00, real=0.01 secs] 
154.156: Total time for which application threads were stopped: 0.0072520 seconds, Stopping threads took: 0.0002040 seconds
154.180: Application time: 0.0247510 seconds
154.181: [GC154.181: [DefNew: 59774K->5799K(65472K), 0.0045500 secs] 201390K->147415K(210744K), 0.0045930 secs] [Times: user=0.01 sys=0.00, real=0.01 secs] 
154.185: Total time for which application threads were stopped: 0.0049670 seconds, Stopping threads took: 0.0002780 seconds
154.209: Application time: 0.0231430 seconds
154.209: [GC154.209: [DefNew: 64039K->5530K(65472K), 0.0099640 secs] 205655K->150442K(210744K), 0.0100100 secs] [Times: user=0.01 sys=0.00, real=0.01 secs] 
154.219: Total time for which application threads were stopped: 0.0102230 seconds, Stopping threads took: 0.0001260 seconds
154.241: Application time: 0.0219440 seconds
154.241: [GC154.241: [DefNew: 63770K->986K(65472K), 0.0073730 secs]154.248: [Tenured: 149986K->84156K(150072K), 0.1202950 secs] 208682K->84156K(215544K), [Perm : 8869K->8869K(21248K)], 0.1279020 secs] [Times: user=0.12 sys=0.00, real=0.13 secs] 
154.369: Total time for which application threads were stopped: 0.1281300 seconds, Stopping threads took: 0.0001430 seconds
154.390: Application time: 0.0215430 seconds
154.391: [GC154.391: [DefNew: 58240K->1215K(65472K), 0.0021120 secs] 142396K->85371K(210744K), 0.0021410 secs] [Times: user=0.00 sys=0.00, real=0.01 secs] 
154.393: Total time for which application threads were stopped: 0.0024550 seconds, Stopping threads took: 0.0002080 seconds
154.413: Application time: 0.0197430 seconds
154.413: [GC154.413: [DefNew: 59455K->1229K(65472K), 0.0020460 secs] 143611K->85385K(210744K), 0.0020740 secs] [Times: user=0.00 sys=0.00, real=0.00 secs] 
154.415: Total time for which application threads were stopped: 0.0022450 seconds, Stopping threads took: 0.0000790 seconds
154.434: Application time: 0.0192960 seconds
154.434: [GC154.434: [DefNew: 59469K->5962K(65472K), 0.0046280 secs] 143625K->90118K(210744K), 0.0046640 secs] [Times: user=0.00 sys=0.00, real=0.00 secs] 
154.439: Total time for which application threads were stopped: 0.0049170 seconds, Stopping threads took: 0.0001500 seconds
154.461: Application time: 0.0223840 seconds
154.462: [GC154.462: [DefNew: 64202K->7232K(65472K), 0.0215690 secs] 148358K->102123K(210744K), 0.0216130 secs] [Times: user=0.02 sys=0.00, real=0.02 secs] 
154.483: Total time for which application threads were stopped: 0.0218600 seconds, Stopping threads took: 0.0001330 seconds
154.507: Application time: 0.0234900 seconds
154.507: [GC154.507: [DefNew: 65472K->4765K(65472K), 0.0142370 secs] 160363K->106286K(210744K), 0.0142840 secs] [Times: user=0.02 sys=0.00, real=0.01 secs] 
154.521: Total time for which application threads were stopped: 0.0145300 seconds, Stopping threads took: 0.0001470 seconds
154.549: Application time: 0.0272030 seconds
154.549: [GC154.549: [DefNew: 63005K->7232K(65472K), 0.0230390 secs] 164526K->123445K(210744K), 0.0230860 secs] [Times: user=0.03 sys=0.00, real=0.02 secs] 
154.572: Total time for which application threads were stopped: 0.0233210 seconds, Stopping threads took: 0.0001440 seconds
154.601: Application time: 0.0288840 seconds
154.601: [GC154.601: [DefNew: 65472K->7232K(65472K), 0.0181780 secs] 181685K->132136K(210744K), 0.0182180 secs] [Times: user=0.02 sys=0.00, real=0.02 secs] 
154.619: Total time for which application threads were stopped: 0.0184150 seconds, Stopping threads took: 0.0001100 seconds
154.650: Application time: 0.0313290 seconds
154.651: [GC154.651: [DefNew: 65472K->7231K(65472K), 0.0220620 secs] 190376K->142028K(210744K), 0.0221070 secs] [Times: user=0.02 sys=0.00, real=0.03 secs] 
154.673: Total time for which application threads were stopped: 0.0223120 seconds, Stopping threads took: 0.0001160 seconds
154.703: Application time: 0.0299950 seconds
154.703: [GC154.703: [DefNew: 65471K->7232K(65472K), 0.0228090 secs] 200268K->150401K(210744K), 0.0228530 secs] [Times: user=0.02 sys=0.00, real=0.03 secs] 
154.726: Total time for which application threads were stopped: 0.0230390 seconds, Stopping threads took: 0.0000990 seconds
154.755: Application time: 0.0287120 seconds
154.755: [GC154.755: [DefNew: 65472K->7231K(65472K), 0.0180100 secs]154.773: [Tenured: 149908K->77008K(150072K), 0.1271660 secs] 208641K->77008K(215544K), [Perm : 8869K->8869K(21248K)], 0.1454420 secs] [Times: user=0.14 sys=0.01, real=0.14 secs] 
154.900: Total time for which application threads were stopped: 0.1458180 seconds, Stopping threads took: 0.0002880 seconds
154.925: Application time: 0.0248010 seconds
154.926: [GC154.926: [DefNew: 58240K->2738K(65472K), 0.0032640 secs] 135248K->79746K(210744K), 0.0032970 secs] [Times: user=0.00 sys=0.00, real=0.00 secs] 
154.929: Total time for which application threads were stopped: 0.0036610 seconds, Stopping threads took: 0.0002530 seconds
154.954: Application time: 0.0255440 seconds
154.955: [GC154.955: [DefNew: 60978K->7231K(65472K), 0.0084350 secs] 137986K->85290K(210744K), 0.0084800 secs] [Times: user=0.00 sys=0.00, real=0.00 secs] 
154.963: Total time for which application threads were stopped: 0.0088320 seconds, Stopping threads took: 0.0002460 seconds
154.986: Application time: 0.0227930 seconds
154.986: [GC154.986: [DefNew: 65471K->1854K(65472K), 0.0084260 secs] 143530K->86624K(210744K), 0.0084710 secs] [Times: user=0.00 sys=0.00, real=0.01 secs] 
154.995: Total time for which application threads were stopped: 0.0087320 seconds, Stopping threads took: 0.0001620 seconds
155.017: Application time: 0.0220710 seconds
155.017: [GC155.017: [DefNew: 60094K->2770K(65472K), 0.0034370 secs] 144864K->87540K(210744K), 0.0034700 secs] [Times: user=0.00 sys=0.00, real=0.00 secs] 
155.021: Total time for which application threads were stopped: 0.0037990 seconds, Stopping threads took: 0.0002310 seconds
155.042: Application time: 0.0210940 seconds
155.042: [GC155.042: [DefNew: 61010K->3075K(65472K), 0.0032710 secs] 145780K->87845K(210744K), 0.0033050 secs] [Times: user=0.01 sys=0.00, real=0.01 secs] 
155.045: Total time for which application threads were stopped: 0.0035380 seconds, Stopping threads took: 0.0001540 seconds
155.065: Application time: 0.0193290 seconds
155.065: [GC155.065: [DefNew: 61315K->5226K(65472K), 0.0058690 secs] 146085K->89996K(210744K), 0.0059090 secs] [Times: user=0.01 sys=0.00, real=0.00 secs] 
155.071: Total time for which application threads were stopped: 0.0062430 seconds, Stopping threads took: 0.0002500 seconds
155.091: Application time: 0.0198520 seconds
155.091: [GC155.091: [DefNew: 63466K->7232K(65472K), 0.0105670 secs] 148236K->96775K(210744K), 0.0106220 secs] [Times: user=0.01 sys=0.00, real=0.01 secs] 
155.102: Total time for which application threads were stopped: 0.0108560 seconds, Stopping threads took: 0.0001460 seconds
155.124: Application time: 0.0224020 seconds
155.124: [GC155.124: [DefNew: 65472K->7231K(65472K), 0.0189050 secs] 155015K->105610K(210744K), 0.0189510 secs] [Times: user=0.01 sys=0.00, real=0.02 secs] 
155.143: Total time for which application threads were stopped: 0.0191610 seconds, Stopping threads took: 0.0001190 seconds
155.167: Application time: 0.0242760 seconds
155.168: [GC155.168: [DefNew: 65471K->6426K(65472K), 0.0100770 secs] 163850K->111361K(210744K), 0.0101200 secs] [Times: user=0.01 sys=0.00, real=0.01 secs] 
155.178: Total time for which application threads were stopped: 0.0103430 seconds, Stopping threads took: 0.0001360 seconds
155.205: Application time: 0.0272340 seconds
155.205: [GC155.205: [DefNew: 64666K->7232K(65472K), 0.0237770 secs] 169601K->126208K(210744K), 0.0238210 secs] [Times: user=0.02 sys=0.00, real=0.02 secs] 
155.229: Total time for which application threads were stopped: 0.0240080 seconds, Stopping threads took: 0.0001020 seconds
155.260: Application time: 0.0308110 seconds
155.260: [GC155.260: [DefNew: 65472K->7231K(65472K), 0.0305750 secs] 184448K->140288K(210744K), 0.0306210 secs] [Times: user=0.03 sys=0.00, real=0.03 secs] 
155.291: Total time for which application threads were stopped: 0.0308250 seconds, Stopping threads took: 0.0001190 seconds
155.321: Application time: 0.0308680 seconds
155.322: [GC155.322: [DefNew: 65471K->7232K(65472K), 0.0290020 secs] 198528K->151415K(210744K), 0.0290480 secs] [Times: user=0.03 sys=0.00, real=0.03 secs] 
155.351: Total time for which application threads were stopped: 0.0292300 seconds, Stopping threads took: 0.0000960 seconds
155.380: Application time: 0.0297810 seconds
155.381: [GC155.381: [DefNew: 65472K->7231K(65472K), 0.0175280 secs]155.398: [Tenured: 151242K->76550K(151416K), 0.1190480 secs] 209655K->76550K(216888K), [Perm : 8869K->8869K(21248K)], 0.1368390 secs] [Times: user=0.14 sys=0.00, real=0.14 secs] 
155.517: Total time for which application threads were stopped: 0.1369970 seconds, Stopping threads took: 0.0000740 seconds
155.545: Application time: 0.0276860 seconds
155.545: [GC155.545: [DefNew: 58240K->7231K(65472K), 0.0089570 secs] 134790K->83848K(210744K), 0.0090010 secs] [Times: user=0.01 sys=0.00, real=0.01 secs] 
155.554: Total time for which application threads were stopped: 0.0092290 seconds, Stopping threads took: 0.0001260 seconds
155.580: Application time: 0.0252440 seconds
155.580: [GC155.580: [DefNew: 65471K->5634K(65472K), 0.0091950 secs] 142088K->87658K(210744K), 0.0092380 secs] [Times: user=0.01 sys=0.00, real=0.01 secs] 
155.589: Total time for which application threads were stopped: 0.0094560 seconds, Stopping threads took: 0.0001310 seconds
155.614: Application time: 0.0250270 seconds
155.614: [GC155.614: [DefNew: 63874K->3878K(65472K), 0.0094370 secs] 145898K->90289K(210744K), 0.0094800 secs] [Times: user=0.01 sys=0.00, real=0.00 secs] 
155.624: Total time for which application threads were stopped: 0.0096960 seconds, Stopping threads took: 0.0001290 seconds
155.646: Application time: 0.0224810 seconds
155.647: [GC155.647: [DefNew: 62118K->337K(65472K), 0.0044610 secs] 148529K->90389K(210744K), 0.0044990 secs] [Times: user=0.00 sys=0.00, real=0.00 secs] 
155.651: Total time for which application threads were stopped: 0.0047030 seconds, Stopping threads took: 0.0001200 seconds
155.672: Application time: 0.0214250 seconds
155.673: [GC155.673: [DefNew: 58577K->1224K(65472K), 0.0018060 secs] 148629K->91277K(210744K), 0.0018370 secs] [Times: user=0.00 sys=0.00, real=0.00 secs] 
155.675: Total time for which application threads were stopped: 0.0020370 seconds, Stopping threads took: 0.0001260 seconds
155.695: Application time: 0.0202770 seconds
155.695: [GC155.695: [DefNew: 59464K->2787K(65472K), 0.0037230 secs] 149517K->92839K(210744K), 0.0037560 secs] [Times: user=0.00 sys=0.00, real=0.00 secs] 
155.699: Total time for which application threads were stopped: 0.0039300 seconds, Stopping threads took: 0.0000950 seconds
155.718: Application time: 0.0194890 seconds
155.718: [GC155.718: [DefNew: 61027K->3726K(65472K), 0.0041460 secs] 151079K->93778K(210744K), 0.0041810 secs] [Times: user=0.00 sys=0.00, real=0.00 secs] 
155.723: Total time for which application threads were stopped: 0.0043910 seconds, Stopping threads took: 0.0001320 seconds
155.744: Application time: 0.0209620 seconds
155.744: [GC155.744: [DefNew: 61966K->7231K(65472K), 0.0150520 secs] 152018K->105050K(210744K), 0.0150940 secs] [Times: user=0.02 sys=0.00, real=0.02 secs] 
155.759: Total time for which application threads were stopped: 0.0152960 seconds, Stopping threads took: 0.0001130 seconds
155.782: Application time: 0.0228590 seconds
155.782: [GC155.782: [DefNew: 65471K->7231K(65472K), 0.0141660 secs] 163290K->110849K(210744K), 0.0142090 secs] [Times: user=0.01 sys=0.00, real=0.02 secs] 
155.796: Total time for which application threads were stopped: 0.0144090 seconds, Stopping threads took: 0.0001120 seconds
155.822: Application time: 0.0254580 seconds
155.822: [GC155.822: [DefNew: 65471K->7231K(65472K), 0.0174930 secs] 169089K->120919K(210744K), 0.0175390 secs] [Times: user=0.01 sys=0.00, real=0.02 secs] 
155.840: Total time for which application threads were stopped: 0.0179180 seconds, Stopping threads took: 0.0002740 seconds
155.867: Application time: 0.0278350 seconds
155.868: [GC155.868: [DefNew: 65471K->7231K(65472K), 0.0245500 secs] 179159K->132509K(210744K), 0.0245940 secs] [Times: user=0.03 sys=0.00, real=0.02 secs] 
155.892: Total time for which application threads were stopped: 0.0248670 seconds, Stopping threads took: 0.0001870 seconds
155.924: Application time: 0.0319480 seconds
155.924: [GC155.924: [DefNew: 65471K->7232K(65472K), 0.0244530 secs] 190749K->146289K(210744K), 0.0244950 secs] [Times: user=0.03 sys=0.00, real=0.03 secs] 
155.949: Total time for which application threads were stopped: 0.0246910 seconds, Stopping threads took: 0.0001090 seconds
155.979: Application time: 0.0304650 seconds
155.980: [GC155.980: [DefNew: 65472K->7231K(65472K), 0.0248050 secs]156.005: [Tenured: 147635K->78075K(147768K), 0.1203930 secs] 204529K->78075K(213240K), [Perm : 8869K->8869K(21248K)], 0.1453630 secs] [Times: user=0.15 sys=0.00, real=0.15 secs] 
156.125: Total time for which application threads were stopped: 0.1458080 seconds, Stopping threads took: 0.0003420 seconds
156.154: Application time: 0.0293460 seconds
156.155: [GC156.155: [DefNew: 58240K->7232K(65472K), 0.0101260 secs] 136315K->86691K(210744K), 0.0101690 secs] [Times: user=0.01 sys=0.00, real=0.01 secs] 
156.165: Total time for which application threads were stopped: 0.0105000 seconds, Stopping threads took: 0.0002130 seconds
156.191: Application time: 0.0263580 seconds
156.192: [GC156.192: [DefNew: 65472K->5337K(65472K), 0.0126070 secs] 144931K->90782K(210744K), 0.0126470 secs] [Times: user=0.02 sys=0.00, real=0.01 secs] 
156.204: Total time for which application threads were stopped: 0.0129160 seconds, Stopping threads took: 0.0001790 seconds
156.230: Application time: 0.0258640 seconds
156.230: [GC156.230: [DefNew: 63577K->7110K(65472K), 0.0116350 secs] 149022K->96040K(210744K), 0.0116780 secs] [Times: user=0.02 sys=0.00, real=0.01 secs] 
156.242: Total time for which application threads were stopped: 0.0119280 seconds, Stopping threads took: 0.0001610 seconds
156.266: Application time: 0.0243020 seconds
156.267: [GC156.267: [DefNew: 65350K->1342K(65472K), 0.0088190 secs] 154280K->96731K(210744K), 0.0088640 secs] [Times: user=0.01 sys=0.00, real=0.01 secs] 
156.275: Total time for which application threads were stopped: 0.0091200 seconds, Stopping threads took: 0.0001670 seconds
156.297: Application time: 0.0219200 seconds
156.298: [GC156.298: [DefNew: 59582K->2377K(65472K), 0.0026060 secs] 154971K->97765K(210744K), 0.0026390 secs] [Times: user=0.01 sys=0.00, real=0.00 secs] 
156.300: Total time for which application threads were stopped: 0.0029730 seconds, Stopping threads took: 0.0002370 seconds
156.321: Application time: 0.0207680 seconds
156.321: [GC156.321: [DefNew: 60617K->2595K(65472K), 0.0032050 secs] 156005K->97984K(210744K), 0.0032390 secs] [Times: user=0.01 sys=0.00, real=0.01 secs] 
156.325: Total time for which application threads were stopped: 0.0034500 seconds, Stopping threads took: 0.0001330 seconds
156.345: Application time: 0.0204230 seconds
156.345: [GC156.345: [DefNew: 60835K->4074K(65472K), 0.0048740 secs] 156224K->99463K(210744K), 0.0049110 secs] [Times: user=0.00 sys=0.00, real=0.00 secs] 
156.350: Total time for which application threads were stopped: 0.0051030 seconds, Stopping threads took: 0.0001100 seconds
156.370: Application time: 0.0196460 seconds
156.370: [GC156.370: [DefNew: 62314K->6633K(65472K), 0.0062270 secs] 157703K->103100K(210744K), 0.0062700 secs] [Times: user=0.01 sys=0.00, real=0.01 secs] 
156.376: Total time for which application threads were stopped: 0.0064590 seconds, Stopping threads took: 0.0001000 seconds
156.397: Application time: 0.0210260 seconds
156.398: [GC156.398: [DefNew: 64873K->7232K(65472K), 0.0155700 secs] 161340K->112673K(210744K), 0.0156150 secs] [Times: user=0.02 sys=0.00, real=0.02 secs] 
156.413: Total time for which application threads were stopped: 0.0158780 seconds, Stopping threads took: 0.0001580 seconds
156.436: Application time: 0.0231440 seconds
156.436: [GC156.436: [DefNew: 65472K->6622K(65472K), 0.0127470 secs] 170913K->118074K(210744K), 0.0127890 secs] [Times: user=0.02 sys=0.00, real=0.01 secs] 
156.449: Total time for which application threads were stopped: 0.0129850 seconds, Stopping threads took: 0.0001000 seconds
156.475: Application time: 0.0257090 seconds
156.475: [GC156.475: [DefNew: 64862K->7232K(65472K), 0.0209430 secs] 176314K->131530K(210744K), 0.0209890 secs] [Times: user=0.02 sys=0.00, real=0.02 secs] 
156.496: Total time for which application threads were stopped: 0.0212570 seconds, Stopping threads took: 0.0001620 seconds
156.525: Application time: 0.0286010 seconds
156.525: [GC156.525: [DefNew: 65472K->7231K(65472K), 0.0262340 secs] 189770K->142698K(210744K), 0.0262780 secs] [Times: user=0.03 sys=0.00, real=0.02 secs] 
156.551: Total time for which application threads were stopped: 0.0264520 seconds, Stopping threads took: 0.0000870 seconds
156.583: Application time: 0.0320470 seconds
156.584: [GC156.584: [DefNew: 65471K->7231K(65472K), 0.0248640 secs]156.609: [Tenured: 146441K->82026K(146616K), 0.1182060 secs] 200938K->82026K(212088K), [Perm : 8869K->8869K(21248K)], 0.1432020 secs] [Times: user=0.14 sys=0.00, real=0.15 secs] 
156.727: Total time for which application threads were stopped: 0.1434830 seconds, Stopping threads took: 0.0001970 seconds
156.758: Application time: 0.0311290 seconds
156.758: [GC156.758: [DefNew: 58240K->7232K(65472K), 0.0108870 secs] 140266K->91717K(210744K), 0.0109320 secs] [Times: user=0.01 sys=0.00, real=0.01 secs] 
156.769: Total time for which application threads were stopped: 0.0111110 seconds, Stopping threads took: 0.0000780 seconds
156.798: Application time: 0.0284830 seconds
156.798: [GC156.798: [DefNew: 65472K->7232K(65472K), 0.0148950 secs] 149957K->98184K(210744K), 0.0149410 secs] [Times: user=0.02 sys=0.00, real=0.02 secs] 
156.813: Total time for which application threads were stopped: 0.0152580 seconds, Stopping threads took: 0.0002110 seconds
156.840: Application time: 0.0267180 seconds
156.840: [GC156.840: [DefNew: 65472K->7232K(65472K), 0.0170010 secs] 156424K->105264K(210744K), 0.0170450 secs] [Times: user=0.02 sys=0.00, real=0.02 secs] 
156.857: Total time for which application threads were stopped: 0.0173210 seconds, Stopping threads took: 0.0001700 seconds
156.883: Application time: 0.0263650 seconds
156.884: [GC156.884: [DefNew: 65472K->2584K(65472K), 0.0094950 secs] 163504K->106920K(210744K), 0.0095380 secs] [Times: user=0.01 sys=0.00, real=0.02 secs] 
156.893: Total time for which application threads were stopped: 0.0098520 seconds, Stopping threads took: 0.0002080 seconds
156.917: Application time: 0.0234490 seconds
156.917: [GC156.917: [DefNew: 60824K->3395K(65472K), 0.0035660 secs] 165160K->107731K(210744K), 0.0036100 secs] [Times: user=0.01 sys=0.00, real=0.00 secs] 
156.920: Total time for which application threads were stopped: 0.0038530 seconds, Stopping threads took: 0.0001610 seconds
156.942: Application time: 0.0216300 seconds
156.942: [GC156.942: [DefNew: 61635K->4170K(65472K), 0.0044590 secs] 165971K->108506K(210744K), 0.0044980 secs] [Times: user=0.00 sys=0.00, real=0.01 secs] 
156.947: Total time for which application threads were stopped: 0.0047180 seconds, Stopping threads took: 0.0001350 seconds
156.968: Application time: 0.0209100 seconds
156.968: [GC156.968: [DefNew: 62410K->3061K(65472K), 0.0057010 secs] 166746K->109603K(210744K), 0.0057420 secs] [Times: user=0.00 sys=0.00, real=0.01 secs] 
156.974: Total time for which application threads were stopped: 0.0059620 seconds, Stopping threads took: 0.0001320 seconds
156.994: Application time: 0.0199980 seconds
156.994: [GC156.994: [DefNew: 61301K->3419K(65472K), 0.0043390 secs] 167843K->109960K(210744K), 0.0043730 secs] [Times: user=0.01 sys=0.00, real=0.00 secs] 
156.998: Total time for which application threads were stopped: 0.0046670 seconds, Stopping threads took: 0.0001940 seconds
157.018: Application time: 0.0198860 seconds
157.018: [GC157.018: [DefNew: 61659K->7231K(65472K), 0.0093370 secs] 168200K->116092K(210744K), 0.0093800 secs] [Times: user=0.01 sys=0.00, real=0.01 secs] 
157.028: Total time for which application threads were stopped: 0.0095940 seconds, Stopping threads took: 0.0001260 seconds
157.049: Application time: 0.0215560 seconds
157.050: [GC157.050: [DefNew: 65471K->7232K(65472K), 0.0171600 secs] 174332K->124537K(210744K), 0.0172030 secs] [Times: user=0.02 sys=0.00, real=0.02 secs] 
157.067: Total time for which application threads were stopped: 0.0175070 seconds, Stopping threads took: 0.0002000 seconds
157.090: Application time: 0.0229670 seconds
157.090: [GC157.090: [DefNew: 65472K->7232K(65472K), 0.0127340 secs] 182777K->131216K(210744K), 0.0127760 secs] [Times: user=0.01 sys=0.00, real=0.01 secs] 
157.103: Total time for which application threads were stopped: 0.0129810 seconds, Stopping threads took: 0.0001180 seconds
157.129: Application time: 0.0263920 seconds
157.129: [GC157.129: [DefNew: 65472K->7231K(65472K), 0.0215860 secs] 189456K->143336K(210744K), 0.0216310 secs] [Times: user=0.02 sys=0.00, real=0.02 secs] 
157.151: Total time for which application threads were stopped: 0.0218230 seconds, Stopping threads took: 0.0001050 seconds
157.181: Application time: 0.0301790 seconds
157.181: [GC157.181: [DefNew: 65471K->7232K(65472K), 0.0265190 secs]157.208: [Tenured: 150664K->75849K(150840K), 0.1153450 secs] 201576K->75849K(216312K), [Perm : 8869K->8869K(21248K)], 0.1421150 secs] [Times: user=0.14 sys=0.00, real=0.14 secs] 
157.324: Total time for which application threads were stopped: 0.1422880 seconds, Stopping threads took: 0.0000910 seconds
157.356: Application time: 0.0320470 seconds
157.356: [GC157.356: [DefNew: 58240K->7232K(65472K), 0.0147020 secs] 134089K->86241K(210744K), 0.0147470 secs] [Times: user=0.02 sys=0.00, real=0.01 secs] 
157.371: Total time for which application threads were stopped: 0.0149830 seconds, Stopping threads took: 0.0001380 seconds
157.400: Application time: 0.0297470 seconds
157.400: [GC157.401: [DefNew: 65472K->7231K(65472K), 0.0160570 secs] 144481K->93487K(210744K), 0.0160990 secs] [Times: user=0.01 sys=0.00, real=0.02 secs] 
157.417: Total time for which application threads were stopped: 0.0163400 seconds, Stopping threads took: 0.0001380 seconds
157.446: Application time: 0.0289020 seconds
157.446: [GC157.446: [DefNew: 65471K->7232K(65472K), 0.0172080 secs] 151727K->101283K(210744K), 0.0172530 secs] [Times: user=0.02 sys=0.00, real=0.01 secs] 
157.463: Total time for which application threads were stopped: 0.0174720 seconds, Stopping threads took: 0.0001140 seconds
157.491: Application time: 0.0277090 seconds
157.491: [GC157.491: [DefNew: 65472K->6740K(65472K), 0.0166900 secs] 159523K->107020K(210744K), 0.0167430 secs] [Times: user=0.02 sys=0.00, real=0.02 secs] 
157.508: Total time for which application threads were stopped: 0.0169530 seconds, Stopping threads took: 0.0001220 seconds
157.533: Application time: 0.0252870 seconds
157.533: [GC157.533: [DefNew: 64980K->1405K(65472K), 0.0072260 secs] 165260K->107913K(210744K), 0.0072710 secs] [Times: user=0.01 sys=0.00, real=0.00 secs] 
157.541: Total time for which application threads were stopped: 0.0076590 seconds, Stopping threads took: 0.0002810 seconds
157.564: Application time: 0.0232690 seconds
157.564: [GC157.564: [DefNew: 59645K->1624K(65472K), 0.0021310 secs] 166153K->108133K(210744K), 0.0021610 secs] [Times: user=0.00 sys=0.00, real=0.01 secs] 
157.566: Total time for which application threads were stopped: 0.0024730 seconds, Stopping threads took: 0.0002380 seconds
157.587: Application time: 0.0208690 seconds
157.587: [GC157.587: [DefNew: 59864K->3334K(65472K), 0.0039440 secs] 166373K->109842K(210744K), 0.0039800 secs] [Times: user=0.01 sys=0.00, real=0.00 secs] 
157.591: Total time for which application threads were stopped: 0.0042350 seconds, Stopping threads took: 0.0001750 seconds
157.612: Application time: 0.0206840 seconds
157.612: [GC157.612: [DefNew: 61574K->3499K(65472K), 0.0035010 secs] 168082K->110007K(210744K), 0.0035350 secs] [Times: user=0.00 sys=0.00, real=0.01 secs] 
157.616: Total time for which application threads were stopped: 0.0037160 seconds, Stopping threads took: 0.0000990 seconds
157.636: Application time: 0.0199920 seconds
157.636: [GC157.636: [DefNew: 61739K->7175K(65472K), 0.0052620 secs] 168247K->113684K(210744K), 0.0053050 secs] [Times: user=0.01 sys=0.00, real=0.00 secs] 
157.641: Total time for which application threads were stopped: 0.0055020 seconds, Stopping threads took: 0.0001080 seconds
157.662: Application time: 0.0204420 seconds
157.662: [GC157.662: [DefNew: 65415K->6549K(65472K), 0.0130890 secs] 171924K->119349K(210744K), 0.0131310 secs] [Times: user=0.01 sys=0.00, real=0.02 secs] 
157.675: Total time for which application threads were stopped: 0.0133480 seconds, Stopping threads took: 0.0001280 seconds
157.697: Application time: 0.0221160 seconds
157.697: [GC157.697: [DefNew: 64789K->7231K(65472K), 0.0124580 secs] 177589K->126245K(210744K), 0.0125040 secs] [Times: user=0.01 sys=0.00, real=0.01 secs] 
157.710: Total time for which application threads were stopped: 0.0126510 seconds, Stopping threads took: 0.0000580 seconds
157.733: Application time: 0.0230380 seconds
157.733: [GC157.733: [DefNew: 65471K->7231K(65472K), 0.0161210 secs] 184485K->135324K(210744K), 0.0161650 secs] [Times: user=0.01 sys=0.00, real=0.01 secs] 
157.749: Total time for which application threads were stopped: 0.0164780 seconds, Stopping threads took: 0.0002240 seconds
157.776: Application time: 0.0266390 seconds
157.776: [GC157.776: [DefNew: 65471K->7231K(65472K), 0.0215890 secs] 193564K->148001K(210744K), 0.0216320 secs] [Times: user=0.02 sys=0.00, real=0.02 secs] 
157.798: Total time for which application threads were stopped: 0.0218380 seconds, Stopping threads took: 0.0001210 seconds
157.829: Application time: 0.0313740 seconds
157.829: [GC157.829: [DefNew: 65471K->7231K(65472K), 0.0294200 secs]157.859: [Tenured: 155974K->76123K(156024K), 0.1183240 secs] 206241K->76123K(221496K), [Perm : 8869K->8869K(21248K)], 0.1481270 secs] [Times: user=0.14 sys=0.00, real=0.15 secs] 
157.978: Total time for which application threads were stopped: 0.1483100 seconds, Stopping threads took: 0.0000980 seconds
158.010: Application time: 0.0319590 seconds
158.010: [GC158.010: [DefNew: 58240K->7231K(65472K), 0.0109780 secs] 134363K->84398K(210744K), 0.0110210 secs] [Times: user=0.01 sys=0.00, real=0.01 secs] 
158.021: Total time for which application threads were stopped: 0.0112340 seconds, Stopping threads took: 0.0001120 seconds
158.050: Application time: 0.0292520 seconds
158.050: [GC158.050: [DefNew: 65471K->7232K(65472K), 0.0166050 secs] 142638K->94143K(210744K), 0.0166490 secs] [Times: user=0.02 sys=0.00, real=0.02 secs] 
158.067: Total time for which application threads were stopped: 0.0168340 seconds, Stopping threads took: 0.0000890 seconds
158.096: Application time: 0.0294290 seconds
158.097: [GC158.097: [DefNew: 65472K->7232K(65472K), 0.0218060 secs] 152383K->102582K(210744K), 0.0218510 secs] [Times: user=0.02 sys=0.00, real=0.02 secs] 
158.118: Total time for which application threads were stopped: 0.0220720 seconds, Stopping threads took: 0.0001370 seconds
158.146: Application time: 0.0275790 seconds
158.146: [GC158.146: [DefNew: 65472K->2004K(65472K), 0.0089680 secs] 160822K->104008K(210744K), 0.0090120 secs] [Times: user=0.01 sys=0.00, real=0.01 secs] 
158.155: Total time for which application threads were stopped: 0.0092730 seconds, Stopping threads took: 0.0001550 seconds
158.180: Application time: 0.0246300 seconds
158.180: [GC158.180: [DefNew: 60244K->1998K(65472K), 0.0028360 secs] 162248K->104003K(210744K), 0.0028680 secs] [Times: user=0.01 sys=0.00, real=0.00 secs] 
158.183: Total time for which application threads were stopped: 0.0032150 seconds, Stopping threads took: 0.0002660 seconds
158.205: Application time: 0.0216910 seconds
158.205: [GC158.205: [DefNew: 60238K->3839K(65472K), 0.0044710 secs] 162243K->105843K(210744K), 0.0045080 secs] [Times: user=0.01 sys=0.00, real=0.00 secs] 
158.210: Total time for which application threads were stopped: 0.0048950 seconds, Stopping threads took: 0.0002870 seconds
158.231: Application time: 0.0212680 seconds
158.231: [GC158.231: [DefNew: 62079K->3433K(65472K), 0.0039990 secs] 164083K->105999K(210744K), 0.0040350 secs] [Times: user=0.00 sys=0.00, real=0.01 secs] 
158.235: Total time for which application threads were stopped: 0.0042800 seconds, Stopping threads took: 0.0001450 seconds
158.256: Application time: 0.0202710 seconds
158.256: [GC158.256: [DefNew: 61673K->3471K(65472K), 0.0032880 secs] 164239K->106037K(210744K), 0.0033240 secs] [Times: user=0.00 sys=0.00, real=0.00 secs] 
158.259: Total time for which application threads were stopped: 0.0034930 seconds, Stopping threads took: 0.0000890 seconds
158.279: Application time: 0.0200450 seconds
158.279: [GC158.279: [DefNew: 61711K->7231K(65472K), 0.0072570 secs] 164277K->110862K(210744K), 0.0073020 secs] [Times: user=0.00 sys=0.00, real=0.01 secs] 
158.287: Total time for which application threads were stopped: 0.0076150 seconds, Stopping threads took: 0.0002070 seconds
158.307: Application time: 0.0204900 seconds
158.307: [GC158.307: [DefNew: 65471K->7231K(65472K), 0.0170160 secs] 169102K->119242K(210744K), 0.0170600 secs] [Times: user=0.01 sys=0.00, real=0.02 secs] 
158.325: Total time for which application threads were stopped: 0.0173370 seconds, Stopping threads took: 0.0001720 seconds
158.347: Application time: 0.0222360 seconds
158.347: [GC158.347: [DefNew: 65471K->5242K(65472K), 0.0121070 secs] 177482K->123369K(210744K), 0.0121530 secs] [Times: user=0.01 sys=0.00, real=0.01 secs] 
158.359: Total time for which application threads were stopped: 0.0124350 seconds, Stopping threads took: 0.0001830 seconds
158.383: Application time: 0.0241730 seconds
158.384: [GC158.384: [DefNew: 63482K->7231K(65472K), 0.0124960 secs] 181609K->132006K(210744K), 0.0125400 secs] [Times: user=0.01 sys=0.00, real=0.02 secs] 
158.396: Total time for which application threads were stopped: 0.0128110 seconds, Stopping threads took: 0.0001850 seconds
158.422: Application time: 0.0261760 seconds
158.423: [GC158.423: [DefNew: 65471K->7232K(65472K), 0.0304400 secs] 190246K->148326K(210744K), 0.0304830 secs] [Times: user=0.03 sys=0.00, real=0.04 secs] 
158.453: Total time for which application threads were stopped: 0.0308550 seconds, Stopping threads took: 0.0002880 seconds
158.485: Application time: 0.0320800 seconds
158.486: [GC158.486: [DefNew: 65472K->7232K(65472K), 0.0327340 secs]158.518: [Tenured: 155815K->85116K(155832K), 0.1283260 secs] 206566K->85116K(221304K), [Perm : 8869K->8869K(21248K)], 0.1614470 secs] [Times: user=0.16 sys=0.00, real=0.16 secs] 
158.647: Total time for which application threads were stopped: 0.1616750 seconds, Stopping threads took: 0.0001250 seconds
158.678: Application time: 0.0308810 seconds
158.678: [GC158.678: [DefNew: 58240K->7232K(65472K), 0.0115420 secs] 143356K->95335K(210744K), 0.0115920 secs] [Times: user=0.02 sys=0.00, real=0.01 secs] 
158.690: Total time for which application threads were stopped: 0.0118110 seconds, Stopping threads took: 0.0001110 seconds
158.720: Application time: 0.0303680 seconds
158.725: [GC158.725: [DefNew: 65472K->7231K(65472K), 0.0278410 secs] 153575K->108838K(210744K), 0.0278970 secs] [Times: user=0.02 sys=0.00, real=0.03 secs] 
158.753: Total time for which application threads were stopped: 0.0324560 seconds, Stopping threads took: 0.0044720 seconds
158.782: Application time: 0.0299900 seconds
158.783: [GC158.783: [DefNew: 65471K->5180K(65472K), 0.0160710 secs] 167078K->113668K(210744K), 0.0161160 secs] [Times: user=0.02 sys=0.00, real=0.02 secs] 
158.799: Total time for which application threads were stopped: 0.0163720 seconds, Stopping threads took: 0.0001670 seconds
158.825: Application time: 0.0261550 seconds
158.825: [GC158.825: [DefNew: 63420K->1414K(65472K), 0.0069430 secs] 171908K->114604K(210744K), 0.0069880 secs] [Times: user=0.00 sys=0.00, real=0.00 secs] 
158.832: Total time for which application threads were stopped: 0.0071860 seconds, Stopping threads took: 0.0001120 seconds
158.856: Application time: 0.0235430 seconds
158.856: [GC158.856: [DefNew: 59654K->2905K(65472K), 0.0030730 secs] 172844K->116095K(210744K), 0.0031120 secs] [Times: user=0.00 sys=0.00, real=0.00 secs] 
158.859: Total time for which application threads were stopped: 0.0032920 seconds, Stopping threads took: 0.0000980 seconds
158.881: Application time: 0.0214740 seconds
158.881: [GC158.881: [DefNew: 61145K->3408K(65472K), 0.0041000 secs] 174335K->116598K(210744K), 0.0041390 secs] [Times: user=0.00 sys=0.00, real=0.01 secs] 
158.885: Total time for which application threads were stopped: 0.0043470 seconds, Stopping threads took: 0.0001270 seconds
158.906: Application time: 0.0207080 seconds
158.906: [GC158.906: [DefNew: 61648K->3476K(65472K), 0.0034970 secs] 174838K->116666K(210744K), 0.0035330 secs] [Times: user=0.00 sys=0.00, real=0.00 secs] 
158.909: Total time for which application threads were stopped: 0.0037860 seconds, Stopping threads took: 0.0001740 seconds
158.929: Application time: 0.0199980 seconds
158.930: [GC158.930: [DefNew: 61716K->6613K(65472K), 0.0053730 secs] 174906K->119803K(210744K), 0.0054150 secs] [Times: user=0.01 sys=0.00, real=0.01 secs] 
158.935: Total time for which application threads were stopped: 0.0056500 seconds, Stopping threads took: 0.0001500 seconds
158.955: Application time: 0.0197950 seconds
158.955: [GC158.955: [DefNew: 64853K->7231K(65472K), 0.0104440 secs] 178043K->123708K(210744K), 0.0104860 secs] [Times: user=0.01 sys=0.00, real=0.01 secs] 
158.966: Total time for which application threads were stopped: 0.0106940 seconds, Stopping threads took: 0.0001200 seconds
158.986: Application time: 0.0208520 seconds
158.987: [GC158.987: [DefNew: 65471K->7232K(65472K), 0.0138010 secs] 181948K->131039K(210744K), 0.0138470 secs] [Times: user=0.01 sys=0.00, real=0.01 secs] 
159.000: Total time for which application threads were stopped: 0.0140970 seconds, Stopping threads took: 0.0001540 seconds
159.023: Application time: 0.0221380 seconds
159.023: [GC159.023: [DefNew: 65472K->6213K(65472K), 0.0125070 secs] 189279K->136152K(210744K), 0.0125500 secs] [Times: user=0.01 sys=0.00, real=0.02 secs] 
159.035: Total time for which application threads were stopped: 0.0127230 seconds, Stopping threads took: 0.0000860 seconds
159.060: Application time: 0.0247430 seconds
159.060: [GC159.060: [DefNew: 64453K->7231K(65472K), 0.0169980 secs] 194392K->146334K(210744K), 0.0170430 secs] [Times: user=0.02 sys=0.00, real=0.02 secs] 
159.077: Total time for which application threads were stopped: 0.0172490 seconds, Stopping threads took: 0.0001210 seconds
159.105: Application time: 0.0279140 seconds
159.105: [GC159.106: [DefNew: 65471K->7232K(65472K), 0.0274890 secs]159.133: [Tenured: 155165K->82261K(155256K), 0.1151120 secs] 204574K->82261K(220728K), [Perm : 8869K->8869K(21248K)], 0.1429910 secs] [Times: user=0.13 sys=0.01, real=0.14 secs] 
159.249: Total time for which application threads were stopped: 0.1432390 seconds, Stopping threads took: 0.0001640 seconds
159.281: Application time: 0.0326980 seconds
159.281: [GC159.281: [DefNew: 58240K->7231K(65472K), 0.0156870 secs] 140501K->93039K(210744K), 0.0157340 secs] [Times: user=0.01 sys=0.00, real=0.02 secs] 
159.297: Total time for which application threads were stopped: 0.0159340 seconds, Stopping threads took: 0.0001020 seconds
159.328: Application time: 0.0306260 seconds
159.328: [GC159.328: [DefNew: 65471K->7232K(65472K), 0.0263480 secs] 151279K->105909K(210744K), 0.0263900 secs] [Times: user=0.02 sys=0.00, real=0.03 secs] 
159.354: Total time for which application threads were stopped: 0.0266120 seconds, Stopping threads took: 0.0001350 seconds
159.385: Application time: 0.0302740 seconds
159.385: [GC159.385: [DefNew: 65472K->7231K(65472K), 0.0215600 secs] 164149K->116552K(210744K), 0.0216050 secs] [Times: user=0.02 sys=0.00, real=0.02 secs] 
159.406: Total time for which application threads were stopped: 0.0217930 seconds, Stopping threads took: 0.0001020 seconds
159.434: Application time: 0.0279440 seconds
159.435: [GC159.435: [DefNew: 65471K->5364K(65472K), 0.0144390 secs] 174792K->121673K(210744K), 0.0144830 secs] [Times: user=0.02 sys=0.00, real=0.01 secs] 
159.449: Total time for which application threads were stopped: 0.0147600 seconds, Stopping threads took: 0.0001690 seconds
159.475: Application time: 0.0255410 seconds
159.475: [GC159.475: [DefNew: 63604K->3124K(65472K), 0.0066630 secs] 179913K->123593K(210744K), 0.0067080 secs] [Times: user=0.01 sys=0.00, real=0.00 secs] 
159.482: Total time for which application threads were stopped: 0.0068690 seconds, Stopping threads took: 0.0000740 seconds
159.505: Application time: 0.0233800 seconds
159.505: [GC159.505: [DefNew: 61364K->3305K(65472K), 0.0038030 secs] 181833K->123774K(210744K), 0.0038400 secs] [Times: user=0.01 sys=0.00, real=0.00 secs] 
159.509: Total time for which application threads were stopped: 0.0041950 seconds, Stopping threads took: 0.0002740 seconds
159.530: Application time: 0.0211240 seconds
159.531: [GC159.531: [DefNew: 61545K->3402K(65472K), 0.0033480 secs] 182014K->123871K(210744K), 0.0033840 secs] [Times: user=0.00 sys=0.00, real=0.01 secs] 
159.534: Total time for which application threads were stopped: 0.0036410 seconds, Stopping threads took: 0.0001590 seconds
159.554: Application time: 0.0204180 seconds
159.555: [GC159.555: [DefNew: 61642K->3442K(65472K), 0.0034470 secs] 182111K->123911K(210744K), 0.0034830 secs] [Times: user=0.01 sys=0.00, real=0.00 secs] 
159.558: Total time for which application threads were stopped: 0.0037340 seconds, Stopping threads took: 0.0001710 seconds
159.578: Application time: 0.0202650 seconds
159.579: [GC159.579: [DefNew: 61682K->7232K(65472K), 0.0058880 secs] 182151K->127965K(210744K), 0.0059330 secs] [Times: user=0.00 sys=0.00, real=0.01 secs] 
159.585: Total time for which application threads were stopped: 0.0061820 seconds, Stopping threads took: 0.0001600 seconds
159.604: Application time: 0.0197570 seconds
159.604: [GC159.604: [DefNew: 65472K->6541K(65472K), 0.0127410 secs] 186205K->133726K(210744K), 0.0128000 secs] [Times: user=0.01 sys=0.00, real=0.02 secs] 
159.617: Total time for which application threads were stopped: 0.0129820 seconds, Stopping threads took: 0.0000940 seconds
159.639: Application time: 0.0218800 seconds
159.639: [GC159.639: [DefNew: 64781K->7231K(65472K), 0.0126450 secs] 191966K->140408K(210744K), 0.0126910 secs] [Times: user=0.02 sys=0.00, real=0.01 secs] 
159.652: Total time for which application threads were stopped: 0.0129100 seconds, Stopping threads took: 0.0001310 seconds
159.675: Application time: 0.0231590 seconds
159.675: [GC159.675: [DefNew: 65471K->6617K(65472K), 0.0113830 secs] 198648K->146425K(210744K), 0.0114280 secs] [Times: user=0.01 sys=0.00, real=0.01 secs] 
159.687: Total time for which application threads were stopped: 0.0117140 seconds, Stopping threads took: 0.0001890 seconds
159.711: Application time: 0.0243450 seconds
159.711: [GC159.711: [DefNew: 64857K->7231K(65472K), 0.0232360 secs]159.735: [Tenured: 151118K->77370K(151224K), 0.1255510 secs] 204665K->77370K(216696K), [Perm : 8869K->8869K(21248K)], 0.1491070 secs] [Times: user=0.14 sys=0.01, real=0.15 secs] 
159.861: Total time for which application threads were stopped: 0.1492890 seconds, Stopping threads took: 0.0000980 seconds
159.890: Application time: 0.0297530 seconds
159.891: [GC159.891: [DefNew: 58240K->7231K(65472K), 0.0209170 secs] 135610K->95286K(210744K), 0.0209610 secs] [Times: user=0.02 sys=0.00, real=0.02 secs] 
159.912: Total time for which application threads were stopped: 0.0211680 seconds, Stopping threads took: 0.0001070 seconds
159.944: Application time: 0.0323360 seconds
159.944: [GC159.944: [DefNew: 65471K->7232K(65472K), 0.0180900 secs] 153526K->102853K(210744K), 0.0181350 secs] [Times: user=0.02 sys=0.00, real=0.02 secs] 
159.962: Total time for which application threads were stopped: 0.0183350 seconds, Stopping threads took: 0.0001140 seconds
159.993: Application time: 0.0309730 seconds
159.993: [GC159.993: [DefNew: 65472K->7232K(65472K), 0.0186180 secs] 161093K->112584K(210744K), 0.0186610 secs] [Times: user=0.02 sys=0.00, real=0.01 secs] 
160.012: Total time for which application threads were stopped: 0.0188060 seconds, Stopping threads took: 0.0000580 seconds
160.042: Application time: 0.0300300 seconds
160.042: [GC160.042: [DefNew: 65472K->7232K(65472K), 0.0199250 secs] 170824K->120328K(210744K), 0.0199680 secs] [Times: user=0.02 sys=0.00, real=0.02 secs] 
160.062: Total time for which application threads were stopped: 0.0202480 seconds, Stopping threads took: 0.0001930 seconds
160.090: Application time: 0.0273340 seconds
160.090: [GC160.090: [DefNew: 65472K->3261K(65472K), 0.0104280 secs] 178568K->122365K(210744K), 0.0104720 secs] [Times: user=0.01 sys=0.00, real=0.01 secs] 
160.100: Total time for which application threads were stopped: 0.0108660 seconds, Stopping threads took: 0.0002820 seconds
160.125: Application time: 0.0247210 seconds
160.126: [GC160.126: [DefNew: 61501K->5302K(65472K), 0.0060100 secs] 180605K->124406K(210744K), 0.0060500 secs] [Times: user=0.01 sys=0.00, real=0.00 secs] 
160.132: Total time for which application threads were stopped: 0.0064730 seconds, Stopping threads took: 0.0003210 seconds
160.154: Application time: 0.0221290 seconds
160.154: [GC160.154: [DefNew: 63542K->2529K(65472K), 0.0057130 secs] 182646K->124333K(210744K), 0.0057560 secs] [Times: user=0.01 sys=0.00, real=0.00 secs] 
160.160: Total time for which application threads were stopped: 0.0062070 seconds, Stopping threads took: 0.0003430 seconds
160.181: Application time: 0.0209550 seconds
160.181: [GC160.181: [DefNew: 60769K->2545K(65472K), 0.0026230 secs] 182573K->124348K(210744K), 0.0026550 secs] [Times: user=0.00 sys=0.00, real=0.00 secs] 
160.184: Total time for which application threads were stopped: 0.0029090 seconds, Stopping threads took: 0.0001770 seconds
160.204: Application time: 0.0201830 seconds
160.204: [GC160.204: [DefNew: 60785K->3942K(65472K), 0.0031460 secs] 182588K->125745K(210744K), 0.0031790 secs] [Times: user=0.00 sys=0.00, real=0.01 secs] 
160.207: Total time for which application threads were stopped: 0.0034180 seconds, Stopping threads took: 0.0001610 seconds
160.227: Application time: 0.0199130 seconds
160.228: [GC160.228: [DefNew: 62182K->7231K(65472K), 0.0088040 secs] 183985K->130815K(210744K), 0.0088510 secs] [Times: user=0.01 sys=0.00, real=0.01 secs] 
160.236: Total time for which application threads were stopped: 0.0090810 seconds, Stopping threads took: 0.0001340 seconds
160.257: Application time: 0.0205360 seconds
160.257: [GC160.257: [DefNew: 65471K->7231K(65472K), 0.0158270 secs] 189055K->138310K(210744K), 0.0158700 secs] [Times: user=0.02 sys=0.00, real=0.02 secs] 
160.273: Total time for which application threads were stopped: 0.0160550 seconds, Stopping threads took: 0.0001000 seconds
160.295: Application time: 0.0222800 seconds
160.295: [GC160.296: [DefNew: 65471K->5221K(65472K), 0.0121960 secs] 196550K->142447K(210744K), 0.0122460 secs] [Times: user=0.01 sys=0.00, real=0.01 secs] 
160.308: Total time for which application threads were stopped: 0.0124370 seconds, Stopping threads took: 0.0001020 seconds
160.331: Application time: 0.0235100 seconds
160.331: [GC160.331: [DefNew: 63461K->7231K(65472K), 0.0111310 secs] 200687K->149182K(210744K), 0.0111730 secs] [Times: user=0.01 sys=0.00, real=0.01 secs] 
160.343: Total time for which application threads were stopped: 0.0113470 seconds, Stopping threads took: 0.0000880 seconds
160.368: Application time: 0.0250290 seconds
160.368: [GC160.368: [DefNew: 65471K->7232K(65472K), 0.0257480 secs]160.394: [Tenured: 155828K->80819K(155832K), 0.1152470 secs] 207422K->80819K(221304K), [Perm : 8869K->8869K(21248K)], 0.1413820 secs] [Times: user=0.14 sys=0.01, real=0.14 secs] 
160.509: Total time for which application threads were stopped: 0.1415690 seconds, Stopping threads took: 0.0001020 seconds
160.540: Application time: 0.0307850 seconds
160.540: [GC160.540: [DefNew: 58240K->7232K(65472K), 0.0217180 secs] 139059K->97371K(210744K), 0.0217630 secs] [Times: user=0.02 sys=0.00, real=0.02 secs] 
160.562: Total time for which application threads were stopped: 0.0219590 seconds, Stopping threads took: 0.0000990 seconds
160.595: Application time: 0.0333500 seconds
160.596: [GC160.596: [DefNew: 65472K->7232K(65472K), 0.0240290 secs] 155611K->109231K(210744K), 0.0240750 secs] [Times: user=0.02 sys=0.00, real=0.02 secs] 
160.620: Total time for which application threads were stopped: 0.0243050 seconds, Stopping threads took: 0.0001430 seconds
160.651: Application time: 0.0311550 seconds
160.651: [GC160.651: [DefNew: 65472K->7231K(65472K), 0.0257990 secs] 167471K->120881K(210744K), 0.0258420 secs] [Times: user=0.03 sys=0.00, real=0.03 secs] 
160.677: Total time for which application threads were stopped: 0.0260440 seconds, Stopping threads took: 0.0000960 seconds
160.706: Application time: 0.0289560 seconds
160.706: [GC160.706: [DefNew: 65471K->6228K(65472K), 0.0154310 secs] 179121K->126692K(210744K), 0.0154760 secs] [Times: user=0.02 sys=0.00, real=0.01 secs] 
160.721: Total time for which application threads were stopped: 0.0156740 seconds, Stopping threads took: 0.0000940 seconds
160.748: Application time: 0.0262710 seconds
160.748: [GC160.748: [DefNew: 64468K->3873K(65472K), 0.0083640 secs] 184932K->129199K(210744K), 0.0084090 secs] [Times: user=0.00 sys=0.00, real=0.01 secs] 
160.756: Total time for which application threads were stopped: 0.0086590 seconds, Stopping threads took: 0.0001610 seconds
160.781: Application time: 0.0245320 seconds
160.781: [GC160.781: [DefNew: 62113K->2319K(65472K), 0.0041620 secs] 187439K->128674K(210744K), 0.0042000 secs] [Times: user=0.00 sys=0.00, real=0.01 secs] 
160.785: Total time for which application threads were stopped: 0.0044760 seconds, Stopping threads took: 0.0001970 seconds
160.807: Application time: 0.0213770 seconds
160.807: [GC160.807: [DefNew: 60559K->2429K(65472K), 0.0027480 secs] 186914K->128785K(210744K), 0.0027810 secs] [Times: user=0.00 sys=0.00, real=0.00 secs] 
160.810: Total time for which application threads were stopped: 0.0031240 seconds, Stopping threads took: 0.0002460 seconds
160.831: Application time: 0.0207880 seconds
160.831: [GC160.831: [DefNew: 60669K->2387K(65472K), 0.0024540 secs] 187025K->128743K(210744K), 0.0024860 secs] [Times: user=0.00 sys=0.00, real=0.01 secs] 
160.834: Total time for which application threads were stopped: 0.0029140 seconds, Stopping threads took: 0.0003330 seconds
160.854: Application time: 0.0201680 seconds
160.854: [GC160.854: [DefNew: 60627K->6270K(65472K), 0.0060220 secs] 186983K->132626K(210744K), 0.0060610 secs] [Times: user=0.01 sys=0.00, real=0.00 secs] 
160.860: Total time for which application threads were stopped: 0.0062650 seconds, Stopping threads took: 0.0001190 seconds
160.880: Application time: 0.0199960 seconds
160.880: [GC160.880: [DefNew: 64510K->6349K(65472K), 0.0104890 secs] 190866K->138195K(210744K), 0.0105420 secs] [Times: user=0.01 sys=0.00, real=0.01 secs] 
160.891: Total time for which application threads were stopped: 0.0107720 seconds, Stopping threads took: 0.0001230 seconds
160.912: Application time: 0.0216550 seconds
160.913: [GC160.913: [DefNew: 64589K->7231K(65472K), 0.0129750 secs] 196435K->144817K(210744K), 0.0130160 secs] [Times: user=0.01 sys=0.00, real=0.01 secs] 
160.926: Total time for which application threads were stopped: 0.0132940 seconds, Stopping threads took: 0.0001740 seconds
160.948: Application time: 0.0224770 seconds
160.948: [GC160.948: [DefNew: 65471K->4394K(65472K), 0.0102070 secs] 203057K->148587K(210744K), 0.0102580 secs] [Times: user=0.01 sys=0.00, real=0.01 secs] 
160.959: Total time for which application threads were stopped: 0.0104320 seconds, Stopping threads took: 0.0000880 seconds
160.982: Application time: 0.0232570 seconds
160.982: [GC160.982: [DefNew: 62634K->7232K(65472K), 0.0166260 secs]160.999: [Tenured: 151774K->78115K(151800K), 0.1199110 secs] 206827K->78115K(217272K), [Perm : 8870K->8870K(21248K)], 0.1368710 secs] [Times: user=0.14 sys=0.00, real=0.14 secs] 
161.119: Total time for which application threads were stopped: 0.1372000 seconds, Stopping threads took: 0.0002230 seconds
161.146: Application time: 0.0268960 seconds
161.146: [GC161.146: [DefNew: 58240K->7231K(65472K), 0.0224330 secs] 136355K->96315K(210744K), 0.0224770 secs] [Times: user=0.02 sys=0.00, real=0.02 secs] 
161.169: Total time for which application threads were stopped: 0.0227660 seconds, Stopping threads took: 0.0001700 seconds
161.201: Application time: 0.0320750 seconds
161.201: [GC161.201: [DefNew: 65471K->7231K(65472K), 0.0266180 secs] 154555K->107010K(210744K), 0.0266610 secs] [Times: user=0.03 sys=0.00, real=0.03 secs] 
161.228: Total time for which application threads were stopped: 0.0269830 seconds, Stopping threads took: 0.0002180 seconds
161.260: Application time: 0.0317040 seconds
161.260: [GC161.260: [DefNew: 65471K->7231K(65472K), 0.0249360 secs] 165250K->119022K(210744K), 0.0249810 secs] [Times: user=0.03 sys=0.00, real=0.03 secs] 
161.285: Total time for which application threads were stopped: 0.0252760 seconds, Stopping threads took: 0.0001890 seconds
161.316: Application time: 0.0315510 seconds
161.317: [GC161.317: [DefNew: 65471K->7231K(65472K), 0.0262950 secs] 177261K->129285K(210744K), 0.0263390 secs] [Times: user=0.02 sys=0.00, real=0.02 secs] 
161.343: Total time for which application threads were stopped: 0.0265940 seconds, Stopping threads took: 0.0001500 seconds
161.370: Application time: 0.0273940 seconds
161.371: [GC161.371: [DefNew: 65471K->5568K(65472K), 0.0140420 secs] 187525K->134547K(210744K), 0.0140870 secs] [Times: user=0.02 sys=0.00, real=0.02 secs] 
161.385: Total time for which application threads were stopped: 0.0143310 seconds, Stopping threads took: 0.0001390 seconds
161.410: Application time: 0.0252280 seconds
161.410: [GC161.410: [DefNew: 63808K->1961K(65472K), 0.0059970 secs] 192787K->135455K(210744K), 0.0060420 secs] [Times: user=0.01 sys=0.00, real=0.01 secs] 
161.416: Total time for which application threads were stopped: 0.0062650 seconds, Stopping threads took: 0.0001350 seconds
161.439: Application time: 0.0230120 seconds
161.439: [GC161.439: [DefNew: 60201K->2594K(65472K), 0.0033480 secs] 193695K->136087K(210744K), 0.0033840 secs] [Times: user=0.00 sys=0.00, real=0.00 secs] 
161.443: Total time for which application threads were stopped: 0.0035680 seconds, Stopping threads took: 0.0001040 seconds
161.464: Application time: 0.0207310 seconds
161.464: [GC161.464: [DefNew: 60834K->2610K(65472K), 0.0026080 secs] 194327K->136104K(210744K), 0.0026400 secs] [Times: user=0.00 sys=0.00, real=0.01 secs] 
161.466: Total time for which application threads were stopped: 0.0028110 seconds, Stopping threads took: 0.0000910 seconds
161.487: Application time: 0.0203500 seconds
161.487: [GC161.487: [DefNew: 60850K->2968K(65472K), 0.0025970 secs] 194344K->136462K(210744K), 0.0026320 secs] [Times: user=0.01 sys=0.00, real=0.00 secs] 
161.490: Total time for which application threads were stopped: 0.0029670 seconds, Stopping threads took: 0.0002300 seconds
161.510: Application time: 0.0199000 seconds
161.510: [GC161.510: [DefNew: 61208K->7184K(65472K), 0.0067050 secs] 194702K->140677K(210744K), 0.0067490 secs] [Times: user=0.00 sys=0.00, real=0.01 secs] 
161.517: Total time for which application threads were stopped: 0.0071770 seconds, Stopping threads took: 0.0003200 seconds
161.537: Application time: 0.0202380 seconds
161.537: [GC161.537: [DefNew: 65424K->7231K(65472K), 0.0123760 secs] 198917K->148014K(210744K), 0.0124220 secs] [Times: user=0.02 sys=0.00, real=0.01 secs] 
161.550: Total time for which application threads were stopped: 0.0126520 seconds, Stopping threads took: 0.0001420 seconds
161.572: Application time: 0.0223130 seconds
161.572: [GC161.572: [DefNew: 65471K->6218K(65472K), 0.0137270 secs]161.586: [Tenured: 146812K->81536K(147000K), 0.1182820 secs] 206254K->81536K(212472K), [Perm : 8870K->8870K(21248K)], 0.1321480 secs] [Times: user=0.13 sys=0.00, real=0.13 secs] 
161.704: Total time for which application threads were stopped: 0.1324320 seconds, Stopping threads took: 0.0001900 seconds
161.727: Application time: 0.0226350 seconds
161.727: [GC161.727: [DefNew: 58240K->5293K(65472K), 0.0063860 secs] 139776K->86829K(210744K), 0.0064240 secs] [Times: user=0.01 sys=0.00, real=0.01 secs] 
161.734: Total time for which application threads were stopped: 0.0066700 seconds, Stopping threads took: 0.0001340 seconds
161.758: Application time: 0.0244530 seconds
161.758: [GC161.758: [DefNew: 63533K->7231K(65472K), 0.0197550 secs] 145069K->99663K(210744K), 0.0197980 secs] [Times: user=0.02 sys=0.00, real=0.02 secs] 
161.778: Total time for which application threads were stopped: 0.0200320 seconds, Stopping threads took: 0.0001380 seconds
161.807: Application time: 0.0291350 seconds
161.808: [GC161.808: [DefNew: 65471K->7232K(65472K), 0.0293910 secs] 157903K->116572K(210744K), 0.0294350 secs] [Times: user=0.03 sys=0.00, real=0.03 secs] 
161.837: Total time for which application threads were stopped: 0.0297260 seconds, Stopping threads took: 0.0001860 seconds
161.871: Application time: 0.0333960 seconds
161.871: [GC161.871: [DefNew: 65472K->7231K(65472K), 0.0239080 secs] 174812K->128853K(210744K), 0.0239500 secs] [Times: user=0.02 sys=0.00, real=0.03 secs] 
161.895: Total time for which application threads were stopped: 0.0241160 seconds, Stopping threads took: 0.0000790 seconds
161.926: Application time: 0.0318580 seconds
161.927: [GC161.927: [DefNew: 65471K->7231K(65472K), 0.0173030 secs] 187093K->137925K(210744K), 0.0173450 secs] [Times: user=0.02 sys=0.00, real=0.01 secs] 
161.944: Total time for which application threads were stopped: 0.0174970 seconds, Stopping threads took: 0.0000650 seconds
161.974: Application time: 0.0298450 seconds
161.974: [GC161.974: [DefNew: 65471K->7231K(65472K), 0.0162300 secs] 196165K->144136K(210744K), 0.0162760 secs] [Times: user=0.02 sys=0.00, real=0.01 secs] 
161.990: Total time for which application threads were stopped: 0.0164480 seconds, Stopping threads took: 0.0000850 seconds
162.018: Application time: 0.0272640 seconds
162.018: [GC162.018: [DefNew: 65471K->4917K(65472K), 0.0114550 secs] 202376K->148269K(210744K), 0.0115000 secs] [Times: user=0.01 sys=0.00, real=0.01 secs] 
162.029: Total time for which application threads were stopped: 0.0117120 seconds, Stopping threads took: 0.0001250 seconds
162.054: Application time: 0.0250840 seconds
162.055: [GC162.055: [DefNew: 63157K->2538K(65472K), 0.0061570 secs]162.061: [Tenured: 146319K->77202K(146424K), 0.1190590 secs] 206509K->77202K(211896K), [Perm : 8870K->8870K(21248K)], 0.1253350 secs] [Times: user=0.13 sys=0.00, real=0.12 secs] 
162.180: Total time for which application threads were stopped: 0.1255220 seconds, Stopping threads took: 0.0001000 seconds
162.202: Application time: 0.0219330 seconds
162.202: [GC162.202: [DefNew: 58240K->787K(65472K), 0.0013330 secs] 135442K->77989K(210744K), 0.0013620 secs] [Times: user=0.00 sys=0.00, real=0.00 secs] 
162.203: Total time for which application threads were stopped: 0.0015590 seconds, Stopping threads took: 0.0001160 seconds
162.224: Application time: 0.0208230 seconds
162.224: [GC162.224: [DefNew: 59027K->821K(65472K), 0.0012000 secs] 136229K->78023K(210744K), 0.0012270 secs] [Times: user=0.00 sys=0.00, real=0.01 secs] 
162.226: Total time for which application threads were stopped: 0.0013720 seconds, Stopping threads took: 0.0000730 seconds
162.246: Application time: 0.0201400 seconds
162.246: [GC162.246: [DefNew: 59061K->4099K(65472K), 0.0030160 secs] 136263K->81301K(210744K), 0.0030550 secs] [Times: user=0.01 sys=0.00, real=0.00 secs] 
162.249: Total time for which application threads were stopped: 0.0034230 seconds, Stopping threads took: 0.0002590 seconds
162.269: Application time: 0.0199140 seconds
162.269: [GC162.269: [DefNew: 62291K->6903K(65472K), 0.0069020 secs] 139493K->84632K(210744K), 0.0069460 secs] [Times: user=0.00 sys=0.00, real=0.01 secs] 
162.276: Total time for which application threads were stopped: 0.0071970 seconds, Stopping threads took: 0.0001550 seconds
162.298: Application time: 0.0214490 seconds
162.298: [GC162.298: [DefNew: 65143K->7231K(65472K), 0.0155800 secs] 142872K->92636K(210744K), 0.0156250 secs] [Times: user=0.02 sys=0.00, real=0.02 secs] 
162.314: Total time for which application threads were stopped: 0.0159030 seconds, Stopping threads took: 0.0001900 seconds
162.335: Application time: 0.0216840 seconds
162.336: [GC162.336: [DefNew: 65471K->5070K(65472K), 0.0129110 secs] 150876K->96615K(210744K), 0.0129540 secs] [Times: user=0.02 sys=0.00, real=0.01 secs] 
162.349: Total time for which application threads were stopped: 0.0132010 seconds, Stopping threads took: 0.0001390 seconds
162.372: Application time: 0.0233230 seconds
162.372: [GC162.372: [DefNew: 63310K->7231K(65472K), 0.0107370 secs] 154855K->103172K(210744K), 0.0107830 secs] [Times: user=0.01 sys=0.00, real=0.01 secs] 
162.383: Total time for which application threads were stopped: 0.0110110 seconds, Stopping threads took: 0.0001220 seconds
162.408: Application time: 0.0249640 seconds
162.408: [GC162.408: [DefNew: 65471K->7232K(65472K), 0.0246540 secs] 161412K->115503K(210744K), 0.0246980 secs] [Times: user=0.03 sys=0.00, real=0.03 secs] 
162.433: Total time for which application threads were stopped: 0.0250740 seconds, Stopping threads took: 0.0002700 seconds
162.463: Application time: 0.0300540 seconds
162.463: [GC162.463: [DefNew: 65472K->7232K(65472K), 0.0361380 secs] 173743K->132960K(210744K), 0.0361820 secs] [Times: user=0.04 sys=0.00, real=0.04 secs] 
162.499: Total time for which application threads were stopped: 0.0364320 seconds, Stopping threads took: 0.0001480 seconds
162.534: Application time: 0.0349420 seconds
162.535: [GC162.535: [DefNew: 65472K->7231K(65472K), 0.0288330 secs] 191200K->145551K(210744K), 0.0288790 secs] [Times: user=0.03 sys=0.00, real=0.02 secs] 
162.563: Total time for which application threads were stopped: 0.0291660 seconds, Stopping threads took: 0.0001810 seconds
162.595: Application time: 0.0317300 seconds
162.595: [GC162.596: [DefNew: 65471K->7232K(65472K), 0.0268800 secs]162.622: [Tenured: 147428K->82501K(147576K), 0.1297200 secs] 203791K->82501K(213048K), [Perm : 8870K->8870K(21248K)], 0.1567720 secs] [Times: user=0.16 sys=0.00, real=0.15 secs] 
162.752: Total time for which application threads were stopped: 0.1570760 seconds, Stopping threads took: 0.0002020 seconds
162.781: Application time: 0.0282240 seconds
162.781: [GC162.781: [DefNew: 58240K->7231K(65472K), 0.0099530 secs] 140741K->90050K(210744K), 0.0099960 secs] [Times: user=0.01 sys=0.00, real=0.01 secs] 
162.791: Total time for which application threads were stopped: 0.0104000 seconds, Stopping threads took: 0.0002860 seconds
162.818: Application time: 0.0266890 seconds
162.818: [GC162.818: [DefNew: 65471K->3076K(65472K), 0.0123540 secs] 148290K->92433K(210744K), 0.0123980 secs] [Times: user=0.02 sys=0.00, real=0.01 secs] 
162.830: Total time for which application threads were stopped: 0.0126830 seconds, Stopping threads took: 0.0001990 seconds
162.854: Application time: 0.0236360 seconds
162.854: [GC162.854: [DefNew: 61258K->3208K(65472K), 0.0034390 secs] 150615K->92565K(210744K), 0.0034830 secs] [Times: user=0.01 sys=0.00, real=0.00 secs] 
162.858: Total time for which application threads were stopped: 0.0038270 seconds, Stopping threads took: 0.0002470 seconds
162.879: Application time: 0.0214150 seconds
162.879: [GC162.880: [DefNew: 61448K->3271K(65472K), 0.0033460 secs] 150805K->92628K(210744K), 0.0033820 secs] [Times: user=0.00 sys=0.00, real=0.00 secs] 
162.883: Total time for which application threads were stopped: 0.0037140 seconds, Stopping threads took: 0.0002490 seconds
162.903: Application time: 0.0204740 seconds
162.904: [GC162.904: [DefNew: 61511K->3306K(65472K), 0.0033220 secs] 150868K->92663K(210744K), 0.0033580 secs] [Times: user=0.00 sys=0.00, real=0.01 secs] 
162.907: Total time for which application threads were stopped: 0.0036600 seconds, Stopping threads took: 0.0002210 seconds
162.927: Application time: 0.0199560 seconds
162.927: [GC162.927: [DefNew: 61546K->7232K(65472K), 0.0062120 secs] 150903K->96600K(210744K), 0.0062540 secs] [Times: user=0.01 sys=0.00, real=0.01 secs] 
162.933: Total time for which application threads were stopped: 0.0064620 seconds, Stopping threads took: 0.0001220 seconds
162.953: Application time: 0.0198230 seconds
162.953: [GC162.953: [DefNew: 65472K->5603K(65472K), 0.0109670 secs] 154840K->101447K(210744K), 0.0110120 secs] [Times: user=0.01 sys=0.00, real=0.00 secs] 
162.964: Total time for which application threads were stopped: 0.0111530 seconds, Stopping threads took: 0.0000480 seconds
162.986: Application time: 0.0216470 seconds
162.986: [GC162.986: [DefNew: 63843K->7232K(65472K), 0.0126080 secs] 159687K->108459K(210744K), 0.0126530 secs] [Times: user=0.01 sys=0.00, real=0.01 secs] 
162.999: Total time for which application threads were stopped: 0.0129960 seconds, Stopping threads took: 0.0002370 seconds
163.021: Application time: 0.0217400 seconds
163.021: [GC163.021: [DefNew: 65472K->4607K(65472K), 0.0108470 secs] 166699K->112305K(210744K), 0.0108930 secs] [Times: user=0.02 sys=0.00, real=0.01 secs] 
163.032: Total time for which application threads were stopped: 0.0111610 seconds, Stopping threads took: 0.0001620 seconds
163.056: Application time: 0.0235730 seconds
163.056: [GC163.056: [DefNew: 62847K->7232K(65472K), 0.0155270 secs] 170545K->121219K(210744K), 0.0155720 secs] [Times: user=0.02 sys=0.00, real=0.01 secs] 
163.071: Total time for which application threads were stopped: 0.0158140 seconds, Stopping threads took: 0.0001350 seconds
163.098: Application time: 0.0268790 seconds
163.101: [GC163.101: [DefNew: 65472K->7232K(65472K), 0.0304200 secs] 179459K->137496K(210744K), 0.0304670 secs] [Times: user=0.03 sys=0.00, real=0.03 secs] 
163.131: Total time for which application threads were stopped: 0.0328050 seconds, Stopping threads took: 0.0022540 seconds
163.164: Application time: 0.0327670 seconds
163.164: [GC163.164: [DefNew: 65472K->7231K(65472K), 0.0305330 secs] 195736K->152240K(210744K), 0.0305760 secs] [Times: user=0.03 sys=0.00, real=0.04 secs] 
163.195: Total time for which application threads were stopped: 0.0308440 seconds, Stopping threads took: 0.0001660 seconds
163.229: Application time: 0.0342620 seconds
163.229: [GC163.229: [DefNew: 65471K->7232K(65472K), 0.0201620 secs]163.249: [Tenured: 151383K->81953K(151416K), 0.1272410 secs] 210480K->81953K(216888K), [Perm : 8870K->8870K(21248K)], 0.1477160 secs] [Times: user=0.15 sys=0.00, real=0.15 secs] 
163.377: Total time for which application threads were stopped: 0.1479180 seconds, Stopping threads took: 0.0001170 seconds
163.407: Application time: 0.0300470 seconds
163.407: [GC163.407: [DefNew: 58240K->7231K(65472K), 0.0124280 secs] 140193K->91712K(210744K), 0.0124730 secs] [Times: user=0.01 sys=0.00, real=0.01 secs] 
163.420: Total time for which application threads were stopped: 0.0127580 seconds, Stopping threads took: 0.0001850 seconds
163.447: Application time: 0.0278010 seconds
163.448: [GC163.448: [DefNew: 65471K->6220K(65472K), 0.0178140 secs] 149952K->97720K(210744K), 0.0178660 secs] [Times: user=0.01 sys=0.00, real=0.02 secs] 
163.466: Total time for which application threads were stopped: 0.0182340 seconds, Stopping threads took: 0.0002820 seconds
163.491: Application time: 0.0250370 seconds
163.491: [GC163.491: [DefNew: 64460K->2424K(65472K), 0.0069270 secs] 155960K->97950K(210744K), 0.0069700 secs] [Times: user=0.00 sys=0.00, real=0.01 secs] 
163.498: Total time for which application threads were stopped: 0.0072870 seconds, Stopping threads took: 0.0002120 seconds
163.521: Application time: 0.0227360 seconds
163.521: [GC163.521: [DefNew: 60664K->2482K(65472K), 0.0027520 secs] 156190K->98008K(210744K), 0.0027850 secs] [Times: user=0.01 sys=0.00, real=0.00 secs] 
163.524: Total time for which application threads were stopped: 0.0030610 seconds, Stopping threads took: 0.0001810 seconds
163.545: Application time: 0.0209440 seconds
163.545: [GC163.545: [DefNew: 60722K->2561K(65472K), 0.0026030 secs] 156248K->98087K(210744K), 0.0026360 secs] [Times: user=0.01 sys=0.00, real=0.00 secs] 
163.548: Total time for which application threads were stopped: 0.0030150 seconds, Stopping threads took: 0.0003020 seconds
163.568: Application time: 0.0197900 seconds
163.568: [GC163.568: [DefNew: 60801K->4422K(65472K), 0.0033620 secs] 156327K->99948K(210744K), 0.0033990 secs] [Times: user=0.00 sys=0.00, real=0.00 secs] 
163.571: Total time for which application threads were stopped: 0.0036610 seconds, Stopping threads took: 0.0001820 seconds
163.591: Application time: 0.0198390 seconds
163.591: [GC163.592: [DefNew: 62662K->5766K(65472K), 0.0082050 secs] 158188K->103120K(210744K), 0.0082510 secs] [Times: user=0.01 sys=0.00, real=0.01 secs] 
163.600: Total time for which application threads were stopped: 0.0086520 seconds, Stopping threads took: 0.0002950 seconds
163.620: Application time: 0.0201820 seconds
163.620: [GC163.620: [DefNew: 64006K->6377K(65472K), 0.0097270 secs] 161360K->108994K(210744K), 0.0097690 secs] [Times: user=0.01 sys=0.00, real=0.01 secs] 
163.630: Total time for which application threads were stopped: 0.0101780 seconds, Stopping threads took: 0.0003040 seconds
163.651: Application time: 0.0210970 seconds
163.651: [GC163.651: [DefNew: 64617K->6956K(65472K), 0.0116190 secs] 167234K->115063K(210744K), 0.0116640 secs] [Times: user=0.02 sys=0.00, real=0.01 secs] 
163.663: Total time for which application threads were stopped: 0.0119190 seconds, Stopping threads took: 0.0001550 seconds
163.685: Application time: 0.0220590 seconds
163.685: [GC163.685: [DefNew: 65196K->6057K(65472K), 0.0108880 secs] 173303K->119794K(210744K), 0.0109340 secs] [Times: user=0.01 sys=0.00, real=0.01 secs] 
163.696: Total time for which application threads were stopped: 0.0111220 seconds, Stopping threads took: 0.0001010 seconds
163.721: Application time: 0.0241830 seconds
163.721: [GC163.721: [DefNew: 64297K->7231K(65472K), 0.0191440 secs] 178034K->132659K(210744K), 0.0191910 secs] [Times: user=0.02 sys=0.00, real=0.02 secs] 
163.740: Total time for which application threads were stopped: 0.0193880 seconds, Stopping threads took: 0.0001100 seconds
163.769: Application time: 0.0289270 seconds
163.769: [GC163.769: [DefNew: 65471K->7232K(65472K), 0.0285270 secs] 190899K->149635K(210744K), 0.0285720 secs] [Times: user=0.03 sys=0.00, real=0.03 secs] 
163.798: Total time for which application threads were stopped: 0.0287420 seconds, Stopping threads took: 0.0000870 seconds
163.832: Application time: 0.0345700 seconds
163.832: [GC163.832: [DefNew: 65472K->7231K(65472K), 0.0304510 secs]163.863: [Tenured: 154819K->82057K(154872K), 0.1274790 secs] 207875K->82057K(220344K), [Perm : 8870K->8870K(21248K)], 0.1583610 secs] [Times: user=0.15 sys=0.01, real=0.16 secs] 
163.991: Total time for which application threads were stopped: 0.1585490 seconds, Stopping threads took: 0.0001040 seconds
164.023: Application time: 0.0322010 seconds
164.023: [GC164.023: [DefNew: 58240K->7231K(65472K), 0.0156350 secs] 140297K->92866K(210744K), 0.0156900 secs] [Times: user=0.01 sys=0.00, real=0.02 secs] 
164.039: Total time for which application threads were stopped: 0.0159550 seconds, Stopping threads took: 0.0001630 seconds
164.069: Application time: 0.0296960 seconds
164.069: [GC164.069: [DefNew: 65471K->7231K(65472K), 0.0222660 secs] 151106K->102381K(210744K), 0.0223090 secs] [Times: user=0.02 sys=0.00, real=0.02 secs] 
164.091: Total time for which application threads were stopped: 0.0226330 seconds, Stopping threads took: 0.0002180 seconds
164.118: Application time: 0.0269780 seconds
164.118: [GC164.118: [DefNew: 65471K->4212K(65472K), 0.0150330 secs] 160621K->105526K(210744K), 0.0150790 secs] [Times: user=0.01 sys=0.00, real=0.02 secs] 
164.133: Total time for which application threads were stopped: 0.0152800 seconds, Stopping threads took: 0.0001140 seconds
164.158: Application time: 0.0242870 seconds
164.158: [GC164.158: [DefNew: 62452K->703K(65472K), 0.0042200 secs] 163766K->105464K(210744K), 0.0042590 secs] [Times: user=0.00 sys=0.00, real=0.00 secs] 
164.162: Total time for which application threads were stopped: 0.0044600 seconds, Stopping threads took: 0.0001200 seconds
164.184: Application time: 0.0219080 seconds
164.184: [GC164.184: [DefNew: 58943K->821K(65472K), 0.0013020 secs] 163704K->105581K(210744K), 0.0013340 secs] [Times: user=0.00 sys=0.00, real=0.01 secs] 
164.186: Total time for which application threads were stopped: 0.0015320 seconds, Stopping threads took: 0.0001190 seconds
164.206: Application time: 0.0204490 seconds
164.206: [GC164.206: [DefNew: 59061K->855K(65472K), 0.0015240 secs] 163821K->105615K(210744K), 0.0015530 secs] [Times: user=0.00 sys=0.00, real=0.00 secs] 
164.208: Total time for which application threads were stopped: 0.0017330 seconds, Stopping threads took: 0.0001070 seconds
164.228: Application time: 0.0200850 seconds
164.228: [GC164.228: [DefNew: 59095K->4600K(65472K), 0.0040000 secs] 163855K->109360K(210744K), 0.0040420 secs] [Times: user=0.01 sys=0.00, real=0.00 secs] 
164.232: Total time for which application threads were stopped: 0.0042990 seconds, Stopping threads took: 0.0001710 seconds
164.252: Application time: 0.0196630 seconds
164.252: [GC164.252: [DefNew: 62840K->2735K(65472K), 0.0068620 secs] 167600K->111325K(210744K), 0.0069030 secs] [Times: user=0.01 sys=0.00, real=0.01 secs] 
164.259: Total time for which application threads were stopped: 0.0070990 seconds, Stopping threads took: 0.0001090 seconds
164.280: Application time: 0.0207490 seconds
164.281: [GC164.281: [DefNew: 60975K->7231K(65472K), 0.0077380 secs] 169565K->117514K(210744K), 0.0077830 secs] [Times: user=0.01 sys=0.00, real=0.01 secs] 
164.288: Total time for which application threads were stopped: 0.0086490 seconds, Stopping threads took: 0.0007780 seconds
164.309: Application time: 0.0209400 seconds
164.310: [GC164.310: [DefNew: 65471K->6930K(65472K), 0.0159970 secs] 175754K->123379K(210744K), 0.0160410 secs] [Times: user=0.01 sys=0.00, real=0.02 secs] 
164.326: Total time for which application threads were stopped: 0.0163700 seconds, Stopping threads took: 0.0002410 seconds
164.348: Application time: 0.0227050 seconds
164.349: [GC164.349: [DefNew: 65170K->6511K(65472K), 0.0107270 secs] 181619K->128522K(210744K), 0.0107720 secs] [Times: user=0.01 sys=0.00, real=0.01 secs] 
164.359: Total time for which application threads were stopped: 0.0110260 seconds, Stopping threads took: 0.0001490 seconds
164.385: Application time: 0.0255160 seconds
164.385: [GC164.385: [DefNew: 64751K->7231K(65472K), 0.0247640 secs] 186762K->142791K(210744K), 0.0248070 secs] [Times: user=0.02 sys=0.00, real=0.02 secs] 
164.410: Total time for which application threads were stopped: 0.0252010 seconds, Stopping threads took: 0.0002900 seconds
164.442: Application time: 0.0315340 seconds
164.442: [GC164.442: [DefNew: 65471K->7231K(65472K), 0.0338730 secs]164.476: [Tenured: 154010K->74591K(154104K), 0.1153800 secs] 201031K->74591K(219576K), [Perm : 8870K->8870K(21248K)], 0.1496010 secs] [Times: user=0.14 sys=0.01, real=0.15 secs] 
164.591: Total time for which application threads were stopped: 0.1497760 seconds, Stopping threads took: 0.0000920 seconds
164.627: Application time: 0.0350710 seconds
164.627: [GC164.627: [DefNew: 58240K->7231K(65472K), 0.0157370 secs] 132831K->86105K(210744K), 0.0157910 secs] [Times: user=0.02 sys=0.00, real=0.01 secs] 
164.643: Total time for which application threads were stopped: 0.0159850 seconds, Stopping threads took: 0.0001000 seconds
164.674: Application time: 0.0311020 seconds
164.674: [GC164.674: [DefNew: 65471K->7231K(65472K), 0.0221080 secs] 144345K->94640K(210744K), 0.0221550 secs] [Times: user=0.02 sys=0.00, real=0.02 secs] 
164.696: Total time for which application threads were stopped: 0.0225120 seconds, Stopping threads took: 0.0002520 seconds
164.725: Application time: 0.0283850 seconds
164.725: [GC164.725: [DefNew: 65471K->7231K(65472K), 0.0191970 secs] 152880K->101574K(210744K), 0.0192400 secs] [Times: user=0.02 sys=0.00, real=0.01 secs] 
164.744: Total time for which application threads were stopped: 0.0194960 seconds, Stopping threads took: 0.0001690 seconds
164.770: Application time: 0.0264360 seconds
164.771: [GC164.771: [DefNew: 65471K->4195K(65472K), 0.0080210 secs] 159814K->101998K(210744K), 0.0080670 secs] [Times: user=0.01 sys=0.00, real=0.01 secs] 
164.779: Total time for which application threads were stopped: 0.0083020 seconds, Stopping threads took: 0.0001470 seconds
164.802: Application time: 0.0232550 seconds
164.802: [GC164.802: [DefNew: 62435K->666K(65472K), 0.0046180 secs] 160238K->102007K(210744K), 0.0046560 secs] [Times: user=0.00 sys=0.00, real=0.01 secs] 
164.807: Total time for which application threads were stopped: 0.0048530 seconds, Stopping threads took: 0.0001150 seconds
164.829: Application time: 0.0216360 seconds
164.829: [GC164.829: [DefNew: 58906K->747K(65472K), 0.0013600 secs] 160247K->102087K(210744K), 0.0013920 secs] [Times: user=0.00 sys=0.00, real=0.00 secs] 
164.830: Total time for which application threads were stopped: 0.0016290 seconds, Stopping threads took: 0.0001430 seconds
164.850: Application time: 0.0201860 seconds
164.851: [GC164.851: [DefNew: 58987K->2902K(65472K), 0.0025720 secs] 160327K->104243K(210744K), 0.0026070 secs] [Times: user=0.00 sys=0.00, real=0.01 secs] 
164.853: Total time for which application threads were stopped: 0.0029800 seconds, Stopping threads took: 0.0002760 seconds
164.873: Application time: 0.0200260 seconds
164.874: [GC164.874: [DefNew: 61142K->6055K(65472K), 0.0068790 secs] 162483K->107396K(210744K), 0.0069210 secs] [Times: user=0.01 sys=0.00, real=0.00 secs] 
164.881: Total time for which application threads were stopped: 0.0071540 seconds, Stopping threads took: 0.0001290 seconds
164.900: Application time: 0.0199430 seconds
164.901: [GC164.901: [DefNew: 64295K->2424K(65472K), 0.0081370 secs] 165636K->109352K(210744K), 0.0081790 secs] [Times: user=0.00 sys=0.00, real=0.01 secs] 
164.909: Total time for which application threads were stopped: 0.0084080 seconds, Stopping threads took: 0.0001240 seconds
164.929: Application time: 0.0204150 seconds
164.930: [GC164.930: [DefNew: 60664K->7231K(65472K), 0.0091000 secs] 167592K->116890K(210744K), 0.0091430 secs] [Times: user=0.01 sys=0.00, real=0.01 secs] 
164.939: Total time for which application threads were stopped: 0.0094780 seconds, Stopping threads took: 0.0002480 seconds
164.960: Application time: 0.0212450 seconds
164.960: [GC164.960: [DefNew: 65471K->5461K(65472K), 0.0136990 secs] 175130K->121239K(210744K), 0.0137440 secs] [Times: user=0.01 sys=0.00, real=0.02 secs] 
164.974: Total time for which application threads were stopped: 0.0140360 seconds, Stopping threads took: 0.0002040 seconds
164.998: Application time: 0.0235930 seconds
164.998: [GC164.998: [DefNew: 63701K->7231K(65472K), 0.0170710 secs] 179479K->132738K(210744K), 0.0171150 secs] [Times: user=0.02 sys=0.00, real=0.02 secs] 
165.015: Total time for which application threads were stopped: 0.0173710 seconds, Stopping threads took: 0.0001500 seconds
165.042: Application time: 0.0265630 seconds
165.042: [GC165.042: [DefNew: 65471K->7232K(65472K), 0.0249610 secs] 190978K->145436K(210744K), 0.0250040 secs] [Times: user=0.02 sys=0.00, real=0.03 secs] 
165.067: Total time for which application threads were stopped: 0.0251860 seconds, Stopping threads took: 0.0000940 seconds
165.099: Application time: 0.0325660 seconds
165.100: [GC165.100: [DefNew: 65472K->7232K(65472K), 0.0320620 secs]165.132: [Tenured: 155763K->76077K(155832K), 0.1186620 secs] 203676K->76077K(221304K), [Perm : 8870K->8870K(21248K)], 0.1511120 secs] [Times: user=0.15 sys=0.00, real=0.15 secs] 
165.251: Total time for which application threads were stopped: 0.1513570 seconds, Stopping threads took: 0.0001520 seconds
165.285: Application time: 0.0343130 seconds
165.285: [GC165.285: [DefNew: 58240K->7232K(65472K), 0.0165690 secs] 134317K->86940K(210744K), 0.0166130 secs] [Times: user=0.02 sys=0.00, real=0.01 secs] 
165.302: Total time for which application threads were stopped: 0.0169040 seconds, Stopping threads took: 0.0001730 seconds
165.333: Application time: 0.0305990 seconds
165.333: [GC165.333: [DefNew: 65472K->7231K(65472K), 0.0188640 secs] 145180K->94668K(210744K), 0.0189070 secs] [Times: user=0.02 sys=0.00, real=0.01 secs] 
165.352: Total time for which application threads were stopped: 0.0192120 seconds, Stopping threads took: 0.0001970 seconds
165.379: Application time: 0.0271700 seconds
165.379: [GC165.379: [DefNew: 65471K->5921K(65472K), 0.0124780 secs] 152908K->100045K(210744K), 0.0125240 secs] [Times: user=0.01 sys=0.00, real=0.01 secs] 
165.392: Total time for which application threads were stopped: 0.0127700 seconds, Stopping threads took: 0.0001480 seconds
165.417: Application time: 0.0253670 seconds
165.417: [GC165.417: [DefNew: 64161K->2206K(65472K), 0.0064760 secs] 158285K->99908K(210744K), 0.0065170 secs] [Times: user=0.01 sys=0.00, real=0.00 secs] 
165.424: Total time for which application threads were stopped: 0.0067460 seconds, Stopping threads took: 0.0001420 seconds
165.446: Application time: 0.0225360 seconds
165.447: [GC165.447: [DefNew: 60440K->2201K(65472K), 0.0025780 secs] 158143K->99904K(210744K), 0.0026070 secs] [Times: user=0.00 sys=0.00, real=0.00 secs] 
165.449: Total time for which application threads were stopped: 0.0028290 seconds, Stopping threads took: 0.0001460 seconds
165.470: Application time: 0.0210510 seconds
165.470: [GC165.470: [DefNew: 60441K->2293K(65472K), 0.0027490 secs] 158144K->99995K(210744K), 0.0027840 secs] [Times: user=0.00 sys=0.00, real=0.01 secs] 
165.473: Total time for which application threads were stopped: 0.0029930 seconds, Stopping threads took: 0.0001320 seconds
165.494: Application time: 0.0205650 seconds
165.494: [GC165.494: [DefNew: 60533K->6781K(65472K), 0.0070230 secs] 158235K->104483K(210744K), 0.0070640 secs] [Times: user=0.00 sys=0.00, real=0.00 secs] 
165.501: Total time for which application threads were stopped: 0.0073150 seconds, Stopping threads took: 0.0001470 seconds
165.521: Application time: 0.0203030 seconds
165.522: [GC165.522: [DefNew: 65021K->2148K(65472K), 0.0082750 secs] 162723K->105958K(210744K), 0.0083190 secs] [Times: user=0.01 sys=0.00, real=0.01 secs] 
165.530: Total time for which application threads were stopped: 0.0085900 seconds, Stopping threads took: 0.0001610 seconds
165.551: Application time: 0.0208550 seconds
165.551: [GC165.551: [DefNew: 60388K->5947K(65472K), 0.0049050 secs] 164198K->109756K(210744K), 0.0049460 secs] [Times: user=0.00 sys=0.00, real=0.01 secs] 
165.556: Total time for which application threads were stopped: 0.0051140 seconds, Stopping threads took: 0.0000860 seconds
165.576: Application time: 0.0204610 seconds
165.577: [GC165.577: [DefNew: 64187K->7232K(65472K), 0.0121620 secs] 167996K->116355K(210744K), 0.0122060 secs] [Times: user=0.01 sys=0.00, real=0.01 secs] 
165.589: Total time for which application threads were stopped: 0.0123920 seconds, Stopping threads took: 0.0000980 seconds
165.610: Application time: 0.0215670 seconds
165.611: [GC165.611: [DefNew: 65472K->7231K(65472K), 0.0153950 secs] 174595K->122566K(210744K), 0.0154410 secs] [Times: user=0.02 sys=0.00, real=0.02 secs] 
165.626: Total time for which application threads were stopped: 0.0156770 seconds, Stopping threads took: 0.0001380 seconds
165.651: Application time: 0.0248150 seconds
165.651: [GC165.651: [DefNew: 65471K->7232K(65472K), 0.0232400 secs] 180806K->135039K(210744K), 0.0232840 secs] [Times: user=0.02 sys=0.00, real=0.03 secs] 
165.674: Total time for which application threads were stopped: 0.0235430 seconds, Stopping threads took: 0.0001740 seconds
165.703: Application time: 0.0287730 seconds
165.703: [GC165.703: [DefNew: 65472K->7232K(65472K), 0.0281200 secs] 193279K->149403K(210744K), 0.0281640 secs] [Times: user=0.03 sys=0.00, real=0.03 secs] 
165.732: Total time for which application threads were stopped: 0.0284270 seconds, Stopping threads took: 0.0001790 seconds
165.766: Application time: 0.0339080 seconds
165.766: [GC165.766: [DefNew: 65472K->7231K(65472K), 0.0341040 secs]165.800: [Tenured: 156013K->77939K(156024K), 0.1292310 secs] 207643K->77939K(221496K), [Perm : 8870K->8870K(21248K)], 0.1637300 secs] [Times: user=0.16 sys=0.00, real=0.16 secs] 
165.930: Total time for which application threads were stopped: 0.1639430 seconds, Stopping threads took: 0.0001340 seconds
165.962: Application time: 0.0326450 seconds
165.962: [GC165.962: [DefNew: 58240K->7231K(65472K), 0.0128610 secs] 136179K->87904K(210744K), 0.0129050 secs] [Times: user=0.01 sys=0.00, real=0.02 secs] 
165.975: Total time for which application threads were stopped: 0.0130930 seconds, Stopping threads took: 0.0000700 seconds
166.005: Application time: 0.0298760 seconds
166.005: [GC166.005: [DefNew: 65471K->7232K(65472K), 0.0208780 secs] 146144K->95307K(210744K), 0.0209240 secs] [Times: user=0.02 sys=0.00, real=0.02 secs] 
166.026: Total time for which application threads were stopped: 0.0212170 seconds, Stopping threads took: 0.0002060 seconds
166.053: Application time: 0.0264320 seconds
166.057: [GC166.057: [DefNew: 65472K->3573K(65472K), 0.0102260 secs] 153547K->97093K(210744K), 0.0102720 secs] [Times: user=0.01 sys=0.00, real=0.01 secs] 
166.067: Total time for which application threads were stopped: 0.0142280 seconds, Stopping threads took: 0.0038480 seconds
166.091: Application time: 0.0244490 seconds
166.092: [GC166.092: [DefNew: 61813K->4343K(65472K), 0.0045750 secs] 155333K->97864K(210744K), 0.0046160 secs] [Times: user=0.00 sys=0.00, real=0.01 secs] 
166.096: Total time for which application threads were stopped: 0.0049430 seconds, Stopping threads took: 0.0002210 seconds
166.119: Application time: 0.0223810 seconds
166.119: [GC166.119: [DefNew: 62583K->1447K(65472K), 0.0043640 secs] 156104K->97913K(210744K), 0.0044040 secs] [Times: user=0.01 sys=0.00, real=0.00 secs] 
166.123: Total time for which application threads were stopped: 0.0046380 seconds, Stopping threads took: 0.0001480 seconds
166.145: Application time: 0.0215720 seconds
166.145: [GC166.145: [DefNew: 59687K->5271K(65472K), 0.0043900 secs] 156153K->101736K(210744K), 0.0044340 secs] [Times: user=0.00 sys=0.00, real=0.00 secs] 
166.150: Total time for which application threads were stopped: 0.0046520 seconds, Stopping threads took: 0.0001310 seconds
166.170: Application time: 0.0204810 seconds
166.170: [GC166.170: [DefNew: 63511K->2841K(65472K), 0.0068780 secs] 159976K->103814K(210744K), 0.0069210 secs] [Times: user=0.01 sys=0.00, real=0.01 secs] 
166.177: Total time for which application threads were stopped: 0.0071640 seconds, Stopping threads took: 0.0001440 seconds
166.198: Application time: 0.0210750 seconds
166.199: [GC166.199: [DefNew: 61081K->3351K(65472K), 0.0028360 secs] 162054K->104324K(210744K), 0.0028730 secs] [Times: user=0.00 sys=0.00, real=0.00 secs] 
166.201: Total time for which application threads were stopped: 0.0030300 seconds, Stopping threads took: 0.0000770 seconds
166.222: Application time: 0.0204670 seconds
166.222: [GC166.222: [DefNew: 61591K->7231K(65472K), 0.0085080 secs] 162564K->109344K(210744K), 0.0085520 secs] [Times: user=0.01 sys=0.00, real=0.01 secs] 
166.231: Total time for which application threads were stopped: 0.0087590 seconds, Stopping threads took: 0.0001010 seconds
166.251: Application time: 0.0207970 seconds
166.252: [GC166.252: [DefNew: 65471K->7231K(65472K), 0.0141960 secs] 167584K->116454K(210744K), 0.0142500 secs] [Times: user=0.02 sys=0.00, real=0.02 secs] 
166.266: Total time for which application threads were stopped: 0.0145040 seconds, Stopping threads took: 0.0001580 seconds
166.289: Application time: 0.0228860 seconds
166.289: [GC166.289: [DefNew: 65471K->7232K(65472K), 0.0178470 secs] 174694K->125323K(210744K), 0.0178920 secs] [Times: user=0.02 sys=0.00, real=0.02 secs] 
166.307: Total time for which application threads were stopped: 0.0181210 seconds, Stopping threads took: 0.0001420 seconds
166.333: Application time: 0.0258600 seconds
166.333: [GC166.333: [DefNew: 65472K->7232K(65472K), 0.0225290 secs] 183563K->135299K(210744K), 0.0225750 secs] [Times: user=0.03 sys=0.00, real=0.02 secs] 
166.356: Total time for which application threads were stopped: 0.0228300 seconds, Stopping threads took: 0.0001680 seconds
166.387: Application time: 0.0309290 seconds
166.387: [GC166.387: [DefNew: 65472K->7231K(65472K), 0.0325220 secs] 193539K->151717K(210744K), 0.0325660 secs] [Times: user=0.04 sys=0.00, real=0.03 secs] 
166.419: Total time for which application threads were stopped: 0.0328660 seconds, Stopping threads took: 0.0001980 seconds
166.453: Application time: 0.0332710 seconds
166.453: [GC166.453: [DefNew: 65471K->7232K(65472K), 0.0268380 secs]166.480: [Tenured: 155467K->77322K(155640K), 0.1212230 secs] 209957K->77322K(221112K), [Perm : 8870K->8870K(21248K)], 0.1484440 secs] [Times: user=0.14 sys=0.01, real=0.14 secs] 
166.602: Total time for which application threads were stopped: 0.1487780 seconds, Stopping threads took: 0.0002310 seconds
166.633: Application time: 0.0314730 seconds
166.633: [GC166.633: [DefNew: 58240K->7231K(65472K), 0.0152830 secs] 135562K->87376K(210744K), 0.0153280 secs] [Times: user=0.01 sys=0.00, real=0.01 secs] 
166.649: Total time for which application threads were stopped: 0.0156520 seconds, Stopping threads took: 0.0002080 seconds
166.677: Application time: 0.0285600 seconds
166.678: [GC166.678: [DefNew: 65471K->6224K(65472K), 0.0172490 secs] 145616K->93221K(210744K), 0.0172920 secs] [Times: user=0.02 sys=0.00, real=0.02 secs] 
166.695: Total time for which application threads were stopped: 0.0176160 seconds, Stopping threads took: 0.0002180 seconds
166.721: Application time: 0.0264850 seconds
166.722: [GC166.722: [DefNew: 64464K->3142K(65472K), 0.0072950 secs] 151461K->93993K(210744K), 0.0073380 secs] [Times: user=0.01 sys=0.00, real=0.01 secs] 
166.729: Total time for which application threads were stopped: 0.0076840 seconds, Stopping threads took: 0.0002400 seconds
166.753: Application time: 0.0236480 seconds
166.753: [GC166.753: [DefNew: 61382K->3132K(65472K), 0.0027270 secs] 152233K->93982K(210744K), 0.0027610 secs] [Times: user=0.00 sys=0.00, real=0.00 secs] 
166.756: Total time for which application threads were stopped: 0.0029740 seconds, Stopping threads took: 0.0001250 seconds
166.778: Application time: 0.0224560 seconds
166.778: [GC166.779: [DefNew: 61372K->6101K(65472K), 0.0046520 secs] 152222K->96952K(210744K), 0.0046970 secs] [Times: user=0.01 sys=0.00, real=0.00 secs] 
166.783: Total time for which application threads were stopped: 0.0051260 seconds, Stopping threads took: 0.0003210 seconds
166.805: Application time: 0.0215760 seconds
166.806: [GC166.806: [DefNew: 64341K->6250K(65472K), 0.0085600 secs] 155192K->99628K(210744K), 0.0086010 secs] [Times: user=0.01 sys=0.00, real=0.01 secs] 
166.814: Total time for which application threads were stopped: 0.0096090 seconds, Stopping threads took: 0.0009020 seconds
166.836: Application time: 0.0212660 seconds
166.836: [GC166.836: [DefNew: 64490K->3985K(65472K), 0.0064220 secs] 157868K->100069K(210744K), 0.0064630 secs] [Times: user=0.01 sys=0.00, real=0.00 secs] 
166.842: Total time for which application threads were stopped: 0.0067540 seconds, Stopping threads took: 0.0001870 seconds
166.863: Application time: 0.0203590 seconds
166.863: [GC166.863: [DefNew: 62225K->4806K(65472K), 0.0061970 secs] 158309K->104052K(210744K), 0.0062490 secs] [Times: user=0.01 sys=0.00, real=0.01 secs] 
166.869: Total time for which application threads were stopped: 0.0065140 seconds, Stopping threads took: 0.0001590 seconds
166.890: Application time: 0.0204250 seconds
166.890: [GC166.890: [DefNew: 63046K->3447K(65472K), 0.0073700 secs] 162292K->106132K(210744K), 0.0074130 secs] [Times: user=0.01 sys=0.00, real=0.01 secs] 
166.897: Total time for which application threads were stopped: 0.0076050 seconds, Stopping threads took: 0.0000940 seconds
166.918: Application time: 0.0209830 seconds
166.919: [GC166.919: [DefNew: 61687K->7232K(65472K), 0.0105290 secs] 164372K->113211K(210744K), 0.0105710 secs] [Times: user=0.01 sys=0.00, real=0.01 secs] 
166.929: Total time for which application threads were stopped: 0.0109420 seconds, Stopping threads took: 0.0002630 seconds
166.953: Application time: 0.0236490 seconds
166.953: [GC166.953: [DefNew: 65472K->7232K(65472K), 0.0245780 secs] 171451K->126773K(210744K), 0.0246240 secs] [Times: user=0.02 sys=0.00, real=0.02 secs] 
166.978: Total time for which application threads were stopped: 0.0248300 seconds, Stopping threads took: 0.0001190 seconds
167.005: Application time: 0.0271660 seconds
167.005: [GC167.005: [DefNew: 65472K->7231K(65472K), 0.0241160 secs] 185013K->140141K(210744K), 0.0241600 secs] [Times: user=0.02 sys=0.00, real=0.02 secs] 
167.029: Total time for which application threads were stopped: 0.0243370 seconds, Stopping threads took: 0.0000930 seconds
167.062: Application time: 0.0322700 seconds
167.062: [GC167.062: [DefNew: 65471K->7232K(65472K), 0.0270950 secs]167.089: [Tenured: 147101K->76032K(147192K), 0.1172750 secs] 198381K->76032K(212664K), [Perm : 8870K->8870K(21248K)], 0.1445260 secs] [Times: user=0.14 sys=0.00, real=0.15 secs] 
167.206: Total time for which application threads were stopped: 0.1447300 seconds, Stopping threads took: 0.0001210 seconds
167.239: Application time: 0.0326590 seconds
167.239: [GC167.239: [DefNew: 58240K->7231K(65472K), 0.0172690 secs] 134272K->87252K(210744K), 0.0173130 secs] [Times: user=0.02 sys=0.00, real=0.02 secs] 
167.257: Total time for which application threads were stopped: 0.0175970 seconds, Stopping threads took: 0.0001840 seconds
167.287: Application time: 0.0300580 seconds
167.287: [GC167.287: [DefNew: 65471K->7232K(65472K), 0.0179920 secs] 145492K->96399K(210744K), 0.0180340 secs] [Times: user=0.02 sys=0.00, real=0.02 secs] 
167.305: Total time for which application threads were stopped: 0.0182000 seconds, Stopping threads took: 0.0000790 seconds
167.333: Application time: 0.0280550 seconds
167.333: [GC167.333: [DefNew: 65472K->7231K(65472K), 0.0183970 secs] 154639K->103837K(210744K), 0.0184420 secs] [Times: user=0.02 sys=0.00, real=0.01 secs] 
167.351: Total time for which application threads were stopped: 0.0186490 seconds, Stopping threads took: 0.0001180 seconds
167.377: Application time: 0.0252710 seconds
167.377: [GC167.377: [DefNew: 65471K->2405K(65472K), 0.0088380 secs] 162077K->103961K(210744K), 0.0088810 secs] [Times: user=0.01 sys=0.00, real=0.01 secs] 
167.386: Total time for which application threads were stopped: 0.0090990 seconds, Stopping threads took: 0.0001310 seconds
167.409: Application time: 0.0231400 seconds
167.409: [GC167.409: [DefNew: 60645K->2527K(65472K), 0.0028570 secs] 162201K->104083K(210744K), 0.0028890 secs] [Times: user=0.00 sys=0.00, real=0.00 secs] 
167.412: Total time for which application threads were stopped: 0.0030700 seconds, Stopping threads took: 0.0001040 seconds
167.434: Application time: 0.0218030 seconds
167.434: [GC167.434: [DefNew: 60767K->7097K(65472K), 0.0065340 secs] 162323K->108653K(210744K), 0.0065700 secs] [Times: user=0.00 sys=0.00, real=0.00 secs] 
167.441: Total time for which application threads were stopped: 0.0067310 seconds, Stopping threads took: 0.0000770 seconds
167.461: Application time: 0.0208730 seconds
167.462: [GC167.462: [DefNew: 65337K->2098K(65472K), 0.0078990 secs] 166893K->110034K(210744K), 0.0079430 secs] [Times: user=0.01 sys=0.00, real=0.01 secs] 
167.470: Total time for which application threads were stopped: 0.0081550 seconds, Stopping threads took: 0.0001130 seconds
167.491: Application time: 0.0208780 seconds
167.491: [GC167.491: [DefNew: 60338K->2525K(65472K), 0.0025460 secs] 168274K->110462K(210744K), 0.0025800 secs] [Times: user=0.00 sys=0.00, real=0.01 secs] 
167.493: Total time for which application threads were stopped: 0.0028880 seconds, Stopping threads took: 0.0002120 seconds
167.513: Application time: 0.0200760 seconds
167.514: [GC167.514: [DefNew: 60765K->7015K(65472K), 0.0063230 secs] 168702K->114952K(210744K), 0.0063680 secs] [Times: user=0.00 sys=0.00, real=0.00 secs] 
167.520: Total time for which application threads were stopped: 0.0066180 seconds, Stopping threads took: 0.0001610 seconds
167.540: Application time: 0.0201530 seconds
167.540: [GC167.540: [DefNew: 65255K->6517K(65472K), 0.0112940 secs] 173192K->119729K(210744K), 0.0113400 secs] [Times: user=0.01 sys=0.00, real=0.01 secs] 
167.552: Total time for which application threads were stopped: 0.0114990 seconds, Stopping threads took: 0.0000710 seconds
167.574: Application time: 0.0219610 seconds
167.574: [GC167.574: [DefNew: 64757K->7232K(65472K), 0.0138530 secs] 177969K->127035K(210744K), 0.0138970 secs] [Times: user=0.02 sys=0.00, real=0.01 secs] 
167.588: Total time for which application threads were stopped: 0.0141280 seconds, Stopping threads took: 0.0001250 seconds
167.612: Application time: 0.0239540 seconds
167.612: [GC167.612: [DefNew: 65472K->7232K(65472K), 0.0177480 secs] 185275K->136793K(210744K), 0.0177960 secs] [Times: user=0.02 sys=0.00, real=0.02 secs] 
167.630: Total time for which application threads were stopped: 0.0179940 seconds, Stopping threads took: 0.0001020 seconds
167.659: Application time: 0.0288520 seconds
167.659: [GC167.659: [DefNew: 65472K->7232K(65472K), 0.0269770 secs]167.686: [Tenured: 145734K->76872K(145848K), 0.1169740 secs] 195033K->76872K(211320K), [Perm : 8870K->8870K(21248K)], 0.1440510 secs] [Times: user=0.14 sys=0.00, real=0.14 secs] 
167.803: Total time for which application threads were stopped: 0.1442740 seconds, Stopping threads took: 0.0001400 seconds
167.836: Application time: 0.0333590 seconds
167.836: [GC167.837: [DefNew: 58240K->7231K(65472K), 0.0241080 secs] 135112K->91884K(210744K), 0.0241530 secs] [Times: user=0.02 sys=0.00, real=0.02 secs] 
167.861: Total time for which application threads were stopped: 0.0243520 seconds, Stopping threads took: 0.0000890 seconds
167.893: Application time: 0.0327120 seconds
167.897: [GC167.897: [DefNew: 65471K->7232K(65472K), 0.0222690 secs] 150124K->100515K(210744K), 0.0223120 secs] [Times: user=0.02 sys=0.00, real=0.02 secs] 
167.919: Total time for which application threads were stopped: 0.0256600 seconds, Stopping threads took: 0.0032620 seconds
167.948: Application time: 0.0290330 seconds
167.948: [GC167.948: [DefNew: 65472K->6931K(65472K), 0.0182660 secs] 158755K->107214K(210744K), 0.0183090 secs] [Times: user=0.02 sys=0.00, real=0.02 secs] 
167.967: Total time for which application threads were stopped: 0.0185710 seconds, Stopping threads took: 0.0001540 seconds
167.994: Application time: 0.0269980 seconds
167.994: [GC167.994: [DefNew: 65171K->5489K(65472K), 0.0107900 secs] 165454K->110258K(210744K), 0.0108350 secs] [Times: user=0.01 sys=0.00, real=0.01 secs] 
168.005: Total time for which application threads were stopped: 0.0110690 seconds, Stopping threads took: 0.0001440 seconds
168.030: Application time: 0.0248210 seconds
168.030: [GC168.030: [DefNew: 63729K->1459K(65472K), 0.0049290 secs] 168498K->109328K(210744K), 0.0049730 secs] [Times: user=0.01 sys=0.00, real=0.01 secs] 
168.035: Total time for which application threads were stopped: 0.0051940 seconds, Stopping threads took: 0.0001160 seconds
168.057: Application time: 0.0227360 seconds
168.058: [GC168.058: [DefNew: 59699K->5247K(65472K), 0.0046550 secs] 167568K->113117K(210744K), 0.0046980 secs] [Times: user=0.00 sys=0.00, real=0.00 secs] 
168.062: Total time for which application threads were stopped: 0.0048940 seconds, Stopping threads took: 0.0001100 seconds
168.084: Application time: 0.0217860 seconds
168.084: [GC168.084: [DefNew: 63487K->3084K(65472K), 0.0086160 secs] 171357K->115303K(210744K), 0.0086660 secs] [Times: user=0.01 sys=0.00, real=0.02 secs] 
168.093: Total time for which application threads were stopped: 0.0089170 seconds, Stopping threads took: 0.0001630 seconds
168.114: Application time: 0.0213760 seconds
168.115: [GC168.115: [DefNew: 61324K->3217K(65472K), 0.0031530 secs] 173543K->115435K(210744K), 0.0031890 secs] [Times: user=0.01 sys=0.00, real=0.00 secs] 
168.118: Total time for which application threads were stopped: 0.0033900 seconds, Stopping threads took: 0.0001020 seconds
168.138: Application time: 0.0202310 seconds
168.138: [GC168.138: [DefNew: 61457K->6033K(65472K), 0.0049930 secs] 173675K->118252K(210744K), 0.0050330 secs] [Times: user=0.00 sys=0.00, real=0.00 secs] 
168.143: Total time for which application threads were stopped: 0.0053660 seconds, Stopping threads took: 0.0002290 seconds
168.164: Application time: 0.0205330 seconds
168.164: [GC168.164: [DefNew: 64273K->6457K(65472K), 0.0101410 secs] 176492K->121563K(210744K), 0.0101840 secs] [Times: user=0.01 sys=0.00, real=0.02 secs] 
168.174: Total time for which application threads were stopped: 0.0104150 seconds, Stopping threads took: 0.0001220 seconds
168.195: Application time: 0.0204580 seconds
168.195: [GC168.195: [DefNew: 64697K->7231K(65472K), 0.0114450 secs] 179803K->128006K(210744K), 0.0114880 secs] [Times: user=0.01 sys=0.00, real=0.01 secs] 
168.207: Total time for which application threads were stopped: 0.0117240 seconds, Stopping threads took: 0.0001500 seconds
168.230: Application time: 0.0229540 seconds
168.230: [GC168.230: [DefNew: 65471K->7232K(65472K), 0.0161800 secs] 186246K->134815K(210744K), 0.0162230 secs] [Times: user=0.02 sys=0.00, real=0.02 secs] 
168.246: Total time for which application threads were stopped: 0.0164400 seconds, Stopping threads took: 0.0001110 seconds
168.271: Application time: 0.0250210 seconds
168.271: [GC168.271: [DefNew: 65472K->7232K(65472K), 0.0194710 secs] 193055K->147927K(210744K), 0.0195160 secs] [Times: user=0.02 sys=0.00, real=0.02 secs] 
168.291: Total time for which application threads were stopped: 0.0198370 seconds, Stopping threads took: 0.0002160 seconds
168.320: Application time: 0.0292790 seconds
168.320: [GC168.320: [DefNew: 65472K->7232K(65472K), 0.0298250 secs]168.350: [Tenured: 155301K->75638K(155448K), 0.1175280 secs] 206167K->75638K(220920K), [Perm : 8870K->8870K(21248K)], 0.1477320 secs] [Times: user=0.15 sys=0.00, real=0.15 secs] 
168.468: Total time for which application threads were stopped: 0.1480550 seconds, Stopping threads took: 0.0002210 seconds
168.501: Application time: 0.0329410 seconds
168.501: [GC168.501: [DefNew: 58240K->7231K(65472K), 0.0151090 secs] 133878K->88599K(210744K), 0.0151520 secs] [Times: user=0.02 sys=0.00, real=0.02 secs] 
168.517: Total time for which application threads were stopped: 0.0153980 seconds, Stopping threads took: 0.0001320 seconds
168.548: Application time: 0.0314490 seconds
168.548: [GC168.548: [DefNew: 65471K->7232K(65472K), 0.0272260 secs] 146839K->100702K(210744K), 0.0272690 secs] [Times: user=0.02 sys=0.00, real=0.03 secs] 
168.576: Total time for which application threads were stopped: 0.0275480 seconds, Stopping threads took: 0.0001750 seconds
168.605: Application time: 0.0291750 seconds
168.605: [GC168.605: [DefNew: 65472K->7231K(65472K), 0.0257760 secs] 158942K->109766K(210744K), 0.0258220 secs] [Times: user=0.02 sys=0.00, real=0.02 secs] 
168.631: Total time for which application threads were stopped: 0.0260720 seconds, Stopping threads took: 0.0001420 seconds
168.657: Application time: 0.0261100 seconds
168.657: [GC168.657: [DefNew: 65471K->2869K(65472K), 0.0102160 secs] 168006K->111934K(210744K), 0.0102620 secs] [Times: user=0.01 sys=0.00, real=0.01 secs] 
168.667: Total time for which application threads were stopped: 0.0105580 seconds, Stopping threads took: 0.0001970 seconds
168.692: Application time: 0.0246390 seconds
168.692: [GC168.692: [DefNew: 61109K->5348K(65472K), 0.0039050 secs] 170174K->114413K(210744K), 0.0039560 secs] [Times: user=0.00 sys=0.00, real=0.01 secs] 
168.696: Total time for which application threads were stopped: 0.0042850 seconds, Stopping threads took: 0.0002210 seconds
168.719: Application time: 0.0230290 seconds
168.720: [GC168.720: [DefNew: 63588K->6153K(65472K), 0.0094740 secs] 172653K->117634K(210744K), 0.0095190 secs] [Times: user=0.01 sys=0.00, real=0.01 secs] 
168.729: Total time for which application threads were stopped: 0.0098600 seconds, Stopping threads took: 0.0002330 seconds
168.751: Application time: 0.0222010 seconds
168.752: [GC168.752: [DefNew: 64393K->936K(65472K), 0.0067070 secs] 175874K->118139K(210744K), 0.0067500 secs] [Times: user=0.01 sys=0.00, real=0.01 secs] 
168.759: Total time for which application threads were stopped: 0.0070070 seconds, Stopping threads took: 0.0001700 seconds
168.780: Application time: 0.0216980 seconds
168.780: [GC168.780: [DefNew: 59176K->1842K(65472K), 0.0024710 secs] 176379K->119046K(210744K), 0.0025030 secs] [Times: user=0.00 sys=0.00, real=0.00 secs] 
168.783: Total time for which application threads were stopped: 0.0027080 seconds, Stopping threads took: 0.0001300 seconds
168.803: Application time: 0.0198430 seconds
168.803: [GC168.803: [DefNew: 60082K->5388K(65472K), 0.0044460 secs] 177286K->122592K(210744K), 0.0044900 secs] [Times: user=0.00 sys=0.00, real=0.01 secs] 
168.807: Total time for which application threads were stopped: 0.0046890 seconds, Stopping threads took: 0.0001130 seconds
168.828: Application time: 0.0203060 seconds
168.828: [GC168.828: [DefNew: 63628K->4455K(65472K), 0.0089300 secs] 180832K->126320K(210744K), 0.0089730 secs] [Times: user=0.01 sys=0.00, real=0.01 secs] 
168.837: Total time for which application threads were stopped: 0.0092930 seconds, Stopping threads took: 0.0002130 seconds
168.858: Application time: 0.0211380 seconds
168.858: [GC168.858: [DefNew: 62695K->7232K(65472K), 0.0099760 secs] 184560K->132956K(210744K), 0.0100200 secs] [Times: user=0.01 sys=0.00, real=0.01 secs] 
168.868: Total time for which application threads were stopped: 0.0102000 seconds, Stopping threads took: 0.0000920 seconds
168.890: Application time: 0.0220980 seconds
168.891: [GC168.891: [DefNew: 65472K->7231K(65472K), 0.0173150 secs] 191196K->139269K(210744K), 0.0173600 secs] [Times: user=0.01 sys=0.00, real=0.02 secs] 
168.908: Total time for which application threads were stopped: 0.0175710 seconds, Stopping threads took: 0.0001240 seconds
168.935: Application time: 0.0272960 seconds
168.936: [GC168.936: [DefNew: 65471K->7232K(65472K), 0.0257320 secs]168.961: [Tenured: 148928K->75479K(149112K), 0.1130500 secs] 197509K->75479K(214584K), [Perm : 8870K->8870K(21248K)], 0.1390070 secs] [Times: user=0.14 sys=0.00, real=0.14 secs] 
169.076: Total time for which application threads were stopped: 0.1406220 seconds, Stopping threads took: 0.0001400 seconds
169.107: Application time: 0.0314550 seconds
169.108: [GC169.108: [DefNew: 58240K->7232K(65472K), 0.0196450 secs] 133719K->89355K(210744K), 0.0196870 secs] [Times: user=0.02 sys=0.00, real=0.02 secs] 
169.127: Total time for which application threads were stopped: 0.0199460 seconds, Stopping threads took: 0.0001570 seconds
169.160: Application time: 0.0322840 seconds
169.160: [GC169.160: [DefNew: 65472K->7231K(65472K), 0.0193740 secs] 147595K->98052K(210744K), 0.0194170 secs] [Times: user=0.02 sys=0.00, real=0.02 secs] 
169.179: Total time for which application threads were stopped: 0.0196270 seconds, Stopping threads took: 0.0001210 seconds
169.209: Application time: 0.0300450 seconds
169.210: [GC169.210: [DefNew: 65471K->7232K(65472K), 0.0227460 secs] 156292K->107010K(210744K), 0.0227900 secs] [Times: user=0.02 sys=0.00, real=0.02 secs] 
169.232: Total time for which application threads were stopped: 0.0229930 seconds, Stopping threads took: 0.0001160 seconds
169.261: Application time: 0.0283050 seconds
169.261: [GC169.261: [DefNew: 65472K->7231K(65472K), 0.0202950 secs] 165250K->116700K(210744K), 0.0203480 secs] [Times: user=0.02 sys=0.00, real=0.02 secs] 
169.281: Total time for which application threads were stopped: 0.0204840 seconds, Stopping threads took: 0.0000470 seconds
169.306: Application time: 0.0251210 seconds
169.306: [GC169.307: [DefNew: 65471K->2602K(65472K), 0.0112360 secs] 174940K->118377K(210744K), 0.0112810 secs] [Times: user=0.01 sys=0.00, real=0.01 secs] 
169.318: Total time for which application threads were stopped: 0.0115310 seconds, Stopping threads took: 0.0001410 seconds
169.342: Application time: 0.0237710 seconds
169.342: [GC169.342: [DefNew: 60842K->6997K(65472K), 0.0063520 secs] 176617K->122772K(210744K), 0.0063950 secs] [Times: user=0.01 sys=0.00, real=0.01 secs] 
169.348: Total time for which application threads were stopped: 0.0066710 seconds, Stopping threads took: 0.0001920 seconds
169.371: Application time: 0.0223250 seconds
169.371: [GC169.371: [DefNew: 65237K->2416K(65472K), 0.0089030 secs] 181012K->124317K(210744K), 0.0089480 secs] [Times: user=0.00 sys=0.00, real=0.01 secs] 
169.380: Total time for which application threads were stopped: 0.0091740 seconds, Stopping threads took: 0.0001200 seconds
169.401: Application time: 0.0215360 seconds
169.402: [GC169.402: [DefNew: 60656K->2665K(65472K), 0.0023620 secs] 182557K->124566K(210744K), 0.0023950 secs] [Times: user=0.00 sys=0.00, real=0.00 secs] 
169.404: Total time for which application threads were stopped: 0.0026360 seconds, Stopping threads took: 0.0001610 seconds
169.424: Application time: 0.0205030 seconds
169.425: [GC169.425: [DefNew: 60905K->3656K(65472K), 0.0040510 secs] 182806K->125558K(210744K), 0.0040900 secs] [Times: user=0.00 sys=0.00, real=0.00 secs] 
169.429: Total time for which application threads were stopped: 0.0043100 seconds, Stopping threads took: 0.0001380 seconds
169.449: Application time: 0.0198210 seconds
169.449: [GC169.449: [DefNew: 61896K->6810K(65472K), 0.0082080 secs] 183798K->130898K(210744K), 0.0082500 secs] [Times: user=0.01 sys=0.00, real=0.01 secs] 
169.457: Total time for which application threads were stopped: 0.0084230 seconds, Stopping threads took: 0.0000850 seconds
169.477: Application time: 0.0202150 seconds
169.477: [GC169.477: [DefNew: 65050K->4375K(65472K), 0.0083110 secs] 189138K->132934K(210744K), 0.0083540 secs] [Times: user=0.01 sys=0.00, real=0.01 secs] 
169.486: Total time for which application threads were stopped: 0.0085540 seconds, Stopping threads took: 0.0000960 seconds
169.508: Application time: 0.0223040 seconds
169.508: [GC169.508: [DefNew: 62615K->7231K(65472K), 0.0129350 secs] 191174K->141939K(210744K), 0.0129790 secs] [Times: user=0.01 sys=0.00, real=0.01 secs] 
169.521: Total time for which application threads were stopped: 0.0131970 seconds, Stopping threads took: 0.0001270 seconds
169.544: Application time: 0.0230650 seconds
169.544: [GC169.545: [DefNew: 65471K->7232K(65472K), 0.0143980 secs] 200179K->151157K(210744K), 0.0144420 secs] [Times: user=0.01 sys=0.00, real=0.01 secs] 
169.559: Total time for which application threads were stopped: 0.0146320 seconds, Stopping threads took: 0.0000950 seconds
169.588: Application time: 0.0285810 seconds
169.588: [GC169.588: [DefNew: 65472K->7231K(65472K), 0.0362500 secs]169.624: [Tenured: 159227K->76313K(159288K), 0.1197660 secs] 209397K->76313K(224760K), [Perm : 8870K->8870K(21248K)], 0.1564820 secs] [Times: user=0.15 sys=0.00, real=0.15 secs] 
169.744: Total time for which application threads were stopped: 0.1566970 seconds, Stopping threads took: 0.0001320 seconds
169.777: Application time: 0.0328220 seconds
169.777: [GC169.777: [DefNew: 58240K->7232K(65472K), 0.0204590 secs] 134553K->92794K(210744K), 0.0205020 secs] [Times: user=0.02 sys=0.00, real=0.02 secs] 
169.798: Total time for which application threads were stopped: 0.0207750 seconds, Stopping threads took: 0.0001560 seconds
169.833: Application time: 0.0351710 seconds
169.833: [GC169.833: [DefNew: 65472K->7232K(65472K), 0.0205490 secs] 151034K->102602K(210744K), 0.0205930 secs] [Times: user=0.02 sys=0.00, real=0.02 secs] 
169.854: Total time for which application threads were stopped: 0.0208370 seconds, Stopping threads took: 0.0001290 seconds
169.883: Application time: 0.0294520 seconds
169.884: [GC169.884: [DefNew: 65472K->7231K(65472K), 0.0148040 secs] 160842K->108659K(210744K), 0.0148480 secs] [Times: user=0.02 sys=0.00, real=0.02 secs] 
169.898: Total time for which application threads were stopped: 0.0151360 seconds, Stopping threads took: 0.0001820 seconds
169.925: Application time: 0.0268750 seconds
169.926: [GC169.926: [DefNew: 65471K->4891K(65472K), 0.0098090 secs] 166899K->111361K(210744K), 0.0098550 secs] [Times: user=0.01 sys=0.00, real=0.01 secs] 
169.935: Total time for which application threads were stopped: 0.0101490 seconds, Stopping threads took: 0.0001890 seconds
169.960: Application time: 0.0247660 seconds
169.960: [GC169.960: [DefNew: 63131K->1657K(65472K), 0.0049790 secs] 169601K->110747K(210744K), 0.0050270 secs] [Times: user=0.00 sys=0.01, real=0.01 secs] 
169.965: Total time for which application threads were stopped: 0.0052230 seconds, Stopping threads took: 0.0001170 seconds
169.988: Application time: 0.0228400 seconds
169.989: [GC169.989: [DefNew: 59897K->5685K(65472K), 0.0053250 secs] 168987K->114775K(210744K), 0.0053680 secs] [Times: user=0.01 sys=0.00, real=0.01 secs] 
169.994: Total time for which application threads were stopped: 0.0056400 seconds, Stopping threads took: 0.0001840 seconds
170.016: Application time: 0.0219220 seconds
170.016: [GC170.016: [DefNew: 63925K->2986K(65472K), 0.0082970 secs] 173015K->116856K(210744K), 0.0083400 secs] [Times: user=0.01 sys=0.00, real=0.01 secs] 
170.024: Total time for which application threads were stopped: 0.0085860 seconds, Stopping threads took: 0.0001510 seconds
170.046: Application time: 0.0215240 seconds
170.046: [GC170.046: [DefNew: 61226K->3557K(65472K), 0.0028490 secs] 175096K->117427K(210744K), 0.0028830 secs] [Times: user=0.00 sys=0.00, real=0.00 secs] 
170.049: Total time for which application threads were stopped: 0.0031350 seconds, Stopping threads took: 0.0001550 seconds
170.070: Application time: 0.0204340 seconds
170.070: [GC170.070: [DefNew: 61797K->6564K(65472K), 0.0052870 secs] 175667K->120434K(210744K), 0.0053310 secs] [Times: user=0.00 sys=0.00, real=0.01 secs] 
170.075: Total time for which application threads were stopped: 0.0056030 seconds, Stopping threads took: 0.0001640 seconds
170.096: Application time: 0.0204550 seconds
170.096: [GC170.096: [DefNew: 64804K->5840K(65472K), 0.0109460 secs] 178674K->124576K(210744K), 0.0109910 secs] [Times: user=0.02 sys=0.00, real=0.01 secs] 
170.107: Total time for which application threads were stopped: 0.0111850 seconds, Stopping threads took: 0.0001060 seconds
170.128: Application time: 0.0207440 seconds
170.128: [GC170.128: [DefNew: 64080K->7232K(65472K), 0.0095660 secs] 182816K->130937K(210744K), 0.0096130 secs] [Times: user=0.01 sys=0.00, real=0.01 secs] 
170.137: Total time for which application threads were stopped: 0.0098290 seconds, Stopping threads took: 0.0001310 seconds
170.160: Application time: 0.0225850 seconds
170.160: [GC170.160: [DefNew: 65472K->7231K(65472K), 0.0160150 secs] 189177K->137684K(210744K), 0.0160580 secs] [Times: user=0.02 sys=0.00, real=0.02 secs] 
170.176: Total time for which application threads were stopped: 0.0162870 seconds, Stopping threads took: 0.0001420 seconds
170.202: Application time: 0.0257280 seconds
170.202: [GC170.202: [DefNew: 65471K->7232K(65472K), 0.0189440 secs] 195924K->148815K(210744K), 0.0189880 secs] [Times: user=0.02 sys=0.00, real=0.02 secs] 
170.221: Total time for which application threads were stopped: 0.0192590 seconds, Stopping threads took: 0.0001660 seconds
170.250: Application time: 0.0291780 seconds
170.251: [GC170.251: [DefNew: 65472K->7231K(65472K), 0.0303120 secs]170.281: [Tenured: 156354K->76013K(156408K), 0.1257250 secs] 207055K->76013K(221880K), [Perm : 8870K->8870K(21248K)], 0.1565080 secs] [Times: user=0.16 sys=0.00, real=0.16 secs] 
170.407: Total time for which application threads were stopped: 0.1567690 seconds, Stopping threads took: 0.0001580 seconds
170.441: Application time: 0.0336980 seconds
170.441: [GC170.441: [DefNew: 58240K->7232K(65472K), 0.0157440 secs] 134253K->88014K(210744K), 0.0157990 secs] [Times: user=0.01 sys=0.00, real=0.02 secs] 
170.457: Total time for which application threads were stopped: 0.0160460 seconds, Stopping threads took: 0.0001510 seconds
170.489: Application time: 0.0317770 seconds
170.489: [GC170.489: [DefNew: 65472K->7231K(65472K), 0.0193060 secs] 146254K->96916K(210744K), 0.0193510 secs] [Times: user=0.02 sys=0.00, real=0.02 secs] 
170.508: Total time for which application threads were stopped: 0.0195070 seconds, Stopping threads took: 0.0000670 seconds
170.537: Application time: 0.0289470 seconds
170.537: [GC170.537: [DefNew: 65471K->7231K(65472K), 0.0181960 secs] 155156K->105208K(210744K), 0.0182420 secs] [Times: user=0.02 sys=0.00, real=0.02 secs] 
170.556: Total time for which application threads were stopped: 0.0185130 seconds, Stopping threads took: 0.0001660 seconds
170.582: Application time: 0.0264970 seconds
170.583: [GC170.583: [DefNew: 65471K->2678K(65472K), 0.0100280 secs] 163448K->107291K(210744K), 0.0100720 secs] [Times: user=0.01 sys=0.00, real=0.02 secs] 
170.593: Total time for which application threads were stopped: 0.0104570 seconds, Stopping threads took: 0.0002780 seconds
170.617: Application time: 0.0239220 seconds
170.617: [GC170.617: [DefNew: 60918K->4262K(65472K), 0.0035580 secs] 165531K->108875K(210744K), 0.0035970 secs] [Times: user=0.01 sys=0.00, real=0.00 secs] 
170.621: Total time for which application threads were stopped: 0.0039400 seconds, Stopping threads took: 0.0002400 seconds
170.643: Application time: 0.0228900 seconds
170.644: [GC170.644: [DefNew: 62502K->6058K(65472K), 0.0097410 secs] 167115K->112682K(210744K), 0.0097920 secs] [Times: user=0.01 sys=0.00, real=0.02 secs] 
170.654: Total time for which application threads were stopped: 0.0100780 seconds, Stopping threads took: 0.0001380 seconds
170.678: Application time: 0.0241670 seconds
170.678: [GC170.678: [DefNew: 64298K->1197K(65472K), 0.0062100 secs] 170922K->113275K(210744K), 0.0062590 secs] [Times: user=0.00 sys=0.00, real=0.00 secs] 
170.684: Total time for which application threads were stopped: 0.0064600 seconds, Stopping threads took: 0.0000980 seconds
170.706: Application time: 0.0215250 seconds
170.706: [GC170.706: [DefNew: 59437K->2156K(65472K), 0.0021750 secs] 171515K->114233K(210744K), 0.0022060 secs] [Times: user=0.00 sys=0.00, real=0.00 secs] 
170.708: Total time for which application threads were stopped: 0.0025880 seconds, Stopping threads took: 0.0002890 seconds
170.729: Application time: 0.0206070 seconds
170.729: [GC170.729: [DefNew: 60396K->6874K(65472K), 0.0080750 secs] 172473K->118952K(210744K), 0.0081160 secs] [Times: user=0.01 sys=0.00, real=0.01 secs] 
170.737: Total time for which application threads were stopped: 0.0083570 seconds, Stopping threads took: 0.0001550 seconds
170.758: Application time: 0.0203240 seconds
170.758: [GC170.758: [DefNew: 65114K->4208K(65472K), 0.0096090 secs] 177192K->121705K(210744K), 0.0096510 secs] [Times: user=0.01 sys=0.00, real=0.01 secs] 
170.767: Total time for which application threads were stopped: 0.0098060 seconds, Stopping threads took: 0.0000670 seconds
170.788: Application time: 0.0210120 seconds
170.789: [GC170.789: [DefNew: 62448K->7150K(65472K), 0.0072000 secs] 179945K->127162K(210744K), 0.0072450 secs] [Times: user=0.01 sys=0.00, real=0.01 secs] 
170.796: Total time for which application threads were stopped: 0.0074820 seconds, Stopping threads took: 0.0001510 seconds
170.819: Application time: 0.0226900 seconds
170.819: [GC170.819: [DefNew: 65390K->7232K(65472K), 0.0187360 secs] 185402K->136435K(210744K), 0.0187790 secs] [Times: user=0.02 sys=0.00, real=0.02 secs] 
170.838: Total time for which application threads were stopped: 0.0191140 seconds, Stopping threads took: 0.0002310 seconds
170.865: Application time: 0.0278290 seconds
170.866: [GC170.866: [DefNew: 65472K->7231K(65472K), 0.0284520 secs] 194675K->151675K(210744K), 0.0284970 secs] [Times: user=0.03 sys=0.00, real=0.03 secs] 
170.894: Total time for which application threads were stopped: 0.0289440 seconds, Stopping threads took: 0.0003330 seconds
170.927: Application time: 0.0328500 seconds
170.927: [GC170.928: [DefNew: 65471K->7231K(65472K), 0.0306510 secs]170.958: [Tenured: 157314K->77305K(157368K), 0.1195070 secs] 209915K->77305K(222840K), [Perm : 8870K->8870K(21248K)], 0.1505810 secs] [Times: user=0.15 sys=0.00, real=0.15 secs] 
171.078: Total time for which application threads were stopped: 0.1507960 seconds, Stopping threads took: 0.0001320 seconds
171.110: Application time: 0.0323170 seconds
171.111: [GC171.111: [DefNew: 58240K->7231K(65472K), 0.0124300 secs] 135545K->86296K(210744K), 0.0124780 secs] [Times: user=0.01 sys=0.00, real=0.01 secs] 
171.123: Total time for which application threads were stopped: 0.0128150 seconds, Stopping threads took: 0.0002170 seconds
171.153: Application time: 0.0295040 seconds
171.153: [GC171.153: [DefNew: 65471K->7232K(65472K), 0.0164940 secs] 144536K->94711K(210744K), 0.0165360 secs] [Times: user=0.02 sys=0.00, real=0.01 secs] 
171.170: Total time for which application threads were stopped: 0.0167660 seconds, Stopping threads took: 0.0001400 seconds
171.198: Application time: 0.0282940 seconds
171.198: [GC171.198: [DefNew: 65472K->7232K(65472K), 0.0153810 secs] 152951K->101995K(210744K), 0.0154260 secs] [Times: user=0.01 sys=0.00, real=0.02 secs] 
171.213: Total time for which application threads were stopped: 0.0156120 seconds, Stopping threads took: 0.0000980 seconds
171.239: Application time: 0.0254040 seconds
171.239: [GC171.239: [DefNew: 65472K->1724K(65472K), 0.0067340 secs] 160235K->101205K(210744K), 0.0067770 secs] [Times: user=0.00 sys=0.00, real=0.01 secs] 
171.246: Total time for which application threads were stopped: 0.0070500 seconds, Stopping threads took: 0.0001870 seconds
171.269: Application time: 0.0232110 seconds
171.269: [GC171.269: [DefNew: 59964K->5008K(65472K), 0.0043230 secs] 159445K->104489K(210744K), 0.0043610 secs] [Times: user=0.00 sys=0.00, real=0.01 secs] 
171.274: Total time for which application threads were stopped: 0.0045380 seconds, Stopping threads took: 0.0000980 seconds
171.296: Application time: 0.0221230 seconds
171.296: [GC171.296: [DefNew: 63248K->3254K(65472K), 0.0078610 secs] 162729K->106915K(210744K), 0.0079030 secs] [Times: user=0.01 sys=0.00, real=0.00 secs] 
171.304: Total time for which application threads were stopped: 0.0081230 seconds, Stopping threads took: 0.0001330 seconds
171.326: Application time: 0.0216860 seconds
171.326: [GC171.326: [DefNew: 61494K->3690K(65472K), 0.0030770 secs] 165155K->107351K(210744K), 0.0031150 secs] [Times: user=0.01 sys=0.00, real=0.00 secs] 
171.329: Total time for which application threads were stopped: 0.0033080 seconds, Stopping threads took: 0.0001110 seconds
171.350: Application time: 0.0210460 seconds
171.350: [GC171.350: [DefNew: 61930K->5427K(65472K), 0.0080010 secs] 165591K->112129K(210744K), 0.0080410 secs] [Times: user=0.01 sys=0.00, real=0.01 secs] 
171.358: Total time for which application threads were stopped: 0.0082460 seconds, Stopping threads took: 0.0001150 seconds
171.379: Application time: 0.0205650 seconds
171.379: [GC171.379: [DefNew: 63667K->3541K(65472K), 0.0077790 secs] 170369K->114061K(210744K), 0.0078180 secs] [Times: user=0.01 sys=0.00, real=0.01 secs] 
171.387: Total time for which application threads were stopped: 0.0080220 seconds, Stopping threads took: 0.0001180 seconds
171.407: Application time: 0.0205590 seconds
171.408: [GC171.408: [DefNew: 61781K->5510K(65472K), 0.0050080 secs] 172301K->116030K(210744K), 0.0050490 secs] [Times: user=0.00 sys=0.00, real=0.01 secs] 
171.413: Total time for which application threads were stopped: 0.0052580 seconds, Stopping threads took: 0.0001250 seconds
171.434: Application time: 0.0210410 seconds
171.434: [GC171.434: [DefNew: 63750K->7232K(65472K), 0.0137740 secs] 174270K->124487K(210744K), 0.0138190 secs] [Times: user=0.01 sys=0.00, real=0.01 secs] 
171.448: Total time for which application threads were stopped: 0.0140770 seconds, Stopping threads took: 0.0001690 seconds
171.470: Application time: 0.0226870 seconds
171.471: [GC171.471: [DefNew: 65472K->7231K(65472K), 0.0213290 secs] 182727K->136906K(210744K), 0.0213830 secs] [Times: user=0.02 sys=0.00, real=0.02 secs] 
171.492: Total time for which application threads were stopped: 0.0217840 seconds, Stopping threads took: 0.0002980 seconds
171.522: Application time: 0.0298630 seconds
171.522: [GC171.522: [DefNew: 65471K->7232K(65472K), 0.0294620 secs]171.552: [Tenured: 145974K->80833K(146040K), 0.1202710 secs] 195146K->80833K(211512K), [Perm : 8870K->8870K(21248K)], 0.1498440 secs] [Times: user=0.15 sys=0.00, real=0.15 secs] 
171.672: Total time for which application threads were stopped: 0.1500400 seconds, Stopping threads took: 0.0001120 seconds
171.705: Application time: 0.0327370 seconds
171.705: [GC171.705: [DefNew: 58240K->7231K(65472K), 0.0142910 secs] 139073K->90926K(210744K), 0.0143360 secs] [Times: user=0.01 sys=0.00, real=0.01 secs] 
171.719: Total time for which application threads were stopped: 0.0146530 seconds, Stopping threads took: 0.0001990 seconds
171.751: Application time: 0.0315820 seconds
171.751: [GC171.751: [DefNew: 65471K->7232K(65472K), 0.0192900 secs] 149166K->99078K(210744K), 0.0193380 secs] [Times: user=0.02 sys=0.00, real=0.02 secs] 
171.771: Total time for which application threads were stopped: 0.0195440 seconds, Stopping threads took: 0.0001180 seconds
171.799: Application time: 0.0281360 seconds
171.799: [GC171.799: [DefNew: 65472K->7232K(65472K), 0.0180570 secs] 157318K->106629K(210744K), 0.0181020 secs] [Times: user=0.02 sys=0.00, real=0.02 secs] 
171.817: Total time for which application threads were stopped: 0.0183730 seconds, Stopping threads took: 0.0001620 seconds
171.845: Application time: 0.0278840 seconds
171.845: [GC171.845: [DefNew: 65472K->4461K(65472K), 0.0140230 secs] 164869K->110408K(210744K), 0.0140690 secs] [Times: user=0.01 sys=0.00, real=0.01 secs] 
171.859: Total time for which application threads were stopped: 0.0142950 seconds, Stopping threads took: 0.0001200 seconds
171.883: Application time: 0.0241900 seconds
171.884: [GC171.884: [DefNew: 62701K->832K(65472K), 0.0046470 secs] 168648K->110482K(210744K), 0.0046880 secs] [Times: user=0.00 sys=0.00, real=0.01 secs] 
171.888: Total time for which application threads were stopped: 0.0048870 seconds, Stopping threads took: 0.0001150 seconds
171.911: Application time: 0.0228560 seconds
171.911: [GC171.911: [DefNew: 59072K->5400K(65472K), 0.0051650 secs] 168722K->115050K(210744K), 0.0052110 secs] [Times: user=0.01 sys=0.00, real=0.01 secs] 
171.917: Total time for which application threads were stopped: 0.0054020 seconds, Stopping threads took: 0.0001040 seconds
171.938: Application time: 0.0218410 seconds
171.939: [GC171.939: [DefNew: 63640K->2096K(65472K), 0.0072950 secs] 173290K->116426K(210744K), 0.0073400 secs] [Times: user=0.01 sys=0.00, real=0.01 secs] 
171.946: Total time for which application threads were stopped: 0.0076500 seconds, Stopping threads took: 0.0002210 seconds
171.968: Application time: 0.0215590 seconds
171.968: [GC171.968: [DefNew: 60336K->5428K(65472K), 0.0039570 secs] 174666K->119758K(210744K), 0.0040020 secs] [Times: user=0.01 sys=0.00, real=0.00 secs] 
171.972: Total time for which application threads were stopped: 0.0042940 seconds, Stopping threads took: 0.0001920 seconds
171.993: Application time: 0.0213200 seconds
171.994: [GC171.994: [DefNew: 63668K->6386K(65472K), 0.0093780 secs] 177998K->122645K(210744K), 0.0094230 secs] [Times: user=0.01 sys=0.00, real=0.00 secs] 
172.003: Total time for which application threads were stopped: 0.0097310 seconds, Stopping threads took: 0.0002000 seconds
172.024: Application time: 0.0207970 seconds
172.024: [GC172.024: [DefNew: 64626K->3571K(65472K), 0.0090390 secs] 180885K->125029K(210744K), 0.0090830 secs] [Times: user=0.01 sys=0.00, real=0.02 secs] 
172.033: Total time for which application threads were stopped: 0.0092700 seconds, Stopping threads took: 0.0000970 seconds
172.054: Application time: 0.0204650 seconds
172.054: [GC172.054: [DefNew: 61811K->6616K(65472K), 0.0060390 secs] 183269K->128074K(210744K), 0.0060890 secs] [Times: user=0.00 sys=0.00, real=0.00 secs] 
172.060: Total time for which application threads were stopped: 0.0062650 seconds, Stopping threads took: 0.0000910 seconds
172.082: Application time: 0.0216920 seconds
172.082: [GC172.082: [DefNew: 64856K->7231K(65472K), 0.0141920 secs] 186314K->135807K(210744K), 0.0142340 secs] [Times: user=0.01 sys=0.00, real=0.02 secs] 
172.096: Total time for which application threads were stopped: 0.0144500 seconds, Stopping threads took: 0.0001310 seconds
172.120: Application time: 0.0242350 seconds
172.120: [GC172.120: [DefNew: 65471K->7232K(65472K), 0.0238180 secs] 194047K->151923K(210744K), 0.0238690 secs] [Times: user=0.03 sys=0.00, real=0.02 secs] 
172.144: Total time for which application threads were stopped: 0.0240740 seconds, Stopping threads took: 0.0001200 seconds
172.175: Application time: 0.0305400 seconds
172.175: [GC172.175: [DefNew: 65472K->7232K(65472K), 0.0273190 secs]172.202: [Tenured: 159049K->75264K(159096K), 0.1186870 secs] 210163K->75264K(224568K), [Perm : 8870K->8870K(21248K)], 0.1464690 secs] [Times: user=0.14 sys=0.00, real=0.14 secs] 
172.322: Total time for which application threads were stopped: 0.1466400 seconds, Stopping threads took: 0.0000880 seconds
172.355: Application time: 0.0337470 seconds
172.355: [GC172.355: [DefNew: 58240K->7232K(65472K), 0.0158510 secs] 133504K->86057K(210744K), 0.0158970 secs] [Times: user=0.02 sys=0.00, real=0.01 secs] 
172.371: Total time for which application threads were stopped: 0.0160820 seconds, Stopping threads took: 0.0000870 seconds
172.400: Application time: 0.0289490 seconds
172.401: [GC172.401: [DefNew: 65472K->7232K(65472K), 0.0248710 secs] 144297K->96473K(210744K), 0.0249150 secs] [Times: user=0.03 sys=0.00, real=0.03 secs] 
172.426: Total time for which application threads were stopped: 0.0252550 seconds, Stopping threads took: 0.0002520 seconds
172.454: Application time: 0.0287190 seconds
172.454: [GC172.454: [DefNew: 65472K->7231K(65472K), 0.0197460 secs] 154713K->105526K(210744K), 0.0197910 secs] [Times: user=0.01 sys=0.00, real=0.02 secs] 
172.474: Total time for which application threads were stopped: 0.0200170 seconds, Stopping threads took: 0.0001410 seconds
172.501: Application time: 0.0265660 seconds
172.501: [GC172.501: [DefNew: 65471K->2549K(65472K), 0.0107700 secs] 163766K->106927K(210744K), 0.0108150 secs] [Times: user=0.01 sys=0.00, real=0.01 secs] 
172.512: Total time for which application threads were stopped: 0.0111910 seconds, Stopping threads took: 0.0002860 seconds
172.536: Application time: 0.0239260 seconds
172.536: [GC172.536: [DefNew: 60789K->5995K(65472K), 0.0042440 secs] 165167K->110373K(210744K), 0.0042990 secs] [Times: user=0.00 sys=0.00, real=0.00 secs] 
172.541: Total time for which application threads were stopped: 0.0045220 seconds, Stopping threads took: 0.0001180 seconds
172.564: Application time: 0.0231510 seconds
172.564: [GC172.564: [DefNew: 64235K->3495K(65472K), 0.0081830 secs] 168613K->112680K(210744K), 0.0082280 secs] [Times: user=0.01 sys=0.00, real=0.01 secs] 
172.572: Total time for which application threads were stopped: 0.0084310 seconds, Stopping threads took: 0.0001120 seconds
172.594: Application time: 0.0222120 seconds
172.595: [GC172.595: [DefNew: 61735K->4759K(65472K), 0.0041710 secs] 170920K->113945K(210744K), 0.0042090 secs] [Times: user=0.00 sys=0.00, real=0.00 secs] 
172.599: Total time for which application threads were stopped: 0.0044950 seconds, Stopping threads took: 0.0002060 seconds
172.621: Application time: 0.0219350 seconds
172.621: [GC172.621: [DefNew: 62999K->6229K(65472K), 0.0090960 secs] 172185K->118617K(210744K), 0.0091400 secs] [Times: user=0.01 sys=0.00, real=0.01 secs] 
172.630: Total time for which application threads were stopped: 0.0093710 seconds, Stopping threads took: 0.0001430 seconds
172.651: Application time: 0.0213380 seconds
172.652: [GC172.652: [DefNew: 64469K->3497K(65472K), 0.0080120 secs] 176857K->121017K(210744K), 0.0080660 secs] [Times: user=0.01 sys=0.00, real=0.01 secs] 
172.660: Total time for which application threads were stopped: 0.0082630 seconds, Stopping threads took: 0.0001080 seconds
172.680: Application time: 0.0206920 seconds
172.681: [GC172.681: [DefNew: 61737K->4790K(65472K), 0.0043860 secs] 179257K->122310K(210744K), 0.0044240 secs] [Times: user=0.01 sys=0.00, real=0.01 secs] 
172.685: Total time for which application threads were stopped: 0.0045990 seconds, Stopping threads took: 0.0000890 seconds
172.706: Application time: 0.0207290 seconds
172.709: [GC172.709: [DefNew: 63030K->7231K(65472K), 0.0104860 secs] 180550K->127481K(210744K), 0.0105310 secs] [Times: user=0.01 sys=0.00, real=0.01 secs] 
172.719: Total time for which application threads were stopped: 0.0134860 seconds, Stopping threads took: 0.0028480 seconds
172.742: Application time: 0.0222910 seconds
172.742: [GC172.742: [DefNew: 65471K->7231K(65472K), 0.0176840 secs] 185721K->136216K(210744K), 0.0177270 secs] [Times: user=0.01 sys=0.00, real=0.02 secs] 
172.759: Total time for which application threads were stopped: 0.0179270 seconds, Stopping threads took: 0.0000940 seconds
172.786: Application time: 0.0266300 seconds
172.786: [GC172.786: [DefNew: 65471K->7232K(65472K), 0.0272880 secs] 194456K->150825K(210744K), 0.0273310 secs] [Times: user=0.03 sys=0.00, real=0.03 secs] 
172.814: Total time for which application threads were stopped: 0.0276630 seconds, Stopping threads took: 0.0002290 seconds
172.844: Application time: 0.0305270 seconds
172.844: [GC172.844: [DefNew: 65472K->7232K(65472K), 0.0275370 secs]172.872: [Tenured: 156816K->76425K(156984K), 0.1185210 secs] 209065K->76425K(222456K), [Perm : 8870K->8870K(21248K)], 0.1464770 secs] [Times: user=0.15 sys=0.00, real=0.14 secs] 
172.991: Total time for which application threads were stopped: 0.1466830 seconds, Stopping threads took: 0.0001160 seconds
173.024: Application time: 0.0327730 seconds
173.024: [GC173.024: [DefNew: 58240K->7231K(65472K), 0.0119090 secs] 134665K->85415K(210744K), 0.0119530 secs] [Times: user=0.02 sys=0.00, real=0.02 secs] 
173.036: Total time for which application threads were stopped: 0.0122210 seconds, Stopping threads took: 0.0001660 seconds
173.064: Application time: 0.0284220 seconds
173.065: [GC173.065: [DefNew: 65471K->7231K(65472K), 0.0197650 secs] 143655K->94658K(210744K), 0.0198100 secs] [Times: user=0.02 sys=0.00, real=0.01 secs] 
173.084: Total time for which application threads were stopped: 0.0199780 seconds, Stopping threads took: 0.0000810 seconds
173.112: Application time: 0.0272020 seconds
173.112: [GC173.112: [DefNew: 65471K->7231K(65472K), 0.0139800 secs] 152898K->100684K(210744K), 0.0140210 secs] [Times: user=0.01 sys=0.00, real=0.02 secs] 
173.126: Total time for which application threads were stopped: 0.0141890 seconds, Stopping threads took: 0.0000790 seconds
173.151: Application time: 0.0250970 seconds
173.151: [GC173.151: [DefNew: 65471K->2945K(65472K), 0.0078380 secs] 158924K->101300K(210744K), 0.0078820 secs] [Times: user=0.00 sys=0.00, real=0.01 secs] 
173.159: Total time for which application threads were stopped: 0.0080810 seconds, Stopping threads took: 0.0001100 seconds
173.183: Application time: 0.0241320 seconds
173.183: [GC173.183: [DefNew: 61061K->7232K(65472K), 0.0070060 secs] 159416K->106013K(210744K), 0.0070520 secs] [Times: user=0.00 sys=0.00, real=0.01 secs] 
173.190: Total time for which application threads were stopped: 0.0072630 seconds, Stopping threads took: 0.0001210 seconds
173.214: Application time: 0.0231900 seconds
173.214: [GC173.214: [DefNew: 65472K->2052K(65472K), 0.0103030 secs] 164253K->107250K(210744K), 0.0103480 secs] [Times: user=0.01 sys=0.00, real=0.00 secs] 
173.224: Total time for which application threads were stopped: 0.0105500 seconds, Stopping threads took: 0.0001140 seconds
173.246: Application time: 0.0221370 seconds
173.246: [GC173.246: [DefNew: 60292K->7231K(65472K), 0.0074040 secs] 165490K->112470K(210744K), 0.0074460 secs] [Times: user=0.00 sys=0.00, real=0.01 secs] 
173.254: Total time for which application threads were stopped: 0.0076880 seconds, Stopping threads took: 0.0001570 seconds
173.276: Application time: 0.0219910 seconds
173.276: [GC173.276: [DefNew: 65471K->3584K(65472K), 0.0092510 secs] 170710K->114494K(210744K), 0.0093000 secs] [Times: user=0.01 sys=0.00, real=0.01 secs] 
173.285: Total time for which application threads were stopped: 0.0095050 seconds, Stopping threads took: 0.0001180 seconds
173.307: Application time: 0.0217100 seconds
173.307: [GC173.307: [DefNew: 61824K->4523K(65472K), 0.0038950 secs] 172734K->115433K(210744K), 0.0039370 secs] [Times: user=0.00 sys=0.00, real=0.00 secs] 
173.311: Total time for which application threads were stopped: 0.0041780 seconds, Stopping threads took: 0.0001540 seconds
173.332: Application time: 0.0206630 seconds
173.332: [GC173.332: [DefNew: 62763K->7182K(65472K), 0.0082030 secs] 173673K->120594K(210744K), 0.0082490 secs] [Times: user=0.01 sys=0.00, real=0.01 secs] 
173.340: Total time for which application threads were stopped: 0.0084710 seconds, Stopping threads took: 0.0001230 seconds
173.361: Application time: 0.0209570 seconds
173.362: [GC173.362: [DefNew: 65422K->6970K(65472K), 0.0133090 secs] 178834K->125793K(210744K), 0.0133530 secs] [Times: user=0.01 sys=0.00, real=0.02 secs] 
173.375: Total time for which application threads were stopped: 0.0135410 seconds, Stopping threads took: 0.0001000 seconds
173.399: Application time: 0.0236090 seconds
173.399: [GC173.399: [DefNew: 65210K->7232K(65472K), 0.0156780 secs] 184033K->133617K(210744K), 0.0157220 secs] [Times: user=0.01 sys=0.00, real=0.02 secs] 
173.415: Total time for which application threads were stopped: 0.0159440 seconds, Stopping threads took: 0.0001180 seconds
173.441: Application time: 0.0266160 seconds
173.441: [GC173.441: [DefNew: 65472K->7232K(65472K), 0.0306130 secs] 191857K->148922K(210744K), 0.0306590 secs] [Times: user=0.03 sys=0.00, real=0.03 secs] 
173.472: Total time for which application threads were stopped: 0.0309020 seconds, Stopping threads took: 0.0001400 seconds
173.504: Application time: 0.0315580 seconds
173.504: [GC173.504: [DefNew: 65472K->7232K(65472K), 0.0233650 secs]173.527: [Tenured: 152750K->77042K(152760K), 0.1204430 secs] 207162K->77042K(218232K), [Perm : 8870K->8870K(21248K)], 0.1441160 secs] [Times: user=0.14 sys=0.01, real=0.15 secs] 
173.648: Total time for which application threads were stopped: 0.1443490 seconds, Stopping threads took: 0.0001460 seconds
173.678: Application time: 0.0305220 seconds
173.679: [GC173.679: [DefNew: 58240K->7231K(65472K), 0.0130040 secs] 135282K->87271K(210744K), 0.0130480 secs] [Times: user=0.02 sys=0.00, real=0.01 secs] 
173.692: Total time for which application threads were stopped: 0.0132700 seconds, Stopping threads took: 0.0001230 seconds
173.721: Application time: 0.0288710 seconds
173.721: [GC173.721: [DefNew: 65471K->7232K(65472K), 0.0193910 secs] 145511K->96132K(210744K), 0.0194350 secs] [Times: user=0.02 sys=0.00, real=0.02 secs] 
173.740: Total time for which application threads were stopped: 0.0196380 seconds, Stopping threads took: 0.0001130 seconds
173.767: Application time: 0.0266580 seconds
173.767: [GC173.767: [DefNew: 65472K->5779K(65472K), 0.0145620 secs] 154372K->101579K(210744K), 0.0146050 secs] [Times: user=0.01 sys=0.00, real=0.01 secs] 
173.782: Total time for which application threads were stopped: 0.0148220 seconds, Stopping threads took: 0.0001320 seconds
173.807: Application time: 0.0250820 seconds
173.807: [GC173.807: [DefNew: 64019K->4989K(65472K), 0.0096580 secs] 159819K->105668K(210744K), 0.0097000 secs] [Times: user=0.01 sys=0.00, real=0.01 secs] 
173.817: Total time for which application threads were stopped: 0.0099350 seconds, Stopping threads took: 0.0001480 seconds
173.841: Application time: 0.0242530 seconds
173.841: [GC173.841: [DefNew: 63229K->3999K(65472K), 0.0085450 secs] 163908K->108443K(210744K), 0.0085900 secs] [Times: user=0.00 sys=0.00, real=0.01 secs] 
173.850: Total time for which application threads were stopped: 0.0087800 seconds, Stopping threads took: 0.0001030 seconds
173.873: Application time: 0.0232220 seconds
173.873: [GC173.873: [DefNew: 62239K->4195K(65472K), 0.0059510 secs] 166683K->112136K(210744K), 0.0060020 secs] [Times: user=0.01 sys=0.00, real=0.00 secs] 
173.879: Total time for which application threads were stopped: 0.0062120 seconds, Stopping threads took: 0.0001200 seconds
173.902: Application time: 0.0225470 seconds
173.902: [GC173.902: [DefNew: 62435K->3761K(65472K), 0.0077100 secs] 170376K->115170K(210744K), 0.0077550 secs] [Times: user=0.00 sys=0.00, real=0.01 secs] 
173.910: Total time for which application threads were stopped: 0.0080560 seconds, Stopping threads took: 0.0002040 seconds
173.932: Application time: 0.0221390 seconds
173.932: [GC173.932: [DefNew: 62001K->3100K(65472K), 0.0066710 secs] 173410K->117258K(210744K), 0.0067160 secs] [Times: user=0.01 sys=0.00, real=0.01 secs] 
173.939: Total time for which application threads were stopped: 0.0069960 seconds, Stopping threads took: 0.0001920 seconds
173.960: Application time: 0.0212420 seconds
173.960: [GC173.960: [DefNew: 61340K->5509K(65472K), 0.0050940 secs] 175498K->119667K(210744K), 0.0051350 secs] [Times: user=0.00 sys=0.00, real=0.01 secs] 
173.966: Total time for which application threads were stopped: 0.0053230 seconds, Stopping threads took: 0.0001020 seconds
173.987: Application time: 0.0212240 seconds
173.987: [GC173.987: [DefNew: 63749K->5496K(65472K), 0.0107200 secs] 177907K->123623K(210744K), 0.0107640 secs] [Times: user=0.01 sys=0.00, real=0.01 secs] 
173.998: Total time for which application threads were stopped: 0.0110120 seconds, Stopping threads took: 0.0001610 seconds
174.020: Application time: 0.0218050 seconds
174.020: [GC174.020: [DefNew: 63736K->6738K(65472K), 0.0112780 secs] 181863K->129772K(210744K), 0.0113220 secs] [Times: user=0.01 sys=0.00, real=0.01 secs] 
174.031: Total time for which application threads were stopped: 0.0115140 seconds, Stopping threads took: 0.0001040 seconds
174.055: Application time: 0.0238750 seconds
174.055: [GC174.055: [DefNew: 64978K->7231K(65472K), 0.0189290 secs] 188012K->141332K(210744K), 0.0189780 secs] [Times: user=0.02 sys=0.00, real=0.02 secs] 
174.074: Total time for which application threads were stopped: 0.0191730 seconds, Stopping threads took: 0.0000920 seconds
174.102: Application time: 0.0278170 seconds
174.102: [GC174.102: [DefNew: 65471K->7232K(65472K), 0.0263390 secs]174.128: [Tenured: 148229K->72279K(148344K), 0.1102440 secs] 199572K->72279K(213816K), [Perm : 8870K->8870K(21248K)], 0.1367630 secs] [Times: user=0.13 sys=0.00, real=0.14 secs] 
174.239: Total time for which application threads were stopped: 0.1369190 seconds, Stopping threads took: 0.0000730 seconds
174.270: Application time: 0.0315320 seconds
174.271: [GC174.271: [DefNew: 58240K->7231K(65472K), 0.0161800 secs] 130519K->84330K(210744K), 0.0162260 secs] [Times: user=0.01 sys=0.00, real=0.02 secs] 
174.287: Total time for which application threads were stopped: 0.0164450 seconds, Stopping threads took: 0.0001170 seconds
174.316: Application time: 0.0291750 seconds
174.316: [GC174.316: [DefNew: 65471K->7231K(65472K), 0.0167880 secs] 142570K->91091K(210744K), 0.0168320 secs] [Times: user=0.01 sys=0.00, real=0.02 secs] 
174.333: Total time for which application threads were stopped: 0.0170320 seconds, Stopping threads took: 0.0001140 seconds
174.361: Application time: 0.0279070 seconds
174.361: [GC174.361: [DefNew: 65471K->7231K(65472K), 0.0152560 secs] 149331K->96957K(210744K), 0.0153080 secs] [Times: user=0.01 sys=0.00, real=0.02 secs] 
174.377: Total time for which application threads were stopped: 0.0155050 seconds, Stopping threads took: 0.0001100 seconds
174.402: Application time: 0.0254320 seconds
174.402: [GC174.402: [DefNew: 65471K->3669K(65472K), 0.0105840 secs] 155197K->99713K(210744K), 0.0106290 secs] [Times: user=0.01 sys=0.00, real=0.02 secs] 
174.413: Total time for which application threads were stopped: 0.0108070 seconds, Stopping threads took: 0.0000890 seconds
174.439: Application time: 0.0262410 seconds
174.439: [GC174.439: [DefNew: 61909K->6601K(65472K), 0.0088700 secs] 157953K->105486K(210744K), 0.0089180 secs] [Times: user=0.01 sys=0.00, real=0.01 secs] 
174.448: Total time for which application threads were stopped: 0.0091410 seconds, Stopping threads took: 0.0001340 seconds
174.472: Application time: 0.0239040 seconds
174.472: [GC174.472: [DefNew: 64841K->2065K(65472K), 0.0071190 secs] 163726K->106692K(210744K), 0.0071640 secs] [Times: user=0.01 sys=0.00, real=0.01 secs] 
174.479: Total time for which application threads were stopped: 0.0074050 seconds, Stopping threads took: 0.0001500 seconds
174.503: Application time: 0.0237550 seconds
174.504: [GC174.504: [DefNew: 60305K->7232K(65472K), 0.0069770 secs] 164932K->112252K(210744K), 0.0070210 secs] [Times: user=0.01 sys=0.00, real=0.01 secs] 
174.511: Total time for which application threads were stopped: 0.0074300 seconds, Stopping threads took: 0.0003110 seconds
174.533: Application time: 0.0223520 seconds
174.533: [GC174.533: [DefNew: 65472K->2225K(65472K), 0.0075690 secs] 170492K->113253K(210744K), 0.0076110 secs] [Times: user=0.01 sys=0.00, real=0.00 secs] 
174.541: Total time for which application threads were stopped: 0.0080110 seconds, Stopping threads took: 0.0003140 seconds
174.563: Application time: 0.0217060 seconds
174.563: [GC174.563: [DefNew: 60465K->4690K(65472K), 0.0052830 secs] 171493K->115718K(210744K), 0.0053260 secs] [Times: user=0.00 sys=0.00, real=0.01 secs] 
174.568: Total time for which application threads were stopped: 0.0056320 seconds, Stopping threads took: 0.0002000 seconds
174.590: Application time: 0.0214910 seconds
174.590: [GC174.590: [DefNew: 62930K->6802K(65472K), 0.0084890 secs] 173958K->119844K(210744K), 0.0085330 secs] [Times: user=0.01 sys=0.00, real=0.01 secs] 
174.599: Total time for which application threads were stopped: 0.0087320 seconds, Stopping threads took: 0.0001100 seconds
174.620: Application time: 0.0212150 seconds
174.620: [GC174.620: [DefNew: 65042K->5629K(65472K), 0.0119960 secs] 178084K->123740K(210744K), 0.0120410 secs] [Times: user=0.01 sys=0.00, real=0.01 secs] 
174.632: Total time for which application threads were stopped: 0.0122960 seconds, Stopping threads took: 0.0001460 seconds
174.655: Application time: 0.0229610 seconds
174.655: [GC174.655: [DefNew: 63869K->7231K(65472K), 0.0143010 secs] 181980K->132268K(210744K), 0.0143470 secs] [Times: user=0.02 sys=0.00, real=0.01 secs] 
174.670: Total time for which application threads were stopped: 0.0145740 seconds, Stopping threads took: 0.0001390 seconds
174.695: Application time: 0.0249000 seconds
174.695: [GC174.695: [DefNew: 65471K->7231K(65472K), 0.0198290 secs] 190508K->141474K(210744K), 0.0198730 secs] [Times: user=0.02 sys=0.00, real=0.02 secs] 
174.715: Total time for which application threads were stopped: 0.0200840 seconds, Stopping threads took: 0.0001230 seconds
174.743: Application time: 0.0288340 seconds
174.744: [GC174.744: [DefNew: 65471K->7231K(65472K), 0.0236290 secs]174.767: [Tenured: 147930K->73977K(147960K), 0.1113570 secs] 199714K->73977K(213432K), [Perm : 8870K->8870K(21248K)], 0.1351570 secs] [Times: user=0.13 sys=0.00, real=0.14 secs] 
174.879: Total time for which application threads were stopped: 0.1353050 seconds, Stopping threads took: 0.0000640 seconds
174.909: Application time: 0.0306950 seconds
174.910: [GC174.910: [DefNew: 58240K->7231K(65472K), 0.0168090 secs] 132217K->85101K(210744K), 0.0168530 secs] [Times: user=0.01 sys=0.00, real=0.02 secs] 
174.927: Total time for which application threads were stopped: 0.0171500 seconds, Stopping threads took: 0.0001810 seconds
174.956: Application time: 0.0290490 seconds
174.956: [GC174.956: [DefNew: 65471K->7232K(65472K), 0.0173460 secs] 143341K->92764K(210744K), 0.0173910 secs] [Times: user=0.01 sys=0.00, real=0.02 secs] 
174.973: Total time for which application threads were stopped: 0.0175730 seconds, Stopping threads took: 0.0000940 seconds
175.000: Application time: 0.0264580 seconds
175.000: [GC175.000: [DefNew: 65472K->7232K(65472K), 0.0175250 secs] 151004K->99434K(210744K), 0.0175680 secs] [Times: user=0.02 sys=0.00, real=0.02 secs] 
175.018: Total time for which application threads were stopped: 0.0179150 seconds, Stopping threads took: 0.0002310 seconds
175.043: Application time: 0.0258370 seconds
175.044: [GC175.044: [DefNew: 65472K->6456K(65472K), 0.0090890 secs] 157674K->102393K(210744K), 0.0091310 secs] [Times: user=0.01 sys=0.00, real=0.02 secs] 
175.053: Total time for which application threads were stopped: 0.0093390 seconds, Stopping threads took: 0.0001230 seconds
175.078: Application time: 0.0249940 seconds
175.078: [GC175.078: [DefNew: 64696K->4485K(65472K), 0.0103340 secs] 160633K->105829K(210744K), 0.0103790 secs] [Times: user=0.01 sys=0.00, real=0.01 secs] 
175.088: Total time for which application threads were stopped: 0.0105770 seconds, Stopping threads took: 0.0001110 seconds
175.112: Application time: 0.0240900 seconds
175.113: [GC175.113: [DefNew: 62725K->4539K(65472K), 0.0068030 secs] 164069K->109727K(210744K), 0.0068480 secs] [Times: user=0.00 sys=0.00, real=0.00 secs] 
175.120: Total time for which application threads were stopped: 0.0070510 seconds, Stopping threads took: 0.0001140 seconds
175.143: Application time: 0.0235760 seconds
175.143: [GC175.143: [DefNew: 62779K->4152K(65472K), 0.0090640 secs] 167967K->112753K(210744K), 0.0091080 secs] [Times: user=0.01 sys=0.00, real=0.01 secs] 
175.152: Total time for which application threads were stopped: 0.0092930 seconds, Stopping threads took: 0.0000970 seconds
175.175: Application time: 0.0223420 seconds
175.175: [GC175.175: [DefNew: 62392K->2999K(65472K), 0.0058140 secs] 170993K->114738K(210744K), 0.0058580 secs] [Times: user=0.00 sys=0.00, real=0.00 secs] 
175.181: Total time for which application threads were stopped: 0.0060240 seconds, Stopping threads took: 0.0000800 seconds
175.202: Application time: 0.0215180 seconds
175.202: [GC175.202: [DefNew: 61239K->4866K(65472K), 0.0042250 secs] 172978K->116605K(210744K), 0.0042610 secs] [Times: user=0.01 sys=0.00, real=0.01 secs] 
175.207: Total time for which application threads were stopped: 0.0044230 seconds, Stopping threads took: 0.0000810 seconds
175.229: Application time: 0.0219050 seconds
175.229: [GC175.229: [DefNew: 63106K->6721K(65472K), 0.0100600 secs] 174845K->122234K(210744K), 0.0101010 secs] [Times: user=0.01 sys=0.00, real=0.01 secs] 
175.239: Total time for which application threads were stopped: 0.0102890 seconds, Stopping threads took: 0.0001000 seconds
175.260: Application time: 0.0215130 seconds
175.261: [GC175.261: [DefNew: 64961K->4540K(65472K), 0.0078060 secs] 180474K->124778K(210744K), 0.0078500 secs] [Times: user=0.01 sys=0.00, real=0.01 secs] 
175.268: Total time for which application threads were stopped: 0.0080260 seconds, Stopping threads took: 0.0000830 seconds
175.292: Application time: 0.0232620 seconds
175.292: [GC175.292: [DefNew: 62780K->7232K(65472K), 0.0167450 secs] 183018K->135819K(210744K), 0.0167880 secs] [Times: user=0.01 sys=0.00, real=0.02 secs] 
175.309: Total time for which application threads were stopped: 0.0169320 seconds, Stopping threads took: 0.0000570 seconds
175.334: Application time: 0.0256440 seconds
175.334: [GC175.335: [DefNew: 65472K->7231K(65472K), 0.0209380 secs] 194059K->143647K(210744K), 0.0209810 secs] [Times: user=0.02 sys=0.00, real=0.02 secs] 
175.356: Total time for which application threads were stopped: 0.0212140 seconds, Stopping threads took: 0.0001460 seconds
175.384: Application time: 0.0289840 seconds
175.385: [GC175.385: [DefNew: 65471K->7231K(65472K), 0.0247980 secs]175.410: [Tenured: 150293K->75906K(150456K), 0.1167380 secs] 201887K->75906K(215928K), [Perm : 8870K->8870K(21248K)], 0.1417790 secs] [Times: user=0.14 sys=0.00, real=0.14 secs] 
175.527: Total time for which application threads were stopped: 0.1420060 seconds, Stopping threads took: 0.0001410 seconds
175.556: Application time: 0.0297120 seconds
175.556: [GC175.556: [DefNew: 58240K->7231K(65472K), 0.0129930 secs] 134146K->84703K(210744K), 0.0130440 secs] [Times: user=0.01 sys=0.00, real=0.01 secs] 
175.570: Total time for which application threads were stopped: 0.0132770 seconds, Stopping threads took: 0.0001330 seconds
175.598: Application time: 0.0286960 seconds
175.601: [GC175.601: [DefNew: 65471K->7231K(65472K), 0.0202040 secs] 142943K->92078K(210744K), 0.0202570 secs] [Times: user=0.03 sys=0.00, real=0.02 secs] 
175.621: Total time for which application threads were stopped: 0.0226850 seconds, Stopping threads took: 0.0023400 seconds
175.647: Application time: 0.0258880 seconds
175.647: [GC175.647: [DefNew: 65471K->7232K(65472K), 0.0195930 secs] 150318K->99617K(210744K), 0.0196390 secs] [Times: user=0.02 sys=0.00, real=0.02 secs] 
175.667: Total time for which application threads were stopped: 0.0200200 seconds, Stopping threads took: 0.0002740 seconds
175.693: Application time: 0.0260470 seconds
175.693: [GC175.693: [DefNew: 65472K->7231K(65472K), 0.0159350 secs] 157857K->107291K(210744K), 0.0159790 secs] [Times: user=0.02 sys=0.00, real=0.01 secs] 
175.709: Total time for which application threads were stopped: 0.0161730 seconds, Stopping threads took: 0.0001090 seconds
175.733: Application time: 0.0240870 seconds
175.733: [GC175.733: [DefNew: 65471K->2575K(65472K), 0.0107130 secs] 165531K->109170K(210744K), 0.0107560 secs] [Times: user=0.01 sys=0.00, real=0.00 secs] 
175.744: Total time for which application threads were stopped: 0.0109270 seconds, Stopping threads took: 0.0000820 seconds
175.769: Application time: 0.0247900 seconds
175.769: [GC175.769: [DefNew: 60815K->7232K(65472K), 0.0100170 secs] 167410K->115023K(210744K), 0.0100610 secs] [Times: user=0.01 sys=0.00, real=0.01 secs] 
175.779: Total time for which application threads were stopped: 0.0103030 seconds, Stopping threads took: 0.0001550 seconds
175.802: Application time: 0.0232560 seconds
175.803: [GC175.803: [DefNew: 65472K->2491K(65472K), 0.0087790 secs] 173263K->115832K(210744K), 0.0088230 secs] [Times: user=0.01 sys=0.00, real=0.01 secs] 
175.811: Total time for which application threads were stopped: 0.0090170 seconds, Stopping threads took: 0.0001060 seconds
175.833: Application time: 0.0218280 seconds
175.833: [GC175.833: [DefNew: 60731K->5121K(65472K), 0.0056110 secs] 174072K->118462K(210744K), 0.0056550 secs] [Times: user=0.01 sys=0.00, real=0.00 secs] 
175.839: Total time for which application threads were stopped: 0.0058870 seconds, Stopping threads took: 0.0001260 seconds
175.861: Application time: 0.0221910 seconds
175.862: [GC175.862: [DefNew: 63361K->7152K(65472K), 0.0098830 secs] 176702K->122772K(210744K), 0.0099270 secs] [Times: user=0.01 sys=0.00, real=0.01 secs] 
175.871: Total time for which application threads were stopped: 0.0101580 seconds, Stopping threads took: 0.0001430 seconds
175.893: Application time: 0.0213180 seconds
175.893: [GC175.893: [DefNew: 65392K->6434K(65472K), 0.0122010 secs] 181012K->127422K(210744K), 0.0122430 secs] [Times: user=0.01 sys=0.00, real=0.01 secs] 
175.905: Total time for which application threads were stopped: 0.0124730 seconds, Stopping threads took: 0.0001250 seconds
175.928: Application time: 0.0228030 seconds
175.928: [GC175.928: [DefNew: 64674K->7231K(65472K), 0.0096890 secs] 185662K->132920K(210744K), 0.0097330 secs] [Times: user=0.01 sys=0.00, real=0.01 secs] 
175.938: Total time for which application threads were stopped: 0.0098720 seconds, Stopping threads took: 0.0000470 seconds
175.961: Application time: 0.0235430 seconds
175.962: [GC175.962: [DefNew: 65471K->7232K(65472K), 0.0210910 secs] 191160K->142487K(210744K), 0.0211350 secs] [Times: user=0.02 sys=0.00, real=0.02 secs] 
175.983: Total time for which application threads were stopped: 0.0213810 seconds, Stopping threads took: 0.0001590 seconds
176.010: Application time: 0.0267280 seconds
176.010: [GC176.010: [DefNew: 65472K->7231K(65472K), 0.0173930 secs] 200727K->150306K(210744K), 0.0174370 secs] [Times: user=0.02 sys=0.00, real=0.02 secs] 
176.027: Total time for which application threads were stopped: 0.0176060 seconds, Stopping threads took: 0.0000820 seconds
176.057: Application time: 0.0293670 seconds
176.057: [GC176.057: [DefNew: 65471K->7232K(65472K), 0.0265080 secs]176.083: [Tenured: 153326K->76608K(153336K), 0.1201620 secs] 208546K->76608K(218808K), [Perm : 8870K->8870K(21248K)], 0.1469960 secs] [Times: user=0.14 sys=0.00, real=0.14 secs] 
176.204: Total time for which application threads were stopped: 0.1473060 seconds, Stopping threads took: 0.0001940 seconds
176.234: Application time: 0.0297030 seconds
176.234: [GC176.234: [DefNew: 58240K->6629K(65472K), 0.0106110 secs] 134848K->83238K(210744K), 0.0106530 secs] [Times: user=0.01 sys=0.00, real=0.01 secs] 
176.245: Total time for which application threads were stopped: 0.0110780 seconds, Stopping threads took: 0.0003220 seconds
176.272: Application time: 0.0271490 seconds
176.272: [GC176.272: [DefNew: 64869K->6862K(65472K), 0.0123540 secs] 141478K->88108K(210744K), 0.0123960 secs] [Times: user=0.01 sys=0.00, real=0.02 secs] 
176.285: Total time for which application threads were stopped: 0.0126960 seconds, Stopping threads took: 0.0002130 seconds
176.310: Application time: 0.0254630 seconds
176.310: [GC176.310: [DefNew: 65102K->7222K(65472K), 0.0095130 secs] 146348K->91495K(210744K), 0.0095600 secs] [Times: user=0.01 sys=0.00, real=0.01 secs] 
176.320: Total time for which application threads were stopped: 0.0098500 seconds, Stopping threads took: 0.0001930 seconds
176.346: Application time: 0.0264000 seconds
176.347: [GC176.347: [DefNew: 65462K->7232K(65472K), 0.0143590 secs] 149735K->96862K(210744K), 0.0144030 secs] [Times: user=0.02 sys=0.00, real=0.01 secs] 
176.361: Total time for which application threads were stopped: 0.0147000 seconds, Stopping threads took: 0.0001930 seconds
176.385: Application time: 0.0243460 seconds
176.385: [GC176.385: [DefNew: 65472K->4025K(65472K), 0.0096410 secs] 155102K->100355K(210744K), 0.0096860 secs] [Times: user=0.01 sys=0.00, real=0.01 secs] 
176.395: Total time for which application threads were stopped: 0.0098870 seconds, Stopping threads took: 0.0000940 seconds
176.420: Application time: 0.0246680 seconds
176.420: [GC176.420: [DefNew: 62265K->4507K(65472K), 0.0100370 secs] 158595K->103907K(210744K), 0.0100810 secs] [Times: user=0.01 sys=0.00, real=0.01 secs] 
176.430: Total time for which application threads were stopped: 0.0103390 seconds, Stopping threads took: 0.0001700 seconds
176.453: Application time: 0.0225440 seconds
176.453: [GC176.453: [DefNew: 62747K->3273K(65472K), 0.0068980 secs] 162147K->106049K(210744K), 0.0069420 secs] [Times: user=0.01 sys=0.00, real=0.00 secs] 
176.460: Total time for which application threads were stopped: 0.0071410 seconds, Stopping threads took: 0.0001120 seconds
176.482: Application time: 0.0216620 seconds
176.485: [GC176.485: [DefNew: 61513K->5631K(65472K), 0.0049170 secs] 164289K->108407K(210744K), 0.0049560 secs] [Times: user=0.00 sys=0.00, real=0.00 secs] 
176.490: Total time for which application threads were stopped: 0.0080020 seconds, Stopping threads took: 0.0029610 seconds
176.512: Application time: 0.0226130 seconds
176.512: [GC176.512: [DefNew: 63871K->5565K(65472K), 0.0102240 secs] 166647K->112557K(210744K), 0.0102690 secs] [Times: user=0.02 sys=0.00, real=0.01 secs] 
176.523: Total time for which application threads were stopped: 0.0105040 seconds, Stopping threads took: 0.0001450 seconds
176.544: Application time: 0.0217020 seconds
176.545: [GC176.545: [DefNew: 63805K->2911K(65472K), 0.0072940 secs] 170797K->114738K(210744K), 0.0073390 secs] [Times: user=0.00 sys=0.00, real=0.00 secs] 
176.552: Total time for which application threads were stopped: 0.0075980 seconds, Stopping threads took: 0.0001710 seconds
176.575: Application time: 0.0230070 seconds
176.575: [GC176.575: [DefNew: 61151K->7231K(65472K), 0.0153210 secs] 172978K->124944K(210744K), 0.0153660 secs] [Times: user=0.01 sys=0.00, real=0.01 secs] 
176.591: Total time for which application threads were stopped: 0.0156170 seconds, Stopping threads took: 0.0001460 seconds
176.615: Application time: 0.0246460 seconds
176.615: [GC176.616: [DefNew: 65471K->7232K(65472K), 0.0188430 secs] 183184K->133994K(210744K), 0.0188840 secs] [Times: user=0.02 sys=0.00, real=0.02 secs] 
176.634: Total time for which application threads were stopped: 0.0191410 seconds, Stopping threads took: 0.0001680 seconds
176.662: Application time: 0.0278510 seconds
176.662: [GC176.662: [DefNew: 65472K->7231K(65472K), 0.0180860 secs] 192234K->144089K(210744K), 0.0181370 secs] [Times: user=0.01 sys=0.00, real=0.02 secs] 
176.681: Total time for which application threads were stopped: 0.0183680 seconds, Stopping threads took: 0.0001450 seconds
176.709: Application time: 0.0281220 seconds
176.709: [GC176.709: [DefNew: 65471K->7232K(65472K), 0.0230540 secs]176.732: [Tenured: 147171K->77213K(147192K), 0.1214310 secs] 202329K->77213K(212664K), [Perm : 8870K->8870K(21248K)], 0.1446370 secs] [Times: user=0.14 sys=0.00, real=0.15 secs] 
176.854: Total time for which application threads were stopped: 0.1448270 seconds, Stopping threads took: 0.0001070 seconds
176.884: Application time: 0.0300470 seconds
176.884: [GC176.884: [DefNew: 58240K->7232K(65472K), 0.0108750 secs] 135453K->86519K(210744K), 0.0109190 secs] [Times: user=0.01 sys=0.00, real=0.02 secs] 
176.895: Total time for which application threads were stopped: 0.0112220 seconds, Stopping threads took: 0.0002160 seconds
176.921: Application time: 0.0260700 seconds
176.921: [GC176.921: [DefNew: 65472K->3469K(65472K), 0.0146560 secs] 144759K->89905K(210744K), 0.0147020 secs] [Times: user=0.02 sys=0.00, real=0.02 secs] 
176.936: Total time for which application threads were stopped: 0.0149340 seconds, Stopping threads took: 0.0001440 seconds
176.962: Application time: 0.0260010 seconds
176.962: [GC176.962: [DefNew: 61709K->7231K(65472K), 0.0121720 secs] 148145K->97638K(210744K), 0.0122160 secs] [Times: user=0.02 sys=0.00, real=0.02 secs] 
176.974: Total time for which application threads were stopped: 0.0124580 seconds, Stopping threads took: 0.0001360 seconds
177.000: Application time: 0.0255960 seconds
177.000: [GC177.000: [DefNew: 65471K->6871K(65472K), 0.0151260 secs] 155878K->103529K(210744K), 0.0151700 secs] [Times: user=0.02 sys=0.00, real=0.02 secs] 
177.015: Total time for which application threads were stopped: 0.0154030 seconds, Stopping threads took: 0.0001370 seconds
177.040: Application time: 0.0244810 seconds
177.040: [GC177.040: [DefNew: 65111K->6123K(65472K), 0.0125150 secs] 161769K->109159K(210744K), 0.0125590 secs] [Times: user=0.02 sys=0.00, real=0.02 secs] 
177.053: Total time for which application threads were stopped: 0.0128260 seconds, Stopping threads took: 0.0001790 seconds
177.077: Application time: 0.0248390 seconds
177.078: [GC177.078: [DefNew: 64363K->3169K(65472K), 0.0069320 secs] 167399K->110410K(210744K), 0.0069770 secs] [Times: user=0.01 sys=0.00, real=0.01 secs] 
177.085: Total time for which application threads were stopped: 0.0071940 seconds, Stopping threads took: 0.0001160 seconds
177.107: Application time: 0.0222580 seconds
177.107: [GC177.107: [DefNew: 61409K->5723K(65472K), 0.0055600 secs] 168650K->112963K(210744K), 0.0056000 secs] [Times: user=0.00 sys=0.00, real=0.01 secs] 
177.113: Total time for which application threads were stopped: 0.0057620 seconds, Stopping threads took: 0.0000780 seconds
177.135: Application time: 0.0223570 seconds
177.135: [GC177.135: [DefNew: 63963K->7231K(65472K), 0.0112310 secs] 171203K->117905K(210744K), 0.0112740 secs] [Times: user=0.01 sys=0.00, real=0.01 secs] 
177.147: Total time for which application threads were stopped: 0.0114770 seconds, Stopping threads took: 0.0001130 seconds
177.169: Application time: 0.0223810 seconds
177.169: [GC177.169: [DefNew: 65471K->5516K(65472K), 0.0128900 secs] 176145K->122755K(210744K), 0.0129330 secs] [Times: user=0.02 sys=0.00, real=0.01 secs] 
177.182: Total time for which application threads were stopped: 0.0131530 seconds, Stopping threads took: 0.0001320 seconds
177.204: Application time: 0.0220450 seconds
177.204: [GC177.204: [DefNew: 63756K->7232K(65472K), 0.0083930 secs] 180995K->127002K(210744K), 0.0084400 secs] [Times: user=0.01 sys=0.00, real=0.02 secs] 
177.213: Total time for which application threads were stopped: 0.0086540 seconds, Stopping threads took: 0.0001260 seconds
177.236: Application time: 0.0228800 seconds
177.236: [GC177.236: [DefNew: 65472K->7232K(65472K), 0.0166830 secs] 185242K->134933K(210744K), 0.0167360 secs] [Times: user=0.02 sys=0.00, real=0.02 secs] 
177.253: Total time for which application threads were stopped: 0.0169060 seconds, Stopping threads took: 0.0000850 seconds
177.279: Application time: 0.0260920 seconds
177.279: [GC177.279: [DefNew: 65472K->7231K(65472K), 0.0186870 secs] 193173K->142092K(210744K), 0.0187300 secs] [Times: user=0.01 sys=0.00, real=0.02 secs] 
177.298: Total time for which application threads were stopped: 0.0189480 seconds, Stopping threads took: 0.0001340 seconds
177.324: Application time: 0.0261550 seconds
177.324: [GC177.324: [DefNew: 65471K->7231K(65472K), 0.0169970 secs] 200332K->151423K(210744K), 0.0170380 secs] [Times: user=0.02 sys=0.00, real=0.02 secs] 
177.341: Total time for which application threads were stopped: 0.0172290 seconds, Stopping threads took: 0.0001060 seconds
177.369: Application time: 0.0277390 seconds
177.369: [GC177.369: [DefNew: 65471K->7231K(65472K), 0.0269240 secs]177.396: [Tenured: 155918K->77697K(156024K), 0.1298380 secs] 209663K->77697K(221496K), [Perm : 8870K->8870K(21248K)], 0.1572250 secs] [Times: user=0.16 sys=0.00, real=0.16 secs] 
177.526: Total time for which application threads were stopped: 0.1574450 seconds, Stopping threads took: 0.0001350 seconds
177.555: Application time: 0.0283120 seconds
177.555: [GC177.555: [DefNew: 58240K->7232K(65472K), 0.0121770 secs] 135937K->87225K(210744K), 0.0122230 secs] [Times: user=0.01 sys=0.00, real=0.01 secs] 
177.567: Total time for which application threads were stopped: 0.0124320 seconds, Stopping threads took: 0.0001210 seconds
177.593: Application time: 0.0258000 seconds
177.593: [GC177.593: [DefNew: 65472K->7028K(65472K), 0.0146090 secs] 145465K->92881K(210744K), 0.0146540 secs] [Times: user=0.02 sys=0.00, real=0.01 secs] 
177.608: Total time for which application threads were stopped: 0.0148660 seconds, Stopping threads took: 0.0001120 seconds
177.634: Application time: 0.0268160 seconds
177.635: [GC177.635: [DefNew: 65268K->7232K(65472K), 0.0151650 secs] 151121K->99033K(210744K), 0.0152080 secs] [Times: user=0.02 sys=0.00, real=0.01 secs] 
177.650: Total time for which application threads were stopped: 0.0154410 seconds, Stopping threads took: 0.0001460 seconds
177.675: Application time: 0.0250680 seconds
177.675: [GC177.675: [DefNew: 65472K->5841K(65472K), 0.0137540 secs] 157273K->104476K(210744K), 0.0137960 secs] [Times: user=0.01 sys=0.00, real=0.01 secs] 
177.689: Total time for which application threads were stopped: 0.0140030 seconds, Stopping threads took: 0.0001190 seconds
177.713: Application time: 0.0244980 seconds
177.714: [GC177.714: [DefNew: 64081K->4566K(65472K), 0.0096910 secs] 162716K->108149K(210744K), 0.0097340 secs] [Times: user=0.01 sys=0.00, real=0.00 secs] 
177.723: Total time for which application threads were stopped: 0.0099270 seconds, Stopping threads took: 0.0001050 seconds
177.748: Application time: 0.0242980 seconds
177.748: [GC177.748: [DefNew: 62806K->3489K(65472K), 0.0078840 secs] 166389K->110341K(210744K), 0.0079260 secs] [Times: user=0.01 sys=0.00, real=0.01 secs] 
177.756: Total time for which application threads were stopped: 0.0082200 seconds, Stopping threads took: 0.0001900 seconds
177.779: Application time: 0.0227680 seconds
177.779: [GC177.779: [DefNew: 61729K->7232K(65472K), 0.0076390 secs] 168581K->114525K(210744K), 0.0076810 secs] [Times: user=0.00 sys=0.00, real=0.01 secs] 
177.787: Total time for which application threads were stopped: 0.0079460 seconds, Stopping threads took: 0.0001810 seconds
177.809: Application time: 0.0224920 seconds
177.809: [GC177.809: [DefNew: 65472K->5363K(65472K), 0.0123650 secs] 172765K->118447K(210744K), 0.0124120 secs] [Times: user=0.02 sys=0.00, real=0.01 secs] 
177.822: Total time for which application threads were stopped: 0.0126930 seconds, Stopping threads took: 0.0001740 seconds
177.844: Application time: 0.0225410 seconds
177.845: [GC177.845: [DefNew: 63603K->1549K(65472K), 0.0049700 secs] 176687K->118480K(210744K), 0.0050240 secs] [Times: user=0.01 sys=0.00, real=0.00 secs] 
177.850: Total time for which application threads were stopped: 0.0052380 seconds, Stopping threads took: 0.0001290 seconds
177.871: Application time: 0.0218240 seconds
177.873: [GC177.873: [DefNew: 59789K->7232K(65472K), 0.0098800 secs] 176720K->127080K(210744K), 0.0099250 secs] [Times: user=0.01 sys=0.00, real=0.00 secs] 
177.883: Total time for which application threads were stopped: 0.0112350 seconds, Stopping threads took: 0.0011860 seconds
177.906: Application time: 0.0232850 seconds
177.906: [GC177.906: [DefNew: 65472K->7231K(65472K), 0.0238740 secs] 185320K->137660K(210744K), 0.0239180 secs] [Times: user=0.02 sys=0.00, real=0.02 secs] 
177.930: Total time for which application threads were stopped: 0.0242180 seconds, Stopping threads took: 0.0001950 seconds
177.957: Application time: 0.0266350 seconds
177.957: [GC177.957: [DefNew: 65471K->7232K(65472K), 0.0179700 secs] 195900K->145358K(210744K), 0.0180150 secs] [Times: user=0.02 sys=0.00, real=0.02 secs] 
177.975: Total time for which application threads were stopped: 0.0182700 seconds, Stopping threads took: 0.0001510 seconds
178.002: Application time: 0.0267990 seconds
178.002: [GC178.002: [DefNew: 65472K->7232K(65472K), 0.0180910 secs]178.020: [Tenured: 146426K->77178K(146616K), 0.1186230 secs] 203598K->77178K(212088K), [Perm : 8870K->8870K(21248K)], 0.1368440 secs] [Times: user=0.14 sys=0.00, real=0.14 secs] 
178.139: Total time for which application threads were stopped: 0.1372230 seconds, Stopping threads took: 0.0002760 seconds
178.167: Application time: 0.0280890 seconds
178.167: [GC178.167: [DefNew: 58240K->7232K(65472K), 0.0114700 secs] 135418K->86840K(210744K), 0.0115140 secs] [Times: user=0.01 sys=0.00, real=0.01 secs] 
178.179: Total time for which application threads were stopped: 0.0118090 seconds, Stopping threads took: 0.0001840 seconds
178.206: Application time: 0.0273600 seconds
178.206: [GC178.207: [DefNew: 65472K->7231K(65472K), 0.0167330 secs] 145080K->94955K(210744K), 0.0167760 secs] [Times: user=0.02 sys=0.00, real=0.01 secs] 
178.223: Total time for which application threads were stopped: 0.0169410 seconds, Stopping threads took: 0.0000780 seconds
178.250: Application time: 0.0265690 seconds
178.250: [GC178.250: [DefNew: 65471K->7231K(65472K), 0.0150890 secs] 153195K->101955K(210744K), 0.0151320 secs] [Times: user=0.02 sys=0.00, real=0.02 secs] 
178.265: Total time for which application threads were stopped: 0.0154000 seconds, Stopping threads took: 0.0001630 seconds
178.292: Application time: 0.0270510 seconds
178.292: [GC178.293: [DefNew: 65471K->7232K(65472K), 0.0142580 secs] 160195K->108492K(210744K), 0.0143010 secs] [Times: user=0.02 sys=0.00, real=0.01 secs] 
178.307: Total time for which application threads were stopped: 0.0144890 seconds, Stopping threads took: 0.0000850 seconds
178.332: Application time: 0.0250640 seconds
178.332: [GC178.332: [DefNew: 65472K->7232K(65472K), 0.0126130 secs] 166732K->113822K(210744K), 0.0126580 secs] [Times: user=0.01 sys=0.00, real=0.02 secs] 
178.345: Total time for which application threads were stopped: 0.0128830 seconds, Stopping threads took: 0.0001380 seconds
178.370: Application time: 0.0251330 seconds
178.370: [GC178.370: [DefNew: 65472K->3588K(65472K), 0.0083200 secs] 172062K->115278K(210744K), 0.0083620 secs] [Times: user=0.01 sys=0.00, real=0.01 secs] 
178.378: Total time for which application threads were stopped: 0.0085790 seconds, Stopping threads took: 0.0001300 seconds
178.402: Application time: 0.0238340 seconds
178.403: [GC178.403: [DefNew: 61828K->7231K(65472K), 0.0077890 secs] 173518K->120406K(210744K), 0.0078340 secs] [Times: user=0.01 sys=0.00, real=0.01 secs] 
178.410: Total time for which application threads were stopped: 0.0080710 seconds, Stopping threads took: 0.0001500 seconds
178.433: Application time: 0.0226620 seconds
178.433: [GC178.433: [DefNew: 65471K->6286K(65472K), 0.0162580 secs] 178646K->125307K(210744K), 0.0163030 secs] [Times: user=0.02 sys=0.00, real=0.01 secs] 
178.450: Total time for which application threads were stopped: 0.0165170 seconds, Stopping threads took: 0.0001180 seconds
178.472: Application time: 0.0229100 seconds
178.473: [GC178.473: [DefNew: 64526K->3084K(65472K), 0.0077900 secs] 183547K->127071K(210744K), 0.0078340 secs] [Times: user=0.00 sys=0.00, real=0.00 secs] 
178.481: Total time for which application threads were stopped: 0.0081520 seconds, Stopping threads took: 0.0002120 seconds
178.503: Application time: 0.0221300 seconds
178.503: [GC178.503: [DefNew: 61324K->4742K(65472K), 0.0059420 secs] 185311K->128729K(210744K), 0.0059840 secs] [Times: user=0.01 sys=0.00, real=0.01 secs] 
178.509: Total time for which application threads were stopped: 0.0062530 seconds, Stopping threads took: 0.0001670 seconds
178.531: Application time: 0.0215290 seconds
178.531: [GC178.531: [DefNew: 62982K->7231K(65472K), 0.0121280 secs] 186969K->137480K(210744K), 0.0121710 secs] [Times: user=0.01 sys=0.00, real=0.01 secs] 
178.543: Total time for which application threads were stopped: 0.0123110 seconds, Stopping threads took: 0.0000490 seconds
178.567: Application time: 0.0239430 seconds
178.567: [GC178.567: [DefNew: 65471K->7231K(65472K), 0.0179250 secs] 195720K->145567K(210744K), 0.0179690 secs] [Times: user=0.02 sys=0.00, real=0.02 secs] 
178.585: Total time for which application threads were stopped: 0.0182220 seconds, Stopping threads took: 0.0001670 seconds
178.611: Application time: 0.0259630 seconds
178.611: [GC178.611: [DefNew: 65471K->7232K(65472K), 0.0166790 secs]178.628: [Tenured: 146018K->82482K(146040K), 0.1234680 secs] 203807K->82482K(211512K), [Perm : 8873K->8873K(21248K)], 0.1402580 secs] [Times: user=0.14 sys=0.00, real=0.14 secs] 
178.752: Total time for which application threads were stopped: 0.1406500 seconds, Stopping threads took: 0.0002880 seconds
178.779: Application time: 0.0272060 seconds
178.779: [GC178.779: [DefNew: 58240K->7232K(65472K), 0.0123300 secs] 140722K->92734K(210744K), 0.0123770 secs] [Times: user=0.01 sys=0.00, real=0.01 secs] 
178.792: Total time for which application threads were stopped: 0.0127110 seconds, Stopping threads took: 0.0002120 seconds
178.819: Application time: 0.0276500 seconds
178.820: [GC178.820: [DefNew: 65472K->7232K(65472K), 0.0222030 secs] 150974K->101827K(210744K), 0.0222480 secs] [Times: user=0.02 sys=0.00, real=0.02 secs] 
178.842: Total time for which application threads were stopped: 0.0225520 seconds, Stopping threads took: 0.0002180 seconds
178.868: Application time: 0.0266810 seconds
178.869: [GC178.869: [DefNew: 65472K->7232K(65472K), 0.0125280 secs] 160067K->105344K(210744K), 0.0125720 secs] [Times: user=0.01 sys=0.00, real=0.01 secs] 
178.881: Total time for which application threads were stopped: 0.0128700 seconds, Stopping threads took: 0.0002030 seconds
178.908: Application time: 0.0268610 seconds
178.908: [GC178.908: [DefNew: 65472K->7232K(65472K), 0.0215430 secs] 163584K->115147K(210744K), 0.0215900 secs] [Times: user=0.02 sys=0.00, real=0.02 secs] 
178.930: Total time for which application threads were stopped: 0.0218290 seconds, Stopping threads took: 0.0001510 seconds
178.957: Application time: 0.0265000 seconds
178.957: [GC178.957: [DefNew: 65472K->7232K(65472K), 0.0160230 secs] 173387K->122190K(210744K), 0.0160670 secs] [Times: user=0.02 sys=0.00, real=0.02 secs] 
178.973: Total time for which application threads were stopped: 0.0163610 seconds, Stopping threads took: 0.0001880 seconds
178.999: Application time: 0.0257190 seconds
178.999: [GC178.999: [DefNew: 65472K->4681K(65472K), 0.0110100 secs] 180430K->125685K(210744K), 0.0110530 secs] [Times: user=0.01 sys=0.00, real=0.01 secs] 
179.010: Total time for which application threads were stopped: 0.0113700 seconds, Stopping threads took: 0.0002090 seconds
179.035: Application time: 0.0254760 seconds
179.036: [GC179.036: [DefNew: 62921K->4148K(65472K), 0.0081470 secs] 183925K->128891K(210744K), 0.0081930 secs] [Times: user=0.01 sys=0.00, real=0.00 secs] 
179.044: Total time for which application threads were stopped: 0.0084520 seconds, Stopping threads took: 0.0001490 seconds
179.068: Application time: 0.0238740 seconds
179.068: [GC179.068: [DefNew: 62388K->7232K(65472K), 0.0120550 secs] 187131K->134234K(210744K), 0.0121090 secs] [Times: user=0.01 sys=0.00, real=0.01 secs] 
179.080: Total time for which application threads were stopped: 0.0124090 seconds, Stopping threads took: 0.0001760 seconds
179.103: Application time: 0.0231320 seconds
179.104: [GC179.104: [DefNew: 65472K->4035K(65472K), 0.0087600 secs] 192474K->136652K(210744K), 0.0088060 secs] [Times: user=0.01 sys=0.00, real=0.01 secs] 
179.112: Total time for which application threads were stopped: 0.0090210 seconds, Stopping threads took: 0.0001240 seconds
179.135: Application time: 0.0229560 seconds
179.136: [GC179.136: [DefNew: 62275K->2808K(65472K), 0.0053740 secs] 194892K->137516K(210744K), 0.0054120 secs] [Times: user=0.00 sys=0.00, real=0.00 secs] 
179.141: Total time for which application threads were stopped: 0.0056170 seconds, Stopping threads took: 0.0001230 seconds
179.162: Application time: 0.0215170 seconds
179.163: [GC179.163: [DefNew: 61048K->7231K(65472K), 0.0063220 secs] 195756K->142497K(210744K), 0.0063680 secs] [Times: user=0.01 sys=0.00, real=0.01 secs] 
179.169: Total time for which application threads were stopped: 0.0066130 seconds, Stopping threads took: 0.0001570 seconds
179.192: Application time: 0.0228960 seconds
179.192: [GC179.192: [DefNew: 65471K->7232K(65472K), 0.0160020 secs] 200737K->150756K(210744K), 0.0160450 secs] [Times: user=0.02 sys=0.00, real=0.02 secs] 
179.208: Total time for which application threads were stopped: 0.0162190 seconds, Stopping threads took: 0.0000860 seconds
179.232: Application time: 0.0241810 seconds
179.233: [GC179.233: [DefNew: 65472K->6819K(65472K), 0.0149840 secs]179.248: [Tenured: 150439K->82007K(150456K), 0.1189600 secs] 208996K->82007K(215928K), [Perm : 8873K->8873K(21248K)], 0.1341920 secs] [Times: user=0.13 sys=0.00, real=0.13 secs] 
179.367: Total time for which application threads were stopped: 0.1343650 seconds, Stopping threads took: 0.0000860 seconds
179.391: Application time: 0.0239400 seconds
179.391: [GC179.391: [DefNew: 58240K->7232K(65472K), 0.0096780 secs] 140247K->90521K(210744K), 0.0097190 secs] [Times: user=0.01 sys=0.00, real=0.01 secs] 
179.401: Total time for which application threads were stopped: 0.0099670 seconds, Stopping threads took: 0.0001490 seconds
179.427: Application time: 0.0265010 seconds
179.427: [GC179.427: [DefNew: 65472K->7231K(65472K), 0.0220030 secs] 148761K->102370K(210744K), 0.0220480 secs] [Times: user=0.03 sys=0.00, real=0.02 secs] 
179.449: Total time for which application threads were stopped: 0.0222570 seconds, Stopping threads took: 0.0001260 seconds
179.476: Application time: 0.0269070 seconds
179.477: [GC179.477: [DefNew: 65471K->7231K(65472K), 0.0157740 secs] 160610K->109361K(210744K), 0.0158190 secs] [Times: user=0.01 sys=0.00, real=0.01 secs] 
179.492: Total time for which application threads were stopped: 0.0160150 seconds, Stopping threads took: 0.0001040 seconds
179.519: Application time: 0.0267920 seconds
179.519: [GC179.519: [DefNew: 65471K->7232K(65472K), 0.0128290 secs] 167601K->116162K(210744K), 0.0128760 secs] [Times: user=0.02 sys=0.00, real=0.01 secs] 
179.532: Total time for which application threads were stopped: 0.0130880 seconds, Stopping threads took: 0.0001220 seconds
179.559: Application time: 0.0269040 seconds
179.559: [GC179.559: [DefNew: 65472K->7231K(65472K), 0.0179660 secs] 174402K->123768K(210744K), 0.0180090 secs] [Times: user=0.02 sys=0.00, real=0.02 secs] 
179.577: Total time for which application threads were stopped: 0.0182320 seconds, Stopping threads took: 0.0001360 seconds
179.603: Application time: 0.0258290 seconds
179.603: [GC179.603: [DefNew: 65471K->7232K(65472K), 0.0126840 secs] 182008K->129335K(210744K), 0.0127280 secs] [Times: user=0.02 sys=0.00, real=0.02 secs] 
179.616: Total time for which application threads were stopped: 0.0128780 seconds, Stopping threads took: 0.0000630 seconds
179.642: Application time: 0.0261640 seconds
179.642: [GC179.642: [DefNew: 65472K->5048K(65472K), 0.0103600 secs] 187575K->132752K(210744K), 0.0104110 secs] [Times: user=0.01 sys=0.00, real=0.02 secs] 
179.653: Total time for which application threads were stopped: 0.0106450 seconds, Stopping threads took: 0.0001380 seconds
179.679: Application time: 0.0257120 seconds
179.681: [GC179.681: [DefNew: 63288K->7231K(65472K), 0.0114740 secs] 190992K->138921K(210744K), 0.0115180 secs] [Times: user=0.01 sys=0.00, real=0.01 secs] 
179.692: Total time for which application threads were stopped: 0.0136620 seconds, Stopping threads took: 0.0020370 seconds
179.717: Application time: 0.0242490 seconds
179.721: [GC179.721: [DefNew: 65471K->3454K(65472K), 0.0084270 secs] 197161K->140423K(210744K), 0.0084700 secs] [Times: user=0.01 sys=0.00, real=0.01 secs] 
179.729: Total time for which application threads were stopped: 0.0127320 seconds, Stopping threads took: 0.0041650 seconds
179.753: Application time: 0.0237070 seconds
179.753: [GC179.753: [DefNew: 61694K->6383K(65472K), 0.0068700 secs] 198663K->143351K(210744K), 0.0069130 secs] [Times: user=0.01 sys=0.00, real=0.00 secs] 
179.760: Total time for which application threads were stopped: 0.0071160 seconds, Stopping threads took: 0.0000950 seconds
179.783: Application time: 0.0227160 seconds
179.783: [GC179.783: [DefNew: 64623K->2945K(65472K), 0.0058150 secs] 201591K->143102K(210744K), 0.0058590 secs] [Times: user=0.01 sys=0.00, real=0.01 secs] 
179.789: Total time for which application threads were stopped: 0.0060380 seconds, Stopping threads took: 0.0000800 seconds
179.810: Application time: 0.0214050 seconds
179.811: [GC179.811: [DefNew: 61185K->7231K(65472K), 0.0103280 secs] 201342K->151737K(210744K), 0.0103730 secs] [Times: user=0.01 sys=0.00, real=0.01 secs] 
179.821: Total time for which application threads were stopped: 0.0106990 seconds, Stopping threads took: 0.0002200 seconds
179.844: Application time: 0.0232120 seconds
179.844: [GC179.844: [DefNew: 65471K->7231K(65472K), 0.0184990 secs]179.863: [Tenured: 151134K->76748K(151224K), 0.1183590 secs] 209977K->76748K(216696K), [Perm : 8873K->8873K(21248K)], 0.1371270 secs] [Times: user=0.14 sys=0.00, real=0.14 secs] 
179.982: Total time for which application threads were stopped: 0.1373380 seconds, Stopping threads took: 0.0001040 seconds
180.005: Application time: 0.0238430 seconds
180.006: [GC180.006: [DefNew: 58240K->4730K(65472K), 0.0057370 secs] 134988K->81478K(210744K), 0.0057730 secs] [Times: user=0.00 sys=0.00, real=0.00 secs] 
180.011: Total time for which application threads were stopped: 0.0061230 seconds, Stopping threads took: 0.0002350 seconds
180.036: Application time: 0.0240810 seconds
180.036: [GC180.036: [DefNew: 62970K->7231K(65472K), 0.0152640 secs] 139718K->90602K(210744K), 0.0153240 secs] [Times: user=0.01 sys=0.00, real=0.01 secs] 
180.051: Total time for which application threads were stopped: 0.0156360 seconds, Stopping threads took: 0.0002200 seconds
180.078: Application time: 0.0265930 seconds
180.078: [GC180.078: [DefNew: 65471K->7232K(65472K), 0.0220670 secs] 148842K->101492K(210744K), 0.0221110 secs] [Times: user=0.03 sys=0.00, real=0.02 secs] 
180.100: Total time for which application threads were stopped: 0.0224060 seconds, Stopping threads took: 0.0002050 seconds
180.127: Application time: 0.0271610 seconds
180.128: [GC180.128: [DefNew: 65472K->6713K(65472K), 0.0157940 secs] 159732K->106644K(210744K), 0.0158380 secs] [Times: user=0.02 sys=0.00, real=0.01 secs] 
180.144: Total time for which application threads were stopped: 0.0162170 seconds, Stopping threads took: 0.0002890 seconds
180.171: Application time: 0.0277680 seconds
180.173: [GC180.173: [DefNew: 64953K->7232K(65472K), 0.0145300 secs] 164884K->113552K(210744K), 0.0145730 secs] [Times: user=0.02 sys=0.00, real=0.01 secs] 
180.187: Total time for which application threads were stopped: 0.0159930 seconds, Stopping threads took: 0.0013310 seconds
180.215: Application time: 0.0274220 seconds
180.215: [GC180.215: [DefNew: 65472K->7232K(65472K), 0.0172650 secs] 171792K->122055K(210744K), 0.0173130 secs] [Times: user=0.02 sys=0.00, real=0.01 secs] 
180.232: Total time for which application threads were stopped: 0.0175860 seconds, Stopping threads took: 0.0001550 seconds
180.259: Application time: 0.0266430 seconds
180.259: [GC180.259: [DefNew: 65472K->6457K(65472K), 0.0150600 secs] 180295K->127300K(210744K), 0.0151040 secs] [Times: user=0.02 sys=0.00, real=0.02 secs] 
180.274: Total time for which application threads were stopped: 0.0153990 seconds, Stopping threads took: 0.0001960 seconds
180.301: Application time: 0.0262390 seconds
180.301: [GC180.301: [DefNew: 64697K->6957K(65472K), 0.0105910 secs] 185540K->132877K(210744K), 0.0106370 secs] [Times: user=0.01 sys=0.00, real=0.01 secs] 
180.312: Total time for which application threads were stopped: 0.0108930 seconds, Stopping threads took: 0.0001650 seconds
180.337: Application time: 0.0254550 seconds
180.337: [GC180.337: [DefNew: 65197K->6215K(65472K), 0.0099870 secs] 191117K->135963K(210744K), 0.0100300 secs] [Times: user=0.01 sys=0.00, real=0.01 secs] 
180.347: Total time for which application threads were stopped: 0.0102160 seconds, Stopping threads took: 0.0000940 seconds
180.371: Application time: 0.0241770 seconds
180.372: [GC180.372: [DefNew: 64455K->2699K(65472K), 0.0075700 secs] 194203K->137626K(210744K), 0.0076140 secs] [Times: user=0.00 sys=0.00, real=0.01 secs] 
180.379: Total time for which application threads were stopped: 0.0078200 seconds, Stopping threads took: 0.0001150 seconds
180.402: Application time: 0.0231120 seconds
180.403: [GC180.403: [DefNew: 60939K->4350K(65472K), 0.0056720 secs] 195866K->139277K(210744K), 0.0057100 secs] [Times: user=0.00 sys=0.00, real=0.01 secs] 
180.408: Total time for which application threads were stopped: 0.0059760 seconds, Stopping threads took: 0.0001810 seconds
180.430: Application time: 0.0213110 seconds
180.433: [GC180.433: [DefNew: 62590K->4723K(65472K), 0.0056250 secs] 197517K->140509K(210744K), 0.0056660 secs] [Times: user=0.00 sys=0.00, real=0.00 secs] 
180.438: Total time for which application threads were stopped: 0.0086840 seconds, Stopping threads took: 0.0029260 seconds
180.460: Application time: 0.0218350 seconds
180.460: [GC180.460: [DefNew: 62963K->7232K(65472K), 0.0126390 secs] 198749K->149169K(210744K), 0.0126840 secs] [Times: user=0.02 sys=0.00, real=0.02 secs] 
180.473: Total time for which application threads were stopped: 0.0128790 seconds, Stopping threads took: 0.0001060 seconds
180.495: Application time: 0.0223950 seconds
180.496: [GC180.496: [DefNew: 65472K->4727K(65472K), 0.0135770 secs]180.509: [Tenured: 147964K->81124K(148152K), 0.1194080 secs] 207409K->81124K(213624K), [Perm : 8873K->8873K(21248K)], 0.1331650 secs] [Times: user=0.13 sys=0.00, real=0.13 secs] 
180.629: Total time for which application threads were stopped: 0.1335240 seconds, Stopping threads took: 0.0002600 seconds
180.653: Application time: 0.0240470 seconds
180.653: [GC180.653: [DefNew: 58240K->6792K(65472K), 0.0066410 secs] 139364K->87916K(210744K), 0.0066860 secs] [Times: user=0.01 sys=0.00, real=0.00 secs] 
180.660: Total time for which application threads were stopped: 0.0069610 seconds, Stopping threads took: 0.0001540 seconds
180.685: Application time: 0.0250650 seconds
180.685: [GC180.685: [DefNew: 65032K->7232K(65472K), 0.0198450 secs] 146156K->98204K(210744K), 0.0198890 secs] [Times: user=0.02 sys=0.00, real=0.02 secs] 
180.705: Total time for which application threads were stopped: 0.0201840 seconds, Stopping threads took: 0.0002070 seconds
180.731: Application time: 0.0261510 seconds
180.732: [GC180.732: [DefNew: 65472K->7232K(65472K), 0.0241420 secs] 156444K->107630K(210744K), 0.0241860 secs] [Times: user=0.02 sys=0.00, real=0.03 secs] 
180.756: Total time for which application threads were stopped: 0.0245100 seconds, Stopping threads took: 0.0002170 seconds
180.783: Application time: 0.0276020 seconds
180.784: [GC180.784: [DefNew: 65472K->7232K(65472K), 0.0189090 secs] 165870K->116000K(210744K), 0.0189540 secs] [Times: user=0.02 sys=0.00, real=0.02 secs] 
180.803: Total time for which application threads were stopped: 0.0193410 seconds, Stopping threads took: 0.0002790 seconds
180.830: Application time: 0.0266970 seconds
180.830: [GC180.830: [DefNew: 65472K->7231K(65472K), 0.0193500 secs] 174240K->123794K(210744K), 0.0194020 secs] [Times: user=0.02 sys=0.00, real=0.02 secs] 
180.849: Total time for which application threads were stopped: 0.0196650 seconds, Stopping threads took: 0.0001530 seconds
180.877: Application time: 0.0280810 seconds
180.878: [GC180.878: [DefNew: 65471K->7232K(65472K), 0.0214620 secs] 182034K->134084K(210744K), 0.0215090 secs] [Times: user=0.02 sys=0.00, real=0.02 secs] 
180.899: Total time for which application threads were stopped: 0.0218460 seconds, Stopping threads took: 0.0002290 seconds
180.926: Application time: 0.0266980 seconds
180.926: [GC180.926: [DefNew: 65472K->4924K(65472K), 0.0150500 secs] 192324K->138289K(210744K), 0.0150950 secs] [Times: user=0.01 sys=0.00, real=0.01 secs] 
180.941: Total time for which application threads were stopped: 0.0154120 seconds, Stopping threads took: 0.0002080 seconds
180.968: Application time: 0.0264110 seconds
180.968: [GC180.968: [DefNew: 63164K->7231K(65472K), 0.0147240 secs] 196529K->145816K(210744K), 0.0147680 secs] [Times: user=0.02 sys=0.00, real=0.01 secs] 
180.983: Total time for which application threads were stopped: 0.0151010 seconds, Stopping threads took: 0.0002220 seconds
181.007: Application time: 0.0244230 seconds
181.007: [GC181.008: [DefNew: 65471K->5695K(65472K), 0.0115410 secs] 204056K->150855K(210744K), 0.0115860 secs] [Times: user=0.02 sys=0.00, real=0.01 secs] 
181.019: Total time for which application threads were stopped: 0.0119180 seconds, Stopping threads took: 0.0002220 seconds
181.043: Application time: 0.0237370 seconds
181.043: [GC181.043: [DefNew: 63935K->4266K(65472K), 0.0094820 secs]181.053: [Tenured: 149618K->82481K(149688K), 0.1209550 secs] 209095K->82481K(215160K), [Perm : 8873K->8873K(21248K)], 0.1306700 secs] [Times: user=0.14 sys=0.00, real=0.14 secs] 
181.174: Total time for which application threads were stopped: 0.1310510 seconds, Stopping threads took: 0.0002730 seconds
181.197: Application time: 0.0226440 seconds
181.197: [GC181.197: [DefNew: 58240K->2789K(65472K), 0.0040790 secs] 140721K->85270K(210744K), 0.0041150 secs] [Times: user=0.00 sys=0.00, real=0.00 secs] 
181.201: Total time for which application threads were stopped: 0.0043680 seconds, Stopping threads took: 0.0001580 seconds
181.222: Application time: 0.0207990 seconds
181.222: [GC181.222: [DefNew: 61029K->6244K(65472K), 0.0061090 secs] 143510K->88725K(210744K), 0.0061520 secs] [Times: user=0.00 sys=0.00, real=0.01 secs] 
181.228: Total time for which application threads were stopped: 0.0063790 seconds, Stopping threads took: 0.0001370 seconds
181.251: Application time: 0.0224690 seconds
181.251: [GC181.251: [DefNew: 64484K->7231K(65472K), 0.0152010 secs] 146965K->97651K(210744K), 0.0152450 secs] [Times: user=0.02 sys=0.00, real=0.02 secs] 
181.266: Total time for which application threads were stopped: 0.0154100 seconds, Stopping threads took: 0.0000730 seconds
181.289: Application time: 0.0227460 seconds
181.289: [GC181.289: [DefNew: 65471K->4026K(65472K), 0.0128060 secs] 155891K->101397K(210744K), 0.0128530 secs] [Times: user=0.01 sys=0.00, real=0.01 secs] 
181.302: Total time for which application threads were stopped: 0.0130650 seconds, Stopping threads took: 0.0001180 seconds
181.325: Application time: 0.0234440 seconds
181.325: [GC181.326: [DefNew: 62266K->7231K(65472K), 0.0139390 secs] 159637K->109973K(210744K), 0.0139820 secs] [Times: user=0.02 sys=0.00, real=0.01 secs] 
181.340: Total time for which application threads were stopped: 0.0142740 seconds, Stopping threads took: 0.0002020 seconds
181.365: Application time: 0.0251710 seconds
181.365: [GC181.365: [DefNew: 65471K->7232K(65472K), 0.0266970 secs] 168213K->122009K(210744K), 0.0267410 secs] [Times: user=0.02 sys=0.00, real=0.02 secs] 
181.392: Total time for which application threads were stopped: 0.0270310 seconds, Stopping threads took: 0.0001810 seconds
181.419: Application time: 0.0268210 seconds
181.419: [GC181.419: [DefNew: 65472K->7232K(65472K), 0.0166480 secs] 180249K->128694K(210744K), 0.0167010 secs] [Times: user=0.01 sys=0.00, real=0.02 secs] 
181.435: Total time for which application threads were stopped: 0.0169080 seconds, Stopping threads took: 0.0001170 seconds
181.463: Application time: 0.0271360 seconds
181.463: [GC181.463: [DefNew: 65472K->7231K(65472K), 0.0168890 secs] 186934K->137404K(210744K), 0.0169340 secs] [Times: user=0.02 sys=0.00, real=0.02 secs] 
181.480: Total time for which application threads were stopped: 0.0172220 seconds, Stopping threads took: 0.0001780 seconds
181.508: Application time: 0.0278000 seconds
181.508: [GC181.508: [DefNew: 65471K->7231K(65472K), 0.0195340 secs] 195644K->146387K(210744K), 0.0195780 secs] [Times: user=0.02 sys=0.00, real=0.02 secs] 
181.527: Total time for which application threads were stopped: 0.0198230 seconds, Stopping threads took: 0.0001550 seconds
181.554: Application time: 0.0269640 seconds
181.555: [GC181.555: [DefNew: 65471K->7232K(65472K), 0.0171070 secs]181.572: [Tenured: 146475K->80281K(146616K), 0.1179570 secs] 204627K->80281K(212088K), [Perm : 8873K->8873K(21248K)], 0.1351940 secs] [Times: user=0.14 sys=0.00, real=0.13 secs] 
181.690: Total time for which application threads were stopped: 0.1353850 seconds, Stopping threads took: 0.0001040 seconds
181.717: Application time: 0.0274480 seconds
181.717: [GC181.717: [DefNew: 58240K->7034K(65472K), 0.0081160 secs] 138521K->87316K(210744K), 0.0081560 secs] [Times: user=0.00 sys=0.00, real=0.01 secs] 
181.726: Total time for which application threads were stopped: 0.0083980 seconds, Stopping threads took: 0.0001420 seconds
181.752: Application time: 0.0263280 seconds
181.752: [GC181.752: [DefNew: 65274K->6439K(65472K), 0.0120560 secs] 145556K->91179K(210744K), 0.0120980 secs] [Times: user=0.02 sys=0.00, real=0.01 secs] 
181.764: Total time for which application threads were stopped: 0.0123180 seconds, Stopping threads took: 0.0001340 seconds
181.789: Application time: 0.0244110 seconds
181.789: [GC181.789: [DefNew: 64679K->3639K(65472K), 0.0084830 secs] 149419K->93806K(210744K), 0.0085260 secs] [Times: user=0.01 sys=0.00, real=0.01 secs] 
181.797: Total time for which application threads were stopped: 0.0087530 seconds, Stopping threads took: 0.0001340 seconds
181.821: Application time: 0.0235730 seconds
181.821: [GC181.821: [DefNew: 61879K->3173K(65472K), 0.0056700 secs] 152046K->94572K(210744K), 0.0057110 secs] [Times: user=0.00 sys=0.00, real=0.01 secs] 
181.827: Total time for which application threads were stopped: 0.0059290 seconds, Stopping threads took: 0.0001140 seconds
181.849: Application time: 0.0216780 seconds
181.849: [GC181.849: [DefNew: 61413K->4705K(65472K), 0.0047260 secs] 152812K->96104K(210744K), 0.0047680 secs] [Times: user=0.00 sys=0.00, real=0.01 secs] 
181.854: Total time for which application threads were stopped: 0.0050830 seconds, Stopping threads took: 0.0002240 seconds
181.875: Application time: 0.0215070 seconds
181.876: [GC181.876: [DefNew: 62945K->7232K(65472K), 0.0112560 secs] 154344K->103482K(210744K), 0.0113010 secs] [Times: user=0.02 sys=0.00, real=0.01 secs] 
181.887: Total time for which application threads were stopped: 0.0116600 seconds, Stopping threads took: 0.0002480 seconds
181.910: Application time: 0.0227120 seconds
181.910: [GC181.910: [DefNew: 65472K->5782K(65472K), 0.0148100 secs] 161722K->107915K(210744K), 0.0148550 secs] [Times: user=0.01 sys=0.00, real=0.02 secs] 
181.925: Total time for which application threads were stopped: 0.0150760 seconds, Stopping threads took: 0.0001310 seconds
181.948: Application time: 0.0236170 seconds
181.949: [GC181.949: [DefNew: 64022K->4819K(65472K), 0.0088590 secs] 166155K->112482K(210744K), 0.0089040 secs] [Times: user=0.01 sys=0.00, real=0.01 secs] 
181.958: Total time for which application threads were stopped: 0.0092070 seconds, Stopping threads took: 0.0001930 seconds
181.981: Application time: 0.0232470 seconds
181.981: [GC181.981: [DefNew: 63059K->7231K(65472K), 0.0121090 secs] 170722K->118369K(210744K), 0.0121540 secs] [Times: user=0.01 sys=0.00, real=0.02 secs] 
181.993: Total time for which application threads were stopped: 0.0123910 seconds, Stopping threads took: 0.0001370 seconds
182.019: Application time: 0.0254600 seconds
182.019: [GC182.019: [DefNew: 65471K->7232K(65472K), 0.0232360 secs] 176609K->129842K(210744K), 0.0232800 secs] [Times: user=0.03 sys=0.00, real=0.02 secs] 
182.042: Total time for which application threads were stopped: 0.0234910 seconds, Stopping threads took: 0.0001230 seconds
182.069: Application time: 0.0272980 seconds
182.070: [GC182.070: [DefNew: 65472K->7232K(65472K), 0.0184120 secs] 188082K->138083K(210744K), 0.0184570 secs] [Times: user=0.02 sys=0.00, real=0.02 secs] 
182.088: Total time for which application threads were stopped: 0.0186600 seconds, Stopping threads took: 0.0001150 seconds
182.115: Application time: 0.0264410 seconds
182.115: [GC182.115: [DefNew: 65472K->7232K(65472K), 0.0166750 secs] 196323K->146382K(210744K), 0.0167190 secs] [Times: user=0.02 sys=0.00, real=0.01 secs] 
182.131: Total time for which application threads were stopped: 0.0169170 seconds, Stopping threads took: 0.0001040 seconds
182.159: Application time: 0.0277930 seconds
182.159: [GC182.159: [DefNew: 65472K->7231K(65472K), 0.0220480 secs]182.182: [Tenured: 149020K->74615K(149112K), 0.1236280 secs] 204622K->74615K(214584K), [Perm : 8873K->8873K(21248K)], 0.1458830 secs] [Times: user=0.15 sys=0.00, real=0.15 secs] 
182.305: Total time for which application threads were stopped: 0.1461170 seconds, Stopping threads took: 0.0001470 seconds
182.332: Application time: 0.0268620 seconds
182.333: [GC182.333: [DefNew: 58240K->7232K(65472K), 0.0106970 secs] 132855K->82776K(210744K), 0.0107420 secs] [Times: user=0.01 sys=0.00, real=0.00 secs] 
182.343: Total time for which application threads were stopped: 0.0111430 seconds, Stopping threads took: 0.0002970 seconds
182.371: Application time: 0.0275680 seconds
182.371: [GC182.371: [DefNew: 65472K->7232K(65472K), 0.0181090 secs] 141016K->90462K(210744K), 0.0181530 secs] [Times: user=0.02 sys=0.00, real=0.02 secs] 
182.389: Total time for which application threads were stopped: 0.0184820 seconds, Stopping threads took: 0.0002210 seconds
182.415: Application time: 0.0260680 seconds
182.416: [GC182.416: [DefNew: 65472K->4397K(65472K), 0.0133120 secs] 148702K->94362K(210744K), 0.0133560 secs] [Times: user=0.01 sys=0.00, real=0.01 secs] 
182.429: Total time for which application threads were stopped: 0.0136740 seconds, Stopping threads took: 0.0002070 seconds
182.453: Application time: 0.0234050 seconds
182.453: [GC182.453: [DefNew: 62637K->3026K(65472K), 0.0083770 secs] 152602K->96990K(210744K), 0.0084180 secs] [Times: user=0.01 sys=0.00, real=0.00 secs] 
182.461: Total time for which application threads were stopped: 0.0087190 seconds, Stopping threads took: 0.0001920 seconds
182.484: Application time: 0.0226800 seconds
182.484: [GC182.484: [DefNew: 61266K->4114K(65472K), 0.0049450 secs] 155230K->98078K(210744K), 0.0049860 secs] [Times: user=0.01 sys=0.00, real=0.01 secs] 
182.489: Total time for which application threads were stopped: 0.0052090 seconds, Stopping threads took: 0.0001360 seconds
182.511: Application time: 0.0216440 seconds
182.511: [GC182.511: [DefNew: 62354K->4845K(65472K), 0.0067430 secs] 156318K->101668K(210744K), 0.0067870 secs] [Times: user=0.01 sys=0.00, real=0.01 secs] 
182.518: Total time for which application threads were stopped: 0.0070060 seconds, Stopping threads took: 0.0001270 seconds
182.540: Application time: 0.0223370 seconds
182.540: [GC182.540: [DefNew: 63085K->7232K(65472K), 0.0131830 secs] 159908K->108576K(210744K), 0.0132270 secs] [Times: user=0.02 sys=0.00, real=0.02 secs] 
182.554: Total time for which application threads were stopped: 0.0134870 seconds, Stopping threads took: 0.0001700 seconds
182.576: Application time: 0.0227470 seconds
182.577: [GC182.577: [DefNew: 65472K->3243K(65472K), 0.0130750 secs] 166816K->110969K(210744K), 0.0131200 secs] [Times: user=0.02 sys=0.00, real=0.01 secs] 
182.590: Total time for which application threads were stopped: 0.0134440 seconds, Stopping threads took: 0.0002140 seconds
182.613: Application time: 0.0233100 seconds
182.613: [GC182.613: [DefNew: 61483K->7231K(65472K), 0.0095280 secs] 169209K->116555K(210744K), 0.0095800 secs] [Times: user=0.01 sys=0.00, real=0.00 secs] 
182.623: Total time for which application threads were stopped: 0.0098570 seconds, Stopping threads took: 0.0001690 seconds
182.646: Application time: 0.0229900 seconds
182.646: [GC182.646: [DefNew: 65471K->7232K(65472K), 0.0170580 secs] 174795K->124962K(210744K), 0.0171040 secs] [Times: user=0.01 sys=0.00, real=0.01 secs] 
182.663: Total time for which application threads were stopped: 0.0174540 seconds, Stopping threads took: 0.0002630 seconds
182.689: Application time: 0.0256170 seconds
182.689: [GC182.689: [DefNew: 65472K->7232K(65472K), 0.0191800 secs] 183202K->134042K(210744K), 0.0192220 secs] [Times: user=0.02 sys=0.00, real=0.02 secs] 
182.709: Total time for which application threads were stopped: 0.0194260 seconds, Stopping threads took: 0.0001160 seconds
182.736: Application time: 0.0275140 seconds
182.736: [GC182.736: [DefNew: 65472K->7232K(65472K), 0.0128110 secs] 192282K->139905K(210744K), 0.0128550 secs] [Times: user=0.01 sys=0.00, real=0.01 secs] 
182.749: Total time for which application threads were stopped: 0.0131240 seconds, Stopping threads took: 0.0001590 seconds
182.776: Application time: 0.0272930 seconds
182.777: [GC182.777: [DefNew: 65472K->6812K(65472K), 0.0154760 secs] 198145K->145675K(210744K), 0.0155200 secs] [Times: user=0.02 sys=0.00, real=0.01 secs] 
182.792: Total time for which application threads were stopped: 0.0158830 seconds, Stopping threads took: 0.0002550 seconds
182.819: Application time: 0.0271090 seconds
182.820: [GC182.820: [DefNew: 65052K->7231K(65472K), 0.0199860 secs]182.840: [Tenured: 147657K->75938K(147768K), 0.1259520 secs] 203915K->75938K(213240K), [Perm : 8873K->8873K(21248K)], 0.1461180 secs] [Times: user=0.15 sys=0.00, real=0.15 secs] 
182.966: Total time for which application threads were stopped: 0.1463500 seconds, Stopping threads took: 0.0001440 seconds
182.993: Application time: 0.0271750 seconds
182.993: [GC182.993: [DefNew: 58240K->7232K(65472K), 0.0117970 secs] 134178K->86443K(210744K), 0.0118400 secs] [Times: user=0.01 sys=0.00, real=0.01 secs] 
183.005: Total time for which application threads were stopped: 0.0121450 seconds, Stopping threads took: 0.0001840 seconds
183.032: Application time: 0.0268200 seconds
183.032: [GC183.032: [DefNew: 65472K->7187K(65472K), 0.0160680 secs] 144683K->92699K(210744K), 0.0161130 secs] [Times: user=0.02 sys=0.00, real=0.02 secs] 
183.048: Total time for which application threads were stopped: 0.0163120 seconds, Stopping threads took: 0.0001090 seconds
183.074: Application time: 0.0256760 seconds
183.074: [GC183.074: [DefNew: 65427K->3421K(65472K), 0.0098890 secs] 150939K->95070K(210744K), 0.0099340 secs] [Times: user=0.01 sys=0.00, real=0.00 secs] 
183.084: Total time for which application threads were stopped: 0.0101280 seconds, Stopping threads took: 0.0001020 seconds
183.107: Application time: 0.0231520 seconds
183.107: [GC183.107: [DefNew: 61661K->4012K(65472K), 0.0045650 secs] 153310K->95662K(210744K), 0.0046010 secs] [Times: user=0.00 sys=0.00, real=0.00 secs] 
183.112: Total time for which application threads were stopped: 0.0048070 seconds, Stopping threads took: 0.0001230 seconds
183.134: Application time: 0.0222520 seconds
183.135: [GC183.135: [DefNew: 62252K->5173K(65472K), 0.0069240 secs] 153902K->98081K(210744K), 0.0069670 secs] [Times: user=0.01 sys=0.00, real=0.00 secs] 
183.142: Total time for which application threads were stopped: 0.0072050 seconds, Stopping threads took: 0.0001450 seconds
183.163: Application time: 0.0219920 seconds
183.164: [GC183.164: [DefNew: 63413K->7232K(65472K), 0.0086800 secs] 156321K->103272K(210744K), 0.0087230 secs] [Times: user=0.01 sys=0.00, real=0.01 secs] 
183.172: Total time for which application threads were stopped: 0.0088850 seconds, Stopping threads took: 0.0000730 seconds
183.195: Application time: 0.0223660 seconds
183.195: [GC183.195: [DefNew: 65472K->6697K(65472K), 0.0128280 secs] 161512K->109079K(210744K), 0.0128780 secs] [Times: user=0.01 sys=0.00, real=0.01 secs] 
183.208: Total time for which application threads were stopped: 0.0130680 seconds, Stopping threads took: 0.0001010 seconds
183.230: Application time: 0.0226410 seconds
183.231: [GC183.231: [DefNew: 64937K->2569K(65472K), 0.0080220 secs] 167319K->111072K(210744K), 0.0080610 secs] [Times: user=0.01 sys=0.00, real=0.01 secs] 
183.239: Total time for which application threads were stopped: 0.0082480 seconds, Stopping threads took: 0.0000960 seconds
183.261: Application time: 0.0226430 seconds
183.265: [GC183.265: [DefNew: 60809K->7232K(65472K), 0.0090390 secs] 169312K->116409K(210744K), 0.0090810 secs] [Times: user=0.01 sys=0.00, real=0.01 secs] 
183.274: Total time for which application threads were stopped: 0.0123450 seconds, Stopping threads took: 0.0031740 seconds
183.297: Application time: 0.0234730 seconds
183.297: [GC183.297: [DefNew: 65472K->7232K(65472K), 0.0175670 secs] 174649K->128031K(210744K), 0.0176100 secs] [Times: user=0.02 sys=0.00, real=0.02 secs] 
183.315: Total time for which application threads were stopped: 0.0178070 seconds, Stopping threads took: 0.0001040 seconds
183.341: Application time: 0.0259430 seconds
183.341: [GC183.341: [DefNew: 65472K->7232K(65472K), 0.0213050 secs] 186271K->137399K(210744K), 0.0213510 secs] [Times: user=0.02 sys=0.00, real=0.02 secs] 
183.363: Total time for which application threads were stopped: 0.0215620 seconds, Stopping threads took: 0.0001230 seconds
183.390: Application time: 0.0279260 seconds
183.391: [GC183.391: [DefNew: 65472K->7232K(65472K), 0.0219560 secs] 195639K->146028K(210744K), 0.0220000 secs] [Times: user=0.02 sys=0.00, real=0.03 secs] 
183.413: Total time for which application threads were stopped: 0.0222140 seconds, Stopping threads took: 0.0001250 seconds
183.440: Application time: 0.0274190 seconds
183.440: [GC183.440: [DefNew: 65472K->6531K(65472K), 0.0123880 secs] 204268K->150365K(210744K), 0.0124330 secs] [Times: user=0.01 sys=0.00, real=0.02 secs] 
183.453: Total time for which application threads were stopped: 0.0127140 seconds, Stopping threads took: 0.0001930 seconds
183.480: Application time: 0.0270160 seconds
183.480: [GC183.480: [DefNew: 64771K->7232K(65472K), 0.0197760 secs]183.500: [Tenured: 151205K->77706K(151224K), 0.1276710 secs] 208605K->77706K(216696K), [Perm : 8873K->8873K(21248K)], 0.1477530 secs] [Times: user=0.15 sys=0.00, real=0.15 secs] 
183.628: Total time for which application threads were stopped: 0.1479770 seconds, Stopping threads took: 0.0001380 seconds
183.656: Application time: 0.0284080 seconds
183.656: [GC183.656: [DefNew: 58240K->7232K(65472K), 0.0127780 secs] 135946K->89278K(210744K), 0.0128240 secs] [Times: user=0.02 sys=0.00, real=0.01 secs] 
183.669: Total time for which application threads were stopped: 0.0130320 seconds, Stopping threads took: 0.0001050 seconds
183.696: Application time: 0.0266890 seconds
183.696: [GC183.696: [DefNew: 65472K->5021K(65472K), 0.0132930 secs] 147518K->93783K(210744K), 0.0133370 secs] [Times: user=0.01 sys=0.00, real=0.01 secs] 
183.709: Total time for which application threads were stopped: 0.0135570 seconds, Stopping threads took: 0.0001290 seconds
183.734: Application time: 0.0241880 seconds
183.734: [GC183.734: [DefNew: 63261K->3776K(65472K), 0.0075880 secs] 152023K->96165K(210744K), 0.0076340 secs] [Times: user=0.00 sys=0.00, real=0.00 secs] 
183.742: Total time for which application threads were stopped: 0.0079960 seconds, Stopping threads took: 0.0002520 seconds
183.766: Application time: 0.0240070 seconds
183.766: [GC183.766: [DefNew: 62016K->3431K(65472K), 0.0057480 secs] 154405K->96967K(210744K), 0.0057860 secs] [Times: user=0.01 sys=0.00, real=0.00 secs] 
183.772: Total time for which application threads were stopped: 0.0059850 seconds, Stopping threads took: 0.0000950 seconds
183.794: Application time: 0.0219520 seconds
183.794: [GC183.794: [DefNew: 61671K->7074K(65472K), 0.0059630 secs] 155207K->100610K(210744K), 0.0060170 secs] [Times: user=0.01 sys=0.00, real=0.00 secs] 
183.800: Total time for which application threads were stopped: 0.0063740 seconds, Stopping threads took: 0.0002460 seconds
183.822: Application time: 0.0222150 seconds
183.823: [GC183.823: [DefNew: 65314K->7232K(65472K), 0.0142690 secs] 158850K->106665K(210744K), 0.0143100 secs] [Times: user=0.01 sys=0.00, real=0.02 secs] 
183.837: Total time for which application threads were stopped: 0.0146360 seconds, Stopping threads took: 0.0002160 seconds
183.859: Application time: 0.0225930 seconds
183.860: [GC183.860: [DefNew: 65472K->4518K(65472K), 0.0124530 secs] 164905K->110255K(210744K), 0.0124980 secs] [Times: user=0.01 sys=0.00, real=0.01 secs] 
183.872: Total time for which application threads were stopped: 0.0127570 seconds, Stopping threads took: 0.0001460 seconds
183.895: Application time: 0.0223820 seconds
183.895: [GC183.895: [DefNew: 62758K->4169K(65472K), 0.0077010 secs] 168495K->114050K(210744K), 0.0077450 secs] [Times: user=0.01 sys=0.00, real=0.00 secs] 
183.903: Total time for which application threads were stopped: 0.0080420 seconds, Stopping threads took: 0.0001850 seconds
183.925: Application time: 0.0224590 seconds
183.925: [GC183.925: [DefNew: 62409K->5191K(65472K), 0.0089250 secs] 172290K->117700K(210744K), 0.0089700 secs] [Times: user=0.01 sys=0.00, real=0.01 secs] 
183.934: Total time for which application threads were stopped: 0.0093520 seconds, Stopping threads took: 0.0002710 seconds
183.959: Application time: 0.0242250 seconds
183.959: [GC183.959: [DefNew: 63431K->7232K(65472K), 0.0184270 secs] 175940K->130458K(210744K), 0.0184690 secs] [Times: user=0.02 sys=0.00, real=0.02 secs] 
183.977: Total time for which application threads were stopped: 0.0186330 seconds, Stopping threads took: 0.0000730 seconds
184.004: Application time: 0.0264580 seconds
184.004: [GC184.004: [DefNew: 65472K->7232K(65472K), 0.0241200 secs] 188698K->141812K(210744K), 0.0241640 secs] [Times: user=0.02 sys=0.00, real=0.03 secs] 
184.028: Total time for which application threads were stopped: 0.0243970 seconds, Stopping threads took: 0.0001420 seconds
184.057: Application time: 0.0289590 seconds
184.057: [GC184.057: [DefNew: 65472K->7232K(65472K), 0.0160620 secs] 200052K->149246K(210744K), 0.0161070 secs] [Times: user=0.02 sys=0.00, real=0.02 secs] 
184.073: Total time for which application threads were stopped: 0.0163290 seconds, Stopping threads took: 0.0001330 seconds
184.101: Application time: 0.0275570 seconds
184.101: [GC184.101: [DefNew: 65472K->7232K(65472K), 0.0143820 secs]184.116: [Tenured: 146968K->76836K(147000K), 0.1162860 secs] 207486K->76836K(212472K), [Perm : 8873K->8873K(21248K)], 0.1308210 secs] [Times: user=0.13 sys=0.00, real=0.13 secs] 
184.232: Total time for which application threads were stopped: 0.1311340 seconds, Stopping threads took: 0.0002260 seconds
184.259: Application time: 0.0265110 seconds
184.259: [GC184.259: [DefNew: 58240K->7231K(65472K), 0.0160060 secs] 135076K->90454K(210744K), 0.0160540 secs] [Times: user=0.02 sys=0.00, real=0.02 secs] 
184.275: Total time for which application threads were stopped: 0.0162670 seconds, Stopping threads took: 0.0001140 seconds
184.304: Application time: 0.0291110 seconds
184.304: [GC184.304: [DefNew: 65471K->7231K(65472K), 0.0217500 secs] 148694K->97652K(210744K), 0.0217940 secs] [Times: user=0.03 sys=0.00, real=0.03 secs] 
184.326: Total time for which application threads were stopped: 0.0220360 seconds, Stopping threads took: 0.0001510 seconds
184.352: Application time: 0.0262720 seconds
184.353: [GC184.353: [DefNew: 65471K->3046K(65472K), 0.0089210 secs] 155892K->99493K(210744K), 0.0089650 secs] [Times: user=0.00 sys=0.00, real=0.00 secs] 
184.362: Total time for which application threads were stopped: 0.0091410 seconds, Stopping threads took: 0.0000850 seconds
184.386: Application time: 0.0240670 seconds
184.386: [GC184.386: [DefNew: 61286K->3776K(65472K), 0.0046060 secs] 157733K->100222K(210744K), 0.0046430 secs] [Times: user=0.00 sys=0.00, real=0.00 secs] 
184.390: Total time for which application threads were stopped: 0.0048450 seconds, Stopping threads took: 0.0001060 seconds
184.413: Application time: 0.0225360 seconds
184.413: [GC184.413: [DefNew: 62016K->5941K(65472K), 0.0074800 secs] 158462K->103368K(210744K), 0.0075240 secs] [Times: user=0.01 sys=0.00, real=0.00 secs] 
184.421: Total time for which application threads were stopped: 0.0077640 seconds, Stopping threads took: 0.0001470 seconds
184.443: Application time: 0.0226280 seconds
184.444: [GC184.444: [DefNew: 64181K->5834K(65472K), 0.0086920 secs] 161608K->106249K(210744K), 0.0087350 secs] [Times: user=0.01 sys=0.00, real=0.01 secs] 
184.452: Total time for which application threads were stopped: 0.0090020 seconds, Stopping threads took: 0.0001720 seconds
184.475: Application time: 0.0222630 seconds
184.475: [GC184.475: [DefNew: 64074K->7062K(65472K), 0.0108410 secs] 164489K->112354K(210744K), 0.0108830 secs] [Times: user=0.01 sys=0.00, real=0.01 secs] 
184.486: Total time for which application threads were stopped: 0.0110420 seconds, Stopping threads took: 0.0000680 seconds
184.508: Application time: 0.0224710 seconds
184.508: [GC184.508: [DefNew: 65302K->2980K(65472K), 0.0091260 secs] 170594K->114459K(210744K), 0.0091710 secs] [Times: user=0.01 sys=0.00, real=0.01 secs] 
184.517: Total time for which application threads were stopped: 0.0093490 seconds, Stopping threads took: 0.0000800 seconds
184.540: Application time: 0.0226210 seconds
184.540: [GC184.540: [DefNew: 61220K->7231K(65472K), 0.0060650 secs] 172699K->119066K(210744K), 0.0061080 secs] [Times: user=0.01 sys=0.00, real=0.01 secs] 
184.546: Total time for which application threads were stopped: 0.0063090 seconds, Stopping threads took: 0.0001080 seconds
184.569: Application time: 0.0223780 seconds
184.569: [GC184.569: [DefNew: 65471K->7231K(65472K), 0.0123440 secs] 177306K->124658K(210744K), 0.0123850 secs] [Times: user=0.02 sys=0.00, real=0.01 secs] 
184.581: Total time for which application threads were stopped: 0.0125780 seconds, Stopping threads took: 0.0001030 seconds
184.607: Application time: 0.0253450 seconds
184.607: [GC184.607: [DefNew: 65471K->7232K(65472K), 0.0215140 secs] 182898K->136391K(210744K), 0.0215580 secs] [Times: user=0.02 sys=0.00, real=0.02 secs] 
184.629: Total time for which application threads were stopped: 0.0219220 seconds, Stopping threads took: 0.0002580 seconds
184.656: Application time: 0.0276180 seconds
184.656: [GC184.656: [DefNew: 65472K->7231K(65472K), 0.0204290 secs] 194631K->146002K(210744K), 0.0204740 secs] [Times: user=0.02 sys=0.00, real=0.02 secs] 
184.677: Total time for which application threads were stopped: 0.0206210 seconds, Stopping threads took: 0.0000540 seconds
184.705: Application time: 0.0279570 seconds
184.705: [GC184.705: [DefNew: 65471K->6256K(65472K), 0.0140360 secs]184.719: [Tenured: 145635K->77888K(145656K), 0.1195160 secs] 204242K->77888K(211128K), [Perm : 8873K->8873K(21248K)], 0.1336460 secs] [Times: user=0.13 sys=0.00, real=0.13 secs] 
184.839: Total time for which application threads were stopped: 0.1338410 seconds, Stopping threads took: 0.0001070 seconds
184.866: Application time: 0.0272470 seconds
184.866: [GC184.866: [DefNew: 58240K->7231K(65472K), 0.0153190 secs] 136128K->90585K(210744K), 0.0153660 secs] [Times: user=0.01 sys=0.00, real=0.01 secs] 
184.882: Total time for which application threads were stopped: 0.0156880 seconds, Stopping threads took: 0.0002010 seconds
184.910: Application time: 0.0286870 seconds
184.911: [GC184.911: [DefNew: 65471K->7231K(65472K), 0.0258290 secs] 148825K->102404K(210744K), 0.0258740 secs] [Times: user=0.03 sys=0.00, real=0.03 secs] 
184.936: Total time for which application threads were stopped: 0.0261290 seconds, Stopping threads took: 0.0001550 seconds
184.965: Application time: 0.0281320 seconds
184.965: [GC184.965: [DefNew: 65471K->4831K(65472K), 0.0128850 secs] 160644K->106674K(210744K), 0.0129280 secs] [Times: user=0.01 sys=0.00, real=0.01 secs] 
184.978: Total time for which application threads were stopped: 0.0131850 seconds, Stopping threads took: 0.0001660 seconds
185.003: Application time: 0.0256070 seconds
185.004: [GC185.004: [DefNew: 63071K->3906K(65472K), 0.0075280 secs] 164914K->109179K(210744K), 0.0075790 secs] [Times: user=0.00 sys=0.00, real=0.01 secs] 
185.011: Total time for which application threads were stopped: 0.0077460 seconds, Stopping threads took: 0.0000770 seconds
185.035: Application time: 0.0234960 seconds
185.035: [GC185.035: [DefNew: 62146K->4704K(65472K), 0.0070520 secs] 167419K->111008K(210744K), 0.0070960 secs] [Times: user=0.01 sys=0.00, real=0.00 secs] 
185.042: Total time for which application threads were stopped: 0.0073250 seconds, Stopping threads took: 0.0001380 seconds
185.064: Application time: 0.0221020 seconds
185.064: [GC185.064: [DefNew: 62944K->2607K(65472K), 0.0047880 secs] 169248K->111754K(210744K), 0.0048290 secs] [Times: user=0.01 sys=0.00, real=0.01 secs] 
185.069: Total time for which application threads were stopped: 0.0050060 seconds, Stopping threads took: 0.0000890 seconds
185.092: Application time: 0.0227710 seconds
185.092: [GC185.092: [DefNew: 60847K->7231K(65472K), 0.0095160 secs] 169994K->118214K(210744K), 0.0095600 secs] [Times: user=0.01 sys=0.00, real=0.01 secs] 
185.102: Total time for which application threads were stopped: 0.0098150 seconds, Stopping threads took: 0.0001630 seconds
185.124: Application time: 0.0226710 seconds
185.125: [GC185.125: [DefNew: 65471K->5435K(65472K), 0.0131110 secs] 176454K->122872K(210744K), 0.0131570 secs] [Times: user=0.02 sys=0.00, real=0.01 secs] 
185.138: Total time for which application threads were stopped: 0.0133650 seconds, Stopping threads took: 0.0001090 seconds
185.160: Application time: 0.0222700 seconds
185.160: [GC185.160: [DefNew: 63675K->2278K(65472K), 0.0081660 secs] 181112K->124626K(210744K), 0.0082140 secs] [Times: user=0.01 sys=0.00, real=0.01 secs] 
185.168: Total time for which application threads were stopped: 0.0085180 seconds, Stopping threads took: 0.0002120 seconds
185.191: Application time: 0.0221650 seconds
185.191: [GC185.191: [DefNew: 60518K->6424K(65472K), 0.0066970 secs] 182866K->128771K(210744K), 0.0067410 secs] [Times: user=0.01 sys=0.00, real=0.01 secs] 
185.198: Total time for which application threads were stopped: 0.0071050 seconds, Stopping threads took: 0.0002580 seconds
185.220: Application time: 0.0225540 seconds
185.221: [GC185.221: [DefNew: 64664K->7231K(65472K), 0.0156610 secs] 187011K->136256K(210744K), 0.0157080 secs] [Times: user=0.01 sys=0.00, real=0.02 secs] 
185.236: Total time for which application threads were stopped: 0.0159260 seconds, Stopping threads took: 0.0001200 seconds
185.262: Application time: 0.0261580 seconds
185.263: [GC185.263: [DefNew: 65471K->7231K(65472K), 0.0285450 secs] 194496K->150669K(210744K), 0.0285900 secs] [Times: user=0.03 sys=0.00, real=0.03 secs] 
185.291: Total time for which application threads were stopped: 0.0289630 seconds, Stopping threads took: 0.0002650 seconds
185.320: Application time: 0.0283600 seconds
185.320: [GC185.320: [DefNew: 65471K->6684K(65472K), 0.0165050 secs]185.337: [Tenured: 149345K->83968K(149496K), 0.1196770 secs] 208909K->83968K(214968K), [Perm : 8873K->8873K(21248K)], 0.1364000 secs] [Times: user=0.13 sys=0.00, real=0.14 secs] 
185.456: Total time for which application threads were stopped: 0.1366680 seconds, Stopping threads took: 0.0001610 seconds
185.484: Application time: 0.0277800 seconds
185.484: [GC185.485: [DefNew: 58239K->7231K(65472K), 0.0103770 secs] 142208K->92686K(210744K), 0.0104220 secs] [Times: user=0.01 sys=0.00, real=0.01 secs] 
185.495: Total time for which application threads were stopped: 0.0107500 seconds, Stopping threads took: 0.0002210 seconds
185.522: Application time: 0.0267510 seconds
185.522: [GC185.522: [DefNew: 65471K->7232K(65472K), 0.0274480 secs] 150926K->105619K(210744K), 0.0274900 secs] [Times: user=0.02 sys=0.00, real=0.03 secs] 
185.549: Total time for which application threads were stopped: 0.0277810 seconds, Stopping threads took: 0.0001850 seconds
185.579: Application time: 0.0294790 seconds
185.579: [GC185.579: [DefNew: 65472K->7232K(65472K), 0.0227870 secs] 163859K->115229K(210744K), 0.0228380 secs] [Times: user=0.02 sys=0.00, real=0.02 secs] 
185.602: Total time for which application threads were stopped: 0.0230710 seconds, Stopping threads took: 0.0001230 seconds
185.629: Application time: 0.0273750 seconds
185.630: [GC185.630: [DefNew: 65472K->2313K(65472K), 0.0137570 secs] 173469K->117318K(210744K), 0.0138000 secs] [Times: user=0.02 sys=0.00, real=0.01 secs] 
185.643: Total time for which application threads were stopped: 0.0140900 seconds, Stopping threads took: 0.0001990 seconds
185.669: Application time: 0.0251420 seconds
185.669: [GC185.669: [DefNew: 60553K->4304K(65472K), 0.0043450 secs] 175558K->119309K(210744K), 0.0043770 secs] [Times: user=0.00 sys=0.00, real=0.01 secs] 
185.673: Total time for which application threads were stopped: 0.0045710 seconds, Stopping threads took: 0.0001080 seconds
185.696: Application time: 0.0226820 seconds
185.696: [GC185.696: [DefNew: 62544K->4825K(65472K), 0.0072890 secs] 177549K->120936K(210744K), 0.0073330 secs] [Times: user=0.01 sys=0.00, real=0.00 secs] 
185.703: Total time for which application threads were stopped: 0.0075610 seconds, Stopping threads took: 0.0001350 seconds
185.726: Application time: 0.0225180 seconds
185.726: [GC185.726: [DefNew: 63065K->5889K(65472K), 0.0074870 secs] 179176K->124974K(210744K), 0.0075310 secs] [Times: user=0.01 sys=0.00, real=0.01 secs] 
185.734: Total time for which application threads were stopped: 0.0077590 seconds, Stopping threads took: 0.0001340 seconds
185.757: Application time: 0.0229590 seconds
185.757: [GC185.757: [DefNew: 64129K->7108K(65472K), 0.0107570 secs] 183214K->131074K(210744K), 0.0107980 secs] [Times: user=0.01 sys=0.00, real=0.01 secs] 
185.768: Total time for which application threads were stopped: 0.0109440 seconds, Stopping threads took: 0.0000540 seconds
185.790: Application time: 0.0224300 seconds
185.790: [GC185.790: [DefNew: 65348K->2827K(65472K), 0.0082140 secs] 189314K->133081K(210744K), 0.0082540 secs] [Times: user=0.01 sys=0.00, real=0.01 secs] 
185.799: Total time for which application threads were stopped: 0.0085070 seconds, Stopping threads took: 0.0001620 seconds
185.820: Application time: 0.0216240 seconds
185.820: [GC185.820: [DefNew: 61067K->4602K(65472K), 0.0040080 secs] 191321K->134855K(210744K), 0.0040460 secs] [Times: user=0.00 sys=0.00, real=0.01 secs] 
185.824: Total time for which application threads were stopped: 0.0042650 seconds, Stopping threads took: 0.0001230 seconds
185.846: Application time: 0.0218450 seconds
185.846: [GC185.847: [DefNew: 62842K->7231K(65472K), 0.0105940 secs] 193095K->141308K(210744K), 0.0106390 secs] [Times: user=0.01 sys=0.00, real=0.01 secs] 
185.857: Total time for which application threads were stopped: 0.0108360 seconds, Stopping threads took: 0.0001050 seconds
185.880: Application time: 0.0229160 seconds
185.880: [GC185.880: [DefNew: 65471K->7231K(65472K), 0.0189140 secs] 199548K->151001K(210744K), 0.0189590 secs] [Times: user=0.02 sys=0.00, real=0.02 secs] 
185.899: Total time for which application threads were stopped: 0.0191600 seconds, Stopping threads took: 0.0001110 seconds
185.925: Application time: 0.0261800 seconds
185.926: [GC185.926: [DefNew: 65471K->7232K(65472K), 0.0279890 secs]185.954: [Tenured: 158167K->82342K(158328K), 0.1167500 secs] 209241K->82342K(223800K), [Perm : 8873K->8873K(21248K)], 0.1451760 secs] [Times: user=0.14 sys=0.01, real=0.14 secs] 
186.071: Total time for which application threads were stopped: 0.1454220 seconds, Stopping threads took: 0.0001500 seconds
186.099: Application time: 0.0283200 seconds
186.099: [GC186.099: [DefNew: 58240K->6196K(65472K), 0.0084370 secs] 140582K->88539K(210744K), 0.0084810 secs] [Times: user=0.01 sys=0.00, real=0.01 secs] 
186.108: Total time for which application threads were stopped: 0.0087700 seconds, Stopping threads took: 0.0001650 seconds
186.135: Application time: 0.0275010 seconds
186.136: [GC186.136: [DefNew: 64436K->7232K(65472K), 0.0137680 secs] 146779K->95414K(210744K), 0.0138130 secs] [Times: user=0.01 sys=0.00, real=0.01 secs] 
186.149: Total time for which application threads were stopped: 0.0140170 seconds, Stopping threads took: 0.0000840 seconds
186.178: Application time: 0.0283560 seconds
186.178: [GC186.178: [DefNew: 65472K->7232K(65472K), 0.0295650 secs] 153654K->108817K(210744K), 0.0296100 secs] [Times: user=0.03 sys=0.00, real=0.03 secs] 
186.208: Total time for which application threads were stopped: 0.0298090 seconds, Stopping threads took: 0.0001110 seconds
186.237: Application time: 0.0295030 seconds
186.237: [GC186.237: [DefNew: 65472K->6019K(65472K), 0.0164280 secs] 167057K->114466K(210744K), 0.0164700 secs] [Times: user=0.01 sys=0.00, real=0.02 secs] 
186.254: Total time for which application threads were stopped: 0.0166850 seconds, Stopping threads took: 0.0001250 seconds
186.279: Application time: 0.0256050 seconds
186.280: [GC186.280: [DefNew: 64259K->3837K(65472K), 0.0077340 secs] 172706K->116865K(210744K), 0.0077790 secs] [Times: user=0.01 sys=0.00, real=0.01 secs] 
186.287: Total time for which application threads were stopped: 0.0079900 seconds, Stopping threads took: 0.0001200 seconds
186.312: Application time: 0.0248180 seconds
186.312: [GC186.312: [DefNew: 62077K->5026K(65472K), 0.0072510 secs] 175105K->119084K(210744K), 0.0072980 secs] [Times: user=0.01 sys=0.00, real=0.00 secs] 
186.320: Total time for which application threads were stopped: 0.0075410 seconds, Stopping threads took: 0.0001470 seconds
186.343: Application time: 0.0229520 seconds
186.343: [GC186.343: [DefNew: 63266K->2961K(65472K), 0.0057590 secs] 177324K->119762K(210744K), 0.0058020 secs] [Times: user=0.01 sys=0.00, real=0.01 secs] 
186.349: Total time for which application threads were stopped: 0.0060700 seconds, Stopping threads took: 0.0001790 seconds
186.371: Application time: 0.0224430 seconds
186.371: [GC186.371: [DefNew: 61201K->7231K(65472K), 0.0078540 secs] 178002K->125101K(210744K), 0.0079010 secs] [Times: user=0.01 sys=0.00, real=0.01 secs] 
186.379: Total time for which application threads were stopped: 0.0081150 seconds, Stopping threads took: 0.0001250 seconds
186.403: Application time: 0.0232370 seconds
186.403: [GC186.403: [DefNew: 65471K->5948K(65472K), 0.0150490 secs] 183341K->130447K(210744K), 0.0150930 secs] [Times: user=0.02 sys=0.00, real=0.02 secs] 
186.418: Total time for which application threads were stopped: 0.0153440 seconds, Stopping threads took: 0.0001610 seconds
186.440: Application time: 0.0216450 seconds
186.440: [GC186.440: [DefNew: 64188K->2310K(65472K), 0.0081110 secs] 188687K->132224K(210744K), 0.0081520 secs] [Times: user=0.01 sys=0.00, real=0.01 secs] 
186.448: Total time for which application threads were stopped: 0.0084030 seconds, Stopping threads took: 0.0001610 seconds
186.470: Application time: 0.0216080 seconds
186.470: [GC186.470: [DefNew: 60550K->6104K(65472K), 0.0053520 secs] 190464K->136017K(210744K), 0.0053910 secs] [Times: user=0.01 sys=0.00, real=0.01 secs] 
186.475: Total time for which application threads were stopped: 0.0055560 seconds, Stopping threads took: 0.0000780 seconds
186.497: Application time: 0.0220060 seconds
186.497: [GC186.497: [DefNew: 64344K->6766K(65472K), 0.0108690 secs] 194257K->140346K(210744K), 0.0109150 secs] [Times: user=0.01 sys=0.00, real=0.01 secs] 
186.508: Total time for which application threads were stopped: 0.0111000 seconds, Stopping threads took: 0.0000920 seconds
186.532: Application time: 0.0233610 seconds
186.532: [GC186.532: [DefNew: 65006K->7232K(65472K), 0.0171890 secs] 198586K->150721K(210744K), 0.0172350 secs] [Times: user=0.02 sys=0.00, real=0.02 secs] 
186.549: Total time for which application threads were stopped: 0.0174410 seconds, Stopping threads took: 0.0001190 seconds
186.576: Application time: 0.0265210 seconds
186.576: [GC186.576: [DefNew: 65472K->7232K(65472K), 0.0236690 secs]186.599: [Tenured: 155475K->83348K(155640K), 0.1177950 secs] 208961K->83348K(221112K), [Perm : 8873K->8873K(21248K)], 0.1418390 secs] [Times: user=0.14 sys=0.00, real=0.14 secs] 
186.718: Total time for which application threads were stopped: 0.1420100 seconds, Stopping threads took: 0.0000830 seconds
186.746: Application time: 0.0286500 seconds
186.747: [GC186.747: [DefNew: 58240K->6800K(65472K), 0.0092800 secs] 141588K->90148K(210744K), 0.0093330 secs] [Times: user=0.01 sys=0.00, real=0.01 secs] 
186.756: Total time for which application threads were stopped: 0.0096860 seconds, Stopping threads took: 0.0002490 seconds
186.784: Application time: 0.0278850 seconds
186.784: [GC186.784: [DefNew: 65040K->7232K(65472K), 0.0195960 secs] 148388K->101871K(210744K), 0.0196400 secs] [Times: user=0.02 sys=0.00, real=0.02 secs] 
186.804: Total time for which application threads were stopped: 0.0198570 seconds, Stopping threads took: 0.0001250 seconds
186.833: Application time: 0.0293260 seconds
186.833: [GC186.833: [DefNew: 65472K->7231K(65472K), 0.0228830 secs] 160111K->111115K(210744K), 0.0229280 secs] [Times: user=0.03 sys=0.00, real=0.02 secs] 
186.856: Total time for which application threads were stopped: 0.0231370 seconds, Stopping threads took: 0.0001210 seconds
186.885: Application time: 0.0285130 seconds
186.885: [GC186.885: [DefNew: 65471K->6199K(65472K), 0.0144720 secs] 169355K->116855K(210744K), 0.0145170 secs] [Times: user=0.01 sys=0.00, real=0.01 secs] 
186.900: Total time for which application threads were stopped: 0.0147970 seconds, Stopping threads took: 0.0001900 seconds
186.925: Application time: 0.0251040 seconds
186.925: [GC186.925: [DefNew: 64439K->4317K(65472K), 0.0085100 secs] 175095K->119106K(210744K), 0.0085500 secs] [Times: user=0.01 sys=0.00, real=0.01 secs] 
186.933: Total time for which application threads were stopped: 0.0088600 seconds, Stopping threads took: 0.0002000 seconds
186.957: Application time: 0.0239230 seconds
186.958: [GC186.958: [DefNew: 62557K->4736K(65472K), 0.0072990 secs] 177346K->121426K(210744K), 0.0073420 secs] [Times: user=0.01 sys=0.00, real=0.01 secs] 
186.965: Total time for which application threads were stopped: 0.0075490 seconds, Stopping threads took: 0.0001160 seconds
186.987: Application time: 0.0223360 seconds
186.987: [GC186.988: [DefNew: 62976K->5031K(65472K), 0.0066580 secs] 179666K->124342K(210744K), 0.0067020 secs] [Times: user=0.00 sys=0.00, real=0.01 secs] 
186.994: Total time for which application threads were stopped: 0.0069370 seconds, Stopping threads took: 0.0001440 seconds
187.017: Application time: 0.0230230 seconds
187.017: [GC187.017: [DefNew: 63271K->6854K(65472K), 0.0111290 secs] 182582K->130141K(210744K), 0.0111750 secs] [Times: user=0.01 sys=0.00, real=0.01 secs] 
187.029: Total time for which application threads were stopped: 0.0113610 seconds, Stopping threads took: 0.0000740 seconds
187.051: Application time: 0.0228380 seconds
187.052: [GC187.052: [DefNew: 65094K->3370K(65472K), 0.0095220 secs] 188381K->132551K(210744K), 0.0095680 secs] [Times: user=0.01 sys=0.00, real=0.01 secs] 
187.061: Total time for which application threads were stopped: 0.0097950 seconds, Stopping threads took: 0.0001370 seconds
187.083: Application time: 0.0215380 seconds
187.083: [GC187.083: [DefNew: 61610K->4550K(65472K), 0.0040540 secs] 190791K->133730K(210744K), 0.0040960 secs] [Times: user=0.01 sys=0.00, real=0.01 secs] 
187.087: Total time for which application threads were stopped: 0.0043380 seconds, Stopping threads took: 0.0001500 seconds
187.108: Application time: 0.0213520 seconds
187.113: [GC187.113: [DefNew: 62790K->6948K(65472K), 0.0090080 secs] 191970K->139335K(210744K), 0.0090510 secs] [Times: user=0.01 sys=0.00, real=0.00 secs] 
187.122: Total time for which application threads were stopped: 0.0133500 seconds, Stopping threads took: 0.0041880 seconds
187.144: Application time: 0.0218470 seconds
187.144: [GC187.144: [DefNew: 65188K->7231K(65472K), 0.0108300 secs] 197575K->144008K(210744K), 0.0108760 secs] [Times: user=0.01 sys=0.00, real=0.02 secs] 
187.155: Total time for which application threads were stopped: 0.0111830 seconds, Stopping threads took: 0.0001980 seconds
187.179: Application time: 0.0236540 seconds
187.179: [GC187.179: [DefNew: 65471K->7232K(65472K), 0.0218560 secs]187.201: [Tenured: 149143K->71536K(149304K), 0.1160460 secs] 202248K->71536K(214776K), [Perm : 8873K->8873K(21248K)], 0.1381410 secs] [Times: user=0.14 sys=0.00, real=0.14 secs] 
187.317: Total time for which application threads were stopped: 0.1383440 seconds, Stopping threads took: 0.0000970 seconds
187.344: Application time: 0.0272140 seconds
187.344: [GC187.344: [DefNew: 58240K->7231K(65472K), 0.0122240 secs] 129776K->80260K(210744K), 0.0122660 secs] [Times: user=0.01 sys=0.00, real=0.02 secs] 
187.357: Total time for which application threads were stopped: 0.0126020 seconds, Stopping threads took: 0.0002310 seconds
187.385: Application time: 0.0280800 seconds
187.385: [GC187.385: [DefNew: 65471K->7231K(65472K), 0.0155050 secs] 138500K->87883K(210744K), 0.0155580 secs] [Times: user=0.01 sys=0.00, real=0.01 secs] 
187.401: Total time for which application threads were stopped: 0.0157500 seconds, Stopping threads took: 0.0001020 seconds
187.429: Application time: 0.0287480 seconds
187.429: [GC187.429: [DefNew: 65471K->7232K(65472K), 0.0271800 secs] 146123K->101189K(210744K), 0.0272240 secs] [Times: user=0.03 sys=0.00, real=0.03 secs] 
187.457: Total time for which application threads were stopped: 0.0274120 seconds, Stopping threads took: 0.0000990 seconds
187.487: Application time: 0.0302550 seconds
187.487: [GC187.487: [DefNew: 65472K->7230K(65472K), 0.0156630 secs] 159429K->107526K(210744K), 0.0157020 secs] [Times: user=0.02 sys=0.00, real=0.01 secs] 
187.503: Total time for which application threads were stopped: 0.0158700 seconds, Stopping threads took: 0.0000820 seconds
187.530: Application time: 0.0274020 seconds
187.530: [GC187.530: [DefNew: 65470K->4829K(65472K), 0.0106460 secs] 165766K->111016K(210744K), 0.0106910 secs] [Times: user=0.01 sys=0.00, real=0.01 secs] 
187.541: Total time for which application threads were stopped: 0.0109030 seconds, Stopping threads took: 0.0001220 seconds
187.566: Application time: 0.0248940 seconds
187.566: [GC187.566: [DefNew: 63069K->4607K(65472K), 0.0073830 secs] 169256K->112569K(210744K), 0.0074260 secs] [Times: user=0.00 sys=0.00, real=0.01 secs] 
187.574: Total time for which application threads were stopped: 0.0076400 seconds, Stopping threads took: 0.0001250 seconds
187.597: Application time: 0.0236480 seconds
187.597: [GC187.597: [DefNew: 62847K->2381K(65472K), 0.0048530 secs] 170809K->112877K(210744K), 0.0048940 secs] [Times: user=0.01 sys=0.00, real=0.00 secs] 
187.602: Total time for which application threads were stopped: 0.0050810 seconds, Stopping threads took: 0.0000960 seconds
187.625: Application time: 0.0227520 seconds
187.625: [GC187.625: [DefNew: 60621K->7079K(65472K), 0.0072920 secs] 171117K->117575K(210744K), 0.0073350 secs] [Times: user=0.01 sys=0.00, real=0.01 secs] 
187.633: Total time for which application threads were stopped: 0.0075880 seconds, Stopping threads took: 0.0001630 seconds
187.656: Application time: 0.0233310 seconds
187.656: [GC187.656: [DefNew: 65319K->6951K(65472K), 0.0114950 secs] 175815K->123604K(210744K), 0.0115370 secs] [Times: user=0.01 sys=0.00, real=0.01 secs] 
187.668: Total time for which application threads were stopped: 0.0117390 seconds, Stopping threads took: 0.0001110 seconds
187.690: Application time: 0.0219830 seconds
187.690: [GC187.690: [DefNew: 65191K->2728K(65472K), 0.0092920 secs] 181844K->125638K(210744K), 0.0093380 secs] [Times: user=0.01 sys=0.00, real=0.01 secs] 
187.699: Total time for which application threads were stopped: 0.0095300 seconds, Stopping threads took: 0.0001010 seconds
187.721: Application time: 0.0215680 seconds
187.721: [GC187.721: [DefNew: 60968K->3475K(65472K), 0.0032700 secs] 183878K->126385K(210744K), 0.0033020 secs] [Times: user=0.01 sys=0.00, real=0.00 secs] 
187.724: Total time for which application threads were stopped: 0.0034920 seconds, Stopping threads took: 0.0001090 seconds
187.746: Application time: 0.0213330 seconds
187.746: [GC187.746: [DefNew: 61715K->7232K(65472K), 0.0077690 secs] 184625K->131319K(210744K), 0.0078120 secs] [Times: user=0.01 sys=0.00, real=0.01 secs] 
187.754: Total time for which application threads were stopped: 0.0080640 seconds, Stopping threads took: 0.0001520 seconds
187.776: Application time: 0.0222060 seconds
187.776: [GC187.776: [DefNew: 65472K->7232K(65472K), 0.0213720 secs] 189559K->140688K(210744K), 0.0214150 secs] [Times: user=0.02 sys=0.00, real=0.02 secs] 
187.798: Total time for which application threads were stopped: 0.0217170 seconds, Stopping threads took: 0.0001950 seconds
187.823: Application time: 0.0248760 seconds
187.823: [GC187.823: [DefNew: 65472K->7232K(65472K), 0.0239880 secs]187.847: [Tenured: 146607K->73561K(146616K), 0.1126800 secs] 198928K->73561K(212088K), [Perm : 8873K->8873K(21248K)], 0.1367940 secs] [Times: user=0.13 sys=0.00, real=0.14 secs] 
187.960: Total time for which application threads were stopped: 0.1370110 seconds, Stopping threads took: 0.0001300 seconds
187.988: Application time: 0.0281250 seconds
187.988: [GC187.988: [DefNew: 58240K->6099K(65472K), 0.0071650 secs] 131801K->79661K(210744K), 0.0072110 secs] [Times: user=0.00 sys=0.00, real=0.01 secs] 
187.995: Total time for which application threads were stopped: 0.0074490 seconds, Stopping threads took: 0.0001370 seconds
188.024: Application time: 0.0291020 seconds
188.024: [GC188.024: [DefNew: 64339K->7231K(65472K), 0.0241000 secs] 137901K->94706K(210744K), 0.0241420 secs] [Times: user=0.02 sys=0.00, real=0.02 secs] 
188.049: Total time for which application threads were stopped: 0.0243440 seconds, Stopping threads took: 0.0001040 seconds
188.079: Application time: 0.0306500 seconds
188.080: [GC188.080: [DefNew: 65471K->7231K(65472K), 0.0230750 secs] 152946K->103933K(210744K), 0.0231180 secs] [Times: user=0.02 sys=0.00, real=0.02 secs] 
188.103: Total time for which application threads were stopped: 0.0234050 seconds, Stopping threads took: 0.0001790 seconds
188.132: Application time: 0.0293260 seconds
188.132: [GC188.132: [DefNew: 65471K->6487K(65472K), 0.0140710 secs] 162173K->110077K(210744K), 0.0141150 secs] [Times: user=0.02 sys=0.00, real=0.02 secs] 
188.146: Total time for which application threads were stopped: 0.0143560 seconds, Stopping threads took: 0.0001470 seconds
188.173: Application time: 0.0265780 seconds
188.173: [GC188.173: [DefNew: 64727K->5713K(65472K), 0.0103400 secs] 168317K->113693K(210744K), 0.0103850 secs] [Times: user=0.01 sys=0.00, real=0.00 secs] 
188.184: Total time for which application threads were stopped: 0.0106610 seconds, Stopping threads took: 0.0001660 seconds
188.209: Application time: 0.0251220 seconds
188.209: [GC188.209: [DefNew: 63953K->4213K(65472K), 0.0075690 secs] 171933K->114108K(210744K), 0.0076110 secs] [Times: user=0.01 sys=0.00, real=0.01 secs] 
188.217: Total time for which application threads were stopped: 0.0078910 seconds, Stopping threads took: 0.0001730 seconds
188.239: Application time: 0.0224010 seconds
188.239: [GC188.239: [DefNew: 62453K->3989K(65472K), 0.0061400 secs] 172348K->117538K(210744K), 0.0061840 secs] [Times: user=0.00 sys=0.00, real=0.01 secs] 
188.246: Total time for which application threads were stopped: 0.0065440 seconds, Stopping threads took: 0.0002500 seconds
188.269: Application time: 0.0229770 seconds
188.269: [GC188.269: [DefNew: 62229K->3290K(65472K), 0.0072230 secs] 175778K->119879K(210744K), 0.0072640 secs] [Times: user=0.01 sys=0.00, real=0.01 secs] 
188.276: Total time for which application threads were stopped: 0.0076310 seconds, Stopping threads took: 0.0002610 seconds
188.299: Application time: 0.0226030 seconds
188.299: [GC188.299: [DefNew: 61530K->7232K(65472K), 0.0083330 secs] 178119K->124953K(210744K), 0.0083790 secs] [Times: user=0.00 sys=0.00, real=0.01 secs] 
188.307: Total time for which application threads were stopped: 0.0086120 seconds, Stopping threads took: 0.0001410 seconds
188.329: Application time: 0.0212620 seconds
188.329: [GC188.329: [DefNew: 65472K->2426K(65472K), 0.0087900 secs] 183193K->126857K(210744K), 0.0088340 secs] [Times: user=0.01 sys=0.00, real=0.01 secs] 
188.338: Total time for which application threads were stopped: 0.0090600 seconds, Stopping threads took: 0.0001340 seconds
188.359: Application time: 0.0213240 seconds
188.359: [GC188.359: [DefNew: 60666K->4713K(65472K), 0.0043770 secs] 185097K->129144K(210744K), 0.0044230 secs] [Times: user=0.01 sys=0.00, real=0.00 secs] 
188.364: Total time for which application threads were stopped: 0.0046630 seconds, Stopping threads took: 0.0001560 seconds
188.385: Application time: 0.0210030 seconds
188.385: [GC188.385: [DefNew: 62953K->7231K(65472K), 0.0084770 secs] 187384K->133848K(210744K), 0.0085210 secs] [Times: user=0.01 sys=0.00, real=0.01 secs] 
188.393: Total time for which application threads were stopped: 0.0087100 seconds, Stopping threads took: 0.0000960 seconds
188.416: Application time: 0.0220980 seconds
188.416: [GC188.416: [DefNew: 65471K->7232K(65472K), 0.0221800 secs] 192088K->144938K(210744K), 0.0222250 secs] [Times: user=0.02 sys=0.00, real=0.02 secs] 
188.438: Total time for which application threads were stopped: 0.0224410 seconds, Stopping threads took: 0.0001250 seconds
188.464: Application time: 0.0260580 seconds
188.464: [GC188.464: [DefNew: 65472K->7232K(65472K), 0.0290370 secs]188.493: [Tenured: 150958K->76238K(151032K), 0.1255890 secs] 203178K->76238K(216504K), [Perm : 8873K->8873K(21248K)], 0.1549290 secs] [Times: user=0.15 sys=0.00, real=0.16 secs] 
188.619: Total time for which application threads were stopped: 0.1551390 seconds, Stopping threads took: 0.0001230 seconds
188.647: Application time: 0.0276270 seconds
188.647: [GC188.647: [DefNew: 58240K->7231K(65472K), 0.0098020 secs] 134478K->85228K(210744K), 0.0098450 secs] [Times: user=0.01 sys=0.00, real=0.01 secs] 
188.657: Total time for which application threads were stopped: 0.0101480 seconds, Stopping threads took: 0.0002030 seconds
188.686: Application time: 0.0289030 seconds
188.686: [GC188.686: [DefNew: 65471K->7232K(65472K), 0.0248830 secs] 143468K->99199K(210744K), 0.0249260 secs] [Times: user=0.02 sys=0.00, real=0.02 secs] 
188.711: Total time for which application threads were stopped: 0.0252490 seconds, Stopping threads took: 0.0002330 seconds
188.743: Application time: 0.0314020 seconds
188.743: [GC188.743: [DefNew: 65472K->7232K(65472K), 0.0319990 secs] 157439K->110169K(210744K), 0.0320430 secs] [Times: user=0.03 sys=0.00, real=0.04 secs] 
188.775: Total time for which application threads were stopped: 0.0322380 seconds, Stopping threads took: 0.0001070 seconds
188.803: Application time: 0.0280110 seconds
188.803: [GC188.803: [DefNew: 65472K->5991K(65472K), 0.0187020 secs] 168409K->115995K(210744K), 0.0187470 secs] [Times: user=0.02 sys=0.00, real=0.02 secs] 
188.822: Total time for which application threads were stopped: 0.0189600 seconds, Stopping threads took: 0.0001240 seconds
188.847: Application time: 0.0253940 seconds
188.847: [GC188.847: [DefNew: 64231K->2858K(65472K), 0.0064680 secs] 174235K->118040K(210744K), 0.0065110 secs] [Times: user=0.01 sys=0.00, real=0.01 secs] 
188.854: Total time for which application threads were stopped: 0.0067500 seconds, Stopping threads took: 0.0001460 seconds
188.878: Application time: 0.0243220 seconds
188.878: [GC188.878: [DefNew: 61098K->5221K(65472K), 0.0067100 secs] 176280K->120403K(210744K), 0.0067500 secs] [Times: user=0.01 sys=0.00, real=0.01 secs] 
188.885: Total time for which application threads were stopped: 0.0069880 seconds, Stopping threads took: 0.0001540 seconds
188.908: Application time: 0.0231300 seconds
188.909: [GC188.909: [DefNew: 63461K->7232K(65472K), 0.0086180 secs] 178643K->124744K(210744K), 0.0086590 secs] [Times: user=0.01 sys=0.00, real=0.01 secs] 
188.917: Total time for which application threads were stopped: 0.0088560 seconds, Stopping threads took: 0.0001060 seconds
188.940: Application time: 0.0232690 seconds
188.941: [GC188.941: [DefNew: 65472K->4966K(65472K), 0.0113580 secs] 182984K->129063K(210744K), 0.0114020 secs] [Times: user=0.02 sys=0.00, real=0.01 secs] 
188.952: Total time for which application threads were stopped: 0.0116080 seconds, Stopping threads took: 0.0001140 seconds
188.974: Application time: 0.0217770 seconds
188.974: [GC188.974: [DefNew: 63206K->3709K(65472K), 0.0078250 secs] 187303K->132015K(210744K), 0.0078670 secs] [Times: user=0.01 sys=0.00, real=0.00 secs] 
188.982: Total time for which application threads were stopped: 0.0080650 seconds, Stopping threads took: 0.0001070 seconds
189.005: Application time: 0.0230630 seconds
189.005: [GC189.005: [DefNew: 61949K->2820K(65472K), 0.0060460 secs] 190255K->133862K(210744K), 0.0060900 secs] [Times: user=0.01 sys=0.00, real=0.00 secs] 
189.011: Total time for which application threads were stopped: 0.0062820 seconds, Stopping threads took: 0.0001000 seconds
189.033: Application time: 0.0212920 seconds
189.033: [GC189.033: [DefNew: 61060K->4006K(65472K), 0.0040510 secs] 192102K->135047K(210744K), 0.0040910 secs] [Times: user=0.00 sys=0.00, real=0.00 secs] 
189.037: Total time for which application threads were stopped: 0.0043400 seconds, Stopping threads took: 0.0001610 seconds
189.057: Application time: 0.0202020 seconds
189.057: [GC189.057: [DefNew: 62246K->7231K(65472K), 0.0084600 secs] 193287K->140052K(210744K), 0.0085030 secs] [Times: user=0.00 sys=0.00, real=0.01 secs] 
189.066: Total time for which application threads were stopped: 0.0087840 seconds, Stopping threads took: 0.0001920 seconds
189.088: Application time: 0.0218830 seconds
189.088: [GC189.088: [DefNew: 65471K->7232K(65472K), 0.0187770 secs] 198292K->150379K(210744K), 0.0188180 secs] [Times: user=0.02 sys=0.00, real=0.02 secs] 
189.107: Total time for which application threads were stopped: 0.0190210 seconds, Stopping threads took: 0.0001130 seconds
189.132: Application time: 0.0254480 seconds
189.132: [GC189.132: [DefNew: 65472K->7232K(65472K), 0.0252180 secs]189.158: [Tenured: 154152K->82507K(154296K), 0.1280820 secs] 208619K->82507K(219768K), [Perm : 8873K->8873K(21248K)], 0.1537010 secs] [Times: user=0.16 sys=0.00, real=0.15 secs] 
189.286: Total time for which application threads were stopped: 0.1539070 seconds, Stopping threads took: 0.0001090 seconds
189.316: Application time: 0.0293430 seconds
189.316: [GC189.316: [DefNew: 58240K->7232K(65472K), 0.0134150 secs] 140747K->94761K(210744K), 0.0134610 secs] [Times: user=0.01 sys=0.00, real=0.01 secs] 
189.329: Total time for which application threads were stopped: 0.0137900 seconds, Stopping threads took: 0.0002250 seconds
189.360: Application time: 0.0306310 seconds
189.360: [GC189.360: [DefNew: 65472K->7231K(65472K), 0.0198800 secs] 153001K->103675K(210744K), 0.0199270 secs] [Times: user=0.02 sys=0.00, real=0.02 secs] 
189.380: Total time for which application threads were stopped: 0.0201780 seconds, Stopping threads took: 0.0001610 seconds
189.410: Application time: 0.0296680 seconds
189.410: [GC189.410: [DefNew: 65471K->7231K(65472K), 0.0169330 secs] 161915K->112910K(210744K), 0.0169760 secs] [Times: user=0.02 sys=0.00, real=0.02 secs] 
189.427: Total time for which application threads were stopped: 0.0171240 seconds, Stopping threads took: 0.0000530 seconds
189.455: Application time: 0.0283200 seconds
189.455: [GC189.455: [DefNew: 65471K->7231K(65472K), 0.0192980 secs] 171150K->119914K(210744K), 0.0193440 secs] [Times: user=0.01 sys=0.00, real=0.02 secs] 
189.475: Total time for which application threads were stopped: 0.0195260 seconds, Stopping threads took: 0.0000730 seconds
189.501: Application time: 0.0263610 seconds
189.501: [GC189.501: [DefNew: 65471K->6879K(65472K), 0.0133400 secs] 178154K->126297K(210744K), 0.0133870 secs] [Times: user=0.02 sys=0.00, real=0.02 secs] 
189.515: Total time for which application threads were stopped: 0.0135820 seconds, Stopping threads took: 0.0001040 seconds
189.539: Application time: 0.0245790 seconds
189.540: [GC189.540: [DefNew: 65119K->4264K(65472K), 0.0104940 secs] 184537K->129379K(210744K), 0.0105370 secs] [Times: user=0.01 sys=0.00, real=0.01 secs] 
189.550: Total time for which application threads were stopped: 0.0108570 seconds, Stopping threads took: 0.0002090 seconds
189.574: Application time: 0.0241760 seconds
189.575: [GC189.575: [DefNew: 62504K->1035K(65472K), 0.0050810 secs] 187619K->129914K(210744K), 0.0051200 secs] [Times: user=0.00 sys=0.00, real=0.00 secs] 
189.580: Total time for which application threads were stopped: 0.0054220 seconds, Stopping threads took: 0.0001850 seconds
189.603: Application time: 0.0229980 seconds
189.603: [GC189.603: [DefNew: 59275K->6645K(65472K), 0.0076380 secs] 188154K->135523K(210744K), 0.0076810 secs] [Times: user=0.01 sys=0.00, real=0.01 secs] 
189.611: Total time for which application threads were stopped: 0.0078600 seconds, Stopping threads took: 0.0000900 seconds
189.632: Application time: 0.0217200 seconds
189.633: [GC189.633: [DefNew: 64885K->4045K(65472K), 0.0099100 secs] 193763K->138208K(210744K), 0.0099530 secs] [Times: user=0.01 sys=0.00, real=0.00 secs] 
189.643: Total time for which application threads were stopped: 0.0103210 seconds, Stopping threads took: 0.0002590 seconds
189.664: Application time: 0.0217230 seconds
189.665: [GC189.665: [DefNew: 62285K->2537K(65472K), 0.0046570 secs] 196448K->138963K(210744K), 0.0046960 secs] [Times: user=0.01 sys=0.00, real=0.00 secs] 
189.669: Total time for which application threads were stopped: 0.0048430 seconds, Stopping threads took: 0.0000620 seconds
189.690: Application time: 0.0207130 seconds
189.690: [GC189.690: [DefNew: 60777K->2918K(65472K), 0.0035570 secs] 197203K->139344K(210744K), 0.0035910 secs] [Times: user=0.00 sys=0.00, real=0.01 secs] 
189.694: Total time for which application threads were stopped: 0.0038200 seconds, Stopping threads took: 0.0001440 seconds
189.714: Application time: 0.0204850 seconds
189.715: [GC189.715: [DefNew: 61158K->7231K(65472K), 0.0089060 secs] 197584K->145532K(210744K), 0.0089490 secs] [Times: user=0.01 sys=0.00, real=0.00 secs] 
189.724: Total time for which application threads were stopped: 0.0092270 seconds, Stopping threads took: 0.0001700 seconds
189.747: Application time: 0.0230440 seconds
189.747: [GC189.747: [DefNew: 65471K->7232K(65472K), 0.0265610 secs]189.773: [Tenured: 152346K->75954K(152376K), 0.1143730 secs] 203772K->75954K(217848K), [Perm : 8873K->8873K(21248K)], 0.1412310 secs] [Times: user=0.14 sys=0.00, real=0.14 secs] 
189.888: Total time for which application threads were stopped: 0.1414010 seconds, Stopping threads took: 0.0000820 seconds
189.914: Application time: 0.0258770 seconds
189.914: [GC189.914: [DefNew: 58240K->7231K(65472K), 0.0108490 secs] 134194K->84605K(210744K), 0.0108920 secs] [Times: user=0.01 sys=0.00, real=0.01 secs] 
189.925: Total time for which application threads were stopped: 0.0111500 seconds, Stopping threads took: 0.0001520 seconds
189.956: Application time: 0.0305600 seconds
189.956: [GC189.956: [DefNew: 65471K->7231K(65472K), 0.0217990 secs] 142845K->97905K(210744K), 0.0218440 secs] [Times: user=0.02 sys=0.00, real=0.02 secs] 
189.978: Total time for which application threads were stopped: 0.0221010 seconds, Stopping threads took: 0.0001590 seconds
190.007: Application time: 0.0298100 seconds
190.008: [GC190.008: [DefNew: 65471K->7231K(65472K), 0.0206360 secs] 156145K->107300K(210744K), 0.0206810 secs] [Times: user=0.02 sys=0.00, real=0.02 secs] 
190.028: Total time for which application threads were stopped: 0.0209240 seconds, Stopping threads took: 0.0001560 seconds
190.058: Application time: 0.0293660 seconds
190.058: [GC190.058: [DefNew: 65471K->7231K(65472K), 0.0192520 secs] 165540K->116216K(210744K), 0.0192930 secs] [Times: user=0.02 sys=0.00, real=0.02 secs] 
190.077: Total time for which application threads were stopped: 0.0194740 seconds, Stopping threads took: 0.0000890 seconds
190.105: Application time: 0.0275890 seconds
190.105: [GC190.105: [DefNew: 65471K->7231K(65472K), 0.0173380 secs] 174456K->123516K(210744K), 0.0173800 secs] [Times: user=0.02 sys=0.00, real=0.01 secs] 
190.122: Total time for which application threads were stopped: 0.0175740 seconds, Stopping threads took: 0.0001030 seconds
190.150: Application time: 0.0271780 seconds
190.150: [GC190.150: [DefNew: 65471K->7232K(65472K), 0.0157170 secs] 181756K->129355K(210744K), 0.0157600 secs] [Times: user=0.02 sys=0.00, real=0.02 secs] 
190.166: Total time for which application threads were stopped: 0.0160800 seconds, Stopping threads took: 0.0002130 seconds
190.191: Application time: 0.0252700 seconds
190.191: [GC190.191: [DefNew: 65472K->1322K(65472K), 0.0099480 secs] 187595K->130072K(210744K), 0.0100000 secs] [Times: user=0.01 sys=0.00, real=0.01 secs] 
190.201: Total time for which application threads were stopped: 0.0103140 seconds, Stopping threads took: 0.0002020 seconds
190.225: Application time: 0.0238050 seconds
190.225: [GC190.225: [DefNew: 59562K->6041K(65472K), 0.0055790 secs] 188312K->134791K(210744K), 0.0056230 secs] [Times: user=0.00 sys=0.00, real=0.00 secs] 
190.231: Total time for which application threads were stopped: 0.0059250 seconds, Stopping threads took: 0.0001940 seconds
190.253: Application time: 0.0223850 seconds
190.254: [GC190.254: [DefNew: 64281K->5408K(65472K), 0.0097120 secs] 193031K->138548K(210744K), 0.0097570 secs] [Times: user=0.01 sys=0.00, real=0.00 secs] 
190.263: Total time for which application threads were stopped: 0.0100520 seconds, Stopping threads took: 0.0001940 seconds
190.286: Application time: 0.0224950 seconds
190.286: [GC190.286: [DefNew: 63648K->1679K(65472K), 0.0051150 secs] 196788K->138501K(210744K), 0.0051590 secs] [Times: user=0.01 sys=0.00, real=0.00 secs] 
190.291: Total time for which application threads were stopped: 0.0053790 seconds, Stopping threads took: 0.0001110 seconds
190.313: Application time: 0.0214970 seconds
190.313: [GC190.313: [DefNew: 59919K->2924K(65472K), 0.0031250 secs] 196741K->139746K(210744K), 0.0031600 secs] [Times: user=0.00 sys=0.00, real=0.00 secs] 
190.316: Total time for which application threads were stopped: 0.0033900 seconds, Stopping threads took: 0.0001370 seconds
190.336: Application time: 0.0198740 seconds
190.336: [GC190.336: [DefNew: 61164K->4333K(65472K), 0.0037200 secs] 197986K->141156K(210744K), 0.0037630 secs] [Times: user=0.00 sys=0.00, real=0.00 secs] 
190.340: Total time for which application threads were stopped: 0.0040170 seconds, Stopping threads took: 0.0001670 seconds
190.361: Application time: 0.0210730 seconds
190.361: [GC190.361: [DefNew: 62573K->7231K(65472K), 0.0117560 secs] 199396K->149084K(210744K), 0.0118000 secs] [Times: user=0.01 sys=0.00, real=0.02 secs] 
190.373: Total time for which application threads were stopped: 0.0120320 seconds, Stopping threads took: 0.0001410 seconds
190.396: Application time: 0.0227350 seconds
190.396: [GC190.396: [DefNew: 65471K->7232K(65472K), 0.0217080 secs]190.418: [Tenured: 153325K->77880K(153336K), 0.1178330 secs] 207324K->77880K(218808K), [Perm : 8873K->8873K(21248K)], 0.1398650 secs] [Times: user=0.14 sys=0.00, real=0.14 secs] 
190.536: Total time for which application threads were stopped: 0.1400780 seconds, Stopping threads took: 0.0001050 seconds
190.563: Application time: 0.0269880 seconds
190.563: [GC190.563: [DefNew: 58240K->7232K(65472K), 0.0170200 secs] 136120K->92298K(210744K), 0.0170660 secs] [Times: user=0.02 sys=0.00, real=0.02 secs] 
190.580: Total time for which application threads were stopped: 0.0173130 seconds, Stopping threads took: 0.0001480 seconds
190.611: Application time: 0.0305810 seconds
190.611: [GC190.611: [DefNew: 65472K->7232K(65472K), 0.0224150 secs] 150538K->101961K(210744K), 0.0224580 secs] [Times: user=0.02 sys=0.00, real=0.03 secs] 
190.634: Total time for which application threads were stopped: 0.0226900 seconds, Stopping threads took: 0.0001410 seconds
190.663: Application time: 0.0295070 seconds
190.663: [GC190.663: [DefNew: 65472K->7231K(65472K), 0.0195560 secs] 160201K->110326K(210744K), 0.0196020 secs] [Times: user=0.02 sys=0.00, real=0.02 secs] 
190.683: Total time for which application threads were stopped: 0.0199560 seconds, Stopping threads took: 0.0002440 seconds
190.712: Application time: 0.0288560 seconds
190.712: [GC190.712: [DefNew: 65471K->7231K(65472K), 0.0236920 secs] 168566K->119766K(210744K), 0.0237360 secs] [Times: user=0.02 sys=0.00, real=0.03 secs] 
190.736: Total time for which application threads were stopped: 0.0240730 seconds, Stopping threads took: 0.0002300 seconds
190.764: Application time: 0.0282440 seconds
190.764: [GC190.764: [DefNew: 65471K->7232K(65472K), 0.0183910 secs] 178006K->130114K(210744K), 0.0184410 secs] [Times: user=0.02 sys=0.00, real=0.02 secs] 
190.783: Total time for which application threads were stopped: 0.0186070 seconds, Stopping threads took: 0.0000760 seconds
190.810: Application time: 0.0271660 seconds
190.810: [GC190.810: [DefNew: 65472K->3269K(65472K), 0.0105190 secs] 188354K->132608K(210744K), 0.0105620 secs] [Times: user=0.01 sys=0.00, real=0.01 secs] 
190.821: Total time for which application threads were stopped: 0.0107580 seconds, Stopping threads took: 0.0000940 seconds
190.846: Application time: 0.0250090 seconds
190.846: [GC190.846: [DefNew: 61509K->6182K(65472K), 0.0058090 secs] 190848K->135521K(210744K), 0.0058500 secs] [Times: user=0.01 sys=0.00, real=0.00 secs] 
190.852: Total time for which application threads were stopped: 0.0060900 seconds, Stopping threads took: 0.0001320 seconds
190.876: Application time: 0.0236470 seconds
190.876: [GC190.876: [DefNew: 64422K->7231K(65472K), 0.0117680 secs] 193761K->140137K(210744K), 0.0118140 secs] [Times: user=0.01 sys=0.00, real=0.01 secs] 
190.888: Total time for which application threads were stopped: 0.0119960 seconds, Stopping threads took: 0.0000930 seconds
190.910: Application time: 0.0229710 seconds
190.911: [GC190.911: [DefNew: 65471K->3604K(65472K), 0.0112760 secs] 198377K->142234K(210744K), 0.0113230 secs] [Times: user=0.01 sys=0.00, real=0.01 secs] 
190.922: Total time for which application threads were stopped: 0.0115440 seconds, Stopping threads took: 0.0001300 seconds
190.944: Application time: 0.0221190 seconds
190.944: [GC190.944: [DefNew: 61844K->3590K(65472K), 0.0045000 secs] 200474K->142219K(210744K), 0.0045330 secs] [Times: user=0.00 sys=0.00, real=0.01 secs] 
190.949: Total time for which application threads were stopped: 0.0047220 seconds, Stopping threads took: 0.0001040 seconds
190.969: Application time: 0.0202670 seconds
190.969: [GC190.969: [DefNew: 61830K->3632K(65472K), 0.0040560 secs] 200459K->142262K(210744K), 0.0040950 secs] [Times: user=0.00 sys=0.00, real=0.01 secs] 
190.973: Total time for which application threads were stopped: 0.0042850 seconds, Stopping threads took: 0.0001040 seconds
190.993: Application time: 0.0199150 seconds
190.994: [GC190.994: [DefNew: 61872K->5056K(65472K), 0.0062100 secs] 200502K->145220K(210744K), 0.0062530 secs] [Times: user=0.01 sys=0.00, real=0.00 secs] 
191.000: Total time for which application threads were stopped: 0.0064530 seconds, Stopping threads took: 0.0001110 seconds
191.021: Application time: 0.0212560 seconds
191.021: [GC191.021: [DefNew: 63296K->7232K(65472K), 0.0170460 secs]191.038: [Tenured: 147761K->79104K(147768K), 0.1239410 secs] 203460K->79104K(213240K), [Perm : 8873K->8873K(21248K)], 0.1411720 secs] [Times: user=0.14 sys=0.00, real=0.14 secs] 
191.163: Total time for which application threads were stopped: 0.1414300 seconds, Stopping threads took: 0.0001700 seconds
191.186: Application time: 0.0231390 seconds
191.186: [GC191.186: [DefNew: 58240K->7232K(65472K), 0.0102850 secs] 137344K->87211K(210744K), 0.0103280 secs] [Times: user=0.01 sys=0.00, real=0.01 secs] 
191.196: Total time for which application threads were stopped: 0.0106290 seconds, Stopping threads took: 0.0001770 seconds
191.225: Application time: 0.0285530 seconds
191.225: [GC191.225: [DefNew: 65472K->7231K(65472K), 0.0244130 secs] 145451K->103384K(210744K), 0.0244570 secs] [Times: user=0.02 sys=0.00, real=0.02 secs] 
191.250: Total time for which application threads were stopped: 0.0246910 seconds, Stopping threads took: 0.0001440 seconds
191.279: Application time: 0.0296480 seconds
191.279: [GC191.279: [DefNew: 65471K->7232K(65472K), 0.0199200 secs] 161624K->110805K(210744K), 0.0199640 secs] [Times: user=0.02 sys=0.00, real=0.02 secs] 
191.299: Total time for which application threads were stopped: 0.0202860 seconds, Stopping threads took: 0.0002140 seconds
191.329: Application time: 0.0296660 seconds
191.329: [GC191.329: [DefNew: 65472K->7232K(65472K), 0.0162600 secs] 169045K->117088K(210744K), 0.0163040 secs] [Times: user=0.01 sys=0.00, real=0.02 secs] 
191.346: Total time for which application threads were stopped: 0.0165100 seconds, Stopping threads took: 0.0001070 seconds
191.374: Application time: 0.0278940 seconds
191.374: [GC191.374: [DefNew: 65472K->7232K(65472K), 0.0252300 secs] 175328K->128583K(210744K), 0.0252750 secs] [Times: user=0.02 sys=0.00, real=0.02 secs] 
191.399: Total time for which application threads were stopped: 0.0256300 seconds, Stopping threads took: 0.0002470 seconds
191.428: Application time: 0.0292290 seconds
191.429: [GC191.429: [DefNew: 65472K->7232K(65472K), 0.0234740 secs] 186823K->138486K(210744K), 0.0235190 secs] [Times: user=0.03 sys=0.00, real=0.02 secs] 
191.452: Total time for which application threads were stopped: 0.0238460 seconds, Stopping threads took: 0.0002170 seconds
191.478: Application time: 0.0257780 seconds
191.478: [GC191.478: [DefNew: 65472K->1298K(65472K), 0.0095870 secs] 196726K->139110K(210744K), 0.0096330 secs] [Times: user=0.01 sys=0.00, real=0.01 secs] 
191.488: Total time for which application threads were stopped: 0.0100510 seconds, Stopping threads took: 0.0003050 seconds
191.513: Application time: 0.0253150 seconds
191.514: [GC191.514: [DefNew: 59538K->5583K(65472K), 0.0064480 secs] 197350K->143395K(210744K), 0.0064870 secs] [Times: user=0.01 sys=0.00, real=0.00 secs] 
191.520: Total time for which application threads were stopped: 0.0067720 seconds, Stopping threads took: 0.0001820 seconds
191.543: Application time: 0.0227460 seconds
191.543: [GC191.543: [DefNew: 63823K->5131K(65472K), 0.0097420 secs] 201635K->146875K(210744K), 0.0097850 secs] [Times: user=0.01 sys=0.00, real=0.02 secs] 
191.553: Total time for which application threads were stopped: 0.0100090 seconds, Stopping threads took: 0.0001340 seconds
191.575: Application time: 0.0225360 seconds
191.576: [GC191.576: [DefNew: 63371K->1973K(65472K), 0.0059900 secs]191.582: [Tenured: 145362K->81076K(145464K), 0.1274970 secs] 205115K->81076K(210936K), [Perm : 8873K->8873K(21248K)], 0.1335770 secs] [Times: user=0.14 sys=0.00, real=0.13 secs] 
191.709: Total time for which application threads were stopped: 0.1338790 seconds, Stopping threads took: 0.0002100 seconds
191.731: Application time: 0.0214510 seconds
191.731: [GC191.731: [DefNew: 58240K->1204K(65472K), 0.0017820 secs] 139316K->82281K(210744K), 0.0018150 secs] [Times: user=0.00 sys=0.00, real=0.01 secs] 
191.733: Total time for which application threads were stopped: 0.0019860 seconds, Stopping threads took: 0.0000770 seconds
191.753: Application time: 0.0197500 seconds
191.753: [GC191.753: [DefNew: 59444K->2608K(65472K), 0.0033920 secs] 140521K->83684K(210744K), 0.0034260 secs] [Times: user=0.00 sys=0.00, real=0.00 secs] 
191.756: Total time for which application threads were stopped: 0.0036340 seconds, Stopping threads took: 0.0001270 seconds
191.776: Application time: 0.0202100 seconds
191.780: [GC191.780: [DefNew: 60848K->6025K(65472K), 0.0052310 secs] 141924K->87102K(210744K), 0.0052740 secs] [Times: user=0.00 sys=0.00, real=0.01 secs] 
191.785: Total time for which application threads were stopped: 0.0086560 seconds, Stopping threads took: 0.0032710 seconds
191.807: Application time: 0.0219810 seconds
191.807: [GC191.807: [DefNew: 64265K->7232K(65472K), 0.0203320 secs] 145342K->98446K(210744K), 0.0203780 secs] [Times: user=0.02 sys=0.00, real=0.02 secs] 
191.828: Total time for which application threads were stopped: 0.0205550 seconds, Stopping threads took: 0.0000880 seconds
191.851: Application time: 0.0238230 seconds
191.852: [GC191.852: [DefNew: 65472K->7232K(65472K), 0.0170340 secs] 156686K->105930K(210744K), 0.0170760 secs] [Times: user=0.02 sys=0.00, real=0.02 secs] 
191.869: Total time for which application threads were stopped: 0.0173160 seconds, Stopping threads took: 0.0001300 seconds
191.898: Application time: 0.0291270 seconds
191.898: [GC191.898: [DefNew: 65472K->7231K(65472K), 0.0310070 secs] 164170K->121874K(210744K), 0.0310510 secs] [Times: user=0.03 sys=0.00, real=0.03 secs] 
191.929: Total time for which application threads were stopped: 0.0313560 seconds, Stopping threads took: 0.0001980 seconds
191.960: Application time: 0.0309570 seconds
191.960: [GC191.960: [DefNew: 65471K->7232K(65472K), 0.0248150 secs] 180114K->131607K(210744K), 0.0248690 secs] [Times: user=0.02 sys=0.00, real=0.03 secs] 
191.985: Total time for which application threads were stopped: 0.0250850 seconds, Stopping threads took: 0.0001290 seconds
192.015: Application time: 0.0296980 seconds
192.015: [GC192.015: [DefNew: 65472K->7231K(65472K), 0.0180500 secs] 189847K->140048K(210744K), 0.0180960 secs] [Times: user=0.02 sys=0.00, real=0.02 secs] 
192.033: Total time for which application threads were stopped: 0.0184770 seconds, Stopping threads took: 0.0002700 seconds
192.061: Application time: 0.0273270 seconds
192.061: [GC192.061: [DefNew: 65471K->7231K(65472K), 0.0193240 secs] 198288K->150604K(210744K), 0.0193680 secs] [Times: user=0.02 sys=0.00, real=0.02 secs] 
192.080: Total time for which application threads were stopped: 0.0195320 seconds, Stopping threads took: 0.0000750 seconds
192.109: Application time: 0.0288940 seconds
192.110: [GC192.110: [DefNew: 65471K->7214K(65472K), 0.0179880 secs]192.128: [Tenured: 149720K->77119K(149880K), 0.1300730 secs] 208844K->77119K(215352K), [Perm : 8873K->8873K(21248K)], 0.1483110 secs] [Times: user=0.15 sys=0.00, real=0.15 secs] 
192.258: Total time for which application threads were stopped: 0.1486710 seconds, Stopping threads took: 0.0002510 seconds
192.283: Application time: 0.0247950 seconds
192.283: [GC192.283: [DefNew: 58240K->1324K(65472K), 0.0020230 secs] 135359K->78443K(210744K), 0.0020530 secs] [Times: user=0.00 sys=0.00, real=0.01 secs] 
192.285: Total time for which application threads were stopped: 0.0024170 seconds, Stopping threads took: 0.0002560 seconds
192.310: Application time: 0.0245950 seconds
192.310: [GC192.310: [DefNew: 59564K->6777K(65472K), 0.0075480 secs] 136683K->83896K(210744K), 0.0075910 secs] [Times: user=0.01 sys=0.00, real=0.01 secs] 
192.318: Total time for which application threads were stopped: 0.0078520 seconds, Stopping threads took: 0.0001500 seconds
192.341: Application time: 0.0229580 seconds
192.341: [GC192.341: [DefNew: 65017K->3632K(65472K), 0.0093540 secs] 142136K->86636K(210744K), 0.0093980 secs] [Times: user=0.01 sys=0.00, real=0.01 secs] 
192.350: Total time for which application threads were stopped: 0.0096310 seconds, Stopping threads took: 0.0001420 seconds
192.372: Application time: 0.0220660 seconds
192.372: [GC192.372: [DefNew: 61872K->2759K(65472K), 0.0050900 secs] 144876K->87467K(210744K), 0.0051270 secs] [Times: user=0.00 sys=0.00, real=0.01 secs] 
192.378: Total time for which application threads were stopped: 0.0052970 seconds, Stopping threads took: 0.0000810 seconds
192.399: Application time: 0.0210080 seconds
192.399: [GC192.399: [DefNew: 60999K->3057K(65472K), 0.0029610 secs] 145707K->87765K(210744K), 0.0029920 secs] [Times: user=0.00 sys=0.00, real=0.00 secs] 
192.402: Total time for which application threads were stopped: 0.0031800 seconds, Stopping threads took: 0.0001050 seconds
192.421: Application time: 0.0197740 seconds
192.422: [GC192.422: [DefNew: 61297K->5150K(65472K), 0.0051680 secs] 146005K->89858K(210744K), 0.0052070 secs] [Times: user=0.01 sys=0.00, real=0.01 secs] 
192.427: Total time for which application threads were stopped: 0.0053930 seconds, Stopping threads took: 0.0000990 seconds
192.447: Application time: 0.0200420 seconds
192.447: [GC192.447: [DefNew: 63390K->7232K(65472K), 0.0106910 secs] 148098K->97559K(210744K), 0.0107360 secs] [Times: user=0.01 sys=0.00, real=0.01 secs] 
192.458: Total time for which application threads were stopped: 0.0109650 seconds, Stopping threads took: 0.0001370 seconds
192.481: Application time: 0.0230500 seconds
192.481: [GC192.481: [DefNew: 65472K->7231K(65472K), 0.0163470 secs] 155799K->105650K(210744K), 0.0163890 secs] [Times: user=0.02 sys=0.00, real=0.02 secs] 
192.498: Total time for which application threads were stopped: 0.0165740 seconds, Stopping threads took: 0.0000960 seconds
192.524: Application time: 0.0267900 seconds
192.524: [GC192.525: [DefNew: 65471K->7232K(65472K), 0.0216300 secs] 163890K->118592K(210744K), 0.0216840 secs] [Times: user=0.02 sys=0.00, real=0.02 secs] 
192.546: Total time for which application threads were stopped: 0.0219000 seconds, Stopping threads took: 0.0001200 seconds
192.575: Application time: 0.0286630 seconds
192.575: [GC192.575: [DefNew: 65472K->7232K(65472K), 0.0182780 secs] 176832K->127819K(210744K), 0.0183160 secs] [Times: user=0.02 sys=0.00, real=0.02 secs] 
192.594: Total time for which application threads were stopped: 0.0186320 seconds, Stopping threads took: 0.0002160 seconds
192.623: Application time: 0.0299910 seconds
192.624: [GC192.624: [DefNew: 65472K->7231K(65472K), 0.0188890 secs] 186059K->135931K(210744K), 0.0189360 secs] [Times: user=0.02 sys=0.00, real=0.02 secs] 
192.643: Total time for which application threads were stopped: 0.0193110 seconds, Stopping threads took: 0.0002660 seconds
192.672: Application time: 0.0288010 seconds
192.673: [GC192.673: [DefNew: 65471K->7232K(65472K), 0.0286850 secs] 194171K->149466K(210744K), 0.0287290 secs] [Times: user=0.03 sys=0.00, real=0.02 secs] 
192.702: Total time for which application threads were stopped: 0.0299180 seconds, Stopping threads took: 0.0010810 seconds
192.730: Application time: 0.0285710 seconds
192.730: [GC192.730: [DefNew: 65472K->7231K(65472K), 0.0250010 secs]192.755: [Tenured: 151933K->77003K(151992K), 0.1248430 secs] 207706K->77003K(217464K), [Perm : 8873K->8873K(21248K)], 0.1501460 secs] [Times: user=0.15 sys=0.01, real=0.15 secs] 
192.881: Total time for which application threads were stopped: 0.1504940 seconds, Stopping threads took: 0.0002420 seconds
192.908: Application time: 0.0277080 seconds
192.909: [GC192.909: [DefNew: 58240K->3396K(65472K), 0.0051730 secs] 135243K->80400K(210744K), 0.0052080 secs] [Times: user=0.00 sys=0.00, real=0.01 secs] 
192.914: Total time for which application threads were stopped: 0.0055350 seconds, Stopping threads took: 0.0002120 seconds
192.939: Application time: 0.0251970 seconds
192.939: [GC192.939: [DefNew: 61636K->7231K(65472K), 0.0070430 secs] 138640K->84667K(210744K), 0.0070870 secs] [Times: user=0.01 sys=0.00, real=0.01 secs] 
192.946: Total time for which application threads were stopped: 0.0073400 seconds, Stopping threads took: 0.0001430 seconds
192.970: Application time: 0.0237740 seconds
192.971: [GC192.971: [DefNew: 65471K->5543K(65472K), 0.0131480 secs] 142907K->89388K(210744K), 0.0131920 secs] [Times: user=0.01 sys=0.00, real=0.01 secs] 
192.984: Total time for which application threads were stopped: 0.0135580 seconds, Stopping threads took: 0.0002640 seconds
193.007: Application time: 0.0231110 seconds
193.007: [GC193.007: [DefNew: 63783K->2062K(65472K), 0.0063320 secs] 147628K->89752K(210744K), 0.0063740 secs] [Times: user=0.01 sys=0.00, real=0.01 secs] 
193.014: Total time for which application threads were stopped: 0.0066660 seconds, Stopping threads took: 0.0001830 seconds
193.035: Application time: 0.0216920 seconds
193.035: [GC193.035: [DefNew: 60302K->3064K(65472K), 0.0036950 secs] 147992K->90753K(210744K), 0.0037310 secs] [Times: user=0.00 sys=0.00, real=0.00 secs] 
193.039: Total time for which application threads were stopped: 0.0039790 seconds, Stopping threads took: 0.0001690 seconds
193.059: Application time: 0.0202570 seconds
193.060: [GC193.060: [DefNew: 61304K->4612K(65472K), 0.0050450 secs] 148993K->92302K(210744K), 0.0050850 secs] [Times: user=0.01 sys=0.00, real=0.01 secs] 
193.065: Total time for which application threads were stopped: 0.0052570 seconds, Stopping threads took: 0.0000820 seconds
193.084: Application time: 0.0196640 seconds
193.089: [GC193.089: [DefNew: 62852K->2430K(65472K), 0.0034700 secs] 150542K->91872K(210744K), 0.0035050 secs] [Times: user=0.01 sys=0.00, real=0.00 secs] 
193.092: Total time for which application threads were stopped: 0.0077660 seconds, Stopping threads took: 0.0041780 seconds
193.113: Application time: 0.0205320 seconds
193.113: [GC193.113: [DefNew: 60670K->7232K(65472K), 0.0139270 secs] 150112K->103260K(210744K), 0.0139820 secs] [Times: user=0.02 sys=0.00, real=0.01 secs] 
193.127: Total time for which application threads were stopped: 0.0142380 seconds, Stopping threads took: 0.0001460 seconds
193.150: Application time: 0.0228840 seconds
193.150: [GC193.150: [DefNew: 65472K->7232K(65472K), 0.0185060 secs] 161500K->111326K(210744K), 0.0185470 secs] [Times: user=0.02 sys=0.00, real=0.02 secs] 
193.169: Total time for which application threads were stopped: 0.0188280 seconds, Stopping threads took: 0.0001740 seconds
193.197: Application time: 0.0280720 seconds
193.197: [GC193.197: [DefNew: 65472K->7232K(65472K), 0.0254930 secs] 169566K->124740K(210744K), 0.0255370 secs] [Times: user=0.03 sys=0.00, real=0.02 secs] 
193.223: Total time for which application threads were stopped: 0.0258330 seconds, Stopping threads took: 0.0001860 seconds
193.252: Application time: 0.0292640 seconds
193.252: [GC193.252: [DefNew: 65472K->7232K(65472K), 0.0187060 secs] 182980K->131419K(210744K), 0.0187500 secs] [Times: user=0.02 sys=0.00, real=0.02 secs] 
193.271: Total time for which application threads were stopped: 0.0190300 seconds, Stopping threads took: 0.0001880 seconds
193.300: Application time: 0.0293930 seconds
193.300: [GC193.300: [DefNew: 65472K->7231K(65472K), 0.0170470 secs] 189659K->139371K(210744K), 0.0170980 secs] [Times: user=0.02 sys=0.00, real=0.02 secs] 
193.318: Total time for which application threads were stopped: 0.0173230 seconds, Stopping threads took: 0.0001350 seconds
193.347: Application time: 0.0290450 seconds
193.347: [GC193.347: [DefNew: 65471K->7231K(65472K), 0.0272590 secs]193.374: [Tenured: 148177K->76818K(148344K), 0.1194320 secs] 197611K->76818K(213816K), [Perm : 8873K->8873K(21248K)], 0.1468790 secs] [Times: user=0.15 sys=0.00, real=0.15 secs] 
193.494: Total time for which application threads were stopped: 0.1470710 seconds, Stopping threads took: 0.0001060 seconds
193.523: Application time: 0.0295140 seconds
193.523: [GC193.523: [DefNew: 58240K->6297K(65472K), 0.0077200 secs] 135058K->83115K(210744K), 0.0077640 secs] [Times: user=0.01 sys=0.00, real=0.01 secs] 
193.531: Total time for which application threads were stopped: 0.0080660 seconds, Stopping threads took: 0.0001980 seconds
193.558: Application time: 0.0264380 seconds
193.558: [GC193.558: [DefNew: 64537K->2511K(65472K), 0.0074980 secs] 141355K->85002K(210744K), 0.0075440 secs] [Times: user=0.01 sys=0.00, real=0.01 secs] 
193.566: Total time for which application threads were stopped: 0.0078660 seconds, Stopping threads took: 0.0002120 seconds
193.591: Application time: 0.0251480 seconds
193.591: [GC193.591: [DefNew: 60751K->7232K(65472K), 0.0118180 secs] 143242K->91563K(210744K), 0.0118630 secs] [Times: user=0.01 sys=0.00, real=0.01 secs] 
193.603: Total time for which application threads were stopped: 0.0121840 seconds, Stopping threads took: 0.0002110 seconds
193.627: Application time: 0.0243780 seconds
193.628: [GC193.628: [DefNew: 65472K->2986K(65472K), 0.0110660 secs] 149803K->94170K(210744K), 0.0111100 secs] [Times: user=0.01 sys=0.00, real=0.01 secs] 
193.639: Total time for which application threads were stopped: 0.0114340 seconds, Stopping threads took: 0.0002130 seconds
193.661: Application time: 0.0218450 seconds
193.661: [GC193.661: [DefNew: 61226K->3941K(65472K), 0.0039190 secs] 152410K->95124K(210744K), 0.0039570 secs] [Times: user=0.01 sys=0.00, real=0.01 secs] 
193.665: Total time for which application threads were stopped: 0.0042560 seconds, Stopping threads took: 0.0001910 seconds
193.686: Application time: 0.0211250 seconds
193.686: [GC193.686: [DefNew: 62181K->1309K(65472K), 0.0044890 secs] 153364K->95245K(210744K), 0.0045260 secs] [Times: user=0.00 sys=0.00, real=0.00 secs] 
193.691: Total time for which application threads were stopped: 0.0047930 seconds, Stopping threads took: 0.0001610 seconds
193.711: Application time: 0.0199310 seconds
193.711: [GC193.711: [DefNew: 59549K->2872K(65472K), 0.0033820 secs] 153485K->96809K(210744K), 0.0034170 secs] [Times: user=0.00 sys=0.00, real=0.01 secs] 
193.714: Total time for which application threads were stopped: 0.0036370 seconds, Stopping threads took: 0.0001310 seconds
193.734: Application time: 0.0195150 seconds
193.734: [GC193.734: [DefNew: 61112K->3105K(65472K), 0.0037600 secs] 155049K->97041K(210744K), 0.0037950 secs] [Times: user=0.00 sys=0.00, real=0.00 secs] 
193.738: Total time for which application threads were stopped: 0.0039910 seconds, Stopping threads took: 0.0001110 seconds
193.759: Application time: 0.0208160 seconds
193.759: [GC193.759: [DefNew: 61345K->7232K(65472K), 0.0145490 secs] 155281K->109178K(210744K), 0.0145930 secs] [Times: user=0.01 sys=0.00, real=0.02 secs] 
193.773: Total time for which application threads were stopped: 0.0147970 seconds, Stopping threads took: 0.0001140 seconds
193.797: Application time: 0.0235410 seconds
193.797: [GC193.797: [DefNew: 65472K->7231K(65472K), 0.0250290 secs] 167418K->120911K(210744K), 0.0250760 secs] [Times: user=0.03 sys=0.00, real=0.02 secs] 
193.822: Total time for which application threads were stopped: 0.0254310 seconds, Stopping threads took: 0.0002470 seconds
193.851: Application time: 0.0284180 seconds
193.851: [GC193.851: [DefNew: 65471K->7232K(65472K), 0.0245230 secs] 179151K->132279K(210744K), 0.0245680 secs] [Times: user=0.03 sys=0.00, real=0.03 secs] 
193.876: Total time for which application threads were stopped: 0.0248330 seconds, Stopping threads took: 0.0001750 seconds
193.905: Application time: 0.0296200 seconds
193.906: [GC193.906: [DefNew: 65472K->7231K(65472K), 0.0204380 secs] 190519K->139889K(210744K), 0.0204810 secs] [Times: user=0.03 sys=0.00, real=0.02 secs] 
193.926: Total time for which application threads were stopped: 0.0208620 seconds, Stopping threads took: 0.0002720 seconds
193.955: Application time: 0.0289300 seconds
193.955: [GC193.955: [DefNew: 65471K->7232K(65472K), 0.0225060 secs] 198129K->149641K(210744K), 0.0225520 secs] [Times: user=0.02 sys=0.00, real=0.02 secs] 
193.978: Total time for which application threads were stopped: 0.0228180 seconds, Stopping threads took: 0.0001790 seconds
194.008: Application time: 0.0299940 seconds
194.008: [GC194.008: [DefNew: 65472K->7232K(65472K), 0.0255650 secs]194.034: [Tenured: 154565K->77224K(154680K), 0.1202120 secs] 207881K->77224K(220152K), [Perm : 8873K->8873K(21248K)], 0.1461310 secs] [Times: user=0.15 sys=0.00, real=0.15 secs] 
194.154: Total time for which application threads were stopped: 0.1463640 seconds, Stopping threads took: 0.0001260 seconds
194.184: Application time: 0.0298500 seconds
194.184: [GC194.184: [DefNew: 58240K->6048K(65472K), 0.0075390 secs] 135464K->83272K(210744K), 0.0075920 secs] [Times: user=0.01 sys=0.01, real=0.01 secs] 
194.192: Total time for which application threads were stopped: 0.0079330 seconds, Stopping threads took: 0.0002170 seconds
194.218: Application time: 0.0257810 seconds
194.218: [GC194.218: [DefNew: 64288K->5561K(65472K), 0.0100670 secs] 141512K->86980K(210744K), 0.0101120 secs] [Times: user=0.01 sys=0.00, real=0.01 secs] 
194.228: Total time for which application threads were stopped: 0.0104870 seconds, Stopping threads took: 0.0002650 seconds
194.253: Application time: 0.0244270 seconds
194.253: [GC194.253: [DefNew: 63801K->5528K(65472K), 0.0112790 secs] 145220K->91423K(210744K), 0.0113250 secs] [Times: user=0.01 sys=0.00, real=0.00 secs] 
194.264: Total time for which application threads were stopped: 0.0116340 seconds, Stopping threads took: 0.0002010 seconds
194.288: Application time: 0.0239020 seconds
194.288: [GC194.289: [DefNew: 63768K->2196K(65472K), 0.0057280 secs] 149663K->91541K(210744K), 0.0057720 secs] [Times: user=0.01 sys=0.00, real=0.01 secs] 
194.294: Total time for which application threads were stopped: 0.0059890 seconds, Stopping threads took: 0.0001190 seconds
194.316: Application time: 0.0215840 seconds
194.316: [GC194.316: [DefNew: 60436K->2306K(65472K), 0.0026800 secs] 149781K->91650K(210744K), 0.0027140 secs] [Times: user=0.00 sys=0.00, real=0.00 secs] 
194.319: Total time for which application threads were stopped: 0.0029820 seconds, Stopping threads took: 0.0001900 seconds
194.339: Application time: 0.0206200 seconds
194.340: [GC194.340: [DefNew: 60546K->4209K(65472K), 0.0051150 secs] 149890K->93553K(210744K), 0.0051620 secs] [Times: user=0.00 sys=0.00, real=0.01 secs] 
194.345: Total time for which application threads were stopped: 0.0053630 seconds, Stopping threads took: 0.0001130 seconds
194.365: Application time: 0.0196620 seconds
194.365: [GC194.365: [DefNew: 62449K->2694K(65472K), 0.0040580 secs] 151793K->93319K(210744K), 0.0040940 secs] [Times: user=0.01 sys=0.00, real=0.00 secs] 
194.369: Total time for which application threads were stopped: 0.0043130 seconds, Stopping threads took: 0.0001370 seconds
194.388: Application time: 0.0195170 seconds
194.389: [GC194.389: [DefNew: 60934K->5167K(65472K), 0.0042130 secs] 151559K->95792K(210744K), 0.0042540 secs] [Times: user=0.01 sys=0.00, real=0.01 secs] 
194.393: Total time for which application threads were stopped: 0.0044330 seconds, Stopping threads took: 0.0000820 seconds
194.414: Application time: 0.0216380 seconds
194.415: [GC194.415: [DefNew: 63407K->7231K(65472K), 0.0195800 secs] 154032K->108052K(210744K), 0.0196230 secs] [Times: user=0.02 sys=0.00, real=0.02 secs] 
194.434: Total time for which application threads were stopped: 0.0199810 seconds, Stopping threads took: 0.0002490 seconds
194.460: Application time: 0.0257080 seconds
194.460: [GC194.460: [DefNew: 65471K->7232K(65472K), 0.0256610 secs] 166292K->120638K(210744K), 0.0257030 secs] [Times: user=0.02 sys=0.00, real=0.03 secs] 
194.486: Total time for which application threads were stopped: 0.0259840 seconds, Stopping threads took: 0.0001740 seconds
194.515: Application time: 0.0285350 seconds
194.515: [GC194.515: [DefNew: 65472K->7232K(65472K), 0.0190350 secs] 178878K->130789K(210744K), 0.0190770 secs] [Times: user=0.02 sys=0.00, real=0.02 secs] 
194.534: Total time for which application threads were stopped: 0.0192720 seconds, Stopping threads took: 0.0001060 seconds
194.563: Application time: 0.0295020 seconds
194.564: [GC194.564: [DefNew: 65472K->7231K(65472K), 0.0161630 secs] 189029K->137688K(210744K), 0.0162060 secs] [Times: user=0.02 sys=0.00, real=0.02 secs] 
194.580: Total time for which application threads were stopped: 0.0164500 seconds, Stopping threads took: 0.0001540 seconds
194.609: Application time: 0.0293050 seconds
194.609: [GC194.609: [DefNew: 65471K->7231K(65472K), 0.0347970 secs]194.644: [Tenured: 146096K->75914K(146232K), 0.1219910 secs] 195928K->75914K(211704K), [Perm : 8873K->8873K(21248K)], 0.1569050 secs] [Times: user=0.16 sys=0.00, real=0.16 secs] 
194.766: Total time for which application threads were stopped: 0.1571020 seconds, Stopping threads took: 0.0001120 seconds
194.796: Application time: 0.0299580 seconds
194.796: [GC194.796: [DefNew: 58240K->7232K(65472K), 0.0135480 secs] 134154K->85414K(210744K), 0.0135940 secs] [Times: user=0.02 sys=0.00, real=0.01 secs] 
194.810: Total time for which application threads were stopped: 0.0138450 seconds, Stopping threads took: 0.0001380 seconds
194.838: Application time: 0.0280390 seconds
194.838: [GC194.838: [DefNew: 65472K->3927K(65472K), 0.0123840 secs] 143654K->88786K(210744K), 0.0124280 secs] [Times: user=0.01 sys=0.00, real=0.01 secs] 
194.851: Total time for which application threads were stopped: 0.0127170 seconds, Stopping threads took: 0.0001900 seconds
194.876: Application time: 0.0254760 seconds
194.877: [GC194.877: [DefNew: 62167K->7232K(65472K), 0.0120390 secs] 147026K->95778K(210744K), 0.0120810 secs] [Times: user=0.01 sys=0.00, real=0.01 secs] 
194.889: Total time for which application threads were stopped: 0.0122920 seconds, Stopping threads took: 0.0001200 seconds
194.914: Application time: 0.0252400 seconds
194.914: [GC194.914: [DefNew: 65472K->3137K(65472K), 0.0073410 secs] 154018K->96612K(210744K), 0.0073850 secs] [Times: user=0.01 sys=0.00, real=0.00 secs] 
194.921: Total time for which application threads were stopped: 0.0076270 seconds, Stopping threads took: 0.0001510 seconds
194.944: Application time: 0.0225720 seconds
194.944: [GC194.944: [DefNew: 61377K->4180K(65472K), 0.0041100 secs] 154852K->97656K(210744K), 0.0041460 secs] [Times: user=0.00 sys=0.00, real=0.01 secs] 
194.948: Total time for which application threads were stopped: 0.0043850 seconds, Stopping threads took: 0.0001440 seconds
194.970: Application time: 0.0212090 seconds
194.970: [GC194.970: [DefNew: 62420K->1646K(65472K), 0.0041420 secs] 155896K->97882K(210744K), 0.0041860 secs] [Times: user=0.01 sys=0.00, real=0.01 secs] 
194.974: Total time for which application threads were stopped: 0.0044060 seconds, Stopping threads took: 0.0001290 seconds
194.994: Application time: 0.0199370 seconds
194.994: [GC194.994: [DefNew: 59886K->3094K(65472K), 0.0038290 secs] 156122K->99330K(210744K), 0.0038650 secs] [Times: user=0.00 sys=0.00, real=0.00 secs] 
194.998: Total time for which application threads were stopped: 0.0040410 seconds, Stopping threads took: 0.0000920 seconds
195.017: Application time: 0.0194290 seconds
195.018: [GC195.018: [DefNew: 61172K->3242K(65472K), 0.0034090 secs] 157407K->99477K(210744K), 0.0034450 secs] [Times: user=0.00 sys=0.00, real=0.00 secs] 
195.021: Total time for which application threads were stopped: 0.0036270 seconds, Stopping threads took: 0.0000980 seconds
195.041: Application time: 0.0198360 seconds
195.041: [GC195.041: [DefNew: 61482K->7231K(65472K), 0.0092200 secs] 157717K->106710K(210744K), 0.0092650 secs] [Times: user=0.01 sys=0.00, real=0.01 secs] 
195.050: Total time for which application threads were stopped: 0.0094710 seconds, Stopping threads took: 0.0001160 seconds
195.073: Application time: 0.0223700 seconds
195.073: [GC195.073: [DefNew: 65471K->7232K(65472K), 0.0205500 secs] 164950K->118660K(210744K), 0.0205930 secs] [Times: user=0.02 sys=0.00, real=0.02 secs] 
195.094: Total time for which application threads were stopped: 0.0208180 seconds, Stopping threads took: 0.0001330 seconds
195.119: Application time: 0.0257510 seconds
195.119: [GC195.120: [DefNew: 65472K->7232K(65472K), 0.0190490 secs] 176900K->127939K(210744K), 0.0190930 secs] [Times: user=0.02 sys=0.00, real=0.02 secs] 
195.139: Total time for which application threads were stopped: 0.0192440 seconds, Stopping threads took: 0.0000600 seconds
195.167: Application time: 0.0282480 seconds
195.167: [GC195.167: [DefNew: 65472K->7232K(65472K), 0.0208910 secs] 186179K->137269K(210744K), 0.0209380 secs] [Times: user=0.02 sys=0.00, real=0.02 secs] 
195.188: Total time for which application threads were stopped: 0.0211630 seconds, Stopping threads took: 0.0001370 seconds
195.217: Application time: 0.0293240 seconds
195.218: [GC195.218: [DefNew: 65472K->7231K(65472K), 0.0201050 secs] 195509K->148840K(210744K), 0.0201470 secs] [Times: user=0.02 sys=0.00, real=0.02 secs] 
195.238: Total time for which application threads were stopped: 0.0203740 seconds, Stopping threads took: 0.0001380 seconds
195.269: Application time: 0.0309280 seconds
195.269: [GC195.269: [DefNew: 65471K->7231K(65472K), 0.0266990 secs]195.296: [Tenured: 154708K->79945K(154872K), 0.1207650 secs] 207080K->79945K(220344K), [Perm : 8873K->8873K(21248K)], 0.1478330 secs] [Times: user=0.15 sys=0.01, real=0.15 secs] 
195.417: Total time for which application threads were stopped: 0.1480010 seconds, Stopping threads took: 0.0000800 seconds
195.447: Application time: 0.0303190 seconds
195.447: [GC195.447: [DefNew: 58240K->7231K(65472K), 0.0117530 secs] 138185K->87841K(210744K), 0.0117970 secs] [Times: user=0.01 sys=0.00, real=0.01 secs] 
195.459: Total time for which application threads were stopped: 0.0120600 seconds, Stopping threads took: 0.0001350 seconds
195.486: Application time: 0.0272970 seconds
195.487: [GC195.487: [DefNew: 65471K->7231K(65472K), 0.0161520 secs] 146081K->95942K(210744K), 0.0161990 secs] [Times: user=0.01 sys=0.00, real=0.01 secs] 
195.503: Total time for which application threads were stopped: 0.0164250 seconds, Stopping threads took: 0.0001370 seconds
195.529: Application time: 0.0258710 seconds
195.529: [GC195.529: [DefNew: 65471K->5079K(65472K), 0.0131250 secs] 154182K->100242K(210744K), 0.0131710 secs] [Times: user=0.01 sys=0.00, real=0.01 secs] 
195.542: Total time for which application threads were stopped: 0.0134620 seconds, Stopping threads took: 0.0001750 seconds
195.567: Application time: 0.0244910 seconds
195.567: [GC195.567: [DefNew: 63319K->1099K(65472K), 0.0056660 secs] 158482K->101120K(210744K), 0.0057110 secs] [Times: user=0.01 sys=0.00, real=0.01 secs] 
195.573: Total time for which application threads were stopped: 0.0059490 seconds, Stopping threads took: 0.0001470 seconds
195.595: Application time: 0.0220690 seconds
195.595: [GC195.595: [DefNew: 59339K->1328K(65472K), 0.0017940 secs] 159360K->101348K(210744K), 0.0018240 secs] [Times: user=0.00 sys=0.00, real=0.00 secs] 
195.597: Total time for which application threads were stopped: 0.0020500 seconds, Stopping threads took: 0.0001490 seconds
195.617: Application time: 0.0207610 seconds
195.618: [GC195.618: [DefNew: 59568K->3056K(65472K), 0.0042230 secs] 159588K->103076K(210744K), 0.0042580 secs] [Times: user=0.00 sys=0.00, real=0.00 secs] 
195.622: Total time for which application threads were stopped: 0.0044850 seconds, Stopping threads took: 0.0001440 seconds
195.642: Application time: 0.0196230 seconds
195.642: [GC195.642: [DefNew: 61296K->3046K(65472K), 0.0038210 secs] 161316K->103066K(210744K), 0.0038550 secs] [Times: user=0.00 sys=0.00, real=0.01 secs] 
195.646: Total time for which application threads were stopped: 0.0040660 seconds, Stopping threads took: 0.0001290 seconds
195.665: Application time: 0.0194570 seconds
195.665: [GC195.665: [DefNew: 61286K->4806K(65472K), 0.0040060 secs] 161306K->104827K(210744K), 0.0040440 secs] [Times: user=0.00 sys=0.00, real=0.00 secs] 
195.669: Total time for which application threads were stopped: 0.0042260 seconds, Stopping threads took: 0.0000780 seconds
195.690: Application time: 0.0207960 seconds
195.690: [GC195.690: [DefNew: 63046K->7232K(65472K), 0.0145140 secs] 163067K->114336K(210744K), 0.0145590 secs] [Times: user=0.01 sys=0.00, real=0.02 secs] 
195.705: Total time for which application threads were stopped: 0.0148140 seconds, Stopping threads took: 0.0001620 seconds
195.728: Application time: 0.0231540 seconds
195.728: [GC195.728: [DefNew: 65472K->7231K(65472K), 0.0210770 secs] 172576K->124654K(210744K), 0.0211200 secs] [Times: user=0.02 sys=0.00, real=0.02 secs] 
195.750: Total time for which application threads were stopped: 0.0214600 seconds, Stopping threads took: 0.0002320 seconds
195.777: Application time: 0.0274930 seconds
195.777: [GC195.777: [DefNew: 65471K->7232K(65472K), 0.0216840 secs] 182894K->134656K(210744K), 0.0217260 secs] [Times: user=0.02 sys=0.00, real=0.02 secs] 
195.799: Total time for which application threads were stopped: 0.0220720 seconds, Stopping threads took: 0.0002370 seconds
195.828: Application time: 0.0290710 seconds
195.829: [GC195.829: [DefNew: 65472K->7232K(65472K), 0.0200000 secs] 192896K->144396K(210744K), 0.0200460 secs] [Times: user=0.02 sys=0.00, real=0.02 secs] 
195.849: Total time for which application threads were stopped: 0.0204230 seconds, Stopping threads took: 0.0002870 seconds
195.879: Application time: 0.0303980 seconds
195.879: [GC195.879: [DefNew: 65472K->7231K(65472K), 0.0267050 secs]195.906: [Tenured: 151147K->77003K(151224K), 0.1161660 secs] 202636K->77003K(216696K), [Perm : 8873K->8873K(21248K)], 0.1431410 secs] [Times: user=0.14 sys=0.00, real=0.14 secs] 
196.022: Total time for which application threads were stopped: 0.1433910 seconds, Stopping threads took: 0.0001530 seconds
196.055: Application time: 0.0322110 seconds
196.055: [GC196.055: [DefNew: 58240K->7231K(65472K), 0.0139420 secs] 135243K->87179K(210744K), 0.0139850 secs] [Times: user=0.01 sys=0.00, real=0.01 secs] 
196.069: Total time for which application threads were stopped: 0.0142510 seconds, Stopping threads took: 0.0001660 seconds
196.097: Application time: 0.0283190 seconds
196.097: [GC196.097: [DefNew: 65471K->5648K(65472K), 0.0163480 secs] 145419K->92706K(210744K), 0.0163920 secs] [Times: user=0.02 sys=0.00, real=0.02 secs] 
196.114: Total time for which application threads were stopped: 0.0166320 seconds, Stopping threads took: 0.0001480 seconds
196.140: Application time: 0.0264470 seconds
196.140: [GC196.140: [DefNew: 63888K->7231K(65472K), 0.0138160 secs] 150946K->99291K(210744K), 0.0138690 secs] [Times: user=0.01 sys=0.00, real=0.02 secs] 
196.154: Total time for which application threads were stopped: 0.0140820 seconds, Stopping threads took: 0.0001150 seconds
196.180: Application time: 0.0255600 seconds
196.180: [GC196.180: [DefNew: 65471K->4027K(65472K), 0.0110730 secs] 157531K->102620K(210744K), 0.0111190 secs] [Times: user=0.01 sys=0.00, real=0.01 secs] 
196.191: Total time for which application threads were stopped: 0.0114720 seconds, Stopping threads took: 0.0002590 seconds
196.215: Application time: 0.0236540 seconds
196.215: [GC196.215: [DefNew: 62267K->1355K(65472K), 0.0046820 secs] 160860K->103619K(210744K), 0.0047220 secs] [Times: user=0.00 sys=0.00, real=0.00 secs] 
196.220: Total time for which application threads were stopped: 0.0049100 seconds, Stopping threads took: 0.0001010 seconds
196.242: Application time: 0.0216520 seconds
196.242: [GC196.242: [DefNew: 59595K->1322K(65472K), 0.0022780 secs] 161859K->103586K(210744K), 0.0023100 secs] [Times: user=0.01 sys=0.00, real=0.00 secs] 
196.244: Total time for which application threads were stopped: 0.0025080 seconds, Stopping threads took: 0.0001190 seconds
196.264: Application time: 0.0201180 seconds
196.264: [GC196.264: [DefNew: 59562K->3001K(65472K), 0.0032640 secs] 161826K->105265K(210744K), 0.0032970 secs] [Times: user=0.00 sys=0.00, real=0.01 secs] 
196.268: Total time for which application threads were stopped: 0.0034770 seconds, Stopping threads took: 0.0000990 seconds
196.288: Application time: 0.0200980 seconds
196.288: [GC196.288: [DefNew: 61241K->3175K(65472K), 0.0034740 secs] 163505K->105439K(210744K), 0.0035090 secs] [Times: user=0.01 sys=0.00, real=0.00 secs] 
196.292: Total time for which application threads were stopped: 0.0036950 seconds, Stopping threads took: 0.0001010 seconds
196.311: Application time: 0.0199090 seconds
196.312: [GC196.312: [DefNew: 61415K->7232K(65472K), 0.0067090 secs] 163679K->111095K(210744K), 0.0067530 secs] [Times: user=0.01 sys=0.00, real=0.01 secs] 
196.318: Total time for which application threads were stopped: 0.0069220 seconds, Stopping threads took: 0.0000760 seconds
196.340: Application time: 0.0212350 seconds
196.340: [GC196.340: [DefNew: 65472K->7232K(65472K), 0.0181110 secs] 169335K->120526K(210744K), 0.0181540 secs] [Times: user=0.02 sys=0.00, real=0.02 secs] 
196.358: Total time for which application threads were stopped: 0.0185450 seconds, Stopping threads took: 0.0002820 seconds
196.383: Application time: 0.0249620 seconds
196.383: [GC196.383: [DefNew: 65472K->7232K(65472K), 0.0218680 secs] 178766K->132383K(210744K), 0.0219140 secs] [Times: user=0.02 sys=0.00, real=0.03 secs] 
196.405: Total time for which application threads were stopped: 0.0222100 seconds, Stopping threads took: 0.0001860 seconds
196.432: Application time: 0.0271440 seconds
196.433: [GC196.433: [DefNew: 65472K->7232K(65472K), 0.0193610 secs] 190623K->140304K(210744K), 0.0194080 secs] [Times: user=0.02 sys=0.00, real=0.01 secs] 
196.452: Total time for which application threads were stopped: 0.0197020 seconds, Stopping threads took: 0.0001850 seconds
196.481: Application time: 0.0288000 seconds
196.481: [GC196.481: [DefNew: 65472K->7232K(65472K), 0.0211560 secs] 198544K->151713K(210744K), 0.0211970 secs] [Times: user=0.03 sys=0.00, real=0.02 secs] 
196.502: Total time for which application threads were stopped: 0.0213970 seconds, Stopping threads took: 0.0001110 seconds
196.533: Application time: 0.0305310 seconds
196.533: [GC196.533: [DefNew: 65472K->7232K(65472K), 0.0373360 secs]196.570: [Tenured: 158612K->82939K(158712K), 0.1250990 secs] 209953K->82939K(224184K), [Perm : 8873K->8873K(21248K)], 0.1628860 secs] [Times: user=0.16 sys=0.00, real=0.16 secs] 
196.696: Total time for which application threads were stopped: 0.1631140 seconds, Stopping threads took: 0.0001420 seconds
196.727: Application time: 0.0308230 seconds
196.728: [GC196.728: [DefNew: 58240K->7232K(65472K), 0.0123320 secs] 141179K->92555K(210744K), 0.0123930 secs] [Times: user=0.01 sys=0.00, real=0.01 secs] 
196.740: Total time for which application threads were stopped: 0.0136410 seconds, Stopping threads took: 0.0011220 seconds
196.769: Application time: 0.0282130 seconds
196.769: [GC196.769: [DefNew: 65472K->7231K(65472K), 0.0130810 secs] 150795K->99686K(210744K), 0.0131230 secs] [Times: user=0.01 sys=0.00, real=0.01 secs] 
196.782: Total time for which application threads were stopped: 0.0132910 seconds, Stopping threads took: 0.0000770 seconds
196.809: Application time: 0.0268180 seconds
196.809: [GC196.809: [DefNew: 65471K->6339K(65472K), 0.0123560 secs] 157926K->103772K(210744K), 0.0124010 secs] [Times: user=0.02 sys=0.00, real=0.01 secs] 
196.822: Total time for which application threads were stopped: 0.0127380 seconds, Stopping threads took: 0.0002290 seconds
196.847: Application time: 0.0255300 seconds
196.847: [GC196.847: [DefNew: 64579K->952K(65472K), 0.0068520 secs] 162012K->104160K(210744K), 0.0068960 secs] [Times: user=0.01 sys=0.00, real=0.01 secs] 
196.854: Total time for which application threads were stopped: 0.0072770 seconds, Stopping threads took: 0.0002900 seconds
196.877: Application time: 0.0227410 seconds
196.877: [GC196.878: [DefNew: 59192K->1582K(65472K), 0.0024280 secs] 162400K->104790K(210744K), 0.0024590 secs] [Times: user=0.00 sys=0.00, real=0.00 secs] 
196.880: Total time for which application threads were stopped: 0.0028420 seconds, Stopping threads took: 0.0003070 seconds
196.901: Application time: 0.0211570 seconds
196.901: [GC196.901: [DefNew: 59822K->3480K(65472K), 0.0049260 secs] 163030K->106688K(210744K), 0.0049640 secs] [Times: user=0.01 sys=0.00, real=0.01 secs] 
196.906: Total time for which application threads were stopped: 0.0053170 seconds, Stopping threads took: 0.0002480 seconds
196.926: Application time: 0.0198990 seconds
196.927: [GC196.927: [DefNew: 61720K->3482K(65472K), 0.0043970 secs] 164928K->106690K(210744K), 0.0044320 secs] [Times: user=0.00 sys=0.00, real=0.00 secs] 
196.931: Total time for which application threads were stopped: 0.0048000 seconds, Stopping threads took: 0.0002650 seconds
196.951: Application time: 0.0199340 seconds
196.953: [GC196.953: [DefNew: 61722K->4968K(65472K), 0.0039470 secs] 164930K->108175K(210744K), 0.0039860 secs] [Times: user=0.00 sys=0.00, real=0.00 secs] 
196.957: Total time for which application threads were stopped: 0.0055920 seconds, Stopping threads took: 0.0015220 seconds
196.977: Application time: 0.0205840 seconds
196.978: [GC196.978: [DefNew: 63208K->7231K(65472K), 0.0123340 secs] 166415K->115501K(210744K), 0.0123810 secs] [Times: user=0.01 sys=0.00, real=0.01 secs] 
196.990: Total time for which application threads were stopped: 0.0127500 seconds, Stopping threads took: 0.0002750 seconds
197.012: Application time: 0.0217690 seconds
197.012: [GC197.012: [DefNew: 65471K->7232K(65472K), 0.0215240 secs] 173741K->125832K(210744K), 0.0215650 secs] [Times: user=0.03 sys=0.00, real=0.03 secs] 
197.034: Total time for which application threads were stopped: 0.0219670 seconds, Stopping threads took: 0.0003110 seconds
197.059: Application time: 0.0251030 seconds
197.059: [GC197.059: [DefNew: 65472K->7232K(65472K), 0.0232750 secs] 184072K->135781K(210744K), 0.0233190 secs] [Times: user=0.02 sys=0.00, real=0.02 secs] 
197.082: Total time for which application threads were stopped: 0.0236060 seconds, Stopping threads took: 0.0001770 seconds
197.110: Application time: 0.0278540 seconds
197.111: [GC197.111: [DefNew: 65472K->7232K(65472K), 0.0164590 secs] 194021K->144007K(210744K), 0.0165030 secs] [Times: user=0.02 sys=0.00, real=0.02 secs] 
197.127: Total time for which application threads were stopped: 0.0167730 seconds, Stopping threads took: 0.0001620 seconds
197.156: Application time: 0.0288980 seconds
197.156: [GC197.156: [DefNew: 65472K->7232K(65472K), 0.0251110 secs]197.181: [Tenured: 148315K->75387K(148344K), 0.1228510 secs] 202247K->75387K(213816K), [Perm : 8873K->8873K(21248K)], 0.1481690 secs] [Times: user=0.15 sys=0.00, real=0.14 secs] 
197.304: Total time for which application threads were stopped: 0.1484800 seconds, Stopping threads took: 0.0002000 seconds
197.336: Application time: 0.0312790 seconds
197.336: [GC197.336: [DefNew: 58240K->7231K(65472K), 0.0136960 secs] 133627K->87465K(210744K), 0.0137420 secs] [Times: user=0.01 sys=0.00, real=0.01 secs] 
197.350: Total time for which application threads were stopped: 0.0140750 seconds, Stopping threads took: 0.0002100 seconds
197.380: Application time: 0.0301790 seconds
197.380: [GC197.380: [DefNew: 65471K->7232K(65472K), 0.0219400 secs] 145705K->94932K(210744K), 0.0219840 secs] [Times: user=0.02 sys=0.00, real=0.02 secs] 
197.402: Total time for which application threads were stopped: 0.0222780 seconds, Stopping threads took: 0.0001840 seconds
197.431: Application time: 0.0283990 seconds
197.431: [GC197.431: [DefNew: 65472K->7232K(65472K), 0.0168360 secs] 153172K->101709K(210744K), 0.0168810 secs] [Times: user=0.02 sys=0.00, real=0.02 secs] 
197.448: Total time for which application threads were stopped: 0.0171810 seconds, Stopping threads took: 0.0001910 seconds
197.475: Application time: 0.0266690 seconds
197.475: [GC197.475: [DefNew: 65472K->3900K(65472K), 0.0128240 secs] 159949K->105041K(210744K), 0.0128680 secs] [Times: user=0.01 sys=0.00, real=0.01 secs] 
197.488: Total time for which application threads were stopped: 0.0131400 seconds, Stopping threads took: 0.0001810 seconds
197.512: Application time: 0.0239620 seconds
197.512: [GC197.512: [DefNew: 62140K->1263K(65472K), 0.0048950 secs] 163281K->105989K(210744K), 0.0049390 secs] [Times: user=0.00 sys=0.00, real=0.01 secs] 
197.517: Total time for which application threads were stopped: 0.0051600 seconds, Stopping threads took: 0.0001300 seconds
197.539: Application time: 0.0222780 seconds
197.539: [GC197.539: [DefNew: 59503K->2881K(65472K), 0.0035970 secs] 164229K->107607K(210744K), 0.0036300 secs] [Times: user=0.00 sys=0.00, real=0.00 secs] 
197.543: Total time for which application threads were stopped: 0.0038270 seconds, Stopping threads took: 0.0001150 seconds
197.563: Application time: 0.0205210 seconds
197.564: [GC197.564: [DefNew: 61121K->2590K(65472K), 0.0027580 secs] 165847K->107316K(210744K), 0.0027910 secs] [Times: user=0.00 sys=0.00, real=0.01 secs] 
197.566: Total time for which application threads were stopped: 0.0029690 seconds, Stopping threads took: 0.0000970 seconds
197.586: Application time: 0.0199580 seconds
197.587: [GC197.587: [DefNew: 60830K->3241K(65472K), 0.0031310 secs] 165556K->107967K(210744K), 0.0031680 secs] [Times: user=0.00 sys=0.00, real=0.00 secs] 
197.590: Total time for which application threads were stopped: 0.0033740 seconds, Stopping threads took: 0.0001210 seconds
197.610: Application time: 0.0197610 seconds
197.610: [GC197.610: [DefNew: 61481K->6860K(65472K), 0.0059990 secs] 166207K->111586K(210744K), 0.0060410 secs] [Times: user=0.01 sys=0.00, real=0.01 secs] 
197.616: Total time for which application threads were stopped: 0.0062690 seconds, Stopping threads took: 0.0001400 seconds
197.637: Application time: 0.0207450 seconds
197.637: [GC197.637: [DefNew: 65100K->7231K(65472K), 0.0134040 secs] 169826K->118051K(210744K), 0.0134480 secs] [Times: user=0.02 sys=0.00, real=0.01 secs] 
197.650: Total time for which application threads were stopped: 0.0136290 seconds, Stopping threads took: 0.0000890 seconds
197.672: Application time: 0.0222930 seconds
197.673: [GC197.673: [DefNew: 65471K->7231K(65472K), 0.0183870 secs] 176291K->128478K(210744K), 0.0184290 secs] [Times: user=0.02 sys=0.00, real=0.01 secs] 
197.691: Total time for which application threads were stopped: 0.0186090 seconds, Stopping threads took: 0.0000890 seconds
197.717: Application time: 0.0256790 seconds
197.717: [GC197.717: [DefNew: 65471K->7231K(65472K), 0.0198620 secs] 186718K->137982K(210744K), 0.0199080 secs] [Times: user=0.02 sys=0.00, real=0.02 secs] 
197.737: Total time for which application threads were stopped: 0.0202950 seconds, Stopping threads took: 0.0002760 seconds
197.766: Application time: 0.0289940 seconds
197.766: [GC197.766: [DefNew: 65471K->7231K(65472K), 0.0216090 secs] 196222K->148104K(210744K), 0.0216610 secs] [Times: user=0.02 sys=0.00, real=0.02 secs] 
197.788: Total time for which application threads were stopped: 0.0218530 seconds, Stopping threads took: 0.0000850 seconds
197.818: Application time: 0.0297710 seconds
197.818: [GC197.818: [DefNew: 65471K->7232K(65472K), 0.0295310 secs]197.847: [Tenured: 154648K->82298K(154680K), 0.1255320 secs] 206344K->82298K(220152K), [Perm : 8873K->8873K(21248K)], 0.1554780 secs] [Times: user=0.15 sys=0.00, real=0.16 secs] 
197.973: Total time for which application threads were stopped: 0.1556900 seconds, Stopping threads took: 0.0001040 seconds
198.004: Application time: 0.0309740 seconds
198.005: [GC198.005: [DefNew: 58240K->7231K(65472K), 0.0140590 secs] 140538K->93439K(210744K), 0.0141040 secs] [Times: user=0.01 sys=0.00, real=0.01 secs] 
198.019: Total time for which application threads were stopped: 0.0143250 seconds, Stopping threads took: 0.0001170 seconds
198.049: Application time: 0.0300120 seconds
198.049: [GC198.049: [DefNew: 65471K->7231K(65472K), 0.0211280 secs] 151679K->103002K(210744K), 0.0211730 secs] [Times: user=0.02 sys=0.00, real=0.02 secs] 
198.070: Total time for which application threads were stopped: 0.0214210 seconds, Stopping threads took: 0.0001390 seconds
198.099: Application time: 0.0286490 seconds
198.099: [GC198.099: [DefNew: 65471K->6845K(65472K), 0.0159310 secs] 161242K->108933K(210744K), 0.0159750 secs] [Times: user=0.02 sys=0.00, real=0.02 secs] 
198.115: Total time for which application threads were stopped: 0.0161850 seconds, Stopping threads took: 0.0001200 seconds
198.141: Application time: 0.0255560 seconds
198.141: [GC198.141: [DefNew: 65085K->1694K(65472K), 0.0080330 secs] 167173K->110222K(210744K), 0.0080770 secs] [Times: user=0.01 sys=0.00, real=0.01 secs] 
198.149: Total time for which application threads were stopped: 0.0083600 seconds, Stopping threads took: 0.0001720 seconds
198.173: Application time: 0.0238180 seconds
198.173: [GC198.173: [DefNew: 59934K->1903K(65472K), 0.0029920 secs] 168462K->110431K(210744K), 0.0030240 secs] [Times: user=0.00 sys=0.00, real=0.00 secs] 
198.176: Total time for which application threads were stopped: 0.0033130 seconds, Stopping threads took: 0.0001920 seconds
198.198: Application time: 0.0215740 seconds
198.198: [GC198.198: [DefNew: 60143K->3637K(65472K), 0.0044480 secs] 168671K->112165K(210744K), 0.0044870 secs] [Times: user=0.00 sys=0.00, real=0.00 secs] 
198.202: Total time for which application threads were stopped: 0.0047050 seconds, Stopping threads took: 0.0001310 seconds
198.222: Application time: 0.0201480 seconds
198.223: [GC198.223: [DefNew: 61877K->3208K(65472K), 0.0045310 secs] 170405K->112319K(210744K), 0.0045670 secs] [Times: user=0.01 sys=0.00, real=0.01 secs] 
198.227: Total time for which application threads were stopped: 0.0047870 seconds, Stopping threads took: 0.0001370 seconds
198.247: Application time: 0.0195720 seconds
198.247: [GC198.247: [DefNew: 61448K->3274K(65472K), 0.0026180 secs] 170559K->112386K(210744K), 0.0026550 secs] [Times: user=0.00 sys=0.00, real=0.00 secs] 
198.250: Total time for which application threads were stopped: 0.0028530 seconds, Stopping threads took: 0.0001120 seconds
198.270: Application time: 0.0198760 seconds
198.270: [GC198.270: [DefNew: 61514K->7231K(65472K), 0.0071140 secs] 170626K->117411K(210744K), 0.0071580 secs] [Times: user=0.01 sys=0.00, real=0.01 secs] 
198.277: Total time for which application threads were stopped: 0.0073760 seconds, Stopping threads took: 0.0001280 seconds
198.297: Application time: 0.0204550 seconds
198.298: [GC198.298: [DefNew: 65471K->7231K(65472K), 0.0127480 secs] 175651K->123896K(210744K), 0.0127900 secs] [Times: user=0.02 sys=0.00, real=0.01 secs] 
198.310: Total time for which application threads were stopped: 0.0129480 seconds, Stopping threads took: 0.0000680 seconds
198.334: Application time: 0.0233640 seconds
198.334: [GC198.334: [DefNew: 65471K->7232K(65472K), 0.0251620 secs] 182136K->137520K(210744K), 0.0252160 secs] [Times: user=0.03 sys=0.00, real=0.02 secs] 
198.359: Total time for which application threads were stopped: 0.0254590 seconds, Stopping threads took: 0.0001510 seconds
198.386: Application time: 0.0268530 seconds
198.386: [GC198.386: [DefNew: 65472K->7231K(65472K), 0.0179440 secs] 195760K->145693K(210744K), 0.0179890 secs] [Times: user=0.02 sys=0.00, real=0.01 secs] 
198.404: Total time for which application threads were stopped: 0.0182270 seconds, Stopping threads took: 0.0001480 seconds
198.434: Application time: 0.0293540 seconds
198.434: [GC198.434: [DefNew: 65471K->7232K(65472K), 0.0235690 secs]198.457: [Tenured: 151340K->82101K(151416K), 0.1162110 secs] 203933K->82101K(216888K), [Perm : 8873K->8873K(21248K)], 0.1400580 secs] [Times: user=0.13 sys=0.01, real=0.14 secs] 
198.574: Total time for which application threads were stopped: 0.1403230 seconds, Stopping threads took: 0.0001770 seconds
198.605: Application time: 0.0308980 seconds
198.605: [GC198.605: [DefNew: 58240K->7231K(65472K), 0.0239470 secs] 140341K->98173K(210744K), 0.0239930 secs] [Times: user=0.02 sys=0.00, real=0.02 secs] 
198.629: Total time for which application threads were stopped: 0.0242590 seconds, Stopping threads took: 0.0001650 seconds
198.659: Application time: 0.0297670 seconds
198.659: [GC198.659: [DefNew: 65471K->6763K(65472K), 0.0156120 secs] 156413K->103179K(210744K), 0.0156570 secs] [Times: user=0.02 sys=0.00, real=0.02 secs] 
198.675: Total time for which application threads were stopped: 0.0159500 seconds, Stopping threads took: 0.0001830 seconds
198.704: Application time: 0.0290910 seconds
198.704: [GC198.704: [DefNew: 65003K->7231K(65472K), 0.0209150 secs] 161419K->112587K(210744K), 0.0209580 secs] [Times: user=0.02 sys=0.00, real=0.03 secs] 
198.725: Total time for which application threads were stopped: 0.0212570 seconds, Stopping threads took: 0.0001890 seconds
198.753: Application time: 0.0277630 seconds
198.753: [GC198.753: [DefNew: 65471K->3965K(65472K), 0.0130860 secs] 170827K->115596K(210744K), 0.0131270 secs] [Times: user=0.02 sys=0.00, real=0.01 secs] 
198.766: Total time for which application threads were stopped: 0.0133570 seconds, Stopping threads took: 0.0001210 seconds
198.791: Application time: 0.0243130 seconds
198.791: [GC198.791: [DefNew: 62205K->1449K(65472K), 0.0052220 secs] 173836K->116697K(210744K), 0.0052620 secs] [Times: user=0.01 sys=0.00, real=0.01 secs] 
198.796: Total time for which application threads were stopped: 0.0054890 seconds, Stopping threads took: 0.0001390 seconds
198.819: Application time: 0.0227460 seconds
198.819: [GC198.819: [DefNew: 59689K->3044K(65472K), 0.0035850 secs] 174937K->118292K(210744K), 0.0036220 secs] [Times: user=0.00 sys=0.00, real=0.00 secs] 
198.823: Total time for which application threads were stopped: 0.0038340 seconds, Stopping threads took: 0.0001280 seconds
198.843: Application time: 0.0206530 seconds
198.843: [GC198.844: [DefNew: 61284K->2713K(65472K), 0.0028680 secs] 176532K->117961K(210744K), 0.0029020 secs] [Times: user=0.00 sys=0.00, real=0.01 secs] 
198.846: Total time for which application threads were stopped: 0.0030870 seconds, Stopping threads took: 0.0001060 seconds
198.866: Application time: 0.0198840 seconds
198.866: [GC198.867: [DefNew: 60953K->3363K(65472K), 0.0033140 secs] 176201K->118611K(210744K), 0.0033490 secs] [Times: user=0.00 sys=0.00, real=0.00 secs] 
198.870: Total time for which application threads were stopped: 0.0035680 seconds, Stopping threads took: 0.0001340 seconds
198.889: Application time: 0.0196350 seconds
198.890: [GC198.890: [DefNew: 61603K->5774K(65472K), 0.0045560 secs] 176851K->121022K(210744K), 0.0045940 secs] [Times: user=0.00 sys=0.00, real=0.01 secs] 
198.894: Total time for which application threads were stopped: 0.0047730 seconds, Stopping threads took: 0.0000930 seconds
198.914: Application time: 0.0199230 seconds
198.914: [GC198.915: [DefNew: 64014K->7232K(65472K), 0.0105610 secs] 179262K->125799K(210744K), 0.0106020 secs] [Times: user=0.01 sys=0.00, real=0.01 secs] 
198.925: Total time for which application threads were stopped: 0.0109310 seconds, Stopping threads took: 0.0002120 seconds
198.946: Application time: 0.0210170 seconds
198.947: [GC198.947: [DefNew: 65472K->7231K(65472K), 0.0176360 secs] 184039K->136129K(210744K), 0.0176820 secs] [Times: user=0.02 sys=0.00, real=0.01 secs] 
198.964: Total time for which application threads were stopped: 0.0180810 seconds, Stopping threads took: 0.0002880 seconds
198.988: Application time: 0.0239030 seconds
198.988: [GC198.988: [DefNew: 65471K->7232K(65472K), 0.0201690 secs] 194369K->146883K(210744K), 0.0202140 secs] [Times: user=0.02 sys=0.00, real=0.02 secs] 
199.009: Total time for which application threads were stopped: 0.0204870 seconds, Stopping threads took: 0.0001860 seconds
199.036: Application time: 0.0273940 seconds
199.036: [GC199.036: [DefNew: 65472K->7231K(65472K), 0.0231730 secs]199.059: [Tenured: 149374K->80636K(149496K), 0.1130570 secs] 205123K->80636K(214968K), [Perm : 8873K->8873K(21248K)], 0.1364470 secs] [Times: user=0.14 sys=0.00, real=0.14 secs] 
199.173: Total time for which application threads were stopped: 0.1366830 seconds, Stopping threads took: 0.0001480 seconds
199.203: Application time: 0.0300630 seconds
199.203: [GC199.203: [DefNew: 58240K->7232K(65472K), 0.0276380 secs] 138876K->97442K(210744K), 0.0276820 secs] [Times: user=0.03 sys=0.00, real=0.03 secs] 
199.231: Total time for which application threads were stopped: 0.0280030 seconds, Stopping threads took: 0.0002020 seconds
199.262: Application time: 0.0310230 seconds
199.262: [GC199.262: [DefNew: 65472K->7232K(65472K), 0.0218710 secs] 155682K->108887K(210744K), 0.0219140 secs] [Times: user=0.03 sys=0.00, real=0.02 secs] 
199.284: Total time for which application threads were stopped: 0.0221670 seconds, Stopping threads took: 0.0001530 seconds
199.314: Application time: 0.0296510 seconds
199.314: [GC199.314: [DefNew: 65472K->7232K(65472K), 0.0215700 secs] 167127K->116766K(210744K), 0.0216140 secs] [Times: user=0.02 sys=0.00, real=0.02 secs] 
199.336: Total time for which application threads were stopped: 0.0219130 seconds, Stopping threads took: 0.0001920 seconds
199.364: Application time: 0.0283660 seconds
199.364: [GC199.364: [DefNew: 65472K->7232K(65472K), 0.0175780 secs] 175006K->125752K(210744K), 0.0176230 secs] [Times: user=0.02 sys=0.00, real=0.02 secs] 
199.382: Total time for which application threads were stopped: 0.0178410 seconds, Stopping threads took: 0.0001270 seconds
199.408: Application time: 0.0265750 seconds
199.409: [GC199.409: [DefNew: 65472K->3037K(65472K), 0.0102200 secs] 183992K->128512K(210744K), 0.0102630 secs] [Times: user=0.01 sys=0.00, real=0.01 secs] 
199.419: Total time for which application threads were stopped: 0.0104870 seconds, Stopping threads took: 0.0001310 seconds
199.443: Application time: 0.0238210 seconds
199.443: [GC199.443: [DefNew: 61277K->3455K(65472K), 0.0035810 secs] 186752K->128930K(210744K), 0.0036140 secs] [Times: user=0.00 sys=0.00, real=0.01 secs] 
199.446: Total time for which application threads were stopped: 0.0037730 seconds, Stopping threads took: 0.0000730 seconds
199.469: Application time: 0.0222810 seconds
199.469: [GC199.469: [DefNew: 61695K->4689K(65472K), 0.0050420 secs] 187170K->130164K(210744K), 0.0050790 secs] [Times: user=0.01 sys=0.00, real=0.01 secs] 
199.474: Total time for which application threads were stopped: 0.0052580 seconds, Stopping threads took: 0.0000930 seconds
199.494: Application time: 0.0204730 seconds
199.495: [GC199.495: [DefNew: 62929K->3054K(65472K), 0.0059220 secs] 188404K->130667K(210744K), 0.0059630 secs] [Times: user=0.01 sys=0.00, real=0.00 secs] 
199.501: Total time for which application threads were stopped: 0.0061800 seconds, Stopping threads took: 0.0001300 seconds
199.520: Application time: 0.0197130 seconds
199.521: [GC199.521: [DefNew: 61294K->3212K(65472K), 0.0030370 secs] 188907K->130824K(210744K), 0.0030730 secs] [Times: user=0.00 sys=0.00, real=0.00 secs] 
199.524: Total time for which application threads were stopped: 0.0033480 seconds, Stopping threads took: 0.0001830 seconds
199.544: Application time: 0.0200210 seconds
199.544: [GC199.544: [DefNew: 61452K->7231K(65472K), 0.0063910 secs] 189064K->134974K(210744K), 0.0064470 secs] [Times: user=0.00 sys=0.00, real=0.01 secs] 
199.551: Total time for which application threads were stopped: 0.0068410 seconds, Stopping threads took: 0.0002820 seconds
199.571: Application time: 0.0199750 seconds
199.571: [GC199.571: [DefNew: 65471K->5744K(65472K), 0.0111560 secs] 193214K->139911K(210744K), 0.0111990 secs] [Times: user=0.01 sys=0.00, real=0.01 secs] 
199.582: Total time for which application threads were stopped: 0.0114250 seconds, Stopping threads took: 0.0001170 seconds
199.605: Application time: 0.0228660 seconds
199.605: [GC199.605: [DefNew: 63984K->7231K(65472K), 0.0196770 secs] 198151K->151508K(210744K), 0.0197210 secs] [Times: user=0.02 sys=0.00, real=0.02 secs] 
199.625: Total time for which application threads were stopped: 0.0199350 seconds, Stopping threads took: 0.0001230 seconds
199.650: Application time: 0.0255940 seconds
199.651: [GC199.651: [DefNew: 65471K->7232K(65472K), 0.0214170 secs]199.672: [Tenured: 153353K->75790K(153528K), 0.1268350 secs] 209748K->75790K(219000K), [Perm : 8873K->8873K(21248K)], 0.1486310 secs] [Times: user=0.15 sys=0.00, real=0.15 secs] 
199.799: Total time for which application threads were stopped: 0.1488580 seconds, Stopping threads took: 0.0001380 seconds
199.827: Application time: 0.0279630 seconds
199.827: [GC199.827: [DefNew: 58240K->7231K(65472K), 0.0162590 secs] 134030K->90003K(210744K), 0.0163060 secs] [Times: user=0.02 sys=0.00, real=0.01 secs] 
199.844: Total time for which application threads were stopped: 0.0165570 seconds, Stopping threads took: 0.0001400 seconds
199.874: Application time: 0.0306620 seconds
199.875: [GC199.875: [DefNew: 65471K->7232K(65472K), 0.0270670 secs] 148243K->105202K(210744K), 0.0271110 secs] [Times: user=0.03 sys=0.00, real=0.02 secs] 
199.902: Total time for which application threads were stopped: 0.0273580 seconds, Stopping threads took: 0.0001450 seconds
199.933: Application time: 0.0314530 seconds
199.933: [GC199.933: [DefNew: 65472K->7231K(65472K), 0.0201700 secs] 163442K->113288K(210744K), 0.0202120 secs] [Times: user=0.02 sys=0.00, real=0.02 secs] 
199.954: Total time for which application threads were stopped: 0.0203720 seconds, Stopping threads took: 0.0000680 seconds
199.983: Application time: 0.0294580 seconds
199.983: [GC199.983: [DefNew: 65471K->7231K(65472K), 0.0249070 secs] 171528K->125944K(210744K), 0.0249510 secs] [Times: user=0.02 sys=0.00, real=0.03 secs] 
200.008: Total time for which application threads were stopped: 0.0251620 seconds, Stopping threads took: 0.0001170 seconds
200.038: Application time: 0.0298340 seconds
200.038: [GC200.038: [DefNew: 65471K->6404K(65472K), 0.0172610 secs] 184184K->130900K(210744K), 0.0173060 secs] [Times: user=0.02 sys=0.00, real=0.02 secs] 
200.056: Total time for which application threads were stopped: 0.0175840 seconds, Stopping threads took: 0.0001840 seconds
200.081: Application time: 0.0249330 seconds
200.081: [GC200.081: [DefNew: 64644K->1245K(65472K), 0.0069270 secs] 189140K->131745K(210744K), 0.0069740 secs] [Times: user=0.01 sys=0.00, real=0.01 secs] 
200.088: Total time for which application threads were stopped: 0.0071910 seconds, Stopping threads took: 0.0001200 seconds
200.112: Application time: 0.0237690 seconds
200.112: [GC200.112: [DefNew: 59485K->3029K(65472K), 0.0041930 secs] 189985K->133529K(210744K), 0.0042250 secs] [Times: user=0.00 sys=0.00, real=0.01 secs] 
200.116: Total time for which application threads were stopped: 0.0045260 seconds, Stopping threads took: 0.0001970 seconds
200.138: Application time: 0.0215300 seconds
200.138: [GC200.138: [DefNew: 61269K->2898K(65472K), 0.0032610 secs] 191769K->133398K(210744K), 0.0032970 secs] [Times: user=0.01 sys=0.00, real=0.00 secs] 
200.141: Total time for which application threads were stopped: 0.0035020 seconds, Stopping threads took: 0.0001230 seconds
200.161: Application time: 0.0201830 seconds
200.162: [GC200.162: [DefNew: 61138K->3339K(65472K), 0.0033060 secs] 191638K->133839K(210744K), 0.0033500 secs] [Times: user=0.00 sys=0.00, real=0.01 secs] 
200.165: Total time for which application threads were stopped: 0.0036770 seconds, Stopping threads took: 0.0002270 seconds
200.185: Application time: 0.0196940 seconds
200.185: [GC200.185: [DefNew: 61579K->6491K(65472K), 0.0050590 secs] 192079K->136991K(210744K), 0.0050990 secs] [Times: user=0.00 sys=0.00, real=0.00 secs] 
200.190: Total time for which application threads were stopped: 0.0053460 seconds, Stopping threads took: 0.0001370 seconds
200.210: Application time: 0.0203250 seconds
200.211: [GC200.211: [DefNew: 64731K->5816K(65472K), 0.0083090 secs] 195231K->139359K(210744K), 0.0083500 secs] [Times: user=0.00 sys=0.00, real=0.01 secs] 
200.219: Total time for which application threads were stopped: 0.0085920 seconds, Stopping threads took: 0.0001460 seconds
200.239: Application time: 0.0201840 seconds
200.239: [GC200.239: [DefNew: 64056K->7232K(65472K), 0.0112050 secs] 197599K->146374K(210744K), 0.0112490 secs] [Times: user=0.01 sys=0.00, real=0.01 secs] 
200.251: Total time for which application threads were stopped: 0.0114420 seconds, Stopping threads took: 0.0000780 seconds
200.273: Application time: 0.0226390 seconds
200.273: [GC200.273: [DefNew: 65472K->7231K(65472K), 0.0232410 secs]200.297: [Tenured: 150300K->76211K(150456K), 0.1172630 secs] 204614K->76211K(215928K), [Perm : 8873K->8873K(21248K)], 0.1407520 secs] [Times: user=0.14 sys=0.00, real=0.14 secs] 
200.414: Total time for which application threads were stopped: 0.1409740 seconds, Stopping threads took: 0.0001320 seconds
200.441: Application time: 0.0266750 seconds
200.441: [GC200.441: [DefNew: 58240K->7231K(65472K), 0.0146120 secs] 134451K->85695K(210744K), 0.0146570 secs] [Times: user=0.02 sys=0.00, real=0.02 secs] 
200.456: Total time for which application threads were stopped: 0.0150720 seconds, Stopping threads took: 0.0002920 seconds
200.485: Application time: 0.0292130 seconds
200.485: [GC200.485: [DefNew: 65471K->7231K(65472K), 0.0259980 secs] 143935K->101038K(210744K), 0.0260420 secs] [Times: user=0.03 sys=0.00, real=0.02 secs] 
200.511: Total time for which application threads were stopped: 0.0262850 seconds, Stopping threads took: 0.0001400 seconds
200.544: Application time: 0.0321280 seconds
200.544: [GC200.544: [DefNew: 65471K->7231K(65472K), 0.0238850 secs] 159278K->111474K(210744K), 0.0239280 secs] [Times: user=0.03 sys=0.00, real=0.03 secs] 
200.568: Total time for which application threads were stopped: 0.0242000 seconds, Stopping threads took: 0.0001790 seconds
200.597: Application time: 0.0296830 seconds
200.598: [GC200.598: [DefNew: 65471K->7232K(65472K), 0.0236960 secs] 169714K->124008K(210744K), 0.0237410 secs] [Times: user=0.02 sys=0.00, real=0.02 secs] 
200.621: Total time for which application threads were stopped: 0.0240350 seconds, Stopping threads took: 0.0002000 seconds
200.651: Application time: 0.0298220 seconds
200.652: [GC200.652: [DefNew: 65472K->7231K(65472K), 0.0242260 secs] 182248K->134632K(210744K), 0.0242740 secs] [Times: user=0.02 sys=0.00, real=0.03 secs] 
200.676: Total time for which application threads were stopped: 0.0245200 seconds, Stopping threads took: 0.0001360 seconds
200.704: Application time: 0.0281870 seconds
200.704: [GC200.704: [DefNew: 65471K->5376K(65472K), 0.0186550 secs] 192872K->139724K(210744K), 0.0186990 secs] [Times: user=0.02 sys=0.00, real=0.02 secs] 
200.723: Total time for which application threads were stopped: 0.0190440 seconds, Stopping threads took: 0.0002510 seconds
200.748: Application time: 0.0244670 seconds
200.748: [GC200.748: [DefNew: 63616K->1235K(65472K), 0.0049280 secs] 197964K->139603K(210744K), 0.0049720 secs] [Times: user=0.01 sys=0.00, real=0.01 secs] 
200.753: Total time for which application threads were stopped: 0.0053890 seconds, Stopping threads took: 0.0003040 seconds
200.777: Application time: 0.0235940 seconds
200.777: [GC200.777: [DefNew: 59475K->3171K(65472K), 0.0041080 secs] 197843K->141540K(210744K), 0.0041430 secs] [Times: user=0.01 sys=0.00, real=0.00 secs] 
200.781: Total time for which application threads were stopped: 0.0044170 seconds, Stopping threads took: 0.0001780 seconds
200.802: Application time: 0.0208670 seconds
200.802: [GC200.802: [DefNew: 61411K->3398K(65472K), 0.0038950 secs] 199780K->141767K(210744K), 0.0039310 secs] [Times: user=0.01 sys=0.00, real=0.01 secs] 
200.806: Total time for which application threads were stopped: 0.0043560 seconds, Stopping threads took: 0.0003200 seconds
200.826: Application time: 0.0199030 seconds
200.826: [GC200.826: [DefNew: 61638K->3370K(65472K), 0.0031250 secs] 200007K->141738K(210744K), 0.0031600 secs] [Times: user=0.00 sys=0.00, real=0.00 secs] 
200.830: Total time for which application threads were stopped: 0.0034420 seconds, Stopping threads took: 0.0001780 seconds
200.850: Application time: 0.0202310 seconds
200.850: [GC200.850: [DefNew: 61610K->7231K(65472K), 0.0070400 secs] 199978K->146140K(210744K), 0.0070840 secs] [Times: user=0.01 sys=0.00, real=0.01 secs] 
200.857: Total time for which application threads were stopped: 0.0074210 seconds, Stopping threads took: 0.0002230 seconds
200.877: Application time: 0.0199660 seconds
200.877: [GC200.877: [DefNew: 65471K->2437K(65472K), 0.0089940 secs] 204380K->147690K(210744K), 0.0090380 secs] [Times: user=0.01 sys=0.00, real=0.01 secs] 
200.886: Total time for which application threads were stopped: 0.0093470 seconds, Stopping threads took: 0.0001970 seconds
200.908: Application time: 0.0211490 seconds
200.908: [GC200.908: [DefNew: 60677K->7231K(65472K), 0.0137030 secs]200.922: [Tenured: 150939K->83231K(151032K), 0.1247690 secs] 205930K->83231K(216504K), [Perm : 8873K->8873K(21248K)], 0.1387720 secs] [Times: user=0.14 sys=0.00, real=0.14 secs] 
201.047: Total time for which application threads were stopped: 0.1390320 seconds, Stopping threads took: 0.0001700 seconds
201.070: Application time: 0.0233190 seconds
201.070: [GC201.070: [DefNew: 58240K->7231K(65472K), 0.0158300 secs] 141471K->95320K(210744K), 0.0158760 secs] [Times: user=0.02 sys=0.00, real=0.02 secs] 
201.086: Total time for which application threads were stopped: 0.0163700 seconds, Stopping threads took: 0.0003680 seconds
201.113: Application time: 0.0270380 seconds
201.114: [GC201.114: [DefNew: 65471K->7232K(65472K), 0.0228240 secs] 153560K->105556K(210744K), 0.0228650 secs] [Times: user=0.03 sys=0.00, real=0.02 secs] 
201.137: Total time for which application threads were stopped: 0.0231770 seconds, Stopping threads took: 0.0002220 seconds
201.167: Application time: 0.0302430 seconds
201.167: [GC201.167: [DefNew: 65472K->7231K(65472K), 0.0312360 secs] 163796K->120609K(210744K), 0.0312800 secs] [Times: user=0.03 sys=0.00, real=0.03 secs] 
201.198: Total time for which application threads were stopped: 0.0315410 seconds, Stopping threads took: 0.0001690 seconds
201.230: Application time: 0.0320110 seconds
201.231: [GC201.231: [DefNew: 65471K->7231K(65472K), 0.0208270 secs] 178849K->128500K(210744K), 0.0208730 secs] [Times: user=0.02 sys=0.00, real=0.02 secs] 
201.252: Total time for which application threads were stopped: 0.0211560 seconds, Stopping threads took: 0.0001920 seconds
201.281: Application time: 0.0298570 seconds
201.282: [GC201.282: [DefNew: 65471K->7232K(65472K), 0.0236250 secs] 186740K->140310K(210744K), 0.0236700 secs] [Times: user=0.02 sys=0.00, real=0.03 secs] 
201.305: Total time for which application threads were stopped: 0.0239820 seconds, Stopping threads took: 0.0002010 seconds
201.336: Application time: 0.0307830 seconds
201.336: [GC201.336: [DefNew: 65472K->7231K(65472K), 0.0208340 secs] 198550K->147648K(210744K), 0.0208780 secs] [Times: user=0.02 sys=0.00, real=0.02 secs] 
201.357: Total time for which application threads were stopped: 0.0211210 seconds, Stopping threads took: 0.0001300 seconds
201.383: Application time: 0.0260120 seconds
201.384: [GC201.384: [DefNew: 65471K->1698K(65472K), 0.0099870 secs]201.394: [Tenured: 147143K->77130K(147192K), 0.1278890 secs] 205888K->77130K(212664K), [Perm : 8873K->8873K(21248K)], 0.1380290 secs] [Times: user=0.14 sys=0.00, real=0.14 secs] 
201.522: Total time for which application threads were stopped: 0.1383040 seconds, Stopping threads took: 0.0001760 seconds
201.546: Application time: 0.0241290 seconds
201.546: [GC201.546: [DefNew: 58240K->3383K(65472K), 0.0039170 secs] 135370K->80513K(210744K), 0.0039540 secs] [Times: user=0.00 sys=0.00, real=0.00 secs] 
201.550: Total time for which application threads were stopped: 0.0041820 seconds, Stopping threads took: 0.0001400 seconds
201.572: Application time: 0.0222810 seconds
201.572: [GC201.572: [DefNew: 61623K->3289K(65472K), 0.0036730 secs] 138753K->80419K(210744K), 0.0037120 secs] [Times: user=0.00 sys=0.00, real=0.01 secs] 
201.576: Total time for which application threads were stopped: 0.0039480 seconds, Stopping threads took: 0.0001380 seconds
201.597: Application time: 0.0205650 seconds
201.601: [GC201.601: [DefNew: 61529K->3564K(65472K), 0.0038420 secs] 138659K->80694K(210744K), 0.0038770 secs] [Times: user=0.00 sys=0.00, real=0.01 secs] 
201.605: Total time for which application threads were stopped: 0.0079430 seconds, Stopping threads took: 0.0039600 seconds
201.625: Application time: 0.0199880 seconds
201.625: [GC201.625: [DefNew: 61804K->6728K(65472K), 0.0049990 secs] 138934K->83859K(210744K), 0.0050420 secs] [Times: user=0.00 sys=0.00, real=0.00 secs] 
201.630: Total time for which application threads were stopped: 0.0052930 seconds, Stopping threads took: 0.0001360 seconds
201.651: Application time: 0.0205490 seconds
201.651: [GC201.651: [DefNew: 64968K->5829K(65472K), 0.0107880 secs] 142099K->86212K(210744K), 0.0108310 secs] [Times: user=0.01 sys=0.00, real=0.01 secs] 
201.662: Total time for which application threads were stopped: 0.0110920 seconds, Stopping threads took: 0.0001480 seconds
201.681: Application time: 0.0198920 seconds
201.682: [GC201.682: [DefNew: 64069K->6061K(65472K), 0.0077790 secs] 144452K->88969K(210744K), 0.0078210 secs] [Times: user=0.01 sys=0.00, real=0.01 secs] 
201.690: Total time for which application threads were stopped: 0.0080160 seconds, Stopping threads took: 0.0001030 seconds
201.711: Application time: 0.0217070 seconds
201.711: [GC201.711: [DefNew: 64301K->7232K(65472K), 0.0174930 secs] 147209K->100958K(210744K), 0.0175430 secs] [Times: user=0.02 sys=0.00, real=0.02 secs] 
201.729: Total time for which application threads were stopped: 0.0178170 seconds, Stopping threads took: 0.0001560 seconds
201.753: Application time: 0.0243690 seconds
201.754: [GC201.754: [DefNew: 65472K->7231K(65472K), 0.0197440 secs] 159198K->109946K(210744K), 0.0197870 secs] [Times: user=0.02 sys=0.00, real=0.02 secs] 
201.773: Total time for which application threads were stopped: 0.0200680 seconds, Stopping threads took: 0.0001860 seconds
201.801: Application time: 0.0275420 seconds
201.801: [GC201.801: [DefNew: 65471K->7231K(65472K), 0.0254900 secs] 168186K->123192K(210744K), 0.0255340 secs] [Times: user=0.03 sys=0.00, real=0.03 secs] 
201.827: Total time for which application threads were stopped: 0.0257380 seconds, Stopping threads took: 0.0001110 seconds
201.858: Application time: 0.0313860 seconds
201.858: [GC201.858: [DefNew: 65471K->7231K(65472K), 0.0263150 secs] 181432K->135923K(210744K), 0.0263610 secs] [Times: user=0.03 sys=0.00, real=0.03 secs] 
201.885: Total time for which application threads were stopped: 0.0265820 seconds, Stopping threads took: 0.0001290 seconds
201.916: Application time: 0.0314570 seconds
201.916: [GC201.916: [DefNew: 65471K->7231K(65472K), 0.0198500 secs] 194163K->146488K(210744K), 0.0198920 secs] [Times: user=0.02 sys=0.00, real=0.02 secs] 
201.936: Total time for which application threads were stopped: 0.0200420 seconds, Stopping threads took: 0.0000550 seconds
201.966: Application time: 0.0301970 seconds
201.969: [GC201.969: [DefNew: 65471K->7232K(65472K), 0.0285300 secs]201.997: [Tenured: 151266K->77041K(151416K), 0.1244380 secs] 204728K->77041K(216888K), [Perm : 8873K->8873K(21248K)], 0.1532380 secs] [Times: user=0.15 sys=0.01, real=0.15 secs] 
202.122: Total time for which application threads were stopped: 0.1555610 seconds, Stopping threads took: 0.0022330 seconds
202.152: Application time: 0.0299510 seconds
202.152: [GC202.152: [DefNew: 58240K->7080K(65472K), 0.0103040 secs] 135281K->84121K(210744K), 0.0103560 secs] [Times: user=0.01 sys=0.00, real=0.01 secs] 
202.163: Total time for which application threads were stopped: 0.0107400 seconds, Stopping threads took: 0.0002590 seconds
202.188: Application time: 0.0254390 seconds
202.188: [GC202.188: [DefNew: 65320K->1474K(65472K), 0.0062840 secs] 142361K->84214K(210744K), 0.0063270 secs] [Times: user=0.01 sys=0.00, real=0.01 secs] 
202.195: Total time for which application threads were stopped: 0.0066160 seconds, Stopping threads took: 0.0001760 seconds
202.219: Application time: 0.0240390 seconds
202.219: [GC202.219: [DefNew: 59714K->3217K(65472K), 0.0042070 secs] 142454K->85957K(210744K), 0.0042420 secs] [Times: user=0.01 sys=0.00, real=0.00 secs] 
202.223: Total time for which application threads were stopped: 0.0044420 seconds, Stopping threads took: 0.0001130 seconds
202.245: Application time: 0.0215150 seconds
202.245: [GC202.245: [DefNew: 61457K->3419K(65472K), 0.0039670 secs] 144197K->86159K(210744K), 0.0040030 secs] [Times: user=0.00 sys=0.00, real=0.00 secs] 
202.249: Total time for which application threads were stopped: 0.0042490 seconds, Stopping threads took: 0.0001370 seconds
202.269: Application time: 0.0204170 seconds
202.270: [GC202.270: [DefNew: 61659K->3878K(65472K), 0.0031880 secs] 144399K->86618K(210744K), 0.0032280 secs] [Times: user=0.01 sys=0.00, real=0.01 secs] 
202.273: Total time for which application threads were stopped: 0.0034460 seconds, Stopping threads took: 0.0001290 seconds
202.293: Application time: 0.0206190 seconds
202.294: [GC202.294: [DefNew: 62118K->7107K(65472K), 0.0067650 secs] 144858K->90833K(210744K), 0.0068200 secs] [Times: user=0.00 sys=0.00, real=0.00 secs] 
202.300: Total time for which application threads were stopped: 0.0069930 seconds, Stopping threads took: 0.0000770 seconds
202.320: Application time: 0.0199680 seconds
202.321: [GC202.321: [DefNew: 65347K->2041K(65472K), 0.0084020 secs] 149073K->92200K(210744K), 0.0084450 secs] [Times: user=0.01 sys=0.00, real=0.01 secs] 
202.329: Total time for which application threads were stopped: 0.0086730 seconds, Stopping threads took: 0.0001130 seconds
202.350: Application time: 0.0204260 seconds
202.350: [GC202.350: [DefNew: 60281K->7231K(65472K), 0.0079880 secs] 150440K->99332K(210744K), 0.0080320 secs] [Times: user=0.00 sys=0.00, real=0.01 secs] 
202.358: Total time for which application threads were stopped: 0.0083650 seconds, Stopping threads took: 0.0002180 seconds
202.380: Application time: 0.0224190 seconds
202.381: [GC202.381: [DefNew: 65471K->7231K(65472K), 0.0177860 secs] 157572K->108277K(210744K), 0.0178320 secs] [Times: user=0.02 sys=0.00, real=0.02 secs] 
202.398: Total time for which application threads were stopped: 0.0180050 seconds, Stopping threads took: 0.0000720 seconds
202.424: Application time: 0.0254610 seconds
202.424: [GC202.424: [DefNew: 65471K->7232K(65472K), 0.0190410 secs] 166517K->117100K(210744K), 0.0190890 secs] [Times: user=0.02 sys=0.00, real=0.02 secs] 
202.443: Total time for which application threads were stopped: 0.0193200 seconds, Stopping threads took: 0.0001220 seconds
202.472: Application time: 0.0286980 seconds
202.472: [GC202.472: [DefNew: 65472K->7232K(65472K), 0.0255400 secs] 175340K->130944K(210744K), 0.0255860 secs] [Times: user=0.03 sys=0.00, real=0.03 secs] 
202.498: Total time for which application threads were stopped: 0.0259290 seconds, Stopping threads took: 0.0002310 seconds
202.529: Application time: 0.0308950 seconds
202.533: [GC202.533: [DefNew: 65472K->7231K(65472K), 0.0183810 secs] 189184K->139876K(210744K), 0.0184240 secs] [Times: user=0.01 sys=0.00, real=0.01 secs] 
202.551: Total time for which application threads were stopped: 0.0224960 seconds, Stopping threads took: 0.0039720 seconds
202.583: Application time: 0.0313420 seconds
202.583: [GC202.583: [DefNew: 65471K->7231K(65472K), 0.0208510 secs] 198116K->150464K(210744K), 0.0209070 secs] [Times: user=0.03 sys=0.00, real=0.02 secs] 
202.604: Total time for which application threads were stopped: 0.0212280 seconds, Stopping threads took: 0.0002080 seconds
202.635: Application time: 0.0307790 seconds
202.635: [GC202.635: [DefNew: 65471K->7231K(65472K), 0.0177320 secs]202.653: [Tenured: 150172K->79395K(150264K), 0.1185920 secs] 208704K->79395K(215736K), [Perm : 8873K->8873K(21248K)], 0.1365690 secs] [Times: user=0.13 sys=0.00, real=0.13 secs] 
202.771: Total time for which application threads were stopped: 0.1369000 seconds, Stopping threads took: 0.0002210 seconds
202.799: Application time: 0.0280590 seconds
202.800: [GC202.800: [DefNew: 58240K->6426K(65472K), 0.0096790 secs] 137635K->85822K(210744K), 0.0097230 secs] [Times: user=0.01 sys=0.00, real=0.01 secs] 
202.810: Total time for which application threads were stopped: 0.0101610 seconds, Stopping threads took: 0.0003080 seconds
202.834: Application time: 0.0246530 seconds
202.835: [GC202.835: [DefNew: 64666K->3020K(65472K), 0.0078060 secs] 144062K->87478K(210744K), 0.0078510 secs] [Times: user=0.00 sys=0.00, real=0.00 secs] 
202.842: Total time for which application threads were stopped: 0.0081100 seconds, Stopping threads took: 0.0001540 seconds
202.866: Application time: 0.0235670 seconds
202.866: [GC202.866: [DefNew: 61260K->3163K(65472K), 0.0037720 secs] 145718K->87622K(210744K), 0.0038090 secs] [Times: user=0.01 sys=0.00, real=0.00 secs] 
202.870: Total time for which application threads were stopped: 0.0040120 seconds, Stopping threads took: 0.0001160 seconds
202.891: Application time: 0.0209600 seconds
202.891: [GC202.891: [DefNew: 61403K->3328K(65472K), 0.0031710 secs] 145862K->87787K(210744K), 0.0032060 secs] [Times: user=0.01 sys=0.00, real=0.01 secs] 
202.894: Total time for which application threads were stopped: 0.0033700 seconds, Stopping threads took: 0.0000750 seconds
202.915: Application time: 0.0202930 seconds
202.915: [GC202.915: [DefNew: 61568K->6720K(65472K), 0.0053070 secs] 146027K->91179K(210744K), 0.0053480 secs] [Times: user=0.00 sys=0.00, real=0.00 secs] 
202.920: Total time for which application threads were stopped: 0.0055870 seconds, Stopping threads took: 0.0001460 seconds
202.941: Application time: 0.0208040 seconds
202.941: [GC202.941: [DefNew: 64960K->3001K(65472K), 0.0093410 secs] 149419K->93336K(210744K), 0.0093860 secs] [Times: user=0.01 sys=0.00, real=0.01 secs] 
202.951: Total time for which application threads were stopped: 0.0097760 seconds, Stopping threads took: 0.0002770 seconds
202.971: Application time: 0.0201250 seconds
202.971: [GC202.971: [DefNew: 61241K->5985K(65472K), 0.0047880 secs] 151576K->96320K(210744K), 0.0048310 secs] [Times: user=0.00 sys=0.00, real=0.01 secs] 
202.976: Total time for which application threads were stopped: 0.0051350 seconds, Stopping threads took: 0.0002070 seconds
202.997: Application time: 0.0209550 seconds
202.997: [GC202.997: [DefNew: 64225K->7231K(65472K), 0.0147210 secs] 154560K->104391K(210744K), 0.0147670 secs] [Times: user=0.02 sys=0.00, real=0.01 secs] 
203.012: Total time for which application threads were stopped: 0.0149980 seconds, Stopping threads took: 0.0001360 seconds
203.036: Application time: 0.0236140 seconds
203.036: [GC203.036: [DefNew: 65471K->7231K(65472K), 0.0213970 secs] 162631K->114407K(210744K), 0.0214410 secs] [Times: user=0.02 sys=0.00, real=0.02 secs] 
203.057: Total time for which application threads were stopped: 0.0217510 seconds, Stopping threads took: 0.0002170 seconds
203.083: Application time: 0.0260300 seconds
203.084: [GC203.084: [DefNew: 65471K->7232K(65472K), 0.0147920 secs] 172647K->121289K(210744K), 0.0148340 secs] [Times: user=0.01 sys=0.00, real=0.02 secs] 
203.099: Total time for which application threads were stopped: 0.0151340 seconds, Stopping threads took: 0.0002080 seconds
203.128: Application time: 0.0292300 seconds
203.128: [GC203.128: [DefNew: 65472K->7232K(65472K), 0.0303720 secs] 179529K->136285K(210744K), 0.0304190 secs] [Times: user=0.03 sys=0.00, real=0.03 secs] 
203.159: Total time for which application threads were stopped: 0.0307040 seconds, Stopping threads took: 0.0001940 seconds
203.190: Application time: 0.0316800 seconds
203.191: [GC203.191: [DefNew: 65472K->7231K(65472K), 0.0250380 secs] 194525K->146030K(210744K), 0.0250900 secs] [Times: user=0.02 sys=0.00, real=0.03 secs] 
203.216: Total time for which application threads were stopped: 0.0254490 seconds, Stopping threads took: 0.0002700 seconds
203.246: Application time: 0.0306340 seconds
203.247: [GC203.247: [DefNew: 65471K->7232K(65472K), 0.0219560 secs]203.268: [Tenured: 149832K->80951K(149880K), 0.1201250 secs] 204270K->80951K(215352K), [Perm : 8873K->8873K(21248K)], 0.1423160 secs] [Times: user=0.14 sys=0.00, real=0.14 secs] 
203.389: Total time for which application threads were stopped: 0.1425670 seconds, Stopping threads took: 0.0001490 seconds
203.420: Application time: 0.0307150 seconds
203.420: [GC203.420: [DefNew: 58240K->7231K(65472K), 0.0120300 secs] 139191K->89953K(210744K), 0.0120740 secs] [Times: user=0.01 sys=0.00, real=0.01 secs] 
203.432: Total time for which application threads were stopped: 0.0123360 seconds, Stopping threads took: 0.0001360 seconds
203.458: Application time: 0.0261870 seconds
203.458: [GC203.458: [DefNew: 65471K->4264K(65472K), 0.0144650 secs] 148193K->93912K(210744K), 0.0145070 secs] [Times: user=0.02 sys=0.00, real=0.02 secs] 
203.473: Total time for which application threads were stopped: 0.0148490 seconds, Stopping threads took: 0.0002300 seconds
203.497: Application time: 0.0242560 seconds
203.497: [GC203.497: [DefNew: 62504K->2141K(65472K), 0.0061690 secs] 152152K->95633K(210744K), 0.0062140 secs] [Times: user=0.01 sys=0.00, real=0.00 secs] 
203.504: Total time for which application threads were stopped: 0.0064030 seconds, Stopping threads took: 0.0000940 seconds
203.526: Application time: 0.0228040 seconds
203.527: [GC203.527: [DefNew: 60381K->2418K(65472K), 0.0027860 secs] 153873K->95910K(210744K), 0.0028190 secs] [Times: user=0.00 sys=0.00, real=0.00 secs] 
203.529: Total time for which application threads were stopped: 0.0029680 seconds, Stopping threads took: 0.0000640 seconds
203.550: Application time: 0.0204110 seconds
203.550: [GC203.550: [DefNew: 60658K->2446K(65472K), 0.0024040 secs] 154150K->95938K(210744K), 0.0024340 secs] [Times: user=0.00 sys=0.00, real=0.00 secs] 
203.552: Total time for which application threads were stopped: 0.0025920 seconds, Stopping threads took: 0.0000740 seconds
203.573: Application time: 0.0206120 seconds
203.573: [GC203.573: [DefNew: 60686K->7015K(65472K), 0.0058790 secs] 154178K->100507K(210744K), 0.0059210 secs] [Times: user=0.01 sys=0.00, real=0.00 secs] 
203.579: Total time for which application threads were stopped: 0.0061010 seconds, Stopping threads took: 0.0000850 seconds
203.599: Application time: 0.0201570 seconds
203.600: [GC203.600: [DefNew: 65255K->1574K(65472K), 0.0076990 secs] 158747K->101548K(210744K), 0.0077430 secs] [Times: user=0.01 sys=0.00, real=0.01 secs] 
203.607: Total time for which application threads were stopped: 0.0081320 seconds, Stopping threads took: 0.0002730 seconds
203.628: Application time: 0.0204980 seconds
203.628: [GC203.628: [DefNew: 59814K->7231K(65472K), 0.0085810 secs] 159788K->109305K(210744K), 0.0086240 secs] [Times: user=0.01 sys=0.00, real=0.01 secs] 
203.637: Total time for which application threads were stopped: 0.0088470 seconds, Stopping threads took: 0.0001110 seconds
203.658: Application time: 0.0215210 seconds
203.658: [GC203.659: [DefNew: 65471K->7231K(65472K), 0.0165980 secs] 167545K->116523K(210744K), 0.0166450 secs] [Times: user=0.02 sys=0.00, real=0.02 secs] 
203.675: Total time for which application threads were stopped: 0.0168840 seconds, Stopping threads took: 0.0001290 seconds
203.700: Application time: 0.0247060 seconds
203.700: [GC203.700: [DefNew: 65471K->7232K(65472K), 0.0150350 secs] 174763K->124934K(210744K), 0.0150800 secs] [Times: user=0.01 sys=0.00, real=0.02 secs] 
203.715: Total time for which application threads were stopped: 0.0153860 seconds, Stopping threads took: 0.0002010 seconds
203.741: Application time: 0.0257370 seconds
203.741: [GC203.741: [DefNew: 65472K->7231K(65472K), 0.0186920 secs] 183174K->134838K(210744K), 0.0187470 secs] [Times: user=0.02 sys=0.00, real=0.02 secs] 
203.760: Total time for which application threads were stopped: 0.0189570 seconds, Stopping threads took: 0.0001160 seconds
203.791: Application time: 0.0307400 seconds
203.791: [GC203.791: [DefNew: 65471K->7231K(65472K), 0.0306990 secs] 193078K->149123K(210744K), 0.0307430 secs] [Times: user=0.03 sys=0.00, real=0.03 secs] 
203.822: Total time for which application threads were stopped: 0.0311600 seconds, Stopping threads took: 0.0003070 seconds
203.854: Application time: 0.0325270 seconds
203.855: [GC203.855: [DefNew: 65471K->7232K(65472K), 0.0313550 secs]203.886: [Tenured: 156611K->82232K(156792K), 0.1169590 secs] 207363K->82232K(222264K), [Perm : 8873K->8873K(21248K)], 0.1487260 secs] [Times: user=0.15 sys=0.01, real=0.14 secs] 
204.003: Total time for which application threads were stopped: 0.1488940 seconds, Stopping threads took: 0.0000750 seconds
204.035: Application time: 0.0318420 seconds
204.035: [GC204.035: [DefNew: 58240K->7231K(65472K), 0.0157300 secs] 140472K->93596K(210744K), 0.0157770 secs] [Times: user=0.02 sys=0.00, real=0.01 secs] 
204.051: Total time for which application threads were stopped: 0.0161220 seconds, Stopping threads took: 0.0002200 seconds
204.080: Application time: 0.0284820 seconds
204.080: [GC204.080: [DefNew: 65471K->4936K(65472K), 0.0154790 secs] 151836K->97674K(210744K), 0.0155230 secs] [Times: user=0.02 sys=0.00, real=0.02 secs] 
204.096: Total time for which application threads were stopped: 0.0158100 seconds, Stopping threads took: 0.0001930 seconds
204.121: Application time: 0.0257420 seconds
204.122: [GC204.122: [DefNew: 63176K->3373K(65472K), 0.0077300 secs] 155914K->99622K(210744K), 0.0077730 secs] [Times: user=0.00 sys=0.00, real=0.01 secs] 
204.129: Total time for which application threads were stopped: 0.0080920 seconds, Stopping threads took: 0.0002050 seconds
204.153: Application time: 0.0236730 seconds
204.153: [GC204.153: [DefNew: 61613K->3429K(65472K), 0.0041300 secs] 157862K->99678K(210744K), 0.0041670 secs] [Times: user=0.00 sys=0.00, real=0.00 secs] 
204.157: Total time for which application threads were stopped: 0.0044100 seconds, Stopping threads took: 0.0001550 seconds
204.179: Application time: 0.0211740 seconds
204.179: [GC204.179: [DefNew: 61669K->3563K(65472K), 0.0038570 secs] 157918K->99812K(210744K), 0.0038940 secs] [Times: user=0.01 sys=0.00, real=0.00 secs] 
204.183: Total time for which application threads were stopped: 0.0041320 seconds, Stopping threads took: 0.0001490 seconds
204.203: Application time: 0.0200890 seconds
204.203: [GC204.203: [DefNew: 61803K->3565K(65472K), 0.0034500 secs] 158052K->99813K(210744K), 0.0034840 secs] [Times: user=0.00 sys=0.00, real=0.01 secs] 
204.207: Total time for which application threads were stopped: 0.0037030 seconds, Stopping threads took: 0.0001320 seconds
204.227: Application time: 0.0200180 seconds
204.227: [GC204.227: [DefNew: 61805K->7231K(65472K), 0.0069870 secs] 158053K->104063K(210744K), 0.0070310 secs] [Times: user=0.01 sys=0.00, real=0.01 secs] 
204.234: Total time for which application threads were stopped: 0.0072600 seconds, Stopping threads took: 0.0001350 seconds
204.254: Application time: 0.0199770 seconds
204.254: [GC204.254: [DefNew: 65471K->4101K(65472K), 0.0095670 secs] 162303K->107412K(210744K), 0.0096100 secs] [Times: user=0.01 sys=0.00, real=0.00 secs] 
204.264: Total time for which application threads were stopped: 0.0097760 seconds, Stopping threads took: 0.0000730 seconds
204.285: Application time: 0.0214180 seconds
204.285: [GC204.285: [DefNew: 62341K->7231K(65472K), 0.0114620 secs] 165652K->114998K(210744K), 0.0115050 secs] [Times: user=0.01 sys=0.00, real=0.01 secs] 
204.297: Total time for which application threads were stopped: 0.0116930 seconds, Stopping threads took: 0.0000930 seconds
204.319: Application time: 0.0226100 seconds
204.319: [GC204.320: [DefNew: 65471K->7232K(65472K), 0.0141750 secs] 173238K->122475K(210744K), 0.0142270 secs] [Times: user=0.02 sys=0.00, real=0.02 secs] 
204.334: Total time for which application threads were stopped: 0.0143930 seconds, Stopping threads took: 0.0000700 seconds
204.359: Application time: 0.0250110 seconds
204.359: [GC204.359: [DefNew: 65472K->7231K(65472K), 0.0200330 secs] 180715K->132110K(210744K), 0.0200800 secs] [Times: user=0.02 sys=0.00, real=0.02 secs] 
204.379: Total time for which application threads were stopped: 0.0203720 seconds, Stopping threads took: 0.0001900 seconds
204.407: Application time: 0.0274740 seconds
204.407: [GC204.407: [DefNew: 65471K->7232K(65472K), 0.0256860 secs] 190350K->146403K(210744K), 0.0257290 secs] [Times: user=0.03 sys=0.00, real=0.03 secs] 
204.433: Total time for which application threads were stopped: 0.0260070 seconds, Stopping threads took: 0.0001660 seconds
204.463: Application time: 0.0307470 seconds
204.464: [GC204.464: [DefNew: 65472K->7231K(65472K), 0.0248900 secs]204.488: [Tenured: 150415K->78195K(150456K), 0.1196900 secs] 204643K->78195K(215928K), [Perm : 8873K->8873K(21248K)], 0.1448420 secs] [Times: user=0.14 sys=0.00, real=0.15 secs] 
204.608: Total time for which application threads were stopped: 0.1450300 seconds, Stopping threads took: 0.0000780 seconds
204.640: Application time: 0.0317070 seconds
204.640: [GC204.640: [DefNew: 58240K->7231K(65472K), 0.0169210 secs] 136435K->90929K(210744K), 0.0169660 secs] [Times: user=0.02 sys=0.00, real=0.02 secs] 
204.657: Total time for which application threads were stopped: 0.0172900 seconds, Stopping threads took: 0.0002130 seconds
204.688: Application time: 0.0308080 seconds
204.688: [GC204.688: [DefNew: 65471K->7231K(65472K), 0.0213440 secs] 149169K->99292K(210744K), 0.0213900 secs] [Times: user=0.02 sys=0.00, real=0.02 secs] 
204.710: Total time for which application threads were stopped: 0.0216780 seconds, Stopping threads took: 0.0001680 seconds
204.738: Application time: 0.0277110 seconds
204.738: [GC204.738: [DefNew: 65471K->4899K(65472K), 0.0109270 secs] 157532K->103032K(210744K), 0.0109690 secs] [Times: user=0.01 sys=0.00, real=0.01 secs] 
204.749: Total time for which application threads were stopped: 0.0111910 seconds, Stopping threads took: 0.0001280 seconds
204.774: Application time: 0.0249930 seconds
204.774: [GC204.774: [DefNew: 63139K->2548K(65472K), 0.0063890 secs] 161272K->105129K(210744K), 0.0064340 secs] [Times: user=0.01 sys=0.00, real=0.00 secs] 
204.780: Total time for which application threads were stopped: 0.0066860 seconds, Stopping threads took: 0.0001400 seconds
204.804: Application time: 0.0230890 seconds
204.804: [GC204.804: [DefNew: 60788K->2737K(65472K), 0.0030390 secs] 163369K->105318K(210744K), 0.0030740 secs] [Times: user=0.00 sys=0.00, real=0.01 secs] 
204.807: Total time for which application threads were stopped: 0.0032840 seconds, Stopping threads took: 0.0001230 seconds
204.828: Application time: 0.0211820 seconds
204.828: [GC204.828: [DefNew: 60977K->2743K(65472K), 0.0023770 secs] 163558K->105324K(210744K), 0.0024090 secs] [Times: user=0.00 sys=0.00, real=0.00 secs] 
204.831: Total time for which application threads were stopped: 0.0026240 seconds, Stopping threads took: 0.0001270 seconds
204.851: Application time: 0.0204060 seconds
204.851: [GC204.851: [DefNew: 60983K->5596K(65472K), 0.0041510 secs] 163564K->108177K(210744K), 0.0041870 secs] [Times: user=0.01 sys=0.00, real=0.01 secs] 
204.855: Total time for which application threads were stopped: 0.0043700 seconds, Stopping threads took: 0.0000950 seconds
204.876: Application time: 0.0202220 seconds
204.876: [GC204.876: [DefNew: 63836K->5849K(65472K), 0.0089550 secs] 166417K->110758K(210744K), 0.0089980 secs] [Times: user=0.01 sys=0.00, real=0.01 secs] 
204.885: Total time for which application threads were stopped: 0.0092670 seconds, Stopping threads took: 0.0001550 seconds
204.906: Application time: 0.0206030 seconds
204.906: [GC204.906: [DefNew: 64089K->7231K(65472K), 0.0089110 secs] 168998K->116353K(210744K), 0.0089520 secs] [Times: user=0.01 sys=0.00, real=0.01 secs] 
204.915: Total time for which application threads were stopped: 0.0091370 seconds, Stopping threads took: 0.0000830 seconds
204.936: Application time: 0.0217800 seconds
204.937: [GC204.937: [DefNew: 65471K->7231K(65472K), 0.0156910 secs] 174593K->123309K(210744K), 0.0157350 secs] [Times: user=0.02 sys=0.00, real=0.01 secs] 
204.952: Total time for which application threads were stopped: 0.0158830 seconds, Stopping threads took: 0.0000560 seconds
204.976: Application time: 0.0234390 seconds
204.976: [GC204.976: [DefNew: 65471K->7231K(65472K), 0.0155110 secs] 181549K->131454K(210744K), 0.0155550 secs] [Times: user=0.01 sys=0.00, real=0.01 secs] 
204.992: Total time for which application threads were stopped: 0.0158440 seconds, Stopping threads took: 0.0001770 seconds
205.017: Application time: 0.0255850 seconds
205.017: [GC205.017: [DefNew: 65471K->7231K(65472K), 0.0199570 secs] 189694K->141820K(210744K), 0.0200000 secs] [Times: user=0.02 sys=0.00, real=0.02 secs] 
205.037: Total time for which application threads were stopped: 0.0201610 seconds, Stopping threads took: 0.0000690 seconds
205.066: Application time: 0.0289790 seconds
205.067: [GC205.067: [DefNew: 65471K->7231K(65472K), 0.0291340 secs]205.096: [Tenured: 149214K->75905K(149304K), 0.1237790 secs] 200060K->75905K(214776K), [Perm : 8873K->8873K(21248K)], 0.1531580 secs] [Times: user=0.15 sys=0.00, real=0.15 secs] 
205.220: Total time for which application threads were stopped: 0.1534310 seconds, Stopping threads took: 0.0001630 seconds
205.252: Application time: 0.0318220 seconds
205.252: [GC205.252: [DefNew: 58240K->7232K(65472K), 0.0205400 secs] 134145K->91120K(210744K), 0.0205850 secs] [Times: user=0.02 sys=0.00, real=0.02 secs] 
205.272: Total time for which application threads were stopped: 0.0207790 seconds, Stopping threads took: 0.0000920 seconds
205.304: Application time: 0.0316750 seconds
205.304: [GC205.304: [DefNew: 65472K->7231K(65472K), 0.0209780 secs] 149360K->100503K(210744K), 0.0210230 secs] [Times: user=0.02 sys=0.00, real=0.03 secs] 
205.325: Total time for which application threads were stopped: 0.0213160 seconds, Stopping threads took: 0.0001820 seconds
205.355: Application time: 0.0300030 seconds
205.357: [GC205.357: [DefNew: 65471K->5624K(65472K), 0.0129440 secs] 158743K->103764K(210744K), 0.0129890 secs] [Times: user=0.02 sys=0.00, real=0.01 secs] 
205.370: Total time for which application threads were stopped: 0.0144060 seconds, Stopping threads took: 0.0013020 seconds
205.397: Application time: 0.0266940 seconds
205.397: [GC205.397: [DefNew: 63864K->4888K(65472K), 0.0091700 secs] 162004K->105966K(210744K), 0.0092180 secs] [Times: user=0.01 sys=0.00, real=0.01 secs] 
205.406: Total time for which application threads were stopped: 0.0096140 seconds, Stopping threads took: 0.0002840 seconds
205.430: Application time: 0.0240650 seconds
205.430: [GC205.430: [DefNew: 63128K->2215K(65472K), 0.0056110 secs] 164206K->106018K(210744K), 0.0056530 secs] [Times: user=0.01 sys=0.00, real=0.01 secs] 
205.436: Total time for which application threads were stopped: 0.0059100 seconds, Stopping threads took: 0.0001640 seconds
205.458: Application time: 0.0220490 seconds
205.458: [GC205.458: [DefNew: 60455K->2418K(65472K), 0.0024450 secs] 164258K->106222K(210744K), 0.0024780 secs] [Times: user=0.01 sys=0.00, real=0.00 secs] 
205.461: Total time for which application threads were stopped: 0.0027740 seconds, Stopping threads took: 0.0001920 seconds
205.482: Application time: 0.0209710 seconds
205.482: [GC205.482: [DefNew: 60658K->2406K(65472K), 0.0025220 secs] 164462K->106210K(210744K), 0.0025530 secs] [Times: user=0.01 sys=0.00, real=0.01 secs] 
205.485: Total time for which application threads were stopped: 0.0028140 seconds, Stopping threads took: 0.0001600 seconds
205.505: Application time: 0.0199830 seconds
205.505: [GC205.505: [DefNew: 60646K->6305K(65472K), 0.0049640 secs] 164450K->110109K(210744K), 0.0050070 secs] [Times: user=0.00 sys=0.00, real=0.00 secs] 
205.510: Total time for which application threads were stopped: 0.0052110 seconds, Stopping threads took: 0.0001090 seconds
205.530: Application time: 0.0200810 seconds
205.530: [GC205.530: [DefNew: 64545K->4200K(65472K), 0.0093690 secs] 168349K->113557K(210744K), 0.0094200 secs] [Times: user=0.01 sys=0.00, real=0.01 secs] 
205.540: Total time for which application threads were stopped: 0.0096870 seconds, Stopping threads took: 0.0001510 seconds
205.561: Application time: 0.0213270 seconds
205.561: [GC205.561: [DefNew: 62440K->6943K(65472K), 0.0097720 secs] 171797K->120103K(210744K), 0.0098150 secs] [Times: user=0.01 sys=0.00, real=0.01 secs] 
205.571: Total time for which application threads were stopped: 0.0101520 seconds, Stopping threads took: 0.0002220 seconds
205.593: Application time: 0.0219820 seconds
205.593: [GC205.593: [DefNew: 65183K->5209K(65472K), 0.0117070 secs] 178343K->124343K(210744K), 0.0117510 secs] [Times: user=0.01 sys=0.00, real=0.01 secs] 
205.605: Total time for which application threads were stopped: 0.0119980 seconds, Stopping threads took: 0.0001350 seconds
205.629: Application time: 0.0237640 seconds
205.629: [GC205.629: [DefNew: 63449K->7231K(65472K), 0.0170740 secs] 182583K->136399K(210744K), 0.0171170 secs] [Times: user=0.02 sys=0.00, real=0.02 secs] 
205.646: Total time for which application threads were stopped: 0.0173160 seconds, Stopping threads took: 0.0001040 seconds
205.673: Application time: 0.0269120 seconds
205.674: [GC205.674: [DefNew: 65471K->7231K(65472K), 0.0228840 secs] 194639K->147498K(210744K), 0.0229370 secs] [Times: user=0.02 sys=0.01, real=0.02 secs] 
205.696: Total time for which application threads were stopped: 0.0233430 seconds, Stopping threads took: 0.0002930 seconds
205.726: Application time: 0.0299740 seconds
205.727: [GC205.727: [DefNew: 65471K->7231K(65472K), 0.0262300 secs]205.753: [Tenured: 152610K->77588K(152760K), 0.1190590 secs] 205738K->77588K(218232K), [Perm : 8873K->8873K(21248K)], 0.1456070 secs] [Times: user=0.14 sys=0.00, real=0.14 secs] 
205.872: Total time for which application threads were stopped: 0.1459620 seconds, Stopping threads took: 0.0002450 seconds
205.904: Application time: 0.0317890 seconds
205.904: [GC205.904: [DefNew: 58240K->7232K(65472K), 0.0157080 secs] 135828K->91793K(210744K), 0.0157530 secs] [Times: user=0.01 sys=0.00, real=0.02 secs] 
205.920: Total time for which application threads were stopped: 0.0159680 seconds, Stopping threads took: 0.0001090 seconds
205.952: Application time: 0.0313260 seconds
205.952: [GC205.952: [DefNew: 65472K->7231K(65472K), 0.0229060 secs] 150033K->100548K(210744K), 0.0229490 secs] [Times: user=0.02 sys=0.00, real=0.03 secs] 
205.975: Total time for which application threads were stopped: 0.0232560 seconds, Stopping threads took: 0.0001940 seconds
206.003: Application time: 0.0278190 seconds
206.003: [GC206.003: [DefNew: 65471K->5702K(65472K), 0.0138840 secs] 158788K->104939K(210744K), 0.0139280 secs] [Times: user=0.01 sys=0.00, real=0.02 secs] 
206.017: Total time for which application threads were stopped: 0.0142920 seconds, Stopping threads took: 0.0002530 seconds
206.042: Application time: 0.0255260 seconds
206.043: [GC206.043: [DefNew: 63942K->4876K(65472K), 0.0085480 secs] 163179K->106923K(210744K), 0.0085920 secs] [Times: user=0.01 sys=0.00, real=0.01 secs] 
206.051: Total time for which application threads were stopped: 0.0088220 seconds, Stopping threads took: 0.0001340 seconds
206.075: Application time: 0.0232610 seconds
206.075: [GC206.075: [DefNew: 63116K->2277K(65472K), 0.0054390 secs] 165163K->107092K(210744K), 0.0054820 secs] [Times: user=0.01 sys=0.00, real=0.00 secs] 
206.080: Total time for which application threads were stopped: 0.0058790 seconds, Stopping threads took: 0.0003000 seconds
206.102: Application time: 0.0217000 seconds
206.102: [GC206.102: [DefNew: 60517K->2356K(65472K), 0.0025760 secs] 165332K->107172K(210744K), 0.0026090 secs] [Times: user=0.00 sys=0.00, real=0.01 secs] 
206.105: Total time for which application threads were stopped: 0.0028160 seconds, Stopping threads took: 0.0001220 seconds
206.125: Application time: 0.0205490 seconds
206.126: [GC206.126: [DefNew: 60596K->5362K(65472K), 0.0041070 secs] 165412K->110177K(210744K), 0.0041570 secs] [Times: user=0.00 sys=0.00, real=0.00 secs] 
206.130: Total time for which application threads were stopped: 0.0044890 seconds, Stopping threads took: 0.0002190 seconds
206.150: Application time: 0.0203160 seconds
206.151: [GC206.151: [DefNew: 63602K->5925K(65472K), 0.0090790 secs] 168417K->112656K(210744K), 0.0091230 secs] [Times: user=0.01 sys=0.00, real=0.01 secs] 
206.160: Total time for which application threads were stopped: 0.0095170 seconds, Stopping threads took: 0.0002790 seconds
206.181: Application time: 0.0208180 seconds
206.181: [GC206.181: [DefNew: 64165K->7232K(65472K), 0.0087930 secs] 170896K->116975K(210744K), 0.0088390 secs] [Times: user=0.01 sys=0.00, real=0.01 secs] 
206.190: Total time for which application threads were stopped: 0.0090990 seconds, Stopping threads took: 0.0001650 seconds
206.211: Application time: 0.0208990 seconds
206.211: [GC206.211: [DefNew: 65472K->7105K(65472K), 0.0134310 secs] 175215K->123317K(210744K), 0.0134770 secs] [Times: user=0.02 sys=0.00, real=0.01 secs] 
206.224: Total time for which application threads were stopped: 0.0137370 seconds, Stopping threads took: 0.0001450 seconds
206.247: Application time: 0.0226610 seconds
206.247: [GC206.247: [DefNew: 65345K->6805K(65472K), 0.0117400 secs] 181557K->128668K(210744K), 0.0117860 secs] [Times: user=0.02 sys=0.00, real=0.01 secs] 
206.259: Total time for which application threads were stopped: 0.0120100 seconds, Stopping threads took: 0.0001290 seconds
206.284: Application time: 0.0246250 seconds
206.284: [GC206.284: [DefNew: 65045K->7232K(65472K), 0.0209450 secs] 186908K->140621K(210744K), 0.0209890 secs] [Times: user=0.02 sys=0.00, real=0.03 secs] 
206.305: Total time for which application threads were stopped: 0.0212540 seconds, Stopping threads took: 0.0001730 seconds
206.333: Application time: 0.0277020 seconds
206.333: [GC206.333: [DefNew: 65472K->7232K(65472K), 0.0209190 secs] 198861K->151177K(210744K), 0.0209620 secs] [Times: user=0.02 sys=0.00, real=0.02 secs] 
206.354: Total time for which application threads were stopped: 0.0211610 seconds, Stopping threads took: 0.0001050 seconds
206.384: Application time: 0.0304370 seconds
206.384: [GC206.384: [DefNew: 65472K->7232K(65472K), 0.0326330 secs]206.417: [Tenured: 158972K->81429K(159096K), 0.1305180 secs] 209417K->81429K(224568K), [Perm : 8873K->8873K(21248K)], 0.1636800 secs] [Times: user=0.16 sys=0.00, real=0.17 secs] 
206.548: Total time for which application threads were stopped: 0.1638960 seconds, Stopping threads took: 0.0001270 seconds
206.580: Application time: 0.0316330 seconds
206.580: [GC206.580: [DefNew: 58240K->7231K(65472K), 0.0169600 secs] 139669K->93741K(210744K), 0.0170040 secs] [Times: user=0.02 sys=0.00, real=0.02 secs] 
206.597: Total time for which application threads were stopped: 0.0172480 seconds, Stopping threads took: 0.0001200 seconds
206.628: Application time: 0.0306220 seconds
206.628: [GC206.628: [DefNew: 65471K->7232K(65472K), 0.0184730 secs] 151981K->100942K(210744K), 0.0185180 secs] [Times: user=0.02 sys=0.00, real=0.02 secs] 
206.647: Total time for which application threads were stopped: 0.0189220 seconds, Stopping threads took: 0.0002910 seconds
206.674: Application time: 0.0276630 seconds
206.674: [GC206.674: [DefNew: 65472K->4370K(65472K), 0.0104010 secs] 159182K->102175K(210744K), 0.0104460 secs] [Times: user=0.01 sys=0.00, real=0.01 secs] 
206.685: Total time for which application threads were stopped: 0.0107200 seconds, Stopping threads took: 0.0001610 seconds
206.710: Application time: 0.0252420 seconds
206.710: [GC206.710: [DefNew: 62610K->3839K(65472K), 0.0065340 secs] 160415K->103813K(210744K), 0.0065770 secs] [Times: user=0.00 sys=0.00, real=0.01 secs] 
206.717: Total time for which application threads were stopped: 0.0068060 seconds, Stopping threads took: 0.0001270 seconds
206.740: Application time: 0.0227360 seconds
206.740: [GC206.740: [DefNew: 62079K->2211K(65472K), 0.0049080 secs] 162053K->104023K(210744K), 0.0049600 secs] [Times: user=0.01 sys=0.00, real=0.01 secs] 
206.745: Total time for which application threads were stopped: 0.0051960 seconds, Stopping threads took: 0.0001410 seconds
206.767: Application time: 0.0225230 seconds
206.768: [GC206.768: [DefNew: 60451K->2278K(65472K), 0.0023490 secs] 162263K->104090K(210744K), 0.0023790 secs] [Times: user=0.01 sys=0.00, real=0.00 secs] 
206.770: Total time for which application threads were stopped: 0.0027650 seconds, Stopping threads took: 0.0002880 seconds
206.791: Application time: 0.0208620 seconds
206.791: [GC206.791: [DefNew: 60518K->6221K(65472K), 0.0054500 secs] 162330K->108033K(210744K), 0.0054900 secs] [Times: user=0.01 sys=0.00, real=0.01 secs] 
206.797: Total time for which application threads were stopped: 0.0058650 seconds, Stopping threads took: 0.0002860 seconds
206.818: Application time: 0.0206310 seconds
206.818: [GC206.818: [DefNew: 64461K->6611K(65472K), 0.0107220 secs] 166273K->113720K(210744K), 0.0107670 secs] [Times: user=0.01 sys=0.00, real=0.01 secs] 
206.829: Total time for which application threads were stopped: 0.0109660 seconds, Stopping threads took: 0.0001030 seconds
206.850: Application time: 0.0213890 seconds
206.850: [GC206.850: [DefNew: 64851K->2818K(65472K), 0.0097480 secs] 171960K->115780K(210744K), 0.0097920 secs] [Times: user=0.01 sys=0.00, real=0.01 secs] 
206.860: Total time for which application threads were stopped: 0.0101440 seconds, Stopping threads took: 0.0002380 seconds
206.882: Application time: 0.0219120 seconds
206.882: [GC206.882: [DefNew: 61058K->7232K(65472K), 0.0077470 secs] 174020K->121094K(210744K), 0.0077900 secs] [Times: user=0.00 sys=0.00, real=0.01 secs] 
206.890: Total time for which application threads were stopped: 0.0080850 seconds, Stopping threads took: 0.0001990 seconds
206.912: Application time: 0.0218950 seconds
206.912: [GC206.912: [DefNew: 65472K->7232K(65472K), 0.0157640 secs] 179334K->128952K(210744K), 0.0158080 secs] [Times: user=0.01 sys=0.00, real=0.02 secs] 
206.928: Total time for which application threads were stopped: 0.0160660 seconds, Stopping threads took: 0.0001430 seconds
206.953: Application time: 0.0254100 seconds
206.954: [GC206.954: [DefNew: 65472K->7232K(65472K), 0.0254060 secs] 187192K->141745K(210744K), 0.0254520 secs] [Times: user=0.02 sys=0.00, real=0.02 secs] 
206.979: Total time for which application threads were stopped: 0.0256540 seconds, Stopping threads took: 0.0001090 seconds
207.008: Application time: 0.0293030 seconds
207.009: [GC207.009: [DefNew: 65472K->7232K(65472K), 0.0194840 secs] 199985K->151681K(210744K), 0.0195270 secs] [Times: user=0.02 sys=0.00, real=0.02 secs] 
207.028: Total time for which application threads were stopped: 0.0198110 seconds, Stopping threads took: 0.0001900 seconds
207.060: Application time: 0.0313030 seconds
207.060: [GC207.060: [DefNew: 65472K->7232K(65472K), 0.0209160 secs]207.081: [Tenured: 154422K->74783K(154488K), 0.1138200 secs] 209921K->74783K(219960K), [Perm : 8873K->8873K(21248K)], 0.1350940 secs] [Times: user=0.14 sys=0.00, real=0.14 secs] 
207.195: Total time for which application threads were stopped: 0.1352470 seconds, Stopping threads took: 0.0000610 seconds
207.226: Application time: 0.0309450 seconds
207.226: [GC207.226: [DefNew: 58240K->7231K(65472K), 0.0139720 secs] 133023K->86794K(210744K), 0.0140200 secs] [Times: user=0.01 sys=0.00, real=0.01 secs] 
207.240: Total time for which application threads were stopped: 0.0142520 seconds, Stopping threads took: 0.0001170 seconds
207.270: Application time: 0.0299620 seconds
207.270: [GC207.270: [DefNew: 65471K->7180K(65472K), 0.0183120 secs] 145034K->93771K(210744K), 0.0183570 secs] [Times: user=0.02 sys=0.00, real=0.02 secs] 
207.289: Total time for which application threads were stopped: 0.0185970 seconds, Stopping threads took: 0.0001480 seconds
207.315: Application time: 0.0267030 seconds
207.316: [GC207.316: [DefNew: 65420K->4956K(65472K), 0.0098900 secs] 152011K->96027K(210744K), 0.0099350 secs] [Times: user=0.01 sys=0.00, real=0.01 secs] 
207.326: Total time for which application threads were stopped: 0.0102650 seconds, Stopping threads took: 0.0002360 seconds
207.350: Application time: 0.0241060 seconds
207.350: [GC207.350: [DefNew: 63196K->2335K(65472K), 0.0056060 secs] 154267K->96132K(210744K), 0.0056540 secs] [Times: user=0.01 sys=0.00, real=0.01 secs] 
207.356: Total time for which application threads were stopped: 0.0058860 seconds, Stopping threads took: 0.0001390 seconds
207.378: Application time: 0.0224900 seconds
207.378: [GC207.378: [DefNew: 60575K->2476K(65472K), 0.0025220 secs] 154372K->96273K(210744K), 0.0025540 secs] [Times: user=0.00 sys=0.00, real=0.00 secs] 
207.381: Total time for which application threads were stopped: 0.0027610 seconds, Stopping threads took: 0.0001230 seconds
207.402: Application time: 0.0211510 seconds
207.402: [GC207.402: [DefNew: 60716K->5231K(65472K), 0.0039380 secs] 154513K->99028K(210744K), 0.0039810 secs] [Times: user=0.01 sys=0.00, real=0.01 secs] 
207.406: Total time for which application threads were stopped: 0.0042060 seconds, Stopping threads took: 0.0001320 seconds
207.427: Application time: 0.0211170 seconds
207.427: [GC207.427: [DefNew: 63471K->7231K(65472K), 0.0085190 secs] 157268K->103196K(210744K), 0.0085620 secs] [Times: user=0.01 sys=0.00, real=0.01 secs] 
207.436: Total time for which application threads were stopped: 0.0088010 seconds, Stopping threads took: 0.0001430 seconds
207.458: Application time: 0.0215400 seconds
207.458: [GC207.458: [DefNew: 65471K->4760K(65472K), 0.0136010 secs] 161436K->107361K(210744K), 0.0136450 secs] [Times: user=0.02 sys=0.00, real=0.01 secs] 
207.471: Total time for which application threads were stopped: 0.0138400 seconds, Stopping threads took: 0.0000980 seconds
207.493: Application time: 0.0215650 seconds
207.493: [GC207.493: [DefNew: 63000K->3284K(65472K), 0.0070630 secs] 165601K->110197K(210744K), 0.0071070 secs] [Times: user=0.01 sys=0.00, real=0.00 secs] 
207.500: Total time for which application threads were stopped: 0.0073590 seconds, Stopping threads took: 0.0001570 seconds
207.523: Application time: 0.0229120 seconds
207.523: [GC207.523: [DefNew: 61524K->7232K(65472K), 0.0091570 secs] 168437K->115029K(210744K), 0.0092020 secs] [Times: user=0.00 sys=0.00, real=0.02 secs] 
207.533: Total time for which application threads were stopped: 0.0094170 seconds, Stopping threads took: 0.0000990 seconds
207.555: Application time: 0.0224580 seconds
207.555: [GC207.555: [DefNew: 65472K->7231K(65472K), 0.0165060 secs] 173269K->124925K(210744K), 0.0165490 secs] [Times: user=0.02 sys=0.00, real=0.01 secs] 
207.572: Total time for which application threads were stopped: 0.0167840 seconds, Stopping threads took: 0.0001420 seconds
207.599: Application time: 0.0267510 seconds
207.599: [GC207.599: [DefNew: 65471K->7232K(65472K), 0.0288200 secs] 183165K->138869K(210744K), 0.0288620 secs] [Times: user=0.03 sys=0.00, real=0.03 secs] 
207.628: Total time for which application threads were stopped: 0.0292120 seconds, Stopping threads took: 0.0002570 seconds
207.658: Application time: 0.0299740 seconds
207.658: [GC207.658: [DefNew: 65472K->7232K(65472K), 0.0236520 secs] 197109K->149047K(210744K), 0.0236960 secs] [Times: user=0.03 sys=0.00, real=0.02 secs] 
207.682: Total time for which application threads were stopped: 0.0239100 seconds, Stopping threads took: 0.0001230 seconds
207.713: Application time: 0.0313990 seconds
207.713: [GC207.713: [DefNew: 65472K->7232K(65472K), 0.0314760 secs]207.745: [Tenured: 155976K->76870K(156024K), 0.1202220 secs] 207287K->76870K(221496K), [Perm : 8873K->8873K(21248K)], 0.1520910 secs] [Times: user=0.15 sys=0.00, real=0.15 secs] 
207.866: Total time for which application threads were stopped: 0.1523630 seconds, Stopping threads took: 0.0001630 seconds
207.896: Application time: 0.0304360 seconds
207.896: [GC207.896: [DefNew: 58240K->7231K(65472K), 0.0122560 secs] 135110K->85096K(210744K), 0.0123010 secs] [Times: user=0.02 sys=0.00, real=0.01 secs] 
207.909: Total time for which application threads were stopped: 0.0125600 seconds, Stopping threads took: 0.0001310 seconds
207.937: Application time: 0.0289290 seconds
207.938: [GC207.938: [DefNew: 65471K->7231K(65472K), 0.0177060 secs] 143336K->92784K(210744K), 0.0177580 secs] [Times: user=0.01 sys=0.00, real=0.02 secs] 
207.956: Total time for which application threads were stopped: 0.0180540 seconds, Stopping threads took: 0.0002010 seconds
207.981: Application time: 0.0258220 seconds
207.982: [GC207.982: [DefNew: 65471K->4590K(65472K), 0.0093840 secs] 151024K->93325K(210744K), 0.0094290 secs] [Times: user=0.01 sys=0.00, real=0.01 secs] 
207.991: Total time for which application threads were stopped: 0.0096470 seconds, Stopping threads took: 0.0001220 seconds
208.015: Application time: 0.0235950 seconds
208.015: [GC208.015: [DefNew: 62830K->2414K(65472K), 0.0049590 secs] 151565K->93431K(210744K), 0.0049980 secs] [Times: user=0.00 sys=0.00, real=0.00 secs] 
208.020: Total time for which application threads were stopped: 0.0052530 seconds, Stopping threads took: 0.0001650 seconds
208.042: Application time: 0.0219060 seconds
208.042: [GC208.042: [DefNew: 60654K->2367K(65472K), 0.0025090 secs] 151671K->93384K(210744K), 0.0025410 secs] [Times: user=0.00 sys=0.00, real=0.01 secs] 
208.045: Total time for which application threads were stopped: 0.0027920 seconds, Stopping threads took: 0.0001480 seconds
208.066: Application time: 0.0214110 seconds
208.066: [GC208.066: [DefNew: 60607K->6363K(65472K), 0.0064410 secs] 151624K->97380K(210744K), 0.0064810 secs] [Times: user=0.01 sys=0.00, real=0.01 secs] 
208.073: Total time for which application threads were stopped: 0.0067790 seconds, Stopping threads took: 0.0002060 seconds
208.094: Application time: 0.0210100 seconds
208.094: [GC208.094: [DefNew: 64603K->7220K(65472K), 0.0122080 secs] 155620K->103726K(210744K), 0.0122490 secs] [Times: user=0.01 sys=0.00, real=0.01 secs] 
208.106: Total time for which application threads were stopped: 0.0125560 seconds, Stopping threads took: 0.0002120 seconds
208.128: Application time: 0.0216090 seconds
208.128: [GC208.128: [DefNew: 65460K->2259K(65472K), 0.0083470 secs] 161966K->105316K(210744K), 0.0083880 secs] [Times: user=0.01 sys=0.00, real=0.01 secs] 
208.137: Total time for which application threads were stopped: 0.0087310 seconds, Stopping threads took: 0.0002380 seconds
208.158: Application time: 0.0216890 seconds
208.159: [GC208.159: [DefNew: 60499K->6230K(65472K), 0.0051710 secs] 163556K->109287K(210744K), 0.0052110 secs] [Times: user=0.01 sys=0.00, real=0.00 secs] 
208.164: Total time for which application threads were stopped: 0.0053960 seconds, Stopping threads took: 0.0000920 seconds
208.185: Application time: 0.0214490 seconds
208.185: [GC208.186: [DefNew: 64470K->7231K(65472K), 0.0137700 secs] 167527K->115085K(210744K), 0.0138140 secs] [Times: user=0.02 sys=0.00, real=0.01 secs] 
208.199: Total time for which application threads were stopped: 0.0140930 seconds, Stopping threads took: 0.0001670 seconds
208.223: Application time: 0.0239010 seconds
208.223: [GC208.224: [DefNew: 65471K->7231K(65472K), 0.0215530 secs] 173325K->127402K(210744K), 0.0215980 secs] [Times: user=0.02 sys=0.00, real=0.03 secs] 
208.245: Total time for which application threads were stopped: 0.0218730 seconds, Stopping threads took: 0.0001830 seconds
208.272: Application time: 0.0271850 seconds
208.273: [GC208.273: [DefNew: 65471K->7231K(65472K), 0.0192680 secs] 185642K->136605K(210744K), 0.0193130 secs] [Times: user=0.02 sys=0.00, real=0.01 secs] 
208.292: Total time for which application threads were stopped: 0.0195580 seconds, Stopping threads took: 0.0001400 seconds
208.323: Application time: 0.0306750 seconds
208.323: [GC208.323: [DefNew: 65471K->7232K(65472K), 0.0231070 secs] 194845K->150595K(210744K), 0.0231510 secs] [Times: user=0.02 sys=0.00, real=0.03 secs] 
208.346: Total time for which application threads were stopped: 0.0233360 seconds, Stopping threads took: 0.0000940 seconds
208.376: Application time: 0.0304610 seconds
208.377: [GC208.377: [DefNew: 65472K->7232K(65472K), 0.0263420 secs]208.403: [Tenured: 152925K->78143K(152952K), 0.1211960 secs] 208835K->78143K(218424K), [Perm : 8873K->8873K(21248K)], 0.1478590 secs] [Times: user=0.15 sys=0.00, real=0.14 secs] 
208.524: Total time for which application threads were stopped: 0.1480620 seconds, Stopping threads took: 0.0001000 seconds
208.555: Application time: 0.0303680 seconds
208.555: [GC208.555: [DefNew: 58240K->7232K(65472K), 0.0113650 secs] 136383K->87020K(210744K), 0.0114090 secs] [Times: user=0.01 sys=0.00, real=0.01 secs] 
208.566: Total time for which application threads were stopped: 0.0116770 seconds, Stopping threads took: 0.0001440 seconds
208.594: Application time: 0.0273430 seconds
208.594: [GC208.594: [DefNew: 65472K->7110K(65472K), 0.0157450 secs] 145260K->93315K(210744K), 0.0157880 secs] [Times: user=0.02 sys=0.00, real=0.01 secs] 
208.610: Total time for which application threads were stopped: 0.0159950 seconds, Stopping threads took: 0.0001130 seconds
208.635: Application time: 0.0251790 seconds
208.635: [GC208.635: [DefNew: 65350K->3745K(65472K), 0.0071770 secs] 151555K->93594K(210744K), 0.0072210 secs] [Times: user=0.01 sys=0.00, real=0.00 secs] 
208.643: Total time for which application threads were stopped: 0.0075320 seconds, Stopping threads took: 0.0001960 seconds
208.666: Application time: 0.0230940 seconds
208.666: [GC208.666: [DefNew: 61985K->1004K(65472K), 0.0042160 secs] 151834K->94059K(210744K), 0.0042560 secs] [Times: user=0.01 sys=0.00, real=0.00 secs] 
208.670: Total time for which application threads were stopped: 0.0045820 seconds, Stopping threads took: 0.0002340 seconds
208.692: Application time: 0.0222910 seconds
208.693: [GC208.693: [DefNew: 59244K->3622K(65472K), 0.0030420 secs] 152299K->96677K(210744K), 0.0030770 secs] [Times: user=0.00 sys=0.00, real=0.00 secs] 
208.696: Total time for which application threads were stopped: 0.0033140 seconds, Stopping threads took: 0.0001420 seconds
208.717: Application time: 0.0217040 seconds
208.718: [GC208.718: [DefNew: 61862K->7231K(65472K), 0.0098940 secs] 154917K->103121K(210744K), 0.0099390 secs] [Times: user=0.01 sys=0.00, real=0.01 secs] 
208.728: Total time for which application threads were stopped: 0.0101780 seconds, Stopping threads took: 0.0001250 seconds
208.750: Application time: 0.0218970 seconds
208.750: [GC208.750: [DefNew: 65471K->3666K(65472K), 0.0120960 secs] 161361K->105810K(210744K), 0.0121380 secs] [Times: user=0.01 sys=0.00, real=0.01 secs] 
208.762: Total time for which application threads were stopped: 0.0122950 seconds, Stopping threads took: 0.0000640 seconds
208.784: Application time: 0.0219890 seconds
208.784: [GC208.784: [DefNew: 61906K->1290K(65472K), 0.0047990 secs] 164050K->106959K(210744K), 0.0048380 secs] [Times: user=0.00 sys=0.00, real=0.01 secs] 
208.789: Total time for which application threads were stopped: 0.0049840 seconds, Stopping threads took: 0.0000550 seconds
208.810: Application time: 0.0213370 seconds
208.811: [GC208.811: [DefNew: 59530K->5750K(65472K), 0.0060740 secs] 165199K->111419K(210744K), 0.0061130 secs] [Times: user=0.01 sys=0.00, real=0.01 secs] 
208.817: Total time for which application threads were stopped: 0.0064600 seconds, Stopping threads took: 0.0002390 seconds
208.838: Application time: 0.0216990 seconds
208.839: [GC208.839: [DefNew: 63990K->7231K(65472K), 0.0161990 secs] 169659K->120446K(210744K), 0.0162440 secs] [Times: user=0.02 sys=0.00, real=0.02 secs] 
208.855: Total time for which application threads were stopped: 0.0165500 seconds, Stopping threads took: 0.0001930 seconds
208.880: Application time: 0.0246020 seconds
208.880: [GC208.880: [DefNew: 65471K->7232K(65472K), 0.0271030 secs] 178686K->133317K(210744K), 0.0271480 secs] [Times: user=0.03 sys=0.00, real=0.03 secs] 
208.907: Total time for which application threads were stopped: 0.0273910 seconds, Stopping threads took: 0.0001310 seconds
208.934: Application time: 0.0273420 seconds
208.935: [GC208.935: [DefNew: 65472K->7231K(65472K), 0.0166480 secs] 191557K->141805K(210744K), 0.0166920 secs] [Times: user=0.02 sys=0.00, real=0.01 secs] 
208.951: Total time for which application threads were stopped: 0.0170190 seconds, Stopping threads took: 0.0002240 seconds
208.983: Application time: 0.0312460 seconds
208.983: [GC208.983: [DefNew: 65471K->7231K(65472K), 0.0257500 secs]209.009: [Tenured: 147478K->83006K(147576K), 0.1174150 secs] 200045K->83006K(213048K), [Perm : 8873K->8873K(21248K)], 0.1433360 secs] [Times: user=0.14 sys=0.00, real=0.15 secs] 
209.126: Total time for which application threads were stopped: 0.1435520 seconds, Stopping threads took: 0.0001260 seconds
209.157: Application time: 0.0308410 seconds
209.157: [GC209.157: [DefNew: 58240K->7231K(65472K), 0.0118890 secs] 141246K->92296K(210744K), 0.0119320 secs] [Times: user=0.02 sys=0.00, real=0.01 secs] 
209.169: Total time for which application threads were stopped: 0.0122320 seconds, Stopping threads took: 0.0001750 seconds
209.198: Application time: 0.0291500 seconds
209.199: [GC209.199: [DefNew: 65471K->5250K(65472K), 0.0126890 secs] 150536K->96894K(210744K), 0.0127340 secs] [Times: user=0.01 sys=0.00, real=0.01 secs] 
209.211: Total time for which application threads were stopped: 0.0130350 seconds, Stopping threads took: 0.0001990 seconds
209.238: Application time: 0.0267270 seconds
209.241: [GC209.241: [DefNew: 63490K->4896K(65472K), 0.0095890 secs] 155134K->100630K(210744K), 0.0096330 secs] [Times: user=0.00 sys=0.00, real=0.01 secs] 
209.250: Total time for which application threads were stopped: 0.0124080 seconds, Stopping threads took: 0.0026600 seconds
209.275: Application time: 0.0248740 seconds
209.276: [GC209.276: [DefNew: 63136K->4130K(65472K), 0.0063890 secs] 158870K->101194K(210744K), 0.0064320 secs] [Times: user=0.01 sys=0.00, real=0.00 secs] 
209.282: Total time for which application threads were stopped: 0.0067650 seconds, Stopping threads took: 0.0002200 seconds
209.305: Application time: 0.0227540 seconds
209.305: [GC209.305: [DefNew: 62370K->507K(65472K), 0.0040840 secs] 159434K->101226K(210744K), 0.0041220 secs] [Times: user=0.00 sys=0.00, real=0.00 secs] 
209.309: Total time for which application threads were stopped: 0.0044480 seconds, Stopping threads took: 0.0002170 seconds
209.332: Application time: 0.0224020 seconds
209.332: [GC209.332: [DefNew: 58747K->5519K(65472K), 0.0059060 secs] 159466K->106238K(210744K), 0.0059440 secs] [Times: user=0.01 sys=0.00, real=0.01 secs] 
209.338: Total time for which application threads were stopped: 0.0064280 seconds, Stopping threads took: 0.0003760 seconds
209.360: Application time: 0.0220570 seconds
209.360: [GC209.360: [DefNew: 63759K->6670K(65472K), 0.0122630 secs] 164478K->112081K(210744K), 0.0123060 secs] [Times: user=0.02 sys=0.00, real=0.02 secs] 
209.373: Total time for which application threads were stopped: 0.0125200 seconds, Stopping threads took: 0.0001190 seconds
209.395: Application time: 0.0220550 seconds
209.395: [GC209.395: [DefNew: 64910K->2248K(65472K), 0.0078610 secs] 170321K->113809K(210744K), 0.0079050 secs] [Times: user=0.01 sys=0.00, real=0.00 secs] 
209.403: Total time for which application threads were stopped: 0.0081460 seconds, Stopping threads took: 0.0001450 seconds
209.425: Application time: 0.0217900 seconds
209.425: [GC209.425: [DefNew: 60488K->3248K(65472K), 0.0038970 secs] 172049K->114809K(210744K), 0.0039330 secs] [Times: user=0.00 sys=0.00, real=0.00 secs] 
209.429: Total time for which application threads were stopped: 0.0041210 seconds, Stopping threads took: 0.0001020 seconds
209.450: Application time: 0.0213490 seconds
209.450: [GC209.450: [DefNew: 61488K->7231K(65472K), 0.0107830 secs] 173049K->121185K(210744K), 0.0108280 secs] [Times: user=0.01 sys=0.00, real=0.01 secs] 
209.461: Total time for which application threads were stopped: 0.0110660 seconds, Stopping threads took: 0.0001440 seconds
209.483: Application time: 0.0221720 seconds
209.484: [GC209.484: [DefNew: 65471K->7232K(65472K), 0.0221930 secs] 179425K->133080K(210744K), 0.0222370 secs] [Times: user=0.02 sys=0.00, real=0.03 secs] 
209.506: Total time for which application threads were stopped: 0.0224460 seconds, Stopping threads took: 0.0001150 seconds
209.532: Application time: 0.0262420 seconds
209.532: [GC209.532: [DefNew: 65472K->7232K(65472K), 0.0273000 secs] 191320K->145422K(210744K), 0.0273440 secs] [Times: user=0.03 sys=0.00, real=0.03 secs] 
209.560: Total time for which application threads were stopped: 0.0275680 seconds, Stopping threads took: 0.0001330 seconds
209.589: Application time: 0.0293560 seconds
209.589: [GC209.589: [DefNew: 65472K->7232K(65472K), 0.0214940 secs]209.611: [Tenured: 148189K->77068K(148344K), 0.1233990 secs] 203662K->77068K(213816K), [Perm : 8873K->8873K(21248K)], 0.1450980 secs] [Times: user=0.15 sys=0.00, real=0.15 secs] 
209.734: Total time for which application threads were stopped: 0.1453210 seconds, Stopping threads took: 0.0001320 seconds
209.764: Application time: 0.0297810 seconds
209.764: [GC209.764: [DefNew: 58240K->7231K(65472K), 0.0212120 secs] 135308K->92966K(210744K), 0.0212530 secs] [Times: user=0.03 sys=0.00, real=0.03 secs] 
209.786: Total time for which application threads were stopped: 0.0214850 seconds, Stopping threads took: 0.0001270 seconds
209.817: Application time: 0.0317600 seconds
209.818: [GC209.818: [DefNew: 65471K->7231K(65472K), 0.0242470 secs] 151206K->102204K(210744K), 0.0242900 secs] [Times: user=0.02 sys=0.00, real=0.02 secs] 
209.842: Total time for which application threads were stopped: 0.0245500 seconds, Stopping threads took: 0.0001650 seconds
209.870: Application time: 0.0282160 seconds
209.871: [GC209.871: [DefNew: 65471K->7231K(65472K), 0.0172590 secs] 160444K->109557K(210744K), 0.0173040 secs] [Times: user=0.02 sys=0.00, real=0.02 secs] 
209.888: Total time for which application threads were stopped: 0.0176800 seconds, Stopping threads took: 0.0002620 seconds
209.914: Application time: 0.0256990 seconds
209.914: [GC209.914: [DefNew: 65471K->3786K(65472K), 0.0090410 secs] 167797K->112456K(210744K), 0.0090850 secs] [Times: user=0.01 sys=0.00, real=0.00 secs] 
209.923: Total time for which application threads were stopped: 0.0092920 seconds, Stopping threads took: 0.0001130 seconds
209.947: Application time: 0.0245030 seconds
209.948: [GC209.948: [DefNew: 62026K->1529K(65472K), 0.0049300 secs] 170696K->113252K(210744K), 0.0049700 secs] [Times: user=0.00 sys=0.00, real=0.01 secs] 
209.953: Total time for which application threads were stopped: 0.0052320 seconds, Stopping threads took: 0.0001690 seconds
209.975: Application time: 0.0221980 seconds
209.975: [GC209.975: [DefNew: 59769K->4437K(65472K), 0.0037170 secs] 171492K->116160K(210744K), 0.0037580 secs] [Times: user=0.00 sys=0.00, real=0.00 secs] 
209.979: Total time for which application threads were stopped: 0.0039720 seconds, Stopping threads took: 0.0001220 seconds
210.001: Application time: 0.0224720 seconds
210.002: [GC210.002: [DefNew: 62677K->7231K(65472K), 0.0133110 secs] 174400K->122508K(210744K), 0.0133560 secs] [Times: user=0.02 sys=0.00, real=0.02 secs] 
210.015: Total time for which application threads were stopped: 0.0136270 seconds, Stopping threads took: 0.0001780 seconds
210.037: Application time: 0.0224400 seconds
210.038: [GC210.038: [DefNew: 65471K->3462K(65472K), 0.0118990 secs] 180748K->125057K(210744K), 0.0119420 secs] [Times: user=0.01 sys=0.00, real=0.01 secs] 
210.050: Total time for which application threads were stopped: 0.0122170 seconds, Stopping threads took: 0.0001610 seconds
210.071: Application time: 0.0217750 seconds
210.072: [GC210.072: [DefNew: 61702K->4584K(65472K), 0.0046870 secs] 183297K->126179K(210744K), 0.0047260 secs] [Times: user=0.01 sys=0.00, real=0.01 secs] 
210.076: Total time for which application threads were stopped: 0.0049400 seconds, Stopping threads took: 0.0001260 seconds
210.097: Application time: 0.0210660 seconds
210.098: [GC210.098: [DefNew: 62824K->4131K(65472K), 0.0067970 secs] 184419K->129047K(210744K), 0.0068400 secs] [Times: user=0.00 sys=0.00, real=0.01 secs] 
210.105: Total time for which application threads were stopped: 0.0072730 seconds, Stopping threads took: 0.0003190 seconds
210.126: Application time: 0.0212380 seconds
210.126: [GC210.126: [DefNew: 62371K->7232K(65472K), 0.0097440 secs] 187287K->135091K(210744K), 0.0097890 secs] [Times: user=0.01 sys=0.00, real=0.01 secs] 
210.136: Total time for which application threads were stopped: 0.0099630 seconds, Stopping threads took: 0.0000710 seconds
210.159: Application time: 0.0232260 seconds
210.159: [GC210.159: [DefNew: 65472K->7232K(65472K), 0.0153300 secs] 193331K->144580K(210744K), 0.0153710 secs] [Times: user=0.01 sys=0.00, real=0.02 secs] 
210.175: Total time for which application threads were stopped: 0.0156140 seconds, Stopping threads took: 0.0001490 seconds
210.202: Application time: 0.0271570 seconds
210.202: [GC210.202: [DefNew: 65472K->7232K(65472K), 0.0240640 secs]210.226: [Tenured: 147718K->78067K(147768K), 0.1296420 secs] 202820K->78067K(213240K), [Perm : 8873K->8873K(21248K)], 0.1538920 secs] [Times: user=0.15 sys=0.00, real=0.16 secs] 
210.356: Total time for which application threads were stopped: 0.1541160 seconds, Stopping threads took: 0.0001330 seconds
210.386: Application time: 0.0303460 seconds
210.387: [GC210.387: [DefNew: 58240K->7232K(65472K), 0.0182780 secs] 136307K->92479K(210744K), 0.0183220 secs] [Times: user=0.01 sys=0.00, real=0.02 secs] 
210.405: Total time for which application threads were stopped: 0.0186340 seconds, Stopping threads took: 0.0001880 seconds
210.436: Application time: 0.0310520 seconds
210.436: [GC210.436: [DefNew: 65472K->7232K(65472K), 0.0233280 secs] 150719K->102875K(210744K), 0.0233740 secs] [Times: user=0.03 sys=0.00, real=0.02 secs] 
210.460: Total time for which application threads were stopped: 0.0236560 seconds, Stopping threads took: 0.0001680 seconds
210.489: Application time: 0.0295590 seconds
210.489: [GC210.489: [DefNew: 65472K->7231K(65472K), 0.0140700 secs] 161115K->109423K(210744K), 0.0141150 secs] [Times: user=0.02 sys=0.00, real=0.01 secs] 
210.504: Total time for which application threads were stopped: 0.0143300 seconds, Stopping threads took: 0.0001200 seconds
210.531: Application time: 0.0272420 seconds
210.531: [GC210.531: [DefNew: 65471K->7231K(65472K), 0.0167320 secs] 167663K->116628K(210744K), 0.0167770 secs] [Times: user=0.02 sys=0.00, real=0.02 secs] 
210.548: Total time for which application threads were stopped: 0.0169590 seconds, Stopping threads took: 0.0000870 seconds
210.573: Application time: 0.0254930 seconds
210.573: [GC210.573: [DefNew: 65471K->4431K(65472K), 0.0119030 secs] 174868K->119962K(210744K), 0.0119450 secs] [Times: user=0.01 sys=0.00, real=0.01 secs] 
210.585: Total time for which application threads were stopped: 0.0121330 seconds, Stopping threads took: 0.0000950 seconds
210.609: Application time: 0.0232030 seconds
210.609: [GC210.609: [DefNew: 62671K->735K(65472K), 0.0047230 secs] 178202K->120080K(210744K), 0.0047630 secs] [Times: user=0.01 sys=0.00, real=0.01 secs] 
210.614: Total time for which application threads were stopped: 0.0050280 seconds, Stopping threads took: 0.0001530 seconds
210.636: Application time: 0.0223920 seconds
210.636: [GC210.636: [DefNew: 58975K->6694K(65472K), 0.0055040 secs] 178320K->126039K(210744K), 0.0055480 secs] [Times: user=0.01 sys=0.00, real=0.00 secs] 
210.642: Total time for which application threads were stopped: 0.0058030 seconds, Stopping threads took: 0.0001610 seconds
210.665: Application time: 0.0228130 seconds
210.665: [GC210.665: [DefNew: 64934K->6480K(65472K), 0.0113560 secs] 184279K->131371K(210744K), 0.0114000 secs] [Times: user=0.01 sys=0.00, real=0.01 secs] 
210.676: Total time for which application threads were stopped: 0.0116210 seconds, Stopping threads took: 0.0001260 seconds
210.699: Application time: 0.0222860 seconds
210.699: [GC210.699: [DefNew: 64720K->1940K(65472K), 0.0085120 secs] 189611K->132918K(210744K), 0.0085580 secs] [Times: user=0.01 sys=0.00, real=0.01 secs] 
210.707: Total time for which application threads were stopped: 0.0087690 seconds, Stopping threads took: 0.0001160 seconds
210.729: Application time: 0.0216970 seconds
210.729: [GC210.729: [DefNew: 60180K->2699K(65472K), 0.0041370 secs] 191158K->133677K(210744K), 0.0041710 secs] [Times: user=0.01 sys=0.00, real=0.01 secs] 
210.733: Total time for which application threads were stopped: 0.0044300 seconds, Stopping threads took: 0.0001750 seconds
210.755: Application time: 0.0213080 seconds
210.755: [GC210.755: [DefNew: 60939K->7231K(65472K), 0.0113430 secs] 191917K->140087K(210744K), 0.0113940 secs] [Times: user=0.01 sys=0.00, real=0.01 secs] 
210.767: Total time for which application threads were stopped: 0.0117800 seconds, Stopping threads took: 0.0002740 seconds
210.788: Application time: 0.0215250 seconds
210.788: [GC210.788: [DefNew: 65471K->7231K(65472K), 0.0175730 secs] 198327K->148088K(210744K), 0.0176150 secs] [Times: user=0.02 sys=0.00, real=0.02 secs] 
210.806: Total time for which application threads were stopped: 0.0178600 seconds, Stopping threads took: 0.0001510 seconds
210.830: Application time: 0.0242670 seconds
210.831: [GC210.831: [DefNew: 65471K->7232K(65472K), 0.0202730 secs]210.851: [Tenured: 151070K->74313K(151224K), 0.1106080 secs] 206328K->74313K(216696K), [Perm : 8873K->8873K(21248K)], 0.1311430 secs] [Times: user=0.13 sys=0.00, real=0.13 secs] 
210.962: Total time for which application threads were stopped: 0.1314910 seconds, Stopping threads took: 0.0002390 seconds
210.988: Application time: 0.0267510 seconds
210.989: [GC210.989: [DefNew: 58240K->7231K(65472K), 0.0095930 secs] 132553K->81863K(210744K), 0.0096370 secs] [Times: user=0.00 sys=0.00, real=0.01 secs] 
210.998: Total time for which application threads were stopped: 0.0099620 seconds, Stopping threads took: 0.0001980 seconds
211.027: Application time: 0.0285080 seconds
211.027: [GC211.027: [DefNew: 65471K->7232K(65472K), 0.0236290 secs] 140103K->95655K(210744K), 0.0236730 secs] [Times: user=0.03 sys=0.00, real=0.02 secs] 
211.051: Total time for which application threads were stopped: 0.0240030 seconds, Stopping threads took: 0.0002210 seconds
211.081: Application time: 0.0296920 seconds
211.081: [GC211.081: [DefNew: 65472K->7232K(65472K), 0.0222250 secs] 153895K->107131K(210744K), 0.0222690 secs] [Times: user=0.03 sys=0.00, real=0.02 secs] 
211.103: Total time for which application threads were stopped: 0.0226110 seconds, Stopping threads took: 0.0002390 seconds
211.132: Application time: 0.0292460 seconds
211.133: [GC211.133: [DefNew: 65472K->7231K(65472K), 0.0159170 secs] 165371K->114954K(210744K), 0.0159580 secs] [Times: user=0.02 sys=0.00, real=0.01 secs] 
211.149: Total time for which application threads were stopped: 0.0161650 seconds, Stopping threads took: 0.0001110 seconds
211.175: Application time: 0.0260030 seconds
211.175: [GC211.175: [DefNew: 65471K->5312K(65472K), 0.0103550 secs] 173194K->118378K(210744K), 0.0103980 secs] [Times: user=0.01 sys=0.00, real=0.01 secs] 
211.185: Total time for which application threads were stopped: 0.0106200 seconds, Stopping threads took: 0.0001170 seconds
211.211: Application time: 0.0255830 seconds
211.211: [GC211.211: [DefNew: 63552K->4011K(65472K), 0.0066220 secs] 176618K->118613K(210744K), 0.0066660 secs] [Times: user=0.00 sys=0.00, real=0.01 secs] 
211.218: Total time for which application threads were stopped: 0.0068520 seconds, Stopping threads took: 0.0000910 seconds
211.241: Application time: 0.0230330 seconds
211.241: [GC211.241: [DefNew: 62251K->4287K(65472K), 0.0068990 secs] 176853K->122413K(210744K), 0.0069440 secs] [Times: user=0.00 sys=0.00, real=0.01 secs] 
211.248: Total time for which application threads were stopped: 0.0073010 seconds, Stopping threads took: 0.0002410 seconds
211.272: Application time: 0.0235820 seconds
211.272: [GC211.272: [DefNew: 62527K->7231K(65472K), 0.0107690 secs] 180653K->129136K(210744K), 0.0108160 secs] [Times: user=0.01 sys=0.00, real=0.01 secs] 
211.283: Total time for which application threads were stopped: 0.0111410 seconds, Stopping threads took: 0.0002130 seconds
211.306: Application time: 0.0235850 seconds
211.307: [GC211.307: [DefNew: 65471K->2426K(65472K), 0.0095580 secs] 187376K->130803K(210744K), 0.0096030 secs] [Times: user=0.01 sys=0.00, real=0.01 secs] 
211.316: Total time for which application threads were stopped: 0.0098430 seconds, Stopping threads took: 0.0001450 seconds
211.338: Application time: 0.0219200 seconds
211.338: [GC211.338: [DefNew: 60666K->4468K(65472K), 0.0047980 secs] 189043K->132845K(210744K), 0.0048450 secs] [Times: user=0.01 sys=0.00, real=0.00 secs] 
211.343: Total time for which application threads were stopped: 0.0050990 seconds, Stopping threads took: 0.0001640 seconds
211.364: Application time: 0.0212070 seconds
211.365: [GC211.365: [DefNew: 62708K->3638K(65472K), 0.0063690 secs] 191085K->134197K(210744K), 0.0064120 secs] [Times: user=0.00 sys=0.00, real=0.00 secs] 
211.371: Total time for which application threads were stopped: 0.0066060 seconds, Stopping threads took: 0.0001030 seconds
211.392: Application time: 0.0213750 seconds
211.393: [GC211.393: [DefNew: 61878K->7232K(65472K), 0.0098100 secs] 192437K->140069K(210744K), 0.0098520 secs] [Times: user=0.01 sys=0.00, real=0.00 secs] 
211.402: Total time for which application threads were stopped: 0.0100300 seconds, Stopping threads took: 0.0000830 seconds
211.425: Application time: 0.0221870 seconds
211.425: [GC211.425: [DefNew: 65472K->7231K(65472K), 0.0169020 secs] 198309K->147467K(210744K), 0.0169470 secs] [Times: user=0.01 sys=0.00, real=0.01 secs] 
211.442: Total time for which application threads were stopped: 0.0171830 seconds, Stopping threads took: 0.0001420 seconds
211.467: Application time: 0.0255770 seconds
211.468: [GC211.468: [DefNew: 65471K->7231K(65472K), 0.0255930 secs]211.493: [Tenured: 152200K->81799K(152376K), 0.1171450 secs] 205707K->81799K(217848K), [Perm : 8873K->8873K(21248K)], 0.1430340 secs] [Times: user=0.14 sys=0.00, real=0.14 secs] 
211.611: Total time for which application threads were stopped: 0.1433080 seconds, Stopping threads took: 0.0001640 seconds
211.639: Application time: 0.0280750 seconds
211.639: [GC211.639: [DefNew: 58240K->7231K(65472K), 0.0100150 secs] 140039K->90752K(210744K), 0.0100570 secs] [Times: user=0.01 sys=0.00, real=0.01 secs] 
211.649: Total time for which application threads were stopped: 0.0103420 seconds, Stopping threads took: 0.0001590 seconds
211.678: Application time: 0.0293100 seconds
211.679: [GC211.679: [DefNew: 65471K->7232K(65472K), 0.0271680 secs] 148992K->102719K(210744K), 0.0272140 secs] [Times: user=0.02 sys=0.00, real=0.03 secs] 
211.706: Total time for which application threads were stopped: 0.0276020 seconds, Stopping threads took: 0.0002790 seconds
211.737: Application time: 0.0307480 seconds
211.737: [GC211.737: [DefNew: 65472K->7231K(65472K), 0.0220540 secs] 160959K->111888K(210744K), 0.0221030 secs] [Times: user=0.02 sys=0.00, real=0.02 secs] 
211.759: Total time for which application threads were stopped: 0.0222890 seconds, Stopping threads took: 0.0000910 seconds
211.787: Application time: 0.0279630 seconds
211.787: [GC211.787: [DefNew: 65471K->6865K(65472K), 0.0140600 secs] 170128K->118613K(210744K), 0.0141040 secs] [Times: user=0.02 sys=0.00, real=0.01 secs] 
211.801: Total time for which application threads were stopped: 0.0142840 seconds, Stopping threads took: 0.0000860 seconds
211.827: Application time: 0.0255280 seconds
211.827: [GC211.827: [DefNew: 65105K->5463K(65472K), 0.0091440 secs] 176853K->121874K(210744K), 0.0091920 secs] [Times: user=0.01 sys=0.00, real=0.01 secs] 
211.836: Total time for which application threads were stopped: 0.0094370 seconds, Stopping threads took: 0.0001500 seconds
211.861: Application time: 0.0248410 seconds
211.861: [GC211.861: [DefNew: 63703K->4567K(65472K), 0.0066550 secs] 180114K->123183K(210744K), 0.0066980 secs] [Times: user=0.00 sys=0.00, real=0.01 secs] 
211.868: Total time for which application threads were stopped: 0.0069210 seconds, Stopping threads took: 0.0001080 seconds
211.892: Application time: 0.0236650 seconds
211.892: [GC211.892: [DefNew: 62807K->7231K(65472K), 0.0118790 secs] 181423K->129994K(210744K), 0.0119250 secs] [Times: user=0.01 sys=0.00, real=0.01 secs] 
211.904: Total time for which application threads were stopped: 0.0122740 seconds, Stopping threads took: 0.0002370 seconds
211.928: Application time: 0.0244930 seconds
211.929: [GC211.929: [DefNew: 65471K->4439K(65472K), 0.0113950 secs] 188234K->133272K(210744K), 0.0114390 secs] [Times: user=0.01 sys=0.00, real=0.01 secs] 
211.940: Total time for which application threads were stopped: 0.0119210 seconds, Stopping threads took: 0.0003570 seconds
211.964: Application time: 0.0233190 seconds
211.964: [GC211.964: [DefNew: 62679K->1320K(65472K), 0.0055210 secs] 191512K->134195K(210744K), 0.0055640 secs] [Times: user=0.01 sys=0.00, real=0.01 secs] 
211.970: Total time for which application threads were stopped: 0.0058860 seconds, Stopping threads took: 0.0002060 seconds
211.991: Application time: 0.0215430 seconds
211.991: [GC211.991: [DefNew: 59560K->3397K(65472K), 0.0039500 secs] 192435K->136272K(210744K), 0.0039870 secs] [Times: user=0.01 sys=0.00, real=0.01 secs] 
211.995: Total time for which application threads were stopped: 0.0043060 seconds, Stopping threads took: 0.0002100 seconds
212.017: Application time: 0.0215640 seconds
212.017: [GC212.017: [DefNew: 61637K->7232K(65472K), 0.0087720 secs] 194512K->142166K(210744K), 0.0088180 secs] [Times: user=0.01 sys=0.00, real=0.01 secs] 
212.026: Total time for which application threads were stopped: 0.0092220 seconds, Stopping threads took: 0.0002920 seconds
212.048: Application time: 0.0218610 seconds
212.048: [GC212.048: [DefNew: 65472K->7231K(65472K), 0.0165320 secs] 200406K->148826K(210744K), 0.0165760 secs] [Times: user=0.02 sys=0.00, real=0.02 secs] 
212.065: Total time for which application threads were stopped: 0.0168150 seconds, Stopping threads took: 0.0001290 seconds
212.088: Application time: 0.0229120 seconds
212.088: [GC212.088: [DefNew: 65471K->7231K(65472K), 0.0123540 secs]212.100: [Tenured: 147154K->77111K(147192K), 0.1168030 secs] 207066K->77111K(212664K), [Perm : 8873K->8873K(21248K)], 0.1293110 secs] [Times: user=0.13 sys=0.00, real=0.13 secs] 
212.217: Total time for which application threads were stopped: 0.1295430 seconds, Stopping threads took: 0.0001400 seconds
212.243: Application time: 0.0256380 seconds
212.243: [GC212.243: [DefNew: 58240K->7231K(65472K), 0.0147690 secs] 135351K->89109K(210744K), 0.0148120 secs] [Times: user=0.01 sys=0.00, real=0.02 secs] 
212.258: Total time for which application threads were stopped: 0.0150950 seconds, Stopping threads took: 0.0001550 seconds
212.286: Application time: 0.0275470 seconds
212.286: [GC212.286: [DefNew: 65471K->7232K(65472K), 0.0244970 secs] 147349K->102169K(210744K), 0.0245390 secs] [Times: user=0.03 sys=0.00, real=0.02 secs] 
212.311: Total time for which application threads were stopped: 0.0248580 seconds, Stopping threads took: 0.0002060 seconds
212.340: Application time: 0.0295210 seconds
212.340: [GC212.340: [DefNew: 65472K->7231K(65472K), 0.0242920 secs] 160409K->112524K(210744K), 0.0243360 secs] [Times: user=0.03 sys=0.00, real=0.03 secs] 
212.365: Total time for which application threads were stopped: 0.0246360 seconds, Stopping threads took: 0.0002060 seconds
212.395: Application time: 0.0298280 seconds
212.395: [GC212.395: [DefNew: 65471K->7231K(65472K), 0.0205230 secs] 170764K->122672K(210744K), 0.0205670 secs] [Times: user=0.02 sys=0.00, real=0.02 secs] 
212.415: Total time for which application threads were stopped: 0.0207890 seconds, Stopping threads took: 0.0001260 seconds
212.442: Application time: 0.0271300 seconds
212.443: [GC212.443: [DefNew: 65471K->7231K(65472K), 0.0172000 secs] 180912K->128836K(210744K), 0.0172450 secs] [Times: user=0.02 sys=0.00, real=0.02 secs] 
212.460: Total time for which application threads were stopped: 0.0174410 seconds, Stopping threads took: 0.0001000 seconds
212.486: Application time: 0.0256240 seconds
212.486: [GC212.486: [DefNew: 65471K->4424K(65472K), 0.0117520 secs] 187076K->132680K(210744K), 0.0117970 secs] [Times: user=0.02 sys=0.00, real=0.01 secs] 
212.498: Total time for which application threads were stopped: 0.0120110 seconds, Stopping threads took: 0.0001170 seconds
212.523: Application time: 0.0251950 seconds
212.523: [GC212.523: [DefNew: 62664K->6532K(65472K), 0.0090210 secs] 190920K->137124K(210744K), 0.0090630 secs] [Times: user=0.01 sys=0.00, real=0.01 secs] 
212.532: Total time for which application threads were stopped: 0.0092860 seconds, Stopping threads took: 0.0001270 seconds
212.556: Application time: 0.0243600 seconds
212.557: [GC212.557: [DefNew: 64772K->7118K(65472K), 0.0120380 secs] 195364K->143255K(210744K), 0.0120920 secs] [Times: user=0.01 sys=0.00, real=0.01 secs] 
212.569: Total time for which application threads were stopped: 0.0123210 seconds, Stopping threads took: 0.0001340 seconds
212.593: Application time: 0.0243270 seconds
212.593: [GC212.593: [DefNew: 65358K->2935K(65472K), 0.0098850 secs] 201495K->145426K(210744K), 0.0099290 secs] [Times: user=0.01 sys=0.00, real=0.00 secs] 
212.603: Total time for which application threads were stopped: 0.0101300 seconds, Stopping threads took: 0.0000830 seconds
212.626: Application time: 0.0226980 seconds
212.626: [GC212.626: [DefNew: 61175K->3613K(65472K), 0.0040770 secs] 203666K->146105K(210744K), 0.0041130 secs] [Times: user=0.00 sys=0.00, real=0.00 secs] 
212.630: Total time for which application threads were stopped: 0.0044630 seconds, Stopping threads took: 0.0002440 seconds
212.652: Application time: 0.0212830 seconds
212.652: [GC212.652: [DefNew: 61853K->5524K(65472K), 0.0054660 secs] 204345K->148015K(210744K), 0.0055130 secs] [Times: user=0.01 sys=0.00, real=0.01 secs] 
212.658: Total time for which application threads were stopped: 0.0059220 seconds, Stopping threads took: 0.0002950 seconds
212.679: Application time: 0.0218840 seconds
212.680: [GC212.680: [DefNew: 63764K->7231K(65472K), 0.0113060 secs]212.691: [Tenured: 146595K->77936K(146616K), 0.1152160 secs] 206255K->77936K(212088K), [Perm : 8873K->8873K(21248K)], 0.1266530 secs] [Times: user=0.13 sys=0.00, real=0.13 secs] 
212.806: Total time for which application threads were stopped: 0.1268430 seconds, Stopping threads took: 0.0000990 seconds
212.828: Application time: 0.0212990 seconds
212.828: [GC212.828: [DefNew: 58240K->7231K(65472K), 0.0091610 secs] 136176K->85985K(210744K), 0.0092040 secs] [Times: user=0.01 sys=0.00, real=0.01 secs] 
212.837: Total time for which application threads were stopped: 0.0094630 seconds, Stopping threads took: 0.0001270 seconds
212.861: Application time: 0.0235410 seconds
212.861: [GC212.861: [DefNew: 65471K->7232K(65472K), 0.0150090 secs] 144225K->94049K(210744K), 0.0150540 secs] [Times: user=0.01 sys=0.00, real=0.02 secs] 
212.876: Total time for which application threads were stopped: 0.0153280 seconds, Stopping threads took: 0.0001810 seconds
212.902: Application time: 0.0255660 seconds
212.902: [GC212.902: [DefNew: 65472K->7231K(65472K), 0.0174590 secs] 152289K->101197K(210744K), 0.0175030 secs] [Times: user=0.01 sys=0.00, real=0.02 secs] 
212.919: Total time for which application threads were stopped: 0.0178460 seconds, Stopping threads took: 0.0002380 seconds
212.947: Application time: 0.0277870 seconds
212.947: [GC212.947: [DefNew: 65471K->7231K(65472K), 0.0199160 secs] 159437K->113356K(210744K), 0.0199610 secs] [Times: user=0.02 sys=0.00, real=0.02 secs] 
212.967: Total time for which application threads were stopped: 0.0202640 seconds, Stopping threads took: 0.0001910 seconds
212.997: Application time: 0.0295840 seconds
212.997: [GC212.997: [DefNew: 65471K->7232K(65472K), 0.0199130 secs] 171596K->122017K(210744K), 0.0199590 secs] [Times: user=0.02 sys=0.00, real=0.02 secs] 
213.017: Total time for which application threads were stopped: 0.0202470 seconds, Stopping threads took: 0.0001770 seconds
213.046: Application time: 0.0288000 seconds
213.046: [GC213.046: [DefNew: 65472K->7232K(65472K), 0.0205430 secs] 180257K->129459K(210744K), 0.0205870 secs] [Times: user=0.02 sys=0.00, real=0.02 secs] 
213.067: Total time for which application threads were stopped: 0.0208560 seconds, Stopping threads took: 0.0001730 seconds
213.094: Application time: 0.0269700 seconds
213.094: [GC213.094: [DefNew: 65472K->7232K(65472K), 0.0184130 secs] 187699K->136844K(210744K), 0.0184580 secs] [Times: user=0.02 sys=0.00, real=0.02 secs] 
213.113: Total time for which application threads were stopped: 0.0187000 seconds, Stopping threads took: 0.0001480 seconds
213.138: Application time: 0.0258450 seconds
213.139: [GC213.139: [DefNew: 65472K->5997K(65472K), 0.0119920 secs] 195084K->142347K(210744K), 0.0120450 secs] [Times: user=0.01 sys=0.00, real=0.01 secs] 
213.151: Total time for which application threads were stopped: 0.0123070 seconds, Stopping threads took: 0.0001680 seconds
213.175: Application time: 0.0245780 seconds
213.176: [GC213.176: [DefNew: 64237K->7170K(65472K), 0.0125330 secs] 200587K->148697K(210744K), 0.0125770 secs] [Times: user=0.01 sys=0.00, real=0.01 secs] 
213.188: Total time for which application threads were stopped: 0.0128110 seconds, Stopping threads took: 0.0001390 seconds
213.213: Application time: 0.0249760 seconds
213.213: [GC213.213: [DefNew: 65410K->4629K(65472K), 0.0116360 secs]213.225: [Tenured: 147582K->80437K(147768K), 0.1186000 secs] 206937K->80437K(213240K), [Perm : 8873K->8873K(21248K)], 0.1304050 secs] [Times: user=0.13 sys=0.00, real=0.12 secs] 
213.344: Total time for which application threads were stopped: 0.1306480 seconds, Stopping threads took: 0.0001500 seconds
213.367: Application time: 0.0235800 seconds
213.368: [GC213.368: [DefNew: 58240K->1500K(65472K), 0.0027530 secs] 138677K->81937K(210744K), 0.0027860 secs] [Times: user=0.00 sys=0.00, real=0.00 secs] 
213.370: Total time for which application threads were stopped: 0.0030400 seconds, Stopping threads took: 0.0001500 seconds
213.392: Application time: 0.0216220 seconds
213.392: [GC213.392: [DefNew: 59740K->3636K(65472K), 0.0036120 secs] 140177K->84074K(210744K), 0.0036510 secs] [Times: user=0.00 sys=0.00, real=0.01 secs] 
213.396: Total time for which application threads were stopped: 0.0038930 seconds, Stopping threads took: 0.0001310 seconds
213.417: Application time: 0.0214050 seconds
213.418: [GC213.418: [DefNew: 61876K->6410K(65472K), 0.0070230 secs] 142314K->87568K(210744K), 0.0070680 secs] [Times: user=0.01 sys=0.00, real=0.01 secs] 
213.425: Total time for which application threads were stopped: 0.0072890 seconds, Stopping threads took: 0.0001280 seconds
213.447: Application time: 0.0219440 seconds
213.447: [GC213.447: [DefNew: 64650K->7232K(65472K), 0.0108180 secs] 145808K->92373K(210744K), 0.0108610 secs] [Times: user=0.01 sys=0.00, real=0.01 secs] 
213.458: Total time for which application threads were stopped: 0.0110180 seconds, Stopping threads took: 0.0000610 seconds
213.480: Application time: 0.0221360 seconds
213.480: [GC213.480: [DefNew: 65472K->6608K(65472K), 0.0107360 secs] 150613K->96508K(210744K), 0.0107800 secs] [Times: user=0.01 sys=0.00, real=0.01 secs] 
213.491: Total time for which application threads were stopped: 0.0109980 seconds, Stopping threads took: 0.0001220 seconds
213.516: Application time: 0.0248080 seconds
213.516: [GC213.516: [DefNew: 64848K->7231K(65472K), 0.0223930 secs] 154748K->108264K(210744K), 0.0224390 secs] [Times: user=0.02 sys=0.00, real=0.02 secs] 
213.538: Total time for which application threads were stopped: 0.0226670 seconds, Stopping threads took: 0.0001160 seconds
213.564: Application time: 0.0261500 seconds
213.565: [GC213.565: [DefNew: 65471K->7231K(65472K), 0.0141840 secs] 166504K->114426K(210744K), 0.0142240 secs] [Times: user=0.02 sys=0.00, real=0.01 secs] 
213.579: Total time for which application threads were stopped: 0.0144280 seconds, Stopping threads took: 0.0001130 seconds
213.608: Application time: 0.0291020 seconds
213.608: [GC213.608: [DefNew: 65471K->7232K(65472K), 0.0229340 secs] 172666K->128374K(210744K), 0.0229780 secs] [Times: user=0.02 sys=0.00, real=0.02 secs] 
213.631: Total time for which application threads were stopped: 0.0231820 seconds, Stopping threads took: 0.0001090 seconds
213.661: Application time: 0.0299240 seconds
213.661: [GC213.661: [DefNew: 65472K->7232K(65472K), 0.0196900 secs] 186614K->136132K(210744K), 0.0197330 secs] [Times: user=0.02 sys=0.00, real=0.02 secs] 
213.681: Total time for which application threads were stopped: 0.0199400 seconds, Stopping threads took: 0.0001130 seconds
213.708: Application time: 0.0273630 seconds
213.708: [GC213.709: [DefNew: 65472K->6017K(65472K), 0.0123280 secs] 194372K->139859K(210744K), 0.0123870 secs] [Times: user=0.01 sys=0.00, real=0.01 secs] 
213.721: Total time for which application threads were stopped: 0.0126240 seconds, Stopping threads took: 0.0001340 seconds
213.747: Application time: 0.0261280 seconds
213.747: [GC213.747: [DefNew: 64257K->5890K(65472K), 0.0102420 secs] 198099K->143616K(210744K), 0.0102870 secs] [Times: user=0.01 sys=0.00, real=0.01 secs] 
213.758: Total time for which application threads were stopped: 0.0106760 seconds, Stopping threads took: 0.0002760 seconds
213.784: Application time: 0.0264680 seconds
213.784: [GC213.784: [DefNew: 64130K->7231K(65472K), 0.0099600 secs] 201856K->148625K(210744K), 0.0100060 secs] [Times: user=0.01 sys=0.00, real=0.02 secs] 
213.794: Total time for which application threads were stopped: 0.0102370 seconds, Stopping threads took: 0.0001360 seconds
213.820: Application time: 0.0251560 seconds
213.820: [GC213.820: [DefNew: 65471K->7231K(65472K), 0.0173070 secs]213.837: [Tenured: 148044K->81490K(148152K), 0.1271550 secs] 206865K->81490K(213624K), [Perm : 8873K->8873K(21248K)], 0.1446610 secs] [Times: user=0.14 sys=0.00, real=0.15 secs] 
213.964: Total time for which application threads were stopped: 0.1448900 seconds, Stopping threads took: 0.0001060 seconds
213.990: Application time: 0.0250990 seconds
213.990: [GC213.990: [DefNew: 58240K->2857K(65472K), 0.0043310 secs] 139730K->84347K(210744K), 0.0043690 secs] [Times: user=0.01 sys=0.00, real=0.01 secs] 
213.994: Total time for which application threads were stopped: 0.0046400 seconds, Stopping threads took: 0.0001660 seconds
214.017: Application time: 0.0224790 seconds
214.017: [GC214.017: [DefNew: 61097K->3869K(65472K), 0.0041930 secs] 142587K->85359K(210744K), 0.0042280 secs] [Times: user=0.00 sys=0.00, real=0.00 secs] 
214.021: Total time for which application threads were stopped: 0.0044940 seconds, Stopping threads took: 0.0001800 seconds
214.043: Application time: 0.0214220 seconds
214.043: [GC214.043: [DefNew: 62109K->3287K(65472K), 0.0052620 secs] 143599K->86626K(210744K), 0.0053040 secs] [Times: user=0.00 sys=0.00, real=0.01 secs] 
214.048: Total time for which application threads were stopped: 0.0055480 seconds, Stopping threads took: 0.0001530 seconds
214.070: Application time: 0.0219630 seconds
214.070: [GC214.070: [DefNew: 61527K->7232K(65472K), 0.0081320 secs] 144866K->92336K(210744K), 0.0081700 secs] [Times: user=0.01 sys=0.00, real=0.01 secs] 
214.079: Total time for which application threads were stopped: 0.0083650 seconds, Stopping threads took: 0.0001010 seconds
214.100: Application time: 0.0217230 seconds
214.100: [GC214.100: [DefNew: 65472K->7231K(65472K), 0.0134560 secs] 150576K->99034K(210744K), 0.0135010 secs] [Times: user=0.01 sys=0.00, real=0.02 secs] 
214.114: Total time for which application threads were stopped: 0.0137020 seconds, Stopping threads took: 0.0001040 seconds
214.137: Application time: 0.0230950 seconds
214.137: [GC214.137: [DefNew: 65471K->3999K(65472K), 0.0107560 secs] 157274K->102151K(210744K), 0.0108020 secs] [Times: user=0.01 sys=0.00, real=0.01 secs] 
214.148: Total time for which application threads were stopped: 0.0111090 seconds, Stopping threads took: 0.0002030 seconds
214.173: Application time: 0.0247730 seconds
214.173: [GC214.173: [DefNew: 62239K->7232K(65472K), 0.0175680 secs] 160391K->113179K(210744K), 0.0176130 secs] [Times: user=0.02 sys=0.00, real=0.01 secs] 
214.191: Total time for which application threads were stopped: 0.0179660 seconds, Stopping threads took: 0.0002390 seconds
214.217: Application time: 0.0257800 seconds
214.217: [GC214.217: [DefNew: 65472K->7232K(65472K), 0.0233720 secs] 171419K->126324K(210744K), 0.0234170 secs] [Times: user=0.02 sys=0.00, real=0.02 secs] 
214.240: Total time for which application threads were stopped: 0.0236390 seconds, Stopping threads took: 0.0001100 seconds
214.270: Application time: 0.0298480 seconds
214.270: [GC214.270: [DefNew: 65472K->7232K(65472K), 0.0214160 secs] 184564K->137384K(210744K), 0.0214600 secs] [Times: user=0.02 sys=0.00, real=0.02 secs] 
214.292: Total time for which application threads were stopped: 0.0216310 seconds, Stopping threads took: 0.0000690 seconds
214.320: Application time: 0.0287030 seconds
214.321: [GC214.321: [DefNew: 65472K->7231K(65472K), 0.0218860 secs] 195624K->144965K(210744K), 0.0219290 secs] [Times: user=0.02 sys=0.00, real=0.02 secs] 
214.343: Total time for which application threads were stopped: 0.0220950 seconds, Stopping threads took: 0.0000750 seconds
214.369: Application time: 0.0267920 seconds
214.370: [GC214.370: [DefNew: 65471K->7099K(65472K), 0.0137420 secs] 203205K->150225K(210744K), 0.0137860 secs] [Times: user=0.02 sys=0.00, real=0.01 secs] 
214.383: Total time for which application threads were stopped: 0.0140160 seconds, Stopping threads took: 0.0001340 seconds
214.409: Application time: 0.0257540 seconds
214.409: [GC214.409: [DefNew: 65339K->5988K(65472K), 0.0123340 secs]214.422: [Tenured: 148914K->78660K(148920K), 0.1212420 secs] 208465K->78660K(214392K), [Perm : 8873K->8873K(21248K)], 0.1337830 secs] [Times: user=0.14 sys=0.00, real=0.13 secs] 
214.543: Total time for which application threads were stopped: 0.1340710 seconds, Stopping threads took: 0.0001790 seconds
214.569: Application time: 0.0259350 seconds
214.570: [GC214.570: [DefNew: 58240K->7232K(65472K), 0.0125770 secs] 136900K->88890K(210744K), 0.0126210 secs] [Times: user=0.02 sys=0.00, real=0.01 secs] 
214.582: Total time for which application threads were stopped: 0.0129870 seconds, Stopping threads took: 0.0002400 seconds
214.608: Application time: 0.0258450 seconds
214.608: [GC214.608: [DefNew: 65472K->4421K(65472K), 0.0144360 secs] 147130K->92413K(210744K), 0.0144810 secs] [Times: user=0.02 sys=0.00, real=0.01 secs] 
214.623: Total time for which application threads were stopped: 0.0147380 seconds, Stopping threads took: 0.0001630 seconds
214.647: Application time: 0.0242670 seconds
214.647: [GC214.647: [DefNew: 62661K->1729K(65472K), 0.0064990 secs] 150653K->93692K(210744K), 0.0065400 secs] [Times: user=0.01 sys=0.00, real=0.01 secs] 
214.654: Total time for which application threads were stopped: 0.0067570 seconds, Stopping threads took: 0.0001250 seconds
214.676: Application time: 0.0223100 seconds
214.676: [GC214.676: [DefNew: 59969K->4174K(65472K), 0.0053370 secs] 151932K->96137K(210744K), 0.0053750 secs] [Times: user=0.00 sys=0.00, real=0.00 secs] 
214.682: Total time for which application threads were stopped: 0.0055720 seconds, Stopping threads took: 0.0001110 seconds
214.703: Application time: 0.0212850 seconds
214.703: [GC214.703: [DefNew: 62414K->6307K(65472K), 0.0072290 secs] 154377K->99705K(210744K), 0.0072720 secs] [Times: user=0.01 sys=0.00, real=0.01 secs] 
214.710: Total time for which application threads were stopped: 0.0074860 seconds, Stopping threads took: 0.0001200 seconds
214.733: Application time: 0.0222470 seconds
214.733: [GC214.733: [DefNew: 64547K->5697K(65472K), 0.0111910 secs] 157945K->103216K(210744K), 0.0112350 secs] [Times: user=0.01 sys=0.00, real=0.00 secs] 
214.744: Total time for which application threads were stopped: 0.0114790 seconds, Stopping threads took: 0.0001490 seconds
214.767: Application time: 0.0228500 seconds
214.767: [GC214.767: [DefNew: 63937K->5817K(65472K), 0.0095200 secs] 161456K->108432K(210744K), 0.0095640 secs] [Times: user=0.01 sys=0.00, real=0.01 secs] 
214.777: Total time for which application threads were stopped: 0.0098370 seconds, Stopping threads took: 0.0001620 seconds
214.800: Application time: 0.0228020 seconds
214.800: [GC214.800: [DefNew: 64057K->5099K(65472K), 0.0099550 secs] 166672K->112653K(210744K), 0.0099980 secs] [Times: user=0.01 sys=0.00, real=0.01 secs] 
214.810: Total time for which application threads were stopped: 0.0103660 seconds, Stopping threads took: 0.0002550 seconds
214.834: Application time: 0.0244360 seconds
214.835: [GC214.835: [DefNew: 63339K->7232K(65472K), 0.0155930 secs] 170893K->121464K(210744K), 0.0156370 secs] [Times: user=0.02 sys=0.00, real=0.01 secs] 
214.850: Total time for which application threads were stopped: 0.0158580 seconds, Stopping threads took: 0.0001070 seconds
214.877: Application time: 0.0269620 seconds
214.877: [GC214.878: [DefNew: 65472K->7232K(65472K), 0.0261660 secs] 179704K->135832K(210744K), 0.0262180 secs] [Times: user=0.02 sys=0.00, real=0.02 secs] 
214.904: Total time for which application threads were stopped: 0.0264310 seconds, Stopping threads took: 0.0001220 seconds
214.933: Application time: 0.0293350 seconds
214.934: [GC214.934: [DefNew: 65472K->7232K(65472K), 0.0203990 secs] 194072K->144754K(210744K), 0.0204430 secs] [Times: user=0.02 sys=0.00, real=0.02 secs] 
214.954: Total time for which application threads were stopped: 0.0209950 seconds, Stopping threads took: 0.0004410 seconds
214.982: Application time: 0.0277850 seconds
214.982: [GC214.982: [DefNew: 65472K->7232K(65472K), 0.0181460 secs] 202994K->151874K(210744K), 0.0181920 secs] [Times: user=0.02 sys=0.00, real=0.02 secs] 
215.000: Total time for which application threads were stopped: 0.0183990 seconds, Stopping threads took: 0.0001110 seconds
215.027: Application time: 0.0269910 seconds
215.028: [GC215.028: [DefNew: 65472K->7231K(65472K), 0.0189660 secs]215.047: [Tenured: 152028K->82058K(152184K), 0.1299160 secs] 210114K->82058K(217656K), [Perm : 8873K->8873K(21248K)], 0.1492320 secs] [Times: user=0.15 sys=0.00, real=0.15 secs] 
215.177: Total time for which application threads were stopped: 0.1495320 seconds, Stopping threads took: 0.0002070 seconds
215.203: Application time: 0.0257950 seconds
215.203: [GC215.203: [DefNew: 58240K->7231K(65472K), 0.0111220 secs] 140298K->91849K(210744K), 0.0111650 secs] [Times: user=0.01 sys=0.00, real=0.02 secs] 
215.214: Total time for which application threads were stopped: 0.0114410 seconds, Stopping threads took: 0.0001520 seconds
215.241: Application time: 0.0269890 seconds
215.241: [GC215.241: [DefNew: 65471K->7232K(65472K), 0.0199020 secs] 150089K->100615K(210744K), 0.0199450 secs] [Times: user=0.02 sys=0.00, real=0.02 secs] 
215.261: Total time for which application threads were stopped: 0.0201350 seconds, Stopping threads took: 0.0000980 seconds
215.287: Application time: 0.0258830 seconds
215.287: [GC215.287: [DefNew: 65472K->2763K(65472K), 0.0105570 secs] 158855K->102629K(210744K), 0.0106010 secs] [Times: user=0.01 sys=0.00, real=0.01 secs] 
215.298: Total time for which application threads were stopped: 0.0108300 seconds, Stopping threads took: 0.0001160 seconds
215.321: Application time: 0.0228750 seconds
215.321: [GC215.321: [DefNew: 61003K->2883K(65472K), 0.0034880 secs] 160869K->102749K(210744K), 0.0035230 secs] [Times: user=0.00 sys=0.00, real=0.01 secs] 
215.325: Total time for which application threads were stopped: 0.0038140 seconds, Stopping threads took: 0.0001870 seconds
215.347: Application time: 0.0220650 seconds
215.347: [GC215.347: [DefNew: 61123K->6197K(65472K), 0.0073780 secs] 160989K->106063K(210744K), 0.0074190 secs] [Times: user=0.01 sys=0.00, real=0.01 secs] 
215.354: Total time for which application threads were stopped: 0.0077110 seconds, Stopping threads took: 0.0002010 seconds
215.376: Application time: 0.0220420 seconds
215.377: [GC215.377: [DefNew: 64437K->6709K(65472K), 0.0085780 secs] 164303K->109678K(210744K), 0.0086230 secs] [Times: user=0.01 sys=0.00, real=0.01 secs] 
215.385: Total time for which application threads were stopped: 0.0088480 seconds, Stopping threads took: 0.0001120 seconds
215.407: Application time: 0.0216760 seconds
215.407: [GC215.407: [DefNew: 64949K->5453K(65472K), 0.0101550 secs] 167918K->114070K(210744K), 0.0101980 secs] [Times: user=0.01 sys=0.00, real=0.01 secs] 
215.417: Total time for which application threads were stopped: 0.0104070 seconds, Stopping threads took: 0.0001130 seconds
215.440: Application time: 0.0229740 seconds
215.440: [GC215.440: [DefNew: 63693K->4595K(65472K), 0.0088630 secs] 172310K->117993K(210744K), 0.0089120 secs] [Times: user=0.00 sys=0.00, real=0.01 secs] 
215.449: Total time for which application threads were stopped: 0.0090840 seconds, Stopping threads took: 0.0000770 seconds
215.472: Application time: 0.0227120 seconds
215.472: [GC215.472: [DefNew: 62835K->6552K(65472K), 0.0091670 secs] 176233K->123881K(210744K), 0.0092200 secs] [Times: user=0.01 sys=0.00, real=0.01 secs] 
215.482: Total time for which application threads were stopped: 0.0095440 seconds, Stopping threads took: 0.0002310 seconds
215.506: Application time: 0.0242140 seconds
215.506: [GC215.506: [DefNew: 64792K->7231K(65472K), 0.0183530 secs] 182121K->135281K(210744K), 0.0183980 secs] [Times: user=0.02 sys=0.00, real=0.02 secs] 
215.525: Total time for which application threads were stopped: 0.0187670 seconds, Stopping threads took: 0.0002570 seconds
215.554: Application time: 0.0293750 seconds
215.554: [GC215.554: [DefNew: 65471K->7232K(65472K), 0.0284680 secs] 193521K->149021K(210744K), 0.0285120 secs] [Times: user=0.03 sys=0.00, real=0.02 secs] 
215.583: Total time for which application threads were stopped: 0.0287540 seconds, Stopping threads took: 0.0001530 seconds
215.612: Application time: 0.0290060 seconds
215.612: [GC215.612: [DefNew: 65472K->6765K(65472K), 0.0164150 secs]215.628: [Tenured: 148335K->80928K(148344K), 0.1174490 secs] 207261K->80928K(213816K), [Perm : 8873K->8873K(21248K)], 0.1340480 secs] [Times: user=0.14 sys=0.00, real=0.14 secs] 
215.746: Total time for which application threads were stopped: 0.1343070 seconds, Stopping threads took: 0.0001460 seconds
215.774: Application time: 0.0274560 seconds
215.774: [GC215.774: [DefNew: 58240K->7232K(65472K), 0.0109650 secs] 139168K->90093K(210744K), 0.0110100 secs] [Times: user=0.01 sys=0.00, real=0.01 secs] 
215.785: Total time for which application threads were stopped: 0.0113170 seconds, Stopping threads took: 0.0002010 seconds
215.811: Application time: 0.0265940 seconds
215.812: [GC215.812: [DefNew: 65472K->7232K(65472K), 0.0165990 secs] 148333K->96627K(210744K), 0.0166440 secs] [Times: user=0.02 sys=0.00, real=0.02 secs] 
215.828: Total time for which application threads were stopped: 0.0168940 seconds, Stopping threads took: 0.0001360 seconds
215.854: Application time: 0.0260400 seconds
215.855: [GC215.855: [DefNew: 65472K->7232K(65472K), 0.0208680 secs] 154867K->107318K(210744K), 0.0209130 secs] [Times: user=0.03 sys=0.00, real=0.02 secs] 
215.876: Total time for which application threads were stopped: 0.0211250 seconds, Stopping threads took: 0.0001000 seconds
215.903: Application time: 0.0277520 seconds
215.903: [GC215.903: [DefNew: 65472K->4736K(65472K), 0.0147090 secs] 165558K->111022K(210744K), 0.0147500 secs] [Times: user=0.01 sys=0.00, real=0.02 secs] 
215.918: Total time for which application threads were stopped: 0.0149380 seconds, Stopping threads took: 0.0000840 seconds
215.943: Application time: 0.0247120 seconds
215.943: [GC215.943: [DefNew: 62976K->2173K(65472K), 0.0069440 secs] 169262K->112851K(210744K), 0.0069900 secs] [Times: user=0.01 sys=0.00, real=0.01 secs] 
215.950: Total time for which application threads were stopped: 0.0074220 seconds, Stopping threads took: 0.0003190 seconds
215.973: Application time: 0.0229190 seconds
215.973: [GC215.973: [DefNew: 60413K->4157K(65472K), 0.0045120 secs] 171091K->114835K(210744K), 0.0045510 secs] [Times: user=0.00 sys=0.00, real=0.00 secs] 
215.978: Total time for which application threads were stopped: 0.0047610 seconds, Stopping threads took: 0.0001200 seconds
216.000: Application time: 0.0223180 seconds
216.000: [GC216.000: [DefNew: 62397K->4155K(65472K), 0.0055990 secs] 173075K->116237K(210744K), 0.0056400 secs] [Times: user=0.00 sys=0.00, real=0.01 secs] 
216.006: Total time for which application threads were stopped: 0.0057990 seconds, Stopping threads took: 0.0000550 seconds
216.028: Application time: 0.0223210 seconds
216.029: [GC216.029: [DefNew: 62395K->6818K(65472K), 0.0094960 secs] 174477K->121286K(210744K), 0.0095400 secs] [Times: user=0.01 sys=0.00, real=0.01 secs] 
216.038: Total time for which application threads were stopped: 0.0097590 seconds, Stopping threads took: 0.0001230 seconds
216.060: Application time: 0.0221650 seconds
216.061: [GC216.061: [DefNew: 65058K->5726K(65472K), 0.0104110 secs] 179526K->126206K(210744K), 0.0104520 secs] [Times: user=0.01 sys=0.00, real=0.01 secs] 
216.071: Total time for which application threads were stopped: 0.0107110 seconds, Stopping threads took: 0.0001560 seconds
216.094: Application time: 0.0226580 seconds
216.094: [GC216.094: [DefNew: 63966K->3754K(65472K), 0.0092890 secs] 184446K->129023K(210744K), 0.0093330 secs] [Times: user=0.01 sys=0.00, real=0.00 secs] 
216.103: Total time for which application threads were stopped: 0.0095360 seconds, Stopping threads took: 0.0001100 seconds
216.126: Application time: 0.0224900 seconds
216.126: [GC216.126: [DefNew: 61994K->7232K(65472K), 0.0084510 secs] 187263K->135846K(210744K), 0.0084960 secs] [Times: user=0.01 sys=0.00, real=0.01 secs] 
216.135: Total time for which application threads were stopped: 0.0087020 seconds, Stopping threads took: 0.0001110 seconds
216.159: Application time: 0.0249220 seconds
216.160: [GC216.160: [DefNew: 65472K->7232K(65472K), 0.0217950 secs] 194086K->148293K(210744K), 0.0218380 secs] [Times: user=0.02 sys=0.00, real=0.02 secs] 
216.182: Total time for which application threads were stopped: 0.0220670 seconds, Stopping threads took: 0.0001370 seconds
216.211: Application time: 0.0295950 seconds
216.211: [GC216.211: [DefNew: 65472K->7232K(65472K), 0.0270750 secs]216.238: [Tenured: 152858K->80020K(152952K), 0.1169430 secs] 206533K->80020K(218424K), [Perm : 8873K->8873K(21248K)], 0.1443340 secs] [Times: user=0.14 sys=0.00, real=0.15 secs] 
216.356: Total time for which application threads were stopped: 0.1445200 seconds, Stopping threads took: 0.0000960 seconds
216.384: Application time: 0.0281780 seconds
216.384: [GC216.384: [DefNew: 58240K->6408K(65472K), 0.0078000 secs] 138260K->86428K(210744K), 0.0078450 secs] [Times: user=0.01 sys=0.00, real=0.01 secs] 
216.392: Total time for which application threads were stopped: 0.0080710 seconds, Stopping threads took: 0.0001180 seconds
216.418: Application time: 0.0261160 seconds
216.418: [GC216.418: [DefNew: 64648K->7231K(65472K), 0.0111830 secs] 144668K->91332K(210744K), 0.0112270 secs] [Times: user=0.01 sys=0.00, real=0.01 secs] 
216.430: Total time for which application threads were stopped: 0.0115080 seconds, Stopping threads took: 0.0001900 seconds
216.457: Application time: 0.0270100 seconds
216.457: [GC216.457: [DefNew: 65471K->7231K(65472K), 0.0241910 secs] 149572K->105361K(210744K), 0.0242330 secs] [Times: user=0.03 sys=0.00, real=0.02 secs] 
216.481: Total time for which application threads were stopped: 0.0244550 seconds, Stopping threads took: 0.0001300 seconds
216.509: Application time: 0.0279440 seconds
216.509: [GC216.509: [DefNew: 65471K->7231K(65472K), 0.0202490 secs] 163601K->113226K(210744K), 0.0202890 secs] [Times: user=0.02 sys=0.00, real=0.02 secs] 
216.529: Total time for which application threads were stopped: 0.0204830 seconds, Stopping threads took: 0.0001010 seconds
216.557: Application time: 0.0277710 seconds
216.557: [GC216.557: [DefNew: 65471K->2470K(65472K), 0.0100140 secs] 171466K->115194K(210744K), 0.0100590 secs] [Times: user=0.01 sys=0.00, real=0.01 secs] 
216.567: Total time for which application threads were stopped: 0.0102450 seconds, Stopping threads took: 0.0000880 seconds
216.591: Application time: 0.0234410 seconds
216.591: [GC216.591: [DefNew: 60710K->2571K(65472K), 0.0037800 secs] 173434K->115295K(210744K), 0.0038130 secs] [Times: user=0.00 sys=0.00, real=0.01 secs] 
216.595: Total time for which application threads were stopped: 0.0040780 seconds, Stopping threads took: 0.0001600 seconds
216.617: Application time: 0.0225430 seconds
216.618: [GC216.618: [DefNew: 60811K->6711K(65472K), 0.0073490 secs] 173535K->119434K(210744K), 0.0073930 secs] [Times: user=0.00 sys=0.00, real=0.01 secs] 
216.625: Total time for which application threads were stopped: 0.0077840 seconds, Stopping threads took: 0.0002890 seconds
216.648: Application time: 0.0228210 seconds
216.648: [GC216.648: [DefNew: 64951K->7232K(65472K), 0.0107970 secs] 177674K->122730K(210744K), 0.0108400 secs] [Times: user=0.01 sys=0.00, real=0.01 secs] 
216.659: Total time for which application threads were stopped: 0.0111800 seconds, Stopping threads took: 0.0002450 seconds
216.681: Application time: 0.0217470 seconds
216.681: [GC216.681: [DefNew: 65472K->3650K(65472K), 0.0116700 secs] 180970K->125425K(210744K), 0.0117200 secs] [Times: user=0.01 sys=0.00, real=0.02 secs] 
216.693: Total time for which application threads were stopped: 0.0119350 seconds, Stopping threads took: 0.0001220 seconds
216.716: Application time: 0.0229780 seconds
216.716: [GC216.716: [DefNew: 61890K->5227K(65472K), 0.0090140 secs] 183665K->130182K(210744K), 0.0090570 secs] [Times: user=0.01 sys=0.00, real=0.01 secs] 
216.725: Total time for which application threads were stopped: 0.0093820 seconds, Stopping threads took: 0.0002120 seconds
216.747: Application time: 0.0217610 seconds
216.749: [GC216.749: [DefNew: 63467K->2459K(65472K), 0.0071580 secs] 188422K->131903K(210744K), 0.0072060 secs] [Times: user=0.00 sys=0.00, real=0.01 secs] 
216.756: Total time for which application threads were stopped: 0.0087360 seconds, Stopping threads took: 0.0014330 seconds
216.779: Application time: 0.0229330 seconds
216.779: [GC216.779: [DefNew: 60699K->7232K(65472K), 0.0100990 secs] 190143K->141501K(210744K), 0.0101430 secs] [Times: user=0.01 sys=0.00, real=0.01 secs] 
216.789: Total time for which application threads were stopped: 0.0103470 seconds, Stopping threads took: 0.0001000 seconds
216.815: Application time: 0.0255800 seconds
216.815: [GC216.815: [DefNew: 65472K->7232K(65472K), 0.0268850 secs]216.842: [Tenured: 147423K->78505K(147576K), 0.1194560 secs] 199741K->78505K(213048K), [Perm : 8873K->8873K(21248K)], 0.1464980 secs] [Times: user=0.15 sys=0.00, real=0.14 secs] 
216.961: Total time for which application threads were stopped: 0.1467590 seconds, Stopping threads took: 0.0001540 seconds
216.991: Application time: 0.0291620 seconds
216.991: [GC216.991: [DefNew: 58240K->7232K(65472K), 0.0124810 secs] 136745K->87035K(210744K), 0.0125280 secs] [Times: user=0.01 sys=0.00, real=0.01 secs] 
217.003: Total time for which application threads were stopped: 0.0128340 seconds, Stopping threads took: 0.0001980 seconds
217.032: Application time: 0.0282500 seconds
217.032: [GC217.032: [DefNew: 65472K->4779K(65472K), 0.0136260 secs] 145275K->91124K(210744K), 0.0136690 secs] [Times: user=0.01 sys=0.00, real=0.02 secs] 
217.046: Total time for which application threads were stopped: 0.0138960 seconds, Stopping threads took: 0.0001310 seconds
217.072: Application time: 0.0261750 seconds
217.072: [GC217.072: [DefNew: 63019K->7232K(65472K), 0.0122990 secs] 149364K->96239K(210744K), 0.0123440 secs] [Times: user=0.01 sys=0.00, real=0.01 secs] 
217.084: Total time for which application threads were stopped: 0.0125480 seconds, Stopping threads took: 0.0001110 seconds
217.112: Application time: 0.0279780 seconds
217.113: [GC217.113: [DefNew: 65472K->7232K(65472K), 0.0309880 secs] 154479K->113340K(210744K), 0.0310410 secs] [Times: user=0.03 sys=0.00, real=0.02 secs] 
217.144: Total time for which application threads were stopped: 0.0312800 seconds, Stopping threads took: 0.0001430 seconds
217.172: Application time: 0.0288370 seconds
217.173: [GC217.173: [DefNew: 65472K->5222K(65472K), 0.0145260 secs] 171580K->117686K(210744K), 0.0145690 secs] [Times: user=0.01 sys=0.00, real=0.01 secs] 
217.187: Total time for which application threads were stopped: 0.0147350 seconds, Stopping threads took: 0.0000710 seconds
217.213: Application time: 0.0255720 seconds
217.213: [GC217.213: [DefNew: 63462K->2463K(65472K), 0.0068700 secs] 175926K->119614K(210744K), 0.0069160 secs] [Times: user=0.00 sys=0.00, real=0.00 secs] 
217.220: Total time for which application threads were stopped: 0.0071190 seconds, Stopping threads took: 0.0001050 seconds
217.243: Application time: 0.0230490 seconds
217.243: [GC217.243: [DefNew: 60703K->5211K(65472K), 0.0061030 secs] 177854K->122361K(210744K), 0.0061440 secs] [Times: user=0.00 sys=0.00, real=0.01 secs] 
217.249: Total time for which application threads were stopped: 0.0063580 seconds, Stopping threads took: 0.0001210 seconds
217.272: Application time: 0.0227550 seconds
217.272: [GC217.272: [DefNew: 63451K->4341K(65472K), 0.0057520 secs] 180601K->123800K(210744K), 0.0058020 secs] [Times: user=0.00 sys=0.00, real=0.01 secs] 
217.278: Total time for which application threads were stopped: 0.0060580 seconds, Stopping threads took: 0.0001600 seconds
217.301: Application time: 0.0225200 seconds
217.301: [GC217.301: [DefNew: 62581K->5572K(65472K), 0.0075040 secs] 182040K->127274K(210744K), 0.0075480 secs] [Times: user=0.01 sys=0.00, real=0.01 secs] 
217.308: Total time for which application threads were stopped: 0.0077560 seconds, Stopping threads took: 0.0001130 seconds
217.330: Application time: 0.0217710 seconds
217.330: [GC217.330: [DefNew: 63812K->6598K(65472K), 0.0106920 secs] 185514K->132852K(210744K), 0.0107380 secs] [Times: user=0.01 sys=0.00, real=0.01 secs] 
217.341: Total time for which application threads were stopped: 0.0110020 seconds, Stopping threads took: 0.0001670 seconds
217.364: Application time: 0.0231950 seconds
217.365: [GC217.365: [DefNew: 64838K->3051K(65472K), 0.0098310 secs] 191092K->134881K(210744K), 0.0098760 secs] [Times: user=0.01 sys=0.00, real=0.01 secs] 
217.375: Total time for which application threads were stopped: 0.0101450 seconds, Stopping threads took: 0.0001740 seconds
217.396: Application time: 0.0218190 seconds
217.397: [GC217.397: [DefNew: 61291K->4394K(65472K), 0.0043040 secs] 193121K->136224K(210744K), 0.0043400 secs] [Times: user=0.00 sys=0.00, real=0.00 secs] 
217.401: Total time for which application threads were stopped: 0.0045370 seconds, Stopping threads took: 0.0001020 seconds
217.424: Application time: 0.0232170 seconds
217.424: [GC217.424: [DefNew: 62634K->7232K(65472K), 0.0199620 secs] 194464K->150818K(210744K), 0.0200080 secs] [Times: user=0.02 sys=0.00, real=0.02 secs] 
217.444: Total time for which application threads were stopped: 0.0202500 seconds, Stopping threads took: 0.0001490 seconds
217.471: Application time: 0.0266350 seconds
217.471: [GC217.471: [DefNew: 65472K->7232K(65472K), 0.0276580 secs]217.499: [Tenured: 157449K->76415K(157560K), 0.1162170 secs] 209058K->76415K(223032K), [Perm : 8873K->8873K(21248K)], 0.1442930 secs] [Times: user=0.14 sys=0.00, real=0.15 secs] 
217.616: Total time for which application threads were stopped: 0.1445250 seconds, Stopping threads took: 0.0001400 seconds
217.645: Application time: 0.0296820 seconds
217.645: [GC217.645: [DefNew: 58240K->7232K(65472K), 0.0104510 secs] 134655K->84359K(210744K), 0.0104910 secs] [Times: user=0.01 sys=0.00, real=0.01 secs] 
217.656: Total time for which application threads were stopped: 0.0107400 seconds, Stopping threads took: 0.0001280 seconds
217.684: Application time: 0.0278500 seconds
217.684: [GC217.684: [DefNew: 65472K->4389K(65472K), 0.0081060 secs] 142599K->85546K(210744K), 0.0081480 secs] [Times: user=0.01 sys=0.00, real=0.01 secs] 
217.692: Total time for which application threads were stopped: 0.0082990 seconds, Stopping threads took: 0.0000520 seconds
217.719: Application time: 0.0267340 seconds
217.719: [GC217.719: [DefNew: 62629K->7232K(65472K), 0.0155280 secs] 143786K->96703K(210744K), 0.0155710 secs] [Times: user=0.01 sys=0.00, real=0.02 secs] 
217.735: Total time for which application threads were stopped: 0.0159780 seconds, Stopping threads took: 0.0002930 seconds
217.763: Application time: 0.0286010 seconds
217.764: [GC217.764: [DefNew: 65472K->7231K(65472K), 0.0252380 secs] 154943K->106862K(210744K), 0.0252790 secs] [Times: user=0.02 sys=0.00, real=0.03 secs] 
217.789: Total time for which application threads were stopped: 0.0255380 seconds, Stopping threads took: 0.0001500 seconds
217.818: Application time: 0.0292540 seconds
217.818: [GC217.818: [DefNew: 65471K->3235K(65472K), 0.0147640 secs] 165102K->109493K(210744K), 0.0148090 secs] [Times: user=0.01 sys=0.00, real=0.02 secs] 
217.833: Total time for which application threads were stopped: 0.0150210 seconds, Stopping threads took: 0.0000960 seconds
217.858: Application time: 0.0249180 seconds
217.859: [GC217.859: [DefNew: 61475K->2991K(65472K), 0.0037640 secs] 167733K->109250K(210744K), 0.0038070 secs] [Times: user=0.01 sys=0.00, real=0.00 secs] 
217.862: Total time for which application threads were stopped: 0.0042540 seconds, Stopping threads took: 0.0003430 seconds
217.885: Application time: 0.0229190 seconds
217.886: [GC217.886: [DefNew: 61231K->6600K(65472K), 0.0074550 secs] 167490K->112859K(210744K), 0.0075000 secs] [Times: user=0.01 sys=0.00, real=0.01 secs] 
217.893: Total time for which application threads were stopped: 0.0078490 seconds, Stopping threads took: 0.0002390 seconds
217.916: Application time: 0.0229830 seconds
217.916: [GC217.916: [DefNew: 64840K->6097K(65472K), 0.0079490 secs] 171099K->115509K(210744K), 0.0079930 secs] [Times: user=0.01 sys=0.00, real=0.00 secs] 
217.924: Total time for which application threads were stopped: 0.0082640 seconds, Stopping threads took: 0.0001740 seconds
217.946: Application time: 0.0220150 seconds
217.947: [GC217.947: [DefNew: 64337K->3975K(65472K), 0.0100750 secs] 173749K->118668K(210744K), 0.0101190 secs] [Times: user=0.01 sys=0.00, real=0.01 secs] 
217.957: Total time for which application threads were stopped: 0.0104810 seconds, Stopping threads took: 0.0002480 seconds
217.980: Application time: 0.0228850 seconds
217.980: [GC217.980: [DefNew: 62215K->5785K(65472K), 0.0090680 secs] 176908K->123727K(210744K), 0.0091120 secs] [Times: user=0.01 sys=0.00, real=0.01 secs] 
217.989: Total time for which application threads were stopped: 0.0092810 seconds, Stopping threads took: 0.0000760 seconds
218.011: Application time: 0.0216940 seconds
218.011: [GC218.011: [DefNew: 64025K->3299K(65472K), 0.0087980 secs] 181967K->126229K(210744K), 0.0088430 secs] [Times: user=0.01 sys=0.00, real=0.01 secs] 
218.020: Total time for which application threads were stopped: 0.0090220 seconds, Stopping threads took: 0.0000840 seconds
218.042: Application time: 0.0218030 seconds
218.042: [GC218.042: [DefNew: 61539K->2780K(65472K), 0.0026170 secs] 184469K->125709K(210744K), 0.0026510 secs] [Times: user=0.01 sys=0.00, real=0.01 secs] 
218.044: Total time for which application threads were stopped: 0.0028720 seconds, Stopping threads took: 0.0001350 seconds
218.068: Application time: 0.0237240 seconds
218.068: [GC218.068: [DefNew: 61020K->7232K(65472K), 0.0213850 secs] 183949K->141985K(210744K), 0.0214380 secs] [Times: user=0.02 sys=0.01, real=0.02 secs] 
218.090: Total time for which application threads were stopped: 0.0216840 seconds, Stopping threads took: 0.0001530 seconds
218.117: Application time: 0.0271980 seconds
218.117: [GC218.117: [DefNew: 65472K->7232K(65472K), 0.0323570 secs]218.150: [Tenured: 148019K->77055K(148152K), 0.1240590 secs] 200225K->77055K(213624K), [Perm : 8873K->8873K(21248K)], 0.1566160 secs] [Times: user=0.16 sys=0.00, real=0.16 secs] 
218.274: Total time for which application threads were stopped: 0.1568610 seconds, Stopping threads took: 0.0001370 seconds
218.303: Application time: 0.0291750 seconds
218.303: [GC218.304: [DefNew: 58240K->6710K(65472K), 0.0085950 secs] 135295K->83765K(210744K), 0.0086390 secs] [Times: user=0.01 sys=0.00, real=0.01 secs] 
218.312: Total time for which application threads were stopped: 0.0090210 seconds, Stopping threads took: 0.0002540 seconds
218.339: Application time: 0.0264890 seconds
218.339: [GC218.339: [DefNew: 64950K->7231K(65472K), 0.0119700 secs] 142005K->88356K(210744K), 0.0120160 secs] [Times: user=0.01 sys=0.00, real=0.01 secs] 
218.351: Total time for which application threads were stopped: 0.0123430 seconds, Stopping threads took: 0.0002140 seconds
218.379: Application time: 0.0282500 seconds
218.379: [GC218.380: [DefNew: 65471K->7232K(65472K), 0.0272020 secs] 146596K->104666K(210744K), 0.0272490 secs] [Times: user=0.03 sys=0.00, real=0.03 secs] 
218.407: Total time for which application threads were stopped: 0.0275070 seconds, Stopping threads took: 0.0001480 seconds
218.437: Application time: 0.0303080 seconds
218.437: [GC218.437: [DefNew: 65472K->4497K(65472K), 0.0140740 secs] 162906K->108515K(210744K), 0.0141190 secs] [Times: user=0.01 sys=0.00, real=0.01 secs] 
218.451: Total time for which application threads were stopped: 0.0143420 seconds, Stopping threads took: 0.0001270 seconds
218.479: Application time: 0.0272210 seconds
218.479: [GC218.479: [DefNew: 62737K->2666K(65472K), 0.0064990 secs] 166755K->110451K(210744K), 0.0065480 secs] [Times: user=0.01 sys=0.00, real=0.01 secs] 
218.485: Total time for which application threads were stopped: 0.0067090 seconds, Stopping threads took: 0.0000660 seconds
218.509: Application time: 0.0234640 seconds
218.509: [GC218.509: [DefNew: 60906K->5781K(65472K), 0.0062290 secs] 168691K->113565K(210744K), 0.0062710 secs] [Times: user=0.01 sys=0.00, real=0.01 secs] 
218.515: Total time for which application threads were stopped: 0.0064960 seconds, Stopping threads took: 0.0001290 seconds
218.538: Application time: 0.0225670 seconds
218.538: [GC218.538: [DefNew: 64021K->3646K(65472K), 0.0070900 secs] 171805K->113608K(210744K), 0.0071310 secs] [Times: user=0.01 sys=0.00, real=0.01 secs] 
218.545: Total time for which application threads were stopped: 0.0073630 seconds, Stopping threads took: 0.0001400 seconds
218.568: Application time: 0.0228710 seconds
218.568: [GC218.568: [DefNew: 61886K->4258K(65472K), 0.0061640 secs] 171848K->117744K(210744K), 0.0062070 secs] [Times: user=0.01 sys=0.00, real=0.01 secs] 
218.575: Total time for which application threads were stopped: 0.0064270 seconds, Stopping threads took: 0.0001240 seconds
218.596: Application time: 0.0217970 seconds
218.597: [GC218.597: [DefNew: 62498K->5502K(65472K), 0.0084370 secs] 175984K->122213K(210744K), 0.0084810 secs] [Times: user=0.01 sys=0.00, real=0.01 secs] 
218.605: Total time for which application threads were stopped: 0.0088460 seconds, Stopping threads took: 0.0002700 seconds
218.628: Application time: 0.0225120 seconds
218.628: [GC218.628: [DefNew: 63742K->4067K(65472K), 0.0093620 secs] 180453K->125328K(210744K), 0.0094050 secs] [Times: user=0.01 sys=0.00, real=0.01 secs] 
218.637: Total time for which application threads were stopped: 0.0096390 seconds, Stopping threads took: 0.0001390 seconds
218.659: Application time: 0.0213990 seconds
218.659: [GC218.659: [DefNew: 62307K->1660K(65472K), 0.0060700 secs] 183568K->126574K(210744K), 0.0061110 secs] [Times: user=0.00 sys=0.00, real=0.01 secs] 
218.665: Total time for which application threads were stopped: 0.0063250 seconds, Stopping threads took: 0.0001260 seconds
218.687: Application time: 0.0214970 seconds
218.687: [GC218.687: [DefNew: 59900K->7022K(65472K), 0.0061610 secs] 184814K->131936K(210744K), 0.0062040 secs] [Times: user=0.01 sys=0.00, real=0.01 secs] 
218.693: Total time for which application threads were stopped: 0.0064430 seconds, Stopping threads took: 0.0001480 seconds
218.717: Application time: 0.0242490 seconds
218.717: [GC218.717: [DefNew: 65262K->7232K(65472K), 0.0239250 secs] 190176K->144823K(210744K), 0.0239690 secs] [Times: user=0.02 sys=0.00, real=0.02 secs] 
218.741: Total time for which application threads were stopped: 0.0241960 seconds, Stopping threads took: 0.0001320 seconds
218.770: Application time: 0.0287720 seconds
218.771: [GC218.771: [DefNew: 65472K->7231K(65472K), 0.0227920 secs]218.793: [Tenured: 147531K->82820K(147576K), 0.1235340 secs] 203063K->82820K(213048K), [Perm : 8873K->8873K(21248K)], 0.1464900 secs] [Times: user=0.15 sys=0.00, real=0.15 secs] 
218.917: Total time for which application threads were stopped: 0.1468350 seconds, Stopping threads took: 0.0002380 seconds
218.945: Application time: 0.0283930 seconds
218.946: [GC218.946: [DefNew: 58240K->4859K(65472K), 0.0075640 secs] 141060K->87680K(210744K), 0.0076030 secs] [Times: user=0.01 sys=0.00, real=0.01 secs] 
218.954: Total time for which application threads were stopped: 0.0080340 seconds, Stopping threads took: 0.0003320 seconds
218.980: Application time: 0.0261730 seconds
218.980: [GC218.980: [DefNew: 63099K->7231K(65472K), 0.0148140 secs] 145920K->97028K(210744K), 0.0148580 secs] [Times: user=0.02 sys=0.00, real=0.02 secs] 
218.995: Total time for which application threads were stopped: 0.0151060 seconds, Stopping threads took: 0.0001350 seconds
219.024: Application time: 0.0295860 seconds
219.025: [GC219.025: [DefNew: 65471K->7232K(65472K), 0.0316180 secs] 155268K->112486K(210744K), 0.0316690 secs] [Times: user=0.03 sys=0.00, real=0.03 secs] 
219.056: Total time for which application threads were stopped: 0.0318670 seconds, Stopping threads took: 0.0001040 seconds
219.086: Application time: 0.0293800 seconds
219.086: [GC219.086: [DefNew: 65472K->3899K(65472K), 0.0167010 secs] 170726K->116161K(210744K), 0.0167460 secs] [Times: user=0.01 sys=0.00, real=0.01 secs] 
219.103: Total time for which application threads were stopped: 0.0169890 seconds, Stopping threads took: 0.0001480 seconds
219.129: Application time: 0.0260860 seconds
219.129: [GC219.129: [DefNew: 62139K->2573K(65472K), 0.0061970 secs] 174401K->117515K(210744K), 0.0062390 secs] [Times: user=0.01 sys=0.00, real=0.01 secs] 
219.135: Total time for which application threads were stopped: 0.0064740 seconds, Stopping threads took: 0.0001430 seconds
219.158: Application time: 0.0230030 seconds
219.159: [GC219.159: [DefNew: 60813K->5063K(65472K), 0.0047660 secs] 175755K->120004K(210744K), 0.0048090 secs] [Times: user=0.01 sys=0.00, real=0.00 secs] 
219.163: Total time for which application threads were stopped: 0.0051680 seconds, Stopping threads took: 0.0002580 seconds
219.186: Application time: 0.0230840 seconds
219.187: [GC219.187: [DefNew: 63303K->5748K(65472K), 0.0071410 secs] 178244K->122996K(210744K), 0.0071850 secs] [Times: user=0.01 sys=0.00, real=0.01 secs] 
219.194: Total time for which application threads were stopped: 0.0074860 seconds, Stopping threads took: 0.0001870 seconds
219.217: Application time: 0.0228150 seconds
219.217: [GC219.217: [DefNew: 63988K->4257K(65472K), 0.0097060 secs] 181236K->126429K(210744K), 0.0097490 secs] [Times: user=0.01 sys=0.00, real=0.01 secs] 
219.227: Total time for which application threads were stopped: 0.0099900 seconds, Stopping threads took: 0.0001290 seconds
219.249: Application time: 0.0227160 seconds
219.250: [GC219.250: [DefNew: 62497K->5101K(65472K), 0.0091850 secs] 184669K->130901K(210744K), 0.0092280 secs] [Times: user=0.01 sys=0.00, real=0.01 secs] 
219.259: Total time for which application threads were stopped: 0.0094720 seconds, Stopping threads took: 0.0001290 seconds
219.281: Application time: 0.0216270 seconds
219.281: [GC219.281: [DefNew: 63341K->3611K(65472K), 0.0081260 secs] 189141K->133543K(210744K), 0.0081700 secs] [Times: user=0.01 sys=0.00, real=0.01 secs] 
219.289: Total time for which application threads were stopped: 0.0083630 seconds, Stopping threads took: 0.0000980 seconds
219.311: Application time: 0.0218690 seconds
219.311: [GC219.311: [DefNew: 61851K->3957K(65472K), 0.0043480 secs] 191783K->133889K(210744K), 0.0043850 secs] [Times: user=0.00 sys=0.00, real=0.01 secs] 
219.315: Total time for which application threads were stopped: 0.0046080 seconds, Stopping threads took: 0.0001350 seconds
219.338: Application time: 0.0221730 seconds
219.338: [GC219.338: [DefNew: 62197K->7231K(65472K), 0.0153070 secs] 192129K->145749K(210744K), 0.0153500 secs] [Times: user=0.01 sys=0.00, real=0.02 secs] 
219.353: Total time for which application threads were stopped: 0.0156620 seconds, Stopping threads took: 0.0002000 seconds
219.378: Application time: 0.0250890 seconds
219.379: [GC219.379: [DefNew: 65471K->7231K(65472K), 0.0270720 secs]219.406: [Tenured: 153414K->78996K(153528K), 0.1199340 secs] 203989K->78996K(219000K), [Perm : 8873K->8873K(21248K)], 0.1473320 secs] [Times: user=0.15 sys=0.00, real=0.15 secs] 
219.526: Total time for which application threads were stopped: 0.1476330 seconds, Stopping threads took: 0.0001920 seconds
219.555: Application time: 0.0291390 seconds
219.555: [GC219.555: [DefNew: 58240K->7231K(65472K), 0.0135850 secs] 137236K->87463K(210744K), 0.0136280 secs] [Times: user=0.02 sys=0.00, real=0.01 secs] 
219.569: Total time for which application threads were stopped: 0.0139650 seconds, Stopping threads took: 0.0002150 seconds
219.597: Application time: 0.0278020 seconds
219.597: [GC219.597: [DefNew: 65471K->3314K(65472K), 0.0102960 secs] 145703K->88620K(210744K), 0.0103430 secs] [Times: user=0.01 sys=0.00, real=0.01 secs] 
219.608: Total time for which application threads were stopped: 0.0106120 seconds, Stopping threads took: 0.0001750 seconds
219.635: Application time: 0.0271730 seconds
219.635: [GC219.635: [DefNew: 61554K->7232K(65472K), 0.0191340 secs] 146860K->103743K(210744K), 0.0191780 secs] [Times: user=0.02 sys=0.00, real=0.02 secs] 
219.654: Total time for which application threads were stopped: 0.0195150 seconds, Stopping threads took: 0.0002370 seconds
219.684: Application time: 0.0299320 seconds
219.684: [GC219.684: [DefNew: 65472K->7232K(65472K), 0.0233800 secs] 161983K->113418K(210744K), 0.0234240 secs] [Times: user=0.02 sys=0.00, real=0.03 secs] 
219.708: Total time for which application threads were stopped: 0.0236820 seconds, Stopping threads took: 0.0001430 seconds
219.736: Application time: 0.0280580 seconds
219.736: [GC219.736: [DefNew: 65472K->3954K(65472K), 0.0156810 secs] 171658K->117040K(210744K), 0.0157240 secs] [Times: user=0.02 sys=0.00, real=0.01 secs] 
219.752: Total time for which application threads were stopped: 0.0160990 seconds, Stopping threads took: 0.0002780 seconds
219.777: Application time: 0.0250790 seconds
219.777: [GC219.777: [DefNew: 62194K->4381K(65472K), 0.0057340 secs] 175280K->118871K(210744K), 0.0057750 secs] [Times: user=0.00 sys=0.00, real=0.00 secs] 
219.783: Total time for which application threads were stopped: 0.0060210 seconds, Stopping threads took: 0.0001540 seconds
219.806: Application time: 0.0230430 seconds
219.806: [GC219.806: [DefNew: 62621K->3562K(65472K), 0.0060370 secs] 177111K->120228K(210744K), 0.0060790 secs] [Times: user=0.00 sys=0.00, real=0.00 secs] 
219.812: Total time for which application threads were stopped: 0.0063370 seconds, Stopping threads took: 0.0001590 seconds
219.836: Application time: 0.0233180 seconds
219.836: [GC219.836: [DefNew: 61802K->7232K(65472K), 0.0084190 secs] 178468K->124472K(210744K), 0.0084630 secs] [Times: user=0.01 sys=0.00, real=0.01 secs] 
219.845: Total time for which application threads were stopped: 0.0087560 seconds, Stopping threads took: 0.0001970 seconds
219.867: Application time: 0.0221350 seconds
219.867: [GC219.867: [DefNew: 65472K->3280K(65472K), 0.0109550 secs] 182712K->126827K(210744K), 0.0109990 secs] [Times: user=0.02 sys=0.00, real=0.01 secs] 
219.878: Total time for which application threads were stopped: 0.0112950 seconds, Stopping threads took: 0.0002000 seconds
219.901: Application time: 0.0232600 seconds
219.901: [GC219.902: [DefNew: 61520K->7232K(65472K), 0.0083120 secs] 185067K->131436K(210744K), 0.0083570 secs] [Times: user=0.01 sys=0.00, real=0.01 secs] 
219.910: Total time for which application threads were stopped: 0.0086370 seconds, Stopping threads took: 0.0001670 seconds
219.931: Application time: 0.0212050 seconds
219.931: [GC219.931: [DefNew: 65472K->2678K(65472K), 0.0095930 secs] 189676K->133597K(210744K), 0.0096350 secs] [Times: user=0.01 sys=0.00, real=0.01 secs] 
219.941: Total time for which application threads were stopped: 0.0098610 seconds, Stopping threads took: 0.0001300 seconds
219.963: Application time: 0.0215490 seconds
219.963: [GC219.963: [DefNew: 60918K->5717K(65472K), 0.0061200 secs] 191837K->136636K(210744K), 0.0061590 secs] [Times: user=0.01 sys=0.00, real=0.01 secs] 
219.969: Total time for which application threads were stopped: 0.0063890 seconds, Stopping threads took: 0.0001390 seconds
219.992: Application time: 0.0234760 seconds
219.993: [GC219.993: [DefNew: 63957K->7231K(65472K), 0.0206460 secs] 194876K->149364K(210744K), 0.0206930 secs] [Times: user=0.02 sys=0.00, real=0.02 secs] 
220.013: Total time for which application threads were stopped: 0.0209000 seconds, Stopping threads took: 0.0001150 seconds
220.040: Application time: 0.0262630 seconds
220.040: [GC220.040: [DefNew: 65471K->7231K(65472K), 0.0264990 secs]220.066: [Tenured: 153864K->75186K(153912K), 0.1235660 secs] 207604K->75186K(219384K), [Perm : 8873K->8873K(21248K)], 0.1504590 secs] [Times: user=0.15 sys=0.00, real=0.15 secs] 
220.190: Total time for which application threads were stopped: 0.1506830 seconds, Stopping threads took: 0.0001240 seconds
220.220: Application time: 0.0293050 seconds
220.220: [GC220.220: [DefNew: 58240K->6068K(65472K), 0.0079460 secs] 133426K->81254K(210744K), 0.0079910 secs] [Times: user=0.01 sys=0.00, real=0.01 secs] 
220.228: Total time for which application threads were stopped: 0.0083760 seconds, Stopping threads took: 0.0002610 seconds
220.254: Application time: 0.0261840 seconds
220.254: [GC220.254: [DefNew: 64308K->6878K(65472K), 0.0134820 secs] 139494K->86598K(210744K), 0.0135260 secs] [Times: user=0.01 sys=0.00, real=0.01 secs] 
220.268: Total time for which application threads were stopped: 0.0138630 seconds, Stopping threads took: 0.0002240 seconds
220.296: Application time: 0.0280300 seconds
220.296: [GC220.296: [DefNew: 65118K->7232K(65472K), 0.0272110 secs] 144838K->99580K(210744K), 0.0272570 secs] [Times: user=0.03 sys=0.00, real=0.02 secs] 
220.324: Total time for which application threads were stopped: 0.0275310 seconds, Stopping threads took: 0.0001610 seconds
220.352: Application time: 0.0289400 seconds
220.353: [GC220.353: [DefNew: 65472K->7231K(65472K), 0.0169940 secs] 157820K->106150K(210744K), 0.0170410 secs] [Times: user=0.01 sys=0.00, real=0.01 secs] 
220.370: Total time for which application threads were stopped: 0.0172750 seconds, Stopping threads took: 0.0001410 seconds
220.397: Application time: 0.0271730 seconds
220.397: [GC220.397: [DefNew: 65471K->2031K(65472K), 0.0079280 secs] 164390K->107627K(210744K), 0.0079700 secs] [Times: user=0.01 sys=0.00, real=0.01 secs] 
220.405: Total time for which application threads were stopped: 0.0081630 seconds, Stopping threads took: 0.0000970 seconds
220.429: Application time: 0.0241690 seconds
220.429: [GC220.429: [DefNew: 60271K->4882K(65472K), 0.0049290 secs] 165867K->110478K(210744K), 0.0049690 secs] [Times: user=0.01 sys=0.00, real=0.01 secs] 
220.434: Total time for which application threads were stopped: 0.0051670 seconds, Stopping threads took: 0.0001020 seconds
220.458: Application time: 0.0233480 seconds
220.458: [GC220.458: [DefNew: 63122K->7231K(65472K), 0.0083650 secs] 168718K->115300K(210744K), 0.0084060 secs] [Times: user=0.01 sys=0.00, real=0.01 secs] 
220.466: Total time for which application threads were stopped: 0.0085970 seconds, Stopping threads took: 0.0000990 seconds
220.490: Application time: 0.0234060 seconds
220.490: [GC220.490: [DefNew: 65471K->4671K(65472K), 0.0137860 secs] 173540K->119133K(210744K), 0.0138300 secs] [Times: user=0.01 sys=0.00, real=0.01 secs] 
220.504: Total time for which application threads were stopped: 0.0140250 seconds, Stopping threads took: 0.0001020 seconds
220.527: Application time: 0.0230000 seconds
220.527: [GC220.527: [DefNew: 62911K->4281K(65472K), 0.0077320 secs] 177373K->123018K(210744K), 0.0077740 secs] [Times: user=0.01 sys=0.00, real=0.01 secs] 
220.535: Total time for which application threads were stopped: 0.0079960 seconds, Stopping threads took: 0.0001260 seconds
220.557: Application time: 0.0222740 seconds
220.557: [GC220.557: [DefNew: 62521K->3842K(65472K), 0.0082260 secs] 181258K->125849K(210744K), 0.0082700 secs] [Times: user=0.01 sys=0.00, real=0.01 secs] 
220.566: Total time for which application threads were stopped: 0.0084770 seconds, Stopping threads took: 0.0001130 seconds
220.587: Application time: 0.0217130 seconds
220.587: [GC220.587: [DefNew: 62082K->2823K(65472K), 0.0055960 secs] 184089K->127805K(210744K), 0.0056350 secs] [Times: user=0.00 sys=0.00, real=0.01 secs] 
220.593: Total time for which application threads were stopped: 0.0058420 seconds, Stopping threads took: 0.0001140 seconds
220.615: Application time: 0.0218820 seconds
220.615: [GC220.615: [DefNew: 61063K->7231K(65472K), 0.0081800 secs] 186045K->134190K(210744K), 0.0082230 secs] [Times: user=0.00 sys=0.00, real=0.00 secs] 
220.623: Total time for which application threads were stopped: 0.0084610 seconds, Stopping threads took: 0.0001260 seconds
220.648: Application time: 0.0241700 seconds
220.648: [GC220.648: [DefNew: 65471K->7232K(65472K), 0.0247380 secs] 192430K->147046K(210744K), 0.0247880 secs] [Times: user=0.02 sys=0.00, real=0.03 secs] 
220.673: Total time for which application threads were stopped: 0.0250620 seconds, Stopping threads took: 0.0001620 seconds
220.700: Application time: 0.0277140 seconds
220.701: [GC220.701: [DefNew: 65472K->7232K(65472K), 0.0254810 secs]220.726: [Tenured: 149795K->83656K(149880K), 0.1183140 secs] 205286K->83656K(215352K), [Perm : 8873K->8873K(21248K)], 0.1440220 secs] [Times: user=0.14 sys=0.00, real=0.15 secs] 
220.845: Total time for which application threads were stopped: 0.1443070 seconds, Stopping threads took: 0.0001850 seconds
220.872: Application time: 0.0274940 seconds
220.872: [GC220.872: [DefNew: 58240K->3866K(65472K), 0.0056200 secs] 141896K->87522K(210744K), 0.0056620 secs] [Times: user=0.01 sys=0.00, real=0.01 secs] 
220.878: Total time for which application threads were stopped: 0.0058810 seconds, Stopping threads took: 0.0001190 seconds
220.904: Application time: 0.0258510 seconds
220.904: [GC220.904: [DefNew: 62106K->7231K(65472K), 0.0113400 secs] 145762K->94830K(210744K), 0.0113860 secs] [Times: user=0.01 sys=0.00, real=0.02 secs] 
220.916: Total time for which application threads were stopped: 0.0116240 seconds, Stopping threads took: 0.0001430 seconds
220.944: Application time: 0.0280270 seconds
220.944: [GC220.944: [DefNew: 65471K->7232K(65472K), 0.0337970 secs] 153070K->112597K(210744K), 0.0338410 secs] [Times: user=0.03 sys=0.00, real=0.04 secs] 
220.978: Total time for which application threads were stopped: 0.0340200 seconds, Stopping threads took: 0.0000850 seconds
221.007: Application time: 0.0290100 seconds
221.007: [GC221.007: [DefNew: 65472K->5391K(65472K), 0.0178830 secs] 170837K->116713K(210744K), 0.0179280 secs] [Times: user=0.02 sys=0.00, real=0.02 secs] 
221.025: Total time for which application threads were stopped: 0.0181950 seconds, Stopping threads took: 0.0001690 seconds
221.051: Application time: 0.0264140 seconds
221.051: [GC221.051: [DefNew: 63631K->2264K(65472K), 0.0066320 secs] 174953K->117364K(210744K), 0.0066760 secs] [Times: user=0.01 sys=0.00, real=0.01 secs] 
221.058: Total time for which application threads were stopped: 0.0068970 seconds, Stopping threads took: 0.0001250 seconds
221.082: Application time: 0.0239240 seconds
221.082: [GC221.082: [DefNew: 60504K->7232K(65472K), 0.0066790 secs] 175604K->122604K(210744K), 0.0067210 secs] [Times: user=0.01 sys=0.00, real=0.01 secs] 
221.089: Total time for which application threads were stopped: 0.0069150 seconds, Stopping threads took: 0.0000990 seconds
221.113: Application time: 0.0239140 seconds
221.113: [GC221.113: [DefNew: 65472K->7232K(65472K), 0.0179240 secs] 180844K->129460K(210744K), 0.0179690 secs] [Times: user=0.02 sys=0.00, real=0.01 secs] 
221.131: Total time for which application threads were stopped: 0.0182020 seconds, Stopping threads took: 0.0001380 seconds
221.154: Application time: 0.0231230 seconds
221.154: [GC221.154: [DefNew: 65472K->1886K(65472K), 0.0096340 secs] 187700K->130461K(210744K), 0.0096790 secs] [Times: user=0.01 sys=0.00, real=0.00 secs] 
221.164: Total time for which application threads were stopped: 0.0098720 seconds, Stopping threads took: 0.0000990 seconds
221.187: Application time: 0.0228040 seconds
221.187: [GC221.187: [DefNew: 60126K->7231K(65472K), 0.0071540 secs] 188701K->135967K(210744K), 0.0072000 secs] [Times: user=0.01 sys=0.00, real=0.01 secs] 
221.194: Total time for which application threads were stopped: 0.0074030 seconds, Stopping threads took: 0.0001080 seconds
221.216: Application time: 0.0212380 seconds
221.216: [GC221.216: [DefNew: 65471K->3218K(65472K), 0.0087040 secs] 194207K->137463K(210744K), 0.0087480 secs] [Times: user=0.01 sys=0.00, real=0.01 secs] 
221.225: Total time for which application threads were stopped: 0.0090660 seconds, Stopping threads took: 0.0002040 seconds
221.246: Application time: 0.0217980 seconds
221.247: [GC221.247: [DefNew: 61458K->5367K(65472K), 0.0060320 secs] 195703K->139612K(210744K), 0.0060770 secs] [Times: user=0.01 sys=0.00, real=0.01 secs] 
221.253: Total time for which application threads were stopped: 0.0063320 seconds, Stopping threads took: 0.0001240 seconds
221.275: Application time: 0.0219360 seconds
221.275: [GC221.275: [DefNew: 63607K->7231K(65472K), 0.0125110 secs] 197852K->147378K(210744K), 0.0125570 secs] [Times: user=0.02 sys=0.00, real=0.01 secs] 
221.288: Total time for which application threads were stopped: 0.0129250 seconds, Stopping threads took: 0.0002530 seconds
221.311: Application time: 0.0237520 seconds
221.312: [GC221.312: [DefNew: 65471K->7231K(65472K), 0.0280480 secs]221.340: [Tenured: 153788K->84655K(153912K), 0.1263260 secs] 205618K->84655K(219384K), [Perm : 8873K->8873K(21248K)], 0.1547640 secs] [Times: user=0.15 sys=0.01, real=0.16 secs] 
221.466: Total time for which application threads were stopped: 0.1549860 seconds, Stopping threads took: 0.0001310 seconds
221.495: Application time: 0.0283950 seconds
221.495: [GC221.495: [DefNew: 58240K->7231K(65472K), 0.0118750 secs] 142895K->93655K(210744K), 0.0119210 secs] [Times: user=0.02 sys=0.00, real=0.01 secs] 
221.507: Total time for which application threads were stopped: 0.0122280 seconds, Stopping threads took: 0.0001820 seconds
221.534: Application time: 0.0271470 seconds
221.535: [GC221.535: [DefNew: 65471K->3147K(65472K), 0.0104550 secs] 151895K->95623K(210744K), 0.0105010 secs] [Times: user=0.01 sys=0.00, real=0.01 secs] 
221.545: Total time for which application threads were stopped: 0.0109090 seconds, Stopping threads took: 0.0002950 seconds
221.573: Application time: 0.0278860 seconds
221.573: [GC221.573: [DefNew: 61387K->7232K(65472K), 0.0210210 secs] 153863K->110746K(210744K), 0.0210670 secs] [Times: user=0.03 sys=0.00, real=0.02 secs] 
221.594: Total time for which application threads were stopped: 0.0214270 seconds, Stopping threads took: 0.0002490 seconds
221.624: Application time: 0.0299760 seconds
221.625: [GC221.625: [DefNew: 65472K->7232K(65472K), 0.0286060 secs] 168986K->121665K(210744K), 0.0286510 secs] [Times: user=0.03 sys=0.00, real=0.03 secs] 
221.653: Total time for which application threads were stopped: 0.0289420 seconds, Stopping threads took: 0.0001790 seconds
221.681: Application time: 0.0281200 seconds
221.682: [GC221.682: [DefNew: 65472K->4036K(65472K), 0.0142780 secs] 179905K->125643K(210744K), 0.0143250 secs] [Times: user=0.01 sys=0.00, real=0.02 secs] 
221.696: Total time for which application threads were stopped: 0.0147290 seconds, Stopping threads took: 0.0002900 seconds
221.722: Application time: 0.0254300 seconds
221.722: [GC221.722: [DefNew: 62276K->5460K(65472K), 0.0078780 secs] 183883K->128777K(210744K), 0.0079210 secs] [Times: user=0.01 sys=0.00, real=0.01 secs] 
221.730: Total time for which application threads were stopped: 0.0081640 seconds, Stopping threads took: 0.0001310 seconds
221.754: Application time: 0.0237750 seconds
221.754: [GC221.754: [DefNew: 63700K->5824K(65472K), 0.0077070 secs] 187017K->131186K(210744K), 0.0077560 secs] [Times: user=0.00 sys=0.00, real=0.00 secs] 
221.762: Total time for which application threads were stopped: 0.0081290 seconds, Stopping threads took: 0.0002550 seconds
221.785: Application time: 0.0237840 seconds
221.786: [GC221.786: [DefNew: 64064K->4329K(65472K), 0.0097520 secs] 189426K->134836K(210744K), 0.0097960 secs] [Times: user=0.01 sys=0.00, real=0.01 secs] 
221.796: Total time for which application threads were stopped: 0.0100590 seconds, Stopping threads took: 0.0001490 seconds
221.819: Application time: 0.0233060 seconds
221.819: [GC221.819: [DefNew: 62569K->2908K(65472K), 0.0055700 secs] 193076K->137163K(210744K), 0.0056120 secs] [Times: user=0.00 sys=0.00, real=0.01 secs] 
221.825: Total time for which application threads were stopped: 0.0057890 seconds, Stopping threads took: 0.0000810 seconds
221.846: Application time: 0.0217110 seconds
221.847: [GC221.847: [DefNew: 61148K->7161K(65472K), 0.0083400 secs] 195403K->141416K(210744K), 0.0083850 secs] [Times: user=0.01 sys=0.00, real=0.01 secs] 
221.855: Total time for which application threads were stopped: 0.0087540 seconds, Stopping threads took: 0.0002550 seconds
221.876: Application time: 0.0212890 seconds
221.877: [GC221.877: [DefNew: 65401K->2099K(65472K), 0.0076990 secs] 199656K->142216K(210744K), 0.0077510 secs] [Times: user=0.01 sys=0.00, real=0.00 secs] 
221.884: Total time for which application threads were stopped: 0.0080130 seconds, Stopping threads took: 0.0001480 seconds
221.906: Application time: 0.0213630 seconds
221.906: [GC221.906: [DefNew: 60339K->4653K(65472K), 0.0051680 secs] 200456K->144770K(210744K), 0.0052050 secs] [Times: user=0.00 sys=0.00, real=0.00 secs] 
221.911: Total time for which application threads were stopped: 0.0055750 seconds, Stopping threads took: 0.0002630 seconds
221.934: Application time: 0.0223850 seconds
221.934: [GC221.934: [DefNew: 62893K->7231K(65472K), 0.0167860 secs]221.951: [Tenured: 147720K->75253K(147768K), 0.1186060 secs] 203010K->75253K(213240K), [Perm : 8873K->8873K(21248K)], 0.1355780 secs] [Times: user=0.14 sys=0.00, real=0.13 secs] 
222.070: Total time for which application threads were stopped: 0.1358520 seconds, Stopping threads took: 0.0001650 seconds
222.094: Application time: 0.0240380 seconds
222.094: [GC222.094: [DefNew: 58240K->7231K(65472K), 0.0196030 secs] 133493K->90463K(210744K), 0.0196470 secs] [Times: user=0.02 sys=0.00, real=0.02 secs] 
222.114: Total time for which application threads were stopped: 0.0199830 seconds, Stopping threads took: 0.0002110 seconds
222.142: Application time: 0.0284680 seconds
222.142: [GC222.142: [DefNew: 65471K->7232K(65472K), 0.0192780 secs] 148703K->97720K(210744K), 0.0193220 secs] [Times: user=0.02 sys=0.00, real=0.02 secs] 
222.162: Total time for which application threads were stopped: 0.0195810 seconds, Stopping threads took: 0.0001660 seconds
222.189: Application time: 0.0271840 seconds
222.189: [GC222.189: [DefNew: 65472K->7231K(65472K), 0.0146130 secs] 155960K->103691K(210744K), 0.0146560 secs] [Times: user=0.02 sys=0.00, real=0.01 secs] 
222.204: Total time for which application threads were stopped: 0.0148420 seconds, Stopping threads took: 0.0000930 seconds
222.233: Application time: 0.0289340 seconds
222.237: [GC222.237: [DefNew: 65471K->7232K(65472K), 0.0231680 secs] 161931K->116010K(210744K), 0.0232150 secs] [Times: user=0.02 sys=0.00, real=0.02 secs] 
222.260: Total time for which application threads were stopped: 0.0272730 seconds, Stopping threads took: 0.0039480 seconds
222.290: Application time: 0.0296440 seconds
222.290: [GC222.290: [DefNew: 65472K->5847K(65472K), 0.0140920 secs] 174250K->121610K(210744K), 0.0141350 secs] [Times: user=0.02 sys=0.00, real=0.01 secs] 
222.304: Total time for which application threads were stopped: 0.0143080 seconds, Stopping threads took: 0.0000750 seconds
222.331: Application time: 0.0269430 seconds
222.331: [GC222.331: [DefNew: 64087K->4127K(65472K), 0.0097980 secs] 179850K->124430K(210744K), 0.0098420 secs] [Times: user=0.01 sys=0.00, real=0.01 secs] 
222.341: Total time for which application threads were stopped: 0.0100580 seconds, Stopping threads took: 0.0001220 seconds
222.365: Application time: 0.0242080 seconds
222.365: [GC222.365: [DefNew: 62367K->5619K(65472K), 0.0078550 secs] 182670K->127083K(210744K), 0.0079000 secs] [Times: user=0.01 sys=0.00, real=0.01 secs] 
222.373: Total time for which application threads were stopped: 0.0081870 seconds, Stopping threads took: 0.0001930 seconds
222.397: Application time: 0.0235310 seconds
222.397: [GC222.397: [DefNew: 63859K->5880K(65472K), 0.0073440 secs] 185323K->130319K(210744K), 0.0073890 secs] [Times: user=0.01 sys=0.00, real=0.00 secs] 
222.404: Total time for which application threads were stopped: 0.0076660 seconds, Stopping threads took: 0.0001650 seconds
222.428: Application time: 0.0232930 seconds
222.428: [GC222.428: [DefNew: 64120K->3199K(65472K), 0.0084680 secs] 188559K->132507K(210744K), 0.0085120 secs] [Times: user=0.01 sys=0.00, real=0.01 secs] 
222.437: Total time for which application threads were stopped: 0.0088730 seconds, Stopping threads took: 0.0002470 seconds
222.460: Application time: 0.0230320 seconds
222.460: [GC222.460: [DefNew: 61439K->7200K(65472K), 0.0061670 secs] 190747K->136507K(210744K), 0.0062170 secs] [Times: user=0.00 sys=0.00, real=0.01 secs] 
222.466: Total time for which application threads were stopped: 0.0064460 seconds, Stopping threads took: 0.0001140 seconds
222.488: Application time: 0.0214310 seconds
222.488: [GC222.488: [DefNew: 65440K->3648K(65472K), 0.0105170 secs] 194747K->139268K(210744K), 0.0105600 secs] [Times: user=0.01 sys=0.00, real=0.01 secs] 
222.498: Total time for which application threads were stopped: 0.0107700 seconds, Stopping threads took: 0.0001140 seconds
222.520: Application time: 0.0216050 seconds
222.520: [GC222.520: [DefNew: 61888K->2687K(65472K), 0.0051090 secs] 197508K->140994K(210744K), 0.0051500 secs] [Times: user=0.00 sys=0.00, real=0.01 secs] 
222.525: Total time for which application threads were stopped: 0.0054260 seconds, Stopping threads took: 0.0001630 seconds
222.546: Application time: 0.0210570 seconds
222.547: [GC222.547: [DefNew: 60927K->6482K(65472K), 0.0061930 secs] 199234K->144789K(210744K), 0.0062370 secs] [Times: user=0.01 sys=0.00, real=0.01 secs] 
222.553: Total time for which application threads were stopped: 0.0065670 seconds, Stopping threads took: 0.0002180 seconds
222.576: Application time: 0.0229240 seconds
222.576: [GC222.576: [DefNew: 64722K->7232K(65472K), 0.0211630 secs]222.597: [Tenured: 149243K->74829K(149304K), 0.1125400 secs] 203029K->74829K(214776K), [Perm : 8873K->8873K(21248K)], 0.1339270 secs] [Times: user=0.13 sys=0.00, real=0.13 secs] 
222.710: Total time for which application threads were stopped: 0.1341400 seconds, Stopping threads took: 0.0001230 seconds
222.736: Application time: 0.0255670 seconds
222.736: [GC222.736: [DefNew: 58240K->7232K(65472K), 0.0156530 secs] 133069K->86935K(210744K), 0.0156980 secs] [Times: user=0.01 sys=0.00, real=0.01 secs] 
222.752: Total time for which application threads were stopped: 0.0159250 seconds, Stopping threads took: 0.0001210 seconds
222.780: Application time: 0.0282560 seconds
222.780: [GC222.780: [DefNew: 65472K->7232K(65472K), 0.0180440 secs] 145175K->93616K(210744K), 0.0180880 secs] [Times: user=0.01 sys=0.00, real=0.02 secs] 
222.798: Total time for which application threads were stopped: 0.0184530 seconds, Stopping threads took: 0.0002700 seconds
222.826: Application time: 0.0279200 seconds
222.826: [GC222.826: [DefNew: 65472K->7232K(65472K), 0.0272750 secs] 151856K->106027K(210744K), 0.0273190 secs] [Times: user=0.02 sys=0.00, real=0.03 secs] 
222.854: Total time for which application threads were stopped: 0.0275950 seconds, Stopping threads took: 0.0001650 seconds
222.884: Application time: 0.0305500 seconds
222.885: [GC222.885: [DefNew: 65472K->7231K(65472K), 0.0278780 secs] 164267K->118093K(210744K), 0.0279190 secs] [Times: user=0.03 sys=0.00, real=0.03 secs] 
222.913: Total time for which application threads were stopped: 0.0282430 seconds, Stopping threads took: 0.0002140 seconds
222.941: Application time: 0.0287430 seconds
222.941: [GC222.941: [DefNew: 65471K->6021K(65472K), 0.0149650 secs] 176333K->123868K(210744K), 0.0150100 secs] [Times: user=0.01 sys=0.00, real=0.02 secs] 
222.957: Total time for which application threads were stopped: 0.0151880 seconds, Stopping threads took: 0.0000850 seconds
222.983: Application time: 0.0268730 seconds
222.984: [GC222.984: [DefNew: 64261K->3367K(65472K), 0.0078010 secs] 182108K->126142K(210744K), 0.0078460 secs] [Times: user=0.00 sys=0.00, real=0.01 secs] 
222.991: Total time for which application threads were stopped: 0.0080610 seconds, Stopping threads took: 0.0001200 seconds
223.015: Application time: 0.0239010 seconds
223.016: [GC223.016: [DefNew: 61607K->6626K(65472K), 0.0067800 secs] 184382K->129401K(210744K), 0.0068240 secs] [Times: user=0.01 sys=0.00, real=0.00 secs] 
223.022: Total time for which application threads were stopped: 0.0070330 seconds, Stopping threads took: 0.0001140 seconds
223.046: Application time: 0.0237390 seconds
223.046: [GC223.046: [DefNew: 64866K->5898K(65472K), 0.0116400 secs] 187641K->132916K(210744K), 0.0116930 secs] [Times: user=0.01 sys=0.00, real=0.01 secs] 
223.058: Total time for which application threads were stopped: 0.0119460 seconds, Stopping threads took: 0.0001390 seconds
223.081: Application time: 0.0234040 seconds
223.082: [GC223.082: [DefNew: 64138K->1639K(65472K), 0.0072190 secs] 191156K->133982K(210744K), 0.0072630 secs] [Times: user=0.01 sys=0.00, real=0.01 secs] 
223.089: Total time for which application threads were stopped: 0.0075050 seconds, Stopping threads took: 0.0001460 seconds
223.111: Application time: 0.0223270 seconds
223.111: [GC223.112: [DefNew: 59879K->7201K(65472K), 0.0077900 secs] 192222K->139544K(210744K), 0.0078320 secs] [Times: user=0.00 sys=0.00, real=0.01 secs] 
223.119: Total time for which application threads were stopped: 0.0080270 seconds, Stopping threads took: 0.0001030 seconds
223.141: Application time: 0.0214940 seconds
223.141: [GC223.141: [DefNew: 65441K->2663K(65472K), 0.0074370 secs] 197784K->140536K(210744K), 0.0074810 secs] [Times: user=0.01 sys=0.00, real=0.01 secs] 
223.149: Total time for which application threads were stopped: 0.0076960 seconds, Stopping threads took: 0.0001190 seconds
223.170: Application time: 0.0217570 seconds
223.170: [GC223.170: [DefNew: 60903K->5018K(65472K), 0.0046240 secs] 198776K->142891K(210744K), 0.0046630 secs] [Times: user=0.01 sys=0.00, real=0.01 secs] 
223.175: Total time for which application threads were stopped: 0.0048620 seconds, Stopping threads took: 0.0001100 seconds
223.196: Application time: 0.0210370 seconds
223.196: [GC223.196: [DefNew: 63258K->7232K(65472K), 0.0080160 secs] 201131K->147745K(210744K), 0.0080570 secs] [Times: user=0.00 sys=0.00, real=0.01 secs] 
223.205: Total time for which application threads were stopped: 0.0082990 seconds, Stopping threads took: 0.0001470 seconds
223.228: Application time: 0.0230440 seconds
223.228: [GC223.228: [DefNew: 65472K->7232K(65472K), 0.0254780 secs]223.253: [Tenured: 153119K->76052K(153144K), 0.1244380 secs] 205985K->76052K(218616K), [Perm : 8873K->8873K(21248K)], 0.1502890 secs] [Times: user=0.15 sys=0.00, real=0.15 secs] 
223.378: Total time for which application threads were stopped: 0.1506330 seconds, Stopping threads took: 0.0002340 seconds
223.405: Application time: 0.0269230 seconds
223.405: [GC223.405: [DefNew: 58240K->7232K(65472K), 0.0184470 secs] 134292K->88393K(210744K), 0.0184930 secs] [Times: user=0.02 sys=0.00, real=0.01 secs] 
223.424: Total time for which application threads were stopped: 0.0187730 seconds, Stopping threads took: 0.0001560 seconds
223.452: Application time: 0.0278060 seconds
223.452: [GC223.452: [DefNew: 65472K->7232K(65472K), 0.0171770 secs] 146633K->96974K(210744K), 0.0172200 secs] [Times: user=0.02 sys=0.00, real=0.02 secs] 
223.469: Total time for which application threads were stopped: 0.0174570 seconds, Stopping threads took: 0.0001320 seconds
223.499: Application time: 0.0296680 seconds
223.499: [GC223.499: [DefNew: 65472K->7231K(65472K), 0.0226480 secs] 155214K->107996K(210744K), 0.0226920 secs] [Times: user=0.02 sys=0.00, real=0.02 secs] 
223.522: Total time for which application threads were stopped: 0.0230880 seconds, Stopping threads took: 0.0002850 seconds
223.552: Application time: 0.0300770 seconds
223.552: [GC223.552: [DefNew: 65471K->7232K(65472K), 0.0228920 secs] 166236K->117519K(210744K), 0.0229350 secs] [Times: user=0.02 sys=0.00, real=0.03 secs] 
223.575: Total time for which application threads were stopped: 0.0232650 seconds, Stopping threads took: 0.0002360 seconds
223.603: Application time: 0.0279190 seconds
223.603: [GC223.603: [DefNew: 65472K->6465K(65472K), 0.0132450 secs] 175759K->123930K(210744K), 0.0132900 secs] [Times: user=0.01 sys=0.00, real=0.02 secs] 
223.617: Total time for which application threads were stopped: 0.0135530 seconds, Stopping threads took: 0.0001680 seconds
223.643: Application time: 0.0261350 seconds
223.643: [GC223.643: [DefNew: 64705K->5050K(65472K), 0.0094540 secs] 182170K->125097K(210744K), 0.0094990 secs] [Times: user=0.01 sys=0.00, real=0.02 secs] 
223.653: Total time for which application threads were stopped: 0.0098310 seconds, Stopping threads took: 0.0002090 seconds
223.676: Application time: 0.0235380 seconds
223.676: [GC223.676: [DefNew: 63290K->5488K(65472K), 0.0071280 secs] 183337K->128392K(210744K), 0.0071730 secs] [Times: user=0.00 sys=0.00, real=0.00 secs] 
223.684: Total time for which application threads were stopped: 0.0073750 seconds, Stopping threads took: 0.0001060 seconds
223.707: Application time: 0.0234570 seconds
223.707: [GC223.708: [DefNew: 63728K->3500K(65472K), 0.0095160 secs] 186632K->130884K(210744K), 0.0095600 secs] [Times: user=0.01 sys=0.00, real=0.01 secs] 
223.717: Total time for which application threads were stopped: 0.0099940 seconds, Stopping threads took: 0.0003180 seconds
223.740: Application time: 0.0228750 seconds
223.740: [GC223.740: [DefNew: 61740K->7231K(65472K), 0.0052560 secs] 189124K->134679K(210744K), 0.0052990 secs] [Times: user=0.01 sys=0.00, real=0.01 secs] 
223.746: Total time for which application threads were stopped: 0.0055800 seconds, Stopping threads took: 0.0001750 seconds
223.768: Application time: 0.0222830 seconds
223.768: [GC223.768: [DefNew: 65471K->4184K(65472K), 0.0102820 secs] 192919K->138060K(210744K), 0.0103280 secs] [Times: user=0.01 sys=0.00, real=0.01 secs] 
223.779: Total time for which application threads were stopped: 0.0106910 seconds, Stopping threads took: 0.0002540 seconds
223.800: Application time: 0.0217340 seconds
223.800: [GC223.800: [DefNew: 62424K->2521K(65472K), 0.0060060 secs] 196300K->139242K(210744K), 0.0060460 secs] [Times: user=0.00 sys=0.00, real=0.01 secs] 
223.807: Total time for which application threads were stopped: 0.0062860 seconds, Stopping threads took: 0.0001250 seconds
223.828: Application time: 0.0210610 seconds
223.828: [GC223.828: [DefNew: 60761K->3972K(65472K), 0.0048360 secs] 197482K->140693K(210744K), 0.0048750 secs] [Times: user=0.01 sys=0.00, real=0.01 secs] 
223.833: Total time for which application threads were stopped: 0.0051170 seconds, Stopping threads took: 0.0001360 seconds
223.854: Application time: 0.0211230 seconds
223.854: [GC223.854: [DefNew: 62212K->7231K(65472K), 0.0111400 secs] 198933K->148679K(210744K), 0.0111840 secs] [Times: user=0.01 sys=0.00, real=0.01 secs] 
223.865: Total time for which application threads were stopped: 0.0114470 seconds, Stopping threads took: 0.0001510 seconds
223.889: Application time: 0.0234460 seconds
223.889: [GC223.889: [DefNew: 65471K->7232K(65472K), 0.0225550 secs]223.912: [Tenured: 151953K->80879K(151992K), 0.1174670 secs] 206919K->80879K(217464K), [Perm : 8873K->8873K(21248K)], 0.1403110 secs] [Times: user=0.14 sys=0.00, real=0.14 secs] 
224.029: Total time for which application threads were stopped: 0.1405380 seconds, Stopping threads took: 0.0001360 seconds
224.057: Application time: 0.0276280 seconds
224.057: [GC224.057: [DefNew: 58240K->7232K(65472K), 0.0145310 secs] 139119K->92810K(210744K), 0.0145730 secs] [Times: user=0.01 sys=0.00, real=0.01 secs] 
224.072: Total time for which application threads were stopped: 0.0148320 seconds, Stopping threads took: 0.0001530 seconds
224.100: Application time: 0.0283460 seconds
224.100: [GC224.100: [DefNew: 65472K->7232K(65472K), 0.0211210 secs] 151050K->104513K(210744K), 0.0211650 secs] [Times: user=0.02 sys=0.00, real=0.02 secs] 
224.121: Total time for which application threads were stopped: 0.0213840 seconds, Stopping threads took: 0.0001260 seconds
224.152: Application time: 0.0305290 seconds
224.152: [GC224.152: [DefNew: 65472K->7232K(65472K), 0.0284860 secs] 162753K->117742K(210744K), 0.0285300 secs] [Times: user=0.03 sys=0.00, real=0.03 secs] 
224.181: Total time for which application threads were stopped: 0.0287380 seconds, Stopping threads took: 0.0001160 seconds
224.210: Application time: 0.0290940 seconds
224.210: [GC224.210: [DefNew: 65472K->7231K(65472K), 0.0197890 secs] 175982K->124765K(210744K), 0.0198320 secs] [Times: user=0.02 sys=0.00, real=0.02 secs] 
224.230: Total time for which application threads were stopped: 0.0200680 seconds, Stopping threads took: 0.0001220 seconds
224.258: Application time: 0.0276080 seconds
224.258: [GC224.258: [DefNew: 65471K->4400K(65472K), 0.0082310 secs] 183005K->126566K(210744K), 0.0082840 secs] [Times: user=0.00 sys=0.00, real=0.01 secs] 
224.266: Total time for which application threads were stopped: 0.0085670 seconds, Stopping threads took: 0.0001800 seconds
224.291: Application time: 0.0247740 seconds
224.291: [GC224.291: [DefNew: 62640K->3061K(65472K), 0.0074990 secs] 184806K->128971K(210744K), 0.0075420 secs] [Times: user=0.01 sys=0.00, real=0.01 secs] 
224.299: Total time for which application threads were stopped: 0.0079480 seconds, Stopping threads took: 0.0002930 seconds
224.323: Application time: 0.0237750 seconds
224.323: [GC224.323: [DefNew: 61301K->7232K(65472K), 0.0077740 secs] 187211K->133351K(210744K), 0.0078170 secs] [Times: user=0.01 sys=0.00, real=0.01 secs] 
224.331: Total time for which application threads were stopped: 0.0081750 seconds, Stopping threads took: 0.0002450 seconds
224.354: Application time: 0.0230910 seconds
224.354: [GC224.354: [DefNew: 65472K->2681K(65472K), 0.0098420 secs] 191591K->135030K(210744K), 0.0098870 secs] [Times: user=0.01 sys=0.00, real=0.00 secs] 
224.364: Total time for which application threads were stopped: 0.0102280 seconds, Stopping threads took: 0.0002290 seconds
224.387: Application time: 0.0228670 seconds
224.387: [GC224.387: [DefNew: 60921K->6635K(65472K), 0.0060070 secs] 193270K->138984K(210744K), 0.0060540 secs] [Times: user=0.01 sys=0.00, real=0.01 secs] 
224.393: Total time for which application threads were stopped: 0.0064560 seconds, Stopping threads took: 0.0002870 seconds
224.415: Application time: 0.0215670 seconds
224.415: [GC224.415: [DefNew: 64875K->3873K(65472K), 0.0102530 secs] 197224K->142132K(210744K), 0.0102970 secs] [Times: user=0.01 sys=0.00, real=0.01 secs] 
224.426: Total time for which application threads were stopped: 0.0106540 seconds, Stopping threads took: 0.0002620 seconds
224.448: Application time: 0.0220400 seconds
224.448: [GC224.448: [DefNew: 62113K->2801K(65472K), 0.0062610 secs] 200372K->143661K(210744K), 0.0063030 secs] [Times: user=0.00 sys=0.00, real=0.01 secs] 
224.454: Total time for which application threads were stopped: 0.0065440 seconds, Stopping threads took: 0.0001310 seconds
224.475: Application time: 0.0205770 seconds
224.475: [GC224.475: [DefNew: 61041K->6229K(65472K), 0.0060090 secs] 201901K->147090K(210744K), 0.0060520 secs] [Times: user=0.00 sys=0.00, real=0.00 secs] 
224.481: Total time for which application threads were stopped: 0.0062780 seconds, Stopping threads took: 0.0001310 seconds
224.503: Application time: 0.0218240 seconds
224.503: [GC224.503: [DefNew: 64469K->7231K(65472K), 0.0160800 secs]224.519: [Tenured: 148205K->76067K(148344K), 0.1235490 secs] 205330K->76067K(213816K), [Perm : 8873K->8873K(21248K)], 0.1398360 secs] [Times: user=0.13 sys=0.00, real=0.14 secs] 
224.643: Total time for which application threads were stopped: 0.1401800 seconds, Stopping threads took: 0.0002330 seconds
224.668: Application time: 0.0246300 seconds
224.668: [GC224.668: [DefNew: 58240K->7231K(65472K), 0.0148660 secs] 134307K->88384K(210744K), 0.0149120 secs] [Times: user=0.01 sys=0.01, real=0.01 secs] 
224.683: Total time for which application threads were stopped: 0.0152420 seconds, Stopping threads took: 0.0002250 seconds
224.711: Application time: 0.0280170 seconds
224.711: [GC224.711: [DefNew: 65471K->7232K(65472K), 0.0221580 secs] 146624K->99367K(210744K), 0.0222030 secs] [Times: user=0.02 sys=0.00, real=0.03 secs] 
224.734: Total time for which application threads were stopped: 0.0225880 seconds, Stopping threads took: 0.0002720 seconds
224.764: Application time: 0.0305820 seconds
224.764: [GC224.764: [DefNew: 65472K->7231K(65472K), 0.0233920 secs] 157607K->112370K(210744K), 0.0234350 secs] [Times: user=0.02 sys=0.00, real=0.03 secs] 
224.788: Total time for which application threads were stopped: 0.0236080 seconds, Stopping threads took: 0.0000820 seconds
224.818: Application time: 0.0299290 seconds
224.818: [GC224.818: [DefNew: 65471K->7231K(65472K), 0.0163580 secs] 170610K->119902K(210744K), 0.0164100 secs] [Times: user=0.02 sys=0.00, real=0.02 secs] 
224.834: Total time for which application threads were stopped: 0.0167000 seconds, Stopping threads took: 0.0001780 seconds
224.863: Application time: 0.0288230 seconds
224.864: [GC224.864: [DefNew: 65471K->7231K(65472K), 0.0169050 secs] 178142K->126710K(210744K), 0.0169500 secs] [Times: user=0.01 sys=0.00, real=0.02 secs] 
224.881: Total time for which application threads were stopped: 0.0173460 seconds, Stopping threads took: 0.0002820 seconds
224.908: Application time: 0.0270600 seconds
224.908: [GC224.908: [DefNew: 65471K->6233K(65472K), 0.0156580 secs] 184950K->131743K(210744K), 0.0157010 secs] [Times: user=0.02 sys=0.00, real=0.01 secs] 
224.924: Total time for which application threads were stopped: 0.0159930 seconds, Stopping threads took: 0.0001800 seconds
224.948: Application time: 0.0244390 seconds
224.948: [GC224.948: [DefNew: 64473K->4823K(65472K), 0.0090740 secs] 189983K->134750K(210744K), 0.0091250 secs] [Times: user=0.01 sys=0.00, real=0.01 secs] 
224.958: Total time for which application threads were stopped: 0.0095050 seconds, Stopping threads took: 0.0002660 seconds
224.982: Application time: 0.0239310 seconds
224.982: [GC224.982: [DefNew: 63063K->4064K(65472K), 0.0090490 secs] 192990K->137839K(210744K), 0.0090930 secs] [Times: user=0.01 sys=0.00, real=0.01 secs] 
224.991: Total time for which application threads were stopped: 0.0094410 seconds, Stopping threads took: 0.0002360 seconds
225.014: Application time: 0.0231620 seconds
225.014: [GC225.014: [DefNew: 62304K->1359K(65472K), 0.0049880 secs] 196079K->138771K(210744K), 0.0050290 secs] [Times: user=0.00 sys=0.00, real=0.00 secs] 
225.019: Total time for which application threads were stopped: 0.0052310 seconds, Stopping threads took: 0.0001080 seconds
225.041: Application time: 0.0219130 seconds
225.041: [GC225.041: [DefNew: 59599K->6633K(65472K), 0.0080710 secs] 197011K->144045K(210744K), 0.0081140 secs] [Times: user=0.01 sys=0.00, real=0.01 secs] 
225.050: Total time for which application threads were stopped: 0.0082980 seconds, Stopping threads took: 0.0000900 seconds
225.071: Application time: 0.0214640 seconds
225.073: [GC225.073: [DefNew: 64873K->2679K(65472K), 0.0076790 secs] 202285K->145264K(210744K), 0.0077230 secs] [Times: user=0.01 sys=0.00, real=0.00 secs] 
225.081: Total time for which application threads were stopped: 0.0095330 seconds, Stopping threads took: 0.0016970 seconds
225.102: Application time: 0.0209890 seconds
225.102: [GC225.102: [DefNew: 60919K->4406K(65472K), 0.0048070 secs] 203504K->146990K(210744K), 0.0048470 secs] [Times: user=0.00 sys=0.00, real=0.01 secs] 
225.107: Total time for which application threads were stopped: 0.0050850 seconds, Stopping threads took: 0.0001450 seconds
225.127: Application time: 0.0207510 seconds
225.128: [GC225.128: [DefNew: 62646K->6596K(65472K), 0.0078690 secs] 205230K->151705K(210744K), 0.0079160 secs] [Times: user=0.01 sys=0.00, real=0.01 secs] 
225.136: Total time for which application threads were stopped: 0.0081510 seconds, Stopping threads took: 0.0001400 seconds
225.158: Application time: 0.0219450 seconds
225.158: [GC225.158: [DefNew: 64836K->7231K(65472K), 0.0188740 secs]225.177: [Tenured: 154817K->78269K(154872K), 0.1189820 secs] 209945K->78269K(220344K), [Perm : 8873K->8873K(21248K)], 0.1382150 secs] [Times: user=0.14 sys=0.00, real=0.14 secs] 
225.296: Total time for which application threads were stopped: 0.1383870 seconds, Stopping threads took: 0.0000790 seconds
225.322: Application time: 0.0258710 seconds
225.322: [GC225.322: [DefNew: 58240K->7231K(65472K), 0.0153930 secs] 136509K->91233K(210744K), 0.0154370 secs] [Times: user=0.02 sys=0.00, real=0.02 secs] 
225.337: Total time for which application threads were stopped: 0.0156630 seconds, Stopping threads took: 0.0001190 seconds
225.366: Application time: 0.0289110 seconds
225.367: [GC225.367: [DefNew: 65471K->7232K(65472K), 0.0255040 secs] 149473K->103842K(210744K), 0.0255490 secs] [Times: user=0.02 sys=0.00, real=0.02 secs] 
225.392: Total time for which application threads were stopped: 0.0257960 seconds, Stopping threads took: 0.0001420 seconds
225.424: Application time: 0.0320160 seconds
225.424: [GC225.424: [DefNew: 65472K->7232K(65472K), 0.0238300 secs] 162082K->115071K(210744K), 0.0238740 secs] [Times: user=0.02 sys=0.00, real=0.03 secs] 
225.448: Total time for which application threads were stopped: 0.0240640 seconds, Stopping threads took: 0.0000990 seconds
225.478: Application time: 0.0300010 seconds
225.478: [GC225.478: [DefNew: 65472K->7232K(65472K), 0.0243960 secs] 173311K->124974K(210744K), 0.0244400 secs] [Times: user=0.03 sys=0.00, real=0.02 secs] 
225.503: Total time for which application threads were stopped: 0.0246400 seconds, Stopping threads took: 0.0001060 seconds
225.531: Application time: 0.0279100 seconds
225.533: [GC225.533: [DefNew: 65472K->7071K(65472K), 0.0142760 secs] 183214K->131659K(210744K), 0.0143210 secs] [Times: user=0.01 sys=0.00, real=0.01 secs] 
225.547: Total time for which application threads were stopped: 0.0163160 seconds, Stopping threads took: 0.0018910 seconds
225.573: Application time: 0.0263420 seconds
225.574: [GC225.574: [DefNew: 65311K->2448K(65472K), 0.0076840 secs] 189899K->133129K(210744K), 0.0077270 secs] [Times: user=0.01 sys=0.00, real=0.00 secs] 
225.581: Total time for which application threads were stopped: 0.0079600 seconds, Stopping threads took: 0.0001180 seconds
225.606: Application time: 0.0248520 seconds
225.607: [GC225.607: [DefNew: 60688K->6995K(65472K), 0.0070200 secs] 191369K->137676K(210744K), 0.0070640 secs] [Times: user=0.00 sys=0.00, real=0.01 secs] 
225.614: Total time for which application threads were stopped: 0.0073900 seconds, Stopping threads took: 0.0002120 seconds
225.637: Application time: 0.0234920 seconds
225.637: [GC225.637: [DefNew: 65235K->3210K(65472K), 0.0093600 secs] 195916K->139690K(210744K), 0.0094050 secs] [Times: user=0.01 sys=0.00, real=0.01 secs] 
225.647: Total time for which application threads were stopped: 0.0097500 seconds, Stopping threads took: 0.0002300 seconds
225.670: Application time: 0.0228460 seconds
225.670: [GC225.670: [DefNew: 61450K->5216K(65472K), 0.0038290 secs] 197930K->141696K(210744K), 0.0038720 secs] [Times: user=0.01 sys=0.00, real=0.01 secs] 
225.674: Total time for which application threads were stopped: 0.0041480 seconds, Stopping threads took: 0.0001720 seconds
225.696: Application time: 0.0219100 seconds
225.696: [GC225.696: [DefNew: 63456K->6332K(65472K), 0.0087390 secs] 199936K->145753K(210744K), 0.0087830 secs] [Times: user=0.01 sys=0.00, real=0.01 secs] 
225.705: Total time for which application threads were stopped: 0.0091270 seconds, Stopping threads took: 0.0002480 seconds
225.726: Application time: 0.0213780 seconds
225.726: [GC225.726: [DefNew: 64572K->3798K(65472K), 0.0081990 secs] 203993K->148243K(210744K), 0.0082420 secs] [Times: user=0.01 sys=0.00, real=0.01 secs] 
225.735: Total time for which application threads were stopped: 0.0084160 seconds, Stopping threads took: 0.0000790 seconds
225.756: Application time: 0.0209400 seconds
225.756: [GC225.756: [DefNew: 62038K->2356K(65472K), 0.0049710 secs]225.761: [Tenured: 146447K->80044K(146616K), 0.1270240 secs] 206483K->80044K(212088K), [Perm : 8873K->8873K(21248K)], 0.1321260 secs] [Times: user=0.13 sys=0.00, real=0.13 secs] 
225.888: Total time for which application threads were stopped: 0.1324040 seconds, Stopping threads took: 0.0001640 seconds
225.909: Application time: 0.0209590 seconds
225.909: [GC225.909: [DefNew: 58240K->7232K(65472K), 0.0076280 secs] 138284K->88998K(210744K), 0.0076700 secs] [Times: user=0.00 sys=0.00, real=0.01 secs] 
225.917: Total time for which application threads were stopped: 0.0078520 seconds, Stopping threads took: 0.0000720 seconds
225.940: Application time: 0.0230400 seconds
225.940: [GC225.940: [DefNew: 65472K->7232K(65472K), 0.0200920 secs] 147238K->100683K(210744K), 0.0201350 secs] [Times: user=0.02 sys=0.00, real=0.02 secs] 
225.960: Total time for which application threads were stopped: 0.0203320 seconds, Stopping threads took: 0.0001050 seconds
225.988: Application time: 0.0278330 seconds
225.988: [GC225.988: [DefNew: 65472K->7231K(65472K), 0.0282380 secs] 158923K->113167K(210744K), 0.0282910 secs] [Times: user=0.03 sys=0.00, real=0.03 secs] 
226.017: Total time for which application threads were stopped: 0.0286600 seconds, Stopping threads took: 0.0002740 seconds
226.047: Application time: 0.0305440 seconds
226.048: [GC226.048: [DefNew: 65471K->7231K(65472K), 0.0220780 secs] 171407K->123023K(210744K), 0.0221220 secs] [Times: user=0.03 sys=0.00, real=0.02 secs] 
226.070: Total time for which application threads were stopped: 0.0223380 seconds, Stopping threads took: 0.0001240 seconds
226.101: Application time: 0.0313080 seconds
226.101: [GC226.101: [DefNew: 65471K->7232K(65472K), 0.0153700 secs] 181263K->130548K(210744K), 0.0154130 secs] [Times: user=0.01 sys=0.00, real=0.02 secs] 
226.117: Total time for which application threads were stopped: 0.0156160 seconds, Stopping threads took: 0.0001110 seconds
226.145: Application time: 0.0285580 seconds
226.145: [GC226.145: [DefNew: 65472K->7232K(65472K), 0.0145890 secs] 188788K->135663K(210744K), 0.0146330 secs] [Times: user=0.01 sys=0.00, real=0.01 secs] 
226.160: Total time for which application threads were stopped: 0.0148470 seconds, Stopping threads took: 0.0001220 seconds
226.188: Application time: 0.0283590 seconds
226.189: [GC226.189: [DefNew: 65472K->6835K(65472K), 0.0149660 secs] 193903K->141053K(210744K), 0.0150100 secs] [Times: user=0.02 sys=0.00, real=0.01 secs] 
226.204: Total time for which application threads were stopped: 0.0152460 seconds, Stopping threads took: 0.0001400 seconds
226.228: Application time: 0.0248380 seconds
226.229: [GC226.229: [DefNew: 65075K->3802K(65472K), 0.0068940 secs] 199293K->142328K(210744K), 0.0069370 secs] [Times: user=0.00 sys=0.00, real=0.01 secs] 
226.236: Total time for which application threads were stopped: 0.0071230 seconds, Stopping threads took: 0.0000900 seconds
226.260: Application time: 0.0243180 seconds
226.260: [GC226.260: [DefNew: 62042K->4920K(65472K), 0.0078970 secs] 200568K->146466K(210744K), 0.0079390 secs] [Times: user=0.01 sys=0.00, real=0.01 secs] 
226.268: Total time for which application threads were stopped: 0.0081620 seconds, Stopping threads took: 0.0001280 seconds
226.291: Application time: 0.0233660 seconds
226.292: [GC226.292: [DefNew: 63160K->1249K(65472K), 0.0054370 secs]226.297: [Tenured: 145840K->80479K(145848K), 0.1172380 secs] 204706K->80479K(211320K), [Perm : 8873K->8873K(21248K)], 0.1227710 secs] [Times: user=0.13 sys=0.00, real=0.13 secs] 
226.414: Total time for which application threads were stopped: 0.1229770 seconds, Stopping threads took: 0.0001110 seconds
226.436: Application time: 0.0219130 seconds
226.436: [GC226.436: [DefNew: 58240K->4666K(65472K), 0.0039880 secs] 138719K->85145K(210744K), 0.0040240 secs] [Times: user=0.00 sys=0.00, real=0.00 secs] 
226.441: Total time for which application threads were stopped: 0.0041870 seconds, Stopping threads took: 0.0000560 seconds
226.462: Application time: 0.0214610 seconds
226.462: [GC226.462: [DefNew: 62906K->3694K(65472K), 0.0080500 secs] 143385K->87421K(210744K), 0.0080940 secs] [Times: user=0.00 sys=0.00, real=0.01 secs] 
226.470: Total time for which application threads were stopped: 0.0083720 seconds, Stopping threads took: 0.0001660 seconds
226.491: Application time: 0.0211400 seconds
226.492: [GC226.492: [DefNew: 61934K->2228K(65472K), 0.0054920 secs] 145661K->89504K(210744K), 0.0055350 secs] [Times: user=0.01 sys=0.00, real=0.01 secs] 
226.497: Total time for which application threads were stopped: 0.0057400 seconds, Stopping threads took: 0.0001120 seconds
226.518: Application time: 0.0206640 seconds
226.518: [GC226.518: [DefNew: 60468K->3274K(65472K), 0.0050180 secs] 147744K->90550K(210744K), 0.0050540 secs] [Times: user=0.01 sys=0.00, real=0.00 secs] 
226.523: Total time for which application threads were stopped: 0.0052770 seconds, Stopping threads took: 0.0001350 seconds
226.544: Application time: 0.0213180 seconds
226.545: [GC226.545: [DefNew: 61514K->7232K(65472K), 0.0121170 secs] 148790K->99436K(210744K), 0.0121700 secs] [Times: user=0.01 sys=0.00, real=0.01 secs] 
226.557: Total time for which application threads were stopped: 0.0123530 seconds, Stopping threads took: 0.0000890 seconds
226.581: Application time: 0.0239460 seconds
226.581: [GC226.581: [DefNew: 65472K->7231K(65472K), 0.0226660 secs] 157676K->110394K(210744K), 0.0227080 secs] [Times: user=0.03 sys=0.00, real=0.02 secs] 
226.604: Total time for which application threads were stopped: 0.0229780 seconds, Stopping threads took: 0.0001570 seconds
226.632: Application time: 0.0279660 seconds
226.632: [GC226.632: [DefNew: 65471K->7232K(65472K), 0.0270560 secs] 168634K->124560K(210744K), 0.0271060 secs] [Times: user=0.03 sys=0.00, real=0.03 secs] 
226.659: Total time for which application threads were stopped: 0.0273840 seconds, Stopping threads took: 0.0001660 seconds
226.690: Application time: 0.0310510 seconds
226.690: [GC226.691: [DefNew: 65472K->7232K(65472K), 0.0305720 secs] 182800K->137052K(210744K), 0.0306160 secs] [Times: user=0.03 sys=0.00, real=0.03 secs] 
226.721: Total time for which application threads were stopped: 0.0309370 seconds, Stopping threads took: 0.0002100 seconds
226.752: Application time: 0.0308560 seconds
226.757: [GC226.757: [DefNew: 65472K->7231K(65472K), 0.0220720 secs] 195292K->146753K(210744K), 0.0221210 secs] [Times: user=0.02 sys=0.00, real=0.02 secs] 
226.779: Total time for which application threads were stopped: 0.0270050 seconds, Stopping threads took: 0.0047550 seconds
226.807: Application time: 0.0283820 seconds
226.808: [GC226.808: [DefNew: 65471K->7231K(65472K), 0.0160750 secs]226.824: [Tenured: 146734K->76885K(146808K), 0.1177310 secs] 204993K->76885K(212280K), [Perm : 8873K->8873K(21248K)], 0.1339450 secs] [Times: user=0.13 sys=0.00, real=0.13 secs] 
226.942: Total time for which application threads were stopped: 0.1342260 seconds, Stopping threads took: 0.0001730 seconds
226.969: Application time: 0.0275770 seconds
226.969: [GC226.969: [DefNew: 58240K->7223K(65472K), 0.0087830 secs] 135125K->84109K(210744K), 0.0088260 secs] [Times: user=0.01 sys=0.00, real=0.01 secs] 
226.978: Total time for which application threads were stopped: 0.0091400 seconds, Stopping threads took: 0.0001900 seconds
227.003: Application time: 0.0244880 seconds
227.003: [GC227.003: [DefNew: 65463K->5736K(65472K), 0.0094800 secs] 142349K->87290K(210744K), 0.0095240 secs] [Times: user=0.01 sys=0.00, real=0.02 secs] 
227.013: Total time for which application threads were stopped: 0.0099000 seconds, Stopping threads took: 0.0002630 seconds
227.037: Application time: 0.0239620 seconds
227.037: [GC227.037: [DefNew: 63976K->3387K(65472K), 0.0079510 secs] 145530K->89568K(210744K), 0.0079960 secs] [Times: user=0.00 sys=0.00, real=0.01 secs] 
227.045: Total time for which application threads were stopped: 0.0082300 seconds, Stopping threads took: 0.0001370 seconds
227.068: Application time: 0.0233250 seconds
227.069: [GC227.069: [DefNew: 61627K->3568K(65472K), 0.0036000 secs] 147808K->89749K(210744K), 0.0036320 secs] [Times: user=0.01 sys=0.00, real=0.00 secs] 
227.072: Total time for which application threads were stopped: 0.0041620 seconds, Stopping threads took: 0.0004270 seconds
227.094: Application time: 0.0215340 seconds
227.094: [GC227.094: [DefNew: 61808K->7231K(65472K), 0.0079880 secs] 147989K->95148K(210744K), 0.0080320 secs] [Times: user=0.01 sys=0.00, real=0.00 secs] 
227.102: Total time for which application threads were stopped: 0.0083560 seconds, Stopping threads took: 0.0002290 seconds
227.124: Application time: 0.0214170 seconds
227.124: [GC227.124: [DefNew: 65471K->4501K(65472K), 0.0132700 secs] 153388K->99049K(210744K), 0.0133140 secs] [Times: user=0.02 sys=0.00, real=0.02 secs] 
227.137: Total time for which application threads were stopped: 0.0136850 seconds, Stopping threads took: 0.0002570 seconds
227.159: Application time: 0.0214740 seconds
227.159: [GC227.159: [DefNew: 62741K->1671K(65472K), 0.0040820 secs] 157289K->98867K(210744K), 0.0041310 secs] [Times: user=0.00 sys=0.00, real=0.00 secs] 
227.163: Total time for which application threads were stopped: 0.0042920 seconds, Stopping threads took: 0.0000680 seconds
227.183: Application time: 0.0202110 seconds
227.184: [GC227.184: [DefNew: 59911K->5748K(65472K), 0.0050440 secs] 157107K->102945K(210744K), 0.0050880 secs] [Times: user=0.01 sys=0.00, real=0.01 secs] 
227.189: Total time for which application threads were stopped: 0.0052910 seconds, Stopping threads took: 0.0001090 seconds
227.211: Application time: 0.0221270 seconds
227.211: [GC227.211: [DefNew: 63988K->7232K(65472K), 0.0189670 secs] 161185K->115374K(210744K), 0.0190110 secs] [Times: user=0.02 sys=0.00, real=0.02 secs] 
227.230: Total time for which application threads were stopped: 0.0192130 seconds, Stopping threads took: 0.0001100 seconds
227.256: Application time: 0.0257800 seconds
227.256: [GC227.256: [DefNew: 65472K->7231K(65472K), 0.0194200 secs] 173614K->125708K(210744K), 0.0194660 secs] [Times: user=0.02 sys=0.00, real=0.02 secs] 
227.275: Total time for which application threads were stopped: 0.0196730 seconds, Stopping threads took: 0.0001120 seconds
227.304: Application time: 0.0286120 seconds
227.304: [GC227.304: [DefNew: 65471K->7231K(65472K), 0.0242800 secs] 183948K->138978K(210744K), 0.0243250 secs] [Times: user=0.02 sys=0.00, real=0.03 secs] 
227.329: Total time for which application threads were stopped: 0.0245210 seconds, Stopping threads took: 0.0001070 seconds
227.360: Application time: 0.0315780 seconds
227.360: [GC227.360: [DefNew: 65471K->7232K(65472K), 0.0203490 secs] 197218K->149549K(210744K), 0.0203920 secs] [Times: user=0.02 sys=0.00, real=0.02 secs] 
227.381: Total time for which application threads were stopped: 0.0205790 seconds, Stopping threads took: 0.0000940 seconds
227.410: Application time: 0.0295140 seconds
227.410: [GC227.411: [DefNew: 65472K->7231K(65472K), 0.0190810 secs]227.430: [Tenured: 150995K->76847K(151032K), 0.1199990 secs] 207789K->76847K(216504K), [Perm : 8873K->8873K(21248K)], 0.1393440 secs] [Times: user=0.14 sys=0.00, real=0.14 secs] 
227.550: Total time for which application threads were stopped: 0.1395510 seconds, Stopping threads took: 0.0001140 seconds
227.578: Application time: 0.0278550 seconds
227.578: [GC227.578: [DefNew: 58240K->7231K(65472K), 0.0131980 secs] 135087K->86832K(210744K), 0.0132410 secs] [Times: user=0.01 sys=0.00, real=0.01 secs] 
227.591: Total time for which application threads were stopped: 0.0134670 seconds, Stopping threads took: 0.0001170 seconds
227.618: Application time: 0.0267850 seconds
227.618: [GC227.618: [DefNew: 65471K->6344K(65472K), 0.0140570 secs] 145072K->91893K(210744K), 0.0141040 secs] [Times: user=0.01 sys=0.00, real=0.01 secs] 
227.632: Total time for which application threads were stopped: 0.0143820 seconds, Stopping threads took: 0.0001650 seconds
227.657: Application time: 0.0249900 seconds
227.658: [GC227.658: [DefNew: 64584K->4452K(65472K), 0.0104240 secs] 150133K->95473K(210744K), 0.0104690 secs] [Times: user=0.01 sys=0.00, real=0.01 secs] 
227.668: Total time for which application threads were stopped: 0.0106630 seconds, Stopping threads took: 0.0000990 seconds
227.692: Application time: 0.0242650 seconds
227.693: [GC227.693: [DefNew: 62692K->986K(65472K), 0.0057550 secs] 153713K->95923K(210744K), 0.0057950 secs] [Times: user=0.00 sys=0.00, real=0.00 secs] 
227.698: Total time for which application threads were stopped: 0.0060660 seconds, Stopping threads took: 0.0001530 seconds
227.721: Application time: 0.0222660 seconds
227.721: [GC227.721: [DefNew: 59226K->4929K(65472K), 0.0044630 secs] 154163K->99865K(210744K), 0.0045020 secs] [Times: user=0.00 sys=0.00, real=0.01 secs] 
227.725: Total time for which application threads were stopped: 0.0046570 seconds, Stopping threads took: 0.0000600 seconds
227.747: Application time: 0.0215720 seconds
227.749: [GC227.749: [DefNew: 63169K->5134K(65472K), 0.0109260 secs] 158105K->103603K(210744K), 0.0109690 secs] [Times: user=0.01 sys=0.00, real=0.01 secs] 
227.760: Total time for which application threads were stopped: 0.0127920 seconds, Stopping threads took: 0.0017100 seconds
227.782: Application time: 0.0221020 seconds
227.782: [GC227.782: [DefNew: 63374K->1974K(65472K), 0.0059050 secs] 161843K->104066K(210744K), 0.0059540 secs] [Times: user=0.01 sys=0.00, real=0.01 secs] 
227.788: Total time for which application threads were stopped: 0.0062310 seconds, Stopping threads took: 0.0001860 seconds
227.809: Application time: 0.0209910 seconds
227.809: [GC227.809: [DefNew: 60214K->4001K(65472K), 0.0054080 secs] 162306K->106092K(210744K), 0.0054440 secs] [Times: user=0.00 sys=0.00, real=0.01 secs] 
227.815: Total time for which application threads were stopped: 0.0056360 seconds, Stopping threads took: 0.0001020 seconds
227.835: Application time: 0.0205590 seconds
227.835: [GC227.835: [DefNew: 62241K->7231K(65472K), 0.0085690 secs] 164332K->112376K(210744K), 0.0086130 secs] [Times: user=0.00 sys=0.00, real=0.00 secs] 
227.844: Total time for which application threads were stopped: 0.0087840 seconds, Stopping threads took: 0.0000750 seconds
227.867: Application time: 0.0229810 seconds
227.867: [GC227.867: [DefNew: 65471K->7231K(65472K), 0.0208060 secs] 170616K->124840K(210744K), 0.0208510 secs] [Times: user=0.02 sys=0.00, real=0.02 secs] 
227.888: Total time for which application threads were stopped: 0.0210350 seconds, Stopping threads took: 0.0000930 seconds
227.915: Application time: 0.0266630 seconds
227.915: [GC227.915: [DefNew: 65471K->7232K(65472K), 0.0188710 secs] 183080K->133754K(210744K), 0.0189150 secs] [Times: user=0.02 sys=0.00, real=0.02 secs] 
227.934: Total time for which application threads were stopped: 0.0191910 seconds, Stopping threads took: 0.0001730 seconds
227.964: Application time: 0.0298720 seconds
227.964: [GC227.964: [DefNew: 65472K->7231K(65472K), 0.0227910 secs] 191994K->146619K(210744K), 0.0228380 secs] [Times: user=0.02 sys=0.00, real=0.03 secs] 
227.987: Total time for which application threads were stopped: 0.0230400 seconds, Stopping threads took: 0.0001110 seconds
228.017: Application time: 0.0305850 seconds
228.018: [GC228.018: [DefNew: 65471K->7232K(65472K), 0.0216820 secs]228.039: [Tenured: 148529K->78551K(148536K), 0.1183860 secs] 204859K->78551K(214008K), [Perm : 8873K->8873K(21248K)], 0.1402690 secs] [Times: user=0.14 sys=0.00, real=0.14 secs] 
228.158: Total time for which application threads were stopped: 0.1405590 seconds, Stopping threads took: 0.0001800 seconds
228.187: Application time: 0.0292200 seconds
228.187: [GC228.187: [DefNew: 58240K->7232K(65472K), 0.0102570 secs] 136791K->86915K(210744K), 0.0103000 secs] [Times: user=0.01 sys=0.00, real=0.01 secs] 
228.198: Total time for which application threads were stopped: 0.0105540 seconds, Stopping threads took: 0.0001260 seconds
228.225: Application time: 0.0275610 seconds
228.225: [GC228.226: [DefNew: 65472K->5695K(65472K), 0.0149320 secs] 145155K->91954K(210744K), 0.0149800 secs] [Times: user=0.02 sys=0.00, real=0.01 secs] 
228.241: Total time for which application threads were stopped: 0.0152670 seconds, Stopping threads took: 0.0001750 seconds
228.267: Application time: 0.0269700 seconds
228.268: [GC228.268: [DefNew: 63935K->7231K(65472K), 0.0120630 secs] 150194K->97273K(210744K), 0.0121070 secs] [Times: user=0.01 sys=0.00, real=0.01 secs] 
228.280: Total time for which application threads were stopped: 0.0124380 seconds, Stopping threads took: 0.0002170 seconds
228.304: Application time: 0.0239700 seconds
228.304: [GC228.304: [DefNew: 65471K->2399K(65472K), 0.0106720 secs] 155513K->99034K(210744K), 0.0107140 secs] [Times: user=0.01 sys=0.00, real=0.02 secs] 
228.315: Total time for which application threads were stopped: 0.0109900 seconds, Stopping threads took: 0.0001810 seconds
228.339: Application time: 0.0242970 seconds
228.339: [GC228.339: [DefNew: 60639K->3433K(65472K), 0.0040790 secs] 157274K->100067K(210744K), 0.0041170 secs] [Times: user=0.00 sys=0.00, real=0.00 secs] 
228.344: Total time for which application threads were stopped: 0.0044320 seconds, Stopping threads took: 0.0002070 seconds
228.366: Application time: 0.0219770 seconds
228.366: [GC228.366: [DefNew: 61673K->7231K(65472K), 0.0067980 secs] 158307K->103959K(210744K), 0.0068510 secs] [Times: user=0.00 sys=0.00, real=0.01 secs] 
228.373: Total time for which application threads were stopped: 0.0070750 seconds, Stopping threads took: 0.0001290 seconds
228.394: Application time: 0.0209720 seconds
228.394: [GC228.394: [DefNew: 65471K->4619K(65472K), 0.0107140 secs] 162199K->106966K(210744K), 0.0107580 secs] [Times: user=0.01 sys=0.00, real=0.01 secs] 
228.405: Total time for which application threads were stopped: 0.0110390 seconds, Stopping threads took: 0.0001860 seconds
228.427: Application time: 0.0221090 seconds
228.427: [GC228.427: [DefNew: 62859K->2270K(65472K), 0.0051270 secs] 165206K->107866K(210744K), 0.0051710 secs] [Times: user=0.00 sys=0.00, real=0.00 secs] 
228.432: Total time for which application threads were stopped: 0.0054040 seconds, Stopping threads took: 0.0001390 seconds
228.453: Application time: 0.0206440 seconds
228.453: [GC228.453: [DefNew: 60510K->4436K(65472K), 0.0047170 secs] 166106K->110032K(210744K), 0.0047520 secs] [Times: user=0.00 sys=0.00, real=0.00 secs] 
228.458: Total time for which application threads were stopped: 0.0049750 seconds, Stopping threads took: 0.0001360 seconds
228.479: Application time: 0.0213720 seconds
228.479: [GC228.479: [DefNew: 62676K->7232K(65472K), 0.0122130 secs] 168272K->118660K(210744K), 0.0122580 secs] [Times: user=0.02 sys=0.00, real=0.01 secs] 
228.492: Total time for which application threads were stopped: 0.0124390 seconds, Stopping threads took: 0.0000860 seconds
228.516: Application time: 0.0247340 seconds
228.517: [GC228.517: [DefNew: 65472K->7231K(65472K), 0.0247860 secs] 176900K->133112K(210744K), 0.0248310 secs] [Times: user=0.02 sys=0.00, real=0.02 secs] 
228.541: Total time for which application threads were stopped: 0.0250670 seconds, Stopping threads took: 0.0001420 seconds
228.569: Application time: 0.0275980 seconds
228.569: [GC228.569: [DefNew: 65471K->6500K(65472K), 0.0163820 secs] 191352K->139076K(210744K), 0.0164250 secs] [Times: user=0.02 sys=0.00, real=0.02 secs] 
228.586: Total time for which application threads were stopped: 0.0166540 seconds, Stopping threads took: 0.0001350 seconds
228.615: Application time: 0.0292810 seconds
228.615: [GC228.615: [DefNew: 64740K->7231K(65472K), 0.0212230 secs] 197316K->152412K(210744K), 0.0212670 secs] [Times: user=0.02 sys=0.01, real=0.02 secs] 
228.636: Total time for which application threads were stopped: 0.0214970 seconds, Stopping threads took: 0.0001220 seconds
228.667: Application time: 0.0300800 seconds
228.667: [GC228.667: [DefNew: 65471K->7231K(65472K), 0.0256880 secs]228.693: [Tenured: 155075K->82456K(155256K), 0.1195720 secs] 210652K->82456K(220728K), [Perm : 8873K->8873K(21248K)], 0.1456470 secs] [Times: user=0.15 sys=0.00, real=0.15 secs] 
228.812: Total time for which application threads were stopped: 0.1459160 seconds, Stopping threads took: 0.0001570 seconds
228.841: Application time: 0.0285730 seconds
228.841: [GC228.841: [DefNew: 58240K->7231K(65472K), 0.0108110 secs] 140696K->90641K(210744K), 0.0108550 secs] [Times: user=0.02 sys=0.00, real=0.01 secs] 
228.852: Total time for which application threads were stopped: 0.0111180 seconds, Stopping threads took: 0.0001330 seconds
228.879: Application time: 0.0266130 seconds
228.881: [GC228.881: [DefNew: 65471K->7232K(65472K), 0.0191860 secs] 148881K->99104K(210744K), 0.0192300 secs] [Times: user=0.02 sys=0.00, real=0.02 secs] 
228.900: Total time for which application threads were stopped: 0.0212300 seconds, Stopping threads took: 0.0018890 seconds
228.926: Application time: 0.0263880 seconds
228.927: [GC228.927: [DefNew: 65472K->7231K(65472K), 0.0154830 secs] 157344K->105760K(210744K), 0.0155280 secs] [Times: user=0.01 sys=0.00, real=0.01 secs] 
228.942: Total time for which application threads were stopped: 0.0157560 seconds, Stopping threads took: 0.0001340 seconds
228.967: Application time: 0.0243630 seconds
228.967: [GC228.967: [DefNew: 65471K->522K(65472K), 0.0063690 secs] 164000K->105940K(210744K), 0.0064220 secs] [Times: user=0.00 sys=0.00, real=0.01 secs] 
228.973: Total time for which application threads were stopped: 0.0066840 seconds, Stopping threads took: 0.0001640 seconds
228.997: Application time: 0.0235680 seconds
228.997: [GC228.997: [DefNew: 58762K->2258K(65472K), 0.0028420 secs] 164180K->107676K(210744K), 0.0028730 secs] [Times: user=0.00 sys=0.00, real=0.00 secs] 
229.000: Total time for which application threads were stopped: 0.0030370 seconds, Stopping threads took: 0.0000810 seconds
229.021: Application time: 0.0214060 seconds
229.021: [GC229.021: [DefNew: 60498K->7231K(65472K), 0.0105360 secs] 165916K->113410K(210744K), 0.0105790 secs] [Times: user=0.01 sys=0.00, real=0.01 secs] 
229.032: Total time for which application threads were stopped: 0.0107650 seconds, Stopping threads took: 0.0000910 seconds
229.053: Application time: 0.0209710 seconds
229.053: [GC229.053: [DefNew: 65471K->3357K(65472K), 0.0105300 secs] 171650K->116211K(210744K), 0.0105710 secs] [Times: user=0.02 sys=0.00, real=0.00 secs] 
229.064: Total time for which application threads were stopped: 0.0107840 seconds, Stopping threads took: 0.0001190 seconds
229.086: Application time: 0.0217900 seconds
229.086: [GC229.086: [DefNew: 61597K->3785K(65472K), 0.0033830 secs] 174451K->116638K(210744K), 0.0034190 secs] [Times: user=0.00 sys=0.00, real=0.00 secs] 
229.089: Total time for which application threads were stopped: 0.0035920 seconds, Stopping threads took: 0.0000880 seconds
229.110: Application time: 0.0205060 seconds
229.110: [GC229.110: [DefNew: 62025K->4988K(65472K), 0.0073080 secs] 174878K->121023K(210744K), 0.0073500 secs] [Times: user=0.00 sys=0.00, real=0.01 secs] 
229.117: Total time for which application threads were stopped: 0.0075370 seconds, Stopping threads took: 0.0000940 seconds
229.139: Application time: 0.0216400 seconds
229.139: [GC229.139: [DefNew: 63228K->7232K(65472K), 0.0216280 secs] 179263K->135668K(210744K), 0.0216730 secs] [Times: user=0.02 sys=0.00, real=0.02 secs] 
229.161: Total time for which application threads were stopped: 0.0218910 seconds, Stopping threads took: 0.0001220 seconds
229.187: Application time: 0.0258910 seconds
229.187: [GC229.187: [DefNew: 65472K->7231K(65472K), 0.0237390 secs] 193908K->144222K(210744K), 0.0237840 secs] [Times: user=0.02 sys=0.00, real=0.02 secs] 
229.211: Total time for which application threads were stopped: 0.0240080 seconds, Stopping threads took: 0.0001340 seconds
229.238: Application time: 0.0272170 seconds
229.238: [GC229.238: [DefNew: 65471K->7232K(65472K), 0.0149420 secs] 202462K->152091K(210744K), 0.0149880 secs] [Times: user=0.01 sys=0.00, real=0.02 secs] 
229.253: Total time for which application threads were stopped: 0.0153040 seconds, Stopping threads took: 0.0002060 seconds
229.282: Application time: 0.0285270 seconds
229.282: [GC229.282: [DefNew: 65472K->7232K(65472K), 0.0255900 secs]229.308: [Tenured: 157782K->76727K(157944K), 0.1197360 secs] 210331K->76727K(223416K), [Perm : 8873K->8873K(21248K)], 0.1457610 secs] [Times: user=0.14 sys=0.00, real=0.15 secs] 
229.428: Total time for which application threads were stopped: 0.1459950 seconds, Stopping threads took: 0.0001240 seconds
229.458: Application time: 0.0299300 seconds
229.458: [GC229.458: [DefNew: 58240K->7231K(65472K), 0.0112430 secs] 134967K->85952K(210744K), 0.0112880 secs] [Times: user=0.01 sys=0.00, real=0.01 secs] 
229.469: Total time for which application threads were stopped: 0.0115850 seconds, Stopping threads took: 0.0001730 seconds
229.497: Application time: 0.0275910 seconds
229.497: [GC229.497: [DefNew: 65471K->6444K(65472K), 0.0151980 secs] 144192K->91995K(210744K), 0.0152430 secs] [Times: user=0.02 sys=0.00, real=0.01 secs] 
229.512: Total time for which application threads were stopped: 0.0154990 seconds, Stopping threads took: 0.0001530 seconds
229.540: Application time: 0.0274610 seconds
229.540: [GC229.540: [DefNew: 64684K->7232K(65472K), 0.0152730 secs] 150235K->98686K(210744K), 0.0153170 secs] [Times: user=0.01 sys=0.00, real=0.02 secs] 
229.555: Total time for which application threads were stopped: 0.0155790 seconds, Stopping threads took: 0.0001490 seconds
229.581: Application time: 0.0252990 seconds
229.585: [GC229.585: [DefNew: 65472K->3573K(65472K), 0.0141590 secs] 156926K->101829K(210744K), 0.0142020 secs] [Times: user=0.01 sys=0.00, real=0.01 secs] 
229.599: Total time for which application threads were stopped: 0.0184100 seconds, Stopping threads took: 0.0040960 seconds
229.623: Application time: 0.0238950 seconds
229.625: [GC229.625: [DefNew: 61813K->4568K(65472K), 0.0042700 secs] 160069K->102825K(210744K), 0.0043070 secs] [Times: user=0.00 sys=0.00, real=0.00 secs] 
229.629: Total time for which application threads were stopped: 0.0061440 seconds, Stopping threads took: 0.0017290 seconds
229.652: Application time: 0.0226290 seconds
229.652: [GC229.652: [DefNew: 62808K->3347K(65472K), 0.0058230 secs] 161065K->104859K(210744K), 0.0058680 secs] [Times: user=0.01 sys=0.00, real=0.01 secs] 
229.658: Total time for which application threads were stopped: 0.0061630 seconds, Stopping threads took: 0.0002020 seconds
229.679: Application time: 0.0211000 seconds
229.679: [GC229.679: [DefNew: 61587K->7232K(65472K), 0.0107030 secs] 163099K->109696K(210744K), 0.0107470 secs] [Times: user=0.01 sys=0.00, real=0.01 secs] 
229.690: Total time for which application threads were stopped: 0.0110890 seconds, Stopping threads took: 0.0002290 seconds
229.712: Application time: 0.0214840 seconds
229.712: [GC229.712: [DefNew: 65472K->3115K(65472K), 0.0094750 secs] 167936K->112321K(210744K), 0.0095170 secs] [Times: user=0.01 sys=0.00, real=0.01 secs] 
229.721: Total time for which application threads were stopped: 0.0098260 seconds, Stopping threads took: 0.0002020 seconds
229.743: Application time: 0.0211440 seconds
229.743: [GC229.743: [DefNew: 61355K->4001K(65472K), 0.0032320 secs] 170561K->113207K(210744K), 0.0032720 secs] [Times: user=0.00 sys=0.00, real=0.01 secs] 
229.746: Total time for which application threads were stopped: 0.0035130 seconds, Stopping threads took: 0.0001470 seconds
229.767: Application time: 0.0212980 seconds
229.768: [GC229.768: [DefNew: 62241K->7232K(65472K), 0.0084360 secs] 171447K->119878K(210744K), 0.0084770 secs] [Times: user=0.01 sys=0.00, real=0.01 secs] 
229.776: Total time for which application threads were stopped: 0.0087040 seconds, Stopping threads took: 0.0001310 seconds
229.799: Application time: 0.0229740 seconds
229.799: [GC229.799: [DefNew: 65472K->7232K(65472K), 0.0242680 secs] 178118K->134496K(210744K), 0.0243130 secs] [Times: user=0.03 sys=0.00, real=0.02 secs] 
229.824: Total time for which application threads were stopped: 0.0245300 seconds, Stopping threads took: 0.0001240 seconds
229.850: Application time: 0.0268220 seconds
229.851: [GC229.851: [DefNew: 65472K->7231K(65472K), 0.0175340 secs] 192736K->142289K(210744K), 0.0175750 secs] [Times: user=0.02 sys=0.00, real=0.02 secs] 
229.868: Total time for which application threads were stopped: 0.0177450 seconds, Stopping threads took: 0.0000760 seconds
229.896: Application time: 0.0280540 seconds
229.896: [GC229.896: [DefNew: 65471K->7231K(65472K), 0.0249940 secs]229.921: [Tenured: 147296K->78937K(147384K), 0.1213130 secs] 200529K->78937K(212856K), [Perm : 8873K->8873K(21248K)], 0.1464810 secs] [Times: user=0.15 sys=0.00, real=0.14 secs] 
230.043: Total time for which application threads were stopped: 0.1467060 seconds, Stopping threads took: 0.0001330 seconds
230.072: Application time: 0.0290510 seconds
230.072: [GC230.072: [DefNew: 58240K->7232K(65472K), 0.0168160 secs] 137177K->91179K(210744K), 0.0168620 secs] [Times: user=0.02 sys=0.00, real=0.02 secs] 
230.089: Total time for which application threads were stopped: 0.0170810 seconds, Stopping threads took: 0.0001140 seconds
230.119: Application time: 0.0296290 seconds
230.119: [GC230.119: [DefNew: 65472K->7231K(65472K), 0.0217910 secs] 149419K->98407K(210744K), 0.0218350 secs] [Times: user=0.02 sys=0.00, real=0.02 secs] 
230.141: Total time for which application threads were stopped: 0.0220790 seconds, Stopping threads took: 0.0001330 seconds
230.169: Application time: 0.0281800 seconds
230.169: [GC230.169: [DefNew: 65471K->7231K(65472K), 0.0136740 secs] 156647K->105003K(210744K), 0.0137270 secs] [Times: user=0.02 sys=0.00, real=0.01 secs] 
230.183: Total time for which application threads were stopped: 0.0139030 seconds, Stopping threads took: 0.0000850 seconds
230.210: Application time: 0.0268230 seconds
230.210: [GC230.210: [DefNew: 65471K->7231K(65472K), 0.0171500 secs] 163243K->111799K(210744K), 0.0171940 secs] [Times: user=0.02 sys=0.00, real=0.02 secs] 
230.227: Total time for which application threads were stopped: 0.0174280 seconds, Stopping threads took: 0.0001210 seconds
230.252: Application time: 0.0251240 seconds
230.253: [GC230.253: [DefNew: 65471K->2341K(65472K), 0.0082420 secs] 170039K->111918K(210744K), 0.0082870 secs] [Times: user=0.01 sys=0.00, real=0.00 secs] 
230.261: Total time for which application threads were stopped: 0.0086550 seconds, Stopping threads took: 0.0002710 seconds
230.285: Application time: 0.0236920 seconds
230.285: [GC230.285: [DefNew: 60581K->3106K(65472K), 0.0032460 secs] 170158K->112683K(210744K), 0.0032810 secs] [Times: user=0.01 sys=0.00, real=0.00 secs] 
230.288: Total time for which application threads were stopped: 0.0035680 seconds, Stopping threads took: 0.0001840 seconds
230.311: Application time: 0.0226490 seconds
230.311: [GC230.311: [DefNew: 61346K->7232K(65472K), 0.0107400 secs] 170923K->119085K(210744K), 0.0107800 secs] [Times: user=0.01 sys=0.00, real=0.01 secs] 
230.322: Total time for which application threads were stopped: 0.0111460 seconds, Stopping threads took: 0.0002570 seconds
230.343: Application time: 0.0209880 seconds
230.343: [GC230.343: [DefNew: 65472K->4041K(65472K), 0.0134550 secs] 177325K->122265K(210744K), 0.0134970 secs] [Times: user=0.01 sys=0.00, real=0.02 secs] 
230.357: Total time for which application threads were stopped: 0.0138550 seconds, Stopping threads took: 0.0002440 seconds
230.379: Application time: 0.0218790 seconds
230.379: [GC230.379: [DefNew: 62281K->276K(65472K), 0.0046210 secs] 180505K->122389K(210744K), 0.0046630 secs] [Times: user=0.00 sys=0.00, real=0.00 secs] 
230.384: Total time for which application threads were stopped: 0.0049020 seconds, Stopping threads took: 0.0001480 seconds
230.404: Application time: 0.0208640 seconds
230.405: [GC230.405: [DefNew: 58516K->4241K(65472K), 0.0033850 secs] 180629K->126354K(210744K), 0.0034160 secs] [Times: user=0.01 sys=0.00, real=0.00 secs] 
230.408: Total time for which application threads were stopped: 0.0036110 seconds, Stopping threads took: 0.0001090 seconds
230.429: Application time: 0.0213600 seconds
230.430: [GC230.430: [DefNew: 62481K->7232K(65472K), 0.0139560 secs] 184594K->134737K(210744K), 0.0140000 secs] [Times: user=0.01 sys=0.00, real=0.01 secs] 
230.444: Total time for which application threads were stopped: 0.0142450 seconds, Stopping threads took: 0.0001500 seconds
230.468: Application time: 0.0245090 seconds
230.468: [GC230.468: [DefNew: 65472K->7232K(65472K), 0.0241740 secs] 192977K->148625K(210744K), 0.0242170 secs] [Times: user=0.02 sys=0.00, real=0.03 secs] 
230.493: Total time for which application threads were stopped: 0.0244220 seconds, Stopping threads took: 0.0001110 seconds
230.521: Application time: 0.0279580 seconds
230.521: [GC230.521: [DefNew: 65472K->7232K(65472K), 0.0171540 secs]230.538: [Tenured: 148644K->84493K(148728K), 0.1218270 secs] 206865K->84493K(214200K), [Perm : 8873K->8873K(21248K)], 0.1391800 secs] [Times: user=0.14 sys=0.00, real=0.14 secs] 
230.660: Total time for which application threads were stopped: 0.1394460 seconds, Stopping threads took: 0.0001560 seconds
230.688: Application time: 0.0276060 seconds
230.688: [GC230.688: [DefNew: 58240K->7231K(65472K), 0.0158640 secs] 142733K->97600K(210744K), 0.0159090 secs] [Times: user=0.02 sys=0.00, real=0.01 secs] 
230.704: Total time for which application threads were stopped: 0.0162640 seconds, Stopping threads took: 0.0002290 seconds
230.733: Application time: 0.0289260 seconds
230.733: [GC230.733: [DefNew: 65471K->7232K(65472K), 0.0256530 secs] 155840K->109063K(210744K), 0.0257040 secs] [Times: user=0.03 sys=0.00, real=0.02 secs] 
230.759: Total time for which application threads were stopped: 0.0260360 seconds, Stopping threads took: 0.0002380 seconds
230.789: Application time: 0.0301660 seconds
230.789: [GC230.789: [DefNew: 65472K->6392K(65472K), 0.0133990 secs] 167303K->114634K(210744K), 0.0134420 secs] [Times: user=0.02 sys=0.00, real=0.01 secs] 
230.803: Total time for which application threads were stopped: 0.0136610 seconds, Stopping threads took: 0.0001240 seconds
230.830: Application time: 0.0275890 seconds
230.831: [GC230.831: [DefNew: 64632K->7231K(65472K), 0.0128230 secs] 172874K->121826K(210744K), 0.0128700 secs] [Times: user=0.01 sys=0.00, real=0.01 secs] 
230.843: Total time for which application threads were stopped: 0.0131190 seconds, Stopping threads took: 0.0001540 seconds
230.870: Application time: 0.0261920 seconds
230.870: [GC230.870: [DefNew: 65471K->6227K(65472K), 0.0138180 secs] 180066K->127413K(210744K), 0.0138610 secs] [Times: user=0.01 sys=0.00, real=0.01 secs] 
230.884: Total time for which application threads were stopped: 0.0140930 seconds, Stopping threads took: 0.0001400 seconds
230.908: Application time: 0.0242770 seconds
230.908: [GC230.908: [DefNew: 64467K->1724K(65472K), 0.0053680 secs] 185653K->126965K(210744K), 0.0054100 secs] [Times: user=0.00 sys=0.00, real=0.01 secs] 
230.914: Total time for which application threads were stopped: 0.0056170 seconds, Stopping threads took: 0.0001120 seconds
230.937: Application time: 0.0231930 seconds
230.937: [GC230.937: [DefNew: 59964K->3684K(65472K), 0.0038390 secs] 185205K->128924K(210744K), 0.0038750 secs] [Times: user=0.00 sys=0.00, real=0.00 secs] 
230.941: Total time for which application threads were stopped: 0.0041370 seconds, Stopping threads took: 0.0001770 seconds
230.963: Application time: 0.0222280 seconds
230.963: [GC230.963: [DefNew: 61924K->7231K(65472K), 0.0104760 secs] 187164K->134424K(210744K), 0.0105190 secs] [Times: user=0.01 sys=0.00, real=0.02 secs] 
230.974: Total time for which application threads were stopped: 0.0108640 seconds, Stopping threads took: 0.0002320 seconds
230.996: Application time: 0.0217280 seconds
230.996: [GC230.996: [DefNew: 65471K->2899K(65472K), 0.0097110 secs] 192664K->136872K(210744K), 0.0097540 secs] [Times: user=0.01 sys=0.00, real=0.01 secs] 
231.006: Total time for which application threads were stopped: 0.0099670 seconds, Stopping threads took: 0.0001170 seconds
231.027: Application time: 0.0213070 seconds
231.027: [GC231.027: [DefNew: 61139K->3821K(65472K), 0.0041010 secs] 195112K->137794K(210744K), 0.0041360 secs] [Times: user=0.01 sys=0.00, real=0.00 secs] 
231.032: Total time for which application threads were stopped: 0.0044640 seconds, Stopping threads took: 0.0002210 seconds
231.053: Application time: 0.0211600 seconds
231.053: [GC231.053: [DefNew: 62061K->6549K(65472K), 0.0088090 secs] 196034K->143145K(210744K), 0.0088530 secs] [Times: user=0.01 sys=0.00, real=0.00 secs] 
231.062: Total time for which application threads were stopped: 0.0092300 seconds, Stopping threads took: 0.0002650 seconds
231.084: Application time: 0.0219310 seconds
231.084: [GC231.084: [DefNew: 64789K->7232K(65472K), 0.0181540 secs]231.102: [Tenured: 148176K->82605K(148344K), 0.1129090 secs] 201385K->82605K(213816K), [Perm : 8873K->8873K(21248K)], 0.1312490 secs] [Times: user=0.13 sys=0.00, real=0.14 secs] 
231.215: Total time for which application threads were stopped: 0.1315030 seconds, Stopping threads took: 0.0001420 seconds
231.241: Application time: 0.0261150 seconds
231.242: [GC231.242: [DefNew: 58240K->7232K(65472K), 0.0156200 secs] 140845K->94199K(210744K), 0.0156640 secs] [Times: user=0.02 sys=0.00, real=0.02 secs] 
231.257: Total time for which application threads were stopped: 0.0159450 seconds, Stopping threads took: 0.0001530 seconds
231.286: Application time: 0.0281590 seconds
231.289: [GC231.289: [DefNew: 65472K->7231K(65472K), 0.0184900 secs] 152439K->101934K(210744K), 0.0185340 secs] [Times: user=0.02 sys=0.00, real=0.02 secs] 
231.307: Total time for which application threads were stopped: 0.0217540 seconds, Stopping threads took: 0.0030980 seconds
231.336: Application time: 0.0284120 seconds
231.336: [GC231.336: [DefNew: 65471K->7231K(65472K), 0.0211570 secs] 160174K->114288K(210744K), 0.0212000 secs] [Times: user=0.02 sys=0.00, real=0.02 secs] 
231.357: Total time for which application threads were stopped: 0.0214830 seconds, Stopping threads took: 0.0001710 seconds
231.387: Application time: 0.0296790 seconds
231.389: [GC231.389: [DefNew: 65471K->7232K(65472K), 0.0223520 secs] 172528K->124974K(210744K), 0.0223980 secs] [Times: user=0.02 sys=0.00, real=0.02 secs] 
231.411: Total time for which application threads were stopped: 0.0242710 seconds, Stopping threads took: 0.0017620 seconds
231.440: Application time: 0.0285750 seconds
231.440: [GC231.440: [DefNew: 65472K->7232K(65472K), 0.0199190 secs] 183214K->132074K(210744K), 0.0199630 secs] [Times: user=0.02 sys=0.00, real=0.02 secs] 
231.460: Total time for which application threads were stopped: 0.0201880 seconds, Stopping threads took: 0.0001140 seconds
231.487: Application time: 0.0274270 seconds
231.488: [GC231.488: [DefNew: 65472K->7231K(65472K), 0.0185640 secs] 190314K->140042K(210744K), 0.0186060 secs] [Times: user=0.02 sys=0.00, real=0.02 secs] 
231.506: Total time for which application threads were stopped: 0.0189360 seconds, Stopping threads took: 0.0002180 seconds
231.532: Application time: 0.0256230 seconds
231.532: [GC231.532: [DefNew: 65471K->2978K(65472K), 0.0137690 secs] 198282K->142497K(210744K), 0.0138140 secs] [Times: user=0.01 sys=0.00, real=0.02 secs] 
231.546: Total time for which application threads were stopped: 0.0140230 seconds, Stopping threads took: 0.0000950 seconds
231.570: Application time: 0.0238120 seconds
231.570: [GC231.570: [DefNew: 61218K->4373K(65472K), 0.0038420 secs] 200737K->143892K(210744K), 0.0038810 secs] [Times: user=0.00 sys=0.00, real=0.01 secs] 
231.574: Total time for which application threads were stopped: 0.0040320 seconds, Stopping threads took: 0.0000580 seconds
231.597: Application time: 0.0227190 seconds
231.597: [GC231.597: [DefNew: 62613K->6319K(65472K), 0.0083530 secs] 202132K->148458K(210744K), 0.0083970 secs] [Times: user=0.01 sys=0.00, real=0.01 secs] 
231.605: Total time for which application threads were stopped: 0.0085850 seconds, Stopping threads took: 0.0000930 seconds
231.627: Application time: 0.0216980 seconds
231.627: [GC231.627: [DefNew: 64559K->5522K(65472K), 0.0103680 secs]231.637: [Tenured: 146331K->77926K(146424K), 0.1199760 secs] 206698K->77926K(211896K), [Perm : 8873K->8873K(21248K)], 0.1304720 secs] [Times: user=0.13 sys=0.00, real=0.13 secs] 
231.758: Total time for which application threads were stopped: 0.1307280 seconds, Stopping threads took: 0.0001560 seconds
231.780: Application time: 0.0220580 seconds
231.780: [GC231.780: [DefNew: 58240K->1535K(65472K), 0.0025410 secs] 136166K->79462K(210744K), 0.0025710 secs] [Times: user=0.00 sys=0.00, real=0.00 secs] 
231.782: Total time for which application threads were stopped: 0.0027420 seconds, Stopping threads took: 0.0000760 seconds
231.803: Application time: 0.0206840 seconds
231.803: [GC231.803: [DefNew: 59775K->3600K(65472K), 0.0035750 secs] 137702K->81527K(210744K), 0.0036090 secs] [Times: user=0.00 sys=0.00, real=0.01 secs] 
231.807: Total time for which application threads were stopped: 0.0037980 seconds, Stopping threads took: 0.0001030 seconds
231.828: Application time: 0.0212620 seconds
231.828: [GC231.828: [DefNew: 61840K->7231K(65472K), 0.0104420 secs] 139767K->88658K(210744K), 0.0104870 secs] [Times: user=0.01 sys=0.00, real=0.01 secs] 
231.839: Total time for which application threads were stopped: 0.0107650 seconds, Stopping threads took: 0.0001830 seconds
231.863: Application time: 0.0239130 seconds
231.863: [GC231.863: [DefNew: 65471K->7232K(65472K), 0.0259570 secs] 146898K->102423K(210744K), 0.0260000 secs] [Times: user=0.03 sys=0.00, real=0.03 secs] 
231.889: Total time for which application threads were stopped: 0.0262650 seconds, Stopping threads took: 0.0001540 seconds
231.916: Application time: 0.0272930 seconds
231.917: [GC231.917: [DefNew: 65472K->6633K(65472K), 0.0161150 secs] 160663K->107881K(210744K), 0.0161670 secs] [Times: user=0.01 sys=0.00, real=0.02 secs] 
231.933: Total time for which application threads were stopped: 0.0164420 seconds, Stopping threads took: 0.0001610 seconds
231.960: Application time: 0.0274240 seconds
231.960: [GC231.960: [DefNew: 64873K->7232K(65472K), 0.0189310 secs] 166121K->118105K(210744K), 0.0189760 secs] [Times: user=0.02 sys=0.00, real=0.02 secs] 
231.979: Total time for which application threads were stopped: 0.0192050 seconds, Stopping threads took: 0.0001370 seconds
232.009: Application time: 0.0291150 seconds
232.009: [GC232.009: [DefNew: 65472K->7231K(65472K), 0.0276090 secs] 176345K->132230K(210744K), 0.0276530 secs] [Times: user=0.03 sys=0.00, real=0.03 secs] 
232.036: Total time for which application threads were stopped: 0.0278460 seconds, Stopping threads took: 0.0001000 seconds
232.066: Application time: 0.0294530 seconds
232.066: [GC232.066: [DefNew: 65471K->7231K(65472K), 0.0186100 secs] 190470K->139164K(210744K), 0.0186550 secs] [Times: user=0.02 sys=0.00, real=0.02 secs] 
232.085: Total time for which application threads were stopped: 0.0189030 seconds, Stopping threads took: 0.0001540 seconds
232.112: Application time: 0.0270530 seconds
232.112: [GC232.112: [DefNew: 65471K->5661K(65472K), 0.0134080 secs] 197404K->144333K(210744K), 0.0134530 secs] [Times: user=0.02 sys=0.00, real=0.02 secs] 
232.125: Total time for which application threads were stopped: 0.0136700 seconds, Stopping threads took: 0.0001230 seconds
232.152: Application time: 0.0264360 seconds
232.152: [GC232.152: [DefNew: 63901K->7232K(65472K), 0.0137980 secs] 202573K->149626K(210744K), 0.0138400 secs] [Times: user=0.01 sys=0.00, real=0.02 secs] 
232.166: Total time for which application threads were stopped: 0.0140080 seconds, Stopping threads took: 0.0000720 seconds
232.191: Application time: 0.0250810 seconds
232.191: [GC232.191: [DefNew: 65472K->2581K(65472K), 0.0095360 secs]232.201: [Tenured: 147763K->77213K(147768K), 0.1237130 secs] 207866K->77213K(213240K), [Perm : 8873K->8873K(21248K)], 0.1334180 secs] [Times: user=0.13 sys=0.00, real=0.14 secs] 
232.325: Total time for which application threads were stopped: 0.1336450 seconds, Stopping threads took: 0.0001350 seconds
232.348: Application time: 0.0233160 seconds
232.348: [GC232.348: [DefNew: 58240K->2944K(65472K), 0.0031510 secs] 135453K->80157K(210744K), 0.0031860 secs] [Times: user=0.00 sys=0.00, real=0.00 secs] 
232.351: Total time for which application threads were stopped: 0.0034350 seconds, Stopping threads took: 0.0001490 seconds
232.374: Application time: 0.0230060 seconds
232.375: [GC232.375: [DefNew: 61184K->7231K(65472K), 0.0101770 secs] 138397K->85521K(210744K), 0.0102190 secs] [Times: user=0.01 sys=0.00, real=0.01 secs] 
232.385: Total time for which application threads were stopped: 0.0105070 seconds, Stopping threads took: 0.0001880 seconds
232.406: Application time: 0.0215970 seconds
232.407: [GC232.407: [DefNew: 65471K->2782K(65472K), 0.0108470 secs] 143761K->87767K(210744K), 0.0108920 secs] [Times: user=0.01 sys=0.00, real=0.01 secs] 
232.418: Total time for which application threads were stopped: 0.0111380 seconds, Stopping threads took: 0.0001500 seconds
232.439: Application time: 0.0215430 seconds
232.439: [GC232.439: [DefNew: 61022K->4013K(65472K), 0.0039340 secs] 146007K->88998K(210744K), 0.0039730 secs] [Times: user=0.01 sys=0.00, real=0.00 secs] 
232.443: Total time for which application threads were stopped: 0.0041850 seconds, Stopping threads took: 0.0001200 seconds
232.464: Application time: 0.0206480 seconds
232.464: [GC232.464: [DefNew: 62253K->4873K(65472K), 0.0062530 secs] 147238K->92419K(210744K), 0.0062950 secs] [Times: user=0.01 sys=0.00, real=0.01 secs] 
232.471: Total time for which application threads were stopped: 0.0066570 seconds, Stopping threads took: 0.0002490 seconds
232.492: Application time: 0.0214320 seconds
232.492: [GC232.492: [DefNew: 63113K->7232K(65472K), 0.0177240 secs] 150659K->104327K(210744K), 0.0177770 secs] [Times: user=0.02 sys=0.00, real=0.01 secs] 
232.510: Total time for which application threads were stopped: 0.0181610 seconds, Stopping threads took: 0.0002620 seconds
232.535: Application time: 0.0251380 seconds
232.536: [GC232.536: [DefNew: 65472K->7232K(65472K), 0.0225090 secs] 162567K->115473K(210744K), 0.0225520 secs] [Times: user=0.02 sys=0.00, real=0.02 secs] 
232.558: Total time for which application threads were stopped: 0.0227720 seconds, Stopping threads took: 0.0001240 seconds
232.586: Application time: 0.0277990 seconds
232.586: [GC232.586: [DefNew: 65472K->7232K(65472K), 0.0200260 secs] 173713K->122791K(210744K), 0.0200700 secs] [Times: user=0.02 sys=0.00, real=0.02 secs] 
232.606: Total time for which application threads were stopped: 0.0203130 seconds, Stopping threads took: 0.0001460 seconds
232.634: Application time: 0.0277080 seconds
232.634: [GC232.634: [DefNew: 65472K->7232K(65472K), 0.0190700 secs] 181031K->131259K(210744K), 0.0191140 secs] [Times: user=0.02 sys=0.00, real=0.02 secs] 
232.653: Total time for which application threads were stopped: 0.0193300 seconds, Stopping threads took: 0.0001210 seconds
232.682: Application time: 0.0286490 seconds
232.682: [GC232.682: [DefNew: 65472K->7232K(65472K), 0.0278790 secs] 189499K->144357K(210744K), 0.0279230 secs] [Times: user=0.03 sys=0.00, real=0.03 secs] 
232.710: Total time for which application threads were stopped: 0.0281030 seconds, Stopping threads took: 0.0000850 seconds
232.739: Application time: 0.0292840 seconds
232.740: [GC232.740: [DefNew: 65472K->7232K(65472K), 0.0200290 secs] 202597K->152479K(210744K), 0.0200740 secs] [Times: user=0.02 sys=0.00, real=0.02 secs] 
232.760: Total time for which application threads were stopped: 0.0202720 seconds, Stopping threads took: 0.0001000 seconds
232.788: Application time: 0.0280170 seconds
232.788: [GC232.788: [DefNew: 65472K->7232K(65472K), 0.0157470 secs]232.804: [Tenured: 152539K->75677K(152568K), 0.1183120 secs] 210719K->75677K(218040K), [Perm : 8873K->8873K(21248K)], 0.1343590 secs] [Times: user=0.13 sys=0.00, real=0.13 secs] 
232.922: Total time for which application threads were stopped: 0.1345980 seconds, Stopping threads took: 0.0001430 seconds
232.948: Application time: 0.0254400 seconds
232.948: [GC232.948: [DefNew: 58240K->5886K(65472K), 0.0068240 secs] 133917K->81563K(210744K), 0.0068680 secs] [Times: user=0.01 sys=0.00, real=0.01 secs] 
232.955: Total time for which application threads were stopped: 0.0071520 seconds, Stopping threads took: 0.0001750 seconds
232.980: Application time: 0.0247490 seconds
232.981: [GC232.981: [DefNew: 64126K->2057K(65472K), 0.0073130 secs] 139803K->83055K(210744K), 0.0073530 secs] [Times: user=0.01 sys=0.00, real=0.01 secs] 
232.988: Total time for which application threads were stopped: 0.0084260 seconds, Stopping threads took: 0.0009570 seconds
233.012: Application time: 0.0236820 seconds
233.012: [GC233.012: [DefNew: 60297K->6371K(65472K), 0.0068580 secs] 141295K->87370K(210744K), 0.0069010 secs] [Times: user=0.01 sys=0.00, real=0.01 secs] 
233.019: Total time for which application threads were stopped: 0.0071710 seconds, Stopping threads took: 0.0001750 seconds
233.041: Application time: 0.0223600 seconds
233.045: [GC233.045: [DefNew: 64611K->4920K(65472K), 0.0101870 secs] 145610K->90543K(210744K), 0.0102310 secs] [Times: user=0.01 sys=0.00, real=0.01 secs] 
233.055: Total time for which application threads were stopped: 0.0137410 seconds, Stopping threads took: 0.0033930 seconds
233.077: Application time: 0.0222000 seconds
233.078: [GC233.078: [DefNew: 63160K->1971K(65472K), 0.0059750 secs] 148783K->90992K(210744K), 0.0060190 secs] [Times: user=0.00 sys=0.00, real=0.00 secs] 
233.084: Total time for which application threads were stopped: 0.0063500 seconds, Stopping threads took: 0.0002140 seconds
233.104: Application time: 0.0208980 seconds
233.105: [GC233.105: [DefNew: 60211K->2773K(65472K), 0.0031330 secs] 149232K->91795K(210744K), 0.0031760 secs] [Times: user=0.00 sys=0.00, real=0.00 secs] 
233.108: Total time for which application threads were stopped: 0.0033610 seconds, Stopping threads took: 0.0000950 seconds
233.129: Application time: 0.0211170 seconds
233.129: [GC233.129: [DefNew: 61013K->7232K(65472K), 0.0077520 secs] 150035K->97200K(210744K), 0.0077980 secs] [Times: user=0.01 sys=0.00, real=0.01 secs] 
233.137: Total time for which application threads were stopped: 0.0080030 seconds, Stopping threads took: 0.0001080 seconds
233.159: Application time: 0.0223360 seconds
233.160: [GC233.160: [DefNew: 65472K->7232K(65472K), 0.0232450 secs] 155440K->111051K(210744K), 0.0232890 secs] [Times: user=0.02 sys=0.00, real=0.02 secs] 
233.183: Total time for which application threads were stopped: 0.0235510 seconds, Stopping threads took: 0.0001480 seconds
233.209: Application time: 0.0258810 seconds
233.209: [GC233.209: [DefNew: 65472K->7232K(65472K), 0.0216520 secs] 169291K->119600K(210744K), 0.0216950 secs] [Times: user=0.02 sys=0.00, real=0.02 secs] 
233.231: Total time for which application threads were stopped: 0.0219770 seconds, Stopping threads took: 0.0001670 seconds
233.260: Application time: 0.0290270 seconds
233.260: [GC233.260: [DefNew: 65472K->7232K(65472K), 0.0179620 secs] 177840K->127323K(210744K), 0.0180070 secs] [Times: user=0.02 sys=0.00, real=0.02 secs] 
233.278: Total time for which application threads were stopped: 0.0183600 seconds, Stopping threads took: 0.0002370 seconds
233.306: Application time: 0.0280020 seconds
233.306: [GC233.306: [DefNew: 65472K->7232K(65472K), 0.0176460 secs] 185563K->136285K(210744K), 0.0176910 secs] [Times: user=0.02 sys=0.00, real=0.01 secs] 
233.324: Total time for which application threads were stopped: 0.0179760 seconds, Stopping threads took: 0.0001700 seconds
233.353: Application time: 0.0290870 seconds
233.353: [GC233.354: [DefNew: 65472K->7232K(65472K), 0.0191560 secs] 194525K->144318K(210744K), 0.0192000 secs] [Times: user=0.02 sys=0.00, real=0.02 secs] 
233.373: Total time for which application threads were stopped: 0.0195360 seconds, Stopping threads took: 0.0002200 seconds
233.401: Application time: 0.0279250 seconds
233.401: [GC233.401: [DefNew: 65472K->6616K(65472K), 0.0134910 secs] 202558K->148502K(210744K), 0.0135340 secs] [Times: user=0.02 sys=0.00, real=0.02 secs] 
233.415: Total time for which application threads were stopped: 0.0138620 seconds, Stopping threads took: 0.0002110 seconds
233.442: Application time: 0.0272650 seconds
233.442: [GC233.442: [DefNew: 64856K->7232K(65472K), 0.0182720 secs]233.460: [Tenured: 148129K->79223K(148152K), 0.1280540 secs] 206742K->79223K(213624K), [Perm : 8873K->8873K(21248K)], 0.1465340 secs] [Times: user=0.14 sys=0.00, real=0.15 secs] 
233.589: Total time for which application threads were stopped: 0.1468290 seconds, Stopping threads took: 0.0001810 seconds
233.615: Application time: 0.0259570 seconds
233.615: [GC233.615: [DefNew: 58240K->2896K(65472K), 0.0046530 secs] 137463K->82120K(210744K), 0.0046910 secs] [Times: user=0.00 sys=0.00, real=0.00 secs] 
233.619: Total time for which application threads were stopped: 0.0049100 seconds, Stopping threads took: 0.0001150 seconds
233.643: Application time: 0.0238210 seconds
233.644: [GC233.644: [DefNew: 61136K->5735K(65472K), 0.0049760 secs] 140360K->84958K(210744K), 0.0050160 secs] [Times: user=0.01 sys=0.00, real=0.01 secs] 
233.649: Total time for which application threads were stopped: 0.0052920 seconds, Stopping threads took: 0.0001830 seconds
233.673: Application time: 0.0244420 seconds
233.673: [GC233.673: [DefNew: 63975K->7231K(65472K), 0.0130280 secs] 143198K->90245K(210744K), 0.0130750 secs] [Times: user=0.02 sys=0.00, real=0.01 secs] 
233.686: Total time for which application threads were stopped: 0.0133470 seconds, Stopping threads took: 0.0001370 seconds
233.710: Application time: 0.0235560 seconds
233.710: [GC233.710: [DefNew: 65471K->2888K(65472K), 0.0098620 secs] 148485K->92608K(210744K), 0.0099080 secs] [Times: user=0.01 sys=0.00, real=0.01 secs] 
233.720: Total time for which application threads were stopped: 0.0102180 seconds, Stopping threads took: 0.0001930 seconds
233.741: Application time: 0.0213190 seconds
233.742: [GC233.742: [DefNew: 61128K->3908K(65472K), 0.0043830 secs] 150848K->93628K(210744K), 0.0044310 secs] [Times: user=0.00 sys=0.00, real=0.01 secs] 
233.746: Total time for which application threads were stopped: 0.0047600 seconds, Stopping threads took: 0.0002160 seconds
233.767: Application time: 0.0210310 seconds
233.768: [GC233.768: [DefNew: 62148K->3882K(65472K), 0.0062480 secs] 151868K->96317K(210744K), 0.0062880 secs] [Times: user=0.00 sys=0.00, real=0.01 secs] 
233.774: Total time for which application threads were stopped: 0.0065620 seconds, Stopping threads took: 0.0001600 seconds
233.795: Application time: 0.0210670 seconds
233.795: [GC233.795: [DefNew: 62122K->5393K(65472K), 0.0085880 secs] 154557K->100912K(210744K), 0.0086330 secs] [Times: user=0.01 sys=0.00, real=0.00 secs] 
233.804: Total time for which application threads were stopped: 0.0088760 seconds, Stopping threads took: 0.0001420 seconds
233.827: Application time: 0.0229040 seconds
233.827: [GC233.827: [DefNew: 63633K->7232K(65472K), 0.0190960 secs] 159152K->113821K(210744K), 0.0191420 secs] [Times: user=0.02 sys=0.00, real=0.02 secs] 
233.846: Total time for which application threads were stopped: 0.0195440 seconds, Stopping threads took: 0.0002840 seconds
233.872: Application time: 0.0257510 seconds
233.872: [GC233.872: [DefNew: 65472K->7231K(65472K), 0.0228590 secs] 172061K->124195K(210744K), 0.0229040 secs] [Times: user=0.02 sys=0.00, real=0.03 secs] 
233.895: Total time for which application threads were stopped: 0.0231560 seconds, Stopping threads took: 0.0001360 seconds
233.924: Application time: 0.0284500 seconds
233.924: [GC233.924: [DefNew: 65471K->7231K(65472K), 0.0182430 secs] 182435K->130002K(210744K), 0.0182840 secs] [Times: user=0.02 sys=0.00, real=0.02 secs] 
233.942: Total time for which application threads were stopped: 0.0186120 seconds, Stopping threads took: 0.0002160 seconds
233.971: Application time: 0.0286450 seconds
233.971: [GC233.971: [DefNew: 65471K->7232K(65472K), 0.0214760 secs] 188242K->139711K(210744K), 0.0215180 secs] [Times: user=0.02 sys=0.00, real=0.03 secs] 
233.993: Total time for which application threads were stopped: 0.0217770 seconds, Stopping threads took: 0.0001420 seconds
234.022: Application time: 0.0290380 seconds
234.022: [GC234.022: [DefNew: 65472K->7232K(65472K), 0.0209890 secs] 197951K->147587K(210744K), 0.0210350 secs] [Times: user=0.02 sys=0.00, real=0.02 secs] 
234.043: Total time for which application threads were stopped: 0.0212640 seconds, Stopping threads took: 0.0001150 seconds
234.071: Application time: 0.0279900 seconds
234.071: [GC234.071: [DefNew: 65472K->7231K(65472K), 0.0188410 secs]234.090: [Tenured: 148677K->75607K(148728K), 0.1175640 secs] 205827K->75607K(214200K), [Perm : 8873K->8873K(21248K)], 0.1366020 secs] [Times: user=0.14 sys=0.00, real=0.14 secs] 
234.208: Total time for which application threads were stopped: 0.1368260 seconds, Stopping threads took: 0.0001310 seconds
234.235: Application time: 0.0269630 seconds
234.235: [GC234.235: [DefNew: 58240K->5548K(65472K), 0.0070430 secs] 133847K->81155K(210744K), 0.0070850 secs] [Times: user=0.00 sys=0.00, real=0.00 secs] 
234.242: Total time for which application threads were stopped: 0.0073320 seconds, Stopping threads took: 0.0001400 seconds
234.267: Application time: 0.0248300 seconds
234.267: [GC234.267: [DefNew: 63788K->3510K(65472K), 0.0075690 secs] 139395K->82270K(210744K), 0.0076130 secs] [Times: user=0.01 sys=0.00, real=0.01 secs] 
234.275: Total time for which application threads were stopped: 0.0079070 seconds, Stopping threads took: 0.0001980 seconds
234.298: Application time: 0.0234980 seconds
234.298: [GC234.299: [DefNew: 61750K->7161K(65472K), 0.0058720 secs] 140510K->85921K(210744K), 0.0059180 secs] [Times: user=0.00 sys=0.00, real=0.00 secs] 
234.304: Total time for which application threads were stopped: 0.0061460 seconds, Stopping threads took: 0.0001160 seconds
234.328: Application time: 0.0231310 seconds
234.328: [GC234.328: [DefNew: 65401K->4637K(65472K), 0.0113380 secs] 144161K->89646K(210744K), 0.0113920 secs] [Times: user=0.02 sys=0.00, real=0.01 secs] 
234.339: Total time for which application threads were stopped: 0.0116800 seconds, Stopping threads took: 0.0001900 seconds
234.361: Application time: 0.0221030 seconds
234.362: [GC234.362: [DefNew: 62877K->2144K(65472K), 0.0044960 secs] 147886K->89848K(210744K), 0.0045380 secs] [Times: user=0.01 sys=0.00, real=0.01 secs] 
234.366: Total time for which application threads were stopped: 0.0047460 seconds, Stopping threads took: 0.0001100 seconds
234.387: Application time: 0.0206100 seconds
234.387: [GC234.387: [DefNew: 60384K->2950K(65472K), 0.0030200 secs] 148088K->90654K(210744K), 0.0030530 secs] [Times: user=0.01 sys=0.00, real=0.00 secs] 
234.390: Total time for which application threads were stopped: 0.0032610 seconds, Stopping threads took: 0.0001190 seconds
234.411: Application time: 0.0206510 seconds
234.411: [GC234.411: [DefNew: 61190K->7231K(65472K), 0.0059760 secs] 148894K->95498K(210744K), 0.0060180 secs] [Times: user=0.01 sys=0.00, real=0.01 secs] 
234.417: Total time for which application threads were stopped: 0.0062110 seconds, Stopping threads took: 0.0000940 seconds
234.438: Application time: 0.0211850 seconds
234.438: [GC234.438: [DefNew: 65471K->7231K(65472K), 0.0153800 secs] 153738K->103989K(210744K), 0.0154250 secs] [Times: user=0.01 sys=0.00, real=0.02 secs] 
234.454: Total time for which application threads were stopped: 0.0155910 seconds, Stopping threads took: 0.0000670 seconds
234.478: Application time: 0.0241100 seconds
234.478: [GC234.478: [DefNew: 65471K->7231K(65472K), 0.0224710 secs] 162229K->115537K(210744K), 0.0225250 secs] [Times: user=0.03 sys=0.00, real=0.02 secs] 
234.500: Total time for which application threads were stopped: 0.0227180 seconds, Stopping threads took: 0.0000970 seconds
234.528: Application time: 0.0279340 seconds
234.529: [GC234.529: [DefNew: 65471K->7231K(65472K), 0.0176620 secs] 173777K->124795K(210744K), 0.0177050 secs] [Times: user=0.01 sys=0.00, real=0.02 secs] 
234.546: Total time for which application threads were stopped: 0.0179000 seconds, Stopping threads took: 0.0001000 seconds
234.574: Application time: 0.0273820 seconds
234.574: [GC234.574: [DefNew: 65471K->7231K(65472K), 0.0156060 secs] 183035K->132032K(210744K), 0.0156530 secs] [Times: user=0.02 sys=0.00, real=0.01 secs] 
234.590: Total time for which application threads were stopped: 0.0159450 seconds, Stopping threads took: 0.0001950 seconds
234.618: Application time: 0.0281400 seconds
234.618: [GC234.618: [DefNew: 65471K->7231K(65472K), 0.0251410 secs] 190272K->147089K(210744K), 0.0251860 secs] [Times: user=0.03 sys=0.00, real=0.02 secs] 
234.643: Total time for which application threads were stopped: 0.0254970 seconds, Stopping threads took: 0.0002130 seconds
234.673: Application time: 0.0294970 seconds
234.673: [GC234.673: [DefNew: 65471K->7231K(65472K), 0.0211290 secs]234.694: [Tenured: 149650K->81323K(149688K), 0.1199940 secs] 205329K->81323K(215160K), [Perm : 8873K->8873K(21248K)], 0.1413490 secs] [Times: user=0.15 sys=0.00, real=0.14 secs] 
234.814: Total time for which application threads were stopped: 0.1415710 seconds, Stopping threads took: 0.0001280 seconds
234.843: Application time: 0.0283260 seconds
234.843: [GC234.843: [DefNew: 58240K->7232K(65472K), 0.0135460 secs] 139563K->91095K(210744K), 0.0135890 secs] [Times: user=0.01 sys=0.01, real=0.02 secs] 
234.856: Total time for which application threads were stopped: 0.0137820 seconds, Stopping threads took: 0.0000770 seconds
234.883: Application time: 0.0266130 seconds
234.883: [GC234.883: [DefNew: 65472K->3676K(65472K), 0.0120570 secs] 149335K->94293K(210744K), 0.0121030 secs] [Times: user=0.02 sys=0.00, real=0.02 secs] 
234.895: Total time for which application threads were stopped: 0.0123670 seconds, Stopping threads took: 0.0001590 seconds
234.920: Application time: 0.0240900 seconds
234.920: [GC234.920: [DefNew: 61916K->2299K(65472K), 0.0053050 secs] 152533K->94494K(210744K), 0.0053520 secs] [Times: user=0.00 sys=0.00, real=0.01 secs] 
234.925: Total time for which application threads were stopped: 0.0057020 seconds, Stopping threads took: 0.0002350 seconds
234.948: Application time: 0.0230100 seconds
234.948: [GC234.948: [DefNew: 60539K->7232K(65472K), 0.0085180 secs] 152734K->100520K(210744K), 0.0085720 secs] [Times: user=0.00 sys=0.00, real=0.01 secs] 
234.957: Total time for which application threads were stopped: 0.0087610 seconds, Stopping threads took: 0.0000860 seconds
234.980: Application time: 0.0227940 seconds
234.980: [GC234.980: [DefNew: 65472K->4093K(65472K), 0.0118750 secs] 158760K->103902K(210744K), 0.0119210 secs] [Times: user=0.02 sys=0.00, real=0.01 secs] 
234.992: Total time for which application threads were stopped: 0.0121730 seconds, Stopping threads took: 0.0001500 seconds
235.014: Application time: 0.0220310 seconds
235.014: [GC235.014: [DefNew: 62333K->294K(65472K), 0.0044130 secs] 162142K->104057K(210744K), 0.0044530 secs] [Times: user=0.01 sys=0.00, real=0.00 secs] 
235.019: Total time for which application threads were stopped: 0.0046290 seconds, Stopping threads took: 0.0000780 seconds
235.039: Application time: 0.0204480 seconds
235.039: [GC235.039: [DefNew: 58534K->1184K(65472K), 0.0017290 secs] 162297K->104947K(210744K), 0.0017560 secs] [Times: user=0.00 sys=0.00, real=0.00 secs] 
235.041: Total time for which application threads were stopped: 0.0019210 seconds, Stopping threads took: 0.0000790 seconds
235.062: Application time: 0.0207780 seconds
235.062: [GC235.062: [DefNew: 59424K->6732K(65472K), 0.0072870 secs] 163187K->110495K(210744K), 0.0073320 secs] [Times: user=0.00 sys=0.00, real=0.01 secs] 
235.069: Total time for which application threads were stopped: 0.0075630 seconds, Stopping threads took: 0.0001350 seconds
235.091: Application time: 0.0214520 seconds
235.091: [GC235.091: [DefNew: 64972K->7231K(65472K), 0.0188860 secs] 168735K->121267K(210744K), 0.0189300 secs] [Times: user=0.02 sys=0.00, real=0.02 secs] 
235.110: Total time for which application threads were stopped: 0.0191370 seconds, Stopping threads took: 0.0001120 seconds
235.136: Application time: 0.0255290 seconds
235.136: [GC235.136: [DefNew: 65471K->7231K(65472K), 0.0194220 secs] 179507K->132037K(210744K), 0.0194640 secs] [Times: user=0.02 sys=0.00, real=0.02 secs] 
235.155: Total time for which application threads were stopped: 0.0196710 seconds, Stopping threads took: 0.0001120 seconds
235.184: Application time: 0.0289020 seconds
235.184: [GC235.184: [DefNew: 65471K->7232K(65472K), 0.0157860 secs] 190277K->138523K(210744K), 0.0158280 secs] [Times: user=0.02 sys=0.00, real=0.02 secs] 
235.200: Total time for which application threads were stopped: 0.0160460 seconds, Stopping threads took: 0.0001200 seconds
235.228: Application time: 0.0276510 seconds
235.228: [GC235.228: [DefNew: 65472K->7232K(65472K), 0.0216660 secs] 196763K->149265K(210744K), 0.0217120 secs] [Times: user=0.02 sys=0.00, real=0.02 secs] 
235.250: Total time for which application threads were stopped: 0.0219640 seconds, Stopping threads took: 0.0001580 seconds
235.279: Application time: 0.0291230 seconds
235.279: [GC235.279: [DefNew: 65472K->7231K(65472K), 0.0231210 secs]235.302: [Tenured: 152323K->80515K(152376K), 0.1188900 secs] 207505K->80515K(217848K), [Perm : 8873K->8873K(21248K)], 0.1423090 secs] [Times: user=0.14 sys=0.00, real=0.14 secs] 
235.421: Total time for which application threads were stopped: 0.1424840 seconds, Stopping threads took: 0.0000830 seconds
235.450: Application time: 0.0290000 seconds
235.451: [GC235.451: [DefNew: 58240K->7232K(65472K), 0.0136240 secs] 138755K->91935K(210744K), 0.0136680 secs] [Times: user=0.01 sys=0.00, real=0.01 secs] 
235.464: Total time for which application threads were stopped: 0.0139840 seconds, Stopping threads took: 0.0002040 seconds
235.492: Application time: 0.0277540 seconds
235.492: [GC235.492: [DefNew: 65472K->7232K(65472K), 0.0202360 secs] 150175K->98990K(210744K), 0.0202800 secs] [Times: user=0.03 sys=0.00, real=0.02 secs] 
235.513: Total time for which application threads were stopped: 0.0206810 seconds, Stopping threads took: 0.0002680 seconds
235.539: Application time: 0.0259720 seconds
235.539: [GC235.539: [DefNew: 65472K->3210K(65472K), 0.0098830 secs] 157230K->100052K(210744K), 0.0099270 secs] [Times: user=0.01 sys=0.00, real=0.01 secs] 
235.549: Total time for which application threads were stopped: 0.0102160 seconds, Stopping threads took: 0.0001920 seconds
235.572: Application time: 0.0233650 seconds
235.573: [GC235.573: [DefNew: 61450K->5616K(65472K), 0.0045010 secs] 158292K->102459K(210744K), 0.0045400 secs] [Times: user=0.00 sys=0.00, real=0.00 secs] 
235.577: Total time for which application threads were stopped: 0.0048870 seconds, Stopping threads took: 0.0002360 seconds
235.600: Application time: 0.0230820 seconds
235.601: [GC235.601: [DefNew: 63856K->5597K(65472K), 0.0112990 secs] 160699K->107126K(210744K), 0.0113460 secs] [Times: user=0.01 sys=0.00, real=0.01 secs] 
235.612: Total time for which application threads were stopped: 0.0116370 seconds, Stopping threads took: 0.0001940 seconds
235.635: Application time: 0.0227560 seconds
235.635: [GC235.635: [DefNew: 63837K->2810K(65472K), 0.0070950 secs] 165366K->107955K(210744K), 0.0071390 secs] [Times: user=0.01 sys=0.00, real=0.00 secs] 
235.642: Total time for which application threads were stopped: 0.0074160 seconds, Stopping threads took: 0.0001770 seconds
235.663: Application time: 0.0209910 seconds
235.663: [GC235.663: [DefNew: 61050K->3487K(65472K), 0.0035350 secs] 166195K->108632K(210744K), 0.0035710 secs] [Times: user=0.00 sys=0.00, real=0.01 secs] 
235.667: Total time for which application threads were stopped: 0.0038060 seconds, Stopping threads took: 0.0001450 seconds
235.687: Application time: 0.0204910 seconds
235.688: [GC235.688: [DefNew: 61727K->3961K(65472K), 0.0035930 secs] 166872K->109107K(210744K), 0.0036310 secs] [Times: user=0.01 sys=0.00, real=0.00 secs] 
235.691: Total time for which application threads were stopped: 0.0038690 seconds, Stopping threads took: 0.0001420 seconds
235.712: Application time: 0.0206710 seconds
235.712: [GC235.712: [DefNew: 62201K->7232K(65472K), 0.0143270 secs] 167347K->118299K(210744K), 0.0143720 secs] [Times: user=0.02 sys=0.00, real=0.02 secs] 
235.727: Total time for which application threads were stopped: 0.0147290 seconds, Stopping threads took: 0.0002620 seconds
235.749: Application time: 0.0221560 seconds
235.749: [GC235.749: [DefNew: 65472K->7232K(65472K), 0.0231300 secs] 176539K->130603K(210744K), 0.0231780 secs] [Times: user=0.03 sys=0.00, real=0.02 secs] 
235.772: Total time for which application threads were stopped: 0.0234670 seconds, Stopping threads took: 0.0001930 seconds
235.799: Application time: 0.0269190 seconds
235.799: [GC235.799: [DefNew: 65472K->7231K(65472K), 0.0195710 secs] 188843K->140469K(210744K), 0.0196150 secs] [Times: user=0.02 sys=0.00, real=0.02 secs] 
235.819: Total time for which application threads were stopped: 0.0198120 seconds, Stopping threads took: 0.0001020 seconds
235.848: Application time: 0.0285720 seconds
235.848: [GC235.848: [DefNew: 65471K->7231K(65472K), 0.0152600 secs] 198709K->147475K(210744K), 0.0153020 secs] [Times: user=0.01 sys=0.00, real=0.01 secs] 
235.863: Total time for which application threads were stopped: 0.0154900 seconds, Stopping threads took: 0.0000920 seconds
235.891: Application time: 0.0282990 seconds
235.892: [GC235.892: [DefNew: 65471K->7232K(65472K), 0.0250710 secs]235.917: [Tenured: 148976K->80441K(149112K), 0.1281420 secs] 205715K->80441K(214584K), [Perm : 8873K->8873K(21248K)], 0.1534460 secs] [Times: user=0.15 sys=0.00, real=0.16 secs] 
236.045: Total time for which application threads were stopped: 0.1536400 seconds, Stopping threads took: 0.0001000 seconds
236.074: Application time: 0.0292170 seconds
236.074: [GC236.075: [DefNew: 58240K->7231K(65472K), 0.0139390 secs] 138681K->90794K(210744K), 0.0139830 secs] [Times: user=0.01 sys=0.00, real=0.01 secs] 
236.089: Total time for which application threads were stopped: 0.0142090 seconds, Stopping threads took: 0.0001180 seconds
236.118: Application time: 0.0290210 seconds
236.118: [GC236.118: [DefNew: 65471K->7231K(65472K), 0.0203150 secs] 149034K->102143K(210744K), 0.0203680 secs] [Times: user=0.02 sys=0.00, real=0.02 secs] 
236.138: Total time for which application threads were stopped: 0.0205320 seconds, Stopping threads took: 0.0000640 seconds
236.165: Application time: 0.0272660 seconds
236.166: [GC236.166: [DefNew: 65471K->3718K(65472K), 0.0129230 secs] 160383K->105306K(210744K), 0.0129680 secs] [Times: user=0.01 sys=0.00, real=0.01 secs] 
236.179: Total time for which application threads were stopped: 0.0132570 seconds, Stopping threads took: 0.0001910 seconds
236.204: Application time: 0.0250010 seconds
236.204: [GC236.204: [DefNew: 61958K->2735K(65472K), 0.0052260 secs] 163546K->105863K(210744K), 0.0052660 secs] [Times: user=0.01 sys=0.00, real=0.01 secs] 
236.209: Total time for which application threads were stopped: 0.0055850 seconds, Stopping threads took: 0.0002030 seconds
236.232: Application time: 0.0231870 seconds
236.233: [GC236.233: [DefNew: 60975K->7232K(65472K), 0.0089130 secs] 164103K->111549K(210744K), 0.0089570 secs] [Times: user=0.01 sys=0.00, real=0.00 secs] 
236.242: Total time for which application threads were stopped: 0.0092630 seconds, Stopping threads took: 0.0001900 seconds
236.265: Application time: 0.0231150 seconds
236.265: [GC236.265: [DefNew: 65472K->4670K(65472K), 0.0122650 secs] 169789K->115293K(210744K), 0.0123100 secs] [Times: user=0.01 sys=0.00, real=0.01 secs] 
236.277: Total time for which application threads were stopped: 0.0126560 seconds, Stopping threads took: 0.0002290 seconds
236.300: Application time: 0.0226860 seconds
236.300: [GC236.300: [DefNew: 62910K->859K(65472K), 0.0050480 secs] 173533K->115866K(210744K), 0.0050870 secs] [Times: user=0.01 sys=0.00, real=0.01 secs] 
236.305: Total time for which application threads were stopped: 0.0053170 seconds, Stopping threads took: 0.0001220 seconds
236.326: Application time: 0.0205440 seconds
236.326: [GC236.326: [DefNew: 59099K->1714K(65472K), 0.0024880 secs] 174106K->116721K(210744K), 0.0025220 secs] [Times: user=0.00 sys=0.00, real=0.00 secs] 
236.329: Total time for which application threads were stopped: 0.0027520 seconds, Stopping threads took: 0.0001250 seconds
236.349: Application time: 0.0205180 seconds
236.350: [GC236.350: [DefNew: 59954K->6722K(65472K), 0.0055380 secs] 174961K->121729K(210744K), 0.0055780 secs] [Times: user=0.00 sys=0.00, real=0.01 secs] 
236.355: Total time for which application threads were stopped: 0.0059300 seconds, Stopping threads took: 0.0002560 seconds
236.377: Application time: 0.0214570 seconds
236.377: [GC236.377: [DefNew: 64962K->7232K(65472K), 0.0158120 secs] 179969K->129620K(210744K), 0.0158570 secs] [Times: user=0.02 sys=0.00, real=0.02 secs] 
236.393: Total time for which application threads were stopped: 0.0160640 seconds, Stopping threads took: 0.0001100 seconds
236.417: Application time: 0.0238560 seconds
236.417: [GC236.417: [DefNew: 65472K->7232K(65472K), 0.0180930 secs] 187860K->139213K(210744K), 0.0181360 secs] [Times: user=0.02 sys=0.00, real=0.02 secs] 
236.435: Total time for which application threads were stopped: 0.0183220 seconds, Stopping threads took: 0.0000910 seconds
236.462: Application time: 0.0266440 seconds
236.462: [GC236.462: [DefNew: 65472K->7232K(65472K), 0.0225120 secs] 197453K->150174K(210744K), 0.0225580 secs] [Times: user=0.03 sys=0.00, real=0.02 secs] 
236.484: Total time for which application threads were stopped: 0.0227880 seconds, Stopping threads took: 0.0001350 seconds
236.514: Application time: 0.0295080 seconds
236.514: [GC236.514: [DefNew: 65472K->7232K(65472K), 0.0246170 secs]236.539: [Tenured: 152482K->74831K(152568K), 0.1190700 secs] 208414K->74831K(218040K), [Perm : 8873K->8873K(21248K)], 0.1439920 secs] [Times: user=0.15 sys=0.00, real=0.14 secs] 
236.658: Total time for which application threads were stopped: 0.1441790 seconds, Stopping threads took: 0.0000940 seconds
236.687: Application time: 0.0292950 seconds
236.687: [GC236.687: [DefNew: 58240K->7231K(65472K), 0.0122300 secs] 133071K->85230K(210744K), 0.0122840 secs] [Times: user=0.01 sys=0.00, real=0.01 secs] 
236.700: Total time for which application threads were stopped: 0.0124600 seconds, Stopping threads took: 0.0000650 seconds
236.728: Application time: 0.0279480 seconds
236.728: [GC236.728: [DefNew: 65471K->7232K(65472K), 0.0204540 secs] 143470K->95926K(210744K), 0.0205090 secs] [Times: user=0.01 sys=0.00, real=0.02 secs] 
236.748: Total time for which application threads were stopped: 0.0207750 seconds, Stopping threads took: 0.0001470 seconds
236.777: Application time: 0.0287210 seconds
236.777: [GC236.777: [DefNew: 65472K->7232K(65472K), 0.0215420 secs] 154166K->104835K(210744K), 0.0215850 secs] [Times: user=0.02 sys=0.00, real=0.02 secs] 
236.799: Total time for which application threads were stopped: 0.0218040 seconds, Stopping threads took: 0.0001210 seconds
236.826: Application time: 0.0269300 seconds
236.826: [GC236.826: [DefNew: 65472K->3060K(65472K), 0.0132800 secs] 163075K->107350K(210744K), 0.0133230 secs] [Times: user=0.01 sys=0.00, real=0.01 secs] 
236.840: Total time for which application threads were stopped: 0.0135820 seconds, Stopping threads took: 0.0001610 seconds
236.864: Application time: 0.0246810 seconds
236.864: [GC236.864: [DefNew: 61300K->4147K(65472K), 0.0042230 secs] 165590K->108436K(210744K), 0.0042600 secs] [Times: user=0.00 sys=0.00, real=0.01 secs] 
236.869: Total time for which application threads were stopped: 0.0044710 seconds, Stopping threads took: 0.0001190 seconds
236.892: Application time: 0.0229180 seconds
236.892: [GC236.892: [DefNew: 62387K->7232K(65472K), 0.0092230 secs] 166676K->114151K(210744K), 0.0092670 secs] [Times: user=0.01 sys=0.00, real=0.01 secs] 
236.901: Total time for which application threads were stopped: 0.0094840 seconds, Stopping threads took: 0.0001190 seconds
236.924: Application time: 0.0233080 seconds
236.925: [GC236.925: [DefNew: 65472K->3918K(65472K), 0.0100370 secs] 172391K->117337K(210744K), 0.0100800 secs] [Times: user=0.01 sys=0.00, real=0.01 secs] 
236.935: Total time for which application threads were stopped: 0.0103070 seconds, Stopping threads took: 0.0001270 seconds
236.956: Application time: 0.0217480 seconds
236.957: [GC236.957: [DefNew: 62158K->1008K(65472K), 0.0045460 secs] 175577K->118112K(210744K), 0.0045890 secs] [Times: user=0.01 sys=0.00, real=0.00 secs] 
236.961: Total time for which application threads were stopped: 0.0047930 seconds, Stopping threads took: 0.0001090 seconds
236.982: Application time: 0.0205430 seconds
236.982: [GC236.982: [DefNew: 59248K->953K(65472K), 0.0013970 secs] 176352K->118057K(210744K), 0.0014300 secs] [Times: user=0.00 sys=0.00, real=0.00 secs] 
236.983: Total time for which application threads were stopped: 0.0016480 seconds, Stopping threads took: 0.0001300 seconds
237.004: Application time: 0.0209750 seconds
237.005: [GC237.005: [DefNew: 59193K->7231K(65472K), 0.0119300 secs] 176297K->128193K(210744K), 0.0119720 secs] [Times: user=0.01 sys=0.00, real=0.01 secs] 
237.017: Total time for which application threads were stopped: 0.0121720 seconds, Stopping threads took: 0.0001000 seconds
237.038: Application time: 0.0214980 seconds
237.038: [GC237.038: [DefNew: 65471K->6388K(65472K), 0.0150370 secs] 186433K->133346K(210744K), 0.0150790 secs] [Times: user=0.02 sys=0.00, real=0.02 secs] 
237.054: Total time for which application threads were stopped: 0.0154340 seconds, Stopping threads took: 0.0002390 seconds
237.079: Application time: 0.0250690 seconds
237.079: [GC237.079: [DefNew: 64628K->7231K(65472K), 0.0192900 secs] 191586K->146846K(210744K), 0.0193270 secs] [Times: user=0.02 sys=0.00, real=0.02 secs] 
237.098: Total time for which application threads were stopped: 0.0195390 seconds, Stopping threads took: 0.0001200 seconds
237.125: Application time: 0.0270140 seconds
237.126: [GC237.126: [DefNew: 65471K->7232K(65472K), 0.0204940 secs]237.146: [Tenured: 146796K->83140K(146808K), 0.1203020 secs] 205086K->83140K(212280K), [Perm : 8873K->8873K(21248K)], 0.1409380 secs] [Times: user=0.14 sys=0.00, real=0.14 secs] 
237.267: Total time for which application threads were stopped: 0.1413280 seconds, Stopping threads took: 0.0002900 seconds
237.296: Application time: 0.0293060 seconds
237.296: [GC237.296: [DefNew: 58240K->7231K(65472K), 0.0186850 secs] 141380K->97361K(210744K), 0.0187290 secs] [Times: user=0.02 sys=0.00, real=0.02 secs] 
237.315: Total time for which application threads were stopped: 0.0191010 seconds, Stopping threads took: 0.0002650 seconds
237.344: Application time: 0.0292160 seconds
237.345: [GC237.345: [DefNew: 65471K->7232K(65472K), 0.0196380 secs] 155601K->105592K(210744K), 0.0196870 secs] [Times: user=0.02 sys=0.00, real=0.01 secs] 
237.364: Total time for which application threads were stopped: 0.0200660 seconds, Stopping threads took: 0.0002570 seconds
237.393: Application time: 0.0292690 seconds
237.394: [GC237.394: [DefNew: 65472K->7232K(65472K), 0.0216590 secs] 163832K->117290K(210744K), 0.0217060 secs] [Times: user=0.02 sys=0.00, real=0.02 secs] 
237.415: Total time for which application threads were stopped: 0.0219070 seconds, Stopping threads took: 0.0000940 seconds
237.443: Application time: 0.0279510 seconds
237.444: [GC237.444: [DefNew: 65472K->4775K(65472K), 0.0148100 secs] 175530K->121596K(210744K), 0.0148510 secs] [Times: user=0.02 sys=0.00, real=0.02 secs] 
237.458: Total time for which application threads were stopped: 0.0151230 seconds, Stopping threads took: 0.0001730 seconds
237.485: Application time: 0.0264750 seconds
237.485: [GC237.485: [DefNew: 63015K->3041K(65472K), 0.0066090 secs] 179836K->122598K(210744K), 0.0066530 secs] [Times: user=0.01 sys=0.00, real=0.00 secs] 
237.492: Total time for which application threads were stopped: 0.0068750 seconds, Stopping threads took: 0.0001240 seconds
237.515: Application time: 0.0235640 seconds
237.516: [GC237.516: [DefNew: 61281K->7231K(65472K), 0.0073740 secs] 180838K->127252K(210744K), 0.0074190 secs] [Times: user=0.01 sys=0.00, real=0.00 secs] 
237.523: Total time for which application threads were stopped: 0.0076790 seconds, Stopping threads took: 0.0001610 seconds
237.546: Application time: 0.0231530 seconds
237.546: [GC237.546: [DefNew: 65471K->5235K(65472K), 0.0132570 secs] 185492K->131646K(210744K), 0.0133020 secs] [Times: user=0.01 sys=0.00, real=0.01 secs] 
237.560: Total time for which application threads were stopped: 0.0134870 seconds, Stopping threads took: 0.0000880 seconds
237.583: Application time: 0.0230420 seconds
237.583: [GC237.583: [DefNew: 63475K->1007K(65472K), 0.0070910 secs] 189886K->132341K(210744K), 0.0071330 secs] [Times: user=0.01 sys=0.00, real=0.01 secs] 
237.590: Total time for which application threads were stopped: 0.0073440 seconds, Stopping threads took: 0.0001140 seconds
237.611: Application time: 0.0210140 seconds
237.611: [GC237.611: [DefNew: 59247K->1724K(65472K), 0.0022670 secs] 190581K->133058K(210744K), 0.0022990 secs] [Times: user=0.00 sys=0.00, real=0.01 secs] 
237.614: Total time for which application threads were stopped: 0.0025710 seconds, Stopping threads took: 0.0001840 seconds
237.634: Application time: 0.0203950 seconds
237.634: [GC237.634: [DefNew: 59964K->5420K(65472K), 0.0046100 secs] 191298K->136754K(210744K), 0.0046470 secs] [Times: user=0.00 sys=0.00, real=0.00 secs] 
237.639: Total time for which application threads were stopped: 0.0048200 seconds, Stopping threads took: 0.0000820 seconds
237.660: Application time: 0.0211260 seconds
237.660: [GC237.660: [DefNew: 63660K->7231K(65472K), 0.0147120 secs] 194994K->144929K(210744K), 0.0147510 secs] [Times: user=0.01 sys=0.00, real=0.02 secs] 
237.675: Total time for which application threads were stopped: 0.0149410 seconds, Stopping threads took: 0.0000950 seconds
237.698: Application time: 0.0225810 seconds
237.698: [GC237.698: [DefNew: 65471K->4233K(65472K), 0.0104280 secs] 203169K->147436K(210744K), 0.0104730 secs] [Times: user=0.02 sys=0.00, real=0.01 secs] 
237.708: Total time for which application threads were stopped: 0.0106930 seconds, Stopping threads took: 0.0001220 seconds
237.733: Application time: 0.0248430 seconds
237.733: [GC237.733: [DefNew: 62473K->7232K(65472K), 0.0246640 secs]237.758: [Tenured: 155647K->80252K(155832K), 0.1207770 secs] 205676K->80252K(221304K), [Perm : 8873K->8873K(21248K)], 0.1458300 secs] [Times: user=0.15 sys=0.00, real=0.14 secs] 
237.879: Total time for which application threads were stopped: 0.1461470 seconds, Stopping threads took: 0.0002030 seconds
237.907: Application time: 0.0275170 seconds
237.907: [GC237.907: [DefNew: 58240K->7231K(65472K), 0.0153160 secs] 138492K->93488K(210744K), 0.0153590 secs] [Times: user=0.02 sys=0.00, real=0.01 secs] 
237.922: Total time for which application threads were stopped: 0.0157050 seconds, Stopping threads took: 0.0002200 seconds
237.952: Application time: 0.0297060 seconds
237.952: [GC237.952: [DefNew: 65471K->7231K(65472K), 0.0242900 secs] 151728K->103669K(210744K), 0.0243340 secs] [Times: user=0.03 sys=0.00, real=0.03 secs] 
237.977: Total time for which application threads were stopped: 0.0245600 seconds, Stopping threads took: 0.0001300 seconds
238.006: Application time: 0.0288920 seconds
238.006: [GC238.006: [DefNew: 65471K->7231K(65472K), 0.0237950 secs] 161909K->115366K(210744K), 0.0238380 secs] [Times: user=0.02 sys=0.00, real=0.02 secs] 
238.030: Total time for which application threads were stopped: 0.0241590 seconds, Stopping threads took: 0.0002060 seconds
238.060: Application time: 0.0304110 seconds
238.061: [GC238.061: [DefNew: 65471K->7232K(65472K), 0.0246850 secs] 173606K->124557K(210744K), 0.0247270 secs] [Times: user=0.02 sys=0.00, real=0.03 secs] 
238.085: Total time for which application threads were stopped: 0.0250540 seconds, Stopping threads took: 0.0002020 seconds
238.111: Application time: 0.0261630 seconds
238.112: [GC238.112: [DefNew: 65472K->2488K(65472K), 0.0094400 secs] 182797K->126642K(210744K), 0.0094840 secs] [Times: user=0.01 sys=0.00, real=0.01 secs] 
238.121: Total time for which application threads were stopped: 0.0096920 seconds, Stopping threads took: 0.0001090 seconds
238.147: Application time: 0.0260300 seconds
238.147: [GC238.147: [DefNew: 60728K->3176K(65472K), 0.0045890 secs] 184882K->127330K(210744K), 0.0046260 secs] [Times: user=0.00 sys=0.00, real=0.00 secs] 
238.152: Total time for which application threads were stopped: 0.0049390 seconds, Stopping threads took: 0.0002020 seconds
238.175: Application time: 0.0231100 seconds
238.175: [GC238.175: [DefNew: 61416K->7231K(65472K), 0.0079210 secs] 185570K->133216K(210744K), 0.0079650 secs] [Times: user=0.00 sys=0.00, real=0.00 secs] 
238.183: Total time for which application threads were stopped: 0.0081730 seconds, Stopping threads took: 0.0001090 seconds
238.206: Application time: 0.0227480 seconds
238.206: [GC238.206: [DefNew: 65471K->4501K(65472K), 0.0112490 secs] 191456K->137001K(210744K), 0.0112890 secs] [Times: user=0.01 sys=0.00, real=0.01 secs] 
238.218: Total time for which application threads were stopped: 0.0115130 seconds, Stopping threads took: 0.0001260 seconds
238.240: Application time: 0.0226990 seconds
238.241: [GC238.241: [DefNew: 62741K->263K(65472K), 0.0040560 secs] 195241K->137014K(210744K), 0.0040940 secs] [Times: user=0.00 sys=0.00, real=0.01 secs] 
238.245: Total time for which application threads were stopped: 0.0042760 seconds, Stopping threads took: 0.0000850 seconds
238.265: Application time: 0.0205240 seconds
238.265: [GC238.265: [DefNew: 58503K->1201K(65472K), 0.0021010 secs] 195254K->137953K(210744K), 0.0021300 secs] [Times: user=0.00 sys=0.00, real=0.00 secs] 
238.268: Total time for which application threads were stopped: 0.0023420 seconds, Stopping threads took: 0.0001290 seconds
238.288: Application time: 0.0204650 seconds
238.288: [GC238.288: [DefNew: 59441K->7232K(65472K), 0.0093880 secs] 196193K->146860K(210744K), 0.0094320 secs] [Times: user=0.01 sys=0.00, real=0.01 secs] 
238.298: Total time for which application threads were stopped: 0.0096670 seconds, Stopping threads took: 0.0001370 seconds
238.319: Application time: 0.0214840 seconds
238.319: [GC238.319: [DefNew: 65472K->6914K(65472K), 0.0136190 secs]238.333: [Tenured: 145601K->83555K(145656K), 0.1180060 secs] 205100K->83555K(211128K), [Perm : 8873K->8873K(21248K)], 0.1317260 secs] [Times: user=0.14 sys=0.00, real=0.13 secs] 
238.451: Total time for which application threads were stopped: 0.1319700 seconds, Stopping threads took: 0.0001480 seconds
238.474: Application time: 0.0229560 seconds
238.474: [GC238.474: [DefNew: 58240K->4674K(65472K), 0.0049780 secs] 141795K->88229K(210744K), 0.0050200 secs] [Times: user=0.00 sys=0.00, real=0.00 secs] 
238.479: Total time for which application threads were stopped: 0.0053950 seconds, Stopping threads took: 0.0002480 seconds
238.505: Application time: 0.0254250 seconds
238.505: [GC238.505: [DefNew: 62914K->7232K(65472K), 0.0265590 secs] 146469K->102699K(210744K), 0.0266040 secs] [Times: user=0.02 sys=0.00, real=0.02 secs] 
238.532: Total time for which application threads were stopped: 0.0268780 seconds, Stopping threads took: 0.0001600 seconds
238.560: Application time: 0.0286420 seconds
238.561: [GC238.561: [DefNew: 65472K->7231K(65472K), 0.0208180 secs] 160939K->114039K(210744K), 0.0208630 secs] [Times: user=0.02 sys=0.00, real=0.02 secs] 
238.582: Total time for which application threads were stopped: 0.0211440 seconds, Stopping threads took: 0.0001760 seconds
238.611: Application time: 0.0291980 seconds
238.611: [GC238.611: [DefNew: 65471K->7231K(65472K), 0.0206590 secs] 172279K->122832K(210744K), 0.0207010 secs] [Times: user=0.02 sys=0.00, real=0.02 secs] 
238.632: Total time for which application threads were stopped: 0.0209930 seconds, Stopping threads took: 0.0001740 seconds
238.661: Application time: 0.0291660 seconds
238.661: [GC238.661: [DefNew: 65471K->7232K(65472K), 0.0277170 secs] 181072K->135745K(210744K), 0.0277660 secs] [Times: user=0.03 sys=0.00, real=0.03 secs] 
238.689: Total time for which application threads were stopped: 0.0280700 seconds, Stopping threads took: 0.0001710 seconds
238.718: Application time: 0.0294690 seconds
238.719: [GC238.719: [DefNew: 65472K->7232K(65472K), 0.0230460 secs] 193985K->143143K(210744K), 0.0230900 secs] [Times: user=0.02 sys=0.00, real=0.02 secs] 
238.742: Total time for which application threads were stopped: 0.0233380 seconds, Stopping threads took: 0.0001320 seconds
238.769: Application time: 0.0272000 seconds
238.773: [GC238.773: [DefNew: 65472K->3498K(65472K), 0.0108200 secs] 201383K->146435K(210744K), 0.0108660 secs] [Times: user=0.01 sys=0.00, real=0.00 secs] 
238.784: Total time for which application threads were stopped: 0.0146920 seconds, Stopping threads took: 0.0037180 seconds
238.809: Application time: 0.0255920 seconds
238.809: [GC238.810: [DefNew: 61738K->7231K(65472K), 0.0076650 secs] 204675K->150507K(210744K), 0.0077090 secs] [Times: user=0.01 sys=0.00, real=0.01 secs] 
238.817: Total time for which application threads were stopped: 0.0079350 seconds, Stopping threads took: 0.0001110 seconds
238.840: Application time: 0.0229270 seconds
238.841: [GC238.841: [DefNew: 65471K->5968K(65472K), 0.0153290 secs]238.856: [Tenured: 149124K->76652K(149304K), 0.1283410 secs] 208747K->76652K(214776K), [Perm : 8873K->8873K(21248K)], 0.1439050 secs] [Times: user=0.14 sys=0.00, real=0.14 secs] 
238.984: Total time for which application threads were stopped: 0.1442890 seconds, Stopping threads took: 0.0002490 seconds
239.007: Application time: 0.0225880 seconds
239.007: [GC239.007: [DefNew: 58240K->1395K(65472K), 0.0030330 secs] 134892K->78048K(210744K), 0.0030660 secs] [Times: user=0.01 sys=0.00, real=0.00 secs] 
239.010: Total time for which application threads were stopped: 0.0032870 seconds, Stopping threads took: 0.0001180 seconds
239.032: Application time: 0.0219380 seconds
239.033: [GC239.033: [DefNew: 59635K->2777K(65472K), 0.0030040 secs] 136288K->79430K(210744K), 0.0030350 secs] [Times: user=0.01 sys=0.00, real=0.00 secs] 
239.036: Total time for which application threads were stopped: 0.0032890 seconds, Stopping threads took: 0.0001650 seconds
239.056: Application time: 0.0204670 seconds
239.056: [GC239.056: [DefNew: 61017K->6109K(65472K), 0.0053040 secs] 137670K->82762K(210744K), 0.0053550 secs] [Times: user=0.01 sys=0.00, real=0.00 secs] 
239.062: Total time for which application threads were stopped: 0.0055860 seconds, Stopping threads took: 0.0001350 seconds
239.083: Application time: 0.0216760 seconds
239.084: [GC239.084: [DefNew: 64349K->7231K(65472K), 0.0181740 secs] 141002K->90862K(210744K), 0.0182170 secs] [Times: user=0.02 sys=0.00, real=0.02 secs] 
239.102: Total time for which application threads were stopped: 0.0184540 seconds, Stopping threads took: 0.0001420 seconds
239.124: Application time: 0.0226640 seconds
239.125: [GC239.125: [DefNew: 65471K->4020K(65472K), 0.0107070 secs] 149102K->93296K(210744K), 0.0107540 secs] [Times: user=0.01 sys=0.00, real=0.01 secs] 
239.135: Total time for which application threads were stopped: 0.0109720 seconds, Stopping threads took: 0.0001210 seconds
239.158: Application time: 0.0224890 seconds
239.158: [GC239.158: [DefNew: 62260K->7232K(65472K), 0.0092340 secs] 151536K->101588K(210744K), 0.0092770 secs] [Times: user=0.01 sys=0.00, real=0.01 secs] 
239.167: Total time for which application threads were stopped: 0.0095280 seconds, Stopping threads took: 0.0001520 seconds
239.193: Application time: 0.0260520 seconds
239.194: [GC239.194: [DefNew: 65472K->7232K(65472K), 0.0254280 secs] 159828K->113941K(210744K), 0.0254720 secs] [Times: user=0.02 sys=0.00, real=0.02 secs] 
239.219: Total time for which application threads were stopped: 0.0257000 seconds, Stopping threads took: 0.0001290 seconds
239.249: Application time: 0.0294950 seconds
239.249: [GC239.249: [DefNew: 65472K->7231K(65472K), 0.0237050 secs] 172181K->123782K(210744K), 0.0237490 secs] [Times: user=0.02 sys=0.00, real=0.03 secs] 
239.273: Total time for which application threads were stopped: 0.0240040 seconds, Stopping threads took: 0.0001580 seconds
239.302: Application time: 0.0297930 seconds
239.303: [GC239.303: [DefNew: 65471K->7232K(65472K), 0.0164680 secs] 182022K->130973K(210744K), 0.0165160 secs] [Times: user=0.02 sys=0.00, real=0.02 secs] 
239.319: Total time for which application threads were stopped: 0.0167330 seconds, Stopping threads took: 0.0001200 seconds
239.349: Application time: 0.0295690 seconds
239.349: [GC239.349: [DefNew: 65472K->7232K(65472K), 0.0179190 secs] 189213K->139775K(210744K), 0.0179590 secs] [Times: user=0.02 sys=0.00, real=0.02 secs] 
239.367: Total time for which application threads were stopped: 0.0181330 seconds, Stopping threads took: 0.0000770 seconds
239.395: Application time: 0.0279250 seconds
239.395: [GC239.395: [DefNew: 65472K->7231K(65472K), 0.0190540 secs] 198015K->148071K(210744K), 0.0191000 secs] [Times: user=0.02 sys=0.00, real=0.02 secs] 
239.414: Total time for which application threads were stopped: 0.0193260 seconds, Stopping threads took: 0.0001280 seconds
239.441: Application time: 0.0265220 seconds
239.441: [GC239.441: [DefNew: 65471K->3754K(65472K), 0.0136230 secs]239.455: [Tenured: 147780K->78515K(147960K), 0.1198840 secs] 206311K->78515K(213432K), [Perm : 8873K->8873K(21248K)], 0.1336780 secs] [Times: user=0.13 sys=0.00, real=0.14 secs] 
239.575: Total time for which application threads were stopped: 0.1339130 seconds, Stopping threads took: 0.0001400 seconds
239.599: Application time: 0.0247030 seconds
239.600: [GC239.600: [DefNew: 58240K->6899K(65472K), 0.0067050 secs] 136755K->85415K(210744K), 0.0067410 secs] [Times: user=0.00 sys=0.00, real=0.01 secs] 
239.606: Total time for which application threads were stopped: 0.0069820 seconds, Stopping threads took: 0.0001290 seconds
239.629: Application time: 0.0230700 seconds
239.630: [GC239.630: [DefNew: 65139K->4470K(65472K), 0.0087660 secs] 143655K->87352K(210744K), 0.0088110 secs] [Times: user=0.01 sys=0.00, real=0.01 secs] 
239.638: Total time for which application threads were stopped: 0.0090690 seconds, Stopping threads took: 0.0001380 seconds
239.661: Application time: 0.0229700 seconds
239.662: [GC239.662: [DefNew: 62710K->479K(65472K), 0.0041840 secs] 145592K->87429K(210744K), 0.0042240 secs] [Times: user=0.01 sys=0.00, real=0.01 secs] 
239.666: Total time for which application threads were stopped: 0.0044610 seconds, Stopping threads took: 0.0001140 seconds
239.688: Application time: 0.0217210 seconds
239.688: [GC239.688: [DefNew: 58719K->1358K(65472K), 0.0022310 secs] 145669K->88308K(210744K), 0.0022610 secs] [Times: user=0.00 sys=0.00, real=0.00 secs] 
239.690: Total time for which application threads were stopped: 0.0024850 seconds, Stopping threads took: 0.0001400 seconds
239.711: Application time: 0.0209430 seconds
239.711: [GC239.711: [DefNew: 59598K->7231K(65472K), 0.0127130 secs] 146548K->97850K(210744K), 0.0127570 secs] [Times: user=0.01 sys=0.00, real=0.01 secs] 
239.724: Total time for which application threads were stopped: 0.0131170 seconds, Stopping threads took: 0.0002630 seconds
239.746: Application time: 0.0215440 seconds
239.746: [GC239.746: [DefNew: 65471K->6984K(65472K), 0.0162130 secs] 156090K->103493K(210744K), 0.0162550 secs] [Times: user=0.02 sys=0.00, real=0.01 secs] 
239.762: Total time for which application threads were stopped: 0.0166210 seconds, Stopping threads took: 0.0002520 seconds
239.786: Application time: 0.0233310 seconds
239.786: [GC239.786: [DefNew: 65224K->380K(65472K), 0.0060960 secs] 161733K->103701K(210744K), 0.0061420 secs] [Times: user=0.00 sys=0.00, real=0.00 secs] 
239.792: Total time for which application threads were stopped: 0.0063350 seconds, Stopping threads took: 0.0000930 seconds
239.814: Application time: 0.0224620 seconds
239.815: [GC239.815: [DefNew: 58620K->7231K(65472K), 0.0123170 secs] 161941K->116515K(210744K), 0.0123600 secs] [Times: user=0.01 sys=0.00, real=0.01 secs] 
239.827: Total time for which application threads were stopped: 0.0125850 seconds, Stopping threads took: 0.0001090 seconds
239.853: Application time: 0.0258160 seconds
239.853: [GC239.853: [DefNew: 65471K->7231K(65472K), 0.0269280 secs] 174755K->131117K(210744K), 0.0269750 secs] [Times: user=0.03 sys=0.00, real=0.02 secs] 
239.880: Total time for which application threads were stopped: 0.0273190 seconds, Stopping threads took: 0.0002310 seconds
239.911: Application time: 0.0306390 seconds
239.911: [GC239.911: [DefNew: 65471K->7231K(65472K), 0.0229810 secs] 189357K->139455K(210744K), 0.0230230 secs] [Times: user=0.03 sys=0.00, real=0.03 secs] 
239.934: Total time for which application threads were stopped: 0.0232800 seconds, Stopping threads took: 0.0001600 seconds
239.964: Application time: 0.0294770 seconds
239.964: [GC239.964: [DefNew: 65471K->7231K(65472K), 0.0144010 secs] 197695K->146543K(210744K), 0.0144450 secs] [Times: user=0.02 sys=0.00, real=0.02 secs] 
239.978: Total time for which application threads were stopped: 0.0146260 seconds, Stopping threads took: 0.0000820 seconds
240.007: Application time: 0.0288160 seconds
240.007: [GC240.007: [DefNew: 65471K->7231K(65472K), 0.0148050 secs]240.022: [Tenured: 146907K->78671K(147000K), 0.1192670 secs] 204783K->78671K(212472K), [Perm : 8873K->8873K(21248K)], 0.1342180 secs] [Times: user=0.13 sys=0.00, real=0.13 secs] 
240.141: Total time for which application threads were stopped: 0.1344210 seconds, Stopping threads took: 0.0000970 seconds
240.169: Application time: 0.0270790 seconds
240.169: [GC240.169: [DefNew: 58240K->6543K(65472K), 0.0083960 secs] 136911K->85215K(210744K), 0.0084420 secs] [Times: user=0.01 sys=0.00, real=0.01 secs] 
240.177: Total time for which application threads were stopped: 0.0086680 seconds, Stopping threads took: 0.0001120 seconds
240.204: Application time: 0.0263030 seconds
240.204: [GC240.204: [DefNew: 64783K->7054K(65472K), 0.0105930 secs] 143455K->89534K(210744K), 0.0106390 secs] [Times: user=0.01 sys=0.00, real=0.02 secs] 
240.214: Total time for which application threads were stopped: 0.0108760 seconds, Stopping threads took: 0.0001200 seconds
240.239: Application time: 0.0245910 seconds
240.239: [GC240.239: [DefNew: 65294K->6068K(65472K), 0.0127000 secs] 147774K->92941K(210744K), 0.0127430 secs] [Times: user=0.02 sys=0.00, real=0.01 secs] 
240.252: Total time for which application threads were stopped: 0.0130010 seconds, Stopping threads took: 0.0001390 seconds
240.276: Application time: 0.0235210 seconds
240.276: [GC240.276: [DefNew: 64308K->953K(65472K), 0.0063740 secs] 151181K->93503K(210744K), 0.0064260 secs] [Times: user=0.00 sys=0.00, real=0.00 secs] 
240.282: Total time for which application threads were stopped: 0.0066690 seconds, Stopping threads took: 0.0001450 seconds
240.305: Application time: 0.0225700 seconds
240.305: [GC240.305: [DefNew: 59193K->1819K(65472K), 0.0030410 secs] 151743K->94369K(210744K), 0.0030740 secs] [Times: user=0.01 sys=0.00, real=0.00 secs] 
240.308: Total time for which application threads were stopped: 0.0033960 seconds, Stopping threads took: 0.0002150 seconds
240.329: Application time: 0.0213120 seconds
240.330: [GC240.330: [DefNew: 60059K->6736K(65472K), 0.0057520 secs] 152609K->99286K(210744K), 0.0057930 secs] [Times: user=0.00 sys=0.00, real=0.01 secs] 
240.336: Total time for which application threads were stopped: 0.0061380 seconds, Stopping threads took: 0.0002320 seconds
240.358: Application time: 0.0219860 seconds
240.358: [GC240.358: [DefNew: 64976K->7231K(65472K), 0.0167150 secs] 157526K->107015K(210744K), 0.0167580 secs] [Times: user=0.01 sys=0.00, real=0.02 secs] 
240.375: Total time for which application threads were stopped: 0.0170870 seconds, Stopping threads took: 0.0002320 seconds
240.397: Application time: 0.0227340 seconds
240.398: [GC240.398: [DefNew: 65471K->3535K(65472K), 0.0096620 secs] 165255K->108592K(210744K), 0.0097060 secs] [Times: user=0.01 sys=0.00, real=0.01 secs] 
240.407: Total time for which application threads were stopped: 0.0100680 seconds, Stopping threads took: 0.0002420 seconds
240.430: Application time: 0.0220290 seconds
240.430: [GC240.430: [DefNew: 61775K->5419K(65472K), 0.0056880 secs] 166832K->110476K(210744K), 0.0057280 secs] [Times: user=0.01 sys=0.00, real=0.01 secs] 
240.436: Total time for which application threads were stopped: 0.0061320 seconds, Stopping threads took: 0.0002980 seconds
240.459: Application time: 0.0233690 seconds
240.459: [GC240.459: [DefNew: 63659K->7232K(65472K), 0.0195860 secs] 168716K->122480K(210744K), 0.0196310 secs] [Times: user=0.02 sys=0.00, real=0.02 secs] 
240.479: Total time for which application threads were stopped: 0.0198790 seconds, Stopping threads took: 0.0001320 seconds
240.505: Application time: 0.0260190 seconds
240.505: [GC240.505: [DefNew: 65472K->7231K(65472K), 0.0236620 secs] 180720K->134890K(210744K), 0.0237070 secs] [Times: user=0.03 sys=0.00, real=0.02 secs] 
240.529: Total time for which application threads were stopped: 0.0240890 seconds, Stopping threads took: 0.0002690 seconds
240.559: Application time: 0.0300900 seconds
240.559: [GC240.559: [DefNew: 65471K->7232K(65472K), 0.0198660 secs] 193130K->143529K(210744K), 0.0199120 secs] [Times: user=0.02 sys=0.00, real=0.02 secs] 
240.579: Total time for which application threads were stopped: 0.0200680 seconds, Stopping threads took: 0.0000550 seconds
240.609: Application time: 0.0301450 seconds
240.610: [GC240.610: [DefNew: 65472K->7232K(65472K), 0.0231270 secs]240.633: [Tenured: 145340K->81261K(145464K), 0.1282020 secs] 201769K->81261K(210936K), [Perm : 8873K->8873K(21248K)], 0.1514330 secs] [Times: user=0.15 sys=0.00, real=0.15 secs] 
240.761: Total time for which application threads were stopped: 0.1517390 seconds, Stopping threads took: 0.0001900 seconds
240.790: Application time: 0.0286890 seconds
240.790: [GC240.790: [DefNew: 58240K->7231K(65472K), 0.0134070 secs] 139501K->91367K(210744K), 0.0134540 secs] [Times: user=0.01 sys=0.00, real=0.01 secs] 
240.803: Total time for which application threads were stopped: 0.0136940 seconds, Stopping threads took: 0.0001310 seconds
240.830: Application time: 0.0262470 seconds
240.830: [GC240.830: [DefNew: 65471K->2944K(65472K), 0.0114610 secs] 149607K->93244K(210744K), 0.0115030 secs] [Times: user=0.01 sys=0.00, real=0.01 secs] 
240.842: Total time for which application threads were stopped: 0.0118340 seconds, Stopping threads took: 0.0002150 seconds
240.868: Application time: 0.0261490 seconds
240.868: [GC240.868: [DefNew: 61184K->7231K(65472K), 0.0094960 secs] 151484K->99429K(210744K), 0.0095510 secs] [Times: user=0.01 sys=0.00, real=0.01 secs] 
240.878: Total time for which application threads were stopped: 0.0098330 seconds, Stopping threads took: 0.0001740 seconds
240.901: Application time: 0.0238460 seconds
240.902: [GC240.902: [DefNew: 65471K->5089K(65472K), 0.0155780 secs] 157669K->103656K(210744K), 0.0156240 secs] [Times: user=0.02 sys=0.00, real=0.02 secs] 
240.917: Total time for which application threads were stopped: 0.0160020 seconds, Stopping threads took: 0.0002600 seconds
240.941: Application time: 0.0233470 seconds
240.941: [GC240.941: [DefNew: 63329K->971K(65472K), 0.0058160 secs] 161896K->104212K(210744K), 0.0058580 secs] [Times: user=0.01 sys=0.00, real=0.01 secs] 
240.947: Total time for which application threads were stopped: 0.0061090 seconds, Stopping threads took: 0.0001340 seconds
240.969: Application time: 0.0223260 seconds
240.969: [GC240.969: [DefNew: 59211K->1243K(65472K), 0.0018080 secs] 162452K->104483K(210744K), 0.0018380 secs] [Times: user=0.00 sys=0.00, real=0.00 secs] 
240.971: Total time for which application threads were stopped: 0.0020770 seconds, Stopping threads took: 0.0001520 seconds
240.993: Application time: 0.0212870 seconds
240.993: [GC240.993: [DefNew: 59483K->7232K(65472K), 0.0112730 secs] 162723K->113988K(210744K), 0.0113170 secs] [Times: user=0.01 sys=0.00, real=0.00 secs] 
241.004: Total time for which application threads were stopped: 0.0117100 seconds, Stopping threads took: 0.0002740 seconds
241.026: Application time: 0.0217940 seconds
241.026: [GC241.026: [DefNew: 65472K->7055K(65472K), 0.0148810 secs] 172228K->119600K(210744K), 0.0149250 secs] [Times: user=0.01 sys=0.00, real=0.01 secs] 
241.041: Total time for which application threads were stopped: 0.0151440 seconds, Stopping threads took: 0.0001210 seconds
241.064: Application time: 0.0229690 seconds
241.064: [GC241.064: [DefNew: 65295K->647K(65472K), 0.0072220 secs] 177840K->120126K(210744K), 0.0072670 secs] [Times: user=0.01 sys=0.00, real=0.01 secs] 
241.072: Total time for which application threads were stopped: 0.0074830 seconds, Stopping threads took: 0.0001170 seconds
241.093: Application time: 0.0217300 seconds
241.094: [GC241.094: [DefNew: 58887K->6714K(65472K), 0.0062710 secs] 178366K->126193K(210744K), 0.0063140 secs] [Times: user=0.00 sys=0.00, real=0.00 secs] 
241.100: Total time for which application threads were stopped: 0.0065580 seconds, Stopping threads took: 0.0001450 seconds
241.124: Application time: 0.0238930 seconds
241.124: [GC241.124: [DefNew: 64954K->7232K(65472K), 0.0260050 secs] 184433K->140212K(210744K), 0.0260500 secs] [Times: user=0.03 sys=0.00, real=0.03 secs] 
241.150: Total time for which application threads were stopped: 0.0262780 seconds, Stopping threads took: 0.0001330 seconds
241.179: Application time: 0.0284800 seconds
241.179: [GC241.179: [DefNew: 65472K->7231K(65472K), 0.0252380 secs] 198452K->151265K(210744K), 0.0252840 secs] [Times: user=0.02 sys=0.00, real=0.02 secs] 
241.204: Total time for which application threads were stopped: 0.0254630 seconds, Stopping threads took: 0.0000830 seconds
241.233: Application time: 0.0292840 seconds
241.234: [GC241.234: [DefNew: 65471K->7231K(65472K), 0.0189820 secs]241.253: [Tenured: 152095K->74913K(152184K), 0.1245660 secs] 209505K->74913K(217656K), [Perm : 8873K->8873K(21248K)], 0.1438910 secs] [Times: user=0.14 sys=0.00, real=0.14 secs] 
241.377: Total time for which application threads were stopped: 0.1441020 seconds, Stopping threads took: 0.0001170 seconds
241.407: Application time: 0.0297260 seconds
241.407: [GC241.407: [DefNew: 58240K->7231K(65472K), 0.0135690 secs] 133153K->85431K(210744K), 0.0136150 secs] [Times: user=0.01 sys=0.00, real=0.01 secs] 
241.421: Total time for which application threads were stopped: 0.0139160 seconds, Stopping threads took: 0.0001930 seconds
241.449: Application time: 0.0275960 seconds
241.449: [GC241.449: [DefNew: 65471K->7231K(65472K), 0.0160940 secs] 143671K->92621K(210744K), 0.0161380 secs] [Times: user=0.02 sys=0.00, real=0.02 secs] 
241.465: Total time for which application threads were stopped: 0.0163890 seconds, Stopping threads took: 0.0001430 seconds
241.491: Application time: 0.0260150 seconds
241.491: [GC241.491: [DefNew: 65471K->5039K(65472K), 0.0091930 secs] 150861K->95240K(210744K), 0.0092380 secs] [Times: user=0.01 sys=0.00, real=0.01 secs] 
241.501: Total time for which application threads were stopped: 0.0095670 seconds, Stopping threads took: 0.0002120 seconds
241.526: Application time: 0.0256860 seconds
241.527: [GC241.527: [DefNew: 63279K->6478K(65472K), 0.0108160 secs] 153480K->100306K(210744K), 0.0108590 secs] [Times: user=0.01 sys=0.00, real=0.01 secs] 
241.538: Total time for which application threads were stopped: 0.0112040 seconds, Stopping threads took: 0.0002470 seconds
241.561: Application time: 0.0238270 seconds
241.562: [GC241.562: [DefNew: 64718K->1691K(65472K), 0.0081750 secs] 158546K->101211K(210744K), 0.0082180 secs] [Times: user=0.01 sys=0.00, real=0.01 secs] 
241.570: Total time for which application threads were stopped: 0.0084820 seconds, Stopping threads took: 0.0001460 seconds
241.593: Application time: 0.0229440 seconds
241.593: [GC241.593: [DefNew: 59931K->2249K(65472K), 0.0027880 secs] 159451K->101769K(210744K), 0.0028200 secs] [Times: user=0.00 sys=0.00, real=0.00 secs] 
241.596: Total time for which application threads were stopped: 0.0030980 seconds, Stopping threads took: 0.0001900 seconds
241.617: Application time: 0.0213410 seconds
241.617: [GC241.617: [DefNew: 60489K->3850K(65472K), 0.0045300 secs] 160009K->103370K(210744K), 0.0045690 secs] [Times: user=0.00 sys=0.00, real=0.00 secs] 
241.622: Total time for which application threads were stopped: 0.0047970 seconds, Stopping threads took: 0.0001320 seconds
241.643: Application time: 0.0212690 seconds
241.644: [GC241.644: [DefNew: 62090K->7231K(65472K), 0.0152370 secs] 161610K->113608K(210744K), 0.0152810 secs] [Times: user=0.02 sys=0.00, real=0.02 secs] 
241.659: Total time for which application threads were stopped: 0.0154960 seconds, Stopping threads took: 0.0001160 seconds
241.681: Application time: 0.0223150 seconds
241.681: [GC241.681: [DefNew: 65471K->5135K(65472K), 0.0122820 secs] 171848K->117547K(210744K), 0.0123240 secs] [Times: user=0.02 sys=0.00, real=0.02 secs] 
241.694: Total time for which application threads were stopped: 0.0124700 seconds, Stopping threads took: 0.0000440 seconds
241.716: Application time: 0.0226780 seconds
241.716: [GC241.716: [DefNew: 63375K->1166K(65472K), 0.0051850 secs] 175787K->118491K(210744K), 0.0052320 secs] [Times: user=0.00 sys=0.00, real=0.00 secs] 
241.722: Total time for which application threads were stopped: 0.0053980 seconds, Stopping threads took: 0.0000700 seconds
241.744: Application time: 0.0226450 seconds
241.745: [GC241.745: [DefNew: 59406K->7232K(65472K), 0.0126110 secs] 176731K->129149K(210744K), 0.0126570 secs] [Times: user=0.01 sys=0.00, real=0.01 secs] 
241.757: Total time for which application threads were stopped: 0.0130100 seconds, Stopping threads took: 0.0002560 seconds
241.783: Application time: 0.0253320 seconds
241.783: [GC241.783: [DefNew: 65472K->7232K(65472K), 0.0231390 secs] 187389K->142295K(210744K), 0.0231840 secs] [Times: user=0.03 sys=0.00, real=0.03 secs] 
241.806: Total time for which application threads were stopped: 0.0235500 seconds, Stopping threads took: 0.0002520 seconds
241.836: Application time: 0.0293380 seconds
241.836: [GC241.836: [DefNew: 65472K->7231K(65472K), 0.0243070 secs]241.860: [Tenured: 145477K->75896K(145656K), 0.1172500 secs] 200535K->75896K(211128K), [Perm : 8873K->8873K(21248K)], 0.1416460 secs] [Times: user=0.14 sys=0.00, real=0.14 secs] 
241.977: Total time for which application threads were stopped: 0.1418190 seconds, Stopping threads took: 0.0000790 seconds
242.007: Application time: 0.0291450 seconds
242.007: [GC242.007: [DefNew: 58240K->7231K(65472K), 0.0174440 secs] 134136K->87635K(210744K), 0.0174880 secs] [Times: user=0.02 sys=0.00, real=0.01 secs] 
242.024: Total time for which application threads were stopped: 0.0178060 seconds, Stopping threads took: 0.0001930 seconds
242.054: Application time: 0.0295060 seconds
242.054: [GC242.054: [DefNew: 65471K->7231K(65472K), 0.0176400 secs] 145875K->95041K(210744K), 0.0176960 secs] [Times: user=0.02 sys=0.00, real=0.01 secs] 
242.072: Total time for which application threads were stopped: 0.0180070 seconds, Stopping threads took: 0.0002030 seconds
242.099: Application time: 0.0271150 seconds
242.099: [GC242.099: [DefNew: 65471K->6605K(65472K), 0.0135410 secs] 153281K->101219K(210744K), 0.0135840 secs] [Times: user=0.02 sys=0.00, real=0.02 secs] 
242.113: Total time for which application threads were stopped: 0.0138220 seconds, Stopping threads took: 0.0001280 seconds
242.140: Application time: 0.0272500 seconds
242.140: [GC242.140: [DefNew: 64845K->7231K(65472K), 0.0143540 secs] 159459K->107654K(210744K), 0.0143980 secs] [Times: user=0.02 sys=0.00, real=0.02 secs] 
242.155: Total time for which application threads were stopped: 0.0146760 seconds, Stopping threads took: 0.0001600 seconds
242.179: Application time: 0.0245370 seconds
242.179: [GC242.179: [DefNew: 65471K->4161K(65472K), 0.0135530 secs] 165894K->110791K(210744K), 0.0135970 secs] [Times: user=0.01 sys=0.00, real=0.02 secs] 
242.193: Total time for which application threads were stopped: 0.0138150 seconds, Stopping threads took: 0.0001190 seconds
242.217: Application time: 0.0235600 seconds
242.217: [GC242.217: [DefNew: 62401K->1279K(65472K), 0.0046190 secs] 169031K->111693K(210744K), 0.0046610 secs] [Times: user=0.01 sys=0.00, real=0.00 secs] 
242.221: Total time for which application threads were stopped: 0.0048190 seconds, Stopping threads took: 0.0000580 seconds
242.244: Application time: 0.0223530 seconds
242.244: [GC242.244: [DefNew: 59519K->1382K(65472K), 0.0020230 secs] 169933K->111796K(210744K), 0.0020550 secs] [Times: user=0.00 sys=0.00, real=0.01 secs] 
242.246: Total time for which application threads were stopped: 0.0022490 seconds, Stopping threads took: 0.0001090 seconds
242.267: Application time: 0.0208610 seconds
242.267: [GC242.267: [DefNew: 59622K->7232K(65472K), 0.0055800 secs] 170036K->117669K(210744K), 0.0056200 secs] [Times: user=0.00 sys=0.00, real=0.01 secs] 
242.273: Total time for which application threads were stopped: 0.0058410 seconds, Stopping threads took: 0.0001260 seconds
242.295: Application time: 0.0221350 seconds
242.295: [GC242.295: [DefNew: 65472K->7232K(65472K), 0.0150990 secs] 175909K->124351K(210744K), 0.0151450 secs] [Times: user=0.01 sys=0.00, real=0.01 secs] 
242.310: Total time for which application threads were stopped: 0.0155020 seconds, Stopping threads took: 0.0002430 seconds
242.333: Application time: 0.0227430 seconds
242.333: [GC242.333: [DefNew: 65472K->1837K(65472K), 0.0079370 secs] 182591K->125812K(210744K), 0.0079810 secs] [Times: user=0.00 sys=0.00, real=0.00 secs] 
242.341: Total time for which application threads were stopped: 0.0081870 seconds, Stopping threads took: 0.0001070 seconds
242.363: Application time: 0.0219170 seconds
242.363: [GC242.364: [DefNew: 60077K->4585K(65472K), 0.0037660 secs] 184052K->128559K(210744K), 0.0038100 secs] [Times: user=0.00 sys=0.00, real=0.01 secs] 
242.367: Total time for which application threads were stopped: 0.0040240 seconds, Stopping threads took: 0.0001070 seconds
242.390: Application time: 0.0230160 seconds
242.391: [GC242.391: [DefNew: 62825K->7232K(65472K), 0.0169770 secs] 186799K->140177K(210744K), 0.0170210 secs] [Times: user=0.02 sys=0.00, real=0.02 secs] 
242.408: Total time for which application threads were stopped: 0.0172380 seconds, Stopping threads took: 0.0001200 seconds
242.434: Application time: 0.0261670 seconds
242.434: [GC242.434: [DefNew: 65472K->7232K(65472K), 0.0227830 secs] 198417K->151662K(210744K), 0.0228300 secs] [Times: user=0.02 sys=0.00, real=0.02 secs] 
242.457: Total time for which application threads were stopped: 0.0230410 seconds, Stopping threads took: 0.0001160 seconds
242.486: Application time: 0.0291460 seconds
242.486: [GC242.486: [DefNew: 65472K->7232K(65472K), 0.0277460 secs]242.514: [Tenured: 155642K->79731K(155832K), 0.1314470 secs] 209902K->79731K(221304K), [Perm : 8873K->8873K(21248K)], 0.1596470 secs] [Times: user=0.15 sys=0.01, real=0.16 secs] 
242.646: Total time for which application threads were stopped: 0.1598880 seconds, Stopping threads took: 0.0001270 seconds
242.676: Application time: 0.0301550 seconds
242.676: [GC242.676: [DefNew: 58240K->7232K(65472K), 0.0138030 secs] 137971K->90455K(210744K), 0.0138480 secs] [Times: user=0.01 sys=0.00, real=0.01 secs] 
242.690: Total time for which application threads were stopped: 0.0141130 seconds, Stopping threads took: 0.0001530 seconds
242.719: Application time: 0.0287200 seconds
242.719: [GC242.719: [DefNew: 65472K->7231K(65472K), 0.0181880 secs] 148695K->98207K(210744K), 0.0182310 secs] [Times: user=0.02 sys=0.00, real=0.02 secs] 
242.737: Total time for which application threads were stopped: 0.0184470 seconds, Stopping threads took: 0.0001180 seconds
242.764: Application time: 0.0270580 seconds
242.764: [GC242.765: [DefNew: 65471K->7232K(65472K), 0.0121500 secs] 156447K->104503K(210744K), 0.0121900 secs] [Times: user=0.01 sys=0.00, real=0.01 secs] 
242.777: Total time for which application threads were stopped: 0.0123730 seconds, Stopping threads took: 0.0000830 seconds
242.803: Application time: 0.0267750 seconds
242.804: [GC242.804: [DefNew: 65472K->7232K(65472K), 0.0143960 secs] 162743K->109404K(210744K), 0.0144400 secs] [Times: user=0.02 sys=0.00, real=0.02 secs] 
242.818: Total time for which application threads were stopped: 0.0146330 seconds, Stopping threads took: 0.0000950 seconds
242.842: Application time: 0.0243630 seconds
242.843: [GC242.843: [DefNew: 65472K->2800K(65472K), 0.0086810 secs] 167644K->110128K(210744K), 0.0087260 secs] [Times: user=0.01 sys=0.00, real=0.01 secs] 
242.852: Total time for which application threads were stopped: 0.0090500 seconds, Stopping threads took: 0.0002210 seconds
242.875: Application time: 0.0230820 seconds
242.875: [GC242.875: [DefNew: 61040K->3648K(65472K), 0.0040350 secs] 168368K->110976K(210744K), 0.0040720 secs] [Times: user=0.01 sys=0.00, real=0.00 secs] 
242.879: Total time for which application threads were stopped: 0.0043060 seconds, Stopping threads took: 0.0001190 seconds
242.901: Application time: 0.0218440 seconds
242.901: [GC242.901: [DefNew: 61888K->1946K(65472K), 0.0050360 secs] 169216K->111695K(210744K), 0.0050760 secs] [Times: user=0.01 sys=0.00, real=0.01 secs] 
242.906: Total time for which application threads were stopped: 0.0054440 seconds, Stopping threads took: 0.0002540 seconds
242.928: Application time: 0.0213330 seconds
242.928: [GC242.928: [DefNew: 60186K->7231K(65472K), 0.0093640 secs] 169935K->120415K(210744K), 0.0094080 secs] [Times: user=0.01 sys=0.00, real=0.01 secs] 
242.937: Total time for which application threads were stopped: 0.0097920 seconds, Stopping threads took: 0.0002670 seconds
242.959: Application time: 0.0218260 seconds
242.959: [GC242.959: [DefNew: 65471K->7231K(65472K), 0.0176500 secs] 178655K->126295K(210744K), 0.0176940 secs] [Times: user=0.02 sys=0.00, real=0.02 secs] 
242.977: Total time for which application threads were stopped: 0.0179700 seconds, Stopping threads took: 0.0001600 seconds
243.000: Application time: 0.0230620 seconds
243.000: [GC243.000: [DefNew: 65471K->520K(65472K), 0.0082630 secs] 184535K->126554K(210744K), 0.0083080 secs] [Times: user=0.01 sys=0.00, real=0.01 secs] 
243.009: Total time for which application threads were stopped: 0.0085070 seconds, Stopping threads took: 0.0001010 seconds
243.031: Application time: 0.0218020 seconds
243.031: [GC243.031: [DefNew: 58760K->7232K(65472K), 0.0080920 secs] 184794K->134800K(210744K), 0.0081340 secs] [Times: user=0.01 sys=0.00, real=0.01 secs] 
243.039: Total time for which application threads were stopped: 0.0083760 seconds, Stopping threads took: 0.0001450 seconds
243.062: Application time: 0.0228980 seconds
243.062: [GC243.062: [DefNew: 65472K->7231K(65472K), 0.0265200 secs] 193040K->148348K(210744K), 0.0265620 secs] [Times: user=0.03 sys=0.00, real=0.03 secs] 
243.089: Total time for which application threads were stopped: 0.0268010 seconds, Stopping threads took: 0.0001420 seconds
243.116: Application time: 0.0277150 seconds
243.117: [GC243.117: [DefNew: 65471K->7232K(65472K), 0.0260940 secs]243.143: [Tenured: 152180K->77377K(152184K), 0.1270580 secs] 206588K->77377K(217656K), [Perm : 8873K->8873K(21248K)], 0.1535040 secs] [Times: user=0.15 sys=0.00, real=0.15 secs] 
243.270: Total time for which application threads were stopped: 0.1537090 seconds, Stopping threads took: 0.0001050 seconds
243.299: Application time: 0.0287500 seconds
243.299: [GC243.299: [DefNew: 58240K->7232K(65472K), 0.0098160 secs] 135617K->87114K(210744K), 0.0098590 secs] [Times: user=0.01 sys=0.00, real=0.01 secs] 
243.309: Total time for which application threads were stopped: 0.0100510 seconds, Stopping threads took: 0.0000790 seconds
243.339: Application time: 0.0306470 seconds
243.340: [GC243.340: [DefNew: 65472K->7231K(65472K), 0.0140040 secs] 145354K->93698K(210744K), 0.0140450 secs] [Times: user=0.01 sys=0.00, real=0.02 secs] 
243.354: Total time for which application threads were stopped: 0.0142860 seconds, Stopping threads took: 0.0001440 seconds
243.381: Application time: 0.0271990 seconds
243.381: [GC243.381: [DefNew: 65471K->6706K(65472K), 0.0141650 secs] 151938K->98931K(210744K), 0.0142100 secs] [Times: user=0.02 sys=0.00, real=0.02 secs] 
243.395: Total time for which application threads were stopped: 0.0144500 seconds, Stopping threads took: 0.0001440 seconds
243.423: Application time: 0.0278230 seconds
243.423: [GC243.423: [DefNew: 64946K->7232K(65472K), 0.0164030 secs] 157171K->105604K(210744K), 0.0164480 secs] [Times: user=0.01 sys=0.00, real=0.02 secs] 
243.440: Total time for which application threads were stopped: 0.0166320 seconds, Stopping threads took: 0.0000880 seconds
243.466: Application time: 0.0258480 seconds
243.466: [GC243.466: [DefNew: 65472K->4358K(65472K), 0.0122760 secs] 163844K->109214K(210744K), 0.0123230 secs] [Times: user=0.01 sys=0.00, real=0.01 secs] 
243.478: Total time for which application threads were stopped: 0.0126170 seconds, Stopping threads took: 0.0001970 seconds
243.503: Application time: 0.0242040 seconds
243.503: [GC243.503: [DefNew: 62598K->1744K(65472K), 0.0063130 secs] 167454K->110528K(210744K), 0.0063560 secs] [Times: user=0.00 sys=0.00, real=0.01 secs] 
243.509: Total time for which application threads were stopped: 0.0067810 seconds, Stopping threads took: 0.0003100 seconds
243.532: Application time: 0.0225570 seconds
243.532: [GC243.532: [DefNew: 59984K->1266K(65472K), 0.0020280 secs] 168768K->110050K(210744K), 0.0020610 secs] [Times: user=0.00 sys=0.00, real=0.01 secs] 
243.534: Total time for which application threads were stopped: 0.0023480 seconds, Stopping threads took: 0.0001990 seconds
243.555: Application time: 0.0209140 seconds
243.555: [GC243.555: [DefNew: 59506K->2975K(65472K), 0.0031610 secs] 168290K->111759K(210744K), 0.0031940 secs] [Times: user=0.00 sys=0.00, real=0.00 secs] 
243.559: Total time for which application threads were stopped: 0.0034540 seconds, Stopping threads took: 0.0001710 seconds
243.580: Application time: 0.0215140 seconds
243.580: [GC243.580: [DefNew: 61215K->7231K(65472K), 0.0131450 secs] 169999K->120430K(210744K), 0.0131890 secs] [Times: user=0.01 sys=0.00, real=0.02 secs] 
243.594: Total time for which application threads were stopped: 0.0133680 seconds, Stopping threads took: 0.0000800 seconds
243.615: Application time: 0.0214660 seconds
243.615: [GC243.615: [DefNew: 65471K->5010K(65472K), 0.0135810 secs] 178670K->124135K(210744K), 0.0136240 secs] [Times: user=0.02 sys=0.00, real=0.01 secs] 
243.629: Total time for which application threads were stopped: 0.0138710 seconds, Stopping threads took: 0.0001500 seconds
243.652: Application time: 0.0226900 seconds
243.652: [GC243.652: [DefNew: 63250K->246K(65472K), 0.0051850 secs] 182375K->124072K(210744K), 0.0052260 secs] [Times: user=0.00 sys=0.00, real=0.01 secs] 
243.657: Total time for which application threads were stopped: 0.0055080 seconds, Stopping threads took: 0.0001650 seconds
243.679: Application time: 0.0224130 seconds
243.680: [GC243.680: [DefNew: 58486K->7231K(65472K), 0.0133120 secs] 182312K->134864K(210744K), 0.0133670 secs] [Times: user=0.01 sys=0.00, real=0.02 secs] 
243.693: Total time for which application threads were stopped: 0.0137010 seconds, Stopping threads took: 0.0002160 seconds
243.718: Application time: 0.0249340 seconds
243.718: [GC243.718: [DefNew: 65471K->7231K(65472K), 0.0264930 secs] 193104K->147631K(210744K), 0.0265360 secs] [Times: user=0.03 sys=0.00, real=0.03 secs] 
243.745: Total time for which application threads were stopped: 0.0267630 seconds, Stopping threads took: 0.0001130 seconds
243.774: Application time: 0.0292940 seconds
243.774: [GC243.774: [DefNew: 65471K->7231K(65472K), 0.0250090 secs]243.799: [Tenured: 152482K->76709K(152568K), 0.1188040 secs] 205871K->76709K(218040K), [Perm : 8873K->8873K(21248K)], 0.1441200 secs] [Times: user=0.15 sys=0.00, real=0.14 secs] 
243.919: Total time for which application threads were stopped: 0.1443400 seconds, Stopping threads took: 0.0001270 seconds
243.948: Application time: 0.0295450 seconds
243.948: [GC243.948: [DefNew: 58240K->7231K(65472K), 0.0161310 secs] 134949K->89135K(210744K), 0.0161890 secs] [Times: user=0.01 sys=0.00, real=0.02 secs] 
243.965: Total time for which application threads were stopped: 0.0164360 seconds, Stopping threads took: 0.0001200 seconds
243.995: Application time: 0.0301520 seconds
243.995: [GC243.995: [DefNew: 65471K->7231K(65472K), 0.0224480 secs] 147375K->96911K(210744K), 0.0224920 secs] [Times: user=0.02 sys=0.00, real=0.02 secs] 
244.018: Total time for which application threads were stopped: 0.0228500 seconds, Stopping threads took: 0.0002440 seconds
244.044: Application time: 0.0269140 seconds
244.045: [GC244.045: [DefNew: 65471K->6717K(65472K), 0.0133800 secs] 155151K->103337K(210744K), 0.0134250 secs] [Times: user=0.01 sys=0.00, real=0.01 secs] 
244.058: Total time for which application threads were stopped: 0.0136190 seconds, Stopping threads took: 0.0000870 seconds
244.086: Application time: 0.0278690 seconds
244.086: [GC244.086: [DefNew: 64957K->7232K(65472K), 0.0139720 secs] 161577K->109122K(210744K), 0.0140160 secs] [Times: user=0.01 sys=0.00, real=0.01 secs] 
244.100: Total time for which application threads were stopped: 0.0144180 seconds, Stopping threads took: 0.0002850 seconds
244.126: Application time: 0.0253330 seconds
244.126: [GC244.126: [DefNew: 65472K->2750K(65472K), 0.0099510 secs] 167362K->110365K(210744K), 0.0099980 secs] [Times: user=0.01 sys=0.00, real=0.01 secs] 
244.136: Total time for which application threads were stopped: 0.0103670 seconds, Stopping threads took: 0.0002520 seconds
244.159: Application time: 0.0231840 seconds
244.159: [GC244.159: [DefNew: 60990K->3524K(65472K), 0.0041330 secs] 168605K->111139K(210744K), 0.0041680 secs] [Times: user=0.00 sys=0.00, real=0.00 secs] 
244.164: Total time for which application threads were stopped: 0.0044070 seconds, Stopping threads took: 0.0001310 seconds
244.186: Application time: 0.0221590 seconds
244.186: [GC244.186: [DefNew: 61764K->5121K(65472K), 0.0047370 secs] 169379K->112737K(210744K), 0.0047800 secs] [Times: user=0.00 sys=0.00, real=0.00 secs] 
244.191: Total time for which application threads were stopped: 0.0049790 seconds, Stopping threads took: 0.0001030 seconds
244.211: Application time: 0.0206980 seconds
244.212: [GC244.212: [DefNew: 63361K->6747K(65472K), 0.0076040 secs] 170977K->116745K(210744K), 0.0076490 secs] [Times: user=0.01 sys=0.00, real=0.01 secs] 
244.219: Total time for which application threads were stopped: 0.0078720 seconds, Stopping threads took: 0.0001240 seconds
244.241: Application time: 0.0220380 seconds
244.242: [GC244.242: [DefNew: 64987K->7232K(65472K), 0.0144360 secs] 174985K->123324K(210744K), 0.0144800 secs] [Times: user=0.02 sys=0.00, real=0.02 secs] 
244.256: Total time for which application threads were stopped: 0.0147300 seconds, Stopping threads took: 0.0001520 seconds
244.278: Application time: 0.0220480 seconds
244.278: [GC244.278: [DefNew: 65472K->2623K(65472K), 0.0085960 secs] 181564K->125248K(210744K), 0.0086490 secs] [Times: user=0.01 sys=0.00, real=0.01 secs] 
244.287: Total time for which application threads were stopped: 0.0088580 seconds, Stopping threads took: 0.0001090 seconds
244.309: Application time: 0.0219120 seconds
244.309: [GC244.309: [DefNew: 60863K->7232K(65472K), 0.0063620 secs] 183488K->130432K(210744K), 0.0064080 secs] [Times: user=0.00 sys=0.00, real=0.01 secs] 
244.316: Total time for which application threads were stopped: 0.0066970 seconds, Stopping threads took: 0.0001720 seconds
244.339: Application time: 0.0229870 seconds
244.339: [GC244.339: [DefNew: 65472K->7232K(65472K), 0.0177820 secs] 188672K->138946K(210744K), 0.0178280 secs] [Times: user=0.02 sys=0.00, real=0.02 secs] 
244.357: Total time for which application threads were stopped: 0.0181320 seconds, Stopping threads took: 0.0001890 seconds
244.384: Application time: 0.0267670 seconds
244.384: [GC244.384: [DefNew: 65472K->7232K(65472K), 0.0265320 secs] 197186K->152447K(210744K), 0.0265780 secs] [Times: user=0.03 sys=0.00, real=0.03 secs] 
244.410: Total time for which application threads were stopped: 0.0268710 seconds, Stopping threads took: 0.0001770 seconds
244.439: Application time: 0.0286080 seconds
244.439: [GC244.439: [DefNew: 65472K->7232K(65472K), 0.0284760 secs]244.468: [Tenured: 157389K->81310K(157560K), 0.1230490 secs] 210687K->81310K(223032K), [Perm : 8873K->8873K(21248K)], 0.1519550 secs] [Times: user=0.14 sys=0.00, real=0.15 secs] 
244.591: Total time for which application threads were stopped: 0.1522120 seconds, Stopping threads took: 0.0001650 seconds
244.621: Application time: 0.0300510 seconds
244.622: [GC244.622: [DefNew: 58240K->7232K(65472K), 0.0133810 secs] 139550K->90952K(210744K), 0.0134250 secs] [Times: user=0.02 sys=0.00, real=0.02 secs] 
244.635: Total time for which application threads were stopped: 0.0136910 seconds, Stopping threads took: 0.0001540 seconds
244.664: Application time: 0.0288200 seconds
244.665: [GC244.665: [DefNew: 65472K->7232K(65472K), 0.0233370 secs] 149192K->99511K(210744K), 0.0233840 secs] [Times: user=0.02 sys=0.00, real=0.02 secs] 
244.688: Total time for which application threads were stopped: 0.0242030 seconds, Stopping threads took: 0.0007230 seconds
244.716: Application time: 0.0275780 seconds
244.716: [GC244.716: [DefNew: 65472K->7232K(65472K), 0.0177860 secs] 157751K->106837K(210744K), 0.0178310 secs] [Times: user=0.02 sys=0.00, real=0.02 secs] 
244.734: Total time for which application threads were stopped: 0.0181640 seconds, Stopping threads took: 0.0002190 seconds
244.761: Application time: 0.0274520 seconds
244.762: [GC244.762: [DefNew: 65472K->4536K(65472K), 0.0124460 secs] 165077K->110434K(210744K), 0.0125040 secs] [Times: user=0.02 sys=0.00, real=0.02 secs] 
244.774: Total time for which application threads were stopped: 0.0128200 seconds, Stopping threads took: 0.0002010 seconds
244.799: Application time: 0.0246840 seconds
244.799: [GC244.799: [DefNew: 62776K->2027K(65472K), 0.0060740 secs] 168674K->111871K(210744K), 0.0061160 secs] [Times: user=0.01 sys=0.00, real=0.01 secs] 
244.805: Total time for which application threads were stopped: 0.0063630 seconds, Stopping threads took: 0.0001500 seconds
244.828: Application time: 0.0228380 seconds
244.828: [GC244.828: [DefNew: 60267K->1886K(65472K), 0.0025040 secs] 170111K->111731K(210744K), 0.0025360 secs] [Times: user=0.00 sys=0.00, real=0.00 secs] 
244.831: Total time for which application threads were stopped: 0.0027190 seconds, Stopping threads took: 0.0000960 seconds
244.852: Application time: 0.0214550 seconds
244.852: [GC244.852: [DefNew: 60126K->3570K(65472K), 0.0039720 secs] 169971K->113415K(210744K), 0.0040040 secs] [Times: user=0.00 sys=0.00, real=0.01 secs] 
244.856: Total time for which application threads were stopped: 0.0041600 seconds, Stopping threads took: 0.0000630 seconds
244.878: Application time: 0.0212680 seconds
244.878: [GC244.878: [DefNew: 61810K->7232K(65472K), 0.0109380 secs] 171655K->121347K(210744K), 0.0109800 secs] [Times: user=0.01 sys=0.00, real=0.01 secs] 
244.889: Total time for which application threads were stopped: 0.0112100 seconds, Stopping threads took: 0.0001220 seconds
244.910: Application time: 0.0215520 seconds
244.910: [GC244.911: [DefNew: 65472K->5585K(65472K), 0.0137110 secs] 179587K->125576K(210744K), 0.0137530 secs] [Times: user=0.02 sys=0.00, real=0.01 secs] 
244.924: Total time for which application threads were stopped: 0.0139710 seconds, Stopping threads took: 0.0001190 seconds
244.947: Application time: 0.0226980 seconds
244.947: [GC244.947: [DefNew: 63825K->781K(65472K), 0.0059630 secs] 183816K->126033K(210744K), 0.0060070 secs] [Times: user=0.00 sys=0.00, real=0.01 secs] 
244.953: Total time for which application threads were stopped: 0.0062910 seconds, Stopping threads took: 0.0001660 seconds
244.975: Application time: 0.0216990 seconds
244.975: [GC244.975: [DefNew: 59021K->7232K(65472K), 0.0087570 secs] 184273K->134482K(210744K), 0.0088010 secs] [Times: user=0.01 sys=0.00, real=0.00 secs] 
244.984: Total time for which application threads were stopped: 0.0091070 seconds, Stopping threads took: 0.0001880 seconds
245.007: Application time: 0.0230310 seconds
245.007: [GC245.007: [DefNew: 65472K->7231K(65472K), 0.0231640 secs] 192722K->147209K(210744K), 0.0232100 secs] [Times: user=0.02 sys=0.00, real=0.02 secs] 
245.031: Total time for which application threads were stopped: 0.0234310 seconds, Stopping threads took: 0.0001160 seconds
245.059: Application time: 0.0280050 seconds
245.059: [GC245.059: [DefNew: 65471K->7231K(65472K), 0.0276310 secs]245.086: [Tenured: 151154K->76165K(151224K), 0.1269270 secs] 205449K->76165K(216696K), [Perm : 8873K->8873K(21248K)], 0.1548680 secs] [Times: user=0.16 sys=0.00, real=0.16 secs] 
245.214: Total time for which application threads were stopped: 0.1551470 seconds, Stopping threads took: 0.0001690 seconds
245.243: Application time: 0.0293820 seconds
245.243: [GC245.243: [DefNew: 58240K->7231K(65472K), 0.0121300 secs] 134405K->87053K(210744K), 0.0121750 secs] [Times: user=0.01 sys=0.00, real=0.02 secs] 
245.256: Total time for which application threads were stopped: 0.0125520 seconds, Stopping threads took: 0.0002570 seconds
245.286: Application time: 0.0304070 seconds
245.286: [GC245.286: [DefNew: 65471K->7232K(65472K), 0.0184730 secs] 145293K->94793K(210744K), 0.0185180 secs] [Times: user=0.02 sys=0.00, real=0.02 secs] 
245.305: Total time for which application threads were stopped: 0.0187520 seconds, Stopping threads took: 0.0001190 seconds
245.332: Application time: 0.0267130 seconds
245.332: [GC245.332: [DefNew: 65472K->6133K(65472K), 0.0102760 secs] 153033K->97831K(210744K), 0.0103190 secs] [Times: user=0.01 sys=0.00, real=0.01 secs] 
245.342: Total time for which application threads were stopped: 0.0105430 seconds, Stopping threads took: 0.0001170 seconds
245.370: Application time: 0.0279800 seconds
245.370: [GC245.370: [DefNew: 64373K->7231K(65472K), 0.0158000 secs] 156071K->105523K(210744K), 0.0158440 secs] [Times: user=0.02 sys=0.00, real=0.02 secs] 
245.386: Total time for which application threads were stopped: 0.0161800 seconds, Stopping threads took: 0.0002320 seconds
245.413: Application time: 0.0262850 seconds
245.413: [GC245.413: [DefNew: 65471K->3543K(65472K), 0.0121750 secs] 163763K->108337K(210744K), 0.0122190 secs] [Times: user=0.01 sys=0.00, real=0.01 secs] 
245.425: Total time for which application threads were stopped: 0.0125740 seconds, Stopping threads took: 0.0002350 seconds
245.449: Application time: 0.0237250 seconds
245.449: [GC245.449: [DefNew: 61783K->4708K(65472K), 0.0051820 secs] 166577K->109503K(210744K), 0.0052190 secs] [Times: user=0.01 sys=0.00, real=0.01 secs] 
245.454: Total time for which application threads were stopped: 0.0055660 seconds, Stopping threads took: 0.0002360 seconds
245.477: Application time: 0.0225640 seconds
245.477: [GC245.477: [DefNew: 62948K->2499K(65472K), 0.0056930 secs] 167743K->110416K(210744K), 0.0057360 secs] [Times: user=0.00 sys=0.00, real=0.00 secs] 
245.483: Total time for which application threads were stopped: 0.0061460 seconds, Stopping threads took: 0.0003140 seconds
245.504: Application time: 0.0211950 seconds
245.504: [GC245.505: [DefNew: 60739K->3513K(65472K), 0.0042160 secs] 168656K->111429K(210744K), 0.0042610 secs] [Times: user=0.01 sys=0.00, real=0.00 secs] 
245.509: Total time for which application threads were stopped: 0.0044660 seconds, Stopping threads took: 0.0001080 seconds
245.530: Application time: 0.0214910 seconds
245.530: [GC245.531: [DefNew: 61753K->7232K(65472K), 0.0124800 secs] 169669K->120439K(210744K), 0.0125240 secs] [Times: user=0.01 sys=0.00, real=0.01 secs] 
245.543: Total time for which application threads were stopped: 0.0127870 seconds, Stopping threads took: 0.0001650 seconds
245.565: Application time: 0.0220720 seconds
245.565: [GC245.565: [DefNew: 65472K->3878K(65472K), 0.0109490 secs] 178679K->123212K(210744K), 0.0109940 secs] [Times: user=0.01 sys=0.00, real=0.01 secs] 
245.576: Total time for which application threads were stopped: 0.0112060 seconds, Stopping threads took: 0.0001120 seconds
245.599: Application time: 0.0224730 seconds
245.599: [GC245.599: [DefNew: 62118K->1065K(65472K), 0.0040010 secs] 181452K->124023K(210744K), 0.0040400 secs] [Times: user=0.00 sys=0.00, real=0.00 secs] 
245.603: Total time for which application threads were stopped: 0.0042210 seconds, Stopping threads took: 0.0000820 seconds
245.625: Application time: 0.0221740 seconds
245.625: [GC245.625: [DefNew: 59305K->7231K(65472K), 0.0108370 secs] 182263K->133418K(210744K), 0.0108780 secs] [Times: user=0.01 sys=0.00, real=0.01 secs] 
245.636: Total time for which application threads were stopped: 0.0111110 seconds, Stopping threads took: 0.0001360 seconds
245.661: Application time: 0.0249410 seconds
245.661: [GC245.661: [DefNew: 65471K->7231K(65472K), 0.0243710 secs] 191658K->145466K(210744K), 0.0244160 secs] [Times: user=0.02 sys=0.00, real=0.03 secs] 
245.686: Total time for which application threads were stopped: 0.0246220 seconds, Stopping threads took: 0.0001070 seconds
245.715: Application time: 0.0289530 seconds
245.715: [GC245.715: [DefNew: 65471K->7231K(65472K), 0.0302390 secs]245.745: [Tenured: 152282K->78191K(152376K), 0.1202910 secs] 203706K->78191K(217848K), [Perm : 8873K->8873K(21248K)], 0.1508310 secs] [Times: user=0.15 sys=0.00, real=0.15 secs] 
245.866: Total time for which application threads were stopped: 0.1510340 seconds, Stopping threads took: 0.0001080 seconds
245.895: Application time: 0.0295160 seconds
245.896: [GC245.896: [DefNew: 58240K->7231K(65472K), 0.0181640 secs] 136431K->91740K(210744K), 0.0182080 secs] [Times: user=0.02 sys=0.00, real=0.02 secs] 
245.914: Total time for which application threads were stopped: 0.0185360 seconds, Stopping threads took: 0.0002200 seconds
245.944: Application time: 0.0301730 seconds
245.944: [GC245.944: [DefNew: 65471K->7231K(65472K), 0.0205770 secs] 149980K->99376K(210744K), 0.0206190 secs] [Times: user=0.02 sys=0.00, real=0.03 secs] 
245.965: Total time for which application threads were stopped: 0.0208370 seconds, Stopping threads took: 0.0001210 seconds
245.991: Application time: 0.0264910 seconds
245.992: [GC245.992: [DefNew: 65471K->7231K(65472K), 0.0161960 secs] 157616K->108366K(210744K), 0.0162430 secs] [Times: user=0.02 sys=0.00, real=0.02 secs] 
246.008: Total time for which application threads were stopped: 0.0164690 seconds, Stopping threads took: 0.0001110 seconds
246.036: Application time: 0.0276370 seconds
246.036: [GC246.036: [DefNew: 65471K->7232K(65472K), 0.0180900 secs] 166606K->115327K(210744K), 0.0181350 secs] [Times: user=0.02 sys=0.00, real=0.02 secs] 
246.054: Total time for which application threads were stopped: 0.0183970 seconds, Stopping threads took: 0.0001460 seconds
246.079: Application time: 0.0248470 seconds
246.079: [GC246.079: [DefNew: 65472K->2335K(65472K), 0.0081290 secs] 173567K->115616K(210744K), 0.0081720 secs] [Times: user=0.00 sys=0.00, real=0.01 secs] 
246.087: Total time for which application threads were stopped: 0.0083390 seconds, Stopping threads took: 0.0000670 seconds
246.110: Application time: 0.0230700 seconds
246.110: [GC246.110: [DefNew: 60575K->3258K(65472K), 0.0030960 secs] 173856K->116539K(210744K), 0.0031300 secs] [Times: user=0.00 sys=0.00, real=0.01 secs] 
246.114: Total time for which application threads were stopped: 0.0033460 seconds, Stopping threads took: 0.0001230 seconds
246.135: Application time: 0.0217080 seconds
246.136: [GC246.136: [DefNew: 61498K->5004K(65472K), 0.0056980 secs] 174779K->118285K(210744K), 0.0057380 secs] [Times: user=0.01 sys=0.00, real=0.00 secs] 
246.141: Total time for which application threads were stopped: 0.0060150 seconds, Stopping threads took: 0.0001600 seconds
246.162: Application time: 0.0206210 seconds
246.162: [GC246.162: [DefNew: 63244K->7232K(65472K), 0.0078760 secs] 176525K->122863K(210744K), 0.0079200 secs] [Times: user=0.00 sys=0.00, real=0.01 secs] 
246.170: Total time for which application threads were stopped: 0.0081720 seconds, Stopping threads took: 0.0001350 seconds
246.192: Application time: 0.0222980 seconds
246.193: [GC246.193: [DefNew: 65472K->7231K(65472K), 0.0177440 secs] 181103K->129340K(210744K), 0.0177890 secs] [Times: user=0.02 sys=0.00, real=0.01 secs] 
246.210: Total time for which application threads were stopped: 0.0180510 seconds, Stopping threads took: 0.0001620 seconds
246.233: Application time: 0.0227470 seconds
246.233: [GC246.233: [DefNew: 65471K->1698K(65472K), 0.0078790 secs] 187580K->130380K(210744K), 0.0079230 secs] [Times: user=0.01 sys=0.00, real=0.00 secs] 
246.241: Total time for which application threads were stopped: 0.0081460 seconds, Stopping threads took: 0.0001230 seconds
246.263: Application time: 0.0217240 seconds
246.263: [GC246.263: [DefNew: 59938K->7232K(65472K), 0.0088210 secs] 188620K->138154K(210744K), 0.0088630 secs] [Times: user=0.01 sys=0.00, real=0.01 secs] 
246.272: Total time for which application threads were stopped: 0.0090560 seconds, Stopping threads took: 0.0000960 seconds
246.295: Application time: 0.0228630 seconds
246.295: [GC246.295: [DefNew: 65472K->7232K(65472K), 0.0219750 secs] 196394K->147652K(210744K), 0.0220180 secs] [Times: user=0.03 sys=0.00, real=0.02 secs] 
246.317: Total time for which application threads were stopped: 0.0222420 seconds, Stopping threads took: 0.0001310 seconds
246.344: Application time: 0.0265520 seconds
246.344: [GC246.344: [DefNew: 65472K->7232K(65472K), 0.0250970 secs]246.369: [Tenured: 150813K->77974K(150840K), 0.1219320 secs] 205892K->77974K(216312K), [Perm : 8873K->8873K(21248K)], 0.1472980 secs] [Times: user=0.15 sys=0.00, real=0.15 secs] 
246.491: Total time for which application threads were stopped: 0.1475970 seconds, Stopping threads took: 0.0001870 seconds
246.520: Application time: 0.0281520 seconds
246.520: [GC246.520: [DefNew: 58240K->7231K(65472K), 0.0151630 secs] 136214K->90784K(210744K), 0.0152080 secs] [Times: user=0.02 sys=0.00, real=0.02 secs] 
246.535: Total time for which application threads were stopped: 0.0153930 seconds, Stopping threads took: 0.0000750 seconds
246.565: Application time: 0.0302280 seconds
246.565: [GC246.565: [DefNew: 65471K->7231K(65472K), 0.0199460 secs] 149024K->99483K(210744K), 0.0199900 secs] [Times: user=0.02 sys=0.00, real=0.02 secs] 
246.585: Total time for which application threads were stopped: 0.0202500 seconds, Stopping threads took: 0.0001450 seconds
246.614: Application time: 0.0283560 seconds
246.614: [GC246.614: [DefNew: 65471K->7232K(65472K), 0.0148520 secs] 157723K->103678K(210744K), 0.0148950 secs] [Times: user=0.02 sys=0.00, real=0.01 secs] 
246.629: Total time for which application threads were stopped: 0.0151390 seconds, Stopping threads took: 0.0001280 seconds
246.657: Application time: 0.0277550 seconds
246.657: [GC246.657: [DefNew: 65472K->7231K(65472K), 0.0195970 secs] 161918K->113390K(210744K), 0.0196420 secs] [Times: user=0.02 sys=0.00, real=0.02 secs] 
246.677: Total time for which application threads were stopped: 0.0199260 seconds, Stopping threads took: 0.0001840 seconds
246.703: Application time: 0.0268900 seconds
246.704: [GC246.704: [DefNew: 65471K->6458K(65472K), 0.0143770 secs] 171630K->118423K(210744K), 0.0144180 secs] [Times: user=0.02 sys=0.00, real=0.02 secs] 
246.718: Total time for which application threads were stopped: 0.0146190 seconds, Stopping threads took: 0.0000930 seconds
246.743: Application time: 0.0244050 seconds
246.743: [GC246.743: [DefNew: 64698K->1687K(65472K), 0.0069490 secs] 176663K->119651K(210744K), 0.0069900 secs] [Times: user=0.01 sys=0.00, real=0.01 secs] 
246.750: Total time for which application threads were stopped: 0.0072350 seconds, Stopping threads took: 0.0001460 seconds
246.773: Application time: 0.0234700 seconds
246.774: [GC246.774: [DefNew: 59927K->1332K(65472K), 0.0018670 secs] 177891K->119295K(210744K), 0.0018990 secs] [Times: user=0.01 sys=0.00, real=0.00 secs] 
246.775: Total time for which application threads were stopped: 0.0022500 seconds, Stopping threads took: 0.0002450 seconds
246.797: Application time: 0.0212800 seconds
246.797: [GC246.797: [DefNew: 59572K->3781K(65472K), 0.0040010 secs] 177535K->121744K(210744K), 0.0040350 secs] [Times: user=0.00 sys=0.00, real=0.00 secs] 
246.801: Total time for which application threads were stopped: 0.0042190 seconds, Stopping threads took: 0.0000960 seconds
246.822: Application time: 0.0213150 seconds
246.823: [GC246.823: [DefNew: 62021K->7231K(65472K), 0.0122900 secs] 179984K->129606K(210744K), 0.0123340 secs] [Times: user=0.01 sys=0.00, real=0.02 secs] 
246.835: Total time for which application threads were stopped: 0.0125930 seconds, Stopping threads took: 0.0001580 seconds
246.857: Application time: 0.0221220 seconds
246.857: [GC246.857: [DefNew: 65471K->4741K(65472K), 0.0130160 secs] 187846K->133232K(210744K), 0.0130590 secs] [Times: user=0.01 sys=0.00, real=0.01 secs] 
246.870: Total time for which application threads were stopped: 0.0132720 seconds, Stopping threads took: 0.0001160 seconds
246.893: Application time: 0.0225550 seconds
246.893: [GC246.893: [DefNew: 62981K->1743K(65472K), 0.0067290 secs] 191472K->134586K(210744K), 0.0067730 secs] [Times: user=0.01 sys=0.00, real=0.00 secs] 
246.900: Total time for which application threads were stopped: 0.0069550 seconds, Stopping threads took: 0.0000860 seconds
246.921: Application time: 0.0216790 seconds
246.922: [GC246.922: [DefNew: 59983K->7232K(65472K), 0.0086600 secs] 192826K->142247K(210744K), 0.0087030 secs] [Times: user=0.01 sys=0.00, real=0.01 secs] 
246.930: Total time for which application threads were stopped: 0.0089480 seconds, Stopping threads took: 0.0001470 seconds
246.954: Application time: 0.0235680 seconds
246.954: [GC246.954: [DefNew: 65472K->7231K(65472K), 0.0221590 secs]246.976: [Tenured: 147887K->75754K(147960K), 0.1130790 secs] 200487K->75754K(213432K), [Perm : 8873K->8873K(21248K)], 0.1354170 secs] [Times: user=0.14 sys=0.00, real=0.13 secs] 
247.090: Total time for which application threads were stopped: 0.1355720 seconds, Stopping threads took: 0.0000580 seconds
247.117: Application time: 0.0276740 seconds
247.117: [GC247.118: [DefNew: 58240K->7232K(65472K), 0.0162340 secs] 133994K->88613K(210744K), 0.0162810 secs] [Times: user=0.01 sys=0.00, real=0.02 secs] 
247.134: Total time for which application threads were stopped: 0.0165440 seconds, Stopping threads took: 0.0001360 seconds
247.163: Application time: 0.0287850 seconds
247.163: [GC247.163: [DefNew: 65472K->7232K(65472K), 0.0212180 secs] 146853K->99549K(210744K), 0.0212610 secs] [Times: user=0.03 sys=0.00, real=0.02 secs] 
247.184: Total time for which application threads were stopped: 0.0215620 seconds, Stopping threads took: 0.0001840 seconds
247.214: Application time: 0.0301630 seconds
247.215: [GC247.215: [DefNew: 65472K->7232K(65472K), 0.0202730 secs] 157789K->108465K(210744K), 0.0203200 secs] [Times: user=0.02 sys=0.00, real=0.02 secs] 
247.235: Total time for which application threads were stopped: 0.0206200 seconds, Stopping threads took: 0.0001840 seconds
247.262: Application time: 0.0269330 seconds
247.262: [GC247.262: [DefNew: 65472K->5899K(65472K), 0.0146930 secs] 166705K->113268K(210744K), 0.0147390 secs] [Times: user=0.02 sys=0.00, real=0.02 secs] 
247.277: Total time for which application threads were stopped: 0.0151280 seconds, Stopping threads took: 0.0002740 seconds
247.305: Application time: 0.0276400 seconds
247.305: [GC247.305: [DefNew: 64139K->7232K(65472K), 0.0145300 secs] 171508K->122326K(210744K), 0.0145840 secs] [Times: user=0.01 sys=0.00, real=0.01 secs] 
247.319: Total time for which application threads were stopped: 0.0148330 seconds, Stopping threads took: 0.0001400 seconds
247.346: Application time: 0.0263760 seconds
247.346: [GC247.346: [DefNew: 65472K->3704K(65472K), 0.0135180 secs] 180566K->124595K(210744K), 0.0135620 secs] [Times: user=0.02 sys=0.00, real=0.01 secs] 
247.360: Total time for which application threads were stopped: 0.0138260 seconds, Stopping threads took: 0.0001660 seconds
247.383: Application time: 0.0235220 seconds
247.385: [GC247.385: [DefNew: 61944K->1120K(65472K), 0.0044530 secs] 182835K->125192K(210744K), 0.0044890 secs] [Times: user=0.01 sys=0.00, real=0.00 secs] 
247.389: Total time for which application threads were stopped: 0.0059170 seconds, Stopping threads took: 0.0013350 seconds
247.412: Application time: 0.0227390 seconds
247.412: [GC247.412: [DefNew: 59360K->2756K(65472K), 0.0037030 secs] 183432K->126828K(210744K), 0.0037390 secs] [Times: user=0.00 sys=0.00, real=0.01 secs] 
247.416: Total time for which application threads were stopped: 0.0041010 seconds, Stopping threads took: 0.0002540 seconds
247.437: Application time: 0.0212580 seconds
247.437: [GC247.438: [DefNew: 60996K->6224K(65472K), 0.0045640 secs] 185068K->130296K(210744K), 0.0046080 secs] [Times: user=0.01 sys=0.00, real=0.00 secs] 
247.442: Total time for which application threads were stopped: 0.0048860 seconds, Stopping threads took: 0.0001720 seconds
247.464: Application time: 0.0220450 seconds
247.464: [GC247.464: [DefNew: 64464K->7231K(65472K), 0.0131330 secs] 188536K->137681K(210744K), 0.0131780 secs] [Times: user=0.01 sys=0.00, real=0.01 secs] 
247.478: Total time for which application threads were stopped: 0.0134950 seconds, Stopping threads took: 0.0002120 seconds
247.501: Application time: 0.0228420 seconds
247.501: [GC247.501: [DefNew: 65471K->2462K(65472K), 0.0108690 secs] 195921K->139403K(210744K), 0.0109130 secs] [Times: user=0.01 sys=0.00, real=0.01 secs] 
247.512: Total time for which application threads were stopped: 0.0112530 seconds, Stopping threads took: 0.0002210 seconds
247.534: Application time: 0.0221060 seconds
247.534: [GC247.534: [DefNew: 60702K->5890K(65472K), 0.0050660 secs] 197643K->142831K(210744K), 0.0051050 secs] [Times: user=0.00 sys=0.00, real=0.00 secs] 
247.539: Total time for which application threads were stopped: 0.0052450 seconds, Stopping threads took: 0.0000430 seconds
247.561: Application time: 0.0220410 seconds
247.561: [GC247.561: [DefNew: 64130K->7231K(65472K), 0.0162020 secs] 201071K->151625K(210744K), 0.0162440 secs] [Times: user=0.02 sys=0.00, real=0.02 secs] 
247.578: Total time for which application threads were stopped: 0.0165720 seconds, Stopping threads took: 0.0002310 seconds
247.603: Application time: 0.0255150 seconds
247.604: [GC247.604: [DefNew: 65471K->7232K(65472K), 0.0296930 secs]247.633: [Tenured: 156636K->81884K(156792K), 0.1248940 secs] 209865K->81884K(222264K), [Perm : 8873K->8873K(21248K)], 0.1550610 secs] [Times: user=0.16 sys=0.00, real=0.16 secs] 
247.759: Total time for which application threads were stopped: 0.1554120 seconds, Stopping threads took: 0.0002370 seconds
247.786: Application time: 0.0275390 seconds
247.787: [GC247.787: [DefNew: 58240K->7231K(65472K), 0.0164310 secs] 140124K->95426K(210744K), 0.0164760 secs] [Times: user=0.01 sys=0.00, real=0.01 secs] 
247.803: Total time for which application threads were stopped: 0.0168250 seconds, Stopping threads took: 0.0002200 seconds
247.832: Application time: 0.0293250 seconds
247.833: [GC247.833: [DefNew: 65471K->7232K(65472K), 0.0220470 secs] 153666K->106390K(210744K), 0.0220890 secs] [Times: user=0.02 sys=0.00, real=0.02 secs] 
247.855: Total time for which application threads were stopped: 0.0222620 seconds, Stopping threads took: 0.0000770 seconds
247.884: Application time: 0.0289240 seconds
247.884: [GC247.884: [DefNew: 65472K->7067K(65472K), 0.0150560 secs] 164630K->111767K(210744K), 0.0151110 secs] [Times: user=0.02 sys=0.00, real=0.02 secs] 
247.899: Total time for which application threads were stopped: 0.0153930 seconds, Stopping threads took: 0.0001870 seconds
247.927: Application time: 0.0277120 seconds
247.927: [GC247.927: [DefNew: 65307K->7232K(65472K), 0.0134890 secs] 170007K->118820K(210744K), 0.0135330 secs] [Times: user=0.01 sys=0.00, real=0.01 secs] 
247.940: Total time for which application threads were stopped: 0.0137170 seconds, Stopping threads took: 0.0000740 seconds
247.968: Application time: 0.0272630 seconds
247.968: [GC247.968: [DefNew: 65472K->7231K(65472K), 0.0186800 secs] 177060K->125563K(210744K), 0.0187230 secs] [Times: user=0.02 sys=0.00, real=0.02 secs] 
247.987: Total time for which application threads were stopped: 0.0189380 seconds, Stopping threads took: 0.0001200 seconds
248.012: Application time: 0.0255590 seconds
248.012: [GC248.012: [DefNew: 65471K->3139K(65472K), 0.0089560 secs] 183803K->126701K(210744K), 0.0090020 secs] [Times: user=0.01 sys=0.00, real=0.01 secs] 
248.021: Total time for which application threads were stopped: 0.0092590 seconds, Stopping threads took: 0.0001590 seconds
248.045: Application time: 0.0233140 seconds
248.045: [GC248.045: [DefNew: 61379K->3293K(65472K), 0.0035530 secs] 184941K->126855K(210744K), 0.0035900 secs] [Times: user=0.00 sys=0.00, real=0.00 secs] 
248.049: Total time for which application threads were stopped: 0.0038370 seconds, Stopping threads took: 0.0001550 seconds
248.071: Application time: 0.0225970 seconds
248.071: [GC248.071: [DefNew: 61533K->7232K(65472K), 0.0079170 secs] 185095K->131974K(210744K), 0.0079620 secs] [Times: user=0.00 sys=0.00, real=0.01 secs] 
248.079: Total time for which application threads were stopped: 0.0081600 seconds, Stopping threads took: 0.0001000 seconds
248.101: Application time: 0.0219480 seconds
248.102: [GC248.102: [DefNew: 65472K->4882K(65472K), 0.0135450 secs] 190214K->136081K(210744K), 0.0135910 secs] [Times: user=0.01 sys=0.00, real=0.02 secs] 
248.115: Total time for which application threads were stopped: 0.0138980 seconds, Stopping threads took: 0.0002070 seconds
248.137: Application time: 0.0222470 seconds
248.138: [GC248.138: [DefNew: 63122K->5364K(65472K), 0.0104910 secs] 194321K->141120K(210744K), 0.0105360 secs] [Times: user=0.01 sys=0.00, real=0.01 secs] 
248.148: Total time for which application threads were stopped: 0.0107680 seconds, Stopping threads took: 0.0001130 seconds
248.170: Application time: 0.0221100 seconds
248.171: [GC248.171: [DefNew: 63604K->3279K(65472K), 0.0083110 secs] 199360K->143716K(210744K), 0.0083550 secs] [Times: user=0.01 sys=0.00, real=0.01 secs] 
248.179: Total time for which application threads were stopped: 0.0086610 seconds, Stopping threads took: 0.0002090 seconds
248.201: Application time: 0.0217600 seconds
248.201: [GC248.201: [DefNew: 61519K->7232K(65472K), 0.0083680 secs] 201956K->148754K(210744K), 0.0084110 secs] [Times: user=0.01 sys=0.00, real=0.01 secs] 
248.209: Total time for which application threads were stopped: 0.0087130 seconds, Stopping threads took: 0.0001870 seconds
248.232: Application time: 0.0224870 seconds
248.232: [GC248.232: [DefNew: 65472K->7231K(65472K), 0.0197580 secs]248.252: [Tenured: 150852K->83888K(151032K), 0.1169770 secs] 206994K->83888K(216504K), [Perm : 8873K->8873K(21248K)], 0.1369920 secs] [Times: user=0.14 sys=0.00, real=0.14 secs] 
248.369: Total time for which application threads were stopped: 0.1372510 seconds, Stopping threads took: 0.0001660 seconds
248.395: Application time: 0.0253570 seconds
248.395: [GC248.395: [DefNew: 58240K->7231K(65472K), 0.0146430 secs] 142128K->95118K(210744K), 0.0146880 secs] [Times: user=0.01 sys=0.00, real=0.01 secs] 
248.409: Total time for which application threads were stopped: 0.0149090 seconds, Stopping threads took: 0.0001070 seconds
248.438: Application time: 0.0283500 seconds
248.438: [GC248.438: [DefNew: 65471K->7231K(65472K), 0.0252530 secs] 153358K->108231K(210744K), 0.0253000 secs] [Times: user=0.03 sys=0.00, real=0.02 secs] 
248.463: Total time for which application threads were stopped: 0.0255160 seconds, Stopping threads took: 0.0001080 seconds
248.492: Application time: 0.0287710 seconds
248.492: [GC248.492: [DefNew: 65471K->7232K(65472K), 0.0162480 secs] 166471K->116052K(210744K), 0.0162900 secs] [Times: user=0.01 sys=0.00, real=0.02 secs] 
248.509: Total time for which application threads were stopped: 0.0165900 seconds, Stopping threads took: 0.0001830 seconds
248.538: Application time: 0.0288280 seconds
248.538: [GC248.538: [DefNew: 65472K->7231K(65472K), 0.0151710 secs] 174292K->121028K(210744K), 0.0152150 secs] [Times: user=0.02 sys=0.00, real=0.02 secs] 
248.553: Total time for which application threads were stopped: 0.0154440 seconds, Stopping threads took: 0.0001290 seconds
248.580: Application time: 0.0272400 seconds
248.580: [GC248.580: [DefNew: 65471K->7231K(65472K), 0.0183480 secs] 179268K->128703K(210744K), 0.0183930 secs] [Times: user=0.02 sys=0.00, real=0.02 secs] 
248.599: Total time for which application threads were stopped: 0.0186040 seconds, Stopping threads took: 0.0001160 seconds
248.626: Application time: 0.0274840 seconds
248.626: [GC248.627: [DefNew: 65471K->6013K(65472K), 0.0148310 secs] 186943K->133906K(210744K), 0.0148720 secs] [Times: user=0.02 sys=0.00, real=0.01 secs] 
248.641: Total time for which application threads were stopped: 0.0150770 seconds, Stopping threads took: 0.0001080 seconds
248.666: Application time: 0.0241570 seconds
248.666: [GC248.666: [DefNew: 64253K->1250K(65472K), 0.0061300 secs] 192146K->134884K(210744K), 0.0061740 secs] [Times: user=0.01 sys=0.00, real=0.00 secs] 
248.672: Total time for which application threads were stopped: 0.0063350 seconds, Stopping threads took: 0.0000590 seconds
248.695: Application time: 0.0233250 seconds
248.695: [GC248.695: [DefNew: 59490K->1401K(65472K), 0.0021290 secs] 193124K->135035K(210744K), 0.0021640 secs] [Times: user=0.00 sys=0.00, real=0.00 secs] 
248.698: Total time for which application threads were stopped: 0.0024010 seconds, Stopping threads took: 0.0001510 seconds
248.720: Application time: 0.0220950 seconds
248.720: [GC248.720: [DefNew: 59641K->7232K(65472K), 0.0073830 secs] 193275K->141405K(210744K), 0.0074290 secs] [Times: user=0.01 sys=0.00, real=0.01 secs] 
248.727: Total time for which application threads were stopped: 0.0076730 seconds, Stopping threads took: 0.0001450 seconds
248.749: Application time: 0.0215920 seconds
248.753: [GC248.753: [DefNew: 65472K->5844K(65472K), 0.0141870 secs] 199645K->146643K(210744K), 0.0142280 secs] [Times: user=0.02 sys=0.00, real=0.01 secs] 
248.767: Total time for which application threads were stopped: 0.0180790 seconds, Stopping threads took: 0.0037360 seconds
248.789: Application time: 0.0221690 seconds
248.790: [GC248.790: [DefNew: 64084K->4636K(65472K), 0.0105530 secs]248.800: [Tenured: 145995K->76464K(146040K), 0.1184840 secs] 204883K->76464K(211512K), [Perm : 8873K->8873K(21248K)], 0.1291430 secs] [Times: user=0.13 sys=0.00, real=0.13 secs] 
248.919: Total time for which application threads were stopped: 0.1294560 seconds, Stopping threads took: 0.0001980 seconds
248.941: Application time: 0.0219690 seconds
248.941: [GC248.941: [DefNew: 58240K->3839K(65472K), 0.0047520 secs] 134704K->80304K(210744K), 0.0047940 secs] [Times: user=0.00 sys=0.00, real=0.01 secs] 
248.946: Total time for which application threads were stopped: 0.0051210 seconds, Stopping threads took: 0.0002160 seconds
248.968: Application time: 0.0219540 seconds
248.968: [GC248.968: [DefNew: 62079K->7232K(65472K), 0.0157410 secs] 138544K->89125K(210744K), 0.0157870 secs] [Times: user=0.01 sys=0.00, real=0.01 secs] 
248.984: Total time for which application threads were stopped: 0.0159940 seconds, Stopping threads took: 0.0000910 seconds
249.008: Application time: 0.0244400 seconds
249.008: [GC249.009: [DefNew: 65472K->7232K(65472K), 0.0214290 secs] 147365K->100217K(210744K), 0.0214750 secs] [Times: user=0.02 sys=0.00, real=0.02 secs] 
249.030: Total time for which application threads were stopped: 0.0218180 seconds, Stopping threads took: 0.0002190 seconds
249.056: Application time: 0.0259790 seconds
249.056: [GC249.056: [DefNew: 65472K->5265K(65472K), 0.0154430 secs] 158457K->104290K(210744K), 0.0154950 secs] [Times: user=0.01 sys=0.00, real=0.01 secs] 
249.072: Total time for which application threads were stopped: 0.0157500 seconds, Stopping threads took: 0.0001410 seconds
249.100: Application time: 0.0286040 seconds
249.101: [GC249.101: [DefNew: 63505K->7232K(65472K), 0.0223710 secs] 162530K->119358K(210744K), 0.0224170 secs] [Times: user=0.03 sys=0.00, real=0.02 secs] 
249.123: Total time for which application threads were stopped: 0.0227480 seconds, Stopping threads took: 0.0002330 seconds
249.153: Application time: 0.0294700 seconds
249.153: [GC249.153: [DefNew: 65472K->7232K(65472K), 0.0247040 secs] 177598K->127127K(210744K), 0.0247490 secs] [Times: user=0.03 sys=0.00, real=0.02 secs] 
249.178: Total time for which application threads were stopped: 0.0249640 seconds, Stopping threads took: 0.0001200 seconds
249.205: Application time: 0.0277940 seconds
249.206: [GC249.206: [DefNew: 65472K->7231K(65472K), 0.0168060 secs] 185367K->134465K(210744K), 0.0168490 secs] [Times: user=0.02 sys=0.00, real=0.01 secs] 
249.222: Total time for which application threads were stopped: 0.0170730 seconds, Stopping threads took: 0.0001260 seconds
249.250: Application time: 0.0272410 seconds
249.250: [GC249.250: [DefNew: 65471K->7231K(65472K), 0.0192560 secs] 192705K->142338K(210744K), 0.0193000 secs] [Times: user=0.02 sys=0.00, real=0.02 secs] 
249.269: Total time for which application threads were stopped: 0.0196260 seconds, Stopping threads took: 0.0002120 seconds
249.296: Application time: 0.0266190 seconds
249.296: [GC249.296: [DefNew: 65471K->4695K(65472K), 0.0141210 secs] 200578K->146436K(210744K), 0.0141670 secs] [Times: user=0.02 sys=0.00, real=0.01 secs] 
249.310: Total time for which application threads were stopped: 0.0144910 seconds, Stopping threads took: 0.0002150 seconds
249.334: Application time: 0.0232390 seconds
249.334: [GC249.334: [DefNew: 62935K->1219K(65472K), 0.0056600 secs]249.340: [Tenured: 145841K->83740K(145848K), 0.1279880 secs] 204676K->83740K(211320K), [Perm : 8873K->8873K(21248K)], 0.1337480 secs] [Times: user=0.14 sys=0.00, real=0.13 secs] 
249.468: Total time for which application threads were stopped: 0.1340230 seconds, Stopping threads took: 0.0001590 seconds
249.491: Application time: 0.0228810 seconds
249.491: [GC249.491: [DefNew: 58240K->6730K(65472K), 0.0067760 secs] 141980K->90470K(210744K), 0.0068190 secs] [Times: user=0.01 sys=0.00, real=0.01 secs] 
249.498: Total time for which application threads were stopped: 0.0072080 seconds, Stopping threads took: 0.0002600 seconds
249.520: Application time: 0.0223720 seconds
249.520: [GC249.520: [DefNew: 64970K->5028K(65472K), 0.0099070 secs] 148710K->92799K(210744K), 0.0099490 secs] [Times: user=0.01 sys=0.00, real=0.01 secs] 
249.530: Total time for which application threads were stopped: 0.0101660 seconds, Stopping threads took: 0.0001160 seconds
249.552: Application time: 0.0220610 seconds
249.553: [GC249.553: [DefNew: 63268K->4263K(65472K), 0.0077490 secs] 151039K->96877K(210744K), 0.0077940 secs] [Times: user=0.01 sys=0.00, real=0.00 secs] 
249.560: Total time for which application threads were stopped: 0.0079960 seconds, Stopping threads took: 0.0001020 seconds
249.583: Application time: 0.0221840 seconds
249.583: [GC249.583: [DefNew: 62503K->3909K(65472K), 0.0087700 secs] 155117K->99822K(210744K), 0.0088150 secs] [Times: user=0.01 sys=0.00, real=0.01 secs] 
249.592: Total time for which application threads were stopped: 0.0090130 seconds, Stopping threads took: 0.0001000 seconds
249.614: Application time: 0.0224830 seconds
249.614: [GC249.614: [DefNew: 62149K->7016K(65472K), 0.0104400 secs] 158062K->105708K(210744K), 0.0104840 secs] [Times: user=0.01 sys=0.00, real=0.01 secs] 
249.625: Total time for which application threads were stopped: 0.0107210 seconds, Stopping threads took: 0.0001390 seconds
249.647: Application time: 0.0223870 seconds
249.647: [GC249.647: [DefNew: 65256K->7231K(65472K), 0.0163710 secs] 163948K->113835K(210744K), 0.0164240 secs] [Times: user=0.02 sys=0.00, real=0.01 secs] 
249.664: Total time for which application threads were stopped: 0.0167260 seconds, Stopping threads took: 0.0001850 seconds
249.690: Application time: 0.0260060 seconds
249.690: [GC249.690: [DefNew: 65471K->7232K(65472K), 0.0166890 secs] 172075K->122807K(210744K), 0.0167340 secs] [Times: user=0.02 sys=0.00, real=0.02 secs] 
249.707: Total time for which application threads were stopped: 0.0169790 seconds, Stopping threads took: 0.0001390 seconds
249.733: Application time: 0.0265270 seconds
249.734: [GC249.734: [DefNew: 65472K->6745K(65472K), 0.0110510 secs] 181047K->127171K(210744K), 0.0110950 secs] [Times: user=0.01 sys=0.00, real=0.01 secs] 
249.745: Total time for which application threads were stopped: 0.0113080 seconds, Stopping threads took: 0.0001170 seconds
249.772: Application time: 0.0277020 seconds
249.773: [GC249.773: [DefNew: 64985K->7232K(65472K), 0.0231560 secs] 185411K->139144K(210744K), 0.0232020 secs] [Times: user=0.03 sys=0.00, real=0.02 secs] 
249.796: Total time for which application threads were stopped: 0.0233860 seconds, Stopping threads took: 0.0000890 seconds
249.825: Application time: 0.0291620 seconds
249.825: [GC249.825: [DefNew: 65472K->7124K(65472K), 0.0201710 secs] 197384K->145527K(210744K), 0.0202150 secs] [Times: user=0.02 sys=0.00, real=0.02 secs] 
249.846: Total time for which application threads were stopped: 0.0205530 seconds, Stopping threads took: 0.0002410 seconds
249.873: Application time: 0.0277210 seconds
249.873: [GC249.873: [DefNew: 65364K->7232K(65472K), 0.0144100 secs]249.888: [Tenured: 145479K->82954K(145656K), 0.1144540 secs] 203767K->82954K(211128K), [Perm : 8873K->8873K(21248K)], 0.1289550 secs] [Times: user=0.13 sys=0.00, real=0.12 secs] 
250.002: Total time for which application threads were stopped: 0.1291370 seconds, Stopping threads took: 0.0000860 seconds
250.029: Application time: 0.0264840 seconds
250.029: [GC250.029: [DefNew: 58240K->7231K(65472K), 0.0163640 secs] 141194K->94103K(210744K), 0.0164110 secs] [Times: user=0.02 sys=0.00, real=0.02 secs] 
250.045: Total time for which application threads were stopped: 0.0166230 seconds, Stopping threads took: 0.0000990 seconds
250.071: Application time: 0.0259100 seconds
250.072: [GC250.072: [DefNew: 65471K->4900K(65472K), 0.0140750 secs] 152343K->97176K(210744K), 0.0141190 secs] [Times: user=0.01 sys=0.00, real=0.02 secs] 
250.086: Total time for which application threads were stopped: 0.0143400 seconds, Stopping threads took: 0.0001230 seconds
250.109: Application time: 0.0233060 seconds
250.109: [GC250.109: [DefNew: 63140K->1722K(65472K), 0.0048090 secs] 155416K->97667K(210744K), 0.0048490 secs] [Times: user=0.00 sys=0.00, real=0.01 secs] 
250.114: Total time for which application threads were stopped: 0.0050240 seconds, Stopping threads took: 0.0000760 seconds
250.138: Application time: 0.0234920 seconds
250.138: [GC250.138: [DefNew: 59962K->7231K(65472K), 0.0088340 secs] 155907K->103688K(210744K), 0.0088760 secs] [Times: user=0.01 sys=0.00, real=0.01 secs] 
250.147: Total time for which application threads were stopped: 0.0092020 seconds, Stopping threads took: 0.0002090 seconds
250.169: Application time: 0.0225360 seconds
250.170: [GC250.170: [DefNew: 65471K->3838K(65472K), 0.0120410 secs] 161928K->106742K(210744K), 0.0120860 secs] [Times: user=0.01 sys=0.00, real=0.01 secs] 
250.182: Total time for which application threads were stopped: 0.0125070 seconds, Stopping threads took: 0.0003020 seconds
250.204: Application time: 0.0220170 seconds
250.204: [GC250.204: [DefNew: 62078K->6198K(65472K), 0.0088490 secs] 164982K->112665K(210744K), 0.0088940 secs] [Times: user=0.00 sys=0.00, real=0.02 secs] 
250.213: Total time for which application threads were stopped: 0.0091950 seconds, Stopping threads took: 0.0001820 seconds
250.236: Application time: 0.0225080 seconds
250.236: [GC250.236: [DefNew: 64438K->4125K(65472K), 0.0076750 secs] 170905K->114594K(210744K), 0.0077280 secs] [Times: user=0.01 sys=0.00, real=0.00 secs] 
250.244: Total time for which application threads were stopped: 0.0080790 seconds, Stopping threads took: 0.0002530 seconds
250.267: Application time: 0.0229110 seconds
250.267: [GC250.267: [DefNew: 62365K->7232K(65472K), 0.0147130 secs] 172834K->123625K(210744K), 0.0147570 secs] [Times: user=0.01 sys=0.00, real=0.01 secs] 
250.282: Total time for which application threads were stopped: 0.0150000 seconds, Stopping threads took: 0.0001460 seconds
250.306: Application time: 0.0243510 seconds
250.306: [GC250.306: [DefNew: 65472K->7232K(65472K), 0.0209090 secs] 181865K->133740K(210744K), 0.0209550 secs] [Times: user=0.02 sys=0.00, real=0.02 secs] 
250.327: Total time for which application threads were stopped: 0.0211620 seconds, Stopping threads took: 0.0001100 seconds
250.353: Application time: 0.0259750 seconds
250.353: [GC250.353: [DefNew: 65472K->6889K(65472K), 0.0164210 secs] 191980K->139813K(210744K), 0.0164680 secs] [Times: user=0.02 sys=0.00, real=0.01 secs] 
250.370: Total time for which application threads were stopped: 0.0166740 seconds, Stopping threads took: 0.0001110 seconds
250.396: Application time: 0.0259200 seconds
250.396: [GC250.396: [DefNew: 65129K->7231K(65472K), 0.0141460 secs] 198053K->147179K(210744K), 0.0141910 secs] [Times: user=0.01 sys=0.00, real=0.01 secs] 
250.410: Total time for which application threads were stopped: 0.0144090 seconds, Stopping threads took: 0.0001180 seconds
250.438: Application time: 0.0276830 seconds
250.438: [GC250.438: [DefNew: 65471K->7232K(65472K), 0.0292920 secs]250.467: [Tenured: 151578K->83395K(151608K), 0.1265370 secs] 205419K->83395K(217080K), [Perm : 8873K->8873K(21248K)], 0.1561150 secs] [Times: user=0.16 sys=0.00, real=0.16 secs] 
250.594: Total time for which application threads were stopped: 0.1563860 seconds, Stopping threads took: 0.0001770 seconds
250.623: Application time: 0.0291560 seconds
250.624: [GC250.624: [DefNew: 58240K->6739K(65472K), 0.0077380 secs] 141635K->90134K(210744K), 0.0077810 secs] [Times: user=0.01 sys=0.00, real=0.01 secs] 
250.631: Total time for which application threads were stopped: 0.0081310 seconds, Stopping threads took: 0.0002260 seconds
250.658: Application time: 0.0268310 seconds
250.661: [GC250.661: [DefNew: 64979K->7231K(65472K), 0.0138120 secs] 148374K->95973K(210744K), 0.0138570 secs] [Times: user=0.02 sys=0.00, real=0.02 secs] 
250.674: Total time for which application threads were stopped: 0.0162480 seconds, Stopping threads took: 0.0022920 seconds
250.700: Application time: 0.0257660 seconds
250.701: [GC250.701: [DefNew: 65471K->7231K(65472K), 0.0152600 secs] 154213K->102581K(210744K), 0.0153050 secs] [Times: user=0.01 sys=0.00, real=0.02 secs] 
250.716: Total time for which application threads were stopped: 0.0156490 seconds, Stopping threads took: 0.0002280 seconds
250.741: Application time: 0.0250630 seconds
250.741: [GC250.741: [DefNew: 65471K->4724K(65472K), 0.0098170 secs] 160821K->102701K(210744K), 0.0098600 secs] [Times: user=0.01 sys=0.00, real=0.01 secs] 
250.751: Total time for which application threads were stopped: 0.0101970 seconds, Stopping threads took: 0.0002190 seconds
250.775: Application time: 0.0240650 seconds
250.776: [GC250.776: [DefNew: 62964K->5625K(65472K), 0.0083690 secs] 160941K->107141K(210744K), 0.0084160 secs] [Times: user=0.01 sys=0.00, real=0.00 secs] 
250.784: Total time for which application threads were stopped: 0.0087970 seconds, Stopping threads took: 0.0002640 seconds
250.808: Application time: 0.0240810 seconds
250.808: [GC250.808: [DefNew: 63865K->4306K(65472K), 0.0096970 secs] 165381K->110457K(210744K), 0.0097410 secs] [Times: user=0.01 sys=0.00, real=0.01 secs] 
250.818: Total time for which application threads were stopped: 0.0099910 seconds, Stopping threads took: 0.0001540 seconds
250.840: Application time: 0.0223860 seconds
250.841: [GC250.841: [DefNew: 62546K->5351K(65472K), 0.0065690 secs] 168697K->113770K(210744K), 0.0066130 secs] [Times: user=0.01 sys=0.00, real=0.01 secs] 
250.847: Total time for which application threads were stopped: 0.0068380 seconds, Stopping threads took: 0.0001050 seconds
250.870: Application time: 0.0224620 seconds
250.870: [GC250.870: [DefNew: 63591K->4735K(65472K), 0.0105520 secs] 172010K->116975K(210744K), 0.0105970 secs] [Times: user=0.01 sys=0.00, real=0.01 secs] 
250.881: Total time for which application threads were stopped: 0.0108100 seconds, Stopping threads took: 0.0001140 seconds
250.904: Application time: 0.0236580 seconds
250.904: [GC250.904: [DefNew: 62975K->7111K(65472K), 0.0109710 secs] 175215K->122768K(210744K), 0.0110160 secs] [Times: user=0.01 sys=0.00, real=0.01 secs] 
250.916: Total time for which application threads were stopped: 0.0112350 seconds, Stopping threads took: 0.0001170 seconds
250.939: Application time: 0.0229950 seconds
250.939: [GC250.939: [DefNew: 65351K->7231K(65472K), 0.0160240 secs] 181008K->130096K(210744K), 0.0160670 secs] [Times: user=0.02 sys=0.00, real=0.02 secs] 
250.955: Total time for which application threads were stopped: 0.0163210 seconds, Stopping threads took: 0.0001380 seconds
250.979: Application time: 0.0246640 seconds
250.981: [GC250.981: [DefNew: 65471K->7231K(65472K), 0.0184350 secs] 188336K->138840K(210744K), 0.0184770 secs] [Times: user=0.02 sys=0.00, real=0.02 secs] 
250.999: Total time for which application threads were stopped: 0.0196710 seconds, Stopping threads took: 0.0010780 seconds
251.025: Application time: 0.0262610 seconds
251.026: [GC251.026: [DefNew: 65471K->5900K(65472K), 0.0141750 secs] 197080K->143970K(210744K), 0.0142200 secs] [Times: user=0.01 sys=0.00, real=0.01 secs] 
251.040: Total time for which application threads were stopped: 0.0145600 seconds, Stopping threads took: 0.0002230 seconds
251.066: Application time: 0.0255720 seconds
251.066: [GC251.066: [DefNew: 64140K->7231K(65472K), 0.0156560 secs]251.082: [Tenured: 146081K->77821K(146232K), 0.1234170 secs] 202210K->77821K(211704K), [Perm : 8873K->8873K(21248K)], 0.1391870 secs] [Times: user=0.14 sys=0.00, real=0.14 secs] 
251.205: Total time for which application threads were stopped: 0.1394950 seconds, Stopping threads took: 0.0002100 seconds
251.232: Application time: 0.0271910 seconds
251.233: [GC251.233: [DefNew: 58240K->7232K(65472K), 0.0139430 secs] 136061K->88583K(210744K), 0.0139860 secs] [Times: user=0.02 sys=0.00, real=0.01 secs] 
251.247: Total time for which application threads were stopped: 0.0142550 seconds, Stopping threads took: 0.0001530 seconds
251.274: Application time: 0.0276040 seconds
251.275: [GC251.275: [DefNew: 65472K->4589K(65472K), 0.0143890 secs] 146823K->92809K(210744K), 0.0144320 secs] [Times: user=0.01 sys=0.00, real=0.01 secs] 
251.289: Total time for which application threads were stopped: 0.0148710 seconds, Stopping threads took: 0.0003250 seconds
251.316: Application time: 0.0266890 seconds
251.316: [GC251.316: [DefNew: 62829K->6657K(65472K), 0.0111180 secs] 151049K->98072K(210744K), 0.0111620 secs] [Times: user=0.01 sys=0.00, real=0.01 secs] 
251.327: Total time for which application threads were stopped: 0.0114160 seconds, Stopping threads took: 0.0001550 seconds
251.353: Application time: 0.0257350 seconds
251.353: [GC251.353: [DefNew: 64897K->6032K(65472K), 0.0128880 secs] 156312K->102980K(210744K), 0.0129340 secs] [Times: user=0.02 sys=0.00, real=0.01 secs] 
251.366: Total time for which application threads were stopped: 0.0131290 seconds, Stopping threads took: 0.0000950 seconds
251.391: Application time: 0.0245320 seconds
251.391: [GC251.391: [DefNew: 64272K->7232K(65472K), 0.0107850 secs] 161220K->106568K(210744K), 0.0108280 secs] [Times: user=0.01 sys=0.00, real=0.01 secs] 
251.402: Total time for which application threads were stopped: 0.0110130 seconds, Stopping threads took: 0.0000870 seconds
251.425: Application time: 0.0238280 seconds
251.426: [GC251.426: [DefNew: 65472K->6328K(65472K), 0.0128690 secs] 164808K->111079K(210744K), 0.0129150 secs] [Times: user=0.02 sys=0.00, real=0.01 secs] 
251.438: Total time for which application threads were stopped: 0.0131080 seconds, Stopping threads took: 0.0000980 seconds
251.462: Application time: 0.0240100 seconds
251.463: [GC251.463: [DefNew: 64568K->2475K(65472K), 0.0070030 secs] 169319K->111323K(210744K), 0.0070540 secs] [Times: user=0.00 sys=0.00, real=0.01 secs] 
251.470: Total time for which application threads were stopped: 0.0072860 seconds, Stopping threads took: 0.0001140 seconds
251.492: Application time: 0.0220220 seconds
251.492: [GC251.492: [DefNew: 60715K->7232K(65472K), 0.0079310 secs] 169563K->116481K(210744K), 0.0079760 secs] [Times: user=0.01 sys=0.00, real=0.01 secs] 
251.500: Total time for which application threads were stopped: 0.0083070 seconds, Stopping threads took: 0.0002170 seconds
251.522: Application time: 0.0221380 seconds
251.523: [GC251.523: [DefNew: 65472K->6197K(65472K), 0.0123360 secs] 174721K->121063K(210744K), 0.0123790 secs] [Times: user=0.01 sys=0.00, real=0.02 secs] 
251.535: Total time for which application threads were stopped: 0.0126790 seconds, Stopping threads took: 0.0002020 seconds
251.559: Application time: 0.0239860 seconds
251.559: [GC251.559: [DefNew: 64437K->7232K(65472K), 0.0115150 secs] 179303K->128070K(210744K), 0.0115590 secs] [Times: user=0.01 sys=0.00, real=0.01 secs] 
251.571: Total time for which application threads were stopped: 0.0117410 seconds, Stopping threads took: 0.0000820 seconds
251.595: Application time: 0.0240770 seconds
251.595: [GC251.595: [DefNew: 65472K->7232K(65472K), 0.0149360 secs] 186310K->134292K(210744K), 0.0149760 secs] [Times: user=0.02 sys=0.00, real=0.01 secs] 
251.610: Total time for which application threads were stopped: 0.0152220 seconds, Stopping threads took: 0.0001500 seconds
251.636: Application time: 0.0257270 seconds
251.636: [GC251.636: [DefNew: 65472K->7231K(65472K), 0.0154770 secs] 192532K->141047K(210744K), 0.0155230 secs] [Times: user=0.02 sys=0.00, real=0.01 secs] 
251.651: Total time for which application threads were stopped: 0.0157140 seconds, Stopping threads took: 0.0000960 seconds
251.677: Application time: 0.0251740 seconds
251.677: [GC251.677: [DefNew: 65471K->5711K(65472K), 0.0118970 secs] 199287K->144123K(210744K), 0.0119410 secs] [Times: user=0.01 sys=0.00, real=0.01 secs] 
251.689: Total time for which application threads were stopped: 0.0122100 seconds, Stopping threads took: 0.0001510 seconds
251.714: Application time: 0.0251850 seconds
251.714: [GC251.714: [DefNew: 63951K->7231K(65472K), 0.0161200 secs]251.730: [Tenured: 147214K->78612K(147384K), 0.1176440 secs] 202363K->78612K(212856K), [Perm : 8873K->8873K(21248K)], 0.1339210 secs] [Times: user=0.14 sys=0.00, real=0.13 secs] 
251.848: Total time for which application threads were stopped: 0.1341600 seconds, Stopping threads took: 0.0001330 seconds
251.876: Application time: 0.0278260 seconds
251.876: [GC251.876: [DefNew: 58240K->7231K(65472K), 0.0148620 secs] 136852K->89983K(210744K), 0.0149060 secs] [Times: user=0.01 sys=0.00, real=0.01 secs] 
251.891: Total time for which application threads were stopped: 0.0150940 seconds, Stopping threads took: 0.0000780 seconds
251.918: Application time: 0.0270310 seconds
251.918: [GC251.918: [DefNew: 65471K->7211K(65472K), 0.0158170 secs] 148223K->95918K(210744K), 0.0158610 secs] [Times: user=0.01 sys=0.00, real=0.02 secs] 
251.934: Total time for which application threads were stopped: 0.0161250 seconds, Stopping threads took: 0.0001480 seconds
251.960: Application time: 0.0258100 seconds
251.960: [GC251.960: [DefNew: 65451K->6736K(65472K), 0.0137780 secs] 154158K->100379K(210744K), 0.0138200 secs] [Times: user=0.01 sys=0.00, real=0.02 secs] 
251.974: Total time for which application threads were stopped: 0.0142290 seconds, Stopping threads took: 0.0002920 seconds
251.999: Application time: 0.0252300 seconds
252.000: [GC252.000: [DefNew: 64976K->4015K(65472K), 0.0082610 secs] 158619K->101797K(210744K), 0.0083050 secs] [Times: user=0.00 sys=0.00, real=0.01 secs] 
252.008: Total time for which application threads were stopped: 0.0085170 seconds, Stopping threads took: 0.0001130 seconds
252.033: Application time: 0.0247080 seconds
252.033: [GC252.033: [DefNew: 62255K->7232K(65472K), 0.0128580 secs] 160037K->108446K(210744K), 0.0129110 secs] [Times: user=0.02 sys=0.00, real=0.01 secs] 
252.046: Total time for which application threads were stopped: 0.0132240 seconds, Stopping threads took: 0.0002130 seconds
252.070: Application time: 0.0237360 seconds
252.070: [GC252.070: [DefNew: 65434K->3840K(65472K), 0.0118650 secs] 166648K->111628K(210744K), 0.0119080 secs] [Times: user=0.01 sys=0.00, real=0.01 secs] 
252.082: Total time for which application threads were stopped: 0.0123640 seconds, Stopping threads took: 0.0003390 seconds
252.105: Application time: 0.0230410 seconds
252.105: [GC252.105: [DefNew: 62080K->3665K(65472K), 0.0063300 secs] 169868K->113610K(210744K), 0.0063720 secs] [Times: user=0.01 sys=0.00, real=0.00 secs] 
252.112: Total time for which application threads were stopped: 0.0066150 seconds, Stopping threads took: 0.0001250 seconds
252.134: Application time: 0.0223020 seconds
252.134: [GC252.134: [DefNew: 61905K->5743K(65472K), 0.0081280 secs] 171850K->118028K(210744K), 0.0081740 secs] [Times: user=0.00 sys=0.00, real=0.00 secs] 
252.143: Total time for which application threads were stopped: 0.0085240 seconds, Stopping threads took: 0.0002510 seconds
252.165: Application time: 0.0226850 seconds
252.166: [GC252.166: [DefNew: 63983K->6160K(65472K), 0.0101130 secs] 176268K->123503K(210744K), 0.0101560 secs] [Times: user=0.01 sys=0.00, real=0.01 secs] 
252.176: Total time for which application threads were stopped: 0.0104830 seconds, Stopping threads took: 0.0002110 seconds
252.199: Application time: 0.0235480 seconds
252.199: [GC252.199: [DefNew: 64400K->7231K(65472K), 0.0134420 secs] 181743K->130995K(210744K), 0.0134860 secs] [Times: user=0.02 sys=0.00, real=0.02 secs] 
252.213: Total time for which application threads were stopped: 0.0136600 seconds, Stopping threads took: 0.0000750 seconds
252.238: Application time: 0.0247370 seconds
252.238: [GC252.238: [DefNew: 65471K->7231K(65472K), 0.0143020 secs] 189235K->137713K(210744K), 0.0143470 secs] [Times: user=0.01 sys=0.00, real=0.01 secs] 
252.252: Total time for which application threads were stopped: 0.0145560 seconds, Stopping threads took: 0.0001100 seconds
252.278: Application time: 0.0254520 seconds
252.278: [GC252.278: [DefNew: 65471K->7232K(65472K), 0.0152230 secs] 195953K->144257K(210744K), 0.0152650 secs] [Times: user=0.02 sys=0.00, real=0.02 secs] 
252.293: Total time for which application threads were stopped: 0.0154980 seconds, Stopping threads took: 0.0001360 seconds
252.318: Application time: 0.0248530 seconds
252.318: [GC252.318: [DefNew: 65472K->7232K(65472K), 0.0115710 secs] 202497K->147774K(210744K), 0.0116150 secs] [Times: user=0.01 sys=0.00, real=0.01 secs] 
252.330: Total time for which application threads were stopped: 0.0119060 seconds, Stopping threads took: 0.0001930 seconds
252.356: Application time: 0.0257950 seconds
252.357: [GC252.357: [DefNew: 65472K->7232K(65472K), 0.0247080 secs]252.382: [Tenured: 152411K->80268K(152568K), 0.1229300 secs] 206014K->80268K(218040K), [Perm : 8873K->8873K(21248K)], 0.1479940 secs] [Times: user=0.14 sys=0.00, real=0.15 secs] 
252.505: Total time for which application threads were stopped: 0.1491180 seconds, Stopping threads took: 0.0010110 seconds
252.532: Application time: 0.0267410 seconds
252.532: [GC252.532: [DefNew: 58240K->7231K(65472K), 0.0112610 secs] 138508K->88512K(210744K), 0.0113050 secs] [Times: user=0.02 sys=0.00, real=0.01 secs] 
252.543: Total time for which application threads were stopped: 0.0115930 seconds, Stopping threads took: 0.0001750 seconds
252.570: Application time: 0.0266990 seconds
252.570: [GC252.570: [DefNew: 65471K->7231K(65472K), 0.0161750 secs] 146752K->96379K(210744K), 0.0162190 secs] [Times: user=0.02 sys=0.00, real=0.02 secs] 
252.586: Total time for which application threads were stopped: 0.0164630 seconds, Stopping threads took: 0.0001270 seconds
252.612: Application time: 0.0259410 seconds
252.612: [GC252.613: [DefNew: 65471K->5762K(65472K), 0.0139710 secs] 154619K->100733K(210744K), 0.0140150 secs] [Times: user=0.02 sys=0.00, real=0.01 secs] 
252.627: Total time for which application threads were stopped: 0.0142470 seconds, Stopping threads took: 0.0001180 seconds
252.652: Application time: 0.0250180 seconds
252.652: [GC252.652: [DefNew: 64002K->7232K(65472K), 0.0117350 secs] 158973K->107347K(210744K), 0.0117790 secs] [Times: user=0.01 sys=0.00, real=0.01 secs] 
252.664: Total time for which application threads were stopped: 0.0119790 seconds, Stopping threads took: 0.0001010 seconds
252.688: Application time: 0.0245280 seconds
252.688: [GC252.688: [DefNew: 65472K->5849K(65472K), 0.0125610 secs] 165587K->112302K(210744K), 0.0126030 secs] [Times: user=0.00 sys=0.00, real=0.01 secs] 
252.701: Total time for which application threads were stopped: 0.0128090 seconds, Stopping threads took: 0.0001080 seconds
252.725: Application time: 0.0243150 seconds
252.726: [GC252.726: [DefNew: 64089K->2695K(65472K), 0.0081050 secs] 170542K->114644K(210744K), 0.0081480 secs] [Times: user=0.01 sys=0.00, real=0.01 secs] 
252.734: Total time for which application threads were stopped: 0.0085250 seconds, Stopping threads took: 0.0002590 seconds
252.757: Application time: 0.0229510 seconds
252.757: [GC252.757: [DefNew: 60935K->6760K(65472K), 0.0069800 secs] 172884K->118708K(210744K), 0.0070200 secs] [Times: user=0.01 sys=0.00, real=0.00 secs] 
252.764: Total time for which application threads were stopped: 0.0072480 seconds, Stopping threads took: 0.0001320 seconds
252.786: Application time: 0.0222990 seconds
252.786: [GC252.786: [DefNew: 65000K->6358K(65472K), 0.0116060 secs] 176948K->123173K(210744K), 0.0116520 secs] [Times: user=0.01 sys=0.00, real=0.01 secs] 
252.798: Total time for which application threads were stopped: 0.0118850 seconds, Stopping threads took: 0.0001350 seconds
252.822: Application time: 0.0239920 seconds
252.822: [GC252.822: [DefNew: 64598K->6896K(65472K), 0.0107270 secs] 181413K->127517K(210744K), 0.0107700 secs] [Times: user=0.01 sys=0.00, real=0.02 secs] 
252.833: Total time for which application threads were stopped: 0.0110590 seconds, Stopping threads took: 0.0001730 seconds
252.857: Application time: 0.0236000 seconds
252.857: [GC252.857: [DefNew: 65136K->7232K(65472K), 0.0146460 secs] 185757K->134815K(210744K), 0.0146920 secs] [Times: user=0.01 sys=0.00, real=0.01 secs] 
252.872: Total time for which application threads were stopped: 0.0149400 seconds, Stopping threads took: 0.0001310 seconds
252.897: Application time: 0.0252680 seconds
252.897: [GC252.897: [DefNew: 65472K->7231K(65472K), 0.0174340 secs] 193055K->143245K(210744K), 0.0174810 secs] [Times: user=0.02 sys=0.00, real=0.02 secs] 
252.915: Total time for which application threads were stopped: 0.0177780 seconds, Stopping threads took: 0.0001910 seconds
252.940: Application time: 0.0248520 seconds
252.940: [GC252.940: [DefNew: 65471K->5385K(65472K), 0.0116730 secs] 201485K->147652K(210744K), 0.0117160 secs] [Times: user=0.01 sys=0.00, real=0.01 secs] 
252.952: Total time for which application threads were stopped: 0.0119390 seconds, Stopping threads took: 0.0001230 seconds
252.976: Application time: 0.0245670 seconds
252.976: [GC252.976: [DefNew: 63625K->7232K(65472K), 0.0113070 secs]252.988: [Tenured: 147272K->80946K(147384K), 0.1125690 secs] 205892K->80946K(212856K), [Perm : 8873K->8873K(21248K)], 0.1240340 secs] [Times: user=0.12 sys=0.00, real=0.12 secs] 
253.100: Total time for which application threads were stopped: 0.1242350 seconds, Stopping threads took: 0.0001050 seconds
253.127: Application time: 0.0267240 seconds
253.129: [GC253.129: [DefNew: 58240K->7232K(65472K), 0.0161200 secs] 139186K->93994K(210744K), 0.0161650 secs] [Times: user=0.01 sys=0.00, real=0.02 secs] 
253.145: Total time for which application threads were stopped: 0.0176850 seconds, Stopping threads took: 0.0014120 seconds
253.171: Application time: 0.0264100 seconds
253.171: [GC253.171: [DefNew: 65472K->5688K(65472K), 0.0141320 secs] 152234K->98949K(210744K), 0.0141740 secs] [Times: user=0.02 sys=0.00, real=0.02 secs] 
253.186: Total time for which application threads were stopped: 0.0143280 seconds, Stopping threads took: 0.0000560 seconds
253.213: Application time: 0.0274780 seconds
253.213: [GC253.213: [DefNew: 63928K->7232K(65472K), 0.0124030 secs] 157189K->105466K(210744K), 0.0124550 secs] [Times: user=0.01 sys=0.00, real=0.01 secs] 
253.226: Total time for which application threads were stopped: 0.0127030 seconds, Stopping threads took: 0.0001240 seconds
253.252: Application time: 0.0260460 seconds
253.252: [GC253.252: [DefNew: 65472K->6410K(65472K), 0.0116630 secs] 163706K->109715K(210744K), 0.0117080 secs] [Times: user=0.01 sys=0.00, real=0.01 secs] 
253.264: Total time for which application threads were stopped: 0.0119560 seconds, Stopping threads took: 0.0001310 seconds
253.289: Application time: 0.0255660 seconds
253.289: [GC253.290: [DefNew: 64650K->7232K(65472K), 0.0154400 secs] 167955K->115422K(210744K), 0.0154840 secs] [Times: user=0.02 sys=0.00, real=0.02 secs] 
253.305: Total time for which application threads were stopped: 0.0157180 seconds, Stopping threads took: 0.0001390 seconds
253.330: Application time: 0.0252610 seconds
253.330: [GC253.330: [DefNew: 65472K->4062K(65472K), 0.0106570 secs] 173662K->118251K(210744K), 0.0107030 secs] [Times: user=0.01 sys=0.00, real=0.01 secs] 
253.341: Total time for which application threads were stopped: 0.0109200 seconds, Stopping threads took: 0.0001190 seconds
253.364: Application time: 0.0232950 seconds
253.365: [GC253.365: [DefNew: 62302K->2791K(65472K), 0.0061120 secs] 176491K->119037K(210744K), 0.0061510 secs] [Times: user=0.01 sys=0.00, real=0.00 secs] 
253.371: Total time for which application threads were stopped: 0.0064210 seconds, Stopping threads took: 0.0001580 seconds
253.394: Application time: 0.0227190 seconds
253.394: [GC253.394: [DefNew: 61031K->7231K(65472K), 0.0112180 secs] 177277K->125593K(210744K), 0.0112620 secs] [Times: user=0.01 sys=0.00, real=0.01 secs] 
253.405: Total time for which application threads were stopped: 0.0115770 seconds, Stopping threads took: 0.0002190 seconds
253.428: Application time: 0.0227200 seconds
253.428: [GC253.428: [DefNew: 65471K->3556K(65472K), 0.0099770 secs] 183833K->128409K(210744K), 0.0100210 secs] [Times: user=0.01 sys=0.00, real=0.01 secs] 
253.438: Total time for which application threads were stopped: 0.0102490 seconds, Stopping threads took: 0.0001300 seconds
253.462: Application time: 0.0233270 seconds
253.462: [GC253.462: [DefNew: 61796K->7231K(65472K), 0.0137170 secs] 186649K->137117K(210744K), 0.0137630 secs] [Times: user=0.01 sys=0.00, real=0.02 secs] 
253.476: Total time for which application threads were stopped: 0.0140020 seconds, Stopping threads took: 0.0001400 seconds
253.499: Application time: 0.0236300 seconds
253.499: [GC253.499: [DefNew: 65471K->7098K(65472K), 0.0161590 secs] 195357K->143140K(210744K), 0.0162040 secs] [Times: user=0.02 sys=0.00, real=0.02 secs] 
253.516: Total time for which application threads were stopped: 0.0164940 seconds, Stopping threads took: 0.0001760 seconds
253.541: Application time: 0.0252370 seconds
253.541: [GC253.541: [DefNew: 65338K->7231K(65472K), 0.0154780 secs] 201380K->150514K(210744K), 0.0155210 secs] [Times: user=0.02 sys=0.00, real=0.02 secs] 
253.557: Total time for which application threads were stopped: 0.0158460 seconds, Stopping threads took: 0.0002110 seconds
253.581: Application time: 0.0245990 seconds
253.582: [GC253.582: [DefNew: 65471K->5785K(65472K), 0.0113460 secs]253.593: [Tenured: 147575K->76680K(147576K), 0.1167700 secs] 208754K->76680K(213048K), [Perm : 8873K->8873K(21248K)], 0.1282970 secs] [Times: user=0.13 sys=0.00, real=0.13 secs] 
253.711: Total time for which application threads were stopped: 0.1298990 seconds, Stopping threads took: 0.0000950 seconds
253.737: Application time: 0.0253900 seconds
253.737: [GC253.737: [DefNew: 58240K->7232K(65472K), 0.0140820 secs] 134920K->87848K(210744K), 0.0141260 secs] [Times: user=0.02 sys=0.00, real=0.01 secs] 
253.751: Total time for which application threads were stopped: 0.0144310 seconds, Stopping threads took: 0.0001760 seconds
253.778: Application time: 0.0265890 seconds
253.778: [GC253.778: [DefNew: 65472K->7231K(65472K), 0.0202010 secs] 146088K->97888K(210744K), 0.0202540 secs] [Times: user=0.02 sys=0.00, real=0.02 secs] 
253.798: Total time for which application threads were stopped: 0.0204650 seconds, Stopping threads took: 0.0001150 seconds
253.824: Application time: 0.0257950 seconds
253.824: [GC253.824: [DefNew: 65471K->7231K(65472K), 0.0140540 secs] 156128K->105575K(210744K), 0.0140970 secs] [Times: user=0.02 sys=0.00, real=0.02 secs] 
253.838: Total time for which application threads were stopped: 0.0143060 seconds, Stopping threads took: 0.0001110 seconds
253.865: Application time: 0.0264980 seconds
253.865: [GC253.865: [DefNew: 65471K->6998K(65472K), 0.0129130 secs] 163815K->110515K(210744K), 0.0129520 secs] [Times: user=0.01 sys=0.00, real=0.01 secs] 
253.878: Total time for which application threads were stopped: 0.0131520 seconds, Stopping threads took: 0.0001020 seconds
253.904: Application time: 0.0264010 seconds
253.904: [GC253.904: [DefNew: 65238K->7231K(65472K), 0.0130590 secs] 168755K->117093K(210744K), 0.0131040 secs] [Times: user=0.01 sys=0.00, real=0.01 secs] 
253.918: Total time for which application threads were stopped: 0.0133150 seconds, Stopping threads took: 0.0000860 seconds
253.943: Application time: 0.0257560 seconds
253.944: [GC253.944: [DefNew: 65471K->4793K(65472K), 0.0131750 secs] 175333K->121189K(210744K), 0.0132190 secs] [Times: user=0.01 sys=0.00, real=0.02 secs] 
253.957: Total time for which application threads were stopped: 0.0134870 seconds, Stopping threads took: 0.0001730 seconds
253.981: Application time: 0.0240620 seconds
253.981: [GC253.981: [DefNew: 63033K->4518K(65472K), 0.0081450 secs] 179429K->124799K(210744K), 0.0081910 secs] [Times: user=0.01 sys=0.00, real=0.01 secs] 
253.989: Total time for which application threads were stopped: 0.0085120 seconds, Stopping threads took: 0.0002130 seconds
254.013: Application time: 0.0232060 seconds
254.017: [GC254.017: [DefNew: 62758K->5995K(65472K), 0.0058030 secs] 183039K->127176K(210744K), 0.0058500 secs] [Times: user=0.00 sys=0.00, real=0.00 secs] 
254.023: Total time for which application threads were stopped: 0.0100330 seconds, Stopping threads took: 0.0040640 seconds
254.045: Application time: 0.0227400 seconds
254.046: [GC254.046: [DefNew: 64235K->6636K(65472K), 0.0119410 secs] 185416K->132302K(210744K), 0.0119850 secs] [Times: user=0.01 sys=0.00, real=0.01 secs] 
254.058: Total time for which application threads were stopped: 0.0123860 seconds, Stopping threads took: 0.0002850 seconds
254.081: Application time: 0.0229420 seconds
254.081: [GC254.081: [DefNew: 64876K->5543K(65472K), 0.0089010 secs] 190542K->135507K(210744K), 0.0089440 secs] [Times: user=0.01 sys=0.00, real=0.01 secs] 
254.090: Total time for which application threads were stopped: 0.0092330 seconds, Stopping threads took: 0.0001910 seconds
254.113: Application time: 0.0232870 seconds
254.114: [GC254.114: [DefNew: 63783K->7232K(65472K), 0.0135960 secs] 193747K->142706K(210744K), 0.0136400 secs] [Times: user=0.01 sys=0.00, real=0.01 secs] 
254.127: Total time for which application threads were stopped: 0.0139180 seconds, Stopping threads took: 0.0001790 seconds
254.151: Application time: 0.0237270 seconds
254.151: [GC254.151: [DefNew: 65472K->7232K(65472K), 0.0117280 secs] 200946K->148199K(210744K), 0.0117710 secs] [Times: user=0.01 sys=0.00, real=0.01 secs] 
254.163: Total time for which application threads were stopped: 0.0119480 seconds, Stopping threads took: 0.0000800 seconds
254.187: Application time: 0.0243530 seconds
254.187: [GC254.187: [DefNew: 65472K->7152K(65472K), 0.0139990 secs]254.201: [Tenured: 146398K->83119K(146424K), 0.1268570 secs] 206439K->83119K(211896K), [Perm : 8873K->8873K(21248K)], 0.1409820 secs] [Times: user=0.14 sys=0.00, real=0.14 secs] 
254.328: Total time for which application threads were stopped: 0.1412000 seconds, Stopping threads took: 0.0001250 seconds
254.353: Application time: 0.0247890 seconds
254.353: [GC254.353: [DefNew: 58240K->7231K(65472K), 0.0093230 secs] 141359K->91565K(210744K), 0.0093750 secs] [Times: user=0.01 sys=0.00, real=0.00 secs] 
254.363: Total time for which application threads were stopped: 0.0096000 seconds, Stopping threads took: 0.0001180 seconds
254.388: Application time: 0.0250060 seconds
254.388: [GC254.388: [DefNew: 65471K->7231K(65472K), 0.0218700 secs] 149805K->100031K(210744K), 0.0219140 secs] [Times: user=0.02 sys=0.00, real=0.02 secs] 
254.410: Total time for which application threads were stopped: 0.0221380 seconds, Stopping threads took: 0.0001280 seconds
254.437: Application time: 0.0269920 seconds
254.437: [GC254.437: [DefNew: 65471K->7232K(65472K), 0.0211950 secs] 158271K->109356K(210744K), 0.0212390 secs] [Times: user=0.02 sys=0.00, real=0.02 secs] 
254.458: Total time for which application threads were stopped: 0.0214750 seconds, Stopping threads took: 0.0001380 seconds
254.485: Application time: 0.0266360 seconds
254.485: [GC254.485: [DefNew: 65472K->7231K(65472K), 0.0169830 secs] 167596K->117010K(210744K), 0.0170280 secs] [Times: user=0.01 sys=0.00, real=0.01 secs] 
254.502: Total time for which application threads were stopped: 0.0172710 seconds, Stopping threads took: 0.0001420 seconds
254.529: Application time: 0.0261960 seconds
254.529: [GC254.529: [DefNew: 65471K->7232K(65472K), 0.0152470 secs] 175250K->125258K(210744K), 0.0152910 secs] [Times: user=0.02 sys=0.00, real=0.01 secs] 
254.544: Total time for which application threads were stopped: 0.0156050 seconds, Stopping threads took: 0.0001980 seconds
254.571: Application time: 0.0270480 seconds
254.571: [GC254.571: [DefNew: 65472K->7231K(65472K), 0.0167300 secs] 183498K->131008K(210744K), 0.0167730 secs] [Times: user=0.01 sys=0.00, real=0.02 secs] 
254.588: Total time for which application threads were stopped: 0.0170220 seconds, Stopping threads took: 0.0001500 seconds
254.614: Application time: 0.0257840 seconds
254.614: [GC254.614: [DefNew: 65471K->2865K(65472K), 0.0079270 secs] 189248K->131170K(210744K), 0.0079720 secs] [Times: user=0.01 sys=0.00, real=0.00 secs] 
254.622: Total time for which application threads were stopped: 0.0082620 seconds, Stopping threads took: 0.0001740 seconds
254.646: Application time: 0.0239150 seconds
254.647: [GC254.647: [DefNew: 61105K->5618K(65472K), 0.0065040 secs] 189410K->133923K(210744K), 0.0065470 secs] [Times: user=0.01 sys=0.00, real=0.01 secs] 
254.653: Total time for which application threads were stopped: 0.0068860 seconds, Stopping threads took: 0.0002220 seconds
254.677: Application time: 0.0237500 seconds
254.677: [GC254.677: [DefNew: 63858K->7231K(65472K), 0.0109900 secs] 192163K->139286K(210744K), 0.0110360 secs] [Times: user=0.01 sys=0.00, real=0.01 secs] 
254.688: Total time for which application threads were stopped: 0.0112540 seconds, Stopping threads took: 0.0001200 seconds
254.711: Application time: 0.0230750 seconds
254.712: [GC254.712: [DefNew: 65471K->5473K(65472K), 0.0136480 secs] 197526K->143703K(210744K), 0.0136920 secs] [Times: user=0.02 sys=0.00, real=0.02 secs] 
254.725: Total time for which application threads were stopped: 0.0141070 seconds, Stopping threads took: 0.0002960 seconds
254.749: Application time: 0.0232570 seconds
254.749: [GC254.749: [DefNew: 63713K->7231K(65472K), 0.0114860 secs] 201943K->150616K(210744K), 0.0115310 secs] [Times: user=0.02 sys=0.00, real=0.01 secs] 
254.760: Total time for which application threads were stopped: 0.0118700 seconds, Stopping threads took: 0.0002080 seconds
254.785: Application time: 0.0244750 seconds
254.789: [GC254.789: [DefNew: 65471K->7126K(65472K), 0.0138640 secs]254.803: [Tenured: 148721K->83354K(148728K), 0.1184650 secs] 208856K->83354K(214200K), [Perm : 8873K->8873K(21248K)], 0.1325270 secs] [Times: user=0.13 sys=0.00, real=0.13 secs] 
254.921: Total time for which application threads were stopped: 0.1364660 seconds, Stopping threads took: 0.0038260 seconds
254.945: Application time: 0.0240490 seconds
254.946: [GC254.946: [DefNew: 58240K->7232K(65472K), 0.0076970 secs] 141594K->91635K(210744K), 0.0077400 secs] [Times: user=0.00 sys=0.00, real=0.01 secs] 
254.953: Total time for which application threads were stopped: 0.0079370 seconds, Stopping threads took: 0.0000810 seconds
254.978: Application time: 0.0247770 seconds
254.978: [GC254.978: [DefNew: 65472K->6544K(65472K), 0.0168460 secs] 149875K->97374K(210744K), 0.0168950 secs] [Times: user=0.02 sys=0.00, real=0.02 secs] 
254.995: Total time for which application threads were stopped: 0.0172090 seconds, Stopping threads took: 0.0001940 seconds
255.020: Application time: 0.0250600 seconds
255.021: [GC255.021: [DefNew: 64784K->7231K(65472K), 0.0141600 secs] 155614K->104792K(210744K), 0.0142010 secs] [Times: user=0.01 sys=0.00, real=0.02 secs] 
255.035: Total time for which application threads were stopped: 0.0145180 seconds, Stopping threads took: 0.0002000 seconds
255.060: Application time: 0.0252440 seconds
255.060: [GC255.060: [DefNew: 65471K->7231K(65472K), 0.0167650 secs] 163032K->114340K(210744K), 0.0168110 secs] [Times: user=0.02 sys=0.00, real=0.02 secs] 
255.077: Total time for which application threads were stopped: 0.0170410 seconds, Stopping threads took: 0.0001320 seconds
255.103: Application time: 0.0259890 seconds
255.104: [GC255.104: [DefNew: 65471K->7231K(65472K), 0.0163030 secs] 172580K->121522K(210744K), 0.0163450 secs] [Times: user=0.01 sys=0.00, real=0.02 secs] 
255.120: Total time for which application threads were stopped: 0.0168330 seconds, Stopping threads took: 0.0003700 seconds
255.147: Application time: 0.0271440 seconds
255.147: [GC255.147: [DefNew: 65471K->7232K(65472K), 0.0107800 secs] 179762K->125713K(210744K), 0.0108230 secs] [Times: user=0.01 sys=0.00, real=0.01 secs] 
255.158: Total time for which application threads were stopped: 0.0110800 seconds, Stopping threads took: 0.0001470 seconds
255.185: Application time: 0.0268000 seconds
255.185: [GC255.185: [DefNew: 65472K->7232K(65472K), 0.0219780 secs] 183953K->134874K(210744K), 0.0220230 secs] [Times: user=0.02 sys=0.00, real=0.02 secs] 
255.207: Total time for which application threads were stopped: 0.0222420 seconds, Stopping threads took: 0.0001220 seconds
255.234: Application time: 0.0270930 seconds
255.235: [GC255.235: [DefNew: 65472K->7078K(65472K), 0.0166210 secs] 193114K->141431K(210744K), 0.0166670 secs] [Times: user=0.01 sys=0.00, real=0.01 secs] 
255.251: Total time for which application threads were stopped: 0.0169180 seconds, Stopping threads took: 0.0001340 seconds
255.276: Application time: 0.0249730 seconds
255.276: [GC255.277: [DefNew: 65318K->3808K(65472K), 0.0071790 secs] 199671K->142108K(210744K), 0.0072230 secs] [Times: user=0.01 sys=0.00, real=0.00 secs] 
255.284: Total time for which application threads were stopped: 0.0074420 seconds, Stopping threads took: 0.0001080 seconds
255.307: Application time: 0.0231140 seconds
255.307: [GC255.307: [DefNew: 62048K->5645K(65472K), 0.0075780 secs] 200348K->146554K(210744K), 0.0076200 secs] [Times: user=0.01 sys=0.00, real=0.01 secs] 
255.315: Total time for which application threads were stopped: 0.0078500 seconds, Stopping threads took: 0.0001320 seconds
255.338: Application time: 0.0236350 seconds
255.338: [GC255.339: [DefNew: 63885K->7231K(65472K), 0.0113500 secs] 204794K->150903K(210744K), 0.0113930 secs] [Times: user=0.01 sys=0.00, real=0.01 secs] 
255.350: Total time for which application threads were stopped: 0.0115650 seconds, Stopping threads took: 0.0000720 seconds
255.373: Application time: 0.0233510 seconds
255.373: [GC255.373: [DefNew: 65471K->4650K(65472K), 0.0101760 secs]255.384: [Tenured: 150447K->87131K(150456K), 0.1193460 secs] 209143K->87131K(215928K), [Perm : 8873K->8873K(21248K)], 0.1297710 secs] [Times: user=0.13 sys=0.01, real=0.12 secs] 
255.503: Total time for which application threads were stopped: 0.1299580 seconds, Stopping threads took: 0.0000890 seconds
255.527: Application time: 0.0237750 seconds
255.527: [GC255.527: [DefNew: 58240K->7231K(65472K), 0.0090190 secs] 145371K->95362K(210744K), 0.0090640 secs] [Times: user=0.00 sys=0.00, real=0.01 secs] 
255.536: Total time for which application threads were stopped: 0.0093100 seconds, Stopping threads took: 0.0001350 seconds
255.560: Application time: 0.0239090 seconds
255.560: [GC255.560: [DefNew: 65471K->5494K(65472K), 0.0116680 secs] 153602K->99817K(210744K), 0.0117210 secs] [Times: user=0.01 sys=0.00, real=0.01 secs] 
255.572: Total time for which application threads were stopped: 0.0119180 seconds, Stopping threads took: 0.0000990 seconds
255.597: Application time: 0.0250030 seconds
255.597: [GC255.597: [DefNew: 63734K->7105K(65472K), 0.0107290 secs] 158057K->105657K(210744K), 0.0107740 secs] [Times: user=0.01 sys=0.00, real=0.01 secs] 
255.608: Total time for which application threads were stopped: 0.0109940 seconds, Stopping threads took: 0.0001240 seconds
255.633: Application time: 0.0246290 seconds
255.633: [GC255.633: [DefNew: 65345K->5819K(65472K), 0.0112430 secs] 163897K->109882K(210744K), 0.0112880 secs] [Times: user=0.02 sys=0.00, real=0.00 secs] 
255.644: Total time for which application threads were stopped: 0.0115140 seconds, Stopping threads took: 0.0001280 seconds
255.669: Application time: 0.0250440 seconds
255.670: [GC255.670: [DefNew: 64059K->7231K(65472K), 0.0136150 secs] 168122K->117592K(210744K), 0.0136620 secs] [Times: user=0.01 sys=0.00, real=0.01 secs] 
255.683: Total time for which application threads were stopped: 0.0139010 seconds, Stopping threads took: 0.0001420 seconds
255.709: Application time: 0.0256140 seconds
255.709: [GC255.709: [DefNew: 65471K->7231K(65472K), 0.0168210 secs] 175832K->125563K(210744K), 0.0168660 secs] [Times: user=0.02 sys=0.00, real=0.02 secs] 
255.726: Total time for which application threads were stopped: 0.0171120 seconds, Stopping threads took: 0.0001500 seconds
255.751: Application time: 0.0251620 seconds
255.751: [GC255.751: [DefNew: 65471K->6772K(65472K), 0.0142760 secs] 183803K->131366K(210744K), 0.0143190 secs] [Times: user=0.02 sys=0.00, real=0.02 secs] 
255.766: Total time for which application threads were stopped: 0.0146280 seconds, Stopping threads took: 0.0002140 seconds
255.792: Application time: 0.0261290 seconds
255.792: [GC255.792: [DefNew: 65012K->7232K(65472K), 0.0141900 secs] 189606K->139283K(210744K), 0.0142360 secs] [Times: user=0.01 sys=0.00, real=0.02 secs] 
255.806: Total time for which application threads were stopped: 0.0144580 seconds, Stopping threads took: 0.0001240 seconds
255.833: Application time: 0.0264600 seconds
255.833: [GC255.833: [DefNew: 65472K->7231K(65472K), 0.0205150 secs] 197523K->147093K(210744K), 0.0205590 secs] [Times: user=0.02 sys=0.00, real=0.02 secs] 
255.854: Total time for which application threads were stopped: 0.0207730 seconds, Stopping threads took: 0.0001170 seconds
255.880: Application time: 0.0268300 seconds
255.881: [GC255.881: [DefNew: 65471K->3618K(65472K), 0.0099250 secs]255.891: [Tenured: 145957K->77127K(146040K), 0.1176440 secs] 205333K->77127K(211512K), [Perm : 8873K->8873K(21248K)], 0.1276770 secs] [Times: user=0.13 sys=0.00, real=0.13 secs] 
256.008: Total time for which application threads were stopped: 0.1278670 seconds, Stopping threads took: 0.0000970 seconds
256.033: Application time: 0.0243720 seconds
256.033: [GC256.033: [DefNew: 58240K->4940K(65472K), 0.0073050 secs] 135367K->82068K(210744K), 0.0073450 secs] [Times: user=0.01 sys=0.00, real=0.00 secs] 
256.040: Total time for which application threads were stopped: 0.0075880 seconds, Stopping threads took: 0.0001340 seconds
256.063: Application time: 0.0230330 seconds
256.063: [GC256.064: [DefNew: 63180K->7231K(65472K), 0.0119080 secs] 140308K->89445K(210744K), 0.0119540 secs] [Times: user=0.01 sys=0.00, real=0.02 secs] 
256.075: Total time for which application threads were stopped: 0.0121530 seconds, Stopping threads took: 0.0000990 seconds
256.099: Application time: 0.0238790 seconds
256.100: [GC256.100: [DefNew: 65471K->7232K(65472K), 0.0139920 secs] 147685K->95331K(210744K), 0.0140340 secs] [Times: user=0.02 sys=0.00, real=0.02 secs] 
256.114: Total time for which application threads were stopped: 0.0142330 seconds, Stopping threads took: 0.0000990 seconds
256.137: Application time: 0.0238870 seconds
256.138: [GC256.138: [DefNew: 65472K->5046K(65472K), 0.0128690 secs] 153571K->100030K(210744K), 0.0129130 secs] [Times: user=0.01 sys=0.00, real=0.01 secs] 
256.151: Total time for which application threads were stopped: 0.0131570 seconds, Stopping threads took: 0.0001460 seconds
256.175: Application time: 0.0247740 seconds
256.176: [GC256.176: [DefNew: 63286K->7232K(65472K), 0.0119840 secs] 158270K->107075K(210744K), 0.0120290 secs] [Times: user=0.01 sys=0.00, real=0.01 secs] 
256.188: Total time for which application threads were stopped: 0.0122620 seconds, Stopping threads took: 0.0001360 seconds
256.212: Application time: 0.0244930 seconds
256.212: [GC256.212: [DefNew: 65472K->7232K(65472K), 0.0127450 secs] 165315K->113918K(210744K), 0.0127880 secs] [Times: user=0.01 sys=0.00, real=0.02 secs] 
256.225: Total time for which application threads were stopped: 0.0130120 seconds, Stopping threads took: 0.0001260 seconds
256.250: Application time: 0.0250620 seconds
256.250: [GC256.250: [DefNew: 65472K->6853K(65472K), 0.0138800 secs] 172158K->117693K(210744K), 0.0139230 secs] [Times: user=0.01 sys=0.00, real=0.01 secs] 
256.264: Total time for which application threads were stopped: 0.0141070 seconds, Stopping threads took: 0.0000870 seconds
256.290: Application time: 0.0251860 seconds
256.290: [GC256.290: [DefNew: 65093K->7232K(65472K), 0.0118290 secs] 175933K->125193K(210744K), 0.0118740 secs] [Times: user=0.01 sys=0.00, real=0.01 secs] 
256.302: Total time for which application threads were stopped: 0.0120630 seconds, Stopping threads took: 0.0000900 seconds
256.327: Application time: 0.0250160 seconds
256.327: [GC256.327: [DefNew: 65472K->7231K(65472K), 0.0164160 secs] 183433K->131303K(210744K), 0.0164590 secs] [Times: user=0.02 sys=0.00, real=0.01 secs] 
256.343: Total time for which application threads were stopped: 0.0166600 seconds, Stopping threads took: 0.0001030 seconds
256.369: Application time: 0.0258380 seconds
256.369: [GC256.369: [DefNew: 65471K->7232K(65472K), 0.0171190 secs] 189543K->138115K(210744K), 0.0171650 secs] [Times: user=0.02 sys=0.00, real=0.02 secs] 
256.387: Total time for which application threads were stopped: 0.0173930 seconds, Stopping threads took: 0.0001300 seconds
256.412: Application time: 0.0254660 seconds
256.412: [GC256.412: [DefNew: 65472K->4768K(65472K), 0.0117780 secs] 196355K->142080K(210744K), 0.0118200 secs] [Times: user=0.02 sys=0.00, real=0.01 secs] 
256.424: Total time for which application threads were stopped: 0.0120500 seconds, Stopping threads took: 0.0001320 seconds
256.449: Application time: 0.0251320 seconds
256.449: [GC256.449: [DefNew: 63008K->7232K(65472K), 0.0155190 secs] 200320K->151886K(210744K), 0.0155630 secs] [Times: user=0.01 sys=0.00, real=0.02 secs] 
256.465: Total time for which application threads were stopped: 0.0158130 seconds, Stopping threads took: 0.0001330 seconds
256.491: Application time: 0.0262370 seconds
256.492: [GC256.492: [DefNew: 65472K->7232K(65472K), 0.0210640 secs]256.513: [Tenured: 153216K->78195K(153336K), 0.1226110 secs] 210126K->78195K(218808K), [Perm : 8873K->8873K(21248K)], 0.1439920 secs] [Times: user=0.14 sys=0.01, real=0.15 secs] 
256.636: Total time for which application threads were stopped: 0.1443560 seconds, Stopping threads took: 0.0002490 seconds
256.662: Application time: 0.0260900 seconds
256.662: [GC256.662: [DefNew: 58240K->3586K(65472K), 0.0046550 secs] 136435K->81782K(210744K), 0.0046920 secs] [Times: user=0.00 sys=0.00, real=0.01 secs] 
256.667: Total time for which application threads were stopped: 0.0050130 seconds, Stopping threads took: 0.0001960 seconds
256.691: Application time: 0.0240100 seconds
256.691: [GC256.691: [DefNew: 61826K->4548K(65472K), 0.0053290 secs] 140022K->82743K(210744K), 0.0053710 secs] [Times: user=0.00 sys=0.00, real=0.01 secs] 
256.696: Total time for which application threads were stopped: 0.0057090 seconds, Stopping threads took: 0.0002220 seconds
256.719: Application time: 0.0229020 seconds
256.720: [GC256.720: [DefNew: 62788K->7231K(65472K), 0.0119180 secs] 140983K->89977K(210744K), 0.0119620 secs] [Times: user=0.01 sys=0.00, real=0.01 secs] 
256.732: Total time for which application threads were stopped: 0.0122160 seconds, Stopping threads took: 0.0001460 seconds
256.755: Application time: 0.0238190 seconds
256.756: [GC256.756: [DefNew: 65471K->7231K(65472K), 0.0182390 secs] 148217K->99608K(210744K), 0.0182850 secs] [Times: user=0.02 sys=0.00, real=0.02 secs] 
256.774: Total time for which application threads were stopped: 0.0185330 seconds, Stopping threads took: 0.0001500 seconds
256.798: Application time: 0.0242410 seconds
256.798: [GC256.798: [DefNew: 65471K->7232K(65472K), 0.0125760 secs] 157848K->106241K(210744K), 0.0126170 secs] [Times: user=0.01 sys=0.00, real=0.01 secs] 
256.811: Total time for which application threads were stopped: 0.0127970 seconds, Stopping threads took: 0.0000840 seconds
256.836: Application time: 0.0254350 seconds
256.837: [GC256.837: [DefNew: 65472K->4306K(65472K), 0.0097960 secs] 164481K->108731K(210744K), 0.0098380 secs] [Times: user=0.01 sys=0.00, real=0.01 secs] 
256.846: Total time for which application threads were stopped: 0.0100180 seconds, Stopping threads took: 0.0000810 seconds
256.871: Application time: 0.0246270 seconds
256.871: [GC256.871: [DefNew: 62546K->7231K(65472K), 0.0137740 secs] 166971K->117299K(210744K), 0.0138190 secs] [Times: user=0.01 sys=0.00, real=0.02 secs] 
256.885: Total time for which application threads were stopped: 0.0139960 seconds, Stopping threads took: 0.0000790 seconds
256.910: Application time: 0.0251760 seconds
256.910: [GC256.910: [DefNew: 65471K->7232K(65472K), 0.0148130 secs] 175539K->123364K(210744K), 0.0148550 secs] [Times: user=0.02 sys=0.00, real=0.02 secs] 
256.925: Total time for which application threads were stopped: 0.0150510 seconds, Stopping threads took: 0.0000990 seconds
256.950: Application time: 0.0251140 seconds
256.951: [GC256.951: [DefNew: 65472K->7231K(65472K), 0.0141570 secs] 181604K->130227K(210744K), 0.0142000 secs] [Times: user=0.01 sys=0.00, real=0.02 secs] 
256.965: Total time for which application threads were stopped: 0.0144380 seconds, Stopping threads took: 0.0001410 seconds
256.990: Application time: 0.0248630 seconds
256.990: [GC256.990: [DefNew: 65471K->6949K(65472K), 0.0134890 secs] 188467K->136592K(210744K), 0.0135330 secs] [Times: user=0.02 sys=0.00, real=0.01 secs] 
257.003: Total time for which application threads were stopped: 0.0137640 seconds, Stopping threads took: 0.0001340 seconds
257.028: Application time: 0.0249720 seconds
257.029: [GC257.029: [DefNew: 65189K->7232K(65472K), 0.0120420 secs] 194832K->142573K(210744K), 0.0120840 secs] [Times: user=0.01 sys=0.00, real=0.01 secs] 
257.041: Total time for which application threads were stopped: 0.0123070 seconds, Stopping threads took: 0.0001250 seconds
257.065: Application time: 0.0247170 seconds
257.066: [GC257.066: [DefNew: 65472K->3713K(65472K), 0.0083430 secs] 200813K->144262K(210744K), 0.0083880 secs] [Times: user=0.01 sys=0.00, real=0.01 secs] 
257.074: Total time for which application threads were stopped: 0.0086820 seconds, Stopping threads took: 0.0001770 seconds
257.100: Application time: 0.0255890 seconds
257.100: [GC257.100: [DefNew: 61953K->7231K(65472K), 0.0194340 secs]257.119: [Tenured: 149561K->82896K(149688K), 0.1161170 secs] 202502K->82896K(215160K), [Perm : 8873K->8873K(21248K)], 0.1357770 secs] [Times: user=0.14 sys=0.00, real=0.14 secs] 
257.236: Total time for which application threads were stopped: 0.1359670 seconds, Stopping threads took: 0.0000960 seconds
257.261: Application time: 0.0258040 seconds
257.262: [GC257.262: [DefNew: 58240K->7003K(65472K), 0.0088830 secs] 141136K->89899K(210744K), 0.0089280 secs] [Times: user=0.01 sys=0.00, real=0.01 secs] 
257.271: Total time for which application threads were stopped: 0.0091530 seconds, Stopping threads took: 0.0001130 seconds
257.295: Application time: 0.0243100 seconds
257.295: [GC257.295: [DefNew: 65243K->3690K(65472K), 0.0086250 secs] 148139K->91805K(210744K), 0.0086710 secs] [Times: user=0.01 sys=0.00, real=0.00 secs] 
257.304: Total time for which application threads were stopped: 0.0089290 seconds, Stopping threads took: 0.0001490 seconds
257.328: Application time: 0.0239710 seconds
257.328: [GC257.328: [DefNew: 61930K->6103K(65472K), 0.0066930 secs] 150045K->95815K(210744K), 0.0067460 secs] [Times: user=0.01 sys=0.00, real=0.01 secs] 
257.335: Total time for which application threads were stopped: 0.0070010 seconds, Stopping threads took: 0.0001550 seconds
257.359: Application time: 0.0240690 seconds
257.359: [GC257.359: [DefNew: 64343K->7231K(65472K), 0.0104620 secs] 154055K->100553K(210744K), 0.0105040 secs] [Times: user=0.01 sys=0.00, real=0.01 secs] 
257.370: Total time for which application threads were stopped: 0.0107210 seconds, Stopping threads took: 0.0001220 seconds
257.394: Application time: 0.0240980 seconds
257.394: [GC257.394: [DefNew: 65471K->6434K(65472K), 0.0122710 secs] 158793K->106260K(210744K), 0.0123150 secs] [Times: user=0.01 sys=0.00, real=0.01 secs] 
257.406: Total time for which application threads were stopped: 0.0125140 seconds, Stopping threads took: 0.0001020 seconds
257.431: Application time: 0.0250820 seconds
257.432: [GC257.432: [DefNew: 64674K->7232K(65472K), 0.0138490 secs] 164500K->113453K(210744K), 0.0138900 secs] [Times: user=0.01 sys=0.00, real=0.02 secs] 
257.445: Total time for which application threads were stopped: 0.0141020 seconds, Stopping threads took: 0.0001130 seconds
257.470: Application time: 0.0243460 seconds
257.470: [GC257.470: [DefNew: 65472K->7232K(65472K), 0.0118010 secs] 171693K->119657K(210744K), 0.0118440 secs] [Times: user=0.01 sys=0.00, real=0.01 secs] 
257.482: Total time for which application threads were stopped: 0.0120940 seconds, Stopping threads took: 0.0001420 seconds
257.507: Application time: 0.0249950 seconds
257.507: [GC257.507: [DefNew: 65472K->6404K(65472K), 0.0131730 secs] 177897K->123318K(210744K), 0.0132170 secs] [Times: user=0.01 sys=0.00, real=0.01 secs] 
257.520: Total time for which application threads were stopped: 0.0134440 seconds, Stopping threads took: 0.0001270 seconds
257.546: Application time: 0.0254520 seconds
257.546: [GC257.546: [DefNew: 64644K->4460K(65472K), 0.0096510 secs] 181558K->126920K(210744K), 0.0096950 secs] [Times: user=0.01 sys=0.00, real=0.01 secs] 
257.556: Total time for which application threads were stopped: 0.0099290 seconds, Stopping threads took: 0.0001170 seconds
257.580: Application time: 0.0245300 seconds
257.580: [GC257.580: [DefNew: 62700K->7232K(65472K), 0.0109820 secs] 185160K->133633K(210744K), 0.0110230 secs] [Times: user=0.01 sys=0.00, real=0.01 secs] 
257.592: Total time for which application threads were stopped: 0.0112300 seconds, Stopping threads took: 0.0001010 seconds
257.616: Application time: 0.0248930 seconds
257.617: [GC257.617: [DefNew: 65472K->7231K(65472K), 0.0185340 secs] 191873K->142333K(210744K), 0.0185780 secs] [Times: user=0.02 sys=0.00, real=0.02 secs] 
257.635: Total time for which application threads were stopped: 0.0189000 seconds, Stopping threads took: 0.0002060 seconds
257.661: Application time: 0.0253240 seconds
257.661: [GC257.661: [DefNew: 65471K->6366K(65472K), 0.0136620 secs] 200573K->146916K(210744K), 0.0137050 secs] [Times: user=0.01 sys=0.00, real=0.02 secs] 
257.675: Total time for which application threads were stopped: 0.0140400 seconds, Stopping threads took: 0.0002180 seconds
257.700: Application time: 0.0254960 seconds
257.700: [GC257.700: [DefNew: 64606K->7232K(65472K), 0.0124350 secs]257.713: [Tenured: 147440K->84836K(147576K), 0.1164100 secs] 205156K->84836K(213048K), [Perm : 8873K->8873K(21248K)], 0.1290000 secs] [Times: user=0.12 sys=0.00, real=0.13 secs] 
257.829: Total time for which application threads were stopped: 0.1292700 seconds, Stopping threads took: 0.0001730 seconds
257.855: Application time: 0.0258680 seconds
257.856: [GC257.856: [DefNew: 58240K->7231K(65472K), 0.0097120 secs] 143076K->93013K(210744K), 0.0097580 secs] [Times: user=0.01 sys=0.00, real=0.01 secs] 
257.865: Total time for which application threads were stopped: 0.0101110 seconds, Stopping threads took: 0.0002340 seconds
257.891: Application time: 0.0260110 seconds
257.892: [GC257.892: [DefNew: 65471K->5741K(65472K), 0.0123060 secs] 151253K->97339K(210744K), 0.0123590 secs] [Times: user=0.01 sys=0.00, real=0.01 secs] 
257.904: Total time for which application threads were stopped: 0.0125600 seconds, Stopping threads took: 0.0001030 seconds
257.928: Application time: 0.0239840 seconds
257.928: [GC257.928: [DefNew: 63981K->3342K(65472K), 0.0061670 secs] 155579K->96989K(210744K), 0.0062090 secs] [Times: user=0.01 sys=0.00, real=0.01 secs] 
257.934: Total time for which application threads were stopped: 0.0064410 seconds, Stopping threads took: 0.0001180 seconds
257.958: Application time: 0.0232660 seconds
257.958: [GC257.958: [DefNew: 61582K->7232K(65472K), 0.0107060 secs] 155229K->104171K(210744K), 0.0107490 secs] [Times: user=0.01 sys=0.00, real=0.01 secs] 
257.969: Total time for which application threads were stopped: 0.0110090 seconds, Stopping threads took: 0.0001620 seconds
257.992: Application time: 0.0236790 seconds
257.993: [GC257.993: [DefNew: 65472K->7232K(65472K), 0.0171190 secs] 162411K->112003K(210744K), 0.0171650 secs] [Times: user=0.01 sys=0.00, real=0.01 secs] 
258.010: Total time for which application threads were stopped: 0.0174160 seconds, Stopping threads took: 0.0001340 seconds
258.035: Application time: 0.0249520 seconds
258.035: [GC258.035: [DefNew: 65472K->7232K(65472K), 0.0158310 secs] 170243K->119512K(210744K), 0.0158760 secs] [Times: user=0.02 sys=0.00, real=0.01 secs] 
258.051: Total time for which application threads were stopped: 0.0161670 seconds, Stopping threads took: 0.0001910 seconds
258.077: Application time: 0.0259500 seconds
258.077: [GC258.077: [DefNew: 65472K->4987K(65472K), 0.0119760 secs] 177752K->123391K(210744K), 0.0120220 secs] [Times: user=0.02 sys=0.00, real=0.01 secs] 
258.089: Total time for which application threads were stopped: 0.0122120 seconds, Stopping threads took: 0.0000930 seconds
258.115: Application time: 0.0255550 seconds
258.115: [GC258.115: [DefNew: 63227K->7231K(65472K), 0.0135610 secs] 181631K->130805K(210744K), 0.0136150 secs] [Times: user=0.01 sys=0.01, real=0.01 secs] 
258.128: Total time for which application threads were stopped: 0.0138300 seconds, Stopping threads took: 0.0001150 seconds
258.154: Application time: 0.0251140 seconds
258.154: [GC258.154: [DefNew: 65471K->6501K(65472K), 0.0137970 secs] 189045K->136681K(210744K), 0.0138410 secs] [Times: user=0.01 sys=0.00, real=0.01 secs] 
258.168: Total time for which application threads were stopped: 0.0140810 seconds, Stopping threads took: 0.0001410 seconds
258.193: Application time: 0.0253480 seconds
258.193: [GC258.193: [DefNew: 64741K->7231K(65472K), 0.0153140 secs] 194921K->144315K(210744K), 0.0153600 secs] [Times: user=0.02 sys=0.00, real=0.01 secs] 
258.209: Total time for which application threads were stopped: 0.0156510 seconds, Stopping threads took: 0.0001730 seconds
258.234: Application time: 0.0252400 seconds
258.234: [GC258.234: [DefNew: 65471K->6638K(65472K), 0.0158520 secs] 202555K->148594K(210744K), 0.0158950 secs] [Times: user=0.01 sys=0.00, real=0.01 secs] 
258.250: Total time for which application threads were stopped: 0.0161010 seconds, Stopping threads took: 0.0000890 seconds
258.275: Application time: 0.0248560 seconds
258.275: [GC258.275: [DefNew: 64878K->7232K(65472K), 0.0137760 secs]258.289: [Tenured: 148318K->76226K(148344K), 0.1232780 secs] 206834K->76226K(213816K), [Perm : 8873K->8873K(21248K)], 0.1372450 secs] [Times: user=0.14 sys=0.00, real=0.14 secs] 
258.413: Total time for which application threads were stopped: 0.1376220 seconds, Stopping threads took: 0.0002650 seconds
258.437: Application time: 0.0248580 seconds
258.438: [GC258.438: [DefNew: 58240K->4967K(65472K), 0.0068100 secs] 134466K->81194K(210744K), 0.0068530 secs] [Times: user=0.01 sys=0.00, real=0.01 secs] 
258.445: Total time for which application threads were stopped: 0.0071890 seconds, Stopping threads took: 0.0002090 seconds
258.469: Application time: 0.0247720 seconds
258.470: [GC258.470: [DefNew: 63207K->7232K(65472K), 0.0157020 secs] 139434K->90843K(210744K), 0.0157460 secs] [Times: user=0.01 sys=0.00, real=0.02 secs] 
258.485: Total time for which application threads were stopped: 0.0160060 seconds, Stopping threads took: 0.0001350 seconds
258.511: Application time: 0.0259590 seconds
258.512: [GC258.512: [DefNew: 65472K->7232K(65472K), 0.0173930 secs] 149083K->98058K(210744K), 0.0174400 secs] [Times: user=0.02 sys=0.00, real=0.02 secs] 
258.529: Total time for which application threads were stopped: 0.0177720 seconds, Stopping threads took: 0.0002160 seconds
258.554: Application time: 0.0249560 seconds
258.554: [GC258.554: [DefNew: 65472K->3693K(65472K), 0.0115770 secs] 156298K->101287K(210744K), 0.0116180 secs] [Times: user=0.01 sys=0.00, real=0.01 secs] 
258.566: Total time for which application threads were stopped: 0.0118560 seconds, Stopping threads took: 0.0001400 seconds
258.590: Application time: 0.0238250 seconds
258.590: [GC258.590: [DefNew: 61933K->5029K(65472K), 0.0059300 secs] 159527K->103502K(210744K), 0.0059740 secs] [Times: user=0.01 sys=0.00, real=0.01 secs] 
258.596: Total time for which application threads were stopped: 0.0061870 seconds, Stopping threads took: 0.0001140 seconds
258.619: Application time: 0.0231880 seconds
258.619: [GC258.619: [DefNew: 63269K->7231K(65472K), 0.0123630 secs] 161742K->110513K(210744K), 0.0124080 secs] [Times: user=0.02 sys=0.00, real=0.01 secs] 
258.632: Total time for which application threads were stopped: 0.0125970 seconds, Stopping threads took: 0.0000900 seconds
258.656: Application time: 0.0239740 seconds
258.656: [GC258.656: [DefNew: 65471K->7231K(65472K), 0.0125960 secs] 168753K->116846K(210744K), 0.0126390 secs] [Times: user=0.01 sys=0.00, real=0.01 secs] 
258.669: Total time for which application threads were stopped: 0.0129470 seconds, Stopping threads took: 0.0002100 seconds
258.694: Application time: 0.0253060 seconds
258.694: [GC258.694: [DefNew: 65471K->7231K(65472K), 0.0151800 secs] 175086K->124790K(210744K), 0.0152320 secs] [Times: user=0.02 sys=0.00, real=0.01 secs] 
258.709: Total time for which application threads were stopped: 0.0155030 seconds, Stopping threads took: 0.0001460 seconds
258.735: Application time: 0.0259330 seconds
258.736: [GC258.736: [DefNew: 65471K->7232K(65472K), 0.0126710 secs] 183030K->130762K(210744K), 0.0127150 secs] [Times: user=0.02 sys=0.00, real=0.01 secs] 
258.748: Total time for which application threads were stopped: 0.0129310 seconds, Stopping threads took: 0.0001180 seconds
258.774: Application time: 0.0261030 seconds
258.775: [GC258.775: [DefNew: 65472K->7231K(65472K), 0.0139010 secs] 189002K->136175K(210744K), 0.0139460 secs] [Times: user=0.02 sys=0.00, real=0.01 secs] 
258.789: Total time for which application threads were stopped: 0.0141630 seconds, Stopping threads took: 0.0001200 seconds
258.814: Application time: 0.0250200 seconds
258.814: [GC258.814: [DefNew: 65471K->6124K(65472K), 0.0100440 secs] 194415K->138612K(210744K), 0.0100880 secs] [Times: user=0.01 sys=0.00, real=0.00 secs] 
258.824: Total time for which application threads were stopped: 0.0103020 seconds, Stopping threads took: 0.0001160 seconds
258.849: Application time: 0.0251270 seconds
258.849: [GC258.849: [DefNew: 64364K->7231K(65472K), 0.0134390 secs] 196852K->144791K(210744K), 0.0134840 secs] [Times: user=0.02 sys=0.00, real=0.01 secs] 
258.863: Total time for which application threads were stopped: 0.0137450 seconds, Stopping threads took: 0.0001660 seconds
258.888: Application time: 0.0247910 seconds
258.888: [GC258.888: [DefNew: 65471K->5936K(65472K), 0.0156400 secs] 203031K->149997K(210744K), 0.0156840 secs] [Times: user=0.01 sys=0.00, real=0.01 secs] 
258.903: Total time for which application threads were stopped: 0.0159070 seconds, Stopping threads took: 0.0001270 seconds
258.929: Application time: 0.0251570 seconds
258.929: [GC258.929: [DefNew: 64176K->7231K(65472K), 0.0126590 secs]258.942: [Tenured: 148165K->77494K(148344K), 0.1171700 secs] 208237K->77494K(213816K), [Perm : 8873K->8873K(21248K)], 0.1300130 secs] [Times: user=0.13 sys=0.00, real=0.13 secs] 
259.059: Total time for which application threads were stopped: 0.1302190 seconds, Stopping threads took: 0.0001100 seconds
259.083: Application time: 0.0244110 seconds
259.083: [GC259.084: [DefNew: 58240K->6131K(65472K), 0.0072210 secs] 135734K->83625K(210744K), 0.0072690 secs] [Times: user=0.01 sys=0.00, real=0.01 secs] 
259.091: Total time for which application threads were stopped: 0.0075040 seconds, Stopping threads took: 0.0001290 seconds
259.115: Application time: 0.0243510 seconds
259.115: [GC259.115: [DefNew: 64371K->7231K(65472K), 0.0179360 secs] 141865K->92882K(210744K), 0.0179820 secs] [Times: user=0.02 sys=0.00, real=0.02 secs] 
259.133: Total time for which application threads were stopped: 0.0182290 seconds, Stopping threads took: 0.0001500 seconds
259.159: Application time: 0.0257870 seconds
259.159: [GC259.159: [DefNew: 65471K->6391K(65472K), 0.0151740 secs] 151122K->98264K(210744K), 0.0152190 secs] [Times: user=0.01 sys=0.00, real=0.02 secs] 
259.175: Total time for which application threads were stopped: 0.0154630 seconds, Stopping threads took: 0.0001450 seconds
259.199: Application time: 0.0243970 seconds
259.199: [GC259.199: [DefNew: 64631K->2835K(65472K), 0.0075670 secs] 156504K->99554K(210744K), 0.0076110 secs] [Times: user=0.00 sys=0.00, real=0.01 secs] 
259.207: Total time for which application threads were stopped: 0.0078030 seconds, Stopping threads took: 0.0000920 seconds
259.230: Application time: 0.0234080 seconds
259.230: [GC259.230: [DefNew: 61075K->6954K(65472K), 0.0059040 secs] 157794K->103673K(210744K), 0.0059480 secs] [Times: user=0.01 sys=0.00, real=0.01 secs] 
259.236: Total time for which application threads were stopped: 0.0061410 seconds, Stopping threads took: 0.0000950 seconds
259.260: Application time: 0.0233390 seconds
259.260: [GC259.260: [DefNew: 65194K->7232K(65472K), 0.0146950 secs] 161913K->109683K(210744K), 0.0147420 secs] [Times: user=0.01 sys=0.00, real=0.02 secs] 
259.275: Total time for which application threads were stopped: 0.0149760 seconds, Stopping threads took: 0.0001260 seconds
259.299: Application time: 0.0244800 seconds
259.299: [GC259.299: [DefNew: 65472K->7232K(65472K), 0.0154410 secs] 167923K->118606K(210744K), 0.0154850 secs] [Times: user=0.01 sys=0.00, real=0.02 secs] 
259.315: Total time for which application threads were stopped: 0.0157360 seconds, Stopping threads took: 0.0001550 seconds
259.340: Application time: 0.0253500 seconds
259.340: [GC259.341: [DefNew: 65472K->5962K(65472K), 0.0141670 secs] 176846K->123253K(210744K), 0.0142080 secs] [Times: user=0.02 sys=0.00, real=0.02 secs] 
259.355: Total time for which application threads were stopped: 0.0144580 seconds, Stopping threads took: 0.0001470 seconds
259.381: Application time: 0.0262490 seconds
259.381: [GC259.381: [DefNew: 64202K->7231K(65472K), 0.0114660 secs] 181493K->129925K(210744K), 0.0115120 secs] [Times: user=0.01 sys=0.00, real=0.02 secs] 
259.393: Total time for which application threads were stopped: 0.0117300 seconds, Stopping threads took: 0.0001190 seconds
259.418: Application time: 0.0251750 seconds
259.418: [GC259.418: [DefNew: 65471K->6390K(65472K), 0.0152390 secs] 188165K->134762K(210744K), 0.0152830 secs] [Times: user=0.02 sys=0.00, real=0.02 secs] 
259.433: Total time for which application threads were stopped: 0.0155680 seconds, Stopping threads took: 0.0001690 seconds
259.459: Application time: 0.0252550 seconds
259.459: [GC259.459: [DefNew: 64630K->7232K(65472K), 0.0126280 secs] 193002K->142923K(210744K), 0.0126740 secs] [Times: user=0.01 sys=0.00, real=0.01 secs] 
259.472: Total time for which application threads were stopped: 0.0128520 seconds, Stopping threads took: 0.0000800 seconds
259.497: Application time: 0.0257720 seconds
259.498: [GC259.498: [DefNew: 65472K->7231K(65472K), 0.0140540 secs] 201163K->148801K(210744K), 0.0140960 secs] [Times: user=0.01 sys=0.00, real=0.01 secs] 
259.512: Total time for which application threads were stopped: 0.0143010 seconds, Stopping threads took: 0.0001060 seconds
259.536: Application time: 0.0243380 seconds
259.536: [GC259.536: [DefNew: 65471K->5645K(65472K), 0.0115660 secs]259.548: [Tenured: 147409K->83458K(147576K), 0.1223400 secs] 207041K->83458K(213048K), [Perm : 8873K->8873K(21248K)], 0.1340710 secs] [Times: user=0.13 sys=0.00, real=0.13 secs] 
259.670: Total time for which application threads were stopped: 0.1342910 seconds, Stopping threads took: 0.0001240 seconds
259.695: Application time: 0.0248240 seconds
259.695: [GC259.695: [DefNew: 58240K->6825K(65472K), 0.0093200 secs] 141698K->90283K(210744K), 0.0093640 secs] [Times: user=0.01 sys=0.00, real=0.01 secs] 
259.705: Total time for which application threads were stopped: 0.0095880 seconds, Stopping threads took: 0.0000940 seconds
259.729: Application time: 0.0245330 seconds
259.729: [GC259.729: [DefNew: 65065K->7232K(65472K), 0.0121860 secs] 148523K->96454K(210744K), 0.0122280 secs] [Times: user=0.02 sys=0.00, real=0.01 secs] 
259.742: Total time for which application threads were stopped: 0.0124420 seconds, Stopping threads took: 0.0001170 seconds
259.768: Application time: 0.0258650 seconds
259.768: [GC259.768: [DefNew: 65472K->7231K(65472K), 0.0149380 secs] 154694K->103541K(210744K), 0.0149840 secs] [Times: user=0.02 sys=0.00, real=0.01 secs] 
259.783: Total time for which application threads were stopped: 0.0152280 seconds, Stopping threads took: 0.0001500 seconds
259.807: Application time: 0.0246270 seconds
259.808: [GC259.808: [DefNew: 65471K->6435K(65472K), 0.0121340 secs] 161781K->108308K(210744K), 0.0121810 secs] [Times: user=0.02 sys=0.00, real=0.01 secs] 
259.820: Total time for which application threads were stopped: 0.0124310 seconds, Stopping threads took: 0.0001490 seconds
259.844: Application time: 0.0244390 seconds
259.845: [GC259.845: [DefNew: 64675K->3086K(65472K), 0.0066870 secs] 166548K->108076K(210744K), 0.0067310 secs] [Times: user=0.01 sys=0.00, real=0.00 secs] 
259.851: Total time for which application threads were stopped: 0.0070060 seconds, Stopping threads took: 0.0001760 seconds
259.874: Application time: 0.0231450 seconds
259.875: [GC259.875: [DefNew: 61326K->7231K(65472K), 0.0092460 secs] 166316K->114361K(210744K), 0.0092900 secs] [Times: user=0.01 sys=0.00, real=0.00 secs] 
259.884: Total time for which application threads were stopped: 0.0095360 seconds, Stopping threads took: 0.0001480 seconds
259.907: Application time: 0.0234380 seconds
259.908: [GC259.908: [DefNew: 65471K->7232K(65472K), 0.0150200 secs] 172601K->121694K(210744K), 0.0150650 secs] [Times: user=0.01 sys=0.00, real=0.01 secs] 
259.923: Total time for which application threads were stopped: 0.0152990 seconds, Stopping threads took: 0.0001380 seconds
259.948: Application time: 0.0253660 seconds
259.948: [GC259.948: [DefNew: 65472K->7231K(65472K), 0.0198170 secs] 179934K->131420K(210744K), 0.0198610 secs] [Times: user=0.02 sys=0.00, real=0.02 secs] 
259.968: Total time for which application threads were stopped: 0.0201000 seconds, Stopping threads took: 0.0001200 seconds
259.993: Application time: 0.0252560 seconds
259.994: [GC259.994: [DefNew: 65471K->4469K(65472K), 0.0134980 secs] 189660K->134950K(210744K), 0.0135410 secs] [Times: user=0.01 sys=0.00, real=0.01 secs] 
260.007: Total time for which application threads were stopped: 0.0137800 seconds, Stopping threads took: 0.0001220 seconds
260.034: Application time: 0.0264510 seconds
260.034: [GC260.034: [DefNew: 62709K->7232K(65472K), 0.0148400 secs] 193190K->143536K(210744K), 0.0148840 secs] [Times: user=0.02 sys=0.00, real=0.01 secs] 
260.049: Total time for which application threads were stopped: 0.0150940 seconds, Stopping threads took: 0.0001110 seconds
260.073: Application time: 0.0245630 seconds
260.074: [GC260.074: [DefNew: 65472K->6299K(65472K), 0.0147220 secs] 201776K->149345K(210744K), 0.0147680 secs] [Times: user=0.01 sys=0.00, real=0.01 secs] 
260.088: Total time for which application threads were stopped: 0.0150030 seconds, Stopping threads took: 0.0001380 seconds
260.114: Application time: 0.0256800 seconds
260.114: [GC260.114: [DefNew: 64539K->7231K(65472K), 0.0158930 secs]260.130: [Tenured: 149985K->79848K(150072K), 0.1156300 secs] 207585K->79848K(215544K), [Perm : 8873K->8873K(21248K)], 0.1317510 secs] [Times: user=0.13 sys=0.01, real=0.13 secs] 
260.246: Total time for which application threads were stopped: 0.1319430 seconds, Stopping threads took: 0.0000900 seconds
260.271: Application time: 0.0253800 seconds
260.272: [GC260.272: [DefNew: 58240K->4967K(65472K), 0.0064150 secs] 138088K->84816K(210744K), 0.0064590 secs] [Times: user=0.01 sys=0.00, real=0.01 secs] 
260.278: Total time for which application threads were stopped: 0.0068450 seconds, Stopping threads took: 0.0002550 seconds
260.302: Application time: 0.0242270 seconds
260.303: [GC260.303: [DefNew: 63207K->7232K(65472K), 0.0113880 secs] 143056K->91992K(210744K), 0.0114340 secs] [Times: user=0.01 sys=0.00, real=0.02 secs] 
260.314: Total time for which application threads were stopped: 0.0117280 seconds, Stopping threads took: 0.0001860 seconds
260.338: Application time: 0.0242490 seconds
260.339: [GC260.339: [DefNew: 65472K->7231K(65472K), 0.0140990 secs] 150232K->99126K(210744K), 0.0141400 secs] [Times: user=0.01 sys=0.00, real=0.02 secs] 
260.353: Total time for which application threads were stopped: 0.0143470 seconds, Stopping threads took: 0.0001120 seconds
260.377: Application time: 0.0246100 seconds
260.378: [GC260.378: [DefNew: 65471K->6079K(65472K), 0.0128710 secs] 157366K->103232K(210744K), 0.0129150 secs] [Times: user=0.01 sys=0.00, real=0.01 secs] 
260.391: Total time for which application threads were stopped: 0.0131360 seconds, Stopping threads took: 0.0001230 seconds
260.416: Application time: 0.0258160 seconds
260.417: [GC260.417: [DefNew: 64319K->7055K(65472K), 0.0112990 secs] 161472K->109294K(210744K), 0.0113410 secs] [Times: user=0.01 sys=0.00, real=0.01 secs] 
260.428: Total time for which application threads were stopped: 0.0115940 seconds, Stopping threads took: 0.0001510 seconds
260.452: Application time: 0.0243480 seconds
260.452: [GC260.452: [DefNew: 65295K->5020K(65472K), 0.0113340 secs] 167534K->112842K(210744K), 0.0113850 secs] [Times: user=0.01 sys=0.00, real=0.01 secs] 
260.464: Total time for which application threads were stopped: 0.0115820 seconds, Stopping threads took: 0.0001000 seconds
260.488: Application time: 0.0239110 seconds
260.488: [GC260.488: [DefNew: 63260K->5980K(65472K), 0.0077550 secs] 171082K->116041K(210744K), 0.0078000 secs] [Times: user=0.01 sys=0.00, real=0.01 secs] 
260.496: Total time for which application threads were stopped: 0.0079790 seconds, Stopping threads took: 0.0000820 seconds
260.519: Application time: 0.0235750 seconds
260.520: [GC260.520: [DefNew: 64220K->7232K(65472K), 0.0129590 secs] 174281K->120965K(210744K), 0.0130010 secs] [Times: user=0.01 sys=0.00, real=0.02 secs] 
260.533: Total time for which application threads were stopped: 0.0132770 seconds, Stopping threads took: 0.0001780 seconds
260.556: Application time: 0.0238650 seconds
260.557: [GC260.557: [DefNew: 65472K->6250K(65472K), 0.0110970 secs] 179205K->126453K(210744K), 0.0111420 secs] [Times: user=0.01 sys=0.00, real=0.01 secs] 
260.568: Total time for which application threads were stopped: 0.0114130 seconds, Stopping threads took: 0.0001550 seconds
260.593: Application time: 0.0248430 seconds
260.593: [GC260.593: [DefNew: 64490K->7232K(65472K), 0.0157770 secs] 184693K->134884K(210744K), 0.0158210 secs] [Times: user=0.02 sys=0.00, real=0.01 secs] 
260.609: Total time for which application threads were stopped: 0.0159810 seconds, Stopping threads took: 0.0000610 seconds
260.634: Application time: 0.0255710 seconds
260.635: [GC260.635: [DefNew: 65472K->7232K(65472K), 0.0159510 secs] 193124K->141869K(210744K), 0.0159960 secs] [Times: user=0.02 sys=0.00, real=0.01 secs] 
260.651: Total time for which application threads were stopped: 0.0163670 seconds, Stopping threads took: 0.0002560 seconds
260.677: Application time: 0.0262010 seconds
260.677: [GC260.677: [DefNew: 65472K->6868K(65472K), 0.0148110 secs] 200109K->146401K(210744K), 0.0148550 secs] [Times: user=0.01 sys=0.00, real=0.01 secs] 
260.692: Total time for which application threads were stopped: 0.0151140 seconds, Stopping threads took: 0.0001430 seconds
260.717: Application time: 0.0251760 seconds
260.717: [GC260.717: [DefNew: 65108K->7232K(65472K), 0.0152640 secs]260.733: [Tenured: 147099K->81100K(147192K), 0.1291590 secs] 204641K->81100K(212664K), [Perm : 8873K->8873K(21248K)], 0.1445760 secs] [Times: user=0.15 sys=0.00, real=0.14 secs] 
260.862: Total time for which application threads were stopped: 0.1448790 seconds, Stopping threads took: 0.0002080 seconds
260.888: Application time: 0.0259300 seconds
260.888: [GC260.888: [DefNew: 58240K->7232K(65472K), 0.0104730 secs] 139340K->90150K(210744K), 0.0105180 secs] [Times: user=0.01 sys=0.00, real=0.01 secs] 
260.899: Total time for which application threads were stopped: 0.0109150 seconds, Stopping threads took: 0.0002670 seconds
260.924: Application time: 0.0246840 seconds
260.924: [GC260.924: [DefNew: 65472K->3496K(65472K), 0.0121720 secs] 148390K->93292K(210744K), 0.0122160 secs] [Times: user=0.02 sys=0.00, real=0.02 secs] 
260.936: Total time for which application threads were stopped: 0.0124410 seconds, Stopping threads took: 0.0001250 seconds
260.960: Application time: 0.0243360 seconds
260.961: [GC260.961: [DefNew: 61736K->7231K(65472K), 0.0089100 secs] 151532K->98158K(210744K), 0.0089540 secs] [Times: user=0.01 sys=0.00, real=0.01 secs] 
260.970: Total time for which application threads were stopped: 0.0092700 seconds, Stopping threads took: 0.0002200 seconds
260.994: Application time: 0.0242830 seconds
260.994: [GC260.994: [DefNew: 65471K->7231K(65472K), 0.0187410 secs] 156398K->107226K(210744K), 0.0187870 secs] [Times: user=0.02 sys=0.00, real=0.02 secs] 
261.013: Total time for which application threads were stopped: 0.0190630 seconds, Stopping threads took: 0.0001810 seconds
261.038: Application time: 0.0255220 seconds
261.039: [GC261.039: [DefNew: 65471K->7231K(65472K), 0.0143580 secs] 165466K->114309K(210744K), 0.0144010 secs] [Times: user=0.02 sys=0.00, real=0.02 secs] 
261.053: Total time for which application threads were stopped: 0.0147010 seconds, Stopping threads took: 0.0001840 seconds
261.079: Application time: 0.0253850 seconds
261.079: [GC261.079: [DefNew: 65471K->5340K(65472K), 0.0129060 secs] 172549K->118079K(210744K), 0.0129470 secs] [Times: user=0.01 sys=0.00, real=0.01 secs] 
261.092: Total time for which application threads were stopped: 0.0132420 seconds, Stopping threads took: 0.0001770 seconds
261.116: Application time: 0.0242960 seconds
261.116: [GC261.116: [DefNew: 63580K->4644K(65472K), 0.0080950 secs] 176319K->120695K(210744K), 0.0081520 secs] [Times: user=0.00 sys=0.01, real=0.01 secs] 
261.125: Total time for which application threads were stopped: 0.0083610 seconds, Stopping threads took: 0.0001100 seconds
261.148: Application time: 0.0238560 seconds
261.149: [GC261.149: [DefNew: 62884K->7232K(65472K), 0.0086610 secs] 178935K->125937K(210744K), 0.0087120 secs] [Times: user=0.01 sys=0.00, real=0.01 secs] 
261.157: Total time for which application threads were stopped: 0.0089680 seconds, Stopping threads took: 0.0001540 seconds
261.181: Application time: 0.0234480 seconds
261.181: [GC261.181: [DefNew: 65472K->6521K(65472K), 0.0139430 secs] 184177K->131317K(210744K), 0.0139880 secs] [Times: user=0.01 sys=0.00, real=0.02 secs] 
261.195: Total time for which application threads were stopped: 0.0142180 seconds, Stopping threads took: 0.0001310 seconds
261.220: Application time: 0.0248540 seconds
261.220: [GC261.220: [DefNew: 64761K->7231K(65472K), 0.0123980 secs] 189557K->138444K(210744K), 0.0124520 secs] [Times: user=0.01 sys=0.00, real=0.02 secs] 
261.233: Total time for which application threads were stopped: 0.0126550 seconds, Stopping threads took: 0.0001040 seconds
261.257: Application time: 0.0239980 seconds
261.257: [GC261.257: [DefNew: 65471K->7232K(65472K), 0.0158250 secs] 196684K->144227K(210744K), 0.0158700 secs] [Times: user=0.02 sys=0.00, real=0.02 secs] 
261.273: Total time for which application threads were stopped: 0.0161670 seconds, Stopping threads took: 0.0001800 seconds
261.298: Application time: 0.0258280 seconds
261.299: [GC261.299: [DefNew: 65472K->7231K(65472K), 0.0141060 secs] 202467K->150619K(210744K), 0.0141600 secs] [Times: user=0.02 sys=0.00, real=0.02 secs] 
261.313: Total time for which application threads were stopped: 0.0144490 seconds, Stopping threads took: 0.0001900 seconds
261.338: Application time: 0.0254790 seconds
261.339: [GC261.339: [DefNew: 65471K->6605K(65472K), 0.0129190 secs]261.352: [Tenured: 147460K->84324K(147576K), 0.1272250 secs] 208859K->84324K(213048K), [Perm : 8873K->8873K(21248K)], 0.1403140 secs] [Times: user=0.14 sys=0.00, real=0.14 secs] 
261.479: Total time for which application threads were stopped: 0.1406190 seconds, Stopping threads took: 0.0002060 seconds
261.504: Application time: 0.0252200 seconds
261.505: [GC261.505: [DefNew: 58240K->7232K(65472K), 0.0123000 secs] 142564K->94804K(210744K), 0.0123420 secs] [Times: user=0.01 sys=0.00, real=0.01 secs] 
261.517: Total time for which application threads were stopped: 0.0126550 seconds, Stopping threads took: 0.0001840 seconds
261.542: Application time: 0.0255050 seconds
261.543: [GC261.543: [DefNew: 65472K->7231K(65472K), 0.0158660 secs] 153044K->101186K(210744K), 0.0159090 secs] [Times: user=0.01 sys=0.00, real=0.02 secs] 
261.559: Total time for which application threads were stopped: 0.0160750 seconds, Stopping threads took: 0.0000680 seconds
261.583: Application time: 0.0241430 seconds
261.583: [GC261.583: [DefNew: 65471K->3108K(65472K), 0.0093760 secs] 159426K->103800K(210744K), 0.0094210 secs] [Times: user=0.01 sys=0.00, real=0.01 secs] 
261.592: Total time for which application threads were stopped: 0.0096030 seconds, Stopping threads took: 0.0000860 seconds
261.617: Application time: 0.0247080 seconds
261.617: [GC261.617: [DefNew: 61348K->7232K(65472K), 0.0112190 secs] 162040K->111346K(210744K), 0.0112670 secs] [Times: user=0.02 sys=0.00, real=0.01 secs] 
261.628: Total time for which application threads were stopped: 0.0115010 seconds, Stopping threads took: 0.0001320 seconds
261.653: Application time: 0.0245390 seconds
261.653: [GC261.653: [DefNew: 65472K->7231K(65472K), 0.0176830 secs] 169586K->118434K(210744K), 0.0177260 secs] [Times: user=0.02 sys=0.00, real=0.01 secs] 
261.671: Total time for which application threads were stopped: 0.0179650 seconds, Stopping threads took: 0.0001230 seconds
261.698: Application time: 0.0266400 seconds
261.698: [GC261.698: [DefNew: 65471K->7231K(65472K), 0.0165530 secs] 176674K->124831K(210744K), 0.0165990 secs] [Times: user=0.02 sys=0.00, real=0.02 secs] 
261.715: Total time for which application threads were stopped: 0.0169240 seconds, Stopping threads took: 0.0002090 seconds
261.739: Application time: 0.0248540 seconds
261.740: [GC261.740: [DefNew: 65471K->3894K(65472K), 0.0120120 secs] 183071K->128067K(210744K), 0.0120570 secs] [Times: user=0.01 sys=0.00, real=0.01 secs] 
261.752: Total time for which application threads were stopped: 0.0122880 seconds, Stopping threads took: 0.0001320 seconds
261.776: Application time: 0.0246180 seconds
261.777: [GC261.777: [DefNew: 62134K->6461K(65472K), 0.0083810 secs] 186307K->132999K(210744K), 0.0084250 secs] [Times: user=0.01 sys=0.00, real=0.01 secs] 
261.785: Total time for which application threads were stopped: 0.0086290 seconds, Stopping threads took: 0.0000980 seconds
261.809: Application time: 0.0237080 seconds
261.809: [GC261.809: [DefNew: 64701K->7232K(65472K), 0.0136480 secs] 191239K->137557K(210744K), 0.0136950 secs] [Times: user=0.02 sys=0.00, real=0.01 secs] 
261.823: Total time for which application threads were stopped: 0.0139840 seconds, Stopping threads took: 0.0001940 seconds
261.846: Application time: 0.0238450 seconds
261.847: [GC261.847: [DefNew: 65472K->3724K(65472K), 0.0117320 secs] 195797K->140855K(210744K), 0.0117770 secs] [Times: user=0.01 sys=0.00, real=0.01 secs] 
261.859: Total time for which application threads were stopped: 0.0121170 seconds, Stopping threads took: 0.0002230 seconds
261.884: Application time: 0.0251160 seconds
261.884: [GC261.884: [DefNew: 61964K->7232K(65472K), 0.0134210 secs] 199095K->150529K(210744K), 0.0134670 secs] [Times: user=0.01 sys=0.00, real=0.02 secs] 
261.898: Total time for which application threads were stopped: 0.0138100 seconds, Stopping threads took: 0.0002150 seconds
261.922: Application time: 0.0242770 seconds
261.922: [GC261.922: [DefNew: 65472K->6607K(65472K), 0.0188820 secs]261.941: [Tenured: 149438K->84251K(149496K), 0.1246190 secs] 208769K->84251K(214968K), [Perm : 8873K->8873K(21248K)], 0.1437230 secs] [Times: user=0.14 sys=0.01, real=0.15 secs] 
262.066: Total time for which application threads were stopped: 0.1439640 seconds, Stopping threads took: 0.0001290 seconds
262.092: Application time: 0.0260450 seconds
262.092: [GC262.092: [DefNew: 58240K->7232K(65472K), 0.0118340 secs] 142491K->93011K(210744K), 0.0118800 secs] [Times: user=0.02 sys=0.00, real=0.01 secs] 
262.104: Total time for which application threads were stopped: 0.0121630 seconds, Stopping threads took: 0.0001740 seconds
262.130: Application time: 0.0257340 seconds
262.130: [GC262.130: [DefNew: 65472K->5858K(65472K), 0.0151700 secs] 151251K->98344K(210744K), 0.0152130 secs] [Times: user=0.02 sys=0.00, real=0.02 secs] 
262.145: Total time for which application threads were stopped: 0.0154230 seconds, Stopping threads took: 0.0001120 seconds
262.170: Application time: 0.0251800 seconds
262.171: [GC262.171: [DefNew: 64098K->7231K(65472K), 0.0138840 secs] 156584K->105825K(210744K), 0.0139290 secs] [Times: user=0.01 sys=0.00, real=0.02 secs] 
262.185: Total time for which application threads were stopped: 0.0141960 seconds, Stopping threads took: 0.0001670 seconds
262.210: Application time: 0.0249990 seconds
262.210: [GC262.210: [DefNew: 65471K->5388K(65472K), 0.0137490 secs] 164065K->110977K(210744K), 0.0137950 secs] [Times: user=0.02 sys=0.00, real=0.01 secs] 
262.224: Total time for which application threads were stopped: 0.0140370 seconds, Stopping threads took: 0.0001440 seconds
262.248: Application time: 0.0240070 seconds
262.248: [GC262.248: [DefNew: 63628K->2717K(65472K), 0.0062250 secs] 169217K->111991K(210744K), 0.0062650 secs] [Times: user=0.00 sys=0.00, real=0.01 secs] 
262.254: Total time for which application threads were stopped: 0.0064520 seconds, Stopping threads took: 0.0000880 seconds
262.279: Application time: 0.0247050 seconds
262.279: [GC262.279: [DefNew: 60957K->7231K(65472K), 0.0155250 secs] 170231K->122898K(210744K), 0.0155710 secs] [Times: user=0.02 sys=0.00, real=0.02 secs] 
262.295: Total time for which application threads were stopped: 0.0158160 seconds, Stopping threads took: 0.0001490 seconds
262.319: Application time: 0.0247830 seconds
262.320: [GC262.320: [DefNew: 65471K->7231K(65472K), 0.0142470 secs] 181138K->129043K(210744K), 0.0142920 secs] [Times: user=0.01 sys=0.00, real=0.02 secs] 
262.334: Total time for which application threads were stopped: 0.0145000 seconds, Stopping threads took: 0.0001120 seconds
262.360: Application time: 0.0263380 seconds
262.360: [GC262.360: [DefNew: 65471K->6207K(65472K), 0.0146960 secs] 187283K->134743K(210744K), 0.0147390 secs] [Times: user=0.02 sys=0.00, real=0.02 secs] 
262.375: Total time for which application threads were stopped: 0.0149310 seconds, Stopping threads took: 0.0000930 seconds
262.400: Application time: 0.0246460 seconds
262.400: [GC262.400: [DefNew: 64447K->2764K(65472K), 0.0085350 secs] 192983K->135626K(210744K), 0.0085780 secs] [Times: user=0.01 sys=0.00, real=0.01 secs] 
262.409: Total time for which application threads were stopped: 0.0089300 seconds, Stopping threads took: 0.0002550 seconds
262.433: Application time: 0.0238470 seconds
262.433: [GC262.433: [DefNew: 61004K->7232K(65472K), 0.0106300 secs] 193866K->143545K(210744K), 0.0106750 secs] [Times: user=0.01 sys=0.00, real=0.00 secs] 
262.444: Total time for which application threads were stopped: 0.0109650 seconds, Stopping threads took: 0.0001720 seconds
262.467: Application time: 0.0238120 seconds
262.468: [GC262.468: [DefNew: 65472K->7231K(65472K), 0.0203660 secs] 201785K->151006K(210744K), 0.0204110 secs] [Times: user=0.02 sys=0.00, real=0.02 secs] 
262.488: Total time for which application threads were stopped: 0.0207640 seconds, Stopping threads took: 0.0002360 seconds
262.513: Application time: 0.0245210 seconds
262.513: [GC262.513: [DefNew: 65471K->5207K(65472K), 0.0106260 secs]262.524: [Tenured: 150053K->81591K(150072K), 0.1201000 secs] 209246K->81591K(215544K), [Perm : 8873K->8873K(21248K)], 0.1309760 secs] [Times: user=0.13 sys=0.00, real=0.12 secs] 
262.644: Total time for which application threads were stopped: 0.1312570 seconds, Stopping threads took: 0.0001660 seconds
262.669: Application time: 0.0252110 seconds
262.669: [GC262.669: [DefNew: 58240K->7232K(65472K), 0.0152580 secs] 139831K->92812K(210744K), 0.0153040 secs] [Times: user=0.02 sys=0.00, real=0.02 secs] 
262.685: Total time for which application threads were stopped: 0.0156770 seconds, Stopping threads took: 0.0002440 seconds
262.710: Application time: 0.0252720 seconds
262.710: [GC262.710: [DefNew: 65472K->6389K(65472K), 0.0137610 secs] 151052K->98752K(210744K), 0.0138080 secs] [Times: user=0.01 sys=0.00, real=0.01 secs] 
262.724: Total time for which application threads were stopped: 0.0142090 seconds, Stopping threads took: 0.0002820 seconds
262.750: Application time: 0.0257730 seconds
262.750: [GC262.750: [DefNew: 64590K->7231K(65472K), 0.0153800 secs] 156953K->104181K(210744K), 0.0154230 secs] [Times: user=0.01 sys=0.00, real=0.02 secs] 
262.766: Total time for which application threads were stopped: 0.0157660 seconds, Stopping threads took: 0.0002480 seconds
262.791: Application time: 0.0250110 seconds
262.791: [GC262.791: [DefNew: 65471K->7231K(65472K), 0.0135890 secs] 162421K->110954K(210744K), 0.0136330 secs] [Times: user=0.02 sys=0.00, real=0.02 secs] 
262.805: Total time for which application threads were stopped: 0.0138030 seconds, Stopping threads took: 0.0000730 seconds
262.830: Application time: 0.0255470 seconds
262.831: [GC262.831: [DefNew: 65471K->7232K(65472K), 0.0180860 secs] 169194K->118222K(210744K), 0.0181290 secs] [Times: user=0.02 sys=0.00, real=0.02 secs] 
262.849: Total time for which application threads were stopped: 0.0184950 seconds, Stopping threads took: 0.0002490 seconds
262.873: Application time: 0.0246700 seconds
262.874: [GC262.874: [DefNew: 65472K->3003K(65472K), 0.0109510 secs] 176462K->120074K(210744K), 0.0109950 secs] [Times: user=0.01 sys=0.00, real=0.01 secs] 
262.885: Total time for which application threads were stopped: 0.0111920 seconds, Stopping threads took: 0.0000990 seconds
262.909: Application time: 0.0241370 seconds
262.909: [GC262.909: [DefNew: 61243K->7231K(65472K), 0.0078400 secs] 178314K->125730K(210744K), 0.0078850 secs] [Times: user=0.01 sys=0.00, real=0.01 secs] 
262.917: Total time for which application threads were stopped: 0.0081410 seconds, Stopping threads took: 0.0001580 seconds
262.942: Application time: 0.0247290 seconds
262.942: [GC262.942: [DefNew: 65471K->7232K(65472K), 0.0183200 secs] 183970K->134541K(210744K), 0.0183680 secs] [Times: user=0.02 sys=0.00, real=0.02 secs] 
262.960: Total time for which application threads were stopped: 0.0187420 seconds, Stopping threads took: 0.0002570 seconds
262.986: Application time: 0.0256990 seconds
262.986: [GC262.986: [DefNew: 65472K->6000K(65472K), 0.0124350 secs] 192781K->139002K(210744K), 0.0124800 secs] [Times: user=0.01 sys=0.00, real=0.01 secs] 
262.999: Total time for which application threads were stopped: 0.0126990 seconds, Stopping threads took: 0.0001200 seconds
263.024: Application time: 0.0248500 seconds
263.024: [GC263.024: [DefNew: 64240K->5247K(65472K), 0.0117540 secs] 197242K->143358K(210744K), 0.0117990 secs] [Times: user=0.01 sys=0.00, real=0.02 secs] 
263.036: Total time for which application threads were stopped: 0.0119900 seconds, Stopping threads took: 0.0000910 seconds
263.060: Application time: 0.0242760 seconds
263.060: [GC263.060: [DefNew: 63487K->5906K(65472K), 0.0088120 secs] 201598K->147356K(210744K), 0.0088550 secs] [Times: user=0.00 sys=0.00, real=0.01 secs] 
263.069: Total time for which application threads were stopped: 0.0091760 seconds, Stopping threads took: 0.0002050 seconds
263.093: Application time: 0.0239340 seconds
263.093: [GC263.093: [DefNew: 64146K->7232K(65472K), 0.0129700 secs]263.106: [Tenured: 145701K->75928K(145848K), 0.1176050 secs] 205596K->75928K(211320K), [Perm : 8873K->8873K(21248K)], 0.1306800 secs] [Times: user=0.13 sys=0.00, real=0.12 secs] 
263.224: Total time for which application threads were stopped: 0.1309770 seconds, Stopping threads took: 0.0002030 seconds
263.248: Application time: 0.0238250 seconds
263.248: [GC263.248: [DefNew: 58240K->4424K(65472K), 0.0047920 secs] 134168K->80353K(210744K), 0.0048340 secs] [Times: user=0.00 sys=0.00, real=0.01 secs] 
263.253: Total time for which application threads were stopped: 0.0051900 seconds, Stopping threads took: 0.0002260 seconds
263.278: Application time: 0.0246510 seconds
263.278: [GC263.278: [DefNew: 62664K->7232K(65472K), 0.0124490 secs] 138593K->89035K(210744K), 0.0124940 secs] [Times: user=0.01 sys=0.00, real=0.01 secs] 
263.290: Total time for which application threads were stopped: 0.0128430 seconds, Stopping threads took: 0.0002310 seconds
263.316: Application time: 0.0251060 seconds
263.316: [GC263.316: [DefNew: 65472K->7231K(65472K), 0.0170390 secs] 147275K->95966K(210744K), 0.0170830 secs] [Times: user=0.02 sys=0.00, real=0.02 secs] 
263.333: Total time for which application threads were stopped: 0.0175140 seconds, Stopping threads took: 0.0003120 seconds
263.360: Application time: 0.0264980 seconds
263.360: [GC263.360: [DefNew: 65471K->7232K(65472K), 0.0119530 secs] 154206K->101517K(210744K), 0.0119950 secs] [Times: user=0.01 sys=0.00, real=0.01 secs] 
263.372: Total time for which application threads were stopped: 0.0122540 seconds, Stopping threads took: 0.0001510 seconds
263.398: Application time: 0.0259060 seconds
263.398: [GC263.398: [DefNew: 65472K->4451K(65472K), 0.0100530 secs] 159757K->104632K(210744K), 0.0100970 secs] [Times: user=0.01 sys=0.00, real=0.01 secs] 
263.408: Total time for which application threads were stopped: 0.0103540 seconds, Stopping threads took: 0.0001480 seconds
263.433: Application time: 0.0254150 seconds
263.434: [GC263.434: [DefNew: 62691K->7232K(65472K), 0.0123260 secs] 162872K->112350K(210744K), 0.0123710 secs] [Times: user=0.02 sys=0.00, real=0.01 secs] 
263.446: Total time for which application threads were stopped: 0.0126340 seconds, Stopping threads took: 0.0001550 seconds
263.472: Application time: 0.0256560 seconds
263.472: [GC263.472: [DefNew: 65472K->6174K(65472K), 0.0130500 secs] 170590K->117512K(210744K), 0.0130940 secs] [Times: user=0.02 sys=0.00, real=0.02 secs] 
263.485: Total time for which application threads were stopped: 0.0134160 seconds, Stopping threads took: 0.0002130 seconds
263.509: Application time: 0.0242390 seconds
263.510: [GC263.510: [DefNew: 64414K->2868K(65472K), 0.0084180 secs] 175752K->119993K(210744K), 0.0084650 secs] [Times: user=0.01 sys=0.00, real=0.01 secs] 
263.518: Total time for which application threads were stopped: 0.0086440 seconds, Stopping threads took: 0.0000820 seconds
263.542: Application time: 0.0242230 seconds
263.543: [GC263.543: [DefNew: 61108K->7231K(65472K), 0.0107150 secs] 178233K->127296K(210744K), 0.0107560 secs] [Times: user=0.01 sys=0.00, real=0.02 secs] 
263.553: Total time for which application threads were stopped: 0.0111650 seconds, Stopping threads took: 0.0002960 seconds
263.577: Application time: 0.0239940 seconds
263.578: [GC263.578: [DefNew: 65471K->7231K(65472K), 0.0190700 secs] 185536K->133882K(210744K), 0.0191130 secs] [Times: user=0.02 sys=0.00, real=0.02 secs] 
263.597: Total time for which application threads were stopped: 0.0194660 seconds, Stopping threads took: 0.0002370 seconds
263.623: Application time: 0.0261610 seconds
263.623: [GC263.623: [DefNew: 65471K->6243K(65472K), 0.0103420 secs] 192122K->138122K(210744K), 0.0103850 secs] [Times: user=0.01 sys=0.00, real=0.02 secs] 
263.634: Total time for which application threads were stopped: 0.0105450 seconds, Stopping threads took: 0.0000620 seconds
263.658: Application time: 0.0241900 seconds
263.658: [GC263.658: [DefNew: 64483K->5383K(65472K), 0.0122200 secs] 196362K->142647K(210744K), 0.0122720 secs] [Times: user=0.01 sys=0.00, real=0.01 secs] 
263.670: Total time for which application threads were stopped: 0.0125160 seconds, Stopping threads took: 0.0001460 seconds
263.695: Application time: 0.0245160 seconds
263.695: [GC263.695: [DefNew: 63623K->7231K(65472K), 0.0142720 secs] 200887K->150214K(210744K), 0.0143270 secs] [Times: user=0.01 sys=0.00, real=0.01 secs] 
263.709: Total time for which application threads were stopped: 0.0146080 seconds, Stopping threads took: 0.0001630 seconds
263.734: Application time: 0.0241610 seconds
263.734: [GC263.734: [DefNew: 65471K->7231K(65472K), 0.0167770 secs]263.751: [Tenured: 148976K->84277K(149112K), 0.1192740 secs] 208454K->84277K(214584K), [Perm : 8873K->8873K(21248K)], 0.1362620 secs] [Times: user=0.13 sys=0.00, real=0.13 secs] 
263.870: Total time for which application threads were stopped: 0.1364350 seconds, Stopping threads took: 0.0000790 seconds
263.894: Application time: 0.0237860 seconds
263.894: [GC263.894: [DefNew: 58240K->4647K(65472K), 0.0055920 secs] 142517K->88925K(210744K), 0.0056330 secs] [Times: user=0.01 sys=0.00, real=0.00 secs] 
263.900: Total time for which application threads were stopped: 0.0059390 seconds, Stopping threads took: 0.0001790 seconds
263.925: Application time: 0.0254440 seconds
263.925: [GC263.925: [DefNew: 62887K->7231K(65472K), 0.0150520 secs] 147165K->98796K(210744K), 0.0150910 secs] [Times: user=0.02 sys=0.00, real=0.01 secs] 
263.941: Total time for which application threads were stopped: 0.0152540 seconds, Stopping threads took: 0.0000640 seconds
263.966: Application time: 0.0252310 seconds
263.966: [GC263.966: [DefNew: 65471K->7231K(65472K), 0.0187450 secs] 157036K->106334K(210744K), 0.0187900 secs] [Times: user=0.02 sys=0.00, real=0.02 secs] 
263.985: Total time for which application threads were stopped: 0.0190820 seconds, Stopping threads took: 0.0001780 seconds
264.012: Application time: 0.0267060 seconds
264.012: [GC264.012: [DefNew: 65471K->7232K(65472K), 0.0163550 secs] 164574K->111608K(210744K), 0.0163980 secs] [Times: user=0.02 sys=0.00, real=0.02 secs] 
264.028: Total time for which application threads were stopped: 0.0166660 seconds, Stopping threads took: 0.0001710 seconds
264.054: Application time: 0.0259370 seconds
264.054: [GC264.054: [DefNew: 65472K->7231K(65472K), 0.0126480 secs] 169848K->117372K(210744K), 0.0126940 secs] [Times: user=0.01 sys=0.00, real=0.01 secs] 
264.067: Total time for which application threads were stopped: 0.0129080 seconds, Stopping threads took: 0.0001160 seconds
264.092: Application time: 0.0252630 seconds
264.093: [GC264.093: [DefNew: 65471K->7232K(65472K), 0.0132050 secs] 175612K->123355K(210744K), 0.0132500 secs] [Times: user=0.01 sys=0.00, real=0.01 secs] 
264.106: Total time for which application threads were stopped: 0.0134610 seconds, Stopping threads took: 0.0000990 seconds
264.131: Application time: 0.0247770 seconds
264.133: [GC264.133: [DefNew: 65472K->3571K(65472K), 0.0085870 secs] 181595K->125715K(210744K), 0.0086300 secs] [Times: user=0.01 sys=0.00, real=0.00 secs] 
264.141: Total time for which application threads were stopped: 0.0106800 seconds, Stopping threads took: 0.0019500 seconds
264.165: Application time: 0.0238300 seconds
264.165: [GC264.165: [DefNew: 61811K->4736K(65472K), 0.0047260 secs] 183955K->126880K(210744K), 0.0047660 secs] [Times: user=0.01 sys=0.00, real=0.00 secs] 
264.170: Total time for which application threads were stopped: 0.0049830 seconds, Stopping threads took: 0.0001160 seconds
264.193: Application time: 0.0232150 seconds
264.194: [GC264.194: [DefNew: 62976K->7231K(65472K), 0.0154460 secs] 185120K->136790K(210744K), 0.0154940 secs] [Times: user=0.02 sys=0.00, real=0.01 secs] 
264.209: Total time for which application threads were stopped: 0.0158130 seconds, Stopping threads took: 0.0002220 seconds
264.233: Application time: 0.0239040 seconds
264.233: [GC264.233: [DefNew: 65471K->7005K(65472K), 0.0139570 secs] 195030K->142418K(210744K), 0.0140000 secs] [Times: user=0.01 sys=0.00, real=0.01 secs] 
264.247: Total time for which application threads were stopped: 0.0141930 seconds, Stopping threads took: 0.0000860 seconds
264.273: Application time: 0.0253660 seconds
264.273: [GC264.273: [DefNew: 65245K->5240K(65472K), 0.0104980 secs] 200658K->147381K(210744K), 0.0105410 secs] [Times: user=0.01 sys=0.00, real=0.00 secs] 
264.283: Total time for which application threads were stopped: 0.0107380 seconds, Stopping threads took: 0.0000980 seconds
264.307: Application time: 0.0238420 seconds
264.307: [GC264.307: [DefNew: 63480K->4383K(65472K), 0.0080160 secs]264.315: [Tenured: 145676K->83868K(145848K), 0.1178470 secs] 205621K->83868K(211320K), [Perm : 8873K->8873K(21248K)], 0.1259580 secs] [Times: user=0.12 sys=0.00, real=0.13 secs] 
264.433: Total time for which application threads were stopped: 0.1262560 seconds, Stopping threads took: 0.0001850 seconds
264.459: Application time: 0.0250960 seconds
264.459: [GC264.459: [DefNew: 58240K->7231K(65472K), 0.0121560 secs] 142108K->93580K(210744K), 0.0122020 secs] [Times: user=0.01 sys=0.00, real=0.01 secs] 
264.471: Total time for which application threads were stopped: 0.0124570 seconds, Stopping threads took: 0.0001340 seconds
264.495: Application time: 0.0241780 seconds
264.495: [GC264.495: [DefNew: 65471K->6262K(65472K), 0.0143000 secs] 151820K->99127K(210744K), 0.0143440 secs] [Times: user=0.02 sys=0.00, real=0.01 secs] 
264.510: Total time for which application threads were stopped: 0.0146030 seconds, Stopping threads took: 0.0001440 seconds
264.533: Application time: 0.0236200 seconds
264.534: [GC264.534: [DefNew: 64502K->7231K(65472K), 0.0129390 secs] 157367K->106922K(210744K), 0.0129820 secs] [Times: user=0.02 sys=0.00, real=0.01 secs] 
264.547: Total time for which application threads were stopped: 0.0132510 seconds, Stopping threads took: 0.0001540 seconds
264.572: Application time: 0.0254310 seconds
264.572: [GC264.572: [DefNew: 65471K->7232K(65472K), 0.0219170 secs] 165162K->117307K(210744K), 0.0219610 secs] [Times: user=0.02 sys=0.00, real=0.03 secs] 
264.594: Total time for which application threads were stopped: 0.0222070 seconds, Stopping threads took: 0.0001500 seconds
264.621: Application time: 0.0263430 seconds
264.621: [GC264.621: [DefNew: 65472K->7232K(65472K), 0.0206960 secs] 175547K->125221K(210744K), 0.0207390 secs] [Times: user=0.02 sys=0.00, real=0.02 secs] 
264.642: Total time for which application threads were stopped: 0.0209720 seconds, Stopping threads took: 0.0001370 seconds
264.668: Application time: 0.0267500 seconds
264.669: [GC264.669: [DefNew: 65472K->4535K(65472K), 0.0104570 secs] 183461K->128516K(210744K), 0.0105010 secs] [Times: user=0.01 sys=0.00, real=0.01 secs] 
264.679: Total time for which application threads were stopped: 0.0107040 seconds, Stopping threads took: 0.0001050 seconds
264.705: Application time: 0.0258090 seconds
264.705: [GC264.705: [DefNew: 62775K->7232K(65472K), 0.0126680 secs] 186756K->136566K(210744K), 0.0127110 secs] [Times: user=0.01 sys=0.00, real=0.01 secs] 
264.718: Total time for which application threads were stopped: 0.0128960 seconds, Stopping threads took: 0.0000880 seconds
264.743: Application time: 0.0249080 seconds
264.743: [GC264.743: [DefNew: 65472K->7108K(65472K), 0.0168560 secs] 194806K->142989K(210744K), 0.0168990 secs] [Times: user=0.02 sys=0.00, real=0.02 secs] 
264.760: Total time for which application threads were stopped: 0.0171660 seconds, Stopping threads took: 0.0001490 seconds
264.785: Application time: 0.0247190 seconds
264.785: [GC264.785: [DefNew: 65348K->3041K(65472K), 0.0087040 secs] 201229K->145692K(210744K), 0.0087460 secs] [Times: user=0.01 sys=0.00, real=0.01 secs] 
264.794: Total time for which application threads were stopped: 0.0089480 seconds, Stopping threads took: 0.0001050 seconds
264.817: Application time: 0.0236490 seconds
264.817: [GC264.817: [DefNew: 61281K->6193K(65472K), 0.0054120 secs] 203932K->148843K(210744K), 0.0054540 secs] [Times: user=0.01 sys=0.00, real=0.00 secs] 
264.823: Total time for which application threads were stopped: 0.0057100 seconds, Stopping threads took: 0.0001580 seconds
264.846: Application time: 0.0235910 seconds
264.847: [GC264.847: [DefNew: 64433K->7232K(65472K), 0.0198950 secs]264.867: [Tenured: 150523K->82622K(150648K), 0.1220440 secs] 207083K->82622K(216120K), [Perm : 8873K->8873K(21248K)], 0.1421960 secs] [Times: user=0.13 sys=0.00, real=0.14 secs] 
264.989: Total time for which application threads were stopped: 0.1423920 seconds, Stopping threads took: 0.0000810 seconds
265.014: Application time: 0.0254580 seconds
265.015: [GC265.015: [DefNew: 58240K->4407K(65472K), 0.0066190 secs] 140862K->87029K(210744K), 0.0066570 secs] [Times: user=0.00 sys=0.00, real=0.00 secs] 
265.021: Total time for which application threads were stopped: 0.0071060 seconds, Stopping threads took: 0.0003260 seconds
265.046: Application time: 0.0246600 seconds
265.046: [GC265.046: [DefNew: 62647K->7232K(65472K), 0.0124000 secs] 145269K->94040K(210744K), 0.0124450 secs] [Times: user=0.01 sys=0.00, real=0.01 secs] 
265.059: Total time for which application threads were stopped: 0.0127320 seconds, Stopping threads took: 0.0001690 seconds
265.083: Application time: 0.0241230 seconds
265.083: [GC265.083: [DefNew: 65472K->7231K(65472K), 0.0136640 secs] 152280K->100004K(210744K), 0.0137060 secs] [Times: user=0.02 sys=0.00, real=0.02 secs] 
265.097: Total time for which application threads were stopped: 0.0139840 seconds, Stopping threads took: 0.0001810 seconds
265.121: Application time: 0.0242470 seconds
265.121: [GC265.121: [DefNew: 65471K->7231K(65472K), 0.0165860 secs] 158244K->107095K(210744K), 0.0166320 secs] [Times: user=0.02 sys=0.00, real=0.02 secs] 
265.138: Total time for which application threads were stopped: 0.0168650 seconds, Stopping threads took: 0.0001360 seconds
265.162: Application time: 0.0243600 seconds
265.163: [GC265.163: [DefNew: 65471K->3151K(65472K), 0.0073240 secs] 165335K->107069K(210744K), 0.0073690 secs] [Times: user=0.01 sys=0.00, real=0.01 secs] 
265.170: Total time for which application threads were stopped: 0.0076090 seconds, Stopping threads took: 0.0001410 seconds
265.194: Application time: 0.0241460 seconds
265.194: [GC265.194: [DefNew: 61391K->7232K(65472K), 0.0116420 secs] 165309K->116657K(210744K), 0.0116830 secs] [Times: user=0.02 sys=0.00, real=0.01 secs] 
265.206: Total time for which application threads were stopped: 0.0118940 seconds, Stopping threads took: 0.0001010 seconds
265.231: Application time: 0.0253170 seconds
265.232: [GC265.232: [DefNew: 65472K->7232K(65472K), 0.0186450 secs] 174897K->126048K(210744K), 0.0186880 secs] [Times: user=0.02 sys=0.00, real=0.02 secs] 
265.250: Total time for which application threads were stopped: 0.0189100 seconds, Stopping threads took: 0.0001260 seconds
265.277: Application time: 0.0269190 seconds
265.277: [GC265.277: [DefNew: 65472K->7232K(65472K), 0.0160670 secs] 184288K->132597K(210744K), 0.0161100 secs] [Times: user=0.02 sys=0.00, real=0.02 secs] 
265.294: Total time for which application threads were stopped: 0.0163050 seconds, Stopping threads took: 0.0000970 seconds
265.320: Application time: 0.0263350 seconds
265.320: [GC265.320: [DefNew: 65472K->5816K(65472K), 0.0118970 secs] 190837K->137050K(210744K), 0.0119390 secs] [Times: user=0.01 sys=0.00, real=0.01 secs] 
265.332: Total time for which application threads were stopped: 0.0122260 seconds, Stopping threads took: 0.0001880 seconds
265.358: Application time: 0.0260360 seconds
265.358: [GC265.358: [DefNew: 64056K->7232K(65472K), 0.0143390 secs] 195290K->143508K(210744K), 0.0143820 secs] [Times: user=0.01 sys=0.00, real=0.02 secs] 
265.373: Total time for which application threads were stopped: 0.0145840 seconds, Stopping threads took: 0.0001060 seconds
265.399: Application time: 0.0258880 seconds
265.399: [GC265.399: [DefNew: 65472K->6016K(65472K), 0.0157450 secs] 201748K->149245K(210744K), 0.0157890 secs] [Times: user=0.02 sys=0.00, real=0.02 secs] 
265.415: Total time for which application threads were stopped: 0.0160310 seconds, Stopping threads took: 0.0001430 seconds
265.439: Application time: 0.0241630 seconds
265.439: [GC265.439: [DefNew: 64256K->2808K(65472K), 0.0075140 secs]265.447: [Tenured: 147054K->76939K(147192K), 0.1261670 secs] 207485K->76939K(212664K), [Perm : 8873K->8873K(21248K)], 0.1338330 secs] [Times: user=0.13 sys=0.00, real=0.14 secs] 
265.573: Total time for which application threads were stopped: 0.1340210 seconds, Stopping threads took: 0.0000920 seconds
265.596: Application time: 0.0233020 seconds
265.596: [GC265.596: [DefNew: 58240K->7231K(65472K), 0.0089530 secs] 135179K->85657K(210744K), 0.0090050 secs] [Times: user=0.01 sys=0.01, real=0.01 secs] 
265.605: Total time for which application threads were stopped: 0.0093300 seconds, Stopping threads took: 0.0001930 seconds
265.629: Application time: 0.0236170 seconds
265.629: [GC265.629: [DefNew: 65471K->7231K(65472K), 0.0177260 secs] 143897K->93324K(210744K), 0.0177700 secs] [Times: user=0.02 sys=0.00, real=0.02 secs] 
265.647: Total time for which application threads were stopped: 0.0180540 seconds, Stopping threads took: 0.0001680 seconds
265.672: Application time: 0.0245460 seconds
265.672: [GC265.672: [DefNew: 65471K->3794K(65472K), 0.0120040 secs] 151564K->96489K(210744K), 0.0120500 secs] [Times: user=0.01 sys=0.00, real=0.01 secs] 
265.684: Total time for which application threads were stopped: 0.0122890 seconds, Stopping threads took: 0.0001420 seconds
265.708: Application time: 0.0243590 seconds
265.709: [GC265.709: [DefNew: 62034K->5838K(65472K), 0.0097480 secs] 154729K->101029K(210744K), 0.0097900 secs] [Times: user=0.01 sys=0.00, real=0.01 secs] 
265.718: Total time for which application threads were stopped: 0.0099830 seconds, Stopping threads took: 0.0000970 seconds
265.743: Application time: 0.0244040 seconds
265.743: [GC265.743: [DefNew: 64078K->7231K(65472K), 0.0127200 secs] 159269K->108392K(210744K), 0.0127670 secs] [Times: user=0.01 sys=0.00, real=0.02 secs] 
265.756: Total time for which application threads were stopped: 0.0130540 seconds, Stopping threads took: 0.0001890 seconds
265.781: Application time: 0.0251890 seconds
265.781: [GC265.781: [DefNew: 65471K->7231K(65472K), 0.0161290 secs] 166632K->115024K(210744K), 0.0161730 secs] [Times: user=0.01 sys=0.00, real=0.02 secs] 
265.798: Total time for which application threads were stopped: 0.0165110 seconds, Stopping threads took: 0.0002220 seconds
265.822: Application time: 0.0244530 seconds
265.822: [GC265.822: [DefNew: 65471K->6773K(65472K), 0.0113080 secs] 173264K->118727K(210744K), 0.0113540 secs] [Times: user=0.01 sys=0.00, real=0.02 secs] 
265.834: Total time for which application threads were stopped: 0.0115830 seconds, Stopping threads took: 0.0001120 seconds
265.859: Application time: 0.0249820 seconds
265.859: [GC265.859: [DefNew: 65013K->7231K(65472K), 0.0170010 secs] 176967K->126607K(210744K), 0.0170460 secs] [Times: user=0.02 sys=0.00, real=0.02 secs] 
265.876: Total time for which application threads were stopped: 0.0173770 seconds, Stopping threads took: 0.0002170 seconds
265.902: Application time: 0.0262680 seconds
265.902: [GC265.902: [DefNew: 65471K->7231K(65472K), 0.0165150 secs] 184847K->133499K(210744K), 0.0165590 secs] [Times: user=0.02 sys=0.00, real=0.02 secs] 
265.919: Total time for which application threads were stopped: 0.0168880 seconds, Stopping threads took: 0.0002130 seconds
265.946: Application time: 0.0265030 seconds
265.946: [GC265.946: [DefNew: 65471K->7222K(65472K), 0.0140730 secs] 191739K->138262K(210744K), 0.0141170 secs] [Times: user=0.01 sys=0.00, real=0.01 secs] 
265.960: Total time for which application threads were stopped: 0.0144360 seconds, Stopping threads took: 0.0002010 seconds
265.986: Application time: 0.0262280 seconds
265.987: [GC265.987: [DefNew: 65462K->7232K(65472K), 0.0138850 secs] 196502K->145104K(210744K), 0.0139300 secs] [Times: user=0.01 sys=0.00, real=0.01 secs] 
266.001: Total time for which application threads were stopped: 0.0142960 seconds, Stopping threads took: 0.0002500 seconds
266.026: Application time: 0.0255230 seconds
266.026: [GC266.026: [DefNew: 65472K->7231K(65472K), 0.0181200 secs] 203344K->152248K(210744K), 0.0181650 secs] [Times: user=0.02 sys=0.00, real=0.02 secs] 
266.045: Total time for which application threads were stopped: 0.0184970 seconds, Stopping threads took: 0.0002060 seconds
266.070: Application time: 0.0253930 seconds
266.070: [GC266.070: [DefNew: 65471K->3706K(65472K), 0.0118280 secs]266.082: [Tenured: 151097K->77836K(151224K), 0.1207240 secs] 210488K->77836K(216696K), [Perm : 8873K->8873K(21248K)], 0.1328170 secs] [Times: user=0.13 sys=0.00, real=0.13 secs] 
266.203: Total time for which application threads were stopped: 0.1330220 seconds, Stopping threads took: 0.0001100 seconds
266.227: Application time: 0.0237720 seconds
266.227: [GC266.227: [DefNew: 58240K->6533K(65472K), 0.0068970 secs] 136076K->84370K(210744K), 0.0069420 secs] [Times: user=0.01 sys=0.00, real=0.01 secs] 
266.234: Total time for which application threads were stopped: 0.0073830 seconds, Stopping threads took: 0.0003130 seconds
266.257: Application time: 0.0232390 seconds
266.258: [GC266.258: [DefNew: 64773K->7232K(65472K), 0.0144840 secs] 142610K->91963K(210744K), 0.0145290 secs] [Times: user=0.01 sys=0.00, real=0.01 secs] 
266.272: Total time for which application threads were stopped: 0.0148050 seconds, Stopping threads took: 0.0001690 seconds
266.297: Application time: 0.0247320 seconds
266.297: [GC266.297: [DefNew: 65472K->6319K(65472K), 0.0153670 secs] 150203K->97294K(210744K), 0.0154100 secs] [Times: user=0.02 sys=0.00, real=0.02 secs] 
266.313: Total time for which application threads were stopped: 0.0158000 seconds, Stopping threads took: 0.0002730 seconds
266.337: Application time: 0.0243660 seconds
266.337: [GC266.337: [DefNew: 64559K->5431K(65472K), 0.0107490 secs] 155534K->102264K(210744K), 0.0107940 secs] [Times: user=0.01 sys=0.00, real=0.01 secs] 
266.348: Total time for which application threads were stopped: 0.0110370 seconds, Stopping threads took: 0.0001280 seconds
266.372: Application time: 0.0236470 seconds
266.372: [GC266.372: [DefNew: 63671K->6919K(65472K), 0.0102220 secs] 160504K->107433K(210744K), 0.0102640 secs] [Times: user=0.01 sys=0.00, real=0.01 secs] 
266.382: Total time for which application threads were stopped: 0.0105330 seconds, Stopping threads took: 0.0001510 seconds
266.407: Application time: 0.0249560 seconds
266.407: [GC266.408: [DefNew: 65159K->7232K(65472K), 0.0167080 secs] 165673K->114162K(210744K), 0.0167530 secs] [Times: user=0.02 sys=0.00, real=0.01 secs] 
266.424: Total time for which application threads were stopped: 0.0170110 seconds, Stopping threads took: 0.0001430 seconds
266.449: Application time: 0.0243050 seconds
266.449: [GC266.449: [DefNew: 65472K->3572K(65472K), 0.0116480 secs] 172402K->117579K(210744K), 0.0116920 secs] [Times: user=0.01 sys=0.00, real=0.01 secs] 
266.461: Total time for which application threads were stopped: 0.0119180 seconds, Stopping threads took: 0.0001270 seconds
266.485: Application time: 0.0245660 seconds
266.485: [GC266.485: [DefNew: 61812K->7232K(65472K), 0.0139690 secs] 175819K->127558K(210744K), 0.0140150 secs] [Times: user=0.01 sys=0.00, real=0.01 secs] 
266.499: Total time for which application threads were stopped: 0.0142240 seconds, Stopping threads took: 0.0001150 seconds
266.524: Application time: 0.0249240 seconds
266.524: [GC266.524: [DefNew: 65472K->7232K(65472K), 0.0197270 secs] 185798K->136595K(210744K), 0.0197720 secs] [Times: user=0.02 sys=0.00, real=0.01 secs] 
266.544: Total time for which application threads were stopped: 0.0200370 seconds, Stopping threads took: 0.0001610 seconds
266.571: Application time: 0.0266650 seconds
266.571: [GC266.571: [DefNew: 65472K->7231K(65472K), 0.0176820 secs] 194835K->143846K(210744K), 0.0177260 secs] [Times: user=0.02 sys=0.00, real=0.02 secs] 
266.589: Total time for which application threads were stopped: 0.0179250 seconds, Stopping threads took: 0.0001020 seconds
266.615: Application time: 0.0259770 seconds
266.615: [GC266.615: [DefNew: 65471K->4596K(65472K), 0.0103300 secs] 202086K->146731K(210744K), 0.0103770 secs] [Times: user=0.01 sys=0.00, real=0.01 secs] 
266.625: Total time for which application threads were stopped: 0.0106150 seconds, Stopping threads took: 0.0001320 seconds
266.651: Application time: 0.0258240 seconds
266.652: [GC266.652: [DefNew: 62836K->7232K(65472K), 0.0174070 secs]266.669: [Tenured: 149202K->77643K(149304K), 0.1176190 secs] 204971K->77643K(214776K), [Perm : 8873K->8873K(21248K)], 0.1352540 secs] [Times: user=0.13 sys=0.00, real=0.14 secs] 
266.787: Total time for which application threads were stopped: 0.1355520 seconds, Stopping threads took: 0.0002040 seconds
266.812: Application time: 0.0255480 seconds
266.813: [GC266.813: [DefNew: 58240K->6159K(65472K), 0.0091320 secs] 135883K->83802K(210744K), 0.0091740 secs] [Times: user=0.01 sys=0.00, real=0.00 secs] 
266.822: Total time for which application threads were stopped: 0.0094080 seconds, Stopping threads took: 0.0001050 seconds
266.846: Application time: 0.0240290 seconds
266.846: [GC266.846: [DefNew: 64399K->3716K(65472K), 0.0096980 secs] 142042K->87021K(210744K), 0.0097440 secs] [Times: user=0.01 sys=0.00, real=0.01 secs] 
266.856: Total time for which application threads were stopped: 0.0100920 seconds, Stopping threads took: 0.0002290 seconds
266.880: Application time: 0.0243690 seconds
266.881: [GC266.881: [DefNew: 61956K->7231K(65472K), 0.0090510 secs] 145261K->91272K(210744K), 0.0090950 secs] [Times: user=0.01 sys=0.00, real=0.01 secs] 
266.890: Total time for which application threads were stopped: 0.0094150 seconds, Stopping threads took: 0.0002010 seconds
266.913: Application time: 0.0231760 seconds
266.913: [GC266.913: [DefNew: 65471K->7232K(65472K), 0.0142610 secs] 149512K->98074K(210744K), 0.0143060 secs] [Times: user=0.01 sys=0.00, real=0.01 secs] 
266.928: Total time for which application threads were stopped: 0.0146810 seconds, Stopping threads took: 0.0002800 seconds
266.952: Application time: 0.0245110 seconds
266.952: [GC266.952: [DefNew: 65472K->5761K(65472K), 0.0124250 secs] 156314K->101230K(210744K), 0.0124670 secs] [Times: user=0.01 sys=0.00, real=0.02 secs] 
266.965: Total time for which application threads were stopped: 0.0127660 seconds, Stopping threads took: 0.0002010 seconds
266.989: Application time: 0.0244280 seconds
266.990: [GC266.990: [DefNew: 64001K->5777K(65472K), 0.0108170 secs] 159470K->105925K(210744K), 0.0108610 secs] [Times: user=0.01 sys=0.00, real=0.01 secs] 
267.000: Total time for which application threads were stopped: 0.0111040 seconds, Stopping threads took: 0.0001270 seconds
267.024: Application time: 0.0239730 seconds
267.025: [GC267.025: [DefNew: 64017K->7232K(65472K), 0.0117430 secs] 164165K->113411K(210744K), 0.0117860 secs] [Times: user=0.01 sys=0.00, real=0.01 secs] 
267.036: Total time for which application threads were stopped: 0.0120950 seconds, Stopping threads took: 0.0001850 seconds
267.061: Application time: 0.0243080 seconds
267.061: [GC267.061: [DefNew: 65472K->7231K(65472K), 0.0162590 secs] 171651K->118416K(210744K), 0.0163040 secs] [Times: user=0.01 sys=0.00, real=0.02 secs] 
267.077: Total time for which application threads were stopped: 0.0166390 seconds, Stopping threads took: 0.0002210 seconds
267.102: Application time: 0.0245370 seconds
267.102: [GC267.102: [DefNew: 65471K->4045K(65472K), 0.0083010 secs] 176656K->119635K(210744K), 0.0083440 secs] [Times: user=0.01 sys=0.00, real=0.01 secs] 
267.111: Total time for which application threads were stopped: 0.0085850 seconds, Stopping threads took: 0.0001260 seconds
267.136: Application time: 0.0249990 seconds
267.136: [GC267.136: [DefNew: 62285K->7232K(65472K), 0.0163620 secs] 177875K->130363K(210744K), 0.0164070 secs] [Times: user=0.01 sys=0.00, real=0.01 secs] 
267.152: Total time for which application threads were stopped: 0.0166350 seconds, Stopping threads took: 0.0001120 seconds
267.178: Application time: 0.0260040 seconds
267.178: [GC267.178: [DefNew: 65472K->7232K(65472K), 0.0171310 secs] 188603K->137783K(210744K), 0.0171760 secs] [Times: user=0.02 sys=0.00, real=0.02 secs] 
267.196: Total time for which application threads were stopped: 0.0174730 seconds, Stopping threads took: 0.0001820 seconds
267.223: Application time: 0.0272300 seconds
267.223: [GC267.223: [DefNew: 65472K->7232K(65472K), 0.0194500 secs] 196023K->145531K(210744K), 0.0195050 secs] [Times: user=0.02 sys=0.00, real=0.02 secs] 
267.243: Total time for which application threads were stopped: 0.0197300 seconds, Stopping threads took: 0.0001240 seconds
267.269: Application time: 0.0263280 seconds
267.273: [GC267.273: [DefNew: 65472K->7231K(65472K), 0.0126490 secs] 203771K->150483K(210744K), 0.0127090 secs] [Times: user=0.01 sys=0.00, real=0.01 secs] 
267.286: Total time for which application threads were stopped: 0.0165760 seconds, Stopping threads took: 0.0037500 seconds
267.312: Application time: 0.0264010 seconds
267.312: [GC267.312: [DefNew: 65471K->7232K(65472K), 0.0190670 secs]267.331: [Tenured: 150480K->83185K(150648K), 0.1216650 secs] 208723K->83185K(216120K), [Perm : 8873K->8873K(21248K)], 0.1409850 secs] [Times: user=0.14 sys=0.00, real=0.15 secs] 
267.453: Total time for which application threads were stopped: 0.1412670 seconds, Stopping threads took: 0.0001880 seconds
267.478: Application time: 0.0249770 seconds
267.478: [GC267.478: [DefNew: 58240K->5469K(65472K), 0.0085890 secs] 141425K->88654K(210744K), 0.0086300 secs] [Times: user=0.01 sys=0.00, real=0.01 secs] 
267.487: Total time for which application threads were stopped: 0.0089140 seconds, Stopping threads took: 0.0001790 seconds
267.511: Application time: 0.0243290 seconds
267.513: [GC267.513: [DefNew: 63709K->6466K(65472K), 0.0095350 secs] 146894K->93087K(210744K), 0.0095790 secs] [Times: user=0.00 sys=0.00, real=0.00 secs] 
267.522: Total time for which application threads were stopped: 0.0107710 seconds, Stopping threads took: 0.0010940 seconds
267.546: Application time: 0.0234630 seconds
267.546: [GC267.546: [DefNew: 64706K->6044K(65472K), 0.0104280 secs] 151327K->97233K(210744K), 0.0104720 secs] [Times: user=0.01 sys=0.00, real=0.01 secs] 
267.556: Total time for which application threads were stopped: 0.0106960 seconds, Stopping threads took: 0.0001260 seconds
267.580: Application time: 0.0240070 seconds
267.581: [GC267.581: [DefNew: 64284K->6094K(65472K), 0.0097070 secs] 155473K->101376K(210744K), 0.0097500 secs] [Times: user=0.01 sys=0.00, real=0.01 secs] 
267.591: Total time for which application threads were stopped: 0.0101260 seconds, Stopping threads took: 0.0002580 seconds
267.614: Application time: 0.0237100 seconds
267.614: [GC267.614: [DefNew: 64334K->5151K(65472K), 0.0105820 secs] 159616K->105639K(210744K), 0.0106250 secs] [Times: user=0.01 sys=0.00, real=0.01 secs] 
267.625: Total time for which application threads were stopped: 0.0108550 seconds, Stopping threads took: 0.0001310 seconds
267.649: Application time: 0.0242360 seconds
267.649: [GC267.649: [DefNew: 63391K->7139K(65472K), 0.0103010 secs] 163879K->111309K(210744K), 0.0103450 secs] [Times: user=0.01 sys=0.00, real=0.01 secs] 
267.660: Total time for which application threads were stopped: 0.0105260 seconds, Stopping threads took: 0.0000820 seconds
267.684: Application time: 0.0240910 seconds
267.684: [GC267.684: [DefNew: 65379K->7232K(65472K), 0.0123560 secs] 169549K->117236K(210744K), 0.0124010 secs] [Times: user=0.01 sys=0.00, real=0.02 secs] 
267.697: Total time for which application threads were stopped: 0.0126120 seconds, Stopping threads took: 0.0001120 seconds
267.721: Application time: 0.0240860 seconds
267.721: [GC267.721: [DefNew: 65472K->6367K(65472K), 0.0113350 secs] 175476K->122105K(210744K), 0.0113820 secs] [Times: user=0.01 sys=0.00, real=0.01 secs] 
267.732: Total time for which application threads were stopped: 0.0116440 seconds, Stopping threads took: 0.0001640 seconds
267.757: Application time: 0.0248400 seconds
267.757: [GC267.757: [DefNew: 64607K->7231K(65472K), 0.0103900 secs] 180345K->126347K(210744K), 0.0104330 secs] [Times: user=0.01 sys=0.00, real=0.01 secs] 
267.768: Total time for which application threads were stopped: 0.0107970 seconds, Stopping threads took: 0.0002480 seconds
267.793: Application time: 0.0247950 seconds
267.793: [GC267.793: [DefNew: 65471K->7231K(65472K), 0.0218230 secs] 184587K->136669K(210744K), 0.0218680 secs] [Times: user=0.02 sys=0.00, real=0.02 secs] 
267.815: Total time for which application threads were stopped: 0.0221180 seconds, Stopping threads took: 0.0001440 seconds
267.842: Application time: 0.0270800 seconds
267.842: [GC267.842: [DefNew: 65471K->7232K(65472K), 0.0172700 secs] 194909K->145609K(210744K), 0.0173140 secs] [Times: user=0.01 sys=0.00, real=0.02 secs] 
267.859: Total time for which application threads were stopped: 0.0174850 seconds, Stopping threads took: 0.0000740 seconds
267.886: Application time: 0.0261210 seconds
267.886: [GC267.886: [DefNew: 65472K->6865K(65472K), 0.0139120 secs] 203849K->151536K(210744K), 0.0139530 secs] [Times: user=0.02 sys=0.00, real=0.01 secs] 
267.900: Total time for which application threads were stopped: 0.0141840 seconds, Stopping threads took: 0.0001340 seconds
267.926: Application time: 0.0264120 seconds
267.926: [GC267.926: [DefNew: 65105K->7231K(65472K), 0.0175440 secs]267.944: [Tenured: 152520K->75213K(152568K), 0.1145260 secs] 209776K->75213K(218040K), [Perm : 8873K->8873K(21248K)], 0.1323800 secs] [Times: user=0.12 sys=0.00, real=0.13 secs] 
268.059: Total time for which application threads were stopped: 0.1325790 seconds, Stopping threads took: 0.0001050 seconds
268.085: Application time: 0.0260200 seconds
268.085: [GC268.085: [DefNew: 58240K->7231K(65472K), 0.0117060 secs] 133453K->84289K(210744K), 0.0117490 secs] [Times: user=0.01 sys=0.00, real=0.01 secs] 
268.097: Total time for which application threads were stopped: 0.0120150 seconds, Stopping threads took: 0.0001350 seconds
268.122: Application time: 0.0247750 seconds
268.122: [GC268.122: [DefNew: 65471K->3620K(65472K), 0.0132290 secs] 142529K->87513K(210744K), 0.0132740 secs] [Times: user=0.02 sys=0.00, real=0.02 secs] 
268.135: Total time for which application threads were stopped: 0.0135560 seconds, Stopping threads took: 0.0001840 seconds
268.160: Application time: 0.0251030 seconds
268.160: [GC268.160: [DefNew: 61860K->7232K(65472K), 0.0104760 secs] 145753K->92607K(210744K), 0.0105210 secs] [Times: user=0.01 sys=0.00, real=0.01 secs] 
268.171: Total time for which application threads were stopped: 0.0107100 seconds, Stopping threads took: 0.0000920 seconds
268.194: Application time: 0.0234400 seconds
268.195: [GC268.195: [DefNew: 65472K->3003K(65472K), 0.0095040 secs] 150847K->95028K(210744K), 0.0095470 secs] [Times: user=0.01 sys=0.00, real=0.00 secs] 
268.204: Total time for which application threads were stopped: 0.0097960 seconds, Stopping threads took: 0.0001530 seconds
268.228: Application time: 0.0235480 seconds
268.228: [GC268.228: [DefNew: 61243K->7231K(65472K), 0.0101010 secs] 153268K->100770K(210744K), 0.0101450 secs] [Times: user=0.01 sys=0.00, real=0.01 secs] 
268.238: Total time for which application threads were stopped: 0.0103430 seconds, Stopping threads took: 0.0000990 seconds
268.261: Application time: 0.0229650 seconds
268.261: [GC268.261: [DefNew: 65471K->5910K(65472K), 0.0129560 secs] 159010K->106110K(210744K), 0.0129990 secs] [Times: user=0.01 sys=0.00, real=0.02 secs] 
268.274: Total time for which application threads were stopped: 0.0133740 seconds, Stopping threads took: 0.0002590 seconds
268.298: Application time: 0.0236100 seconds
268.298: [GC268.298: [DefNew: 64150K->6203K(65472K), 0.0118070 secs] 164350K->110528K(210744K), 0.0118500 secs] [Times: user=0.01 sys=0.00, real=0.01 secs] 
268.310: Total time for which application threads were stopped: 0.0121100 seconds, Stopping threads took: 0.0001640 seconds
268.334: Application time: 0.0241320 seconds
268.335: [GC268.335: [DefNew: 64443K->7232K(65472K), 0.0142200 secs] 168768K->116811K(210744K), 0.0142640 secs] [Times: user=0.02 sys=0.00, real=0.01 secs] 
268.349: Total time for which application threads were stopped: 0.0146160 seconds, Stopping threads took: 0.0002370 seconds
268.373: Application time: 0.0237790 seconds
268.373: [GC268.373: [DefNew: 65472K->4797K(65472K), 0.0109500 secs] 175051K->120043K(210744K), 0.0109970 secs] [Times: user=0.01 sys=0.00, real=0.00 secs] 
268.384: Total time for which application threads were stopped: 0.0111680 seconds, Stopping threads took: 0.0000720 seconds
268.408: Application time: 0.0245290 seconds
268.409: [GC268.409: [DefNew: 63037K->7232K(65472K), 0.0139940 secs] 178283K->130152K(210744K), 0.0140490 secs] [Times: user=0.01 sys=0.00, real=0.01 secs] 
268.423: Total time for which application threads were stopped: 0.0142770 seconds, Stopping threads took: 0.0001300 seconds
268.448: Application time: 0.0248910 seconds
268.448: [GC268.448: [DefNew: 65472K->7231K(65472K), 0.0183040 secs] 188392K->138414K(210744K), 0.0183460 secs] [Times: user=0.02 sys=0.00, real=0.02 secs] 
268.466: Total time for which application threads were stopped: 0.0185830 seconds, Stopping threads took: 0.0001400 seconds
268.494: Application time: 0.0281090 seconds
268.494: [GC268.494: [DefNew: 65471K->7232K(65472K), 0.0159920 secs] 196654K->146028K(210744K), 0.0160370 secs] [Times: user=0.01 sys=0.00, real=0.01 secs] 
268.510: Total time for which application threads were stopped: 0.0162530 seconds, Stopping threads took: 0.0001180 seconds
268.537: Application time: 0.0262090 seconds
268.537: [GC268.537: [DefNew: 65472K->3575K(65472K), 0.0104440 secs]268.547: [Tenured: 145557K->77233K(145656K), 0.1180820 secs] 204268K->77233K(211128K), [Perm : 8873K->8873K(21248K)], 0.1286180 secs] [Times: user=0.13 sys=0.00, real=0.13 secs] 
268.665: Total time for which application threads were stopped: 0.1287840 seconds, Stopping threads took: 0.0000700 seconds
268.692: Application time: 0.0262790 seconds
268.692: [GC268.692: [DefNew: 58240K->7231K(65472K), 0.0132680 secs] 135473K->88003K(210744K), 0.0133110 secs] [Times: user=0.02 sys=0.00, real=0.02 secs] 
268.705: Total time for which application threads were stopped: 0.0135660 seconds, Stopping threads took: 0.0001250 seconds
268.731: Application time: 0.0253070 seconds
268.731: [GC268.731: [DefNew: 65471K->6659K(65472K), 0.0153940 secs] 146243K->94046K(210744K), 0.0154420 secs] [Times: user=0.01 sys=0.00, real=0.02 secs] 
268.746: Total time for which application threads were stopped: 0.0157480 seconds, Stopping threads took: 0.0001900 seconds
268.772: Application time: 0.0255390 seconds
268.772: [GC268.772: [DefNew: 64899K->6595K(65472K), 0.0099110 secs] 152286K->98917K(210744K), 0.0099570 secs] [Times: user=0.01 sys=0.00, real=0.01 secs] 
268.782: Total time for which application threads were stopped: 0.0102100 seconds, Stopping threads took: 0.0001390 seconds
268.807: Application time: 0.0244820 seconds
268.807: [GC268.807: [DefNew: 64835K->5447K(65472K), 0.0096720 secs] 157157K->102409K(210744K), 0.0097180 secs] [Times: user=0.01 sys=0.00, real=0.01 secs] 
268.817: Total time for which application threads were stopped: 0.0099190 seconds, Stopping threads took: 0.0001020 seconds
268.840: Application time: 0.0236700 seconds
268.840: [GC268.840: [DefNew: 63687K->4462K(65472K), 0.0081640 secs] 160649K->105583K(210744K), 0.0082070 secs] [Times: user=0.01 sys=0.00, real=0.01 secs] 
268.849: Total time for which application threads were stopped: 0.0084320 seconds, Stopping threads took: 0.0001270 seconds
268.873: Application time: 0.0239600 seconds
268.873: [GC268.873: [DefNew: 62702K->7017K(65472K), 0.0102820 secs] 163823K->109524K(210744K), 0.0103260 secs] [Times: user=0.01 sys=0.00, real=0.00 secs] 
268.883: Total time for which application threads were stopped: 0.0106300 seconds, Stopping threads took: 0.0001860 seconds
268.907: Application time: 0.0234150 seconds
268.909: [GC268.909: [DefNew: 65257K->7231K(65472K), 0.0133110 secs] 167764K->115570K(210744K), 0.0133550 secs] [Times: user=0.02 sys=0.00, real=0.01 secs] 
268.922: Total time for which application threads were stopped: 0.0155350 seconds, Stopping threads took: 0.0020620 seconds
268.946: Application time: 0.0238670 seconds
268.946: [GC268.946: [DefNew: 65471K->7231K(65472K), 0.0138650 secs] 173810K->121615K(210744K), 0.0139080 secs] [Times: user=0.01 sys=0.00, real=0.01 secs] 
268.960: Total time for which application threads were stopped: 0.0141530 seconds, Stopping threads took: 0.0001280 seconds
268.985: Application time: 0.0245160 seconds
268.985: [GC268.985: [DefNew: 65471K->5042K(65472K), 0.0116510 secs] 179855K->125004K(210744K), 0.0117030 secs] [Times: user=0.01 sys=0.00, real=0.01 secs] 
268.997: Total time for which application threads were stopped: 0.0120730 seconds, Stopping threads took: 0.0002530 seconds
269.021: Application time: 0.0241770 seconds
269.021: [GC269.021: [DefNew: 63282K->4362K(65472K), 0.0084670 secs] 183244K->128429K(210744K), 0.0085100 secs] [Times: user=0.01 sys=0.00, real=0.01 secs] 
269.030: Total time for which application threads were stopped: 0.0087550 seconds, Stopping threads took: 0.0001490 seconds
269.054: Application time: 0.0246460 seconds
269.055: [GC269.055: [DefNew: 62602K->7232K(65472K), 0.0201310 secs] 186669K->139915K(210744K), 0.0201770 secs] [Times: user=0.02 sys=0.00, real=0.02 secs] 
269.075: Total time for which application threads were stopped: 0.0203880 seconds, Stopping threads took: 0.0001150 seconds
269.101: Application time: 0.0257300 seconds
269.101: [GC269.101: [DefNew: 65472K->7231K(65472K), 0.0193300 secs] 198155K->147816K(210744K), 0.0193750 secs] [Times: user=0.02 sys=0.00, real=0.02 secs] 
269.120: Total time for which application threads were stopped: 0.0195660 seconds, Stopping threads took: 0.0000940 seconds
269.147: Application time: 0.0267960 seconds
269.147: [GC269.147: [DefNew: 65471K->7232K(65472K), 0.0148690 secs]269.162: [Tenured: 146540K->77612K(146616K), 0.1175150 secs] 206056K->77612K(212088K), [Perm : 8873K->8873K(21248K)], 0.1325080 secs] [Times: user=0.13 sys=0.00, real=0.13 secs] 
269.280: Total time for which application threads were stopped: 0.1326920 seconds, Stopping threads took: 0.0000880 seconds
269.305: Application time: 0.0258470 seconds
269.306: [GC269.306: [DefNew: 58240K->7232K(65472K), 0.0095480 secs] 135852K->86414K(210744K), 0.0095910 secs] [Times: user=0.01 sys=0.00, real=0.01 secs] 
269.315: Total time for which application threads were stopped: 0.0098080 seconds, Stopping threads took: 0.0001090 seconds
269.342: Application time: 0.0265690 seconds
269.342: [GC269.342: [DefNew: 65472K->7232K(65472K), 0.0166450 secs] 144654K->94151K(210744K), 0.0166890 secs] [Times: user=0.02 sys=0.00, real=0.02 secs] 
269.359: Total time for which application threads were stopped: 0.0169600 seconds, Stopping threads took: 0.0001540 seconds
269.384: Application time: 0.0257230 seconds
269.385: [GC269.385: [DefNew: 65472K->5823K(65472K), 0.0113920 secs] 152391K->99008K(210744K), 0.0114370 secs] [Times: user=0.01 sys=0.00, real=0.01 secs] 
269.396: Total time for which application threads were stopped: 0.0117770 seconds, Stopping threads took: 0.0002230 seconds
269.422: Application time: 0.0254570 seconds
269.422: [GC269.422: [DefNew: 64063K->6517K(65472K), 0.0115990 secs] 157248K->102929K(210744K), 0.0116420 secs] [Times: user=0.01 sys=0.00, real=0.02 secs] 
269.434: Total time for which application threads were stopped: 0.0118340 seconds, Stopping threads took: 0.0000950 seconds
269.458: Application time: 0.0243690 seconds
269.458: [GC269.458: [DefNew: 64757K->3054K(65472K), 0.0079070 secs] 161169K->104596K(210744K), 0.0079510 secs] [Times: user=0.01 sys=0.00, real=0.01 secs] 
269.466: Total time for which application threads were stopped: 0.0081710 seconds, Stopping threads took: 0.0001110 seconds
269.489: Application time: 0.0231610 seconds
269.490: [GC269.490: [DefNew: 61294K->7231K(65472K), 0.0079250 secs] 162836K->109564K(210744K), 0.0079680 secs] [Times: user=0.01 sys=0.00, real=0.01 secs] 
269.498: Total time for which application threads were stopped: 0.0082870 seconds, Stopping threads took: 0.0002030 seconds
269.521: Application time: 0.0233090 seconds
269.521: [GC269.521: [DefNew: 65471K->5802K(65472K), 0.0147660 secs] 167804K->114413K(210744K), 0.0148110 secs] [Times: user=0.02 sys=0.00, real=0.02 secs] 
269.536: Total time for which application threads were stopped: 0.0151530 seconds, Stopping threads took: 0.0002260 seconds
269.560: Application time: 0.0240870 seconds
269.560: [GC269.560: [DefNew: 64042K->7178K(65472K), 0.0099650 secs] 172653K->119592K(210744K), 0.0100180 secs] [Times: user=0.01 sys=0.00, real=0.01 secs] 
269.570: Total time for which application threads were stopped: 0.0101810 seconds, Stopping threads took: 0.0000600 seconds
269.594: Application time: 0.0235590 seconds
269.594: [GC269.594: [DefNew: 65418K->6722K(65472K), 0.0120230 secs] 177832K->125612K(210744K), 0.0120680 secs] [Times: user=0.01 sys=0.00, real=0.01 secs] 
269.606: Total time for which application threads were stopped: 0.0123400 seconds, Stopping threads took: 0.0001740 seconds
269.630: Application time: 0.0239070 seconds
269.630: [GC269.630: [DefNew: 64962K->5993K(65472K), 0.0110680 secs] 183852K->130081K(210744K), 0.0111130 secs] [Times: user=0.01 sys=0.00, real=0.01 secs] 
269.641: Total time for which application threads were stopped: 0.0113380 seconds, Stopping threads took: 0.0001280 seconds
269.665: Application time: 0.0237490 seconds
269.665: [GC269.665: [DefNew: 64233K->6981K(65472K), 0.0088850 secs] 188321K->134405K(210744K), 0.0089290 secs] [Times: user=0.01 sys=0.00, real=0.01 secs] 
269.674: Total time for which application threads were stopped: 0.0091860 seconds, Stopping threads took: 0.0001410 seconds
269.699: Application time: 0.0249510 seconds
269.700: [GC269.700: [DefNew: 65221K->7231K(65472K), 0.0216210 secs] 192645K->144218K(210744K), 0.0216660 secs] [Times: user=0.02 sys=0.00, real=0.02 secs] 
269.721: Total time for which application threads were stopped: 0.0219090 seconds, Stopping threads took: 0.0001470 seconds
269.748: Application time: 0.0268780 seconds
269.748: [GC269.748: [DefNew: 65471K->7232K(65472K), 0.0176910 secs]269.766: [Tenured: 146042K->77266K(146232K), 0.1148270 secs] 202458K->77266K(211704K), [Perm : 8873K->8873K(21248K)], 0.1326280 secs] [Times: user=0.13 sys=0.00, real=0.13 secs] 
269.881: Total time for which application threads were stopped: 0.1328280 seconds, Stopping threads took: 0.0001040 seconds
269.907: Application time: 0.0256170 seconds
269.907: [GC269.907: [DefNew: 58240K->7172K(65472K), 0.0108400 secs] 135506K->84439K(210744K), 0.0108840 secs] [Times: user=0.01 sys=0.00, real=0.01 secs] 
269.918: Total time for which application threads were stopped: 0.0112270 seconds, Stopping threads took: 0.0002120 seconds
269.945: Application time: 0.0270420 seconds
269.945: [GC269.945: [DefNew: 65412K->7231K(65472K), 0.0159010 secs] 142679K->92622K(210744K), 0.0159480 secs] [Times: user=0.02 sys=0.00, real=0.01 secs] 
269.961: Total time for which application threads were stopped: 0.0161950 seconds, Stopping threads took: 0.0001330 seconds
269.987: Application time: 0.0259250 seconds
269.987: [GC269.987: [DefNew: 65471K->7195K(65472K), 0.0141490 secs] 150862K->98908K(210744K), 0.0141930 secs] [Times: user=0.01 sys=0.00, real=0.01 secs] 
270.001: Total time for which application threads were stopped: 0.0144980 seconds, Stopping threads took: 0.0002070 seconds
270.027: Application time: 0.0255290 seconds
270.027: [GC270.027: [DefNew: 65435K->7232K(65472K), 0.0143340 secs] 157148K->106232K(210744K), 0.0143810 secs] [Times: user=0.02 sys=0.00, real=0.01 secs] 
270.042: Total time for which application threads were stopped: 0.0146180 seconds, Stopping threads took: 0.0001380 seconds
270.067: Application time: 0.0257770 seconds
270.068: [GC270.068: [DefNew: 65472K->4333K(65472K), 0.0123080 secs] 164472K->110046K(210744K), 0.0123530 secs] [Times: user=0.02 sys=0.00, real=0.01 secs] 
270.080: Total time for which application threads were stopped: 0.0125260 seconds, Stopping threads took: 0.0000760 seconds
270.103: Application time: 0.0225820 seconds
270.103: [GC270.103: [DefNew: 62573K->2953K(65472K), 0.0064290 secs] 168286K->112605K(210744K), 0.0064730 secs] [Times: user=0.00 sys=0.00, real=0.01 secs] 
270.109: Total time for which application threads were stopped: 0.0066930 seconds, Stopping threads took: 0.0001200 seconds
270.132: Application time: 0.0228950 seconds
270.132: [GC270.132: [DefNew: 61193K->7232K(65472K), 0.0075890 secs] 170845K->117579K(210744K), 0.0076300 secs] [Times: user=0.01 sys=0.00, real=0.01 secs] 
270.140: Total time for which application threads were stopped: 0.0078290 seconds, Stopping threads took: 0.0000910 seconds
270.163: Application time: 0.0228520 seconds
270.163: [GC270.163: [DefNew: 65472K->5461K(65472K), 0.0110250 secs] 175819K->121225K(210744K), 0.0110660 secs] [Times: user=0.02 sys=0.00, real=0.02 secs] 
270.174: Total time for which application threads were stopped: 0.0112890 seconds, Stopping threads took: 0.0001100 seconds
270.198: Application time: 0.0238870 seconds
270.198: [GC270.198: [DefNew: 63701K->7231K(65472K), 0.0128860 secs] 179465K->127999K(210744K), 0.0129290 secs] [Times: user=0.01 sys=0.00, real=0.01 secs] 
270.211: Total time for which application threads were stopped: 0.0131540 seconds, Stopping threads took: 0.0001270 seconds
270.235: Application time: 0.0238480 seconds
270.235: [GC270.235: [DefNew: 65471K->5979K(65472K), 0.0135570 secs] 186239K->133083K(210744K), 0.0135980 secs] [Times: user=0.01 sys=0.00, real=0.01 secs] 
270.249: Total time for which application threads were stopped: 0.0139340 seconds, Stopping threads took: 0.0002190 seconds
270.272: Application time: 0.0234400 seconds
270.273: [GC270.273: [DefNew: 64219K->4328K(65472K), 0.0105230 secs] 191323K->136090K(210744K), 0.0105680 secs] [Times: user=0.01 sys=0.00, real=0.00 secs] 
270.283: Total time for which application threads were stopped: 0.0107950 seconds, Stopping threads took: 0.0001120 seconds
270.307: Application time: 0.0238000 seconds
270.307: [GC270.307: [DefNew: 62568K->7232K(65472K), 0.0130930 secs] 194330K->144436K(210744K), 0.0131430 secs] [Times: user=0.02 sys=0.00, real=0.01 secs] 
270.320: Total time for which application threads were stopped: 0.0135020 seconds, Stopping threads took: 0.0002420 seconds
270.346: Application time: 0.0251410 seconds
270.346: [GC270.346: [DefNew: 65472K->7232K(65472K), 0.0195400 secs]270.365: [Tenured: 145437K->76562K(145464K), 0.1255000 secs] 202676K->76562K(210936K), [Perm : 8873K->8873K(21248K)], 0.1451300 secs] [Times: user=0.14 sys=0.00, real=0.14 secs] 
270.491: Total time for which application threads were stopped: 0.1454130 seconds, Stopping threads took: 0.0001680 seconds
270.519: Application time: 0.0278020 seconds
270.519: [GC270.519: [DefNew: 58240K->7231K(65472K), 0.0120090 secs] 134802K->86465K(210744K), 0.0120540 secs] [Times: user=0.02 sys=0.00, real=0.01 secs] 
270.531: Total time for which application threads were stopped: 0.0122550 seconds, Stopping threads took: 0.0000860 seconds
270.557: Application time: 0.0262080 seconds
270.558: [GC270.558: [DefNew: 65471K->3629K(65472K), 0.0131940 secs] 144705K->88787K(210744K), 0.0132360 secs] [Times: user=0.01 sys=0.00, real=0.01 secs] 
270.571: Total time for which application threads were stopped: 0.0135150 seconds, Stopping threads took: 0.0001820 seconds
270.597: Application time: 0.0258560 seconds
270.597: [GC270.597: [DefNew: 61869K->7232K(65472K), 0.0125550 secs] 147027K->96909K(210744K), 0.0126000 secs] [Times: user=0.01 sys=0.00, real=0.01 secs] 
270.610: Total time for which application threads were stopped: 0.0128230 seconds, Stopping threads took: 0.0001250 seconds
270.636: Application time: 0.0262210 seconds
270.636: [GC270.636: [DefNew: 65472K->7232K(65472K), 0.0180380 secs] 155149K->106978K(210744K), 0.0180800 secs] [Times: user=0.02 sys=0.00, real=0.02 secs] 
270.654: Total time for which application threads were stopped: 0.0182830 seconds, Stopping threads took: 0.0001040 seconds
270.680: Application time: 0.0263250 seconds
270.681: [GC270.681: [DefNew: 65472K->6182K(65472K), 0.0131350 secs] 165218K->112333K(210744K), 0.0131760 secs] [Times: user=0.01 sys=0.00, real=0.02 secs] 
270.694: Total time for which application threads were stopped: 0.0133940 seconds, Stopping threads took: 0.0001200 seconds
270.718: Application time: 0.0245390 seconds
270.718: [GC270.718: [DefNew: 64422K->3150K(65472K), 0.0071710 secs] 170573K->114171K(210744K), 0.0072140 secs] [Times: user=0.00 sys=0.00, real=0.01 secs] 
270.726: Total time for which application threads were stopped: 0.0074290 seconds, Stopping threads took: 0.0001180 seconds
270.748: Application time: 0.0226750 seconds
270.749: [GC270.749: [DefNew: 61390K->3473K(65472K), 0.0034660 secs] 172411K->114494K(210744K), 0.0035100 secs] [Times: user=0.00 sys=0.00, real=0.00 secs] 
270.752: Total time for which application threads were stopped: 0.0037120 seconds, Stopping threads took: 0.0001140 seconds
270.776: Application time: 0.0235500 seconds
270.776: [GC270.776: [DefNew: 61713K->7231K(65472K), 0.0111510 secs] 172734K->122371K(210744K), 0.0111950 secs] [Times: user=0.01 sys=0.00, real=0.01 secs] 
270.787: Total time for which application threads were stopped: 0.0113600 seconds, Stopping threads took: 0.0000670 seconds
270.810: Application time: 0.0228640 seconds
270.810: [GC270.810: [DefNew: 65471K->6085K(65472K), 0.0151130 secs] 180611K->126800K(210744K), 0.0151570 secs] [Times: user=0.02 sys=0.00, real=0.02 secs] 
270.825: Total time for which application threads were stopped: 0.0153470 seconds, Stopping threads took: 0.0000920 seconds
270.849: Application time: 0.0239500 seconds
270.849: [GC270.849: [DefNew: 64325K->7232K(65472K), 0.0129790 secs] 185040K->134831K(210744K), 0.0130230 secs] [Times: user=0.01 sys=0.00, real=0.01 secs] 
270.862: Total time for which application threads were stopped: 0.0132380 seconds, Stopping threads took: 0.0001150 seconds
270.887: Application time: 0.0241880 seconds
270.887: [GC270.887: [DefNew: 65472K->4450K(65472K), 0.0105580 secs] 193071K->137756K(210744K), 0.0106010 secs] [Times: user=0.01 sys=0.00, real=0.01 secs] 
270.897: Total time for which application threads were stopped: 0.0107810 seconds, Stopping threads took: 0.0000720 seconds
270.921: Application time: 0.0234570 seconds
270.921: [GC270.921: [DefNew: 62690K->3996K(65472K), 0.0078680 secs] 195996K->140632K(210744K), 0.0079130 secs] [Times: user=0.01 sys=0.00, real=0.01 secs] 
270.929: Total time for which application threads were stopped: 0.0082380 seconds, Stopping threads took: 0.0002080 seconds
270.954: Application time: 0.0248140 seconds
270.954: [GC270.954: [DefNew: 62236K->7232K(65472K), 0.0158980 secs] 198872K->151924K(210744K), 0.0159450 secs] [Times: user=0.01 sys=0.00, real=0.01 secs] 
270.970: Total time for which application threads were stopped: 0.0161800 seconds, Stopping threads took: 0.0001200 seconds
270.996: Application time: 0.0258520 seconds
270.996: [GC270.996: [DefNew: 65472K->7232K(65472K), 0.0214170 secs]271.018: [Tenured: 155310K->87973K(155448K), 0.1220890 secs] 210164K->87973K(220920K), [Perm : 8873K->8873K(21248K)], 0.1438380 secs] [Times: user=0.14 sys=0.00, real=0.14 secs] 
271.140: Total time for which application threads were stopped: 0.1440910 seconds, Stopping threads took: 0.0001580 seconds
271.168: Application time: 0.0279120 seconds
271.168: [GC271.168: [DefNew: 58816K->7295K(66112K), 0.0115710 secs] 146789K->95764K(212736K), 0.0116130 secs] [Times: user=0.02 sys=0.00, real=0.01 secs] 
271.180: Total time for which application threads were stopped: 0.0119580 seconds, Stopping threads took: 0.0002170 seconds
271.207: Application time: 0.0271110 seconds
271.207: [GC271.207: [DefNew: 66111K->7295K(66112K), 0.0122400 secs] 154580K->101125K(212736K), 0.0122850 secs] [Times: user=0.02 sys=0.00, real=0.01 secs] 
271.220: Total time for which application threads were stopped: 0.0125100 seconds, Stopping threads took: 0.0001270 seconds
271.246: Application time: 0.0262500 seconds
271.246: [GC271.246: [DefNew: 66111K->7295K(66112K), 0.0129640 secs] 159941K->107119K(212736K), 0.0130050 secs] [Times: user=0.01 sys=0.00, real=0.01 secs] 
271.259: Total time for which application threads were stopped: 0.0131940 seconds, Stopping threads took: 0.0000920 seconds
271.286: Application time: 0.0272040 seconds
271.286: [GC271.286: [DefNew: 66111K->7296K(66112K), 0.0171830 secs] 165935K->114860K(212736K), 0.0172280 secs] [Times: user=0.01 sys=0.00, real=0.01 secs] 
271.304: Total time for which application threads were stopped: 0.0174420 seconds, Stopping threads took: 0.0001150 seconds
271.331: Application time: 0.0269770 seconds
271.331: [GC271.331: [DefNew: 66112K->3989K(66112K), 0.0131630 secs] 173676K->118309K(212736K), 0.0132170 secs] [Times: user=0.01 sys=0.00, real=0.01 secs] 
271.344: Total time for which application threads were stopped: 0.0134500 seconds, Stopping threads took: 0.0001310 seconds
271.367: Application time: 0.0232770 seconds
271.368: [GC271.368: [DefNew: 62805K->3519K(66112K), 0.0070420 secs] 177125K->120507K(212736K), 0.0070870 secs] [Times: user=0.01 sys=0.00, real=0.01 secs] 
271.375: Total time for which application threads were stopped: 0.0073610 seconds, Stopping threads took: 0.0001740 seconds
271.398: Application time: 0.0231590 seconds
271.398: [GC271.398: [DefNew: 62335K->7296K(66112K), 0.0088770 secs] 179323K->124533K(212736K), 0.0089220 secs] [Times: user=0.01 sys=0.00, real=0.01 secs] 
271.407: Total time for which application threads were stopped: 0.0091190 seconds, Stopping threads took: 0.0001020 seconds
271.430: Application time: 0.0231270 seconds
271.430: [GC271.430: [DefNew: 66112K->5822K(66112K), 0.0140090 secs] 183349K->129707K(212736K), 0.0140560 secs] [Times: user=0.02 sys=0.00, real=0.01 secs] 
271.444: Total time for which application threads were stopped: 0.0142310 seconds, Stopping threads took: 0.0000780 seconds
271.468: Application time: 0.0233980 seconds
271.468: [GC271.468: [DefNew: 64638K->7095K(66112K), 0.0097230 secs] 188523K->136331K(212736K), 0.0097670 secs] [Times: user=0.01 sys=0.00, real=0.01 secs] 
271.478: Total time for which application threads were stopped: 0.0100360 seconds, Stopping threads took: 0.0001590 seconds
271.502: Application time: 0.0241430 seconds
271.502: [GC271.502: [DefNew: 65911K->7296K(66112K), 0.0158530 secs] 195147K->142600K(212736K), 0.0158980 secs] [Times: user=0.02 sys=0.00, real=0.02 secs] 
271.518: Total time for which application threads were stopped: 0.0162840 seconds, Stopping threads took: 0.0002680 seconds
271.543: Application time: 0.0246160 seconds
271.543: [GC271.543: [DefNew: 66112K->3053K(66112K), 0.0098260 secs] 201416K->144365K(212736K), 0.0098690 secs] [Times: user=0.01 sys=0.00, real=0.02 secs] 
271.553: Total time for which application threads were stopped: 0.0102420 seconds, Stopping threads took: 0.0002580 seconds
271.577: Application time: 0.0237180 seconds
271.577: [GC271.577: [DefNew: 61869K->7296K(66112K), 0.0098390 secs] 203181K->151632K(212736K), 0.0098830 secs] [Times: user=0.01 sys=0.00, real=0.01 secs] 
271.587: Total time for which application threads were stopped: 0.0102280 seconds, Stopping threads took: 0.0002470 seconds
271.612: Application time: 0.0248540 seconds
271.613: [GC271.613: [DefNew: 66112K->7295K(66112K), 0.0306240 secs]271.643: [Tenured: 157163K->83608K(157184K), 0.1271760 secs] 210448K->83608K(223296K), [Perm : 8873K->8873K(21248K)], 0.1582300 secs] [Times: user=0.16 sys=0.00, real=0.15 secs] 
271.771: Total time for which application threads were stopped: 0.1591350 seconds, Stopping threads took: 0.0007920 seconds
271.799: Application time: 0.0280430 seconds
271.799: [GC271.799: [DefNew: 58816K->7296K(66112K), 0.0132350 secs] 142424K->94613K(212736K), 0.0132830 secs] [Times: user=0.02 sys=0.00, real=0.02 secs] 
271.813: Total time for which application threads were stopped: 0.0136490 seconds, Stopping threads took: 0.0002400 seconds
271.839: Application time: 0.0266130 seconds
271.840: [GC271.840: [DefNew: 66112K->4403K(66112K), 0.0135540 secs] 153429K->98430K(212736K), 0.0136000 secs] [Times: user=0.01 sys=0.00, real=0.02 secs] 
271.853: Total time for which application threads were stopped: 0.0138890 seconds, Stopping threads took: 0.0001710 seconds
271.881: Application time: 0.0277100 seconds
271.881: [GC271.881: [DefNew: 63219K->7295K(66112K), 0.0159060 secs] 157246K->108501K(212736K), 0.0159510 secs] [Times: user=0.01 sys=0.00, real=0.02 secs] 
271.897: Total time for which application threads were stopped: 0.0162220 seconds, Stopping threads took: 0.0001730 seconds
271.924: Application time: 0.0272880 seconds
271.925: [GC271.925: [DefNew: 66111K->7296K(66112K), 0.0222450 secs] 167317K->118586K(212736K), 0.0222920 secs] [Times: user=0.02 sys=0.00, real=0.02 secs] 
271.947: Total time for which application threads were stopped: 0.0225830 seconds, Stopping threads took: 0.0001730 seconds
271.974: Application time: 0.0269400 seconds
271.974: [GC271.974: [DefNew: 66112K->5481K(66112K), 0.0144750 secs] 177402K->123195K(212736K), 0.0145220 secs] [Times: user=0.01 sys=0.00, real=0.01 secs] 
271.989: Total time for which application threads were stopped: 0.0147640 seconds, Stopping threads took: 0.0001250 seconds
272.014: Application time: 0.0256760 seconds
272.015: [GC272.015: [DefNew: 64297K->4128K(66112K), 0.0099330 secs] 182011K->126160K(212736K), 0.0099790 secs] [Times: user=0.01 sys=0.00, real=0.01 secs] 
272.025: Total time for which application threads were stopped: 0.0102210 seconds, Stopping threads took: 0.0001250 seconds
272.048: Application time: 0.0230820 seconds
272.048: [GC272.048: [DefNew: 62944K->3461K(66112K), 0.0058730 secs] 184976K->126538K(212736K), 0.0059110 secs] [Times: user=0.01 sys=0.00, real=0.01 secs] 
272.054: Total time for which application threads were stopped: 0.0061300 seconds, Stopping threads took: 0.0001280 seconds
272.077: Application time: 0.0228190 seconds
272.077: [GC272.077: [DefNew: 62277K->7295K(66112K), 0.0092150 secs] 185354K->132038K(212736K), 0.0092590 secs] [Times: user=0.01 sys=0.00, real=0.01 secs] 
272.086: Total time for which application threads were stopped: 0.0094920 seconds, Stopping threads took: 0.0001350 seconds
272.109: Application time: 0.0226770 seconds
272.109: [GC272.109: [DefNew: 66111K->4582K(66112K), 0.0130840 secs] 190854K->135816K(212736K), 0.0131270 secs] [Times: user=0.02 sys=0.00, real=0.01 secs] 
272.122: Total time for which application threads were stopped: 0.0134370 seconds, Stopping threads took: 0.0001930 seconds
272.146: Application time: 0.0236230 seconds
272.146: [GC272.146: [DefNew: 63398K->7295K(66112K), 0.0128020 secs] 194632K->144458K(212736K), 0.0128480 secs] [Times: user=0.02 sys=0.00, real=0.01 secs] 
272.159: Total time for which application threads were stopped: 0.0130760 seconds, Stopping threads took: 0.0001120 seconds
272.183: Application time: 0.0239230 seconds
272.183: [GC272.183: [DefNew: 66111K->5189K(66112K), 0.0128140 secs] 203274K->148457K(212736K), 0.0128590 secs] [Times: user=0.01 sys=0.00, real=0.02 secs] 
272.196: Total time for which application threads were stopped: 0.0131970 seconds, Stopping threads took: 0.0002210 seconds
272.220: Application time: 0.0242670 seconds
272.221: [GC272.221: [DefNew: 64005K->4879K(66112K), 0.0089820 secs]272.230: [Tenured: 147698K->78498K(147776K), 0.1203800 secs] 207273K->78498K(213888K), [Perm : 8873K->8873K(21248K)], 0.1294760 secs] [Times: user=0.13 sys=0.00, real=0.13 secs] 
272.350: Total time for which application threads were stopped: 0.1298770 seconds, Stopping threads took: 0.0002900 seconds
272.375: Application time: 0.0242990 seconds
272.375: [GC272.375: [DefNew: 58816K->7295K(66112K), 0.0163630 secs] 137314K->92854K(212736K), 0.0164090 secs] [Times: user=0.01 sys=0.00, real=0.01 secs] 
272.391: Total time for which application threads were stopped: 0.0166090 seconds, Stopping threads took: 0.0000880 seconds
272.416: Application time: 0.0249920 seconds
272.416: [GC272.416: [DefNew: 66111K->7296K(66112K), 0.0213270 secs] 151670K->102458K(212736K), 0.0213710 secs] [Times: user=0.02 sys=0.00, real=0.02 secs] 
272.438: Total time for which application threads were stopped: 0.0216140 seconds, Stopping threads took: 0.0001460 seconds
272.466: Application time: 0.0278050 seconds
272.466: [GC272.466: [DefNew: 66112K->7296K(66112K), 0.0215440 secs] 161274K->112281K(212736K), 0.0215890 secs] [Times: user=0.02 sys=0.00, real=0.02 secs] 
272.487: Total time for which application threads were stopped: 0.0218000 seconds, Stopping threads took: 0.0001110 seconds
272.515: Application time: 0.0272790 seconds
272.515: [GC272.515: [DefNew: 66112K->7296K(66112K), 0.0180220 secs] 171097K->120374K(212736K), 0.0180680 secs] [Times: user=0.02 sys=0.00, real=0.02 secs] 
272.533: Total time for which application threads were stopped: 0.0183150 seconds, Stopping threads took: 0.0001460 seconds
272.560: Application time: 0.0274650 seconds
272.561: [GC272.561: [DefNew: 66112K->7295K(66112K), 0.0188060 secs] 179190K->129713K(212736K), 0.0188590 secs] [Times: user=0.02 sys=0.00, real=0.02 secs] 
272.580: Total time for which application threads were stopped: 0.0190780 seconds, Stopping threads took: 0.0001220 seconds
272.607: Application time: 0.0276630 seconds
272.607: [GC272.607: [DefNew: 66111K->7296K(66112K), 0.0148810 secs] 188529K->135436K(212736K), 0.0149290 secs] [Times: user=0.01 sys=0.00, real=0.01 secs] 
272.622: Total time for which application threads were stopped: 0.0151250 seconds, Stopping threads took: 0.0001010 seconds
272.650: Application time: 0.0274670 seconds
272.650: [GC272.650: [DefNew: 66112K->3814K(66112K), 0.0087910 secs] 194252K->136475K(212736K), 0.0088360 secs] [Times: user=0.01 sys=0.00, real=0.01 secs] 
272.659: Total time for which application threads were stopped: 0.0090510 seconds, Stopping threads took: 0.0001170 seconds
272.683: Application time: 0.0239660 seconds
272.683: [GC272.683: [DefNew: 62630K->3178K(66112K), 0.0059440 secs] 195291K->138552K(212736K), 0.0059840 secs] [Times: user=0.01 sys=0.00, real=0.01 secs] 
272.689: Total time for which application threads were stopped: 0.0061840 seconds, Stopping threads took: 0.0001040 seconds
272.712: Application time: 0.0228410 seconds
272.712: [GC272.712: [DefNew: 61994K->5306K(66112K), 0.0051000 secs] 197368K->140680K(212736K), 0.0051430 secs] [Times: user=0.01 sys=0.00, real=0.01 secs] 
272.717: Total time for which application threads were stopped: 0.0053590 seconds, Stopping threads took: 0.0001200 seconds
272.740: Application time: 0.0230150 seconds
272.740: [GC272.740: [DefNew: 64122K->6388K(66112K), 0.0103330 secs] 199496K->145371K(212736K), 0.0103760 secs] [Times: user=0.01 sys=0.00, real=0.01 secs] 
272.751: Total time for which application threads were stopped: 0.0105720 seconds, Stopping threads took: 0.0000980 seconds
272.774: Application time: 0.0228820 seconds
272.774: [GC272.774: [DefNew: 65204K->4577K(66112K), 0.0083100 secs] 204187K->149188K(212736K), 0.0083520 secs] [Times: user=0.01 sys=0.00, real=0.00 secs] 
272.782: Total time for which application threads were stopped: 0.0086370 seconds, Stopping threads took: 0.0001680 seconds
272.806: Application time: 0.0237140 seconds
272.806: [GC272.806: [DefNew: 63393K->7296K(66112K), 0.0154980 secs]272.822: [Tenured: 150670K->76130K(150848K), 0.1194140 secs] 208004K->76130K(216960K), [Perm : 8873K->8873K(21248K)], 0.1351250 secs] [Times: user=0.14 sys=0.00, real=0.13 secs] 
272.942: Total time for which application threads were stopped: 0.1354320 seconds, Stopping threads took: 0.0002160 seconds
272.965: Application time: 0.0236040 seconds
272.965: [GC272.965: [DefNew: 58816K->3850K(66112K), 0.0050500 secs] 134946K->79980K(212736K), 0.0050960 secs] [Times: user=0.01 sys=0.00, real=0.00 secs] 
272.971: Total time for which application threads were stopped: 0.0054810 seconds, Stopping threads took: 0.0002630 seconds
272.994: Application time: 0.0238420 seconds
272.995: [GC272.995: [DefNew: 62666K->7295K(66112K), 0.0111490 secs] 138796K->88103K(212736K), 0.0111920 secs] [Times: user=0.01 sys=0.00, real=0.01 secs] 
273.006: Total time for which application threads were stopped: 0.0114370 seconds, Stopping threads took: 0.0001480 seconds
273.031: Application time: 0.0252990 seconds
273.031: [GC273.031: [DefNew: 66111K->7296K(66112K), 0.0241380 secs] 146919K->99704K(212736K), 0.0241800 secs] [Times: user=0.03 sys=0.00, real=0.03 secs] 
273.056: Total time for which application threads were stopped: 0.0244530 seconds, Stopping threads took: 0.0001540 seconds
273.083: Application time: 0.0270580 seconds
273.083: [GC273.083: [DefNew: 66112K->7295K(66112K), 0.0150550 secs] 158520K->106922K(212736K), 0.0150990 secs] [Times: user=0.02 sys=0.00, real=0.02 secs] 
273.098: Total time for which application threads were stopped: 0.0152730 seconds, Stopping threads took: 0.0000730 seconds
273.126: Application time: 0.0277440 seconds
273.126: [GC273.126: [DefNew: 66111K->5539K(66112K), 0.0138020 secs] 165738K->111456K(212736K), 0.0138540 secs] [Times: user=0.01 sys=0.00, real=0.01 secs] 
273.140: Total time for which application threads were stopped: 0.0140750 seconds, Stopping threads took: 0.0001220 seconds
273.167: Application time: 0.0273750 seconds
273.167: [GC273.167: [DefNew: 64355K->7295K(66112K), 0.0147470 secs] 170272K->120447K(212736K), 0.0147910 secs] [Times: user=0.02 sys=0.00, real=0.01 secs] 
273.182: Total time for which application threads were stopped: 0.0150200 seconds, Stopping threads took: 0.0001350 seconds
273.211: Application time: 0.0285620 seconds
273.211: [GC273.211: [DefNew: 66111K->7296K(66112K), 0.0268260 secs] 179263K->133077K(212736K), 0.0268690 secs] [Times: user=0.03 sys=0.00, real=0.03 secs] 
273.238: Total time for which application threads were stopped: 0.0271120 seconds, Stopping threads took: 0.0001460 seconds
273.265: Application time: 0.0273490 seconds
273.266: [GC273.266: [DefNew: 66112K->4190K(66112K), 0.0144400 secs] 191893K->137140K(212736K), 0.0144850 secs] [Times: user=0.01 sys=0.00, real=0.01 secs] 
273.280: Total time for which application threads were stopped: 0.0148120 seconds, Stopping threads took: 0.0002080 seconds
273.305: Application time: 0.0253300 seconds
273.306: [GC273.306: [DefNew: 63006K->4881K(66112K), 0.0082600 secs] 195956K->140460K(212736K), 0.0083050 secs] [Times: user=0.01 sys=0.00, real=0.01 secs] 
273.314: Total time for which application threads were stopped: 0.0086400 seconds, Stopping threads took: 0.0002180 seconds
273.337: Application time: 0.0231860 seconds
273.337: [GC273.338: [DefNew: 63697K->4592K(66112K), 0.0069080 secs] 199276K->141346K(212736K), 0.0069580 secs] [Times: user=0.01 sys=0.00, real=0.01 secs] 
273.344: Total time for which application threads were stopped: 0.0072990 seconds, Stopping threads took: 0.0002260 seconds
273.367: Application time: 0.0226190 seconds
273.367: [GC273.367: [DefNew: 63408K->5657K(66112K), 0.0066210 secs] 200162K->144994K(212736K), 0.0066660 secs] [Times: user=0.00 sys=0.00, real=0.01 secs] 
273.374: Total time for which application threads were stopped: 0.0068950 seconds, Stopping threads took: 0.0001280 seconds
273.397: Application time: 0.0228170 seconds
273.397: [GC273.397: [DefNew: 64473K->3162K(66112K), 0.0086100 secs] 203810K->147276K(212736K), 0.0086560 secs] [Times: user=0.01 sys=0.00, real=0.01 secs] 
273.406: Total time for which application threads were stopped: 0.0088410 seconds, Stopping threads took: 0.0000870 seconds
273.429: Application time: 0.0229600 seconds
273.429: [GC273.429: [DefNew: 61978K->7295K(66112K), 0.0110800 secs]273.440: [Tenured: 147828K->77865K(147968K), 0.1192070 secs] 206092K->77865K(214080K), [Perm : 8873K->8873K(21248K)], 0.1304050 secs] [Times: user=0.13 sys=0.00, real=0.13 secs] 
273.559: Total time for which application threads were stopped: 0.1306300 seconds, Stopping threads took: 0.0001330 seconds
273.582: Application time: 0.0231920 seconds
273.583: [GC273.583: [DefNew: 58816K->6787K(66112K), 0.0090520 secs] 136681K->84653K(212736K), 0.0090940 secs] [Times: user=0.00 sys=0.00, real=0.01 secs] 
273.592: Total time for which application threads were stopped: 0.0092980 seconds, Stopping threads took: 0.0000960 seconds
273.616: Application time: 0.0241600 seconds
273.616: [GC273.616: [DefNew: 65603K->2601K(66112K), 0.0081750 secs] 143469K->86070K(212736K), 0.0082200 secs] [Times: user=0.01 sys=0.00, real=0.00 secs] 
273.624: Total time for which application threads were stopped: 0.0084370 seconds, Stopping threads took: 0.0001200 seconds
273.649: Application time: 0.0245010 seconds
273.649: [GC273.649: [DefNew: 61417K->7296K(66112K), 0.0144740 secs] 144886K->96834K(212736K), 0.0145200 secs] [Times: user=0.01 sys=0.00, real=0.01 secs] 
273.664: Total time for which application threads were stopped: 0.0146810 seconds, Stopping threads took: 0.0000610 seconds
273.689: Application time: 0.0258580 seconds
273.690: [GC273.690: [DefNew: 66112K->7295K(66112K), 0.0231600 secs] 155650K->108284K(212736K), 0.0232050 secs] [Times: user=0.02 sys=0.00, real=0.03 secs] 
273.713: Total time for which application threads were stopped: 0.0234530 seconds, Stopping threads took: 0.0001420 seconds
273.741: Application time: 0.0278770 seconds
273.741: [GC273.741: [DefNew: 66111K->7296K(66112K), 0.0205730 secs] 167100K->116894K(212736K), 0.0206310 secs] [Times: user=0.02 sys=0.00, real=0.02 secs] 
273.762: Total time for which application threads were stopped: 0.0209140 seconds, Stopping threads took: 0.0001600 seconds
273.789: Application time: 0.0274130 seconds
273.789: [GC273.789: [DefNew: 66112K->7295K(66112K), 0.0193030 secs] 175710K->125467K(212736K), 0.0193460 secs] [Times: user=0.02 sys=0.00, real=0.02 secs] 
273.809: Total time for which application threads were stopped: 0.0197090 seconds, Stopping threads took: 0.0002480 seconds
273.838: Application time: 0.0292360 seconds
273.838: [GC273.838: [DefNew: 66111K->7296K(66112K), 0.0216410 secs] 184283K->137360K(212736K), 0.0216830 secs] [Times: user=0.02 sys=0.00, real=0.02 secs] 
273.860: Total time for which application threads were stopped: 0.0219060 seconds, Stopping threads took: 0.0001270 seconds
273.888: Application time: 0.0278470 seconds
273.888: [GC273.888: [DefNew: 66112K->5550K(66112K), 0.0147960 secs] 196176K->142342K(212736K), 0.0148400 secs] [Times: user=0.02 sys=0.00, real=0.01 secs] 
273.903: Total time for which application threads were stopped: 0.0150500 seconds, Stopping threads took: 0.0001130 seconds
273.930: Application time: 0.0267420 seconds
273.930: [GC273.930: [DefNew: 64366K->3596K(66112K), 0.0068020 secs] 201158K->143028K(212736K), 0.0068450 secs] [Times: user=0.01 sys=0.00, real=0.01 secs] 
273.937: Total time for which application threads were stopped: 0.0070700 seconds, Stopping threads took: 0.0001290 seconds
273.960: Application time: 0.0231280 seconds
273.960: [GC273.960: [DefNew: 62412K->7023K(66112K), 0.0067720 secs] 201844K->146455K(212736K), 0.0068140 secs] [Times: user=0.01 sys=0.00, real=0.01 secs] 
273.967: Total time for which application threads were stopped: 0.0071550 seconds, Stopping threads took: 0.0002450 seconds
273.990: Application time: 0.0228200 seconds
273.990: [GC273.990: [DefNew: 65839K->3454K(66112K), 0.0067400 secs] 205271K->146643K(212736K), 0.0067870 secs] [Times: user=0.01 sys=0.00, real=0.01 secs] 
273.997: Total time for which application threads were stopped: 0.0069800 seconds, Stopping threads took: 0.0000960 seconds
274.019: Application time: 0.0226560 seconds
274.020: [GC274.020: [DefNew: 62270K->7296K(66112K), 0.0065750 secs] 205459K->151081K(212736K), 0.0066180 secs] [Times: user=0.01 sys=0.00, real=0.01 secs] 
274.026: Total time for which application threads were stopped: 0.0068170 seconds, Stopping threads took: 0.0000980 seconds
274.048: Application time: 0.0215280 seconds
274.048: [GC274.048: [DefNew: 66112K->3006K(66112K), 0.0105460 secs]274.058: [Tenured: 150108K->83142K(150272K), 0.1189240 secs] 209897K->83142K(216384K), [Perm : 8873K->8873K(21248K)], 0.1296620 secs] [Times: user=0.13 sys=0.00, real=0.13 secs] 
274.178: Total time for which application threads were stopped: 0.1298520 seconds, Stopping threads took: 0.0000940 seconds
274.201: Application time: 0.0232350 seconds
274.201: [GC274.201: [DefNew: 58816K->7295K(66112K), 0.0095740 secs] 141958K->92706K(212736K), 0.0096180 secs] [Times: user=0.01 sys=0.00, real=0.01 secs] 
274.211: Total time for which application threads were stopped: 0.0098410 seconds, Stopping threads took: 0.0001110 seconds
274.234: Application time: 0.0229400 seconds
274.234: [GC274.234: [DefNew: 66111K->4445K(66112K), 0.0119170 secs] 151522K->96145K(212736K), 0.0119620 secs] [Times: user=0.02 sys=0.00, real=0.01 secs] 
274.246: Total time for which application threads were stopped: 0.0121880 seconds, Stopping threads took: 0.0001290 seconds
274.270: Application time: 0.0243430 seconds
274.270: [GC274.270: [DefNew: 63261K->7295K(66112K), 0.0115340 secs] 154961K->105227K(212736K), 0.0115810 secs] [Times: user=0.01 sys=0.00, real=0.01 secs] 
274.282: Total time for which application threads were stopped: 0.0118450 seconds, Stopping threads took: 0.0001660 seconds
274.307: Application time: 0.0245180 seconds
274.307: [GC274.307: [DefNew: 66111K->7295K(66112K), 0.0220590 secs] 164043K->113662K(212736K), 0.0221110 secs] [Times: user=0.02 sys=0.00, real=0.02 secs] 
274.329: Total time for which application threads were stopped: 0.0223290 seconds, Stopping threads took: 0.0001210 seconds
274.356: Application time: 0.0270260 seconds
274.356: [GC274.356: [DefNew: 66111K->7295K(66112K), 0.0180990 secs] 172478K->122569K(212736K), 0.0181440 secs] [Times: user=0.01 sys=0.00, real=0.02 secs] 
274.374: Total time for which application threads were stopped: 0.0183590 seconds, Stopping threads took: 0.0001180 seconds
274.402: Application time: 0.0279200 seconds
274.402: [GC274.402: [DefNew: 66111K->7296K(66112K), 0.0157200 secs] 181385K->129313K(212736K), 0.0157610 secs] [Times: user=0.01 sys=0.00, real=0.02 secs] 
274.418: Total time for which application threads were stopped: 0.0159680 seconds, Stopping threads took: 0.0001080 seconds
274.447: Application time: 0.0285760 seconds
274.447: [GC274.447: [DefNew: 66112K->7295K(66112K), 0.0251600 secs] 188129K->143270K(212736K), 0.0252050 secs] [Times: user=0.03 sys=0.00, real=0.02 secs] 
274.472: Total time for which application threads were stopped: 0.0254140 seconds, Stopping threads took: 0.0000920 seconds
274.501: Application time: 0.0293610 seconds
274.502: [GC274.502: [DefNew: 66111K->7295K(66112K), 0.0238910 secs] 202086K->151433K(212736K), 0.0239350 secs] [Times: user=0.03 sys=0.00, real=0.03 secs] 
274.526: Total time for which application threads were stopped: 0.0241780 seconds, Stopping threads took: 0.0001250 seconds
274.553: Application time: 0.0273010 seconds
274.553: [GC274.553: [DefNew: 66111K->4030K(66112K), 0.0142110 secs]274.567: [Tenured: 150993K->84070K(151040K), 0.1297290 secs] 210249K->84070K(217152K), [Perm : 8873K->8873K(21248K)], 0.1441920 secs] [Times: user=0.15 sys=0.00, real=0.14 secs] 
274.697: Total time for which application threads were stopped: 0.1444220 seconds, Stopping threads took: 0.0001330 seconds
274.723: Application time: 0.0252110 seconds
274.723: [GC274.723: [DefNew: 58816K->4672K(66112K), 0.0065910 secs] 142886K->88743K(212736K), 0.0066300 secs] [Times: user=0.01 sys=0.00, real=0.01 secs] 
274.729: Total time for which application threads were stopped: 0.0068550 seconds, Stopping threads took: 0.0001140 seconds
274.752: Application time: 0.0228850 seconds
274.753: [GC274.753: [DefNew: 63488K->4502K(66112K), 0.0073320 secs] 147559K->90887K(212736K), 0.0073780 secs] [Times: user=0.01 sys=0.00, real=0.00 secs] 
274.760: Total time for which application threads were stopped: 0.0076010 seconds, Stopping threads took: 0.0001240 seconds
274.783: Application time: 0.0226890 seconds
274.783: [GC274.783: [DefNew: 63318K->2302K(66112K), 0.0043330 secs] 149703K->90967K(212736K), 0.0043740 secs] [Times: user=0.00 sys=0.00, real=0.01 secs] 
274.787: Total time for which application threads were stopped: 0.0045500 seconds, Stopping threads took: 0.0000780 seconds
274.809: Application time: 0.0217490 seconds
274.809: [GC274.809: [DefNew: 61118K->6646K(66112K), 0.0067830 secs] 149783K->95311K(212736K), 0.0068280 secs] [Times: user=0.01 sys=0.00, real=0.01 secs] 
274.816: Total time for which application threads were stopped: 0.0070950 seconds, Stopping threads took: 0.0001650 seconds
274.838: Application time: 0.0216100 seconds
274.838: [GC274.838: [DefNew: 65462K->5428K(66112K), 0.0094750 secs] 154127K->99790K(212736K), 0.0095170 secs] [Times: user=0.01 sys=0.00, real=0.01 secs] 
274.847: Total time for which application threads were stopped: 0.0097030 seconds, Stopping threads took: 0.0000880 seconds
274.870: Application time: 0.0225530 seconds
274.870: [GC274.870: [DefNew: 64244K->7295K(66112K), 0.0158290 secs] 158606K->107467K(212736K), 0.0158740 secs] [Times: user=0.02 sys=0.00, real=0.02 secs] 
274.886: Total time for which application threads were stopped: 0.0162420 seconds, Stopping threads took: 0.0002510 seconds
274.910: Application time: 0.0236240 seconds
274.910: [GC274.910: [DefNew: 66111K->3343K(66112K), 0.0092650 secs] 166283K->109382K(212736K), 0.0093190 secs] [Times: user=0.01 sys=0.00, real=0.01 secs] 
274.919: Total time for which application threads were stopped: 0.0095730 seconds, Stopping threads took: 0.0001560 seconds
274.944: Application time: 0.0248230 seconds
274.944: [GC274.944: [DefNew: 62159K->7295K(66112K), 0.0191260 secs] 168198K->122708K(212736K), 0.0191690 secs] [Times: user=0.02 sys=0.00, real=0.02 secs] 
274.964: Total time for which application threads were stopped: 0.0193360 seconds, Stopping threads took: 0.0000710 seconds
274.990: Application time: 0.0261210 seconds
274.990: [GC274.990: [DefNew: 66111K->7295K(66112K), 0.0177350 secs] 181524K->130048K(212736K), 0.0177800 secs] [Times: user=0.02 sys=0.00, real=0.02 secs] 
275.008: Total time for which application threads were stopped: 0.0180190 seconds, Stopping threads took: 0.0001230 seconds
275.035: Application time: 0.0268880 seconds
275.035: [GC275.035: [DefNew: 66111K->7295K(66112K), 0.0190440 secs] 188864K->138251K(212736K), 0.0190870 secs] [Times: user=0.02 sys=0.00, real=0.02 secs] 
275.054: Total time for which application threads were stopped: 0.0194020 seconds, Stopping threads took: 0.0002180 seconds
275.082: Application time: 0.0279080 seconds
275.082: [GC275.082: [DefNew: 66111K->7296K(66112K), 0.0253460 secs] 197067K->151788K(212736K), 0.0253820 secs] [Times: user=0.02 sys=0.00, real=0.03 secs] 
275.108: Total time for which application threads were stopped: 0.0256520 seconds, Stopping threads took: 0.0001770 seconds
275.137: Application time: 0.0297470 seconds
275.137: [GC275.137: [DefNew: 66112K->7295K(66112K), 0.0250920 secs]275.163: [Tenured: 155476K->76993K(155648K), 0.1187440 secs] 210604K->76993K(221760K), [Perm : 8873K->8873K(21248K)], 0.1441670 secs] [Times: user=0.15 sys=0.00, real=0.14 secs] 
275.282: Total time for which application threads were stopped: 0.1443890 seconds, Stopping threads took: 0.0001110 seconds
275.310: Application time: 0.0285750 seconds
275.310: [GC275.310: [DefNew: 58816K->5205K(66112K), 0.0064170 secs] 135809K->82198K(212736K), 0.0064590 secs] [Times: user=0.01 sys=0.00, real=0.01 secs] 
275.317: Total time for which application threads were stopped: 0.0066950 seconds, Stopping threads took: 0.0001260 seconds
275.343: Application time: 0.0262680 seconds
275.343: [GC275.343: [DefNew: 64021K->4741K(66112K), 0.0075710 secs] 141014K->83280K(212736K), 0.0076140 secs] [Times: user=0.01 sys=0.00, real=0.01 secs] 
275.351: Total time for which application threads were stopped: 0.0078860 seconds, Stopping threads took: 0.0001550 seconds
275.375: Application time: 0.0236330 seconds
275.375: [GC275.375: [DefNew: 63557K->4773K(66112K), 0.0080570 secs] 142096K->86438K(212736K), 0.0081010 secs] [Times: user=0.00 sys=0.00, real=0.00 secs] 
275.383: Total time for which application threads were stopped: 0.0082650 seconds, Stopping threads took: 0.0000650 seconds
275.406: Application time: 0.0230510 seconds
275.409: [GC275.409: [DefNew: 63589K->3458K(66112K), 0.0054820 secs] 145254K->86212K(212736K), 0.0055230 secs] [Times: user=0.01 sys=0.00, real=0.01 secs] 
275.414: Total time for which application threads were stopped: 0.0082760 seconds, Stopping threads took: 0.0026600 seconds
275.436: Application time: 0.0214700 seconds
275.436: [GC275.436: [DefNew: 62274K->6772K(66112K), 0.0047250 secs] 145028K->89526K(212736K), 0.0047630 secs] [Times: user=0.00 sys=0.00, real=0.00 secs] 
275.441: Total time for which application threads were stopped: 0.0050310 seconds, Stopping threads took: 0.0001500 seconds
275.463: Application time: 0.0217440 seconds
275.463: [GC275.463: [DefNew: 65588K->3106K(66112K), 0.0095310 secs] 148342K->91691K(212736K), 0.0095750 secs] [Times: user=0.01 sys=0.00, real=0.01 secs] 
275.472: Total time for which application threads were stopped: 0.0098680 seconds, Stopping threads took: 0.0001810 seconds
275.495: Application time: 0.0220490 seconds
275.495: [GC275.495: [DefNew: 61922K->7295K(66112K), 0.0099540 secs] 150507K->98637K(212736K), 0.0100070 secs] [Times: user=0.01 sys=0.00, real=0.01 secs] 
275.505: Total time for which application threads were stopped: 0.0102640 seconds, Stopping threads took: 0.0001390 seconds
275.528: Application time: 0.0229080 seconds
275.528: [GC275.528: [DefNew: 66111K->6393K(66112K), 0.0152500 secs] 157453K->104241K(212736K), 0.0152930 secs] [Times: user=0.01 sys=0.00, real=0.01 secs] 
275.543: Total time for which application threads were stopped: 0.0156350 seconds, Stopping threads took: 0.0002260 seconds
275.568: Application time: 0.0249780 seconds
275.568: [GC275.568: [DefNew: 65209K->7296K(66112K), 0.0184590 secs] 163057K->115775K(212736K), 0.0185030 secs] [Times: user=0.02 sys=0.00, real=0.02 secs] 
275.587: Total time for which application threads were stopped: 0.0187010 seconds, Stopping threads took: 0.0000910 seconds
275.612: Application time: 0.0253380 seconds
275.613: [GC275.613: [DefNew: 66112K->7295K(66112K), 0.0196370 secs] 174591K->123826K(212736K), 0.0196800 secs] [Times: user=0.02 sys=0.00, real=0.01 secs] 
275.632: Total time for which application threads were stopped: 0.0199800 seconds, Stopping threads took: 0.0001820 seconds
275.659: Application time: 0.0263960 seconds
275.661: [GC275.661: [DefNew: 66111K->7296K(66112K), 0.0140680 secs] 182642K->130098K(212736K), 0.0141140 secs] [Times: user=0.02 sys=0.00, real=0.02 secs] 
275.675: Total time for which application threads were stopped: 0.0161390 seconds, Stopping threads took: 0.0019270 seconds
275.702: Application time: 0.0268770 seconds
275.702: [GC275.702: [DefNew: 66112K->7296K(66112K), 0.0174900 secs] 188914K->136873K(212736K), 0.0175330 secs] [Times: user=0.02 sys=0.00, real=0.02 secs] 
275.720: Total time for which application threads were stopped: 0.0178130 seconds, Stopping threads took: 0.0001640 seconds
275.750: Application time: 0.0300770 seconds
275.750: [GC275.750: [DefNew: 66112K->7296K(66112K), 0.0230640 secs] 195689K->150017K(212736K), 0.0231090 secs] [Times: user=0.02 sys=0.00, real=0.03 secs] 
275.773: Total time for which application threads were stopped: 0.0233100 seconds, Stopping threads took: 0.0001060 seconds
275.803: Application time: 0.0302140 seconds
275.803: [GC275.803: [DefNew: 66112K->3939K(66112K), 0.0143420 secs]275.818: [Tenured: 149159K->83022K(149312K), 0.1193690 secs] 208833K->83022K(215424K), [Perm : 8873K->8873K(21248K)], 0.1338760 secs] [Times: user=0.14 sys=0.00, real=0.14 secs] 
275.937: Total time for which application threads were stopped: 0.1340890 seconds, Stopping threads took: 0.0001110 seconds
275.965: Application time: 0.0272630 seconds
275.965: [GC275.965: [DefNew: 58816K->4793K(66112K), 0.0049540 secs] 141838K->87816K(212736K), 0.0049960 secs] [Times: user=0.00 sys=0.00, real=0.00 secs] 
275.970: Total time for which application threads were stopped: 0.0053280 seconds, Stopping threads took: 0.0002150 seconds
275.994: Application time: 0.0245530 seconds
275.995: [GC275.995: [DefNew: 63609K->6770K(66112K), 0.0081490 secs] 146632K->90872K(212736K), 0.0081940 secs] [Times: user=0.01 sys=0.00, real=0.00 secs] 
276.003: Total time for which application threads were stopped: 0.0084890 seconds, Stopping threads took: 0.0001870 seconds
276.027: Application time: 0.0236110 seconds
276.027: [GC276.027: [DefNew: 65586K->3791K(66112K), 0.0072970 secs] 149688K->90775K(212736K), 0.0073400 secs] [Times: user=0.01 sys=0.00, real=0.01 secs] 
276.034: Total time for which application threads were stopped: 0.0075780 seconds, Stopping threads took: 0.0001200 seconds
276.056: Application time: 0.0220900 seconds
276.056: [GC276.056: [DefNew: 62607K->752K(66112K), 0.0040540 secs] 149591K->91143K(212736K), 0.0040920 secs] [Times: user=0.01 sys=0.00, real=0.00 secs] 
276.061: Total time for which application threads were stopped: 0.0043450 seconds, Stopping threads took: 0.0001590 seconds
276.082: Application time: 0.0213600 seconds
276.082: [GC276.082: [DefNew: 59568K->5217K(66112K), 0.0054190 secs] 149959K->95608K(212736K), 0.0054600 secs] [Times: user=0.00 sys=0.00, real=0.01 secs] 
276.088: Total time for which application threads were stopped: 0.0057030 seconds, Stopping threads took: 0.0001430 seconds
276.109: Application time: 0.0213790 seconds
276.109: [GC276.109: [DefNew: 64033K->5658K(66112K), 0.0083270 secs] 154424K->100424K(212736K), 0.0083680 secs] [Times: user=0.00 sys=0.00, real=0.01 secs] 
276.118: Total time for which application threads were stopped: 0.0086350 seconds, Stopping threads took: 0.0001670 seconds
276.140: Application time: 0.0218910 seconds
276.140: [GC276.140: [DefNew: 64474K->5263K(66112K), 0.0089430 secs] 159240K->104925K(212736K), 0.0089840 secs] [Times: user=0.01 sys=0.00, real=0.01 secs] 
276.149: Total time for which application threads were stopped: 0.0091820 seconds, Stopping threads took: 0.0001010 seconds
276.172: Application time: 0.0233720 seconds
276.172: [GC276.172: [DefNew: 64079K->7295K(66112K), 0.0126040 secs] 163741K->114049K(212736K), 0.0126430 secs] [Times: user=0.01 sys=0.00, real=0.02 secs] 
276.185: Total time for which application threads were stopped: 0.0128610 seconds, Stopping threads took: 0.0001200 seconds
276.210: Application time: 0.0253380 seconds
276.210: [GC276.210: [DefNew: 66111K->7295K(66112K), 0.0225840 secs] 172865K->124881K(212736K), 0.0226250 secs] [Times: user=0.02 sys=0.00, real=0.03 secs] 
276.233: Total time for which application threads were stopped: 0.0228150 seconds, Stopping threads took: 0.0000960 seconds
276.260: Application time: 0.0265220 seconds
276.260: [GC276.260: [DefNew: 66111K->7296K(66112K), 0.0174800 secs] 183697K->132003K(212736K), 0.0175220 secs] [Times: user=0.02 sys=0.00, real=0.02 secs] 
276.277: Total time for which application threads were stopped: 0.0177130 seconds, Stopping threads took: 0.0000950 seconds
276.304: Application time: 0.0262020 seconds
276.304: [GC276.304: [DefNew: 66112K->7296K(66112K), 0.0130650 secs] 190819K->138093K(212736K), 0.0131070 secs] [Times: user=0.01 sys=0.00, real=0.02 secs] 
276.317: Total time for which application threads were stopped: 0.0132800 seconds, Stopping threads took: 0.0000740 seconds
276.344: Application time: 0.0273490 seconds
276.344: [GC276.344: [DefNew: 66112K->7295K(66112K), 0.0299550 secs] 196909K->153367K(212736K), 0.0300000 secs] [Times: user=0.03 sys=0.00, real=0.04 secs] 
276.374: Total time for which application threads were stopped: 0.0302490 seconds, Stopping threads took: 0.0001540 seconds
276.405: Application time: 0.0307170 seconds
276.405: [GC276.405: [DefNew: 66111K->7296K(66112K), 0.0281590 secs]276.434: [Tenured: 156918K->83073K(156992K), 0.1301710 secs] 212183K->83073K(223104K), [Perm : 8873K->8873K(21248K)], 0.1587620 secs] [Times: user=0.16 sys=0.00, real=0.15 secs] 
276.564: Total time for which application threads were stopped: 0.1590650 seconds, Stopping threads took: 0.0001910 seconds
276.594: Application time: 0.0294050 seconds
276.594: [GC276.594: [DefNew: 58816K->5172K(66112K), 0.0064810 secs] 141889K->88246K(212736K), 0.0065320 secs] [Times: user=0.01 sys=0.01, real=0.00 secs] 
276.600: Total time for which application threads were stopped: 0.0068740 seconds, Stopping threads took: 0.0002160 seconds
276.626: Application time: 0.0255390 seconds
276.626: [GC276.626: [DefNew: 63988K->5207K(66112K), 0.0078310 secs] 147062K->89513K(212736K), 0.0078750 secs] [Times: user=0.01 sys=0.00, real=0.01 secs] 
276.634: Total time for which application threads were stopped: 0.0080750 seconds, Stopping threads took: 0.0001020 seconds
276.658: Application time: 0.0236410 seconds
276.658: [GC276.658: [DefNew: 64023K->3825K(66112K), 0.0075790 secs] 148329K->91547K(212736K), 0.0076230 secs] [Times: user=0.00 sys=0.00, real=0.01 secs] 
276.666: Total time for which application threads were stopped: 0.0078390 seconds, Stopping threads took: 0.0001190 seconds
276.689: Application time: 0.0235530 seconds
276.689: [GC276.689: [DefNew: 62641K->2399K(66112K), 0.0045320 secs] 150363K->91982K(212736K), 0.0045690 secs] [Times: user=0.01 sys=0.00, real=0.01 secs] 
276.694: Total time for which application threads were stopped: 0.0047380 seconds, Stopping threads took: 0.0000770 seconds
276.715: Application time: 0.0211880 seconds
276.715: [GC276.715: [DefNew: 61215K->5966K(66112K), 0.0049530 secs] 150798K->95550K(212736K), 0.0050000 secs] [Times: user=0.00 sys=0.00, real=0.00 secs] 
276.720: Total time for which application threads were stopped: 0.0051840 seconds, Stopping threads took: 0.0000900 seconds
276.742: Application time: 0.0214770 seconds
276.742: [GC276.742: [DefNew: 64782K->3061K(66112K), 0.0084660 secs] 154366K->97645K(212736K), 0.0085270 secs] [Times: user=0.01 sys=0.00, real=0.01 secs] 
276.751: Total time for which application threads were stopped: 0.0088320 seconds, Stopping threads took: 0.0001860 seconds
276.773: Application time: 0.0221390 seconds
276.773: [GC276.773: [DefNew: 61877K->7295K(66112K), 0.0078110 secs] 156461K->102854K(212736K), 0.0078550 secs] [Times: user=0.00 sys=0.00, real=0.00 secs] 
276.781: Total time for which application threads were stopped: 0.0081410 seconds, Stopping threads took: 0.0001870 seconds
276.803: Application time: 0.0220290 seconds
276.803: [GC276.803: [DefNew: 66111K->5547K(66112K), 0.0114190 secs] 161670K->107824K(212736K), 0.0114660 secs] [Times: user=0.01 sys=0.00, real=0.02 secs] 
276.815: Total time for which application threads were stopped: 0.0116630 seconds, Stopping threads took: 0.0000990 seconds
276.839: Application time: 0.0246220 seconds
276.839: [GC276.839: [DefNew: 64363K->7296K(66112K), 0.0226750 secs] 166640K->120873K(212736K), 0.0227190 secs] [Times: user=0.02 sys=0.00, real=0.02 secs] 
276.862: Total time for which application threads were stopped: 0.0229330 seconds, Stopping threads took: 0.0001150 seconds
276.888: Application time: 0.0261890 seconds
276.888: [GC276.889: [DefNew: 66112K->7295K(66112K), 0.0188380 secs] 179689K->127295K(212736K), 0.0188840 secs] [Times: user=0.02 sys=0.00, real=0.02 secs] 
276.907: Total time for which application threads were stopped: 0.0190900 seconds, Stopping threads took: 0.0001010 seconds
276.934: Application time: 0.0263290 seconds
276.934: [GC276.934: [DefNew: 66111K->7295K(66112K), 0.0144080 secs] 186111K->133469K(212736K), 0.0144670 secs] [Times: user=0.01 sys=0.00, real=0.01 secs] 
276.948: Total time for which application threads were stopped: 0.0147550 seconds, Stopping threads took: 0.0001680 seconds
276.975: Application time: 0.0267110 seconds
276.975: [GC276.975: [DefNew: 66111K->7295K(66112K), 0.0267530 secs] 192285K->146371K(212736K), 0.0267960 secs] [Times: user=0.03 sys=0.00, real=0.02 secs] 
277.002: Total time for which application threads were stopped: 0.0270830 seconds, Stopping threads took: 0.0001730 seconds
277.034: Application time: 0.0313470 seconds
277.034: [GC277.034: [DefNew: 66111K->7295K(66112K), 0.0296650 secs]277.064: [Tenured: 155007K->81295K(155072K), 0.1163740 secs] 205187K->81295K(221184K), [Perm : 8873K->8873K(21248K)], 0.1463630 secs] [Times: user=0.14 sys=0.00, real=0.14 secs] 
277.180: Total time for which application threads were stopped: 0.1465610 seconds, Stopping threads took: 0.0001030 seconds
277.210: Application time: 0.0300630 seconds
277.210: [GC277.210: [DefNew: 58816K->3974K(66112K), 0.0064130 secs] 140111K->85269K(212736K), 0.0064510 secs] [Times: user=0.01 sys=0.00, real=0.01 secs] 
277.217: Total time for which application threads were stopped: 0.0066520 seconds, Stopping threads took: 0.0000810 seconds
277.244: Application time: 0.0273780 seconds
277.245: [GC277.245: [DefNew: 62790K->4621K(66112K), 0.0082120 secs] 144085K->89504K(212736K), 0.0082550 secs] [Times: user=0.01 sys=0.00, real=0.01 secs] 
277.253: Total time for which application threads were stopped: 0.0086100 seconds, Stopping threads took: 0.0002380 seconds
277.278: Application time: 0.0246960 seconds
277.278: [GC277.278: [DefNew: 63437K->7296K(66112K), 0.0101000 secs] 148320K->93436K(212736K), 0.0101460 secs] [Times: user=0.01 sys=0.00, real=0.01 secs] 
277.288: Total time for which application threads were stopped: 0.0104750 seconds, Stopping threads took: 0.0002110 seconds
277.312: Application time: 0.0239400 seconds
277.312: [GC277.312: [DefNew: 66112K->3759K(66112K), 0.0099510 secs] 152252K->95930K(212736K), 0.0100040 secs] [Times: user=0.01 sys=0.00, real=0.01 secs] 
277.322: Total time for which application threads were stopped: 0.0103530 seconds, Stopping threads took: 0.0002290 seconds
277.345: Application time: 0.0222600 seconds
277.345: [GC277.345: [DefNew: 62575K->625K(66112K), 0.0036260 secs] 154746K->96189K(212736K), 0.0036620 secs] [Times: user=0.00 sys=0.00, real=0.00 secs] 
277.349: Total time for which application threads were stopped: 0.0038510 seconds, Stopping threads took: 0.0000980 seconds
277.370: Application time: 0.0213070 seconds
277.370: [GC277.370: [DefNew: 59441K->5114K(66112K), 0.0058510 secs] 155005K->100678K(212736K), 0.0058910 secs] [Times: user=0.01 sys=0.00, real=0.01 secs] 
277.376: Total time for which application threads were stopped: 0.0060820 seconds, Stopping threads took: 0.0000990 seconds
277.397: Application time: 0.0211940 seconds
277.397: [GC277.397: [DefNew: 63930K->5369K(66112K), 0.0084810 secs] 159494K->105159K(212736K), 0.0085250 secs] [Times: user=0.00 sys=0.00, real=0.01 secs] 
277.406: Total time for which application threads were stopped: 0.0089090 seconds, Stopping threads took: 0.0002650 seconds
277.428: Application time: 0.0223420 seconds
277.429: [GC277.429: [DefNew: 64185K->3164K(66112K), 0.0092620 secs] 163975K->107618K(212736K), 0.0093060 secs] [Times: user=0.01 sys=0.00, real=0.01 secs] 
277.438: Total time for which application threads were stopped: 0.0095050 seconds, Stopping threads took: 0.0000980 seconds
277.461: Application time: 0.0228780 seconds
277.461: [GC277.461: [DefNew: 61980K->7296K(66112K), 0.0128650 secs] 166434K->119020K(212736K), 0.0129100 secs] [Times: user=0.01 sys=0.00, real=0.02 secs] 
277.474: Total time for which application threads were stopped: 0.0132010 seconds, Stopping threads took: 0.0001850 seconds
277.499: Application time: 0.0251490 seconds
277.499: [GC277.499: [DefNew: 66112K->7295K(66112K), 0.0240200 secs] 177836K->130461K(212736K), 0.0240620 secs] [Times: user=0.02 sys=0.00, real=0.02 secs] 
277.523: Total time for which application threads were stopped: 0.0242630 seconds, Stopping threads took: 0.0001040 seconds
277.551: Application time: 0.0274120 seconds
277.551: [GC277.551: [DefNew: 66111K->6201K(66112K), 0.0168370 secs] 189277K->135895K(212736K), 0.0168820 secs] [Times: user=0.02 sys=0.00, real=0.02 secs] 
277.568: Total time for which application threads were stopped: 0.0171320 seconds, Stopping threads took: 0.0001550 seconds
277.594: Application time: 0.0264960 seconds
277.595: [GC277.595: [DefNew: 65017K->7296K(66112K), 0.0121850 secs] 194711K->142131K(212736K), 0.0122200 secs] [Times: user=0.01 sys=0.00, real=0.01 secs] 
277.607: Total time for which application threads were stopped: 0.0123930 seconds, Stopping threads took: 0.0000750 seconds
277.635: Application time: 0.0283890 seconds
277.635: [GC277.635: [DefNew: 66112K->7296K(66112K), 0.0323380 secs]277.668: [Tenured: 151579K->73454K(151616K), 0.1199280 secs] 200947K->73454K(217728K), [Perm : 8873K->8873K(21248K)], 0.1525070 secs] [Times: user=0.15 sys=0.00, real=0.15 secs] 
277.788: Total time for which application threads were stopped: 0.1527520 seconds, Stopping threads took: 0.0001520 seconds
277.819: Application time: 0.0314100 seconds
277.820: [GC277.820: [DefNew: 58816K->7295K(66112K), 0.0181420 secs] 132270K->85480K(212736K), 0.0181870 secs] [Times: user=0.02 sys=0.00, real=0.02 secs] 
277.838: Total time for which application threads were stopped: 0.0185360 seconds, Stopping threads took: 0.0002420 seconds
277.868: Application time: 0.0300210 seconds
277.868: [GC277.868: [DefNew: 66111K->4707K(66112K), 0.0174420 secs] 144296K->90064K(212736K), 0.0174850 secs] [Times: user=0.02 sys=0.00, real=0.02 secs] 
277.886: Total time for which application threads were stopped: 0.0176980 seconds, Stopping threads took: 0.0001160 seconds
277.911: Application time: 0.0256470 seconds
277.912: [GC277.912: [DefNew: 63523K->5754K(66112K), 0.0078460 secs] 148880K->92018K(212736K), 0.0078910 secs] [Times: user=0.01 sys=0.00, real=0.01 secs] 
277.919: Total time for which application threads were stopped: 0.0081760 seconds, Stopping threads took: 0.0001750 seconds
277.944: Application time: 0.0241960 seconds
277.944: [GC277.944: [DefNew: 64570K->3657K(66112K), 0.0078700 secs] 150834K->93794K(212736K), 0.0079150 secs] [Times: user=0.01 sys=0.00, real=0.01 secs] 
277.952: Total time for which application threads were stopped: 0.0081580 seconds, Stopping threads took: 0.0001420 seconds
277.975: Application time: 0.0234650 seconds
277.975: [GC277.975: [DefNew: 62473K->2242K(66112K), 0.0044090 secs] 152610K->94086K(212736K), 0.0044480 secs] [Times: user=0.00 sys=0.00, real=0.00 secs] 
277.980: Total time for which application threads were stopped: 0.0046900 seconds, Stopping threads took: 0.0001280 seconds
278.001: Application time: 0.0211420 seconds
278.001: [GC278.001: [DefNew: 61058K->5335K(66112K), 0.0039840 secs] 152902K->97179K(212736K), 0.0040220 secs] [Times: user=0.01 sys=0.00, real=0.01 secs] 
278.005: Total time for which application threads were stopped: 0.0042710 seconds, Stopping threads took: 0.0001560 seconds
278.027: Application time: 0.0215500 seconds
278.027: [GC278.027: [DefNew: 64151K->6041K(66112K), 0.0086320 secs] 155995K->99599K(212736K), 0.0086770 secs] [Times: user=0.01 sys=0.00, real=0.01 secs] 
278.036: Total time for which application threads were stopped: 0.0089010 seconds, Stopping threads took: 0.0001250 seconds
278.058: Application time: 0.0217230 seconds
278.058: [GC278.058: [DefNew: 64857K->7296K(66112K), 0.0100640 secs] 158415K->104522K(212736K), 0.0101080 secs] [Times: user=0.01 sys=0.00, real=0.01 secs] 
278.068: Total time for which application threads were stopped: 0.0103160 seconds, Stopping threads took: 0.0001110 seconds
278.090: Application time: 0.0216720 seconds
278.090: [GC278.090: [DefNew: 66112K->3951K(66112K), 0.0099430 secs] 163338K->107797K(212736K), 0.0099890 secs] [Times: user=0.01 sys=0.00, real=0.01 secs] 
278.100: Total time for which application threads were stopped: 0.0102090 seconds, Stopping threads took: 0.0001150 seconds
278.124: Application time: 0.0244810 seconds
278.124: [GC278.124: [DefNew: 62767K->7295K(66112K), 0.0200680 secs] 166613K->121914K(212736K), 0.0201150 secs] [Times: user=0.02 sys=0.00, real=0.03 secs] 
278.145: Total time for which application threads were stopped: 0.0203070 seconds, Stopping threads took: 0.0000960 seconds
278.170: Application time: 0.0256830 seconds
278.170: [GC278.170: [DefNew: 66111K->7296K(66112K), 0.0180250 secs] 180730K->129293K(212736K), 0.0180680 secs] [Times: user=0.01 sys=0.00, real=0.02 secs] 
278.189: Total time for which application threads were stopped: 0.0183360 seconds, Stopping threads took: 0.0001700 seconds
278.216: Application time: 0.0269630 seconds
278.216: [GC278.216: [DefNew: 66112K->7295K(66112K), 0.0139150 secs] 188109K->136053K(212736K), 0.0139610 secs] [Times: user=0.01 sys=0.00, real=0.01 secs] 
278.230: Total time for which application threads were stopped: 0.0141670 seconds, Stopping threads took: 0.0001080 seconds
278.257: Application time: 0.0276060 seconds
278.257: [GC278.257: [DefNew: 66111K->7295K(66112K), 0.0224490 secs] 194869K->148361K(212736K), 0.0224930 secs] [Times: user=0.02 sys=0.00, real=0.02 secs] 
278.280: Total time for which application threads were stopped: 0.0226700 seconds, Stopping threads took: 0.0000810 seconds
278.312: Application time: 0.0316630 seconds
278.312: [GC278.312: [DefNew: 66111K->7296K(66112K), 0.0328490 secs]278.345: [Tenured: 159095K->76808K(159104K), 0.1210380 secs] 207177K->76808K(225216K), [Perm : 8873K->8873K(21248K)], 0.1543070 secs] [Times: user=0.16 sys=0.00, real=0.16 secs] 
278.466: Total time for which application threads were stopped: 0.1546280 seconds, Stopping threads took: 0.0002280 seconds
278.497: Application time: 0.0304680 seconds
278.497: [GC278.497: [DefNew: 58816K->5440K(66112K), 0.0079120 secs] 135624K->82249K(212736K), 0.0079540 secs] [Times: user=0.01 sys=0.00, real=0.01 secs] 
278.505: Total time for which application threads were stopped: 0.0082790 seconds, Stopping threads took: 0.0002080 seconds
278.534: Application time: 0.0286340 seconds
278.534: [GC278.534: [DefNew: 64256K->4352K(66112K), 0.0069130 secs] 141065K->83853K(212736K), 0.0069610 secs] [Times: user=0.01 sys=0.00, real=0.00 secs] 
278.541: Total time for which application threads were stopped: 0.0072220 seconds, Stopping threads took: 0.0001450 seconds
278.565: Application time: 0.0243920 seconds
278.566: [GC278.566: [DefNew: 63168K->3491K(66112K), 0.0055730 secs] 142669K->85980K(212736K), 0.0056150 secs] [Times: user=0.01 sys=0.00, real=0.00 secs] 
278.571: Total time for which application threads were stopped: 0.0060030 seconds, Stopping threads took: 0.0002900 seconds
278.595: Application time: 0.0238380 seconds
278.596: [GC278.596: [DefNew: 62307K->4891K(66112K), 0.0058800 secs] 144796K->87381K(212736K), 0.0059220 secs] [Times: user=0.00 sys=0.00, real=0.00 secs] 
278.601: Total time for which application threads were stopped: 0.0063340 seconds, Stopping threads took: 0.0002940 seconds
278.624: Application time: 0.0222130 seconds
278.624: [GC278.624: [DefNew: 63707K->2974K(66112K), 0.0038130 secs] 146197K->87341K(212736K), 0.0038550 secs] [Times: user=0.01 sys=0.00, real=0.01 secs] 
278.628: Total time for which application threads were stopped: 0.0041710 seconds, Stopping threads took: 0.0002010 seconds
278.649: Application time: 0.0212180 seconds
278.649: [GC278.649: [DefNew: 61790K->7295K(66112K), 0.0057850 secs] 146157K->91685K(212736K), 0.0058300 secs] [Times: user=0.01 sys=0.00, real=0.01 secs] 
278.655: Total time for which application threads were stopped: 0.0060050 seconds, Stopping threads took: 0.0000750 seconds
278.676: Application time: 0.0207730 seconds
278.676: [GC278.676: [DefNew: 66111K->4248K(66112K), 0.0101590 secs] 150501K->95101K(212736K), 0.0102010 secs] [Times: user=0.01 sys=0.00, real=0.01 secs] 
278.686: Total time for which application threads were stopped: 0.0105400 seconds, Stopping threads took: 0.0002200 seconds
278.708: Application time: 0.0219860 seconds
278.709: [GC278.709: [DefNew: 63064K->4004K(66112K), 0.0088440 secs] 153917K->98626K(212736K), 0.0088870 secs] [Times: user=0.01 sys=0.00, real=0.01 secs] 
278.718: Total time for which application threads were stopped: 0.0091300 seconds, Stopping threads took: 0.0001260 seconds
278.739: Application time: 0.0217690 seconds
278.739: [GC278.740: [DefNew: 62820K->7296K(66112K), 0.0096720 secs] 157442K->106234K(212736K), 0.0097170 secs] [Times: user=0.01 sys=0.00, real=0.01 secs] 
278.749: Total time for which application threads were stopped: 0.0099470 seconds, Stopping threads took: 0.0001320 seconds
278.774: Application time: 0.0249600 seconds
278.774: [GC278.774: [DefNew: 66112K->7296K(66112K), 0.0239300 secs] 165050K->119119K(212736K), 0.0239810 secs] [Times: user=0.03 sys=0.00, real=0.02 secs] 
278.798: Total time for which application threads were stopped: 0.0241830 seconds, Stopping threads took: 0.0001080 seconds
278.826: Application time: 0.0271980 seconds
278.826: [GC278.826: [DefNew: 66112K->6848K(66112K), 0.0190960 secs] 177935K->125869K(212736K), 0.0191410 secs] [Times: user=0.02 sys=0.00, real=0.02 secs] 
278.845: Total time for which application threads were stopped: 0.0194210 seconds, Stopping threads took: 0.0001850 seconds
278.872: Application time: 0.0269940 seconds
278.872: [GC278.872: [DefNew: 65664K->7296K(66112K), 0.0161810 secs] 184685K->133881K(212736K), 0.0162280 secs] [Times: user=0.02 sys=0.00, real=0.02 secs] 
278.889: Total time for which application threads were stopped: 0.0165830 seconds, Stopping threads took: 0.0002410 seconds
278.919: Application time: 0.0300460 seconds
278.919: [GC278.919: [DefNew: 66112K->7296K(66112K), 0.0319450 secs] 192697K->151215K(212736K), 0.0319890 secs] [Times: user=0.04 sys=0.00, real=0.03 secs] 
278.951: Total time for which application threads were stopped: 0.0322880 seconds, Stopping threads took: 0.0001850 seconds
278.984: Application time: 0.0328150 seconds
278.984: [GC278.984: [DefNew: 66112K->7295K(66112K), 0.0232330 secs]279.007: [Tenured: 153477K->84205K(153536K), 0.1207500 secs] 210031K->84205K(219648K), [Perm : 8873K->8873K(21248K)], 0.1442730 secs] [Times: user=0.14 sys=0.00, real=0.15 secs] 
279.128: Total time for which application threads were stopped: 0.1444910 seconds, Stopping threads took: 0.0001030 seconds
279.158: Application time: 0.0293140 seconds
279.158: [GC279.158: [DefNew: 58816K->3786K(66112K), 0.0048830 secs] 143021K->87991K(212736K), 0.0049220 secs] [Times: user=0.00 sys=0.00, real=0.00 secs] 
279.163: Total time for which application threads were stopped: 0.0052610 seconds, Stopping threads took: 0.0002130 seconds
279.189: Application time: 0.0262110 seconds
279.189: [GC279.189: [DefNew: 62602K->6241K(66112K), 0.0100120 secs] 146807K->91786K(212736K), 0.0100560 secs] [Times: user=0.01 sys=0.00, real=0.01 secs] 
279.199: Total time for which application threads were stopped: 0.0104560 seconds, Stopping threads took: 0.0002830 seconds
279.224: Application time: 0.0240620 seconds
279.224: [GC279.224: [DefNew: 65057K->3572K(66112K), 0.0071860 secs] 150602K->92070K(212736K), 0.0072270 secs] [Times: user=0.00 sys=0.00, real=0.01 secs] 
279.231: Total time for which application threads were stopped: 0.0076800 seconds, Stopping threads took: 0.0003360 seconds
279.254: Application time: 0.0232630 seconds
279.255: [GC279.255: [DefNew: 62388K->3961K(66112K), 0.0035660 secs] 150886K->92459K(212736K), 0.0036030 secs] [Times: user=0.00 sys=0.00, real=0.00 secs] 
279.258: Total time for which application threads were stopped: 0.0037940 seconds, Stopping threads took: 0.0000940 seconds
279.280: Application time: 0.0215070 seconds
279.280: [GC279.280: [DefNew: 62777K->3968K(66112K), 0.0055560 secs] 151275K->95622K(212736K), 0.0055970 secs] [Times: user=0.01 sys=0.00, real=0.01 secs] 
279.286: Total time for which application threads were stopped: 0.0058360 seconds, Stopping threads took: 0.0001230 seconds
279.306: Application time: 0.0208080 seconds
279.307: [GC279.307: [DefNew: 62784K->5868K(66112K), 0.0082850 secs] 154438K->97903K(212736K), 0.0083280 secs] [Times: user=0.00 sys=0.00, real=0.01 secs] 
279.315: Total time for which application threads were stopped: 0.0086380 seconds, Stopping threads took: 0.0001940 seconds
279.336: Application time: 0.0214010 seconds
279.337: [GC279.337: [DefNew: 64684K->7296K(66112K), 0.0093960 secs] 156719K->102407K(212736K), 0.0094410 secs] [Times: user=0.01 sys=0.00, real=0.01 secs] 
279.346: Total time for which application threads were stopped: 0.0097750 seconds, Stopping threads took: 0.0002370 seconds
279.368: Application time: 0.0215210 seconds
279.368: [GC279.368: [DefNew: 66112K->3585K(66112K), 0.0100830 secs] 161223K->105249K(212736K), 0.0101270 secs] [Times: user=0.01 sys=0.00, real=0.01 secs] 
279.378: Total time for which application threads were stopped: 0.0103720 seconds, Stopping threads took: 0.0001420 seconds
279.401: Application time: 0.0227470 seconds
279.401: [GC279.401: [DefNew: 62401K->7295K(66112K), 0.0128430 secs] 164065K->116081K(212736K), 0.0128870 secs] [Times: user=0.01 sys=0.00, real=0.02 secs] 
279.414: Total time for which application threads were stopped: 0.0131130 seconds, Stopping threads took: 0.0001270 seconds
279.438: Application time: 0.0242690 seconds
279.438: [GC279.439: [DefNew: 66111K->7295K(66112K), 0.0215700 secs] 174897K->126033K(212736K), 0.0216140 secs] [Times: user=0.02 sys=0.00, real=0.02 secs] 
279.460: Total time for which application threads were stopped: 0.0218370 seconds, Stopping threads took: 0.0001270 seconds
279.489: Application time: 0.0284670 seconds
279.489: [GC279.489: [DefNew: 66111K->7295K(66112K), 0.0178650 secs] 184849K->135082K(212736K), 0.0179090 secs] [Times: user=0.02 sys=0.00, real=0.02 secs] 
279.507: Total time for which application threads were stopped: 0.0181260 seconds, Stopping threads took: 0.0001200 seconds
279.536: Application time: 0.0288990 seconds
279.536: [GC279.536: [DefNew: 66111K->7296K(66112K), 0.0220970 secs] 193898K->145903K(212736K), 0.0221420 secs] [Times: user=0.02 sys=0.00, real=0.02 secs] 
279.558: Total time for which application threads were stopped: 0.0223280 seconds, Stopping threads took: 0.0000890 seconds
279.589: Application time: 0.0313340 seconds
279.589: [GC279.590: [DefNew: 66112K->7296K(66112K), 0.0261440 secs]279.616: [Tenured: 151898K->82918K(152000K), 0.1168710 secs] 204719K->82918K(218112K), [Perm : 8873K->8873K(21248K)], 0.1432800 secs] [Times: user=0.15 sys=0.00, real=0.15 secs] 
279.733: Total time for which application threads were stopped: 0.1434860 seconds, Stopping threads took: 0.0001120 seconds
279.765: Application time: 0.0320150 seconds
279.765: [GC279.765: [DefNew: 58816K->7295K(66112K), 0.0091880 secs] 141734K->90372K(212736K), 0.0092300 secs] [Times: user=0.01 sys=0.00, real=0.01 secs] 
279.774: Total time for which application threads were stopped: 0.0095740 seconds, Stopping threads took: 0.0002150 seconds
279.803: Application time: 0.0288950 seconds
279.803: [GC279.803: [DefNew: 66111K->5794K(66112K), 0.0153570 secs] 149188K->95300K(212736K), 0.0154010 secs] [Times: user=0.02 sys=0.00, real=0.02 secs] 
279.819: Total time for which application threads were stopped: 0.0156160 seconds, Stopping threads took: 0.0001170 seconds
279.844: Application time: 0.0249270 seconds
279.844: [GC279.844: [DefNew: 64610K->4629K(66112K), 0.0085220 secs] 154116K->97091K(212736K), 0.0085640 secs] [Times: user=0.00 sys=0.00, real=0.02 secs] 
279.853: Total time for which application threads were stopped: 0.0089230 seconds, Stopping threads took: 0.0002610 seconds
279.876: Application time: 0.0236580 seconds
279.877: [GC279.877: [DefNew: 63445K->2175K(66112K), 0.0052380 secs] 155907K->97265K(212736K), 0.0052810 secs] [Times: user=0.00 sys=0.00, real=0.00 secs] 
279.882: Total time for which application threads were stopped: 0.0055750 seconds, Stopping threads took: 0.0001980 seconds
279.905: Application time: 0.0227230 seconds
279.905: [GC279.905: [DefNew: 60991K->2252K(66112K), 0.0024420 secs] 156081K->97342K(212736K), 0.0024760 secs] [Times: user=0.01 sys=0.00, real=0.00 secs] 
279.907: Total time for which application threads were stopped: 0.0026590 seconds, Stopping threads took: 0.0000940 seconds
279.928: Application time: 0.0204620 seconds
279.928: [GC279.928: [DefNew: 61068K->6138K(66112K), 0.0053520 secs] 156158K->101229K(212736K), 0.0053920 secs] [Times: user=0.01 sys=0.00, real=0.01 secs] 
279.933: Total time for which application threads were stopped: 0.0056110 seconds, Stopping threads took: 0.0001230 seconds
279.954: Application time: 0.0203920 seconds
279.954: [GC279.954: [DefNew: 64954K->4155K(66112K), 0.0096270 secs] 160045K->104541K(212736K), 0.0096700 secs] [Times: user=0.01 sys=0.00, real=0.00 secs] 
279.964: Total time for which application threads were stopped: 0.0098860 seconds, Stopping threads took: 0.0000990 seconds
279.985: Application time: 0.0217320 seconds
279.986: [GC279.986: [DefNew: 62971K->4270K(66112K), 0.0074360 secs] 163357K->108448K(212736K), 0.0074800 secs] [Times: user=0.01 sys=0.00, real=0.01 secs] 
279.993: Total time for which application threads were stopped: 0.0076830 seconds, Stopping threads took: 0.0001040 seconds
280.014: Application time: 0.0212660 seconds
280.015: [GC280.015: [DefNew: 63086K->2288K(66112K), 0.0067150 secs] 167264K->110276K(212736K), 0.0067570 secs] [Times: user=0.01 sys=0.00, real=0.00 secs] 
280.021: Total time for which application threads were stopped: 0.0069750 seconds, Stopping threads took: 0.0001230 seconds
280.045: Application time: 0.0234210 seconds
280.045: [GC280.045: [DefNew: 61104K->7295K(66112K), 0.0230650 secs] 169092K->126258K(212736K), 0.0231100 secs] [Times: user=0.02 sys=0.00, real=0.02 secs] 
280.068: Total time for which application threads were stopped: 0.0233870 seconds, Stopping threads took: 0.0001600 seconds
280.094: Application time: 0.0259650 seconds
280.094: [GC280.095: [DefNew: 66111K->7295K(66112K), 0.0192560 secs] 185074K->133338K(212736K), 0.0192940 secs] [Times: user=0.02 sys=0.00, real=0.02 secs] 
280.114: Total time for which application threads were stopped: 0.0196250 seconds, Stopping threads took: 0.0002180 seconds
280.142: Application time: 0.0286850 seconds
280.143: [GC280.143: [DefNew: 66111K->7295K(66112K), 0.0201670 secs] 192154K->145056K(212736K), 0.0202220 secs] [Times: user=0.02 sys=0.00, real=0.02 secs] 
280.163: Total time for which application threads were stopped: 0.0205480 seconds, Stopping threads took: 0.0002110 seconds
280.195: Application time: 0.0317390 seconds
280.195: [GC280.195: [DefNew: 66111K->7296K(66112K), 0.0331490 secs]280.228: [Tenured: 153471K->75694K(153536K), 0.1151420 secs] 203872K->75694K(219648K), [Perm : 8873K->8873K(21248K)], 0.1485880 secs] [Times: user=0.15 sys=0.00, real=0.14 secs] 
280.344: Total time for which application threads were stopped: 0.1487860 seconds, Stopping threads took: 0.0001060 seconds
280.377: Application time: 0.0331340 seconds
280.377: [GC280.377: [DefNew: 58816K->7295K(66112K), 0.0206730 secs] 134510K->88932K(212736K), 0.0207170 secs] [Times: user=0.02 sys=0.00, real=0.02 secs] 
280.398: Total time for which application threads were stopped: 0.0210670 seconds, Stopping threads took: 0.0002210 seconds
280.427: Application time: 0.0289550 seconds
280.427: [GC280.427: [DefNew: 66111K->5996K(66112K), 0.0172510 secs] 147748K->94375K(212736K), 0.0172960 secs] [Times: user=0.01 sys=0.00, real=0.01 secs] 
280.444: Total time for which application threads were stopped: 0.0175580 seconds, Stopping threads took: 0.0001450 seconds
280.472: Application time: 0.0277360 seconds
280.472: [GC280.472: [DefNew: 64812K->5200K(66112K), 0.0088040 secs] 153191K->96078K(212736K), 0.0088470 secs] [Times: user=0.01 sys=0.00, real=0.01 secs] 
280.481: Total time for which application threads were stopped: 0.0092360 seconds, Stopping threads took: 0.0002910 seconds
280.505: Application time: 0.0239710 seconds
280.505: [GC280.505: [DefNew: 64016K->2138K(66112K), 0.0060260 secs] 154894K->96089K(212736K), 0.0060690 secs] [Times: user=0.01 sys=0.00, real=0.00 secs] 
280.512: Total time for which application threads were stopped: 0.0062800 seconds, Stopping threads took: 0.0001130 seconds
280.534: Application time: 0.0228450 seconds
280.535: [GC280.535: [DefNew: 60954K->2193K(66112K), 0.0021890 secs] 154905K->96144K(212736K), 0.0022210 secs] [Times: user=0.01 sys=0.00, real=0.00 secs] 
280.537: Total time for which application threads were stopped: 0.0023910 seconds, Stopping threads took: 0.0000840 seconds
280.558: Application time: 0.0209090 seconds
280.558: [GC280.558: [DefNew: 61009K->3161K(66112K), 0.0028980 secs] 154960K->97112K(212736K), 0.0029330 secs] [Times: user=0.01 sys=0.00, real=0.00 secs] 
280.561: Total time for which application threads were stopped: 0.0031420 seconds, Stopping threads took: 0.0001210 seconds
280.581: Application time: 0.0203370 seconds
280.581: [GC280.581: [DefNew: 61977K->6995K(66112K), 0.0068030 secs] 155928K->100946K(212736K), 0.0068480 secs] [Times: user=0.01 sys=0.00, real=0.01 secs] 
280.588: Total time for which application threads were stopped: 0.0070690 seconds, Stopping threads took: 0.0001220 seconds
280.609: Application time: 0.0207100 seconds
280.609: [GC280.609: [DefNew: 65811K->5657K(66112K), 0.0107020 secs] 159762K->106019K(212736K), 0.0107480 secs] [Times: user=0.01 sys=0.00, real=0.01 secs] 
280.620: Total time for which application threads were stopped: 0.0109740 seconds, Stopping threads took: 0.0001310 seconds
280.641: Application time: 0.0214970 seconds
280.642: [GC280.642: [DefNew: 64473K->2775K(66112K), 0.0074820 secs] 164835K->108058K(212736K), 0.0075260 secs] [Times: user=0.01 sys=0.00, real=0.01 secs] 
280.649: Total time for which application threads were stopped: 0.0077360 seconds, Stopping threads took: 0.0001120 seconds
280.671: Application time: 0.0218450 seconds
280.671: [GC280.671: [DefNew: 61591K->7296K(66112K), 0.0107040 secs] 166874K->117715K(212736K), 0.0107500 secs] [Times: user=0.01 sys=0.00, real=0.01 secs] 
280.682: Total time for which application threads were stopped: 0.0109540 seconds, Stopping threads took: 0.0001070 seconds
280.706: Application time: 0.0238130 seconds
280.706: [GC280.706: [DefNew: 66112K->7296K(66112K), 0.0256430 secs] 176531K->129504K(212736K), 0.0256960 secs] [Times: user=0.02 sys=0.00, real=0.02 secs] 
280.732: Total time for which application threads were stopped: 0.0259000 seconds, Stopping threads took: 0.0001070 seconds
280.760: Application time: 0.0283460 seconds
280.760: [GC280.760: [DefNew: 66112K->7296K(66112K), 0.0234610 secs] 188320K->140894K(212736K), 0.0235080 secs] [Times: user=0.02 sys=0.00, real=0.02 secs] 
280.784: Total time for which application threads were stopped: 0.0237630 seconds, Stopping threads took: 0.0001610 seconds
280.814: Application time: 0.0297390 seconds
280.814: [GC280.814: [DefNew: 66112K->7295K(66112K), 0.0225760 secs] 199710K->152554K(212736K), 0.0226230 secs] [Times: user=0.02 sys=0.00, real=0.02 secs] 
280.836: Total time for which application threads were stopped: 0.0229420 seconds, Stopping threads took: 0.0001960 seconds
280.869: Application time: 0.0326510 seconds
280.869: [GC280.869: [DefNew: 66111K->7296K(66112K), 0.0293260 secs]280.899: [Tenured: 157849K->83172K(157952K), 0.1297040 secs] 211370K->83172K(224064K), [Perm : 8873K->8873K(21248K)], 0.1595000 secs] [Times: user=0.16 sys=0.01, real=0.16 secs] 
281.029: Total time for which application threads were stopped: 0.1597650 seconds, Stopping threads took: 0.0001520 seconds
281.060: Application time: 0.0312400 seconds
281.060: [GC281.060: [DefNew: 58816K->6770K(66112K), 0.0084470 secs] 141988K->89942K(212736K), 0.0084920 secs] [Times: user=0.00 sys=0.00, real=0.01 secs] 
281.069: Total time for which application threads were stopped: 0.0087680 seconds, Stopping threads took: 0.0001470 seconds
281.098: Application time: 0.0290600 seconds
281.098: [GC281.098: [DefNew: 65586K->4553K(66112K), 0.0092920 secs] 148758K->92104K(212736K), 0.0093370 secs] [Times: user=0.01 sys=0.00, real=0.01 secs] 
281.108: Total time for which application threads were stopped: 0.0096830 seconds, Stopping threads took: 0.0002310 seconds
281.132: Application time: 0.0247590 seconds
281.133: [GC281.133: [DefNew: 63369K->2780K(66112K), 0.0069070 secs] 150920K->94335K(212736K), 0.0069510 secs] [Times: user=0.01 sys=0.00, real=0.00 secs] 
281.140: Total time for which application threads were stopped: 0.0073080 seconds, Stopping threads took: 0.0002400 seconds
281.163: Application time: 0.0231120 seconds
281.163: [GC281.163: [DefNew: 61596K->2846K(66112K), 0.0038790 secs] 153151K->94401K(212736K), 0.0039140 secs] [Times: user=0.01 sys=0.00, real=0.01 secs] 
281.167: Total time for which application threads were stopped: 0.0041820 seconds, Stopping threads took: 0.0001590 seconds
281.189: Application time: 0.0218350 seconds
281.189: [GC281.189: [DefNew: 61662K->3031K(66112K), 0.0026360 secs] 153217K->94586K(212736K), 0.0026720 secs] [Times: user=0.00 sys=0.00, real=0.00 secs] 
281.192: Total time for which application threads were stopped: 0.0030030 seconds, Stopping threads took: 0.0002400 seconds
281.212: Application time: 0.0202970 seconds
281.212: [GC281.212: [DefNew: 61847K->5280K(66112K), 0.0042770 secs] 153402K->96835K(212736K), 0.0043140 secs] [Times: user=0.00 sys=0.00, real=0.01 secs] 
281.217: Total time for which application threads were stopped: 0.0045330 seconds, Stopping threads took: 0.0001270 seconds
281.237: Application time: 0.0202890 seconds
281.237: [GC281.237: [DefNew: 64096K->6697K(66112K), 0.0081890 secs] 155651K->100774K(212736K), 0.0082350 secs] [Times: user=0.01 sys=0.00, real=0.01 secs] 
281.245: Total time for which application threads were stopped: 0.0084480 seconds, Stopping threads took: 0.0001140 seconds
281.266: Application time: 0.0210250 seconds
281.267: [GC281.267: [DefNew: 65513K->5260K(66112K), 0.0104540 secs] 159590K->105399K(212736K), 0.0104960 secs] [Times: user=0.01 sys=0.00, real=0.01 secs] 
281.277: Total time for which application threads were stopped: 0.0106980 seconds, Stopping threads took: 0.0001060 seconds
281.298: Application time: 0.0211490 seconds
281.298: [GC281.299: [DefNew: 64076K->2602K(66112K), 0.0067080 secs] 164215K->107466K(212736K), 0.0067520 secs] [Times: user=0.01 sys=0.00, real=0.01 secs] 
281.305: Total time for which application threads were stopped: 0.0069550 seconds, Stopping threads took: 0.0000950 seconds
281.328: Application time: 0.0227580 seconds
281.328: [GC281.328: [DefNew: 61418K->7296K(66112K), 0.0205000 secs] 166282K->121477K(212736K), 0.0205440 secs] [Times: user=0.02 sys=0.00, real=0.02 secs] 
281.349: Total time for which application threads were stopped: 0.0207780 seconds, Stopping threads took: 0.0001370 seconds
281.374: Application time: 0.0252410 seconds
281.374: [GC281.374: [DefNew: 66112K->7295K(66112K), 0.0213160 secs] 180293K->130970K(212736K), 0.0213600 secs] [Times: user=0.02 sys=0.00, real=0.02 secs] 
281.396: Total time for which application threads were stopped: 0.0215820 seconds, Stopping threads took: 0.0001260 seconds
281.425: Application time: 0.0294430 seconds
281.425: [GC281.425: [DefNew: 66111K->7296K(66112K), 0.0281040 secs] 189786K->146059K(212736K), 0.0281500 secs] [Times: user=0.02 sys=0.00, real=0.03 secs] 
281.453: Total time for which application threads were stopped: 0.0283280 seconds, Stopping threads took: 0.0000840 seconds
281.486: Application time: 0.0321230 seconds
281.486: [GC281.486: [DefNew: 66112K->7295K(66112K), 0.0299200 secs]281.516: [Tenured: 153521K->82025K(153536K), 0.1143310 secs] 204875K->82025K(219648K), [Perm : 8873K->8873K(21248K)], 0.1445470 secs] [Times: user=0.15 sys=0.00, real=0.14 secs] 
281.630: Total time for which application threads were stopped: 0.1448410 seconds, Stopping threads took: 0.0001820 seconds
281.663: Application time: 0.0330670 seconds
281.664: [GC281.664: [DefNew: 58816K->7295K(66112K), 0.0192020 secs] 140841K->95996K(212736K), 0.0192480 secs] [Times: user=0.02 sys=0.00, real=0.02 secs] 
281.683: Total time for which application threads were stopped: 0.0195590 seconds, Stopping threads took: 0.0002000 seconds
281.712: Application time: 0.0292220 seconds
281.717: [GC281.717: [DefNew: 66111K->5548K(66112K), 0.0165310 secs] 154812K->100315K(212736K), 0.0165770 secs] [Times: user=0.02 sys=0.00, real=0.02 secs] 
281.733: Total time for which application threads were stopped: 0.0210910 seconds, Stopping threads took: 0.0044000 seconds
281.761: Application time: 0.0272790 seconds
281.761: [GC281.761: [DefNew: 64364K->5629K(66112K), 0.0081550 secs] 159131K->103109K(212736K), 0.0082030 secs] [Times: user=0.01 sys=0.00, real=0.01 secs] 
281.769: Total time for which application threads were stopped: 0.0085620 seconds, Stopping threads took: 0.0002300 seconds
281.793: Application time: 0.0238850 seconds
281.793: [GC281.793: [DefNew: 64445K->2399K(66112K), 0.0054810 secs] 161925K->102736K(212736K), 0.0055230 secs] [Times: user=0.01 sys=0.00, real=0.00 secs] 
281.799: Total time for which application threads were stopped: 0.0058400 seconds, Stopping threads took: 0.0002180 seconds
281.821: Application time: 0.0222900 seconds
281.822: [GC281.822: [DefNew: 61215K->2459K(66112K), 0.0026960 secs] 161552K->102796K(212736K), 0.0027270 secs] [Times: user=0.00 sys=0.00, real=0.00 secs] 
281.824: Total time for which application threads were stopped: 0.0031190 seconds, Stopping threads took: 0.0002860 seconds
281.845: Application time: 0.0204970 seconds
281.845: [GC281.845: [DefNew: 61275K->2396K(66112K), 0.0021650 secs] 161612K->102734K(212736K), 0.0021970 secs] [Times: user=0.01 sys=0.00, real=0.00 secs] 
281.847: Total time for which application threads were stopped: 0.0024670 seconds, Stopping threads took: 0.0001640 seconds
281.867: Application time: 0.0198460 seconds
281.867: [GC281.867: [DefNew: 61212K->5869K(66112K), 0.0040780 secs] 161550K->106207K(212736K), 0.0041220 secs] [Times: user=0.01 sys=0.00, real=0.00 secs] 
281.872: Total time for which application threads were stopped: 0.0044160 seconds, Stopping threads took: 0.0001970 seconds
281.892: Application time: 0.0202880 seconds
281.892: [GC281.892: [DefNew: 64685K->5271K(66112K), 0.0100770 secs] 165023K->110772K(212736K), 0.0101200 secs] [Times: user=0.01 sys=0.00, real=0.01 secs] 
281.902: Total time for which application threads were stopped: 0.0104000 seconds, Stopping threads took: 0.0001640 seconds
281.923: Application time: 0.0210070 seconds
281.923: [GC281.923: [DefNew: 64087K->4285K(66112K), 0.0086460 secs] 169588K->114379K(212736K), 0.0086960 secs] [Times: user=0.01 sys=0.00, real=0.01 secs] 
281.932: Total time for which application threads were stopped: 0.0088940 seconds, Stopping threads took: 0.0000970 seconds
281.954: Application time: 0.0222020 seconds
281.955: [GC281.955: [DefNew: 63101K->7295K(66112K), 0.0128150 secs] 173195K->123654K(212736K), 0.0128600 secs] [Times: user=0.02 sys=0.00, real=0.01 secs] 
281.967: Total time for which application threads were stopped: 0.0130630 seconds, Stopping threads took: 0.0001040 seconds
281.991: Application time: 0.0237250 seconds
281.991: [GC281.991: [DefNew: 66111K->7296K(66112K), 0.0196060 secs] 182470K->133554K(212736K), 0.0196510 secs] [Times: user=0.02 sys=0.00, real=0.02 secs] 
282.011: Total time for which application threads were stopped: 0.0198950 seconds, Stopping threads took: 0.0001460 seconds
282.038: Application time: 0.0274140 seconds
282.039: [GC282.039: [DefNew: 66112K->7296K(66112K), 0.0206250 secs] 192370K->146134K(212736K), 0.0206690 secs] [Times: user=0.02 sys=0.00, real=0.02 secs] 
282.059: Total time for which application threads were stopped: 0.0208570 seconds, Stopping threads took: 0.0000920 seconds
282.090: Application time: 0.0310740 seconds
282.091: [GC282.091: [DefNew: 66112K->7296K(66112K), 0.0291150 secs]282.120: [Tenured: 152668K->85774K(152768K), 0.1290060 secs] 204950K->85774K(218880K), [Perm : 8873K->8873K(21248K)], 0.1584350 secs] [Times: user=0.16 sys=0.00, real=0.16 secs] 
282.249: Total time for which application threads were stopped: 0.1586860 seconds, Stopping threads took: 0.0001390 seconds
282.283: Application time: 0.0336830 seconds
282.283: [GC282.283: [DefNew: 58816K->7296K(66112K), 0.0214800 secs] 144590K->101699K(212736K), 0.0215240 secs] [Times: user=0.02 sys=0.00, real=0.03 secs] 
282.305: Total time for which application threads were stopped: 0.0218730 seconds, Stopping threads took: 0.0002170 seconds
282.336: Application time: 0.0313390 seconds
282.336: [GC282.336: [DefNew: 66112K->7296K(66112K), 0.0184170 secs] 160515K->109025K(212736K), 0.0184610 secs] [Times: user=0.02 sys=0.00, real=0.02 secs] 
282.355: Total time for which application threads were stopped: 0.0186160 seconds, Stopping threads took: 0.0000540 seconds
282.384: Application time: 0.0292390 seconds
282.384: [GC282.384: [DefNew: 66112K->5295K(66112K), 0.0146980 secs] 167841K->113179K(212736K), 0.0147420 secs] [Times: user=0.02 sys=0.00, real=0.02 secs] 
282.399: Total time for which application threads were stopped: 0.0151280 seconds, Stopping threads took: 0.0002690 seconds
282.424: Application time: 0.0251860 seconds
282.425: [GC282.425: [DefNew: 64111K->2336K(66112K), 0.0077780 secs] 171995K->114898K(212736K), 0.0078200 secs] [Times: user=0.00 sys=0.00, real=0.00 secs] 
282.432: Total time for which application threads were stopped: 0.0082620 seconds, Stopping threads took: 0.0003260 seconds
282.456: Application time: 0.0230790 seconds
282.456: [GC282.456: [DefNew: 61152K->2504K(66112K), 0.0035710 secs] 173714K->115067K(212736K), 0.0036040 secs] [Times: user=0.00 sys=0.00, real=0.00 secs] 
282.459: Total time for which application threads were stopped: 0.0039250 seconds, Stopping threads took: 0.0002130 seconds
282.481: Application time: 0.0215810 seconds
282.481: [GC282.481: [DefNew: 61320K->2558K(66112K), 0.0024780 secs] 173883K->115120K(212736K), 0.0025120 secs] [Times: user=0.01 sys=0.00, real=0.00 secs] 
282.484: Total time for which application threads were stopped: 0.0028690 seconds, Stopping threads took: 0.0002500 seconds
282.504: Application time: 0.0202580 seconds
282.505: [GC282.505: [DefNew: 61374K->2624K(66112K), 0.0026920 secs] 173936K->115186K(212736K), 0.0027250 secs] [Times: user=0.00 sys=0.00, real=0.00 secs] 
282.507: Total time for which application threads were stopped: 0.0030940 seconds, Stopping threads took: 0.0002770 seconds
282.527: Application time: 0.0199790 seconds
282.527: [GC282.528: [DefNew: 61440K->6709K(66112K), 0.0059000 secs] 174002K->119271K(212736K), 0.0059510 secs] [Times: user=0.01 sys=0.00, real=0.01 secs] 
282.533: Total time for which application threads were stopped: 0.0062240 seconds, Stopping threads took: 0.0001770 seconds
282.554: Application time: 0.0202560 seconds
282.554: [GC282.554: [DefNew: 65525K->7033K(66112K), 0.0119400 secs] 178087K->125522K(212736K), 0.0119860 secs] [Times: user=0.01 sys=0.00, real=0.01 secs] 
282.566: Total time for which application threads were stopped: 0.0122370 seconds, Stopping threads took: 0.0001360 seconds
282.587: Application time: 0.0214560 seconds
282.588: [GC282.588: [DefNew: 65849K->4349K(66112K), 0.0094490 secs] 184338K->129214K(212736K), 0.0094960 secs] [Times: user=0.01 sys=0.00, real=0.01 secs] 
282.597: Total time for which application threads were stopped: 0.0097380 seconds, Stopping threads took: 0.0001440 seconds
282.620: Application time: 0.0228950 seconds
282.620: [GC282.620: [DefNew: 63165K->7296K(66112K), 0.0139080 secs] 188030K->138986K(212736K), 0.0139540 secs] [Times: user=0.02 sys=0.00, real=0.02 secs] 
282.634: Total time for which application threads were stopped: 0.0141380 seconds, Stopping threads took: 0.0000870 seconds
282.659: Application time: 0.0252470 seconds
282.660: [GC282.660: [DefNew: 66112K->7296K(66112K), 0.0216980 secs] 197802K->151184K(212736K), 0.0217380 secs] [Times: user=0.02 sys=0.00, real=0.02 secs] 
282.681: Total time for which application threads were stopped: 0.0219360 seconds, Stopping threads took: 0.0001010 seconds
282.712: Application time: 0.0302240 seconds
282.712: [GC282.712: [DefNew: 66112K->7295K(66112K), 0.0335530 secs]282.745: [Tenured: 159026K->75879K(159104K), 0.1268330 secs] 210000K->75879K(225216K), [Perm : 8873K->8873K(21248K)], 0.1608820 secs] [Times: user=0.16 sys=0.01, real=0.17 secs] 
282.873: Total time for which application threads were stopped: 0.1611040 seconds, Stopping threads took: 0.0001270 seconds
282.905: Application time: 0.0326960 seconds
282.906: [GC282.906: [DefNew: 58816K->7296K(66112K), 0.0200120 secs] 134695K->91410K(212736K), 0.0200550 secs] [Times: user=0.02 sys=0.00, real=0.02 secs] 
282.926: Total time for which application threads were stopped: 0.0202850 seconds, Stopping threads took: 0.0001220 seconds
282.959: Application time: 0.0328670 seconds
282.959: [GC282.959: [DefNew: 66112K->7296K(66112K), 0.0210390 secs] 150226K->102164K(212736K), 0.0210850 secs] [Times: user=0.02 sys=0.00, real=0.02 secs] 
282.980: Total time for which application threads were stopped: 0.0213040 seconds, Stopping threads took: 0.0001210 seconds
283.010: Application time: 0.0299570 seconds
283.010: [GC283.010: [DefNew: 66112K->7213K(66112K), 0.0178130 secs] 160980K->108776K(212736K), 0.0178570 secs] [Times: user=0.01 sys=0.00, real=0.02 secs] 
283.028: Total time for which application threads were stopped: 0.0181050 seconds, Stopping threads took: 0.0001320 seconds
283.055: Application time: 0.0272440 seconds
283.056: [GC283.056: [DefNew: 66029K->4651K(66112K), 0.0097570 secs] 167592K->110274K(212736K), 0.0098020 secs] [Times: user=0.01 sys=0.00, real=0.01 secs] 
283.065: Total time for which application threads were stopped: 0.0102240 seconds, Stopping threads took: 0.0003050 seconds
283.090: Application time: 0.0242950 seconds
283.090: [GC283.090: [DefNew: 63467K->2350K(66112K), 0.0055000 secs] 169090K->110440K(212736K), 0.0055450 secs] [Times: user=0.01 sys=0.00, real=0.01 secs] 
283.096: Total time for which application threads were stopped: 0.0058490 seconds, Stopping threads took: 0.0001880 seconds
283.118: Application time: 0.0224630 seconds
283.118: [GC283.118: [DefNew: 61166K->2394K(66112K), 0.0025270 secs] 169256K->110484K(212736K), 0.0025610 secs] [Times: user=0.00 sys=0.00, real=0.00 secs] 
283.121: Total time for which application threads were stopped: 0.0027890 seconds, Stopping threads took: 0.0001410 seconds
283.142: Application time: 0.0207670 seconds
283.142: [GC283.142: [DefNew: 61210K->2418K(66112K), 0.0023060 secs] 169300K->110508K(212736K), 0.0023400 secs] [Times: user=0.00 sys=0.00, real=0.00 secs] 
283.144: Total time for which application threads were stopped: 0.0025570 seconds, Stopping threads took: 0.0001170 seconds
283.164: Application time: 0.0198840 seconds
283.164: [GC283.164: [DefNew: 61234K->2995K(66112K), 0.0027040 secs] 169324K->111086K(212736K), 0.0027360 secs] [Times: user=0.00 sys=0.00, real=0.01 secs] 
283.167: Total time for which application threads were stopped: 0.0029400 seconds, Stopping threads took: 0.0001160 seconds
283.187: Application time: 0.0199530 seconds
283.187: [GC283.187: [DefNew: 61811K->7295K(66112K), 0.0092620 secs] 169902K->117638K(212736K), 0.0093050 secs] [Times: user=0.01 sys=0.00, real=0.01 secs] 
283.196: Total time for which application threads were stopped: 0.0095050 seconds, Stopping threads took: 0.0001000 seconds
283.217: Application time: 0.0203630 seconds
283.217: [GC283.217: [DefNew: 66111K->5294K(66112K), 0.0142720 secs] 176454K->121830K(212736K), 0.0143170 secs] [Times: user=0.01 sys=0.00, real=0.01 secs] 
283.231: Total time for which application threads were stopped: 0.0145580 seconds, Stopping threads took: 0.0001420 seconds
283.254: Application time: 0.0222710 seconds
283.254: [GC283.254: [DefNew: 64110K->7296K(66112K), 0.0109620 secs] 180646K->129131K(212736K), 0.0110070 secs] [Times: user=0.01 sys=0.00, real=0.01 secs] 
283.265: Total time for which application threads were stopped: 0.0111910 seconds, Stopping threads took: 0.0000860 seconds
283.288: Application time: 0.0234750 seconds
283.288: [GC283.289: [DefNew: 66112K->7296K(66112K), 0.0175270 secs] 187947K->139146K(212736K), 0.0175700 secs] [Times: user=0.01 sys=0.00, real=0.02 secs] 
283.306: Total time for which application threads were stopped: 0.0177830 seconds, Stopping threads took: 0.0001090 seconds
283.333: Application time: 0.0273840 seconds
283.334: [GC283.334: [DefNew: 66112K->7296K(66112K), 0.0287950 secs]283.362: [Tenured: 147581K->80475K(147584K), 0.1224930 secs] 197962K->80475K(213696K), [Perm : 8873K->8873K(21248K)], 0.1514040 secs] [Times: user=0.16 sys=0.00, real=0.15 secs] 
283.485: Total time for which application threads were stopped: 0.1515870 seconds, Stopping threads took: 0.0000900 seconds
283.517: Application time: 0.0322520 seconds
283.518: [GC283.518: [DefNew: 58816K->7295K(66112K), 0.0230680 secs] 139291K->98184K(212736K), 0.0231130 secs] [Times: user=0.03 sys=0.00, real=0.02 secs] 
283.541: Total time for which application threads were stopped: 0.0233730 seconds, Stopping threads took: 0.0001300 seconds
283.575: Application time: 0.0339370 seconds
283.575: [GC283.575: [DefNew: 66111K->7295K(66112K), 0.0305770 secs] 157000K->111282K(212736K), 0.0306180 secs] [Times: user=0.03 sys=0.00, real=0.03 secs] 
283.606: Total time for which application threads were stopped: 0.0309430 seconds, Stopping threads took: 0.0002090 seconds
283.638: Application time: 0.0324760 seconds
283.638: [GC283.638: [DefNew: 66111K->7295K(66112K), 0.0215110 secs] 170098K->119507K(212736K), 0.0215550 secs] [Times: user=0.02 sys=0.00, real=0.02 secs] 
283.660: Total time for which application threads were stopped: 0.0217730 seconds, Stopping threads took: 0.0001200 seconds
283.688: Application time: 0.0285320 seconds
283.689: [GC283.689: [DefNew: 66111K->6668K(66112K), 0.0152740 secs] 178323K->125397K(212736K), 0.0153150 secs] [Times: user=0.01 sys=0.00, real=0.01 secs] 
283.704: Total time for which application threads were stopped: 0.0155170 seconds, Stopping threads took: 0.0001030 seconds
283.729: Application time: 0.0255320 seconds
283.730: [GC283.730: [DefNew: 65484K->2131K(66112K), 0.0070570 secs] 184213K->125795K(212736K), 0.0071010 secs] [Times: user=0.00 sys=0.00, real=0.01 secs] 
283.737: Total time for which application threads were stopped: 0.0073570 seconds, Stopping threads took: 0.0001580 seconds
283.760: Application time: 0.0233870 seconds
283.760: [GC283.760: [DefNew: 60947K->2424K(66112K), 0.0030140 secs] 184611K->126088K(212736K), 0.0030500 secs] [Times: user=0.00 sys=0.00, real=0.00 secs] 
283.763: Total time for which application threads were stopped: 0.0032790 seconds, Stopping threads took: 0.0001370 seconds
283.785: Application time: 0.0212500 seconds
283.785: [GC283.785: [DefNew: 61240K->2496K(66112K), 0.0025600 secs] 184904K->126160K(212736K), 0.0026080 secs] [Times: user=0.01 sys=0.00, real=0.00 secs] 
283.787: Total time for which application threads were stopped: 0.0028000 seconds, Stopping threads took: 0.0001040 seconds
283.808: Application time: 0.0201430 seconds
283.808: [GC283.808: [DefNew: 61312K->2472K(66112K), 0.0026300 secs] 184976K->126136K(212736K), 0.0026620 secs] [Times: user=0.00 sys=0.00, real=0.00 secs] 
283.811: Total time for which application threads were stopped: 0.0028610 seconds, Stopping threads took: 0.0001090 seconds
283.830: Application time: 0.0192490 seconds
283.830: [GC283.830: [DefNew: 61288K->4769K(66112K), 0.0036060 secs] 184952K->128433K(212736K), 0.0036470 secs] [Times: user=0.01 sys=0.00, real=0.01 secs] 
283.834: Total time for which application threads were stopped: 0.0039040 seconds, Stopping threads took: 0.0001570 seconds
283.854: Application time: 0.0198720 seconds
283.854: [GC283.854: [DefNew: 63585K->7295K(66112K), 0.0107440 secs] 187249K->134833K(212736K), 0.0107880 secs] [Times: user=0.01 sys=0.00, real=0.01 secs] 
283.865: Total time for which application threads were stopped: 0.0110020 seconds, Stopping threads took: 0.0001170 seconds
283.885: Application time: 0.0204420 seconds
283.885: [GC283.885: [DefNew: 66111K->5882K(66112K), 0.0113560 secs] 193649K->139649K(212736K), 0.0114000 secs] [Times: user=0.01 sys=0.00, real=0.01 secs] 
283.897: Total time for which application threads were stopped: 0.0116790 seconds, Stopping threads took: 0.0001730 seconds
283.920: Application time: 0.0233960 seconds
283.920: [GC283.920: [DefNew: 64698K->7296K(66112K), 0.0152290 secs] 198465K->148739K(212736K), 0.0152750 secs] [Times: user=0.01 sys=0.00, real=0.02 secs] 
283.936: Total time for which application threads were stopped: 0.0155400 seconds, Stopping threads took: 0.0001690 seconds
283.961: Application time: 0.0251900 seconds
283.961: [GC283.961: [DefNew: 66112K->7296K(66112K), 0.0207490 secs]283.982: [Tenured: 151926K->80313K(152000K), 0.1210090 secs] 207555K->80313K(218112K), [Perm : 8873K->8873K(21248K)], 0.1420130 secs] [Times: user=0.15 sys=0.00, real=0.14 secs] 
284.103: Total time for which application threads were stopped: 0.1422290 seconds, Stopping threads took: 0.0001230 seconds
284.133: Application time: 0.0299140 seconds
284.133: [GC284.133: [DefNew: 58816K->7295K(66112K), 0.0234210 secs] 139129K->97299K(212736K), 0.0234660 secs] [Times: user=0.03 sys=0.00, real=0.02 secs] 
284.157: Total time for which application threads were stopped: 0.0238480 seconds, Stopping threads took: 0.0002740 seconds
284.191: Application time: 0.0342700 seconds
284.191: [GC284.191: [DefNew: 66111K->7296K(66112K), 0.0298710 secs] 156115K->114151K(212736K), 0.0299130 secs] [Times: user=0.03 sys=0.00, real=0.03 secs] 
284.221: Total time for which application threads were stopped: 0.0302850 seconds, Stopping threads took: 0.0002580 seconds
284.255: Application time: 0.0337980 seconds
284.255: [GC284.255: [DefNew: 66112K->7296K(66112K), 0.0232780 secs] 172967K->125211K(212736K), 0.0233240 secs] [Times: user=0.03 sys=0.00, real=0.02 secs] 
284.279: Total time for which application threads were stopped: 0.0235290 seconds, Stopping threads took: 0.0001100 seconds
284.309: Application time: 0.0301820 seconds
284.309: [GC284.309: [DefNew: 66112K->6202K(66112K), 0.0172730 secs] 184027K->130185K(212736K), 0.0173180 secs] [Times: user=0.01 sys=0.00, real=0.02 secs] 
284.326: Total time for which application threads were stopped: 0.0175840 seconds, Stopping threads took: 0.0001690 seconds
284.353: Application time: 0.0263730 seconds
284.353: [GC284.353: [DefNew: 65018K->3214K(66112K), 0.0074000 secs] 189001K->132059K(212736K), 0.0074450 secs] [Times: user=0.01 sys=0.01, real=0.00 secs] 
284.360: Total time for which application threads were stopped: 0.0076490 seconds, Stopping threads took: 0.0000950 seconds
284.385: Application time: 0.0245930 seconds
284.385: [GC284.385: [DefNew: 62030K->3582K(66112K), 0.0041980 secs] 190875K->132427K(212736K), 0.0042450 secs] [Times: user=0.00 sys=0.00, real=0.00 secs] 
284.390: Total time for which application threads were stopped: 0.0046230 seconds, Stopping threads took: 0.0002660 seconds
284.412: Application time: 0.0219390 seconds
284.412: [GC284.412: [DefNew: 62398K->3580K(66112K), 0.0036500 secs] 191243K->132425K(212736K), 0.0036850 secs] [Times: user=0.00 sys=0.00, real=0.01 secs] 
284.416: Total time for which application threads were stopped: 0.0041280 seconds, Stopping threads took: 0.0003350 seconds
284.436: Application time: 0.0205170 seconds
284.437: [GC284.437: [DefNew: 62396K->3542K(66112K), 0.0034090 secs] 191241K->132387K(212736K), 0.0034440 secs] [Times: user=0.01 sys=0.00, real=0.00 secs] 
284.440: Total time for which application threads were stopped: 0.0036900 seconds, Stopping threads took: 0.0001540 seconds
284.460: Application time: 0.0197230 seconds
284.460: [GC284.460: [DefNew: 62358K->3632K(66112K), 0.0032770 secs] 191203K->132477K(212736K), 0.0033140 secs] [Times: user=0.01 sys=0.00, real=0.00 secs] 
284.463: Total time for which application threads were stopped: 0.0037080 seconds, Stopping threads took: 0.0002810 seconds
284.483: Application time: 0.0192350 seconds
284.483: [GC284.483: [DefNew: 62448K->7235K(66112K), 0.0051270 secs] 191293K->136080K(212736K), 0.0051720 secs] [Times: user=0.01 sys=0.00, real=0.01 secs] 
284.488: Total time for which application threads were stopped: 0.0054550 seconds, Stopping threads took: 0.0001640 seconds
284.508: Application time: 0.0202960 seconds
284.509: [GC284.509: [DefNew: 66051K->7036K(66112K), 0.0145770 secs] 194896K->142303K(212736K), 0.0146220 secs] [Times: user=0.01 sys=0.00, real=0.01 secs] 
284.523: Total time for which application threads were stopped: 0.0149320 seconds, Stopping threads took: 0.0001930 seconds
284.545: Application time: 0.0217940 seconds
284.545: [GC284.545: [DefNew: 65852K->7296K(66112K), 0.0155870 secs] 201119K->152369K(212736K), 0.0156300 secs] [Times: user=0.02 sys=0.00, real=0.01 secs] 
284.561: Total time for which application threads were stopped: 0.0159740 seconds, Stopping threads took: 0.0002370 seconds
284.585: Application time: 0.0240490 seconds
284.585: [GC284.585: [DefNew: 66112K->7295K(66112K), 0.0173260 secs]284.603: [Tenured: 153810K->79181K(153920K), 0.1151810 secs] 211185K->79181K(220032K), [Perm : 8873K->8873K(21248K)], 0.1328140 secs] [Times: user=0.13 sys=0.00, real=0.13 secs] 
284.718: Total time for which application threads were stopped: 0.1330670 seconds, Stopping threads took: 0.0001400 seconds
284.746: Application time: 0.0277150 seconds
284.746: [GC284.746: [DefNew: 58816K->7296K(66112K), 0.0153230 secs] 137997K->93564K(212736K), 0.0153710 secs] [Times: user=0.01 sys=0.00, real=0.01 secs] 
284.762: Total time for which application threads were stopped: 0.0157160 seconds, Stopping threads took: 0.0002170 seconds
284.794: Application time: 0.0326990 seconds
284.795: [GC284.795: [DefNew: 66112K->7296K(66112K), 0.0274040 secs] 152380K->107348K(212736K), 0.0274500 secs] [Times: user=0.03 sys=0.00, real=0.02 secs] 
284.822: Total time for which application threads were stopped: 0.0277450 seconds, Stopping threads took: 0.0002030 seconds
284.857: Application time: 0.0348170 seconds
284.861: [GC284.861: [DefNew: 66112K->7295K(66112K), 0.0274720 secs] 166164K->119359K(212736K), 0.0275160 secs] [Times: user=0.02 sys=0.00, real=0.03 secs] 
284.888: Total time for which application threads were stopped: 0.0313830 seconds, Stopping threads took: 0.0037510 seconds
284.921: Application time: 0.0330010 seconds
284.922: [GC284.922: [DefNew: 66111K->7296K(66112K), 0.0188350 secs] 178175K->127497K(212736K), 0.0188790 secs] [Times: user=0.02 sys=0.00, real=0.02 secs] 
284.940: Total time for which application threads were stopped: 0.0191400 seconds, Stopping threads took: 0.0001320 seconds
284.968: Application time: 0.0279090 seconds
284.969: [GC284.969: [DefNew: 66112K->6589K(66112K), 0.0156910 secs] 186313K->133642K(212736K), 0.0157480 secs] [Times: user=0.02 sys=0.00, real=0.01 secs] 
284.984: Total time for which application threads were stopped: 0.0160220 seconds, Stopping threads took: 0.0001570 seconds
285.010: Application time: 0.0255090 seconds
285.010: [GC285.010: [DefNew: 65405K->2220K(66112K), 0.0065490 secs] 192458K->133813K(212736K), 0.0065910 secs] [Times: user=0.00 sys=0.00, real=0.01 secs] 
285.017: Total time for which application threads were stopped: 0.0068290 seconds, Stopping threads took: 0.0001420 seconds
285.040: Application time: 0.0232760 seconds
285.040: [GC285.040: [DefNew: 61036K->2402K(66112K), 0.0028140 secs] 192629K->133995K(212736K), 0.0028450 secs] [Times: user=0.00 sys=0.00, real=0.00 secs] 
285.043: Total time for which application threads were stopped: 0.0030660 seconds, Stopping threads took: 0.0001320 seconds
285.064: Application time: 0.0207200 seconds
285.064: [GC285.064: [DefNew: 61218K->2394K(66112K), 0.0020590 secs] 192811K->133987K(212736K), 0.0020890 secs] [Times: user=0.00 sys=0.00, real=0.01 secs] 
285.066: Total time for which application threads were stopped: 0.0022690 seconds, Stopping threads took: 0.0000930 seconds
285.086: Application time: 0.0199530 seconds
285.086: [GC285.086: [DefNew: 61210K->2455K(66112K), 0.0021300 secs] 192803K->134048K(212736K), 0.0021630 secs] [Times: user=0.01 sys=0.00, real=0.00 secs] 
285.088: Total time for which application threads were stopped: 0.0023510 seconds, Stopping threads took: 0.0001000 seconds
285.108: Application time: 0.0192810 seconds
285.108: [GC285.108: [DefNew: 61271K->2493K(66112K), 0.0024410 secs] 192864K->134086K(212736K), 0.0024720 secs] [Times: user=0.00 sys=0.00, real=0.00 secs] 
285.110: Total time for which application threads were stopped: 0.0026480 seconds, Stopping threads took: 0.0000870 seconds
285.129: Application time: 0.0187910 seconds
285.129: [GC285.129: [DefNew: 61309K->7295K(66112K), 0.0068510 secs] 192902K->140295K(212736K), 0.0068910 secs] [Times: user=0.01 sys=0.00, real=0.01 secs] 
285.136: Total time for which application threads were stopped: 0.0071250 seconds, Stopping threads took: 0.0001350 seconds
285.157: Application time: 0.0209730 seconds
285.157: [GC285.157: [DefNew: 66111K->7296K(66112K), 0.0188220 secs] 199111K->149665K(212736K), 0.0188680 secs] [Times: user=0.02 sys=0.00, real=0.02 secs] 
285.176: Total time for which application threads were stopped: 0.0191280 seconds, Stopping threads took: 0.0001420 seconds
285.200: Application time: 0.0236970 seconds
285.205: [GC285.205: [DefNew: 66112K->7296K(66112K), 0.0201010 secs]285.225: [Tenured: 150065K->76358K(150080K), 0.1291080 secs] 208481K->76358K(216192K), [Perm : 8875K->8875K(21248K)], 0.1494270 secs] [Times: user=0.15 sys=0.00, real=0.15 secs] 
285.354: Total time for which application threads were stopped: 0.1541830 seconds, Stopping threads took: 0.0046630 seconds
285.382: Application time: 0.0276050 seconds
285.382: [GC285.382: [DefNew: 58816K->7296K(66112K), 0.0102460 secs] 135174K->88466K(212736K), 0.0102920 secs] [Times: user=0.01 sys=0.00, real=0.01 secs] 
285.392: Total time for which application threads were stopped: 0.0106180 seconds, Stopping threads took: 0.0001950 seconds
285.422: Application time: 0.0295450 seconds
285.422: [GC285.422: [DefNew: 66112K->7295K(66112K), 0.0332510 secs] 147282K->104845K(212736K), 0.0332950 secs] [Times: user=0.03 sys=0.00, real=0.04 secs] 
285.456: Total time for which application threads were stopped: 0.0335480 seconds, Stopping threads took: 0.0001530 seconds
285.491: Application time: 0.0357810 seconds
285.493: [GC285.493: [DefNew: 66111K->7295K(66112K), 0.0323670 secs] 163661K->121204K(212736K), 0.0324140 secs] [Times: user=0.03 sys=0.00, real=0.03 secs] 
285.525: Total time for which application threads were stopped: 0.0338140 seconds, Stopping threads took: 0.0012800 seconds
285.559: Application time: 0.0334250 seconds
285.559: [GC285.559: [DefNew: 66111K->7296K(66112K), 0.0267610 secs] 180020K->131600K(212736K), 0.0268040 secs] [Times: user=0.02 sys=0.00, real=0.03 secs] 
285.586: Total time for which application threads were stopped: 0.0271060 seconds, Stopping threads took: 0.0002030 seconds
285.617: Application time: 0.0311110 seconds
285.617: [GC285.617: [DefNew: 66112K->7295K(66112K), 0.0198390 secs] 190416K->138831K(212736K), 0.0198910 secs] [Times: user=0.02 sys=0.00, real=0.02 secs] 
285.637: Total time for which application threads were stopped: 0.0202300 seconds, Stopping threads took: 0.0002190 seconds
285.663: Application time: 0.0261300 seconds
285.664: [GC285.664: [DefNew: 66111K->2884K(66112K), 0.0089000 secs] 197647K->140187K(212736K), 0.0089520 secs] [Times: user=0.01 sys=0.00, real=0.02 secs] 
285.673: Total time for which application threads were stopped: 0.0093270 seconds, Stopping threads took: 0.0002550 seconds
285.698: Application time: 0.0256550 seconds
285.698: [GC285.698: [DefNew: 61700K->3083K(66112K), 0.0041830 secs] 199003K->140386K(212736K), 0.0042170 secs] [Times: user=0.01 sys=0.00, real=0.00 secs] 
285.703: Total time for which application threads were stopped: 0.0045090 seconds, Stopping threads took: 0.0002010 seconds
285.724: Application time: 0.0212870 seconds
285.724: [GC285.724: [DefNew: 61899K->3175K(66112K), 0.0034650 secs] 199202K->140479K(212736K), 0.0034990 secs] [Times: user=0.00 sys=0.00, real=0.01 secs] 
285.728: Total time for which application threads were stopped: 0.0037970 seconds, Stopping threads took: 0.0001860 seconds
285.748: Application time: 0.0204610 seconds
285.748: [GC285.748: [DefNew: 61991K->3147K(66112K), 0.0029080 secs] 199295K->140451K(212736K), 0.0029440 secs] [Times: user=0.00 sys=0.00, real=0.00 secs] 
285.751: Total time for which application threads were stopped: 0.0031400 seconds, Stopping threads took: 0.0000990 seconds
285.772: Application time: 0.0203530 seconds
285.772: [GC285.772: [DefNew: 61963K->3201K(66112K), 0.0031440 secs] 199267K->140505K(212736K), 0.0031790 secs] [Times: user=0.00 sys=0.00, real=0.01 secs] 
285.775: Total time for which application threads were stopped: 0.0034960 seconds, Stopping threads took: 0.0002200 seconds
285.794: Application time: 0.0188800 seconds
285.794: [GC285.794: [DefNew: 62017K->3266K(66112K), 0.0031740 secs] 199321K->140569K(212736K), 0.0032100 secs] [Times: user=0.01 sys=0.00, real=0.00 secs] 
285.798: Total time for which application threads were stopped: 0.0034720 seconds, Stopping threads took: 0.0001570 seconds
285.817: Application time: 0.0195980 seconds
285.817: [GC285.817: [DefNew: 62082K->7295K(66112K), 0.0120640 secs] 199385K->151732K(212736K), 0.0121060 secs] [Times: user=0.02 sys=0.00, real=0.01 secs] 
285.830: Total time for which application threads were stopped: 0.0123200 seconds, Stopping threads took: 0.0001120 seconds
285.851: Application time: 0.0218030 seconds
285.852: [GC285.852: [DefNew: 66111K->7295K(66112K), 0.0201120 secs]285.872: [Tenured: 154206K->74349K(154304K), 0.1167330 secs] 210548K->74349K(220416K), [Perm : 8875K->8875K(21248K)], 0.1371660 secs] [Times: user=0.14 sys=0.00, real=0.14 secs] 
285.989: Total time for which application threads were stopped: 0.1374310 seconds, Stopping threads took: 0.0001660 seconds
286.014: Application time: 0.0248140 seconds
286.014: [GC286.014: [DefNew: 58816K->4038K(66112K), 0.0073300 secs] 133165K->78387K(212736K), 0.0073660 secs] [Times: user=0.01 sys=0.00, real=0.00 secs] 
286.021: Total time for which application threads were stopped: 0.0076810 seconds, Stopping threads took: 0.0002080 seconds
286.049: Application time: 0.0273020 seconds
286.049: [GC286.049: [DefNew: 62854K->7296K(66112K), 0.0214320 secs] 137203K->95623K(212736K), 0.0214770 secs] [Times: user=0.02 sys=0.00, real=0.02 secs] 
286.070: Total time for which application threads were stopped: 0.0216340 seconds, Stopping threads took: 0.0000520 seconds
286.102: Application time: 0.0321660 seconds
286.103: [GC286.103: [DefNew: 66112K->7296K(66112K), 0.0297710 secs] 154439K->112964K(212736K), 0.0298160 secs] [Times: user=0.03 sys=0.00, real=0.03 secs] 
286.132: Total time for which application threads were stopped: 0.0300700 seconds, Stopping threads took: 0.0001550 seconds
286.169: Application time: 0.0366660 seconds
286.169: [GC286.169: [DefNew: 66112K->7295K(66112K), 0.0275630 secs] 171780K->124299K(212736K), 0.0276140 secs] [Times: user=0.03 sys=0.00, real=0.03 secs] 
286.197: Total time for which application threads were stopped: 0.0279150 seconds, Stopping threads took: 0.0001810 seconds
286.230: Application time: 0.0328730 seconds
286.230: [GC286.230: [DefNew: 66111K->7295K(66112K), 0.0222910 secs] 183115K->132837K(212736K), 0.0223350 secs] [Times: user=0.02 sys=0.00, real=0.02 secs] 
286.252: Total time for which application threads were stopped: 0.0225910 seconds, Stopping threads took: 0.0001260 seconds
286.280: Application time: 0.0279450 seconds
286.281: [GC286.281: [DefNew: 66111K->5991K(66112K), 0.0139650 secs] 191653K->138496K(212736K), 0.0140100 secs] [Times: user=0.01 sys=0.00, real=0.02 secs] 
286.295: Total time for which application threads were stopped: 0.0144350 seconds, Stopping threads took: 0.0003020 seconds
286.321: Application time: 0.0261700 seconds
286.321: [GC286.321: [DefNew: 64807K->2288K(66112K), 0.0065530 secs] 197312K->139160K(212736K), 0.0065980 secs] [Times: user=0.01 sys=0.00, real=0.01 secs] 
286.328: Total time for which application threads were stopped: 0.0068210 seconds, Stopping threads took: 0.0001190 seconds
286.351: Application time: 0.0236100 seconds
286.352: [GC286.352: [DefNew: 61104K->2373K(66112K), 0.0025940 secs] 197976K->139246K(212736K), 0.0026290 secs] [Times: user=0.00 sys=0.00, real=0.01 secs] 
286.354: Total time for which application threads were stopped: 0.0028720 seconds, Stopping threads took: 0.0001500 seconds
286.375: Application time: 0.0206840 seconds
286.375: [GC286.375: [DefNew: 61189K->2434K(66112K), 0.0026320 secs] 198062K->139306K(212736K), 0.0026650 secs] [Times: user=0.00 sys=0.00, real=0.00 secs] 
286.378: Total time for which application threads were stopped: 0.0029150 seconds, Stopping threads took: 0.0001560 seconds
286.398: Application time: 0.0200380 seconds
286.398: [GC286.398: [DefNew: 61250K->2474K(66112K), 0.0021090 secs] 198122K->139346K(212736K), 0.0021420 secs] [Times: user=0.00 sys=0.00, real=0.00 secs] 
286.400: Total time for which application threads were stopped: 0.0023490 seconds, Stopping threads took: 0.0001110 seconds
286.420: Application time: 0.0195930 seconds
286.420: [GC286.420: [DefNew: 61290K->2495K(66112K), 0.0021290 secs] 198162K->139367K(212736K), 0.0021580 secs] [Times: user=0.00 sys=0.00, real=0.00 secs] 
286.422: Total time for which application threads were stopped: 0.0023190 seconds, Stopping threads took: 0.0000670 seconds
286.441: Application time: 0.0184880 seconds
286.441: [GC286.441: [DefNew: 61311K->3352K(66112K), 0.0028790 secs] 198183K->140225K(212736K), 0.0029180 secs] [Times: user=0.00 sys=0.00, real=0.00 secs] 
286.444: Total time for which application threads were stopped: 0.0031260 seconds, Stopping threads took: 0.0001160 seconds
286.464: Application time: 0.0204050 seconds
286.464: [GC286.464: [DefNew: 62168K->7296K(66112K), 0.0170620 secs]286.482: [Tenured: 147813K->77319K(147968K), 0.1121100 secs] 199041K->77319K(214080K), [Perm : 8875K->8875K(21248K)], 0.1292900 secs] [Times: user=0.13 sys=0.00, real=0.13 secs] 
286.594: Total time for which application threads were stopped: 0.1295040 seconds, Stopping threads took: 0.0001110 seconds
286.616: Application time: 0.0226090 seconds
286.617: [GC286.617: [DefNew: 58816K->7296K(66112K), 0.0136220 secs] 136135K->86887K(212736K), 0.0136680 secs] [Times: user=0.01 sys=0.00, real=0.01 secs] 
286.630: Total time for which application threads were stopped: 0.0139400 seconds, Stopping threads took: 0.0001600 seconds
286.657: Application time: 0.0265100 seconds
286.657: [GC286.657: [DefNew: 66112K->7295K(66112K), 0.0140740 secs] 145703K->95308K(212736K), 0.0141180 secs] [Times: user=0.01 sys=0.00, real=0.01 secs] 
286.671: Total time for which application threads were stopped: 0.0143410 seconds, Stopping threads took: 0.0001200 seconds
286.700: Application time: 0.0292970 seconds
286.701: [GC286.701: [DefNew: 66111K->7296K(66112K), 0.0295450 secs] 154124K->110956K(212736K), 0.0295870 secs] [Times: user=0.03 sys=0.00, real=0.03 secs] 
286.730: Total time for which application threads were stopped: 0.0298140 seconds, Stopping threads took: 0.0001300 seconds
286.767: Application time: 0.0368670 seconds
286.767: [GC286.767: [DefNew: 66112K->7296K(66112K), 0.0352930 secs] 169772K->126519K(212736K), 0.0353380 secs] [Times: user=0.04 sys=0.00, real=0.03 secs] 
286.803: Total time for which application threads were stopped: 0.0355630 seconds, Stopping threads took: 0.0001320 seconds
286.837: Application time: 0.0342280 seconds
286.837: [GC286.837: [DefNew: 66112K->7296K(66112K), 0.0245810 secs] 185335K->136073K(212736K), 0.0246260 secs] [Times: user=0.03 sys=0.00, real=0.02 secs] 
286.862: Total time for which application threads were stopped: 0.0248900 seconds, Stopping threads took: 0.0001650 seconds
286.893: Application time: 0.0309890 seconds
286.893: [GC286.893: [DefNew: 66112K->7295K(66112K), 0.0200830 secs] 194889K->143843K(212736K), 0.0201290 secs] [Times: user=0.03 sys=0.00, real=0.02 secs] 
286.913: Total time for which application threads were stopped: 0.0204890 seconds, Stopping threads took: 0.0002420 seconds
286.940: Application time: 0.0263670 seconds
286.940: [GC286.940: [DefNew: 66111K->3026K(66112K), 0.0099160 secs] 202659K->146105K(212736K), 0.0099630 secs] [Times: user=0.01 sys=0.00, real=0.01 secs] 
286.950: Total time for which application threads were stopped: 0.0103210 seconds, Stopping threads took: 0.0002370 seconds
286.975: Application time: 0.0254680 seconds
286.976: [GC286.976: [DefNew: 61842K->3404K(66112K), 0.0033230 secs] 204921K->146483K(212736K), 0.0033560 secs] [Times: user=0.00 sys=0.00, real=0.00 secs] 
286.979: Total time for which application threads were stopped: 0.0036860 seconds, Stopping threads took: 0.0002400 seconds
287.001: Application time: 0.0217200 seconds
287.001: [GC287.001: [DefNew: 62220K->3341K(66112K), 0.0032540 secs] 205299K->146420K(212736K), 0.0032900 secs] [Times: user=0.00 sys=0.00, real=0.00 secs] 
287.004: Total time for which application threads were stopped: 0.0034860 seconds, Stopping threads took: 0.0001000 seconds
287.025: Application time: 0.0204220 seconds
287.025: [GC287.025: [DefNew: 62157K->3421K(66112K), 0.0034220 secs] 205236K->146501K(212736K), 0.0034580 secs] [Times: user=0.00 sys=0.00, real=0.00 secs] 
287.029: Total time for which application threads were stopped: 0.0037280 seconds, Stopping threads took: 0.0001600 seconds
287.048: Application time: 0.0197530 seconds
287.049: [GC287.049: [DefNew: 62237K->3434K(66112K), 0.0027110 secs] 205317K->146514K(212736K), 0.0027480 secs] [Times: user=0.00 sys=0.00, real=0.00 secs] 
287.051: Total time for which application threads were stopped: 0.0029830 seconds, Stopping threads took: 0.0001290 seconds
287.070: Application time: 0.0190140 seconds
287.070: [GC287.071: [DefNew: 62250K->3465K(66112K), 0.0033210 secs] 205330K->146544K(212736K), 0.0033590 secs] [Times: user=0.00 sys=0.00, real=0.01 secs] 
287.074: Total time for which application threads were stopped: 0.0035550 seconds, Stopping threads took: 0.0000970 seconds
287.092: Application time: 0.0186190 seconds
287.093: [GC287.093: [DefNew: 62281K->7296K(66112K), 0.0071450 secs] 205360K->152604K(212736K), 0.0071890 secs] [Times: user=0.01 sys=0.00, real=0.00 secs] 
287.100: Total time for which application threads were stopped: 0.0074340 seconds, Stopping threads took: 0.0001430 seconds
287.121: Application time: 0.0215040 seconds
287.122: [GC287.122: [DefNew: 66112K->7296K(66112K), 0.0253660 secs]287.147: [Tenured: 158636K->75380K(158720K), 0.1147770 secs] 211420K->75380K(224832K), [Perm : 8875K->8875K(21248K)], 0.1405650 secs] [Times: user=0.14 sys=0.00, real=0.14 secs] 
287.262: Total time for which application threads were stopped: 0.1407960 seconds, Stopping threads took: 0.0001180 seconds
287.286: Application time: 0.0241010 seconds
287.287: [GC287.287: [DefNew: 58816K->7295K(66112K), 0.0111460 secs] 134196K->83726K(212736K), 0.0111890 secs] [Times: user=0.01 sys=0.00, real=0.01 secs] 
287.298: Total time for which application threads were stopped: 0.0114330 seconds, Stopping threads took: 0.0001350 seconds
287.326: Application time: 0.0278190 seconds
287.326: [GC287.326: [DefNew: 66111K->7296K(66112K), 0.0264450 secs] 142542K->98967K(212736K), 0.0264900 secs] [Times: user=0.02 sys=0.00, real=0.02 secs] 
287.352: Total time for which application threads were stopped: 0.0267450 seconds, Stopping threads took: 0.0001380 seconds
287.385: Application time: 0.0328820 seconds
287.385: [GC287.385: [DefNew: 66112K->7295K(66112K), 0.0315300 secs] 157783K->118263K(212736K), 0.0315730 secs] [Times: user=0.03 sys=0.00, real=0.03 secs] 
287.417: Total time for which application threads were stopped: 0.0318110 seconds, Stopping threads took: 0.0001400 seconds
287.455: Application time: 0.0376870 seconds
287.455: [GC287.455: [DefNew: 66111K->7296K(66112K), 0.0253150 secs] 177079K->131836K(212736K), 0.0253580 secs] [Times: user=0.03 sys=0.00, real=0.02 secs] 
287.480: Total time for which application threads were stopped: 0.0255990 seconds, Stopping threads took: 0.0001400 seconds
287.513: Application time: 0.0327710 seconds
287.513: [GC287.513: [DefNew: 66112K->7295K(66112K), 0.0172690 secs] 190652K->138958K(212736K), 0.0173120 secs] [Times: user=0.02 sys=0.00, real=0.01 secs] 
287.531: Total time for which application threads were stopped: 0.0175210 seconds, Stopping threads took: 0.0001100 seconds
287.559: Application time: 0.0286320 seconds
287.560: [GC287.560: [DefNew: 66111K->5783K(66112K), 0.0131160 secs] 197774K->143290K(212736K), 0.0131610 secs] [Times: user=0.02 sys=0.00, real=0.02 secs] 
287.573: Total time for which application threads were stopped: 0.0134400 seconds, Stopping threads took: 0.0001770 seconds
287.598: Application time: 0.0252370 seconds
287.598: [GC287.598: [DefNew: 64599K->1933K(66112K), 0.0057330 secs] 202106K->142863K(212736K), 0.0057770 secs] [Times: user=0.01 sys=0.00, real=0.00 secs] 
287.604: Total time for which application threads were stopped: 0.0060030 seconds, Stopping threads took: 0.0001230 seconds
287.627: Application time: 0.0234180 seconds
287.628: [GC287.628: [DefNew: 60749K->1876K(66112K), 0.0023120 secs] 201679K->142806K(212736K), 0.0023430 secs] [Times: user=0.00 sys=0.00, real=0.00 secs] 
287.630: Total time for which application threads were stopped: 0.0025880 seconds, Stopping threads took: 0.0001420 seconds
287.650: Application time: 0.0205220 seconds
287.651: [GC287.651: [DefNew: 60692K->1988K(66112K), 0.0023550 secs] 201622K->142918K(212736K), 0.0023860 secs] [Times: user=0.00 sys=0.00, real=0.01 secs] 
287.653: Total time for which application threads were stopped: 0.0026600 seconds, Stopping threads took: 0.0001820 seconds
287.673: Application time: 0.0195810 seconds
287.673: [GC287.673: [DefNew: 60804K->1988K(66112K), 0.0021860 secs] 201734K->142918K(212736K), 0.0022160 secs] [Times: user=0.00 sys=0.00, real=0.00 secs] 
287.675: Total time for which application threads were stopped: 0.0024160 seconds, Stopping threads took: 0.0001100 seconds
287.694: Application time: 0.0190260 seconds
287.694: [GC287.694: [DefNew: 60804K->2031K(66112K), 0.0023910 secs] 201734K->142961K(212736K), 0.0024250 secs] [Times: user=0.01 sys=0.00, real=0.00 secs] 
287.697: Total time for which application threads were stopped: 0.0026330 seconds, Stopping threads took: 0.0001160 seconds
287.715: Application time: 0.0184350 seconds
287.715: [GC287.716: [DefNew: 60847K->2057K(66112K), 0.0019230 secs] 201777K->142988K(212736K), 0.0019540 secs] [Times: user=0.01 sys=0.00, real=0.00 secs] 
287.717: Total time for which application threads were stopped: 0.0022250 seconds, Stopping threads took: 0.0001800 seconds
287.736: Application time: 0.0190060 seconds
287.737: [GC287.737: [DefNew: 60873K->7296K(66112K), 0.0122270 secs]287.749: [Tenured: 147373K->77009K(147392K), 0.1231210 secs] 201804K->77009K(213504K), [Perm : 8875K->8875K(21248K)], 0.1354500 secs] [Times: user=0.13 sys=0.00, real=0.13 secs] 
287.872: Total time for which application threads were stopped: 0.1356500 seconds, Stopping threads took: 0.0000800 seconds
287.894: Application time: 0.0218070 seconds
287.894: [GC287.894: [DefNew: 58816K->7295K(66112K), 0.0164760 secs] 135825K->89797K(212736K), 0.0165280 secs] [Times: user=0.01 sys=0.00, real=0.01 secs] 
287.911: Total time for which application threads were stopped: 0.0168460 seconds, Stopping threads took: 0.0001990 seconds
287.938: Application time: 0.0268640 seconds
287.938: [GC287.938: [DefNew: 66111K->7296K(66112K), 0.0211580 secs] 148613K->100489K(212736K), 0.0212060 secs] [Times: user=0.02 sys=0.00, real=0.02 secs] 
287.959: Total time for which application threads were stopped: 0.0215350 seconds, Stopping threads took: 0.0002100 seconds
287.989: Application time: 0.0297060 seconds
287.989: [GC287.989: [DefNew: 66112K->7295K(66112K), 0.0251710 secs] 159305K->114714K(212736K), 0.0252160 secs] [Times: user=0.02 sys=0.00, real=0.03 secs] 
288.014: Total time for which application threads were stopped: 0.0254910 seconds, Stopping threads took: 0.0001780 seconds
288.050: Application time: 0.0360400 seconds
288.051: [GC288.051: [DefNew: 66111K->7296K(66112K), 0.0317820 secs] 173530K->130305K(212736K), 0.0318250 secs] [Times: user=0.03 sys=0.00, real=0.03 secs] 
288.083: Total time for which application threads were stopped: 0.0321930 seconds, Stopping threads took: 0.0002500 seconds
288.118: Application time: 0.0349600 seconds
288.118: [GC288.118: [DefNew: 66112K->7295K(66112K), 0.0248760 secs] 189121K->140534K(212736K), 0.0249190 secs] [Times: user=0.03 sys=0.00, real=0.02 secs] 
288.143: Total time for which application threads were stopped: 0.0250880 seconds, Stopping threads took: 0.0000680 seconds
288.174: Application time: 0.0314880 seconds
288.174: [GC288.174: [DefNew: 66111K->7296K(66112K), 0.0192240 secs] 199350K->149171K(212736K), 0.0192700 secs] [Times: user=0.02 sys=0.00, real=0.02 secs] 
288.194: Total time for which application threads were stopped: 0.0195290 seconds, Stopping threads took: 0.0001280 seconds
288.220: Application time: 0.0262250 seconds
288.220: [GC288.220: [DefNew: 66112K->3327K(66112K), 0.0143610 secs]288.235: [Tenured: 148297K->80905K(148352K), 0.1305390 secs] 207987K->80905K(214464K), [Perm : 8875K->8875K(21248K)], 0.1450520 secs] [Times: user=0.14 sys=0.00, real=0.15 secs] 
288.365: Total time for which application threads were stopped: 0.1454530 seconds, Stopping threads took: 0.0002850 seconds
288.390: Application time: 0.0241860 seconds
288.390: [GC288.390: [DefNew: 58816K->529K(66112K), 0.0013030 secs] 139721K->81435K(212736K), 0.0013370 secs] [Times: user=0.01 sys=0.00, real=0.00 secs] 
288.391: Total time for which application threads were stopped: 0.0016560 seconds, Stopping threads took: 0.0002300 seconds
288.413: Application time: 0.0220750 seconds
288.414: [GC288.414: [DefNew: 59345K->749K(66112K), 0.0013990 secs] 140251K->81654K(212736K), 0.0014270 secs] [Times: user=0.00 sys=0.00, real=0.00 secs] 
288.415: Total time for which application threads were stopped: 0.0016840 seconds, Stopping threads took: 0.0001510 seconds
288.435: Application time: 0.0197840 seconds
288.435: [GC288.435: [DefNew: 59565K->738K(66112K), 0.0013800 secs] 140470K->81644K(212736K), 0.0014090 secs] [Times: user=0.00 sys=0.00, real=0.00 secs] 
288.437: Total time for which application threads were stopped: 0.0018150 seconds, Stopping threads took: 0.0003160 seconds
288.456: Application time: 0.0192550 seconds
288.456: [GC288.456: [DefNew: 59554K->766K(66112K), 0.0012740 secs] 140460K->81671K(212736K), 0.0013080 secs] [Times: user=0.00 sys=0.00, real=0.00 secs] 
288.457: Total time for which application threads were stopped: 0.0015540 seconds, Stopping threads took: 0.0001550 seconds
288.476: Application time: 0.0187960 seconds
288.476: [GC288.476: [DefNew: 59582K->793K(66112K), 0.0012980 secs] 140487K->81698K(212736K), 0.0013250 secs] [Times: user=0.00 sys=0.00, real=0.00 secs] 
288.478: Total time for which application threads were stopped: 0.0015010 seconds, Stopping threads took: 0.0000890 seconds
288.496: Application time: 0.0183600 seconds
288.496: [GC288.496: [DefNew: 59609K->3835K(66112K), 0.0031590 secs] 140514K->84740K(212736K), 0.0032050 secs] [Times: user=0.01 sys=0.00, real=0.00 secs] 
288.500: Total time for which application threads were stopped: 0.0034470 seconds, Stopping threads took: 0.0001450 seconds
288.520: Application time: 0.0205360 seconds
288.520: [GC288.520: [DefNew: 62651K->7296K(66112K), 0.0208290 secs] 143556K->99494K(212736K), 0.0208740 secs] [Times: user=0.02 sys=0.00, real=0.02 secs] 
288.541: Total time for which application threads were stopped: 0.0210760 seconds, Stopping threads took: 0.0001000 seconds
288.565: Application time: 0.0237250 seconds
288.565: [GC288.565: [DefNew: 66112K->7296K(66112K), 0.0216500 secs] 158310K->109361K(212736K), 0.0216940 secs] [Times: user=0.02 sys=0.00, real=0.02 secs] 
288.587: Total time for which application threads were stopped: 0.0219970 seconds, Stopping threads took: 0.0001830 seconds
288.615: Application time: 0.0282920 seconds
288.615: [GC288.615: [DefNew: 66112K->7295K(66112K), 0.0222600 secs] 168177K->121686K(212736K), 0.0223030 secs] [Times: user=0.02 sys=0.00, real=0.02 secs] 
288.638: Total time for which application threads were stopped: 0.0226490 seconds, Stopping threads took: 0.0002360 seconds
288.671: Application time: 0.0329690 seconds
288.671: [GC288.671: [DefNew: 66111K->7296K(66112K), 0.0304690 secs] 180502K->139773K(212736K), 0.0305140 secs] [Times: user=0.03 sys=0.00, real=0.03 secs] 
288.702: Total time for which application threads were stopped: 0.0307560 seconds, Stopping threads took: 0.0001340 seconds
288.739: Application time: 0.0373200 seconds
288.739: [GC288.739: [DefNew: 66112K->7296K(66112K), 0.0271270 secs] 198589K->151373K(212736K), 0.0271700 secs] [Times: user=0.03 sys=0.00, real=0.03 secs] 
288.766: Total time for which application threads were stopped: 0.0275450 seconds, Stopping threads took: 0.0002450 seconds
288.799: Application time: 0.0323350 seconds
288.799: [GC288.799: [DefNew: 66112K->7125K(66112K), 0.0205420 secs]288.820: [Tenured: 150722K->80215K(150848K), 0.1181670 secs] 210189K->80215K(216960K), [Perm : 8875K->8875K(21248K)], 0.1389310 secs] [Times: user=0.14 sys=0.00, real=0.14 secs] 
288.938: Total time for which application threads were stopped: 0.1392110 seconds, Stopping threads took: 0.0001640 seconds
288.967: Application time: 0.0292380 seconds
288.967: [GC288.967: [DefNew: 58816K->5872K(66112K), 0.0063460 secs] 139031K->86087K(212736K), 0.0063900 secs] [Times: user=0.01 sys=0.00, real=0.01 secs] 
288.974: Total time for which application threads were stopped: 0.0067020 seconds, Stopping threads took: 0.0002020 seconds
288.999: Application time: 0.0251430 seconds
288.999: [GC288.999: [DefNew: 64688K->1040K(66112K), 0.0064060 secs] 144903K->86368K(212736K), 0.0064490 secs] [Times: user=0.00 sys=0.00, real=0.01 secs] 
289.006: Total time for which application threads were stopped: 0.0067390 seconds, Stopping threads took: 0.0001680 seconds
289.029: Application time: 0.0234920 seconds
289.030: [GC289.030: [DefNew: 59856K->1130K(66112K), 0.0016480 secs] 145184K->86459K(212736K), 0.0016770 secs] [Times: user=0.00 sys=0.00, real=0.00 secs] 
289.031: Total time for which application threads were stopped: 0.0019560 seconds, Stopping threads took: 0.0001930 seconds
289.052: Application time: 0.0207930 seconds
289.052: [GC289.052: [DefNew: 59946K->1226K(66112K), 0.0014920 secs] 145275K->86555K(212736K), 0.0015250 secs] [Times: user=0.00 sys=0.00, real=0.01 secs] 
289.054: Total time for which application threads were stopped: 0.0017610 seconds, Stopping threads took: 0.0001460 seconds
289.073: Application time: 0.0194290 seconds
289.073: [GC289.073: [DefNew: 60042K->1232K(66112K), 0.0016390 secs] 145371K->86560K(212736K), 0.0016720 secs] [Times: user=0.01 sys=0.00, real=0.00 secs] 
289.075: Total time for which application threads were stopped: 0.0018650 seconds, Stopping threads took: 0.0001020 seconds
289.094: Application time: 0.0190420 seconds
289.094: [GC289.094: [DefNew: 60048K->1248K(66112K), 0.0017600 secs] 145376K->86577K(212736K), 0.0017920 secs] [Times: user=0.00 sys=0.00, real=0.00 secs] 
289.096: Total time for which application threads were stopped: 0.0019740 seconds, Stopping threads took: 0.0000810 seconds
289.114: Application time: 0.0183050 seconds
289.115: [GC289.115: [DefNew: 60064K->1272K(66112K), 0.0016460 secs] 145393K->86600K(212736K), 0.0016740 secs] [Times: user=0.00 sys=0.00, real=0.00 secs] 
289.116: Total time for which application threads were stopped: 0.0018740 seconds, Stopping threads took: 0.0001110 seconds
289.135: Application time: 0.0187100 seconds
289.135: [GC289.135: [DefNew: 60088K->7296K(66112K), 0.0077930 secs] 145416K->94456K(212736K), 0.0078370 secs] [Times: user=0.01 sys=0.00, real=0.00 secs] 
289.143: Total time for which application threads were stopped: 0.0081650 seconds, Stopping threads took: 0.0002070 seconds
289.164: Application time: 0.0211700 seconds
289.165: [GC289.165: [DefNew: 66112K->7295K(66112K), 0.0243010 secs] 153272K->108927K(212736K), 0.0243450 secs] [Times: user=0.02 sys=0.00, real=0.02 secs] 
289.189: Total time for which application threads were stopped: 0.0246260 seconds, Stopping threads took: 0.0001820 seconds
289.215: Application time: 0.0261700 seconds
289.215: [GC289.215: [DefNew: 66111K->7296K(66112K), 0.0208780 secs] 167743K->119137K(212736K), 0.0209220 secs] [Times: user=0.02 sys=0.00, real=0.02 secs] 
289.236: Total time for which application threads were stopped: 0.0211600 seconds, Stopping threads took: 0.0001300 seconds
289.268: Application time: 0.0312580 seconds
289.268: [GC289.268: [DefNew: 66112K->7295K(66112K), 0.0280760 secs] 177953K->135170K(212736K), 0.0281220 secs] [Times: user=0.03 sys=0.00, real=0.03 secs] 
289.296: Total time for which application threads were stopped: 0.0284790 seconds, Stopping threads took: 0.0002440 seconds
289.332: Application time: 0.0360250 seconds
289.332: [GC289.332: [DefNew: 66111K->7295K(66112K), 0.0264440 secs] 193986K->149756K(212736K), 0.0264860 secs] [Times: user=0.02 sys=0.00, real=0.03 secs] 
289.359: Total time for which application threads were stopped: 0.0267300 seconds, Stopping threads took: 0.0001260 seconds
289.394: Application time: 0.0354080 seconds
289.395: [GC289.395: [DefNew: 66111K->7296K(66112K), 0.0250000 secs]289.420: [Tenured: 154403K->81641K(154496K), 0.1211550 secs] 208572K->81641K(220608K), [Perm : 8875K->8875K(21248K)], 0.1464760 secs] [Times: user=0.14 sys=0.00, real=0.14 secs] 
289.541: Total time for which application threads were stopped: 0.1468890 seconds, Stopping threads took: 0.0002950 seconds
289.573: Application time: 0.0314770 seconds
289.573: [GC289.573: [DefNew: 58816K->7295K(66112K), 0.0107210 secs] 140457K->90883K(212736K), 0.0107670 secs] [Times: user=0.01 sys=0.00, real=0.00 secs] 
289.584: Total time for which application threads were stopped: 0.0109480 seconds, Stopping threads took: 0.0000790 seconds
289.610: Application time: 0.0268970 seconds
289.611: [GC289.611: [DefNew: 66111K->3394K(66112K), 0.0124710 secs] 149699K->93935K(212736K), 0.0125160 secs] [Times: user=0.01 sys=0.00, real=0.01 secs] 
289.623: Total time for which application threads were stopped: 0.0128530 seconds, Stopping threads took: 0.0002240 seconds
289.647: Application time: 0.0241860 seconds
289.648: [GC289.648: [DefNew: 62210K->3408K(66112K), 0.0032980 secs] 152751K->93949K(212736K), 0.0033340 secs] [Times: user=0.00 sys=0.00, real=0.00 secs] 
289.651: Total time for which application threads were stopped: 0.0036270 seconds, Stopping threads took: 0.0001790 seconds
289.673: Application time: 0.0220350 seconds
289.673: [GC289.673: [DefNew: 62224K->3325K(66112K), 0.0032930 secs] 152765K->93867K(212736K), 0.0033290 secs] [Times: user=0.01 sys=0.00, real=0.00 secs] 
289.677: Total time for which application threads were stopped: 0.0035720 seconds, Stopping threads took: 0.0001280 seconds
289.697: Application time: 0.0199980 seconds
289.697: [GC289.697: [DefNew: 62141K->3418K(66112K), 0.0032000 secs] 152683K->93960K(212736K), 0.0032340 secs] [Times: user=0.00 sys=0.00, real=0.00 secs] 
289.700: Total time for which application threads were stopped: 0.0035060 seconds, Stopping threads took: 0.0001590 seconds
289.719: Application time: 0.0192250 seconds
289.720: [GC289.720: [DefNew: 62234K->3433K(66112K), 0.0033330 secs] 152776K->93975K(212736K), 0.0033760 secs] [Times: user=0.00 sys=0.00, real=0.00 secs] 
289.723: Total time for which application threads were stopped: 0.0037660 seconds, Stopping threads took: 0.0002980 seconds
289.742: Application time: 0.0188800 seconds
289.742: [GC289.742: [DefNew: 62249K->3469K(66112K), 0.0034020 secs] 152791K->94011K(212736K), 0.0034380 secs] [Times: user=0.00 sys=0.00, real=0.01 secs] 
289.746: Total time for which application threads were stopped: 0.0037340 seconds, Stopping threads took: 0.0001820 seconds
289.765: Application time: 0.0189950 seconds
289.765: [GC289.765: [DefNew: 62285K->7295K(66112K), 0.0053800 secs] 152827K->97896K(212736K), 0.0054210 secs] [Times: user=0.00 sys=0.00, real=0.00 secs] 
289.771: Total time for which application threads were stopped: 0.0057510 seconds, Stopping threads took: 0.0002160 seconds
289.790: Application time: 0.0198810 seconds
289.791: [GC289.791: [DefNew: 66111K->7296K(66112K), 0.0149950 secs] 156712K->107266K(212736K), 0.0150390 secs] [Times: user=0.02 sys=0.00, real=0.02 secs] 
289.806: Total time for which application threads were stopped: 0.0153540 seconds, Stopping threads took: 0.0001820 seconds
289.829: Application time: 0.0234590 seconds
289.830: [GC289.830: [DefNew: 66112K->7296K(66112K), 0.0269630 secs] 166082K->121368K(212736K), 0.0270080 secs] [Times: user=0.03 sys=0.00, real=0.03 secs] 
289.857: Total time for which application threads were stopped: 0.0274630 seconds, Stopping threads took: 0.0003370 seconds
289.885: Application time: 0.0286100 seconds
289.886: [GC289.886: [DefNew: 66112K->7296K(66112K), 0.0262570 secs] 180184K->134667K(212736K), 0.0262980 secs] [Times: user=0.03 sys=0.00, real=0.02 secs] 
289.912: Total time for which application threads were stopped: 0.0265980 seconds, Stopping threads took: 0.0001800 seconds
289.946: Application time: 0.0344050 seconds
289.947: [GC289.947: [DefNew: 66112K->7295K(66112K), 0.0318770 secs] 193483K->151241K(212736K), 0.0319210 secs] [Times: user=0.03 sys=0.00, real=0.03 secs] 
289.979: Total time for which application threads were stopped: 0.0322100 seconds, Stopping threads took: 0.0001710 seconds
290.015: Application time: 0.0365010 seconds
290.015: [GC290.015: [DefNew: 66111K->7295K(66112K), 0.0293870 secs]290.045: [Tenured: 156584K->77042K(156608K), 0.1295420 secs] 210057K->77042K(222720K), [Perm : 8875K->8875K(21248K)], 0.1593060 secs] [Times: user=0.15 sys=0.00, real=0.16 secs] 
290.175: Total time for which application threads were stopped: 0.1595940 seconds, Stopping threads took: 0.0001720 seconds
290.207: Application time: 0.0324310 seconds
290.207: [GC290.207: [DefNew: 58816K->7295K(66112K), 0.0099210 secs] 135858K->86355K(212736K), 0.0099670 secs] [Times: user=0.01 sys=0.00, real=0.01 secs] 
290.217: Total time for which application threads were stopped: 0.0101940 seconds, Stopping threads took: 0.0001260 seconds
290.246: Application time: 0.0291110 seconds
290.247: [GC290.247: [DefNew: 66111K->4668K(66112K), 0.0138290 secs] 145171K->90723K(212736K), 0.0138750 secs] [Times: user=0.01 sys=0.00, real=0.01 secs] 
290.261: Total time for which application threads were stopped: 0.0141030 seconds, Stopping threads took: 0.0001270 seconds
290.286: Application time: 0.0252130 seconds
290.286: [GC290.286: [DefNew: 63484K->1142K(66112K), 0.0049930 secs] 149539K->91216K(212736K), 0.0050290 secs] [Times: user=0.01 sys=0.00, real=0.00 secs] 
290.291: Total time for which application threads were stopped: 0.0052500 seconds, Stopping threads took: 0.0001250 seconds
290.314: Application time: 0.0230440 seconds
290.314: [GC290.314: [DefNew: 59958K->1197K(66112K), 0.0016690 secs] 150032K->91272K(212736K), 0.0016980 secs] [Times: user=0.00 sys=0.00, real=0.00 secs] 
290.316: Total time for which application threads were stopped: 0.0018900 seconds, Stopping threads took: 0.0000920 seconds
290.337: Application time: 0.0210170 seconds
290.337: [GC290.337: [DefNew: 60013K->1237K(66112K), 0.0016850 secs] 150088K->91312K(212736K), 0.0017260 secs] [Times: user=0.00 sys=0.00, real=0.00 secs] 
290.339: Total time for which application threads were stopped: 0.0020190 seconds, Stopping threads took: 0.0002040 seconds
290.359: Application time: 0.0196380 seconds
290.359: [GC290.359: [DefNew: 60053K->1289K(66112K), 0.0018150 secs] 150128K->91363K(212736K), 0.0018430 secs] [Times: user=0.00 sys=0.00, real=0.00 secs] 
290.361: Total time for which application threads were stopped: 0.0020420 seconds, Stopping threads took: 0.0001100 seconds
290.380: Application time: 0.0190340 seconds
290.380: [GC290.380: [DefNew: 60105K->1308K(66112K), 0.0018440 secs] 150179K->91382K(212736K), 0.0018780 secs] [Times: user=0.00 sys=0.00, real=0.00 secs] 
290.382: Total time for which application threads were stopped: 0.0020930 seconds, Stopping threads took: 0.0001230 seconds
290.400: Application time: 0.0184920 seconds
290.400: [GC290.401: [DefNew: 60124K->2066K(66112K), 0.0020280 secs] 150198K->92140K(212736K), 0.0020590 secs] [Times: user=0.00 sys=0.00, real=0.00 secs] 
290.403: Total time for which application threads were stopped: 0.0022760 seconds, Stopping threads took: 0.0001170 seconds
290.422: Application time: 0.0190960 seconds
290.422: [GC290.422: [DefNew: 60882K->7295K(66112K), 0.0096030 secs] 150956K->99808K(212736K), 0.0096470 secs] [Times: user=0.01 sys=0.00, real=0.01 secs] 
290.432: Total time for which application threads were stopped: 0.0098780 seconds, Stopping threads took: 0.0001300 seconds
290.452: Application time: 0.0209480 seconds
290.453: [GC290.453: [DefNew: 66111K->7296K(66112K), 0.0201740 secs] 158624K->113453K(212736K), 0.0202170 secs] [Times: user=0.02 sys=0.00, real=0.02 secs] 
290.473: Total time for which application threads were stopped: 0.0205100 seconds, Stopping threads took: 0.0001920 seconds
290.499: Application time: 0.0260550 seconds
290.499: [GC290.499: [DefNew: 66112K->7296K(66112K), 0.0233690 secs] 172269K->125021K(212736K), 0.0234140 secs] [Times: user=0.02 sys=0.00, real=0.02 secs] 
290.523: Total time for which application threads were stopped: 0.0236970 seconds, Stopping threads took: 0.0001640 seconds
290.554: Application time: 0.0312650 seconds
290.554: [GC290.554: [DefNew: 66112K->7296K(66112K), 0.0267570 secs] 183837K->140303K(212736K), 0.0268000 secs] [Times: user=0.03 sys=0.00, real=0.02 secs] 
290.581: Total time for which application threads were stopped: 0.0271480 seconds, Stopping threads took: 0.0002410 seconds
290.617: Application time: 0.0357180 seconds
290.617: [GC290.617: [DefNew: 66112K->7295K(66112K), 0.0274840 secs]290.645: [Tenured: 146898K->80709K(147008K), 0.1199290 secs] 199119K->80709K(213120K), [Perm : 8875K->8875K(21248K)], 0.1474980 secs] [Times: user=0.15 sys=0.00, real=0.15 secs] 
290.765: Total time for which application threads were stopped: 0.1477900 seconds, Stopping threads took: 0.0001980 seconds
290.800: Application time: 0.0353710 seconds
290.800: [GC290.800: [DefNew: 58816K->7295K(66112K), 0.0177560 secs] 139525K->94302K(212736K), 0.0178010 secs] [Times: user=0.02 sys=0.00, real=0.02 secs] 
290.818: Total time for which application threads were stopped: 0.0180480 seconds, Stopping threads took: 0.0001260 seconds
290.849: Application time: 0.0309590 seconds
290.849: [GC290.849: [DefNew: 66111K->7296K(66112K), 0.0190430 secs] 153118K->100940K(212736K), 0.0190880 secs] [Times: user=0.02 sys=0.00, real=0.02 secs] 
290.868: Total time for which application threads were stopped: 0.0193790 seconds, Stopping threads took: 0.0001400 seconds
290.896: Application time: 0.0273670 seconds
290.896: [GC290.896: [DefNew: 66112K->2788K(66112K), 0.0089320 secs] 159756K->102564K(212736K), 0.0089790 secs] [Times: user=0.01 sys=0.00, real=0.01 secs] 
290.905: Total time for which application threads were stopped: 0.0092040 seconds, Stopping threads took: 0.0001220 seconds
290.929: Application time: 0.0239630 seconds
290.929: [GC290.929: [DefNew: 61604K->2802K(66112K), 0.0029800 secs] 161380K->102578K(212736K), 0.0030130 secs] [Times: user=0.00 sys=0.00, real=0.00 secs] 
290.932: Total time for which application threads were stopped: 0.0032410 seconds, Stopping threads took: 0.0001280 seconds
290.954: Application time: 0.0220210 seconds
290.955: [GC290.955: [DefNew: 61618K->2951K(66112K), 0.0032030 secs] 161394K->102727K(212736K), 0.0032360 secs] [Times: user=0.00 sys=0.00, real=0.00 secs] 
290.958: Total time for which application threads were stopped: 0.0035280 seconds, Stopping threads took: 0.0002010 seconds
290.978: Application time: 0.0201680 seconds
290.978: [GC290.978: [DefNew: 61767K->3024K(66112K), 0.0027890 secs] 161543K->102800K(212736K), 0.0028240 secs] [Times: user=0.00 sys=0.00, real=0.00 secs] 
290.981: Total time for which application threads were stopped: 0.0030700 seconds, Stopping threads took: 0.0001500 seconds
291.000: Application time: 0.0192470 seconds
291.000: [GC291.000: [DefNew: 61840K->3005K(66112K), 0.0031480 secs] 161616K->102781K(212736K), 0.0031820 secs] [Times: user=0.00 sys=0.00, real=0.00 secs] 
291.004: Total time for which application threads were stopped: 0.0033930 seconds, Stopping threads took: 0.0001100 seconds
291.022: Application time: 0.0186020 seconds
291.022: [GC291.023: [DefNew: 61821K->3021K(66112K), 0.0031160 secs] 161597K->102797K(212736K), 0.0031510 secs] [Times: user=0.00 sys=0.00, real=0.01 secs] 
291.026: Total time for which application threads were stopped: 0.0033820 seconds, Stopping threads took: 0.0001340 seconds
291.044: Application time: 0.0185050 seconds
291.044: [GC291.044: [DefNew: 61837K->7296K(66112K), 0.0064670 secs] 161613K->107935K(212736K), 0.0065090 secs] [Times: user=0.01 sys=0.00, real=0.01 secs] 
291.051: Total time for which application threads were stopped: 0.0067130 seconds, Stopping threads took: 0.0001050 seconds
291.070: Application time: 0.0194050 seconds
291.070: [GC291.071: [DefNew: 66112K->7295K(66112K), 0.0144430 secs] 166751K->114741K(212736K), 0.0144880 secs] [Times: user=0.02 sys=0.00, real=0.02 secs] 
291.085: Total time for which application threads were stopped: 0.0147260 seconds, Stopping threads took: 0.0001370 seconds
291.108: Application time: 0.0233140 seconds
291.109: [GC291.109: [DefNew: 66111K->7296K(66112K), 0.0216660 secs] 173557K->128620K(212736K), 0.0217090 secs] [Times: user=0.03 sys=0.00, real=0.02 secs] 
291.130: Total time for which application threads were stopped: 0.0219180 seconds, Stopping threads took: 0.0000980 seconds
291.158: Application time: 0.0274700 seconds
291.158: [GC291.158: [DefNew: 66112K->7295K(66112K), 0.0224780 secs] 187436K->141546K(212736K), 0.0225260 secs] [Times: user=0.01 sys=0.00, real=0.02 secs] 
291.180: Total time for which application threads were stopped: 0.0227640 seconds, Stopping threads took: 0.0001390 seconds
291.214: Application time: 0.0339740 seconds
291.215: [GC291.215: [DefNew: 66111K->7295K(66112K), 0.0363350 secs]291.251: [Tenured: 153190K->81926K(153344K), 0.1266340 secs] 200361K->81926K(219456K), [Perm : 8875K->8875K(21248K)], 0.1633010 secs] [Times: user=0.16 sys=0.00, real=0.16 secs] 
291.378: Total time for which application threads were stopped: 0.1635410 seconds, Stopping threads took: 0.0001430 seconds
291.414: Application time: 0.0362120 seconds
291.414: [GC291.414: [DefNew: 58816K->7295K(66112K), 0.0224340 secs] 140742K->97168K(212736K), 0.0224790 secs] [Times: user=0.02 sys=0.00, real=0.02 secs] 
291.437: Total time for which application threads were stopped: 0.0226910 seconds, Stopping threads took: 0.0000980 seconds
291.471: Application time: 0.0336940 seconds
291.471: [GC291.471: [DefNew: 66111K->7295K(66112K), 0.0218880 secs] 155984K->107830K(212736K), 0.0219300 secs] [Times: user=0.02 sys=0.00, real=0.03 secs] 
291.493: Total time for which application threads were stopped: 0.0221130 seconds, Stopping threads took: 0.0000810 seconds
291.522: Application time: 0.0294090 seconds
291.522: [GC291.522: [DefNew: 66111K->4541K(66112K), 0.0116310 secs] 166646K->111734K(212736K), 0.0116740 secs] [Times: user=0.01 sys=0.00, real=0.02 secs] 
291.534: Total time for which application threads were stopped: 0.0118710 seconds, Stopping threads took: 0.0000950 seconds
291.560: Application time: 0.0256140 seconds
291.560: [GC291.560: [DefNew: 63357K->1056K(66112K), 0.0044950 secs] 170550K->112181K(212736K), 0.0045450 secs] [Times: user=0.01 sys=0.00, real=0.00 secs] 
291.564: Total time for which application threads were stopped: 0.0047800 seconds, Stopping threads took: 0.0001320 seconds
291.588: Application time: 0.0233210 seconds
291.588: [GC291.588: [DefNew: 59872K->1181K(66112K), 0.0014650 secs] 170997K->112307K(212736K), 0.0014950 secs] [Times: user=0.00 sys=0.00, real=0.00 secs] 
291.589: Total time for which application threads were stopped: 0.0017350 seconds, Stopping threads took: 0.0001520 seconds
291.611: Application time: 0.0211220 seconds
291.611: [GC291.611: [DefNew: 59997K->1238K(66112K), 0.0018520 secs] 171123K->112364K(212736K), 0.0018820 secs] [Times: user=0.00 sys=0.00, real=0.01 secs] 
291.613: Total time for which application threads were stopped: 0.0021540 seconds, Stopping threads took: 0.0001640 seconds
291.632: Application time: 0.0197080 seconds
291.633: [GC291.633: [DefNew: 60054K->1286K(66112K), 0.0016630 secs] 171180K->112412K(212736K), 0.0016910 secs] [Times: user=0.00 sys=0.00, real=0.00 secs] 
291.634: Total time for which application threads were stopped: 0.0019290 seconds, Stopping threads took: 0.0001460 seconds
291.653: Application time: 0.0190930 seconds
291.654: [GC291.654: [DefNew: 60102K->1290K(66112K), 0.0017930 secs] 171228K->112416K(212736K), 0.0018230 secs] [Times: user=0.01 sys=0.00, real=0.00 secs] 
291.656: Total time for which application threads were stopped: 0.0020420 seconds, Stopping threads took: 0.0001320 seconds
291.674: Application time: 0.0187630 seconds
291.674: [GC291.674: [DefNew: 60106K->4462K(66112K), 0.0032600 secs] 171232K->115588K(212736K), 0.0033000 secs] [Times: user=0.00 sys=0.00, real=0.00 secs] 
291.678: Total time for which application threads were stopped: 0.0034860 seconds, Stopping threads took: 0.0000850 seconds
291.697: Application time: 0.0193900 seconds
291.697: [GC291.697: [DefNew: 63278K->7295K(66112K), 0.0101200 secs] 174404K->121683K(212736K), 0.0101630 secs] [Times: user=0.01 sys=0.00, real=0.01 secs] 
291.708: Total time for which application threads were stopped: 0.0103320 seconds, Stopping threads took: 0.0000660 seconds
291.729: Application time: 0.0210200 seconds
291.729: [GC291.729: [DefNew: 66111K->7296K(66112K), 0.0200610 secs] 180499K->132090K(212736K), 0.0201070 secs] [Times: user=0.02 sys=0.00, real=0.02 secs] 
291.749: Total time for which application threads were stopped: 0.0203130 seconds, Stopping threads took: 0.0001060 seconds
291.774: Application time: 0.0251730 seconds
291.774: [GC291.774: [DefNew: 66112K->7296K(66112K), 0.0213640 secs] 190906K->144399K(212736K), 0.0214060 secs] [Times: user=0.02 sys=0.00, real=0.02 secs] 
291.796: Total time for which application threads were stopped: 0.0216380 seconds, Stopping threads took: 0.0001300 seconds
291.826: Application time: 0.0303200 seconds
291.826: [GC291.826: [DefNew: 66112K->7295K(66112K), 0.0375980 secs]291.864: [Tenured: 155201K->77726K(155264K), 0.1200040 secs] 203215K->77726K(221376K), [Perm : 8875K->8875K(21248K)], 0.1580010 secs] [Times: user=0.16 sys=0.00, real=0.15 secs] 
291.984: Total time for which application threads were stopped: 0.1582520 seconds, Stopping threads took: 0.0001550 seconds
292.021: Application time: 0.0368610 seconds
292.021: [GC292.021: [DefNew: 58816K->7296K(66112K), 0.0214820 secs] 136542K->95334K(212736K), 0.0215260 secs] [Times: user=0.02 sys=0.00, real=0.02 secs] 
292.043: Total time for which application threads were stopped: 0.0217540 seconds, Stopping threads took: 0.0001050 seconds
292.077: Application time: 0.0343440 seconds
292.078: [GC292.078: [DefNew: 66112K->7295K(66112K), 0.0224720 secs] 154150K->105446K(212736K), 0.0225180 secs] [Times: user=0.03 sys=0.00, real=0.02 secs] 
292.100: Total time for which application threads were stopped: 0.0228570 seconds, Stopping threads took: 0.0002270 seconds
292.131: Application time: 0.0313910 seconds
292.132: [GC292.132: [DefNew: 66111K->7296K(66112K), 0.0190930 secs] 164262K->113332K(212736K), 0.0191450 secs] [Times: user=0.02 sys=0.00, real=0.02 secs] 
292.151: Total time for which application threads were stopped: 0.0194790 seconds, Stopping threads took: 0.0002130 seconds
292.179: Application time: 0.0276260 seconds
292.179: [GC292.179: [DefNew: 66112K->4210K(66112K), 0.0086450 secs] 172148K->114020K(212736K), 0.0086910 secs] [Times: user=0.01 sys=0.00, real=0.01 secs] 
292.188: Total time for which application threads were stopped: 0.0089660 seconds, Stopping threads took: 0.0001630 seconds
292.212: Application time: 0.0245530 seconds
292.212: [GC292.212: [DefNew: 63026K->608K(66112K), 0.0038870 secs] 172836K->114073K(212736K), 0.0039230 secs] [Times: user=0.01 sys=0.00, real=0.01 secs] 
292.216: Total time for which application threads were stopped: 0.0041130 seconds, Stopping threads took: 0.0000940 seconds
292.239: Application time: 0.0224160 seconds
292.239: [GC292.239: [DefNew: 59424K->679K(66112K), 0.0013020 secs] 172889K->114144K(212736K), 0.0013300 secs] [Times: user=0.01 sys=0.00, real=0.00 secs] 
292.240: Total time for which application threads were stopped: 0.0015760 seconds, Stopping threads took: 0.0001550 seconds
292.260: Application time: 0.0200890 seconds
292.261: [GC292.261: [DefNew: 59495K->760K(66112K), 0.0012610 secs] 172960K->114225K(212736K), 0.0012890 secs] [Times: user=0.00 sys=0.00, real=0.00 secs] 
292.262: Total time for which application threads were stopped: 0.0015350 seconds, Stopping threads took: 0.0001530 seconds
292.281: Application time: 0.0194440 seconds
292.281: [GC292.281: [DefNew: 59576K->790K(66112K), 0.0012320 secs] 173041K->114255K(212736K), 0.0012600 secs] [Times: user=0.01 sys=0.00, real=0.00 secs] 
292.283: Total time for which application threads were stopped: 0.0014440 seconds, Stopping threads took: 0.0000960 seconds
292.302: Application time: 0.0188500 seconds
292.302: [GC292.302: [DefNew: 59606K->1555K(66112K), 0.0016310 secs] 173071K->115020K(212736K), 0.0016610 secs] [Times: user=0.00 sys=0.00, real=0.00 secs] 
292.303: Total time for which application threads were stopped: 0.0018510 seconds, Stopping threads took: 0.0001030 seconds
292.322: Application time: 0.0190070 seconds
292.323: [GC292.323: [DefNew: 60371K->7289K(66112K), 0.0063370 secs] 173836K->120754K(212736K), 0.0063780 secs] [Times: user=0.01 sys=0.00, real=0.01 secs] 
292.329: Total time for which application threads were stopped: 0.0065620 seconds, Stopping threads took: 0.0000820 seconds
292.349: Application time: 0.0198570 seconds
292.349: [GC292.349: [DefNew: 66105K->7296K(66112K), 0.0146930 secs] 179570K->129074K(212736K), 0.0147370 secs] [Times: user=0.02 sys=0.00, real=0.01 secs] 
292.364: Total time for which application threads were stopped: 0.0149580 seconds, Stopping threads took: 0.0001200 seconds
292.387: Application time: 0.0232270 seconds
292.387: [GC292.387: [DefNew: 66112K->7295K(66112K), 0.0202630 secs] 187890K->140688K(212736K), 0.0203060 secs] [Times: user=0.02 sys=0.00, real=0.02 secs] 
292.408: Total time for which application threads were stopped: 0.0204710 seconds, Stopping threads took: 0.0000630 seconds
292.435: Application time: 0.0274350 seconds
292.435: [GC292.435: [DefNew: 66111K->7295K(66112K), 0.0216730 secs] 199504K->151139K(212736K), 0.0217170 secs] [Times: user=0.03 sys=0.00, real=0.02 secs] 
292.457: Total time for which application threads were stopped: 0.0219250 seconds, Stopping threads took: 0.0001100 seconds
292.490: Application time: 0.0328630 seconds
292.490: [GC292.490: [DefNew: 66111K->7295K(66112K), 0.0380210 secs]292.528: [Tenured: 164011K->76768K(164096K), 0.1195460 secs] 209955K->76768K(230208K), [Perm : 8875K->8875K(21248K)], 0.1581110 secs] [Times: user=0.15 sys=0.00, real=0.16 secs] 
292.648: Total time for which application threads were stopped: 0.1583380 seconds, Stopping threads took: 0.0001330 seconds
292.685: Application time: 0.0368770 seconds
292.685: [GC292.685: [DefNew: 58816K->7295K(66112K), 0.0173290 secs] 135584K->90806K(212736K), 0.0173820 secs] [Times: user=0.02 sys=0.00, real=0.01 secs] 
292.703: Total time for which application threads were stopped: 0.0175900 seconds, Stopping threads took: 0.0000930 seconds
292.735: Application time: 0.0325040 seconds
292.735: [GC292.735: [DefNew: 66111K->7296K(66112K), 0.0279460 secs] 149622K->101246K(212736K), 0.0279900 secs] [Times: user=0.03 sys=0.00, real=0.02 secs] 
292.763: Total time for which application threads were stopped: 0.0282360 seconds, Stopping threads took: 0.0001300 seconds
292.792: Application time: 0.0290530 seconds
292.793: [GC292.793: [DefNew: 66112K->5731K(66112K), 0.0130550 secs] 160062K->106686K(212736K), 0.0130990 secs] [Times: user=0.01 sys=0.00, real=0.01 secs] 
292.806: Total time for which application threads were stopped: 0.0133090 seconds, Stopping threads took: 0.0001070 seconds
292.832: Application time: 0.0260330 seconds
292.832: [GC292.832: [DefNew: 64547K->1095K(66112K), 0.0063600 secs] 165502K->107270K(212736K), 0.0064040 secs] [Times: user=0.00 sys=0.00, real=0.01 secs] 
292.838: Total time for which application threads were stopped: 0.0066680 seconds, Stopping threads took: 0.0001630 seconds
292.861: Application time: 0.0230890 seconds
292.862: [GC292.862: [DefNew: 59911K->1136K(66112K), 0.0017510 secs] 166086K->107312K(212736K), 0.0017840 secs] [Times: user=0.00 sys=0.00, real=0.00 secs] 
292.863: Total time for which application threads were stopped: 0.0019550 seconds, Stopping threads took: 0.0000810 seconds
292.884: Application time: 0.0209250 seconds
292.885: [GC292.885: [DefNew: 59952K->1236K(66112K), 0.0018510 secs] 166128K->107412K(212736K), 0.0018800 secs] [Times: user=0.00 sys=0.00, real=0.00 secs] 
292.886: Total time for which application threads were stopped: 0.0021060 seconds, Stopping threads took: 0.0001360 seconds
292.906: Application time: 0.0197960 seconds
292.907: [GC292.907: [DefNew: 60052K->1225K(66112K), 0.0017400 secs] 166228K->107401K(212736K), 0.0017680 secs] [Times: user=0.00 sys=0.00, real=0.00 secs] 
292.908: Total time for which application threads were stopped: 0.0021000 seconds, Stopping threads took: 0.0002260 seconds
292.927: Application time: 0.0191160 seconds
292.928: [GC292.928: [DefNew: 60041K->1289K(66112K), 0.0019040 secs] 166217K->107465K(212736K), 0.0019370 secs] [Times: user=0.00 sys=0.00, real=0.00 secs] 
292.930: Total time for which application threads were stopped: 0.0022080 seconds, Stopping threads took: 0.0001630 seconds
292.949: Application time: 0.0191140 seconds
292.949: [GC292.949: [DefNew: 60105K->5609K(66112K), 0.0052040 secs] 166281K->111784K(212736K), 0.0052470 secs] [Times: user=0.00 sys=0.00, real=0.01 secs] 
292.954: Total time for which application threads were stopped: 0.0055220 seconds, Stopping threads took: 0.0001560 seconds
292.974: Application time: 0.0192710 seconds
292.974: [GC292.974: [DefNew: 64425K->6788K(66112K), 0.0115680 secs] 170600K->117823K(212736K), 0.0116110 secs] [Times: user=0.01 sys=0.00, real=0.01 secs] 
292.985: Total time for which application threads were stopped: 0.0118500 seconds, Stopping threads took: 0.0001350 seconds
293.007: Application time: 0.0215100 seconds
293.007: [GC293.007: [DefNew: 65604K->7295K(66112K), 0.0159400 secs] 176639K->127248K(212736K), 0.0159820 secs] [Times: user=0.01 sys=0.00, real=0.01 secs] 
293.023: Total time for which application threads were stopped: 0.0163240 seconds, Stopping threads took: 0.0002220 seconds
293.048: Application time: 0.0245320 seconds
293.048: [GC293.048: [DefNew: 66111K->7295K(66112K), 0.0193520 secs] 186064K->137892K(212736K), 0.0193960 secs] [Times: user=0.02 sys=0.00, real=0.02 secs] 
293.067: Total time for which application threads were stopped: 0.0196570 seconds, Stopping threads took: 0.0001350 seconds
293.096: Application time: 0.0287660 seconds
293.097: [GC293.097: [DefNew: 66111K->7296K(66112K), 0.0315260 secs]293.128: [Tenured: 147906K->77929K(147968K), 0.1256310 secs] 196708K->77929K(214080K), [Perm : 8875K->8875K(21248K)], 0.1572920 secs] [Times: user=0.16 sys=0.00, real=0.16 secs] 
293.254: Total time for which application threads were stopped: 0.1577550 seconds, Stopping threads took: 0.0003410 seconds
293.290: Application time: 0.0355850 seconds
293.290: [GC293.290: [DefNew: 58816K->7295K(66112K), 0.0237380 secs] 136745K->95904K(212736K), 0.0237820 secs] [Times: user=0.02 sys=0.00, real=0.03 secs] 
293.314: Total time for which application threads were stopped: 0.0240270 seconds, Stopping threads took: 0.0001360 seconds
293.349: Application time: 0.0352890 seconds
293.349: [GC293.349: [DefNew: 66111K->7295K(66112K), 0.0245520 secs] 154720K->107120K(212736K), 0.0245950 secs] [Times: user=0.02 sys=0.00, real=0.03 secs] 
293.374: Total time for which application threads were stopped: 0.0248720 seconds, Stopping threads took: 0.0001780 seconds
293.405: Application time: 0.0314120 seconds
293.405: [GC293.405: [DefNew: 66111K->7295K(66112K), 0.0207530 secs] 165936K->116890K(212736K), 0.0207970 secs] [Times: user=0.02 sys=0.00, real=0.02 secs] 
293.426: Total time for which application threads were stopped: 0.0210080 seconds, Stopping threads took: 0.0001100 seconds
293.454: Application time: 0.0274170 seconds
293.454: [GC293.454: [DefNew: 66111K->4253K(66112K), 0.0135810 secs] 175706K->120959K(212736K), 0.0136280 secs] [Times: user=0.02 sys=0.00, real=0.01 secs] 
293.468: Total time for which application threads were stopped: 0.0138750 seconds, Stopping threads took: 0.0001430 seconds
293.492: Application time: 0.0245690 seconds
293.492: [GC293.492: [DefNew: 63069K->593K(66112K), 0.0043230 secs] 179775K->120953K(212736K), 0.0043600 secs] [Times: user=0.01 sys=0.00, real=0.01 secs] 
293.497: Total time for which application threads were stopped: 0.0046030 seconds, Stopping threads took: 0.0001470 seconds
293.519: Application time: 0.0222510 seconds
293.519: [GC293.519: [DefNew: 59409K->707K(66112K), 0.0014900 secs] 179769K->121067K(212736K), 0.0015220 secs] [Times: user=0.01 sys=0.00, real=0.00 secs] 
293.521: Total time for which application threads were stopped: 0.0018730 seconds, Stopping threads took: 0.0002420 seconds
293.541: Application time: 0.0202210 seconds
293.541: [GC293.541: [DefNew: 59523K->749K(66112K), 0.0012990 secs] 179883K->121110K(212736K), 0.0013310 secs] [Times: user=0.00 sys=0.00, real=0.00 secs] 
293.543: Total time for which application threads were stopped: 0.0015550 seconds, Stopping threads took: 0.0001330 seconds
293.562: Application time: 0.0196930 seconds
293.563: [GC293.563: [DefNew: 59565K->812K(66112K), 0.0012530 secs] 179926K->121172K(212736K), 0.0012850 secs] [Times: user=0.00 sys=0.00, real=0.00 secs] 
293.564: Total time for which application threads were stopped: 0.0015970 seconds, Stopping threads took: 0.0002030 seconds
293.583: Application time: 0.0189970 seconds
293.583: [GC293.583: [DefNew: 59628K->3872K(66112K), 0.0034140 secs] 179988K->124232K(212736K), 0.0034500 secs] [Times: user=0.00 sys=0.00, real=0.01 secs] 
293.587: Total time for which application threads were stopped: 0.0038190 seconds, Stopping threads took: 0.0002570 seconds
293.606: Application time: 0.0191040 seconds
293.609: [GC293.609: [DefNew: 62688K->7295K(66112K), 0.0097080 secs] 183048K->129018K(212736K), 0.0097510 secs] [Times: user=0.01 sys=0.00, real=0.01 secs] 
293.619: Total time for which application threads were stopped: 0.0126790 seconds, Stopping threads took: 0.0028280 seconds
293.639: Application time: 0.0206050 seconds
293.639: [GC293.639: [DefNew: 66111K->7296K(66112K), 0.0150460 secs] 187834K->136285K(212736K), 0.0150920 secs] [Times: user=0.01 sys=0.00, real=0.02 secs] 
293.654: Total time for which application threads were stopped: 0.0153610 seconds, Stopping threads took: 0.0001520 seconds
293.677: Application time: 0.0225670 seconds
293.677: [GC293.677: [DefNew: 66112K->7295K(66112K), 0.0148470 secs] 195101K->144660K(212736K), 0.0148910 secs] [Times: user=0.02 sys=0.00, real=0.01 secs] 
293.692: Total time for which application threads were stopped: 0.0152460 seconds, Stopping threads took: 0.0002550 seconds
293.719: Application time: 0.0263450 seconds
293.719: [GC293.719: [DefNew: 66111K->7296K(66112K), 0.0226920 secs]293.742: [Tenured: 149151K->77850K(149312K), 0.1149600 secs] 203476K->77850K(215424K), [Perm : 8875K->8875K(21248K)], 0.1378430 secs] [Times: user=0.14 sys=0.00, real=0.14 secs] 
293.858: Total time for which application threads were stopped: 0.1396620 seconds, Stopping threads took: 0.0002800 seconds
293.891: Application time: 0.0330090 seconds
293.892: [GC293.892: [DefNew: 58816K->7295K(66112K), 0.0295830 secs] 136666K->99694K(212736K), 0.0296260 secs] [Times: user=0.03 sys=0.00, real=0.03 secs] 
293.921: Total time for which application threads were stopped: 0.0299250 seconds, Stopping threads took: 0.0001710 seconds
293.958: Application time: 0.0367400 seconds
293.958: [GC293.958: [DefNew: 66111K->7295K(66112K), 0.0259830 secs] 158510K->109241K(212736K), 0.0260270 secs] [Times: user=0.03 sys=0.00, real=0.02 secs] 
293.984: Total time for which application threads were stopped: 0.0262860 seconds, Stopping threads took: 0.0001390 seconds
294.016: Application time: 0.0319910 seconds
294.016: [GC294.016: [DefNew: 66111K->7296K(66112K), 0.0208370 secs] 168057K->118300K(212736K), 0.0208900 secs] [Times: user=0.01 sys=0.00, real=0.02 secs] 
294.037: Total time for which application threads were stopped: 0.0210900 seconds, Stopping threads took: 0.0000980 seconds
294.067: Application time: 0.0298410 seconds
294.067: [GC294.067: [DefNew: 66112K->5810K(66112K), 0.0117370 secs] 177116K->122659K(212736K), 0.0117840 secs] [Times: user=0.01 sys=0.00, real=0.01 secs] 
294.079: Total time for which application threads were stopped: 0.0120330 seconds, Stopping threads took: 0.0001470 seconds
294.105: Application time: 0.0261250 seconds
294.106: [GC294.106: [DefNew: 64626K->892K(66112K), 0.0057460 secs] 181475K->123052K(212736K), 0.0057870 secs] [Times: user=0.01 sys=0.00, real=0.00 secs] 
294.111: Total time for which application threads were stopped: 0.0060180 seconds, Stopping threads took: 0.0001300 seconds
294.135: Application time: 0.0235460 seconds
294.135: [GC294.135: [DefNew: 59708K->1047K(66112K), 0.0016790 secs] 181868K->123207K(212736K), 0.0017050 secs] [Times: user=0.00 sys=0.00, real=0.00 secs] 
294.137: Total time for which application threads were stopped: 0.0019460 seconds, Stopping threads took: 0.0001520 seconds
294.158: Application time: 0.0209360 seconds
294.158: [GC294.158: [DefNew: 59863K->1103K(66112K), 0.0019030 secs] 182023K->123263K(212736K), 0.0019340 secs] [Times: user=0.00 sys=0.00, real=0.00 secs] 
294.160: Total time for which application threads were stopped: 0.0022000 seconds, Stopping threads took: 0.0001780 seconds
294.180: Application time: 0.0197510 seconds
294.180: [GC294.180: [DefNew: 59919K->1145K(66112K), 0.0017770 secs] 182079K->123305K(212736K), 0.0018090 secs] [Times: user=0.00 sys=0.00, real=0.00 secs] 
294.182: Total time for which application threads were stopped: 0.0022370 seconds, Stopping threads took: 0.0003190 seconds
294.202: Application time: 0.0195700 seconds
294.202: [GC294.202: [DefNew: 59961K->1511K(66112K), 0.0019230 secs] 182121K->123671K(212736K), 0.0019520 secs] [Times: user=0.01 sys=0.00, real=0.00 secs] 
294.204: Total time for which application threads were stopped: 0.0022690 seconds, Stopping threads took: 0.0002110 seconds
294.223: Application time: 0.0192320 seconds
294.223: [GC294.223: [DefNew: 60327K->5743K(66112K), 0.0056660 secs] 182487K->127902K(212736K), 0.0057100 secs] [Times: user=0.00 sys=0.00, real=0.01 secs] 
294.229: Total time for which application threads were stopped: 0.0059620 seconds, Stopping threads took: 0.0001310 seconds
294.249: Application time: 0.0194730 seconds
294.249: [GC294.249: [DefNew: 64559K->7295K(66112K), 0.0116270 secs] 186718K->135398K(212736K), 0.0116720 secs] [Times: user=0.01 sys=0.00, real=0.01 secs] 
294.261: Total time for which application threads were stopped: 0.0120240 seconds, Stopping threads took: 0.0002330 seconds
294.282: Application time: 0.0217490 seconds
294.283: [GC294.283: [DefNew: 66111K->7296K(66112K), 0.0164210 secs] 194214K->143221K(212736K), 0.0164640 secs] [Times: user=0.02 sys=0.00, real=0.02 secs] 
294.299: Total time for which application threads were stopped: 0.0167350 seconds, Stopping threads took: 0.0001420 seconds
294.323: Application time: 0.0238500 seconds
294.323: [GC294.323: [DefNew: 66112K->7296K(66112K), 0.0145600 secs] 202037K->150674K(212736K), 0.0146020 secs] [Times: user=0.01 sys=0.00, real=0.02 secs] 
294.338: Total time for which application threads were stopped: 0.0149640 seconds, Stopping threads took: 0.0002420 seconds
294.366: Application time: 0.0283950 seconds
294.367: [GC294.367: [DefNew: 66112K->7296K(66112K), 0.0314910 secs]294.398: [Tenured: 162513K->75831K(162560K), 0.1118930 secs] 209490K->75831K(228672K), [Perm : 8875K->8875K(21248K)], 0.1438920 secs] [Times: user=0.14 sys=0.01, real=0.14 secs] 
294.510: Total time for which application threads were stopped: 0.1441810 seconds, Stopping threads took: 0.0001830 seconds
294.547: Application time: 0.0364600 seconds
294.547: [GC294.547: [DefNew: 58816K->7295K(66112K), 0.0217260 secs] 134647K->92336K(212736K), 0.0217700 secs] [Times: user=0.03 sys=0.00, real=0.02 secs] 
294.569: Total time for which application threads were stopped: 0.0220100 seconds, Stopping threads took: 0.0001290 seconds
294.604: Application time: 0.0346660 seconds
294.604: [GC294.604: [DefNew: 66111K->7296K(66112K), 0.0259550 secs] 151152K->101712K(212736K), 0.0259990 secs] [Times: user=0.03 sys=0.00, real=0.03 secs] 
294.630: Total time for which application threads were stopped: 0.0263370 seconds, Stopping threads took: 0.0002170 seconds
294.661: Application time: 0.0312690 seconds
294.661: [GC294.661: [DefNew: 66112K->7295K(66112K), 0.0189860 secs] 160528K->109514K(212736K), 0.0190310 secs] [Times: user=0.02 sys=0.00, real=0.02 secs] 
294.680: Total time for which application threads were stopped: 0.0192180 seconds, Stopping threads took: 0.0000850 seconds
294.708: Application time: 0.0279860 seconds
294.709: [GC294.709: [DefNew: 66111K->4728K(66112K), 0.0147970 secs] 168330K->113820K(212736K), 0.0148430 secs] [Times: user=0.02 sys=0.00, real=0.01 secs] 
294.723: Total time for which application threads were stopped: 0.0150730 seconds, Stopping threads took: 0.0001270 seconds
294.748: Application time: 0.0249830 seconds
294.749: [GC294.749: [DefNew: 63544K->721K(66112K), 0.0045930 secs] 172636K->114049K(212736K), 0.0046340 secs] [Times: user=0.00 sys=0.00, real=0.01 secs] 
294.753: Total time for which application threads were stopped: 0.0048630 seconds, Stopping threads took: 0.0001270 seconds
294.776: Application time: 0.0229540 seconds
294.776: [GC294.776: [DefNew: 59537K->748K(66112K), 0.0012310 secs] 172865K->114076K(212736K), 0.0012600 secs] [Times: user=0.01 sys=0.00, real=0.00 secs] 
294.778: Total time for which application threads were stopped: 0.0014550 seconds, Stopping threads took: 0.0000990 seconds
294.798: Application time: 0.0200660 seconds
294.798: [GC294.798: [DefNew: 59564K->762K(66112K), 0.0011980 secs] 172892K->114090K(212736K), 0.0012260 secs] [Times: user=0.00 sys=0.00, real=0.00 secs] 
294.799: Total time for which application threads were stopped: 0.0014380 seconds, Stopping threads took: 0.0001240 seconds
294.819: Application time: 0.0198480 seconds
294.819: [GC294.819: [DefNew: 59578K->764K(66112K), 0.0012970 secs] 172906K->114093K(212736K), 0.0013300 secs] [Times: user=0.01 sys=0.00, real=0.00 secs] 
294.821: Total time for which application threads were stopped: 0.0015910 seconds, Stopping threads took: 0.0001720 seconds
294.840: Application time: 0.0197080 seconds
294.841: [GC294.841: [DefNew: 59580K->4630K(66112K), 0.0042940 secs] 172909K->117959K(212736K), 0.0043360 secs] [Times: user=0.00 sys=0.00, real=0.01 secs] 
294.845: Total time for which application threads were stopped: 0.0046800 seconds, Stopping threads took: 0.0002440 seconds
294.864: Application time: 0.0191390 seconds
294.864: [GC294.864: [DefNew: 63446K->3560K(66112K), 0.0071620 secs] 176775K->120953K(212736K), 0.0072060 secs] [Times: user=0.01 sys=0.00, real=0.00 secs] 
294.872: Total time for which application threads were stopped: 0.0074880 seconds, Stopping threads took: 0.0001770 seconds
294.893: Application time: 0.0208080 seconds
294.893: [GC294.893: [DefNew: 62376K->7296K(66112K), 0.0129390 secs] 179769K->129869K(212736K), 0.0129910 secs] [Times: user=0.02 sys=0.00, real=0.01 secs] 
294.906: Total time for which application threads were stopped: 0.0132870 seconds, Stopping threads took: 0.0001880 seconds
294.929: Application time: 0.0235660 seconds
294.930: [GC294.930: [DefNew: 66112K->7296K(66112K), 0.0188370 secs] 188685K->137729K(212736K), 0.0188870 secs] [Times: user=0.01 sys=0.00, real=0.02 secs] 
294.949: Total time for which application threads were stopped: 0.0191190 seconds, Stopping threads took: 0.0001280 seconds
294.974: Application time: 0.0255190 seconds
294.974: [GC294.974: [DefNew: 66112K->7296K(66112K), 0.0226090 secs] 196545K->150740K(212736K), 0.0226510 secs] [Times: user=0.02 sys=0.00, real=0.02 secs] 
294.997: Total time for which application threads were stopped: 0.0228620 seconds, Stopping threads took: 0.0001120 seconds
295.029: Application time: 0.0318670 seconds
295.029: [GC295.029: [DefNew: 66112K->7296K(66112K), 0.0442260 secs]295.073: [Tenured: 163486K->75699K(163520K), 0.1271550 secs] 209556K->75699K(229632K), [Perm : 8875K->8875K(21248K)], 0.1720090 secs] [Times: user=0.16 sys=0.01, real=0.17 secs] 
295.201: Total time for which application threads were stopped: 0.1722960 seconds, Stopping threads took: 0.0001930 seconds
295.238: Application time: 0.0374370 seconds
295.239: [GC295.239: [DefNew: 58816K->7296K(66112K), 0.0159690 secs] 134515K->86610K(212736K), 0.0160130 secs] [Times: user=0.02 sys=0.00, real=0.02 secs] 
295.255: Total time for which application threads were stopped: 0.0162640 seconds, Stopping threads took: 0.0001340 seconds
295.287: Application time: 0.0326440 seconds
295.288: [GC295.288: [DefNew: 66112K->7295K(66112K), 0.0214400 secs] 145426K->96844K(212736K), 0.0214830 secs] [Times: user=0.02 sys=0.00, real=0.02 secs] 
295.309: Total time for which application threads were stopped: 0.0216810 seconds, Stopping threads took: 0.0000980 seconds
295.339: Application time: 0.0296350 seconds
295.339: [GC295.339: [DefNew: 66111K->7295K(66112K), 0.0182200 secs] 155660K->102968K(212736K), 0.0182650 secs] [Times: user=0.01 sys=0.00, real=0.02 secs] 
295.357: Total time for which application threads were stopped: 0.0184670 seconds, Stopping threads took: 0.0001010 seconds
295.383: Application time: 0.0262660 seconds
295.384: [GC295.384: [DefNew: 66111K->1023K(66112K), 0.0075800 secs] 161784K->103412K(212736K), 0.0076260 secs] [Times: user=0.01 sys=0.00, real=0.01 secs] 
295.391: Total time for which application threads were stopped: 0.0079000 seconds, Stopping threads took: 0.0001730 seconds
295.416: Application time: 0.0243990 seconds
295.416: [GC295.416: [DefNew: 59839K->1099K(66112K), 0.0015040 secs] 162228K->103488K(212736K), 0.0015320 secs] [Times: user=0.01 sys=0.00, real=0.00 secs] 
295.417: Total time for which application threads were stopped: 0.0017060 seconds, Stopping threads took: 0.0000850 seconds
295.438: Application time: 0.0207100 seconds
295.438: [GC295.438: [DefNew: 59915K->1127K(66112K), 0.0018910 secs] 162304K->103515K(212736K), 0.0019240 secs] [Times: user=0.00 sys=0.00, real=0.00 secs] 
295.440: Total time for which application threads were stopped: 0.0021700 seconds, Stopping threads took: 0.0001560 seconds
295.460: Application time: 0.0200670 seconds
295.461: [GC295.461: [DefNew: 59943K->1177K(66112K), 0.0013810 secs] 162331K->103566K(212736K), 0.0014080 secs] [Times: user=0.00 sys=0.00, real=0.00 secs] 
295.462: Total time for which application threads were stopped: 0.0016240 seconds, Stopping threads took: 0.0001270 seconds
295.482: Application time: 0.0199030 seconds
295.482: [GC295.482: [DefNew: 59993K->1469K(66112K), 0.0016970 secs] 162382K->103858K(212736K), 0.0017260 secs] [Times: user=0.00 sys=0.00, real=0.00 secs] 
295.484: Total time for which application threads were stopped: 0.0020140 seconds, Stopping threads took: 0.0002000 seconds
295.503: Application time: 0.0192060 seconds
295.503: [GC295.503: [DefNew: 60285K->5708K(66112K), 0.0056710 secs] 162674K->108097K(212736K), 0.0057220 secs] [Times: user=0.00 sys=0.00, real=0.01 secs] 
295.509: Total time for which application threads were stopped: 0.0060030 seconds, Stopping threads took: 0.0001770 seconds
295.529: Application time: 0.0198250 seconds
295.529: [GC295.529: [DefNew: 64524K->7295K(66112K), 0.0146140 secs] 166913K->117237K(212736K), 0.0146580 secs] [Times: user=0.02 sys=0.00, real=0.01 secs] 
295.544: Total time for which application threads were stopped: 0.0150600 seconds, Stopping threads took: 0.0002810 seconds
295.566: Application time: 0.0219900 seconds
295.566: [GC295.566: [DefNew: 66111K->7296K(66112K), 0.0154450 secs] 176053K->124616K(212736K), 0.0154880 secs] [Times: user=0.02 sys=0.00, real=0.01 secs] 
295.582: Total time for which application threads were stopped: 0.0156920 seconds, Stopping threads took: 0.0001030 seconds
295.606: Application time: 0.0242600 seconds
295.606: [GC295.606: [DefNew: 66112K->4216K(66112K), 0.0126060 secs] 183432K->128069K(212736K), 0.0126500 secs] [Times: user=0.01 sys=0.00, real=0.01 secs] 
295.619: Total time for which application threads were stopped: 0.0129460 seconds, Stopping threads took: 0.0001740 seconds
295.647: Application time: 0.0279990 seconds
295.647: [GC295.647: [DefNew: 63032K->7295K(66112K), 0.0293730 secs] 186885K->149219K(212736K), 0.0294160 secs] [Times: user=0.03 sys=0.00, real=0.03 secs] 
295.677: Total time for which application threads were stopped: 0.0296330 seconds, Stopping threads took: 0.0001190 seconds
295.713: Application time: 0.0365350 seconds
295.713: [GC295.713: [DefNew: 66111K->7296K(66112K), 0.0336380 secs]295.747: [Tenured: 156629K->77504K(156800K), 0.1309330 secs] 208035K->77504K(222912K), [Perm : 8875K->8875K(21248K)], 0.1649450 secs] [Times: user=0.16 sys=0.00, real=0.16 secs] 
295.878: Total time for which application threads were stopped: 0.1652220 seconds, Stopping threads took: 0.0001600 seconds
295.914: Application time: 0.0353910 seconds
295.917: [GC295.917: [DefNew: 58816K->7067K(66112K), 0.0089620 secs] 136320K->84572K(212736K), 0.0090060 secs] [Times: user=0.01 sys=0.00, real=0.01 secs] 
295.926: Total time for which application threads were stopped: 0.0120270 seconds, Stopping threads took: 0.0028920 seconds
295.956: Application time: 0.0305680 seconds
295.957: [GC295.957: [DefNew: 65883K->7296K(66112K), 0.0159770 secs] 143388K->91592K(212736K), 0.0160200 secs] [Times: user=0.02 sys=0.00, real=0.02 secs] 
295.973: Total time for which application threads were stopped: 0.0165060 seconds, Stopping threads took: 0.0003680 seconds
296.001: Application time: 0.0279350 seconds
296.001: [GC296.001: [DefNew: 66112K->4669K(66112K), 0.0142360 secs] 150408K->95888K(212736K), 0.0142800 secs] [Times: user=0.02 sys=0.00, real=0.02 secs] 
296.015: Total time for which application threads were stopped: 0.0146000 seconds, Stopping threads took: 0.0002160 seconds
296.041: Application time: 0.0252520 seconds
296.041: [GC296.041: [DefNew: 63485K->588K(66112K), 0.0045960 secs] 154704K->95883K(212736K), 0.0046340 secs] [Times: user=0.00 sys=0.00, real=0.01 secs] 
296.046: Total time for which application threads were stopped: 0.0050080 seconds, Stopping threads took: 0.0002540 seconds
296.069: Application time: 0.0228850 seconds
296.069: [GC296.069: [DefNew: 59404K->723K(66112K), 0.0015570 secs] 154699K->96017K(212736K), 0.0015870 secs] [Times: user=0.00 sys=0.00, real=0.00 secs] 
296.071: Total time for which application threads were stopped: 0.0020150 seconds, Stopping threads took: 0.0003210 seconds
296.091: Application time: 0.0204380 seconds
296.091: [GC296.091: [DefNew: 59539K->756K(66112K), 0.0011490 secs] 154833K->96051K(212736K), 0.0011800 secs] [Times: user=0.00 sys=0.00, real=0.00 secs] 
296.092: Total time for which application threads were stopped: 0.0014000 seconds, Stopping threads took: 0.0001280 seconds
296.112: Application time: 0.0199490 seconds
296.113: [GC296.113: [DefNew: 59572K->742K(66112K), 0.0011580 secs] 154867K->96037K(212736K), 0.0011960 secs] [Times: user=0.01 sys=0.00, real=0.00 secs] 
296.114: Total time for which application threads were stopped: 0.0014730 seconds, Stopping threads took: 0.0001880 seconds
296.134: Application time: 0.0200320 seconds
296.134: [GC296.134: [DefNew: 59558K->4515K(66112K), 0.0044360 secs] 154853K->99810K(212736K), 0.0044720 secs] [Times: user=0.00 sys=0.00, real=0.00 secs] 
296.139: Total time for which application threads were stopped: 0.0046880 seconds, Stopping threads took: 0.0001220 seconds
296.158: Application time: 0.0192270 seconds
296.158: [GC296.158: [DefNew: 63331K->7296K(66112K), 0.0112350 secs] 158626K->107484K(212736K), 0.0112820 secs] [Times: user=0.02 sys=0.00, real=0.01 secs] 
296.169: Total time for which application threads were stopped: 0.0114680 seconds, Stopping threads took: 0.0000860 seconds
296.191: Application time: 0.0215330 seconds
296.191: [GC296.191: [DefNew: 66112K->7161K(66112K), 0.0141980 secs] 166300K->113461K(212736K), 0.0142420 secs] [Times: user=0.01 sys=0.00, real=0.02 secs] 
296.205: Total time for which application threads were stopped: 0.0145800 seconds, Stopping threads took: 0.0002380 seconds
296.230: Application time: 0.0243310 seconds
296.230: [GC296.230: [DefNew: 65977K->7295K(66112K), 0.0140680 secs] 172277K->120639K(212736K), 0.0141140 secs] [Times: user=0.01 sys=0.00, real=0.01 secs] 
296.244: Total time for which application threads were stopped: 0.0143350 seconds, Stopping threads took: 0.0001220 seconds
296.269: Application time: 0.0246910 seconds
296.269: [GC296.269: [DefNew: 66111K->7296K(66112K), 0.0165500 secs] 179455K->132042K(212736K), 0.0165890 secs] [Times: user=0.02 sys=0.00, real=0.02 secs] 
296.286: Total time for which application threads were stopped: 0.0167830 seconds, Stopping threads took: 0.0000980 seconds
296.317: Application time: 0.0312000 seconds
296.317: [GC296.317: [DefNew: 66112K->7295K(66112K), 0.0405930 secs]296.358: [Tenured: 146976K->75409K(147008K), 0.1395480 secs] 190858K->75409K(213120K), [Perm : 8875K->8875K(21248K)], 0.1802400 secs] [Times: user=0.18 sys=0.00, real=0.18 secs] 
296.497: Total time for which application threads were stopped: 0.1804330 seconds, Stopping threads took: 0.0000930 seconds
296.535: Application time: 0.0374250 seconds
296.535: [GC296.535: [DefNew: 58816K->7295K(66112K), 0.0180180 secs] 134225K->88297K(212736K), 0.0180640 secs] [Times: user=0.02 sys=0.00, real=0.02 secs] 
296.553: Total time for which application threads were stopped: 0.0183970 seconds, Stopping threads took: 0.0002030 seconds
296.585: Application time: 0.0323530 seconds
296.586: [GC296.586: [DefNew: 66111K->7295K(66112K), 0.0223650 secs] 147113K->97686K(212736K), 0.0224100 secs] [Times: user=0.03 sys=0.00, real=0.02 secs] 
296.608: Total time for which application threads were stopped: 0.0227110 seconds, Stopping threads took: 0.0001800 seconds
296.638: Application time: 0.0297660 seconds
296.638: [GC296.638: [DefNew: 66111K->7295K(66112K), 0.0221460 secs] 156502K->106491K(212736K), 0.0221890 secs] [Times: user=0.03 sys=0.00, real=0.02 secs] 
296.660: Total time for which application threads were stopped: 0.0225600 seconds, Stopping threads took: 0.0002510 seconds
296.687: Application time: 0.0265720 seconds
296.687: [GC296.687: [DefNew: 66111K->2448K(66112K), 0.0114620 secs] 165307K->108728K(212736K), 0.0115240 secs] [Times: user=0.02 sys=0.00, real=0.01 secs] 
296.699: Total time for which application threads were stopped: 0.0118170 seconds, Stopping threads took: 0.0001370 seconds
296.725: Application time: 0.0259680 seconds
296.725: [GC296.725: [DefNew: 61264K->2579K(66112K), 0.0026880 secs] 167544K->108859K(212736K), 0.0027210 secs] [Times: user=0.00 sys=0.00, real=0.00 secs] 
296.728: Total time for which application threads were stopped: 0.0029780 seconds, Stopping threads took: 0.0001660 seconds
296.749: Application time: 0.0209570 seconds
296.749: [GC296.749: [DefNew: 61395K->2612K(66112K), 0.0022670 secs] 167675K->108892K(212736K), 0.0023010 secs] [Times: user=0.00 sys=0.00, real=0.00 secs] 
296.751: Total time for which application threads were stopped: 0.0025650 seconds, Stopping threads took: 0.0001690 seconds
296.771: Application time: 0.0199380 seconds
296.771: [GC296.771: [DefNew: 61428K->2626K(66112K), 0.0025110 secs] 167708K->108906K(212736K), 0.0025560 secs] [Times: user=0.00 sys=0.00, real=0.01 secs] 
296.774: Total time for which application threads were stopped: 0.0027860 seconds, Stopping threads took: 0.0001360 seconds
296.794: Application time: 0.0196150 seconds
296.794: [GC296.794: [DefNew: 61442K->2580K(66112K), 0.0027010 secs] 167722K->108859K(212736K), 0.0027360 secs] [Times: user=0.00 sys=0.00, real=0.00 secs] 
296.797: Total time for which application threads were stopped: 0.0030800 seconds, Stopping threads took: 0.0002320 seconds
296.816: Application time: 0.0195520 seconds
296.816: [GC296.816: [DefNew: 61396K->7295K(66112K), 0.0061110 secs] 167675K->113629K(212736K), 0.0061530 secs] [Times: user=0.00 sys=0.00, real=0.00 secs] 
296.823: Total time for which application threads were stopped: 0.0063950 seconds, Stopping threads took: 0.0001380 seconds
296.843: Application time: 0.0198640 seconds
296.843: [GC296.843: [DefNew: 66111K->7296K(66112K), 0.0160510 secs] 172445K->123129K(212736K), 0.0160970 secs] [Times: user=0.02 sys=0.00, real=0.02 secs] 
296.859: Total time for which application threads were stopped: 0.0162940 seconds, Stopping threads took: 0.0000960 seconds
296.881: Application time: 0.0226700 seconds
296.882: [GC296.882: [DefNew: 66112K->7295K(66112K), 0.0163280 secs] 181945K->130987K(212736K), 0.0163730 secs] [Times: user=0.02 sys=0.00, real=0.02 secs] 
296.898: Total time for which application threads were stopped: 0.0165700 seconds, Stopping threads took: 0.0000970 seconds
296.922: Application time: 0.0242500 seconds
296.923: [GC296.923: [DefNew: 66111K->3919K(66112K), 0.0131160 secs] 189803K->134305K(212736K), 0.0131610 secs] [Times: user=0.01 sys=0.00, real=0.02 secs] 
296.936: Total time for which application threads were stopped: 0.0135480 seconds, Stopping threads took: 0.0002660 seconds
296.963: Application time: 0.0267760 seconds
296.963: [GC296.963: [DefNew: 62735K->7296K(66112K), 0.0262650 secs] 193121K->152627K(212736K), 0.0263120 secs] [Times: user=0.02 sys=0.00, real=0.03 secs] 
296.989: Total time for which application threads were stopped: 0.0266180 seconds, Stopping threads took: 0.0001860 seconds
297.024: Application time: 0.0351660 seconds
297.025: [GC297.025: [DefNew: 66112K->7296K(66112K), 0.0387020 secs]297.064: [Tenured: 162848K->76786K(162944K), 0.1308560 secs] 211443K->76786K(229056K), [Perm : 8875K->8875K(21248K)], 0.1701630 secs] [Times: user=0.16 sys=0.01, real=0.17 secs] 
297.195: Total time for which application threads were stopped: 0.1705850 seconds, Stopping threads took: 0.0003230 seconds
297.231: Application time: 0.0355530 seconds
297.231: [GC297.231: [DefNew: 58816K->6387K(66112K), 0.0078000 secs] 135602K->83174K(212736K), 0.0078450 secs] [Times: user=0.01 sys=0.00, real=0.01 secs] 
297.239: Total time for which application threads were stopped: 0.0081610 seconds, Stopping threads took: 0.0001850 seconds
297.269: Application time: 0.0300810 seconds
297.269: [GC297.269: [DefNew: 65203K->7296K(66112K), 0.0192090 secs] 141990K->90076K(212736K), 0.0192560 secs] [Times: user=0.02 sys=0.00, real=0.02 secs] 
297.288: Total time for which application threads were stopped: 0.0196020 seconds, Stopping threads took: 0.0002260 seconds
297.316: Application time: 0.0276710 seconds
297.316: [GC297.316: [DefNew: 66112K->7295K(66112K), 0.0210680 secs] 148892K->97383K(212736K), 0.0211120 secs] [Times: user=0.02 sys=0.00, real=0.02 secs] 
297.338: Total time for which application threads were stopped: 0.0214630 seconds, Stopping threads took: 0.0002330 seconds
297.362: Application time: 0.0248840 seconds
297.363: [GC297.363: [DefNew: 66111K->566K(66112K), 0.0067820 secs] 156199K->97467K(212736K), 0.0068270 secs] [Times: user=0.00 sys=0.00, real=0.01 secs] 
297.370: Total time for which application threads were stopped: 0.0071940 seconds, Stopping threads took: 0.0002440 seconds
297.393: Application time: 0.0233280 seconds
297.393: [GC297.393: [DefNew: 59382K->709K(66112K), 0.0015370 secs] 156283K->97610K(212736K), 0.0015720 secs] [Times: user=0.00 sys=0.00, real=0.00 secs] 
297.395: Total time for which application threads were stopped: 0.0018320 seconds, Stopping threads took: 0.0001540 seconds
297.415: Application time: 0.0201430 seconds
297.415: [GC297.415: [DefNew: 59525K->779K(66112K), 0.0011170 secs] 156426K->97680K(212736K), 0.0011460 secs] [Times: user=0.00 sys=0.00, real=0.00 secs] 
297.416: Total time for which application threads were stopped: 0.0014130 seconds, Stopping threads took: 0.0001790 seconds
297.436: Application time: 0.0196870 seconds
297.436: [GC297.436: [DefNew: 59595K->767K(66112K), 0.0010890 secs] 156496K->97668K(212736K), 0.0011170 secs] [Times: user=0.00 sys=0.00, real=0.00 secs] 
297.437: Total time for which application threads were stopped: 0.0013110 seconds, Stopping threads took: 0.0001050 seconds
297.458: Application time: 0.0201950 seconds
297.458: [GC297.458: [DefNew: 59583K->4691K(66112K), 0.0038830 secs] 156484K->101593K(212736K), 0.0039240 secs] [Times: user=0.01 sys=0.00, real=0.00 secs] 
297.462: Total time for which application threads were stopped: 0.0041210 seconds, Stopping threads took: 0.0000970 seconds
297.481: Application time: 0.0197480 seconds
297.482: [GC297.482: [DefNew: 63507K->7296K(66112K), 0.0107910 secs] 160409K->108912K(212736K), 0.0108360 secs] [Times: user=0.01 sys=0.00, real=0.02 secs] 
297.492: Total time for which application threads were stopped: 0.0110510 seconds, Stopping threads took: 0.0001020 seconds
297.514: Application time: 0.0216160 seconds
297.514: [GC297.514: [DefNew: 66112K->7295K(66112K), 0.0146210 secs] 167728K->117215K(212736K), 0.0146640 secs] [Times: user=0.01 sys=0.00, real=0.01 secs] 
297.529: Total time for which application threads were stopped: 0.0148480 seconds, Stopping threads took: 0.0000820 seconds
297.553: Application time: 0.0236960 seconds
297.553: [GC297.553: [DefNew: 66111K->5956K(66112K), 0.0142430 secs] 176031K->122163K(212736K), 0.0142860 secs] [Times: user=0.01 sys=0.00, real=0.01 secs] 
297.567: Total time for which application threads were stopped: 0.0145090 seconds, Stopping threads took: 0.0001240 seconds
297.591: Application time: 0.0242360 seconds
297.592: [GC297.592: [DefNew: 64772K->7295K(66112K), 0.0111700 secs] 180979K->129181K(212736K), 0.0112130 secs] [Times: user=0.02 sys=0.00, real=0.01 secs] 
297.603: Total time for which application threads were stopped: 0.0113970 seconds, Stopping threads took: 0.0000810 seconds
297.632: Application time: 0.0292010 seconds
297.632: [GC297.632: [DefNew: 66111K->7295K(66112K), 0.0386160 secs] 187997K->153133K(212736K), 0.0386580 secs] [Times: user=0.04 sys=0.00, real=0.04 secs] 
297.671: Total time for which application threads were stopped: 0.0388640 seconds, Stopping threads took: 0.0001080 seconds
297.708: Application time: 0.0373720 seconds
297.708: [GC297.708: [DefNew: 66111K->7296K(66112K), 0.0278020 secs]297.736: [Tenured: 157954K->77333K(158144K), 0.1201780 secs] 211949K->77333K(224256K), [Perm : 8875K->8875K(21248K)], 0.1484020 secs] [Times: user=0.14 sys=0.01, real=0.15 secs] 
297.857: Total time for which application threads were stopped: 0.1485870 seconds, Stopping threads took: 0.0000860 seconds
297.889: Application time: 0.0318650 seconds
297.889: [GC297.889: [DefNew: 58816K->7296K(66112K), 0.0103730 secs] 136149K->85221K(212736K), 0.0104160 secs] [Times: user=0.01 sys=0.00, real=0.01 secs] 
297.899: Total time for which application threads were stopped: 0.0106950 seconds, Stopping threads took: 0.0001640 seconds
297.928: Application time: 0.0286230 seconds
297.928: [GC297.928: [DefNew: 66112K->7295K(66112K), 0.0172050 secs] 144037K->91600K(212736K), 0.0172490 secs] [Times: user=0.02 sys=0.00, real=0.02 secs] 
297.946: Total time for which application threads were stopped: 0.0175300 seconds, Stopping threads took: 0.0001800 seconds
297.972: Application time: 0.0265370 seconds
297.972: [GC297.972: [DefNew: 66111K->3269K(66112K), 0.0095870 secs] 150416K->94293K(212736K), 0.0096410 secs] [Times: user=0.01 sys=0.00, real=0.01 secs] 
297.982: Total time for which application threads were stopped: 0.0098870 seconds, Stopping threads took: 0.0001230 seconds
298.006: Application time: 0.0243140 seconds
298.007: [GC298.007: [DefNew: 62085K->3354K(66112K), 0.0035720 secs] 153109K->94378K(212736K), 0.0036090 secs] [Times: user=0.01 sys=0.00, real=0.00 secs] 
298.010: Total time for which application threads were stopped: 0.0039440 seconds, Stopping threads took: 0.0002190 seconds
298.032: Application time: 0.0218810 seconds
298.032: [GC298.032: [DefNew: 62170K->3418K(66112K), 0.0036590 secs] 153194K->94443K(212736K), 0.0036960 secs] [Times: user=0.01 sys=0.00, real=0.01 secs] 
298.036: Total time for which application threads were stopped: 0.0039450 seconds, Stopping threads took: 0.0001320 seconds
298.056: Application time: 0.0197420 seconds
298.056: [GC298.056: [DefNew: 62234K->3438K(66112K), 0.0032230 secs] 153259K->94462K(212736K), 0.0032590 secs] [Times: user=0.01 sys=0.00, real=0.00 secs] 
298.059: Total time for which application threads were stopped: 0.0035570 seconds, Stopping threads took: 0.0001830 seconds
298.079: Application time: 0.0201140 seconds
298.080: [GC298.080: [DefNew: 62254K->7177K(66112K), 0.0062760 secs] 153278K->98201K(212736K), 0.0063170 secs] [Times: user=0.00 sys=0.00, real=0.01 secs] 
298.086: Total time for which application threads were stopped: 0.0065910 seconds, Stopping threads took: 0.0001720 seconds
298.106: Application time: 0.0203460 seconds
298.107: [GC298.107: [DefNew: 65993K->4465K(66112K), 0.0093590 secs] 157017K->101919K(212736K), 0.0094040 secs] [Times: user=0.01 sys=0.00, real=0.01 secs] 
298.116: Total time for which application threads were stopped: 0.0098190 seconds, Stopping threads took: 0.0003090 seconds
298.137: Application time: 0.0212480 seconds
298.138: [GC298.138: [DefNew: 63281K->7296K(66112K), 0.0117340 secs] 160735K->110312K(212736K), 0.0117780 secs] [Times: user=0.01 sys=0.00, real=0.01 secs] 
298.150: Total time for which application threads were stopped: 0.0120800 seconds, Stopping threads took: 0.0001890 seconds
298.172: Application time: 0.0225630 seconds
298.172: [GC298.172: [DefNew: 66112K->7296K(66112K), 0.0150050 secs] 169128K->118229K(212736K), 0.0150480 secs] [Times: user=0.01 sys=0.00, real=0.02 secs] 
298.187: Total time for which application threads were stopped: 0.0152820 seconds, Stopping threads took: 0.0001340 seconds
298.211: Application time: 0.0235620 seconds
298.211: [GC298.211: [DefNew: 66112K->6137K(66112K), 0.0118810 secs] 177045K->122465K(212736K), 0.0119290 secs] [Times: user=0.01 sys=0.00, real=0.01 secs] 
298.223: Total time for which application threads were stopped: 0.0121710 seconds, Stopping threads took: 0.0001400 seconds
298.249: Application time: 0.0253380 seconds
298.249: [GC298.249: [DefNew: 64953K->7296K(66112K), 0.0202390 secs] 181281K->136402K(212736K), 0.0202820 secs] [Times: user=0.02 sys=0.00, real=0.02 secs] 
298.269: Total time for which application threads were stopped: 0.0205350 seconds, Stopping threads took: 0.0001540 seconds
298.303: Application time: 0.0335240 seconds
298.303: [GC298.303: [DefNew: 66112K->7295K(66112K), 0.0312410 secs] 195218K->153780K(212736K), 0.0312860 secs] [Times: user=0.04 sys=0.00, real=0.04 secs] 
298.334: Total time for which application threads were stopped: 0.0315370 seconds, Stopping threads took: 0.0001540 seconds
298.369: Application time: 0.0353530 seconds
298.370: [GC298.370: [DefNew: 66111K->6821K(66112K), 0.0194780 secs]298.389: [Tenured: 153557K->77561K(153728K), 0.1229140 secs] 212596K->77561K(219840K), [Perm : 8875K->8875K(21248K)], 0.1426930 secs] [Times: user=0.14 sys=0.00, real=0.14 secs] 
298.512: Total time for which application threads were stopped: 0.1429060 seconds, Stopping threads took: 0.0001100 seconds
298.542: Application time: 0.0296370 seconds
298.542: [GC298.542: [DefNew: 58816K->7295K(66112K), 0.0154770 secs] 136377K->89011K(212736K), 0.0155220 secs] [Times: user=0.01 sys=0.00, real=0.02 secs] 
298.558: Total time for which application threads were stopped: 0.0158490 seconds, Stopping threads took: 0.0001950 seconds
298.586: Application time: 0.0279690 seconds
298.586: [GC298.586: [DefNew: 66111K->7257K(66112K), 0.0160740 secs] 147827K->95207K(212736K), 0.0161200 secs] [Times: user=0.01 sys=0.00, real=0.01 secs] 
298.602: Total time for which application threads were stopped: 0.0163560 seconds, Stopping threads took: 0.0001170 seconds
298.627: Application time: 0.0250920 seconds
298.628: [GC298.628: [DefNew: 66073K->1228K(66112K), 0.0073260 secs] 154023K->95833K(212736K), 0.0073700 secs] [Times: user=0.01 sys=0.00, real=0.01 secs] 
298.635: Total time for which application threads were stopped: 0.0076330 seconds, Stopping threads took: 0.0001390 seconds
298.658: Application time: 0.0234580 seconds
298.659: [GC298.659: [DefNew: 60044K->1220K(66112K), 0.0019190 secs] 154649K->95825K(212736K), 0.0019470 secs] [Times: user=0.00 sys=0.00, real=0.00 secs] 
298.661: Total time for which application threads were stopped: 0.0021890 seconds, Stopping threads took: 0.0001350 seconds
298.681: Application time: 0.0207220 seconds
298.682: [GC298.682: [DefNew: 60036K->1274K(66112K), 0.0019340 secs] 154641K->95879K(212736K), 0.0019660 secs] [Times: user=0.00 sys=0.00, real=0.00 secs] 
298.684: Total time for which application threads were stopped: 0.0022080 seconds, Stopping threads took: 0.0001520 seconds
298.703: Application time: 0.0197740 seconds
298.704: [GC298.704: [DefNew: 60090K->3177K(66112K), 0.0028870 secs] 154695K->97782K(212736K), 0.0029230 secs] [Times: user=0.00 sys=0.00, real=0.01 secs] 
298.706: Total time for which application threads were stopped: 0.0031940 seconds, Stopping threads took: 0.0001800 seconds
298.727: Application time: 0.0206350 seconds
298.727: [GC298.727: [DefNew: 61993K->6380K(66112K), 0.0069250 secs] 156598K->100986K(212736K), 0.0069670 secs] [Times: user=0.00 sys=0.00, real=0.01 secs] 
298.734: Total time for which application threads were stopped: 0.0072210 seconds, Stopping threads took: 0.0001570 seconds
298.756: Application time: 0.0212940 seconds
298.756: [GC298.756: [DefNew: 65196K->7295K(66112K), 0.0142870 secs] 159802K->110559K(212736K), 0.0143300 secs] [Times: user=0.02 sys=0.00, real=0.01 secs] 
298.770: Total time for which application threads were stopped: 0.0145170 seconds, Stopping threads took: 0.0000840 seconds
298.792: Application time: 0.0215940 seconds
298.792: [GC298.792: [DefNew: 66111K->7088K(66112K), 0.0135190 secs] 169375K->116449K(212736K), 0.0135630 secs] [Times: user=0.01 sys=0.00, real=0.02 secs] 
298.806: Total time for which application threads were stopped: 0.0137820 seconds, Stopping threads took: 0.0001170 seconds
298.829: Application time: 0.0235190 seconds
298.829: [GC298.829: [DefNew: 65904K->5952K(66112K), 0.0116100 secs] 175265K->121051K(212736K), 0.0116530 secs] [Times: user=0.01 sys=0.00, real=0.01 secs] 
298.841: Total time for which application threads were stopped: 0.0118930 seconds, Stopping threads took: 0.0001190 seconds
298.865: Application time: 0.0238020 seconds
298.865: [GC298.865: [DefNew: 64768K->5221K(66112K), 0.0094690 secs] 179867K->124499K(212736K), 0.0095180 secs] [Times: user=0.01 sys=0.00, real=0.01 secs] 
298.875: Total time for which application threads were stopped: 0.0097920 seconds, Stopping threads took: 0.0001550 seconds
298.903: Application time: 0.0282500 seconds
298.903: [GC298.903: [DefNew: 64037K->7295K(66112K), 0.0362080 secs] 183315K->147868K(212736K), 0.0362530 secs] [Times: user=0.03 sys=0.00, real=0.04 secs] 
298.939: Total time for which application threads were stopped: 0.0364420 seconds, Stopping threads took: 0.0000900 seconds
298.975: Application time: 0.0360320 seconds
298.975: [GC298.976: [DefNew: 66111K->7295K(66112K), 0.0280360 secs]299.004: [Tenured: 151551K->81490K(151616K), 0.1274610 secs] 206684K->81490K(217728K), [Perm : 8875K->8875K(21248K)], 0.1557730 secs] [Times: user=0.16 sys=0.00, real=0.15 secs] 
299.131: Total time for which application threads were stopped: 0.1560050 seconds, Stopping threads took: 0.0001160 seconds
299.163: Application time: 0.0318060 seconds
299.163: [GC299.163: [DefNew: 58816K->6174K(66112K), 0.0080360 secs] 140306K->87665K(212736K), 0.0080900 secs] [Times: user=0.01 sys=0.00, real=0.01 secs] 
299.172: Total time for which application threads were stopped: 0.0084170 seconds, Stopping threads took: 0.0002000 seconds
299.199: Application time: 0.0277530 seconds
299.200: [GC299.200: [DefNew: 64990K->7295K(66112K), 0.0112660 secs] 146481K->93000K(212736K), 0.0113100 secs] [Times: user=0.01 sys=0.00, real=0.01 secs] 
299.211: Total time for which application threads were stopped: 0.0117760 seconds, Stopping threads took: 0.0003440 seconds
299.238: Application time: 0.0273370 seconds
299.239: [GC299.239: [DefNew: 66111K->5668K(66112K), 0.0131750 secs] 151816K->98066K(212736K), 0.0132190 secs] [Times: user=0.01 sys=0.00, real=0.01 secs] 
299.252: Total time for which application threads were stopped: 0.0134740 seconds, Stopping threads took: 0.0001530 seconds
299.276: Application time: 0.0240210 seconds
